Archive member included to satisfy reference by file (symbol)

/cygdrive/d/Users/Alex/Desktop/Toolchain/Output/bin/../lib/gcc/i386-banana/8.1.0/libgcc.a(_fixunsdfsi.o)
                              hal/intctrl.32 (__fixunsdfsi)
/cygdrive/d/Users/Alex/Desktop/Toolchain/Output/bin/../lib/gcc/i386-banana/8.1.0/libgcc.a(_fixdfdi.o)
                              hal/intctrl.32 (__fixdfdi)
/cygdrive/d/Users/Alex/Desktop/Toolchain/Output/bin/../lib/gcc/i386-banana/8.1.0/libgcc.a(_fixunsdfdi.o)
                              hal/intctrl.32 (__fixunsdfdi)
/cygdrive/d/Users/Alex/Desktop/Toolchain/Output/bin/../lib/gcc/i386-banana/8.1.0/libgcc.a(_floatdidf.o)
                              hal/intctrl.32 (__floatdidf)
/cygdrive/d/Users/Alex/Desktop/Toolchain/Output/bin/../lib/gcc/i386-banana/8.1.0/libgcc.a(_floatundidf.o)
                              hal/intctrl.32 (__floatundidf)
/cygdrive/d/Users/Alex/Desktop/Toolchain/Output/bin/../lib/gcc/i386-banana/8.1.0/libgcc.a(_divdi3.o)
                              fs/fat/ff.32 (__divdi3)
/cygdrive/d/Users/Alex/Desktop/Toolchain/Output/bin/../lib/gcc/i386-banana/8.1.0/libgcc.a(_moddi3.o)
                              thr/elf.32 (__moddi3)
/cygdrive/d/Users/Alex/Desktop/Toolchain/Output/bin/../lib/gcc/i386-banana/8.1.0/libgcc.a(_udivdi3.o)
                              fs/fat/ff.32 (__udivdi3)
/cygdrive/d/Users/Alex/Desktop/Toolchain/Output/bin/../lib/gcc/i386-banana/8.1.0/libgcc.a(_umoddi3.o)
                              core/pipe.32 (__umoddi3)
D:/Users/Alex/Desktop/Banana/kernel/libsoftfp.a(sfieeelib.o)
                              hal/sound/sndhw.32 (__addsf3)
D:/Users/Alex/Desktop/Banana/kernel/libsoftfp.a(dfieeelib.o)
                              hal/libresample/src_linear.32 (__adddf3)
D:/Users/Alex/Desktop/Banana/kernel/libsoftfp.a(sfdfcvt.o)
                              hal/libresample/samplerate.32 (__truncdfsf2)
D:/Users/Alex/Desktop/Banana/kernel/libk/libm32.a(s_fabs.c.o)
                              hal/libresample/samplerate.32 (fabs)
D:/Users/Alex/Desktop/Banana/kernel/libk/libm32.a(s_lrint.S.o)
                              hal/libresample/samplerate.32 (lrint)
D:/Users/Alex/Desktop/Banana/kernel/libk/libm32.a(s_lrintf.S.o)
                              hal/sound/sndhw.32 (lrintf)

Discarded input sections

 .comment       0x0000000000000000       0x12 /cygdrive/d/Users/Alex/Desktop/Toolchain/Output/bin/../lib/gcc/i386-banana/8.1.0/crtbegin.o
 .comment       0x0000000000000000       0x12 acpica/utclib.32
 .comment       0x0000000000000000       0x12 core/malloc.32
 .comment       0x0000000000000000       0x12 libk/string.32
 .comment       0x0000000000000000       0x12 fs/fat/diskio.32
 .comment       0x0000000000000000       0x12 fs/fat/ff.32
 .comment       0x0000000000000000       0x12 fs/fat/ffsystem.32
 .comment       0x0000000000000000       0x12 fs/fat/ffunicode.32
 .comment       0x0000000000000000       0x12 hal/libresample/samplerate.32
 .comment       0x0000000000000000       0x12 hal/libresample/src_linear.32
 .comment       0x0000000000000000       0x12 hal/libresample/src_sinc.32
 .comment       0x0000000000000000       0x12 hal/libresample/src_zoh.32
 .group         0x0000000000000000       0x14 core/computer.32
 .group         0x0000000000000000        0xc core/computer.32
 .comment       0x0000000000000000       0x12 core/computer.32
 .comment       0x0000000000000000       0x12 core/gdt.32
 .group         0x0000000000000000        0xc core/idle.32
 .comment       0x0000000000000000       0x12 core/idle.32
 .comment       0x0000000000000000       0x12 core/idt.32
 .group         0x0000000000000000        0x8 core/kheap.32
 .group         0x0000000000000000        0x8 core/kheap.32
 .comment       0x0000000000000000       0x12 core/kheap.32
 .comment       0x0000000000000000       0x12 core/main.32
 .comment       0x0000000000000000       0x12 core/physmgr.32
 .group         0x0000000000000000        0xc core/pipe.32
 .comment       0x0000000000000000       0x12 core/pipe.32
 .group         0x0000000000000000        0xc core/terminal.32
 .comment       0x0000000000000000       0x12 core/terminal.32
 .group         0x0000000000000000        0x8 core/tss.32
 .text._ZN3CPU7readCR3Ev
                0x0000000000000000       0x12 core/tss.32
 .comment       0x0000000000000000       0x12 core/tss.32
 .group         0x0000000000000000        0x8 core/unixfile.32
 .group         0x0000000000000000        0xc core/unixfile.32
 .group         0x0000000000000000        0xc core/unixfile.32
 .group         0x0000000000000000        0x8 core/unixfile.32
 .group         0x0000000000000000        0xc core/unixfile.32
 .group         0x0000000000000000        0x8 core/unixfile.32
 .group         0x0000000000000000        0xc core/unixfile.32
 .group         0x0000000000000000        0xc core/unixfile.32
 .comment       0x0000000000000000       0x12 core/unixfile.32
 .group         0x0000000000000000        0x8 core/virtmgr.32
[...]
Memory Configuration

Name             Origin             Length             Attributes
*default*        0x0000000000000000 0xffffffffffffffff

Linker script and memory map

LOAD D:/Users/Alex/Desktop/Banana/kernel/boot.32
LOAD crti.32
LOAD /cygdrive/d/Users/Alex/Desktop/Toolchain/Output/bin/../lib/gcc/i386-banana/8.1.0/crtbegin.o
LOAD D:/Users/Alex/Desktop/Banana/kernel/morenasm.32
LOAD acpica/utclib.32
LOAD core/malloc.32
LOAD libk/string.32
LOAD fs/fat/diskio.32
LOAD fs/fat/ff.32
LOAD fs/fat/ffsystem.32
LOAD fs/fat/ffunicode.32
LOAD hal/libresample/samplerate.32
LOAD hal/libresample/src_linear.32
LOAD hal/libresample/src_sinc.32
LOAD hal/libresample/src_zoh.32
LOAD core/computer.32
LOAD core/gdt.32
LOAD core/idle.32
LOAD core/idt.32
LOAD core/kheap.32
LOAD core/main.32
LOAD core/physmgr.32
LOAD core/pipe.32
LOAD core/terminal.32
LOAD core/tss.32
LOAD core/unixfile.32
LOAD core/virtmgr.32
LOAD coreobjs/c++.32
LOAD dbg/kconsole.32
LOAD fs/vfs.32
LOAD hal/bus.32
LOAD hal/buzzer.32
LOAD hal/clock.32
LOAD hal/device.32
LOAD hal/diskctrl.32
LOAD hal/diskphys.32
LOAD hal/fpu.32
LOAD hal/intctrl.32
LOAD hal/keybrd.32
LOAD hal/logidisk.32
LOAD hal/mouse.32
LOAD hal/partition.32
LOAD hal/timer.32
LOAD hal/vcache.32
LOAD hal/video.32
LOAD hw/acpi.32
LOAD hw/cpu.32
LOAD hw/ports.32
LOAD krnl/panic.32
LOAD reg/registry.32
LOAD sys/sc_exit.32
LOAD sys/sc_loaddll.32
LOAD sys/sc_read.32
LOAD sys/sc_sbrk.32
LOAD sys/sc_write.32
LOAD sys/sc_yield.32
LOAD sys/syscalls.32
LOAD thr/elf.32
LOAD thr/prcssthr.32
LOAD vm86/vm8086.32
LOAD fs/fat/vfslink.32
LOAD fs/iso9660/vfslink.32
LOAD hal/sound/sndchannel.32
LOAD hal/sound/sndhw.32
LOAD hw/bus/isa.32
LOAD hw/bus/pci.32
LOAD hw/diskctrl/ide.32
LOAD hw/diskphys/ata.32
LOAD hw/diskphys/atapi.32
LOAD hw/fpu/avx.32
LOAD hw/fpu/mmx.32
LOAD hw/fpu/sse.32
LOAD hw/fpu/x87.32
LOAD hw/intctrl/apic.32
LOAD hw/intctrl/pic.32
LOAD hw/timer/apictimer.32
LOAD hw/timer/pit.32
LOAD hw/fpu/x86/avx.32
LOAD hw/fpu/x86/sse.32
LOAD hw/fpu/x86/x87.32
LOAD /cygdrive/d/Users/Alex/Desktop/Toolchain/Output/bin/../lib/gcc/i386-banana/8.1.0/crtend.o
LOAD crtn.32
LOAD /cygdrive/d/Users/Alex/Desktop/Toolchain/Output/bin/../lib/gcc/i386-banana/8.1.0/libgcc.a
LOAD D:/Users/Alex/Desktop/Banana/kernel/libsoftfp.a
LOAD D:/Users/Alex/Desktop/Banana/kernel/libk/libm32.a
                0x00000000c0000000                . = 0xc0000000

.text           0x00000000c0000000    0x25918
 *(.text)
 .text          0x00000000c0000000       0x41 D:/Users/Alex/Desktop/Banana/kernel/boot.32
                0x00000000c0000020                callGlobalConstructors
 .text          0x00000000c0000041        0x0 crti.32
 *fill*         0x00000000c0000041        0x3 
 .text          0x00000000c0000044      0x101 /cygdrive/d/Users/Alex/Desktop/Toolchain/Output/bin/../lib/gcc/i386-banana/8.1.0/crtbegin.o
 *fill*         0x00000000c0000145        0xb 
 .text          0x00000000c0000150      0x4fd D:/Users/Alex/Desktop/Banana/kernel/morenasm.32
                0x00000000c0000150                prepareTramp
                0x00000000c0000169                voodooXADD
                0x00000000c000022e                doTPAUSE
                0x00000000c0000238                hasLegacyFPU
                0x00000000c000025d                is486
                0x00000000c0000293                goToVM86
                0x00000000c00002c4                goToUsermode
                0x00000000c00002ef                switchToThreadASMFirstTime
                0x00000000c00002fd                switchToThreadASM
                0x00000000c000039d                detectCPUID
                0x00000000c00003b3                asmQuickAcquireLock
                0x00000000c00003d1                asmQuickReleaseLock
                0x00000000c00003dd                asmAcquireLock
                0x00000000c00003fe                asmReleaseLock
                0x00000000c0000411                loadGDT
                0x00000000c0000431                isr0
                0x00000000c0000441                isr1
                0x00000000c000044b                isr2
                0x00000000c0000455                isr3
                0x00000000c000045f                isr4
                0x00000000c0000469                isr5
                0x00000000c0000473                isr6
                0x00000000c000047d                isr7
                0x00000000c0000487                isr8
                0x00000000c000048f                isr9
                0x00000000c0000499                isr10
                0x00000000c00004a1                isr11
                0x00000000c00004a9                isr12
                0x00000000c00004b1                isr13
                0x00000000c00004b9                isr14
                0x00000000c00004c1                isr15
                0x00000000c00004cb                isr16
                0x00000000c00004d5                isr17
                0x00000000c00004df                isr18
                0x00000000c00004e9                isr96
                0x00000000c00004f3                irq0
                0x00000000c00004fd                irq1
                0x00000000c0000507                irq2
                0x00000000c0000511                irq3
                0x00000000c000051b                irq4
                0x00000000c0000525                irq5
                0x00000000c000052f                irq6
                0x00000000c0000539                irq7
                0x00000000c0000543                irq8
                0x00000000c000054d                irq9
                0x00000000c0000557                irq10
                0x00000000c0000561                irq11
                0x00000000c000056b                irq12
                0x00000000c0000575                irq13
                0x00000000c000057f                irq14
                0x00000000c0000589                irq15
                0x00000000c0000593                irq16
                0x00000000c000059d                irq17
                0x00000000c00005a7                irq18
                0x00000000c00005b1                irq19
                0x00000000c00005bb                irq20
                0x00000000c00005c5                irq21
                0x00000000c00005cf                irq22
                0x00000000c00005d9                irq23
                0x00000000c00005e3                int_common_stub
                0x00000000c0000613                syscall_common_stub
 .text          0x00000000c000064d      0x40f acpica/utclib.32
                0x00000000c000064d                memcmp
                0x00000000c0000678                memmove
                0x00000000c00006b0                memcpy
                0x00000000c00006e6                memset
                0x00000000c0000703                strlen
                0x00000000c0000713                strpbrk
                0x00000000c0000736                strtok
                0x00000000c0000785                strcpy
                0x00000000c00007a5                strncpy
                0x00000000c00007d6                strcmp
                0x00000000c00007f7                strchr
                0x00000000c000080d                strncmp
                0x00000000c000083c                strcat
                0x00000000c0000863                strncat
                0x00000000c000089d                strstr
                0x00000000c00008da                toupper
                0x00000000c00008ee                tolower
                0x00000000c0000902                simple_strtoul
 .text          0x00000000c0000a5c      0xfbf core/malloc.32
                0x00000000c0000bc7                dlfree
                0x00000000c0000f22                dlmalloc
                0x00000000c000145f                dlrealloc
                0x00000000c0001614                dlmemalign
                0x00000000c0001737                dlcalloc
                0x00000000c00017d1                dlcfree
                0x00000000c00017d6                dlindependent_calloc
                0x00000000c00017fb                dlindependent_comalloc
                0x00000000c0001812                dlvalloc
                0x00000000c000183d                dlpvalloc
                0x00000000c0001873                dlmalloc_trim
                0x00000000c0001880                dlmalloc_usable_size
                0x00000000c00018b1                dlmallinfo
                0x00000000c0001980                dlmalloc_stats
                0x00000000c0001991                dlmallopt
 .text          0x00000000c0001a1b        0x0 libk/string.32
 .text          0x00000000c0001a1b       0x51 fs/fat/diskio.32
                0x00000000c0001a1b                disk_status
                0x00000000c0001a1e                disk_initialize
                0x00000000c0001a21                disk_read
                0x00000000c0001a37                disk_write
                0x00000000c0001a4d                disk_ioctl
 .text          0x00000000c0001a6c     0x6833 fs/fat/ff.32
                0x00000000c0004d3a                f_mount
                0x00000000c0004d9c                f_open
                0x00000000c00051d8                f_read
                0x00000000c0005458                f_write
                0x00000000c0005712                f_sync
                0x00000000c00058ee                f_close
                0x00000000c000591d                f_lseek
                0x00000000c0005dd4                f_opendir
                0x00000000c0005ed6                f_closedir
                0x00000000c0005ef8                f_readdir
                0x00000000c0005f93                f_stat
                0x00000000c0006022                f_getfree
                0x00000000c00061ed                f_truncate
                0x00000000c00062e5                f_unlink
                0x00000000c0006468                f_mkdir
                0x00000000c0006694                f_rename
                0x00000000c0006987                f_chmod
                0x00000000c0006a65                f_utime
                0x00000000c0006b43                f_getlabel
                0x00000000c0006d31                f_setlabel
                0x00000000c0006f9e                f_forward
                0x00000000c000717c                f_mkfs
 .text          0x00000000c000829f       0x2d fs/fat/ffsystem.32
                0x00000000c000829f                ff_memalloc
                0x00000000c00082b5                ff_memfree
 .text          0x00000000c00082cc      0x253 fs/fat/ffunicode.32
                0x00000000c00082cc                ff_uni2oem
                0x00000000c000835c                ff_oem2uni
                0x00000000c00083c8                ff_wtoupper
 .text          0x00000000c000851f      0x8a1 hal/libresample/samplerate.32
                0x00000000c00085c6                src_delete
                0x00000000c0008602                src_process
                0x00000000c0008776                src_callback_read
                0x00000000c00088d1                src_set_ratio
                0x00000000c000891a                src_get_channels
                0x00000000c000893c                src_reset
                0x00000000c0008988                src_new
                0x00000000c0008a16                src_callback_new
                0x00000000c0008a78                src_get_name
                0x00000000c0008aaf                src_get_description
                0x00000000c0008ae6                src_get_version
                0x00000000c0008aec                src_is_valid_ratio
                0x00000000c0008b08                src_error
                0x00000000c0008b16                src_strerror
                0x00000000c0008b29                src_simple
                0x00000000c0008b7c                src_short_to_float_array
                0x00000000c0008be1                src_float_to_short_array
                0x00000000c0008ca0                src_int_to_float_array
                0x00000000c0008d03                src_float_to_int_array
 .text          0x00000000c0008dc0      0x8f0 hal/libresample/src_linear.32
                0x00000000c000960b                linear_get_name
                0x00000000c000961a                linear_get_description
                0x00000000c0009629                linear_set_converter
 .text          0x00000000c00096b0     0x40fd hal/libresample/src_sinc.32
                0x00000000c000d6c4                sinc_get_name
                0x00000000c000d6d7                sinc_get_description
                0x00000000c000d6ea                sinc_set_converter
 .text          0x00000000c000d7ad      0x7a6 hal/libresample/src_zoh.32
                0x00000000c000deae                zoh_get_name
                0x00000000c000debd                zoh_get_description
                0x00000000c000decc                zoh_set_converter
 *fill*         0x00000000c000df53        0x1 
 .text          0x00000000c000df54      0x9e1 core/computer.32
                0x00000000c000df54                Computer::close(int, int, void*)
                0x00000000c000df98                Computer::Computer()
                0x00000000c000df98                Computer::Computer()
                0x00000000c000e0f4                Computer::setBootMessage(char const*)
                0x00000000c000e0f6                Computer::start()
                0x00000000c000e1d2                firstTask()
                0x00000000c000e1e0                Computer::detectFeatures()
                0x00000000c000e3ba                Computer::displayFeatures()
                0x00000000c000e700                Computer::rdmsr(unsigned int)
                0x00000000c000e72c                Computer::wrmsr(unsigned int, unsigned long long)
                0x00000000c000e764                Computer::nmiEnabled()
                0x00000000c000e770                Computer::readCMOS(unsigned char)
                0x00000000c000e78a                Computer::enableNMI(bool)
                0x00000000c000e7a2                Computer::open(int, int, void*)
                0x00000000c000e878                Computer::disableNMI()
                0x00000000c000e886                Computer::writeCMOS(unsigned char, unsigned char)
                0x00000000c000e8a4                Computer::handleNMI()
                0x00000000c000e90a                Computer::setDiskActivityLight(int, bool)
 *fill*         0x00000000c000e935        0x1 
 .text          0x00000000c000e936      0x1b7 core/gdt.32
                0x00000000c000e936                GDTEntry::setBase(unsigned int)
                0x00000000c000e952                GDTEntry::setLimit(unsigned int)
                0x00000000c000e970                GDT::GDT()
                0x00000000c000e970                GDT::GDT()
                0x00000000c000e986                GDT::addEntry(GDTEntry)
                0x00000000c000e9c2                GDT::getNumberOfEntries()
                0x00000000c000e9ca                GDT::flush()
                0x00000000c000e9ec                GDT::setup()
 .text          0x00000000c000eaed       0x61 core/idle.32
                0x00000000c000eaed                idleFunction(void*)
 .text          0x00000000c000eb4e      0x45f core/idt.32
                0x00000000c000eb4e                IDTEntry::IDTEntry(bool)
                0x00000000c000eb4e                IDTEntry::IDTEntry(bool)
                0x00000000c000ebbc                IDTEntry::setOffset(unsigned int)
                0x00000000c000ebd0                IDT::IDT()
                0x00000000c000ebd0                IDT::IDT()
                0x00000000c000ebd2                IDT::getPointerToInvalidOpcodeEntryForF00F()
                0x00000000c000ebda                IDT::addEntry(IDTEntry, int)
                0x00000000c000ebf4                IDT::addEntry(int, void (*)(), bool)
                0x00000000c000ec2c                IDT::flush()
                0x00000000c000ec46                IDT::setup()
 .text          0x00000000c000efad      0x20d core/kheap.32
                0x00000000c000efad                sbrk
                0x00000000c000f0c5                mmap
                0x00000000c000f0db                munmap
                0x00000000c000f0f1                liballoc_lock()
                0x00000000c000f102                liballoc_unlock()
                0x00000000c000f113                liballoc_alloc(int)
                0x00000000c000f12e                liballoc_free(void*, int)
                0x00000000c000f14c                realloc
                0x00000000c000f160                malloc
                0x00000000c000f170                free
                0x00000000c000f180                rfree
                0x00000000c000f190                calloc
 .text          0x00000000c000f1ba      0x38d core/main.32
                0x00000000c000f1ba                hwTextMode_loadInData(VgaText*)
                0x00000000c000f1ff                hwTextMode_loadInTitle(VgaText*, char*)
                0x00000000c000f241                hwTextMode_showCursor(VgaText*, bool)
                0x00000000c000f295                hwTextMode_update(VgaText*)
                0x00000000c000f296                hwTextMode_updateCursor(VgaText*)
                0x00000000c000f2de                hwTextMode_disableBlink(VgaText*, bool)
                0x00000000c000f31a                hwTextMode_scrollScreen(VgaText*)
                0x00000000c000f3a0                hwTextMode_writeCharacter(VgaText*, char, VgaColour, VgaColour, int, int)
                0x00000000c000f3fe                setupTextMode()
                0x00000000c000f44f                kernel_main
 .text          0x00000000c000f547      0x4f3 core/physmgr.32
                0x00000000c000f547                Phys::allocateDMA(unsigned long)
                0x00000000c000f5ea                Phys::freeDMA(unsigned long, unsigned long)
                0x00000000c000f632                Phys::setPageState(unsigned long, bool)
                0x00000000c000f664                Phys::getPageState(unsigned long)
                0x00000000c000f680                Phys::freePage(unsigned long)
                0x00000000c000f70a                Phys::allocatePage()
                0x00000000c000f7d2                Phys::allowSegmentToBeUsed(unsigned long, unsigned long)
                0x00000000c000f80a                Phys::physicalMemorySetup(unsigned int)
 .text          0x00000000c000fa3a      0x273 core/pipe.32
                0x00000000c000fa3a                Pipe::isAtty()
                0x00000000c000fa3e                Pipe::~Pipe()
                0x00000000c000fa3e                Pipe::~Pipe()
                0x00000000c000fa62                Pipe::~Pipe()
                0x00000000c000fa8a                Pipe::read(unsigned long long, void*, int*)
                0x00000000c000fb7e                Pipe::write(unsigned long long, void*, int*)
                0x00000000c000fc46                Pipe::Pipe(int)
                0x00000000c000fc46                Pipe::Pipe(int)
 *fill*         0x00000000c000fcad        0x1 
 .text          0x00000000c000fcae      0xf65 core/terminal.32
                0x00000000c000fcae                VgaText::isAtty()
                0x00000000c000fcb2                VgaText::~VgaText()
                0x00000000c000fcb2                VgaText::~VgaText()
                0x00000000c000fcd6                VgaText::~VgaText()
                0x00000000c000fd00                VgaText::read(unsigned long long, void*, int*)
                0x00000000c000fd20                setTerminalScrollLock(bool)
                0x00000000c000fd21                addToTerminalCycle(VgaText*)
                0x00000000c000fd4e                installVgaTextImplementation()
                0x00000000c000fd63                scrollTerminalScrollLock(int)
                0x00000000c000fd64                VgaText::load()
                0x00000000c000fdb8                VgaText::updateCursor()
                0x00000000c000fdd2                VgaText::showCursor(bool)
                0x00000000c000fde2                VgaText::disableBlink(bool)
                0x00000000c000fe1c                VgaText::doANSI_SGR(int)
                0x00000000c000fea8                VgaText::setDefaultBgColour(VgaColour)
                0x00000000c000febe                VgaText::setDefaultFgColour(VgaColour)
                0x00000000c000fed4                VgaText::setDefaultColours(VgaColour, VgaColour)
                0x00000000c000fef4                VgaText::combineColours(unsigned char, unsigned char)
                0x00000000c000ff06                VgaText::scrollScreen()
                0x00000000c000ff9a                VgaText::combineCharAndColour(char, unsigned char)
                0x00000000c000ffac                VgaText::writeCharacter(char, VgaColour, VgaColour, int, int)
                0x00000000c001000c                VgaText::getCursorX()
                0x00000000c0010018                VgaText::getCursorY()
                0x00000000c0010024                VgaText::setCursor(int, int)
                0x00000000c0010042                VgaText::setCursorX(int)
                0x00000000c001005e                VgaText::setCursorY(int)
                0x00000000c001007a                VgaText::incrementCursor(bool)
                0x00000000c00100e2                VgaText::updateRAMUsageDisplay(int)
                0x00000000c001013c                VgaText::updateDiskUsage()
                0x00000000c00102a2                VgaText::updateTitle()
                0x00000000c00102e8                VgaText::setTitleTextColour(VgaColour)
                0x00000000c00102f8                VgaText::setTitleColour(VgaColour)
                0x00000000c0010308                VgaText::setTitle(char*)
                0x00000000c001032e                VgaText::decrementCursor(bool)
                0x00000000c0010356                VgaText::putchar(char, VgaColour, VgaColour)
                0x00000000c0010452                VgaText::isShowingCursor()
                0x00000000c001045e                VgaText::isBlinkDisabled()
                0x00000000c001046c                VgaText::setCursorHeight(int)
                0x00000000c001048a                VgaText::getCursorHeight()
                0x00000000c0010495                setActiveTerminal(VgaText*)
                0x00000000c0010547                doTerminalCycle()
                0x00000000c0010564                VgaText::doUpdate()
                0x00000000c0010576                VgaText::puts(char const*, VgaColour, VgaColour)
                0x00000000c0010736                VgaText::clearScreen()
                0x00000000c001079a                VgaText::putchar(char)
                0x00000000c00108b4                VgaText::puts(char const*)
                0x00000000c00108da                VgaText::putx(unsigned int)
                0x00000000c0010920                VgaText::VgaText(char const*)
                0x00000000c0010920                VgaText::VgaText(char const*)
                0x00000000c0010ab2                VgaText::receiveKey(unsigned char)
                0x00000000c0010b9a                VgaText::write(unsigned long long, void*, int*)
                0x00000000c0010bee                newTerminal(char*)
 *fill*         0x00000000c0010c13        0x1 
 .text          0x00000000c0010c14      0x18f core/tss.32
                0x00000000c0010c14                TSS::TSS()
                0x00000000c0010c14                TSS::TSS()
                0x00000000c0010c22                TSS::setESP(unsigned long)
                0x00000000c0010c34                TSS::flush()
                0x00000000c0010c54                TSS::setup(unsigned long, unsigned long)
 *fill*         0x00000000c0010da3        0x1 
 .text          0x00000000c0010da4      0x482 core/unixfile.32
                0x00000000c0010da4                ReservedFilename::read(unsigned long long, void*, int*)
                0x00000000c0010dfa                ReservedFilename::isAtty()
                0x00000000c0010e16                ReservedFilename::write(unsigned long long, void*, int*)
                0x00000000c0010e74                UnixFile::getFileDescriptor()
                0x00000000c0010e7c                UnixFile::UnixFile(int)
                0x00000000c0010e7c                UnixFile::UnixFile(int)
                0x00000000c0010fec                ReservedFilename::ReservedFilename(int)
                0x00000000c0010fec                ReservedFilename::ReservedFilename(int)
                0x00000000c001101e                UnixFile::~UnixFile()
                0x00000000c001101e                UnixFile::~UnixFile()
                0x00000000c00110b6                UnixFile::~UnixFile()
                0x00000000c00110de                ReservedFilename::~ReservedFilename()
                0x00000000c00110de                ReservedFilename::~ReservedFilename()
                0x00000000c0011102                ReservedFilename::~ReservedFilename()
                0x00000000c0011129                getFromFileDescriptor(int)
 .text          0x00000000c0011226      0xec7 core/virtmgr.32
                0x00000000c0011226                Virt::setPageState(unsigned long, Virt::VirtPageState)
                0x00000000c001125b                Virt::getPageState(unsigned long)
                0x00000000c001127f                Virt::allocateKernelVirtualPages(int)
                0x00000000c0011390                Virt::virtualMemorySetup()
                0x00000000c001140f                Virt::getAKernelVAS()
                0x00000000c0011415                Virt::setupPageSwapping(int)
                0x00000000c001153a                VAS::VAS()
                0x00000000c001153a                VAS::VAS()
                0x00000000c001156a                VAS::VAS(VAS*)
                0x00000000c001156a                VAS::VAS(VAS*)
                0x00000000c001158e                VAS::getForeignPageTableEntry(bool, unsigned long)
                0x00000000c00115ba                VAS::getPageTableEntry(unsigned long)
                0x00000000c00115d9                Virt::freeKernelVirtualPages(unsigned long)
                0x00000000c00116fc                VAS::freeAllocatedPages(unsigned long)
                0x00000000c0011720                VAS::virtualToPhysical(unsigned long)
                0x00000000c0011738                VAS::reflagRange(unsigned long, int, int, int)
                0x00000000c0011778                VAS::setToWriteCombining(unsigned long, int)
                0x00000000c00117b0                VAS::mapOtherVASIn(bool, VAS*)
                0x00000000c00117e6                VAS::~VAS()
                0x00000000c00117e6                VAS::~VAS()
                0x00000000c0011952                VAS::mapPage(unsigned long, unsigned long, int)
                0x00000000c0011a52                VAS::allocatePages(int, int)
                0x00000000c0011c22                VAS::setCPUSpecific(unsigned long)
                0x00000000c0011c3e                VAS::mapRange(unsigned long, unsigned long, int, int)
                0x00000000c0011d08                VAS::mapForeignPage(bool, VAS*, unsigned long, unsigned long, int)
                0x00000000c0011df6                VAS::VAS(bool)
                0x00000000c0011df6                VAS::VAS(bool)
                0x00000000c0012026                mapVASFirstTime
 .text          0x00000000c00120ed       0x93 coreobjs/c++.32
                0x00000000c00120ed                __cxa_atexit
                0x00000000c00120f0                __cxa_finalize
                0x00000000c00120f1                __stack_chk_fail
                0x00000000c0012151                __cxa_pure_virtual
                0x00000000c0012162                operator new(unsigned long)
                0x00000000c0012167                operator new[](unsigned long)
                0x00000000c001216c                operator delete(void*)
                0x00000000c0012171                operator delete(void*, unsigned long)
                0x00000000c0012176                operator delete[](void*)
                0x00000000c001217b                operator delete[](void*, unsigned long)
 .text          0x00000000c0012180      0x1ef dbg/kconsole.32
                0x00000000c0012180                Dbg::stringifyxWithBase(unsigned int, char*, int)
                0x00000000c00121e1                Dbg::logc(char)
                0x00000000c00121f8                Dbg::logs(char*)
                0x00000000c0012215                Dbg::logWriteInt(unsigned int)
                0x00000000c0012232                Dbg::logWriteIntBase(unsigned int, int)
                0x00000000c0012251                Dbg::kprintf(char const*, ...)
 *fill*         0x00000000c001236f        0x1 
 .text          0x00000000c0012370      0xb68 fs/vfs.32
                0x00000000c0012370                File::read(unsigned long long, void*, int*)
                0x00000000c00123c8                File::write(unsigned long long, void*, int*)
                0x00000000c0012420                Directory::read(unsigned long long, void*, int*)
                0x00000000c0012478                Directory::write(unsigned long long, void*, int*)
                0x00000000c00124a6                File::isAtty()
                0x00000000c00124aa                Directory::isAtty()
                0x00000000c00124ae                Filesystem::getlabel(LogicalDisk*, int, char*, unsigned int*)
                0x00000000c00124b4                Filesystem::setlabel(LogicalDisk*, int, char*)
                0x00000000c00124ba                File::~File()
                0x00000000c00124ba                File::~File()
                0x00000000c00124de                File::~File()
                0x00000000c0012508                Directory::~Directory()
                0x00000000c0012508                Directory::~Directory()
                0x00000000c001252c                Directory::~Directory()
                0x00000000c0012556                Filesystem::Filesystem()
                0x00000000c0012556                Filesystem::Filesystem()
                0x00000000c001257a                Filesystem::~Filesystem()
                0x00000000c001257a                Filesystem::~Filesystem()
                0x00000000c0012588                Filesystem::~Filesystem()
                0x00000000c00125ac                initVFS()
                0x00000000c00125d6                standardiseFiles(char*, char const*, char const*)
                0x00000000c0012780                File::File(char const*, Process*)
                0x00000000c0012780                File::File(char const*, Process*)
                0x00000000c00127e4                File::open(FileOpenMode)
                0x00000000c0012842                File::close()
                0x00000000c00128a2                File::seek(unsigned long long)
                0x00000000c00128f8                File::tell(unsigned long long*)
                0x00000000c0012948                File::rewind()
                0x00000000c001295c                File::unlink()
                0x00000000c00129a8                File::rename(char const*)
                0x00000000c00129f6                File::chfatattr(unsigned char, unsigned char)
                0x00000000c0012a52                File::exists()
                0x00000000c0012a90                File::stat(unsigned long long*, bool*)
                0x00000000c0012af1                getcwd(Process*, char*, int)
                0x00000000c0012b1b                setcwd(Process*, char*)
                0x00000000c0012c42                Directory::Directory(char const*, Process*)
                0x00000000c0012c42                Directory::Directory(char const*, Process*)
                0x00000000c0012ca6                Directory::open()
                0x00000000c0012d02                Directory::close()
                0x00000000c0012d62                Directory::unlink()
                0x00000000c0012dae                Directory::rename(char const*)
                0x00000000c0012dfc                Directory::exists()
                0x00000000c0012e3a                Directory::read(dirent*)
                0x00000000c0012e86                Directory::create()
                0x00000000c0012ed2                Filesystem::chfatattr(char const*, unsigned char, unsigned char)
 .text          0x00000000c0012ed8       0x84 hal/bus.32
                0x00000000c0012ed8                Bus::Bus(char const*)
                0x00000000c0012ed8                Bus::Bus(char const*)
                0x00000000c0012f0e                Bus::~Bus()
                0x00000000c0012f0e                Bus::~Bus()
                0x00000000c0012f32                Bus::~Bus()
 .text          0x00000000c0012f5c      0x14e hal/buzzer.32
                0x00000000c0012f5c                Buzzer::Buzzer(char const*)
                0x00000000c0012f5c                Buzzer::Buzzer(char const*)
                0x00000000c0012fa0                Buzzer::~Buzzer()
                0x00000000c0012fa0                Buzzer::~Buzzer()
                0x00000000c0012fc4                Buzzer::~Buzzer()
                0x00000000c0012fee                Buzzer::stop()
                0x00000000c0013001                beepThread(void*)
                0x00000000c001303c                Buzzer::beep(int, int, bool)
 .text          0x00000000c00130aa      0x42f hal/clock.32
                0x00000000c00130aa                loadClockSettings()
                0x00000000c00130c4                Clock::Clock(char const*)
                0x00000000c00130c4                Clock::Clock(char const*)
                0x00000000c00130fa                Clock::~Clock()
                0x00000000c00130fa                Clock::~Clock()
                0x00000000c001311e                Clock::~Clock()
                0x00000000c0013148                Clock::timeInSecondsLocal()
                0x00000000c0013190                Clock::setTimeInSecondsLocal(unsigned long long)
                0x00000000c00131e9                datetimeToSeconds(datetime_t)
                0x00000000c0013310                Clock::setTimeInDatetimeLocal(datetime_t)
                0x00000000c0013370                secondsToDatetime(unsigned long long)
                0x00000000c00134b4                Clock::timeInDatetimeLocal()
 *fill*         0x00000000c00134d9        0x1 
 .text          0x00000000c00134da      0x504 hal/device.32
                0x00000000c00134da                Device::hibernate()
                0x00000000c00134dc                Device::wake()
                0x00000000c00134de                Device::detect()
                0x00000000c00134e0                Device::disableLegacy()
                0x00000000c00134e2                Device::powerSaving(PowerSavingLevel)
                0x00000000c00134e4                DriverlessDevice::close(int, int, void*)
                0x00000000c00134e8                DriverlessDevice::detect()
                0x00000000c00134ea                DriverlessDevice::open(int, int, void*)
                0x00000000c00134fe                Device::~Device()
                0x00000000c00134fe                Device::~Device()
                0x00000000c001350c                Device::~Device()
                0x00000000c0013534                Device::findAndLoadDriver()
                0x00000000c0013536                Device::preOpenPCI(PCIDeviceInfo)
                0x00000000c001355c                Device::preOpenACPI(void*, char*, char*)
                0x00000000c00135b0                Device::addIRQHandler(int, void (*)(regs*, void*), bool, void*)
                0x00000000c001360e                Device::removeIRQHandler(int, void (*)(regs*, void*), bool)
                0x00000000c001365c                Device::addChild(Device*)
                0x00000000c00136a0                Device::removeAllChildren()
                0x00000000c00136e6                Device::hibernateAll()
                0x00000000c0013716                Device::wakeAll()
                0x00000000c0013746                Device::detectAll()
                0x00000000c0013776                Device::disableLegacyAll()
                0x00000000c00137a6                Device::loadDriversForAll()
                0x00000000c00137d2                Device::closeAll()
                0x00000000c0013808                Device::powerSavingAll(PowerSavingLevel)
                0x00000000c001383e                Device::setName(char const*)
                0x00000000c001384c                Device::Device(char const*)
                0x00000000c001384c                Device::Device(char const*)
                0x00000000c001393e                Device::getName()
                0x00000000c0013948                DriverlessDevice::DriverlessDevice(char const*)
                0x00000000c0013948                DriverlessDevice::DriverlessDevice(char const*)
                0x00000000c0013970                Device::addToLinkedList(LinkedList<Device>&, DeviceType)
                0x00000000c00139b4                getDevicesOfType(DeviceType)
 .text          0x00000000c00139de       0x84 hal/diskctrl.32
                0x00000000c00139de                HardDiskController::HardDiskController(char const*)
                0x00000000c00139de                HardDiskController::HardDiskController(char const*)
                0x00000000c0013a14                HardDiskController::~HardDiskController()
                0x00000000c0013a14                HardDiskController::~HardDiskController()
                0x00000000c0013a38                HardDiskController::~HardDiskController()
 .text          0x00000000c0013a62       0xde hal/diskphys.32
                0x00000000c0013a62                PhysicalDisk::PhysicalDisk(char const*, int)
                0x00000000c0013a62                PhysicalDisk::PhysicalDisk(char const*, int)
                0x00000000c0013aca                PhysicalDisk::startCache()
                0x00000000c0013af2                PhysicalDisk::~PhysicalDisk()
                0x00000000c0013af2                PhysicalDisk::~PhysicalDisk()
                0x00000000c0013b16                PhysicalDisk::~PhysicalDisk()
 .text          0x00000000c0013b40      0x142 hal/fpu.32
                0x00000000c0013b40                FPU::FPU(char const*)
                0x00000000c0013b40                FPU::FPU(char const*)
                0x00000000c0013b76                FPU::~FPU()
                0x00000000c0013b76                FPU::~FPU()
                0x00000000c0013b9a                FPU::~FPU()
                0x00000000c0013bc4                setupFPU()
 .text          0x00000000c0013c82     0x291d hal/intctrl.32
                0x00000000c0013c82                InterruptController::uninstallISRHandler(int, void (*)(regs*, void*))
                0x00000000c0013cba                InterruptController::installISRHandler(int, void (*)(regs*, void*), void*)
                0x00000000c0013d0c                doubleFault(regs*, void*)
                0x00000000c0013d26                InterruptController::installIRQHandler(int, void (*)(regs*, void*), bool, void*)
                0x00000000c0013dc2                InterruptController::clearAllHandlers(int, bool)
                0x00000000c0013e6a                InterruptController::uninstallIRQHandler(int, void (*)(regs*, void*), bool)
                0x00000000c0013ef1                nmiHandler(regs*, void*)
                0x00000000c0013eff                int_handler
                0x00000000c0013f9a                InterruptController::InterruptController(char const*)
                0x00000000c0013f9a                InterruptController::InterruptController(char const*)
                0x00000000c0014040                InterruptController::~InterruptController()
                0x00000000c0014040                InterruptController::~InterruptController()
                0x00000000c0014064                InterruptController::~InterruptController()
                0x00000000c001408e                displayDebugInfo(regs*)
                0x00000000c00144a5                x87EmulHandler(regs*, void*)
                0x00000000c00144ed                gpFault(regs*, void*)
                0x00000000c0014526                pgFault(regs*, void*)
                0x00000000c001453d                otherISRHandler(regs*, void*)
                0x00000000c001455c                opcodeFault(regs*, void*)
                0x00000000c0014b15                displayProgramFault(char const*)
                0x00000000c0014b3d                fpuFloatToLong(_Float80)
                0x00000000c0014b51                fpuULongToFloat(unsigned long long)
                0x00000000c0014b74                fpuLongToFloat(long long)
                0x00000000c0014b97                fpuGet0()
                0x00000000c0014bab                fpuGet1()
                0x00000000c0014bbf                fpuGetPi()
                0x00000000c0014bd3                fpuGetLog2E()
                0x00000000c0014be7                fpuGetLogE2()
                0x00000000c0014bfb                fpuGetLog210()
                0x00000000c0014c0f                fpuGetLog102()
                0x00000000c0014c23                fpuIsSecondLarger(_Float80, _Float80)
                0x00000000c0014c44                fpuAreEqual(_Float80, _Float80)
                0x00000000c0014c65                fpuUnorderedCompare(_Float80, _Float80)
                0x00000000c0014cda                fpuNormalise(_Float80)
                0x00000000c0014cee                fpuAdd(_Float80, _Float80)
                0x00000000c0014d19                fpuAbs(_Float80)
                0x00000000c0014d4f                fpuChs(_Float80)
                0x00000000c0014d69                fpuSub(_Float80, _Float80)
                0x00000000c0014d9e                fpuReverseSub(_Float80, _Float80)
                0x00000000c0014dd3                fpuMultiply(_Float80, _Float80)
                0x00000000c0014dfe                fpuMantissaDivision(unsigned long long, unsigned long long)
                0x00000000c0014ed7                fpuDivide(_Float80, _Float80)
                0x00000000c0014f02                fpuReciprocal(_Float80)
                0x00000000c0014f36                fpuSquare(_Float80)
                0x00000000c0014f5d                fpuInverseSqrt(_Float80)
                0x00000000c0014f71                fpuSqrt(_Float80)
                0x00000000c0014fb7                fpuGetReg(int)
                0x00000000c0015011                fpuSetReg(int, _Float80)
                0x00000000c0015062                fpuInternalTo32(_Float80)
                0x00000000c0015076                fpuInternalTo64(_Float80)
                0x00000000c001508a                fpu32ToInternal(unsigned int)
                0x00000000c00150a9                fpu64ToInternal(unsigned long long)
                0x00000000c00150cc                fpuPush(_Float80)
                0x00000000c0015129                fpuPop()
                0x00000000c0015188                x87Handler(regs*)
                0x00000000c0016157                setupInterruptController()
                0x00000000c0016510                InterruptController::convertLegacyIRQNumber(int)
 *fill*         0x00000000c001659f        0x1 
 .text          0x00000000c00165a0      0x620 hal/keybrd.32
                0x00000000c00165a0                startGUI(void*)
                0x00000000c0016612                sendKeyToTerminal(unsigned char)
                0x00000000c001667e                sendKeyboardToken(KeyboardToken)
                0x00000000c0016a59                clearInternalKeybuffer(VgaText*)
                0x00000000c0016a8e                readKeyboard(VgaText*, char*, unsigned long)
                0x00000000c0016b36                Keyboard::Keyboard(char const*)
                0x00000000c0016b36                Keyboard::Keyboard(char const*)
                0x00000000c0016b72                Keyboard::~Keyboard()
                0x00000000c0016b72                Keyboard::~Keyboard()
                0x00000000c0016b96                Keyboard::~Keyboard()
 .text          0x00000000c0016bc0      0x400 hal/logidisk.32
                0x00000000c0016bc0                LogicalDisk::close(int, int, void*)
                0x00000000c0016bc4                LogicalDisk::~LogicalDisk()
                0x00000000c0016bc4                LogicalDisk::~LogicalDisk()
                0x00000000c0016be8                LogicalDisk::~LogicalDisk()
                0x00000000c0016c12                LogicalDisk::open(int, int, void*)
                0x00000000c0016c26                LogicalDisk::absoluteToRelative(unsigned long long)
                0x00000000c0016c5e                LogicalDisk::relativeToAbsolute(unsigned long long)
                0x00000000c0016ca4                LogicalDisk::LogicalDisk(char const*, PhysicalDisk*, unsigned long long, unsigned long long)
                0x00000000c0016ca4                LogicalDisk::LogicalDisk(char const*, PhysicalDisk*, unsigned long long, unsigned long long)
                0x00000000c0016d5a                LogicalDisk::assignDriveLetter()
                0x00000000c0016e10                LogicalDisk::mount()
                0x00000000c0016e82                LogicalDisk::unmount()
                0x00000000c0016e92                LogicalDisk::unassignDriveLetter()
                0x00000000c0016ee8                LogicalDisk::read(unsigned long long, int, void*)
                0x00000000c0016f54                LogicalDisk::write(unsigned long long, int, void*)
 .text          0x00000000c0016fc0       0x84 hal/mouse.32
                0x00000000c0016fc0                Mouse::Mouse(char const*)
                0x00000000c0016fc0                Mouse::Mouse(char const*)
                0x00000000c0016ff6                Mouse::~Mouse()
                0x00000000c0016ff6                Mouse::~Mouse()
                0x00000000c001701a                Mouse::~Mouse()
 .text          0x00000000c0017044      0x339 hal/partition.32
                0x00000000c0017044                makePartition(PhysicalDisk*, unsigned long long, unsigned long long)
                0x00000000c00170ec                createPartitionsForDisk(PhysicalDisk*)
 *fill*         0x00000000c001737d        0x1 
 .text          0x00000000c001737e      0x2e7 hal/timer.32
                0x00000000c001737e                Timer::Timer(char const*)
                0x00000000c001737e                Timer::Timer(char const*)
                0x00000000c00173b4                Timer::~Timer()
                0x00000000c00173b4                Timer::~Timer()
                0x00000000c00173d8                Timer::~Timer()
                0x00000000c0017402                Timer::read()
                0x00000000c001740d                timerHandler(unsigned long long)
                0x00000000c0017544                setupTimer(int)
 *fill*         0x00000000c0017665        0x1 
 .text          0x00000000c0017666      0x2d1 hal/vcache.32
                0x00000000c0017666                VCache::VCache(PhysicalDisk*)
                0x00000000c0017666                VCache::VCache(PhysicalDisk*)
                0x00000000c0017756                VCache::writeWriteBuffer()
                0x00000000c0017792                VCache::~VCache()
                0x00000000c0017792                VCache::~VCache()
                0x00000000c00177d2                VCache::~VCache()
                0x00000000c00177fa                VCache::write(unsigned long long, int, void*)
                0x00000000c00178de                VCache::read(unsigned long long, int, void*)
 *fill*         0x00000000c0017937        0x1 
 .text          0x00000000c0017938      0x26d hal/video.32
                0x00000000c0017938                Video::putrect(int, int, int, int, unsigned int)
                0x00000000c0017982                Video::blit(unsigned int*, int, int, int, int)
                0x00000000c0017a00                Video::clearScreen(unsigned int)
                0x00000000c0017a34                Video::putpixel(int, int, unsigned int)
                0x00000000c0017a42                Video::Video(char const*)
                0x00000000c0017a42                Video::Video(char const*)
                0x00000000c0017a78                Video::~Video()
                0x00000000c0017a78                Video::~Video()
                0x00000000c0017a9c                Video::~Video()
                0x00000000c0017ac6                Video::isMonochrome()
                0x00000000c0017ad2                Video::getWidth()
                0x00000000c0017ade                Video::getHeight()
                0x00000000c0017aea                Video::drawCursor(int, int, unsigned char*, int)
 *fill*         0x00000000c0017ba5        0x1 
 .text          0x00000000c0017ba6      0xd04 hw/acpi.32
                0x00000000c0017ba6                ACPI::close(int, int, void*)
                0x00000000c0017c5b                findRSDP()
                0x00000000c0017ce5                loadACPITables(unsigned char*)
                0x00000000c0017f0c                findRSDT(unsigned char*)
                0x00000000c001802a                findDataTable(unsigned char*, char*)
                0x00000000c00180c6                scanMADT()
                0x00000000c001845a                ACPI::ACPI()
                0x00000000c001845a                ACPI::ACPI()
                0x00000000c00184ba                ACPI::getPCIIRQAssignment(unsigned char, unsigned short, unsigned char)
                0x00000000c001859c                ACPI::registerPCIIRQAssignment(void*, unsigned short, unsigned char, unsigned char)
                0x00000000c00186a2                ACPI::setScreenBrightnessLevel(void*, int)
                0x00000000c00186a8                ACPI::writeSimpleBootFlag(SimpleBootFlagTable*)
                0x00000000c00186f0                ACPI::open(int, int, void*)
                0x00000000c0018892                ACPI::sleep()
 .text          0x00000000c00188aa     0x17a6 hw/cpu.32
                0x00000000c00188aa                CPU::close(int, int, void*)
                0x00000000c00188ad                lookupAMDCPUName(unsigned char, unsigned char)
                0x00000000c0018a41                lookupIntelCPUName(unsigned char, unsigned char)
                0x00000000c0018cef                AMD_K6_write_msr(unsigned int, unsigned int, unsigned int, REGS*)
                0x00000000c0018d0b                AMD_K6_read_msr(unsigned int, REGS*)
                0x00000000c0018d23                AMD_K6_writeback(int, int, int)
                0x00000000c0018d96                cpuid(int, unsigned long*, unsigned long*, unsigned long*, unsigned long*)
                0x00000000c0018e19                cpuidCheckEDX(unsigned int)
                0x00000000c0018e46                cpuidCheckECX(unsigned int)
                0x00000000c0018e73                cpuidCheckExtendedEBX(unsigned int)
                0x00000000c0018ea0                cpuidCheckExtendedECX(unsigned int)
                0x00000000c0018ecd                getCPUNumber()
                0x00000000c0018ed0                thisCPU()
                0x00000000c0018ee4                CPU::CPU()
                0x00000000c0018ee4                CPU::CPU()
                0x00000000c0018f72                CPU::displayFeatures()
                0x00000000c00191ee                CPU::detectFeatures()
                0x00000000c0019be0                CPU::setupSMEP()
                0x00000000c0019bfa                CPU::setupUMIP()
                0x00000000c0019c12                CPU::setupTSC()
                0x00000000c0019c2a                CPU::setupLargePages()
                0x00000000c0019c42                CPU::setupPAT()
                0x00000000c0019c7e                CPU::setupMTRR()
                0x00000000c0019c80                CPU::setupGlobalPages()
                0x00000000c0019c96                CPU::allowUsermodeDataAccess()
                0x00000000c0019ca8                CPU::prohibitUsermodeDataAccess()
                0x00000000c0019cba                CPU::setupSMAP()
                0x00000000c0019ce0                CPU::setupFeatures()
                0x00000000c0019d82                CPU::open(int, int, void*)
                0x00000000c0019e58                CPU::decodeAddress(regs*, int*, bool*, unsigned char*)
 .text          0x00000000c001a050        0x0 hw/ports.32
 .text          0x00000000c001a050      0x338 krnl/panic.32
                0x00000000c001a050                Krnl::panic(char const*)
 .text          0x00000000c001a388      0x503 reg/registry.32
                0x00000000c001a388                Reg::findLineFromLoadedData(char*, char*, char*)
                0x00000000c001a4e0                Reg::getLineFromRegistry(char*, char*, char*, char*)
                0x00000000c001a63f                Reg::getLine(char*, char*, char*)
                0x00000000c001a676                Reg::readInt(char*, char*, int*)
                0x00000000c001a761                Reg::readString(char*, char*, char*, int)
                0x00000000c001a7e2                Reg::readBool(char*, char*, bool*)
                0x00000000c001a807                Reg::readBoolWithDefault(char*, char*, bool)
                0x00000000c001a833                Reg::readIntWithDefault(char*, char*, int)
                0x00000000c001a85f                Reg::readStringWithDefault(char*, char*, char*, int, char*)
 .text          0x00000000c001a88b       0x18 sys/sc_exit.32
                0x00000000c001a88b                Sys::exit(regs*)
 .text          0x00000000c001a8a3       0x95 sys/sc_loaddll.32
                0x00000000c001a8a3                Sys::loadDLL(regs*)
 .text          0x00000000c001a938       0x68 sys/sc_read.32
                0x00000000c001a938                Sys::read(regs*)
 .text          0x00000000c001a9a0       0x55 sys/sc_sbrk.32
                0x00000000c001a9a0                Sys::sbrk(regs*)
 .text          0x00000000c001a9f5       0x68 sys/sc_write.32
                0x00000000c001a9f5                Sys::write(regs*)
 .text          0x00000000c001aa5d       0x1a sys/sc_yield.32
                0x00000000c001aa5d                Sys::yield(regs*)
 .text          0x00000000c001aa77      0xf85 sys/syscalls.32
                0x00000000c001aa77                sysCallGetPID(regs*)
                0x00000000c001aa83                sysCallSeekDir(regs*)
                0x00000000c001aa88                sysCallTellDir(regs*)
                0x00000000c001aa8d                sysCallVerify(regs*)
                0x00000000c001aa97                sysCallFork(regs*)
                0x00000000c001aaa2                sysCallExecve(regs*)
                0x00000000c001aaad                sysCallGetArgc(regs*)
                0x00000000c001aabd                sysFormatDisk(regs*)
                0x00000000c001ab27                sysSetDiskVolumeLabel(regs*)
                0x00000000c001ab6d                sysGetDiskVolumeLabel(regs*)
                0x00000000c001abbe                sysShutdown(regs*)
                0x00000000c001ac1c                sysCallGetCwd(regs*)
                0x00000000c001ac3b                sysCallSetCwd(regs*)
                0x00000000c001ac57                sysCallRealpath(regs*)
                0x00000000c001ac9a                sysCallReadDir(regs*)
                0x00000000c001ad28                sysCallIsATTY(regs*)
                0x00000000c001ad82                sysCallSeek(regs*)
                0x00000000c001adeb                sysCallTell(regs*)
                0x00000000c001ae68                sysCallSizeFromFilename(regs*)
                0x00000000c001af19                sysCallSize(regs*)
                0x00000000c001af9c                sysCallClose(regs*)
                0x00000000c001b024                sysCallOpenDir(regs*)
                0x00000000c001b091                sysCallMakeDir(regs*)
                0x00000000c001b0ea                sysCallCloseDir(regs*)
                0x00000000c001b150                sysCallWait(regs*)
                0x00000000c001b16a                sysCallRmdir(regs*)
                0x00000000c001b1bc                sysCallUnlink(regs*)
                0x00000000c001b20e                sysCallGetArgv(regs*)
                0x00000000c001b25a                sysCallTTYName(regs*)
                0x00000000c001b2dd                sysCallGetEnv(regs*)
                0x00000000c001b32f                sysCallUSleep(regs*)
                0x00000000c001b356                sysCallSpawn(regs*)
                0x00000000c001b3ae                sysAppSettings(regs*)
                0x00000000c001b4cd                sysSetFatAttrib(regs*)
                0x00000000c001b52d                sysPanic(regs*)
                0x00000000c001b553                sysPipe(regs*)
                0x00000000c001b598                sysGetUnixTime(regs*)
                0x00000000c001b5ac                string_ends_with(char const*, char const*)
                0x00000000c001b5f4                sysCallOpen(regs*)
                0x00000000c001b801                setupSystemCalls()
                0x00000000c001b9ba                systemCall(regs*, void*)
 .text          0x00000000c001b9fc     0x11c7 thr/elf.32
                0x00000000c001b9fc                Thr::allocateMemoryForTask(Process*, File*, unsigned long, unsigned long, unsigned long)
                0x00000000c001bc79                Thr::loadProgramIntoMemory(Process*, char const*)
                0x00000000c001be8f                Thr::runtimeReferenceHelper()
                0x00000000c001bea2                Thr::getAddressOfKernelSymbol(char const*)
                0x00000000c001bef1                Thr::loadKernelSymbolTable(char const*)
                0x00000000c001c1b2                Thr::loadDriverIntoMemory(char const*, unsigned long, bool)
                0x00000000c001c950                Thr::getDriverBaseFromAddress(unsigned long)
                0x00000000c001c982                Thr::getDriverNameFromAddress(unsigned long)
                0x00000000c001c9b9                Thr::getDriverOffsetFromAddress(unsigned long)
                0x00000000c001c9d3                Thr::loadDLL(char const*, bool)
                0x00000000c001cb99                Thr::executeDLL(unsigned long, void*)
 *fill*         0x00000000c001cbc3        0x1 
 .text          0x00000000c001cbc4      0xfce thr/prcssthr.32
                0x00000000c001cbc4                changeTSS
                0x00000000c001cbf2                Process::addArgs(char**)
                0x00000000c001cc4c                Process::Process(char const*, Process*, char**)
                0x00000000c001cc4c                Process::Process(char const*, Process*, char**)
                0x00000000c001ce04                Process::Process(bool, char const*, Process*, char**)
                0x00000000c001ce04                Process::Process(bool, char const*, Process*, char**)
                0x00000000c001cf87                disableIRQs()
                0x00000000c001cf8f                getIRQNestingLevel()
                0x00000000c001cf95                enableIRQs()
                0x00000000c001cfa4                lockScheduler()
                0x00000000c001cfa6                unlockScheduler()
                0x00000000c001cfa8                userModeEntryPoint(void*)
                0x00000000c001cfcb                lockStuff()
                0x00000000c001cfd7                taskStartupFunction
                0x00000000c001cfe0                updateTimeUsed()
                0x00000000c001d03e                switchToThread(ThreadControlBlock*)
                0x00000000c001d08e                Semaphore::Semaphore(int)
                0x00000000c001d08e                Semaphore::Semaphore(int)
                0x00000000c001d0bc                Mutex::Mutex()
                0x00000000c001d0bc                Mutex::Mutex()
                0x00000000c001d0ce                Process::createThread(void (*)(void*), void*, int)
                0x00000000c001d1b2                Process::createUserThread()
                0x00000000c001d1ce                setupMultitasking(void (*)())
                0x00000000c001d2d8                schedule()
                0x00000000c001d35d                unlockStuff()
                0x00000000c001d392                Semaphore::tryAcquire()
                0x00000000c001d3c0                Semaphore::assertLocked(char const*)
                0x00000000c001d3f0                blockTaskWithSchedulerLockAlreadyHeld(TaskState)
                0x00000000c001d432                blockTask(TaskState)
                0x00000000c001d453                waitTask(int, int*, int)
                0x00000000c001d495                nanoSleepUntil(unsigned long long)
                0x00000000c001d4ec                nanoSleep(unsigned long long)
                0x00000000c001d501                sleep(unsigned long long)
                0x00000000c001d51e                Semaphore::acquire()
                0x00000000c001d586                taskReturned
                0x00000000c001d5b4                unblockTask(ThreadControlBlock*)
                0x00000000c001d663                cleanupTerminatedTask(ThreadControlBlock*)
                0x00000000c001d907                cleanerTaskFunction(void*)
                0x00000000c001d9ba                terminateTask(int)
                0x00000000c001da9a                Thr::terminateFromIRQ(int)
                0x00000000c001daa6                Semaphore::release()
 .text          0x00000000c001db92      0x8bf vm86/vm8086.32
                0x00000000c001db92                Vm::vm8086EntryPoint(void*)
                0x00000000c001dbbd                Vm::inbv(unsigned short)
                0x00000000c001dbc3                Vm::outbv(unsigned short, unsigned char)
                0x00000000c001dbcd                Vm::realToLinear(unsigned short, unsigned short)
                0x00000000c001dbdd                Vm::getSegment(unsigned int)
                0x00000000c001dbe5                Vm::getOffset(unsigned int)
                0x00000000c001dbea                Vm::loadFileAsThread(Process*, char const*, unsigned short, unsigned short, unsigned short, unsigned short)
                0x00000000c001dd19                Vm::doISR(regs*, int, unsigned char*, unsigned short, unsigned short)
                0x00000000c001dda3                Vm::readByteFromReal(unsigned short, unsigned short)
                0x00000000c001ddb4                Vm::readWordFromReal(unsigned short, unsigned short)
                0x00000000c001ddc6                Vm::readDwordFromReal(unsigned short, unsigned short)
                0x00000000c001ddd7                Vm::writeByteFromReal(unsigned short, unsigned short, unsigned char)
                0x00000000c001ddec                Vm::writeWordFromReal(unsigned short, unsigned short, unsigned short)
                0x00000000c001de02                Vm::writeDwordFromReal(unsigned short, unsigned short, unsigned int)
                0x00000000c001de17                Vm::faultHandler(regs*)
 *fill*         0x00000000c001e451        0x1 
 .text          0x00000000c001e452     0x10ed fs/fat/vfslink.32
                0x00000000c001e452                FAT::getName()
                0x00000000c001e458                FAT::tell(void*, unsigned long long*)
                0x00000000c001e48c                FAT::stat(void*, unsigned long long*)
                0x00000000c001e4c0                FAT::~FAT()
                0x00000000c001e4c0                FAT::~FAT()
                0x00000000c001e4e4                FAT::~FAT()
                0x00000000c001e50c                FAT::getlabel(LogicalDisk*, int, char*, unsigned int*)
                0x00000000c001e5aa                FAT::setlabel(LogicalDisk*, int, char*)
                0x00000000c001e664                FAT::format(LogicalDisk*, int, char const*, int)
                0x00000000c001e848                FAT::tryMount(LogicalDisk*, int)
                0x00000000c001ea4e                FAT::readDir(void*, unsigned long, void*, int*)
                0x00000000c001eb54                FAT::read(void*, unsigned long, void*, int*)
                0x00000000c001ebae                FAT::write(void*, unsigned long, void*, int*)
                0x00000000c001ec08                FAT::close(void*)
                0x00000000c001ec54                FAT::closeDir(void*)
                0x00000000c001eca0                FAT::seek(void*, unsigned long long)
                0x00000000c001ecf4                fatWrapperReadDisk
                0x00000000c001ed3b                fatWrapperWriteDisk
                0x00000000c001ed82                fatWrapperIoctl
                0x00000000c001ee86                FAT::FAT()
                0x00000000c001ee86                FAT::FAT()
                0x00000000c001eed8                FAT::fixFilepath(char*)
                0x00000000c001ef10                FAT::open(char const*, void**, FileOpenMode)
                0x00000000c001f038                FAT::openDir(char const*, void**)
                0x00000000c001f0de                FAT::stat(char const*, unsigned long long*, bool*)
                0x00000000c001f1c8                FAT::unlink(char const*)
                0x00000000c001f242                FAT::chfatattr(char const*, unsigned char, unsigned char)
                0x00000000c001f396                FAT::rename(char const*, char const*)
                0x00000000c001f45a                FAT::mkdir(char const*)
                0x00000000c001f4d4                FAT::exists(char const*)
 *fill*         0x00000000c001f53f        0x1 
 .text          0x00000000c001f540      0xbdf fs/iso9660/vfslink.32
                0x00000000c001f540                ISO9660::format(LogicalDisk*, int, char const*, int)
                0x00000000c001f546                ISO9660::seek(void*, unsigned long long)
                0x00000000c001f576                ISO9660::tell(void*, unsigned long long*)
                0x00000000c001f59a                ISO9660::getName()
                0x00000000c001f5a0                ISO9660::stat(void*, unsigned long long*)
                0x00000000c001f5c4                ISO9660::chfatattr(char const*, unsigned char, unsigned char)
                0x00000000c001f5ca                ISO9660::unlink(char const*)
                0x00000000c001f5d0                ISO9660::write(void*, unsigned long, void*, int*)
                0x00000000c001f5d6                ISO9660::rename(char const*, char const*)
                0x00000000c001f5dc                ISO9660::mkdir(char const*)
                0x00000000c001f5e2                ISO9660::close(void*)
                0x00000000c001f604                ISO9660::closeDir(void*)
                0x00000000c001f626                ISO9660::~ISO9660()
                0x00000000c001f626                ISO9660::~ISO9660()
                0x00000000c001f64a                ISO9660::~ISO9660()
                0x00000000c001f671                __memmem(unsigned char*, int, unsigned char*, int)
                0x00000000c001f6b3                readSectorFromCDROM(unsigned int, unsigned char*, char)
                0x00000000c001f71a                ISO9660::tryMount(LogicalDisk*, int)
                0x00000000c001f76a                ISO9660::read(void*, unsigned long, void*, int*)
                0x00000000c001f9ae                ISO9660::readDir(void*, unsigned long, void*, int*)
                0x00000000c001fc3b                readRoot(unsigned int*, unsigned int*, char)
                0x00000000c001fc90                readRecursively(char*, unsigned int, unsigned int, unsigned int*, unsigned int*, char, int*)
                0x00000000c001fe63                getFileData(char*, unsigned int*, unsigned int*, char, int*)
                0x00000000c001fef2                ISO9660::open(char const*, void**, FileOpenMode)
                0x00000000c001ff8c                ISO9660::exists(char const*)
                0x00000000c001ffb0                ISO9660::stat(char const*, unsigned long long*, bool*)
                0x00000000c0020044                ISO9660::openDir(char const*, void**)
                0x00000000c00200fc                ISO9660::ISO9660()
                0x00000000c00200fc                ISO9660::ISO9660()
 *fill*         0x00000000c002011f        0x1 
 .text          0x00000000c0020120      0x326 hal/sound/sndchannel.32
                0x00000000c0020120                SoundChannel::~SoundChannel()
                0x00000000c0020120                SoundChannel::~SoundChannel()
                0x00000000c002013c                SoundChannel::setSpeed(float)
                0x00000000c0020148                SoundChannel::getSpeed()
                0x00000000c0020150                SoundChannel::setVolume(int)
                0x00000000c002016c                SoundChannel::getVolume()
                0x00000000c0020174                SoundChannel::pause()
                0x00000000c002017e                SoundChannel::SoundChannel(int, int, int, int)
                0x00000000c002017e                SoundChannel::SoundChannel(int, int, int, int)
                0x00000000c00202d4                SoundChannel::play()
                0x00000000c00202de                SoundChannel::paused()
                0x00000000c00202e6                SoundChannel::getSampleRate()
                0x00000000c00202ee                SoundChannel::getBits()
                0x00000000c00202f6                SoundChannel::getBufferUsed()
                0x00000000c00202fe                SoundChannel::getBufferSize()
                0x00000000c0020306                SoundChannel::unbuffer(float*, int, int)
                0x00000000c00203a6                SoundChannel::buffer8(unsigned char*, int)
 .text          0x00000000c0020446      0x3d5 hal/sound/sndhw.32
                0x00000000c0020446                SoundDevice::SoundDevice(char const*)
                0x00000000c0020446                SoundDevice::SoundDevice(char const*)
                0x00000000c00204b2                SoundDevice::~SoundDevice()
                0x00000000c00204b2                SoundDevice::~SoundDevice()
                0x00000000c002052c                SoundDevice::~SoundDevice()
                0x00000000c0020556                SoundDevice::getFreeChannelNum()
                0x00000000c0020570                SoundDevice::addChannel(SoundChannel*)
                0x00000000c00205e0                SoundDevice::removeChannel(int)
                0x00000000c0020612                SoundDevice::floatTo8(float*, unsigned char*, int)
                0x00000000c00206fa                SoundDevice::getAudio(int, float*, float*)
 .text          0x00000000c002081b        0x0 hw/bus/isa.32
 *fill*         0x00000000c002081b        0x1 
 .text          0x00000000c002081c      0x6c1 hw/bus/pci.32
                0x00000000c002081c                PCI::open(int, int, void*)
                0x00000000c0020830                PCI::close(int, int, void*)
                0x00000000c0020834                PCI::PCI()
                0x00000000c0020834                PCI::PCI()
                0x00000000c00208b4                PCI::pciReadWord(unsigned char, unsigned char, unsigned char, unsigned char)
                0x00000000c00208fc                PCI::getVendorID(unsigned char, unsigned char, unsigned char)
                0x00000000c002091e                PCI::getHeaderType(unsigned char, unsigned char, unsigned char)
                0x00000000c0020942                PCI::getClassCode(unsigned char, unsigned char, unsigned char)
                0x00000000c0020986                PCI::getProgIF(unsigned char, unsigned char, unsigned char)
                0x00000000c00209aa                PCI::getRevisionID(unsigned char, unsigned char, unsigned char)
                0x00000000c00209cc                PCI::getInterruptNumber(unsigned char, unsigned char, unsigned char)
                0x00000000c00209ee                PCI::getSecondaryBus(unsigned char, unsigned char, unsigned char)
                0x00000000c0020a12                PCI::getBARAddress(unsigned char, unsigned char, unsigned char, unsigned char)
                0x00000000c0020a72                PCI::pciWriteWord(unsigned char, unsigned char, unsigned char, unsigned char, unsigned short)
                0x00000000c0020ade                PCI::checkBus(unsigned char)
                0x00000000c0020b02                PCI::foundDevice(PCIDeviceInfo)
                0x00000000c0020c72                PCI::getDeviceData(unsigned char, unsigned char, unsigned char)
                0x00000000c0020e1e                PCI::checkDevice(unsigned char, unsigned char)
                0x00000000c0020e8a                PCI::detect()
 *fill*         0x00000000c0020edd        0x1 
 .text          0x00000000c0020ede      0xc70 hw/diskctrl/ide.32
                0x00000000c0020ede                IDE::close(int, int, void*)
                0x00000000c0020ee2                IDE::IDE()
                0x00000000c0020ee2                IDE::IDE()
                0x00000000c0020f16                IDE::prepareInterrupt(unsigned char)
                0x00000000c0020f28                selectDrive(unsigned char, unsigned char)
                0x00000000c0020f2a                IDE::getBase(unsigned char)
                0x00000000c0020f3c                IDE::write(unsigned char, unsigned char, unsigned char)
                0x00000000c0020ffc                IDE::read(unsigned char, unsigned char)
                0x00000000c00210aa                IDE::waitInterrupt(unsigned char)
                0x00000000c0021110                ideChannel0IRQHandler(regs*, void*)
                0x00000000c002112c                ideChannel1IRQHandler(regs*, void*)
                0x00000000c0021148                IDE::enableIRQs(unsigned char, bool)
                0x00000000c002118e                IDE::open(int, int, void*)
                0x00000000c002159e                IDE::readBuffer(unsigned char, unsigned char, unsigned int, unsigned int)
                0x00000000c002166a                IDE::detect()
                0x00000000c0021952                IDE::printError(unsigned char, unsigned char, unsigned char)
                0x00000000c0021ae8                IDE::polling(unsigned char, unsigned int)
 .text          0x00000000c0021b4e      0x62b hw/diskphys/ata.32
                0x00000000c0021b4e                ATA::close(int, int, void*)
                0x00000000c0021b72                ATA::powerSaving(PowerSavingLevel)
                0x00000000c0021b74                ATA::ATA()
                0x00000000c0021b74                ATA::ATA()
                0x00000000c0021ba2                ATA::flush(bool)
                0x00000000c0021bec                ATA::readyForCommand()
                0x00000000c0021c3c                ATA::access(unsigned long long, int, void*, bool)
                0x00000000c0021fba                ATA::read(unsigned long long, int, void*)
                0x00000000c0022022                ATA::write(unsigned long long, int, void*)
                0x00000000c002208a                ATA::detectCHS()
                0x00000000c00220b4                ATA::open(int, int, void*)
 *fill*         0x00000000c0022179        0x1 
 .text          0x00000000c002217a      0x5b3 hw/diskphys/atapi.32
                0x00000000c002217a                ATAPI::write(unsigned long long, int, void*)
                0x00000000c0022180                ATAPI::close(int, int, void*)
                0x00000000c00221a4                ATAPI::ATAPI()
                0x00000000c00221a4                ATAPI::ATAPI()
                0x00000000c00221d2                ATAPI::readyForCommand()
                0x00000000c0022222                ATAPI::sendPacket(unsigned char*, int, bool, unsigned short*, int)
                0x00000000c00224e2                ATAPI::diskRemoved()
                0x00000000c00224fe                ATAPI::eject()
                0x00000000c0022544                ATAPI::diskInserted()
                0x00000000c0022572                ATAPI::detectMedia()
                0x00000000c002262e                ATAPI::open(int, int, void*)
                0x00000000c00226ae                ATAPI::read(unsigned long long, int, void*)
 *fill*         0x00000000c002272d        0x1 
 .text          0x00000000c002272e       0x8e hw/fpu/avx.32
                0x00000000c002272e                AVX::open(int, int, void*)
                0x00000000c0022740                AVX::close(int, int, void*)
                0x00000000c0022752                AVX::available()
                0x00000000c0022764                AVX::save(void*)
                0x00000000c002277c                AVX::load(void*)
                0x00000000c0022794                AVX::AVX()
                0x00000000c0022794                AVX::AVX()
 .text          0x00000000c00227bc       0x90 hw/fpu/mmx.32
                0x00000000c00227bc                MMX::available()
                0x00000000c00227d0                MMX::open(int, int, void*)
                0x00000000c00227e2                MMX::close(int, int, void*)
                0x00000000c00227f4                MMX::save(void*)
                0x00000000c002280c                MMX::load(void*)
                0x00000000c0022824                MMX::MMX()
                0x00000000c0022824                MMX::MMX()
 .text          0x00000000c002284c       0x96 hw/fpu/sse.32
                0x00000000c002284c                SSE::open(int, int, void*)
                0x00000000c002285e                SSE::close(int, int, void*)
                0x00000000c0022870                SSE::available()
                0x00000000c002288a                SSE::save(void*)
                0x00000000c00228a2                SSE::load(void*)
                0x00000000c00228ba                SSE::SSE()
                0x00000000c00228ba                SSE::SSE()
 .text          0x00000000c00228e2       0x8e hw/fpu/x87.32
                0x00000000c00228e2                x87::open(int, int, void*)
                0x00000000c00228f4                x87::close(int, int, void*)
                0x00000000c0022906                x87::available()
                0x00000000c0022918                x87::save(void*)
                0x00000000c0022930                x87::load(void*)
                0x00000000c0022948                x87::x87()
                0x00000000c0022948                x87::x87()
 .text          0x00000000c0022970      0x5f3 hw/intctrl/apic.32
                0x00000000c0022970                APIC::disable()
                0x00000000c0022972                APIC::close(int, int, void*)
                0x00000000c0022994                IOAPIC::close(int, int, void*)
                0x00000000c002299a                APIC::io_wait()
                0x00000000c00229a0                APIC::getBase()
                0x00000000c00229e2                APIC::eoi(unsigned char)
                0x00000000c0022a10                APIC::open(int, int, void*)
                0x00000000c0022aca                IOAPIC::IOAPIC()
                0x00000000c0022aca                IOAPIC::IOAPIC()
                0x00000000c0022af2                APIC::APIC()
                0x00000000c0022af2                APIC::APIC()
                0x00000000c0022bc2                IOAPIC::handlesGSIWithNumber(unsigned int)
                0x00000000c0022bf4                IOAPIC::read(int)
                0x00000000c0022c1c                IOAPIC::open(int, int, void*)
                0x00000000c0022d12                IOAPIC::write(int, int)
                0x00000000c0022d3e                IOAPIC::redirect(unsigned char, unsigned long long, unsigned char)
                0x00000000c0022df8                APIC::installIRQHandler(int, void (*)(regs*, void*), bool, void*)
 *fill*         0x00000000c0022f63        0x1 
 .text          0x00000000c0022f64      0x3d3 hw/intctrl/pic.32
                0x00000000c0022f64                PIC::disable()
                0x00000000c0022f92                PIC::close(int, int, void*)
                0x00000000c0022fb4                PIC::PIC()
                0x00000000c0022fb4                PIC::PIC()
                0x00000000c002308a                PIC::ioWait()
                0x00000000c0023090                PIC::getIRQReg(int)
                0x00000000c00230fa                PIC::eoi(unsigned char)
                0x00000000c002318c                PIC::remap()
                0x00000000c00232f8                PIC::open(int, int, void*)
 *fill*         0x00000000c0023337        0x1 
 .text          0x00000000c0023338      0x252 hw/timer/apictimer.32
                0x00000000c0023338                APICTimer::close(int, int, void*)
                0x00000000c002333e                apicTimerHandler(regs*, void*)
                0x00000000c002336c                APICTimer::write(int)
                0x00000000c002346a                APICTimer::open(int, int, void*)
                0x00000000c0023562                APICTimer::APICTimer()
                0x00000000c0023562                APICTimer::APICTimer()
 .text          0x00000000c002358a      0x1a7 hw/timer/pit.32
                0x00000000c002358a                PIT::write(int)
                0x00000000c0023608                pitHandler(regs*, void*)
                0x00000000c0023634                PIT::open(int, int, void*)
                0x00000000c0023682                PIT::close(int, int, void*)
                0x00000000c00236b2                PIT::PIT()
                0x00000000c00236b2                PIT::PIT()
 *fill*         0x00000000c0023731        0xf 
 .text          0x00000000c0023740        0xa hw/fpu/x86/avx.32
                0x00000000c0023740                avxDetect
                0x00000000c0023746                avxSave
                0x00000000c0023747                avxLoad
                0x00000000c0023748                avxInit
                0x00000000c0023749                avxClose
 *fill*         0x00000000c002374a        0x6 
 .text          0x00000000c0023750       0x38 hw/fpu/x86/sse.32
                0x00000000c0023750                sseDetect
                0x00000000c002376b                sseSave
                0x00000000c0023771                sseLoad
                0x00000000c0023777                sseInit
                0x00000000c0023787                sseClose
 *fill*         0x00000000c0023788        0x8 
 .text          0x00000000c0023790       0x47 hw/fpu/x86/x87.32
                0x00000000c0023796                x87Detect
                0x00000000c00237b1                x87Save
                0x00000000c00237b7                x87Load
                0x00000000c00237bc                x87Init
                0x00000000c00237d6                x87Close
 *fill*         0x00000000c00237d7        0x1 
 .text          0x00000000c00237d8       0x25 /cygdrive/d/Users/Alex/Desktop/Toolchain/Output/bin/../lib/gcc/i386-banana/8.1.0/crtend.o
 .text          0x00000000c00237fd        0x0 crtn.32
 *fill*         0x00000000c00237fd        0x3 
 .text          0x00000000c0023800       0x72 /cygdrive/d/Users/Alex/Desktop/Toolchain/Output/bin/../lib/gcc/i386-banana/8.1.0/libgcc.a(_fixunsdfsi.o)
                0x00000000c0023800                __fixunsdfsi
 *fill*         0x00000000c0023872        0x2 
 .text          0x00000000c0023874       0x50 /cygdrive/d/Users/Alex/Desktop/Toolchain/Output/bin/../lib/gcc/i386-banana/8.1.0/libgcc.a(_fixdfdi.o)
                0x00000000c0023874                __fixdfdi
 .text          0x00000000c00238c4       0x71 /cygdrive/d/Users/Alex/Desktop/Toolchain/Output/bin/../lib/gcc/i386-banana/8.1.0/libgcc.a(_fixunsdfdi.o)
                0x00000000c00238c4                __fixunsdfdi
 *fill*         0x00000000c0023935        0x3 
 .text          0x00000000c0023938       0x2d /cygdrive/d/Users/Alex/Desktop/Toolchain/Output/bin/../lib/gcc/i386-banana/8.1.0/libgcc.a(_floatdidf.o)
                0x00000000c0023938                __floatdidf
 *fill*         0x00000000c0023965        0x3 
 .text          0x00000000c0023968       0x3c /cygdrive/d/Users/Alex/Desktop/Toolchain/Output/bin/../lib/gcc/i386-banana/8.1.0/libgcc.a(_floatundidf.o)
                0x00000000c0023968                __floatundidf
 .text          0x00000000c00239a4      0x14b /cygdrive/d/Users/Alex/Desktop/Toolchain/Output/bin/../lib/gcc/i386-banana/8.1.0/libgcc.a(_divdi3.o)
                0x00000000c00239a4                __divdi3
 *fill*         0x00000000c0023aef        0x1 
 .text          0x00000000c0023af0      0x17e /cygdrive/d/Users/Alex/Desktop/Toolchain/Output/bin/../lib/gcc/i386-banana/8.1.0/libgcc.a(_moddi3.o)
                0x00000000c0023af0                __moddi3
 *fill*         0x00000000c0023c6e        0x2 
 .text          0x00000000c0023c70       0xff /cygdrive/d/Users/Alex/Desktop/Toolchain/Output/bin/../lib/gcc/i386-banana/8.1.0/libgcc.a(_udivdi3.o)
                0x00000000c0023c70                __udivdi3
 *fill*         0x00000000c0023d6f        0x1 
 .text          0x00000000c0023d70      0x11a /cygdrive/d/Users/Alex/Desktop/Toolchain/Output/bin/../lib/gcc/i386-banana/8.1.0/libgcc.a(_umoddi3.o)
                0x00000000c0023d70                __umoddi3
 .text          0x00000000c0023e8a      0x96d D:/Users/Alex/Desktop/Banana/kernel/libsoftfp.a(sfieeelib.o)
                0x00000000c0023e8a                __addsf3
                0x00000000c002418c                __subsf3
                0x00000000c00241a0                __negsf2
                0x00000000c00241ad                __mulsf3
                0x00000000c0024370                __divsf3
                0x00000000c002459b                __floatsisf
                0x00000000c002460f                __floatunsisf
                0x00000000c0024651                __fixsfsi
                0x00000000c00246b3                __fixunssfsi
                0x00000000c00246e4                __cmpsf2
                0x00000000c0024779                __eqsf2
                0x00000000c00247b4                __nesf2
                0x00000000c00247b6                __gtsf2
                0x00000000c00247f1                __gesf2
                0x00000000c00247f3                __ltsf2
                0x00000000c00247f5                __lesf2
 .text          0x00000000c00247f7      0xf50 D:/Users/Alex/Desktop/Banana/kernel/libsoftfp.a(dfieeelib.o)
                0x00000000c00247f7                __adddf3
                0x00000000c0024e48                __subdf3
                0x00000000c0024e63                __negdf2
                0x00000000c0024e74                __muldf3
                0x00000000c0025158                __divdf3
                0x00000000c00254d7                __floatsidf
                0x00000000c0025532                __floatunsidf
                0x00000000c0025570                __fixdfsi
                0x00000000c0025619                __cmpdf2
                0x00000000c0025707                __eqdf2
                0x00000000c0025723                __nedf2
                0x00000000c0025725                __gtdf2
                0x00000000c0025741                __gedf2
                0x00000000c0025743                __ltdf2
                0x00000000c0025745                __ledf2
 .text          0x00000000c0025747      0x18d D:/Users/Alex/Desktop/Banana/kernel/libsoftfp.a(sfdfcvt.o)
                0x00000000c0025747                __truncdfsf2
                0x00000000c002586b                __extendsfdf2
 *fill*         0x00000000c00258d4        0xc 
 .text          0x00000000c00258e0       0x1e D:/Users/Alex/Desktop/Banana/kernel/libk/libm32.a(s_fabs.c.o)
                0x00000000c00258e0                fabs
 *fill*         0x00000000c00258fe        0x2 
 .text          0x00000000c0025900        0xc D:/Users/Alex/Desktop/Banana/kernel/libk/libm32.a(s_lrint.S.o)
                0x00000000c0025900                lrint
 .text          0x00000000c002590c        0xc D:/Users/Alex/Desktop/Banana/kernel/libk/libm32.a(s_lrintf.S.o)
                0x00000000c002590c                lrintf
 *(.gnu.linkonce.t*)

.iplt           0x00000000c0025918        0x0
 .iplt          0x00000000c0025918        0x0 D:/Users/Alex/Desktop/Banana/kernel/boot.32

.init           0x00000000c0025918        0xf
 .init          0x00000000c0025918        0x3 crti.32
                0x00000000c0025918                _init
 .init          0x00000000c002591b        0x5 /cygdrive/d/Users/Alex/Desktop/Toolchain/Output/bin/../lib/gcc/i386-banana/8.1.0/crtbegin.o
 .init          0x00000000c0025920        0x5 /cygdrive/d/Users/Alex/Desktop/Toolchain/Output/bin/../lib/gcc/i386-banana/8.1.0/crtend.o
 .init          0x00000000c0025925        0x2 crtn.32

.fini           0x00000000c0025927        0xa
 .fini          0x00000000c0025927        0x3 crti.32
                0x00000000c0025927                _fini
 .fini          0x00000000c002592a        0x5 /cygdrive/d/Users/Alex/Desktop/Toolchain/Output/bin/../lib/gcc/i386-banana/8.1.0/crtbegin.o
 .fini          0x00000000c002592f        0x2 crtn.32

.text._ZN8ComputerD2Ev
                0x00000000c0025932       0x23
 .text._ZN8ComputerD2Ev
                0x00000000c0025932       0x23 core/computer.32
                0x00000000c0025932                Computer::~Computer()
                0x00000000c0025932                Computer::~Computer()

.text._ZN8ComputerD0Ev
                0x00000000c0025956       0x2a
 .text._ZN8ComputerD0Ev
                0x00000000c0025956       0x2a core/computer.32
                0x00000000c0025956                Computer::~Computer()

.text._Z10idleCommonv
                0x00000000c0025980       0x15
 .text._Z10idleCommonv
                0x00000000c0025980       0x15 core/idle.32
                0x00000000c0025980                idleCommon()

.text._ZN3CPU7readCR3Ev
                0x00000000c0025995       0x12
 .text._ZN3CPU7readCR3Ev
                0x00000000c0025995       0x12 core/kheap.32
                0x00000000c0025995                CPU::readCR3()

.text._ZN3CPU8writeCR3Em
                0x00000000c00259a7        0x9
 .text._ZN3CPU8writeCR3Em
                0x00000000c00259a7        0x9 core/kheap.32
                0x00000000c00259a7                CPU::writeCR3(unsigned long)

.text._ZN10LinkedListI8UnixFileED2Ev
                0x00000000c00259b0        0x2
 .text._ZN10LinkedListI8UnixFileED2Ev
                0x00000000c00259b0        0x2 core/unixfile.32
                0x00000000c00259b0                LinkedList<UnixFile>::~LinkedList()
                0x00000000c00259b0                LinkedList<UnixFile>::~LinkedList()

.text._ZN10LinkedListI8UnixFileEC2Ev
                0x00000000c00259b2       0x58
 .text._ZN10LinkedListI8UnixFileEC2Ev
                0x00000000c00259b2       0x58 core/unixfile.32
                0x00000000c00259b2                LinkedList<UnixFile>::LinkedList()
                0x00000000c00259b2                LinkedList<UnixFile>::LinkedList()

.text._ZN10LinkedListI8UnixFileE10addElementEPS0_
                0x00000000c0025a0a       0xd3
 .text._ZN10LinkedListI8UnixFileE10addElementEPS0_
                0x00000000c0025a0a       0xd3 core/unixfile.32
                0x00000000c0025a0a                LinkedList<UnixFile>::addElement(UnixFile*)

.text._ZN10LinkedListI8UnixFileE15getFirstElementEv
                0x00000000c0025ade        0x7
 .text._ZN10LinkedListI8UnixFileE15getFirstElementEv
                0x00000000c0025ade        0x7 core/unixfile.32
                0x00000000c0025ade                LinkedList<UnixFile>::getFirstElement()

.text._ZN10LinkedListI8UnixFileE11removeFirstEv
                0x00000000c0025ae6       0xa1
 .text._ZN10LinkedListI8UnixFileE11removeFirstEv
                0x00000000c0025ae6       0xa1 core/unixfile.32
                0x00000000c0025ae6                LinkedList<UnixFile>::removeFirst()

.text._ZN10LinkedListI8UnixFileE7getNextEPS0_
                0x00000000c0025b88        0x8
 .text._ZN10LinkedListI8UnixFileE7getNextEPS0_
                0x00000000c0025b88        0x8 core/unixfile.32
                0x00000000c0025b88                LinkedList<UnixFile>::getNext(UnixFile*)

.text._ZN16DriverlessDeviceD2Ev
                0x00000000c0025b90       0x1a
 .text._ZN16DriverlessDeviceD2Ev
                0x00000000c0025b90       0x1a hal/device.32
                0x00000000c0025b90                DriverlessDevice::~DriverlessDevice()
                0x00000000c0025b90                DriverlessDevice::~DriverlessDevice()

.text._ZN16DriverlessDeviceD0Ev
                0x00000000c0025baa       0x2a
 .text._ZN16DriverlessDeviceD0Ev
                0x00000000c0025baa       0x2a hal/device.32
                0x00000000c0025baa                DriverlessDevice::~DriverlessDevice()

.text._ZN10LinkedListI6DeviceE10addElementEPS0_
                0x00000000c0025bd4       0xdc
 .text._ZN10LinkedListI6DeviceE10addElementEPS0_
                0x00000000c0025bd4       0xdc hal/device.32
                0x00000000c0025bd4                LinkedList<Device>::addElement(Device*)

.text._ZN10LinkedListI6DeviceEC2Ev
                0x00000000c0025cb0       0x58
 .text._ZN10LinkedListI6DeviceEC2Ev
                0x00000000c0025cb0       0x58 hal/device.32
                0x00000000c0025cb0                LinkedList<Device>::LinkedList()
                0x00000000c0025cb0                LinkedList<Device>::LinkedList()

.text._ZN3CPU7readCR0Ev
                0x00000000c0025d08       0x12
 .text._ZN3CPU7readCR0Ev
                0x00000000c0025d08       0x12 hal/fpu.32
                0x00000000c0025d08                CPU::readCR0()

.text._ZN3CPU8writeCR0Em
                0x00000000c0025d1a        0x9
 .text._ZN3CPU8writeCR0Em
                0x00000000c0025d1a        0x9 hal/fpu.32
                0x00000000c0025d1a                CPU::writeCR0(unsigned long)

.text._ZN3CPU7readDR0Ev
                0x00000000c0025d23       0x12