Archive member included to satisfy reference by file (symbol)

/cygdrive/d/Users/Alex/Desktop/Toolchain/Output/bin/../lib/gcc/i386-banana/8.1.0/libgcc.a(_divdi3.o)
                              fs/fat/ff.32 (__divdi3)
/cygdrive/d/Users/Alex/Desktop/Toolchain/Output/bin/../lib/gcc/i386-banana/8.1.0/libgcc.a(_moddi3.o)
                              thr/elf.32 (__moddi3)
/cygdrive/d/Users/Alex/Desktop/Toolchain/Output/bin/../lib/gcc/i386-banana/8.1.0/libgcc.a(_udivdi3.o)
                              fs/fat/ff.32 (__udivdi3)
/cygdrive/d/Users/Alex/Desktop/Toolchain/Output/bin/../lib/gcc/i386-banana/8.1.0/libgcc.a(_umoddi3.o)
                              core/pipe.32 (__umoddi3)
D:/Users/Alex/Desktop/Banana/kernel/libk/libm32.a(s_fabs.c.o)
                              hal/libresample/samplerate.32 (fabs)
D:/Users/Alex/Desktop/Banana/kernel/libk/libm32.a(s_lrint.S.o)
                              hal/libresample/samplerate.32 (lrint)
D:/Users/Alex/Desktop/Banana/kernel/libk/libm32.a(s_lrintf.S.o)
                              hal/sound/sndhw.32 (lrintf)

Discarded input sections

 .comment       0x0000000000000000       0x12 /cygdrive/d/Users/Alex/Desktop/Toolchain/Output/bin/../lib/gcc/i386-banana/8.1.0/crtbegin.o
 .comment       0x0000000000000000       0x12 acpica/utclib.32
 .comment       0x0000000000000000       0x12 core/malloc.32
 .comment       0x0000000000000000       0x12 libk/string.32
 .comment       0x0000000000000000       0x12 fs/fat/diskio.32
 .comment       0x0000000000000000       0x12 fs/fat/ff.32
 .comment       0x0000000000000000       0x12 fs/fat/ffsystem.32
 .comment       0x0000000000000000       0x12 fs/fat/ffunicode.32
 .comment       0x0000000000000000       0x12 hal/libresample/samplerate.32
 .comment       0x0000000000000000       0x12 hal/libresample/src_linear.32
 .comment       0x0000000000000000       0x12 hal/libresample/src_sinc.32
 .comment       0x0000000000000000       0x12 hal/libresample/src_zoh.32
 .group         0x0000000000000000       0x14 core/computer.32
 .group         0x0000000000000000        0xc core/computer.32
 .comment       0x0000000000000000       0x12 core/computer.32
 .comment       0x0000000000000000       0x12 core/gdt.32
 .group         0x0000000000000000        0xc core/idle.32
 .comment       0x0000000000000000       0x12 core/idle.32
 .comment       0x0000000000000000       0x12 core/idt.32
 .group         0x0000000000000000        0x8 core/kheap.32
 .group         0x0000000000000000        0x8 core/kheap.32
 .comment       0x0000000000000000       0x12 core/kheap.32
 .comment       0x0000000000000000       0x12 core/main.32
 .comment       0x0000000000000000       0x12 core/physmgr.32
 .group         0x0000000000000000        0xc core/pipe.32
 .comment       0x0000000000000000       0x12 core/pipe.32
 .group         0x0000000000000000        0xc core/terminal.32
 .comment       0x0000000000000000       0x12 core/terminal.32
 .group         0x0000000000000000        0x8 core/tss.32
 .text._ZN3CPU7readCR3Ev
                0x0000000000000000       0x12 core/tss.32
 .comment       0x0000000000000000       0x12 core/tss.32
 .group         0x0000000000000000        0x8 core/unixfile.32
 .group         0x0000000000000000        0xc core/unixfile.32
 .group         0x0000000000000000        0xc core/unixfile.32
 .group         0x0000000000000000        0x8 core/unixfile.32
 .group         0x0000000000000000        0xc core/unixfile.32
 .group         0x0000000000000000        0x8 core/unixfile.32
 .group         0x0000000000000000        0xc core/unixfile.32
 .group         0x0000000000000000        0xc core/unixfile.32
 .comment       0x0000000000000000       0x12 core/unixfile.32
 .group         0x0000000000000000        0x8 core/virtmgr.32
 .group         0x0000000000000000        0x8 core/virtmgr.32
 .text._ZN3CPU7readCR3Ev
                0x0000000000000000       0x12 core/virtmgr.32
 .text._ZN3CPU8writeCR3Em
                0x0000000000000000        0x9 core/virtmgr.32
 .comment       0x0000000000000000       0x12 core/virtmgr.32
 .comment       0x0000000000000000       0x12 coreobjs/c++.32
 .comment       0x0000000000000000       0x12 dbg/kconsole.32
 .group         0x0000000000000000        0xc fs/vfs.32
 .group         0x0000000000000000        0xc fs/vfs.32
 .group         0x0000000000000000        0xc fs/vfs.32
 .comment       0x0000000000000000       0x12 fs/vfs.32
 .group         0x0000000000000000        0xc hal/bus.32
 .comment       0x0000000000000000       0x12 hal/bus.32
 .group         0x0000000000000000        0xc hal/buzzer.32
 .comment       0x0000000000000000       0x12 hal/buzzer.32
 .group         0x0000000000000000        0xc hal/clock.32
 .comment       0x0000000000000000       0x12 hal/clock.32
 .group         0x0000000000000000       0x14 hal/device.32
 .group         0x0000000000000000        0xc hal/device.32
 .group         0x0000000000000000        0xc hal/device.32
[...]
Memory Configuration

Name             Origin             Length             Attributes
*default*        0x0000000000000000 0xffffffffffffffff

Linker script and memory map

LOAD D:/Users/Alex/Desktop/Banana/kernel/boot.32
LOAD crti.32
LOAD /cygdrive/d/Users/Alex/Desktop/Toolchain/Output/bin/../lib/gcc/i386-banana/8.1.0/crtbegin.o
LOAD D:/Users/Alex/Desktop/Banana/kernel/morenasm.32
LOAD acpica/utclib.32
LOAD core/malloc.32
LOAD libk/string.32
LOAD fs/fat/diskio.32
LOAD fs/fat/ff.32
LOAD fs/fat/ffsystem.32
LOAD fs/fat/ffunicode.32
LOAD hal/libresample/samplerate.32
LOAD hal/libresample/src_linear.32
LOAD hal/libresample/src_sinc.32
LOAD hal/libresample/src_zoh.32
LOAD core/computer.32
LOAD core/gdt.32
LOAD core/idle.32
LOAD core/idt.32
LOAD core/kheap.32
LOAD core/main.32
LOAD core/physmgr.32
LOAD core/pipe.32
LOAD core/terminal.32
LOAD core/tss.32
LOAD core/unixfile.32
LOAD core/virtmgr.32
LOAD coreobjs/c++.32
LOAD dbg/kconsole.32
LOAD fs/vfs.32
LOAD hal/bus.32
LOAD hal/buzzer.32
LOAD hal/clock.32
LOAD hal/device.32
LOAD hal/diskctrl.32
LOAD hal/diskphys.32
LOAD hal/fpu.32
LOAD hal/intctrl.32
LOAD hal/keybrd.32
LOAD hal/logidisk.32
LOAD hal/mouse.32
LOAD hal/partition.32
LOAD hal/timer.32
LOAD hal/vcache.32
LOAD hal/video.32
LOAD hw/acpi.32
LOAD hw/cpu.32
LOAD hw/ports.32
LOAD krnl/panic.32
LOAD reg/registry.32
LOAD sys/sc_exit.32
LOAD sys/sc_loaddll.32
LOAD sys/sc_read.32
LOAD sys/sc_sbrk.32
LOAD sys/sc_write.32
LOAD sys/sc_yield.32
LOAD sys/syscalls.32
LOAD thr/elf.32
LOAD thr/prcssthr.32
LOAD vm86/vm8086.32
LOAD fs/fat/vfslink.32
LOAD fs/iso9660/vfslink.32
LOAD hal/sound/sndchannel.32
LOAD hal/sound/sndhw.32
LOAD hw/bus/isa.32
LOAD hw/bus/pci.32
LOAD hw/diskctrl/ide.32
LOAD hw/diskphys/ata.32
LOAD hw/diskphys/atapi.32
LOAD hw/fpu/avx.32
LOAD hw/fpu/mmx.32
LOAD hw/fpu/sse.32
LOAD hw/fpu/x87.32
LOAD hw/intctrl/apic.32
LOAD hw/intctrl/pic.32
LOAD hw/timer/apictimer.32
LOAD hw/timer/pit.32
LOAD hw/fpu/x86/avx.32
LOAD hw/fpu/x86/sse.32
LOAD hw/fpu/x86/x87.32
LOAD /cygdrive/d/Users/Alex/Desktop/Toolchain/Output/bin/../lib/gcc/i386-banana/8.1.0/crtend.o
LOAD crtn.32
LOAD /cygdrive/d/Users/Alex/Desktop/Toolchain/Output/bin/../lib/gcc/i386-banana/8.1.0/libgcc.a
LOAD D:/Users/Alex/Desktop/Banana/kernel/libk/libm32.a
                0x00000000c0000000                . = 0xc0000000

.text           0x00000000c0000000    0x1f3f8
 *(.text)
 .text          0x00000000c0000000       0x41 D:/Users/Alex/Desktop/Banana/kernel/boot.32
                0x00000000c0000020                callGlobalConstructors
 .text          0x00000000c0000041        0x0 crti.32
 *fill*         0x00000000c0000041        0x3 
 .text          0x00000000c0000044      0x101 /cygdrive/d/Users/Alex/Desktop/Toolchain/Output/bin/../lib/gcc/i386-banana/8.1.0/crtbegin.o
 *fill*         0x00000000c0000145        0xb 
 .text          0x00000000c0000150      0x4d1 D:/Users/Alex/Desktop/Banana/kernel/morenasm.32
                0x00000000c0000150                voodooXADD
                0x00000000c0000202                doTPAUSE
                0x00000000c000020c                hasLegacyFPU
                0x00000000c0000231                is486
                0x00000000c0000267                goToVM86
                0x00000000c0000298                goToUsermode
                0x00000000c00002c3                switchToThreadASMFirstTime
                0x00000000c00002d1                switchToThreadASM
                0x00000000c0000371                detectCPUID
                0x00000000c0000387                asmQuickAcquireLock
                0x00000000c00003a5                asmQuickReleaseLock
                0x00000000c00003b1                asmAcquireLock
                0x00000000c00003d2                asmReleaseLock
                0x00000000c00003e5                loadGDT
                0x00000000c0000405                isr0
                0x00000000c0000415                isr1
                0x00000000c000041f                isr2
                0x00000000c0000429                isr3
                0x00000000c0000433                isr4
                0x00000000c000043d                isr5
                0x00000000c0000447                isr6
                0x00000000c0000451                isr7
                0x00000000c000045b                isr8
                0x00000000c0000463                isr9
                0x00000000c000046d                isr10
                0x00000000c0000475                isr11
                0x00000000c000047d                isr12
                0x00000000c0000485                isr13
                0x00000000c000048d                isr14
                0x00000000c0000495                isr15
                0x00000000c000049f                isr16
                0x00000000c00004a9                isr17
                0x00000000c00004b3                isr18
                0x00000000c00004bd                isr96
                0x00000000c00004c7                irq0
                0x00000000c00004d1                irq1
                0x00000000c00004db                irq2
                0x00000000c00004e5                irq3
                0x00000000c00004ef                irq4
                0x00000000c00004f9                irq5
                0x00000000c0000503                irq6
                0x00000000c000050d                irq7
                0x00000000c0000517                irq8
                0x00000000c0000521                irq9
                0x00000000c000052b                irq10
                0x00000000c0000535                irq11
                0x00000000c000053f                irq12
                0x00000000c0000549                irq13
                0x00000000c0000553                irq14
                0x00000000c000055d                irq15
                0x00000000c0000567                irq16
                0x00000000c0000571                irq17
                0x00000000c000057b                irq18
                0x00000000c0000585                irq19
                0x00000000c000058f                irq20
                0x00000000c0000599                irq21
                0x00000000c00005a3                irq22
                0x00000000c00005ad                irq23
                0x00000000c00005b7                int_common_stub
                0x00000000c00005e7                syscall_common_stub
 .text          0x00000000c0000621      0x40f acpica/utclib.32
                0x00000000c0000621                memcmp
                0x00000000c000064c                memmove
                0x00000000c0000684                memcpy
                0x00000000c00006ba                memset
                0x00000000c00006d7                strlen
                0x00000000c00006e7                strpbrk
                0x00000000c000070a                strtok
                0x00000000c0000759                strcpy
                0x00000000c0000779                strncpy
                0x00000000c00007aa                strcmp
                0x00000000c00007cb                strchr
                0x00000000c00007e1                strncmp
                0x00000000c0000810                strcat
                0x00000000c0000837                strncat
                0x00000000c0000871                strstr
                0x00000000c00008ae                toupper
                0x00000000c00008c2                tolower
                0x00000000c00008d6                simple_strtoul
 .text          0x00000000c0000a30      0xfbf core/malloc.32
                0x00000000c0000b9b                dlfree
                0x00000000c0000ef6                dlmalloc
                0x00000000c0001433                dlrealloc
                0x00000000c00015e8                dlmemalign
                0x00000000c000170b                dlcalloc
                0x00000000c00017a5                dlcfree
                0x00000000c00017aa                dlindependent_calloc
                0x00000000c00017cf                dlindependent_comalloc
                0x00000000c00017e6                dlvalloc
                0x00000000c0001811                dlpvalloc
                0x00000000c0001847                dlmalloc_trim
                0x00000000c0001854                dlmalloc_usable_size
                0x00000000c0001885                dlmallinfo
                0x00000000c0001954                dlmalloc_stats
                0x00000000c0001965                dlmallopt
 .text          0x00000000c00019ef        0x0 libk/string.32
 .text          0x00000000c00019ef       0x51 fs/fat/diskio.32
                0x00000000c00019ef                disk_status
                0x00000000c00019f2                disk_initialize
                0x00000000c00019f5                disk_read
                0x00000000c0001a0b                disk_write
                0x00000000c0001a21                disk_ioctl
 .text          0x00000000c0001a40     0x6833 fs/fat/ff.32
                0x00000000c0004d0e                f_mount
                0x00000000c0004d70                f_open
                0x00000000c00051ac                f_read
                0x00000000c000542c                f_write
                0x00000000c00056e6                f_sync
                0x00000000c00058c2                f_close
                0x00000000c00058f1                f_lseek
                0x00000000c0005da8                f_opendir
                0x00000000c0005eaa                f_closedir
                0x00000000c0005ecc                f_readdir
                0x00000000c0005f67                f_stat
                0x00000000c0005ff6                f_getfree
                0x00000000c00061c1                f_truncate
                0x00000000c00062b9                f_unlink
                0x00000000c000643c                f_mkdir
                0x00000000c0006668                f_rename
                0x00000000c000695b                f_chmod
                0x00000000c0006a39                f_utime
                0x00000000c0006b17                f_getlabel
                0x00000000c0006d05                f_setlabel
                0x00000000c0006f72                f_forward
                0x00000000c0007150                f_mkfs
 .text          0x00000000c0008273       0x2d fs/fat/ffsystem.32
                0x00000000c0008273                ff_memalloc
                0x00000000c0008289                ff_memfree
 .text          0x00000000c00082a0      0x253 fs/fat/ffunicode.32
                0x00000000c00082a0                ff_uni2oem
                0x00000000c0008330                ff_oem2uni
                0x00000000c000839c                ff_wtoupper
 .text          0x00000000c00084f3      0x70e hal/libresample/samplerate.32
                0x00000000c000857b                src_delete
                0x00000000c00085b7                src_process
                0x00000000c00086df                src_callback_read
                0x00000000c0008840                src_set_ratio
                0x00000000c0008897                src_get_channels
                0x00000000c00088b9                src_reset
                0x00000000c00088fd                src_new
                0x00000000c000898b                src_callback_new
                0x00000000c00089ed                src_get_name
                0x00000000c0008a24                src_get_description
                0x00000000c0008a5b                src_get_version
                0x00000000c0008a61                src_is_valid_ratio
                0x00000000c0008a7b                src_error
                0x00000000c0008a89                src_strerror
                0x00000000c0008a9c                src_simple
                0x00000000c0008aef                src_short_to_float_array
                0x00000000c0008b15                src_float_to_short_array
                0x00000000c0008b79                src_int_to_float_array
                0x00000000c0008b9f                src_float_to_int_array
 .text          0x00000000c0008c01      0x3fd hal/libresample/src_linear.32
                0x00000000c0008f59                linear_get_name
                0x00000000c0008f68                linear_get_description
                0x00000000c0008f77                linear_set_converter
 .text          0x00000000c0008ffe     0x1a3f hal/libresample/src_sinc.32
                0x00000000c000a954                sinc_get_name
                0x00000000c000a967                sinc_get_description
                0x00000000c000a97a                sinc_set_converter
 .text          0x00000000c000aa3d      0x3d3 hal/libresample/src_zoh.32
                0x00000000c000ad6b                zoh_get_name
                0x00000000c000ad7a                zoh_get_description
                0x00000000c000ad89                zoh_set_converter
 .text          0x00000000c000ae10      0x9e1 core/computer.32
                0x00000000c000ae10                Computer::close(int, int, void*)
                0x00000000c000ae54                Computer::Computer()
                0x00000000c000ae54                Computer::Computer()
                0x00000000c000afb0                Computer::setBootMessage(char const*)
                0x00000000c000afb2                Computer::start()
                0x00000000c000b08e                firstTask()
                0x00000000c000b09c                Computer::detectFeatures()
                0x00000000c000b276                Computer::displayFeatures()
                0x00000000c000b5bc                Computer::rdmsr(unsigned int)
                0x00000000c000b5e8                Computer::wrmsr(unsigned int, unsigned long long)
                0x00000000c000b620                Computer::nmiEnabled()
                0x00000000c000b62c                Computer::readCMOS(unsigned char)
                0x00000000c000b646                Computer::enableNMI(bool)
                0x00000000c000b65e                Computer::open(int, int, void*)
                0x00000000c000b734                Computer::disableNMI()
                0x00000000c000b742                Computer::writeCMOS(unsigned char, unsigned char)
                0x00000000c000b760                Computer::handleNMI()
                0x00000000c000b7c6                Computer::setDiskActivityLight(int, bool)
 *fill*         0x00000000c000b7f1        0x1 
 .text          0x00000000c000b7f2      0x1b7 core/gdt.32
                0x00000000c000b7f2                GDTEntry::setBase(unsigned int)
                0x00000000c000b80e                GDTEntry::setLimit(unsigned int)
                0x00000000c000b82c                GDT::GDT()
                0x00000000c000b82c                GDT::GDT()
                0x00000000c000b842                GDT::addEntry(GDTEntry)
                0x00000000c000b87e                GDT::getNumberOfEntries()
                0x00000000c000b886                GDT::flush()
                0x00000000c000b8a8                GDT::setup()
 .text          0x00000000c000b9a9       0x61 core/idle.32
                0x00000000c000b9a9                idleFunction(void*)
 .text          0x00000000c000ba0a      0x45f core/idt.32
                0x00000000c000ba0a                IDTEntry::IDTEntry(bool)
                0x00000000c000ba0a                IDTEntry::IDTEntry(bool)
                0x00000000c000ba78                IDTEntry::setOffset(unsigned int)
                0x00000000c000ba8c                IDT::IDT()
                0x00000000c000ba8c                IDT::IDT()
                0x00000000c000ba8e                IDT::getPointerToInvalidOpcodeEntryForF00F()
                0x00000000c000ba96                IDT::addEntry(IDTEntry, int)
                0x00000000c000bab0                IDT::addEntry(int, void (*)(), bool)
                0x00000000c000bae8                IDT::flush()
                0x00000000c000bb02                IDT::setup()
 .text          0x00000000c000be69      0x20d core/kheap.32
                0x00000000c000be69                sbrk
                0x00000000c000bf81                mmap
                0x00000000c000bf97                munmap
                0x00000000c000bfad                liballoc_lock()
                0x00000000c000bfbe                liballoc_unlock()
                0x00000000c000bfcf                liballoc_alloc(int)
                0x00000000c000bfea                liballoc_free(void*, int)
                0x00000000c000c008                realloc
                0x00000000c000c01c                malloc
                0x00000000c000c02c                free
                0x00000000c000c03c                rfree
                0x00000000c000c04c                calloc
 .text          0x00000000c000c076      0x38d core/main.32
                0x00000000c000c076                hwTextMode_loadInData(VgaText*)
                0x00000000c000c0bb                hwTextMode_loadInTitle(VgaText*, char*)
                0x00000000c000c0fd                hwTextMode_showCursor(VgaText*, bool)
                0x00000000c000c151                hwTextMode_update(VgaText*)
                0x00000000c000c152                hwTextMode_updateCursor(VgaText*)
                0x00000000c000c19a                hwTextMode_disableBlink(VgaText*, bool)
                0x00000000c000c1d6                hwTextMode_scrollScreen(VgaText*)
                0x00000000c000c25c                hwTextMode_writeCharacter(VgaText*, char, VgaColour, VgaColour, int, int)
                0x00000000c000c2ba                setupTextMode()
                0x00000000c000c30b                kernel_main
 .text          0x00000000c000c403      0x4f3 core/physmgr.32
                0x00000000c000c403                Phys::allocateDMA(unsigned long)
                0x00000000c000c4a6                Phys::freeDMA(unsigned long, unsigned long)
                0x00000000c000c4ee                Phys::setPageState(unsigned long, bool)
                0x00000000c000c520                Phys::getPageState(unsigned long)
                0x00000000c000c53c                Phys::freePage(unsigned long)
                0x00000000c000c5c6                Phys::allocatePage()
                0x00000000c000c68e                Phys::allowSegmentToBeUsed(unsigned long, unsigned long)
                0x00000000c000c6c6                Phys::physicalMemorySetup(unsigned int)
 .text          0x00000000c000c8f6      0x273 core/pipe.32
                0x00000000c000c8f6                Pipe::isAtty()
                0x00000000c000c8fa                Pipe::~Pipe()
                0x00000000c000c8fa                Pipe::~Pipe()
                0x00000000c000c91e                Pipe::~Pipe()
                0x00000000c000c946                Pipe::read(unsigned long long, void*, int*)
                0x00000000c000ca3a                Pipe::write(unsigned long long, void*, int*)
                0x00000000c000cb02                Pipe::Pipe(int)
                0x00000000c000cb02                Pipe::Pipe(int)
 *fill*         0x00000000c000cb69        0x1 
 .text          0x00000000c000cb6a      0xf65 core/terminal.32
                0x00000000c000cb6a                VgaText::isAtty()
                0x00000000c000cb6e                VgaText::~VgaText()
                0x00000000c000cb6e                VgaText::~VgaText()
                0x00000000c000cb92                VgaText::~VgaText()
                0x00000000c000cbbc                VgaText::read(unsigned long long, void*, int*)
                0x00000000c000cbdc                setTerminalScrollLock(bool)
                0x00000000c000cbdd                addToTerminalCycle(VgaText*)
                0x00000000c000cc0a                installVgaTextImplementation()
                0x00000000c000cc1f                scrollTerminalScrollLock(int)
                0x00000000c000cc20                VgaText::load()
                0x00000000c000cc74                VgaText::updateCursor()
                0x00000000c000cc8e                VgaText::showCursor(bool)
                0x00000000c000cc9e                VgaText::disableBlink(bool)
                0x00000000c000ccd8                VgaText::doANSI_SGR(int)
                0x00000000c000cd64                VgaText::setDefaultBgColour(VgaColour)
                0x00000000c000cd7a                VgaText::setDefaultFgColour(VgaColour)
                0x00000000c000cd90                VgaText::setDefaultColours(VgaColour, VgaColour)
                0x00000000c000cdb0                VgaText::combineColours(unsigned char, unsigned char)
                0x00000000c000cdc2                VgaText::scrollScreen()
                0x00000000c000ce56                VgaText::combineCharAndColour(char, unsigned char)
                0x00000000c000ce68                VgaText::writeCharacter(char, VgaColour, VgaColour, int, int)
                0x00000000c000cec8                VgaText::getCursorX()
                0x00000000c000ced4                VgaText::getCursorY()
                0x00000000c000cee0                VgaText::setCursor(int, int)
                0x00000000c000cefe                VgaText::setCursorX(int)
                0x00000000c000cf1a                VgaText::setCursorY(int)
                0x00000000c000cf36                VgaText::incrementCursor(bool)
                0x00000000c000cf9e                VgaText::updateRAMUsageDisplay(int)
                0x00000000c000cff8                VgaText::updateDiskUsage()
                0x00000000c000d15e                VgaText::updateTitle()
                0x00000000c000d1a4                VgaText::setTitleTextColour(VgaColour)
                0x00000000c000d1b4                VgaText::setTitleColour(VgaColour)
                0x00000000c000d1c4                VgaText::setTitle(char*)
                0x00000000c000d1ea                VgaText::decrementCursor(bool)
                0x00000000c000d212                VgaText::putchar(char, VgaColour, VgaColour)
                0x00000000c000d30e                VgaText::isShowingCursor()
                0x00000000c000d31a                VgaText::isBlinkDisabled()
                0x00000000c000d328                VgaText::setCursorHeight(int)
                0x00000000c000d346                VgaText::getCursorHeight()
                0x00000000c000d351                setActiveTerminal(VgaText*)
                0x00000000c000d403                doTerminalCycle()
                0x00000000c000d420                VgaText::doUpdate()
                0x00000000c000d432                VgaText::puts(char const*, VgaColour, VgaColour)
                0x00000000c000d5f2                VgaText::clearScreen()
                0x00000000c000d656                VgaText::putchar(char)
                0x00000000c000d770                VgaText::puts(char const*)
                0x00000000c000d796                VgaText::putx(unsigned int)
                0x00000000c000d7dc                VgaText::VgaText(char const*)
                0x00000000c000d7dc                VgaText::VgaText(char const*)
                0x00000000c000d96e                VgaText::receiveKey(unsigned char)
                0x00000000c000da56                VgaText::write(unsigned long long, void*, int*)
                0x00000000c000daaa                newTerminal(char*)
 *fill*         0x00000000c000dacf        0x1 
 .text          0x00000000c000dad0      0x18f core/tss.32
                0x00000000c000dad0                TSS::TSS()
                0x00000000c000dad0                TSS::TSS()
                0x00000000c000dade                TSS::setESP(unsigned long)
                0x00000000c000daf0                TSS::flush()
                0x00000000c000db10                TSS::setup(unsigned long, unsigned long)
 *fill*         0x00000000c000dc5f        0x1 
 .text          0x00000000c000dc60      0x482 core/unixfile.32
                0x00000000c000dc60                ReservedFilename::read(unsigned long long, void*, int*)
                0x00000000c000dcb6                ReservedFilename::isAtty()
                0x00000000c000dcd2                ReservedFilename::write(unsigned long long, void*, int*)
                0x00000000c000dd30                UnixFile::getFileDescriptor()
                0x00000000c000dd38                UnixFile::UnixFile(int)
                0x00000000c000dd38                UnixFile::UnixFile(int)
                0x00000000c000dea8                ReservedFilename::ReservedFilename(int)
                0x00000000c000dea8                ReservedFilename::ReservedFilename(int)
                0x00000000c000deda                UnixFile::~UnixFile()
                0x00000000c000deda                UnixFile::~UnixFile()
                0x00000000c000df72                UnixFile::~UnixFile()
                0x00000000c000df9a                ReservedFilename::~ReservedFilename()
                0x00000000c000df9a                ReservedFilename::~ReservedFilename()
                0x00000000c000dfbe                ReservedFilename::~ReservedFilename()
                0x00000000c000dfe5                getFromFileDescriptor(int)
 .text          0x00000000c000e0e2      0xec7 core/virtmgr.32
                0x00000000c000e0e2                Virt::setPageState(unsigned long, Virt::VirtPageState)
                0x00000000c000e117                Virt::getPageState(unsigned long)
                0x00000000c000e13b                Virt::allocateKernelVirtualPages(int)
                0x00000000c000e24c                Virt::virtualMemorySetup()
                0x00000000c000e2cb                Virt::getAKernelVAS()
                0x00000000c000e2d1                Virt::setupPageSwapping(int)
                0x00000000c000e3f6                VAS::VAS()
                0x00000000c000e3f6                VAS::VAS()
                0x00000000c000e426                VAS::VAS(VAS*)
                0x00000000c000e426                VAS::VAS(VAS*)
                0x00000000c000e44a                VAS::getForeignPageTableEntry(bool, unsigned long)
                0x00000000c000e476                VAS::getPageTableEntry(unsigned long)
                0x00000000c000e495                Virt::freeKernelVirtualPages(unsigned long)
                0x00000000c000e5b8                VAS::freeAllocatedPages(unsigned long)
                0x00000000c000e5dc                VAS::virtualToPhysical(unsigned long)
                0x00000000c000e5f4                VAS::reflagRange(unsigned long, int, int, int)
                0x00000000c000e634                VAS::setToWriteCombining(unsigned long, int)
                0x00000000c000e66c                VAS::mapOtherVASIn(bool, VAS*)
                0x00000000c000e6a2                VAS::~VAS()
                0x00000000c000e6a2                VAS::~VAS()
                0x00000000c000e80e                VAS::mapPage(unsigned long, unsigned long, int)
                0x00000000c000e90e                VAS::allocatePages(int, int)
                0x00000000c000eade                VAS::setCPUSpecific(unsigned long)
                0x00000000c000eafa                VAS::mapRange(unsigned long, unsigned long, int, int)
                0x00000000c000ebc4                VAS::mapForeignPage(bool, VAS*, unsigned long, unsigned long, int)
                0x00000000c000ecb2                VAS::VAS(bool)
                0x00000000c000ecb2                VAS::VAS(bool)
                0x00000000c000eee2                mapVASFirstTime
 .text          0x00000000c000efa9       0x93 coreobjs/c++.32
                0x00000000c000efa9                __cxa_atexit
                0x00000000c000efac                __cxa_finalize
                0x00000000c000efad                __stack_chk_fail
                0x00000000c000f00d                __cxa_pure_virtual
                0x00000000c000f01e                operator new(unsigned long)
                0x00000000c000f023                operator new[](unsigned long)
                0x00000000c000f028                operator delete(void*)
                0x00000000c000f02d                operator delete(void*, unsigned long)
                0x00000000c000f032                operator delete[](void*)
                0x00000000c000f037                operator delete[](void*, unsigned long)
 .text          0x00000000c000f03c      0x1ef dbg/kconsole.32
                0x00000000c000f03c                Dbg::stringifyxWithBase(unsigned int, char*, int)
                0x00000000c000f09d                Dbg::logc(char)
                0x00000000c000f0b4                Dbg::logs(char*)
                0x00000000c000f0d1                Dbg::logWriteInt(unsigned int)
                0x00000000c000f0ee                Dbg::logWriteIntBase(unsigned int, int)
                0x00000000c000f10d                Dbg::kprintf(char const*, ...)
 *fill*         0x00000000c000f22b        0x1 
 .text          0x00000000c000f22c      0xb68 fs/vfs.32
                0x00000000c000f22c                File::read(unsigned long long, void*, int*)
                0x00000000c000f284                File::write(unsigned long long, void*, int*)
                0x00000000c000f2dc                Directory::read(unsigned long long, void*, int*)
                0x00000000c000f334                Directory::write(unsigned long long, void*, int*)
                0x00000000c000f362                File::isAtty()
                0x00000000c000f366                Directory::isAtty()
                0x00000000c000f36a                Filesystem::getlabel(LogicalDisk*, int, char*, unsigned int*)
                0x00000000c000f370                Filesystem::setlabel(LogicalDisk*, int, char*)
                0x00000000c000f376                File::~File()
                0x00000000c000f376                File::~File()
                0x00000000c000f39a                File::~File()
                0x00000000c000f3c4                Directory::~Directory()
                0x00000000c000f3c4                Directory::~Directory()
                0x00000000c000f3e8                Directory::~Directory()
                0x00000000c000f412                Filesystem::Filesystem()
                0x00000000c000f412                Filesystem::Filesystem()
                0x00000000c000f436                Filesystem::~Filesystem()
                0x00000000c000f436                Filesystem::~Filesystem()
                0x00000000c000f444                Filesystem::~Filesystem()
                0x00000000c000f468                initVFS()
                0x00000000c000f492                standardiseFiles(char*, char const*, char const*)
                0x00000000c000f63c                File::File(char const*, Process*)
                0x00000000c000f63c                File::File(char const*, Process*)
                0x00000000c000f6a0                File::open(FileOpenMode)
                0x00000000c000f6fe                File::close()
                0x00000000c000f75e                File::seek(unsigned long long)
                0x00000000c000f7b4                File::tell(unsigned long long*)
                0x00000000c000f804                File::rewind()
                0x00000000c000f818                File::unlink()
                0x00000000c000f864                File::rename(char const*)
                0x00000000c000f8b2                File::chfatattr(unsigned char, unsigned char)
                0x00000000c000f90e                File::exists()
                0x00000000c000f94c                File::stat(unsigned long long*, bool*)
                0x00000000c000f9ad                getcwd(Process*, char*, int)
                0x00000000c000f9d7                setcwd(Process*, char*)
                0x00000000c000fafe                Directory::Directory(char const*, Process*)
                0x00000000c000fafe                Directory::Directory(char const*, Process*)
                0x00000000c000fb62                Directory::open()
                0x00000000c000fbbe                Directory::close()
                0x00000000c000fc1e                Directory::unlink()
                0x00000000c000fc6a                Directory::rename(char const*)
                0x00000000c000fcb8                Directory::exists()
                0x00000000c000fcf6                Directory::read(dirent*)
                0x00000000c000fd42                Directory::create()
                0x00000000c000fd8e                Filesystem::chfatattr(char const*, unsigned char, unsigned char)
 .text          0x00000000c000fd94       0x84 hal/bus.32
                0x00000000c000fd94                Bus::Bus(char const*)
                0x00000000c000fd94                Bus::Bus(char const*)
                0x00000000c000fdca                Bus::~Bus()
                0x00000000c000fdca                Bus::~Bus()
                0x00000000c000fdee                Bus::~Bus()
 .text          0x00000000c000fe18      0x14e hal/buzzer.32
                0x00000000c000fe18                Buzzer::Buzzer(char const*)
                0x00000000c000fe18                Buzzer::Buzzer(char const*)
                0x00000000c000fe5c                Buzzer::~Buzzer()
                0x00000000c000fe5c                Buzzer::~Buzzer()
                0x00000000c000fe80                Buzzer::~Buzzer()
                0x00000000c000feaa                Buzzer::stop()
                0x00000000c000febd                beepThread(void*)
                0x00000000c000fef8                Buzzer::beep(int, int, bool)
 .text          0x00000000c000ff66      0x42f hal/clock.32
                0x00000000c000ff66                loadClockSettings()
                0x00000000c000ff80                Clock::Clock(char const*)
                0x00000000c000ff80                Clock::Clock(char const*)
                0x00000000c000ffb6                Clock::~Clock()
                0x00000000c000ffb6                Clock::~Clock()
                0x00000000c000ffda                Clock::~Clock()
                0x00000000c0010004                Clock::timeInSecondsLocal()
                0x00000000c001004c                Clock::setTimeInSecondsLocal(unsigned long long)
                0x00000000c00100a5                datetimeToSeconds(datetime_t)
                0x00000000c00101cc                Clock::setTimeInDatetimeLocal(datetime_t)
                0x00000000c001022c                secondsToDatetime(unsigned long long)
                0x00000000c0010370                Clock::timeInDatetimeLocal()
 *fill*         0x00000000c0010395        0x1 
 .text          0x00000000c0010396      0x504 hal/device.32
                0x00000000c0010396                Device::hibernate()
                0x00000000c0010398                Device::wake()
                0x00000000c001039a                Device::detect()
                0x00000000c001039c                Device::disableLegacy()
                0x00000000c001039e                Device::powerSaving(PowerSavingLevel)
                0x00000000c00103a0                DriverlessDevice::close(int, int, void*)
                0x00000000c00103a4                DriverlessDevice::detect()
                0x00000000c00103a6                DriverlessDevice::open(int, int, void*)
                0x00000000c00103ba                Device::~Device()
                0x00000000c00103ba                Device::~Device()
                0x00000000c00103c8                Device::~Device()
                0x00000000c00103f0                Device::findAndLoadDriver()
                0x00000000c00103f2                Device::preOpenPCI(PCIDeviceInfo)
                0x00000000c0010418                Device::preOpenACPI(void*, char*, char*)
                0x00000000c001046c                Device::addIRQHandler(int, void (*)(regs*, void*), bool, void*)
                0x00000000c00104ca                Device::removeIRQHandler(int, void (*)(regs*, void*), bool)
                0x00000000c0010518                Device::addChild(Device*)
                0x00000000c001055c                Device::removeAllChildren()
                0x00000000c00105a2                Device::hibernateAll()
                0x00000000c00105d2                Device::wakeAll()
                0x00000000c0010602                Device::detectAll()
                0x00000000c0010632                Device::disableLegacyAll()
                0x00000000c0010662                Device::loadDriversForAll()
                0x00000000c001068e                Device::closeAll()
                0x00000000c00106c4                Device::powerSavingAll(PowerSavingLevel)
                0x00000000c00106fa                Device::setName(char const*)
                0x00000000c0010708                Device::Device(char const*)
                0x00000000c0010708                Device::Device(char const*)
                0x00000000c00107fa                Device::getName()
                0x00000000c0010804                DriverlessDevice::DriverlessDevice(char const*)
                0x00000000c0010804                DriverlessDevice::DriverlessDevice(char const*)
                0x00000000c001082c                Device::addToLinkedList(LinkedList<Device>&, DeviceType)
                0x00000000c0010870                getDevicesOfType(DeviceType)
 .text          0x00000000c001089a       0x84 hal/diskctrl.32
                0x00000000c001089a                HardDiskController::HardDiskController(char const*)
                0x00000000c001089a                HardDiskController::HardDiskController(char const*)
                0x00000000c00108d0                HardDiskController::~HardDiskController()
                0x00000000c00108d0                HardDiskController::~HardDiskController()
                0x00000000c00108f4                HardDiskController::~HardDiskController()
 .text          0x00000000c001091e       0xde hal/diskphys.32
                0x00000000c001091e                PhysicalDisk::PhysicalDisk(char const*, int)
                0x00000000c001091e                PhysicalDisk::PhysicalDisk(char const*, int)
                0x00000000c0010986                PhysicalDisk::startCache()
                0x00000000c00109ae                PhysicalDisk::~PhysicalDisk()
                0x00000000c00109ae                PhysicalDisk::~PhysicalDisk()
                0x00000000c00109d2                PhysicalDisk::~PhysicalDisk()
 .text          0x00000000c00109fc      0x142 hal/fpu.32
                0x00000000c00109fc                FPU::FPU(char const*)
                0x00000000c00109fc                FPU::FPU(char const*)
                0x00000000c0010a32                FPU::~FPU()
                0x00000000c0010a32                FPU::~FPU()
                0x00000000c0010a56                FPU::~FPU()
                0x00000000c0010a80                setupFPU()
 .text          0x00000000c0010b3e     0x12db hal/intctrl.32
                0x00000000c0010b3e                InterruptController::uninstallISRHandler(int, void (*)(regs*, void*))
                0x00000000c0010b76                InterruptController::installISRHandler(int, void (*)(regs*, void*), void*)
                0x00000000c0010bc8                doubleFault(regs*, void*)
                0x00000000c0010be2                InterruptController::installIRQHandler(int, void (*)(regs*, void*), bool, void*)
                0x00000000c0010c7e                InterruptController::clearAllHandlers(int, bool)
                0x00000000c0010d26                InterruptController::uninstallIRQHandler(int, void (*)(regs*, void*), bool)
                0x00000000c0010dad                nmiHandler(regs*, void*)
                0x00000000c0010dbb                int_handler
                0x00000000c0010e56                InterruptController::InterruptController(char const*)
                0x00000000c0010e56                InterruptController::InterruptController(char const*)
                0x00000000c0010efc                InterruptController::~InterruptController()
                0x00000000c0010efc                InterruptController::~InterruptController()
                0x00000000c0010f20                InterruptController::~InterruptController()
                0x00000000c0010f4a                displayDebugInfo(regs*)
                0x00000000c0011361                x87EmulHandler(regs*, void*)
                0x00000000c00113c4                gpFault(regs*, void*)
                0x00000000c00113fd                pgFault(regs*, void*)
                0x00000000c0011414                otherISRHandler(regs*, void*)
                0x00000000c0011433                opcodeFault(regs*, void*)
                0x00000000c00119ec                displayProgramFault(char const*)
                0x00000000c0011a14                setupInterruptController()
                0x00000000c0011dcc                InterruptController::convertLegacyIRQNumber(int)
 *fill*         0x00000000c0011e19        0x1 
 .text          0x00000000c0011e1a      0x608 hal/keybrd.32
                0x00000000c0011e1a                startGUI(void*)
                0x00000000c0011e8c                sendKeyToTerminal(unsigned char)
                0x00000000c0011ef8                sendKeyboardToken(KeyboardToken)
                0x00000000c00122d3                clearInternalKeybuffer(VgaText*)
                0x00000000c0012308                readKeyboard(VgaText*, char*, unsigned long)
                0x00000000c0012398                Keyboard::Keyboard(char const*)
                0x00000000c0012398                Keyboard::Keyboard(char const*)
                0x00000000c00123d4                Keyboard::~Keyboard()
                0x00000000c00123d4                Keyboard::~Keyboard()
                0x00000000c00123f8                Keyboard::~Keyboard()
 .text          0x00000000c0012422      0x400 hal/logidisk.32
                0x00000000c0012422                LogicalDisk::close(int, int, void*)
                0x00000000c0012426                LogicalDisk::~LogicalDisk()
                0x00000000c0012426                LogicalDisk::~LogicalDisk()
                0x00000000c001244a                LogicalDisk::~LogicalDisk()
                0x00000000c0012474                LogicalDisk::open(int, int, void*)
                0x00000000c0012488                LogicalDisk::absoluteToRelative(unsigned long long)
                0x00000000c00124c0                LogicalDisk::relativeToAbsolute(unsigned long long)
                0x00000000c0012506                LogicalDisk::LogicalDisk(char const*, PhysicalDisk*, unsigned long long, unsigned long long)
                0x00000000c0012506                LogicalDisk::LogicalDisk(char const*, PhysicalDisk*, unsigned long long, unsigned long long)
                0x00000000c00125bc                LogicalDisk::assignDriveLetter()
                0x00000000c0012672                LogicalDisk::mount()
                0x00000000c00126e4                LogicalDisk::unmount()
                0x00000000c00126f4                LogicalDisk::unassignDriveLetter()
                0x00000000c001274a                LogicalDisk::read(unsigned long long, int, void*)
                0x00000000c00127b6                LogicalDisk::write(unsigned long long, int, void*)
 .text          0x00000000c0012822       0x84 hal/mouse.32
                0x00000000c0012822                Mouse::Mouse(char const*)
                0x00000000c0012822                Mouse::Mouse(char const*)
                0x00000000c0012858                Mouse::~Mouse()
                0x00000000c0012858                Mouse::~Mouse()
                0x00000000c001287c                Mouse::~Mouse()
 .text          0x00000000c00128a6      0x339 hal/partition.32
                0x00000000c00128a6                makePartition(PhysicalDisk*, unsigned long long, unsigned long long)
                0x00000000c001294e                createPartitionsForDisk(PhysicalDisk*)
 *fill*         0x00000000c0012bdf        0x1 
 .text          0x00000000c0012be0      0x2e7 hal/timer.32
                0x00000000c0012be0                Timer::Timer(char const*)
                0x00000000c0012be0                Timer::Timer(char const*)
                0x00000000c0012c16                Timer::~Timer()
                0x00000000c0012c16                Timer::~Timer()
                0x00000000c0012c3a                Timer::~Timer()
                0x00000000c0012c64                Timer::read()
                0x00000000c0012c6f                timerHandler(unsigned long long)
                0x00000000c0012da6                setupTimer(int)
 *fill*         0x00000000c0012ec7        0x1 
 .text          0x00000000c0012ec8      0x2d1 hal/vcache.32
                0x00000000c0012ec8                VCache::VCache(PhysicalDisk*)
                0x00000000c0012ec8                VCache::VCache(PhysicalDisk*)
                0x00000000c0012fb8                VCache::writeWriteBuffer()
                0x00000000c0012ff4                VCache::~VCache()
                0x00000000c0012ff4                VCache::~VCache()
                0x00000000c0013034                VCache::~VCache()
                0x00000000c001305c                VCache::write(unsigned long long, int, void*)
                0x00000000c0013140                VCache::read(unsigned long long, int, void*)
 *fill*         0x00000000c0013199        0x1 
 .text          0x00000000c001319a      0x26d hal/video.32
                0x00000000c001319a                Video::putrect(int, int, int, int, unsigned int)
                0x00000000c00131e4                Video::blit(unsigned int*, int, int, int, int)
                0x00000000c0013262                Video::clearScreen(unsigned int)
                0x00000000c0013296                Video::putpixel(int, int, unsigned int)
                0x00000000c00132a4                Video::Video(char const*)
                0x00000000c00132a4                Video::Video(char const*)
                0x00000000c00132da                Video::~Video()
                0x00000000c00132da                Video::~Video()
                0x00000000c00132fe                Video::~Video()
                0x00000000c0013328                Video::isMonochrome()
                0x00000000c0013334                Video::getWidth()
                0x00000000c0013340                Video::getHeight()
                0x00000000c001334c                Video::drawCursor(int, int, unsigned char*, int)
 *fill*         0x00000000c0013407        0x1 
 .text          0x00000000c0013408      0xd28 hw/acpi.32
                0x00000000c0013408                ACPI::close(int, int, void*)
                0x00000000c00134bd                findRSDP()
                0x00000000c0013547                loadACPITables(unsigned char*)
                0x00000000c001376e                findRSDT(unsigned char*)
                0x00000000c001388c                findDataTable(unsigned char*, char*)
                0x00000000c0013928                scanMADT()
                0x00000000c0013cbc                ACPI::ACPI()
                0x00000000c0013cbc                ACPI::ACPI()
                0x00000000c0013d1c                ACPI::getPCIIRQAssignment(unsigned char, unsigned short, unsigned char)
                0x00000000c0013dfe                ACPI::registerPCIIRQAssignment(void*, unsigned short, unsigned char, unsigned char)
                0x00000000c0013f04                ACPI::setScreenBrightnessLevel(void*, int)
                0x00000000c0013f0a                ACPI::writeSimpleBootFlag(SimpleBootFlagTable*)
                0x00000000c0013f52                ACPI::open(int, int, void*)
                0x00000000c0014118                ACPI::sleep()
 .text          0x00000000c0014130     0x179c hw/cpu.32
                0x00000000c0014130                CPU::close(int, int, void*)
                0x00000000c0014133                lookupAMDCPUName(unsigned char, unsigned char)
                0x00000000c00142c7                lookupIntelCPUName(unsigned char, unsigned char)
                0x00000000c0014575                AMD_K6_write_msr(unsigned int, unsigned int, unsigned int, REGS*)
                0x00000000c0014591                AMD_K6_read_msr(unsigned int, REGS*)
                0x00000000c00145a9                AMD_K6_writeback(int, int, int)
                0x00000000c001461c                cpuid(int, unsigned long*, unsigned long*, unsigned long*, unsigned long*)
                0x00000000c001469f                cpuidCheckEDX(unsigned int)
                0x00000000c00146cc                cpuidCheckECX(unsigned int)
                0x00000000c00146f9                cpuidCheckExtendedEBX(unsigned int)
                0x00000000c0014726                cpuidCheckExtendedECX(unsigned int)
                0x00000000c0014753                getCPUNumber()
                0x00000000c0014756                thisCPU()
                0x00000000c001476a                CPU::CPU()
                0x00000000c001476a                CPU::CPU()
                0x00000000c00147f8                CPU::displayFeatures()
                0x00000000c0014a74                CPU::detectFeatures()
                0x00000000c0015466                CPU::setupSMEP()
                0x00000000c0015480                CPU::setupUMIP()
                0x00000000c0015498                CPU::setupTSC()
                0x00000000c00154b0                CPU::setupLargePages()
                0x00000000c00154c8                CPU::setupPAT()
                0x00000000c0015504                CPU::setupMTRR()
                0x00000000c0015506                CPU::setupGlobalPages()
                0x00000000c001551c                CPU::allowUsermodeDataAccess()
                0x00000000c001552e                CPU::prohibitUsermodeDataAccess()
                0x00000000c0015540                CPU::setupSMAP()
                0x00000000c0015566                CPU::setupFeatures()
                0x00000000c0015608                CPU::open(int, int, void*)
                0x00000000c00156de                CPU::decodeAddress(regs*, int*, bool*, unsigned char*)
 .text          0x00000000c00158cc        0x0 hw/ports.32
 .text          0x00000000c00158cc      0x338 krnl/panic.32
                0x00000000c00158cc                Krnl::panic(char const*)
 .text          0x00000000c0015c04      0x503 reg/registry.32
                0x00000000c0015c04                Reg::findLineFromLoadedData(char*, char*, char*)
                0x00000000c0015d5c                Reg::getLineFromRegistry(char*, char*, char*, char*)
                0x00000000c0015ebb                Reg::getLine(char*, char*, char*)
                0x00000000c0015ef2                Reg::readInt(char*, char*, int*)
                0x00000000c0015fdd                Reg::readString(char*, char*, char*, int)
                0x00000000c001605e                Reg::readBool(char*, char*, bool*)
                0x00000000c0016083                Reg::readBoolWithDefault(char*, char*, bool)
                0x00000000c00160af                Reg::readIntWithDefault(char*, char*, int)
                0x00000000c00160db                Reg::readStringWithDefault(char*, char*, char*, int, char*)
 .text          0x00000000c0016107       0x18 sys/sc_exit.32
                0x00000000c0016107                Sys::exit(regs*)
 .text          0x00000000c001611f       0x95 sys/sc_loaddll.32
                0x00000000c001611f                Sys::loadDLL(regs*)
 .text          0x00000000c00161b4       0x68 sys/sc_read.32
                0x00000000c00161b4                Sys::read(regs*)
 .text          0x00000000c001621c       0x55 sys/sc_sbrk.32
                0x00000000c001621c                Sys::sbrk(regs*)
 .text          0x00000000c0016271       0x68 sys/sc_write.32
                0x00000000c0016271                Sys::write(regs*)
 .text          0x00000000c00162d9       0x1a sys/sc_yield.32
                0x00000000c00162d9                Sys::yield(regs*)
 .text          0x00000000c00162f3      0xf85 sys/syscalls.32
                0x00000000c00162f3                sysCallGetPID(regs*)
                0x00000000c00162ff                sysCallSeekDir(regs*)
                0x00000000c0016304                sysCallTellDir(regs*)
                0x00000000c0016309                sysCallVerify(regs*)
                0x00000000c0016313                sysCallFork(regs*)
                0x00000000c001631e                sysCallExecve(regs*)
                0x00000000c0016329                sysCallGetArgc(regs*)
                0x00000000c0016339                sysFormatDisk(regs*)
                0x00000000c00163a3                sysSetDiskVolumeLabel(regs*)
                0x00000000c00163e9                sysGetDiskVolumeLabel(regs*)
                0x00000000c001643a                sysShutdown(regs*)
                0x00000000c0016498                sysCallGetCwd(regs*)
                0x00000000c00164b7                sysCallSetCwd(regs*)
                0x00000000c00164d3                sysCallRealpath(regs*)
                0x00000000c0016516                sysCallReadDir(regs*)
                0x00000000c00165a4                sysCallIsATTY(regs*)
                0x00000000c00165fe                sysCallSeek(regs*)
                0x00000000c0016667                sysCallTell(regs*)
                0x00000000c00166e4                sysCallSizeFromFilename(regs*)
                0x00000000c0016795                sysCallSize(regs*)
                0x00000000c0016818                sysCallClose(regs*)
                0x00000000c00168a0                sysCallOpenDir(regs*)
                0x00000000c001690d                sysCallMakeDir(regs*)
                0x00000000c0016966                sysCallCloseDir(regs*)
                0x00000000c00169cc                sysCallWait(regs*)
                0x00000000c00169e6                sysCallRmdir(regs*)
                0x00000000c0016a38                sysCallUnlink(regs*)
                0x00000000c0016a8a                sysCallGetArgv(regs*)
                0x00000000c0016ad6                sysCallTTYName(regs*)
                0x00000000c0016b59                sysCallGetEnv(regs*)
                0x00000000c0016bab                sysCallUSleep(regs*)
                0x00000000c0016bd2                sysCallSpawn(regs*)
                0x00000000c0016c2a                sysAppSettings(regs*)
                0x00000000c0016d49                sysSetFatAttrib(regs*)
                0x00000000c0016da9                sysPanic(regs*)
                0x00000000c0016dcf                sysPipe(regs*)
                0x00000000c0016e14                sysGetUnixTime(regs*)
                0x00000000c0016e28                string_ends_with(char const*, char const*)
                0x00000000c0016e70                sysCallOpen(regs*)
                0x00000000c001707d                setupSystemCalls()
                0x00000000c0017236                systemCall(regs*, void*)
 .text          0x00000000c0017278     0x11c7 thr/elf.32
                0x00000000c0017278                Thr::allocateMemoryForTask(Process*, File*, unsigned long, unsigned long, unsigned long)
                0x00000000c00174f5                Thr::loadProgramIntoMemory(Process*, char const*)
                0x00000000c001770b                Thr::runtimeReferenceHelper()
                0x00000000c001771e                Thr::getAddressOfKernelSymbol(char const*)
                0x00000000c001776d                Thr::loadKernelSymbolTable(char const*)
                0x00000000c0017a2e                Thr::loadDriverIntoMemory(char const*, unsigned long, bool)
                0x00000000c00181cc                Thr::getDriverBaseFromAddress(unsigned long)
                0x00000000c00181fe                Thr::getDriverNameFromAddress(unsigned long)
                0x00000000c0018235                Thr::getDriverOffsetFromAddress(unsigned long)
                0x00000000c001824f                Thr::loadDLL(char const*, bool)
                0x00000000c0018415                Thr::executeDLL(unsigned long, void*)
 *fill*         0x00000000c001843f        0x1 
 .text          0x00000000c0018440      0xfce thr/prcssthr.32
                0x00000000c0018440                changeTSS
                0x00000000c001846e                Process::addArgs(char**)
                0x00000000c00184c8                Process::Process(char const*, Process*, char**)
                0x00000000c00184c8                Process::Process(char const*, Process*, char**)
                0x00000000c0018680                Process::Process(bool, char const*, Process*, char**)
                0x00000000c0018680                Process::Process(bool, char const*, Process*, char**)
                0x00000000c0018803                disableIRQs()
                0x00000000c001880b                getIRQNestingLevel()
                0x00000000c0018811                enableIRQs()
                0x00000000c0018820                lockScheduler()
                0x00000000c0018822                unlockScheduler()
                0x00000000c0018824                userModeEntryPoint(void*)
                0x00000000c0018847                lockStuff()
                0x00000000c0018853                taskStartupFunction
                0x00000000c001885c                updateTimeUsed()
                0x00000000c00188ba                switchToThread(ThreadControlBlock*)
                0x00000000c001890a                Semaphore::Semaphore(int)
                0x00000000c001890a                Semaphore::Semaphore(int)
                0x00000000c0018938                Mutex::Mutex()
                0x00000000c0018938                Mutex::Mutex()
                0x00000000c001894a                Process::createThread(void (*)(void*), void*, int)
                0x00000000c0018a2e                Process::createUserThread()
                0x00000000c0018a4a                setupMultitasking(void (*)())
                0x00000000c0018b54                schedule()
                0x00000000c0018bd9                unlockStuff()
                0x00000000c0018c0e                Semaphore::tryAcquire()
                0x00000000c0018c3c                Semaphore::assertLocked(char const*)
                0x00000000c0018c6c                blockTaskWithSchedulerLockAlreadyHeld(TaskState)
                0x00000000c0018cae                blockTask(TaskState)
                0x00000000c0018ccf                waitTask(int, int*, int)
                0x00000000c0018d11                nanoSleepUntil(unsigned long long)
                0x00000000c0018d68                nanoSleep(unsigned long long)
                0x00000000c0018d7d                sleep(unsigned long long)
                0x00000000c0018d9a                Semaphore::acquire()
                0x00000000c0018e02                taskReturned
                0x00000000c0018e30                unblockTask(ThreadControlBlock*)
                0x00000000c0018edf                cleanupTerminatedTask(ThreadControlBlock*)
                0x00000000c0019183                cleanerTaskFunction(void*)
                0x00000000c0019236                terminateTask(int)
                0x00000000c0019316                Thr::terminateFromIRQ(int)
                0x00000000c0019322                Semaphore::release()
 .text          0x00000000c001940e      0x8bf vm86/vm8086.32
                0x00000000c001940e                Vm::vm8086EntryPoint(void*)
                0x00000000c0019439                Vm::inbv(unsigned short)
                0x00000000c001943f                Vm::outbv(unsigned short, unsigned char)
                0x00000000c0019449                Vm::realToLinear(unsigned short, unsigned short)
                0x00000000c0019459                Vm::getSegment(unsigned int)
                0x00000000c0019461                Vm::getOffset(unsigned int)
                0x00000000c0019466                Vm::loadFileAsThread(Process*, char const*, unsigned short, unsigned short, unsigned short, unsigned short)
                0x00000000c0019595                Vm::doISR(regs*, int, unsigned char*, unsigned short, unsigned short)
                0x00000000c001961f                Vm::readByteFromReal(unsigned short, unsigned short)
                0x00000000c0019630                Vm::readWordFromReal(unsigned short, unsigned short)
                0x00000000c0019642                Vm::readDwordFromReal(unsigned short, unsigned short)
                0x00000000c0019653                Vm::writeByteFromReal(unsigned short, unsigned short, unsigned char)
                0x00000000c0019668                Vm::writeWordFromReal(unsigned short, unsigned short, unsigned short)
                0x00000000c001967e                Vm::writeDwordFromReal(unsigned short, unsigned short, unsigned int)
                0x00000000c0019693                Vm::faultHandler(regs*)
 *fill*         0x00000000c0019ccd        0x1 
 .text          0x00000000c0019cce     0x10ed fs/fat/vfslink.32
                0x00000000c0019cce                FAT::getName()
                0x00000000c0019cd4                FAT::tell(void*, unsigned long long*)
                0x00000000c0019d08                FAT::stat(void*, unsigned long long*)
                0x00000000c0019d3c                FAT::~FAT()
                0x00000000c0019d3c                FAT::~FAT()
                0x00000000c0019d60                FAT::~FAT()
                0x00000000c0019d88                FAT::getlabel(LogicalDisk*, int, char*, unsigned int*)
                0x00000000c0019e26                FAT::setlabel(LogicalDisk*, int, char*)
                0x00000000c0019ee0                FAT::format(LogicalDisk*, int, char const*, int)
                0x00000000c001a0c4                FAT::tryMount(LogicalDisk*, int)
                0x00000000c001a2ca                FAT::readDir(void*, unsigned long, void*, int*)
                0x00000000c001a3d0                FAT::read(void*, unsigned long, void*, int*)
                0x00000000c001a42a                FAT::write(void*, unsigned long, void*, int*)
                0x00000000c001a484                FAT::close(void*)
                0x00000000c001a4d0                FAT::closeDir(void*)
                0x00000000c001a51c                FAT::seek(void*, unsigned long long)
                0x00000000c001a570                fatWrapperReadDisk
                0x00000000c001a5b7                fatWrapperWriteDisk
                0x00000000c001a5fe                fatWrapperIoctl
                0x00000000c001a702                FAT::FAT()
                0x00000000c001a702                FAT::FAT()
                0x00000000c001a754                FAT::fixFilepath(char*)
                0x00000000c001a78c                FAT::open(char const*, void**, FileOpenMode)
                0x00000000c001a8b4                FAT::openDir(char const*, void**)
                0x00000000c001a95a                FAT::stat(char const*, unsigned long long*, bool*)
                0x00000000c001aa44                FAT::unlink(char const*)
                0x00000000c001aabe                FAT::chfatattr(char const*, unsigned char, unsigned char)
                0x00000000c001ac12                FAT::rename(char const*, char const*)
                0x00000000c001acd6                FAT::mkdir(char const*)
                0x00000000c001ad50                FAT::exists(char const*)
 *fill*         0x00000000c001adbb        0x1 
 .text          0x00000000c001adbc      0xbdf fs/iso9660/vfslink.32
                0x00000000c001adbc                ISO9660::format(LogicalDisk*, int, char const*, int)
                0x00000000c001adc2                ISO9660::seek(void*, unsigned long long)
                0x00000000c001adf2                ISO9660::tell(void*, unsigned long long*)
                0x00000000c001ae16                ISO9660::getName()
                0x00000000c001ae1c                ISO9660::stat(void*, unsigned long long*)
                0x00000000c001ae40                ISO9660::chfatattr(char const*, unsigned char, unsigned char)
                0x00000000c001ae46                ISO9660::unlink(char const*)
                0x00000000c001ae4c                ISO9660::write(void*, unsigned long, void*, int*)
                0x00000000c001ae52                ISO9660::rename(char const*, char const*)
                0x00000000c001ae58                ISO9660::mkdir(char const*)
                0x00000000c001ae5e                ISO9660::close(void*)
                0x00000000c001ae80                ISO9660::closeDir(void*)
                0x00000000c001aea2                ISO9660::~ISO9660()
                0x00000000c001aea2                ISO9660::~ISO9660()
                0x00000000c001aec6                ISO9660::~ISO9660()
                0x00000000c001aeed                __memmem(unsigned char*, int, unsigned char*, int)
                0x00000000c001af2f                readSectorFromCDROM(unsigned int, unsigned char*, char)
                0x00000000c001af96                ISO9660::tryMount(LogicalDisk*, int)
                0x00000000c001afe6                ISO9660::read(void*, unsigned long, void*, int*)
                0x00000000c001b22a                ISO9660::readDir(void*, unsigned long, void*, int*)
                0x00000000c001b4b7                readRoot(unsigned int*, unsigned int*, char)
                0x00000000c001b50c                readRecursively(char*, unsigned int, unsigned int, unsigned int*, unsigned int*, char, int*)
                0x00000000c001b6df                getFileData(char*, unsigned int*, unsigned int*, char, int*)
                0x00000000c001b76e                ISO9660::open(char const*, void**, FileOpenMode)
                0x00000000c001b808                ISO9660::exists(char const*)
                0x00000000c001b82c                ISO9660::stat(char const*, unsigned long long*, bool*)
                0x00000000c001b8c0                ISO9660::openDir(char const*, void**)
                0x00000000c001b978                ISO9660::ISO9660()
                0x00000000c001b978                ISO9660::ISO9660()
 *fill*         0x00000000c001b99b        0x1 
 .text          0x00000000c001b99c      0x244 hal/sound/sndchannel.32
                0x00000000c001b99c                SoundChannel::~SoundChannel()
                0x00000000c001b99c                SoundChannel::~SoundChannel()
                0x00000000c001b9b8                SoundChannel::setSpeed(float)
                0x00000000c001b9c4                SoundChannel::getSpeed()
                0x00000000c001b9cc                SoundChannel::setVolume(int)
                0x00000000c001b9e8                SoundChannel::getVolume()
                0x00000000c001b9f0                SoundChannel::pause()
                0x00000000c001b9fa                SoundChannel::SoundChannel(int, int, int, int)
                0x00000000c001b9fa                SoundChannel::SoundChannel(int, int, int, int)
                0x00000000c001baf0                SoundChannel::play()
                0x00000000c001bafa                SoundChannel::paused()
                0x00000000c001bb02                SoundChannel::getSampleRate()
                0x00000000c001bb0a                SoundChannel::getBits()
                0x00000000c001bb12                SoundChannel::getBufferUsed()
                0x00000000c001bb1a                SoundChannel::getBufferSize()
                0x00000000c001bb22                SoundChannel::unbuffer(float*, int, int)
                0x00000000c001bb94                SoundChannel::buffer8(unsigned char*, int)
 .text          0x00000000c001bbe0      0x317 hal/sound/sndhw.32
                0x00000000c001bbe0                SoundDevice::SoundDevice(char const*)
                0x00000000c001bbe0                SoundDevice::SoundDevice(char const*)
                0x00000000c001bc4c                SoundDevice::~SoundDevice()
                0x00000000c001bc4c                SoundDevice::~SoundDevice()
                0x00000000c001bcc6                SoundDevice::~SoundDevice()
                0x00000000c001bcf0                SoundDevice::getFreeChannelNum()
                0x00000000c001bd0a                SoundDevice::addChannel(SoundChannel*)
                0x00000000c001bd7a                SoundDevice::removeChannel(int)
                0x00000000c001bdac                SoundDevice::floatTo8(float*, unsigned char*, int)
                0x00000000c001be18                SoundDevice::getAudio(int, float*, float*)
 .text          0x00000000c001bef7        0x0 hw/bus/isa.32
 *fill*         0x00000000c001bef7        0x1 
 .text          0x00000000c001bef8      0x6c1 hw/bus/pci.32
                0x00000000c001bef8                PCI::open(int, int, void*)
                0x00000000c001bf0c                PCI::close(int, int, void*)
                0x00000000c001bf10                PCI::PCI()
                0x00000000c001bf10                PCI::PCI()
                0x00000000c001bf90                PCI::pciReadWord(unsigned char, unsigned char, unsigned char, unsigned char)
                0x00000000c001bfd8                PCI::getVendorID(unsigned char, unsigned char, unsigned char)
                0x00000000c001bffa                PCI::getHeaderType(unsigned char, unsigned char, unsigned char)
                0x00000000c001c01e                PCI::getClassCode(unsigned char, unsigned char, unsigned char)
                0x00000000c001c062                PCI::getProgIF(unsigned char, unsigned char, unsigned char)
                0x00000000c001c086                PCI::getRevisionID(unsigned char, unsigned char, unsigned char)
                0x00000000c001c0a8                PCI::getInterruptNumber(unsigned char, unsigned char, unsigned char)
                0x00000000c001c0ca                PCI::getSecondaryBus(unsigned char, unsigned char, unsigned char)
                0x00000000c001c0ee                PCI::getBARAddress(unsigned char, unsigned char, unsigned char, unsigned char)
                0x00000000c001c14e                PCI::pciWriteWord(unsigned char, unsigned char, unsigned char, unsigned char, unsigned short)
                0x00000000c001c1ba                PCI::checkBus(unsigned char)
                0x00000000c001c1de                PCI::foundDevice(PCIDeviceInfo)
                0x00000000c001c34e                PCI::getDeviceData(unsigned char, unsigned char, unsigned char)
                0x00000000c001c4fa                PCI::checkDevice(unsigned char, unsigned char)
                0x00000000c001c566                PCI::detect()
 *fill*         0x00000000c001c5b9        0x1 
 .text          0x00000000c001c5ba      0xc70 hw/diskctrl/ide.32
                0x00000000c001c5ba                IDE::close(int, int, void*)
                0x00000000c001c5be                IDE::IDE()
                0x00000000c001c5be                IDE::IDE()
                0x00000000c001c5f2                IDE::prepareInterrupt(unsigned char)
                0x00000000c001c604                selectDrive(unsigned char, unsigned char)
                0x00000000c001c606                IDE::getBase(unsigned char)
                0x00000000c001c618                IDE::write(unsigned char, unsigned char, unsigned char)
                0x00000000c001c6d8                IDE::read(unsigned char, unsigned char)
                0x00000000c001c786                IDE::waitInterrupt(unsigned char)
                0x00000000c001c7ec                ideChannel0IRQHandler(regs*, void*)
                0x00000000c001c808                ideChannel1IRQHandler(regs*, void*)
                0x00000000c001c824                IDE::enableIRQs(unsigned char, bool)
                0x00000000c001c86a                IDE::open(int, int, void*)
                0x00000000c001cc7a                IDE::readBuffer(unsigned char, unsigned char, unsigned int, unsigned int)
                0x00000000c001cd46                IDE::detect()
                0x00000000c001d02e                IDE::printError(unsigned char, unsigned char, unsigned char)
                0x00000000c001d1c4                IDE::polling(unsigned char, unsigned int)
 .text          0x00000000c001d22a      0x62b hw/diskphys/ata.32
                0x00000000c001d22a                ATA::close(int, int, void*)
                0x00000000c001d24e                ATA::powerSaving(PowerSavingLevel)
                0x00000000c001d250                ATA::ATA()
                0x00000000c001d250                ATA::ATA()
                0x00000000c001d27e                ATA::flush(bool)
                0x00000000c001d2c8                ATA::readyForCommand()
                0x00000000c001d318                ATA::access(unsigned long long, int, void*, bool)
                0x00000000c001d696                ATA::read(unsigned long long, int, void*)
                0x00000000c001d6fe                ATA::write(unsigned long long, int, void*)
                0x00000000c001d766                ATA::detectCHS()
                0x00000000c001d790                ATA::open(int, int, void*)
 *fill*         0x00000000c001d855        0x1 
 .text          0x00000000c001d856      0x5b3 hw/diskphys/atapi.32
                0x00000000c001d856                ATAPI::write(unsigned long long, int, void*)
                0x00000000c001d85c                ATAPI::close(int, int, void*)
                0x00000000c001d880                ATAPI::ATAPI()
                0x00000000c001d880                ATAPI::ATAPI()
                0x00000000c001d8ae                ATAPI::readyForCommand()
                0x00000000c001d8fe                ATAPI::sendPacket(unsigned char*, int, bool, unsigned short*, int)
                0x00000000c001dbbe                ATAPI::diskRemoved()
                0x00000000c001dbda                ATAPI::eject()
                0x00000000c001dc20                ATAPI::diskInserted()
                0x00000000c001dc4e                ATAPI::detectMedia()
                0x00000000c001dd0a                ATAPI::open(int, int, void*)
                0x00000000c001dd8a                ATAPI::read(unsigned long long, int, void*)
 *fill*         0x00000000c001de09        0x1 
 .text          0x00000000c001de0a       0x8e hw/fpu/avx.32
                0x00000000c001de0a                AVX::open(int, int, void*)
                0x00000000c001de1c                AVX::close(int, int, void*)
                0x00000000c001de2e                AVX::available()
                0x00000000c001de40                AVX::save(void*)
                0x00000000c001de58                AVX::load(void*)
                0x00000000c001de70                AVX::AVX()
                0x00000000c001de70                AVX::AVX()
 .text          0x00000000c001de98       0x90 hw/fpu/mmx.32
                0x00000000c001de98                MMX::available()
                0x00000000c001deac                MMX::open(int, int, void*)
                0x00000000c001debe                MMX::close(int, int, void*)
                0x00000000c001ded0                MMX::save(void*)
                0x00000000c001dee8                MMX::load(void*)
                0x00000000c001df00                MMX::MMX()
                0x00000000c001df00                MMX::MMX()
 .text          0x00000000c001df28       0x96 hw/fpu/sse.32
                0x00000000c001df28                SSE::open(int, int, void*)
                0x00000000c001df3a                SSE::close(int, int, void*)
                0x00000000c001df4c                SSE::available()
                0x00000000c001df66                SSE::save(void*)
                0x00000000c001df7e                SSE::load(void*)
                0x00000000c001df96                SSE::SSE()
                0x00000000c001df96                SSE::SSE()
 .text          0x00000000c001dfbe       0x8e hw/fpu/x87.32
                0x00000000c001dfbe                x87::open(int, int, void*)
                0x00000000c001dfd0                x87::close(int, int, void*)
                0x00000000c001dfe2                x87::available()
                0x00000000c001dff4                x87::save(void*)
                0x00000000c001e00c                x87::load(void*)
                0x00000000c001e024                x87::x87()
                0x00000000c001e024                x87::x87()
 .text          0x00000000c001e04c      0x5f3 hw/intctrl/apic.32
                0x00000000c001e04c                APIC::disable()
                0x00000000c001e04e                APIC::close(int, int, void*)
                0x00000000c001e070                IOAPIC::close(int, int, void*)
                0x00000000c001e076                APIC::io_wait()
                0x00000000c001e07c                APIC::getBase()
                0x00000000c001e0be                APIC::eoi(unsigned char)
                0x00000000c001e0ec                APIC::open(int, int, void*)
                0x00000000c001e1a6                IOAPIC::IOAPIC()
                0x00000000c001e1a6                IOAPIC::IOAPIC()
                0x00000000c001e1ce                APIC::APIC()
                0x00000000c001e1ce                APIC::APIC()
                0x00000000c001e29e                IOAPIC::handlesGSIWithNumber(unsigned int)
                0x00000000c001e2d0                IOAPIC::read(int)
                0x00000000c001e2f8                IOAPIC::open(int, int, void*)
                0x00000000c001e3ee                IOAPIC::write(int, int)
                0x00000000c001e41a                IOAPIC::redirect(unsigned char, unsigned long long, unsigned char)
                0x00000000c001e4d4                APIC::installIRQHandler(int, void (*)(regs*, void*), bool, void*)
 *fill*         0x00000000c001e63f        0x1 
 .text          0x00000000c001e640      0x3d3 hw/intctrl/pic.32
                0x00000000c001e640                PIC::disable()
                0x00000000c001e66e                PIC::close(int, int, void*)
                0x00000000c001e690                PIC::PIC()
                0x00000000c001e690                PIC::PIC()
                0x00000000c001e766                PIC::ioWait()
                0x00000000c001e76c                PIC::getIRQReg(int)
                0x00000000c001e7d6                PIC::eoi(unsigned char)
                0x00000000c001e868                PIC::remap()
                0x00000000c001e9d4                PIC::open(int, int, void*)
 *fill*         0x00000000c001ea13        0x1 
 .text          0x00000000c001ea14      0x252 hw/timer/apictimer.32
                0x00000000c001ea14                APICTimer::close(int, int, void*)
                0x00000000c001ea1a                apicTimerHandler(regs*, void*)
                0x00000000c001ea48                APICTimer::write(int)
                0x00000000c001eb46                APICTimer::open(int, int, void*)
                0x00000000c001ec3e                APICTimer::APICTimer()
                0x00000000c001ec3e                APICTimer::APICTimer()
 .text          0x00000000c001ec66      0x1a7 hw/timer/pit.32
                0x00000000c001ec66                PIT::write(int)
                0x00000000c001ece4                pitHandler(regs*, void*)
                0x00000000c001ed10                PIT::open(int, int, void*)
                0x00000000c001ed5e                PIT::close(int, int, void*)
                0x00000000c001ed8e                PIT::PIT()
                0x00000000c001ed8e                PIT::PIT()
 *fill*         0x00000000c001ee0d        0x3 
 .text          0x00000000c001ee10        0xa hw/fpu/x86/avx.32
                0x00000000c001ee10                avxDetect
                0x00000000c001ee16                avxSave
                0x00000000c001ee17                avxLoad
                0x00000000c001ee18                avxInit
                0x00000000c001ee19                avxClose
 *fill*         0x00000000c001ee1a        0x6 
 .text          0x00000000c001ee20       0x38 hw/fpu/x86/sse.32
                0x00000000c001ee20                sseDetect
                0x00000000c001ee3b                sseSave
                0x00000000c001ee41                sseLoad
                0x00000000c001ee47                sseInit
                0x00000000c001ee57                sseClose
 *fill*         0x00000000c001ee58        0x8 
 .text          0x00000000c001ee60       0x47 hw/fpu/x86/x87.32
                0x00000000c001ee66                x87Detect
                0x00000000c001ee81                x87Save
                0x00000000c001ee87                x87Load
                0x00000000c001ee8c                x87Init
                0x00000000c001eea6                x87Close
 *fill*         0x00000000c001eea7        0x1 
 .text          0x00000000c001eea8       0x25 /cygdrive/d/Users/Alex/Desktop/Toolchain/Output/bin/../lib/gcc/i386-banana/8.1.0/crtend.o
 .text          0x00000000c001eecd        0x0 crtn.32
 *fill*         0x00000000c001eecd        0x3 
 .text          0x00000000c001eed0      0x14b /cygdrive/d/Users/Alex/Desktop/Toolchain/Output/bin/../lib/gcc/i386-banana/8.1.0/libgcc.a(_divdi3.o)
                0x00000000c001eed0                __divdi3
 *fill*         0x00000000c001f01b        0x1 
 .text          0x00000000c001f01c      0x17e /cygdrive/d/Users/Alex/Desktop/Toolchain/Output/bin/../lib/gcc/i386-banana/8.1.0/libgcc.a(_moddi3.o)
                0x00000000c001f01c                __moddi3
 *fill*         0x00000000c001f19a        0x2 
 .text          0x00000000c001f19c       0xff /cygdrive/d/Users/Alex/Desktop/Toolchain/Output/bin/../lib/gcc/i386-banana/8.1.0/libgcc.a(_udivdi3.o)
                0x00000000c001f19c                __udivdi3
 *fill*         0x00000000c001f29b        0x1 
 .text          0x00000000c001f29c      0x11a /cygdrive/d/Users/Alex/Desktop/Toolchain/Output/bin/../lib/gcc/i386-banana/8.1.0/libgcc.a(_umoddi3.o)
                0x00000000c001f29c                __umoddi3
 *fill*         0x00000000c001f3b6        0xa 
 .text          0x00000000c001f3c0       0x1e D:/Users/Alex/Desktop/Banana/kernel/libk/libm32.a(s_fabs.c.o)
                0x00000000c001f3c0                fabs
 *fill*         0x00000000c001f3de        0x2 
 .text          0x00000000c001f3e0        0xc D:/Users/Alex/Desktop/Banana/kernel/libk/libm32.a(s_lrint.S.o)
                0x00000000c001f3e0                lrint
 .text          0x00000000c001f3ec        0xc D:/Users/Alex/Desktop/Banana/kernel/libk/libm32.a(s_lrintf.S.o)
                0x00000000c001f3ec                lrintf
 *(.gnu.linkonce.t*)

.iplt           0x00000000c001f3f8        0x0
 .iplt          0x00000000c001f3f8        0x0 D:/Users/Alex/Desktop/Banana/kernel/boot.32

.init           0x00000000c001f3f8        0xf
 .init          0x00000000c001f3f8        0x3 crti.32
                0x00000000c001f3f8                _init
 .init          0x00000000c001f3fb        0x5 /cygdrive/d/Users/Alex/Desktop/Toolchain/Output/bin/../lib/gcc/i386-banana/8.1.0/crtbegin.o
 .init          0x00000000c001f400        0x5 /cygdrive/d/Users/Alex/Desktop/Toolchain/Output/bin/../lib/gcc/i386-banana/8.1.0/crtend.o
 .init          0x00000000c001f405        0x2 crtn.32

.fini           0x00000000c001f407        0xa
 .fini          0x00000000c001f407        0x3 crti.32
                0x00000000c001f407                _fini
 .fini          0x00000000c001f40a        0x5 /cygdrive/d/Users/Alex/Desktop/Toolchain/Output/bin/../lib/gcc/i386-banana/8.1.0/crtbegin.o
 .fini          0x00000000c001f40f        0x2 crtn.32

.text._ZN8ComputerD2Ev
                0x00000000c001f412       0x23
 .text._ZN8ComputerD2Ev
                0x00000000c001f412       0x23 core/computer.32
                0x00000000c001f412                Computer::~Computer()
                0x00000000c001f412                Computer::~Computer()

.text._ZN8ComputerD0Ev
                0x00000000c001f436       0x2a
 .text._ZN8ComputerD0Ev
                0x00000000c001f436       0x2a core/computer.32
                0x00000000c001f436                Computer::~Computer()

.text._Z10idleCommonv
                0x00000000c001f460       0x15
 .text._Z10idleCommonv
                0x00000000c001f460       0x15 core/idle.32
                0x00000000c001f460                idleCommon()

.text._ZN3CPU7readCR3Ev
                0x00000000c001f475       0x12
 .text._ZN3CPU7readCR3Ev
                0x00000000c001f475       0x12 core/kheap.32
                0x00000000c001f475                CPU::readCR3()

.text._ZN3CPU8writeCR3Em
                0x00000000c001f487        0x9
 .text._ZN3CPU8writeCR3Em
                0x00000000c001f487        0x9 core/kheap.32
                0x00000000c001f487                CPU::writeCR3(unsigned long)

.text._ZN10LinkedListI8UnixFileED2Ev
                0x00000000c001f490        0x2
 .text._ZN10LinkedListI8UnixFileED2Ev
                0x00000000c001f490        0x2 core/unixfile.32
                0x00000000c001f490                LinkedList<UnixFile>::~LinkedList()
                0x00000000c001f490                LinkedList<UnixFile>::~LinkedList()

.text._ZN10LinkedListI8UnixFileEC2Ev
                0x00000000c001f492       0x58
 .text._ZN10LinkedListI8UnixFileEC2Ev
                0x00000000c001f492       0x58 core/unixfile.32
                0x00000000c001f492                LinkedList<UnixFile>::LinkedList()
                0x00000000c001f492                LinkedList<UnixFile>::LinkedList()

.text._ZN10LinkedListI8UnixFileE10addElementEPS0_
                0x00000000c001f4ea       0xd3
 .text._ZN10LinkedListI8UnixFileE10addElementEPS0_
                0x00000000c001f4ea       0xd3 core/unixfile.32
                0x00000000c001f4ea                LinkedList<UnixFile>::addElement(UnixFile*)

.text._ZN10LinkedListI8UnixFileE15getFirstElementEv
                0x00000000c001f5be        0x7
 .text._ZN10LinkedListI8UnixFileE15getFirstElementEv
                0x00000000c001f5be        0x7 core/unixfile.32
                0x00000000c001f5be                LinkedList<UnixFile>::getFirstElement()

.text._ZN10LinkedListI8UnixFileE11removeFirstEv
                0x00000000c001f5c6       0xa1
 .text._ZN10LinkedListI8UnixFileE11removeFirstEv
                0x00000000c001f5c6       0xa1 core/unixfile.32
                0x00000000c001f5c6                LinkedList<UnixFile>::removeFirst()

.text._ZN10LinkedListI8UnixFileE7getNextEPS0_
                0x00000000c001f668        0x8
 .text._ZN10LinkedListI8UnixFileE7getNextEPS0_
                0x00000000c001f668        0x8 core/unixfile.32
                0x00000000c001f668                LinkedList<UnixFile>::getNext(UnixFile*)

.text._ZN16DriverlessDeviceD2Ev
                0x00000000c001f670       0x1a
 .text._ZN16DriverlessDeviceD2Ev
                0x00000000c001f670       0x1a hal/device.32
                0x00000000c001f670                DriverlessDevice::~DriverlessDevice()
                0x00000000c001f670                DriverlessDevice::~DriverlessDevice()

.text._ZN16DriverlessDeviceD0Ev
                0x00000000c001f68a       0x2a
 .text._ZN16DriverlessDeviceD0Ev
                0x00000000c001f68a       0x2a hal/device.32
                0x00000000c001f68a                DriverlessDevice::~DriverlessDevice()

.text._ZN10LinkedListI6DeviceE10addElementEPS0_
                0x00000000c001f6b4       0xdc
 .text._ZN10LinkedListI6DeviceE10addElementEPS0_
                0x00000000c001f6b4       0xdc hal/device.32
                0x00000000c001f6b4                LinkedList<Device>::addElement(Device*)

.text._ZN10LinkedListI6DeviceEC2Ev
                0x00000000c001f790       0x58
 .text._ZN10LinkedListI6DeviceEC2Ev
                0x00000000c001f790       0x58 hal/device.32
                0x00000000c001f790                LinkedList<Device>::LinkedList()
                0x00000000c001f790                LinkedList<Device>::LinkedList()

.text._ZN3CPU7readCR0Ev
                0x00000000c001f7e8       0x12
 .text._ZN3CPU7readCR0Ev
                0x00000000c001f7e8       0x12 hal/fpu.32
                0x00000000c001f7e8                CPU::readCR0()

.text._ZN3CPU8writeCR0Em
                0x00000000c001f7fa        0x9
 .text._ZN3CPU8writeCR0Em
                0x00000000c001f7fa        0x9 hal/fpu.32
                0x00000000c001f7fa                CPU::writeCR0(unsigned long)

.text._ZN3CPU7readDR0Ev
                0x00000000c001f803       0x12
 .text._ZN3CPU7readDR0Ev
                0x00000000c001f803       0x12 hal/intctrl.32
                0x00000000c001f803                CPU::readDR0()

.text._ZN3CPU7readDR1Ev
                0x00000000c001f815       0x12
 .text._ZN3CPU7readDR1Ev
                0x00000000c001f815       0x12 hal/intctrl.32
                0x00000000c001f815                CPU::readDR1()

.text._ZN3CPU7readDR2Ev
                0x00000000c001f827       0x12
 .text._ZN3CPU7readDR2Ev
                0x00000000c001f827       0x12 hal/intctrl.32
                0x00000000c001f827                CPU::readDR2()

.text._ZN3CPU7readDR3Ev
                0x00000000c001f839       0x12
 .text._ZN3CPU7readDR3Ev
                0x00000000c001f839       0x12 hal/intctrl.32
                0x00000000c001f839                CPU::readDR3()

.text._ZN3CPU7readDR6Ev
                0x00000000c001f84b       0x12
 .text._ZN3CPU7readDR6Ev
                0x00000000c001f84b       0x12 hal/intctrl.32
                0x00000000c001f84b                CPU::readDR6()

.text._ZN3CPU7readDR7Ev
                0x00000000c001f85d       0x12
 .text._ZN3CPU7readDR7Ev
                0x00000000c001f85d       0x12 hal/intctrl.32
                0x00000000c001f85d                CPU::readDR7()

.text._ZN10LinkedListIV18ThreadControlBlockE15getFirstElementEv
                0x00000000c001f870        0x7
 .text._ZN10LinkedListIV18ThreadControlBlockE15getFirstElementEv
                0x00000000c001f870        0x7 hal/timer.32
                0x00000000c001f870                LinkedList<ThreadControlBlock volatile>::getFirstElement()

.text._ZN10LinkedListIV18ThreadControlBlockE7isEmptyEv
                0x00000000c001f878       0x1c
 .text._ZN10LinkedListIV18ThreadControlBlockE7isEmptyEv
                0x00000000c001f878       0x1c hal/timer.32
                0x00000000c001f878                LinkedList<ThreadControlBlock volatile>::isEmpty()

.text._ZN10LinkedListIV18ThreadControlBlockE11removeFirstEv
                0x00000000c001f894       0xae
 .text._ZN10LinkedListIV18ThreadControlBlockE11removeFirstEv
                0x00000000c001f894       0xae hal/timer.32
                0x00000000c001f894                LinkedList<ThreadControlBlock volatile>::removeFirst()

.text._ZN10LinkedListIV18ThreadControlBlockE10addElementEPS1_
                0x00000000c001f942       0xd3
 .text._ZN10LinkedListIV18ThreadControlBlockE10addElementEPS1_
                0x00000000c001f942       0xd3 hal/timer.32
                0x00000000c001f942                LinkedList<ThreadControlBlock volatile>::addElement(ThreadControlBlock volatile*)

.text._ZN4ACPID2Ev
                0x00000000c001fa16       0x23
 .text._ZN4ACPID2Ev
                0x00000000c001fa16       0x23 hw/acpi.32
                0x00000000c001fa16                ACPI::~ACPI()
                0x00000000c001fa16                ACPI::~ACPI()

.text._ZN4ACPID0Ev
                0x00000000c001fa3a       0x2a
 .text._ZN4ACPID0Ev
                0x00000000c001fa3a       0x2a hw/acpi.32
                0x00000000c001fa3a                ACPI::~ACPI()

.text._ZN3CPUD2Ev
                0x00000000c001fa64       0x23
 .text._ZN3CPUD2Ev
                0x00000000c001fa64       0x23 hw/cpu.32
                0x00000000c001fa64                CPU::~CPU()
                0x00000000c001fa64                CPU::~CPU()

.text._ZN3CPUD0Ev
                0x00000000c001fa88       0x2a
 .text._ZN3CPUD0Ev
                0x00000000c001fa88       0x2a hw/cpu.32
                0x00000000c001fa88                CPU::~CPU()

.text._ZN3CPU7readCR4Ev
                0x00000000c001fab2       0x12
 .text._ZN3CPU7readCR4Ev
                0x00000000c001fab2       0x12 hw/cpu.32
                0x00000000c001fab2                CPU::readCR4()

.text._ZN3CPU8writeDR7Em
                0x00000000c001fac4        0x9
 .text._ZN3CPU8writeDR7Em
                0x00000000c001fac4        0x9 hw/cpu.32
                0x00000000c001fac4                CPU::writeDR7(unsigned long)

.text._ZN3CPU8writeCR4Em
                0x00000000c001facd        0x9
 .text._ZN3CPU8writeCR4Em
                0x00000000c001facd        0x9 hw/cpu.32
                0x00000000c001facd                CPU::writeCR4(unsigned long)

.text._ZN3CPU7readCR2Ev
                0x00000000c001fad6       0x12
 .text._ZN3CPU7readCR2Ev
                0x00000000c001fad6       0x12 krnl/panic.32
                0x00000000c001fad6                CPU::readCR2()

.text._ZN10LinkedListIV18ThreadControlBlockED2Ev
                0x00000000c001fae8        0x2
 .text._ZN10LinkedListIV18ThreadControlBlockED2Ev
                0x00000000c001fae8        0x2 thr/prcssthr.32
                0x00000000c001fae8                LinkedList<ThreadControlBlock volatile>::~LinkedList()
                0x00000000c001fae8                LinkedList<ThreadControlBlock volatile>::~LinkedList()

.text._ZN18ThreadControlBlockC2Ev
                0x00000000c001faea       0x3e
 .text._ZN18ThreadControlBlockC2Ev
                0x00000000c001faea       0x3e thr/prcssthr.32
                0x00000000c001faea                ThreadControlBlock::ThreadControlBlock()
                0x00000000c001faea                ThreadControlBlock::ThreadControlBlock()

.text._ZN10LinkedListIV18ThreadControlBlockEC2Ev
                0x00000000c001fb28       0x58
 .text._ZN10LinkedListIV18ThreadControlBlockEC2Ev
                0x00000000c001fb28       0x58 thr/prcssthr.32
                0x00000000c001fb28                LinkedList<ThreadControlBlock volatile>::LinkedList()
                0x00000000c001fb28                LinkedList<ThreadControlBlock volatile>::LinkedList()

.text._ZN10LinkedListIV18ThreadControlBlockE7getNextEPS1_
                0x00000000c001fb80        0x8
 .text._ZN10LinkedListIV18ThreadControlBlockE7getNextEPS1_
                0x00000000c001fb80        0x8 thr/prcssthr.32
                0x00000000c001fb80                LinkedList<ThreadControlBlock volatile>::getNext(ThreadControlBlock volatile*)

.text._ZN3PCID2Ev
                0x00000000c001fb88       0x23
 .text._ZN3PCID2Ev
                0x00000000c001fb88       0x23 hw/bus/pci.32
                0x00000000c001fb88                PCI::~PCI()