Archive member included to satisfy reference by file (symbol)

/cygdrive/d/Users/Alex/Desktop/Toolchain/Output/bin/../lib/gcc/i386-banana/8.1.0/libkgcc.a(_divdi3.o)
                              krnl/resolve.32 (__divdi3)
/cygdrive/d/Users/Alex/Desktop/Toolchain/Output/bin/../lib/gcc/i386-banana/8.1.0/libkgcc.a(_moddi3.o)
                              krnl/resolve.32 (__moddi3)
/cygdrive/d/Users/Alex/Desktop/Toolchain/Output/bin/../lib/gcc/i386-banana/8.1.0/libkgcc.a(_udivdi3.o)
                              hal/clock.32 (__udivdi3)
/cygdrive/d/Users/Alex/Desktop/Toolchain/Output/bin/../lib/gcc/i386-banana/8.1.0/libkgcc.a(_umoddi3.o)
                              core/pipe.32 (__umoddi3)

Allocating common symbols
Common symbol       size              file

current_iphdr_src   0x4               net/core/ipv4/ip.32
netif_list          0x4               net/core/netif.32
tcp_active_pcbs     0x4               net/core/tcp.32
udp_pcbs            0x4               net/core/udp.32
current_netif       0x4               net/core/ipv4/ip.32
tcp_ticks           0x4               net/core/tcp.32
tcp_listen_pcbs     0x4               net/core/tcp.32
current_iphdr_dest  0x4               net/core/ipv4/ip.32
tcp_tmp_pcb         0x4               net/core/tcp.32
tcp_input_pcb       0x4               net/core/tcp_in.32
dcache              0x40              fs/iso9660/iso9660.32
current_header      0x4               net/core/ipv4/ip.32
tcp_bound_pcbs      0x4               net/core/tcp.32
cdDriveLetter       0x1               fs/iso9660/iso9660.32
tcp_tw_pcbs         0x4               net/core/tcp.32
lwip_stats          0x150             net/core/stats.32
netif_default       0x4               net/core/netif.32
ram_heap            0x64d             net/core/mem.32
icache              0x40              fs/iso9660/iso9660.32

Discarded input sections

 .comment       0x0000000000000000       0x12 /cygdrive/d/Users/Alex/Desktop/Toolchain/Output/bin/../lib/gcc/i386-banana/8.1.0/crtbegin.o
 .comment       0x0000000000000000       0x12 acpica/utclib.32
 .comment       0x0000000000000000       0x12 arch/cc.32
 .comment       0x0000000000000000       0x12 arch/sys_arch.32
 .comment       0x0000000000000000       0x12 core/malloc.32
 .comment       0x0000000000000000       0x12 libk/ctype.32
 .comment       0x0000000000000000       0x12 libk/string.32
 .comment       0x0000000000000000       0x12 fs/fat/diskio.32
 .comment       0x0000000000000000       0x12 fs/fat/ff.32
 .comment       0x0000000000000000       0x12 fs/fat/ffsystem.32
 .comment       0x0000000000000000       0x12 fs/fat/ffunicode.32
 .comment       0x0000000000000000       0x12 fs/iso9660/iso9660.32
 .comment       0x0000000000000000       0x12 net/core/def.32
 .comment       0x0000000000000000       0x12 net/core/dhcp.32
 .comment       0x0000000000000000       0x12 net/core/dns.32
 .comment       0x0000000000000000       0x12 net/core/init.32
 .comment       0x0000000000000000       0x12 net/core/mem.32
 .comment       0x0000000000000000       0x12 net/core/memp.32
 .comment       0x0000000000000000       0x12 net/core/netif.32
 .comment       0x0000000000000000       0x12 net/core/pbuf.32
 .comment       0x0000000000000000       0x12 net/core/raw.32
 .comment       0x0000000000000000       0x12 net/core/stats.32
 .comment       0x0000000000000000       0x12 net/core/sys.32
 .comment       0x0000000000000000       0x12 net/core/tcp.32
 .comment       0x0000000000000000       0x12 net/core/tcp_in.32
 .comment       0x0000000000000000       0x12 net/core/tcp_out.32
 .comment       0x0000000000000000       0x12 net/core/timers.32
 .comment       0x0000000000000000       0x12 net/core/udp.32
 .comment       0x0000000000000000       0x12 net/netif/etharp.32
 .comment       0x0000000000000000       0x12 net/netif/ethernetif.32
 .comment       0x0000000000000000       0x12 net/netif/slipif.32
 .comment       0x0000000000000000       0x12 net/core/ipv4/autoip.32
 .comment       0x0000000000000000       0x12 net/core/ipv4/icmp.32
 .comment       0x0000000000000000       0x12 net/core/ipv4/igmp.32
 .comment       0x0000000000000000       0x12 net/core/ipv4/inet.32
 .comment       0x0000000000000000       0x12 net/core/ipv4/inet_chksum.32
 .comment       0x0000000000000000       0x12 net/core/ipv4/ip.32
 .comment       0x0000000000000000       0x12 net/core/ipv4/ip_addr.32
 .comment       0x0000000000000000       0x12 net/core/ipv4/ip_frag.32
 .comment       0x0000000000000000       0x12 net/core/snmp/asn1_dec.32
 .comment       0x0000000000000000       0x12 net/core/snmp/asn1_enc.32
 .comment       0x0000000000000000       0x12 net/core/snmp/mib2.32
 .comment       0x0000000000000000       0x12 net/core/snmp/mib_structs.32
 .comment       0x0000000000000000       0x12 net/core/snmp/msg_in.32
 .comment       0x0000000000000000       0x12 net/core/snmp/msg_out.32
 .comment       0x0000000000000000       0x12 net/netif/ppp/auth.32
[...]
Memory Configuration

Name             Origin             Length             Attributes
*default*        0x0000000000000000 0xffffffffffffffff

Linker script and memory map

LOAD D:/Users/Alex/Desktop/Banana/kernel/boot.32
LOAD crti.32
LOAD /cygdrive/d/Users/Alex/Desktop/Toolchain/Output/bin/../lib/gcc/i386-banana/8.1.0/crtbegin.o
LOAD D:/Users/Alex/Desktop/Banana/kernel/morenasm.32
LOAD acpica/utclib.32
LOAD arch/cc.32
LOAD arch/sys_arch.32
LOAD core/malloc.32
LOAD libk/ctype.32
LOAD libk/string.32
LOAD fs/fat/diskio.32
LOAD fs/fat/ff.32
LOAD fs/fat/ffsystem.32
LOAD fs/fat/ffunicode.32
LOAD fs/iso9660/iso9660.32
LOAD net/core/def.32
LOAD net/core/dhcp.32
LOAD net/core/dns.32
LOAD net/core/init.32
LOAD net/core/mem.32
LOAD net/core/memp.32
LOAD net/core/netif.32
LOAD net/core/pbuf.32
LOAD net/core/raw.32
LOAD net/core/stats.32
LOAD net/core/sys.32
LOAD net/core/tcp.32
LOAD net/core/tcp_in.32
LOAD net/core/tcp_out.32
LOAD net/core/timers.32
LOAD net/core/udp.32
LOAD net/netif/etharp.32
LOAD net/netif/ethernetif.32
LOAD net/netif/slipif.32
LOAD net/core/ipv4/autoip.32
LOAD net/core/ipv4/icmp.32
LOAD net/core/ipv4/igmp.32
LOAD net/core/ipv4/inet.32
LOAD net/core/ipv4/inet_chksum.32
LOAD net/core/ipv4/ip.32
LOAD net/core/ipv4/ip_addr.32
LOAD net/core/ipv4/ip_frag.32
LOAD net/core/snmp/asn1_dec.32
LOAD net/core/snmp/asn1_enc.32
LOAD net/core/snmp/mib2.32
LOAD net/core/snmp/mib_structs.32
LOAD net/core/snmp/msg_in.32
LOAD net/core/snmp/msg_out.32
LOAD net/netif/ppp/auth.32
LOAD net/netif/ppp/chap.32
LOAD net/netif/ppp/chpms.32
LOAD net/netif/ppp/fsm.32
LOAD net/netif/ppp/ipcp.32
LOAD net/netif/ppp/lcp.32
LOAD net/netif/ppp/magic.32
LOAD net/netif/ppp/md5.32
LOAD net/netif/ppp/pap.32
LOAD net/netif/ppp/ppp.32
LOAD net/netif/ppp/ppp_oe.32
LOAD net/netif/ppp/randm.32
LOAD net/netif/ppp/vj.32
LOAD core/computer.32
LOAD core/gdt.32
LOAD core/idle.32
LOAD core/idt.32
LOAD core/kheap.32
LOAD core/main.32
LOAD core/physmgr.32
LOAD core/pipe.32
LOAD core/terminal.32
LOAD core/tss.32
LOAD core/unixfile.32
LOAD core/virtmgr.32
LOAD coreobjs/c++.32
LOAD dbg/kconsole.32
LOAD dbg/usban.32
LOAD fs/symlink.32
LOAD fs/vfs.32
LOAD hal/bus.32
LOAD hal/buzzer.32
LOAD hal/clock.32
LOAD hal/device.32
LOAD hal/diskctrl.32
LOAD hal/diskphys.32
LOAD hal/fpu.32
LOAD hal/intctrl.32
LOAD hal/keybrd.32
LOAD hal/logidisk.32
LOAD hal/mouse.32
LOAD hal/nic.32
LOAD hal/partition.32
LOAD hal/serial.32
LOAD hal/timer.32
LOAD hal/vcache.32
LOAD hal/video.32
LOAD hw/acpi.32
LOAD hw/cpu.32
LOAD krnl/atexit.32
LOAD krnl/bootmsg.32
LOAD krnl/cdefs.32
LOAD krnl/compat.32
LOAD krnl/crc32.32
LOAD krnl/env.32
LOAD krnl/inlines.32
LOAD krnl/mailbox.32
LOAD krnl/mutex.32
LOAD krnl/panic.32
LOAD krnl/powctrl.32
LOAD krnl/random.32
LOAD krnl/resolve.32
LOAD krnl/semaphore.32
LOAD krnl/signal.32
LOAD krnl/syscalls.32
LOAD net/ethernet.32
LOAD net/netosl.32
LOAD reg/cm.32
LOAD reg/registry.32
LOAD sys/eject.32
LOAD sys/exit.32
LOAD sys/getcwd.32
LOAD sys/getpid.32
LOAD sys/getramdata.32
LOAD sys/getvgaptr.32
LOAD sys/kill.32
LOAD sys/loaddll.32
LOAD sys/read.32
LOAD sys/registersignal.32
LOAD sys/registry.32
LOAD sys/sbrk.32
LOAD sys/setcwd.32
LOAD sys/settime.32
LOAD sys/symlink.32
LOAD sys/timezone.32
LOAD sys/truncate.32
LOAD sys/write.32
LOAD sys/wsbe.32
LOAD sys/yield.32
LOAD thr/elf.32
LOAD thr/exec.32
LOAD thr/prcssthr.32
LOAD vm86/vm8086.32
LOAD arch/i386/hal.32
LOAD arch/i386/pic.32
LOAD arch/i386/rtc.32
LOAD arch/i386/vga.32
LOAD fs/fat/vfslink.32
LOAD fs/iso9660/helper.32
LOAD fs/iso9660/vfslink.32
LOAD hal/sound/sndcard.32
LOAD hal/sound/sndport.32
LOAD hw/bus/isa.32
LOAD hw/bus/pci.32
LOAD hw/diskctrl/ide.32
LOAD hw/diskctrl/satabus.32
LOAD hw/diskphys/ata.32
LOAD hw/diskphys/atapi.32
LOAD hw/diskphys/sata.32
LOAD hw/diskphys/satapi.32
LOAD hw/intctrl/apic.32
LOAD hw/timer/apictimer.32
LOAD hw/timer/pit.32
LOAD arch/i386/avx.32
LOAD arch/i386/interrupt.32
LOAD arch/i386/rdrand.32
LOAD arch/i386/sse.32
LOAD arch/i386/x87.32
LOAD /cygdrive/d/Users/Alex/Desktop/Toolchain/Output/bin/../lib/gcc/i386-banana/8.1.0/crtend.o
LOAD crtn.32
LOAD /cygdrive/d/Users/Alex/Desktop/Toolchain/Output/bin/../lib/gcc/i386-banana/8.1.0/libkgcc.a
LOAD D:/Users/Alex/Desktop/Banana/kernel/libsoftfp.a
LOAD D:/Users/Alex/Desktop/Banana/kernel/libk/libm32.a
                0x00000000c0000000                . = 0xc0000000

.text           0x00000000c0000000    0x2f13a
 *(.text)
 .text          0x00000000c0000000       0x20 D:/Users/Alex/Desktop/Banana/kernel/boot.32
 .text          0x00000000c0000020        0x0 crti.32
 .text          0x00000000c0000020      0x101 /cygdrive/d/Users/Alex/Desktop/Toolchain/Output/bin/../lib/gcc/i386-banana/8.1.0/crtbegin.o
 *fill*         0x00000000c0000121        0xf 
 .text          0x00000000c0000130      0x24f D:/Users/Alex/Desktop/Banana/kernel/morenasm.32
                0x00000000c0000130                manualPCIProbe
                0x00000000c000017b                prepareTramp
                0x00000000c0000194                doTPAUSE
                0x00000000c000019e                hasLegacyFPU
                0x00000000c00001c3                is486
                0x00000000c00001f9                detectCPUID
                0x00000000c000020f                goToVM86
                0x00000000c000023f                goToUsermode
                0x00000000c0000269                switchToThreadASMFirstTime
                0x00000000c0000277                switchToThreadASM
                0x00000000c00002fc                asmQuickAcquireLock
                0x00000000c000031a                asmQuickReleaseLock
                0x00000000c0000326                asmAcquireLock
                0x00000000c0000347                asmReleaseLock
                0x00000000c000035a                loadGDT
                0x00000000c000037a                memcpy
 *fill*         0x00000000c000037f        0x1 
 .text          0x00000000c0000380      0x868 acpica/utclib.32
                0x00000000c0000380                memcmp
                0x00000000c00003d0                memmove
                0x00000000c00004f0                memset
                0x00000000c0000570                strlen
                0x00000000c00005a0                strpbrk
                0x00000000c00005f0                strtok
                0x00000000c0000640                strcpy
                0x00000000c0000680                strncpy
                0x00000000c0000750                strcmp
                0x00000000c00007a0                strchr
                0x00000000c00007e0                strncmp
                0x00000000c0000840                strcat
                0x00000000c0000870                strncat
                0x00000000c00008d0                strstr
                0x00000000c0000930                toupper
                0x00000000c0000950                tolower
                0x00000000c0000970                simple_strtoul
 .text          0x00000000c0000be8       0x53 arch/cc.32
                0x00000000c0000be8                LWIP_PLATFORM_HTONS
                0x00000000c0000c0c                LWIP_PLATFORM_HTONL
 *fill*         0x00000000c0000c3b        0x1 
 .text          0x00000000c0000c3c      0x162 arch/sys_arch.32
                0x00000000c0000c3c                lwip_socket_init
                0x00000000c0000c54                tcpip_callback_with_block
                0x00000000c0000c6c                sys_sem_new
                0x00000000c0000c94                sys_sem_free
                0x00000000c0000cac                sys_sem_signal
                0x00000000c0000cc4                sys_arch_sem_wait
                0x00000000c0000ce0                sys_mbox_new
                0x00000000c0000cfc                sys_mbox_free
                0x00000000c0000d14                sys_mbox_post
                0x00000000c0000d2c                sys_arch_mbox_fetch
                0x00000000c0000d48                sys_arch_mbox_tryfetch
                0x00000000c0000d64                sys_mbox_trypost
                0x00000000c0000d7c                sys_thread_new
                0x00000000c0000d9c                sys_init
 .text          0x00000000c0000d9e     0x1140 core/malloc.32
                0x00000000c0000f09                dlfree
                0x00000000c00013d0                dlmalloc
                0x00000000c000190d                dlrealloc
                0x00000000c0001aea                dlmemalign
                0x00000000c0001c0d                dlcalloc
                0x00000000c0001c9e                dlcfree
                0x00000000c0001ca3                dlindependent_calloc
                0x00000000c0001cc8                dlindependent_comalloc
                0x00000000c0001cdf                dlvalloc
                0x00000000c0001d0a                dlpvalloc
                0x00000000c0001d40                dlmalloc_trim
                0x00000000c0001d4d                dlmalloc_usable_size
                0x00000000c0001d7e                dlmallinfo
                0x00000000c0001e4d                dlmalloc_stats
                0x00000000c0001e5e                dlmallopt
 *fill*         0x00000000c0001ede        0x2 
 .text          0x00000000c0001ee0      0x1f2 libk/ctype.32
                0x00000000c0001ee0                isblank
                0x00000000c0001f00                iscntrl
                0x00000000c0001f20                isdigit
                0x00000000c0001f3c                islower
                0x00000000c0001f58                isspace
                0x00000000c0001f80                isupper
                0x00000000c0001f9c                isalpha
                0x00000000c0001fcc                isalnum
                0x00000000c0001ffc                ispunct
                0x00000000c000203c                isgraph
                0x00000000c000206c                isprint
                0x00000000c0002094                isxdigit
 .text          0x00000000c00020d2        0x0 libk/string.32
 .text          0x00000000c00020d2       0x51 fs/fat/diskio.32
                0x00000000c00020d2                disk_status
                0x00000000c00020d5                disk_initialize
                0x00000000c00020d8                disk_read
                0x00000000c00020ee                disk_write
                0x00000000c0002104                disk_ioctl
 .text          0x00000000c0002123     0x3e46 fs/fat/ff.32
                0x00000000c0003f44                f_mount
                0x00000000c0003fa6                f_open
                0x00000000c0004269                f_read
                0x00000000c0004468                f_write
                0x00000000c00046b0                f_sync
                0x00000000c0004775                f_close
                0x00000000c00047a4                f_lseek
                0x00000000c0004955                f_opendir
                0x00000000c0004a20                f_closedir
                0x00000000c0004a42                f_readdir
                0x00000000c0004ad4                f_stat
                0x00000000c0004b53                f_getfree
                0x00000000c0004c5c                f_truncate
                0x00000000c0004d46                f_unlink
                0x00000000c0004e68                f_mkdir
                0x00000000c0005003                f_rename
                0x00000000c00051bb                f_chmod
                0x00000000c000526b                f_utime
                0x00000000c000531b                f_getlabel
                0x00000000c000546c                f_setlabel
                0x00000000c00055fc                f_expand
                0x00000000c0005769                f_mkfs
 *fill*         0x00000000c0005f69        0x3 
 .text          0x00000000c0005f6c       0x2f fs/fat/ffsystem.32
                0x00000000c0005f6c                ff_memalloc
                0x00000000c0005f84                ff_memfree
 *fill*         0x00000000c0005f9b        0x1 
 .text          0x00000000c0005f9c      0x2dc fs/fat/ffunicode.32
                0x00000000c0005f9c                ff_uni2oem
                0x00000000c000603c                ff_oem2uni
                0x00000000c00060b4                ff_wtoupper
 .text          0x00000000c0006278      0xd32 fs/iso9660/iso9660.32
                0x00000000c00064c3                isoReadDiscSector
                0x00000000c000655e                strnicmp
                0x00000000c000680d                stricmp
                0x00000000c0006859                iso_open
                0x00000000c00068e3                iso_close
                0x00000000c0006901                iso_read
                0x00000000c0006a17                iso_seek
                0x00000000c0006a9b                iso_tell
                0x00000000c0006acc                iso_total
                0x00000000c0006af7                fn_postprocess
                0x00000000c0006b1e                iso_readdir
                0x00000000c0006d75                iso_reset
                0x00000000c0006d92                init_percd
                0x00000000c0006e8c                iso_ioctl
                0x00000000c0006ea4                fs_iso9660_init
                0x00000000c0006f3a                fs_iso9660_shutdown
 .text          0x00000000c0006faa        0x0 net/core/def.32
 .text          0x00000000c0006faa        0x0 net/core/dhcp.32
 .text          0x00000000c0006faa        0x0 net/core/dns.32
 *fill*         0x00000000c0006faa        0x2 
 .text          0x00000000c0006fac       0x2b net/core/init.32
                0x00000000c0006fac                lwip_init
 *fill*         0x00000000c0006fd7        0x1 
 .text          0x00000000c0006fd8      0x9f0 net/core/mem.32
                0x00000000c000716c                mem_init
                0x00000000c0007214                mem_free
                0x00000000c0007338                mem_trim
                0x00000000c0007648                mem_malloc
                0x00000000c0007964                mem_calloc
 .text          0x00000000c00079c8      0x2e8 net/core/memp.32
                0x00000000c00079c8                memp_init
                0x00000000c0007b0c                memp_malloc
                0x00000000c0007c38                memp_free
 .text          0x00000000c0007cb0      0x4ba net/core/netif.32
                0x00000000c0007cb0                netif_init
                0x00000000c0007cb4                netif_find
                0x00000000c0007d4c                netif_set_ipaddr
                0x00000000c0007e44                netif_set_gw
                0x00000000c0007e68                netif_set_netmask
                0x00000000c0007e8c                netif_set_addr
                0x00000000c0007ed0                netif_add
                0x00000000c0007f9c                netif_set_default
                0x00000000c0007fa8                netif_set_up
                0x00000000c000800c                netif_set_down
                0x00000000c0008034                netif_remove
                0x00000000c00080e0                netif_set_link_up
                0x00000000c0008144                netif_set_link_down
 *fill*         0x00000000c000816a        0x2 
 .text          0x00000000c000816c     0x16ac net/core/pbuf.32
                0x00000000c0008234                pbuf_alloced_custom
                0x00000000c0008358                pbuf_header
                0x00000000c00084f4                pbuf_free
                0x00000000c00086cc                pbuf_alloc
                0x00000000c0008ac4                pbuf_realloc
                0x00000000c0008cc8                pbuf_clen
                0x00000000c0008cfc                pbuf_ref
                0x00000000c0008d2c                pbuf_cat
                0x00000000c0008e0c                pbuf_chain
                0x00000000c0008e38                pbuf_dechain
                0x00000000c0008f2c                pbuf_copy
                0x00000000c0009194                pbuf_copy_partial
                0x00000000c0009338                pbuf_take
                0x00000000c00094b8                pbuf_coalesce
                0x00000000c000954c                pbuf_get_at
                0x00000000c00095e4                pbuf_memcmp
                0x00000000c00096f0                pbuf_memfind
                0x00000000c00097a4                pbuf_strstr
 .text          0x00000000c0009818      0x3e4 net/core/raw.32
                0x00000000c0009818                raw_input
                0x00000000c0009924                raw_bind
                0x00000000c0009948                raw_connect
                0x00000000c000996c                raw_recv
                0x00000000c0009984                raw_sendto
                0x00000000c0009af0                raw_send
                0x00000000c0009b14                raw_remove
                0x00000000c0009b94                raw_new
 .text          0x00000000c0009bfc        0x2 net/core/stats.32
                0x00000000c0009bfc                stats_init
 *fill*         0x00000000c0009bfe        0x2 
 .text          0x00000000c0009c00       0x55 net/core/sys.32
                0x00000000c0009c00                sys_msleep
 *fill*         0x00000000c0009c55        0x3 
 .text          0x00000000c0009c58     0x1dec net/core/tcp.32
                0x00000000c0009c68                tcp_listen_with_backlog
                0x00000000c0009e18                tcp_update_rcv_ann_wnd
                0x00000000c0009ef4                tcp_recved
                0x00000000c000a03c                tcp_bind
                0x00000000c000a16c                tcp_seg_free
                0x00000000c000a1b0                tcp_segs_free
                0x00000000c000a1e8                tcp_setprio
                0x00000000c000a204                tcp_seg_copy
                0x00000000c000a258                tcp_arg
                0x00000000c000a268                tcp_recv
                0x00000000c000a278                tcp_sent
                0x00000000c000a288                tcp_err
                0x00000000c000a298                tcp_accept
                0x00000000c000a2a8                tcp_poll
                0x00000000c000a2d0                tcp_pcb_purge
                0x00000000c000a3b4                tcp_slowtmr
                0x00000000c000ab38                tcp_pcb_remove
                0x00000000c000afe0                tcp_close
                0x00000000c000b01c                tcp_recv_null
                0x00000000c000b080                tcp_fasttmr
                0x00000000c000b1a4                tcp_tmr
                0x00000000c000b1d4                tcp_shutdown
                0x00000000c000b280                tcp_abandon
                0x00000000c000b414                tcp_abort
                0x00000000c000b580                tcp_next_iss
                0x00000000c000b598                tcp_alloc
                0x00000000c000b744                tcp_new
                0x00000000c000b758                tcp_eff_send_mss
                0x00000000c000b7c8                tcp_connect
                0x00000000c000ba38                tcp_debug_state_str
 .text          0x00000000c000ba44     0x3131 net/core/tcp_in.32
                0x00000000c000e0a4                tcp_input
 *fill*         0x00000000c000eb75        0x3 
 .text          0x00000000c000eb78     0x1f81 net/core/tcp_out.32
                0x00000000c000f0e8                tcp_write
                0x00000000c000f988                tcp_enqueue_flags
                0x00000000c000fc74                tcp_send_fin
                0x00000000c000fd14                tcp_send_empty_ack
                0x00000000c0010024                tcp_output
                0x00000000c00104b0                tcp_rst
                0x00000000c0010624                tcp_rexmit_rto
                0x00000000c00106b4                tcp_rexmit
                0x00000000c001077c                tcp_rexmit_fast
                0x00000000c0010860                tcp_keepalive
                0x00000000c0010928                tcp_zero_window_probe
 *fill*         0x00000000c0010af9        0x3 
 .text          0x00000000c0010afc      0x44d net/core/timers.32
                0x00000000c0010afc                sys_timeout
                0x00000000c0010cb4                tcp_timer_needed
                0x00000000c0010d48                sys_timeouts_init
                0x00000000c0010d80                sys_untimeout
                0x00000000c0010e4c                sys_timeouts_mbox_fetch
 *fill*         0x00000000c0010f49        0x3 
 .text          0x00000000c0010f4c      0xae8 net/core/udp.32
                0x00000000c0010f4c                udp_input
                0x00000000c00113c0                udp_bind
                0x00000000c0011540                udp_sendto_if
                0x00000000c00117c0                udp_sendto
                0x00000000c0011824                udp_send
                0x00000000c0011850                udp_connect
                0x00000000c0011930                udp_disconnect
                0x00000000c001195c                udp_recv
                0x00000000c0011974                udp_remove
                0x00000000c00119f4                udp_new
 .text          0x00000000c0011a34     0x1204 net/netif/etharp.32
                0x00000000c0011a8c                etharp_tmr
                0x00000000c001205c                etharp_find_addr
                0x00000000c00125bc                etharp_request
                0x00000000c00125f8                etharp_query
                0x00000000c0012934                etharp_output
                0x00000000c0012af4                ethernet_input
 .text          0x00000000c0012c38        0x0 net/netif/ethernetif.32
 .text          0x00000000c0012c38        0x0 net/netif/slipif.32
 .text          0x00000000c0012c38        0x0 net/core/ipv4/autoip.32
 .text          0x00000000c0012c38      0x5dd net/core/ipv4/icmp.32
                0x00000000c0012c38                icmp_input
                0x00000000c00131d0                icmp_dest_unreach
                0x00000000c00131f4                icmp_time_exceeded
 .text          0x00000000c0013215        0x0 net/core/ipv4/igmp.32
 .text          0x00000000c0013215        0x0 net/core/ipv4/inet.32
 *fill*         0x00000000c0013215        0x3 
 .text          0x00000000c0013218      0x582 net/core/ipv4/inet_chksum.32
                0x00000000c0013310                inet_chksum_pseudo
                0x00000000c00134a0                inet_chksum_pseudo_partial
                0x00000000c0013690                inet_chksum
                0x00000000c00136b8                inet_chksum_pbuf
 *fill*         0x00000000c001379a        0x2 
 .text          0x00000000c001379c      0x84c net/core/ipv4/ip.32
                0x00000000c001379c                ip_route
                0x00000000c0013830                ip_input
                0x00000000c0013c74                ip_output_if
                0x00000000c0013f44                ip_output
 .text          0x00000000c0013fe8      0x5ac net/core/ipv4/ip_addr.32
                0x00000000c0013fe8                ip4_addr_isbroadcast
                0x00000000c0014070                ip4_addr_netmask_valid
                0x00000000c00140d4                ipaddr_aton
                0x00000000c0014404                ipaddr_addr
                0x00000000c0014434                ipaddr_ntoa_r
                0x00000000c0014580                ipaddr_ntoa
 .text          0x00000000c0014594     0x1161 net/core/ipv4/ip_frag.32
                0x00000000c00147f8                ip_reass_tmr
                0x00000000c0014e88                ip_reass
                0x00000000c0015348                ip_frag
 .text          0x00000000c00156f5        0x0 net/core/snmp/asn1_dec.32
 .text          0x00000000c00156f5        0x0 net/core/snmp/asn1_enc.32
 .text          0x00000000c00156f5        0x0 net/core/snmp/mib2.32
 .text          0x00000000c00156f5        0x0 net/core/snmp/mib_structs.32
 .text          0x00000000c00156f5        0x0 net/core/snmp/msg_in.32
 .text          0x00000000c00156f5        0x0 net/core/snmp/msg_out.32
 .text          0x00000000c00156f5        0x0 net/netif/ppp/auth.32
 .text          0x00000000c00156f5        0x0 net/netif/ppp/chap.32
 .text          0x00000000c00156f5        0x0 net/netif/ppp/chpms.32
 .text          0x00000000c00156f5        0x0 net/netif/ppp/fsm.32
 .text          0x00000000c00156f5        0x0 net/netif/ppp/ipcp.32
 .text          0x00000000c00156f5        0x0 net/netif/ppp/lcp.32
 .text          0x00000000c00156f5        0x0 net/netif/ppp/magic.32
 .text          0x00000000c00156f5        0x0 net/netif/ppp/md5.32
 .text          0x00000000c00156f5        0x0 net/netif/ppp/pap.32
 .text          0x00000000c00156f5        0x0 net/netif/ppp/ppp.32
 .text          0x00000000c00156f5        0x0 net/netif/ppp/ppp_oe.32
 .text          0x00000000c00156f5        0x0 net/netif/ppp/randm.32
 .text          0x00000000c00156f5        0x0 net/netif/ppp/vj.32
 *fill*         0x00000000c00156f5        0x1 
 .text          0x00000000c00156f6      0x6af core/computer.32
                0x00000000c00156f6                Computer::close(int, int, void*)
                0x00000000c0015744                Krnl::firstTask()
                0x00000000c001586a                Computer::Computer()
                0x00000000c001586a                Computer::Computer()
                0x00000000c001591a                Computer::setBootMessage(char const*)
                0x00000000c001591c                Computer::detectFeatures()
                0x00000000c0015b42                Computer::displayFeatures()
                0x00000000c0015b44                Computer::rdmsr(unsigned int)
                0x00000000c0015b70                Computer::wrmsr(unsigned int, unsigned long long)
                0x00000000c0015bac                Computer::shutdown()
                0x00000000c0015bc4                Computer::restart()
                0x00000000c0015bdc                Computer::sleep()
                0x00000000c0015bf0                Computer::nmiEnabled()
                0x00000000c0015bfc                Computer::readCMOS(unsigned char)
                0x00000000c0015c1a                Computer::enableNMI(bool)
                0x00000000c0015c32                Computer::open(int, int, void*)
                0x00000000c0015d06                Computer::disableNMI()
                0x00000000c0015d16                Computer::writeCMOS(unsigned char, unsigned char)
                0x00000000c0015d3a                Computer::handleNMI()
 *fill*         0x00000000c0015da5        0x1 
 .text          0x00000000c0015da6      0x1db core/gdt.32
                0x00000000c0015da6                GDTEntry::setBase(unsigned int)
                0x00000000c0015dc2                GDTEntry::setLimit(unsigned int)
                0x00000000c0015de0                GDT::GDT()
                0x00000000c0015de0                GDT::GDT()
                0x00000000c0015df6                GDT::addEntry(GDTEntry)
                0x00000000c0015e18                GDT::getNumberOfEntries()
                0x00000000c0015e20                GDT::flush()
                0x00000000c0015e42                GDT::setup()
 .text          0x00000000c0015f81       0x1d core/idle.32
                0x00000000c0015f81                idleFunction(void*)
 *fill*         0x00000000c0015f9e        0x2 
 .text          0x00000000c0015fa0      0x46c core/idt.32
                0x00000000c0015fa0                IDTEntry::IDTEntry(bool)
                0x00000000c0015fa0                IDTEntry::IDTEntry(bool)
                0x00000000c001601a                IDTEntry::setOffset(unsigned int)
                0x00000000c0016030                IDT::IDT()
                0x00000000c0016030                IDT::IDT()
                0x00000000c0016032                IDT::getPointerToInvalidOpcodeEntryForF00F()
                0x00000000c001603a                IDT::addEntry(IDTEntry, int)
                0x00000000c0016054                IDT::addEntry(int, void (*)(), bool)
                0x00000000c001608c                IDT::flush()
                0x00000000c00160a6                IDT::setup()
 .text          0x00000000c001640c      0x205 core/kheap.32
                0x00000000c001640c                sbrk
                0x00000000c00164a3                sbrk_thunk
                0x00000000c00164d9                mmap
                0x00000000c0016537                munmap
                0x00000000c001654c                liballoc_lock()
                0x00000000c001655a                liballoc_unlock()
                0x00000000c0016570                liballoc_alloc(int)
                0x00000000c0016588                liballoc_free(void*, int)
                0x00000000c00165a3                realloc
                0x00000000c00165b7                malloc
                0x00000000c00165c7                free
                0x00000000c00165d7                rfree
                0x00000000c00165e7                calloc
 .text          0x00000000c0016611       0xc7 core/main.32
                0x00000000c0016611                KeEntryPoint
 .text          0x00000000c00166d8      0x644 core/physmgr.32
                0x00000000c00166d8                Phys::allocateDMA(unsigned long)
                0x00000000c00167c0                Phys::freeDMA(unsigned long, unsigned long)
                0x00000000c00167fb                Phys::setPageState(unsigned long, bool)
                0x00000000c001683b                Phys::getPageState(unsigned long)
                0x00000000c0016857                Phys::freePage(unsigned long)
                0x00000000c00168c0                Phys::allocatePage()
                0x00000000c001698f                Phys::allocateContiguousPages(int)
                0x00000000c00169f6                Phys::allowSegmentToBeUsed(unsigned long, unsigned long)
                0x00000000c0016a2e                Phys::physicalMemorySetup(unsigned int)
 .text          0x00000000c0016d1c      0x273 core/pipe.32
                0x00000000c0016d1c                Pipe::isAtty()
                0x00000000c0016d20                Pipe::~Pipe()
                0x00000000c0016d20                Pipe::~Pipe()
                0x00000000c0016d44                Pipe::~Pipe()
                0x00000000c0016d6c                Pipe::write(unsigned long long, void*, int*)
                0x00000000c0016e2c                Pipe::read(unsigned long long, void*, int*)
                0x00000000c0016f28                Pipe::Pipe(int)
                0x00000000c0016f28                Pipe::Pipe(int)
 *fill*         0x00000000c0016f8f        0x1 
 .text          0x00000000c0016f90      0xab3 core/terminal.32
                0x00000000c0016f90                VgaText::isAtty()
                0x00000000c0016f94                VgaText::~VgaText()
                0x00000000c0016f94                VgaText::~VgaText()
                0x00000000c0016fb8                VgaText::~VgaText()
                0x00000000c0016fe2                VgaText::read(unsigned long long, void*, int*)
                0x00000000c0017002                setTerminalScrollLock(bool)
                0x00000000c0017003                doTerminalCycle()
                0x00000000c0017004                addToTerminalCycle(VgaText*)
                0x00000000c0017005                scrollTerminalScrollLock(int)
                0x00000000c0017006                VgaText::updateTitle()
                0x00000000c0017008                VgaText::load()
                0x00000000c001700a                VgaText::updateCursor()
                0x00000000c0017020                VgaText::doANSI_SGR(int)
                0x00000000c0017094                VgaText::setDefaultBgColour(VgaColour)
                0x00000000c00170a4                VgaText::setDefaultFgColour(VgaColour)
                0x00000000c00170b4                VgaText::setDefaultColours(VgaColour, VgaColour)
                0x00000000c00170d4                VgaText::setTitleTextColour(VgaColour)
                0x00000000c00170e0                VgaText::setTitleColour(VgaColour)
                0x00000000c00170ec                VgaText::setTitle(char*)
                0x00000000c00170ee                VgaText::combineColours(unsigned char, unsigned char)
                0x00000000c0017100                VgaText::scrollScreen()
                0x00000000c0017192                VgaText::combineCharAndColour(char, unsigned char)
                0x00000000c00171a2                VgaText::writeCharacter(char, VgaColour, VgaColour, int, int)
                0x00000000c0017232                VgaText::getCursorX()
                0x00000000c001723a                VgaText::getCursorY()
                0x00000000c0017242                VgaText::setCursor(int, int)
                0x00000000c0017259                setActiveTerminal(VgaText*)
                0x00000000c00172a4                VgaText::clearScreen()
                0x00000000c00172f2                VgaText::setCursorX(int)
                0x00000000c001730a                VgaText::setCursorY(int)
                0x00000000c0017322                VgaText::incrementCursor(bool)
                0x00000000c0017376                VgaText::decrementCursor(bool)
                0x00000000c0017398                VgaText::putchar(char, VgaColour, VgaColour)
                0x00000000c0017468                VgaText::putchar(char)
                0x00000000c0017560                VgaText::putx(unsigned int)
                0x00000000c00175a6                VgaText::puts(char const*)
                0x00000000c00175cc                VgaText::write(unsigned long long, void*, int*)
                0x00000000c0017618                VgaText::puts(char const*, VgaColour, VgaColour)
                0x00000000c0017766                VgaText::VgaText(char const*)
                0x00000000c0017766                VgaText::VgaText(char const*)
                0x00000000c00178b6                VgaText::receiveKey(unsigned char)
                0x00000000c0017a42                VgaText::doUpdate()
 *fill*         0x00000000c0017a43        0x1 
 .text          0x00000000c0017a44      0x1a1 core/tss.32
                0x00000000c0017a44                TSS::TSS()
                0x00000000c0017a44                TSS::TSS()
                0x00000000c0017a54                TSS::setESP(unsigned long)
                0x00000000c0017a68                TSS::flush()
                0x00000000c0017a88                TSS::setup(unsigned long, unsigned long)
 *fill*         0x00000000c0017be5        0x1 
 .text          0x00000000c0017be6      0x4ca core/unixfile.32
                0x00000000c0017be6                ReservedFilename::read(unsigned long long, void*, int*)
                0x00000000c0017c3c                ReservedFilename::isAtty()
                0x00000000c0017c58                ReservedFilename::write(unsigned long long, void*, int*)
                0x00000000c0017cb6                UnixFile::getFileDescriptor()
                0x00000000c0017cbe                UnixFile::UnixFile(int)
                0x00000000c0017cbe                UnixFile::UnixFile(int)
                0x00000000c0017e72                ReservedFilename::ReservedFilename(int)
                0x00000000c0017e72                ReservedFilename::ReservedFilename(int)
                0x00000000c0017ea4                UnixFile::~UnixFile()
                0x00000000c0017ea4                UnixFile::~UnixFile()
                0x00000000c0017f40                UnixFile::~UnixFile()
                0x00000000c0017f68                ReservedFilename::~ReservedFilename()
                0x00000000c0017f68                ReservedFilename::~ReservedFilename()
                0x00000000c0017f8c                ReservedFilename::~ReservedFilename()
                0x00000000c0017fb3                KeGetFileFromDescriptor(int)
 .text          0x00000000c00180b0     0x1210 core/virtmgr.32
                0x00000000c00180b0                Virt::setPageState(unsigned long, Virt::VirtPageState)
                0x00000000c00180ea                Virt::getPageState(unsigned long)
                0x00000000c001810d                Virt::allocateKernelVirtualPages(int)
                0x00000000c0018232                Virt::freeSwapfilePage(unsigned long)
                0x00000000c0018255                Virt::swapIDToSector(unsigned long)
                0x00000000c001826b                Virt::allocateSwapfilePage()
                0x00000000c00182eb                Virt::virtualMemorySetup()
                0x00000000c001833c                Virt::setupPageSwapping(int)
                0x00000000c00183ae                VAS::setCPUSpecific(unsigned long)
                0x00000000c00183b0                VAS::VAS(VAS*)
                0x00000000c00183b0                VAS::VAS(VAS*)
                0x00000000c00183c8                VAS::getForeignPageTableEntry(bool, unsigned long)
                0x00000000c00183f6                VAS::getPageTableEntry(unsigned long)
                0x00000000c0018415                Virt::freeKernelVirtualPages(unsigned long)
                0x00000000c0018552                VAS::freeAllocatedPages(unsigned long)
                0x00000000c0018576                VAS::virtualToPhysical(unsigned long)
                0x00000000c0018590                VAS::reflagRange(unsigned long, int, unsigned long, unsigned long)
                0x00000000c00185d2                VAS::VAS()
                0x00000000c00185d2                VAS::VAS()
                0x00000000c001863c                VAS::setToWriteCombining(unsigned long, int)
                0x00000000c0018670                VAS::mapOtherVASIn(bool, VAS*)
                0x00000000c001869c                VAS::~VAS()
                0x00000000c001869c                VAS::~VAS()
                0x00000000c001880a                VAS::mapPage(unsigned long, unsigned long, int)
                0x00000000c001890e                VAS::allocatePages(int, int)
                0x00000000c0018a04                VAS::mapRange(unsigned long, unsigned long, int, int)
                0x00000000c0018a5c                VAS::mapForeignPage(bool, VAS*, unsigned long, unsigned long, int)
                0x00000000c0018b52                VAS::VAS(bool)
                0x00000000c0018b52                VAS::VAS(bool)
                0x00000000c0018d9c                VAS::evict(unsigned long)
                0x00000000c0018e7a                VAS::tryLoadBackOffDisk(unsigned long)
                0x00000000c0019022                VAS::allocateSharedMemoryWithKernel(unsigned long, unsigned long*)
                0x00000000c0019096                VAS::freeSharedMemoryWithKernel(unsigned long, unsigned long)
                0x00000000c00190c2                VAS::scanForEviction()
                0x00000000c00191c5                mapVASFirstTime
 .text          0x00000000c00192c0       0x5f coreobjs/c++.32
                0x00000000c00192c0                __cxa_atexit
                0x00000000c00192c3                __cxa_finalize
                0x00000000c00192c4                __stack_chk_fail
                0x00000000c00192fa                __cxa_pure_virtual
                0x00000000c001930b                operator new[](unsigned long)
                0x00000000c0019310                operator delete(void*, unsigned long)
                0x00000000c0019315                operator delete[](void*)
                0x00000000c001931a                operator delete[](void*, unsigned long)
 .text          0x00000000c001931f      0x254 dbg/kconsole.32
                0x00000000c001931f                Dbg::stringifyxWithBase(unsigned int, char*, int)
                0x00000000c00193bf                Dbg::logc(char)
                0x00000000c00193df                Dbg::logs(char*)
                0x00000000c00193fe                Dbg::logWriteInt(unsigned int)
                0x00000000c001941c                Dbg::logWriteIntBase(unsigned int, int)
                0x00000000c001943d                Dbg::kprintf(char const*, ...)
 *fill*         0x00000000c0019573        0x1 
 .text          0x00000000c0019574      0x2d4 dbg/usban.32
                0x00000000c0019574                KiUbsanPrintDetails(char const*, void*)
                0x00000000c00195e0                __ubsan_handle_type_mismatch_v1
                0x00000000c00196bc                __ubsan_handle_pointer_overflow
                0x00000000c00196e8                __ubsan_handle_out_of_bounds
                0x00000000c0019714                __ubsan_handle_add_overflow
                0x00000000c0019740                __ubsan_handle_load_invalid_value
                0x00000000c001976c                __ubsan_handle_divrem_overflow
                0x00000000c0019798                __ubsan_handle_mul_overflow
                0x00000000c00197c4                __ubsan_handle_sub_overflow
                0x00000000c00197f0                __ubsan_handle_shift_out_of_bounds
                0x00000000c001981c                __ubsan_handle_negate_overflow
 .text          0x00000000c0019848      0x814 fs/symlink.32
                0x00000000c0019997                KiDeinitialiseSymlinks(void*)
                0x00000000c0019a2a                KeRegisterSymlink(char const*, unsigned long long)
                0x00000000c0019aad                KeInitialiseSymlinks()
                0x00000000c0019c0f                KiIsSymlinkRegistered(char const*)
                0x00000000c0019d79                KeDereferenceSymlink(char const*, char*)
                0x00000000c0019f20                KeCreateSymlink(char const*, char const*)
 .text          0x00000000c001a05c      0xd68 fs/vfs.32
                0x00000000c001a05c                File::read(unsigned long long, void*, int*)
                0x00000000c001a0b4                File::write(unsigned long long, void*, int*)
                0x00000000c001a10c                Directory::read(unsigned long long, void*, int*)
                0x00000000c001a164                Directory::write(unsigned long long, void*, int*)
                0x00000000c001a192                File::isAtty()
                0x00000000c001a196                Directory::isAtty()
                0x00000000c001a19a                Filesystem::getlabel(LogicalDisk*, int, char*, unsigned int*)
                0x00000000c001a1a0                Filesystem::setlabel(LogicalDisk*, int, char*)
                0x00000000c001a1a6                Filesystem::allocateSwapfile(char const*, int)
                0x00000000c001a1ac                File::~File()
                0x00000000c001a1ac                File::~File()
                0x00000000c001a1d0                File::~File()
                0x00000000c001a1fa                Directory::~Directory()
                0x00000000c001a1fa                Directory::~Directory()
                0x00000000c001a21e                Directory::~Directory()
                0x00000000c001a248                Filesystem::Filesystem()
                0x00000000c001a248                Filesystem::Filesystem()
                0x00000000c001a26c                Filesystem::~Filesystem()
                0x00000000c001a26c                Filesystem::~Filesystem()
                0x00000000c001a27a                Filesystem::~Filesystem()
                0x00000000c001a29e                Fs::getcwd(Process*, char*, int)
                0x00000000c001a2c8                Fs::initVFS()
                0x00000000c001a2f2                Fs::standardiseFiles(char*, char const*, char const*, bool)
                0x00000000c001a50c                File::File(char const*, Process*, bool)
                0x00000000c001a50c                File::File(char const*, Process*, bool)
                0x00000000c001a5ea                File::File(char const*, Process*)
                0x00000000c001a5ea                File::File(char const*, Process*)
                0x00000000c001a608                File::open(FileOpenMode)
                0x00000000c001a666                File::close()
                0x00000000c001a6c6                File::seek(unsigned long long)
                0x00000000c001a71c                File::truncate(unsigned long long)
                0x00000000c001a772                File::tell(unsigned long long*)
                0x00000000c001a7c2                File::rewind()
                0x00000000c001a7d6                File::unlink()
                0x00000000c001a822                File::rename(char const*)
                0x00000000c001a870                File::chfatattr(unsigned char, unsigned char)
                0x00000000c001a8cc                File::exists()
                0x00000000c001a90a                File::stat(unsigned long long*, bool*)
                0x00000000c001a96b                Fs::setcwd(Process*, char*)
                0x00000000c001aaca                Directory::Directory(char const*, Process*)
                0x00000000c001aaca                Directory::Directory(char const*, Process*)
                0x00000000c001ab92                Directory::open()
                0x00000000c001abee                Directory::close()
                0x00000000c001ac4e                Directory::unlink()
                0x00000000c001ac9a                Directory::rename(char const*)
                0x00000000c001ace8                Directory::exists()
                0x00000000c001ad26                Directory::read(dirent*)
                0x00000000c001ad72                Directory::create()
                0x00000000c001adbe                Filesystem::chfatattr(char const*, unsigned char, unsigned char)
 .text          0x00000000c001adc4       0x86 hal/bus.32
                0x00000000c001adc4                Bus::Bus(char const*)
                0x00000000c001adc4                Bus::Bus(char const*)
                0x00000000c001adfc                Bus::~Bus()
                0x00000000c001adfc                Bus::~Bus()
                0x00000000c001ae20                Bus::~Bus()
 .text          0x00000000c001ae4a       0x96 hal/buzzer.32
                0x00000000c001ae4a                beepThread(void*)
                0x00000000c001ae87                Krnl::beep(int, int, bool)
 .text          0x00000000c001aee0      0x513 hal/clock.32
                0x00000000c001aee0                User::loadClockSettings()
                0x00000000c001afe6                Clock::Clock(char const*)
                0x00000000c001afe6                Clock::Clock(char const*)
                0x00000000c001b01c                Clock::~Clock()
                0x00000000c001b01c                Clock::~Clock()
                0x00000000c001b040                Clock::~Clock()
                0x00000000c001b06a                Clock::timeInSecondsLocal()
                0x00000000c001b0b2                Clock::setTimeInSecondsLocal(unsigned long long)
                0x00000000c001b10b                datetimeToSeconds(datetime_t)
                0x00000000c001b22a                Clock::setTimeInDatetimeLocal(datetime_t)
                0x00000000c001b28a                secondsToDatetime(unsigned long long)
                0x00000000c001b3ce                Clock::timeInDatetimeLocal()
 *fill*         0x00000000c001b3f3        0x1 
 .text          0x00000000c001b3f4      0x47a hal/device.32
                0x00000000c001b3f4                Device::hibernate()
                0x00000000c001b3f6                Device::wake()
                0x00000000c001b3f8                Device::detect()
                0x00000000c001b3fa                Device::disableLegacy()
                0x00000000c001b3fc                Device::powerSaving(PowerSavingLevel)
                0x00000000c001b3fe                DriverlessDevice::close(int, int, void*)
                0x00000000c001b402                DriverlessDevice::detect()
                0x00000000c001b404                DriverlessDevice::open(int, int, void*)
                0x00000000c001b418                Device::~Device()
                0x00000000c001b418                Device::~Device()
                0x00000000c001b426                Device::~Device()
                0x00000000c001b44e                Device::findAndLoadDriver()
                0x00000000c001b45c                Device::preOpenPCI(PCIDeviceInfo)
                0x00000000c001b482                Device::preOpenACPI(void*, char*, char*)
                0x00000000c001b4c2                Device::addIRQHandler(int, void (*)(regs*, void*), bool, void*)
                0x00000000c001b4ec                Device::getParent()
                0x00000000c001b4f8                Device::removeIRQHandler(int, void (*)(regs*, void*), bool)
                0x00000000c001b516                Device::addChild(Device*)
                0x00000000c001b55a                Device::removeAllChildren()
                0x00000000c001b5a0                Device::hibernateAll()
                0x00000000c001b5d0                Device::wakeAll()
                0x00000000c001b600                Device::detectAll()
                0x00000000c001b630                Device::disableLegacyAll()
                0x00000000c001b632                Device::loadDriversForAll()
                0x00000000c001b634                Device::powerSavingAll(PowerSavingLevel)
                0x00000000c001b66a                Device::setName(char const*)
                0x00000000c001b678                Device::Device(char const*)
                0x00000000c001b678                Device::Device(char const*)
                0x00000000c001b774                Device::getName()
                0x00000000c001b77e                Device::closeAll()
                0x00000000c001b7ca                DriverlessDevice::DriverlessDevice(char const*)
                0x00000000c001b7ca                DriverlessDevice::DriverlessDevice(char const*)
                0x00000000c001b800                Device::addToLinkedList(LinkedList<Device>&, DeviceType)
                0x00000000c001b844                getDevicesOfType(DeviceType)
 *fill*         0x00000000c001b86e        0x2 
 .text          0x00000000c001b870       0x86 hal/diskctrl.32
                0x00000000c001b870                HardDiskController::HardDiskController(char const*)
                0x00000000c001b870                HardDiskController::HardDiskController(char const*)
                0x00000000c001b8a8                HardDiskController::~HardDiskController()
                0x00000000c001b8a8                HardDiskController::~HardDiskController()
                0x00000000c001b8cc                HardDiskController::~HardDiskController()
 .text          0x00000000c001b8f6       0xe2 hal/diskphys.32
                0x00000000c001b8f6                PhysicalDisk::eject()
                0x00000000c001b8fa                PhysicalDisk::PhysicalDisk(char const*, int)
                0x00000000c001b8fa                PhysicalDisk::PhysicalDisk(char const*, int)
                0x00000000c001b962                PhysicalDisk::startCache()
                0x00000000c001b98a                PhysicalDisk::~PhysicalDisk()
                0x00000000c001b98a                PhysicalDisk::~PhysicalDisk()
                0x00000000c001b9ae                PhysicalDisk::~PhysicalDisk()
 .text          0x00000000c001b9d8        0x0 hal/fpu.32
 .text          0x00000000c001b9d8      0x359 hal/intctrl.32
                0x00000000c001b9d8                int_handler
                0x00000000c001ba62                installISRHandler(int, void (*)(regs*, void*), void*)
                0x00000000c001baac                installIRQHandler(int, void (*)(regs*, void*), bool, void*)
                0x00000000c001bbe0                uninstallISRHandler(int, void (*)(regs*, void*))
                0x00000000c001bc14                uninstallIRQHandler(int, void (*)(regs*, void*), bool)
                0x00000000c001bc92                setupINTS()
                0x00000000c001bcef                convertLegacyIRQNumber(int)
 *fill*         0x00000000c001bd31        0x1 
 .text          0x00000000c001bd32      0x8cc hal/keybrd.32
                0x00000000c001bd32                startGUI(void*)
                0x00000000c001bd9c                startGUIVESA(void*)
                0x00000000c001be06                sendKeyToTerminal(unsigned char)
                0x00000000c001bee1                sendKeyboardToken(KeyboardToken)
                0x00000000c001c39d                clearInternalKeybuffer(VgaText*)
                0x00000000c001c3d2                readKeyboard(VgaText*, char*, unsigned long)
                0x00000000c001c574                Keyboard::Keyboard(char const*)
                0x00000000c001c574                Keyboard::Keyboard(char const*)
                0x00000000c001c5b0                Keyboard::~Keyboard()
                0x00000000c001c5b0                Keyboard::~Keyboard()
                0x00000000c001c5d4                Keyboard::~Keyboard()
 .text          0x00000000c001c5fe      0x3f8 hal/logidisk.32
                0x00000000c001c5fe                LogicalDisk::close(int, int, void*)
                0x00000000c001c602                LogicalDisk::~LogicalDisk()
                0x00000000c001c602                LogicalDisk::~LogicalDisk()
                0x00000000c001c626                LogicalDisk::~LogicalDisk()
                0x00000000c001c650                LogicalDisk::open(int, int, void*)
                0x00000000c001c664                LogicalDisk::absoluteToRelative(unsigned long long)
                0x00000000c001c69c                LogicalDisk::relativeToAbsolute(unsigned long long)
                0x00000000c001c6e2                LogicalDisk::LogicalDisk(char const*, PhysicalDisk*, unsigned long long, unsigned long long)
                0x00000000c001c6e2                LogicalDisk::LogicalDisk(char const*, PhysicalDisk*, unsigned long long, unsigned long long)
                0x00000000c001c7a2                LogicalDisk::assignDriveLetter()
                0x00000000c001c85c                LogicalDisk::mount()
                0x00000000c001c8a4                LogicalDisk::unmount()
                0x00000000c001c8b4                LogicalDisk::eject()
                0x00000000c001c8c8                LogicalDisk::unassignDriveLetter()
                0x00000000c001c91e                LogicalDisk::read(unsigned long long, int, void*)
                0x00000000c001c98a                LogicalDisk::write(unsigned long long, int, void*)
 *fill*         0x00000000c001c9f6        0x2 
 .text          0x00000000c001c9f8       0x86 hal/mouse.32
                0x00000000c001c9f8                Mouse::Mouse(char const*)
                0x00000000c001c9f8                Mouse::Mouse(char const*)
                0x00000000c001ca30                Mouse::~Mouse()
                0x00000000c001ca30                Mouse::~Mouse()
                0x00000000c001ca54                Mouse::~Mouse()
 .text          0x00000000c001ca7e       0x90 hal/nic.32
                0x00000000c001ca7e                NIC::getMAC()
                0x00000000c001ca84                NIC::write(int, unsigned char*, int*)
                0x00000000c001ca8a                NIC::NIC(char const*)
                0x00000000c001ca8a                NIC::NIC(char const*)
                0x00000000c001cac0                NIC::~NIC()
                0x00000000c001cac0                NIC::~NIC()
                0x00000000c001cae4                NIC::~NIC()
 .text          0x00000000c001cb0e      0x33b hal/partition.32
                0x00000000c001cb0e                makePartition(PhysicalDisk*, unsigned long long, unsigned long long)
                0x00000000c001cbb6                createPartitionsForDisk(PhysicalDisk*)
 *fill*         0x00000000c001ce49        0x3 
 .text          0x00000000c001ce4c       0x86 hal/serial.32
                0x00000000c001ce4c                Serial::Serial(char const*)
                0x00000000c001ce4c                Serial::Serial(char const*)
                0x00000000c001ce84                Serial::~Serial()
                0x00000000c001ce84                Serial::~Serial()
                0x00000000c001cea8                Serial::~Serial()
 *fill*         0x00000000c001ced2        0x2 
 .text          0x00000000c001ced4      0x230 hal/timer.32
                0x00000000c001ced4                Timer::Timer(char const*)
                0x00000000c001ced4                Timer::Timer(char const*)
                0x00000000c001cf0c                Timer::~Timer()
                0x00000000c001cf0c                Timer::~Timer()
                0x00000000c001cf30                Timer::~Timer()
                0x00000000c001cf5a                Timer::read()
                0x00000000c001cf65                setupTimer(int)
                0x00000000c001cfa0                timerHandler(unsigned int)
 .text          0x00000000c001d104      0x444 hal/vcache.32
                0x00000000c001d104                VCache::VCache(PhysicalDisk*)
                0x00000000c001d104                VCache::VCache(PhysicalDisk*)
                0x00000000c001d274                VCache::invalidateReadBuffer()
                0x00000000c001d284                VCache::writeWriteBuffer()
                0x00000000c001d2d0                VCache::~VCache()
                0x00000000c001d2d0                VCache::~VCache()
                0x00000000c001d328                VCache::~VCache()
                0x00000000c001d350                VCache::write(unsigned long long, int, void*)
                0x00000000c001d444                VCache::read(unsigned long long, int, void*)
 .text          0x00000000c001d548      0x70e hal/video.32
                0x00000000c001d548                Video::putrect(int, int, int, int, unsigned int)
                0x00000000c001d594                Video::bitblit(int, int, int, int, int, int, int, unsigned int*)
                0x00000000c001d604                Video::blit(unsigned int*, int, int, int, int)
                0x00000000c001d682                Video::clearScreen(unsigned int)
                0x00000000c001d6b6                Video::putpixel(int, int, unsigned int)
                0x00000000c001d6c4                Video::readPixelApprox(int, int)
                0x00000000c001d6d8                Video::Video(char const*)
                0x00000000c001d6d8                Video::Video(char const*)
                0x00000000c001d70e                Video::~Video()
                0x00000000c001d70e                Video::~Video()
                0x00000000c001d732                Video::~Video()
                0x00000000c001d75c                Video::isMonochrome()
                0x00000000c001d768                Video::getWidth()
                0x00000000c001d774                Video::getHeight()
                0x00000000c001d780                Video::drawCursor(int, int, unsigned int*, int)
                0x00000000c001d83c                Video::tgaParse(unsigned char*, int, int*, int*)
                0x00000000c001dbe6                Video::putTGA(int, int, unsigned char*, int)
 *fill*         0x00000000c001dc56        0x2 
 .text          0x00000000c001dc58     0x1413 hw/acpi.32
                0x00000000c001dc58                ACPI::close(int, int, void*)
                0x00000000c001dd94                findRSDP()
                0x00000000c001de2c                loadACPITables(unsigned char*)
                0x00000000c001e098                findRSDT(unsigned char*)
                0x00000000c001e1f0                findDataTable(unsigned char*, char*)
                0x00000000c001e270                scanMADT()
                0x00000000c001e728                ACPI::ACPI()
                0x00000000c001e728                ACPI::ACPI()
                0x00000000c001e77c                ACPI::getPCIIRQAssignment(unsigned char, unsigned short, unsigned char)
                0x00000000c001e878                ACPI::registerPCIIRQAssignment(void*, unsigned short, unsigned char, unsigned char)
                0x00000000c001e944                ACPI::setScreenBrightnessLevel(void*, int)
                0x00000000c001e94c                ACPI::detectPCI()
                0x00000000c001eb6c                ACPI::writeSimpleBootFlag(SimpleBootFlagTable*)
                0x00000000c001ebb4                ACPI::sleep()
                0x00000000c001ebd0                ACPI::open(int, int, void*)
 *fill*         0x00000000c001f06b        0x1 
 .text          0x00000000c001f06c      0xbc5 hw/cpu.32
                0x00000000c001f06c                CPU::close(int, int, void*)
                0x00000000c001f070                CPU::AMD_K6_write_msr(unsigned int, unsigned int, unsigned int, CPU::REGS*)
                0x00000000c001f08c                CPU::AMD_K6_read_msr(unsigned int, CPU::REGS*)
                0x00000000c001f0a4                CPU::AMD_K6_writeback(int, int, int)
                0x00000000c001f118                CPU::cpuid(int, unsigned long*, unsigned long*, unsigned long*, unsigned long*)
                0x00000000c001f19c                CPU::cpuidCheckEDX(unsigned int)
                0x00000000c001f1ca                CPU::cpuidCheckECX(unsigned int)
                0x00000000c001f1f8                CPU::cpuidCheckExtendedEBX(unsigned int)
                0x00000000c001f226                CPU::cpuidCheckExtendedECX(unsigned int)
                0x00000000c001f254                CPU::CPU()
                0x00000000c001f254                CPU::CPU()
                0x00000000c001f2e2                CPU::displayFeatures()
                0x00000000c001f2e4                CPU::detectFeatures()
                0x00000000c001f9b8                CPU::setupSMEP()
                0x00000000c001f9c4                CPU::setupUMIP()
                0x00000000c001f9ce                CPU::setupTSC()
                0x00000000c001f9d8                CPU::setupLargePages()
                0x00000000c001f9e2                CPU::setupPAT()
                0x00000000c001fa1e                CPU::setupMTRR()
                0x00000000c001fa20                CPU::setupGlobalPages()
                0x00000000c001fa2a                CPU::allowUsermodeDataAccess()
                0x00000000c001fa3c                CPU::prohibitUsermodeDataAccess()
                0x00000000c001fa4e                CPU::setupSMAP()
                0x00000000c001fa5c                CPU::setupFeatures()
                0x00000000c001fb28                CPU::open(int, int, void*)
 .text          0x00000000c001fc31       0xb6 krnl/atexit.32
                0x00000000c001fc31                KeInitialiseAtexit()
                0x00000000c001fc50                KeRegisterAtexit(void (*)(void*), void*)
                0x00000000c001fc84                KeExecuteAtexit()
 .text          0x00000000c001fce7       0x92 krnl/bootmsg.32
                0x00000000c001fce7                KeDisplaySplashScreen()
                0x00000000c001fd16                KeSetBootMessage(char const*)
 *fill*         0x00000000c001fd79        0x3 
 .text          0x00000000c001fd7c       0x48 krnl/cdefs.32
                0x00000000c001fd7c                CUnlockScheduler
                0x00000000c001fd98                CLockScheduler
                0x00000000c001fda8                CPrintf
 .text          0x00000000c001fdc4       0x1d krnl/compat.32
                0x00000000c001fdc4                Krnl::handlePowerButton()
                0x00000000c001fdd4                Krnl::handleSleepButton()
 .text          0x00000000c001fde1       0x2b krnl/crc32.32
                0x00000000c001fde1                KeCalculateCRC32(unsigned char*, int)
 .text          0x00000000c001fe0c      0x5bf krnl/env.32
                0x00000000c001fe0c                EnvVarContainer::getEnv(char const*)
                0x00000000c001fe4a                EnvVarContainer::setEnv(char const*, char const*)
                0x00000000c001ff0c                EnvVarContainer::deleteEnv(char const*)
                0x00000000c001ff0e                EnvVarContainer::loadFrom(char const*, char const*)
                0x00000000c0020132                EnvVarContainer::__loadSystem()
                0x00000000c002014c                EnvVarContainer::__loadUser()
                0x00000000c002014e                EnvVarContainer::EnvVarContainer(Process*)
                0x00000000c002014e                EnvVarContainer::EnvVarContainer(Process*)
                0x00000000c0020170                EnvVarContainer::~EnvVarContainer()
                0x00000000c0020170                EnvVarContainer::~EnvVarContainer()
                0x00000000c00201a0                KeGetEnv(Process*, char const*)
                0x00000000c0020205                KeSetEnvSystem(char const*, char const*)
                0x00000000c002021f                KeSetEnvUser(char const*, char const*)
                0x00000000c002023e                KeSetEnvProcess(Process*, char const*, char const*)
                0x00000000c0020251                KeDeleteEnvSystem(char const*)
                0x00000000c0020252                KeDeleteEnvUser(char const*)
                0x00000000c0020253                KeDeleteEnvProcess(Process*, char const*)
                0x00000000c0020254                KeNewProcessEnv(Process*)
                0x00000000c0020276                KeCopyProcessEnv(Process*, Process*)
                0x00000000c00202c2                KeLoadSystemEnv()
                0x00000000c00202f0                KeLoadUserEnv()
                0x00000000c0020316                KeFlushEnv()
                0x00000000c0020317                KeGetProcessTotalEnvCount(Process*)
                0x00000000c0020337                KeGetProcessEnvPair(Process*, int)
 .text          0x00000000c00203cb       0x94 krnl/inlines.32
                0x00000000c00203cb                CPU::current()
                0x00000000c00203d7                operator new(unsigned long)
                0x00000000c00203dc                operator delete(void*)
                0x00000000c00203e1                disableIRQs()
                0x00000000c00203e3                enableIRQs()
                0x00000000c00203e5                lockScheduler()
                0x00000000c00203ed                unlockScheduler()
                0x00000000c00203fc                lockStuff()
                0x00000000c002040a                unlockStuff()
                0x00000000c0020444                Virt::getAKernelVAS()
                0x00000000c002044a                __not_memcpy
 *fill*         0x00000000c002045f        0x1 
 .text          0x00000000c0020460      0x1e3 krnl/mailbox.32
                0x00000000c0020460                KeMailboxTryPost(Mailbox*, void*)
                0x00000000c00204c4                KeMailboxTryGet(Mailbox*, void**)
                0x00000000c0020528                KeMailboxCreate()
                0x00000000c002055c                KeMailboxPost(Mailbox*, void*)
                0x00000000c00205c4                KeMailboxGet(Mailbox*, void**)
                0x00000000c002062c                KeMailboxDestroy(Mailbox*)
 *fill*         0x00000000c0020643        0x1 
 .text          0x00000000c0020644       0x1a krnl/mutex.32
                0x00000000c0020644                Mutex::Mutex()
                0x00000000c0020644                Mutex::Mutex()
 .text          0x00000000c002065e        0xc krnl/panic.32
                0x00000000c002065e                KePanic(char const*)
 .text          0x00000000c002066a      0x142 krnl/powctrl.32
                0x00000000c002066a                KePowerThread(void*)
                0x00000000c0020698                KeChangePowerSettings(PowerSettings)
                0x00000000c00206ae                KeUserIOReceived()
                0x00000000c00206b9                KeHandlePowerButton()
                0x00000000c00206ee                KeHandleSleepButton()
                0x00000000c0020723                KeSetupPowerManager()
 .text          0x00000000c00207ac       0x9d krnl/random.32
                0x00000000c00207ac                KeRand()
                0x00000000c00207ee                KeSeedRand(unsigned int)
                0x00000000c0020817                KeInitRand()
 *fill*         0x00000000c0020849        0x3 
 .text          0x00000000c002084c      0x1bc krnl/resolve.32
                0x00000000c002084c                KeResolveCompatibilitySymbol(char*)
 .text          0x00000000c0020a08      0x415 krnl/semaphore.32
                0x00000000c0020a08                Semaphore::Semaphore(int)
                0x00000000c0020a08                Semaphore::Semaphore(int)
                0x00000000c0020a38                Semaphore::tryAcquire()
                0x00000000c0020b14                Semaphore::assertLocked(char const*)
                0x00000000c0020ba4                Semaphore::acquire(int)
                0x00000000c0020d4c                Semaphore::acquire()
                0x00000000c0020d68                Semaphore::release()
 .text          0x00000000c0020e1d      0x322 krnl/signal.32
                0x00000000c0020e1d                KiSigKill(int)
                0x00000000c0020e31                KiDefaultSignalHandlerIgnore(int)
                0x00000000c0020e32                KiDefaultSignalHandlerPause(int)
                0x00000000c0020e5e                KiDefaultSignalHandlerResume(int)
                0x00000000c0020e8a                KeDeinitSignals(SigHandlerBlock*)
                0x00000000c0020e8f                KeInitSignals()
                0x00000000c0020ee1                KeRegisterSignalHandler(SigHandlerBlock*, int, void (*)(int), unsigned int, int)
                0x00000000c0020f17                KeRaiseSignal(SigHandlerBlock*, int)
                0x00000000c0020f94                KeCheckSignal(SigHandlerBlock*, int*)
                0x00000000c002108b                KiCheckSignalZ
                0x00000000c00210cd                KeCompleteSignal(SigHandlerBlock*, int)
                0x00000000c0021108                KiFinishSignalZ
 .text          0x00000000c002113f      0xe25 krnl/syscalls.32
                0x00000000c002113f                SysSeekDir(regs*)
                0x00000000c0021144                SysTellDir(regs*)
                0x00000000c0021149                SysVerify(regs*)
                0x00000000c0021153                SysGetArgc(regs*)
                0x00000000c0021167                SysTTYName(regs*)
                0x00000000c002116f                SysFormatDisk(regs*)
                0x00000000c00211e6                SysSetDiskVolumeLabel(regs*)
                0x00000000c002123a                SysGetDiskVolumeLabel(regs*)
                0x00000000c0021293                SysShutdown(regs*)
                0x00000000c00212f1                SysRealpath(regs*)
                0x00000000c0021335                SysReadDir(regs*)
                0x00000000c00213b5                SysIsATTY(regs*)
                0x00000000c002140f                SysSeek(regs*)
                0x00000000c0021466                SysTell(regs*)
                0x00000000c00214d3                SysSize(regs*)
                0x00000000c0021546                SysSizeFromFilename(regs*)
                0x00000000c0021677                SysSizeFromFilenameNoSymlink(regs*)
                0x00000000c00217a8                SysClose(regs*)
                0x00000000c0021808                SysOpenDir(regs*)
                0x00000000c0021885                SysMakeDir(regs*)
                0x00000000c00218f3                SysCloseDir(regs*)
                0x00000000c0021947                SysWait(regs*)
                0x00000000c0021968                SysNotImpl(regs*)
                0x00000000c0021983                SysPanic(regs*)
                0x00000000c002199e                SysRmdir(regs*)
                0x00000000c0021a03                SysUnlink(regs*)
                0x00000000c0021a68                SysGetArgv(regs*)
                0x00000000c0021ab5                SysUSleep(regs*)
                0x00000000c0021ade                SysSpawn(regs*)
                0x00000000c0021b51                SysGetEnv(regs*)
                0x00000000c0021c02                SysSetFatAttrib(regs*)
                0x00000000c0021c75                SysPipe(regs*)
                0x00000000c0021cba                SysGetUnixTime(regs*)
                0x00000000c0021cce                string_ends_with(char const*, char const*)
                0x00000000c0021d16                SysOpen(regs*)
                0x00000000c0021f0d                KeSystemCall(regs*, void*)
 .text          0x00000000c0021f64      0x159 net/ethernet.32
                0x00000000c0021f64                KeSwitchEndian16(unsigned short)
                0x00000000c0021f88                KeSwitchEndian32(unsigned int)
                0x00000000c0021fb8                EthernetCRC32(unsigned char*, int)
                0x00000000c002205c                EthernetReceivedPacket(EthernetUnwrappedFrame*, unsigned short)
 *fill*         0x00000000c00220bd        0x3 
 .text          0x00000000c00220c0       0xf4 net/netosl.32
                0x00000000c00220c0                KeNetCreateSemaphore
                0x00000000c0022104                KeNetFreeSemaphore
                0x00000000c0022120                KeNetSignalSemaphore
                0x00000000c002213c                KeNetWaitSemaphore
                0x00000000c002215c                KeNetCreateThread
                0x00000000c0022180                KeCPanic
                0x00000000c0022198                KeCPuts
 .text          0x00000000c00221b4      0xd56 reg/cm.32
                0x00000000c00221b4                CmOpen(char const*)
                0x00000000c00222d2                CmClose(Reghive_Tag*)
                0x00000000c00222e8                CmReadExtent(Reghive_Tag*, int, unsigned char*)
                0x00000000c0022324                CmGetString(Reghive_Tag*, int, char*)
                0x00000000c002239b                CmEnterDirectory(Reghive_Tag*, int)
                0x00000000c00223da                CmGetNext(Reghive_Tag*, int)
                0x00000000c002240c                CmWriteExtent(Reghive_Tag*, int, unsigned char*)
                0x00000000c0022448                CmFreeExtent(Reghive_Tag*, int)
                0x00000000c0022470                CmUpdateHeader(Reghive_Tag*)
                0x00000000c0022491                CmExpand(Reghive_Tag*, int)
                0x00000000c002250c                CmFindUnusedExtent(Reghive_Tag*)
                0x00000000c0022592                CmCreateExtent(Reghive_Tag*, int, int, unsigned char*)
                0x00000000c0022686                CmSetString(Reghive_Tag*, int, char const*)
                0x00000000c00227c2                CmGetMatch(char*, char*, bool, bool*)
                0x00000000c0022823                CmAddShift(unsigned int*, int*, unsigned char, int)
                0x00000000c0022853                CmGetShift(unsigned int*, int*, int, bool*)
                0x00000000c002288a                CmGetInteger(Reghive_Tag*, int, unsigned long long*)
                0x00000000c00228b4                CmSetInteger(Reghive_Tag*, int, unsigned long long)
                0x00000000c00228f4                CmConvertFromInternalFilename(unsigned char const*, char*)
                0x00000000c0022998                CmGetNameAndTypeFromExtent(Reghive_Tag*, int, char*)
                0x00000000c00229c6                CmConvertToInternalFilename(char const*, unsigned char*)
                0x00000000c0022b64                CmCreateString(Reghive_Tag*, int, char const*)
                0x00000000c0022bb1                CmFindInDirectory(Reghive_Tag*, int, char const*)
                0x00000000c0022c2b                CmCreateInteger(Reghive_Tag*, int, char const*, unsigned long long, int)
                0x00000000c0022c7e                CmCreateDirectory(Reghive_Tag*, int, char const*)
                0x00000000c0022d42                zStrtok(char*, char const*)
                0x00000000c0022db4                CmFindObjectFromPath(Reghive_Tag*, char const*)
                0x00000000c0022e35                CmDisplayTree(Reghive_Tag*, int, int)
                0x00000000c0022ed8                CmSplitFinalSlashInPlace(char*)
 .text          0x00000000c0022f0a      0x52a reg/registry.32
                0x00000000c0022f0a                Reg::findLineFromLoadedData(char*, char*, char*)
                0x00000000c002307b                Reg::getLineFromRegistry(char*, char*, char*, char*)
                0x00000000c00231d0                Reg::getLine(char*, char*, char*)
                0x00000000c0023207                Reg::readInt(char*, char*, int*)
                0x00000000c00232f5                Reg::readString(char*, char*, char*, int)
                0x00000000c0023376                Reg::readBool(char*, char*, bool*)
                0x00000000c002339b                Reg::readBoolWithDefault(char*, char*, bool)
                0x00000000c00233c7                Reg::readIntWithDefault(char*, char*, int)
                0x00000000c00233f3                Reg::readStringWithDefault(char*, char*, char*, int, char*)
 .text          0x00000000c0023434       0x36 sys/eject.32
                0x00000000c0023434                SysEject(regs*)
 .text          0x00000000c002346a       0x18 sys/exit.32
                0x00000000c002346a                SysExit(regs*)
 .text          0x00000000c0023482       0x1f sys/getcwd.32
                0x00000000c0023482                SysGetCwd(regs*)
 .text          0x00000000c00234a1        0xc sys/getpid.32
                0x00000000c00234a1                SysGetPID(regs*)
 .text          0x00000000c00234ad       0x1a sys/getramdata.32
                0x00000000c00234ad                SysGetRAMData(regs*)
 .text          0x00000000c00234c7       0x82 sys/getvgaptr.32
                0x00000000c00234c7                SysGetVGAPtr(regs*)
 *fill*         0x00000000c0023549        0x3 
 .text          0x00000000c002354c       0xb9 sys/kill.32
                0x00000000c002354c                SysKill(regs*)
 .text          0x00000000c0023605       0xa8 sys/loaddll.32
                0x00000000c0023605                SysLoadDLL(regs*)
 .text          0x00000000c00236ad       0x68 sys/read.32
                0x00000000c00236ad                SysRead(regs*)
 .text          0x00000000c0023715       0x29 sys/registersignal.32
                0x00000000c0023715                SysRegisterSignal(regs*)
 .text          0x00000000c002373e      0x1cc sys/registry.32
                0x00000000c002373e                SysRegistryGetTypeFromPath(regs*)
                0x00000000c0023782                SysRegistryReadExtent(regs*)
                0x00000000c00237ca                SysRegistryPathToExtentLookup(regs*)
                0x00000000c00237e1                SysRegistryEnterDirectory(regs*)
                0x00000000c00237f8                SysRegistryGetNext(regs*)
                0x00000000c002380f                SysRegistryGetNameAndTypeFromExtent(regs*)
                0x00000000c0023849                SysRegistryOpen(regs*)
                0x00000000c002385d                SysRegistryClose(regs*)
                0x00000000c0023874                SysRegistryEasyReadString(regs*)
                0x00000000c00238c0                SysRegistryEasyReadInteger(regs*)
 .text          0x00000000c002390a       0x55 sys/sbrk.32
                0x00000000c002390a                SysSbrk(regs*)
 .text          0x00000000c002395f       0x1c sys/setcwd.32
                0x00000000c002395f                SysSetCwd(regs*)
 .text          0x00000000c002397b       0x96 sys/settime.32
                0x00000000c002397b                SysSetTime(regs*)
 .text          0x00000000c0023a11       0x73 sys/symlink.32
                0x00000000c0023a11                SysSymlink(regs*)
 .text          0x00000000c0023a84       0x3f sys/timezone.32
                0x00000000c0023a84                SysTimezone(regs*)
 .text          0x00000000c0023ac3       0xfc sys/truncate.32
                0x00000000c0023ac3                SysTruncate(regs*)
 .text          0x00000000c0023bbf       0x68 sys/write.32
                0x00000000c0023bbf                SysWrite(regs*)
 .text          0x00000000c0023c27       0x9d sys/wsbe.32
                0x00000000c0023c27                SysWsbe(regs*)
 .text          0x00000000c0023cc4       0x25 sys/yield.32
                0x00000000c0023cc4                SysYield(regs*)
 .text          0x00000000c0023ce9     0x1207 thr/elf.32
                0x00000000c0023ce9                Thr::allocateMemoryForTask(Process*, File*, unsigned long, unsigned long, unsigned long)
                0x00000000c0023f77                Thr::loadProgramIntoMemory(Process*, char const*)
                0x00000000c0024189                Thr::runtimeReferenceHelper()
                0x00000000c002419c                Thr::getAddressOfKernelSymbol(char const*)
                0x00000000c00241eb                Thr::loadKernelSymbolTable(char const*)
                0x00000000c00244a9                Thr::loadDriverIntoMemory(char const*, unsigned long, bool)
                0x00000000c0024be2                Thr::getDriverBaseFromAddress(unsigned long)
                0x00000000c0024c14                Thr::getDriverNameFromAddress(unsigned long)
                0x00000000c0024c4b                Thr::getDriverOffsetFromAddress(unsigned long)
                0x00000000c0024c65                Thr::loadDLL(char const*, bool)
                0x00000000c0024eb7                Thr::executeDLL(unsigned long, void*)
 .text          0x00000000c0024ef0       0x5a thr/exec.32
                0x00000000c0024ef0                KeProcessExec(Process*, char const*)
 *fill*         0x00000000c0024f4a        0x2 
 .text          0x00000000c0024f4c     0x1131 thr/prcssthr.32
                0x00000000c0024f4c                userModeEntryPoint(void*)
                0x00000000c0024f74                changeTSS
                0x00000000c0024fa4                switchToThread(ThreadControlBlock*)
                0x00000000c0025054                Process::addArgs(char**)
                0x00000000c00250c0                Process::Process(char const*, Process*, char**)
                0x00000000c00250c0                Process::Process(char const*, Process*, char**)
                0x00000000c00252cc                Process::Process(bool, char const*, Process*, char**)
                0x00000000c00252cc                Process::Process(bool, char const*, Process*, char**)
                0x00000000c00254a0                taskStartupFunction
                0x00000000c00254ac                KeDisablePreemption()
                0x00000000c00254d4                KeRestorePreemption()
                0x00000000c00254f4                Process::createThread(void (*)(void*), void*, int)
                0x00000000c0025600                Process::createUserThread()
                0x00000000c0025620                setupMultitasking(void (*)())
                0x00000000c0025744                schedule()
                0x00000000c00257d8                blockTaskWithSchedulerLockAlreadyHeld(TaskState)
                0x00000000c0025800                blockTask(TaskState)
                0x00000000c0025838                waitTask(int, int*, int)
                0x00000000c002587c                milliTenthSleepUntil(unsigned int)
                0x00000000c002591c                milliTenthSleep(unsigned int)
                0x00000000c0025930                sleep(unsigned int)
                0x00000000c002594c                taskReturned
                0x00000000c0025990                Thr::processFromPID(int)
                0x00000000c0025a3c                unblockTask(ThreadControlBlock*)
                0x00000000c0025ae8                cleanupTerminatedTask(ThreadControlBlock*)
                0x00000000c0025dbc                cleanerTaskFunction(void*)
                0x00000000c0025ec4                terminateTask(int)
                0x00000000c0025fb0                Thr::terminateFromIRQ(int)
 .text          0x00000000c002607d      0xd00 vm86/vm8086.32
                0x00000000c002607d                Vm::inbv(unsigned short)
                0x00000000c0026090                Vm::outbv(unsigned short, unsigned char)
                0x00000000c00260c6                Vm::realToLinear(unsigned short, unsigned short)
                0x00000000c00260d6                Vm::getSegment(unsigned int)
                0x00000000c00260de                Vm::getOffset(unsigned int)
                0x00000000c00260e3                Vm::mainloop2()
                0x00000000c002611d                Vm::mainVm8086Loop(void*)
                0x00000000c002612d                Vm::mainloop3(unsigned long)
                0x00000000c0026153                Vm::initialise8086()
                0x00000000c0026196                Vm::resetConventionalMemory8086()
                0x00000000c0026197                Vm::finish8086()
                0x00000000c00261f8                Vm::getOutput8086(unsigned char*)
                0x00000000c002621d                Vm::start8086FromBuffer(unsigned char*, int, unsigned short, unsigned short, unsigned short, unsigned short)
                0x00000000c0026344                Vm::start8086(char const*, unsigned short, unsigned short, unsigned short, unsigned short)
                0x00000000c002654c                Vm::doISR(regs*, int, unsigned char*, unsigned short, unsigned short)
                0x00000000c00265e5                Vm::readByteFromReal(unsigned short, unsigned short)
                0x00000000c00265f6                Vm::readWordFromReal(unsigned short, unsigned short)
                0x00000000c0026608                Vm::readDwordFromReal(unsigned short, unsigned short)
                0x00000000c0026619                Vm::writeByteFromReal(unsigned short, unsigned short, unsigned char)
                0x00000000c002662e                Vm::writeWordFromReal(unsigned short, unsigned short, unsigned short)
                0x00000000c0026644                Vm::writeDwordFromReal(unsigned short, unsigned short, unsigned int)
                0x00000000c0026659                Vm::faultHandler(regs*)
 .text          0x00000000c0026d7d      0xacb arch/i386/hal.32
                0x00000000c0026d7d                noCopro(unsigned long)
                0x00000000c0026d7e                nmiHandler(regs*, void*)
                0x00000000c0026d97                doubleFault(regs*, void*)
                0x00000000c0026db0                displayDebugInfo(regs*)
                0x00000000c0027135                HalSystemIdle()
                0x00000000c00271b1                displayProgramFault(char const*)
                0x00000000c00271fd                gpFault(regs*, void*)
                0x00000000c0027264                pgFault(regs*, void*)
                0x00000000c00272ed                otherISRHandler(regs*, void*)
                0x00000000c0027321                opcodeFault(regs*, void*)
                0x00000000c00273a4                i386SaveCoprocessor(void*)
                0x00000000c00273b8                i386LoadCoprocessor(void*)
                0x00000000c00273cc                x87EmulHandler(regs*, void*)
                0x00000000c0027469                HalInitialiseCoprocessor()
                0x00000000c00274f2                HalPanic(char const*)
                0x00000000c0027606                HalQueryPerformanceCounter()
                0x00000000c0027621                HalInitialise()
                0x00000000c00277d7                HalMakeBeep(int)
                0x00000000c0027811                HalGetRand()
                0x00000000c0027814                HalEndOfInterrupt(int)
                0x00000000c0027845                HalRestart()
                0x00000000c0027846                HalShutdown()
                0x00000000c0027847                HalSleep()
 .text          0x00000000c0027848      0x2dc arch/i386/pic.32
                0x00000000c0027848                picIoWait()
                0x00000000c0027850                picDisable()
                0x00000000c0027884                picGetIRQReg(int)
                0x00000000c0027900                picOpen()
                0x00000000c0027a84                picEOI(int)
 .text          0x00000000c0027b24      0x674 arch/i386/rtc.32
                0x00000000c0027b24                RTC::open(int, int, void*)
                0x00000000c0027b28                RTC::close(int, int, void*)
                0x00000000c0027b2c                RTC::timeInSecondsUTC()
                0x00000000c0027b3e                RTC::timeInDatetimeUTC()
                0x00000000c0027b64                RTC::setTimeInSecondsUTC(unsigned long long)
                0x00000000c0027ba2                RTC::~RTC()
                0x00000000c0027ba2                RTC::~RTC()
                0x00000000c0027bc6                RTC::~RTC()
                0x00000000c0027bf0                RTC::get_update_in_progress_flag()
                0x00000000c0027c0a                RTC::completeRTCRefresh()
                0x00000000c0027eea                RTC::setTimeInDatetimeUTC(datetime_t)
                0x00000000c0028098                rtcIRQHandler(regs*, void*)
                0x00000000c00280de                RTC::RTC()
                0x00000000c00280de                RTC::RTC()
 .text          0x00000000c0028198      0x1f4 arch/i386/vga.32
                0x00000000c0028198                HalConsoleScroll(int, int)
                0x00000000c00282a0                HalConsoleWriteCharacter(char, int, int, int, int)
                0x00000000c0028304                HalConsoleCursorUpdate(int, int)
 .text          0x00000000c002838c     0x14cf fs/fat/vfslink.32
                0x00000000c002838c                FAT::getName()
                0x00000000c0028394                FAT::tell(void*, unsigned long long*)
                0x00000000c00283d0                FAT::stat(void*, unsigned long long*)
                0x00000000c002840c                FAT::~FAT()
                0x00000000c002840c                FAT::~FAT()
                0x00000000c0028430                FAT::~FAT()
                0x00000000c0028458                FAT::getlabel(LogicalDisk*, int, char*, unsigned int*)
                0x00000000c00284fc                FAT::setlabel(LogicalDisk*, int, char*)
                0x00000000c00285c0                FAT::format(LogicalDisk*, int, char const*, int)
                0x00000000c00287a4                FAT::tryMount(LogicalDisk*, int)
                0x00000000c00289c0                FAT::allocateSwapfile(char const*, int)
                0x00000000c0028b80                FAT::readDir(void*, unsigned long, void*, int*)
                0x00000000c0028cf0                FAT::read(void*, unsigned long, void*, int*)
                0x00000000c0028d50                FAT::write(void*, unsigned long, void*, int*)
                0x00000000c0028db0                FAT::close(void*)
                0x00000000c0028e04                FAT::closeDir(void*)
                0x00000000c0028e58                FAT::truncate(void*, unsigned long long)
                0x00000000c0028ec4                FAT::seek(void*, unsigned long long)
                0x00000000c0028f1c                fatWrapperReadDisk
                0x00000000c0028f5c                fatWrapperWriteDisk
                0x00000000c0028f9c                fatWrapperIoctl
                0x00000000c00290b8                FAT::FAT()
                0x00000000c00290b8                FAT::FAT()
                0x00000000c0029110                FAT::fixFilepath(char*)
                0x00000000c0029150                FAT::open(char const*, void**, FileOpenMode)
                0x00000000c00292c4                FAT::openDir(char const*, void**)
                0x00000000c0029374                FAT::stat(char const*, unsigned long long*, bool*)
                0x00000000c002946c                FAT::unlink(char const*)
                0x00000000c00294ec                FAT::chfatattr(char const*, unsigned char, unsigned char)
                0x00000000c00296a0                FAT::rename(char const*, char const*)
                0x00000000c002976c                FAT::mkdir(char const*)
                0x00000000c00297ec                FAT::exists(char const*)
 *fill*         0x00000000c002985b        0x1 
 .text          0x00000000c002985c       0x94 fs/iso9660/helper.32
                0x00000000c002985c                isoReadDiscSectorHelper
                0x00000000c00298b8                iso_kprintf
                0x00000000c00298d4                iso_kprintfd
 .text          0x00000000c00298f0      0x71c fs/iso9660/vfslink.32
                0x00000000c00298f0                ISO9660::format(LogicalDisk*, int, char const*, int)
                0x00000000c00298f6                ISO9660::truncate(void*, unsigned long long)
                0x00000000c00298fc                ISO9660::getName()
                0x00000000c0029902                ISO9660::closeDir(void*)
                0x00000000c002990c                ISO9660::chfatattr(char const*, unsigned char, unsigned char)
                0x00000000c0029912                ISO9660::unlink(char const*)
                0x00000000c0029918                ISO9660::write(void*, unsigned long, void*, int*)
                0x00000000c002991e                ISO9660::rename(char const*, char const*)
                0x00000000c0029924                ISO9660::mkdir(char const*)
                0x00000000c002992a                ISO9660::~ISO9660()
                0x00000000c002992a                ISO9660::~ISO9660()
                0x00000000c002994e                ISO9660::~ISO9660()
                0x00000000c0029976                ISO9660::exists(char const*)
                0x00000000c002998a                ISO9660::open(char const*, void**, FileOpenMode)
                0x00000000c0029a70                ISO9660::read(void*, unsigned long, void*, int*)