Archive member included to satisfy reference by file (symbol)

/cygdrive/d/Users/Alex/Desktop/Toolchain/Output/bin/../lib/gcc/i386-banana/8.1.0/libkgcc.a(_divdi3.o)
                              fs/fat/ff.32 (__divdi3)
/cygdrive/d/Users/Alex/Desktop/Toolchain/Output/bin/../lib/gcc/i386-banana/8.1.0/libkgcc.a(_moddi3.o)
                              compat/resolve.32 (__moddi3)
/cygdrive/d/Users/Alex/Desktop/Toolchain/Output/bin/../lib/gcc/i386-banana/8.1.0/libkgcc.a(_udivdi3.o)
                              fs/fat/ff.32 (__udivdi3)
/cygdrive/d/Users/Alex/Desktop/Toolchain/Output/bin/../lib/gcc/i386-banana/8.1.0/libkgcc.a(_umoddi3.o)
                              compat/resolve.32 (__umoddi3)
D:/Users/Alex/Desktop/Banana/kernel/libsoftfp.a(sfieeelib.o)
                              hal/libresample/src_linear.32 (__subsf3)
D:/Users/Alex/Desktop/Banana/kernel/libsoftfp.a(dfieeelib.o)
                              hal/libresample/src_linear.32 (__adddf3)
D:/Users/Alex/Desktop/Banana/kernel/libsoftfp.a(sfdfcvt.o)
                              hal/libresample/samplerate.32 (__truncdfsf2)
D:/Users/Alex/Desktop/Banana/kernel/libk/libm32.a(s_fabs.c.o)
                              hal/libresample/samplerate.32 (fabs)
D:/Users/Alex/Desktop/Banana/kernel/libk/libm32.a(s_lrint.S.o)
                              hal/libresample/samplerate.32 (lrint)
D:/Users/Alex/Desktop/Banana/kernel/libk/libm32.a(s_lrintf.S.o)
                              hal/sound/sndhw.32 (lrintf)

Discarded input sections

 .comment       0x0000000000000000       0x12 /cygdrive/d/Users/Alex/Desktop/Toolchain/Output/bin/../lib/gcc/i386-banana/8.1.0/crtbegin.o
 .comment       0x0000000000000000       0x12 acpica/utclib.32
 .comment       0x0000000000000000       0x12 core/malloc.32
 .comment       0x0000000000000000       0x12 libk/string.32
 .comment       0x0000000000000000       0x12 fs/fat/diskio.32
 .comment       0x0000000000000000       0x12 fs/fat/ff.32
 .comment       0x0000000000000000       0x12 fs/fat/ffsystem.32
 .comment       0x0000000000000000       0x12 fs/fat/ffunicode.32
 .comment       0x0000000000000000       0x12 hal/libresample/samplerate.32
 .comment       0x0000000000000000       0x12 hal/libresample/src_linear.32
 .comment       0x0000000000000000       0x12 hal/libresample/src_sinc.32
 .comment       0x0000000000000000       0x12 hal/libresample/src_zoh.32
 .comment       0x0000000000000000       0x12 compat/inlines.32
 .comment       0x0000000000000000       0x12 compat/resolve.32
 .group         0x0000000000000000       0x14 core/computer.32
 .group         0x0000000000000000        0xc core/computer.32
 .comment       0x0000000000000000       0x12 core/computer.32
 .comment       0x0000000000000000       0x12 core/gdt.32
 .group         0x0000000000000000        0xc core/idle.32
 .comment       0x0000000000000000       0x12 core/idle.32
 .comment       0x0000000000000000       0x12 core/idt.32
 .comment       0x0000000000000000       0x12 core/kheap.32
 .comment       0x0000000000000000       0x12 core/main.32
 .comment       0x0000000000000000       0x12 core/physmgr.32
 .group         0x0000000000000000        0xc core/pipe.32
 .comment       0x0000000000000000       0x12 core/pipe.32
 .group         0x0000000000000000        0xc core/terminal.32
 .comment       0x0000000000000000       0x12 core/terminal.32
 .comment       0x0000000000000000       0x12 core/tss.32
 .group         0x0000000000000000        0x8 core/unixfile.32
 .group         0x0000000000000000        0xc core/unixfile.32
 .group         0x0000000000000000        0xc core/unixfile.32
 .group         0x0000000000000000        0x8 core/unixfile.32
 .group         0x0000000000000000        0xc core/unixfile.32
 .group         0x0000000000000000        0x8 core/unixfile.32
 .group         0x0000000000000000        0xc core/unixfile.32
 .group         0x0000000000000000        0xc core/unixfile.32
 .comment       0x0000000000000000       0x12 core/unixfile.32
 .comment       0x0000000000000000       0x12 core/virtmgr.32
 .comment       0x0000000000000000       0x12 coreobjs/c++.32
 .comment       0x0000000000000000       0x12 dbg/kconsole.32
 .group         0x0000000000000000        0xc fs/vfs.32
 .group         0x0000000000000000        0xc fs/vfs.32
 .group         0x0000000000000000        0xc fs/vfs.32
 .comment       0x0000000000000000       0x12 fs/vfs.32
 .group         0x0000000000000000        0xc hal/bus.32
 .comment       0x0000000000000000       0x12 hal/bus.32
 .group         0x0000000000000000        0xc hal/buzzer.32
 .comment       0x0000000000000000       0x12 hal/buzzer.32
 .group         0x0000000000000000        0xc hal/clock.32
 .comment       0x0000000000000000       0x12 hal/clock.32
 .group         0x0000000000000000       0x14 hal/device.32
 .group         0x0000000000000000        0xc hal/device.32
 .group         0x0000000000000000        0xc hal/device.32
 .group         0x0000000000000000        0xc hal/device.32
[...]
Memory Configuration

Name             Origin             Length             Attributes
*default*        0x0000000000000000 0xffffffffffffffff

Linker script and memory map

LOAD D:/Users/Alex/Desktop/Banana/kernel/boot.32
LOAD crti.32
LOAD /cygdrive/d/Users/Alex/Desktop/Toolchain/Output/bin/../lib/gcc/i386-banana/8.1.0/crtbegin.o
LOAD D:/Users/Alex/Desktop/Banana/kernel/morenasm.32
LOAD acpica/utclib.32
LOAD core/malloc.32
LOAD libk/string.32
LOAD fs/fat/diskio.32
LOAD fs/fat/ff.32
LOAD fs/fat/ffsystem.32
LOAD fs/fat/ffunicode.32
LOAD hal/libresample/samplerate.32
LOAD hal/libresample/src_linear.32
LOAD hal/libresample/src_sinc.32
LOAD hal/libresample/src_zoh.32
LOAD compat/inlines.32
LOAD compat/resolve.32
LOAD core/computer.32
LOAD core/gdt.32
LOAD core/idle.32
LOAD core/idt.32
LOAD core/kheap.32
LOAD core/main.32
LOAD core/physmgr.32
LOAD core/pipe.32
LOAD core/terminal.32
LOAD core/tss.32
LOAD core/unixfile.32
LOAD core/virtmgr.32
LOAD coreobjs/c++.32
LOAD dbg/kconsole.32
LOAD fs/vfs.32
LOAD hal/bus.32
LOAD hal/buzzer.32
LOAD hal/clock.32
LOAD hal/device.32
LOAD hal/diskctrl.32
LOAD hal/diskphys.32
LOAD hal/fpu.32
LOAD hal/intctrl.32
LOAD hal/keybrd.32
LOAD hal/logidisk.32
LOAD hal/mouse.32
LOAD hal/partition.32
LOAD hal/serial.32
LOAD hal/timer.32
LOAD hal/vcache.32
LOAD hal/video.32
LOAD hw/acpi.32
LOAD hw/cpu.32
LOAD hw/ports.32
LOAD hw/smp.32
LOAD krnl/env.32
LOAD krnl/panic.32
LOAD net/ethernet.32
LOAD reg/registry.32
LOAD sys/sc_eject.32
LOAD sys/sc_exit.32
LOAD sys/sc_getcwd.32
LOAD sys/sc_getpid.32
LOAD sys/sc_getramdata.32
LOAD sys/sc_getvgaptr.32
LOAD sys/sc_loaddll.32
LOAD sys/sc_read.32
LOAD sys/sc_sbrk.32
LOAD sys/sc_setcwd.32
LOAD sys/sc_settime.32
LOAD sys/sc_timezone.32
LOAD sys/sc_write.32
LOAD sys/sc_wsbe.32
LOAD sys/sc_yield.32
LOAD sys/syscalls.32
LOAD thr/elf.32
LOAD thr/prcssthr.32
LOAD vm86/vm8086.32
LOAD vm86/x87em.32
LOAD fs/fat/vfslink.32
LOAD fs/iso9660/vfslink.32
LOAD hal/sound/sndchannel.32
LOAD hal/sound/sndhw.32
LOAD hw/bus/isa.32
LOAD hw/bus/pci.32
LOAD hw/diskctrl/ide.32
LOAD hw/diskctrl/satabus.32
LOAD hw/diskphys/ata.32
LOAD hw/diskphys/atapi.32
LOAD hw/diskphys/sata.32
LOAD hw/diskphys/satapi.32
LOAD hw/fpu/avx.32
LOAD hw/fpu/mmx.32
LOAD hw/fpu/sse.32
LOAD hw/fpu/x87.32
LOAD hw/intctrl/apic.32
LOAD hw/intctrl/pic.32
LOAD hw/timer/apictimer.32
LOAD hw/timer/pit.32
LOAD hw/fpu/x86/avx.32
LOAD hw/fpu/x86/sse.32
LOAD hw/fpu/x86/x87.32
LOAD /cygdrive/d/Users/Alex/Desktop/Toolchain/Output/bin/../lib/gcc/i386-banana/8.1.0/crtend.o
LOAD crtn.32
LOAD /cygdrive/d/Users/Alex/Desktop/Toolchain/Output/bin/../lib/gcc/i386-banana/8.1.0/libkgcc.a
LOAD D:/Users/Alex/Desktop/Banana/kernel/libsoftfp.a
LOAD D:/Users/Alex/Desktop/Banana/kernel/libk/libm32.a
                0x00000000c0000000                . = 0xc0000000

.text           0x00000000c0000000    0x28ea8
 *(.text)
 .text          0x00000000c0000000       0x41 D:/Users/Alex/Desktop/Banana/kernel/boot.32
                0x00000000c0000020                callGlobalConstructors
 .text          0x00000000c0000041        0x0 crti.32
 *fill*         0x00000000c0000041        0x3 
 .text          0x00000000c0000044      0x101 /cygdrive/d/Users/Alex/Desktop/Toolchain/Output/bin/../lib/gcc/i386-banana/8.1.0/crtbegin.o
 *fill*         0x00000000c0000145        0xb 
 .text          0x00000000c0000150      0x4fb D:/Users/Alex/Desktop/Banana/kernel/morenasm.32
                0x00000000c0000150                manualPCIProbe
                0x00000000c000019b                prepareTramp
                0x00000000c00001b4                voodooXADD
                0x00000000c000027f                doTPAUSE
                0x00000000c0000289                hasLegacyFPU
                0x00000000c00002ae                is486
                0x00000000c00002e4                detectCPUID
                0x00000000c00002fa                goToVM86
                0x00000000c000032a                goToUsermode
                0x00000000c0000354                switchToThreadASMFirstTime
                0x00000000c0000362                switchToThreadASM
                0x00000000c00003f2                asmQuickAcquireLock
                0x00000000c0000410                asmQuickReleaseLock
                0x00000000c000041c                asmAcquireLock
                0x00000000c000043d                asmReleaseLock
                0x00000000c0000450                loadGDT
                0x00000000c0000470                isr0
                0x00000000c0000480                isr1
                0x00000000c000048a                isr2
                0x00000000c0000494                isr3
                0x00000000c000049e                isr4
                0x00000000c00004a8                isr5
                0x00000000c00004b2                isr6
                0x00000000c00004bc                isr7
                0x00000000c00004c6                isr8
                0x00000000c00004ce                isr9
                0x00000000c00004d8                isr10
                0x00000000c00004e0                isr11
                0x00000000c00004e8                isr12
                0x00000000c00004f0                isr13
                0x00000000c00004f8                isr14
                0x00000000c0000500                isr15
                0x00000000c000050a                isr16
                0x00000000c0000514                isr17
                0x00000000c000051e                isr18
                0x00000000c0000528                irq3
                0x00000000c0000532                irq4
                0x00000000c000053c                irq5
                0x00000000c0000546                irq6
                0x00000000c0000550                irq7
                0x00000000c000055a                irq8
                0x00000000c0000564                irq9
                0x00000000c000056e                irq10
                0x00000000c0000578                irq11
                0x00000000c0000582                irq12
                0x00000000c000058c                irq13
                0x00000000c0000596                irq14
                0x00000000c00005a0                irq15
                0x00000000c00005aa                irq1
                0x00000000c00005b1                irq2
                0x00000000c00005b8                isr96
                0x00000000c00005bf                irq0
                0x00000000c00005c4                syscall_common_stub
                0x00000000c00005c4                int_common_stub
                0x00000000c00005f6                irq16
                0x00000000c0000600                irq17
                0x00000000c000060a                irq18
                0x00000000c0000614                irq19
                0x00000000c000061e                irq20
                0x00000000c0000628                irq21
                0x00000000c0000632                irq22
                0x00000000c000063c                irq23
                0x00000000c0000646                memcpy
 *fill*         0x00000000c000064b        0x1 
 .text          0x00000000c000064c      0x5dd acpica/utclib.32
                0x00000000c000064c                memcmp
                0x00000000c0000688                memmove
                0x00000000c0000750                memset
                0x00000000c000076c                strlen
                0x00000000c0000784                strpbrk
                0x00000000c00007c0                strtok
                0x00000000c000080c                strcpy
                0x00000000c0000830                strncpy
                0x00000000c0000898                strcmp
                0x00000000c00008d8                strchr
                0x00000000c00008fc                strncmp
                0x00000000c000094c                strcat
                0x00000000c000097c                strncat
                0x00000000c00009b8                strstr
                0x00000000c0000a00                toupper
                0x00000000c0000a14                tolower
                0x00000000c0000a28                simple_strtoul
 .text          0x00000000c0000c29      0xfad core/malloc.32
                0x00000000c0000d94                dlfree
                0x00000000c00010ef                dlmalloc
                0x00000000c000162c                dlrealloc
                0x00000000c00017cf                dlmemalign
                0x00000000c00018f2                dlcalloc
                0x00000000c000198c                dlcfree
                0x00000000c0001991                dlindependent_calloc
                0x00000000c00019b6                dlindependent_comalloc
                0x00000000c00019cd                dlvalloc
                0x00000000c00019f8                dlpvalloc
                0x00000000c0001a2e                dlmalloc_trim
                0x00000000c0001a3b                dlmalloc_usable_size
                0x00000000c0001a6c                dlmallinfo
                0x00000000c0001b3b                dlmalloc_stats
                0x00000000c0001b4c                dlmallopt
 .text          0x00000000c0001bd6        0x0 libk/string.32
 .text          0x00000000c0001bd6       0x51 fs/fat/diskio.32
                0x00000000c0001bd6                disk_status
                0x00000000c0001bd9                disk_initialize
                0x00000000c0001bdc                disk_read
                0x00000000c0001bf2                disk_write
                0x00000000c0001c08                disk_ioctl
 .text          0x00000000c0001c27     0x6833 fs/fat/ff.32
                0x00000000c0004ef5                f_mount
                0x00000000c0004f57                f_open
                0x00000000c0005393                f_read
                0x00000000c0005613                f_write
                0x00000000c00058cd                f_sync
                0x00000000c0005aa9                f_close
                0x00000000c0005ad8                f_lseek
                0x00000000c0005f8f                f_opendir
                0x00000000c0006091                f_closedir
                0x00000000c00060b3                f_readdir
                0x00000000c000614e                f_stat
                0x00000000c00061dd                f_getfree
                0x00000000c00063a8                f_truncate
                0x00000000c00064a0                f_unlink
                0x00000000c0006623                f_mkdir
                0x00000000c000684f                f_rename
                0x00000000c0006b42                f_chmod
                0x00000000c0006c20                f_utime
                0x00000000c0006cfe                f_getlabel
                0x00000000c0006eec                f_setlabel
                0x00000000c0007159                f_forward
                0x00000000c0007337                f_mkfs
 .text          0x00000000c000845a       0x2d fs/fat/ffsystem.32
                0x00000000c000845a                ff_memalloc
                0x00000000c0008470                ff_memfree
 .text          0x00000000c0008487      0x253 fs/fat/ffunicode.32
                0x00000000c0008487                ff_uni2oem
                0x00000000c0008517                ff_oem2uni
                0x00000000c0008583                ff_wtoupper
 .text          0x00000000c00086da      0x8fb hal/libresample/samplerate.32
                0x00000000c000871e                src_delete
                0x00000000c000875a                src_process
                0x00000000c0008910                src_callback_read
                0x00000000c0008a8d                src_set_ratio
                0x00000000c0008af7                src_get_channels
                0x00000000c0008b19                src_reset
                0x00000000c0008b65                src_new
                0x00000000c0008bf3                src_callback_new
                0x00000000c0008c55                src_get_name
                0x00000000c0008c8c                src_get_description
                0x00000000c0008cc3                src_get_version
                0x00000000c0008cc9                src_is_valid_ratio
                0x00000000c0008d1d                src_error
                0x00000000c0008d2b                src_strerror
                0x00000000c0008d3e                src_simple
                0x00000000c0008d91                src_short_to_float_array
                0x00000000c0008df6                src_float_to_short_array
                0x00000000c0008eb5                src_int_to_float_array
                0x00000000c0008f18                src_float_to_int_array
 .text          0x00000000c0008fd5      0x8cb hal/libresample/src_linear.32
                0x00000000c00097fb                linear_get_name
                0x00000000c000980a                linear_get_description
                0x00000000c0009819                linear_set_converter
 .text          0x00000000c00098a0     0x447c hal/libresample/src_sinc.32
                0x00000000c000dc33                sinc_get_name
                0x00000000c000dc46                sinc_get_description
                0x00000000c000dc59                sinc_set_converter
 .text          0x00000000c000dd1c      0x77c hal/libresample/src_zoh.32
                0x00000000c000e3f3                zoh_get_name
                0x00000000c000e402                zoh_get_description
                0x00000000c000e411                zoh_set_converter
 .text          0x00000000c000e498       0xa7 compat/inlines.32
                0x00000000c000e498                CPU::current()
                0x00000000c000e4a4                operator new(unsigned long)
                0x00000000c000e4a9                operator delete(void*)
                0x00000000c000e4ae                disableIRQs()
                0x00000000c000e4b6                enableIRQs()
                0x00000000c000e4c5                lockScheduler()
                0x00000000c000e4cd                unlockScheduler()
                0x00000000c000e4dc                lockStuff()
                0x00000000c000e4ea                unlockStuff()
                0x00000000c000e524                Virt::getAKernelVAS()
                0x00000000c000e52a                __not_memcpy
 .text          0x00000000c000e53f      0x111 compat/resolve.32
                0x00000000c000e53f                Krnl::resolveCompatibilitySymbol(char*)
 .text          0x00000000c000e650      0xa17 core/computer.32
                0x00000000c000e650                Computer::close(int, int, void*)
                0x00000000c000e694                Krnl::firstTask()
                0x00000000c000e784                Computer::Computer()
                0x00000000c000e784                Computer::Computer()
                0x00000000c000e8e0                Computer::setBootMessage(char const*)
                0x00000000c000e8e2                Computer::detectFeatures()
                0x00000000c000eaec                Computer::displayFeatures()
                0x00000000c000ee32                Computer::rdmsr(unsigned int)
                0x00000000c000ee5e                Computer::wrmsr(unsigned int, unsigned long long)
                0x00000000c000ee96                Computer::nmiEnabled()
                0x00000000c000eea2                Computer::readCMOS(unsigned char)
                0x00000000c000eebc                Computer::enableNMI(bool)
                0x00000000c000eed4                Computer::open(int, int, void*)
                0x00000000c000efaa                Computer::disableNMI()
                0x00000000c000efb8                Computer::writeCMOS(unsigned char, unsigned char)
                0x00000000c000efd6                Computer::handleNMI()
                0x00000000c000f03c                Computer::setDiskActivityLight(int, bool)
 *fill*         0x00000000c000f067        0x1 
 .text          0x00000000c000f068      0x1b7 core/gdt.32
                0x00000000c000f068                GDTEntry::setBase(unsigned int)
                0x00000000c000f084                GDTEntry::setLimit(unsigned int)
                0x00000000c000f0a2                GDT::GDT()
                0x00000000c000f0a2                GDT::GDT()
                0x00000000c000f0b8                GDT::addEntry(GDTEntry)
                0x00000000c000f0f4                GDT::getNumberOfEntries()
                0x00000000c000f0fc                GDT::flush()
                0x00000000c000f11e                GDT::setup()
 .text          0x00000000c000f21f       0x6b core/idle.32
                0x00000000c000f21f                idleFunction(void*)
 .text          0x00000000c000f28a      0x45e core/idt.32
                0x00000000c000f28a                IDTEntry::IDTEntry(bool)
                0x00000000c000f28a                IDTEntry::IDTEntry(bool)
                0x00000000c000f2f8                IDTEntry::setOffset(unsigned int)
                0x00000000c000f30c                IDT::IDT()
                0x00000000c000f30c                IDT::IDT()
                0x00000000c000f30e                IDT::getPointerToInvalidOpcodeEntryForF00F()
                0x00000000c000f316                IDT::addEntry(IDTEntry, int)
                0x00000000c000f330                IDT::addEntry(int, void (*)(), bool)
                0x00000000c000f368                IDT::flush()
                0x00000000c000f382                IDT::setup()
 .text          0x00000000c000f6e8      0x1fe core/kheap.32
                0x00000000c000f6e8                sbrk
                0x00000000c000f7f5                mmap
                0x00000000c000f80b                munmap
                0x00000000c000f821                liballoc_lock()
                0x00000000c000f82e                liballoc_unlock()
                0x00000000c000f842                liballoc_alloc(int)
                0x00000000c000f85d                liballoc_free(void*, int)
                0x00000000c000f878                realloc
                0x00000000c000f88c                malloc
                0x00000000c000f89c                free
                0x00000000c000f8ac                rfree
                0x00000000c000f8bc                calloc
 .text          0x00000000c000f8e6      0x11a core/main.32
                0x00000000c000f8e6                kernel_main
 .text          0x00000000c000fa00      0x50d core/physmgr.32
                0x00000000c000fa00                Phys::allocateDMA(unsigned long)
                0x00000000c000faa3                Phys::freeDMA(unsigned long, unsigned long)
                0x00000000c000faeb                Phys::setPageState(unsigned long, bool)
                0x00000000c000fb1d                Phys::getPageState(unsigned long)
                0x00000000c000fb39                Phys::freePage(unsigned long)
                0x00000000c000fb94                Phys::allocatePage()
                0x00000000c000fc49                Phys::allocateContiguousPages(int)
                0x00000000c000fca5                Phys::allowSegmentToBeUsed(unsigned long, unsigned long)
                0x00000000c000fcdd                Phys::physicalMemorySetup(unsigned int)
 *fill*         0x00000000c000ff0d        0x1 
 .text          0x00000000c000ff0e      0x273 core/pipe.32
                0x00000000c000ff0e                Pipe::isAtty()
                0x00000000c000ff12                Pipe::~Pipe()
                0x00000000c000ff12                Pipe::~Pipe()
                0x00000000c000ff36                Pipe::~Pipe()
                0x00000000c000ff5e                Pipe::read(unsigned long long, void*, int*)
                0x00000000c001005a                Pipe::write(unsigned long long, void*, int*)
                0x00000000c001011a                Pipe::Pipe(int)
                0x00000000c001011a                Pipe::Pipe(int)
 *fill*         0x00000000c0010181        0x1 
 .text          0x00000000c0010182      0xc7b core/terminal.32
                0x00000000c0010182                VgaText::isAtty()
                0x00000000c0010186                VgaText::~VgaText()
                0x00000000c0010186                VgaText::~VgaText()
                0x00000000c00101aa                VgaText::~VgaText()
                0x00000000c00101d4                VgaText::read(unsigned long long, void*, int*)
                0x00000000c00101f4                setTerminalScrollLock(bool)
                0x00000000c00101f5                addToTerminalCycle(VgaText*)
                0x00000000c0010216                installVgaTextImplementation()
                0x00000000c001022b                scrollTerminalScrollLock(int)
                0x00000000c001022c                VgaText::updateTitle()
                0x00000000c001026a                VgaText::load()
                0x00000000c00102b8                VgaText::updateCursor()
                0x00000000c00102ce                VgaText::showCursor(bool)
                0x00000000c00102da                VgaText::disableBlink(bool)
                0x00000000c001030e                VgaText::doANSI_SGR(int)
                0x00000000c0010382                VgaText::setDefaultBgColour(VgaColour)
                0x00000000c0010392                VgaText::setDefaultFgColour(VgaColour)
                0x00000000c00103a2                VgaText::setDefaultColours(VgaColour, VgaColour)
                0x00000000c00103c2                VgaText::setTitleTextColour(VgaColour)
                0x00000000c00103d2                VgaText::setTitleColour(VgaColour)
                0x00000000c00103e2                VgaText::setTitle(char*)
                0x00000000c0010408                VgaText::combineColours(unsigned char, unsigned char)
                0x00000000c001041a                VgaText::scrollScreen()
                0x00000000c00104ae                VgaText::combineCharAndColour(char, unsigned char)
                0x00000000c00104c0                VgaText::writeCharacter(char, VgaColour, VgaColour, int, int)
                0x00000000c001051c                VgaText::getCursorX()
                0x00000000c0010524                VgaText::getCursorY()
                0x00000000c001052c                VgaText::setCursor(int, int)
                0x00000000c0010544                VgaText::setCursorX(int)
                0x00000000c001055c                VgaText::setCursorY(int)
                0x00000000c0010574                VgaText::incrementCursor(bool)
                0x00000000c00105c8                VgaText::decrementCursor(bool)
                0x00000000c00105ea                VgaText::putchar(char, VgaColour, VgaColour)
                0x00000000c00106c2                VgaText::isShowingCursor()
                0x00000000c00106ca                VgaText::isBlinkDisabled()
                0x00000000c00106d6                VgaText::setCursorHeight(int)
                0x00000000c00106ee                VgaText::getCursorHeight()
                0x00000000c00106f6                setActiveTerminal(VgaText*)
                0x00000000c001079c                doTerminalCycle()
                0x00000000c00107b6                VgaText::doUpdate()
                0x00000000c00107c4                VgaText::puts(char const*, VgaColour, VgaColour)
                0x00000000c001093c                VgaText::clearScreen()
                0x00000000c0010996                VgaText::putchar(char)
                0x00000000c0010a82                VgaText::putx(unsigned int)
                0x00000000c0010ac8                VgaText::puts(char const*)
                0x00000000c0010aee                VgaText::VgaText(char const*)
                0x00000000c0010aee                VgaText::VgaText(char const*)
                0x00000000c0010c9c                VgaText::receiveKey(unsigned char)
                0x00000000c0010d84                VgaText::write(unsigned long long, void*, int*)
                0x00000000c0010dd8                newTerminal(char*)
 *fill*         0x00000000c0010dfd        0x1 
 .text          0x00000000c0010dfe      0x1b3 core/tss.32
                0x00000000c0010dfe                TSS::TSS()
                0x00000000c0010dfe                TSS::TSS()
                0x00000000c0010e0c                TSS::setESP(unsigned long)
                0x00000000c0010e1e                TSS::flush()
                0x00000000c0010e3e                TSS::setup(unsigned long, unsigned long)
 *fill*         0x00000000c0010fb1        0x1 
 .text          0x00000000c0010fb2      0x4c2 core/unixfile.32
                0x00000000c0010fb2                ReservedFilename::read(unsigned long long, void*, int*)
                0x00000000c0011008                ReservedFilename::isAtty()
                0x00000000c0011024                ReservedFilename::write(unsigned long long, void*, int*)
                0x00000000c0011082                UnixFile::getFileDescriptor()
                0x00000000c001108a                UnixFile::UnixFile(int)
                0x00000000c001108a                UnixFile::UnixFile(int)
                0x00000000c001123a                ReservedFilename::ReservedFilename(int)
                0x00000000c001123a                ReservedFilename::ReservedFilename(int)
                0x00000000c001126c                UnixFile::~UnixFile()
                0x00000000c001126c                UnixFile::~UnixFile()
                0x00000000c0011304                UnixFile::~UnixFile()
                0x00000000c001132c                ReservedFilename::~ReservedFilename()
                0x00000000c001132c                ReservedFilename::~ReservedFilename()
                0x00000000c0011350                ReservedFilename::~ReservedFilename()
                0x00000000c0011377                getFromFileDescriptor(int)
 .text          0x00000000c0011474     0x12f9 core/virtmgr.32
                0x00000000c0011474                Virt::setPageState(unsigned long, Virt::VirtPageState)
                0x00000000c00114a9                Virt::getPageState(unsigned long)
                0x00000000c00114cd                Virt::allocateKernelVirtualPages(int)
                0x00000000c00115de                Virt::freeSwapfilePage(unsigned long)
                0x00000000c00115fc                Virt::swapIDToSector(unsigned long)
                0x00000000c001160e                Virt::allocateSwapfilePage()
                0x00000000c001168c                Virt::virtualMemorySetup()
                0x00000000c001170b                Virt::setupPageSwapping(int)
                0x00000000c00118d8                VAS::VAS()
                0x00000000c00118d8                VAS::VAS()
                0x00000000c0011914                VAS::VAS(VAS*)
                0x00000000c0011914                VAS::VAS(VAS*)
                0x00000000c0011942                VAS::getForeignPageTableEntry(bool, unsigned long)
                0x00000000c001196e                VAS::getPageTableEntry(unsigned long)
                0x00000000c001198d                Virt::freeKernelVirtualPages(unsigned long)
                0x00000000c0011ab0                VAS::freeAllocatedPages(unsigned long)
                0x00000000c0011ad4                VAS::virtualToPhysical(unsigned long)
                0x00000000c0011aec                VAS::reflagRange(unsigned long, int, int, int)
                0x00000000c0011b2c                VAS::setToWriteCombining(unsigned long, int)
                0x00000000c0011b5e                VAS::mapOtherVASIn(bool, VAS*)
                0x00000000c0011b88                VAS::~VAS()
                0x00000000c0011b88                VAS::~VAS()
                0x00000000c0011d04                VAS::mapPage(unsigned long, unsigned long, int)
                0x00000000c0011e06                VAS::allocatePages(int, int)
                0x00000000c0011fde                VAS::setCPUSpecific(unsigned long)
                0x00000000c0011ffa                VAS::mapRange(unsigned long, unsigned long, int, int)
                0x00000000c00120c0                VAS::mapForeignPage(bool, VAS*, unsigned long, unsigned long, int)
                0x00000000c00121ae                VAS::VAS(bool)
                0x00000000c00121ae                VAS::VAS(bool)
                0x00000000c001242e                VAS::evict(unsigned long)
                0x00000000c00124f0                VAS::tryLoadBackOffDisk(unsigned long)
                0x00000000c0012600                VAS::scanForEviction()
                0x00000000c00126b1                mapVASFirstTime
 .text          0x00000000c001276d       0x95 coreobjs/c++.32
                0x00000000c001276d                __cxa_atexit
                0x00000000c0012770                __cxa_finalize
                0x00000000c0012771                __stack_chk_fail
                0x00000000c00127dd                __cxa_pure_virtual
                0x00000000c00127ee                operator new[](unsigned long)
                0x00000000c00127f3                operator delete(void*, unsigned long)
                0x00000000c00127f8                operator delete[](void*)
                0x00000000c00127fd                operator delete[](void*, unsigned long)
 .text          0x00000000c0012802      0x1ef dbg/kconsole.32
                0x00000000c0012802                Dbg::stringifyxWithBase(unsigned int, char*, int)
                0x00000000c0012863                Dbg::logc(char)
                0x00000000c001287a                Dbg::logs(char*)
                0x00000000c0012897                Dbg::logWriteInt(unsigned int)
                0x00000000c00128b4                Dbg::logWriteIntBase(unsigned int, int)
                0x00000000c00128d3                Dbg::kprintf(char const*, ...)
 *fill*         0x00000000c00129f1        0x1 
 .text          0x00000000c00129f2      0xb82 fs/vfs.32
                0x00000000c00129f2                File::read(unsigned long long, void*, int*)
                0x00000000c0012a4a                File::write(unsigned long long, void*, int*)
                0x00000000c0012aa2                Directory::read(unsigned long long, void*, int*)
                0x00000000c0012afa                Directory::write(unsigned long long, void*, int*)
                0x00000000c0012b28                File::isAtty()
                0x00000000c0012b2c                Directory::isAtty()
                0x00000000c0012b30                Filesystem::getlabel(LogicalDisk*, int, char*, unsigned int*)
                0x00000000c0012b36                Filesystem::setlabel(LogicalDisk*, int, char*)
                0x00000000c0012b3c                Filesystem::getFileFirstSector(char const*)
                0x00000000c0012b42                File::~File()
                0x00000000c0012b42                File::~File()
                0x00000000c0012b66                File::~File()
                0x00000000c0012b90                Directory::~Directory()
                0x00000000c0012b90                Directory::~Directory()
                0x00000000c0012bb4                Directory::~Directory()
                0x00000000c0012bde                Filesystem::Filesystem()
                0x00000000c0012bde                Filesystem::Filesystem()
                0x00000000c0012c02                Filesystem::~Filesystem()
                0x00000000c0012c02                Filesystem::~Filesystem()
                0x00000000c0012c10                Filesystem::~Filesystem()
                0x00000000c0012c34                Fs::getcwd(Process*, char*, int)
                0x00000000c0012c5e                Fs::initVFS()
                0x00000000c0012c88                Fs::standardiseFiles(char*, char const*, char const*)
                0x00000000c0012e32                File::File(char const*, Process*)
                0x00000000c0012e32                File::File(char const*, Process*)
                0x00000000c0012e96                File::open(FileOpenMode)
                0x00000000c0012ef4                File::close()
                0x00000000c0012f54                File::seek(unsigned long long)
                0x00000000c0012faa                File::tell(unsigned long long*)
                0x00000000c0012ffa                File::rewind()
                0x00000000c001300e                File::unlink()
                0x00000000c001305a                File::rename(char const*)
                0x00000000c00130a8                File::chfatattr(unsigned char, unsigned char)
                0x00000000c0013104                File::exists()
                0x00000000c0013142                File::stat(unsigned long long*, bool*)
                0x00000000c00131a3                Fs::setcwd(Process*, char*)
                0x00000000c00132de                Directory::Directory(char const*, Process*)
                0x00000000c00132de                Directory::Directory(char const*, Process*)
                0x00000000c0013342                Directory::open()
                0x00000000c001339e                Directory::close()
                0x00000000c00133fe                Directory::unlink()
                0x00000000c001344a                Directory::rename(char const*)
                0x00000000c0013498                Directory::exists()
                0x00000000c00134d6                Directory::read(dirent*)
                0x00000000c0013522                Directory::create()
                0x00000000c001356e                Filesystem::chfatattr(char const*, unsigned char, unsigned char)
 .text          0x00000000c0013574       0x84 hal/bus.32
                0x00000000c0013574                Bus::Bus(char const*)
                0x00000000c0013574                Bus::Bus(char const*)
                0x00000000c00135aa                Bus::~Bus()
                0x00000000c00135aa                Bus::~Bus()
                0x00000000c00135ce                Bus::~Bus()
 .text          0x00000000c00135f8      0x156 hal/buzzer.32
                0x00000000c00135f8                Buzzer::Buzzer(char const*)
                0x00000000c00135f8                Buzzer::Buzzer(char const*)
                0x00000000c001363c                Buzzer::~Buzzer()
                0x00000000c001363c                Buzzer::~Buzzer()
                0x00000000c0013660                Buzzer::~Buzzer()
                0x00000000c001368a                Buzzer::stop()
                0x00000000c001369d                beepThread(void*)
                0x00000000c00136e0                Buzzer::beep(int, int, bool)
 .text          0x00000000c001374e      0x467 hal/clock.32
                0x00000000c001374e                User::loadClockSettings(int)
                0x00000000c00137a0                Clock::Clock(char const*)
                0x00000000c00137a0                Clock::Clock(char const*)
                0x00000000c00137d6                Clock::~Clock()
                0x00000000c00137d6                Clock::~Clock()
                0x00000000c00137fa                Clock::~Clock()
                0x00000000c0013824                Clock::timeInSecondsLocal()
                0x00000000c001386c                Clock::setTimeInSecondsLocal(unsigned long long)
                0x00000000c00138c5                datetimeToSeconds(datetime_t)
                0x00000000c00139ec                Clock::setTimeInDatetimeLocal(datetime_t)
                0x00000000c0013a4c                secondsToDatetime(unsigned long long)
                0x00000000c0013b90                Clock::timeInDatetimeLocal()
 *fill*         0x00000000c0013bb5        0x1 
 .text          0x00000000c0013bb6      0x504 hal/device.32
                0x00000000c0013bb6                Device::hibernate()
                0x00000000c0013bb8                Device::wake()
                0x00000000c0013bba                Device::detect()
                0x00000000c0013bbc                Device::disableLegacy()
                0x00000000c0013bbe                Device::powerSaving(PowerSavingLevel)
                0x00000000c0013bc0                DriverlessDevice::close(int, int, void*)
                0x00000000c0013bc4                DriverlessDevice::detect()
                0x00000000c0013bc6                DriverlessDevice::open(int, int, void*)
                0x00000000c0013bda                Device::~Device()
                0x00000000c0013bda                Device::~Device()
                0x00000000c0013be8                Device::~Device()
                0x00000000c0013c10                Device::findAndLoadDriver()
                0x00000000c0013c1e                Device::preOpenPCI(PCIDeviceInfo)
                0x00000000c0013c44                Device::preOpenACPI(void*, char*, char*)
                0x00000000c0013c84                Device::addIRQHandler(int, void (*)(regs*, void*), bool, void*)
                0x00000000c0013cc2                Device::getParent()
                0x00000000c0013cce                Device::removeIRQHandler(int, void (*)(regs*, void*), bool)
                0x00000000c0013d0c                Device::addChild(Device*)
                0x00000000c0013d50                Device::removeAllChildren()
                0x00000000c0013d96                Device::hibernateAll()
                0x00000000c0013dc6                Device::wakeAll()
                0x00000000c0013df6                Device::detectAll()
                0x00000000c0013e26                Device::disableLegacyAll()
                0x00000000c0013e56                Device::loadDriversForAll()
                0x00000000c0013e96                Device::closeAll()
                0x00000000c0013ecc                Device::powerSavingAll(PowerSavingLevel)
                0x00000000c0013f02                Device::setName(char const*)
                0x00000000c0013f10                Device::Device(char const*)
                0x00000000c0013f10                Device::Device(char const*)
                0x00000000c001400c                Device::getName()
                0x00000000c0014016                DriverlessDevice::DriverlessDevice(char const*)
                0x00000000c0014016                DriverlessDevice::DriverlessDevice(char const*)
                0x00000000c001404c                Device::addToLinkedList(LinkedList<Device>&, DeviceType)
                0x00000000c0014090                getDevicesOfType(DeviceType)
 .text          0x00000000c00140ba       0x84 hal/diskctrl.32
                0x00000000c00140ba                HardDiskController::HardDiskController(char const*)
                0x00000000c00140ba                HardDiskController::HardDiskController(char const*)
                0x00000000c00140f0                HardDiskController::~HardDiskController()
                0x00000000c00140f0                HardDiskController::~HardDiskController()
                0x00000000c0014114                HardDiskController::~HardDiskController()
 .text          0x00000000c001413e       0xf2 hal/diskphys.32
                0x00000000c001413e                PhysicalDisk::eject()
                0x00000000c0014152                PhysicalDisk::PhysicalDisk(char const*, int)
                0x00000000c0014152                PhysicalDisk::PhysicalDisk(char const*, int)
                0x00000000c00141ba                PhysicalDisk::startCache()
                0x00000000c00141e2                PhysicalDisk::~PhysicalDisk()
                0x00000000c00141e2                PhysicalDisk::~PhysicalDisk()
                0x00000000c0014206                PhysicalDisk::~PhysicalDisk()
 .text          0x00000000c0014230      0x13b hal/fpu.32
                0x00000000c0014230                FPU::FPU(char const*)
                0x00000000c0014230                FPU::FPU(char const*)
                0x00000000c0014266                FPU::~FPU()
                0x00000000c0014266                FPU::~FPU()
                0x00000000c001428a                FPU::~FPU()
                0x00000000c00142b4                setupFPU()
 *fill*         0x00000000c001436b        0x1 
 .text          0x00000000c001436c     0x1413 hal/intctrl.32
                0x00000000c001436c                InterruptController::uninstallISRHandler(int, void (*)(regs*, void*))
                0x00000000c00143a4                InterruptController::installISRHandler(int, void (*)(regs*, void*), void*)
                0x00000000c00143f6                doubleFault(regs*, void*)
                0x00000000c0014410                InterruptController::installIRQHandler(int, void (*)(regs*, void*), bool, void*)
                0x00000000c00144ac                InterruptController::clearAllHandlers(int, bool)
                0x00000000c0014554                InterruptController::uninstallIRQHandler(int, void (*)(regs*, void*), bool)
                0x00000000c00145db                nmiHandler(regs*, void*)
                0x00000000c00145e9                int_handler
                0x00000000c001468a                InterruptController::InterruptController(char const*)
                0x00000000c001468a                InterruptController::InterruptController(char const*)
                0x00000000c0014730                InterruptController::~InterruptController()
                0x00000000c0014730                InterruptController::~InterruptController()
                0x00000000c0014754                InterruptController::~InterruptController()
                0x00000000c001477e                displayDebugInfo(regs*)
                0x00000000c0014c0d                x87EmulHandler(regs*, void*)
                0x00000000c0014c80                gpFault(regs*, void*)
                0x00000000c0014cb9                pgFault(regs*, void*)
                0x00000000c0014cd0                otherISRHandler(regs*, void*)
                0x00000000c0014cef                opcodeFault(regs*, void*)
                0x00000000c001530c                displayProgramFault(char const*)
                0x00000000c0015334                setupInterruptController()
                0x00000000c0015732                InterruptController::convertLegacyIRQNumber(int)
 *fill*         0x00000000c001577f        0x1 
 .text          0x00000000c0015780      0x794 hal/keybrd.32
                0x00000000c0015780                startGUI(void*)
                0x00000000c00157ec                startGUIVESA(void*)
                0x00000000c0015858                sendKeyToTerminal(unsigned char)
                0x00000000c0015916                sendKeyboardToken(KeyboardToken)
                0x00000000c0015d53                clearInternalKeybuffer(VgaText*)
                0x00000000c0015d88                readKeyboard(VgaText*, char*, unsigned long)
                0x00000000c0015e8a                Keyboard::Keyboard(char const*)
                0x00000000c0015e8a                Keyboard::Keyboard(char const*)
                0x00000000c0015ec6                Keyboard::~Keyboard()
                0x00000000c0015ec6                Keyboard::~Keyboard()
                0x00000000c0015eea                Keyboard::~Keyboard()
 .text          0x00000000c0015f14      0x414 hal/logidisk.32
                0x00000000c0015f14                LogicalDisk::close(int, int, void*)
                0x00000000c0015f18                LogicalDisk::~LogicalDisk()
                0x00000000c0015f18                LogicalDisk::~LogicalDisk()
                0x00000000c0015f3c                LogicalDisk::~LogicalDisk()
                0x00000000c0015f66                LogicalDisk::open(int, int, void*)
                0x00000000c0015f7a                LogicalDisk::absoluteToRelative(unsigned long long)
                0x00000000c0015fb2                LogicalDisk::relativeToAbsolute(unsigned long long)
                0x00000000c0015ff8                LogicalDisk::LogicalDisk(char const*, PhysicalDisk*, unsigned long long, unsigned long long)
                0x00000000c0015ff8                LogicalDisk::LogicalDisk(char const*, PhysicalDisk*, unsigned long long, unsigned long long)
                0x00000000c00160ae                LogicalDisk::assignDriveLetter()
                0x00000000c0016164                LogicalDisk::mount()
                0x00000000c00161d6                LogicalDisk::unmount()
                0x00000000c00161e6                LogicalDisk::eject()
                0x00000000c00161fa                LogicalDisk::unassignDriveLetter()
                0x00000000c0016250                LogicalDisk::read(unsigned long long, int, void*)
                0x00000000c00162bc                LogicalDisk::write(unsigned long long, int, void*)
 .text          0x00000000c0016328       0x84 hal/mouse.32
                0x00000000c0016328                Mouse::Mouse(char const*)
                0x00000000c0016328                Mouse::Mouse(char const*)
                0x00000000c001635e                Mouse::~Mouse()
                0x00000000c001635e                Mouse::~Mouse()
                0x00000000c0016382                Mouse::~Mouse()
 .text          0x00000000c00163ac      0x359 hal/partition.32
                0x00000000c00163ac                makePartition(PhysicalDisk*, unsigned long long, unsigned long long)
                0x00000000c0016474                createPartitionsForDisk(PhysicalDisk*)
 *fill*         0x00000000c0016705        0x1 
 .text          0x00000000c0016706       0x84 hal/serial.32
                0x00000000c0016706                Serial::Serial(char const*)
                0x00000000c0016706                Serial::Serial(char const*)
                0x00000000c001673c                Serial::~Serial()
                0x00000000c001673c                Serial::~Serial()
                0x00000000c0016760                Serial::~Serial()
 .text          0x00000000c001678a      0x2f3 hal/timer.32
                0x00000000c001678a                Timer::Timer(char const*)
                0x00000000c001678a                Timer::Timer(char const*)
                0x00000000c00167c0                Timer::~Timer()
                0x00000000c00167c0                Timer::~Timer()
                0x00000000c00167e4                Timer::~Timer()
                0x00000000c001680e                Timer::read()
                0x00000000c0016819                timerHandler(unsigned long long)
                0x00000000c001698b                setupTimer(int)
 *fill*         0x00000000c0016a7d        0x1 
 .text          0x00000000c0016a7e      0x409 hal/vcache.32
                0x00000000c0016a7e                VCache::VCache(PhysicalDisk*)
                0x00000000c0016a7e                VCache::VCache(PhysicalDisk*)
                0x00000000c0016be6                VCache::invalidateReadBuffer()
                0x00000000c0016bf6                VCache::writeWriteBuffer()
                0x00000000c0016c32                VCache::~VCache()
                0x00000000c0016c32                VCache::~VCache()
                0x00000000c0016c86                VCache::~VCache()
                0x00000000c0016cae                VCache::write(unsigned long long, int, void*)
                0x00000000c0016d98                VCache::read(unsigned long long, int, void*)
 *fill*         0x00000000c0016e87        0x1 
 .text          0x00000000c0016e88      0x4cd hal/video.32
                0x00000000c0016e88                Video::putrect(int, int, int, int, unsigned int)
                0x00000000c0016ed4                Video::bitblit(int, int, int, int, int, int, int, unsigned int*)
                0x00000000c0016f44                Video::blit(unsigned int*, int, int, int, int)
                0x00000000c0016fc2                Video::clearScreen(unsigned int)
                0x00000000c0016ff6                Video::putpixel(int, int, unsigned int)
                0x00000000c0017004                Video::Video(char const*)
                0x00000000c0017004                Video::Video(char const*)
                0x00000000c001703a                Video::~Video()
                0x00000000c001703a                Video::~Video()
                0x00000000c001705e                Video::~Video()
                0x00000000c0017088                Video::isMonochrome()
                0x00000000c0017094                Video::getWidth()
                0x00000000c00170a0                Video::getHeight()
                0x00000000c00170ac                Video::drawCursor(int, int, unsigned char*, int)
                0x00000000c0017168                Video::tgaParse(unsigned char*, int, int*, int*)
                0x00000000c00172ea                Video::putTGA(int, int, unsigned char*, int)
 *fill*         0x00000000c0017355        0x1 
 .text          0x00000000c0017356     0x1163 hw/acpi.32
                0x00000000c0017356                ACPI::close(int, int, void*)
                0x00000000c001740b                findRSDP()
                0x00000000c00174a5                loadACPITables(unsigned char*)
                0x00000000c00176fc                findRSDT(unsigned char*)
                0x00000000c0017846                findDataTable(unsigned char*, char*)
                0x00000000c00178e2                scanMADT()
                0x00000000c0017d68                ACPI::ACPI()
                0x00000000c0017d68                ACPI::ACPI()
                0x00000000c0017dbc                ACPI::getPCIIRQAssignment(unsigned char, unsigned short, unsigned char)
                0x00000000c0017e9e                ACPI::registerPCIIRQAssignment(void*, unsigned short, unsigned char, unsigned char)
                0x00000000c0017f64                ACPI::setScreenBrightnessLevel(void*, int)
                0x00000000c0017f6a                ACPI::detectPCI()
                0x00000000c00180e4                ACPI::writeSimpleBootFlag(SimpleBootFlagTable*)
                0x00000000c001812c                ACPI::sleep()
                0x00000000c0018144                ACPI::open(int, int, void*)
 *fill*         0x00000000c00184b9        0x1 
 .text          0x00000000c00184ba     0x1717 hw/cpu.32
                0x00000000c00184ba                CPU::close(int, int, void*)
                0x00000000c00184be                CPU::lookupAMDName(unsigned char, unsigned char)
                0x00000000c0018652                CPU::lookupIntelName(unsigned char, unsigned char)
                0x00000000c0018900                CPU::AMD_K6_write_msr(unsigned int, unsigned int, unsigned int, CPU::REGS*)
                0x00000000c001891c                CPU::AMD_K6_read_msr(unsigned int, CPU::REGS*)
                0x00000000c0018934                CPU::AMD_K6_writeback(int, int, int)
                0x00000000c00189a8                CPU::cpuid(int, unsigned long*, unsigned long*, unsigned long*, unsigned long*)
                0x00000000c0018a2c                CPU::cpuidCheckEDX(unsigned int)
                0x00000000c0018a5a                CPU::cpuidCheckECX(unsigned int)
                0x00000000c0018a88                CPU::cpuidCheckExtendedEBX(unsigned int)
                0x00000000c0018ab6                CPU::cpuidCheckExtendedECX(unsigned int)
                0x00000000c0018ae4                CPU::CPU()
                0x00000000c0018ae4                CPU::CPU()
                0x00000000c0018b72                CPU::displayFeatures()
                0x00000000c0018dee                CPU::detectFeatures()
                0x00000000c00197e0                CPU::setupSMEP()
                0x00000000c00197ec                CPU::setupUMIP()
                0x00000000c00197f6                CPU::setupTSC()
                0x00000000c0019800                CPU::setupLargePages()
                0x00000000c001980a                CPU::setupPAT()
                0x00000000c0019846                CPU::setupMTRR()
                0x00000000c0019848                CPU::setupGlobalPages()
                0x00000000c0019852                CPU::allowUsermodeDataAccess()
                0x00000000c0019864                CPU::prohibitUsermodeDataAccess()
                0x00000000c0019876                CPU::setupSMAP()
                0x00000000c0019884                CPU::setupFeatures()
                0x00000000c0019904                CPU::open(int, int, void*)
                0x00000000c00199d6                CPU::decodeAddress(regs*, int*, bool*, unsigned char*)
 .text          0x00000000c0019bd1        0x0 hw/ports.32
 .text          0x00000000c0019bd1      0x16a hw/smp.32
                0x00000000c0019bd1                Krnl::smpEntry()
                0x00000000c0019bd3                Krnl::startCPU(int)
                0x00000000c0019d1c                Krnl::startCPUs()
 *fill*         0x00000000c0019d3b        0x1 
 .text          0x00000000c0019d3c      0x5cd krnl/env.32
                0x00000000c0019d3c                EnvVarContainer::getEnv(char const*)
                0x00000000c0019d7a                EnvVarContainer::setEnv(char const*, char const*)
                0x00000000c0019e3c                EnvVarContainer::deleteEnv(char const*)
                0x00000000c0019e3e                EnvVarContainer::loadFrom(char const*, char const*)
                0x00000000c001a040                EnvVarContainer::__loadSystem()
                0x00000000c001a05a                EnvVarContainer::__loadUser()
                0x00000000c001a05c                EnvVarContainer::EnvVarContainer(Process*)
                0x00000000c001a05c                EnvVarContainer::EnvVarContainer(Process*)
                0x00000000c001a07e                EnvVarContainer::~EnvVarContainer()
                0x00000000c001a07e                EnvVarContainer::~EnvVarContainer()
                0x00000000c001a0ae                Krnl::getEnv(Process*, char const*)
                0x00000000c001a113                Krnl::setEnvSystem(char const*, char const*)
                0x00000000c001a12d                Krnl::setEnvUser(char const*, char const*)
                0x00000000c001a14c                Krnl::setEnvProcess(Process*, char const*, char const*)
                0x00000000c001a15f                Krnl::deleteEnvSystem(char const*)
                0x00000000c001a160                Krnl::deleteEnvUser(char const*)
                0x00000000c001a161                Krnl::deleteEnvProcess(Process*, char const*)
                0x00000000c001a162                Krnl::newProcessEnv(Process*)
                0x00000000c001a184                Krnl::copyProcessEnv(Process*, Process*)
                0x00000000c001a1d0                Krnl::loadSystemEnv()
                0x00000000c001a1fe                Krnl::loadUserEnv()
                0x00000000c001a224                Krnl::flushEnv()
                0x00000000c001a225                Krnl::getProcessTotalEnvCount(Process*)
                0x00000000c001a245                Krnl::getProcessEnvPair(Process*, int)
 .text          0x00000000c001a309      0x396 krnl/panic.32
                0x00000000c001a309                Krnl::panic(char const*)
 .text          0x00000000c001a69f      0x57f net/ethernet.32
                0x00000000c001a69f                Net::switchEndian16(unsigned short)
                0x00000000c001a6c0                Net::switchEndian32(unsigned int)
                0x00000000c001a6ef                Net::crc32Calc(unsigned char*, int)
                0x00000000c001a780                Net::wrapEthernetFrame(Net::UnwrappedEthernetFrame, unsigned char*)
                0x00000000c001a993                Net::unwrapEthernetFrame(unsigned char*, int)
 .text          0x00000000c001ac1e      0x50e reg/registry.32
                0x00000000c001ac1e                Reg::findLineFromLoadedData(char*, char*, char*)
                0x00000000c001ad76                Reg::getLineFromRegistry(char*, char*, char*, char*)
                0x00000000c001aecb                Reg::getLine(char*, char*, char*)
                0x00000000c001af02                Reg::readInt(char*, char*, int*)
                0x00000000c001afed                Reg::readString(char*, char*, char*, int)
                0x00000000c001b06e                Reg::readBool(char*, char*, bool*)
                0x00000000c001b093                Reg::readBoolWithDefault(char*, char*, bool)
                0x00000000c001b0bf                Reg::readIntWithDefault(char*, char*, int)
                0x00000000c001b0eb                Reg::readStringWithDefault(char*, char*, char*, int, char*)
 .text          0x00000000c001b12c       0x36 sys/sc_eject.32
                0x00000000c001b12c                Sys::eject(regs*)
 .text          0x00000000c001b162       0x18 sys/sc_exit.32
                0x00000000c001b162                Sys::exit(regs*)
 .text          0x00000000c001b17a       0x1f sys/sc_getcwd.32
                0x00000000c001b17a                Sys::getCwd(regs*)
 .text          0x00000000c001b199        0xc sys/sc_getpid.32
                0x00000000c001b199                Sys::getPID(regs*)
 .text          0x00000000c001b1a5       0x17 sys/sc_getramdata.32
                0x00000000c001b1a5                Sys::getRAMData(regs*)
 .text          0x00000000c001b1bc       0x84 sys/sc_getvgaptr.32
                0x00000000c001b1bc                Sys::getVGAPtr(regs*)
 .text          0x00000000c001b240       0xa8 sys/sc_loaddll.32
                0x00000000c001b240                Sys::loadDLL(regs*)
 .text          0x00000000c001b2e8       0x68 sys/sc_read.32
                0x00000000c001b2e8                Sys::read(regs*)
 .text          0x00000000c001b350       0x55 sys/sc_sbrk.32
                0x00000000c001b350                Sys::sbrk(regs*)
 .text          0x00000000c001b3a5       0x1c sys/sc_setcwd.32
                0x00000000c001b3a5                Sys::setCwd(regs*)
 .text          0x00000000c001b3c1      0x128 sys/sc_settime.32
                0x00000000c001b3c1                Sys::setTime(regs*)
 .text          0x00000000c001b4e9       0x4a sys/sc_timezone.32
                0x00000000c001b4e9                Sys::timezone(regs*)
 .text          0x00000000c001b533       0x68 sys/sc_write.32
                0x00000000c001b533                Sys::write(regs*)
 .text          0x00000000c001b59b       0x62 sys/sc_wsbe.32
                0x00000000c001b59b                Sys::wsbe(regs*)
 .text          0x00000000c001b5fd       0x46 sys/sc_yield.32
                0x00000000c001b5fd                Sys::yield(regs*)
 .text          0x00000000c001b643     0x1101 sys/syscalls.32
                0x00000000c001b643                sysCallSeekDir(regs*)
                0x00000000c001b648                sysCallTellDir(regs*)
                0x00000000c001b64d                sysCallVerify(regs*)
                0x00000000c001b657                sysFormatDisk(regs*)
                0x00000000c001b6c1                sysSetDiskVolumeLabel(regs*)
                0x00000000c001b707                sysGetDiskVolumeLabel(regs*)
                0x00000000c001b758                sysShutdown(regs*)
                0x00000000c001b7b6                sysCallRealpath(regs*)
                0x00000000c001b7f9                sysCallGetArgc(regs*)
                0x00000000c001b827                sysCallReadDir(regs*)
                0x00000000c001b8b5                sysCallIsATTY(regs*)
                0x00000000c001b90f                sysCallSeek(regs*)
                0x00000000c001b978                sysCallTell(regs*)
                0x00000000c001b9f5                sysCallSize(regs*)
                0x00000000c001ba78                sysCallSizeFromFilename(regs*)
                0x00000000c001bb38                sysCallClose(regs*)
                0x00000000c001bbc0                sysCallOpenDir(regs*)
                0x00000000c001bc35                sysCallCloseDir(regs*)
                0x00000000c001bc9b                sysCallMakeDir(regs*)
                0x00000000c001bd0b                sysCallWait(regs*)
                0x00000000c001bd25                sysCallNotImpl(regs*)
                0x00000000c001bd40                sysPanic(regs*)
                0x00000000c001bd66                sysCallRmdir(regs*)
                0x00000000c001bdca                sysCallUnlink(regs*)
                0x00000000c001be2e                sysCallGetArgv(regs*)
                0x00000000c001be7a                sysCallTTYName(regs*)
                0x00000000c001befd                sysCallUSleep(regs*)
                0x00000000c001bf24                sysCallSpawn(regs*)
                0x00000000c001bf99                sysCallGetEnv(regs*)
                0x00000000c001c0d1                sysAppSettings(regs*)
                0x00000000c001c1e5                sysSetFatAttrib(regs*)
                0x00000000c001c257                sysPipe(regs*)
                0x00000000c001c29c                sysGetUnixTime(regs*)
                0x00000000c001c2b0                string_ends_with(char const*, char const*)
                0x00000000c001c2f8                sysCallOpen(regs*)
                0x00000000c001c50d                Sys::loadSyscalls()
                0x00000000c001c702                Sys::systemCall(regs*, void*)
 .text          0x00000000c001c744     0x11fd thr/elf.32
                0x00000000c001c744                Thr::allocateMemoryForTask(Process*, File*, unsigned long, unsigned long, unsigned long)
                0x00000000c001c9ee                Thr::loadProgramIntoMemory(Process*, char const*)
                0x00000000c001cc04                Thr::runtimeReferenceHelper()
                0x00000000c001cc17                Thr::getAddressOfKernelSymbol(char const*)
                0x00000000c001cc66                Thr::loadKernelSymbolTable(char const*)
                0x00000000c001cf24                Thr::loadDriverIntoMemory(char const*, unsigned long, bool)
                0x00000000c001d65a                Thr::getDriverBaseFromAddress(unsigned long)
                0x00000000c001d68c                Thr::getDriverNameFromAddress(unsigned long)
                0x00000000c001d6c3                Thr::getDriverOffsetFromAddress(unsigned long)
                0x00000000c001d6dd                Thr::loadDLL(char const*, bool)
                0x00000000c001d908                Thr::executeDLL(unsigned long, void*)
 *fill*         0x00000000c001d941        0x1 
 .text          0x00000000c001d942     0x1315 thr/prcssthr.32
                0x00000000c001d942                userModeEntryPoint(void*)
                0x00000000c001d968                changeTSS
                0x00000000c001d998                switchToThread(ThreadControlBlock*)
                0x00000000c001da42                Process::addArgs(char**)
                0x00000000c001da9c                Process::Process(char const*, Process*, char**)
                0x00000000c001da9c                Process::Process(char const*, Process*, char**)
                0x00000000c001dc80                Process::Process(bool, char const*, Process*, char**)
                0x00000000c001dc80                Process::Process(bool, char const*, Process*, char**)
                0x00000000c001de2f                taskStartupFunction
                0x00000000c001de38                Semaphore::Semaphore(int)
                0x00000000c001de38                Semaphore::Semaphore(int)
                0x00000000c001de66                Mutex::Mutex()
                0x00000000c001de66                Mutex::Mutex()
                0x00000000c001de78                Process::createThread(void (*)(void*), void*, int)
                0x00000000c001df7e                Process::createUserThread()
                0x00000000c001df9a                setupMultitasking(void (*)())
                0x00000000c001e0bc                schedule()
                0x00000000c001e142                Semaphore::tryAcquire()
                0x00000000c001e1fe                Semaphore::assertLocked(char const*)
                0x00000000c001e26d                blockTaskWithSchedulerLockAlreadyHeld(TaskState)
                0x00000000c001e2bb                blockTask(TaskState)
                0x00000000c001e2e8                waitTask(int, int*, int)
                0x00000000c001e32a                nanoSleepUntil(unsigned long long)
                0x00000000c001e3bf                nanoSleep(unsigned long long)
                0x00000000c001e3d7                sleep(unsigned long long)
                0x00000000c001e3f4                Semaphore::acquire()
                0x00000000c001e496                taskReturned
                0x00000000c001e4d1                Thr::processFromPID(int)
                0x00000000c001e580                unblockTask(ThreadControlBlock*)
                0x00000000c001e62d                cleanupTerminatedTask(ThreadControlBlock*)
                0x00000000c001e8f6                cleanerTaskFunction(void*)
                0x00000000c001e9ef                terminateTask(int)
                0x00000000c001eb21                Thr::terminateFromIRQ(int)
                0x00000000c001eb2e                Semaphore::release()
 .text          0x00000000c001ec57      0xada vm86/vm8086.32
                0x00000000c001ec57                Vm::inbv(unsigned short)
                0x00000000c001ec6a                Vm::outbv(unsigned short, unsigned char)
                0x00000000c001eca0                Vm::realToLinear(unsigned short, unsigned short)
                0x00000000c001ecb0                Vm::getSegment(unsigned int)
                0x00000000c001ecb8                Vm::getOffset(unsigned int)
                0x00000000c001ecbd                Vm::mainloop2()
                0x00000000c001ecf7                Vm::mainVm8086Loop(void*)
                0x00000000c001ed07                Vm::mainloop3(unsigned long)
                0x00000000c001ed2d                Vm::initialise8086()
                0x00000000c001ed70                Vm::finish8086()
                0x00000000c001edd1                Vm::getOutput8086(unsigned char*)
                0x00000000c001edf6                Vm::start8086(char const*, unsigned short, unsigned short, unsigned short, unsigned short)
                0x00000000c001ef5e                Vm::doISR(regs*, int, unsigned char*, unsigned short, unsigned short)
                0x00000000c001efe8                Vm::readByteFromReal(unsigned short, unsigned short)
                0x00000000c001eff9                Vm::readWordFromReal(unsigned short, unsigned short)
                0x00000000c001f00b                Vm::readDwordFromReal(unsigned short, unsigned short)
                0x00000000c001f01c                Vm::writeByteFromReal(unsigned short, unsigned short, unsigned char)
                0x00000000c001f031                Vm::writeWordFromReal(unsigned short, unsigned short, unsigned short)
                0x00000000c001f047                Vm::writeDwordFromReal(unsigned short, unsigned short, unsigned int)
                0x00000000c001f05c                Vm::faultHandler(regs*)
 .text          0x00000000c001f731      0xefd vm86/x87em.32
                0x00000000c001f731                Vm::fpuInternalTo32(unsigned long long)
                0x00000000c001f78c                Vm::fpuInternalTo64(unsigned long long)
                0x00000000c001f795                Vm::fpu32ToInternal(unsigned int)
                0x00000000c001f7da                Vm::fpu64ToInternal(unsigned long long)
                0x00000000c001f7e3                Vm::fpuFloatToLong(unsigned long long)
                0x00000000c001f83e                Vm::fpuULongToFloat(unsigned long long)
                0x00000000c001f874                Vm::fpuLongToFloat(long long)
                0x00000000c001f8ca                Vm::fpuGet0()
                0x00000000c001f8cf                Vm::fpuGet1()
                0x00000000c001f8d7                Vm::fpuGetPi()
                0x00000000c001f8df                Vm::fpuGetLog2E()
                0x00000000c001f8f7                Vm::fpuGetLogE2()
                0x00000000c001f90f                Vm::fpuGetLog210()
                0x00000000c001f927                Vm::fpuGetLog102()
                0x00000000c001f93f                Vm::fpuIsSecondLarger(unsigned long long, unsigned long long)
                0x00000000c001f953                Vm::fpuAreEqual(unsigned long long, unsigned long long)
                0x00000000c001f969                Vm::fpuUnorderedCompare(unsigned long long, unsigned long long)
                0x00000000c001f9bc                Vm::fpuAdd(unsigned long long, unsigned long long)
                0x00000000c001f9cd                Vm::fpuAbs(unsigned long long)
                0x00000000c001f9d6                Vm::fpuChs(unsigned long long)
                0x00000000c001f9e6                Vm::fpuSub(unsigned long long, unsigned long long)
                0x00000000c001f9f5                Vm::fpuMultiply(unsigned long long, unsigned long long)
                0x00000000c001fa14                Vm::fpuDivide(unsigned long long, unsigned long long)
                0x00000000c001fa30                Vm::fpuSquare(unsigned long long)
                0x00000000c001fa46                Vm::fpuGetReg(int)
                0x00000000c001fa89                Vm::fpuSetReg(int, unsigned long long)
                0x00000000c001fad4                Vm::fpuPush(unsigned long long)
                0x00000000c001fb31                Vm::fpuPop()
                0x00000000c001fb83                Vm::x87Handler(regs*)
 .text          0x00000000c002062e     0x1203 fs/fat/vfslink.32
                0x00000000c002062e                FAT::getName()
                0x00000000c0020634                FAT::tell(void*, unsigned long long*)
                0x00000000c0020668                FAT::stat(void*, unsigned long long*)
                0x00000000c002069c                FAT::~FAT()
                0x00000000c002069c                FAT::~FAT()
                0x00000000c00206c0                FAT::~FAT()
                0x00000000c00206e8                FAT::getlabel(LogicalDisk*, int, char*, unsigned int*)
                0x00000000c0020786                FAT::setlabel(LogicalDisk*, int, char*)
                0x00000000c0020840                FAT::format(LogicalDisk*, int, char const*, int)
                0x00000000c0020a24                FAT::tryMount(LogicalDisk*, int)
                0x00000000c0020c2a                FAT::getFileFirstSector(char const*)
                0x00000000c0020cec                FAT::readDir(void*, unsigned long, void*, int*)
                0x00000000c0020e46                FAT::read(void*, unsigned long, void*, int*)
                0x00000000c0020ea0                FAT::write(void*, unsigned long, void*, int*)
                0x00000000c0020efa                FAT::close(void*)
                0x00000000c0020f46                FAT::closeDir(void*)
                0x00000000c0020f92                FAT::seek(void*, unsigned long long)
                0x00000000c0020fe6                fatWrapperReadDisk
                0x00000000c002102d                fatWrapperWriteDisk
                0x00000000c0021074                fatWrapperIoctl
                0x00000000c0021178                FAT::FAT()
                0x00000000c0021178                FAT::FAT()
                0x00000000c00211ca                FAT::fixFilepath(char*)
                0x00000000c0021202                FAT::open(char const*, void**, FileOpenMode)
                0x00000000c002132a                FAT::openDir(char const*, void**)
                0x00000000c00213d0                FAT::stat(char const*, unsigned long long*, bool*)
                0x00000000c00214ba                FAT::unlink(char const*)
                0x00000000c0021534                FAT::chfatattr(char const*, unsigned char, unsigned char)
                0x00000000c0021688                FAT::rename(char const*, char const*)
                0x00000000c002174c                FAT::mkdir(char const*)
                0x00000000c00217c6                FAT::exists(char const*)
 *fill*         0x00000000c0021831        0x1 
 .text          0x00000000c0021832      0xba5 fs/iso9660/vfslink.32
                0x00000000c0021832                ISO9660::format(LogicalDisk*, int, char const*, int)
                0x00000000c0021838                ISO9660::seek(void*, unsigned long long)
                0x00000000c0021868                ISO9660::tell(void*, unsigned long long*)
                0x00000000c002188c                ISO9660::getName()
                0x00000000c0021892                ISO9660::stat(void*, unsigned long long*)
                0x00000000c00218b6                ISO9660::chfatattr(char const*, unsigned char, unsigned char)
                0x00000000c00218bc                ISO9660::unlink(char const*)
                0x00000000c00218c2                ISO9660::write(void*, unsigned long, void*, int*)
                0x00000000c00218c8                ISO9660::rename(char const*, char const*)
                0x00000000c00218ce                ISO9660::mkdir(char const*)
                0x00000000c00218d4                ISO9660::close(void*)
                0x00000000c00218f6                ISO9660::closeDir(void*)
                0x00000000c0021918                ISO9660::~ISO9660()
                0x00000000c0021918                ISO9660::~ISO9660()
                0x00000000c002193c                ISO9660::~ISO9660()
                0x00000000c0021963                __memmem(unsigned char*, int, unsigned char*, int)
                0x00000000c00219a5                readSectorFromCDROM(unsigned int, unsigned char*, char)
                0x00000000c0021a00                ISO9660::tryMount(LogicalDisk*, int)
                0x00000000c0021a50                ISO9660::read(void*, unsigned long, void*, int*)
                0x00000000c0021c54                ISO9660::readDir(void*, unsigned long, void*, int*)
                0x00000000c0021ece                readRoot(unsigned int*, unsigned int*, char)
                0x00000000c0021f22                readRecursively(char*, unsigned int, unsigned int, unsigned int*, unsigned int*, char, int*)
                0x00000000c00220f5                getFileData(char*, unsigned int*, unsigned int*, char, int*)
                0x00000000c0022184                ISO9660::open(char const*, void**, FileOpenMode)
                0x00000000c0022244                ISO9660::exists(char const*)
                0x00000000c0022268                ISO9660::stat(char const*, unsigned long long*, bool*)
                0x00000000c00222fc                ISO9660::openDir(char const*, void**)
                0x00000000c00223b4                ISO9660::ISO9660()
                0x00000000c00223b4                ISO9660::ISO9660()
 *fill*         0x00000000c00223d7        0x1 
 .text          0x00000000c00223d8      0x3a6 hal/sound/sndchannel.32
                0x00000000c00223d8                SoundChannel::SoundChannel(int, int, int, int)
                0x00000000c00223d8                SoundChannel::SoundChannel(int, int, int, int)
                0x00000000c0022512                SoundChannel::~SoundChannel()
                0x00000000c0022512                SoundChannel::~SoundChannel()
                0x00000000c002252e                SoundChannel::getSampleRate()
                0x00000000c0022536                SoundChannel::getBits()
                0x00000000c002253e                SoundChannel::getBufferUsed()
                0x00000000c0022546                SoundChannel::getBufferSize()
                0x00000000c002254e                SoundChannel::unbuffer(float*, int, int)
                0x00000000c00225e2                SoundChannel::buffer16(short*, int)
                0x00000000c00226de                SoundChannel::buffer8(unsigned char*, int)
 .text          0x00000000c002277e      0x504 hal/sound/sndhw.32
                0x00000000c002277e                SoundDevice::SoundDevice(char const*)
                0x00000000c002277e                SoundDevice::SoundDevice(char const*)
                0x00000000c00227ea                SoundDevice::~SoundDevice()
                0x00000000c00227ea                SoundDevice::~SoundDevice()
                0x00000000c0022864                SoundDevice::~SoundDevice()
                0x00000000c002288e                SoundDevice::getFreeChannelNum()
                0x00000000c00228a8                SoundDevice::addChannel(SoundChannel*)
                0x00000000c0022918                SoundDevice::removeChannel(int)
                0x00000000c002294a                SoundDevice::floatTo16(float*, short*, int)
                0x00000000c0022a38                SoundDevice::floatTo8(float*, unsigned char*, int)
                0x00000000c0022b20                SoundDevice::getAudio(int, float*, float*)
 .text          0x00000000c0022c82        0x0 hw/bus/isa.32
 .text          0x00000000c0022c82      0xbbb hw/bus/pci.32
                0x00000000c0022c82                PCI::open(int, int, void*)
                0x00000000c0022ca0                PCI::close(int, int, void*)
                0x00000000c0022ca4                PCI::PCI()
                0x00000000c0022ca4                PCI::PCI()
                0x00000000c0022d3a                PCI::readBAR8(unsigned int, int)
                0x00000000c0022d56                PCI::readBAR16(unsigned int, int)
                0x00000000c0022d74                PCI::readBAR32(unsigned int, int)
                0x00000000c0022d90                PCI::writeBAR8(unsigned int, unsigned char, int)
                0x00000000c0022db0                PCI::writeBAR16(unsigned int, unsigned short, int)
                0x00000000c0022df4                PCI::writeBAR32(unsigned int, unsigned int, int)
                0x00000000c0022e14                PCI::legacyMechanism(unsigned char, unsigned char, unsigned char, unsigned char)
                0x00000000c0022e82                PCI::pciReadWord(unsigned char, unsigned char, unsigned char, unsigned char)
                0x00000000c0022f2a                PCI::getVendorID(unsigned char, unsigned char, unsigned char)
                0x00000000c0022f4e                PCI::getHeaderType(unsigned char, unsigned char, unsigned char)
                0x00000000c0022f76                PCI::getClassCode(unsigned char, unsigned char, unsigned char)
                0x00000000c0022fc0                PCI::getProgIF(unsigned char, unsigned char, unsigned char)
                0x00000000c0022fe8                PCI::getRevisionID(unsigned char, unsigned char, unsigned char)
                0x00000000c002300c                PCI::getInterruptNumber(unsigned char, unsigned char, unsigned char)
                0x00000000c0023030                PCI::getSecondaryBus(unsigned char, unsigned char, unsigned char)
                0x00000000c0023058                PCI::getBARAddress(unsigned char, unsigned char, unsigned char, unsigned char)
                0x00000000c00230bc                PCI::pciWriteWord(unsigned char, unsigned char, unsigned char, unsigned char, unsigned short)
                0x00000000c00231a4                PCI::pciDetailsToFilepath(PCIDeviceInfo, char*)
                0x00000000c0023430                PCI::checkBus(unsigned char)
                0x00000000c0023454                PCI::foundDevice(PCIDeviceInfo)
                0x00000000c00235c6                PCI::getDeviceData(unsigned char, unsigned char, unsigned char)
                0x00000000c002377e                PCI::checkDevice(unsigned char, unsigned char)
                0x00000000c00237ea                PCI::detect()
 *fill*         0x00000000c002383d        0x1 
 .text          0x00000000c002383e      0xc70 hw/diskctrl/ide.32
                0x00000000c002383e                IDE::close(int, int, void*)
                0x00000000c0023842                IDE::IDE()
                0x00000000c0023842                IDE::IDE()
                0x00000000c0023876                IDE::prepareInterrupt(unsigned char)
                0x00000000c0023888                selectDrive(unsigned char, unsigned char)
                0x00000000c002388a                IDE::getBase(unsigned char)
                0x00000000c002389c                IDE::write(unsigned char, unsigned char, unsigned char)
                0x00000000c002395c                IDE::read(unsigned char, unsigned char)
                0x00000000c0023a0a                IDE::waitInterrupt(unsigned char)
                0x00000000c0023a70                ideChannel0IRQHandler(regs*, void*)
                0x00000000c0023a8c                ideChannel1IRQHandler(regs*, void*)
                0x00000000c0023aa8                IDE::enableIRQs(unsigned char, bool)
                0x00000000c0023aee                IDE::open(int, int, void*)
                0x00000000c0023efe                IDE::readBuffer(unsigned char, unsigned char, unsigned int, unsigned int)
                0x00000000c0023fca                IDE::detect()
                0x00000000c00242b2                IDE::printError(unsigned char, unsigned char, unsigned char)
                0x00000000c0024448                IDE::polling(unsigned char, unsigned int)
 .text          0x00000000c00244ae      0x390 hw/diskctrl/satabus.32
                0x00000000c00244ae                SATABus::close(int, int, void*)
                0x00000000c00244b2                SATABus::detect()
                0x00000000c00244b4                SATABus::SATABus()
                0x00000000c00244b4                SATABus::SATABus()
                0x00000000c0024560                SATABus::findCmdslot(SATABus::tagHBA_PORT volatile*)
                0x00000000c00245a8                SATABus::checkType(SATABus::tagHBA_PORT volatile*)
                0x00000000c00245f0                SATABus::startCmd(SATABus::tagHBA_PORT volatile*)
                0x00000000c0024610                SATABus::stopCmd(SATABus::tagHBA_PORT volatile*)
                0x00000000c002463a                SATABus::portRebase(SATABus::tagHBA_PORT volatile*, int)
                0x00000000c0024740                SATABus::probePort(SATABus::tagHBA_MEM volatile*)
                0x00000000c002481e                SATABus::open(int, int, void*)
 .text          0x00000000c002483e      0x604 hw/diskphys/ata.32
                0x00000000c002483e                ATA::close(int, int, void*)
                0x00000000c0024862                ATA::powerSaving(PowerSavingLevel)
                0x00000000c0024864                ATA::ATA()
                0x00000000c0024864                ATA::ATA()
                0x00000000c0024892                ATA::flush(bool)
                0x00000000c00248dc                ATA::readyForCommand()
                0x00000000c002492c                ATA::access(unsigned long long, int, void*, bool)
                0x00000000c0024cb4                ATA::read(unsigned long long, int, void*)
                0x00000000c0024d00                ATA::write(unsigned long long, int, void*)
                0x00000000c0024d4c                ATA::detectCHS()
                0x00000000c0024d76                ATA::open(int, int, void*)
 .text          0x00000000c0024e42      0x5bd hw/diskphys/atapi.32
                0x00000000c0024e42                ATAPI::write(unsigned long long, int, void*)
                0x00000000c0024e48                ATAPI::close(int, int, void*)
                0x00000000c0024e6c                ATAPI::ATAPI()
                0x00000000c0024e6c                ATAPI::ATAPI()
                0x00000000c0024e9a                ATAPI::readyForCommand()
                0x00000000c0024eea                ATAPI::sendPacket(unsigned char*, int, bool, unsigned short*, int)
                0x00000000c00251aa                ATAPI::diskRemoved()
                0x00000000c00251c6                ATAPI::eject()
                0x00000000c002520e                ATAPI::diskInserted()
                0x00000000c002523c                ATAPI::detectMedia()
                0x00000000c00252f8                ATAPI::open(int, int, void*)
                0x00000000c0025380                ATAPI::read(unsigned long long, int, void*)
 *fill*         0x00000000c00253ff        0x1 
 .text          0x00000000c0025400      0x41c hw/diskphys/sata.32
                0x00000000c0025400                SATA::close(int, int, void*)
                0x00000000c0025424                SATA::powerSaving(PowerSavingLevel)
                0x00000000c0025426                SATA::open(int, int, void*)
                0x00000000c00254d0                SATA::SATA()
                0x00000000c00254d0                SATA::SATA()
                0x00000000c00254fe                SATA::access(unsigned long long, int, void*, bool)
                0x00000000c0025764                SATA::read(unsigned long long, int, void*)
                0x00000000c00257b0                SATA::write(unsigned long long, int, void*)
 .text          0x00000000c002581c      0x4fe hw/diskphys/satapi.32
                0x00000000c002581c                SATAPI::write(unsigned long long, int, void*)
                0x00000000c0025822                SATAPI::close(int, int, void*)
                0x00000000c0025846                SATAPI::SATAPI()
                0x00000000c0025846                SATAPI::SATAPI()
                0x00000000c0025874                SATAPI::diskRemoved()
                0x00000000c0025890                SATAPI::diskInserted()
                0x00000000c00258be                SATAPI::sendPacket(unsigned char*, int, unsigned long long, unsigned short*, int)
                0x00000000c0025ac6                SATAPI::eject()
                0x00000000c0025b0e                SATAPI::detectMedia()
                0x00000000c0025bd0                SATAPI::open(int, int, void*)
                0x00000000c0025c78                SATAPI::read(unsigned long long, int, void*)
 .text          0x00000000c0025d1a       0x8e hw/fpu/avx.32
                0x00000000c0025d1a                AVX::open(int, int, void*)
                0x00000000c0025d2c                AVX::close(int, int, void*)
                0x00000000c0025d3e                AVX::available()
                0x00000000c0025d50                AVX::save(void*)
                0x00000000c0025d68                AVX::load(void*)
                0x00000000c0025d80                AVX::AVX()
                0x00000000c0025d80                AVX::AVX()
 .text          0x00000000c0025da8       0x90 hw/fpu/mmx.32
                0x00000000c0025da8                MMX::available()
                0x00000000c0025dbc                MMX::open(int, int, void*)
                0x00000000c0025dce                MMX::close(int, int, void*)
                0x00000000c0025de0                MMX::save(void*)
                0x00000000c0025df8                MMX::load(void*)
                0x00000000c0025e10                MMX::MMX()
                0x00000000c0025e10                MMX::MMX()
 .text          0x00000000c0025e38       0x96 hw/fpu/sse.32
                0x00000000c0025e38                SSE::open(int, int, void*)
                0x00000000c0025e4a                SSE::close(int, int, void*)
                0x00000000c0025e5c                SSE::available()
                0x00000000c0025e76                SSE::save(void*)
                0x00000000c0025e8e                SSE::load(void*)
                0x00000000c0025ea6                SSE::SSE()
                0x00000000c0025ea6                SSE::SSE()
 .text          0x00000000c0025ece       0x8e hw/fpu/x87.32
                0x00000000c0025ece                x87::open(int, int, void*)
                0x00000000c0025ee0                x87::close(int, int, void*)
                0x00000000c0025ef2                x87::available()
                0x00000000c0025f04                x87::save(void*)
                0x00000000c0025f1c                x87::load(void*)
                0x00000000c0025f34                x87::x87()
                0x00000000c0025f34                x87::x87()
 .text          0x00000000c0025f5c      0x71e hw/intctrl/apic.32
                0x00000000c0025f5c                APIC::disable()
                0x00000000c0025f5e                APIC::close(int, int, void*)
                0x00000000c0025f80                IOAPIC::close(int, int, void*)
                0x00000000c0025f86                APIC::io_wait()
                0x00000000c0025f8c                APIC::getBase()
                0x00000000c0025fce                APIC::eoi(unsigned char)
                0x00000000c0025ffc                APIC::open(int, int, void*)
                0x00000000c002614a                IOAPIC::IOAPIC()
                0x00000000c002614a                IOAPIC::IOAPIC()
                0x00000000c0026172                APIC::APIC()
                0x00000000c0026172                APIC::APIC()
                0x00000000c002624e                IOAPIC::handlesGSIWithNumber(unsigned int)
                0x00000000c0026280                IOAPIC::read(int)
                0x00000000c00262a8                IOAPIC::open(int, int, void*)
                0x00000000c002639e                IOAPIC::write(int, int)
                0x00000000c00263ca                IOAPIC::redirect(unsigned char, unsigned long long, unsigned char, bool, bool)
                0x00000000c00264c4                APIC::installIRQHandler(int, void (*)(regs*, void*), bool, void*)
 .text          0x00000000c002667a      0x3d3 hw/intctrl/pic.32
                0x00000000c002667a                PIC::disable()
                0x00000000c00266a8                PIC::close(int, int, void*)
                0x00000000c00266ca                PIC::PIC()
                0x00000000c00266ca                PIC::PIC()
                0x00000000c00267a0                PIC::ioWait()
                0x00000000c00267a6                PIC::getIRQReg(int)
                0x00000000c0026810                PIC::eoi(unsigned char)
                0x00000000c00268a2                PIC::remap()
                0x00000000c0026a0e                PIC::open(int, int, void*)
 *fill*         0x00000000c0026a4d        0x1 
 .text          0x00000000c0026a4e      0x25e hw/timer/apictimer.32
                0x00000000c0026a4e                APICTimer::close(int, int, void*)
                0x00000000c0026a54                apicTimerHandler(regs*, void*)
                0x00000000c0026a82                APICTimer::write(int)
                0x00000000c0026b86                APICTimer::open(int, int, void*)
                0x00000000c0026c84                APICTimer::APICTimer()
                0x00000000c0026c84                APICTimer::APICTimer()
 .text          0x00000000c0026cac      0x1a7 hw/timer/pit.32
                0x00000000c0026cac                PIT::write(int)
                0x00000000c0026d2a                pitHandler(regs*, void*)
                0x00000000c0026d56                PIT::open(int, int, void*)
                0x00000000c0026da4                PIT::close(int, int, void*)
                0x00000000c0026dd4                PIT::PIT()
                0x00000000c0026dd4                PIT::PIT()
 *fill*         0x00000000c0026e53        0xd 
 .text          0x00000000c0026e60       0x1e hw/fpu/x86/avx.32
                0x00000000c0026e60                avxDetect
                0x00000000c0026e66                avxSave
                0x00000000c0026e67                avxLoad
                0x00000000c0026e68                avxInit
                0x00000000c0026e69                avxClose
                0x00000000c0026e6a                wouldSheSayYes
 *fill*         0x00000000c0026e7e        0x2 
 .text          0x00000000c0026e80       0x35 hw/fpu/x86/sse.32
                0x00000000c0026e80                absolutelyNoChanceInHell
                0x00000000c0026e80                sseDetect
                0x00000000c0026e98                sseSave
                0x00000000c0026e9e                sseLoad
                0x00000000c0026ea4                sseInit
                0x00000000c0026eb4                sseClose
 *fill*         0x00000000c0026eb5        0xb 
 .text          0x00000000c0026ec0       0x4d hw/fpu/x86/x87.32
                0x00000000c0026ec6                x87Detect
                0x00000000c0026ee1                x87Save
                0x00000000c0026eea                x87Load
                0x00000000c0026ef2                x87Init
                0x00000000c0026f0c                x87Close
 *fill*         0x00000000c0026f0d        0x3 
 .text          0x00000000c0026f10       0x25 /cygdrive/d/Users/Alex/Desktop/Toolchain/Output/bin/../lib/gcc/i386-banana/8.1.0/crtend.o
 .text          0x00000000c0026f35        0x0 crtn.32
 *fill*         0x00000000c0026f35        0x3 
 .text          0x00000000c0026f38      0x14b /cygdrive/d/Users/Alex/Desktop/Toolchain/Output/bin/../lib/gcc/i386-banana/8.1.0/libkgcc.a(_divdi3.o)
                0x00000000c0026f38                __divdi3
 *fill*         0x00000000c0027083        0x1 
 .text          0x00000000c0027084      0x17e /cygdrive/d/Users/Alex/Desktop/Toolchain/Output/bin/../lib/gcc/i386-banana/8.1.0/libkgcc.a(_moddi3.o)
                0x00000000c0027084                __moddi3
 *fill*         0x00000000c0027202        0x2 
 .text          0x00000000c0027204       0xff /cygdrive/d/Users/Alex/Desktop/Toolchain/Output/bin/../lib/gcc/i386-banana/8.1.0/libkgcc.a(_udivdi3.o)
                0x00000000c0027204                __udivdi3
 *fill*         0x00000000c0027303        0x1 
 .text          0x00000000c0027304      0x11a /cygdrive/d/Users/Alex/Desktop/Toolchain/Output/bin/../lib/gcc/i386-banana/8.1.0/libkgcc.a(_umoddi3.o)
                0x00000000c0027304                __umoddi3
 .text          0x00000000c002741e      0x96d D:/Users/Alex/Desktop/Banana/kernel/libsoftfp.a(sfieeelib.o)
                0x00000000c002741e                __addsf3
                0x00000000c0027720                __subsf3
                0x00000000c0027734                __negsf2
                0x00000000c0027741                __mulsf3
                0x00000000c0027904                __divsf3
                0x00000000c0027b2f                __floatsisf
                0x00000000c0027ba3                __floatunsisf
                0x00000000c0027be5                __fixsfsi
                0x00000000c0027c47                __fixunssfsi
                0x00000000c0027c78                __cmpsf2
                0x00000000c0027d0d                __eqsf2
                0x00000000c0027d48                __nesf2