Archive member included to satisfy reference by file (symbol)

/cygdrive/d/Users/Alex/Desktop/Toolchain/Output/bin/../lib/gcc/i386-banana/8.1.0/libgcc.a(_divdi3.o)
                              fs/fat/ff.32 (__divdi3)
/cygdrive/d/Users/Alex/Desktop/Toolchain/Output/bin/../lib/gcc/i386-banana/8.1.0/libgcc.a(_moddi3.o)
                              core/elf.32 (__moddi3)
/cygdrive/d/Users/Alex/Desktop/Toolchain/Output/bin/../lib/gcc/i386-banana/8.1.0/libgcc.a(_divmoddi4.o)
                              acpica/osl.32 (__divmoddi4)
/cygdrive/d/Users/Alex/Desktop/Toolchain/Output/bin/../lib/gcc/i386-banana/8.1.0/libgcc.a(_udivdi3.o)
                              acpica/utmath.32 (__udivdi3)
/cygdrive/d/Users/Alex/Desktop/Toolchain/Output/bin/../lib/gcc/i386-banana/8.1.0/libgcc.a(_umoddi3.o)
                              acpica/utmath.32 (__umoddi3)
D:/Users/Alex/Desktop/Banana/kernel/libk/libm32.a(s_fabs.c.o)
                              hal/libresample/samplerate.32 (fabs)
D:/Users/Alex/Desktop/Banana/kernel/libk/libm32.a(s_lrint.S.o)
                              hal/libresample/samplerate.32 (lrint)
D:/Users/Alex/Desktop/Banana/kernel/libk/libm32.a(s_lrintf.S.o)
                              hal/sound/sndhw.32 (lrintf)

Allocating common symbols
Common symbol       size              file

AcpiGbl_StateCache  0x4               acpica/utglobal.32
AcpiGbl_OwnerIdMask
                    0x200             acpica/utglobal.32
AcpiGbl_StepToNextCall
                    0x1               acpica/utglobal.32
AcpiGbl_RootTableList
                    0x10              acpica/utglobal.32
AcpiGbl_FadtGpeDevice
                    0x4               acpica/utglobal.32
AcpiGbl_GpeXruptListHead
                    0x4               acpica/utglobal.32
AcpiGbl_GlobalLockHandle
                    0x2               acpica/utglobal.32
AcpiGbl_RootNodeStruct
                    0x1c              acpica/utglobal.32
AcpiGbl_FACS        0x4               acpica/utglobal.32
AcpiGbl_AllGpesInitialized
                    0x1               acpica/utglobal.32
AcpiGbl_GlobalLockMutex
                    0x4               acpica/utglobal.32
AcpiGbl_IntegerByteWidth
                    0x1               acpica/utglobal.32
AcpiGbl_Pm1EnableRegisterSave
                    0x2               acpica/utglobal.32
AcpiGbl_NsLookupCount
                    0x4               acpica/utglobal.32
AcpiCurrentGpeCount
                    0x4               acpica/utglobal.32
AcpiGbl_IntegerBitWidth
                    0x1               acpica/utglobal.32
AcpiGbl_NamespaceCache
                    0x4               acpica/utglobal.32
AcpiGbl_TableHandler
                    0x4               acpica/utglobal.32
AcpiGbl_HardwareLock
                    0x4               acpica/utglobal.32
AcpiGbl_FixedEventHandlers
                    0x28              acpica/utglobal.32
AcpiSciCount        0x4               acpica/utglobal.32
AcpiGbl_DSDT        0x4               acpica/utglobal.32
AcpiGbl_GlobalNotify
                    0x10              acpica/utglobal.32
AcpiGbl_GlobalLockSemaphore
                    0x4               acpica/utglobal.32
AcpiGbl_SystemAwakeAndRunning
                    0x1               acpica/utglobal.32
AcpiGbl_InterfaceHandler
                    0x4               acpica/utglobal.32
AcpiGbl_EventsInitialized
                    0x1               acpica/utglobal.32
AcpiGbl_SupportedInterfaces
                    0x4               acpica/utglobal.32
AcpiGbl_GpeLock     0x4               acpica/utglobal.32
AcpiGbl_SleepTypeB  0x1               acpica/utglobal.32
AcpiGbl_InitHandler
                    0x4               acpica/utglobal.32
AcpiGbl_GlobalLockAcquired
                    0x1               acpica/utglobal.32
AcpiGbl_XPm1bEnable
                    0xc               acpica/utglobal.32
AcpiGbl_OriginalDsdtHeader
                    0x24              acpica/utglobal.32
AcpiGbl_ReferenceCountLock
                    0x4               acpica/utglobal.32
AcpiGpeCount        0x4               acpica/utglobal.32
AcpiGbl_TableHandlerContext
                    0x4               acpica/utglobal.32
AcpiGbl_XPm1aStatus
                    0xc               acpica/utglobal.32
AcpiGbl_OriginalMode
                    0x4               acpica/utglobal.32
AcpiGbl_CmSingleStep
                    0x1               acpica/utglobal.32
AcpiGbl_GlobalEventHandlerContext
                    0x4               acpica/utglobal.32
AcpiGbl_PsFindCount
                    0x4               acpica/utglobal.32
AcpiFixedEventCount
                    0x14              acpica/utglobal.32
AcpiGbl_AcpiHardwarePresent
                    0x1               acpica/utglobal.32
AcpiGbl_MutexInfo   0x60              acpica/utglobal.32
AcpiGbl_RootNode    0x4               acpica/utglobal.32
AcpiGbl_AddressRangeList
                    0x8               acpica/utglobal.32
AcpiGbl_FADT        0x114             acpica/utglobal.32
AcpiGbl_IntegerNybbleWidth
[...]
Memory Configuration

Name             Origin             Length             Attributes
*default*        0x0000000000000000 0xffffffffffffffff

Linker script and memory map

LOAD D:/Users/Alex/Desktop/Banana/kernel/boot.32
LOAD crti.32
LOAD /cygdrive/d/Users/Alex/Desktop/Toolchain/Output/bin/../lib/gcc/i386-banana/8.1.0/crtbegin.o
LOAD D:/Users/Alex/Desktop/Banana/kernel/morenasm.32
LOAD acpica/dsargs.32
LOAD acpica/dscontrol.32
LOAD acpica/dsdebug.32
LOAD acpica/dsfield.32
LOAD acpica/dsinit.32
LOAD acpica/dsmethod.32
LOAD acpica/dsmthdat.32
LOAD acpica/dsobject.32
LOAD acpica/dsopcode.32
LOAD acpica/dspkginit.32
LOAD acpica/dsutils.32
LOAD acpica/dswexec.32
LOAD acpica/dswload.32
LOAD acpica/dswload2.32
LOAD acpica/dswscope.32
LOAD acpica/dswstate.32
LOAD acpica/evevent.32
LOAD acpica/evglock.32
LOAD acpica/evgpe.32
LOAD acpica/evgpeblk.32
LOAD acpica/evgpeinit.32
LOAD acpica/evgpeutil.32
LOAD acpica/evhandler.32
LOAD acpica/evmisc.32
LOAD acpica/evregion.32
LOAD acpica/evrgnini.32
LOAD acpica/evsci.32
LOAD acpica/evxface.32
LOAD acpica/evxfevnt.32
LOAD acpica/evxfgpe.32
LOAD acpica/evxfregn.32
LOAD acpica/exconcat.32
LOAD acpica/exconfig.32
LOAD acpica/exconvrt.32
LOAD acpica/excreate.32
LOAD acpica/exdebug.32
LOAD acpica/exdump.32
LOAD acpica/exfield.32
LOAD acpica/exfldio.32
LOAD acpica/exmisc.32
LOAD acpica/exmutex.32
LOAD acpica/exnames.32
LOAD acpica/exoparg1.32
LOAD acpica/exoparg2.32
LOAD acpica/exoparg3.32
LOAD acpica/exoparg6.32
LOAD acpica/exprep.32
LOAD acpica/exregion.32
LOAD acpica/exresnte.32
LOAD acpica/exresolv.32
LOAD acpica/exresop.32
LOAD acpica/exserial.32
LOAD acpica/exstore.32
LOAD acpica/exstoren.32
LOAD acpica/exstorob.32
LOAD acpica/exsystem.32
LOAD acpica/extrace.32
LOAD acpica/exutils.32
LOAD acpica/hwacpi.32
LOAD acpica/hwesleep.32
LOAD acpica/hwgpe.32
LOAD acpica/hwpci.32
LOAD acpica/hwregs.32
LOAD acpica/hwsleep.32
LOAD acpica/hwtimer.32
LOAD acpica/hwvalid.32
LOAD acpica/hwxface.32
LOAD acpica/hwxfsleep.32
LOAD acpica/nsaccess.32
LOAD acpica/nsalloc.32
LOAD acpica/nsarguments.32
LOAD acpica/nsconvert.32
LOAD acpica/nsdump.32
LOAD acpica/nsdumpdv.32
LOAD acpica/nseval.32
LOAD acpica/nsinit.32
LOAD acpica/nsload.32
LOAD acpica/nsnames.32
LOAD acpica/nsobject.32
LOAD acpica/nsparse.32
LOAD acpica/nspredef.32
LOAD acpica/nsprepkg.32
LOAD acpica/nsrepair.32
LOAD acpica/nsrepair2.32
LOAD acpica/nssearch.32
LOAD acpica/nsutils.32
LOAD acpica/nswalk.32
LOAD acpica/nsxfeval.32
LOAD acpica/nsxfname.32
LOAD acpica/nsxfobj.32
LOAD acpica/psargs.32
LOAD acpica/psloop.32
LOAD acpica/psobject.32
LOAD acpica/psopcode.32
LOAD acpica/psopinfo.32
LOAD acpica/psparse.32
LOAD acpica/psscope.32
LOAD acpica/pstree.32
LOAD acpica/psutils.32
LOAD acpica/pswalk.32
LOAD acpica/psxface.32
LOAD acpica/rsaddr.32
LOAD acpica/rscalc.32
LOAD acpica/rscreate.32
LOAD acpica/rsdump.32
LOAD acpica/rsdumpinfo.32
LOAD acpica/rsinfo.32
LOAD acpica/rsio.32
LOAD acpica/rsirq.32
LOAD acpica/rslist.32
LOAD acpica/rsmemory.32
LOAD acpica/rsmisc.32
LOAD acpica/rsserial.32
LOAD acpica/rsutils.32
LOAD acpica/rsxface.32
LOAD acpica/tbdata.32
LOAD acpica/tbfadt.32
LOAD acpica/tbfind.32
LOAD acpica/tbinstal.32
LOAD acpica/tbprint.32
LOAD acpica/tbutils.32
LOAD acpica/tbxface.32
LOAD acpica/tbxfload.32
LOAD acpica/tbxfroot.32
LOAD acpica/utaddress.32
LOAD acpica/utalloc.32
LOAD acpica/utascii.32
LOAD acpica/utbuffer.32
LOAD acpica/utcache.32
LOAD acpica/utclib.32
LOAD acpica/utcopy.32
LOAD acpica/utdebug.32
LOAD acpica/utdecode.32
LOAD acpica/utdelete.32
LOAD acpica/uterror.32
LOAD acpica/uteval.32
LOAD acpica/utexcep.32
LOAD acpica/utglobal.32
LOAD acpica/uthex.32
LOAD acpica/utids.32
LOAD acpica/utinit.32
LOAD acpica/utlock.32
LOAD acpica/utmath.32
LOAD acpica/utmisc.32
LOAD acpica/utmutex.32
LOAD acpica/utnonansi.32
LOAD acpica/utobject.32
LOAD acpica/utosi.32
LOAD acpica/utownerid.32
LOAD acpica/utpredef.32
LOAD acpica/utprint.32
LOAD acpica/utresdecode.32
LOAD acpica/utresrc.32
LOAD acpica/utstate.32
LOAD acpica/utstring.32
LOAD acpica/utstrsuppt.32
LOAD acpica/utstrtoul64.32
LOAD acpica/uttrack.32
LOAD acpica/utuuid.32
LOAD acpica/utxface.32
LOAD acpica/utxferror.32
LOAD acpica/utxfinit.32
LOAD acpica/utxfmutex.32
LOAD core/malloc.32
LOAD libk/string.32
LOAD fs/fat/diskio.32
LOAD fs/fat/ff.32
LOAD fs/fat/ffsystem.32
LOAD fs/fat/ffunicode.32
LOAD hal/libresample/samplerate.32
LOAD hal/libresample/src_linear.32
LOAD hal/libresample/src_sinc.32
LOAD hal/libresample/src_zoh.32
LOAD acpica/osl.32
LOAD core/computer.32
LOAD core/elf.32
LOAD core/gdt.32
LOAD core/idle.32
LOAD core/idt.32
LOAD core/kconsole.32
LOAD core/kheap.32
LOAD core/main.32
LOAD core/physmgr.32
LOAD core/pipe.32
LOAD core/prcssthr.32
LOAD core/syscalls.32
LOAD core/terminal.32
LOAD core/tss.32
LOAD core/unixfile.32
LOAD core/virtmgr.32
LOAD coreobjs/c++.32
LOAD debugger/debug.32
LOAD fs/vfs.32
LOAD hal/bus.32
LOAD hal/buzzer.32
LOAD hal/clock.32
LOAD hal/device.32
LOAD hal/diskctrl.32
LOAD hal/diskphys.32
LOAD hal/fpu.32
LOAD hal/intctrl.32
LOAD hal/keybrd.32
LOAD hal/logidisk.32
LOAD hal/partition.32
LOAD hal/timer.32
LOAD hal/vcache.32
LOAD hw/acpi.32
LOAD hw/cpu.32
LOAD hw/ports.32
LOAD registry/registry.32
LOAD syscalls/sc_exit.32
LOAD syscalls/sc_sbrk.32
LOAD syscalls/sc_yield.32
LOAD vm86/vm8086.32
LOAD fs/fat/vfslink.32
LOAD fs/iso9660/vfslink.32
LOAD hal/sound/sndchannel.32
LOAD hal/sound/sndhw.32
LOAD hw/audio/sb16.32
LOAD hw/bus/isa.32
LOAD hw/bus/pci.32
LOAD hw/bus/ps2.32
LOAD hw/bus/ps2port.32
LOAD hw/buzzer/pcspk.32
LOAD hw/clock/rtc.32
LOAD hw/diskctrl/ide.32
LOAD hw/diskphys/ata.32
LOAD hw/diskphys/atapi.32
LOAD hw/dma/isadma.32
LOAD hw/fpu/avx.32
LOAD hw/fpu/mmx.32
LOAD hw/fpu/sse.32
LOAD hw/fpu/x87.32
LOAD hw/intctrl/apic.32
LOAD hw/intctrl/pic.32
LOAD hw/keybrd/ps2key.32
LOAD hw/timer/apictimer.32
LOAD hw/timer/pit.32
LOAD hw/fpu/x86/avx.32
LOAD hw/fpu/x86/sse.32
LOAD hw/fpu/x86/x87.32
LOAD /cygdrive/d/Users/Alex/Desktop/Toolchain/Output/bin/../lib/gcc/i386-banana/8.1.0/crtend.o
LOAD crtn.32
LOAD /cygdrive/d/Users/Alex/Desktop/Toolchain/Output/bin/../lib/gcc/i386-banana/8.1.0/libgcc.a
LOAD D:/Users/Alex/Desktop/Banana/kernel/libk/libm32.a
                0x00000000c0000000                . = 0xc0000000

.text           0x00000000c0000000    0x4e328
 *(.text)
 .text          0x00000000c0000000       0x3b D:/Users/Alex/Desktop/Banana/kernel/boot.32
                0x00000000c0000020                callGlobalConstructors
 .text          0x00000000c000003b        0x0 crti.32
 *fill*         0x00000000c000003b        0x1 
 .text          0x00000000c000003c      0x101 /cygdrive/d/Users/Alex/Desktop/Toolchain/Output/bin/../lib/gcc/i386-banana/8.1.0/crtbegin.o
 *fill*         0x00000000c000013d        0x3 
 .text          0x00000000c0000140      0x44b D:/Users/Alex/Desktop/Banana/kernel/morenasm.32
                0x00000000c0000140                doTPAUSE
                0x00000000c000014a                hasLegacyFPU
                0x00000000c000016f                is486
                0x00000000c00001d2                goToVM86
                0x00000000c0000203                goToUsermode
                0x00000000c000022e                switchToThreadASMFirstTime
                0x00000000c000023c                switchToThreadASM
                0x00000000c00002dc                detectCPUID
                0x00000000c00002f2                asmQuickAcquireLock
                0x00000000c0000310                asmQuickReleaseLock
                0x00000000c000031c                asmAcquireLock
                0x00000000c000033d                asmReleaseLock
                0x00000000c0000350                loadGDT
                0x00000000c0000370                isr0
                0x00000000c0000380                isr1
                0x00000000c000038a                isr2
                0x00000000c0000394                isr3
                0x00000000c000039e                isr4
                0x00000000c00003a8                isr5
                0x00000000c00003b2                isr6
                0x00000000c00003bc                isr7
                0x00000000c00003c6                isr8
                0x00000000c00003ce                isr9
                0x00000000c00003d8                isr10
                0x00000000c00003e0                isr11
                0x00000000c00003e8                isr12
                0x00000000c00003f0                isr13
                0x00000000c00003f8                isr14
                0x00000000c0000400                isr15
                0x00000000c000040a                isr16
                0x00000000c0000414                isr17
                0x00000000c000041e                isr18
                0x00000000c0000428                isr96
                0x00000000c0000432                irq0
                0x00000000c000043c                irq1
                0x00000000c0000446                irq2
                0x00000000c0000450                irq3
                0x00000000c000045a                irq4
                0x00000000c0000464                irq5
                0x00000000c000046e                irq6
                0x00000000c0000478                irq7
                0x00000000c0000482                irq8
                0x00000000c000048c                irq9
                0x00000000c0000496                irq10
                0x00000000c00004a0                irq11
                0x00000000c00004aa                irq12
                0x00000000c00004b4                irq13
                0x00000000c00004be                irq14
                0x00000000c00004c8                irq15
                0x00000000c00004d2                irq16
                0x00000000c00004dc                irq17
                0x00000000c00004e6                irq18
                0x00000000c00004f0                irq19
                0x00000000c00004fa                irq20
                0x00000000c0000504                irq21
                0x00000000c000050e                irq22
                0x00000000c0000518                irq23
                0x00000000c0000522                int_common_stub
                0x00000000c0000552                syscall_common_stub
 .text          0x00000000c000058b      0x3da acpica/dsargs.32
                0x00000000c000071a                AcpiDsGetBufferFieldArguments
                0x00000000c0000779                AcpiDsGetBankFieldArguments
                0x00000000c00007d8                AcpiDsGetBufferArguments
                0x00000000c0000849                AcpiDsGetPackageArguments
                0x00000000c00008ba                AcpiDsGetRegionArguments
 .text          0x00000000c0000965      0x47a acpica/dscontrol.32
                0x00000000c0000967                AcpiDsExecBeginControlOp
                0x00000000c0000a97                AcpiDsExecEndControlOp
 .text          0x00000000c0000ddf        0x2 acpica/dsdebug.32
                0x00000000c0000ddf                AcpiDsDumpMethodStack
 .text          0x00000000c0000de1      0x9f6 acpica/dsfield.32
                0x00000000c0000de1                AcpiDsCreateBufferField
                0x00000000c00012d7                AcpiDsCreateField
                0x00000000c00013e1                AcpiDsInitFieldObjects
                0x00000000c0001582                AcpiDsCreateBankField
                0x00000000c00016b6                AcpiDsCreateIndexField
 .text          0x00000000c00017d7      0x22d acpica/dsinit.32
                0x00000000c0001952                AcpiDsInitializeObjects
 .text          0x00000000c0001a04      0x9d7 acpica/dsmethod.32
                0x00000000c0001a53                AcpiDsAutoSerializeMethod
                0x00000000c0001b5c                AcpiDsMethodError
                0x00000000c0001cb8                AcpiDsBeginMethodExecution
                0x00000000c0001f5b                AcpiDsRestartControlMethod
                0x00000000c0001ffa                AcpiDsTerminateControlMethod
                0x00000000c00021de                AcpiDsCallControlMethod
 .text          0x00000000c00023db      0x743 acpica/dsmthdat.32
                0x00000000c00023db                AcpiDsMethodDataInit
                0x00000000c00025c4                AcpiDsMethodDataDeleteAll
                0x00000000c0002691                AcpiDsMethodDataGetNode
                0x00000000c00027cc                AcpiDsMethodDataInitArgs
                0x00000000c0002843                AcpiDsMethodDataGetValue
                0x00000000c00029d2                AcpiDsStoreObjectToLocal
 .text          0x00000000c0002b1e      0x736 acpica/dsobject.32
                0x00000000c0002b1e                AcpiDsBuildInternalBufferObj
                0x00000000c0002c87                AcpiDsInitObjectFromOp
                0x00000000c000301c                AcpiDsBuildInternalObject
                0x00000000c00031be                AcpiDsCreateNode
 .text          0x00000000c0003254      0xa93 acpica/dsopcode.32
                0x00000000c0003254                AcpiDsInitializeRegion
                0x00000000c0003567                AcpiDsEvalBufferFieldOperands
                0x00000000c00036d8                AcpiDsEvalRegionOperands
                0x00000000c000387d                AcpiDsEvalTableRegionOperands
                0x00000000c0003a37                AcpiDsEvalDataObjectOperands
                0x00000000c0003beb                AcpiDsEvalBankFieldOperands
 .text          0x00000000c0003ce7      0x597 acpica/dspkginit.32
                0x00000000c0003eb9                AcpiDsInitPackageElement
                0x00000000c0003f25                AcpiDsBuildInternalPackageObj
 .text          0x00000000c000427e      0x956 acpica/dsutils.32
                0x00000000c0004280                AcpiDsClearImplicitReturn
                0x00000000c00042c3                AcpiDsDoImplicitReturn
                0x00000000c0004333                AcpiDsIsResultUsed
                0x00000000c00044c5                AcpiDsDeleteResultIfNotUsed
                0x00000000c000453d                AcpiDsResolveOperands
                0x00000000c0004599                AcpiDsClearOperands
                0x00000000c00045ed                AcpiDsCreateOperand
                0x00000000c0004958                AcpiDsCreateOperands
                0x00000000c0004a48                AcpiDsEvaluateNamePath
 .text          0x00000000c0004bd4      0xa84 acpica/dswexec.32
                0x00000000c0004bdc                AcpiDsGetPredicateValue
                0x00000000c0004df8                AcpiDsExecBeginOp
                0x00000000c0004ff5                AcpiDsExecEndOp
 .text          0x00000000c0005658      0x6f7 acpica/dswload.32
                0x00000000c0005658                AcpiDsLoad1BeginOp
                0x00000000c00059c1                AcpiDsLoad1EndOp
                0x00000000c0005c7f                AcpiDsInitCallbacks
 .text          0x00000000c0005d4f      0x901 acpica/dswload2.32
                0x00000000c0005d4f                AcpiDsLoad2BeginOp
                0x00000000c00061be                AcpiDsLoad2EndOp
 .text          0x00000000c0006650      0x161 acpica/dswscope.32
                0x00000000c0006650                AcpiDsScopeStackClear
                0x00000000c0006690                AcpiDsScopeStackPush
                0x00000000c0006757                AcpiDsScopeStackPop
 .text          0x00000000c00067b1      0x8f5 acpica/dswstate.32
                0x00000000c0006841                AcpiDsResultPush
                0x00000000c0006a14                AcpiDsResultPop
                0x00000000c0006b46                AcpiDsObjStackPush
                0x00000000c0006bc5                AcpiDsObjStackPop
                0x00000000c0006c47                AcpiDsObjStackPopAndDelete
                0x00000000c0006cc6                AcpiDsGetCurrentWalkState
                0x00000000c0006cde                AcpiDsPushWalkState
                0x00000000c0006cf8                AcpiDsPopWalkState
                0x00000000c0006d1d                AcpiDsCreateWalkState
                0x00000000c0006db2                AcpiDsInitAmlWalk
                0x00000000c0006f7e                AcpiDsDeleteWalkState
 .text          0x00000000c00070a6      0x307 acpica/evevent.32
                0x00000000c00070a6                AcpiEvInstallXruptHandlers
                0x00000000c00071a4                AcpiEvInitializeEvents
                0x00000000c00072c5                AcpiEvFixedEventDetect
 .text          0x00000000c00073ad      0x2d8 acpica/evglock.32
                0x00000000c000742e                AcpiEvInitGlobalLockHandler
                0x00000000c00074ba                AcpiEvRemoveGlobalLockHandler
                0x00000000c00074f2                AcpiEvAcquireGlobalLock
                0x00000000c0007600                AcpiEvReleaseGlobalLock
 .text          0x00000000c0007685      0x960 acpica/evgpe.32
                0x00000000c0007685                AcpiEvUpdateGpeEnableMask
                0x00000000c00076f3                AcpiEvEnableGpe
                0x00000000c0007711                AcpiEvMaskGpe
                0x00000000c00077e3                AcpiEvAddGpeReference
                0x00000000c0007876                AcpiEvRemoveGpeReference
                0x00000000c00078f1                AcpiEvLowGetGpeInfo
                0x00000000c0007952                AcpiEvGetGpeEventInfo
                0x00000000c00079da                AcpiEvFinishGpe
                0x00000000c0007b99                AcpiEvGpeDispatch
                0x00000000c0007d0b                AcpiEvDetectGpe
                0x00000000c0007e98                AcpiEvGpeDetect
 .text          0x00000000c0007fe5      0x726 acpica/evgpeblk.32
                0x00000000c00080af                AcpiEvDeleteGpeBlock
                0x00000000c000842b                AcpiEvCreateGpeBlock
                0x00000000c00085a0                AcpiEvInitializeGpeBlock
 .text          0x00000000c000870b      0x48d acpica/evgpeinit.32
                0x00000000c000870b                AcpiEvMatchGpeMethod
                0x00000000c00088a2                AcpiEvGpeInitialize
                0x00000000c0008aa4                AcpiEvUpdateGpes
 .text          0x00000000c0008b98      0x407 acpica/evgpeutil.32
                0x00000000c0008b98                AcpiEvWalkGpeList
                0x00000000c0008c37                AcpiEvGetGpeDevice
                0x00000000c0008c98                AcpiEvGetGpeXruptBlock
                0x00000000c0008dc7                AcpiEvDeleteGpeXrupt
                0x00000000c0008e91                AcpiEvDeleteGpeHandlers
 .text          0x00000000c0008f9f      0x4a5 acpica/evhandler.32
                0x00000000c0008f9f                AcpiEvHasDefaultHandler
                0x00000000c0008fff                AcpiEvFindRegionHandler
                0x00000000c0009135                AcpiEvInstallSpaceHandler
                0x00000000c00093ba                AcpiEvInstallRegionHandlers
 .text          0x00000000c0009444      0x32c acpica/evmisc.32
                0x00000000c00094eb                AcpiEvIsNotifyObject
                0x00000000c0009511                AcpiEvQueueNotifyRequest
                0x00000000c0009621                AcpiEvTerminate
 .text          0x00000000c0009770      0x9c7 acpica/evregion.32
                0x00000000c0009770                AcpiEvAddressSpaceDispatch
                0x00000000c0009a71                AcpiEvAttachRegion
                0x00000000c0009ac1                AcpiEvExecuteRegMethod
                0x00000000c0009ca8                AcpiEvDetachRegion
                0x00000000c000a042                AcpiEvExecuteRegMethods
                0x00000000c000a0ae                AcpiEvInitializeOpRegions
 .text          0x00000000c000a137      0x535 acpica/evrgnini.32
                0x00000000c000a137                AcpiEvSystemMemoryRegionSetup
                0x00000000c000a1e4                AcpiEvIoSpaceRegionSetup
                0x00000000c000a207                AcpiEvIsPciRootBridge
                0x00000000c000a2d2                AcpiEvPciConfigRegionSetup
                0x00000000c000a533                AcpiEvPciBarRegionSetup
                0x00000000c000a539                AcpiEvCmosRegionSetup
                0x00000000c000a53f                AcpiEvDefaultRegionSetup
                0x00000000c000a562                AcpiEvInitializeRegion
 .text          0x00000000c000a66c      0x1a4 acpica/evsci.32
                0x00000000c000a66c                AcpiEvSciDispatch
                0x00000000c000a728                AcpiEvGpeXruptHandler
                0x00000000c000a751                AcpiEvInstallSciHandler
                0x00000000c000a787                AcpiEvRemoveAllSciHandlers
 .text          0x00000000c000a810      0xcf1 acpica/evxface.32
                0x00000000c000a810                AcpiInstallNotifyHandler
                0x00000000c000aa6b                AcpiRemoveNotifyHandler
                0x00000000c000ac8f                AcpiInstallExceptionHandler
                0x00000000c000acdc                AcpiInstallSciHandler
                0x00000000c000adca                AcpiRemoveSciHandler
                0x00000000c000aeaf                AcpiInstallGlobalEventHandler
                0x00000000c000af11                AcpiInstallFixedEventHandler
                0x00000000c000afec                AcpiRemoveFixedEventHandler
                0x00000000c000b284                AcpiInstallGpeHandler
                0x00000000c000b2ae                AcpiInstallGpeRawHandler
                0x00000000c000b2d8                AcpiRemoveGpeHandler
                0x00000000c000b468                AcpiAcquireGlobalLock
                0x00000000c000b4c7                AcpiReleaseGlobalLock
 .text          0x00000000c000b501      0x38d acpica/evxfevnt.32
                0x00000000c000b501                AcpiEnable
                0x00000000c000b573                AcpiDisable
                0x00000000c000b5d4                AcpiEnableEvent
                0x00000000c000b6a2                AcpiDisableEvent
                0x00000000c000b76f                AcpiClearEvent
                0x00000000c000b7c4                AcpiGetEventStatus
 .text          0x00000000c000b88e      0xa22 acpica/evxfgpe.32
                0x00000000c000b88e                AcpiUpdateAllGpes
                0x00000000c000b919                AcpiEnableGpe
                0x00000000c000b999                AcpiDisableGpe
                0x00000000c000b9fe                AcpiSetGpe
                0x00000000c000baa9                AcpiMaskGpe
                0x00000000c000bb1b                AcpiMarkGpeForWake
                0x00000000c000bb87                AcpiSetupGpeForWake
                0x00000000c000bd0d                AcpiSetGpeWakeMask
                0x00000000c000be17                AcpiClearGpe
                0x00000000c000be85                AcpiGetGpeStatus
                0x00000000c000bef6                AcpiDispatchGpe
                0x00000000c000bf11                AcpiFinishGpe
                0x00000000c000bf78                AcpiDisableAllGpes
                0x00000000c000bfb3                AcpiEnableAllRuntimeGpes
                0x00000000c000bfee                AcpiEnableAllWakeupGpes
                0x00000000c000c029                AcpiInstallGpeBlock
                0x00000000c000c179                AcpiRemoveGpeBlock
                0x00000000c000c242                AcpiGetGpeDevice
 .text          0x00000000c000c2b0      0x1f7 acpica/evxfregn.32
                0x00000000c000c2b0                AcpiInstallAddressSpaceHandler
                0x00000000c000c356                AcpiRemoveAddressSpaceHandler
 .text          0x00000000c000c4a7      0x4fd acpica/exconcat.32
                0x00000000c000c544                AcpiExDoConcatenate
                0x00000000c000c8a2                AcpiExConcatTemplate
 .text          0x00000000c000c9a4      0x62b acpica/exconfig.32
                0x00000000c000ca67                AcpiExUnloadTable
                0x00000000c000cb1e                AcpiExLoadTableOp
                0x00000000c000cd3f                AcpiExLoadOp
 .text          0x00000000c000cfcf      0x74e acpica/exconvrt.32
                0x00000000c000cfcf                AcpiExConvertToInteger
                0x00000000c000d12e                AcpiExConvertToBuffer
                0x00000000c000d38c                AcpiExConvertToString
                0x00000000c000d5d6                AcpiExConvertToTargetType
 .text          0x00000000c000d71d      0x52a acpica/excreate.32
                0x00000000c000d71d                AcpiExCreateAlias
                0x00000000c000d79f                AcpiExCreateEvent
                0x00000000c000d822                AcpiExCreateMutex
                0x00000000c000d8cf                AcpiExCreateRegion
                0x00000000c000da2f                AcpiExCreateProcessor
                0x00000000c000dad8                AcpiExCreatePowerResource
                0x00000000c000db6c                AcpiExCreateMethod
 .text          0x00000000c000dc47      0x557 acpica/exdebug.32
                0x00000000c000dc47                AcpiExDoDebugObject
 .text          0x00000000c000e19e        0x0 acpica/exdump.32
 .text          0x00000000c000e19e      0x4d5 acpica/exfield.32
                0x00000000c000e19e                AcpiExGetProtocolBufferLength
                0x00000000c000e1f2                AcpiExReadDataFromField
                0x00000000c000e419                AcpiExWriteDataToField
 .text          0x00000000c000e673      0xed6 acpica/exfldio.32
                0x00000000c000e8b6                AcpiExAccessRegion
                0x00000000c000ea48                AcpiExInsertIntoField
                0x00000000c000f01f                AcpiExWriteWithUpdateRule
                0x00000000c000f211                AcpiExExtractFromField
 .text          0x00000000c000f549      0x664 acpica/exmisc.32
                0x00000000c000f549                AcpiExGetObjectReference
                0x00000000c000f644                AcpiExDoMathOp
                0x00000000c000f815                AcpiExDoLogicalNumericOp
                0x00000000c000f919                AcpiExDoLogicalOp
 .text          0x00000000c000fbad      0x5d0 acpica/exmutex.32
                0x00000000c000fbad                AcpiExUnlinkMutex
                0x00000000c000fc53                AcpiExAcquireMutexObject
                0x00000000c000fd28                AcpiExAcquireMutex
                0x00000000c000fe6f                AcpiExReleaseMutexObject
                0x00000000c000ff0e                AcpiExReleaseMutex
                0x00000000c00100eb                AcpiExReleaseAllMutexes
 .text          0x00000000c001017d      0x457 acpica/exnames.32
                0x00000000c0010355                AcpiExGetNameString
 .text          0x00000000c00105d4     0x1142 acpica/exoparg1.32
                0x00000000c00105d4                AcpiExOpcode_0A_0T_1R
                0x00000000c001068a                AcpiExOpcode_1A_0T_0R
                0x00000000c001078c                AcpiExOpcode_1A_1T_0R
                0x00000000c0010806                AcpiExOpcode_1A_1T_1R
                0x00000000c0010fd6                AcpiExOpcode_1A_0T_1R
 .text          0x00000000c0011716      0x8df acpica/exoparg2.32
                0x00000000c0011716                AcpiExOpcode_2A_0T_0R
                0x00000000c00117e7                AcpiExOpcode_2A_2T_1R
                0x00000000c0011967                AcpiExOpcode_2A_1T_1R
                0x00000000c0011e14                AcpiExOpcode_2A_0T_1R
 .text          0x00000000c0011ff5      0x33c acpica/exoparg3.32
                0x00000000c0011ff5                AcpiExOpcode_3A_0T_0R
                0x00000000c00120f4                AcpiExOpcode_3A_1T_1R
 .text          0x00000000c0012331      0x36c acpica/exoparg6.32
                0x00000000c001243e                AcpiExOpcode_6A_0T_1R
 .text          0x00000000c001269d      0x53f acpica/exprep.32
                0x00000000c0012757                AcpiExPrepCommonFieldObject
                0x00000000c00127ef                AcpiExPrepFieldValue
 .text          0x00000000c0012bdc      0x4b7 acpica/exregion.32
                0x00000000c0012bdc                AcpiExSystemMemorySpaceHandler
                0x00000000c0012ee1                AcpiExSystemIoSpaceHandler
                0x00000000c0012f5e                AcpiExPciConfigSpaceHandler
                0x00000000c0012fef                AcpiExCmosSpaceHandler
                0x00000000c001300d                AcpiExPciBarSpaceHandler
                0x00000000c001302b                AcpiExDataTableSpaceHandler
 .text          0x00000000c0013093      0x360 acpica/exresnte.32
                0x00000000c0013093                AcpiExResolveNodeToValue
 .text          0x00000000c00133f3      0x61b acpica/exresolv.32
                0x00000000c0013634                AcpiExResolveToValue
                0x00000000c00136f4                AcpiExResolveMultiple
 .text          0x00000000c0013a0e      0x7cc acpica/exresop.32
                0x00000000c0013a9b                AcpiExResolveOperands
 .text          0x00000000c00141da      0x3a2 acpica/exserial.32
                0x00000000c00141da                AcpiExReadGpio
                0x00000000c0014224                AcpiExWriteGpio
                0x00000000c0014288                AcpiExReadSerialBus
                0x00000000c00143e0                AcpiExWriteSerialBus
 .text          0x00000000c001457c      0x588 acpica/exstore.32
                0x00000000c0014793                AcpiExStoreObjectToNode
                0x00000000c0014982                AcpiExStore
 .text          0x00000000c0014b04      0x296 acpica/exstoren.32
                0x00000000c0014b04                AcpiExResolveObject
                0x00000000c0014c22                AcpiExStoreObjectToObject
 .text          0x00000000c0014d9a      0x202 acpica/exstorob.32
                0x00000000c0014d9a                AcpiExStoreBufferToBuffer
                0x00000000c0014e91                AcpiExStoreStringToString
 .text          0x00000000c0014f9c      0x206 acpica/exsystem.32
                0x00000000c0014f9c                AcpiExSystemWaitSemaphore
                0x00000000c0014ff6                AcpiExSystemWaitMutex
                0x00000000c0015050                AcpiExSystemDoStall
                0x00000000c001509c                AcpiExSystemDoSleep
                0x00000000c00150f0                AcpiExSystemSignalEvent
                0x00000000c001511f                AcpiExSystemWaitEvent
                0x00000000c0015159                AcpiExSystemResetEvent
 .text          0x00000000c00151a2      0x1ec acpica/extrace.32
                0x00000000c001520d                AcpiExTracePoint
                0x00000000c001521c                AcpiExStartTraceMethod
                0x00000000c00152d3                AcpiExStopTraceMethod
                0x00000000c001535e                AcpiExStartTraceOpcode
                0x00000000c0015376                AcpiExStopTraceOpcode
 .text          0x00000000c001538e      0x525 acpica/exutils.32
                0x00000000c001538e                AcpiExEnterInterpreter
                0x00000000c00153f8                AcpiExExitInterpreter
                0x00000000c0015462                AcpiExTruncateFor32bitTable
                0x00000000c00154c8                AcpiExAcquireGlobalLock
                0x00000000c001551f                AcpiExReleaseGlobalLock
                0x00000000c00155f7                AcpiExEisaIdToString
                0x00000000c0015718                AcpiExIntegerToString
                0x00000000c0015791                AcpiExPciClsToString
                0x00000000c0015886                AcpiIsValidSpaceId
 .text          0x00000000c00158b3      0x1ae acpica/hwacpi.32
                0x00000000c00158b3                AcpiHwGetMode
                0x00000000c001590f                AcpiHwSetMode
 .text          0x00000000c0015a61      0x1d2 acpica/hwesleep.32
                0x00000000c0015a61                AcpiHwExecuteSleepMethod
                0x00000000c0015acd                AcpiHwExtendedSleep
                0x00000000c0015b95                AcpiHwExtendedWakePrep
                0x00000000c0015bd8                AcpiHwExtendedWake
 .text          0x00000000c0015c33      0x55c acpica/hwgpe.32
                0x00000000c0015c33                AcpiHwGetGpeRegisterBit
                0x00000000c0015c5d                AcpiHwLowSetGpe
                0x00000000c0015d94                AcpiHwClearGpe
                0x00000000c0015de2                AcpiHwGetGpeStatus
                0x00000000c0015f85                AcpiHwDisableGpeBlock
                0x00000000c0015fe1                AcpiHwEnableRuntimeGpeBlock
                0x00000000c00160ce                AcpiHwClearGpeBlock
                0x00000000c001612f                AcpiHwDisableAllGpes
                0x00000000c001614f                AcpiHwEnableAllRuntimeGpes
                0x00000000c001616f                AcpiHwEnableAllWakeupGpes
 .text          0x00000000c001618f      0x338 acpica/hwpci.32
                0x00000000c001646d                AcpiHwDerivePciId
 .text          0x00000000c00164c7      0xbfa acpica/hwregs.32
                0x00000000c00166e4                AcpiHwValidateRegister
                0x00000000c0016825                AcpiHwRead
                0x00000000c0016a1b                AcpiHwWrite
                0x00000000c0016bcb                AcpiHwGetBitRegisterInfo
                0x00000000c0016c05                AcpiHwWritePm1Control
                0x00000000c0016d1d                AcpiHwRegisterRead
                0x00000000c0016ecc                AcpiHwRegisterWrite
                0x00000000c0017054                AcpiHwClearAcpiStatus
 .text          0x00000000c00170c1      0x2a5 acpica/hwsleep.32
                0x00000000c00170c1                AcpiHwLegacySleep
                0x00000000c0017235                AcpiHwLegacyWakePrep
                0x00000000c00172d3                AcpiHwLegacyWake
 .text          0x00000000c0017366      0x120 acpica/hwtimer.32
                0x00000000c0017366                AcpiGetTimerResolution
                0x00000000c001738f                AcpiGetTimer
                0x00000000c00173da                AcpiGetTimerDuration
 .text          0x00000000c0017486      0x331 acpica/hwvalid.32
                0x00000000c00175ef                AcpiHwReadPort
                0x00000000c00176e1                AcpiHwWritePort
 .text          0x00000000c00177b7      0x47c acpica/hwxface.32
                0x00000000c00177b7                AcpiReset
                0x00000000c001784f                AcpiRead
                0x00000000c001786e                AcpiWrite
                0x00000000c001789c                AcpiReadBitRegister
                0x00000000c0017916                AcpiWriteBitRegister
                0x00000000c0017a36                AcpiGetSleepTypeData
 .text          0x00000000c0017c33      0x1fa acpica/hwxfsleep.32
                0x00000000c0017c64                AcpiSetFirmwareWakingVector
                0x00000000c0017ca3                AcpiEnterSleepStateS4bios
                0x00000000c0017d27                AcpiEnterSleepStatePrep
                0x00000000c0017dc1                AcpiEnterSleepState
                0x00000000c0017e0f                AcpiLeaveSleepStatePrep
                0x00000000c0017e1e                AcpiLeaveSleepState
 .text          0x00000000c0017e2d      0x7cd acpica/nsaccess.32
                0x00000000c0017e2d                AcpiNsRootInitialize
                0x00000000c00181a4                AcpiNsLookup
 .text          0x00000000c00185fa      0x44a acpica/nsalloc.32
                0x00000000c00185fa                AcpiNsCreateNode
                0x00000000c0018636                AcpiNsDeleteNode
                0x00000000c00186d2                AcpiNsRemoveNode
                0x00000000c001873b                AcpiNsInstallNode
                0x00000000c00187ef                AcpiNsDeleteChildren
                0x00000000c0018863                AcpiNsDeleteNamespaceSubtree
                0x00000000c0018919                AcpiNsDeleteNamespaceByOwner
 .text          0x00000000c0018a44      0x3ca acpica/nsarguments.32
                0x00000000c0018a44                AcpiNsCheckArgumentTypes
                0x00000000c0018b4c                AcpiNsCheckAcpiCompliance
                0x00000000c0018c9f                AcpiNsCheckArgumentCount
 .text          0x00000000c0018e0e      0x5e2 acpica/nsconvert.32
                0x00000000c0018e0e                AcpiNsConvertToInteger
                0x00000000c0018f25                AcpiNsConvertToString
                0x00000000c0019028                AcpiNsConvertToBuffer
                0x00000000c0019181                AcpiNsConvertToUnicode
                0x00000000c0019245                AcpiNsConvertToResource
                0x00000000c00192f9                AcpiNsConvertToReference
 .text          0x00000000c00193f0        0x0 acpica/nsdump.32
 .text          0x00000000c00193f0        0x0 acpica/nsdumpdv.32
 .text          0x00000000c00193f0      0x38e acpica/nseval.32
                0x00000000c00193f0                AcpiNsEvaluate
 .text          0x00000000c001977e      0x6b7 acpica/nsinit.32
                0x00000000c0019997                AcpiNsInitializeObjects
                0x00000000c00199f8                AcpiNsInitializeDevices
                0x00000000c0019bc2                AcpiNsInitOnePackage
 .text          0x00000000c0019e35       0xdb acpica/nsload.32
                0x00000000c0019e35                AcpiNsLoadTable
 .text          0x00000000c0019f10      0x592 acpica/nsnames.32
                0x00000000c0019f10                AcpiNsHandleToName
                0x00000000c0019f83                AcpiNsBuildNormalizedPath
                0x00000000c001a0dc                AcpiNsGetPathnameLength
                0x00000000c001a133                AcpiNsHandleToPathname
                0x00000000c001a1c1                AcpiNsGetNormalizedPathname
                0x00000000c001a244                AcpiNsGetExternalPathname
                0x00000000c001a358                AcpiNsBuildPrefixedPathname
 .text          0x00000000c001a4a2      0x45a acpica/nsobject.32
                0x00000000c001a4a2                AcpiNsDetachObject
                0x00000000c001a58e                AcpiNsAttachObject
                0x00000000c001a6fc                AcpiNsGetAttachedObject
                0x00000000c001a764                AcpiNsGetSecondaryObject
                0x00000000c001a79a                AcpiNsAttachData
                0x00000000c001a838                AcpiNsDetachData
                0x00000000c001a8b0                AcpiNsGetAttachedData
 .text          0x00000000c001a8fc      0x359 acpica/nsparse.32
                0x00000000c001a8fc                AcpiNsExecuteTable
                0x00000000c001aaa6                AcpiNsOneCompleteParse
                0x00000000c001ac36                AcpiNsParseTable
 .text          0x00000000c001ac55      0x3b5 acpica/nspredef.32
                0x00000000c001ad22                AcpiNsCheckObjectType
                0x00000000c001aef3                AcpiNsCheckReturnValue
 .text          0x00000000c001b00a      0x9d3 acpica/nsprepkg.32
                0x00000000c001b552                AcpiNsCheckPackage
 .text          0x00000000c001b9dd      0x47e acpica/nsrepair.32
                0x00000000c001ba41                AcpiNsRepairNullElement
                0x00000000c001bafa                AcpiNsRemoveNullElements
                0x00000000c001bb8e                AcpiNsWrapWithPackage
                0x00000000c001bbdc                AcpiNsSimpleRepair
 .text          0x00000000c001be5b      0x9f8 acpica/nsrepair2.32
                0x00000000c001c23b                AcpiNsComplexRepairs
 .text          0x00000000c001c853      0x27a acpica/nssearch.32
                0x00000000c001c853                AcpiNsSearchOneScope
                0x00000000c001c91b                AcpiNsSearchAndEnter
 .text          0x00000000c001cacd      0x819 acpica/nsutils.32
                0x00000000c001cacd                AcpiNsPrintNodePathname
                0x00000000c001cb4d                AcpiNsGetType
                0x00000000c001cb85                AcpiNsLocal
                0x00000000c001cbd3                AcpiNsGetInternalNameLength
                0x00000000c001ccac                AcpiNsBuildInternalName
                0x00000000c001ce53                AcpiNsInternalizeName
                0x00000000c001cee6                AcpiNsExternalizeName
                0x00000000c001d12a                AcpiNsValidateHandle
                0x00000000c001d156                AcpiNsTerminate
                0x00000000c001d1a7                AcpiNsOpensScope
                0x00000000c001d1e6                AcpiNsGetNodeUnlocked
                0x00000000c001d29c                AcpiNsGetNode
 .text          0x00000000c001d2e6      0x264 acpica/nswalk.32
                0x00000000c001d2e6                AcpiNsGetNextNode
                0x00000000c001d2ff                AcpiNsGetNextNodeTyped
                0x00000000c001d354                AcpiNsWalkNamespace
 .text          0x00000000c001d54a      0x94e acpica/nsxfeval.32
                0x00000000c001d7b6                AcpiEvaluateObject
                0x00000000c001da6f                AcpiEvaluateObjectTyped
                0x00000000c001dbe7                AcpiWalkNamespace
                0x00000000c001dca5                AcpiGetDevices
                0x00000000c001dd18                AcpiAttachData
                0x00000000c001dd9b                AcpiDetachData
                0x00000000c001de15                AcpiGetData
 .text          0x00000000c001de98      0x7f2 acpica/nsxfname.32
                0x00000000c001de98                AcpiGetHandle
                0x00000000c001df4f                AcpiGetName
                0x00000000c001e02f                AcpiGetObjectInfo
                0x00000000c001e446                AcpiInstallMethod
 .text          0x00000000c001e68a      0x1f1 acpica/nsxfobj.32
                0x00000000c001e68a                AcpiGetType
                0x00000000c001e71c                AcpiGetParent
                0x00000000c001e7aa                AcpiGetNextObject
 .text          0x00000000c001e87b      0xb9c acpica/psargs.32
                0x00000000c001e8f6                AcpiPsGetNextPackageEnd
                0x00000000c001e91d                AcpiPsGetNextNamestring
                0x00000000c001e9a3                AcpiPsGetNextNamepath
                0x00000000c001ebe5                AcpiPsGetNextSimpleArg
                0x00000000c001f0f7                AcpiPsGetNextArg
 .text          0x00000000c001f417      0x8ef acpica/psloop.32
                0x00000000c001f63a                AcpiPsParseLoop
 .text          0x00000000c001fd06      0xb0d acpica/psobject.32
                0x00000000c001fe4b                AcpiPsBuildNamedOp
                0x00000000c002000d                AcpiPsCreateOp
                0x00000000c002026c                AcpiPsCompleteOp
                0x00000000c0020684                AcpiPsCompleteFinalOp
 .text          0x00000000c0020813        0x0 acpica/psopcode.32
 .text          0x00000000c0020813       0x97 acpica/psopinfo.32
                0x00000000c0020813                AcpiPsGetOpcodeInfo
                0x00000000c002087d                AcpiPsGetOpcodeName
                0x00000000c0020891                AcpiPsGetArgumentCount
 .text          0x00000000c00208aa      0x936 acpica/psparse.32
                0x00000000c00208aa                AcpiPsGetOpcodeSize
                0x00000000c00208c4                AcpiPsPeekOpcode
                0x00000000c0020906                AcpiPsCompleteThisOp
                0x00000000c0020c1c                AcpiPsNextParseState
                0x00000000c0020d74                AcpiPsParseAml
 .text          0x00000000c00211e0      0x1f4 acpica/psscope.32
                0x00000000c00211e0                AcpiPsGetParentScope
                0x00000000c00211ee                AcpiPsHasCompletedScope
                0x00000000c0021222                AcpiPsInitScope
                0x00000000c0021288                AcpiPsPushScope
                0x00000000c002130b                AcpiPsPopScope
                0x00000000c0021393                AcpiPsCleanupScope
 .text          0x00000000c00213d4      0x218 acpica/pstree.32
                0x00000000c00213d4                AcpiPsGetArg
                0x00000000c002144c                AcpiPsAppendArg
                0x00000000c0021522                AcpiPsGetDepthNext
 .text          0x00000000c00215ec      0x1cc acpica/psutils.32
                0x00000000c00215ec                AcpiPsInitOp
                0x00000000c002160d                AcpiPsAllocOp
                0x00000000c00216d7                AcpiPsCreateScopeOp
                0x00000000c002170c                AcpiPsFreeOp
                0x00000000c002174f                AcpiPsIsLeadingChar
                0x00000000c0021775                AcpiPsGetName
                0x00000000c0021797                AcpiPsSetName
 .text          0x00000000c00217b8       0x99 acpica/pswalk.32
                0x00000000c00217b8                AcpiPsDeleteParseTree
 .text          0x00000000c0021851      0x4a2 acpica/psxface.32
                0x00000000c0021851                AcpiDebugTrace
                0x00000000c00218ab                AcpiPsExecuteTable
                0x00000000c0021a86                AcpiPsExecuteMethod
 .text          0x00000000c0021cf3       0xf7 acpica/rsaddr.32
                0x00000000c0021cf3                AcpiRsGetAddressCommon
                0x00000000c0021d7b                AcpiRsSetAddressCommon
 .text          0x00000000c0021dea      0x7f5 acpica/rscalc.32
                0x00000000c0021e60                AcpiRsGetAmlLength
                0x00000000c002211a                AcpiRsGetListLength
                0x00000000c00224b6                AcpiRsGetPciRoutingTableLength
 .text          0x00000000c00225df      0x567 acpica/rscreate.32
                0x00000000c00225df                AcpiBufferToResource
                0x00000000c002269a                AcpiRsCreateResourceList
                0x00000000c0022736                AcpiRsCreatePciRoutingTable
                0x00000000c0022abd                AcpiRsCreateAmlResources
 .text          0x00000000c0022b46        0x0 acpica/rsdump.32
 .text          0x00000000c0022b46        0x0 acpica/rsdumpinfo.32
 .text          0x00000000c0022b46        0x0 acpica/rsinfo.32
 .text          0x00000000c0022b46        0x0 acpica/rsio.32
 .text          0x00000000c0022b46        0x0 acpica/rsirq.32
 .text          0x00000000c0022b46      0x2a0 acpica/rslist.32
                0x00000000c0022b46                AcpiRsConvertAmlToResources
                0x00000000c0022c5a                AcpiRsConvertResourcesToAml
 .text          0x00000000c0022de6        0x0 acpica/rsmemory.32
 .text          0x00000000c0022de6      0xd8c acpica/rsmisc.32
                0x00000000c0022de6                AcpiRsConvertAmlToResource
                0x00000000c0023571                AcpiRsConvertResourceToAml
 .text          0x00000000c0023b72        0x0 acpica/rsserial.32
 .text          0x00000000c0023b72      0x61c acpica/rsutils.32
                0x00000000c0023b72                AcpiRsDecodeBitmask
                0x00000000c0023bc0                AcpiRsEncodeBitmask
                0x00000000c0023c11                AcpiRsMoveData
                0x00000000c0023ce9                AcpiRsSetResourceLength
                0x00000000c0023d41                AcpiRsSetResourceHeader
                0x00000000c0023db8                AcpiRsGetResourceSource
                0x00000000c0023e91                AcpiRsSetResourceSource
                0x00000000c0023ef6                AcpiRsGetPrtMethodData
                0x00000000c0023f49                AcpiRsGetCrsMethodData
                0x00000000c0023f9c                AcpiRsGetPrsMethodData
                0x00000000c0023fef                AcpiRsGetAeiMethodData
                0x00000000c0024042                AcpiRsGetMethodData
                0x00000000c0024093                AcpiRsSetSrsMethodData
 .text          0x00000000c002418e      0x698 acpica/rsxface.32
                0x00000000c00242cd                AcpiGetIrqRoutingTable
                0x00000000c0024310                AcpiGetCurrentResources
                0x00000000c0024353                AcpiGetPossibleResources
                0x00000000c0024396                AcpiSetCurrentResources
                0x00000000c00243f9                AcpiGetEventResources
                0x00000000c002443c                AcpiResourceToAddress64
                0x00000000c002465d                AcpiWalkResourceBuffer
                0x00000000c002471b                AcpiWalkResources
                0x00000000c00247d0                AcpiGetVendorResource
 .text          0x00000000c0024826      0xd8f acpica/tbdata.32
                0x00000000c0024826                AcpiTbInitTableDescriptor
                0x00000000c0024885                AcpiTbAcquireTable
                0x00000000c002490d                AcpiTbReleaseTable
                0x00000000c00249e9                AcpiTbAcquireTempTable
                0x00000000c0024ab0                AcpiTbValidateTable
                0x00000000c0024b00                AcpiTbInvalidateTable
                0x00000000c0024b43                AcpiTbReleaseTempTable
                0x00000000c0024b5a                AcpiTbValidateTempTable
                0x00000000c0024c3f                AcpiTbVerifyTempTable
                0x00000000c0024e05                AcpiTbResizeRootTableList
                0x00000000c0024fb7                AcpiTbGetNextTableDescriptor
                0x00000000c0025034                AcpiTbTerminate
                0x00000000c00250d4                AcpiTbDeleteNamespaceByOwner
                0x00000000c002518d                AcpiTbAllocateOwnerId
                0x00000000c00251f5                AcpiTbReleaseOwnerId
                0x00000000c0025261                AcpiTbGetOwnerId
                0x00000000c00252c7                AcpiTbIsTableLoaded
                0x00000000c002532b                AcpiTbSetTableLoadedFlag
                0x00000000c00253f7                AcpiTbNotifyTable
                0x00000000c0025423                AcpiTbLoadTable
                0x00000000c00254ac                AcpiTbInstallAndLoadTable
                0x00000000c0025521                AcpiTbUnloadTable
 .text          0x00000000c00255b5      0x8f3 acpica/tbfadt.32
                0x00000000c0025cd7                AcpiTbCreateLocalFadt
                0x00000000c0025d7a                AcpiTbParseFadt
 .text          0x00000000c0025ea8      0x27a acpica/tbfind.32
                0x00000000c0025ea8                AcpiTbFindTable
 .text          0x00000000c0026122      0x47b acpica/tbinstal.32
                0x00000000c0026122                AcpiTbUninstallTable
                0x00000000c002618f                AcpiTbOverrideTable
                0x00000000c0026315                AcpiTbInstallTableWithOverride
                0x00000000c00263f5                AcpiTbInstallStandardTable
 .text          0x00000000c002659d      0x2ae acpica/tbprint.32
                0x00000000c0026641                AcpiTbPrintTableHeader
                0x00000000c0026799                AcpiTbChecksum
                0x00000000c00267cb                AcpiTbVerifyChecksum
 .text          0x00000000c002684b      0x609 acpica/tbutils.32
                0x00000000c002684b                AcpiTbInitializeFacs
                0x00000000c00268ef                AcpiTbCheckDsdtHeader
                0x00000000c0026979                AcpiTbCopyDsdt
                0x00000000c0026ade                AcpiTbParseRootTable
                0x00000000c0026d70                AcpiTbGetTable
                0x00000000c0026def                AcpiTbPutTable
 .text          0x00000000c0026e54      0x62b acpica/tbxface.32
                0x00000000c0026e54                AcpiAllocateRootTable
                0x00000000c0026e70                AcpiInitializeTables
                0x00000000c0026f3a                AcpiReallocateRootTable
                0x00000000c0027084                AcpiGetTableHeader
                0x00000000c0027204                AcpiGetTable
                0x00000000c00272c5                AcpiPutTable
                0x00000000c0027347                AcpiGetTableByIndex
                0x00000000c00273c7                AcpiInstallTableHandler
                0x00000000c0027429                AcpiRemoveTableHandler
 .text          0x00000000c002747f      0x519 acpica/tbxfload.32
                0x00000000c002747f                AcpiTbLoadNamespace
                0x00000000c0027721                AcpiLoadTables
                0x00000000c00277a6                AcpiInstallTable
                0x00000000c00277f6                AcpiLoadTable
                0x00000000c0027857                AcpiUnloadParentTable
                0x00000000c002796f                AcpiUnloadTable
 .text          0x00000000c0027998      0x2e0 acpica/tbxfroot.32
                0x00000000c0027998                AcpiTbGetRsdpLength
                0x00000000c00279d8                AcpiTbValidateRsdp
                0x00000000c0027a46                AcpiTbScanMemoryForRsdp
                0x00000000c0027a8e                AcpiFindRootPointer
 .text          0x00000000c0027c78      0x31c acpica/utaddress.32
                0x00000000c0027c78                AcpiUtAddAddressRange
                0x00000000c0027d22                AcpiUtRemoveAddressRange
                0x00000000c0027da9                AcpiUtCheckAddressRange
                0x00000000c0027f3a                AcpiUtDeleteAddressLists
 .text          0x00000000c0027f94      0x28d acpica/utalloc.32
                0x00000000c0027f94                AcpiOsAllocateZeroed
                0x00000000c0027fc9                AcpiUtCreateCaches
                0x00000000c002808d                AcpiUtDeleteCaches
                0x00000000c0028121                AcpiUtValidateBuffer
                0x00000000c002816d                AcpiUtInitializeBuffer
 .text          0x00000000c0028221       0xeb acpica/utascii.32
                0x00000000c0028221                AcpiUtValidNameChar
                0x00000000c0028263                AcpiUtValidNameseg
                0x00000000c00282a3                AcpiUtCheckAndRepairAscii
 .text          0x00000000c002830c      0x2b9 acpica/utbuffer.32
                0x00000000c002830c                AcpiUtDumpBuffer
                0x00000000c002858d                AcpiUtDebugDumpBuffer
 .text          0x00000000c00285c5      0x2d4 acpica/utcache.32
                0x00000000c00285c5                AcpiOsCreateCache
                0x00000000c002864d                AcpiOsPurgeCache
                0x00000000c00286cd                AcpiOsDeleteCache
                0x00000000c0028704                AcpiOsReleaseObject
                0x00000000c00287b7                AcpiOsAcquireObject
 .text          0x00000000c0028899      0x6ff acpica/utclib.32
                0x00000000c0028899                memcmp
                0x00000000c00288f1                memmove
                0x00000000c002895e                memcpy
                0x00000000c00289d5                memset
                0x00000000c00289fe                strlen
                0x00000000c0028a21                strpbrk
                0x00000000c0028a63                strtok
                0x00000000c0028af1                strcpy
                0x00000000c0028b23                strncpy
                0x00000000c0028b77                strcmp
                0x00000000c0028bb9                strchr
                0x00000000c0028be2                strncmp
                0x00000000c0028c3e                strcat
                0x00000000c0028c7f                strncat
                0x00000000c0028cdb                strstr
                0x00000000c0028d2e                toupper
                0x00000000c0028d54                tolower
                0x00000000c0028d7a                simple_strtoul
 .text          0x00000000c0028f98      0xaf8 acpica/utcopy.32
                0x00000000c00292f5                AcpiUtCopyIobjectToEobject
                0x00000000c0029527                AcpiUtCopyEobjectToIobject
                0x00000000c00299f5                AcpiUtCopyIobjectToIobject
 .text          0x00000000c0029a90        0x0 acpica/utdebug.32
 .text          0x00000000c0029a90      0x1db acpica/utdecode.32
                0x00000000c0029a90                AcpiUtGetRegionName
                0x00000000c0029ade                AcpiUtGetEventName
                0x00000000c0029afa                AcpiUtGetTypeName
                0x00000000c0029b16                AcpiUtGetObjectTypeName
                0x00000000c0029b5b                AcpiUtGetNodeName
                0x00000000c0029bb6                AcpiUtGetDescriptorName
                0x00000000c0029be9                AcpiUtGetReferenceName
                0x00000000c0029c3e                AcpiUtGetMutexName
                0x00000000c0029c5a                AcpiUtValidObjectType
 .text          0x00000000c0029c6b      0x83c acpica/utdelete.32
                0x00000000c0029c6b                AcpiUtRemoveReference
                0x00000000c002a1a2                AcpiUtUpdateObjectReference
                0x00000000c002a439                AcpiUtAddReference
                0x00000000c002a46a                AcpiUtDeleteInternalObjectList
 .text          0x00000000c002a4a7      0x28c acpica/uterror.32
                0x00000000c002a4a7                AcpiUtPredefinedWarning
                0x00000000c002a507                AcpiUtPredefinedInfo
                0x00000000c002a567                AcpiUtPredefinedBiosError
                0x00000000c002a5c7                AcpiUtPrefixedNamespaceError
                0x00000000c002a698                AcpiUtMethodError
 .text          0x00000000c002a733      0x323 acpica/uteval.32
                0x00000000c002a733                AcpiUtEvaluateObject
                0x00000000c002a90e                AcpiUtEvaluateNumericObject
                0x00000000c002a95b                AcpiUtExecute_STA
                0x00000000c002a9bf                AcpiUtExecutePowerMethods
 .text          0x00000000c002aa56      0x124 acpica/utexcep.32
                0x00000000c002aa56                AcpiUtValidateException
                0x00000000c002ab38                AcpiFormatException
 .text          0x00000000c002ab7a        0x0 acpica/utglobal.32
 .text          0x00000000c002ab7a       0xea acpica/uthex.32
                0x00000000c002ab7a                AcpiUtHexToAsciiChar
                0x00000000c002abc6                AcpiUtAsciiCharToHex
                0x00000000c002abed                AcpiUtAsciiToHexByte
 .text          0x00000000c002ac64      0x4eb acpica/utids.32
                0x00000000c002ac64                AcpiUtExecute_HID
                0x00000000c002ad44                AcpiUtExecute_UID
                0x00000000c002ae24                AcpiUtExecute_CID
                0x00000000c002b01d                AcpiUtExecute_CLS
 .text          0x00000000c002b14f      0x344 acpica/utinit.32
                0x00000000c002b1d7                AcpiUtInitGlobals
                0x00000000c002b436                AcpiUtSubsystemShutdown
 .text          0x00000000c002b493      0x1c7 acpica/utlock.32
                0x00000000c002b493                AcpiUtCreateRwLock
                0x00000000c002b4e2                AcpiUtDeleteRwLock
                0x00000000c002b52b                AcpiUtAcquireReadLock
                0x00000000c002b5a6                AcpiUtReleaseReadLock
                0x00000000c002b618                AcpiUtAcquireWriteLock
                0x00000000c002b63e                AcpiUtReleaseWriteLock
 .text          0x00000000c002b65a      0x210 acpica/utmath.32
                0x00000000c002b65a                AcpiUtShortMultiply
                0x00000000c002b6a5                AcpiUtShortShiftLeft
                0x00000000c002b6ee                AcpiUtShortShiftRight
                0x00000000c002b737                AcpiUtShortDivide
                0x00000000c002b7c8                AcpiUtDivide
 .text          0x00000000c002b86a      0x2ca acpica/utmisc.32
                0x00000000c002b86a                AcpiUtIsPciRootBridge
                0x00000000c002b8a6                AcpiUtDwordByteSwap
                0x00000000c002b8cf                AcpiUtSetIntegerWidth
                0x00000000c002b910                AcpiUtCreateUpdateStateAndPush
                0x00000000c002b965                AcpiUtWalkPackageTree
 .text          0x00000000c002bb34      0x371 acpica/utmutex.32
                0x00000000c002bb9f                AcpiUtMutexInitialize
                0x00000000c002bcc1                AcpiUtMutexTerminate
                0x00000000c002bd3e                AcpiUtAcquireMutex
                0x00000000c002bdf9                AcpiUtReleaseMutex
 .text          0x00000000c002bea5       0xd0 acpica/utnonansi.32
                0x00000000c002bea5                AcpiUtStrlwr
                0x00000000c002bee5                AcpiUtStrupr
                0x00000000c002bf25                AcpiUtStricmp
 .text          0x00000000c002bf75      0x5ff acpica/utobject.32
                0x00000000c002bf75                AcpiUtValidInternalObject
                0x00000000c002bf99                AcpiUtAllocateObjectDescDbg
                0x00000000c002bfe2                AcpiUtDeleteObjectDesc
                0x00000000c002c037                AcpiUtCreateInternalObjectDbg
                0x00000000c002c0d9                AcpiUtCreatePackageObject
                0x00000000c002c14d                AcpiUtCreateIntegerObject
                0x00000000c002c199                AcpiUtCreateBufferObject
                0x00000000c002c240                AcpiUtCreateStringObject
                0x00000000c002c52b                AcpiUtGetObjectSize
 .text          0x00000000c002c574      0x4f3 acpica/utosi.32
                0x00000000c002c574                AcpiUtInitializeInterfaces
                0x00000000c002c5fe                AcpiUtInterfaceTerminate
                0x00000000c002c6cf                AcpiUtInstallInterface
                0x00000000c002c768                AcpiUtRemoveInterface
                0x00000000c002c83e                AcpiUtUpdateInterfaces
                0x00000000c002c8cf                AcpiUtGetInterface
                0x00000000c002c912                AcpiUtOsiImplementation
 .text          0x00000000c002ca67      0x246 acpica/utownerid.32
                0x00000000c002ca67                AcpiUtAllocateOwnerId
                0x00000000c002cbcb                AcpiUtReleaseOwnerId
 .text          0x00000000c002ccad       0xfd acpica/utpredef.32
                0x00000000c002ccad                AcpiUtGetNextPredefinedMethod
                0x00000000c002ccd7                AcpiUtMatchPredefinedMethod
                0x00000000c002cd2a                AcpiUtGetExpectedReturnTypes
 .text          0x00000000c002cdaa      0x9ed acpica/utprint.32
                0x00000000c002ced4                AcpiUtScanNumber
                0x00000000c002cf57                AcpiUtPrintNumber
                0x00000000c002d22d                vsnprintf
                0x00000000c002d746                snprintf
                0x00000000c002d76f                sprintf
 .text          0x00000000c002d797        0x0 acpica/utresdecode.32
 .text          0x00000000c002d797      0x3ad acpica/utresrc.32
                0x00000000c002d797                AcpiUtGetResourceType
                0x00000000c002d7b4                AcpiUtGetResourceLength
                0x00000000c002d7e7                AcpiUtValidateResource
                0x00000000c002d97a                AcpiUtGetResourceHeaderLength
                0x00000000c002d98e                AcpiUtGetDescriptorLength
                0x00000000c002d9bb                AcpiUtWalkAmlResources
                0x00000000c002dafa                AcpiUtGetResourceEndTag
 .text          0x00000000c002db44      0x1ce acpica/utstate.32
                0x00000000c002db44                AcpiUtPushGenericState
                0x00000000c002db5c                AcpiUtPopGenericState
                0x00000000c002db7f                AcpiUtCreateGenericState
                0x00000000c002dbab                AcpiUtCreateThreadState
                0x00000000c002dc31                AcpiUtCreateUpdateState
                0x00000000c002dc72                AcpiUtCreatePkgState
                0x00000000c002dcbe                AcpiUtCreateControlState
                0x00000000c002dcee                AcpiUtDeleteGenericState
 .text          0x00000000c002dd12      0x264 acpica/utstring.32
                0x00000000c002dd12                AcpiUtPrintString
                0x00000000c002dedb                AcpiUtRepairName
 .text          0x00000000c002df76      0x425 acpica/utstrsuppt.32
                0x00000000c002df76                AcpiUtRemoveLeadingZeros
                0x00000000c002df9c                AcpiUtRemoveWhitespace
                0x00000000c002dfd1                AcpiUtRemoveHexPrefix
                0x00000000c002e00e                AcpiUtDetectHexPrefix
                0x00000000c002e03c                AcpiUtDetectOctalPrefix
                0x00000000c002e221                AcpiUtConvertOctalString
                0x00000000c002e29b                AcpiUtConvertDecimalString
                0x00000000c002e31e                AcpiUtConvertHexString
 .text          0x00000000c002e39b      0x238 acpica/utstrtoul64.32
                0x00000000c002e39b                AcpiUtStrtoul64
                0x00000000c002e4ad                AcpiUtImplicitStrtoul64
                0x00000000c002e529                AcpiUtExplicitStrtoul64
 .text          0x00000000c002e5d3        0x0 acpica/uttrack.32
 .text          0x00000000c002e5d3        0x0 acpica/utuuid.32
 .text          0x00000000c002e5d3      0x641 acpica/utxface.32
                0x00000000c002e5d3                AcpiTerminate
                0x00000000c002e5f0                AcpiSubsystemStatus
                0x00000000c002e608                AcpiGetSystemInfo
                0x00000000c002e6be                AcpiGetStatistics
                0x00000000c002e714                AcpiInstallInitializationHandler
                0x00000000c002e743                AcpiPurgeCachedObjects
                0x00000000c002e794                AcpiInstallInterface
                0x00000000c002e855                AcpiRemoveInterface
                0x00000000c002e8c9                AcpiInstallInterfaceHandler
                0x00000000c002e92d                AcpiUpdateInterfaces
                0x00000000c002e98a                AcpiCheckAddressRange
                0x00000000c002e9fa                AcpiDecodePldBuffer
 .text          0x00000000c002ec14      0x245 acpica/utxferror.32
                0x00000000c002ec14                AcpiError
                0x00000000c002ec5d                AcpiException
                0x00000000c002eccd                AcpiWarning
                0x00000000c002ed16                AcpiInfo
                0x00000000c002ed57                AcpiBiosError
                0x00000000c002eda0                AcpiBiosException
                0x00000000c002ee10                AcpiBiosWarning
 .text          0x00000000c002ee59      0x218 acpica/utxfinit.32
                0x00000000c002ee59                AcpiInitializeSubsystem
                0x00000000c002ef57                AcpiEnableSubsystem
                0x00000000c002f022                AcpiInitializeObjects
 .text          0x00000000c002f071      0x129 acpica/utxfmutex.32
                0x00000000c002f105                AcpiAcquireMutex
                0x00000000c002f156                AcpiReleaseMutex
 .text          0x00000000c002f19a      0xf4f core/malloc.32
                0x00000000c002f30b                dlfree
                0x00000000c002f3fb                dlmalloc
                0x00000000c002fb48                dlrealloc
                0x00000000c002fcfd                dlmemalign
                0x00000000c002fe20                dlcalloc
                0x00000000c002feba                dlcfree
                0x00000000c002febf                dlindependent_calloc
                0x00000000c002fee4                dlindependent_comalloc
                0x00000000c002fefb                dlvalloc
                0x00000000c002ff21                dlpvalloc
                0x00000000c002ff52                dlmalloc_trim
                0x00000000c002ff5a                dlmalloc_usable_size
                0x00000000c002ff8b                dlmallinfo
                0x00000000c0030053                dlmalloc_stats
                0x00000000c0030064                dlmallopt
 .text          0x00000000c00300e9        0x0 libk/string.32
 .text          0x00000000c00300e9       0x51 fs/fat/diskio.32
                0x00000000c00300e9                disk_status
                0x00000000c00300ec                disk_initialize
                0x00000000c00300ef                disk_read
                0x00000000c0030105                disk_write
                0x00000000c003011b                disk_ioctl
 .text          0x00000000c003013a     0x66ce fs/fat/ff.32
                0x00000000c0032de0                f_mount
                0x00000000c0032e42                f_open
                0x00000000c0033298                f_read
                0x00000000c00334ea                f_write
                0x00000000c0033779                f_sync
                0x00000000c003397e                f_close
                0x00000000c00339ad                f_lseek
                0x00000000c0033e8b                f_opendir
                0x00000000c0033f8d                f_closedir
                0x00000000c0033faf                f_readdir
                0x00000000c003404a                f_stat
                0x00000000c00340d9                f_getfree
                0x00000000c0034294                f_truncate
                0x00000000c003438c                f_unlink
                0x00000000c003450f                f_mkdir
                0x00000000c003471d                f_rename
                0x00000000c00349f9                f_chmod
                0x00000000c0034ad7                f_utime
                0x00000000c0034bb5                f_getlabel
                0x00000000c0034d54                f_setlabel
                0x00000000c0034fa4                f_forward
                0x00000000c003517b                f_mkfs
 .text          0x00000000c0036808        0xa fs/fat/ffsystem.32
                0x00000000c0036808                ff_memalloc
                0x00000000c003680d                ff_memfree
 .text          0x00000000c0036812      0x147 fs/fat/ffunicode.32
                0x00000000c0036812                ff_uni2oem
                0x00000000c003685c                ff_oem2uni
                0x00000000c0036889                ff_wtoupper
 .text          0x00000000c0036959      0x71d hal/libresample/samplerate.32
                0x00000000c0036959                src_delete
                0x00000000c0036995                src_process
                0x00000000c0036ade                src_callback_read
                0x00000000c0036c67                src_set_ratio
                0x00000000c0036cc7                src_get_channels
                0x00000000c0036ce9                src_reset
                0x00000000c0036d2d                src_new
                0x00000000c0036df2                src_callback_new
                0x00000000c0036e54                src_get_name
                0x00000000c0036e8b                src_get_description
                0x00000000c0036ec2                src_get_version
                0x00000000c0036ec8                src_is_valid_ratio
                0x00000000c0036ef0                src_error
                0x00000000c0036efe                src_strerror
                0x00000000c0036f11                src_simple
                0x00000000c0036f64                src_short_to_float_array
                0x00000000c0036f8a                src_float_to_short_array
                0x00000000c0036fee                src_int_to_float_array
                0x00000000c0037014                src_float_to_int_array
 .text          0x00000000c0037076      0x3c9 hal/libresample/src_linear.32
                0x00000000c003739a                linear_get_name
                0x00000000c00373a9                linear_get_description
                0x00000000c00373b8                linear_set_converter
 .text          0x00000000c003743f     0x1a92 hal/libresample/src_sinc.32
                0x00000000c0038ce1                sinc_get_name
                0x00000000c0038cf4                sinc_get_description
                0x00000000c0038d07                sinc_set_converter
 .text          0x00000000c0038ed1      0x397 hal/libresample/src_zoh.32
                0x00000000c00391c3                zoh_get_name
                0x00000000c00391d2                zoh_get_description
                0x00000000c00391e1                zoh_set_converter
 .text          0x00000000c0039268      0xa4b acpica/osl.32
                0x00000000c0039268                Subhandler
                0x00000000c0039275                isalnum
                0x00000000c003929b                isalpha
                0x00000000c00392af                isblank
                0x00000000c00392c7                iscntrl
                0x00000000c00392df                isdigit
                0x00000000c00392f0                islower
                0x00000000c0039301                ispunct
                0x00000000c003933a                isgraph
                0x00000000c0039369                isprint
                0x00000000c0039387                isspace
                0x00000000c00393a8                isupper
                0x00000000c00393b9                isxdigit
                0x00000000c00393db                AcpiOsInitialize
                0x00000000c00393de                AcpiOsTerminate
                0x00000000c00393e1                AcpiOsGetRootPointer
                0x00000000c003940a                AcpiOsPredefinedOverride
                0x00000000c0039429                AcpiOsTableOverride
                0x00000000c0039436                AcpiOsPhysicalTableOverride
                0x00000000c003944a                AcpiOsReadPort
                0x00000000c003948c                AcpiOsWritePort
                0x00000000c00394ba                AcpiOsGetTimer
                0x00000000c00394d6                AcpiOsWaitEventsComplete
                0x00000000c00394e7                AcpiOsReadPciConfiguration
                0x00000000c0039558                AcpiOsWritePciConfiguration
                0x00000000c00395d3                AcpiOsSignal
                0x00000000c0039602                AcpiOsReadMemory
                0x00000000c0039686                AcpiOsEnterSleep
                0x00000000c0039689                AcpiOsWriteMemory
                0x00000000c00396ea                AcpiOsMapMemory
                0x00000000c0039795                AcpiOsUnmapMemory
                0x00000000c0039796                AcpiOsGetPhysicalAddress
                0x00000000c00397be                AcpiOsAllocate
                0x00000000c00397c3                AcpiOsFree
                0x00000000c00397c8                AcpiOsReadable
                0x00000000c00397db                AcpiOsWritable
                0x00000000c00397ee                AcpiOsGetThreadId
                0x00000000c00397f6                AcpiOsExecute
                0x00000000c0039809                AcpiOsSleep
                0x00000000c0039829                AcpiOsStall
                0x00000000c0039876                AcpiOsCreateSemaphore
                0x00000000c00398a3                AcpiOsDeleteSemaphore
                0x00000000c00398b7                AcpiOsWaitSemaphore
                0x00000000c0039941                AcpiOsSignalSemaphore
                0x00000000c0039967                AcpiOsCreateLock
                0x00000000c0039983                AcpiOsDeleteLock
                0x00000000c0039984                AcpiOsAcquireLock
                0x00000000c0039989                AcpiOsReleaseLock
                0x00000000c003998e                AcpiOsInstallInterruptHandler
                0x00000000c00399ce                AcpiOsRemoveInterruptHandler
                0x00000000c00399e1                __i__int_str
                0x00000000c0039c40                __i_displayCharacter
                0x00000000c0039c5f                __i_displayString
                0x00000000c0039cae                __i_internal_printf
                0x00000000c0039cb1                AcpiOsVprintf
                0x00000000c0039cb2                AcpiOsPrintf
 *fill*         0x00000000c0039cb3        0x1 
 .text          0x00000000c0039cb4      0x5c9 core/computer.32
                0x00000000c0039cb4                Computer::close(int, int, void*)
                0x00000000c0039cf8                Computer::Computer()
                0x00000000c0039cf8                Computer::Computer()
                0x00000000c0039d86                Computer::setBootMessage(char const*)
                0x00000000c0039d88                Computer::start()
                0x00000000c0039e62                firstTask()
                0x00000000c0039e70                Computer::detectFeatures()
                0x00000000c003a04a                Computer::open(int, int, void*)
                0x00000000c003a112                Computer::displayFeatures()
                0x00000000c003a114                Computer::rdmsr(unsigned int)
                0x00000000c003a140                Computer::wrmsr(unsigned int, unsigned long long)
                0x00000000c003a178                Computer::nmiEnabled()
                0x00000000c003a184                Computer::enableNMI(bool)
                0x00000000c003a1a2                Computer::disableNMI()
                0x00000000c003a1b4                Computer::readCMOS(unsigned char)
                0x00000000c003a1ce                Computer::writeCMOS(unsigned char, unsigned char)
                0x00000000c003a1ec                Computer::handleNMI()
                0x00000000c003a252                Computer::setDiskActivityLight(int, bool)
 .text          0x00000000c003a27d      0xe6e core/elf.32
                0x00000000c003a27d                allocateMemoryForTask(Process*, File*, unsigned long, unsigned long, unsigned long)
                0x00000000c003a507                loadProgramIntoMemory(Process*, char const*)
                0x00000000c003a72c                runtimeReferenceHelper()
                0x00000000c003a73f                getAddressOfKernelSymbol(char const*)
                0x00000000c003a78e                loadKernelSymbolTable(char const*)
                0x00000000c003aa52                loadDriverIntoMemory(char const*, unsigned long)
                0x00000000c003b014                loadDLL(char const*)
                0x00000000c003b0dd                executeDLL(unsigned long, void*)
 *fill*         0x00000000c003b0eb        0x1 
 .text          0x00000000c003b0ec      0x117 core/gdt.32
                0x00000000c003b0ec                GDTEntry::setBase(unsigned int)
                0x00000000c003b108                GDTEntry::setLimit(unsigned int)
                0x00000000c003b126                GDT::GDT()
                0x00000000c003b126                GDT::GDT()
                0x00000000c003b132                GDT::addEntry(GDTEntry)
                0x00000000c003b16e                GDT::getNumberOfEntries()
                0x00000000c003b176                GDT::flush()
                0x00000000c003b198                GDT::setup()
 .text          0x00000000c003b203       0x75 core/idle.32
                0x00000000c003b203                idleFunction(void*)
 .text          0x00000000c003b278      0x427 core/idt.32
                0x00000000c003b278                IDTEntry::IDTEntry(bool)
                0x00000000c003b278                IDTEntry::IDTEntry(bool)
                0x00000000c003b2a4                IDTEntry::setOffset(unsigned int)
                0x00000000c003b2b8                IDT::IDT()
                0x00000000c003b2b8                IDT::IDT()
                0x00000000c003b2ba                IDT::getPointerToInvalidOpcodeEntryForF00F()
                0x00000000c003b2c2                IDT::addEntry(IDTEntry, int)
                0x00000000c003b2dc                IDT::addEntry(int, void (*)(), bool)
                0x00000000c003b31e                IDT::flush()
                0x00000000c003b338                IDT::setup()
 .text          0x00000000c003b69f      0x651 core/kconsole.32
                0x00000000c003b69f                stringifyxWithBase(unsigned int, char*, int)
                0x00000000c003b700                logc(char)
                0x00000000c003b717                logs(char*)
                0x00000000c003b745                logWriteInt(unsigned int)
                0x00000000c003b7d6                logWriteIntBase(unsigned int, int)
                0x00000000c003b85c                kprintf(char const*, ...)
                0x00000000c003b9ba                panic(char const*)
 .text          0x00000000c003bcf0      0x1d2 core/kheap.32
                0x00000000c003bcf0                sbrk
                0x00000000c003bdcd                mmap
                0x00000000c003bde3                munmap
                0x00000000c003bdf9                liballoc_lock()
                0x00000000c003be0a                liballoc_unlock()
                0x00000000c003be1b                liballoc_alloc(int)
                0x00000000c003be36                liballoc_free(void*, int)
                0x00000000c003be54                realloc
                0x00000000c003be68                malloc
                0x00000000c003be78                free
                0x00000000c003be88                rfree
                0x00000000c003be98                calloc
 .text          0x00000000c003bec2      0x3d8 core/main.32
                0x00000000c003bec2                hwTextMode_loadInData(VgaText*)
                0x00000000c003bf07                hwTextMode_loadInTitle(VgaText*, char*)
                0x00000000c003bf49                hwTextMode_update(VgaText*)
                0x00000000c003bf4a                hwTextMode_updateCursor(VgaText*)
                0x00000000c003bf92                hwTextMode_scrollScreen(VgaText*)
                0x00000000c003c018                hwTextMode_writeCharacter(VgaText*, char, VgaColour, VgaColour, int, int)
                0x00000000c003c076                hwTextMode_showCursor(VgaText*, bool)
                0x00000000c003c0ca                hwTextMode_disableBlink(VgaText*, bool)
                0x00000000c003c106                setupTextMode()
                0x00000000c003c157                kernel_main
 .text          0x00000000c003c29a      0x510 core/physmgr.32
                0x00000000c003c29a                PhysMem::allocateDMA(unsigned long)
                0x00000000c003c33d                PhysMem::freeDMA(unsigned long, unsigned long)
                0x00000000c003c385                PhysMem::setPageState(unsigned long, bool)
                0x00000000c003c3b7                PhysMem::getPageState(unsigned long)
                0x00000000c003c3d3                PhysMem::freePage(unsigned long)
                0x00000000c003c47f                PhysMem::allocatePage()
                0x00000000c003c55d                PhysMem::allowSegmentToBeUsed(unsigned long, unsigned long)
                0x00000000c003c5a8                PhysMem::physicalMemorySetup(unsigned int)
 .text          0x00000000c003c7aa      0x235 core/pipe.32
                0x00000000c003c7aa                Pipe::isAtty()
                0x00000000c003c7ae                Pipe::~Pipe()
                0x00000000c003c7ae                Pipe::~Pipe()
                0x00000000c003c7be                Pipe::~Pipe()
                0x00000000c003c7e2                Pipe::read(unsigned long long, void*, int*)
                0x00000000c003c8d6                Pipe::write(unsigned long long, void*, int*)
                0x00000000c003c99e                Pipe::Pipe(int)
                0x00000000c003c99e                Pipe::Pipe(int)
 *fill*         0x00000000c003c9df        0x1 
 .text          0x00000000c003c9e0     0x16ac core/prcssthr.32
                0x00000000c003c9e0                userModeEntryPoint(void*)
                0x00000000c003ca06                changeTSS
                0x00000000c003ca34                Process::createThread(void (*)(void*), void*, int)
                0x00000000c003cb94                Process::createUserThread()
                0x00000000c003cbb0                Process::addArgs(char**)
                0x00000000c003cc0a                Process::Process(char const*, Process*, char**)
                0x00000000c003cc0a                Process::Process(char const*, Process*, char**)
                0x00000000c003cd5c                Process::Process(bool, char const*, Process*, char**)
                0x00000000c003cd5c                Process::Process(bool, char const*, Process*, char**)
                0x00000000c003ce96                setupMultitasking(void (*)())
                0x00000000c003d037                disableIRQs()
                0x00000000c003d03f                getIRQNestingLevel()
                0x00000000c003d045                enableIRQs()
                0x00000000c003d054                lockScheduler()
                0x00000000c003d056                unlockScheduler()
                0x00000000c003d065                lockStuff()
                0x00000000c003d073                taskStartupFunction
                0x00000000c003d07c                updateTimeUsed()
                0x00000000c003d110                switchToThread(ThreadControlBlock*)
                0x00000000c003d12b                schedule()
                0x00000000c003d318                unlockStuff()
                0x00000000c003d354                forkProcess(regs*)
                0x00000000c003d555                blockTaskWithSchedulerLockAlreadyHeld(TaskState)
                0x00000000c003d5a3                blockTask(TaskState)
                0x00000000c003d5d0                waitTask(int, int*, int)
                0x00000000c003d6e1                execveProcess(char const*, char* const*, char* const*)
                0x00000000c003d78d                unblockTask(ThreadControlBlock*)
                0x00000000c003d878                cleanupTerminatedTask(ThreadControlBlock*)
                0x00000000c003dc31                cleanerTaskFunction(void*)
                0x00000000c003dd57                terminateTask(int)
                0x00000000c003de62                nanoSleepUntil(unsigned long long)
                0x00000000c003de80                nanoSleep(unsigned long long)
                0x00000000c003deac                sleep(unsigned long long)
                0x00000000c003dee3                taskReturned
                0x00000000c003df2a                Semaphore::Semaphore(int)
                0x00000000c003df2a                Semaphore::Semaphore(int)
                0x00000000c003df4a                Semaphore::tryAcquire()
                0x00000000c003df80                Semaphore::assertLocked(char const*)
                0x00000000c003dfbc                Semaphore::acquire()
                0x00000000c003e02c                Semaphore::release()
                0x00000000c003e06c                Mutex::Mutex()
                0x00000000c003e06c                Mutex::Mutex()
 .text          0x00000000c003e08c      0xe16 core/syscalls.32
                0x00000000c003e08c                sysCallGetPID(regs*)
                0x00000000c003e098                sysCallSeekDir(regs*)
                0x00000000c003e09d                sysCallVerify(regs*)
                0x00000000c003e0a7                sysCallGetArgc(regs*)
                0x00000000c003e0b7                sysFormatDisk(regs*)
                0x00000000c003e121                sysSetDiskVolumeLabel(regs*)
                0x00000000c003e167                sysGetDiskVolumeLabel(regs*)
                0x00000000c003e1b8                sysCallWrite(regs*)
                0x00000000c003e226                sysCallRead(regs*)
                0x00000000c003e294                sysCallReadDir(regs*)
                0x00000000c003e303                sysCallIsATTY(regs*)
                0x00000000c003e356                sysCallGetCwd(regs*)
                0x00000000c003e375                sysCallSetCwd(regs*)
                0x00000000c003e391                sysCallRealpath(regs*)
                0x00000000c003e3d4                sysCallSeek(regs*)
                0x00000000c003e425                sysCallTell(regs*)
                0x00000000c003e471                sysCallSizeFromFilename(regs*)
                0x00000000c003e4ea                sysCallSize(regs*)
                0x00000000c003e53c                sysCallClose(regs*)
                0x00000000c003e58a                sysCallMakeDir(regs*)
                0x00000000c003e5e3                sysCallCloseDir(regs*)
                0x00000000c003e631                sysCallWait(regs*)
                0x00000000c003e64b                sysCallFork(regs*)
                0x00000000c003e667                sysCallExecve(regs*)
                0x00000000c003e6bc                sysCallRmdir(regs*)
                0x00000000c003e70e                sysCallUnlink(regs*)
                0x00000000c003e710                sysCallGetArgv(regs*)
                0x00000000c003e75c                sysCallUSleep(regs*)
                0x00000000c003e783                sysAppSettings(regs*)
                0x00000000c003e8a2                sysSetFatAttrib(regs*)
                0x00000000c003e902                sysPanic(regs*)
                0x00000000c003e928                sysPipe(regs*)
                0x00000000c003e96d                sysGetUnixTime(regs*)
                0x00000000c003e981                sysShutdown(regs*)
                0x00000000c003e9c9                sysCallOpen(regs*)
                0x00000000c003eab9                sysCallOpenDir(regs*)
                0x00000000c003eb26                sysCallTTYName(regs*)
                0x00000000c003eba2                sysCallGetEnv(regs*)
                0x00000000c003ebf4                sysCallSpawn(regs*)
                0x00000000c003ec64                sysCallTellDir(regs*)
                0x00000000c003ec69                string_ends_with(char const*, char const*)
                0x00000000c003ecb1                setupSystemCalls()
                0x00000000c003ee60                systemCall(regs*, void*)
 .text          0x00000000c003eea2      0xe4b core/terminal.32
                0x00000000c003eea2                VgaText::isAtty()
                0x00000000c003eea6                VgaText::~VgaText()
                0x00000000c003eea6                VgaText::~VgaText()
                0x00000000c003eeb6                VgaText::~VgaText()
                0x00000000c003eedc                VgaText::read(unsigned long long, void*, int*)
                0x00000000c003eefc                setTerminalScrollLock(bool)
                0x00000000c003eefd                addToTerminalCycle(VgaText*)
                0x00000000c003ef2a                installVgaTextImplementation()
                0x00000000c003ef3f                scrollTerminalScrollLock(int)
                0x00000000c003ef40                VgaText::load()
                0x00000000c003ef94                VgaText::writeCharacter(char, VgaColour, VgaColour, int, int)
                0x00000000c003efe8                VgaText::updateCursor()
                0x00000000c003f002                VgaText::scrollScreen()
                0x00000000c003f094                VgaText::showCursor(bool)
                0x00000000c003f0a4                VgaText::disableBlink(bool)
                0x00000000c003f0de                setActiveTerminal(VgaText*)
                0x00000000c003f173                doTerminalCycle()
                0x00000000c003f190                VgaText::doANSI_SGR(int)
                0x00000000c003f21c                VgaText::setDefaultBgColour(VgaColour)
                0x00000000c003f232                VgaText::setDefaultFgColour(VgaColour)
                0x00000000c003f248                VgaText::setDefaultColours(VgaColour, VgaColour)
                0x00000000c003f26e                VgaText::combineColours(unsigned char, unsigned char)
                0x00000000c003f280                VgaText::combineCharAndColour(char, unsigned char)
                0x00000000c003f292                VgaText::getCursorX()
                0x00000000c003f29e                VgaText::getCursorY()
                0x00000000c003f2aa                VgaText::setCursor(int, int)
                0x00000000c003f2c8                VgaText::setCursorX(int)
                0x00000000c003f2dc                VgaText::setCursorY(int)
                0x00000000c003f2f0                VgaText::incrementCursor(bool)
                0x00000000c003f358                VgaText::updateRAMUsageDisplay(int)
                0x00000000c003f38e                VgaText::updateDiskUsage()
                0x00000000c003f4c6                VgaText::updateTitle()
                0x00000000c003f50c                VgaText::setTitleTextColour(VgaColour)