Archive member included to satisfy reference by file (symbol)

/cygdrive/d/Users/Alex/Desktop/Toolchain/Output/bin/../lib/gcc/i386-banana/8.1.0/libkgcc.a(_divdi3.o)
                              fs/fat/ff.32 (__divdi3)
/cygdrive/d/Users/Alex/Desktop/Toolchain/Output/bin/../lib/gcc/i386-banana/8.1.0/libkgcc.a(_moddi3.o)
                              compat/resolve.32 (__moddi3)
/cygdrive/d/Users/Alex/Desktop/Toolchain/Output/bin/../lib/gcc/i386-banana/8.1.0/libkgcc.a(_udivdi3.o)
                              fs/fat/ff.32 (__udivdi3)
/cygdrive/d/Users/Alex/Desktop/Toolchain/Output/bin/../lib/gcc/i386-banana/8.1.0/libkgcc.a(_umoddi3.o)
                              compat/resolve.32 (__umoddi3)
D:/Users/Alex/Desktop/Banana/kernel/libsoftfp.a(sfieeelib.o)
                              hal/sound/sndhw.32 (__addsf3)
D:/Users/Alex/Desktop/Banana/kernel/libsoftfp.a(dfieeelib.o)
                              hal/libresample/src_linear.32 (__adddf3)
D:/Users/Alex/Desktop/Banana/kernel/libsoftfp.a(sfdfcvt.o)
                              hal/libresample/samplerate.32 (__truncdfsf2)
D:/Users/Alex/Desktop/Banana/kernel/libk/libm32.a(s_fabs.c.o)
                              hal/libresample/samplerate.32 (fabs)
D:/Users/Alex/Desktop/Banana/kernel/libk/libm32.a(s_lrint.S.o)
                              hal/libresample/samplerate.32 (lrint)
D:/Users/Alex/Desktop/Banana/kernel/libk/libm32.a(s_lrintf.S.o)
                              hal/sound/sndhw.32 (lrintf)

Discarded input sections

 .comment       0x0000000000000000       0x12 /cygdrive/d/Users/Alex/Desktop/Toolchain/Output/bin/../lib/gcc/i386-banana/8.1.0/crtbegin.o
 .comment       0x0000000000000000       0x12 acpica/utclib.32
 .comment       0x0000000000000000       0x12 core/malloc.32
 .comment       0x0000000000000000       0x12 libk/string.32
 .comment       0x0000000000000000       0x12 fs/fat/diskio.32
 .comment       0x0000000000000000       0x12 fs/fat/ff.32
 .comment       0x0000000000000000       0x12 fs/fat/ffsystem.32
 .comment       0x0000000000000000       0x12 fs/fat/ffunicode.32
 .comment       0x0000000000000000       0x12 hal/libresample/samplerate.32
 .comment       0x0000000000000000       0x12 hal/libresample/src_linear.32
 .comment       0x0000000000000000       0x12 hal/libresample/src_sinc.32
 .comment       0x0000000000000000       0x12 hal/libresample/src_zoh.32
 .comment       0x0000000000000000       0x12 compat/inlines.32
 .comment       0x0000000000000000       0x12 compat/resolve.32
 .group         0x0000000000000000       0x14 core/computer.32
 .group         0x0000000000000000        0xc core/computer.32
 .comment       0x0000000000000000       0x12 core/computer.32
 .comment       0x0000000000000000       0x12 core/gdt.32
 .group         0x0000000000000000        0xc core/idle.32
 .comment       0x0000000000000000       0x12 core/idle.32
 .comment       0x0000000000000000       0x12 core/idt.32
 .comment       0x0000000000000000       0x12 core/kheap.32
 .comment       0x0000000000000000       0x12 core/main.32
 .comment       0x0000000000000000       0x12 core/physmgr.32
 .group         0x0000000000000000        0xc core/pipe.32
 .comment       0x0000000000000000       0x12 core/pipe.32
 .group         0x0000000000000000        0xc core/terminal.32
 .comment       0x0000000000000000       0x12 core/terminal.32
 .comment       0x0000000000000000       0x12 core/tss.32
 .group         0x0000000000000000        0x8 core/unixfile.32
 .group         0x0000000000000000        0xc core/unixfile.32
 .group         0x0000000000000000        0xc core/unixfile.32
 .group         0x0000000000000000        0x8 core/unixfile.32
 .group         0x0000000000000000        0xc core/unixfile.32
 .group         0x0000000000000000        0x8 core/unixfile.32
 .group         0x0000000000000000        0xc core/unixfile.32
 .group         0x0000000000000000        0xc core/unixfile.32
 .comment       0x0000000000000000       0x12 core/unixfile.32
 .comment       0x0000000000000000       0x12 core/virtmgr.32
 .comment       0x0000000000000000       0x12 coreobjs/c++.32
 .comment       0x0000000000000000       0x12 dbg/kconsole.32
 .group         0x0000000000000000        0xc fs/vfs.32
 .group         0x0000000000000000        0xc fs/vfs.32
 .group         0x0000000000000000        0xc fs/vfs.32
 .comment       0x0000000000000000       0x12 fs/vfs.32
 .group         0x0000000000000000        0xc hal/bus.32
 .comment       0x0000000000000000       0x12 hal/bus.32
 .group         0x0000000000000000        0xc hal/buzzer.32
 .comment       0x0000000000000000       0x12 hal/buzzer.32
 .group         0x0000000000000000        0xc hal/clock.32
 .comment       0x0000000000000000       0x12 hal/clock.32
 .group         0x0000000000000000       0x14 hal/device.32
 .group         0x0000000000000000        0xc hal/device.32
 .group         0x0000000000000000        0xc hal/device.32
 .group         0x0000000000000000        0xc hal/device.32
[...]
Memory Configuration

Name             Origin             Length             Attributes
*default*        0x0000000000000000 0xffffffffffffffff

Linker script and memory map

LOAD D:/Users/Alex/Desktop/Banana/kernel/boot.32
LOAD crti.32
LOAD /cygdrive/d/Users/Alex/Desktop/Toolchain/Output/bin/../lib/gcc/i386-banana/8.1.0/crtbegin.o
LOAD D:/Users/Alex/Desktop/Banana/kernel/morenasm.32
LOAD acpica/utclib.32
LOAD core/malloc.32
LOAD libk/string.32
LOAD fs/fat/diskio.32
LOAD fs/fat/ff.32
LOAD fs/fat/ffsystem.32
LOAD fs/fat/ffunicode.32
LOAD hal/libresample/samplerate.32
LOAD hal/libresample/src_linear.32
LOAD hal/libresample/src_sinc.32
LOAD hal/libresample/src_zoh.32
LOAD compat/inlines.32
LOAD compat/resolve.32
LOAD core/computer.32
LOAD core/gdt.32
LOAD core/idle.32
LOAD core/idt.32
LOAD core/kheap.32
LOAD core/main.32
LOAD core/physmgr.32
LOAD core/pipe.32
LOAD core/terminal.32
LOAD core/tss.32
LOAD core/unixfile.32
LOAD core/virtmgr.32
LOAD coreobjs/c++.32
LOAD dbg/kconsole.32
LOAD fs/vfs.32
LOAD hal/bus.32
LOAD hal/buzzer.32
LOAD hal/clock.32
LOAD hal/device.32
LOAD hal/diskctrl.32
LOAD hal/diskphys.32
LOAD hal/fpu.32
LOAD hal/intctrl.32
LOAD hal/keybrd.32
LOAD hal/logidisk.32
LOAD hal/mouse.32
LOAD hal/partition.32
LOAD hal/serial.32
LOAD hal/timer.32
LOAD hal/vcache.32
LOAD hal/video.32
LOAD hw/acpi.32
LOAD hw/cpu.32
LOAD hw/ports.32
LOAD hw/smp.32
LOAD krnl/env.32
LOAD krnl/panic.32
LOAD net/ethernet.32
LOAD reg/registry.32
LOAD sys/sc_eject.32
LOAD sys/sc_exit.32
LOAD sys/sc_getcwd.32
LOAD sys/sc_getpid.32
LOAD sys/sc_getramdata.32
LOAD sys/sc_loaddll.32
LOAD sys/sc_read.32
LOAD sys/sc_sbrk.32
LOAD sys/sc_setcwd.32
LOAD sys/sc_settime.32
LOAD sys/sc_timezone.32
LOAD sys/sc_write.32
LOAD sys/sc_wsbe.32
LOAD sys/sc_yield.32
LOAD sys/syscalls.32
LOAD thr/elf.32
LOAD thr/prcssthr.32
LOAD vm86/vm8086.32
LOAD vm86/x87em.32
LOAD fs/fat/vfslink.32
LOAD fs/iso9660/vfslink.32
LOAD hal/sound/sndchannel.32
LOAD hal/sound/sndhw.32
LOAD hw/bus/isa.32
LOAD hw/bus/pci.32
LOAD hw/diskctrl/ide.32
LOAD hw/diskctrl/satabus.32
LOAD hw/diskphys/ata.32
LOAD hw/diskphys/atapi.32
LOAD hw/diskphys/sata.32
LOAD hw/diskphys/satapi.32
LOAD hw/fpu/avx.32
LOAD hw/fpu/mmx.32
LOAD hw/fpu/sse.32
LOAD hw/fpu/x87.32
LOAD hw/intctrl/apic.32
LOAD hw/intctrl/pic.32
LOAD hw/timer/apictimer.32
LOAD hw/timer/pit.32
LOAD hw/fpu/x86/avx.32
LOAD hw/fpu/x86/sse.32
LOAD hw/fpu/x86/x87.32
LOAD /cygdrive/d/Users/Alex/Desktop/Toolchain/Output/bin/../lib/gcc/i386-banana/8.1.0/crtend.o
LOAD crtn.32
LOAD /cygdrive/d/Users/Alex/Desktop/Toolchain/Output/bin/../lib/gcc/i386-banana/8.1.0/libkgcc.a
LOAD D:/Users/Alex/Desktop/Banana/kernel/libsoftfp.a
LOAD D:/Users/Alex/Desktop/Banana/kernel/libk/libm32.a
                0x00000000c0000000                . = 0xc0000000

.text           0x00000000c0000000    0x282c8
 *(.text)
 .text          0x00000000c0000000       0x41 D:/Users/Alex/Desktop/Banana/kernel/boot.32
                0x00000000c0000020                callGlobalConstructors
 .text          0x00000000c0000041        0x0 crti.32
 *fill*         0x00000000c0000041        0x3 
 .text          0x00000000c0000044      0x101 /cygdrive/d/Users/Alex/Desktop/Toolchain/Output/bin/../lib/gcc/i386-banana/8.1.0/crtbegin.o
 *fill*         0x00000000c0000145        0xb 
 .text          0x00000000c0000150      0x4ed D:/Users/Alex/Desktop/Banana/kernel/morenasm.32
                0x00000000c0000150                manualPCIProbe
                0x00000000c000019b                prepareTramp
                0x00000000c00001b4                voodooXADD
                0x00000000c000027f                doTPAUSE
                0x00000000c0000289                hasLegacyFPU
                0x00000000c00002ae                is486
                0x00000000c00002e4                detectCPUID
                0x00000000c00002fa                goToVM86
                0x00000000c000032a                goToUsermode
                0x00000000c0000354                switchToThreadASMFirstTime
                0x00000000c0000362                switchToThreadASM
                0x00000000c00003ea                asmQuickAcquireLock
                0x00000000c0000408                asmQuickReleaseLock
                0x00000000c0000414                asmAcquireLock
                0x00000000c0000435                asmReleaseLock
                0x00000000c0000448                loadGDT
                0x00000000c0000468                isr0
                0x00000000c0000478                isr1
                0x00000000c0000482                isr2
                0x00000000c000048c                isr3
                0x00000000c0000496                isr4
                0x00000000c00004a0                isr5
                0x00000000c00004aa                isr6
                0x00000000c00004b4                isr7
                0x00000000c00004be                isr8
                0x00000000c00004c6                isr9
                0x00000000c00004d0                isr10
                0x00000000c00004d8                isr11
                0x00000000c00004e0                isr12
                0x00000000c00004e8                isr13
                0x00000000c00004f0                isr14
                0x00000000c00004f8                isr15
                0x00000000c0000502                isr16
                0x00000000c000050c                isr17
                0x00000000c0000516                isr18
                0x00000000c0000520                irq3
                0x00000000c000052a                irq4
                0x00000000c0000534                irq5
                0x00000000c000053e                irq6
                0x00000000c0000548                irq7
                0x00000000c0000552                irq8
                0x00000000c000055c                irq9
                0x00000000c0000566                irq10
                0x00000000c0000570                irq11
                0x00000000c000057a                irq12
                0x00000000c0000584                irq13
                0x00000000c000058e                irq14
                0x00000000c0000598                irq15
                0x00000000c00005a2                irq1
                0x00000000c00005a9                irq2
                0x00000000c00005b0                isr96
                0x00000000c00005b7                irq0
                0x00000000c00005bc                int_common_stub
                0x00000000c00005bc                syscall_common_stub
                0x00000000c00005ed                irq16
                0x00000000c00005f7                irq17
                0x00000000c0000601                irq18
                0x00000000c000060b                irq19
                0x00000000c0000615                irq20
                0x00000000c000061f                irq21
                0x00000000c0000629                irq22
                0x00000000c0000633                irq23
 *fill*         0x00000000c000063d        0x3 
 .text          0x00000000c0000640      0x611 acpica/utclib.32
                0x00000000c0000640                memcmp
                0x00000000c000067c                memmove
                0x00000000c0000744                memcpy
                0x00000000c0000778                memset
                0x00000000c0000794                strlen
                0x00000000c00007ac                strpbrk
                0x00000000c00007e8                strtok
                0x00000000c0000834                strcpy
                0x00000000c0000858                strncpy
                0x00000000c00008c0                strcmp
                0x00000000c0000900                strchr
                0x00000000c0000924                strncmp
                0x00000000c0000974                strcat
                0x00000000c00009a4                strncat
                0x00000000c00009e0                strstr
                0x00000000c0000a28                toupper
                0x00000000c0000a3c                tolower
                0x00000000c0000a50                simple_strtoul
 .text          0x00000000c0000c51      0xfbf core/malloc.32
                0x00000000c0000dbc                dlfree
                0x00000000c0001117                dlmalloc
                0x00000000c0001654                dlrealloc
                0x00000000c0001809                dlmemalign
                0x00000000c000192c                dlcalloc
                0x00000000c00019c6                dlcfree
                0x00000000c00019cb                dlindependent_calloc
                0x00000000c00019f0                dlindependent_comalloc
                0x00000000c0001a07                dlvalloc
                0x00000000c0001a32                dlpvalloc
                0x00000000c0001a68                dlmalloc_trim
                0x00000000c0001a75                dlmalloc_usable_size
                0x00000000c0001aa6                dlmallinfo
                0x00000000c0001b75                dlmalloc_stats
                0x00000000c0001b86                dlmallopt
 .text          0x00000000c0001c10        0x0 libk/string.32
 .text          0x00000000c0001c10       0x51 fs/fat/diskio.32
                0x00000000c0001c10                disk_status
                0x00000000c0001c13                disk_initialize
                0x00000000c0001c16                disk_read
                0x00000000c0001c2c                disk_write
                0x00000000c0001c42                disk_ioctl
 .text          0x00000000c0001c61     0x6833 fs/fat/ff.32
                0x00000000c0004f2f                f_mount
                0x00000000c0004f91                f_open
                0x00000000c00053cd                f_read
                0x00000000c000564d                f_write
                0x00000000c0005907                f_sync
                0x00000000c0005ae3                f_close
                0x00000000c0005b12                f_lseek
                0x00000000c0005fc9                f_opendir
                0x00000000c00060cb                f_closedir
                0x00000000c00060ed                f_readdir
                0x00000000c0006188                f_stat
                0x00000000c0006217                f_getfree
                0x00000000c00063e2                f_truncate
                0x00000000c00064da                f_unlink
                0x00000000c000665d                f_mkdir
                0x00000000c0006889                f_rename
                0x00000000c0006b7c                f_chmod
                0x00000000c0006c5a                f_utime
                0x00000000c0006d38                f_getlabel
                0x00000000c0006f26                f_setlabel
                0x00000000c0007193                f_forward
                0x00000000c0007371                f_mkfs
 .text          0x00000000c0008494       0x2d fs/fat/ffsystem.32
                0x00000000c0008494                ff_memalloc
                0x00000000c00084aa                ff_memfree
 .text          0x00000000c00084c1      0x253 fs/fat/ffunicode.32
                0x00000000c00084c1                ff_uni2oem
                0x00000000c0008551                ff_oem2uni
                0x00000000c00085bd                ff_wtoupper
 .text          0x00000000c0008714      0x8fb hal/libresample/samplerate.32
                0x00000000c0008758                src_delete
                0x00000000c0008794                src_process
                0x00000000c000894a                src_callback_read
                0x00000000c0008ac7                src_set_ratio
                0x00000000c0008b31                src_get_channels
                0x00000000c0008b53                src_reset
                0x00000000c0008b9f                src_new
                0x00000000c0008c2d                src_callback_new
                0x00000000c0008c8f                src_get_name
                0x00000000c0008cc6                src_get_description
                0x00000000c0008cfd                src_get_version
                0x00000000c0008d03                src_is_valid_ratio
                0x00000000c0008d57                src_error
                0x00000000c0008d65                src_strerror
                0x00000000c0008d78                src_simple
                0x00000000c0008dcb                src_short_to_float_array
                0x00000000c0008e30                src_float_to_short_array
                0x00000000c0008eef                src_int_to_float_array
                0x00000000c0008f52                src_float_to_int_array
 .text          0x00000000c000900f      0x8cb hal/libresample/src_linear.32
                0x00000000c0009835                linear_get_name
                0x00000000c0009844                linear_get_description
                0x00000000c0009853                linear_set_converter
 .text          0x00000000c00098da     0x447c hal/libresample/src_sinc.32
                0x00000000c000dc6d                sinc_get_name
                0x00000000c000dc80                sinc_get_description
                0x00000000c000dc93                sinc_set_converter
 .text          0x00000000c000dd56      0x77c hal/libresample/src_zoh.32
                0x00000000c000e42d                zoh_get_name
                0x00000000c000e43c                zoh_get_description
                0x00000000c000e44b                zoh_set_converter
 .text          0x00000000c000e4d2       0x23 compat/inlines.32
                0x00000000c000e4d2                CPU::current()
                0x00000000c000e4df                operator new(unsigned long)
 .text          0x00000000c000e4f5      0x111 compat/resolve.32
                0x00000000c000e4f5                Krnl::resolveCompatibilitySymbol(char*)
 .text          0x00000000c000e606      0xa17 core/computer.32
                0x00000000c000e606                Computer::close(int, int, void*)
                0x00000000c000e64a                Krnl::firstTask()
                0x00000000c000e73a                Computer::Computer()
                0x00000000c000e73a                Computer::Computer()
                0x00000000c000e896                Computer::setBootMessage(char const*)
                0x00000000c000e898                Computer::detectFeatures()
                0x00000000c000eaa2                Computer::displayFeatures()
                0x00000000c000ede8                Computer::rdmsr(unsigned int)
                0x00000000c000ee14                Computer::wrmsr(unsigned int, unsigned long long)
                0x00000000c000ee4c                Computer::nmiEnabled()
                0x00000000c000ee58                Computer::readCMOS(unsigned char)
                0x00000000c000ee72                Computer::enableNMI(bool)
                0x00000000c000ee8a                Computer::open(int, int, void*)
                0x00000000c000ef60                Computer::disableNMI()
                0x00000000c000ef6e                Computer::writeCMOS(unsigned char, unsigned char)
                0x00000000c000ef8c                Computer::handleNMI()
                0x00000000c000eff2                Computer::setDiskActivityLight(int, bool)
 *fill*         0x00000000c000f01d        0x1 
 .text          0x00000000c000f01e      0x1b7 core/gdt.32
                0x00000000c000f01e                GDTEntry::setBase(unsigned int)
                0x00000000c000f03a                GDTEntry::setLimit(unsigned int)
                0x00000000c000f058                GDT::GDT()
                0x00000000c000f058                GDT::GDT()
                0x00000000c000f06e                GDT::addEntry(GDTEntry)
                0x00000000c000f0aa                GDT::getNumberOfEntries()
                0x00000000c000f0b2                GDT::flush()
                0x00000000c000f0d4                GDT::setup()
 .text          0x00000000c000f1d5       0x62 core/idle.32
                0x00000000c000f1d5                idleFunction(void*)
 *fill*         0x00000000c000f237        0x1 
 .text          0x00000000c000f238      0x45f core/idt.32
                0x00000000c000f238                IDTEntry::IDTEntry(bool)
                0x00000000c000f238                IDTEntry::IDTEntry(bool)
                0x00000000c000f2a6                IDTEntry::setOffset(unsigned int)
                0x00000000c000f2ba                IDT::IDT()
                0x00000000c000f2ba                IDT::IDT()
                0x00000000c000f2bc                IDT::getPointerToInvalidOpcodeEntryForF00F()
                0x00000000c000f2c4                IDT::addEntry(IDTEntry, int)
                0x00000000c000f2de                IDT::addEntry(int, void (*)(), bool)
                0x00000000c000f316                IDT::flush()
                0x00000000c000f330                IDT::setup()
 .text          0x00000000c000f697      0x203 core/kheap.32
                0x00000000c000f697                sbrk
                0x00000000c000f7a5                mmap
                0x00000000c000f7bb                munmap
                0x00000000c000f7d1                liballoc_lock()
                0x00000000c000f7e2                liballoc_unlock()
                0x00000000c000f7f3                liballoc_alloc(int)
                0x00000000c000f80e                liballoc_free(void*, int)
                0x00000000c000f82c                realloc
                0x00000000c000f840                malloc
                0x00000000c000f850                free
                0x00000000c000f860                rfree
                0x00000000c000f870                calloc
 .text          0x00000000c000f89a      0x482 core/main.32
                0x00000000c000f89a                hwTextMode_loadInData(VgaText*)
                0x00000000c000f8e5                hwTextMode_loadInTitle(VgaText*, char*)
                0x00000000c000f963                hwTextMode_showCursor(VgaText*, bool)
                0x00000000c000f9c1                hwTextMode_update(VgaText*)
                0x00000000c000f9c2                hwTextMode_updateCursor(VgaText*)
                0x00000000c000fa13                hwTextMode_disableBlink(VgaText*, bool)
                0x00000000c000fa59                hwTextMode_scrollScreen(VgaText*)
                0x00000000c000fb06                hwTextMode_writeCharacter(VgaText*, char, VgaColour, VgaColour, int, int)
                0x00000000c000fb88                setupTextMode()
                0x00000000c000fbf8                kernel_main
 .text          0x00000000c000fd1c      0x54d core/physmgr.32
                0x00000000c000fd1c                Phys::allocateDMA(unsigned long)
                0x00000000c000fdbf                Phys::freeDMA(unsigned long, unsigned long)
                0x00000000c000fe07                Phys::setPageState(unsigned long, bool)
                0x00000000c000fe39                Phys::getPageState(unsigned long)
                0x00000000c000fe55                Phys::freePage(unsigned long)
                0x00000000c000fedf                Phys::allocatePage()
                0x00000000c000ffa7                Phys::allocateContiguousPages(int)
                0x00000000c0010001                Phys::allowSegmentToBeUsed(unsigned long, unsigned long)
                0x00000000c0010039                Phys::physicalMemorySetup(unsigned int)
 *fill*         0x00000000c0010269        0x1 
 .text          0x00000000c001026a      0x273 core/pipe.32
                0x00000000c001026a                Pipe::isAtty()
                0x00000000c001026e                Pipe::~Pipe()
                0x00000000c001026e                Pipe::~Pipe()
                0x00000000c0010292                Pipe::~Pipe()
                0x00000000c00102ba                Pipe::read(unsigned long long, void*, int*)
                0x00000000c00103ae                Pipe::write(unsigned long long, void*, int*)
                0x00000000c0010476                Pipe::Pipe(int)
                0x00000000c0010476                Pipe::Pipe(int)
 *fill*         0x00000000c00104dd        0x1 
 .text          0x00000000c00104de      0xf73 core/terminal.32
                0x00000000c00104de                VgaText::isAtty()
                0x00000000c00104e2                VgaText::~VgaText()
                0x00000000c00104e2                VgaText::~VgaText()
                0x00000000c0010506                VgaText::~VgaText()
                0x00000000c0010530                VgaText::read(unsigned long long, void*, int*)
                0x00000000c0010550                setTerminalScrollLock(bool)
                0x00000000c0010551                addToTerminalCycle(VgaText*)
                0x00000000c001057e                installVgaTextImplementation()
                0x00000000c0010593                scrollTerminalScrollLock(int)
                0x00000000c0010594                VgaText::load()
                0x00000000c00105e8                VgaText::updateCursor()
                0x00000000c0010602                VgaText::showCursor(bool)
                0x00000000c0010612                VgaText::disableBlink(bool)
                0x00000000c001064c                VgaText::doANSI_SGR(int)
                0x00000000c00106d8                VgaText::setDefaultBgColour(VgaColour)
                0x00000000c00106ee                VgaText::setDefaultFgColour(VgaColour)
                0x00000000c0010704                VgaText::setDefaultColours(VgaColour, VgaColour)
                0x00000000c0010724                VgaText::combineColours(unsigned char, unsigned char)
                0x00000000c0010736                VgaText::scrollScreen()
                0x00000000c00107ca                VgaText::combineCharAndColour(char, unsigned char)
                0x00000000c00107dc                VgaText::writeCharacter(char, VgaColour, VgaColour, int, int)
                0x00000000c001083c                VgaText::getCursorX()
                0x00000000c0010848                VgaText::getCursorY()
                0x00000000c0010854                VgaText::setCursor(int, int)
                0x00000000c0010872                VgaText::setCursorX(int)
                0x00000000c001088e                VgaText::setCursorY(int)
                0x00000000c00108aa                VgaText::incrementCursor(bool)
                0x00000000c0010912                VgaText::updateRAMUsageDisplay(int)
                0x00000000c0010976                VgaText::updateDiskUsage()
                0x00000000c0010ae0                VgaText::updateTitle()
                0x00000000c0010b26                VgaText::setTitleTextColour(VgaColour)
                0x00000000c0010b36                VgaText::setTitleColour(VgaColour)
                0x00000000c0010b46                VgaText::setTitle(char*)
                0x00000000c0010b6c                VgaText::decrementCursor(bool)
                0x00000000c0010b94                VgaText::putchar(char, VgaColour, VgaColour)
                0x00000000c0010c90                VgaText::isShowingCursor()
                0x00000000c0010c9c                VgaText::isBlinkDisabled()
                0x00000000c0010caa                VgaText::setCursorHeight(int)
                0x00000000c0010cc8                VgaText::getCursorHeight()
                0x00000000c0010cd3                setActiveTerminal(VgaText*)
                0x00000000c0010d85                doTerminalCycle()
                0x00000000c0010da2                VgaText::doUpdate()
                0x00000000c0010db4                VgaText::puts(char const*, VgaColour, VgaColour)
                0x00000000c0010f74                VgaText::clearScreen()
                0x00000000c0010fd8                VgaText::putchar(char)
                0x00000000c00110f2                VgaText::puts(char const*)
                0x00000000c0011118                VgaText::putx(unsigned int)
                0x00000000c001115e                VgaText::VgaText(char const*)
                0x00000000c001115e                VgaText::VgaText(char const*)
                0x00000000c00112f0                VgaText::receiveKey(unsigned char)
                0x00000000c00113d8                VgaText::write(unsigned long long, void*, int*)
                0x00000000c001142c                newTerminal(char*)
 *fill*         0x00000000c0011451        0x1 
 .text          0x00000000c0011452      0x1b3 core/tss.32
                0x00000000c0011452                TSS::TSS()
                0x00000000c0011452                TSS::TSS()
                0x00000000c0011460                TSS::setESP(unsigned long)
                0x00000000c0011472                TSS::flush()
                0x00000000c0011492                TSS::setup(unsigned long, unsigned long)
 *fill*         0x00000000c0011605        0x1 
 .text          0x00000000c0011606      0x4c2 core/unixfile.32
                0x00000000c0011606                ReservedFilename::read(unsigned long long, void*, int*)
                0x00000000c001165c                ReservedFilename::isAtty()
                0x00000000c0011678                ReservedFilename::write(unsigned long long, void*, int*)
                0x00000000c00116d6                UnixFile::getFileDescriptor()
                0x00000000c00116de                UnixFile::UnixFile(int)
                0x00000000c00116de                UnixFile::UnixFile(int)
                0x00000000c001188e                ReservedFilename::ReservedFilename(int)
                0x00000000c001188e                ReservedFilename::ReservedFilename(int)
                0x00000000c00118c0                UnixFile::~UnixFile()
                0x00000000c00118c0                UnixFile::~UnixFile()
                0x00000000c0011958                UnixFile::~UnixFile()
                0x00000000c0011980                ReservedFilename::~ReservedFilename()
                0x00000000c0011980                ReservedFilename::~ReservedFilename()
                0x00000000c00119a4                ReservedFilename::~ReservedFilename()
                0x00000000c00119cb                getFromFileDescriptor(int)
 .text          0x00000000c0011ac8      0xf80 core/virtmgr.32
                0x00000000c0011ac8                Virt::setPageState(unsigned long, Virt::VirtPageState)
                0x00000000c0011afd                Virt::getPageState(unsigned long)
                0x00000000c0011b21                Virt::allocateKernelVirtualPages(int)
                0x00000000c0011c32                Virt::virtualMemorySetup()
                0x00000000c0011cb1                Virt::getAKernelVAS()
                0x00000000c0011cb7                Virt::setupPageSwapping(int)
                0x00000000c0011de6                VAS::VAS()
                0x00000000c0011de6                VAS::VAS()
                0x00000000c0011e16                VAS::VAS(VAS*)
                0x00000000c0011e16                VAS::VAS(VAS*)
                0x00000000c0011e3a                VAS::getForeignPageTableEntry(bool, unsigned long)
                0x00000000c0011e66                VAS::getPageTableEntry(unsigned long)
                0x00000000c0011e85                Virt::freeKernelVirtualPages(unsigned long)
                0x00000000c0011fa8                VAS::freeAllocatedPages(unsigned long)
                0x00000000c0011fcc                VAS::virtualToPhysical(unsigned long)
                0x00000000c0011fe4                VAS::reflagRange(unsigned long, int, int, int)
                0x00000000c0012024                VAS::setToWriteCombining(unsigned long, int)
                0x00000000c0012056                VAS::mapOtherVASIn(bool, VAS*)
                0x00000000c0012080                VAS::~VAS()
                0x00000000c0012080                VAS::~VAS()
                0x00000000c00121ec                VAS::mapPage(unsigned long, unsigned long, int)
                0x00000000c00122ec                VAS::allocatePages(int, int)
                0x00000000c00124c4                VAS::setCPUSpecific(unsigned long)
                0x00000000c00124e0                VAS::mapRange(unsigned long, unsigned long, int, int)
                0x00000000c00125a6                VAS::mapForeignPage(bool, VAS*, unsigned long, unsigned long, int)
                0x00000000c0012694                VAS::VAS(bool)
                0x00000000c0012694                VAS::VAS(bool)
                0x00000000c00128f0                VAS::scanForSwappable()
                0x00000000c0012980                mapVASFirstTime
 .text          0x00000000c0012a48       0x95 coreobjs/c++.32
                0x00000000c0012a48                __cxa_atexit
                0x00000000c0012a4b                __cxa_finalize
                0x00000000c0012a4c                __stack_chk_fail
                0x00000000c0012ab8                __cxa_pure_virtual
                0x00000000c0012ac9                operator new[](unsigned long)
                0x00000000c0012ace                operator delete(void*, unsigned long)
                0x00000000c0012ad3                operator delete[](void*)
                0x00000000c0012ad8                operator delete[](void*, unsigned long)
 .text          0x00000000c0012add      0x1ef dbg/kconsole.32
                0x00000000c0012add                Dbg::stringifyxWithBase(unsigned int, char*, int)
                0x00000000c0012b3e                Dbg::logc(char)
                0x00000000c0012b55                Dbg::logs(char*)
                0x00000000c0012b72                Dbg::logWriteInt(unsigned int)
                0x00000000c0012b8f                Dbg::logWriteIntBase(unsigned int, int)
                0x00000000c0012bae                Dbg::kprintf(char const*, ...)
 .text          0x00000000c0012ccc      0xb7c fs/vfs.32
                0x00000000c0012ccc                File::read(unsigned long long, void*, int*)
                0x00000000c0012d24                File::write(unsigned long long, void*, int*)
                0x00000000c0012d7c                Directory::read(unsigned long long, void*, int*)
                0x00000000c0012dd4                Directory::write(unsigned long long, void*, int*)
                0x00000000c0012e02                File::isAtty()
                0x00000000c0012e06                Directory::isAtty()
                0x00000000c0012e0a                Filesystem::getlabel(LogicalDisk*, int, char*, unsigned int*)
                0x00000000c0012e10                Filesystem::setlabel(LogicalDisk*, int, char*)
                0x00000000c0012e16                File::~File()
                0x00000000c0012e16                File::~File()
                0x00000000c0012e3a                File::~File()
                0x00000000c0012e64                Directory::~Directory()
                0x00000000c0012e64                Directory::~Directory()
                0x00000000c0012e88                Directory::~Directory()
                0x00000000c0012eb2                Filesystem::Filesystem()
                0x00000000c0012eb2                Filesystem::Filesystem()
                0x00000000c0012ed6                Filesystem::~Filesystem()
                0x00000000c0012ed6                Filesystem::~Filesystem()
                0x00000000c0012ee4                Filesystem::~Filesystem()
                0x00000000c0012f08                Fs::getcwd(Process*, char*, int)
                0x00000000c0012f32                Fs::initVFS()
                0x00000000c0012f5c                Fs::standardiseFiles(char*, char const*, char const*)
                0x00000000c0013106                File::File(char const*, Process*)
                0x00000000c0013106                File::File(char const*, Process*)
                0x00000000c001316a                File::open(FileOpenMode)
                0x00000000c00131c8                File::close()
                0x00000000c0013228                File::seek(unsigned long long)
                0x00000000c001327e                File::tell(unsigned long long*)
                0x00000000c00132ce                File::rewind()
                0x00000000c00132e2                File::unlink()
                0x00000000c001332e                File::rename(char const*)
                0x00000000c001337c                File::chfatattr(unsigned char, unsigned char)
                0x00000000c00133d8                File::exists()
                0x00000000c0013416                File::stat(unsigned long long*, bool*)
                0x00000000c0013477                Fs::setcwd(Process*, char*)
                0x00000000c00135b2                Directory::Directory(char const*, Process*)
                0x00000000c00135b2                Directory::Directory(char const*, Process*)
                0x00000000c0013616                Directory::open()
                0x00000000c0013672                Directory::close()
                0x00000000c00136d2                Directory::unlink()
                0x00000000c001371e                Directory::rename(char const*)
                0x00000000c001376c                Directory::exists()
                0x00000000c00137aa                Directory::read(dirent*)
                0x00000000c00137f6                Directory::create()
                0x00000000c0013842                Filesystem::chfatattr(char const*, unsigned char, unsigned char)
 .text          0x00000000c0013848       0x84 hal/bus.32
                0x00000000c0013848                Bus::Bus(char const*)
                0x00000000c0013848                Bus::Bus(char const*)
                0x00000000c001387e                Bus::~Bus()
                0x00000000c001387e                Bus::~Bus()
                0x00000000c00138a2                Bus::~Bus()
 .text          0x00000000c00138cc      0x14e hal/buzzer.32
                0x00000000c00138cc                Buzzer::Buzzer(char const*)
                0x00000000c00138cc                Buzzer::Buzzer(char const*)
                0x00000000c0013910                Buzzer::~Buzzer()
                0x00000000c0013910                Buzzer::~Buzzer()
                0x00000000c0013934                Buzzer::~Buzzer()
                0x00000000c001395e                Buzzer::stop()
                0x00000000c0013971                beepThread(void*)
                0x00000000c00139ac                Buzzer::beep(int, int, bool)
 .text          0x00000000c0013a1a      0x467 hal/clock.32
                0x00000000c0013a1a                User::loadClockSettings(int)
                0x00000000c0013a6c                Clock::Clock(char const*)
                0x00000000c0013a6c                Clock::Clock(char const*)
                0x00000000c0013aa2                Clock::~Clock()
                0x00000000c0013aa2                Clock::~Clock()
                0x00000000c0013ac6                Clock::~Clock()
                0x00000000c0013af0                Clock::timeInSecondsLocal()
                0x00000000c0013b38                Clock::setTimeInSecondsLocal(unsigned long long)
                0x00000000c0013b91                datetimeToSeconds(datetime_t)
                0x00000000c0013cb8                Clock::setTimeInDatetimeLocal(datetime_t)
                0x00000000c0013d18                secondsToDatetime(unsigned long long)
                0x00000000c0013e5c                Clock::timeInDatetimeLocal()
 *fill*         0x00000000c0013e81        0x1 
 .text          0x00000000c0013e82      0x4de hal/device.32
                0x00000000c0013e82                Device::hibernate()
                0x00000000c0013e84                Device::wake()
                0x00000000c0013e86                Device::detect()
                0x00000000c0013e88                Device::disableLegacy()
                0x00000000c0013e8a                Device::powerSaving(PowerSavingLevel)
                0x00000000c0013e8c                DriverlessDevice::close(int, int, void*)
                0x00000000c0013e90                DriverlessDevice::detect()
                0x00000000c0013e92                DriverlessDevice::open(int, int, void*)
                0x00000000c0013ea6                Device::~Device()
                0x00000000c0013ea6                Device::~Device()
                0x00000000c0013eb4                Device::~Device()
                0x00000000c0013edc                Device::findAndLoadDriver()
                0x00000000c0013ede                Device::preOpenPCI(PCIDeviceInfo)
                0x00000000c0013f04                Device::preOpenACPI(void*, char*, char*)
                0x00000000c0013f58                Device::addIRQHandler(int, void (*)(regs*, void*), bool, void*)
                0x00000000c0013f96                Device::removeIRQHandler(int, void (*)(regs*, void*), bool)
                0x00000000c0013fd4                Device::addChild(Device*)
                0x00000000c0014018                Device::removeAllChildren()
                0x00000000c001405e                Device::hibernateAll()
                0x00000000c001408e                Device::wakeAll()
                0x00000000c00140be                Device::detectAll()
                0x00000000c00140ee                Device::disableLegacyAll()
                0x00000000c001411e                Device::loadDriversForAll()
                0x00000000c001414a                Device::closeAll()
                0x00000000c0014180                Device::powerSavingAll(PowerSavingLevel)
                0x00000000c00141b6                Device::setName(char const*)
                0x00000000c00141c4                Device::Device(char const*)
                0x00000000c00141c4                Device::Device(char const*)
                0x00000000c00142c0                Device::getName()
                0x00000000c00142ca                DriverlessDevice::DriverlessDevice(char const*)
                0x00000000c00142ca                DriverlessDevice::DriverlessDevice(char const*)
                0x00000000c00142f2                Device::addToLinkedList(LinkedList<Device>&, DeviceType)
                0x00000000c0014336                getDevicesOfType(DeviceType)
 .text          0x00000000c0014360       0x84 hal/diskctrl.32
                0x00000000c0014360                HardDiskController::HardDiskController(char const*)
                0x00000000c0014360                HardDiskController::HardDiskController(char const*)
                0x00000000c0014396                HardDiskController::~HardDiskController()
                0x00000000c0014396                HardDiskController::~HardDiskController()
                0x00000000c00143ba                HardDiskController::~HardDiskController()
 .text          0x00000000c00143e4       0xf2 hal/diskphys.32
                0x00000000c00143e4                PhysicalDisk::eject()
                0x00000000c00143f8                PhysicalDisk::PhysicalDisk(char const*, int)
                0x00000000c00143f8                PhysicalDisk::PhysicalDisk(char const*, int)
                0x00000000c0014460                PhysicalDisk::startCache()
                0x00000000c0014488                PhysicalDisk::~PhysicalDisk()
                0x00000000c0014488                PhysicalDisk::~PhysicalDisk()
                0x00000000c00144ac                PhysicalDisk::~PhysicalDisk()
 .text          0x00000000c00144d6      0x13b hal/fpu.32
                0x00000000c00144d6                FPU::FPU(char const*)
                0x00000000c00144d6                FPU::FPU(char const*)
                0x00000000c001450c                FPU::~FPU()
                0x00000000c001450c                FPU::~FPU()
                0x00000000c0014530                FPU::~FPU()
                0x00000000c001455a                setupFPU()
 *fill*         0x00000000c0014611        0x1 
 .text          0x00000000c0014612     0x1381 hal/intctrl.32
                0x00000000c0014612                InterruptController::uninstallISRHandler(int, void (*)(regs*, void*))
                0x00000000c001464a                InterruptController::installISRHandler(int, void (*)(regs*, void*), void*)
                0x00000000c001469c                doubleFault(regs*, void*)
                0x00000000c00146b6                InterruptController::installIRQHandler(int, void (*)(regs*, void*), bool, void*)
                0x00000000c0014752                InterruptController::clearAllHandlers(int, bool)
                0x00000000c00147fa                InterruptController::uninstallIRQHandler(int, void (*)(regs*, void*), bool)
                0x00000000c0014881                nmiHandler(regs*, void*)
                0x00000000c001488f                int_handler
                0x00000000c0014930                InterruptController::InterruptController(char const*)
                0x00000000c0014930                InterruptController::InterruptController(char const*)
                0x00000000c00149d6                InterruptController::~InterruptController()
                0x00000000c00149d6                InterruptController::~InterruptController()
                0x00000000c00149fa                InterruptController::~InterruptController()
                0x00000000c0014a24                displayDebugInfo(regs*)
                0x00000000c0014eb3                x87EmulHandler(regs*, void*)
                0x00000000c0014ee2                gpFault(regs*, void*)
                0x00000000c0014f1b                pgFault(regs*, void*)
                0x00000000c0014f32                otherISRHandler(regs*, void*)
                0x00000000c0014f51                opcodeFault(regs*, void*)
                0x00000000c0015557                displayProgramFault(char const*)
                0x00000000c001557f                setupInterruptController()
                0x00000000c0015946                InterruptController::convertLegacyIRQNumber(int)
 *fill*         0x00000000c0015993        0x1 
 .text          0x00000000c0015994      0x6c8 hal/keybrd.32
                0x00000000c0015994                startGUI(void*)
                0x00000000c00159f0                startGUIVESA(void*)
                0x00000000c0015a4c                sendKeyToTerminal(unsigned char)
                0x00000000c0015ab8                sendKeyboardToken(KeyboardToken)
                0x00000000c0015ef5                clearInternalKeybuffer(VgaText*)
                0x00000000c0015f2a                readKeyboard(VgaText*, char*, unsigned long)
                0x00000000c0015fd2                Keyboard::Keyboard(char const*)
                0x00000000c0015fd2                Keyboard::Keyboard(char const*)
                0x00000000c001600e                Keyboard::~Keyboard()
                0x00000000c001600e                Keyboard::~Keyboard()
                0x00000000c0016032                Keyboard::~Keyboard()
 .text          0x00000000c001605c      0x414 hal/logidisk.32
                0x00000000c001605c                LogicalDisk::close(int, int, void*)
                0x00000000c0016060                LogicalDisk::~LogicalDisk()
                0x00000000c0016060                LogicalDisk::~LogicalDisk()
                0x00000000c0016084                LogicalDisk::~LogicalDisk()
                0x00000000c00160ae                LogicalDisk::open(int, int, void*)
                0x00000000c00160c2                LogicalDisk::absoluteToRelative(unsigned long long)
                0x00000000c00160fa                LogicalDisk::relativeToAbsolute(unsigned long long)
                0x00000000c0016140                LogicalDisk::LogicalDisk(char const*, PhysicalDisk*, unsigned long long, unsigned long long)
                0x00000000c0016140                LogicalDisk::LogicalDisk(char const*, PhysicalDisk*, unsigned long long, unsigned long long)
                0x00000000c00161f6                LogicalDisk::assignDriveLetter()
                0x00000000c00162ac                LogicalDisk::mount()
                0x00000000c001631e                LogicalDisk::unmount()
                0x00000000c001632e                LogicalDisk::eject()
                0x00000000c0016342                LogicalDisk::unassignDriveLetter()
                0x00000000c0016398                LogicalDisk::read(unsigned long long, int, void*)
                0x00000000c0016404                LogicalDisk::write(unsigned long long, int, void*)
 .text          0x00000000c0016470       0x84 hal/mouse.32
                0x00000000c0016470                Mouse::Mouse(char const*)
                0x00000000c0016470                Mouse::Mouse(char const*)
                0x00000000c00164a6                Mouse::~Mouse()
                0x00000000c00164a6                Mouse::~Mouse()
                0x00000000c00164ca                Mouse::~Mouse()
 .text          0x00000000c00164f4      0x34d hal/partition.32
                0x00000000c00164f4                makePartition(PhysicalDisk*, unsigned long long, unsigned long long)
                0x00000000c00165b0                createPartitionsForDisk(PhysicalDisk*)
 *fill*         0x00000000c0016841        0x1 
 .text          0x00000000c0016842       0x84 hal/serial.32
                0x00000000c0016842                Serial::Serial(char const*)
                0x00000000c0016842                Serial::Serial(char const*)
                0x00000000c0016878                Serial::~Serial()
                0x00000000c0016878                Serial::~Serial()
                0x00000000c001689c                Serial::~Serial()
 .text          0x00000000c00168c6      0x2b8 hal/timer.32
                0x00000000c00168c6                Timer::Timer(char const*)
                0x00000000c00168c6                Timer::Timer(char const*)
                0x00000000c00168fc                Timer::~Timer()
                0x00000000c00168fc                Timer::~Timer()
                0x00000000c0016920                Timer::~Timer()
                0x00000000c001694a                Timer::read()
                0x00000000c0016955                timerHandler(unsigned long long)
                0x00000000c0016a8c                setupTimer(int)
 .text          0x00000000c0016b7e      0x425 hal/vcache.32
                0x00000000c0016b7e                VCache::VCache(PhysicalDisk*)
                0x00000000c0016b7e                VCache::VCache(PhysicalDisk*)
                0x00000000c0016ce6                VCache::invalidateReadBuffer()
                0x00000000c0016cf6                VCache::writeWriteBuffer()
                0x00000000c0016d32                VCache::~VCache()
                0x00000000c0016d32                VCache::~VCache()
                0x00000000c0016d86                VCache::~VCache()
                0x00000000c0016dae                VCache::write(unsigned long long, int, void*)
                0x00000000c0016ea4                VCache::read(unsigned long long, int, void*)
 *fill*         0x00000000c0016fa3        0x1 
 .text          0x00000000c0016fa4      0x4cd hal/video.32
                0x00000000c0016fa4                Video::putrect(int, int, int, int, unsigned int)
                0x00000000c0016ff0                Video::bitblit(int, int, int, int, int, int, int, unsigned int*)
                0x00000000c0017060                Video::blit(unsigned int*, int, int, int, int)
                0x00000000c00170de                Video::clearScreen(unsigned int)
                0x00000000c0017112                Video::putpixel(int, int, unsigned int)
                0x00000000c0017120                Video::Video(char const*)
                0x00000000c0017120                Video::Video(char const*)
                0x00000000c0017156                Video::~Video()
                0x00000000c0017156                Video::~Video()
                0x00000000c001717a                Video::~Video()
                0x00000000c00171a4                Video::isMonochrome()
                0x00000000c00171b0                Video::getWidth()
                0x00000000c00171bc                Video::getHeight()
                0x00000000c00171c8                Video::drawCursor(int, int, unsigned char*, int)
                0x00000000c0017284                Video::tgaParse(unsigned char*, int, int*, int*)
                0x00000000c0017406                Video::putTGA(int, int, unsigned char*, int)
 *fill*         0x00000000c0017471        0x1 
 .text          0x00000000c0017472      0xf64 hw/acpi.32
                0x00000000c0017472                ACPI::close(int, int, void*)
                0x00000000c0017527                findRSDP()
                0x00000000c00175b1                loadACPITables(unsigned char*)
                0x00000000c00177d8                findRSDT(unsigned char*)
                0x00000000c00178f6                findDataTable(unsigned char*, char*)
                0x00000000c0017992                scanMADT()
                0x00000000c0017e18                ACPI::ACPI()
                0x00000000c0017e18                ACPI::ACPI()
                0x00000000c0017e82                ACPI::getPCIIRQAssignment(unsigned char, unsigned short, unsigned char)
                0x00000000c0017f64                ACPI::registerPCIIRQAssignment(void*, unsigned short, unsigned char, unsigned char)
                0x00000000c001802a                ACPI::setScreenBrightnessLevel(void*, int)
                0x00000000c0018030                ACPI::writeSimpleBootFlag(SimpleBootFlagTable*)
                0x00000000c0018078                ACPI::open(int, int, void*)
                0x00000000c00183be                ACPI::sleep()
 .text          0x00000000c00183d6     0x1715 hw/cpu.32
                0x00000000c00183d6                CPU::close(int, int, void*)
                0x00000000c00183da                CPU::lookupAMDName(unsigned char, unsigned char)
                0x00000000c001856e                CPU::lookupIntelName(unsigned char, unsigned char)
                0x00000000c001881c                CPU::AMD_K6_write_msr(unsigned int, unsigned int, unsigned int, CPU::REGS*)
                0x00000000c0018838                CPU::AMD_K6_read_msr(unsigned int, CPU::REGS*)
                0x00000000c0018850                CPU::AMD_K6_writeback(int, int, int)
                0x00000000c00188c4                CPU::cpuid(int, unsigned long*, unsigned long*, unsigned long*, unsigned long*)
                0x00000000c0018948                CPU::cpuidCheckEDX(unsigned int)
                0x00000000c0018976                CPU::cpuidCheckECX(unsigned int)
                0x00000000c00189a4                CPU::cpuidCheckExtendedEBX(unsigned int)
                0x00000000c00189d2                CPU::cpuidCheckExtendedECX(unsigned int)
                0x00000000c0018a00                CPU::CPU()
                0x00000000c0018a00                CPU::CPU()
                0x00000000c0018a8e                CPU::displayFeatures()
                0x00000000c0018d0a                CPU::detectFeatures()
                0x00000000c00196fa                CPU::setupSMEP()
                0x00000000c0019706                CPU::setupUMIP()
                0x00000000c0019710                CPU::setupTSC()
                0x00000000c001971a                CPU::setupLargePages()
                0x00000000c0019724                CPU::setupPAT()
                0x00000000c0019760                CPU::setupMTRR()
                0x00000000c0019762                CPU::setupGlobalPages()
                0x00000000c001976c                CPU::allowUsermodeDataAccess()
                0x00000000c001977e                CPU::prohibitUsermodeDataAccess()
                0x00000000c0019790                CPU::setupSMAP()
                0x00000000c001979e                CPU::setupFeatures()
                0x00000000c001981e                CPU::open(int, int, void*)
                0x00000000c00198f0                CPU::decodeAddress(regs*, int*, bool*, unsigned char*)
 .text          0x00000000c0019aeb        0x0 hw/ports.32
 .text          0x00000000c0019aeb      0x16a hw/smp.32
                0x00000000c0019aeb                Krnl::smpEntry()
                0x00000000c0019aed                Krnl::startCPU(int)
                0x00000000c0019c36                Krnl::startCPUs()
 *fill*         0x00000000c0019c55        0x1 
 .text          0x00000000c0019c56      0x5d3 krnl/env.32
                0x00000000c0019c56                EnvVarContainer::getEnv(char const*)
                0x00000000c0019c94                EnvVarContainer::setEnv(char const*, char const*)
                0x00000000c0019d60                EnvVarContainer::deleteEnv(char const*)
                0x00000000c0019d62                EnvVarContainer::loadFrom(char const*, char const*)
                0x00000000c0019f58                EnvVarContainer::__loadSystem()
                0x00000000c0019f72                EnvVarContainer::__loadUser()
                0x00000000c0019f74                EnvVarContainer::EnvVarContainer(Process*)
                0x00000000c0019f74                EnvVarContainer::EnvVarContainer(Process*)
                0x00000000c0019f96                EnvVarContainer::~EnvVarContainer()
                0x00000000c0019f96                EnvVarContainer::~EnvVarContainer()
                0x00000000c0019fc6                Krnl::getEnv(Process*, char const*)
                0x00000000c001a02b                Krnl::setEnvSystem(char const*, char const*)
                0x00000000c001a045                Krnl::setEnvUser(char const*, char const*)
                0x00000000c001a064                Krnl::setEnvProcess(Process*, char const*, char const*)
                0x00000000c001a077                Krnl::deleteEnvSystem(char const*)
                0x00000000c001a078                Krnl::deleteEnvUser(char const*)
                0x00000000c001a079                Krnl::deleteEnvProcess(Process*, char const*)
                0x00000000c001a07a                Krnl::newProcessEnv(Process*)
                0x00000000c001a09c                Krnl::copyProcessEnv(Process*, Process*)
                0x00000000c001a0f0                Krnl::loadSystemEnv()
                0x00000000c001a11e                Krnl::loadUserEnv()
                0x00000000c001a144                Krnl::flushEnv()
                0x00000000c001a145                Krnl::getProcessTotalEnvCount(Process*)
                0x00000000c001a165                Krnl::getProcessEnvPair(Process*, int)
 .text          0x00000000c001a229      0x396 krnl/panic.32
                0x00000000c001a229                Krnl::panic(char const*)
 .text          0x00000000c001a5bf      0x3b6 net/ethernet.32
                0x00000000c001a5bf                Net::switchEndian16(unsigned short)
                0x00000000c001a5e0                Net::switchEndian32(unsigned int)
                0x00000000c001a60f                Net::crc32Calc(unsigned char*, int)
                0x00000000c001a6a0                Net::wrapEthernetFrame(Net::UnwrappedEthernetFrame, unsigned char*)
                0x00000000c001a7dc                Net::unwrapEthernetFrame(unsigned char*, int)
 .text          0x00000000c001a975      0x513 reg/registry.32
                0x00000000c001a975                Reg::findLineFromLoadedData(char*, char*, char*)
                0x00000000c001aacd                Reg::getLineFromRegistry(char*, char*, char*, char*)
                0x00000000c001ac22                Reg::getLine(char*, char*, char*)
                0x00000000c001ac59                Reg::readInt(char*, char*, int*)
                0x00000000c001ad44                Reg::readString(char*, char*, char*, int)
                0x00000000c001adc5                Reg::readBool(char*, char*, bool*)
                0x00000000c001adea                Reg::readBoolWithDefault(char*, char*, bool)
                0x00000000c001ae16                Reg::readIntWithDefault(char*, char*, int)
                0x00000000c001ae42                Reg::readStringWithDefault(char*, char*, char*, int, char*)
 .text          0x00000000c001ae88       0x36 sys/sc_eject.32
                0x00000000c001ae88                Sys::eject(regs*)
 .text          0x00000000c001aebe       0x18 sys/sc_exit.32
                0x00000000c001aebe                Sys::exit(regs*)
 .text          0x00000000c001aed6       0x1f sys/sc_getcwd.32
                0x00000000c001aed6                Sys::getCwd(regs*)
 .text          0x00000000c001aef5        0xc sys/sc_getpid.32
                0x00000000c001aef5                Sys::getPID(regs*)
 .text          0x00000000c001af01       0x17 sys/sc_getramdata.32
                0x00000000c001af01                Sys::getRAMData(regs*)
 .text          0x00000000c001af18       0xa8 sys/sc_loaddll.32
                0x00000000c001af18                Sys::loadDLL(regs*)
 .text          0x00000000c001afc0       0x68 sys/sc_read.32
                0x00000000c001afc0                Sys::read(regs*)
 .text          0x00000000c001b028       0x9f sys/sc_sbrk.32
                0x00000000c001b028                Sys::sbrk(regs*)
 .text          0x00000000c001b0c7       0x1c sys/sc_setcwd.32
                0x00000000c001b0c7                Sys::setCwd(regs*)
 .text          0x00000000c001b0e3      0x128 sys/sc_settime.32
                0x00000000c001b0e3                Sys::setTime(regs*)
 .text          0x00000000c001b20b       0x4a sys/sc_timezone.32
                0x00000000c001b20b                Sys::timezone(regs*)
 .text          0x00000000c001b255       0x68 sys/sc_write.32
                0x00000000c001b255                Sys::write(regs*)
 .text          0x00000000c001b2bd       0x62 sys/sc_wsbe.32
                0x00000000c001b2bd                Sys::wsbe(regs*)
 .text          0x00000000c001b31f       0x3b sys/sc_yield.32
                0x00000000c001b31f                Sys::yield(regs*)
 .text          0x00000000c001b35a     0x10e5 sys/syscalls.32
                0x00000000c001b35a                sysCallSeekDir(regs*)
                0x00000000c001b35f                sysCallTellDir(regs*)
                0x00000000c001b364                sysCallVerify(regs*)
                0x00000000c001b36e                sysFormatDisk(regs*)
                0x00000000c001b3d8                sysSetDiskVolumeLabel(regs*)
                0x00000000c001b41e                sysGetDiskVolumeLabel(regs*)
                0x00000000c001b46f                sysShutdown(regs*)
                0x00000000c001b4cd                sysCallRealpath(regs*)
                0x00000000c001b510                sysCallGetArgc(regs*)
                0x00000000c001b53e                sysCallReadDir(regs*)
                0x00000000c001b5cc                sysCallIsATTY(regs*)
                0x00000000c001b626                sysCallSeek(regs*)
                0x00000000c001b68f                sysCallTell(regs*)
                0x00000000c001b70c                sysCallSize(regs*)
                0x00000000c001b78f                sysCallSizeFromFilename(regs*)
                0x00000000c001b84f                sysCallClose(regs*)
                0x00000000c001b8d7                sysCallOpenDir(regs*)
                0x00000000c001b94c                sysCallCloseDir(regs*)
                0x00000000c001b9b2                sysCallMakeDir(regs*)
                0x00000000c001ba22                sysCallWait(regs*)
                0x00000000c001ba3c                sysCallNotImpl(regs*)
                0x00000000c001ba57                sysPanic(regs*)
                0x00000000c001ba7d                sysCallRmdir(regs*)
                0x00000000c001bae1                sysCallUnlink(regs*)
                0x00000000c001bb45                sysCallGetArgv(regs*)
                0x00000000c001bb91                sysCallTTYName(regs*)
                0x00000000c001bc14                sysCallUSleep(regs*)
                0x00000000c001bc3b                sysCallSpawn(regs*)
                0x00000000c001bc93                sysCallGetEnv(regs*)
                0x00000000c001bdcb                sysAppSettings(regs*)
                0x00000000c001beea                sysSetFatAttrib(regs*)
                0x00000000c001bf5c                sysPipe(regs*)
                0x00000000c001bfa1                sysGetUnixTime(regs*)
                0x00000000c001bfb5                string_ends_with(char const*, char const*)
                0x00000000c001bffd                sysCallOpen(regs*)
                0x00000000c001c212                Sys::loadSyscalls()
                0x00000000c001c3fd                Sys::systemCall(regs*, void*)
 .text          0x00000000c001c43f     0x11d4 thr/elf.32
                0x00000000c001c43f                Thr::allocateMemoryForTask(Process*, File*, unsigned long, unsigned long, unsigned long)
                0x00000000c001c6d1                Thr::loadProgramIntoMemory(Process*, char const*)
                0x00000000c001c8e7                Thr::runtimeReferenceHelper()
                0x00000000c001c8fa                Thr::getAddressOfKernelSymbol(char const*)
                0x00000000c001c949                Thr::loadKernelSymbolTable(char const*)
                0x00000000c001cc07                Thr::loadDriverIntoMemory(char const*, unsigned long, bool)
                0x00000000c001d323                Thr::getDriverBaseFromAddress(unsigned long)
                0x00000000c001d355                Thr::getDriverNameFromAddress(unsigned long)
                0x00000000c001d38c                Thr::getDriverOffsetFromAddress(unsigned long)
                0x00000000c001d3a6                Thr::loadDLL(char const*, bool)
                0x00000000c001d5da                Thr::executeDLL(unsigned long, void*)
 *fill*         0x00000000c001d613        0x1 
 .text          0x00000000c001d614     0x1056 thr/prcssthr.32
                0x00000000c001d614                changeTSS
                0x00000000c001d644                Process::addArgs(char**)
                0x00000000c001d69e                Process::Process(char const*, Process*, char**)
                0x00000000c001d69e                Process::Process(char const*, Process*, char**)
                0x00000000c001d882                Process::Process(bool, char const*, Process*, char**)
                0x00000000c001d882                Process::Process(bool, char const*, Process*, char**)
                0x00000000c001da31                disableIRQs()
                0x00000000c001da39                getIRQNestingLevel()
                0x00000000c001da3f                enableIRQs()
                0x00000000c001da4e                lockScheduler()
                0x00000000c001da50                unlockScheduler()
                0x00000000c001da52                userModeEntryPoint(void*)
                0x00000000c001da75                lockStuff()
                0x00000000c001da81                taskStartupFunction
                0x00000000c001da8a                updateTimeUsed()
                0x00000000c001daef                switchToThread(ThreadControlBlock*)
                0x00000000c001db40                Semaphore::Semaphore(int)
                0x00000000c001db40                Semaphore::Semaphore(int)
                0x00000000c001db6e                Mutex::Mutex()
                0x00000000c001db6e                Mutex::Mutex()
                0x00000000c001db80                Process::createThread(void (*)(void*), void*, int)
                0x00000000c001dc64                Process::createUserThread()
                0x00000000c001dc80                setupMultitasking(void (*)())
                0x00000000c001dd8a                schedule()
                0x00000000c001de0f                unlockStuff()
                0x00000000c001de44                Semaphore::tryAcquire()
                0x00000000c001de72                Semaphore::assertLocked(char const*)
                0x00000000c001dea2                blockTaskWithSchedulerLockAlreadyHeld(TaskState)
                0x00000000c001dee4                blockTask(TaskState)
                0x00000000c001df05                waitTask(int, int*, int)
                0x00000000c001df47                nanoSleepUntil(unsigned long long)
                0x00000000c001df9e                nanoSleep(unsigned long long)
                0x00000000c001dfb3                sleep(unsigned long long)
                0x00000000c001dfd0                Semaphore::acquire()
                0x00000000c001e038                taskReturned
                0x00000000c001e066                unblockTask(ThreadControlBlock*)
                0x00000000c001e115                cleanupTerminatedTask(ThreadControlBlock*)
                0x00000000c001e3de                cleanerTaskFunction(void*)
                0x00000000c001e491                terminateTask(int)
                0x00000000c001e571                Thr::terminateFromIRQ(int)
                0x00000000c001e57e                Semaphore::release()
 .text          0x00000000c001e66a      0xc26 vm86/vm8086.32
                0x00000000c001e66a                Vm::inbv(unsigned short)
                0x00000000c001e67d                Vm::outbv(unsigned short, unsigned char)
                0x00000000c001e6d0                Vm::realToLinear(unsigned short, unsigned short)
                0x00000000c001e6e0                Vm::getSegment(unsigned int)
                0x00000000c001e6e8                Vm::getOffset(unsigned int)
                0x00000000c001e6ed                Vm::mainloop2()
                0x00000000c001e728                Vm::mainVm8086Loop(void*)
                0x00000000c001e735                Vm::mainloop3(unsigned long)
                0x00000000c001e75f                Vm::initialise8086()
                0x00000000c001e7a2                Vm::finish8086()
                0x00000000c001e7e7                Vm::getOutput8086(unsigned char*)
                0x00000000c001e811                Vm::start8086(char const*, unsigned short, unsigned short, unsigned short, unsigned short)
                0x00000000c001e961                Vm::doISR(regs*, int, unsigned char*, unsigned short, unsigned short)
                0x00000000c001e9eb                Vm::readByteFromReal(unsigned short, unsigned short)
                0x00000000c001e9fc                Vm::readWordFromReal(unsigned short, unsigned short)
                0x00000000c001ea0e                Vm::readDwordFromReal(unsigned short, unsigned short)
                0x00000000c001ea1f                Vm::writeByteFromReal(unsigned short, unsigned short, unsigned char)
                0x00000000c001ea34                Vm::writeWordFromReal(unsigned short, unsigned short, unsigned short)
                0x00000000c001ea4a                Vm::writeDwordFromReal(unsigned short, unsigned short, unsigned int)
                0x00000000c001ea5f                Vm::faultHandler(regs*)
 .text          0x00000000c001f290      0xefd vm86/x87em.32
                0x00000000c001f290                Vm::fpuInternalTo32(unsigned long long)
                0x00000000c001f2eb                Vm::fpuInternalTo64(unsigned long long)
                0x00000000c001f2f4                Vm::fpu32ToInternal(unsigned int)
                0x00000000c001f339                Vm::fpu64ToInternal(unsigned long long)
                0x00000000c001f342                Vm::fpuFloatToLong(unsigned long long)
                0x00000000c001f39d                Vm::fpuULongToFloat(unsigned long long)
                0x00000000c001f3d3                Vm::fpuLongToFloat(long long)
                0x00000000c001f429                Vm::fpuGet0()
                0x00000000c001f42e                Vm::fpuGet1()
                0x00000000c001f436                Vm::fpuGetPi()
                0x00000000c001f43e                Vm::fpuGetLog2E()
                0x00000000c001f456                Vm::fpuGetLogE2()
                0x00000000c001f46e                Vm::fpuGetLog210()
                0x00000000c001f486                Vm::fpuGetLog102()
                0x00000000c001f49e                Vm::fpuIsSecondLarger(unsigned long long, unsigned long long)
                0x00000000c001f4b2                Vm::fpuAreEqual(unsigned long long, unsigned long long)
                0x00000000c001f4c8                Vm::fpuUnorderedCompare(unsigned long long, unsigned long long)
                0x00000000c001f51b                Vm::fpuAdd(unsigned long long, unsigned long long)
                0x00000000c001f52c                Vm::fpuAbs(unsigned long long)
                0x00000000c001f535                Vm::fpuChs(unsigned long long)
                0x00000000c001f545                Vm::fpuSub(unsigned long long, unsigned long long)
                0x00000000c001f554                Vm::fpuMultiply(unsigned long long, unsigned long long)
                0x00000000c001f573                Vm::fpuDivide(unsigned long long, unsigned long long)
                0x00000000c001f58f                Vm::fpuSquare(unsigned long long)
                0x00000000c001f5a5                Vm::fpuGetReg(int)
                0x00000000c001f5e8                Vm::fpuSetReg(int, unsigned long long)
                0x00000000c001f633                Vm::fpuPush(unsigned long long)
                0x00000000c001f690                Vm::fpuPop()
                0x00000000c001f6e2                Vm::x87Handler(regs*)
 *fill*         0x00000000c002018d        0x1 
 .text          0x00000000c002018e     0x10ed fs/fat/vfslink.32
                0x00000000c002018e                FAT::getName()
                0x00000000c0020194                FAT::tell(void*, unsigned long long*)
                0x00000000c00201c8                FAT::stat(void*, unsigned long long*)
                0x00000000c00201fc                FAT::~FAT()
                0x00000000c00201fc                FAT::~FAT()
                0x00000000c0020220                FAT::~FAT()
                0x00000000c0020248                FAT::getlabel(LogicalDisk*, int, char*, unsigned int*)
                0x00000000c00202e6                FAT::setlabel(LogicalDisk*, int, char*)
                0x00000000c00203a0                FAT::format(LogicalDisk*, int, char const*, int)
                0x00000000c0020584                FAT::tryMount(LogicalDisk*, int)
                0x00000000c002078a                FAT::readDir(void*, unsigned long, void*, int*)
                0x00000000c0020890                FAT::read(void*, unsigned long, void*, int*)
                0x00000000c00208ea                FAT::write(void*, unsigned long, void*, int*)
                0x00000000c0020944                FAT::close(void*)
                0x00000000c0020990                FAT::closeDir(void*)
                0x00000000c00209dc                FAT::seek(void*, unsigned long long)
                0x00000000c0020a30                fatWrapperReadDisk
                0x00000000c0020a77                fatWrapperWriteDisk
                0x00000000c0020abe                fatWrapperIoctl
                0x00000000c0020bc2                FAT::FAT()
                0x00000000c0020bc2                FAT::FAT()
                0x00000000c0020c14                FAT::fixFilepath(char*)
                0x00000000c0020c4c                FAT::open(char const*, void**, FileOpenMode)
                0x00000000c0020d74                FAT::openDir(char const*, void**)
                0x00000000c0020e1a                FAT::stat(char const*, unsigned long long*, bool*)
                0x00000000c0020f04                FAT::unlink(char const*)
                0x00000000c0020f7e                FAT::chfatattr(char const*, unsigned char, unsigned char)
                0x00000000c00210d2                FAT::rename(char const*, char const*)
                0x00000000c0021196                FAT::mkdir(char const*)
                0x00000000c0021210                FAT::exists(char const*)
 *fill*         0x00000000c002127b        0x1 
 .text          0x00000000c002127c      0xbc1 fs/iso9660/vfslink.32
                0x00000000c002127c                ISO9660::format(LogicalDisk*, int, char const*, int)
                0x00000000c0021282                ISO9660::seek(void*, unsigned long long)
                0x00000000c00212b2                ISO9660::tell(void*, unsigned long long*)
                0x00000000c00212d6                ISO9660::getName()
                0x00000000c00212dc                ISO9660::stat(void*, unsigned long long*)
                0x00000000c0021300                ISO9660::chfatattr(char const*, unsigned char, unsigned char)
                0x00000000c0021306                ISO9660::unlink(char const*)
                0x00000000c002130c                ISO9660::write(void*, unsigned long, void*, int*)
                0x00000000c0021312                ISO9660::rename(char const*, char const*)
                0x00000000c0021318                ISO9660::mkdir(char const*)
                0x00000000c002131e                ISO9660::close(void*)
                0x00000000c0021340                ISO9660::closeDir(void*)
                0x00000000c0021362                ISO9660::~ISO9660()
                0x00000000c0021362                ISO9660::~ISO9660()
                0x00000000c0021386                ISO9660::~ISO9660()
                0x00000000c00213ad                __memmem(unsigned char*, int, unsigned char*, int)
                0x00000000c00213ef                readSectorFromCDROM(unsigned int, unsigned char*, char)
                0x00000000c0021456                ISO9660::tryMount(LogicalDisk*, int)
                0x00000000c00214a6                ISO9660::read(void*, unsigned long, void*, int*)
                0x00000000c00216a6                ISO9660::readDir(void*, unsigned long, void*, int*)
                0x00000000c0021933                readRoot(unsigned int*, unsigned int*, char)
                0x00000000c0021988                readRecursively(char*, unsigned int, unsigned int, unsigned int*, unsigned int*, char, int*)
                0x00000000c0021b5b                getFileData(char*, unsigned int*, unsigned int*, char, int*)
                0x00000000c0021bea                ISO9660::open(char const*, void**, FileOpenMode)
                0x00000000c0021caa                ISO9660::exists(char const*)
                0x00000000c0021cce                ISO9660::stat(char const*, unsigned long long*, bool*)
                0x00000000c0021d62                ISO9660::openDir(char const*, void**)
                0x00000000c0021e1a                ISO9660::ISO9660()
                0x00000000c0021e1a                ISO9660::ISO9660()
 *fill*         0x00000000c0021e3d        0x1 
 .text          0x00000000c0021e3e      0x326 hal/sound/sndchannel.32
                0x00000000c0021e3e                SoundChannel::~SoundChannel()
                0x00000000c0021e3e                SoundChannel::~SoundChannel()
                0x00000000c0021e5a                SoundChannel::setSpeed(float)
                0x00000000c0021e66                SoundChannel::getSpeed()
                0x00000000c0021e6e                SoundChannel::setVolume(int)
                0x00000000c0021e8a                SoundChannel::getVolume()
                0x00000000c0021e92                SoundChannel::pause()
                0x00000000c0021e9c                SoundChannel::SoundChannel(int, int, int, int)
                0x00000000c0021e9c                SoundChannel::SoundChannel(int, int, int, int)
                0x00000000c0021ff2                SoundChannel::play()
                0x00000000c0021ffc                SoundChannel::paused()
                0x00000000c0022004                SoundChannel::getSampleRate()
                0x00000000c002200c                SoundChannel::getBits()
                0x00000000c0022014                SoundChannel::getBufferUsed()
                0x00000000c002201c                SoundChannel::getBufferSize()
                0x00000000c0022024                SoundChannel::unbuffer(float*, int, int)
                0x00000000c00220c4                SoundChannel::buffer8(unsigned char*, int)
 .text          0x00000000c0022164      0x3d5 hal/sound/sndhw.32
                0x00000000c0022164                SoundDevice::SoundDevice(char const*)
                0x00000000c0022164                SoundDevice::SoundDevice(char const*)
                0x00000000c00221d0                SoundDevice::~SoundDevice()
                0x00000000c00221d0                SoundDevice::~SoundDevice()
                0x00000000c002224a                SoundDevice::~SoundDevice()
                0x00000000c0022274                SoundDevice::getFreeChannelNum()
                0x00000000c002228e                SoundDevice::addChannel(SoundChannel*)
                0x00000000c00222fe                SoundDevice::removeChannel(int)
                0x00000000c0022330                SoundDevice::floatTo8(float*, unsigned char*, int)
                0x00000000c0022418                SoundDevice::getAudio(int, float*, float*)
 .text          0x00000000c0022539        0x0 hw/bus/isa.32
 *fill*         0x00000000c0022539        0x1 
 .text          0x00000000c002253a      0x6c3 hw/bus/pci.32
                0x00000000c002253a                PCI::open(int, int, void*)
                0x00000000c002254e                PCI::close(int, int, void*)
                0x00000000c0022552                PCI::PCI()
                0x00000000c0022552                PCI::PCI()
                0x00000000c00225d2                PCI::pciReadWord(unsigned char, unsigned char, unsigned char, unsigned char)
                0x00000000c002261a                PCI::getVendorID(unsigned char, unsigned char, unsigned char)
                0x00000000c002263c                PCI::getHeaderType(unsigned char, unsigned char, unsigned char)
                0x00000000c0022660                PCI::getClassCode(unsigned char, unsigned char, unsigned char)
                0x00000000c00226a4                PCI::getProgIF(unsigned char, unsigned char, unsigned char)
                0x00000000c00226c8                PCI::getRevisionID(unsigned char, unsigned char, unsigned char)
                0x00000000c00226ea                PCI::getInterruptNumber(unsigned char, unsigned char, unsigned char)
                0x00000000c002270c                PCI::getSecondaryBus(unsigned char, unsigned char, unsigned char)
                0x00000000c0022730                PCI::getBARAddress(unsigned char, unsigned char, unsigned char, unsigned char)
                0x00000000c0022790                PCI::pciWriteWord(unsigned char, unsigned char, unsigned char, unsigned char, unsigned short)
                0x00000000c00227fc                PCI::checkBus(unsigned char)
                0x00000000c0022820                PCI::foundDevice(PCIDeviceInfo)
                0x00000000c0022992                PCI::getDeviceData(unsigned char, unsigned char, unsigned char)
                0x00000000c0022b3e                PCI::checkDevice(unsigned char, unsigned char)
                0x00000000c0022baa                PCI::detect()
 *fill*         0x00000000c0022bfd        0x1 
 .text          0x00000000c0022bfe      0xc70 hw/diskctrl/ide.32
                0x00000000c0022bfe                IDE::close(int, int, void*)
                0x00000000c0022c02                IDE::IDE()
                0x00000000c0022c02                IDE::IDE()
                0x00000000c0022c36                IDE::prepareInterrupt(unsigned char)
                0x00000000c0022c48                selectDrive(unsigned char, unsigned char)
                0x00000000c0022c4a                IDE::getBase(unsigned char)
                0x00000000c0022c5c                IDE::write(unsigned char, unsigned char, unsigned char)
                0x00000000c0022d1c                IDE::read(unsigned char, unsigned char)
                0x00000000c0022dca                IDE::waitInterrupt(unsigned char)
                0x00000000c0022e30                ideChannel0IRQHandler(regs*, void*)
                0x00000000c0022e4c                ideChannel1IRQHandler(regs*, void*)
                0x00000000c0022e68                IDE::enableIRQs(unsigned char, bool)
                0x00000000c0022eae                IDE::open(int, int, void*)
                0x00000000c00232be                IDE::readBuffer(unsigned char, unsigned char, unsigned int, unsigned int)
                0x00000000c002338a                IDE::detect()
                0x00000000c0023672                IDE::printError(unsigned char, unsigned char, unsigned char)
                0x00000000c0023808                IDE::polling(unsigned char, unsigned int)
 .text          0x00000000c002386e      0x390 hw/diskctrl/satabus.32
                0x00000000c002386e                SATABus::close(int, int, void*)
                0x00000000c0023872                SATABus::detect()
                0x00000000c0023874                SATABus::SATABus()
                0x00000000c0023874                SATABus::SATABus()
                0x00000000c0023920                SATABus::findCmdslot(SATABus::tagHBA_PORT volatile*)
                0x00000000c0023968                SATABus::checkType(SATABus::tagHBA_PORT volatile*)
                0x00000000c00239b0                SATABus::startCmd(SATABus::tagHBA_PORT volatile*)
                0x00000000c00239d0                SATABus::stopCmd(SATABus::tagHBA_PORT volatile*)
                0x00000000c00239fa                SATABus::portRebase(SATABus::tagHBA_PORT volatile*, int)
                0x00000000c0023b00                SATABus::probePort(SATABus::tagHBA_MEM volatile*)
                0x00000000c0023bde                SATABus::open(int, int, void*)
 .text          0x00000000c0023bfe      0x63c hw/diskphys/ata.32
                0x00000000c0023bfe                ATA::close(int, int, void*)
                0x00000000c0023c22                ATA::powerSaving(PowerSavingLevel)
                0x00000000c0023c24                ATA::ATA()
                0x00000000c0023c24                ATA::ATA()
                0x00000000c0023c52                ATA::flush(bool)
                0x00000000c0023c9c                ATA::readyForCommand()
                0x00000000c0023cec                ATA::access(unsigned long long, int, void*, bool)
                0x00000000c0024074                ATA::read(unsigned long long, int, void*)
                0x00000000c00240dc                ATA::write(unsigned long long, int, void*)
                0x00000000c0024144                ATA::detectCHS()
                0x00000000c002416e                ATA::open(int, int, void*)
 .text          0x00000000c002423a      0x5bd hw/diskphys/atapi.32
                0x00000000c002423a                ATAPI::write(unsigned long long, int, void*)
                0x00000000c0024240                ATAPI::close(int, int, void*)
                0x00000000c0024264                ATAPI::ATAPI()
                0x00000000c0024264                ATAPI::ATAPI()
                0x00000000c0024292                ATAPI::readyForCommand()
                0x00000000c00242e2                ATAPI::sendPacket(unsigned char*, int, bool, unsigned short*, int)
                0x00000000c00245a2                ATAPI::diskRemoved()
                0x00000000c00245be                ATAPI::eject()
                0x00000000c0024606                ATAPI::diskInserted()
                0x00000000c0024634                ATAPI::detectMedia()
                0x00000000c00246f0                ATAPI::open(int, int, void*)
                0x00000000c0024778                ATAPI::read(unsigned long long, int, void*)
 *fill*         0x00000000c00247f7        0x1 
 .text          0x00000000c00247f8      0x455 hw/diskphys/sata.32
                0x00000000c00247f8                SATA::close(int, int, void*)
                0x00000000c002481c                SATA::powerSaving(PowerSavingLevel)
                0x00000000c002481e                SATA::open(int, int, void*)
                0x00000000c00248cc                SATA::SATA()
                0x00000000c00248cc                SATA::SATA()
                0x00000000c00248fa                SATA::access(unsigned long long, int, void*, bool)
                0x00000000c0024b60                SATA::read(unsigned long long, int, void*)
                0x00000000c0024bc8                SATA::write(unsigned long long, int, void*)
 *fill*         0x00000000c0024c4d        0x1 
 .text          0x00000000c0024c4e      0x500 hw/diskphys/satapi.32
                0x00000000c0024c4e                SATAPI::write(unsigned long long, int, void*)
                0x00000000c0024c54                SATAPI::close(int, int, void*)
                0x00000000c0024c78                SATAPI::SATAPI()
                0x00000000c0024c78                SATAPI::SATAPI()
                0x00000000c0024ca6                SATAPI::diskRemoved()
                0x00000000c0024cc2                SATAPI::diskInserted()
                0x00000000c0024cf0                SATAPI::sendPacket(unsigned char*, int, unsigned long long, unsigned short*, int)
                0x00000000c0024ef4                SATAPI::eject()
                0x00000000c0024f3c                SATAPI::detectMedia()
                0x00000000c0024ffe                SATAPI::open(int, int, void*)
                0x00000000c00250ac                SATAPI::read(unsigned long long, int, void*)
 .text          0x00000000c002514e       0x8e hw/fpu/avx.32
                0x00000000c002514e                AVX::open(int, int, void*)
                0x00000000c0025160                AVX::close(int, int, void*)
                0x00000000c0025172                AVX::available()
                0x00000000c0025184                AVX::save(void*)
                0x00000000c002519c                AVX::load(void*)
                0x00000000c00251b4                AVX::AVX()
                0x00000000c00251b4                AVX::AVX()
 .text          0x00000000c00251dc       0x90 hw/fpu/mmx.32
                0x00000000c00251dc                MMX::available()
                0x00000000c00251f0                MMX::open(int, int, void*)
                0x00000000c0025202                MMX::close(int, int, void*)
                0x00000000c0025214                MMX::save(void*)
                0x00000000c002522c                MMX::load(void*)
                0x00000000c0025244                MMX::MMX()
                0x00000000c0025244                MMX::MMX()
 .text          0x00000000c002526c       0x96 hw/fpu/sse.32
                0x00000000c002526c                SSE::open(int, int, void*)
                0x00000000c002527e                SSE::close(int, int, void*)
                0x00000000c0025290                SSE::available()
                0x00000000c00252aa                SSE::save(void*)
                0x00000000c00252c2                SSE::load(void*)
                0x00000000c00252da                SSE::SSE()
                0x00000000c00252da                SSE::SSE()
 .text          0x00000000c0025302       0x8e hw/fpu/x87.32
                0x00000000c0025302                x87::open(int, int, void*)
                0x00000000c0025314                x87::close(int, int, void*)
                0x00000000c0025326                x87::available()
                0x00000000c0025338                x87::save(void*)
                0x00000000c0025350                x87::load(void*)
                0x00000000c0025368                x87::x87()
                0x00000000c0025368                x87::x87()
 .text          0x00000000c0025390      0x71e hw/intctrl/apic.32
                0x00000000c0025390                APIC::disable()
                0x00000000c0025392                APIC::close(int, int, void*)
                0x00000000c00253b4                IOAPIC::close(int, int, void*)
                0x00000000c00253ba                APIC::io_wait()
                0x00000000c00253c0                APIC::getBase()
                0x00000000c0025402                APIC::eoi(unsigned char)
                0x00000000c0025430                APIC::open(int, int, void*)
                0x00000000c002557e                IOAPIC::IOAPIC()
                0x00000000c002557e                IOAPIC::IOAPIC()
                0x00000000c00255a6                APIC::APIC()
                0x00000000c00255a6                APIC::APIC()
                0x00000000c0025682                IOAPIC::handlesGSIWithNumber(unsigned int)
                0x00000000c00256b4                IOAPIC::read(int)
                0x00000000c00256dc                IOAPIC::open(int, int, void*)
                0x00000000c00257d2                IOAPIC::write(int, int)
                0x00000000c00257fe                IOAPIC::redirect(unsigned char, unsigned long long, unsigned char, bool, bool)
                0x00000000c00258f8                APIC::installIRQHandler(int, void (*)(regs*, void*), bool, void*)
 .text          0x00000000c0025aae      0x3d3 hw/intctrl/pic.32
                0x00000000c0025aae                PIC::disable()
                0x00000000c0025adc                PIC::close(int, int, void*)
                0x00000000c0025afe                PIC::PIC()
                0x00000000c0025afe                PIC::PIC()
                0x00000000c0025bd4                PIC::ioWait()
                0x00000000c0025bda                PIC::getIRQReg(int)
                0x00000000c0025c44                PIC::eoi(unsigned char)
                0x00000000c0025cd6                PIC::remap()
                0x00000000c0025e42                PIC::open(int, int, void*)
 *fill*         0x00000000c0025e81        0x1 
 .text          0x00000000c0025e82      0x25e hw/timer/apictimer.32
                0x00000000c0025e82                APICTimer::close(int, int, void*)
                0x00000000c0025e88                apicTimerHandler(regs*, void*)
                0x00000000c0025eb6                APICTimer::write(int)
                0x00000000c0025fba                APICTimer::open(int, int, void*)
                0x00000000c00260b8                APICTimer::APICTimer()
                0x00000000c00260b8                APICTimer::APICTimer()
 .text          0x00000000c00260e0      0x1a7 hw/timer/pit.32
                0x00000000c00260e0                PIT::write(int)
                0x00000000c002615e                pitHandler(regs*, void*)
                0x00000000c002618a                PIT::open(int, int, void*)
                0x00000000c00261d8                PIT::close(int, int, void*)
                0x00000000c0026208                PIT::PIT()
                0x00000000c0026208                PIT::PIT()
 *fill*         0x00000000c0026287        0x9 
 .text          0x00000000c0026290       0x1e hw/fpu/x86/avx.32
                0x00000000c0026290                avxDetect
                0x00000000c0026296                avxSave
                0x00000000c0026297                avxLoad
                0x00000000c0026298                avxInit
                0x00000000c0026299                avxClose
                0x00000000c002629a                wouldSheSayYes
 *fill*         0x00000000c00262ae        0x2 
 .text          0x00000000c00262b0       0x35 hw/fpu/x86/sse.32
                0x00000000c00262b0                absolutelyNoChanceInHell
                0x00000000c00262b0                sseDetect
                0x00000000c00262c8                sseSave
                0x00000000c00262ce                sseLoad
                0x00000000c00262d4                sseInit
                0x00000000c00262e4                sseClose
 *fill*         0x00000000c00262e5        0xb 
 .text          0x00000000c00262f0       0x47 hw/fpu/x86/x87.32
                0x00000000c00262f6                x87Detect
                0x00000000c0026311                x87Save
                0x00000000c0026317                x87Load
                0x00000000c002631c                x87Init
                0x00000000c0026336                x87Close
 *fill*         0x00000000c0026337        0x1 
 .text          0x00000000c0026338       0x25 /cygdrive/d/Users/Alex/Desktop/Toolchain/Output/bin/../lib/gcc/i386-banana/8.1.0/crtend.o
 .text          0x00000000c002635d        0x0 crtn.32
 *fill*         0x00000000c002635d        0x3 
 .text          0x00000000c0026360      0x14b /cygdrive/d/Users/Alex/Desktop/Toolchain/Output/bin/../lib/gcc/i386-banana/8.1.0/libkgcc.a(_divdi3.o)
                0x00000000c0026360                __divdi3
 *fill*         0x00000000c00264ab        0x1 
 .text          0x00000000c00264ac      0x17e /cygdrive/d/Users/Alex/Desktop/Toolchain/Output/bin/../lib/gcc/i386-banana/8.1.0/libkgcc.a(_moddi3.o)
                0x00000000c00264ac                __moddi3
 *fill*         0x00000000c002662a        0x2 
 .text          0x00000000c002662c       0xff /cygdrive/d/Users/Alex/Desktop/Toolchain/Output/bin/../lib/gcc/i386-banana/8.1.0/libkgcc.a(_udivdi3.o)
                0x00000000c002662c                __udivdi3
 *fill*         0x00000000c002672b        0x1 
 .text          0x00000000c002672c      0x11a /cygdrive/d/Users/Alex/Desktop/Toolchain/Output/bin/../lib/gcc/i386-banana/8.1.0/libkgcc.a(_umoddi3.o)
                0x00000000c002672c                __umoddi3
 .text          0x00000000c0026846      0x96d D:/Users/Alex/Desktop/Banana/kernel/libsoftfp.a(sfieeelib.o)
                0x00000000c0026846                __addsf3
                0x00000000c0026b48                __subsf3
                0x00000000c0026b5c                __negsf2
                0x00000000c0026b69                __mulsf3
                0x00000000c0026d2c                __divsf3
                0x00000000c0026f57                __floatsisf
                0x00000000c0026fcb                __floatunsisf
                0x00000000c002700d                __fixsfsi
                0x00000000c002706f                __fixunssfsi
                0x00000000c00270a0                __cmpsf2
                0x00000000c0027135                __eqsf2
                0x00000000c0027170                __nesf2
                0x00000000c0027172                __gtsf2
                0x00000000c00271ad                __gesf2
                0x00000000c00271af                __ltsf2
                0x00000000c00271b1                __lesf2
 .text          0x00000000c00271b3      0xf50 D:/Users/Alex/Desktop/Banana/kernel/libsoftfp.a(dfieeelib.o)
                0x00000000c00271b3                __adddf3