Archive member included to satisfy reference by file (symbol)

/cygdrive/d/Users/Alex/Desktop/Toolchain/Output/bin/../lib/gcc/i386-banana/8.1.0/libkgcc.a(_divdi3.o)
                              krnl/resolve.32 (__divdi3)
/cygdrive/d/Users/Alex/Desktop/Toolchain/Output/bin/../lib/gcc/i386-banana/8.1.0/libkgcc.a(_moddi3.o)
                              krnl/resolve.32 (__moddi3)
/cygdrive/d/Users/Alex/Desktop/Toolchain/Output/bin/../lib/gcc/i386-banana/8.1.0/libkgcc.a(_udivdi3.o)
                              hal/clock.32 (__udivdi3)
/cygdrive/d/Users/Alex/Desktop/Toolchain/Output/bin/../lib/gcc/i386-banana/8.1.0/libkgcc.a(_umoddi3.o)
                              core/pipe.32 (__umoddi3)

Allocating common symbols
Common symbol       size              file

dcache              0x40              fs/iso9660/iso9660.32
cdDriveLetter       0x1               fs/iso9660/iso9660.32
icache              0x40              fs/iso9660/iso9660.32

Discarded input sections

 .comment       0x0000000000000000       0x12 /cygdrive/d/Users/Alex/Desktop/Toolchain/Output/bin/../lib/gcc/i386-banana/8.1.0/crtbegin.o
 .comment       0x0000000000000000       0x12 acpica/utclib.32
 .comment       0x0000000000000000       0x12 core/malloc.32
 .comment       0x0000000000000000       0x12 libk/ctype.32
 .comment       0x0000000000000000       0x12 libk/string.32
 .comment       0x0000000000000000       0x12 fs/fat/diskio.32
 .comment       0x0000000000000000       0x12 fs/fat/ff.32
 .comment       0x0000000000000000       0x12 fs/fat/ffsystem.32
 .comment       0x0000000000000000       0x12 fs/fat/ffunicode.32
 .comment       0x0000000000000000       0x12 fs/iso9660/iso9660.32
 .group         0x0000000000000000       0x14 core/computer.32
 .group         0x0000000000000000        0xc core/computer.32
 .comment       0x0000000000000000       0x12 core/computer.32
 .comment       0x0000000000000000       0x12 core/gdt.32
 .group         0x0000000000000000        0xc core/idle.32
 .comment       0x0000000000000000       0x12 core/idle.32
 .comment       0x0000000000000000       0x12 core/idt.32
 .comment       0x0000000000000000       0x12 core/kheap.32
 .comment       0x0000000000000000       0x12 core/main.32
 .comment       0x0000000000000000       0x12 core/physmgr.32
 .group         0x0000000000000000        0xc core/pipe.32
 .comment       0x0000000000000000       0x12 core/pipe.32
 .group         0x0000000000000000        0xc core/terminal.32
 .comment       0x0000000000000000       0x12 core/terminal.32
 .comment       0x0000000000000000       0x12 core/tss.32
 .group         0x0000000000000000        0x8 core/unixfile.32
 .group         0x0000000000000000        0x8 core/unixfile.32
 .group         0x0000000000000000        0xc core/unixfile.32
 .group         0x0000000000000000        0x8 core/unixfile.32
 .group         0x0000000000000000        0xc core/unixfile.32
 .group         0x0000000000000000        0x8 core/unixfile.32
 .group         0x0000000000000000        0xc core/unixfile.32
 .group         0x0000000000000000        0xc core/unixfile.32
 .comment       0x0000000000000000       0x12 core/unixfile.32
 .comment       0x0000000000000000       0x12 core/virtmgr.32
 .comment       0x0000000000000000       0x12 coreobjs/c++.32
 .comment       0x0000000000000000       0x12 dbg/kconsole.32
 .group         0x0000000000000000        0xc fs/vfs.32
 .group         0x0000000000000000        0xc fs/vfs.32
 .group         0x0000000000000000        0xc fs/vfs.32
 .comment       0x0000000000000000       0x12 fs/vfs.32
 .group         0x0000000000000000        0xc hal/bus.32
 .comment       0x0000000000000000       0x12 hal/bus.32
 .comment       0x0000000000000000       0x12 hal/buzzer.32
 .group         0x0000000000000000        0xc hal/clock.32
 .comment       0x0000000000000000       0x12 hal/clock.32
 .group         0x0000000000000000       0x14 hal/device.32
 .group         0x0000000000000000        0xc hal/device.32
 .group         0x0000000000000000        0x8 hal/device.32
 .group         0x0000000000000000        0xc hal/device.32
 .group         0x0000000000000000        0xc hal/device.32
 .comment       0x0000000000000000       0x12 hal/device.32
 .group         0x0000000000000000        0xc hal/diskctrl.32
 .comment       0x0000000000000000       0x12 hal/diskctrl.32
 .group         0x0000000000000000        0xc hal/diskphys.32
 .comment       0x0000000000000000       0x12 hal/diskphys.32
 .comment       0x0000000000000000       0x12 hal/fpu.32
 .comment       0x0000000000000000       0x12 hal/intctrl.32
 .group         0x0000000000000000        0xc hal/keybrd.32
 .comment       0x0000000000000000       0x12 hal/keybrd.32
 .group         0x0000000000000000        0xc hal/logidisk.32
 .comment       0x0000000000000000       0x12 hal/logidisk.32
 .group         0x0000000000000000        0xc hal/mouse.32
 .comment       0x0000000000000000       0x12 hal/mouse.32
[...]
Memory Configuration

Name             Origin             Length             Attributes
*default*        0x0000000000000000 0xffffffffffffffff

Linker script and memory map

LOAD D:/Users/Alex/Desktop/Banana/kernel/boot.32
LOAD crti.32
LOAD /cygdrive/d/Users/Alex/Desktop/Toolchain/Output/bin/../lib/gcc/i386-banana/8.1.0/crtbegin.o
LOAD D:/Users/Alex/Desktop/Banana/kernel/morenasm.32
LOAD acpica/utclib.32
LOAD core/malloc.32
LOAD libk/ctype.32
LOAD libk/string.32
LOAD fs/fat/diskio.32
LOAD fs/fat/ff.32
LOAD fs/fat/ffsystem.32
LOAD fs/fat/ffunicode.32
LOAD fs/iso9660/iso9660.32
LOAD core/computer.32
LOAD core/gdt.32
LOAD core/idle.32
LOAD core/idt.32
LOAD core/kheap.32
LOAD core/main.32
LOAD core/physmgr.32
LOAD core/pipe.32
LOAD core/terminal.32
LOAD core/tss.32
LOAD core/unixfile.32
LOAD core/virtmgr.32
LOAD coreobjs/c++.32
LOAD dbg/kconsole.32
LOAD fs/vfs.32
LOAD hal/bus.32
LOAD hal/buzzer.32
LOAD hal/clock.32
LOAD hal/device.32
LOAD hal/diskctrl.32
LOAD hal/diskphys.32
LOAD hal/fpu.32
LOAD hal/intctrl.32
LOAD hal/keybrd.32
LOAD hal/logidisk.32
LOAD hal/mouse.32
LOAD hal/partition.32
LOAD hal/serial.32
LOAD hal/timer.32
LOAD hal/vcache.32
LOAD hal/video.32
LOAD hw/acpi.32
LOAD hw/cpu.32
LOAD krnl/bootmsg.32
LOAD krnl/env.32
LOAD krnl/inlines.32
LOAD krnl/panic.32
LOAD krnl/powctrl.32
LOAD krnl/resolve.32
LOAD krnl/syscalls.32
LOAD reg/registry.32
LOAD sys/eject.32
LOAD sys/exit.32
LOAD sys/getcwd.32
LOAD sys/getpid.32
LOAD sys/getramdata.32
LOAD sys/getvgaptr.32
LOAD sys/loaddll.32
LOAD sys/read.32
LOAD sys/sbrk.32
LOAD sys/setcwd.32
LOAD sys/settime.32
LOAD sys/timezone.32
LOAD sys/write.32
LOAD sys/wsbe.32
LOAD sys/yield.32
LOAD thr/elf.32
LOAD thr/prcssthr.32
LOAD vm86/vm8086.32
LOAD arch/i386/hal.32
LOAD arch/i386/pic.32
LOAD arch/i386/rtc.32
LOAD arch/i386/vga.32
LOAD fs/fat/vfslink.32
LOAD fs/iso9660/helper.32
LOAD fs/iso9660/vfslink.32
LOAD hal/sound/sndcard.32
LOAD hal/sound/sndport.32
LOAD hw/bus/isa.32
LOAD hw/bus/pci.32
LOAD hw/diskctrl/ide.32
LOAD hw/diskctrl/satabus.32
LOAD hw/diskphys/ata.32
LOAD hw/diskphys/atapi.32
LOAD hw/diskphys/sata.32
LOAD hw/diskphys/satapi.32
LOAD hw/intctrl/apic.32
LOAD hw/timer/apictimer.32
LOAD hw/timer/pit.32
LOAD arch/i386/avx.32
LOAD arch/i386/interrupt.32
LOAD arch/i386/rdrand.32
LOAD arch/i386/sse.32
LOAD arch/i386/x87.32
LOAD /cygdrive/d/Users/Alex/Desktop/Toolchain/Output/bin/../lib/gcc/i386-banana/8.1.0/crtend.o
LOAD crtn.32
LOAD /cygdrive/d/Users/Alex/Desktop/Toolchain/Output/bin/../lib/gcc/i386-banana/8.1.0/libkgcc.a
LOAD D:/Users/Alex/Desktop/Banana/kernel/libsoftfp.a
LOAD D:/Users/Alex/Desktop/Banana/kernel/libk/libm32.a
                0x00000000c0000000                . = 0xc0000000

.text           0x00000000c0000000    0x1bdfa
 *(.text)
 .text          0x00000000c0000000       0x20 D:/Users/Alex/Desktop/Banana/kernel/boot.32
 .text          0x00000000c0000020        0x0 crti.32
 .text          0x00000000c0000020      0x101 /cygdrive/d/Users/Alex/Desktop/Toolchain/Output/bin/../lib/gcc/i386-banana/8.1.0/crtbegin.o
 *fill*         0x00000000c0000121        0xf 
 .text          0x00000000c0000130      0x252 D:/Users/Alex/Desktop/Banana/kernel/morenasm.32
                0x00000000c0000130                manualPCIProbe
                0x00000000c000017b                prepareTramp
                0x00000000c0000194                doTPAUSE
                0x00000000c000019e                hasLegacyFPU
                0x00000000c00001c3                is486
                0x00000000c00001f9                detectCPUID
                0x00000000c000020f                goToVM86
                0x00000000c000023f                goToUsermode
                0x00000000c0000269                switchToThreadASMFirstTime
                0x00000000c0000277                switchToThreadASM
                0x00000000c00002ff                asmQuickAcquireLock
                0x00000000c000031d                asmQuickReleaseLock
                0x00000000c0000329                asmAcquireLock
                0x00000000c000034a                asmReleaseLock
                0x00000000c000035d                loadGDT
                0x00000000c000037d                memcpy
 *fill*         0x00000000c0000382        0xe 
 .text          0x00000000c0000390      0x79e acpica/utclib.32
                0x00000000c0000390                memcmp
                0x00000000c00003e0                memmove
                0x00000000c00004d0                memset
                0x00000000c0000540                strlen
                0x00000000c0000570                strpbrk
                0x00000000c00005b0                strtok
                0x00000000c0000600                strcpy
                0x00000000c0000630                strncpy
                0x00000000c00006e0                strcmp
                0x00000000c0000730                strchr
                0x00000000c0000760                strncmp
                0x00000000c00007c0                strcat
                0x00000000c00007f0                strncat
                0x00000000c0000850                strstr
                0x00000000c00008b0                toupper
                0x00000000c00008d0                tolower
                0x00000000c00008f0                simple_strtoul
 .text          0x00000000c0000b2e      0xfad core/malloc.32
                0x00000000c0000c99                dlfree
                0x00000000c0000ff4                dlmalloc
                0x00000000c0001531                dlrealloc
                0x00000000c00016d4                dlmemalign
                0x00000000c00017f7                dlcalloc
                0x00000000c0001891                dlcfree
                0x00000000c0001896                dlindependent_calloc
                0x00000000c00018bb                dlindependent_comalloc
                0x00000000c00018d2                dlvalloc
                0x00000000c00018fd                dlpvalloc
                0x00000000c0001933                dlmalloc_trim
                0x00000000c0001940                dlmalloc_usable_size
                0x00000000c0001971                dlmallinfo
                0x00000000c0001a40                dlmalloc_stats
                0x00000000c0001a51                dlmallopt
 *fill*         0x00000000c0001adb        0x1 
 .text          0x00000000c0001adc      0x1f2 libk/ctype.32
                0x00000000c0001adc                isblank
                0x00000000c0001afc                iscntrl
                0x00000000c0001b1c                isdigit
                0x00000000c0001b38                islower
                0x00000000c0001b54                isspace
                0x00000000c0001b7c                isupper
                0x00000000c0001b98                isalpha
                0x00000000c0001bc8                isalnum
                0x00000000c0001bf8                ispunct
                0x00000000c0001c38                isgraph
                0x00000000c0001c68                isprint
                0x00000000c0001c90                isxdigit
 .text          0x00000000c0001cce        0x0 libk/string.32
 .text          0x00000000c0001cce       0x51 fs/fat/diskio.32
                0x00000000c0001cce                disk_status
                0x00000000c0001cd1                disk_initialize
                0x00000000c0001cd4                disk_read
                0x00000000c0001cea                disk_write
                0x00000000c0001d00                disk_ioctl
 .text          0x00000000c0001d1f     0x3d4b fs/fat/ff.32
                0x00000000c0003abb                f_mount
                0x00000000c0003b1d                f_open
                0x00000000c0003de8                f_read
                0x00000000c0003fe7                f_write
                0x00000000c000421b                f_sync
                0x00000000c00042d0                f_close
                0x00000000c00042ff                f_lseek
                0x00000000c00044a6                f_opendir
                0x00000000c0004571                f_closedir
                0x00000000c0004593                f_readdir
                0x00000000c0004625                f_stat
                0x00000000c00046a4                f_getfree
                0x00000000c00047a6                f_truncate
                0x00000000c000488a                f_unlink
                0x00000000c00049ac                f_mkdir
                0x00000000c0004b47                f_rename
                0x00000000c0004cfd                f_chmod
                0x00000000c0004da6                f_utime
                0x00000000c0004e54                f_getlabel
                0x00000000c0004fa5                f_setlabel
                0x00000000c0005135                f_expand
                0x00000000c0005295                f_mkfs
 *fill*         0x00000000c0005a6a        0x2 
 .text          0x00000000c0005a6c       0x2f fs/fat/ffsystem.32
                0x00000000c0005a6c                ff_memalloc
                0x00000000c0005a84                ff_memfree
 *fill*         0x00000000c0005a9b        0x1 
 .text          0x00000000c0005a9c      0x2a8 fs/fat/ffunicode.32
                0x00000000c0005a9c                ff_uni2oem
                0x00000000c0005b3c                ff_oem2uni
                0x00000000c0005bb4                ff_wtoupper
 .text          0x00000000c0005d44      0xc76 fs/iso9660/iso9660.32
                0x00000000c0005f63                isoReadDiscSector
                0x00000000c0005ffe                strnicmp
                0x00000000c00062b1                stricmp
                0x00000000c00062fd                iso_open
                0x00000000c0006387                iso_close
                0x00000000c00063a5                iso_read
                0x00000000c00064bb                iso_seek
                0x00000000c000653f                iso_tell
                0x00000000c0006570                iso_total
                0x00000000c000659b                fn_postprocess
                0x00000000c00065c1                iso_readdir
                0x00000000c00067b2                iso_reset
                0x00000000c00067bf                init_percd
                0x00000000c00068b9                iso_ioctl
                0x00000000c00068c1                fs_iso9660_init
                0x00000000c000694a                fs_iso9660_shutdown
 .text          0x00000000c00069ba      0x685 core/computer.32
                0x00000000c00069ba                Computer::close(int, int, void*)
                0x00000000c00069ff                Krnl::firstTask()
                0x00000000c0006b32                Computer::Computer()
                0x00000000c0006b32                Computer::Computer()
                0x00000000c0006be4                Computer::setBootMessage(char const*)
                0x00000000c0006be6                Computer::detectFeatures()
                0x00000000c0006df0                Computer::displayFeatures()
                0x00000000c0006df2                Computer::rdmsr(unsigned int)
                0x00000000c0006e1e                Computer::wrmsr(unsigned int, unsigned long long)
                0x00000000c0006e56                Computer::shutdown()
                0x00000000c0006e6e                Computer::restart()
                0x00000000c0006e86                Computer::sleep()
                0x00000000c0006e9a                Computer::nmiEnabled()
                0x00000000c0006ea6                Computer::readCMOS(unsigned char)
                0x00000000c0006ec0                Computer::enableNMI(bool)
                0x00000000c0006ed8                Computer::open(int, int, void*)
                0x00000000c0006fac                Computer::disableNMI()
                0x00000000c0006fbc                Computer::writeCMOS(unsigned char, unsigned char)
                0x00000000c0006fda                Computer::handleNMI()
 *fill*         0x00000000c000703f        0x1 
 .text          0x00000000c0007040      0x1cf core/gdt.32
                0x00000000c0007040                GDTEntry::setBase(unsigned int)
                0x00000000c000705c                GDTEntry::setLimit(unsigned int)
                0x00000000c000707a                GDT::GDT()
                0x00000000c000707a                GDT::GDT()
                0x00000000c0007090                GDT::addEntry(GDTEntry)
                0x00000000c00070b2                GDT::getNumberOfEntries()
                0x00000000c00070ba                GDT::flush()
                0x00000000c00070dc                GDT::setup()
 .text          0x00000000c000720f       0x1d core/idle.32
                0x00000000c000720f                idleFunction(void*)
 .text          0x00000000c000722c      0x464 core/idt.32
                0x00000000c000722c                IDTEntry::IDTEntry(bool)
                0x00000000c000722c                IDTEntry::IDTEntry(bool)
                0x00000000c000729e                IDTEntry::setOffset(unsigned int)
                0x00000000c00072b4                IDT::IDT()
                0x00000000c00072b4                IDT::IDT()
                0x00000000c00072b6                IDT::getPointerToInvalidOpcodeEntryForF00F()
                0x00000000c00072be                IDT::addEntry(IDTEntry, int)
                0x00000000c00072d8                IDT::addEntry(int, void (*)(), bool)
                0x00000000c0007310                IDT::flush()
                0x00000000c000732a                IDT::setup()
 .text          0x00000000c0007690      0x183 core/kheap.32
                0x00000000c0007690                sbrk
                0x00000000c0007725                mmap
                0x00000000c000773b                munmap
                0x00000000c0007751                liballoc_lock()
                0x00000000c000775e                liballoc_unlock()
                0x00000000c0007772                liballoc_alloc(int)
                0x00000000c000778a                liballoc_free(void*, int)
                0x00000000c00077a5                realloc
                0x00000000c00077b9                malloc
                0x00000000c00077c9                free
                0x00000000c00077d9                rfree
                0x00000000c00077e9                calloc
 .text          0x00000000c0007813       0xc3 core/main.32
                0x00000000c0007813                KeEntryPoint
 .text          0x00000000c00078d6      0x5dc core/physmgr.32
                0x00000000c00078d6                Phys::allocateDMA(unsigned long)
                0x00000000c00079ad                Phys::freeDMA(unsigned long, unsigned long)
                0x00000000c00079e0                Phys::setPageState(unsigned long, bool)
                0x00000000c0007a12                Phys::getPageState(unsigned long)
                0x00000000c0007a33                Phys::freePage(unsigned long)
                0x00000000c0007a95                Phys::allocatePage()
                0x00000000c0007b53                Phys::allocateContiguousPages(int)
                0x00000000c0007baf                Phys::allowSegmentToBeUsed(unsigned long, unsigned long)
                0x00000000c0007be7                Phys::physicalMemorySetup(unsigned int)
 .text          0x00000000c0007eb2      0x273 core/pipe.32
                0x00000000c0007eb2                Pipe::isAtty()
                0x00000000c0007eb6                Pipe::~Pipe()
                0x00000000c0007eb6                Pipe::~Pipe()
                0x00000000c0007eda                Pipe::~Pipe()
                0x00000000c0007f02                Pipe::write(unsigned long long, void*, int*)
                0x00000000c0007fc2                Pipe::read(unsigned long long, void*, int*)
                0x00000000c00080be                Pipe::Pipe(int)
                0x00000000c00080be                Pipe::Pipe(int)
 *fill*         0x00000000c0008125        0x1 
 .text          0x00000000c0008126      0xa1e core/terminal.32
                0x00000000c0008126                VgaText::isAtty()
                0x00000000c000812a                VgaText::~VgaText()
                0x00000000c000812a                VgaText::~VgaText()
                0x00000000c000814e                VgaText::~VgaText()
                0x00000000c0008178                VgaText::read(unsigned long long, void*, int*)
                0x00000000c0008198                setTerminalScrollLock(bool)
                0x00000000c0008199                doTerminalCycle()
                0x00000000c000819a                addToTerminalCycle(VgaText*)
                0x00000000c000819b                scrollTerminalScrollLock(int)
                0x00000000c000819c                VgaText::updateTitle()
                0x00000000c000819e                VgaText::load()
                0x00000000c00081a0                VgaText::updateCursor()
                0x00000000c00081b6                VgaText::doANSI_SGR(int)
                0x00000000c000822a                VgaText::setDefaultBgColour(VgaColour)
                0x00000000c000823a                VgaText::setDefaultFgColour(VgaColour)
                0x00000000c000824a                VgaText::setDefaultColours(VgaColour, VgaColour)
                0x00000000c000826a                VgaText::setTitleTextColour(VgaColour)
                0x00000000c0008276                VgaText::setTitleColour(VgaColour)
                0x00000000c0008282                VgaText::setTitle(char*)
                0x00000000c0008284                VgaText::combineColours(unsigned char, unsigned char)
                0x00000000c0008296                VgaText::scrollScreen()
                0x00000000c000832e                VgaText::combineCharAndColour(char, unsigned char)
                0x00000000c0008340                VgaText::writeCharacter(char, VgaColour, VgaColour, int, int)
                0x00000000c00083d0                VgaText::getCursorX()
                0x00000000c00083d8                VgaText::getCursorY()
                0x00000000c00083e0                VgaText::setCursor(int, int)
                0x00000000c00083f7                setActiveTerminal(VgaText*)
                0x00000000c0008442                VgaText::clearScreen()
                0x00000000c0008490                VgaText::setCursorX(int)
                0x00000000c00084a8                VgaText::setCursorY(int)
                0x00000000c00084c0                VgaText::incrementCursor(bool)
                0x00000000c0008514                VgaText::decrementCursor(bool)
                0x00000000c0008536                VgaText::putchar(char, VgaColour, VgaColour)
                0x00000000c0008604                VgaText::putchar(char)
                0x00000000c00086f0                VgaText::putx(unsigned int)
                0x00000000c0008736                VgaText::puts(char const*)
                0x00000000c000875c                VgaText::write(unsigned long long, void*, int*)
                0x00000000c00087a8                VgaText::puts(char const*, VgaColour, VgaColour)
                0x00000000c00088fa                VgaText::VgaText(char const*)
                0x00000000c00088fa                VgaText::VgaText(char const*)
                0x00000000c0008a46                VgaText::receiveKey(unsigned char)
                0x00000000c0008b1e                VgaText::doUpdate()
                0x00000000c0008b1f                newTerminal(char*)
 .text          0x00000000c0008b44      0x1a1 core/tss.32
                0x00000000c0008b44                TSS::TSS()
                0x00000000c0008b44                TSS::TSS()
                0x00000000c0008b54                TSS::setESP(unsigned long)
                0x00000000c0008b68                TSS::flush()
                0x00000000c0008b88                TSS::setup(unsigned long, unsigned long)
 *fill*         0x00000000c0008ce5        0x1 
 .text          0x00000000c0008ce6      0x4c2 core/unixfile.32
                0x00000000c0008ce6                ReservedFilename::read(unsigned long long, void*, int*)
                0x00000000c0008d3c                ReservedFilename::isAtty()
                0x00000000c0008d58                ReservedFilename::write(unsigned long long, void*, int*)
                0x00000000c0008db6                UnixFile::getFileDescriptor()
                0x00000000c0008dbe                UnixFile::UnixFile(int)
                0x00000000c0008dbe                UnixFile::UnixFile(int)
                0x00000000c0008f6e                ReservedFilename::ReservedFilename(int)
                0x00000000c0008f6e                ReservedFilename::ReservedFilename(int)
                0x00000000c0008fa0                UnixFile::~UnixFile()
                0x00000000c0008fa0                UnixFile::~UnixFile()
                0x00000000c0009038                UnixFile::~UnixFile()
                0x00000000c0009060                ReservedFilename::~ReservedFilename()
                0x00000000c0009060                ReservedFilename::~ReservedFilename()
                0x00000000c0009084                ReservedFilename::~ReservedFilename()
                0x00000000c00090ab                getFromFileDescriptor(int)
 .text          0x00000000c00091a8     0x1166 core/virtmgr.32
                0x00000000c00091a8                Virt::setPageState(unsigned long, Virt::VirtPageState)
                0x00000000c00091dd                Virt::getPageState(unsigned long)
                0x00000000c0009201                Virt::allocateKernelVirtualPages(int)
                0x00000000c0009312                Virt::freeSwapfilePage(unsigned long)
                0x00000000c0009330                Virt::swapIDToSector(unsigned long)
                0x00000000c0009342                Virt::allocateSwapfilePage()
                0x00000000c00093c0                Virt::virtualMemorySetup()
                0x00000000c000940b                Virt::setupPageSwapping(int)
                0x00000000c000947c                VAS::VAS()
                0x00000000c000947c                VAS::VAS()
                0x00000000c00094b8                VAS::VAS(VAS*)
                0x00000000c00094b8                VAS::VAS(VAS*)
                0x00000000c00094e6                VAS::getForeignPageTableEntry(bool, unsigned long)
                0x00000000c0009512                VAS::getPageTableEntry(unsigned long)
                0x00000000c0009531                Virt::freeKernelVirtualPages(unsigned long)
                0x00000000c0009656                VAS::freeAllocatedPages(unsigned long)
                0x00000000c000967a                VAS::virtualToPhysical(unsigned long)
                0x00000000c0009694                VAS::reflagRange(unsigned long, int, int, int)
                0x00000000c00096d4                VAS::setToWriteCombining(unsigned long, int)
                0x00000000c0009708                VAS::mapOtherVASIn(bool, VAS*)
                0x00000000c0009732                VAS::~VAS()
                0x00000000c0009732                VAS::~VAS()
                0x00000000c0009896                VAS::mapPage(unsigned long, unsigned long, int)
                0x00000000c000999a                VAS::allocatePages(int, int)
                0x00000000c0009b72                VAS::setCPUSpecific(unsigned long)
                0x00000000c0009b90                VAS::mapRange(unsigned long, unsigned long, int, int)
                0x00000000c0009c56                VAS::mapForeignPage(bool, VAS*, unsigned long, unsigned long, int)
                0x00000000c0009d44                VAS::VAS(bool)
                0x00000000c0009d44                VAS::VAS(bool)
                0x00000000c0009fc4                VAS::evict(unsigned long)
                0x00000000c000a086                VAS::tryLoadBackOffDisk(unsigned long)
                0x00000000c000a174                VAS::scanForEviction()
                0x00000000c000a254                mapVASFirstTime
 .text          0x00000000c000a30e       0x5f coreobjs/c++.32
                0x00000000c000a30e                __cxa_atexit
                0x00000000c000a311                __cxa_finalize
                0x00000000c000a312                __stack_chk_fail
                0x00000000c000a348                __cxa_pure_virtual
                0x00000000c000a359                operator new[](unsigned long)
                0x00000000c000a35e                operator delete(void*, unsigned long)
                0x00000000c000a363                operator delete[](void*)
                0x00000000c000a368                operator delete[](void*, unsigned long)
 .text          0x00000000c000a36d      0x21c dbg/kconsole.32
                0x00000000c000a36d                Dbg::stringifyxWithBase(unsigned int, char*, int)
                0x00000000c000a3d8                Dbg::logc(char)
                0x00000000c000a3f8                Dbg::logs(char*)
                0x00000000c000a415                Dbg::logWriteInt(unsigned int)
                0x00000000c000a433                Dbg::logWriteIntBase(unsigned int, int)
                0x00000000c000a454                Dbg::kprintf(char const*, ...)
 *fill*         0x00000000c000a589        0x1 
 .text          0x00000000c000a58a      0xc5c fs/vfs.32
                0x00000000c000a58a                File::read(unsigned long long, void*, int*)
                0x00000000c000a5e2                File::write(unsigned long long, void*, int*)
                0x00000000c000a63a                Directory::read(unsigned long long, void*, int*)
                0x00000000c000a692                Directory::write(unsigned long long, void*, int*)
                0x00000000c000a6c0                File::isAtty()
                0x00000000c000a6c4                Directory::isAtty()
                0x00000000c000a6c8                Filesystem::getlabel(LogicalDisk*, int, char*, unsigned int*)
                0x00000000c000a6ce                Filesystem::setlabel(LogicalDisk*, int, char*)
                0x00000000c000a6d4                Filesystem::allocateSwapfile(char const*, int)
                0x00000000c000a6da                File::~File()
                0x00000000c000a6da                File::~File()
                0x00000000c000a6fe                File::~File()
                0x00000000c000a728                Directory::~Directory()
                0x00000000c000a728                Directory::~Directory()
                0x00000000c000a74c                Directory::~Directory()
                0x00000000c000a776                Filesystem::Filesystem()
                0x00000000c000a776                Filesystem::Filesystem()
                0x00000000c000a79a                Filesystem::~Filesystem()
                0x00000000c000a79a                Filesystem::~Filesystem()
                0x00000000c000a7a8                Filesystem::~Filesystem()
                0x00000000c000a7cc                Fs::getcwd(Process*, char*, int)
                0x00000000c000a7f6                Fs::initVFS()
                0x00000000c000a820                Fs::standardiseFiles(char*, char const*, char const*)
                0x00000000c000a9ca                File::File(char const*, Process*)
                0x00000000c000a9ca                File::File(char const*, Process*)
                0x00000000c000aa8a                File::open(FileOpenMode)
                0x00000000c000aae8                File::close()
                0x00000000c000ab48                File::seek(unsigned long long)
                0x00000000c000ab9e                File::tell(unsigned long long*)
                0x00000000c000abee                File::rewind()
                0x00000000c000ac02                File::unlink()
                0x00000000c000ac4e                File::rename(char const*)
                0x00000000c000ac9c                File::chfatattr(unsigned char, unsigned char)
                0x00000000c000acf8                File::exists()
                0x00000000c000ad36                File::stat(unsigned long long*, bool*)
                0x00000000c000ad97                Fs::setcwd(Process*, char*)
                0x00000000c000aef4                Directory::Directory(char const*, Process*)
                0x00000000c000aef4                Directory::Directory(char const*, Process*)
                0x00000000c000afb4                Directory::open()
                0x00000000c000b010                Directory::close()
                0x00000000c000b070                Directory::unlink()
                0x00000000c000b0bc                Directory::rename(char const*)
                0x00000000c000b10a                Directory::exists()
                0x00000000c000b148                Directory::read(dirent*)
                0x00000000c000b194                Directory::create()
                0x00000000c000b1e0                Filesystem::chfatattr(char const*, unsigned char, unsigned char)
 *fill*         0x00000000c000b1e6        0x2 
 .text          0x00000000c000b1e8       0x86 hal/bus.32
                0x00000000c000b1e8                Bus::Bus(char const*)
                0x00000000c000b1e8                Bus::Bus(char const*)
                0x00000000c000b220                Bus::~Bus()
                0x00000000c000b220                Bus::~Bus()
                0x00000000c000b244                Bus::~Bus()
 .text          0x00000000c000b26e       0x96 hal/buzzer.32
                0x00000000c000b26e                beepThread(void*)
                0x00000000c000b2ab                Krnl::beep(int, int, bool)
 .text          0x00000000c000b304      0x46d hal/clock.32
                0x00000000c000b304                User::loadClockSettings(int)
                0x00000000c000b356                Clock::Clock(char const*)
                0x00000000c000b356                Clock::Clock(char const*)
                0x00000000c000b38c                Clock::~Clock()
                0x00000000c000b38c                Clock::~Clock()
                0x00000000c000b3b0                Clock::~Clock()
                0x00000000c000b3da                Clock::timeInSecondsLocal()
                0x00000000c000b422                Clock::setTimeInSecondsLocal(unsigned long long)
                0x00000000c000b47b                datetimeToSeconds(datetime_t)
                0x00000000c000b5a8                Clock::setTimeInDatetimeLocal(datetime_t)
                0x00000000c000b608                secondsToDatetime(unsigned long long)
                0x00000000c000b74c                Clock::timeInDatetimeLocal()
 *fill*         0x00000000c000b771        0x1 
 .text          0x00000000c000b772      0x464 hal/device.32
                0x00000000c000b772                Device::hibernate()
                0x00000000c000b774                Device::wake()
                0x00000000c000b776                Device::detect()
                0x00000000c000b778                Device::disableLegacy()
                0x00000000c000b77a                Device::powerSaving(PowerSavingLevel)
                0x00000000c000b77c                DriverlessDevice::close(int, int, void*)
                0x00000000c000b780                DriverlessDevice::detect()
                0x00000000c000b782                DriverlessDevice::open(int, int, void*)
                0x00000000c000b796                Device::~Device()
                0x00000000c000b796                Device::~Device()
                0x00000000c000b7a4                Device::~Device()
                0x00000000c000b7cc                Device::findAndLoadDriver()
                0x00000000c000b7da                Device::preOpenPCI(PCIDeviceInfo)
                0x00000000c000b800                Device::preOpenACPI(void*, char*, char*)
                0x00000000c000b840                Device::addIRQHandler(int, void (*)(regs*, void*), bool, void*)
                0x00000000c000b86a                Device::getParent()
                0x00000000c000b876                Device::removeIRQHandler(int, void (*)(regs*, void*), bool)
                0x00000000c000b894                Device::addChild(Device*)
                0x00000000c000b8d8                Device::removeAllChildren()
                0x00000000c000b91e                Device::hibernateAll()
                0x00000000c000b94e                Device::wakeAll()
                0x00000000c000b97e                Device::detectAll()
                0x00000000c000b9ae                Device::disableLegacyAll()
                0x00000000c000b9b0                Device::loadDriversForAll()
                0x00000000c000b9b2                Device::closeAll()
                0x00000000c000b9e8                Device::powerSavingAll(PowerSavingLevel)
                0x00000000c000ba1e                Device::setName(char const*)
                0x00000000c000ba2c                Device::Device(char const*)
                0x00000000c000ba2c                Device::Device(char const*)
                0x00000000c000bb28                Device::getName()
                0x00000000c000bb32                DriverlessDevice::DriverlessDevice(char const*)
                0x00000000c000bb32                DriverlessDevice::DriverlessDevice(char const*)
                0x00000000c000bb68                Device::addToLinkedList(LinkedList<Device>&, DeviceType)
                0x00000000c000bbac                getDevicesOfType(DeviceType)
 *fill*         0x00000000c000bbd6        0x2 
 .text          0x00000000c000bbd8       0x86 hal/diskctrl.32
                0x00000000c000bbd8                HardDiskController::HardDiskController(char const*)
                0x00000000c000bbd8                HardDiskController::HardDiskController(char const*)
                0x00000000c000bc10                HardDiskController::~HardDiskController()
                0x00000000c000bc10                HardDiskController::~HardDiskController()
                0x00000000c000bc34                HardDiskController::~HardDiskController()
 .text          0x00000000c000bc5e       0xe2 hal/diskphys.32
                0x00000000c000bc5e                PhysicalDisk::eject()
                0x00000000c000bc62                PhysicalDisk::PhysicalDisk(char const*, int)
                0x00000000c000bc62                PhysicalDisk::PhysicalDisk(char const*, int)
                0x00000000c000bcca                PhysicalDisk::startCache()
                0x00000000c000bcf2                PhysicalDisk::~PhysicalDisk()
                0x00000000c000bcf2                PhysicalDisk::~PhysicalDisk()
                0x00000000c000bd16                PhysicalDisk::~PhysicalDisk()
 .text          0x00000000c000bd40        0x0 hal/fpu.32
 .text          0x00000000c000bd40      0x35d hal/intctrl.32
                0x00000000c000bd40                int_handler
                0x00000000c000bdc8                installISRHandler(int, void (*)(regs*, void*), void*)
                0x00000000c000be10                installIRQHandler(int, void (*)(regs*, void*), bool, void*)
                0x00000000c000bf48                uninstallISRHandler(int, void (*)(regs*, void*))
                0x00000000c000bf7c                uninstallIRQHandler(int, void (*)(regs*, void*), bool)
                0x00000000c000bffb                setupINTS()
                0x00000000c000c058                convertLegacyIRQNumber(int)
 *fill*         0x00000000c000c09d        0x1 
 .text          0x00000000c000c09e      0x7aa hal/keybrd.32
                0x00000000c000c09e                startGUI(void*)
                0x00000000c000c10a                startGUIVESA(void*)
                0x00000000c000c176                sendKeyToTerminal(unsigned char)
                0x00000000c000c239                sendKeyboardToken(KeyboardToken)
                0x00000000c000c698                clearInternalKeybuffer(VgaText*)
                0x00000000c000c6cd                readKeyboard(VgaText*, char*, unsigned long)
                0x00000000c000c7be                Keyboard::Keyboard(char const*)
                0x00000000c000c7be                Keyboard::Keyboard(char const*)
                0x00000000c000c7fa                Keyboard::~Keyboard()
                0x00000000c000c7fa                Keyboard::~Keyboard()
                0x00000000c000c81e                Keyboard::~Keyboard()
 .text          0x00000000c000c848      0x3ea hal/logidisk.32
                0x00000000c000c848                LogicalDisk::close(int, int, void*)
                0x00000000c000c84c                LogicalDisk::~LogicalDisk()
                0x00000000c000c84c                LogicalDisk::~LogicalDisk()
                0x00000000c000c870                LogicalDisk::~LogicalDisk()
                0x00000000c000c89a                LogicalDisk::open(int, int, void*)
                0x00000000c000c8ae                LogicalDisk::absoluteToRelative(unsigned long long)
                0x00000000c000c8e6                LogicalDisk::relativeToAbsolute(unsigned long long)
                0x00000000c000c92c                LogicalDisk::LogicalDisk(char const*, PhysicalDisk*, unsigned long long, unsigned long long)
                0x00000000c000c92c                LogicalDisk::LogicalDisk(char const*, PhysicalDisk*, unsigned long long, unsigned long long)
                0x00000000c000c9e2                LogicalDisk::assignDriveLetter()
                0x00000000c000ca98                LogicalDisk::mount()
                0x00000000c000cae0                LogicalDisk::unmount()
                0x00000000c000caf0                LogicalDisk::eject()
                0x00000000c000cb04                LogicalDisk::unassignDriveLetter()
                0x00000000c000cb5a                LogicalDisk::read(unsigned long long, int, void*)
                0x00000000c000cbc6                LogicalDisk::write(unsigned long long, int, void*)
 *fill*         0x00000000c000cc32        0x2 
 .text          0x00000000c000cc34       0x86 hal/mouse.32
                0x00000000c000cc34                Mouse::Mouse(char const*)
                0x00000000c000cc34                Mouse::Mouse(char const*)
                0x00000000c000cc6c                Mouse::~Mouse()
                0x00000000c000cc6c                Mouse::~Mouse()
                0x00000000c000cc90                Mouse::~Mouse()
 .text          0x00000000c000ccba      0x339 hal/partition.32
                0x00000000c000ccba                makePartition(PhysicalDisk*, unsigned long long, unsigned long long)
                0x00000000c000cd62                createPartitionsForDisk(PhysicalDisk*)
 *fill*         0x00000000c000cff3        0x1 
 .text          0x00000000c000cff4       0x86 hal/serial.32
                0x00000000c000cff4                Serial::Serial(char const*)
                0x00000000c000cff4                Serial::Serial(char const*)
                0x00000000c000d02c                Serial::~Serial()
                0x00000000c000d02c                Serial::~Serial()
                0x00000000c000d050                Serial::~Serial()
 *fill*         0x00000000c000d07a        0x2 
 .text          0x00000000c000d07c      0x234 hal/timer.32
                0x00000000c000d07c                Timer::Timer(char const*)
                0x00000000c000d07c                Timer::Timer(char const*)
                0x00000000c000d0b4                Timer::~Timer()
                0x00000000c000d0b4                Timer::~Timer()
                0x00000000c000d0d8                Timer::~Timer()
                0x00000000c000d102                Timer::read()
                0x00000000c000d10d                setupTimer(int)
                0x00000000c000d148                timerHandler(unsigned int)
 .text          0x00000000c000d2b0      0x3ee hal/vcache.32
                0x00000000c000d2b0                VCache::VCache(PhysicalDisk*)
                0x00000000c000d2b0                VCache::VCache(PhysicalDisk*)
                0x00000000c000d418                VCache::invalidateReadBuffer()
                0x00000000c000d428                VCache::writeWriteBuffer()
                0x00000000c000d474                VCache::~VCache()
                0x00000000c000d474                VCache::~VCache()
                0x00000000c000d4c8                VCache::~VCache()
                0x00000000c000d4f0                VCache::write(unsigned long long, int, void*)
                0x00000000c000d606                VCache::read(unsigned long long, int, void*)
 .text          0x00000000c000d69e      0x4b3 hal/video.32
                0x00000000c000d69e                Video::putrect(int, int, int, int, unsigned int)
                0x00000000c000d6ea                Video::bitblit(int, int, int, int, int, int, int, unsigned int*)
                0x00000000c000d75a                Video::blit(unsigned int*, int, int, int, int)
                0x00000000c000d7d8                Video::clearScreen(unsigned int)
                0x00000000c000d80c                Video::putpixel(int, int, unsigned int)
                0x00000000c000d81a                Video::Video(char const*)
                0x00000000c000d81a                Video::Video(char const*)
                0x00000000c000d850                Video::~Video()
                0x00000000c000d850                Video::~Video()
                0x00000000c000d874                Video::~Video()
                0x00000000c000d89e                Video::isMonochrome()
                0x00000000c000d8aa                Video::getWidth()
                0x00000000c000d8b6                Video::getHeight()
                0x00000000c000d8c2                Video::drawCursor(int, int, unsigned char*, int)
                0x00000000c000d97e                Video::tgaParse(unsigned char*, int, int*, int*)
                0x00000000c000dae6                Video::putTGA(int, int, unsigned char*, int)
 *fill*         0x00000000c000db51        0x3 
 .text          0x00000000c000db54     0x1307 hw/acpi.32
                0x00000000c000db54                ACPI::close(int, int, void*)
                0x00000000c000dc0c                findRSDP()
                0x00000000c000dc9c                loadACPITables(unsigned char*)
                0x00000000c000df00                findRSDT(unsigned char*)
                0x00000000c000e050                findDataTable(unsigned char*, char*)
                0x00000000c000e0c8                scanMADT()
                0x00000000c000e59c                ACPI::ACPI()
                0x00000000c000e59c                ACPI::ACPI()
                0x00000000c000e5f0                ACPI::getPCIIRQAssignment(unsigned char, unsigned short, unsigned char)
                0x00000000c000e6d8                ACPI::registerPCIIRQAssignment(void*, unsigned short, unsigned char, unsigned char)
                0x00000000c000e7a0                ACPI::setScreenBrightnessLevel(void*, int)
                0x00000000c000e7a8                ACPI::detectPCI()
                0x00000000c000e9b0                ACPI::writeSimpleBootFlag(SimpleBootFlagTable*)
                0x00000000c000ea04                ACPI::sleep()
                0x00000000c000ea20                ACPI::open(int, int, void*)
 *fill*         0x00000000c000ee5b        0x1 
 .text          0x00000000c000ee5c      0xb95 hw/cpu.32
                0x00000000c000ee5c                CPU::close(int, int, void*)
                0x00000000c000ee60                CPU::AMD_K6_write_msr(unsigned int, unsigned int, unsigned int, CPU::REGS*)
                0x00000000c000ee7c                CPU::AMD_K6_read_msr(unsigned int, CPU::REGS*)
                0x00000000c000ee94                CPU::AMD_K6_writeback(int, int, int)
                0x00000000c000ef08                CPU::cpuid(int, unsigned long*, unsigned long*, unsigned long*, unsigned long*)
                0x00000000c000ef8c                CPU::cpuidCheckEDX(unsigned int)
                0x00000000c000efba                CPU::cpuidCheckECX(unsigned int)
                0x00000000c000efe8                CPU::cpuidCheckExtendedEBX(unsigned int)
                0x00000000c000f016                CPU::cpuidCheckExtendedECX(unsigned int)
                0x00000000c000f044                CPU::CPU()
                0x00000000c000f044                CPU::CPU()
                0x00000000c000f0d2                CPU::displayFeatures()
                0x00000000c000f0d4                CPU::detectFeatures()
                0x00000000c000f798                CPU::setupSMEP()
                0x00000000c000f7a4                CPU::setupUMIP()
                0x00000000c000f7ae                CPU::setupTSC()
                0x00000000c000f7b8                CPU::setupLargePages()
                0x00000000c000f7c2                CPU::setupPAT()
                0x00000000c000f7fe                CPU::setupMTRR()
                0x00000000c000f800                CPU::setupGlobalPages()
                0x00000000c000f80a                CPU::allowUsermodeDataAccess()
                0x00000000c000f81c                CPU::prohibitUsermodeDataAccess()
                0x00000000c000f82e                CPU::setupSMAP()
                0x00000000c000f83c                CPU::setupFeatures()
                0x00000000c000f908                CPU::open(int, int, void*)
 .text          0x00000000c000f9f1       0xd1 krnl/bootmsg.32
                0x00000000c000f9f1                KeDisplaySplashScreen()
                0x00000000c000fa5f                KeSetBootMessage(char const*)
 .text          0x00000000c000fac2      0x581 krnl/env.32
                0x00000000c000fac2                EnvVarContainer::getEnv(char const*)
                0x00000000c000fb00                EnvVarContainer::setEnv(char const*, char const*)
                0x00000000c000fbc2                EnvVarContainer::deleteEnv(char const*)
                0x00000000c000fbc4                EnvVarContainer::loadFrom(char const*, char const*)
                0x00000000c000fdaa                EnvVarContainer::__loadSystem()
                0x00000000c000fdc4                EnvVarContainer::__loadUser()
                0x00000000c000fdc6                EnvVarContainer::EnvVarContainer(Process*)
                0x00000000c000fdc6                EnvVarContainer::EnvVarContainer(Process*)
                0x00000000c000fde8                EnvVarContainer::~EnvVarContainer()
                0x00000000c000fde8                EnvVarContainer::~EnvVarContainer()
                0x00000000c000fe18                Krnl::getEnv(Process*, char const*)
                0x00000000c000fe7d                Krnl::setEnvSystem(char const*, char const*)
                0x00000000c000fe97                Krnl::setEnvUser(char const*, char const*)
                0x00000000c000feb6                Krnl::setEnvProcess(Process*, char const*, char const*)
                0x00000000c000fec9                Krnl::deleteEnvSystem(char const*)
                0x00000000c000feca                Krnl::deleteEnvUser(char const*)
                0x00000000c000fecb                Krnl::deleteEnvProcess(Process*, char const*)
                0x00000000c000fecc                Krnl::newProcessEnv(Process*)
                0x00000000c000feee                Krnl::copyProcessEnv(Process*, Process*)
                0x00000000c000ff3a                Krnl::loadSystemEnv()
                0x00000000c000ff68                Krnl::loadUserEnv()
                0x00000000c000ff8e                Krnl::flushEnv()
                0x00000000c000ff8f                Krnl::getProcessTotalEnvCount(Process*)
                0x00000000c000ffaf                Krnl::getProcessEnvPair(Process*, int)
 .text          0x00000000c0010043       0x94 krnl/inlines.32
                0x00000000c0010043                CPU::current()
                0x00000000c001004f                operator new(unsigned long)
                0x00000000c0010054                operator delete(void*)
                0x00000000c0010059                disableIRQs()
                0x00000000c001005b                enableIRQs()
                0x00000000c001005d                lockScheduler()
                0x00000000c0010065                unlockScheduler()
                0x00000000c0010074                lockStuff()
                0x00000000c0010082                unlockStuff()
                0x00000000c00100bc                Virt::getAKernelVAS()
                0x00000000c00100c2                __not_memcpy
 .text          0x00000000c00100d7        0xc krnl/panic.32
                0x00000000c00100d7                KePanic(char const*)
 .text          0x00000000c00100e3      0x142 krnl/powctrl.32
                0x00000000c00100e3                Krnl::powerThread(void*)
                0x00000000c0010111                Krnl::changePowerSettings(Krnl::PowerSettings)
                0x00000000c0010127                Krnl::userIOReceived()
                0x00000000c0010132                Krnl::handlePowerButton()
                0x00000000c0010167                Krnl::handleSleepButton()
                0x00000000c001019c                Krnl::setupPowerManager()
 *fill*         0x00000000c0010225        0x3 
 .text          0x00000000c0010228      0x190 krnl/resolve.32
                0x00000000c0010228                KeResolveCompatibilitySymbol(char*)
 .text          0x00000000c00103b8      0xc51 krnl/syscalls.32
                0x00000000c00103b8                SysSeekDir(regs*)
                0x00000000c00103bd                SysTellDir(regs*)
                0x00000000c00103c2                SysVerify(regs*)
                0x00000000c00103cc                SysGetArgc(regs*)
                0x00000000c00103dc                SysTTYName(regs*)
                0x00000000c00103e4                SysFormatDisk(regs*)
                0x00000000c0010451                SysSetDiskVolumeLabel(regs*)
                0x00000000c001049b                SysGetDiskVolumeLabel(regs*)
                0x00000000c00104f0                SysShutdown(regs*)
                0x00000000c001054e                SysRealpath(regs*)
                0x00000000c0010591                SysReadDir(regs*)
                0x00000000c0010611                SysIsATTY(regs*)
                0x00000000c001066d                SysSeek(regs*)
                0x00000000c00106c6                SysTell(regs*)
                0x00000000c0010735                SysSize(regs*)
                0x00000000c00107aa                SysSizeFromFilename(regs*)
                0x00000000c001085d                SysClose(regs*)
                0x00000000c00108bd                SysOpenDir(regs*)
                0x00000000c0010934                SysCloseDir(regs*)
                0x00000000c0010988                SysMakeDir(regs*)
                0x00000000c00109fa                SysWait(regs*)
                0x00000000c0010a17                SysNotImpl(regs*)
                0x00000000c0010a32                SysPanic(regs*)
                0x00000000c0010a4d                SysRmdir(regs*)
                0x00000000c0010ab4                SysUnlink(regs*)
                0x00000000c0010b1b                SysGetArgv(regs*)
                0x00000000c0010b68                SysUSleep(regs*)
                0x00000000c0010b91                SysSpawn(regs*)
                0x00000000c0010bfa                SysGetEnv(regs*)
                0x00000000c0010ca9                SysSetFatAttrib(regs*)
                0x00000000c0010d20                SysPipe(regs*)
                0x00000000c0010d65                SysGetUnixTime(regs*)
                0x00000000c0010d79                string_ends_with(char const*, char const*)
                0x00000000c0010dc3                SysOpen(regs*)
                0x00000000c0010fb7                KeSystemCall(regs*, void*)
 .text          0x00000000c0011009      0x50e reg/registry.32
                0x00000000c0011009                Reg::findLineFromLoadedData(char*, char*, char*)
                0x00000000c0011161                Reg::getLineFromRegistry(char*, char*, char*, char*)
                0x00000000c00112b6                Reg::getLine(char*, char*, char*)
                0x00000000c00112ed                Reg::readInt(char*, char*, int*)
                0x00000000c00113d8                Reg::readString(char*, char*, char*, int)
                0x00000000c0011459                Reg::readBool(char*, char*, bool*)
                0x00000000c001147e                Reg::readBoolWithDefault(char*, char*, bool)
                0x00000000c00114aa                Reg::readIntWithDefault(char*, char*, int)
                0x00000000c00114d6                Reg::readStringWithDefault(char*, char*, char*, int, char*)
 .text          0x00000000c0011517       0x36 sys/eject.32
                0x00000000c0011517                SysEject(regs*)
 .text          0x00000000c001154d       0x18 sys/exit.32
                0x00000000c001154d                SysExit(regs*)
 .text          0x00000000c0011565       0x1f sys/getcwd.32
                0x00000000c0011565                SysGetCwd(regs*)
 .text          0x00000000c0011584        0xc sys/getpid.32
                0x00000000c0011584                SysGetPID(regs*)
 .text          0x00000000c0011590       0x1a sys/getramdata.32
                0x00000000c0011590                SysGetRAMData(regs*)
 .text          0x00000000c00115aa       0x82 sys/getvgaptr.32
                0x00000000c00115aa                SysGetVGAPtr(regs*)
 .text          0x00000000c001162c       0xa8 sys/loaddll.32
                0x00000000c001162c                SysLoadDLL(regs*)
 .text          0x00000000c00116d4       0x68 sys/read.32
                0x00000000c00116d4                SysRead(regs*)
 .text          0x00000000c001173c       0x55 sys/sbrk.32
                0x00000000c001173c                SysSbrk(regs*)
 .text          0x00000000c0011791       0x1c sys/setcwd.32
                0x00000000c0011791                SysSetCwd(regs*)
 .text          0x00000000c00117ad       0x95 sys/settime.32
                0x00000000c00117ad                SysSetTime(regs*)
 .text          0x00000000c0011842       0x4a sys/timezone.32
                0x00000000c0011842                SysTimezone(regs*)
 .text          0x00000000c001188c       0x68 sys/write.32
                0x00000000c001188c                SysWrite(regs*)
 .text          0x00000000c00118f4       0x62 sys/wsbe.32
                0x00000000c00118f4                SysWsbe(regs*)
 .text          0x00000000c0011956       0x25 sys/yield.32
                0x00000000c0011956                SysYield(regs*)
 .text          0x00000000c001197b     0x11e5 thr/elf.32
                0x00000000c001197b                Thr::allocateMemoryForTask(Process*, File*, unsigned long, unsigned long, unsigned long)
                0x00000000c0011c07                Thr::loadProgramIntoMemory(Process*, char const*)
                0x00000000c0011e1d                Thr::runtimeReferenceHelper()
                0x00000000c0011e30                Thr::getAddressOfKernelSymbol(char const*)
                0x00000000c0011e7f                Thr::loadKernelSymbolTable(char const*)
                0x00000000c001213d                Thr::loadDriverIntoMemory(char const*, unsigned long, bool)
                0x00000000c0012873                Thr::getDriverBaseFromAddress(unsigned long)
                0x00000000c00128a5                Thr::getDriverNameFromAddress(unsigned long)
                0x00000000c00128dc                Thr::getDriverOffsetFromAddress(unsigned long)
                0x00000000c00128f6                Thr::loadDLL(char const*, bool)
                0x00000000c0012b27                Thr::executeDLL(unsigned long, void*)
 .text          0x00000000c0012b60     0x12c5 thr/prcssthr.32
                0x00000000c0012b60                userModeEntryPoint(void*)
                0x00000000c0012b88                changeTSS
                0x00000000c0012bb8                switchToThread(ThreadControlBlock*)
                0x00000000c0012c6c                Process::addArgs(char**)
                0x00000000c0012ccc                Process::Process(char const*, Process*, char**)
                0x00000000c0012ccc                Process::Process(char const*, Process*, char**)
                0x00000000c0012ebc                Process::Process(bool, char const*, Process*, char**)
                0x00000000c0012ebc                Process::Process(bool, char const*, Process*, char**)
                0x00000000c0013078                taskStartupFunction
                0x00000000c0013084                Semaphore::Semaphore(int)
                0x00000000c0013084                Semaphore::Semaphore(int)
                0x00000000c00130b4                Mutex::Mutex()
                0x00000000c00130b4                Mutex::Mutex()
                0x00000000c00130c8                Process::createThread(void (*)(void*), void*, int)
                0x00000000c00131c0                Process::createUserThread()
                0x00000000c00131e0                setupMultitasking(void (*)())
                0x00000000c00132e8                schedule()
                0x00000000c0013378                Semaphore::tryAcquire()
                0x00000000c0013444                Semaphore::assertLocked(char const*)
                0x00000000c00134bc                blockTaskWithSchedulerLockAlreadyHeld(TaskState)
                0x00000000c00134e4                blockTask(TaskState)
                0x00000000c0013514                waitTask(int, int*, int)
                0x00000000c0013558                milliTenthSleepUntil(unsigned int)
                0x00000000c00135e8                milliTenthSleep(unsigned int)
                0x00000000c00135f8                sleep(unsigned int)
                0x00000000c0013614                Semaphore::acquire()
                0x00000000c00136d0                taskReturned
                0x00000000c001370c                Thr::processFromPID(int)
                0x00000000c00137ac                unblockTask(ThreadControlBlock*)
                0x00000000c0013850                cleanupTerminatedTask(ThreadControlBlock*)
                0x00000000c0013b1c                cleanerTaskFunction(void*)
                0x00000000c0013c0c                terminateTask(int)
                0x00000000c0013cd8                Thr::terminateFromIRQ(int)
                0x00000000c0013ce8                Semaphore::release()
 .text          0x00000000c0013e25      0xb93 vm86/vm8086.32
                0x00000000c0013e25                Vm::inbv(unsigned short)
                0x00000000c0013e38                Vm::outbv(unsigned short, unsigned char)
                0x00000000c0013e6e                Vm::realToLinear(unsigned short, unsigned short)
                0x00000000c0013e7e                Vm::getSegment(unsigned int)
                0x00000000c0013e86                Vm::getOffset(unsigned int)
                0x00000000c0013e8b                Vm::mainloop2()
                0x00000000c0013ec5                Vm::mainVm8086Loop(void*)
                0x00000000c0013ed5                Vm::mainloop3(unsigned long)
                0x00000000c0013efb                Vm::initialise8086()
                0x00000000c0013f3e                Vm::finish8086()
                0x00000000c0013f9f                Vm::getOutput8086(unsigned char*)
                0x00000000c0013fc4                Vm::start8086FromBuffer(unsigned char*, int, unsigned short, unsigned short, unsigned short, unsigned short)
                0x00000000c001407d                Vm::start8086(char const*, unsigned short, unsigned short, unsigned short, unsigned short)
                0x00000000c00141e5                Vm::doISR(regs*, int, unsigned char*, unsigned short, unsigned short)
                0x00000000c001426f                Vm::readByteFromReal(unsigned short, unsigned short)
                0x00000000c0014280                Vm::readWordFromReal(unsigned short, unsigned short)
                0x00000000c0014292                Vm::readDwordFromReal(unsigned short, unsigned short)
                0x00000000c00142a3                Vm::writeByteFromReal(unsigned short, unsigned short, unsigned char)
                0x00000000c00142b8                Vm::writeWordFromReal(unsigned short, unsigned short, unsigned short)
                0x00000000c00142ce                Vm::writeDwordFromReal(unsigned short, unsigned short, unsigned int)
                0x00000000c00142e3                Vm::faultHandler(regs*)
 .text          0x00000000c00149b8      0xa53 arch/i386/hal.32
                0x00000000c00149b8                noCopro(unsigned long)
                0x00000000c00149b9                nmiHandler(regs*, void*)
                0x00000000c00149d2                doubleFault(regs*, void*)
                0x00000000c00149eb                displayDebugInfo(regs*)
                0x00000000c0014d0c                HalSystemIdle()
                0x00000000c0014d82                displayProgramFault(char const*)
                0x00000000c0014dce                gpFault(regs*, void*)
                0x00000000c0014e33                pgFault(regs*, void*)
                0x00000000c0014eb9                otherISRHandler(regs*, void*)
                0x00000000c0014eed                opcodeFault(regs*, void*)
                0x00000000c0014f6d                i386SaveCoprocessor(void*)
                0x00000000c0014f81                i386LoadCoprocessor(void*)
                0x00000000c0014f95                x87EmulHandler(regs*, void*)
                0x00000000c0015032                HalInitialiseCoprocessor()
                0x00000000c00150e0                HalPanic(char const*)
                0x00000000c00151d9                HalQueryPerformanceCounter()
                0x00000000c00151f4                HalInitialise()
                0x00000000c001539a                HalMakeBeep(int)
                0x00000000c00153d4                HalGetRand()
                0x00000000c00153d7                HalEndOfInterrupt(int)
                0x00000000c0015408                HalRestart()
                0x00000000c0015409                HalShutdown()
                0x00000000c001540a                HalSleep()
 *fill*         0x00000000c001540b        0x1 
 .text          0x00000000c001540c      0x2f4 arch/i386/pic.32
                0x00000000c001540c                picIoWait()
                0x00000000c0015414                picDisable()
                0x00000000c0015448                picGetIRQReg(int)
                0x00000000c00154cc                picOpen()
                0x00000000c001565c                picEOI(int)
 .text          0x00000000c0015700      0x64d arch/i386/rtc.32
                0x00000000c0015700                RTC::open(int, int, void*)
                0x00000000c0015704                RTC::close(int, int, void*)
                0x00000000c0015708                RTC::timeInSecondsUTC()
                0x00000000c001571a                RTC::timeInDatetimeUTC()
                0x00000000c0015740                RTC::setTimeInSecondsUTC(unsigned long long)
                0x00000000c001577e                RTC::~RTC()
                0x00000000c001577e                RTC::~RTC()
                0x00000000c00157a2                RTC::~RTC()
                0x00000000c00157cc                RTC::get_update_in_progress_flag()
                0x00000000c00157e4                RTC::completeRTCRefresh()
                0x00000000c0015a9c                RTC::setTimeInDatetimeUTC(datetime_t)
                0x00000000c0015c4f                rtcIRQHandler(regs*, void*)
                0x00000000c0015c94                RTC::RTC()
                0x00000000c0015c94                RTC::RTC()
 *fill*         0x00000000c0015d4d        0x3 
 .text          0x00000000c0015d50      0x203 arch/i386/vga.32
                0x00000000c0015d50                HalConsoleScroll(int, int)
                0x00000000c0015e58                HalConsoleWriteCharacter(char, int, int, int, int)
                0x00000000c0015ec4                HalConsoleCursorUpdate(int, int)
 *fill*         0x00000000c0015f53        0x1 
 .text          0x00000000c0015f54     0x13e7 fs/fat/vfslink.32
                0x00000000c0015f54                FAT::getName()
                0x00000000c0015f5c                FAT::tell(void*, unsigned long long*)
                0x00000000c0015f98                FAT::stat(void*, unsigned long long*)
                0x00000000c0015fd4                FAT::~FAT()
                0x00000000c0015fd4                FAT::~FAT()
                0x00000000c0015ff8                FAT::~FAT()
                0x00000000c0016020                FAT::getlabel(LogicalDisk*, int, char*, unsigned int*)
                0x00000000c00160c4                FAT::setlabel(LogicalDisk*, int, char*)
                0x00000000c0016188                FAT::format(LogicalDisk*, int, char const*, int)
                0x00000000c001635c                FAT::tryMount(LogicalDisk*, int)
                0x00000000c0016574                FAT::allocateSwapfile(char const*, int)
                0x00000000c0016734                FAT::readDir(void*, unsigned long, void*, int*)
                0x00000000c00168a0                FAT::read(void*, unsigned long, void*, int*)
                0x00000000c0016900                FAT::write(void*, unsigned long, void*, int*)
                0x00000000c0016960                FAT::close(void*)
                0x00000000c00169b4                FAT::closeDir(void*)
                0x00000000c0016a08                FAT::seek(void*, unsigned long long)
                0x00000000c0016a60                fatWrapperReadDisk
                0x00000000c0016aa4                fatWrapperWriteDisk
                0x00000000c0016ae8                fatWrapperIoctl
                0x00000000c0016c04                FAT::FAT()
                0x00000000c0016c04                FAT::FAT()
                0x00000000c0016c58                FAT::fixFilepath(char*)
                0x00000000c0016c94                FAT::open(char const*, void**, FileOpenMode)
                0x00000000c0016dcc                FAT::openDir(char const*, void**)
                0x00000000c0016e7c                FAT::stat(char const*, unsigned long long*, bool*)
                0x00000000c0016f74                FAT::unlink(char const*)
                0x00000000c0016ff4                FAT::chfatattr(char const*, unsigned char, unsigned char)
                0x00000000c0017180                FAT::rename(char const*, char const*)
                0x00000000c001724c                FAT::mkdir(char const*)
                0x00000000c00172cc                FAT::exists(char const*)
 *fill*         0x00000000c001733b        0x1 
 .text          0x00000000c001733c       0xc6 fs/iso9660/helper.32
                0x00000000c001733c                isoReadDiscSectorHelper
                0x00000000c0017398                iso_kprintf
                0x00000000c00173b8                iso_kprintfd
 .text          0x00000000c0017402      0x586 fs/iso9660/vfslink.32
                0x00000000c0017402                ISO9660::format(LogicalDisk*, int, char const*, int)
                0x00000000c0017408                ISO9660::getName()
                0x00000000c001740e                ISO9660::closeDir(void*)
                0x00000000c0017418                ISO9660::chfatattr(char const*, unsigned char, unsigned char)
                0x00000000c001741e                ISO9660::unlink(char const*)
                0x00000000c0017424                ISO9660::write(void*, unsigned long, void*, int*)
                0x00000000c001742a                ISO9660::rename(char const*, char const*)
                0x00000000c0017430                ISO9660::mkdir(char const*)
                0x00000000c0017436                ISO9660::~ISO9660()
                0x00000000c0017436                ISO9660::~ISO9660()
                0x00000000c001745a                ISO9660::~ISO9660()
                0x00000000c0017482                ISO9660::exists(char const*)
                0x00000000c0017496                ISO9660::open(char const*, void**, FileOpenMode)
                0x00000000c0017536                ISO9660::openDir(char const*, void**)
                0x00000000c00175c6                ISO9660::read(void*, unsigned long, void*, int*)
                0x00000000c0017606                ISO9660::seek(void*, unsigned long long)
                0x00000000c001763e                ISO9660::tell(void*, unsigned long long*)
                0x00000000c0017674                ISO9660::stat(void*, unsigned long long*)
                0x00000000c00176ae                ISO9660::stat(char const*, unsigned long long*, bool*)
                0x00000000c0017780                ISO9660::close(void*)
                0x00000000c00177a6                ISO9660::readDir(void*, unsigned long, void*, int*)
                0x00000000c0017873                readSectorFromCDROM(unsigned int, unsigned char*, char)
                0x00000000c00178ee                ISO9660::tryMount(LogicalDisk*, int)
                0x00000000c0017960                ISO9660::ISO9660()
                0x00000000c0017960                ISO9660::ISO9660()
 .text          0x00000000c0017988      0x26c hal/sound/sndcard.32
                0x00000000c0017988                SoundCard::beginPlayback()
                0x00000000c0017996                SoundCard::stopPlayback()
                0x00000000c00179a4                SoundCard::SoundCard(char const*)
                0x00000000c00179a4                SoundCard::SoundCard(char const*)
                0x00000000c0017a42                SoundCard::~SoundCard()
                0x00000000c0017a42                SoundCard::~SoundCard()
                0x00000000c0017a66                SoundCard::~SoundCard()
                0x00000000c0017a90                SoundCard::configureRates(int, int, int)
                0x00000000c0017ac0                SoundCard::getSamples16(int, short*)
                0x00000000c0017b1c                SoundCard::getSamples32(int, int*)
                0x00000000c0017ba2                SoundCard::addChannel(SoundPort*)
                0x00000000c0017be0                SoundCard::removeChannel(int)
 .text          0x00000000c0017bf4      0x377 hal/sound/sndport.32
                0x00000000c0017bf4                SoundPort::SoundPort(int, int, int, int)
                0x00000000c0017bf4                SoundPort::SoundPort(int, int, int, int)
                0x00000000c0017c80                SoundPort::~SoundPort()
                0x00000000c0017c80                SoundPort::~SoundPort()
                0x00000000c0017cb4                SoundPort::unpause()
                0x00000000c0017cc0                SoundPort::pause()
                0x00000000c0017ccc                SoundPort::getBufferUsed()
                0x00000000c0017cd4                SoundPort::getBufferSize()
                0x00000000c0017cdc                SoundPort::buffer16(short*, int)
                0x00000000c0017d68                SoundPort::buffer32(int*, int)
                0x00000000c0017df0                SoundPort::unbufferAndAdd16(int, short*, SoundCard*)
                0x00000000c0017eb4                SoundPort::unbufferAndAdd32(int, int*, SoundCard*)
 .text          0x00000000c0017f6b        0x0 hw/bus/isa.32
 *fill*         0x00000000c0017f6b        0x1 
 .text          0x00000000c0017f6c      0xb49 hw/bus/pci.32
                0x00000000c0017f6c                PCI::open(int, int, void*)
                0x00000000c0017f8a                PCI::close(int, int, void*)
                0x00000000c0017f8e                PCI::PCI()
                0x00000000c0017f8e                PCI::PCI()
                0x00000000c0018028                PCI::readBAR8(unsigned int, int)
                0x00000000c0018044                PCI::readBAR16(unsigned int, int)
                0x00000000c0018062                PCI::readBAR32(unsigned int, int)
                0x00000000c001807e                PCI::writeBAR8(unsigned int, unsigned char, int)
                0x00000000c001809e                PCI::writeBAR16(unsigned int, unsigned short, int)
                0x00000000c00180c0                PCI::writeBAR32(unsigned int, unsigned int, int)
                0x00000000c00180e0                PCI::legacyMechanism(unsigned char, unsigned char, unsigned char, unsigned char)
                0x00000000c001814e                PCI::pciReadWord(unsigned char, unsigned char, unsigned char, unsigned char)
                0x00000000c00181f6                PCI::getVendorID(unsigned char, unsigned char, unsigned char)
                0x00000000c001821a                PCI::getHeaderType(unsigned char, unsigned char, unsigned char)
                0x00000000c0018242                PCI::getClassCode(unsigned char, unsigned char, unsigned char)
                0x00000000c001828c                PCI::getProgIF(unsigned char, unsigned char, unsigned char)
                0x00000000c00182b4                PCI::getRevisionID(unsigned char, unsigned char, unsigned char)
                0x00000000c00182d8                PCI::getInterruptNumber(unsigned char, unsigned char, unsigned char)
                0x00000000c00182fc                PCI::getSecondaryBus(unsigned char, unsigned char, unsigned char)
                0x00000000c0018324                PCI::getBARAddress(unsigned char, unsigned char, unsigned char, unsigned char)
                0x00000000c0018388                PCI::pciWriteWord(unsigned char, unsigned char, unsigned char, unsigned char, unsigned short)
                0x00000000c0018470                PCI::pciDetailsToFilepath(PCIDeviceInfo, char*)
                0x00000000c00186ea                PCI::checkBus(unsigned char)
                0x00000000c0018710                PCI::foundDevice(PCIDeviceInfo)
                0x00000000c0018882                PCI::getDeviceData(unsigned char, unsigned char, unsigned char)
                0x00000000c00189f6                PCI::checkDevice(unsigned char, unsigned char)
                0x00000000c0018a62                PCI::detect()
 *fill*         0x00000000c0018ab5        0x1 
 .text          0x00000000c0018ab6      0xb5a hw/diskctrl/ide.32
                0x00000000c0018ab6                IDE::close(int, int, void*)
                0x00000000c0018aba                IDE::IDE()
                0x00000000c0018aba                IDE::IDE()
                0x00000000c0018aee                IDE::prepareInterrupt(unsigned char)
                0x00000000c0018b00                selectDrive(unsigned char, unsigned char)
                0x00000000c0018b02                IDE::getBase(unsigned char)
                0x00000000c0018b14                IDE::write(unsigned char, unsigned char, unsigned char)
                0x00000000c0018bd4                IDE::read(unsigned char, unsigned char)
                0x00000000c0018c82                IDE::waitInterrupt(unsigned char)
                0x00000000c0018cea                ideChannel0IRQHandler(regs*, void*)
                0x00000000c0018d06                ideChannel1IRQHandler(regs*, void*)
                0x00000000c0018d22                IDE::enableIRQs(unsigned char, bool)
                0x00000000c0018d68                IDE::open(int, int, void*)
                0x00000000c0019176                IDE::readBuffer(unsigned char, unsigned char, unsigned int, unsigned int)
                0x00000000c0019242                IDE::detect()
                0x00000000c0019502                IDE::printError(unsigned char, unsigned char, unsigned char)
                0x00000000c00195b2                IDE::polling(unsigned char, unsigned int)
 .text          0x00000000c0019610      0x32a hw/diskctrl/satabus.32
                0x00000000c0019610                SATABus::close(int, int, void*)
                0x00000000c0019614                SATABus::detect()
                0x00000000c0019616                SATABus::SATABus()
                0x00000000c0019616                SATABus::SATABus()
                0x00000000c001969c                SATABus::findCmdslot(SATABus::tagHBA_PORT volatile*)
                0x00000000c00196ce                SATABus::checkType(SATABus::tagHBA_PORT volatile*)
                0x00000000c0019716                SATABus::startCmd(SATABus::tagHBA_PORT volatile*)
                0x00000000c0019736                SATABus::stopCmd(SATABus::tagHBA_PORT volatile*)
                0x00000000c0019760                SATABus::portRebase(SATABus::tagHBA_PORT volatile*, int)
                0x00000000c0019870                SATABus::probePort(SATABus::tagHBA_MEM volatile*)
                0x00000000c001991a                SATABus::open(int, int, void*)
 .text          0x00000000c001993a      0x5f4 hw/diskphys/ata.32
                0x00000000c001993a                ATA::close(int, int, void*)
                0x00000000c001995e                ATA::powerSaving(PowerSavingLevel)
                0x00000000c0019960                ATA::ATA()
                0x00000000c0019960                ATA::ATA()
                0x00000000c001998e                ATA::flush(bool)
                0x00000000c00199d8                ATA::readyForCommand()
                0x00000000c0019a24                ATA::access(unsigned long long, int, void*, bool)
                0x00000000c0019da0                ATA::read(unsigned long long, int, void*)
                0x00000000c0019dec                ATA::write(unsigned long long, int, void*)
                0x00000000c0019e38                ATA::detectCHS()
                0x00000000c0019e62                ATA::open(int, int, void*)
 .text          0x00000000c0019f2e      0x60e hw/diskphys/atapi.32
                0x00000000c0019f2e                ATAPI::write(unsigned long long, int, void*)
                0x00000000c0019f34                ATAPI::close(int, int, void*)
                0x00000000c0019f58                ATAPI::ATAPI()
                0x00000000c0019f58                ATAPI::ATAPI()
                0x00000000c0019f86                ATAPI::readyForCommand()
                0x00000000c0019fd8                ATAPI::sendPacket(unsigned char*, int, bool, unsigned short*, int)
                0x00000000c001a298                ATAPI::diskRemoved()
                0x00000000c001a2d2                ATAPI::eject()
                0x00000000c001a31a                ATAPI::diskInserted()
                0x00000000c001a326                ATAPI::detectMedia()
                0x00000000c001a3e2                ATAPI::open(int, int, void*)
                0x00000000c001a4c2                ATAPI::read(unsigned long long, int, void*)
 .text          0x00000000c001a53c      0x402 hw/diskphys/sata.32
                0x00000000c001a53c                SATA::close(int, int, void*)
                0x00000000c001a560                SATA::powerSaving(PowerSavingLevel)
                0x00000000c001a562                SATA::open(int, int, void*)
                0x00000000c001a60c                SATA::SATA()
                0x00000000c001a60c                SATA::SATA()
                0x00000000c001a63a                SATA::access(unsigned long long, int, void*, bool)
                0x00000000c001a886                SATA::read(unsigned long long, int, void*)
                0x00000000c001a8d2                SATA::write(unsigned long long, int, void*)
 .text          0x00000000c001a93e      0x5af hw/diskphys/satapi.32
                0x00000000c001a93e                SATAPI::write(unsigned long long, int, void*)
                0x00000000c001a944                SATAPI::close(int, int, void*)
                0x00000000c001a968                SATAPI::SATAPI()
                0x00000000c001a968                SATAPI::SATAPI()
                0x00000000c001a996                SATAPI::diskRemoved()
                0x00000000c001a998                SATAPI::diskInserted()
                0x00000000c001a9b4                SATAPI::sendPacket(unsigned char*, int, unsigned long long, unsigned short*, int)
                0x00000000c001ac94                SATAPI::eject()
                0x00000000c001acd0                SATAPI::detectMedia()
                0x00000000c001acf6                SATAPI::open(int, int, void*)
                0x00000000c001adf6                SATAPI::read(unsigned long long, int, void*)
 *fill*         0x00000000c001aeed        0x1 
 .text          0x00000000c001aeee      0x455 hw/intctrl/apic.32
                0x00000000c001aeee                IOAPIC::close(int, int, void*)
                0x00000000c001aef4                apicGetBase()
                0x00000000c001af36                IOAPIC::IOAPIC()
                0x00000000c001af36                IOAPIC::IOAPIC()
                0x00000000c001af5e                apicOpen()
                0x00000000c001b0c4                IOAPIC::handlesGSIWithNumber(unsigned int)
                0x00000000c001b0f6                IOAPIC::read(int)
                0x00000000c001b11e                IOAPIC::open(int, int, void*)
                0x00000000c001b212                IOAPIC::write(int, int)
                0x00000000c001b23e                IOAPIC::redirect(unsigned char, unsigned long long, unsigned char, bool, bool)
 *fill*         0x00000000c001b343        0x1 
 .text          0x00000000c001b344       0xf0 hw/timer/apictimer.32
                0x00000000c001b344                APICTimer::close(int, int, void*)
                0x00000000c001b34c                apicTimerHandler(regs*, void*)
                0x00000000c001b374                APICTimer::open(int, int, void*)
                0x00000000c001b3e4                APICTimer::write(int)
                0x00000000c001b40c                APICTimer::APICTimer()
                0x00000000c001b40c                APICTimer::APICTimer()
 .text          0x00000000c001b434      0x1aa hw/timer/pit.32
                0x00000000c001b434                PIT::write(int)
                0x00000000c001b4b8                pitHandler(regs*, void*)
                0x00000000c001b4dc                PIT::open(int, int, void*)
                0x00000000c001b52c                PIT::close(int, int, void*)
                0x00000000c001b55c                PIT::PIT()
                0x00000000c001b55c                PIT::PIT()
 *fill*         0x00000000c001b5de        0x2 
 .text          0x00000000c001b5e0       0x83 arch/i386/avx.32
                0x00000000c001b5e0                avxDetect
                0x00000000c001b60a                avxSave
                0x00000000c001b61b                avxLoad
                0x00000000c001b62c                avxInit
                0x00000000c001b64e                avxClose
                0x00000000c001b64f                wouldSheSayYes
 *fill*         0x00000000c001b663        0xd 
 .text          0x00000000c001b670      0x1d6 arch/i386/interrupt.32
                0x00000000c001b670                isr0
                0x00000000c001b680                isr1
                0x00000000c001b68a                isr2
                0x00000000c001b694                isr3
                0x00000000c001b69e                isr4
                0x00000000c001b6a8                isr5
                0x00000000c001b6b2                isr6
                0x00000000c001b6bc                isr7
                0x00000000c001b6c6                isr8
                0x00000000c001b6ce                isr9
                0x00000000c001b6d8                isr10
                0x00000000c001b6e0                isr11
                0x00000000c001b6e8                isr12
                0x00000000c001b6f0                isr13
                0x00000000c001b6f8                isr14
                0x00000000c001b700                isr15
                0x00000000c001b70a                isr16
                0x00000000c001b714                isr17
                0x00000000c001b71e                isr18
                0x00000000c001b728                irq3
                0x00000000c001b732                irq4
                0x00000000c001b73c                irq5
                0x00000000c001b746                irq6
                0x00000000c001b750                irq7
                0x00000000c001b75a                irq8
                0x00000000c001b764                irq9
                0x00000000c001b76e                irq10
                0x00000000c001b778                irq11
                0x00000000c001b782                irq12
                0x00000000c001b78c                irq13
                0x00000000c001b796                irq14
                0x00000000c001b7a0                irq15
                0x00000000c001b7aa                irq1
                0x00000000c001b7b1                irq2
                0x00000000c001b7b8                isr96
                0x00000000c001b7bf                irq0
                0x00000000c001b7c4                int_common_stub
                0x00000000c001b7c4                syscall_common_stub
                0x00000000c001b7f6                irq16
                0x00000000c001b800                irq17
                0x00000000c001b80a                irq18
                0x00000000c001b814                irq19
                0x00000000c001b81e                irq20
                0x00000000c001b828                irq21
                0x00000000c001b832                irq22
                0x00000000c001b83c                irq23
 *fill*         0x00000000c001b846        0xa 
 .text          0x00000000c001b850       0x10 arch/i386/rdrand.32
                0x00000000c001b850                i386GetRDRAND
 .text          0x00000000c001b860       0x39 arch/i386/sse.32
                0x00000000c001b860                absolutelyNoChanceInHell
                0x00000000c001b860                sseDetect
                0x00000000c001b878                sseSave
                0x00000000c001b880                sseLoad
                0x00000000c001b888                sseInit
                0x00000000c001b898                sseClose
 *fill*         0x00000000c001b899        0x7 
 .text          0x00000000c001b8a0       0x49 arch/i386/x87.32
                0x00000000c001b8a6                x87Detect
                0x00000000c001b8c1                x87Save
                0x00000000c001b8c8                x87Load
                0x00000000c001b8cf                x87Init
                0x00000000c001b8e8                x87Close
 *fill*         0x00000000c001b8e9        0x3 
 .text          0x00000000c001b8ec       0x25 /cygdrive/d/Users/Alex/Desktop/Toolchain/Output/bin/../lib/gcc/i386-banana/8.1.0/crtend.o
 .text          0x00000000c001b911        0x0 crtn.32
 *fill*         0x00000000c001b911        0x3 
 .text          0x00000000c001b914      0x14b /cygdrive/d/Users/Alex/Desktop/Toolchain/Output/bin/../lib/gcc/i386-banana/8.1.0/libkgcc.a(_divdi3.o)
                0x00000000c001b914                __divdi3
 *fill*         0x00000000c001ba5f        0x1 
 .text          0x00000000c001ba60      0x17e /cygdrive/d/Users/Alex/Desktop/Toolchain/Output/bin/../lib/gcc/i386-banana/8.1.0/libkgcc.a(_moddi3.o)
                0x00000000c001ba60                __moddi3
 *fill*         0x00000000c001bbde        0x2 
 .text          0x00000000c001bbe0       0xff /cygdrive/d/Users/Alex/Desktop/Toolchain/Output/bin/../lib/gcc/i386-banana/8.1.0/libkgcc.a(_udivdi3.o)
                0x00000000c001bbe0                __udivdi3
 *fill*         0x00000000c001bcdf        0x1 
 .text          0x00000000c001bce0      0x11a /cygdrive/d/Users/Alex/Desktop/Toolchain/Output/bin/../lib/gcc/i386-banana/8.1.0/libkgcc.a(_umoddi3.o)
                0x00000000c001bce0                __umoddi3
 *(.gnu.linkonce.t*)

.iplt           0x00000000c001be00        0x0
 .iplt          0x00000000c001be00        0x0 D:/Users/Alex/Desktop/Banana/kernel/boot.32

.init           0x00000000c001bdfa        0xf
 .init          0x00000000c001bdfa        0x3 crti.32
                0x00000000c001bdfa                _init
 .init          0x00000000c001bdfd        0x5 /cygdrive/d/Users/Alex/Desktop/Toolchain/Output/bin/../lib/gcc/i386-banana/8.1.0/crtbegin.o
 .init          0x00000000c001be02        0x5 /cygdrive/d/Users/Alex/Desktop/Toolchain/Output/bin/../lib/gcc/i386-banana/8.1.0/crtend.o
 .init          0x00000000c001be07        0x2 crtn.32

.fini           0x00000000c001be09        0xa
 .fini          0x00000000c001be09        0x3 crti.32
                0x00000000c001be09                _fini
 .fini          0x00000000c001be0c        0x5 /cygdrive/d/Users/Alex/Desktop/Toolchain/Output/bin/../lib/gcc/i386-banana/8.1.0/crtbegin.o
 .fini          0x00000000c001be11        0x2 crtn.32

.text._ZN8ComputerD2Ev
                0x00000000c001be14       0x23
 .text._ZN8ComputerD2Ev
                0x00000000c001be14       0x23 core/computer.32
                0x00000000c001be14                Computer::~Computer()
                0x00000000c001be14                Computer::~Computer()

.text._ZN8ComputerD0Ev
                0x00000000c001be38       0x2a
 .text._ZN8ComputerD0Ev
                0x00000000c001be38       0x2a core/computer.32
                0x00000000c001be38                Computer::~Computer()

.text._Z10idleCommonv
                0x00000000c001be62       0x21
 .text._Z10idleCommonv
                0x00000000c001be62       0x21 core/idle.32
                0x00000000c001be62                idleCommon()

.text._ZN10LinkedListI8UnixFileED2Ev
                0x00000000c001be84        0x2
 .text._ZN10LinkedListI8UnixFileED2Ev
                0x00000000c001be84        0x2 core/unixfile.32
                0x00000000c001be84                LinkedList<UnixFile>::~LinkedList()
                0x00000000c001be84                LinkedList<UnixFile>::~LinkedList()

.text._ZN10LinkedListI8UnixFileEC2Ev
                0x00000000c001be86       0x42
 .text._ZN10LinkedListI8UnixFileEC2Ev
                0x00000000c001be86       0x42 core/unixfile.32
                0x00000000c001be86                LinkedList<UnixFile>::LinkedList()
                0x00000000c001be86                LinkedList<UnixFile>::LinkedList()

.text._ZN10LinkedListI8UnixFileE10addElementEPS0_
                0x00000000c001bec8       0xd3
 .text._ZN10LinkedListI8UnixFileE10addElementEPS0_
                0x00000000c001bec8       0xd3 core/unixfile.32
                0x00000000c001bec8                LinkedList<UnixFile>::addElement(UnixFile*)

.text._ZN10LinkedListI8UnixFileE15getFirstElementEv
                0x00000000c001bf9c        0x7
 .text._ZN10LinkedListI8UnixFileE15getFirstElementEv
                0x00000000c001bf9c        0x7 core/unixfile.32
                0x00000000c001bf9c                LinkedList<UnixFile>::getFirstElement()

.text._ZN10LinkedListI8UnixFileE11removeFirstEv
                0x00000000c001bfa4       0xa1
 .text._ZN10LinkedListI8UnixFileE11removeFirstEv
                0x00000000c001bfa4       0xa1 core/unixfile.32
                0x00000000c001bfa4                LinkedList<UnixFile>::removeFirst()

.text._ZN10LinkedListI8UnixFileE7getNextEPS0_
                0x00000000c001c046        0x8
 .text._ZN10LinkedListI8UnixFileE7getNextEPS0_
                0x00000000c001c046        0x8 core/unixfile.32
                0x00000000c001c046                LinkedList<UnixFile>::getNext(UnixFile*)

.text._ZN16DriverlessDeviceD2Ev
                0x00000000c001c04e       0x1a
 .text._ZN16DriverlessDeviceD2Ev
                0x00000000c001c04e       0x1a hal/device.32
                0x00000000c001c04e                DriverlessDevice::~DriverlessDevice()
                0x00000000c001c04e                DriverlessDevice::~DriverlessDevice()

.text._ZN16DriverlessDeviceD0Ev
                0x00000000c001c068       0x2a
 .text._ZN16DriverlessDeviceD0Ev
                0x00000000c001c068       0x2a hal/device.32
                0x00000000c001c068                DriverlessDevice::~DriverlessDevice()

.text._ZN10LinkedListI6DeviceE10addElementEPS0_
                0x00000000c001c092       0xdc
 .text._ZN10LinkedListI6DeviceE10addElementEPS0_
                0x00000000c001c092       0xdc hal/device.32
                0x00000000c001c092                LinkedList<Device>::addElement(Device*)

.text._ZN10LinkedListI6DeviceEC2Ev
                0x00000000c001c16e       0x42
 .text._ZN10LinkedListI6DeviceEC2Ev
                0x00000000c001c16e       0x42 hal/device.32
                0x00000000c001c16e                LinkedList<Device>::LinkedList()
                0x00000000c001c16e                LinkedList<Device>::LinkedList()

.text._ZN10LinkedListIV18ThreadControlBlockE7isEmptyEv
                0x00000000c001c1b0       0x1c
 .text._ZN10LinkedListIV18ThreadControlBlockE7isEmptyEv
                0x00000000c001c1b0       0x1c hal/timer.32
                0x00000000c001c1b0                LinkedList<ThreadControlBlock volatile>::isEmpty()

.text._ZN10LinkedListIV18ThreadControlBlockE15getFirstElementEv
                0x00000000c001c1cc        0x7
 .text._ZN10LinkedListIV18ThreadControlBlockE15getFirstElementEv
                0x00000000c001c1cc        0x7 hal/timer.32
                0x00000000c001c1cc                LinkedList<ThreadControlBlock volatile>::getFirstElement()

.text._ZN10LinkedListIV18ThreadControlBlockE11removeFirstEv
                0x00000000c001c1d4       0xb8
 .text._ZN10LinkedListIV18ThreadControlBlockE11removeFirstEv
                0x00000000c001c1d4       0xb8 hal/timer.32
                0x00000000c001c1d4                LinkedList<ThreadControlBlock volatile>::removeFirst()

.text._ZN10LinkedListIV18ThreadControlBlockE10addElementEPS1_
                0x00000000c001c28c       0xda
 .text._ZN10LinkedListIV18ThreadControlBlockE10addElementEPS1_
                0x00000000c001c28c       0xda hal/timer.32
                0x00000000c001c28c                LinkedList<ThreadControlBlock volatile>::addElement(ThreadControlBlock volatile*)

.text._ZN4ACPID2Ev
                0x00000000c001c368       0x23
 .text._ZN4ACPID2Ev
                0x00000000c001c368       0x23 hw/acpi.32
                0x00000000c001c368                ACPI::~ACPI()
                0x00000000c001c368                ACPI::~ACPI()

.text._ZN4ACPID0Ev
                0x00000000c001c38c       0x2a
 .text._ZN4ACPID0Ev
                0x00000000c001c38c       0x2a hw/acpi.32
                0x00000000c001c38c                ACPI::~ACPI()

.text._ZN10LinkedListI6DeviceED2Ev