Archive member included to satisfy reference by file (symbol)

/cygdrive/d/Users/Alex/Desktop/Toolchain/Output/bin/../lib/gcc/i386-banana/8.1.0/libkgcc.a(_divdi3.o)
                              krnl/resolve.32 (__divdi3)
/cygdrive/d/Users/Alex/Desktop/Toolchain/Output/bin/../lib/gcc/i386-banana/8.1.0/libkgcc.a(_moddi3.o)
                              krnl/resolve.32 (__moddi3)
/cygdrive/d/Users/Alex/Desktop/Toolchain/Output/bin/../lib/gcc/i386-banana/8.1.0/libkgcc.a(_udivdi3.o)
                              hal/clock.32 (__udivdi3)
/cygdrive/d/Users/Alex/Desktop/Toolchain/Output/bin/../lib/gcc/i386-banana/8.1.0/libkgcc.a(_umoddi3.o)
                              core/pipe.32 (__umoddi3)

Allocating common symbols
Common symbol       size              file

dcache              0x40              fs/iso9660/iso9660.32
cdDriveLetter       0x1               fs/iso9660/iso9660.32
icache              0x40              fs/iso9660/iso9660.32

Discarded input sections

 .comment       0x0000000000000000       0x12 /cygdrive/d/Users/Alex/Desktop/Toolchain/Output/bin/../lib/gcc/i386-banana/8.1.0/crtbegin.o
 .comment       0x0000000000000000       0x12 acpica/utclib.32
 .comment       0x0000000000000000       0x12 core/malloc.32
 .comment       0x0000000000000000       0x12 libk/ctype.32
 .comment       0x0000000000000000       0x12 libk/string.32
 .comment       0x0000000000000000       0x12 fs/fat/diskio.32
 .comment       0x0000000000000000       0x12 fs/fat/ff.32
 .comment       0x0000000000000000       0x12 fs/fat/ffsystem.32
 .comment       0x0000000000000000       0x12 fs/fat/ffunicode.32
 .comment       0x0000000000000000       0x12 fs/iso9660/iso9660.32
 .group         0x0000000000000000       0x14 core/computer.32
 .group         0x0000000000000000        0xc core/computer.32
 .comment       0x0000000000000000       0x12 core/computer.32
 .comment       0x0000000000000000       0x12 core/gdt.32
 .group         0x0000000000000000        0xc core/idle.32
 .comment       0x0000000000000000       0x12 core/idle.32
 .comment       0x0000000000000000       0x12 core/idt.32
 .comment       0x0000000000000000       0x12 core/kheap.32
 .comment       0x0000000000000000       0x12 core/main.32
 .comment       0x0000000000000000       0x12 core/physmgr.32
 .group         0x0000000000000000        0xc core/pipe.32
 .comment       0x0000000000000000       0x12 core/pipe.32
 .group         0x0000000000000000        0xc core/terminal.32
 .comment       0x0000000000000000       0x12 core/terminal.32
 .comment       0x0000000000000000       0x12 core/tss.32
 .group         0x0000000000000000        0x8 core/unixfile.32
 .group         0x0000000000000000        0x8 core/unixfile.32
 .group         0x0000000000000000        0xc core/unixfile.32
 .group         0x0000000000000000        0x8 core/unixfile.32
 .group         0x0000000000000000        0xc core/unixfile.32
 .group         0x0000000000000000        0x8 core/unixfile.32
 .group         0x0000000000000000        0xc core/unixfile.32
 .group         0x0000000000000000        0xc core/unixfile.32
 .comment       0x0000000000000000       0x12 core/unixfile.32
 .comment       0x0000000000000000       0x12 core/virtmgr.32
 .comment       0x0000000000000000       0x12 coreobjs/c++.32
 .comment       0x0000000000000000       0x12 dbg/kconsole.32
 .group         0x0000000000000000        0xc fs/vfs.32
 .group         0x0000000000000000        0xc fs/vfs.32
 .group         0x0000000000000000        0xc fs/vfs.32
 .comment       0x0000000000000000       0x12 fs/vfs.32
 .group         0x0000000000000000        0xc hal/bus.32
 .comment       0x0000000000000000       0x12 hal/bus.32
 .comment       0x0000000000000000       0x12 hal/buzzer.32
 .group         0x0000000000000000        0xc hal/clock.32
 .comment       0x0000000000000000       0x12 hal/clock.32
 .group         0x0000000000000000       0x14 hal/device.32
 .group         0x0000000000000000        0xc hal/device.32
 .group         0x0000000000000000        0x8 hal/device.32
 .group         0x0000000000000000        0xc hal/device.32
 .group         0x0000000000000000        0xc hal/device.32
 .comment       0x0000000000000000       0x12 hal/device.32
 .group         0x0000000000000000        0xc hal/diskctrl.32
 .comment       0x0000000000000000       0x12 hal/diskctrl.32
 .group         0x0000000000000000        0xc hal/diskphys.32
 .comment       0x0000000000000000       0x12 hal/diskphys.32
 .comment       0x0000000000000000       0x12 hal/fpu.32
 .comment       0x0000000000000000       0x12 hal/intctrl.32
 .group         0x0000000000000000        0xc hal/keybrd.32
 .comment       0x0000000000000000       0x12 hal/keybrd.32
 .group         0x0000000000000000        0xc hal/logidisk.32
 .comment       0x0000000000000000       0x12 hal/logidisk.32
 .group         0x0000000000000000        0xc hal/mouse.32
 .comment       0x0000000000000000       0x12 hal/mouse.32
[...]
Memory Configuration

Name             Origin             Length             Attributes
*default*        0x0000000000000000 0xffffffffffffffff

Linker script and memory map

LOAD D:/Users/Alex/Desktop/Banana/kernel/boot.32
LOAD crti.32
LOAD /cygdrive/d/Users/Alex/Desktop/Toolchain/Output/bin/../lib/gcc/i386-banana/8.1.0/crtbegin.o
LOAD D:/Users/Alex/Desktop/Banana/kernel/morenasm.32
LOAD acpica/utclib.32
LOAD core/malloc.32
LOAD libk/ctype.32
LOAD libk/string.32
LOAD fs/fat/diskio.32
LOAD fs/fat/ff.32
LOAD fs/fat/ffsystem.32
LOAD fs/fat/ffunicode.32
LOAD fs/iso9660/iso9660.32
LOAD core/computer.32
LOAD core/gdt.32
LOAD core/idle.32
LOAD core/idt.32
LOAD core/kheap.32
LOAD core/main.32
LOAD core/physmgr.32
LOAD core/pipe.32
LOAD core/terminal.32
LOAD core/tss.32
LOAD core/unixfile.32
LOAD core/virtmgr.32
LOAD coreobjs/c++.32
LOAD dbg/kconsole.32
LOAD fs/vfs.32
LOAD hal/bus.32
LOAD hal/buzzer.32
LOAD hal/clock.32
LOAD hal/device.32
LOAD hal/diskctrl.32
LOAD hal/diskphys.32
LOAD hal/fpu.32
LOAD hal/intctrl.32
LOAD hal/keybrd.32
LOAD hal/logidisk.32
LOAD hal/mouse.32
LOAD hal/partition.32
LOAD hal/serial.32
LOAD hal/timer.32
LOAD hal/vcache.32
LOAD hal/video.32
LOAD hw/acpi.32
LOAD hw/cpu.32
LOAD krnl/bootmsg.32
LOAD krnl/env.32
LOAD krnl/inlines.32
LOAD krnl/panic.32
LOAD krnl/powctrl.32
LOAD krnl/resolve.32
LOAD krnl/signal.32
LOAD krnl/syscalls.32
LOAD reg/registry.32
LOAD sys/eject.32
LOAD sys/exit.32
LOAD sys/getcwd.32
LOAD sys/getpid.32
LOAD sys/getramdata.32
LOAD sys/getvgaptr.32
LOAD sys/loaddll.32
LOAD sys/read.32
LOAD sys/registersignal.32
LOAD sys/sbrk.32
LOAD sys/setcwd.32
LOAD sys/settime.32
LOAD sys/timezone.32
LOAD sys/write.32
LOAD sys/wsbe.32
LOAD sys/yield.32
LOAD thr/elf.32
LOAD thr/prcssthr.32
LOAD vm86/vm8086.32
LOAD arch/i386/hal.32
LOAD arch/i386/pic.32
LOAD arch/i386/rtc.32
LOAD arch/i386/vga.32
LOAD fs/fat/vfslink.32
LOAD fs/iso9660/helper.32
LOAD fs/iso9660/vfslink.32
LOAD hal/sound/sndcard.32
LOAD hal/sound/sndport.32
LOAD hw/bus/isa.32
LOAD hw/bus/pci.32
LOAD hw/diskctrl/ide.32
LOAD hw/diskctrl/satabus.32
LOAD hw/diskphys/ata.32
LOAD hw/diskphys/atapi.32
LOAD hw/diskphys/sata.32
LOAD hw/diskphys/satapi.32
LOAD hw/intctrl/apic.32
LOAD hw/timer/apictimer.32
LOAD hw/timer/pit.32
LOAD arch/i386/avx.32
LOAD arch/i386/interrupt.32
LOAD arch/i386/rdrand.32
LOAD arch/i386/sse.32
LOAD arch/i386/x87.32
LOAD /cygdrive/d/Users/Alex/Desktop/Toolchain/Output/bin/../lib/gcc/i386-banana/8.1.0/crtend.o
LOAD crtn.32
LOAD /cygdrive/d/Users/Alex/Desktop/Toolchain/Output/bin/../lib/gcc/i386-banana/8.1.0/libkgcc.a
LOAD D:/Users/Alex/Desktop/Banana/kernel/libsoftfp.a
LOAD D:/Users/Alex/Desktop/Banana/kernel/libk/libm32.a
                0x00000000c0000000                . = 0xc0000000

.text           0x00000000c0000000    0x1cb8a
 *(.text)
 .text          0x00000000c0000000       0x20 D:/Users/Alex/Desktop/Banana/kernel/boot.32
 .text          0x00000000c0000020        0x0 crti.32
 .text          0x00000000c0000020      0x101 /cygdrive/d/Users/Alex/Desktop/Toolchain/Output/bin/../lib/gcc/i386-banana/8.1.0/crtbegin.o
 *fill*         0x00000000c0000121        0xf 
 .text          0x00000000c0000130      0x252 D:/Users/Alex/Desktop/Banana/kernel/morenasm.32
                0x00000000c0000130                manualPCIProbe
                0x00000000c000017b                prepareTramp
                0x00000000c0000194                doTPAUSE
                0x00000000c000019e                hasLegacyFPU
                0x00000000c00001c3                is486
                0x00000000c00001f9                detectCPUID
                0x00000000c000020f                goToVM86
                0x00000000c000023f                goToUsermode
                0x00000000c0000269                switchToThreadASMFirstTime
                0x00000000c0000277                switchToThreadASM
                0x00000000c00002ff                asmQuickAcquireLock
                0x00000000c000031d                asmQuickReleaseLock
                0x00000000c0000329                asmAcquireLock
                0x00000000c000034a                asmReleaseLock
                0x00000000c000035d                loadGDT
                0x00000000c000037d                memcpy
 *fill*         0x00000000c0000382        0xe 
 .text          0x00000000c0000390      0x79e acpica/utclib.32
                0x00000000c0000390                memcmp
                0x00000000c00003e0                memmove
                0x00000000c00004d0                memset
                0x00000000c0000540                strlen
                0x00000000c0000570                strpbrk
                0x00000000c00005b0                strtok
                0x00000000c0000600                strcpy
                0x00000000c0000630                strncpy
                0x00000000c00006e0                strcmp
                0x00000000c0000730                strchr
                0x00000000c0000760                strncmp
                0x00000000c00007c0                strcat
                0x00000000c00007f0                strncat
                0x00000000c0000850                strstr
                0x00000000c00008b0                toupper
                0x00000000c00008d0                tolower
                0x00000000c00008f0                simple_strtoul
 .text          0x00000000c0000b2e      0xfad core/malloc.32
                0x00000000c0000c99                dlfree
                0x00000000c0000ff4                dlmalloc
                0x00000000c0001531                dlrealloc
                0x00000000c00016d4                dlmemalign
                0x00000000c00017f7                dlcalloc
                0x00000000c0001891                dlcfree
                0x00000000c0001896                dlindependent_calloc
                0x00000000c00018bb                dlindependent_comalloc
                0x00000000c00018d2                dlvalloc
                0x00000000c00018fd                dlpvalloc
                0x00000000c0001933                dlmalloc_trim
                0x00000000c0001940                dlmalloc_usable_size
                0x00000000c0001971                dlmallinfo
                0x00000000c0001a40                dlmalloc_stats
                0x00000000c0001a51                dlmallopt
 *fill*         0x00000000c0001adb        0x1 
 .text          0x00000000c0001adc      0x1f2 libk/ctype.32
                0x00000000c0001adc                isblank
                0x00000000c0001afc                iscntrl
                0x00000000c0001b1c                isdigit
                0x00000000c0001b38                islower
                0x00000000c0001b54                isspace
                0x00000000c0001b7c                isupper
                0x00000000c0001b98                isalpha
                0x00000000c0001bc8                isalnum
                0x00000000c0001bf8                ispunct
                0x00000000c0001c38                isgraph
                0x00000000c0001c68                isprint
                0x00000000c0001c90                isxdigit
 .text          0x00000000c0001cce        0x0 libk/string.32
 .text          0x00000000c0001cce       0x51 fs/fat/diskio.32
                0x00000000c0001cce                disk_status
                0x00000000c0001cd1                disk_initialize
                0x00000000c0001cd4                disk_read
                0x00000000c0001cea                disk_write
                0x00000000c0001d00                disk_ioctl
 .text          0x00000000c0001d1f     0x3d4b fs/fat/ff.32
                0x00000000c0003abb                f_mount
                0x00000000c0003b1d                f_open
                0x00000000c0003de8                f_read
                0x00000000c0003fe7                f_write
                0x00000000c000421b                f_sync
                0x00000000c00042d0                f_close
                0x00000000c00042ff                f_lseek
                0x00000000c00044a6                f_opendir
                0x00000000c0004571                f_closedir
                0x00000000c0004593                f_readdir
                0x00000000c0004625                f_stat
                0x00000000c00046a4                f_getfree
                0x00000000c00047a6                f_truncate
                0x00000000c000488a                f_unlink
                0x00000000c00049ac                f_mkdir
                0x00000000c0004b47                f_rename
                0x00000000c0004cfd                f_chmod
                0x00000000c0004da6                f_utime
                0x00000000c0004e54                f_getlabel
                0x00000000c0004fa5                f_setlabel
                0x00000000c0005135                f_expand
                0x00000000c0005295                f_mkfs
 *fill*         0x00000000c0005a6a        0x2 
 .text          0x00000000c0005a6c       0x2f fs/fat/ffsystem.32
                0x00000000c0005a6c                ff_memalloc
                0x00000000c0005a84                ff_memfree
 *fill*         0x00000000c0005a9b        0x1 
 .text          0x00000000c0005a9c      0x2a8 fs/fat/ffunicode.32
                0x00000000c0005a9c                ff_uni2oem
                0x00000000c0005b3c                ff_oem2uni
                0x00000000c0005bb4                ff_wtoupper
 .text          0x00000000c0005d44      0xd2f fs/iso9660/iso9660.32
                0x00000000c0005f89                isoReadDiscSector
                0x00000000c0006024                strnicmp
                0x00000000c00062d7                stricmp
                0x00000000c0006323                iso_open
                0x00000000c00063ad                iso_close
                0x00000000c00063cb                iso_read
                0x00000000c00064e1                iso_seek
                0x00000000c0006565                iso_tell
                0x00000000c0006596                iso_total
                0x00000000c00065c1                fn_postprocess
                0x00000000c00065e7                iso_readdir
                0x00000000c000683e                iso_reset
                0x00000000c000685b                init_percd
                0x00000000c0006955                iso_ioctl
                0x00000000c000696d                fs_iso9660_init
                0x00000000c0006a03                fs_iso9660_shutdown
 *fill*         0x00000000c0006a73        0x1 
 .text          0x00000000c0006a74      0x685 core/computer.32
                0x00000000c0006a74                Computer::close(int, int, void*)
                0x00000000c0006ab9                Krnl::firstTask()
                0x00000000c0006bec                Computer::Computer()
                0x00000000c0006bec                Computer::Computer()
                0x00000000c0006c9e                Computer::setBootMessage(char const*)
                0x00000000c0006ca0                Computer::detectFeatures()
                0x00000000c0006eaa                Computer::displayFeatures()
                0x00000000c0006eac                Computer::rdmsr(unsigned int)
                0x00000000c0006ed8                Computer::wrmsr(unsigned int, unsigned long long)
                0x00000000c0006f10                Computer::shutdown()
                0x00000000c0006f28                Computer::restart()
                0x00000000c0006f40                Computer::sleep()
                0x00000000c0006f54                Computer::nmiEnabled()
                0x00000000c0006f60                Computer::readCMOS(unsigned char)
                0x00000000c0006f7a                Computer::enableNMI(bool)
                0x00000000c0006f92                Computer::open(int, int, void*)
                0x00000000c0007066                Computer::disableNMI()
                0x00000000c0007076                Computer::writeCMOS(unsigned char, unsigned char)
                0x00000000c0007094                Computer::handleNMI()
 *fill*         0x00000000c00070f9        0x1 
 .text          0x00000000c00070fa      0x1cf core/gdt.32
                0x00000000c00070fa                GDTEntry::setBase(unsigned int)
                0x00000000c0007116                GDTEntry::setLimit(unsigned int)
                0x00000000c0007134                GDT::GDT()
                0x00000000c0007134                GDT::GDT()
                0x00000000c000714a                GDT::addEntry(GDTEntry)
                0x00000000c000716c                GDT::getNumberOfEntries()
                0x00000000c0007174                GDT::flush()
                0x00000000c0007196                GDT::setup()
 .text          0x00000000c00072c9       0x1d core/idle.32
                0x00000000c00072c9                idleFunction(void*)
 *fill*         0x00000000c00072e6        0x2 
 .text          0x00000000c00072e8      0x464 core/idt.32
                0x00000000c00072e8                IDTEntry::IDTEntry(bool)
                0x00000000c00072e8                IDTEntry::IDTEntry(bool)
                0x00000000c000735a                IDTEntry::setOffset(unsigned int)
                0x00000000c0007370                IDT::IDT()
                0x00000000c0007370                IDT::IDT()
                0x00000000c0007372                IDT::getPointerToInvalidOpcodeEntryForF00F()
                0x00000000c000737a                IDT::addEntry(IDTEntry, int)
                0x00000000c0007394                IDT::addEntry(int, void (*)(), bool)
                0x00000000c00073cc                IDT::flush()
                0x00000000c00073e6                IDT::setup()
 .text          0x00000000c000774c      0x183 core/kheap.32
                0x00000000c000774c                sbrk
                0x00000000c00077e1                mmap
                0x00000000c00077f7                munmap
                0x00000000c000780d                liballoc_lock()
                0x00000000c000781a                liballoc_unlock()
                0x00000000c000782e                liballoc_alloc(int)
                0x00000000c0007846                liballoc_free(void*, int)
                0x00000000c0007861                realloc
                0x00000000c0007875                malloc
                0x00000000c0007885                free
                0x00000000c0007895                rfree
                0x00000000c00078a5                calloc
 .text          0x00000000c00078cf       0xc3 core/main.32
                0x00000000c00078cf                KeEntryPoint
 .text          0x00000000c0007992      0x5dc core/physmgr.32
                0x00000000c0007992                Phys::allocateDMA(unsigned long)
                0x00000000c0007a69                Phys::freeDMA(unsigned long, unsigned long)
                0x00000000c0007a9c                Phys::setPageState(unsigned long, bool)
                0x00000000c0007ace                Phys::getPageState(unsigned long)
                0x00000000c0007aef                Phys::freePage(unsigned long)
                0x00000000c0007b51                Phys::allocatePage()
                0x00000000c0007c0f                Phys::allocateContiguousPages(int)
                0x00000000c0007c6b                Phys::allowSegmentToBeUsed(unsigned long, unsigned long)
                0x00000000c0007ca3                Phys::physicalMemorySetup(unsigned int)
 .text          0x00000000c0007f6e      0x273 core/pipe.32
                0x00000000c0007f6e                Pipe::isAtty()
                0x00000000c0007f72                Pipe::~Pipe()
                0x00000000c0007f72                Pipe::~Pipe()
                0x00000000c0007f96                Pipe::~Pipe()
                0x00000000c0007fbe                Pipe::write(unsigned long long, void*, int*)
                0x00000000c000807e                Pipe::read(unsigned long long, void*, int*)
                0x00000000c000817a                Pipe::Pipe(int)
                0x00000000c000817a                Pipe::Pipe(int)
 *fill*         0x00000000c00081e1        0x1 
 .text          0x00000000c00081e2      0xab2 core/terminal.32
                0x00000000c00081e2                VgaText::isAtty()
                0x00000000c00081e6                VgaText::~VgaText()
                0x00000000c00081e6                VgaText::~VgaText()
                0x00000000c000820a                VgaText::~VgaText()
                0x00000000c0008234                VgaText::read(unsigned long long, void*, int*)
                0x00000000c0008254                setTerminalScrollLock(bool)
                0x00000000c0008255                doTerminalCycle()
                0x00000000c0008256                addToTerminalCycle(VgaText*)
                0x00000000c0008257                scrollTerminalScrollLock(int)
                0x00000000c0008258                VgaText::updateTitle()
                0x00000000c000825a                VgaText::load()
                0x00000000c000825c                VgaText::updateCursor()
                0x00000000c0008272                VgaText::doANSI_SGR(int)
                0x00000000c00082e6                VgaText::setDefaultBgColour(VgaColour)
                0x00000000c00082f6                VgaText::setDefaultFgColour(VgaColour)
                0x00000000c0008306                VgaText::setDefaultColours(VgaColour, VgaColour)
                0x00000000c0008326                VgaText::setTitleTextColour(VgaColour)
                0x00000000c0008332                VgaText::setTitleColour(VgaColour)
                0x00000000c000833e                VgaText::setTitle(char*)
                0x00000000c0008340                VgaText::combineColours(unsigned char, unsigned char)
                0x00000000c0008352                VgaText::scrollScreen()
                0x00000000c00083ea                VgaText::combineCharAndColour(char, unsigned char)
                0x00000000c00083fc                VgaText::writeCharacter(char, VgaColour, VgaColour, int, int)
                0x00000000c000848c                VgaText::getCursorX()
                0x00000000c0008494                VgaText::getCursorY()
                0x00000000c000849c                VgaText::setCursor(int, int)
                0x00000000c00084b3                setActiveTerminal(VgaText*)
                0x00000000c00084fe                VgaText::clearScreen()
                0x00000000c000854c                VgaText::setCursorX(int)
                0x00000000c0008564                VgaText::setCursorY(int)
                0x00000000c000857c                VgaText::incrementCursor(bool)
                0x00000000c00085d0                VgaText::decrementCursor(bool)
                0x00000000c00085f2                VgaText::putchar(char, VgaColour, VgaColour)
                0x00000000c00086c0                VgaText::putchar(char)
                0x00000000c00087ac                VgaText::putx(unsigned int)
                0x00000000c00087f2                VgaText::puts(char const*)
                0x00000000c0008818                VgaText::write(unsigned long long, void*, int*)
                0x00000000c0008864                VgaText::puts(char const*, VgaColour, VgaColour)
                0x00000000c00089b6                VgaText::VgaText(char const*)
                0x00000000c00089b6                VgaText::VgaText(char const*)
                0x00000000c0008b06                VgaText::receiveKey(unsigned char)
                0x00000000c0008c6e                VgaText::doUpdate()
                0x00000000c0008c6f                newTerminal(char*)
 .text          0x00000000c0008c94      0x1a1 core/tss.32
                0x00000000c0008c94                TSS::TSS()
                0x00000000c0008c94                TSS::TSS()
                0x00000000c0008ca4                TSS::setESP(unsigned long)
                0x00000000c0008cb8                TSS::flush()
                0x00000000c0008cd8                TSS::setup(unsigned long, unsigned long)
 *fill*         0x00000000c0008e35        0x1 
 .text          0x00000000c0008e36      0x4c2 core/unixfile.32
                0x00000000c0008e36                ReservedFilename::read(unsigned long long, void*, int*)
                0x00000000c0008e8c                ReservedFilename::isAtty()
                0x00000000c0008ea8                ReservedFilename::write(unsigned long long, void*, int*)
                0x00000000c0008f06                UnixFile::getFileDescriptor()
                0x00000000c0008f0e                UnixFile::UnixFile(int)
                0x00000000c0008f0e                UnixFile::UnixFile(int)
                0x00000000c00090be                ReservedFilename::ReservedFilename(int)
                0x00000000c00090be                ReservedFilename::ReservedFilename(int)
                0x00000000c00090f0                UnixFile::~UnixFile()
                0x00000000c00090f0                UnixFile::~UnixFile()
                0x00000000c0009188                UnixFile::~UnixFile()
                0x00000000c00091b0                ReservedFilename::~ReservedFilename()
                0x00000000c00091b0                ReservedFilename::~ReservedFilename()
                0x00000000c00091d4                ReservedFilename::~ReservedFilename()
                0x00000000c00091fb                getFromFileDescriptor(int)
 .text          0x00000000c00092f8     0x11d0 core/virtmgr.32
                0x00000000c00092f8                Virt::setPageState(unsigned long, Virt::VirtPageState)
                0x00000000c000932d                Virt::getPageState(unsigned long)
                0x00000000c0009351                Virt::allocateKernelVirtualPages(int)
                0x00000000c0009462                Virt::freeSwapfilePage(unsigned long)
                0x00000000c0009480                Virt::swapIDToSector(unsigned long)
                0x00000000c0009492                Virt::allocateSwapfilePage()
                0x00000000c0009510                Virt::virtualMemorySetup()
                0x00000000c000955b                Virt::setupPageSwapping(int)
                0x00000000c00095cc                VAS::VAS(VAS*)
                0x00000000c00095cc                VAS::VAS(VAS*)
                0x00000000c00095fa                VAS::getForeignPageTableEntry(bool, unsigned long)
                0x00000000c0009626                VAS::getPageTableEntry(unsigned long)
                0x00000000c0009645                Virt::freeKernelVirtualPages(unsigned long)
                0x00000000c000976a                VAS::freeAllocatedPages(unsigned long)
                0x00000000c000978e                VAS::virtualToPhysical(unsigned long)
                0x00000000c00097a8                VAS::reflagRange(unsigned long, int, int, int)
                0x00000000c00097e8                VAS::VAS()
                0x00000000c00097e8                VAS::VAS()
                0x00000000c0009852                VAS::setToWriteCombining(unsigned long, int)
                0x00000000c0009886                VAS::mapOtherVASIn(bool, VAS*)
                0x00000000c00098b0                VAS::~VAS()
                0x00000000c00098b0                VAS::~VAS()
                0x00000000c0009a14                VAS::mapPage(unsigned long, unsigned long, int)
                0x00000000c0009b18                VAS::allocatePages(int, int)
                0x00000000c0009cf0                VAS::setCPUSpecific(unsigned long)
                0x00000000c0009d0e                VAS::mapRange(unsigned long, unsigned long, int, int)
                0x00000000c0009dd4                VAS::mapForeignPage(bool, VAS*, unsigned long, unsigned long, int)
                0x00000000c0009ec2                VAS::VAS(bool)
                0x00000000c0009ec2                VAS::VAS(bool)
                0x00000000c000a142                VAS::evict(unsigned long)
                0x00000000c000a204                VAS::tryLoadBackOffDisk(unsigned long)
                0x00000000c000a2f2                VAS::scanForEviction()
                0x00000000c000a3d2                mapVASFirstTime
 .text          0x00000000c000a4c8       0x5f coreobjs/c++.32
                0x00000000c000a4c8                __cxa_atexit
                0x00000000c000a4cb                __cxa_finalize
                0x00000000c000a4cc                __stack_chk_fail
                0x00000000c000a502                __cxa_pure_virtual
                0x00000000c000a513                operator new[](unsigned long)
                0x00000000c000a518                operator delete(void*, unsigned long)
                0x00000000c000a51d                operator delete[](void*)
                0x00000000c000a522                operator delete[](void*, unsigned long)
 .text          0x00000000c000a527      0x21c dbg/kconsole.32
                0x00000000c000a527                Dbg::stringifyxWithBase(unsigned int, char*, int)
                0x00000000c000a592                Dbg::logc(char)
                0x00000000c000a5b2                Dbg::logs(char*)
                0x00000000c000a5cf                Dbg::logWriteInt(unsigned int)
                0x00000000c000a5ed                Dbg::logWriteIntBase(unsigned int, int)
                0x00000000c000a60e                Dbg::kprintf(char const*, ...)
 *fill*         0x00000000c000a743        0x1 
 .text          0x00000000c000a744      0xc5c fs/vfs.32
                0x00000000c000a744                File::read(unsigned long long, void*, int*)
                0x00000000c000a79c                File::write(unsigned long long, void*, int*)
                0x00000000c000a7f4                Directory::read(unsigned long long, void*, int*)
                0x00000000c000a84c                Directory::write(unsigned long long, void*, int*)
                0x00000000c000a87a                File::isAtty()
                0x00000000c000a87e                Directory::isAtty()
                0x00000000c000a882                Filesystem::getlabel(LogicalDisk*, int, char*, unsigned int*)
                0x00000000c000a888                Filesystem::setlabel(LogicalDisk*, int, char*)
                0x00000000c000a88e                Filesystem::allocateSwapfile(char const*, int)
                0x00000000c000a894                File::~File()
                0x00000000c000a894                File::~File()
                0x00000000c000a8b8                File::~File()
                0x00000000c000a8e2                Directory::~Directory()
                0x00000000c000a8e2                Directory::~Directory()
                0x00000000c000a906                Directory::~Directory()
                0x00000000c000a930                Filesystem::Filesystem()
                0x00000000c000a930                Filesystem::Filesystem()
                0x00000000c000a954                Filesystem::~Filesystem()
                0x00000000c000a954                Filesystem::~Filesystem()
                0x00000000c000a962                Filesystem::~Filesystem()
                0x00000000c000a986                Fs::getcwd(Process*, char*, int)
                0x00000000c000a9b0                Fs::initVFS()
                0x00000000c000a9da                Fs::standardiseFiles(char*, char const*, char const*)
                0x00000000c000ab84                File::File(char const*, Process*)
                0x00000000c000ab84                File::File(char const*, Process*)
                0x00000000c000ac44                File::open(FileOpenMode)
                0x00000000c000aca2                File::close()
                0x00000000c000ad02                File::seek(unsigned long long)
                0x00000000c000ad58                File::tell(unsigned long long*)
                0x00000000c000ada8                File::rewind()
                0x00000000c000adbc                File::unlink()
                0x00000000c000ae08                File::rename(char const*)
                0x00000000c000ae56                File::chfatattr(unsigned char, unsigned char)
                0x00000000c000aeb2                File::exists()
                0x00000000c000aef0                File::stat(unsigned long long*, bool*)
                0x00000000c000af51                Fs::setcwd(Process*, char*)
                0x00000000c000b0ae                Directory::Directory(char const*, Process*)
                0x00000000c000b0ae                Directory::Directory(char const*, Process*)
                0x00000000c000b16e                Directory::open()
                0x00000000c000b1ca                Directory::close()
                0x00000000c000b22a                Directory::unlink()
                0x00000000c000b276                Directory::rename(char const*)
                0x00000000c000b2c4                Directory::exists()
                0x00000000c000b302                Directory::read(dirent*)
                0x00000000c000b34e                Directory::create()
                0x00000000c000b39a                Filesystem::chfatattr(char const*, unsigned char, unsigned char)
 .text          0x00000000c000b3a0       0x86 hal/bus.32
                0x00000000c000b3a0                Bus::Bus(char const*)
                0x00000000c000b3a0                Bus::Bus(char const*)
                0x00000000c000b3d8                Bus::~Bus()
                0x00000000c000b3d8                Bus::~Bus()
                0x00000000c000b3fc                Bus::~Bus()
 .text          0x00000000c000b426       0x96 hal/buzzer.32
                0x00000000c000b426                beepThread(void*)
                0x00000000c000b463                Krnl::beep(int, int, bool)
 .text          0x00000000c000b4bc      0x46d hal/clock.32
                0x00000000c000b4bc                User::loadClockSettings(int)
                0x00000000c000b50e                Clock::Clock(char const*)
                0x00000000c000b50e                Clock::Clock(char const*)
                0x00000000c000b544                Clock::~Clock()
                0x00000000c000b544                Clock::~Clock()
                0x00000000c000b568                Clock::~Clock()
                0x00000000c000b592                Clock::timeInSecondsLocal()
                0x00000000c000b5da                Clock::setTimeInSecondsLocal(unsigned long long)
                0x00000000c000b633                datetimeToSeconds(datetime_t)
                0x00000000c000b760                Clock::setTimeInDatetimeLocal(datetime_t)
                0x00000000c000b7c0                secondsToDatetime(unsigned long long)
                0x00000000c000b904                Clock::timeInDatetimeLocal()
 *fill*         0x00000000c000b929        0x1 
 .text          0x00000000c000b92a      0x464 hal/device.32
                0x00000000c000b92a                Device::hibernate()
                0x00000000c000b92c                Device::wake()
                0x00000000c000b92e                Device::detect()
                0x00000000c000b930                Device::disableLegacy()
                0x00000000c000b932                Device::powerSaving(PowerSavingLevel)
                0x00000000c000b934                DriverlessDevice::close(int, int, void*)
                0x00000000c000b938                DriverlessDevice::detect()
                0x00000000c000b93a                DriverlessDevice::open(int, int, void*)
                0x00000000c000b94e                Device::~Device()
                0x00000000c000b94e                Device::~Device()
                0x00000000c000b95c                Device::~Device()
                0x00000000c000b984                Device::findAndLoadDriver()
                0x00000000c000b992                Device::preOpenPCI(PCIDeviceInfo)
                0x00000000c000b9b8                Device::preOpenACPI(void*, char*, char*)
                0x00000000c000b9f8                Device::addIRQHandler(int, void (*)(regs*, void*), bool, void*)
                0x00000000c000ba22                Device::getParent()
                0x00000000c000ba2e                Device::removeIRQHandler(int, void (*)(regs*, void*), bool)
                0x00000000c000ba4c                Device::addChild(Device*)
                0x00000000c000ba90                Device::removeAllChildren()
                0x00000000c000bad6                Device::hibernateAll()
                0x00000000c000bb06                Device::wakeAll()
                0x00000000c000bb36                Device::detectAll()
                0x00000000c000bb66                Device::disableLegacyAll()
                0x00000000c000bb68                Device::loadDriversForAll()
                0x00000000c000bb6a                Device::closeAll()
                0x00000000c000bba0                Device::powerSavingAll(PowerSavingLevel)
                0x00000000c000bbd6                Device::setName(char const*)
                0x00000000c000bbe4                Device::Device(char const*)
                0x00000000c000bbe4                Device::Device(char const*)
                0x00000000c000bce0                Device::getName()
                0x00000000c000bcea                DriverlessDevice::DriverlessDevice(char const*)
                0x00000000c000bcea                DriverlessDevice::DriverlessDevice(char const*)
                0x00000000c000bd20                Device::addToLinkedList(LinkedList<Device>&, DeviceType)
                0x00000000c000bd64                getDevicesOfType(DeviceType)
 *fill*         0x00000000c000bd8e        0x2 
 .text          0x00000000c000bd90       0x86 hal/diskctrl.32
                0x00000000c000bd90                HardDiskController::HardDiskController(char const*)
                0x00000000c000bd90                HardDiskController::HardDiskController(char const*)
                0x00000000c000bdc8                HardDiskController::~HardDiskController()
                0x00000000c000bdc8                HardDiskController::~HardDiskController()
                0x00000000c000bdec                HardDiskController::~HardDiskController()
 .text          0x00000000c000be16       0xe2 hal/diskphys.32
                0x00000000c000be16                PhysicalDisk::eject()
                0x00000000c000be1a                PhysicalDisk::PhysicalDisk(char const*, int)
                0x00000000c000be1a                PhysicalDisk::PhysicalDisk(char const*, int)
                0x00000000c000be82                PhysicalDisk::startCache()
                0x00000000c000beaa                PhysicalDisk::~PhysicalDisk()
                0x00000000c000beaa                PhysicalDisk::~PhysicalDisk()
                0x00000000c000bece                PhysicalDisk::~PhysicalDisk()
 .text          0x00000000c000bef8        0x0 hal/fpu.32
 .text          0x00000000c000bef8      0x35d hal/intctrl.32
                0x00000000c000bef8                int_handler
                0x00000000c000bf80                installISRHandler(int, void (*)(regs*, void*), void*)
                0x00000000c000bfc8                installIRQHandler(int, void (*)(regs*, void*), bool, void*)
                0x00000000c000c100                uninstallISRHandler(int, void (*)(regs*, void*))
                0x00000000c000c134                uninstallIRQHandler(int, void (*)(regs*, void*), bool)
                0x00000000c000c1b3                setupINTS()
                0x00000000c000c210                convertLegacyIRQNumber(int)
 *fill*         0x00000000c000c255        0x1 
 .text          0x00000000c000c256      0x7bc hal/keybrd.32
                0x00000000c000c256                startGUI(void*)
                0x00000000c000c2c2                startGUIVESA(void*)
                0x00000000c000c32e                sendKeyToTerminal(unsigned char)
                0x00000000c000c3f7                sendKeyboardToken(KeyboardToken)
                0x00000000c000c837                clearInternalKeybuffer(VgaText*)
                0x00000000c000c86c                readKeyboard(VgaText*, char*, unsigned long)
                0x00000000c000c988                Keyboard::Keyboard(char const*)
                0x00000000c000c988                Keyboard::Keyboard(char const*)
                0x00000000c000c9c4                Keyboard::~Keyboard()
                0x00000000c000c9c4                Keyboard::~Keyboard()
                0x00000000c000c9e8                Keyboard::~Keyboard()
 .text          0x00000000c000ca12      0x3ea hal/logidisk.32
                0x00000000c000ca12                LogicalDisk::close(int, int, void*)
                0x00000000c000ca16                LogicalDisk::~LogicalDisk()
                0x00000000c000ca16                LogicalDisk::~LogicalDisk()
                0x00000000c000ca3a                LogicalDisk::~LogicalDisk()
                0x00000000c000ca64                LogicalDisk::open(int, int, void*)
                0x00000000c000ca78                LogicalDisk::absoluteToRelative(unsigned long long)
                0x00000000c000cab0                LogicalDisk::relativeToAbsolute(unsigned long long)
                0x00000000c000caf6                LogicalDisk::LogicalDisk(char const*, PhysicalDisk*, unsigned long long, unsigned long long)
                0x00000000c000caf6                LogicalDisk::LogicalDisk(char const*, PhysicalDisk*, unsigned long long, unsigned long long)
                0x00000000c000cbac                LogicalDisk::assignDriveLetter()
                0x00000000c000cc62                LogicalDisk::mount()
                0x00000000c000ccaa                LogicalDisk::unmount()
                0x00000000c000ccba                LogicalDisk::eject()
                0x00000000c000ccce                LogicalDisk::unassignDriveLetter()
                0x00000000c000cd24                LogicalDisk::read(unsigned long long, int, void*)
                0x00000000c000cd90                LogicalDisk::write(unsigned long long, int, void*)
 .text          0x00000000c000cdfc       0x86 hal/mouse.32
                0x00000000c000cdfc                Mouse::Mouse(char const*)
                0x00000000c000cdfc                Mouse::Mouse(char const*)
                0x00000000c000ce34                Mouse::~Mouse()
                0x00000000c000ce34                Mouse::~Mouse()
                0x00000000c000ce58                Mouse::~Mouse()
 .text          0x00000000c000ce82      0x339 hal/partition.32
                0x00000000c000ce82                makePartition(PhysicalDisk*, unsigned long long, unsigned long long)
                0x00000000c000cf2a                createPartitionsForDisk(PhysicalDisk*)
 *fill*         0x00000000c000d1bb        0x1 
 .text          0x00000000c000d1bc       0x86 hal/serial.32
                0x00000000c000d1bc                Serial::Serial(char const*)
                0x00000000c000d1bc                Serial::Serial(char const*)
                0x00000000c000d1f4                Serial::~Serial()
                0x00000000c000d1f4                Serial::~Serial()
                0x00000000c000d218                Serial::~Serial()
 *fill*         0x00000000c000d242        0x2 
 .text          0x00000000c000d244      0x234 hal/timer.32
                0x00000000c000d244                Timer::Timer(char const*)
                0x00000000c000d244                Timer::Timer(char const*)
                0x00000000c000d27c                Timer::~Timer()
                0x00000000c000d27c                Timer::~Timer()
                0x00000000c000d2a0                Timer::~Timer()
                0x00000000c000d2ca                Timer::read()
                0x00000000c000d2d5                setupTimer(int)
                0x00000000c000d310                timerHandler(unsigned int)
 .text          0x00000000c000d478      0x468 hal/vcache.32
                0x00000000c000d478                VCache::VCache(PhysicalDisk*)
                0x00000000c000d478                VCache::VCache(PhysicalDisk*)
                0x00000000c000d5e8                VCache::invalidateReadBuffer()
                0x00000000c000d5f8                VCache::writeWriteBuffer()
                0x00000000c000d644                VCache::~VCache()
                0x00000000c000d644                VCache::~VCache()
                0x00000000c000d698                VCache::~VCache()
                0x00000000c000d6c0                VCache::write(unsigned long long, int, void*)
                0x00000000c000d7d6                VCache::read(unsigned long long, int, void*)
 .text          0x00000000c000d8e0      0x4b3 hal/video.32
                0x00000000c000d8e0                Video::putrect(int, int, int, int, unsigned int)
                0x00000000c000d92c                Video::bitblit(int, int, int, int, int, int, int, unsigned int*)
                0x00000000c000d99c                Video::blit(unsigned int*, int, int, int, int)
                0x00000000c000da1a                Video::clearScreen(unsigned int)
                0x00000000c000da4e                Video::putpixel(int, int, unsigned int)
                0x00000000c000da5c                Video::Video(char const*)
                0x00000000c000da5c                Video::Video(char const*)
                0x00000000c000da92                Video::~Video()
                0x00000000c000da92                Video::~Video()
                0x00000000c000dab6                Video::~Video()
                0x00000000c000dae0                Video::isMonochrome()
                0x00000000c000daec                Video::getWidth()
                0x00000000c000daf8                Video::getHeight()
                0x00000000c000db04                Video::drawCursor(int, int, unsigned char*, int)
                0x00000000c000dbc0                Video::tgaParse(unsigned char*, int, int*, int*)
                0x00000000c000dd28                Video::putTGA(int, int, unsigned char*, int)
 *fill*         0x00000000c000dd93        0x1 
 .text          0x00000000c000dd94     0x1307 hw/acpi.32
                0x00000000c000dd94                ACPI::close(int, int, void*)
                0x00000000c000de4c                findRSDP()
                0x00000000c000dedc                loadACPITables(unsigned char*)
                0x00000000c000e140                findRSDT(unsigned char*)
                0x00000000c000e290                findDataTable(unsigned char*, char*)
                0x00000000c000e308                scanMADT()
                0x00000000c000e7dc                ACPI::ACPI()
                0x00000000c000e7dc                ACPI::ACPI()
                0x00000000c000e830                ACPI::getPCIIRQAssignment(unsigned char, unsigned short, unsigned char)
                0x00000000c000e918                ACPI::registerPCIIRQAssignment(void*, unsigned short, unsigned char, unsigned char)
                0x00000000c000e9e0                ACPI::setScreenBrightnessLevel(void*, int)
                0x00000000c000e9e8                ACPI::detectPCI()
                0x00000000c000ebf0                ACPI::writeSimpleBootFlag(SimpleBootFlagTable*)
                0x00000000c000ec44                ACPI::sleep()
                0x00000000c000ec60                ACPI::open(int, int, void*)
 *fill*         0x00000000c000f09b        0x1 
 .text          0x00000000c000f09c      0xb95 hw/cpu.32
                0x00000000c000f09c                CPU::close(int, int, void*)
                0x00000000c000f0a0                CPU::AMD_K6_write_msr(unsigned int, unsigned int, unsigned int, CPU::REGS*)
                0x00000000c000f0bc                CPU::AMD_K6_read_msr(unsigned int, CPU::REGS*)
                0x00000000c000f0d4                CPU::AMD_K6_writeback(int, int, int)
                0x00000000c000f148                CPU::cpuid(int, unsigned long*, unsigned long*, unsigned long*, unsigned long*)
                0x00000000c000f1cc                CPU::cpuidCheckEDX(unsigned int)
                0x00000000c000f1fa                CPU::cpuidCheckECX(unsigned int)
                0x00000000c000f228                CPU::cpuidCheckExtendedEBX(unsigned int)
                0x00000000c000f256                CPU::cpuidCheckExtendedECX(unsigned int)
                0x00000000c000f284                CPU::CPU()
                0x00000000c000f284                CPU::CPU()
                0x00000000c000f312                CPU::displayFeatures()
                0x00000000c000f314                CPU::detectFeatures()
                0x00000000c000f9d8                CPU::setupSMEP()
                0x00000000c000f9e4                CPU::setupUMIP()
                0x00000000c000f9ee                CPU::setupTSC()
                0x00000000c000f9f8                CPU::setupLargePages()
                0x00000000c000fa02                CPU::setupPAT()
                0x00000000c000fa3e                CPU::setupMTRR()
                0x00000000c000fa40                CPU::setupGlobalPages()
                0x00000000c000fa4a                CPU::allowUsermodeDataAccess()
                0x00000000c000fa5c                CPU::prohibitUsermodeDataAccess()
                0x00000000c000fa6e                CPU::setupSMAP()
                0x00000000c000fa7c                CPU::setupFeatures()
                0x00000000c000fb48                CPU::open(int, int, void*)
 .text          0x00000000c000fc31       0xd1 krnl/bootmsg.32
                0x00000000c000fc31                KeDisplaySplashScreen()
                0x00000000c000fc9f                KeSetBootMessage(char const*)
 .text          0x00000000c000fd02      0x581 krnl/env.32
                0x00000000c000fd02                EnvVarContainer::getEnv(char const*)
                0x00000000c000fd40                EnvVarContainer::setEnv(char const*, char const*)
                0x00000000c000fe02                EnvVarContainer::deleteEnv(char const*)
                0x00000000c000fe04                EnvVarContainer::loadFrom(char const*, char const*)
                0x00000000c000ffea                EnvVarContainer::__loadSystem()
                0x00000000c0010004                EnvVarContainer::__loadUser()
                0x00000000c0010006                EnvVarContainer::EnvVarContainer(Process*)
                0x00000000c0010006                EnvVarContainer::EnvVarContainer(Process*)
                0x00000000c0010028                EnvVarContainer::~EnvVarContainer()
                0x00000000c0010028                EnvVarContainer::~EnvVarContainer()
                0x00000000c0010058                Krnl::getEnv(Process*, char const*)
                0x00000000c00100bd                Krnl::setEnvSystem(char const*, char const*)
                0x00000000c00100d7                Krnl::setEnvUser(char const*, char const*)
                0x00000000c00100f6                Krnl::setEnvProcess(Process*, char const*, char const*)
                0x00000000c0010109                Krnl::deleteEnvSystem(char const*)
                0x00000000c001010a                Krnl::deleteEnvUser(char const*)
                0x00000000c001010b                Krnl::deleteEnvProcess(Process*, char const*)
                0x00000000c001010c                Krnl::newProcessEnv(Process*)
                0x00000000c001012e                Krnl::copyProcessEnv(Process*, Process*)
                0x00000000c001017a                Krnl::loadSystemEnv()
                0x00000000c00101a8                Krnl::loadUserEnv()
                0x00000000c00101ce                Krnl::flushEnv()
                0x00000000c00101cf                Krnl::getProcessTotalEnvCount(Process*)
                0x00000000c00101ef                Krnl::getProcessEnvPair(Process*, int)
 .text          0x00000000c0010283       0x94 krnl/inlines.32
                0x00000000c0010283                CPU::current()
                0x00000000c001028f                operator new(unsigned long)
                0x00000000c0010294                operator delete(void*)
                0x00000000c0010299                disableIRQs()
                0x00000000c001029b                enableIRQs()
                0x00000000c001029d                lockScheduler()
                0x00000000c00102a5                unlockScheduler()
                0x00000000c00102b4                lockStuff()
                0x00000000c00102c2                unlockStuff()
                0x00000000c00102fc                Virt::getAKernelVAS()
                0x00000000c0010302                __not_memcpy
 .text          0x00000000c0010317        0xc krnl/panic.32
                0x00000000c0010317                KePanic(char const*)
 .text          0x00000000c0010323      0x142 krnl/powctrl.32
                0x00000000c0010323                Krnl::powerThread(void*)
                0x00000000c0010351                Krnl::changePowerSettings(Krnl::PowerSettings)
                0x00000000c0010367                Krnl::userIOReceived()
                0x00000000c0010372                Krnl::handlePowerButton()
                0x00000000c00103a7                Krnl::handleSleepButton()
                0x00000000c00103dc                Krnl::setupPowerManager()
 *fill*         0x00000000c0010465        0x3 
 .text          0x00000000c0010468      0x190 krnl/resolve.32
                0x00000000c0010468                KeResolveCompatibilitySymbol(char*)
 .text          0x00000000c00105f8      0x2c3 krnl/signal.32
                0x00000000c00105f8                KiSigKill(int)
                0x00000000c0010624                KiDefaultSignalHandlerIgnore(int)
                0x00000000c0010625                KiDefaultSignalHandlerPause(int)
                0x00000000c0010651                KiDefaultSignalHandlerResume(int)
                0x00000000c001067d                KeDeinitSignals(SigHandlerBlock*)
                0x00000000c0010682                KeInitSignals()
                0x00000000c00106cd                KeRegisterSignalHandler(SigHandlerBlock*, int, void (*)(int), unsigned int, int)
                0x00000000c0010703                KeRaiseSignal(SigHandlerBlock*, int)
                0x00000000c0010780                KeCheckSignal(SigHandlerBlock*)
                0x00000000c001086b                KiCheckSignalZ
                0x00000000c0010880                KeCompleteSignal(SigHandlerBlock*, int)
 .text          0x00000000c00108bb      0xc39 krnl/syscalls.32
                0x00000000c00108bb                SysSeekDir(regs*)
                0x00000000c00108c0                SysTellDir(regs*)
                0x00000000c00108c5                SysVerify(regs*)
                0x00000000c00108cf                SysGetArgc(regs*)
                0x00000000c00108df                SysTTYName(regs*)
                0x00000000c00108e7                SysFormatDisk(regs*)
                0x00000000c0010954                SysSetDiskVolumeLabel(regs*)
                0x00000000c001099e                SysGetDiskVolumeLabel(regs*)
                0x00000000c00109f3                SysShutdown(regs*)
                0x00000000c0010a51                SysRealpath(regs*)
                0x00000000c0010a94                SysReadDir(regs*)
                0x00000000c0010b14                SysIsATTY(regs*)
                0x00000000c0010b70                SysSeek(regs*)
                0x00000000c0010bc9                SysTell(regs*)
                0x00000000c0010c38                SysSize(regs*)
                0x00000000c0010cad                SysSizeFromFilename(regs*)
                0x00000000c0010d60                SysClose(regs*)
                0x00000000c0010dc0                SysOpenDir(regs*)
                0x00000000c0010e37                SysMakeDir(regs*)
                0x00000000c0010ea1                SysCloseDir(regs*)
                0x00000000c0010ef5                SysWait(regs*)
                0x00000000c0010f12                SysNotImpl(regs*)
                0x00000000c0010f2d                SysPanic(regs*)
                0x00000000c0010f48                SysRmdir(regs*)
                0x00000000c0010faf                SysUnlink(regs*)
                0x00000000c0011016                SysGetArgv(regs*)
                0x00000000c0011063                SysUSleep(regs*)
                0x00000000c001108c                SysSpawn(regs*)
                0x00000000c00110f5                SysGetEnv(regs*)
                0x00000000c00111a4                SysSetFatAttrib(regs*)
                0x00000000c001121b                SysPipe(regs*)
                0x00000000c0011260                SysGetUnixTime(regs*)
                0x00000000c0011274                string_ends_with(char const*, char const*)
                0x00000000c00112be                SysOpen(regs*)
                0x00000000c00114b2                KeSystemCall(regs*, void*)
 .text          0x00000000c00114f4      0x50e reg/registry.32
                0x00000000c00114f4                Reg::findLineFromLoadedData(char*, char*, char*)
                0x00000000c001164c                Reg::getLineFromRegistry(char*, char*, char*, char*)
                0x00000000c00117a1                Reg::getLine(char*, char*, char*)
                0x00000000c00117d8                Reg::readInt(char*, char*, int*)
                0x00000000c00118c3                Reg::readString(char*, char*, char*, int)
                0x00000000c0011944                Reg::readBool(char*, char*, bool*)
                0x00000000c0011969                Reg::readBoolWithDefault(char*, char*, bool)
                0x00000000c0011995                Reg::readIntWithDefault(char*, char*, int)
                0x00000000c00119c1                Reg::readStringWithDefault(char*, char*, char*, int, char*)
 .text          0x00000000c0011a02       0x36 sys/eject.32
                0x00000000c0011a02                SysEject(regs*)
 .text          0x00000000c0011a38       0x18 sys/exit.32
                0x00000000c0011a38                SysExit(regs*)
 .text          0x00000000c0011a50       0x1f sys/getcwd.32
                0x00000000c0011a50                SysGetCwd(regs*)
 .text          0x00000000c0011a6f        0xc sys/getpid.32
                0x00000000c0011a6f                SysGetPID(regs*)
 .text          0x00000000c0011a7b       0x1a sys/getramdata.32
                0x00000000c0011a7b                SysGetRAMData(regs*)
 .text          0x00000000c0011a95       0x82 sys/getvgaptr.32
                0x00000000c0011a95                SysGetVGAPtr(regs*)
 .text          0x00000000c0011b17       0xa8 sys/loaddll.32
                0x00000000c0011b17                SysLoadDLL(regs*)
 .text          0x00000000c0011bbf       0x68 sys/read.32
                0x00000000c0011bbf                SysRead(regs*)
 .text          0x00000000c0011c27       0x29 sys/registersignal.32
                0x00000000c0011c27                SysRegisterSignal(regs*)
 .text          0x00000000c0011c50       0x55 sys/sbrk.32
                0x00000000c0011c50                SysSbrk(regs*)
 .text          0x00000000c0011ca5       0x1c sys/setcwd.32
                0x00000000c0011ca5                SysSetCwd(regs*)
 .text          0x00000000c0011cc1       0x95 sys/settime.32
                0x00000000c0011cc1                SysSetTime(regs*)
 .text          0x00000000c0011d56       0x4a sys/timezone.32
                0x00000000c0011d56                SysTimezone(regs*)
 .text          0x00000000c0011da0       0x68 sys/write.32
                0x00000000c0011da0                SysWrite(regs*)
 .text          0x00000000c0011e08       0x62 sys/wsbe.32
                0x00000000c0011e08                SysWsbe(regs*)
 .text          0x00000000c0011e6a       0x25 sys/yield.32
                0x00000000c0011e6a                SysYield(regs*)
 .text          0x00000000c0011e8f     0x11e5 thr/elf.32
                0x00000000c0011e8f                Thr::allocateMemoryForTask(Process*, File*, unsigned long, unsigned long, unsigned long)
                0x00000000c001211b                Thr::loadProgramIntoMemory(Process*, char const*)
                0x00000000c0012331                Thr::runtimeReferenceHelper()
                0x00000000c0012344                Thr::getAddressOfKernelSymbol(char const*)
                0x00000000c0012393                Thr::loadKernelSymbolTable(char const*)
                0x00000000c0012651                Thr::loadDriverIntoMemory(char const*, unsigned long, bool)
                0x00000000c0012d87                Thr::getDriverBaseFromAddress(unsigned long)
                0x00000000c0012db9                Thr::getDriverNameFromAddress(unsigned long)
                0x00000000c0012df0                Thr::getDriverOffsetFromAddress(unsigned long)
                0x00000000c0012e0a                Thr::loadDLL(char const*, bool)
                0x00000000c001303b                Thr::executeDLL(unsigned long, void*)
 .text          0x00000000c0013074     0x12fd thr/prcssthr.32
                0x00000000c0013074                userModeEntryPoint(void*)
                0x00000000c001309c                changeTSS
                0x00000000c00130cc                switchToThread(ThreadControlBlock*)
                0x00000000c0013180                Process::addArgs(char**)
                0x00000000c00131e0                Process::Process(char const*, Process*, char**)
                0x00000000c00131e0                Process::Process(char const*, Process*, char**)
                0x00000000c00133ec                Process::Process(bool, char const*, Process*, char**)
                0x00000000c00133ec                Process::Process(bool, char const*, Process*, char**)
                0x00000000c00135c4                taskStartupFunction
                0x00000000c00135d0                Semaphore::Semaphore(int)
                0x00000000c00135d0                Semaphore::Semaphore(int)
                0x00000000c0013600                Mutex::Mutex()
                0x00000000c0013600                Mutex::Mutex()
                0x00000000c0013614                Process::createThread(void (*)(void*), void*, int)
                0x00000000c001370c                Process::createUserThread()
                0x00000000c001372c                setupMultitasking(void (*)())
                0x00000000c0013834                schedule()
                0x00000000c00138c4                Semaphore::tryAcquire()
                0x00000000c0013990                Semaphore::assertLocked(char const*)
                0x00000000c0013a08                blockTaskWithSchedulerLockAlreadyHeld(TaskState)
                0x00000000c0013a30                blockTask(TaskState)
                0x00000000c0013a60                waitTask(int, int*, int)
                0x00000000c0013aa4                milliTenthSleepUntil(unsigned int)
                0x00000000c0013b34                milliTenthSleep(unsigned int)
                0x00000000c0013b44                sleep(unsigned int)
                0x00000000c0013b60                Semaphore::acquire()
                0x00000000c0013c1c                taskReturned
                0x00000000c0013c58                Thr::processFromPID(int)
                0x00000000c0013cf8                unblockTask(ThreadControlBlock*)
                0x00000000c0013d9c                cleanupTerminatedTask(ThreadControlBlock*)
                0x00000000c0014068                cleanerTaskFunction(void*)
                0x00000000c0014158                terminateTask(int)
                0x00000000c0014224                Thr::terminateFromIRQ(int)
                0x00000000c0014234                Semaphore::release()
 .text          0x00000000c0014371      0xb93 vm86/vm8086.32
                0x00000000c0014371                Vm::inbv(unsigned short)
                0x00000000c0014384                Vm::outbv(unsigned short, unsigned char)
                0x00000000c00143ba                Vm::realToLinear(unsigned short, unsigned short)
                0x00000000c00143ca                Vm::getSegment(unsigned int)
                0x00000000c00143d2                Vm::getOffset(unsigned int)
                0x00000000c00143d7                Vm::mainloop2()
                0x00000000c0014411                Vm::mainVm8086Loop(void*)
                0x00000000c0014421                Vm::mainloop3(unsigned long)
                0x00000000c0014447                Vm::initialise8086()
                0x00000000c001448a                Vm::finish8086()
                0x00000000c00144eb                Vm::getOutput8086(unsigned char*)
                0x00000000c0014510                Vm::start8086FromBuffer(unsigned char*, int, unsigned short, unsigned short, unsigned short, unsigned short)
                0x00000000c00145c9                Vm::start8086(char const*, unsigned short, unsigned short, unsigned short, unsigned short)
                0x00000000c0014731                Vm::doISR(regs*, int, unsigned char*, unsigned short, unsigned short)
                0x00000000c00147bb                Vm::readByteFromReal(unsigned short, unsigned short)
                0x00000000c00147cc                Vm::readWordFromReal(unsigned short, unsigned short)
                0x00000000c00147de                Vm::readDwordFromReal(unsigned short, unsigned short)
                0x00000000c00147ef                Vm::writeByteFromReal(unsigned short, unsigned short, unsigned char)
                0x00000000c0014804                Vm::writeWordFromReal(unsigned short, unsigned short, unsigned short)
                0x00000000c001481a                Vm::writeDwordFromReal(unsigned short, unsigned short, unsigned int)
                0x00000000c001482f                Vm::faultHandler(regs*)
 .text          0x00000000c0014f04      0xa53 arch/i386/hal.32
                0x00000000c0014f04                noCopro(unsigned long)
                0x00000000c0014f05                nmiHandler(regs*, void*)
                0x00000000c0014f1e                doubleFault(regs*, void*)
                0x00000000c0014f37                displayDebugInfo(regs*)
                0x00000000c0015258                HalSystemIdle()
                0x00000000c00152ce                displayProgramFault(char const*)
                0x00000000c001531a                gpFault(regs*, void*)
                0x00000000c001537f                pgFault(regs*, void*)
                0x00000000c0015405                otherISRHandler(regs*, void*)
                0x00000000c0015439                opcodeFault(regs*, void*)
                0x00000000c00154b9                i386SaveCoprocessor(void*)
                0x00000000c00154cd                i386LoadCoprocessor(void*)
                0x00000000c00154e1                x87EmulHandler(regs*, void*)
                0x00000000c001557e                HalInitialiseCoprocessor()
                0x00000000c001562c                HalPanic(char const*)
                0x00000000c0015725                HalQueryPerformanceCounter()
                0x00000000c0015740                HalInitialise()
                0x00000000c00158e6                HalMakeBeep(int)
                0x00000000c0015920                HalGetRand()
                0x00000000c0015923                HalEndOfInterrupt(int)
                0x00000000c0015954                HalRestart()
                0x00000000c0015955                HalShutdown()
                0x00000000c0015956                HalSleep()
 *fill*         0x00000000c0015957        0x1 
 .text          0x00000000c0015958      0x2f4 arch/i386/pic.32
                0x00000000c0015958                picIoWait()
                0x00000000c0015960                picDisable()
                0x00000000c0015994                picGetIRQReg(int)
                0x00000000c0015a18                picOpen()
                0x00000000c0015ba8                picEOI(int)
 .text          0x00000000c0015c4c      0x64d arch/i386/rtc.32
                0x00000000c0015c4c                RTC::open(int, int, void*)
                0x00000000c0015c50                RTC::close(int, int, void*)
                0x00000000c0015c54                RTC::timeInSecondsUTC()
                0x00000000c0015c66                RTC::timeInDatetimeUTC()
                0x00000000c0015c8c                RTC::setTimeInSecondsUTC(unsigned long long)
                0x00000000c0015cca                RTC::~RTC()
                0x00000000c0015cca                RTC::~RTC()
                0x00000000c0015cee                RTC::~RTC()
                0x00000000c0015d18                RTC::get_update_in_progress_flag()
                0x00000000c0015d30                RTC::completeRTCRefresh()
                0x00000000c0015fe8                RTC::setTimeInDatetimeUTC(datetime_t)
                0x00000000c001619b                rtcIRQHandler(regs*, void*)
                0x00000000c00161e0                RTC::RTC()
                0x00000000c00161e0                RTC::RTC()
 *fill*         0x00000000c0016299        0x3 
 .text          0x00000000c001629c      0x203 arch/i386/vga.32
                0x00000000c001629c                HalConsoleScroll(int, int)
                0x00000000c00163a4                HalConsoleWriteCharacter(char, int, int, int, int)
                0x00000000c0016410                HalConsoleCursorUpdate(int, int)
 *fill*         0x00000000c001649f        0x1 
 .text          0x00000000c00164a0     0x13e7 fs/fat/vfslink.32
                0x00000000c00164a0                FAT::getName()
                0x00000000c00164a8                FAT::tell(void*, unsigned long long*)
                0x00000000c00164e4                FAT::stat(void*, unsigned long long*)
                0x00000000c0016520                FAT::~FAT()
                0x00000000c0016520                FAT::~FAT()
                0x00000000c0016544                FAT::~FAT()
                0x00000000c001656c                FAT::getlabel(LogicalDisk*, int, char*, unsigned int*)
                0x00000000c0016610                FAT::setlabel(LogicalDisk*, int, char*)
                0x00000000c00166d4                FAT::format(LogicalDisk*, int, char const*, int)
                0x00000000c00168a8                FAT::tryMount(LogicalDisk*, int)
                0x00000000c0016ac0                FAT::allocateSwapfile(char const*, int)
                0x00000000c0016c80                FAT::readDir(void*, unsigned long, void*, int*)
                0x00000000c0016dec                FAT::read(void*, unsigned long, void*, int*)
                0x00000000c0016e4c                FAT::write(void*, unsigned long, void*, int*)
                0x00000000c0016eac                FAT::close(void*)
                0x00000000c0016f00                FAT::closeDir(void*)
                0x00000000c0016f54                FAT::seek(void*, unsigned long long)
                0x00000000c0016fac                fatWrapperReadDisk
                0x00000000c0016ff0                fatWrapperWriteDisk
                0x00000000c0017034                fatWrapperIoctl
                0x00000000c0017150                FAT::FAT()
                0x00000000c0017150                FAT::FAT()
                0x00000000c00171a4                FAT::fixFilepath(char*)
                0x00000000c00171e0                FAT::open(char const*, void**, FileOpenMode)
                0x00000000c0017318                FAT::openDir(char const*, void**)
                0x00000000c00173c8                FAT::stat(char const*, unsigned long long*, bool*)
                0x00000000c00174c0                FAT::unlink(char const*)
                0x00000000c0017540                FAT::chfatattr(char const*, unsigned char, unsigned char)
                0x00000000c00176cc                FAT::rename(char const*, char const*)
                0x00000000c0017798                FAT::mkdir(char const*)
                0x00000000c0017818                FAT::exists(char const*)
 *fill*         0x00000000c0017887        0x1 
 .text          0x00000000c0017888       0xc6 fs/iso9660/helper.32
                0x00000000c0017888                isoReadDiscSectorHelper
                0x00000000c00178e4                iso_kprintf
                0x00000000c0017904                iso_kprintfd
 .text          0x00000000c001794e      0x656 fs/iso9660/vfslink.32
                0x00000000c001794e                ISO9660::format(LogicalDisk*, int, char const*, int)
                0x00000000c0017954                ISO9660::getName()
                0x00000000c001795a                ISO9660::closeDir(void*)
                0x00000000c0017964                ISO9660::chfatattr(char const*, unsigned char, unsigned char)
                0x00000000c001796a                ISO9660::unlink(char const*)
                0x00000000c0017970                ISO9660::write(void*, unsigned long, void*, int*)
                0x00000000c0017976                ISO9660::rename(char const*, char const*)
                0x00000000c001797c                ISO9660::mkdir(char const*)
                0x00000000c0017982                ISO9660::~ISO9660()
                0x00000000c0017982                ISO9660::~ISO9660()
                0x00000000c00179a6                ISO9660::~ISO9660()
                0x00000000c00179ce                ISO9660::exists(char const*)
                0x00000000c00179e2                ISO9660::open(char const*, void**, FileOpenMode)
                0x00000000c0017a88                ISO9660::read(void*, unsigned long, void*, int*)
                0x00000000c0017ad0                ISO9660::seek(void*, unsigned long long)
                0x00000000c0017b12                ISO9660::tell(void*, unsigned long long*)
                0x00000000c0017b50                ISO9660::openDir(char const*, void**)
                0x00000000c0017c1e                ISO9660::stat(void*, unsigned long long*)
                0x00000000c0017c70                ISO9660::stat(char const*, unsigned long long*, bool*)
                0x00000000c0017d5a                ISO9660::close(void*)
                0x00000000c0017d8a                ISO9660::readDir(void*, unsigned long, void*, int*)
                0x00000000c0017e8f                readSectorFromCDROM(unsigned int, unsigned char*, char)
                0x00000000c0017f0a                ISO9660::tryMount(LogicalDisk*, int)
                0x00000000c0017f7c                ISO9660::ISO9660()
                0x00000000c0017f7c                ISO9660::ISO9660()
 .text          0x00000000c0017fa4      0x26c hal/sound/sndcard.32
                0x00000000c0017fa4                SoundCard::beginPlayback()
                0x00000000c0017fb2                SoundCard::stopPlayback()
                0x00000000c0017fc0                SoundCard::SoundCard(char const*)
                0x00000000c0017fc0                SoundCard::SoundCard(char const*)
                0x00000000c001805e                SoundCard::~SoundCard()
                0x00000000c001805e                SoundCard::~SoundCard()
                0x00000000c0018082                SoundCard::~SoundCard()
                0x00000000c00180ac                SoundCard::configureRates(int, int, int)
                0x00000000c00180dc                SoundCard::getSamples16(int, short*)
                0x00000000c0018138                SoundCard::getSamples32(int, int*)
                0x00000000c00181be                SoundCard::addChannel(SoundPort*)
                0x00000000c00181fc                SoundCard::removeChannel(int)
 .text          0x00000000c0018210      0x377 hal/sound/sndport.32
                0x00000000c0018210                SoundPort::SoundPort(int, int, int, int)
                0x00000000c0018210                SoundPort::SoundPort(int, int, int, int)
                0x00000000c001829c                SoundPort::~SoundPort()
                0x00000000c001829c                SoundPort::~SoundPort()
                0x00000000c00182d0                SoundPort::unpause()
                0x00000000c00182dc                SoundPort::pause()
                0x00000000c00182e8                SoundPort::getBufferUsed()
                0x00000000c00182f0                SoundPort::getBufferSize()
                0x00000000c00182f8                SoundPort::buffer16(short*, int)
                0x00000000c0018384                SoundPort::buffer32(int*, int)
                0x00000000c001840c                SoundPort::unbufferAndAdd16(int, short*, SoundCard*)
                0x00000000c00184d0                SoundPort::unbufferAndAdd32(int, int*, SoundCard*)
 .text          0x00000000c0018587        0x0 hw/bus/isa.32
 *fill*         0x00000000c0018587        0x1 
 .text          0x00000000c0018588      0xb49 hw/bus/pci.32
                0x00000000c0018588                PCI::open(int, int, void*)
                0x00000000c00185a6                PCI::close(int, int, void*)
                0x00000000c00185aa                PCI::PCI()
                0x00000000c00185aa                PCI::PCI()
                0x00000000c0018644                PCI::readBAR8(unsigned int, int)
                0x00000000c0018660                PCI::readBAR16(unsigned int, int)
                0x00000000c001867e                PCI::readBAR32(unsigned int, int)
                0x00000000c001869a                PCI::writeBAR8(unsigned int, unsigned char, int)
                0x00000000c00186ba                PCI::writeBAR16(unsigned int, unsigned short, int)
                0x00000000c00186dc                PCI::writeBAR32(unsigned int, unsigned int, int)
                0x00000000c00186fc                PCI::legacyMechanism(unsigned char, unsigned char, unsigned char, unsigned char)
                0x00000000c001876a                PCI::pciReadWord(unsigned char, unsigned char, unsigned char, unsigned char)
                0x00000000c0018812                PCI::getVendorID(unsigned char, unsigned char, unsigned char)
                0x00000000c0018836                PCI::getHeaderType(unsigned char, unsigned char, unsigned char)
                0x00000000c001885e                PCI::getClassCode(unsigned char, unsigned char, unsigned char)
                0x00000000c00188a8                PCI::getProgIF(unsigned char, unsigned char, unsigned char)
                0x00000000c00188d0                PCI::getRevisionID(unsigned char, unsigned char, unsigned char)
                0x00000000c00188f4                PCI::getInterruptNumber(unsigned char, unsigned char, unsigned char)
                0x00000000c0018918                PCI::getSecondaryBus(unsigned char, unsigned char, unsigned char)
                0x00000000c0018940                PCI::getBARAddress(unsigned char, unsigned char, unsigned char, unsigned char)
                0x00000000c00189a4                PCI::pciWriteWord(unsigned char, unsigned char, unsigned char, unsigned char, unsigned short)
                0x00000000c0018a8c                PCI::pciDetailsToFilepath(PCIDeviceInfo, char*)
                0x00000000c0018d06                PCI::checkBus(unsigned char)
                0x00000000c0018d2c                PCI::foundDevice(PCIDeviceInfo)
                0x00000000c0018e9e                PCI::getDeviceData(unsigned char, unsigned char, unsigned char)
                0x00000000c0019012                PCI::checkDevice(unsigned char, unsigned char)
                0x00000000c001907e                PCI::detect()
 *fill*         0x00000000c00190d1        0x1 
 .text          0x00000000c00190d2      0xb5a hw/diskctrl/ide.32
                0x00000000c00190d2                IDE::close(int, int, void*)
                0x00000000c00190d6                IDE::IDE()
                0x00000000c00190d6                IDE::IDE()
                0x00000000c001910a                IDE::prepareInterrupt(unsigned char)
                0x00000000c001911c                selectDrive(unsigned char, unsigned char)
                0x00000000c001911e                IDE::getBase(unsigned char)
                0x00000000c0019130                IDE::write(unsigned char, unsigned char, unsigned char)
                0x00000000c00191f0                IDE::read(unsigned char, unsigned char)
                0x00000000c001929e                IDE::waitInterrupt(unsigned char)
                0x00000000c0019306                ideChannel0IRQHandler(regs*, void*)
                0x00000000c0019322                ideChannel1IRQHandler(regs*, void*)
                0x00000000c001933e                IDE::enableIRQs(unsigned char, bool)
                0x00000000c0019384                IDE::open(int, int, void*)
                0x00000000c0019792                IDE::readBuffer(unsigned char, unsigned char, unsigned int, unsigned int)
                0x00000000c001985e                IDE::detect()
                0x00000000c0019b1e                IDE::printError(unsigned char, unsigned char, unsigned char)
                0x00000000c0019bce                IDE::polling(unsigned char, unsigned int)
 .text          0x00000000c0019c2c      0x32a hw/diskctrl/satabus.32
                0x00000000c0019c2c                SATABus::close(int, int, void*)
                0x00000000c0019c30                SATABus::detect()
                0x00000000c0019c32                SATABus::SATABus()
                0x00000000c0019c32                SATABus::SATABus()
                0x00000000c0019cb8                SATABus::findCmdslot(SATABus::tagHBA_PORT volatile*)
                0x00000000c0019cea                SATABus::checkType(SATABus::tagHBA_PORT volatile*)
                0x00000000c0019d32                SATABus::startCmd(SATABus::tagHBA_PORT volatile*)
                0x00000000c0019d52                SATABus::stopCmd(SATABus::tagHBA_PORT volatile*)
                0x00000000c0019d7c                SATABus::portRebase(SATABus::tagHBA_PORT volatile*, int)
                0x00000000c0019e8c                SATABus::probePort(SATABus::tagHBA_MEM volatile*)
                0x00000000c0019f36                SATABus::open(int, int, void*)
 .text          0x00000000c0019f56      0x921 hw/diskphys/ata.32
                0x00000000c0019f56                ATA::close(int, int, void*)
                0x00000000c0019f7a                ATA::powerSaving(PowerSavingLevel)
                0x00000000c0019f7c                ATA::ATA()
                0x00000000c0019f7c                ATA::ATA()
                0x00000000c0019faa                ATA::flush(bool)
                0x00000000c0019ff4                ATA::readyForCommand()
                0x00000000c001a040                ATA::access(unsigned long long, int, void*, bool)
                0x00000000c001a3bc                ATA::detectCHS()
                0x00000000c001a3e6                ATA::open(int, int, void*)
                0x00000000c001a4b2                combineCharAndColour(char, unsigned char)
                0x00000000c001a4c3                combineColours(unsigned char, unsigned char)
                0x00000000c001a4d0                ATA::read(unsigned long long, int, void*)
                0x00000000c001a6a6                ATA::write(unsigned long long, int, void*)
 *fill*         0x00000000c001a877        0x1 
 .text          0x00000000c001a878      0x60e hw/diskphys/atapi.32
                0x00000000c001a878                ATAPI::write(unsigned long long, int, void*)
                0x00000000c001a87e                ATAPI::close(int, int, void*)
                0x00000000c001a8a2                ATAPI::ATAPI()
                0x00000000c001a8a2                ATAPI::ATAPI()
                0x00000000c001a8d0                ATAPI::readyForCommand()
                0x00000000c001a922                ATAPI::sendPacket(unsigned char*, int, bool, unsigned short*, int)
                0x00000000c001abe2                ATAPI::diskRemoved()
                0x00000000c001ac1c                ATAPI::eject()
                0x00000000c001ac64                ATAPI::diskInserted()
                0x00000000c001ac70                ATAPI::detectMedia()
                0x00000000c001ad2c                ATAPI::open(int, int, void*)
                0x00000000c001ae0c                ATAPI::read(unsigned long long, int, void*)
 .text          0x00000000c001ae86      0x7ff hw/diskphys/sata.32
                0x00000000c001ae86                SATA::close(int, int, void*)
                0x00000000c001aeaa                SATA::powerSaving(PowerSavingLevel)
                0x00000000c001aeac                SATA::open(int, int, void*)
                0x00000000c001af56                SATA::SATA()
                0x00000000c001af56                SATA::SATA()
                0x00000000c001af84                SATA::access(unsigned long long, int, void*, bool)
                0x00000000c001b1d0                SATA::read(unsigned long long, int, void*)
                0x00000000c001b420                SATA::write(unsigned long long, int, void*)
 *fill*         0x00000000c001b685        0x1 
 .text          0x00000000c001b686      0x596 hw/diskphys/satapi.32
                0x00000000c001b686                SATAPI::write(unsigned long long, int, void*)
                0x00000000c001b68c                SATAPI::close(int, int, void*)
                0x00000000c001b6b0                SATAPI::SATAPI()
                0x00000000c001b6b0                SATAPI::SATAPI()
                0x00000000c001b6de                SATAPI::diskRemoved()
                0x00000000c001b6e0                SATAPI::diskInserted()
                0x00000000c001b6fc                SATAPI::sendPacket(unsigned char*, int, unsigned long long, unsigned short*, int)
                0x00000000c001b9d0                SATAPI::eject()
                0x00000000c001ba0c                SATAPI::detectMedia()
                0x00000000c001ba32                SATAPI::open(int, int, void*)
                0x00000000c001bb32                SATAPI::read(unsigned long long, int, void*)
 .text          0x00000000c001bc1c      0x455 hw/intctrl/apic.32
                0x00000000c001bc1c                IOAPIC::close(int, int, void*)
                0x00000000c001bc22                apicGetBase()
                0x00000000c001bc64                IOAPIC::IOAPIC()
                0x00000000c001bc64                IOAPIC::IOAPIC()
                0x00000000c001bc8c                apicOpen()
                0x00000000c001bdf2                IOAPIC::handlesGSIWithNumber(unsigned int)
                0x00000000c001be24                IOAPIC::read(int)
                0x00000000c001be4c                IOAPIC::open(int, int, void*)
                0x00000000c001bf40                IOAPIC::write(int, int)
                0x00000000c001bf6c                IOAPIC::redirect(unsigned char, unsigned long long, unsigned char, bool, bool)
 *fill*         0x00000000c001c071        0x3 
 .text          0x00000000c001c074       0xf0 hw/timer/apictimer.32
                0x00000000c001c074                APICTimer::close(int, int, void*)
                0x00000000c001c07c                apicTimerHandler(regs*, void*)
                0x00000000c001c0a4                APICTimer::open(int, int, void*)
                0x00000000c001c114                APICTimer::write(int)
                0x00000000c001c13c                APICTimer::APICTimer()
                0x00000000c001c13c                APICTimer::APICTimer()
 .text          0x00000000c001c164      0x1aa hw/timer/pit.32
                0x00000000c001c164                PIT::write(int)
                0x00000000c001c1e8                pitHandler(regs*, void*)
                0x00000000c001c20c                PIT::open(int, int, void*)
                0x00000000c001c25c                PIT::close(int, int, void*)
                0x00000000c001c28c                PIT::PIT()
                0x00000000c001c28c                PIT::PIT()
 *fill*         0x00000000c001c30e        0x2 
 .text          0x00000000c001c310       0x83 arch/i386/avx.32
                0x00000000c001c310                avxDetect
                0x00000000c001c33a                avxSave
                0x00000000c001c34b                avxLoad
                0x00000000c001c35c                avxInit
                0x00000000c001c37e                avxClose
                0x00000000c001c37f                wouldSheSayYes
 *fill*         0x00000000c001c393        0xd 
 .text          0x00000000c001c3a0      0x231 arch/i386/interrupt.32
                0x00000000c001c3a0                isr0
                0x00000000c001c3b0                isr1
                0x00000000c001c3ba                isr2
                0x00000000c001c3c4                isr3
                0x00000000c001c3ce                isr4
                0x00000000c001c3d8                isr5
                0x00000000c001c3e2                isr6
                0x00000000c001c3ec                isr7
                0x00000000c001c3f6                isr8
                0x00000000c001c3fe                isr9
                0x00000000c001c408                isr10
                0x00000000c001c410                isr11
                0x00000000c001c418                isr12
                0x00000000c001c420                isr13
                0x00000000c001c428                isr14
                0x00000000c001c430                isr15
                0x00000000c001c43a                isr16
                0x00000000c001c444                isr17
                0x00000000c001c44e                isr18
                0x00000000c001c458                irq3
                0x00000000c001c462                irq4
                0x00000000c001c46c                irq5
                0x00000000c001c476                irq6
                0x00000000c001c480                irq7
                0x00000000c001c48a                irq8
                0x00000000c001c494                irq9
                0x00000000c001c49e                irq10
                0x00000000c001c4a8                irq11
                0x00000000c001c4b2                irq12
                0x00000000c001c4bc                irq13
                0x00000000c001c4c6                irq14
                0x00000000c001c4d0                irq15
                0x00000000c001c4da                irq1
                0x00000000c001c4e1                irq2
                0x00000000c001c4e8                isr96
                0x00000000c001c4ef                irq0
                0x00000000c001c4f4                int_common_stub
                0x00000000c001c526                syscall_common_stub
                0x00000000c001c581                irq16
                0x00000000c001c58b                irq17
                0x00000000c001c595                irq18
                0x00000000c001c59f                irq19
                0x00000000c001c5a9                irq20
                0x00000000c001c5b3                irq21
                0x00000000c001c5bd                irq22
                0x00000000c001c5c7                irq23
 *fill*         0x00000000c001c5d1        0xf 
 .text          0x00000000c001c5e0       0x10 arch/i386/rdrand.32
                0x00000000c001c5e0                i386GetRDRAND
 .text          0x00000000c001c5f0       0x39 arch/i386/sse.32
                0x00000000c001c5f0                absolutelyNoChanceInHell
                0x00000000c001c5f0                sseDetect
                0x00000000c001c608                sseSave
                0x00000000c001c610                sseLoad
                0x00000000c001c618                sseInit
                0x00000000c001c628                sseClose
 *fill*         0x00000000c001c629        0x7 
 .text          0x00000000c001c630       0x49 arch/i386/x87.32
                0x00000000c001c636                x87Detect
                0x00000000c001c651                x87Save
                0x00000000c001c658                x87Load
                0x00000000c001c65f                x87Init
                0x00000000c001c678                x87Close
 *fill*         0x00000000c001c679        0x3 
 .text          0x00000000c001c67c       0x25 /cygdrive/d/Users/Alex/Desktop/Toolchain/Output/bin/../lib/gcc/i386-banana/8.1.0/crtend.o
 .text          0x00000000c001c6a1        0x0 crtn.32
 *fill*         0x00000000c001c6a1        0x3 
 .text          0x00000000c001c6a4      0x14b /cygdrive/d/Users/Alex/Desktop/Toolchain/Output/bin/../lib/gcc/i386-banana/8.1.0/libkgcc.a(_divdi3.o)
                0x00000000c001c6a4                __divdi3
 *fill*         0x00000000c001c7ef        0x1 
 .text          0x00000000c001c7f0      0x17e /cygdrive/d/Users/Alex/Desktop/Toolchain/Output/bin/../lib/gcc/i386-banana/8.1.0/libkgcc.a(_moddi3.o)
                0x00000000c001c7f0                __moddi3
 *fill*         0x00000000c001c96e        0x2 
 .text          0x00000000c001c970       0xff /cygdrive/d/Users/Alex/Desktop/Toolchain/Output/bin/../lib/gcc/i386-banana/8.1.0/libkgcc.a(_udivdi3.o)
                0x00000000c001c970                __udivdi3
 *fill*         0x00000000c001ca6f        0x1 
 .text          0x00000000c001ca70      0x11a /cygdrive/d/Users/Alex/Desktop/Toolchain/Output/bin/../lib/gcc/i386-banana/8.1.0/libkgcc.a(_umoddi3.o)
                0x00000000c001ca70                __umoddi3
 *(.gnu.linkonce.t*)

.iplt           0x00000000c001cb90        0x0
 .iplt          0x00000000c001cb90        0x0 D:/Users/Alex/Desktop/Banana/kernel/boot.32

.init           0x00000000c001cb8a        0xf
 .init          0x00000000c001cb8a        0x3 crti.32
                0x00000000c001cb8a                _init
 .init          0x00000000c001cb8d        0x5 /cygdrive/d/Users/Alex/Desktop/Toolchain/Output/bin/../lib/gcc/i386-banana/8.1.0/crtbegin.o
 .init          0x00000000c001cb92        0x5 /cygdrive/d/Users/Alex/Desktop/Toolchain/Output/bin/../lib/gcc/i386-banana/8.1.0/crtend.o
 .init          0x00000000c001cb97        0x2 crtn.32

.fini           0x00000000c001cb99        0xa
 .fini          0x00000000c001cb99        0x3 crti.32
                0x00000000c001cb99                _fini
 .fini          0x00000000c001cb9c        0x5 /cygdrive/d/Users/Alex/Desktop/Toolchain/Output/bin/../lib/gcc/i386-banana/8.1.0/crtbegin.o
 .fini          0x00000000c001cba1        0x2 crtn.32

.text._ZN8ComputerD2Ev
                0x00000000c001cba4       0x23
 .text._ZN8ComputerD2Ev
                0x00000000c001cba4       0x23 core/computer.32
                0x00000000c001cba4                Computer::~Computer()
                0x00000000c001cba4                Computer::~Computer()

.text._ZN8ComputerD0Ev
                0x00000000c001cbc8       0x2a
 .text._ZN8ComputerD0Ev
                0x00000000c001cbc8       0x2a core/computer.32
                0x00000000c001cbc8                Computer::~Computer()

.text._Z10idleCommonv
                0x00000000c001cbf2       0x21
 .text._Z10idleCommonv
                0x00000000c001cbf2       0x21 core/idle.32
                0x00000000c001cbf2                idleCommon()

.text._ZN10LinkedListI8UnixFileED2Ev
                0x00000000c001cc14        0x2
 .text._ZN10LinkedListI8UnixFileED2Ev
                0x00000000c001cc14        0x2 core/unixfile.32
                0x00000000c001cc14                LinkedList<UnixFile>::~LinkedList()
                0x00000000c001cc14                LinkedList<UnixFile>::~LinkedList()

.text._ZN10LinkedListI8UnixFileEC2Ev
                0x00000000c001cc16       0x42
 .text._ZN10LinkedListI8UnixFileEC2Ev
                0x00000000c001cc16       0x42 core/unixfile.32
                0x00000000c001cc16                LinkedList<UnixFile>::LinkedList()
                0x00000000c001cc16                LinkedList<UnixFile>::LinkedList()

.text._ZN10LinkedListI8UnixFileE10addElementEPS0_
                0x00000000c001cc58       0xd3
 .text._ZN10LinkedListI8UnixFileE10addElementEPS0_
                0x00000000c001cc58       0xd3 core/unixfile.32
                0x00000000c001cc58                LinkedList<UnixFile>::addElement(UnixFile*)

.text._ZN10LinkedListI8UnixFileE15getFirstElementEv
                0x00000000c001cd2c        0x7
 .text._ZN10LinkedListI8UnixFileE15getFirstElementEv
                0x00000000c001cd2c        0x7 core/unixfile.32
                0x00000000c001cd2c                LinkedList<UnixFile>::getFirstElement()

.text._ZN10LinkedListI8UnixFileE11removeFirstEv
                0x00000000c001cd34       0xa1
 .text._ZN10LinkedListI8UnixFileE11removeFirstEv
                0x00000000c001cd34       0xa1 core/unixfile.32
                0x00000000c001cd34                LinkedList<UnixFile>::removeFirst()

.text._ZN10LinkedListI8UnixFileE7getNextEPS0_
                0x00000000c001cdd6        0x8
 .text._ZN10LinkedListI8UnixFileE7getNextEPS0_
                0x00000000c001cdd6        0x8 core/unixfile.32
                0x00000000c001cdd6                LinkedList<UnixFile>::getNext(UnixFile*)

.text._ZN16DriverlessDeviceD2Ev
                0x00000000c001cdde       0x1a
 .text._ZN16DriverlessDeviceD2Ev
                0x00000000c001cdde       0x1a hal/device.32
                0x00000000c001cdde                DriverlessDevice::~DriverlessDevice()
                0x00000000c001cdde                DriverlessDevice::~DriverlessDevice()

.text._ZN16DriverlessDeviceD0Ev
                0x00000000c001cdf8       0x2a
 .text._ZN16DriverlessDeviceD0Ev
                0x00000000c001cdf8       0x2a hal/device.32
                0x00000000c001cdf8                DriverlessDevice::~DriverlessDevice()

.text._ZN10LinkedListI6DeviceE10addElementEPS0_
                0x00000000c001ce22       0xdc
 .text._ZN10LinkedListI6DeviceE10addElementEPS0_
                0x00000000c001ce22       0xdc hal/device.32
                0x00000000c001ce22                LinkedList<Device>::addElement(Device*)

.text._ZN10LinkedListI6DeviceEC2Ev
                0x00000000c001cefe       0x42
 .text._ZN10LinkedListI6DeviceEC2Ev
                0x00000000c001cefe       0x42 hal/device.32
                0x00000000c001cefe                LinkedList<Device>::LinkedList()
                0x00000000c001cefe                LinkedList<Device>::LinkedList()

.text._ZN10LinkedListIV18ThreadControlBlockE7isEmptyEv
                0x00000000c001cf40       0x1c
 .text._ZN10LinkedListIV18ThreadControlBlockE7isEmptyEv
                0x00000000c001cf40       0x1c hal/timer.32
                0x00000000c001cf40                LinkedList<ThreadControlBlock volatile>::isEmpty()

.text._ZN10LinkedListIV18ThreadControlBlockE15getFirstElementEv
                0x00000000c001cf5c        0x7