Archive member included to satisfy reference by file (symbol)

/cygdrive/d/Users/Alex/Desktop/Toolchain/Output/bin/../lib/gcc/i386-banana/8.1.0/libkgcc.a(_divdi3.o)
                              krnl/resolve.32 (__divdi3)
/cygdrive/d/Users/Alex/Desktop/Toolchain/Output/bin/../lib/gcc/i386-banana/8.1.0/libkgcc.a(_moddi3.o)
                              krnl/resolve.32 (__moddi3)
/cygdrive/d/Users/Alex/Desktop/Toolchain/Output/bin/../lib/gcc/i386-banana/8.1.0/libkgcc.a(_udivdi3.o)
                              hal/clock.32 (__udivdi3)
/cygdrive/d/Users/Alex/Desktop/Toolchain/Output/bin/../lib/gcc/i386-banana/8.1.0/libkgcc.a(_umoddi3.o)
                              core/pipe.32 (__umoddi3)

Allocating common symbols
Common symbol       size              file

dcache              0x40              fs/iso9660/iso9660.32
cdDriveLetter       0x1               fs/iso9660/iso9660.32
icache              0x40              fs/iso9660/iso9660.32

Discarded input sections

 .comment       0x0000000000000000       0x12 /cygdrive/d/Users/Alex/Desktop/Toolchain/Output/bin/../lib/gcc/i386-banana/8.1.0/crtbegin.o
 .comment       0x0000000000000000       0x12 acpica/utclib.32
 .comment       0x0000000000000000       0x12 core/malloc.32
 .comment       0x0000000000000000       0x12 libk/ctype.32
 .comment       0x0000000000000000       0x12 libk/string.32
 .comment       0x0000000000000000       0x12 fs/fat/diskio.32
 .comment       0x0000000000000000       0x12 fs/fat/ff.32
 .comment       0x0000000000000000       0x12 fs/fat/ffsystem.32
 .comment       0x0000000000000000       0x12 fs/fat/ffunicode.32
 .comment       0x0000000000000000       0x12 fs/iso9660/iso9660.32
 .group         0x0000000000000000       0x14 core/computer.32
 .group         0x0000000000000000        0xc core/computer.32
 .comment       0x0000000000000000       0x12 core/computer.32
 .comment       0x0000000000000000       0x12 core/gdt.32
 .group         0x0000000000000000        0xc core/idle.32
 .comment       0x0000000000000000       0x12 core/idle.32
 .comment       0x0000000000000000       0x12 core/idt.32
 .comment       0x0000000000000000       0x12 core/kheap.32
 .comment       0x0000000000000000       0x12 core/main.32
 .comment       0x0000000000000000       0x12 core/physmgr.32
 .group         0x0000000000000000        0xc core/pipe.32
 .comment       0x0000000000000000       0x12 core/pipe.32
 .group         0x0000000000000000        0xc core/terminal.32
 .comment       0x0000000000000000       0x12 core/terminal.32
 .comment       0x0000000000000000       0x12 core/tss.32
 .group         0x0000000000000000        0x8 core/unixfile.32
 .group         0x0000000000000000        0x8 core/unixfile.32
 .group         0x0000000000000000        0xc core/unixfile.32
 .group         0x0000000000000000        0x8 core/unixfile.32
 .group         0x0000000000000000        0xc core/unixfile.32
 .group         0x0000000000000000        0x8 core/unixfile.32
 .group         0x0000000000000000        0xc core/unixfile.32
 .group         0x0000000000000000        0xc core/unixfile.32
 .comment       0x0000000000000000       0x12 core/unixfile.32
 .comment       0x0000000000000000       0x12 core/virtmgr.32
 .comment       0x0000000000000000       0x12 coreobjs/c++.32
 .comment       0x0000000000000000       0x12 dbg/kconsole.32
 .group         0x0000000000000000        0xc fs/vfs.32
 .group         0x0000000000000000        0xc fs/vfs.32
 .group         0x0000000000000000        0xc fs/vfs.32
 .comment       0x0000000000000000       0x12 fs/vfs.32
 .group         0x0000000000000000        0xc hal/bus.32
 .comment       0x0000000000000000       0x12 hal/bus.32
 .comment       0x0000000000000000       0x12 hal/buzzer.32
 .group         0x0000000000000000        0xc hal/clock.32
 .comment       0x0000000000000000       0x12 hal/clock.32
 .group         0x0000000000000000       0x14 hal/device.32
 .group         0x0000000000000000        0xc hal/device.32
 .group         0x0000000000000000        0x8 hal/device.32
 .group         0x0000000000000000        0xc hal/device.32
 .group         0x0000000000000000        0xc hal/device.32
 .comment       0x0000000000000000       0x12 hal/device.32
 .group         0x0000000000000000        0xc hal/diskctrl.32
 .comment       0x0000000000000000       0x12 hal/diskctrl.32
 .group         0x0000000000000000        0xc hal/diskphys.32
 .comment       0x0000000000000000       0x12 hal/diskphys.32
 .comment       0x0000000000000000       0x12 hal/fpu.32
 .comment       0x0000000000000000       0x12 hal/intctrl.32
 .group         0x0000000000000000        0xc hal/keybrd.32
 .comment       0x0000000000000000       0x12 hal/keybrd.32
 .group         0x0000000000000000        0xc hal/logidisk.32
 .comment       0x0000000000000000       0x12 hal/logidisk.32
 .group         0x0000000000000000        0xc hal/mouse.32
 .comment       0x0000000000000000       0x12 hal/mouse.32
[...]
Memory Configuration

Name             Origin             Length             Attributes
*default*        0x0000000000000000 0xffffffffffffffff

Linker script and memory map

LOAD D:/Users/Alex/Desktop/Banana/kernel/boot.32
LOAD crti.32
LOAD /cygdrive/d/Users/Alex/Desktop/Toolchain/Output/bin/../lib/gcc/i386-banana/8.1.0/crtbegin.o
LOAD D:/Users/Alex/Desktop/Banana/kernel/morenasm.32
LOAD acpica/utclib.32
LOAD core/malloc.32
LOAD libk/ctype.32
LOAD libk/string.32
LOAD fs/fat/diskio.32
LOAD fs/fat/ff.32
LOAD fs/fat/ffsystem.32
LOAD fs/fat/ffunicode.32
LOAD fs/iso9660/iso9660.32
LOAD core/computer.32
LOAD core/gdt.32
LOAD core/idle.32
LOAD core/idt.32
LOAD core/kheap.32
LOAD core/main.32
LOAD core/physmgr.32
LOAD core/pipe.32
LOAD core/terminal.32
LOAD core/tss.32
LOAD core/unixfile.32
LOAD core/virtmgr.32
LOAD coreobjs/c++.32
LOAD dbg/kconsole.32
LOAD fs/vfs.32
LOAD hal/bus.32
LOAD hal/buzzer.32
LOAD hal/clock.32
LOAD hal/device.32
LOAD hal/diskctrl.32
LOAD hal/diskphys.32
LOAD hal/fpu.32
LOAD hal/intctrl.32
LOAD hal/keybrd.32
LOAD hal/logidisk.32
LOAD hal/mouse.32
LOAD hal/partition.32
LOAD hal/serial.32
LOAD hal/timer.32
LOAD hal/vcache.32
LOAD hal/video.32
LOAD hw/acpi.32
LOAD hw/cpu.32
LOAD krnl/bootmsg.32
LOAD krnl/env.32
LOAD krnl/inlines.32
LOAD krnl/panic.32
LOAD krnl/powctrl.32
LOAD krnl/resolve.32
LOAD krnl/signal.32
LOAD krnl/syscalls.32
LOAD reg/registry.32
LOAD sys/eject.32
LOAD sys/exit.32
LOAD sys/getcwd.32
LOAD sys/getpid.32
LOAD sys/getramdata.32
LOAD sys/getvgaptr.32
LOAD sys/loaddll.32
LOAD sys/read.32
LOAD sys/registersignal.32
LOAD sys/sbrk.32
LOAD sys/setcwd.32
LOAD sys/settime.32
LOAD sys/timezone.32
LOAD sys/write.32
LOAD sys/wsbe.32
LOAD sys/yield.32
LOAD thr/elf.32
LOAD thr/prcssthr.32
LOAD vm86/vm8086.32
LOAD arch/i386/hal.32
LOAD arch/i386/pic.32
LOAD arch/i386/rtc.32
LOAD arch/i386/vga.32
LOAD fs/fat/vfslink.32
LOAD fs/iso9660/helper.32
LOAD fs/iso9660/vfslink.32
LOAD hal/sound/sndcard.32
LOAD hal/sound/sndport.32
LOAD hw/bus/isa.32
LOAD hw/bus/pci.32
LOAD hw/diskctrl/ide.32
LOAD hw/diskctrl/satabus.32
LOAD hw/diskphys/ata.32
LOAD hw/diskphys/atapi.32
LOAD hw/diskphys/sata.32
LOAD hw/diskphys/satapi.32
LOAD hw/intctrl/apic.32
LOAD hw/timer/apictimer.32
LOAD hw/timer/pit.32
LOAD arch/i386/avx.32
LOAD arch/i386/interrupt.32
LOAD arch/i386/rdrand.32
LOAD arch/i386/sse.32
LOAD arch/i386/x87.32
LOAD /cygdrive/d/Users/Alex/Desktop/Toolchain/Output/bin/../lib/gcc/i386-banana/8.1.0/crtend.o
LOAD crtn.32
LOAD /cygdrive/d/Users/Alex/Desktop/Toolchain/Output/bin/../lib/gcc/i386-banana/8.1.0/libkgcc.a
LOAD D:/Users/Alex/Desktop/Banana/kernel/libsoftfp.a
LOAD D:/Users/Alex/Desktop/Banana/kernel/libk/libm32.a
                0x00000000c0000000                . = 0xc0000000

.text           0x00000000c0000000    0x1c31a
 *(.text)
 .text          0x00000000c0000000       0x20 D:/Users/Alex/Desktop/Banana/kernel/boot.32
 .text          0x00000000c0000020        0x0 crti.32
 .text          0x00000000c0000020      0x101 /cygdrive/d/Users/Alex/Desktop/Toolchain/Output/bin/../lib/gcc/i386-banana/8.1.0/crtbegin.o
 *fill*         0x00000000c0000121        0xf 
 .text          0x00000000c0000130      0x252 D:/Users/Alex/Desktop/Banana/kernel/morenasm.32
                0x00000000c0000130                manualPCIProbe
                0x00000000c000017b                prepareTramp
                0x00000000c0000194                doTPAUSE
                0x00000000c000019e                hasLegacyFPU
                0x00000000c00001c3                is486
                0x00000000c00001f9                detectCPUID
                0x00000000c000020f                goToVM86
                0x00000000c000023f                goToUsermode
                0x00000000c0000269                switchToThreadASMFirstTime
                0x00000000c0000277                switchToThreadASM
                0x00000000c00002ff                asmQuickAcquireLock
                0x00000000c000031d                asmQuickReleaseLock
                0x00000000c0000329                asmAcquireLock
                0x00000000c000034a                asmReleaseLock
                0x00000000c000035d                loadGDT
                0x00000000c000037d                memcpy
 *fill*         0x00000000c0000382        0xe 
 .text          0x00000000c0000390      0x79e acpica/utclib.32
                0x00000000c0000390                memcmp
                0x00000000c00003e0                memmove
                0x00000000c00004d0                memset
                0x00000000c0000540                strlen
                0x00000000c0000570                strpbrk
                0x00000000c00005b0                strtok
                0x00000000c0000600                strcpy
                0x00000000c0000630                strncpy
                0x00000000c00006e0                strcmp
                0x00000000c0000730                strchr
                0x00000000c0000760                strncmp
                0x00000000c00007c0                strcat
                0x00000000c00007f0                strncat
                0x00000000c0000850                strstr
                0x00000000c00008b0                toupper
                0x00000000c00008d0                tolower
                0x00000000c00008f0                simple_strtoul
 .text          0x00000000c0000b2e      0xfad core/malloc.32
                0x00000000c0000c99                dlfree
                0x00000000c0000ff4                dlmalloc
                0x00000000c0001531                dlrealloc
                0x00000000c00016d4                dlmemalign
                0x00000000c00017f7                dlcalloc
                0x00000000c0001891                dlcfree
                0x00000000c0001896                dlindependent_calloc
                0x00000000c00018bb                dlindependent_comalloc
                0x00000000c00018d2                dlvalloc
                0x00000000c00018fd                dlpvalloc
                0x00000000c0001933                dlmalloc_trim
                0x00000000c0001940                dlmalloc_usable_size
                0x00000000c0001971                dlmallinfo
                0x00000000c0001a40                dlmalloc_stats
                0x00000000c0001a51                dlmallopt
 *fill*         0x00000000c0001adb        0x1 
 .text          0x00000000c0001adc      0x1f2 libk/ctype.32
                0x00000000c0001adc                isblank
                0x00000000c0001afc                iscntrl
                0x00000000c0001b1c                isdigit
                0x00000000c0001b38                islower
                0x00000000c0001b54                isspace
                0x00000000c0001b7c                isupper
                0x00000000c0001b98                isalpha
                0x00000000c0001bc8                isalnum
                0x00000000c0001bf8                ispunct
                0x00000000c0001c38                isgraph
                0x00000000c0001c68                isprint
                0x00000000c0001c90                isxdigit
 .text          0x00000000c0001cce        0x0 libk/string.32
 .text          0x00000000c0001cce       0x51 fs/fat/diskio.32
                0x00000000c0001cce                disk_status
                0x00000000c0001cd1                disk_initialize
                0x00000000c0001cd4                disk_read
                0x00000000c0001cea                disk_write
                0x00000000c0001d00                disk_ioctl
 .text          0x00000000c0001d1f     0x3d4b fs/fat/ff.32
                0x00000000c0003abb                f_mount
                0x00000000c0003b1d                f_open
                0x00000000c0003de8                f_read
                0x00000000c0003fe7                f_write
                0x00000000c000421b                f_sync
                0x00000000c00042d0                f_close
                0x00000000c00042ff                f_lseek
                0x00000000c00044a6                f_opendir
                0x00000000c0004571                f_closedir
                0x00000000c0004593                f_readdir
                0x00000000c0004625                f_stat
                0x00000000c00046a4                f_getfree
                0x00000000c00047a6                f_truncate
                0x00000000c000488a                f_unlink
                0x00000000c00049ac                f_mkdir
                0x00000000c0004b47                f_rename
                0x00000000c0004cfd                f_chmod
                0x00000000c0004da6                f_utime
                0x00000000c0004e54                f_getlabel
                0x00000000c0004fa5                f_setlabel
                0x00000000c0005135                f_expand
                0x00000000c0005295                f_mkfs
 *fill*         0x00000000c0005a6a        0x2 
 .text          0x00000000c0005a6c       0x2f fs/fat/ffsystem.32
                0x00000000c0005a6c                ff_memalloc
                0x00000000c0005a84                ff_memfree
 *fill*         0x00000000c0005a9b        0x1 
 .text          0x00000000c0005a9c      0x2a8 fs/fat/ffunicode.32
                0x00000000c0005a9c                ff_uni2oem
                0x00000000c0005b3c                ff_oem2uni
                0x00000000c0005bb4                ff_wtoupper
 .text          0x00000000c0005d44      0xc76 fs/iso9660/iso9660.32
                0x00000000c0005f63                isoReadDiscSector
                0x00000000c0005ffe                strnicmp
                0x00000000c00062b1                stricmp
                0x00000000c00062fd                iso_open
                0x00000000c0006387                iso_close
                0x00000000c00063a5                iso_read
                0x00000000c00064bb                iso_seek
                0x00000000c000653f                iso_tell
                0x00000000c0006570                iso_total
                0x00000000c000659b                fn_postprocess
                0x00000000c00065c1                iso_readdir
                0x00000000c00067b2                iso_reset
                0x00000000c00067bf                init_percd
                0x00000000c00068b9                iso_ioctl
                0x00000000c00068c1                fs_iso9660_init
                0x00000000c000694a                fs_iso9660_shutdown
 .text          0x00000000c00069ba      0x685 core/computer.32
                0x00000000c00069ba                Computer::close(int, int, void*)
                0x00000000c00069ff                Krnl::firstTask()
                0x00000000c0006b32                Computer::Computer()
                0x00000000c0006b32                Computer::Computer()
                0x00000000c0006be4                Computer::setBootMessage(char const*)
                0x00000000c0006be6                Computer::detectFeatures()
                0x00000000c0006df0                Computer::displayFeatures()
                0x00000000c0006df2                Computer::rdmsr(unsigned int)
                0x00000000c0006e1e                Computer::wrmsr(unsigned int, unsigned long long)
                0x00000000c0006e56                Computer::shutdown()
                0x00000000c0006e6e                Computer::restart()
                0x00000000c0006e86                Computer::sleep()
                0x00000000c0006e9a                Computer::nmiEnabled()
                0x00000000c0006ea6                Computer::readCMOS(unsigned char)
                0x00000000c0006ec0                Computer::enableNMI(bool)
                0x00000000c0006ed8                Computer::open(int, int, void*)
                0x00000000c0006fac                Computer::disableNMI()
                0x00000000c0006fbc                Computer::writeCMOS(unsigned char, unsigned char)
                0x00000000c0006fda                Computer::handleNMI()
 *fill*         0x00000000c000703f        0x1 
 .text          0x00000000c0007040      0x1cf core/gdt.32
                0x00000000c0007040                GDTEntry::setBase(unsigned int)
                0x00000000c000705c                GDTEntry::setLimit(unsigned int)
                0x00000000c000707a                GDT::GDT()
                0x00000000c000707a                GDT::GDT()
                0x00000000c0007090                GDT::addEntry(GDTEntry)
                0x00000000c00070b2                GDT::getNumberOfEntries()
                0x00000000c00070ba                GDT::flush()
                0x00000000c00070dc                GDT::setup()
 .text          0x00000000c000720f       0x1d core/idle.32
                0x00000000c000720f                idleFunction(void*)
 .text          0x00000000c000722c      0x464 core/idt.32
                0x00000000c000722c                IDTEntry::IDTEntry(bool)
                0x00000000c000722c                IDTEntry::IDTEntry(bool)
                0x00000000c000729e                IDTEntry::setOffset(unsigned int)
                0x00000000c00072b4                IDT::IDT()
                0x00000000c00072b4                IDT::IDT()
                0x00000000c00072b6                IDT::getPointerToInvalidOpcodeEntryForF00F()
                0x00000000c00072be                IDT::addEntry(IDTEntry, int)
                0x00000000c00072d8                IDT::addEntry(int, void (*)(), bool)
                0x00000000c0007310                IDT::flush()
                0x00000000c000732a                IDT::setup()
 .text          0x00000000c0007690      0x183 core/kheap.32
                0x00000000c0007690                sbrk
                0x00000000c0007725                mmap
                0x00000000c000773b                munmap
                0x00000000c0007751                liballoc_lock()
                0x00000000c000775e                liballoc_unlock()
                0x00000000c0007772                liballoc_alloc(int)
                0x00000000c000778a                liballoc_free(void*, int)
                0x00000000c00077a5                realloc
                0x00000000c00077b9                malloc
                0x00000000c00077c9                free
                0x00000000c00077d9                rfree
                0x00000000c00077e9                calloc
 .text          0x00000000c0007813       0xc3 core/main.32
                0x00000000c0007813                KeEntryPoint
 .text          0x00000000c00078d6      0x5dc core/physmgr.32
                0x00000000c00078d6                Phys::allocateDMA(unsigned long)
                0x00000000c00079ad                Phys::freeDMA(unsigned long, unsigned long)
                0x00000000c00079e0                Phys::setPageState(unsigned long, bool)
                0x00000000c0007a12                Phys::getPageState(unsigned long)
                0x00000000c0007a33                Phys::freePage(unsigned long)
                0x00000000c0007a95                Phys::allocatePage()
                0x00000000c0007b53                Phys::allocateContiguousPages(int)
                0x00000000c0007baf                Phys::allowSegmentToBeUsed(unsigned long, unsigned long)
                0x00000000c0007be7                Phys::physicalMemorySetup(unsigned int)
 .text          0x00000000c0007eb2      0x273 core/pipe.32
                0x00000000c0007eb2                Pipe::isAtty()
                0x00000000c0007eb6                Pipe::~Pipe()
                0x00000000c0007eb6                Pipe::~Pipe()
                0x00000000c0007eda                Pipe::~Pipe()
                0x00000000c0007f02                Pipe::write(unsigned long long, void*, int*)
                0x00000000c0007fc2                Pipe::read(unsigned long long, void*, int*)
                0x00000000c00080be                Pipe::Pipe(int)
                0x00000000c00080be                Pipe::Pipe(int)
 *fill*         0x00000000c0008125        0x1 
 .text          0x00000000c0008126      0xaa0 core/terminal.32
                0x00000000c0008126                VgaText::isAtty()
                0x00000000c000812a                VgaText::~VgaText()
                0x00000000c000812a                VgaText::~VgaText()
                0x00000000c000814e                VgaText::~VgaText()
                0x00000000c0008178                VgaText::read(unsigned long long, void*, int*)
                0x00000000c0008198                setTerminalScrollLock(bool)
                0x00000000c0008199                doTerminalCycle()
                0x00000000c000819a                addToTerminalCycle(VgaText*)
                0x00000000c000819b                scrollTerminalScrollLock(int)
                0x00000000c000819c                VgaText::updateTitle()
                0x00000000c000819e                VgaText::load()
                0x00000000c00081a0                VgaText::updateCursor()
                0x00000000c00081b6                VgaText::doANSI_SGR(int)
                0x00000000c000822a                VgaText::setDefaultBgColour(VgaColour)
                0x00000000c000823a                VgaText::setDefaultFgColour(VgaColour)
                0x00000000c000824a                VgaText::setDefaultColours(VgaColour, VgaColour)
                0x00000000c000826a                VgaText::setTitleTextColour(VgaColour)
                0x00000000c0008276                VgaText::setTitleColour(VgaColour)
                0x00000000c0008282                VgaText::setTitle(char*)
                0x00000000c0008284                VgaText::combineColours(unsigned char, unsigned char)
                0x00000000c0008296                VgaText::scrollScreen()
                0x00000000c000832e                VgaText::combineCharAndColour(char, unsigned char)
                0x00000000c0008340                VgaText::writeCharacter(char, VgaColour, VgaColour, int, int)
                0x00000000c00083d0                VgaText::getCursorX()
                0x00000000c00083d8                VgaText::getCursorY()
                0x00000000c00083e0                VgaText::setCursor(int, int)
                0x00000000c00083f7                setActiveTerminal(VgaText*)
                0x00000000c0008442                VgaText::clearScreen()
                0x00000000c0008490                VgaText::setCursorX(int)
                0x00000000c00084a8                VgaText::setCursorY(int)
                0x00000000c00084c0                VgaText::incrementCursor(bool)
                0x00000000c0008514                VgaText::decrementCursor(bool)
                0x00000000c0008536                VgaText::putchar(char, VgaColour, VgaColour)
                0x00000000c0008604                VgaText::putchar(char)
                0x00000000c00086f0                VgaText::putx(unsigned int)
                0x00000000c0008736                VgaText::puts(char const*)
                0x00000000c000875c                VgaText::write(unsigned long long, void*, int*)
                0x00000000c00087a8                VgaText::puts(char const*, VgaColour, VgaColour)
                0x00000000c00088fa                VgaText::VgaText(char const*)
                0x00000000c00088fa                VgaText::VgaText(char const*)
                0x00000000c0008a46                VgaText::receiveKey(unsigned char)
                0x00000000c0008ba0                VgaText::doUpdate()
                0x00000000c0008ba1                newTerminal(char*)
 *fill*         0x00000000c0008bc6        0x2 
 .text          0x00000000c0008bc8      0x1a1 core/tss.32
                0x00000000c0008bc8                TSS::TSS()
                0x00000000c0008bc8                TSS::TSS()
                0x00000000c0008bd8                TSS::setESP(unsigned long)
                0x00000000c0008bec                TSS::flush()
                0x00000000c0008c0c                TSS::setup(unsigned long, unsigned long)
 *fill*         0x00000000c0008d69        0x1 
 .text          0x00000000c0008d6a      0x4c2 core/unixfile.32
                0x00000000c0008d6a                ReservedFilename::read(unsigned long long, void*, int*)
                0x00000000c0008dc0                ReservedFilename::isAtty()
                0x00000000c0008ddc                ReservedFilename::write(unsigned long long, void*, int*)
                0x00000000c0008e3a                UnixFile::getFileDescriptor()
                0x00000000c0008e42                UnixFile::UnixFile(int)
                0x00000000c0008e42                UnixFile::UnixFile(int)
                0x00000000c0008ff2                ReservedFilename::ReservedFilename(int)
                0x00000000c0008ff2                ReservedFilename::ReservedFilename(int)
                0x00000000c0009024                UnixFile::~UnixFile()
                0x00000000c0009024                UnixFile::~UnixFile()
                0x00000000c00090bc                UnixFile::~UnixFile()
                0x00000000c00090e4                ReservedFilename::~ReservedFilename()
                0x00000000c00090e4                ReservedFilename::~ReservedFilename()
                0x00000000c0009108                ReservedFilename::~ReservedFilename()
                0x00000000c000912f                getFromFileDescriptor(int)
 .text          0x00000000c000922c     0x11be core/virtmgr.32
                0x00000000c000922c                Virt::setPageState(unsigned long, Virt::VirtPageState)
                0x00000000c0009261                Virt::getPageState(unsigned long)
                0x00000000c0009285                Virt::allocateKernelVirtualPages(int)
                0x00000000c0009396                Virt::freeSwapfilePage(unsigned long)
                0x00000000c00093b4                Virt::swapIDToSector(unsigned long)
                0x00000000c00093c6                Virt::allocateSwapfilePage()
                0x00000000c0009444                Virt::virtualMemorySetup()
                0x00000000c000948f                Virt::setupPageSwapping(int)
                0x00000000c0009500                VAS::VAS()
                0x00000000c0009500                VAS::VAS()
                0x00000000c000953c                VAS::VAS(VAS*)
                0x00000000c000953c                VAS::VAS(VAS*)
                0x00000000c000956a                VAS::getForeignPageTableEntry(bool, unsigned long)
                0x00000000c0009596                VAS::getPageTableEntry(unsigned long)
                0x00000000c00095b5                Virt::freeKernelVirtualPages(unsigned long)
                0x00000000c00096da                VAS::freeAllocatedPages(unsigned long)
                0x00000000c00096fe                VAS::virtualToPhysical(unsigned long)
                0x00000000c0009718                VAS::reflagRange(unsigned long, int, int, int)
                0x00000000c000976e                VAS::setToWriteCombining(unsigned long, int)
                0x00000000c00097a6                VAS::mapOtherVASIn(bool, VAS*)
                0x00000000c00097d0                VAS::~VAS()
                0x00000000c00097d0                VAS::~VAS()
                0x00000000c0009934                VAS::mapPage(unsigned long, unsigned long, int)
                0x00000000c0009a38                VAS::allocatePages(int, int)
                0x00000000c0009c10                VAS::setCPUSpecific(unsigned long)
                0x00000000c0009c2e                VAS::mapRange(unsigned long, unsigned long, int, int)
                0x00000000c0009cf4                VAS::mapForeignPage(bool, VAS*, unsigned long, unsigned long, int)
                0x00000000c0009de2                VAS::VAS(bool)
                0x00000000c0009de2                VAS::VAS(bool)
                0x00000000c000a062                VAS::evict(unsigned long)
                0x00000000c000a124                VAS::tryLoadBackOffDisk(unsigned long)
                0x00000000c000a212                VAS::scanForEviction()
                0x00000000c000a2f2                mapVASFirstTime
 .text          0x00000000c000a3ea       0x5f coreobjs/c++.32
                0x00000000c000a3ea                __cxa_atexit
                0x00000000c000a3ed                __cxa_finalize
                0x00000000c000a3ee                __stack_chk_fail
                0x00000000c000a424                __cxa_pure_virtual
                0x00000000c000a435                operator new[](unsigned long)
                0x00000000c000a43a                operator delete(void*, unsigned long)
                0x00000000c000a43f                operator delete[](void*)
                0x00000000c000a444                operator delete[](void*, unsigned long)
 .text          0x00000000c000a449      0x21c dbg/kconsole.32
                0x00000000c000a449                Dbg::stringifyxWithBase(unsigned int, char*, int)
                0x00000000c000a4b4                Dbg::logc(char)
                0x00000000c000a4d4                Dbg::logs(char*)
                0x00000000c000a4f1                Dbg::logWriteInt(unsigned int)
                0x00000000c000a50f                Dbg::logWriteIntBase(unsigned int, int)
                0x00000000c000a530                Dbg::kprintf(char const*, ...)
 *fill*         0x00000000c000a665        0x1 
 .text          0x00000000c000a666      0xc5c fs/vfs.32
                0x00000000c000a666                File::read(unsigned long long, void*, int*)
                0x00000000c000a6be                File::write(unsigned long long, void*, int*)
                0x00000000c000a716                Directory::read(unsigned long long, void*, int*)
                0x00000000c000a76e                Directory::write(unsigned long long, void*, int*)
                0x00000000c000a79c                File::isAtty()
                0x00000000c000a7a0                Directory::isAtty()
                0x00000000c000a7a4                Filesystem::getlabel(LogicalDisk*, int, char*, unsigned int*)
                0x00000000c000a7aa                Filesystem::setlabel(LogicalDisk*, int, char*)
                0x00000000c000a7b0                Filesystem::allocateSwapfile(char const*, int)
                0x00000000c000a7b6                File::~File()
                0x00000000c000a7b6                File::~File()
                0x00000000c000a7da                File::~File()
                0x00000000c000a804                Directory::~Directory()
                0x00000000c000a804                Directory::~Directory()
                0x00000000c000a828                Directory::~Directory()
                0x00000000c000a852                Filesystem::Filesystem()
                0x00000000c000a852                Filesystem::Filesystem()
                0x00000000c000a876                Filesystem::~Filesystem()
                0x00000000c000a876                Filesystem::~Filesystem()
                0x00000000c000a884                Filesystem::~Filesystem()
                0x00000000c000a8a8                Fs::getcwd(Process*, char*, int)
                0x00000000c000a8d2                Fs::initVFS()
                0x00000000c000a8fc                Fs::standardiseFiles(char*, char const*, char const*)
                0x00000000c000aaa6                File::File(char const*, Process*)
                0x00000000c000aaa6                File::File(char const*, Process*)
                0x00000000c000ab66                File::open(FileOpenMode)
                0x00000000c000abc4                File::close()
                0x00000000c000ac24                File::seek(unsigned long long)
                0x00000000c000ac7a                File::tell(unsigned long long*)
                0x00000000c000acca                File::rewind()
                0x00000000c000acde                File::unlink()
                0x00000000c000ad2a                File::rename(char const*)
                0x00000000c000ad78                File::chfatattr(unsigned char, unsigned char)
                0x00000000c000add4                File::exists()
                0x00000000c000ae12                File::stat(unsigned long long*, bool*)
                0x00000000c000ae73                Fs::setcwd(Process*, char*)
                0x00000000c000afd0                Directory::Directory(char const*, Process*)
                0x00000000c000afd0                Directory::Directory(char const*, Process*)
                0x00000000c000b090                Directory::open()
                0x00000000c000b0ec                Directory::close()
                0x00000000c000b14c                Directory::unlink()
                0x00000000c000b198                Directory::rename(char const*)
                0x00000000c000b1e6                Directory::exists()
                0x00000000c000b224                Directory::read(dirent*)
                0x00000000c000b270                Directory::create()
                0x00000000c000b2bc                Filesystem::chfatattr(char const*, unsigned char, unsigned char)
 *fill*         0x00000000c000b2c2        0x2 
 .text          0x00000000c000b2c4       0x86 hal/bus.32
                0x00000000c000b2c4                Bus::Bus(char const*)
                0x00000000c000b2c4                Bus::Bus(char const*)
                0x00000000c000b2fc                Bus::~Bus()
                0x00000000c000b2fc                Bus::~Bus()
                0x00000000c000b320                Bus::~Bus()
 .text          0x00000000c000b34a       0x96 hal/buzzer.32
                0x00000000c000b34a                beepThread(void*)
                0x00000000c000b387                Krnl::beep(int, int, bool)
 .text          0x00000000c000b3e0      0x46d hal/clock.32
                0x00000000c000b3e0                User::loadClockSettings(int)
                0x00000000c000b432                Clock::Clock(char const*)
                0x00000000c000b432                Clock::Clock(char const*)
                0x00000000c000b468                Clock::~Clock()
                0x00000000c000b468                Clock::~Clock()
                0x00000000c000b48c                Clock::~Clock()
                0x00000000c000b4b6                Clock::timeInSecondsLocal()
                0x00000000c000b4fe                Clock::setTimeInSecondsLocal(unsigned long long)
                0x00000000c000b557                datetimeToSeconds(datetime_t)
                0x00000000c000b684                Clock::setTimeInDatetimeLocal(datetime_t)
                0x00000000c000b6e4                secondsToDatetime(unsigned long long)
                0x00000000c000b828                Clock::timeInDatetimeLocal()
 *fill*         0x00000000c000b84d        0x1 
 .text          0x00000000c000b84e      0x464 hal/device.32
                0x00000000c000b84e                Device::hibernate()
                0x00000000c000b850                Device::wake()
                0x00000000c000b852                Device::detect()
                0x00000000c000b854                Device::disableLegacy()
                0x00000000c000b856                Device::powerSaving(PowerSavingLevel)
                0x00000000c000b858                DriverlessDevice::close(int, int, void*)
                0x00000000c000b85c                DriverlessDevice::detect()
                0x00000000c000b85e                DriverlessDevice::open(int, int, void*)
                0x00000000c000b872                Device::~Device()
                0x00000000c000b872                Device::~Device()
                0x00000000c000b880                Device::~Device()
                0x00000000c000b8a8                Device::findAndLoadDriver()
                0x00000000c000b8b6                Device::preOpenPCI(PCIDeviceInfo)
                0x00000000c000b8dc                Device::preOpenACPI(void*, char*, char*)
                0x00000000c000b91c                Device::addIRQHandler(int, void (*)(regs*, void*), bool, void*)
                0x00000000c000b946                Device::getParent()
                0x00000000c000b952                Device::removeIRQHandler(int, void (*)(regs*, void*), bool)
                0x00000000c000b970                Device::addChild(Device*)
                0x00000000c000b9b4                Device::removeAllChildren()
                0x00000000c000b9fa                Device::hibernateAll()
                0x00000000c000ba2a                Device::wakeAll()
                0x00000000c000ba5a                Device::detectAll()
                0x00000000c000ba8a                Device::disableLegacyAll()
                0x00000000c000ba8c                Device::loadDriversForAll()
                0x00000000c000ba8e                Device::closeAll()
                0x00000000c000bac4                Device::powerSavingAll(PowerSavingLevel)
                0x00000000c000bafa                Device::setName(char const*)
                0x00000000c000bb08                Device::Device(char const*)
                0x00000000c000bb08                Device::Device(char const*)
                0x00000000c000bc04                Device::getName()
                0x00000000c000bc0e                DriverlessDevice::DriverlessDevice(char const*)
                0x00000000c000bc0e                DriverlessDevice::DriverlessDevice(char const*)
                0x00000000c000bc44                Device::addToLinkedList(LinkedList<Device>&, DeviceType)
                0x00000000c000bc88                getDevicesOfType(DeviceType)
 *fill*         0x00000000c000bcb2        0x2 
 .text          0x00000000c000bcb4       0x86 hal/diskctrl.32
                0x00000000c000bcb4                HardDiskController::HardDiskController(char const*)
                0x00000000c000bcb4                HardDiskController::HardDiskController(char const*)
                0x00000000c000bcec                HardDiskController::~HardDiskController()
                0x00000000c000bcec                HardDiskController::~HardDiskController()
                0x00000000c000bd10                HardDiskController::~HardDiskController()
 .text          0x00000000c000bd3a       0xe2 hal/diskphys.32
                0x00000000c000bd3a                PhysicalDisk::eject()
                0x00000000c000bd3e                PhysicalDisk::PhysicalDisk(char const*, int)
                0x00000000c000bd3e                PhysicalDisk::PhysicalDisk(char const*, int)
                0x00000000c000bda6                PhysicalDisk::startCache()
                0x00000000c000bdce                PhysicalDisk::~PhysicalDisk()
                0x00000000c000bdce                PhysicalDisk::~PhysicalDisk()
                0x00000000c000bdf2                PhysicalDisk::~PhysicalDisk()
 .text          0x00000000c000be1c        0x0 hal/fpu.32
 .text          0x00000000c000be1c      0x35d hal/intctrl.32
                0x00000000c000be1c                int_handler
                0x00000000c000bea4                installISRHandler(int, void (*)(regs*, void*), void*)
                0x00000000c000beec                installIRQHandler(int, void (*)(regs*, void*), bool, void*)
                0x00000000c000c024                uninstallISRHandler(int, void (*)(regs*, void*))
                0x00000000c000c058                uninstallIRQHandler(int, void (*)(regs*, void*), bool)
                0x00000000c000c0d7                setupINTS()
                0x00000000c000c134                convertLegacyIRQNumber(int)
 *fill*         0x00000000c000c179        0x1 
 .text          0x00000000c000c17a      0x7cc hal/keybrd.32
                0x00000000c000c17a                startGUI(void*)
                0x00000000c000c1e6                startGUIVESA(void*)
                0x00000000c000c252                sendKeyToTerminal(unsigned char)
                0x00000000c000c31b                sendKeyboardToken(KeyboardToken)
                0x00000000c000c75b                clearInternalKeybuffer(VgaText*)
                0x00000000c000c790                readKeyboard(VgaText*, char*, unsigned long)
                0x00000000c000c8bc                Keyboard::Keyboard(char const*)
                0x00000000c000c8bc                Keyboard::Keyboard(char const*)
                0x00000000c000c8f8                Keyboard::~Keyboard()
                0x00000000c000c8f8                Keyboard::~Keyboard()
                0x00000000c000c91c                Keyboard::~Keyboard()
 .text          0x00000000c000c946      0x3ea hal/logidisk.32
                0x00000000c000c946                LogicalDisk::close(int, int, void*)
                0x00000000c000c94a                LogicalDisk::~LogicalDisk()
                0x00000000c000c94a                LogicalDisk::~LogicalDisk()
                0x00000000c000c96e                LogicalDisk::~LogicalDisk()
                0x00000000c000c998                LogicalDisk::open(int, int, void*)
                0x00000000c000c9ac                LogicalDisk::absoluteToRelative(unsigned long long)
                0x00000000c000c9e4                LogicalDisk::relativeToAbsolute(unsigned long long)
                0x00000000c000ca2a                LogicalDisk::LogicalDisk(char const*, PhysicalDisk*, unsigned long long, unsigned long long)
                0x00000000c000ca2a                LogicalDisk::LogicalDisk(char const*, PhysicalDisk*, unsigned long long, unsigned long long)
                0x00000000c000cae0                LogicalDisk::assignDriveLetter()
                0x00000000c000cb96                LogicalDisk::mount()
                0x00000000c000cbde                LogicalDisk::unmount()
                0x00000000c000cbee                LogicalDisk::eject()
                0x00000000c000cc02                LogicalDisk::unassignDriveLetter()
                0x00000000c000cc58                LogicalDisk::read(unsigned long long, int, void*)
                0x00000000c000ccc4                LogicalDisk::write(unsigned long long, int, void*)
 .text          0x00000000c000cd30       0x86 hal/mouse.32
                0x00000000c000cd30                Mouse::Mouse(char const*)
                0x00000000c000cd30                Mouse::Mouse(char const*)
                0x00000000c000cd68                Mouse::~Mouse()
                0x00000000c000cd68                Mouse::~Mouse()
                0x00000000c000cd8c                Mouse::~Mouse()
 .text          0x00000000c000cdb6      0x339 hal/partition.32
                0x00000000c000cdb6                makePartition(PhysicalDisk*, unsigned long long, unsigned long long)
                0x00000000c000ce5e                createPartitionsForDisk(PhysicalDisk*)
 *fill*         0x00000000c000d0ef        0x1 
 .text          0x00000000c000d0f0       0x86 hal/serial.32
                0x00000000c000d0f0                Serial::Serial(char const*)
                0x00000000c000d0f0                Serial::Serial(char const*)
                0x00000000c000d128                Serial::~Serial()
                0x00000000c000d128                Serial::~Serial()
                0x00000000c000d14c                Serial::~Serial()
 *fill*         0x00000000c000d176        0x2 
 .text          0x00000000c000d178      0x234 hal/timer.32
                0x00000000c000d178                Timer::Timer(char const*)
                0x00000000c000d178                Timer::Timer(char const*)
                0x00000000c000d1b0                Timer::~Timer()
                0x00000000c000d1b0                Timer::~Timer()
                0x00000000c000d1d4                Timer::~Timer()
                0x00000000c000d1fe                Timer::read()
                0x00000000c000d209                setupTimer(int)
                0x00000000c000d244                timerHandler(unsigned int)
 .text          0x00000000c000d3ac      0x3ce hal/vcache.32
                0x00000000c000d3ac                VCache::VCache(PhysicalDisk*)
                0x00000000c000d3ac                VCache::VCache(PhysicalDisk*)
                0x00000000c000d514                VCache::invalidateReadBuffer()
                0x00000000c000d524                VCache::writeWriteBuffer()
                0x00000000c000d570                VCache::~VCache()
                0x00000000c000d570                VCache::~VCache()
                0x00000000c000d5c4                VCache::~VCache()
                0x00000000c000d5ec                VCache::write(unsigned long long, int, void*)
                0x00000000c000d702                VCache::read(unsigned long long, int, void*)
 .text          0x00000000c000d77a      0x4b3 hal/video.32
                0x00000000c000d77a                Video::putrect(int, int, int, int, unsigned int)
                0x00000000c000d7c6                Video::bitblit(int, int, int, int, int, int, int, unsigned int*)
                0x00000000c000d836                Video::blit(unsigned int*, int, int, int, int)
                0x00000000c000d8b4                Video::clearScreen(unsigned int)
                0x00000000c000d8e8                Video::putpixel(int, int, unsigned int)
                0x00000000c000d8f6                Video::Video(char const*)
                0x00000000c000d8f6                Video::Video(char const*)
                0x00000000c000d92c                Video::~Video()
                0x00000000c000d92c                Video::~Video()
                0x00000000c000d950                Video::~Video()
                0x00000000c000d97a                Video::isMonochrome()
                0x00000000c000d986                Video::getWidth()
                0x00000000c000d992                Video::getHeight()
                0x00000000c000d99e                Video::drawCursor(int, int, unsigned char*, int)
                0x00000000c000da5a                Video::tgaParse(unsigned char*, int, int*, int*)
                0x00000000c000dbc2                Video::putTGA(int, int, unsigned char*, int)
 *fill*         0x00000000c000dc2d        0x3 
 .text          0x00000000c000dc30     0x1307 hw/acpi.32
                0x00000000c000dc30                ACPI::close(int, int, void*)
                0x00000000c000dce8                findRSDP()
                0x00000000c000dd78                loadACPITables(unsigned char*)
                0x00000000c000dfdc                findRSDT(unsigned char*)
                0x00000000c000e12c                findDataTable(unsigned char*, char*)
                0x00000000c000e1a4                scanMADT()
                0x00000000c000e678                ACPI::ACPI()
                0x00000000c000e678                ACPI::ACPI()
                0x00000000c000e6cc                ACPI::getPCIIRQAssignment(unsigned char, unsigned short, unsigned char)
                0x00000000c000e7b4                ACPI::registerPCIIRQAssignment(void*, unsigned short, unsigned char, unsigned char)
                0x00000000c000e87c                ACPI::setScreenBrightnessLevel(void*, int)
                0x00000000c000e884                ACPI::detectPCI()
                0x00000000c000ea8c                ACPI::writeSimpleBootFlag(SimpleBootFlagTable*)
                0x00000000c000eae0                ACPI::sleep()
                0x00000000c000eafc                ACPI::open(int, int, void*)
 *fill*         0x00000000c000ef37        0x1 
 .text          0x00000000c000ef38      0xb95 hw/cpu.32
                0x00000000c000ef38                CPU::close(int, int, void*)
                0x00000000c000ef3c                CPU::AMD_K6_write_msr(unsigned int, unsigned int, unsigned int, CPU::REGS*)
                0x00000000c000ef58                CPU::AMD_K6_read_msr(unsigned int, CPU::REGS*)
                0x00000000c000ef70                CPU::AMD_K6_writeback(int, int, int)
                0x00000000c000efe4                CPU::cpuid(int, unsigned long*, unsigned long*, unsigned long*, unsigned long*)
                0x00000000c000f068                CPU::cpuidCheckEDX(unsigned int)
                0x00000000c000f096                CPU::cpuidCheckECX(unsigned int)
                0x00000000c000f0c4                CPU::cpuidCheckExtendedEBX(unsigned int)
                0x00000000c000f0f2                CPU::cpuidCheckExtendedECX(unsigned int)
                0x00000000c000f120                CPU::CPU()
                0x00000000c000f120                CPU::CPU()
                0x00000000c000f1ae                CPU::displayFeatures()
                0x00000000c000f1b0                CPU::detectFeatures()
                0x00000000c000f874                CPU::setupSMEP()
                0x00000000c000f880                CPU::setupUMIP()
                0x00000000c000f88a                CPU::setupTSC()
                0x00000000c000f894                CPU::setupLargePages()
                0x00000000c000f89e                CPU::setupPAT()
                0x00000000c000f8da                CPU::setupMTRR()
                0x00000000c000f8dc                CPU::setupGlobalPages()
                0x00000000c000f8e6                CPU::allowUsermodeDataAccess()
                0x00000000c000f8f8                CPU::prohibitUsermodeDataAccess()
                0x00000000c000f90a                CPU::setupSMAP()
                0x00000000c000f918                CPU::setupFeatures()
                0x00000000c000f9e4                CPU::open(int, int, void*)
 .text          0x00000000c000facd       0xd1 krnl/bootmsg.32
                0x00000000c000facd                KeDisplaySplashScreen()
                0x00000000c000fb3b                KeSetBootMessage(char const*)
 .text          0x00000000c000fb9e      0x581 krnl/env.32
                0x00000000c000fb9e                EnvVarContainer::getEnv(char const*)
                0x00000000c000fbdc                EnvVarContainer::setEnv(char const*, char const*)
                0x00000000c000fc9e                EnvVarContainer::deleteEnv(char const*)
                0x00000000c000fca0                EnvVarContainer::loadFrom(char const*, char const*)
                0x00000000c000fe86                EnvVarContainer::__loadSystem()
                0x00000000c000fea0                EnvVarContainer::__loadUser()
                0x00000000c000fea2                EnvVarContainer::EnvVarContainer(Process*)
                0x00000000c000fea2                EnvVarContainer::EnvVarContainer(Process*)
                0x00000000c000fec4                EnvVarContainer::~EnvVarContainer()
                0x00000000c000fec4                EnvVarContainer::~EnvVarContainer()
                0x00000000c000fef4                Krnl::getEnv(Process*, char const*)
                0x00000000c000ff59                Krnl::setEnvSystem(char const*, char const*)
                0x00000000c000ff73                Krnl::setEnvUser(char const*, char const*)
                0x00000000c000ff92                Krnl::setEnvProcess(Process*, char const*, char const*)
                0x00000000c000ffa5                Krnl::deleteEnvSystem(char const*)
                0x00000000c000ffa6                Krnl::deleteEnvUser(char const*)
                0x00000000c000ffa7                Krnl::deleteEnvProcess(Process*, char const*)
                0x00000000c000ffa8                Krnl::newProcessEnv(Process*)
                0x00000000c000ffca                Krnl::copyProcessEnv(Process*, Process*)
                0x00000000c0010016                Krnl::loadSystemEnv()
                0x00000000c0010044                Krnl::loadUserEnv()
                0x00000000c001006a                Krnl::flushEnv()
                0x00000000c001006b                Krnl::getProcessTotalEnvCount(Process*)
                0x00000000c001008b                Krnl::getProcessEnvPair(Process*, int)
 .text          0x00000000c001011f       0x94 krnl/inlines.32
                0x00000000c001011f                CPU::current()
                0x00000000c001012b                operator new(unsigned long)
                0x00000000c0010130                operator delete(void*)
                0x00000000c0010135                disableIRQs()
                0x00000000c0010137                enableIRQs()
                0x00000000c0010139                lockScheduler()
                0x00000000c0010141                unlockScheduler()
                0x00000000c0010150                lockStuff()
                0x00000000c001015e                unlockStuff()
                0x00000000c0010198                Virt::getAKernelVAS()
                0x00000000c001019e                __not_memcpy
 .text          0x00000000c00101b3        0xc krnl/panic.32
                0x00000000c00101b3                KePanic(char const*)
 .text          0x00000000c00101bf      0x142 krnl/powctrl.32
                0x00000000c00101bf                Krnl::powerThread(void*)
                0x00000000c00101ed                Krnl::changePowerSettings(Krnl::PowerSettings)
                0x00000000c0010203                Krnl::userIOReceived()
                0x00000000c001020e                Krnl::handlePowerButton()
                0x00000000c0010243                Krnl::handleSleepButton()
                0x00000000c0010278                Krnl::setupPowerManager()
 *fill*         0x00000000c0010301        0x3 
 .text          0x00000000c0010304      0x190 krnl/resolve.32
                0x00000000c0010304                KeResolveCompatibilitySymbol(char*)
 .text          0x00000000c0010494      0x2c3 krnl/signal.32
                0x00000000c0010494                KiSigKill(int)
                0x00000000c00104c0                KiDefaultSignalHandlerIgnore(int)
                0x00000000c00104c1                KiDefaultSignalHandlerPause(int)
                0x00000000c00104ed                KiDefaultSignalHandlerResume(int)
                0x00000000c0010519                KeDeinitSignals(SigHandlerBlock*)
                0x00000000c001051e                KeInitSignals()
                0x00000000c0010569                KeRegisterSignalHandler(SigHandlerBlock*, int, void (*)(int), unsigned int, int)
                0x00000000c001059f                KeRaiseSignal(SigHandlerBlock*, int)
                0x00000000c001061c                KeCheckSignal(SigHandlerBlock*)
                0x00000000c0010707                KiCheckSignalZ
                0x00000000c001071c                KeCompleteSignal(SigHandlerBlock*, int)
 .text          0x00000000c0010757      0xcfe krnl/syscalls.32
                0x00000000c0010757                SysSeekDir(regs*)
                0x00000000c001075c                SysTellDir(regs*)
                0x00000000c0010761                SysVerify(regs*)
                0x00000000c001076b                SysGetArgc(regs*)
                0x00000000c001077b                SysTTYName(regs*)
                0x00000000c0010783                SysFormatDisk(regs*)
                0x00000000c00107f0                SysSetDiskVolumeLabel(regs*)
                0x00000000c001083a                SysGetDiskVolumeLabel(regs*)
                0x00000000c001088f                SysShutdown(regs*)
                0x00000000c00108ed                SysRealpath(regs*)
                0x00000000c0010930                SysReadDir(regs*)
                0x00000000c00109b0                SysIsATTY(regs*)
                0x00000000c0010a0c                SysSeek(regs*)
                0x00000000c0010a65                SysTell(regs*)
                0x00000000c0010ad4                SysSize(regs*)
                0x00000000c0010b49                SysSizeFromFilename(regs*)
                0x00000000c0010bfc                SysClose(regs*)
                0x00000000c0010c5c                SysOpenDir(regs*)
                0x00000000c0010d6d                SysCloseDir(regs*)
                0x00000000c0010dc1                SysMakeDir(regs*)
                0x00000000c0010e33                SysWait(regs*)
                0x00000000c0010e50                SysNotImpl(regs*)
                0x00000000c0010e6b                SysPanic(regs*)
                0x00000000c0010e86                SysRmdir(regs*)
                0x00000000c0010eed                SysUnlink(regs*)
                0x00000000c0010f54                SysGetArgv(regs*)
                0x00000000c0010fa1                SysUSleep(regs*)
                0x00000000c0010fca                SysSpawn(regs*)
                0x00000000c0011033                SysGetEnv(regs*)
                0x00000000c00110e2                SysSetFatAttrib(regs*)
                0x00000000c0011159                SysPipe(regs*)
                0x00000000c001119e                SysGetUnixTime(regs*)
                0x00000000c00111b2                string_ends_with(char const*, char const*)
                0x00000000c00111fc                SysOpen(regs*)
                0x00000000c0011403                KeSystemCall(regs*, void*)
 .text          0x00000000c0011455      0x50e reg/registry.32
                0x00000000c0011455                Reg::findLineFromLoadedData(char*, char*, char*)
                0x00000000c00115ad                Reg::getLineFromRegistry(char*, char*, char*, char*)
                0x00000000c0011702                Reg::getLine(char*, char*, char*)
                0x00000000c0011739                Reg::readInt(char*, char*, int*)
                0x00000000c0011824                Reg::readString(char*, char*, char*, int)
                0x00000000c00118a5                Reg::readBool(char*, char*, bool*)
                0x00000000c00118ca                Reg::readBoolWithDefault(char*, char*, bool)
                0x00000000c00118f6                Reg::readIntWithDefault(char*, char*, int)
                0x00000000c0011922                Reg::readStringWithDefault(char*, char*, char*, int, char*)
 .text          0x00000000c0011963       0x36 sys/eject.32
                0x00000000c0011963                SysEject(regs*)
 .text          0x00000000c0011999       0x18 sys/exit.32
                0x00000000c0011999                SysExit(regs*)
 .text          0x00000000c00119b1       0x1f sys/getcwd.32
                0x00000000c00119b1                SysGetCwd(regs*)
 .text          0x00000000c00119d0        0xc sys/getpid.32
                0x00000000c00119d0                SysGetPID(regs*)
 .text          0x00000000c00119dc       0x1a sys/getramdata.32
                0x00000000c00119dc                SysGetRAMData(regs*)
 .text          0x00000000c00119f6       0x82 sys/getvgaptr.32
                0x00000000c00119f6                SysGetVGAPtr(regs*)
 .text          0x00000000c0011a78       0xa8 sys/loaddll.32
                0x00000000c0011a78                SysLoadDLL(regs*)
 .text          0x00000000c0011b20       0x68 sys/read.32
                0x00000000c0011b20                SysRead(regs*)
 .text          0x00000000c0011b88       0x29 sys/registersignal.32
                0x00000000c0011b88                SysRegisterSignal(regs*)
 .text          0x00000000c0011bb1       0x67 sys/sbrk.32
                0x00000000c0011bb1                SysSbrk(regs*)
 .text          0x00000000c0011c18       0x1c sys/setcwd.32
                0x00000000c0011c18                SysSetCwd(regs*)
 .text          0x00000000c0011c34       0x95 sys/settime.32
                0x00000000c0011c34                SysSetTime(regs*)
 .text          0x00000000c0011cc9       0x4a sys/timezone.32
                0x00000000c0011cc9                SysTimezone(regs*)
 .text          0x00000000c0011d13       0x68 sys/write.32
                0x00000000c0011d13                SysWrite(regs*)
 .text          0x00000000c0011d7b       0x62 sys/wsbe.32
                0x00000000c0011d7b                SysWsbe(regs*)
 .text          0x00000000c0011ddd       0x25 sys/yield.32
                0x00000000c0011ddd                SysYield(regs*)
 .text          0x00000000c0011e02     0x11e5 thr/elf.32
                0x00000000c0011e02                Thr::allocateMemoryForTask(Process*, File*, unsigned long, unsigned long, unsigned long)
                0x00000000c001208e                Thr::loadProgramIntoMemory(Process*, char const*)
                0x00000000c00122a4                Thr::runtimeReferenceHelper()
                0x00000000c00122b7                Thr::getAddressOfKernelSymbol(char const*)
                0x00000000c0012306                Thr::loadKernelSymbolTable(char const*)
                0x00000000c00125c4                Thr::loadDriverIntoMemory(char const*, unsigned long, bool)
                0x00000000c0012cfa                Thr::getDriverBaseFromAddress(unsigned long)
                0x00000000c0012d2c                Thr::getDriverNameFromAddress(unsigned long)
                0x00000000c0012d63                Thr::getDriverOffsetFromAddress(unsigned long)
                0x00000000c0012d7d                Thr::loadDLL(char const*, bool)
                0x00000000c0012fae                Thr::executeDLL(unsigned long, void*)
 *fill*         0x00000000c0012fe7        0x1 
 .text          0x00000000c0012fe8     0x12fd thr/prcssthr.32
                0x00000000c0012fe8                userModeEntryPoint(void*)
                0x00000000c0013010                changeTSS
                0x00000000c0013040                switchToThread(ThreadControlBlock*)
                0x00000000c00130f4                Process::addArgs(char**)
                0x00000000c0013154                Process::Process(char const*, Process*, char**)
                0x00000000c0013154                Process::Process(char const*, Process*, char**)
                0x00000000c0013360                Process::Process(bool, char const*, Process*, char**)
                0x00000000c0013360                Process::Process(bool, char const*, Process*, char**)
                0x00000000c0013538                taskStartupFunction
                0x00000000c0013544                Semaphore::Semaphore(int)
                0x00000000c0013544                Semaphore::Semaphore(int)
                0x00000000c0013574                Mutex::Mutex()
                0x00000000c0013574                Mutex::Mutex()
                0x00000000c0013588                Process::createThread(void (*)(void*), void*, int)
                0x00000000c0013680                Process::createUserThread()
                0x00000000c00136a0                setupMultitasking(void (*)())
                0x00000000c00137a8                schedule()
                0x00000000c0013838                Semaphore::tryAcquire()
                0x00000000c0013904                Semaphore::assertLocked(char const*)
                0x00000000c001397c                blockTaskWithSchedulerLockAlreadyHeld(TaskState)
                0x00000000c00139a4                blockTask(TaskState)
                0x00000000c00139d4                waitTask(int, int*, int)
                0x00000000c0013a18                milliTenthSleepUntil(unsigned int)
                0x00000000c0013aa8                milliTenthSleep(unsigned int)
                0x00000000c0013ab8                sleep(unsigned int)
                0x00000000c0013ad4                Semaphore::acquire()
                0x00000000c0013b90                taskReturned
                0x00000000c0013bcc                Thr::processFromPID(int)
                0x00000000c0013c6c                unblockTask(ThreadControlBlock*)
                0x00000000c0013d10                cleanupTerminatedTask(ThreadControlBlock*)
                0x00000000c0013fdc                cleanerTaskFunction(void*)
                0x00000000c00140cc                terminateTask(int)
                0x00000000c0014198                Thr::terminateFromIRQ(int)
                0x00000000c00141a8                Semaphore::release()
 .text          0x00000000c00142e5      0xb93 vm86/vm8086.32
                0x00000000c00142e5                Vm::inbv(unsigned short)
                0x00000000c00142f8                Vm::outbv(unsigned short, unsigned char)
                0x00000000c001432e                Vm::realToLinear(unsigned short, unsigned short)
                0x00000000c001433e                Vm::getSegment(unsigned int)
                0x00000000c0014346                Vm::getOffset(unsigned int)
                0x00000000c001434b                Vm::mainloop2()
                0x00000000c0014385                Vm::mainVm8086Loop(void*)
                0x00000000c0014395                Vm::mainloop3(unsigned long)
                0x00000000c00143bb                Vm::initialise8086()
                0x00000000c00143fe                Vm::finish8086()
                0x00000000c001445f                Vm::getOutput8086(unsigned char*)
                0x00000000c0014484                Vm::start8086FromBuffer(unsigned char*, int, unsigned short, unsigned short, unsigned short, unsigned short)
                0x00000000c001453d                Vm::start8086(char const*, unsigned short, unsigned short, unsigned short, unsigned short)
                0x00000000c00146a5                Vm::doISR(regs*, int, unsigned char*, unsigned short, unsigned short)
                0x00000000c001472f                Vm::readByteFromReal(unsigned short, unsigned short)
                0x00000000c0014740                Vm::readWordFromReal(unsigned short, unsigned short)
                0x00000000c0014752                Vm::readDwordFromReal(unsigned short, unsigned short)
                0x00000000c0014763                Vm::writeByteFromReal(unsigned short, unsigned short, unsigned char)
                0x00000000c0014778                Vm::writeWordFromReal(unsigned short, unsigned short, unsigned short)
                0x00000000c001478e                Vm::writeDwordFromReal(unsigned short, unsigned short, unsigned int)
                0x00000000c00147a3                Vm::faultHandler(regs*)
 .text          0x00000000c0014e78      0xa53 arch/i386/hal.32
                0x00000000c0014e78                noCopro(unsigned long)
                0x00000000c0014e79                nmiHandler(regs*, void*)
                0x00000000c0014e92                doubleFault(regs*, void*)
                0x00000000c0014eab                displayDebugInfo(regs*)
                0x00000000c00151cc                HalSystemIdle()
                0x00000000c0015242                displayProgramFault(char const*)
                0x00000000c001528e                gpFault(regs*, void*)
                0x00000000c00152f3                pgFault(regs*, void*)
                0x00000000c0015379                otherISRHandler(regs*, void*)
                0x00000000c00153ad                opcodeFault(regs*, void*)
                0x00000000c001542d                i386SaveCoprocessor(void*)
                0x00000000c0015441                i386LoadCoprocessor(void*)
                0x00000000c0015455                x87EmulHandler(regs*, void*)
                0x00000000c00154f2                HalInitialiseCoprocessor()
                0x00000000c00155a0                HalPanic(char const*)
                0x00000000c0015699                HalQueryPerformanceCounter()
                0x00000000c00156b4                HalInitialise()
                0x00000000c001585a                HalMakeBeep(int)
                0x00000000c0015894                HalGetRand()
                0x00000000c0015897                HalEndOfInterrupt(int)
                0x00000000c00158c8                HalRestart()
                0x00000000c00158c9                HalShutdown()
                0x00000000c00158ca                HalSleep()
 *fill*         0x00000000c00158cb        0x1 
 .text          0x00000000c00158cc      0x2f4 arch/i386/pic.32
                0x00000000c00158cc                picIoWait()
                0x00000000c00158d4                picDisable()
                0x00000000c0015908                picGetIRQReg(int)
                0x00000000c001598c                picOpen()
                0x00000000c0015b1c                picEOI(int)
 .text          0x00000000c0015bc0      0x64d arch/i386/rtc.32
                0x00000000c0015bc0                RTC::open(int, int, void*)
                0x00000000c0015bc4                RTC::close(int, int, void*)
                0x00000000c0015bc8                RTC::timeInSecondsUTC()
                0x00000000c0015bda                RTC::timeInDatetimeUTC()
                0x00000000c0015c00                RTC::setTimeInSecondsUTC(unsigned long long)
                0x00000000c0015c3e                RTC::~RTC()
                0x00000000c0015c3e                RTC::~RTC()
                0x00000000c0015c62                RTC::~RTC()
                0x00000000c0015c8c                RTC::get_update_in_progress_flag()
                0x00000000c0015ca4                RTC::completeRTCRefresh()
                0x00000000c0015f5c                RTC::setTimeInDatetimeUTC(datetime_t)
                0x00000000c001610f                rtcIRQHandler(regs*, void*)
                0x00000000c0016154                RTC::RTC()
                0x00000000c0016154                RTC::RTC()
 *fill*         0x00000000c001620d        0x3 
 .text          0x00000000c0016210      0x203 arch/i386/vga.32
                0x00000000c0016210                HalConsoleScroll(int, int)
                0x00000000c0016318                HalConsoleWriteCharacter(char, int, int, int, int)
                0x00000000c0016384                HalConsoleCursorUpdate(int, int)
 *fill*         0x00000000c0016413        0x1 
 .text          0x00000000c0016414     0x13e7 fs/fat/vfslink.32
                0x00000000c0016414                FAT::getName()
                0x00000000c001641c                FAT::tell(void*, unsigned long long*)
                0x00000000c0016458                FAT::stat(void*, unsigned long long*)
                0x00000000c0016494                FAT::~FAT()
                0x00000000c0016494                FAT::~FAT()
                0x00000000c00164b8                FAT::~FAT()
                0x00000000c00164e0                FAT::getlabel(LogicalDisk*, int, char*, unsigned int*)
                0x00000000c0016584                FAT::setlabel(LogicalDisk*, int, char*)
                0x00000000c0016648                FAT::format(LogicalDisk*, int, char const*, int)
                0x00000000c001681c                FAT::tryMount(LogicalDisk*, int)
                0x00000000c0016a34                FAT::allocateSwapfile(char const*, int)
                0x00000000c0016bf4                FAT::readDir(void*, unsigned long, void*, int*)
                0x00000000c0016d60                FAT::read(void*, unsigned long, void*, int*)
                0x00000000c0016dc0                FAT::write(void*, unsigned long, void*, int*)
                0x00000000c0016e20                FAT::close(void*)
                0x00000000c0016e74                FAT::closeDir(void*)
                0x00000000c0016ec8                FAT::seek(void*, unsigned long long)
                0x00000000c0016f20                fatWrapperReadDisk
                0x00000000c0016f64                fatWrapperWriteDisk
                0x00000000c0016fa8                fatWrapperIoctl
                0x00000000c00170c4                FAT::FAT()
                0x00000000c00170c4                FAT::FAT()
                0x00000000c0017118                FAT::fixFilepath(char*)
                0x00000000c0017154                FAT::open(char const*, void**, FileOpenMode)
                0x00000000c001728c                FAT::openDir(char const*, void**)
                0x00000000c001733c                FAT::stat(char const*, unsigned long long*, bool*)
                0x00000000c0017434                FAT::unlink(char const*)
                0x00000000c00174b4                FAT::chfatattr(char const*, unsigned char, unsigned char)
                0x00000000c0017640                FAT::rename(char const*, char const*)
                0x00000000c001770c                FAT::mkdir(char const*)
                0x00000000c001778c                FAT::exists(char const*)
 *fill*         0x00000000c00177fb        0x1 
 .text          0x00000000c00177fc       0xc6 fs/iso9660/helper.32
                0x00000000c00177fc                isoReadDiscSectorHelper
                0x00000000c0017858                iso_kprintf
                0x00000000c0017878                iso_kprintfd
 .text          0x00000000c00178c2      0x586 fs/iso9660/vfslink.32
                0x00000000c00178c2                ISO9660::format(LogicalDisk*, int, char const*, int)
                0x00000000c00178c8                ISO9660::getName()
                0x00000000c00178ce                ISO9660::closeDir(void*)
                0x00000000c00178d8                ISO9660::chfatattr(char const*, unsigned char, unsigned char)
                0x00000000c00178de                ISO9660::unlink(char const*)
                0x00000000c00178e4                ISO9660::write(void*, unsigned long, void*, int*)
                0x00000000c00178ea                ISO9660::rename(char const*, char const*)
                0x00000000c00178f0                ISO9660::mkdir(char const*)
                0x00000000c00178f6                ISO9660::~ISO9660()
                0x00000000c00178f6                ISO9660::~ISO9660()
                0x00000000c001791a                ISO9660::~ISO9660()
                0x00000000c0017942                ISO9660::exists(char const*)
                0x00000000c0017956                ISO9660::open(char const*, void**, FileOpenMode)
                0x00000000c00179f6                ISO9660::openDir(char const*, void**)
                0x00000000c0017a86                ISO9660::read(void*, unsigned long, void*, int*)
                0x00000000c0017ac6                ISO9660::seek(void*, unsigned long long)
                0x00000000c0017afe                ISO9660::tell(void*, unsigned long long*)
                0x00000000c0017b34                ISO9660::stat(void*, unsigned long long*)
                0x00000000c0017b6e                ISO9660::stat(char const*, unsigned long long*, bool*)
                0x00000000c0017c40                ISO9660::close(void*)
                0x00000000c0017c66                ISO9660::readDir(void*, unsigned long, void*, int*)
                0x00000000c0017d33                readSectorFromCDROM(unsigned int, unsigned char*, char)
                0x00000000c0017dae                ISO9660::tryMount(LogicalDisk*, int)
                0x00000000c0017e20                ISO9660::ISO9660()
                0x00000000c0017e20                ISO9660::ISO9660()
 .text          0x00000000c0017e48      0x26c hal/sound/sndcard.32
                0x00000000c0017e48                SoundCard::beginPlayback()
                0x00000000c0017e56                SoundCard::stopPlayback()
                0x00000000c0017e64                SoundCard::SoundCard(char const*)
                0x00000000c0017e64                SoundCard::SoundCard(char const*)
                0x00000000c0017f02                SoundCard::~SoundCard()
                0x00000000c0017f02                SoundCard::~SoundCard()
                0x00000000c0017f26                SoundCard::~SoundCard()
                0x00000000c0017f50                SoundCard::configureRates(int, int, int)
                0x00000000c0017f80                SoundCard::getSamples16(int, short*)
                0x00000000c0017fdc                SoundCard::getSamples32(int, int*)
                0x00000000c0018062                SoundCard::addChannel(SoundPort*)
                0x00000000c00180a0                SoundCard::removeChannel(int)
 .text          0x00000000c00180b4      0x377 hal/sound/sndport.32
                0x00000000c00180b4                SoundPort::SoundPort(int, int, int, int)
                0x00000000c00180b4                SoundPort::SoundPort(int, int, int, int)
                0x00000000c0018140                SoundPort::~SoundPort()
                0x00000000c0018140                SoundPort::~SoundPort()
                0x00000000c0018174                SoundPort::unpause()
                0x00000000c0018180                SoundPort::pause()
                0x00000000c001818c                SoundPort::getBufferUsed()
                0x00000000c0018194                SoundPort::getBufferSize()
                0x00000000c001819c                SoundPort::buffer16(short*, int)
                0x00000000c0018228                SoundPort::buffer32(int*, int)
                0x00000000c00182b0                SoundPort::unbufferAndAdd16(int, short*, SoundCard*)
                0x00000000c0018374                SoundPort::unbufferAndAdd32(int, int*, SoundCard*)
 .text          0x00000000c001842b        0x0 hw/bus/isa.32
 *fill*         0x00000000c001842b        0x1 
 .text          0x00000000c001842c      0xb49 hw/bus/pci.32
                0x00000000c001842c                PCI::open(int, int, void*)
                0x00000000c001844a                PCI::close(int, int, void*)
                0x00000000c001844e                PCI::PCI()
                0x00000000c001844e                PCI::PCI()
                0x00000000c00184e8                PCI::readBAR8(unsigned int, int)
                0x00000000c0018504                PCI::readBAR16(unsigned int, int)
                0x00000000c0018522                PCI::readBAR32(unsigned int, int)
                0x00000000c001853e                PCI::writeBAR8(unsigned int, unsigned char, int)
                0x00000000c001855e                PCI::writeBAR16(unsigned int, unsigned short, int)
                0x00000000c0018580                PCI::writeBAR32(unsigned int, unsigned int, int)
                0x00000000c00185a0                PCI::legacyMechanism(unsigned char, unsigned char, unsigned char, unsigned char)
                0x00000000c001860e                PCI::pciReadWord(unsigned char, unsigned char, unsigned char, unsigned char)
                0x00000000c00186b6                PCI::getVendorID(unsigned char, unsigned char, unsigned char)
                0x00000000c00186da                PCI::getHeaderType(unsigned char, unsigned char, unsigned char)
                0x00000000c0018702                PCI::getClassCode(unsigned char, unsigned char, unsigned char)
                0x00000000c001874c                PCI::getProgIF(unsigned char, unsigned char, unsigned char)
                0x00000000c0018774                PCI::getRevisionID(unsigned char, unsigned char, unsigned char)
                0x00000000c0018798                PCI::getInterruptNumber(unsigned char, unsigned char, unsigned char)
                0x00000000c00187bc                PCI::getSecondaryBus(unsigned char, unsigned char, unsigned char)
                0x00000000c00187e4                PCI::getBARAddress(unsigned char, unsigned char, unsigned char, unsigned char)
                0x00000000c0018848                PCI::pciWriteWord(unsigned char, unsigned char, unsigned char, unsigned char, unsigned short)
                0x00000000c0018930                PCI::pciDetailsToFilepath(PCIDeviceInfo, char*)
                0x00000000c0018baa                PCI::checkBus(unsigned char)
                0x00000000c0018bd0                PCI::foundDevice(PCIDeviceInfo)
                0x00000000c0018d42                PCI::getDeviceData(unsigned char, unsigned char, unsigned char)
                0x00000000c0018eb6                PCI::checkDevice(unsigned char, unsigned char)
                0x00000000c0018f22                PCI::detect()
 *fill*         0x00000000c0018f75        0x1 
 .text          0x00000000c0018f76      0xb5a hw/diskctrl/ide.32
                0x00000000c0018f76                IDE::close(int, int, void*)
                0x00000000c0018f7a                IDE::IDE()
                0x00000000c0018f7a                IDE::IDE()
                0x00000000c0018fae                IDE::prepareInterrupt(unsigned char)
                0x00000000c0018fc0                selectDrive(unsigned char, unsigned char)
                0x00000000c0018fc2                IDE::getBase(unsigned char)
                0x00000000c0018fd4                IDE::write(unsigned char, unsigned char, unsigned char)
                0x00000000c0019094                IDE::read(unsigned char, unsigned char)
                0x00000000c0019142                IDE::waitInterrupt(unsigned char)
                0x00000000c00191aa                ideChannel0IRQHandler(regs*, void*)
                0x00000000c00191c6                ideChannel1IRQHandler(regs*, void*)
                0x00000000c00191e2                IDE::enableIRQs(unsigned char, bool)
                0x00000000c0019228                IDE::open(int, int, void*)
                0x00000000c0019636                IDE::readBuffer(unsigned char, unsigned char, unsigned int, unsigned int)
                0x00000000c0019702                IDE::detect()
                0x00000000c00199c2                IDE::printError(unsigned char, unsigned char, unsigned char)
                0x00000000c0019a72                IDE::polling(unsigned char, unsigned int)
 .text          0x00000000c0019ad0      0x32a hw/diskctrl/satabus.32
                0x00000000c0019ad0                SATABus::close(int, int, void*)
                0x00000000c0019ad4                SATABus::detect()
                0x00000000c0019ad6                SATABus::SATABus()
                0x00000000c0019ad6                SATABus::SATABus()
                0x00000000c0019b5c                SATABus::findCmdslot(SATABus::tagHBA_PORT volatile*)
                0x00000000c0019b8e                SATABus::checkType(SATABus::tagHBA_PORT volatile*)
                0x00000000c0019bd6                SATABus::startCmd(SATABus::tagHBA_PORT volatile*)
                0x00000000c0019bf6                SATABus::stopCmd(SATABus::tagHBA_PORT volatile*)
                0x00000000c0019c20                SATABus::portRebase(SATABus::tagHBA_PORT volatile*, int)
                0x00000000c0019d30                SATABus::probePort(SATABus::tagHBA_MEM volatile*)
                0x00000000c0019dda                SATABus::open(int, int, void*)
 .text          0x00000000c0019dfa      0x5f4 hw/diskphys/ata.32
                0x00000000c0019dfa                ATA::close(int, int, void*)
                0x00000000c0019e1e                ATA::powerSaving(PowerSavingLevel)
                0x00000000c0019e20                ATA::ATA()
                0x00000000c0019e20                ATA::ATA()
                0x00000000c0019e4e                ATA::flush(bool)
                0x00000000c0019e98                ATA::readyForCommand()
                0x00000000c0019ee4                ATA::access(unsigned long long, int, void*, bool)
                0x00000000c001a260                ATA::read(unsigned long long, int, void*)
                0x00000000c001a2ac                ATA::write(unsigned long long, int, void*)
                0x00000000c001a2f8                ATA::detectCHS()
                0x00000000c001a322                ATA::open(int, int, void*)
 .text          0x00000000c001a3ee      0x60e hw/diskphys/atapi.32
                0x00000000c001a3ee                ATAPI::write(unsigned long long, int, void*)
                0x00000000c001a3f4                ATAPI::close(int, int, void*)
                0x00000000c001a418                ATAPI::ATAPI()
                0x00000000c001a418                ATAPI::ATAPI()
                0x00000000c001a446                ATAPI::readyForCommand()
                0x00000000c001a498                ATAPI::sendPacket(unsigned char*, int, bool, unsigned short*, int)
                0x00000000c001a758                ATAPI::diskRemoved()
                0x00000000c001a792                ATAPI::eject()
                0x00000000c001a7da                ATAPI::diskInserted()
                0x00000000c001a7e6                ATAPI::detectMedia()
                0x00000000c001a8a2                ATAPI::open(int, int, void*)
                0x00000000c001a982                ATAPI::read(unsigned long long, int, void*)
 .text          0x00000000c001a9fc      0x402 hw/diskphys/sata.32
                0x00000000c001a9fc                SATA::close(int, int, void*)
                0x00000000c001aa20                SATA::powerSaving(PowerSavingLevel)
                0x00000000c001aa22                SATA::open(int, int, void*)
                0x00000000c001aacc                SATA::SATA()
                0x00000000c001aacc                SATA::SATA()
                0x00000000c001aafa                SATA::access(unsigned long long, int, void*, bool)
                0x00000000c001ad46                SATA::read(unsigned long long, int, void*)
                0x00000000c001ad92                SATA::write(unsigned long long, int, void*)
 .text          0x00000000c001adfe      0x5af hw/diskphys/satapi.32
                0x00000000c001adfe                SATAPI::write(unsigned long long, int, void*)
                0x00000000c001ae04                SATAPI::close(int, int, void*)
                0x00000000c001ae28                SATAPI::SATAPI()
                0x00000000c001ae28                SATAPI::SATAPI()
                0x00000000c001ae56                SATAPI::diskRemoved()
                0x00000000c001ae58                SATAPI::diskInserted()
                0x00000000c001ae74                SATAPI::sendPacket(unsigned char*, int, unsigned long long, unsigned short*, int)
                0x00000000c001b154                SATAPI::eject()
                0x00000000c001b190                SATAPI::detectMedia()
                0x00000000c001b1b6                SATAPI::open(int, int, void*)
                0x00000000c001b2b6                SATAPI::read(unsigned long long, int, void*)
 *fill*         0x00000000c001b3ad        0x1 
 .text          0x00000000c001b3ae      0x455 hw/intctrl/apic.32
                0x00000000c001b3ae                IOAPIC::close(int, int, void*)
                0x00000000c001b3b4                apicGetBase()
                0x00000000c001b3f6                IOAPIC::IOAPIC()
                0x00000000c001b3f6                IOAPIC::IOAPIC()
                0x00000000c001b41e                apicOpen()
                0x00000000c001b584                IOAPIC::handlesGSIWithNumber(unsigned int)
                0x00000000c001b5b6                IOAPIC::read(int)
                0x00000000c001b5de                IOAPIC::open(int, int, void*)
                0x00000000c001b6d2                IOAPIC::write(int, int)
                0x00000000c001b6fe                IOAPIC::redirect(unsigned char, unsigned long long, unsigned char, bool, bool)
 *fill*         0x00000000c001b803        0x1 
 .text          0x00000000c001b804       0xf0 hw/timer/apictimer.32
                0x00000000c001b804                APICTimer::close(int, int, void*)
                0x00000000c001b80c                apicTimerHandler(regs*, void*)
                0x00000000c001b834                APICTimer::open(int, int, void*)
                0x00000000c001b8a4                APICTimer::write(int)
                0x00000000c001b8cc                APICTimer::APICTimer()
                0x00000000c001b8cc                APICTimer::APICTimer()
 .text          0x00000000c001b8f4      0x1aa hw/timer/pit.32
                0x00000000c001b8f4                PIT::write(int)
                0x00000000c001b978                pitHandler(regs*, void*)
                0x00000000c001b99c                PIT::open(int, int, void*)
                0x00000000c001b9ec                PIT::close(int, int, void*)
                0x00000000c001ba1c                PIT::PIT()
                0x00000000c001ba1c                PIT::PIT()
 *fill*         0x00000000c001ba9e        0x2 
 .text          0x00000000c001baa0       0x83 arch/i386/avx.32
                0x00000000c001baa0                avxDetect
                0x00000000c001baca                avxSave
                0x00000000c001badb                avxLoad
                0x00000000c001baec                avxInit
                0x00000000c001bb0e                avxClose
                0x00000000c001bb0f                wouldSheSayYes
 *fill*         0x00000000c001bb23        0xd 
 .text          0x00000000c001bb30      0x231 arch/i386/interrupt.32
                0x00000000c001bb30                isr0
                0x00000000c001bb40                isr1
                0x00000000c001bb4a                isr2
                0x00000000c001bb54                isr3
                0x00000000c001bb5e                isr4
                0x00000000c001bb68                isr5
                0x00000000c001bb72                isr6
                0x00000000c001bb7c                isr7
                0x00000000c001bb86                isr8
                0x00000000c001bb8e                isr9
                0x00000000c001bb98                isr10
                0x00000000c001bba0                isr11
                0x00000000c001bba8                isr12
                0x00000000c001bbb0                isr13
                0x00000000c001bbb8                isr14
                0x00000000c001bbc0                isr15
                0x00000000c001bbca                isr16
                0x00000000c001bbd4                isr17
                0x00000000c001bbde                isr18
                0x00000000c001bbe8                irq3
                0x00000000c001bbf2                irq4
                0x00000000c001bbfc                irq5
                0x00000000c001bc06                irq6
                0x00000000c001bc10                irq7
                0x00000000c001bc1a                irq8
                0x00000000c001bc24                irq9
                0x00000000c001bc2e                irq10
                0x00000000c001bc38                irq11
                0x00000000c001bc42                irq12
                0x00000000c001bc4c                irq13
                0x00000000c001bc56                irq14
                0x00000000c001bc60                irq15
                0x00000000c001bc6a                irq1
                0x00000000c001bc71                irq2
                0x00000000c001bc78                isr96
                0x00000000c001bc7f                irq0
                0x00000000c001bc84                int_common_stub
                0x00000000c001bcb6                syscall_common_stub
                0x00000000c001bd11                irq16
                0x00000000c001bd1b                irq17
                0x00000000c001bd25                irq18
                0x00000000c001bd2f                irq19
                0x00000000c001bd39                irq20
                0x00000000c001bd43                irq21
                0x00000000c001bd4d                irq22
                0x00000000c001bd57                irq23
 *fill*         0x00000000c001bd61        0xf 
 .text          0x00000000c001bd70       0x10 arch/i386/rdrand.32
                0x00000000c001bd70                i386GetRDRAND
 .text          0x00000000c001bd80       0x39 arch/i386/sse.32
                0x00000000c001bd80                absolutelyNoChanceInHell
                0x00000000c001bd80                sseDetect
                0x00000000c001bd98                sseSave
                0x00000000c001bda0                sseLoad
                0x00000000c001bda8                sseInit
                0x00000000c001bdb8                sseClose
 *fill*         0x00000000c001bdb9        0x7 
 .text          0x00000000c001bdc0       0x49 arch/i386/x87.32
                0x00000000c001bdc6                x87Detect
                0x00000000c001bde1                x87Save
                0x00000000c001bde8                x87Load
                0x00000000c001bdef                x87Init
                0x00000000c001be08                x87Close
 *fill*         0x00000000c001be09        0x3 
 .text          0x00000000c001be0c       0x25 /cygdrive/d/Users/Alex/Desktop/Toolchain/Output/bin/../lib/gcc/i386-banana/8.1.0/crtend.o
 .text          0x00000000c001be31        0x0 crtn.32
 *fill*         0x00000000c001be31        0x3 
 .text          0x00000000c001be34      0x14b /cygdrive/d/Users/Alex/Desktop/Toolchain/Output/bin/../lib/gcc/i386-banana/8.1.0/libkgcc.a(_divdi3.o)
                0x00000000c001be34                __divdi3
 *fill*         0x00000000c001bf7f        0x1 
 .text          0x00000000c001bf80      0x17e /cygdrive/d/Users/Alex/Desktop/Toolchain/Output/bin/../lib/gcc/i386-banana/8.1.0/libkgcc.a(_moddi3.o)
                0x00000000c001bf80                __moddi3
 *fill*         0x00000000c001c0fe        0x2 
 .text          0x00000000c001c100       0xff /cygdrive/d/Users/Alex/Desktop/Toolchain/Output/bin/../lib/gcc/i386-banana/8.1.0/libkgcc.a(_udivdi3.o)
                0x00000000c001c100                __udivdi3
 *fill*         0x00000000c001c1ff        0x1 
 .text          0x00000000c001c200      0x11a /cygdrive/d/Users/Alex/Desktop/Toolchain/Output/bin/../lib/gcc/i386-banana/8.1.0/libkgcc.a(_umoddi3.o)
                0x00000000c001c200                __umoddi3
 *(.gnu.linkonce.t*)

.iplt           0x00000000c001c320        0x0
 .iplt          0x00000000c001c320        0x0 D:/Users/Alex/Desktop/Banana/kernel/boot.32

.init           0x00000000c001c31a        0xf
 .init          0x00000000c001c31a        0x3 crti.32
                0x00000000c001c31a                _init
 .init          0x00000000c001c31d        0x5 /cygdrive/d/Users/Alex/Desktop/Toolchain/Output/bin/../lib/gcc/i386-banana/8.1.0/crtbegin.o
 .init          0x00000000c001c322        0x5 /cygdrive/d/Users/Alex/Desktop/Toolchain/Output/bin/../lib/gcc/i386-banana/8.1.0/crtend.o
 .init          0x00000000c001c327        0x2 crtn.32

.fini           0x00000000c001c329        0xa
 .fini          0x00000000c001c329        0x3 crti.32
                0x00000000c001c329                _fini
 .fini          0x00000000c001c32c        0x5 /cygdrive/d/Users/Alex/Desktop/Toolchain/Output/bin/../lib/gcc/i386-banana/8.1.0/crtbegin.o
 .fini          0x00000000c001c331        0x2 crtn.32

.text._ZN8ComputerD2Ev
                0x00000000c001c334       0x23
 .text._ZN8ComputerD2Ev
                0x00000000c001c334       0x23 core/computer.32
                0x00000000c001c334                Computer::~Computer()
                0x00000000c001c334                Computer::~Computer()

.text._ZN8ComputerD0Ev
                0x00000000c001c358       0x2a
 .text._ZN8ComputerD0Ev
                0x00000000c001c358       0x2a core/computer.32
                0x00000000c001c358                Computer::~Computer()

.text._Z10idleCommonv
                0x00000000c001c382       0x21
 .text._Z10idleCommonv
                0x00000000c001c382       0x21 core/idle.32
                0x00000000c001c382                idleCommon()

.text._ZN10LinkedListI8UnixFileED2Ev
                0x00000000c001c3a4        0x2
 .text._ZN10LinkedListI8UnixFileED2Ev
                0x00000000c001c3a4        0x2 core/unixfile.32
                0x00000000c001c3a4                LinkedList<UnixFile>::~LinkedList()
                0x00000000c001c3a4                LinkedList<UnixFile>::~LinkedList()

.text._ZN10LinkedListI8UnixFileEC2Ev
                0x00000000c001c3a6       0x42
 .text._ZN10LinkedListI8UnixFileEC2Ev
                0x00000000c001c3a6       0x42 core/unixfile.32
                0x00000000c001c3a6                LinkedList<UnixFile>::LinkedList()
                0x00000000c001c3a6                LinkedList<UnixFile>::LinkedList()

.text._ZN10LinkedListI8UnixFileE10addElementEPS0_
                0x00000000c001c3e8       0xd3
 .text._ZN10LinkedListI8UnixFileE10addElementEPS0_
                0x00000000c001c3e8       0xd3 core/unixfile.32
                0x00000000c001c3e8                LinkedList<UnixFile>::addElement(UnixFile*)

.text._ZN10LinkedListI8UnixFileE15getFirstElementEv
                0x00000000c001c4bc        0x7
 .text._ZN10LinkedListI8UnixFileE15getFirstElementEv
                0x00000000c001c4bc        0x7 core/unixfile.32
                0x00000000c001c4bc                LinkedList<UnixFile>::getFirstElement()

.text._ZN10LinkedListI8UnixFileE11removeFirstEv
                0x00000000c001c4c4       0xa1
 .text._ZN10LinkedListI8UnixFileE11removeFirstEv
                0x00000000c001c4c4       0xa1 core/unixfile.32
                0x00000000c001c4c4                LinkedList<UnixFile>::removeFirst()

.text._ZN10LinkedListI8UnixFileE7getNextEPS0_
                0x00000000c001c566        0x8
 .text._ZN10LinkedListI8UnixFileE7getNextEPS0_
                0x00000000c001c566        0x8 core/unixfile.32
                0x00000000c001c566                LinkedList<UnixFile>::getNext(UnixFile*)

.text._ZN16DriverlessDeviceD2Ev
                0x00000000c001c56e       0x1a
 .text._ZN16DriverlessDeviceD2Ev
                0x00000000c001c56e       0x1a hal/device.32
                0x00000000c001c56e                DriverlessDevice::~DriverlessDevice()
                0x00000000c001c56e                DriverlessDevice::~DriverlessDevice()

.text._ZN16DriverlessDeviceD0Ev
                0x00000000c001c588       0x2a
 .text._ZN16DriverlessDeviceD0Ev
                0x00000000c001c588       0x2a hal/device.32
                0x00000000c001c588                DriverlessDevice::~DriverlessDevice()

.text._ZN10LinkedListI6DeviceE10addElementEPS0_
                0x00000000c001c5b2       0xdc
 .text._ZN10LinkedListI6DeviceE10addElementEPS0_
                0x00000000c001c5b2       0xdc hal/device.32
                0x00000000c001c5b2                LinkedList<Device>::addElement(Device*)

.text._ZN10LinkedListI6DeviceEC2Ev
                0x00000000c001c68e       0x42
 .text._ZN10LinkedListI6DeviceEC2Ev
                0x00000000c001c68e       0x42 hal/device.32
                0x00000000c001c68e                LinkedList<Device>::LinkedList()
                0x00000000c001c68e                LinkedList<Device>::LinkedList()

.text._ZN10LinkedListIV18ThreadControlBlockE7isEmptyEv
                0x00000000c001c6d0       0x1c
 .text._ZN10LinkedListIV18ThreadControlBlockE7isEmptyEv
                0x00000000c001c6d0       0x1c hal/timer.32
                0x00000000c001c6d0                LinkedList<ThreadControlBlock volatile>::isEmpty()

.text._ZN10LinkedListIV18ThreadControlBlockE15getFirstElementEv
                0x00000000c001c6ec        0x7
 .text._ZN10LinkedListIV18ThreadControlBlockE15getFirstElementEv
                0x00000000c001c6ec        0x7 hal/timer.32