Archive member included to satisfy reference by file (symbol)

/cygdrive/d/Users/Alex/Desktop/Toolchain/Output/bin/../lib/gcc/i386-banana/8.1.0/libkgcc.a(_divdi3.o)
                              krnl/resolve.32 (__divdi3)
/cygdrive/d/Users/Alex/Desktop/Toolchain/Output/bin/../lib/gcc/i386-banana/8.1.0/libkgcc.a(_moddi3.o)
                              krnl/resolve.32 (__moddi3)
/cygdrive/d/Users/Alex/Desktop/Toolchain/Output/bin/../lib/gcc/i386-banana/8.1.0/libkgcc.a(_udivdi3.o)
                              hal/clock.32 (__udivdi3)
/cygdrive/d/Users/Alex/Desktop/Toolchain/Output/bin/../lib/gcc/i386-banana/8.1.0/libkgcc.a(_umoddi3.o)
                              core/pipe.32 (__umoddi3)

Allocating common symbols
Common symbol       size              file

dcache              0x40              fs/iso9660/iso9660.32
cdDriveLetter       0x1               fs/iso9660/iso9660.32
icache              0x40              fs/iso9660/iso9660.32

Discarded input sections

 .comment       0x0000000000000000       0x12 /cygdrive/d/Users/Alex/Desktop/Toolchain/Output/bin/../lib/gcc/i386-banana/8.1.0/crtbegin.o
 .comment       0x0000000000000000       0x12 acpica/utclib.32
 .comment       0x0000000000000000       0x12 core/malloc.32
 .comment       0x0000000000000000       0x12 libk/ctype.32
 .comment       0x0000000000000000       0x12 libk/string.32
 .comment       0x0000000000000000       0x12 fs/fat/diskio.32
 .comment       0x0000000000000000       0x12 fs/fat/ff.32
 .comment       0x0000000000000000       0x12 fs/fat/ffsystem.32
 .comment       0x0000000000000000       0x12 fs/fat/ffunicode.32
 .comment       0x0000000000000000       0x12 fs/iso9660/iso9660.32
 .group         0x0000000000000000       0x14 core/computer.32
 .group         0x0000000000000000        0xc core/computer.32
 .comment       0x0000000000000000       0x12 core/computer.32
 .comment       0x0000000000000000       0x12 core/gdt.32
 .group         0x0000000000000000        0xc core/idle.32
 .comment       0x0000000000000000       0x12 core/idle.32
 .comment       0x0000000000000000       0x12 core/idt.32
 .comment       0x0000000000000000       0x12 core/kheap.32
 .comment       0x0000000000000000       0x12 core/main.32
 .comment       0x0000000000000000       0x12 core/physmgr.32
 .group         0x0000000000000000        0xc core/pipe.32
 .comment       0x0000000000000000       0x12 core/pipe.32
 .group         0x0000000000000000        0xc core/terminal.32
 .comment       0x0000000000000000       0x12 core/terminal.32
 .comment       0x0000000000000000       0x12 core/tss.32
 .group         0x0000000000000000        0xc core/unixfile.32
 .group         0x0000000000000000        0xc core/unixfile.32
 .group         0x0000000000000000        0xc core/unixfile.32
 .group         0x0000000000000000        0xc core/unixfile.32
 .group         0x0000000000000000        0xc core/unixfile.32
 .group         0x0000000000000000        0xc core/unixfile.32
 .group         0x0000000000000000        0xc core/unixfile.32
 .group         0x0000000000000000        0xc core/unixfile.32
 .comment       0x0000000000000000       0x12 core/unixfile.32
 .comment       0x0000000000000000       0x12 core/virtmgr.32
 .comment       0x0000000000000000       0x12 coreobjs/c++.32
 .comment       0x0000000000000000       0x12 dbg/kconsole.32
 .comment       0x0000000000000000       0x12 dbg/usban.32
 .group         0x0000000000000000        0xc fs/vfs.32
 .group         0x0000000000000000        0xc fs/vfs.32
 .group         0x0000000000000000        0xc fs/vfs.32
 .comment       0x0000000000000000       0x12 fs/vfs.32
 .group         0x0000000000000000        0xc hal/bus.32
 .comment       0x0000000000000000       0x12 hal/bus.32
 .comment       0x0000000000000000       0x12 hal/buzzer.32
 .group         0x0000000000000000        0xc hal/clock.32
 .comment       0x0000000000000000       0x12 hal/clock.32
 .group         0x0000000000000000       0x14 hal/device.32
 .group         0x0000000000000000        0xc hal/device.32
 .group         0x0000000000000000        0xc hal/device.32
 .group         0x0000000000000000        0xc hal/device.32
 .group         0x0000000000000000        0xc hal/device.32
 .comment       0x0000000000000000       0x12 hal/device.32
 .group         0x0000000000000000        0xc hal/diskctrl.32
 .comment       0x0000000000000000       0x12 hal/diskctrl.32
 .group         0x0000000000000000        0xc hal/diskphys.32
 .comment       0x0000000000000000       0x12 hal/diskphys.32
 .comment       0x0000000000000000       0x12 hal/fpu.32
 .comment       0x0000000000000000       0x12 hal/intctrl.32
 .group         0x0000000000000000        0xc hal/keybrd.32
 .comment       0x0000000000000000       0x12 hal/keybrd.32
 .group         0x0000000000000000        0xc hal/logidisk.32
 .comment       0x0000000000000000       0x12 hal/logidisk.32
 .group         0x0000000000000000        0xc hal/mouse.32
[...]
Memory Configuration

Name             Origin             Length             Attributes
*default*        0x0000000000000000 0xffffffffffffffff

Linker script and memory map

LOAD D:/Users/Alex/Desktop/Banana/kernel/boot.32
LOAD crti.32
LOAD /cygdrive/d/Users/Alex/Desktop/Toolchain/Output/bin/../lib/gcc/i386-banana/8.1.0/crtbegin.o
LOAD D:/Users/Alex/Desktop/Banana/kernel/morenasm.32
LOAD acpica/utclib.32
LOAD core/malloc.32
LOAD libk/ctype.32
LOAD libk/string.32
LOAD fs/fat/diskio.32
LOAD fs/fat/ff.32
LOAD fs/fat/ffsystem.32
LOAD fs/fat/ffunicode.32
LOAD fs/iso9660/iso9660.32
LOAD core/computer.32
LOAD core/gdt.32
LOAD core/idle.32
LOAD core/idt.32
LOAD core/kheap.32
LOAD core/main.32
LOAD core/physmgr.32
LOAD core/pipe.32
LOAD core/terminal.32
LOAD core/tss.32
LOAD core/unixfile.32
LOAD core/virtmgr.32
LOAD coreobjs/c++.32
LOAD dbg/kconsole.32
LOAD dbg/usban.32
LOAD fs/vfs.32
LOAD hal/bus.32
LOAD hal/buzzer.32
LOAD hal/clock.32
LOAD hal/device.32
LOAD hal/diskctrl.32
LOAD hal/diskphys.32
LOAD hal/fpu.32
LOAD hal/intctrl.32
LOAD hal/keybrd.32
LOAD hal/logidisk.32
LOAD hal/mouse.32
LOAD hal/nic.32
LOAD hal/partition.32
LOAD hal/serial.32
LOAD hal/timer.32
LOAD hal/vcache.32
LOAD hal/video.32
LOAD hw/acpi.32
LOAD hw/cpu.32
LOAD krnl/bootmsg.32
LOAD krnl/env.32
LOAD krnl/inlines.32
LOAD krnl/panic.32
LOAD krnl/powctrl.32
LOAD krnl/random.32
LOAD krnl/resolve.32
LOAD krnl/signal.32
LOAD krnl/syscalls.32
LOAD net/ethernet.32
LOAD reg/cm.32
LOAD reg/registry.32
LOAD sys/eject.32
LOAD sys/exit.32
LOAD sys/getcwd.32
LOAD sys/getpid.32
LOAD sys/getramdata.32
LOAD sys/getvgaptr.32
LOAD sys/kill.32
LOAD sys/loaddll.32
LOAD sys/read.32
LOAD sys/registersignal.32
LOAD sys/registry.32
LOAD sys/sbrk.32
LOAD sys/setcwd.32
LOAD sys/settime.32
LOAD sys/timezone.32
LOAD sys/write.32
LOAD sys/wsbe.32
LOAD sys/yield.32
LOAD thr/elf.32
LOAD thr/prcssthr.32
LOAD vm86/vm8086.32
LOAD arch/i386/hal.32
LOAD arch/i386/pic.32
LOAD arch/i386/rtc.32
LOAD arch/i386/vga.32
LOAD fs/fat/vfslink.32
LOAD fs/iso9660/helper.32
LOAD fs/iso9660/vfslink.32
LOAD hal/sound/sndcard.32
LOAD hal/sound/sndport.32
LOAD hw/bus/isa.32
LOAD hw/bus/pci.32
LOAD hw/diskctrl/ide.32
LOAD hw/diskctrl/satabus.32
LOAD hw/diskphys/ata.32
LOAD hw/diskphys/atapi.32
LOAD hw/diskphys/sata.32
LOAD hw/diskphys/satapi.32
LOAD hw/intctrl/apic.32
LOAD hw/timer/apictimer.32
LOAD hw/timer/pit.32
LOAD arch/i386/avx.32
LOAD arch/i386/interrupt.32
LOAD arch/i386/rdrand.32
LOAD arch/i386/sse.32
LOAD arch/i386/x87.32
LOAD /cygdrive/d/Users/Alex/Desktop/Toolchain/Output/bin/../lib/gcc/i386-banana/8.1.0/crtend.o
LOAD crtn.32
LOAD /cygdrive/d/Users/Alex/Desktop/Toolchain/Output/bin/../lib/gcc/i386-banana/8.1.0/libkgcc.a
LOAD D:/Users/Alex/Desktop/Banana/kernel/libsoftfp.a
LOAD D:/Users/Alex/Desktop/Banana/kernel/libk/libm32.a
                0x00000000c0000000                . = 0xc0000000

.text           0x00000000c0000000    0x7046a
 *(.text)
 .text          0x00000000c0000000       0x20 D:/Users/Alex/Desktop/Banana/kernel/boot.32
 .text          0x00000000c0000020        0x0 crti.32
 .text          0x00000000c0000020      0x101 /cygdrive/d/Users/Alex/Desktop/Toolchain/Output/bin/../lib/gcc/i386-banana/8.1.0/crtbegin.o
 *fill*         0x00000000c0000121        0xf 
 .text          0x00000000c0000130      0x24f D:/Users/Alex/Desktop/Banana/kernel/morenasm.32
                0x00000000c0000130                manualPCIProbe
                0x00000000c000017b                prepareTramp
                0x00000000c0000194                doTPAUSE
                0x00000000c000019e                hasLegacyFPU
                0x00000000c00001c3                is486
                0x00000000c00001f9                detectCPUID
                0x00000000c000020f                goToVM86
                0x00000000c000023f                goToUsermode
                0x00000000c0000269                switchToThreadASMFirstTime
                0x00000000c0000277                switchToThreadASM
                0x00000000c00002fc                asmQuickAcquireLock
                0x00000000c000031a                asmQuickReleaseLock
                0x00000000c0000326                asmAcquireLock
                0x00000000c0000347                asmReleaseLock
                0x00000000c000035a                loadGDT
                0x00000000c000037a                memcpy
 *fill*         0x00000000c000037f        0x1 
 .text          0x00000000c0000380     0x1d37 acpica/utclib.32
                0x00000000c0000380                memcmp
                0x00000000c0000520                memmove
                0x00000000c00007a0                memset
                0x00000000c0000830                strlen
                0x00000000c00008d0                strpbrk
                0x00000000c0000a50                strtok
                0x00000000c0000b70                strcpy
                0x00000000c0000cb0                strncpy
                0x00000000c0000ff0                strcmp
                0x00000000c0001190                strchr
                0x00000000c0001240                strncmp
                0x00000000c0001430                strcat
                0x00000000c0001590                strncat
                0x00000000c0001770                strstr
                0x00000000c0001800                toupper
                0x00000000c0001890                tolower
                0x00000000c0001920                simple_strtoul
 .text          0x00000000c00020b7     0x4f41 core/malloc.32
                0x00000000c0002bae                dlfree
                0x00000000c0003b72                dlmalloc
                0x00000000c00056d7                dlrealloc
                0x00000000c0006202                dlmemalign
                0x00000000c00066d2                dlcalloc
                0x00000000c00069c0                dlcfree
                0x00000000c00069c5                dlindependent_calloc
                0x00000000c00069ea                dlindependent_comalloc
                0x00000000c0006a01                dlvalloc
                0x00000000c0006a2c                dlpvalloc
                0x00000000c0006a62                dlmalloc_trim
                0x00000000c0006a75                dlmalloc_usable_size
                0x00000000c0006b9d                dlmallinfo
                0x00000000c0006f58                dlmalloc_stats
                0x00000000c0006f6c                dlmallopt
 .text          0x00000000c0006ff8      0x1f2 libk/ctype.32
                0x00000000c0006ff8                isblank
                0x00000000c0007018                iscntrl
                0x00000000c0007038                isdigit
                0x00000000c0007054                islower
                0x00000000c0007070                isspace
                0x00000000c0007098                isupper
                0x00000000c00070b4                isalpha
                0x00000000c00070e4                isalnum
                0x00000000c0007114                ispunct
                0x00000000c0007154                isgraph
                0x00000000c0007184                isprint
                0x00000000c00071ac                isxdigit
 .text          0x00000000c00071ea        0x0 libk/string.32
 .text          0x00000000c00071ea      0x1c8 fs/fat/diskio.32
                0x00000000c00071ea                disk_status
                0x00000000c00071ed                disk_initialize
                0x00000000c00071f0                disk_read
                0x00000000c000728b                disk_write
                0x00000000c0007326                disk_ioctl
 .text          0x00000000c00073b2     0xc2a5 fs/fat/ff.32
                0x00000000c000dbe3                f_mount
                0x00000000c000dd5d                f_open
                0x00000000c000e4f6                f_read
                0x00000000c000ee43                f_write
                0x00000000c000f954                f_sync
                0x00000000c000fca6                f_close
                0x00000000c000fd0f                f_lseek
                0x00000000c0010515                f_opendir
                0x00000000c0010721                f_closedir
                0x00000000c001077d                f_readdir
                0x00000000c0010865                f_stat
                0x00000000c0010919                f_getfree
                0x00000000c0010cd6                f_truncate
                0x00000000c00110a3                f_unlink
                0x00000000c00111f0                f_mkdir
                0x00000000c0011623                f_rename
                0x00000000c0011946                f_chmod
                0x00000000c0011a9e                f_utime
                0x00000000c0011c3c                f_getlabel
                0x00000000c0011f6e                f_setlabel
                0x00000000c00122dd                f_expand
                0x00000000c0012745                f_mkfs
 *fill*         0x00000000c0013657        0x1 
 .text          0x00000000c0013658       0x2f fs/fat/ffsystem.32
                0x00000000c0013658                ff_memalloc
                0x00000000c0013670                ff_memfree
 *fill*         0x00000000c0013687        0x1 
 .text          0x00000000c0013688      0x4ea fs/fat/ffunicode.32
                0x00000000c0013688                ff_uni2oem
                0x00000000c0013790                ff_oem2uni
                0x00000000c001386c                ff_wtoupper
 .text          0x00000000c0013b72     0x4b94 fs/iso9660/iso9660.32
                0x00000000c00148a6                isoReadDiscSector
                0x00000000c0014aaf                strnicmp
                0x00000000c00151b6                stricmp
                0x00000000c0015286                iso_open
                0x00000000c0015605                iso_close
                0x00000000c0015693                iso_read
                0x00000000c0015e6b                iso_seek
                0x00000000c00164af                iso_tell
                0x00000000c0016650                iso_total
                0x00000000c00167ed                fn_postprocess
                0x00000000c0016877                iso_readdir
                0x00000000c0017fa4                iso_reset
                0x00000000c0017fc1                init_percd
                0x00000000c0018393                iso_ioctl
                0x00000000c00183ab                fs_iso9660_init
                0x00000000c00185de                fs_iso9660_shutdown
 *fill*         0x00000000c0018706        0x2 
 .text          0x00000000c0018708     0x1cd6 core/computer.32
                0x00000000c0018708                Computer::close(int, int, void*)
                0x00000000c00188c4                Krnl::firstTask()
                0x00000000c0018c10                Computer::Computer()
                0x00000000c0018c10                Computer::Computer()
                0x00000000c00190e0                Computer::setBootMessage(char const*)
                0x00000000c00190e4                Computer::detectFeatures()
                0x00000000c0019b28                Computer::displayFeatures()
                0x00000000c0019b2c                Computer::rdmsr(unsigned int)
                0x00000000c0019ba4                Computer::wrmsr(unsigned int, unsigned long long)
                0x00000000c0019c24                Computer::shutdown()
                0x00000000c0019cbc                Computer::restart()
                0x00000000c0019d54                Computer::sleep()
                0x00000000c0019dd4                Computer::nmiEnabled()
                0x00000000c0019e18                Computer::readCMOS(unsigned char)
                0x00000000c0019e78                Computer::enableNMI(bool)
                0x00000000c0019f14                Computer::open(int, int, void*)
                0x00000000c001a2c8                Computer::disableNMI()
                0x00000000c001a300                Computer::writeCMOS(unsigned char, unsigned char)
                0x00000000c001a368                Computer::handleNMI()
 .text          0x00000000c001a3de      0x50f core/gdt.32
                0x00000000c001a3de                GDTEntry::setBase(unsigned int)
                0x00000000c001a46e                GDTEntry::setLimit(unsigned int)
                0x00000000c001a4dc                GDT::GDT()
                0x00000000c001a4dc                GDT::GDT()
                0x00000000c001a562                GDT::addEntry(GDTEntry)
                0x00000000c001a63e                GDT::getNumberOfEntries()
                0x00000000c001a666                GDT::flush()
                0x00000000c001a6d4                GDT::setup()
 .text          0x00000000c001a8ed       0x38 core/idle.32
                0x00000000c001a8ed                idleFunction(void*)
 *fill*         0x00000000c001a925        0x3 
 .text          0x00000000c001a928      0xcf0 core/idt.32
                0x00000000c001a928                IDTEntry::IDTEntry(bool)
                0x00000000c001a928                IDTEntry::IDTEntry(bool)
                0x00000000c001ab94                IDTEntry::setOffset(unsigned int)
                0x00000000c001abf8                IDT::IDT()
                0x00000000c001abf8                IDT::IDT()
                0x00000000c001ac2a                IDT::getPointerToInvalidOpcodeEntryForF00F()
                0x00000000c001ac6a                IDT::addEntry(IDTEntry, int)
                0x00000000c001acd0                IDT::addEntry(int, void (*)(), bool)
                0x00000000c001ad2c                IDT::flush()
                0x00000000c001ad6a                IDT::setup()
 .text          0x00000000c001b618      0x2a5 core/kheap.32
                0x00000000c001b618                sbrk
                0x00000000c001b734                mmap
                0x00000000c001b74a                munmap
                0x00000000c001b760                liballoc_lock()
                0x00000000c001b79a                liballoc_unlock()
                0x00000000c001b7d8                liballoc_alloc(int)
                0x00000000c001b812                liballoc_free(void*, int)
                0x00000000c001b84f                realloc
                0x00000000c001b863                malloc
                0x00000000c001b873                free
                0x00000000c001b883                rfree
                0x00000000c001b893                calloc
 .text          0x00000000c001b8bd      0x135 core/main.32
                0x00000000c001b8bd                KeEntryPoint
 .text          0x00000000c001b9f2      0xd45 core/physmgr.32
                0x00000000c001b9f2                Phys::allocateDMA(unsigned long)
                0x00000000c001bce0                Phys::freeDMA(unsigned long, unsigned long)
                0x00000000c001bd96                Phys::setPageState(unsigned long, bool)
                0x00000000c001bed3                Phys::getPageState(unsigned long)
                0x00000000c001bf32                Phys::freePage(unsigned long)
                0x00000000c001bfc0                Phys::allocatePage()
                0x00000000c001c188                Phys::allocateContiguousPages(int)
                0x00000000c001c277                Phys::allowSegmentToBeUsed(unsigned long, unsigned long)
                0x00000000c001c2b9                Phys::physicalMemorySetup(unsigned int)
 *fill*         0x00000000c001c737        0x1 
 .text          0x00000000c001c738      0xaa5 core/pipe.32
                0x00000000c001c738                Pipe::isAtty()
                0x00000000c001c73c                Pipe::~Pipe()
                0x00000000c001c73c                Pipe::~Pipe()
                0x00000000c001c80c                Pipe::~Pipe()
                0x00000000c001c834                Pipe::write(unsigned long long, void*, int*)
                0x00000000c001cb9c                Pipe::read(unsigned long long, void*, int*)
                0x00000000c001cf76                Pipe::Pipe(int)
                0x00000000c001cf76                Pipe::Pipe(int)
 *fill*         0x00000000c001d1dd        0x1 
 .text          0x00000000c001d1de     0x306f core/terminal.32
                0x00000000c001d1de                VgaText::isAtty()
                0x00000000c001d1e2                VgaText::~VgaText()
                0x00000000c001d1e2                VgaText::~VgaText()
                0x00000000c001d2b2                VgaText::~VgaText()
                0x00000000c001d2dc                VgaText::read(unsigned long long, void*, int*)
                0x00000000c001d31c                setTerminalScrollLock(bool)
                0x00000000c001d31d                doTerminalCycle()
                0x00000000c001d31e                addToTerminalCycle(VgaText*)
                0x00000000c001d31f                scrollTerminalScrollLock(int)
                0x00000000c001d320                VgaText::updateTitle()
                0x00000000c001d322                VgaText::load()
                0x00000000c001d324                VgaText::updateCursor()
                0x00000000c001d370                VgaText::doANSI_SGR(int)
                0x00000000c001d7e4                VgaText::setDefaultBgColour(VgaColour)
                0x00000000c001d85c                VgaText::setDefaultFgColour(VgaColour)
                0x00000000c001d8d4                VgaText::setDefaultColours(VgaColour, VgaColour)
                0x00000000c001d932                VgaText::setTitleTextColour(VgaColour)
                0x00000000c001d990                VgaText::setTitleColour(VgaColour)
                0x00000000c001d9ee                VgaText::setTitle(char*)
                0x00000000c001da12                VgaText::combineColours(unsigned char, unsigned char)
                0x00000000c001da26                VgaText::scrollScreen()
                0x00000000c001dd9c                VgaText::combineCharAndColour(char, unsigned char)
                0x00000000c001ddac                VgaText::writeCharacter(char, VgaColour, VgaColour, int, int)
                0x00000000c001deb0                VgaText::getCursorX()
                0x00000000c001def2                VgaText::getCursorY()
                0x00000000c001df34                VgaText::setCursor(int, int)
                0x00000000c001dfd0                setActiveTerminal(VgaText*)
                0x00000000c001e064                VgaText::clearScreen()
                0x00000000c001e180                VgaText::setCursorX(int)
                0x00000000c001e1cc                VgaText::setCursorY(int)
                0x00000000c001e218                VgaText::incrementCursor(bool)
                0x00000000c001e41a                VgaText::decrementCursor(bool)
                0x00000000c001e4e6                VgaText::putchar(char, VgaColour, VgaColour)
                0x00000000c001e822                VgaText::putchar(char)
                0x00000000c001ee00                VgaText::putx(unsigned int)
                0x00000000c001eeae                VgaText::puts(char const*)
                0x00000000c001ef1e                VgaText::write(unsigned long long, void*, int*)
                0x00000000c001f084                VgaText::puts(char const*, VgaColour, VgaColour)
                0x00000000c001f714                VgaText::VgaText(char const*)
                0x00000000c001f714                VgaText::VgaText(char const*)
                0x00000000c001fda2                VgaText::receiveKey(unsigned char)
                0x00000000c002020e                VgaText::doUpdate()
                0x00000000c002020f                newTerminal(char*)
 *fill*         0x00000000c002024d        0x3 
 .text          0x00000000c0020250      0xc60 core/tss.32
                0x00000000c0020250                TSS::TSS()
                0x00000000c0020250                TSS::TSS()
                0x00000000c00202d8                TSS::setESP(unsigned long)
                0x00000000c002037c                TSS::flush()
                0x00000000c00203c4                TSS::setup(unsigned long, unsigned long)
 .text          0x00000000c0020eb0     0x11bd core/unixfile.32
                0x00000000c0020eb0                ReservedFilename::read(unsigned long long, void*, int*)
                0x00000000c0021176                ReservedFilename::isAtty()
                0x00000000c0021274                ReservedFilename::write(unsigned long long, void*, int*)
                0x00000000c002153e                UnixFile::getFileDescriptor()
                0x00000000c0021580                UnixFile::UnixFile(int)
                0x00000000c0021580                UnixFile::UnixFile(int)
                0x00000000c0021a88                ReservedFilename::ReservedFilename(int)
                0x00000000c0021a88                ReservedFilename::ReservedFilename(int)
                0x00000000c0021bc8                UnixFile::~UnixFile()
                0x00000000c0021bc8                UnixFile::~UnixFile()
                0x00000000c0021d4c                UnixFile::~UnixFile()
                0x00000000c0021d74                ReservedFilename::~ReservedFilename()
                0x00000000c0021d74                ReservedFilename::~ReservedFilename()
                0x00000000c0021e58                ReservedFilename::~ReservedFilename()
                0x00000000c0021e7f                getFromFileDescriptor(int)
 *fill*         0x00000000c002206d        0x1 
 .text          0x00000000c002206e     0x3e09 core/virtmgr.32
                0x00000000c002206e                Virt::setPageState(unsigned long, Virt::VirtPageState)
                0x00000000c0022155                Virt::getPageState(unsigned long)
                0x00000000c00221fb                Virt::allocateKernelVirtualPages(int)
                0x00000000c002236d                Virt::freeSwapfilePage(unsigned long)
                0x00000000c00223f8                Virt::swapIDToSector(unsigned long)
                0x00000000c002240e                Virt::allocateSwapfilePage()
                0x00000000c00225c5                Virt::virtualMemorySetup()
                0x00000000c0022628                Virt::setupPageSwapping(int)
                0x00000000c0022850                VAS::VAS(VAS*)
                0x00000000c0022850                VAS::VAS(VAS*)
                0x00000000c002292a                VAS::getForeignPageTableEntry(bool, unsigned long)
                0x00000000c002297a                VAS::getPageTableEntry(unsigned long)
                0x00000000c00229b9                Virt::freeKernelVirtualPages(unsigned long)
                0x00000000c0022be0                VAS::freeAllocatedPages(unsigned long)
                0x00000000c0022c3c                VAS::virtualToPhysical(unsigned long)
                0x00000000c0022c9e                VAS::reflagRange(unsigned long, int, int, int)
                0x00000000c0022d84                VAS::VAS()
                0x00000000c0022d84                VAS::VAS()
                0x00000000c0022f70                VAS::setToWriteCombining(unsigned long, int)
                0x00000000c0023064                VAS::mapOtherVASIn(bool, VAS*)
                0x00000000c0023172                VAS::~VAS()
                0x00000000c0023172                VAS::~VAS()
                0x00000000c0023670                VAS::mapPage(unsigned long, unsigned long, int)
                0x00000000c00239a8                VAS::allocatePages(int, int)
                0x00000000c0023ea8                VAS::setCPUSpecific(unsigned long)
                0x00000000c0023ee2                VAS::mapRange(unsigned long, unsigned long, int, int)
                0x00000000c00240c4                VAS::mapForeignPage(bool, VAS*, unsigned long, unsigned long, int)
                0x00000000c0024322                VAS::VAS(bool)
                0x00000000c0024322                VAS::VAS(bool)
                0x00000000c0024f98                VAS::evict(unsigned long)
                0x00000000c002530a                VAS::tryLoadBackOffDisk(unsigned long)
                0x00000000c00256f6                VAS::scanForEviction()
                0x00000000c0025b9e                mapVASFirstTime
 .text          0x00000000c0025e77       0x5f coreobjs/c++.32
                0x00000000c0025e77                __cxa_atexit
                0x00000000c0025e7a                __cxa_finalize
                0x00000000c0025e7b                __stack_chk_fail
                0x00000000c0025eb1                __cxa_pure_virtual
                0x00000000c0025ec2                operator new[](unsigned long)
                0x00000000c0025ec7                operator delete(void*, unsigned long)
                0x00000000c0025ecc                operator delete[](void*)
                0x00000000c0025ed1                operator delete[](void*, unsigned long)
 .text          0x00000000c0025ed6      0x623 dbg/kconsole.32
                0x00000000c0025ed6                Dbg::stringifyxWithBase(unsigned int, char*, int)
                0x00000000c00260f0                Dbg::logc(char)
                0x00000000c0026110                Dbg::logs(char*)
                0x00000000c002619f                Dbg::logWriteInt(unsigned int)
                0x00000000c00261bf                Dbg::logWriteIntBase(unsigned int, int)
                0x00000000c00261e2                Dbg::kprintf(char const*, ...)
 *fill*         0x00000000c00264f9        0x3 
 .text          0x00000000c00264fc      0x238 dbg/usban.32
                0x00000000c00264fc                KiUbsanPrintDetails(char const*, void*)
                0x00000000c0026638                __ubsan_handle_type_mismatch_v1
                0x00000000c0026654                __ubsan_handle_pointer_overflow
                0x00000000c0026670                __ubsan_handle_out_of_bounds
                0x00000000c002668c                __ubsan_handle_add_overflow
                0x00000000c00266a4                __ubsan_handle_load_invalid_value
                0x00000000c00266bc                __ubsan_handle_divrem_overflow
                0x00000000c00266d4                __ubsan_handle_mul_overflow
                0x00000000c00266ec                __ubsan_handle_sub_overflow
                0x00000000c0026704                __ubsan_handle_shift_out_of_bounds
                0x00000000c002671c                __ubsan_handle_negate_overflow
 .text          0x00000000c0026734     0x7506 fs/vfs.32
                0x00000000c0026734                File::isAtty()
                0x00000000c0026738                Directory::isAtty()
                0x00000000c002673c                Filesystem::getlabel(LogicalDisk*, int, char*, unsigned int*)
                0x00000000c0026742                Filesystem::setlabel(LogicalDisk*, int, char*)
                0x00000000c0026748                Filesystem::allocateSwapfile(char const*, int)
                0x00000000c002674e                File::~File()
                0x00000000c002674e                File::~File()
                0x00000000c002681e                File::~File()
                0x00000000c0026848                Directory::~Directory()
                0x00000000c0026848                Directory::~Directory()
                0x00000000c0026918                Directory::~Directory()
                0x00000000c0026942                Directory::write(unsigned long long, void*, int*)
                0x00000000c0026af2                File::read(unsigned long long, void*, int*)
                0x00000000c0026f48                File::write(unsigned long long, void*, int*)
                0x00000000c002739e                Directory::read(unsigned long long, void*, int*)
                0x00000000c00277f4                Filesystem::Filesystem()
                0x00000000c00277f4                Filesystem::Filesystem()
                0x00000000c00278cc                Filesystem::~Filesystem()
                0x00000000c00278cc                Filesystem::~Filesystem()
                0x00000000c002794a                Filesystem::~Filesystem()
                0x00000000c0027971                Fs::getcwd(Process*, char*, int)
                0x00000000c0027aac                Fs::initVFS()
                0x00000000c0027ad6                Fs::standardiseFiles(char*, char const*, char const*)
                0x00000000c002892c                File::File(char const*, Process*)
                0x00000000c002892c                File::File(char const*, Process*)
                0x00000000c0028eba                File::open(FileOpenMode)
                0x00000000c002931e                File::close()
                0x00000000c0029770                File::seek(unsigned long long)
                0x00000000c0029ba6                File::tell(unsigned long long*)
                0x00000000c0029fca                File::rewind()
                0x00000000c0029ffc                File::unlink()
                0x00000000c002a410                File::rename(char const*)
                0x00000000c002a814                File::chfatattr(unsigned char, unsigned char)
                0x00000000c002ac36                File::exists()
                0x00000000c002afca                File::stat(unsigned long long*, bool*)
                0x00000000c002b644                Fs::setcwd(Process*, char*)
                0x00000000c002bbfc                Directory::Directory(char const*, Process*)
                0x00000000c002bbfc                Directory::Directory(char const*, Process*)
                0x00000000c002c18a                Directory::open()
                0x00000000c002c5fe                Directory::close()
                0x00000000c002ca50                Directory::unlink()
                0x00000000c002ce64                Directory::rename(char const*)
                0x00000000c002d268                Directory::exists()
                0x00000000c002d5fc                Directory::read(dirent*)
                0x00000000c002d820                Directory::create()
                0x00000000c002dc34                Filesystem::chfatattr(char const*, unsigned char, unsigned char)
 *fill*         0x00000000c002dc3a        0x2 
 .text          0x00000000c002dc3c      0x252 hal/bus.32
                0x00000000c002dc3c                Bus::Bus(char const*)
                0x00000000c002dc3c                Bus::Bus(char const*)
                0x00000000c002dd80                Bus::~Bus()
                0x00000000c002dd80                Bus::~Bus()
                0x00000000c002de64                Bus::~Bus()
 .text          0x00000000c002de8e       0xee hal/buzzer.32
                0x00000000c002de8e                beepThread(void*)
                0x00000000c002defa                Krnl::beep(int, int, bool)
 .text          0x00000000c002df7c      0xad8 hal/clock.32
                0x00000000c002df7c                User::loadClockSettings(int)
                0x00000000c002e068                Clock::Clock(char const*)
                0x00000000c002e068                Clock::Clock(char const*)
                0x00000000c002e192                Clock::~Clock()
                0x00000000c002e192                Clock::~Clock()
                0x00000000c002e262                Clock::~Clock()
                0x00000000c002e28c                Clock::timeInSecondsLocal()
                0x00000000c002e3dc                Clock::setTimeInSecondsLocal(unsigned long long)
                0x00000000c002e525                datetimeToSeconds(datetime_t)
                0x00000000c002e71e                Clock::setTimeInDatetimeLocal(datetime_t)
                0x00000000c002e89e                secondsToDatetime(unsigned long long)
                0x00000000c002ea12                Clock::timeInDatetimeLocal()
 .text          0x00000000c002ea54     0x167b hal/device.32
                0x00000000c002ea54                Device::hibernate()
                0x00000000c002ea56                Device::wake()
                0x00000000c002ea58                Device::detect()
                0x00000000c002ea5a                Device::disableLegacy()
                0x00000000c002ea5c                Device::powerSaving(PowerSavingLevel)
                0x00000000c002ea5e                DriverlessDevice::close(int, int, void*)
                0x00000000c002ea62                DriverlessDevice::detect()
                0x00000000c002ea64                DriverlessDevice::open(int, int, void*)
                0x00000000c002ea78                Device::~Device()
                0x00000000c002ea78                Device::~Device()
                0x00000000c002eaf6                Device::~Device()
                0x00000000c002eb20                Device::findAndLoadDriver()
                0x00000000c002eb2e                Device::preOpenPCI(PCIDeviceInfo)
                0x00000000c002ebc8                Device::preOpenACPI(void*, char*, char*)
                0x00000000c002ecda                Device::addIRQHandler(int, void (*)(regs*, void*), bool, void*)
                0x00000000c002ed04                Device::getParent()
                0x00000000c002ed4e                Device::removeIRQHandler(int, void (*)(regs*, void*), bool)
                0x00000000c002ed6c                Device::addChild(Device*)
                0x00000000c002ef08                Device::removeAllChildren()
                0x00000000c002f0cc                Device::hibernateAll()
                0x00000000c002f220                Device::wakeAll()
                0x00000000c002f374                Device::detectAll()
                0x00000000c002f4c8                Device::disableLegacyAll()
                0x00000000c002f4ca                Device::loadDriversForAll()
                0x00000000c002f4cc                Device::closeAll()
                0x00000000c002f624                Device::powerSavingAll(PowerSavingLevel)
                0x00000000c002f784                Device::setName(char const*)
                0x00000000c002f7d6                Device::Device(char const*)
                0x00000000c002f7d6                Device::Device(char const*)
                0x00000000c002fdc6                Device::getName()
                0x00000000c002fe0a                DriverlessDevice::DriverlessDevice(char const*)
                0x00000000c002fe0a                DriverlessDevice::DriverlessDevice(char const*)
                0x00000000c002ff34                Device::addToLinkedList(LinkedList<Device>&, DeviceType)
                0x00000000c003006f                getDevicesOfType(DeviceType)
 *fill*         0x00000000c00300cf        0x1 
 .text          0x00000000c00300d0      0x252 hal/diskctrl.32
                0x00000000c00300d0                HardDiskController::HardDiskController(char const*)
                0x00000000c00300d0                HardDiskController::HardDiskController(char const*)
                0x00000000c0030214                HardDiskController::~HardDiskController()
                0x00000000c0030214                HardDiskController::~HardDiskController()
                0x00000000c00302f8                HardDiskController::~HardDiskController()
 .text          0x00000000c0030322      0x3f8 hal/diskphys.32
                0x00000000c0030322                PhysicalDisk::eject()
                0x00000000c0030326                PhysicalDisk::PhysicalDisk(char const*, int)
                0x00000000c0030326                PhysicalDisk::PhysicalDisk(char const*, int)
                0x00000000c00305a6                PhysicalDisk::startCache()
                0x00000000c0030620                PhysicalDisk::~PhysicalDisk()
                0x00000000c0030620                PhysicalDisk::~PhysicalDisk()
                0x00000000c00306f0                PhysicalDisk::~PhysicalDisk()
 .text          0x00000000c003071a        0x0 hal/fpu.32
 .text          0x00000000c003071a     0x1907 hal/intctrl.32
                0x00000000c003071a                int_handler
                0x00000000c0030b2e                installISRHandler(int, void (*)(regs*, void*), void*)
                0x00000000c0030deb                installIRQHandler(int, void (*)(regs*, void*), bool, void*)
                0x00000000c0031594                uninstallISRHandler(int, void (*)(regs*, void*))
                0x00000000c0031893                uninstallIRQHandler(int, void (*)(regs*, void*), bool)
                0x00000000c0031cc5                setupINTS()
                0x00000000c0031eee                convertLegacyIRQNumber(int)
 *fill*         0x00000000c0032021        0x1 
 .text          0x00000000c0032022     0x12a0 hal/keybrd.32
                0x00000000c0032022                startGUI(void*)
                0x00000000c00320a9                startGUIVESA(void*)
                0x00000000c0032130                sendKeyToTerminal(unsigned char)
                0x00000000c00322cb                sendKeyboardToken(KeyboardToken)
                0x00000000c0032af8                clearInternalKeybuffer(VgaText*)
                0x00000000c0032bc0                readKeyboard(VgaText*, char*, unsigned long)
                0x00000000c0033096                Keyboard::Keyboard(char const*)
                0x00000000c0033096                Keyboard::Keyboard(char const*)
                0x00000000c00331c8                Keyboard::~Keyboard()
                0x00000000c00331c8                Keyboard::~Keyboard()
                0x00000000c0033298                Keyboard::~Keyboard()
 .text          0x00000000c00332c2      0xf99 hal/logidisk.32
                0x00000000c00332c2                LogicalDisk::close(int, int, void*)
                0x00000000c00332c6                LogicalDisk::~LogicalDisk()
                0x00000000c00332c6                LogicalDisk::~LogicalDisk()
                0x00000000c0033396                LogicalDisk::~LogicalDisk()
                0x00000000c00333c0                LogicalDisk::open(int, int, void*)
                0x00000000c00333d4                LogicalDisk::absoluteToRelative(unsigned long long)
                0x00000000c00334aa                LogicalDisk::relativeToAbsolute(unsigned long long)
                0x00000000c003353c                LogicalDisk::LogicalDisk(char const*, PhysicalDisk*, unsigned long long, unsigned long long)
                0x00000000c003353c                LogicalDisk::LogicalDisk(char const*, PhysicalDisk*, unsigned long long, unsigned long long)
                0x00000000c00338f0                LogicalDisk::assignDriveLetter()
                0x00000000c0033b54                LogicalDisk::mount()
                0x00000000c0033cba                LogicalDisk::unmount()
                0x00000000c0033d08                LogicalDisk::eject()
                0x00000000c0033dc0                LogicalDisk::unassignDriveLetter()
                0x00000000c0033f48                LogicalDisk::read(unsigned long long, int, void*)
                0x00000000c00340d2                LogicalDisk::write(unsigned long long, int, void*)
 *fill*         0x00000000c003425b        0x1 
 .text          0x00000000c003425c      0x252 hal/mouse.32
                0x00000000c003425c                Mouse::Mouse(char const*)
                0x00000000c003425c                Mouse::Mouse(char const*)
                0x00000000c00343a0                Mouse::~Mouse()
                0x00000000c00343a0                Mouse::~Mouse()
                0x00000000c0034484                Mouse::~Mouse()
 .text          0x00000000c00344ae      0x230 hal/nic.32
                0x00000000c00344ae                NIC::getMAC()
                0x00000000c00344b4                NIC::write(int, unsigned char*, int*)
                0x00000000c00344ba                NIC::NIC(char const*)
                0x00000000c00344ba                NIC::NIC(char const*)
                0x00000000c00345e4                NIC::~NIC()
                0x00000000c00345e4                NIC::~NIC()
                0x00000000c00346b4                NIC::~NIC()
 .text          0x00000000c00346de      0xe6c hal/partition.32
                0x00000000c00346de                makePartition(PhysicalDisk*, unsigned long long, unsigned long long)
                0x00000000c0034848                createPartitionsForDisk(PhysicalDisk*)
 *fill*         0x00000000c003554a        0x2 
 .text          0x00000000c003554c      0x252 hal/serial.32
                0x00000000c003554c                Serial::Serial(char const*)
                0x00000000c003554c                Serial::Serial(char const*)
                0x00000000c0035690                Serial::~Serial()
                0x00000000c0035690                Serial::~Serial()
                0x00000000c0035774                Serial::~Serial()
 *fill*         0x00000000c003579e        0x2 
 .text          0x00000000c00357a0      0x7a4 hal/timer.32
                0x00000000c00357a0                Timer::Timer(char const*)
                0x00000000c00357a0                Timer::Timer(char const*)
                0x00000000c00358e4                Timer::~Timer()
                0x00000000c00358e4                Timer::~Timer()
                0x00000000c00359c8                Timer::~Timer()
                0x00000000c00359f2                Timer::read()
                0x00000000c0035a3f                setupTimer(int)
                0x00000000c0035b2d                timerHandler(unsigned int)
 .text          0x00000000c0035f44     0x1a4c hal/vcache.32
                0x00000000c0035f44                VCache::VCache(PhysicalDisk*)
                0x00000000c0035f44                VCache::VCache(PhysicalDisk*)
                0x00000000c00368ea                VCache::invalidateReadBuffer()
                0x00000000c0036986                VCache::writeWriteBuffer()
                0x00000000c0036b88                VCache::~VCache()
                0x00000000c0036b88                VCache::~VCache()
                0x00000000c0036d64                VCache::~VCache()
                0x00000000c0036d8c                VCache::write(unsigned long long, int, void*)
                0x00000000c003735a                VCache::read(unsigned long long, int, void*)
 .text          0x00000000c0037990     0x123e hal/video.32
                0x00000000c0037990                Video::putpixel(int, int, unsigned int)
                0x00000000c003799e                Video::readPixelApprox(int, int)
                0x00000000c00379b2                Video::putrect(int, int, int, int, unsigned int)
                0x00000000c0037ada                Video::bitblit(int, int, int, int, int, int, int, unsigned int*)
                0x00000000c0037cea                Video::blit(unsigned int*, int, int, int, int)
                0x00000000c0037ef0                Video::clearScreen(unsigned int)
                0x00000000c0038026                Video::Video(char const*)
                0x00000000c0038026                Video::Video(char const*)
                0x00000000c0038150                Video::~Video()
                0x00000000c0038150                Video::~Video()
                0x00000000c0038220                Video::~Video()
                0x00000000c003824a                Video::isMonochrome()
                0x00000000c0038294                Video::getWidth()
                0x00000000c00382de                Video::getHeight()
                0x00000000c0038328                Video::drawCursor(int, int, unsigned int*, int)
                0x00000000c00385d6                Video::tgaParse(unsigned char*, int, int*, int*)
                0x00000000c0038a20                Video::putTGA(int, int, unsigned char*, int)
 *fill*         0x00000000c0038bce        0x2 
 .text          0x00000000c0038bd0     0x3d8f hw/acpi.32
                0x00000000c0038bd0                ACPI::close(int, int, void*)
                0x00000000c0038c84                findRSDP()
                0x00000000c0038dd8                loadACPITables(unsigned char*)
                0x00000000c00396a0                findRSDT(unsigned char*)
                0x00000000c0039888                findDataTable(unsigned char*, char*)
                0x00000000c0039a94                scanMADT()
                0x00000000c003afcc                ACPI::ACPI()
                0x00000000c003afcc                ACPI::ACPI()
                0x00000000c003b1d0                ACPI::getPCIIRQAssignment(unsigned char, unsigned short, unsigned char)
                0x00000000c003b5a4                ACPI::registerPCIIRQAssignment(void*, unsigned short, unsigned char, unsigned char)
                0x00000000c003bad8                ACPI::setScreenBrightnessLevel(void*, int)
                0x00000000c003bae0                ACPI::detectPCI()
                0x00000000c003c018                ACPI::writeSimpleBootFlag(SimpleBootFlagTable*)
                0x00000000c003c0ec                ACPI::sleep()
                0x00000000c003c108                ACPI::open(int, int, void*)
 *fill*         0x00000000c003c95f        0x1 
 .text          0x00000000c003c960     0x2198 hw/cpu.32
                0x00000000c003c960                CPU::close(int, int, void*)
                0x00000000c003c964                CPU::AMD_K6_write_msr(unsigned int, unsigned int, unsigned int, CPU::REGS*)
                0x00000000c003c980                CPU::AMD_K6_read_msr(unsigned int, CPU::REGS*)
                0x00000000c003c998                CPU::AMD_K6_writeback(int, int, int)
                0x00000000c003ca0c                CPU::cpuid(int, unsigned long*, unsigned long*, unsigned long*, unsigned long*)
                0x00000000c003cb8a                CPU::cpuidCheckEDX(unsigned int)
                0x00000000c003cbb8                CPU::cpuidCheckECX(unsigned int)
                0x00000000c003cbe6                CPU::cpuidCheckExtendedEBX(unsigned int)
                0x00000000c003cc14                CPU::cpuidCheckExtendedECX(unsigned int)
                0x00000000c003cc42                CPU::CPU()
                0x00000000c003cc42                CPU::CPU()
                0x00000000c003cf90                CPU::displayFeatures()
                0x00000000c003cf92                CPU::detectFeatures()
                0x00000000c003e2f4                CPU::setupSMEP()
                0x00000000c003e300                CPU::setupUMIP()
                0x00000000c003e30a                CPU::setupTSC()
                0x00000000c003e314                CPU::setupLargePages()
                0x00000000c003e31e                CPU::setupPAT()
                0x00000000c003e3ce                CPU::setupMTRR()
                0x00000000c003e3d0                CPU::setupGlobalPages()
                0x00000000c003e3da                CPU::allowUsermodeDataAccess()
                0x00000000c003e42a                CPU::prohibitUsermodeDataAccess()
                0x00000000c003e47a                CPU::setupSMAP()
                0x00000000c003e4b4                CPU::setupFeatures()
                0x00000000c003e74c                CPU::open(int, int, void*)
 .text          0x00000000c003eaf8      0x503 krnl/bootmsg.32
                0x00000000c003eaf8                KeDisplaySplashScreen()
                0x00000000c003ee8d                KeSetBootMessage(char const*)
 *fill*         0x00000000c003effb        0x1 
 .text          0x00000000c003effc     0x175a krnl/env.32
                0x00000000c003effc                EnvVarContainer::getEnv(char const*)
                0x00000000c003f154                EnvVarContainer::setEnv(char const*, char const*)
                0x00000000c003f31c                EnvVarContainer::deleteEnv(char const*)
                0x00000000c003f31e                EnvVarContainer::loadFrom(char const*, char const*)
                0x00000000c003f944                EnvVarContainer::__loadSystem()
                0x00000000c003f97c                EnvVarContainer::__loadUser()
                0x00000000c003f97e                EnvVarContainer::EnvVarContainer(Process*)
                0x00000000c003f97e                EnvVarContainer::EnvVarContainer(Process*)
                0x00000000c003fa74                EnvVarContainer::~EnvVarContainer()
                0x00000000c003fa74                EnvVarContainer::~EnvVarContainer()
                0x00000000c003fb76                Krnl::getEnv(Process*, char const*)
                0x00000000c003fc56                Krnl::setEnvSystem(char const*, char const*)
                0x00000000c003fc8d                Krnl::setEnvUser(char const*, char const*)
                0x00000000c003fcc7                Krnl::setEnvProcess(Process*, char const*, char const*)
                0x00000000c003fd3c                Krnl::deleteEnvSystem(char const*)
                0x00000000c003fd5c                Krnl::deleteEnvUser(char const*)
                0x00000000c003fd7c                Krnl::deleteEnvProcess(Process*, char const*)
                0x00000000c003fdda                Krnl::newProcessEnv(Process*)
                0x00000000c003fe15                Krnl::copyProcessEnv(Process*, Process*)
                0x00000000c003ffae                Krnl::loadSystemEnv()
                0x00000000c0040014                Krnl::loadUserEnv()
                0x00000000c0040071                Krnl::flushEnv()
                0x00000000c0040072                Krnl::getProcessTotalEnvCount(Process*)
                0x00000000c00401e7                Krnl::getProcessEnvPair(Process*, int)
 .text          0x00000000c0040756      0x193 krnl/inlines.32
                0x00000000c0040756                CPU::current()
                0x00000000c00407a2                operator new(unsigned long)
                0x00000000c00407a7                operator delete(void*)
                0x00000000c00407ac                disableIRQs()
                0x00000000c00407ae                enableIRQs()
                0x00000000c00407b0                lockScheduler()
                0x00000000c00407dd                unlockScheduler()
                0x00000000c004080e                lockStuff()
                0x00000000c004085e                unlockStuff()
                0x00000000c00408ce                Virt::getAKernelVAS()
                0x00000000c00408d4                __not_memcpy
 .text          0x00000000c00408e9        0xc krnl/panic.32
                0x00000000c00408e9                KePanic(char const*)
 .text          0x00000000c00408f5      0x1fd krnl/powctrl.32
                0x00000000c00408f5                Krnl::powerThread(void*)
                0x00000000c004095a                Krnl::changePowerSettings(Krnl::PowerSettings)
                0x00000000c0040970                Krnl::userIOReceived()
                0x00000000c004097b                Krnl::handlePowerButton()
                0x00000000c00409e6                Krnl::handleSleepButton()
                0x00000000c0040a51                Krnl::setupPowerManager()
 .text          0x00000000c0040af2       0x9d krnl/random.32
                0x00000000c0040af2                KeRand()
                0x00000000c0040b34                KeSeedRand(unsigned int)
                0x00000000c0040b5d                KeInitRand()
 *fill*         0x00000000c0040b8f        0x1 
 .text          0x00000000c0040b90      0x1bc krnl/resolve.32
                0x00000000c0040b90                KeResolveCompatibilitySymbol(char*)
 .text          0x00000000c0040d4c      0xde7 krnl/signal.32
                0x00000000c0040d4c                KiSigKill(int)
                0x00000000c0040d60                KiDefaultSignalHandlerIgnore(int)
                0x00000000c0040d61                KiDefaultSignalHandlerPause(int)
                0x00000000c0040d8d                KiDefaultSignalHandlerResume(int)
                0x00000000c0040db9                KeDeinitSignals(SigHandlerBlock*)
                0x00000000c0040dbe                KeInitSignals()
                0x00000000c0040eaa                KeRegisterSignalHandler(SigHandlerBlock*, int, void (*)(int), unsigned int, int)
                0x00000000c0041021                KeRaiseSignal(SigHandlerBlock*, int)
                0x00000000c00411ae                KeCheckSignal(SigHandlerBlock*, int*)
                0x00000000c00417aa                KiCheckSignalZ
                0x00000000c004190a                KeCompleteSignal(SigHandlerBlock*, int)
                0x00000000c0041a0b                KiFinishSignalZ
 .text          0x00000000c0041b33     0x4829 krnl/syscalls.32
                0x00000000c0041b33                SysSeekDir(regs*)
                0x00000000c0041b38                SysTellDir(regs*)
                0x00000000c0041b3d                SysTTYName(regs*)
                0x00000000c0041b45                SysNotImpl(regs*)
                0x00000000c0041b60                SysVerify(regs*)
                0x00000000c0041ba7                SysGetArgc(regs*)
                0x00000000c0041c2c                SysFormatDisk(regs*)
                0x00000000c0041f60                SysSetDiskVolumeLabel(regs*)
                0x00000000c004262e                SysGetDiskVolumeLabel(regs*)
                0x00000000c0042d4e                SysShutdown(regs*)
                0x00000000c0042f69                SysRealpath(regs*)
                0x00000000c0043101                SysReadDir(regs*)
                0x00000000c0043330                SysIsATTY(regs*)
                0x00000000c0043529                SysSeek(regs*)
                0x00000000c004369f                SysTell(regs*)
                0x00000000c004389d                SysSize(regs*)
                0x00000000c0043aa0                SysClose(regs*)
                0x00000000c0043c7f                SysCloseDir(regs*)
                0x00000000c0043dfa                SysWait(regs*)
                0x00000000c0043e8c                SysPanic(regs*)
                0x00000000c0043ee1                SysGetArgv(regs*)
                0x00000000c004419a                SysUSleep(regs*)
                0x00000000c0044236                SysGetEnv(regs*)
                0x00000000c004443e                SysGetUnixTime(regs*)
                0x00000000c00444b1                SysSizeFromFilename(regs*)
                0x00000000c00447c4                SysOpenDir(regs*)
                0x00000000c00449ee                SysMakeDir(regs*)
                0x00000000c0044ba6                SysRmdir(regs*)
                0x00000000c0044d61                SysUnlink(regs*)
                0x00000000c0044f1c                SysSetFatAttrib(regs*)
                0x00000000c0045167                SysPipe(regs*)
                0x00000000c0045324                SysSpawn(regs*)
                0x00000000c0045505                string_ends_with(char const*, char const*)
                0x00000000c004558b                SysOpen(regs*)
                0x00000000c00461b2                KeSystemCall(regs*, void*)
 .text          0x00000000c004635c      0x2cd net/ethernet.32
                0x00000000c004635c                KeSwitchEndian16(unsigned short)
                0x00000000c00463b0                KeSwitchEndian32(unsigned int)
                0x00000000c00463e4                EthernetCRC32(unsigned char*, int)
                0x00000000c0046530                EthernetReceivedPacket(EthernetUnwrappedFrame*, unsigned short)
 .text          0x00000000c0046629     0x238f reg/cm.32
                0x00000000c0046629                CmOpen(char const*)
                0x00000000c00469c8                CmClose(Reghive_Tag*)
                0x00000000c0046a39                CmReadExtent(Reghive_Tag*, int, unsigned char*)
                0x00000000c0046b54                CmGetString(Reghive_Tag*, int, char*)
                0x00000000c0046ce9                CmEnterDirectory(Reghive_Tag*, int)
                0x00000000c0046d28                CmGetNext(Reghive_Tag*, int)
                0x00000000c0046d5a                CmWriteExtent(Reghive_Tag*, int, unsigned char*)
                0x00000000c0046e75                CmFreeExtent(Reghive_Tag*, int)
                0x00000000c0046e9d                CmUpdateHeader(Reghive_Tag*)
                0x00000000c0046f0d                CmExpand(Reghive_Tag*, int)
                0x00000000c004708a                CmFindUnusedExtent(Reghive_Tag*)
                0x00000000c004723b                CmCreateExtent(Reghive_Tag*, int, int, unsigned char*)
                0x00000000c004732f                CmSetString(Reghive_Tag*, int, char const*)
                0x00000000c00477fb                CmGetMatch(char*, char*, bool, bool*)
                0x00000000c00478ef                CmAddShift(unsigned int*, int*, unsigned char, int)
                0x00000000c00479e9                CmGetShift(unsigned int*, int*, int, bool*)
                0x00000000c0047b35                CmGetInteger(Reghive_Tag*, int, unsigned long long*)
                0x00000000c0047b81                CmSetInteger(Reghive_Tag*, int, unsigned long long)
                0x00000000c0047bc1                CmConvertFromInternalFilename(unsigned char const*, char*)
                0x00000000c0047dfa                CmGetNameAndTypeFromExtent(Reghive_Tag*, int, char*)
                0x00000000c0047e28                CmConvertToInternalFilename(char const*, unsigned char*)
                0x00000000c00483d3                CmCreateString(Reghive_Tag*, int, char const*)
                0x00000000c0048420                CmFindInDirectory(Reghive_Tag*, int, char const*)
                0x00000000c004849a                CmCreateInteger(Reghive_Tag*, int, char const*, unsigned long long, int)
                0x00000000c00484ed                CmCreateDirectory(Reghive_Tag*, int, char const*)
                0x00000000c00485b1                zStrtok(char*, char const*)
                0x00000000c0048792                CmFindObjectFromPath(Reghive_Tag*, char const*)
                0x00000000c0048813                CmDisplayTree(Reghive_Tag*, int, int)
                0x00000000c00488ee                CmSplitFinalSlashInPlace(char*)
 .text          0x00000000c00489b8     0x1267 reg/registry.32
                0x00000000c00489b8                Reg::findLineFromLoadedData(char*, char*, char*)
                0x00000000c0048de9                Reg::getLineFromRegistry(char*, char*, char*, char*)
                0x00000000c004918e                Reg::getLine(char*, char*, char*)
                0x00000000c00491c5                Reg::readInt(char*, char*, int*)
                0x00000000c0049885                Reg::readString(char*, char*, char*, int)
                0x00000000c0049b09                Reg::readBool(char*, char*, bool*)
                0x00000000c0049b54                Reg::readBoolWithDefault(char*, char*, bool)
                0x00000000c0049b9b                Reg::readIntWithDefault(char*, char*, int)
                0x00000000c0049bc7                Reg::readStringWithDefault(char*, char*, char*, int, char*)
 .text          0x00000000c0049c1f      0x172 sys/eject.32
                0x00000000c0049c1f                SysEject(regs*)
 .text          0x00000000c0049d91       0x4e sys/exit.32
                0x00000000c0049d91                SysExit(regs*)
 .text          0x00000000c0049ddf       0x9d sys/getcwd.32
                0x00000000c0049ddf                SysGetCwd(regs*)
 .text          0x00000000c0049e7c       0x57 sys/getpid.32
                0x00000000c0049e7c                SysGetPID(regs*)
 .text          0x00000000c0049ed3       0x86 sys/getramdata.32
                0x00000000c0049ed3                SysGetRAMData(regs*)
 .text          0x00000000c0049f59      0x23f sys/getvgaptr.32
                0x00000000c0049f59                SysGetVGAPtr(regs*)
 .text          0x00000000c004a198      0x330 sys/kill.32
                0x00000000c004a198                SysKill(regs*)
 .text          0x00000000c004a4c8      0x21f sys/loaddll.32
                0x00000000c004a4c8                SysLoadDLL(regs*)
 .text          0x00000000c004a6e7      0x1e6 sys/read.32
                0x00000000c004a6e7                SysRead(regs*)
 .text          0x00000000c004a8cd       0xdc sys/registersignal.32
                0x00000000c004a8cd                SysRegisterSignal(regs*)
 .text          0x00000000c004a9a9      0x4e1 sys/registry.32
                0x00000000c004a9a9                SysRegistryGetTypeFromPath(regs*)
                0x00000000c004aaa0                SysRegistryReadExtent(regs*)
                0x00000000c004ab9e                SysRegistryPathToExtentLookup(regs*)
                0x00000000c004ac2f                SysRegistryEnterDirectory(regs*)
                0x00000000c004acc0                SysRegistryGetNext(regs*)
                0x00000000c004ad51                SysRegistryGetNameAndTypeFromExtent(regs*)
                0x00000000c004adf3                SysRegistryOpen(regs*)
                0x00000000c004ae3d                SysRegistryClose(regs*)
 .text          0x00000000c004ae8a      0x18c sys/sbrk.32
                0x00000000c004ae8a                SysSbrk(regs*)
 .text          0x00000000c004b016       0x80 sys/setcwd.32
                0x00000000c004b016                SysSetCwd(regs*)
 .text          0x00000000c004b096      0x206 sys/settime.32
                0x00000000c004b096                SysSetTime(regs*)
 .text          0x00000000c004b29c       0x99 sys/timezone.32
                0x00000000c004b29c                SysTimezone(regs*)
 .text          0x00000000c004b335      0x1e6 sys/write.32
                0x00000000c004b335                SysWrite(regs*)
 .text          0x00000000c004b51b      0x166 sys/wsbe.32
                0x00000000c004b51b                SysWsbe(regs*)
 .text          0x00000000c004b681       0x5e sys/yield.32
                0x00000000c004b681                SysYield(regs*)
 .text          0x00000000c004b6df     0x425b thr/elf.32
                0x00000000c004b6df                Thr::allocateMemoryForTask(Process*, File*, unsigned long, unsigned long, unsigned long)
                0x00000000c004bdbd                Thr::loadProgramIntoMemory(Process*, char const*)
                0x00000000c004c622                Thr::runtimeReferenceHelper()
                0x00000000c004c635                Thr::getAddressOfKernelSymbol(char const*)
                0x00000000c004c8d6                Thr::loadKernelSymbolTable(char const*)
                0x00000000c004d360                Thr::loadDriverIntoMemory(char const*, unsigned long, bool)
                0x00000000c004ef6e                Thr::getDriverBaseFromAddress(unsigned long)
                0x00000000c004f179                Thr::getDriverNameFromAddress(unsigned long)
                0x00000000c004f37f                Thr::getDriverOffsetFromAddress(unsigned long)
                0x00000000c004f3a1                Thr::loadDLL(char const*, bool)
                0x00000000c004f901                Thr::executeDLL(unsigned long, void*)
 *fill*         0x00000000c004f93a        0x2 
 .text          0x00000000c004f93c     0x4ced thr/prcssthr.32
                0x00000000c004f93c                userModeEntryPoint(void*)
                0x00000000c004fa04                changeTSS
                0x00000000c004fb40                switchToThread(ThreadControlBlock*)
                0x00000000c004fd2c                Process::addArgs(char**)
                0x00000000c0050138                Process::Process(char const*, Process*, char**)
                0x00000000c0050138                Process::Process(char const*, Process*, char**)
                0x00000000c00509a4                Process::Process(bool, char const*, Process*, char**)
                0x00000000c00509a4                Process::Process(bool, char const*, Process*, char**)
                0x00000000c0051198                taskStartupFunction
                0x00000000c00511e0                Semaphore::Semaphore(int)
                0x00000000c00511e0                Semaphore::Semaphore(int)
                0x00000000c0051348                Mutex::Mutex()
                0x00000000c0051348                Mutex::Mutex()
                0x00000000c00513d8                Process::createThread(void (*)(void*), void*, int)
                0x00000000c0051a60                Process::createUserThread()
                0x00000000c0051a98                setupMultitasking(void (*)())
                0x00000000c0051cb4                schedule()
                0x00000000c0051dc0                Semaphore::tryAcquire()
                0x00000000c0052068                Semaphore::assertLocked(char const*)
                0x00000000c00521dc                blockTaskWithSchedulerLockAlreadyHeld(TaskState)
                0x00000000c005225c                blockTask(TaskState)
                0x00000000c0052308                waitTask(int, int*, int)
                0x00000000c00524b0                milliTenthSleepUntil(unsigned int)
                0x00000000c0052620                milliTenthSleep(unsigned int)
                0x00000000c0052634                sleep(unsigned int)
                0x00000000c0052650                Semaphore::acquire()
                0x00000000c00529e0                taskReturned
                0x00000000c0052a68                Thr::processFromPID(int)
                0x00000000c0052bec                unblockTask(ThreadControlBlock*)
                0x00000000c0052d40                cleanupTerminatedTask(ThreadControlBlock*)
                0x00000000c0053d7c                cleanerTaskFunction(void*)
                0x00000000c0053fd8                terminateTask(int)
                0x00000000c00542c0                Thr::terminateFromIRQ(int)
                0x00000000c00542d0                Semaphore::release()
 .text          0x00000000c0054629     0x2e23 vm86/vm8086.32
                0x00000000c0054629                Vm::inbv(unsigned short)
                0x00000000c005463c                Vm::outbv(unsigned short, unsigned char)
                0x00000000c0054703                Vm::realToLinear(unsigned short, unsigned short)
                0x00000000c0054713                Vm::getSegment(unsigned int)
                0x00000000c005471b                Vm::getOffset(unsigned int)
                0x00000000c0054720                Vm::mainloop2()
                0x00000000c00547ad                Vm::mainVm8086Loop(void*)
                0x00000000c00547e2                Vm::mainloop3(unsigned long)
                0x00000000c005482e                Vm::initialise8086()
                0x00000000c00548d8                Vm::finish8086()
                0x00000000c005499d                Vm::getOutput8086(unsigned char*)
                0x00000000c00549c2                Vm::start8086FromBuffer(unsigned char*, int, unsigned short, unsigned short, unsigned short, unsigned short)
                0x00000000c0054b83                Vm::start8086(char const*, unsigned short, unsigned short, unsigned short, unsigned short)
                0x00000000c0054f5d                Vm::doISR(regs*, int, unsigned char*, unsigned short, unsigned short)
                0x00000000c0055246                Vm::readByteFromReal(unsigned short, unsigned short)
                0x00000000c0055273                Vm::readWordFromReal(unsigned short, unsigned short)
                0x00000000c00552a5                Vm::readDwordFromReal(unsigned short, unsigned short)
                0x00000000c00552d6                Vm::writeByteFromReal(unsigned short, unsigned short, unsigned char)
                0x00000000c0055307                Vm::writeWordFromReal(unsigned short, unsigned short, unsigned short)
                0x00000000c005533b                Vm::writeDwordFromReal(unsigned short, unsigned short, unsigned int)
                0x00000000c0055370                Vm::faultHandler(regs*)
 .text          0x00000000c005744c     0x20ed arch/i386/hal.32
                0x00000000c005744c                noCopro(unsigned long)
                0x00000000c005744d                nmiHandler(regs*, void*)
                0x00000000c0057487                doubleFault(regs*, void*)
                0x00000000c00574a0                displayDebugInfo(regs*)
                0x00000000c0058465                HalSystemIdle()
                0x00000000c00585a6                displayProgramFault(char const*)
                0x00000000c0058726                gpFault(regs*, void*)
                0x00000000c005878d                pgFault(regs*, void*)
                0x00000000c0058902                otherISRHandler(regs*, void*)
                0x00000000c0058936                opcodeFault(regs*, void*)
                0x00000000c0058b0d                i386SaveCoprocessor(void*)
                0x00000000c0058b21                i386LoadCoprocessor(void*)
                0x00000000c0058b35                x87EmulHandler(regs*, void*)
                0x00000000c0058c7a                HalInitialiseCoprocessor()
                0x00000000c0058d83                HalPanic(char const*)
                0x00000000c0059006                HalQueryPerformanceCounter()
                0x00000000c0059098                HalInitialise()
                0x00000000c005946a                HalMakeBeep(int)
                0x00000000c00594a4                HalGetRand()
                0x00000000c00594a7                HalEndOfInterrupt(int)
                0x00000000c0059536                HalRestart()
                0x00000000c0059537                HalShutdown()
                0x00000000c0059538                HalSleep()
 *fill*         0x00000000c0059539        0x3 
 .text          0x00000000c005953c      0x30c arch/i386/pic.32
                0x00000000c005953c                picIoWait()
                0x00000000c0059544                picDisable()
                0x00000000c0059578                picGetIRQReg(int)
                0x00000000c0059620                picOpen()
                0x00000000c00597a4                picEOI(int)
 .text          0x00000000c0059848      0xdd9 arch/i386/rtc.32
                0x00000000c0059848                RTC::open(int, int, void*)
                0x00000000c005984c                RTC::close(int, int, void*)
                0x00000000c0059850                RTC::~RTC()
                0x00000000c0059850                RTC::~RTC()
                0x00000000c0059920                RTC::~RTC()
                0x00000000c005994a                RTC::timeInSecondsUTC()
                0x00000000c005999a                RTC::timeInDatetimeUTC()
                0x00000000c0059a30                RTC::setTimeInSecondsUTC(unsigned long long)
                0x00000000c0059ade                RTC::get_update_in_progress_flag()
                0x00000000c0059b16                RTC::completeRTCRefresh()
                0x00000000c0059fe4                RTC::setTimeInDatetimeUTC(datetime_t)
                0x00000000c005a2c0                rtcIRQHandler(regs*, void*)
                0x00000000c005a39e                RTC::RTC()
                0x00000000c005a39e                RTC::RTC()
 *fill*         0x00000000c005a621        0x3 
 .text          0x00000000c005a624      0x590 arch/i386/vga.32
                0x00000000c005a624                HalConsoleScroll(int, int)
                0x00000000c005a9d0                HalConsoleWriteCharacter(char, int, int, int, int)
                0x00000000c005ab2c                HalConsoleCursorUpdate(int, int)
 .text          0x00000000c005abb4     0x30f7 fs/fat/vfslink.32
                0x00000000c005abb4                FAT::getName()
                0x00000000c005abbc                FAT::tell(void*, unsigned long long*)
                0x00000000c005ac80                FAT::stat(void*, unsigned long long*)
                0x00000000c005ad44                FAT::~FAT()
                0x00000000c005ad44                FAT::~FAT()
                0x00000000c005ae28                FAT::~FAT()
                0x00000000c005ae50                FAT::getlabel(LogicalDisk*, int, char*, unsigned int*)
                0x00000000c005b1d4                FAT::setlabel(LogicalDisk*, int, char*)
                0x00000000c005b574                FAT::format(LogicalDisk*, int, char const*, int)
                0x00000000c005ba3c                FAT::tryMount(LogicalDisk*, int)
                0x00000000c005bf24                FAT::allocateSwapfile(char const*, int)
                0x00000000c005c444                FAT::readDir(void*, unsigned long, void*, int*)
                0x00000000c005c5e4                FAT::read(void*, unsigned long, void*, int*)
                0x00000000c005c674                FAT::write(void*, unsigned long, void*, int*)
                0x00000000c005c704                FAT::close(void*)
                0x00000000c005c758                FAT::closeDir(void*)
                0x00000000c005c7ac                FAT::seek(void*, unsigned long long)
                0x00000000c005c804                fatWrapperReadDisk
                0x00000000c005c90c                fatWrapperWriteDisk
                0x00000000c005ca14                fatWrapperIoctl
                0x00000000c005cf94                FAT::FAT()
                0x00000000c005cf94                FAT::FAT()
                0x00000000c005d15c                FAT::fixFilepath(char*)
                0x00000000c005d2f0                FAT::open(char const*, void**, FileOpenMode)
                0x00000000c005d4ec                FAT::openDir(char const*, void**)
                0x00000000c005d628                FAT::stat(char const*, unsigned long long*, bool*)
                0x00000000c005d7a4                FAT::unlink(char const*)
                0x00000000c005d854                FAT::chfatattr(char const*, unsigned char, unsigned char)
                0x00000000c005da34                FAT::rename(char const*, char const*)
                0x00000000c005db5c                FAT::mkdir(char const*)
                0x00000000c005dc0c                FAT::exists(char const*)
 *fill*         0x00000000c005dcab        0x1 
 .text          0x00000000c005dcac      0x198 fs/iso9660/helper.32
                0x00000000c005dcac                isoReadDiscSectorHelper
                0x00000000c005de0c                iso_kprintf
                0x00000000c005de28                iso_kprintfd
 .text          0x00000000c005de44     0x14a6 fs/iso9660/vfslink.32
                0x00000000c005de44                ISO9660::format(LogicalDisk*, int, char const*, int)
                0x00000000c005de4a                ISO9660::getName()
                0x00000000c005de50                ISO9660::chfatattr(char const*, unsigned char, unsigned char)
                0x00000000c005de56                ISO9660::unlink(char const*)
                0x00000000c005de5c                ISO9660::write(void*, unsigned long, void*, int*)
                0x00000000c005de62                ISO9660::rename(char const*, char const*)
                0x00000000c005de68                ISO9660::mkdir(char const*)
                0x00000000c005de6e                ISO9660::~ISO9660()
                0x00000000c005de6e                ISO9660::~ISO9660()
                0x00000000c005df3e                ISO9660::~ISO9660()
                0x00000000c005df66                ISO9660::exists(char const*)
                0x00000000c005df7a                ISO9660::seek(void*, unsigned long long)
                0x00000000c005dfbc                ISO9660::close(void*)
                0x00000000c005dfec                ISO9660::closeDir(void*)
                0x00000000c005e078                ISO9660::read(void*, unsigned long, void*, int*)
                0x00000000c005e0da                ISO9660::tell(void*, unsigned long long*)
                0x00000000c005e142                ISO9660::stat(void*, unsigned long long*)
                0x00000000c005e1ae                ISO9660::readDir(void*, unsigned long, void*, int*)
                0x00000000c005e402                ISO9660::open(char const*, void**, FileOpenMode)
                0x00000000c005e7ca                ISO9660::stat(char const*, unsigned long long*, bool*)
                0x00000000c005ec0a                ISO9660::openDir(char const*, void**)
                0x00000000c005f06e                readSectorFromCDROM(unsigned int, unsigned char*, char)
                0x00000000c005f18e                ISO9660::tryMount(LogicalDisk*, int)
                0x00000000c005f216                ISO9660::ISO9660()
                0x00000000c005f216                ISO9660::ISO9660()
 .text          0x00000000c005f2ea      0xb96 hal/sound/sndcard.32
                0x00000000c005f2ea                SoundCard::beginPlayback()
                0x00000000c005f2f8                SoundCard::stopPlayback()
                0x00000000c005f306                SoundCard::SoundCard(char const*)
                0x00000000c005f306                SoundCard::SoundCard(char const*)
                0x00000000c005f68e                SoundCard::~SoundCard()
                0x00000000c005f68e                SoundCard::~SoundCard()
                0x00000000c005f75e                SoundCard::~SoundCard()
                0x00000000c005f788                SoundCard::configureRates(int, int, int)
                0x00000000c005f886                SoundCard::getSamples16(int, short*)
                0x00000000c005fa2e                SoundCard::getSamples32(int, int*)
                0x00000000c005fd46                SoundCard::addChannel(SoundPort*)
                0x00000000c005fe10                SoundCard::removeChannel(int)
 .text          0x00000000c005fe80     0x1c81 hal/sound/sndport.32
                0x00000000c005fe80                SoundPort::SoundPort(int, int, int, int)
                0x00000000c005fe80                SoundPort::SoundPort(int, int, int, int)
                0x00000000c006021c                SoundPort::~SoundPort()
                0x00000000c006021c                SoundPort::~SoundPort()
                0x00000000c0060364                SoundPort::unpause()
                0x00000000c00603b4                SoundPort::pause()
                0x00000000c0060404                SoundPort::getBufferUsed()
                0x00000000c0060450                SoundPort::getBufferSize()
                0x00000000c006049c                SoundPort::buffer16(short*, int)
                0x00000000c0060a0c                SoundPort::buffer32(int*, int)
                0x00000000c0060f6c                SoundPort::unbufferAndAdd16(int, short*, SoundCard*)
                0x00000000c00614c4                SoundPort::unbufferAndAdd32(int, int*, SoundCard*)
 .text          0x00000000c0061b01        0x0 hw/bus/isa.32
 *fill*         0x00000000c0061b01        0x1 
 .text          0x00000000c0061b02     0x243f hw/bus/pci.32
                0x00000000c0061b02                PCI::close(int, int, void*)
                0x00000000c0061b06                PCI::open(int, int, void*)
                0x00000000c0061bc6                PCI::PCI()
                0x00000000c0061bc6                PCI::PCI()
                0x00000000c0061f98                PCI::readBAR8(unsigned int, int)
                0x00000000c0061fd2                PCI::readBAR16(unsigned int, int)
                0x00000000c0062012                PCI::readBAR32(unsigned int, int)
                0x00000000c0062050                PCI::writeBAR8(unsigned int, unsigned char, int)
                0x00000000c0062094                PCI::writeBAR16(unsigned int, unsigned short, int)
                0x00000000c00620d6                PCI::writeBAR32(unsigned int, unsigned int, int)
                0x00000000c006211a                PCI::legacyMechanism(unsigned char, unsigned char, unsigned char, unsigned char)
                0x00000000c0062190                PCI::pciReadWord(unsigned char, unsigned char, unsigned char, unsigned char)
                0x00000000c00622c8                PCI::getVendorID(unsigned char, unsigned char, unsigned char)
                0x00000000c006231e                PCI::getHeaderType(unsigned char, unsigned char, unsigned char)
                0x00000000c0062376                PCI::getClassCode(unsigned char, unsigned char, unsigned char)
                0x00000000c006240a                PCI::getProgIF(unsigned char, unsigned char, unsigned char)
                0x00000000c0062462                PCI::getRevisionID(unsigned char, unsigned char, unsigned char)
                0x00000000c00624b8                PCI::getInterruptNumber(unsigned char, unsigned char, unsigned char)
                0x00000000c006250e                PCI::getSecondaryBus(unsigned char, unsigned char, unsigned char)
                0x00000000c0062566                PCI::getBARAddress(unsigned char, unsigned char, unsigned char, unsigned char)
                0x00000000c0062618                PCI::pciWriteWord(unsigned char, unsigned char, unsigned char, unsigned char, unsigned short)
                0x00000000c0062784                PCI::pciDetailsToFilepath(PCIDeviceInfo, char*)
                0x00000000c006322a                PCI::checkBus(unsigned char)
                0x00000000c006326a                PCI::foundDevice(PCIDeviceInfo)
                0x00000000c0063808                PCI::getDeviceData(unsigned char, unsigned char, unsigned char)
                0x00000000c0063d86                PCI::checkDevice(unsigned char, unsigned char)
                0x00000000c0063e80                PCI::detect()
 *fill*         0x00000000c0063f41        0x1 
 .text          0x00000000c0063f42     0x33da hw/diskctrl/ide.32
                0x00000000c0063f42                IDE::close(int, int, void*)
                0x00000000c0063f46                IDE::IDE()
                0x00000000c0063f46                IDE::IDE()
                0x00000000c006406e                IDE::prepareInterrupt(unsigned char)
                0x00000000c00640cf                selectDrive(unsigned char, unsigned char)
                0x00000000c00640d0                IDE::getBase(unsigned char)
                0x00000000c0064132                IDE::write(unsigned char, unsigned char, unsigned char)
                0x00000000c0064408                IDE::read(unsigned char, unsigned char)
                0x00000000c00646d0                IDE::waitInterrupt(unsigned char)
                0x00000000c00647f5                ideChannel0IRQHandler(regs*, void*)
                0x00000000c0064864                ideChannel1IRQHandler(regs*, void*)
                0x00000000c00648d4                IDE::enableIRQs(unsigned char, bool)
                0x00000000c00649ea                IDE::open(int, int, void*)
                0x00000000c0066080                IDE::readBuffer(unsigned char, unsigned char, unsigned int, unsigned int)
                0x00000000c0066372                IDE::detect()
                0x00000000c0067166                IDE::printError(unsigned char, unsigned char, unsigned char)
                0x00000000c0067296                IDE::polling(unsigned char, unsigned int)
 .text          0x00000000c006731c      0xf7b hw/diskctrl/satabus.32
                0x00000000c006731c                SATABus::close(int, int, void*)
                0x00000000c0067320                SATABus::detect()
                0x00000000c0067322                SATABus::SATABus()
                0x00000000c0067322                SATABus::SATABus()
                0x00000000c0067598                SATABus::findCmdslot(SATABus::tagHBA_PORT volatile*)
                0x00000000c006768c                SATABus::checkType(SATABus::tagHBA_PORT volatile*)
                0x00000000c0067726                SATABus::startCmd(SATABus::tagHBA_PORT volatile*)
                0x00000000c00677b2                SATABus::stopCmd(SATABus::tagHBA_PORT volatile*)
                0x00000000c0067860                SATABus::portRebase(SATABus::tagHBA_PORT volatile*, int)
                0x00000000c0067e98                SATABus::probePort(SATABus::tagHBA_MEM volatile*)
                0x00000000c00681ec                SATABus::open(int, int, void*)
 *fill*         0x00000000c0068297        0x1 
 .text          0x00000000c0068298     0x195e hw/diskphys/ata.32
                0x00000000c0068298                ATA::powerSaving(PowerSavingLevel)
                0x00000000c006829a                ATA::close(int, int, void*)
                0x00000000c006833e                ATA::ATA()
                0x00000000c006833e                ATA::ATA()
                0x00000000c0068418                ATA::flush(bool)
                0x00000000c0068546                ATA::readyForCommand()
                0x00000000c006863e                ATA::access(unsigned long long, int, void*, bool)
                0x00000000c00691e8                ATA::detectCHS()
                0x00000000c00692e2                ATA::open(int, int, void*)
                0x00000000c00697e9                combineCharAndColour(char, unsigned char)
                0x00000000c00697fa                combineColours(unsigned char, unsigned char)
                0x00000000c0069808                ATA::read(unsigned long long, int, void*)
                0x00000000c00699fe                ATA::write(unsigned long long, int, void*)
 .text          0x00000000c0069bf6     0x1731 hw/diskphys/atapi.32
                0x00000000c0069bf6                ATAPI::write(unsigned long long, int, void*)
                0x00000000c0069bfc                ATAPI::close(int, int, void*)
                0x00000000c0069ca0                ATAPI::ATAPI()
                0x00000000c0069ca0                ATAPI::ATAPI()
                0x00000000c0069d7a                ATAPI::readyForCommand()
                0x00000000c0069e78                ATAPI::sendPacket(unsigned char*, int, bool, unsigned short*, int)
                0x00000000c006a954                ATAPI::diskRemoved()
                0x00000000c006aa8a                ATAPI::eject()
                0x00000000c006ab06                ATAPI::diskInserted()
                0x00000000c006ab52                ATAPI::detectMedia()
                0x00000000c006ad48                ATAPI::open(int, int, void*)
                0x00000000c006b1ea                ATAPI::read(unsigned long long, int, void*)
 *fill*         0x00000000c006b327        0x1 
 .text          0x00000000c006b328     0x131b hw/diskphys/sata.32
                0x00000000c006b328                SATA::powerSaving(PowerSavingLevel)
                0x00000000c006b32a                SATA::close(int, int, void*)
                0x00000000c006b3ce                SATA::open(int, int, void*)
                0x00000000c006b628                SATA::SATA()
                0x00000000c006b628                SATA::SATA()
                0x00000000c006b702                SATA::access(unsigned long long, int, void*, bool)
                0x00000000c006c112                SATA::read(unsigned long long, int, void*)
                0x00000000c006c38e                SATA::write(unsigned long long, int, void*)
 *fill*         0x00000000c006c643        0x1 
 .text          0x00000000c006c644     0x16c5 hw/diskphys/satapi.32
                0x00000000c006c644                SATAPI::write(unsigned long long, int, void*)
                0x00000000c006c64a                SATAPI::close(int, int, void*)
                0x00000000c006c6ee                SATAPI::SATAPI()
                0x00000000c006c6ee                SATAPI::SATAPI()
                0x00000000c006c7c8                SATAPI::diskRemoved()
                0x00000000c006c7ca                SATAPI::diskInserted()
                0x00000000c006c822                SATAPI::sendPacket(unsigned char*, int, unsigned long long, unsigned short*, int)
                0x00000000c006d3be                SATAPI::eject()
                0x00000000c006d476                SATAPI::detectMedia()
                0x00000000c006d716                SATAPI::open(int, int, void*)
                0x00000000c006da7e                SATAPI::read(unsigned long long, int, void*)
 *fill*         0x00000000c006dd09        0x1 
 .text          0x00000000c006dd0a     0x128b hw/intctrl/apic.32
                0x00000000c006dd0a                IOAPIC::close(int, int, void*)
                0x00000000c006dd10                apicGetBase()
                0x00000000c006ddbe                IOAPIC::IOAPIC()
                0x00000000c006ddbe                IOAPIC::IOAPIC()
                0x00000000c006de92                apicOpen()
                0x00000000c006e48a                IOAPIC::handlesGSIWithNumber(unsigned int)
                0x00000000c006e59c                IOAPIC::read(int)
                0x00000000c006e670                IOAPIC::open(int, int, void*)
                0x00000000c006ec9c                IOAPIC::write(int, int)
                0x00000000c006ed78                IOAPIC::redirect(unsigned char, unsigned long long, unsigned char, bool, bool)
 *fill*         0x00000000c006ef95        0x3 
 .text          0x00000000c006ef98      0x45c hw/timer/apictimer.32
                0x00000000c006ef98                APICTimer::close(int, int, void*)
                0x00000000c006efa0                apicTimerHandler(regs*, void*)
                0x00000000c006f00c                APICTimer::open(int, int, void*)
                0x00000000c006f294                APICTimer::write(int)
                0x00000000c006f30c                APICTimer::APICTimer()
                0x00000000c006f30c                APICTimer::APICTimer()
 .text          0x00000000c006f3f4      0x741 hw/timer/pit.32
                0x00000000c006f3f4                PIT::write(int)
                0x00000000c006f4f0                pitHandler(regs*, void*)
                0x00000000c006f540                PIT::open(int, int, void*)
                0x00000000c006f6b8                PIT::close(int, int, void*)
                0x00000000c006f784                PIT::PIT()
                0x00000000c006f784                PIT::PIT()
 *fill*         0x00000000c006fb35        0xb 
 .text          0x00000000c006fb40       0x83 arch/i386/avx.32
                0x00000000c006fb40                avxDetect
                0x00000000c006fb6a                avxSave
                0x00000000c006fb7b                avxLoad
                0x00000000c006fb8c                avxInit
                0x00000000c006fbae                avxClose
                0x00000000c006fbaf                wouldSheSayYes
 *fill*         0x00000000c006fbc3        0xd 
 .text          0x00000000c006fbd0      0x2ec arch/i386/interrupt.32
                0x00000000c006fbd0                isr0
                0x00000000c006fbe0                isr1
                0x00000000c006fbea                isr2
                0x00000000c006fbf4                isr3
                0x00000000c006fbfe                isr4
                0x00000000c006fc08                isr5
                0x00000000c006fc12                isr6
                0x00000000c006fc1c                isr7
                0x00000000c006fc26                isr8
                0x00000000c006fc2e                isr9
                0x00000000c006fc38                isr10
                0x00000000c006fc40                isr11
                0x00000000c006fc48                isr12
                0x00000000c006fc50                isr13
                0x00000000c006fc6a                isr14
                0x00000000c006fc72                isr15
                0x00000000c006fc7c                isr16
                0x00000000c006fc86                isr17
                0x00000000c006fc90                isr18
                0x00000000c006fc9a                irq3
                0x00000000c006fca4                irq4
                0x00000000c006fcae                irq5
                0x00000000c006fcb8                irq6
                0x00000000c006fcc2                irq7
                0x00000000c006fccc                irq8
                0x00000000c006fcd6                irq9
                0x00000000c006fce0                irq10
                0x00000000c006fcea                irq11
                0x00000000c006fcf4                irq12
                0x00000000c006fcfe                irq13
                0x00000000c006fd08                irq14
                0x00000000c006fd12                irq15
                0x00000000c006fd1c                irq1
                0x00000000c006fd23                irq2
                0x00000000c006fd2a                isr96
                0x00000000c006fd31                irq0
                0x00000000c006fd36                int_common_stub
                0x00000000c006fd68                syscall_common_stub
                0x00000000c006fe6c                irq16
                0x00000000c006fe76                irq17
                0x00000000c006fe80                irq18
                0x00000000c006fe8a                irq19
                0x00000000c006fe94                irq20
                0x00000000c006fe9e                irq21
                0x00000000c006fea8                irq22
                0x00000000c006feb2                irq23
 *fill*         0x00000000c006febc        0x4 
 .text          0x00000000c006fec0       0x10 arch/i386/rdrand.32
                0x00000000c006fec0                i386GetRDRAND
 .text          0x00000000c006fed0       0x39 arch/i386/sse.32
                0x00000000c006fed0                absolutelyNoChanceInHell
                0x00000000c006fed0                sseDetect
                0x00000000c006fee8                sseSave
                0x00000000c006fef0                sseLoad
                0x00000000c006fef8                sseInit
                0x00000000c006ff08                sseClose
 *fill*         0x00000000c006ff09        0x7 
 .text          0x00000000c006ff10       0x49 arch/i386/x87.32
                0x00000000c006ff16                x87Detect
                0x00000000c006ff31                x87Save
                0x00000000c006ff38                x87Load
                0x00000000c006ff3f                x87Init
                0x00000000c006ff58                x87Close
 *fill*         0x00000000c006ff59        0x3 
 .text          0x00000000c006ff5c       0x25 /cygdrive/d/Users/Alex/Desktop/Toolchain/Output/bin/../lib/gcc/i386-banana/8.1.0/crtend.o
 .text          0x00000000c006ff81        0x0 crtn.32
 *fill*         0x00000000c006ff81        0x3 