Archive member included to satisfy reference by file (symbol)

/cygdrive/d/Users/Alex/Desktop/Toolchain/Output/bin/../lib/gcc/i386-banana/8.1.0/libgcc.a(_divdi3.o)
                              fs/fat/ff.32 (__divdi3)
/cygdrive/d/Users/Alex/Desktop/Toolchain/Output/bin/../lib/gcc/i386-banana/8.1.0/libgcc.a(_moddi3.o)
                              thr/elf.32 (__moddi3)
/cygdrive/d/Users/Alex/Desktop/Toolchain/Output/bin/../lib/gcc/i386-banana/8.1.0/libgcc.a(_udivdi3.o)
                              fs/fat/ff.32 (__udivdi3)
/cygdrive/d/Users/Alex/Desktop/Toolchain/Output/bin/../lib/gcc/i386-banana/8.1.0/libgcc.a(_umoddi3.o)
                              core/pipe.32 (__umoddi3)
D:/Users/Alex/Desktop/Banana/kernel/libk/libm32.a(s_fabs.c.o)
                              hal/libresample/samplerate.32 (fabs)
D:/Users/Alex/Desktop/Banana/kernel/libk/libm32.a(s_lrint.S.o)
                              hal/libresample/samplerate.32 (lrint)
D:/Users/Alex/Desktop/Banana/kernel/libk/libm32.a(s_lrintf.S.o)
                              hal/sound/sndhw.32 (lrintf)

Discarded input sections

 .comment       0x0000000000000000       0x12 /cygdrive/d/Users/Alex/Desktop/Toolchain/Output/bin/../lib/gcc/i386-banana/8.1.0/crtbegin.o
 .comment       0x0000000000000000       0x12 acpica/utclib.32
 .comment       0x0000000000000000       0x12 core/malloc.32
 .comment       0x0000000000000000       0x12 libk/string.32
 .comment       0x0000000000000000       0x12 fs/fat/diskio.32
 .comment       0x0000000000000000       0x12 fs/fat/ff.32
 .comment       0x0000000000000000       0x12 fs/fat/ffsystem.32
 .comment       0x0000000000000000       0x12 fs/fat/ffunicode.32
 .comment       0x0000000000000000       0x12 hal/libresample/samplerate.32
 .comment       0x0000000000000000       0x12 hal/libresample/src_linear.32
 .comment       0x0000000000000000       0x12 hal/libresample/src_sinc.32
 .comment       0x0000000000000000       0x12 hal/libresample/src_zoh.32
 .group         0x0000000000000000       0x14 core/computer.32
 .group         0x0000000000000000        0xc core/computer.32
 .comment       0x0000000000000000       0x12 core/computer.32
 .comment       0x0000000000000000       0x12 core/gdt.32
 .group         0x0000000000000000        0xc core/idle.32
 .comment       0x0000000000000000       0x12 core/idle.32
 .comment       0x0000000000000000       0x12 core/idt.32
 .group         0x0000000000000000        0x8 core/kheap.32
 .group         0x0000000000000000        0x8 core/kheap.32
 .comment       0x0000000000000000       0x12 core/kheap.32
 .comment       0x0000000000000000       0x12 core/main.32
 .comment       0x0000000000000000       0x12 core/physmgr.32
 .group         0x0000000000000000        0xc core/pipe.32
 .comment       0x0000000000000000       0x12 core/pipe.32
 .group         0x0000000000000000        0xc core/terminal.32
 .comment       0x0000000000000000       0x12 core/terminal.32
 .group         0x0000000000000000        0x8 core/tss.32
 .text._ZN3CPU7readCR3Ev
                0x0000000000000000       0x12 core/tss.32
 .comment       0x0000000000000000       0x12 core/tss.32
 .group         0x0000000000000000        0x8 core/unixfile.32
 .group         0x0000000000000000        0xc core/unixfile.32
 .group         0x0000000000000000        0xc core/unixfile.32
 .group         0x0000000000000000        0x8 core/unixfile.32
 .group         0x0000000000000000        0xc core/unixfile.32
 .group         0x0000000000000000        0x8 core/unixfile.32
 .group         0x0000000000000000        0xc core/unixfile.32
 .group         0x0000000000000000        0xc core/unixfile.32
 .comment       0x0000000000000000       0x12 core/unixfile.32
 .group         0x0000000000000000        0x8 core/virtmgr.32
 .group         0x0000000000000000        0x8 core/virtmgr.32
 .text._ZN3CPU7readCR3Ev
                0x0000000000000000       0x12 core/virtmgr.32
 .text._ZN3CPU8writeCR3Em
                0x0000000000000000        0x9 core/virtmgr.32
 .comment       0x0000000000000000       0x12 core/virtmgr.32
 .comment       0x0000000000000000       0x12 coreobjs/c++.32
 .comment       0x0000000000000000       0x12 dbg/kconsole.32
 .group         0x0000000000000000        0xc fs/vfs.32
 .group         0x0000000000000000        0xc fs/vfs.32
 .group         0x0000000000000000        0xc fs/vfs.32
 .comment       0x0000000000000000       0x12 fs/vfs.32
 .group         0x0000000000000000        0xc hal/bus.32
 .comment       0x0000000000000000       0x12 hal/bus.32
 .group         0x0000000000000000        0xc hal/buzzer.32
 .comment       0x0000000000000000       0x12 hal/buzzer.32
 .group         0x0000000000000000        0xc hal/clock.32
 .comment       0x0000000000000000       0x12 hal/clock.32
 .group         0x0000000000000000       0x14 hal/device.32
 .group         0x0000000000000000        0xc hal/device.32
 .group         0x0000000000000000        0xc hal/device.32
[...]
Memory Configuration

Name             Origin             Length             Attributes
*default*        0x0000000000000000 0xffffffffffffffff

Linker script and memory map

LOAD D:/Users/Alex/Desktop/Banana/kernel/boot.32
LOAD crti.32
LOAD /cygdrive/d/Users/Alex/Desktop/Toolchain/Output/bin/../lib/gcc/i386-banana/8.1.0/crtbegin.o
LOAD D:/Users/Alex/Desktop/Banana/kernel/morenasm.32
LOAD acpica/utclib.32
LOAD core/malloc.32
LOAD libk/string.32
LOAD fs/fat/diskio.32
LOAD fs/fat/ff.32
LOAD fs/fat/ffsystem.32
LOAD fs/fat/ffunicode.32
LOAD hal/libresample/samplerate.32
LOAD hal/libresample/src_linear.32
LOAD hal/libresample/src_sinc.32
LOAD hal/libresample/src_zoh.32
LOAD core/computer.32
LOAD core/gdt.32
LOAD core/idle.32
LOAD core/idt.32
LOAD core/kheap.32
LOAD core/main.32
LOAD core/physmgr.32
LOAD core/pipe.32
LOAD core/terminal.32
LOAD core/tss.32
LOAD core/unixfile.32
LOAD core/virtmgr.32
LOAD coreobjs/c++.32
LOAD dbg/kconsole.32
LOAD fs/vfs.32
LOAD hal/bus.32
LOAD hal/buzzer.32
LOAD hal/clock.32
LOAD hal/device.32
LOAD hal/diskctrl.32
LOAD hal/diskphys.32
LOAD hal/fpu.32
LOAD hal/intctrl.32
LOAD hal/keybrd.32
LOAD hal/logidisk.32
LOAD hal/mouse.32
LOAD hal/partition.32
LOAD hal/timer.32
LOAD hal/vcache.32
LOAD hal/video.32
LOAD hw/acpi.32
LOAD hw/cpu.32
LOAD hw/ports.32
LOAD krnl/panic.32
LOAD reg/registry.32
LOAD sys/sc_exit.32
LOAD sys/sc_loaddll.32
LOAD sys/sc_read.32
LOAD sys/sc_sbrk.32
LOAD sys/sc_write.32
LOAD sys/sc_yield.32
LOAD sys/syscalls.32
LOAD thr/elf.32
LOAD thr/prcssthr.32
LOAD vm86/vm8086.32
LOAD fs/fat/vfslink.32
LOAD fs/iso9660/vfslink.32
LOAD hal/sound/sndchannel.32
LOAD hal/sound/sndhw.32
LOAD hw/bus/isa.32
LOAD hw/bus/pci.32
LOAD hw/diskctrl/ide.32
LOAD hw/diskphys/ata.32
LOAD hw/diskphys/atapi.32
LOAD hw/fpu/avx.32
LOAD hw/fpu/mmx.32
LOAD hw/fpu/sse.32
LOAD hw/fpu/x87.32
LOAD hw/intctrl/apic.32
LOAD hw/intctrl/pic.32
LOAD hw/timer/apictimer.32
LOAD hw/timer/pit.32
LOAD hw/fpu/x86/avx.32
LOAD hw/fpu/x86/sse.32
LOAD hw/fpu/x86/x87.32
LOAD /cygdrive/d/Users/Alex/Desktop/Toolchain/Output/bin/../lib/gcc/i386-banana/8.1.0/crtend.o
LOAD crtn.32
LOAD /cygdrive/d/Users/Alex/Desktop/Toolchain/Output/bin/../lib/gcc/i386-banana/8.1.0/libgcc.a
LOAD D:/Users/Alex/Desktop/Banana/kernel/libk/libm32.a
                0x00000000c0000000                . = 0xc0000000

.text           0x00000000c0000000    0x1e9b8
 *(.text)
 .text          0x00000000c0000000       0x41 D:/Users/Alex/Desktop/Banana/kernel/boot.32
                0x00000000c0000020                callGlobalConstructors
 .text          0x00000000c0000041        0x0 crti.32
 *fill*         0x00000000c0000041        0x3 
 .text          0x00000000c0000044      0x101 /cygdrive/d/Users/Alex/Desktop/Toolchain/Output/bin/../lib/gcc/i386-banana/8.1.0/crtbegin.o
 *fill*         0x00000000c0000145        0xb 
 .text          0x00000000c0000150      0x41f D:/Users/Alex/Desktop/Banana/kernel/morenasm.32
                0x00000000c0000150                doTPAUSE
                0x00000000c000015a                hasLegacyFPU
                0x00000000c000017f                is486
                0x00000000c00001b5                goToVM86
                0x00000000c00001e6                goToUsermode
                0x00000000c0000211                switchToThreadASMFirstTime
                0x00000000c000021f                switchToThreadASM
                0x00000000c00002bf                detectCPUID
                0x00000000c00002d5                asmQuickAcquireLock
                0x00000000c00002f3                asmQuickReleaseLock
                0x00000000c00002ff                asmAcquireLock
                0x00000000c0000320                asmReleaseLock
                0x00000000c0000333                loadGDT
                0x00000000c0000353                isr0
                0x00000000c0000363                isr1
                0x00000000c000036d                isr2
                0x00000000c0000377                isr3
                0x00000000c0000381                isr4
                0x00000000c000038b                isr5
                0x00000000c0000395                isr6
                0x00000000c000039f                isr7
                0x00000000c00003a9                isr8
                0x00000000c00003b1                isr9
                0x00000000c00003bb                isr10
                0x00000000c00003c3                isr11
                0x00000000c00003cb                isr12
                0x00000000c00003d3                isr13
                0x00000000c00003db                isr14
                0x00000000c00003e3                isr15
                0x00000000c00003ed                isr16
                0x00000000c00003f7                isr17
                0x00000000c0000401                isr18
                0x00000000c000040b                isr96
                0x00000000c0000415                irq0
                0x00000000c000041f                irq1
                0x00000000c0000429                irq2
                0x00000000c0000433                irq3
                0x00000000c000043d                irq4
                0x00000000c0000447                irq5
                0x00000000c0000451                irq6
                0x00000000c000045b                irq7
                0x00000000c0000465                irq8
                0x00000000c000046f                irq9
                0x00000000c0000479                irq10
                0x00000000c0000483                irq11
                0x00000000c000048d                irq12
                0x00000000c0000497                irq13
                0x00000000c00004a1                irq14
                0x00000000c00004ab                irq15
                0x00000000c00004b5                irq16
                0x00000000c00004bf                irq17
                0x00000000c00004c9                irq18
                0x00000000c00004d3                irq19
                0x00000000c00004dd                irq20
                0x00000000c00004e7                irq21
                0x00000000c00004f1                irq22
                0x00000000c00004fb                irq23
                0x00000000c0000505                int_common_stub
                0x00000000c0000535                syscall_common_stub
 .text          0x00000000c000056f      0x40f acpica/utclib.32
                0x00000000c000056f                memcmp
                0x00000000c000059a                memmove
                0x00000000c00005d2                memcpy
                0x00000000c0000608                memset
                0x00000000c0000625                strlen
                0x00000000c0000635                strpbrk
                0x00000000c0000658                strtok
                0x00000000c00006a7                strcpy
                0x00000000c00006c7                strncpy
                0x00000000c00006f8                strcmp
                0x00000000c0000719                strchr
                0x00000000c000072f                strncmp
                0x00000000c000075e                strcat
                0x00000000c0000785                strncat
                0x00000000c00007bf                strstr
                0x00000000c00007fc                toupper
                0x00000000c0000810                tolower
                0x00000000c0000824                simple_strtoul
 .text          0x00000000c000097e      0xfbf core/malloc.32
                0x00000000c0000ae9                dlfree
                0x00000000c0000e44                dlmalloc
                0x00000000c0001381                dlrealloc
                0x00000000c0001536                dlmemalign
                0x00000000c0001659                dlcalloc
                0x00000000c00016f3                dlcfree
                0x00000000c00016f8                dlindependent_calloc
                0x00000000c000171d                dlindependent_comalloc
                0x00000000c0001734                dlvalloc
                0x00000000c000175f                dlpvalloc
                0x00000000c0001795                dlmalloc_trim
                0x00000000c00017a2                dlmalloc_usable_size
                0x00000000c00017d3                dlmallinfo
                0x00000000c00018a2                dlmalloc_stats
                0x00000000c00018b3                dlmallopt
 .text          0x00000000c000193d        0x0 libk/string.32
 .text          0x00000000c000193d       0x51 fs/fat/diskio.32
                0x00000000c000193d                disk_status
                0x00000000c0001940                disk_initialize
                0x00000000c0001943                disk_read
                0x00000000c0001959                disk_write
                0x00000000c000196f                disk_ioctl
 .text          0x00000000c000198e     0x6833 fs/fat/ff.32
                0x00000000c0004c5c                f_mount
                0x00000000c0004cbe                f_open
                0x00000000c00050fa                f_read
                0x00000000c000537a                f_write
                0x00000000c0005634                f_sync
                0x00000000c0005810                f_close
                0x00000000c000583f                f_lseek
                0x00000000c0005cf6                f_opendir
                0x00000000c0005df8                f_closedir
                0x00000000c0005e1a                f_readdir
                0x00000000c0005eb5                f_stat
                0x00000000c0005f44                f_getfree
                0x00000000c000610f                f_truncate
                0x00000000c0006207                f_unlink
                0x00000000c000638a                f_mkdir
                0x00000000c00065b6                f_rename
                0x00000000c00068a9                f_chmod
                0x00000000c0006987                f_utime
                0x00000000c0006a65                f_getlabel
                0x00000000c0006c53                f_setlabel
                0x00000000c0006ec0                f_forward
                0x00000000c000709e                f_mkfs
 .text          0x00000000c00081c1       0x2d fs/fat/ffsystem.32
                0x00000000c00081c1                ff_memalloc
                0x00000000c00081d7                ff_memfree
 .text          0x00000000c00081ee      0x253 fs/fat/ffunicode.32
                0x00000000c00081ee                ff_uni2oem
                0x00000000c000827e                ff_oem2uni
                0x00000000c00082ea                ff_wtoupper
 .text          0x00000000c0008441      0x70e hal/libresample/samplerate.32
                0x00000000c00084c9                src_delete
                0x00000000c0008505                src_process
                0x00000000c000862d                src_callback_read
                0x00000000c000878e                src_set_ratio
                0x00000000c00087e5                src_get_channels
                0x00000000c0008807                src_reset
                0x00000000c000884b                src_new
                0x00000000c00088d9                src_callback_new
                0x00000000c000893b                src_get_name
                0x00000000c0008972                src_get_description
                0x00000000c00089a9                src_get_version
                0x00000000c00089af                src_is_valid_ratio
                0x00000000c00089c9                src_error
                0x00000000c00089d7                src_strerror
                0x00000000c00089ea                src_simple
                0x00000000c0008a3d                src_short_to_float_array
                0x00000000c0008a63                src_float_to_short_array
                0x00000000c0008ac7                src_int_to_float_array
                0x00000000c0008aed                src_float_to_int_array
 .text          0x00000000c0008b4f      0x3fd hal/libresample/src_linear.32
                0x00000000c0008ea7                linear_get_name
                0x00000000c0008eb6                linear_get_description
                0x00000000c0008ec5                linear_set_converter
 .text          0x00000000c0008f4c     0x1a3f hal/libresample/src_sinc.32
                0x00000000c000a8a2                sinc_get_name
                0x00000000c000a8b5                sinc_get_description
                0x00000000c000a8c8                sinc_set_converter
 .text          0x00000000c000a98b      0x3d3 hal/libresample/src_zoh.32
                0x00000000c000acb9                zoh_get_name
                0x00000000c000acc8                zoh_get_description
                0x00000000c000acd7                zoh_set_converter
 .text          0x00000000c000ad5e      0x67d core/computer.32
                0x00000000c000ad5e                Computer::close(int, int, void*)
                0x00000000c000ada2                Computer::Computer()
                0x00000000c000ada2                Computer::Computer()
                0x00000000c000aee6                Computer::setBootMessage(char const*)
                0x00000000c000aee8                Computer::start()
                0x00000000c000afc4                firstTask()
                0x00000000c000afd2                Computer::detectFeatures()
                0x00000000c000b1ac                Computer::displayFeatures()
                0x00000000c000b1ae                Computer::rdmsr(unsigned int)
                0x00000000c000b1da                Computer::wrmsr(unsigned int, unsigned long long)
                0x00000000c000b212                Computer::nmiEnabled()
                0x00000000c000b21e                Computer::readCMOS(unsigned char)
                0x00000000c000b238                Computer::enableNMI(bool)
                0x00000000c000b250                Computer::open(int, int, void*)
                0x00000000c000b31e                Computer::disableNMI()
                0x00000000c000b32c                Computer::writeCMOS(unsigned char, unsigned char)
                0x00000000c000b34a                Computer::handleNMI()
                0x00000000c000b3b0                Computer::setDiskActivityLight(int, bool)
 *fill*         0x00000000c000b3db        0x1 
 .text          0x00000000c000b3dc      0x1b7 core/gdt.32
                0x00000000c000b3dc                GDTEntry::setBase(unsigned int)
                0x00000000c000b3f8                GDTEntry::setLimit(unsigned int)
                0x00000000c000b416                GDT::GDT()
                0x00000000c000b416                GDT::GDT()
                0x00000000c000b42c                GDT::addEntry(GDTEntry)
                0x00000000c000b468                GDT::getNumberOfEntries()
                0x00000000c000b470                GDT::flush()
                0x00000000c000b492                GDT::setup()
 .text          0x00000000c000b593       0x61 core/idle.32
                0x00000000c000b593                idleFunction(void*)
 .text          0x00000000c000b5f4      0x45f core/idt.32
                0x00000000c000b5f4                IDTEntry::IDTEntry(bool)
                0x00000000c000b5f4                IDTEntry::IDTEntry(bool)
                0x00000000c000b662                IDTEntry::setOffset(unsigned int)
                0x00000000c000b676                IDT::IDT()
                0x00000000c000b676                IDT::IDT()
                0x00000000c000b678                IDT::getPointerToInvalidOpcodeEntryForF00F()
                0x00000000c000b680                IDT::addEntry(IDTEntry, int)
                0x00000000c000b69a                IDT::addEntry(int, void (*)(), bool)
                0x00000000c000b6d2                IDT::flush()
                0x00000000c000b6ec                IDT::setup()
 .text          0x00000000c000ba53      0x20d core/kheap.32
                0x00000000c000ba53                sbrk
                0x00000000c000bb6b                mmap
                0x00000000c000bb81                munmap
                0x00000000c000bb97                liballoc_lock()
                0x00000000c000bba8                liballoc_unlock()
                0x00000000c000bbb9                liballoc_alloc(int)
                0x00000000c000bbd4                liballoc_free(void*, int)
                0x00000000c000bbf2                realloc
                0x00000000c000bc06                malloc
                0x00000000c000bc16                free
                0x00000000c000bc26                rfree
                0x00000000c000bc36                calloc
 .text          0x00000000c000bc60      0x38d core/main.32
                0x00000000c000bc60                hwTextMode_loadInData(VgaText*)
                0x00000000c000bca5                hwTextMode_loadInTitle(VgaText*, char*)
                0x00000000c000bce7                hwTextMode_showCursor(VgaText*, bool)
                0x00000000c000bd3b                hwTextMode_update(VgaText*)
                0x00000000c000bd3c                hwTextMode_updateCursor(VgaText*)
                0x00000000c000bd84                hwTextMode_disableBlink(VgaText*, bool)
                0x00000000c000bdc0                hwTextMode_scrollScreen(VgaText*)
                0x00000000c000be46                hwTextMode_writeCharacter(VgaText*, char, VgaColour, VgaColour, int, int)
                0x00000000c000bea4                setupTextMode()
                0x00000000c000bef5                kernel_main
 .text          0x00000000c000bfed      0x46c core/physmgr.32
                0x00000000c000bfed                Phys::allocateDMA(unsigned long)
                0x00000000c000c090                Phys::freeDMA(unsigned long, unsigned long)
                0x00000000c000c0d8                Phys::setPageState(unsigned long, bool)
                0x00000000c000c10a                Phys::getPageState(unsigned long)
                0x00000000c000c126                Phys::freePage(unsigned long)
                0x00000000c000c1b0                Phys::allocatePage()
                0x00000000c000c26c                Phys::allowSegmentToBeUsed(unsigned long, unsigned long)
                0x00000000c000c2a4                Phys::physicalMemorySetup(unsigned int)
 *fill*         0x00000000c000c459        0x1 
 .text          0x00000000c000c45a      0x273 core/pipe.32
                0x00000000c000c45a                Pipe::isAtty()
                0x00000000c000c45e                Pipe::~Pipe()
                0x00000000c000c45e                Pipe::~Pipe()
                0x00000000c000c482                Pipe::~Pipe()
                0x00000000c000c4aa                Pipe::read(unsigned long long, void*, int*)
                0x00000000c000c59e                Pipe::write(unsigned long long, void*, int*)
                0x00000000c000c666                Pipe::Pipe(int)
                0x00000000c000c666                Pipe::Pipe(int)
 *fill*         0x00000000c000c6cd        0x1 
 .text          0x00000000c000c6ce      0xf65 core/terminal.32
                0x00000000c000c6ce                VgaText::isAtty()
                0x00000000c000c6d2                VgaText::~VgaText()
                0x00000000c000c6d2                VgaText::~VgaText()
                0x00000000c000c6f6                VgaText::~VgaText()
                0x00000000c000c720                VgaText::read(unsigned long long, void*, int*)
                0x00000000c000c740                setTerminalScrollLock(bool)
                0x00000000c000c741                addToTerminalCycle(VgaText*)
                0x00000000c000c76e                installVgaTextImplementation()
                0x00000000c000c783                scrollTerminalScrollLock(int)
                0x00000000c000c784                VgaText::load()
                0x00000000c000c7d8                VgaText::updateCursor()
                0x00000000c000c7f2                VgaText::showCursor(bool)
                0x00000000c000c802                VgaText::disableBlink(bool)
                0x00000000c000c83c                VgaText::doANSI_SGR(int)
                0x00000000c000c8c8                VgaText::setDefaultBgColour(VgaColour)
                0x00000000c000c8de                VgaText::setDefaultFgColour(VgaColour)
                0x00000000c000c8f4                VgaText::setDefaultColours(VgaColour, VgaColour)
                0x00000000c000c914                VgaText::combineColours(unsigned char, unsigned char)
                0x00000000c000c926                VgaText::scrollScreen()
                0x00000000c000c9ba                VgaText::combineCharAndColour(char, unsigned char)
                0x00000000c000c9cc                VgaText::writeCharacter(char, VgaColour, VgaColour, int, int)
                0x00000000c000ca2c                VgaText::getCursorX()
                0x00000000c000ca38                VgaText::getCursorY()
                0x00000000c000ca44                VgaText::setCursor(int, int)
                0x00000000c000ca62                VgaText::setCursorX(int)
                0x00000000c000ca7e                VgaText::setCursorY(int)
                0x00000000c000ca9a                VgaText::incrementCursor(bool)
                0x00000000c000cb02                VgaText::updateRAMUsageDisplay(int)
                0x00000000c000cb5c                VgaText::updateDiskUsage()
                0x00000000c000ccc2                VgaText::updateTitle()
                0x00000000c000cd08                VgaText::setTitleTextColour(VgaColour)
                0x00000000c000cd18                VgaText::setTitleColour(VgaColour)
                0x00000000c000cd28                VgaText::setTitle(char*)
                0x00000000c000cd4e                VgaText::decrementCursor(bool)
                0x00000000c000cd76                VgaText::putchar(char, VgaColour, VgaColour)
                0x00000000c000ce72                VgaText::isShowingCursor()
                0x00000000c000ce7e                VgaText::isBlinkDisabled()
                0x00000000c000ce8c                VgaText::setCursorHeight(int)
                0x00000000c000ceaa                VgaText::getCursorHeight()
                0x00000000c000ceb5                setActiveTerminal(VgaText*)
                0x00000000c000cf67                doTerminalCycle()
                0x00000000c000cf84                VgaText::doUpdate()
                0x00000000c000cf96                VgaText::puts(char const*, VgaColour, VgaColour)
                0x00000000c000d156                VgaText::clearScreen()
                0x00000000c000d1ba                VgaText::putchar(char)
                0x00000000c000d2d4                VgaText::puts(char const*)
                0x00000000c000d2fa                VgaText::putx(unsigned int)
                0x00000000c000d340                VgaText::VgaText(char const*)
                0x00000000c000d340                VgaText::VgaText(char const*)
                0x00000000c000d4d2                VgaText::receiveKey(unsigned char)
                0x00000000c000d5ba                VgaText::write(unsigned long long, void*, int*)
                0x00000000c000d60e                newTerminal(char*)
 *fill*         0x00000000c000d633        0x1 
 .text          0x00000000c000d634      0x18f core/tss.32
                0x00000000c000d634                TSS::TSS()
                0x00000000c000d634                TSS::TSS()
                0x00000000c000d642                TSS::setESP(unsigned long)
                0x00000000c000d654                TSS::flush()
                0x00000000c000d674                TSS::setup(unsigned long, unsigned long)
 *fill*         0x00000000c000d7c3        0x1 
 .text          0x00000000c000d7c4      0x545 core/unixfile.32
                0x00000000c000d7c4                ReservedFilename::read(unsigned long long, void*, int*)
                0x00000000c000d85a                ReservedFilename::isAtty()
                0x00000000c000d890                ReservedFilename::write(unsigned long long, void*, int*)
                0x00000000c000d92a                UnixFile::getFileDescriptor()
                0x00000000c000d932                UnixFile::UnixFile(int)
                0x00000000c000d932                UnixFile::UnixFile(int)
                0x00000000c000daa2                ReservedFilename::ReservedFilename(int)
                0x00000000c000daa2                ReservedFilename::ReservedFilename(int)
                0x00000000c000dad4                UnixFile::~UnixFile()
                0x00000000c000dad4                UnixFile::~UnixFile()
                0x00000000c000db6c                UnixFile::~UnixFile()
                0x00000000c000db94                ReservedFilename::~ReservedFilename()
                0x00000000c000db94                ReservedFilename::~ReservedFilename()
                0x00000000c000dbb8                ReservedFilename::~ReservedFilename()
                0x00000000c000dbdf                getFromFileDescriptor(int)
 *fill*         0x00000000c000dd09        0x1 
 .text          0x00000000c000dd0a     0x1175 core/virtmgr.32
                0x00000000c000dd0a                Virt::setPageState(unsigned long, Virt::VirtPageState)
                0x00000000c000dd3f                Virt::getPageState(unsigned long)
                0x00000000c000dd63                Virt::allocateKernelVirtualPages(int)
                0x00000000c000de74                Virt::virtualMemorySetup()
                0x00000000c000def3                Virt::getAKernelVAS()
                0x00000000c000def9                Virt::setupPageSwapping(int)
                0x00000000c000e01e                VAS::VAS()
                0x00000000c000e01e                VAS::VAS()
                0x00000000c000e04e                VAS::getForeignPageTableEntry(bool, unsigned long)
                0x00000000c000e07a                VAS::getPageTableEntry(unsigned long)
                0x00000000c000e099                Virt::freeKernelVirtualPages(unsigned long)
                0x00000000c000e1bc                VAS::freeAllocatedPages(unsigned long)
                0x00000000c000e1e0                VAS::virtualToPhysical(unsigned long)
                0x00000000c000e1f8                VAS::mapOtherVASIn(bool, VAS*)
                0x00000000c000e22e                VAS::~VAS()
                0x00000000c000e22e                VAS::~VAS()
                0x00000000c000e39a                VAS::mapPage(unsigned long, unsigned long, int)
                0x00000000c000e49a                VAS::allocatePages(int, int)
                0x00000000c000e66a                VAS::setCPUSpecific(unsigned long)
                0x00000000c000e686                VAS::mapRange(unsigned long, unsigned long, int, int)
                0x00000000c000e750                VAS::VAS(VAS*)
                0x00000000c000e750                VAS::VAS(VAS*)
                0x00000000c000ea9a                VAS::mapForeignPage(bool, VAS*, unsigned long, unsigned long, int)
                0x00000000c000eb88                VAS::VAS(bool)
                0x00000000c000eb88                VAS::VAS(bool)
                0x00000000c000edb8                mapVASFirstTime
 .text          0x00000000c000ee7f       0x93 coreobjs/c++.32
                0x00000000c000ee7f                __cxa_atexit
                0x00000000c000ee82                __cxa_finalize
                0x00000000c000ee83                __stack_chk_fail
                0x00000000c000eee3                __cxa_pure_virtual
                0x00000000c000eef4                operator new(unsigned long)
                0x00000000c000eef9                operator new[](unsigned long)
                0x00000000c000eefe                operator delete(void*)
                0x00000000c000ef03                operator delete(void*, unsigned long)
                0x00000000c000ef08                operator delete[](void*)
                0x00000000c000ef0d                operator delete[](void*, unsigned long)
 .text          0x00000000c000ef12      0x1ef dbg/kconsole.32
                0x00000000c000ef12                Dbg::stringifyxWithBase(unsigned int, char*, int)
                0x00000000c000ef73                Dbg::logc(char)
                0x00000000c000ef8a                Dbg::logs(char*)
                0x00000000c000efa7                Dbg::logWriteInt(unsigned int)
                0x00000000c000efc4                Dbg::logWriteIntBase(unsigned int, int)
                0x00000000c000efe3                Dbg::kprintf(char const*, ...)
 *fill*         0x00000000c000f101        0x1 
 .text          0x00000000c000f102      0xb68 fs/vfs.32
                0x00000000c000f102                File::read(unsigned long long, void*, int*)
                0x00000000c000f15a                File::write(unsigned long long, void*, int*)
                0x00000000c000f1b2                Directory::read(unsigned long long, void*, int*)
                0x00000000c000f20a                Directory::write(unsigned long long, void*, int*)
                0x00000000c000f238                File::isAtty()
                0x00000000c000f23c                Directory::isAtty()
                0x00000000c000f240                Filesystem::getlabel(LogicalDisk*, int, char*, unsigned int*)
                0x00000000c000f246                Filesystem::setlabel(LogicalDisk*, int, char*)
                0x00000000c000f24c                File::~File()
                0x00000000c000f24c                File::~File()
                0x00000000c000f270                File::~File()
                0x00000000c000f29a                Directory::~Directory()
                0x00000000c000f29a                Directory::~Directory()
                0x00000000c000f2be                Directory::~Directory()
                0x00000000c000f2e8                Filesystem::Filesystem()
                0x00000000c000f2e8                Filesystem::Filesystem()
                0x00000000c000f30c                Filesystem::~Filesystem()
                0x00000000c000f30c                Filesystem::~Filesystem()
                0x00000000c000f31a                Filesystem::~Filesystem()
                0x00000000c000f33e                initVFS()
                0x00000000c000f368                standardiseFiles(char*, char const*, char const*)
                0x00000000c000f512                File::File(char const*, Process*)
                0x00000000c000f512                File::File(char const*, Process*)
                0x00000000c000f576                File::open(FileOpenMode)
                0x00000000c000f5d4                File::close()
                0x00000000c000f634                File::seek(unsigned long long)
                0x00000000c000f68a                File::tell(unsigned long long*)
                0x00000000c000f6da                File::rewind()
                0x00000000c000f6ee                File::unlink()
                0x00000000c000f73a                File::rename(char const*)
                0x00000000c000f788                File::chfatattr(unsigned char, unsigned char)
                0x00000000c000f7e4                File::exists()
                0x00000000c000f822                File::stat(unsigned long long*, bool*)
                0x00000000c000f883                getcwd(Process*, char*, int)
                0x00000000c000f8ad                setcwd(Process*, char*)
                0x00000000c000f9d4                Directory::Directory(char const*, Process*)
                0x00000000c000f9d4                Directory::Directory(char const*, Process*)
                0x00000000c000fa38                Directory::open()
                0x00000000c000fa94                Directory::close()
                0x00000000c000faf4                Directory::unlink()
                0x00000000c000fb40                Directory::rename(char const*)
                0x00000000c000fb8e                Directory::exists()
                0x00000000c000fbcc                Directory::read(dirent*)
                0x00000000c000fc18                Directory::create()
                0x00000000c000fc64                Filesystem::chfatattr(char const*, unsigned char, unsigned char)
 .text          0x00000000c000fc6a       0x84 hal/bus.32
                0x00000000c000fc6a                Bus::Bus(char const*)
                0x00000000c000fc6a                Bus::Bus(char const*)
                0x00000000c000fca0                Bus::~Bus()
                0x00000000c000fca0                Bus::~Bus()
                0x00000000c000fcc4                Bus::~Bus()
 .text          0x00000000c000fcee      0x14e hal/buzzer.32
                0x00000000c000fcee                Buzzer::Buzzer(char const*)
                0x00000000c000fcee                Buzzer::Buzzer(char const*)
                0x00000000c000fd32                Buzzer::~Buzzer()
                0x00000000c000fd32                Buzzer::~Buzzer()
                0x00000000c000fd56                Buzzer::~Buzzer()
                0x00000000c000fd80                Buzzer::stop()
                0x00000000c000fd93                beepThread(void*)
                0x00000000c000fdce                Buzzer::beep(int, int, bool)
 .text          0x00000000c000fe3c      0x42f hal/clock.32
                0x00000000c000fe3c                loadClockSettings()
                0x00000000c000fe56                Clock::Clock(char const*)
                0x00000000c000fe56                Clock::Clock(char const*)
                0x00000000c000fe8c                Clock::~Clock()
                0x00000000c000fe8c                Clock::~Clock()
                0x00000000c000feb0                Clock::~Clock()
                0x00000000c000feda                Clock::timeInSecondsLocal()
                0x00000000c000ff22                Clock::setTimeInSecondsLocal(unsigned long long)
                0x00000000c000ff7b                datetimeToSeconds(datetime_t)
                0x00000000c00100a2                Clock::setTimeInDatetimeLocal(datetime_t)
                0x00000000c0010102                secondsToDatetime(unsigned long long)
                0x00000000c0010246                Clock::timeInDatetimeLocal()
 *fill*         0x00000000c001026b        0x1 
 .text          0x00000000c001026c      0x504 hal/device.32
                0x00000000c001026c                Device::hibernate()
                0x00000000c001026e                Device::wake()
                0x00000000c0010270                Device::detect()
                0x00000000c0010272                Device::disableLegacy()
                0x00000000c0010274                Device::powerSaving(PowerSavingLevel)
                0x00000000c0010276                DriverlessDevice::close(int, int, void*)
                0x00000000c001027a                DriverlessDevice::detect()
                0x00000000c001027c                DriverlessDevice::open(int, int, void*)
                0x00000000c0010290                Device::~Device()
                0x00000000c0010290                Device::~Device()
                0x00000000c001029e                Device::~Device()
                0x00000000c00102c6                Device::findAndLoadDriver()
                0x00000000c00102c8                Device::preOpenPCI(PCIDeviceInfo)
                0x00000000c00102ee                Device::preOpenACPI(void*, char*, char*)
                0x00000000c0010342                Device::addIRQHandler(int, void (*)(regs*, void*), bool, void*)
                0x00000000c00103a0                Device::removeIRQHandler(int, void (*)(regs*, void*), bool)
                0x00000000c00103ee                Device::addChild(Device*)
                0x00000000c0010432                Device::removeAllChildren()
                0x00000000c0010478                Device::hibernateAll()
                0x00000000c00104a8                Device::wakeAll()
                0x00000000c00104d8                Device::detectAll()
                0x00000000c0010508                Device::disableLegacyAll()
                0x00000000c0010538                Device::loadDriversForAll()
                0x00000000c0010564                Device::closeAll()
                0x00000000c001059a                Device::powerSavingAll(PowerSavingLevel)
                0x00000000c00105d0                Device::setName(char const*)
                0x00000000c00105de                Device::Device(char const*)
                0x00000000c00105de                Device::Device(char const*)
                0x00000000c00106d0                Device::getName()
                0x00000000c00106da                DriverlessDevice::DriverlessDevice(char const*)
                0x00000000c00106da                DriverlessDevice::DriverlessDevice(char const*)
                0x00000000c0010702                Device::addToLinkedList(LinkedList<Device>&, DeviceType)
                0x00000000c0010746                getDevicesOfType(DeviceType)
 .text          0x00000000c0010770       0x84 hal/diskctrl.32
                0x00000000c0010770                HardDiskController::HardDiskController(char const*)
                0x00000000c0010770                HardDiskController::HardDiskController(char const*)
                0x00000000c00107a6                HardDiskController::~HardDiskController()
                0x00000000c00107a6                HardDiskController::~HardDiskController()
                0x00000000c00107ca                HardDiskController::~HardDiskController()
 .text          0x00000000c00107f4       0xde hal/diskphys.32
                0x00000000c00107f4                PhysicalDisk::PhysicalDisk(char const*, int)
                0x00000000c00107f4                PhysicalDisk::PhysicalDisk(char const*, int)
                0x00000000c001085c                PhysicalDisk::startCache()
                0x00000000c0010884                PhysicalDisk::~PhysicalDisk()
                0x00000000c0010884                PhysicalDisk::~PhysicalDisk()
                0x00000000c00108a8                PhysicalDisk::~PhysicalDisk()
 .text          0x00000000c00108d2      0x142 hal/fpu.32
                0x00000000c00108d2                FPU::FPU(char const*)
                0x00000000c00108d2                FPU::FPU(char const*)
                0x00000000c0010908                FPU::~FPU()
                0x00000000c0010908                FPU::~FPU()
                0x00000000c001092c                FPU::~FPU()
                0x00000000c0010956                setupFPU()
 .text          0x00000000c0010a14      0xc21 hal/intctrl.32
                0x00000000c0010a14                InterruptController::uninstallISRHandler(int, void (*)(regs*, void*))
                0x00000000c0010a4c                InterruptController::installISRHandler(int, void (*)(regs*, void*), void*)
                0x00000000c0010a9e                doubleFault(regs*, void*)
                0x00000000c0010aac                InterruptController::installIRQHandler(int, void (*)(regs*, void*), bool, void*)
                0x00000000c0010b48                InterruptController::clearAllHandlers(int, bool)
                0x00000000c0010bf0                InterruptController::uninstallIRQHandler(int, void (*)(regs*, void*), bool)
                0x00000000c0010c77                nmiHandler(regs*, void*)
                0x00000000c0010c85                int_handler
                0x00000000c0010d20                InterruptController::InterruptController(char const*)
                0x00000000c0010d20                InterruptController::InterruptController(char const*)
                0x00000000c0010dc6                InterruptController::~InterruptController()
                0x00000000c0010dc6                InterruptController::~InterruptController()
                0x00000000c0010dea                InterruptController::~InterruptController()
                0x00000000c0010e14                displayDebugInfo(regs*)
                0x00000000c001122b                x87EmulHandler(regs*, void*)
                0x00000000c001128e                gpFault(regs*, void*)
                0x00000000c00112c7                pgFault(regs*, void*)
                0x00000000c00112de                otherISRHandler(regs*, void*)
                0x00000000c00112fd                opcodeFault(regs*, void*)
                0x00000000c0011367                displayProgramFault(char const*)
                0x00000000c0011390                InterruptController::convertLegacyIRQNumber(int)
                0x00000000c00113da                setupInterruptController()
 *fill*         0x00000000c0011635        0x1 
 .text          0x00000000c0011636      0x608 hal/keybrd.32
                0x00000000c0011636                startGUI(void*)
                0x00000000c00116a8                sendKeyToTerminal(unsigned char)
                0x00000000c0011714                sendKeyboardToken(KeyboardToken)
                0x00000000c0011aef                clearInternalKeybuffer(VgaText*)
                0x00000000c0011b24                readKeyboard(VgaText*, char*, unsigned long)
                0x00000000c0011bb4                Keyboard::Keyboard(char const*)
                0x00000000c0011bb4                Keyboard::Keyboard(char const*)
                0x00000000c0011bf0                Keyboard::~Keyboard()
                0x00000000c0011bf0                Keyboard::~Keyboard()
                0x00000000c0011c14                Keyboard::~Keyboard()
 .text          0x00000000c0011c3e      0x400 hal/logidisk.32
                0x00000000c0011c3e                LogicalDisk::close(int, int, void*)
                0x00000000c0011c42                LogicalDisk::~LogicalDisk()
                0x00000000c0011c42                LogicalDisk::~LogicalDisk()
                0x00000000c0011c66                LogicalDisk::~LogicalDisk()
                0x00000000c0011c90                LogicalDisk::open(int, int, void*)
                0x00000000c0011ca4                LogicalDisk::absoluteToRelative(unsigned long long)
                0x00000000c0011cdc                LogicalDisk::relativeToAbsolute(unsigned long long)
                0x00000000c0011d22                LogicalDisk::LogicalDisk(char const*, PhysicalDisk*, unsigned long long, unsigned long long)
                0x00000000c0011d22                LogicalDisk::LogicalDisk(char const*, PhysicalDisk*, unsigned long long, unsigned long long)
                0x00000000c0011dd8                LogicalDisk::assignDriveLetter()
                0x00000000c0011e8e                LogicalDisk::mount()
                0x00000000c0011f00                LogicalDisk::unmount()
                0x00000000c0011f10                LogicalDisk::unassignDriveLetter()
                0x00000000c0011f66                LogicalDisk::read(unsigned long long, int, void*)
                0x00000000c0011fd2                LogicalDisk::write(unsigned long long, int, void*)
 .text          0x00000000c001203e       0x84 hal/mouse.32
                0x00000000c001203e                Mouse::Mouse(char const*)
                0x00000000c001203e                Mouse::Mouse(char const*)
                0x00000000c0012074                Mouse::~Mouse()
                0x00000000c0012074                Mouse::~Mouse()
                0x00000000c0012098                Mouse::~Mouse()
 .text          0x00000000c00120c2      0x339 hal/partition.32
                0x00000000c00120c2                makePartition(PhysicalDisk*, unsigned long long, unsigned long long)
                0x00000000c001216a                createPartitionsForDisk(PhysicalDisk*)
 *fill*         0x00000000c00123fb        0x1 
 .text          0x00000000c00123fc      0x2e7 hal/timer.32
                0x00000000c00123fc                Timer::Timer(char const*)
                0x00000000c00123fc                Timer::Timer(char const*)
                0x00000000c0012432                Timer::~Timer()
                0x00000000c0012432                Timer::~Timer()
                0x00000000c0012456                Timer::~Timer()
                0x00000000c0012480                Timer::read()
                0x00000000c001248b                timerHandler(unsigned long long)
                0x00000000c00125c2                setupTimer(int)
 *fill*         0x00000000c00126e3        0x1 
 .text          0x00000000c00126e4      0x2d1 hal/vcache.32
                0x00000000c00126e4                VCache::VCache(PhysicalDisk*)
                0x00000000c00126e4                VCache::VCache(PhysicalDisk*)
                0x00000000c00127d4                VCache::writeWriteBuffer()
                0x00000000c0012810                VCache::~VCache()
                0x00000000c0012810                VCache::~VCache()
                0x00000000c0012850                VCache::~VCache()
                0x00000000c0012878                VCache::write(unsigned long long, int, void*)
                0x00000000c001295c                VCache::read(unsigned long long, int, void*)
 *fill*         0x00000000c00129b5        0x1 
 .text          0x00000000c00129b6      0x26d hal/video.32
                0x00000000c00129b6                Video::putrect(int, int, int, int, unsigned int)
                0x00000000c0012a00                Video::blit(unsigned int*, int, int, int, int)
                0x00000000c0012a7e                Video::clearScreen(unsigned int)
                0x00000000c0012ab2                Video::putpixel(int, int, unsigned int)
                0x00000000c0012ac0                Video::Video(char const*)
                0x00000000c0012ac0                Video::Video(char const*)
                0x00000000c0012af6                Video::~Video()
                0x00000000c0012af6                Video::~Video()
                0x00000000c0012b1a                Video::~Video()
                0x00000000c0012b44                Video::isMonochrome()
                0x00000000c0012b50                Video::getWidth()
                0x00000000c0012b5c                Video::getHeight()
                0x00000000c0012b68                Video::drawCursor(int, int, unsigned char*, int)
 *fill*         0x00000000c0012c23        0x1 
 .text          0x00000000c0012c24      0xd28 hw/acpi.32
                0x00000000c0012c24                ACPI::close(int, int, void*)
                0x00000000c0012cd9                findRSDP()
                0x00000000c0012d63                loadACPITables(unsigned char*)
                0x00000000c0012f8a                findRSDT(unsigned char*)
                0x00000000c00130a8                findDataTable(unsigned char*, char*)
                0x00000000c0013144                scanMADT()
                0x00000000c00134d8                ACPI::ACPI()
                0x00000000c00134d8                ACPI::ACPI()
                0x00000000c0013538                ACPI::getPCIIRQAssignment(unsigned char, unsigned short, unsigned char)
                0x00000000c001361a                ACPI::registerPCIIRQAssignment(void*, unsigned short, unsigned char, unsigned char)
                0x00000000c0013720                ACPI::setScreenBrightnessLevel(void*, int)
                0x00000000c0013726                ACPI::writeSimpleBootFlag(SimpleBootFlagTable*)
                0x00000000c001376e                ACPI::open(int, int, void*)
                0x00000000c0013934                ACPI::sleep()
 .text          0x00000000c001394c     0x132c hw/cpu.32
                0x00000000c001394c                CPU::close(int, int, void*)
                0x00000000c001394f                lookupAMDCPUName(unsigned char, unsigned char)
                0x00000000c0013ae3                lookupIntelCPUName(unsigned char, unsigned char)
                0x00000000c0013d91                AMD_K6_write_msr(unsigned int, unsigned int, unsigned int, REGS*)
                0x00000000c0013dad                AMD_K6_read_msr(unsigned int, REGS*)
                0x00000000c0013dc5                AMD_K6_writeback(int, int, int)
                0x00000000c0013e38                cpuid(int, unsigned long*, unsigned long*, unsigned long*, unsigned long*)
                0x00000000c0013ebb                cpuidCheckEDX(unsigned int)
                0x00000000c0013ee8                cpuidCheckECX(unsigned int)
                0x00000000c0013f15                cpuidCheckExtendedEBX(unsigned int)
                0x00000000c0013f42                cpuidCheckExtendedECX(unsigned int)
                0x00000000c0013f6f                getCPUNumber()
                0x00000000c0013f72                thisCPU()
                0x00000000c0013f86                CPU::CPU()
                0x00000000c0013f86                CPU::CPU()
                0x00000000c0014014                CPU::displayFeatures()
                0x00000000c0014016                CPU::detectFeatures()
                0x00000000c0014a08                CPU::setupSMEP()
                0x00000000c0014a22                CPU::setupUMIP()
                0x00000000c0014a3a                CPU::setupTSC()
                0x00000000c0014a52                CPU::setupLargePages()
                0x00000000c0014a6a                CPU::setupPAT()
                0x00000000c0014aa6                CPU::setupMTRR()
                0x00000000c0014aa8                CPU::setupGlobalPages()
                0x00000000c0014abe                CPU::allowUsermodeDataAccess()
                0x00000000c0014ad0                CPU::prohibitUsermodeDataAccess()
                0x00000000c0014ae2                CPU::setupSMAP()
                0x00000000c0014b08                CPU::setupFeatures()
                0x00000000c0014baa                CPU::open(int, int, void*)
 .text          0x00000000c0014c78        0x0 hw/ports.32
 .text          0x00000000c0014c78      0x32c krnl/panic.32
                0x00000000c0014c78                Krnl::panic(char const*)
 .text          0x00000000c0014fa4      0x503 reg/registry.32
                0x00000000c0014fa4                Reg::findLineFromLoadedData(char*, char*, char*)
                0x00000000c00150fc                Reg::getLineFromRegistry(char*, char*, char*, char*)
                0x00000000c001525b                Reg::getLine(char*, char*, char*)
                0x00000000c0015292                Reg::readInt(char*, char*, int*)
                0x00000000c001537d                Reg::readString(char*, char*, char*, int)
                0x00000000c00153fe                Reg::readBool(char*, char*, bool*)
                0x00000000c0015423                Reg::readBoolWithDefault(char*, char*, bool)
                0x00000000c001544f                Reg::readIntWithDefault(char*, char*, int)
                0x00000000c001547b                Reg::readStringWithDefault(char*, char*, char*, int, char*)
 .text          0x00000000c00154a7       0x18 sys/sc_exit.32
                0x00000000c00154a7                Sys::exit(regs*)
 .text          0x00000000c00154bf       0x95 sys/sc_loaddll.32
                0x00000000c00154bf                Sys::loadDLL(regs*)
 .text          0x00000000c0015554       0x68 sys/sc_read.32
                0x00000000c0015554                Sys::read(regs*)
 .text          0x00000000c00155bc       0x55 sys/sc_sbrk.32
                0x00000000c00155bc                Sys::sbrk(regs*)
 .text          0x00000000c0015611       0x83 sys/sc_write.32
                0x00000000c0015611                Sys::write(regs*)
 .text          0x00000000c0015694       0x1a sys/sc_yield.32
                0x00000000c0015694                Sys::yield(regs*)
 .text          0x00000000c00156ae      0xfef sys/syscalls.32
                0x00000000c00156ae                sysCallGetPID(regs*)
                0x00000000c00156ba                sysCallSeekDir(regs*)
                0x00000000c00156bf                sysCallTellDir(regs*)
                0x00000000c00156c4                sysCallVerify(regs*)
                0x00000000c00156ce                sysCallGetArgc(regs*)
                0x00000000c00156de                sysFormatDisk(regs*)
                0x00000000c0015748                sysSetDiskVolumeLabel(regs*)
                0x00000000c001578e                sysGetDiskVolumeLabel(regs*)
                0x00000000c00157df                sysShutdown(regs*)
                0x00000000c001583d                sysCallGetCwd(regs*)
                0x00000000c001585c                sysCallSetCwd(regs*)
                0x00000000c0015878                sysCallRealpath(regs*)
                0x00000000c00158bb                sysCallReadDir(regs*)
                0x00000000c0015949                sysCallIsATTY(regs*)
                0x00000000c00159a3                sysCallSeek(regs*)
                0x00000000c0015a0c                sysCallTell(regs*)
                0x00000000c0015a89                sysCallSizeFromFilename(regs*)
                0x00000000c0015b3a                sysCallSize(regs*)
                0x00000000c0015bbd                sysCallClose(regs*)
                0x00000000c0015c45                sysCallOpenDir(regs*)
                0x00000000c0015cb2                sysCallMakeDir(regs*)
                0x00000000c0015d0b                sysCallCloseDir(regs*)
                0x00000000c0015d71                sysCallWait(regs*)
                0x00000000c0015d8b                sysCallFork(regs*)
                0x00000000c0015da7                sysCallExecve(regs*)
                0x00000000c0015dfc                sysCallRmdir(regs*)
                0x00000000c0015e4e                sysCallUnlink(regs*)
                0x00000000c0015ea0                sysCallGetArgv(regs*)
                0x00000000c0015eec                sysCallTTYName(regs*)
                0x00000000c0015f6f                sysCallGetEnv(regs*)
                0x00000000c0015fc1                sysCallUSleep(regs*)
                0x00000000c0015fe8                sysCallSpawn(regs*)
                0x00000000c0016058                sysAppSettings(regs*)
                0x00000000c0016177                sysSetFatAttrib(regs*)
                0x00000000c00161d7                sysPanic(regs*)
                0x00000000c00161fd                sysPipe(regs*)
                0x00000000c0016242                sysGetUnixTime(regs*)
                0x00000000c0016256                string_ends_with(char const*, char const*)
                0x00000000c001629e                sysCallOpen(regs*)
                0x00000000c00164a2                setupSystemCalls()
                0x00000000c001665b                systemCall(regs*, void*)
 .text          0x00000000c001669d     0x1137 thr/elf.32
                0x00000000c001669d                Thr::allocateMemoryForTask(Process*, File*, unsigned long, unsigned long, unsigned long)
                0x00000000c001691a                Thr::loadProgramIntoMemory(Process*, char const*)
                0x00000000c0016b30                Thr::runtimeReferenceHelper()
                0x00000000c0016b43                Thr::getAddressOfKernelSymbol(char const*)
                0x00000000c0016b92                Thr::loadKernelSymbolTable(char const*)
                0x00000000c0016e53                Thr::loadDriverIntoMemory(char const*, unsigned long, bool)
                0x00000000c00175d4                Thr::getDriverBaseFromAddress(unsigned long)
                0x00000000c0017606                Thr::getDriverNameFromAddress(unsigned long)
                0x00000000c001763d                Thr::getDriverOffsetFromAddress(unsigned long)
                0x00000000c0017657                Thr::loadDLL(char const*, bool)
                0x00000000c00177aa                Thr::executeDLL(unsigned long, void*)
 .text          0x00000000c00177d4     0x11ce thr/prcssthr.32
                0x00000000c00177d4                changeTSS
                0x00000000c0017802                Process::addArgs(char**)
                0x00000000c001785c                Process::Process(char const*, Process*, char**)
                0x00000000c001785c                Process::Process(char const*, Process*, char**)
                0x00000000c0017a14                Process::Process(bool, char const*, Process*, char**)
                0x00000000c0017a14                Process::Process(bool, char const*, Process*, char**)
                0x00000000c0017b97                disableIRQs()
                0x00000000c0017b9f                getIRQNestingLevel()
                0x00000000c0017ba5                enableIRQs()
                0x00000000c0017bb4                lockScheduler()
                0x00000000c0017bb6                unlockScheduler()
                0x00000000c0017bb8                userModeEntryPoint(void*)
                0x00000000c0017bdb                lockStuff()
                0x00000000c0017be7                taskStartupFunction
                0x00000000c0017bf0                updateTimeUsed()
                0x00000000c0017c4e                switchToThread(ThreadControlBlock*)
                0x00000000c0017c9e                Semaphore::Semaphore(int)
                0x00000000c0017c9e                Semaphore::Semaphore(int)
                0x00000000c0017ccc                Mutex::Mutex()
                0x00000000c0017ccc                Mutex::Mutex()
                0x00000000c0017cde                Process::createThread(void (*)(void*), void*, int)
                0x00000000c0017dc2                Process::createUserThread()
                0x00000000c0017dde                setupMultitasking(void (*)())
                0x00000000c0017ee8                schedule()
                0x00000000c0017f6d                unlockStuff()
                0x00000000c0017fa2                forkProcess(regs*)
                0x00000000c0018110                Semaphore::tryAcquire()
                0x00000000c001813e                Semaphore::assertLocked(char const*)
                0x00000000c0018171                blockTaskWithSchedulerLockAlreadyHeld(TaskState)
                0x00000000c00181b3                blockTask(TaskState)
                0x00000000c00181d4                waitTask(int, int*, int)
                0x00000000c0018216                nanoSleepUntil(unsigned long long)
                0x00000000c001826d                nanoSleep(unsigned long long)
                0x00000000c0018282                sleep(unsigned long long)
                0x00000000c00182a0                Semaphore::acquire()
                0x00000000c0018308                execveProcess(char const*, char* const*, char* const*)
                0x00000000c0018396                taskReturned
                0x00000000c00183c4                unblockTask(ThreadControlBlock*)
                0x00000000c0018473                cleanupTerminatedTask(ThreadControlBlock*)
                0x00000000c0018717                cleanerTaskFunction(void*)
                0x00000000c00187ca                terminateTask(int)
                0x00000000c00188aa                Thr::terminateFromIRQ(int)
                0x00000000c00188b6                Semaphore::release()
 .text          0x00000000c00189a2      0x8bf vm86/vm8086.32
                0x00000000c00189a2                Vm::vm8086EntryPoint(void*)
                0x00000000c00189cd                Vm::inbv(unsigned short)
                0x00000000c00189d3                Vm::outbv(unsigned short, unsigned char)
                0x00000000c00189dd                Vm::realToLinear(unsigned short, unsigned short)
                0x00000000c00189ed                Vm::getSegment(unsigned int)
                0x00000000c00189f5                Vm::getOffset(unsigned int)
                0x00000000c00189fa                Vm::loadFileAsThread(Process*, char const*, unsigned short, unsigned short, unsigned short, unsigned short)
                0x00000000c0018b29                Vm::doISR(regs*, int, unsigned char*, unsigned short, unsigned short)
                0x00000000c0018bb3                Vm::readByteFromReal(unsigned short, unsigned short)
                0x00000000c0018bc4                Vm::readWordFromReal(unsigned short, unsigned short)
                0x00000000c0018bd6                Vm::readDwordFromReal(unsigned short, unsigned short)
                0x00000000c0018be7                Vm::writeByteFromReal(unsigned short, unsigned short, unsigned char)
                0x00000000c0018bfc                Vm::writeWordFromReal(unsigned short, unsigned short, unsigned short)
                0x00000000c0018c12                Vm::writeDwordFromReal(unsigned short, unsigned short, unsigned int)
                0x00000000c0018c27                Vm::faultHandler(regs*)
 *fill*         0x00000000c0019261        0x1 
 .text          0x00000000c0019262     0x10ed fs/fat/vfslink.32
                0x00000000c0019262                FAT::getName()
                0x00000000c0019268                FAT::tell(void*, unsigned long long*)
                0x00000000c001929c                FAT::stat(void*, unsigned long long*)
                0x00000000c00192d0                FAT::~FAT()
                0x00000000c00192d0                FAT::~FAT()
                0x00000000c00192f4                FAT::~FAT()
                0x00000000c001931c                FAT::getlabel(LogicalDisk*, int, char*, unsigned int*)
                0x00000000c00193ba                FAT::setlabel(LogicalDisk*, int, char*)
                0x00000000c0019474                FAT::format(LogicalDisk*, int, char const*, int)
                0x00000000c0019658                FAT::tryMount(LogicalDisk*, int)
                0x00000000c001985e                FAT::readDir(void*, unsigned long, void*, int*)
                0x00000000c0019964                FAT::read(void*, unsigned long, void*, int*)
                0x00000000c00199be                FAT::write(void*, unsigned long, void*, int*)
                0x00000000c0019a18                FAT::close(void*)
                0x00000000c0019a64                FAT::closeDir(void*)
                0x00000000c0019ab0                FAT::seek(void*, unsigned long long)
                0x00000000c0019b04                fatWrapperReadDisk
                0x00000000c0019b4b                fatWrapperWriteDisk
                0x00000000c0019b92                fatWrapperIoctl
                0x00000000c0019c96                FAT::FAT()
                0x00000000c0019c96                FAT::FAT()
                0x00000000c0019ce8                FAT::fixFilepath(char*)
                0x00000000c0019d20                FAT::open(char const*, void**, FileOpenMode)
                0x00000000c0019e48                FAT::openDir(char const*, void**)
                0x00000000c0019eee                FAT::stat(char const*, unsigned long long*, bool*)
                0x00000000c0019fd8                FAT::unlink(char const*)
                0x00000000c001a052                FAT::chfatattr(char const*, unsigned char, unsigned char)
                0x00000000c001a1a6                FAT::rename(char const*, char const*)
                0x00000000c001a26a                FAT::mkdir(char const*)
                0x00000000c001a2e4                FAT::exists(char const*)
 *fill*         0x00000000c001a34f        0x1 
 .text          0x00000000c001a350      0xbdf fs/iso9660/vfslink.32
                0x00000000c001a350                ISO9660::format(LogicalDisk*, int, char const*, int)
                0x00000000c001a356                ISO9660::seek(void*, unsigned long long)
                0x00000000c001a386                ISO9660::tell(void*, unsigned long long*)
                0x00000000c001a3aa                ISO9660::getName()
                0x00000000c001a3b0                ISO9660::stat(void*, unsigned long long*)
                0x00000000c001a3d4                ISO9660::chfatattr(char const*, unsigned char, unsigned char)
                0x00000000c001a3da                ISO9660::unlink(char const*)
                0x00000000c001a3e0                ISO9660::write(void*, unsigned long, void*, int*)
                0x00000000c001a3e6                ISO9660::rename(char const*, char const*)
                0x00000000c001a3ec                ISO9660::mkdir(char const*)
                0x00000000c001a3f2                ISO9660::close(void*)
                0x00000000c001a414                ISO9660::closeDir(void*)
                0x00000000c001a436                ISO9660::~ISO9660()
                0x00000000c001a436                ISO9660::~ISO9660()
                0x00000000c001a45a                ISO9660::~ISO9660()
                0x00000000c001a481                __memmem(unsigned char*, int, unsigned char*, int)
                0x00000000c001a4c3                readSectorFromCDROM(unsigned int, unsigned char*, char)
                0x00000000c001a52a                ISO9660::tryMount(LogicalDisk*, int)
                0x00000000c001a57a                ISO9660::read(void*, unsigned long, void*, int*)
                0x00000000c001a7be                ISO9660::readDir(void*, unsigned long, void*, int*)
                0x00000000c001aa4b                readRoot(unsigned int*, unsigned int*, char)
                0x00000000c001aaa0                readRecursively(char*, unsigned int, unsigned int, unsigned int*, unsigned int*, char, int*)
                0x00000000c001ac73                getFileData(char*, unsigned int*, unsigned int*, char, int*)
                0x00000000c001ad02                ISO9660::open(char const*, void**, FileOpenMode)
                0x00000000c001ad9c                ISO9660::exists(char const*)
                0x00000000c001adc0                ISO9660::stat(char const*, unsigned long long*, bool*)
                0x00000000c001ae54                ISO9660::openDir(char const*, void**)
                0x00000000c001af0c                ISO9660::ISO9660()
                0x00000000c001af0c                ISO9660::ISO9660()
 *fill*         0x00000000c001af2f        0x1 
 .text          0x00000000c001af30      0x244 hal/sound/sndchannel.32
                0x00000000c001af30                SoundChannel::~SoundChannel()
                0x00000000c001af30                SoundChannel::~SoundChannel()
                0x00000000c001af4c                SoundChannel::setSpeed(float)
                0x00000000c001af58                SoundChannel::getSpeed()
                0x00000000c001af60                SoundChannel::setVolume(int)
                0x00000000c001af7c                SoundChannel::getVolume()
                0x00000000c001af84                SoundChannel::pause()
                0x00000000c001af8e                SoundChannel::SoundChannel(int, int, int, int)
                0x00000000c001af8e                SoundChannel::SoundChannel(int, int, int, int)
                0x00000000c001b084                SoundChannel::play()
                0x00000000c001b08e                SoundChannel::paused()
                0x00000000c001b096                SoundChannel::getSampleRate()
                0x00000000c001b09e                SoundChannel::getBits()
                0x00000000c001b0a6                SoundChannel::getBufferUsed()
                0x00000000c001b0ae                SoundChannel::getBufferSize()
                0x00000000c001b0b6                SoundChannel::unbuffer(float*, int, int)
                0x00000000c001b128                SoundChannel::buffer8(unsigned char*, int)
 .text          0x00000000c001b174      0x317 hal/sound/sndhw.32
                0x00000000c001b174                SoundDevice::SoundDevice(char const*)
                0x00000000c001b174                SoundDevice::SoundDevice(char const*)
                0x00000000c001b1e0                SoundDevice::~SoundDevice()
                0x00000000c001b1e0                SoundDevice::~SoundDevice()
                0x00000000c001b25a                SoundDevice::~SoundDevice()
                0x00000000c001b284                SoundDevice::getFreeChannelNum()
                0x00000000c001b29e                SoundDevice::addChannel(SoundChannel*)
                0x00000000c001b30e                SoundDevice::removeChannel(int)
                0x00000000c001b340                SoundDevice::floatTo8(float*, unsigned char*, int)
                0x00000000c001b3ac                SoundDevice::getAudio(int, float*, float*)
 .text          0x00000000c001b48b        0x0 hw/bus/isa.32
 *fill*         0x00000000c001b48b        0x1 
 .text          0x00000000c001b48c      0x6e5 hw/bus/pci.32
                0x00000000c001b48c                PCI::open(int, int, void*)
                0x00000000c001b4a0                PCI::close(int, int, void*)
                0x00000000c001b4a4                PCI::PCI()
                0x00000000c001b4a4                PCI::PCI()
                0x00000000c001b524                PCI::pciReadWord(unsigned char, unsigned char, unsigned char, unsigned char)
                0x00000000c001b56c                PCI::getVendorID(unsigned char, unsigned char, unsigned char)
                0x00000000c001b58e                PCI::getHeaderType(unsigned char, unsigned char, unsigned char)
                0x00000000c001b5b2                PCI::getClassCode(unsigned char, unsigned char, unsigned char)
                0x00000000c001b5f6                PCI::getProgIF(unsigned char, unsigned char, unsigned char)
                0x00000000c001b61a                PCI::getRevisionID(unsigned char, unsigned char, unsigned char)
                0x00000000c001b63c                PCI::getInterruptNumber(unsigned char, unsigned char, unsigned char)
                0x00000000c001b65e                PCI::getSecondaryBus(unsigned char, unsigned char, unsigned char)
                0x00000000c001b682                PCI::getBARAddress(unsigned char, unsigned char, unsigned char, unsigned char)
                0x00000000c001b6e2                PCI::pciWriteWord(unsigned char, unsigned char, unsigned char, unsigned char, unsigned short)
                0x00000000c001b74e                PCI::checkBus(unsigned char)
                0x00000000c001b772                PCI::foundDevice(PCIDeviceInfo)
                0x00000000c001b8e2                PCI::getDeviceData(unsigned char, unsigned char, unsigned char)
                0x00000000c001bab2                PCI::checkDevice(unsigned char, unsigned char)
                0x00000000c001bb1e                PCI::detect()
 *fill*         0x00000000c001bb71        0x1 
 .text          0x00000000c001bb72      0xc70 hw/diskctrl/ide.32
                0x00000000c001bb72                IDE::close(int, int, void*)
                0x00000000c001bb76                IDE::IDE()
                0x00000000c001bb76                IDE::IDE()
                0x00000000c001bbaa                IDE::prepareInterrupt(unsigned char)
                0x00000000c001bbbc                selectDrive(unsigned char, unsigned char)
                0x00000000c001bbbe                IDE::getBase(unsigned char)
                0x00000000c001bbd0                IDE::write(unsigned char, unsigned char, unsigned char)
                0x00000000c001bc90                IDE::read(unsigned char, unsigned char)
                0x00000000c001bd3e                IDE::waitInterrupt(unsigned char)
                0x00000000c001bda4                ideChannel0IRQHandler(regs*, void*)
                0x00000000c001bdc0                ideChannel1IRQHandler(regs*, void*)
                0x00000000c001bddc                IDE::enableIRQs(unsigned char, bool)
                0x00000000c001be22                IDE::open(int, int, void*)
                0x00000000c001c232                IDE::readBuffer(unsigned char, unsigned char, unsigned int, unsigned int)
                0x00000000c001c2fe                IDE::detect()
                0x00000000c001c5e6                IDE::printError(unsigned char, unsigned char, unsigned char)
                0x00000000c001c77c                IDE::polling(unsigned char, unsigned int)
 .text          0x00000000c001c7e2      0x62b hw/diskphys/ata.32
                0x00000000c001c7e2                ATA::close(int, int, void*)
                0x00000000c001c806                ATA::powerSaving(PowerSavingLevel)
                0x00000000c001c808                ATA::ATA()
                0x00000000c001c808                ATA::ATA()
                0x00000000c001c836                ATA::flush(bool)
                0x00000000c001c880                ATA::readyForCommand()
                0x00000000c001c8d0                ATA::access(unsigned long long, int, void*, bool)
                0x00000000c001cc4e                ATA::read(unsigned long long, int, void*)
                0x00000000c001ccb6                ATA::write(unsigned long long, int, void*)
                0x00000000c001cd1e                ATA::detectCHS()
                0x00000000c001cd48                ATA::open(int, int, void*)
 *fill*         0x00000000c001ce0d        0x1 
 .text          0x00000000c001ce0e      0x5b3 hw/diskphys/atapi.32
                0x00000000c001ce0e                ATAPI::write(unsigned long long, int, void*)
                0x00000000c001ce14                ATAPI::close(int, int, void*)
                0x00000000c001ce38                ATAPI::ATAPI()
                0x00000000c001ce38                ATAPI::ATAPI()
                0x00000000c001ce66                ATAPI::readyForCommand()
                0x00000000c001ceb6                ATAPI::sendPacket(unsigned char*, int, bool, unsigned short*, int)
                0x00000000c001d176                ATAPI::diskRemoved()
                0x00000000c001d192                ATAPI::eject()
                0x00000000c001d1d8                ATAPI::diskInserted()
                0x00000000c001d206                ATAPI::detectMedia()
                0x00000000c001d2c2                ATAPI::open(int, int, void*)
                0x00000000c001d342                ATAPI::read(unsigned long long, int, void*)
 *fill*         0x00000000c001d3c1        0x1 
 .text          0x00000000c001d3c2       0x8e hw/fpu/avx.32
                0x00000000c001d3c2                AVX::open(int, int, void*)
                0x00000000c001d3d4                AVX::close(int, int, void*)
                0x00000000c001d3e6                AVX::available()
                0x00000000c001d3f8                AVX::save(void*)
                0x00000000c001d410                AVX::load(void*)
                0x00000000c001d428                AVX::AVX()
                0x00000000c001d428                AVX::AVX()
 .text          0x00000000c001d450       0x90 hw/fpu/mmx.32
                0x00000000c001d450                MMX::available()
                0x00000000c001d464                MMX::open(int, int, void*)
                0x00000000c001d476                MMX::close(int, int, void*)
                0x00000000c001d488                MMX::save(void*)
                0x00000000c001d4a0                MMX::load(void*)
                0x00000000c001d4b8                MMX::MMX()
                0x00000000c001d4b8                MMX::MMX()
 .text          0x00000000c001d4e0       0x96 hw/fpu/sse.32
                0x00000000c001d4e0                SSE::open(int, int, void*)
                0x00000000c001d4f2                SSE::close(int, int, void*)
                0x00000000c001d504                SSE::available()
                0x00000000c001d51e                SSE::save(void*)
                0x00000000c001d536                SSE::load(void*)
                0x00000000c001d54e                SSE::SSE()
                0x00000000c001d54e                SSE::SSE()
 .text          0x00000000c001d576       0x8e hw/fpu/x87.32
                0x00000000c001d576                x87::open(int, int, void*)
                0x00000000c001d588                x87::close(int, int, void*)
                0x00000000c001d59a                x87::available()
                0x00000000c001d5ac                x87::save(void*)
                0x00000000c001d5c4                x87::load(void*)
                0x00000000c001d5dc                x87::x87()
                0x00000000c001d5dc                x87::x87()
 .text          0x00000000c001d604      0x5f3 hw/intctrl/apic.32
                0x00000000c001d604                APIC::disable()
                0x00000000c001d606                APIC::close(int, int, void*)
                0x00000000c001d628                IOAPIC::close(int, int, void*)
                0x00000000c001d62e                APIC::io_wait()
                0x00000000c001d634                APIC::getBase()
                0x00000000c001d676                APIC::eoi(unsigned char)
                0x00000000c001d6a4                APIC::open(int, int, void*)
                0x00000000c001d75e                IOAPIC::IOAPIC()
                0x00000000c001d75e                IOAPIC::IOAPIC()
                0x00000000c001d786                APIC::APIC()
                0x00000000c001d786                APIC::APIC()
                0x00000000c001d856                IOAPIC::handlesGSIWithNumber(unsigned int)
                0x00000000c001d888                IOAPIC::read(int)
                0x00000000c001d8b0                IOAPIC::open(int, int, void*)
                0x00000000c001d9a6                IOAPIC::write(int, int)
                0x00000000c001d9d2                IOAPIC::redirect(unsigned char, unsigned long long, unsigned char)
                0x00000000c001da8c                APIC::installIRQHandler(int, void (*)(regs*, void*), bool, void*)
 *fill*         0x00000000c001dbf7        0x1 
 .text          0x00000000c001dbf8      0x3d3 hw/intctrl/pic.32
                0x00000000c001dbf8                PIC::disable()
                0x00000000c001dc26                PIC::close(int, int, void*)
                0x00000000c001dc48                PIC::PIC()
                0x00000000c001dc48                PIC::PIC()
                0x00000000c001dd1e                PIC::ioWait()
                0x00000000c001dd24                PIC::getIRQReg(int)
                0x00000000c001dd8e                PIC::eoi(unsigned char)
                0x00000000c001de20                PIC::remap()
                0x00000000c001df8c                PIC::open(int, int, void*)
 *fill*         0x00000000c001dfcb        0x1 
 .text          0x00000000c001dfcc      0x252 hw/timer/apictimer.32
                0x00000000c001dfcc                APICTimer::close(int, int, void*)
                0x00000000c001dfd2                apicTimerHandler(regs*, void*)
                0x00000000c001e000                APICTimer::write(int)
                0x00000000c001e0fe                APICTimer::open(int, int, void*)
                0x00000000c001e1f6                APICTimer::APICTimer()
                0x00000000c001e1f6                APICTimer::APICTimer()
 .text          0x00000000c001e21e      0x1a7 hw/timer/pit.32
                0x00000000c001e21e                PIT::write(int)
                0x00000000c001e29c                pitHandler(regs*, void*)
                0x00000000c001e2c8                PIT::open(int, int, void*)
                0x00000000c001e316                PIT::close(int, int, void*)
                0x00000000c001e346                PIT::PIT()
                0x00000000c001e346                PIT::PIT()
 *fill*         0x00000000c001e3c5        0xb 
 .text          0x00000000c001e3d0        0xa hw/fpu/x86/avx.32
                0x00000000c001e3d0                avxDetect
                0x00000000c001e3d6                avxSave
                0x00000000c001e3d7                avxLoad
                0x00000000c001e3d8                avxInit
                0x00000000c001e3d9                avxClose
 *fill*         0x00000000c001e3da        0x6 
 .text          0x00000000c001e3e0       0x38 hw/fpu/x86/sse.32
                0x00000000c001e3e0                sseDetect
                0x00000000c001e3fb                sseSave
                0x00000000c001e401                sseLoad
                0x00000000c001e407                sseInit
                0x00000000c001e417                sseClose
 *fill*         0x00000000c001e418        0x8 
 .text          0x00000000c001e420       0x47 hw/fpu/x86/x87.32
                0x00000000c001e426                x87Detect
                0x00000000c001e441                x87Save
                0x00000000c001e447                x87Load
                0x00000000c001e44c                x87Init
                0x00000000c001e466                x87Close
 *fill*         0x00000000c001e467        0x1 
 .text          0x00000000c001e468       0x25 /cygdrive/d/Users/Alex/Desktop/Toolchain/Output/bin/../lib/gcc/i386-banana/8.1.0/crtend.o
 .text          0x00000000c001e48d        0x0 crtn.32
 *fill*         0x00000000c001e48d        0x3 
 .text          0x00000000c001e490      0x14b /cygdrive/d/Users/Alex/Desktop/Toolchain/Output/bin/../lib/gcc/i386-banana/8.1.0/libgcc.a(_divdi3.o)
                0x00000000c001e490                __divdi3
 *fill*         0x00000000c001e5db        0x1 
 .text          0x00000000c001e5dc      0x17e /cygdrive/d/Users/Alex/Desktop/Toolchain/Output/bin/../lib/gcc/i386-banana/8.1.0/libgcc.a(_moddi3.o)
                0x00000000c001e5dc                __moddi3
 *fill*         0x00000000c001e75a        0x2 
 .text          0x00000000c001e75c       0xff /cygdrive/d/Users/Alex/Desktop/Toolchain/Output/bin/../lib/gcc/i386-banana/8.1.0/libgcc.a(_udivdi3.o)
                0x00000000c001e75c                __udivdi3
 *fill*         0x00000000c001e85b        0x1 
 .text          0x00000000c001e85c      0x11a /cygdrive/d/Users/Alex/Desktop/Toolchain/Output/bin/../lib/gcc/i386-banana/8.1.0/libgcc.a(_umoddi3.o)
                0x00000000c001e85c                __umoddi3
 *fill*         0x00000000c001e976        0xa 
 .text          0x00000000c001e980       0x1e D:/Users/Alex/Desktop/Banana/kernel/libk/libm32.a(s_fabs.c.o)
                0x00000000c001e980                fabs
 *fill*         0x00000000c001e99e        0x2 
 .text          0x00000000c001e9a0        0xc D:/Users/Alex/Desktop/Banana/kernel/libk/libm32.a(s_lrint.S.o)
                0x00000000c001e9a0                lrint
 .text          0x00000000c001e9ac        0xc D:/Users/Alex/Desktop/Banana/kernel/libk/libm32.a(s_lrintf.S.o)
                0x00000000c001e9ac                lrintf
 *(.gnu.linkonce.t*)

.iplt           0x00000000c001e9b8        0x0
 .iplt          0x00000000c001e9b8        0x0 D:/Users/Alex/Desktop/Banana/kernel/boot.32

.init           0x00000000c001e9b8        0xf
 .init          0x00000000c001e9b8        0x3 crti.32
                0x00000000c001e9b8                _init
 .init          0x00000000c001e9bb        0x5 /cygdrive/d/Users/Alex/Desktop/Toolchain/Output/bin/../lib/gcc/i386-banana/8.1.0/crtbegin.o
 .init          0x00000000c001e9c0        0x5 /cygdrive/d/Users/Alex/Desktop/Toolchain/Output/bin/../lib/gcc/i386-banana/8.1.0/crtend.o
 .init          0x00000000c001e9c5        0x2 crtn.32

.fini           0x00000000c001e9c7        0xa
 .fini          0x00000000c001e9c7        0x3 crti.32
                0x00000000c001e9c7                _fini
 .fini          0x00000000c001e9ca        0x5 /cygdrive/d/Users/Alex/Desktop/Toolchain/Output/bin/../lib/gcc/i386-banana/8.1.0/crtbegin.o
 .fini          0x00000000c001e9cf        0x2 crtn.32

.text._ZN8ComputerD2Ev
                0x00000000c001e9d2       0x22
 .text._ZN8ComputerD2Ev
                0x00000000c001e9d2       0x22 core/computer.32
                0x00000000c001e9d2                Computer::~Computer()
                0x00000000c001e9d2                Computer::~Computer()

.text._ZN8ComputerD0Ev
                0x00000000c001e9f4       0x29
 .text._ZN8ComputerD0Ev
                0x00000000c001e9f4       0x29 core/computer.32
                0x00000000c001e9f4                Computer::~Computer()

.text._Z10idleCommonv
                0x00000000c001ea1d       0x15
 .text._Z10idleCommonv
                0x00000000c001ea1d       0x15 core/idle.32
                0x00000000c001ea1d                idleCommon()

.text._ZN3CPU7readCR3Ev
                0x00000000c001ea32       0x12
 .text._ZN3CPU7readCR3Ev
                0x00000000c001ea32       0x12 core/kheap.32
                0x00000000c001ea32                CPU::readCR3()

.text._ZN3CPU8writeCR3Em
                0x00000000c001ea44        0x9
 .text._ZN3CPU8writeCR3Em
                0x00000000c001ea44        0x9 core/kheap.32
                0x00000000c001ea44                CPU::writeCR3(unsigned long)

.text._ZN10LinkedListI8UnixFileED2Ev
                0x00000000c001ea4e        0x2
 .text._ZN10LinkedListI8UnixFileED2Ev
                0x00000000c001ea4e        0x2 core/unixfile.32
                0x00000000c001ea4e                LinkedList<UnixFile>::~LinkedList()
                0x00000000c001ea4e                LinkedList<UnixFile>::~LinkedList()

.text._ZN10LinkedListI8UnixFileEC2Ev
                0x00000000c001ea50       0x58
 .text._ZN10LinkedListI8UnixFileEC2Ev
                0x00000000c001ea50       0x58 core/unixfile.32
                0x00000000c001ea50                LinkedList<UnixFile>::LinkedList()
                0x00000000c001ea50                LinkedList<UnixFile>::LinkedList()

.text._ZN10LinkedListI8UnixFileE10addElementEPS0_
                0x00000000c001eaa8       0xd3
 .text._ZN10LinkedListI8UnixFileE10addElementEPS0_
                0x00000000c001eaa8       0xd3 core/unixfile.32
                0x00000000c001eaa8                LinkedList<UnixFile>::addElement(UnixFile*)

.text._ZN10LinkedListI8UnixFileE15getFirstElementEv
                0x00000000c001eb7c        0x7
 .text._ZN10LinkedListI8UnixFileE15getFirstElementEv
                0x00000000c001eb7c        0x7 core/unixfile.32
                0x00000000c001eb7c                LinkedList<UnixFile>::getFirstElement()

.text._ZN10LinkedListI8UnixFileE11removeFirstEv
                0x00000000c001eb84       0xa1
 .text._ZN10LinkedListI8UnixFileE11removeFirstEv
                0x00000000c001eb84       0xa1 core/unixfile.32
                0x00000000c001eb84                LinkedList<UnixFile>::removeFirst()

.text._ZN10LinkedListI8UnixFileE7getNextEPS0_
                0x00000000c001ec26        0x8
 .text._ZN10LinkedListI8UnixFileE7getNextEPS0_
                0x00000000c001ec26        0x8 core/unixfile.32
                0x00000000c001ec26                LinkedList<UnixFile>::getNext(UnixFile*)

.text._ZN16DriverlessDeviceD2Ev
                0x00000000c001ec2e       0x1a
 .text._ZN16DriverlessDeviceD2Ev
                0x00000000c001ec2e       0x1a hal/device.32
                0x00000000c001ec2e                DriverlessDevice::~DriverlessDevice()
                0x00000000c001ec2e                DriverlessDevice::~DriverlessDevice()

.text._ZN16DriverlessDeviceD0Ev
                0x00000000c001ec48       0x2a
 .text._ZN16DriverlessDeviceD0Ev
                0x00000000c001ec48       0x2a hal/device.32
                0x00000000c001ec48                DriverlessDevice::~DriverlessDevice()

.text._ZN10LinkedListI6DeviceE10addElementEPS0_
                0x00000000c001ec72       0xdc
 .text._ZN10LinkedListI6DeviceE10addElementEPS0_
                0x00000000c001ec72       0xdc hal/device.32
                0x00000000c001ec72                LinkedList<Device>::addElement(Device*)

.text._ZN10LinkedListI6DeviceEC2Ev
                0x00000000c001ed4e       0x58
 .text._ZN10LinkedListI6DeviceEC2Ev
                0x00000000c001ed4e       0x58 hal/device.32
                0x00000000c001ed4e                LinkedList<Device>::LinkedList()
                0x00000000c001ed4e                LinkedList<Device>::LinkedList()

.text._ZN3CPU7readCR0Ev
                0x00000000c001eda6       0x12
 .text._ZN3CPU7readCR0Ev
                0x00000000c001eda6       0x12 hal/fpu.32
                0x00000000c001eda6                CPU::readCR0()

.text._ZN3CPU8writeCR0Em
                0x00000000c001edb8        0x9
 .text._ZN3CPU8writeCR0Em
                0x00000000c001edb8        0x9 hal/fpu.32
                0x00000000c001edb8                CPU::writeCR0(unsigned long)

.text._ZN3CPU7readDR0Ev
                0x00000000c001edc1       0x12
 .text._ZN3CPU7readDR0Ev
                0x00000000c001edc1       0x12 hal/intctrl.32
                0x00000000c001edc1                CPU::readDR0()

.text._ZN3CPU7readDR1Ev
                0x00000000c001edd3       0x12
 .text._ZN3CPU7readDR1Ev
                0x00000000c001edd3       0x12 hal/intctrl.32
                0x00000000c001edd3                CPU::readDR1()

.text._ZN3CPU7readDR2Ev
                0x00000000c001ede5       0x12
 .text._ZN3CPU7readDR2Ev
                0x00000000c001ede5       0x12 hal/intctrl.32
                0x00000000c001ede5                CPU::readDR2()

.text._ZN3CPU7readDR3Ev
                0x00000000c001edf7       0x12
 .text._ZN3CPU7readDR3Ev
                0x00000000c001edf7       0x12 hal/intctrl.32
                0x00000000c001edf7                CPU::readDR3()

.text._ZN3CPU7readDR6Ev
                0x00000000c001ee09       0x12
 .text._ZN3CPU7readDR6Ev
                0x00000000c001ee09       0x12 hal/intctrl.32
                0x00000000c001ee09                CPU::readDR6()

.text._ZN3CPU7readDR7Ev
                0x00000000c001ee1b       0x12
 .text._ZN3CPU7readDR7Ev
                0x00000000c001ee1b       0x12 hal/intctrl.32
                0x00000000c001ee1b                CPU::readDR7()

.text._ZN10LinkedListIV18ThreadControlBlockE15getFirstElementEv
                0x00000000c001ee2e        0x7
 .text._ZN10LinkedListIV18ThreadControlBlockE15getFirstElementEv
                0x00000000c001ee2e        0x7 hal/timer.32
                0x00000000c001ee2e                LinkedList<ThreadControlBlock volatile>::getFirstElement()

.text._ZN10LinkedListIV18ThreadControlBlockE7isEmptyEv
                0x00000000c001ee36       0x1c
 .text._ZN10LinkedListIV18ThreadControlBlockE7isEmptyEv
                0x00000000c001ee36       0x1c hal/timer.32
                0x00000000c001ee36                LinkedList<ThreadControlBlock volatile>::isEmpty()

.text._ZN10LinkedListIV18ThreadControlBlockE11removeFirstEv
                0x00000000c001ee52       0xae
 .text._ZN10LinkedListIV18ThreadControlBlockE11removeFirstEv
                0x00000000c001ee52       0xae hal/timer.32
                0x00000000c001ee52                LinkedList<ThreadControlBlock volatile>::removeFirst()

.text._ZN10LinkedListIV18ThreadControlBlockE10addElementEPS1_
                0x00000000c001ef00       0xd3
 .text._ZN10LinkedListIV18ThreadControlBlockE10addElementEPS1_
                0x00000000c001ef00       0xd3 hal/timer.32
                0x00000000c001ef00                LinkedList<ThreadControlBlock volatile>::addElement(ThreadControlBlock volatile*)

.text._ZN4ACPID2Ev
                0x00000000c001efd4       0x23
 .text._ZN4ACPID2Ev
                0x00000000c001efd4       0x23 hw/acpi.32
                0x00000000c001efd4                ACPI::~ACPI()
                0x00000000c001efd4                ACPI::~ACPI()

.text._ZN4ACPID0Ev
                0x00000000c001eff8       0x2a
 .text._ZN4ACPID0Ev
                0x00000000c001eff8       0x2a hw/acpi.32
                0x00000000c001eff8                ACPI::~ACPI()

.text._ZN3CPUD2Ev
                0x00000000c001f022       0x23
 .text._ZN3CPUD2Ev
                0x00000000c001f022       0x23 hw/cpu.32
                0x00000000c001f022                CPU::~CPU()
                0x00000000c001f022                CPU::~CPU()

.text._ZN3CPUD0Ev
                0x00000000c001f046       0x2a
 .text._ZN3CPUD0Ev
                0x00000000c001f046       0x2a hw/cpu.32
                0x00000000c001f046                CPU::~CPU()

.text._ZN3CPU7readCR4Ev
                0x00000000c001f070       0x12
 .text._ZN3CPU7readCR4Ev
                0x00000000c001f070       0x12 hw/cpu.32
                0x00000000c001f070                CPU::readCR4()

.text._ZN3CPU8writeDR7Em
                0x00000000c001f082        0x9
 .text._ZN3CPU8writeDR7Em
                0x00000000c001f082        0x9 hw/cpu.32
                0x00000000c001f082                CPU::writeDR7(unsigned long)

.text._ZN3CPU8writeCR4Em
                0x00000000c001f08b        0x9
 .text._ZN3CPU8writeCR4Em
                0x00000000c001f08b        0x9 hw/cpu.32
                0x00000000c001f08b                CPU::writeCR4(unsigned long)

.text._ZN3CPU7readCR2Ev
                0x00000000c001f094       0x12
 .text._ZN3CPU7readCR2Ev
                0x00000000c001f094       0x12 krnl/panic.32
                0x00000000c001f094                CPU::readCR2()

.text._ZN10LinkedListIV18ThreadControlBlockED2Ev
                0x00000000c001f0a6        0x2
 .text._ZN10LinkedListIV18ThreadControlBlockED2Ev
                0x00000000c001f0a6        0x2 thr/prcssthr.32
                0x00000000c001f0a6                LinkedList<ThreadControlBlock volatile>::~LinkedList()
                0x00000000c001f0a6                LinkedList<ThreadControlBlock volatile>::~LinkedList()

.text._ZN18ThreadControlBlockC2Ev
                0x00000000c001f0a8       0x3e
 .text._ZN18ThreadControlBlockC2Ev
                0x00000000c001f0a8       0x3e thr/prcssthr.32
                0x00000000c001f0a8                ThreadControlBlock::ThreadControlBlock()
                0x00000000c001f0a8                ThreadControlBlock::ThreadControlBlock()

.text._ZN10LinkedListIV18ThreadControlBlockEC2Ev
                0x00000000c001f0e6       0x58
 .text._ZN10LinkedListIV18ThreadControlBlockEC2Ev
                0x00000000c001f0e6       0x58 thr/prcssthr.32
                0x00000000c001f0e6                LinkedList<ThreadControlBlock volatile>::LinkedList()
                0x00000000c001f0e6                LinkedList<ThreadControlBlock volatile>::LinkedList()

.text._ZN10LinkedListIV18ThreadControlBlockE7getNextEPS1_
                0x00000000c001f13e        0x8
 .text._ZN10LinkedListIV18ThreadControlBlockE7getNextEPS1_
                0x00000000c001f13e        0x8 thr/prcssthr.32
                0x00000000c001f13e                LinkedList<ThreadControlBlock volatile>::getNext(ThreadControlBlock volatile*)

.text._ZN3PCID2Ev
                0x00000000c001f146       0x23
 .text._ZN3PCID2Ev
                0x00000000c001f146       0x23 hw/bus/pci.32
                0x00000000c001f146                PCI::~PCI()
                0x00000000c001f146                PCI::~PCI()

.text._ZN3PCID0Ev
                0x00000000c001f16a       0x2a
 .text._ZN3PCID0Ev