Archive member included to satisfy reference by file (symbol)

/cygdrive/d/Users/Alex/Desktop/Toolchain/Output/bin/../lib/gcc/i386-banana/8.1.0/libgcc.a(_divdi3.o)
                              fs/fat/ff.32 (__divdi3)
/cygdrive/d/Users/Alex/Desktop/Toolchain/Output/bin/../lib/gcc/i386-banana/8.1.0/libgcc.a(_moddi3.o)
                              thr/elf.32 (__moddi3)
/cygdrive/d/Users/Alex/Desktop/Toolchain/Output/bin/../lib/gcc/i386-banana/8.1.0/libgcc.a(_udivdi3.o)
                              fs/fat/ff.32 (__udivdi3)
/cygdrive/d/Users/Alex/Desktop/Toolchain/Output/bin/../lib/gcc/i386-banana/8.1.0/libgcc.a(_umoddi3.o)
                              core/pipe.32 (__umoddi3)
D:/Users/Alex/Desktop/Banana/kernel/libk/libm32.a(s_fabs.c.o)
                              hal/libresample/samplerate.32 (fabs)
D:/Users/Alex/Desktop/Banana/kernel/libk/libm32.a(s_lrint.S.o)
                              hal/libresample/samplerate.32 (lrint)
D:/Users/Alex/Desktop/Banana/kernel/libk/libm32.a(s_lrintf.S.o)
                              hal/sound/sndhw.32 (lrintf)

Discarded input sections

 .comment       0x0000000000000000       0x12 /cygdrive/d/Users/Alex/Desktop/Toolchain/Output/bin/../lib/gcc/i386-banana/8.1.0/crtbegin.o
 .comment       0x0000000000000000       0x12 acpica/utclib.32
 .comment       0x0000000000000000       0x12 core/malloc.32
 .comment       0x0000000000000000       0x12 libk/string.32
 .comment       0x0000000000000000       0x12 fs/fat/diskio.32
 .comment       0x0000000000000000       0x12 fs/fat/ff.32
 .comment       0x0000000000000000       0x12 fs/fat/ffsystem.32
 .comment       0x0000000000000000       0x12 fs/fat/ffunicode.32
 .comment       0x0000000000000000       0x12 hal/libresample/samplerate.32
 .comment       0x0000000000000000       0x12 hal/libresample/src_linear.32
 .comment       0x0000000000000000       0x12 hal/libresample/src_sinc.32
 .comment       0x0000000000000000       0x12 hal/libresample/src_zoh.32
 .group         0x0000000000000000       0x14 core/computer.32
 .group         0x0000000000000000        0xc core/computer.32
 .comment       0x0000000000000000       0x12 core/computer.32
 .comment       0x0000000000000000       0x12 core/gdt.32
 .group         0x0000000000000000        0xc core/idle.32
 .comment       0x0000000000000000       0x12 core/idle.32
 .comment       0x0000000000000000       0x12 core/idt.32
 .group         0x0000000000000000        0x8 core/kheap.32
 .group         0x0000000000000000        0x8 core/kheap.32
 .comment       0x0000000000000000       0x12 core/kheap.32
 .comment       0x0000000000000000       0x12 core/main.32
 .comment       0x0000000000000000       0x12 core/physmgr.32
 .group         0x0000000000000000        0xc core/pipe.32
 .comment       0x0000000000000000       0x12 core/pipe.32
 .group         0x0000000000000000        0xc core/terminal.32
 .comment       0x0000000000000000       0x12 core/terminal.32
 .group         0x0000000000000000        0x8 core/tss.32
 .text._ZN3CPU7readCR3Ev
                0x0000000000000000       0x12 core/tss.32
 .comment       0x0000000000000000       0x12 core/tss.32
 .group         0x0000000000000000        0x8 core/unixfile.32
 .group         0x0000000000000000        0xc core/unixfile.32
 .group         0x0000000000000000        0xc core/unixfile.32
 .group         0x0000000000000000        0x8 core/unixfile.32
 .group         0x0000000000000000        0xc core/unixfile.32
 .group         0x0000000000000000        0x8 core/unixfile.32
 .group         0x0000000000000000        0xc core/unixfile.32
 .group         0x0000000000000000        0xc core/unixfile.32
 .comment       0x0000000000000000       0x12 core/unixfile.32
 .group         0x0000000000000000        0x8 core/virtmgr.32
 .group         0x0000000000000000        0x8 core/virtmgr.32
 .text._ZN3CPU7readCR3Ev
                0x0000000000000000       0x12 core/virtmgr.32
 .text._ZN3CPU8writeCR3Em
                0x0000000000000000        0x9 core/virtmgr.32
 .comment       0x0000000000000000       0x12 core/virtmgr.32
 .comment       0x0000000000000000       0x12 coreobjs/c++.32
 .comment       0x0000000000000000       0x12 dbg/kconsole.32
 .group         0x0000000000000000        0xc fs/vfs.32
 .group         0x0000000000000000        0xc fs/vfs.32
 .group         0x0000000000000000        0xc fs/vfs.32
 .comment       0x0000000000000000       0x12 fs/vfs.32
 .group         0x0000000000000000        0xc hal/bus.32
 .comment       0x0000000000000000       0x12 hal/bus.32
 .group         0x0000000000000000        0xc hal/buzzer.32
 .comment       0x0000000000000000       0x12 hal/buzzer.32
 .group         0x0000000000000000        0xc hal/clock.32
 .comment       0x0000000000000000       0x12 hal/clock.32
 .group         0x0000000000000000       0x14 hal/device.32
 .group         0x0000000000000000        0xc hal/device.32
 .group         0x0000000000000000        0xc hal/device.32
[...]
Memory Configuration

Name             Origin             Length             Attributes
*default*        0x0000000000000000 0xffffffffffffffff

Linker script and memory map

LOAD D:/Users/Alex/Desktop/Banana/kernel/boot.32
LOAD crti.32
LOAD /cygdrive/d/Users/Alex/Desktop/Toolchain/Output/bin/../lib/gcc/i386-banana/8.1.0/crtbegin.o
LOAD D:/Users/Alex/Desktop/Banana/kernel/morenasm.32
LOAD acpica/utclib.32
LOAD core/malloc.32
LOAD libk/string.32
LOAD fs/fat/diskio.32
LOAD fs/fat/ff.32
LOAD fs/fat/ffsystem.32
LOAD fs/fat/ffunicode.32
LOAD hal/libresample/samplerate.32
LOAD hal/libresample/src_linear.32
LOAD hal/libresample/src_sinc.32
LOAD hal/libresample/src_zoh.32
LOAD core/computer.32
LOAD core/gdt.32
LOAD core/idle.32
LOAD core/idt.32
LOAD core/kheap.32
LOAD core/main.32
LOAD core/physmgr.32
LOAD core/pipe.32
LOAD core/terminal.32
LOAD core/tss.32
LOAD core/unixfile.32
LOAD core/virtmgr.32
LOAD coreobjs/c++.32
LOAD dbg/kconsole.32
LOAD fs/vfs.32
LOAD hal/bus.32
LOAD hal/buzzer.32
LOAD hal/clock.32
LOAD hal/device.32
LOAD hal/diskctrl.32
LOAD hal/diskphys.32
LOAD hal/fpu.32
LOAD hal/intctrl.32
LOAD hal/keybrd.32
LOAD hal/logidisk.32
LOAD hal/mouse.32
LOAD hal/partition.32
LOAD hal/timer.32
LOAD hal/vcache.32
LOAD hal/video.32
LOAD hw/acpi.32
LOAD hw/cpu.32
LOAD hw/ports.32
LOAD krnl/panic.32
LOAD reg/registry.32
LOAD sys/sc_exit.32
LOAD sys/sc_loaddll.32
LOAD sys/sc_read.32
LOAD sys/sc_sbrk.32
LOAD sys/sc_write.32
LOAD sys/sc_yield.32
LOAD sys/syscalls.32
LOAD thr/elf.32
LOAD thr/prcssthr.32
LOAD vm86/vm8086.32
LOAD fs/fat/vfslink.32
LOAD fs/iso9660/vfslink.32
LOAD hal/sound/sndchannel.32
LOAD hal/sound/sndhw.32
LOAD hw/bus/isa.32
LOAD hw/bus/pci.32
LOAD hw/diskctrl/ide.32
LOAD hw/diskphys/ata.32
LOAD hw/diskphys/atapi.32
LOAD hw/fpu/avx.32
LOAD hw/fpu/mmx.32
LOAD hw/fpu/sse.32
LOAD hw/fpu/x87.32
LOAD hw/intctrl/apic.32
LOAD hw/intctrl/pic.32
LOAD hw/timer/apictimer.32
LOAD hw/timer/pit.32
LOAD hw/fpu/x86/avx.32
LOAD hw/fpu/x86/sse.32
LOAD hw/fpu/x86/x87.32
LOAD /cygdrive/d/Users/Alex/Desktop/Toolchain/Output/bin/../lib/gcc/i386-banana/8.1.0/crtend.o
LOAD crtn.32
LOAD /cygdrive/d/Users/Alex/Desktop/Toolchain/Output/bin/../lib/gcc/i386-banana/8.1.0/libgcc.a
LOAD D:/Users/Alex/Desktop/Banana/kernel/libk/libm32.a
                0x00000000c0000000                . = 0xc0000000

.text           0x00000000c0000000    0x1f038
 *(.text)
 .text          0x00000000c0000000       0x41 D:/Users/Alex/Desktop/Banana/kernel/boot.32
                0x00000000c0000020                callGlobalConstructors
 .text          0x00000000c0000041        0x0 crti.32
 *fill*         0x00000000c0000041        0x3 
 .text          0x00000000c0000044      0x101 /cygdrive/d/Users/Alex/Desktop/Toolchain/Output/bin/../lib/gcc/i386-banana/8.1.0/crtbegin.o
 *fill*         0x00000000c0000145        0xb 
 .text          0x00000000c0000150      0x41f D:/Users/Alex/Desktop/Banana/kernel/morenasm.32
                0x00000000c0000150                doTPAUSE
                0x00000000c000015a                hasLegacyFPU
                0x00000000c000017f                is486
                0x00000000c00001b5                goToVM86
                0x00000000c00001e6                goToUsermode
                0x00000000c0000211                switchToThreadASMFirstTime
                0x00000000c000021f                switchToThreadASM
                0x00000000c00002bf                detectCPUID
                0x00000000c00002d5                asmQuickAcquireLock
                0x00000000c00002f3                asmQuickReleaseLock
                0x00000000c00002ff                asmAcquireLock
                0x00000000c0000320                asmReleaseLock
                0x00000000c0000333                loadGDT
                0x00000000c0000353                isr0
                0x00000000c0000363                isr1
                0x00000000c000036d                isr2
                0x00000000c0000377                isr3
                0x00000000c0000381                isr4
                0x00000000c000038b                isr5
                0x00000000c0000395                isr6
                0x00000000c000039f                isr7
                0x00000000c00003a9                isr8
                0x00000000c00003b1                isr9
                0x00000000c00003bb                isr10
                0x00000000c00003c3                isr11
                0x00000000c00003cb                isr12
                0x00000000c00003d3                isr13
                0x00000000c00003db                isr14
                0x00000000c00003e3                isr15
                0x00000000c00003ed                isr16
                0x00000000c00003f7                isr17
                0x00000000c0000401                isr18
                0x00000000c000040b                isr96
                0x00000000c0000415                irq0
                0x00000000c000041f                irq1
                0x00000000c0000429                irq2
                0x00000000c0000433                irq3
                0x00000000c000043d                irq4
                0x00000000c0000447                irq5
                0x00000000c0000451                irq6
                0x00000000c000045b                irq7
                0x00000000c0000465                irq8
                0x00000000c000046f                irq9
                0x00000000c0000479                irq10
                0x00000000c0000483                irq11
                0x00000000c000048d                irq12
                0x00000000c0000497                irq13
                0x00000000c00004a1                irq14
                0x00000000c00004ab                irq15
                0x00000000c00004b5                irq16
                0x00000000c00004bf                irq17
                0x00000000c00004c9                irq18
                0x00000000c00004d3                irq19
                0x00000000c00004dd                irq20
                0x00000000c00004e7                irq21
                0x00000000c00004f1                irq22
                0x00000000c00004fb                irq23
                0x00000000c0000505                int_common_stub
                0x00000000c0000535                syscall_common_stub
 .text          0x00000000c000056f      0x411 acpica/utclib.32
                0x00000000c000056f                memcmp
                0x00000000c000059a                memmove
                0x00000000c00005d2                memcpy
                0x00000000c0000608                memset
                0x00000000c0000625                strlen
                0x00000000c0000635                strpbrk
                0x00000000c0000658                strtok
                0x00000000c00006a7                strcpy
                0x00000000c00006c7                strncpy
                0x00000000c00006f8                strcmp
                0x00000000c0000719                strchr
                0x00000000c000072f                strncmp
                0x00000000c000075e                strcat
                0x00000000c0000785                strncat
                0x00000000c00007bf                strstr
                0x00000000c00007fc                toupper
                0x00000000c0000810                tolower
                0x00000000c0000824                simple_strtoul
 .text          0x00000000c0000980      0xfc2 core/malloc.32
                0x00000000c0000aeb                dlfree
                0x00000000c0000e49                dlmalloc
                0x00000000c0001386                dlrealloc
                0x00000000c000153b                dlmemalign
                0x00000000c000165e                dlcalloc
                0x00000000c00016f8                dlcfree
                0x00000000c00016fd                dlindependent_calloc
                0x00000000c0001722                dlindependent_comalloc
                0x00000000c0001739                dlvalloc
                0x00000000c0001764                dlpvalloc
                0x00000000c000179a                dlmalloc_trim
                0x00000000c00017a7                dlmalloc_usable_size
                0x00000000c00017d8                dlmallinfo
                0x00000000c00018a7                dlmalloc_stats
                0x00000000c00018b8                dlmallopt
 .text          0x00000000c0001942        0x0 libk/string.32
 .text          0x00000000c0001942       0x51 fs/fat/diskio.32
                0x00000000c0001942                disk_status
                0x00000000c0001945                disk_initialize
                0x00000000c0001948                disk_read
                0x00000000c000195e                disk_write
                0x00000000c0001974                disk_ioctl
 .text          0x00000000c0001993     0x67e6 fs/fat/ff.32
                0x00000000c0004c49                f_mount
                0x00000000c0004cab                f_open
                0x00000000c00050e7                f_read
                0x00000000c0005367                f_write
                0x00000000c0005621                f_sync
                0x00000000c00057fd                f_close
                0x00000000c000582c                f_lseek
                0x00000000c0005c91                f_opendir
                0x00000000c0005d93                f_closedir
                0x00000000c0005db5                f_readdir
                0x00000000c0005e50                f_stat
                0x00000000c0005edf                f_getfree
                0x00000000c00060c7                f_truncate
                0x00000000c00061bf                f_unlink
                0x00000000c0006340                f_mkdir
                0x00000000c000656c                f_rename
                0x00000000c000685f                f_chmod
                0x00000000c000693d                f_utime
                0x00000000c0006a1b                f_getlabel
                0x00000000c0006c0f                f_setlabel
                0x00000000c0006e7c                f_forward
                0x00000000c000705a                f_mkfs
 .text          0x00000000c0008179       0x2d fs/fat/ffsystem.32
                0x00000000c0008179                ff_memalloc
                0x00000000c000818f                ff_memfree
 .text          0x00000000c00081a6      0x280 fs/fat/ffunicode.32
                0x00000000c00081a6                ff_uni2oem
                0x00000000c000823c                ff_oem2uni
                0x00000000c00082ab                ff_wtoupper
 .text          0x00000000c0008426      0x70e hal/libresample/samplerate.32
                0x00000000c00084ae                src_delete
                0x00000000c00084ea                src_process
                0x00000000c0008612                src_callback_read
                0x00000000c0008773                src_set_ratio
                0x00000000c00087ca                src_get_channels
                0x00000000c00087ec                src_reset
                0x00000000c0008830                src_new
                0x00000000c00088be                src_callback_new
                0x00000000c0008920                src_get_name
                0x00000000c0008957                src_get_description
                0x00000000c000898e                src_get_version
                0x00000000c0008994                src_is_valid_ratio
                0x00000000c00089ae                src_error
                0x00000000c00089bc                src_strerror
                0x00000000c00089cf                src_simple
                0x00000000c0008a22                src_short_to_float_array
                0x00000000c0008a48                src_float_to_short_array
                0x00000000c0008aac                src_int_to_float_array
                0x00000000c0008ad2                src_float_to_int_array
 .text          0x00000000c0008b34      0x3f9 hal/libresample/src_linear.32
                0x00000000c0008e88                linear_get_name
                0x00000000c0008e97                linear_get_description
                0x00000000c0008ea6                linear_set_converter
 .text          0x00000000c0008f2d     0x1a31 hal/libresample/src_sinc.32
                0x00000000c000a875                sinc_get_name
                0x00000000c000a888                sinc_get_description
                0x00000000c000a89b                sinc_set_converter
 .text          0x00000000c000a95e      0x3cf hal/libresample/src_zoh.32
                0x00000000c000ac88                zoh_get_name
                0x00000000c000ac97                zoh_get_description
                0x00000000c000aca6                zoh_set_converter
 *fill*         0x00000000c000ad2d        0x1 
 .text          0x00000000c000ad2e      0x9d0 core/computer.32
                0x00000000c000ad2e                Computer::close(int, int, void*)
                0x00000000c000ad74                Computer::Computer()
                0x00000000c000ad74                Computer::Computer()
                0x00000000c000aeda                Computer::setBootMessage(char const*)
                0x00000000c000aedc                Computer::start()
                0x00000000c000afdf                firstTask()
                0x00000000c000afee                Computer::detectFeatures()
                0x00000000c000b1e8                Computer::displayFeatures()
                0x00000000c000b4c4                Computer::rdmsr(unsigned int)
                0x00000000c000b4f0                Computer::wrmsr(unsigned int, unsigned long long)
                0x00000000c000b528                Computer::nmiEnabled()
                0x00000000c000b534                Computer::readCMOS(unsigned char)
                0x00000000c000b550                Computer::enableNMI(bool)
                0x00000000c000b568                Computer::open(int, int, void*)
                0x00000000c000b63c                Computer::disableNMI()
                0x00000000c000b64c                Computer::writeCMOS(unsigned char, unsigned char)
                0x00000000c000b66c                Computer::handleNMI()
                0x00000000c000b6d2                Computer::setDiskActivityLight(int, bool)
 .text          0x00000000c000b6fe      0x1b7 core/gdt.32
                0x00000000c000b6fe                GDTEntry::setBase(unsigned int)
                0x00000000c000b71a                GDTEntry::setLimit(unsigned int)
                0x00000000c000b738                GDT::GDT()
                0x00000000c000b738                GDT::GDT()
                0x00000000c000b74e                GDT::addEntry(GDTEntry)
                0x00000000c000b78a                GDT::getNumberOfEntries()
                0x00000000c000b792                GDT::flush()
                0x00000000c000b7b4                GDT::setup()
 .text          0x00000000c000b8b5       0x61 core/idle.32
                0x00000000c000b8b5                idleFunction(void*)
 .text          0x00000000c000b916      0x45f core/idt.32
                0x00000000c000b916                IDTEntry::IDTEntry(bool)
                0x00000000c000b916                IDTEntry::IDTEntry(bool)
                0x00000000c000b984                IDTEntry::setOffset(unsigned int)
                0x00000000c000b998                IDT::IDT()
                0x00000000c000b998                IDT::IDT()
                0x00000000c000b99a                IDT::getPointerToInvalidOpcodeEntryForF00F()
                0x00000000c000b9a2                IDT::addEntry(IDTEntry, int)
                0x00000000c000b9bc                IDT::addEntry(int, void (*)(), bool)
                0x00000000c000b9f4                IDT::flush()
                0x00000000c000ba0e                IDT::setup()
 .text          0x00000000c000bd75      0x20c core/kheap.32
                0x00000000c000bd75                sbrk
                0x00000000c000be8c                mmap
                0x00000000c000bea2                munmap
                0x00000000c000beb8                liballoc_lock()
                0x00000000c000bec9                liballoc_unlock()
                0x00000000c000beda                liballoc_alloc(int)
                0x00000000c000bef5                liballoc_free(void*, int)
                0x00000000c000bf13                realloc
                0x00000000c000bf27                malloc
                0x00000000c000bf37                free
                0x00000000c000bf47                rfree
                0x00000000c000bf57                calloc
 .text          0x00000000c000bf81      0x3a9 core/main.32
                0x00000000c000bf81                hwTextMode_loadInData(VgaText*)
                0x00000000c000bfc6                hwTextMode_loadInTitle(VgaText*, char*)
                0x00000000c000c010                hwTextMode_showCursor(VgaText*, bool)
                0x00000000c000c064                hwTextMode_update(VgaText*)
                0x00000000c000c065                hwTextMode_updateCursor(VgaText*)
                0x00000000c000c0b3                hwTextMode_disableBlink(VgaText*, bool)
                0x00000000c000c0ef                hwTextMode_scrollScreen(VgaText*)
                0x00000000c000c17b                hwTextMode_writeCharacter(VgaText*, char, VgaColour, VgaColour, int, int)
                0x00000000c000c1e1                setupTextMode()
                0x00000000c000c232                kernel_main
 .text          0x00000000c000c32a      0x504 core/physmgr.32
                0x00000000c000c32a                Phys::allocateDMA(unsigned long)
                0x00000000c000c3ce                Phys::freeDMA(unsigned long, unsigned long)
                0x00000000c000c416                Phys::setPageState(unsigned long, bool)
                0x00000000c000c44f                Phys::getPageState(unsigned long)
                0x00000000c000c470                Phys::freePage(unsigned long)
                0x00000000c000c4fd                Phys::allocatePage()
                0x00000000c000c5c9                Phys::allowSegmentToBeUsed(unsigned long, unsigned long)
                0x00000000c000c601                Phys::physicalMemorySetup(unsigned int)
 .text          0x00000000c000c82e      0x273 core/pipe.32
                0x00000000c000c82e                Pipe::isAtty()
                0x00000000c000c832                Pipe::~Pipe()
                0x00000000c000c832                Pipe::~Pipe()
                0x00000000c000c856                Pipe::~Pipe()
                0x00000000c000c87e                Pipe::read(unsigned long long, void*, int*)
                0x00000000c000c972                Pipe::write(unsigned long long, void*, int*)
                0x00000000c000ca3a                Pipe::Pipe(int)
                0x00000000c000ca3a                Pipe::Pipe(int)
 *fill*         0x00000000c000caa1        0x1 
 .text          0x00000000c000caa2      0xf67 core/terminal.32
                0x00000000c000caa2                VgaText::isAtty()
                0x00000000c000caa6                VgaText::~VgaText()
                0x00000000c000caa6                VgaText::~VgaText()
                0x00000000c000caca                VgaText::~VgaText()
                0x00000000c000caf4                VgaText::read(unsigned long long, void*, int*)
                0x00000000c000cb14                setTerminalScrollLock(bool)
                0x00000000c000cb15                addToTerminalCycle(VgaText*)
                0x00000000c000cb42                installVgaTextImplementation()
                0x00000000c000cb57                scrollTerminalScrollLock(int)
                0x00000000c000cb58                VgaText::load()
                0x00000000c000cbac                VgaText::updateCursor()
                0x00000000c000cbc6                VgaText::showCursor(bool)
                0x00000000c000cbd6                VgaText::disableBlink(bool)
                0x00000000c000cc10                VgaText::doANSI_SGR(int)
                0x00000000c000cc9c                VgaText::setDefaultBgColour(VgaColour)
                0x00000000c000ccb2                VgaText::setDefaultFgColour(VgaColour)
                0x00000000c000ccc8                VgaText::setDefaultColours(VgaColour, VgaColour)
                0x00000000c000cce8                VgaText::combineColours(unsigned char, unsigned char)
                0x00000000c000ccfa                VgaText::scrollScreen()
                0x00000000c000cd8e                VgaText::combineCharAndColour(char, unsigned char)
                0x00000000c000cda0                VgaText::writeCharacter(char, VgaColour, VgaColour, int, int)
                0x00000000c000ce00                VgaText::getCursorX()
                0x00000000c000ce0c                VgaText::getCursorY()
                0x00000000c000ce18                VgaText::setCursor(int, int)
                0x00000000c000ce36                VgaText::setCursorX(int)
                0x00000000c000ce52                VgaText::setCursorY(int)
                0x00000000c000ce6e                VgaText::incrementCursor(bool)
                0x00000000c000ced6                VgaText::updateRAMUsageDisplay(int)
                0x00000000c000cf30                VgaText::updateDiskUsage()
                0x00000000c000d096                VgaText::updateTitle()
                0x00000000c000d0dc                VgaText::setTitleTextColour(VgaColour)
                0x00000000c000d0ec                VgaText::setTitleColour(VgaColour)
                0x00000000c000d0fc                VgaText::setTitle(char*)
                0x00000000c000d122                VgaText::decrementCursor(bool)
                0x00000000c000d14a                VgaText::putchar(char, VgaColour, VgaColour)
                0x00000000c000d246                VgaText::isShowingCursor()
                0x00000000c000d252                VgaText::isBlinkDisabled()
                0x00000000c000d260                VgaText::setCursorHeight(int)
                0x00000000c000d27e                VgaText::getCursorHeight()
                0x00000000c000d289                setActiveTerminal(VgaText*)
                0x00000000c000d33b                doTerminalCycle()
                0x00000000c000d358                VgaText::doUpdate()
                0x00000000c000d36a                VgaText::puts(char const*, VgaColour, VgaColour)
                0x00000000c000d52c                VgaText::clearScreen()
                0x00000000c000d590                VgaText::putchar(char)
                0x00000000c000d6aa                VgaText::puts(char const*)
                0x00000000c000d6d0                VgaText::putx(unsigned int)
                0x00000000c000d716                VgaText::VgaText(char const*)
                0x00000000c000d716                VgaText::VgaText(char const*)
                0x00000000c000d8a8                VgaText::receiveKey(unsigned char)
                0x00000000c000d990                VgaText::write(unsigned long long, void*, int*)
                0x00000000c000d9e4                newTerminal(char*)
 *fill*         0x00000000c000da09        0x1 
 .text          0x00000000c000da0a      0x18f core/tss.32
                0x00000000c000da0a                TSS::TSS()
                0x00000000c000da0a                TSS::TSS()
                0x00000000c000da18                TSS::setESP(unsigned long)
                0x00000000c000da2a                TSS::flush()
                0x00000000c000da4a                TSS::setup(unsigned long, unsigned long)
 *fill*         0x00000000c000db99        0x1 
 .text          0x00000000c000db9a      0x545 core/unixfile.32
                0x00000000c000db9a                ReservedFilename::read(unsigned long long, void*, int*)
                0x00000000c000dc30                ReservedFilename::isAtty()
                0x00000000c000dc66                ReservedFilename::write(unsigned long long, void*, int*)
                0x00000000c000dd00                UnixFile::getFileDescriptor()
                0x00000000c000dd08                UnixFile::UnixFile(int)
                0x00000000c000dd08                UnixFile::UnixFile(int)
                0x00000000c000de78                ReservedFilename::ReservedFilename(int)
                0x00000000c000de78                ReservedFilename::ReservedFilename(int)
                0x00000000c000deaa                UnixFile::~UnixFile()
                0x00000000c000deaa                UnixFile::~UnixFile()
                0x00000000c000df42                UnixFile::~UnixFile()
                0x00000000c000df6a                ReservedFilename::~ReservedFilename()
                0x00000000c000df6a                ReservedFilename::~ReservedFilename()
                0x00000000c000df8e                ReservedFilename::~ReservedFilename()
                0x00000000c000dfb5                getFromFileDescriptor(int)
 *fill*         0x00000000c000e0df        0x1 
 .text          0x00000000c000e0e0      0xecf core/virtmgr.32
                0x00000000c000e0e0                Virt::setPageState(unsigned long, Virt::VirtPageState)
                0x00000000c000e117                Virt::getPageState(unsigned long)
                0x00000000c000e13e                Virt::allocateKernelVirtualPages(int)
                0x00000000c000e24f                Virt::virtualMemorySetup()
                0x00000000c000e2cb                Virt::getAKernelVAS()
                0x00000000c000e2d1                Virt::setupPageSwapping(int)
                0x00000000c000e3ec                VAS::VAS()
                0x00000000c000e3ec                VAS::VAS()
                0x00000000c000e41c                VAS::VAS(VAS*)
                0x00000000c000e41c                VAS::VAS(VAS*)
                0x00000000c000e440                VAS::getForeignPageTableEntry(bool, unsigned long)
                0x00000000c000e46c                VAS::getPageTableEntry(unsigned long)
                0x00000000c000e48b                Virt::freeKernelVirtualPages(unsigned long)
                0x00000000c000e5ac                VAS::freeAllocatedPages(unsigned long)
                0x00000000c000e5d0                VAS::virtualToPhysical(unsigned long)
                0x00000000c000e5ea                VAS::reflagRange(unsigned long, int, int, int)
                0x00000000c000e62e                VAS::setToWriteCombining(unsigned long, int)
                0x00000000c000e668                VAS::mapOtherVASIn(bool, VAS*)
                0x00000000c000e69e                VAS::~VAS()
                0x00000000c000e69e                VAS::~VAS()
                0x00000000c000e80a                VAS::mapPage(unsigned long, unsigned long, int)
                0x00000000c000e90c                VAS::allocatePages(int, int)
                0x00000000c000eade                VAS::setCPUSpecific(unsigned long)
                0x00000000c000eafc                VAS::mapRange(unsigned long, unsigned long, int, int)
                0x00000000c000ebc6                VAS::mapForeignPage(bool, VAS*, unsigned long, unsigned long, int)
                0x00000000c000ecb8                VAS::VAS(bool)
                0x00000000c000ecb8                VAS::VAS(bool)
                0x00000000c000eee8                mapVASFirstTime
 .text          0x00000000c000efaf       0x93 coreobjs/c++.32
                0x00000000c000efaf                __cxa_atexit
                0x00000000c000efb2                __cxa_finalize
                0x00000000c000efb3                __stack_chk_fail
                0x00000000c000f013                __cxa_pure_virtual
                0x00000000c000f024                operator new(unsigned long)
                0x00000000c000f029                operator new[](unsigned long)
                0x00000000c000f02e                operator delete(void*)
                0x00000000c000f033                operator delete(void*, unsigned long)
                0x00000000c000f038                operator delete[](void*)
                0x00000000c000f03d                operator delete[](void*, unsigned long)
 .text          0x00000000c000f042      0x23d dbg/kconsole.32
                0x00000000c000f042                Dbg::stringifyxWithBase(unsigned int, char*, int)
                0x00000000c000f0e6                Dbg::logc(char)
                0x00000000c000f0fd                Dbg::logs(char*)
                0x00000000c000f11a                Dbg::logWriteInt(unsigned int)
                0x00000000c000f138                Dbg::logWriteIntBase(unsigned int, int)
                0x00000000c000f159                Dbg::kprintf(char const*, ...)
 *fill*         0x00000000c000f27f        0x1 
 .text          0x00000000c000f280      0xb68 fs/vfs.32
                0x00000000c000f280                File::read(unsigned long long, void*, int*)
                0x00000000c000f2d8                File::write(unsigned long long, void*, int*)
                0x00000000c000f330                Directory::read(unsigned long long, void*, int*)
                0x00000000c000f388                Directory::write(unsigned long long, void*, int*)
                0x00000000c000f3b6                File::isAtty()
                0x00000000c000f3ba                Directory::isAtty()
                0x00000000c000f3be                Filesystem::getlabel(LogicalDisk*, int, char*, unsigned int*)
                0x00000000c000f3c4                Filesystem::setlabel(LogicalDisk*, int, char*)
                0x00000000c000f3ca                File::~File()
                0x00000000c000f3ca                File::~File()
                0x00000000c000f3ee                File::~File()
                0x00000000c000f418                Directory::~Directory()
                0x00000000c000f418                Directory::~Directory()
                0x00000000c000f43c                Directory::~Directory()
                0x00000000c000f466                Filesystem::Filesystem()
                0x00000000c000f466                Filesystem::Filesystem()
                0x00000000c000f48a                Filesystem::~Filesystem()
                0x00000000c000f48a                Filesystem::~Filesystem()
                0x00000000c000f498                Filesystem::~Filesystem()
                0x00000000c000f4bc                initVFS()
                0x00000000c000f4e6                standardiseFiles(char*, char const*, char const*)
                0x00000000c000f690                File::File(char const*, Process*)
                0x00000000c000f690                File::File(char const*, Process*)
                0x00000000c000f6f4                File::open(FileOpenMode)
                0x00000000c000f752                File::close()
                0x00000000c000f7b2                File::seek(unsigned long long)
                0x00000000c000f808                File::tell(unsigned long long*)
                0x00000000c000f858                File::rewind()
                0x00000000c000f86c                File::unlink()
                0x00000000c000f8b8                File::rename(char const*)
                0x00000000c000f906                File::chfatattr(unsigned char, unsigned char)
                0x00000000c000f962                File::exists()
                0x00000000c000f9a0                File::stat(unsigned long long*, bool*)
                0x00000000c000fa01                getcwd(Process*, char*, int)
                0x00000000c000fa2b                setcwd(Process*, char*)
                0x00000000c000fb52                Directory::Directory(char const*, Process*)
                0x00000000c000fb52                Directory::Directory(char const*, Process*)
                0x00000000c000fbb6                Directory::open()
                0x00000000c000fc12                Directory::close()
                0x00000000c000fc72                Directory::unlink()
                0x00000000c000fcbe                Directory::rename(char const*)
                0x00000000c000fd0c                Directory::exists()
                0x00000000c000fd4a                Directory::read(dirent*)
                0x00000000c000fd96                Directory::create()
                0x00000000c000fde2                Filesystem::chfatattr(char const*, unsigned char, unsigned char)
 .text          0x00000000c000fde8       0x84 hal/bus.32
                0x00000000c000fde8                Bus::Bus(char const*)
                0x00000000c000fde8                Bus::Bus(char const*)
                0x00000000c000fe1e                Bus::~Bus()
                0x00000000c000fe1e                Bus::~Bus()
                0x00000000c000fe42                Bus::~Bus()
 .text          0x00000000c000fe6c      0x14e hal/buzzer.32
                0x00000000c000fe6c                Buzzer::Buzzer(char const*)
                0x00000000c000fe6c                Buzzer::Buzzer(char const*)
                0x00000000c000feb0                Buzzer::~Buzzer()
                0x00000000c000feb0                Buzzer::~Buzzer()
                0x00000000c000fed4                Buzzer::~Buzzer()
                0x00000000c000fefe                Buzzer::stop()
                0x00000000c000ff11                beepThread(void*)
                0x00000000c000ff4c                Buzzer::beep(int, int, bool)
 .text          0x00000000c000ffba      0x435 hal/clock.32
                0x00000000c000ffba                loadClockSettings()
                0x00000000c000ffd4                Clock::Clock(char const*)
                0x00000000c000ffd4                Clock::Clock(char const*)
                0x00000000c001000a                Clock::~Clock()
                0x00000000c001000a                Clock::~Clock()
                0x00000000c001002e                Clock::~Clock()
                0x00000000c0010058                Clock::timeInSecondsLocal()
                0x00000000c00100a0                Clock::setTimeInSecondsLocal(unsigned long long)
                0x00000000c00100f9                datetimeToSeconds(datetime_t)
                0x00000000c0010226                Clock::setTimeInDatetimeLocal(datetime_t)
                0x00000000c0010286                secondsToDatetime(unsigned long long)
                0x00000000c00103ca                Clock::timeInDatetimeLocal()
 *fill*         0x00000000c00103ef        0x1 
 .text          0x00000000c00103f0      0x500 hal/device.32
                0x00000000c00103f0                Device::hibernate()
                0x00000000c00103f2                Device::wake()
                0x00000000c00103f4                Device::detect()
                0x00000000c00103f6                Device::disableLegacy()
                0x00000000c00103f8                Device::powerSaving(PowerSavingLevel)
                0x00000000c00103fa                DriverlessDevice::close(int, int, void*)
                0x00000000c00103fe                DriverlessDevice::detect()
                0x00000000c0010400                DriverlessDevice::open(int, int, void*)
                0x00000000c0010414                Device::~Device()
                0x00000000c0010414                Device::~Device()
                0x00000000c0010422                Device::~Device()
                0x00000000c001044a                Device::findAndLoadDriver()
                0x00000000c001044c                Device::preOpenPCI(PCIDeviceInfo)
                0x00000000c001046e                Device::preOpenACPI(void*, char*, char*)
                0x00000000c00104c2                Device::addIRQHandler(int, void (*)(regs*, void*), bool, void*)
                0x00000000c0010520                Device::removeIRQHandler(int, void (*)(regs*, void*), bool)
                0x00000000c001056e                Device::addChild(Device*)
                0x00000000c00105b2                Device::removeAllChildren()
                0x00000000c00105f8                Device::hibernateAll()
                0x00000000c0010628                Device::wakeAll()
                0x00000000c0010658                Device::detectAll()
                0x00000000c0010688                Device::disableLegacyAll()
                0x00000000c00106b8                Device::loadDriversForAll()
                0x00000000c00106e4                Device::closeAll()
                0x00000000c001071a                Device::powerSavingAll(PowerSavingLevel)
                0x00000000c0010750                Device::setName(char const*)
                0x00000000c001075e                Device::Device(char const*)
                0x00000000c001075e                Device::Device(char const*)
                0x00000000c0010850                Device::getName()
                0x00000000c001085a                DriverlessDevice::DriverlessDevice(char const*)
                0x00000000c001085a                DriverlessDevice::DriverlessDevice(char const*)
                0x00000000c0010882                Device::addToLinkedList(LinkedList<Device>&, DeviceType)
                0x00000000c00108c6                getDevicesOfType(DeviceType)
 .text          0x00000000c00108f0       0x84 hal/diskctrl.32
                0x00000000c00108f0                HardDiskController::HardDiskController(char const*)
                0x00000000c00108f0                HardDiskController::HardDiskController(char const*)
                0x00000000c0010926                HardDiskController::~HardDiskController()
                0x00000000c0010926                HardDiskController::~HardDiskController()
                0x00000000c001094a                HardDiskController::~HardDiskController()
 .text          0x00000000c0010974       0xde hal/diskphys.32
                0x00000000c0010974                PhysicalDisk::PhysicalDisk(char const*, int)
                0x00000000c0010974                PhysicalDisk::PhysicalDisk(char const*, int)
                0x00000000c00109dc                PhysicalDisk::startCache()
                0x00000000c0010a04                PhysicalDisk::~PhysicalDisk()
                0x00000000c0010a04                PhysicalDisk::~PhysicalDisk()
                0x00000000c0010a28                PhysicalDisk::~PhysicalDisk()
 .text          0x00000000c0010a52      0x142 hal/fpu.32
                0x00000000c0010a52                FPU::FPU(char const*)
                0x00000000c0010a52                FPU::FPU(char const*)
                0x00000000c0010a88                FPU::~FPU()
                0x00000000c0010a88                FPU::~FPU()
                0x00000000c0010aac                FPU::~FPU()
                0x00000000c0010ad6                setupFPU()
 .text          0x00000000c0010b94      0xc6b hal/intctrl.32
                0x00000000c0010b94                InterruptController::uninstallISRHandler(int, void (*)(regs*, void*))
                0x00000000c0010bce                InterruptController::installISRHandler(int, void (*)(regs*, void*), void*)
                0x00000000c0010c20                doubleFault(regs*, void*)
                0x00000000c0010c2e                InterruptController::installIRQHandler(int, void (*)(regs*, void*), bool, void*)
                0x00000000c0010cca                InterruptController::clearAllHandlers(int, bool)
                0x00000000c0010d7a                InterruptController::uninstallIRQHandler(int, void (*)(regs*, void*), bool)
                0x00000000c0010e02                nmiHandler(regs*, void*)
                0x00000000c0010e10                int_handler
                0x00000000c0010eaa                InterruptController::InterruptController(char const*)
                0x00000000c0010eaa                InterruptController::InterruptController(char const*)
                0x00000000c0010f50                InterruptController::~InterruptController()
                0x00000000c0010f50                InterruptController::~InterruptController()
                0x00000000c0010f74                InterruptController::~InterruptController()
                0x00000000c0010f9e                displayDebugInfo(regs*)
                0x00000000c00113e4                x87EmulHandler(regs*, void*)
                0x00000000c0011447                gpFault(regs*, void*)
                0x00000000c0011480                pgFault(regs*, void*)
                0x00000000c0011498                otherISRHandler(regs*, void*)
                0x00000000c00114b7                opcodeFault(regs*, void*)
                0x00000000c001152c                displayProgramFault(char const*)
                0x00000000c0011556                InterruptController::convertLegacyIRQNumber(int)
                0x00000000c00115a4                setupInterruptController()
 *fill*         0x00000000c00117ff        0x1 
 .text          0x00000000c0011800      0x61c hal/keybrd.32
                0x00000000c0011800                startGUI(void*)
                0x00000000c0011872                sendKeyToTerminal(unsigned char)
                0x00000000c00118e3                sendKeyboardToken(KeyboardToken)
                0x00000000c0011ccc                clearInternalKeybuffer(VgaText*)
                0x00000000c0011d01                readKeyboard(VgaText*, char*, unsigned long)
                0x00000000c0011d92                Keyboard::Keyboard(char const*)
                0x00000000c0011d92                Keyboard::Keyboard(char const*)
                0x00000000c0011dce                Keyboard::~Keyboard()
                0x00000000c0011dce                Keyboard::~Keyboard()
                0x00000000c0011df2                Keyboard::~Keyboard()
 .text          0x00000000c0011e1c      0x400 hal/logidisk.32
                0x00000000c0011e1c                LogicalDisk::close(int, int, void*)
                0x00000000c0011e20                LogicalDisk::~LogicalDisk()
                0x00000000c0011e20                LogicalDisk::~LogicalDisk()
                0x00000000c0011e44                LogicalDisk::~LogicalDisk()
                0x00000000c0011e6e                LogicalDisk::open(int, int, void*)
                0x00000000c0011e82                LogicalDisk::absoluteToRelative(unsigned long long)
                0x00000000c0011eba                LogicalDisk::relativeToAbsolute(unsigned long long)
                0x00000000c0011f00                LogicalDisk::LogicalDisk(char const*, PhysicalDisk*, unsigned long long, unsigned long long)
                0x00000000c0011f00                LogicalDisk::LogicalDisk(char const*, PhysicalDisk*, unsigned long long, unsigned long long)
                0x00000000c0011fb6                LogicalDisk::assignDriveLetter()
                0x00000000c001206c                LogicalDisk::mount()
                0x00000000c00120de                LogicalDisk::unmount()
                0x00000000c00120ee                LogicalDisk::unassignDriveLetter()
                0x00000000c0012144                LogicalDisk::read(unsigned long long, int, void*)
                0x00000000c00121b0                LogicalDisk::write(unsigned long long, int, void*)
 .text          0x00000000c001221c       0x84 hal/mouse.32
                0x00000000c001221c                Mouse::Mouse(char const*)
                0x00000000c001221c                Mouse::Mouse(char const*)
                0x00000000c0012252                Mouse::~Mouse()
                0x00000000c0012252                Mouse::~Mouse()
                0x00000000c0012276                Mouse::~Mouse()
 .text          0x00000000c00122a0      0x339 hal/partition.32
                0x00000000c00122a0                makePartition(PhysicalDisk*, unsigned long long, unsigned long long)
                0x00000000c0012348                createPartitionsForDisk(PhysicalDisk*)
 *fill*         0x00000000c00125d9        0x1 
 .text          0x00000000c00125da      0x2e7 hal/timer.32
                0x00000000c00125da                Timer::Timer(char const*)
                0x00000000c00125da                Timer::Timer(char const*)
                0x00000000c0012610                Timer::~Timer()
                0x00000000c0012610                Timer::~Timer()
                0x00000000c0012634                Timer::~Timer()
                0x00000000c001265e                Timer::read()
                0x00000000c0012669                timerHandler(unsigned long long)
                0x00000000c00127a0                setupTimer(int)
 *fill*         0x00000000c00128c1        0x1 
 .text          0x00000000c00128c2      0x2d1 hal/vcache.32
                0x00000000c00128c2                VCache::VCache(PhysicalDisk*)
                0x00000000c00128c2                VCache::VCache(PhysicalDisk*)
                0x00000000c00129b2                VCache::writeWriteBuffer()
                0x00000000c00129ee                VCache::~VCache()
                0x00000000c00129ee                VCache::~VCache()
                0x00000000c0012a2e                VCache::~VCache()
                0x00000000c0012a56                VCache::write(unsigned long long, int, void*)
                0x00000000c0012b3a                VCache::read(unsigned long long, int, void*)
 *fill*         0x00000000c0012b93        0x1 
 .text          0x00000000c0012b94      0x26d hal/video.32
                0x00000000c0012b94                Video::putrect(int, int, int, int, unsigned int)
                0x00000000c0012bde                Video::blit(unsigned int*, int, int, int, int)
                0x00000000c0012c5c                Video::clearScreen(unsigned int)
                0x00000000c0012c90                Video::putpixel(int, int, unsigned int)
                0x00000000c0012c9e                Video::Video(char const*)
                0x00000000c0012c9e                Video::Video(char const*)
                0x00000000c0012cd4                Video::~Video()
                0x00000000c0012cd4                Video::~Video()
                0x00000000c0012cf8                Video::~Video()
                0x00000000c0012d22                Video::isMonochrome()
                0x00000000c0012d2e                Video::getWidth()
                0x00000000c0012d3a                Video::getHeight()
                0x00000000c0012d46                Video::drawCursor(int, int, unsigned char*, int)
 *fill*         0x00000000c0012e01        0x1 
 .text          0x00000000c0012e02      0xd68 hw/acpi.32
                0x00000000c0012e02                ACPI::close(int, int, void*)
                0x00000000c0012ebb                findRSDP()
                0x00000000c0012f45                loadACPITables(unsigned char*)
                0x00000000c001316c                findRSDT(unsigned char*)
                0x00000000c001328a                findDataTable(unsigned char*, char*)
                0x00000000c0013326                scanMADT()
                0x00000000c00136e2                ACPI::ACPI()
                0x00000000c00136e2                ACPI::ACPI()
                0x00000000c0013742                ACPI::getPCIIRQAssignment(unsigned char, unsigned short, unsigned char)
                0x00000000c0013824                ACPI::registerPCIIRQAssignment(void*, unsigned short, unsigned char, unsigned char)
                0x00000000c0013934                ACPI::setScreenBrightnessLevel(void*, int)
                0x00000000c001393a                ACPI::writeSimpleBootFlag(SimpleBootFlagTable*)
                0x00000000c001398c                ACPI::open(int, int, void*)
                0x00000000c0013b52                ACPI::sleep()
 .text          0x00000000c0013b6a     0x17ae hw/cpu.32
                0x00000000c0013b6a                CPU::close(int, int, void*)
                0x00000000c0013b6d                lookupAMDCPUName(unsigned char, unsigned char)
                0x00000000c0013d12                lookupIntelCPUName(unsigned char, unsigned char)
                0x00000000c0013fcb                AMD_K6_write_msr(unsigned int, unsigned int, unsigned int, REGS*)
                0x00000000c0013fe7                AMD_K6_read_msr(unsigned int, REGS*)
                0x00000000c0013fff                AMD_K6_writeback(int, int, int)
                0x00000000c0014072                cpuid(int, unsigned long*, unsigned long*, unsigned long*, unsigned long*)
                0x00000000c00140f5                cpuidCheckEDX(unsigned int)
                0x00000000c0014122                cpuidCheckECX(unsigned int)
                0x00000000c001414f                cpuidCheckExtendedEBX(unsigned int)
                0x00000000c001417c                cpuidCheckExtendedECX(unsigned int)
                0x00000000c00141a9                getCPUNumber()
                0x00000000c00141ac                thisCPU()
                0x00000000c00141c0                CPU::CPU()
                0x00000000c00141c0                CPU::CPU()
                0x00000000c001424e                CPU::displayFeatures()
                0x00000000c00144ca                CPU::detectFeatures()
                0x00000000c0014ea0                CPU::setupSMEP()
                0x00000000c0014eba                CPU::setupUMIP()
                0x00000000c0014ed2                CPU::setupTSC()
                0x00000000c0014eea                CPU::setupLargePages()
                0x00000000c0014f02                CPU::setupPAT()
                0x00000000c0014f3e                CPU::setupMTRR()
                0x00000000c0014f40                CPU::setupGlobalPages()
                0x00000000c0014f56                CPU::allowUsermodeDataAccess()
                0x00000000c0014f68                CPU::prohibitUsermodeDataAccess()
                0x00000000c0014f7a                CPU::setupSMAP()
                0x00000000c0014fa0                CPU::setupFeatures()
                0x00000000c0015042                CPU::open(int, int, void*)
                0x00000000c0015118                CPU::decodeAddress(regs*, int*, bool*, unsigned char*)
 .text          0x00000000c0015318        0x0 hw/ports.32
 .text          0x00000000c0015318      0x354 krnl/panic.32
                0x00000000c0015318                Krnl::panic(char const*)
 .text          0x00000000c001566c      0x511 reg/registry.32
                0x00000000c001566c                Reg::findLineFromLoadedData(char*, char*, char*)
                0x00000000c00157d3                Reg::getLineFromRegistry(char*, char*, char*, char*)
                0x00000000c0015932                Reg::getLine(char*, char*, char*)
                0x00000000c0015969                Reg::readInt(char*, char*, int*)
                0x00000000c0015a53                Reg::readString(char*, char*, char*, int)
                0x00000000c0015ad4                Reg::readBool(char*, char*, bool*)
                0x00000000c0015af9                Reg::readBoolWithDefault(char*, char*, bool)
                0x00000000c0015b25                Reg::readIntWithDefault(char*, char*, int)
                0x00000000c0015b51                Reg::readStringWithDefault(char*, char*, char*, int, char*)
 .text          0x00000000c0015b7d       0x18 sys/sc_exit.32
                0x00000000c0015b7d                Sys::exit(regs*)
 .text          0x00000000c0015b95       0x95 sys/sc_loaddll.32
                0x00000000c0015b95                Sys::loadDLL(regs*)
 .text          0x00000000c0015c2a       0x68 sys/sc_read.32
                0x00000000c0015c2a                Sys::read(regs*)
 .text          0x00000000c0015c92       0x55 sys/sc_sbrk.32
                0x00000000c0015c92                Sys::sbrk(regs*)
 .text          0x00000000c0015ce7       0x83 sys/sc_write.32
                0x00000000c0015ce7                Sys::write(regs*)
 .text          0x00000000c0015d6a       0x1a sys/sc_yield.32
                0x00000000c0015d6a                Sys::yield(regs*)
 .text          0x00000000c0015d84      0xfe6 sys/syscalls.32
                0x00000000c0015d84                sysCallGetPID(regs*)
                0x00000000c0015d94                sysCallSeekDir(regs*)
                0x00000000c0015d99                sysCallTellDir(regs*)
                0x00000000c0015d9e                sysCallVerify(regs*)
                0x00000000c0015da8                sysCallFork(regs*)
                0x00000000c0015daf                sysCallExecve(regs*)
                0x00000000c0015db6                sysCallGetArgc(regs*)
                0x00000000c0015dca                sysFormatDisk(regs*)
                0x00000000c0015e2d                sysSetDiskVolumeLabel(regs*)
                0x00000000c0015e75                sysGetDiskVolumeLabel(regs*)
                0x00000000c0015ec8                sysShutdown(regs*)
                0x00000000c0015f43                sysCallGetCwd(regs*)
                0x00000000c0015f69                sysCallSetCwd(regs*)
                0x00000000c0015f8b                sysCallRealpath(regs*)
                0x00000000c0015fd8                sysCallReadDir(regs*)
                0x00000000c001606b                sysCallIsATTY(regs*)
                0x00000000c00160c3                sysCallSeek(regs*)
                0x00000000c0016129                sysCallTell(regs*)
                0x00000000c00161a4                sysCallSizeFromFilename(regs*)
                0x00000000c0016252                sysCallSize(regs*)
                0x00000000c00162d3                sysCallClose(regs*)
                0x00000000c0016356                sysCallOpenDir(regs*)
                0x00000000c00163c1                sysCallMakeDir(regs*)
                0x00000000c001641c                sysCallCloseDir(regs*)
                0x00000000c001647d                sysCallWait(regs*)
                0x00000000c001649e                sysCallRmdir(regs*)
                0x00000000c00164f1                sysCallUnlink(regs*)
                0x00000000c0016544                sysCallGetArgv(regs*)
                0x00000000c0016590                sysCallTTYName(regs*)
                0x00000000c0016611                sysCallGetEnv(regs*)
                0x00000000c0016668                sysCallUSleep(regs*)
                0x00000000c00166aa                sysCallSpawn(regs*)
                0x00000000c0016709                sysAppSettings(regs*)
                0x00000000c001682e                sysSetFatAttrib(regs*)
                0x00000000c0016891                sysPanic(regs*)
                0x00000000c00168b8                sysPipe(regs*)
                0x00000000c00168fd                sysGetUnixTime(regs*)
                0x00000000c0016911                string_ends_with(char const*, char const*)
                0x00000000c001695b                sysCallOpen(regs*)
                0x00000000c0016b6f                setupSystemCalls()
                0x00000000c0016d28                systemCall(regs*, void*)
 .text          0x00000000c0016d6a     0x11c1 thr/elf.32
                0x00000000c0016d6a                Thr::allocateMemoryForTask(Process*, File*, unsigned long, unsigned long, unsigned long)
                0x00000000c0016fe1                Thr::loadProgramIntoMemory(Process*, char const*)
                0x00000000c00171f7                Thr::runtimeReferenceHelper()
                0x00000000c001720a                Thr::getAddressOfKernelSymbol(char const*)
                0x00000000c0017259                Thr::loadKernelSymbolTable(char const*)
                0x00000000c001751a                Thr::loadDriverIntoMemory(char const*, unsigned long, bool)
                0x00000000c0017cb8                Thr::getDriverBaseFromAddress(unsigned long)
                0x00000000c0017cea                Thr::getDriverNameFromAddress(unsigned long)
                0x00000000c0017d21                Thr::getDriverOffsetFromAddress(unsigned long)
                0x00000000c0017d3b                Thr::loadDLL(char const*, bool)
                0x00000000c0017f01                Thr::executeDLL(unsigned long, void*)
 *fill*         0x00000000c0017f2b        0x1 
 .text          0x00000000c0017f2c     0x1002 thr/prcssthr.32
                0x00000000c0017f2c                changeTSS
                0x00000000c0017f5a                Process::addArgs(char**)
                0x00000000c0017fbc                Process::Process(char const*, Process*, char**)
                0x00000000c0017fbc                Process::Process(char const*, Process*, char**)
                0x00000000c0018178                Process::Process(bool, char const*, Process*, char**)
                0x00000000c0018178                Process::Process(bool, char const*, Process*, char**)
                0x00000000c00182ff                disableIRQs()
                0x00000000c001830c                getIRQNestingLevel()
                0x00000000c0018312                enableIRQs()
                0x00000000c0018321                lockScheduler()
                0x00000000c0018323                unlockScheduler()
                0x00000000c0018325                userModeEntryPoint(void*)
                0x00000000c0018348                lockStuff()
                0x00000000c0018359                taskStartupFunction
                0x00000000c0018362                updateTimeUsed()
                0x00000000c00183c0                switchToThread(ThreadControlBlock*)
                0x00000000c0018416                Semaphore::Semaphore(int)
                0x00000000c0018416                Semaphore::Semaphore(int)
                0x00000000c0018444                Mutex::Mutex()
                0x00000000c0018444                Mutex::Mutex()
                0x00000000c0018456                Process::createThread(void (*)(void*), void*, int)
                0x00000000c0018538                Process::createUserThread()
                0x00000000c0018555                setupMultitasking(void (*)())
                0x00000000c001866a                schedule()
                0x00000000c00186ef                unlockStuff()
                0x00000000c0018724                Semaphore::tryAcquire()
                0x00000000c0018752                Semaphore::assertLocked(char const*)
                0x00000000c0018782                blockTaskWithSchedulerLockAlreadyHeld(TaskState)
                0x00000000c00187c3                blockTask(TaskState)
                0x00000000c00187e4                waitTask(int, int*, int)
                0x00000000c0018826                nanoSleepUntil(unsigned long long)
                0x00000000c001887f                nanoSleep(unsigned long long)
                0x00000000c0018894                sleep(unsigned long long)
                0x00000000c00188b2                Semaphore::acquire()
                0x00000000c0018917                taskReturned
                0x00000000c0018945                unblockTask(ThreadControlBlock*)
                0x00000000c00189f2                cleanupTerminatedTask(ThreadControlBlock*)
                0x00000000c0018c9b                cleanerTaskFunction(void*)
                0x00000000c0018d4e                terminateTask(int)
                0x00000000c0018e30                Thr::terminateFromIRQ(int)
                0x00000000c0018e3e                Semaphore::release()
 .text          0x00000000c0018f2e      0x8bf vm86/vm8086.32
                0x00000000c0018f2e                Vm::vm8086EntryPoint(void*)
                0x00000000c0018f59                Vm::inbv(unsigned short)
                0x00000000c0018f5f                Vm::outbv(unsigned short, unsigned char)
                0x00000000c0018f69                Vm::realToLinear(unsigned short, unsigned short)
                0x00000000c0018f79                Vm::getSegment(unsigned int)
                0x00000000c0018f81                Vm::getOffset(unsigned int)
                0x00000000c0018f86                Vm::loadFileAsThread(Process*, char const*, unsigned short, unsigned short, unsigned short, unsigned short)
                0x00000000c00190b5                Vm::doISR(regs*, int, unsigned char*, unsigned short, unsigned short)
                0x00000000c001913f                Vm::readByteFromReal(unsigned short, unsigned short)
                0x00000000c0019150                Vm::readWordFromReal(unsigned short, unsigned short)
                0x00000000c0019162                Vm::readDwordFromReal(unsigned short, unsigned short)
                0x00000000c0019173                Vm::writeByteFromReal(unsigned short, unsigned short, unsigned char)
                0x00000000c0019188                Vm::writeWordFromReal(unsigned short, unsigned short, unsigned short)
                0x00000000c001919e                Vm::writeDwordFromReal(unsigned short, unsigned short, unsigned int)
                0x00000000c00191b3                Vm::faultHandler(regs*)
 *fill*         0x00000000c00197ed        0x1 
 .text          0x00000000c00197ee     0x112f fs/fat/vfslink.32
                0x00000000c00197ee                FAT::getName()
                0x00000000c00197f4                FAT::tell(void*, unsigned long long*)
                0x00000000c0019828                FAT::stat(void*, unsigned long long*)
                0x00000000c001985c                FAT::~FAT()
                0x00000000c001985c                FAT::~FAT()
                0x00000000c0019880                FAT::~FAT()
                0x00000000c00198a8                FAT::getlabel(LogicalDisk*, int, char*, unsigned int*)
                0x00000000c0019946                FAT::setlabel(LogicalDisk*, int, char*)
                0x00000000c0019a00                FAT::format(LogicalDisk*, int, char const*, int)
                0x00000000c0019be4                FAT::tryMount(LogicalDisk*, int)
                0x00000000c0019dea                FAT::readDir(void*, unsigned long, void*, int*)
                0x00000000c0019ef2                FAT::read(void*, unsigned long, void*, int*)
                0x00000000c0019f4c                FAT::write(void*, unsigned long, void*, int*)
                0x00000000c0019fa6                FAT::close(void*)
                0x00000000c0019ff2                FAT::closeDir(void*)
                0x00000000c001a03e                FAT::seek(void*, unsigned long long)
                0x00000000c001a092                fatWrapperReadDisk
                0x00000000c001a0dd                fatWrapperWriteDisk
                0x00000000c001a128                fatWrapperIoctl
                0x00000000c001a238                FAT::FAT()
                0x00000000c001a238                FAT::FAT()
                0x00000000c001a28a                FAT::fixFilepath(char*)
                0x00000000c001a2c2                FAT::open(char const*, void**, FileOpenMode)
                0x00000000c001a3ee                FAT::openDir(char const*, void**)
                0x00000000c001a494                FAT::stat(char const*, unsigned long long*, bool*)
                0x00000000c001a580                FAT::unlink(char const*)
                0x00000000c001a5fa                FAT::chfatattr(char const*, unsigned char, unsigned char)
                0x00000000c001a774                FAT::rename(char const*, char const*)
                0x00000000c001a838                FAT::mkdir(char const*)
                0x00000000c001a8b2                FAT::exists(char const*)
 *fill*         0x00000000c001a91d        0x1 
 .text          0x00000000c001a91e      0xbdd fs/iso9660/vfslink.32
                0x00000000c001a91e                ISO9660::format(LogicalDisk*, int, char const*, int)
                0x00000000c001a924                ISO9660::seek(void*, unsigned long long)
                0x00000000c001a954                ISO9660::tell(void*, unsigned long long*)
                0x00000000c001a978                ISO9660::getName()
                0x00000000c001a97e                ISO9660::stat(void*, unsigned long long*)
                0x00000000c001a9a2                ISO9660::chfatattr(char const*, unsigned char, unsigned char)
                0x00000000c001a9a8                ISO9660::unlink(char const*)
                0x00000000c001a9ae                ISO9660::write(void*, unsigned long, void*, int*)
                0x00000000c001a9b4                ISO9660::rename(char const*, char const*)
                0x00000000c001a9ba                ISO9660::mkdir(char const*)
                0x00000000c001a9c0                ISO9660::close(void*)
                0x00000000c001a9e2                ISO9660::closeDir(void*)
                0x00000000c001aa04                ISO9660::~ISO9660()
                0x00000000c001aa04                ISO9660::~ISO9660()
                0x00000000c001aa28                ISO9660::~ISO9660()
                0x00000000c001aa4f                __memmem(unsigned char*, int, unsigned char*, int)
                0x00000000c001aa91                readSectorFromCDROM(unsigned int, unsigned char*, char)
                0x00000000c001aaf8                ISO9660::tryMount(LogicalDisk*, int)
                0x00000000c001ab48                ISO9660::read(void*, unsigned long, void*, int*)
                0x00000000c001ad8c                ISO9660::readDir(void*, unsigned long, void*, int*)
                0x00000000c001b017                readRoot(unsigned int*, unsigned int*, char)
                0x00000000c001b06c                readRecursively(char*, unsigned int, unsigned int, unsigned int*, unsigned int*, char, int*)
                0x00000000c001b23f                getFileData(char*, unsigned int*, unsigned int*, char, int*)
                0x00000000c001b2ce                ISO9660::open(char const*, void**, FileOpenMode)
                0x00000000c001b368                ISO9660::exists(char const*)
                0x00000000c001b38c                ISO9660::stat(char const*, unsigned long long*, bool*)
                0x00000000c001b420                ISO9660::openDir(char const*, void**)
                0x00000000c001b4d8                ISO9660::ISO9660()
                0x00000000c001b4d8                ISO9660::ISO9660()
 *fill*         0x00000000c001b4fb        0x1 
 .text          0x00000000c001b4fc      0x248 hal/sound/sndchannel.32
                0x00000000c001b4fc                SoundChannel::~SoundChannel()
                0x00000000c001b4fc                SoundChannel::~SoundChannel()
                0x00000000c001b518                SoundChannel::setSpeed(float)
                0x00000000c001b524                SoundChannel::getSpeed()
                0x00000000c001b52c                SoundChannel::setVolume(int)
                0x00000000c001b548                SoundChannel::getVolume()
                0x00000000c001b550                SoundChannel::pause()
                0x00000000c001b55a                SoundChannel::SoundChannel(int, int, int, int)
                0x00000000c001b55a                SoundChannel::SoundChannel(int, int, int, int)
                0x00000000c001b654                SoundChannel::play()
                0x00000000c001b65e                SoundChannel::paused()
                0x00000000c001b666                SoundChannel::getSampleRate()
                0x00000000c001b66e                SoundChannel::getBits()
                0x00000000c001b676                SoundChannel::getBufferUsed()
                0x00000000c001b67e                SoundChannel::getBufferSize()
                0x00000000c001b686                SoundChannel::unbuffer(float*, int, int)
                0x00000000c001b6f8                SoundChannel::buffer8(unsigned char*, int)
 .text          0x00000000c001b744      0x30f hal/sound/sndhw.32
                0x00000000c001b744                SoundDevice::SoundDevice(char const*)
                0x00000000c001b744                SoundDevice::SoundDevice(char const*)
                0x00000000c001b7b0                SoundDevice::~SoundDevice()
                0x00000000c001b7b0                SoundDevice::~SoundDevice()
                0x00000000c001b82a                SoundDevice::~SoundDevice()
                0x00000000c001b854                SoundDevice::getFreeChannelNum()
                0x00000000c001b86e                SoundDevice::addChannel(SoundChannel*)
                0x00000000c001b8de                SoundDevice::removeChannel(int)
                0x00000000c001b910                SoundDevice::floatTo8(float*, unsigned char*, int)
                0x00000000c001b97c                SoundDevice::getAudio(int, float*, float*)
 .text          0x00000000c001ba53        0x0 hw/bus/isa.32
 *fill*         0x00000000c001ba53        0x1 
 .text          0x00000000c001ba54      0x6e9 hw/bus/pci.32
                0x00000000c001ba54                PCI::open(int, int, void*)
                0x00000000c001ba68                PCI::close(int, int, void*)
                0x00000000c001ba6c                PCI::PCI()
                0x00000000c001ba6c                PCI::PCI()
                0x00000000c001baee                PCI::pciReadWord(unsigned char, unsigned char, unsigned char, unsigned char)
                0x00000000c001bb36                PCI::getVendorID(unsigned char, unsigned char, unsigned char)
                0x00000000c001bb58                PCI::getHeaderType(unsigned char, unsigned char, unsigned char)
                0x00000000c001bb7c                PCI::getClassCode(unsigned char, unsigned char, unsigned char)
                0x00000000c001bbc0                PCI::getProgIF(unsigned char, unsigned char, unsigned char)
                0x00000000c001bbe4                PCI::getRevisionID(unsigned char, unsigned char, unsigned char)
                0x00000000c001bc06                PCI::getInterruptNumber(unsigned char, unsigned char, unsigned char)
                0x00000000c001bc28                PCI::getSecondaryBus(unsigned char, unsigned char, unsigned char)
                0x00000000c001bc4c                PCI::getBARAddress(unsigned char, unsigned char, unsigned char, unsigned char)
                0x00000000c001bcac                PCI::pciWriteWord(unsigned char, unsigned char, unsigned char, unsigned char, unsigned short)
                0x00000000c001bd18                PCI::checkBus(unsigned char)
                0x00000000c001bd3e                PCI::foundDevice(PCIDeviceInfo)
                0x00000000c001beae                PCI::getDeviceData(unsigned char, unsigned char, unsigned char)
                0x00000000c001c07e                PCI::checkDevice(unsigned char, unsigned char)
                0x00000000c001c0ea                PCI::detect()
 *fill*         0x00000000c001c13d        0x1 
 .text          0x00000000c001c13e      0xc84 hw/diskctrl/ide.32
                0x00000000c001c13e                IDE::close(int, int, void*)
                0x00000000c001c142                IDE::IDE()
                0x00000000c001c142                IDE::IDE()
                0x00000000c001c176                IDE::prepareInterrupt(unsigned char)
                0x00000000c001c188                selectDrive(unsigned char, unsigned char)
                0x00000000c001c18a                IDE::getBase(unsigned char)
                0x00000000c001c19c                IDE::write(unsigned char, unsigned char, unsigned char)
                0x00000000c001c25c                IDE::read(unsigned char, unsigned char)
                0x00000000c001c30a                IDE::waitInterrupt(unsigned char)
                0x00000000c001c376                ideChannel0IRQHandler(regs*, void*)
                0x00000000c001c392                ideChannel1IRQHandler(regs*, void*)
                0x00000000c001c3ae                IDE::enableIRQs(unsigned char, bool)
                0x00000000c001c3f4                IDE::open(int, int, void*)
                0x00000000c001c806                IDE::readBuffer(unsigned char, unsigned char, unsigned int, unsigned int)
                0x00000000c001c8d2                IDE::detect()
                0x00000000c001cbbc                IDE::printError(unsigned char, unsigned char, unsigned char)
                0x00000000c001cd52                IDE::polling(unsigned char, unsigned int)
 .text          0x00000000c001cdc2      0x64f hw/diskphys/ata.32
                0x00000000c001cdc2                ATA::close(int, int, void*)
                0x00000000c001cde6                ATA::powerSaving(PowerSavingLevel)
                0x00000000c001cde8                ATA::ATA()
                0x00000000c001cde8                ATA::ATA()
                0x00000000c001ce16                ATA::flush(bool)
                0x00000000c001ce60                ATA::readyForCommand()
                0x00000000c001ceb0                ATA::access(unsigned long long, int, void*, bool)
                0x00000000c001d252                ATA::read(unsigned long long, int, void*)
                0x00000000c001d2ba                ATA::write(unsigned long long, int, void*)
                0x00000000c001d322                ATA::detectCHS()
                0x00000000c001d34c                ATA::open(int, int, void*)
 *fill*         0x00000000c001d411        0x1 
 .text          0x00000000c001d412      0x5ae hw/diskphys/atapi.32
                0x00000000c001d412                ATAPI::write(unsigned long long, int, void*)
                0x00000000c001d418                ATAPI::close(int, int, void*)
                0x00000000c001d43c                ATAPI::ATAPI()
                0x00000000c001d43c                ATAPI::ATAPI()
                0x00000000c001d46a                ATAPI::readyForCommand()
                0x00000000c001d4ba                ATAPI::sendPacket(unsigned char*, int, bool, unsigned short*, int)
                0x00000000c001d77a                ATAPI::diskRemoved()
                0x00000000c001d796                ATAPI::eject()
                0x00000000c001d7dc                ATAPI::diskInserted()
                0x00000000c001d80a                ATAPI::detectMedia()
                0x00000000c001d8c6                ATAPI::open(int, int, void*)
                0x00000000c001d946                ATAPI::read(unsigned long long, int, void*)
 .text          0x00000000c001d9c0       0x8e hw/fpu/avx.32
                0x00000000c001d9c0                AVX::open(int, int, void*)
                0x00000000c001d9d2                AVX::close(int, int, void*)
                0x00000000c001d9e4                AVX::available()
                0x00000000c001d9f6                AVX::save(void*)
                0x00000000c001da0e                AVX::load(void*)
                0x00000000c001da26                AVX::AVX()
                0x00000000c001da26                AVX::AVX()
 .text          0x00000000c001da4e       0x90 hw/fpu/mmx.32
                0x00000000c001da4e                MMX::available()
                0x00000000c001da62                MMX::open(int, int, void*)
                0x00000000c001da74                MMX::close(int, int, void*)
                0x00000000c001da86                MMX::save(void*)
                0x00000000c001da9e                MMX::load(void*)
                0x00000000c001dab6                MMX::MMX()
                0x00000000c001dab6                MMX::MMX()
 .text          0x00000000c001dade       0x96 hw/fpu/sse.32
                0x00000000c001dade                SSE::open(int, int, void*)
                0x00000000c001daf0                SSE::close(int, int, void*)
                0x00000000c001db02                SSE::available()
                0x00000000c001db1c                SSE::save(void*)
                0x00000000c001db34                SSE::load(void*)
                0x00000000c001db4c                SSE::SSE()
                0x00000000c001db4c                SSE::SSE()
 .text          0x00000000c001db74       0x8e hw/fpu/x87.32
                0x00000000c001db74                x87::open(int, int, void*)
                0x00000000c001db86                x87::close(int, int, void*)
                0x00000000c001db98                x87::available()
                0x00000000c001dbaa                x87::save(void*)
                0x00000000c001dbc2                x87::load(void*)
                0x00000000c001dbda                x87::x87()
                0x00000000c001dbda                x87::x87()
 .text          0x00000000c001dc02      0x63b hw/intctrl/apic.32
                0x00000000c001dc02                APIC::disable()
                0x00000000c001dc04                APIC::close(int, int, void*)
                0x00000000c001dc26                IOAPIC::close(int, int, void*)
                0x00000000c001dc2c                APIC::io_wait()
                0x00000000c001dc32                APIC::getBase()
                0x00000000c001dc74                APIC::eoi(unsigned char)
                0x00000000c001dca2                APIC::open(int, int, void*)
                0x00000000c001dd6c                IOAPIC::IOAPIC()
                0x00000000c001dd6c                IOAPIC::IOAPIC()
                0x00000000c001dd94                APIC::APIC()
                0x00000000c001dd94                APIC::APIC()
                0x00000000c001de70                IOAPIC::handlesGSIWithNumber(unsigned int)
                0x00000000c001dea2                IOAPIC::read(int)
                0x00000000c001deca                IOAPIC::open(int, int, void*)
                0x00000000c001dfd2                IOAPIC::write(int, int)
                0x00000000c001dffe                IOAPIC::redirect(unsigned char, unsigned long long, unsigned char)
                0x00000000c001e0c4                APIC::installIRQHandler(int, void (*)(regs*, void*), bool, void*)
 *fill*         0x00000000c001e23d        0x1 
 .text          0x00000000c001e23e      0x3f3 hw/intctrl/pic.32
                0x00000000c001e23e                PIC::disable()
                0x00000000c001e26c                PIC::close(int, int, void*)
                0x00000000c001e28e                PIC::PIC()
                0x00000000c001e28e                PIC::PIC()
                0x00000000c001e36a                PIC::ioWait()
                0x00000000c001e370                PIC::getIRQReg(int)
                0x00000000c001e3e2                PIC::eoi(unsigned char)
                0x00000000c001e47a                PIC::remap()
                0x00000000c001e5f2                PIC::open(int, int, void*)
 *fill*         0x00000000c001e631        0x1 
 .text          0x00000000c001e632      0x264 hw/timer/apictimer.32
                0x00000000c001e632                APICTimer::close(int, int, void*)
                0x00000000c001e638                apicTimerHandler(regs*, void*)
                0x00000000c001e66a                APICTimer::write(int)
                0x00000000c001e768                APICTimer::open(int, int, void*)
                0x00000000c001e86e                APICTimer::APICTimer()
                0x00000000c001e86e                APICTimer::APICTimer()
 .text          0x00000000c001e896      0x1b6 hw/timer/pit.32
                0x00000000c001e896                PIT::write(int)
                0x00000000c001e91c                pitHandler(regs*, void*)
                0x00000000c001e94c                PIT::open(int, int, void*)
                0x00000000c001e99a                PIT::close(int, int, void*)
                0x00000000c001e9ca                PIT::PIT()
                0x00000000c001e9ca                PIT::PIT()
 *fill*         0x00000000c001ea4c        0x4 
 .text          0x00000000c001ea50        0xa hw/fpu/x86/avx.32
                0x00000000c001ea50                avxDetect
                0x00000000c001ea56                avxSave
                0x00000000c001ea57                avxLoad
                0x00000000c001ea58                avxInit
                0x00000000c001ea59                avxClose
 *fill*         0x00000000c001ea5a        0x6 
 .text          0x00000000c001ea60       0x38 hw/fpu/x86/sse.32
                0x00000000c001ea60                sseDetect
                0x00000000c001ea7b                sseSave
                0x00000000c001ea81                sseLoad
                0x00000000c001ea87                sseInit
                0x00000000c001ea97                sseClose
 *fill*         0x00000000c001ea98        0x8 
 .text          0x00000000c001eaa0       0x47 hw/fpu/x86/x87.32
                0x00000000c001eaa6                x87Detect
                0x00000000c001eac1                x87Save
                0x00000000c001eac7                x87Load
                0x00000000c001eacc                x87Init
                0x00000000c001eae6                x87Close
 *fill*         0x00000000c001eae7        0x1 
 .text          0x00000000c001eae8       0x25 /cygdrive/d/Users/Alex/Desktop/Toolchain/Output/bin/../lib/gcc/i386-banana/8.1.0/crtend.o
 .text          0x00000000c001eb0d        0x0 crtn.32
 *fill*         0x00000000c001eb0d        0x3 
 .text          0x00000000c001eb10      0x14b /cygdrive/d/Users/Alex/Desktop/Toolchain/Output/bin/../lib/gcc/i386-banana/8.1.0/libgcc.a(_divdi3.o)
                0x00000000c001eb10                __divdi3
 *fill*         0x00000000c001ec5b        0x1 
 .text          0x00000000c001ec5c      0x17e /cygdrive/d/Users/Alex/Desktop/Toolchain/Output/bin/../lib/gcc/i386-banana/8.1.0/libgcc.a(_moddi3.o)
                0x00000000c001ec5c                __moddi3
 *fill*         0x00000000c001edda        0x2 
 .text          0x00000000c001eddc       0xff /cygdrive/d/Users/Alex/Desktop/Toolchain/Output/bin/../lib/gcc/i386-banana/8.1.0/libgcc.a(_udivdi3.o)
                0x00000000c001eddc                __udivdi3
 *fill*         0x00000000c001eedb        0x1 
 .text          0x00000000c001eedc      0x11a /cygdrive/d/Users/Alex/Desktop/Toolchain/Output/bin/../lib/gcc/i386-banana/8.1.0/libgcc.a(_umoddi3.o)
                0x00000000c001eedc                __umoddi3
 *fill*         0x00000000c001eff6        0xa 
 .text          0x00000000c001f000       0x1e D:/Users/Alex/Desktop/Banana/kernel/libk/libm32.a(s_fabs.c.o)
                0x00000000c001f000                fabs
 *fill*         0x00000000c001f01e        0x2 
 .text          0x00000000c001f020        0xc D:/Users/Alex/Desktop/Banana/kernel/libk/libm32.a(s_lrint.S.o)
                0x00000000c001f020                lrint
 .text          0x00000000c001f02c        0xc D:/Users/Alex/Desktop/Banana/kernel/libk/libm32.a(s_lrintf.S.o)
                0x00000000c001f02c                lrintf
 *(.gnu.linkonce.t*)

.iplt           0x00000000c001f038        0x0
 .iplt          0x00000000c001f038        0x0 D:/Users/Alex/Desktop/Banana/kernel/boot.32

.init           0x00000000c001f038        0xf
 .init          0x00000000c001f038        0x3 crti.32
                0x00000000c001f038                _init
 .init          0x00000000c001f03b        0x5 /cygdrive/d/Users/Alex/Desktop/Toolchain/Output/bin/../lib/gcc/i386-banana/8.1.0/crtbegin.o
 .init          0x00000000c001f040        0x5 /cygdrive/d/Users/Alex/Desktop/Toolchain/Output/bin/../lib/gcc/i386-banana/8.1.0/crtend.o
 .init          0x00000000c001f045        0x2 crtn.32

.fini           0x00000000c001f047        0xa
 .fini          0x00000000c001f047        0x3 crti.32
                0x00000000c001f047                _fini
 .fini          0x00000000c001f04a        0x5 /cygdrive/d/Users/Alex/Desktop/Toolchain/Output/bin/../lib/gcc/i386-banana/8.1.0/crtbegin.o
 .fini          0x00000000c001f04f        0x2 crtn.32

.text._ZN8ComputerD2Ev
                0x00000000c001f052       0x23
 .text._ZN8ComputerD2Ev
                0x00000000c001f052       0x23 core/computer.32
                0x00000000c001f052                Computer::~Computer()
                0x00000000c001f052                Computer::~Computer()

.text._ZN8ComputerD0Ev
                0x00000000c001f076       0x2a
 .text._ZN8ComputerD0Ev
                0x00000000c001f076       0x2a core/computer.32
                0x00000000c001f076                Computer::~Computer()

.text._Z10idleCommonv
                0x00000000c001f0a0       0x15
 .text._Z10idleCommonv
                0x00000000c001f0a0       0x15 core/idle.32
                0x00000000c001f0a0                idleCommon()

.text._ZN3CPU7readCR3Ev
                0x00000000c001f0b5       0x12
 .text._ZN3CPU7readCR3Ev
                0x00000000c001f0b5       0x12 core/kheap.32
                0x00000000c001f0b5                CPU::readCR3()

.text._ZN3CPU8writeCR3Em
                0x00000000c001f0c7        0x9
 .text._ZN3CPU8writeCR3Em
                0x00000000c001f0c7        0x9 core/kheap.32
                0x00000000c001f0c7                CPU::writeCR3(unsigned long)

.text._ZN10LinkedListI8UnixFileED2Ev
                0x00000000c001f0d0        0x2
 .text._ZN10LinkedListI8UnixFileED2Ev
                0x00000000c001f0d0        0x2 core/unixfile.32
                0x00000000c001f0d0                LinkedList<UnixFile>::~LinkedList()
                0x00000000c001f0d0                LinkedList<UnixFile>::~LinkedList()

.text._ZN10LinkedListI8UnixFileEC2Ev
                0x00000000c001f0d2       0x58
 .text._ZN10LinkedListI8UnixFileEC2Ev
                0x00000000c001f0d2       0x58 core/unixfile.32
                0x00000000c001f0d2                LinkedList<UnixFile>::LinkedList()
                0x00000000c001f0d2                LinkedList<UnixFile>::LinkedList()

.text._ZN10LinkedListI8UnixFileE10addElementEPS0_
                0x00000000c001f12a       0xd3
 .text._ZN10LinkedListI8UnixFileE10addElementEPS0_
                0x00000000c001f12a       0xd3 core/unixfile.32
                0x00000000c001f12a                LinkedList<UnixFile>::addElement(UnixFile*)

.text._ZN10LinkedListI8UnixFileE15getFirstElementEv
                0x00000000c001f1fe        0x7
 .text._ZN10LinkedListI8UnixFileE15getFirstElementEv
                0x00000000c001f1fe        0x7 core/unixfile.32
                0x00000000c001f1fe                LinkedList<UnixFile>::getFirstElement()

.text._ZN10LinkedListI8UnixFileE11removeFirstEv
                0x00000000c001f206       0xa1
 .text._ZN10LinkedListI8UnixFileE11removeFirstEv
                0x00000000c001f206       0xa1 core/unixfile.32
                0x00000000c001f206                LinkedList<UnixFile>::removeFirst()

.text._ZN10LinkedListI8UnixFileE7getNextEPS0_
                0x00000000c001f2a8        0x8
 .text._ZN10LinkedListI8UnixFileE7getNextEPS0_
                0x00000000c001f2a8        0x8 core/unixfile.32
                0x00000000c001f2a8                LinkedList<UnixFile>::getNext(UnixFile*)

.text._ZN16DriverlessDeviceD2Ev
                0x00000000c001f2b0       0x1a
 .text._ZN16DriverlessDeviceD2Ev
                0x00000000c001f2b0       0x1a hal/device.32
                0x00000000c001f2b0                DriverlessDevice::~DriverlessDevice()
                0x00000000c001f2b0                DriverlessDevice::~DriverlessDevice()

.text._ZN16DriverlessDeviceD0Ev
                0x00000000c001f2ca       0x2a
 .text._ZN16DriverlessDeviceD0Ev
                0x00000000c001f2ca       0x2a hal/device.32
                0x00000000c001f2ca                DriverlessDevice::~DriverlessDevice()

.text._ZN10LinkedListI6DeviceE10addElementEPS0_
                0x00000000c001f2f4       0xdc
 .text._ZN10LinkedListI6DeviceE10addElementEPS0_
                0x00000000c001f2f4       0xdc hal/device.32
                0x00000000c001f2f4                LinkedList<Device>::addElement(Device*)

.text._ZN10LinkedListI6DeviceEC2Ev
                0x00000000c001f3d0       0x58
 .text._ZN10LinkedListI6DeviceEC2Ev
                0x00000000c001f3d0       0x58 hal/device.32
                0x00000000c001f3d0                LinkedList<Device>::LinkedList()
                0x00000000c001f3d0                LinkedList<Device>::LinkedList()

.text._ZN3CPU7readCR0Ev
                0x00000000c001f428       0x12
 .text._ZN3CPU7readCR0Ev
                0x00000000c001f428       0x12 hal/fpu.32
                0x00000000c001f428                CPU::readCR0()

.text._ZN3CPU8writeCR0Em
                0x00000000c001f43a        0x9
 .text._ZN3CPU8writeCR0Em
                0x00000000c001f43a        0x9 hal/fpu.32
                0x00000000c001f43a                CPU::writeCR0(unsigned long)

.text._ZN3CPU7readDR0Ev
                0x00000000c001f443       0x12
 .text._ZN3CPU7readDR0Ev
                0x00000000c001f443       0x12 hal/intctrl.32
                0x00000000c001f443                CPU::readDR0()

.text._ZN3CPU7readDR1Ev
                0x00000000c001f455       0x12
 .text._ZN3CPU7readDR1Ev
                0x00000000c001f455       0x12 hal/intctrl.32
                0x00000000c001f455                CPU::readDR1()

.text._ZN3CPU7readDR2Ev
                0x00000000c001f467       0x12
 .text._ZN3CPU7readDR2Ev
                0x00000000c001f467       0x12 hal/intctrl.32
                0x00000000c001f467                CPU::readDR2()

.text._ZN3CPU7readDR3Ev
                0x00000000c001f479       0x12
 .text._ZN3CPU7readDR3Ev
                0x00000000c001f479       0x12 hal/intctrl.32
                0x00000000c001f479                CPU::readDR3()

.text._ZN3CPU7readDR6Ev
                0x00000000c001f48b       0x12
 .text._ZN3CPU7readDR6Ev
                0x00000000c001f48b       0x12 hal/intctrl.32
                0x00000000c001f48b                CPU::readDR6()

.text._ZN3CPU7readDR7Ev
                0x00000000c001f49d       0x12
 .text._ZN3CPU7readDR7Ev
                0x00000000c001f49d       0x12 hal/intctrl.32
                0x00000000c001f49d                CPU::readDR7()

.text._ZN10LinkedListIV18ThreadControlBlockE15getFirstElementEv
                0x00000000c001f4b0        0x7
 .text._ZN10LinkedListIV18ThreadControlBlockE15getFirstElementEv
                0x00000000c001f4b0        0x7 hal/timer.32
                0x00000000c001f4b0                LinkedList<ThreadControlBlock volatile>::getFirstElement()

.text._ZN10LinkedListIV18ThreadControlBlockE7isEmptyEv
                0x00000000c001f4b8       0x1c
 .text._ZN10LinkedListIV18ThreadControlBlockE7isEmptyEv
                0x00000000c001f4b8       0x1c hal/timer.32
                0x00000000c001f4b8                LinkedList<ThreadControlBlock volatile>::isEmpty()

.text._ZN10LinkedListIV18ThreadControlBlockE11removeFirstEv
                0x00000000c001f4d4       0xae
 .text._ZN10LinkedListIV18ThreadControlBlockE11removeFirstEv
                0x00000000c001f4d4       0xae hal/timer.32
                0x00000000c001f4d4                LinkedList<ThreadControlBlock volatile>::removeFirst()

.text._ZN10LinkedListIV18ThreadControlBlockE10addElementEPS1_
                0x00000000c001f582       0xd3
 .text._ZN10LinkedListIV18ThreadControlBlockE10addElementEPS1_
                0x00000000c001f582       0xd3 hal/timer.32
                0x00000000c001f582                LinkedList<ThreadControlBlock volatile>::addElement(ThreadControlBlock volatile*)

.text._ZN4ACPID2Ev
                0x00000000c001f656       0x23
 .text._ZN4ACPID2Ev
                0x00000000c001f656       0x23 hw/acpi.32
                0x00000000c001f656                ACPI::~ACPI()
                0x00000000c001f656                ACPI::~ACPI()

.text._ZN4ACPID0Ev
                0x00000000c001f67a       0x2a
 .text._ZN4ACPID0Ev
                0x00000000c001f67a       0x2a hw/acpi.32
                0x00000000c001f67a                ACPI::~ACPI()

.text._ZN3CPUD2Ev
                0x00000000c001f6a4       0x23
 .text._ZN3CPUD2Ev
                0x00000000c001f6a4       0x23 hw/cpu.32
                0x00000000c001f6a4                CPU::~CPU()
                0x00000000c001f6a4                CPU::~CPU()

.text._ZN3CPUD0Ev
                0x00000000c001f6c8       0x2a
 .text._ZN3CPUD0Ev
                0x00000000c001f6c8       0x2a hw/cpu.32
                0x00000000c001f6c8                CPU::~CPU()

.text._ZN3CPU7readCR4Ev
                0x00000000c001f6f2       0x12
 .text._ZN3CPU7readCR4Ev
                0x00000000c001f6f2       0x12 hw/cpu.32
                0x00000000c001f6f2                CPU::readCR4()

.text._ZN3CPU8writeDR7Em
                0x00000000c001f704        0x9
 .text._ZN3CPU8writeDR7Em
                0x00000000c001f704        0x9 hw/cpu.32
                0x00000000c001f704                CPU::writeDR7(unsigned long)

.text._ZN3CPU8writeCR4Em
                0x00000000c001f70d        0x9
 .text._ZN3CPU8writeCR4Em
                0x00000000c001f70d        0x9 hw/cpu.32
                0x00000000c001f70d                CPU::writeCR4(unsigned long)

.text._ZN3CPU7readCR2Ev
                0x00000000c001f716       0x12
 .text._ZN3CPU7readCR2Ev
                0x00000000c001f716       0x12 krnl/panic.32
                0x00000000c001f716                CPU::readCR2()

.text._ZN10LinkedListIV18ThreadControlBlockED2Ev
                0x00000000c001f728        0x2
 .text._ZN10LinkedListIV18ThreadControlBlockED2Ev
                0x00000000c001f728        0x2 thr/prcssthr.32
                0x00000000c001f728                LinkedList<ThreadControlBlock volatile>::~LinkedList()
                0x00000000c001f728                LinkedList<ThreadControlBlock volatile>::~LinkedList()

.text._ZN18ThreadControlBlockC2Ev
                0x00000000c001f72a       0x3e
 .text._ZN18ThreadControlBlockC2Ev
                0x00000000c001f72a       0x3e thr/prcssthr.32
                0x00000000c001f72a                ThreadControlBlock::ThreadControlBlock()
                0x00000000c001f72a                ThreadControlBlock::ThreadControlBlock()

.text._ZN10LinkedListIV18ThreadControlBlockEC2Ev
                0x00000000c001f768       0x58
 .text._ZN10LinkedListIV18ThreadControlBlockEC2Ev
                0x00000000c001f768       0x58 thr/prcssthr.32
                0x00000000c001f768                LinkedList<ThreadControlBlock volatile>::LinkedList()
                0x00000000c001f768                LinkedList<ThreadControlBlock volatile>::LinkedList()

.text._ZN10LinkedListIV18ThreadControlBlockE7getNextEPS1_
                0x00000000c001f7c0        0x8
 .text._ZN10LinkedListIV18ThreadControlBlockE7getNextEPS1_
                0x00000000c001f7c0        0x8 thr/prcssthr.32
                0x00000000c001f7c0                LinkedList<ThreadControlBlock volatile>::getNext(ThreadControlBlock volatile*)

.text._ZN3PCID2Ev
                0x00000000c001f7c8       0x23
 .text._ZN3PCID2Ev
                0x00000000c001f7c8       0x23 hw/bus/pci.32
                0x00000000c001f7c8                PCI::~PCI()
                0x00000000c001f7c8                PCI::~PCI()

.text._ZN3PCID0Ev