Archive member included to satisfy reference by file (symbol)

/cygdrive/d/Users/Alex/Desktop/Toolchain/Output/bin/../lib/gcc/i386-banana/8.1.0/libkgcc.a(_divdi3.o)
                              fs/fat/ff.32 (__divdi3)
/cygdrive/d/Users/Alex/Desktop/Toolchain/Output/bin/../lib/gcc/i386-banana/8.1.0/libkgcc.a(_moddi3.o)
                              compat/resolve.32 (__moddi3)
/cygdrive/d/Users/Alex/Desktop/Toolchain/Output/bin/../lib/gcc/i386-banana/8.1.0/libkgcc.a(_udivdi3.o)
                              fs/fat/ff.32 (__udivdi3)
/cygdrive/d/Users/Alex/Desktop/Toolchain/Output/bin/../lib/gcc/i386-banana/8.1.0/libkgcc.a(_umoddi3.o)
                              compat/resolve.32 (__umoddi3)
D:/Users/Alex/Desktop/Banana/kernel/libsoftfp.a(sfieeelib.o)
                              hal/sound/sndhw.32 (__addsf3)
D:/Users/Alex/Desktop/Banana/kernel/libsoftfp.a(dfieeelib.o)
                              hal/libresample/src_linear.32 (__adddf3)
D:/Users/Alex/Desktop/Banana/kernel/libsoftfp.a(sfdfcvt.o)
                              hal/libresample/samplerate.32 (__truncdfsf2)
D:/Users/Alex/Desktop/Banana/kernel/libk/libm32.a(s_fabs.c.o)
                              hal/libresample/samplerate.32 (fabs)
D:/Users/Alex/Desktop/Banana/kernel/libk/libm32.a(s_lrint.S.o)
                              hal/libresample/samplerate.32 (lrint)
D:/Users/Alex/Desktop/Banana/kernel/libk/libm32.a(s_lrintf.S.o)
                              hal/sound/sndhw.32 (lrintf)

Discarded input sections

 .comment       0x0000000000000000       0x12 /cygdrive/d/Users/Alex/Desktop/Toolchain/Output/bin/../lib/gcc/i386-banana/8.1.0/crtbegin.o
 .comment       0x0000000000000000       0x12 acpica/utclib.32
 .comment       0x0000000000000000       0x12 core/malloc.32
 .comment       0x0000000000000000       0x12 libk/string.32
 .comment       0x0000000000000000       0x12 fs/fat/diskio.32
 .comment       0x0000000000000000       0x12 fs/fat/ff.32
 .comment       0x0000000000000000       0x12 fs/fat/ffsystem.32
 .comment       0x0000000000000000       0x12 fs/fat/ffunicode.32
 .comment       0x0000000000000000       0x12 hal/libresample/samplerate.32
 .comment       0x0000000000000000       0x12 hal/libresample/src_linear.32
 .comment       0x0000000000000000       0x12 hal/libresample/src_sinc.32
 .comment       0x0000000000000000       0x12 hal/libresample/src_zoh.32
 .comment       0x0000000000000000       0x12 compat/inlines.32
 .comment       0x0000000000000000       0x12 compat/resolve.32
 .group         0x0000000000000000       0x14 core/computer.32
 .group         0x0000000000000000        0xc core/computer.32
 .comment       0x0000000000000000       0x12 core/computer.32
 .comment       0x0000000000000000       0x12 core/gdt.32
 .group         0x0000000000000000        0xc core/idle.32
 .comment       0x0000000000000000       0x12 core/idle.32
 .comment       0x0000000000000000       0x12 core/idt.32
 .comment       0x0000000000000000       0x12 core/kheap.32
 .comment       0x0000000000000000       0x12 core/main.32
 .comment       0x0000000000000000       0x12 core/physmgr.32
 .group         0x0000000000000000        0xc core/pipe.32
 .comment       0x0000000000000000       0x12 core/pipe.32
 .group         0x0000000000000000        0xc core/terminal.32
 .comment       0x0000000000000000       0x12 core/terminal.32
 .comment       0x0000000000000000       0x12 core/tss.32
 .group         0x0000000000000000        0x8 core/unixfile.32
 .group         0x0000000000000000        0xc core/unixfile.32
 .group         0x0000000000000000        0xc core/unixfile.32
 .group         0x0000000000000000        0x8 core/unixfile.32
 .group         0x0000000000000000        0xc core/unixfile.32
 .group         0x0000000000000000        0x8 core/unixfile.32
 .group         0x0000000000000000        0xc core/unixfile.32
 .group         0x0000000000000000        0xc core/unixfile.32
 .comment       0x0000000000000000       0x12 core/unixfile.32
 .comment       0x0000000000000000       0x12 core/virtmgr.32
 .comment       0x0000000000000000       0x12 coreobjs/c++.32
 .comment       0x0000000000000000       0x12 dbg/kconsole.32
 .group         0x0000000000000000        0xc fs/vfs.32
 .group         0x0000000000000000        0xc fs/vfs.32
 .group         0x0000000000000000        0xc fs/vfs.32
 .comment       0x0000000000000000       0x12 fs/vfs.32
 .group         0x0000000000000000        0xc hal/bus.32
 .comment       0x0000000000000000       0x12 hal/bus.32
 .group         0x0000000000000000        0xc hal/buzzer.32
 .comment       0x0000000000000000       0x12 hal/buzzer.32
 .group         0x0000000000000000        0xc hal/clock.32
 .comment       0x0000000000000000       0x12 hal/clock.32
 .group         0x0000000000000000       0x14 hal/device.32
 .group         0x0000000000000000        0xc hal/device.32
 .group         0x0000000000000000        0xc hal/device.32
 .group         0x0000000000000000        0xc hal/device.32
[...]
Memory Configuration

Name             Origin             Length             Attributes
*default*        0x0000000000000000 0xffffffffffffffff

Linker script and memory map

LOAD D:/Users/Alex/Desktop/Banana/kernel/boot.32
LOAD crti.32
LOAD /cygdrive/d/Users/Alex/Desktop/Toolchain/Output/bin/../lib/gcc/i386-banana/8.1.0/crtbegin.o
LOAD D:/Users/Alex/Desktop/Banana/kernel/morenasm.32
LOAD acpica/utclib.32
LOAD core/malloc.32
LOAD libk/string.32
LOAD fs/fat/diskio.32
LOAD fs/fat/ff.32
LOAD fs/fat/ffsystem.32
LOAD fs/fat/ffunicode.32
LOAD hal/libresample/samplerate.32
LOAD hal/libresample/src_linear.32
LOAD hal/libresample/src_sinc.32
LOAD hal/libresample/src_zoh.32
LOAD compat/inlines.32
LOAD compat/resolve.32
LOAD core/computer.32
LOAD core/gdt.32
LOAD core/idle.32
LOAD core/idt.32
LOAD core/kheap.32
LOAD core/main.32
LOAD core/physmgr.32
LOAD core/pipe.32
LOAD core/terminal.32
LOAD core/tss.32
LOAD core/unixfile.32
LOAD core/virtmgr.32
LOAD coreobjs/c++.32
LOAD dbg/kconsole.32
LOAD fs/vfs.32
LOAD hal/bus.32
LOAD hal/buzzer.32
LOAD hal/clock.32
LOAD hal/device.32
LOAD hal/diskctrl.32
LOAD hal/diskphys.32
LOAD hal/fpu.32
LOAD hal/intctrl.32
LOAD hal/keybrd.32
LOAD hal/logidisk.32
LOAD hal/mouse.32
LOAD hal/partition.32
LOAD hal/serial.32
LOAD hal/timer.32
LOAD hal/vcache.32
LOAD hal/video.32
LOAD hw/acpi.32
LOAD hw/cpu.32
LOAD hw/ports.32
LOAD hw/smp.32
LOAD krnl/env.32
LOAD krnl/panic.32
LOAD net/ethernet.32
LOAD reg/registry.32
LOAD sys/sc_eject.32
LOAD sys/sc_exit.32
LOAD sys/sc_getcwd.32
LOAD sys/sc_getpid.32
LOAD sys/sc_getramdata.32
LOAD sys/sc_getvgaptr.32
LOAD sys/sc_loaddll.32
LOAD sys/sc_read.32
LOAD sys/sc_sbrk.32
LOAD sys/sc_setcwd.32
LOAD sys/sc_settime.32
LOAD sys/sc_timezone.32
LOAD sys/sc_write.32
LOAD sys/sc_wsbe.32
LOAD sys/sc_yield.32
LOAD sys/syscalls.32
LOAD thr/elf.32
LOAD thr/prcssthr.32
LOAD vm86/vm8086.32
LOAD vm86/x87em.32
LOAD fs/fat/vfslink.32
LOAD fs/iso9660/vfslink.32
LOAD hal/sound/sndchannel.32
LOAD hal/sound/sndhw.32
LOAD hw/bus/isa.32
LOAD hw/bus/pci.32
LOAD hw/diskctrl/ide.32
LOAD hw/diskctrl/satabus.32
LOAD hw/diskphys/ata.32
LOAD hw/diskphys/atapi.32
LOAD hw/diskphys/sata.32
LOAD hw/diskphys/satapi.32
LOAD hw/fpu/avx.32
LOAD hw/fpu/mmx.32
LOAD hw/fpu/sse.32
LOAD hw/fpu/x87.32
LOAD hw/intctrl/apic.32
LOAD hw/intctrl/pic.32
LOAD hw/timer/apictimer.32
LOAD hw/timer/pit.32
LOAD hw/fpu/x86/avx.32
LOAD hw/fpu/x86/sse.32
LOAD hw/fpu/x86/x87.32
LOAD /cygdrive/d/Users/Alex/Desktop/Toolchain/Output/bin/../lib/gcc/i386-banana/8.1.0/crtend.o
LOAD crtn.32
LOAD /cygdrive/d/Users/Alex/Desktop/Toolchain/Output/bin/../lib/gcc/i386-banana/8.1.0/libkgcc.a
LOAD D:/Users/Alex/Desktop/Banana/kernel/libsoftfp.a
LOAD D:/Users/Alex/Desktop/Banana/kernel/libk/libm32.a
                0x00000000c0000000                . = 0xc0000000

.text           0x00000000c0000000    0x29288
 *(.text)
 .text          0x00000000c0000000       0x41 D:/Users/Alex/Desktop/Banana/kernel/boot.32
                0x00000000c0000020                callGlobalConstructors
 .text          0x00000000c0000041        0x0 crti.32
 *fill*         0x00000000c0000041        0x3 
 .text          0x00000000c0000044      0x101 /cygdrive/d/Users/Alex/Desktop/Toolchain/Output/bin/../lib/gcc/i386-banana/8.1.0/crtbegin.o
 *fill*         0x00000000c0000145        0xb 
 .text          0x00000000c0000150      0x518 D:/Users/Alex/Desktop/Banana/kernel/morenasm.32
                0x00000000c0000150                manualPCIProbe
                0x00000000c000019b                prepareTramp
                0x00000000c00001b4                voodooXADD
                0x00000000c000027f                doTPAUSE
                0x00000000c0000289                hasLegacyFPU
                0x00000000c00002ae                is486
                0x00000000c00002e4                detectCPUID
                0x00000000c00002fa                goToVM86
                0x00000000c000032a                goToUsermode
                0x00000000c0000354                switchToThreadASMFirstTime
                0x00000000c0000362                switchToThreadASM
                0x00000000c00003f2                asmQuickAcquireLock
                0x00000000c0000410                asmQuickReleaseLock
                0x00000000c000041c                asmAcquireLock
                0x00000000c000043d                asmReleaseLock
                0x00000000c0000450                loadGDT
                0x00000000c0000470                isr0
                0x00000000c0000480                isr1
                0x00000000c000048a                isr2
                0x00000000c0000494                isr3
                0x00000000c000049e                isr4
                0x00000000c00004a8                isr5
                0x00000000c00004b2                isr6
                0x00000000c00004bc                isr7
                0x00000000c00004c6                isr8
                0x00000000c00004ce                isr9
                0x00000000c00004d8                isr10
                0x00000000c00004e0                isr11
                0x00000000c00004e8                isr12
                0x00000000c00004f0                isr13
                0x00000000c00004f8                isr14
                0x00000000c0000500                isr15
                0x00000000c000050a                isr16
                0x00000000c0000514                isr17
                0x00000000c000051e                isr18
                0x00000000c0000528                irq3
                0x00000000c0000532                irq4
                0x00000000c000053c                irq5
                0x00000000c0000546                irq6
                0x00000000c0000550                irq7
                0x00000000c000055a                irq8
                0x00000000c0000564                irq9
                0x00000000c000056e                irq10
                0x00000000c0000578                irq11
                0x00000000c0000582                irq12
                0x00000000c000058c                irq13
                0x00000000c0000596                irq14
                0x00000000c00005a0                irq15
                0x00000000c00005aa                irq1
                0x00000000c00005b1                irq2
                0x00000000c00005b8                isr96
                0x00000000c00005bf                irq0
                0x00000000c00005c4                int_common_stub
                0x00000000c00005c4                syscall_common_stub
                0x00000000c00005f6                irq16
                0x00000000c0000600                irq17
                0x00000000c000060a                irq18
                0x00000000c0000614                irq19
                0x00000000c000061e                irq20
                0x00000000c0000628                irq21
                0x00000000c0000632                irq22
                0x00000000c000063c                irq23
                0x00000000c0000646                hexStrToInt
                0x00000000c0000663                memcpy
 .text          0x00000000c0000668      0x5dd acpica/utclib.32
                0x00000000c0000668                memcmp
                0x00000000c00006a4                memmove
                0x00000000c000076c                memset
                0x00000000c0000788                strlen
                0x00000000c00007a0                strpbrk
                0x00000000c00007dc                strtok
                0x00000000c0000828                strcpy
                0x00000000c000084c                strncpy
                0x00000000c00008b4                strcmp
                0x00000000c00008f4                strchr
                0x00000000c0000918                strncmp
                0x00000000c0000968                strcat
                0x00000000c0000998                strncat
                0x00000000c00009d4                strstr
                0x00000000c0000a1c                toupper
                0x00000000c0000a30                tolower
                0x00000000c0000a44                simple_strtoul
 .text          0x00000000c0000c45      0xfad core/malloc.32
                0x00000000c0000db0                dlfree
                0x00000000c000110b                dlmalloc
                0x00000000c0001648                dlrealloc
                0x00000000c00017eb                dlmemalign
                0x00000000c000190e                dlcalloc
                0x00000000c00019a8                dlcfree
                0x00000000c00019ad                dlindependent_calloc
                0x00000000c00019d2                dlindependent_comalloc
                0x00000000c00019e9                dlvalloc
                0x00000000c0001a14                dlpvalloc
                0x00000000c0001a4a                dlmalloc_trim
                0x00000000c0001a57                dlmalloc_usable_size
                0x00000000c0001a88                dlmallinfo
                0x00000000c0001b57                dlmalloc_stats
                0x00000000c0001b68                dlmallopt
 .text          0x00000000c0001bf2        0x0 libk/string.32
 .text          0x00000000c0001bf2       0x51 fs/fat/diskio.32
                0x00000000c0001bf2                disk_status
                0x00000000c0001bf5                disk_initialize
                0x00000000c0001bf8                disk_read
                0x00000000c0001c0e                disk_write
                0x00000000c0001c24                disk_ioctl
 .text          0x00000000c0001c43     0x6833 fs/fat/ff.32
                0x00000000c0004f11                f_mount
                0x00000000c0004f73                f_open
                0x00000000c00053af                f_read
                0x00000000c000562f                f_write
                0x00000000c00058e9                f_sync
                0x00000000c0005ac5                f_close
                0x00000000c0005af4                f_lseek
                0x00000000c0005fab                f_opendir
                0x00000000c00060ad                f_closedir
                0x00000000c00060cf                f_readdir
                0x00000000c000616a                f_stat
                0x00000000c00061f9                f_getfree
                0x00000000c00063c4                f_truncate
                0x00000000c00064bc                f_unlink
                0x00000000c000663f                f_mkdir
                0x00000000c000686b                f_rename
                0x00000000c0006b5e                f_chmod
                0x00000000c0006c3c                f_utime
                0x00000000c0006d1a                f_getlabel
                0x00000000c0006f08                f_setlabel
                0x00000000c0007175                f_forward
                0x00000000c0007353                f_mkfs
 .text          0x00000000c0008476       0x2d fs/fat/ffsystem.32
                0x00000000c0008476                ff_memalloc
                0x00000000c000848c                ff_memfree
 .text          0x00000000c00084a3      0x253 fs/fat/ffunicode.32
                0x00000000c00084a3                ff_uni2oem
                0x00000000c0008533                ff_oem2uni
                0x00000000c000859f                ff_wtoupper
 .text          0x00000000c00086f6      0x8fb hal/libresample/samplerate.32
                0x00000000c000873a                src_delete
                0x00000000c0008776                src_process
                0x00000000c000892c                src_callback_read
                0x00000000c0008aa9                src_set_ratio
                0x00000000c0008b13                src_get_channels
                0x00000000c0008b35                src_reset
                0x00000000c0008b81                src_new
                0x00000000c0008c0f                src_callback_new
                0x00000000c0008c71                src_get_name
                0x00000000c0008ca8                src_get_description
                0x00000000c0008cdf                src_get_version
                0x00000000c0008ce5                src_is_valid_ratio
                0x00000000c0008d39                src_error
                0x00000000c0008d47                src_strerror
                0x00000000c0008d5a                src_simple
                0x00000000c0008dad                src_short_to_float_array
                0x00000000c0008e12                src_float_to_short_array
                0x00000000c0008ed1                src_int_to_float_array
                0x00000000c0008f34                src_float_to_int_array
 .text          0x00000000c0008ff1      0x8cb hal/libresample/src_linear.32
                0x00000000c0009817                linear_get_name
                0x00000000c0009826                linear_get_description
                0x00000000c0009835                linear_set_converter
 .text          0x00000000c00098bc     0x447c hal/libresample/src_sinc.32
                0x00000000c000dc4f                sinc_get_name
                0x00000000c000dc62                sinc_get_description
                0x00000000c000dc75                sinc_set_converter
 .text          0x00000000c000dd38      0x77c hal/libresample/src_zoh.32
                0x00000000c000e40f                zoh_get_name
                0x00000000c000e41e                zoh_get_description
                0x00000000c000e42d                zoh_set_converter
 .text          0x00000000c000e4b4       0xa7 compat/inlines.32
                0x00000000c000e4b4                CPU::current()
                0x00000000c000e4c0                operator new(unsigned long)
                0x00000000c000e4c5                operator delete(void*)
                0x00000000c000e4ca                disableIRQs()
                0x00000000c000e4d2                enableIRQs()
                0x00000000c000e4e1                lockScheduler()
                0x00000000c000e4e9                unlockScheduler()
                0x00000000c000e4f8                lockStuff()
                0x00000000c000e506                unlockStuff()
                0x00000000c000e540                Virt::getAKernelVAS()
                0x00000000c000e546                __not_memcpy
 .text          0x00000000c000e55b      0x111 compat/resolve.32
                0x00000000c000e55b                Krnl::resolveCompatibilitySymbol(char*)
 .text          0x00000000c000e66c      0xa17 core/computer.32
                0x00000000c000e66c                Computer::close(int, int, void*)
                0x00000000c000e6b0                Krnl::firstTask()
                0x00000000c000e7a0                Computer::Computer()
                0x00000000c000e7a0                Computer::Computer()
                0x00000000c000e8fc                Computer::setBootMessage(char const*)
                0x00000000c000e8fe                Computer::detectFeatures()
                0x00000000c000eb08                Computer::displayFeatures()
                0x00000000c000ee4e                Computer::rdmsr(unsigned int)
                0x00000000c000ee7a                Computer::wrmsr(unsigned int, unsigned long long)
                0x00000000c000eeb2                Computer::nmiEnabled()
                0x00000000c000eebe                Computer::readCMOS(unsigned char)
                0x00000000c000eed8                Computer::enableNMI(bool)
                0x00000000c000eef0                Computer::open(int, int, void*)
                0x00000000c000efc6                Computer::disableNMI()
                0x00000000c000efd4                Computer::writeCMOS(unsigned char, unsigned char)
                0x00000000c000eff2                Computer::handleNMI()
                0x00000000c000f058                Computer::setDiskActivityLight(int, bool)
 *fill*         0x00000000c000f083        0x1 
 .text          0x00000000c000f084      0x1b7 core/gdt.32
                0x00000000c000f084                GDTEntry::setBase(unsigned int)
                0x00000000c000f0a0                GDTEntry::setLimit(unsigned int)
                0x00000000c000f0be                GDT::GDT()
                0x00000000c000f0be                GDT::GDT()
                0x00000000c000f0d4                GDT::addEntry(GDTEntry)
                0x00000000c000f110                GDT::getNumberOfEntries()
                0x00000000c000f118                GDT::flush()
                0x00000000c000f13a                GDT::setup()
 .text          0x00000000c000f23b       0x6b core/idle.32
                0x00000000c000f23b                idleFunction(void*)
 .text          0x00000000c000f2a6      0x45e core/idt.32
                0x00000000c000f2a6                IDTEntry::IDTEntry(bool)
                0x00000000c000f2a6                IDTEntry::IDTEntry(bool)
                0x00000000c000f314                IDTEntry::setOffset(unsigned int)
                0x00000000c000f328                IDT::IDT()
                0x00000000c000f328                IDT::IDT()
                0x00000000c000f32a                IDT::getPointerToInvalidOpcodeEntryForF00F()
                0x00000000c000f332                IDT::addEntry(IDTEntry, int)
                0x00000000c000f34c                IDT::addEntry(int, void (*)(), bool)
                0x00000000c000f384                IDT::flush()
                0x00000000c000f39e                IDT::setup()
 .text          0x00000000c000f704      0x1fe core/kheap.32
                0x00000000c000f704                sbrk
                0x00000000c000f811                mmap
                0x00000000c000f827                munmap
                0x00000000c000f83d                liballoc_lock()
                0x00000000c000f84a                liballoc_unlock()
                0x00000000c000f85e                liballoc_alloc(int)
                0x00000000c000f879                liballoc_free(void*, int)
                0x00000000c000f894                realloc
                0x00000000c000f8a8                malloc
                0x00000000c000f8b8                free
                0x00000000c000f8c8                rfree
                0x00000000c000f8d8                calloc
 .text          0x00000000c000f902      0x44f core/main.32
                0x00000000c000f902                hwTextMode_loadInData(VgaText*)
                0x00000000c000f947                hwTextMode_loadInTitle(VgaText*, char*)
                0x00000000c000f9b3                hwTextMode_showCursor(VgaText*, bool)
                0x00000000c000fa0e                hwTextMode_update(VgaText*)
                0x00000000c000fa0f                hwTextMode_updateCursor(VgaText*)
                0x00000000c000fa57                hwTextMode_disableBlink(VgaText*, bool)
                0x00000000c000fa9d                hwTextMode_scrollScreen(VgaText*)
                0x00000000c000fb3e                hwTextMode_writeCharacter(VgaText*, char, VgaColour, VgaColour, int, int)
                0x00000000c000fbbd                setupTextMode()
                0x00000000c000fc2d                kernel_main
 .text          0x00000000c000fd51      0x56c core/physmgr.32
                0x00000000c000fd51                Phys::allocateDMA(unsigned long)
                0x00000000c000fdf4                Phys::freeDMA(unsigned long, unsigned long)
                0x00000000c000fe3c                Phys::setPageState(unsigned long, bool)
                0x00000000c000fe6e                Phys::getPageState(unsigned long)
                0x00000000c000fe8a                Phys::freePage(unsigned long)
                0x00000000c000ff14                Phys::allocatePage()
                0x00000000c000fff9                Phys::allocateContiguousPages(int)
                0x00000000c0010055                Phys::allowSegmentToBeUsed(unsigned long, unsigned long)
                0x00000000c001008d                Phys::physicalMemorySetup(unsigned int)
 *fill*         0x00000000c00102bd        0x1 
 .text          0x00000000c00102be      0x273 core/pipe.32
                0x00000000c00102be                Pipe::isAtty()
                0x00000000c00102c2                Pipe::~Pipe()
                0x00000000c00102c2                Pipe::~Pipe()
                0x00000000c00102e6                Pipe::~Pipe()
                0x00000000c001030e                Pipe::read(unsigned long long, void*, int*)
                0x00000000c001040a                Pipe::write(unsigned long long, void*, int*)
                0x00000000c00104ca                Pipe::Pipe(int)
                0x00000000c00104ca                Pipe::Pipe(int)
 *fill*         0x00000000c0010531        0x1 
 .text          0x00000000c0010532      0xe4b core/terminal.32
                0x00000000c0010532                VgaText::isAtty()
                0x00000000c0010536                VgaText::~VgaText()
                0x00000000c0010536                VgaText::~VgaText()
                0x00000000c001055a                VgaText::~VgaText()
                0x00000000c0010584                VgaText::read(unsigned long long, void*, int*)
                0x00000000c00105a4                setTerminalScrollLock(bool)
                0x00000000c00105a5                addToTerminalCycle(VgaText*)
                0x00000000c00105c6                installVgaTextImplementation()
                0x00000000c00105db                scrollTerminalScrollLock(int)
                0x00000000c00105dc                VgaText::load()
                0x00000000c001062a                VgaText::updateCursor()
                0x00000000c0010640                VgaText::showCursor(bool)
                0x00000000c001064c                VgaText::disableBlink(bool)
                0x00000000c0010680                VgaText::doANSI_SGR(int)
                0x00000000c00106f4                VgaText::setDefaultBgColour(VgaColour)
                0x00000000c0010704                VgaText::setDefaultFgColour(VgaColour)
                0x00000000c0010714                VgaText::setDefaultColours(VgaColour, VgaColour)
                0x00000000c0010734                VgaText::combineColours(unsigned char, unsigned char)
                0x00000000c0010746                VgaText::scrollScreen()
                0x00000000c00107da                VgaText::combineCharAndColour(char, unsigned char)
                0x00000000c00107ec                VgaText::writeCharacter(char, VgaColour, VgaColour, int, int)
                0x00000000c0010848                VgaText::getCursorX()
                0x00000000c0010850                VgaText::getCursorY()
                0x00000000c0010858                VgaText::setCursor(int, int)
                0x00000000c0010870                VgaText::setCursorX(int)
                0x00000000c0010888                VgaText::setCursorY(int)
                0x00000000c00108a0                VgaText::incrementCursor(bool)
                0x00000000c00108f4                VgaText::updateRAMUsageDisplay(int)
                0x00000000c0010958                VgaText::updateDiskUsage()
                0x00000000c0010ac2                VgaText::updateTitle()
                0x00000000c0010b06                VgaText::setTitleTextColour(VgaColour)
                0x00000000c0010b14                VgaText::setTitleColour(VgaColour)
                0x00000000c0010b22                VgaText::setTitle(char*)
                0x00000000c0010b48                VgaText::decrementCursor(bool)
                0x00000000c0010b6a                VgaText::putchar(char, VgaColour, VgaColour)
                0x00000000c0010c42                VgaText::isShowingCursor()
                0x00000000c0010c4a                VgaText::isBlinkDisabled()
                0x00000000c0010c56                VgaText::setCursorHeight(int)
                0x00000000c0010c6e                VgaText::getCursorHeight()
                0x00000000c0010c76                setActiveTerminal(VgaText*)
                0x00000000c0010d1c                doTerminalCycle()
                0x00000000c0010d36                VgaText::doUpdate()
                0x00000000c0010d44                VgaText::puts(char const*, VgaColour, VgaColour)
                0x00000000c0010ebc                VgaText::clearScreen()
                0x00000000c0010f16                VgaText::putchar(char)
                0x00000000c0011002                VgaText::puts(char const*)
                0x00000000c0011028                VgaText::putx(unsigned int)
                0x00000000c001106e                VgaText::VgaText(char const*)
                0x00000000c001106e                VgaText::VgaText(char const*)
                0x00000000c001121c                VgaText::receiveKey(unsigned char)
                0x00000000c0011304                VgaText::write(unsigned long long, void*, int*)
                0x00000000c0011358                newTerminal(char*)
 *fill*         0x00000000c001137d        0x1 
 .text          0x00000000c001137e      0x1b3 core/tss.32
                0x00000000c001137e                TSS::TSS()
                0x00000000c001137e                TSS::TSS()
                0x00000000c001138c                TSS::setESP(unsigned long)
                0x00000000c001139e                TSS::flush()
                0x00000000c00113be                TSS::setup(unsigned long, unsigned long)
 *fill*         0x00000000c0011531        0x1 
 .text          0x00000000c0011532      0x4c2 core/unixfile.32
                0x00000000c0011532                ReservedFilename::read(unsigned long long, void*, int*)
                0x00000000c0011588                ReservedFilename::isAtty()
                0x00000000c00115a4                ReservedFilename::write(unsigned long long, void*, int*)
                0x00000000c0011602                UnixFile::getFileDescriptor()
                0x00000000c001160a                UnixFile::UnixFile(int)
                0x00000000c001160a                UnixFile::UnixFile(int)
                0x00000000c00117ba                ReservedFilename::ReservedFilename(int)
                0x00000000c00117ba                ReservedFilename::ReservedFilename(int)
                0x00000000c00117ec                UnixFile::~UnixFile()
                0x00000000c00117ec                UnixFile::~UnixFile()
                0x00000000c0011884                UnixFile::~UnixFile()
                0x00000000c00118ac                ReservedFilename::~ReservedFilename()
                0x00000000c00118ac                ReservedFilename::~ReservedFilename()
                0x00000000c00118d0                ReservedFilename::~ReservedFilename()
                0x00000000c00118f7                getFromFileDescriptor(int)
 .text          0x00000000c00119f4     0x12f9 core/virtmgr.32
                0x00000000c00119f4                Virt::setPageState(unsigned long, Virt::VirtPageState)
                0x00000000c0011a29                Virt::getPageState(unsigned long)
                0x00000000c0011a4d                Virt::allocateKernelVirtualPages(int)
                0x00000000c0011b5e                Virt::freeSwapfilePage(unsigned long)
                0x00000000c0011b7c                Virt::swapIDToSector(unsigned long)
                0x00000000c0011b8e                Virt::allocateSwapfilePage()
                0x00000000c0011c0c                Virt::virtualMemorySetup()
                0x00000000c0011c8b                Virt::swappingSetup()
                0x00000000c0011c8c                Virt::setupPageSwapping(int)
                0x00000000c0011e58                VAS::VAS()
                0x00000000c0011e58                VAS::VAS()
                0x00000000c0011e94                VAS::VAS(VAS*)
                0x00000000c0011e94                VAS::VAS(VAS*)
                0x00000000c0011ec2                VAS::getForeignPageTableEntry(bool, unsigned long)
                0x00000000c0011eee                VAS::getPageTableEntry(unsigned long)
                0x00000000c0011f0d                Virt::freeKernelVirtualPages(unsigned long)
                0x00000000c0012030                VAS::freeAllocatedPages(unsigned long)
                0x00000000c0012054                VAS::virtualToPhysical(unsigned long)
                0x00000000c001206c                VAS::reflagRange(unsigned long, int, int, int)
                0x00000000c00120ac                VAS::setToWriteCombining(unsigned long, int)
                0x00000000c00120de                VAS::mapOtherVASIn(bool, VAS*)
                0x00000000c0012108                VAS::~VAS()
                0x00000000c0012108                VAS::~VAS()
                0x00000000c0012284                VAS::mapPage(unsigned long, unsigned long, int)
                0x00000000c0012386                VAS::allocatePages(int, int)
                0x00000000c001255e                VAS::setCPUSpecific(unsigned long)
                0x00000000c001257a                VAS::mapRange(unsigned long, unsigned long, int, int)
                0x00000000c0012640                VAS::mapForeignPage(bool, VAS*, unsigned long, unsigned long, int)
                0x00000000c001272e                VAS::VAS(bool)
                0x00000000c001272e                VAS::VAS(bool)
                0x00000000c00129ae                VAS::evict(unsigned long)
                0x00000000c0012a70                VAS::tryLoadBackOffDisk(unsigned long)
                0x00000000c0012b80                VAS::scanForEviction()
                0x00000000c0012c31                mapVASFirstTime
 .text          0x00000000c0012ced       0x95 coreobjs/c++.32
                0x00000000c0012ced                __cxa_atexit
                0x00000000c0012cf0                __cxa_finalize
                0x00000000c0012cf1                __stack_chk_fail
                0x00000000c0012d5d                __cxa_pure_virtual
                0x00000000c0012d6e                operator new[](unsigned long)
                0x00000000c0012d73                operator delete(void*, unsigned long)
                0x00000000c0012d78                operator delete[](void*)
                0x00000000c0012d7d                operator delete[](void*, unsigned long)
 .text          0x00000000c0012d82      0x1ef dbg/kconsole.32
                0x00000000c0012d82                Dbg::stringifyxWithBase(unsigned int, char*, int)
                0x00000000c0012de3                Dbg::logc(char)
                0x00000000c0012dfa                Dbg::logs(char*)
                0x00000000c0012e17                Dbg::logWriteInt(unsigned int)
                0x00000000c0012e34                Dbg::logWriteIntBase(unsigned int, int)
                0x00000000c0012e53                Dbg::kprintf(char const*, ...)
 *fill*         0x00000000c0012f71        0x1 
 .text          0x00000000c0012f72      0xb82 fs/vfs.32
                0x00000000c0012f72                File::read(unsigned long long, void*, int*)
                0x00000000c0012fca                File::write(unsigned long long, void*, int*)
                0x00000000c0013022                Directory::read(unsigned long long, void*, int*)
                0x00000000c001307a                Directory::write(unsigned long long, void*, int*)
                0x00000000c00130a8                File::isAtty()
                0x00000000c00130ac                Directory::isAtty()
                0x00000000c00130b0                Filesystem::getlabel(LogicalDisk*, int, char*, unsigned int*)
                0x00000000c00130b6                Filesystem::setlabel(LogicalDisk*, int, char*)
                0x00000000c00130bc                Filesystem::getFileFirstSector(char const*)
                0x00000000c00130c2                File::~File()
                0x00000000c00130c2                File::~File()
                0x00000000c00130e6                File::~File()
                0x00000000c0013110                Directory::~Directory()
                0x00000000c0013110                Directory::~Directory()
                0x00000000c0013134                Directory::~Directory()
                0x00000000c001315e                Filesystem::Filesystem()
                0x00000000c001315e                Filesystem::Filesystem()
                0x00000000c0013182                Filesystem::~Filesystem()
                0x00000000c0013182                Filesystem::~Filesystem()
                0x00000000c0013190                Filesystem::~Filesystem()
                0x00000000c00131b4                Fs::getcwd(Process*, char*, int)
                0x00000000c00131de                Fs::initVFS()
                0x00000000c0013208                Fs::standardiseFiles(char*, char const*, char const*)
                0x00000000c00133b2                File::File(char const*, Process*)
                0x00000000c00133b2                File::File(char const*, Process*)
                0x00000000c0013416                File::open(FileOpenMode)
                0x00000000c0013474                File::close()
                0x00000000c00134d4                File::seek(unsigned long long)
                0x00000000c001352a                File::tell(unsigned long long*)
                0x00000000c001357a                File::rewind()
                0x00000000c001358e                File::unlink()
                0x00000000c00135da                File::rename(char const*)
                0x00000000c0013628                File::chfatattr(unsigned char, unsigned char)
                0x00000000c0013684                File::exists()
                0x00000000c00136c2                File::stat(unsigned long long*, bool*)
                0x00000000c0013723                Fs::setcwd(Process*, char*)
                0x00000000c001385e                Directory::Directory(char const*, Process*)
                0x00000000c001385e                Directory::Directory(char const*, Process*)
                0x00000000c00138c2                Directory::open()
                0x00000000c001391e                Directory::close()
                0x00000000c001397e                Directory::unlink()
                0x00000000c00139ca                Directory::rename(char const*)
                0x00000000c0013a18                Directory::exists()
                0x00000000c0013a56                Directory::read(dirent*)
                0x00000000c0013aa2                Directory::create()
                0x00000000c0013aee                Filesystem::chfatattr(char const*, unsigned char, unsigned char)
 .text          0x00000000c0013af4       0x84 hal/bus.32
                0x00000000c0013af4                Bus::Bus(char const*)
                0x00000000c0013af4                Bus::Bus(char const*)
                0x00000000c0013b2a                Bus::~Bus()
                0x00000000c0013b2a                Bus::~Bus()
                0x00000000c0013b4e                Bus::~Bus()
 .text          0x00000000c0013b78      0x156 hal/buzzer.32
                0x00000000c0013b78                Buzzer::Buzzer(char const*)
                0x00000000c0013b78                Buzzer::Buzzer(char const*)
                0x00000000c0013bbc                Buzzer::~Buzzer()
                0x00000000c0013bbc                Buzzer::~Buzzer()
                0x00000000c0013be0                Buzzer::~Buzzer()
                0x00000000c0013c0a                Buzzer::stop()
                0x00000000c0013c1d                beepThread(void*)
                0x00000000c0013c60                Buzzer::beep(int, int, bool)
 .text          0x00000000c0013cce      0x467 hal/clock.32
                0x00000000c0013cce                User::loadClockSettings(int)
                0x00000000c0013d20                Clock::Clock(char const*)
                0x00000000c0013d20                Clock::Clock(char const*)
                0x00000000c0013d56                Clock::~Clock()
                0x00000000c0013d56                Clock::~Clock()
                0x00000000c0013d7a                Clock::~Clock()
                0x00000000c0013da4                Clock::timeInSecondsLocal()
                0x00000000c0013dec                Clock::setTimeInSecondsLocal(unsigned long long)
                0x00000000c0013e45                datetimeToSeconds(datetime_t)
                0x00000000c0013f6c                Clock::setTimeInDatetimeLocal(datetime_t)
                0x00000000c0013fcc                secondsToDatetime(unsigned long long)
                0x00000000c0014110                Clock::timeInDatetimeLocal()
 *fill*         0x00000000c0014135        0x1 
 .text          0x00000000c0014136      0x4d8 hal/device.32
                0x00000000c0014136                Device::hibernate()
                0x00000000c0014138                Device::wake()
                0x00000000c001413a                Device::detect()
                0x00000000c001413c                Device::disableLegacy()
                0x00000000c001413e                Device::powerSaving(PowerSavingLevel)
                0x00000000c0014140                DriverlessDevice::close(int, int, void*)
                0x00000000c0014144                DriverlessDevice::detect()
                0x00000000c0014146                DriverlessDevice::open(int, int, void*)
                0x00000000c001415a                Device::~Device()
                0x00000000c001415a                Device::~Device()
                0x00000000c0014168                Device::~Device()
                0x00000000c0014190                Device::findAndLoadDriver()
                0x00000000c0014192                Device::preOpenPCI(PCIDeviceInfo)
                0x00000000c00141b8                Device::preOpenACPI(void*, char*, char*)
                0x00000000c00141f8                Device::addIRQHandler(int, void (*)(regs*, void*), bool, void*)
                0x00000000c0014236                Device::removeIRQHandler(int, void (*)(regs*, void*), bool)
                0x00000000c0014274                Device::addChild(Device*)
                0x00000000c00142b8                Device::removeAllChildren()
                0x00000000c00142fe                Device::hibernateAll()
                0x00000000c001432e                Device::wakeAll()
                0x00000000c001435e                Device::detectAll()
                0x00000000c001438e                Device::disableLegacyAll()
                0x00000000c00143be                Device::loadDriversForAll()
                0x00000000c00143ea                Device::closeAll()
                0x00000000c0014420                Device::powerSavingAll(PowerSavingLevel)
                0x00000000c0014456                Device::setName(char const*)
                0x00000000c0014464                Device::Device(char const*)
                0x00000000c0014464                Device::Device(char const*)
                0x00000000c0014560                Device::getName()
                0x00000000c001456a                DriverlessDevice::DriverlessDevice(char const*)
                0x00000000c001456a                DriverlessDevice::DriverlessDevice(char const*)
                0x00000000c00145a0                Device::addToLinkedList(LinkedList<Device>&, DeviceType)
                0x00000000c00145e4                getDevicesOfType(DeviceType)
 .text          0x00000000c001460e       0x84 hal/diskctrl.32
                0x00000000c001460e                HardDiskController::HardDiskController(char const*)
                0x00000000c001460e                HardDiskController::HardDiskController(char const*)
                0x00000000c0014644                HardDiskController::~HardDiskController()
                0x00000000c0014644                HardDiskController::~HardDiskController()
                0x00000000c0014668                HardDiskController::~HardDiskController()
 .text          0x00000000c0014692       0xf2 hal/diskphys.32
                0x00000000c0014692                PhysicalDisk::eject()
                0x00000000c00146a6                PhysicalDisk::PhysicalDisk(char const*, int)
                0x00000000c00146a6                PhysicalDisk::PhysicalDisk(char const*, int)
                0x00000000c001470e                PhysicalDisk::startCache()
                0x00000000c0014736                PhysicalDisk::~PhysicalDisk()
                0x00000000c0014736                PhysicalDisk::~PhysicalDisk()
                0x00000000c001475a                PhysicalDisk::~PhysicalDisk()
 .text          0x00000000c0014784      0x13b hal/fpu.32
                0x00000000c0014784                FPU::FPU(char const*)
                0x00000000c0014784                FPU::FPU(char const*)
                0x00000000c00147ba                FPU::~FPU()
                0x00000000c00147ba                FPU::~FPU()
                0x00000000c00147de                FPU::~FPU()
                0x00000000c0014808                setupFPU()
 *fill*         0x00000000c00148bf        0x1 
 .text          0x00000000c00148c0     0x1439 hal/intctrl.32
                0x00000000c00148c0                InterruptController::uninstallISRHandler(int, void (*)(regs*, void*))
                0x00000000c00148f8                InterruptController::installISRHandler(int, void (*)(regs*, void*), void*)
                0x00000000c001494a                doubleFault(regs*, void*)
                0x00000000c0014964                InterruptController::installIRQHandler(int, void (*)(regs*, void*), bool, void*)
                0x00000000c0014a00                InterruptController::clearAllHandlers(int, bool)
                0x00000000c0014aa8                InterruptController::uninstallIRQHandler(int, void (*)(regs*, void*), bool)
                0x00000000c0014b2f                nmiHandler(regs*, void*)
                0x00000000c0014b3d                int_handler
                0x00000000c0014bde                InterruptController::InterruptController(char const*)
                0x00000000c0014bde                InterruptController::InterruptController(char const*)
                0x00000000c0014c84                InterruptController::~InterruptController()
                0x00000000c0014c84                InterruptController::~InterruptController()
                0x00000000c0014ca8                InterruptController::~InterruptController()
                0x00000000c0014cd2                displayDebugInfo(regs*)
                0x00000000c0015161                x87EmulHandler(regs*, void*)
                0x00000000c00151d4                gpFault(regs*, void*)
                0x00000000c001520d                pgFault(regs*, void*)
                0x00000000c0015249                otherISRHandler(regs*, void*)
                0x00000000c0015268                opcodeFault(regs*, void*)
                0x00000000c0015885                displayProgramFault(char const*)
                0x00000000c00158ad                setupInterruptController()
                0x00000000c0015cac                InterruptController::convertLegacyIRQNumber(int)
 *fill*         0x00000000c0015cf9        0x1 
 .text          0x00000000c0015cfa      0x794 hal/keybrd.32
                0x00000000c0015cfa                startGUI(void*)
                0x00000000c0015d66                startGUIVESA(void*)
                0x00000000c0015dd2                sendKeyToTerminal(unsigned char)
                0x00000000c0015e90                sendKeyboardToken(KeyboardToken)
                0x00000000c00162cd                clearInternalKeybuffer(VgaText*)
                0x00000000c0016302                readKeyboard(VgaText*, char*, unsigned long)
                0x00000000c0016404                Keyboard::Keyboard(char const*)
                0x00000000c0016404                Keyboard::Keyboard(char const*)
                0x00000000c0016440                Keyboard::~Keyboard()
                0x00000000c0016440                Keyboard::~Keyboard()
                0x00000000c0016464                Keyboard::~Keyboard()
 .text          0x00000000c001648e      0x414 hal/logidisk.32
                0x00000000c001648e                LogicalDisk::close(int, int, void*)
                0x00000000c0016492                LogicalDisk::~LogicalDisk()
                0x00000000c0016492                LogicalDisk::~LogicalDisk()
                0x00000000c00164b6                LogicalDisk::~LogicalDisk()
                0x00000000c00164e0                LogicalDisk::open(int, int, void*)
                0x00000000c00164f4                LogicalDisk::absoluteToRelative(unsigned long long)
                0x00000000c001652c                LogicalDisk::relativeToAbsolute(unsigned long long)
                0x00000000c0016572                LogicalDisk::LogicalDisk(char const*, PhysicalDisk*, unsigned long long, unsigned long long)
                0x00000000c0016572                LogicalDisk::LogicalDisk(char const*, PhysicalDisk*, unsigned long long, unsigned long long)
                0x00000000c0016628                LogicalDisk::assignDriveLetter()
                0x00000000c00166de                LogicalDisk::mount()
                0x00000000c0016750                LogicalDisk::unmount()
                0x00000000c0016760                LogicalDisk::eject()
                0x00000000c0016774                LogicalDisk::unassignDriveLetter()
                0x00000000c00167ca                LogicalDisk::read(unsigned long long, int, void*)
                0x00000000c0016836                LogicalDisk::write(unsigned long long, int, void*)
 .text          0x00000000c00168a2       0x84 hal/mouse.32
                0x00000000c00168a2                Mouse::Mouse(char const*)
                0x00000000c00168a2                Mouse::Mouse(char const*)
                0x00000000c00168d8                Mouse::~Mouse()
                0x00000000c00168d8                Mouse::~Mouse()
                0x00000000c00168fc                Mouse::~Mouse()
 .text          0x00000000c0016926      0x359 hal/partition.32
                0x00000000c0016926                makePartition(PhysicalDisk*, unsigned long long, unsigned long long)
                0x00000000c00169ee                createPartitionsForDisk(PhysicalDisk*)
 *fill*         0x00000000c0016c7f        0x1 
 .text          0x00000000c0016c80       0x84 hal/serial.32
                0x00000000c0016c80                Serial::Serial(char const*)
                0x00000000c0016c80                Serial::Serial(char const*)
                0x00000000c0016cb6                Serial::~Serial()
                0x00000000c0016cb6                Serial::~Serial()
                0x00000000c0016cda                Serial::~Serial()
 .text          0x00000000c0016d04      0x2f3 hal/timer.32
                0x00000000c0016d04                Timer::Timer(char const*)
                0x00000000c0016d04                Timer::Timer(char const*)
                0x00000000c0016d3a                Timer::~Timer()
                0x00000000c0016d3a                Timer::~Timer()
                0x00000000c0016d5e                Timer::~Timer()
                0x00000000c0016d88                Timer::read()
                0x00000000c0016d93                timerHandler(unsigned long long)
                0x00000000c0016f05                setupTimer(int)
 *fill*         0x00000000c0016ff7        0x1 
 .text          0x00000000c0016ff8      0x409 hal/vcache.32
                0x00000000c0016ff8                VCache::VCache(PhysicalDisk*)
                0x00000000c0016ff8                VCache::VCache(PhysicalDisk*)
                0x00000000c0017160                VCache::invalidateReadBuffer()
                0x00000000c0017170                VCache::writeWriteBuffer()
                0x00000000c00171ac                VCache::~VCache()
                0x00000000c00171ac                VCache::~VCache()
                0x00000000c0017200                VCache::~VCache()
                0x00000000c0017228                VCache::write(unsigned long long, int, void*)
                0x00000000c0017312                VCache::read(unsigned long long, int, void*)
 *fill*         0x00000000c0017401        0x1 
 .text          0x00000000c0017402      0x4cd hal/video.32
                0x00000000c0017402                Video::putrect(int, int, int, int, unsigned int)
                0x00000000c001744e                Video::bitblit(int, int, int, int, int, int, int, unsigned int*)
                0x00000000c00174be                Video::blit(unsigned int*, int, int, int, int)
                0x00000000c001753c                Video::clearScreen(unsigned int)
                0x00000000c0017570                Video::putpixel(int, int, unsigned int)
                0x00000000c001757e                Video::Video(char const*)
                0x00000000c001757e                Video::Video(char const*)
                0x00000000c00175b4                Video::~Video()
                0x00000000c00175b4                Video::~Video()
                0x00000000c00175d8                Video::~Video()
                0x00000000c0017602                Video::isMonochrome()
                0x00000000c001760e                Video::getWidth()
                0x00000000c001761a                Video::getHeight()
                0x00000000c0017626                Video::drawCursor(int, int, unsigned char*, int)
                0x00000000c00176e2                Video::tgaParse(unsigned char*, int, int*, int*)
                0x00000000c0017864                Video::putTGA(int, int, unsigned char*, int)
 *fill*         0x00000000c00178cf        0x1 
 .text          0x00000000c00178d0     0x11ce hw/acpi.32
                0x00000000c00178d0                ACPI::close(int, int, void*)
                0x00000000c0017985                findRSDP()
                0x00000000c0017a1f                loadACPITables(unsigned char*)
                0x00000000c0017c76                findRSDT(unsigned char*)
                0x00000000c0017dc0                findDataTable(unsigned char*, char*)
                0x00000000c0017e5c                scanMADT()
                0x00000000c00182e2                ACPI::ACPI()
                0x00000000c00182e2                ACPI::ACPI()
                0x00000000c001834c                ACPI::getPCIIRQAssignment(unsigned char, unsigned short, unsigned char)
                0x00000000c001842e                ACPI::registerPCIIRQAssignment(void*, unsigned short, unsigned char, unsigned char)
                0x00000000c00184f4                ACPI::setScreenBrightnessLevel(void*, int)
                0x00000000c00184fa                ACPI::writeSimpleBootFlag(SimpleBootFlagTable*)
                0x00000000c0018542                ACPI::sleep()
                0x00000000c001855a                ACPI::open(int, int, void*)
 .text          0x00000000c0018a9e     0x1717 hw/cpu.32
                0x00000000c0018a9e                CPU::close(int, int, void*)
                0x00000000c0018aa2                CPU::lookupAMDName(unsigned char, unsigned char)
                0x00000000c0018c36                CPU::lookupIntelName(unsigned char, unsigned char)
                0x00000000c0018ee4                CPU::AMD_K6_write_msr(unsigned int, unsigned int, unsigned int, CPU::REGS*)
                0x00000000c0018f00                CPU::AMD_K6_read_msr(unsigned int, CPU::REGS*)
                0x00000000c0018f18                CPU::AMD_K6_writeback(int, int, int)
                0x00000000c0018f8c                CPU::cpuid(int, unsigned long*, unsigned long*, unsigned long*, unsigned long*)
                0x00000000c0019010                CPU::cpuidCheckEDX(unsigned int)
                0x00000000c001903e                CPU::cpuidCheckECX(unsigned int)
                0x00000000c001906c                CPU::cpuidCheckExtendedEBX(unsigned int)
                0x00000000c001909a                CPU::cpuidCheckExtendedECX(unsigned int)
                0x00000000c00190c8                CPU::CPU()
                0x00000000c00190c8                CPU::CPU()
                0x00000000c0019156                CPU::displayFeatures()
                0x00000000c00193d2                CPU::detectFeatures()
                0x00000000c0019dc4                CPU::setupSMEP()
                0x00000000c0019dd0                CPU::setupUMIP()
                0x00000000c0019dda                CPU::setupTSC()
                0x00000000c0019de4                CPU::setupLargePages()
                0x00000000c0019dee                CPU::setupPAT()
                0x00000000c0019e2a                CPU::setupMTRR()
                0x00000000c0019e2c                CPU::setupGlobalPages()
                0x00000000c0019e36                CPU::allowUsermodeDataAccess()
                0x00000000c0019e48                CPU::prohibitUsermodeDataAccess()
                0x00000000c0019e5a                CPU::setupSMAP()
                0x00000000c0019e68                CPU::setupFeatures()
                0x00000000c0019ee8                CPU::open(int, int, void*)
                0x00000000c0019fba                CPU::decodeAddress(regs*, int*, bool*, unsigned char*)
 .text          0x00000000c001a1b5        0x0 hw/ports.32
 .text          0x00000000c001a1b5      0x16a hw/smp.32
                0x00000000c001a1b5                Krnl::smpEntry()
                0x00000000c001a1b7                Krnl::startCPU(int)
                0x00000000c001a300                Krnl::startCPUs()
 *fill*         0x00000000c001a31f        0x1 
 .text          0x00000000c001a320      0x5cd krnl/env.32
                0x00000000c001a320                EnvVarContainer::getEnv(char const*)
                0x00000000c001a35e                EnvVarContainer::setEnv(char const*, char const*)
                0x00000000c001a420                EnvVarContainer::deleteEnv(char const*)
                0x00000000c001a422                EnvVarContainer::loadFrom(char const*, char const*)
                0x00000000c001a624                EnvVarContainer::__loadSystem()
                0x00000000c001a63e                EnvVarContainer::__loadUser()
                0x00000000c001a640                EnvVarContainer::EnvVarContainer(Process*)
                0x00000000c001a640                EnvVarContainer::EnvVarContainer(Process*)
                0x00000000c001a662                EnvVarContainer::~EnvVarContainer()
                0x00000000c001a662                EnvVarContainer::~EnvVarContainer()
                0x00000000c001a692                Krnl::getEnv(Process*, char const*)
                0x00000000c001a6f7                Krnl::setEnvSystem(char const*, char const*)
                0x00000000c001a711                Krnl::setEnvUser(char const*, char const*)
                0x00000000c001a730                Krnl::setEnvProcess(Process*, char const*, char const*)
                0x00000000c001a743                Krnl::deleteEnvSystem(char const*)
                0x00000000c001a744                Krnl::deleteEnvUser(char const*)
                0x00000000c001a745                Krnl::deleteEnvProcess(Process*, char const*)
                0x00000000c001a746                Krnl::newProcessEnv(Process*)
                0x00000000c001a768                Krnl::copyProcessEnv(Process*, Process*)
                0x00000000c001a7b4                Krnl::loadSystemEnv()
                0x00000000c001a7e2                Krnl::loadUserEnv()
                0x00000000c001a808                Krnl::flushEnv()
                0x00000000c001a809                Krnl::getProcessTotalEnvCount(Process*)
                0x00000000c001a829                Krnl::getProcessEnvPair(Process*, int)
 .text          0x00000000c001a8ed      0x396 krnl/panic.32
                0x00000000c001a8ed                Krnl::panic(char const*)
 .text          0x00000000c001ac83      0x57f net/ethernet.32
                0x00000000c001ac83                Net::switchEndian16(unsigned short)
                0x00000000c001aca4                Net::switchEndian32(unsigned int)
                0x00000000c001acd3                Net::crc32Calc(unsigned char*, int)
                0x00000000c001ad64                Net::wrapEthernetFrame(Net::UnwrappedEthernetFrame, unsigned char*)
                0x00000000c001af77                Net::unwrapEthernetFrame(unsigned char*, int)
 .text          0x00000000c001b202      0x50e reg/registry.32
                0x00000000c001b202                Reg::findLineFromLoadedData(char*, char*, char*)
                0x00000000c001b35a                Reg::getLineFromRegistry(char*, char*, char*, char*)
                0x00000000c001b4af                Reg::getLine(char*, char*, char*)
                0x00000000c001b4e6                Reg::readInt(char*, char*, int*)
                0x00000000c001b5d1                Reg::readString(char*, char*, char*, int)
                0x00000000c001b652                Reg::readBool(char*, char*, bool*)
                0x00000000c001b677                Reg::readBoolWithDefault(char*, char*, bool)
                0x00000000c001b6a3                Reg::readIntWithDefault(char*, char*, int)
                0x00000000c001b6cf                Reg::readStringWithDefault(char*, char*, char*, int, char*)
 .text          0x00000000c001b710       0x36 sys/sc_eject.32
                0x00000000c001b710                Sys::eject(regs*)
 .text          0x00000000c001b746       0x18 sys/sc_exit.32
                0x00000000c001b746                Sys::exit(regs*)
 .text          0x00000000c001b75e       0x1f sys/sc_getcwd.32
                0x00000000c001b75e                Sys::getCwd(regs*)
 .text          0x00000000c001b77d        0xc sys/sc_getpid.32
                0x00000000c001b77d                Sys::getPID(regs*)
 .text          0x00000000c001b789       0x17 sys/sc_getramdata.32
                0x00000000c001b789                Sys::getRAMData(regs*)
 .text          0x00000000c001b7a0       0x84 sys/sc_getvgaptr.32
                0x00000000c001b7a0                Sys::getVGAPtr(regs*)
 .text          0x00000000c001b824       0xa8 sys/sc_loaddll.32
                0x00000000c001b824                Sys::loadDLL(regs*)
 .text          0x00000000c001b8cc       0x68 sys/sc_read.32
                0x00000000c001b8cc                Sys::read(regs*)
 .text          0x00000000c001b934       0x55 sys/sc_sbrk.32
                0x00000000c001b934                Sys::sbrk(regs*)
 .text          0x00000000c001b989       0x1c sys/sc_setcwd.32
                0x00000000c001b989                Sys::setCwd(regs*)
 .text          0x00000000c001b9a5      0x128 sys/sc_settime.32
                0x00000000c001b9a5                Sys::setTime(regs*)
 .text          0x00000000c001bacd       0x4a sys/sc_timezone.32
                0x00000000c001bacd                Sys::timezone(regs*)
 .text          0x00000000c001bb17       0x68 sys/sc_write.32
                0x00000000c001bb17                Sys::write(regs*)
 .text          0x00000000c001bb7f       0x62 sys/sc_wsbe.32
                0x00000000c001bb7f                Sys::wsbe(regs*)
 .text          0x00000000c001bbe1       0x46 sys/sc_yield.32
                0x00000000c001bbe1                Sys::yield(regs*)
 .text          0x00000000c001bc27     0x1101 sys/syscalls.32
                0x00000000c001bc27                sysCallSeekDir(regs*)
                0x00000000c001bc2c                sysCallTellDir(regs*)
                0x00000000c001bc31                sysCallVerify(regs*)
                0x00000000c001bc3b                sysFormatDisk(regs*)
                0x00000000c001bca5                sysSetDiskVolumeLabel(regs*)
                0x00000000c001bceb                sysGetDiskVolumeLabel(regs*)
                0x00000000c001bd3c                sysShutdown(regs*)
                0x00000000c001bd9a                sysCallRealpath(regs*)
                0x00000000c001bddd                sysCallGetArgc(regs*)
                0x00000000c001be0b                sysCallReadDir(regs*)
                0x00000000c001be99                sysCallIsATTY(regs*)
                0x00000000c001bef3                sysCallSeek(regs*)
                0x00000000c001bf5c                sysCallTell(regs*)
                0x00000000c001bfd9                sysCallSize(regs*)
                0x00000000c001c05c                sysCallSizeFromFilename(regs*)
                0x00000000c001c11c                sysCallClose(regs*)
                0x00000000c001c1a4                sysCallOpenDir(regs*)
                0x00000000c001c219                sysCallCloseDir(regs*)
                0x00000000c001c27f                sysCallMakeDir(regs*)
                0x00000000c001c2ef                sysCallWait(regs*)
                0x00000000c001c309                sysCallNotImpl(regs*)
                0x00000000c001c324                sysPanic(regs*)
                0x00000000c001c34a                sysCallRmdir(regs*)
                0x00000000c001c3ae                sysCallUnlink(regs*)
                0x00000000c001c412                sysCallGetArgv(regs*)
                0x00000000c001c45e                sysCallTTYName(regs*)
                0x00000000c001c4e1                sysCallUSleep(regs*)
                0x00000000c001c508                sysCallSpawn(regs*)
                0x00000000c001c57d                sysCallGetEnv(regs*)
                0x00000000c001c6b5                sysAppSettings(regs*)
                0x00000000c001c7c9                sysSetFatAttrib(regs*)
                0x00000000c001c83b                sysPipe(regs*)
                0x00000000c001c880                sysGetUnixTime(regs*)
                0x00000000c001c894                string_ends_with(char const*, char const*)
                0x00000000c001c8dc                sysCallOpen(regs*)
                0x00000000c001caf1                Sys::loadSyscalls()
                0x00000000c001cce6                Sys::systemCall(regs*, void*)
 .text          0x00000000c001cd28     0x11fd thr/elf.32
                0x00000000c001cd28                Thr::allocateMemoryForTask(Process*, File*, unsigned long, unsigned long, unsigned long)
                0x00000000c001cfd2                Thr::loadProgramIntoMemory(Process*, char const*)
                0x00000000c001d1e8                Thr::runtimeReferenceHelper()
                0x00000000c001d1fb                Thr::getAddressOfKernelSymbol(char const*)
                0x00000000c001d24a                Thr::loadKernelSymbolTable(char const*)
                0x00000000c001d508                Thr::loadDriverIntoMemory(char const*, unsigned long, bool)
                0x00000000c001dc3e                Thr::getDriverBaseFromAddress(unsigned long)
                0x00000000c001dc70                Thr::getDriverNameFromAddress(unsigned long)
                0x00000000c001dca7                Thr::getDriverOffsetFromAddress(unsigned long)
                0x00000000c001dcc1                Thr::loadDLL(char const*, bool)
                0x00000000c001deec                Thr::executeDLL(unsigned long, void*)
 *fill*         0x00000000c001df25        0x1 
 .text          0x00000000c001df26     0x1315 thr/prcssthr.32
                0x00000000c001df26                userModeEntryPoint(void*)
                0x00000000c001df4c                changeTSS
                0x00000000c001df7c                switchToThread(ThreadControlBlock*)
                0x00000000c001e026                Process::addArgs(char**)
                0x00000000c001e080                Process::Process(char const*, Process*, char**)
                0x00000000c001e080                Process::Process(char const*, Process*, char**)
                0x00000000c001e264                Process::Process(bool, char const*, Process*, char**)
                0x00000000c001e264                Process::Process(bool, char const*, Process*, char**)
                0x00000000c001e413                taskStartupFunction
                0x00000000c001e41c                Semaphore::Semaphore(int)
                0x00000000c001e41c                Semaphore::Semaphore(int)
                0x00000000c001e44a                Mutex::Mutex()
                0x00000000c001e44a                Mutex::Mutex()
                0x00000000c001e45c                Process::createThread(void (*)(void*), void*, int)
                0x00000000c001e562                Process::createUserThread()
                0x00000000c001e57e                setupMultitasking(void (*)())
                0x00000000c001e6a0                schedule()
                0x00000000c001e726                Semaphore::tryAcquire()
                0x00000000c001e7e2                Semaphore::assertLocked(char const*)
                0x00000000c001e851                blockTaskWithSchedulerLockAlreadyHeld(TaskState)
                0x00000000c001e89f                blockTask(TaskState)
                0x00000000c001e8cc                waitTask(int, int*, int)
                0x00000000c001e90e                nanoSleepUntil(unsigned long long)
                0x00000000c001e9a3                nanoSleep(unsigned long long)
                0x00000000c001e9bb                sleep(unsigned long long)
                0x00000000c001e9d8                Semaphore::acquire()
                0x00000000c001ea7a                taskReturned
                0x00000000c001eab5                Thr::processFromPID(int)
                0x00000000c001eb64                unblockTask(ThreadControlBlock*)
                0x00000000c001ec11                cleanupTerminatedTask(ThreadControlBlock*)
                0x00000000c001eeda                cleanerTaskFunction(void*)
                0x00000000c001efd3                terminateTask(int)
                0x00000000c001f105                Thr::terminateFromIRQ(int)
                0x00000000c001f112                Semaphore::release()
 .text          0x00000000c001f23b      0xc53 vm86/vm8086.32
                0x00000000c001f23b                Vm::inbv(unsigned short)
                0x00000000c001f24e                Vm::outbv(unsigned short, unsigned char)
                0x00000000c001f2a1                Vm::realToLinear(unsigned short, unsigned short)
                0x00000000c001f2b1                Vm::getSegment(unsigned int)
                0x00000000c001f2b9                Vm::getOffset(unsigned int)
                0x00000000c001f2be                Vm::mainloop2()
                0x00000000c001f2f8                Vm::mainVm8086Loop(void*)
                0x00000000c001f308                Vm::mainloop3(unsigned long)
                0x00000000c001f32e                Vm::initialise8086()
                0x00000000c001f371                Vm::finish8086()
                0x00000000c001f3d2                Vm::getOutput8086(unsigned char*)
                0x00000000c001f3f7                Vm::start8086(char const*, unsigned short, unsigned short, unsigned short, unsigned short)
                0x00000000c001f55f                Vm::doISR(regs*, int, unsigned char*, unsigned short, unsigned short)
                0x00000000c001f5e9                Vm::readByteFromReal(unsigned short, unsigned short)
                0x00000000c001f5fa                Vm::readWordFromReal(unsigned short, unsigned short)
                0x00000000c001f60c                Vm::readDwordFromReal(unsigned short, unsigned short)
                0x00000000c001f61d                Vm::writeByteFromReal(unsigned short, unsigned short, unsigned char)
                0x00000000c001f632                Vm::writeWordFromReal(unsigned short, unsigned short, unsigned short)
                0x00000000c001f648                Vm::writeDwordFromReal(unsigned short, unsigned short, unsigned int)
                0x00000000c001f65d                Vm::faultHandler(regs*)
 .text          0x00000000c001fe8e      0xefd vm86/x87em.32
                0x00000000c001fe8e                Vm::fpuInternalTo32(unsigned long long)
                0x00000000c001fee9                Vm::fpuInternalTo64(unsigned long long)
                0x00000000c001fef2                Vm::fpu32ToInternal(unsigned int)
                0x00000000c001ff37                Vm::fpu64ToInternal(unsigned long long)
                0x00000000c001ff40                Vm::fpuFloatToLong(unsigned long long)
                0x00000000c001ff9b                Vm::fpuULongToFloat(unsigned long long)
                0x00000000c001ffd1                Vm::fpuLongToFloat(long long)
                0x00000000c0020027                Vm::fpuGet0()
                0x00000000c002002c                Vm::fpuGet1()
                0x00000000c0020034                Vm::fpuGetPi()
                0x00000000c002003c                Vm::fpuGetLog2E()
                0x00000000c0020054                Vm::fpuGetLogE2()
                0x00000000c002006c                Vm::fpuGetLog210()
                0x00000000c0020084                Vm::fpuGetLog102()
                0x00000000c002009c                Vm::fpuIsSecondLarger(unsigned long long, unsigned long long)
                0x00000000c00200b0                Vm::fpuAreEqual(unsigned long long, unsigned long long)
                0x00000000c00200c6                Vm::fpuUnorderedCompare(unsigned long long, unsigned long long)
                0x00000000c0020119                Vm::fpuAdd(unsigned long long, unsigned long long)
                0x00000000c002012a                Vm::fpuAbs(unsigned long long)
                0x00000000c0020133                Vm::fpuChs(unsigned long long)
                0x00000000c0020143                Vm::fpuSub(unsigned long long, unsigned long long)
                0x00000000c0020152                Vm::fpuMultiply(unsigned long long, unsigned long long)
                0x00000000c0020171                Vm::fpuDivide(unsigned long long, unsigned long long)
                0x00000000c002018d                Vm::fpuSquare(unsigned long long)
                0x00000000c00201a3                Vm::fpuGetReg(int)
                0x00000000c00201e6                Vm::fpuSetReg(int, unsigned long long)
                0x00000000c0020231                Vm::fpuPush(unsigned long long)
                0x00000000c002028e                Vm::fpuPop()
                0x00000000c00202e0                Vm::x87Handler(regs*)
 *fill*         0x00000000c0020d8b        0x1 
 .text          0x00000000c0020d8c     0x1203 fs/fat/vfslink.32
                0x00000000c0020d8c                FAT::getName()
                0x00000000c0020d92                FAT::tell(void*, unsigned long long*)
                0x00000000c0020dc6                FAT::stat(void*, unsigned long long*)
                0x00000000c0020dfa                FAT::~FAT()
                0x00000000c0020dfa                FAT::~FAT()
                0x00000000c0020e1e                FAT::~FAT()
                0x00000000c0020e46                FAT::getlabel(LogicalDisk*, int, char*, unsigned int*)
                0x00000000c0020ee4                FAT::setlabel(LogicalDisk*, int, char*)
                0x00000000c0020f9e                FAT::format(LogicalDisk*, int, char const*, int)
                0x00000000c0021182                FAT::tryMount(LogicalDisk*, int)
                0x00000000c0021388                FAT::getFileFirstSector(char const*)
                0x00000000c002144a                FAT::readDir(void*, unsigned long, void*, int*)
                0x00000000c00215a4                FAT::read(void*, unsigned long, void*, int*)
                0x00000000c00215fe                FAT::write(void*, unsigned long, void*, int*)
                0x00000000c0021658                FAT::close(void*)
                0x00000000c00216a4                FAT::closeDir(void*)
                0x00000000c00216f0                FAT::seek(void*, unsigned long long)
                0x00000000c0021744                fatWrapperReadDisk
                0x00000000c002178b                fatWrapperWriteDisk
                0x00000000c00217d2                fatWrapperIoctl
                0x00000000c00218d6                FAT::FAT()
                0x00000000c00218d6                FAT::FAT()
                0x00000000c0021928                FAT::fixFilepath(char*)
                0x00000000c0021960                FAT::open(char const*, void**, FileOpenMode)
                0x00000000c0021a88                FAT::openDir(char const*, void**)
                0x00000000c0021b2e                FAT::stat(char const*, unsigned long long*, bool*)
                0x00000000c0021c18                FAT::unlink(char const*)
                0x00000000c0021c92                FAT::chfatattr(char const*, unsigned char, unsigned char)
                0x00000000c0021de6                FAT::rename(char const*, char const*)
                0x00000000c0021eaa                FAT::mkdir(char const*)
                0x00000000c0021f24                FAT::exists(char const*)
 *fill*         0x00000000c0021f8f        0x1 
 .text          0x00000000c0021f90      0xba5 fs/iso9660/vfslink.32
                0x00000000c0021f90                ISO9660::format(LogicalDisk*, int, char const*, int)
                0x00000000c0021f96                ISO9660::seek(void*, unsigned long long)
                0x00000000c0021fc6                ISO9660::tell(void*, unsigned long long*)
                0x00000000c0021fea                ISO9660::getName()
                0x00000000c0021ff0                ISO9660::stat(void*, unsigned long long*)
                0x00000000c0022014                ISO9660::chfatattr(char const*, unsigned char, unsigned char)
                0x00000000c002201a                ISO9660::unlink(char const*)
                0x00000000c0022020                ISO9660::write(void*, unsigned long, void*, int*)
                0x00000000c0022026                ISO9660::rename(char const*, char const*)
                0x00000000c002202c                ISO9660::mkdir(char const*)
                0x00000000c0022032                ISO9660::close(void*)
                0x00000000c0022054                ISO9660::closeDir(void*)
                0x00000000c0022076                ISO9660::~ISO9660()
                0x00000000c0022076                ISO9660::~ISO9660()
                0x00000000c002209a                ISO9660::~ISO9660()
                0x00000000c00220c1                __memmem(unsigned char*, int, unsigned char*, int)
                0x00000000c0022103                readSectorFromCDROM(unsigned int, unsigned char*, char)
                0x00000000c002215e                ISO9660::tryMount(LogicalDisk*, int)
                0x00000000c00221ae                ISO9660::read(void*, unsigned long, void*, int*)
                0x00000000c00223b2                ISO9660::readDir(void*, unsigned long, void*, int*)
                0x00000000c002262c                readRoot(unsigned int*, unsigned int*, char)
                0x00000000c0022680                readRecursively(char*, unsigned int, unsigned int, unsigned int*, unsigned int*, char, int*)
                0x00000000c0022853                getFileData(char*, unsigned int*, unsigned int*, char, int*)
                0x00000000c00228e2                ISO9660::open(char const*, void**, FileOpenMode)
                0x00000000c00229a2                ISO9660::exists(char const*)
                0x00000000c00229c6                ISO9660::stat(char const*, unsigned long long*, bool*)
                0x00000000c0022a5a                ISO9660::openDir(char const*, void**)
                0x00000000c0022b12                ISO9660::ISO9660()
                0x00000000c0022b12                ISO9660::ISO9660()
 *fill*         0x00000000c0022b35        0x1 
 .text          0x00000000c0022b36      0x326 hal/sound/sndchannel.32
                0x00000000c0022b36                SoundChannel::~SoundChannel()
                0x00000000c0022b36                SoundChannel::~SoundChannel()
                0x00000000c0022b52                SoundChannel::setSpeed(float)
                0x00000000c0022b5e                SoundChannel::getSpeed()
                0x00000000c0022b66                SoundChannel::setVolume(int)
                0x00000000c0022b82                SoundChannel::getVolume()
                0x00000000c0022b8a                SoundChannel::pause()
                0x00000000c0022b94                SoundChannel::SoundChannel(int, int, int, int)
                0x00000000c0022b94                SoundChannel::SoundChannel(int, int, int, int)
                0x00000000c0022cea                SoundChannel::play()
                0x00000000c0022cf4                SoundChannel::paused()
                0x00000000c0022cfc                SoundChannel::getSampleRate()
                0x00000000c0022d04                SoundChannel::getBits()
                0x00000000c0022d0c                SoundChannel::getBufferUsed()
                0x00000000c0022d14                SoundChannel::getBufferSize()
                0x00000000c0022d1c                SoundChannel::unbuffer(float*, int, int)
                0x00000000c0022dbc                SoundChannel::buffer8(unsigned char*, int)
 .text          0x00000000c0022e5c      0x3d5 hal/sound/sndhw.32
                0x00000000c0022e5c                SoundDevice::SoundDevice(char const*)
                0x00000000c0022e5c                SoundDevice::SoundDevice(char const*)
                0x00000000c0022ec8                SoundDevice::~SoundDevice()
                0x00000000c0022ec8                SoundDevice::~SoundDevice()
                0x00000000c0022f42                SoundDevice::~SoundDevice()
                0x00000000c0022f6c                SoundDevice::getFreeChannelNum()
                0x00000000c0022f86                SoundDevice::addChannel(SoundChannel*)
                0x00000000c0022ff6                SoundDevice::removeChannel(int)
                0x00000000c0023028                SoundDevice::floatTo8(float*, unsigned char*, int)
                0x00000000c0023110                SoundDevice::getAudio(int, float*, float*)
 .text          0x00000000c0023231        0x0 hw/bus/isa.32
 *fill*         0x00000000c0023231        0x1 
 .text          0x00000000c0023232      0x987 hw/bus/pci.32
                0x00000000c0023232                PCI::open(int, int, void*)
                0x00000000c0023246                PCI::close(int, int, void*)
                0x00000000c002324a                PCI::PCI()
                0x00000000c002324a                PCI::PCI()
                0x00000000c00232ca                PCI::readBAR8(unsigned int, int)
                0x00000000c00232e6                PCI::readBAR16(unsigned int, int)
                0x00000000c0023304                PCI::readBAR32(unsigned int, int)
                0x00000000c0023320                PCI::writeBAR8(unsigned int, unsigned char, int)
                0x00000000c0023340                PCI::writeBAR16(unsigned int, unsigned short, int)
                0x00000000c0023362                PCI::writeBAR32(unsigned int, unsigned int, int)
                0x00000000c0023382                PCI::pciReadWord(unsigned char, unsigned char, unsigned char, unsigned char)
                0x00000000c00233ca                PCI::getVendorID(unsigned char, unsigned char, unsigned char)
                0x00000000c00233ec                PCI::getHeaderType(unsigned char, unsigned char, unsigned char)
                0x00000000c0023410                PCI::getClassCode(unsigned char, unsigned char, unsigned char)
                0x00000000c0023454                PCI::getProgIF(unsigned char, unsigned char, unsigned char)
                0x00000000c0023478                PCI::getRevisionID(unsigned char, unsigned char, unsigned char)
                0x00000000c002349a                PCI::getInterruptNumber(unsigned char, unsigned char, unsigned char)
                0x00000000c00234bc                PCI::getSecondaryBus(unsigned char, unsigned char, unsigned char)
                0x00000000c00234e0                PCI::getBARAddress(unsigned char, unsigned char, unsigned char, unsigned char)
                0x00000000c0023540                PCI::pciWriteWord(unsigned char, unsigned char, unsigned char, unsigned char, unsigned short)
                0x00000000c00235ac                PCI::pciDetailsToFilepath(PCIDeviceInfo, char*)
                0x00000000c00237a2                PCI::checkBus(unsigned char)
                0x00000000c00237c6                PCI::foundDevice(PCIDeviceInfo)
                0x00000000c002394e                PCI::getDeviceData(unsigned char, unsigned char, unsigned char)
                0x00000000c0023afa                PCI::checkDevice(unsigned char, unsigned char)
                0x00000000c0023b66                PCI::detect()
 *fill*         0x00000000c0023bb9        0x1 
 .text          0x00000000c0023bba      0xc70 hw/diskctrl/ide.32
                0x00000000c0023bba                IDE::close(int, int, void*)
                0x00000000c0023bbe                IDE::IDE()
                0x00000000c0023bbe                IDE::IDE()
                0x00000000c0023bf2                IDE::prepareInterrupt(unsigned char)
                0x00000000c0023c04                selectDrive(unsigned char, unsigned char)
                0x00000000c0023c06                IDE::getBase(unsigned char)
                0x00000000c0023c18                IDE::write(unsigned char, unsigned char, unsigned char)
                0x00000000c0023cd8                IDE::read(unsigned char, unsigned char)
                0x00000000c0023d86                IDE::waitInterrupt(unsigned char)
                0x00000000c0023dec                ideChannel0IRQHandler(regs*, void*)
                0x00000000c0023e08                ideChannel1IRQHandler(regs*, void*)
                0x00000000c0023e24                IDE::enableIRQs(unsigned char, bool)
                0x00000000c0023e6a                IDE::open(int, int, void*)
                0x00000000c002427a                IDE::readBuffer(unsigned char, unsigned char, unsigned int, unsigned int)
                0x00000000c0024346                IDE::detect()
                0x00000000c002462e                IDE::printError(unsigned char, unsigned char, unsigned char)
                0x00000000c00247c4                IDE::polling(unsigned char, unsigned int)
 .text          0x00000000c002482a      0x390 hw/diskctrl/satabus.32
                0x00000000c002482a                SATABus::close(int, int, void*)
                0x00000000c002482e                SATABus::detect()
                0x00000000c0024830                SATABus::SATABus()
                0x00000000c0024830                SATABus::SATABus()
                0x00000000c00248dc                SATABus::findCmdslot(SATABus::tagHBA_PORT volatile*)
                0x00000000c0024924                SATABus::checkType(SATABus::tagHBA_PORT volatile*)
                0x00000000c002496c                SATABus::startCmd(SATABus::tagHBA_PORT volatile*)
                0x00000000c002498c                SATABus::stopCmd(SATABus::tagHBA_PORT volatile*)
                0x00000000c00249b6                SATABus::portRebase(SATABus::tagHBA_PORT volatile*, int)
                0x00000000c0024abc                SATABus::probePort(SATABus::tagHBA_MEM volatile*)
                0x00000000c0024b9a                SATABus::open(int, int, void*)
 .text          0x00000000c0024bba      0x63c hw/diskphys/ata.32
                0x00000000c0024bba                ATA::close(int, int, void*)
                0x00000000c0024bde                ATA::powerSaving(PowerSavingLevel)
                0x00000000c0024be0                ATA::ATA()
                0x00000000c0024be0                ATA::ATA()
                0x00000000c0024c0e                ATA::flush(bool)
                0x00000000c0024c58                ATA::readyForCommand()
                0x00000000c0024ca8                ATA::access(unsigned long long, int, void*, bool)
                0x00000000c0025030                ATA::read(unsigned long long, int, void*)
                0x00000000c0025098                ATA::write(unsigned long long, int, void*)
                0x00000000c0025100                ATA::detectCHS()
                0x00000000c002512a                ATA::open(int, int, void*)
 .text          0x00000000c00251f6      0x5bd hw/diskphys/atapi.32
                0x00000000c00251f6                ATAPI::write(unsigned long long, int, void*)
                0x00000000c00251fc                ATAPI::close(int, int, void*)
                0x00000000c0025220                ATAPI::ATAPI()
                0x00000000c0025220                ATAPI::ATAPI()
                0x00000000c002524e                ATAPI::readyForCommand()
                0x00000000c002529e                ATAPI::sendPacket(unsigned char*, int, bool, unsigned short*, int)
                0x00000000c002555e                ATAPI::diskRemoved()
                0x00000000c002557a                ATAPI::eject()
                0x00000000c00255c2                ATAPI::diskInserted()
                0x00000000c00255f0                ATAPI::detectMedia()
                0x00000000c00256ac                ATAPI::open(int, int, void*)
                0x00000000c0025734                ATAPI::read(unsigned long long, int, void*)
 *fill*         0x00000000c00257b3        0x1 
 .text          0x00000000c00257b4      0x451 hw/diskphys/sata.32
                0x00000000c00257b4                SATA::close(int, int, void*)
                0x00000000c00257d8                SATA::powerSaving(PowerSavingLevel)
                0x00000000c00257da                SATA::open(int, int, void*)
                0x00000000c0025884                SATA::SATA()
                0x00000000c0025884                SATA::SATA()
                0x00000000c00258b2                SATA::access(unsigned long long, int, void*, bool)
                0x00000000c0025b18                SATA::read(unsigned long long, int, void*)
                0x00000000c0025b80                SATA::write(unsigned long long, int, void*)
 *fill*         0x00000000c0025c05        0x1 
 .text          0x00000000c0025c06      0x4fe hw/diskphys/satapi.32
                0x00000000c0025c06                SATAPI::write(unsigned long long, int, void*)
                0x00000000c0025c0c                SATAPI::close(int, int, void*)
                0x00000000c0025c30                SATAPI::SATAPI()
                0x00000000c0025c30                SATAPI::SATAPI()
                0x00000000c0025c5e                SATAPI::diskRemoved()
                0x00000000c0025c7a                SATAPI::diskInserted()
                0x00000000c0025ca8                SATAPI::sendPacket(unsigned char*, int, unsigned long long, unsigned short*, int)
                0x00000000c0025eb0                SATAPI::eject()
                0x00000000c0025ef8                SATAPI::detectMedia()
                0x00000000c0025fba                SATAPI::open(int, int, void*)
                0x00000000c0026062                SATAPI::read(unsigned long long, int, void*)
 .text          0x00000000c0026104       0x8e hw/fpu/avx.32
                0x00000000c0026104                AVX::open(int, int, void*)
                0x00000000c0026116                AVX::close(int, int, void*)
                0x00000000c0026128                AVX::available()
                0x00000000c002613a                AVX::save(void*)
                0x00000000c0026152                AVX::load(void*)
                0x00000000c002616a                AVX::AVX()
                0x00000000c002616a                AVX::AVX()
 .text          0x00000000c0026192       0x90 hw/fpu/mmx.32
                0x00000000c0026192                MMX::available()
                0x00000000c00261a6                MMX::open(int, int, void*)
                0x00000000c00261b8                MMX::close(int, int, void*)
                0x00000000c00261ca                MMX::save(void*)
                0x00000000c00261e2                MMX::load(void*)
                0x00000000c00261fa                MMX::MMX()
                0x00000000c00261fa                MMX::MMX()
 .text          0x00000000c0026222       0x96 hw/fpu/sse.32
                0x00000000c0026222                SSE::open(int, int, void*)
                0x00000000c0026234                SSE::close(int, int, void*)
                0x00000000c0026246                SSE::available()
                0x00000000c0026260                SSE::save(void*)
                0x00000000c0026278                SSE::load(void*)
                0x00000000c0026290                SSE::SSE()
                0x00000000c0026290                SSE::SSE()
 .text          0x00000000c00262b8       0x8e hw/fpu/x87.32
                0x00000000c00262b8                x87::open(int, int, void*)
                0x00000000c00262ca                x87::close(int, int, void*)
                0x00000000c00262dc                x87::available()
                0x00000000c00262ee                x87::save(void*)
                0x00000000c0026306                x87::load(void*)
                0x00000000c002631e                x87::x87()
                0x00000000c002631e                x87::x87()
 .text          0x00000000c0026346      0x71e hw/intctrl/apic.32
                0x00000000c0026346                APIC::disable()
                0x00000000c0026348                APIC::close(int, int, void*)
                0x00000000c002636a                IOAPIC::close(int, int, void*)
                0x00000000c0026370                APIC::io_wait()
                0x00000000c0026376                APIC::getBase()
                0x00000000c00263b8                APIC::eoi(unsigned char)
                0x00000000c00263e6                APIC::open(int, int, void*)
                0x00000000c0026534                IOAPIC::IOAPIC()
                0x00000000c0026534                IOAPIC::IOAPIC()
                0x00000000c002655c                APIC::APIC()
                0x00000000c002655c                APIC::APIC()
                0x00000000c0026638                IOAPIC::handlesGSIWithNumber(unsigned int)
                0x00000000c002666a                IOAPIC::read(int)
                0x00000000c0026692                IOAPIC::open(int, int, void*)
                0x00000000c0026788                IOAPIC::write(int, int)
                0x00000000c00267b4                IOAPIC::redirect(unsigned char, unsigned long long, unsigned char, bool, bool)
                0x00000000c00268ae                APIC::installIRQHandler(int, void (*)(regs*, void*), bool, void*)
 .text          0x00000000c0026a64      0x3d3 hw/intctrl/pic.32
                0x00000000c0026a64                PIC::disable()
                0x00000000c0026a92                PIC::close(int, int, void*)
                0x00000000c0026ab4                PIC::PIC()
                0x00000000c0026ab4                PIC::PIC()
                0x00000000c0026b8a                PIC::ioWait()
                0x00000000c0026b90                PIC::getIRQReg(int)
                0x00000000c0026bfa                PIC::eoi(unsigned char)
                0x00000000c0026c8c                PIC::remap()
                0x00000000c0026df8                PIC::open(int, int, void*)
 *fill*         0x00000000c0026e37        0x1 
 .text          0x00000000c0026e38      0x25e hw/timer/apictimer.32
                0x00000000c0026e38                APICTimer::close(int, int, void*)
                0x00000000c0026e3e                apicTimerHandler(regs*, void*)
                0x00000000c0026e6c                APICTimer::write(int)
                0x00000000c0026f70                APICTimer::open(int, int, void*)
                0x00000000c002706e                APICTimer::APICTimer()
                0x00000000c002706e                APICTimer::APICTimer()
 .text          0x00000000c0027096      0x1a7 hw/timer/pit.32
                0x00000000c0027096                PIT::write(int)
                0x00000000c0027114                pitHandler(regs*, void*)
                0x00000000c0027140                PIT::open(int, int, void*)
                0x00000000c002718e                PIT::close(int, int, void*)
                0x00000000c00271be                PIT::PIT()
                0x00000000c00271be                PIT::PIT()
 *fill*         0x00000000c002723d        0x3 
 .text          0x00000000c0027240       0x1e hw/fpu/x86/avx.32
                0x00000000c0027240                avxDetect
                0x00000000c0027246                avxSave
                0x00000000c0027247                avxLoad
                0x00000000c0027248                avxInit
                0x00000000c0027249                avxClose
                0x00000000c002724a                wouldSheSayYes
 *fill*         0x00000000c002725e        0x2 
 .text          0x00000000c0027260       0x35 hw/fpu/x86/sse.32
                0x00000000c0027260                absolutelyNoChanceInHell
                0x00000000c0027260                sseDetect
                0x00000000c0027278                sseSave
                0x00000000c002727e                sseLoad
                0x00000000c0027284                sseInit
                0x00000000c0027294                sseClose
 *fill*         0x00000000c0027295        0xb 
 .text          0x00000000c00272a0       0x4d hw/fpu/x86/x87.32
                0x00000000c00272a6                x87Detect
                0x00000000c00272c1                x87Save
                0x00000000c00272ca                x87Load
                0x00000000c00272d2                x87Init
                0x00000000c00272ec                x87Close
 *fill*         0x00000000c00272ed        0x3 
 .text          0x00000000c00272f0       0x25 /cygdrive/d/Users/Alex/Desktop/Toolchain/Output/bin/../lib/gcc/i386-banana/8.1.0/crtend.o
 .text          0x00000000c0027315        0x0 crtn.32
 *fill*         0x00000000c0027315        0x3 
 .text          0x00000000c0027318      0x14b /cygdrive/d/Users/Alex/Desktop/Toolchain/Output/bin/../lib/gcc/i386-banana/8.1.0/libkgcc.a(_divdi3.o)
                0x00000000c0027318                __divdi3
 *fill*         0x00000000c0027463        0x1 
 .text          0x00000000c0027464      0x17e /cygdrive/d/Users/Alex/Desktop/Toolchain/Output/bin/../lib/gcc/i386-banana/8.1.0/libkgcc.a(_moddi3.o)
                0x00000000c0027464                __moddi3
 *fill*         0x00000000c00275e2        0x2 