Archive member included to satisfy reference by file (symbol)

/cygdrive/d/Users/Alex/Desktop/Toolchain/Output/bin/../lib/gcc/i386-banana/8.1.0/libkgcc.a(_divdi3.o)
                              krnl/resolve.32 (__divdi3)
/cygdrive/d/Users/Alex/Desktop/Toolchain/Output/bin/../lib/gcc/i386-banana/8.1.0/libkgcc.a(_moddi3.o)
                              krnl/resolve.32 (__moddi3)
/cygdrive/d/Users/Alex/Desktop/Toolchain/Output/bin/../lib/gcc/i386-banana/8.1.0/libkgcc.a(_udivdi3.o)
                              hal/clock.32 (__udivdi3)
/cygdrive/d/Users/Alex/Desktop/Toolchain/Output/bin/../lib/gcc/i386-banana/8.1.0/libkgcc.a(_umoddi3.o)
                              core/pipe.32 (__umoddi3)

Allocating common symbols
Common symbol       size              file

dcache              0x40              fs/iso9660/iso9660.32
cdDriveLetter       0x1               fs/iso9660/iso9660.32
icache              0x40              fs/iso9660/iso9660.32

Discarded input sections

 .comment       0x0000000000000000       0x12 /cygdrive/d/Users/Alex/Desktop/Toolchain/Output/bin/../lib/gcc/i386-banana/8.1.0/crtbegin.o
 .comment       0x0000000000000000       0x12 acpica/utclib.32
 .comment       0x0000000000000000       0x12 core/malloc.32
 .comment       0x0000000000000000       0x12 libk/ctype.32
 .comment       0x0000000000000000       0x12 libk/string.32
 .comment       0x0000000000000000       0x12 fs/fat/diskio.32
 .comment       0x0000000000000000       0x12 fs/fat/ff.32
 .comment       0x0000000000000000       0x12 fs/fat/ffsystem.32
 .comment       0x0000000000000000       0x12 fs/fat/ffunicode.32
 .comment       0x0000000000000000       0x12 fs/iso9660/iso9660.32
 .group         0x0000000000000000       0x14 core/computer.32
 .group         0x0000000000000000        0xc core/computer.32
 .comment       0x0000000000000000       0x12 core/computer.32
 .comment       0x0000000000000000       0x12 core/gdt.32
 .group         0x0000000000000000        0xc core/idle.32
 .comment       0x0000000000000000       0x12 core/idle.32
 .comment       0x0000000000000000       0x12 core/idt.32
 .comment       0x0000000000000000       0x12 core/kheap.32
 .comment       0x0000000000000000       0x12 core/main.32
 .comment       0x0000000000000000       0x12 core/physmgr.32
 .group         0x0000000000000000        0xc core/pipe.32
 .comment       0x0000000000000000       0x12 core/pipe.32
 .group         0x0000000000000000        0xc core/terminal.32
 .comment       0x0000000000000000       0x12 core/terminal.32
 .comment       0x0000000000000000       0x12 core/tss.32
 .group         0x0000000000000000        0x8 core/unixfile.32
 .group         0x0000000000000000        0x8 core/unixfile.32
 .group         0x0000000000000000        0xc core/unixfile.32
 .group         0x0000000000000000        0x8 core/unixfile.32
 .group         0x0000000000000000        0xc core/unixfile.32
 .group         0x0000000000000000        0x8 core/unixfile.32
 .group         0x0000000000000000        0xc core/unixfile.32
 .group         0x0000000000000000        0xc core/unixfile.32
 .comment       0x0000000000000000       0x12 core/unixfile.32
 .comment       0x0000000000000000       0x12 core/virtmgr.32
 .comment       0x0000000000000000       0x12 coreobjs/c++.32
 .comment       0x0000000000000000       0x12 dbg/kconsole.32
 .group         0x0000000000000000        0xc fs/vfs.32
 .group         0x0000000000000000        0xc fs/vfs.32
 .group         0x0000000000000000        0xc fs/vfs.32
 .comment       0x0000000000000000       0x12 fs/vfs.32
 .group         0x0000000000000000        0xc hal/bus.32
 .comment       0x0000000000000000       0x12 hal/bus.32
 .comment       0x0000000000000000       0x12 hal/buzzer.32
 .group         0x0000000000000000        0xc hal/clock.32
 .comment       0x0000000000000000       0x12 hal/clock.32
 .group         0x0000000000000000       0x14 hal/device.32
 .group         0x0000000000000000        0xc hal/device.32
 .group         0x0000000000000000        0x8 hal/device.32
 .group         0x0000000000000000        0xc hal/device.32
 .group         0x0000000000000000        0xc hal/device.32
 .comment       0x0000000000000000       0x12 hal/device.32
 .group         0x0000000000000000        0xc hal/diskctrl.32
 .comment       0x0000000000000000       0x12 hal/diskctrl.32
 .group         0x0000000000000000        0xc hal/diskphys.32
 .comment       0x0000000000000000       0x12 hal/diskphys.32
 .comment       0x0000000000000000       0x12 hal/fpu.32
 .comment       0x0000000000000000       0x12 hal/intctrl.32
 .group         0x0000000000000000        0xc hal/keybrd.32
 .comment       0x0000000000000000       0x12 hal/keybrd.32
 .group         0x0000000000000000        0xc hal/logidisk.32
 .comment       0x0000000000000000       0x12 hal/logidisk.32
 .group         0x0000000000000000        0xc hal/mouse.32
 .comment       0x0000000000000000       0x12 hal/mouse.32
[...]
Memory Configuration

Name             Origin             Length             Attributes
*default*        0x0000000000000000 0xffffffffffffffff

Linker script and memory map

LOAD D:/Users/Alex/Desktop/Banana/kernel/boot.32
LOAD crti.32
LOAD /cygdrive/d/Users/Alex/Desktop/Toolchain/Output/bin/../lib/gcc/i386-banana/8.1.0/crtbegin.o
LOAD D:/Users/Alex/Desktop/Banana/kernel/morenasm.32
LOAD acpica/utclib.32
LOAD core/malloc.32
LOAD libk/ctype.32
LOAD libk/string.32
LOAD fs/fat/diskio.32
LOAD fs/fat/ff.32
LOAD fs/fat/ffsystem.32
LOAD fs/fat/ffunicode.32
LOAD fs/iso9660/iso9660.32
LOAD core/computer.32
LOAD core/gdt.32
LOAD core/idle.32
LOAD core/idt.32
LOAD core/kheap.32
LOAD core/main.32
LOAD core/physmgr.32
LOAD core/pipe.32
LOAD core/terminal.32
LOAD core/tss.32
LOAD core/unixfile.32
LOAD core/virtmgr.32
LOAD coreobjs/c++.32
LOAD dbg/kconsole.32
LOAD fs/vfs.32
LOAD hal/bus.32
LOAD hal/buzzer.32
LOAD hal/clock.32
LOAD hal/device.32
LOAD hal/diskctrl.32
LOAD hal/diskphys.32
LOAD hal/fpu.32
LOAD hal/intctrl.32
LOAD hal/keybrd.32
LOAD hal/logidisk.32
LOAD hal/mouse.32
LOAD hal/partition.32
LOAD hal/serial.32
LOAD hal/timer.32
LOAD hal/vcache.32
LOAD hal/video.32
LOAD hw/acpi.32
LOAD hw/cpu.32
LOAD krnl/bootmsg.32
LOAD krnl/env.32
LOAD krnl/inlines.32
LOAD krnl/panic.32
LOAD krnl/powctrl.32
LOAD krnl/resolve.32
LOAD krnl/signal.32
LOAD krnl/syscalls.32
LOAD reg/registry.32
LOAD sys/eject.32
LOAD sys/exit.32
LOAD sys/getcwd.32
LOAD sys/getpid.32
LOAD sys/getramdata.32
LOAD sys/getvgaptr.32
LOAD sys/loaddll.32
LOAD sys/read.32
LOAD sys/registersignal.32
LOAD sys/sbrk.32
LOAD sys/setcwd.32
LOAD sys/settime.32
LOAD sys/timezone.32
LOAD sys/write.32
LOAD sys/wsbe.32
LOAD sys/yield.32
LOAD thr/elf.32
LOAD thr/prcssthr.32
LOAD vm86/vm8086.32
LOAD arch/i386/hal.32
LOAD arch/i386/pic.32
LOAD arch/i386/rtc.32
LOAD arch/i386/vga.32
LOAD fs/fat/vfslink.32
LOAD fs/iso9660/helper.32
LOAD fs/iso9660/vfslink.32
LOAD hal/sound/sndcard.32
LOAD hal/sound/sndport.32
LOAD hw/bus/isa.32
LOAD hw/bus/pci.32
LOAD hw/diskctrl/ide.32
LOAD hw/diskctrl/satabus.32
LOAD hw/diskphys/ata.32
LOAD hw/diskphys/atapi.32
LOAD hw/diskphys/sata.32
LOAD hw/diskphys/satapi.32
LOAD hw/intctrl/apic.32
LOAD hw/timer/apictimer.32
LOAD hw/timer/pit.32
LOAD arch/i386/avx.32
LOAD arch/i386/interrupt.32
LOAD arch/i386/rdrand.32
LOAD arch/i386/sse.32
LOAD arch/i386/x87.32
LOAD /cygdrive/d/Users/Alex/Desktop/Toolchain/Output/bin/../lib/gcc/i386-banana/8.1.0/crtend.o
LOAD crtn.32
LOAD /cygdrive/d/Users/Alex/Desktop/Toolchain/Output/bin/../lib/gcc/i386-banana/8.1.0/libkgcc.a
LOAD D:/Users/Alex/Desktop/Banana/kernel/libsoftfp.a
LOAD D:/Users/Alex/Desktop/Banana/kernel/libk/libm32.a
                0x00000000c0000000                . = 0xc0000000

.text           0x00000000c0000000    0x1c2fa
 *(.text)
 .text          0x00000000c0000000       0x20 D:/Users/Alex/Desktop/Banana/kernel/boot.32
 .text          0x00000000c0000020        0x0 crti.32
 .text          0x00000000c0000020      0x101 /cygdrive/d/Users/Alex/Desktop/Toolchain/Output/bin/../lib/gcc/i386-banana/8.1.0/crtbegin.o
 *fill*         0x00000000c0000121        0xf 
 .text          0x00000000c0000130      0x252 D:/Users/Alex/Desktop/Banana/kernel/morenasm.32
                0x00000000c0000130                manualPCIProbe
                0x00000000c000017b                prepareTramp
                0x00000000c0000194                doTPAUSE
                0x00000000c000019e                hasLegacyFPU
                0x00000000c00001c3                is486
                0x00000000c00001f9                detectCPUID
                0x00000000c000020f                goToVM86
                0x00000000c000023f                goToUsermode
                0x00000000c0000269                switchToThreadASMFirstTime
                0x00000000c0000277                switchToThreadASM
                0x00000000c00002ff                asmQuickAcquireLock
                0x00000000c000031d                asmQuickReleaseLock
                0x00000000c0000329                asmAcquireLock
                0x00000000c000034a                asmReleaseLock
                0x00000000c000035d                loadGDT
                0x00000000c000037d                memcpy
 *fill*         0x00000000c0000382        0xe 
 .text          0x00000000c0000390      0x79e acpica/utclib.32
                0x00000000c0000390                memcmp
                0x00000000c00003e0                memmove
                0x00000000c00004d0                memset
                0x00000000c0000540                strlen
                0x00000000c0000570                strpbrk
                0x00000000c00005b0                strtok
                0x00000000c0000600                strcpy
                0x00000000c0000630                strncpy
                0x00000000c00006e0                strcmp
                0x00000000c0000730                strchr
                0x00000000c0000760                strncmp
                0x00000000c00007c0                strcat
                0x00000000c00007f0                strncat
                0x00000000c0000850                strstr
                0x00000000c00008b0                toupper
                0x00000000c00008d0                tolower
                0x00000000c00008f0                simple_strtoul
 .text          0x00000000c0000b2e      0xfad core/malloc.32
                0x00000000c0000c99                dlfree
                0x00000000c0000ff4                dlmalloc
                0x00000000c0001531                dlrealloc
                0x00000000c00016d4                dlmemalign
                0x00000000c00017f7                dlcalloc
                0x00000000c0001891                dlcfree
                0x00000000c0001896                dlindependent_calloc
                0x00000000c00018bb                dlindependent_comalloc
                0x00000000c00018d2                dlvalloc
                0x00000000c00018fd                dlpvalloc
                0x00000000c0001933                dlmalloc_trim
                0x00000000c0001940                dlmalloc_usable_size
                0x00000000c0001971                dlmallinfo
                0x00000000c0001a40                dlmalloc_stats
                0x00000000c0001a51                dlmallopt
 *fill*         0x00000000c0001adb        0x1 
 .text          0x00000000c0001adc      0x1f2 libk/ctype.32
                0x00000000c0001adc                isblank
                0x00000000c0001afc                iscntrl
                0x00000000c0001b1c                isdigit
                0x00000000c0001b38                islower
                0x00000000c0001b54                isspace
                0x00000000c0001b7c                isupper
                0x00000000c0001b98                isalpha
                0x00000000c0001bc8                isalnum
                0x00000000c0001bf8                ispunct
                0x00000000c0001c38                isgraph
                0x00000000c0001c68                isprint
                0x00000000c0001c90                isxdigit
 .text          0x00000000c0001cce        0x0 libk/string.32
 .text          0x00000000c0001cce       0x51 fs/fat/diskio.32
                0x00000000c0001cce                disk_status
                0x00000000c0001cd1                disk_initialize
                0x00000000c0001cd4                disk_read
                0x00000000c0001cea                disk_write
                0x00000000c0001d00                disk_ioctl
 .text          0x00000000c0001d1f     0x3d4b fs/fat/ff.32
                0x00000000c0003abb                f_mount
                0x00000000c0003b1d                f_open
                0x00000000c0003de8                f_read
                0x00000000c0003fe7                f_write
                0x00000000c000421b                f_sync
                0x00000000c00042d0                f_close
                0x00000000c00042ff                f_lseek
                0x00000000c00044a6                f_opendir
                0x00000000c0004571                f_closedir
                0x00000000c0004593                f_readdir
                0x00000000c0004625                f_stat
                0x00000000c00046a4                f_getfree
                0x00000000c00047a6                f_truncate
                0x00000000c000488a                f_unlink
                0x00000000c00049ac                f_mkdir
                0x00000000c0004b47                f_rename
                0x00000000c0004cfd                f_chmod
                0x00000000c0004da6                f_utime
                0x00000000c0004e54                f_getlabel
                0x00000000c0004fa5                f_setlabel
                0x00000000c0005135                f_expand
                0x00000000c0005295                f_mkfs
 *fill*         0x00000000c0005a6a        0x2 
 .text          0x00000000c0005a6c       0x2f fs/fat/ffsystem.32
                0x00000000c0005a6c                ff_memalloc
                0x00000000c0005a84                ff_memfree
 *fill*         0x00000000c0005a9b        0x1 
 .text          0x00000000c0005a9c      0x2a8 fs/fat/ffunicode.32
                0x00000000c0005a9c                ff_uni2oem
                0x00000000c0005b3c                ff_oem2uni
                0x00000000c0005bb4                ff_wtoupper
 .text          0x00000000c0005d44      0xc76 fs/iso9660/iso9660.32
                0x00000000c0005f63                isoReadDiscSector
                0x00000000c0005ffe                strnicmp
                0x00000000c00062b1                stricmp
                0x00000000c00062fd                iso_open
                0x00000000c0006387                iso_close
                0x00000000c00063a5                iso_read
                0x00000000c00064bb                iso_seek
                0x00000000c000653f                iso_tell
                0x00000000c0006570                iso_total
                0x00000000c000659b                fn_postprocess
                0x00000000c00065c1                iso_readdir
                0x00000000c00067b2                iso_reset
                0x00000000c00067bf                init_percd
                0x00000000c00068b9                iso_ioctl
                0x00000000c00068c1                fs_iso9660_init
                0x00000000c000694a                fs_iso9660_shutdown
 .text          0x00000000c00069ba      0x685 core/computer.32
                0x00000000c00069ba                Computer::close(int, int, void*)
                0x00000000c00069ff                Krnl::firstTask()
                0x00000000c0006b32                Computer::Computer()
                0x00000000c0006b32                Computer::Computer()
                0x00000000c0006be4                Computer::setBootMessage(char const*)
                0x00000000c0006be6                Computer::detectFeatures()
                0x00000000c0006df0                Computer::displayFeatures()
                0x00000000c0006df2                Computer::rdmsr(unsigned int)
                0x00000000c0006e1e                Computer::wrmsr(unsigned int, unsigned long long)
                0x00000000c0006e56                Computer::shutdown()
                0x00000000c0006e6e                Computer::restart()
                0x00000000c0006e86                Computer::sleep()
                0x00000000c0006e9a                Computer::nmiEnabled()
                0x00000000c0006ea6                Computer::readCMOS(unsigned char)
                0x00000000c0006ec0                Computer::enableNMI(bool)
                0x00000000c0006ed8                Computer::open(int, int, void*)
                0x00000000c0006fac                Computer::disableNMI()
                0x00000000c0006fbc                Computer::writeCMOS(unsigned char, unsigned char)
                0x00000000c0006fda                Computer::handleNMI()
 *fill*         0x00000000c000703f        0x1 
 .text          0x00000000c0007040      0x1cf core/gdt.32
                0x00000000c0007040                GDTEntry::setBase(unsigned int)
                0x00000000c000705c                GDTEntry::setLimit(unsigned int)
                0x00000000c000707a                GDT::GDT()
                0x00000000c000707a                GDT::GDT()
                0x00000000c0007090                GDT::addEntry(GDTEntry)
                0x00000000c00070b2                GDT::getNumberOfEntries()
                0x00000000c00070ba                GDT::flush()
                0x00000000c00070dc                GDT::setup()
 .text          0x00000000c000720f       0x1d core/idle.32
                0x00000000c000720f                idleFunction(void*)
 .text          0x00000000c000722c      0x464 core/idt.32
                0x00000000c000722c                IDTEntry::IDTEntry(bool)
                0x00000000c000722c                IDTEntry::IDTEntry(bool)
                0x00000000c000729e                IDTEntry::setOffset(unsigned int)
                0x00000000c00072b4                IDT::IDT()
                0x00000000c00072b4                IDT::IDT()
                0x00000000c00072b6                IDT::getPointerToInvalidOpcodeEntryForF00F()
                0x00000000c00072be                IDT::addEntry(IDTEntry, int)
                0x00000000c00072d8                IDT::addEntry(int, void (*)(), bool)
                0x00000000c0007310                IDT::flush()
                0x00000000c000732a                IDT::setup()
 .text          0x00000000c0007690      0x183 core/kheap.32
                0x00000000c0007690                sbrk
                0x00000000c0007725                mmap
                0x00000000c000773b                munmap
                0x00000000c0007751                liballoc_lock()
                0x00000000c000775e                liballoc_unlock()
                0x00000000c0007772                liballoc_alloc(int)
                0x00000000c000778a                liballoc_free(void*, int)
                0x00000000c00077a5                realloc
                0x00000000c00077b9                malloc
                0x00000000c00077c9                free
                0x00000000c00077d9                rfree
                0x00000000c00077e9                calloc
 .text          0x00000000c0007813       0xc3 core/main.32
                0x00000000c0007813                KeEntryPoint
 .text          0x00000000c00078d6      0x5dc core/physmgr.32
                0x00000000c00078d6                Phys::allocateDMA(unsigned long)
                0x00000000c00079ad                Phys::freeDMA(unsigned long, unsigned long)
                0x00000000c00079e0                Phys::setPageState(unsigned long, bool)
                0x00000000c0007a12                Phys::getPageState(unsigned long)
                0x00000000c0007a33                Phys::freePage(unsigned long)
                0x00000000c0007a95                Phys::allocatePage()
                0x00000000c0007b53                Phys::allocateContiguousPages(int)
                0x00000000c0007baf                Phys::allowSegmentToBeUsed(unsigned long, unsigned long)
                0x00000000c0007be7                Phys::physicalMemorySetup(unsigned int)
 .text          0x00000000c0007eb2      0x273 core/pipe.32
                0x00000000c0007eb2                Pipe::isAtty()
                0x00000000c0007eb6                Pipe::~Pipe()
                0x00000000c0007eb6                Pipe::~Pipe()
                0x00000000c0007eda                Pipe::~Pipe()
                0x00000000c0007f02                Pipe::write(unsigned long long, void*, int*)
                0x00000000c0007fc2                Pipe::read(unsigned long long, void*, int*)
                0x00000000c00080be                Pipe::Pipe(int)
                0x00000000c00080be                Pipe::Pipe(int)
 *fill*         0x00000000c0008125        0x1 
 .text          0x00000000c0008126      0xaa0 core/terminal.32
                0x00000000c0008126                VgaText::isAtty()
                0x00000000c000812a                VgaText::~VgaText()
                0x00000000c000812a                VgaText::~VgaText()
                0x00000000c000814e                VgaText::~VgaText()
                0x00000000c0008178                VgaText::read(unsigned long long, void*, int*)
                0x00000000c0008198                setTerminalScrollLock(bool)
                0x00000000c0008199                doTerminalCycle()
                0x00000000c000819a                addToTerminalCycle(VgaText*)
                0x00000000c000819b                scrollTerminalScrollLock(int)
                0x00000000c000819c                VgaText::updateTitle()
                0x00000000c000819e                VgaText::load()
                0x00000000c00081a0                VgaText::updateCursor()
                0x00000000c00081b6                VgaText::doANSI_SGR(int)
                0x00000000c000822a                VgaText::setDefaultBgColour(VgaColour)
                0x00000000c000823a                VgaText::setDefaultFgColour(VgaColour)
                0x00000000c000824a                VgaText::setDefaultColours(VgaColour, VgaColour)
                0x00000000c000826a                VgaText::setTitleTextColour(VgaColour)
                0x00000000c0008276                VgaText::setTitleColour(VgaColour)
                0x00000000c0008282                VgaText::setTitle(char*)
                0x00000000c0008284                VgaText::combineColours(unsigned char, unsigned char)
                0x00000000c0008296                VgaText::scrollScreen()
                0x00000000c000832e                VgaText::combineCharAndColour(char, unsigned char)
                0x00000000c0008340                VgaText::writeCharacter(char, VgaColour, VgaColour, int, int)
                0x00000000c00083d0                VgaText::getCursorX()
                0x00000000c00083d8                VgaText::getCursorY()
                0x00000000c00083e0                VgaText::setCursor(int, int)
                0x00000000c00083f7                setActiveTerminal(VgaText*)
                0x00000000c0008442                VgaText::clearScreen()
                0x00000000c0008490                VgaText::setCursorX(int)
                0x00000000c00084a8                VgaText::setCursorY(int)
                0x00000000c00084c0                VgaText::incrementCursor(bool)
                0x00000000c0008514                VgaText::decrementCursor(bool)
                0x00000000c0008536                VgaText::putchar(char, VgaColour, VgaColour)
                0x00000000c0008604                VgaText::putchar(char)
                0x00000000c00086f0                VgaText::putx(unsigned int)
                0x00000000c0008736                VgaText::puts(char const*)
                0x00000000c000875c                VgaText::write(unsigned long long, void*, int*)
                0x00000000c00087a8                VgaText::puts(char const*, VgaColour, VgaColour)
                0x00000000c00088fa                VgaText::VgaText(char const*)
                0x00000000c00088fa                VgaText::VgaText(char const*)
                0x00000000c0008a46                VgaText::receiveKey(unsigned char)
                0x00000000c0008ba0                VgaText::doUpdate()
                0x00000000c0008ba1                newTerminal(char*)
 *fill*         0x00000000c0008bc6        0x2 
 .text          0x00000000c0008bc8      0x1a1 core/tss.32
                0x00000000c0008bc8                TSS::TSS()
                0x00000000c0008bc8                TSS::TSS()
                0x00000000c0008bd8                TSS::setESP(unsigned long)
                0x00000000c0008bec                TSS::flush()
                0x00000000c0008c0c                TSS::setup(unsigned long, unsigned long)
 *fill*         0x00000000c0008d69        0x1 
 .text          0x00000000c0008d6a      0x4c2 core/unixfile.32
                0x00000000c0008d6a                ReservedFilename::read(unsigned long long, void*, int*)
                0x00000000c0008dc0                ReservedFilename::isAtty()
                0x00000000c0008ddc                ReservedFilename::write(unsigned long long, void*, int*)
                0x00000000c0008e3a                UnixFile::getFileDescriptor()
                0x00000000c0008e42                UnixFile::UnixFile(int)
                0x00000000c0008e42                UnixFile::UnixFile(int)
                0x00000000c0008ff2                ReservedFilename::ReservedFilename(int)
                0x00000000c0008ff2                ReservedFilename::ReservedFilename(int)
                0x00000000c0009024                UnixFile::~UnixFile()
                0x00000000c0009024                UnixFile::~UnixFile()
                0x00000000c00090bc                UnixFile::~UnixFile()
                0x00000000c00090e4                ReservedFilename::~ReservedFilename()
                0x00000000c00090e4                ReservedFilename::~ReservedFilename()
                0x00000000c0009108                ReservedFilename::~ReservedFilename()
                0x00000000c000912f                getFromFileDescriptor(int)
 .text          0x00000000c000922c     0x11a1 core/virtmgr.32
                0x00000000c000922c                Virt::setPageState(unsigned long, Virt::VirtPageState)
                0x00000000c0009261                Virt::getPageState(unsigned long)
                0x00000000c0009285                Virt::allocateKernelVirtualPages(int)
                0x00000000c0009396                Virt::freeSwapfilePage(unsigned long)
                0x00000000c00093b4                Virt::swapIDToSector(unsigned long)
                0x00000000c00093c6                Virt::allocateSwapfilePage()
                0x00000000c0009444                Virt::virtualMemorySetup()
                0x00000000c000948f                Virt::setupPageSwapping(int)
                0x00000000c0009500                VAS::VAS()
                0x00000000c0009500                VAS::VAS()
                0x00000000c000953c                VAS::VAS(VAS*)
                0x00000000c000953c                VAS::VAS(VAS*)
                0x00000000c000956a                VAS::getForeignPageTableEntry(bool, unsigned long)
                0x00000000c0009596                VAS::getPageTableEntry(unsigned long)
                0x00000000c00095b5                Virt::freeKernelVirtualPages(unsigned long)
                0x00000000c00096da                VAS::freeAllocatedPages(unsigned long)
                0x00000000c00096fe                VAS::virtualToPhysical(unsigned long)
                0x00000000c0009718                VAS::reflagRange(unsigned long, int, int, int)
                0x00000000c0009758                VAS::setToWriteCombining(unsigned long, int)
                0x00000000c000978c                VAS::mapOtherVASIn(bool, VAS*)
                0x00000000c00097b6                VAS::~VAS()
                0x00000000c00097b6                VAS::~VAS()
                0x00000000c000991a                VAS::mapPage(unsigned long, unsigned long, int)
                0x00000000c0009a1e                VAS::allocatePages(int, int)
                0x00000000c0009bf6                VAS::setCPUSpecific(unsigned long)
                0x00000000c0009c14                VAS::mapRange(unsigned long, unsigned long, int, int)
                0x00000000c0009cda                VAS::mapForeignPage(bool, VAS*, unsigned long, unsigned long, int)
                0x00000000c0009dc8                VAS::VAS(bool)
                0x00000000c0009dc8                VAS::VAS(bool)
                0x00000000c000a048                VAS::evict(unsigned long)
                0x00000000c000a10a                VAS::tryLoadBackOffDisk(unsigned long)
                0x00000000c000a1f8                VAS::scanForEviction()
                0x00000000c000a2d8                mapVASFirstTime
 .text          0x00000000c000a3cd       0x5f coreobjs/c++.32
                0x00000000c000a3cd                __cxa_atexit
                0x00000000c000a3d0                __cxa_finalize
                0x00000000c000a3d1                __stack_chk_fail
                0x00000000c000a407                __cxa_pure_virtual
                0x00000000c000a418                operator new[](unsigned long)
                0x00000000c000a41d                operator delete(void*, unsigned long)
                0x00000000c000a422                operator delete[](void*)
                0x00000000c000a427                operator delete[](void*, unsigned long)
 .text          0x00000000c000a42c      0x21c dbg/kconsole.32
                0x00000000c000a42c                Dbg::stringifyxWithBase(unsigned int, char*, int)
                0x00000000c000a497                Dbg::logc(char)
                0x00000000c000a4b7                Dbg::logs(char*)
                0x00000000c000a4d4                Dbg::logWriteInt(unsigned int)
                0x00000000c000a4f2                Dbg::logWriteIntBase(unsigned int, int)
                0x00000000c000a513                Dbg::kprintf(char const*, ...)
 .text          0x00000000c000a648      0xc5c fs/vfs.32
                0x00000000c000a648                File::read(unsigned long long, void*, int*)
                0x00000000c000a6a0                File::write(unsigned long long, void*, int*)
                0x00000000c000a6f8                Directory::read(unsigned long long, void*, int*)
                0x00000000c000a750                Directory::write(unsigned long long, void*, int*)
                0x00000000c000a77e                File::isAtty()
                0x00000000c000a782                Directory::isAtty()
                0x00000000c000a786                Filesystem::getlabel(LogicalDisk*, int, char*, unsigned int*)
                0x00000000c000a78c                Filesystem::setlabel(LogicalDisk*, int, char*)
                0x00000000c000a792                Filesystem::allocateSwapfile(char const*, int)
                0x00000000c000a798                File::~File()
                0x00000000c000a798                File::~File()
                0x00000000c000a7bc                File::~File()
                0x00000000c000a7e6                Directory::~Directory()
                0x00000000c000a7e6                Directory::~Directory()
                0x00000000c000a80a                Directory::~Directory()
                0x00000000c000a834                Filesystem::Filesystem()
                0x00000000c000a834                Filesystem::Filesystem()
                0x00000000c000a858                Filesystem::~Filesystem()
                0x00000000c000a858                Filesystem::~Filesystem()
                0x00000000c000a866                Filesystem::~Filesystem()
                0x00000000c000a88a                Fs::getcwd(Process*, char*, int)
                0x00000000c000a8b4                Fs::initVFS()
                0x00000000c000a8de                Fs::standardiseFiles(char*, char const*, char const*)
                0x00000000c000aa88                File::File(char const*, Process*)
                0x00000000c000aa88                File::File(char const*, Process*)
                0x00000000c000ab48                File::open(FileOpenMode)
                0x00000000c000aba6                File::close()
                0x00000000c000ac06                File::seek(unsigned long long)
                0x00000000c000ac5c                File::tell(unsigned long long*)
                0x00000000c000acac                File::rewind()
                0x00000000c000acc0                File::unlink()
                0x00000000c000ad0c                File::rename(char const*)
                0x00000000c000ad5a                File::chfatattr(unsigned char, unsigned char)
                0x00000000c000adb6                File::exists()
                0x00000000c000adf4                File::stat(unsigned long long*, bool*)
                0x00000000c000ae55                Fs::setcwd(Process*, char*)
                0x00000000c000afb2                Directory::Directory(char const*, Process*)
                0x00000000c000afb2                Directory::Directory(char const*, Process*)
                0x00000000c000b072                Directory::open()
                0x00000000c000b0ce                Directory::close()
                0x00000000c000b12e                Directory::unlink()
                0x00000000c000b17a                Directory::rename(char const*)
                0x00000000c000b1c8                Directory::exists()
                0x00000000c000b206                Directory::read(dirent*)
                0x00000000c000b252                Directory::create()
                0x00000000c000b29e                Filesystem::chfatattr(char const*, unsigned char, unsigned char)
 .text          0x00000000c000b2a4       0x86 hal/bus.32
                0x00000000c000b2a4                Bus::Bus(char const*)
                0x00000000c000b2a4                Bus::Bus(char const*)
                0x00000000c000b2dc                Bus::~Bus()
                0x00000000c000b2dc                Bus::~Bus()
                0x00000000c000b300                Bus::~Bus()
 .text          0x00000000c000b32a       0x96 hal/buzzer.32
                0x00000000c000b32a                beepThread(void*)
                0x00000000c000b367                Krnl::beep(int, int, bool)
 .text          0x00000000c000b3c0      0x46d hal/clock.32
                0x00000000c000b3c0                User::loadClockSettings(int)
                0x00000000c000b412                Clock::Clock(char const*)
                0x00000000c000b412                Clock::Clock(char const*)
                0x00000000c000b448                Clock::~Clock()
                0x00000000c000b448                Clock::~Clock()
                0x00000000c000b46c                Clock::~Clock()
                0x00000000c000b496                Clock::timeInSecondsLocal()
                0x00000000c000b4de                Clock::setTimeInSecondsLocal(unsigned long long)
                0x00000000c000b537                datetimeToSeconds(datetime_t)
                0x00000000c000b664                Clock::setTimeInDatetimeLocal(datetime_t)
                0x00000000c000b6c4                secondsToDatetime(unsigned long long)
                0x00000000c000b808                Clock::timeInDatetimeLocal()
 *fill*         0x00000000c000b82d        0x1 
 .text          0x00000000c000b82e      0x464 hal/device.32
                0x00000000c000b82e                Device::hibernate()
                0x00000000c000b830                Device::wake()
                0x00000000c000b832                Device::detect()
                0x00000000c000b834                Device::disableLegacy()
                0x00000000c000b836                Device::powerSaving(PowerSavingLevel)
                0x00000000c000b838                DriverlessDevice::close(int, int, void*)
                0x00000000c000b83c                DriverlessDevice::detect()
                0x00000000c000b83e                DriverlessDevice::open(int, int, void*)
                0x00000000c000b852                Device::~Device()
                0x00000000c000b852                Device::~Device()
                0x00000000c000b860                Device::~Device()
                0x00000000c000b888                Device::findAndLoadDriver()
                0x00000000c000b896                Device::preOpenPCI(PCIDeviceInfo)
                0x00000000c000b8bc                Device::preOpenACPI(void*, char*, char*)
                0x00000000c000b8fc                Device::addIRQHandler(int, void (*)(regs*, void*), bool, void*)
                0x00000000c000b926                Device::getParent()
                0x00000000c000b932                Device::removeIRQHandler(int, void (*)(regs*, void*), bool)
                0x00000000c000b950                Device::addChild(Device*)
                0x00000000c000b994                Device::removeAllChildren()
                0x00000000c000b9da                Device::hibernateAll()
                0x00000000c000ba0a                Device::wakeAll()
                0x00000000c000ba3a                Device::detectAll()
                0x00000000c000ba6a                Device::disableLegacyAll()
                0x00000000c000ba6c                Device::loadDriversForAll()
                0x00000000c000ba6e                Device::closeAll()
                0x00000000c000baa4                Device::powerSavingAll(PowerSavingLevel)
                0x00000000c000bada                Device::setName(char const*)
                0x00000000c000bae8                Device::Device(char const*)
                0x00000000c000bae8                Device::Device(char const*)
                0x00000000c000bbe4                Device::getName()
                0x00000000c000bbee                DriverlessDevice::DriverlessDevice(char const*)
                0x00000000c000bbee                DriverlessDevice::DriverlessDevice(char const*)
                0x00000000c000bc24                Device::addToLinkedList(LinkedList<Device>&, DeviceType)
                0x00000000c000bc68                getDevicesOfType(DeviceType)
 *fill*         0x00000000c000bc92        0x2 
 .text          0x00000000c000bc94       0x86 hal/diskctrl.32
                0x00000000c000bc94                HardDiskController::HardDiskController(char const*)
                0x00000000c000bc94                HardDiskController::HardDiskController(char const*)
                0x00000000c000bccc                HardDiskController::~HardDiskController()
                0x00000000c000bccc                HardDiskController::~HardDiskController()
                0x00000000c000bcf0                HardDiskController::~HardDiskController()
 .text          0x00000000c000bd1a       0xe2 hal/diskphys.32
                0x00000000c000bd1a                PhysicalDisk::eject()
                0x00000000c000bd1e                PhysicalDisk::PhysicalDisk(char const*, int)
                0x00000000c000bd1e                PhysicalDisk::PhysicalDisk(char const*, int)
                0x00000000c000bd86                PhysicalDisk::startCache()
                0x00000000c000bdae                PhysicalDisk::~PhysicalDisk()
                0x00000000c000bdae                PhysicalDisk::~PhysicalDisk()
                0x00000000c000bdd2                PhysicalDisk::~PhysicalDisk()
 .text          0x00000000c000bdfc        0x0 hal/fpu.32
 .text          0x00000000c000bdfc      0x35d hal/intctrl.32
                0x00000000c000bdfc                int_handler
                0x00000000c000be84                installISRHandler(int, void (*)(regs*, void*), void*)
                0x00000000c000becc                installIRQHandler(int, void (*)(regs*, void*), bool, void*)
                0x00000000c000c004                uninstallISRHandler(int, void (*)(regs*, void*))
                0x00000000c000c038                uninstallIRQHandler(int, void (*)(regs*, void*), bool)
                0x00000000c000c0b7                setupINTS()
                0x00000000c000c114                convertLegacyIRQNumber(int)
 *fill*         0x00000000c000c159        0x1 
 .text          0x00000000c000c15a      0x7cc hal/keybrd.32
                0x00000000c000c15a                startGUI(void*)
                0x00000000c000c1c6                startGUIVESA(void*)
                0x00000000c000c232                sendKeyToTerminal(unsigned char)
                0x00000000c000c2fb                sendKeyboardToken(KeyboardToken)
                0x00000000c000c73b                clearInternalKeybuffer(VgaText*)
                0x00000000c000c770                readKeyboard(VgaText*, char*, unsigned long)
                0x00000000c000c89c                Keyboard::Keyboard(char const*)
                0x00000000c000c89c                Keyboard::Keyboard(char const*)
                0x00000000c000c8d8                Keyboard::~Keyboard()
                0x00000000c000c8d8                Keyboard::~Keyboard()
                0x00000000c000c8fc                Keyboard::~Keyboard()
 .text          0x00000000c000c926      0x3ea hal/logidisk.32
                0x00000000c000c926                LogicalDisk::close(int, int, void*)
                0x00000000c000c92a                LogicalDisk::~LogicalDisk()
                0x00000000c000c92a                LogicalDisk::~LogicalDisk()
                0x00000000c000c94e                LogicalDisk::~LogicalDisk()
                0x00000000c000c978                LogicalDisk::open(int, int, void*)
                0x00000000c000c98c                LogicalDisk::absoluteToRelative(unsigned long long)
                0x00000000c000c9c4                LogicalDisk::relativeToAbsolute(unsigned long long)
                0x00000000c000ca0a                LogicalDisk::LogicalDisk(char const*, PhysicalDisk*, unsigned long long, unsigned long long)
                0x00000000c000ca0a                LogicalDisk::LogicalDisk(char const*, PhysicalDisk*, unsigned long long, unsigned long long)
                0x00000000c000cac0                LogicalDisk::assignDriveLetter()
                0x00000000c000cb76                LogicalDisk::mount()
                0x00000000c000cbbe                LogicalDisk::unmount()
                0x00000000c000cbce                LogicalDisk::eject()
                0x00000000c000cbe2                LogicalDisk::unassignDriveLetter()
                0x00000000c000cc38                LogicalDisk::read(unsigned long long, int, void*)
                0x00000000c000cca4                LogicalDisk::write(unsigned long long, int, void*)
 .text          0x00000000c000cd10       0x86 hal/mouse.32
                0x00000000c000cd10                Mouse::Mouse(char const*)
                0x00000000c000cd10                Mouse::Mouse(char const*)
                0x00000000c000cd48                Mouse::~Mouse()
                0x00000000c000cd48                Mouse::~Mouse()
                0x00000000c000cd6c                Mouse::~Mouse()
 .text          0x00000000c000cd96      0x339 hal/partition.32
                0x00000000c000cd96                makePartition(PhysicalDisk*, unsigned long long, unsigned long long)
                0x00000000c000ce3e                createPartitionsForDisk(PhysicalDisk*)
 *fill*         0x00000000c000d0cf        0x1 
 .text          0x00000000c000d0d0       0x86 hal/serial.32
                0x00000000c000d0d0                Serial::Serial(char const*)
                0x00000000c000d0d0                Serial::Serial(char const*)
                0x00000000c000d108                Serial::~Serial()
                0x00000000c000d108                Serial::~Serial()
                0x00000000c000d12c                Serial::~Serial()
 *fill*         0x00000000c000d156        0x2 
 .text          0x00000000c000d158      0x234 hal/timer.32
                0x00000000c000d158                Timer::Timer(char const*)
                0x00000000c000d158                Timer::Timer(char const*)
                0x00000000c000d190                Timer::~Timer()
                0x00000000c000d190                Timer::~Timer()
                0x00000000c000d1b4                Timer::~Timer()
                0x00000000c000d1de                Timer::read()
                0x00000000c000d1e9                setupTimer(int)
                0x00000000c000d224                timerHandler(unsigned int)
 .text          0x00000000c000d38c      0x3ce hal/vcache.32
                0x00000000c000d38c                VCache::VCache(PhysicalDisk*)
                0x00000000c000d38c                VCache::VCache(PhysicalDisk*)
                0x00000000c000d4f4                VCache::invalidateReadBuffer()
                0x00000000c000d504                VCache::writeWriteBuffer()
                0x00000000c000d550                VCache::~VCache()
                0x00000000c000d550                VCache::~VCache()
                0x00000000c000d5a4                VCache::~VCache()
                0x00000000c000d5cc                VCache::write(unsigned long long, int, void*)
                0x00000000c000d6e2                VCache::read(unsigned long long, int, void*)
 .text          0x00000000c000d75a      0x4b3 hal/video.32
                0x00000000c000d75a                Video::putrect(int, int, int, int, unsigned int)
                0x00000000c000d7a6                Video::bitblit(int, int, int, int, int, int, int, unsigned int*)
                0x00000000c000d816                Video::blit(unsigned int*, int, int, int, int)
                0x00000000c000d894                Video::clearScreen(unsigned int)
                0x00000000c000d8c8                Video::putpixel(int, int, unsigned int)
                0x00000000c000d8d6                Video::Video(char const*)
                0x00000000c000d8d6                Video::Video(char const*)
                0x00000000c000d90c                Video::~Video()
                0x00000000c000d90c                Video::~Video()
                0x00000000c000d930                Video::~Video()
                0x00000000c000d95a                Video::isMonochrome()
                0x00000000c000d966                Video::getWidth()
                0x00000000c000d972                Video::getHeight()
                0x00000000c000d97e                Video::drawCursor(int, int, unsigned char*, int)
                0x00000000c000da3a                Video::tgaParse(unsigned char*, int, int*, int*)
                0x00000000c000dba2                Video::putTGA(int, int, unsigned char*, int)
 *fill*         0x00000000c000dc0d        0x3 
 .text          0x00000000c000dc10     0x1307 hw/acpi.32
                0x00000000c000dc10                ACPI::close(int, int, void*)
                0x00000000c000dcc8                findRSDP()
                0x00000000c000dd58                loadACPITables(unsigned char*)
                0x00000000c000dfbc                findRSDT(unsigned char*)
                0x00000000c000e10c                findDataTable(unsigned char*, char*)
                0x00000000c000e184                scanMADT()
                0x00000000c000e658                ACPI::ACPI()
                0x00000000c000e658                ACPI::ACPI()
                0x00000000c000e6ac                ACPI::getPCIIRQAssignment(unsigned char, unsigned short, unsigned char)
                0x00000000c000e794                ACPI::registerPCIIRQAssignment(void*, unsigned short, unsigned char, unsigned char)
                0x00000000c000e85c                ACPI::setScreenBrightnessLevel(void*, int)
                0x00000000c000e864                ACPI::detectPCI()
                0x00000000c000ea6c                ACPI::writeSimpleBootFlag(SimpleBootFlagTable*)
                0x00000000c000eac0                ACPI::sleep()
                0x00000000c000eadc                ACPI::open(int, int, void*)
 *fill*         0x00000000c000ef17        0x1 
 .text          0x00000000c000ef18      0xb95 hw/cpu.32
                0x00000000c000ef18                CPU::close(int, int, void*)
                0x00000000c000ef1c                CPU::AMD_K6_write_msr(unsigned int, unsigned int, unsigned int, CPU::REGS*)
                0x00000000c000ef38                CPU::AMD_K6_read_msr(unsigned int, CPU::REGS*)
                0x00000000c000ef50                CPU::AMD_K6_writeback(int, int, int)
                0x00000000c000efc4                CPU::cpuid(int, unsigned long*, unsigned long*, unsigned long*, unsigned long*)
                0x00000000c000f048                CPU::cpuidCheckEDX(unsigned int)
                0x00000000c000f076                CPU::cpuidCheckECX(unsigned int)
                0x00000000c000f0a4                CPU::cpuidCheckExtendedEBX(unsigned int)
                0x00000000c000f0d2                CPU::cpuidCheckExtendedECX(unsigned int)
                0x00000000c000f100                CPU::CPU()
                0x00000000c000f100                CPU::CPU()
                0x00000000c000f18e                CPU::displayFeatures()
                0x00000000c000f190                CPU::detectFeatures()
                0x00000000c000f854                CPU::setupSMEP()
                0x00000000c000f860                CPU::setupUMIP()
                0x00000000c000f86a                CPU::setupTSC()
                0x00000000c000f874                CPU::setupLargePages()
                0x00000000c000f87e                CPU::setupPAT()
                0x00000000c000f8ba                CPU::setupMTRR()
                0x00000000c000f8bc                CPU::setupGlobalPages()
                0x00000000c000f8c6                CPU::allowUsermodeDataAccess()
                0x00000000c000f8d8                CPU::prohibitUsermodeDataAccess()
                0x00000000c000f8ea                CPU::setupSMAP()
                0x00000000c000f8f8                CPU::setupFeatures()
                0x00000000c000f9c4                CPU::open(int, int, void*)
 .text          0x00000000c000faad       0xd1 krnl/bootmsg.32
                0x00000000c000faad                KeDisplaySplashScreen()
                0x00000000c000fb1b                KeSetBootMessage(char const*)
 .text          0x00000000c000fb7e      0x581 krnl/env.32
                0x00000000c000fb7e                EnvVarContainer::getEnv(char const*)
                0x00000000c000fbbc                EnvVarContainer::setEnv(char const*, char const*)
                0x00000000c000fc7e                EnvVarContainer::deleteEnv(char const*)
                0x00000000c000fc80                EnvVarContainer::loadFrom(char const*, char const*)
                0x00000000c000fe66                EnvVarContainer::__loadSystem()
                0x00000000c000fe80                EnvVarContainer::__loadUser()
                0x00000000c000fe82                EnvVarContainer::EnvVarContainer(Process*)
                0x00000000c000fe82                EnvVarContainer::EnvVarContainer(Process*)
                0x00000000c000fea4                EnvVarContainer::~EnvVarContainer()
                0x00000000c000fea4                EnvVarContainer::~EnvVarContainer()
                0x00000000c000fed4                Krnl::getEnv(Process*, char const*)
                0x00000000c000ff39                Krnl::setEnvSystem(char const*, char const*)
                0x00000000c000ff53                Krnl::setEnvUser(char const*, char const*)
                0x00000000c000ff72                Krnl::setEnvProcess(Process*, char const*, char const*)
                0x00000000c000ff85                Krnl::deleteEnvSystem(char const*)
                0x00000000c000ff86                Krnl::deleteEnvUser(char const*)
                0x00000000c000ff87                Krnl::deleteEnvProcess(Process*, char const*)
                0x00000000c000ff88                Krnl::newProcessEnv(Process*)
                0x00000000c000ffaa                Krnl::copyProcessEnv(Process*, Process*)
                0x00000000c000fff6                Krnl::loadSystemEnv()
                0x00000000c0010024                Krnl::loadUserEnv()
                0x00000000c001004a                Krnl::flushEnv()
                0x00000000c001004b                Krnl::getProcessTotalEnvCount(Process*)
                0x00000000c001006b                Krnl::getProcessEnvPair(Process*, int)
 .text          0x00000000c00100ff       0x94 krnl/inlines.32
                0x00000000c00100ff                CPU::current()
                0x00000000c001010b                operator new(unsigned long)
                0x00000000c0010110                operator delete(void*)
                0x00000000c0010115                disableIRQs()
                0x00000000c0010117                enableIRQs()
                0x00000000c0010119                lockScheduler()
                0x00000000c0010121                unlockScheduler()
                0x00000000c0010130                lockStuff()
                0x00000000c001013e                unlockStuff()
                0x00000000c0010178                Virt::getAKernelVAS()
                0x00000000c001017e                __not_memcpy
 .text          0x00000000c0010193        0xc krnl/panic.32
                0x00000000c0010193                KePanic(char const*)
 .text          0x00000000c001019f      0x142 krnl/powctrl.32
                0x00000000c001019f                Krnl::powerThread(void*)
                0x00000000c00101cd                Krnl::changePowerSettings(Krnl::PowerSettings)
                0x00000000c00101e3                Krnl::userIOReceived()
                0x00000000c00101ee                Krnl::handlePowerButton()
                0x00000000c0010223                Krnl::handleSleepButton()
                0x00000000c0010258                Krnl::setupPowerManager()
 *fill*         0x00000000c00102e1        0x3 
 .text          0x00000000c00102e4      0x190 krnl/resolve.32
                0x00000000c00102e4                KeResolveCompatibilitySymbol(char*)
 .text          0x00000000c0010474      0x2c3 krnl/signal.32
                0x00000000c0010474                KiSigKill(int)
                0x00000000c00104a0                KiDefaultSignalHandlerIgnore(int)
                0x00000000c00104a1                KiDefaultSignalHandlerPause(int)
                0x00000000c00104cd                KiDefaultSignalHandlerResume(int)
                0x00000000c00104f9                KeDeinitSignals(SigHandlerBlock*)
                0x00000000c00104fe                KeInitSignals()
                0x00000000c0010549                KeRegisterSignalHandler(SigHandlerBlock*, int, void (*)(int), unsigned int, int)
                0x00000000c001057f                KeRaiseSignal(SigHandlerBlock*, int)
                0x00000000c00105fc                KeCheckSignal(SigHandlerBlock*)
                0x00000000c00106e7                KiCheckSignalZ
                0x00000000c00106fc                KeCompleteSignal(SigHandlerBlock*, int)
 .text          0x00000000c0010737      0xcfe krnl/syscalls.32
                0x00000000c0010737                SysSeekDir(regs*)
                0x00000000c001073c                SysTellDir(regs*)
                0x00000000c0010741                SysVerify(regs*)
                0x00000000c001074b                SysGetArgc(regs*)
                0x00000000c001075b                SysTTYName(regs*)
                0x00000000c0010763                SysFormatDisk(regs*)
                0x00000000c00107d0                SysSetDiskVolumeLabel(regs*)
                0x00000000c001081a                SysGetDiskVolumeLabel(regs*)
                0x00000000c001086f                SysShutdown(regs*)
                0x00000000c00108cd                SysRealpath(regs*)
                0x00000000c0010910                SysReadDir(regs*)
                0x00000000c0010990                SysIsATTY(regs*)
                0x00000000c00109ec                SysSeek(regs*)
                0x00000000c0010a45                SysTell(regs*)
                0x00000000c0010ab4                SysSize(regs*)
                0x00000000c0010b29                SysSizeFromFilename(regs*)
                0x00000000c0010bdc                SysClose(regs*)
                0x00000000c0010c3c                SysOpenDir(regs*)
                0x00000000c0010d4d                SysCloseDir(regs*)
                0x00000000c0010da1                SysMakeDir(regs*)
                0x00000000c0010e13                SysWait(regs*)
                0x00000000c0010e30                SysNotImpl(regs*)
                0x00000000c0010e4b                SysPanic(regs*)
                0x00000000c0010e66                SysRmdir(regs*)
                0x00000000c0010ecd                SysUnlink(regs*)
                0x00000000c0010f34                SysGetArgv(regs*)
                0x00000000c0010f81                SysUSleep(regs*)
                0x00000000c0010faa                SysSpawn(regs*)
                0x00000000c0011013                SysGetEnv(regs*)
                0x00000000c00110c2                SysSetFatAttrib(regs*)
                0x00000000c0011139                SysPipe(regs*)
                0x00000000c001117e                SysGetUnixTime(regs*)
                0x00000000c0011192                string_ends_with(char const*, char const*)
                0x00000000c00111dc                SysOpen(regs*)
                0x00000000c00113e3                KeSystemCall(regs*, void*)
 .text          0x00000000c0011435      0x50e reg/registry.32
                0x00000000c0011435                Reg::findLineFromLoadedData(char*, char*, char*)
                0x00000000c001158d                Reg::getLineFromRegistry(char*, char*, char*, char*)
                0x00000000c00116e2                Reg::getLine(char*, char*, char*)
                0x00000000c0011719                Reg::readInt(char*, char*, int*)
                0x00000000c0011804                Reg::readString(char*, char*, char*, int)
                0x00000000c0011885                Reg::readBool(char*, char*, bool*)
                0x00000000c00118aa                Reg::readBoolWithDefault(char*, char*, bool)
                0x00000000c00118d6                Reg::readIntWithDefault(char*, char*, int)
                0x00000000c0011902                Reg::readStringWithDefault(char*, char*, char*, int, char*)
 .text          0x00000000c0011943       0x36 sys/eject.32
                0x00000000c0011943                SysEject(regs*)
 .text          0x00000000c0011979       0x18 sys/exit.32
                0x00000000c0011979                SysExit(regs*)
 .text          0x00000000c0011991       0x1f sys/getcwd.32
                0x00000000c0011991                SysGetCwd(regs*)
 .text          0x00000000c00119b0        0xc sys/getpid.32
                0x00000000c00119b0                SysGetPID(regs*)
 .text          0x00000000c00119bc       0x1a sys/getramdata.32
                0x00000000c00119bc                SysGetRAMData(regs*)
 .text          0x00000000c00119d6       0x82 sys/getvgaptr.32
                0x00000000c00119d6                SysGetVGAPtr(regs*)
 .text          0x00000000c0011a58       0xa8 sys/loaddll.32
                0x00000000c0011a58                SysLoadDLL(regs*)
 .text          0x00000000c0011b00       0x68 sys/read.32
                0x00000000c0011b00                SysRead(regs*)
 .text          0x00000000c0011b68       0x29 sys/registersignal.32
                0x00000000c0011b68                SysRegisterSignal(regs*)
 .text          0x00000000c0011b91       0x67 sys/sbrk.32
                0x00000000c0011b91                SysSbrk(regs*)
 .text          0x00000000c0011bf8       0x1c sys/setcwd.32
                0x00000000c0011bf8                SysSetCwd(regs*)
 .text          0x00000000c0011c14       0x95 sys/settime.32
                0x00000000c0011c14                SysSetTime(regs*)
 .text          0x00000000c0011ca9       0x4a sys/timezone.32
                0x00000000c0011ca9                SysTimezone(regs*)
 .text          0x00000000c0011cf3       0x68 sys/write.32
                0x00000000c0011cf3                SysWrite(regs*)
 .text          0x00000000c0011d5b       0x62 sys/wsbe.32
                0x00000000c0011d5b                SysWsbe(regs*)
 .text          0x00000000c0011dbd       0x25 sys/yield.32
                0x00000000c0011dbd                SysYield(regs*)
 .text          0x00000000c0011de2     0x11e5 thr/elf.32
                0x00000000c0011de2                Thr::allocateMemoryForTask(Process*, File*, unsigned long, unsigned long, unsigned long)
                0x00000000c001206e                Thr::loadProgramIntoMemory(Process*, char const*)
                0x00000000c0012284                Thr::runtimeReferenceHelper()
                0x00000000c0012297                Thr::getAddressOfKernelSymbol(char const*)
                0x00000000c00122e6                Thr::loadKernelSymbolTable(char const*)
                0x00000000c00125a4                Thr::loadDriverIntoMemory(char const*, unsigned long, bool)
                0x00000000c0012cda                Thr::getDriverBaseFromAddress(unsigned long)
                0x00000000c0012d0c                Thr::getDriverNameFromAddress(unsigned long)
                0x00000000c0012d43                Thr::getDriverOffsetFromAddress(unsigned long)
                0x00000000c0012d5d                Thr::loadDLL(char const*, bool)
                0x00000000c0012f8e                Thr::executeDLL(unsigned long, void*)
 *fill*         0x00000000c0012fc7        0x1 
 .text          0x00000000c0012fc8     0x12fd thr/prcssthr.32
                0x00000000c0012fc8                userModeEntryPoint(void*)
                0x00000000c0012ff0                changeTSS
                0x00000000c0013020                switchToThread(ThreadControlBlock*)
                0x00000000c00130d4                Process::addArgs(char**)
                0x00000000c0013134                Process::Process(char const*, Process*, char**)
                0x00000000c0013134                Process::Process(char const*, Process*, char**)
                0x00000000c0013340                Process::Process(bool, char const*, Process*, char**)
                0x00000000c0013340                Process::Process(bool, char const*, Process*, char**)
                0x00000000c0013518                taskStartupFunction
                0x00000000c0013524                Semaphore::Semaphore(int)
                0x00000000c0013524                Semaphore::Semaphore(int)
                0x00000000c0013554                Mutex::Mutex()
                0x00000000c0013554                Mutex::Mutex()
                0x00000000c0013568                Process::createThread(void (*)(void*), void*, int)
                0x00000000c0013660                Process::createUserThread()
                0x00000000c0013680                setupMultitasking(void (*)())
                0x00000000c0013788                schedule()
                0x00000000c0013818                Semaphore::tryAcquire()
                0x00000000c00138e4                Semaphore::assertLocked(char const*)
                0x00000000c001395c                blockTaskWithSchedulerLockAlreadyHeld(TaskState)
                0x00000000c0013984                blockTask(TaskState)
                0x00000000c00139b4                waitTask(int, int*, int)
                0x00000000c00139f8                milliTenthSleepUntil(unsigned int)
                0x00000000c0013a88                milliTenthSleep(unsigned int)
                0x00000000c0013a98                sleep(unsigned int)
                0x00000000c0013ab4                Semaphore::acquire()
                0x00000000c0013b70                taskReturned
                0x00000000c0013bac                Thr::processFromPID(int)
                0x00000000c0013c4c                unblockTask(ThreadControlBlock*)
                0x00000000c0013cf0                cleanupTerminatedTask(ThreadControlBlock*)
                0x00000000c0013fbc                cleanerTaskFunction(void*)
                0x00000000c00140ac                terminateTask(int)
                0x00000000c0014178                Thr::terminateFromIRQ(int)
                0x00000000c0014188                Semaphore::release()
 .text          0x00000000c00142c5      0xb93 vm86/vm8086.32
                0x00000000c00142c5                Vm::inbv(unsigned short)
                0x00000000c00142d8                Vm::outbv(unsigned short, unsigned char)
                0x00000000c001430e                Vm::realToLinear(unsigned short, unsigned short)
                0x00000000c001431e                Vm::getSegment(unsigned int)
                0x00000000c0014326                Vm::getOffset(unsigned int)
                0x00000000c001432b                Vm::mainloop2()
                0x00000000c0014365                Vm::mainVm8086Loop(void*)
                0x00000000c0014375                Vm::mainloop3(unsigned long)
                0x00000000c001439b                Vm::initialise8086()
                0x00000000c00143de                Vm::finish8086()
                0x00000000c001443f                Vm::getOutput8086(unsigned char*)
                0x00000000c0014464                Vm::start8086FromBuffer(unsigned char*, int, unsigned short, unsigned short, unsigned short, unsigned short)
                0x00000000c001451d                Vm::start8086(char const*, unsigned short, unsigned short, unsigned short, unsigned short)
                0x00000000c0014685                Vm::doISR(regs*, int, unsigned char*, unsigned short, unsigned short)
                0x00000000c001470f                Vm::readByteFromReal(unsigned short, unsigned short)
                0x00000000c0014720                Vm::readWordFromReal(unsigned short, unsigned short)
                0x00000000c0014732                Vm::readDwordFromReal(unsigned short, unsigned short)
                0x00000000c0014743                Vm::writeByteFromReal(unsigned short, unsigned short, unsigned char)
                0x00000000c0014758                Vm::writeWordFromReal(unsigned short, unsigned short, unsigned short)
                0x00000000c001476e                Vm::writeDwordFromReal(unsigned short, unsigned short, unsigned int)
                0x00000000c0014783                Vm::faultHandler(regs*)
 .text          0x00000000c0014e58      0xa53 arch/i386/hal.32
                0x00000000c0014e58                noCopro(unsigned long)
                0x00000000c0014e59                nmiHandler(regs*, void*)
                0x00000000c0014e72                doubleFault(regs*, void*)
                0x00000000c0014e8b                displayDebugInfo(regs*)
                0x00000000c00151ac                HalSystemIdle()
                0x00000000c0015222                displayProgramFault(char const*)
                0x00000000c001526e                gpFault(regs*, void*)
                0x00000000c00152d3                pgFault(regs*, void*)
                0x00000000c0015359                otherISRHandler(regs*, void*)
                0x00000000c001538d                opcodeFault(regs*, void*)
                0x00000000c001540d                i386SaveCoprocessor(void*)
                0x00000000c0015421                i386LoadCoprocessor(void*)
                0x00000000c0015435                x87EmulHandler(regs*, void*)
                0x00000000c00154d2                HalInitialiseCoprocessor()
                0x00000000c0015580                HalPanic(char const*)
                0x00000000c0015679                HalQueryPerformanceCounter()
                0x00000000c0015694                HalInitialise()
                0x00000000c001583a                HalMakeBeep(int)
                0x00000000c0015874                HalGetRand()
                0x00000000c0015877                HalEndOfInterrupt(int)
                0x00000000c00158a8                HalRestart()
                0x00000000c00158a9                HalShutdown()
                0x00000000c00158aa                HalSleep()
 *fill*         0x00000000c00158ab        0x1 
 .text          0x00000000c00158ac      0x2f4 arch/i386/pic.32
                0x00000000c00158ac                picIoWait()
                0x00000000c00158b4                picDisable()
                0x00000000c00158e8                picGetIRQReg(int)
                0x00000000c001596c                picOpen()
                0x00000000c0015afc                picEOI(int)
 .text          0x00000000c0015ba0      0x64d arch/i386/rtc.32
                0x00000000c0015ba0                RTC::open(int, int, void*)
                0x00000000c0015ba4                RTC::close(int, int, void*)
                0x00000000c0015ba8                RTC::timeInSecondsUTC()
                0x00000000c0015bba                RTC::timeInDatetimeUTC()
                0x00000000c0015be0                RTC::setTimeInSecondsUTC(unsigned long long)
                0x00000000c0015c1e                RTC::~RTC()
                0x00000000c0015c1e                RTC::~RTC()
                0x00000000c0015c42                RTC::~RTC()
                0x00000000c0015c6c                RTC::get_update_in_progress_flag()
                0x00000000c0015c84                RTC::completeRTCRefresh()
                0x00000000c0015f3c                RTC::setTimeInDatetimeUTC(datetime_t)
                0x00000000c00160ef                rtcIRQHandler(regs*, void*)
                0x00000000c0016134                RTC::RTC()
                0x00000000c0016134                RTC::RTC()
 *fill*         0x00000000c00161ed        0x3 
 .text          0x00000000c00161f0      0x203 arch/i386/vga.32
                0x00000000c00161f0                HalConsoleScroll(int, int)
                0x00000000c00162f8                HalConsoleWriteCharacter(char, int, int, int, int)
                0x00000000c0016364                HalConsoleCursorUpdate(int, int)
 *fill*         0x00000000c00163f3        0x1 
 .text          0x00000000c00163f4     0x13e7 fs/fat/vfslink.32
                0x00000000c00163f4                FAT::getName()
                0x00000000c00163fc                FAT::tell(void*, unsigned long long*)
                0x00000000c0016438                FAT::stat(void*, unsigned long long*)
                0x00000000c0016474                FAT::~FAT()
                0x00000000c0016474                FAT::~FAT()
                0x00000000c0016498                FAT::~FAT()
                0x00000000c00164c0                FAT::getlabel(LogicalDisk*, int, char*, unsigned int*)
                0x00000000c0016564                FAT::setlabel(LogicalDisk*, int, char*)
                0x00000000c0016628                FAT::format(LogicalDisk*, int, char const*, int)
                0x00000000c00167fc                FAT::tryMount(LogicalDisk*, int)
                0x00000000c0016a14                FAT::allocateSwapfile(char const*, int)
                0x00000000c0016bd4                FAT::readDir(void*, unsigned long, void*, int*)
                0x00000000c0016d40                FAT::read(void*, unsigned long, void*, int*)
                0x00000000c0016da0                FAT::write(void*, unsigned long, void*, int*)
                0x00000000c0016e00                FAT::close(void*)
                0x00000000c0016e54                FAT::closeDir(void*)
                0x00000000c0016ea8                FAT::seek(void*, unsigned long long)
                0x00000000c0016f00                fatWrapperReadDisk
                0x00000000c0016f44                fatWrapperWriteDisk
                0x00000000c0016f88                fatWrapperIoctl
                0x00000000c00170a4                FAT::FAT()
                0x00000000c00170a4                FAT::FAT()
                0x00000000c00170f8                FAT::fixFilepath(char*)
                0x00000000c0017134                FAT::open(char const*, void**, FileOpenMode)
                0x00000000c001726c                FAT::openDir(char const*, void**)
                0x00000000c001731c                FAT::stat(char const*, unsigned long long*, bool*)
                0x00000000c0017414                FAT::unlink(char const*)
                0x00000000c0017494                FAT::chfatattr(char const*, unsigned char, unsigned char)
                0x00000000c0017620                FAT::rename(char const*, char const*)
                0x00000000c00176ec                FAT::mkdir(char const*)
                0x00000000c001776c                FAT::exists(char const*)
 *fill*         0x00000000c00177db        0x1 
 .text          0x00000000c00177dc       0xc6 fs/iso9660/helper.32
                0x00000000c00177dc                isoReadDiscSectorHelper
                0x00000000c0017838                iso_kprintf
                0x00000000c0017858                iso_kprintfd
 .text          0x00000000c00178a2      0x586 fs/iso9660/vfslink.32
                0x00000000c00178a2                ISO9660::format(LogicalDisk*, int, char const*, int)
                0x00000000c00178a8                ISO9660::getName()
                0x00000000c00178ae                ISO9660::closeDir(void*)
                0x00000000c00178b8                ISO9660::chfatattr(char const*, unsigned char, unsigned char)
                0x00000000c00178be                ISO9660::unlink(char const*)
                0x00000000c00178c4                ISO9660::write(void*, unsigned long, void*, int*)
                0x00000000c00178ca                ISO9660::rename(char const*, char const*)
                0x00000000c00178d0                ISO9660::mkdir(char const*)
                0x00000000c00178d6                ISO9660::~ISO9660()
                0x00000000c00178d6                ISO9660::~ISO9660()
                0x00000000c00178fa                ISO9660::~ISO9660()
                0x00000000c0017922                ISO9660::exists(char const*)
                0x00000000c0017936                ISO9660::open(char const*, void**, FileOpenMode)
                0x00000000c00179d6                ISO9660::openDir(char const*, void**)
                0x00000000c0017a66                ISO9660::read(void*, unsigned long, void*, int*)
                0x00000000c0017aa6                ISO9660::seek(void*, unsigned long long)
                0x00000000c0017ade                ISO9660::tell(void*, unsigned long long*)
                0x00000000c0017b14                ISO9660::stat(void*, unsigned long long*)
                0x00000000c0017b4e                ISO9660::stat(char const*, unsigned long long*, bool*)
                0x00000000c0017c20                ISO9660::close(void*)
                0x00000000c0017c46                ISO9660::readDir(void*, unsigned long, void*, int*)
                0x00000000c0017d13                readSectorFromCDROM(unsigned int, unsigned char*, char)
                0x00000000c0017d8e                ISO9660::tryMount(LogicalDisk*, int)
                0x00000000c0017e00                ISO9660::ISO9660()
                0x00000000c0017e00                ISO9660::ISO9660()
 .text          0x00000000c0017e28      0x26c hal/sound/sndcard.32
                0x00000000c0017e28                SoundCard::beginPlayback()
                0x00000000c0017e36                SoundCard::stopPlayback()
                0x00000000c0017e44                SoundCard::SoundCard(char const*)
                0x00000000c0017e44                SoundCard::SoundCard(char const*)
                0x00000000c0017ee2                SoundCard::~SoundCard()
                0x00000000c0017ee2                SoundCard::~SoundCard()
                0x00000000c0017f06                SoundCard::~SoundCard()
                0x00000000c0017f30                SoundCard::configureRates(int, int, int)
                0x00000000c0017f60                SoundCard::getSamples16(int, short*)
                0x00000000c0017fbc                SoundCard::getSamples32(int, int*)
                0x00000000c0018042                SoundCard::addChannel(SoundPort*)
                0x00000000c0018080                SoundCard::removeChannel(int)
 .text          0x00000000c0018094      0x377 hal/sound/sndport.32
                0x00000000c0018094                SoundPort::SoundPort(int, int, int, int)
                0x00000000c0018094                SoundPort::SoundPort(int, int, int, int)
                0x00000000c0018120                SoundPort::~SoundPort()
                0x00000000c0018120                SoundPort::~SoundPort()
                0x00000000c0018154                SoundPort::unpause()
                0x00000000c0018160                SoundPort::pause()
                0x00000000c001816c                SoundPort::getBufferUsed()
                0x00000000c0018174                SoundPort::getBufferSize()
                0x00000000c001817c                SoundPort::buffer16(short*, int)
                0x00000000c0018208                SoundPort::buffer32(int*, int)
                0x00000000c0018290                SoundPort::unbufferAndAdd16(int, short*, SoundCard*)
                0x00000000c0018354                SoundPort::unbufferAndAdd32(int, int*, SoundCard*)
 .text          0x00000000c001840b        0x0 hw/bus/isa.32
 *fill*         0x00000000c001840b        0x1 
 .text          0x00000000c001840c      0xb49 hw/bus/pci.32
                0x00000000c001840c                PCI::open(int, int, void*)
                0x00000000c001842a                PCI::close(int, int, void*)
                0x00000000c001842e                PCI::PCI()
                0x00000000c001842e                PCI::PCI()
                0x00000000c00184c8                PCI::readBAR8(unsigned int, int)
                0x00000000c00184e4                PCI::readBAR16(unsigned int, int)
                0x00000000c0018502                PCI::readBAR32(unsigned int, int)
                0x00000000c001851e                PCI::writeBAR8(unsigned int, unsigned char, int)
                0x00000000c001853e                PCI::writeBAR16(unsigned int, unsigned short, int)
                0x00000000c0018560                PCI::writeBAR32(unsigned int, unsigned int, int)
                0x00000000c0018580                PCI::legacyMechanism(unsigned char, unsigned char, unsigned char, unsigned char)
                0x00000000c00185ee                PCI::pciReadWord(unsigned char, unsigned char, unsigned char, unsigned char)
                0x00000000c0018696                PCI::getVendorID(unsigned char, unsigned char, unsigned char)
                0x00000000c00186ba                PCI::getHeaderType(unsigned char, unsigned char, unsigned char)
                0x00000000c00186e2                PCI::getClassCode(unsigned char, unsigned char, unsigned char)
                0x00000000c001872c                PCI::getProgIF(unsigned char, unsigned char, unsigned char)
                0x00000000c0018754                PCI::getRevisionID(unsigned char, unsigned char, unsigned char)
                0x00000000c0018778                PCI::getInterruptNumber(unsigned char, unsigned char, unsigned char)
                0x00000000c001879c                PCI::getSecondaryBus(unsigned char, unsigned char, unsigned char)
                0x00000000c00187c4                PCI::getBARAddress(unsigned char, unsigned char, unsigned char, unsigned char)
                0x00000000c0018828                PCI::pciWriteWord(unsigned char, unsigned char, unsigned char, unsigned char, unsigned short)
                0x00000000c0018910                PCI::pciDetailsToFilepath(PCIDeviceInfo, char*)
                0x00000000c0018b8a                PCI::checkBus(unsigned char)
                0x00000000c0018bb0                PCI::foundDevice(PCIDeviceInfo)
                0x00000000c0018d22                PCI::getDeviceData(unsigned char, unsigned char, unsigned char)
                0x00000000c0018e96                PCI::checkDevice(unsigned char, unsigned char)
                0x00000000c0018f02                PCI::detect()
 *fill*         0x00000000c0018f55        0x1 
 .text          0x00000000c0018f56      0xb5a hw/diskctrl/ide.32
                0x00000000c0018f56                IDE::close(int, int, void*)
                0x00000000c0018f5a                IDE::IDE()
                0x00000000c0018f5a                IDE::IDE()
                0x00000000c0018f8e                IDE::prepareInterrupt(unsigned char)
                0x00000000c0018fa0                selectDrive(unsigned char, unsigned char)
                0x00000000c0018fa2                IDE::getBase(unsigned char)
                0x00000000c0018fb4                IDE::write(unsigned char, unsigned char, unsigned char)
                0x00000000c0019074                IDE::read(unsigned char, unsigned char)
                0x00000000c0019122                IDE::waitInterrupt(unsigned char)
                0x00000000c001918a                ideChannel0IRQHandler(regs*, void*)
                0x00000000c00191a6                ideChannel1IRQHandler(regs*, void*)
                0x00000000c00191c2                IDE::enableIRQs(unsigned char, bool)
                0x00000000c0019208                IDE::open(int, int, void*)
                0x00000000c0019616                IDE::readBuffer(unsigned char, unsigned char, unsigned int, unsigned int)
                0x00000000c00196e2                IDE::detect()
                0x00000000c00199a2                IDE::printError(unsigned char, unsigned char, unsigned char)
                0x00000000c0019a52                IDE::polling(unsigned char, unsigned int)
 .text          0x00000000c0019ab0      0x32a hw/diskctrl/satabus.32
                0x00000000c0019ab0                SATABus::close(int, int, void*)
                0x00000000c0019ab4                SATABus::detect()
                0x00000000c0019ab6                SATABus::SATABus()
                0x00000000c0019ab6                SATABus::SATABus()
                0x00000000c0019b3c                SATABus::findCmdslot(SATABus::tagHBA_PORT volatile*)
                0x00000000c0019b6e                SATABus::checkType(SATABus::tagHBA_PORT volatile*)
                0x00000000c0019bb6                SATABus::startCmd(SATABus::tagHBA_PORT volatile*)
                0x00000000c0019bd6                SATABus::stopCmd(SATABus::tagHBA_PORT volatile*)
                0x00000000c0019c00                SATABus::portRebase(SATABus::tagHBA_PORT volatile*, int)
                0x00000000c0019d10                SATABus::probePort(SATABus::tagHBA_MEM volatile*)
                0x00000000c0019dba                SATABus::open(int, int, void*)
 .text          0x00000000c0019dda      0x5f4 hw/diskphys/ata.32
                0x00000000c0019dda                ATA::close(int, int, void*)
                0x00000000c0019dfe                ATA::powerSaving(PowerSavingLevel)
                0x00000000c0019e00                ATA::ATA()
                0x00000000c0019e00                ATA::ATA()
                0x00000000c0019e2e                ATA::flush(bool)
                0x00000000c0019e78                ATA::readyForCommand()
                0x00000000c0019ec4                ATA::access(unsigned long long, int, void*, bool)
                0x00000000c001a240                ATA::read(unsigned long long, int, void*)
                0x00000000c001a28c                ATA::write(unsigned long long, int, void*)
                0x00000000c001a2d8                ATA::detectCHS()
                0x00000000c001a302                ATA::open(int, int, void*)
 .text          0x00000000c001a3ce      0x60e hw/diskphys/atapi.32
                0x00000000c001a3ce                ATAPI::write(unsigned long long, int, void*)
                0x00000000c001a3d4                ATAPI::close(int, int, void*)
                0x00000000c001a3f8                ATAPI::ATAPI()
                0x00000000c001a3f8                ATAPI::ATAPI()
                0x00000000c001a426                ATAPI::readyForCommand()
                0x00000000c001a478                ATAPI::sendPacket(unsigned char*, int, bool, unsigned short*, int)
                0x00000000c001a738                ATAPI::diskRemoved()
                0x00000000c001a772                ATAPI::eject()
                0x00000000c001a7ba                ATAPI::diskInserted()
                0x00000000c001a7c6                ATAPI::detectMedia()
                0x00000000c001a882                ATAPI::open(int, int, void*)
                0x00000000c001a962                ATAPI::read(unsigned long long, int, void*)
 .text          0x00000000c001a9dc      0x402 hw/diskphys/sata.32
                0x00000000c001a9dc                SATA::close(int, int, void*)
                0x00000000c001aa00                SATA::powerSaving(PowerSavingLevel)
                0x00000000c001aa02                SATA::open(int, int, void*)
                0x00000000c001aaac                SATA::SATA()
                0x00000000c001aaac                SATA::SATA()
                0x00000000c001aada                SATA::access(unsigned long long, int, void*, bool)
                0x00000000c001ad26                SATA::read(unsigned long long, int, void*)
                0x00000000c001ad72                SATA::write(unsigned long long, int, void*)
 .text          0x00000000c001adde      0x5af hw/diskphys/satapi.32
                0x00000000c001adde                SATAPI::write(unsigned long long, int, void*)
                0x00000000c001ade4                SATAPI::close(int, int, void*)
                0x00000000c001ae08                SATAPI::SATAPI()
                0x00000000c001ae08                SATAPI::SATAPI()
                0x00000000c001ae36                SATAPI::diskRemoved()
                0x00000000c001ae38                SATAPI::diskInserted()
                0x00000000c001ae54                SATAPI::sendPacket(unsigned char*, int, unsigned long long, unsigned short*, int)
                0x00000000c001b134                SATAPI::eject()
                0x00000000c001b170                SATAPI::detectMedia()
                0x00000000c001b196                SATAPI::open(int, int, void*)
                0x00000000c001b296                SATAPI::read(unsigned long long, int, void*)
 *fill*         0x00000000c001b38d        0x1 
 .text          0x00000000c001b38e      0x455 hw/intctrl/apic.32
                0x00000000c001b38e                IOAPIC::close(int, int, void*)
                0x00000000c001b394                apicGetBase()
                0x00000000c001b3d6                IOAPIC::IOAPIC()
                0x00000000c001b3d6                IOAPIC::IOAPIC()
                0x00000000c001b3fe                apicOpen()
                0x00000000c001b564                IOAPIC::handlesGSIWithNumber(unsigned int)
                0x00000000c001b596                IOAPIC::read(int)
                0x00000000c001b5be                IOAPIC::open(int, int, void*)
                0x00000000c001b6b2                IOAPIC::write(int, int)
                0x00000000c001b6de                IOAPIC::redirect(unsigned char, unsigned long long, unsigned char, bool, bool)
 *fill*         0x00000000c001b7e3        0x1 
 .text          0x00000000c001b7e4       0xf0 hw/timer/apictimer.32
                0x00000000c001b7e4                APICTimer::close(int, int, void*)
                0x00000000c001b7ec                apicTimerHandler(regs*, void*)
                0x00000000c001b814                APICTimer::open(int, int, void*)
                0x00000000c001b884                APICTimer::write(int)
                0x00000000c001b8ac                APICTimer::APICTimer()
                0x00000000c001b8ac                APICTimer::APICTimer()
 .text          0x00000000c001b8d4      0x1aa hw/timer/pit.32
                0x00000000c001b8d4                PIT::write(int)
                0x00000000c001b958                pitHandler(regs*, void*)
                0x00000000c001b97c                PIT::open(int, int, void*)
                0x00000000c001b9cc                PIT::close(int, int, void*)
                0x00000000c001b9fc                PIT::PIT()
                0x00000000c001b9fc                PIT::PIT()
 *fill*         0x00000000c001ba7e        0x2 
 .text          0x00000000c001ba80       0x83 arch/i386/avx.32
                0x00000000c001ba80                avxDetect
                0x00000000c001baaa                avxSave
                0x00000000c001babb                avxLoad
                0x00000000c001bacc                avxInit
                0x00000000c001baee                avxClose
                0x00000000c001baef                wouldSheSayYes
 *fill*         0x00000000c001bb03        0xd 
 .text          0x00000000c001bb10      0x231 arch/i386/interrupt.32
                0x00000000c001bb10                isr0
                0x00000000c001bb20                isr1
                0x00000000c001bb2a                isr2
                0x00000000c001bb34                isr3
                0x00000000c001bb3e                isr4
                0x00000000c001bb48                isr5
                0x00000000c001bb52                isr6
                0x00000000c001bb5c                isr7
                0x00000000c001bb66                isr8
                0x00000000c001bb6e                isr9
                0x00000000c001bb78                isr10
                0x00000000c001bb80                isr11
                0x00000000c001bb88                isr12
                0x00000000c001bb90                isr13
                0x00000000c001bb98                isr14
                0x00000000c001bba0                isr15
                0x00000000c001bbaa                isr16
                0x00000000c001bbb4                isr17
                0x00000000c001bbbe                isr18
                0x00000000c001bbc8                irq3
                0x00000000c001bbd2                irq4
                0x00000000c001bbdc                irq5
                0x00000000c001bbe6                irq6
                0x00000000c001bbf0                irq7
                0x00000000c001bbfa                irq8
                0x00000000c001bc04                irq9
                0x00000000c001bc0e                irq10
                0x00000000c001bc18                irq11
                0x00000000c001bc22                irq12
                0x00000000c001bc2c                irq13
                0x00000000c001bc36                irq14
                0x00000000c001bc40                irq15
                0x00000000c001bc4a                irq1
                0x00000000c001bc51                irq2
                0x00000000c001bc58                isr96
                0x00000000c001bc5f                irq0
                0x00000000c001bc64                int_common_stub
                0x00000000c001bc96                syscall_common_stub
                0x00000000c001bcf1                irq16
                0x00000000c001bcfb                irq17
                0x00000000c001bd05                irq18
                0x00000000c001bd0f                irq19
                0x00000000c001bd19                irq20
                0x00000000c001bd23                irq21
                0x00000000c001bd2d                irq22
                0x00000000c001bd37                irq23
 *fill*         0x00000000c001bd41        0xf 
 .text          0x00000000c001bd50       0x10 arch/i386/rdrand.32
                0x00000000c001bd50                i386GetRDRAND
 .text          0x00000000c001bd60       0x39 arch/i386/sse.32
                0x00000000c001bd60                absolutelyNoChanceInHell
                0x00000000c001bd60                sseDetect
                0x00000000c001bd78                sseSave
                0x00000000c001bd80                sseLoad
                0x00000000c001bd88                sseInit
                0x00000000c001bd98                sseClose
 *fill*         0x00000000c001bd99        0x7 
 .text          0x00000000c001bda0       0x49 arch/i386/x87.32
                0x00000000c001bda6                x87Detect
                0x00000000c001bdc1                x87Save
                0x00000000c001bdc8                x87Load
                0x00000000c001bdcf                x87Init
                0x00000000c001bde8                x87Close
 *fill*         0x00000000c001bde9        0x3 
 .text          0x00000000c001bdec       0x25 /cygdrive/d/Users/Alex/Desktop/Toolchain/Output/bin/../lib/gcc/i386-banana/8.1.0/crtend.o
 .text          0x00000000c001be11        0x0 crtn.32
 *fill*         0x00000000c001be11        0x3 
 .text          0x00000000c001be14      0x14b /cygdrive/d/Users/Alex/Desktop/Toolchain/Output/bin/../lib/gcc/i386-banana/8.1.0/libkgcc.a(_divdi3.o)
                0x00000000c001be14                __divdi3
 *fill*         0x00000000c001bf5f        0x1 
 .text          0x00000000c001bf60      0x17e /cygdrive/d/Users/Alex/Desktop/Toolchain/Output/bin/../lib/gcc/i386-banana/8.1.0/libkgcc.a(_moddi3.o)
                0x00000000c001bf60                __moddi3
 *fill*         0x00000000c001c0de        0x2 
 .text          0x00000000c001c0e0       0xff /cygdrive/d/Users/Alex/Desktop/Toolchain/Output/bin/../lib/gcc/i386-banana/8.1.0/libkgcc.a(_udivdi3.o)
                0x00000000c001c0e0                __udivdi3
 *fill*         0x00000000c001c1df        0x1 
 .text          0x00000000c001c1e0      0x11a /cygdrive/d/Users/Alex/Desktop/Toolchain/Output/bin/../lib/gcc/i386-banana/8.1.0/libkgcc.a(_umoddi3.o)
                0x00000000c001c1e0                __umoddi3
 *(.gnu.linkonce.t*)

.iplt           0x00000000c001c300        0x0
 .iplt          0x00000000c001c300        0x0 D:/Users/Alex/Desktop/Banana/kernel/boot.32

.init           0x00000000c001c2fa        0xf
 .init          0x00000000c001c2fa        0x3 crti.32
                0x00000000c001c2fa                _init
 .init          0x00000000c001c2fd        0x5 /cygdrive/d/Users/Alex/Desktop/Toolchain/Output/bin/../lib/gcc/i386-banana/8.1.0/crtbegin.o
 .init          0x00000000c001c302        0x5 /cygdrive/d/Users/Alex/Desktop/Toolchain/Output/bin/../lib/gcc/i386-banana/8.1.0/crtend.o
 .init          0x00000000c001c307        0x2 crtn.32

.fini           0x00000000c001c309        0xa
 .fini          0x00000000c001c309        0x3 crti.32
                0x00000000c001c309                _fini
 .fini          0x00000000c001c30c        0x5 /cygdrive/d/Users/Alex/Desktop/Toolchain/Output/bin/../lib/gcc/i386-banana/8.1.0/crtbegin.o
 .fini          0x00000000c001c311        0x2 crtn.32

.text._ZN8ComputerD2Ev
                0x00000000c001c314       0x23
 .text._ZN8ComputerD2Ev
                0x00000000c001c314       0x23 core/computer.32
                0x00000000c001c314                Computer::~Computer()
                0x00000000c001c314                Computer::~Computer()

.text._ZN8ComputerD0Ev
                0x00000000c001c338       0x2a
 .text._ZN8ComputerD0Ev
                0x00000000c001c338       0x2a core/computer.32
                0x00000000c001c338                Computer::~Computer()

.text._Z10idleCommonv
                0x00000000c001c362       0x21
 .text._Z10idleCommonv
                0x00000000c001c362       0x21 core/idle.32
                0x00000000c001c362                idleCommon()

.text._ZN10LinkedListI8UnixFileED2Ev
                0x00000000c001c384        0x2
 .text._ZN10LinkedListI8UnixFileED2Ev
                0x00000000c001c384        0x2 core/unixfile.32
                0x00000000c001c384                LinkedList<UnixFile>::~LinkedList()
                0x00000000c001c384                LinkedList<UnixFile>::~LinkedList()

.text._ZN10LinkedListI8UnixFileEC2Ev
                0x00000000c001c386       0x42
 .text._ZN10LinkedListI8UnixFileEC2Ev
                0x00000000c001c386       0x42 core/unixfile.32
                0x00000000c001c386                LinkedList<UnixFile>::LinkedList()
                0x00000000c001c386                LinkedList<UnixFile>::LinkedList()

.text._ZN10LinkedListI8UnixFileE10addElementEPS0_
                0x00000000c001c3c8       0xd3
 .text._ZN10LinkedListI8UnixFileE10addElementEPS0_
                0x00000000c001c3c8       0xd3 core/unixfile.32
                0x00000000c001c3c8                LinkedList<UnixFile>::addElement(UnixFile*)

.text._ZN10LinkedListI8UnixFileE15getFirstElementEv
                0x00000000c001c49c        0x7
 .text._ZN10LinkedListI8UnixFileE15getFirstElementEv
                0x00000000c001c49c        0x7 core/unixfile.32
                0x00000000c001c49c                LinkedList<UnixFile>::getFirstElement()

.text._ZN10LinkedListI8UnixFileE11removeFirstEv
                0x00000000c001c4a4       0xa1
 .text._ZN10LinkedListI8UnixFileE11removeFirstEv
                0x00000000c001c4a4       0xa1 core/unixfile.32
                0x00000000c001c4a4                LinkedList<UnixFile>::removeFirst()

.text._ZN10LinkedListI8UnixFileE7getNextEPS0_
                0x00000000c001c546        0x8
 .text._ZN10LinkedListI8UnixFileE7getNextEPS0_
                0x00000000c001c546        0x8 core/unixfile.32
                0x00000000c001c546                LinkedList<UnixFile>::getNext(UnixFile*)

.text._ZN16DriverlessDeviceD2Ev
                0x00000000c001c54e       0x1a
 .text._ZN16DriverlessDeviceD2Ev
                0x00000000c001c54e       0x1a hal/device.32
                0x00000000c001c54e                DriverlessDevice::~DriverlessDevice()
                0x00000000c001c54e                DriverlessDevice::~DriverlessDevice()

.text._ZN16DriverlessDeviceD0Ev
                0x00000000c001c568       0x2a
 .text._ZN16DriverlessDeviceD0Ev
                0x00000000c001c568       0x2a hal/device.32
                0x00000000c001c568                DriverlessDevice::~DriverlessDevice()

.text._ZN10LinkedListI6DeviceE10addElementEPS0_
                0x00000000c001c592       0xdc
 .text._ZN10LinkedListI6DeviceE10addElementEPS0_
                0x00000000c001c592       0xdc hal/device.32
                0x00000000c001c592                LinkedList<Device>::addElement(Device*)

.text._ZN10LinkedListI6DeviceEC2Ev
                0x00000000c001c66e       0x42
 .text._ZN10LinkedListI6DeviceEC2Ev
                0x00000000c001c66e       0x42 hal/device.32
                0x00000000c001c66e                LinkedList<Device>::LinkedList()
                0x00000000c001c66e                LinkedList<Device>::LinkedList()

.text._ZN10LinkedListIV18ThreadControlBlockE7isEmptyEv
                0x00000000c001c6b0       0x1c
 .text._ZN10LinkedListIV18ThreadControlBlockE7isEmptyEv
                0x00000000c001c6b0       0x1c hal/timer.32
                0x00000000c001c6b0                LinkedList<ThreadControlBlock volatile>::isEmpty()

.text._ZN10LinkedListIV18ThreadControlBlockE15getFirstElementEv
                0x00000000c001c6cc        0x7
 .text._ZN10LinkedListIV18ThreadControlBlockE15getFirstElementEv
                0x00000000c001c6cc        0x7 hal/timer.32
                0x00000000c001c6cc                LinkedList<ThreadControlBlock volatile>::getFirstElement()

.text._ZN10LinkedListIV18ThreadControlBlockE11removeFirstEv