Archive member included to satisfy reference by file (symbol)

/cygdrive/d/Users/Alex/Desktop/Toolchain/Output/bin/../lib/gcc/i386-banana/8.1.0/libkgcc.a(_divdi3.o)
                              krnl/resolve.32 (__divdi3)
/cygdrive/d/Users/Alex/Desktop/Toolchain/Output/bin/../lib/gcc/i386-banana/8.1.0/libkgcc.a(_moddi3.o)
                              krnl/resolve.32 (__moddi3)
/cygdrive/d/Users/Alex/Desktop/Toolchain/Output/bin/../lib/gcc/i386-banana/8.1.0/libkgcc.a(_udivdi3.o)
                              hal/clock.32 (__udivdi3)
/cygdrive/d/Users/Alex/Desktop/Toolchain/Output/bin/../lib/gcc/i386-banana/8.1.0/libkgcc.a(_umoddi3.o)
                              hal/clock.32 (__umoddi3)

Allocating common symbols
Common symbol       size              file

dcache              0x40              fs/iso9660/iso9660.32
cdDriveLetter       0x1               fs/iso9660/iso9660.32
icache              0x40              fs/iso9660/iso9660.32

Discarded input sections

 .comment       0x0000000000000000       0x12 /cygdrive/d/Users/Alex/Desktop/Toolchain/Output/bin/../lib/gcc/i386-banana/8.1.0/crtbegin.o
 .comment       0x0000000000000000       0x12 acpica/utclib.32
 .comment       0x0000000000000000       0x12 krnl/malloc.32
 .comment       0x0000000000000000       0x12 libk/ctype.32
 .comment       0x0000000000000000       0x12 libk/string.32
 .comment       0x0000000000000000       0x12 arch/i386/cc.32
 .comment       0x0000000000000000       0x12 fs/fat/diskio.32
 .comment       0x0000000000000000       0x12 fs/fat/ff.32
 .comment       0x0000000000000000       0x12 fs/fat/ffsystem.32
 .comment       0x0000000000000000       0x12 fs/fat/ffunicode.32
 .comment       0x0000000000000000       0x12 fs/iso9660/iso9660.32
 .comment       0x0000000000000000       0x12 dbg/kconsole.32
 .comment       0x0000000000000000       0x12 dbg/usban.32
 .comment       0x0000000000000000       0x12 fs/symlink.32
 .group         0x0000000000000000        0xc fs/vfs.32
 .group         0x0000000000000000        0xc fs/vfs.32
 .group         0x0000000000000000        0xc fs/vfs.32
 .comment       0x0000000000000000       0x12 fs/vfs.32
 .group         0x0000000000000000        0xc hal/bus.32
 .comment       0x0000000000000000       0x12 hal/bus.32
 .comment       0x0000000000000000       0x12 hal/buzzer.32
 .group         0x0000000000000000        0xc hal/clock.32
 .comment       0x0000000000000000       0x12 hal/clock.32
 .group         0x0000000000000000       0x14 hal/device.32
 .group         0x0000000000000000        0xc hal/device.32
 .group         0x0000000000000000        0x8 hal/device.32
 .group         0x0000000000000000        0xc hal/device.32
 .group         0x0000000000000000        0xc hal/device.32
 .comment       0x0000000000000000       0x12 hal/device.32
 .group         0x0000000000000000        0xc hal/diskctrl.32
 .comment       0x0000000000000000       0x12 hal/diskctrl.32
 .group         0x0000000000000000        0xc hal/diskphys.32
 .comment       0x0000000000000000       0x12 hal/diskphys.32
 .comment       0x0000000000000000       0x12 hal/fpu.32
 .comment       0x0000000000000000       0x12 hal/intctrl.32
 .group         0x0000000000000000        0xc hal/keybrd.32
 .comment       0x0000000000000000       0x12 hal/keybrd.32
 .group         0x0000000000000000        0xc hal/logidisk.32
 .comment       0x0000000000000000       0x12 hal/logidisk.32
 .group         0x0000000000000000        0xc hal/mouse.32
 .comment       0x0000000000000000       0x12 hal/mouse.32
 .group         0x0000000000000000        0xc hal/nic.32
 .comment       0x0000000000000000       0x12 hal/nic.32
 .comment       0x0000000000000000       0x12 hal/partition.32
 .group         0x0000000000000000        0xc hal/serial.32
 .comment       0x0000000000000000       0x12 hal/serial.32
 .group         0x0000000000000000        0x8 hal/timer.32
 .group         0x0000000000000000        0x8 hal/timer.32
 .group         0x0000000000000000        0xc hal/timer.32
 .group         0x0000000000000000        0xc hal/timer.32
 .group         0x0000000000000000        0xc hal/timer.32
 .comment       0x0000000000000000       0x12 hal/timer.32
 .group         0x0000000000000000        0xc hal/vcache.32
 .comment       0x0000000000000000       0x12 hal/vcache.32
 .group         0x0000000000000000        0xc hal/video.32
 .comment       0x0000000000000000       0x12 hal/video.32
 .group         0x0000000000000000       0x14 hw/acpi.32
 .group         0x0000000000000000        0x8 hw/acpi.32
 .group         0x0000000000000000        0x8 hw/acpi.32
 .group         0x0000000000000000        0x8 hw/acpi.32
 .group         0x0000000000000000        0xc hw/acpi.32
 .group         0x0000000000000000        0xc hw/acpi.32
 .comment       0x0000000000000000       0x12 hw/acpi.32
 .group         0x0000000000000000       0x14 hw/cpu.32
 .group         0x0000000000000000        0xc hw/cpu.32
 .comment       0x0000000000000000       0x12 hw/cpu.32
[...]
Memory Configuration

Name             Origin             Length             Attributes
*default*        0x0000000000000000 0xffffffffffffffff

Linker script and memory map

LOAD D:/Users/Alex/Desktop/Banana/kernel/boot.32
LOAD crti.32
LOAD /cygdrive/d/Users/Alex/Desktop/Toolchain/Output/bin/../lib/gcc/i386-banana/8.1.0/crtbegin.o
LOAD D:/Users/Alex/Desktop/Banana/kernel/morenasm.32
LOAD acpica/utclib.32
LOAD krnl/malloc.32
LOAD libk/ctype.32
LOAD libk/string.32
LOAD arch/i386/cc.32
LOAD fs/fat/diskio.32
LOAD fs/fat/ff.32
LOAD fs/fat/ffsystem.32
LOAD fs/fat/ffunicode.32
LOAD fs/iso9660/iso9660.32
LOAD dbg/kconsole.32
LOAD dbg/usban.32
LOAD fs/symlink.32
LOAD fs/vfs.32
LOAD hal/bus.32
LOAD hal/buzzer.32
LOAD hal/clock.32
LOAD hal/device.32
LOAD hal/diskctrl.32
LOAD hal/diskphys.32
LOAD hal/fpu.32
LOAD hal/intctrl.32
LOAD hal/keybrd.32
LOAD hal/logidisk.32
LOAD hal/mouse.32
LOAD hal/nic.32
LOAD hal/partition.32
LOAD hal/serial.32
LOAD hal/timer.32
LOAD hal/vcache.32
LOAD hal/video.32
LOAD hw/acpi.32
LOAD hw/cpu.32
LOAD krnl/atexit.32
LOAD krnl/bootmsg.32
LOAD krnl/c++.32
LOAD krnl/cdefs.32
LOAD krnl/compat.32
LOAD krnl/computer.32
LOAD krnl/crc32.32
LOAD krnl/env.32
LOAD krnl/gdt.32
LOAD krnl/idle.32
LOAD krnl/idt.32
LOAD krnl/inlines.32
LOAD krnl/kheap.32
LOAD krnl/mailbox.32
LOAD krnl/main.32
LOAD krnl/mutex.32
LOAD krnl/panic.32
LOAD krnl/physmgr.32
LOAD krnl/pipe.32
LOAD krnl/powctrl.32
LOAD krnl/random.32
LOAD krnl/resolve.32
LOAD krnl/semaphore.32
LOAD krnl/signal.32
LOAD krnl/syscalls.32
LOAD krnl/terminal.32
LOAD krnl/tss.32
LOAD krnl/unixfile.32
LOAD krnl/virtmgr.32
LOAD reg/cm.32
LOAD reg/registry.32
LOAD sys/eject.32
LOAD sys/exit.32
LOAD sys/getcwd.32
LOAD sys/getpid.32
LOAD sys/getramdata.32
LOAD sys/getvgaptr.32
LOAD sys/kill.32
LOAD sys/loaddll.32
LOAD sys/read.32
LOAD sys/registersignal.32
LOAD sys/registry.32
LOAD sys/sbrk.32
LOAD sys/setcwd.32
LOAD sys/settime.32
LOAD sys/symlink.32
LOAD sys/timezone.32
LOAD sys/truncate.32
LOAD sys/write.32
LOAD sys/wsbe.32
LOAD sys/yield.32
LOAD thr/elf.32
LOAD thr/exec.32
LOAD thr/prcssthr.32
LOAD vm86/vm8086.32
LOAD arch/i386/hal.32
LOAD arch/i386/pic.32
LOAD arch/i386/rtc.32
LOAD arch/i386/vga.32
LOAD fs/fat/vfslink.32
LOAD fs/iso9660/helper.32
LOAD fs/iso9660/vfslink.32
LOAD hal/sound/sndcard.32
LOAD hal/sound/sndport.32
LOAD hw/bus/isa.32
LOAD hw/bus/pci.32
LOAD hw/diskctrl/ide.32
LOAD hw/diskctrl/satabus.32
LOAD hw/diskphys/ata.32
LOAD hw/diskphys/atapi.32
LOAD hw/diskphys/sata.32
LOAD hw/diskphys/satapi.32
LOAD hw/intctrl/apic.32
LOAD hw/timer/apictimer.32
LOAD hw/timer/pit.32
LOAD arch/i386/avx.32
LOAD arch/i386/interrupt.32
LOAD arch/i386/rdrand.32
LOAD arch/i386/sse.32
LOAD arch/i386/x87.32
LOAD /cygdrive/d/Users/Alex/Desktop/Toolchain/Output/bin/../lib/gcc/i386-banana/8.1.0/crtend.o
LOAD crtn.32
LOAD /cygdrive/d/Users/Alex/Desktop/Toolchain/Output/bin/../lib/gcc/i386-banana/8.1.0/libkgcc.a
LOAD D:/Users/Alex/Desktop/Banana/kernel/libsoftfp.a
LOAD D:/Users/Alex/Desktop/Banana/kernel/libk/libm32.a
                0x00000000c0000000                . = 0xc0000000

.text           0x00000000c0000000    0x2061a
 *(.text)
 .text          0x00000000c0000000       0x20 D:/Users/Alex/Desktop/Banana/kernel/boot.32
 .text          0x00000000c0000020        0x0 crti.32
 .text          0x00000000c0000020      0x101 /cygdrive/d/Users/Alex/Desktop/Toolchain/Output/bin/../lib/gcc/i386-banana/8.1.0/crtbegin.o
 *fill*         0x00000000c0000121        0xf 
 .text          0x00000000c0000130      0x24f D:/Users/Alex/Desktop/Banana/kernel/morenasm.32
                0x00000000c0000130                manualPCIProbe
                0x00000000c000017b                prepareTramp
                0x00000000c0000194                doTPAUSE
                0x00000000c000019e                hasLegacyFPU
                0x00000000c00001c3                is486
                0x00000000c00001f9                detectCPUID
                0x00000000c000020f                goToVM86
                0x00000000c000023f                goToUsermode
                0x00000000c0000269                switchToThreadASMFirstTime
                0x00000000c0000277                switchToThreadASM
                0x00000000c00002fc                asmQuickAcquireLock
                0x00000000c000031a                asmQuickReleaseLock
                0x00000000c0000326                asmAcquireLock
                0x00000000c0000347                asmReleaseLock
                0x00000000c000035a                loadGDT
                0x00000000c000037a                memcpy
 *fill*         0x00000000c000037f        0x1 
 .text          0x00000000c0000380      0x868 acpica/utclib.32
                0x00000000c0000380                memcmp
                0x00000000c00003d0                memmove
                0x00000000c00004f0                memset
                0x00000000c0000570                strlen
                0x00000000c00005a0                strpbrk
                0x00000000c00005f0                strtok
                0x00000000c0000640                strcpy
                0x00000000c0000680                strncpy
                0x00000000c0000750                strcmp
                0x00000000c00007a0                strchr
                0x00000000c00007e0                strncmp
                0x00000000c0000840                strcat
                0x00000000c0000870                strncat
                0x00000000c00008d0                strstr
                0x00000000c0000930                toupper
                0x00000000c0000950                tolower
                0x00000000c0000970                simple_strtoul
 .text          0x00000000c0000be8     0x1140 krnl/malloc.32
                0x00000000c0000d53                dlfree
                0x00000000c000121a                dlmalloc
                0x00000000c0001757                dlrealloc
                0x00000000c0001934                dlmemalign
                0x00000000c0001a57                dlcalloc
                0x00000000c0001ae8                dlcfree
                0x00000000c0001aed                dlindependent_calloc
                0x00000000c0001b12                dlindependent_comalloc
                0x00000000c0001b29                dlvalloc
                0x00000000c0001b54                dlpvalloc
                0x00000000c0001b8a                dlmalloc_trim
                0x00000000c0001b97                dlmalloc_usable_size
                0x00000000c0001bc8                dlmallinfo
                0x00000000c0001c97                dlmalloc_stats
                0x00000000c0001ca8                dlmallopt
 .text          0x00000000c0001d28      0x1f2 libk/ctype.32
                0x00000000c0001d28                isblank
                0x00000000c0001d48                iscntrl
                0x00000000c0001d68                isdigit
                0x00000000c0001d84                islower
                0x00000000c0001da0                isspace
                0x00000000c0001dc8                isupper
                0x00000000c0001de4                isalpha
                0x00000000c0001e14                isalnum
                0x00000000c0001e44                ispunct
                0x00000000c0001e84                isgraph
                0x00000000c0001eb4                isprint
                0x00000000c0001edc                isxdigit
 .text          0x00000000c0001f1a        0x0 libk/string.32
 *fill*         0x00000000c0001f1a        0x2 
 .text          0x00000000c0001f1c       0x53 arch/i386/cc.32
                0x00000000c0001f1c                LWIP_PLATFORM_HTONS
                0x00000000c0001f40                LWIP_PLATFORM_HTONL
 .text          0x00000000c0001f6f       0x51 fs/fat/diskio.32
                0x00000000c0001f6f                disk_status
                0x00000000c0001f72                disk_initialize
                0x00000000c0001f75                disk_read
                0x00000000c0001f8b                disk_write
                0x00000000c0001fa1                disk_ioctl
 .text          0x00000000c0001fc0     0x3e46 fs/fat/ff.32
                0x00000000c0003de1                f_mount
                0x00000000c0003e43                f_open
                0x00000000c0004106                f_read
                0x00000000c0004305                f_write
                0x00000000c000454d                f_sync
                0x00000000c0004612                f_close
                0x00000000c0004641                f_lseek
                0x00000000c00047f2                f_opendir
                0x00000000c00048bd                f_closedir
                0x00000000c00048df                f_readdir
                0x00000000c0004971                f_stat
                0x00000000c00049f0                f_getfree
                0x00000000c0004af9                f_truncate
                0x00000000c0004be3                f_unlink
                0x00000000c0004d05                f_mkdir
                0x00000000c0004ea0                f_rename
                0x00000000c0005058                f_chmod
                0x00000000c0005108                f_utime
                0x00000000c00051b8                f_getlabel
                0x00000000c0005309                f_setlabel
                0x00000000c0005499                f_expand
                0x00000000c0005606                f_mkfs
 *fill*         0x00000000c0005e06        0x2 
 .text          0x00000000c0005e08       0x2f fs/fat/ffsystem.32
                0x00000000c0005e08                ff_memalloc
                0x00000000c0005e20                ff_memfree
 *fill*         0x00000000c0005e37        0x1 
 .text          0x00000000c0005e38      0x2dc fs/fat/ffunicode.32
                0x00000000c0005e38                ff_uni2oem
                0x00000000c0005ed8                ff_oem2uni
                0x00000000c0005f50                ff_wtoupper
 .text          0x00000000c0006114      0xd32 fs/iso9660/iso9660.32
                0x00000000c000635f                isoReadDiscSector
                0x00000000c00063fa                strnicmp
                0x00000000c00066a9                stricmp
                0x00000000c00066f5                iso_open
                0x00000000c000677f                iso_close
                0x00000000c000679d                iso_read
                0x00000000c00068b3                iso_seek
                0x00000000c0006937                iso_tell
                0x00000000c0006968                iso_total
                0x00000000c0006993                fn_postprocess
                0x00000000c00069ba                iso_readdir
                0x00000000c0006c11                iso_reset
                0x00000000c0006c2e                init_percd
                0x00000000c0006d28                iso_ioctl
                0x00000000c0006d40                fs_iso9660_init
                0x00000000c0006dd6                fs_iso9660_shutdown
 .text          0x00000000c0006e46      0x254 dbg/kconsole.32
                0x00000000c0006e46                Dbg::stringifyxWithBase(unsigned int, char*, int)
                0x00000000c0006ee6                Dbg::logc(char)
                0x00000000c0006f06                Dbg::logs(char*)
                0x00000000c0006f25                Dbg::logWriteInt(unsigned int)
                0x00000000c0006f43                Dbg::logWriteIntBase(unsigned int, int)
                0x00000000c0006f64                Dbg::kprintf(char const*, ...)
 *fill*         0x00000000c000709a        0x2 
 .text          0x00000000c000709c      0x2d4 dbg/usban.32
                0x00000000c000709c                KiUbsanPrintDetails(char const*, void*)
                0x00000000c0007108                __ubsan_handle_type_mismatch_v1
                0x00000000c00071e4                __ubsan_handle_pointer_overflow
                0x00000000c0007210                __ubsan_handle_out_of_bounds
                0x00000000c000723c                __ubsan_handle_add_overflow
                0x00000000c0007268                __ubsan_handle_load_invalid_value
                0x00000000c0007294                __ubsan_handle_divrem_overflow
                0x00000000c00072c0                __ubsan_handle_mul_overflow
                0x00000000c00072ec                __ubsan_handle_sub_overflow
                0x00000000c0007318                __ubsan_handle_shift_out_of_bounds
                0x00000000c0007344                __ubsan_handle_negate_overflow
 .text          0x00000000c0007370      0x814 fs/symlink.32
                0x00000000c00074bf                KiDeinitialiseSymlinks(void*)
                0x00000000c0007552                KeRegisterSymlink(char const*, unsigned long long)
                0x00000000c00075d5                KeInitialiseSymlinks()
                0x00000000c0007737                KiIsSymlinkRegistered(char const*)
                0x00000000c00078a1                KeDereferenceSymlink(char const*, char*)
                0x00000000c0007a48                KeCreateSymlink(char const*, char const*)
 .text          0x00000000c0007b84      0xd68 fs/vfs.32
                0x00000000c0007b84                File::read(unsigned long long, void*, int*)
                0x00000000c0007bdc                File::write(unsigned long long, void*, int*)
                0x00000000c0007c34                Directory::read(unsigned long long, void*, int*)
                0x00000000c0007c8c                Directory::write(unsigned long long, void*, int*)
                0x00000000c0007cba                File::isAtty()
                0x00000000c0007cbe                Directory::isAtty()
                0x00000000c0007cc2                Filesystem::getlabel(LogicalDisk*, int, char*, unsigned int*)
                0x00000000c0007cc8                Filesystem::setlabel(LogicalDisk*, int, char*)
                0x00000000c0007cce                Filesystem::allocateSwapfile(char const*, int)
                0x00000000c0007cd4                File::~File()
                0x00000000c0007cd4                File::~File()
                0x00000000c0007cf8                File::~File()
                0x00000000c0007d22                Directory::~Directory()
                0x00000000c0007d22                Directory::~Directory()
                0x00000000c0007d46                Directory::~Directory()
                0x00000000c0007d70                Filesystem::Filesystem()
                0x00000000c0007d70                Filesystem::Filesystem()
                0x00000000c0007d94                Filesystem::~Filesystem()
                0x00000000c0007d94                Filesystem::~Filesystem()
                0x00000000c0007da2                Filesystem::~Filesystem()
                0x00000000c0007dc6                Fs::getcwd(Process*, char*, int)
                0x00000000c0007df0                Fs::initVFS()
                0x00000000c0007e1a                Fs::standardiseFiles(char*, char const*, char const*, bool)
                0x00000000c0008034                File::File(char const*, Process*, bool)
                0x00000000c0008034                File::File(char const*, Process*, bool)
                0x00000000c0008112                File::File(char const*, Process*)
                0x00000000c0008112                File::File(char const*, Process*)
                0x00000000c0008130                File::open(FileOpenMode)
                0x00000000c000818e                File::close()
                0x00000000c00081ee                File::seek(unsigned long long)
                0x00000000c0008244                File::truncate(unsigned long long)
                0x00000000c000829a                File::tell(unsigned long long*)
                0x00000000c00082ea                File::rewind()
                0x00000000c00082fe                File::unlink()
                0x00000000c000834a                File::rename(char const*)
                0x00000000c0008398                File::chfatattr(unsigned char, unsigned char)
                0x00000000c00083f4                File::exists()
                0x00000000c0008432                File::stat(unsigned long long*, bool*)
                0x00000000c0008493                Fs::setcwd(Process*, char*)
                0x00000000c00085f2                Directory::Directory(char const*, Process*)
                0x00000000c00085f2                Directory::Directory(char const*, Process*)
                0x00000000c00086ba                Directory::open()
                0x00000000c0008716                Directory::close()
                0x00000000c0008776                Directory::unlink()
                0x00000000c00087c2                Directory::rename(char const*)
                0x00000000c0008810                Directory::exists()
                0x00000000c000884e                Directory::read(dirent*)
                0x00000000c000889a                Directory::create()
                0x00000000c00088e6                Filesystem::chfatattr(char const*, unsigned char, unsigned char)
 .text          0x00000000c00088ec       0x86 hal/bus.32
                0x00000000c00088ec                Bus::Bus(char const*)
                0x00000000c00088ec                Bus::Bus(char const*)
                0x00000000c0008924                Bus::~Bus()
                0x00000000c0008924                Bus::~Bus()
                0x00000000c0008948                Bus::~Bus()
 .text          0x00000000c0008972       0x96 hal/buzzer.32
                0x00000000c0008972                beepThread(void*)
                0x00000000c00089af                Krnl::beep(int, int, bool)
 .text          0x00000000c0008a08      0x513 hal/clock.32
                0x00000000c0008a08                User::loadClockSettings()
                0x00000000c0008b0e                Clock::Clock(char const*)
                0x00000000c0008b0e                Clock::Clock(char const*)
                0x00000000c0008b44                Clock::~Clock()
                0x00000000c0008b44                Clock::~Clock()
                0x00000000c0008b68                Clock::~Clock()
                0x00000000c0008b92                Clock::timeInSecondsLocal()
                0x00000000c0008bda                Clock::setTimeInSecondsLocal(unsigned long long)
                0x00000000c0008c33                datetimeToSeconds(datetime_t)
                0x00000000c0008d52                Clock::setTimeInDatetimeLocal(datetime_t)
                0x00000000c0008db2                secondsToDatetime(unsigned long long)
                0x00000000c0008ef6                Clock::timeInDatetimeLocal()
 *fill*         0x00000000c0008f1b        0x1 
 .text          0x00000000c0008f1c      0x47a hal/device.32
                0x00000000c0008f1c                Device::hibernate()
                0x00000000c0008f1e                Device::wake()
                0x00000000c0008f20                Device::detect()
                0x00000000c0008f22                Device::disableLegacy()
                0x00000000c0008f24                Device::powerSaving(PowerSavingLevel)
                0x00000000c0008f26                DriverlessDevice::close(int, int, void*)
                0x00000000c0008f2a                DriverlessDevice::detect()
                0x00000000c0008f2c                DriverlessDevice::open(int, int, void*)
                0x00000000c0008f40                Device::~Device()
                0x00000000c0008f40                Device::~Device()
                0x00000000c0008f4e                Device::~Device()
                0x00000000c0008f76                Device::findAndLoadDriver()
                0x00000000c0008f84                Device::preOpenPCI(PCIDeviceInfo)
                0x00000000c0008faa                Device::preOpenACPI(void*, char*, char*)
                0x00000000c0008fea                Device::addIRQHandler(int, void (*)(regs*, void*), bool, void*)
                0x00000000c0009014                Device::getParent()
                0x00000000c0009020                Device::removeIRQHandler(int, void (*)(regs*, void*), bool)
                0x00000000c000903e                Device::addChild(Device*)
                0x00000000c0009082                Device::removeAllChildren()
                0x00000000c00090c8                Device::hibernateAll()
                0x00000000c00090f8                Device::wakeAll()
                0x00000000c0009128                Device::detectAll()
                0x00000000c0009158                Device::disableLegacyAll()
                0x00000000c000915a                Device::loadDriversForAll()
                0x00000000c000915c                Device::powerSavingAll(PowerSavingLevel)
                0x00000000c0009192                Device::setName(char const*)
                0x00000000c00091a0                Device::Device(char const*)
                0x00000000c00091a0                Device::Device(char const*)
                0x00000000c000929c                Device::getName()
                0x00000000c00092a6                Device::closeAll()
                0x00000000c00092f2                DriverlessDevice::DriverlessDevice(char const*)
                0x00000000c00092f2                DriverlessDevice::DriverlessDevice(char const*)
                0x00000000c0009328                Device::addToLinkedList(LinkedList<Device>&, DeviceType)
                0x00000000c000936c                getDevicesOfType(DeviceType)
 *fill*         0x00000000c0009396        0x2 
 .text          0x00000000c0009398       0x86 hal/diskctrl.32
                0x00000000c0009398                HardDiskController::HardDiskController(char const*)
                0x00000000c0009398                HardDiskController::HardDiskController(char const*)
                0x00000000c00093d0                HardDiskController::~HardDiskController()
                0x00000000c00093d0                HardDiskController::~HardDiskController()
                0x00000000c00093f4                HardDiskController::~HardDiskController()
 .text          0x00000000c000941e       0xe2 hal/diskphys.32
                0x00000000c000941e                PhysicalDisk::eject()
                0x00000000c0009422                PhysicalDisk::PhysicalDisk(char const*, int)
                0x00000000c0009422                PhysicalDisk::PhysicalDisk(char const*, int)
                0x00000000c000948a                PhysicalDisk::startCache()
                0x00000000c00094b2                PhysicalDisk::~PhysicalDisk()
                0x00000000c00094b2                PhysicalDisk::~PhysicalDisk()
                0x00000000c00094d6                PhysicalDisk::~PhysicalDisk()
 .text          0x00000000c0009500        0x0 hal/fpu.32
 .text          0x00000000c0009500      0x359 hal/intctrl.32
                0x00000000c0009500                int_handler
                0x00000000c000958a                installISRHandler(int, void (*)(regs*, void*), void*)
                0x00000000c00095d4                installIRQHandler(int, void (*)(regs*, void*), bool, void*)
                0x00000000c0009708                uninstallISRHandler(int, void (*)(regs*, void*))
                0x00000000c000973c                uninstallIRQHandler(int, void (*)(regs*, void*), bool)
                0x00000000c00097ba                setupINTS()
                0x00000000c0009817                convertLegacyIRQNumber(int)
 *fill*         0x00000000c0009859        0x1 
 .text          0x00000000c000985a      0x8bc hal/keybrd.32
                0x00000000c000985a                startGUI(void*)
                0x00000000c00098c4                startGUIVESA(void*)
                0x00000000c000992e                sendKeyToTerminal(unsigned char)
                0x00000000c0009a09                sendKeyboardToken(KeyboardToken)
                0x00000000c0009ec5                clearInternalKeybuffer(VgaText*)
                0x00000000c0009efa                readKeyboard(VgaText*, char*, unsigned long)
                0x00000000c000a08c                Keyboard::Keyboard(char const*)
                0x00000000c000a08c                Keyboard::Keyboard(char const*)
                0x00000000c000a0c8                Keyboard::~Keyboard()
                0x00000000c000a0c8                Keyboard::~Keyboard()
                0x00000000c000a0ec                Keyboard::~Keyboard()
 .text          0x00000000c000a116      0x3f8 hal/logidisk.32
                0x00000000c000a116                LogicalDisk::close(int, int, void*)
                0x00000000c000a11a                LogicalDisk::~LogicalDisk()
                0x00000000c000a11a                LogicalDisk::~LogicalDisk()
                0x00000000c000a13e                LogicalDisk::~LogicalDisk()
                0x00000000c000a168                LogicalDisk::open(int, int, void*)
                0x00000000c000a17c                LogicalDisk::absoluteToRelative(unsigned long long)
                0x00000000c000a1b4                LogicalDisk::relativeToAbsolute(unsigned long long)
                0x00000000c000a1fa                LogicalDisk::LogicalDisk(char const*, PhysicalDisk*, unsigned long long, unsigned long long)
                0x00000000c000a1fa                LogicalDisk::LogicalDisk(char const*, PhysicalDisk*, unsigned long long, unsigned long long)
                0x00000000c000a2ba                LogicalDisk::assignDriveLetter()
                0x00000000c000a374                LogicalDisk::mount()
                0x00000000c000a3bc                LogicalDisk::unmount()
                0x00000000c000a3cc                LogicalDisk::eject()
                0x00000000c000a3e0                LogicalDisk::unassignDriveLetter()
                0x00000000c000a436                LogicalDisk::read(unsigned long long, int, void*)
                0x00000000c000a4a2                LogicalDisk::write(unsigned long long, int, void*)
 *fill*         0x00000000c000a50e        0x2 
 .text          0x00000000c000a510       0x86 hal/mouse.32
                0x00000000c000a510                Mouse::Mouse(char const*)
                0x00000000c000a510                Mouse::Mouse(char const*)
                0x00000000c000a548                Mouse::~Mouse()
                0x00000000c000a548                Mouse::~Mouse()
                0x00000000c000a56c                Mouse::~Mouse()
 .text          0x00000000c000a596       0x90 hal/nic.32
                0x00000000c000a596                NIC::getMAC()
                0x00000000c000a59c                NIC::write(int, unsigned char*, int*)
                0x00000000c000a5a2                NIC::NIC(char const*)
                0x00000000c000a5a2                NIC::NIC(char const*)
                0x00000000c000a5d8                NIC::~NIC()
                0x00000000c000a5d8                NIC::~NIC()
                0x00000000c000a5fc                NIC::~NIC()
 .text          0x00000000c000a626      0x33b hal/partition.32
                0x00000000c000a626                makePartition(PhysicalDisk*, unsigned long long, unsigned long long)
                0x00000000c000a6ce                createPartitionsForDisk(PhysicalDisk*)
 *fill*         0x00000000c000a961        0x3 
 .text          0x00000000c000a964       0x86 hal/serial.32
                0x00000000c000a964                Serial::Serial(char const*)
                0x00000000c000a964                Serial::Serial(char const*)
                0x00000000c000a99c                Serial::~Serial()
                0x00000000c000a99c                Serial::~Serial()
                0x00000000c000a9c0                Serial::~Serial()
 *fill*         0x00000000c000a9ea        0x2 
 .text          0x00000000c000a9ec      0x230 hal/timer.32
                0x00000000c000a9ec                Timer::Timer(char const*)
                0x00000000c000a9ec                Timer::Timer(char const*)
                0x00000000c000aa24                Timer::~Timer()
                0x00000000c000aa24                Timer::~Timer()
                0x00000000c000aa48                Timer::~Timer()
                0x00000000c000aa72                Timer::read()
                0x00000000c000aa7d                setupTimer(int)
                0x00000000c000aab8                timerHandler(unsigned int)
 .text          0x00000000c000ac1c      0x444 hal/vcache.32
                0x00000000c000ac1c                VCache::VCache(PhysicalDisk*)
                0x00000000c000ac1c                VCache::VCache(PhysicalDisk*)
                0x00000000c000ad8c                VCache::invalidateReadBuffer()
                0x00000000c000ad9c                VCache::writeWriteBuffer()
                0x00000000c000ade8                VCache::~VCache()
                0x00000000c000ade8                VCache::~VCache()
                0x00000000c000ae40                VCache::~VCache()
                0x00000000c000ae68                VCache::write(unsigned long long, int, void*)
                0x00000000c000af5c                VCache::read(unsigned long long, int, void*)
 .text          0x00000000c000b060      0x70e hal/video.32
                0x00000000c000b060                Video::putrect(int, int, int, int, unsigned int)
                0x00000000c000b0ac                Video::bitblit(int, int, int, int, int, int, int, unsigned int*)
                0x00000000c000b11c                Video::blit(unsigned int*, int, int, int, int)
                0x00000000c000b19a                Video::clearScreen(unsigned int)
                0x00000000c000b1ce                Video::putpixel(int, int, unsigned int)
                0x00000000c000b1dc                Video::readPixelApprox(int, int)
                0x00000000c000b1f0                Video::Video(char const*)
                0x00000000c000b1f0                Video::Video(char const*)
                0x00000000c000b226                Video::~Video()
                0x00000000c000b226                Video::~Video()
                0x00000000c000b24a                Video::~Video()
                0x00000000c000b274                Video::isMonochrome()
                0x00000000c000b280                Video::getWidth()
                0x00000000c000b28c                Video::getHeight()
                0x00000000c000b298                Video::drawCursor(int, int, unsigned int*, int)
                0x00000000c000b354                Video::tgaParse(unsigned char*, int, int*, int*)
                0x00000000c000b6fe                Video::putTGA(int, int, unsigned char*, int)
 *fill*         0x00000000c000b76e        0x2 
 .text          0x00000000c000b770     0x1413 hw/acpi.32
                0x00000000c000b770                ACPI::close(int, int, void*)
                0x00000000c000b8ac                findRSDP()
                0x00000000c000b944                loadACPITables(unsigned char*)
                0x00000000c000bbb0                findRSDT(unsigned char*)
                0x00000000c000bd08                findDataTable(unsigned char*, char*)
                0x00000000c000bd88                scanMADT()
                0x00000000c000c240                ACPI::ACPI()
                0x00000000c000c240                ACPI::ACPI()
                0x00000000c000c294                ACPI::getPCIIRQAssignment(unsigned char, unsigned short, unsigned char)
                0x00000000c000c390                ACPI::registerPCIIRQAssignment(void*, unsigned short, unsigned char, unsigned char)
                0x00000000c000c45c                ACPI::setScreenBrightnessLevel(void*, int)
                0x00000000c000c464                ACPI::detectPCI()
                0x00000000c000c684                ACPI::writeSimpleBootFlag(SimpleBootFlagTable*)
                0x00000000c000c6cc                ACPI::sleep()
                0x00000000c000c6e8                ACPI::open(int, int, void*)
 *fill*         0x00000000c000cb83        0x1 
 .text          0x00000000c000cb84      0xbc5 hw/cpu.32
                0x00000000c000cb84                CPU::close(int, int, void*)
                0x00000000c000cb88                CPU::AMD_K6_write_msr(unsigned int, unsigned int, unsigned int, CPU::REGS*)
                0x00000000c000cba4                CPU::AMD_K6_read_msr(unsigned int, CPU::REGS*)
                0x00000000c000cbbc                CPU::AMD_K6_writeback(int, int, int)
                0x00000000c000cc30                CPU::cpuid(int, unsigned long*, unsigned long*, unsigned long*, unsigned long*)
                0x00000000c000ccb4                CPU::cpuidCheckEDX(unsigned int)
                0x00000000c000cce2                CPU::cpuidCheckECX(unsigned int)
                0x00000000c000cd10                CPU::cpuidCheckExtendedEBX(unsigned int)
                0x00000000c000cd3e                CPU::cpuidCheckExtendedECX(unsigned int)
                0x00000000c000cd6c                CPU::CPU()
                0x00000000c000cd6c                CPU::CPU()
                0x00000000c000cdfa                CPU::displayFeatures()
                0x00000000c000cdfc                CPU::detectFeatures()
                0x00000000c000d4d0                CPU::setupSMEP()
                0x00000000c000d4dc                CPU::setupUMIP()
                0x00000000c000d4e6                CPU::setupTSC()
                0x00000000c000d4f0                CPU::setupLargePages()
                0x00000000c000d4fa                CPU::setupPAT()
                0x00000000c000d536                CPU::setupMTRR()
                0x00000000c000d538                CPU::setupGlobalPages()
                0x00000000c000d542                CPU::allowUsermodeDataAccess()
                0x00000000c000d554                CPU::prohibitUsermodeDataAccess()
                0x00000000c000d566                CPU::setupSMAP()
                0x00000000c000d574                CPU::setupFeatures()
                0x00000000c000d640                CPU::open(int, int, void*)
 .text          0x00000000c000d749       0xb6 krnl/atexit.32
                0x00000000c000d749                KeInitialiseAtexit()
                0x00000000c000d768                KeRegisterAtexit(void (*)(void*), void*)
                0x00000000c000d79c                KeExecuteAtexit()
 .text          0x00000000c000d7ff       0x92 krnl/bootmsg.32
                0x00000000c000d7ff                KeDisplaySplashScreen()
                0x00000000c000d82e                KeSetBootMessage(char const*)
 .text          0x00000000c000d891       0x5f krnl/c++.32
                0x00000000c000d891                __cxa_atexit
                0x00000000c000d894                __cxa_finalize
                0x00000000c000d895                __stack_chk_fail
                0x00000000c000d8cb                __cxa_pure_virtual
                0x00000000c000d8dc                operator new[](unsigned long)
                0x00000000c000d8e1                operator delete(void*, unsigned long)
                0x00000000c000d8e6                operator delete[](void*)
                0x00000000c000d8eb                operator delete[](void*, unsigned long)
 .text          0x00000000c000d8f0       0x48 krnl/cdefs.32
                0x00000000c000d8f0                CUnlockScheduler
                0x00000000c000d90c                CLockScheduler
                0x00000000c000d91c                CPrintf
 .text          0x00000000c000d938       0x1d krnl/compat.32
                0x00000000c000d938                Krnl::handlePowerButton()
                0x00000000c000d948                Krnl::handleSleepButton()
 *fill*         0x00000000c000d955        0x1 
 .text          0x00000000c000d956      0x6a7 krnl/computer.32
                0x00000000c000d956                Computer::close(int, int, void*)
                0x00000000c000d9a4                KeFirstTask()
                0x00000000c000dac6                Computer::Computer()
                0x00000000c000dac6                Computer::Computer()
                0x00000000c000db76                Computer::detectFeatures()
                0x00000000c000dd9c                Computer::rdmsr(unsigned int)
                0x00000000c000ddc8                Computer::wrmsr(unsigned int, unsigned long long)
                0x00000000c000de04                Computer::shutdown()
                0x00000000c000de1c                Computer::restart()
                0x00000000c000de34                Computer::sleep()
                0x00000000c000de48                Computer::nmiEnabled()
                0x00000000c000de54                Computer::readCMOS(unsigned char)
                0x00000000c000de72                Computer::enableNMI(bool)
                0x00000000c000de8a                Computer::open(int, int, void*)
                0x00000000c000df5e                Computer::disableNMI()
                0x00000000c000df6e                Computer::writeCMOS(unsigned char, unsigned char)
                0x00000000c000df92                Computer::handleNMI()
 .text          0x00000000c000dffd       0x2b krnl/crc32.32
                0x00000000c000dffd                KeCalculateCRC32(unsigned char*, int)
 .text          0x00000000c000e028      0x5bf krnl/env.32
                0x00000000c000e028                EnvVarContainer::getEnv(char const*)
                0x00000000c000e066                EnvVarContainer::setEnv(char const*, char const*)
                0x00000000c000e128                EnvVarContainer::deleteEnv(char const*)
                0x00000000c000e12a                EnvVarContainer::loadFrom(char const*, char const*)
                0x00000000c000e34e                EnvVarContainer::__loadSystem()
                0x00000000c000e368                EnvVarContainer::__loadUser()
                0x00000000c000e36a                EnvVarContainer::EnvVarContainer(Process*)
                0x00000000c000e36a                EnvVarContainer::EnvVarContainer(Process*)
                0x00000000c000e38c                EnvVarContainer::~EnvVarContainer()
                0x00000000c000e38c                EnvVarContainer::~EnvVarContainer()
                0x00000000c000e3bc                KeGetEnv(Process*, char const*)
                0x00000000c000e421                KeSetEnvSystem(char const*, char const*)
                0x00000000c000e43b                KeSetEnvUser(char const*, char const*)
                0x00000000c000e45a                KeSetEnvProcess(Process*, char const*, char const*)
                0x00000000c000e46d                KeDeleteEnvSystem(char const*)
                0x00000000c000e46e                KeDeleteEnvUser(char const*)
                0x00000000c000e46f                KeDeleteEnvProcess(Process*, char const*)
                0x00000000c000e470                KeNewProcessEnv(Process*)
                0x00000000c000e492                KeCopyProcessEnv(Process*, Process*)
                0x00000000c000e4de                KeLoadSystemEnv()
                0x00000000c000e50c                KeLoadUserEnv()
                0x00000000c000e532                KeFlushEnv()
                0x00000000c000e533                KeGetProcessTotalEnvCount(Process*)
                0x00000000c000e553                KeGetProcessEnvPair(Process*, int)
 *fill*         0x00000000c000e5e7        0x1 
 .text          0x00000000c000e5e8      0x1db krnl/gdt.32
                0x00000000c000e5e8                GDTEntry::setBase(unsigned int)
                0x00000000c000e604                GDTEntry::setLimit(unsigned int)
                0x00000000c000e622                GDT::GDT()
                0x00000000c000e622                GDT::GDT()
                0x00000000c000e638                GDT::addEntry(GDTEntry)
                0x00000000c000e65a                GDT::getNumberOfEntries()
                0x00000000c000e662                GDT::flush()
                0x00000000c000e684                GDT::setup()
 .text          0x00000000c000e7c3       0x1d krnl/idle.32
                0x00000000c000e7c3                idleFunction(void*)
 .text          0x00000000c000e7e0      0x46c krnl/idt.32
                0x00000000c000e7e0                IDTEntry::IDTEntry(bool)
                0x00000000c000e7e0                IDTEntry::IDTEntry(bool)
                0x00000000c000e85a                IDTEntry::setOffset(unsigned int)
                0x00000000c000e870                IDT::IDT()
                0x00000000c000e870                IDT::IDT()
                0x00000000c000e872                IDT::getPointerToInvalidOpcodeEntryForF00F()
                0x00000000c000e87a                IDT::addEntry(IDTEntry, int)
                0x00000000c000e894                IDT::addEntry(int, void (*)(), bool)
                0x00000000c000e8cc                IDT::flush()
                0x00000000c000e8e6                IDT::setup()
 .text          0x00000000c000ec4c       0x94 krnl/inlines.32
                0x00000000c000ec4c                CPU::current()
                0x00000000c000ec58                operator new(unsigned long)
                0x00000000c000ec5d                operator delete(void*)
                0x00000000c000ec62                disableIRQs()
                0x00000000c000ec64                enableIRQs()
                0x00000000c000ec66                lockScheduler()
                0x00000000c000ec6e                unlockScheduler()
                0x00000000c000ec7d                lockStuff()
                0x00000000c000ec8b                unlockStuff()
                0x00000000c000ecc5                Virt::getAKernelVAS()
                0x00000000c000eccb                __not_memcpy
 .text          0x00000000c000ece0      0x205 krnl/kheap.32
                0x00000000c000ece0                sbrk
                0x00000000c000ed77                sbrk_thunk
                0x00000000c000edad                mmap
                0x00000000c000ee0b                munmap
                0x00000000c000ee20                liballoc_lock()
                0x00000000c000ee2e                liballoc_unlock()
                0x00000000c000ee44                liballoc_alloc(int)
                0x00000000c000ee5c                liballoc_free(void*, int)
                0x00000000c000ee77                realloc
                0x00000000c000ee8b                malloc
                0x00000000c000ee9b                free
                0x00000000c000eeab                rfree
                0x00000000c000eebb                calloc
 *fill*         0x00000000c000eee5        0x3 
 .text          0x00000000c000eee8      0x1e3 krnl/mailbox.32
                0x00000000c000eee8                KeMailboxTryPost(Mailbox*, void*)
                0x00000000c000ef4c                KeMailboxTryGet(Mailbox*, void**)
                0x00000000c000efb0                KeMailboxCreate()
                0x00000000c000efe4                KeMailboxPost(Mailbox*, void*)
                0x00000000c000f04c                KeMailboxGet(Mailbox*, void**)
                0x00000000c000f0b4                KeMailboxDestroy(Mailbox*)
 .text          0x00000000c000f0cb       0xc7 krnl/main.32
                0x00000000c000f0cb                KeEntryPoint
 *fill*         0x00000000c000f192        0x2 
 .text          0x00000000c000f194       0x1a krnl/mutex.32
                0x00000000c000f194                Mutex::Mutex()
                0x00000000c000f194                Mutex::Mutex()
 .text          0x00000000c000f1ae        0xc krnl/panic.32
                0x00000000c000f1ae                KePanic(char const*)
 .text          0x00000000c000f1ba      0x644 krnl/physmgr.32
                0x00000000c000f1ba                Phys::allocateDMA(unsigned long)
                0x00000000c000f2a2                Phys::freeDMA(unsigned long, unsigned long)
                0x00000000c000f2dd                Phys::setPageState(unsigned long, bool)
                0x00000000c000f31d                Phys::getPageState(unsigned long)
                0x00000000c000f339                Phys::freePage(unsigned long)
                0x00000000c000f3a2                Phys::allocatePage()
                0x00000000c000f471                Phys::allocateContiguousPages(int)
                0x00000000c000f4d8                Phys::allowSegmentToBeUsed(unsigned long, unsigned long)
                0x00000000c000f510                Phys::physicalMemorySetup(unsigned int)
 .text          0x00000000c000f7fe      0x273 krnl/pipe.32
                0x00000000c000f7fe                Pipe::isAtty()
                0x00000000c000f802                Pipe::~Pipe()
                0x00000000c000f802                Pipe::~Pipe()
                0x00000000c000f826                Pipe::~Pipe()
                0x00000000c000f84e                Pipe::write(unsigned long long, void*, int*)
                0x00000000c000f90e                Pipe::read(unsigned long long, void*, int*)
                0x00000000c000fa0a                Pipe::Pipe(int)
                0x00000000c000fa0a                Pipe::Pipe(int)
 .text          0x00000000c000fa71      0x142 krnl/powctrl.32
                0x00000000c000fa71                KePowerThread(void*)
                0x00000000c000fa9f                KeChangePowerSettings(PowerSettings)
                0x00000000c000fab5                KeUserIOReceived()
                0x00000000c000fac0                KeHandlePowerButton()
                0x00000000c000faf5                KeHandleSleepButton()
                0x00000000c000fb2a                KeSetupPowerManager()
 .text          0x00000000c000fbb3       0x9d krnl/random.32
                0x00000000c000fbb3                KeRand()
                0x00000000c000fbf5                KeSeedRand(unsigned int)
                0x00000000c000fc1e                KeInitRand()
 .text          0x00000000c000fc50      0x1bc krnl/resolve.32
                0x00000000c000fc50                KeResolveCompatibilitySymbol(char*)
 .text          0x00000000c000fe0c      0x415 krnl/semaphore.32
                0x00000000c000fe0c                Semaphore::Semaphore(int)
                0x00000000c000fe0c                Semaphore::Semaphore(int)
                0x00000000c000fe3c                Semaphore::tryAcquire()
                0x00000000c000ff18                Semaphore::assertLocked(char const*)
                0x00000000c000ffa8                Semaphore::acquire(int)
                0x00000000c0010150                Semaphore::acquire()
                0x00000000c001016c                Semaphore::release()
 .text          0x00000000c0010221      0x322 krnl/signal.32
                0x00000000c0010221                KiSigKill(int)
                0x00000000c0010235                KiDefaultSignalHandlerIgnore(int)
                0x00000000c0010236                KiDefaultSignalHandlerPause(int)
                0x00000000c0010262                KiDefaultSignalHandlerResume(int)
                0x00000000c001028e                KeDeinitSignals(SigHandlerBlock*)
                0x00000000c0010293                KeInitSignals()
                0x00000000c00102e5                KeRegisterSignalHandler(SigHandlerBlock*, int, void (*)(int), unsigned int, int)
                0x00000000c001031b                KeRaiseSignal(SigHandlerBlock*, int)
                0x00000000c0010398                KeCheckSignal(SigHandlerBlock*, int*)
                0x00000000c001048f                KiCheckSignalZ
                0x00000000c00104d1                KeCompleteSignal(SigHandlerBlock*, int)
                0x00000000c001050c                KiFinishSignalZ
 .text          0x00000000c0010543      0xe1d krnl/syscalls.32
                0x00000000c0010543                SysSeekDir(regs*)
                0x00000000c0010548                SysTellDir(regs*)
                0x00000000c001054d                SysVerify(regs*)
                0x00000000c0010557                SysGetArgc(regs*)
                0x00000000c001056b                SysTTYName(regs*)
                0x00000000c0010573                SysFormatDisk(regs*)
                0x00000000c00105ea                SysSetDiskVolumeLabel(regs*)
                0x00000000c001063e                SysGetDiskVolumeLabel(regs*)
                0x00000000c0010697                SysShutdown(regs*)
                0x00000000c00106f5                SysRealpath(regs*)
                0x00000000c0010739                SysReadDir(regs*)
                0x00000000c00107b9                SysIsATTY(regs*)
                0x00000000c0010813                SysSeek(regs*)
                0x00000000c001086a                SysTell(regs*)
                0x00000000c00108d7                SysSize(regs*)
                0x00000000c001094a                SysSizeFromFilename(regs*)
                0x00000000c0010a7b                SysSizeFromFilenameNoSymlink(regs*)
                0x00000000c0010bac                SysClose(regs*)
                0x00000000c0010c0c                SysOpenDir(regs*)
                0x00000000c0010c89                SysMakeDir(regs*)
                0x00000000c0010cf7                SysCloseDir(regs*)
                0x00000000c0010d4b                SysWait(regs*)
                0x00000000c0010d6c                SysNotImpl(regs*)
                0x00000000c0010d87                SysPanic(regs*)
                0x00000000c0010da2                SysRmdir(regs*)
                0x00000000c0010e07                SysUnlink(regs*)
                0x00000000c0010e6c                SysGetArgv(regs*)
                0x00000000c0010eb9                SysUSleep(regs*)
                0x00000000c0010ee2                SysSpawn(regs*)
                0x00000000c0010f55                SysGetEnv(regs*)
                0x00000000c0011006                SysSetFatAttrib(regs*)
                0x00000000c0011079                SysPipe(regs*)
                0x00000000c00110be                SysGetUnixTime(regs*)
                0x00000000c00110d2                string_ends_with(char const*, char const*)
                0x00000000c001111a                SysOpen(regs*)
                0x00000000c0011311                KeSystemCall(regs*, void*)
 .text          0x00000000c0011360      0xab3 krnl/terminal.32
                0x00000000c0011360                VgaText::isAtty()
                0x00000000c0011364                VgaText::~VgaText()
                0x00000000c0011364                VgaText::~VgaText()
                0x00000000c0011388                VgaText::~VgaText()
                0x00000000c00113b2                VgaText::read(unsigned long long, void*, int*)
                0x00000000c00113d2                setTerminalScrollLock(bool)
                0x00000000c00113d3                doTerminalCycle()
                0x00000000c00113d4                addToTerminalCycle(VgaText*)
                0x00000000c00113d5                scrollTerminalScrollLock(int)
                0x00000000c00113d6                VgaText::updateTitle()
                0x00000000c00113d8                VgaText::load()
                0x00000000c00113da                VgaText::updateCursor()
                0x00000000c00113f0                VgaText::doANSI_SGR(int)
                0x00000000c0011464                VgaText::setDefaultBgColour(VgaColour)
                0x00000000c0011474                VgaText::setDefaultFgColour(VgaColour)
                0x00000000c0011484                VgaText::setDefaultColours(VgaColour, VgaColour)
                0x00000000c00114a4                VgaText::setTitleTextColour(VgaColour)
                0x00000000c00114b0                VgaText::setTitleColour(VgaColour)
                0x00000000c00114bc                VgaText::setTitle(char*)
                0x00000000c00114be                VgaText::combineColours(unsigned char, unsigned char)
                0x00000000c00114d0                VgaText::scrollScreen()
                0x00000000c0011562                VgaText::combineCharAndColour(char, unsigned char)
                0x00000000c0011572                VgaText::writeCharacter(char, VgaColour, VgaColour, int, int)
                0x00000000c0011602                VgaText::getCursorX()
                0x00000000c001160a                VgaText::getCursorY()
                0x00000000c0011612                VgaText::setCursor(int, int)
                0x00000000c0011629                setActiveTerminal(VgaText*)
                0x00000000c0011674                VgaText::clearScreen()
                0x00000000c00116c2                VgaText::setCursorX(int)
                0x00000000c00116da                VgaText::setCursorY(int)
                0x00000000c00116f2                VgaText::incrementCursor(bool)
                0x00000000c0011746                VgaText::decrementCursor(bool)
                0x00000000c0011768                VgaText::putchar(char, VgaColour, VgaColour)
                0x00000000c0011838                VgaText::putchar(char)
                0x00000000c0011930                VgaText::putx(unsigned int)
                0x00000000c0011976                VgaText::puts(char const*)
                0x00000000c001199c                VgaText::write(unsigned long long, void*, int*)
                0x00000000c00119e8                VgaText::puts(char const*, VgaColour, VgaColour)
                0x00000000c0011b36                VgaText::VgaText(char const*)
                0x00000000c0011b36                VgaText::VgaText(char const*)
                0x00000000c0011c86                VgaText::receiveKey(unsigned char)
                0x00000000c0011e12                VgaText::doUpdate()
 *fill*         0x00000000c0011e13        0x1 
 .text          0x00000000c0011e14      0x1a1 krnl/tss.32
                0x00000000c0011e14                TSS::TSS()
                0x00000000c0011e14                TSS::TSS()
                0x00000000c0011e24                TSS::setESP(unsigned long)
                0x00000000c0011e38                TSS::flush()
                0x00000000c0011e58                TSS::setup(unsigned long, unsigned long)
 *fill*         0x00000000c0011fb5        0x1 
 .text          0x00000000c0011fb6      0x4ca krnl/unixfile.32
                0x00000000c0011fb6                ReservedFilename::read(unsigned long long, void*, int*)
                0x00000000c001200c                ReservedFilename::isAtty()
                0x00000000c0012028                ReservedFilename::write(unsigned long long, void*, int*)
                0x00000000c0012086                UnixFile::getFileDescriptor()
                0x00000000c001208e                UnixFile::UnixFile(int)
                0x00000000c001208e                UnixFile::UnixFile(int)
                0x00000000c0012242                ReservedFilename::ReservedFilename(int)
                0x00000000c0012242                ReservedFilename::ReservedFilename(int)
                0x00000000c0012274                UnixFile::~UnixFile()
                0x00000000c0012274                UnixFile::~UnixFile()
                0x00000000c0012310                UnixFile::~UnixFile()
                0x00000000c0012338                ReservedFilename::~ReservedFilename()
                0x00000000c0012338                ReservedFilename::~ReservedFilename()
                0x00000000c001235c                ReservedFilename::~ReservedFilename()
                0x00000000c0012383                KeGetFileFromDescriptor(int)
 .text          0x00000000c0012480     0x1210 krnl/virtmgr.32
                0x00000000c0012480                Virt::setPageState(unsigned long, Virt::VirtPageState)
                0x00000000c00124ba                Virt::getPageState(unsigned long)
                0x00000000c00124dd                Virt::allocateKernelVirtualPages(int)
                0x00000000c0012602                Virt::freeSwapfilePage(unsigned long)
                0x00000000c0012625                Virt::swapIDToSector(unsigned long)
                0x00000000c001263b                Virt::allocateSwapfilePage()
                0x00000000c00126bb                Virt::virtualMemorySetup()
                0x00000000c001270c                Virt::setupPageSwapping(int)
                0x00000000c001277e                VAS::setCPUSpecific(unsigned long)
                0x00000000c0012780                VAS::VAS(VAS*)
                0x00000000c0012780                VAS::VAS(VAS*)
                0x00000000c0012798                VAS::getForeignPageTableEntry(bool, unsigned long)
                0x00000000c00127c6                VAS::getPageTableEntry(unsigned long)
                0x00000000c00127e5                Virt::freeKernelVirtualPages(unsigned long)
                0x00000000c0012922                VAS::freeAllocatedPages(unsigned long)
                0x00000000c0012946                VAS::virtualToPhysical(unsigned long)
                0x00000000c0012960                VAS::reflagRange(unsigned long, int, unsigned long, unsigned long)
                0x00000000c00129a2                VAS::VAS()
                0x00000000c00129a2                VAS::VAS()
                0x00000000c0012a0c                VAS::setToWriteCombining(unsigned long, int)
                0x00000000c0012a40                VAS::mapOtherVASIn(bool, VAS*)
                0x00000000c0012a6c                VAS::~VAS()
                0x00000000c0012a6c                VAS::~VAS()
                0x00000000c0012bda                VAS::mapPage(unsigned long, unsigned long, int)
                0x00000000c0012cde                VAS::allocatePages(int, int)
                0x00000000c0012dd4                VAS::mapRange(unsigned long, unsigned long, int, int)
                0x00000000c0012e2c                VAS::mapForeignPage(bool, VAS*, unsigned long, unsigned long, int)
                0x00000000c0012f22                VAS::VAS(bool)
                0x00000000c0012f22                VAS::VAS(bool)
                0x00000000c001316c                VAS::evict(unsigned long)
                0x00000000c001324a                VAS::tryLoadBackOffDisk(unsigned long)
                0x00000000c00133f2                VAS::allocateSharedMemoryWithKernel(unsigned long, unsigned long*)
                0x00000000c0013466                VAS::freeSharedMemoryWithKernel(unsigned long, unsigned long)
                0x00000000c0013492                VAS::scanForEviction()
                0x00000000c0013595                mapVASFirstTime
 .text          0x00000000c0013690      0xd56 reg/cm.32
                0x00000000c0013690                CmOpen(char const*)
                0x00000000c00137ae                CmClose(Reghive_Tag*)
                0x00000000c00137c4                CmReadExtent(Reghive_Tag*, int, unsigned char*)
                0x00000000c0013800                CmGetString(Reghive_Tag*, int, char*)
                0x00000000c0013877                CmEnterDirectory(Reghive_Tag*, int)
                0x00000000c00138b6                CmGetNext(Reghive_Tag*, int)
                0x00000000c00138e8                CmWriteExtent(Reghive_Tag*, int, unsigned char*)
                0x00000000c0013924                CmFreeExtent(Reghive_Tag*, int)
                0x00000000c001394c                CmUpdateHeader(Reghive_Tag*)
                0x00000000c001396d                CmExpand(Reghive_Tag*, int)
                0x00000000c00139e8                CmFindUnusedExtent(Reghive_Tag*)
                0x00000000c0013a6e                CmCreateExtent(Reghive_Tag*, int, int, unsigned char*)
                0x00000000c0013b62                CmSetString(Reghive_Tag*, int, char const*)
                0x00000000c0013c9e                CmGetMatch(char*, char*, bool, bool*)
                0x00000000c0013cff                CmAddShift(unsigned int*, int*, unsigned char, int)
                0x00000000c0013d2f                CmGetShift(unsigned int*, int*, int, bool*)
                0x00000000c0013d66                CmGetInteger(Reghive_Tag*, int, unsigned long long*)
                0x00000000c0013d90                CmSetInteger(Reghive_Tag*, int, unsigned long long)
                0x00000000c0013dd0                CmConvertFromInternalFilename(unsigned char const*, char*)
                0x00000000c0013e74                CmGetNameAndTypeFromExtent(Reghive_Tag*, int, char*)
                0x00000000c0013ea2                CmConvertToInternalFilename(char const*, unsigned char*)
                0x00000000c0014040                CmCreateString(Reghive_Tag*, int, char const*)
                0x00000000c001408d                CmFindInDirectory(Reghive_Tag*, int, char const*)
                0x00000000c0014107                CmCreateInteger(Reghive_Tag*, int, char const*, unsigned long long, int)
                0x00000000c001415a                CmCreateDirectory(Reghive_Tag*, int, char const*)
                0x00000000c001421e                zStrtok(char*, char const*)
                0x00000000c0014290                CmFindObjectFromPath(Reghive_Tag*, char const*)
                0x00000000c0014311                CmDisplayTree(Reghive_Tag*, int, int)
                0x00000000c00143b4                CmSplitFinalSlashInPlace(char*)
 .text          0x00000000c00143e6      0x52a reg/registry.32
                0x00000000c00143e6                Reg::findLineFromLoadedData(char*, char*, char*)
                0x00000000c0014557                Reg::getLineFromRegistry(char*, char*, char*, char*)
                0x00000000c00146ac                Reg::getLine(char*, char*, char*)
                0x00000000c00146e3                Reg::readInt(char*, char*, int*)
                0x00000000c00147d1                Reg::readString(char*, char*, char*, int)
                0x00000000c0014852                Reg::readBool(char*, char*, bool*)
                0x00000000c0014877                Reg::readBoolWithDefault(char*, char*, bool)
                0x00000000c00148a3                Reg::readIntWithDefault(char*, char*, int)
                0x00000000c00148cf                Reg::readStringWithDefault(char*, char*, char*, int, char*)
 .text          0x00000000c0014910       0x36 sys/eject.32
                0x00000000c0014910                SysEject(regs*)
 .text          0x00000000c0014946       0x18 sys/exit.32
                0x00000000c0014946                SysExit(regs*)
 .text          0x00000000c001495e       0x1f sys/getcwd.32
                0x00000000c001495e                SysGetCwd(regs*)
 .text          0x00000000c001497d        0xc sys/getpid.32
                0x00000000c001497d                SysGetPID(regs*)
 .text          0x00000000c0014989       0x1a sys/getramdata.32
                0x00000000c0014989                SysGetRAMData(regs*)
 .text          0x00000000c00149a3       0x82 sys/getvgaptr.32
                0x00000000c00149a3                SysGetVGAPtr(regs*)
 *fill*         0x00000000c0014a25        0x3 
 .text          0x00000000c0014a28       0xb9 sys/kill.32
                0x00000000c0014a28                SysKill(regs*)
 .text          0x00000000c0014ae1       0xa8 sys/loaddll.32
                0x00000000c0014ae1                SysLoadDLL(regs*)
 .text          0x00000000c0014b89       0x68 sys/read.32
                0x00000000c0014b89                SysRead(regs*)
 .text          0x00000000c0014bf1       0x29 sys/registersignal.32
                0x00000000c0014bf1                SysRegisterSignal(regs*)
 .text          0x00000000c0014c1a      0x1cc sys/registry.32
                0x00000000c0014c1a                SysRegistryGetTypeFromPath(regs*)
                0x00000000c0014c5e                SysRegistryReadExtent(regs*)
                0x00000000c0014ca6                SysRegistryPathToExtentLookup(regs*)
                0x00000000c0014cbd                SysRegistryEnterDirectory(regs*)
                0x00000000c0014cd4                SysRegistryGetNext(regs*)
                0x00000000c0014ceb                SysRegistryGetNameAndTypeFromExtent(regs*)
                0x00000000c0014d25                SysRegistryOpen(regs*)
                0x00000000c0014d39                SysRegistryClose(regs*)
                0x00000000c0014d50                SysRegistryEasyReadString(regs*)
                0x00000000c0014d9c                SysRegistryEasyReadInteger(regs*)
 .text          0x00000000c0014de6       0x55 sys/sbrk.32
                0x00000000c0014de6                SysSbrk(regs*)
 .text          0x00000000c0014e3b       0x1c sys/setcwd.32
                0x00000000c0014e3b                SysSetCwd(regs*)
 .text          0x00000000c0014e57       0x96 sys/settime.32
                0x00000000c0014e57                SysSetTime(regs*)
 .text          0x00000000c0014eed       0x73 sys/symlink.32
                0x00000000c0014eed                SysSymlink(regs*)
 .text          0x00000000c0014f60       0x3f sys/timezone.32
                0x00000000c0014f60                SysTimezone(regs*)
 .text          0x00000000c0014f9f       0xfc sys/truncate.32
                0x00000000c0014f9f                SysTruncate(regs*)
 .text          0x00000000c001509b       0x68 sys/write.32
                0x00000000c001509b                SysWrite(regs*)
 .text          0x00000000c0015103       0x9d sys/wsbe.32
                0x00000000c0015103                SysWsbe(regs*)
 .text          0x00000000c00151a0       0x25 sys/yield.32
                0x00000000c00151a0                SysYield(regs*)
 .text          0x00000000c00151c5     0x1207 thr/elf.32
                0x00000000c00151c5                Thr::allocateMemoryForTask(Process*, File*, unsigned long, unsigned long, unsigned long)
                0x00000000c0015453                Thr::loadProgramIntoMemory(Process*, char const*)
                0x00000000c0015665                Thr::runtimeReferenceHelper()
                0x00000000c0015678                Thr::getAddressOfKernelSymbol(char const*)
                0x00000000c00156c7                Thr::loadKernelSymbolTable(char const*)
                0x00000000c0015985                Thr::loadDriverIntoMemory(char const*, unsigned long, bool)
                0x00000000c00160be                Thr::getDriverBaseFromAddress(unsigned long)
                0x00000000c00160f0                Thr::getDriverNameFromAddress(unsigned long)
                0x00000000c0016127                Thr::getDriverOffsetFromAddress(unsigned long)
                0x00000000c0016141                Thr::loadDLL(char const*, bool)
                0x00000000c0016393                Thr::executeDLL(unsigned long, void*)
 .text          0x00000000c00163cc       0x5a thr/exec.32
                0x00000000c00163cc                KeProcessExec(Process*, char const*)
 *fill*         0x00000000c0016426        0x2 
 .text          0x00000000c0016428     0x1131 thr/prcssthr.32
                0x00000000c0016428                userModeEntryPoint(void*)
                0x00000000c0016450                changeTSS
                0x00000000c0016480                switchToThread(ThreadControlBlock*)
                0x00000000c0016530                Process::addArgs(char**)
                0x00000000c001659c                Process::Process(char const*, Process*, char**)
                0x00000000c001659c                Process::Process(char const*, Process*, char**)
                0x00000000c00167a8                Process::Process(bool, char const*, Process*, char**)
                0x00000000c00167a8                Process::Process(bool, char const*, Process*, char**)
                0x00000000c001697c                taskStartupFunction
                0x00000000c0016988                KeDisablePreemption()
                0x00000000c00169b0                KeRestorePreemption()
                0x00000000c00169d0                Process::createThread(void (*)(void*), void*, int)
                0x00000000c0016adc                Process::createUserThread()
                0x00000000c0016afc                setupMultitasking(void (*)())
                0x00000000c0016c20                schedule()
                0x00000000c0016cb4                blockTaskWithSchedulerLockAlreadyHeld(TaskState)
                0x00000000c0016cdc                blockTask(TaskState)
                0x00000000c0016d14                waitTask(int, int*, int)
                0x00000000c0016d58                milliTenthSleepUntil(unsigned int)
                0x00000000c0016df8                milliTenthSleep(unsigned int)
                0x00000000c0016e0c                sleep(unsigned int)
                0x00000000c0016e28                taskReturned
                0x00000000c0016e6c                Thr::processFromPID(int)
                0x00000000c0016f18                unblockTask(ThreadControlBlock*)
                0x00000000c0016fc4                cleanupTerminatedTask(ThreadControlBlock*)
                0x00000000c0017298                cleanerTaskFunction(void*)
                0x00000000c00173a0                terminateTask(int)
                0x00000000c001748c                Thr::terminateFromIRQ(int)
 .text          0x00000000c0017559      0xd00 vm86/vm8086.32
                0x00000000c0017559                Vm::inbv(unsigned short)
                0x00000000c001756c                Vm::outbv(unsigned short, unsigned char)
                0x00000000c00175a2                Vm::realToLinear(unsigned short, unsigned short)
                0x00000000c00175b2                Vm::getSegment(unsigned int)
                0x00000000c00175ba                Vm::getOffset(unsigned int)
                0x00000000c00175bf                Vm::mainloop2()
                0x00000000c00175f9                Vm::mainVm8086Loop(void*)
                0x00000000c0017609                Vm::mainloop3(unsigned long)
                0x00000000c001762f                Vm::initialise8086()
                0x00000000c0017672                Vm::resetConventionalMemory8086()
                0x00000000c0017673                Vm::finish8086()
                0x00000000c00176d4                Vm::getOutput8086(unsigned char*)
                0x00000000c00176f9                Vm::start8086FromBuffer(unsigned char*, int, unsigned short, unsigned short, unsigned short, unsigned short)
                0x00000000c0017820                Vm::start8086(char const*, unsigned short, unsigned short, unsigned short, unsigned short)
                0x00000000c0017a28                Vm::doISR(regs*, int, unsigned char*, unsigned short, unsigned short)
                0x00000000c0017ac1                Vm::readByteFromReal(unsigned short, unsigned short)
                0x00000000c0017ad2                Vm::readWordFromReal(unsigned short, unsigned short)
                0x00000000c0017ae4                Vm::readDwordFromReal(unsigned short, unsigned short)
                0x00000000c0017af5                Vm::writeByteFromReal(unsigned short, unsigned short, unsigned char)
                0x00000000c0017b0a                Vm::writeWordFromReal(unsigned short, unsigned short, unsigned short)
                0x00000000c0017b20                Vm::writeDwordFromReal(unsigned short, unsigned short, unsigned int)
                0x00000000c0017b35                Vm::faultHandler(regs*)
 .text          0x00000000c0018259      0xacb arch/i386/hal.32
                0x00000000c0018259                noCopro(unsigned long)
                0x00000000c001825a                nmiHandler(regs*, void*)
                0x00000000c0018273                doubleFault(regs*, void*)
                0x00000000c001828c                displayDebugInfo(regs*)
                0x00000000c0018611                HalSystemIdle()
                0x00000000c001868d                displayProgramFault(char const*)
                0x00000000c00186d9                gpFault(regs*, void*)
                0x00000000c0018740                pgFault(regs*, void*)
                0x00000000c00187c9                otherISRHandler(regs*, void*)
                0x00000000c00187fd                opcodeFault(regs*, void*)
                0x00000000c0018880                i386SaveCoprocessor(void*)
                0x00000000c0018894                i386LoadCoprocessor(void*)
                0x00000000c00188a8                x87EmulHandler(regs*, void*)
                0x00000000c0018945                HalInitialiseCoprocessor()
                0x00000000c00189ce                HalPanic(char const*)
                0x00000000c0018ae2                HalQueryPerformanceCounter()
                0x00000000c0018afd                HalInitialise()
                0x00000000c0018cb3                HalMakeBeep(int)
                0x00000000c0018ced                HalGetRand()
                0x00000000c0018cf0                HalEndOfInterrupt(int)
                0x00000000c0018d21                HalRestart()
                0x00000000c0018d22                HalShutdown()
                0x00000000c0018d23                HalSleep()
 .text          0x00000000c0018d24      0x2dc arch/i386/pic.32
                0x00000000c0018d24                picIoWait()
                0x00000000c0018d2c                picDisable()
                0x00000000c0018d60                picGetIRQReg(int)
                0x00000000c0018ddc                picOpen()
                0x00000000c0018f60                picEOI(int)
 .text          0x00000000c0019000      0x674 arch/i386/rtc.32
                0x00000000c0019000                RTC::open(int, int, void*)
                0x00000000c0019004                RTC::close(int, int, void*)
                0x00000000c0019008                RTC::timeInSecondsUTC()
                0x00000000c001901a                RTC::timeInDatetimeUTC()
                0x00000000c0019040                RTC::setTimeInSecondsUTC(unsigned long long)
                0x00000000c001907e                RTC::~RTC()
                0x00000000c001907e                RTC::~RTC()
                0x00000000c00190a2                RTC::~RTC()
                0x00000000c00190cc                RTC::get_update_in_progress_flag()
                0x00000000c00190e6                RTC::completeRTCRefresh()
                0x00000000c00193c6                RTC::setTimeInDatetimeUTC(datetime_t)
                0x00000000c0019574                rtcIRQHandler(regs*, void*)
                0x00000000c00195ba                RTC::RTC()
                0x00000000c00195ba                RTC::RTC()
 .text          0x00000000c0019674      0x1f4 arch/i386/vga.32
                0x00000000c0019674                HalConsoleScroll(int, int)
                0x00000000c001977c                HalConsoleWriteCharacter(char, int, int, int, int)
                0x00000000c00197e0                HalConsoleCursorUpdate(int, int)
 .text          0x00000000c0019868     0x14cf fs/fat/vfslink.32
                0x00000000c0019868                FAT::getName()
                0x00000000c0019870                FAT::tell(void*, unsigned long long*)
                0x00000000c00198ac                FAT::stat(void*, unsigned long long*)
                0x00000000c00198e8                FAT::~FAT()
                0x00000000c00198e8                FAT::~FAT()
                0x00000000c001990c                FAT::~FAT()
                0x00000000c0019934                FAT::getlabel(LogicalDisk*, int, char*, unsigned int*)
                0x00000000c00199d8                FAT::setlabel(LogicalDisk*, int, char*)
                0x00000000c0019a9c                FAT::format(LogicalDisk*, int, char const*, int)
                0x00000000c0019c80                FAT::tryMount(LogicalDisk*, int)
                0x00000000c0019e9c                FAT::allocateSwapfile(char const*, int)
                0x00000000c001a05c                FAT::readDir(void*, unsigned long, void*, int*)
                0x00000000c001a1cc                FAT::read(void*, unsigned long, void*, int*)
                0x00000000c001a22c                FAT::write(void*, unsigned long, void*, int*)
                0x00000000c001a28c                FAT::close(void*)
                0x00000000c001a2e0                FAT::closeDir(void*)
                0x00000000c001a334                FAT::truncate(void*, unsigned long long)
                0x00000000c001a3a0                FAT::seek(void*, unsigned long long)
                0x00000000c001a3f8                fatWrapperReadDisk
                0x00000000c001a438                fatWrapperWriteDisk
                0x00000000c001a478                fatWrapperIoctl
                0x00000000c001a594                FAT::FAT()
                0x00000000c001a594                FAT::FAT()
                0x00000000c001a5ec                FAT::fixFilepath(char*)
                0x00000000c001a62c                FAT::open(char const*, void**, FileOpenMode)
                0x00000000c001a7a0                FAT::openDir(char const*, void**)
                0x00000000c001a850                FAT::stat(char const*, unsigned long long*, bool*)
                0x00000000c001a948                FAT::unlink(char const*)
                0x00000000c001a9c8                FAT::chfatattr(char const*, unsigned char, unsigned char)
                0x00000000c001ab7c                FAT::rename(char const*, char const*)
                0x00000000c001ac48                FAT::mkdir(char const*)
                0x00000000c001acc8                FAT::exists(char const*)
 *fill*         0x00000000c001ad37        0x1 
 .text          0x00000000c001ad38       0x94 fs/iso9660/helper.32
                0x00000000c001ad38                isoReadDiscSectorHelper
                0x00000000c001ad94                iso_kprintf
                0x00000000c001adb0                iso_kprintfd
 .text          0x00000000c001adcc      0x71c fs/iso9660/vfslink.32
                0x00000000c001adcc                ISO9660::format(LogicalDisk*, int, char const*, int)
                0x00000000c001add2                ISO9660::truncate(void*, unsigned long long)
                0x00000000c001add8                ISO9660::getName()
                0x00000000c001adde                ISO9660::closeDir(void*)
                0x00000000c001ade8                ISO9660::chfatattr(char const*, unsigned char, unsigned char)
                0x00000000c001adee                ISO9660::unlink(char const*)
                0x00000000c001adf4                ISO9660::write(void*, unsigned long, void*, int*)
                0x00000000c001adfa                ISO9660::rename(char const*, char const*)
                0x00000000c001ae00                ISO9660::mkdir(char const*)
                0x00000000c001ae06                ISO9660::~ISO9660()
                0x00000000c001ae06                ISO9660::~ISO9660()
                0x00000000c001ae2a                ISO9660::~ISO9660()
                0x00000000c001ae52                ISO9660::exists(char const*)
                0x00000000c001ae66                ISO9660::open(char const*, void**, FileOpenMode)
                0x00000000c001af4c                ISO9660::read(void*, unsigned long, void*, int*)
                0x00000000c001af94                ISO9660::seek(void*, unsigned long long)
                0x00000000c001afd6                ISO9660::tell(void*, unsigned long long*)
                0x00000000c001b014                ISO9660::stat(void*, unsigned long long*)
                0x00000000c001b066                ISO9660::stat(char const*, unsigned long long*, bool*)
                0x00000000c001b1a8                ISO9660::close(void*)
                0x00000000c001b1d8                ISO9660::openDir(char const*, void**)
                0x00000000c001b2b2                ISO9660::readDir(void*, unsigned long, void*, int*)
                0x00000000c001b3cf                readSectorFromCDROM(unsigned int, unsigned char*, char)
                0x00000000c001b44e                ISO9660::tryMount(LogicalDisk*, int)
                0x00000000c001b4c0                ISO9660::ISO9660()
                0x00000000c001b4c0                ISO9660::ISO9660()
 .text          0x00000000c001b4e8      0x26c hal/sound/sndcard.32
                0x00000000c001b4e8                SoundCard::beginPlayback()
                0x00000000c001b4f6                SoundCard::stopPlayback()
                0x00000000c001b504                SoundCard::SoundCard(char const*)
                0x00000000c001b504                SoundCard::SoundCard(char const*)
                0x00000000c001b5a2                SoundCard::~SoundCard()
                0x00000000c001b5a2                SoundCard::~SoundCard()
                0x00000000c001b5c6                SoundCard::~SoundCard()
                0x00000000c001b5f0                SoundCard::configureRates(int, int, int)
                0x00000000c001b620                SoundCard::getSamples16(int, short*)
                0x00000000c001b67c                SoundCard::getSamples32(int, int*)
                0x00000000c001b702                SoundCard::addChannel(SoundPort*)
                0x00000000c001b740                SoundCard::removeChannel(int)
 .text          0x00000000c001b754      0x38a hal/sound/sndport.32
                0x00000000c001b754                SoundPort::SoundPort(int, int, int, int)
                0x00000000c001b754                SoundPort::SoundPort(int, int, int, int)
                0x00000000c001b7e0                SoundPort::~SoundPort()
                0x00000000c001b7e0                SoundPort::~SoundPort()
                0x00000000c001b814                SoundPort::unpause()
                0x00000000c001b820                SoundPort::pause()
                0x00000000c001b82c                SoundPort::getBufferUsed()
                0x00000000c001b834                SoundPort::getBufferSize()
                0x00000000c001b83c                SoundPort::buffer16(short*, int)
                0x00000000c001b8c8                SoundPort::buffer32(int*, int)
                0x00000000c001b954                SoundPort::unbufferAndAdd16(int, short*, SoundCard*)
                0x00000000c001ba20                SoundPort::unbufferAndAdd32(int, int*, SoundCard*)
 .text          0x00000000c001bade        0x0 hw/bus/isa.32
 .text          0x00000000c001bade      0xc23 hw/bus/pci.32
                0x00000000c001bade                PCI::open(int, int, void*)
                0x00000000c001bafc                PCI::close(int, int, void*)
                0x00000000c001bb00                PCI::PCI()
                0x00000000c001bb00                PCI::PCI()
                0x00000000c001bb98                PCI::readBAR8(unsigned int, int)
                0x00000000c001bbb4                PCI::readBAR16(unsigned int, int)
                0x00000000c001bbd2                PCI::readBAR32(unsigned int, int)
                0x00000000c001bbee                PCI::writeBAR8(unsigned int, unsigned char, int)
                0x00000000c001bc0e                PCI::writeBAR16(unsigned int, unsigned short, int)
                0x00000000c001bc30                PCI::writeBAR32(unsigned int, unsigned int, int)
                0x00000000c001bc50                PCI::legacyMechanism(unsigned char, unsigned char, unsigned char, unsigned char)
                0x00000000c001bcc6                PCI::pciReadWord(unsigned char, unsigned char, unsigned char, unsigned char)
                0x00000000c001bd70                PCI::getVendorID(unsigned char, unsigned char, unsigned char)
                0x00000000c001bd94                PCI::getHeaderType(unsigned char, unsigned char, unsigned char)
                0x00000000c001bdbc                PCI::getClassCode(unsigned char, unsigned char, unsigned char)
                0x00000000c001be06                PCI::getProgIF(unsigned char, unsigned char, unsigned char)
                0x00000000c001be2e                PCI::getRevisionID(unsigned char, unsigned char, unsigned char)
                0x00000000c001be52                PCI::getInterruptNumber(unsigned char, unsigned char, unsigned char)
                0x00000000c001be76                PCI::getSecondaryBus(unsigned char, unsigned char, unsigned char)
                0x00000000c001be9e                PCI::getBARAddress(unsigned char, unsigned char, unsigned char, unsigned char)
                0x00000000c001bf02                PCI::pciWriteWord(unsigned char, unsigned char, unsigned char, unsigned char, unsigned short)
                0x00000000c001bfea                PCI::pciDetailsToFilepath(PCIDeviceInfo, char*)
                0x00000000c001c2b0                PCI::checkBus(unsigned char)
                0x00000000c001c2d4                PCI::foundDevice(PCIDeviceInfo)
                0x00000000c001c4ba                PCI::getDeviceData(unsigned char, unsigned char, unsigned char)
                0x00000000c001c636                PCI::checkDevice(unsigned char, unsigned char)
                0x00000000c001c6a8                PCI::detect()
 *fill*         0x00000000c001c701        0x1 
 .text          0x00000000c001c702      0xe16 hw/diskctrl/ide.32
                0x00000000c001c702                IDE::close(int, int, void*)
                0x00000000c001c706                IDE::IDE()
                0x00000000c001c706                IDE::IDE()
                0x00000000c001c73a                IDE::prepareInterrupt(unsigned char)
                0x00000000c001c74c                selectDrive(unsigned char, unsigned char)
                0x00000000c001c74e                IDE::getBase(unsigned char)
                0x00000000c001c760                IDE::write(unsigned char, unsigned char, unsigned char)
                0x00000000c001c820                IDE::read(unsigned char, unsigned char)
                0x00000000c001c8ce                IDE::waitInterrupt(unsigned char)
                0x00000000c001c930                ideChannel0IRQHandler(regs*, void*)
                0x00000000c001c94c                ideChannel1IRQHandler(regs*, void*)
                0x00000000c001c968                IDE::enableIRQs(unsigned char, bool)
                0x00000000c001c9b2                IDE::open(int, int, void*)
                0x00000000c001cef8                IDE::readBuffer(unsigned char, unsigned char, unsigned int, unsigned int)
                0x00000000c001cfc8                IDE::detect()
                0x00000000c001d40a                IDE::printError(unsigned char, unsigned char, unsigned char)
                0x00000000c001d4c4                IDE::polling(unsigned char, unsigned int)
 .text          0x00000000c001d518      0x33d hw/diskctrl/satabus.32
                0x00000000c001d518                SATABus::close(int, int, void*)
                0x00000000c001d51c                SATABus::detect()
                0x00000000c001d51e                SATABus::SATABus()
                0x00000000c001d51e                SATABus::SATABus()
                0x00000000c001d5a4                SATABus::findCmdslot(SATABus::tagHBA_PORT volatile*)
                0x00000000c001d5d6                SATABus::checkType(SATABus::tagHBA_PORT volatile*)
                0x00000000c001d61e                SATABus::startCmd(SATABus::tagHBA_PORT volatile*)
                0x00000000c001d63e                SATABus::stopCmd(SATABus::tagHBA_PORT volatile*)
                0x00000000c001d668                SATABus::portRebase(SATABus::tagHBA_PORT volatile*, int)
                0x00000000c001d778                SATABus::probePort(SATABus::tagHBA_MEM volatile*)
                0x00000000c001d822                SATABus::open(int, int, void*)
 *fill*         0x00000000c001d855        0x1 
 .text          0x00000000c001d856      0x987 hw/diskphys/ata.32
                0x00000000c001d856                ATA::close(int, int, void*)
                0x00000000c001d87a                ATA::powerSaving(PowerSavingLevel)
                0x00000000c001d87c                ATA::ATA()
                0x00000000c001d87c                ATA::ATA()
                0x00000000c001d8aa                ATA::flush(bool)
                0x00000000c001d8f8                ATA::readyForCommand()
                0x00000000c001d944                ATA::access(unsigned long long, int, void*, bool)
                0x00000000c001dd22                ATA::detectCHS()
                0x00000000c001dd4c                ATA::open(int, int, void*)
                0x00000000c001de18                combineCharAndColour(char, unsigned char)
                0x00000000c001de29                combineColours(unsigned char, unsigned char)
                0x00000000c001de36                ATA::read(unsigned long long, int, void*)
                0x00000000c001e00c                ATA::write(unsigned long long, int, void*)
 *fill*         0x00000000c001e1dd        0x1 
 .text          0x00000000c001e1de      0x618 hw/diskphys/atapi.32
                0x00000000c001e1de                ATAPI::write(unsigned long long, int, void*)
                0x00000000c001e1e4                ATAPI::close(int, int, void*)
                0x00000000c001e208                ATAPI::ATAPI()
                0x00000000c001e208                ATAPI::ATAPI()
                0x00000000c001e236                ATAPI::readyForCommand()
                0x00000000c001e288                ATAPI::sendPacket(unsigned char*, int, bool, unsigned short*, int)
                0x00000000c001e550                ATAPI::diskRemoved()
                0x00000000c001e58a                ATAPI::eject()
                0x00000000c001e5d2                ATAPI::diskInserted()
                0x00000000c001e5de                ATAPI::detectMedia()
                0x00000000c001e69c                ATAPI::open(int, int, void*)
                0x00000000c001e77c                ATAPI::read(unsigned long long, int, void*)
 .text          0x00000000c001e7f6      0x849 hw/diskphys/sata.32
                0x00000000c001e7f6                SATA::close(int, int, void*)
                0x00000000c001e81a                SATA::powerSaving(PowerSavingLevel)
                0x00000000c001e81c                SATA::open(int, int, void*)
                0x00000000c001e8d4                SATA::SATA()
                0x00000000c001e8d4                SATA::SATA()
                0x00000000c001e902                SATA::access(unsigned long long, int, void*, bool)
                0x00000000c001eb8a                SATA::read(unsigned long long, int, void*)
                0x00000000c001edda                SATA::write(unsigned long long, int, void*)
 *fill*         0x00000000c001f03f        0x1 
 .text          0x00000000c001f040      0x5d0 hw/diskphys/satapi.32
                0x00000000c001f040                SATAPI::write(unsigned long long, int, void*)
                0x00000000c001f046                SATAPI::close(int, int, void*)
                0x00000000c001f06a                SATAPI::SATAPI()
                0x00000000c001f06a                SATAPI::SATAPI()
                0x00000000c001f098                SATAPI::diskRemoved()
                0x00000000c001f09a                SATAPI::diskInserted()
                0x00000000c001f0b6                SATAPI::sendPacket(unsigned char*, int, unsigned long long, unsigned short*, int)
                0x00000000c001f394                SATAPI::eject()
                0x00000000c001f3d0                SATAPI::detectMedia()
                0x00000000c001f426                SATAPI::open(int, int, void*)
                0x00000000c001f526                SATAPI::read(unsigned long long, int, void*)
 .text          0x00000000c001f610      0x45b hw/intctrl/apic.32
                0x00000000c001f610                IOAPIC::close(int, int, void*)
                0x00000000c001f616                apicGetBase()
                0x00000000c001f65c                IOAPIC::IOAPIC()
                0x00000000c001f65c                IOAPIC::IOAPIC()
                0x00000000c001f684                apicOpen()
                0x00000000c001f800                IOAPIC::handlesGSIWithNumber(unsigned int)
                0x00000000c001f832                IOAPIC::read(int)
                0x00000000c001f85a                IOAPIC::open(int, int, void*)
                0x00000000c001f940                IOAPIC::write(int, int)
                0x00000000c001f96c                IOAPIC::redirect(unsigned char, unsigned long long, unsigned char, bool, bool)
 *fill*         0x00000000c001fa6b        0x1 
 .text          0x00000000c001fa6c       0xf0 hw/timer/apictimer.32
                0x00000000c001fa6c                APICTimer::close(int, int, void*)
                0x00000000c001fa74                apicTimerHandler(regs*, void*)
                0x00000000c001fa9c                APICTimer::open(int, int, void*)
                0x00000000c001fb0c                APICTimer::write(int)
                0x00000000c001fb34                APICTimer::APICTimer()
                0x00000000c001fb34                APICTimer::APICTimer()
 .text          0x00000000c001fb5c      0x1ad hw/timer/pit.32
                0x00000000c001fb5c                PIT::write(int)
                0x00000000c001fbe0                pitHandler(regs*, void*)
                0x00000000c001fc08                PIT::open(int, int, void*)
                0x00000000c001fc58                PIT::close(int, int, void*)
                0x00000000c001fc88                PIT::PIT()
                0x00000000c001fc88                PIT::PIT()
 *fill*         0x00000000c001fd09        0x7 
 .text          0x00000000c001fd10       0x6f arch/i386/avx.32
                0x00000000c001fd10                avxDetect
                0x00000000c001fd3a                avxSave
                0x00000000c001fd4b                avxLoad
                0x00000000c001fd5c                avxInit
                0x00000000c001fd7e                avxClose
 *fill*         0x00000000c001fd7f        0x1 
 .text          0x00000000c001fd80      0x2ec arch/i386/interrupt.32
                0x00000000c001fd80                isr0
                0x00000000c001fd90                isr1
                0x00000000c001fd9a                isr2
                0x00000000c001fda4                isr3
                0x00000000c001fdae                isr4
                0x00000000c001fdb8                isr5
                0x00000000c001fdc2                isr6
                0x00000000c001fdcc                isr7
                0x00000000c001fdd6                isr8
                0x00000000c001fdde                isr9
                0x00000000c001fde8                isr10
                0x00000000c001fdf0                isr11