Archive member included to satisfy reference by file (symbol)

/cygdrive/d/Users/Alex/Desktop/Toolchain/Output/bin/../lib/gcc/i386-banana/8.1.0/libkgcc.a(_divdi3.o)
                              krnl/resolve.32 (__divdi3)
/cygdrive/d/Users/Alex/Desktop/Toolchain/Output/bin/../lib/gcc/i386-banana/8.1.0/libkgcc.a(_moddi3.o)
                              krnl/resolve.32 (__moddi3)
/cygdrive/d/Users/Alex/Desktop/Toolchain/Output/bin/../lib/gcc/i386-banana/8.1.0/libkgcc.a(_udivdi3.o)
                              hal/clock.32 (__udivdi3)
/cygdrive/d/Users/Alex/Desktop/Toolchain/Output/bin/../lib/gcc/i386-banana/8.1.0/libkgcc.a(_umoddi3.o)
                              core/pipe.32 (__umoddi3)

Allocating common symbols
Common symbol       size              file

dcache              0x40              fs/iso9660/iso9660.32
cdDriveLetter       0x1               fs/iso9660/iso9660.32
icache              0x40              fs/iso9660/iso9660.32

Discarded input sections

 .comment       0x0000000000000000       0x12 /cygdrive/d/Users/Alex/Desktop/Toolchain/Output/bin/../lib/gcc/i386-banana/8.1.0/crtbegin.o
 .comment       0x0000000000000000       0x12 acpica/utclib.32
 .comment       0x0000000000000000       0x12 core/malloc.32
 .comment       0x0000000000000000       0x12 libk/ctype.32
 .comment       0x0000000000000000       0x12 libk/string.32
 .comment       0x0000000000000000       0x12 fs/fat/diskio.32
 .comment       0x0000000000000000       0x12 fs/fat/ff.32
 .comment       0x0000000000000000       0x12 fs/fat/ffsystem.32
 .comment       0x0000000000000000       0x12 fs/fat/ffunicode.32
 .comment       0x0000000000000000       0x12 fs/iso9660/iso9660.32
 .group         0x0000000000000000       0x14 core/computer.32
 .group         0x0000000000000000        0xc core/computer.32
 .comment       0x0000000000000000       0x12 core/computer.32
 .comment       0x0000000000000000       0x12 core/gdt.32
 .group         0x0000000000000000        0xc core/idle.32
 .comment       0x0000000000000000       0x12 core/idle.32
 .comment       0x0000000000000000       0x12 core/idt.32
 .comment       0x0000000000000000       0x12 core/kheap.32
 .comment       0x0000000000000000       0x12 core/main.32
 .comment       0x0000000000000000       0x12 core/physmgr.32
 .group         0x0000000000000000        0xc core/pipe.32
 .comment       0x0000000000000000       0x12 core/pipe.32
 .group         0x0000000000000000        0xc core/terminal.32
 .comment       0x0000000000000000       0x12 core/terminal.32
 .comment       0x0000000000000000       0x12 core/tss.32
 .group         0x0000000000000000        0x8 core/unixfile.32
 .group         0x0000000000000000        0x8 core/unixfile.32
 .group         0x0000000000000000        0xc core/unixfile.32
 .group         0x0000000000000000        0x8 core/unixfile.32
 .group         0x0000000000000000        0xc core/unixfile.32
 .group         0x0000000000000000        0x8 core/unixfile.32
 .group         0x0000000000000000        0xc core/unixfile.32
 .group         0x0000000000000000        0xc core/unixfile.32
 .comment       0x0000000000000000       0x12 core/unixfile.32
 .comment       0x0000000000000000       0x12 core/virtmgr.32
 .comment       0x0000000000000000       0x12 coreobjs/c++.32
 .comment       0x0000000000000000       0x12 dbg/kconsole.32
 .group         0x0000000000000000        0xc fs/vfs.32
 .group         0x0000000000000000        0xc fs/vfs.32
 .group         0x0000000000000000        0xc fs/vfs.32
 .comment       0x0000000000000000       0x12 fs/vfs.32
 .group         0x0000000000000000        0xc hal/bus.32
 .comment       0x0000000000000000       0x12 hal/bus.32
 .comment       0x0000000000000000       0x12 hal/buzzer.32
 .group         0x0000000000000000        0xc hal/clock.32
 .comment       0x0000000000000000       0x12 hal/clock.32
 .group         0x0000000000000000       0x14 hal/device.32
 .group         0x0000000000000000        0xc hal/device.32
 .group         0x0000000000000000        0x8 hal/device.32
 .group         0x0000000000000000        0xc hal/device.32
 .group         0x0000000000000000        0xc hal/device.32
 .comment       0x0000000000000000       0x12 hal/device.32
 .group         0x0000000000000000        0xc hal/diskctrl.32
 .comment       0x0000000000000000       0x12 hal/diskctrl.32
 .group         0x0000000000000000        0xc hal/diskphys.32
 .comment       0x0000000000000000       0x12 hal/diskphys.32
 .comment       0x0000000000000000       0x12 hal/fpu.32
 .comment       0x0000000000000000       0x12 hal/intctrl.32
 .group         0x0000000000000000        0xc hal/keybrd.32
 .comment       0x0000000000000000       0x12 hal/keybrd.32
 .group         0x0000000000000000        0xc hal/logidisk.32
 .comment       0x0000000000000000       0x12 hal/logidisk.32
 .group         0x0000000000000000        0xc hal/mouse.32
 .comment       0x0000000000000000       0x12 hal/mouse.32
[...]
Memory Configuration

Name             Origin             Length             Attributes
*default*        0x0000000000000000 0xffffffffffffffff

Linker script and memory map

LOAD D:/Users/Alex/Desktop/Banana/kernel/boot.32
LOAD crti.32
LOAD /cygdrive/d/Users/Alex/Desktop/Toolchain/Output/bin/../lib/gcc/i386-banana/8.1.0/crtbegin.o
LOAD D:/Users/Alex/Desktop/Banana/kernel/morenasm.32
LOAD acpica/utclib.32
LOAD core/malloc.32
LOAD libk/ctype.32
LOAD libk/string.32
LOAD fs/fat/diskio.32
LOAD fs/fat/ff.32
LOAD fs/fat/ffsystem.32
LOAD fs/fat/ffunicode.32
LOAD fs/iso9660/iso9660.32
LOAD core/computer.32
LOAD core/gdt.32
LOAD core/idle.32
LOAD core/idt.32
LOAD core/kheap.32
LOAD core/main.32
LOAD core/physmgr.32
LOAD core/pipe.32
LOAD core/terminal.32
LOAD core/tss.32
LOAD core/unixfile.32
LOAD core/virtmgr.32
LOAD coreobjs/c++.32
LOAD dbg/kconsole.32
LOAD fs/vfs.32
LOAD hal/bus.32
LOAD hal/buzzer.32
LOAD hal/clock.32
LOAD hal/device.32
LOAD hal/diskctrl.32
LOAD hal/diskphys.32
LOAD hal/fpu.32
LOAD hal/intctrl.32
LOAD hal/keybrd.32
LOAD hal/logidisk.32
LOAD hal/mouse.32
LOAD hal/partition.32
LOAD hal/serial.32
LOAD hal/timer.32
LOAD hal/vcache.32
LOAD hal/video.32
LOAD hw/acpi.32
LOAD hw/cpu.32
LOAD krnl/bootmsg.32
LOAD krnl/env.32
LOAD krnl/inlines.32
LOAD krnl/panic.32
LOAD krnl/powctrl.32
LOAD krnl/resolve.32
LOAD krnl/signal.32
LOAD krnl/syscalls.32
LOAD reg/registry.32
LOAD sys/eject.32
LOAD sys/exit.32
LOAD sys/getcwd.32
LOAD sys/getpid.32
LOAD sys/getramdata.32
LOAD sys/getvgaptr.32
LOAD sys/loaddll.32
LOAD sys/read.32
LOAD sys/registersignal.32
LOAD sys/sbrk.32
LOAD sys/setcwd.32
LOAD sys/settime.32
LOAD sys/timezone.32
LOAD sys/write.32
LOAD sys/wsbe.32
LOAD sys/yield.32
LOAD thr/elf.32
LOAD thr/prcssthr.32
LOAD vm86/vm8086.32
LOAD arch/i386/hal.32
LOAD arch/i386/pic.32
LOAD arch/i386/rtc.32
LOAD arch/i386/vga.32
LOAD fs/fat/vfslink.32
LOAD fs/iso9660/helper.32
LOAD fs/iso9660/vfslink.32
LOAD hal/sound/sndcard.32
LOAD hal/sound/sndport.32
LOAD hw/bus/isa.32
LOAD hw/bus/pci.32
LOAD hw/diskctrl/ide.32
LOAD hw/diskctrl/satabus.32
LOAD hw/diskphys/ata.32
LOAD hw/diskphys/atapi.32
LOAD hw/diskphys/sata.32
LOAD hw/diskphys/satapi.32
LOAD hw/intctrl/apic.32
LOAD hw/timer/apictimer.32
LOAD hw/timer/pit.32
LOAD arch/i386/avx.32
LOAD arch/i386/interrupt.32
LOAD arch/i386/rdrand.32
LOAD arch/i386/sse.32
LOAD arch/i386/x87.32
LOAD /cygdrive/d/Users/Alex/Desktop/Toolchain/Output/bin/../lib/gcc/i386-banana/8.1.0/crtend.o
LOAD crtn.32
LOAD /cygdrive/d/Users/Alex/Desktop/Toolchain/Output/bin/../lib/gcc/i386-banana/8.1.0/libkgcc.a
LOAD D:/Users/Alex/Desktop/Banana/kernel/libsoftfp.a
LOAD D:/Users/Alex/Desktop/Banana/kernel/libk/libm32.a
                0x00000000c0000000                . = 0xc0000000

.text           0x00000000c0000000    0x1caca
 *(.text)
 .text          0x00000000c0000000       0x20 D:/Users/Alex/Desktop/Banana/kernel/boot.32
 .text          0x00000000c0000020        0x0 crti.32
 .text          0x00000000c0000020      0x101 /cygdrive/d/Users/Alex/Desktop/Toolchain/Output/bin/../lib/gcc/i386-banana/8.1.0/crtbegin.o
 *fill*         0x00000000c0000121        0xf 
 .text          0x00000000c0000130      0x252 D:/Users/Alex/Desktop/Banana/kernel/morenasm.32
                0x00000000c0000130                manualPCIProbe
                0x00000000c000017b                prepareTramp
                0x00000000c0000194                doTPAUSE
                0x00000000c000019e                hasLegacyFPU
                0x00000000c00001c3                is486
                0x00000000c00001f9                detectCPUID
                0x00000000c000020f                goToVM86
                0x00000000c000023f                goToUsermode
                0x00000000c0000269                switchToThreadASMFirstTime
                0x00000000c0000277                switchToThreadASM
                0x00000000c00002ff                asmQuickAcquireLock
                0x00000000c000031d                asmQuickReleaseLock
                0x00000000c0000329                asmAcquireLock
                0x00000000c000034a                asmReleaseLock
                0x00000000c000035d                loadGDT
                0x00000000c000037d                memcpy
 *fill*         0x00000000c0000382        0xe 
 .text          0x00000000c0000390      0x79e acpica/utclib.32
                0x00000000c0000390                memcmp
                0x00000000c00003e0                memmove
                0x00000000c00004d0                memset
                0x00000000c0000540                strlen
                0x00000000c0000570                strpbrk
                0x00000000c00005b0                strtok
                0x00000000c0000600                strcpy
                0x00000000c0000630                strncpy
                0x00000000c00006e0                strcmp
                0x00000000c0000730                strchr
                0x00000000c0000760                strncmp
                0x00000000c00007c0                strcat
                0x00000000c00007f0                strncat
                0x00000000c0000850                strstr
                0x00000000c00008b0                toupper
                0x00000000c00008d0                tolower
                0x00000000c00008f0                simple_strtoul
 .text          0x00000000c0000b2e      0xfad core/malloc.32
                0x00000000c0000c99                dlfree
                0x00000000c0000ff4                dlmalloc
                0x00000000c0001531                dlrealloc
                0x00000000c00016d4                dlmemalign
                0x00000000c00017f7                dlcalloc
                0x00000000c0001891                dlcfree
                0x00000000c0001896                dlindependent_calloc
                0x00000000c00018bb                dlindependent_comalloc
                0x00000000c00018d2                dlvalloc
                0x00000000c00018fd                dlpvalloc
                0x00000000c0001933                dlmalloc_trim
                0x00000000c0001940                dlmalloc_usable_size
                0x00000000c0001971                dlmallinfo
                0x00000000c0001a40                dlmalloc_stats
                0x00000000c0001a51                dlmallopt
 *fill*         0x00000000c0001adb        0x1 
 .text          0x00000000c0001adc      0x1f2 libk/ctype.32
                0x00000000c0001adc                isblank
                0x00000000c0001afc                iscntrl
                0x00000000c0001b1c                isdigit
                0x00000000c0001b38                islower
                0x00000000c0001b54                isspace
                0x00000000c0001b7c                isupper
                0x00000000c0001b98                isalpha
                0x00000000c0001bc8                isalnum
                0x00000000c0001bf8                ispunct
                0x00000000c0001c38                isgraph
                0x00000000c0001c68                isprint
                0x00000000c0001c90                isxdigit
 .text          0x00000000c0001cce        0x0 libk/string.32
 .text          0x00000000c0001cce       0x51 fs/fat/diskio.32
                0x00000000c0001cce                disk_status
                0x00000000c0001cd1                disk_initialize
                0x00000000c0001cd4                disk_read
                0x00000000c0001cea                disk_write
                0x00000000c0001d00                disk_ioctl
 .text          0x00000000c0001d1f     0x3d4b fs/fat/ff.32
                0x00000000c0003abb                f_mount
                0x00000000c0003b1d                f_open
                0x00000000c0003de8                f_read
                0x00000000c0003fe7                f_write
                0x00000000c000421b                f_sync
                0x00000000c00042d0                f_close
                0x00000000c00042ff                f_lseek
                0x00000000c00044a6                f_opendir
                0x00000000c0004571                f_closedir
                0x00000000c0004593                f_readdir
                0x00000000c0004625                f_stat
                0x00000000c00046a4                f_getfree
                0x00000000c00047a6                f_truncate
                0x00000000c000488a                f_unlink
                0x00000000c00049ac                f_mkdir
                0x00000000c0004b47                f_rename
                0x00000000c0004cfd                f_chmod
                0x00000000c0004da6                f_utime
                0x00000000c0004e54                f_getlabel
                0x00000000c0004fa5                f_setlabel
                0x00000000c0005135                f_expand
                0x00000000c0005295                f_mkfs
 *fill*         0x00000000c0005a6a        0x2 
 .text          0x00000000c0005a6c       0x2f fs/fat/ffsystem.32
                0x00000000c0005a6c                ff_memalloc
                0x00000000c0005a84                ff_memfree
 *fill*         0x00000000c0005a9b        0x1 
 .text          0x00000000c0005a9c      0x2a8 fs/fat/ffunicode.32
                0x00000000c0005a9c                ff_uni2oem
                0x00000000c0005b3c                ff_oem2uni
                0x00000000c0005bb4                ff_wtoupper
 .text          0x00000000c0005d44      0xc75 fs/iso9660/iso9660.32
                0x00000000c0005f63                isoReadDiscSector
                0x00000000c0005ffe                strnicmp
                0x00000000c00062b0                stricmp
                0x00000000c00062fc                iso_open
                0x00000000c0006386                iso_close
                0x00000000c00063a4                iso_read
                0x00000000c00064ba                iso_seek
                0x00000000c000653e                iso_tell
                0x00000000c000656f                iso_total
                0x00000000c000659a                fn_postprocess
                0x00000000c00065c0                iso_readdir
                0x00000000c00067b1                iso_reset
                0x00000000c00067be                init_percd
                0x00000000c00068b8                iso_ioctl
                0x00000000c00068c0                fs_iso9660_init
                0x00000000c0006949                fs_iso9660_shutdown
 *fill*         0x00000000c00069b9        0x1 
 .text          0x00000000c00069ba      0x685 core/computer.32
                0x00000000c00069ba                Computer::close(int, int, void*)
                0x00000000c00069ff                Krnl::firstTask()
                0x00000000c0006b32                Computer::Computer()
                0x00000000c0006b32                Computer::Computer()
                0x00000000c0006be4                Computer::setBootMessage(char const*)
                0x00000000c0006be6                Computer::detectFeatures()
                0x00000000c0006df0                Computer::displayFeatures()
                0x00000000c0006df2                Computer::rdmsr(unsigned int)
                0x00000000c0006e1e                Computer::wrmsr(unsigned int, unsigned long long)
                0x00000000c0006e56                Computer::shutdown()
                0x00000000c0006e6e                Computer::restart()
                0x00000000c0006e86                Computer::sleep()
                0x00000000c0006e9a                Computer::nmiEnabled()
                0x00000000c0006ea6                Computer::readCMOS(unsigned char)
                0x00000000c0006ec0                Computer::enableNMI(bool)
                0x00000000c0006ed8                Computer::open(int, int, void*)
                0x00000000c0006fac                Computer::disableNMI()
                0x00000000c0006fbc                Computer::writeCMOS(unsigned char, unsigned char)
                0x00000000c0006fda                Computer::handleNMI()
 *fill*         0x00000000c000703f        0x1 
 .text          0x00000000c0007040      0x1cf core/gdt.32
                0x00000000c0007040                GDTEntry::setBase(unsigned int)
                0x00000000c000705c                GDTEntry::setLimit(unsigned int)
                0x00000000c000707a                GDT::GDT()
                0x00000000c000707a                GDT::GDT()
                0x00000000c0007090                GDT::addEntry(GDTEntry)
                0x00000000c00070b2                GDT::getNumberOfEntries()
                0x00000000c00070ba                GDT::flush()
                0x00000000c00070dc                GDT::setup()
 .text          0x00000000c000720f       0x1d core/idle.32
                0x00000000c000720f                idleFunction(void*)
 .text          0x00000000c000722c      0x464 core/idt.32
                0x00000000c000722c                IDTEntry::IDTEntry(bool)
                0x00000000c000722c                IDTEntry::IDTEntry(bool)
                0x00000000c000729e                IDTEntry::setOffset(unsigned int)
                0x00000000c00072b4                IDT::IDT()
                0x00000000c00072b4                IDT::IDT()
                0x00000000c00072b6                IDT::getPointerToInvalidOpcodeEntryForF00F()
                0x00000000c00072be                IDT::addEntry(IDTEntry, int)
                0x00000000c00072d8                IDT::addEntry(int, void (*)(), bool)
                0x00000000c0007310                IDT::flush()
                0x00000000c000732a                IDT::setup()
 .text          0x00000000c0007690      0x183 core/kheap.32
                0x00000000c0007690                sbrk
                0x00000000c0007725                mmap
                0x00000000c000773b                munmap
                0x00000000c0007751                liballoc_lock()
                0x00000000c000775e                liballoc_unlock()
                0x00000000c0007772                liballoc_alloc(int)
                0x00000000c000778a                liballoc_free(void*, int)
                0x00000000c00077a5                realloc
                0x00000000c00077b9                malloc
                0x00000000c00077c9                free
                0x00000000c00077d9                rfree
                0x00000000c00077e9                calloc
 .text          0x00000000c0007813       0xc3 core/main.32
                0x00000000c0007813                KeEntryPoint
 .text          0x00000000c00078d6      0x5dc core/physmgr.32
                0x00000000c00078d6                Phys::allocateDMA(unsigned long)
                0x00000000c00079ad                Phys::freeDMA(unsigned long, unsigned long)
                0x00000000c00079e0                Phys::setPageState(unsigned long, bool)
                0x00000000c0007a12                Phys::getPageState(unsigned long)
                0x00000000c0007a33                Phys::freePage(unsigned long)
                0x00000000c0007a95                Phys::allocatePage()
                0x00000000c0007b53                Phys::allocateContiguousPages(int)
                0x00000000c0007baf                Phys::allowSegmentToBeUsed(unsigned long, unsigned long)
                0x00000000c0007be7                Phys::physicalMemorySetup(unsigned int)
 .text          0x00000000c0007eb2      0x273 core/pipe.32
                0x00000000c0007eb2                Pipe::isAtty()
                0x00000000c0007eb6                Pipe::~Pipe()
                0x00000000c0007eb6                Pipe::~Pipe()
                0x00000000c0007eda                Pipe::~Pipe()
                0x00000000c0007f02                Pipe::write(unsigned long long, void*, int*)
                0x00000000c0007fc2                Pipe::read(unsigned long long, void*, int*)
                0x00000000c00080be                Pipe::Pipe(int)
                0x00000000c00080be                Pipe::Pipe(int)
 *fill*         0x00000000c0008125        0x1 
 .text          0x00000000c0008126      0xab2 core/terminal.32
                0x00000000c0008126                VgaText::isAtty()
                0x00000000c000812a                VgaText::~VgaText()
                0x00000000c000812a                VgaText::~VgaText()
                0x00000000c000814e                VgaText::~VgaText()
                0x00000000c0008178                VgaText::read(unsigned long long, void*, int*)
                0x00000000c0008198                setTerminalScrollLock(bool)
                0x00000000c0008199                doTerminalCycle()
                0x00000000c000819a                addToTerminalCycle(VgaText*)
                0x00000000c000819b                scrollTerminalScrollLock(int)
                0x00000000c000819c                VgaText::updateTitle()
                0x00000000c000819e                VgaText::load()
                0x00000000c00081a0                VgaText::updateCursor()
                0x00000000c00081b6                VgaText::doANSI_SGR(int)
                0x00000000c000822a                VgaText::setDefaultBgColour(VgaColour)
                0x00000000c000823a                VgaText::setDefaultFgColour(VgaColour)
                0x00000000c000824a                VgaText::setDefaultColours(VgaColour, VgaColour)
                0x00000000c000826a                VgaText::setTitleTextColour(VgaColour)
                0x00000000c0008276                VgaText::setTitleColour(VgaColour)
                0x00000000c0008282                VgaText::setTitle(char*)
                0x00000000c0008284                VgaText::combineColours(unsigned char, unsigned char)
                0x00000000c0008296                VgaText::scrollScreen()
                0x00000000c000832e                VgaText::combineCharAndColour(char, unsigned char)
                0x00000000c0008340                VgaText::writeCharacter(char, VgaColour, VgaColour, int, int)
                0x00000000c00083d0                VgaText::getCursorX()
                0x00000000c00083d8                VgaText::getCursorY()
                0x00000000c00083e0                VgaText::setCursor(int, int)
                0x00000000c00083f7                setActiveTerminal(VgaText*)
                0x00000000c0008442                VgaText::clearScreen()
                0x00000000c0008490                VgaText::setCursorX(int)
                0x00000000c00084a8                VgaText::setCursorY(int)
                0x00000000c00084c0                VgaText::incrementCursor(bool)
                0x00000000c0008514                VgaText::decrementCursor(bool)
                0x00000000c0008536                VgaText::putchar(char, VgaColour, VgaColour)
                0x00000000c0008604                VgaText::putchar(char)
                0x00000000c00086f0                VgaText::putx(unsigned int)
                0x00000000c0008736                VgaText::puts(char const*)
                0x00000000c000875c                VgaText::write(unsigned long long, void*, int*)
                0x00000000c00087a8                VgaText::puts(char const*, VgaColour, VgaColour)
                0x00000000c00088fa                VgaText::VgaText(char const*)
                0x00000000c00088fa                VgaText::VgaText(char const*)
                0x00000000c0008a4a                VgaText::receiveKey(unsigned char)
                0x00000000c0008bb2                VgaText::doUpdate()
                0x00000000c0008bb3                newTerminal(char*)
 .text          0x00000000c0008bd8      0x1a1 core/tss.32
                0x00000000c0008bd8                TSS::TSS()
                0x00000000c0008bd8                TSS::TSS()
                0x00000000c0008be8                TSS::setESP(unsigned long)
                0x00000000c0008bfc                TSS::flush()
                0x00000000c0008c1c                TSS::setup(unsigned long, unsigned long)
 *fill*         0x00000000c0008d79        0x1 
 .text          0x00000000c0008d7a      0x4c2 core/unixfile.32
                0x00000000c0008d7a                ReservedFilename::read(unsigned long long, void*, int*)
                0x00000000c0008dd0                ReservedFilename::isAtty()
                0x00000000c0008dec                ReservedFilename::write(unsigned long long, void*, int*)
                0x00000000c0008e4a                UnixFile::getFileDescriptor()
                0x00000000c0008e52                UnixFile::UnixFile(int)
                0x00000000c0008e52                UnixFile::UnixFile(int)
                0x00000000c0009002                ReservedFilename::ReservedFilename(int)
                0x00000000c0009002                ReservedFilename::ReservedFilename(int)
                0x00000000c0009034                UnixFile::~UnixFile()
                0x00000000c0009034                UnixFile::~UnixFile()
                0x00000000c00090cc                UnixFile::~UnixFile()
                0x00000000c00090f4                ReservedFilename::~ReservedFilename()
                0x00000000c00090f4                ReservedFilename::~ReservedFilename()
                0x00000000c0009118                ReservedFilename::~ReservedFilename()
                0x00000000c000913f                getFromFileDescriptor(int)
 .text          0x00000000c000923c     0x11d0 core/virtmgr.32
                0x00000000c000923c                Virt::setPageState(unsigned long, Virt::VirtPageState)
                0x00000000c0009271                Virt::getPageState(unsigned long)
                0x00000000c0009295                Virt::allocateKernelVirtualPages(int)
                0x00000000c00093a6                Virt::freeSwapfilePage(unsigned long)
                0x00000000c00093c4                Virt::swapIDToSector(unsigned long)
                0x00000000c00093d6                Virt::allocateSwapfilePage()
                0x00000000c0009454                Virt::virtualMemorySetup()
                0x00000000c000949f                Virt::setupPageSwapping(int)
                0x00000000c0009510                VAS::VAS(VAS*)
                0x00000000c0009510                VAS::VAS(VAS*)
                0x00000000c000953e                VAS::getForeignPageTableEntry(bool, unsigned long)
                0x00000000c000956a                VAS::getPageTableEntry(unsigned long)
                0x00000000c0009589                Virt::freeKernelVirtualPages(unsigned long)
                0x00000000c00096ae                VAS::freeAllocatedPages(unsigned long)
                0x00000000c00096d2                VAS::virtualToPhysical(unsigned long)
                0x00000000c00096ec                VAS::reflagRange(unsigned long, int, int, int)
                0x00000000c000972c                VAS::VAS()
                0x00000000c000972c                VAS::VAS()
                0x00000000c0009796                VAS::setToWriteCombining(unsigned long, int)
                0x00000000c00097ca                VAS::mapOtherVASIn(bool, VAS*)
                0x00000000c00097f4                VAS::~VAS()
                0x00000000c00097f4                VAS::~VAS()
                0x00000000c0009958                VAS::mapPage(unsigned long, unsigned long, int)
                0x00000000c0009a5c                VAS::allocatePages(int, int)
                0x00000000c0009c34                VAS::setCPUSpecific(unsigned long)
                0x00000000c0009c52                VAS::mapRange(unsigned long, unsigned long, int, int)
                0x00000000c0009d18                VAS::mapForeignPage(bool, VAS*, unsigned long, unsigned long, int)
                0x00000000c0009e06                VAS::VAS(bool)
                0x00000000c0009e06                VAS::VAS(bool)
                0x00000000c000a086                VAS::evict(unsigned long)
                0x00000000c000a148                VAS::tryLoadBackOffDisk(unsigned long)
                0x00000000c000a236                VAS::scanForEviction()
                0x00000000c000a316                mapVASFirstTime
 .text          0x00000000c000a40c       0x5f coreobjs/c++.32
                0x00000000c000a40c                __cxa_atexit
                0x00000000c000a40f                __cxa_finalize
                0x00000000c000a410                __stack_chk_fail
                0x00000000c000a446                __cxa_pure_virtual
                0x00000000c000a457                operator new[](unsigned long)
                0x00000000c000a45c                operator delete(void*, unsigned long)
                0x00000000c000a461                operator delete[](void*)
                0x00000000c000a466                operator delete[](void*, unsigned long)
 .text          0x00000000c000a46b      0x21c dbg/kconsole.32
                0x00000000c000a46b                Dbg::stringifyxWithBase(unsigned int, char*, int)
                0x00000000c000a4d6                Dbg::logc(char)
                0x00000000c000a4f6                Dbg::logs(char*)
                0x00000000c000a513                Dbg::logWriteInt(unsigned int)
                0x00000000c000a531                Dbg::logWriteIntBase(unsigned int, int)
                0x00000000c000a552                Dbg::kprintf(char const*, ...)
 *fill*         0x00000000c000a687        0x1 
 .text          0x00000000c000a688      0xca8 fs/vfs.32
                0x00000000c000a688                File::read(unsigned long long, void*, int*)
                0x00000000c000a6e0                File::write(unsigned long long, void*, int*)
                0x00000000c000a738                Directory::read(unsigned long long, void*, int*)
                0x00000000c000a790                Directory::write(unsigned long long, void*, int*)
                0x00000000c000a7be                File::isAtty()
                0x00000000c000a7c2                Directory::isAtty()
                0x00000000c000a7c6                Filesystem::getlabel(LogicalDisk*, int, char*, unsigned int*)
                0x00000000c000a7cc                Filesystem::setlabel(LogicalDisk*, int, char*)
                0x00000000c000a7d2                Filesystem::allocateSwapfile(char const*, int)
                0x00000000c000a7d8                File::~File()
                0x00000000c000a7d8                File::~File()
                0x00000000c000a7fc                File::~File()
                0x00000000c000a826                Directory::~Directory()
                0x00000000c000a826                Directory::~Directory()
                0x00000000c000a84a                Directory::~Directory()
                0x00000000c000a874                Filesystem::Filesystem()
                0x00000000c000a874                Filesystem::Filesystem()
                0x00000000c000a898                Filesystem::~Filesystem()
                0x00000000c000a898                Filesystem::~Filesystem()
                0x00000000c000a8a6                Filesystem::~Filesystem()
                0x00000000c000a8ca                Fs::getcwd(Process*, char*, int)
                0x00000000c000a8f4                Fs::initVFS()
                0x00000000c000a91e                Fs::standardiseFiles(char*, char const*, char const*)
                0x00000000c000aac8                File::File(char const*, Process*)
                0x00000000c000aac8                File::File(char const*, Process*)
                0x00000000c000ab88                File::open(FileOpenMode)
                0x00000000c000abe6                File::close()
                0x00000000c000ac46                File::seek(unsigned long long)
                0x00000000c000ac9c                File::tell(unsigned long long*)
                0x00000000c000acec                File::rewind()
                0x00000000c000ad00                File::unlink()
                0x00000000c000ad4c                File::rename(char const*)
                0x00000000c000ad9a                File::chfatattr(unsigned char, unsigned char)
                0x00000000c000adf6                File::exists()
                0x00000000c000ae34                File::stat(unsigned long long*, bool*)
                0x00000000c000ae95                Fs::setcwd(Process*, char*)
                0x00000000c000b03e                Directory::Directory(char const*, Process*)
                0x00000000c000b03e                Directory::Directory(char const*, Process*)
                0x00000000c000b0fe                Directory::open()
                0x00000000c000b15a                Directory::close()
                0x00000000c000b1ba                Directory::unlink()
                0x00000000c000b206                Directory::rename(char const*)
                0x00000000c000b254                Directory::exists()
                0x00000000c000b292                Directory::read(dirent*)
                0x00000000c000b2de                Directory::create()
                0x00000000c000b32a                Filesystem::chfatattr(char const*, unsigned char, unsigned char)
 .text          0x00000000c000b330       0x86 hal/bus.32
                0x00000000c000b330                Bus::Bus(char const*)
                0x00000000c000b330                Bus::Bus(char const*)
                0x00000000c000b368                Bus::~Bus()
                0x00000000c000b368                Bus::~Bus()
                0x00000000c000b38c                Bus::~Bus()
 .text          0x00000000c000b3b6       0x96 hal/buzzer.32
                0x00000000c000b3b6                beepThread(void*)
                0x00000000c000b3f3                Krnl::beep(int, int, bool)
 .text          0x00000000c000b44c      0x46d hal/clock.32
                0x00000000c000b44c                User::loadClockSettings(int)
                0x00000000c000b49e                Clock::Clock(char const*)
                0x00000000c000b49e                Clock::Clock(char const*)
                0x00000000c000b4d4                Clock::~Clock()
                0x00000000c000b4d4                Clock::~Clock()
                0x00000000c000b4f8                Clock::~Clock()
                0x00000000c000b522                Clock::timeInSecondsLocal()
                0x00000000c000b56a                Clock::setTimeInSecondsLocal(unsigned long long)
                0x00000000c000b5c3                datetimeToSeconds(datetime_t)
                0x00000000c000b6f0                Clock::setTimeInDatetimeLocal(datetime_t)
                0x00000000c000b750                secondsToDatetime(unsigned long long)
                0x00000000c000b894                Clock::timeInDatetimeLocal()
 *fill*         0x00000000c000b8b9        0x1 
 .text          0x00000000c000b8ba      0x464 hal/device.32
                0x00000000c000b8ba                Device::hibernate()
                0x00000000c000b8bc                Device::wake()
                0x00000000c000b8be                Device::detect()
                0x00000000c000b8c0                Device::disableLegacy()
                0x00000000c000b8c2                Device::powerSaving(PowerSavingLevel)
                0x00000000c000b8c4                DriverlessDevice::close(int, int, void*)
                0x00000000c000b8c8                DriverlessDevice::detect()
                0x00000000c000b8ca                DriverlessDevice::open(int, int, void*)
                0x00000000c000b8de                Device::~Device()
                0x00000000c000b8de                Device::~Device()
                0x00000000c000b8ec                Device::~Device()
                0x00000000c000b914                Device::findAndLoadDriver()
                0x00000000c000b922                Device::preOpenPCI(PCIDeviceInfo)
                0x00000000c000b948                Device::preOpenACPI(void*, char*, char*)
                0x00000000c000b988                Device::addIRQHandler(int, void (*)(regs*, void*), bool, void*)
                0x00000000c000b9b2                Device::getParent()
                0x00000000c000b9be                Device::removeIRQHandler(int, void (*)(regs*, void*), bool)
                0x00000000c000b9dc                Device::addChild(Device*)
                0x00000000c000ba20                Device::removeAllChildren()
                0x00000000c000ba66                Device::hibernateAll()
                0x00000000c000ba96                Device::wakeAll()
                0x00000000c000bac6                Device::detectAll()
                0x00000000c000baf6                Device::disableLegacyAll()
                0x00000000c000baf8                Device::loadDriversForAll()
                0x00000000c000bafa                Device::closeAll()
                0x00000000c000bb30                Device::powerSavingAll(PowerSavingLevel)
                0x00000000c000bb66                Device::setName(char const*)
                0x00000000c000bb74                Device::Device(char const*)
                0x00000000c000bb74                Device::Device(char const*)
                0x00000000c000bc70                Device::getName()
                0x00000000c000bc7a                DriverlessDevice::DriverlessDevice(char const*)
                0x00000000c000bc7a                DriverlessDevice::DriverlessDevice(char const*)
                0x00000000c000bcb0                Device::addToLinkedList(LinkedList<Device>&, DeviceType)
                0x00000000c000bcf4                getDevicesOfType(DeviceType)
 *fill*         0x00000000c000bd1e        0x2 
 .text          0x00000000c000bd20       0x86 hal/diskctrl.32
                0x00000000c000bd20                HardDiskController::HardDiskController(char const*)
                0x00000000c000bd20                HardDiskController::HardDiskController(char const*)
                0x00000000c000bd58                HardDiskController::~HardDiskController()
                0x00000000c000bd58                HardDiskController::~HardDiskController()
                0x00000000c000bd7c                HardDiskController::~HardDiskController()
 .text          0x00000000c000bda6       0xe2 hal/diskphys.32
                0x00000000c000bda6                PhysicalDisk::eject()
                0x00000000c000bdaa                PhysicalDisk::PhysicalDisk(char const*, int)
                0x00000000c000bdaa                PhysicalDisk::PhysicalDisk(char const*, int)
                0x00000000c000be12                PhysicalDisk::startCache()
                0x00000000c000be3a                PhysicalDisk::~PhysicalDisk()
                0x00000000c000be3a                PhysicalDisk::~PhysicalDisk()
                0x00000000c000be5e                PhysicalDisk::~PhysicalDisk()
 .text          0x00000000c000be88        0x0 hal/fpu.32
 .text          0x00000000c000be88      0x35d hal/intctrl.32
                0x00000000c000be88                int_handler
                0x00000000c000bf10                installISRHandler(int, void (*)(regs*, void*), void*)
                0x00000000c000bf58                installIRQHandler(int, void (*)(regs*, void*), bool, void*)
                0x00000000c000c090                uninstallISRHandler(int, void (*)(regs*, void*))
                0x00000000c000c0c4                uninstallIRQHandler(int, void (*)(regs*, void*), bool)
                0x00000000c000c143                setupINTS()
                0x00000000c000c1a0                convertLegacyIRQNumber(int)
 *fill*         0x00000000c000c1e5        0x1 
 .text          0x00000000c000c1e6      0x7bc hal/keybrd.32
                0x00000000c000c1e6                startGUI(void*)
                0x00000000c000c252                startGUIVESA(void*)
                0x00000000c000c2be                sendKeyToTerminal(unsigned char)
                0x00000000c000c387                sendKeyboardToken(KeyboardToken)
                0x00000000c000c7c7                clearInternalKeybuffer(VgaText*)
                0x00000000c000c7fc                readKeyboard(VgaText*, char*, unsigned long)
                0x00000000c000c918                Keyboard::Keyboard(char const*)
                0x00000000c000c918                Keyboard::Keyboard(char const*)
                0x00000000c000c954                Keyboard::~Keyboard()
                0x00000000c000c954                Keyboard::~Keyboard()
                0x00000000c000c978                Keyboard::~Keyboard()
 .text          0x00000000c000c9a2      0x3ea hal/logidisk.32
                0x00000000c000c9a2                LogicalDisk::close(int, int, void*)
                0x00000000c000c9a6                LogicalDisk::~LogicalDisk()
                0x00000000c000c9a6                LogicalDisk::~LogicalDisk()
                0x00000000c000c9ca                LogicalDisk::~LogicalDisk()
                0x00000000c000c9f4                LogicalDisk::open(int, int, void*)
                0x00000000c000ca08                LogicalDisk::absoluteToRelative(unsigned long long)
                0x00000000c000ca40                LogicalDisk::relativeToAbsolute(unsigned long long)
                0x00000000c000ca86                LogicalDisk::LogicalDisk(char const*, PhysicalDisk*, unsigned long long, unsigned long long)
                0x00000000c000ca86                LogicalDisk::LogicalDisk(char const*, PhysicalDisk*, unsigned long long, unsigned long long)
                0x00000000c000cb3c                LogicalDisk::assignDriveLetter()
                0x00000000c000cbf2                LogicalDisk::mount()
                0x00000000c000cc3a                LogicalDisk::unmount()
                0x00000000c000cc4a                LogicalDisk::eject()
                0x00000000c000cc5e                LogicalDisk::unassignDriveLetter()
                0x00000000c000ccb4                LogicalDisk::read(unsigned long long, int, void*)
                0x00000000c000cd20                LogicalDisk::write(unsigned long long, int, void*)
 .text          0x00000000c000cd8c       0x86 hal/mouse.32
                0x00000000c000cd8c                Mouse::Mouse(char const*)
                0x00000000c000cd8c                Mouse::Mouse(char const*)
                0x00000000c000cdc4                Mouse::~Mouse()
                0x00000000c000cdc4                Mouse::~Mouse()
                0x00000000c000cde8                Mouse::~Mouse()
 .text          0x00000000c000ce12      0x339 hal/partition.32
                0x00000000c000ce12                makePartition(PhysicalDisk*, unsigned long long, unsigned long long)
                0x00000000c000ceba                createPartitionsForDisk(PhysicalDisk*)
 *fill*         0x00000000c000d14b        0x1 
 .text          0x00000000c000d14c       0x86 hal/serial.32
                0x00000000c000d14c                Serial::Serial(char const*)
                0x00000000c000d14c                Serial::Serial(char const*)
                0x00000000c000d184                Serial::~Serial()
                0x00000000c000d184                Serial::~Serial()
                0x00000000c000d1a8                Serial::~Serial()
 *fill*         0x00000000c000d1d2        0x2 
 .text          0x00000000c000d1d4      0x234 hal/timer.32
                0x00000000c000d1d4                Timer::Timer(char const*)
                0x00000000c000d1d4                Timer::Timer(char const*)
                0x00000000c000d20c                Timer::~Timer()
                0x00000000c000d20c                Timer::~Timer()
                0x00000000c000d230                Timer::~Timer()
                0x00000000c000d25a                Timer::read()
                0x00000000c000d265                setupTimer(int)
                0x00000000c000d2a0                timerHandler(unsigned int)
 .text          0x00000000c000d408      0x468 hal/vcache.32
                0x00000000c000d408                VCache::VCache(PhysicalDisk*)
                0x00000000c000d408                VCache::VCache(PhysicalDisk*)
                0x00000000c000d578                VCache::invalidateReadBuffer()
                0x00000000c000d588                VCache::writeWriteBuffer()
                0x00000000c000d5d4                VCache::~VCache()
                0x00000000c000d5d4                VCache::~VCache()
                0x00000000c000d628                VCache::~VCache()
                0x00000000c000d650                VCache::write(unsigned long long, int, void*)
                0x00000000c000d766                VCache::read(unsigned long long, int, void*)
 .text          0x00000000c000d870      0x4b3 hal/video.32
                0x00000000c000d870                Video::putrect(int, int, int, int, unsigned int)
                0x00000000c000d8bc                Video::bitblit(int, int, int, int, int, int, int, unsigned int*)
                0x00000000c000d92c                Video::blit(unsigned int*, int, int, int, int)
                0x00000000c000d9aa                Video::clearScreen(unsigned int)
                0x00000000c000d9de                Video::putpixel(int, int, unsigned int)
                0x00000000c000d9ec                Video::Video(char const*)
                0x00000000c000d9ec                Video::Video(char const*)
                0x00000000c000da22                Video::~Video()
                0x00000000c000da22                Video::~Video()
                0x00000000c000da46                Video::~Video()
                0x00000000c000da70                Video::isMonochrome()
                0x00000000c000da7c                Video::getWidth()
                0x00000000c000da88                Video::getHeight()
                0x00000000c000da94                Video::drawCursor(int, int, unsigned char*, int)
                0x00000000c000db50                Video::tgaParse(unsigned char*, int, int*, int*)
                0x00000000c000dcb8                Video::putTGA(int, int, unsigned char*, int)
 *fill*         0x00000000c000dd23        0x1 
 .text          0x00000000c000dd24     0x1307 hw/acpi.32
                0x00000000c000dd24                ACPI::close(int, int, void*)
                0x00000000c000dddc                findRSDP()
                0x00000000c000de6c                loadACPITables(unsigned char*)
                0x00000000c000e0d0                findRSDT(unsigned char*)
                0x00000000c000e220                findDataTable(unsigned char*, char*)
                0x00000000c000e298                scanMADT()
                0x00000000c000e76c                ACPI::ACPI()
                0x00000000c000e76c                ACPI::ACPI()
                0x00000000c000e7c0                ACPI::getPCIIRQAssignment(unsigned char, unsigned short, unsigned char)
                0x00000000c000e8a8                ACPI::registerPCIIRQAssignment(void*, unsigned short, unsigned char, unsigned char)
                0x00000000c000e970                ACPI::setScreenBrightnessLevel(void*, int)
                0x00000000c000e978                ACPI::detectPCI()
                0x00000000c000eb80                ACPI::writeSimpleBootFlag(SimpleBootFlagTable*)
                0x00000000c000ebd4                ACPI::sleep()
                0x00000000c000ebf0                ACPI::open(int, int, void*)
 *fill*         0x00000000c000f02b        0x1 
 .text          0x00000000c000f02c      0xb95 hw/cpu.32
                0x00000000c000f02c                CPU::close(int, int, void*)
                0x00000000c000f030                CPU::AMD_K6_write_msr(unsigned int, unsigned int, unsigned int, CPU::REGS*)
                0x00000000c000f04c                CPU::AMD_K6_read_msr(unsigned int, CPU::REGS*)
                0x00000000c000f064                CPU::AMD_K6_writeback(int, int, int)
                0x00000000c000f0d8                CPU::cpuid(int, unsigned long*, unsigned long*, unsigned long*, unsigned long*)
                0x00000000c000f15c                CPU::cpuidCheckEDX(unsigned int)
                0x00000000c000f18a                CPU::cpuidCheckECX(unsigned int)
                0x00000000c000f1b8                CPU::cpuidCheckExtendedEBX(unsigned int)
                0x00000000c000f1e6                CPU::cpuidCheckExtendedECX(unsigned int)
                0x00000000c000f214                CPU::CPU()
                0x00000000c000f214                CPU::CPU()
                0x00000000c000f2a2                CPU::displayFeatures()
                0x00000000c000f2a4                CPU::detectFeatures()
                0x00000000c000f968                CPU::setupSMEP()
                0x00000000c000f974                CPU::setupUMIP()
                0x00000000c000f97e                CPU::setupTSC()
                0x00000000c000f988                CPU::setupLargePages()
                0x00000000c000f992                CPU::setupPAT()
                0x00000000c000f9ce                CPU::setupMTRR()
                0x00000000c000f9d0                CPU::setupGlobalPages()
                0x00000000c000f9da                CPU::allowUsermodeDataAccess()
                0x00000000c000f9ec                CPU::prohibitUsermodeDataAccess()
                0x00000000c000f9fe                CPU::setupSMAP()
                0x00000000c000fa0c                CPU::setupFeatures()
                0x00000000c000fad8                CPU::open(int, int, void*)
 .text          0x00000000c000fbc1       0xd1 krnl/bootmsg.32
                0x00000000c000fbc1                KeDisplaySplashScreen()
                0x00000000c000fc2f                KeSetBootMessage(char const*)
 .text          0x00000000c000fc92      0x581 krnl/env.32
                0x00000000c000fc92                EnvVarContainer::getEnv(char const*)
                0x00000000c000fcd0                EnvVarContainer::setEnv(char const*, char const*)
                0x00000000c000fd92                EnvVarContainer::deleteEnv(char const*)
                0x00000000c000fd94                EnvVarContainer::loadFrom(char const*, char const*)
                0x00000000c000ff7a                EnvVarContainer::__loadSystem()
                0x00000000c000ff94                EnvVarContainer::__loadUser()
                0x00000000c000ff96                EnvVarContainer::EnvVarContainer(Process*)
                0x00000000c000ff96                EnvVarContainer::EnvVarContainer(Process*)
                0x00000000c000ffb8                EnvVarContainer::~EnvVarContainer()
                0x00000000c000ffb8                EnvVarContainer::~EnvVarContainer()
                0x00000000c000ffe8                Krnl::getEnv(Process*, char const*)
                0x00000000c001004d                Krnl::setEnvSystem(char const*, char const*)
                0x00000000c0010067                Krnl::setEnvUser(char const*, char const*)
                0x00000000c0010086                Krnl::setEnvProcess(Process*, char const*, char const*)
                0x00000000c0010099                Krnl::deleteEnvSystem(char const*)
                0x00000000c001009a                Krnl::deleteEnvUser(char const*)
                0x00000000c001009b                Krnl::deleteEnvProcess(Process*, char const*)
                0x00000000c001009c                Krnl::newProcessEnv(Process*)
                0x00000000c00100be                Krnl::copyProcessEnv(Process*, Process*)
                0x00000000c001010a                Krnl::loadSystemEnv()
                0x00000000c0010138                Krnl::loadUserEnv()
                0x00000000c001015e                Krnl::flushEnv()
                0x00000000c001015f                Krnl::getProcessTotalEnvCount(Process*)
                0x00000000c001017f                Krnl::getProcessEnvPair(Process*, int)
 .text          0x00000000c0010213       0x94 krnl/inlines.32
                0x00000000c0010213                CPU::current()
                0x00000000c001021f                operator new(unsigned long)
                0x00000000c0010224                operator delete(void*)
                0x00000000c0010229                disableIRQs()
                0x00000000c001022b                enableIRQs()
                0x00000000c001022d                lockScheduler()
                0x00000000c0010235                unlockScheduler()
                0x00000000c0010244                lockStuff()
                0x00000000c0010252                unlockStuff()
                0x00000000c001028c                Virt::getAKernelVAS()
                0x00000000c0010292                __not_memcpy
 .text          0x00000000c00102a7        0xc krnl/panic.32
                0x00000000c00102a7                KePanic(char const*)
 .text          0x00000000c00102b3      0x142 krnl/powctrl.32
                0x00000000c00102b3                Krnl::powerThread(void*)
                0x00000000c00102e1                Krnl::changePowerSettings(Krnl::PowerSettings)
                0x00000000c00102f7                Krnl::userIOReceived()
                0x00000000c0010302                Krnl::handlePowerButton()
                0x00000000c0010337                Krnl::handleSleepButton()
                0x00000000c001036c                Krnl::setupPowerManager()
 *fill*         0x00000000c00103f5        0x3 
 .text          0x00000000c00103f8      0x190 krnl/resolve.32
                0x00000000c00103f8                KeResolveCompatibilitySymbol(char*)
 .text          0x00000000c0010588      0x2c3 krnl/signal.32
                0x00000000c0010588                KiSigKill(int)
                0x00000000c00105b4                KiDefaultSignalHandlerIgnore(int)
                0x00000000c00105b5                KiDefaultSignalHandlerPause(int)
                0x00000000c00105e1                KiDefaultSignalHandlerResume(int)
                0x00000000c001060d                KeDeinitSignals(SigHandlerBlock*)
                0x00000000c0010612                KeInitSignals()
                0x00000000c001065d                KeRegisterSignalHandler(SigHandlerBlock*, int, void (*)(int), unsigned int, int)
                0x00000000c0010693                KeRaiseSignal(SigHandlerBlock*, int)
                0x00000000c0010710                KeCheckSignal(SigHandlerBlock*)
                0x00000000c00107fb                KiCheckSignalZ
                0x00000000c0010810                KeCompleteSignal(SigHandlerBlock*, int)
 .text          0x00000000c001084b      0xc39 krnl/syscalls.32
                0x00000000c001084b                SysSeekDir(regs*)
                0x00000000c0010850                SysTellDir(regs*)
                0x00000000c0010855                SysVerify(regs*)
                0x00000000c001085f                SysGetArgc(regs*)
                0x00000000c001086f                SysTTYName(regs*)
                0x00000000c0010877                SysFormatDisk(regs*)
                0x00000000c00108e4                SysSetDiskVolumeLabel(regs*)
                0x00000000c001092e                SysGetDiskVolumeLabel(regs*)
                0x00000000c0010983                SysShutdown(regs*)
                0x00000000c00109e1                SysRealpath(regs*)
                0x00000000c0010a24                SysReadDir(regs*)
                0x00000000c0010aa4                SysIsATTY(regs*)
                0x00000000c0010b00                SysSeek(regs*)
                0x00000000c0010b59                SysTell(regs*)
                0x00000000c0010bc8                SysSize(regs*)
                0x00000000c0010c3d                SysSizeFromFilename(regs*)
                0x00000000c0010cf0                SysClose(regs*)
                0x00000000c0010d50                SysOpenDir(regs*)
                0x00000000c0010dc7                SysMakeDir(regs*)
                0x00000000c0010e31                SysCloseDir(regs*)
                0x00000000c0010e85                SysWait(regs*)
                0x00000000c0010ea2                SysNotImpl(regs*)
                0x00000000c0010ebd                SysPanic(regs*)
                0x00000000c0010ed8                SysRmdir(regs*)
                0x00000000c0010f3f                SysUnlink(regs*)
                0x00000000c0010fa6                SysGetArgv(regs*)
                0x00000000c0010ff3                SysUSleep(regs*)
                0x00000000c001101c                SysSpawn(regs*)
                0x00000000c0011085                SysGetEnv(regs*)
                0x00000000c0011134                SysSetFatAttrib(regs*)
                0x00000000c00111ab                SysPipe(regs*)
                0x00000000c00111f0                SysGetUnixTime(regs*)
                0x00000000c0011204                string_ends_with(char const*, char const*)
                0x00000000c001124e                SysOpen(regs*)
                0x00000000c0011442                KeSystemCall(regs*, void*)
 .text          0x00000000c0011484      0x50e reg/registry.32
                0x00000000c0011484                Reg::findLineFromLoadedData(char*, char*, char*)
                0x00000000c00115dc                Reg::getLineFromRegistry(char*, char*, char*, char*)
                0x00000000c0011731                Reg::getLine(char*, char*, char*)
                0x00000000c0011768                Reg::readInt(char*, char*, int*)
                0x00000000c0011853                Reg::readString(char*, char*, char*, int)
                0x00000000c00118d4                Reg::readBool(char*, char*, bool*)
                0x00000000c00118f9                Reg::readBoolWithDefault(char*, char*, bool)
                0x00000000c0011925                Reg::readIntWithDefault(char*, char*, int)
                0x00000000c0011951                Reg::readStringWithDefault(char*, char*, char*, int, char*)
 .text          0x00000000c0011992       0x36 sys/eject.32
                0x00000000c0011992                SysEject(regs*)
 .text          0x00000000c00119c8       0x18 sys/exit.32
                0x00000000c00119c8                SysExit(regs*)
 .text          0x00000000c00119e0       0x1f sys/getcwd.32
                0x00000000c00119e0                SysGetCwd(regs*)
 .text          0x00000000c00119ff        0xc sys/getpid.32
                0x00000000c00119ff                SysGetPID(regs*)
 .text          0x00000000c0011a0b       0x1a sys/getramdata.32
                0x00000000c0011a0b                SysGetRAMData(regs*)
 .text          0x00000000c0011a25       0x82 sys/getvgaptr.32
                0x00000000c0011a25                SysGetVGAPtr(regs*)
 .text          0x00000000c0011aa7       0xa8 sys/loaddll.32
                0x00000000c0011aa7                SysLoadDLL(regs*)
 .text          0x00000000c0011b4f       0x68 sys/read.32
                0x00000000c0011b4f                SysRead(regs*)
 .text          0x00000000c0011bb7       0x29 sys/registersignal.32
                0x00000000c0011bb7                SysRegisterSignal(regs*)
 .text          0x00000000c0011be0       0x55 sys/sbrk.32
                0x00000000c0011be0                SysSbrk(regs*)
 .text          0x00000000c0011c35       0x1c sys/setcwd.32
                0x00000000c0011c35                SysSetCwd(regs*)
 .text          0x00000000c0011c51       0x95 sys/settime.32
                0x00000000c0011c51                SysSetTime(regs*)
 .text          0x00000000c0011ce6       0x4a sys/timezone.32
                0x00000000c0011ce6                SysTimezone(regs*)
 .text          0x00000000c0011d30       0x68 sys/write.32
                0x00000000c0011d30                SysWrite(regs*)
 .text          0x00000000c0011d98       0x62 sys/wsbe.32
                0x00000000c0011d98                SysWsbe(regs*)
 .text          0x00000000c0011dfa       0x25 sys/yield.32
                0x00000000c0011dfa                SysYield(regs*)
 .text          0x00000000c0011e1f     0x11e5 thr/elf.32
                0x00000000c0011e1f                Thr::allocateMemoryForTask(Process*, File*, unsigned long, unsigned long, unsigned long)
                0x00000000c00120ab                Thr::loadProgramIntoMemory(Process*, char const*)
                0x00000000c00122c1                Thr::runtimeReferenceHelper()
                0x00000000c00122d4                Thr::getAddressOfKernelSymbol(char const*)
                0x00000000c0012323                Thr::loadKernelSymbolTable(char const*)
                0x00000000c00125e1                Thr::loadDriverIntoMemory(char const*, unsigned long, bool)
                0x00000000c0012d17                Thr::getDriverBaseFromAddress(unsigned long)
                0x00000000c0012d49                Thr::getDriverNameFromAddress(unsigned long)
                0x00000000c0012d80                Thr::getDriverOffsetFromAddress(unsigned long)
                0x00000000c0012d9a                Thr::loadDLL(char const*, bool)
                0x00000000c0012fcb                Thr::executeDLL(unsigned long, void*)
 .text          0x00000000c0013004     0x12fd thr/prcssthr.32
                0x00000000c0013004                userModeEntryPoint(void*)
                0x00000000c001302c                changeTSS
                0x00000000c001305c                switchToThread(ThreadControlBlock*)
                0x00000000c0013110                Process::addArgs(char**)
                0x00000000c0013170                Process::Process(char const*, Process*, char**)
                0x00000000c0013170                Process::Process(char const*, Process*, char**)
                0x00000000c001337c                Process::Process(bool, char const*, Process*, char**)
                0x00000000c001337c                Process::Process(bool, char const*, Process*, char**)
                0x00000000c0013554                taskStartupFunction
                0x00000000c0013560                Semaphore::Semaphore(int)
                0x00000000c0013560                Semaphore::Semaphore(int)
                0x00000000c0013590                Mutex::Mutex()
                0x00000000c0013590                Mutex::Mutex()
                0x00000000c00135a4                Process::createThread(void (*)(void*), void*, int)
                0x00000000c001369c                Process::createUserThread()
                0x00000000c00136bc                setupMultitasking(void (*)())
                0x00000000c00137c4                schedule()
                0x00000000c0013854                Semaphore::tryAcquire()
                0x00000000c0013920                Semaphore::assertLocked(char const*)
                0x00000000c0013998                blockTaskWithSchedulerLockAlreadyHeld(TaskState)
                0x00000000c00139c0                blockTask(TaskState)
                0x00000000c00139f0                waitTask(int, int*, int)
                0x00000000c0013a34                milliTenthSleepUntil(unsigned int)
                0x00000000c0013ac4                milliTenthSleep(unsigned int)
                0x00000000c0013ad4                sleep(unsigned int)
                0x00000000c0013af0                Semaphore::acquire()
                0x00000000c0013bac                taskReturned
                0x00000000c0013be8                Thr::processFromPID(int)
                0x00000000c0013c88                unblockTask(ThreadControlBlock*)
                0x00000000c0013d2c                cleanupTerminatedTask(ThreadControlBlock*)
                0x00000000c0013ff8                cleanerTaskFunction(void*)
                0x00000000c00140e8                terminateTask(int)
                0x00000000c00141b4                Thr::terminateFromIRQ(int)
                0x00000000c00141c4                Semaphore::release()
 .text          0x00000000c0014301      0xb93 vm86/vm8086.32
                0x00000000c0014301                Vm::inbv(unsigned short)
                0x00000000c0014314                Vm::outbv(unsigned short, unsigned char)
                0x00000000c001434a                Vm::realToLinear(unsigned short, unsigned short)
                0x00000000c001435a                Vm::getSegment(unsigned int)
                0x00000000c0014362                Vm::getOffset(unsigned int)
                0x00000000c0014367                Vm::mainloop2()
                0x00000000c00143a1                Vm::mainVm8086Loop(void*)
                0x00000000c00143b1                Vm::mainloop3(unsigned long)
                0x00000000c00143d7                Vm::initialise8086()
                0x00000000c001441a                Vm::finish8086()
                0x00000000c001447b                Vm::getOutput8086(unsigned char*)
                0x00000000c00144a0                Vm::start8086FromBuffer(unsigned char*, int, unsigned short, unsigned short, unsigned short, unsigned short)
                0x00000000c0014559                Vm::start8086(char const*, unsigned short, unsigned short, unsigned short, unsigned short)
                0x00000000c00146c1                Vm::doISR(regs*, int, unsigned char*, unsigned short, unsigned short)
                0x00000000c001474b                Vm::readByteFromReal(unsigned short, unsigned short)
                0x00000000c001475c                Vm::readWordFromReal(unsigned short, unsigned short)
                0x00000000c001476e                Vm::readDwordFromReal(unsigned short, unsigned short)
                0x00000000c001477f                Vm::writeByteFromReal(unsigned short, unsigned short, unsigned char)
                0x00000000c0014794                Vm::writeWordFromReal(unsigned short, unsigned short, unsigned short)
                0x00000000c00147aa                Vm::writeDwordFromReal(unsigned short, unsigned short, unsigned int)
                0x00000000c00147bf                Vm::faultHandler(regs*)
 .text          0x00000000c0014e94      0xa53 arch/i386/hal.32
                0x00000000c0014e94                noCopro(unsigned long)
                0x00000000c0014e95                nmiHandler(regs*, void*)
                0x00000000c0014eae                doubleFault(regs*, void*)
                0x00000000c0014ec7                displayDebugInfo(regs*)
                0x00000000c00151e8                HalSystemIdle()
                0x00000000c001525e                displayProgramFault(char const*)
                0x00000000c00152aa                gpFault(regs*, void*)
                0x00000000c001530f                pgFault(regs*, void*)
                0x00000000c0015395                otherISRHandler(regs*, void*)
                0x00000000c00153c9                opcodeFault(regs*, void*)
                0x00000000c0015449                i386SaveCoprocessor(void*)
                0x00000000c001545d                i386LoadCoprocessor(void*)
                0x00000000c0015471                x87EmulHandler(regs*, void*)
                0x00000000c001550e                HalInitialiseCoprocessor()
                0x00000000c00155bc                HalPanic(char const*)
                0x00000000c00156b5                HalQueryPerformanceCounter()
                0x00000000c00156d0                HalInitialise()
                0x00000000c0015876                HalMakeBeep(int)
                0x00000000c00158b0                HalGetRand()
                0x00000000c00158b3                HalEndOfInterrupt(int)
                0x00000000c00158e4                HalRestart()
                0x00000000c00158e5                HalShutdown()
                0x00000000c00158e6                HalSleep()
 *fill*         0x00000000c00158e7        0x1 
 .text          0x00000000c00158e8      0x2f4 arch/i386/pic.32
                0x00000000c00158e8                picIoWait()
                0x00000000c00158f0                picDisable()
                0x00000000c0015924                picGetIRQReg(int)
                0x00000000c00159a8                picOpen()
                0x00000000c0015b38                picEOI(int)
 .text          0x00000000c0015bdc      0x64d arch/i386/rtc.32
                0x00000000c0015bdc                RTC::open(int, int, void*)
                0x00000000c0015be0                RTC::close(int, int, void*)
                0x00000000c0015be4                RTC::timeInSecondsUTC()
                0x00000000c0015bf6                RTC::timeInDatetimeUTC()
                0x00000000c0015c1c                RTC::setTimeInSecondsUTC(unsigned long long)
                0x00000000c0015c5a                RTC::~RTC()
                0x00000000c0015c5a                RTC::~RTC()
                0x00000000c0015c7e                RTC::~RTC()
                0x00000000c0015ca8                RTC::get_update_in_progress_flag()
                0x00000000c0015cc0                RTC::completeRTCRefresh()
                0x00000000c0015f78                RTC::setTimeInDatetimeUTC(datetime_t)
                0x00000000c001612b                rtcIRQHandler(regs*, void*)
                0x00000000c0016170                RTC::RTC()
                0x00000000c0016170                RTC::RTC()
 *fill*         0x00000000c0016229        0x3 
 .text          0x00000000c001622c      0x203 arch/i386/vga.32
                0x00000000c001622c                HalConsoleScroll(int, int)
                0x00000000c0016334                HalConsoleWriteCharacter(char, int, int, int, int)
                0x00000000c00163a0                HalConsoleCursorUpdate(int, int)
 *fill*         0x00000000c001642f        0x1 
 .text          0x00000000c0016430     0x13e7 fs/fat/vfslink.32
                0x00000000c0016430                FAT::getName()
                0x00000000c0016438                FAT::tell(void*, unsigned long long*)
                0x00000000c0016474                FAT::stat(void*, unsigned long long*)
                0x00000000c00164b0                FAT::~FAT()
                0x00000000c00164b0                FAT::~FAT()
                0x00000000c00164d4                FAT::~FAT()
                0x00000000c00164fc                FAT::getlabel(LogicalDisk*, int, char*, unsigned int*)
                0x00000000c00165a0                FAT::setlabel(LogicalDisk*, int, char*)
                0x00000000c0016664                FAT::format(LogicalDisk*, int, char const*, int)
                0x00000000c0016838                FAT::tryMount(LogicalDisk*, int)
                0x00000000c0016a50                FAT::allocateSwapfile(char const*, int)
                0x00000000c0016c10                FAT::readDir(void*, unsigned long, void*, int*)
                0x00000000c0016d7c                FAT::read(void*, unsigned long, void*, int*)
                0x00000000c0016ddc                FAT::write(void*, unsigned long, void*, int*)
                0x00000000c0016e3c                FAT::close(void*)
                0x00000000c0016e90                FAT::closeDir(void*)
                0x00000000c0016ee4                FAT::seek(void*, unsigned long long)
                0x00000000c0016f3c                fatWrapperReadDisk
                0x00000000c0016f80                fatWrapperWriteDisk
                0x00000000c0016fc4                fatWrapperIoctl
                0x00000000c00170e0                FAT::FAT()
                0x00000000c00170e0                FAT::FAT()
                0x00000000c0017134                FAT::fixFilepath(char*)
                0x00000000c0017170                FAT::open(char const*, void**, FileOpenMode)
                0x00000000c00172a8                FAT::openDir(char const*, void**)
                0x00000000c0017358                FAT::stat(char const*, unsigned long long*, bool*)
                0x00000000c0017450                FAT::unlink(char const*)
                0x00000000c00174d0                FAT::chfatattr(char const*, unsigned char, unsigned char)
                0x00000000c001765c                FAT::rename(char const*, char const*)
                0x00000000c0017728                FAT::mkdir(char const*)
                0x00000000c00177a8                FAT::exists(char const*)
 *fill*         0x00000000c0017817        0x1 
 .text          0x00000000c0017818       0xc6 fs/iso9660/helper.32
                0x00000000c0017818                isoReadDiscSectorHelper
                0x00000000c0017874                iso_kprintf
                0x00000000c0017894                iso_kprintfd
 .text          0x00000000c00178de      0x600 fs/iso9660/vfslink.32
                0x00000000c00178de                ISO9660::format(LogicalDisk*, int, char const*, int)
                0x00000000c00178e4                ISO9660::getName()
                0x00000000c00178ea                ISO9660::closeDir(void*)
                0x00000000c00178f4                ISO9660::chfatattr(char const*, unsigned char, unsigned char)
                0x00000000c00178fa                ISO9660::unlink(char const*)
                0x00000000c0017900                ISO9660::write(void*, unsigned long, void*, int*)
                0x00000000c0017906                ISO9660::rename(char const*, char const*)
                0x00000000c001790c                ISO9660::mkdir(char const*)
                0x00000000c0017912                ISO9660::~ISO9660()
                0x00000000c0017912                ISO9660::~ISO9660()
                0x00000000c0017936                ISO9660::~ISO9660()
                0x00000000c001795e                ISO9660::exists(char const*)
                0x00000000c0017972                ISO9660::open(char const*, void**, FileOpenMode)
                0x00000000c0017a18                ISO9660::read(void*, unsigned long, void*, int*)
                0x00000000c0017a60                ISO9660::seek(void*, unsigned long long)
                0x00000000c0017aa2                ISO9660::tell(void*, unsigned long long*)
                0x00000000c0017ae0                ISO9660::stat(void*, unsigned long long*)
                0x00000000c0017b22                ISO9660::stat(char const*, unsigned long long*, bool*)
                0x00000000c0017bf4                ISO9660::close(void*)
                0x00000000c0017c24                ISO9660::openDir(char const*, void**)
                0x00000000c0017cf4                ISO9660::readDir(void*, unsigned long, void*, int*)
                0x00000000c0017dc9                readSectorFromCDROM(unsigned int, unsigned char*, char)
                0x00000000c0017e44                ISO9660::tryMount(LogicalDisk*, int)
                0x00000000c0017eb6                ISO9660::ISO9660()
                0x00000000c0017eb6                ISO9660::ISO9660()
 .text          0x00000000c0017ede      0x26c hal/sound/sndcard.32
                0x00000000c0017ede                SoundCard::beginPlayback()
                0x00000000c0017eec                SoundCard::stopPlayback()
                0x00000000c0017efa                SoundCard::SoundCard(char const*)
                0x00000000c0017efa                SoundCard::SoundCard(char const*)
                0x00000000c0017f98                SoundCard::~SoundCard()
                0x00000000c0017f98                SoundCard::~SoundCard()
                0x00000000c0017fbc                SoundCard::~SoundCard()
                0x00000000c0017fe6                SoundCard::configureRates(int, int, int)
                0x00000000c0018016                SoundCard::getSamples16(int, short*)
                0x00000000c0018072                SoundCard::getSamples32(int, int*)
                0x00000000c00180f8                SoundCard::addChannel(SoundPort*)
                0x00000000c0018136                SoundCard::removeChannel(int)
 *fill*         0x00000000c001814a        0x2 
 .text          0x00000000c001814c      0x377 hal/sound/sndport.32
                0x00000000c001814c                SoundPort::SoundPort(int, int, int, int)
                0x00000000c001814c                SoundPort::SoundPort(int, int, int, int)
                0x00000000c00181d8                SoundPort::~SoundPort()
                0x00000000c00181d8                SoundPort::~SoundPort()
                0x00000000c001820c                SoundPort::unpause()
                0x00000000c0018218                SoundPort::pause()
                0x00000000c0018224                SoundPort::getBufferUsed()
                0x00000000c001822c                SoundPort::getBufferSize()
                0x00000000c0018234                SoundPort::buffer16(short*, int)
                0x00000000c00182c0                SoundPort::buffer32(int*, int)
                0x00000000c0018348                SoundPort::unbufferAndAdd16(int, short*, SoundCard*)
                0x00000000c001840c                SoundPort::unbufferAndAdd32(int, int*, SoundCard*)
 .text          0x00000000c00184c3        0x0 hw/bus/isa.32
 *fill*         0x00000000c00184c3        0x1 
 .text          0x00000000c00184c4      0xb49 hw/bus/pci.32
                0x00000000c00184c4                PCI::open(int, int, void*)
                0x00000000c00184e2                PCI::close(int, int, void*)
                0x00000000c00184e6                PCI::PCI()
                0x00000000c00184e6                PCI::PCI()
                0x00000000c0018580                PCI::readBAR8(unsigned int, int)
                0x00000000c001859c                PCI::readBAR16(unsigned int, int)
                0x00000000c00185ba                PCI::readBAR32(unsigned int, int)
                0x00000000c00185d6                PCI::writeBAR8(unsigned int, unsigned char, int)
                0x00000000c00185f6                PCI::writeBAR16(unsigned int, unsigned short, int)
                0x00000000c0018618                PCI::writeBAR32(unsigned int, unsigned int, int)
                0x00000000c0018638                PCI::legacyMechanism(unsigned char, unsigned char, unsigned char, unsigned char)
                0x00000000c00186a6                PCI::pciReadWord(unsigned char, unsigned char, unsigned char, unsigned char)
                0x00000000c001874e                PCI::getVendorID(unsigned char, unsigned char, unsigned char)
                0x00000000c0018772                PCI::getHeaderType(unsigned char, unsigned char, unsigned char)
                0x00000000c001879a                PCI::getClassCode(unsigned char, unsigned char, unsigned char)
                0x00000000c00187e4                PCI::getProgIF(unsigned char, unsigned char, unsigned char)
                0x00000000c001880c                PCI::getRevisionID(unsigned char, unsigned char, unsigned char)
                0x00000000c0018830                PCI::getInterruptNumber(unsigned char, unsigned char, unsigned char)
                0x00000000c0018854                PCI::getSecondaryBus(unsigned char, unsigned char, unsigned char)
                0x00000000c001887c                PCI::getBARAddress(unsigned char, unsigned char, unsigned char, unsigned char)
                0x00000000c00188e0                PCI::pciWriteWord(unsigned char, unsigned char, unsigned char, unsigned char, unsigned short)
                0x00000000c00189c8                PCI::pciDetailsToFilepath(PCIDeviceInfo, char*)
                0x00000000c0018c42                PCI::checkBus(unsigned char)
                0x00000000c0018c68                PCI::foundDevice(PCIDeviceInfo)
                0x00000000c0018dda                PCI::getDeviceData(unsigned char, unsigned char, unsigned char)
                0x00000000c0018f4e                PCI::checkDevice(unsigned char, unsigned char)
                0x00000000c0018fba                PCI::detect()
 *fill*         0x00000000c001900d        0x1 
 .text          0x00000000c001900e      0xb5a hw/diskctrl/ide.32
                0x00000000c001900e                IDE::close(int, int, void*)
                0x00000000c0019012                IDE::IDE()
                0x00000000c0019012                IDE::IDE()
                0x00000000c0019046                IDE::prepareInterrupt(unsigned char)
                0x00000000c0019058                selectDrive(unsigned char, unsigned char)
                0x00000000c001905a                IDE::getBase(unsigned char)
                0x00000000c001906c                IDE::write(unsigned char, unsigned char, unsigned char)
                0x00000000c001912c                IDE::read(unsigned char, unsigned char)
                0x00000000c00191da                IDE::waitInterrupt(unsigned char)
                0x00000000c0019242                ideChannel0IRQHandler(regs*, void*)
                0x00000000c001925e                ideChannel1IRQHandler(regs*, void*)
                0x00000000c001927a                IDE::enableIRQs(unsigned char, bool)
                0x00000000c00192c0                IDE::open(int, int, void*)
                0x00000000c00196ce                IDE::readBuffer(unsigned char, unsigned char, unsigned int, unsigned int)
                0x00000000c001979a                IDE::detect()
                0x00000000c0019a5a                IDE::printError(unsigned char, unsigned char, unsigned char)
                0x00000000c0019b0a                IDE::polling(unsigned char, unsigned int)
 .text          0x00000000c0019b68      0x32a hw/diskctrl/satabus.32
                0x00000000c0019b68                SATABus::close(int, int, void*)
                0x00000000c0019b6c                SATABus::detect()
                0x00000000c0019b6e                SATABus::SATABus()
                0x00000000c0019b6e                SATABus::SATABus()
                0x00000000c0019bf4                SATABus::findCmdslot(SATABus::tagHBA_PORT volatile*)
                0x00000000c0019c26                SATABus::checkType(SATABus::tagHBA_PORT volatile*)
                0x00000000c0019c6e                SATABus::startCmd(SATABus::tagHBA_PORT volatile*)
                0x00000000c0019c8e                SATABus::stopCmd(SATABus::tagHBA_PORT volatile*)
                0x00000000c0019cb8                SATABus::portRebase(SATABus::tagHBA_PORT volatile*, int)
                0x00000000c0019dc8                SATABus::probePort(SATABus::tagHBA_MEM volatile*)
                0x00000000c0019e72                SATABus::open(int, int, void*)
 .text          0x00000000c0019e92      0x921 hw/diskphys/ata.32
                0x00000000c0019e92                ATA::close(int, int, void*)
                0x00000000c0019eb6                ATA::powerSaving(PowerSavingLevel)
                0x00000000c0019eb8                ATA::ATA()
                0x00000000c0019eb8                ATA::ATA()
                0x00000000c0019ee6                ATA::flush(bool)
                0x00000000c0019f30                ATA::readyForCommand()
                0x00000000c0019f7c                ATA::access(unsigned long long, int, void*, bool)
                0x00000000c001a2f8                ATA::detectCHS()
                0x00000000c001a322                ATA::open(int, int, void*)
                0x00000000c001a3ee                combineCharAndColour(char, unsigned char)
                0x00000000c001a3ff                combineColours(unsigned char, unsigned char)
                0x00000000c001a40c                ATA::read(unsigned long long, int, void*)
                0x00000000c001a5e2                ATA::write(unsigned long long, int, void*)
 *fill*         0x00000000c001a7b3        0x1 
 .text          0x00000000c001a7b4      0x60e hw/diskphys/atapi.32
                0x00000000c001a7b4                ATAPI::write(unsigned long long, int, void*)
                0x00000000c001a7ba                ATAPI::close(int, int, void*)
                0x00000000c001a7de                ATAPI::ATAPI()
                0x00000000c001a7de                ATAPI::ATAPI()
                0x00000000c001a80c                ATAPI::readyForCommand()
                0x00000000c001a85e                ATAPI::sendPacket(unsigned char*, int, bool, unsigned short*, int)
                0x00000000c001ab1e                ATAPI::diskRemoved()
                0x00000000c001ab58                ATAPI::eject()
                0x00000000c001aba0                ATAPI::diskInserted()
                0x00000000c001abac                ATAPI::detectMedia()
                0x00000000c001ac68                ATAPI::open(int, int, void*)
                0x00000000c001ad48                ATAPI::read(unsigned long long, int, void*)
 .text          0x00000000c001adc2      0x7ff hw/diskphys/sata.32
                0x00000000c001adc2                SATA::close(int, int, void*)
                0x00000000c001ade6                SATA::powerSaving(PowerSavingLevel)
                0x00000000c001ade8                SATA::open(int, int, void*)
                0x00000000c001ae92                SATA::SATA()
                0x00000000c001ae92                SATA::SATA()
                0x00000000c001aec0                SATA::access(unsigned long long, int, void*, bool)
                0x00000000c001b10c                SATA::read(unsigned long long, int, void*)
                0x00000000c001b35c                SATA::write(unsigned long long, int, void*)
 *fill*         0x00000000c001b5c1        0x1 
 .text          0x00000000c001b5c2      0x596 hw/diskphys/satapi.32
                0x00000000c001b5c2                SATAPI::write(unsigned long long, int, void*)
                0x00000000c001b5c8                SATAPI::close(int, int, void*)
                0x00000000c001b5ec                SATAPI::SATAPI()
                0x00000000c001b5ec                SATAPI::SATAPI()
                0x00000000c001b61a                SATAPI::diskRemoved()
                0x00000000c001b61c                SATAPI::diskInserted()
                0x00000000c001b638                SATAPI::sendPacket(unsigned char*, int, unsigned long long, unsigned short*, int)
                0x00000000c001b90c                SATAPI::eject()
                0x00000000c001b948                SATAPI::detectMedia()
                0x00000000c001b96e                SATAPI::open(int, int, void*)
                0x00000000c001ba6e                SATAPI::read(unsigned long long, int, void*)
 .text          0x00000000c001bb58      0x455 hw/intctrl/apic.32
                0x00000000c001bb58                IOAPIC::close(int, int, void*)
                0x00000000c001bb5e                apicGetBase()
                0x00000000c001bba0                IOAPIC::IOAPIC()
                0x00000000c001bba0                IOAPIC::IOAPIC()
                0x00000000c001bbc8                apicOpen()
                0x00000000c001bd2e                IOAPIC::handlesGSIWithNumber(unsigned int)
                0x00000000c001bd60                IOAPIC::read(int)
                0x00000000c001bd88                IOAPIC::open(int, int, void*)
                0x00000000c001be7c                IOAPIC::write(int, int)
                0x00000000c001bea8                IOAPIC::redirect(unsigned char, unsigned long long, unsigned char, bool, bool)
 *fill*         0x00000000c001bfad        0x3 
 .text          0x00000000c001bfb0       0xf0 hw/timer/apictimer.32
                0x00000000c001bfb0                APICTimer::close(int, int, void*)
                0x00000000c001bfb8                apicTimerHandler(regs*, void*)
                0x00000000c001bfe0                APICTimer::open(int, int, void*)
                0x00000000c001c050                APICTimer::write(int)
                0x00000000c001c078                APICTimer::APICTimer()
                0x00000000c001c078                APICTimer::APICTimer()
 .text          0x00000000c001c0a0      0x1aa hw/timer/pit.32
                0x00000000c001c0a0                PIT::write(int)
                0x00000000c001c124                pitHandler(regs*, void*)
                0x00000000c001c148                PIT::open(int, int, void*)
                0x00000000c001c198                PIT::close(int, int, void*)
                0x00000000c001c1c8                PIT::PIT()
                0x00000000c001c1c8                PIT::PIT()
 *fill*         0x00000000c001c24a        0x6 
 .text          0x00000000c001c250       0x83 arch/i386/avx.32
                0x00000000c001c250                avxDetect
                0x00000000c001c27a                avxSave
                0x00000000c001c28b                avxLoad
                0x00000000c001c29c                avxInit
                0x00000000c001c2be                avxClose
                0x00000000c001c2bf                wouldSheSayYes
 *fill*         0x00000000c001c2d3        0xd 
 .text          0x00000000c001c2e0      0x231 arch/i386/interrupt.32
                0x00000000c001c2e0                isr0
                0x00000000c001c2f0                isr1
                0x00000000c001c2fa                isr2
                0x00000000c001c304                isr3
                0x00000000c001c30e                isr4
                0x00000000c001c318                isr5
                0x00000000c001c322                isr6
                0x00000000c001c32c                isr7
                0x00000000c001c336                isr8
                0x00000000c001c33e                isr9
                0x00000000c001c348                isr10
                0x00000000c001c350                isr11
                0x00000000c001c358                isr12
                0x00000000c001c360                isr13
                0x00000000c001c368                isr14
                0x00000000c001c370                isr15
                0x00000000c001c37a                isr16
                0x00000000c001c384                isr17
                0x00000000c001c38e                isr18
                0x00000000c001c398                irq3
                0x00000000c001c3a2                irq4
                0x00000000c001c3ac                irq5
                0x00000000c001c3b6                irq6
                0x00000000c001c3c0                irq7
                0x00000000c001c3ca                irq8
                0x00000000c001c3d4                irq9
                0x00000000c001c3de                irq10
                0x00000000c001c3e8                irq11
                0x00000000c001c3f2                irq12
                0x00000000c001c3fc                irq13
                0x00000000c001c406                irq14
                0x00000000c001c410                irq15
                0x00000000c001c41a                irq1
                0x00000000c001c421                irq2
                0x00000000c001c428                isr96
                0x00000000c001c42f                irq0
                0x00000000c001c434                int_common_stub
                0x00000000c001c466                syscall_common_stub
                0x00000000c001c4c1                irq16
                0x00000000c001c4cb                irq17
                0x00000000c001c4d5                irq18
                0x00000000c001c4df                irq19
                0x00000000c001c4e9                irq20
                0x00000000c001c4f3                irq21
                0x00000000c001c4fd                irq22
                0x00000000c001c507                irq23
 *fill*         0x00000000c001c511        0xf 
 .text          0x00000000c001c520       0x10 arch/i386/rdrand.32
                0x00000000c001c520                i386GetRDRAND
 .text          0x00000000c001c530       0x39 arch/i386/sse.32
                0x00000000c001c530                absolutelyNoChanceInHell
                0x00000000c001c530                sseDetect
                0x00000000c001c548                sseSave
                0x00000000c001c550                sseLoad
                0x00000000c001c558                sseInit
                0x00000000c001c568                sseClose
 *fill*         0x00000000c001c569        0x7 
 .text          0x00000000c001c570       0x49 arch/i386/x87.32
                0x00000000c001c576                x87Detect
                0x00000000c001c591                x87Save
                0x00000000c001c598                x87Load
                0x00000000c001c59f                x87Init
                0x00000000c001c5b8                x87Close
 *fill*         0x00000000c001c5b9        0x3 
 .text          0x00000000c001c5bc       0x25 /cygdrive/d/Users/Alex/Desktop/Toolchain/Output/bin/../lib/gcc/i386-banana/8.1.0/crtend.o
 .text          0x00000000c001c5e1        0x0 crtn.32
 *fill*         0x00000000c001c5e1        0x3 
 .text          0x00000000c001c5e4      0x14b /cygdrive/d/Users/Alex/Desktop/Toolchain/Output/bin/../lib/gcc/i386-banana/8.1.0/libkgcc.a(_divdi3.o)
                0x00000000c001c5e4                __divdi3
 *fill*         0x00000000c001c72f        0x1 
 .text          0x00000000c001c730      0x17e /cygdrive/d/Users/Alex/Desktop/Toolchain/Output/bin/../lib/gcc/i386-banana/8.1.0/libkgcc.a(_moddi3.o)
                0x00000000c001c730                __moddi3
 *fill*         0x00000000c001c8ae        0x2 
 .text          0x00000000c001c8b0       0xff /cygdrive/d/Users/Alex/Desktop/Toolchain/Output/bin/../lib/gcc/i386-banana/8.1.0/libkgcc.a(_udivdi3.o)
                0x00000000c001c8b0                __udivdi3
 *fill*         0x00000000c001c9af        0x1 
 .text          0x00000000c001c9b0      0x11a /cygdrive/d/Users/Alex/Desktop/Toolchain/Output/bin/../lib/gcc/i386-banana/8.1.0/libkgcc.a(_umoddi3.o)
                0x00000000c001c9b0                __umoddi3
 *(.gnu.linkonce.t*)

.iplt           0x00000000c001cad0        0x0
 .iplt          0x00000000c001cad0        0x0 D:/Users/Alex/Desktop/Banana/kernel/boot.32

.init           0x00000000c001caca        0xf
 .init          0x00000000c001caca        0x3 crti.32
                0x00000000c001caca                _init
 .init          0x00000000c001cacd        0x5 /cygdrive/d/Users/Alex/Desktop/Toolchain/Output/bin/../lib/gcc/i386-banana/8.1.0/crtbegin.o
 .init          0x00000000c001cad2        0x5 /cygdrive/d/Users/Alex/Desktop/Toolchain/Output/bin/../lib/gcc/i386-banana/8.1.0/crtend.o
 .init          0x00000000c001cad7        0x2 crtn.32

.fini           0x00000000c001cad9        0xa
 .fini          0x00000000c001cad9        0x3 crti.32
                0x00000000c001cad9                _fini
 .fini          0x00000000c001cadc        0x5 /cygdrive/d/Users/Alex/Desktop/Toolchain/Output/bin/../lib/gcc/i386-banana/8.1.0/crtbegin.o
 .fini          0x00000000c001cae1        0x2 crtn.32

.text._ZN8ComputerD2Ev
                0x00000000c001cae4       0x23
 .text._ZN8ComputerD2Ev
                0x00000000c001cae4       0x23 core/computer.32
                0x00000000c001cae4                Computer::~Computer()
                0x00000000c001cae4                Computer::~Computer()

.text._ZN8ComputerD0Ev
                0x00000000c001cb08       0x2a
 .text._ZN8ComputerD0Ev
                0x00000000c001cb08       0x2a core/computer.32
                0x00000000c001cb08                Computer::~Computer()

.text._Z10idleCommonv
                0x00000000c001cb32       0x21
 .text._Z10idleCommonv
                0x00000000c001cb32       0x21 core/idle.32
                0x00000000c001cb32                idleCommon()

.text._ZN10LinkedListI8UnixFileED2Ev
                0x00000000c001cb54        0x2
 .text._ZN10LinkedListI8UnixFileED2Ev
                0x00000000c001cb54        0x2 core/unixfile.32
                0x00000000c001cb54                LinkedList<UnixFile>::~LinkedList()
                0x00000000c001cb54                LinkedList<UnixFile>::~LinkedList()

.text._ZN10LinkedListI8UnixFileEC2Ev
                0x00000000c001cb56       0x42
 .text._ZN10LinkedListI8UnixFileEC2Ev
                0x00000000c001cb56       0x42 core/unixfile.32
                0x00000000c001cb56                LinkedList<UnixFile>::LinkedList()
                0x00000000c001cb56                LinkedList<UnixFile>::LinkedList()

.text._ZN10LinkedListI8UnixFileE10addElementEPS0_
                0x00000000c001cb98       0xd3
 .text._ZN10LinkedListI8UnixFileE10addElementEPS0_
                0x00000000c001cb98       0xd3 core/unixfile.32
                0x00000000c001cb98                LinkedList<UnixFile>::addElement(UnixFile*)

.text._ZN10LinkedListI8UnixFileE15getFirstElementEv
                0x00000000c001cc6c        0x7
 .text._ZN10LinkedListI8UnixFileE15getFirstElementEv
                0x00000000c001cc6c        0x7 core/unixfile.32
                0x00000000c001cc6c                LinkedList<UnixFile>::getFirstElement()

.text._ZN10LinkedListI8UnixFileE11removeFirstEv
                0x00000000c001cc74       0xa1
 .text._ZN10LinkedListI8UnixFileE11removeFirstEv
                0x00000000c001cc74       0xa1 core/unixfile.32
                0x00000000c001cc74                LinkedList<UnixFile>::removeFirst()

.text._ZN10LinkedListI8UnixFileE7getNextEPS0_
                0x00000000c001cd16        0x8
 .text._ZN10LinkedListI8UnixFileE7getNextEPS0_
                0x00000000c001cd16        0x8 core/unixfile.32
                0x00000000c001cd16                LinkedList<UnixFile>::getNext(UnixFile*)

.text._ZN16DriverlessDeviceD2Ev
                0x00000000c001cd1e       0x1a
 .text._ZN16DriverlessDeviceD2Ev
                0x00000000c001cd1e       0x1a hal/device.32
                0x00000000c001cd1e                DriverlessDevice::~DriverlessDevice()
                0x00000000c001cd1e                DriverlessDevice::~DriverlessDevice()

.text._ZN16DriverlessDeviceD0Ev
                0x00000000c001cd38       0x2a
 .text._ZN16DriverlessDeviceD0Ev
                0x00000000c001cd38       0x2a hal/device.32
                0x00000000c001cd38                DriverlessDevice::~DriverlessDevice()

.text._ZN10LinkedListI6DeviceE10addElementEPS0_
                0x00000000c001cd62       0xdc
 .text._ZN10LinkedListI6DeviceE10addElementEPS0_
                0x00000000c001cd62       0xdc hal/device.32
                0x00000000c001cd62                LinkedList<Device>::addElement(Device*)

.text._ZN10LinkedListI6DeviceEC2Ev
                0x00000000c001ce3e       0x42
 .text._ZN10LinkedListI6DeviceEC2Ev
                0x00000000c001ce3e       0x42 hal/device.32
                0x00000000c001ce3e                LinkedList<Device>::LinkedList()
                0x00000000c001ce3e                LinkedList<Device>::LinkedList()

.text._ZN10LinkedListIV18ThreadControlBlockE7isEmptyEv
                0x00000000c001ce80       0x1c
 .text._ZN10LinkedListIV18ThreadControlBlockE7isEmptyEv
                0x00000000c001ce80       0x1c hal/timer.32
                0x00000000c001ce80                LinkedList<ThreadControlBlock volatile>::isEmpty()

.text._ZN10LinkedListIV18ThreadControlBlockE15getFirstElementEv
                0x00000000c001ce9c        0x7