Archive member included to satisfy reference by file (symbol)

/cygdrive/d/Users/Alex/Desktop/Toolchain/Output/bin/../lib/gcc/i386-banana/8.1.0/libkgcc.a(_divdi3.o)
                              krnl/resolve.32 (__divdi3)
/cygdrive/d/Users/Alex/Desktop/Toolchain/Output/bin/../lib/gcc/i386-banana/8.1.0/libkgcc.a(_moddi3.o)
                              krnl/resolve.32 (__moddi3)
/cygdrive/d/Users/Alex/Desktop/Toolchain/Output/bin/../lib/gcc/i386-banana/8.1.0/libkgcc.a(_udivdi3.o)
                              hal/clock.32 (__udivdi3)
/cygdrive/d/Users/Alex/Desktop/Toolchain/Output/bin/../lib/gcc/i386-banana/8.1.0/libkgcc.a(_umoddi3.o)
                              core/pipe.32 (__umoddi3)

Allocating common symbols
Common symbol       size              file

dcache              0x40              fs/iso9660/iso9660.32
cdDriveLetter       0x1               fs/iso9660/iso9660.32
icache              0x40              fs/iso9660/iso9660.32

Discarded input sections

 .comment       0x0000000000000000       0x12 /cygdrive/d/Users/Alex/Desktop/Toolchain/Output/bin/../lib/gcc/i386-banana/8.1.0/crtbegin.o
 .comment       0x0000000000000000       0x12 acpica/utclib.32
 .comment       0x0000000000000000       0x12 core/malloc.32
 .comment       0x0000000000000000       0x12 libk/ctype.32
 .comment       0x0000000000000000       0x12 libk/string.32
 .comment       0x0000000000000000       0x12 fs/fat/diskio.32
 .comment       0x0000000000000000       0x12 fs/fat/ff.32
 .comment       0x0000000000000000       0x12 fs/fat/ffsystem.32
 .comment       0x0000000000000000       0x12 fs/fat/ffunicode.32
 .comment       0x0000000000000000       0x12 fs/iso9660/iso9660.32
 .group         0x0000000000000000       0x14 core/computer.32
 .group         0x0000000000000000        0xc core/computer.32
 .comment       0x0000000000000000       0x12 core/computer.32
 .comment       0x0000000000000000       0x12 core/gdt.32
 .group         0x0000000000000000        0xc core/idle.32
 .comment       0x0000000000000000       0x12 core/idle.32
 .comment       0x0000000000000000       0x12 core/idt.32
 .comment       0x0000000000000000       0x12 core/kheap.32
 .comment       0x0000000000000000       0x12 core/main.32
 .comment       0x0000000000000000       0x12 core/physmgr.32
 .group         0x0000000000000000        0xc core/pipe.32
 .comment       0x0000000000000000       0x12 core/pipe.32
 .group         0x0000000000000000        0xc core/terminal.32
 .comment       0x0000000000000000       0x12 core/terminal.32
 .comment       0x0000000000000000       0x12 core/tss.32
 .group         0x0000000000000000        0xc core/unixfile.32
 .group         0x0000000000000000        0xc core/unixfile.32
 .group         0x0000000000000000        0xc core/unixfile.32
 .group         0x0000000000000000        0xc core/unixfile.32
 .group         0x0000000000000000        0xc core/unixfile.32
 .group         0x0000000000000000        0xc core/unixfile.32
 .group         0x0000000000000000        0xc core/unixfile.32
 .group         0x0000000000000000        0xc core/unixfile.32
 .comment       0x0000000000000000       0x12 core/unixfile.32
 .comment       0x0000000000000000       0x12 core/virtmgr.32
 .comment       0x0000000000000000       0x12 coreobjs/c++.32
 .comment       0x0000000000000000       0x12 dbg/kconsole.32
 .comment       0x0000000000000000       0x12 dbg/usban.32
 .group         0x0000000000000000        0xc fs/vfs.32
 .group         0x0000000000000000        0xc fs/vfs.32
 .group         0x0000000000000000        0xc fs/vfs.32
 .comment       0x0000000000000000       0x12 fs/vfs.32
 .group         0x0000000000000000        0xc hal/bus.32
 .comment       0x0000000000000000       0x12 hal/bus.32
 .comment       0x0000000000000000       0x12 hal/buzzer.32
 .group         0x0000000000000000        0xc hal/clock.32
 .comment       0x0000000000000000       0x12 hal/clock.32
 .group         0x0000000000000000       0x14 hal/device.32
 .group         0x0000000000000000        0xc hal/device.32
 .group         0x0000000000000000        0xc hal/device.32
 .group         0x0000000000000000        0xc hal/device.32
 .group         0x0000000000000000        0xc hal/device.32
 .comment       0x0000000000000000       0x12 hal/device.32
 .group         0x0000000000000000        0xc hal/diskctrl.32
 .comment       0x0000000000000000       0x12 hal/diskctrl.32
 .group         0x0000000000000000        0xc hal/diskphys.32
 .comment       0x0000000000000000       0x12 hal/diskphys.32
 .comment       0x0000000000000000       0x12 hal/fpu.32
 .comment       0x0000000000000000       0x12 hal/intctrl.32
 .group         0x0000000000000000        0xc hal/keybrd.32
 .comment       0x0000000000000000       0x12 hal/keybrd.32
 .group         0x0000000000000000        0xc hal/logidisk.32
 .comment       0x0000000000000000       0x12 hal/logidisk.32
 .group         0x0000000000000000        0xc hal/mouse.32
[...]
Memory Configuration

Name             Origin             Length             Attributes
*default*        0x0000000000000000 0xffffffffffffffff

Linker script and memory map

LOAD D:/Users/Alex/Desktop/Banana/kernel/boot.32
LOAD crti.32
LOAD /cygdrive/d/Users/Alex/Desktop/Toolchain/Output/bin/../lib/gcc/i386-banana/8.1.0/crtbegin.o
LOAD D:/Users/Alex/Desktop/Banana/kernel/morenasm.32
LOAD acpica/utclib.32
LOAD core/malloc.32
LOAD libk/ctype.32
LOAD libk/string.32
LOAD fs/fat/diskio.32
LOAD fs/fat/ff.32
LOAD fs/fat/ffsystem.32
LOAD fs/fat/ffunicode.32
LOAD fs/iso9660/iso9660.32
LOAD core/computer.32
LOAD core/gdt.32
LOAD core/idle.32
LOAD core/idt.32
LOAD core/kheap.32
LOAD core/main.32
LOAD core/physmgr.32
LOAD core/pipe.32
LOAD core/terminal.32
LOAD core/tss.32
LOAD core/unixfile.32
LOAD core/virtmgr.32
LOAD coreobjs/c++.32
LOAD dbg/kconsole.32
LOAD dbg/usban.32
LOAD fs/vfs.32
LOAD hal/bus.32
LOAD hal/buzzer.32
LOAD hal/clock.32
LOAD hal/device.32
LOAD hal/diskctrl.32
LOAD hal/diskphys.32
LOAD hal/fpu.32
LOAD hal/intctrl.32
LOAD hal/keybrd.32
LOAD hal/logidisk.32
LOAD hal/mouse.32
LOAD hal/nic.32
LOAD hal/partition.32
LOAD hal/serial.32
LOAD hal/timer.32
LOAD hal/vcache.32
LOAD hal/video.32
LOAD hw/acpi.32
LOAD hw/cpu.32
LOAD krnl/bootmsg.32
LOAD krnl/env.32
LOAD krnl/inlines.32
LOAD krnl/panic.32
LOAD krnl/powctrl.32
LOAD krnl/random.32
LOAD krnl/resolve.32
LOAD krnl/signal.32
LOAD krnl/syscalls.32
LOAD net/ethernet.32
LOAD reg/cm.32
LOAD reg/registry.32
LOAD sys/eject.32
LOAD sys/exit.32
LOAD sys/getcwd.32
LOAD sys/getpid.32
LOAD sys/getramdata.32
LOAD sys/getvgaptr.32
LOAD sys/kill.32
LOAD sys/loaddll.32
LOAD sys/read.32
LOAD sys/registersignal.32
LOAD sys/registry.32
LOAD sys/sbrk.32
LOAD sys/setcwd.32
LOAD sys/settime.32
LOAD sys/timezone.32
LOAD sys/write.32
LOAD sys/wsbe.32
LOAD sys/yield.32
LOAD thr/elf.32
LOAD thr/prcssthr.32
LOAD vm86/vm8086.32
LOAD arch/i386/hal.32
LOAD arch/i386/pic.32
LOAD arch/i386/rtc.32
LOAD arch/i386/vga.32
LOAD fs/fat/vfslink.32
LOAD fs/iso9660/helper.32
LOAD fs/iso9660/vfslink.32
LOAD hal/sound/sndcard.32
LOAD hal/sound/sndport.32
LOAD hw/bus/isa.32
LOAD hw/bus/pci.32
LOAD hw/diskctrl/ide.32
LOAD hw/diskctrl/satabus.32
LOAD hw/diskphys/ata.32
LOAD hw/diskphys/atapi.32
LOAD hw/diskphys/sata.32
LOAD hw/diskphys/satapi.32
LOAD hw/intctrl/apic.32
LOAD hw/timer/apictimer.32
LOAD hw/timer/pit.32
LOAD arch/i386/avx.32
LOAD arch/i386/interrupt.32
LOAD arch/i386/rdrand.32
LOAD arch/i386/sse.32
LOAD arch/i386/x87.32
LOAD /cygdrive/d/Users/Alex/Desktop/Toolchain/Output/bin/../lib/gcc/i386-banana/8.1.0/crtend.o
LOAD crtn.32
LOAD /cygdrive/d/Users/Alex/Desktop/Toolchain/Output/bin/../lib/gcc/i386-banana/8.1.0/libkgcc.a
LOAD D:/Users/Alex/Desktop/Banana/kernel/libsoftfp.a
LOAD D:/Users/Alex/Desktop/Banana/kernel/libk/libm32.a
                0x00000000c0000000                . = 0xc0000000

.text           0x00000000c0000000    0x70b7a
 *(.text)
 .text          0x00000000c0000000       0x20 D:/Users/Alex/Desktop/Banana/kernel/boot.32
 .text          0x00000000c0000020        0x0 crti.32
 .text          0x00000000c0000020      0x101 /cygdrive/d/Users/Alex/Desktop/Toolchain/Output/bin/../lib/gcc/i386-banana/8.1.0/crtbegin.o
 *fill*         0x00000000c0000121        0xf 
 .text          0x00000000c0000130      0x24f D:/Users/Alex/Desktop/Banana/kernel/morenasm.32
                0x00000000c0000130                manualPCIProbe
                0x00000000c000017b                prepareTramp
                0x00000000c0000194                doTPAUSE
                0x00000000c000019e                hasLegacyFPU
                0x00000000c00001c3                is486
                0x00000000c00001f9                detectCPUID
                0x00000000c000020f                goToVM86
                0x00000000c000023f                goToUsermode
                0x00000000c0000269                switchToThreadASMFirstTime
                0x00000000c0000277                switchToThreadASM
                0x00000000c00002fc                asmQuickAcquireLock
                0x00000000c000031a                asmQuickReleaseLock
                0x00000000c0000326                asmAcquireLock
                0x00000000c0000347                asmReleaseLock
                0x00000000c000035a                loadGDT
                0x00000000c000037a                memcpy
 *fill*         0x00000000c000037f        0x1 
 .text          0x00000000c0000380     0x1d37 acpica/utclib.32
                0x00000000c0000380                memcmp
                0x00000000c0000520                memmove
                0x00000000c00007a0                memset
                0x00000000c0000830                strlen
                0x00000000c00008d0                strpbrk
                0x00000000c0000a50                strtok
                0x00000000c0000b70                strcpy
                0x00000000c0000cb0                strncpy
                0x00000000c0000ff0                strcmp
                0x00000000c0001190                strchr
                0x00000000c0001240                strncmp
                0x00000000c0001430                strcat
                0x00000000c0001590                strncat
                0x00000000c0001770                strstr
                0x00000000c0001800                toupper
                0x00000000c0001890                tolower
                0x00000000c0001920                simple_strtoul
 .text          0x00000000c00020b7     0x4f41 core/malloc.32
                0x00000000c0002bae                dlfree
                0x00000000c0003b72                dlmalloc
                0x00000000c00056d7                dlrealloc
                0x00000000c0006202                dlmemalign
                0x00000000c00066d2                dlcalloc
                0x00000000c00069c0                dlcfree
                0x00000000c00069c5                dlindependent_calloc
                0x00000000c00069ea                dlindependent_comalloc
                0x00000000c0006a01                dlvalloc
                0x00000000c0006a2c                dlpvalloc
                0x00000000c0006a62                dlmalloc_trim
                0x00000000c0006a75                dlmalloc_usable_size
                0x00000000c0006b9d                dlmallinfo
                0x00000000c0006f58                dlmalloc_stats
                0x00000000c0006f6c                dlmallopt
 .text          0x00000000c0006ff8      0x1f2 libk/ctype.32
                0x00000000c0006ff8                isblank
                0x00000000c0007018                iscntrl
                0x00000000c0007038                isdigit
                0x00000000c0007054                islower
                0x00000000c0007070                isspace
                0x00000000c0007098                isupper
                0x00000000c00070b4                isalpha
                0x00000000c00070e4                isalnum
                0x00000000c0007114                ispunct
                0x00000000c0007154                isgraph
                0x00000000c0007184                isprint
                0x00000000c00071ac                isxdigit
 .text          0x00000000c00071ea        0x0 libk/string.32
 .text          0x00000000c00071ea      0x1c8 fs/fat/diskio.32
                0x00000000c00071ea                disk_status
                0x00000000c00071ed                disk_initialize
                0x00000000c00071f0                disk_read
                0x00000000c000728b                disk_write
                0x00000000c0007326                disk_ioctl
 .text          0x00000000c00073b2     0xc2a5 fs/fat/ff.32
                0x00000000c000dbe3                f_mount
                0x00000000c000dd5d                f_open
                0x00000000c000e4f6                f_read
                0x00000000c000ee43                f_write
                0x00000000c000f954                f_sync
                0x00000000c000fca6                f_close
                0x00000000c000fd0f                f_lseek
                0x00000000c0010515                f_opendir
                0x00000000c0010721                f_closedir
                0x00000000c001077d                f_readdir
                0x00000000c0010865                f_stat
                0x00000000c0010919                f_getfree
                0x00000000c0010cd6                f_truncate
                0x00000000c00110a3                f_unlink
                0x00000000c00111f0                f_mkdir
                0x00000000c0011623                f_rename
                0x00000000c0011946                f_chmod
                0x00000000c0011a9e                f_utime
                0x00000000c0011c3c                f_getlabel
                0x00000000c0011f6e                f_setlabel
                0x00000000c00122dd                f_expand
                0x00000000c0012745                f_mkfs
 *fill*         0x00000000c0013657        0x1 
 .text          0x00000000c0013658       0x2f fs/fat/ffsystem.32
                0x00000000c0013658                ff_memalloc
                0x00000000c0013670                ff_memfree
 *fill*         0x00000000c0013687        0x1 
 .text          0x00000000c0013688      0x4ea fs/fat/ffunicode.32
                0x00000000c0013688                ff_uni2oem
                0x00000000c0013790                ff_oem2uni
                0x00000000c001386c                ff_wtoupper
 .text          0x00000000c0013b72     0x4b94 fs/iso9660/iso9660.32
                0x00000000c00148a6                isoReadDiscSector
                0x00000000c0014aaf                strnicmp
                0x00000000c00151b6                stricmp
                0x00000000c0015286                iso_open
                0x00000000c0015605                iso_close
                0x00000000c0015693                iso_read
                0x00000000c0015e6b                iso_seek
                0x00000000c00164af                iso_tell
                0x00000000c0016650                iso_total
                0x00000000c00167ed                fn_postprocess
                0x00000000c0016877                iso_readdir
                0x00000000c0017fa4                iso_reset
                0x00000000c0017fc1                init_percd
                0x00000000c0018393                iso_ioctl
                0x00000000c00183ab                fs_iso9660_init
                0x00000000c00185de                fs_iso9660_shutdown
 *fill*         0x00000000c0018706        0x2 
 .text          0x00000000c0018708     0x1cd6 core/computer.32
                0x00000000c0018708                Computer::close(int, int, void*)
                0x00000000c00188c4                Krnl::firstTask()
                0x00000000c0018c10                Computer::Computer()
                0x00000000c0018c10                Computer::Computer()
                0x00000000c00190e0                Computer::setBootMessage(char const*)
                0x00000000c00190e4                Computer::detectFeatures()
                0x00000000c0019b28                Computer::displayFeatures()
                0x00000000c0019b2c                Computer::rdmsr(unsigned int)
                0x00000000c0019ba4                Computer::wrmsr(unsigned int, unsigned long long)
                0x00000000c0019c24                Computer::shutdown()
                0x00000000c0019cbc                Computer::restart()
                0x00000000c0019d54                Computer::sleep()
                0x00000000c0019dd4                Computer::nmiEnabled()
                0x00000000c0019e18                Computer::readCMOS(unsigned char)
                0x00000000c0019e78                Computer::enableNMI(bool)
                0x00000000c0019f14                Computer::open(int, int, void*)
                0x00000000c001a2c8                Computer::disableNMI()
                0x00000000c001a300                Computer::writeCMOS(unsigned char, unsigned char)
                0x00000000c001a368                Computer::handleNMI()
 .text          0x00000000c001a3de      0x50f core/gdt.32
                0x00000000c001a3de                GDTEntry::setBase(unsigned int)
                0x00000000c001a46e                GDTEntry::setLimit(unsigned int)
                0x00000000c001a4dc                GDT::GDT()
                0x00000000c001a4dc                GDT::GDT()
                0x00000000c001a562                GDT::addEntry(GDTEntry)
                0x00000000c001a63e                GDT::getNumberOfEntries()
                0x00000000c001a666                GDT::flush()
                0x00000000c001a6d4                GDT::setup()
 .text          0x00000000c001a8ed       0x38 core/idle.32
                0x00000000c001a8ed                idleFunction(void*)
 *fill*         0x00000000c001a925        0x3 
 .text          0x00000000c001a928      0xcf0 core/idt.32
                0x00000000c001a928                IDTEntry::IDTEntry(bool)
                0x00000000c001a928                IDTEntry::IDTEntry(bool)
                0x00000000c001ab94                IDTEntry::setOffset(unsigned int)
                0x00000000c001abf8                IDT::IDT()
                0x00000000c001abf8                IDT::IDT()
                0x00000000c001ac2a                IDT::getPointerToInvalidOpcodeEntryForF00F()
                0x00000000c001ac6a                IDT::addEntry(IDTEntry, int)
                0x00000000c001acd0                IDT::addEntry(int, void (*)(), bool)
                0x00000000c001ad2c                IDT::flush()
                0x00000000c001ad6a                IDT::setup()
 .text          0x00000000c001b618      0x2a5 core/kheap.32
                0x00000000c001b618                sbrk
                0x00000000c001b734                mmap
                0x00000000c001b74a                munmap
                0x00000000c001b760                liballoc_lock()
                0x00000000c001b79a                liballoc_unlock()
                0x00000000c001b7d8                liballoc_alloc(int)
                0x00000000c001b812                liballoc_free(void*, int)
                0x00000000c001b84f                realloc
                0x00000000c001b863                malloc
                0x00000000c001b873                free
                0x00000000c001b883                rfree
                0x00000000c001b893                calloc
 .text          0x00000000c001b8bd      0x134 core/main.32
                0x00000000c001b8bd                KeEntryPoint
 .text          0x00000000c001b9f1      0xd3a core/physmgr.32
                0x00000000c001b9f1                Phys::allocateDMA(unsigned long)
                0x00000000c001bcdf                Phys::freeDMA(unsigned long, unsigned long)
                0x00000000c001bd95                Phys::setPageState(unsigned long, bool)
                0x00000000c001bed2                Phys::getPageState(unsigned long)
                0x00000000c001bf31                Phys::freePage(unsigned long)
                0x00000000c001bfbf                Phys::allocatePage()
                0x00000000c001c187                Phys::allocateContiguousPages(int)
                0x00000000c001c276                Phys::allowSegmentToBeUsed(unsigned long, unsigned long)
                0x00000000c001c2b8                Phys::physicalMemorySetup(unsigned int)
 *fill*         0x00000000c001c72b        0x1 
 .text          0x00000000c001c72c      0xaa5 core/pipe.32
                0x00000000c001c72c                Pipe::isAtty()
                0x00000000c001c730                Pipe::~Pipe()
                0x00000000c001c730                Pipe::~Pipe()
                0x00000000c001c800                Pipe::~Pipe()
                0x00000000c001c828                Pipe::write(unsigned long long, void*, int*)
                0x00000000c001cb90                Pipe::read(unsigned long long, void*, int*)
                0x00000000c001cf6a                Pipe::Pipe(int)
                0x00000000c001cf6a                Pipe::Pipe(int)
 *fill*         0x00000000c001d1d1        0x1 
 .text          0x00000000c001d1d2     0x3031 core/terminal.32
                0x00000000c001d1d2                VgaText::isAtty()
                0x00000000c001d1d6                VgaText::~VgaText()
                0x00000000c001d1d6                VgaText::~VgaText()
                0x00000000c001d2a6                VgaText::~VgaText()
                0x00000000c001d2d0                VgaText::read(unsigned long long, void*, int*)
                0x00000000c001d310                setTerminalScrollLock(bool)
                0x00000000c001d311                doTerminalCycle()
                0x00000000c001d312                addToTerminalCycle(VgaText*)
                0x00000000c001d313                scrollTerminalScrollLock(int)
                0x00000000c001d314                VgaText::updateTitle()
                0x00000000c001d316                VgaText::load()
                0x00000000c001d318                VgaText::updateCursor()
                0x00000000c001d364                VgaText::doANSI_SGR(int)
                0x00000000c001d7d8                VgaText::setDefaultBgColour(VgaColour)
                0x00000000c001d850                VgaText::setDefaultFgColour(VgaColour)
                0x00000000c001d8c8                VgaText::setDefaultColours(VgaColour, VgaColour)
                0x00000000c001d926                VgaText::setTitleTextColour(VgaColour)
                0x00000000c001d984                VgaText::setTitleColour(VgaColour)
                0x00000000c001d9e2                VgaText::setTitle(char*)
                0x00000000c001da06                VgaText::combineColours(unsigned char, unsigned char)
                0x00000000c001da1a                VgaText::scrollScreen()
                0x00000000c001dd90                VgaText::combineCharAndColour(char, unsigned char)
                0x00000000c001dda0                VgaText::writeCharacter(char, VgaColour, VgaColour, int, int)
                0x00000000c001dea4                VgaText::getCursorX()
                0x00000000c001dee6                VgaText::getCursorY()
                0x00000000c001df28                VgaText::setCursor(int, int)
                0x00000000c001dfc4                setActiveTerminal(VgaText*)
                0x00000000c001e058                VgaText::clearScreen()
                0x00000000c001e174                VgaText::setCursorX(int)
                0x00000000c001e1c0                VgaText::setCursorY(int)
                0x00000000c001e20c                VgaText::incrementCursor(bool)
                0x00000000c001e40e                VgaText::decrementCursor(bool)
                0x00000000c001e4da                VgaText::putchar(char, VgaColour, VgaColour)
                0x00000000c001e816                VgaText::putchar(char)
                0x00000000c001edf4                VgaText::putx(unsigned int)
                0x00000000c001eea2                VgaText::puts(char const*)
                0x00000000c001ef12                VgaText::write(unsigned long long, void*, int*)
                0x00000000c001f078                VgaText::puts(char const*, VgaColour, VgaColour)
                0x00000000c001f708                VgaText::VgaText(char const*)
                0x00000000c001f708                VgaText::VgaText(char const*)
                0x00000000c001fd96                VgaText::receiveKey(unsigned char)
                0x00000000c0020202                VgaText::doUpdate()
 *fill*         0x00000000c0020203        0x1 
 .text          0x00000000c0020204      0xc60 core/tss.32
                0x00000000c0020204                TSS::TSS()
                0x00000000c0020204                TSS::TSS()
                0x00000000c002028c                TSS::setESP(unsigned long)
                0x00000000c0020330                TSS::flush()
                0x00000000c0020378                TSS::setup(unsigned long, unsigned long)
 .text          0x00000000c0020e64     0x11bd core/unixfile.32
                0x00000000c0020e64                ReservedFilename::read(unsigned long long, void*, int*)
                0x00000000c002112a                ReservedFilename::isAtty()
                0x00000000c0021228                ReservedFilename::write(unsigned long long, void*, int*)
                0x00000000c00214f2                UnixFile::getFileDescriptor()
                0x00000000c0021534                UnixFile::UnixFile(int)
                0x00000000c0021534                UnixFile::UnixFile(int)
                0x00000000c0021a3c                ReservedFilename::ReservedFilename(int)
                0x00000000c0021a3c                ReservedFilename::ReservedFilename(int)
                0x00000000c0021b7c                UnixFile::~UnixFile()
                0x00000000c0021b7c                UnixFile::~UnixFile()
                0x00000000c0021d00                UnixFile::~UnixFile()
                0x00000000c0021d28                ReservedFilename::~ReservedFilename()
                0x00000000c0021d28                ReservedFilename::~ReservedFilename()
                0x00000000c0021e0c                ReservedFilename::~ReservedFilename()
                0x00000000c0021e33                KeGetFileFromDescriptor(int)
 *fill*         0x00000000c0022021        0x1 
 .text          0x00000000c0022022     0x3e47 core/virtmgr.32
                0x00000000c0022022                Virt::setPageState(unsigned long, Virt::VirtPageState)
                0x00000000c0022109                Virt::getPageState(unsigned long)
                0x00000000c00221af                Virt::allocateKernelVirtualPages(int)
                0x00000000c0022321                Virt::freeSwapfilePage(unsigned long)
                0x00000000c00223ac                Virt::swapIDToSector(unsigned long)
                0x00000000c00223c2                Virt::allocateSwapfilePage()
                0x00000000c0022579                Virt::virtualMemorySetup()
                0x00000000c00225dc                Virt::setupPageSwapping(int)
                0x00000000c0022804                VAS::VAS(VAS*)
                0x00000000c0022804                VAS::VAS(VAS*)
                0x00000000c00228de                VAS::getForeignPageTableEntry(bool, unsigned long)
                0x00000000c002292e                VAS::getPageTableEntry(unsigned long)
                0x00000000c002296d                Virt::freeKernelVirtualPages(unsigned long)
                0x00000000c0022b94                VAS::freeAllocatedPages(unsigned long)
                0x00000000c0022bf0                VAS::virtualToPhysical(unsigned long)
                0x00000000c0022c52                VAS::reflagRange(unsigned long, int, int, int)
                0x00000000c0022d38                VAS::VAS()
                0x00000000c0022d38                VAS::VAS()
                0x00000000c0022f24                VAS::setToWriteCombining(unsigned long, int)
                0x00000000c0023018                VAS::mapOtherVASIn(bool, VAS*)
                0x00000000c0023126                VAS::~VAS()
                0x00000000c0023126                VAS::~VAS()
                0x00000000c0023624                VAS::mapPage(unsigned long, unsigned long, int)
                0x00000000c002395c                VAS::allocatePages(int, int)
                0x00000000c0023e5c                VAS::setCPUSpecific(unsigned long)
                0x00000000c0023e96                VAS::mapRange(unsigned long, unsigned long, int, int)
                0x00000000c00240b6                VAS::mapForeignPage(bool, VAS*, unsigned long, unsigned long, int)
                0x00000000c0024314                VAS::VAS(bool)
                0x00000000c0024314                VAS::VAS(bool)
                0x00000000c0024f8a                VAS::evict(unsigned long)
                0x00000000c00252fc                VAS::tryLoadBackOffDisk(unsigned long)
                0x00000000c00256e8                VAS::scanForEviction()
                0x00000000c0025b90                mapVASFirstTime
 .text          0x00000000c0025e69       0x5f coreobjs/c++.32
                0x00000000c0025e69                __cxa_atexit
                0x00000000c0025e6c                __cxa_finalize
                0x00000000c0025e6d                __stack_chk_fail
                0x00000000c0025ea3                __cxa_pure_virtual
                0x00000000c0025eb4                operator new[](unsigned long)
                0x00000000c0025eb9                operator delete(void*, unsigned long)
                0x00000000c0025ebe                operator delete[](void*)
                0x00000000c0025ec3                operator delete[](void*, unsigned long)
 .text          0x00000000c0025ec8      0x623 dbg/kconsole.32
                0x00000000c0025ec8                Dbg::stringifyxWithBase(unsigned int, char*, int)
                0x00000000c00260e2                Dbg::logc(char)
                0x00000000c0026102                Dbg::logs(char*)
                0x00000000c0026191                Dbg::logWriteInt(unsigned int)
                0x00000000c00261b1                Dbg::logWriteIntBase(unsigned int, int)
                0x00000000c00261d4                Dbg::kprintf(char const*, ...)
 *fill*         0x00000000c00264eb        0x1 
 .text          0x00000000c00264ec      0x398 dbg/usban.32
                0x00000000c00264ec                KiUbsanPrintDetails(char const*, void*)
                0x00000000c002661c                __ubsan_handle_type_mismatch_v1
                0x00000000c00266f8                __ubsan_handle_pointer_overflow
                0x00000000c0026724                __ubsan_handle_out_of_bounds
                0x00000000c0026750                __ubsan_handle_add_overflow
                0x00000000c002677c                __ubsan_handle_load_invalid_value
                0x00000000c00267a8                __ubsan_handle_divrem_overflow
                0x00000000c00267d4                __ubsan_handle_mul_overflow
                0x00000000c0026800                __ubsan_handle_sub_overflow
                0x00000000c002682c                __ubsan_handle_shift_out_of_bounds
                0x00000000c0026858                __ubsan_handle_negate_overflow
 .text          0x00000000c0026884     0x7506 fs/vfs.32
                0x00000000c0026884                File::isAtty()
                0x00000000c0026888                Directory::isAtty()
                0x00000000c002688c                Filesystem::getlabel(LogicalDisk*, int, char*, unsigned int*)
                0x00000000c0026892                Filesystem::setlabel(LogicalDisk*, int, char*)
                0x00000000c0026898                Filesystem::allocateSwapfile(char const*, int)
                0x00000000c002689e                File::~File()
                0x00000000c002689e                File::~File()
                0x00000000c002696e                File::~File()
                0x00000000c0026998                Directory::~Directory()
                0x00000000c0026998                Directory::~Directory()
                0x00000000c0026a68                Directory::~Directory()
                0x00000000c0026a92                Directory::write(unsigned long long, void*, int*)
                0x00000000c0026c42                File::read(unsigned long long, void*, int*)
                0x00000000c0027098                File::write(unsigned long long, void*, int*)
                0x00000000c00274ee                Directory::read(unsigned long long, void*, int*)
                0x00000000c0027944                Filesystem::Filesystem()
                0x00000000c0027944                Filesystem::Filesystem()
                0x00000000c0027a1c                Filesystem::~Filesystem()
                0x00000000c0027a1c                Filesystem::~Filesystem()
                0x00000000c0027a9a                Filesystem::~Filesystem()
                0x00000000c0027ac1                Fs::getcwd(Process*, char*, int)
                0x00000000c0027bfc                Fs::initVFS()
                0x00000000c0027c26                Fs::standardiseFiles(char*, char const*, char const*)
                0x00000000c0028a7c                File::File(char const*, Process*)
                0x00000000c0028a7c                File::File(char const*, Process*)
                0x00000000c002900a                File::open(FileOpenMode)
                0x00000000c002946e                File::close()
                0x00000000c00298c0                File::seek(unsigned long long)
                0x00000000c0029cf6                File::tell(unsigned long long*)
                0x00000000c002a11a                File::rewind()
                0x00000000c002a14c                File::unlink()
                0x00000000c002a560                File::rename(char const*)
                0x00000000c002a964                File::chfatattr(unsigned char, unsigned char)
                0x00000000c002ad86                File::exists()
                0x00000000c002b11a                File::stat(unsigned long long*, bool*)
                0x00000000c002b794                Fs::setcwd(Process*, char*)
                0x00000000c002bd4c                Directory::Directory(char const*, Process*)
                0x00000000c002bd4c                Directory::Directory(char const*, Process*)
                0x00000000c002c2da                Directory::open()
                0x00000000c002c74e                Directory::close()
                0x00000000c002cba0                Directory::unlink()
                0x00000000c002cfb4                Directory::rename(char const*)
                0x00000000c002d3b8                Directory::exists()
                0x00000000c002d74c                Directory::read(dirent*)
                0x00000000c002d970                Directory::create()
                0x00000000c002dd84                Filesystem::chfatattr(char const*, unsigned char, unsigned char)
 *fill*         0x00000000c002dd8a        0x2 
 .text          0x00000000c002dd8c      0x252 hal/bus.32
                0x00000000c002dd8c                Bus::Bus(char const*)
                0x00000000c002dd8c                Bus::Bus(char const*)
                0x00000000c002ded0                Bus::~Bus()
                0x00000000c002ded0                Bus::~Bus()
                0x00000000c002dfb4                Bus::~Bus()
 .text          0x00000000c002dfde       0xee hal/buzzer.32
                0x00000000c002dfde                beepThread(void*)
                0x00000000c002e04a                Krnl::beep(int, int, bool)
 .text          0x00000000c002e0cc      0xad8 hal/clock.32
                0x00000000c002e0cc                User::loadClockSettings(int)
                0x00000000c002e1b8                Clock::Clock(char const*)
                0x00000000c002e1b8                Clock::Clock(char const*)
                0x00000000c002e2e2                Clock::~Clock()
                0x00000000c002e2e2                Clock::~Clock()
                0x00000000c002e3b2                Clock::~Clock()
                0x00000000c002e3dc                Clock::timeInSecondsLocal()
                0x00000000c002e52c                Clock::setTimeInSecondsLocal(unsigned long long)
                0x00000000c002e675                datetimeToSeconds(datetime_t)
                0x00000000c002e86e                Clock::setTimeInDatetimeLocal(datetime_t)
                0x00000000c002e9ee                secondsToDatetime(unsigned long long)
                0x00000000c002eb62                Clock::timeInDatetimeLocal()
 .text          0x00000000c002eba4     0x167b hal/device.32
                0x00000000c002eba4                Device::hibernate()
                0x00000000c002eba6                Device::wake()
                0x00000000c002eba8                Device::detect()
                0x00000000c002ebaa                Device::disableLegacy()
                0x00000000c002ebac                Device::powerSaving(PowerSavingLevel)
                0x00000000c002ebae                DriverlessDevice::close(int, int, void*)
                0x00000000c002ebb2                DriverlessDevice::detect()
                0x00000000c002ebb4                DriverlessDevice::open(int, int, void*)
                0x00000000c002ebc8                Device::~Device()
                0x00000000c002ebc8                Device::~Device()
                0x00000000c002ec46                Device::~Device()
                0x00000000c002ec70                Device::findAndLoadDriver()
                0x00000000c002ec7e                Device::preOpenPCI(PCIDeviceInfo)
                0x00000000c002ed18                Device::preOpenACPI(void*, char*, char*)
                0x00000000c002ee2a                Device::addIRQHandler(int, void (*)(regs*, void*), bool, void*)
                0x00000000c002ee54                Device::getParent()
                0x00000000c002ee9e                Device::removeIRQHandler(int, void (*)(regs*, void*), bool)
                0x00000000c002eebc                Device::addChild(Device*)
                0x00000000c002f058                Device::removeAllChildren()
                0x00000000c002f21c                Device::hibernateAll()
                0x00000000c002f370                Device::wakeAll()
                0x00000000c002f4c4                Device::detectAll()
                0x00000000c002f618                Device::disableLegacyAll()
                0x00000000c002f61a                Device::loadDriversForAll()
                0x00000000c002f61c                Device::closeAll()
                0x00000000c002f774                Device::powerSavingAll(PowerSavingLevel)
                0x00000000c002f8d4                Device::setName(char const*)
                0x00000000c002f926                Device::Device(char const*)
                0x00000000c002f926                Device::Device(char const*)
                0x00000000c002ff16                Device::getName()
                0x00000000c002ff5a                DriverlessDevice::DriverlessDevice(char const*)
                0x00000000c002ff5a                DriverlessDevice::DriverlessDevice(char const*)
                0x00000000c0030084                Device::addToLinkedList(LinkedList<Device>&, DeviceType)
                0x00000000c00301bf                getDevicesOfType(DeviceType)
 *fill*         0x00000000c003021f        0x1 
 .text          0x00000000c0030220      0x252 hal/diskctrl.32
                0x00000000c0030220                HardDiskController::HardDiskController(char const*)
                0x00000000c0030220                HardDiskController::HardDiskController(char const*)
                0x00000000c0030364                HardDiskController::~HardDiskController()
                0x00000000c0030364                HardDiskController::~HardDiskController()
                0x00000000c0030448                HardDiskController::~HardDiskController()
 .text          0x00000000c0030472      0x3f8 hal/diskphys.32
                0x00000000c0030472                PhysicalDisk::eject()
                0x00000000c0030476                PhysicalDisk::PhysicalDisk(char const*, int)
                0x00000000c0030476                PhysicalDisk::PhysicalDisk(char const*, int)
                0x00000000c00306f6                PhysicalDisk::startCache()
                0x00000000c0030770                PhysicalDisk::~PhysicalDisk()
                0x00000000c0030770                PhysicalDisk::~PhysicalDisk()
                0x00000000c0030840                PhysicalDisk::~PhysicalDisk()
 .text          0x00000000c003086a        0x0 hal/fpu.32
 .text          0x00000000c003086a     0x1907 hal/intctrl.32
                0x00000000c003086a                int_handler
                0x00000000c0030c7e                installISRHandler(int, void (*)(regs*, void*), void*)
                0x00000000c0030f3b                installIRQHandler(int, void (*)(regs*, void*), bool, void*)
                0x00000000c00316e4                uninstallISRHandler(int, void (*)(regs*, void*))
                0x00000000c00319e3                uninstallIRQHandler(int, void (*)(regs*, void*), bool)
                0x00000000c0031e15                setupINTS()
                0x00000000c003203e                convertLegacyIRQNumber(int)
 *fill*         0x00000000c0032171        0x1 
 .text          0x00000000c0032172     0x12a0 hal/keybrd.32
                0x00000000c0032172                startGUI(void*)
                0x00000000c00321f9                startGUIVESA(void*)
                0x00000000c0032280                sendKeyToTerminal(unsigned char)
                0x00000000c003241b                sendKeyboardToken(KeyboardToken)
                0x00000000c0032c48                clearInternalKeybuffer(VgaText*)
                0x00000000c0032d10                readKeyboard(VgaText*, char*, unsigned long)
                0x00000000c00331e6                Keyboard::Keyboard(char const*)
                0x00000000c00331e6                Keyboard::Keyboard(char const*)
                0x00000000c0033318                Keyboard::~Keyboard()
                0x00000000c0033318                Keyboard::~Keyboard()
                0x00000000c00333e8                Keyboard::~Keyboard()
 .text          0x00000000c0033412      0xf99 hal/logidisk.32
                0x00000000c0033412                LogicalDisk::close(int, int, void*)
                0x00000000c0033416                LogicalDisk::~LogicalDisk()
                0x00000000c0033416                LogicalDisk::~LogicalDisk()
                0x00000000c00334e6                LogicalDisk::~LogicalDisk()
                0x00000000c0033510                LogicalDisk::open(int, int, void*)
                0x00000000c0033524                LogicalDisk::absoluteToRelative(unsigned long long)
                0x00000000c00335fa                LogicalDisk::relativeToAbsolute(unsigned long long)
                0x00000000c003368c                LogicalDisk::LogicalDisk(char const*, PhysicalDisk*, unsigned long long, unsigned long long)
                0x00000000c003368c                LogicalDisk::LogicalDisk(char const*, PhysicalDisk*, unsigned long long, unsigned long long)
                0x00000000c0033a40                LogicalDisk::assignDriveLetter()
                0x00000000c0033ca4                LogicalDisk::mount()
                0x00000000c0033e0a                LogicalDisk::unmount()
                0x00000000c0033e58                LogicalDisk::eject()
                0x00000000c0033f10                LogicalDisk::unassignDriveLetter()
                0x00000000c0034098                LogicalDisk::read(unsigned long long, int, void*)
                0x00000000c0034222                LogicalDisk::write(unsigned long long, int, void*)
 *fill*         0x00000000c00343ab        0x1 
 .text          0x00000000c00343ac      0x252 hal/mouse.32
                0x00000000c00343ac                Mouse::Mouse(char const*)
                0x00000000c00343ac                Mouse::Mouse(char const*)
                0x00000000c00344f0                Mouse::~Mouse()
                0x00000000c00344f0                Mouse::~Mouse()
                0x00000000c00345d4                Mouse::~Mouse()
 .text          0x00000000c00345fe      0x230 hal/nic.32
                0x00000000c00345fe                NIC::getMAC()
                0x00000000c0034604                NIC::write(int, unsigned char*, int*)
                0x00000000c003460a                NIC::NIC(char const*)
                0x00000000c003460a                NIC::NIC(char const*)
                0x00000000c0034734                NIC::~NIC()
                0x00000000c0034734                NIC::~NIC()
                0x00000000c0034804                NIC::~NIC()
 .text          0x00000000c003482e      0xe6c hal/partition.32
                0x00000000c003482e                makePartition(PhysicalDisk*, unsigned long long, unsigned long long)
                0x00000000c0034998                createPartitionsForDisk(PhysicalDisk*)
 *fill*         0x00000000c003569a        0x2 
 .text          0x00000000c003569c      0x252 hal/serial.32
                0x00000000c003569c                Serial::Serial(char const*)
                0x00000000c003569c                Serial::Serial(char const*)
                0x00000000c00357e0                Serial::~Serial()
                0x00000000c00357e0                Serial::~Serial()
                0x00000000c00358c4                Serial::~Serial()
 *fill*         0x00000000c00358ee        0x2 
 .text          0x00000000c00358f0      0x7a4 hal/timer.32
                0x00000000c00358f0                Timer::Timer(char const*)
                0x00000000c00358f0                Timer::Timer(char const*)
                0x00000000c0035a34                Timer::~Timer()
                0x00000000c0035a34                Timer::~Timer()
                0x00000000c0035b18                Timer::~Timer()
                0x00000000c0035b42                Timer::read()
                0x00000000c0035b8f                setupTimer(int)
                0x00000000c0035c7d                timerHandler(unsigned int)
 .text          0x00000000c0036094     0x1a4c hal/vcache.32
                0x00000000c0036094                VCache::VCache(PhysicalDisk*)
                0x00000000c0036094                VCache::VCache(PhysicalDisk*)
                0x00000000c0036a3a                VCache::invalidateReadBuffer()
                0x00000000c0036ad6                VCache::writeWriteBuffer()
                0x00000000c0036cd8                VCache::~VCache()
                0x00000000c0036cd8                VCache::~VCache()
                0x00000000c0036eb4                VCache::~VCache()
                0x00000000c0036edc                VCache::write(unsigned long long, int, void*)
                0x00000000c00374aa                VCache::read(unsigned long long, int, void*)
 .text          0x00000000c0037ae0     0x123e hal/video.32
                0x00000000c0037ae0                Video::putpixel(int, int, unsigned int)
                0x00000000c0037aee                Video::readPixelApprox(int, int)
                0x00000000c0037b02                Video::putrect(int, int, int, int, unsigned int)
                0x00000000c0037c2a                Video::bitblit(int, int, int, int, int, int, int, unsigned int*)
                0x00000000c0037e3a                Video::blit(unsigned int*, int, int, int, int)
                0x00000000c0038040                Video::clearScreen(unsigned int)
                0x00000000c0038176                Video::Video(char const*)
                0x00000000c0038176                Video::Video(char const*)
                0x00000000c00382a0                Video::~Video()
                0x00000000c00382a0                Video::~Video()
                0x00000000c0038370                Video::~Video()
                0x00000000c003839a                Video::isMonochrome()
                0x00000000c00383e4                Video::getWidth()
                0x00000000c003842e                Video::getHeight()
                0x00000000c0038478                Video::drawCursor(int, int, unsigned int*, int)
                0x00000000c0038726                Video::tgaParse(unsigned char*, int, int*, int*)
                0x00000000c0038b70                Video::putTGA(int, int, unsigned char*, int)
 *fill*         0x00000000c0038d1e        0x2 
 .text          0x00000000c0038d20     0x3d8f hw/acpi.32
                0x00000000c0038d20                ACPI::close(int, int, void*)
                0x00000000c0038dd4                findRSDP()
                0x00000000c0038f28                loadACPITables(unsigned char*)
                0x00000000c00397f0                findRSDT(unsigned char*)
                0x00000000c00399d8                findDataTable(unsigned char*, char*)
                0x00000000c0039be4                scanMADT()
                0x00000000c003b11c                ACPI::ACPI()
                0x00000000c003b11c                ACPI::ACPI()
                0x00000000c003b320                ACPI::getPCIIRQAssignment(unsigned char, unsigned short, unsigned char)
                0x00000000c003b6f4                ACPI::registerPCIIRQAssignment(void*, unsigned short, unsigned char, unsigned char)
                0x00000000c003bc28                ACPI::setScreenBrightnessLevel(void*, int)
                0x00000000c003bc30                ACPI::detectPCI()
                0x00000000c003c168                ACPI::writeSimpleBootFlag(SimpleBootFlagTable*)
                0x00000000c003c23c                ACPI::sleep()
                0x00000000c003c258                ACPI::open(int, int, void*)
 *fill*         0x00000000c003caaf        0x1 
 .text          0x00000000c003cab0     0x21ab hw/cpu.32
                0x00000000c003cab0                CPU::close(int, int, void*)
                0x00000000c003cab4                CPU::AMD_K6_write_msr(unsigned int, unsigned int, unsigned int, CPU::REGS*)
                0x00000000c003cad0                CPU::AMD_K6_read_msr(unsigned int, CPU::REGS*)
                0x00000000c003cae8                CPU::AMD_K6_writeback(int, int, int)
                0x00000000c003cb5c                CPU::cpuid(int, unsigned long*, unsigned long*, unsigned long*, unsigned long*)
                0x00000000c003ccda                CPU::cpuidCheckEDX(unsigned int)
                0x00000000c003cd08                CPU::cpuidCheckECX(unsigned int)
                0x00000000c003cd36                CPU::cpuidCheckExtendedEBX(unsigned int)
                0x00000000c003cd64                CPU::cpuidCheckExtendedECX(unsigned int)
                0x00000000c003cd92                CPU::CPU()
                0x00000000c003cd92                CPU::CPU()
                0x00000000c003d0e0                CPU::displayFeatures()
                0x00000000c003d0e2                CPU::detectFeatures()
                0x00000000c003e444                CPU::setupSMEP()
                0x00000000c003e450                CPU::setupUMIP()
                0x00000000c003e45a                CPU::setupTSC()
                0x00000000c003e464                CPU::setupLargePages()
                0x00000000c003e46e                CPU::setupPAT()
                0x00000000c003e51e                CPU::setupMTRR()
                0x00000000c003e520                CPU::setupGlobalPages()
                0x00000000c003e52a                CPU::allowUsermodeDataAccess()
                0x00000000c003e57a                CPU::prohibitUsermodeDataAccess()
                0x00000000c003e5ca                CPU::setupSMAP()
                0x00000000c003e604                CPU::setupFeatures()
                0x00000000c003e89c                CPU::open(int, int, void*)
 .text          0x00000000c003ec5b      0x501 krnl/bootmsg.32
                0x00000000c003ec5b                KeDisplaySplashScreen()
                0x00000000c003efee                KeSetBootMessage(char const*)
 .text          0x00000000c003f15c     0x1760 krnl/env.32
                0x00000000c003f15c                EnvVarContainer::getEnv(char const*)
                0x00000000c003f2b4                EnvVarContainer::setEnv(char const*, char const*)
                0x00000000c003f47c                EnvVarContainer::deleteEnv(char const*)
                0x00000000c003f47e                EnvVarContainer::loadFrom(char const*, char const*)
                0x00000000c003faaa                EnvVarContainer::__loadSystem()
                0x00000000c003fae2                EnvVarContainer::__loadUser()
                0x00000000c003fae4                EnvVarContainer::EnvVarContainer(Process*)
                0x00000000c003fae4                EnvVarContainer::EnvVarContainer(Process*)
                0x00000000c003fbda                EnvVarContainer::~EnvVarContainer()
                0x00000000c003fbda                EnvVarContainer::~EnvVarContainer()
                0x00000000c003fcdc                KeGetEnv(Process*, char const*)
                0x00000000c003fdbc                KeSetEnvSystem(char const*, char const*)
                0x00000000c003fdf3                KeSetEnvUser(char const*, char const*)
                0x00000000c003fe2d                KeSetEnvProcess(Process*, char const*, char const*)
                0x00000000c003fea2                KeDeleteEnvSystem(char const*)
                0x00000000c003fec2                KeDeleteEnvUser(char const*)
                0x00000000c003fee2                KeDeleteEnvProcess(Process*, char const*)
                0x00000000c003ff40                KeNewProcessEnv(Process*)
                0x00000000c003ff7b                KeCopyProcessEnv(Process*, Process*)
                0x00000000c0040114                KeLoadSystemEnv()
                0x00000000c004017a                KeLoadUserEnv()
                0x00000000c00401d7                KeFlushEnv()
                0x00000000c00401d8                KeGetProcessTotalEnvCount(Process*)
                0x00000000c004034d                KeGetProcessEnvPair(Process*, int)
 .text          0x00000000c00408bc      0x193 krnl/inlines.32
                0x00000000c00408bc                CPU::current()
                0x00000000c0040908                operator new(unsigned long)
                0x00000000c004090d                operator delete(void*)
                0x00000000c0040912                disableIRQs()
                0x00000000c0040914                enableIRQs()
                0x00000000c0040916                lockScheduler()
                0x00000000c0040943                unlockScheduler()
                0x00000000c0040974                lockStuff()
                0x00000000c00409c4                unlockStuff()
                0x00000000c0040a34                Virt::getAKernelVAS()
                0x00000000c0040a3a                __not_memcpy
 .text          0x00000000c0040a4f        0xc krnl/panic.32
                0x00000000c0040a4f                KePanic(char const*)
 .text          0x00000000c0040a5b      0x1fd krnl/powctrl.32
                0x00000000c0040a5b                KePowerThread(void*)
                0x00000000c0040ac0                KeChangePowerSettings(PowerSettings)
                0x00000000c0040ad6                KeUserIOReceived()
                0x00000000c0040ae1                KeHandlePowerButton()
                0x00000000c0040b4c                KeHandleSleepButton()
                0x00000000c0040bb7                KeSetupPowerManager()
 .text          0x00000000c0040c58       0x9d krnl/random.32
                0x00000000c0040c58                KeRand()
                0x00000000c0040c9a                KeSeedRand(unsigned int)
                0x00000000c0040cc3                KeInitRand()
 *fill*         0x00000000c0040cf5        0x3 
 .text          0x00000000c0040cf8      0x1bc krnl/resolve.32
                0x00000000c0040cf8                KeResolveCompatibilitySymbol(char*)
 .text          0x00000000c0040eb4      0xe2f krnl/signal.32
                0x00000000c0040eb4                KiSigKill(int)
                0x00000000c0040ec8                KiDefaultSignalHandlerIgnore(int)
                0x00000000c0040ec9                KiDefaultSignalHandlerPause(int)
                0x00000000c0040ef5                KiDefaultSignalHandlerResume(int)
                0x00000000c0040f21                KeDeinitSignals(SigHandlerBlock*)
                0x00000000c0040f26                KeInitSignals()
                0x00000000c0041050                KeRegisterSignalHandler(SigHandlerBlock*, int, void (*)(int), unsigned int, int)
                0x00000000c00411c7                KeRaiseSignal(SigHandlerBlock*, int)
                0x00000000c0041354                KeCheckSignal(SigHandlerBlock*, int*)
                0x00000000c004195a                KiCheckSignalZ
                0x00000000c0041aba                KeCompleteSignal(SigHandlerBlock*, int)
                0x00000000c0041bbb                KiFinishSignalZ
 .text          0x00000000c0041ce3     0x4829 krnl/syscalls.32
                0x00000000c0041ce3                SysSeekDir(regs*)
                0x00000000c0041ce8                SysTellDir(regs*)
                0x00000000c0041ced                SysTTYName(regs*)
                0x00000000c0041cf5                SysNotImpl(regs*)
                0x00000000c0041d10                SysVerify(regs*)
                0x00000000c0041d57                SysGetArgc(regs*)
                0x00000000c0041ddc                SysFormatDisk(regs*)
                0x00000000c0042110                SysSetDiskVolumeLabel(regs*)
                0x00000000c00427de                SysGetDiskVolumeLabel(regs*)
                0x00000000c0042efe                SysShutdown(regs*)
                0x00000000c0043119                SysRealpath(regs*)
                0x00000000c00432b1                SysReadDir(regs*)
                0x00000000c00434e0                SysIsATTY(regs*)
                0x00000000c00436d9                SysSeek(regs*)
                0x00000000c004384f                SysTell(regs*)
                0x00000000c0043a4d                SysSize(regs*)
                0x00000000c0043c50                SysClose(regs*)
                0x00000000c0043e2f                SysCloseDir(regs*)
                0x00000000c0043faa                SysWait(regs*)
                0x00000000c004403c                SysPanic(regs*)
                0x00000000c0044091                SysGetArgv(regs*)
                0x00000000c004434a                SysUSleep(regs*)
                0x00000000c00443e6                SysGetEnv(regs*)
                0x00000000c00445ee                SysGetUnixTime(regs*)
                0x00000000c0044661                SysSizeFromFilename(regs*)
                0x00000000c0044974                SysOpenDir(regs*)
                0x00000000c0044b9e                SysMakeDir(regs*)
                0x00000000c0044d56                SysRmdir(regs*)
                0x00000000c0044f11                SysUnlink(regs*)
                0x00000000c00450cc                SysSetFatAttrib(regs*)
                0x00000000c0045317                SysPipe(regs*)
                0x00000000c00454d4                SysSpawn(regs*)
                0x00000000c00456b5                string_ends_with(char const*, char const*)
                0x00000000c004573b                SysOpen(regs*)
                0x00000000c0046362                KeSystemCall(regs*, void*)
 .text          0x00000000c004650c      0x2cd net/ethernet.32
                0x00000000c004650c                KeSwitchEndian16(unsigned short)
                0x00000000c0046560                KeSwitchEndian32(unsigned int)
                0x00000000c0046594                EthernetCRC32(unsigned char*, int)
                0x00000000c00466e0                EthernetReceivedPacket(EthernetUnwrappedFrame*, unsigned short)
 .text          0x00000000c00467d9     0x238f reg/cm.32
                0x00000000c00467d9                CmOpen(char const*)
                0x00000000c0046b78                CmClose(Reghive_Tag*)
                0x00000000c0046be9                CmReadExtent(Reghive_Tag*, int, unsigned char*)
                0x00000000c0046d04                CmGetString(Reghive_Tag*, int, char*)
                0x00000000c0046e99                CmEnterDirectory(Reghive_Tag*, int)
                0x00000000c0046ed8                CmGetNext(Reghive_Tag*, int)
                0x00000000c0046f0a                CmWriteExtent(Reghive_Tag*, int, unsigned char*)
                0x00000000c0047025                CmFreeExtent(Reghive_Tag*, int)
                0x00000000c004704d                CmUpdateHeader(Reghive_Tag*)
                0x00000000c00470bd                CmExpand(Reghive_Tag*, int)
                0x00000000c004723a                CmFindUnusedExtent(Reghive_Tag*)
                0x00000000c00473eb                CmCreateExtent(Reghive_Tag*, int, int, unsigned char*)
                0x00000000c00474df                CmSetString(Reghive_Tag*, int, char const*)
                0x00000000c00479ab                CmGetMatch(char*, char*, bool, bool*)
                0x00000000c0047a9f                CmAddShift(unsigned int*, int*, unsigned char, int)
                0x00000000c0047b99                CmGetShift(unsigned int*, int*, int, bool*)
                0x00000000c0047ce5                CmGetInteger(Reghive_Tag*, int, unsigned long long*)
                0x00000000c0047d31                CmSetInteger(Reghive_Tag*, int, unsigned long long)
                0x00000000c0047d71                CmConvertFromInternalFilename(unsigned char const*, char*)
                0x00000000c0047faa                CmGetNameAndTypeFromExtent(Reghive_Tag*, int, char*)
                0x00000000c0047fd8                CmConvertToInternalFilename(char const*, unsigned char*)
                0x00000000c0048583                CmCreateString(Reghive_Tag*, int, char const*)
                0x00000000c00485d0                CmFindInDirectory(Reghive_Tag*, int, char const*)
                0x00000000c004864a                CmCreateInteger(Reghive_Tag*, int, char const*, unsigned long long, int)
                0x00000000c004869d                CmCreateDirectory(Reghive_Tag*, int, char const*)
                0x00000000c0048761                zStrtok(char*, char const*)
                0x00000000c0048942                CmFindObjectFromPath(Reghive_Tag*, char const*)
                0x00000000c00489c3                CmDisplayTree(Reghive_Tag*, int, int)
                0x00000000c0048a9e                CmSplitFinalSlashInPlace(char*)
 .text          0x00000000c0048b68     0x1267 reg/registry.32
                0x00000000c0048b68                Reg::findLineFromLoadedData(char*, char*, char*)
                0x00000000c0048f99                Reg::getLineFromRegistry(char*, char*, char*, char*)
                0x00000000c004933e                Reg::getLine(char*, char*, char*)
                0x00000000c0049375                Reg::readInt(char*, char*, int*)
                0x00000000c0049a35                Reg::readString(char*, char*, char*, int)
                0x00000000c0049cb9                Reg::readBool(char*, char*, bool*)
                0x00000000c0049d04                Reg::readBoolWithDefault(char*, char*, bool)
                0x00000000c0049d4b                Reg::readIntWithDefault(char*, char*, int)
                0x00000000c0049d77                Reg::readStringWithDefault(char*, char*, char*, int, char*)
 .text          0x00000000c0049dcf      0x172 sys/eject.32
                0x00000000c0049dcf                SysEject(regs*)
 .text          0x00000000c0049f41       0x4e sys/exit.32
                0x00000000c0049f41                SysExit(regs*)
 .text          0x00000000c0049f8f       0x9d sys/getcwd.32
                0x00000000c0049f8f                SysGetCwd(regs*)
 .text          0x00000000c004a02c       0x57 sys/getpid.32
                0x00000000c004a02c                SysGetPID(regs*)
 .text          0x00000000c004a083       0x86 sys/getramdata.32
                0x00000000c004a083                SysGetRAMData(regs*)
 .text          0x00000000c004a109      0x23f sys/getvgaptr.32
                0x00000000c004a109                SysGetVGAPtr(regs*)
 .text          0x00000000c004a348      0x330 sys/kill.32
                0x00000000c004a348                SysKill(regs*)
 .text          0x00000000c004a678      0x21f sys/loaddll.32
                0x00000000c004a678                SysLoadDLL(regs*)
 .text          0x00000000c004a897      0x1e6 sys/read.32
                0x00000000c004a897                SysRead(regs*)
 .text          0x00000000c004aa7d       0xdc sys/registersignal.32
                0x00000000c004aa7d                SysRegisterSignal(regs*)
 .text          0x00000000c004ab59      0x4e1 sys/registry.32
                0x00000000c004ab59                SysRegistryGetTypeFromPath(regs*)
                0x00000000c004ac50                SysRegistryReadExtent(regs*)
                0x00000000c004ad4e                SysRegistryPathToExtentLookup(regs*)
                0x00000000c004addf                SysRegistryEnterDirectory(regs*)
                0x00000000c004ae70                SysRegistryGetNext(regs*)
                0x00000000c004af01                SysRegistryGetNameAndTypeFromExtent(regs*)
                0x00000000c004afa3                SysRegistryOpen(regs*)
                0x00000000c004afed                SysRegistryClose(regs*)
 .text          0x00000000c004b03a      0x18c sys/sbrk.32
                0x00000000c004b03a                SysSbrk(regs*)
 .text          0x00000000c004b1c6       0x80 sys/setcwd.32
                0x00000000c004b1c6                SysSetCwd(regs*)
 .text          0x00000000c004b246      0x206 sys/settime.32
                0x00000000c004b246                SysSetTime(regs*)
 .text          0x00000000c004b44c       0x99 sys/timezone.32
                0x00000000c004b44c                SysTimezone(regs*)
 .text          0x00000000c004b4e5      0x1e6 sys/write.32
                0x00000000c004b4e5                SysWrite(regs*)
 .text          0x00000000c004b6cb      0x166 sys/wsbe.32
                0x00000000c004b6cb                SysWsbe(regs*)
 .text          0x00000000c004b831       0x5e sys/yield.32
                0x00000000c004b831                SysYield(regs*)
 .text          0x00000000c004b88f     0x46e7 thr/elf.32
                0x00000000c004b88f                Thr::allocateMemoryForTask(Process*, File*, unsigned long, unsigned long, unsigned long)
                0x00000000c004bf6d                Thr::loadProgramIntoMemory(Process*, char const*)
                0x00000000c004c7d2                Thr::runtimeReferenceHelper()
                0x00000000c004c7e5                Thr::getAddressOfKernelSymbol(char const*)
                0x00000000c004ca86                Thr::loadKernelSymbolTable(char const*)
                0x00000000c004d510                Thr::loadDriverIntoMemory(char const*, unsigned long, bool)
                0x00000000c004f5aa                Thr::getDriverBaseFromAddress(unsigned long)
                0x00000000c004f7b5                Thr::getDriverNameFromAddress(unsigned long)
                0x00000000c004f9bb                Thr::getDriverOffsetFromAddress(unsigned long)
                0x00000000c004f9dd                Thr::loadDLL(char const*, bool)
                0x00000000c004ff3d                Thr::executeDLL(unsigned long, void*)
 *fill*         0x00000000c004ff76        0x2 
 .text          0x00000000c004ff78     0x4ced thr/prcssthr.32
                0x00000000c004ff78                userModeEntryPoint(void*)
                0x00000000c0050040                changeTSS
                0x00000000c005017c                switchToThread(ThreadControlBlock*)
                0x00000000c0050368                Process::addArgs(char**)
                0x00000000c0050774                Process::Process(char const*, Process*, char**)
                0x00000000c0050774                Process::Process(char const*, Process*, char**)
                0x00000000c0050fe0                Process::Process(bool, char const*, Process*, char**)
                0x00000000c0050fe0                Process::Process(bool, char const*, Process*, char**)
                0x00000000c00517d4                taskStartupFunction
                0x00000000c005181c                Semaphore::Semaphore(int)
                0x00000000c005181c                Semaphore::Semaphore(int)
                0x00000000c0051984                Mutex::Mutex()
                0x00000000c0051984                Mutex::Mutex()
                0x00000000c0051a14                Process::createThread(void (*)(void*), void*, int)
                0x00000000c005209c                Process::createUserThread()
                0x00000000c00520d4                setupMultitasking(void (*)())
                0x00000000c00522f0                schedule()
                0x00000000c00523fc                Semaphore::tryAcquire()
                0x00000000c00526a4                Semaphore::assertLocked(char const*)
                0x00000000c0052818                blockTaskWithSchedulerLockAlreadyHeld(TaskState)
                0x00000000c0052898                blockTask(TaskState)
                0x00000000c0052944                waitTask(int, int*, int)
                0x00000000c0052aec                milliTenthSleepUntil(unsigned int)
                0x00000000c0052c5c                milliTenthSleep(unsigned int)
                0x00000000c0052c70                sleep(unsigned int)
                0x00000000c0052c8c                Semaphore::acquire()
                0x00000000c005301c                taskReturned
                0x00000000c00530a4                Thr::processFromPID(int)
                0x00000000c0053228                unblockTask(ThreadControlBlock*)
                0x00000000c005337c                cleanupTerminatedTask(ThreadControlBlock*)
                0x00000000c00543b8                cleanerTaskFunction(void*)
                0x00000000c0054614                terminateTask(int)
                0x00000000c00548fc                Thr::terminateFromIRQ(int)
                0x00000000c005490c                Semaphore::release()
 .text          0x00000000c0054c65     0x2eff vm86/vm8086.32
                0x00000000c0054c65                Vm::inbv(unsigned short)
                0x00000000c0054c78                Vm::outbv(unsigned short, unsigned char)
                0x00000000c0054d3f                Vm::realToLinear(unsigned short, unsigned short)
                0x00000000c0054d4f                Vm::getSegment(unsigned int)
                0x00000000c0054d57                Vm::getOffset(unsigned int)
                0x00000000c0054d5c                Vm::mainloop2()
                0x00000000c0054de9                Vm::mainVm8086Loop(void*)
                0x00000000c0054e1e                Vm::mainloop3(unsigned long)
                0x00000000c0054e6a                Vm::initialise8086()
                0x00000000c0054f14                Vm::finish8086()
                0x00000000c0054fd9                Vm::getOutput8086(unsigned char*)
                0x00000000c0054ffe                Vm::start8086FromBuffer(unsigned char*, int, unsigned short, unsigned short, unsigned short, unsigned short)
                0x00000000c00551bf                Vm::start8086(char const*, unsigned short, unsigned short, unsigned short, unsigned short)
                0x00000000c0055599                Vm::doISR(regs*, int, unsigned char*, unsigned short, unsigned short)
                0x00000000c00558e1                Vm::readByteFromReal(unsigned short, unsigned short)
                0x00000000c005590e                Vm::readWordFromReal(unsigned short, unsigned short)
                0x00000000c0055940                Vm::readDwordFromReal(unsigned short, unsigned short)
                0x00000000c0055971                Vm::writeByteFromReal(unsigned short, unsigned short, unsigned char)
                0x00000000c00559a2                Vm::writeWordFromReal(unsigned short, unsigned short, unsigned short)
                0x00000000c00559d6                Vm::writeDwordFromReal(unsigned short, unsigned short, unsigned int)
                0x00000000c0055a0b                Vm::faultHandler(regs*)
 .text          0x00000000c0057b64     0x20ed arch/i386/hal.32
                0x00000000c0057b64                noCopro(unsigned long)
                0x00000000c0057b65                nmiHandler(regs*, void*)
                0x00000000c0057b9f                doubleFault(regs*, void*)
                0x00000000c0057bb8                displayDebugInfo(regs*)
                0x00000000c0058b7d                HalSystemIdle()
                0x00000000c0058cbe                displayProgramFault(char const*)
                0x00000000c0058e3e                gpFault(regs*, void*)
                0x00000000c0058ea5                pgFault(regs*, void*)
                0x00000000c005901a                otherISRHandler(regs*, void*)
                0x00000000c005904e                opcodeFault(regs*, void*)
                0x00000000c0059225                i386SaveCoprocessor(void*)
                0x00000000c0059239                i386LoadCoprocessor(void*)
                0x00000000c005924d                x87EmulHandler(regs*, void*)
                0x00000000c0059392                HalInitialiseCoprocessor()
                0x00000000c005949b                HalPanic(char const*)
                0x00000000c005971e                HalQueryPerformanceCounter()
                0x00000000c00597b0                HalInitialise()
                0x00000000c0059b82                HalMakeBeep(int)
                0x00000000c0059bbc                HalGetRand()
                0x00000000c0059bbf                HalEndOfInterrupt(int)
                0x00000000c0059c4e                HalRestart()
                0x00000000c0059c4f                HalShutdown()
                0x00000000c0059c50                HalSleep()
 *fill*         0x00000000c0059c51        0x3 
 .text          0x00000000c0059c54      0x30c arch/i386/pic.32
                0x00000000c0059c54                picIoWait()
                0x00000000c0059c5c                picDisable()
                0x00000000c0059c90                picGetIRQReg(int)
                0x00000000c0059d38                picOpen()
                0x00000000c0059ebc                picEOI(int)
 .text          0x00000000c0059f60      0xdd9 arch/i386/rtc.32
                0x00000000c0059f60                RTC::open(int, int, void*)
                0x00000000c0059f64                RTC::close(int, int, void*)
                0x00000000c0059f68                RTC::~RTC()
                0x00000000c0059f68                RTC::~RTC()
                0x00000000c005a038                RTC::~RTC()
                0x00000000c005a062                RTC::timeInSecondsUTC()
                0x00000000c005a0b2                RTC::timeInDatetimeUTC()
                0x00000000c005a148                RTC::setTimeInSecondsUTC(unsigned long long)
                0x00000000c005a1f6                RTC::get_update_in_progress_flag()
                0x00000000c005a22e                RTC::completeRTCRefresh()
                0x00000000c005a6fc                RTC::setTimeInDatetimeUTC(datetime_t)
                0x00000000c005a9d8                rtcIRQHandler(regs*, void*)
                0x00000000c005aab6                RTC::RTC()
                0x00000000c005aab6                RTC::RTC()
 *fill*         0x00000000c005ad39        0x3 
 .text          0x00000000c005ad3c      0x590 arch/i386/vga.32
                0x00000000c005ad3c                HalConsoleScroll(int, int)
                0x00000000c005b0e8                HalConsoleWriteCharacter(char, int, int, int, int)
                0x00000000c005b244                HalConsoleCursorUpdate(int, int)
 .text          0x00000000c005b2cc     0x30f7 fs/fat/vfslink.32
                0x00000000c005b2cc                FAT::getName()
                0x00000000c005b2d4                FAT::tell(void*, unsigned long long*)
                0x00000000c005b398                FAT::stat(void*, unsigned long long*)
                0x00000000c005b45c                FAT::~FAT()
                0x00000000c005b45c                FAT::~FAT()
                0x00000000c005b540                FAT::~FAT()
                0x00000000c005b568                FAT::getlabel(LogicalDisk*, int, char*, unsigned int*)
                0x00000000c005b8ec                FAT::setlabel(LogicalDisk*, int, char*)
                0x00000000c005bc8c                FAT::format(LogicalDisk*, int, char const*, int)
                0x00000000c005c154                FAT::tryMount(LogicalDisk*, int)
                0x00000000c005c63c                FAT::allocateSwapfile(char const*, int)
                0x00000000c005cb5c                FAT::readDir(void*, unsigned long, void*, int*)
                0x00000000c005ccfc                FAT::read(void*, unsigned long, void*, int*)
                0x00000000c005cd8c                FAT::write(void*, unsigned long, void*, int*)
                0x00000000c005ce1c                FAT::close(void*)
                0x00000000c005ce70                FAT::closeDir(void*)
                0x00000000c005cec4                FAT::seek(void*, unsigned long long)
                0x00000000c005cf1c                fatWrapperReadDisk
                0x00000000c005d024                fatWrapperWriteDisk
                0x00000000c005d12c                fatWrapperIoctl
                0x00000000c005d6ac                FAT::FAT()
                0x00000000c005d6ac                FAT::FAT()
                0x00000000c005d874                FAT::fixFilepath(char*)
                0x00000000c005da08                FAT::open(char const*, void**, FileOpenMode)
                0x00000000c005dc04                FAT::openDir(char const*, void**)
                0x00000000c005dd40                FAT::stat(char const*, unsigned long long*, bool*)
                0x00000000c005debc                FAT::unlink(char const*)
                0x00000000c005df6c                FAT::chfatattr(char const*, unsigned char, unsigned char)
                0x00000000c005e14c                FAT::rename(char const*, char const*)
                0x00000000c005e274                FAT::mkdir(char const*)
                0x00000000c005e324                FAT::exists(char const*)
 *fill*         0x00000000c005e3c3        0x1 
 .text          0x00000000c005e3c4      0x198 fs/iso9660/helper.32
                0x00000000c005e3c4                isoReadDiscSectorHelper
                0x00000000c005e524                iso_kprintf
                0x00000000c005e540                iso_kprintfd
 .text          0x00000000c005e55c     0x14a6 fs/iso9660/vfslink.32
                0x00000000c005e55c                ISO9660::format(LogicalDisk*, int, char const*, int)
                0x00000000c005e562                ISO9660::getName()
                0x00000000c005e568                ISO9660::chfatattr(char const*, unsigned char, unsigned char)
                0x00000000c005e56e                ISO9660::unlink(char const*)
                0x00000000c005e574                ISO9660::write(void*, unsigned long, void*, int*)
                0x00000000c005e57a                ISO9660::rename(char const*, char const*)
                0x00000000c005e580                ISO9660::mkdir(char const*)
                0x00000000c005e586                ISO9660::~ISO9660()
                0x00000000c005e586                ISO9660::~ISO9660()
                0x00000000c005e656                ISO9660::~ISO9660()
                0x00000000c005e67e                ISO9660::exists(char const*)
                0x00000000c005e692                ISO9660::seek(void*, unsigned long long)
                0x00000000c005e6d4                ISO9660::close(void*)
                0x00000000c005e704                ISO9660::closeDir(void*)
                0x00000000c005e790                ISO9660::read(void*, unsigned long, void*, int*)
                0x00000000c005e7f2                ISO9660::tell(void*, unsigned long long*)
                0x00000000c005e85a                ISO9660::stat(void*, unsigned long long*)
                0x00000000c005e8c6                ISO9660::readDir(void*, unsigned long, void*, int*)
                0x00000000c005eb1a                ISO9660::open(char const*, void**, FileOpenMode)
                0x00000000c005eee2                ISO9660::stat(char const*, unsigned long long*, bool*)
                0x00000000c005f322                ISO9660::openDir(char const*, void**)
                0x00000000c005f786                readSectorFromCDROM(unsigned int, unsigned char*, char)
                0x00000000c005f8a6                ISO9660::tryMount(LogicalDisk*, int)
                0x00000000c005f92e                ISO9660::ISO9660()
                0x00000000c005f92e                ISO9660::ISO9660()
 .text          0x00000000c005fa02      0xb96 hal/sound/sndcard.32
                0x00000000c005fa02                SoundCard::beginPlayback()
                0x00000000c005fa10                SoundCard::stopPlayback()
                0x00000000c005fa1e                SoundCard::SoundCard(char const*)
                0x00000000c005fa1e                SoundCard::SoundCard(char const*)
                0x00000000c005fda6                SoundCard::~SoundCard()
                0x00000000c005fda6                SoundCard::~SoundCard()
                0x00000000c005fe76                SoundCard::~SoundCard()
                0x00000000c005fea0                SoundCard::configureRates(int, int, int)
                0x00000000c005ff9e                SoundCard::getSamples16(int, short*)
                0x00000000c0060146                SoundCard::getSamples32(int, int*)
                0x00000000c006045e                SoundCard::addChannel(SoundPort*)
                0x00000000c0060528                SoundCard::removeChannel(int)
 .text          0x00000000c0060598     0x1c81 hal/sound/sndport.32
                0x00000000c0060598                SoundPort::SoundPort(int, int, int, int)
                0x00000000c0060598                SoundPort::SoundPort(int, int, int, int)
                0x00000000c0060934                SoundPort::~SoundPort()
                0x00000000c0060934                SoundPort::~SoundPort()
                0x00000000c0060a7c                SoundPort::unpause()
                0x00000000c0060acc                SoundPort::pause()
                0x00000000c0060b1c                SoundPort::getBufferUsed()
                0x00000000c0060b68                SoundPort::getBufferSize()
                0x00000000c0060bb4                SoundPort::buffer16(short*, int)
                0x00000000c0061124                SoundPort::buffer32(int*, int)
                0x00000000c0061684                SoundPort::unbufferAndAdd16(int, short*, SoundCard*)
                0x00000000c0061bdc                SoundPort::unbufferAndAdd32(int, int*, SoundCard*)
 .text          0x00000000c0062219        0x0 hw/bus/isa.32
 *fill*         0x00000000c0062219        0x1 
 .text          0x00000000c006221a     0x243f hw/bus/pci.32
                0x00000000c006221a                PCI::close(int, int, void*)
                0x00000000c006221e                PCI::open(int, int, void*)
                0x00000000c00622de                PCI::PCI()
                0x00000000c00622de                PCI::PCI()
                0x00000000c00626b0                PCI::readBAR8(unsigned int, int)
                0x00000000c00626ea                PCI::readBAR16(unsigned int, int)
                0x00000000c006272a                PCI::readBAR32(unsigned int, int)
                0x00000000c0062768                PCI::writeBAR8(unsigned int, unsigned char, int)
                0x00000000c00627ac                PCI::writeBAR16(unsigned int, unsigned short, int)
                0x00000000c00627ee                PCI::writeBAR32(unsigned int, unsigned int, int)
                0x00000000c0062832                PCI::legacyMechanism(unsigned char, unsigned char, unsigned char, unsigned char)
                0x00000000c00628a8                PCI::pciReadWord(unsigned char, unsigned char, unsigned char, unsigned char)
                0x00000000c00629e0                PCI::getVendorID(unsigned char, unsigned char, unsigned char)
                0x00000000c0062a36                PCI::getHeaderType(unsigned char, unsigned char, unsigned char)
                0x00000000c0062a8e                PCI::getClassCode(unsigned char, unsigned char, unsigned char)
                0x00000000c0062b22                PCI::getProgIF(unsigned char, unsigned char, unsigned char)
                0x00000000c0062b7a                PCI::getRevisionID(unsigned char, unsigned char, unsigned char)
                0x00000000c0062bd0                PCI::getInterruptNumber(unsigned char, unsigned char, unsigned char)
                0x00000000c0062c26                PCI::getSecondaryBus(unsigned char, unsigned char, unsigned char)
                0x00000000c0062c7e                PCI::getBARAddress(unsigned char, unsigned char, unsigned char, unsigned char)
                0x00000000c0062d30                PCI::pciWriteWord(unsigned char, unsigned char, unsigned char, unsigned char, unsigned short)
                0x00000000c0062e9c                PCI::pciDetailsToFilepath(PCIDeviceInfo, char*)
                0x00000000c0063942                PCI::checkBus(unsigned char)
                0x00000000c0063982                PCI::foundDevice(PCIDeviceInfo)
                0x00000000c0063f20                PCI::getDeviceData(unsigned char, unsigned char, unsigned char)
                0x00000000c006449e                PCI::checkDevice(unsigned char, unsigned char)
                0x00000000c0064598                PCI::detect()
 *fill*         0x00000000c0064659        0x1 
 .text          0x00000000c006465a     0x33da hw/diskctrl/ide.32
                0x00000000c006465a                IDE::close(int, int, void*)
                0x00000000c006465e                IDE::IDE()
                0x00000000c006465e                IDE::IDE()
                0x00000000c0064786                IDE::prepareInterrupt(unsigned char)
                0x00000000c00647e7                selectDrive(unsigned char, unsigned char)
                0x00000000c00647e8                IDE::getBase(unsigned char)
                0x00000000c006484a                IDE::write(unsigned char, unsigned char, unsigned char)
                0x00000000c0064b20                IDE::read(unsigned char, unsigned char)
                0x00000000c0064de8                IDE::waitInterrupt(unsigned char)
                0x00000000c0064f0d                ideChannel0IRQHandler(regs*, void*)
                0x00000000c0064f7c                ideChannel1IRQHandler(regs*, void*)
                0x00000000c0064fec                IDE::enableIRQs(unsigned char, bool)
                0x00000000c0065102                IDE::open(int, int, void*)
                0x00000000c0066798                IDE::readBuffer(unsigned char, unsigned char, unsigned int, unsigned int)
                0x00000000c0066a8a                IDE::detect()
                0x00000000c006787e                IDE::printError(unsigned char, unsigned char, unsigned char)
                0x00000000c00679ae                IDE::polling(unsigned char, unsigned int)
 .text          0x00000000c0067a34      0xf7b hw/diskctrl/satabus.32
                0x00000000c0067a34                SATABus::close(int, int, void*)
                0x00000000c0067a38                SATABus::detect()
                0x00000000c0067a3a                SATABus::SATABus()
                0x00000000c0067a3a                SATABus::SATABus()
                0x00000000c0067cb0                SATABus::findCmdslot(SATABus::tagHBA_PORT volatile*)
                0x00000000c0067da4                SATABus::checkType(SATABus::tagHBA_PORT volatile*)
                0x00000000c0067e3e                SATABus::startCmd(SATABus::tagHBA_PORT volatile*)
                0x00000000c0067eca                SATABus::stopCmd(SATABus::tagHBA_PORT volatile*)
                0x00000000c0067f78                SATABus::portRebase(SATABus::tagHBA_PORT volatile*, int)
                0x00000000c00685b0                SATABus::probePort(SATABus::tagHBA_MEM volatile*)
                0x00000000c0068904                SATABus::open(int, int, void*)
 *fill*         0x00000000c00689af        0x1 
 .text          0x00000000c00689b0     0x195e hw/diskphys/ata.32
                0x00000000c00689b0                ATA::powerSaving(PowerSavingLevel)
                0x00000000c00689b2                ATA::close(int, int, void*)
                0x00000000c0068a56                ATA::ATA()
                0x00000000c0068a56                ATA::ATA()
                0x00000000c0068b30                ATA::flush(bool)
                0x00000000c0068c5e                ATA::readyForCommand()
                0x00000000c0068d56                ATA::access(unsigned long long, int, void*, bool)
                0x00000000c0069900                ATA::detectCHS()
                0x00000000c00699fa                ATA::open(int, int, void*)
                0x00000000c0069f01                combineCharAndColour(char, unsigned char)
                0x00000000c0069f12                combineColours(unsigned char, unsigned char)
                0x00000000c0069f20                ATA::read(unsigned long long, int, void*)
                0x00000000c006a116                ATA::write(unsigned long long, int, void*)
 .text          0x00000000c006a30e     0x1731 hw/diskphys/atapi.32
                0x00000000c006a30e                ATAPI::write(unsigned long long, int, void*)
                0x00000000c006a314                ATAPI::close(int, int, void*)
                0x00000000c006a3b8                ATAPI::ATAPI()
                0x00000000c006a3b8                ATAPI::ATAPI()
                0x00000000c006a492                ATAPI::readyForCommand()
                0x00000000c006a590                ATAPI::sendPacket(unsigned char*, int, bool, unsigned short*, int)
                0x00000000c006b06c                ATAPI::diskRemoved()
                0x00000000c006b1a2                ATAPI::eject()
                0x00000000c006b21e                ATAPI::diskInserted()
                0x00000000c006b26a                ATAPI::detectMedia()
                0x00000000c006b460                ATAPI::open(int, int, void*)
                0x00000000c006b902                ATAPI::read(unsigned long long, int, void*)
 *fill*         0x00000000c006ba3f        0x1 
 .text          0x00000000c006ba40     0x131b hw/diskphys/sata.32
                0x00000000c006ba40                SATA::powerSaving(PowerSavingLevel)
                0x00000000c006ba42                SATA::close(int, int, void*)
                0x00000000c006bae6                SATA::open(int, int, void*)
                0x00000000c006bd40                SATA::SATA()
                0x00000000c006bd40                SATA::SATA()
                0x00000000c006be1a                SATA::access(unsigned long long, int, void*, bool)
                0x00000000c006c82a                SATA::read(unsigned long long, int, void*)
                0x00000000c006caa6                SATA::write(unsigned long long, int, void*)
 *fill*         0x00000000c006cd5b        0x1 
 .text          0x00000000c006cd5c     0x16c5 hw/diskphys/satapi.32
                0x00000000c006cd5c                SATAPI::write(unsigned long long, int, void*)
                0x00000000c006cd62                SATAPI::close(int, int, void*)
                0x00000000c006ce06                SATAPI::SATAPI()
                0x00000000c006ce06                SATAPI::SATAPI()
                0x00000000c006cee0                SATAPI::diskRemoved()
                0x00000000c006cee2                SATAPI::diskInserted()
                0x00000000c006cf3a                SATAPI::sendPacket(unsigned char*, int, unsigned long long, unsigned short*, int)
                0x00000000c006dad6                SATAPI::eject()
                0x00000000c006db8e                SATAPI::detectMedia()
                0x00000000c006de2e                SATAPI::open(int, int, void*)
                0x00000000c006e196                SATAPI::read(unsigned long long, int, void*)
 *fill*         0x00000000c006e421        0x1 
 .text          0x00000000c006e422     0x128b hw/intctrl/apic.32
                0x00000000c006e422                IOAPIC::close(int, int, void*)
                0x00000000c006e428                apicGetBase()
                0x00000000c006e4d6                IOAPIC::IOAPIC()
                0x00000000c006e4d6                IOAPIC::IOAPIC()
                0x00000000c006e5aa                apicOpen()
                0x00000000c006eba2                IOAPIC::handlesGSIWithNumber(unsigned int)
                0x00000000c006ecb4                IOAPIC::read(int)
                0x00000000c006ed88                IOAPIC::open(int, int, void*)
                0x00000000c006f3b4                IOAPIC::write(int, int)
                0x00000000c006f490                IOAPIC::redirect(unsigned char, unsigned long long, unsigned char, bool, bool)
 *fill*         0x00000000c006f6ad        0x3 
 .text          0x00000000c006f6b0      0x45c hw/timer/apictimer.32
                0x00000000c006f6b0                APICTimer::close(int, int, void*)
                0x00000000c006f6b8                apicTimerHandler(regs*, void*)
                0x00000000c006f724                APICTimer::open(int, int, void*)
                0x00000000c006f9ac                APICTimer::write(int)
                0x00000000c006fa24                APICTimer::APICTimer()
                0x00000000c006fa24                APICTimer::APICTimer()
 .text          0x00000000c006fb0c      0x741 hw/timer/pit.32
                0x00000000c006fb0c                PIT::write(int)
                0x00000000c006fc08                pitHandler(regs*, void*)
                0x00000000c006fc58                PIT::open(int, int, void*)
                0x00000000c006fdd0                PIT::close(int, int, void*)
                0x00000000c006fe9c                PIT::PIT()
                0x00000000c006fe9c                PIT::PIT()
 *fill*         0x00000000c007024d        0x3 
 .text          0x00000000c0070250       0x83 arch/i386/avx.32
                0x00000000c0070250                avxDetect
                0x00000000c007027a                avxSave
                0x00000000c007028b                avxLoad
                0x00000000c007029c                avxInit
                0x00000000c00702be                avxClose
                0x00000000c00702bf                wouldSheSayYes
 *fill*         0x00000000c00702d3        0xd 
 .text          0x00000000c00702e0      0x2ec arch/i386/interrupt.32
                0x00000000c00702e0                isr0
                0x00000000c00702f0                isr1
                0x00000000c00702fa                isr2
                0x00000000c0070304                isr3
                0x00000000c007030e                isr4
                0x00000000c0070318                isr5
                0x00000000c0070322                isr6
                0x00000000c007032c                isr7
                0x00000000c0070336                isr8
                0x00000000c007033e                isr9
                0x00000000c0070348                isr10
                0x00000000c0070350                isr11
                0x00000000c0070358                isr12
                0x00000000c0070360                isr13
                0x00000000c007037a                isr14
                0x00000000c0070382                isr15
                0x00000000c007038c                isr16
                0x00000000c0070396                isr17
                0x00000000c00703a0                isr18
                0x00000000c00703aa                irq3
                0x00000000c00703b4                irq4
                0x00000000c00703be                irq5
                0x00000000c00703c8                irq6
                0x00000000c00703d2                irq7
                0x00000000c00703dc                irq8
                0x00000000c00703e6                irq9
                0x00000000c00703f0                irq10
                0x00000000c00703fa                irq11
                0x00000000c0070404                irq12
                0x00000000c007040e                irq13
                0x00000000c0070418                irq14
                0x00000000c0070422                irq15
                0x00000000c007042c                irq1
                0x00000000c0070433                irq2
                0x00000000c007043a                isr96
                0x00000000c0070441                irq0
                0x00000000c0070446                int_common_stub
                0x00000000c0070478                syscall_common_stub
                0x00000000c007057c                irq16
                0x00000000c0070586                irq17
                0x00000000c0070590                irq18
                0x00000000c007059a                irq19
                0x00000000c00705a4                irq20
                0x00000000c00705ae                irq21
                0x00000000c00705b8                irq22
                0x00000000c00705c2                irq23
 *fill*         0x00000000c00705cc        0x4 
 .text          0x00000000c00705d0       0x10 arch/i386/rdrand.32
                0x00000000c00705d0                i386GetRDRAND
 .text          0x00000000c00705e0       0x39 arch/i386/sse.32
                0x00000000c00705e0                absolutelyNoChanceInHell
                0x00000000c00705e0                sseDetect
                0x00000000c00705f8                sseSave
                0x00000000c0070600                sseLoad
                0x00000000c0070608                sseInit
                0x00000000c0070618                sseClose
 *fill*         0x00000000c0070619        0x7 
 .text          0x00000000c0070620       0x49 arch/i386/x87.32
                0x00000000c0070626                x87Detect
                0x00000000c0070641                x87Save
                0x00000000c0070648                x87Load
                0x00000000c007064f                x87Init
                0x00000000c0070668                x87Close
 *fill*         0x00000000c0070669        0x3 
 .text          0x00000000c007066c       0x25 /cygdrive/d/Users/Alex/Desktop/Toolchain/Output/bin/../lib/gcc/i386-banana/8.1.0/crtend.o
 .text          0x00000000c0070691        0x0 crtn.32
 *fill*         0x00000000c0070691        0x3 
 .text          0x00000000c0070694      0x14b /cygdrive/d/Users/Alex/Desktop/Toolchain/Output/bin/../lib/gcc/i386-banana/8.1.0/libkgcc.a(_divdi3.o)
                0x00000000c0070694                __divdi3
 *fill*         0x00000000c00707df        0x1 