Archive member included to satisfy reference by file (symbol)

/cygdrive/d/Users/Alex/Desktop/Toolchain/Output/bin/../lib/gcc/i386-banana/8.1.0/libgcc.a(_divdi3.o)
                              fs/fat/ff.32 (__divdi3)
/cygdrive/d/Users/Alex/Desktop/Toolchain/Output/bin/../lib/gcc/i386-banana/8.1.0/libgcc.a(_moddi3.o)
                              acpica/osl.32 (__moddi3)
/cygdrive/d/Users/Alex/Desktop/Toolchain/Output/bin/../lib/gcc/i386-banana/8.1.0/libgcc.a(_udivdi3.o)
                              acpica/utmath.32 (__udivdi3)
/cygdrive/d/Users/Alex/Desktop/Toolchain/Output/bin/../lib/gcc/i386-banana/8.1.0/libgcc.a(_umoddi3.o)
                              acpica/utmath.32 (__umoddi3)
D:/Users/Alex/Desktop/Banana/kernel/libk/libm32.a(s_fabs.c.o)
                              hal/libresample/samplerate.32 (fabs)
D:/Users/Alex/Desktop/Banana/kernel/libk/libm32.a(s_lrint.S.o)
                              hal/libresample/samplerate.32 (lrint)
D:/Users/Alex/Desktop/Banana/kernel/libk/libm32.a(s_lrintf.S.o)
                              hal/sound/sndhw.32 (lrintf)

Allocating common symbols
Common symbol       size              file

AcpiGbl_StateCache  0x4               acpica/utglobal.32
AcpiGbl_OwnerIdMask
                    0x200             acpica/utglobal.32
AcpiGbl_StepToNextCall
                    0x1               acpica/utglobal.32
AcpiGbl_RootTableList
                    0x10              acpica/utglobal.32
AcpiGbl_FadtGpeDevice
                    0x4               acpica/utglobal.32
AcpiGbl_GpeXruptListHead
                    0x4               acpica/utglobal.32
AcpiGbl_GlobalLockHandle
                    0x2               acpica/utglobal.32
AcpiGbl_RootNodeStruct
                    0x1c              acpica/utglobal.32
AcpiGbl_FACS        0x4               acpica/utglobal.32
AcpiGbl_AllGpesInitialized
                    0x1               acpica/utglobal.32
AcpiGbl_GlobalLockMutex
                    0x4               acpica/utglobal.32
AcpiGbl_IntegerByteWidth
                    0x1               acpica/utglobal.32
AcpiGbl_Pm1EnableRegisterSave
                    0x2               acpica/utglobal.32
AcpiGbl_NsLookupCount
                    0x4               acpica/utglobal.32
AcpiCurrentGpeCount
                    0x4               acpica/utglobal.32
AcpiGbl_IntegerBitWidth
                    0x1               acpica/utglobal.32
AcpiGbl_NamespaceCache
                    0x4               acpica/utglobal.32
AcpiGbl_TableHandler
                    0x4               acpica/utglobal.32
AcpiGbl_HardwareLock
                    0x4               acpica/utglobal.32
AcpiGbl_FixedEventHandlers
                    0x28              acpica/utglobal.32
AcpiSciCount        0x4               acpica/utglobal.32
AcpiGbl_DSDT        0x4               acpica/utglobal.32
AcpiGbl_GlobalNotify
                    0x10              acpica/utglobal.32
AcpiGbl_GlobalLockSemaphore
                    0x4               acpica/utglobal.32
AcpiGbl_SystemAwakeAndRunning
                    0x1               acpica/utglobal.32
AcpiGbl_InterfaceHandler
                    0x4               acpica/utglobal.32
AcpiGbl_EventsInitialized
                    0x1               acpica/utglobal.32
AcpiGbl_SupportedInterfaces
                    0x4               acpica/utglobal.32
AcpiGbl_GpeLock     0x4               acpica/utglobal.32
AcpiGbl_SleepTypeB  0x1               acpica/utglobal.32
AcpiGbl_InitHandler
                    0x4               acpica/utglobal.32
AcpiGbl_GlobalLockAcquired
                    0x1               acpica/utglobal.32
AcpiGbl_XPm1bEnable
                    0xc               acpica/utglobal.32
AcpiGbl_OriginalDsdtHeader
                    0x24              acpica/utglobal.32
AcpiGbl_ReferenceCountLock
                    0x4               acpica/utglobal.32
AcpiGpeCount        0x4               acpica/utglobal.32
AcpiGbl_TableHandlerContext
                    0x4               acpica/utglobal.32
AcpiGbl_XPm1aStatus
                    0xc               acpica/utglobal.32
AcpiGbl_OriginalMode
                    0x4               acpica/utglobal.32
AcpiGbl_CmSingleStep
                    0x1               acpica/utglobal.32
AcpiGbl_GlobalEventHandlerContext
                    0x4               acpica/utglobal.32
AcpiGbl_PsFindCount
                    0x4               acpica/utglobal.32
AcpiFixedEventCount
                    0x14              acpica/utglobal.32
AcpiGbl_AcpiHardwarePresent
                    0x1               acpica/utglobal.32
AcpiGbl_MutexInfo   0x60              acpica/utglobal.32
AcpiGbl_RootNode    0x4               acpica/utglobal.32
AcpiGbl_AddressRangeList
                    0x8               acpica/utglobal.32
AcpiGbl_FADT        0x114             acpica/utglobal.32
AcpiGbl_IntegerNybbleWidth
                    0x1               acpica/utglobal.32
AcpiGbl_XPm1aEnable
                    0xc               acpica/utglobal.32
AcpiGbl_OperandCache
[...]
Memory Configuration

Name             Origin             Length             Attributes
*default*        0x0000000000000000 0xffffffffffffffff

Linker script and memory map

LOAD D:/Users/Alex/Desktop/Banana/kernel/boot.32
LOAD crti.32
LOAD /cygdrive/d/Users/Alex/Desktop/Toolchain/Output/bin/../lib/gcc/i386-banana/8.1.0/crtbegin.o
LOAD D:/Users/Alex/Desktop/Banana/kernel/morenasm.32
LOAD acpica/dsargs.32
LOAD acpica/dscontrol.32
LOAD acpica/dsdebug.32
LOAD acpica/dsfield.32
LOAD acpica/dsinit.32
LOAD acpica/dsmethod.32
LOAD acpica/dsmthdat.32
LOAD acpica/dsobject.32
LOAD acpica/dsopcode.32
LOAD acpica/dspkginit.32
LOAD acpica/dsutils.32
LOAD acpica/dswexec.32
LOAD acpica/dswload.32
LOAD acpica/dswload2.32
LOAD acpica/dswscope.32
LOAD acpica/dswstate.32
LOAD acpica/evevent.32
LOAD acpica/evglock.32
LOAD acpica/evgpe.32
LOAD acpica/evgpeblk.32
LOAD acpica/evgpeinit.32
LOAD acpica/evgpeutil.32
LOAD acpica/evhandler.32
LOAD acpica/evmisc.32
LOAD acpica/evregion.32
LOAD acpica/evrgnini.32
LOAD acpica/evsci.32
LOAD acpica/evxface.32
LOAD acpica/evxfevnt.32
LOAD acpica/evxfgpe.32
LOAD acpica/evxfregn.32
LOAD acpica/exconcat.32
LOAD acpica/exconfig.32
LOAD acpica/exconvrt.32
LOAD acpica/excreate.32
LOAD acpica/exdebug.32
LOAD acpica/exdump.32
LOAD acpica/exfield.32
LOAD acpica/exfldio.32
LOAD acpica/exmisc.32
LOAD acpica/exmutex.32
LOAD acpica/exnames.32
LOAD acpica/exoparg1.32
LOAD acpica/exoparg2.32
LOAD acpica/exoparg3.32
LOAD acpica/exoparg6.32
LOAD acpica/exprep.32
LOAD acpica/exregion.32
LOAD acpica/exresnte.32
LOAD acpica/exresolv.32
LOAD acpica/exresop.32
LOAD acpica/exserial.32
LOAD acpica/exstore.32
LOAD acpica/exstoren.32
LOAD acpica/exstorob.32
LOAD acpica/exsystem.32
LOAD acpica/extrace.32
LOAD acpica/exutils.32
LOAD acpica/hwacpi.32
LOAD acpica/hwesleep.32
LOAD acpica/hwgpe.32
LOAD acpica/hwpci.32
LOAD acpica/hwregs.32
LOAD acpica/hwsleep.32
LOAD acpica/hwtimer.32
LOAD acpica/hwvalid.32
LOAD acpica/hwxface.32
LOAD acpica/hwxfsleep.32
LOAD acpica/nsaccess.32
LOAD acpica/nsalloc.32
LOAD acpica/nsarguments.32
LOAD acpica/nsconvert.32
LOAD acpica/nsdump.32
LOAD acpica/nsdumpdv.32
LOAD acpica/nseval.32
LOAD acpica/nsinit.32
LOAD acpica/nsload.32
LOAD acpica/nsnames.32
LOAD acpica/nsobject.32
LOAD acpica/nsparse.32
LOAD acpica/nspredef.32
LOAD acpica/nsprepkg.32
LOAD acpica/nsrepair.32
LOAD acpica/nsrepair2.32
LOAD acpica/nssearch.32
LOAD acpica/nsutils.32
LOAD acpica/nswalk.32
LOAD acpica/nsxfeval.32
LOAD acpica/nsxfname.32
LOAD acpica/nsxfobj.32
LOAD acpica/psargs.32
LOAD acpica/psloop.32
LOAD acpica/psobject.32
LOAD acpica/psopcode.32
LOAD acpica/psopinfo.32
LOAD acpica/psparse.32
LOAD acpica/psscope.32
LOAD acpica/pstree.32
LOAD acpica/psutils.32
LOAD acpica/pswalk.32
LOAD acpica/psxface.32
LOAD acpica/rsaddr.32
LOAD acpica/rscalc.32
LOAD acpica/rscreate.32
LOAD acpica/rsdump.32
LOAD acpica/rsdumpinfo.32
LOAD acpica/rsinfo.32
LOAD acpica/rsio.32
LOAD acpica/rsirq.32
LOAD acpica/rslist.32
LOAD acpica/rsmemory.32
LOAD acpica/rsmisc.32
LOAD acpica/rsserial.32
LOAD acpica/rsutils.32
LOAD acpica/rsxface.32
LOAD acpica/tbdata.32
LOAD acpica/tbfadt.32
LOAD acpica/tbfind.32
LOAD acpica/tbinstal.32
LOAD acpica/tbprint.32
LOAD acpica/tbutils.32
LOAD acpica/tbxface.32
LOAD acpica/tbxfload.32
LOAD acpica/tbxfroot.32
LOAD acpica/utaddress.32
LOAD acpica/utalloc.32
LOAD acpica/utascii.32
LOAD acpica/utbuffer.32
LOAD acpica/utcache.32
LOAD acpica/utclib.32
LOAD acpica/utcopy.32
LOAD acpica/utdebug.32
LOAD acpica/utdecode.32
LOAD acpica/utdelete.32
LOAD acpica/uterror.32
LOAD acpica/uteval.32
LOAD acpica/utexcep.32
LOAD acpica/utglobal.32
LOAD acpica/uthex.32
LOAD acpica/utids.32
LOAD acpica/utinit.32
LOAD acpica/utlock.32
LOAD acpica/utmath.32
LOAD acpica/utmisc.32
LOAD acpica/utmutex.32
LOAD acpica/utnonansi.32
LOAD acpica/utobject.32
LOAD acpica/utosi.32
LOAD acpica/utownerid.32
LOAD acpica/utpredef.32
LOAD acpica/utprint.32
LOAD acpica/utresdecode.32
LOAD acpica/utresrc.32
LOAD acpica/utstate.32
LOAD acpica/utstring.32
LOAD acpica/utstrsuppt.32
LOAD acpica/utstrtoul64.32
LOAD acpica/uttrack.32
LOAD acpica/utuuid.32
LOAD acpica/utxface.32
LOAD acpica/utxferror.32
LOAD acpica/utxfinit.32
LOAD acpica/utxfmutex.32
LOAD core/malloc.32
LOAD libk/string.32
LOAD fs/fat/diskio.32
LOAD fs/fat/ff.32
LOAD fs/fat/ffsystem.32
LOAD fs/fat/ffunicode.32
LOAD hal/libresample/samplerate.32
LOAD hal/libresample/src_linear.32
LOAD hal/libresample/src_sinc.32
LOAD hal/libresample/src_zoh.32
LOAD acpica/osl.32
LOAD core/computer.32
LOAD core/elf.32
LOAD core/gdt.32
LOAD core/idle.32
LOAD core/idt.32
LOAD core/kconsole.32
LOAD core/kheap.32
LOAD core/main.32
LOAD core/physmgr.32
LOAD core/pipe.32
LOAD core/prcssthr.32
LOAD core/syscalls.32
LOAD core/terminal.32
LOAD core/tss.32
LOAD core/unixfile.32
LOAD core/virtmgr.32
LOAD coreobjs/c++.32
LOAD debugger/debug.32
LOAD fs/vfs.32
LOAD hal/bus.32
LOAD hal/buzzer.32
LOAD hal/clock.32
LOAD hal/device.32
LOAD hal/diskctrl.32
LOAD hal/diskphys.32
LOAD hal/fpu.32
LOAD hal/intctrl.32
LOAD hal/keybrd.32
LOAD hal/logidisk.32
LOAD hal/partition.32
LOAD hal/timer.32
LOAD hal/vcache.32
LOAD hw/acpi.32
LOAD hw/cpu.32
LOAD hw/ports.32
LOAD registry/registry.32
LOAD syscalls/sc_exit.32
LOAD syscalls/sc_sbrk.32
LOAD syscalls/sc_yield.32
LOAD vm86/vm8086.32
LOAD fs/fat/vfslink.32
LOAD fs/iso9660/vfslink.32
LOAD hal/sound/sndchannel.32
LOAD hal/sound/sndhw.32
LOAD hw/audio/sb16.32
LOAD hw/bus/isa.32
LOAD hw/bus/pci.32
LOAD hw/bus/ps2.32
LOAD hw/bus/ps2port.32
LOAD hw/buzzer/pcspk.32
LOAD hw/clock/rtc.32
LOAD hw/diskctrl/ide.32
LOAD hw/diskphys/ata.32
LOAD hw/diskphys/atapi.32
LOAD hw/dma/isadma.32
LOAD hw/fpu/avx.32
LOAD hw/fpu/mmx.32
LOAD hw/fpu/sse.32
LOAD hw/fpu/x87.32
LOAD hw/intctrl/apic.32
LOAD hw/intctrl/pic.32
LOAD hw/keybrd/ps2key.32
LOAD hw/timer/apictimer.32
LOAD hw/timer/pit.32
LOAD hw/fpu/x86/avx.32
LOAD hw/fpu/x86/sse.32
LOAD hw/fpu/x86/x87.32
LOAD /cygdrive/d/Users/Alex/Desktop/Toolchain/Output/bin/../lib/gcc/i386-banana/8.1.0/crtend.o
LOAD crtn.32
LOAD /cygdrive/d/Users/Alex/Desktop/Toolchain/Output/bin/../lib/gcc/i386-banana/8.1.0/libgcc.a
LOAD D:/Users/Alex/Desktop/Banana/kernel/libk/libm32.a
                0x00000000c0000000                . = 0xc0000000

.text           0x00000000c0000000    0x571c8
 *(.text)
 .text          0x00000000c0000000       0x39 D:/Users/Alex/Desktop/Banana/kernel/boot.32
                0x00000000c000001e                callGlobalConstructors
 .text          0x00000000c0000039        0x0 crti.32
 *fill*         0x00000000c0000039        0x3 
 .text          0x00000000c000003c      0x101 /cygdrive/d/Users/Alex/Desktop/Toolchain/Output/bin/../lib/gcc/i386-banana/8.1.0/crtbegin.o
 *fill*         0x00000000c000013d        0x3 
 .text          0x00000000c0000140      0x533 D:/Users/Alex/Desktop/Banana/kernel/morenasm.32
                0x00000000c0000140                doTPAUSE
                0x00000000c000014a                hasLegacyFPU
                0x00000000c000016f                is486
                0x00000000c00001d2                goToVM86
                0x00000000c0000203                goToUsermode
                0x00000000c000022e                switchToThreadASMFirstTime
                0x00000000c000023c                switchToThreadASM
                0x00000000c00002d4                detectCPUID
                0x00000000c00002ea                asmQuickAcquireLock
                0x00000000c0000308                asmQuickReleaseLock
                0x00000000c0000314                asmAcquireLock
                0x00000000c0000335                asmReleaseLock
                0x00000000c0000348                loadGDT
                0x00000000c0000368                isr0
                0x00000000c0000378                isr1
                0x00000000c0000388                isr2
                0x00000000c0000398                isr3
                0x00000000c00003a8                isr4
                0x00000000c00003b8                isr5
                0x00000000c00003c8                isr6
                0x00000000c00003d8                isr7
                0x00000000c00003e8                isr8
                0x00000000c00003f3                isr9
                0x00000000c0000403                isr10
                0x00000000c000040e                isr11
                0x00000000c0000419                isr12
                0x00000000c0000424                isr13
                0x00000000c000042f                isr14
                0x00000000c000043a                isr15
                0x00000000c000044a                isr16
                0x00000000c000045a                isr17
                0x00000000c000046a                isr18
                0x00000000c000047a                isr96
                0x00000000c000048a                irq0
                0x00000000c000049a                irq1
                0x00000000c00004aa                irq2
                0x00000000c00004ba                irq3
                0x00000000c00004ca                irq4
                0x00000000c00004da                irq5
                0x00000000c00004ea                irq6
                0x00000000c00004fa                irq7
                0x00000000c000050a                irq8
                0x00000000c000051a                irq9
                0x00000000c000052a                irq10
                0x00000000c000053a                irq11
                0x00000000c000054a                irq12
                0x00000000c000055a                irq13
                0x00000000c000056a                irq14
                0x00000000c000057a                irq15
                0x00000000c000058a                irq16
                0x00000000c000059a                irq17
                0x00000000c00005aa                irq18
                0x00000000c00005ba                irq19
                0x00000000c00005ca                irq20
                0x00000000c00005da                irq21
                0x00000000c00005ea                irq22
                0x00000000c00005fa                irq23
                0x00000000c000060a                int_common_stub
                0x00000000c000063a                syscall_common_stub
 .text          0x00000000c0000673      0x3da acpica/dsargs.32
                0x00000000c0000802                AcpiDsGetBufferFieldArguments
                0x00000000c0000861                AcpiDsGetBankFieldArguments
                0x00000000c00008c0                AcpiDsGetBufferArguments
                0x00000000c0000931                AcpiDsGetPackageArguments
                0x00000000c00009a2                AcpiDsGetRegionArguments
 .text          0x00000000c0000a4d      0x47a acpica/dscontrol.32
                0x00000000c0000a4f                AcpiDsExecBeginControlOp
                0x00000000c0000b7f                AcpiDsExecEndControlOp
 .text          0x00000000c0000ec7        0x2 acpica/dsdebug.32
                0x00000000c0000ec7                AcpiDsDumpMethodStack
 .text          0x00000000c0000ec9      0x9f6 acpica/dsfield.32
                0x00000000c0000ec9                AcpiDsCreateBufferField
                0x00000000c00013bf                AcpiDsCreateField
                0x00000000c00014c9                AcpiDsInitFieldObjects
                0x00000000c000166a                AcpiDsCreateBankField
                0x00000000c000179e                AcpiDsCreateIndexField
 .text          0x00000000c00018bf      0x22d acpica/dsinit.32
                0x00000000c0001a3a                AcpiDsInitializeObjects
 .text          0x00000000c0001aec      0x9d7 acpica/dsmethod.32
                0x00000000c0001b3b                AcpiDsAutoSerializeMethod
                0x00000000c0001c44                AcpiDsMethodError
                0x00000000c0001da0                AcpiDsBeginMethodExecution
                0x00000000c0002043                AcpiDsRestartControlMethod
                0x00000000c00020e2                AcpiDsTerminateControlMethod
                0x00000000c00022c6                AcpiDsCallControlMethod
 .text          0x00000000c00024c3      0x743 acpica/dsmthdat.32
                0x00000000c00024c3                AcpiDsMethodDataInit
                0x00000000c00026ac                AcpiDsMethodDataDeleteAll
                0x00000000c0002779                AcpiDsMethodDataGetNode
                0x00000000c00028b4                AcpiDsMethodDataInitArgs
                0x00000000c000292b                AcpiDsMethodDataGetValue
                0x00000000c0002aba                AcpiDsStoreObjectToLocal
 .text          0x00000000c0002c06      0x736 acpica/dsobject.32
                0x00000000c0002c06                AcpiDsBuildInternalBufferObj
                0x00000000c0002d6f                AcpiDsInitObjectFromOp
                0x00000000c0003104                AcpiDsBuildInternalObject
                0x00000000c00032a6                AcpiDsCreateNode
 .text          0x00000000c000333c      0xa93 acpica/dsopcode.32
                0x00000000c000333c                AcpiDsInitializeRegion
                0x00000000c000364f                AcpiDsEvalBufferFieldOperands
                0x00000000c00037c0                AcpiDsEvalRegionOperands
                0x00000000c0003965                AcpiDsEvalTableRegionOperands
                0x00000000c0003b1f                AcpiDsEvalDataObjectOperands
                0x00000000c0003cd3                AcpiDsEvalBankFieldOperands
 .text          0x00000000c0003dcf      0x597 acpica/dspkginit.32
                0x00000000c0003fa1                AcpiDsInitPackageElement
                0x00000000c000400d                AcpiDsBuildInternalPackageObj
 .text          0x00000000c0004366      0x956 acpica/dsutils.32
                0x00000000c0004368                AcpiDsClearImplicitReturn
                0x00000000c00043ab                AcpiDsDoImplicitReturn
                0x00000000c000441b                AcpiDsIsResultUsed
                0x00000000c00045ad                AcpiDsDeleteResultIfNotUsed
                0x00000000c0004625                AcpiDsResolveOperands
                0x00000000c0004681                AcpiDsClearOperands
                0x00000000c00046d5                AcpiDsCreateOperand
                0x00000000c0004a40                AcpiDsCreateOperands
                0x00000000c0004b30                AcpiDsEvaluateNamePath
 .text          0x00000000c0004cbc      0xa84 acpica/dswexec.32
                0x00000000c0004cc4                AcpiDsGetPredicateValue
                0x00000000c0004ee0                AcpiDsExecBeginOp
                0x00000000c00050dd                AcpiDsExecEndOp
 .text          0x00000000c0005740      0x6f7 acpica/dswload.32
                0x00000000c0005740                AcpiDsLoad1BeginOp
                0x00000000c0005aa9                AcpiDsLoad1EndOp
                0x00000000c0005d67                AcpiDsInitCallbacks
 .text          0x00000000c0005e37      0x901 acpica/dswload2.32
                0x00000000c0005e37                AcpiDsLoad2BeginOp
                0x00000000c00062a6                AcpiDsLoad2EndOp
 .text          0x00000000c0006738      0x161 acpica/dswscope.32
                0x00000000c0006738                AcpiDsScopeStackClear
                0x00000000c0006778                AcpiDsScopeStackPush
                0x00000000c000683f                AcpiDsScopeStackPop
 .text          0x00000000c0006899      0x8f5 acpica/dswstate.32
                0x00000000c0006929                AcpiDsResultPush
                0x00000000c0006afc                AcpiDsResultPop
                0x00000000c0006c2e                AcpiDsObjStackPush
                0x00000000c0006cad                AcpiDsObjStackPop
                0x00000000c0006d2f                AcpiDsObjStackPopAndDelete
                0x00000000c0006dae                AcpiDsGetCurrentWalkState
                0x00000000c0006dc6                AcpiDsPushWalkState
                0x00000000c0006de0                AcpiDsPopWalkState
                0x00000000c0006e05                AcpiDsCreateWalkState
                0x00000000c0006e9a                AcpiDsInitAmlWalk
                0x00000000c0007066                AcpiDsDeleteWalkState
 .text          0x00000000c000718e      0x307 acpica/evevent.32
                0x00000000c000718e                AcpiEvInstallXruptHandlers
                0x00000000c000728c                AcpiEvInitializeEvents
                0x00000000c00073ad                AcpiEvFixedEventDetect
 .text          0x00000000c0007495      0x2d8 acpica/evglock.32
                0x00000000c0007516                AcpiEvInitGlobalLockHandler
                0x00000000c00075a2                AcpiEvRemoveGlobalLockHandler
                0x00000000c00075da                AcpiEvAcquireGlobalLock
                0x00000000c00076e8                AcpiEvReleaseGlobalLock
 .text          0x00000000c000776d      0x960 acpica/evgpe.32
                0x00000000c000776d                AcpiEvUpdateGpeEnableMask
                0x00000000c00077db                AcpiEvEnableGpe
                0x00000000c00077f9                AcpiEvMaskGpe
                0x00000000c00078cb                AcpiEvAddGpeReference
                0x00000000c000795e                AcpiEvRemoveGpeReference
                0x00000000c00079d9                AcpiEvLowGetGpeInfo
                0x00000000c0007a3a                AcpiEvGetGpeEventInfo
                0x00000000c0007ac2                AcpiEvFinishGpe
                0x00000000c0007c81                AcpiEvGpeDispatch
                0x00000000c0007df3                AcpiEvDetectGpe
                0x00000000c0007f80                AcpiEvGpeDetect
 .text          0x00000000c00080cd      0x726 acpica/evgpeblk.32
                0x00000000c0008197                AcpiEvDeleteGpeBlock
                0x00000000c0008513                AcpiEvCreateGpeBlock
                0x00000000c0008688                AcpiEvInitializeGpeBlock
 .text          0x00000000c00087f3      0x48d acpica/evgpeinit.32
                0x00000000c00087f3                AcpiEvMatchGpeMethod
                0x00000000c000898a                AcpiEvGpeInitialize
                0x00000000c0008b8c                AcpiEvUpdateGpes
 .text          0x00000000c0008c80      0x407 acpica/evgpeutil.32
                0x00000000c0008c80                AcpiEvWalkGpeList
                0x00000000c0008d1f                AcpiEvGetGpeDevice
                0x00000000c0008d80                AcpiEvGetGpeXruptBlock
                0x00000000c0008eaf                AcpiEvDeleteGpeXrupt
                0x00000000c0008f79                AcpiEvDeleteGpeHandlers
 .text          0x00000000c0009087      0x4a5 acpica/evhandler.32
                0x00000000c0009087                AcpiEvHasDefaultHandler
                0x00000000c00090e7                AcpiEvFindRegionHandler
                0x00000000c000921d                AcpiEvInstallSpaceHandler
                0x00000000c00094a2                AcpiEvInstallRegionHandlers
 .text          0x00000000c000952c      0x32c acpica/evmisc.32
                0x00000000c00095d3                AcpiEvIsNotifyObject
                0x00000000c00095f9                AcpiEvQueueNotifyRequest
                0x00000000c0009709                AcpiEvTerminate
 .text          0x00000000c0009858      0x9c7 acpica/evregion.32
                0x00000000c0009858                AcpiEvAddressSpaceDispatch
                0x00000000c0009b59                AcpiEvAttachRegion
                0x00000000c0009ba9                AcpiEvExecuteRegMethod
                0x00000000c0009d90                AcpiEvDetachRegion
                0x00000000c000a12a                AcpiEvExecuteRegMethods
                0x00000000c000a196                AcpiEvInitializeOpRegions
 .text          0x00000000c000a21f      0x535 acpica/evrgnini.32
                0x00000000c000a21f                AcpiEvSystemMemoryRegionSetup
                0x00000000c000a2cc                AcpiEvIoSpaceRegionSetup
                0x00000000c000a2ef                AcpiEvIsPciRootBridge
                0x00000000c000a3ba                AcpiEvPciConfigRegionSetup
                0x00000000c000a61b                AcpiEvPciBarRegionSetup
                0x00000000c000a621                AcpiEvCmosRegionSetup
                0x00000000c000a627                AcpiEvDefaultRegionSetup
                0x00000000c000a64a                AcpiEvInitializeRegion
 .text          0x00000000c000a754      0x1a4 acpica/evsci.32
                0x00000000c000a754                AcpiEvSciDispatch
                0x00000000c000a810                AcpiEvGpeXruptHandler
                0x00000000c000a839                AcpiEvInstallSciHandler
                0x00000000c000a86f                AcpiEvRemoveAllSciHandlers
 .text          0x00000000c000a8f8      0xcf1 acpica/evxface.32
                0x00000000c000a8f8                AcpiInstallNotifyHandler
                0x00000000c000ab53                AcpiRemoveNotifyHandler
                0x00000000c000ad77                AcpiInstallExceptionHandler
                0x00000000c000adc4                AcpiInstallSciHandler
                0x00000000c000aeb2                AcpiRemoveSciHandler
                0x00000000c000af97                AcpiInstallGlobalEventHandler
                0x00000000c000aff9                AcpiInstallFixedEventHandler
                0x00000000c000b0d4                AcpiRemoveFixedEventHandler
                0x00000000c000b36c                AcpiInstallGpeHandler
                0x00000000c000b396                AcpiInstallGpeRawHandler
                0x00000000c000b3c0                AcpiRemoveGpeHandler
                0x00000000c000b550                AcpiAcquireGlobalLock
                0x00000000c000b5af                AcpiReleaseGlobalLock
 .text          0x00000000c000b5e9      0x38d acpica/evxfevnt.32
                0x00000000c000b5e9                AcpiEnable
                0x00000000c000b65b                AcpiDisable
                0x00000000c000b6bc                AcpiEnableEvent
                0x00000000c000b78a                AcpiDisableEvent
                0x00000000c000b857                AcpiClearEvent
                0x00000000c000b8ac                AcpiGetEventStatus
 .text          0x00000000c000b976      0xa22 acpica/evxfgpe.32
                0x00000000c000b976                AcpiUpdateAllGpes
                0x00000000c000ba01                AcpiEnableGpe
                0x00000000c000ba81                AcpiDisableGpe
                0x00000000c000bae6                AcpiSetGpe
                0x00000000c000bb91                AcpiMaskGpe
                0x00000000c000bc03                AcpiMarkGpeForWake
                0x00000000c000bc6f                AcpiSetupGpeForWake
                0x00000000c000bdf5                AcpiSetGpeWakeMask
                0x00000000c000beff                AcpiClearGpe
                0x00000000c000bf6d                AcpiGetGpeStatus
                0x00000000c000bfde                AcpiDispatchGpe
                0x00000000c000bff9                AcpiFinishGpe
                0x00000000c000c060                AcpiDisableAllGpes
                0x00000000c000c09b                AcpiEnableAllRuntimeGpes
                0x00000000c000c0d6                AcpiEnableAllWakeupGpes
                0x00000000c000c111                AcpiInstallGpeBlock
                0x00000000c000c261                AcpiRemoveGpeBlock
                0x00000000c000c32a                AcpiGetGpeDevice
 .text          0x00000000c000c398      0x1f7 acpica/evxfregn.32
                0x00000000c000c398                AcpiInstallAddressSpaceHandler
                0x00000000c000c43e                AcpiRemoveAddressSpaceHandler
 .text          0x00000000c000c58f      0x4fd acpica/exconcat.32
                0x00000000c000c62c                AcpiExDoConcatenate
                0x00000000c000c98a                AcpiExConcatTemplate
 .text          0x00000000c000ca8c      0x62b acpica/exconfig.32
                0x00000000c000cb4f                AcpiExUnloadTable
                0x00000000c000cc06                AcpiExLoadTableOp
                0x00000000c000ce27                AcpiExLoadOp
 .text          0x00000000c000d0b7      0x74e acpica/exconvrt.32
                0x00000000c000d0b7                AcpiExConvertToInteger
                0x00000000c000d216                AcpiExConvertToBuffer
                0x00000000c000d474                AcpiExConvertToString
                0x00000000c000d6be                AcpiExConvertToTargetType
 .text          0x00000000c000d805      0x52a acpica/excreate.32
                0x00000000c000d805                AcpiExCreateAlias
                0x00000000c000d887                AcpiExCreateEvent
                0x00000000c000d90a                AcpiExCreateMutex
                0x00000000c000d9b7                AcpiExCreateRegion
                0x00000000c000db17                AcpiExCreateProcessor
                0x00000000c000dbc0                AcpiExCreatePowerResource
                0x00000000c000dc54                AcpiExCreateMethod
 .text          0x00000000c000dd2f      0x557 acpica/exdebug.32
                0x00000000c000dd2f                AcpiExDoDebugObject
 .text          0x00000000c000e286        0x0 acpica/exdump.32
 .text          0x00000000c000e286      0x4d5 acpica/exfield.32
                0x00000000c000e286                AcpiExGetProtocolBufferLength
                0x00000000c000e2da                AcpiExReadDataFromField
                0x00000000c000e501                AcpiExWriteDataToField
 .text          0x00000000c000e75b      0xed6 acpica/exfldio.32
                0x00000000c000e99e                AcpiExAccessRegion
                0x00000000c000eb30                AcpiExInsertIntoField
                0x00000000c000f107                AcpiExWriteWithUpdateRule
                0x00000000c000f2f9                AcpiExExtractFromField
 .text          0x00000000c000f631      0x664 acpica/exmisc.32
                0x00000000c000f631                AcpiExGetObjectReference
                0x00000000c000f72c                AcpiExDoMathOp
                0x00000000c000f8fd                AcpiExDoLogicalNumericOp
                0x00000000c000fa01                AcpiExDoLogicalOp
 .text          0x00000000c000fc95      0x5d0 acpica/exmutex.32
                0x00000000c000fc95                AcpiExUnlinkMutex
                0x00000000c000fd3b                AcpiExAcquireMutexObject
                0x00000000c000fe10                AcpiExAcquireMutex
                0x00000000c000ff57                AcpiExReleaseMutexObject
                0x00000000c000fff6                AcpiExReleaseMutex
                0x00000000c00101d3                AcpiExReleaseAllMutexes
 .text          0x00000000c0010265      0x457 acpica/exnames.32
                0x00000000c001043d                AcpiExGetNameString
 .text          0x00000000c00106bc     0x1142 acpica/exoparg1.32
                0x00000000c00106bc                AcpiExOpcode_0A_0T_1R
                0x00000000c0010772                AcpiExOpcode_1A_0T_0R
                0x00000000c0010874                AcpiExOpcode_1A_1T_0R
                0x00000000c00108ee                AcpiExOpcode_1A_1T_1R
                0x00000000c00110be                AcpiExOpcode_1A_0T_1R
 .text          0x00000000c00117fe      0x8df acpica/exoparg2.32
                0x00000000c00117fe                AcpiExOpcode_2A_0T_0R
                0x00000000c00118cf                AcpiExOpcode_2A_2T_1R
                0x00000000c0011a4f                AcpiExOpcode_2A_1T_1R
                0x00000000c0011efc                AcpiExOpcode_2A_0T_1R
 .text          0x00000000c00120dd      0x33c acpica/exoparg3.32
                0x00000000c00120dd                AcpiExOpcode_3A_0T_0R
                0x00000000c00121dc                AcpiExOpcode_3A_1T_1R
 .text          0x00000000c0012419      0x36c acpica/exoparg6.32
                0x00000000c0012526                AcpiExOpcode_6A_0T_1R
 .text          0x00000000c0012785      0x53f acpica/exprep.32
                0x00000000c001283f                AcpiExPrepCommonFieldObject
                0x00000000c00128d7                AcpiExPrepFieldValue
 .text          0x00000000c0012cc4      0x4b7 acpica/exregion.32
                0x00000000c0012cc4                AcpiExSystemMemorySpaceHandler
                0x00000000c0012fc9                AcpiExSystemIoSpaceHandler
                0x00000000c0013046                AcpiExPciConfigSpaceHandler
                0x00000000c00130d7                AcpiExCmosSpaceHandler
                0x00000000c00130f5                AcpiExPciBarSpaceHandler
                0x00000000c0013113                AcpiExDataTableSpaceHandler
 .text          0x00000000c001317b      0x360 acpica/exresnte.32
                0x00000000c001317b                AcpiExResolveNodeToValue
 .text          0x00000000c00134db      0x61b acpica/exresolv.32
                0x00000000c001371c                AcpiExResolveToValue
                0x00000000c00137dc                AcpiExResolveMultiple
 .text          0x00000000c0013af6      0x7cc acpica/exresop.32
                0x00000000c0013b83                AcpiExResolveOperands
 .text          0x00000000c00142c2      0x3a2 acpica/exserial.32
                0x00000000c00142c2                AcpiExReadGpio
                0x00000000c001430c                AcpiExWriteGpio
                0x00000000c0014370                AcpiExReadSerialBus
                0x00000000c00144c8                AcpiExWriteSerialBus
 .text          0x00000000c0014664      0x588 acpica/exstore.32
                0x00000000c001487b                AcpiExStoreObjectToNode
                0x00000000c0014a6a                AcpiExStore
 .text          0x00000000c0014bec      0x296 acpica/exstoren.32
                0x00000000c0014bec                AcpiExResolveObject
                0x00000000c0014d0a                AcpiExStoreObjectToObject
 .text          0x00000000c0014e82      0x202 acpica/exstorob.32
                0x00000000c0014e82                AcpiExStoreBufferToBuffer
                0x00000000c0014f79                AcpiExStoreStringToString
 .text          0x00000000c0015084      0x206 acpica/exsystem.32
                0x00000000c0015084                AcpiExSystemWaitSemaphore
                0x00000000c00150de                AcpiExSystemWaitMutex
                0x00000000c0015138                AcpiExSystemDoStall
                0x00000000c0015184                AcpiExSystemDoSleep
                0x00000000c00151d8                AcpiExSystemSignalEvent
                0x00000000c0015207                AcpiExSystemWaitEvent
                0x00000000c0015241                AcpiExSystemResetEvent
 .text          0x00000000c001528a      0x1ec acpica/extrace.32
                0x00000000c00152f5                AcpiExTracePoint
                0x00000000c0015304                AcpiExStartTraceMethod
                0x00000000c00153bb                AcpiExStopTraceMethod
                0x00000000c0015446                AcpiExStartTraceOpcode
                0x00000000c001545e                AcpiExStopTraceOpcode
 .text          0x00000000c0015476      0x525 acpica/exutils.32
                0x00000000c0015476                AcpiExEnterInterpreter
                0x00000000c00154e0                AcpiExExitInterpreter
                0x00000000c001554a                AcpiExTruncateFor32bitTable
                0x00000000c00155b0                AcpiExAcquireGlobalLock
                0x00000000c0015607                AcpiExReleaseGlobalLock
                0x00000000c00156df                AcpiExEisaIdToString
                0x00000000c0015800                AcpiExIntegerToString
                0x00000000c0015879                AcpiExPciClsToString
                0x00000000c001596e                AcpiIsValidSpaceId
 .text          0x00000000c001599b      0x1ae acpica/hwacpi.32
                0x00000000c001599b                AcpiHwGetMode
                0x00000000c00159f7                AcpiHwSetMode
 .text          0x00000000c0015b49      0x2a5 acpica/hwesleep.32
                0x00000000c0015b49                AcpiHwExecuteSleepMethod
                0x00000000c0015bc1                AcpiHwExtendedSleep
                0x00000000c0015d10                AcpiHwExtendedWakePrep
                0x00000000c0015d7b                AcpiHwExtendedWake
 .text          0x00000000c0015dee      0x55c acpica/hwgpe.32
                0x00000000c0015dee                AcpiHwGetGpeRegisterBit
                0x00000000c0015e18                AcpiHwLowSetGpe
                0x00000000c0015f4f                AcpiHwClearGpe
                0x00000000c0015f9d                AcpiHwGetGpeStatus
                0x00000000c0016140                AcpiHwDisableGpeBlock
                0x00000000c001619c                AcpiHwEnableRuntimeGpeBlock
                0x00000000c0016289                AcpiHwClearGpeBlock
                0x00000000c00162ea                AcpiHwDisableAllGpes
                0x00000000c001630a                AcpiHwEnableAllRuntimeGpes
                0x00000000c001632a                AcpiHwEnableAllWakeupGpes
 .text          0x00000000c001634a      0x338 acpica/hwpci.32
                0x00000000c0016628                AcpiHwDerivePciId
 .text          0x00000000c0016682      0xbfa acpica/hwregs.32
                0x00000000c001689f                AcpiHwValidateRegister
                0x00000000c00169e0                AcpiHwRead
                0x00000000c0016bd6                AcpiHwWrite
                0x00000000c0016d86                AcpiHwGetBitRegisterInfo
                0x00000000c0016dc0                AcpiHwWritePm1Control
                0x00000000c0016ed8                AcpiHwRegisterRead
                0x00000000c0017087                AcpiHwRegisterWrite
                0x00000000c001720f                AcpiHwClearAcpiStatus
 .text          0x00000000c001727c      0x417 acpica/hwsleep.32
                0x00000000c001727c                AcpiHwLegacySleep
                0x00000000c00174d7                AcpiHwLegacyWakePrep
                0x00000000c00175ce                AcpiHwLegacyWake
 .text          0x00000000c0017693      0x1a6 acpica/hwtimer.32
                0x00000000c0017693                AcpiGetTimerResolution
                0x00000000c00176c8                AcpiGetTimer
                0x00000000c0017737                AcpiGetTimerDuration
 .text          0x00000000c0017839      0x331 acpica/hwvalid.32
                0x00000000c00179a2                AcpiHwReadPort
                0x00000000c0017a94                AcpiHwWritePort
 .text          0x00000000c0017b6a      0x47c acpica/hwxface.32
                0x00000000c0017b6a                AcpiReset
                0x00000000c0017c02                AcpiRead
                0x00000000c0017c21                AcpiWrite
                0x00000000c0017c4f                AcpiReadBitRegister
                0x00000000c0017cc9                AcpiWriteBitRegister
                0x00000000c0017de9                AcpiGetSleepTypeData
 .text          0x00000000c0017fe6      0x3c1 acpica/hwxfsleep.32
                0x00000000c0018058                AcpiSetFirmwareWakingVector
                0x00000000c00180ad                AcpiEnterSleepStateS4bios
                0x00000000c00181f5                AcpiEnterSleepStatePrep
                0x00000000c00182e4                AcpiEnterSleepState
                0x00000000c0018353                AcpiLeaveSleepStatePrep
                0x00000000c001837d                AcpiLeaveSleepState
 .text          0x00000000c00183a7      0x7cd acpica/nsaccess.32
                0x00000000c00183a7                AcpiNsRootInitialize
                0x00000000c001871e                AcpiNsLookup
 .text          0x00000000c0018b74      0x44a acpica/nsalloc.32
                0x00000000c0018b74                AcpiNsCreateNode
                0x00000000c0018bb0                AcpiNsDeleteNode
                0x00000000c0018c4c                AcpiNsRemoveNode
                0x00000000c0018cb5                AcpiNsInstallNode
                0x00000000c0018d69                AcpiNsDeleteChildren
                0x00000000c0018ddd                AcpiNsDeleteNamespaceSubtree
                0x00000000c0018e93                AcpiNsDeleteNamespaceByOwner
 .text          0x00000000c0018fbe      0x3ca acpica/nsarguments.32
                0x00000000c0018fbe                AcpiNsCheckArgumentTypes
                0x00000000c00190c6                AcpiNsCheckAcpiCompliance
                0x00000000c0019219                AcpiNsCheckArgumentCount
 .text          0x00000000c0019388      0x5e2 acpica/nsconvert.32
                0x00000000c0019388                AcpiNsConvertToInteger
                0x00000000c001949f                AcpiNsConvertToString
                0x00000000c00195a2                AcpiNsConvertToBuffer
                0x00000000c00196fb                AcpiNsConvertToUnicode
                0x00000000c00197bf                AcpiNsConvertToResource
                0x00000000c0019873                AcpiNsConvertToReference
 .text          0x00000000c001996a        0x0 acpica/nsdump.32
 .text          0x00000000c001996a        0x0 acpica/nsdumpdv.32
 .text          0x00000000c001996a      0x38e acpica/nseval.32
                0x00000000c001996a                AcpiNsEvaluate
 .text          0x00000000c0019cf8      0x6b7 acpica/nsinit.32
                0x00000000c0019f11                AcpiNsInitializeObjects
                0x00000000c0019f72                AcpiNsInitializeDevices
                0x00000000c001a13c                AcpiNsInitOnePackage
 .text          0x00000000c001a3af       0xdb acpica/nsload.32
                0x00000000c001a3af                AcpiNsLoadTable
 .text          0x00000000c001a48a      0x592 acpica/nsnames.32
                0x00000000c001a48a                AcpiNsHandleToName
                0x00000000c001a4fd                AcpiNsBuildNormalizedPath
                0x00000000c001a656                AcpiNsGetPathnameLength
                0x00000000c001a6ad                AcpiNsHandleToPathname
                0x00000000c001a73b                AcpiNsGetNormalizedPathname
                0x00000000c001a7be                AcpiNsGetExternalPathname
                0x00000000c001a8d2                AcpiNsBuildPrefixedPathname
 .text          0x00000000c001aa1c      0x45a acpica/nsobject.32
                0x00000000c001aa1c                AcpiNsDetachObject
                0x00000000c001ab08                AcpiNsAttachObject
                0x00000000c001ac76                AcpiNsGetAttachedObject
                0x00000000c001acde                AcpiNsGetSecondaryObject
                0x00000000c001ad14                AcpiNsAttachData
                0x00000000c001adb2                AcpiNsDetachData
                0x00000000c001ae2a                AcpiNsGetAttachedData
 .text          0x00000000c001ae76      0x359 acpica/nsparse.32
                0x00000000c001ae76                AcpiNsExecuteTable
                0x00000000c001b020                AcpiNsOneCompleteParse
                0x00000000c001b1b0                AcpiNsParseTable
 .text          0x00000000c001b1cf      0x3b5 acpica/nspredef.32
                0x00000000c001b29c                AcpiNsCheckObjectType
                0x00000000c001b46d                AcpiNsCheckReturnValue
 .text          0x00000000c001b584      0x9d3 acpica/nsprepkg.32
                0x00000000c001bacc                AcpiNsCheckPackage
 .text          0x00000000c001bf57      0x47e acpica/nsrepair.32
                0x00000000c001bfbb                AcpiNsRepairNullElement
                0x00000000c001c074                AcpiNsRemoveNullElements
                0x00000000c001c108                AcpiNsWrapWithPackage
                0x00000000c001c156                AcpiNsSimpleRepair
 .text          0x00000000c001c3d5      0x9f8 acpica/nsrepair2.32
                0x00000000c001c7b5                AcpiNsComplexRepairs
 .text          0x00000000c001cdcd      0x27a acpica/nssearch.32
                0x00000000c001cdcd                AcpiNsSearchOneScope
                0x00000000c001ce95                AcpiNsSearchAndEnter
 .text          0x00000000c001d047      0x819 acpica/nsutils.32
                0x00000000c001d047                AcpiNsPrintNodePathname
                0x00000000c001d0c7                AcpiNsGetType
                0x00000000c001d0ff                AcpiNsLocal
                0x00000000c001d14d                AcpiNsGetInternalNameLength
                0x00000000c001d226                AcpiNsBuildInternalName
                0x00000000c001d3cd                AcpiNsInternalizeName
                0x00000000c001d460                AcpiNsExternalizeName
                0x00000000c001d6a4                AcpiNsValidateHandle
                0x00000000c001d6d0                AcpiNsTerminate
                0x00000000c001d721                AcpiNsOpensScope
                0x00000000c001d760                AcpiNsGetNodeUnlocked
                0x00000000c001d816                AcpiNsGetNode
 .text          0x00000000c001d860      0x264 acpica/nswalk.32
                0x00000000c001d860                AcpiNsGetNextNode
                0x00000000c001d879                AcpiNsGetNextNodeTyped
                0x00000000c001d8ce                AcpiNsWalkNamespace
 .text          0x00000000c001dac4      0x94e acpica/nsxfeval.32
                0x00000000c001dd30                AcpiEvaluateObject
                0x00000000c001dfe9                AcpiEvaluateObjectTyped
                0x00000000c001e161                AcpiWalkNamespace
                0x00000000c001e21f                AcpiGetDevices
                0x00000000c001e292                AcpiAttachData
                0x00000000c001e315                AcpiDetachData
                0x00000000c001e38f                AcpiGetData
 .text          0x00000000c001e412      0x7f2 acpica/nsxfname.32
                0x00000000c001e412                AcpiGetHandle
                0x00000000c001e4c9                AcpiGetName
                0x00000000c001e5a9                AcpiGetObjectInfo
                0x00000000c001e9c0                AcpiInstallMethod
 .text          0x00000000c001ec04      0x1f1 acpica/nsxfobj.32
                0x00000000c001ec04                AcpiGetType
                0x00000000c001ec96                AcpiGetParent
                0x00000000c001ed24                AcpiGetNextObject
 .text          0x00000000c001edf5      0xb9c acpica/psargs.32
                0x00000000c001ee70                AcpiPsGetNextPackageEnd
                0x00000000c001ee97                AcpiPsGetNextNamestring
                0x00000000c001ef1d                AcpiPsGetNextNamepath
                0x00000000c001f15f                AcpiPsGetNextSimpleArg
                0x00000000c001f671                AcpiPsGetNextArg
 .text          0x00000000c001f991      0x8ef acpica/psloop.32
                0x00000000c001fbb4                AcpiPsParseLoop
 .text          0x00000000c0020280      0xb0d acpica/psobject.32
                0x00000000c00203c5                AcpiPsBuildNamedOp
                0x00000000c0020587                AcpiPsCreateOp
                0x00000000c00207e6                AcpiPsCompleteOp
                0x00000000c0020bfe                AcpiPsCompleteFinalOp
 .text          0x00000000c0020d8d        0x0 acpica/psopcode.32
 .text          0x00000000c0020d8d       0x97 acpica/psopinfo.32
                0x00000000c0020d8d                AcpiPsGetOpcodeInfo
                0x00000000c0020df7                AcpiPsGetOpcodeName
                0x00000000c0020e0b                AcpiPsGetArgumentCount
 .text          0x00000000c0020e24      0x936 acpica/psparse.32
                0x00000000c0020e24                AcpiPsGetOpcodeSize
                0x00000000c0020e3e                AcpiPsPeekOpcode
                0x00000000c0020e80                AcpiPsCompleteThisOp
                0x00000000c0021196                AcpiPsNextParseState
                0x00000000c00212ee                AcpiPsParseAml
 .text          0x00000000c002175a      0x1f4 acpica/psscope.32
                0x00000000c002175a                AcpiPsGetParentScope
                0x00000000c0021768                AcpiPsHasCompletedScope
                0x00000000c002179c                AcpiPsInitScope
                0x00000000c0021802                AcpiPsPushScope
                0x00000000c0021885                AcpiPsPopScope
                0x00000000c002190d                AcpiPsCleanupScope
 .text          0x00000000c002194e      0x218 acpica/pstree.32
                0x00000000c002194e                AcpiPsGetArg
                0x00000000c00219c6                AcpiPsAppendArg
                0x00000000c0021a9c                AcpiPsGetDepthNext
 .text          0x00000000c0021b66      0x1cc acpica/psutils.32
                0x00000000c0021b66                AcpiPsInitOp
                0x00000000c0021b87                AcpiPsAllocOp
                0x00000000c0021c51                AcpiPsCreateScopeOp
                0x00000000c0021c86                AcpiPsFreeOp
                0x00000000c0021cc9                AcpiPsIsLeadingChar
                0x00000000c0021cef                AcpiPsGetName
                0x00000000c0021d11                AcpiPsSetName
 .text          0x00000000c0021d32       0x99 acpica/pswalk.32
                0x00000000c0021d32                AcpiPsDeleteParseTree
 .text          0x00000000c0021dcb      0x4a2 acpica/psxface.32
                0x00000000c0021dcb                AcpiDebugTrace
                0x00000000c0021e25                AcpiPsExecuteTable
                0x00000000c0022000                AcpiPsExecuteMethod
 .text          0x00000000c002226d       0xf7 acpica/rsaddr.32
                0x00000000c002226d                AcpiRsGetAddressCommon
                0x00000000c00222f5                AcpiRsSetAddressCommon
 .text          0x00000000c0022364      0x7f5 acpica/rscalc.32
                0x00000000c00223da                AcpiRsGetAmlLength
                0x00000000c0022694                AcpiRsGetListLength
                0x00000000c0022a30                AcpiRsGetPciRoutingTableLength
 .text          0x00000000c0022b59      0x567 acpica/rscreate.32
                0x00000000c0022b59                AcpiBufferToResource
                0x00000000c0022c14                AcpiRsCreateResourceList
                0x00000000c0022cb0                AcpiRsCreatePciRoutingTable
                0x00000000c0023037                AcpiRsCreateAmlResources
 .text          0x00000000c00230c0        0x0 acpica/rsdump.32
 .text          0x00000000c00230c0        0x0 acpica/rsdumpinfo.32
 .text          0x00000000c00230c0        0x0 acpica/rsinfo.32
 .text          0x00000000c00230c0        0x0 acpica/rsio.32
 .text          0x00000000c00230c0        0x0 acpica/rsirq.32
 .text          0x00000000c00230c0      0x2a0 acpica/rslist.32
                0x00000000c00230c0                AcpiRsConvertAmlToResources
                0x00000000c00231d4                AcpiRsConvertResourcesToAml
 .text          0x00000000c0023360        0x0 acpica/rsmemory.32
 .text          0x00000000c0023360      0xd8c acpica/rsmisc.32
                0x00000000c0023360                AcpiRsConvertAmlToResource
                0x00000000c0023aeb                AcpiRsConvertResourceToAml
 .text          0x00000000c00240ec        0x0 acpica/rsserial.32
 .text          0x00000000c00240ec      0x61c acpica/rsutils.32
                0x00000000c00240ec                AcpiRsDecodeBitmask
                0x00000000c002413a                AcpiRsEncodeBitmask
                0x00000000c002418b                AcpiRsMoveData
                0x00000000c0024263                AcpiRsSetResourceLength
                0x00000000c00242bb                AcpiRsSetResourceHeader
                0x00000000c0024332                AcpiRsGetResourceSource
                0x00000000c002440b                AcpiRsSetResourceSource
                0x00000000c0024470                AcpiRsGetPrtMethodData
                0x00000000c00244c3                AcpiRsGetCrsMethodData
                0x00000000c0024516                AcpiRsGetPrsMethodData
                0x00000000c0024569                AcpiRsGetAeiMethodData
                0x00000000c00245bc                AcpiRsGetMethodData
                0x00000000c002460d                AcpiRsSetSrsMethodData
 .text          0x00000000c0024708      0x698 acpica/rsxface.32
                0x00000000c0024847                AcpiGetIrqRoutingTable
                0x00000000c002488a                AcpiGetCurrentResources
                0x00000000c00248cd                AcpiGetPossibleResources
                0x00000000c0024910                AcpiSetCurrentResources
                0x00000000c0024973                AcpiGetEventResources
                0x00000000c00249b6                AcpiResourceToAddress64
                0x00000000c0024bd7                AcpiWalkResourceBuffer
                0x00000000c0024c95                AcpiWalkResources
                0x00000000c0024d4a                AcpiGetVendorResource
 .text          0x00000000c0024da0      0xd8f acpica/tbdata.32
                0x00000000c0024da0                AcpiTbInitTableDescriptor
                0x00000000c0024dff                AcpiTbAcquireTable
                0x00000000c0024e87                AcpiTbReleaseTable
                0x00000000c0024f63                AcpiTbAcquireTempTable
                0x00000000c002502a                AcpiTbValidateTable
                0x00000000c002507a                AcpiTbInvalidateTable
                0x00000000c00250bd                AcpiTbReleaseTempTable
                0x00000000c00250d4                AcpiTbValidateTempTable
                0x00000000c00251b9                AcpiTbVerifyTempTable
                0x00000000c002537f                AcpiTbResizeRootTableList
                0x00000000c0025531                AcpiTbGetNextTableDescriptor
                0x00000000c00255ae                AcpiTbTerminate
                0x00000000c002564e                AcpiTbDeleteNamespaceByOwner
                0x00000000c0025707                AcpiTbAllocateOwnerId
                0x00000000c002576f                AcpiTbReleaseOwnerId
                0x00000000c00257db                AcpiTbGetOwnerId
                0x00000000c0025841                AcpiTbIsTableLoaded
                0x00000000c00258a5                AcpiTbSetTableLoadedFlag
                0x00000000c0025971                AcpiTbNotifyTable
                0x00000000c002599d                AcpiTbLoadTable
                0x00000000c0025a26                AcpiTbInstallAndLoadTable
                0x00000000c0025a9b                AcpiTbUnloadTable
 .text          0x00000000c0025b2f      0x8f3 acpica/tbfadt.32
                0x00000000c0026251                AcpiTbCreateLocalFadt
                0x00000000c00262f4                AcpiTbParseFadt
 .text          0x00000000c0026422      0x27a acpica/tbfind.32
                0x00000000c0026422                AcpiTbFindTable
 .text          0x00000000c002669c      0x47b acpica/tbinstal.32
                0x00000000c002669c                AcpiTbUninstallTable
                0x00000000c0026709                AcpiTbOverrideTable
                0x00000000c002688f                AcpiTbInstallTableWithOverride
                0x00000000c002696f                AcpiTbInstallStandardTable
 .text          0x00000000c0026b17      0x2ae acpica/tbprint.32
                0x00000000c0026bbb                AcpiTbPrintTableHeader
                0x00000000c0026d13                AcpiTbChecksum
                0x00000000c0026d45                AcpiTbVerifyChecksum
 .text          0x00000000c0026dc5      0x609 acpica/tbutils.32
                0x00000000c0026dc5                AcpiTbInitializeFacs
                0x00000000c0026e69                AcpiTbCheckDsdtHeader
                0x00000000c0026ef3                AcpiTbCopyDsdt
                0x00000000c0027058                AcpiTbParseRootTable
                0x00000000c00272ea                AcpiTbGetTable
                0x00000000c0027369                AcpiTbPutTable
 .text          0x00000000c00273ce      0x62b acpica/tbxface.32
                0x00000000c00273ce                AcpiAllocateRootTable
                0x00000000c00273ea                AcpiInitializeTables
                0x00000000c00274b4                AcpiReallocateRootTable
                0x00000000c00275fe                AcpiGetTableHeader
                0x00000000c002777e                AcpiGetTable
                0x00000000c002783f                AcpiPutTable
                0x00000000c00278c1                AcpiGetTableByIndex
                0x00000000c0027941                AcpiInstallTableHandler
                0x00000000c00279a3                AcpiRemoveTableHandler
 .text          0x00000000c00279f9      0x519 acpica/tbxfload.32
                0x00000000c00279f9                AcpiTbLoadNamespace
                0x00000000c0027c9b                AcpiLoadTables
                0x00000000c0027d20                AcpiInstallTable
                0x00000000c0027d70                AcpiLoadTable
                0x00000000c0027dd1                AcpiUnloadParentTable
                0x00000000c0027ee9                AcpiUnloadTable
 .text          0x00000000c0027f12      0x2e0 acpica/tbxfroot.32
                0x00000000c0027f12                AcpiTbGetRsdpLength
                0x00000000c0027f52                AcpiTbValidateRsdp
                0x00000000c0027fc0                AcpiTbScanMemoryForRsdp
                0x00000000c0028008                AcpiFindRootPointer
 .text          0x00000000c00281f2      0x31c acpica/utaddress.32
                0x00000000c00281f2                AcpiUtAddAddressRange
                0x00000000c002829c                AcpiUtRemoveAddressRange
                0x00000000c0028323                AcpiUtCheckAddressRange
                0x00000000c00284b4                AcpiUtDeleteAddressLists
 .text          0x00000000c002850e      0x28d acpica/utalloc.32
                0x00000000c002850e                AcpiOsAllocateZeroed
                0x00000000c0028543                AcpiUtCreateCaches
                0x00000000c0028607                AcpiUtDeleteCaches
                0x00000000c002869b                AcpiUtValidateBuffer
                0x00000000c00286e7                AcpiUtInitializeBuffer
 .text          0x00000000c002879b       0xeb acpica/utascii.32
                0x00000000c002879b                AcpiUtValidNameChar
                0x00000000c00287dd                AcpiUtValidNameseg
                0x00000000c002881d                AcpiUtCheckAndRepairAscii
 .text          0x00000000c0028886      0x2b9 acpica/utbuffer.32
                0x00000000c0028886                AcpiUtDumpBuffer
                0x00000000c0028b07                AcpiUtDebugDumpBuffer
 .text          0x00000000c0028b3f      0x2d4 acpica/utcache.32
                0x00000000c0028b3f                AcpiOsCreateCache
                0x00000000c0028bc7                AcpiOsPurgeCache
                0x00000000c0028c47                AcpiOsDeleteCache
                0x00000000c0028c7e                AcpiOsReleaseObject
                0x00000000c0028d31                AcpiOsAcquireObject
 .text          0x00000000c0028e13      0x6ff acpica/utclib.32
                0x00000000c0028e13                memcmp
                0x00000000c0028e6b                memmove
                0x00000000c0028ed8                memcpy
                0x00000000c0028f4f                memset
                0x00000000c0028f78                strlen
                0x00000000c0028f9b                strpbrk
                0x00000000c0028fdd                strtok
                0x00000000c002906b                strcpy
                0x00000000c002909d                strncpy
                0x00000000c00290f1                strcmp
                0x00000000c0029133                strchr
                0x00000000c002915c                strncmp
                0x00000000c00291b8                strcat
                0x00000000c00291f9                strncat
                0x00000000c0029255                strstr
                0x00000000c00292a8                toupper
                0x00000000c00292ce                tolower
                0x00000000c00292f4                simple_strtoul
 .text          0x00000000c0029512      0xaf8 acpica/utcopy.32
                0x00000000c002986f                AcpiUtCopyIobjectToEobject
                0x00000000c0029aa1                AcpiUtCopyEobjectToIobject
                0x00000000c0029f6f                AcpiUtCopyIobjectToIobject
 .text          0x00000000c002a00a        0x0 acpica/utdebug.32
 .text          0x00000000c002a00a      0x1db acpica/utdecode.32
                0x00000000c002a00a                AcpiUtGetRegionName
                0x00000000c002a058                AcpiUtGetEventName
                0x00000000c002a074                AcpiUtGetTypeName
                0x00000000c002a090                AcpiUtGetObjectTypeName
                0x00000000c002a0d5                AcpiUtGetNodeName
                0x00000000c002a130                AcpiUtGetDescriptorName
                0x00000000c002a163                AcpiUtGetReferenceName
                0x00000000c002a1b8                AcpiUtGetMutexName
                0x00000000c002a1d4                AcpiUtValidObjectType
 .text          0x00000000c002a1e5      0x83c acpica/utdelete.32
                0x00000000c002a1e5                AcpiUtRemoveReference
                0x00000000c002a71c                AcpiUtUpdateObjectReference
                0x00000000c002a9b3                AcpiUtAddReference
                0x00000000c002a9e4                AcpiUtDeleteInternalObjectList
 .text          0x00000000c002aa21      0x28c acpica/uterror.32
                0x00000000c002aa21                AcpiUtPredefinedWarning
                0x00000000c002aa81                AcpiUtPredefinedInfo
                0x00000000c002aae1                AcpiUtPredefinedBiosError
                0x00000000c002ab41                AcpiUtPrefixedNamespaceError
                0x00000000c002ac12                AcpiUtMethodError
 .text          0x00000000c002acad      0x323 acpica/uteval.32
                0x00000000c002acad                AcpiUtEvaluateObject
                0x00000000c002ae88                AcpiUtEvaluateNumericObject
                0x00000000c002aed5                AcpiUtExecute_STA
                0x00000000c002af39                AcpiUtExecutePowerMethods
 .text          0x00000000c002afd0      0x124 acpica/utexcep.32
                0x00000000c002afd0                AcpiUtValidateException
                0x00000000c002b0b2                AcpiFormatException
 .text          0x00000000c002b0f4        0x0 acpica/utglobal.32
 .text          0x00000000c002b0f4       0xea acpica/uthex.32
                0x00000000c002b0f4                AcpiUtHexToAsciiChar
                0x00000000c002b140                AcpiUtAsciiCharToHex
                0x00000000c002b167                AcpiUtAsciiToHexByte
 .text          0x00000000c002b1de      0x4eb acpica/utids.32
                0x00000000c002b1de                AcpiUtExecute_HID
                0x00000000c002b2be                AcpiUtExecute_UID
                0x00000000c002b39e                AcpiUtExecute_CID
                0x00000000c002b597                AcpiUtExecute_CLS
 .text          0x00000000c002b6c9      0x344 acpica/utinit.32
                0x00000000c002b751                AcpiUtInitGlobals
                0x00000000c002b9b0                AcpiUtSubsystemShutdown
 .text          0x00000000c002ba0d      0x1c7 acpica/utlock.32
                0x00000000c002ba0d                AcpiUtCreateRwLock
                0x00000000c002ba5c                AcpiUtDeleteRwLock
                0x00000000c002baa5                AcpiUtAcquireReadLock
                0x00000000c002bb20                AcpiUtReleaseReadLock
                0x00000000c002bb92                AcpiUtAcquireWriteLock
                0x00000000c002bbb8                AcpiUtReleaseWriteLock
 .text          0x00000000c002bbd4      0x210 acpica/utmath.32
                0x00000000c002bbd4                AcpiUtShortMultiply
                0x00000000c002bc1f                AcpiUtShortShiftLeft
                0x00000000c002bc68                AcpiUtShortShiftRight
                0x00000000c002bcb1                AcpiUtShortDivide
                0x00000000c002bd42                AcpiUtDivide
 .text          0x00000000c002bde4      0x2ca acpica/utmisc.32
                0x00000000c002bde4                AcpiUtIsPciRootBridge
                0x00000000c002be20                AcpiUtDwordByteSwap
                0x00000000c002be49                AcpiUtSetIntegerWidth
                0x00000000c002be8a                AcpiUtCreateUpdateStateAndPush
                0x00000000c002bedf                AcpiUtWalkPackageTree
 .text          0x00000000c002c0ae      0x371 acpica/utmutex.32
                0x00000000c002c119                AcpiUtMutexInitialize
                0x00000000c002c23b                AcpiUtMutexTerminate
                0x00000000c002c2b8                AcpiUtAcquireMutex
                0x00000000c002c373                AcpiUtReleaseMutex
 .text          0x00000000c002c41f       0xd0 acpica/utnonansi.32
                0x00000000c002c41f                AcpiUtStrlwr
                0x00000000c002c45f                AcpiUtStrupr
                0x00000000c002c49f                AcpiUtStricmp
 .text          0x00000000c002c4ef      0x5ff acpica/utobject.32
                0x00000000c002c4ef                AcpiUtValidInternalObject
                0x00000000c002c513                AcpiUtAllocateObjectDescDbg
                0x00000000c002c55c                AcpiUtDeleteObjectDesc
                0x00000000c002c5b1                AcpiUtCreateInternalObjectDbg
                0x00000000c002c653                AcpiUtCreatePackageObject
                0x00000000c002c6c7                AcpiUtCreateIntegerObject
                0x00000000c002c713                AcpiUtCreateBufferObject
                0x00000000c002c7ba                AcpiUtCreateStringObject
                0x00000000c002caa5                AcpiUtGetObjectSize
 .text          0x00000000c002caee      0x4f3 acpica/utosi.32
                0x00000000c002caee                AcpiUtInitializeInterfaces
                0x00000000c002cb78                AcpiUtInterfaceTerminate
                0x00000000c002cc49                AcpiUtInstallInterface
                0x00000000c002cce2                AcpiUtRemoveInterface
                0x00000000c002cdb8                AcpiUtUpdateInterfaces
                0x00000000c002ce49                AcpiUtGetInterface
                0x00000000c002ce8c                AcpiUtOsiImplementation
 .text          0x00000000c002cfe1      0x246 acpica/utownerid.32
                0x00000000c002cfe1                AcpiUtAllocateOwnerId
                0x00000000c002d145                AcpiUtReleaseOwnerId
 .text          0x00000000c002d227       0xfd acpica/utpredef.32
                0x00000000c002d227                AcpiUtGetNextPredefinedMethod
                0x00000000c002d251                AcpiUtMatchPredefinedMethod
                0x00000000c002d2a4                AcpiUtGetExpectedReturnTypes
 .text          0x00000000c002d324      0x9ed acpica/utprint.32
                0x00000000c002d44e                AcpiUtScanNumber
                0x00000000c002d4d1                AcpiUtPrintNumber
                0x00000000c002d7a7                vsnprintf
                0x00000000c002dcc0                snprintf
                0x00000000c002dce9                sprintf
 .text          0x00000000c002dd11        0x0 acpica/utresdecode.32
 .text          0x00000000c002dd11      0x3ad acpica/utresrc.32
                0x00000000c002dd11                AcpiUtGetResourceType
                0x00000000c002dd2e                AcpiUtGetResourceLength
                0x00000000c002dd61                AcpiUtValidateResource
                0x00000000c002def4                AcpiUtGetResourceHeaderLength
                0x00000000c002df08                AcpiUtGetDescriptorLength
                0x00000000c002df35                AcpiUtWalkAmlResources
                0x00000000c002e074                AcpiUtGetResourceEndTag
 .text          0x00000000c002e0be      0x1ce acpica/utstate.32
                0x00000000c002e0be                AcpiUtPushGenericState
                0x00000000c002e0d6                AcpiUtPopGenericState
                0x00000000c002e0f9                AcpiUtCreateGenericState
                0x00000000c002e125                AcpiUtCreateThreadState
                0x00000000c002e1ab                AcpiUtCreateUpdateState
                0x00000000c002e1ec                AcpiUtCreatePkgState
                0x00000000c002e238                AcpiUtCreateControlState
                0x00000000c002e268                AcpiUtDeleteGenericState
 .text          0x00000000c002e28c      0x264 acpica/utstring.32
                0x00000000c002e28c                AcpiUtPrintString
                0x00000000c002e455                AcpiUtRepairName
 .text          0x00000000c002e4f0      0x425 acpica/utstrsuppt.32
                0x00000000c002e4f0                AcpiUtRemoveLeadingZeros
                0x00000000c002e516                AcpiUtRemoveWhitespace
                0x00000000c002e54b                AcpiUtRemoveHexPrefix
                0x00000000c002e588                AcpiUtDetectHexPrefix
                0x00000000c002e5b6                AcpiUtDetectOctalPrefix
                0x00000000c002e79b                AcpiUtConvertOctalString
                0x00000000c002e815                AcpiUtConvertDecimalString
                0x00000000c002e898                AcpiUtConvertHexString
 .text          0x00000000c002e915      0x238 acpica/utstrtoul64.32
                0x00000000c002e915                AcpiUtStrtoul64
                0x00000000c002ea27                AcpiUtImplicitStrtoul64
                0x00000000c002eaa3                AcpiUtExplicitStrtoul64
 .text          0x00000000c002eb4d        0x0 acpica/uttrack.32
 .text          0x00000000c002eb4d        0x0 acpica/utuuid.32
 .text          0x00000000c002eb4d      0x641 acpica/utxface.32
                0x00000000c002eb4d                AcpiTerminate
                0x00000000c002eb6a                AcpiSubsystemStatus
                0x00000000c002eb82                AcpiGetSystemInfo
                0x00000000c002ec38                AcpiGetStatistics
                0x00000000c002ec8e                AcpiInstallInitializationHandler
                0x00000000c002ecbd                AcpiPurgeCachedObjects
                0x00000000c002ed0e                AcpiInstallInterface
                0x00000000c002edcf                AcpiRemoveInterface
                0x00000000c002ee43                AcpiInstallInterfaceHandler
                0x00000000c002eea7                AcpiUpdateInterfaces
                0x00000000c002ef04                AcpiCheckAddressRange
                0x00000000c002ef74                AcpiDecodePldBuffer
 .text          0x00000000c002f18e      0x245 acpica/utxferror.32
                0x00000000c002f18e                AcpiError
                0x00000000c002f1d7                AcpiException
                0x00000000c002f247                AcpiWarning
                0x00000000c002f290                AcpiInfo
                0x00000000c002f2d1                AcpiBiosError
                0x00000000c002f31a                AcpiBiosException
                0x00000000c002f38a                AcpiBiosWarning
 .text          0x00000000c002f3d3      0x218 acpica/utxfinit.32
                0x00000000c002f3d3                AcpiInitializeSubsystem
                0x00000000c002f4d1                AcpiEnableSubsystem
                0x00000000c002f59c                AcpiInitializeObjects
 .text          0x00000000c002f5eb      0x129 acpica/utxfmutex.32
                0x00000000c002f67f                AcpiAcquireMutex
                0x00000000c002f6d0                AcpiReleaseMutex
 .text          0x00000000c002f714      0xfd0 core/malloc.32
                0x00000000c002f87f                dlfree
                0x00000000c002fbdc                dlmalloc
                0x00000000c0030128                dlrealloc
                0x00000000c00302dd                dlmemalign
                0x00000000c0030400                dlcalloc
                0x00000000c003049a                dlcfree
                0x00000000c003049f                dlindependent_calloc
                0x00000000c00304c4                dlindependent_comalloc
                0x00000000c00304db                dlvalloc
                0x00000000c0030506                dlpvalloc
                0x00000000c003053c                dlmalloc_trim
                0x00000000c0030549                dlmalloc_usable_size
                0x00000000c003057a                dlmallinfo
                0x00000000c0030649                dlmalloc_stats
                0x00000000c003065a                dlmallopt
 .text          0x00000000c00306e4        0x0 libk/string.32
 .text          0x00000000c00306e4       0x51 fs/fat/diskio.32
                0x00000000c00306e4                disk_status
                0x00000000c00306e7                disk_initialize
                0x00000000c00306ea                disk_read
                0x00000000c0030700                disk_write
                0x00000000c0030716                disk_ioctl
 .text          0x00000000c0030735     0x681b fs/fat/ff.32
                0x00000000c00339fe                f_mount
                0x00000000c0033a5c                f_open
                0x00000000c0033e94                f_read
                0x00000000c0034114                f_write
                0x00000000c00343ce                f_sync
                0x00000000c00345a6                f_close
                0x00000000c00345d5                f_lseek
                0x00000000c0034a8c                f_opendir
                0x00000000c0034b8e                f_closedir
                0x00000000c0034bb0                f_readdir
                0x00000000c0034c4b                f_stat
                0x00000000c0034cda                f_getfree
                0x00000000c0034ea5                f_truncate
                0x00000000c0034f9d                f_unlink
                0x00000000c0035121                f_mkdir
                0x00000000c003534d                f_rename
                0x00000000c003563c                f_chmod
                0x00000000c003571a                f_utime
                0x00000000c00357f8                f_getlabel
                0x00000000c00359e6                f_setlabel
                0x00000000c0035c4f                f_forward
                0x00000000c0035e2d                f_mkfs
 .text          0x00000000c0036f50       0x2d fs/fat/ffsystem.32
                0x00000000c0036f50                ff_memalloc
                0x00000000c0036f66                ff_memfree
 .text          0x00000000c0036f7d      0x253 fs/fat/ffunicode.32
                0x00000000c0036f7d                ff_uni2oem
                0x00000000c003700d                ff_oem2uni
                0x00000000c0037079                ff_wtoupper
 .text          0x00000000c00371d0      0xc07 hal/libresample/samplerate.32
                0x00000000c0037214                src_delete
                0x00000000c003726f                src_process
                0x00000000c003745e                src_callback_read
                0x00000000c0037698                src_set_ratio
                0x00000000c003770a                src_get_channels
                0x00000000c003774b                src_reset
                0x00000000c00377bd                src_get_name
                0x00000000c0037829                src_get_description
                0x00000000c0037895                src_get_version
                0x00000000c003789b                src_is_valid_ratio
                0x00000000c00378d1                src_error
                0x00000000c00378e6                src_strerror
                0x00000000c0037997                src_short_to_float_array
                0x00000000c00379e9                src_float_to_short_array
                0x00000000c0037a99                src_int_to_float_array
                0x00000000c0037aea                src_float_to_int_array
                0x00000000c0037c0a                src_new
                0x00000000c0037cde                src_callback_new
                0x00000000c0037d72                src_simple
 .text          0x00000000c0037dd7      0x7bb hal/libresample/src_linear.32
                0x00000000c0038493                linear_get_name
                0x00000000c00384a6                linear_get_description
                0x00000000c00384b9                linear_set_converter
 .text          0x00000000c0038592     0x3a11 hal/libresample/src_sinc.32
                0x00000000c0039fcc                sinc_get_name
                0x00000000c0039ff9                sinc_get_description
                0x00000000c003a028                sinc_set_converter
 .text          0x00000000c003bfa3      0x743 hal/libresample/src_zoh.32
                0x00000000c003c5e7                zoh_get_name
                0x00000000c003c5fa                zoh_get_description
                0x00000000c003c60d                zoh_set_converter
 .text          0x00000000c003c6e6     0x1053 acpica/osl.32
                0x00000000c003c6e6                Subhandler
                0x00000000c003c722                isblank
                0x00000000c003c73a                iscntrl
                0x00000000c003c752                isdigit
                0x00000000c003c76a                islower
                0x00000000c003c782                isspace
                0x00000000c003c7a3                isupper
                0x00000000c003c7bb                isalpha
                0x00000000c003c7e5                isalnum
                0x00000000c003c80f                ispunct
                0x00000000c003c849                isgraph
                0x00000000c003c873                isprint
                0x00000000c003c894                isxdigit
                0x00000000c003c8ca                AcpiOsInitialize
                0x00000000c003c8d0                AcpiOsTerminate
                0x00000000c003c8d6                AcpiOsGetRootPointer
                0x00000000c003c905                AcpiOsPredefinedOverride
                0x00000000c003c929                AcpiOsTableOverride
                0x00000000c003c939                AcpiOsPhysicalTableOverride
                0x00000000c003c950                AcpiOsReadPort
                0x00000000c003c9e1                AcpiOsWritePort
                0x00000000c003ca6c                AcpiOsGetTimer
                0x00000000c003ca8c                AcpiOsWaitEventsComplete
                0x00000000c003caa4                AcpiOsReadPciConfiguration
                0x00000000c003cb6c                AcpiOsWritePciConfiguration
                0x00000000c003cc4e                AcpiOsSignal
                0x00000000c003cc84                AcpiOsReadMemory
                0x00000000c003cd50                AcpiOsEnterSleep
                0x00000000c003cd63                AcpiOsWriteMemory
                0x00000000c003ce17                AcpiOsMapMemory
                0x00000000c003cf10                AcpiOsUnmapMemory
                0x00000000c003cf12                AcpiOsGetPhysicalAddress
                0x00000000c003cf42                AcpiOsAllocate
                0x00000000c003cf60                AcpiOsFree
                0x00000000c003cf77                AcpiOsReadable
                0x00000000c003cf90                AcpiOsWritable
                0x00000000c003cfa9                AcpiOsGetThreadId
                0x00000000c003cfb4                AcpiOsExecute
                0x00000000c003cfd0                AcpiOsSleep
                0x00000000c003d016                AcpiOsStall
                0x00000000c003d070                AcpiOsCreateSemaphore
                0x00000000c003d0b7                AcpiOsDeleteSemaphore
                0x00000000c003d0d4                AcpiOsWaitSemaphore
                0x00000000c003d1a8                AcpiOsSignalSemaphore
                0x00000000c003d1d1                AcpiOsCreateLock
                0x00000000c003d1fe                AcpiOsDeleteLock
                0x00000000c003d200                AcpiOsAcquireLock
                0x00000000c003d216                AcpiOsReleaseLock
                0x00000000c003d231                AcpiOsInstallInterruptHandler
                0x00000000c003d290                AcpiOsRemoveInterruptHandler
                0x00000000c003d2ac                __i__int_str
                0x00000000c003d669                __i_displayCharacter
                0x00000000c003d6bf                __i_displayString
                0x00000000c003d710                __i_internal_printf
                0x00000000c003d716                AcpiOsVprintf
                0x00000000c003d718                AcpiOsPrintf
 *fill*         0x00000000c003d739        0x1 
 .text          0x00000000c003d73a      0xc10 core/computer.32
                0x00000000c003d73a                Computer::close(int, int, void*)
                0x00000000c003d782                Computer::Computer()
                0x00000000c003d782                Computer::Computer()
                0x00000000c003d8de                Computer::setBootMessage(char const*)
                0x00000000c003d8e0                Computer::start()
                0x00000000c003daaf                firstTask()
                0x00000000c003daca                Computer::detectFeatures()
                0x00000000c003df88                Computer::displayFeatures()
                0x00000000c003df8a                Computer::rdmsr(unsigned int)
                0x00000000c003dfc6                Computer::wrmsr(unsigned int, unsigned long long)
                0x00000000c003e006                Computer::nmiEnabled()
                0x00000000c003e014                Computer::readCMOS(unsigned char)
                0x00000000c003e058                Computer::enableNMI(bool)
                0x00000000c003e084                Computer::open(int, int, void*)
                0x00000000c003e1e0                Computer::disableNMI()
                0x00000000c003e1fa                Computer::writeCMOS(unsigned char, unsigned char)
                0x00000000c003e24a                Computer::handleNMI()
                0x00000000c003e2d4                Computer::setDiskActivityLight(int, bool)
 .text          0x00000000c003e34a      0xe65 core/elf.32
                0x00000000c003e34a                allocateMemoryForTask(Process*, File*, unsigned long, unsigned long, unsigned long)
                0x00000000c003e5c7                loadProgramIntoMemory(Process*, char const*)
                0x00000000c003e7eb                runtimeReferenceHelper()
                0x00000000c003e7fe                getAddressOfKernelSymbol(char const*)
                0x00000000c003e84d                loadKernelSymbolTable(char const*)
                0x00000000c003eb15                loadDriverIntoMemory(char const*, unsigned long)
                0x00000000c003f0d8                loadDLL(char const*)
                0x00000000c003f1a1                executeDLL(unsigned long, void*)
 *fill*         0x00000000c003f1af        0x1 
 .text          0x00000000c003f1b0      0x19f core/gdt.32
                0x00000000c003f1b0                GDTEntry::setBase(unsigned int)
                0x00000000c003f1cc                GDTEntry::setLimit(unsigned int)
                0x00000000c003f1ec                GDT::GDT()
                0x00000000c003f1ec                GDT::GDT()
                0x00000000c003f202                GDT::addEntry(GDTEntry)
                0x00000000c003f224                GDT::getNumberOfEntries()
                0x00000000c003f22c                GDT::flush()
                0x00000000c003f24e                GDT::setup()
 .text          0x00000000c003f34f       0x61 core/idle.32
                0x00000000c003f34f                idleFunction(void*)
 .text          0x00000000c003f3b0      0x3dd core/idt.32
                0x00000000c003f3b0                IDTEntry::IDTEntry(bool)
                0x00000000c003f3b0                IDTEntry::IDTEntry(bool)
                0x00000000c003f41e                IDTEntry::setOffset(unsigned int)
                0x00000000c003f432                IDT::IDT()
                0x00000000c003f432                IDT::IDT()
                0x00000000c003f434                IDT::getPointerToInvalidOpcodeEntryForF00F()
                0x00000000c003f43c                IDT::addEntry(IDTEntry, int)
                0x00000000c003f456                IDT::addEntry(int, void (*)(), bool)
                0x00000000c003f48e                IDT::flush()
                0x00000000c003f4a8                IDT::setup()
 .text          0x00000000c003f78d      0x6fa core/kconsole.32
                0x00000000c003f78d                stringifyxWithBase(unsigned int, char*, int)
                0x00000000c003f824                logc(char)
                0x00000000c003f86b                logs(char*)
                0x00000000c003f899                logWriteInt(unsigned int)
                0x00000000c003f8bf                logWriteIntBase(unsigned int, int)
                0x00000000c003f8e6                kprintf(char const*, ...)
                0x00000000c003fa4a                panic(char const*)
 .text          0x00000000c003fe87      0x1d6 core/kheap.32
                0x00000000c003fe87                sbrk
                0x00000000c003ff68                mmap
                0x00000000c003ff7e                munmap
                0x00000000c003ff94                liballoc_lock()
                0x00000000c003ffa5                liballoc_unlock()
                0x00000000c003ffb6                liballoc_alloc(int)
                0x00000000c003ffd1                liballoc_free(void*, int)
                0x00000000c003ffef                realloc
                0x00000000c0040003                malloc
                0x00000000c0040013                free
                0x00000000c0040023                rfree
                0x00000000c0040033                calloc
 .text          0x00000000c004005d      0x647 core/main.32
                0x00000000c004005d                hwTextMode_loadInData(VgaText*)
                0x00000000c00400c1                hwTextMode_loadInTitle(VgaText*, char*)
                0x00000000c0040123                hwTextMode_update(VgaText*)
                0x00000000c0040125                hwTextMode_scrollScreen(VgaText*)
                0x00000000c004021f                hwTextMode_writeCharacter(VgaText*, char, VgaColour, VgaColour, int, int)
                0x00000000c00402a6                hwTextMode_updateCursor(VgaText*)
                0x00000000c0040345                hwTextMode_showCursor(VgaText*, bool)
                0x00000000c004040c                hwTextMode_disableBlink(VgaText*, bool)
                0x00000000c00404bb                setupTextMode()
                0x00000000c004050d                kernel_main
 .text          0x00000000c00406a4      0x67d core/physmgr.32
                0x00000000c00406a4                PhysMem::allocateDMA(unsigned long)
                0x00000000c00407aa                PhysMem::freeDMA(unsigned long, unsigned long)
                0x00000000c0040813                PhysMem::setPageState(unsigned long, bool)
                0x00000000c004089a                PhysMem::getPageState(unsigned long)
                0x00000000c00408da                PhysMem::freePage(unsigned long)
                0x00000000c004098d                PhysMem::allocatePage()
                0x00000000c0040a7e                PhysMem::allowSegmentToBeUsed(unsigned long, unsigned long)
                0x00000000c0040ad1                PhysMem::physicalMemorySetup(unsigned int)
 *fill*         0x00000000c0040d21        0x3 
 .text          0x00000000c0040d24      0x273 core/pipe.32
                0x00000000c0040d24                Pipe::isAtty()
                0x00000000c0040d28                Pipe::~Pipe()
                0x00000000c0040d28                Pipe::~Pipe()
                0x00000000c0040d4c                Pipe::~Pipe()
                0x00000000c0040d74                Pipe::read(unsigned long long, void*, int*)
                0x00000000c0040e68                Pipe::write(unsigned long long, void*, int*)
                0x00000000c0040f30                Pipe::Pipe(int)
                0x00000000c0040f30                Pipe::Pipe(int)
 *fill*         0x00000000c0040f97        0x1 
 .text          0x00000000c0040f98     0x1859 core/prcssthr.32
                0x00000000c0040f98                changeTSS
                0x00000000c0040fd0                Process::addArgs(char**)
                0x00000000c00410b6                Process::Process(char const*, Process*, char**)
                0x00000000c00410b6                Process::Process(char const*, Process*, char**)
                0x00000000c004126e                Process::Process(bool, char const*, Process*, char**)
                0x00000000c004126e                Process::Process(bool, char const*, Process*, char**)
                0x00000000c00413f1                disableIRQs()
                0x00000000c00413ff                getIRQNestingLevel()
                0x00000000c0041405                enableIRQs()
                0x00000000c004141c                lockScheduler()
                0x00000000c004142a                unlockScheduler()
                0x00000000c0041438                userModeEntryPoint(void*)
                0x00000000c0041463                lockStuff()
                0x00000000c004147c                taskStartupFunction
                0x00000000c0041487                updateTimeUsed()
                0x00000000c0041520                switchToThread(ThreadControlBlock*)
                0x00000000c004158a                Semaphore::Semaphore(int)
                0x00000000c004158a                Semaphore::Semaphore(int)
                0x00000000c00415b8                Mutex::Mutex()
                0x00000000c00415b8                Mutex::Mutex()
                0x00000000c00415ca                Process::createThread(void (*)(void*), void*, int)
                0x00000000c00417e2                Process::createUserThread()
                0x00000000c0041801                setupMultitasking(void (*)())
                0x00000000c0041970                schedule()
                0x00000000c0041a1c                unlockStuff()
                0x00000000c0041a56                forkProcess(regs*)
                0x00000000c0041c5e                Semaphore::tryAcquire()
                0x00000000c0041c9a                Semaphore::assertLocked(char const*)
                0x00000000c0041cca                blockTaskWithSchedulerLockAlreadyHeld(TaskState)
                0x00000000c0041d16                blockTask(TaskState)
                0x00000000c0041d3b                waitTask(int, int*, int)
                0x00000000c0041d98                nanoSleepUntil(unsigned long long)
                0x00000000c0041e06                nanoSleep(unsigned long long)
                0x00000000c0041e42                sleep(unsigned long long)
                0x00000000c0041e82                Semaphore::acquire()
                0x00000000c0041f06                execveProcess(char const*, char* const*, char* const*)
                0x00000000c0041fc8                taskReturned
                0x00000000c004200a                unblockTask(ThreadControlBlock*)
                0x00000000c00420df                cleanupTerminatedTask(ThreadControlBlock*)
                0x00000000c00425b6                cleanerTaskFunction(void*)
                0x00000000c0042650                terminateTask(int)
                0x00000000c00426ec                Semaphore::release()
 .text          0x00000000c00427f1     0x15ba core/syscalls.32
                0x00000000c00427f1                sysCallGetPID(regs*)
                0x00000000c00427ff                sysCallSeekDir(regs*)
                0x00000000c004280a                sysCallTellDir(regs*)
                0x00000000c0042815                sysCallVerify(regs*)
                0x00000000c0042825                sysCallGetArgc(regs*)
                0x00000000c0042837                sysFormatDisk(regs*)
                0x00000000c00428e7                sysSetDiskVolumeLabel(regs*)
                0x00000000c0042979                sysGetDiskVolumeLabel(regs*)
                0x00000000c0042a26                sysShutdown(regs*)
                0x00000000c0042a93                sysCallWrite(regs*)
                0x00000000c0042b2d                sysCallRead(regs*)
                0x00000000c0042bc7                sysCallReadDir(regs*)
                0x00000000c0042c81                sysCallIsATTY(regs*)
                0x00000000c0042cec                sysCallGetCwd(regs*)
                0x00000000c0042d1d                sysCallSetCwd(regs*)
                0x00000000c0042d45                sysCallRealpath(regs*)
                0x00000000c0042da6                sysCallOpen(regs*)
                0x00000000c0042f54                sysCallSeek(regs*)
                0x00000000c0042fc9                sysCallTell(regs*)
                0x00000000c0043038                sysCallSizeFromFilename(regs*)
                0x00000000c00430f2                sysCallSize(regs*)
                0x00000000c0043167                sysCallClose(regs*)
                0x00000000c00431d5                sysCallOpenDir(regs*)
                0x00000000c0043288                sysCallMakeDir(regs*)
                0x00000000c0043323                sysCallCloseDir(regs*)
                0x00000000c0043391                sysCallWait(regs*)
                0x00000000c00433be                sysCallFork(regs*)
                0x00000000c00433e5                sysCallExecve(regs*)
                0x00000000c0043450                sysCallRmdir(regs*)
                0x00000000c00434dc                sysCallUnlink(regs*)
                0x00000000c0043568                sysCallGetArgv(regs*)
                0x00000000c0043603                sysCallTTYName(regs*)
                0x00000000c00436bc                sysCallGetEnv(regs*)
                0x00000000c0043728                sysCallUSleep(regs*)
                0x00000000c00437ad                sysCallSpawn(regs*)
                0x00000000c0043858                sysAppSettings(regs*)
                0x00000000c00439f2                sysSetFatAttrib(regs*)
                0x00000000c0043a95                sysPanic(regs*)
                0x00000000c0043ac9                sysPipe(regs*)
                0x00000000c0043b40                sysGetUnixTime(regs*)
                0x00000000c0043b5f                string_ends_with(char const*, char const*)
                0x00000000c0043bba                setupSystemCalls()
                0x00000000c0043d69                systemCall(regs*, void*)
 *fill*         0x00000000c0043dab        0x1 
 .text          0x00000000c0043dac      0xf53 core/terminal.32
                0x00000000c0043dac                VgaText::isAtty()
                0x00000000c0043db0                VgaText::~VgaText()
                0x00000000c0043db0                VgaText::~VgaText()
                0x00000000c0043dd4                VgaText::~VgaText()
                0x00000000c0043dfe                VgaText::read(unsigned long long, void*, int*)
                0x00000000c0043e1e                setTerminalScrollLock(bool)
                0x00000000c0043e1f                addToTerminalCycle(VgaText*)
                0x00000000c0043e4c                installVgaTextImplementation()
                0x00000000c0043e61                scrollTerminalScrollLock(int)
                0x00000000c0043e62                VgaText::load()
                0x00000000c0043eb6                VgaText::updateCursor()
                0x00000000c0043ed0                VgaText::showCursor(bool)
                0x00000000c0043ee0                VgaText::disableBlink(bool)
                0x00000000c0043f1a                VgaText::doANSI_SGR(int)
                0x00000000c0043fa6                VgaText::setDefaultBgColour(VgaColour)
                0x00000000c0043fbc                VgaText::setDefaultFgColour(VgaColour)
                0x00000000c0043fd2                VgaText::setDefaultColours(VgaColour, VgaColour)
                0x00000000c0043ff2                VgaText::combineColours(unsigned char, unsigned char)
                0x00000000c0044004                VgaText::scrollScreen()
                0x00000000c0044098                VgaText::combineCharAndColour(char, unsigned char)
                0x00000000c00440aa                VgaText::writeCharacter(char, VgaColour, VgaColour, int, int)
                0x00000000c004410a                VgaText::getCursorX()
                0x00000000c0044116                VgaText::getCursorY()
                0x00000000c0044122                VgaText::setCursor(int, int)
                0x00000000c0044140                VgaText::setCursorX(int)
                0x00000000c004415c                VgaText::setCursorY(int)
                0x00000000c0044178                VgaText::incrementCursor(bool)
                0x00000000c00441e0                VgaText::updateRAMUsageDisplay(int)
                0x00000000c004423a                VgaText::updateDiskUsage()
                0x00000000c004438c                VgaText::updateTitle()
                0x00000000c00443d2                VgaText::setTitleTextColour(VgaColour)
                0x00000000c00443e2                VgaText::setTitleColour(VgaColour)