Archive member included to satisfy reference by file (symbol)

/cygdrive/d/Users/Alex/Desktop/Toolchain/Output/bin/../lib/gcc/i386-banana/8.1.0/libkgcc.a(_divdi3.o)
                              fs/fat/ff.32 (__divdi3)
/cygdrive/d/Users/Alex/Desktop/Toolchain/Output/bin/../lib/gcc/i386-banana/8.1.0/libkgcc.a(_moddi3.o)
                              compat/resolve.32 (__moddi3)
/cygdrive/d/Users/Alex/Desktop/Toolchain/Output/bin/../lib/gcc/i386-banana/8.1.0/libkgcc.a(_udivdi3.o)
                              fs/fat/ff.32 (__udivdi3)
/cygdrive/d/Users/Alex/Desktop/Toolchain/Output/bin/../lib/gcc/i386-banana/8.1.0/libkgcc.a(_umoddi3.o)
                              compat/resolve.32 (__umoddi3)
D:/Users/Alex/Desktop/Banana/kernel/libsoftfp.a(sfieeelib.o)
                              hal/sound/sndhw.32 (__addsf3)
D:/Users/Alex/Desktop/Banana/kernel/libsoftfp.a(dfieeelib.o)
                              hal/libresample/src_linear.32 (__adddf3)
D:/Users/Alex/Desktop/Banana/kernel/libsoftfp.a(sfdfcvt.o)
                              hal/libresample/samplerate.32 (__truncdfsf2)
D:/Users/Alex/Desktop/Banana/kernel/libk/libm32.a(s_fabs.c.o)
                              hal/libresample/samplerate.32 (fabs)
D:/Users/Alex/Desktop/Banana/kernel/libk/libm32.a(s_lrint.S.o)
                              hal/libresample/samplerate.32 (lrint)
D:/Users/Alex/Desktop/Banana/kernel/libk/libm32.a(s_lrintf.S.o)
                              hal/sound/sndhw.32 (lrintf)

Discarded input sections

 .comment       0x0000000000000000       0x12 /cygdrive/d/Users/Alex/Desktop/Toolchain/Output/bin/../lib/gcc/i386-banana/8.1.0/crtbegin.o
 .comment       0x0000000000000000       0x12 acpica/utclib.32
 .comment       0x0000000000000000       0x12 core/malloc.32
 .comment       0x0000000000000000       0x12 libk/string.32
 .comment       0x0000000000000000       0x12 fs/fat/diskio.32
 .comment       0x0000000000000000       0x12 fs/fat/ff.32
 .comment       0x0000000000000000       0x12 fs/fat/ffsystem.32
 .comment       0x0000000000000000       0x12 fs/fat/ffunicode.32
 .comment       0x0000000000000000       0x12 hal/libresample/samplerate.32
 .comment       0x0000000000000000       0x12 hal/libresample/src_linear.32
 .comment       0x0000000000000000       0x12 hal/libresample/src_sinc.32
 .comment       0x0000000000000000       0x12 hal/libresample/src_zoh.32
 .comment       0x0000000000000000       0x12 compat/inlines.32
 .comment       0x0000000000000000       0x12 compat/resolve.32
 .group         0x0000000000000000       0x14 core/computer.32
 .group         0x0000000000000000        0xc core/computer.32
 .comment       0x0000000000000000       0x12 core/computer.32
 .comment       0x0000000000000000       0x12 core/gdt.32
 .group         0x0000000000000000        0xc core/idle.32
 .comment       0x0000000000000000       0x12 core/idle.32
 .comment       0x0000000000000000       0x12 core/idt.32
 .comment       0x0000000000000000       0x12 core/kheap.32
 .comment       0x0000000000000000       0x12 core/main.32
 .comment       0x0000000000000000       0x12 core/physmgr.32
 .group         0x0000000000000000        0xc core/pipe.32
 .comment       0x0000000000000000       0x12 core/pipe.32
 .group         0x0000000000000000        0xc core/terminal.32
 .comment       0x0000000000000000       0x12 core/terminal.32
 .comment       0x0000000000000000       0x12 core/tss.32
 .group         0x0000000000000000        0x8 core/unixfile.32
 .group         0x0000000000000000        0xc core/unixfile.32
 .group         0x0000000000000000        0xc core/unixfile.32
 .group         0x0000000000000000        0x8 core/unixfile.32
 .group         0x0000000000000000        0xc core/unixfile.32
 .group         0x0000000000000000        0x8 core/unixfile.32
 .group         0x0000000000000000        0xc core/unixfile.32
 .group         0x0000000000000000        0xc core/unixfile.32
 .comment       0x0000000000000000       0x12 core/unixfile.32
 .comment       0x0000000000000000       0x12 core/virtmgr.32
 .comment       0x0000000000000000       0x12 coreobjs/c++.32
 .comment       0x0000000000000000       0x12 dbg/kconsole.32
 .group         0x0000000000000000        0xc fs/vfs.32
 .group         0x0000000000000000        0xc fs/vfs.32
 .group         0x0000000000000000        0xc fs/vfs.32
 .comment       0x0000000000000000       0x12 fs/vfs.32
 .group         0x0000000000000000        0xc hal/bus.32
 .comment       0x0000000000000000       0x12 hal/bus.32
 .group         0x0000000000000000        0xc hal/buzzer.32
 .comment       0x0000000000000000       0x12 hal/buzzer.32
 .group         0x0000000000000000        0xc hal/clock.32
 .comment       0x0000000000000000       0x12 hal/clock.32
 .group         0x0000000000000000       0x14 hal/device.32
 .group         0x0000000000000000        0xc hal/device.32
 .group         0x0000000000000000        0xc hal/device.32
 .group         0x0000000000000000        0xc hal/device.32
[...]
Memory Configuration

Name             Origin             Length             Attributes
*default*        0x0000000000000000 0xffffffffffffffff

Linker script and memory map

LOAD D:/Users/Alex/Desktop/Banana/kernel/boot.32
LOAD crti.32
LOAD /cygdrive/d/Users/Alex/Desktop/Toolchain/Output/bin/../lib/gcc/i386-banana/8.1.0/crtbegin.o
LOAD D:/Users/Alex/Desktop/Banana/kernel/morenasm.32
LOAD acpica/utclib.32
LOAD core/malloc.32
LOAD libk/string.32
LOAD fs/fat/diskio.32
LOAD fs/fat/ff.32
LOAD fs/fat/ffsystem.32
LOAD fs/fat/ffunicode.32
LOAD hal/libresample/samplerate.32
LOAD hal/libresample/src_linear.32
LOAD hal/libresample/src_sinc.32
LOAD hal/libresample/src_zoh.32
LOAD compat/inlines.32
LOAD compat/resolve.32
LOAD core/computer.32
LOAD core/gdt.32
LOAD core/idle.32
LOAD core/idt.32
LOAD core/kheap.32
LOAD core/main.32
LOAD core/physmgr.32
LOAD core/pipe.32
LOAD core/terminal.32
LOAD core/tss.32
LOAD core/unixfile.32
LOAD core/virtmgr.32
LOAD coreobjs/c++.32
LOAD dbg/kconsole.32
LOAD fs/vfs.32
LOAD hal/bus.32
LOAD hal/buzzer.32
LOAD hal/clock.32
LOAD hal/device.32
LOAD hal/diskctrl.32
LOAD hal/diskphys.32
LOAD hal/fpu.32
LOAD hal/intctrl.32
LOAD hal/keybrd.32
LOAD hal/logidisk.32
LOAD hal/mouse.32
LOAD hal/partition.32
LOAD hal/serial.32
LOAD hal/timer.32
LOAD hal/vcache.32
LOAD hal/video.32
LOAD hw/acpi.32
LOAD hw/cpu.32
LOAD hw/ports.32
LOAD krnl/env.32
LOAD krnl/panic.32
LOAD net/ethernet.32
LOAD reg/registry.32
LOAD sys/sc_exit.32
LOAD sys/sc_getcwd.32
LOAD sys/sc_getpid.32
LOAD sys/sc_loaddll.32
LOAD sys/sc_read.32
LOAD sys/sc_sbrk.32
LOAD sys/sc_setcwd.32
LOAD sys/sc_settime.32
LOAD sys/sc_timezone.32
LOAD sys/sc_write.32
LOAD sys/sc_yield.32
LOAD sys/syscalls.32
LOAD thr/elf.32
LOAD thr/prcssthr.32
LOAD vm86/vm8086.32
LOAD vm86/x87em.32
LOAD fs/fat/vfslink.32
LOAD fs/iso9660/vfslink.32
LOAD hal/sound/sndchannel.32
LOAD hal/sound/sndhw.32
LOAD hw/bus/isa.32
LOAD hw/bus/pci.32
LOAD hw/diskctrl/ide.32
LOAD hw/diskctrl/satabus.32
LOAD hw/diskphys/ata.32
LOAD hw/diskphys/atapi.32
LOAD hw/diskphys/sata.32
LOAD hw/fpu/avx.32
LOAD hw/fpu/mmx.32
LOAD hw/fpu/sse.32
LOAD hw/fpu/x87.32
LOAD hw/intctrl/apic.32
LOAD hw/intctrl/pic.32
LOAD hw/timer/apictimer.32
LOAD hw/timer/pit.32
LOAD hw/fpu/x86/avx.32
LOAD hw/fpu/x86/sse.32
LOAD hw/fpu/x86/x87.32
LOAD /cygdrive/d/Users/Alex/Desktop/Toolchain/Output/bin/../lib/gcc/i386-banana/8.1.0/crtend.o
LOAD crtn.32
LOAD /cygdrive/d/Users/Alex/Desktop/Toolchain/Output/bin/../lib/gcc/i386-banana/8.1.0/libkgcc.a
LOAD D:/Users/Alex/Desktop/Banana/kernel/libsoftfp.a
LOAD D:/Users/Alex/Desktop/Banana/kernel/libk/libm32.a
                0x00000000c0000000                . = 0xc0000000

.text           0x00000000c0000000    0x27488
 *(.text)
 .text          0x00000000c0000000       0x41 D:/Users/Alex/Desktop/Banana/kernel/boot.32
                0x00000000c0000020                callGlobalConstructors
 .text          0x00000000c0000041        0x0 crti.32
 *fill*         0x00000000c0000041        0x3 
 .text          0x00000000c0000044      0x101 /cygdrive/d/Users/Alex/Desktop/Toolchain/Output/bin/../lib/gcc/i386-banana/8.1.0/crtbegin.o
 *fill*         0x00000000c0000145        0xb 
 .text          0x00000000c0000150      0x4ed D:/Users/Alex/Desktop/Banana/kernel/morenasm.32
                0x00000000c0000150                manualPCIProbe
                0x00000000c000019b                prepareTramp
                0x00000000c00001b4                voodooXADD
                0x00000000c000027f                doTPAUSE
                0x00000000c0000289                hasLegacyFPU
                0x00000000c00002ae                is486
                0x00000000c00002e4                detectCPUID
                0x00000000c00002fa                goToVM86
                0x00000000c000032a                goToUsermode
                0x00000000c0000354                switchToThreadASMFirstTime
                0x00000000c0000362                switchToThreadASM
                0x00000000c00003ea                asmQuickAcquireLock
                0x00000000c0000408                asmQuickReleaseLock
                0x00000000c0000414                asmAcquireLock
                0x00000000c0000435                asmReleaseLock
                0x00000000c0000448                loadGDT
                0x00000000c0000468                isr0
                0x00000000c0000478                isr1
                0x00000000c0000482                isr2
                0x00000000c000048c                isr3
                0x00000000c0000496                isr4
                0x00000000c00004a0                isr5
                0x00000000c00004aa                isr6
                0x00000000c00004b4                isr7
                0x00000000c00004be                isr8
                0x00000000c00004c6                isr9
                0x00000000c00004d0                isr10
                0x00000000c00004d8                isr11
                0x00000000c00004e0                isr12
                0x00000000c00004e8                isr13
                0x00000000c00004f0                isr14
                0x00000000c00004f8                isr15
                0x00000000c0000502                isr16
                0x00000000c000050c                isr17
                0x00000000c0000516                isr18
                0x00000000c0000520                irq3
                0x00000000c000052a                irq4
                0x00000000c0000534                irq5
                0x00000000c000053e                irq6
                0x00000000c0000548                irq7
                0x00000000c0000552                irq8
                0x00000000c000055c                irq9
                0x00000000c0000566                irq10
                0x00000000c0000570                irq11
                0x00000000c000057a                irq12
                0x00000000c0000584                irq13
                0x00000000c000058e                irq14
                0x00000000c0000598                irq15
                0x00000000c00005a2                irq1
                0x00000000c00005a9                irq2
                0x00000000c00005b0                isr96
                0x00000000c00005b7                irq0
                0x00000000c00005bc                int_common_stub
                0x00000000c00005bc                syscall_common_stub
                0x00000000c00005ed                irq16
                0x00000000c00005f7                irq17
                0x00000000c0000601                irq18
                0x00000000c000060b                irq19
                0x00000000c0000615                irq20
                0x00000000c000061f                irq21
                0x00000000c0000629                irq22
                0x00000000c0000633                irq23
 .text          0x00000000c000063d      0x3fd acpica/utclib.32
                0x00000000c000063d                memcmp
                0x00000000c0000668                memmove
                0x00000000c00006a0                memcpy
                0x00000000c00006c4                memset
                0x00000000c00006e1                strlen
                0x00000000c00006f1                strpbrk
                0x00000000c0000714                strtok
                0x00000000c0000763                strcpy
                0x00000000c0000783                strncpy
                0x00000000c00007b4                strcmp
                0x00000000c00007d5                strchr
                0x00000000c00007eb                strncmp
                0x00000000c000081a                strcat
                0x00000000c0000841                strncat
                0x00000000c000087b                strstr
                0x00000000c00008b8                toupper
                0x00000000c00008cc                tolower
                0x00000000c00008e0                simple_strtoul
 .text          0x00000000c0000a3a      0xfbf core/malloc.32
                0x00000000c0000ba5                dlfree
                0x00000000c0000f00                dlmalloc
                0x00000000c000143d                dlrealloc
                0x00000000c00015f2                dlmemalign
                0x00000000c0001715                dlcalloc
                0x00000000c00017af                dlcfree
                0x00000000c00017b4                dlindependent_calloc
                0x00000000c00017d9                dlindependent_comalloc
                0x00000000c00017f0                dlvalloc
                0x00000000c000181b                dlpvalloc
                0x00000000c0001851                dlmalloc_trim
                0x00000000c000185e                dlmalloc_usable_size
                0x00000000c000188f                dlmallinfo
                0x00000000c000195e                dlmalloc_stats
                0x00000000c000196f                dlmallopt
 .text          0x00000000c00019f9        0x0 libk/string.32
 .text          0x00000000c00019f9       0x51 fs/fat/diskio.32
                0x00000000c00019f9                disk_status
                0x00000000c00019fc                disk_initialize
                0x00000000c00019ff                disk_read
                0x00000000c0001a15                disk_write
                0x00000000c0001a2b                disk_ioctl
 .text          0x00000000c0001a4a     0x6833 fs/fat/ff.32
                0x00000000c0004d18                f_mount
                0x00000000c0004d7a                f_open
                0x00000000c00051b6                f_read
                0x00000000c0005436                f_write
                0x00000000c00056f0                f_sync
                0x00000000c00058cc                f_close
                0x00000000c00058fb                f_lseek
                0x00000000c0005db2                f_opendir
                0x00000000c0005eb4                f_closedir
                0x00000000c0005ed6                f_readdir
                0x00000000c0005f71                f_stat
                0x00000000c0006000                f_getfree
                0x00000000c00061cb                f_truncate
                0x00000000c00062c3                f_unlink
                0x00000000c0006446                f_mkdir
                0x00000000c0006672                f_rename
                0x00000000c0006965                f_chmod
                0x00000000c0006a43                f_utime
                0x00000000c0006b21                f_getlabel
                0x00000000c0006d0f                f_setlabel
                0x00000000c0006f7c                f_forward
                0x00000000c000715a                f_mkfs
 .text          0x00000000c000827d       0x2d fs/fat/ffsystem.32
                0x00000000c000827d                ff_memalloc
                0x00000000c0008293                ff_memfree
 .text          0x00000000c00082aa      0x253 fs/fat/ffunicode.32
                0x00000000c00082aa                ff_uni2oem
                0x00000000c000833a                ff_oem2uni
                0x00000000c00083a6                ff_wtoupper
 .text          0x00000000c00084fd      0x8fb hal/libresample/samplerate.32
                0x00000000c0008541                src_delete
                0x00000000c000857d                src_process
                0x00000000c0008733                src_callback_read
                0x00000000c00088b0                src_set_ratio
                0x00000000c000891a                src_get_channels
                0x00000000c000893c                src_reset
                0x00000000c0008988                src_new
                0x00000000c0008a16                src_callback_new
                0x00000000c0008a78                src_get_name
                0x00000000c0008aaf                src_get_description
                0x00000000c0008ae6                src_get_version
                0x00000000c0008aec                src_is_valid_ratio
                0x00000000c0008b40                src_error
                0x00000000c0008b4e                src_strerror
                0x00000000c0008b61                src_simple
                0x00000000c0008bb4                src_short_to_float_array
                0x00000000c0008c19                src_float_to_short_array
                0x00000000c0008cd8                src_int_to_float_array
                0x00000000c0008d3b                src_float_to_int_array
 .text          0x00000000c0008df8      0x8cb hal/libresample/src_linear.32
                0x00000000c000961e                linear_get_name
                0x00000000c000962d                linear_get_description
                0x00000000c000963c                linear_set_converter
 .text          0x00000000c00096c3     0x447c hal/libresample/src_sinc.32
                0x00000000c000da56                sinc_get_name
                0x00000000c000da69                sinc_get_description
                0x00000000c000da7c                sinc_set_converter
 .text          0x00000000c000db3f      0x77c hal/libresample/src_zoh.32
                0x00000000c000e216                zoh_get_name
                0x00000000c000e225                zoh_get_description
                0x00000000c000e234                zoh_set_converter
 .text          0x00000000c000e2bb       0x23 compat/inlines.32
                0x00000000c000e2bb                CPU::current()
                0x00000000c000e2c8                operator new(unsigned long)
 .text          0x00000000c000e2de      0x111 compat/resolve.32
                0x00000000c000e2de                Krnl::resolveCompatibilitySymbol(char*)
 *fill*         0x00000000c000e3ef        0x1 
 .text          0x00000000c000e3f0      0xa11 core/computer.32
                0x00000000c000e3f0                Computer::close(int, int, void*)
                0x00000000c000e434                Krnl::firstTask()
                0x00000000c000e51e                Computer::Computer()
                0x00000000c000e51e                Computer::Computer()
                0x00000000c000e67a                Computer::setBootMessage(char const*)
                0x00000000c000e67c                Computer::detectFeatures()
                0x00000000c000e886                Computer::displayFeatures()
                0x00000000c000ebcc                Computer::rdmsr(unsigned int)
                0x00000000c000ebf8                Computer::wrmsr(unsigned int, unsigned long long)
                0x00000000c000ec30                Computer::nmiEnabled()
                0x00000000c000ec3c                Computer::readCMOS(unsigned char)
                0x00000000c000ec56                Computer::enableNMI(bool)
                0x00000000c000ec6e                Computer::open(int, int, void*)
                0x00000000c000ed44                Computer::disableNMI()
                0x00000000c000ed52                Computer::writeCMOS(unsigned char, unsigned char)
                0x00000000c000ed70                Computer::handleNMI()
                0x00000000c000edd6                Computer::setDiskActivityLight(int, bool)
 *fill*         0x00000000c000ee01        0x1 
 .text          0x00000000c000ee02      0x1b7 core/gdt.32
                0x00000000c000ee02                GDTEntry::setBase(unsigned int)
                0x00000000c000ee1e                GDTEntry::setLimit(unsigned int)
                0x00000000c000ee3c                GDT::GDT()
                0x00000000c000ee3c                GDT::GDT()
                0x00000000c000ee52                GDT::addEntry(GDTEntry)
                0x00000000c000ee8e                GDT::getNumberOfEntries()
                0x00000000c000ee96                GDT::flush()
                0x00000000c000eeb8                GDT::setup()
 .text          0x00000000c000efb9       0x62 core/idle.32
                0x00000000c000efb9                idleFunction(void*)
 *fill*         0x00000000c000f01b        0x1 
 .text          0x00000000c000f01c      0x45f core/idt.32
                0x00000000c000f01c                IDTEntry::IDTEntry(bool)
                0x00000000c000f01c                IDTEntry::IDTEntry(bool)
                0x00000000c000f08a                IDTEntry::setOffset(unsigned int)
                0x00000000c000f09e                IDT::IDT()
                0x00000000c000f09e                IDT::IDT()
                0x00000000c000f0a0                IDT::getPointerToInvalidOpcodeEntryForF00F()
                0x00000000c000f0a8                IDT::addEntry(IDTEntry, int)
                0x00000000c000f0c2                IDT::addEntry(int, void (*)(), bool)
                0x00000000c000f0fa                IDT::flush()
                0x00000000c000f114                IDT::setup()
 .text          0x00000000c000f47b      0x203 core/kheap.32
                0x00000000c000f47b                sbrk
                0x00000000c000f589                mmap
                0x00000000c000f59f                munmap
                0x00000000c000f5b5                liballoc_lock()
                0x00000000c000f5c6                liballoc_unlock()
                0x00000000c000f5d7                liballoc_alloc(int)
                0x00000000c000f5f2                liballoc_free(void*, int)
                0x00000000c000f610                realloc
                0x00000000c000f624                malloc
                0x00000000c000f634                free
                0x00000000c000f644                rfree
                0x00000000c000f654                calloc
 .text          0x00000000c000f67e      0x462 core/main.32
                0x00000000c000f67e                hwTextMode_loadInData(VgaText*)
                0x00000000c000f6c9                hwTextMode_loadInTitle(VgaText*, char*)
                0x00000000c000f747                hwTextMode_showCursor(VgaText*, bool)
                0x00000000c000f7a5                hwTextMode_update(VgaText*)
                0x00000000c000f7a6                hwTextMode_updateCursor(VgaText*)
                0x00000000c000f7f7                hwTextMode_disableBlink(VgaText*, bool)
                0x00000000c000f83d                hwTextMode_scrollScreen(VgaText*)
                0x00000000c000f8ea                hwTextMode_writeCharacter(VgaText*, char, VgaColour, VgaColour, int, int)
                0x00000000c000f96c                setupTextMode()
                0x00000000c000f9dc                kernel_main
 .text          0x00000000c000fae0      0x54d core/physmgr.32
                0x00000000c000fae0                Phys::allocateDMA(unsigned long)
                0x00000000c000fb83                Phys::freeDMA(unsigned long, unsigned long)
                0x00000000c000fbcb                Phys::setPageState(unsigned long, bool)
                0x00000000c000fbfd                Phys::getPageState(unsigned long)
                0x00000000c000fc19                Phys::freePage(unsigned long)
                0x00000000c000fca3                Phys::allocatePage()
                0x00000000c000fd6b                Phys::allocateContiguousPages(int)
                0x00000000c000fdc5                Phys::allowSegmentToBeUsed(unsigned long, unsigned long)
                0x00000000c000fdfd                Phys::physicalMemorySetup(unsigned int)
 *fill*         0x00000000c001002d        0x1 
 .text          0x00000000c001002e      0x273 core/pipe.32
                0x00000000c001002e                Pipe::isAtty()
                0x00000000c0010032                Pipe::~Pipe()
                0x00000000c0010032                Pipe::~Pipe()
                0x00000000c0010056                Pipe::~Pipe()
                0x00000000c001007e                Pipe::read(unsigned long long, void*, int*)
                0x00000000c0010172                Pipe::write(unsigned long long, void*, int*)
                0x00000000c001023a                Pipe::Pipe(int)
                0x00000000c001023a                Pipe::Pipe(int)
 *fill*         0x00000000c00102a1        0x1 
 .text          0x00000000c00102a2      0xf73 core/terminal.32
                0x00000000c00102a2                VgaText::isAtty()
                0x00000000c00102a6                VgaText::~VgaText()
                0x00000000c00102a6                VgaText::~VgaText()
                0x00000000c00102ca                VgaText::~VgaText()
                0x00000000c00102f4                VgaText::read(unsigned long long, void*, int*)
                0x00000000c0010314                setTerminalScrollLock(bool)
                0x00000000c0010315                addToTerminalCycle(VgaText*)
                0x00000000c0010342                installVgaTextImplementation()
                0x00000000c0010357                scrollTerminalScrollLock(int)
                0x00000000c0010358                VgaText::load()
                0x00000000c00103ac                VgaText::updateCursor()
                0x00000000c00103c6                VgaText::showCursor(bool)
                0x00000000c00103d6                VgaText::disableBlink(bool)
                0x00000000c0010410                VgaText::doANSI_SGR(int)
                0x00000000c001049c                VgaText::setDefaultBgColour(VgaColour)
                0x00000000c00104b2                VgaText::setDefaultFgColour(VgaColour)
                0x00000000c00104c8                VgaText::setDefaultColours(VgaColour, VgaColour)
                0x00000000c00104e8                VgaText::combineColours(unsigned char, unsigned char)
                0x00000000c00104fa                VgaText::scrollScreen()
                0x00000000c001058e                VgaText::combineCharAndColour(char, unsigned char)
                0x00000000c00105a0                VgaText::writeCharacter(char, VgaColour, VgaColour, int, int)
                0x00000000c0010600                VgaText::getCursorX()
                0x00000000c001060c                VgaText::getCursorY()
                0x00000000c0010618                VgaText::setCursor(int, int)
                0x00000000c0010636                VgaText::setCursorX(int)
                0x00000000c0010652                VgaText::setCursorY(int)
                0x00000000c001066e                VgaText::incrementCursor(bool)
                0x00000000c00106d6                VgaText::updateRAMUsageDisplay(int)
                0x00000000c001073a                VgaText::updateDiskUsage()
                0x00000000c00108a4                VgaText::updateTitle()
                0x00000000c00108ea                VgaText::setTitleTextColour(VgaColour)
                0x00000000c00108fa                VgaText::setTitleColour(VgaColour)
                0x00000000c001090a                VgaText::setTitle(char*)
                0x00000000c0010930                VgaText::decrementCursor(bool)
                0x00000000c0010958                VgaText::putchar(char, VgaColour, VgaColour)
                0x00000000c0010a54                VgaText::isShowingCursor()
                0x00000000c0010a60                VgaText::isBlinkDisabled()
                0x00000000c0010a6e                VgaText::setCursorHeight(int)
                0x00000000c0010a8c                VgaText::getCursorHeight()
                0x00000000c0010a97                setActiveTerminal(VgaText*)
                0x00000000c0010b49                doTerminalCycle()
                0x00000000c0010b66                VgaText::doUpdate()
                0x00000000c0010b78                VgaText::puts(char const*, VgaColour, VgaColour)
                0x00000000c0010d38                VgaText::clearScreen()
                0x00000000c0010d9c                VgaText::putchar(char)
                0x00000000c0010eb6                VgaText::puts(char const*)
                0x00000000c0010edc                VgaText::putx(unsigned int)
                0x00000000c0010f22                VgaText::VgaText(char const*)
                0x00000000c0010f22                VgaText::VgaText(char const*)
                0x00000000c00110b4                VgaText::receiveKey(unsigned char)
                0x00000000c001119c                VgaText::write(unsigned long long, void*, int*)
                0x00000000c00111f0                newTerminal(char*)
 *fill*         0x00000000c0011215        0x1 
 .text          0x00000000c0011216      0x1b3 core/tss.32
                0x00000000c0011216                TSS::TSS()
                0x00000000c0011216                TSS::TSS()
                0x00000000c0011224                TSS::setESP(unsigned long)
                0x00000000c0011236                TSS::flush()
                0x00000000c0011256                TSS::setup(unsigned long, unsigned long)
 *fill*         0x00000000c00113c9        0x1 
 .text          0x00000000c00113ca      0x4c2 core/unixfile.32
                0x00000000c00113ca                ReservedFilename::read(unsigned long long, void*, int*)
                0x00000000c0011420                ReservedFilename::isAtty()
                0x00000000c001143c                ReservedFilename::write(unsigned long long, void*, int*)
                0x00000000c001149a                UnixFile::getFileDescriptor()
                0x00000000c00114a2                UnixFile::UnixFile(int)
                0x00000000c00114a2                UnixFile::UnixFile(int)
                0x00000000c0011652                ReservedFilename::ReservedFilename(int)
                0x00000000c0011652                ReservedFilename::ReservedFilename(int)
                0x00000000c0011684                UnixFile::~UnixFile()
                0x00000000c0011684                UnixFile::~UnixFile()
                0x00000000c001171c                UnixFile::~UnixFile()
                0x00000000c0011744                ReservedFilename::~ReservedFilename()
                0x00000000c0011744                ReservedFilename::~ReservedFilename()
                0x00000000c0011768                ReservedFilename::~ReservedFilename()
                0x00000000c001178f                getFromFileDescriptor(int)
 .text          0x00000000c001188c      0xee3 core/virtmgr.32
                0x00000000c001188c                Virt::setPageState(unsigned long, Virt::VirtPageState)
                0x00000000c00118c1                Virt::getPageState(unsigned long)
                0x00000000c00118e5                Virt::allocateKernelVirtualPages(int)
                0x00000000c00119f6                Virt::virtualMemorySetup()
                0x00000000c0011a75                Virt::getAKernelVAS()
                0x00000000c0011a7b                Virt::setupPageSwapping(int)
                0x00000000c0011baa                VAS::VAS()
                0x00000000c0011baa                VAS::VAS()
                0x00000000c0011bda                VAS::VAS(VAS*)
                0x00000000c0011bda                VAS::VAS(VAS*)
                0x00000000c0011bfe                VAS::getForeignPageTableEntry(bool, unsigned long)
                0x00000000c0011c2a                VAS::getPageTableEntry(unsigned long)
                0x00000000c0011c49                Virt::freeKernelVirtualPages(unsigned long)
                0x00000000c0011d6c                VAS::freeAllocatedPages(unsigned long)
                0x00000000c0011d90                VAS::virtualToPhysical(unsigned long)
                0x00000000c0011da8                VAS::reflagRange(unsigned long, int, int, int)
                0x00000000c0011de8                VAS::setToWriteCombining(unsigned long, int)
                0x00000000c0011e1a                VAS::mapOtherVASIn(bool, VAS*)
                0x00000000c0011e44                VAS::~VAS()
                0x00000000c0011e44                VAS::~VAS()
                0x00000000c0011fb0                VAS::mapPage(unsigned long, unsigned long, int)
                0x00000000c00120b0                VAS::allocatePages(int, int)
                0x00000000c0012288                VAS::setCPUSpecific(unsigned long)
                0x00000000c00122a4                VAS::mapRange(unsigned long, unsigned long, int, int)
                0x00000000c001236a                VAS::mapForeignPage(bool, VAS*, unsigned long, unsigned long, int)
                0x00000000c0012458                VAS::VAS(bool)
                0x00000000c0012458                VAS::VAS(bool)
                0x00000000c00126b3                mapVASFirstTime
 .text          0x00000000c001276f       0x95 coreobjs/c++.32
                0x00000000c001276f                __cxa_atexit
                0x00000000c0012772                __cxa_finalize
                0x00000000c0012773                __stack_chk_fail
                0x00000000c00127df                __cxa_pure_virtual
                0x00000000c00127f0                operator new[](unsigned long)
                0x00000000c00127f5                operator delete(void*, unsigned long)
                0x00000000c00127fa                operator delete[](void*)
                0x00000000c00127ff                operator delete[](void*, unsigned long)
 .text          0x00000000c0012804      0x1ef dbg/kconsole.32
                0x00000000c0012804                Dbg::stringifyxWithBase(unsigned int, char*, int)
                0x00000000c0012865                Dbg::logc(char)
                0x00000000c001287c                Dbg::logs(char*)
                0x00000000c0012899                Dbg::logWriteInt(unsigned int)
                0x00000000c00128b6                Dbg::logWriteIntBase(unsigned int, int)
                0x00000000c00128d5                Dbg::kprintf(char const*, ...)
 *fill*         0x00000000c00129f3        0x1 
 .text          0x00000000c00129f4      0xb7c fs/vfs.32
                0x00000000c00129f4                File::read(unsigned long long, void*, int*)
                0x00000000c0012a4c                File::write(unsigned long long, void*, int*)
                0x00000000c0012aa4                Directory::read(unsigned long long, void*, int*)
                0x00000000c0012afc                Directory::write(unsigned long long, void*, int*)
                0x00000000c0012b2a                File::isAtty()
                0x00000000c0012b2e                Directory::isAtty()
                0x00000000c0012b32                Filesystem::getlabel(LogicalDisk*, int, char*, unsigned int*)
                0x00000000c0012b38                Filesystem::setlabel(LogicalDisk*, int, char*)
                0x00000000c0012b3e                File::~File()
                0x00000000c0012b3e                File::~File()
                0x00000000c0012b62                File::~File()
                0x00000000c0012b8c                Directory::~Directory()
                0x00000000c0012b8c                Directory::~Directory()
                0x00000000c0012bb0                Directory::~Directory()
                0x00000000c0012bda                Filesystem::Filesystem()
                0x00000000c0012bda                Filesystem::Filesystem()
                0x00000000c0012bfe                Filesystem::~Filesystem()
                0x00000000c0012bfe                Filesystem::~Filesystem()
                0x00000000c0012c0c                Filesystem::~Filesystem()
                0x00000000c0012c30                Fs::getcwd(Process*, char*, int)
                0x00000000c0012c5a                Fs::initVFS()
                0x00000000c0012c84                Fs::standardiseFiles(char*, char const*, char const*)
                0x00000000c0012e2e                File::File(char const*, Process*)
                0x00000000c0012e2e                File::File(char const*, Process*)
                0x00000000c0012e92                File::open(FileOpenMode)
                0x00000000c0012ef0                File::close()
                0x00000000c0012f50                File::seek(unsigned long long)
                0x00000000c0012fa6                File::tell(unsigned long long*)
                0x00000000c0012ff6                File::rewind()
                0x00000000c001300a                File::unlink()
                0x00000000c0013056                File::rename(char const*)
                0x00000000c00130a4                File::chfatattr(unsigned char, unsigned char)
                0x00000000c0013100                File::exists()
                0x00000000c001313e                File::stat(unsigned long long*, bool*)
                0x00000000c001319f                Fs::setcwd(Process*, char*)
                0x00000000c00132da                Directory::Directory(char const*, Process*)
                0x00000000c00132da                Directory::Directory(char const*, Process*)
                0x00000000c001333e                Directory::open()
                0x00000000c001339a                Directory::close()
                0x00000000c00133fa                Directory::unlink()
                0x00000000c0013446                Directory::rename(char const*)
                0x00000000c0013494                Directory::exists()
                0x00000000c00134d2                Directory::read(dirent*)
                0x00000000c001351e                Directory::create()
                0x00000000c001356a                Filesystem::chfatattr(char const*, unsigned char, unsigned char)
 .text          0x00000000c0013570       0x84 hal/bus.32
                0x00000000c0013570                Bus::Bus(char const*)
                0x00000000c0013570                Bus::Bus(char const*)
                0x00000000c00135a6                Bus::~Bus()
                0x00000000c00135a6                Bus::~Bus()
                0x00000000c00135ca                Bus::~Bus()
 .text          0x00000000c00135f4      0x14e hal/buzzer.32
                0x00000000c00135f4                Buzzer::Buzzer(char const*)
                0x00000000c00135f4                Buzzer::Buzzer(char const*)
                0x00000000c0013638                Buzzer::~Buzzer()
                0x00000000c0013638                Buzzer::~Buzzer()
                0x00000000c001365c                Buzzer::~Buzzer()
                0x00000000c0013686                Buzzer::stop()
                0x00000000c0013699                beepThread(void*)
                0x00000000c00136d4                Buzzer::beep(int, int, bool)
 .text          0x00000000c0013742      0x467 hal/clock.32
                0x00000000c0013742                User::loadClockSettings(int)
                0x00000000c0013794                Clock::Clock(char const*)
                0x00000000c0013794                Clock::Clock(char const*)
                0x00000000c00137ca                Clock::~Clock()
                0x00000000c00137ca                Clock::~Clock()
                0x00000000c00137ee                Clock::~Clock()
                0x00000000c0013818                Clock::timeInSecondsLocal()
                0x00000000c0013860                Clock::setTimeInSecondsLocal(unsigned long long)
                0x00000000c00138b9                datetimeToSeconds(datetime_t)
                0x00000000c00139e0                Clock::setTimeInDatetimeLocal(datetime_t)
                0x00000000c0013a40                secondsToDatetime(unsigned long long)
                0x00000000c0013b84                Clock::timeInDatetimeLocal()
 *fill*         0x00000000c0013ba9        0x1 
 .text          0x00000000c0013baa      0x4de hal/device.32
                0x00000000c0013baa                Device::hibernate()
                0x00000000c0013bac                Device::wake()
                0x00000000c0013bae                Device::detect()
                0x00000000c0013bb0                Device::disableLegacy()
                0x00000000c0013bb2                Device::powerSaving(PowerSavingLevel)
                0x00000000c0013bb4                DriverlessDevice::close(int, int, void*)
                0x00000000c0013bb8                DriverlessDevice::detect()
                0x00000000c0013bba                DriverlessDevice::open(int, int, void*)
                0x00000000c0013bce                Device::~Device()
                0x00000000c0013bce                Device::~Device()
                0x00000000c0013bdc                Device::~Device()
                0x00000000c0013c04                Device::findAndLoadDriver()
                0x00000000c0013c06                Device::preOpenPCI(PCIDeviceInfo)
                0x00000000c0013c2c                Device::preOpenACPI(void*, char*, char*)
                0x00000000c0013c80                Device::addIRQHandler(int, void (*)(regs*, void*), bool, void*)
                0x00000000c0013cbe                Device::removeIRQHandler(int, void (*)(regs*, void*), bool)
                0x00000000c0013cfc                Device::addChild(Device*)
                0x00000000c0013d40                Device::removeAllChildren()
                0x00000000c0013d86                Device::hibernateAll()
                0x00000000c0013db6                Device::wakeAll()
                0x00000000c0013de6                Device::detectAll()
                0x00000000c0013e16                Device::disableLegacyAll()
                0x00000000c0013e46                Device::loadDriversForAll()
                0x00000000c0013e72                Device::closeAll()
                0x00000000c0013ea8                Device::powerSavingAll(PowerSavingLevel)
                0x00000000c0013ede                Device::setName(char const*)
                0x00000000c0013eec                Device::Device(char const*)
                0x00000000c0013eec                Device::Device(char const*)
                0x00000000c0013fe8                Device::getName()
                0x00000000c0013ff2                DriverlessDevice::DriverlessDevice(char const*)
                0x00000000c0013ff2                DriverlessDevice::DriverlessDevice(char const*)
                0x00000000c001401a                Device::addToLinkedList(LinkedList<Device>&, DeviceType)
                0x00000000c001405e                getDevicesOfType(DeviceType)
 .text          0x00000000c0014088       0x84 hal/diskctrl.32
                0x00000000c0014088                HardDiskController::HardDiskController(char const*)
                0x00000000c0014088                HardDiskController::HardDiskController(char const*)
                0x00000000c00140be                HardDiskController::~HardDiskController()
                0x00000000c00140be                HardDiskController::~HardDiskController()
                0x00000000c00140e2                HardDiskController::~HardDiskController()
 .text          0x00000000c001410c       0xde hal/diskphys.32
                0x00000000c001410c                PhysicalDisk::PhysicalDisk(char const*, int)
                0x00000000c001410c                PhysicalDisk::PhysicalDisk(char const*, int)
                0x00000000c0014174                PhysicalDisk::startCache()
                0x00000000c001419c                PhysicalDisk::~PhysicalDisk()
                0x00000000c001419c                PhysicalDisk::~PhysicalDisk()
                0x00000000c00141c0                PhysicalDisk::~PhysicalDisk()
 .text          0x00000000c00141ea      0x13b hal/fpu.32
                0x00000000c00141ea                FPU::FPU(char const*)
                0x00000000c00141ea                FPU::FPU(char const*)
                0x00000000c0014220                FPU::~FPU()
                0x00000000c0014220                FPU::~FPU()
                0x00000000c0014244                FPU::~FPU()
                0x00000000c001426e                setupFPU()
 *fill*         0x00000000c0014325        0x1 
 .text          0x00000000c0014326     0x12b1 hal/intctrl.32
                0x00000000c0014326                InterruptController::uninstallISRHandler(int, void (*)(regs*, void*))
                0x00000000c001435e                InterruptController::installISRHandler(int, void (*)(regs*, void*), void*)
                0x00000000c00143b0                doubleFault(regs*, void*)
                0x00000000c00143ca                InterruptController::installIRQHandler(int, void (*)(regs*, void*), bool, void*)
                0x00000000c0014466                InterruptController::clearAllHandlers(int, bool)
                0x00000000c001450e                InterruptController::uninstallIRQHandler(int, void (*)(regs*, void*), bool)
                0x00000000c0014595                nmiHandler(regs*, void*)
                0x00000000c00145a3                int_handler
                0x00000000c0014644                InterruptController::InterruptController(char const*)
                0x00000000c0014644                InterruptController::InterruptController(char const*)
                0x00000000c00146ea                InterruptController::~InterruptController()
                0x00000000c00146ea                InterruptController::~InterruptController()
                0x00000000c001470e                InterruptController::~InterruptController()
                0x00000000c0014738                displayDebugInfo(regs*)
                0x00000000c0014b3d                x87EmulHandler(regs*, void*)
                0x00000000c0014b6c                gpFault(regs*, void*)
                0x00000000c0014ba5                pgFault(regs*, void*)
                0x00000000c0014bbc                otherISRHandler(regs*, void*)
                0x00000000c0014bdb                opcodeFault(regs*, void*)
                0x00000000c001519a                displayProgramFault(char const*)
                0x00000000c00151c2                setupInterruptController()
                0x00000000c001558a                InterruptController::convertLegacyIRQNumber(int)
 *fill*         0x00000000c00155d7        0x1 
 .text          0x00000000c00155d8      0x69a hal/keybrd.32
                0x00000000c00155d8                startGUI(void*)
                0x00000000c0015634                startGUIVESA(void*)
                0x00000000c0015690                sendKeyToTerminal(unsigned char)
                0x00000000c00156fc                sendKeyboardToken(KeyboardToken)
                0x00000000c0015b0c                clearInternalKeybuffer(VgaText*)
                0x00000000c0015b41                readKeyboard(VgaText*, char*, unsigned long)
                0x00000000c0015be8                Keyboard::Keyboard(char const*)
                0x00000000c0015be8                Keyboard::Keyboard(char const*)
                0x00000000c0015c24                Keyboard::~Keyboard()
                0x00000000c0015c24                Keyboard::~Keyboard()
                0x00000000c0015c48                Keyboard::~Keyboard()
 .text          0x00000000c0015c72      0x400 hal/logidisk.32
                0x00000000c0015c72                LogicalDisk::close(int, int, void*)
                0x00000000c0015c76                LogicalDisk::~LogicalDisk()
                0x00000000c0015c76                LogicalDisk::~LogicalDisk()
                0x00000000c0015c9a                LogicalDisk::~LogicalDisk()
                0x00000000c0015cc4                LogicalDisk::open(int, int, void*)
                0x00000000c0015cd8                LogicalDisk::absoluteToRelative(unsigned long long)
                0x00000000c0015d10                LogicalDisk::relativeToAbsolute(unsigned long long)
                0x00000000c0015d56                LogicalDisk::LogicalDisk(char const*, PhysicalDisk*, unsigned long long, unsigned long long)
                0x00000000c0015d56                LogicalDisk::LogicalDisk(char const*, PhysicalDisk*, unsigned long long, unsigned long long)
                0x00000000c0015e0c                LogicalDisk::assignDriveLetter()
                0x00000000c0015ec2                LogicalDisk::mount()
                0x00000000c0015f34                LogicalDisk::unmount()
                0x00000000c0015f44                LogicalDisk::unassignDriveLetter()
                0x00000000c0015f9a                LogicalDisk::read(unsigned long long, int, void*)
                0x00000000c0016006                LogicalDisk::write(unsigned long long, int, void*)
 .text          0x00000000c0016072       0x84 hal/mouse.32
                0x00000000c0016072                Mouse::Mouse(char const*)
                0x00000000c0016072                Mouse::Mouse(char const*)
                0x00000000c00160a8                Mouse::~Mouse()
                0x00000000c00160a8                Mouse::~Mouse()
                0x00000000c00160cc                Mouse::~Mouse()
 .text          0x00000000c00160f6      0x339 hal/partition.32
                0x00000000c00160f6                makePartition(PhysicalDisk*, unsigned long long, unsigned long long)
                0x00000000c001619e                createPartitionsForDisk(PhysicalDisk*)
 *fill*         0x00000000c001642f        0x1 
 .text          0x00000000c0016430       0x84 hal/serial.32
                0x00000000c0016430                Serial::Serial(char const*)
                0x00000000c0016430                Serial::Serial(char const*)
                0x00000000c0016466                Serial::~Serial()
                0x00000000c0016466                Serial::~Serial()
                0x00000000c001648a                Serial::~Serial()
 .text          0x00000000c00164b4      0x2b8 hal/timer.32
                0x00000000c00164b4                Timer::Timer(char const*)
                0x00000000c00164b4                Timer::Timer(char const*)
                0x00000000c00164ea                Timer::~Timer()
                0x00000000c00164ea                Timer::~Timer()
                0x00000000c001650e                Timer::~Timer()
                0x00000000c0016538                Timer::read()
                0x00000000c0016543                timerHandler(unsigned long long)
                0x00000000c001667a                setupTimer(int)
 .text          0x00000000c001676c      0x2db hal/vcache.32
                0x00000000c001676c                VCache::VCache(PhysicalDisk*)
                0x00000000c001676c                VCache::VCache(PhysicalDisk*)
                0x00000000c0016866                VCache::writeWriteBuffer()
                0x00000000c00168a2                VCache::~VCache()
                0x00000000c00168a2                VCache::~VCache()
                0x00000000c00168e2                VCache::~VCache()
                0x00000000c001690a                VCache::write(unsigned long long, int, void*)
                0x00000000c00169ee                VCache::read(unsigned long long, int, void*)
 *fill*         0x00000000c0016a47        0x1 
 .text          0x00000000c0016a48      0x4cd hal/video.32
                0x00000000c0016a48                Video::putrect(int, int, int, int, unsigned int)
                0x00000000c0016a94                Video::bitblit(int, int, int, int, int, int, int, unsigned int*)
                0x00000000c0016b04                Video::blit(unsigned int*, int, int, int, int)
                0x00000000c0016b82                Video::clearScreen(unsigned int)
                0x00000000c0016bb6                Video::putpixel(int, int, unsigned int)
                0x00000000c0016bc4                Video::Video(char const*)
                0x00000000c0016bc4                Video::Video(char const*)
                0x00000000c0016bfa                Video::~Video()
                0x00000000c0016bfa                Video::~Video()
                0x00000000c0016c1e                Video::~Video()
                0x00000000c0016c48                Video::isMonochrome()
                0x00000000c0016c54                Video::getWidth()
                0x00000000c0016c60                Video::getHeight()
                0x00000000c0016c6c                Video::drawCursor(int, int, unsigned char*, int)
                0x00000000c0016d28                Video::tgaParse(unsigned char*, int, int*, int*)
                0x00000000c0016eaa                Video::putTGA(int, int, unsigned char*, int)
 *fill*         0x00000000c0016f15        0x1 
 .text          0x00000000c0016f16      0xfcc hw/acpi.32
                0x00000000c0016f16                ACPI::close(int, int, void*)
                0x00000000c0016fcb                findRSDP()
                0x00000000c0017055                loadACPITables(unsigned char*)
                0x00000000c001727c                findRSDT(unsigned char*)
                0x00000000c001739a                findDataTable(unsigned char*, char*)
                0x00000000c0017436                scanMADT()
                0x00000000c00178bc                ACPI::ACPI()
                0x00000000c00178bc                ACPI::ACPI()
                0x00000000c0017926                ACPI::getPCIIRQAssignment(unsigned char, unsigned short, unsigned char)
                0x00000000c0017a08                ACPI::registerPCIIRQAssignment(void*, unsigned short, unsigned char, unsigned char)
                0x00000000c0017b34                ACPI::setScreenBrightnessLevel(void*, int)
                0x00000000c0017b3a                ACPI::writeSimpleBootFlag(SimpleBootFlagTable*)
                0x00000000c0017b82                ACPI::open(int, int, void*)
                0x00000000c0017eca                ACPI::sleep()
 .text          0x00000000c0017ee2     0x1715 hw/cpu.32
                0x00000000c0017ee2                CPU::close(int, int, void*)
                0x00000000c0017ee6                CPU::lookupAMDName(unsigned char, unsigned char)
                0x00000000c001807a                CPU::lookupIntelName(unsigned char, unsigned char)
                0x00000000c0018328                CPU::AMD_K6_write_msr(unsigned int, unsigned int, unsigned int, CPU::REGS*)
                0x00000000c0018344                CPU::AMD_K6_read_msr(unsigned int, CPU::REGS*)
                0x00000000c001835c                CPU::AMD_K6_writeback(int, int, int)
                0x00000000c00183d0                CPU::cpuid(int, unsigned long*, unsigned long*, unsigned long*, unsigned long*)
                0x00000000c0018454                CPU::cpuidCheckEDX(unsigned int)
                0x00000000c0018482                CPU::cpuidCheckECX(unsigned int)
                0x00000000c00184b0                CPU::cpuidCheckExtendedEBX(unsigned int)
                0x00000000c00184de                CPU::cpuidCheckExtendedECX(unsigned int)
                0x00000000c001850c                CPU::CPU()
                0x00000000c001850c                CPU::CPU()
                0x00000000c001859a                CPU::displayFeatures()
                0x00000000c0018816                CPU::detectFeatures()
                0x00000000c0019206                CPU::setupSMEP()
                0x00000000c0019212                CPU::setupUMIP()
                0x00000000c001921c                CPU::setupTSC()
                0x00000000c0019226                CPU::setupLargePages()
                0x00000000c0019230                CPU::setupPAT()
                0x00000000c001926c                CPU::setupMTRR()
                0x00000000c001926e                CPU::setupGlobalPages()
                0x00000000c0019278                CPU::allowUsermodeDataAccess()
                0x00000000c001928a                CPU::prohibitUsermodeDataAccess()
                0x00000000c001929c                CPU::setupSMAP()
                0x00000000c00192aa                CPU::setupFeatures()
                0x00000000c001932a                CPU::open(int, int, void*)
                0x00000000c00193fc                CPU::decodeAddress(regs*, int*, bool*, unsigned char*)
 .text          0x00000000c00195f7        0x0 hw/ports.32
 *fill*         0x00000000c00195f7        0x1 
 .text          0x00000000c00195f8      0x5d3 krnl/env.32
                0x00000000c00195f8                EnvVarContainer::getEnv(char const*)
                0x00000000c0019636                EnvVarContainer::setEnv(char const*, char const*)
                0x00000000c0019702                EnvVarContainer::deleteEnv(char const*)
                0x00000000c0019704                EnvVarContainer::loadFrom(char const*, char const*)
                0x00000000c00198fa                EnvVarContainer::__loadSystem()
                0x00000000c0019914                EnvVarContainer::__loadUser()
                0x00000000c0019916                EnvVarContainer::EnvVarContainer(Process*)
                0x00000000c0019916                EnvVarContainer::EnvVarContainer(Process*)
                0x00000000c0019938                EnvVarContainer::~EnvVarContainer()
                0x00000000c0019938                EnvVarContainer::~EnvVarContainer()
                0x00000000c0019968                Krnl::getEnv(Process*, char const*)
                0x00000000c00199cd                Krnl::setEnvSystem(char const*, char const*)
                0x00000000c00199e7                Krnl::setEnvUser(char const*, char const*)
                0x00000000c0019a06                Krnl::setEnvProcess(Process*, char const*, char const*)
                0x00000000c0019a19                Krnl::deleteEnvSystem(char const*)
                0x00000000c0019a1a                Krnl::deleteEnvUser(char const*)
                0x00000000c0019a1b                Krnl::deleteEnvProcess(Process*, char const*)
                0x00000000c0019a1c                Krnl::newProcessEnv(Process*)
                0x00000000c0019a3e                Krnl::copyProcessEnv(Process*, Process*)
                0x00000000c0019a92                Krnl::loadSystemEnv()
                0x00000000c0019ac0                Krnl::loadUserEnv()
                0x00000000c0019ae6                Krnl::flushEnv()
                0x00000000c0019ae7                Krnl::getProcessTotalEnvCount(Process*)
                0x00000000c0019b07                Krnl::getProcessEnvPair(Process*, int)
 .text          0x00000000c0019bcb      0x32c krnl/panic.32
                0x00000000c0019bcb                Krnl::panic(char const*)
 .text          0x00000000c0019ef7      0x3b6 net/ethernet.32
                0x00000000c0019ef7                Net::switchEndian16(unsigned short)
                0x00000000c0019f18                Net::switchEndian32(unsigned int)
                0x00000000c0019f47                Net::crc32Calc(unsigned char*, int)
                0x00000000c0019fd8                Net::wrapEthernetFrame(Net::UnwrappedEthernetFrame, unsigned char*)
                0x00000000c001a114                Net::unwrapEthernetFrame(unsigned char*, int)
 .text          0x00000000c001a2ad      0x513 reg/registry.32
                0x00000000c001a2ad                Reg::findLineFromLoadedData(char*, char*, char*)
                0x00000000c001a405                Reg::getLineFromRegistry(char*, char*, char*, char*)
                0x00000000c001a55a                Reg::getLine(char*, char*, char*)
                0x00000000c001a591                Reg::readInt(char*, char*, int*)
                0x00000000c001a67c                Reg::readString(char*, char*, char*, int)
                0x00000000c001a6fd                Reg::readBool(char*, char*, bool*)
                0x00000000c001a722                Reg::readBoolWithDefault(char*, char*, bool)
                0x00000000c001a74e                Reg::readIntWithDefault(char*, char*, int)
                0x00000000c001a77a                Reg::readStringWithDefault(char*, char*, char*, int, char*)
 .text          0x00000000c001a7c0       0x18 sys/sc_exit.32
                0x00000000c001a7c0                Sys::exit(regs*)
 .text          0x00000000c001a7d8       0x1f sys/sc_getcwd.32
                0x00000000c001a7d8                Sys::getCwd(regs*)
 .text          0x00000000c001a7f7        0xc sys/sc_getpid.32
                0x00000000c001a7f7                Sys::getPID(regs*)
 .text          0x00000000c001a803       0xa8 sys/sc_loaddll.32
                0x00000000c001a803                Sys::loadDLL(regs*)
 .text          0x00000000c001a8ab       0x68 sys/sc_read.32
                0x00000000c001a8ab                Sys::read(regs*)
 .text          0x00000000c001a913       0x55 sys/sc_sbrk.32
                0x00000000c001a913                Sys::sbrk(regs*)
 .text          0x00000000c001a968       0x1c sys/sc_setcwd.32
                0x00000000c001a968                Sys::setCwd(regs*)
 .text          0x00000000c001a984      0x128 sys/sc_settime.32
                0x00000000c001a984                Sys::setTime(regs*)
 .text          0x00000000c001aaac       0x4a sys/sc_timezone.32
                0x00000000c001aaac                Sys::timezone(regs*)
 .text          0x00000000c001aaf6       0x68 sys/sc_write.32
                0x00000000c001aaf6                Sys::write(regs*)
 .text          0x00000000c001ab5e       0x3b sys/sc_yield.32
                0x00000000c001ab5e                Sys::yield(regs*)
 .text          0x00000000c001ab99     0x101e sys/syscalls.32
                0x00000000c001ab99                sysCallSeekDir(regs*)
                0x00000000c001ab9e                sysCallTellDir(regs*)
                0x00000000c001aba3                sysCallVerify(regs*)
                0x00000000c001abad                sysCallGetArgc(regs*)
                0x00000000c001abbd                sysFormatDisk(regs*)
                0x00000000c001ac27                sysSetDiskVolumeLabel(regs*)
                0x00000000c001ac6d                sysGetDiskVolumeLabel(regs*)
                0x00000000c001acbe                sysShutdown(regs*)
                0x00000000c001ad1c                sysCallRealpath(regs*)
                0x00000000c001ad5f                sysCallReadDir(regs*)
                0x00000000c001aded                sysCallIsATTY(regs*)
                0x00000000c001ae47                sysCallSeek(regs*)
                0x00000000c001aeb0                sysCallTell(regs*)
                0x00000000c001af2d                sysCallSize(regs*)
                0x00000000c001afb0                sysCallSizeFromFilename(regs*)
                0x00000000c001b070                sysCallClose(regs*)
                0x00000000c001b0f8                sysCallOpenDir(regs*)
                0x00000000c001b16d                sysCallCloseDir(regs*)
                0x00000000c001b1d3                sysCallMakeDir(regs*)
                0x00000000c001b243                sysCallWait(regs*)
                0x00000000c001b25d                sysCallNotImpl(regs*)
                0x00000000c001b278                sysPanic(regs*)
                0x00000000c001b29e                sysCallRmdir(regs*)
                0x00000000c001b302                sysCallUnlink(regs*)
                0x00000000c001b366                sysCallGetArgv(regs*)
                0x00000000c001b3b2                sysCallTTYName(regs*)
                0x00000000c001b435                sysCallUSleep(regs*)
                0x00000000c001b45c                sysCallSpawn(regs*)
                0x00000000c001b4b4                sysCallGetEnv(regs*)
                0x00000000c001b561                sysAppSettings(regs*)
                0x00000000c001b680                sysSetFatAttrib(regs*)
                0x00000000c001b6f2                sysPipe(regs*)
                0x00000000c001b737                sysGetUnixTime(regs*)
                0x00000000c001b74b                string_ends_with(char const*, char const*)
                0x00000000c001b793                sysCallOpen(regs*)
                0x00000000c001b9a8                Sys::loadSyscalls()
                0x00000000c001bb75                Sys::systemCall(regs*, void*)
 .text          0x00000000c001bbb7     0x1189 thr/elf.32
                0x00000000c001bbb7                Thr::allocateMemoryForTask(Process*, File*, unsigned long, unsigned long, unsigned long)
                0x00000000c001be34                Thr::loadProgramIntoMemory(Process*, char const*)
                0x00000000c001c04a                Thr::runtimeReferenceHelper()
                0x00000000c001c05d                Thr::getAddressOfKernelSymbol(char const*)
                0x00000000c001c0ac                Thr::loadKernelSymbolTable(char const*)
                0x00000000c001c368                Thr::loadDriverIntoMemory(char const*, unsigned long, bool)
                0x00000000c001ca84                Thr::getDriverBaseFromAddress(unsigned long)
                0x00000000c001cab6                Thr::getDriverNameFromAddress(unsigned long)
                0x00000000c001caed                Thr::getDriverOffsetFromAddress(unsigned long)
                0x00000000c001cb07                Thr::loadDLL(char const*, bool)
                0x00000000c001cd16                Thr::executeDLL(unsigned long, void*)
 .text          0x00000000c001cd40     0x1056 thr/prcssthr.32
                0x00000000c001cd40                changeTSS
                0x00000000c001cd70                Process::addArgs(char**)
                0x00000000c001cdca                Process::Process(char const*, Process*, char**)
                0x00000000c001cdca                Process::Process(char const*, Process*, char**)
                0x00000000c001cfae                Process::Process(bool, char const*, Process*, char**)
                0x00000000c001cfae                Process::Process(bool, char const*, Process*, char**)
                0x00000000c001d15d                disableIRQs()
                0x00000000c001d165                getIRQNestingLevel()
                0x00000000c001d16b                enableIRQs()
                0x00000000c001d17a                lockScheduler()
                0x00000000c001d17c                unlockScheduler()
                0x00000000c001d17e                userModeEntryPoint(void*)
                0x00000000c001d1a1                lockStuff()
                0x00000000c001d1ad                taskStartupFunction
                0x00000000c001d1b6                updateTimeUsed()
                0x00000000c001d21b                switchToThread(ThreadControlBlock*)
                0x00000000c001d26c                Semaphore::Semaphore(int)
                0x00000000c001d26c                Semaphore::Semaphore(int)
                0x00000000c001d29a                Mutex::Mutex()
                0x00000000c001d29a                Mutex::Mutex()
                0x00000000c001d2ac                Process::createThread(void (*)(void*), void*, int)
                0x00000000c001d390                Process::createUserThread()
                0x00000000c001d3ac                setupMultitasking(void (*)())
                0x00000000c001d4b6                schedule()
                0x00000000c001d53b                unlockStuff()
                0x00000000c001d570                Semaphore::tryAcquire()
                0x00000000c001d59e                Semaphore::assertLocked(char const*)
                0x00000000c001d5ce                blockTaskWithSchedulerLockAlreadyHeld(TaskState)
                0x00000000c001d610                blockTask(TaskState)
                0x00000000c001d631                waitTask(int, int*, int)
                0x00000000c001d673                nanoSleepUntil(unsigned long long)
                0x00000000c001d6ca                nanoSleep(unsigned long long)
                0x00000000c001d6df                sleep(unsigned long long)
                0x00000000c001d6fc                Semaphore::acquire()
                0x00000000c001d764                taskReturned
                0x00000000c001d792                unblockTask(ThreadControlBlock*)
                0x00000000c001d841                cleanupTerminatedTask(ThreadControlBlock*)
                0x00000000c001db0a                cleanerTaskFunction(void*)
                0x00000000c001dbbd                terminateTask(int)
                0x00000000c001dc9d                Thr::terminateFromIRQ(int)
                0x00000000c001dcaa                Semaphore::release()
 .text          0x00000000c001dd96      0xc26 vm86/vm8086.32
                0x00000000c001dd96                Vm::inbv(unsigned short)
                0x00000000c001dda9                Vm::outbv(unsigned short, unsigned char)
                0x00000000c001ddfc                Vm::realToLinear(unsigned short, unsigned short)
                0x00000000c001de0c                Vm::getSegment(unsigned int)
                0x00000000c001de14                Vm::getOffset(unsigned int)
                0x00000000c001de19                Vm::mainloop2()
                0x00000000c001de54                Vm::mainVm8086Loop(void*)
                0x00000000c001de61                Vm::mainloop3(unsigned long)
                0x00000000c001de8b                Vm::initialise8086()
                0x00000000c001dece                Vm::finish8086()
                0x00000000c001df13                Vm::getOutput8086(unsigned char*)
                0x00000000c001df3d                Vm::start8086(char const*, unsigned short, unsigned short, unsigned short, unsigned short)
                0x00000000c001e08d                Vm::doISR(regs*, int, unsigned char*, unsigned short, unsigned short)
                0x00000000c001e117                Vm::readByteFromReal(unsigned short, unsigned short)
                0x00000000c001e128                Vm::readWordFromReal(unsigned short, unsigned short)
                0x00000000c001e13a                Vm::readDwordFromReal(unsigned short, unsigned short)
                0x00000000c001e14b                Vm::writeByteFromReal(unsigned short, unsigned short, unsigned char)
                0x00000000c001e160                Vm::writeWordFromReal(unsigned short, unsigned short, unsigned short)
                0x00000000c001e176                Vm::writeDwordFromReal(unsigned short, unsigned short, unsigned int)
                0x00000000c001e18b                Vm::faultHandler(regs*)
 .text          0x00000000c001e9bc      0xefd vm86/x87em.32
                0x00000000c001e9bc                Vm::fpuInternalTo32(unsigned long long)
                0x00000000c001ea17                Vm::fpuInternalTo64(unsigned long long)
                0x00000000c001ea20                Vm::fpu32ToInternal(unsigned int)
                0x00000000c001ea65                Vm::fpu64ToInternal(unsigned long long)
                0x00000000c001ea6e                Vm::fpuFloatToLong(unsigned long long)
                0x00000000c001eac9                Vm::fpuULongToFloat(unsigned long long)
                0x00000000c001eaff                Vm::fpuLongToFloat(long long)
                0x00000000c001eb55                Vm::fpuGet0()
                0x00000000c001eb5a                Vm::fpuGet1()
                0x00000000c001eb62                Vm::fpuGetPi()
                0x00000000c001eb6a                Vm::fpuGetLog2E()
                0x00000000c001eb82                Vm::fpuGetLogE2()
                0x00000000c001eb9a                Vm::fpuGetLog210()
                0x00000000c001ebb2                Vm::fpuGetLog102()
                0x00000000c001ebca                Vm::fpuIsSecondLarger(unsigned long long, unsigned long long)
                0x00000000c001ebde                Vm::fpuAreEqual(unsigned long long, unsigned long long)
                0x00000000c001ebf4                Vm::fpuUnorderedCompare(unsigned long long, unsigned long long)
                0x00000000c001ec47                Vm::fpuAdd(unsigned long long, unsigned long long)
                0x00000000c001ec58                Vm::fpuAbs(unsigned long long)
                0x00000000c001ec61                Vm::fpuChs(unsigned long long)
                0x00000000c001ec71                Vm::fpuSub(unsigned long long, unsigned long long)
                0x00000000c001ec80                Vm::fpuMultiply(unsigned long long, unsigned long long)
                0x00000000c001ec9f                Vm::fpuDivide(unsigned long long, unsigned long long)
                0x00000000c001ecbb                Vm::fpuSquare(unsigned long long)
                0x00000000c001ecd1                Vm::fpuGetReg(int)
                0x00000000c001ed14                Vm::fpuSetReg(int, unsigned long long)
                0x00000000c001ed5f                Vm::fpuPush(unsigned long long)
                0x00000000c001edbc                Vm::fpuPop()
                0x00000000c001ee0e                Vm::x87Handler(regs*)
 *fill*         0x00000000c001f8b9        0x1 
 .text          0x00000000c001f8ba     0x10ed fs/fat/vfslink.32
                0x00000000c001f8ba                FAT::getName()
                0x00000000c001f8c0                FAT::tell(void*, unsigned long long*)
                0x00000000c001f8f4                FAT::stat(void*, unsigned long long*)
                0x00000000c001f928                FAT::~FAT()
                0x00000000c001f928                FAT::~FAT()
                0x00000000c001f94c                FAT::~FAT()
                0x00000000c001f974                FAT::getlabel(LogicalDisk*, int, char*, unsigned int*)
                0x00000000c001fa12                FAT::setlabel(LogicalDisk*, int, char*)
                0x00000000c001facc                FAT::format(LogicalDisk*, int, char const*, int)
                0x00000000c001fcb0                FAT::tryMount(LogicalDisk*, int)
                0x00000000c001feb6                FAT::readDir(void*, unsigned long, void*, int*)
                0x00000000c001ffbc                FAT::read(void*, unsigned long, void*, int*)
                0x00000000c0020016                FAT::write(void*, unsigned long, void*, int*)
                0x00000000c0020070                FAT::close(void*)
                0x00000000c00200bc                FAT::closeDir(void*)
                0x00000000c0020108                FAT::seek(void*, unsigned long long)
                0x00000000c002015c                fatWrapperReadDisk
                0x00000000c00201a3                fatWrapperWriteDisk
                0x00000000c00201ea                fatWrapperIoctl
                0x00000000c00202ee                FAT::FAT()
                0x00000000c00202ee                FAT::FAT()
                0x00000000c0020340                FAT::fixFilepath(char*)
                0x00000000c0020378                FAT::open(char const*, void**, FileOpenMode)
                0x00000000c00204a0                FAT::openDir(char const*, void**)
                0x00000000c0020546                FAT::stat(char const*, unsigned long long*, bool*)
                0x00000000c0020630                FAT::unlink(char const*)
                0x00000000c00206aa                FAT::chfatattr(char const*, unsigned char, unsigned char)
                0x00000000c00207fe                FAT::rename(char const*, char const*)
                0x00000000c00208c2                FAT::mkdir(char const*)
                0x00000000c002093c                FAT::exists(char const*)
 *fill*         0x00000000c00209a7        0x1 
 .text          0x00000000c00209a8      0xbc1 fs/iso9660/vfslink.32
                0x00000000c00209a8                ISO9660::format(LogicalDisk*, int, char const*, int)
                0x00000000c00209ae                ISO9660::seek(void*, unsigned long long)
                0x00000000c00209de                ISO9660::tell(void*, unsigned long long*)
                0x00000000c0020a02                ISO9660::getName()
                0x00000000c0020a08                ISO9660::stat(void*, unsigned long long*)
                0x00000000c0020a2c                ISO9660::chfatattr(char const*, unsigned char, unsigned char)
                0x00000000c0020a32                ISO9660::unlink(char const*)
                0x00000000c0020a38                ISO9660::write(void*, unsigned long, void*, int*)
                0x00000000c0020a3e                ISO9660::rename(char const*, char const*)
                0x00000000c0020a44                ISO9660::mkdir(char const*)
                0x00000000c0020a4a                ISO9660::close(void*)
                0x00000000c0020a6c                ISO9660::closeDir(void*)
                0x00000000c0020a8e                ISO9660::~ISO9660()
                0x00000000c0020a8e                ISO9660::~ISO9660()
                0x00000000c0020ab2                ISO9660::~ISO9660()
                0x00000000c0020ad9                __memmem(unsigned char*, int, unsigned char*, int)
                0x00000000c0020b1b                readSectorFromCDROM(unsigned int, unsigned char*, char)
                0x00000000c0020b82                ISO9660::tryMount(LogicalDisk*, int)
                0x00000000c0020bd2                ISO9660::read(void*, unsigned long, void*, int*)
                0x00000000c0020dd2                ISO9660::readDir(void*, unsigned long, void*, int*)
                0x00000000c002105f                readRoot(unsigned int*, unsigned int*, char)
                0x00000000c00210b4                readRecursively(char*, unsigned int, unsigned int, unsigned int*, unsigned int*, char, int*)
                0x00000000c0021287                getFileData(char*, unsigned int*, unsigned int*, char, int*)
                0x00000000c0021316                ISO9660::open(char const*, void**, FileOpenMode)
                0x00000000c00213d6                ISO9660::exists(char const*)
                0x00000000c00213fa                ISO9660::stat(char const*, unsigned long long*, bool*)
                0x00000000c002148e                ISO9660::openDir(char const*, void**)
                0x00000000c0021546                ISO9660::ISO9660()
                0x00000000c0021546                ISO9660::ISO9660()
 *fill*         0x00000000c0021569        0x1 
 .text          0x00000000c002156a      0x326 hal/sound/sndchannel.32
                0x00000000c002156a                SoundChannel::~SoundChannel()
                0x00000000c002156a                SoundChannel::~SoundChannel()
                0x00000000c0021586                SoundChannel::setSpeed(float)
                0x00000000c0021592                SoundChannel::getSpeed()
                0x00000000c002159a                SoundChannel::setVolume(int)
                0x00000000c00215b6                SoundChannel::getVolume()
                0x00000000c00215be                SoundChannel::pause()
                0x00000000c00215c8                SoundChannel::SoundChannel(int, int, int, int)
                0x00000000c00215c8                SoundChannel::SoundChannel(int, int, int, int)
                0x00000000c002171e                SoundChannel::play()
                0x00000000c0021728                SoundChannel::paused()
                0x00000000c0021730                SoundChannel::getSampleRate()
                0x00000000c0021738                SoundChannel::getBits()
                0x00000000c0021740                SoundChannel::getBufferUsed()
                0x00000000c0021748                SoundChannel::getBufferSize()
                0x00000000c0021750                SoundChannel::unbuffer(float*, int, int)
                0x00000000c00217f0                SoundChannel::buffer8(unsigned char*, int)
 .text          0x00000000c0021890      0x3d5 hal/sound/sndhw.32
                0x00000000c0021890                SoundDevice::SoundDevice(char const*)
                0x00000000c0021890                SoundDevice::SoundDevice(char const*)
                0x00000000c00218fc                SoundDevice::~SoundDevice()
                0x00000000c00218fc                SoundDevice::~SoundDevice()
                0x00000000c0021976                SoundDevice::~SoundDevice()
                0x00000000c00219a0                SoundDevice::getFreeChannelNum()
                0x00000000c00219ba                SoundDevice::addChannel(SoundChannel*)
                0x00000000c0021a2a                SoundDevice::removeChannel(int)
                0x00000000c0021a5c                SoundDevice::floatTo8(float*, unsigned char*, int)
                0x00000000c0021b44                SoundDevice::getAudio(int, float*, float*)
 .text          0x00000000c0021c65        0x0 hw/bus/isa.32
 *fill*         0x00000000c0021c65        0x1 
 .text          0x00000000c0021c66      0x6c3 hw/bus/pci.32
                0x00000000c0021c66                PCI::open(int, int, void*)
                0x00000000c0021c7a                PCI::close(int, int, void*)
                0x00000000c0021c7e                PCI::PCI()
                0x00000000c0021c7e                PCI::PCI()
                0x00000000c0021cfe                PCI::pciReadWord(unsigned char, unsigned char, unsigned char, unsigned char)
                0x00000000c0021d46                PCI::getVendorID(unsigned char, unsigned char, unsigned char)
                0x00000000c0021d68                PCI::getHeaderType(unsigned char, unsigned char, unsigned char)
                0x00000000c0021d8c                PCI::getClassCode(unsigned char, unsigned char, unsigned char)
                0x00000000c0021dd0                PCI::getProgIF(unsigned char, unsigned char, unsigned char)
                0x00000000c0021df4                PCI::getRevisionID(unsigned char, unsigned char, unsigned char)
                0x00000000c0021e16                PCI::getInterruptNumber(unsigned char, unsigned char, unsigned char)
                0x00000000c0021e38                PCI::getSecondaryBus(unsigned char, unsigned char, unsigned char)
                0x00000000c0021e5c                PCI::getBARAddress(unsigned char, unsigned char, unsigned char, unsigned char)
                0x00000000c0021ebc                PCI::pciWriteWord(unsigned char, unsigned char, unsigned char, unsigned char, unsigned short)
                0x00000000c0021f28                PCI::checkBus(unsigned char)
                0x00000000c0021f4c                PCI::foundDevice(PCIDeviceInfo)
                0x00000000c00220be                PCI::getDeviceData(unsigned char, unsigned char, unsigned char)
                0x00000000c002226a                PCI::checkDevice(unsigned char, unsigned char)
                0x00000000c00222d6                PCI::detect()
 *fill*         0x00000000c0022329        0x1 
 .text          0x00000000c002232a      0xc70 hw/diskctrl/ide.32
                0x00000000c002232a                IDE::close(int, int, void*)
                0x00000000c002232e                IDE::IDE()
                0x00000000c002232e                IDE::IDE()
                0x00000000c0022362                IDE::prepareInterrupt(unsigned char)
                0x00000000c0022374                selectDrive(unsigned char, unsigned char)
                0x00000000c0022376                IDE::getBase(unsigned char)
                0x00000000c0022388                IDE::write(unsigned char, unsigned char, unsigned char)
                0x00000000c0022448                IDE::read(unsigned char, unsigned char)
                0x00000000c00224f6                IDE::waitInterrupt(unsigned char)
                0x00000000c002255c                ideChannel0IRQHandler(regs*, void*)
                0x00000000c0022578                ideChannel1IRQHandler(regs*, void*)
                0x00000000c0022594                IDE::enableIRQs(unsigned char, bool)
                0x00000000c00225da                IDE::open(int, int, void*)
                0x00000000c00229ea                IDE::readBuffer(unsigned char, unsigned char, unsigned int, unsigned int)
                0x00000000c0022ab6                IDE::detect()
                0x00000000c0022d9e                IDE::printError(unsigned char, unsigned char, unsigned char)
                0x00000000c0022f34                IDE::polling(unsigned char, unsigned int)
 .text          0x00000000c0022f9a      0x37a hw/diskctrl/satabus.32
                0x00000000c0022f9a                SATABus::close(int, int, void*)
                0x00000000c0022f9e                SATABus::detect()
                0x00000000c0022fa0                SATABus::SATABus()
                0x00000000c0022fa0                SATABus::SATABus()
                0x00000000c002304c                SATABus::findCmdslot(SATABus::tagHBA_PORT volatile*)
                0x00000000c0023094                SATABus::checkType(SATABus::tagHBA_PORT volatile*)
                0x00000000c00230dc                SATABus::startCmd(SATABus::tagHBA_PORT volatile*)
                0x00000000c00230fc                SATABus::stopCmd(SATABus::tagHBA_PORT volatile*)
                0x00000000c0023126                SATABus::portRebase(SATABus::tagHBA_PORT volatile*, int)
                0x00000000c002322c                SATABus::probePort(SATABus::tagHBA_MEM volatile*)
                0x00000000c00232f4                SATABus::open(int, int, void*)
 .text          0x00000000c0023314      0x62b hw/diskphys/ata.32
                0x00000000c0023314                ATA::close(int, int, void*)
                0x00000000c0023338                ATA::powerSaving(PowerSavingLevel)
                0x00000000c002333a                ATA::ATA()
                0x00000000c002333a                ATA::ATA()
                0x00000000c0023368                ATA::flush(bool)
                0x00000000c00233b2                ATA::readyForCommand()
                0x00000000c0023402                ATA::access(unsigned long long, int, void*, bool)
                0x00000000c0023780                ATA::read(unsigned long long, int, void*)
                0x00000000c00237e8                ATA::write(unsigned long long, int, void*)
                0x00000000c0023850                ATA::detectCHS()
                0x00000000c002387a                ATA::open(int, int, void*)
 *fill*         0x00000000c002393f        0x1 
 .text          0x00000000c0023940      0x5b3 hw/diskphys/atapi.32
                0x00000000c0023940                ATAPI::write(unsigned long long, int, void*)
                0x00000000c0023946                ATAPI::close(int, int, void*)
                0x00000000c002396a                ATAPI::ATAPI()
                0x00000000c002396a                ATAPI::ATAPI()
                0x00000000c0023998                ATAPI::readyForCommand()
                0x00000000c00239e8                ATAPI::sendPacket(unsigned char*, int, bool, unsigned short*, int)
                0x00000000c0023ca8                ATAPI::diskRemoved()
                0x00000000c0023cc4                ATAPI::eject()
                0x00000000c0023d0a                ATAPI::diskInserted()
                0x00000000c0023d38                ATAPI::detectMedia()
                0x00000000c0023df4                ATAPI::open(int, int, void*)
                0x00000000c0023e74                ATAPI::read(unsigned long long, int, void*)
 *fill*         0x00000000c0023ef3        0x1 
 .text          0x00000000c0023ef4      0x414 hw/diskphys/sata.32
                0x00000000c0023ef4                SATA::close(int, int, void*)
                0x00000000c0023f18                SATA::powerSaving(PowerSavingLevel)
                0x00000000c0023f1a                SATA::open(int, int, void*)
                0x00000000c0023f76                SATA::SATA()
                0x00000000c0023f76                SATA::SATA()
                0x00000000c0023fa4                SATA::access(unsigned long long, int, void*, bool)
                0x00000000c0024238                SATA::read(unsigned long long, int, void*)
                0x00000000c00242a0                SATA::write(unsigned long long, int, void*)
 .text          0x00000000c0024308       0x8e hw/fpu/avx.32
                0x00000000c0024308                AVX::open(int, int, void*)
                0x00000000c002431a                AVX::close(int, int, void*)
                0x00000000c002432c                AVX::available()
                0x00000000c002433e                AVX::save(void*)
                0x00000000c0024356                AVX::load(void*)
                0x00000000c002436e                AVX::AVX()
                0x00000000c002436e                AVX::AVX()
 .text          0x00000000c0024396       0x90 hw/fpu/mmx.32
                0x00000000c0024396                MMX::available()
                0x00000000c00243aa                MMX::open(int, int, void*)
                0x00000000c00243bc                MMX::close(int, int, void*)
                0x00000000c00243ce                MMX::save(void*)
                0x00000000c00243e6                MMX::load(void*)
                0x00000000c00243fe                MMX::MMX()
                0x00000000c00243fe                MMX::MMX()
 .text          0x00000000c0024426       0x96 hw/fpu/sse.32
                0x00000000c0024426                SSE::open(int, int, void*)
                0x00000000c0024438                SSE::close(int, int, void*)
                0x00000000c002444a                SSE::available()
                0x00000000c0024464                SSE::save(void*)
                0x00000000c002447c                SSE::load(void*)
                0x00000000c0024494                SSE::SSE()
                0x00000000c0024494                SSE::SSE()
 .text          0x00000000c00244bc       0x8e hw/fpu/x87.32
                0x00000000c00244bc                x87::open(int, int, void*)
                0x00000000c00244ce                x87::close(int, int, void*)
                0x00000000c00244e0                x87::available()
                0x00000000c00244f2                x87::save(void*)
                0x00000000c002450a                x87::load(void*)
                0x00000000c0024522                x87::x87()
                0x00000000c0024522                x87::x87()
 .text          0x00000000c002454a      0x71e hw/intctrl/apic.32
                0x00000000c002454a                APIC::disable()
                0x00000000c002454c                APIC::close(int, int, void*)
                0x00000000c002456e                IOAPIC::close(int, int, void*)
                0x00000000c0024574                APIC::io_wait()
                0x00000000c002457a                APIC::getBase()
                0x00000000c00245bc                APIC::eoi(unsigned char)
                0x00000000c00245ea                APIC::open(int, int, void*)
                0x00000000c0024738                IOAPIC::IOAPIC()
                0x00000000c0024738                IOAPIC::IOAPIC()
                0x00000000c0024760                APIC::APIC()
                0x00000000c0024760                APIC::APIC()
                0x00000000c002483c                IOAPIC::handlesGSIWithNumber(unsigned int)
                0x00000000c002486e                IOAPIC::read(int)
                0x00000000c0024896                IOAPIC::open(int, int, void*)
                0x00000000c002498c                IOAPIC::write(int, int)
                0x00000000c00249b8                IOAPIC::redirect(unsigned char, unsigned long long, unsigned char, bool, bool)
                0x00000000c0024ab2                APIC::installIRQHandler(int, void (*)(regs*, void*), bool, void*)
 .text          0x00000000c0024c68      0x3d3 hw/intctrl/pic.32
                0x00000000c0024c68                PIC::disable()
                0x00000000c0024c96                PIC::close(int, int, void*)
                0x00000000c0024cb8                PIC::PIC()
                0x00000000c0024cb8                PIC::PIC()
                0x00000000c0024d8e                PIC::ioWait()
                0x00000000c0024d94                PIC::getIRQReg(int)
                0x00000000c0024dfe                PIC::eoi(unsigned char)
                0x00000000c0024e90                PIC::remap()
                0x00000000c0024ffc                PIC::open(int, int, void*)
 *fill*         0x00000000c002503b        0x1 
 .text          0x00000000c002503c      0x25e hw/timer/apictimer.32
                0x00000000c002503c                APICTimer::close(int, int, void*)
                0x00000000c0025042                apicTimerHandler(regs*, void*)
                0x00000000c0025070                APICTimer::write(int)
                0x00000000c0025174                APICTimer::open(int, int, void*)
                0x00000000c0025272                APICTimer::APICTimer()
                0x00000000c0025272                APICTimer::APICTimer()
 .text          0x00000000c002529a      0x1a7 hw/timer/pit.32
                0x00000000c002529a                PIT::write(int)
                0x00000000c0025318                pitHandler(regs*, void*)
                0x00000000c0025344                PIT::open(int, int, void*)
                0x00000000c0025392                PIT::close(int, int, void*)
                0x00000000c00253c2                PIT::PIT()
                0x00000000c00253c2                PIT::PIT()
 *fill*         0x00000000c0025441        0xf 
 .text          0x00000000c0025450       0x1e hw/fpu/x86/avx.32
                0x00000000c0025450                avxDetect
                0x00000000c0025456                avxSave
                0x00000000c0025457                avxLoad
                0x00000000c0025458                avxInit
                0x00000000c0025459                avxClose
                0x00000000c002545a                wouldSheSayYes
 *fill*         0x00000000c002546e        0x2 
 .text          0x00000000c0025470       0x35 hw/fpu/x86/sse.32
                0x00000000c0025470                absolutelyNoChanceInHell
                0x00000000c0025470                sseDetect
                0x00000000c0025488                sseSave
                0x00000000c002548e                sseLoad
                0x00000000c0025494                sseInit
                0x00000000c00254a4                sseClose
 *fill*         0x00000000c00254a5        0xb 
 .text          0x00000000c00254b0       0x47 hw/fpu/x86/x87.32
                0x00000000c00254b6                x87Detect
                0x00000000c00254d1                x87Save
                0x00000000c00254d7                x87Load
                0x00000000c00254dc                x87Init
                0x00000000c00254f6                x87Close
 *fill*         0x00000000c00254f7        0x1 
 .text          0x00000000c00254f8       0x25 /cygdrive/d/Users/Alex/Desktop/Toolchain/Output/bin/../lib/gcc/i386-banana/8.1.0/crtend.o
 .text          0x00000000c002551d        0x0 crtn.32
 *fill*         0x00000000c002551d        0x3 
 .text          0x00000000c0025520      0x14b /cygdrive/d/Users/Alex/Desktop/Toolchain/Output/bin/../lib/gcc/i386-banana/8.1.0/libkgcc.a(_divdi3.o)
                0x00000000c0025520                __divdi3
 *fill*         0x00000000c002566b        0x1 
 .text          0x00000000c002566c      0x17e /cygdrive/d/Users/Alex/Desktop/Toolchain/Output/bin/../lib/gcc/i386-banana/8.1.0/libkgcc.a(_moddi3.o)
                0x00000000c002566c                __moddi3
 *fill*         0x00000000c00257ea        0x2 
 .text          0x00000000c00257ec       0xff /cygdrive/d/Users/Alex/Desktop/Toolchain/Output/bin/../lib/gcc/i386-banana/8.1.0/libkgcc.a(_udivdi3.o)
                0x00000000c00257ec                __udivdi3
 *fill*         0x00000000c00258eb        0x1 
 .text          0x00000000c00258ec      0x11a /cygdrive/d/Users/Alex/Desktop/Toolchain/Output/bin/../lib/gcc/i386-banana/8.1.0/libkgcc.a(_umoddi3.o)
                0x00000000c00258ec                __umoddi3
 .text          0x00000000c0025a06      0x96d D:/Users/Alex/Desktop/Banana/kernel/libsoftfp.a(sfieeelib.o)
                0x00000000c0025a06                __addsf3
                0x00000000c0025d08                __subsf3
                0x00000000c0025d1c                __negsf2
                0x00000000c0025d29                __mulsf3
                0x00000000c0025eec                __divsf3
                0x00000000c0026117                __floatsisf
                0x00000000c002618b                __floatunsisf
                0x00000000c00261cd                __fixsfsi
                0x00000000c002622f                __fixunssfsi
                0x00000000c0026260                __cmpsf2
                0x00000000c00262f5                __eqsf2
                0x00000000c0026330                __nesf2
                0x00000000c0026332                __gtsf2
                0x00000000c002636d                __gesf2
                0x00000000c002636f                __ltsf2
                0x00000000c0026371                __lesf2
 .text          0x00000000c0026373      0xf50 D:/Users/Alex/Desktop/Banana/kernel/libsoftfp.a(dfieeelib.o)
                0x00000000c0026373                __adddf3
                0x00000000c00269c4                __subdf3
                0x00000000c00269df                __negdf2
                0x00000000c00269f0                __muldf3
                0x00000000c0026cd4                __divdf3
                0x00000000c0027053                __floatsidf
                0x00000000c00270ae                __floatunsidf
                0x00000000c00270ec                __fixdfsi
                0x00000000c0027159                __fixunsdfsi
                0x00000000c0027195                __cmpdf2
                0x00000000c0027283                __eqdf2
                0x00000000c002729f                __nedf2
                0x00000000c00272a1                __gtdf2
                0x00000000c00272bd                __gedf2
                0x00000000c00272bf                __ltdf2
                0x00000000c00272c1                __ledf2
 .text          0x00000000c00272c3      0x18d D:/Users/Alex/Desktop/Banana/kernel/libsoftfp.a(sfdfcvt.o)
                0x00000000c00272c3                __truncdfsf2
                0x00000000c00273e7                __extendsfdf2
 .text          0x00000000c0027450       0x1e D:/Users/Alex/Desktop/Banana/kernel/libk/libm32.a(s_fabs.c.o)
                0x00000000c0027450                fabs
 *fill*         0x00000000c002746e        0x2 
 .text          0x00000000c0027470        0xc D:/Users/Alex/Desktop/Banana/kernel/libk/libm32.a(s_lrint.S.o)
                0x00000000c0027470                lrint
 .text          0x00000000c002747c        0xc D:/Users/Alex/Desktop/Banana/kernel/libk/libm32.a(s_lrintf.S.o)
                0x00000000c002747c                lrintf
 *(.gnu.linkonce.t*)

.iplt           0x00000000c0027488        0x0
 .iplt          0x00000000c0027488        0x0 D:/Users/Alex/Desktop/Banana/kernel/boot.32

.init           0x00000000c0027488        0xf
 .init          0x00000000c0027488        0x3 crti.32
                0x00000000c0027488                _init