Archive member included to satisfy reference by file (symbol)

/cygdrive/d/Users/Alex/Desktop/Toolchain/Output/bin/../lib/gcc/i386-banana/8.1.0/libkgcc.a(_divdi3.o)
                              fs/fat/ff.32 (__divdi3)
/cygdrive/d/Users/Alex/Desktop/Toolchain/Output/bin/../lib/gcc/i386-banana/8.1.0/libkgcc.a(_moddi3.o)
                              compat/resolve.32 (__moddi3)
/cygdrive/d/Users/Alex/Desktop/Toolchain/Output/bin/../lib/gcc/i386-banana/8.1.0/libkgcc.a(_udivdi3.o)
                              fs/fat/ff.32 (__udivdi3)
/cygdrive/d/Users/Alex/Desktop/Toolchain/Output/bin/../lib/gcc/i386-banana/8.1.0/libkgcc.a(_umoddi3.o)
                              compat/resolve.32 (__umoddi3)
D:/Users/Alex/Desktop/Banana/kernel/libsoftfp.a(sfieeelib.o)
                              hal/libresample/src_linear.32 (__subsf3)
D:/Users/Alex/Desktop/Banana/kernel/libsoftfp.a(dfieeelib.o)
                              hal/libresample/src_linear.32 (__adddf3)
D:/Users/Alex/Desktop/Banana/kernel/libsoftfp.a(sfdfcvt.o)
                              hal/libresample/samplerate.32 (__truncdfsf2)
D:/Users/Alex/Desktop/Banana/kernel/libk/libm32.a(s_fabs.c.o)
                              hal/libresample/samplerate.32 (fabs)
D:/Users/Alex/Desktop/Banana/kernel/libk/libm32.a(s_lrint.S.o)
                              hal/libresample/samplerate.32 (lrint)
D:/Users/Alex/Desktop/Banana/kernel/libk/libm32.a(s_lrintf.S.o)
                              hal/sound/sndhw.32 (lrintf)

Discarded input sections

 .comment       0x0000000000000000       0x12 /cygdrive/d/Users/Alex/Desktop/Toolchain/Output/bin/../lib/gcc/i386-banana/8.1.0/crtbegin.o
 .comment       0x0000000000000000       0x12 acpica/utclib.32
 .comment       0x0000000000000000       0x12 core/malloc.32
 .comment       0x0000000000000000       0x12 libk/string.32
 .comment       0x0000000000000000       0x12 fs/fat/diskio.32
 .comment       0x0000000000000000       0x12 fs/fat/ff.32
 .comment       0x0000000000000000       0x12 fs/fat/ffsystem.32
 .comment       0x0000000000000000       0x12 fs/fat/ffunicode.32
 .comment       0x0000000000000000       0x12 hal/libresample/samplerate.32
 .comment       0x0000000000000000       0x12 hal/libresample/src_linear.32
 .comment       0x0000000000000000       0x12 hal/libresample/src_sinc.32
 .comment       0x0000000000000000       0x12 hal/libresample/src_zoh.32
 .comment       0x0000000000000000       0x12 compat/inlines.32
 .comment       0x0000000000000000       0x12 compat/resolve.32
 .group         0x0000000000000000       0x14 core/computer.32
 .group         0x0000000000000000        0xc core/computer.32
 .comment       0x0000000000000000       0x12 core/computer.32
 .comment       0x0000000000000000       0x12 core/gdt.32
 .group         0x0000000000000000        0xc core/idle.32
 .comment       0x0000000000000000       0x12 core/idle.32
 .comment       0x0000000000000000       0x12 core/idt.32
 .comment       0x0000000000000000       0x12 core/kheap.32
 .comment       0x0000000000000000       0x12 core/main.32
 .comment       0x0000000000000000       0x12 core/physmgr.32
 .group         0x0000000000000000        0xc core/pipe.32
 .comment       0x0000000000000000       0x12 core/pipe.32
 .group         0x0000000000000000        0xc core/terminal.32
 .comment       0x0000000000000000       0x12 core/terminal.32
 .comment       0x0000000000000000       0x12 core/tss.32
 .group         0x0000000000000000        0x8 core/unixfile.32
 .group         0x0000000000000000        0x8 core/unixfile.32
 .group         0x0000000000000000        0xc core/unixfile.32
 .group         0x0000000000000000        0x8 core/unixfile.32
 .group         0x0000000000000000        0xc core/unixfile.32
 .group         0x0000000000000000        0x8 core/unixfile.32
 .group         0x0000000000000000        0xc core/unixfile.32
 .group         0x0000000000000000        0xc core/unixfile.32
 .comment       0x0000000000000000       0x12 core/unixfile.32
 .comment       0x0000000000000000       0x12 core/virtmgr.32
 .comment       0x0000000000000000       0x12 coreobjs/c++.32
 .comment       0x0000000000000000       0x12 dbg/kconsole.32
 .group         0x0000000000000000        0xc fs/vfs.32
 .group         0x0000000000000000        0xc fs/vfs.32
 .group         0x0000000000000000        0xc fs/vfs.32
 .comment       0x0000000000000000       0x12 fs/vfs.32
 .group         0x0000000000000000        0xc hal/bus.32
 .comment       0x0000000000000000       0x12 hal/bus.32
 .group         0x0000000000000000        0xc hal/buzzer.32
 .comment       0x0000000000000000       0x12 hal/buzzer.32
 .group         0x0000000000000000        0xc hal/clock.32
 .comment       0x0000000000000000       0x12 hal/clock.32
 .group         0x0000000000000000       0x14 hal/device.32
 .group         0x0000000000000000        0xc hal/device.32
 .group         0x0000000000000000        0x8 hal/device.32
 .group         0x0000000000000000        0xc hal/device.32
[...]
Memory Configuration

Name             Origin             Length             Attributes
*default*        0x0000000000000000 0xffffffffffffffff

Linker script and memory map

LOAD D:/Users/Alex/Desktop/Banana/kernel/boot.32
LOAD crti.32
LOAD /cygdrive/d/Users/Alex/Desktop/Toolchain/Output/bin/../lib/gcc/i386-banana/8.1.0/crtbegin.o
LOAD D:/Users/Alex/Desktop/Banana/kernel/morenasm.32
LOAD acpica/utclib.32
LOAD core/malloc.32
LOAD libk/string.32
LOAD fs/fat/diskio.32
LOAD fs/fat/ff.32
LOAD fs/fat/ffsystem.32
LOAD fs/fat/ffunicode.32
LOAD hal/libresample/samplerate.32
LOAD hal/libresample/src_linear.32
LOAD hal/libresample/src_sinc.32
LOAD hal/libresample/src_zoh.32
LOAD compat/inlines.32
LOAD compat/resolve.32
LOAD core/computer.32
LOAD core/gdt.32
LOAD core/idle.32
LOAD core/idt.32
LOAD core/kheap.32
LOAD core/main.32
LOAD core/physmgr.32
LOAD core/pipe.32
LOAD core/terminal.32
LOAD core/tss.32
LOAD core/unixfile.32
LOAD core/virtmgr.32
LOAD coreobjs/c++.32
LOAD dbg/kconsole.32
LOAD fs/vfs.32
LOAD hal/bus.32
LOAD hal/buzzer.32
LOAD hal/clock.32
LOAD hal/device.32
LOAD hal/diskctrl.32
LOAD hal/diskphys.32
LOAD hal/fpu.32
LOAD hal/intctrl.32
LOAD hal/keybrd.32
LOAD hal/logidisk.32
LOAD hal/mouse.32
LOAD hal/partition.32
LOAD hal/serial.32
LOAD hal/timer.32
LOAD hal/vcache.32
LOAD hal/video.32
LOAD hw/acpi.32
LOAD hw/cpu.32
LOAD hw/ports.32
LOAD hw/smp.32
LOAD krnl/env.32
LOAD krnl/panic.32
LOAD net/ethernet.32
LOAD reg/registry.32
LOAD sys/sc_eject.32
LOAD sys/sc_exit.32
LOAD sys/sc_getcwd.32
LOAD sys/sc_getpid.32
LOAD sys/sc_getramdata.32
LOAD sys/sc_getvgaptr.32
LOAD sys/sc_loaddll.32
LOAD sys/sc_read.32
LOAD sys/sc_sbrk.32
LOAD sys/sc_setcwd.32
LOAD sys/sc_settime.32
LOAD sys/sc_timezone.32
LOAD sys/sc_write.32
LOAD sys/sc_wsbe.32
LOAD sys/sc_yield.32
LOAD sys/syscalls.32
LOAD thr/elf.32
LOAD thr/prcssthr.32
LOAD vm86/vm8086.32
LOAD vm86/x87em.32
LOAD fs/fat/vfslink.32
LOAD fs/iso9660/vfslink.32
LOAD hal/sound/sndchannel.32
LOAD hal/sound/sndhw.32
LOAD hw/bus/isa.32
LOAD hw/bus/pci.32
LOAD hw/diskctrl/ide.32
LOAD hw/diskctrl/satabus.32
LOAD hw/diskphys/ata.32
LOAD hw/diskphys/atapi.32
LOAD hw/diskphys/sata.32
LOAD hw/diskphys/satapi.32
LOAD hw/fpu/avx.32
LOAD hw/fpu/mmx.32
LOAD hw/fpu/sse.32
LOAD hw/fpu/x87.32
LOAD hw/intctrl/apic.32
LOAD hw/intctrl/pic.32
LOAD hw/timer/apictimer.32
LOAD hw/timer/pit.32
LOAD hw/fpu/x86/avx.32
LOAD hw/fpu/x86/sse.32
LOAD hw/fpu/x86/x87.32
LOAD /cygdrive/d/Users/Alex/Desktop/Toolchain/Output/bin/../lib/gcc/i386-banana/8.1.0/crtend.o
LOAD crtn.32
LOAD /cygdrive/d/Users/Alex/Desktop/Toolchain/Output/bin/../lib/gcc/i386-banana/8.1.0/libkgcc.a
LOAD D:/Users/Alex/Desktop/Banana/kernel/libsoftfp.a
LOAD D:/Users/Alex/Desktop/Banana/kernel/libk/libm32.a
                0x00000000c0000000                . = 0xc0000000

.text           0x00000000c0000000    0x282a8
 *(.text)
 .text          0x00000000c0000000       0x41 D:/Users/Alex/Desktop/Banana/kernel/boot.32
                0x00000000c0000020                callGlobalConstructors
 .text          0x00000000c0000041        0x0 crti.32
 *fill*         0x00000000c0000041        0x3 
 .text          0x00000000c0000044      0x101 /cygdrive/d/Users/Alex/Desktop/Toolchain/Output/bin/../lib/gcc/i386-banana/8.1.0/crtbegin.o
 *fill*         0x00000000c0000145        0xb 
 .text          0x00000000c0000150      0x4fb D:/Users/Alex/Desktop/Banana/kernel/morenasm.32
                0x00000000c0000150                manualPCIProbe
                0x00000000c000019b                prepareTramp
                0x00000000c00001b4                voodooXADD
                0x00000000c000027f                doTPAUSE
                0x00000000c0000289                hasLegacyFPU
                0x00000000c00002ae                is486
                0x00000000c00002e4                detectCPUID
                0x00000000c00002fa                goToVM86
                0x00000000c000032a                goToUsermode
                0x00000000c0000354                switchToThreadASMFirstTime
                0x00000000c0000362                switchToThreadASM
                0x00000000c00003f2                asmQuickAcquireLock
                0x00000000c0000410                asmQuickReleaseLock
                0x00000000c000041c                asmAcquireLock
                0x00000000c000043d                asmReleaseLock
                0x00000000c0000450                loadGDT
                0x00000000c0000470                isr0
                0x00000000c0000480                isr1
                0x00000000c000048a                isr2
                0x00000000c0000494                isr3
                0x00000000c000049e                isr4
                0x00000000c00004a8                isr5
                0x00000000c00004b2                isr6
                0x00000000c00004bc                isr7
                0x00000000c00004c6                isr8
                0x00000000c00004ce                isr9
                0x00000000c00004d8                isr10
                0x00000000c00004e0                isr11
                0x00000000c00004e8                isr12
                0x00000000c00004f0                isr13
                0x00000000c00004f8                isr14
                0x00000000c0000500                isr15
                0x00000000c000050a                isr16
                0x00000000c0000514                isr17
                0x00000000c000051e                isr18
                0x00000000c0000528                irq3
                0x00000000c0000532                irq4
                0x00000000c000053c                irq5
                0x00000000c0000546                irq6
                0x00000000c0000550                irq7
                0x00000000c000055a                irq8
                0x00000000c0000564                irq9
                0x00000000c000056e                irq10
                0x00000000c0000578                irq11
                0x00000000c0000582                irq12
                0x00000000c000058c                irq13
                0x00000000c0000596                irq14
                0x00000000c00005a0                irq15
                0x00000000c00005aa                irq1
                0x00000000c00005b1                irq2
                0x00000000c00005b8                isr96
                0x00000000c00005bf                irq0
                0x00000000c00005c4                syscall_common_stub
                0x00000000c00005c4                int_common_stub
                0x00000000c00005f6                irq16
                0x00000000c0000600                irq17
                0x00000000c000060a                irq18
                0x00000000c0000614                irq19
                0x00000000c000061e                irq20
                0x00000000c0000628                irq21
                0x00000000c0000632                irq22
                0x00000000c000063c                irq23
                0x00000000c0000646                memcpy
 *fill*         0x00000000c000064b        0x1 
 .text          0x00000000c000064c      0x5dd acpica/utclib.32
                0x00000000c000064c                memcmp
                0x00000000c0000688                memmove
                0x00000000c0000750                memset
                0x00000000c000076c                strlen
                0x00000000c0000784                strpbrk
                0x00000000c00007c0                strtok
                0x00000000c000080c                strcpy
                0x00000000c0000830                strncpy
                0x00000000c0000898                strcmp
                0x00000000c00008d8                strchr
                0x00000000c00008fc                strncmp
                0x00000000c000094c                strcat
                0x00000000c000097c                strncat
                0x00000000c00009b8                strstr
                0x00000000c0000a00                toupper
                0x00000000c0000a14                tolower
                0x00000000c0000a28                simple_strtoul
 .text          0x00000000c0000c29      0xfad core/malloc.32
                0x00000000c0000d94                dlfree
                0x00000000c00010ef                dlmalloc
                0x00000000c000162c                dlrealloc
                0x00000000c00017cf                dlmemalign
                0x00000000c00018f2                dlcalloc
                0x00000000c000198c                dlcfree
                0x00000000c0001991                dlindependent_calloc
                0x00000000c00019b6                dlindependent_comalloc
                0x00000000c00019cd                dlvalloc
                0x00000000c00019f8                dlpvalloc
                0x00000000c0001a2e                dlmalloc_trim
                0x00000000c0001a3b                dlmalloc_usable_size
                0x00000000c0001a6c                dlmallinfo
                0x00000000c0001b3b                dlmalloc_stats
                0x00000000c0001b4c                dlmallopt
 .text          0x00000000c0001bd6        0x0 libk/string.32
 .text          0x00000000c0001bd6       0x51 fs/fat/diskio.32
                0x00000000c0001bd6                disk_status
                0x00000000c0001bd9                disk_initialize
                0x00000000c0001bdc                disk_read
                0x00000000c0001bf2                disk_write
                0x00000000c0001c08                disk_ioctl
 .text          0x00000000c0001c27     0x6833 fs/fat/ff.32
                0x00000000c0004ef5                f_mount
                0x00000000c0004f57                f_open
                0x00000000c0005393                f_read
                0x00000000c0005613                f_write
                0x00000000c00058cd                f_sync
                0x00000000c0005aa9                f_close
                0x00000000c0005ad8                f_lseek
                0x00000000c0005f8f                f_opendir
                0x00000000c0006091                f_closedir
                0x00000000c00060b3                f_readdir
                0x00000000c000614e                f_stat
                0x00000000c00061dd                f_getfree
                0x00000000c00063a8                f_truncate
                0x00000000c00064a0                f_unlink
                0x00000000c0006623                f_mkdir
                0x00000000c000684f                f_rename
                0x00000000c0006b42                f_chmod
                0x00000000c0006c20                f_utime
                0x00000000c0006cfe                f_getlabel
                0x00000000c0006eec                f_setlabel
                0x00000000c0007159                f_forward
                0x00000000c0007337                f_mkfs
 .text          0x00000000c000845a       0x2d fs/fat/ffsystem.32
                0x00000000c000845a                ff_memalloc
                0x00000000c0008470                ff_memfree
 .text          0x00000000c0008487      0x253 fs/fat/ffunicode.32
                0x00000000c0008487                ff_uni2oem
                0x00000000c0008517                ff_oem2uni
                0x00000000c0008583                ff_wtoupper
 .text          0x00000000c00086da      0x8fb hal/libresample/samplerate.32
                0x00000000c000871e                src_delete
                0x00000000c000875a                src_process
                0x00000000c0008910                src_callback_read
                0x00000000c0008a8d                src_set_ratio
                0x00000000c0008af7                src_get_channels
                0x00000000c0008b19                src_reset
                0x00000000c0008b65                src_new
                0x00000000c0008bf3                src_callback_new
                0x00000000c0008c55                src_get_name
                0x00000000c0008c8c                src_get_description
                0x00000000c0008cc3                src_get_version
                0x00000000c0008cc9                src_is_valid_ratio
                0x00000000c0008d1d                src_error
                0x00000000c0008d2b                src_strerror
                0x00000000c0008d3e                src_simple
                0x00000000c0008d91                src_short_to_float_array
                0x00000000c0008df6                src_float_to_short_array
                0x00000000c0008eb5                src_int_to_float_array
                0x00000000c0008f18                src_float_to_int_array
 .text          0x00000000c0008fd5      0x8cb hal/libresample/src_linear.32
                0x00000000c00097fb                linear_get_name
                0x00000000c000980a                linear_get_description
                0x00000000c0009819                linear_set_converter
 .text          0x00000000c00098a0     0x447c hal/libresample/src_sinc.32
                0x00000000c000dc33                sinc_get_name
                0x00000000c000dc46                sinc_get_description
                0x00000000c000dc59                sinc_set_converter
 .text          0x00000000c000dd1c      0x77c hal/libresample/src_zoh.32
                0x00000000c000e3f3                zoh_get_name
                0x00000000c000e402                zoh_get_description
                0x00000000c000e411                zoh_set_converter
 .text          0x00000000c000e498       0xa7 compat/inlines.32
                0x00000000c000e498                CPU::current()
                0x00000000c000e4a4                operator new(unsigned long)
                0x00000000c000e4a9                operator delete(void*)
                0x00000000c000e4ae                disableIRQs()
                0x00000000c000e4b6                enableIRQs()
                0x00000000c000e4c5                lockScheduler()
                0x00000000c000e4cd                unlockScheduler()
                0x00000000c000e4dc                lockStuff()
                0x00000000c000e4ea                unlockStuff()
                0x00000000c000e524                Virt::getAKernelVAS()
                0x00000000c000e52a                __not_memcpy
 .text          0x00000000c000e53f      0x111 compat/resolve.32
                0x00000000c000e53f                Krnl::resolveCompatibilitySymbol(char*)
 .text          0x00000000c000e650      0x741 core/computer.32
                0x00000000c000e650                Computer::close(int, int, void*)
                0x00000000c000e694                Krnl::firstTask()
                0x00000000c000e7d6                Computer::Computer()
                0x00000000c000e7d6                Computer::Computer()
                0x00000000c000e932                Computer::setBootMessage(char const*)
                0x00000000c000e934                Computer::detectFeatures()
                0x00000000c000eb3e                Computer::displayFeatures()
                0x00000000c000eb40                Computer::rdmsr(unsigned int)
                0x00000000c000eb6c                Computer::wrmsr(unsigned int, unsigned long long)
                0x00000000c000eba4                Computer::nmiEnabled()
                0x00000000c000ebb0                Computer::readCMOS(unsigned char)
                0x00000000c000ebca                Computer::enableNMI(bool)
                0x00000000c000ebe2                Computer::open(int, int, void*)
                0x00000000c000ecd4                Computer::disableNMI()
                0x00000000c000ece2                Computer::writeCMOS(unsigned char, unsigned char)
                0x00000000c000ed00                Computer::handleNMI()
                0x00000000c000ed66                Computer::setDiskActivityLight(int, bool)
 *fill*         0x00000000c000ed91        0x1 
 .text          0x00000000c000ed92      0x19d core/gdt.32
                0x00000000c000ed92                GDTEntry::setBase(unsigned int)
                0x00000000c000edae                GDTEntry::setLimit(unsigned int)
                0x00000000c000edcc                GDT::GDT()
                0x00000000c000edcc                GDT::GDT()
                0x00000000c000ede2                GDT::addEntry(GDTEntry)
                0x00000000c000ee04                GDT::getNumberOfEntries()
                0x00000000c000ee0c                GDT::flush()
                0x00000000c000ee2e                GDT::setup()
 .text          0x00000000c000ef2f       0x6b core/idle.32
                0x00000000c000ef2f                idleFunction(void*)
 .text          0x00000000c000ef9a      0x45e core/idt.32
                0x00000000c000ef9a                IDTEntry::IDTEntry(bool)
                0x00000000c000ef9a                IDTEntry::IDTEntry(bool)
                0x00000000c000f008                IDTEntry::setOffset(unsigned int)
                0x00000000c000f01c                IDT::IDT()
                0x00000000c000f01c                IDT::IDT()
                0x00000000c000f01e                IDT::getPointerToInvalidOpcodeEntryForF00F()
                0x00000000c000f026                IDT::addEntry(IDTEntry, int)
                0x00000000c000f040                IDT::addEntry(int, void (*)(), bool)
                0x00000000c000f078                IDT::flush()
                0x00000000c000f092                IDT::setup()
 .text          0x00000000c000f3f8      0x1fe core/kheap.32
                0x00000000c000f3f8                sbrk
                0x00000000c000f505                mmap
                0x00000000c000f51b                munmap
                0x00000000c000f531                liballoc_lock()
                0x00000000c000f53e                liballoc_unlock()
                0x00000000c000f552                liballoc_alloc(int)
                0x00000000c000f56d                liballoc_free(void*, int)
                0x00000000c000f588                realloc
                0x00000000c000f59c                malloc
                0x00000000c000f5ac                free
                0x00000000c000f5bc                rfree
                0x00000000c000f5cc                calloc
 .text          0x00000000c000f5f6      0x1b6 core/main.32
                0x00000000c000f5f6                Krnl::setBootMessage(char const*)
                0x00000000c000f662                kernel_main
 .text          0x00000000c000f7ac      0x55a core/physmgr.32
                0x00000000c000f7ac                Phys::allocateDMA(unsigned long)
                0x00000000c000f84f                Phys::freeDMA(unsigned long, unsigned long)
                0x00000000c000f897                Phys::setPageState(unsigned long, bool)
                0x00000000c000f8c9                Phys::getPageState(unsigned long)
                0x00000000c000f8e5                Phys::freePage(unsigned long)
                0x00000000c000f940                Phys::allocatePage()
                0x00000000c000fa0e                Phys::allocateContiguousPages(int)
                0x00000000c000fa6a                Phys::allowSegmentToBeUsed(unsigned long, unsigned long)
                0x00000000c000faa2                Phys::physicalMemorySetup(unsigned int)
 .text          0x00000000c000fd06      0x273 core/pipe.32
                0x00000000c000fd06                Pipe::isAtty()
                0x00000000c000fd0a                Pipe::~Pipe()
                0x00000000c000fd0a                Pipe::~Pipe()
                0x00000000c000fd2e                Pipe::~Pipe()
                0x00000000c000fd56                Pipe::read(unsigned long long, void*, int*)
                0x00000000c000fe52                Pipe::write(unsigned long long, void*, int*)
                0x00000000c000ff12                Pipe::Pipe(int)
                0x00000000c000ff12                Pipe::Pipe(int)
 *fill*         0x00000000c000ff79        0x1 
 .text          0x00000000c000ff7a      0xb91 core/terminal.32
                0x00000000c000ff7a                VgaText::isAtty()
                0x00000000c000ff7e                VgaText::~VgaText()
                0x00000000c000ff7e                VgaText::~VgaText()
                0x00000000c000ffa2                VgaText::~VgaText()
                0x00000000c000ffcc                VgaText::read(unsigned long long, void*, int*)
                0x00000000c000ffec                setTerminalScrollLock(bool)
                0x00000000c000ffed                addToTerminalCycle(VgaText*)
                0x00000000c001000e                installVgaTextImplementation()
                0x00000000c0010023                scrollTerminalScrollLock(int)
                0x00000000c0010024                VgaText::updateTitle()
                0x00000000c0010062                VgaText::load()
                0x00000000c00100b0                VgaText::updateCursor()
                0x00000000c00100c6                VgaText::doANSI_SGR(int)
                0x00000000c001013a                VgaText::setDefaultBgColour(VgaColour)
                0x00000000c001014a                VgaText::setDefaultFgColour(VgaColour)
                0x00000000c001015a                VgaText::setDefaultColours(VgaColour, VgaColour)
                0x00000000c001017a                VgaText::setTitleTextColour(VgaColour)
                0x00000000c001018a                VgaText::setTitleColour(VgaColour)
                0x00000000c001019a                VgaText::setTitle(char*)
                0x00000000c00101c0                VgaText::combineColours(unsigned char, unsigned char)
                0x00000000c00101d2                VgaText::scrollScreen()
                0x00000000c0010266                VgaText::combineCharAndColour(char, unsigned char)
                0x00000000c0010278                VgaText::writeCharacter(char, VgaColour, VgaColour, int, int)
                0x00000000c00102d4                VgaText::getCursorX()
                0x00000000c00102dc                VgaText::getCursorY()
                0x00000000c00102e4                VgaText::setCursor(int, int)
                0x00000000c00102fb                setActiveTerminal(VgaText*)
                0x00000000c001035d                doTerminalCycle()
                0x00000000c0010378                VgaText::setCursorX(int)
                0x00000000c0010390                VgaText::setCursorY(int)
                0x00000000c00103a8                VgaText::incrementCursor(bool)
                0x00000000c00103fc                VgaText::decrementCursor(bool)
                0x00000000c001041e                VgaText::putchar(char, VgaColour, VgaColour)
                0x00000000c00104f6                VgaText::doUpdate()
                0x00000000c0010504                VgaText::puts(char const*, VgaColour, VgaColour)
                0x00000000c001067c                VgaText::clearScreen()
                0x00000000c00106d6                VgaText::putchar(char)
                0x00000000c00107c2                VgaText::putx(unsigned int)
                0x00000000c0010808                VgaText::puts(char const*)
                0x00000000c001082e                VgaText::VgaText(char const*)
                0x00000000c001082e                VgaText::VgaText(char const*)
                0x00000000c00109aa                VgaText::receiveKey(unsigned char)
                0x00000000c0010a92                VgaText::write(unsigned long long, void*, int*)
                0x00000000c0010ae6                newTerminal(char*)
 *fill*         0x00000000c0010b0b        0x1 
 .text          0x00000000c0010b0c      0x19d core/tss.32
                0x00000000c0010b0c                TSS::TSS()
                0x00000000c0010b0c                TSS::TSS()
                0x00000000c0010b1a                TSS::setESP(unsigned long)
                0x00000000c0010b2c                TSS::flush()
                0x00000000c0010b4c                TSS::setup(unsigned long, unsigned long)
 *fill*         0x00000000c0010ca9        0x1 
 .text          0x00000000c0010caa      0x4c2 core/unixfile.32
                0x00000000c0010caa                ReservedFilename::read(unsigned long long, void*, int*)
                0x00000000c0010d00                ReservedFilename::isAtty()
                0x00000000c0010d1c                ReservedFilename::write(unsigned long long, void*, int*)
                0x00000000c0010d7a                UnixFile::getFileDescriptor()
                0x00000000c0010d82                UnixFile::UnixFile(int)
                0x00000000c0010d82                UnixFile::UnixFile(int)
                0x00000000c0010f32                ReservedFilename::ReservedFilename(int)
                0x00000000c0010f32                ReservedFilename::ReservedFilename(int)
                0x00000000c0010f64                UnixFile::~UnixFile()
                0x00000000c0010f64                UnixFile::~UnixFile()
                0x00000000c0010ffc                UnixFile::~UnixFile()
                0x00000000c0011024                ReservedFilename::~ReservedFilename()
                0x00000000c0011024                ReservedFilename::~ReservedFilename()
                0x00000000c0011048                ReservedFilename::~ReservedFilename()
                0x00000000c001106f                getFromFileDescriptor(int)
 .text          0x00000000c001116c     0x12fa core/virtmgr.32
                0x00000000c001116c                Virt::setPageState(unsigned long, Virt::VirtPageState)
                0x00000000c00111a1                Virt::getPageState(unsigned long)
                0x00000000c00111c5                Virt::allocateKernelVirtualPages(int)
                0x00000000c00112d6                Virt::freeSwapfilePage(unsigned long)
                0x00000000c00112f4                Virt::swapIDToSector(unsigned long)
                0x00000000c0011306                Virt::allocateSwapfilePage()
                0x00000000c0011384                Virt::virtualMemorySetup()
                0x00000000c00113cf                Virt::setupPageSwapping(int)
                0x00000000c0011556                VAS::VAS()
                0x00000000c0011556                VAS::VAS()
                0x00000000c0011592                VAS::VAS(VAS*)
                0x00000000c0011592                VAS::VAS(VAS*)
                0x00000000c00115c0                VAS::getForeignPageTableEntry(bool, unsigned long)
                0x00000000c00115ec                VAS::getPageTableEntry(unsigned long)
                0x00000000c001160b                Virt::freeKernelVirtualPages(unsigned long)
                0x00000000c001172e                VAS::freeAllocatedPages(unsigned long)
                0x00000000c0011752                VAS::virtualToPhysical(unsigned long)
                0x00000000c001176a                VAS::reflagRange(unsigned long, int, int, int)
                0x00000000c00117aa                VAS::setToWriteCombining(unsigned long, int)
                0x00000000c00117dc                VAS::mapOtherVASIn(bool, VAS*)
                0x00000000c0011806                VAS::~VAS()
                0x00000000c0011806                VAS::~VAS()
                0x00000000c0011982                VAS::mapPage(unsigned long, unsigned long, int)
                0x00000000c0011a84                VAS::allocatePages(int, int)
                0x00000000c0011c5c                VAS::setCPUSpecific(unsigned long)
                0x00000000c0011c78                VAS::mapRange(unsigned long, unsigned long, int, int)
                0x00000000c0011d3e                VAS::mapForeignPage(bool, VAS*, unsigned long, unsigned long, int)
                0x00000000c0011e2c                VAS::VAS(bool)
                0x00000000c0011e2c                VAS::VAS(bool)
                0x00000000c00120ac                VAS::evict(unsigned long)
                0x00000000c001216e                VAS::tryLoadBackOffDisk(unsigned long)
                0x00000000c00122d6                VAS::scanForEviction()
                0x00000000c00123aa                mapVASFirstTime
 .text          0x00000000c0012466       0x95 coreobjs/c++.32
                0x00000000c0012466                __cxa_atexit
                0x00000000c0012469                __cxa_finalize
                0x00000000c001246a                __stack_chk_fail
                0x00000000c00124d6                __cxa_pure_virtual
                0x00000000c00124e7                operator new[](unsigned long)
                0x00000000c00124ec                operator delete(void*, unsigned long)
                0x00000000c00124f1                operator delete[](void*)
                0x00000000c00124f6                operator delete[](void*, unsigned long)
 .text          0x00000000c00124fb      0x1e7 dbg/kconsole.32
                0x00000000c00124fb                Dbg::stringifyxWithBase(unsigned int, char*, int)
                0x00000000c0012554                Dbg::logc(char)
                0x00000000c001256b                Dbg::logs(char*)
                0x00000000c0012588                Dbg::logWriteInt(unsigned int)
                0x00000000c00125a5                Dbg::logWriteIntBase(unsigned int, int)
                0x00000000c00125c4                Dbg::kprintf(char const*, ...)
 .text          0x00000000c00126e2      0xb82 fs/vfs.32
                0x00000000c00126e2                File::read(unsigned long long, void*, int*)
                0x00000000c001273a                File::write(unsigned long long, void*, int*)
                0x00000000c0012792                Directory::read(unsigned long long, void*, int*)
                0x00000000c00127ea                Directory::write(unsigned long long, void*, int*)
                0x00000000c0012818                File::isAtty()
                0x00000000c001281c                Directory::isAtty()
                0x00000000c0012820                Filesystem::getlabel(LogicalDisk*, int, char*, unsigned int*)
                0x00000000c0012826                Filesystem::setlabel(LogicalDisk*, int, char*)
                0x00000000c001282c                Filesystem::getFileFirstSector(char const*)
                0x00000000c0012832                File::~File()
                0x00000000c0012832                File::~File()
                0x00000000c0012856                File::~File()
                0x00000000c0012880                Directory::~Directory()
                0x00000000c0012880                Directory::~Directory()
                0x00000000c00128a4                Directory::~Directory()
                0x00000000c00128ce                Filesystem::Filesystem()
                0x00000000c00128ce                Filesystem::Filesystem()
                0x00000000c00128f2                Filesystem::~Filesystem()
                0x00000000c00128f2                Filesystem::~Filesystem()
                0x00000000c0012900                Filesystem::~Filesystem()
                0x00000000c0012924                Fs::getcwd(Process*, char*, int)
                0x00000000c001294e                Fs::initVFS()
                0x00000000c0012978                Fs::standardiseFiles(char*, char const*, char const*)
                0x00000000c0012b22                File::File(char const*, Process*)
                0x00000000c0012b22                File::File(char const*, Process*)
                0x00000000c0012b86                File::open(FileOpenMode)
                0x00000000c0012be4                File::close()
                0x00000000c0012c44                File::seek(unsigned long long)
                0x00000000c0012c9a                File::tell(unsigned long long*)
                0x00000000c0012cea                File::rewind()
                0x00000000c0012cfe                File::unlink()
                0x00000000c0012d4a                File::rename(char const*)
                0x00000000c0012d98                File::chfatattr(unsigned char, unsigned char)
                0x00000000c0012df4                File::exists()
                0x00000000c0012e32                File::stat(unsigned long long*, bool*)
                0x00000000c0012e93                Fs::setcwd(Process*, char*)
                0x00000000c0012fce                Directory::Directory(char const*, Process*)
                0x00000000c0012fce                Directory::Directory(char const*, Process*)
                0x00000000c0013032                Directory::open()
                0x00000000c001308e                Directory::close()
                0x00000000c00130ee                Directory::unlink()
                0x00000000c001313a                Directory::rename(char const*)
                0x00000000c0013188                Directory::exists()
                0x00000000c00131c6                Directory::read(dirent*)
                0x00000000c0013212                Directory::create()
                0x00000000c001325e                Filesystem::chfatattr(char const*, unsigned char, unsigned char)
 .text          0x00000000c0013264       0x84 hal/bus.32
                0x00000000c0013264                Bus::Bus(char const*)
                0x00000000c0013264                Bus::Bus(char const*)
                0x00000000c001329a                Bus::~Bus()
                0x00000000c001329a                Bus::~Bus()
                0x00000000c00132be                Bus::~Bus()
 .text          0x00000000c00132e8      0x156 hal/buzzer.32
                0x00000000c00132e8                Buzzer::Buzzer(char const*)
                0x00000000c00132e8                Buzzer::Buzzer(char const*)
                0x00000000c001332c                Buzzer::~Buzzer()
                0x00000000c001332c                Buzzer::~Buzzer()
                0x00000000c0013350                Buzzer::~Buzzer()
                0x00000000c001337a                Buzzer::stop()
                0x00000000c001338d                beepThread(void*)
                0x00000000c00133d0                Buzzer::beep(int, int, bool)
 .text          0x00000000c001343e      0x467 hal/clock.32
                0x00000000c001343e                User::loadClockSettings(int)
                0x00000000c0013490                Clock::Clock(char const*)
                0x00000000c0013490                Clock::Clock(char const*)
                0x00000000c00134c6                Clock::~Clock()
                0x00000000c00134c6                Clock::~Clock()
                0x00000000c00134ea                Clock::~Clock()
                0x00000000c0013514                Clock::timeInSecondsLocal()
                0x00000000c001355c                Clock::setTimeInSecondsLocal(unsigned long long)
                0x00000000c00135b5                datetimeToSeconds(datetime_t)
                0x00000000c00136dc                Clock::setTimeInDatetimeLocal(datetime_t)
                0x00000000c001373c                secondsToDatetime(unsigned long long)
                0x00000000c0013880                Clock::timeInDatetimeLocal()
 *fill*         0x00000000c00138a5        0x1 
 .text          0x00000000c00138a6      0x504 hal/device.32
                0x00000000c00138a6                Device::hibernate()
                0x00000000c00138a8                Device::wake()
                0x00000000c00138aa                Device::detect()
                0x00000000c00138ac                Device::disableLegacy()
                0x00000000c00138ae                Device::powerSaving(PowerSavingLevel)
                0x00000000c00138b0                DriverlessDevice::close(int, int, void*)
                0x00000000c00138b4                DriverlessDevice::detect()
                0x00000000c00138b6                DriverlessDevice::open(int, int, void*)
                0x00000000c00138ca                Device::~Device()
                0x00000000c00138ca                Device::~Device()
                0x00000000c00138d8                Device::~Device()
                0x00000000c0013900                Device::findAndLoadDriver()
                0x00000000c001390e                Device::preOpenPCI(PCIDeviceInfo)
                0x00000000c0013934                Device::preOpenACPI(void*, char*, char*)
                0x00000000c0013974                Device::addIRQHandler(int, void (*)(regs*, void*), bool, void*)
                0x00000000c00139b2                Device::getParent()
                0x00000000c00139be                Device::removeIRQHandler(int, void (*)(regs*, void*), bool)
                0x00000000c00139fc                Device::addChild(Device*)
                0x00000000c0013a40                Device::removeAllChildren()
                0x00000000c0013a86                Device::hibernateAll()
                0x00000000c0013ab6                Device::wakeAll()
                0x00000000c0013ae6                Device::detectAll()
                0x00000000c0013b16                Device::disableLegacyAll()
                0x00000000c0013b46                Device::loadDriversForAll()
                0x00000000c0013b86                Device::closeAll()
                0x00000000c0013bbc                Device::powerSavingAll(PowerSavingLevel)
                0x00000000c0013bf2                Device::setName(char const*)
                0x00000000c0013c00                Device::Device(char const*)
                0x00000000c0013c00                Device::Device(char const*)
                0x00000000c0013cfc                Device::getName()
                0x00000000c0013d06                DriverlessDevice::DriverlessDevice(char const*)
                0x00000000c0013d06                DriverlessDevice::DriverlessDevice(char const*)
                0x00000000c0013d3c                Device::addToLinkedList(LinkedList<Device>&, DeviceType)
                0x00000000c0013d80                getDevicesOfType(DeviceType)
 .text          0x00000000c0013daa       0x84 hal/diskctrl.32
                0x00000000c0013daa                HardDiskController::HardDiskController(char const*)
                0x00000000c0013daa                HardDiskController::HardDiskController(char const*)
                0x00000000c0013de0                HardDiskController::~HardDiskController()
                0x00000000c0013de0                HardDiskController::~HardDiskController()
                0x00000000c0013e04                HardDiskController::~HardDiskController()
 .text          0x00000000c0013e2e       0xe2 hal/diskphys.32
                0x00000000c0013e2e                PhysicalDisk::eject()
                0x00000000c0013e32                PhysicalDisk::PhysicalDisk(char const*, int)
                0x00000000c0013e32                PhysicalDisk::PhysicalDisk(char const*, int)
                0x00000000c0013e9a                PhysicalDisk::startCache()
                0x00000000c0013ec2                PhysicalDisk::~PhysicalDisk()
                0x00000000c0013ec2                PhysicalDisk::~PhysicalDisk()
                0x00000000c0013ee6                PhysicalDisk::~PhysicalDisk()
 .text          0x00000000c0013f10      0x13b hal/fpu.32
                0x00000000c0013f10                FPU::FPU(char const*)
                0x00000000c0013f10                FPU::FPU(char const*)
                0x00000000c0013f46                FPU::~FPU()
                0x00000000c0013f46                FPU::~FPU()
                0x00000000c0013f6a                FPU::~FPU()
                0x00000000c0013f94                setupFPU()
 *fill*         0x00000000c001404b        0x1 
 .text          0x00000000c001404c     0x1435 hal/intctrl.32
                0x00000000c001404c                InterruptController::uninstallISRHandler(int, void (*)(regs*, void*))
                0x00000000c0014084                InterruptController::installISRHandler(int, void (*)(regs*, void*), void*)
                0x00000000c00140d6                doubleFault(regs*, void*)
                0x00000000c00140f0                InterruptController::installIRQHandler(int, void (*)(regs*, void*), bool, void*)
                0x00000000c001418c                InterruptController::clearAllHandlers(int, bool)
                0x00000000c0014234                InterruptController::uninstallIRQHandler(int, void (*)(regs*, void*), bool)
                0x00000000c00142bb                nmiHandler(regs*, void*)
                0x00000000c00142c9                int_handler
                0x00000000c001436a                InterruptController::InterruptController(char const*)
                0x00000000c001436a                InterruptController::InterruptController(char const*)
                0x00000000c0014410                InterruptController::~InterruptController()
                0x00000000c0014410                InterruptController::~InterruptController()
                0x00000000c0014434                InterruptController::~InterruptController()
                0x00000000c001445e                displayDebugInfo(regs*)
                0x00000000c00148ed                x87EmulHandler(regs*, void*)
                0x00000000c0014960                gpFault(regs*, void*)
                0x00000000c0014999                pgFault(regs*, void*)
                0x00000000c00149e1                otherISRHandler(regs*, void*)
                0x00000000c0014a00                opcodeFault(regs*, void*)
                0x00000000c001501d                displayProgramFault(char const*)
                0x00000000c0015045                setupInterruptController()
                0x00000000c0015434                InterruptController::convertLegacyIRQNumber(int)
 *fill*         0x00000000c0015481        0x1 
 .text          0x00000000c0015482      0x784 hal/keybrd.32
                0x00000000c0015482                startGUI(void*)
                0x00000000c00154ee                startGUIVESA(void*)
                0x00000000c001555a                sendKeyToTerminal(unsigned char)
                0x00000000c0015618                sendKeyboardToken(KeyboardToken)
                0x00000000c0015a55                clearInternalKeybuffer(VgaText*)
                0x00000000c0015a8a                readKeyboard(VgaText*, char*, unsigned long)
                0x00000000c0015b7c                Keyboard::Keyboard(char const*)
                0x00000000c0015b7c                Keyboard::Keyboard(char const*)
                0x00000000c0015bb8                Keyboard::~Keyboard()
                0x00000000c0015bb8                Keyboard::~Keyboard()
                0x00000000c0015bdc                Keyboard::~Keyboard()
 .text          0x00000000c0015c06      0x3ea hal/logidisk.32
                0x00000000c0015c06                LogicalDisk::close(int, int, void*)
                0x00000000c0015c0a                LogicalDisk::~LogicalDisk()
                0x00000000c0015c0a                LogicalDisk::~LogicalDisk()
                0x00000000c0015c2e                LogicalDisk::~LogicalDisk()
                0x00000000c0015c58                LogicalDisk::open(int, int, void*)
                0x00000000c0015c6c                LogicalDisk::absoluteToRelative(unsigned long long)
                0x00000000c0015ca4                LogicalDisk::relativeToAbsolute(unsigned long long)
                0x00000000c0015cea                LogicalDisk::LogicalDisk(char const*, PhysicalDisk*, unsigned long long, unsigned long long)
                0x00000000c0015cea                LogicalDisk::LogicalDisk(char const*, PhysicalDisk*, unsigned long long, unsigned long long)
                0x00000000c0015da0                LogicalDisk::assignDriveLetter()
                0x00000000c0015e56                LogicalDisk::mount()
                0x00000000c0015e9e                LogicalDisk::unmount()
                0x00000000c0015eae                LogicalDisk::eject()
                0x00000000c0015ec2                LogicalDisk::unassignDriveLetter()
                0x00000000c0015f18                LogicalDisk::read(unsigned long long, int, void*)
                0x00000000c0015f84                LogicalDisk::write(unsigned long long, int, void*)
 .text          0x00000000c0015ff0       0x84 hal/mouse.32
                0x00000000c0015ff0                Mouse::Mouse(char const*)
                0x00000000c0015ff0                Mouse::Mouse(char const*)
                0x00000000c0016026                Mouse::~Mouse()
                0x00000000c0016026                Mouse::~Mouse()
                0x00000000c001604a                Mouse::~Mouse()
 .text          0x00000000c0016074      0x339 hal/partition.32
                0x00000000c0016074                makePartition(PhysicalDisk*, unsigned long long, unsigned long long)
                0x00000000c001611c                createPartitionsForDisk(PhysicalDisk*)
 *fill*         0x00000000c00163ad        0x1 
 .text          0x00000000c00163ae       0x84 hal/serial.32
                0x00000000c00163ae                Serial::Serial(char const*)
                0x00000000c00163ae                Serial::Serial(char const*)
                0x00000000c00163e4                Serial::~Serial()
                0x00000000c00163e4                Serial::~Serial()
                0x00000000c0016408                Serial::~Serial()
 .text          0x00000000c0016432      0x2f3 hal/timer.32
                0x00000000c0016432                Timer::Timer(char const*)
                0x00000000c0016432                Timer::Timer(char const*)
                0x00000000c0016468                Timer::~Timer()
                0x00000000c0016468                Timer::~Timer()
                0x00000000c001648c                Timer::~Timer()
                0x00000000c00164b6                Timer::read()
                0x00000000c00164c1                timerHandler(unsigned long long)
                0x00000000c0016633                setupTimer(int)
 *fill*         0x00000000c0016725        0x1 
 .text          0x00000000c0016726      0x409 hal/vcache.32
                0x00000000c0016726                VCache::VCache(PhysicalDisk*)
                0x00000000c0016726                VCache::VCache(PhysicalDisk*)
                0x00000000c001688e                VCache::invalidateReadBuffer()
                0x00000000c001689e                VCache::writeWriteBuffer()
                0x00000000c00168da                VCache::~VCache()
                0x00000000c00168da                VCache::~VCache()
                0x00000000c001692e                VCache::~VCache()
                0x00000000c0016956                VCache::write(unsigned long long, int, void*)
                0x00000000c0016a40                VCache::read(unsigned long long, int, void*)
 *fill*         0x00000000c0016b2f        0x1 
 .text          0x00000000c0016b30      0x4b3 hal/video.32
                0x00000000c0016b30                Video::putrect(int, int, int, int, unsigned int)
                0x00000000c0016b7c                Video::bitblit(int, int, int, int, int, int, int, unsigned int*)
                0x00000000c0016bec                Video::blit(unsigned int*, int, int, int, int)
                0x00000000c0016c6a                Video::clearScreen(unsigned int)
                0x00000000c0016c9e                Video::putpixel(int, int, unsigned int)
                0x00000000c0016cac                Video::Video(char const*)
                0x00000000c0016cac                Video::Video(char const*)
                0x00000000c0016ce2                Video::~Video()
                0x00000000c0016ce2                Video::~Video()
                0x00000000c0016d06                Video::~Video()
                0x00000000c0016d30                Video::isMonochrome()
                0x00000000c0016d3c                Video::getWidth()
                0x00000000c0016d48                Video::getHeight()
                0x00000000c0016d54                Video::drawCursor(int, int, unsigned char*, int)
                0x00000000c0016e10                Video::tgaParse(unsigned char*, int, int*, int*)
                0x00000000c0016f78                Video::putTGA(int, int, unsigned char*, int)
 *fill*         0x00000000c0016fe3        0x1 
 .text          0x00000000c0016fe4     0x11c9 hw/acpi.32
                0x00000000c0016fe4                ACPI::close(int, int, void*)
                0x00000000c0017089                findRSDP()
                0x00000000c0017113                loadACPITables(unsigned char*)
                0x00000000c001736a                findRSDT(unsigned char*)
                0x00000000c00174b4                findDataTable(unsigned char*, char*)
                0x00000000c0017526                scanMADT()
                0x00000000c0017994                ACPI::ACPI()
                0x00000000c0017994                ACPI::ACPI()
                0x00000000c00179e8                ACPI::getPCIIRQAssignment(unsigned char, unsigned short, unsigned char)
                0x00000000c0017aca                ACPI::registerPCIIRQAssignment(void*, unsigned short, unsigned char, unsigned char)
                0x00000000c0017b90                ACPI::setScreenBrightnessLevel(void*, int)
                0x00000000c0017b96                ACPI::detectPCI()
                0x00000000c0017d98                ACPI::writeSimpleBootFlag(SimpleBootFlagTable*)
                0x00000000c0017de0                ACPI::sleep()
                0x00000000c0017df8                ACPI::open(int, int, void*)
 *fill*         0x00000000c00181ad        0x1 
 .text          0x00000000c00181ae     0x1495 hw/cpu.32
                0x00000000c00181ae                CPU::close(int, int, void*)
                0x00000000c00181b2                CPU::lookupAMDName(unsigned char, unsigned char)
                0x00000000c0018346                CPU::lookupIntelName(unsigned char, unsigned char)
                0x00000000c00185f4                CPU::AMD_K6_write_msr(unsigned int, unsigned int, unsigned int, CPU::REGS*)
                0x00000000c0018610                CPU::AMD_K6_read_msr(unsigned int, CPU::REGS*)
                0x00000000c0018628                CPU::AMD_K6_writeback(int, int, int)
                0x00000000c001869c                CPU::cpuid(int, unsigned long*, unsigned long*, unsigned long*, unsigned long*)
                0x00000000c0018720                CPU::cpuidCheckEDX(unsigned int)
                0x00000000c001874e                CPU::cpuidCheckECX(unsigned int)
                0x00000000c001877c                CPU::cpuidCheckExtendedEBX(unsigned int)
                0x00000000c00187aa                CPU::cpuidCheckExtendedECX(unsigned int)
                0x00000000c00187d8                CPU::CPU()
                0x00000000c00187d8                CPU::CPU()
                0x00000000c0018866                CPU::displayFeatures()
                0x00000000c0018868                CPU::detectFeatures()
                0x00000000c001925a                CPU::setupSMEP()
                0x00000000c0019266                CPU::setupUMIP()
                0x00000000c0019270                CPU::setupTSC()
                0x00000000c001927a                CPU::setupLargePages()
                0x00000000c0019284                CPU::setupPAT()
                0x00000000c00192c0                CPU::setupMTRR()
                0x00000000c00192c2                CPU::setupGlobalPages()
                0x00000000c00192cc                CPU::allowUsermodeDataAccess()
                0x00000000c00192de                CPU::prohibitUsermodeDataAccess()
                0x00000000c00192f0                CPU::setupSMAP()
                0x00000000c00192fe                CPU::setupFeatures()
                0x00000000c001937e                CPU::open(int, int, void*)
                0x00000000c0019448                CPU::decodeAddress(regs*, int*, bool*, unsigned char*)
 .text          0x00000000c0019643        0x0 hw/ports.32
 .text          0x00000000c0019643      0x16a hw/smp.32
                0x00000000c0019643                Krnl::smpEntry()
                0x00000000c0019645                Krnl::startCPU(int)
                0x00000000c001978e                Krnl::startCPUs()
 *fill*         0x00000000c00197ad        0x1 
 .text          0x00000000c00197ae      0x581 krnl/env.32
                0x00000000c00197ae                EnvVarContainer::getEnv(char const*)
                0x00000000c00197ec                EnvVarContainer::setEnv(char const*, char const*)
                0x00000000c00198ae                EnvVarContainer::deleteEnv(char const*)
                0x00000000c00198b0                EnvVarContainer::loadFrom(char const*, char const*)
                0x00000000c0019a96                EnvVarContainer::__loadSystem()
                0x00000000c0019ab0                EnvVarContainer::__loadUser()
                0x00000000c0019ab2                EnvVarContainer::EnvVarContainer(Process*)
                0x00000000c0019ab2                EnvVarContainer::EnvVarContainer(Process*)
                0x00000000c0019ad4                EnvVarContainer::~EnvVarContainer()
                0x00000000c0019ad4                EnvVarContainer::~EnvVarContainer()
                0x00000000c0019b04                Krnl::getEnv(Process*, char const*)
                0x00000000c0019b69                Krnl::setEnvSystem(char const*, char const*)
                0x00000000c0019b83                Krnl::setEnvUser(char const*, char const*)
                0x00000000c0019ba2                Krnl::setEnvProcess(Process*, char const*, char const*)
                0x00000000c0019bb5                Krnl::deleteEnvSystem(char const*)
                0x00000000c0019bb6                Krnl::deleteEnvUser(char const*)
                0x00000000c0019bb7                Krnl::deleteEnvProcess(Process*, char const*)
                0x00000000c0019bb8                Krnl::newProcessEnv(Process*)
                0x00000000c0019bda                Krnl::copyProcessEnv(Process*, Process*)
                0x00000000c0019c26                Krnl::loadSystemEnv()
                0x00000000c0019c54                Krnl::loadUserEnv()
                0x00000000c0019c7a                Krnl::flushEnv()
                0x00000000c0019c7b                Krnl::getProcessTotalEnvCount(Process*)
                0x00000000c0019c9b                Krnl::getProcessEnvPair(Process*, int)
 .text          0x00000000c0019d2f      0x39c krnl/panic.32
                0x00000000c0019d2f                Krnl::panic(char const*)
 .text          0x00000000c001a0cb      0x57f net/ethernet.32
                0x00000000c001a0cb                Net::switchEndian16(unsigned short)
                0x00000000c001a0ec                Net::switchEndian32(unsigned int)
                0x00000000c001a11b                Net::crc32Calc(unsigned char*, int)
                0x00000000c001a1ac                Net::wrapEthernetFrame(Net::UnwrappedEthernetFrame, unsigned char*)
                0x00000000c001a3bf                Net::unwrapEthernetFrame(unsigned char*, int)
 .text          0x00000000c001a64a      0x50e reg/registry.32
                0x00000000c001a64a                Reg::findLineFromLoadedData(char*, char*, char*)
                0x00000000c001a7a2                Reg::getLineFromRegistry(char*, char*, char*, char*)
                0x00000000c001a8f7                Reg::getLine(char*, char*, char*)
                0x00000000c001a92e                Reg::readInt(char*, char*, int*)
                0x00000000c001aa19                Reg::readString(char*, char*, char*, int)
                0x00000000c001aa9a                Reg::readBool(char*, char*, bool*)
                0x00000000c001aabf                Reg::readBoolWithDefault(char*, char*, bool)
                0x00000000c001aaeb                Reg::readIntWithDefault(char*, char*, int)
                0x00000000c001ab17                Reg::readStringWithDefault(char*, char*, char*, int, char*)
 .text          0x00000000c001ab58       0x36 sys/sc_eject.32
                0x00000000c001ab58                Sys::eject(regs*)
 .text          0x00000000c001ab8e       0x18 sys/sc_exit.32
                0x00000000c001ab8e                Sys::exit(regs*)
 .text          0x00000000c001aba6       0x1f sys/sc_getcwd.32
                0x00000000c001aba6                Sys::getCwd(regs*)
 .text          0x00000000c001abc5        0xc sys/sc_getpid.32
                0x00000000c001abc5                Sys::getPID(regs*)
 .text          0x00000000c001abd1       0x17 sys/sc_getramdata.32
                0x00000000c001abd1                Sys::getRAMData(regs*)
 .text          0x00000000c001abe8       0x84 sys/sc_getvgaptr.32
                0x00000000c001abe8                Sys::getVGAPtr(regs*)
 .text          0x00000000c001ac6c       0xa8 sys/sc_loaddll.32
                0x00000000c001ac6c                Sys::loadDLL(regs*)
 .text          0x00000000c001ad14       0x68 sys/sc_read.32
                0x00000000c001ad14                Sys::read(regs*)
 .text          0x00000000c001ad7c       0x55 sys/sc_sbrk.32
                0x00000000c001ad7c                Sys::sbrk(regs*)
 .text          0x00000000c001add1       0x1c sys/sc_setcwd.32
                0x00000000c001add1                Sys::setCwd(regs*)
 .text          0x00000000c001aded       0x95 sys/sc_settime.32
                0x00000000c001aded                Sys::setTime(regs*)
 .text          0x00000000c001ae82       0x4a sys/sc_timezone.32
                0x00000000c001ae82                Sys::timezone(regs*)
 .text          0x00000000c001aecc       0x68 sys/sc_write.32
                0x00000000c001aecc                Sys::write(regs*)
 .text          0x00000000c001af34       0x62 sys/sc_wsbe.32
                0x00000000c001af34                Sys::wsbe(regs*)
 .text          0x00000000c001af96       0x46 sys/sc_yield.32
                0x00000000c001af96                Sys::yield(regs*)
 .text          0x00000000c001afdc      0xf84 sys/syscalls.32
                0x00000000c001afdc                sysCallSeekDir(regs*)
                0x00000000c001afe1                sysCallTellDir(regs*)
                0x00000000c001afe6                sysCallVerify(regs*)
                0x00000000c001aff0                sysCallGetArgc(regs*)
                0x00000000c001b000                sysFormatDisk(regs*)
                0x00000000c001b06a                sysSetDiskVolumeLabel(regs*)
                0x00000000c001b0b0                sysGetDiskVolumeLabel(regs*)
                0x00000000c001b101                sysShutdown(regs*)
                0x00000000c001b15f                sysCallRealpath(regs*)
                0x00000000c001b1a2                sysCallReadDir(regs*)
                0x00000000c001b221                sysCallIsATTY(regs*)
                0x00000000c001b27b                sysCallSeek(regs*)
                0x00000000c001b2d2                sysCallTell(regs*)
                0x00000000c001b33e                sysCallSize(regs*)
                0x00000000c001b3b0                sysCallSizeFromFilename(regs*)
                0x00000000c001b45f                sysCallClose(regs*)
                0x00000000c001b4bf                sysCallOpenDir(regs*)
                0x00000000c001b534                sysCallCloseDir(regs*)
                0x00000000c001b588                sysCallMakeDir(regs*)
                0x00000000c001b5f8                sysCallWait(regs*)
                0x00000000c001b612                sysCallNotImpl(regs*)
                0x00000000c001b62d                sysPanic(regs*)
                0x00000000c001b647                sysCallRmdir(regs*)
                0x00000000c001b6ab                sysCallUnlink(regs*)
                0x00000000c001b70f                sysCallGetArgv(regs*)
                0x00000000c001b75b                sysCallTTYName(regs*)
                0x00000000c001b7de                sysCallUSleep(regs*)
                0x00000000c001b805                sysCallSpawn(regs*)
                0x00000000c001b86d                sysCallGetEnv(regs*)
                0x00000000c001b91a                sysAppSettings(regs*)
                0x00000000c001ba2e                sysSetFatAttrib(regs*)
                0x00000000c001baa0                sysPipe(regs*)
                0x00000000c001bae5                sysGetUnixTime(regs*)
                0x00000000c001baf9                string_ends_with(char const*, char const*)
                0x00000000c001bb41                sysCallOpen(regs*)
                0x00000000c001bd29                Sys::loadSyscalls()
                0x00000000c001bf1e                Sys::systemCall(regs*, void*)
 .text          0x00000000c001bf60     0x1200 thr/elf.32
                0x00000000c001bf60                Thr::allocateMemoryForTask(Process*, File*, unsigned long, unsigned long, unsigned long)
                0x00000000c001c20a                Thr::loadProgramIntoMemory(Process*, char const*)
                0x00000000c001c420                Thr::runtimeReferenceHelper()
                0x00000000c001c433                Thr::getAddressOfKernelSymbol(char const*)
                0x00000000c001c482                Thr::loadKernelSymbolTable(char const*)
                0x00000000c001c740                Thr::loadDriverIntoMemory(char const*, unsigned long, bool)
                0x00000000c001ce76                Thr::getDriverBaseFromAddress(unsigned long)
                0x00000000c001cea8                Thr::getDriverNameFromAddress(unsigned long)
                0x00000000c001cedf                Thr::getDriverOffsetFromAddress(unsigned long)
                0x00000000c001cef9                Thr::loadDLL(char const*, bool)
                0x00000000c001d127                Thr::executeDLL(unsigned long, void*)
 .text          0x00000000c001d160     0x11ef thr/prcssthr.32
                0x00000000c001d160                userModeEntryPoint(void*)
                0x00000000c001d186                changeTSS
                0x00000000c001d1b6                switchToThread(ThreadControlBlock*)
                0x00000000c001d260                Process::addArgs(char**)
                0x00000000c001d2ba                Process::Process(char const*, Process*, char**)
                0x00000000c001d2ba                Process::Process(char const*, Process*, char**)
                0x00000000c001d49e                Process::Process(bool, char const*, Process*, char**)
                0x00000000c001d49e                Process::Process(bool, char const*, Process*, char**)
                0x00000000c001d64d                taskStartupFunction
                0x00000000c001d656                Semaphore::Semaphore(int)
                0x00000000c001d656                Semaphore::Semaphore(int)
                0x00000000c001d684                Mutex::Mutex()
                0x00000000c001d684                Mutex::Mutex()
                0x00000000c001d696                Process::createThread(void (*)(void*), void*, int)
                0x00000000c001d79c                Process::createUserThread()
                0x00000000c001d7b8                setupMultitasking(void (*)())
                0x00000000c001d8bb                schedule()
                0x00000000c001d940                Semaphore::tryAcquire()
                0x00000000c001d9fc                Semaphore::assertLocked(char const*)
                0x00000000c001da6b                blockTaskWithSchedulerLockAlreadyHeld(TaskState)
                0x00000000c001da91                blockTask(TaskState)
                0x00000000c001dabe                waitTask(int, int*, int)
                0x00000000c001db00                nanoSleepUntil(unsigned long long)
                0x00000000c001db95                nanoSleep(unsigned long long)
                0x00000000c001dbad                sleep(unsigned long long)
                0x00000000c001dbca                Semaphore::acquire()
                0x00000000c001dc6c                taskReturned
                0x00000000c001dca7                Thr::processFromPID(int)
                0x00000000c001dd3e                unblockTask(ThreadControlBlock*)
                0x00000000c001ddd3                cleanupTerminatedTask(ThreadControlBlock*)
                0x00000000c001e07a                cleanerTaskFunction(void*)
                0x00000000c001e15b                terminateTask(int)
                0x00000000c001e21a                Thr::terminateFromIRQ(int)
                0x00000000c001e226                Semaphore::release()
 .text          0x00000000c001e34f      0xada vm86/vm8086.32
                0x00000000c001e34f                Vm::inbv(unsigned short)
                0x00000000c001e362                Vm::outbv(unsigned short, unsigned char)
                0x00000000c001e398                Vm::realToLinear(unsigned short, unsigned short)
                0x00000000c001e3a8                Vm::getSegment(unsigned int)
                0x00000000c001e3b0                Vm::getOffset(unsigned int)
                0x00000000c001e3b5                Vm::mainloop2()
                0x00000000c001e3ef                Vm::mainVm8086Loop(void*)
                0x00000000c001e3ff                Vm::mainloop3(unsigned long)
                0x00000000c001e425                Vm::initialise8086()
                0x00000000c001e468                Vm::finish8086()
                0x00000000c001e4c9                Vm::getOutput8086(unsigned char*)
                0x00000000c001e4ee                Vm::start8086(char const*, unsigned short, unsigned short, unsigned short, unsigned short)
                0x00000000c001e656                Vm::doISR(regs*, int, unsigned char*, unsigned short, unsigned short)
                0x00000000c001e6e0                Vm::readByteFromReal(unsigned short, unsigned short)
                0x00000000c001e6f1                Vm::readWordFromReal(unsigned short, unsigned short)
                0x00000000c001e703                Vm::readDwordFromReal(unsigned short, unsigned short)
                0x00000000c001e714                Vm::writeByteFromReal(unsigned short, unsigned short, unsigned char)
                0x00000000c001e729                Vm::writeWordFromReal(unsigned short, unsigned short, unsigned short)
                0x00000000c001e73f                Vm::writeDwordFromReal(unsigned short, unsigned short, unsigned int)
                0x00000000c001e754                Vm::faultHandler(regs*)
 .text          0x00000000c001ee29      0xefd vm86/x87em.32
                0x00000000c001ee29                Vm::fpuInternalTo32(unsigned long long)
                0x00000000c001ee84                Vm::fpuInternalTo64(unsigned long long)
                0x00000000c001ee8d                Vm::fpu32ToInternal(unsigned int)
                0x00000000c001eed2                Vm::fpu64ToInternal(unsigned long long)
                0x00000000c001eedb                Vm::fpuFloatToLong(unsigned long long)
                0x00000000c001ef36                Vm::fpuULongToFloat(unsigned long long)
                0x00000000c001ef6c                Vm::fpuLongToFloat(long long)
                0x00000000c001efc2                Vm::fpuGet0()
                0x00000000c001efc7                Vm::fpuGet1()
                0x00000000c001efcf                Vm::fpuGetPi()
                0x00000000c001efd7                Vm::fpuGetLog2E()
                0x00000000c001efef                Vm::fpuGetLogE2()
                0x00000000c001f007                Vm::fpuGetLog210()
                0x00000000c001f01f                Vm::fpuGetLog102()
                0x00000000c001f037                Vm::fpuIsSecondLarger(unsigned long long, unsigned long long)
                0x00000000c001f04b                Vm::fpuAreEqual(unsigned long long, unsigned long long)
                0x00000000c001f061                Vm::fpuUnorderedCompare(unsigned long long, unsigned long long)
                0x00000000c001f0b4                Vm::fpuAdd(unsigned long long, unsigned long long)
                0x00000000c001f0c5                Vm::fpuAbs(unsigned long long)
                0x00000000c001f0ce                Vm::fpuChs(unsigned long long)
                0x00000000c001f0de                Vm::fpuSub(unsigned long long, unsigned long long)
                0x00000000c001f0ed                Vm::fpuMultiply(unsigned long long, unsigned long long)
                0x00000000c001f10c                Vm::fpuDivide(unsigned long long, unsigned long long)
                0x00000000c001f128                Vm::fpuSquare(unsigned long long)
                0x00000000c001f13e                Vm::fpuGetReg(int)
                0x00000000c001f181                Vm::fpuSetReg(int, unsigned long long)
                0x00000000c001f1cc                Vm::fpuPush(unsigned long long)
                0x00000000c001f229                Vm::fpuPop()
                0x00000000c001f27b                Vm::x87Handler(regs*)
 .text          0x00000000c001fd26     0x11c1 fs/fat/vfslink.32
                0x00000000c001fd26                FAT::getName()
                0x00000000c001fd2c                FAT::tell(void*, unsigned long long*)
                0x00000000c001fd60                FAT::stat(void*, unsigned long long*)
                0x00000000c001fd94                FAT::~FAT()
                0x00000000c001fd94                FAT::~FAT()
                0x00000000c001fdb8                FAT::~FAT()
                0x00000000c001fde0                FAT::getlabel(LogicalDisk*, int, char*, unsigned int*)
                0x00000000c001fe7e                FAT::setlabel(LogicalDisk*, int, char*)
                0x00000000c001ff38                FAT::format(LogicalDisk*, int, char const*, int)
                0x00000000c00200f6                FAT::tryMount(LogicalDisk*, int)
                0x00000000c00202fc                FAT::getFileFirstSector(char const*)
                0x00000000c00203a2                FAT::readDir(void*, unsigned long, void*, int*)
                0x00000000c00204fc                FAT::read(void*, unsigned long, void*, int*)
                0x00000000c0020556                FAT::write(void*, unsigned long, void*, int*)
                0x00000000c00205b0                FAT::close(void*)
                0x00000000c00205fc                FAT::closeDir(void*)
                0x00000000c0020648                FAT::seek(void*, unsigned long long)
                0x00000000c002069c                fatWrapperReadDisk
                0x00000000c00206e3                fatWrapperWriteDisk
                0x00000000c002072a                fatWrapperIoctl
                0x00000000c002082e                FAT::FAT()
                0x00000000c002082e                FAT::FAT()
                0x00000000c0020880                FAT::fixFilepath(char*)
                0x00000000c00208b8                FAT::open(char const*, void**, FileOpenMode)
                0x00000000c00209e0                FAT::openDir(char const*, void**)
                0x00000000c0020a86                FAT::stat(char const*, unsigned long long*, bool*)
                0x00000000c0020b70                FAT::unlink(char const*)
                0x00000000c0020bea                FAT::chfatattr(char const*, unsigned char, unsigned char)
                0x00000000c0020d3e                FAT::rename(char const*, char const*)
                0x00000000c0020e02                FAT::mkdir(char const*)
                0x00000000c0020e7c                FAT::exists(char const*)
 *fill*         0x00000000c0020ee7        0x1 
 .text          0x00000000c0020ee8      0xb75 fs/iso9660/vfslink.32
                0x00000000c0020ee8                ISO9660::format(LogicalDisk*, int, char const*, int)
                0x00000000c0020eee                ISO9660::seek(void*, unsigned long long)
                0x00000000c0020f1e                ISO9660::tell(void*, unsigned long long*)
                0x00000000c0020f42                ISO9660::getName()
                0x00000000c0020f48                ISO9660::stat(void*, unsigned long long*)
                0x00000000c0020f6c                ISO9660::chfatattr(char const*, unsigned char, unsigned char)
                0x00000000c0020f72                ISO9660::unlink(char const*)
                0x00000000c0020f78                ISO9660::write(void*, unsigned long, void*, int*)
                0x00000000c0020f7e                ISO9660::rename(char const*, char const*)
                0x00000000c0020f84                ISO9660::mkdir(char const*)
                0x00000000c0020f8a                ISO9660::close(void*)
                0x00000000c0020fac                ISO9660::closeDir(void*)
                0x00000000c0020fce                ISO9660::~ISO9660()
                0x00000000c0020fce                ISO9660::~ISO9660()
                0x00000000c0020ff2                ISO9660::~ISO9660()
                0x00000000c0021019                __memmem(unsigned char*, int, unsigned char*, int)
                0x00000000c002105b                readSectorFromCDROM(unsigned int, unsigned char*, char)
                0x00000000c00210b6                ISO9660::tryMount(LogicalDisk*, int)
                0x00000000c0021106                ISO9660::read(void*, unsigned long, void*, int*)
                0x00000000c002130a                ISO9660::readDir(void*, unsigned long, void*, int*)
                0x00000000c0021584                readRoot(unsigned int*, unsigned int*, char)
                0x00000000c00215d8                readRecursively(char*, unsigned int, unsigned int, unsigned int*, unsigned int*, char, int*)
                0x00000000c00217ab                getFileData(char*, unsigned int*, unsigned int*, char, int*)
                0x00000000c002183a                ISO9660::open(char const*, void**, FileOpenMode)
                0x00000000c00218e8                ISO9660::exists(char const*)
                0x00000000c002190c                ISO9660::stat(char const*, unsigned long long*, bool*)
                0x00000000c00219a0                ISO9660::openDir(char const*, void**)
                0x00000000c0021a3a                ISO9660::ISO9660()
                0x00000000c0021a3a                ISO9660::ISO9660()
 *fill*         0x00000000c0021a5d        0x1 
 .text          0x00000000c0021a5e      0x396 hal/sound/sndchannel.32
                0x00000000c0021a5e                SoundChannel::SoundChannel(int, int, int, int)
                0x00000000c0021a5e                SoundChannel::SoundChannel(int, int, int, int)
                0x00000000c0021b88                SoundChannel::~SoundChannel()
                0x00000000c0021b88                SoundChannel::~SoundChannel()
                0x00000000c0021ba4                SoundChannel::getSampleRate()
                0x00000000c0021bac                SoundChannel::getBits()
                0x00000000c0021bb4                SoundChannel::getBufferUsed()
                0x00000000c0021bbc                SoundChannel::getBufferSize()
                0x00000000c0021bc4                SoundChannel::unbuffer(float*, int, int)
                0x00000000c0021c58                SoundChannel::buffer16(short*, int)
                0x00000000c0021d54                SoundChannel::buffer8(unsigned char*, int)
 .text          0x00000000c0021df4      0x43e hal/sound/sndhw.32
                0x00000000c0021df4                SoundDevice::SoundDevice(char const*)
                0x00000000c0021df4                SoundDevice::SoundDevice(char const*)
                0x00000000c0021e60                SoundDevice::~SoundDevice()
                0x00000000c0021e60                SoundDevice::~SoundDevice()
                0x00000000c0021eda                SoundDevice::~SoundDevice()
                0x00000000c0021f04                SoundDevice::getFreeChannelNum()
                0x00000000c0021f1e                SoundDevice::addChannel(SoundChannel*)
                0x00000000c0021f8e                SoundDevice::removeChannel(int)
                0x00000000c0021fc0                SoundDevice::floatTo16(float*, short*, int)
                0x00000000c00220ae                SoundDevice::floatTo8(float*, unsigned char*, int)
                0x00000000c0022196                SoundDevice::getAudio(int, float*, float*)
 .text          0x00000000c0022232        0x0 hw/bus/isa.32
 .text          0x00000000c0022232      0xb87 hw/bus/pci.32
                0x00000000c0022232                PCI::open(int, int, void*)
                0x00000000c0022250                PCI::close(int, int, void*)
                0x00000000c0022254                PCI::PCI()
                0x00000000c0022254                PCI::PCI()
                0x00000000c00222ea                PCI::readBAR8(unsigned int, int)
                0x00000000c0022306                PCI::readBAR16(unsigned int, int)
                0x00000000c0022324                PCI::readBAR32(unsigned int, int)
                0x00000000c0022340                PCI::writeBAR8(unsigned int, unsigned char, int)
                0x00000000c0022360                PCI::writeBAR16(unsigned int, unsigned short, int)
                0x00000000c0022382                PCI::writeBAR32(unsigned int, unsigned int, int)
                0x00000000c00223a2                PCI::legacyMechanism(unsigned char, unsigned char, unsigned char, unsigned char)
                0x00000000c0022410                PCI::pciReadWord(unsigned char, unsigned char, unsigned char, unsigned char)
                0x00000000c00224b8                PCI::getVendorID(unsigned char, unsigned char, unsigned char)
                0x00000000c00224dc                PCI::getHeaderType(unsigned char, unsigned char, unsigned char)
                0x00000000c0022504                PCI::getClassCode(unsigned char, unsigned char, unsigned char)
                0x00000000c002254e                PCI::getProgIF(unsigned char, unsigned char, unsigned char)
                0x00000000c0022576                PCI::getRevisionID(unsigned char, unsigned char, unsigned char)
                0x00000000c002259a                PCI::getInterruptNumber(unsigned char, unsigned char, unsigned char)
                0x00000000c00225be                PCI::getSecondaryBus(unsigned char, unsigned char, unsigned char)
                0x00000000c00225e6                PCI::getBARAddress(unsigned char, unsigned char, unsigned char, unsigned char)
                0x00000000c002264a                PCI::pciWriteWord(unsigned char, unsigned char, unsigned char, unsigned char, unsigned short)
                0x00000000c0022732                PCI::pciDetailsToFilepath(PCIDeviceInfo, char*)
                0x00000000c00229ac                PCI::checkBus(unsigned char)
                0x00000000c00229d0                PCI::foundDevice(PCIDeviceInfo)
                0x00000000c0022b42                PCI::getDeviceData(unsigned char, unsigned char, unsigned char)
                0x00000000c0022cfa                PCI::checkDevice(unsigned char, unsigned char)
                0x00000000c0022d66                PCI::detect()
 *fill*         0x00000000c0022db9        0x1 
 .text          0x00000000c0022dba      0xb54 hw/diskctrl/ide.32
                0x00000000c0022dba                IDE::close(int, int, void*)
                0x00000000c0022dbe                IDE::IDE()
                0x00000000c0022dbe                IDE::IDE()
                0x00000000c0022df2                IDE::prepareInterrupt(unsigned char)
                0x00000000c0022e04                selectDrive(unsigned char, unsigned char)
                0x00000000c0022e06                IDE::getBase(unsigned char)
                0x00000000c0022e18                IDE::write(unsigned char, unsigned char, unsigned char)
                0x00000000c0022ed8                IDE::read(unsigned char, unsigned char)
                0x00000000c0022f86                IDE::waitInterrupt(unsigned char)
                0x00000000c0022fec                ideChannel0IRQHandler(regs*, void*)
                0x00000000c0023008                ideChannel1IRQHandler(regs*, void*)
                0x00000000c0023024                IDE::enableIRQs(unsigned char, bool)
                0x00000000c002306a                IDE::open(int, int, void*)
                0x00000000c0023478                IDE::readBuffer(unsigned char, unsigned char, unsigned int, unsigned int)
                0x00000000c0023544                IDE::detect()
                0x00000000c002380a                IDE::printError(unsigned char, unsigned char, unsigned char)
                0x00000000c00238ba                IDE::polling(unsigned char, unsigned int)
 .text          0x00000000c002390e      0x336 hw/diskctrl/satabus.32
                0x00000000c002390e                SATABus::close(int, int, void*)
                0x00000000c0023912                SATABus::detect()
                0x00000000c0023914                SATABus::SATABus()
                0x00000000c0023914                SATABus::SATABus()
                0x00000000c002399a                SATABus::findCmdslot(SATABus::tagHBA_PORT volatile*)
                0x00000000c00239e2                SATABus::checkType(SATABus::tagHBA_PORT volatile*)
                0x00000000c0023a2a                SATABus::startCmd(SATABus::tagHBA_PORT volatile*)
                0x00000000c0023a4a                SATABus::stopCmd(SATABus::tagHBA_PORT volatile*)
                0x00000000c0023a74                SATABus::portRebase(SATABus::tagHBA_PORT volatile*, int)
                0x00000000c0023b7a                SATABus::probePort(SATABus::tagHBA_MEM volatile*)
                0x00000000c0023c24                SATABus::open(int, int, void*)
 .text          0x00000000c0023c44      0x604 hw/diskphys/ata.32
                0x00000000c0023c44                ATA::close(int, int, void*)
                0x00000000c0023c68                ATA::powerSaving(PowerSavingLevel)
                0x00000000c0023c6a                ATA::ATA()
                0x00000000c0023c6a                ATA::ATA()
                0x00000000c0023c98                ATA::flush(bool)
                0x00000000c0023ce2                ATA::readyForCommand()
                0x00000000c0023d32                ATA::access(unsigned long long, int, void*, bool)
                0x00000000c00240ba                ATA::read(unsigned long long, int, void*)
                0x00000000c0024106                ATA::write(unsigned long long, int, void*)
                0x00000000c0024152                ATA::detectCHS()
                0x00000000c002417c                ATA::open(int, int, void*)
 .text          0x00000000c0024248      0x5bd hw/diskphys/atapi.32
                0x00000000c0024248                ATAPI::write(unsigned long long, int, void*)
                0x00000000c002424e                ATAPI::close(int, int, void*)
                0x00000000c0024272                ATAPI::ATAPI()
                0x00000000c0024272                ATAPI::ATAPI()
                0x00000000c00242a0                ATAPI::readyForCommand()
                0x00000000c00242f0                ATAPI::sendPacket(unsigned char*, int, bool, unsigned short*, int)
                0x00000000c00245b0                ATAPI::diskRemoved()
                0x00000000c00245cc                ATAPI::eject()
                0x00000000c0024614                ATAPI::diskInserted()
                0x00000000c0024642                ATAPI::detectMedia()
                0x00000000c00246fe                ATAPI::open(int, int, void*)
                0x00000000c0024786                ATAPI::read(unsigned long long, int, void*)
 *fill*         0x00000000c0024805        0x1 
 .text          0x00000000c0024806      0x41c hw/diskphys/sata.32
                0x00000000c0024806                SATA::close(int, int, void*)
                0x00000000c002482a                SATA::powerSaving(PowerSavingLevel)
                0x00000000c002482c                SATA::open(int, int, void*)
                0x00000000c00248d6                SATA::SATA()
                0x00000000c00248d6                SATA::SATA()
                0x00000000c0024904                SATA::access(unsigned long long, int, void*, bool)
                0x00000000c0024b6a                SATA::read(unsigned long long, int, void*)
                0x00000000c0024bb6                SATA::write(unsigned long long, int, void*)
 .text          0x00000000c0024c22      0x4fe hw/diskphys/satapi.32
                0x00000000c0024c22                SATAPI::write(unsigned long long, int, void*)
                0x00000000c0024c28                SATAPI::close(int, int, void*)
                0x00000000c0024c4c                SATAPI::SATAPI()
                0x00000000c0024c4c                SATAPI::SATAPI()
                0x00000000c0024c7a                SATAPI::diskRemoved()
                0x00000000c0024c96                SATAPI::diskInserted()
                0x00000000c0024cc4                SATAPI::sendPacket(unsigned char*, int, unsigned long long, unsigned short*, int)
                0x00000000c0024ecc                SATAPI::eject()
                0x00000000c0024f14                SATAPI::detectMedia()
                0x00000000c0024fd6                SATAPI::open(int, int, void*)
                0x00000000c002507e                SATAPI::read(unsigned long long, int, void*)
 .text          0x00000000c0025120       0x8e hw/fpu/avx.32
                0x00000000c0025120                AVX::open(int, int, void*)
                0x00000000c0025132                AVX::close(int, int, void*)
                0x00000000c0025144                AVX::available()
                0x00000000c0025156                AVX::save(void*)
                0x00000000c002516e                AVX::load(void*)
                0x00000000c0025186                AVX::AVX()
                0x00000000c0025186                AVX::AVX()
 .text          0x00000000c00251ae       0x90 hw/fpu/mmx.32
                0x00000000c00251ae                MMX::available()
                0x00000000c00251c2                MMX::open(int, int, void*)
                0x00000000c00251d4                MMX::close(int, int, void*)
                0x00000000c00251e6                MMX::save(void*)
                0x00000000c00251fe                MMX::load(void*)
                0x00000000c0025216                MMX::MMX()
                0x00000000c0025216                MMX::MMX()
 .text          0x00000000c002523e       0x96 hw/fpu/sse.32
                0x00000000c002523e                SSE::open(int, int, void*)
                0x00000000c0025250                SSE::close(int, int, void*)
                0x00000000c0025262                SSE::available()
                0x00000000c002527c                SSE::save(void*)
                0x00000000c0025294                SSE::load(void*)
                0x00000000c00252ac                SSE::SSE()
                0x00000000c00252ac                SSE::SSE()
 .text          0x00000000c00252d4       0x8e hw/fpu/x87.32
                0x00000000c00252d4                x87::open(int, int, void*)
                0x00000000c00252e6                x87::close(int, int, void*)
                0x00000000c00252f8                x87::available()
                0x00000000c002530a                x87::save(void*)
                0x00000000c0025322                x87::load(void*)
                0x00000000c002533a                x87::x87()
                0x00000000c002533a                x87::x87()
 .text          0x00000000c0025362      0x71e hw/intctrl/apic.32
                0x00000000c0025362                APIC::disable()
                0x00000000c0025364                APIC::close(int, int, void*)
                0x00000000c0025386                IOAPIC::close(int, int, void*)
                0x00000000c002538c                APIC::io_wait()
                0x00000000c0025392                APIC::getBase()
                0x00000000c00253d4                APIC::eoi(unsigned char)
                0x00000000c0025402                APIC::open(int, int, void*)
                0x00000000c0025550                IOAPIC::IOAPIC()
                0x00000000c0025550                IOAPIC::IOAPIC()
                0x00000000c0025578                APIC::APIC()
                0x00000000c0025578                APIC::APIC()
                0x00000000c0025654                IOAPIC::handlesGSIWithNumber(unsigned int)
                0x00000000c0025686                IOAPIC::read(int)
                0x00000000c00256ae                IOAPIC::open(int, int, void*)
                0x00000000c00257a4                IOAPIC::write(int, int)
                0x00000000c00257d0                IOAPIC::redirect(unsigned char, unsigned long long, unsigned char, bool, bool)
                0x00000000c00258ca                APIC::installIRQHandler(int, void (*)(regs*, void*), bool, void*)
 .text          0x00000000c0025a80      0x3d3 hw/intctrl/pic.32
                0x00000000c0025a80                PIC::disable()
                0x00000000c0025aae                PIC::close(int, int, void*)
                0x00000000c0025ad0                PIC::PIC()
                0x00000000c0025ad0                PIC::PIC()
                0x00000000c0025ba6                PIC::ioWait()
                0x00000000c0025bac                PIC::getIRQReg(int)
                0x00000000c0025c16                PIC::eoi(unsigned char)
                0x00000000c0025ca8                PIC::remap()
                0x00000000c0025e14                PIC::open(int, int, void*)
 *fill*         0x00000000c0025e53        0x1 
 .text          0x00000000c0025e54      0x25e hw/timer/apictimer.32
                0x00000000c0025e54                APICTimer::close(int, int, void*)
                0x00000000c0025e5a                apicTimerHandler(regs*, void*)
                0x00000000c0025e88                APICTimer::write(int)
                0x00000000c0025f8c                APICTimer::open(int, int, void*)
                0x00000000c002608a                APICTimer::APICTimer()
                0x00000000c002608a                APICTimer::APICTimer()
 .text          0x00000000c00260b2      0x1a7 hw/timer/pit.32
                0x00000000c00260b2                PIT::write(int)
                0x00000000c0026130                pitHandler(regs*, void*)
                0x00000000c002615c                PIT::open(int, int, void*)
                0x00000000c00261aa                PIT::close(int, int, void*)
                0x00000000c00261da                PIT::PIT()
                0x00000000c00261da                PIT::PIT()
 *fill*         0x00000000c0026259        0x7 
 .text          0x00000000c0026260       0x1e hw/fpu/x86/avx.32
                0x00000000c0026260                avxDetect
                0x00000000c0026266                avxSave
                0x00000000c0026267                avxLoad
                0x00000000c0026268                avxInit
                0x00000000c0026269                avxClose
                0x00000000c002626a                wouldSheSayYes
 *fill*         0x00000000c002627e        0x2 
 .text          0x00000000c0026280       0x35 hw/fpu/x86/sse.32
                0x00000000c0026280                absolutelyNoChanceInHell
                0x00000000c0026280                sseDetect
                0x00000000c0026298                sseSave
                0x00000000c002629e                sseLoad
                0x00000000c00262a4                sseInit
                0x00000000c00262b4                sseClose
 *fill*         0x00000000c00262b5        0xb 
 .text          0x00000000c00262c0       0x4d hw/fpu/x86/x87.32
                0x00000000c00262c6                x87Detect
                0x00000000c00262e1                x87Save
                0x00000000c00262ea                x87Load
                0x00000000c00262f2                x87Init
                0x00000000c002630c                x87Close
 *fill*         0x00000000c002630d        0x3 
 .text          0x00000000c0026310       0x25 /cygdrive/d/Users/Alex/Desktop/Toolchain/Output/bin/../lib/gcc/i386-banana/8.1.0/crtend.o
 .text          0x00000000c0026335        0x0 crtn.32
 *fill*         0x00000000c0026335        0x3 
 .text          0x00000000c0026338      0x14b /cygdrive/d/Users/Alex/Desktop/Toolchain/Output/bin/../lib/gcc/i386-banana/8.1.0/libkgcc.a(_divdi3.o)
                0x00000000c0026338                __divdi3
 *fill*         0x00000000c0026483        0x1 
 .text          0x00000000c0026484      0x17e /cygdrive/d/Users/Alex/Desktop/Toolchain/Output/bin/../lib/gcc/i386-banana/8.1.0/libkgcc.a(_moddi3.o)
                0x00000000c0026484                __moddi3
 *fill*         0x00000000c0026602        0x2 
 .text          0x00000000c0026604       0xff /cygdrive/d/Users/Alex/Desktop/Toolchain/Output/bin/../lib/gcc/i386-banana/8.1.0/libkgcc.a(_udivdi3.o)
                0x00000000c0026604                __udivdi3
 *fill*         0x00000000c0026703        0x1 
 .text          0x00000000c0026704      0x11a /cygdrive/d/Users/Alex/Desktop/Toolchain/Output/bin/../lib/gcc/i386-banana/8.1.0/libkgcc.a(_umoddi3.o)
                0x00000000c0026704                __umoddi3
 .text          0x00000000c002681e      0x96d D:/Users/Alex/Desktop/Banana/kernel/libsoftfp.a(sfieeelib.o)
                0x00000000c002681e                __addsf3
                0x00000000c0026b20                __subsf3
                0x00000000c0026b34                __negsf2
                0x00000000c0026b41                __mulsf3
                0x00000000c0026d04                __divsf3
                0x00000000c0026f2f                __floatsisf
                0x00000000c0026fa3                __floatunsisf
                0x00000000c0026fe5                __fixsfsi
                0x00000000c0027047                __fixunssfsi
                0x00000000c0027078                __cmpsf2
                0x00000000c002710d                __eqsf2
                0x00000000c0027148                __nesf2
                0x00000000c002714a                __gtsf2
                0x00000000c0027185                __gesf2
                0x00000000c0027187                __ltsf2
                0x00000000c0027189                __lesf2
 .text          0x00000000c002718b      0xf50 D:/Users/Alex/Desktop/Banana/kernel/libsoftfp.a(dfieeelib.o)
                0x00000000c002718b                __adddf3
                0x00000000c00277dc                __subdf3
                0x00000000c00277f7                __negdf2