Archive member included to satisfy reference by file (symbol)

/cygdrive/c/Users/Alex/Toolchain/Output/bin/../lib/gcc/i386-banana/8.1.0/libkgcc.a(_divdi3.o)
                              krnl/resolve.32 (__divdi3)
/cygdrive/c/Users/Alex/Toolchain/Output/bin/../lib/gcc/i386-banana/8.1.0/libkgcc.a(_moddi3.o)
                              krnl/resolve.32 (__moddi3)
/cygdrive/c/Users/Alex/Toolchain/Output/bin/../lib/gcc/i386-banana/8.1.0/libkgcc.a(_udivdi3.o)
                              hal/clock.32 (__udivdi3)
/cygdrive/c/Users/Alex/Toolchain/Output/bin/../lib/gcc/i386-banana/8.1.0/libkgcc.a(_umoddi3.o)
                              hal/clock.32 (__umoddi3)

Allocating common symbols
Common symbol       size              file

dcache              0x40              fs/iso9660/iso9660.32
cdDriveLetter       0x1               fs/iso9660/iso9660.32
icache              0x40              fs/iso9660/iso9660.32

Discarded input sections

 .comment       0x0000000000000000       0x12 /cygdrive/c/Users/Alex/Toolchain/Output/bin/../lib/gcc/i386-banana/8.1.0/crtbegin.o
 .comment       0x0000000000000000       0x12 acpica/utclib.32
 .comment       0x0000000000000000       0x12 krnl/malloc.32
 .comment       0x0000000000000000       0x12 libk/ctype.32
 .comment       0x0000000000000000       0x12 libk/string.32
 .comment       0x0000000000000000       0x12 arch/i386/cc.32
 .comment       0x0000000000000000       0x12 fs/fat/diskio.32
 .comment       0x0000000000000000       0x12 fs/fat/ff.32
 .comment       0x0000000000000000       0x12 fs/fat/ffsystem.32
 .comment       0x0000000000000000       0x12 fs/fat/ffunicode.32
 .comment       0x0000000000000000       0x12 fs/iso9660/iso9660.32
 .comment       0x0000000000000000       0x12 dbg/kconsole.32
 .comment       0x0000000000000000       0x12 dbg/usban.32
 .comment       0x0000000000000000       0x12 fs/symlink.32
 .group         0x0000000000000000        0xc fs/vfs.32
 .group         0x0000000000000000        0xc fs/vfs.32
 .group         0x0000000000000000        0xc fs/vfs.32
 .comment       0x0000000000000000       0x12 fs/vfs.32
 .group         0x0000000000000000        0xc hal/bus.32
 .comment       0x0000000000000000       0x12 hal/bus.32
 .comment       0x0000000000000000       0x12 hal/buzzer.32
 .group         0x0000000000000000        0xc hal/clock.32
 .comment       0x0000000000000000       0x12 hal/clock.32
 .group         0x0000000000000000       0x14 hal/device.32
 .group         0x0000000000000000        0xc hal/device.32
 .group         0x0000000000000000        0x8 hal/device.32
 .group         0x0000000000000000        0xc hal/device.32
 .group         0x0000000000000000        0xc hal/device.32
 .comment       0x0000000000000000       0x12 hal/device.32
 .group         0x0000000000000000        0xc hal/diskctrl.32
 .comment       0x0000000000000000       0x12 hal/diskctrl.32
 .group         0x0000000000000000        0xc hal/diskphys.32
 .comment       0x0000000000000000       0x12 hal/diskphys.32
 .comment       0x0000000000000000       0x12 hal/fpu.32
 .comment       0x0000000000000000       0x12 hal/intctrl.32
 .group         0x0000000000000000        0xc hal/keybrd.32
 .comment       0x0000000000000000       0x12 hal/keybrd.32
 .group         0x0000000000000000        0xc hal/logidisk.32
 .comment       0x0000000000000000       0x12 hal/logidisk.32
 .group         0x0000000000000000        0xc hal/mouse.32
 .comment       0x0000000000000000       0x12 hal/mouse.32
 .group         0x0000000000000000        0xc hal/nic.32
 .comment       0x0000000000000000       0x12 hal/nic.32
 .comment       0x0000000000000000       0x12 hal/partition.32
 .group         0x0000000000000000        0xc hal/serial.32
 .comment       0x0000000000000000       0x12 hal/serial.32
 .group         0x0000000000000000        0x8 hal/timer.32
 .group         0x0000000000000000        0x8 hal/timer.32
 .group         0x0000000000000000        0xc hal/timer.32
 .group         0x0000000000000000        0xc hal/timer.32
 .group         0x0000000000000000        0xc hal/timer.32
 .comment       0x0000000000000000       0x12 hal/timer.32
 .group         0x0000000000000000        0xc hal/vcache.32
 .comment       0x0000000000000000       0x12 hal/vcache.32
 .group         0x0000000000000000        0xc hal/video.32
 .comment       0x0000000000000000       0x12 hal/video.32
 .group         0x0000000000000000       0x14 hw/acpi.32
 .group         0x0000000000000000        0x8 hw/acpi.32
 .group         0x0000000000000000        0x8 hw/acpi.32
 .group         0x0000000000000000        0x8 hw/acpi.32
 .group         0x0000000000000000        0xc hw/acpi.32
 .group         0x0000000000000000        0xc hw/acpi.32
 .comment       0x0000000000000000       0x12 hw/acpi.32
 .comment       0x0000000000000000       0x12 krnl/atexit.32
 .comment       0x0000000000000000       0x12 krnl/bootmsg.32
 .comment       0x0000000000000000       0x12 krnl/c++.32
[...]
Memory Configuration

Name             Origin             Length             Attributes
*default*        0x0000000000000000 0xffffffffffffffff

Linker script and memory map

LOAD C:/Users/Alex/Desktop/Banana/kernel/boot.32
LOAD crti.32
LOAD /cygdrive/c/Users/Alex/Toolchain/Output/bin/../lib/gcc/i386-banana/8.1.0/crtbegin.o
LOAD C:/Users/Alex/Desktop/Banana/kernel/morenasm.32
LOAD acpica/utclib.32
LOAD krnl/malloc.32
LOAD libk/ctype.32
LOAD libk/string.32
LOAD arch/i386/cc.32
LOAD fs/fat/diskio.32
LOAD fs/fat/ff.32
LOAD fs/fat/ffsystem.32
LOAD fs/fat/ffunicode.32
LOAD fs/iso9660/iso9660.32
LOAD dbg/kconsole.32
LOAD dbg/usban.32
LOAD fs/symlink.32
LOAD fs/vfs.32
LOAD hal/bus.32
LOAD hal/buzzer.32
LOAD hal/clock.32
LOAD hal/device.32
LOAD hal/diskctrl.32
LOAD hal/diskphys.32
LOAD hal/fpu.32
LOAD hal/intctrl.32
LOAD hal/keybrd.32
LOAD hal/logidisk.32
LOAD hal/mouse.32
LOAD hal/nic.32
LOAD hal/partition.32
LOAD hal/serial.32
LOAD hal/timer.32
LOAD hal/vcache.32
LOAD hal/video.32
LOAD hw/acpi.32
LOAD krnl/atexit.32
LOAD krnl/bootmsg.32
LOAD krnl/c++.32
LOAD krnl/cdefs.32
LOAD krnl/cm.32
LOAD krnl/compat.32
LOAD krnl/computer.32
LOAD krnl/crc32.32
LOAD krnl/env.32
LOAD krnl/fault.32
LOAD krnl/gdt.32
LOAD krnl/idle.32
LOAD krnl/idt.32
LOAD krnl/inlines.32
LOAD krnl/kheap.32
LOAD krnl/mailbox.32
LOAD krnl/main.32
LOAD krnl/mutex.32
LOAD krnl/panic.32
LOAD krnl/physmgr.32
LOAD krnl/pipe.32
LOAD krnl/powctrl.32
LOAD krnl/random.32
LOAD krnl/resolve.32
LOAD krnl/semaphore.32
LOAD krnl/signal.32
LOAD krnl/syscalls.32
LOAD krnl/terminal.32
LOAD krnl/tss.32
LOAD krnl/unixfile.32
LOAD krnl/virtmgr.32
LOAD sys/eject.32
LOAD sys/exit.32
LOAD sys/getcwd.32
LOAD sys/getpid.32
LOAD sys/getramdata.32
LOAD sys/getvgaptr.32
LOAD sys/kill.32
LOAD sys/loaddll.32
LOAD sys/read.32
LOAD sys/registersignal.32
LOAD sys/registry.32
LOAD sys/sbrk.32
LOAD sys/setcwd.32
LOAD sys/settime.32
LOAD sys/symlink.32
LOAD sys/timezone.32
LOAD sys/truncate.32
LOAD sys/write.32
LOAD sys/wsbe.32
LOAD sys/yield.32
LOAD thr/elf.32
LOAD thr/exec.32
LOAD thr/prcssthr.32
LOAD vm86/vm8086.32
LOAD arch/i386/hal.32
LOAD arch/i386/intctrl.32
LOAD arch/i386/pic.32
LOAD arch/i386/rtc.32
LOAD arch/i386/vga.32
LOAD fs/fat/vfslink.32
LOAD fs/iso9660/helper.32
LOAD fs/iso9660/vfslink.32
LOAD hal/sound/sndcard.32
LOAD hal/sound/sndport.32
LOAD hw/bus/isa.32
LOAD hw/bus/pci.32
LOAD hw/diskctrl/ide.32
LOAD hw/diskctrl/satabus.32
LOAD hw/diskphys/ata.32
LOAD hw/diskphys/atapi.32
LOAD hw/diskphys/sata.32
LOAD hw/diskphys/satapi.32
LOAD hw/intctrl/apic.32
LOAD hw/timer/apictimer.32
LOAD hw/timer/pit.32
LOAD arch/i386/avx.32
LOAD arch/i386/interrupt.32
LOAD arch/i386/rdrand.32
LOAD arch/i386/sse.32
LOAD arch/i386/x87.32
LOAD /cygdrive/c/Users/Alex/Toolchain/Output/bin/../lib/gcc/i386-banana/8.1.0/crtend.o
LOAD crtn.32
LOAD /cygdrive/c/Users/Alex/Toolchain/Output/bin/../lib/gcc/i386-banana/8.1.0/libkgcc.a
LOAD C:/Users/Alex/Desktop/Banana/kernel/libsoftfp.a
LOAD C:/Users/Alex/Desktop/Banana/kernel/libk/libm32.a
                0x00000000c0000000                . = 0xc0000000

.text           0x00000000c0000000    0x2062e
 *(.text)
 .text          0x00000000c0000000       0x20 C:/Users/Alex/Desktop/Banana/kernel/boot.32
 .text          0x00000000c0000020        0x0 crti.32
 .text          0x00000000c0000020      0x101 /cygdrive/c/Users/Alex/Toolchain/Output/bin/../lib/gcc/i386-banana/8.1.0/crtbegin.o
 *fill*         0x00000000c0000121        0xf 
 .text          0x00000000c0000130      0x24f C:/Users/Alex/Desktop/Banana/kernel/morenasm.32
                0x00000000c0000130                manualPCIProbe
                0x00000000c000017b                prepareTramp
                0x00000000c0000194                doTPAUSE
                0x00000000c000019e                hasLegacyFPU
                0x00000000c00001c3                is486
                0x00000000c00001f9                detectCPUID
                0x00000000c000020f                goToVM86
                0x00000000c000023f                goToUsermode
                0x00000000c0000269                switchToThreadASMFirstTime
                0x00000000c0000277                switchToThreadASM
                0x00000000c00002fc                asmQuickAcquireLock
                0x00000000c000031a                asmQuickReleaseLock
                0x00000000c0000326                asmAcquireLock
                0x00000000c0000347                asmReleaseLock
                0x00000000c000035a                loadGDT
                0x00000000c000037a                memcpy
 *fill*         0x00000000c000037f        0x1 
 .text          0x00000000c0000380      0x868 acpica/utclib.32
                0x00000000c0000380                memcmp
                0x00000000c00003d0                memmove
                0x00000000c00004f0                memset
                0x00000000c0000570                strlen
                0x00000000c00005a0                strpbrk
                0x00000000c00005f0                strtok
                0x00000000c0000640                strcpy
                0x00000000c0000680                strncpy
                0x00000000c0000750                strcmp
                0x00000000c00007a0                strchr
                0x00000000c00007e0                strncmp
                0x00000000c0000840                strcat
                0x00000000c0000870                strncat
                0x00000000c00008d0                strstr
                0x00000000c0000930                toupper
                0x00000000c0000950                tolower
                0x00000000c0000970                simple_strtoul
 .text          0x00000000c0000be8     0x1140 krnl/malloc.32
                0x00000000c0000d53                dlfree
                0x00000000c000121a                dlmalloc
                0x00000000c0001757                dlrealloc
                0x00000000c0001934                dlmemalign
                0x00000000c0001a57                dlcalloc
                0x00000000c0001ae8                dlcfree
                0x00000000c0001aed                dlindependent_calloc
                0x00000000c0001b12                dlindependent_comalloc
                0x00000000c0001b29                dlvalloc
                0x00000000c0001b54                dlpvalloc
                0x00000000c0001b8a                dlmalloc_trim
                0x00000000c0001b97                dlmalloc_usable_size
                0x00000000c0001bc8                dlmallinfo
                0x00000000c0001c97                dlmalloc_stats
                0x00000000c0001ca8                dlmallopt
 .text          0x00000000c0001d28      0x1f2 libk/ctype.32
                0x00000000c0001d28                isblank
                0x00000000c0001d48                iscntrl
                0x00000000c0001d68                isdigit
                0x00000000c0001d84                islower
                0x00000000c0001da0                isspace
                0x00000000c0001dc8                isupper
                0x00000000c0001de4                isalpha
                0x00000000c0001e14                isalnum
                0x00000000c0001e44                ispunct
                0x00000000c0001e84                isgraph
                0x00000000c0001eb4                isprint
                0x00000000c0001edc                isxdigit
 .text          0x00000000c0001f1a        0x0 libk/string.32
 *fill*         0x00000000c0001f1a        0x2 
 .text          0x00000000c0001f1c       0x53 arch/i386/cc.32
                0x00000000c0001f1c                LWIP_PLATFORM_HTONS
                0x00000000c0001f40                LWIP_PLATFORM_HTONL
 .text          0x00000000c0001f6f       0x51 fs/fat/diskio.32
                0x00000000c0001f6f                disk_status
                0x00000000c0001f72                disk_initialize
                0x00000000c0001f75                disk_read
                0x00000000c0001f8b                disk_write
                0x00000000c0001fa1                disk_ioctl
 .text          0x00000000c0001fc0     0x3e46 fs/fat/ff.32
                0x00000000c0003de1                f_mount
                0x00000000c0003e43                f_open
                0x00000000c0004106                f_read
                0x00000000c0004305                f_write
                0x00000000c000454d                f_sync
                0x00000000c0004612                f_close
                0x00000000c0004641                f_lseek
                0x00000000c00047f2                f_opendir
                0x00000000c00048bd                f_closedir
                0x00000000c00048df                f_readdir
                0x00000000c0004971                f_stat
                0x00000000c00049f0                f_getfree
                0x00000000c0004af9                f_truncate
                0x00000000c0004be3                f_unlink
                0x00000000c0004d05                f_mkdir
                0x00000000c0004ea0                f_rename
                0x00000000c0005058                f_chmod
                0x00000000c0005108                f_utime
                0x00000000c00051b8                f_getlabel
                0x00000000c0005309                f_setlabel
                0x00000000c0005499                f_expand
                0x00000000c0005606                f_mkfs
 *fill*         0x00000000c0005e06        0x2 
 .text          0x00000000c0005e08       0x2f fs/fat/ffsystem.32
                0x00000000c0005e08                ff_memalloc
                0x00000000c0005e20                ff_memfree
 *fill*         0x00000000c0005e37        0x1 
 .text          0x00000000c0005e38      0x2dc fs/fat/ffunicode.32
                0x00000000c0005e38                ff_uni2oem
                0x00000000c0005ed8                ff_oem2uni
                0x00000000c0005f50                ff_wtoupper
 .text          0x00000000c0006114      0xd32 fs/iso9660/iso9660.32
                0x00000000c000635f                isoReadDiscSector
                0x00000000c00063fa                strnicmp
                0x00000000c00066a9                stricmp
                0x00000000c00066f5                iso_open
                0x00000000c000677f                iso_close
                0x00000000c000679d                iso_read
                0x00000000c00068b3                iso_seek
                0x00000000c0006937                iso_tell
                0x00000000c0006968                iso_total
                0x00000000c0006993                fn_postprocess
                0x00000000c00069ba                iso_readdir
                0x00000000c0006c11                iso_reset
                0x00000000c0006c2e                init_percd
                0x00000000c0006d28                iso_ioctl
                0x00000000c0006d40                fs_iso9660_init
                0x00000000c0006dd6                fs_iso9660_shutdown
 .text          0x00000000c0006e46      0x254 dbg/kconsole.32
                0x00000000c0006e46                Dbg::stringifyxWithBase(unsigned int, char*, int)
                0x00000000c0006ee6                Dbg::logc(char)
                0x00000000c0006f06                Dbg::logs(char*)
                0x00000000c0006f25                Dbg::logWriteInt(unsigned int)
                0x00000000c0006f43                Dbg::logWriteIntBase(unsigned int, int)
                0x00000000c0006f64                Dbg::kprintf(char const*, ...)
 *fill*         0x00000000c000709a        0x2 
 .text          0x00000000c000709c      0x2d4 dbg/usban.32
                0x00000000c000709c                KiUbsanPrintDetails(char const*, void*)
                0x00000000c0007108                __ubsan_handle_type_mismatch_v1
                0x00000000c00071e4                __ubsan_handle_pointer_overflow
                0x00000000c0007210                __ubsan_handle_out_of_bounds
                0x00000000c000723c                __ubsan_handle_add_overflow
                0x00000000c0007268                __ubsan_handle_load_invalid_value
                0x00000000c0007294                __ubsan_handle_divrem_overflow
                0x00000000c00072c0                __ubsan_handle_mul_overflow
                0x00000000c00072ec                __ubsan_handle_sub_overflow
                0x00000000c0007318                __ubsan_handle_shift_out_of_bounds
                0x00000000c0007344                __ubsan_handle_negate_overflow
 .text          0x00000000c0007370      0x814 fs/symlink.32
                0x00000000c00074bf                KiDeinitialiseSymlinks(void*)
                0x00000000c0007552                KeRegisterSymlink(char const*, unsigned long long)
                0x00000000c00075d5                KeInitialiseSymlinks()
                0x00000000c0007737                KiIsSymlinkRegistered(char const*)
                0x00000000c00078a1                KeDereferenceSymlink(char const*, char*)
                0x00000000c0007a48                KeCreateSymlink(char const*, char const*)
 .text          0x00000000c0007b84      0xd68 fs/vfs.32
                0x00000000c0007b84                File::read(unsigned long long, void*, int*)
                0x00000000c0007bdc                File::write(unsigned long long, void*, int*)
                0x00000000c0007c34                Directory::read(unsigned long long, void*, int*)
                0x00000000c0007c8c                Directory::write(unsigned long long, void*, int*)
                0x00000000c0007cba                File::isAtty()
                0x00000000c0007cbe                Directory::isAtty()
                0x00000000c0007cc2                Filesystem::getlabel(LogicalDisk*, int, char*, unsigned int*)
                0x00000000c0007cc8                Filesystem::setlabel(LogicalDisk*, int, char*)
                0x00000000c0007cce                Filesystem::allocateSwapfile(char const*, int)
                0x00000000c0007cd4                File::~File()
                0x00000000c0007cd4                File::~File()
                0x00000000c0007cf8                File::~File()
                0x00000000c0007d22                Directory::~Directory()
                0x00000000c0007d22                Directory::~Directory()
                0x00000000c0007d46                Directory::~Directory()
                0x00000000c0007d70                Filesystem::Filesystem()
                0x00000000c0007d70                Filesystem::Filesystem()
                0x00000000c0007d94                Filesystem::~Filesystem()
                0x00000000c0007d94                Filesystem::~Filesystem()
                0x00000000c0007da2                Filesystem::~Filesystem()
                0x00000000c0007dc6                Fs::getcwd(Process*, char*, int)
                0x00000000c0007df0                Fs::initVFS()
                0x00000000c0007e1a                Fs::standardiseFiles(char*, char const*, char const*, bool)
                0x00000000c0008034                File::File(char const*, Process*, bool)
                0x00000000c0008034                File::File(char const*, Process*, bool)
                0x00000000c0008112                File::File(char const*, Process*)
                0x00000000c0008112                File::File(char const*, Process*)
                0x00000000c0008130                File::open(FileOpenMode)
                0x00000000c000818e                File::close()
                0x00000000c00081ee                File::seek(unsigned long long)
                0x00000000c0008244                File::truncate(unsigned long long)
                0x00000000c000829a                File::tell(unsigned long long*)
                0x00000000c00082ea                File::rewind()
                0x00000000c00082fe                File::unlink()
                0x00000000c000834a                File::rename(char const*)
                0x00000000c0008398                File::chfatattr(unsigned char, unsigned char)
                0x00000000c00083f4                File::exists()
                0x00000000c0008432                File::stat(unsigned long long*, bool*)
                0x00000000c0008493                Fs::setcwd(Process*, char*)
                0x00000000c00085f2                Directory::Directory(char const*, Process*)
                0x00000000c00085f2                Directory::Directory(char const*, Process*)
                0x00000000c00086ba                Directory::open()
                0x00000000c0008716                Directory::close()
                0x00000000c0008776                Directory::unlink()
                0x00000000c00087c2                Directory::rename(char const*)
                0x00000000c0008810                Directory::exists()
                0x00000000c000884e                Directory::read(dirent*)
                0x00000000c000889a                Directory::create()
                0x00000000c00088e6                Filesystem::chfatattr(char const*, unsigned char, unsigned char)
 .text          0x00000000c00088ec       0x86 hal/bus.32
                0x00000000c00088ec                Bus::Bus(char const*)
                0x00000000c00088ec                Bus::Bus(char const*)
                0x00000000c0008924                Bus::~Bus()
                0x00000000c0008924                Bus::~Bus()
                0x00000000c0008948                Bus::~Bus()
 .text          0x00000000c0008972       0x96 hal/buzzer.32
                0x00000000c0008972                beepThread(void*)
                0x00000000c00089af                Krnl::beep(int, int, bool)
 .text          0x00000000c0008a08      0x513 hal/clock.32
                0x00000000c0008a08                User::loadClockSettings()
                0x00000000c0008b0e                Clock::Clock(char const*)
                0x00000000c0008b0e                Clock::Clock(char const*)
                0x00000000c0008b44                Clock::~Clock()
                0x00000000c0008b44                Clock::~Clock()
                0x00000000c0008b68                Clock::~Clock()
                0x00000000c0008b92                Clock::timeInSecondsLocal()
                0x00000000c0008bda                Clock::setTimeInSecondsLocal(unsigned long long)
                0x00000000c0008c33                datetimeToSeconds(datetime_t)
                0x00000000c0008d52                Clock::setTimeInDatetimeLocal(datetime_t)
                0x00000000c0008db2                secondsToDatetime(unsigned long long)
                0x00000000c0008ef6                Clock::timeInDatetimeLocal()
 *fill*         0x00000000c0008f1b        0x1 
 .text          0x00000000c0008f1c      0x47a hal/device.32
                0x00000000c0008f1c                Device::hibernate()
                0x00000000c0008f1e                Device::wake()
                0x00000000c0008f20                Device::detect()
                0x00000000c0008f22                Device::disableLegacy()
                0x00000000c0008f24                Device::powerSaving(PowerSavingLevel)
                0x00000000c0008f26                DriverlessDevice::close(int, int, void*)
                0x00000000c0008f2a                DriverlessDevice::detect()
                0x00000000c0008f2c                DriverlessDevice::open(int, int, void*)
                0x00000000c0008f40                Device::~Device()
                0x00000000c0008f40                Device::~Device()
                0x00000000c0008f4e                Device::~Device()
                0x00000000c0008f76                Device::findAndLoadDriver()
                0x00000000c0008f84                Device::preOpenPCI(PCIDeviceInfo)
                0x00000000c0008faa                Device::preOpenACPI(void*, char*, char*)
                0x00000000c0008fea                Device::addIRQHandler(int, void (*)(regs*, void*), bool, void*)
                0x00000000c0009014                Device::getParent()
                0x00000000c0009020                Device::removeIRQHandler(int, void (*)(regs*, void*), bool)
                0x00000000c000903e                Device::addChild(Device*)
                0x00000000c0009082                Device::removeAllChildren()
                0x00000000c00090c8                Device::hibernateAll()
                0x00000000c00090f8                Device::wakeAll()
                0x00000000c0009128                Device::detectAll()
                0x00000000c0009158                Device::disableLegacyAll()
                0x00000000c000915a                Device::loadDriversForAll()
                0x00000000c000915c                Device::powerSavingAll(PowerSavingLevel)
                0x00000000c0009192                Device::setName(char const*)
                0x00000000c00091a0                Device::Device(char const*)
                0x00000000c00091a0                Device::Device(char const*)
                0x00000000c000929c                Device::getName()
                0x00000000c00092a6                Device::closeAll()
                0x00000000c00092f2                DriverlessDevice::DriverlessDevice(char const*)
                0x00000000c00092f2                DriverlessDevice::DriverlessDevice(char const*)
                0x00000000c0009328                Device::addToLinkedList(LinkedList<Device>&, DeviceType)
                0x00000000c000936c                getDevicesOfType(DeviceType)
 *fill*         0x00000000c0009396        0x2 
 .text          0x00000000c0009398       0x86 hal/diskctrl.32
                0x00000000c0009398                HardDiskController::HardDiskController(char const*)
                0x00000000c0009398                HardDiskController::HardDiskController(char const*)
                0x00000000c00093d0                HardDiskController::~HardDiskController()
                0x00000000c00093d0                HardDiskController::~HardDiskController()
                0x00000000c00093f4                HardDiskController::~HardDiskController()
 .text          0x00000000c000941e       0xe2 hal/diskphys.32
                0x00000000c000941e                PhysicalDisk::eject()
                0x00000000c0009422                PhysicalDisk::PhysicalDisk(char const*, int)
                0x00000000c0009422                PhysicalDisk::PhysicalDisk(char const*, int)
                0x00000000c000948a                PhysicalDisk::startCache()
                0x00000000c00094b2                PhysicalDisk::~PhysicalDisk()
                0x00000000c00094b2                PhysicalDisk::~PhysicalDisk()
                0x00000000c00094d6                PhysicalDisk::~PhysicalDisk()
 .text          0x00000000c0009500        0x0 hal/fpu.32
 .text          0x00000000c0009500        0x0 hal/intctrl.32
 .text          0x00000000c0009500      0x8bc hal/keybrd.32
                0x00000000c0009500                startGUI(void*)
                0x00000000c000956a                startGUIVESA(void*)
                0x00000000c00095d4                sendKeyToTerminal(unsigned char)
                0x00000000c00096af                sendKeyboardToken(KeyboardToken)
                0x00000000c0009b6b                clearInternalKeybuffer(VgaText*)
                0x00000000c0009ba0                readKeyboard(VgaText*, char*, unsigned long)
                0x00000000c0009d32                Keyboard::Keyboard(char const*)
                0x00000000c0009d32                Keyboard::Keyboard(char const*)
                0x00000000c0009d6e                Keyboard::~Keyboard()
                0x00000000c0009d6e                Keyboard::~Keyboard()
                0x00000000c0009d92                Keyboard::~Keyboard()
 .text          0x00000000c0009dbc      0x3f8 hal/logidisk.32
                0x00000000c0009dbc                LogicalDisk::close(int, int, void*)
                0x00000000c0009dc0                LogicalDisk::~LogicalDisk()
                0x00000000c0009dc0                LogicalDisk::~LogicalDisk()
                0x00000000c0009de4                LogicalDisk::~LogicalDisk()
                0x00000000c0009e0e                LogicalDisk::open(int, int, void*)
                0x00000000c0009e22                LogicalDisk::absoluteToRelative(unsigned long long)
                0x00000000c0009e5a                LogicalDisk::relativeToAbsolute(unsigned long long)
                0x00000000c0009ea0                LogicalDisk::LogicalDisk(char const*, PhysicalDisk*, unsigned long long, unsigned long long)
                0x00000000c0009ea0                LogicalDisk::LogicalDisk(char const*, PhysicalDisk*, unsigned long long, unsigned long long)
                0x00000000c0009f60                LogicalDisk::assignDriveLetter()
                0x00000000c000a01a                LogicalDisk::mount()
                0x00000000c000a062                LogicalDisk::unmount()
                0x00000000c000a072                LogicalDisk::eject()
                0x00000000c000a086                LogicalDisk::unassignDriveLetter()
                0x00000000c000a0dc                LogicalDisk::read(unsigned long long, int, void*)
                0x00000000c000a148                LogicalDisk::write(unsigned long long, int, void*)
 .text          0x00000000c000a1b4       0x86 hal/mouse.32
                0x00000000c000a1b4                Mouse::Mouse(char const*)
                0x00000000c000a1b4                Mouse::Mouse(char const*)
                0x00000000c000a1ec                Mouse::~Mouse()
                0x00000000c000a1ec                Mouse::~Mouse()
                0x00000000c000a210                Mouse::~Mouse()
 .text          0x00000000c000a23a       0x90 hal/nic.32
                0x00000000c000a23a                NIC::getMAC()
                0x00000000c000a240                NIC::write(int, unsigned char*, int*)
                0x00000000c000a246                NIC::NIC(char const*)
                0x00000000c000a246                NIC::NIC(char const*)
                0x00000000c000a27c                NIC::~NIC()
                0x00000000c000a27c                NIC::~NIC()
                0x00000000c000a2a0                NIC::~NIC()
 .text          0x00000000c000a2ca      0x33b hal/partition.32
                0x00000000c000a2ca                makePartition(PhysicalDisk*, unsigned long long, unsigned long long)
                0x00000000c000a372                createPartitionsForDisk(PhysicalDisk*)
 *fill*         0x00000000c000a605        0x3 
 .text          0x00000000c000a608       0x86 hal/serial.32
                0x00000000c000a608                Serial::Serial(char const*)
                0x00000000c000a608                Serial::Serial(char const*)
                0x00000000c000a640                Serial::~Serial()
                0x00000000c000a640                Serial::~Serial()
                0x00000000c000a664                Serial::~Serial()
 *fill*         0x00000000c000a68e        0x2 
 .text          0x00000000c000a690      0x230 hal/timer.32
                0x00000000c000a690                Timer::Timer(char const*)
                0x00000000c000a690                Timer::Timer(char const*)
                0x00000000c000a6c8                Timer::~Timer()
                0x00000000c000a6c8                Timer::~Timer()
                0x00000000c000a6ec                Timer::~Timer()
                0x00000000c000a716                Timer::read()
                0x00000000c000a721                setupTimer(int)
                0x00000000c000a75c                timerHandler(unsigned int)
 .text          0x00000000c000a8c0      0x444 hal/vcache.32
                0x00000000c000a8c0                VCache::VCache(PhysicalDisk*)
                0x00000000c000a8c0                VCache::VCache(PhysicalDisk*)
                0x00000000c000aa30                VCache::invalidateReadBuffer()
                0x00000000c000aa40                VCache::writeWriteBuffer()
                0x00000000c000aa8c                VCache::~VCache()
                0x00000000c000aa8c                VCache::~VCache()
                0x00000000c000aae4                VCache::~VCache()
                0x00000000c000ab0c                VCache::write(unsigned long long, int, void*)
                0x00000000c000ac00                VCache::read(unsigned long long, int, void*)
 .text          0x00000000c000ad04      0x70e hal/video.32
                0x00000000c000ad04                Video::putrect(int, int, int, int, unsigned int)
                0x00000000c000ad50                Video::bitblit(int, int, int, int, int, int, int, unsigned int*)
                0x00000000c000adc0                Video::blit(unsigned int*, int, int, int, int)
                0x00000000c000ae3e                Video::clearScreen(unsigned int)
                0x00000000c000ae72                Video::putpixel(int, int, unsigned int)
                0x00000000c000ae80                Video::readPixelApprox(int, int)
                0x00000000c000ae94                Video::Video(char const*)
                0x00000000c000ae94                Video::Video(char const*)
                0x00000000c000aeca                Video::~Video()
                0x00000000c000aeca                Video::~Video()
                0x00000000c000aeee                Video::~Video()
                0x00000000c000af18                Video::isMonochrome()
                0x00000000c000af24                Video::getWidth()
                0x00000000c000af30                Video::getHeight()
                0x00000000c000af3c                Video::drawCursor(int, int, unsigned int*, int)
                0x00000000c000aff8                Video::tgaParse(unsigned char*, int, int*, int*)
                0x00000000c000b3a2                Video::putTGA(int, int, unsigned char*, int)
 *fill*         0x00000000c000b412        0x2 
 .text          0x00000000c000b414     0x114f hw/acpi.32
                0x00000000c000b414                ACPI::close(int, int, void*)
                0x00000000c000b41c                loadACPITables(unsigned char*)
                0x00000000c000b67c                findRSDT(unsigned char*)
                0x00000000c000b7c8                findDataTable(unsigned char*, char*)
                0x00000000c000b83c                scanMADT()
                0x00000000c000bc94                ACPI::ACPI()
                0x00000000c000bc94                ACPI::ACPI()
                0x00000000c000bce8                ACPI::getPCIIRQAssignment(unsigned char, unsigned short, unsigned char)
                0x00000000c000bde4                ACPI::registerPCIIRQAssignment(void*, unsigned short, unsigned char, unsigned char)
                0x00000000c000beb0                ACPI::setScreenBrightnessLevel(void*, int)
                0x00000000c000beb8                ACPI::detectPCI()
                0x00000000c000c0c4                ACPI::writeSimpleBootFlag(SimpleBootFlagTable*)
                0x00000000c000c0dc                ACPI::open(int, int, void*)
 .text          0x00000000c000c563       0xb6 krnl/atexit.32
                0x00000000c000c563                KeInitialiseAtexit()
                0x00000000c000c582                KeRegisterAtexit(void (*)(void*), void*)
                0x00000000c000c5b6                KeExecuteAtexit()
 .text          0x00000000c000c619       0x9f krnl/bootmsg.32
                0x00000000c000c619                KeDisplaySplashScreen()
                0x00000000c000c648                KeSetBootMessage(char const*)
 .text          0x00000000c000c6b8       0x5f krnl/c++.32
                0x00000000c000c6b8                __cxa_atexit
                0x00000000c000c6bb                __cxa_finalize
                0x00000000c000c6bc                __stack_chk_fail
                0x00000000c000c6f2                __cxa_pure_virtual
                0x00000000c000c703                operator new[](unsigned long)
                0x00000000c000c708                operator delete(void*, unsigned long)
                0x00000000c000c70d                operator delete[](void*)
                0x00000000c000c712                operator delete[](void*, unsigned long)
 *fill*         0x00000000c000c717        0x1 
 .text          0x00000000c000c718       0x48 krnl/cdefs.32
                0x00000000c000c718                CUnlockScheduler
                0x00000000c000c734                CLockScheduler
                0x00000000c000c744                CPrintf
 .text          0x00000000c000c760      0xd56 krnl/cm.32
                0x00000000c000c760                CmOpen(char const*)
                0x00000000c000c87e                CmClose(Reghive_Tag*)
                0x00000000c000c894                CmReadExtent(Reghive_Tag*, int, unsigned char*)
                0x00000000c000c8d0                CmGetString(Reghive_Tag*, int, char*)
                0x00000000c000c947                CmEnterDirectory(Reghive_Tag*, int)
                0x00000000c000c986                CmGetNext(Reghive_Tag*, int)
                0x00000000c000c9b8                CmWriteExtent(Reghive_Tag*, int, unsigned char*)
                0x00000000c000c9f4                CmFreeExtent(Reghive_Tag*, int)
                0x00000000c000ca1c                CmUpdateHeader(Reghive_Tag*)
                0x00000000c000ca3d                CmExpand(Reghive_Tag*, int)
                0x00000000c000cab8                CmFindUnusedExtent(Reghive_Tag*)
                0x00000000c000cb3e                CmCreateExtent(Reghive_Tag*, int, int, unsigned char*)
                0x00000000c000cc32                CmSetString(Reghive_Tag*, int, char const*)
                0x00000000c000cd6e                CmGetMatch(char*, char*, bool, bool*)
                0x00000000c000cdcf                CmAddShift(unsigned int*, int*, unsigned char, int)
                0x00000000c000cdff                CmGetShift(unsigned int*, int*, int, bool*)
                0x00000000c000ce36                CmGetInteger(Reghive_Tag*, int, unsigned long long*)
                0x00000000c000ce60                CmSetInteger(Reghive_Tag*, int, unsigned long long)
                0x00000000c000cea0                CmConvertFromInternalFilename(unsigned char const*, char*)
                0x00000000c000cf44                CmGetNameAndTypeFromExtent(Reghive_Tag*, int, char*)
                0x00000000c000cf72                CmConvertToInternalFilename(char const*, unsigned char*)
                0x00000000c000d110                CmCreateString(Reghive_Tag*, int, char const*)
                0x00000000c000d15d                CmFindInDirectory(Reghive_Tag*, int, char const*)
                0x00000000c000d1d7                CmCreateInteger(Reghive_Tag*, int, char const*, unsigned long long, int)
                0x00000000c000d22a                CmCreateDirectory(Reghive_Tag*, int, char const*)
                0x00000000c000d2ee                zStrtok(char*, char const*)
                0x00000000c000d360                CmFindObjectFromPath(Reghive_Tag*, char const*)
                0x00000000c000d3e1                CmDisplayTree(Reghive_Tag*, int, int)
                0x00000000c000d484                CmSplitFinalSlashInPlace(char*)
 *fill*         0x00000000c000d4b6        0x2 
 .text          0x00000000c000d4b8       0x1d krnl/compat.32
                0x00000000c000d4b8                Krnl::handlePowerButton()
                0x00000000c000d4c8                Krnl::handleSleepButton()
 *fill*         0x00000000c000d4d5        0x1 
 .text          0x00000000c000d4d6      0x2c3 krnl/computer.32
                0x00000000c000d4d6                Computer::close(int, int, void*)
                0x00000000c000d4dc                Computer::open(int, int, void*)
                0x00000000c000d5c2                KeFirstTask()
                0x00000000c000d6e4                Computer::Computer()
                0x00000000c000d6e4                Computer::Computer()
                0x00000000c000d728                KePrepareShutdown()
                0x00000000c000d748                KeShutdown()
                0x00000000c000d76c                KeSleep()
                0x00000000c000d778                KeRestart()
 .text          0x00000000c000d799       0x2b krnl/crc32.32
                0x00000000c000d799                KeCalculateCRC32(unsigned char*, int)
 .text          0x00000000c000d7c4      0x5bf krnl/env.32
                0x00000000c000d7c4                EnvVarContainer::getEnv(char const*)
                0x00000000c000d802                EnvVarContainer::setEnv(char const*, char const*)
                0x00000000c000d8c4                EnvVarContainer::deleteEnv(char const*)
                0x00000000c000d8c6                EnvVarContainer::loadFrom(char const*, char const*)
                0x00000000c000daea                EnvVarContainer::__loadSystem()
                0x00000000c000db04                EnvVarContainer::__loadUser()
                0x00000000c000db06                EnvVarContainer::EnvVarContainer(Process*)
                0x00000000c000db06                EnvVarContainer::EnvVarContainer(Process*)
                0x00000000c000db28                EnvVarContainer::~EnvVarContainer()
                0x00000000c000db28                EnvVarContainer::~EnvVarContainer()
                0x00000000c000db58                KeGetEnv(Process*, char const*)
                0x00000000c000dbbd                KeSetEnvSystem(char const*, char const*)
                0x00000000c000dbd7                KeSetEnvUser(char const*, char const*)
                0x00000000c000dbf6                KeSetEnvProcess(Process*, char const*, char const*)
                0x00000000c000dc09                KeDeleteEnvSystem(char const*)
                0x00000000c000dc0a                KeDeleteEnvUser(char const*)
                0x00000000c000dc0b                KeDeleteEnvProcess(Process*, char const*)
                0x00000000c000dc0c                KeNewProcessEnv(Process*)
                0x00000000c000dc2e                KeCopyProcessEnv(Process*, Process*)
                0x00000000c000dc7a                KeLoadSystemEnv()
                0x00000000c000dca8                KeLoadUserEnv()
                0x00000000c000dcce                KeFlushEnv()
                0x00000000c000dccf                KeGetProcessTotalEnvCount(Process*)
                0x00000000c000dcef                KeGetProcessEnvPair(Process*, int)
 *fill*         0x00000000c000dd83        0x1 
 .text          0x00000000c000dd84      0x351 krnl/fault.32
                0x00000000c000dd84                KeSetupInterrupts()
                0x00000000c000ddfc                int_handler
                0x00000000c000df2c                KeDisplayProgramFault(char const*)
                0x00000000c000df7c                KeGeneralProtectionFault(void*, void*)
                0x00000000c000dfd0                KePageFault(void*, void*)
                0x00000000c000e024                KeNonMaskableInterrupt(void*, void*)
                0x00000000c000e034                KeOtherFault(void*, void*)
                0x00000000c000e068                KeOpcodeFault(void*, void*)
                0x00000000c000e0bc                KeDoubleFault(void*, void*)
 *fill*         0x00000000c000e0d5        0x1 
 .text          0x00000000c000e0d6      0x1db krnl/gdt.32
                0x00000000c000e0d6                GDTEntry::setBase(unsigned int)
                0x00000000c000e0f2                GDTEntry::setLimit(unsigned int)
                0x00000000c000e110                GDT::GDT()
                0x00000000c000e110                GDT::GDT()
                0x00000000c000e126                GDT::addEntry(GDTEntry)
                0x00000000c000e148                GDT::getNumberOfEntries()
                0x00000000c000e150                GDT::flush()
                0x00000000c000e172                GDT::setup()
 .text          0x00000000c000e2b1       0x1d krnl/idle.32
                0x00000000c000e2b1                idleFunction(void*)
 *fill*         0x00000000c000e2ce        0x2 
 .text          0x00000000c000e2d0      0x46c krnl/idt.32
                0x00000000c000e2d0                IDTEntry::IDTEntry(bool)
                0x00000000c000e2d0                IDTEntry::IDTEntry(bool)
                0x00000000c000e34a                IDTEntry::setOffset(unsigned int)
                0x00000000c000e360                IDT::IDT()
                0x00000000c000e360                IDT::IDT()
                0x00000000c000e362                IDT::getPointerToInvalidOpcodeEntryForF00F()
                0x00000000c000e36a                IDT::addEntry(IDTEntry, int)
                0x00000000c000e384                IDT::addEntry(int, void (*)(), bool)
                0x00000000c000e3bc                IDT::flush()
                0x00000000c000e3d6                IDT::setup()
 .text          0x00000000c000e73c       0xaa krnl/inlines.32
                0x00000000c000e73c                CPU::current()
                0x00000000c000e75e                operator new(unsigned long)
                0x00000000c000e763                operator delete(void*)
                0x00000000c000e768                disableIRQs()
                0x00000000c000e76a                enableIRQs()
                0x00000000c000e76c                lockScheduler()
                0x00000000c000e774                unlockScheduler()
                0x00000000c000e783                lockStuff()
                0x00000000c000e791                unlockStuff()
                0x00000000c000e7cb                Virt::getAKernelVAS()
                0x00000000c000e7d1                __not_memcpy
 .text          0x00000000c000e7e6      0x205 krnl/kheap.32
                0x00000000c000e7e6                sbrk
                0x00000000c000e87d                sbrk_thunk
                0x00000000c000e8b3                mmap
                0x00000000c000e911                munmap
                0x00000000c000e926                liballoc_lock()
                0x00000000c000e934                liballoc_unlock()
                0x00000000c000e94a                liballoc_alloc(int)
                0x00000000c000e962                liballoc_free(void*, int)
                0x00000000c000e97d                realloc
                0x00000000c000e991                malloc
                0x00000000c000e9a1                free
                0x00000000c000e9b1                rfree
                0x00000000c000e9c1                calloc
 *fill*         0x00000000c000e9eb        0x1 
 .text          0x00000000c000e9ec      0x1e3 krnl/mailbox.32
                0x00000000c000e9ec                KeMailboxTryPost(Mailbox*, void*)
                0x00000000c000ea50                KeMailboxTryGet(Mailbox*, void**)
                0x00000000c000eab4                KeMailboxCreate()
                0x00000000c000eae8                KeMailboxPost(Mailbox*, void*)
                0x00000000c000eb50                KeMailboxGet(Mailbox*, void**)
                0x00000000c000ebb8                KeMailboxDestroy(Mailbox*)
 .text          0x00000000c000ebcf       0xfd krnl/main.32
                0x00000000c000ebcf                KeEntryPoint
 .text          0x00000000c000eccc       0x1a krnl/mutex.32
                0x00000000c000eccc                Mutex::Mutex()
                0x00000000c000eccc                Mutex::Mutex()
 .text          0x00000000c000ece6        0xc krnl/panic.32
                0x00000000c000ece6                KePanic(char const*)
 .text          0x00000000c000ecf2      0x644 krnl/physmgr.32
                0x00000000c000ecf2                Phys::allocateDMA(unsigned long)
                0x00000000c000edda                Phys::freeDMA(unsigned long, unsigned long)
                0x00000000c000ee15                Phys::setPageState(unsigned long, bool)
                0x00000000c000ee55                Phys::getPageState(unsigned long)
                0x00000000c000ee71                Phys::freePage(unsigned long)
                0x00000000c000eeda                Phys::allocatePage()
                0x00000000c000efa9                Phys::allocateContiguousPages(int)
                0x00000000c000f010                Phys::allowSegmentToBeUsed(unsigned long, unsigned long)
                0x00000000c000f048                Phys::physicalMemorySetup(unsigned int)
 .text          0x00000000c000f336      0x273 krnl/pipe.32
                0x00000000c000f336                Pipe::isAtty()
                0x00000000c000f33a                Pipe::~Pipe()
                0x00000000c000f33a                Pipe::~Pipe()
                0x00000000c000f35e                Pipe::~Pipe()
                0x00000000c000f386                Pipe::write(unsigned long long, void*, int*)
                0x00000000c000f446                Pipe::read(unsigned long long, void*, int*)
                0x00000000c000f542                Pipe::Pipe(int)
                0x00000000c000f542                Pipe::Pipe(int)
 .text          0x00000000c000f5a9      0x108 krnl/powctrl.32
                0x00000000c000f5a9                KePowerThread(void*)
                0x00000000c000f5d7                KeChangePowerSettings(PowerSettings)
                0x00000000c000f5ed                KeUserIOReceived()
                0x00000000c000f5f8                KeHandlePowerButton()
                0x00000000c000f610                KeHandleSleepButton()
                0x00000000c000f628                KeSetupPowerManager()
 .text          0x00000000c000f6b1       0x9d krnl/random.32
                0x00000000c000f6b1                KeRand()
                0x00000000c000f6f3                KeSeedRand(unsigned int)
                0x00000000c000f71c                KeInitRand()
 *fill*         0x00000000c000f74e        0x2 
 .text          0x00000000c000f750      0x1bc krnl/resolve.32
                0x00000000c000f750                KeResolveCompatibilitySymbol(char*)
 .text          0x00000000c000f90c      0x415 krnl/semaphore.32
                0x00000000c000f90c                Semaphore::Semaphore(int)
                0x00000000c000f90c                Semaphore::Semaphore(int)
                0x00000000c000f93c                Semaphore::tryAcquire()
                0x00000000c000fa18                Semaphore::assertLocked(char const*)
                0x00000000c000faa8                Semaphore::acquire(int)
                0x00000000c000fc50                Semaphore::acquire()
                0x00000000c000fc6c                Semaphore::release()
 .text          0x00000000c000fd21      0x322 krnl/signal.32
                0x00000000c000fd21                KiSigKill(int)
                0x00000000c000fd35                KiDefaultSignalHandlerIgnore(int)
                0x00000000c000fd36                KiDefaultSignalHandlerPause(int)
                0x00000000c000fd62                KiDefaultSignalHandlerResume(int)
                0x00000000c000fd8e                KeDeinitSignals(SigHandlerBlock*)
                0x00000000c000fd93                KeInitSignals()
                0x00000000c000fde5                KeRegisterSignalHandler(SigHandlerBlock*, int, void (*)(int), unsigned int, int)
                0x00000000c000fe1b                KeRaiseSignal(SigHandlerBlock*, int)
                0x00000000c000fe98                KeCheckSignal(SigHandlerBlock*, int*)
                0x00000000c000ff8f                KiCheckSignalZ
                0x00000000c000ffd1                KeCompleteSignal(SigHandlerBlock*, int)
                0x00000000c001000c                KiFinishSignalZ
 .text          0x00000000c0010043      0xe1d krnl/syscalls.32
                0x00000000c0010043                SysSeekDir(regs*)
                0x00000000c0010048                SysTellDir(regs*)
                0x00000000c001004d                SysVerify(regs*)
                0x00000000c0010057                SysGetArgc(regs*)
                0x00000000c001006b                SysTTYName(regs*)
                0x00000000c0010073                SysFormatDisk(regs*)
                0x00000000c00100ea                SysSetDiskVolumeLabel(regs*)
                0x00000000c001013e                SysGetDiskVolumeLabel(regs*)
                0x00000000c0010197                SysShutdown(regs*)
                0x00000000c00101f5                SysRealpath(regs*)
                0x00000000c0010239                SysReadDir(regs*)
                0x00000000c00102b9                SysIsATTY(regs*)
                0x00000000c0010313                SysSeek(regs*)
                0x00000000c001036a                SysTell(regs*)
                0x00000000c00103d7                SysSize(regs*)
                0x00000000c001044a                SysSizeFromFilename(regs*)
                0x00000000c001057b                SysSizeFromFilenameNoSymlink(regs*)
                0x00000000c00106ac                SysClose(regs*)
                0x00000000c001070c                SysOpenDir(regs*)
                0x00000000c0010789                SysMakeDir(regs*)
                0x00000000c00107f7                SysCloseDir(regs*)
                0x00000000c001084b                SysWait(regs*)
                0x00000000c001086c                SysNotImpl(regs*)
                0x00000000c0010887                SysPanic(regs*)
                0x00000000c00108a2                SysRmdir(regs*)
                0x00000000c0010907                SysUnlink(regs*)
                0x00000000c001096c                SysGetArgv(regs*)
                0x00000000c00109b9                SysUSleep(regs*)
                0x00000000c00109e2                SysSpawn(regs*)
                0x00000000c0010a55                SysGetEnv(regs*)
                0x00000000c0010b06                SysSetFatAttrib(regs*)
                0x00000000c0010b79                SysPipe(regs*)
                0x00000000c0010bbe                SysGetUnixTime(regs*)
                0x00000000c0010bd2                string_ends_with(char const*, char const*)
                0x00000000c0010c1a                SysOpen(regs*)
                0x00000000c0010e11                KeSystemCall(regs*, void*)
 .text          0x00000000c0010e60      0xab3 krnl/terminal.32
                0x00000000c0010e60                VgaText::isAtty()
                0x00000000c0010e64                VgaText::~VgaText()
                0x00000000c0010e64                VgaText::~VgaText()
                0x00000000c0010e88                VgaText::~VgaText()
                0x00000000c0010eb2                VgaText::read(unsigned long long, void*, int*)
                0x00000000c0010ed2                setTerminalScrollLock(bool)
                0x00000000c0010ed3                doTerminalCycle()
                0x00000000c0010ed4                addToTerminalCycle(VgaText*)
                0x00000000c0010ed5                scrollTerminalScrollLock(int)
                0x00000000c0010ed6                VgaText::updateTitle()
                0x00000000c0010ed8                VgaText::load()
                0x00000000c0010eda                VgaText::updateCursor()
                0x00000000c0010ef0                VgaText::doANSI_SGR(int)
                0x00000000c0010f64                VgaText::setDefaultBgColour(VgaColour)
                0x00000000c0010f74                VgaText::setDefaultFgColour(VgaColour)
                0x00000000c0010f84                VgaText::setDefaultColours(VgaColour, VgaColour)
                0x00000000c0010fa4                VgaText::setTitleTextColour(VgaColour)
                0x00000000c0010fb0                VgaText::setTitleColour(VgaColour)
                0x00000000c0010fbc                VgaText::setTitle(char*)
                0x00000000c0010fbe                VgaText::combineColours(unsigned char, unsigned char)
                0x00000000c0010fd0                VgaText::scrollScreen()
                0x00000000c0011062                VgaText::combineCharAndColour(char, unsigned char)
                0x00000000c0011072                VgaText::writeCharacter(char, VgaColour, VgaColour, int, int)
                0x00000000c0011102                VgaText::getCursorX()
                0x00000000c001110a                VgaText::getCursorY()
                0x00000000c0011112                VgaText::setCursor(int, int)
                0x00000000c0011129                setActiveTerminal(VgaText*)
                0x00000000c0011174                VgaText::clearScreen()
                0x00000000c00111c2                VgaText::setCursorX(int)
                0x00000000c00111da                VgaText::setCursorY(int)
                0x00000000c00111f2                VgaText::incrementCursor(bool)
                0x00000000c0011246                VgaText::decrementCursor(bool)
                0x00000000c0011268                VgaText::putchar(char, VgaColour, VgaColour)
                0x00000000c0011338                VgaText::putchar(char)
                0x00000000c0011430                VgaText::putx(unsigned int)
                0x00000000c0011476                VgaText::puts(char const*)
                0x00000000c001149c                VgaText::write(unsigned long long, void*, int*)
                0x00000000c00114e8                VgaText::puts(char const*, VgaColour, VgaColour)
                0x00000000c0011636                VgaText::VgaText(char const*)
                0x00000000c0011636                VgaText::VgaText(char const*)
                0x00000000c0011786                VgaText::receiveKey(unsigned char)
                0x00000000c0011912                VgaText::doUpdate()
 *fill*         0x00000000c0011913        0x1 
 .text          0x00000000c0011914      0x266 krnl/tss.32
                0x00000000c0011914                TSS::TSS()
                0x00000000c0011914                TSS::TSS()
                0x00000000c0011924                TSS::setESP(unsigned long)
                0x00000000c0011938                TSS::flush()
                0x00000000c0011958                TSS::setup(unsigned long, unsigned long)
 .text          0x00000000c0011b7a      0x4ca krnl/unixfile.32
                0x00000000c0011b7a                ReservedFilename::read(unsigned long long, void*, int*)
                0x00000000c0011bd0                ReservedFilename::isAtty()
                0x00000000c0011bec                ReservedFilename::write(unsigned long long, void*, int*)
                0x00000000c0011c4a                UnixFile::getFileDescriptor()
                0x00000000c0011c52                UnixFile::UnixFile(int)
                0x00000000c0011c52                UnixFile::UnixFile(int)
                0x00000000c0011e06                ReservedFilename::ReservedFilename(int)
                0x00000000c0011e06                ReservedFilename::ReservedFilename(int)
                0x00000000c0011e38                UnixFile::~UnixFile()
                0x00000000c0011e38                UnixFile::~UnixFile()
                0x00000000c0011ed4                UnixFile::~UnixFile()
                0x00000000c0011efc                ReservedFilename::~ReservedFilename()
                0x00000000c0011efc                ReservedFilename::~ReservedFilename()
                0x00000000c0011f20                ReservedFilename::~ReservedFilename()
                0x00000000c0011f47                KeGetFileFromDescriptor(int)
 .text          0x00000000c0012044     0x1200 krnl/virtmgr.32
                0x00000000c0012044                Virt::setPageState(unsigned long, Virt::VirtPageState)
                0x00000000c001207e                Virt::getPageState(unsigned long)
                0x00000000c00120a1                Virt::allocateKernelVirtualPages(int)
                0x00000000c00121c6                Virt::freeSwapfilePage(unsigned long)
                0x00000000c00121e9                Virt::swapIDToSector(unsigned long)
                0x00000000c00121ff                Virt::allocateSwapfilePage()
                0x00000000c001227f                Virt::virtualMemorySetup()
                0x00000000c00122d0                Virt::setupPageSwapping(int)
                0x00000000c0012342                VAS::setCPUSpecific(unsigned long)
                0x00000000c0012344                VAS::VAS(VAS*)
                0x00000000c0012344                VAS::VAS(VAS*)
                0x00000000c001235c                VAS::getForeignPageTableEntry(bool, unsigned long)
                0x00000000c001238a                VAS::getPageTableEntry(unsigned long)
                0x00000000c00123a9                Virt::freeKernelVirtualPages(unsigned long)
                0x00000000c00124e6                VAS::freeAllocatedPages(unsigned long)
                0x00000000c001250a                VAS::virtualToPhysical(unsigned long)
                0x00000000c0012524                VAS::reflagRange(unsigned long, int, unsigned long, unsigned long)
                0x00000000c0012566                VAS::VAS()
                0x00000000c0012566                VAS::VAS()
                0x00000000c00125d0                VAS::setToWriteCombining(unsigned long, int)
                0x00000000c00125f0                VAS::mapOtherVASIn(bool, VAS*)
                0x00000000c001261c                VAS::~VAS()
                0x00000000c001261c                VAS::~VAS()
                0x00000000c001278a                VAS::mapPage(unsigned long, unsigned long, int)
                0x00000000c00128a8                VAS::allocatePages(int, int)
                0x00000000c001298e                VAS::mapRange(unsigned long, unsigned long, int, int)
                0x00000000c00129e6                VAS::mapForeignPage(bool, VAS*, unsigned long, unsigned long, int)
                0x00000000c0012adc                VAS::VAS(bool)
                0x00000000c0012adc                VAS::VAS(bool)
                0x00000000c0012d20                VAS::evict(unsigned long)
                0x00000000c0012dfe                VAS::tryLoadBackOffDisk(unsigned long)
                0x00000000c0012fa6                VAS::allocateSharedMemoryWithKernel(unsigned long, unsigned long*)
                0x00000000c001301a                VAS::freeSharedMemoryWithKernel(unsigned long, unsigned long)
                0x00000000c0013046                VAS::scanForEviction()
                0x00000000c0013149                mapVASFirstTime
 .text          0x00000000c0013244       0x36 sys/eject.32
                0x00000000c0013244                SysEject(regs*)
 .text          0x00000000c001327a       0x18 sys/exit.32
                0x00000000c001327a                SysExit(regs*)
 .text          0x00000000c0013292       0x1f sys/getcwd.32
                0x00000000c0013292                SysGetCwd(regs*)
 .text          0x00000000c00132b1        0xc sys/getpid.32
                0x00000000c00132b1                SysGetPID(regs*)
 .text          0x00000000c00132bd       0x1a sys/getramdata.32
                0x00000000c00132bd                SysGetRAMData(regs*)
 .text          0x00000000c00132d7       0x82 sys/getvgaptr.32
                0x00000000c00132d7                SysGetVGAPtr(regs*)
 *fill*         0x00000000c0013359        0x3 
 .text          0x00000000c001335c       0xb9 sys/kill.32
                0x00000000c001335c                SysKill(regs*)
 .text          0x00000000c0013415       0xa8 sys/loaddll.32
                0x00000000c0013415                SysLoadDLL(regs*)
 .text          0x00000000c00134bd       0x68 sys/read.32
                0x00000000c00134bd                SysRead(regs*)
 .text          0x00000000c0013525       0x29 sys/registersignal.32
                0x00000000c0013525                SysRegisterSignal(regs*)
 .text          0x00000000c001354e      0x1cc sys/registry.32
                0x00000000c001354e                SysRegistryGetTypeFromPath(regs*)
                0x00000000c0013592                SysRegistryReadExtent(regs*)
                0x00000000c00135da                SysRegistryPathToExtentLookup(regs*)
                0x00000000c00135f1                SysRegistryEnterDirectory(regs*)
                0x00000000c0013608                SysRegistryGetNext(regs*)
                0x00000000c001361f                SysRegistryGetNameAndTypeFromExtent(regs*)
                0x00000000c0013659                SysRegistryOpen(regs*)
                0x00000000c001366d                SysRegistryClose(regs*)
                0x00000000c0013684                SysRegistryEasyReadString(regs*)
                0x00000000c00136d0                SysRegistryEasyReadInteger(regs*)
 .text          0x00000000c001371a       0x55 sys/sbrk.32
                0x00000000c001371a                SysSbrk(regs*)
 .text          0x00000000c001376f       0x1c sys/setcwd.32
                0x00000000c001376f                SysSetCwd(regs*)
 .text          0x00000000c001378b       0x96 sys/settime.32
                0x00000000c001378b                SysSetTime(regs*)
 .text          0x00000000c0013821       0x73 sys/symlink.32
                0x00000000c0013821                SysSymlink(regs*)
 .text          0x00000000c0013894       0x3f sys/timezone.32
                0x00000000c0013894                SysTimezone(regs*)
 .text          0x00000000c00138d3       0xfc sys/truncate.32
                0x00000000c00138d3                SysTruncate(regs*)
 .text          0x00000000c00139cf       0x68 sys/write.32
                0x00000000c00139cf                SysWrite(regs*)
 .text          0x00000000c0013a37       0x9d sys/wsbe.32
                0x00000000c0013a37                SysWsbe(regs*)
 .text          0x00000000c0013ad4       0x25 sys/yield.32
                0x00000000c0013ad4                SysYield(regs*)
 .text          0x00000000c0013af9     0x1207 thr/elf.32
                0x00000000c0013af9                Thr::allocateMemoryForTask(Process*, File*, unsigned long, unsigned long, unsigned long)
                0x00000000c0013d87                Thr::loadProgramIntoMemory(Process*, char const*)
                0x00000000c0013f99                Thr::runtimeReferenceHelper()
                0x00000000c0013fac                Thr::getAddressOfKernelSymbol(char const*)
                0x00000000c0013ffb                Thr::loadKernelSymbolTable(char const*)
                0x00000000c00142b9                Thr::loadDriverIntoMemory(char const*, unsigned long, bool)
                0x00000000c00149f2                Thr::getDriverBaseFromAddress(unsigned long)
                0x00000000c0014a24                Thr::getDriverNameFromAddress(unsigned long)
                0x00000000c0014a5b                Thr::getDriverOffsetFromAddress(unsigned long)
                0x00000000c0014a75                Thr::loadDLL(char const*, bool)
                0x00000000c0014cc7                Thr::executeDLL(unsigned long, void*)
 .text          0x00000000c0014d00       0x5a thr/exec.32
                0x00000000c0014d00                KeProcessExec(Process*, char const*)
 *fill*         0x00000000c0014d5a        0x2 
 .text          0x00000000c0014d5c     0x1145 thr/prcssthr.32
                0x00000000c0014d5c                userModeEntryPoint(void*)
                0x00000000c0014d84                changeTSS
                0x00000000c0014dc8                switchToThread(ThreadControlBlock*)
                0x00000000c0014e78                Process::addArgs(char**)
                0x00000000c0014ee4                Process::Process(char const*, Process*, char**)
                0x00000000c0014ee4                Process::Process(char const*, Process*, char**)
                0x00000000c00150f0                Process::Process(bool, char const*, Process*, char**)
                0x00000000c00150f0                Process::Process(bool, char const*, Process*, char**)
                0x00000000c00152c4                taskStartupFunction
                0x00000000c00152d0                KeDisablePreemption()
                0x00000000c00152f8                KeRestorePreemption()
                0x00000000c0015318                Process::createThread(void (*)(void*), void*, int)
                0x00000000c0015424                Process::createUserThread()
                0x00000000c0015444                setupMultitasking(void (*)())
                0x00000000c0015568                schedule()
                0x00000000c00155fc                blockTaskWithSchedulerLockAlreadyHeld(TaskState)
                0x00000000c0015624                blockTask(TaskState)
                0x00000000c001565c                waitTask(int, int*, int)
                0x00000000c00156a0                milliTenthSleepUntil(unsigned int)
                0x00000000c0015740                milliTenthSleep(unsigned int)
                0x00000000c0015754                sleep(unsigned int)
                0x00000000c0015770                taskReturned
                0x00000000c00157b4                Thr::processFromPID(int)
                0x00000000c0015860                unblockTask(ThreadControlBlock*)
                0x00000000c001590c                cleanupTerminatedTask(ThreadControlBlock*)
                0x00000000c0015be0                cleanerTaskFunction(void*)
                0x00000000c0015ce8                terminateTask(int)
                0x00000000c0015dd4                Thr::terminateFromIRQ(int)
 .text          0x00000000c0015ea1      0xd00 vm86/vm8086.32
                0x00000000c0015ea1                Vm::inbv(unsigned short)
                0x00000000c0015eb4                Vm::outbv(unsigned short, unsigned char)
                0x00000000c0015eea                Vm::realToLinear(unsigned short, unsigned short)
                0x00000000c0015efa                Vm::getSegment(unsigned int)
                0x00000000c0015f02                Vm::getOffset(unsigned int)
                0x00000000c0015f07                Vm::mainloop2()
                0x00000000c0015f41                Vm::mainVm8086Loop(void*)
                0x00000000c0015f51                Vm::mainloop3(unsigned long)
                0x00000000c0015f77                Vm::initialise8086()
                0x00000000c0015fba                Vm::resetConventionalMemory8086()
                0x00000000c0015fbb                Vm::finish8086()
                0x00000000c001601c                Vm::getOutput8086(unsigned char*)
                0x00000000c0016041                Vm::start8086FromBuffer(unsigned char*, int, unsigned short, unsigned short, unsigned short, unsigned short)
                0x00000000c0016168                Vm::start8086(char const*, unsigned short, unsigned short, unsigned short, unsigned short)
                0x00000000c0016370                Vm::doISR(regs*, int, unsigned char*, unsigned short, unsigned short)
                0x00000000c0016409                Vm::readByteFromReal(unsigned short, unsigned short)
                0x00000000c001641a                Vm::readWordFromReal(unsigned short, unsigned short)
                0x00000000c001642c                Vm::readDwordFromReal(unsigned short, unsigned short)
                0x00000000c001643d                Vm::writeByteFromReal(unsigned short, unsigned short, unsigned char)
                0x00000000c0016452                Vm::writeWordFromReal(unsigned short, unsigned short, unsigned short)
                0x00000000c0016468                Vm::writeDwordFromReal(unsigned short, unsigned short, unsigned int)
                0x00000000c001647d                Vm::faultHandler(regs*)
 *fill*         0x00000000c0016ba1        0x1 
 .text          0x00000000c0016ba2     0x2031 arch/i386/hal.32
                0x00000000c0016ba2                noCopro(unsigned long)
                0x00000000c0016ba4                CPU::close(int, int, void*)
                0x00000000c0016ba7                x86ReadCMOS(unsigned char)
                0x00000000c0016bfb                x86WriteCMOS(unsigned char, unsigned char)
                0x00000000c0016c5b                AMD_K6_write_msr(unsigned int, unsigned int, unsigned int, REGS*)
                0x00000000c0016c7a                AMD_K6_read_msr(unsigned int, REGS*)
                0x00000000c0016c97                AMD_K6_writeback(int, int, int)
                0x00000000c0016d57                cpuid(int, unsigned long*, unsigned long*, unsigned long*, unsigned long*)
                0x00000000c0016df5                cpuidCheckEDX(unsigned int)
                0x00000000c0016e22                cpuidCheckECX(unsigned int)
                0x00000000c0016e50                cpuidCheckExtendedEBX(unsigned int)
                0x00000000c0016e7e                cpuidCheckExtendedECX(unsigned int)
                0x00000000c0016eac                HalDetectFeatures()
                0x00000000c0017e1a                HalEnableNMI()
                0x00000000c0017e2d                HalDisableNMI()
                0x00000000c0017e40                HalGetNMIState()
                0x00000000c0017e46                x86rdmsr(unsigned int)
                0x00000000c0017e84                x86wrmsr(unsigned int, unsigned long long)
                0x00000000c0017ec9                HalHandleGeneralProtectionFault(void*, void*)
                0x00000000c0017edf                HalFindRSDP()
                0x00000000c0017f74                HalHandlePageFault(void*, void*)
                0x00000000c0017fa3                HalHandleOpcodeFault(void*, void*)
                0x00000000c0017fe5                HalDisplayDebugInfo(void*)
                0x00000000c0018373                HalReceivedNMI()
                0x00000000c001840e                HalSystemIdle()
                0x00000000c001846d                i386SaveCoprocessor(void*)
                0x00000000c0018481                i386LoadCoprocessor(void*)
                0x00000000c0018495                x87EmulHandler(regs*, void*)
                0x00000000c0018532                HalInitialiseCoprocessor()
                0x00000000c00185da                HalPanic(char const*)
                0x00000000c00186ee                HalQueryPerformanceCounter()
                0x00000000c00186fe                HalInitialise()
                0x00000000c0018890                HalMakeBeep(int)
                0x00000000c00188ca                HalGetRand()
                0x00000000c00188cd                HalEndOfInterrupt(int)
                0x00000000c00188f8                HalRestart()
                0x00000000c00188f9                HalShutdown()
                0x00000000c00188fa                HalSleep()
                0x00000000c00188fc                CPU::CPU()
                0x00000000c00188fc                CPU::CPU()
                0x00000000c0018980                CPU::setupSMEP()
                0x00000000c001898c                CPU::setupUMIP()
                0x00000000c0018996                CPU::setupTSC()
                0x00000000c00189a0                CPU::setupLargePages()
                0x00000000c00189aa                CPU::setupPAT()
                0x00000000c00189dc                CPU::setupMTRR()
                0x00000000c00189de                CPU::setupGlobalPages()
                0x00000000c00189e8                CPU::allowUsermodeDataAccess()
                0x00000000c00189f6                CPU::prohibitUsermodeDataAccess()
                0x00000000c0018a04                CPU::setupSMAP()
                0x00000000c0018a12                CPU::setupFeatures()
                0x00000000c0018ade                CPU::open(int, int, void*)
 .text          0x00000000c0018bd3      0x261 arch/i386/intctrl.32
                0x00000000c0018bd3                convertLegacyIRQNumber(int)
                0x00000000c0018c0f                HalInstallISRHandler(int, void (*)(regs*, void*), void*)
                0x00000000c0018c59                HalInstallIRQHandler(int, void (*)(regs*, void*), bool, void*)
                0x00000000c0018d87                HalUninstallISRHandler(int, void (*)(regs*, void*))
                0x00000000c0018dbb                HalUninstallIRQHandler(int, void (*)(regs*, void*), bool)
 .text          0x00000000c0018e34      0x2dc arch/i386/pic.32
                0x00000000c0018e34                picIoWait()
                0x00000000c0018e3c                picDisable()
                0x00000000c0018e70                picGetIRQReg(int)
                0x00000000c0018eec                picOpen()
                0x00000000c0019070                picEOI(int)
 .text          0x00000000c0019110      0x5f8 arch/i386/rtc.32
                0x00000000c0019110                RTC::open(int, int, void*)
                0x00000000c0019114                RTC::close(int, int, void*)
                0x00000000c0019118                RTC::timeInSecondsUTC()
                0x00000000c001912a                RTC::timeInDatetimeUTC()
                0x00000000c0019150                RTC::setTimeInSecondsUTC(unsigned long long)
                0x00000000c001918e                RTC::~RTC()
                0x00000000c001918e                RTC::~RTC()
                0x00000000c00191b2                RTC::~RTC()
                0x00000000c00191dc                RTC::get_update_in_progress_flag()
                0x00000000c00191f0                RTC::completeRTCRefresh()
                0x00000000c00194a4                RTC::setTimeInDatetimeUTC(datetime_t)
                0x00000000c001961a                rtcIRQHandler(regs*, void*)
                0x00000000c001965a                RTC::RTC()
                0x00000000c001965a                RTC::RTC()
 .text          0x00000000c0019708      0x1f4 arch/i386/vga.32
                0x00000000c0019708                HalConsoleScroll(int, int)
                0x00000000c0019810                HalConsoleWriteCharacter(char, int, int, int, int)
                0x00000000c0019874                HalConsoleCursorUpdate(int, int)
 .text          0x00000000c00198fc     0x14cf fs/fat/vfslink.32
                0x00000000c00198fc                FAT::getName()
                0x00000000c0019904                FAT::tell(void*, unsigned long long*)
                0x00000000c0019940                FAT::stat(void*, unsigned long long*)
                0x00000000c001997c                FAT::~FAT()
                0x00000000c001997c                FAT::~FAT()
                0x00000000c00199a0                FAT::~FAT()
                0x00000000c00199c8                FAT::getlabel(LogicalDisk*, int, char*, unsigned int*)
                0x00000000c0019a6c                FAT::setlabel(LogicalDisk*, int, char*)
                0x00000000c0019b30                FAT::format(LogicalDisk*, int, char const*, int)
                0x00000000c0019d14                FAT::tryMount(LogicalDisk*, int)
                0x00000000c0019f30                FAT::allocateSwapfile(char const*, int)
                0x00000000c001a0f0                FAT::readDir(void*, unsigned long, void*, int*)
                0x00000000c001a260                FAT::read(void*, unsigned long, void*, int*)
                0x00000000c001a2c0                FAT::write(void*, unsigned long, void*, int*)
                0x00000000c001a320                FAT::close(void*)
                0x00000000c001a374                FAT::closeDir(void*)
                0x00000000c001a3c8                FAT::truncate(void*, unsigned long long)
                0x00000000c001a434                FAT::seek(void*, unsigned long long)
                0x00000000c001a48c                fatWrapperReadDisk
                0x00000000c001a4cc                fatWrapperWriteDisk
                0x00000000c001a50c                fatWrapperIoctl
                0x00000000c001a628                FAT::FAT()
                0x00000000c001a628                FAT::FAT()
                0x00000000c001a680                FAT::fixFilepath(char*)
                0x00000000c001a6c0                FAT::open(char const*, void**, FileOpenMode)
                0x00000000c001a834                FAT::openDir(char const*, void**)
                0x00000000c001a8e4                FAT::stat(char const*, unsigned long long*, bool*)
                0x00000000c001a9dc                FAT::unlink(char const*)
                0x00000000c001aa5c                FAT::chfatattr(char const*, unsigned char, unsigned char)
                0x00000000c001ac10                FAT::rename(char const*, char const*)
                0x00000000c001acdc                FAT::mkdir(char const*)
                0x00000000c001ad5c                FAT::exists(char const*)
 *fill*         0x00000000c001adcb        0x1 
 .text          0x00000000c001adcc       0x94 fs/iso9660/helper.32
                0x00000000c001adcc                isoReadDiscSectorHelper
                0x00000000c001ae28                iso_kprintf
                0x00000000c001ae44                iso_kprintfd
 .text          0x00000000c001ae60      0x71c fs/iso9660/vfslink.32
                0x00000000c001ae60                ISO9660::format(LogicalDisk*, int, char const*, int)
                0x00000000c001ae66                ISO9660::truncate(void*, unsigned long long)
                0x00000000c001ae6c                ISO9660::getName()
                0x00000000c001ae72                ISO9660::closeDir(void*)
                0x00000000c001ae7c                ISO9660::chfatattr(char const*, unsigned char, unsigned char)
                0x00000000c001ae82                ISO9660::unlink(char const*)
                0x00000000c001ae88                ISO9660::write(void*, unsigned long, void*, int*)
                0x00000000c001ae8e                ISO9660::rename(char const*, char const*)
                0x00000000c001ae94                ISO9660::mkdir(char const*)
                0x00000000c001ae9a                ISO9660::~ISO9660()
                0x00000000c001ae9a                ISO9660::~ISO9660()
                0x00000000c001aebe                ISO9660::~ISO9660()
                0x00000000c001aee6                ISO9660::exists(char const*)
                0x00000000c001aefa                ISO9660::open(char const*, void**, FileOpenMode)
                0x00000000c001afe0                ISO9660::read(void*, unsigned long, void*, int*)
                0x00000000c001b028                ISO9660::seek(void*, unsigned long long)
                0x00000000c001b06a                ISO9660::tell(void*, unsigned long long*)
                0x00000000c001b0a8                ISO9660::stat(void*, unsigned long long*)
                0x00000000c001b0fa                ISO9660::stat(char const*, unsigned long long*, bool*)
                0x00000000c001b23c                ISO9660::close(void*)
                0x00000000c001b26c                ISO9660::openDir(char const*, void**)
                0x00000000c001b346                ISO9660::readDir(void*, unsigned long, void*, int*)
                0x00000000c001b463                readSectorFromCDROM(unsigned int, unsigned char*, char)
                0x00000000c001b4e2                ISO9660::tryMount(LogicalDisk*, int)
                0x00000000c001b554                ISO9660::ISO9660()
                0x00000000c001b554                ISO9660::ISO9660()
 .text          0x00000000c001b57c      0x26c hal/sound/sndcard.32
                0x00000000c001b57c                SoundCard::beginPlayback()
                0x00000000c001b58a                SoundCard::stopPlayback()
                0x00000000c001b598                SoundCard::SoundCard(char const*)
                0x00000000c001b598                SoundCard::SoundCard(char const*)
                0x00000000c001b636                SoundCard::~SoundCard()
                0x00000000c001b636                SoundCard::~SoundCard()
                0x00000000c001b65a                SoundCard::~SoundCard()
                0x00000000c001b684                SoundCard::configureRates(int, int, int)
                0x00000000c001b6b4                SoundCard::getSamples16(int, short*)
                0x00000000c001b710                SoundCard::getSamples32(int, int*)
                0x00000000c001b796                SoundCard::addChannel(SoundPort*)
                0x00000000c001b7d4                SoundCard::removeChannel(int)
 .text          0x00000000c001b7e8      0x38a hal/sound/sndport.32
                0x00000000c001b7e8                SoundPort::SoundPort(int, int, int, int)
                0x00000000c001b7e8                SoundPort::SoundPort(int, int, int, int)
                0x00000000c001b874                SoundPort::~SoundPort()
                0x00000000c001b874                SoundPort::~SoundPort()
                0x00000000c001b8a8                SoundPort::unpause()
                0x00000000c001b8b4                SoundPort::pause()
                0x00000000c001b8c0                SoundPort::getBufferUsed()
                0x00000000c001b8c8                SoundPort::getBufferSize()
                0x00000000c001b8d0                SoundPort::buffer16(short*, int)
                0x00000000c001b95c                SoundPort::buffer32(int*, int)
                0x00000000c001b9e8                SoundPort::unbufferAndAdd16(int, short*, SoundCard*)
                0x00000000c001bab4                SoundPort::unbufferAndAdd32(int, int*, SoundCard*)
 .text          0x00000000c001bb72        0x0 hw/bus/isa.32
 .text          0x00000000c001bb72      0xc23 hw/bus/pci.32
                0x00000000c001bb72                PCI::open(int, int, void*)
                0x00000000c001bb90                PCI::close(int, int, void*)
                0x00000000c001bb94                PCI::PCI()
                0x00000000c001bb94                PCI::PCI()
                0x00000000c001bc2c                PCI::readBAR8(unsigned int, int)
                0x00000000c001bc48                PCI::readBAR16(unsigned int, int)
                0x00000000c001bc66                PCI::readBAR32(unsigned int, int)
                0x00000000c001bc82                PCI::writeBAR8(unsigned int, unsigned char, int)
                0x00000000c001bca2                PCI::writeBAR16(unsigned int, unsigned short, int)
                0x00000000c001bcc4                PCI::writeBAR32(unsigned int, unsigned int, int)
                0x00000000c001bce4                PCI::legacyMechanism(unsigned char, unsigned char, unsigned char, unsigned char)
                0x00000000c001bd5a                PCI::pciReadWord(unsigned char, unsigned char, unsigned char, unsigned char)
                0x00000000c001be04                PCI::getVendorID(unsigned char, unsigned char, unsigned char)
                0x00000000c001be28                PCI::getHeaderType(unsigned char, unsigned char, unsigned char)
                0x00000000c001be50                PCI::getClassCode(unsigned char, unsigned char, unsigned char)
                0x00000000c001be9a                PCI::getProgIF(unsigned char, unsigned char, unsigned char)
                0x00000000c001bec2                PCI::getRevisionID(unsigned char, unsigned char, unsigned char)
                0x00000000c001bee6                PCI::getInterruptNumber(unsigned char, unsigned char, unsigned char)
                0x00000000c001bf0a                PCI::getSecondaryBus(unsigned char, unsigned char, unsigned char)
                0x00000000c001bf32                PCI::getBARAddress(unsigned char, unsigned char, unsigned char, unsigned char)
                0x00000000c001bf96                PCI::pciWriteWord(unsigned char, unsigned char, unsigned char, unsigned char, unsigned short)
                0x00000000c001c07e                PCI::pciDetailsToFilepath(PCIDeviceInfo, char*)
                0x00000000c001c344                PCI::checkBus(unsigned char)
                0x00000000c001c368                PCI::foundDevice(PCIDeviceInfo)
                0x00000000c001c54e                PCI::getDeviceData(unsigned char, unsigned char, unsigned char)
                0x00000000c001c6ca                PCI::checkDevice(unsigned char, unsigned char)
                0x00000000c001c73c                PCI::detect()
 *fill*         0x00000000c001c795        0x1 
 .text          0x00000000c001c796      0xdbc hw/diskctrl/ide.32
                0x00000000c001c796                IDE::close(int, int, void*)
                0x00000000c001c79a                IDE::IDE()
                0x00000000c001c79a                IDE::IDE()
                0x00000000c001c7ce                IDE::prepareInterrupt(unsigned char)
                0x00000000c001c7e0                selectDrive(unsigned char, unsigned char)
                0x00000000c001c7e2                IDE::getBase(unsigned char)
                0x00000000c001c7f4                IDE::write(unsigned char, unsigned char, unsigned char)
                0x00000000c001c8b4                IDE::read(unsigned char, unsigned char)
                0x00000000c001c962                IDE::waitInterrupt(unsigned char)
                0x00000000c001c9c4                ideChannel0IRQHandler(regs*, void*)
                0x00000000c001c9e0                ideChannel1IRQHandler(regs*, void*)
                0x00000000c001c9fc                IDE::enableIRQs(unsigned char, bool)
                0x00000000c001ca46                IDE::open(int, int, void*)
                0x00000000c001cf32                IDE::readBuffer(unsigned char, unsigned char, unsigned int, unsigned int)
                0x00000000c001d002                IDE::detect()
                0x00000000c001d444                IDE::printError(unsigned char, unsigned char, unsigned char)
                0x00000000c001d4fe                IDE::polling(unsigned char, unsigned int)
 .text          0x00000000c001d552      0x33d hw/diskctrl/satabus.32
                0x00000000c001d552                SATABus::close(int, int, void*)
                0x00000000c001d556                SATABus::detect()
                0x00000000c001d558                SATABus::SATABus()
                0x00000000c001d558                SATABus::SATABus()
                0x00000000c001d5de                SATABus::findCmdslot(SATABus::tagHBA_PORT volatile*)
                0x00000000c001d610                SATABus::checkType(SATABus::tagHBA_PORT volatile*)
                0x00000000c001d658                SATABus::startCmd(SATABus::tagHBA_PORT volatile*)
                0x00000000c001d678                SATABus::stopCmd(SATABus::tagHBA_PORT volatile*)
                0x00000000c001d6a2                SATABus::portRebase(SATABus::tagHBA_PORT volatile*, int)
                0x00000000c001d7b2                SATABus::probePort(SATABus::tagHBA_MEM volatile*)
                0x00000000c001d85c                SATABus::open(int, int, void*)
 *fill*         0x00000000c001d88f        0x1 
 .text          0x00000000c001d890      0x987 hw/diskphys/ata.32
                0x00000000c001d890                ATA::close(int, int, void*)
                0x00000000c001d8b4                ATA::powerSaving(PowerSavingLevel)
                0x00000000c001d8b6                ATA::ATA()
                0x00000000c001d8b6                ATA::ATA()
                0x00000000c001d8e4                ATA::flush(bool)
                0x00000000c001d932                ATA::readyForCommand()
                0x00000000c001d97e                ATA::access(unsigned long long, int, void*, bool)
                0x00000000c001dd5c                ATA::detectCHS()
                0x00000000c001dd86                ATA::open(int, int, void*)
                0x00000000c001de52                combineCharAndColour(char, unsigned char)
                0x00000000c001de63                combineColours(unsigned char, unsigned char)
                0x00000000c001de70                ATA::read(unsigned long long, int, void*)
                0x00000000c001e046                ATA::write(unsigned long long, int, void*)
 *fill*         0x00000000c001e217        0x1 
 .text          0x00000000c001e218      0x618 hw/diskphys/atapi.32
                0x00000000c001e218                ATAPI::write(unsigned long long, int, void*)
                0x00000000c001e21e                ATAPI::close(int, int, void*)
                0x00000000c001e242                ATAPI::ATAPI()
                0x00000000c001e242                ATAPI::ATAPI()
                0x00000000c001e270                ATAPI::readyForCommand()
                0x00000000c001e2c2                ATAPI::sendPacket(unsigned char*, int, bool, unsigned short*, int)
                0x00000000c001e58a                ATAPI::diskRemoved()
                0x00000000c001e5c4                ATAPI::eject()
                0x00000000c001e60c                ATAPI::diskInserted()
                0x00000000c001e618                ATAPI::detectMedia()
                0x00000000c001e6d6                ATAPI::open(int, int, void*)
                0x00000000c001e7b6                ATAPI::read(unsigned long long, int, void*)
 .text          0x00000000c001e830      0x849 hw/diskphys/sata.32
                0x00000000c001e830                SATA::close(int, int, void*)
                0x00000000c001e854                SATA::powerSaving(PowerSavingLevel)
                0x00000000c001e856                SATA::open(int, int, void*)
                0x00000000c001e90e                SATA::SATA()
                0x00000000c001e90e                SATA::SATA()
                0x00000000c001e93c                SATA::access(unsigned long long, int, void*, bool)
                0x00000000c001ebc4                SATA::read(unsigned long long, int, void*)
                0x00000000c001ee14                SATA::write(unsigned long long, int, void*)
 *fill*         0x00000000c001f079        0x1 
 .text          0x00000000c001f07a      0x5d0 hw/diskphys/satapi.32
                0x00000000c001f07a                SATAPI::write(unsigned long long, int, void*)
                0x00000000c001f080                SATAPI::close(int, int, void*)
                0x00000000c001f0a4                SATAPI::SATAPI()
                0x00000000c001f0a4                SATAPI::SATAPI()
                0x00000000c001f0d2                SATAPI::diskRemoved()
                0x00000000c001f0d4                SATAPI::diskInserted()
                0x00000000c001f0f0                SATAPI::sendPacket(unsigned char*, int, unsigned long long, unsigned short*, int)
                0x00000000c001f3ce                SATAPI::eject()
                0x00000000c001f40a                SATAPI::detectMedia()
                0x00000000c001f460                SATAPI::open(int, int, void*)
                0x00000000c001f560                SATAPI::read(unsigned long long, int, void*)
 .text          0x00000000c001f64a      0x433 hw/intctrl/apic.32
                0x00000000c001f64a                IOAPIC::close(int, int, void*)
                0x00000000c001f650                apicGetBase()
                0x00000000c001f66e                IOAPIC::IOAPIC()
                0x00000000c001f66e                IOAPIC::IOAPIC()
                0x00000000c001f696                apicOpen()
                0x00000000c001f812                IOAPIC::handlesGSIWithNumber(unsigned int)
                0x00000000c001f844                IOAPIC::read(int)
                0x00000000c001f86c                IOAPIC::open(int, int, void*)
                0x00000000c001f952                IOAPIC::write(int, int)
                0x00000000c001f97e                IOAPIC::redirect(unsigned char, unsigned long long, unsigned char, bool, bool)
 *fill*         0x00000000c001fa7d        0x3 
 .text          0x00000000c001fa80       0xf0 hw/timer/apictimer.32
                0x00000000c001fa80                APICTimer::close(int, int, void*)
                0x00000000c001fa88                apicTimerHandler(regs*, void*)
                0x00000000c001fab0                APICTimer::open(int, int, void*)
                0x00000000c001fb20                APICTimer::write(int)
                0x00000000c001fb48                APICTimer::APICTimer()
                0x00000000c001fb48                APICTimer::APICTimer()
 .text          0x00000000c001fb70      0x1ad hw/timer/pit.32
                0x00000000c001fb70                PIT::write(int)
                0x00000000c001fbf4                pitHandler(regs*, void*)
                0x00000000c001fc1c                PIT::open(int, int, void*)
                0x00000000c001fc6c                PIT::close(int, int, void*)
                0x00000000c001fc9c                PIT::PIT()
                0x00000000c001fc9c                PIT::PIT()
 *fill*         0x00000000c001fd1d        0x3 
 .text          0x00000000c001fd20       0x6f arch/i386/avx.32
                0x00000000c001fd20                avxDetect
                0x00000000c001fd4a                avxSave
                0x00000000c001fd5b                avxLoad
                0x00000000c001fd6c                avxInit
                0x00000000c001fd8e                avxClose
 *fill*         0x00000000c001fd8f        0x1 
 .text          0x00000000c001fd90      0x2ec arch/i386/interrupt.32
                0x00000000c001fd90                isr0
                0x00000000c001fda0                isr1
                0x00000000c001fdaa                isr2
                0x00000000c001fdb4                isr3
                0x00000000c001fdbe                isr4
                0x00000000c001fdc8                isr5
                0x00000000c001fdd2                isr6
                0x00000000c001fddc                isr7
                0x00000000c001fde6                isr8
                0x00000000c001fdee                isr9
                0x00000000c001fdf8                isr10
                0x00000000c001fe00                isr11
                0x00000000c001fe08                isr12
                0x00000000c001fe10                isr13
                0x00000000c001fe2a                isr14
                0x00000000c001fe32                isr15
                0x00000000c001fe3c                isr16
                0x00000000c001fe46                isr17
                0x00000000c001fe50                isr18
                0x00000000c001fe5a                irq3
                0x00000000c001fe64                irq4
                0x00000000c001fe6e                irq5
                0x00000000c001fe78                irq6
                0x00000000c001fe82                irq7
                0x00000000c001fe8c                irq8
                0x00000000c001fe96                irq9