Archive member included to satisfy reference by file (symbol)

/cygdrive/d/Users/Alex/Desktop/Toolchain/Output/bin/../lib/gcc/i386-banana/8.1.0/libkgcc.a(_divdi3.o)
                              fs/fat/ff.32 (__divdi3)
/cygdrive/d/Users/Alex/Desktop/Toolchain/Output/bin/../lib/gcc/i386-banana/8.1.0/libkgcc.a(_moddi3.o)
                              thr/elf.32 (__moddi3)
/cygdrive/d/Users/Alex/Desktop/Toolchain/Output/bin/../lib/gcc/i386-banana/8.1.0/libkgcc.a(_udivdi3.o)
                              fs/fat/ff.32 (__udivdi3)
/cygdrive/d/Users/Alex/Desktop/Toolchain/Output/bin/../lib/gcc/i386-banana/8.1.0/libkgcc.a(_umoddi3.o)
                              core/pipe.32 (__umoddi3)
D:/Users/Alex/Desktop/Banana/kernel/libsoftfp.a(sfieeelib.o)
                              hal/sound/sndhw.32 (__addsf3)
D:/Users/Alex/Desktop/Banana/kernel/libsoftfp.a(dfieeelib.o)
                              hal/libresample/src_linear.32 (__adddf3)
D:/Users/Alex/Desktop/Banana/kernel/libsoftfp.a(sfdfcvt.o)
                              hal/libresample/samplerate.32 (__truncdfsf2)
D:/Users/Alex/Desktop/Banana/kernel/libk/libm32.a(s_fabs.c.o)
                              hal/libresample/samplerate.32 (fabs)
D:/Users/Alex/Desktop/Banana/kernel/libk/libm32.a(s_lrint.S.o)
                              hal/libresample/samplerate.32 (lrint)
D:/Users/Alex/Desktop/Banana/kernel/libk/libm32.a(s_lrintf.S.o)
                              hal/sound/sndhw.32 (lrintf)

Discarded input sections

 .comment       0x0000000000000000       0x12 /cygdrive/d/Users/Alex/Desktop/Toolchain/Output/bin/../lib/gcc/i386-banana/8.1.0/crtbegin.o
 .comment       0x0000000000000000       0x12 acpica/utclib.32
 .comment       0x0000000000000000       0x12 core/malloc.32
 .comment       0x0000000000000000       0x12 libk/string.32
 .comment       0x0000000000000000       0x12 fs/fat/diskio.32
 .comment       0x0000000000000000       0x12 fs/fat/ff.32
 .comment       0x0000000000000000       0x12 fs/fat/ffsystem.32
 .comment       0x0000000000000000       0x12 fs/fat/ffunicode.32
 .comment       0x0000000000000000       0x12 hal/libresample/samplerate.32
 .comment       0x0000000000000000       0x12 hal/libresample/src_linear.32
 .comment       0x0000000000000000       0x12 hal/libresample/src_sinc.32
 .comment       0x0000000000000000       0x12 hal/libresample/src_zoh.32
 .comment       0x0000000000000000       0x12 compat/inlines.32
 .group         0x0000000000000000       0x14 core/computer.32
 .group         0x0000000000000000        0xc core/computer.32
 .comment       0x0000000000000000       0x12 core/computer.32
 .comment       0x0000000000000000       0x12 core/gdt.32
 .group         0x0000000000000000        0xc core/idle.32
 .comment       0x0000000000000000       0x12 core/idle.32
 .comment       0x0000000000000000       0x12 core/idt.32
 .comment       0x0000000000000000       0x12 core/kheap.32
 .comment       0x0000000000000000       0x12 core/main.32
 .comment       0x0000000000000000       0x12 core/physmgr.32
 .group         0x0000000000000000        0xc core/pipe.32
 .comment       0x0000000000000000       0x12 core/pipe.32
 .group         0x0000000000000000        0xc core/terminal.32
 .comment       0x0000000000000000       0x12 core/terminal.32
 .comment       0x0000000000000000       0x12 core/tss.32
 .group         0x0000000000000000        0x8 core/unixfile.32
 .group         0x0000000000000000        0xc core/unixfile.32
 .group         0x0000000000000000        0xc core/unixfile.32
 .group         0x0000000000000000        0x8 core/unixfile.32
 .group         0x0000000000000000        0xc core/unixfile.32
 .group         0x0000000000000000        0x8 core/unixfile.32
 .group         0x0000000000000000        0xc core/unixfile.32
 .group         0x0000000000000000        0xc core/unixfile.32
 .comment       0x0000000000000000       0x12 core/unixfile.32
 .comment       0x0000000000000000       0x12 core/virtmgr.32
 .comment       0x0000000000000000       0x12 coreobjs/c++.32
 .comment       0x0000000000000000       0x12 dbg/kconsole.32
 .group         0x0000000000000000        0xc fs/vfs.32
 .group         0x0000000000000000        0xc fs/vfs.32
 .group         0x0000000000000000        0xc fs/vfs.32
 .comment       0x0000000000000000       0x12 fs/vfs.32
 .group         0x0000000000000000        0xc hal/bus.32
 .comment       0x0000000000000000       0x12 hal/bus.32
 .group         0x0000000000000000        0xc hal/buzzer.32
 .comment       0x0000000000000000       0x12 hal/buzzer.32
 .group         0x0000000000000000        0xc hal/clock.32
 .comment       0x0000000000000000       0x12 hal/clock.32
 .group         0x0000000000000000       0x14 hal/device.32
 .group         0x0000000000000000        0xc hal/device.32
 .group         0x0000000000000000        0xc hal/device.32
 .group         0x0000000000000000        0xc hal/device.32
 .group         0x0000000000000000        0xc hal/device.32
[...]
Memory Configuration

Name             Origin             Length             Attributes
*default*        0x0000000000000000 0xffffffffffffffff

Linker script and memory map

LOAD D:/Users/Alex/Desktop/Banana/kernel/boot.32
LOAD crti.32
LOAD /cygdrive/d/Users/Alex/Desktop/Toolchain/Output/bin/../lib/gcc/i386-banana/8.1.0/crtbegin.o
LOAD D:/Users/Alex/Desktop/Banana/kernel/morenasm.32
LOAD acpica/utclib.32
LOAD core/malloc.32
LOAD libk/string.32
LOAD fs/fat/diskio.32
LOAD fs/fat/ff.32
LOAD fs/fat/ffsystem.32
LOAD fs/fat/ffunicode.32
LOAD hal/libresample/samplerate.32
LOAD hal/libresample/src_linear.32
LOAD hal/libresample/src_sinc.32
LOAD hal/libresample/src_zoh.32
LOAD compat/inlines.32
LOAD core/computer.32
LOAD core/gdt.32
LOAD core/idle.32
LOAD core/idt.32
LOAD core/kheap.32
LOAD core/main.32
LOAD core/physmgr.32
LOAD core/pipe.32
LOAD core/terminal.32
LOAD core/tss.32
LOAD core/unixfile.32
LOAD core/virtmgr.32
LOAD coreobjs/c++.32
LOAD dbg/kconsole.32
LOAD fs/vfs.32
LOAD hal/bus.32
LOAD hal/buzzer.32
LOAD hal/clock.32
LOAD hal/device.32
LOAD hal/diskctrl.32
LOAD hal/diskphys.32
LOAD hal/fpu.32
LOAD hal/intctrl.32
LOAD hal/keybrd.32
LOAD hal/logidisk.32
LOAD hal/mouse.32
LOAD hal/partition.32
LOAD hal/serial.32
LOAD hal/timer.32
LOAD hal/vcache.32
LOAD hal/video.32
LOAD hw/acpi.32
LOAD hw/cpu.32
LOAD hw/ports.32
LOAD krnl/env.32
LOAD krnl/panic.32
LOAD net/ethernet.32
LOAD reg/registry.32
LOAD sys/sc_exit.32
LOAD sys/sc_getcwd.32
LOAD sys/sc_getpid.32
LOAD sys/sc_loaddll.32
LOAD sys/sc_read.32
LOAD sys/sc_sbrk.32
LOAD sys/sc_setcwd.32
LOAD sys/sc_write.32
LOAD sys/sc_yield.32
LOAD sys/syscalls.32
LOAD thr/elf.32
LOAD thr/prcssthr.32
LOAD vm86/vm8086.32
LOAD vm86/x87em.32
LOAD fs/fat/vfslink.32
LOAD fs/iso9660/vfslink.32
LOAD hal/sound/sndchannel.32
LOAD hal/sound/sndhw.32
LOAD hw/bus/isa.32
LOAD hw/bus/pci.32
LOAD hw/diskctrl/ide.32
LOAD hw/diskctrl/satabus.32
LOAD hw/diskphys/ata.32
LOAD hw/diskphys/atapi.32
LOAD hw/diskphys/sata.32
LOAD hw/fpu/avx.32
LOAD hw/fpu/mmx.32
LOAD hw/fpu/sse.32
LOAD hw/fpu/x87.32
LOAD hw/intctrl/apic.32
LOAD hw/intctrl/pic.32
LOAD hw/timer/apictimer.32
LOAD hw/timer/pit.32
LOAD hw/fpu/x86/avx.32
LOAD hw/fpu/x86/sse.32
LOAD hw/fpu/x86/x87.32
LOAD /cygdrive/d/Users/Alex/Desktop/Toolchain/Output/bin/../lib/gcc/i386-banana/8.1.0/crtend.o
LOAD crtn.32
LOAD /cygdrive/d/Users/Alex/Desktop/Toolchain/Output/bin/../lib/gcc/i386-banana/8.1.0/libkgcc.a
LOAD D:/Users/Alex/Desktop/Banana/kernel/libsoftfp.a
LOAD D:/Users/Alex/Desktop/Banana/kernel/libk/libm32.a
                0x00000000c0000000                . = 0xc0000000

.text           0x00000000c0000000    0x27088
 *(.text)
 .text          0x00000000c0000000       0x41 D:/Users/Alex/Desktop/Banana/kernel/boot.32
                0x00000000c0000020                callGlobalConstructors
 .text          0x00000000c0000041        0x0 crti.32
 *fill*         0x00000000c0000041        0x3 
 .text          0x00000000c0000044      0x101 /cygdrive/d/Users/Alex/Desktop/Toolchain/Output/bin/../lib/gcc/i386-banana/8.1.0/crtbegin.o
 *fill*         0x00000000c0000145        0xb 
 .text          0x00000000c0000150      0x4a2 D:/Users/Alex/Desktop/Banana/kernel/morenasm.32
                0x00000000c0000150                prepareTramp
                0x00000000c0000169                voodooXADD
                0x00000000c0000234                doTPAUSE
                0x00000000c000023e                hasLegacyFPU
                0x00000000c0000263                is486
                0x00000000c0000299                detectCPUID
                0x00000000c00002af                goToVM86
                0x00000000c00002df                goToUsermode
                0x00000000c0000309                switchToThreadASMFirstTime
                0x00000000c0000317                switchToThreadASM
                0x00000000c000039f                asmQuickAcquireLock
                0x00000000c00003bd                asmQuickReleaseLock
                0x00000000c00003c9                asmAcquireLock
                0x00000000c00003ea                asmReleaseLock
                0x00000000c00003fd                loadGDT
                0x00000000c000041d                isr0
                0x00000000c000042d                isr1
                0x00000000c0000437                isr2
                0x00000000c0000441                isr3
                0x00000000c000044b                isr4
                0x00000000c0000455                isr5
                0x00000000c000045f                isr6
                0x00000000c0000469                isr7
                0x00000000c0000473                isr8
                0x00000000c000047b                isr9
                0x00000000c0000485                isr10
                0x00000000c000048d                isr11
                0x00000000c0000495                isr12
                0x00000000c000049d                isr13
                0x00000000c00004a5                isr14
                0x00000000c00004ad                isr15
                0x00000000c00004b7                isr16
                0x00000000c00004c1                isr17
                0x00000000c00004cb                isr18
                0x00000000c00004d5                irq3
                0x00000000c00004df                irq4
                0x00000000c00004e9                irq5
                0x00000000c00004f3                irq6
                0x00000000c00004fd                irq7
                0x00000000c0000507                irq8
                0x00000000c0000511                irq9
                0x00000000c000051b                irq10
                0x00000000c0000525                irq11
                0x00000000c000052f                irq12
                0x00000000c0000539                irq13
                0x00000000c0000543                irq14
                0x00000000c000054d                irq15
                0x00000000c0000557                irq1
                0x00000000c000055e                irq2
                0x00000000c0000565                isr96
                0x00000000c000056c                irq0
                0x00000000c0000571                syscall_common_stub
                0x00000000c0000571                int_common_stub
                0x00000000c00005a2                irq16
                0x00000000c00005ac                irq17
                0x00000000c00005b6                irq18
                0x00000000c00005c0                irq19
                0x00000000c00005ca                irq20
                0x00000000c00005d4                irq21
                0x00000000c00005de                irq22
                0x00000000c00005e8                irq23
 .text          0x00000000c00005f2      0x40f acpica/utclib.32
                0x00000000c00005f2                memcmp
                0x00000000c000061d                memmove
                0x00000000c0000655                memcpy
                0x00000000c000068b                memset
                0x00000000c00006a8                strlen
                0x00000000c00006b8                strpbrk
                0x00000000c00006db                strtok
                0x00000000c000072a                strcpy
                0x00000000c000074a                strncpy
                0x00000000c000077b                strcmp
                0x00000000c000079c                strchr
                0x00000000c00007b2                strncmp
                0x00000000c00007e1                strcat
                0x00000000c0000808                strncat
                0x00000000c0000842                strstr
                0x00000000c000087f                toupper
                0x00000000c0000893                tolower
                0x00000000c00008a7                simple_strtoul
 .text          0x00000000c0000a01      0xfbf core/malloc.32
                0x00000000c0000b6c                dlfree
                0x00000000c0000ec7                dlmalloc
                0x00000000c0001404                dlrealloc
                0x00000000c00015b9                dlmemalign
                0x00000000c00016dc                dlcalloc
                0x00000000c0001776                dlcfree
                0x00000000c000177b                dlindependent_calloc
                0x00000000c00017a0                dlindependent_comalloc
                0x00000000c00017b7                dlvalloc
                0x00000000c00017e2                dlpvalloc
                0x00000000c0001818                dlmalloc_trim
                0x00000000c0001825                dlmalloc_usable_size
                0x00000000c0001856                dlmallinfo
                0x00000000c0001925                dlmalloc_stats
                0x00000000c0001936                dlmallopt
 .text          0x00000000c00019c0        0x0 libk/string.32
 .text          0x00000000c00019c0       0x51 fs/fat/diskio.32
                0x00000000c00019c0                disk_status
                0x00000000c00019c3                disk_initialize
                0x00000000c00019c6                disk_read
                0x00000000c00019dc                disk_write
                0x00000000c00019f2                disk_ioctl
 .text          0x00000000c0001a11     0x6833 fs/fat/ff.32
                0x00000000c0004cdf                f_mount
                0x00000000c0004d41                f_open
                0x00000000c000517d                f_read
                0x00000000c00053fd                f_write
                0x00000000c00056b7                f_sync
                0x00000000c0005893                f_close
                0x00000000c00058c2                f_lseek
                0x00000000c0005d79                f_opendir
                0x00000000c0005e7b                f_closedir
                0x00000000c0005e9d                f_readdir
                0x00000000c0005f38                f_stat
                0x00000000c0005fc7                f_getfree
                0x00000000c0006192                f_truncate
                0x00000000c000628a                f_unlink
                0x00000000c000640d                f_mkdir
                0x00000000c0006639                f_rename
                0x00000000c000692c                f_chmod
                0x00000000c0006a0a                f_utime
                0x00000000c0006ae8                f_getlabel
                0x00000000c0006cd6                f_setlabel
                0x00000000c0006f43                f_forward
                0x00000000c0007121                f_mkfs
 .text          0x00000000c0008244       0x2d fs/fat/ffsystem.32
                0x00000000c0008244                ff_memalloc
                0x00000000c000825a                ff_memfree
 .text          0x00000000c0008271      0x253 fs/fat/ffunicode.32
                0x00000000c0008271                ff_uni2oem
                0x00000000c0008301                ff_oem2uni
                0x00000000c000836d                ff_wtoupper
 .text          0x00000000c00084c4      0x8fb hal/libresample/samplerate.32
                0x00000000c0008508                src_delete
                0x00000000c0008544                src_process
                0x00000000c00086fa                src_callback_read
                0x00000000c0008877                src_set_ratio
                0x00000000c00088e1                src_get_channels
                0x00000000c0008903                src_reset
                0x00000000c000894f                src_new
                0x00000000c00089dd                src_callback_new
                0x00000000c0008a3f                src_get_name
                0x00000000c0008a76                src_get_description
                0x00000000c0008aad                src_get_version
                0x00000000c0008ab3                src_is_valid_ratio
                0x00000000c0008b07                src_error
                0x00000000c0008b15                src_strerror
                0x00000000c0008b28                src_simple
                0x00000000c0008b7b                src_short_to_float_array
                0x00000000c0008be0                src_float_to_short_array
                0x00000000c0008c9f                src_int_to_float_array
                0x00000000c0008d02                src_float_to_int_array
 .text          0x00000000c0008dbf      0x8cb hal/libresample/src_linear.32
                0x00000000c00095e5                linear_get_name
                0x00000000c00095f4                linear_get_description
                0x00000000c0009603                linear_set_converter
 .text          0x00000000c000968a     0x447c hal/libresample/src_sinc.32
                0x00000000c000da1d                sinc_get_name
                0x00000000c000da30                sinc_get_description
                0x00000000c000da43                sinc_set_converter
 .text          0x00000000c000db06      0x77c hal/libresample/src_zoh.32
                0x00000000c000e1dd                zoh_get_name
                0x00000000c000e1ec                zoh_get_description
                0x00000000c000e1fb                zoh_set_converter
 .text          0x00000000c000e282       0x23 compat/inlines.32
                0x00000000c000e282                CPU::current()
                0x00000000c000e28f                operator new(unsigned long)
 *fill*         0x00000000c000e2a5        0x1 
 .text          0x00000000c000e2a6      0xa0b core/computer.32
                0x00000000c000e2a6                Computer::close(int, int, void*)
                0x00000000c000e2ea                Computer::Computer()
                0x00000000c000e2ea                Computer::Computer()
                0x00000000c000e446                Computer::setBootMessage(char const*)
                0x00000000c000e448                Computer::start()
                0x00000000c000e51e                firstTask()
                0x00000000c000e52c                Computer::detectFeatures()
                0x00000000c000e736                Computer::displayFeatures()
                0x00000000c000ea7c                Computer::rdmsr(unsigned int)
                0x00000000c000eaa8                Computer::wrmsr(unsigned int, unsigned long long)
                0x00000000c000eae0                Computer::nmiEnabled()
                0x00000000c000eaec                Computer::readCMOS(unsigned char)
                0x00000000c000eb06                Computer::enableNMI(bool)
                0x00000000c000eb1e                Computer::open(int, int, void*)
                0x00000000c000ebf4                Computer::disableNMI()
                0x00000000c000ec02                Computer::writeCMOS(unsigned char, unsigned char)
                0x00000000c000ec20                Computer::handleNMI()
                0x00000000c000ec86                Computer::setDiskActivityLight(int, bool)
 *fill*         0x00000000c000ecb1        0x1 
 .text          0x00000000c000ecb2      0x1b7 core/gdt.32
                0x00000000c000ecb2                GDTEntry::setBase(unsigned int)
                0x00000000c000ecce                GDTEntry::setLimit(unsigned int)
                0x00000000c000ecec                GDT::GDT()
                0x00000000c000ecec                GDT::GDT()
                0x00000000c000ed02                GDT::addEntry(GDTEntry)
                0x00000000c000ed3e                GDT::getNumberOfEntries()
                0x00000000c000ed46                GDT::flush()
                0x00000000c000ed68                GDT::setup()
 .text          0x00000000c000ee69       0x62 core/idle.32
                0x00000000c000ee69                idleFunction(void*)
 *fill*         0x00000000c000eecb        0x1 
 .text          0x00000000c000eecc      0x45f core/idt.32
                0x00000000c000eecc                IDTEntry::IDTEntry(bool)
                0x00000000c000eecc                IDTEntry::IDTEntry(bool)
                0x00000000c000ef3a                IDTEntry::setOffset(unsigned int)
                0x00000000c000ef4e                IDT::IDT()
                0x00000000c000ef4e                IDT::IDT()
                0x00000000c000ef50                IDT::getPointerToInvalidOpcodeEntryForF00F()
                0x00000000c000ef58                IDT::addEntry(IDTEntry, int)
                0x00000000c000ef72                IDT::addEntry(int, void (*)(), bool)
                0x00000000c000efaa                IDT::flush()
                0x00000000c000efc4                IDT::setup()
 .text          0x00000000c000f32b      0x203 core/kheap.32
                0x00000000c000f32b                sbrk
                0x00000000c000f439                mmap
                0x00000000c000f44f                munmap
                0x00000000c000f465                liballoc_lock()
                0x00000000c000f476                liballoc_unlock()
                0x00000000c000f487                liballoc_alloc(int)
                0x00000000c000f4a2                liballoc_free(void*, int)
                0x00000000c000f4c0                realloc
                0x00000000c000f4d4                malloc
                0x00000000c000f4e4                free
                0x00000000c000f4f4                rfree
                0x00000000c000f504                calloc
 .text          0x00000000c000f52e      0x3f7 core/main.32
                0x00000000c000f52e                hwTextMode_loadInData(VgaText*)
                0x00000000c000f579                hwTextMode_loadInTitle(VgaText*, char*)
                0x00000000c000f5c0                hwTextMode_showCursor(VgaText*, bool)
                0x00000000c000f614                hwTextMode_update(VgaText*)
                0x00000000c000f615                hwTextMode_updateCursor(VgaText*)
                0x00000000c000f65d                hwTextMode_disableBlink(VgaText*, bool)
                0x00000000c000f699                hwTextMode_scrollScreen(VgaText*)
                0x00000000c000f725                hwTextMode_writeCharacter(VgaText*, char, VgaColour, VgaColour, int, int)
                0x00000000c000f785                setupTextMode()
                0x00000000c000f82d                kernel_main
 .text          0x00000000c000f925      0x54d core/physmgr.32
                0x00000000c000f925                Phys::allocateDMA(unsigned long)
                0x00000000c000f9c8                Phys::freeDMA(unsigned long, unsigned long)
                0x00000000c000fa10                Phys::setPageState(unsigned long, bool)
                0x00000000c000fa42                Phys::getPageState(unsigned long)
                0x00000000c000fa5e                Phys::freePage(unsigned long)
                0x00000000c000fae8                Phys::allocatePage()
                0x00000000c000fbb0                Phys::allocateContiguousPages(int)
                0x00000000c000fc0a                Phys::allowSegmentToBeUsed(unsigned long, unsigned long)
                0x00000000c000fc42                Phys::physicalMemorySetup(unsigned int)
 .text          0x00000000c000fe72      0x273 core/pipe.32
                0x00000000c000fe72                Pipe::isAtty()
                0x00000000c000fe76                Pipe::~Pipe()
                0x00000000c000fe76                Pipe::~Pipe()
                0x00000000c000fe9a                Pipe::~Pipe()
                0x00000000c000fec2                Pipe::read(unsigned long long, void*, int*)
                0x00000000c000ffb6                Pipe::write(unsigned long long, void*, int*)
                0x00000000c001007e                Pipe::Pipe(int)
                0x00000000c001007e                Pipe::Pipe(int)
 *fill*         0x00000000c00100e5        0x1 
 .text          0x00000000c00100e6     0x101b core/terminal.32
                0x00000000c00100e6                VgaText::isAtty()
                0x00000000c00100ea                VgaText::~VgaText()
                0x00000000c00100ea                VgaText::~VgaText()
                0x00000000c001010e                VgaText::~VgaText()
                0x00000000c0010138                VgaText::read(unsigned long long, void*, int*)
                0x00000000c0010158                setTerminalScrollLock(bool)
                0x00000000c0010159                addToTerminalCycle(VgaText*)
                0x00000000c0010186                installVgaTextImplementation()
                0x00000000c001019b                scrollTerminalScrollLock(int)
                0x00000000c001019c                VgaText::load()
                0x00000000c00101f0                VgaText::updateCursor()
                0x00000000c001020a                VgaText::showCursor(bool)
                0x00000000c001021a                VgaText::disableBlink(bool)
                0x00000000c0010254                VgaText::doANSI_SGR(int)
                0x00000000c00102e0                VgaText::setDefaultBgColour(VgaColour)
                0x00000000c00102f6                VgaText::setDefaultFgColour(VgaColour)
                0x00000000c001030c                VgaText::setDefaultColours(VgaColour, VgaColour)
                0x00000000c001032c                VgaText::combineColours(unsigned char, unsigned char)
                0x00000000c001034a                VgaText::scrollScreen()
                0x00000000c00103e6                VgaText::combineCharAndColour(char, unsigned char)
                0x00000000c00103f8                VgaText::writeCharacter(char, VgaColour, VgaColour, int, int)
                0x00000000c0010458                VgaText::getCursorX()
                0x00000000c0010464                VgaText::getCursorY()
                0x00000000c0010470                VgaText::setCursor(int, int)
                0x00000000c001048e                VgaText::setCursorX(int)
                0x00000000c00104aa                VgaText::setCursorY(int)
                0x00000000c00104c6                VgaText::incrementCursor(bool)
                0x00000000c001052e                VgaText::updateRAMUsageDisplay(int)
                0x00000000c00105ae                VgaText::updateDiskUsage()
                0x00000000c0010790                VgaText::updateTitle()
                0x00000000c00107d6                VgaText::setTitleTextColour(VgaColour)
                0x00000000c00107e6                VgaText::setTitleColour(VgaColour)
                0x00000000c00107f6                VgaText::setTitle(char*)
                0x00000000c001081c                VgaText::decrementCursor(bool)
                0x00000000c0010844                VgaText::putchar(char, VgaColour, VgaColour)
                0x00000000c0010940                VgaText::isShowingCursor()
                0x00000000c001094c                VgaText::isBlinkDisabled()
                0x00000000c001095a                VgaText::setCursorHeight(int)
                0x00000000c0010978                VgaText::getCursorHeight()
                0x00000000c0010983                setActiveTerminal(VgaText*)
                0x00000000c0010a35                doTerminalCycle()
                0x00000000c0010a52                VgaText::doUpdate()
                0x00000000c0010a64                VgaText::puts(char const*, VgaColour, VgaColour)
                0x00000000c0010c24                VgaText::clearScreen()
                0x00000000c0010c88                VgaText::putchar(char)
                0x00000000c0010da2                VgaText::puts(char const*)
                0x00000000c0010dc8                VgaText::putx(unsigned int)
                0x00000000c0010e0e                VgaText::VgaText(char const*)
                0x00000000c0010e0e                VgaText::VgaText(char const*)
                0x00000000c0010fa0                VgaText::receiveKey(unsigned char)
                0x00000000c0011088                VgaText::write(unsigned long long, void*, int*)
                0x00000000c00110dc                newTerminal(char*)
 *fill*         0x00000000c0011101        0x1 
 .text          0x00000000c0011102      0x1b3 core/tss.32
                0x00000000c0011102                TSS::TSS()
                0x00000000c0011102                TSS::TSS()
                0x00000000c0011110                TSS::setESP(unsigned long)
                0x00000000c0011122                TSS::flush()
                0x00000000c0011142                TSS::setup(unsigned long, unsigned long)
 *fill*         0x00000000c00112b5        0x1 
 .text          0x00000000c00112b6      0x4c2 core/unixfile.32
                0x00000000c00112b6                ReservedFilename::read(unsigned long long, void*, int*)
                0x00000000c001130c                ReservedFilename::isAtty()
                0x00000000c0011328                ReservedFilename::write(unsigned long long, void*, int*)
                0x00000000c0011386                UnixFile::getFileDescriptor()
                0x00000000c001138e                UnixFile::UnixFile(int)
                0x00000000c001138e                UnixFile::UnixFile(int)
                0x00000000c001153e                ReservedFilename::ReservedFilename(int)
                0x00000000c001153e                ReservedFilename::ReservedFilename(int)
                0x00000000c0011570                UnixFile::~UnixFile()
                0x00000000c0011570                UnixFile::~UnixFile()
                0x00000000c0011608                UnixFile::~UnixFile()
                0x00000000c0011630                ReservedFilename::~ReservedFilename()
                0x00000000c0011630                ReservedFilename::~ReservedFilename()
                0x00000000c0011654                ReservedFilename::~ReservedFilename()
                0x00000000c001167b                getFromFileDescriptor(int)
 .text          0x00000000c0011778      0xee3 core/virtmgr.32
                0x00000000c0011778                Virt::setPageState(unsigned long, Virt::VirtPageState)
                0x00000000c00117ad                Virt::getPageState(unsigned long)
                0x00000000c00117d1                Virt::allocateKernelVirtualPages(int)
                0x00000000c00118e2                Virt::virtualMemorySetup()
                0x00000000c0011961                Virt::getAKernelVAS()
                0x00000000c0011967                Virt::setupPageSwapping(int)
                0x00000000c0011a96                VAS::VAS()
                0x00000000c0011a96                VAS::VAS()
                0x00000000c0011ac6                VAS::VAS(VAS*)
                0x00000000c0011ac6                VAS::VAS(VAS*)
                0x00000000c0011aea                VAS::getForeignPageTableEntry(bool, unsigned long)
                0x00000000c0011b16                VAS::getPageTableEntry(unsigned long)
                0x00000000c0011b35                Virt::freeKernelVirtualPages(unsigned long)
                0x00000000c0011c58                VAS::freeAllocatedPages(unsigned long)
                0x00000000c0011c7c                VAS::virtualToPhysical(unsigned long)
                0x00000000c0011c94                VAS::reflagRange(unsigned long, int, int, int)
                0x00000000c0011cd4                VAS::setToWriteCombining(unsigned long, int)
                0x00000000c0011d06                VAS::mapOtherVASIn(bool, VAS*)
                0x00000000c0011d30                VAS::~VAS()
                0x00000000c0011d30                VAS::~VAS()
                0x00000000c0011e9c                VAS::mapPage(unsigned long, unsigned long, int)
                0x00000000c0011f9c                VAS::allocatePages(int, int)
                0x00000000c0012174                VAS::setCPUSpecific(unsigned long)
                0x00000000c0012190                VAS::mapRange(unsigned long, unsigned long, int, int)
                0x00000000c0012256                VAS::mapForeignPage(bool, VAS*, unsigned long, unsigned long, int)
                0x00000000c0012344                VAS::VAS(bool)
                0x00000000c0012344                VAS::VAS(bool)
                0x00000000c001259f                mapVASFirstTime
 .text          0x00000000c001265b       0x95 coreobjs/c++.32
                0x00000000c001265b                __cxa_atexit
                0x00000000c001265e                __cxa_finalize
                0x00000000c001265f                __stack_chk_fail
                0x00000000c00126cb                __cxa_pure_virtual
                0x00000000c00126dc                operator new[](unsigned long)
                0x00000000c00126e1                operator delete(void*, unsigned long)
                0x00000000c00126e6                operator delete[](void*)
                0x00000000c00126eb                operator delete[](void*, unsigned long)
 .text          0x00000000c00126f0      0x1ef dbg/kconsole.32
                0x00000000c00126f0                Dbg::stringifyxWithBase(unsigned int, char*, int)
                0x00000000c0012751                Dbg::logc(char)
                0x00000000c0012768                Dbg::logs(char*)
                0x00000000c0012785                Dbg::logWriteInt(unsigned int)
                0x00000000c00127a2                Dbg::logWriteIntBase(unsigned int, int)
                0x00000000c00127c1                Dbg::kprintf(char const*, ...)
 *fill*         0x00000000c00128df        0x1 
 .text          0x00000000c00128e0      0xb7c fs/vfs.32
                0x00000000c00128e0                File::read(unsigned long long, void*, int*)
                0x00000000c0012938                File::write(unsigned long long, void*, int*)
                0x00000000c0012990                Directory::read(unsigned long long, void*, int*)
                0x00000000c00129e8                Directory::write(unsigned long long, void*, int*)
                0x00000000c0012a16                File::isAtty()
                0x00000000c0012a1a                Directory::isAtty()
                0x00000000c0012a1e                Filesystem::getlabel(LogicalDisk*, int, char*, unsigned int*)
                0x00000000c0012a24                Filesystem::setlabel(LogicalDisk*, int, char*)
                0x00000000c0012a2a                File::~File()
                0x00000000c0012a2a                File::~File()
                0x00000000c0012a4e                File::~File()
                0x00000000c0012a78                Directory::~Directory()
                0x00000000c0012a78                Directory::~Directory()
                0x00000000c0012a9c                Directory::~Directory()
                0x00000000c0012ac6                Filesystem::Filesystem()
                0x00000000c0012ac6                Filesystem::Filesystem()
                0x00000000c0012aea                Filesystem::~Filesystem()
                0x00000000c0012aea                Filesystem::~Filesystem()
                0x00000000c0012af8                Filesystem::~Filesystem()
                0x00000000c0012b1c                initVFS()
                0x00000000c0012b46                standardiseFiles(char*, char const*, char const*)
                0x00000000c0012cf0                File::File(char const*, Process*)
                0x00000000c0012cf0                File::File(char const*, Process*)
                0x00000000c0012d54                File::open(FileOpenMode)
                0x00000000c0012db2                File::close()
                0x00000000c0012e12                File::seek(unsigned long long)
                0x00000000c0012e68                File::tell(unsigned long long*)
                0x00000000c0012eb8                File::rewind()
                0x00000000c0012ecc                File::unlink()
                0x00000000c0012f18                File::rename(char const*)
                0x00000000c0012f66                File::chfatattr(unsigned char, unsigned char)
                0x00000000c0012fc2                File::exists()
                0x00000000c0013000                File::stat(unsigned long long*, bool*)
                0x00000000c0013061                getcwd(Process*, char*, int)
                0x00000000c001308b                setcwd(Process*, char*)
                0x00000000c00131c6                Directory::Directory(char const*, Process*)
                0x00000000c00131c6                Directory::Directory(char const*, Process*)
                0x00000000c001322a                Directory::open()
                0x00000000c0013286                Directory::close()
                0x00000000c00132e6                Directory::unlink()
                0x00000000c0013332                Directory::rename(char const*)
                0x00000000c0013380                Directory::exists()
                0x00000000c00133be                Directory::read(dirent*)
                0x00000000c001340a                Directory::create()
                0x00000000c0013456                Filesystem::chfatattr(char const*, unsigned char, unsigned char)
 .text          0x00000000c001345c       0x84 hal/bus.32
                0x00000000c001345c                Bus::Bus(char const*)
                0x00000000c001345c                Bus::Bus(char const*)
                0x00000000c0013492                Bus::~Bus()
                0x00000000c0013492                Bus::~Bus()
                0x00000000c00134b6                Bus::~Bus()
 .text          0x00000000c00134e0      0x14e hal/buzzer.32
                0x00000000c00134e0                Buzzer::Buzzer(char const*)
                0x00000000c00134e0                Buzzer::Buzzer(char const*)
                0x00000000c0013524                Buzzer::~Buzzer()
                0x00000000c0013524                Buzzer::~Buzzer()
                0x00000000c0013548                Buzzer::~Buzzer()
                0x00000000c0013572                Buzzer::stop()
                0x00000000c0013585                beepThread(void*)
                0x00000000c00135c0                Buzzer::beep(int, int, bool)
 .text          0x00000000c001362e      0x42f hal/clock.32
                0x00000000c001362e                loadClockSettings()
                0x00000000c0013648                Clock::Clock(char const*)
                0x00000000c0013648                Clock::Clock(char const*)
                0x00000000c001367e                Clock::~Clock()
                0x00000000c001367e                Clock::~Clock()
                0x00000000c00136a2                Clock::~Clock()
                0x00000000c00136cc                Clock::timeInSecondsLocal()
                0x00000000c0013714                Clock::setTimeInSecondsLocal(unsigned long long)
                0x00000000c001376d                datetimeToSeconds(datetime_t)
                0x00000000c0013894                Clock::setTimeInDatetimeLocal(datetime_t)
                0x00000000c00138f4                secondsToDatetime(unsigned long long)
                0x00000000c0013a38                Clock::timeInDatetimeLocal()
 *fill*         0x00000000c0013a5d        0x1 
 .text          0x00000000c0013a5e      0x4de hal/device.32
                0x00000000c0013a5e                Device::hibernate()
                0x00000000c0013a60                Device::wake()
                0x00000000c0013a62                Device::detect()
                0x00000000c0013a64                Device::disableLegacy()
                0x00000000c0013a66                Device::powerSaving(PowerSavingLevel)
                0x00000000c0013a68                DriverlessDevice::close(int, int, void*)
                0x00000000c0013a6c                DriverlessDevice::detect()
                0x00000000c0013a6e                DriverlessDevice::open(int, int, void*)
                0x00000000c0013a82                Device::~Device()
                0x00000000c0013a82                Device::~Device()
                0x00000000c0013a90                Device::~Device()
                0x00000000c0013ab8                Device::findAndLoadDriver()
                0x00000000c0013aba                Device::preOpenPCI(PCIDeviceInfo)
                0x00000000c0013ae0                Device::preOpenACPI(void*, char*, char*)
                0x00000000c0013b34                Device::addIRQHandler(int, void (*)(regs*, void*), bool, void*)
                0x00000000c0013b72                Device::removeIRQHandler(int, void (*)(regs*, void*), bool)
                0x00000000c0013bb0                Device::addChild(Device*)
                0x00000000c0013bf4                Device::removeAllChildren()
                0x00000000c0013c3a                Device::hibernateAll()
                0x00000000c0013c6a                Device::wakeAll()
                0x00000000c0013c9a                Device::detectAll()
                0x00000000c0013cca                Device::disableLegacyAll()
                0x00000000c0013cfa                Device::loadDriversForAll()
                0x00000000c0013d26                Device::closeAll()
                0x00000000c0013d5c                Device::powerSavingAll(PowerSavingLevel)
                0x00000000c0013d92                Device::setName(char const*)
                0x00000000c0013da0                Device::Device(char const*)
                0x00000000c0013da0                Device::Device(char const*)
                0x00000000c0013e9c                Device::getName()
                0x00000000c0013ea6                DriverlessDevice::DriverlessDevice(char const*)
                0x00000000c0013ea6                DriverlessDevice::DriverlessDevice(char const*)
                0x00000000c0013ece                Device::addToLinkedList(LinkedList<Device>&, DeviceType)
                0x00000000c0013f12                getDevicesOfType(DeviceType)
 .text          0x00000000c0013f3c       0x84 hal/diskctrl.32
                0x00000000c0013f3c                HardDiskController::HardDiskController(char const*)
                0x00000000c0013f3c                HardDiskController::HardDiskController(char const*)
                0x00000000c0013f72                HardDiskController::~HardDiskController()
                0x00000000c0013f72                HardDiskController::~HardDiskController()
                0x00000000c0013f96                HardDiskController::~HardDiskController()
 .text          0x00000000c0013fc0       0xde hal/diskphys.32
                0x00000000c0013fc0                PhysicalDisk::PhysicalDisk(char const*, int)
                0x00000000c0013fc0                PhysicalDisk::PhysicalDisk(char const*, int)
                0x00000000c0014028                PhysicalDisk::startCache()
                0x00000000c0014050                PhysicalDisk::~PhysicalDisk()
                0x00000000c0014050                PhysicalDisk::~PhysicalDisk()
                0x00000000c0014074                PhysicalDisk::~PhysicalDisk()
 .text          0x00000000c001409e      0x13b hal/fpu.32
                0x00000000c001409e                FPU::FPU(char const*)
                0x00000000c001409e                FPU::FPU(char const*)
                0x00000000c00140d4                FPU::~FPU()
                0x00000000c00140d4                FPU::~FPU()
                0x00000000c00140f8                FPU::~FPU()
                0x00000000c0014122                setupFPU()
 *fill*         0x00000000c00141d9        0x1 
 .text          0x00000000c00141da     0x12b1 hal/intctrl.32
                0x00000000c00141da                InterruptController::uninstallISRHandler(int, void (*)(regs*, void*))
                0x00000000c0014212                InterruptController::installISRHandler(int, void (*)(regs*, void*), void*)
                0x00000000c0014264                doubleFault(regs*, void*)
                0x00000000c001427e                InterruptController::installIRQHandler(int, void (*)(regs*, void*), bool, void*)
                0x00000000c001431a                InterruptController::clearAllHandlers(int, bool)
                0x00000000c00143c2                InterruptController::uninstallIRQHandler(int, void (*)(regs*, void*), bool)
                0x00000000c0014449                nmiHandler(regs*, void*)
                0x00000000c0014457                int_handler
                0x00000000c00144f8                InterruptController::InterruptController(char const*)
                0x00000000c00144f8                InterruptController::InterruptController(char const*)
                0x00000000c001459e                InterruptController::~InterruptController()
                0x00000000c001459e                InterruptController::~InterruptController()
                0x00000000c00145c2                InterruptController::~InterruptController()
                0x00000000c00145ec                displayDebugInfo(regs*)
                0x00000000c00149f1                x87EmulHandler(regs*, void*)
                0x00000000c0014a20                gpFault(regs*, void*)
                0x00000000c0014a59                pgFault(regs*, void*)
                0x00000000c0014a70                otherISRHandler(regs*, void*)
                0x00000000c0014a8f                opcodeFault(regs*, void*)
                0x00000000c001504e                displayProgramFault(char const*)
                0x00000000c0015076                setupInterruptController()
                0x00000000c001543e                InterruptController::convertLegacyIRQNumber(int)
 *fill*         0x00000000c001548b        0x1 
 .text          0x00000000c001548c      0x69a hal/keybrd.32
                0x00000000c001548c                startGUI(void*)
                0x00000000c00154e8                startGUIVESA(void*)
                0x00000000c0015544                sendKeyToTerminal(unsigned char)
                0x00000000c00155b0                sendKeyboardToken(KeyboardToken)
                0x00000000c00159c0                clearInternalKeybuffer(VgaText*)
                0x00000000c00159f5                readKeyboard(VgaText*, char*, unsigned long)
                0x00000000c0015a9c                Keyboard::Keyboard(char const*)
                0x00000000c0015a9c                Keyboard::Keyboard(char const*)
                0x00000000c0015ad8                Keyboard::~Keyboard()
                0x00000000c0015ad8                Keyboard::~Keyboard()
                0x00000000c0015afc                Keyboard::~Keyboard()
 .text          0x00000000c0015b26      0x400 hal/logidisk.32
                0x00000000c0015b26                LogicalDisk::close(int, int, void*)
                0x00000000c0015b2a                LogicalDisk::~LogicalDisk()
                0x00000000c0015b2a                LogicalDisk::~LogicalDisk()
                0x00000000c0015b4e                LogicalDisk::~LogicalDisk()
                0x00000000c0015b78                LogicalDisk::open(int, int, void*)
                0x00000000c0015b8c                LogicalDisk::absoluteToRelative(unsigned long long)
                0x00000000c0015bc4                LogicalDisk::relativeToAbsolute(unsigned long long)
                0x00000000c0015c0a                LogicalDisk::LogicalDisk(char const*, PhysicalDisk*, unsigned long long, unsigned long long)
                0x00000000c0015c0a                LogicalDisk::LogicalDisk(char const*, PhysicalDisk*, unsigned long long, unsigned long long)
                0x00000000c0015cc0                LogicalDisk::assignDriveLetter()
                0x00000000c0015d76                LogicalDisk::mount()
                0x00000000c0015de8                LogicalDisk::unmount()
                0x00000000c0015df8                LogicalDisk::unassignDriveLetter()
                0x00000000c0015e4e                LogicalDisk::read(unsigned long long, int, void*)
                0x00000000c0015eba                LogicalDisk::write(unsigned long long, int, void*)
 .text          0x00000000c0015f26       0x84 hal/mouse.32
                0x00000000c0015f26                Mouse::Mouse(char const*)
                0x00000000c0015f26                Mouse::Mouse(char const*)
                0x00000000c0015f5c                Mouse::~Mouse()
                0x00000000c0015f5c                Mouse::~Mouse()
                0x00000000c0015f80                Mouse::~Mouse()
 .text          0x00000000c0015faa      0x339 hal/partition.32
                0x00000000c0015faa                makePartition(PhysicalDisk*, unsigned long long, unsigned long long)
                0x00000000c0016052                createPartitionsForDisk(PhysicalDisk*)
 *fill*         0x00000000c00162e3        0x1 
 .text          0x00000000c00162e4       0x84 hal/serial.32
                0x00000000c00162e4                Serial::Serial(char const*)
                0x00000000c00162e4                Serial::Serial(char const*)
                0x00000000c001631a                Serial::~Serial()
                0x00000000c001631a                Serial::~Serial()
                0x00000000c001633e                Serial::~Serial()
 .text          0x00000000c0016368      0x2b8 hal/timer.32
                0x00000000c0016368                Timer::Timer(char const*)
                0x00000000c0016368                Timer::Timer(char const*)
                0x00000000c001639e                Timer::~Timer()
                0x00000000c001639e                Timer::~Timer()
                0x00000000c00163c2                Timer::~Timer()
                0x00000000c00163ec                Timer::read()
                0x00000000c00163f7                timerHandler(unsigned long long)
                0x00000000c001652e                setupTimer(int)
 .text          0x00000000c0016620      0x2db hal/vcache.32
                0x00000000c0016620                VCache::VCache(PhysicalDisk*)
                0x00000000c0016620                VCache::VCache(PhysicalDisk*)
                0x00000000c001671a                VCache::writeWriteBuffer()
                0x00000000c0016756                VCache::~VCache()
                0x00000000c0016756                VCache::~VCache()
                0x00000000c0016796                VCache::~VCache()
                0x00000000c00167be                VCache::write(unsigned long long, int, void*)
                0x00000000c00168a2                VCache::read(unsigned long long, int, void*)
 *fill*         0x00000000c00168fb        0x1 
 .text          0x00000000c00168fc      0x4cd hal/video.32
                0x00000000c00168fc                Video::putrect(int, int, int, int, unsigned int)
                0x00000000c0016948                Video::bitblit(int, int, int, int, int, int, int, unsigned int*)
                0x00000000c00169b8                Video::blit(unsigned int*, int, int, int, int)
                0x00000000c0016a36                Video::clearScreen(unsigned int)
                0x00000000c0016a6a                Video::putpixel(int, int, unsigned int)
                0x00000000c0016a78                Video::Video(char const*)
                0x00000000c0016a78                Video::Video(char const*)
                0x00000000c0016aae                Video::~Video()
                0x00000000c0016aae                Video::~Video()
                0x00000000c0016ad2                Video::~Video()
                0x00000000c0016afc                Video::isMonochrome()
                0x00000000c0016b08                Video::getWidth()
                0x00000000c0016b14                Video::getHeight()
                0x00000000c0016b20                Video::drawCursor(int, int, unsigned char*, int)
                0x00000000c0016bdc                Video::tgaParse(unsigned char*, int, int*, int*)
                0x00000000c0016d5e                Video::putTGA(int, int, unsigned char*, int)
 *fill*         0x00000000c0016dc9        0x1 
 .text          0x00000000c0016dca      0xe28 hw/acpi.32
                0x00000000c0016dca                ACPI::close(int, int, void*)
                0x00000000c0016e7f                findRSDP()
                0x00000000c0016f09                loadACPITables(unsigned char*)
                0x00000000c0017130                findRSDT(unsigned char*)
                0x00000000c001724e                findDataTable(unsigned char*, char*)
                0x00000000c00172ea                scanMADT()
                0x00000000c0017770                ACPI::ACPI()
                0x00000000c0017770                ACPI::ACPI()
                0x00000000c00177d0                ACPI::getPCIIRQAssignment(unsigned char, unsigned short, unsigned char)
                0x00000000c00178b2                ACPI::registerPCIIRQAssignment(void*, unsigned short, unsigned char, unsigned char)
                0x00000000c00179b8                ACPI::setScreenBrightnessLevel(void*, int)
                0x00000000c00179be                ACPI::writeSimpleBootFlag(SimpleBootFlagTable*)
                0x00000000c0017a06                ACPI::open(int, int, void*)
                0x00000000c0017bda                ACPI::sleep()
 .text          0x00000000c0017bf2     0x1715 hw/cpu.32
                0x00000000c0017bf2                CPU::close(int, int, void*)
                0x00000000c0017bf6                CPU::lookupAMDName(unsigned char, unsigned char)
                0x00000000c0017d8a                CPU::lookupIntelName(unsigned char, unsigned char)
                0x00000000c0018038                CPU::AMD_K6_write_msr(unsigned int, unsigned int, unsigned int, CPU::REGS*)
                0x00000000c0018054                CPU::AMD_K6_read_msr(unsigned int, CPU::REGS*)
                0x00000000c001806c                CPU::AMD_K6_writeback(int, int, int)
                0x00000000c00180e0                CPU::cpuid(int, unsigned long*, unsigned long*, unsigned long*, unsigned long*)
                0x00000000c0018164                CPU::cpuidCheckEDX(unsigned int)
                0x00000000c0018192                CPU::cpuidCheckECX(unsigned int)
                0x00000000c00181c0                CPU::cpuidCheckExtendedEBX(unsigned int)
                0x00000000c00181ee                CPU::cpuidCheckExtendedECX(unsigned int)
                0x00000000c001821c                CPU::CPU()
                0x00000000c001821c                CPU::CPU()
                0x00000000c00182aa                CPU::displayFeatures()
                0x00000000c0018526                CPU::detectFeatures()
                0x00000000c0018f16                CPU::setupSMEP()
                0x00000000c0018f22                CPU::setupUMIP()
                0x00000000c0018f2c                CPU::setupTSC()
                0x00000000c0018f36                CPU::setupLargePages()
                0x00000000c0018f40                CPU::setupPAT()
                0x00000000c0018f7c                CPU::setupMTRR()
                0x00000000c0018f7e                CPU::setupGlobalPages()
                0x00000000c0018f88                CPU::allowUsermodeDataAccess()
                0x00000000c0018f9a                CPU::prohibitUsermodeDataAccess()
                0x00000000c0018fac                CPU::setupSMAP()
                0x00000000c0018fba                CPU::setupFeatures()
                0x00000000c001903a                CPU::open(int, int, void*)
                0x00000000c001910c                CPU::decodeAddress(regs*, int*, bool*, unsigned char*)
 .text          0x00000000c0019307        0x0 hw/ports.32
 *fill*         0x00000000c0019307        0x1 
 .text          0x00000000c0019308      0x5d3 krnl/env.32
                0x00000000c0019308                EnvVarContainer::getEnv(char const*)
                0x00000000c0019346                EnvVarContainer::setEnv(char const*, char const*)
                0x00000000c0019412                EnvVarContainer::deleteEnv(char const*)
                0x00000000c0019414                EnvVarContainer::loadFrom(char const*, char const*)
                0x00000000c001960a                EnvVarContainer::__loadSystem()
                0x00000000c0019624                EnvVarContainer::__loadUser()
                0x00000000c0019626                EnvVarContainer::EnvVarContainer(Process*)
                0x00000000c0019626                EnvVarContainer::EnvVarContainer(Process*)
                0x00000000c0019648                EnvVarContainer::~EnvVarContainer()
                0x00000000c0019648                EnvVarContainer::~EnvVarContainer()
                0x00000000c0019678                Krnl::getEnv(Process*, char const*)
                0x00000000c00196dd                Krnl::setEnvSystem(char const*, char const*)
                0x00000000c00196f7                Krnl::setEnvUser(char const*, char const*)
                0x00000000c0019716                Krnl::setEnvProcess(Process*, char const*, char const*)
                0x00000000c0019729                Krnl::deleteEnvSystem(char const*)
                0x00000000c001972a                Krnl::deleteEnvUser(char const*)
                0x00000000c001972b                Krnl::deleteEnvProcess(Process*, char const*)
                0x00000000c001972c                Krnl::newProcessEnv(Process*)
                0x00000000c001974e                Krnl::copyProcessEnv(Process*, Process*)
                0x00000000c00197a2                Krnl::loadSystemEnv()
                0x00000000c00197d0                Krnl::loadUserEnv()
                0x00000000c00197f6                Krnl::flushEnv()
                0x00000000c00197f7                Krnl::getProcessTotalEnvCount(Process*)
                0x00000000c0019817                Krnl::getProcessEnvPair(Process*, int)
 .text          0x00000000c00198db      0x32c krnl/panic.32
                0x00000000c00198db                Krnl::panic(char const*)
 .text          0x00000000c0019c07      0x3b6 net/ethernet.32
                0x00000000c0019c07                Net::switchEndian16(unsigned short)
                0x00000000c0019c28                Net::switchEndian32(unsigned int)
                0x00000000c0019c57                Net::crc32Calc(unsigned char*, int)
                0x00000000c0019ce8                Net::wrapEthernetFrame(Net::UnwrappedEthernetFrame, unsigned char*)
                0x00000000c0019e24                Net::unwrapEthernetFrame(unsigned char*, int)
 .text          0x00000000c0019fbd      0x513 reg/registry.32
                0x00000000c0019fbd                Reg::findLineFromLoadedData(char*, char*, char*)
                0x00000000c001a115                Reg::getLineFromRegistry(char*, char*, char*, char*)
                0x00000000c001a26a                Reg::getLine(char*, char*, char*)
                0x00000000c001a2a1                Reg::readInt(char*, char*, int*)
                0x00000000c001a38c                Reg::readString(char*, char*, char*, int)
                0x00000000c001a40d                Reg::readBool(char*, char*, bool*)
                0x00000000c001a432                Reg::readBoolWithDefault(char*, char*, bool)
                0x00000000c001a45e                Reg::readIntWithDefault(char*, char*, int)
                0x00000000c001a48a                Reg::readStringWithDefault(char*, char*, char*, int, char*)
 .text          0x00000000c001a4d0       0x18 sys/sc_exit.32
                0x00000000c001a4d0                Sys::exit(regs*)
 .text          0x00000000c001a4e8       0x1f sys/sc_getcwd.32
                0x00000000c001a4e8                Sys::getCwd(regs*)
 .text          0x00000000c001a507        0xc sys/sc_getpid.32
                0x00000000c001a507                Sys::getPID(regs*)
 .text          0x00000000c001a513       0xa8 sys/sc_loaddll.32
                0x00000000c001a513                Sys::loadDLL(regs*)
 .text          0x00000000c001a5bb       0x68 sys/sc_read.32
                0x00000000c001a5bb                Sys::read(regs*)
 .text          0x00000000c001a623       0x55 sys/sc_sbrk.32
                0x00000000c001a623                Sys::sbrk(regs*)
 .text          0x00000000c001a678       0x1c sys/sc_setcwd.32
                0x00000000c001a678                Sys::setCwd(regs*)
 .text          0x00000000c001a694       0x68 sys/sc_write.32
                0x00000000c001a694                Sys::write(regs*)
 .text          0x00000000c001a6fc       0x3b sys/sc_yield.32
                0x00000000c001a6fc                Sys::yield(regs*)
 .text          0x00000000c001a737     0x100a sys/syscalls.32
                0x00000000c001a737                sysCallSeekDir(regs*)
                0x00000000c001a73c                sysCallTellDir(regs*)
                0x00000000c001a741                sysCallVerify(regs*)
                0x00000000c001a74b                sysCallGetArgc(regs*)
                0x00000000c001a75b                sysFormatDisk(regs*)
                0x00000000c001a7c5                sysSetDiskVolumeLabel(regs*)
                0x00000000c001a80b                sysGetDiskVolumeLabel(regs*)
                0x00000000c001a85c                sysShutdown(regs*)
                0x00000000c001a8ba                sysCallRealpath(regs*)
                0x00000000c001a8fd                sysCallReadDir(regs*)
                0x00000000c001a98b                sysCallIsATTY(regs*)
                0x00000000c001a9e5                sysCallSeek(regs*)
                0x00000000c001aa4e                sysCallTell(regs*)
                0x00000000c001aacb                sysCallSize(regs*)
                0x00000000c001ab4e                sysCallSizeFromFilename(regs*)
                0x00000000c001ac0e                sysCallClose(regs*)
                0x00000000c001ac96                sysCallOpenDir(regs*)
                0x00000000c001ad0b                sysCallCloseDir(regs*)
                0x00000000c001ad71                sysCallMakeDir(regs*)
                0x00000000c001ade1                sysCallWait(regs*)
                0x00000000c001adfb                sysCallNotImpl(regs*)
                0x00000000c001ae16                sysPanic(regs*)
                0x00000000c001ae3c                sysCallRmdir(regs*)
                0x00000000c001aea0                sysCallUnlink(regs*)
                0x00000000c001af04                sysCallGetArgv(regs*)
                0x00000000c001af50                sysCallTTYName(regs*)
                0x00000000c001afd3                sysCallUSleep(regs*)
                0x00000000c001affa                sysCallSpawn(regs*)
                0x00000000c001b052                sysCallGetEnv(regs*)
                0x00000000c001b0ff                sysAppSettings(regs*)
                0x00000000c001b21e                sysSetFatAttrib(regs*)
                0x00000000c001b290                sysPipe(regs*)
                0x00000000c001b2d5                sysGetUnixTime(regs*)
                0x00000000c001b2e9                string_ends_with(char const*, char const*)
                0x00000000c001b331                sysCallOpen(regs*)
                0x00000000c001b546                setupSystemCalls()
                0x00000000c001b6ff                systemCall(regs*, void*)
 .text          0x00000000c001b741     0x11ee thr/elf.32
                0x00000000c001b741                Thr::allocateMemoryForTask(Process*, File*, unsigned long, unsigned long, unsigned long)
                0x00000000c001b9be                Thr::loadProgramIntoMemory(Process*, char const*)
                0x00000000c001bbd4                Thr::runtimeReferenceHelper()
                0x00000000c001bbe7                Thr::getAddressOfKernelSymbol(char const*)
                0x00000000c001bc36                Thr::loadKernelSymbolTable(char const*)
                0x00000000c001bef2                Thr::loadDriverIntoMemory(char const*, unsigned long, bool)
                0x00000000c001c673                Thr::getDriverBaseFromAddress(unsigned long)
                0x00000000c001c6a5                Thr::getDriverNameFromAddress(unsigned long)
                0x00000000c001c6dc                Thr::getDriverOffsetFromAddress(unsigned long)
                0x00000000c001c6f6                Thr::loadDLL(char const*, bool)
                0x00000000c001c905                Thr::executeDLL(unsigned long, void*)
 *fill*         0x00000000c001c92f        0x1 
 .text          0x00000000c001c930     0x1056 thr/prcssthr.32
                0x00000000c001c930                changeTSS
                0x00000000c001c960                Process::addArgs(char**)
                0x00000000c001c9ba                Process::Process(char const*, Process*, char**)
                0x00000000c001c9ba                Process::Process(char const*, Process*, char**)
                0x00000000c001cb9e                Process::Process(bool, char const*, Process*, char**)
                0x00000000c001cb9e                Process::Process(bool, char const*, Process*, char**)
                0x00000000c001cd4d                disableIRQs()
                0x00000000c001cd55                getIRQNestingLevel()
                0x00000000c001cd5b                enableIRQs()
                0x00000000c001cd6a                lockScheduler()
                0x00000000c001cd6c                unlockScheduler()
                0x00000000c001cd6e                userModeEntryPoint(void*)
                0x00000000c001cd91                lockStuff()
                0x00000000c001cd9d                taskStartupFunction
                0x00000000c001cda6                updateTimeUsed()
                0x00000000c001ce0b                switchToThread(ThreadControlBlock*)
                0x00000000c001ce5c                Semaphore::Semaphore(int)
                0x00000000c001ce5c                Semaphore::Semaphore(int)
                0x00000000c001ce8a                Mutex::Mutex()
                0x00000000c001ce8a                Mutex::Mutex()
                0x00000000c001ce9c                Process::createThread(void (*)(void*), void*, int)
                0x00000000c001cf80                Process::createUserThread()
                0x00000000c001cf9c                setupMultitasking(void (*)())
                0x00000000c001d0a6                schedule()
                0x00000000c001d12b                unlockStuff()
                0x00000000c001d160                Semaphore::tryAcquire()
                0x00000000c001d18e                Semaphore::assertLocked(char const*)
                0x00000000c001d1be                blockTaskWithSchedulerLockAlreadyHeld(TaskState)
                0x00000000c001d200                blockTask(TaskState)
                0x00000000c001d221                waitTask(int, int*, int)
                0x00000000c001d263                nanoSleepUntil(unsigned long long)
                0x00000000c001d2ba                nanoSleep(unsigned long long)
                0x00000000c001d2cf                sleep(unsigned long long)
                0x00000000c001d2ec                Semaphore::acquire()
                0x00000000c001d354                taskReturned
                0x00000000c001d382                unblockTask(ThreadControlBlock*)
                0x00000000c001d431                cleanupTerminatedTask(ThreadControlBlock*)
                0x00000000c001d6fa                cleanerTaskFunction(void*)
                0x00000000c001d7ad                terminateTask(int)
                0x00000000c001d88d                Thr::terminateFromIRQ(int)
                0x00000000c001d89a                Semaphore::release()
 .text          0x00000000c001d986      0xc26 vm86/vm8086.32
                0x00000000c001d986                Vm::inbv(unsigned short)
                0x00000000c001d999                Vm::outbv(unsigned short, unsigned char)
                0x00000000c001d9ec                Vm::realToLinear(unsigned short, unsigned short)
                0x00000000c001d9fc                Vm::getSegment(unsigned int)
                0x00000000c001da04                Vm::getOffset(unsigned int)
                0x00000000c001da09                Vm::mainloop2()
                0x00000000c001da44                Vm::mainVm8086Loop(void*)
                0x00000000c001da51                Vm::mainloop3(unsigned long)
                0x00000000c001da7b                Vm::initialise8086()
                0x00000000c001dabe                Vm::finish8086()
                0x00000000c001db03                Vm::getOutput8086(unsigned char*)
                0x00000000c001db2d                Vm::start8086(char const*, unsigned short, unsigned short, unsigned short, unsigned short)
                0x00000000c001dc7d                Vm::doISR(regs*, int, unsigned char*, unsigned short, unsigned short)
                0x00000000c001dd07                Vm::readByteFromReal(unsigned short, unsigned short)
                0x00000000c001dd18                Vm::readWordFromReal(unsigned short, unsigned short)
                0x00000000c001dd2a                Vm::readDwordFromReal(unsigned short, unsigned short)
                0x00000000c001dd3b                Vm::writeByteFromReal(unsigned short, unsigned short, unsigned char)
                0x00000000c001dd50                Vm::writeWordFromReal(unsigned short, unsigned short, unsigned short)
                0x00000000c001dd66                Vm::writeDwordFromReal(unsigned short, unsigned short, unsigned int)
                0x00000000c001dd7b                Vm::faultHandler(regs*)
 .text          0x00000000c001e5ac      0xefd vm86/x87em.32
                0x00000000c001e5ac                Vm::fpuInternalTo32(unsigned long long)
                0x00000000c001e607                Vm::fpuInternalTo64(unsigned long long)
                0x00000000c001e610                Vm::fpu32ToInternal(unsigned int)
                0x00000000c001e655                Vm::fpu64ToInternal(unsigned long long)
                0x00000000c001e65e                Vm::fpuFloatToLong(unsigned long long)
                0x00000000c001e6b9                Vm::fpuULongToFloat(unsigned long long)
                0x00000000c001e6ef                Vm::fpuLongToFloat(long long)
                0x00000000c001e745                Vm::fpuGet0()
                0x00000000c001e74a                Vm::fpuGet1()
                0x00000000c001e752                Vm::fpuGetPi()
                0x00000000c001e75a                Vm::fpuGetLog2E()
                0x00000000c001e772                Vm::fpuGetLogE2()
                0x00000000c001e78a                Vm::fpuGetLog210()
                0x00000000c001e7a2                Vm::fpuGetLog102()
                0x00000000c001e7ba                Vm::fpuIsSecondLarger(unsigned long long, unsigned long long)
                0x00000000c001e7ce                Vm::fpuAreEqual(unsigned long long, unsigned long long)
                0x00000000c001e7e4                Vm::fpuUnorderedCompare(unsigned long long, unsigned long long)
                0x00000000c001e837                Vm::fpuAdd(unsigned long long, unsigned long long)
                0x00000000c001e848                Vm::fpuAbs(unsigned long long)
                0x00000000c001e851                Vm::fpuChs(unsigned long long)
                0x00000000c001e861                Vm::fpuSub(unsigned long long, unsigned long long)
                0x00000000c001e870                Vm::fpuMultiply(unsigned long long, unsigned long long)
                0x00000000c001e88f                Vm::fpuDivide(unsigned long long, unsigned long long)
                0x00000000c001e8ab                Vm::fpuSquare(unsigned long long)
                0x00000000c001e8c1                Vm::fpuGetReg(int)
                0x00000000c001e904                Vm::fpuSetReg(int, unsigned long long)
                0x00000000c001e94f                Vm::fpuPush(unsigned long long)
                0x00000000c001e9ac                Vm::fpuPop()
                0x00000000c001e9fe                Vm::x87Handler(regs*)
 *fill*         0x00000000c001f4a9        0x1 
 .text          0x00000000c001f4aa     0x10ed fs/fat/vfslink.32
                0x00000000c001f4aa                FAT::getName()
                0x00000000c001f4b0                FAT::tell(void*, unsigned long long*)
                0x00000000c001f4e4                FAT::stat(void*, unsigned long long*)
                0x00000000c001f518                FAT::~FAT()
                0x00000000c001f518                FAT::~FAT()
                0x00000000c001f53c                FAT::~FAT()
                0x00000000c001f564                FAT::getlabel(LogicalDisk*, int, char*, unsigned int*)
                0x00000000c001f602                FAT::setlabel(LogicalDisk*, int, char*)
                0x00000000c001f6bc                FAT::format(LogicalDisk*, int, char const*, int)
                0x00000000c001f8a0                FAT::tryMount(LogicalDisk*, int)
                0x00000000c001faa6                FAT::readDir(void*, unsigned long, void*, int*)
                0x00000000c001fbac                FAT::read(void*, unsigned long, void*, int*)
                0x00000000c001fc06                FAT::write(void*, unsigned long, void*, int*)
                0x00000000c001fc60                FAT::close(void*)
                0x00000000c001fcac                FAT::closeDir(void*)
                0x00000000c001fcf8                FAT::seek(void*, unsigned long long)
                0x00000000c001fd4c                fatWrapperReadDisk
                0x00000000c001fd93                fatWrapperWriteDisk
                0x00000000c001fdda                fatWrapperIoctl
                0x00000000c001fede                FAT::FAT()
                0x00000000c001fede                FAT::FAT()
                0x00000000c001ff30                FAT::fixFilepath(char*)
                0x00000000c001ff68                FAT::open(char const*, void**, FileOpenMode)
                0x00000000c0020090                FAT::openDir(char const*, void**)
                0x00000000c0020136                FAT::stat(char const*, unsigned long long*, bool*)
                0x00000000c0020220                FAT::unlink(char const*)
                0x00000000c002029a                FAT::chfatattr(char const*, unsigned char, unsigned char)
                0x00000000c00203ee                FAT::rename(char const*, char const*)
                0x00000000c00204b2                FAT::mkdir(char const*)
                0x00000000c002052c                FAT::exists(char const*)
 *fill*         0x00000000c0020597        0x1 
 .text          0x00000000c0020598      0xbdf fs/iso9660/vfslink.32
                0x00000000c0020598                ISO9660::format(LogicalDisk*, int, char const*, int)
                0x00000000c002059e                ISO9660::seek(void*, unsigned long long)
                0x00000000c00205ce                ISO9660::tell(void*, unsigned long long*)
                0x00000000c00205f2                ISO9660::getName()
                0x00000000c00205f8                ISO9660::stat(void*, unsigned long long*)
                0x00000000c002061c                ISO9660::chfatattr(char const*, unsigned char, unsigned char)
                0x00000000c0020622                ISO9660::unlink(char const*)
                0x00000000c0020628                ISO9660::write(void*, unsigned long, void*, int*)
                0x00000000c002062e                ISO9660::rename(char const*, char const*)
                0x00000000c0020634                ISO9660::mkdir(char const*)
                0x00000000c002063a                ISO9660::close(void*)
                0x00000000c002065c                ISO9660::closeDir(void*)
                0x00000000c002067e                ISO9660::~ISO9660()
                0x00000000c002067e                ISO9660::~ISO9660()
                0x00000000c00206a2                ISO9660::~ISO9660()
                0x00000000c00206c9                __memmem(unsigned char*, int, unsigned char*, int)
                0x00000000c002070b                readSectorFromCDROM(unsigned int, unsigned char*, char)
                0x00000000c0020772                ISO9660::tryMount(LogicalDisk*, int)
                0x00000000c00207c2                ISO9660::read(void*, unsigned long, void*, int*)
                0x00000000c0020a06                ISO9660::readDir(void*, unsigned long, void*, int*)
                0x00000000c0020c93                readRoot(unsigned int*, unsigned int*, char)
                0x00000000c0020ce8                readRecursively(char*, unsigned int, unsigned int, unsigned int*, unsigned int*, char, int*)
                0x00000000c0020ebb                getFileData(char*, unsigned int*, unsigned int*, char, int*)
                0x00000000c0020f4a                ISO9660::open(char const*, void**, FileOpenMode)
                0x00000000c0020fe4                ISO9660::exists(char const*)
                0x00000000c0021008                ISO9660::stat(char const*, unsigned long long*, bool*)
                0x00000000c002109c                ISO9660::openDir(char const*, void**)
                0x00000000c0021154                ISO9660::ISO9660()
                0x00000000c0021154                ISO9660::ISO9660()
 *fill*         0x00000000c0021177        0x1 
 .text          0x00000000c0021178      0x326 hal/sound/sndchannel.32
                0x00000000c0021178                SoundChannel::~SoundChannel()
                0x00000000c0021178                SoundChannel::~SoundChannel()
                0x00000000c0021194                SoundChannel::setSpeed(float)
                0x00000000c00211a0                SoundChannel::getSpeed()
                0x00000000c00211a8                SoundChannel::setVolume(int)
                0x00000000c00211c4                SoundChannel::getVolume()
                0x00000000c00211cc                SoundChannel::pause()
                0x00000000c00211d6                SoundChannel::SoundChannel(int, int, int, int)
                0x00000000c00211d6                SoundChannel::SoundChannel(int, int, int, int)
                0x00000000c002132c                SoundChannel::play()
                0x00000000c0021336                SoundChannel::paused()
                0x00000000c002133e                SoundChannel::getSampleRate()
                0x00000000c0021346                SoundChannel::getBits()
                0x00000000c002134e                SoundChannel::getBufferUsed()
                0x00000000c0021356                SoundChannel::getBufferSize()
                0x00000000c002135e                SoundChannel::unbuffer(float*, int, int)
                0x00000000c00213fe                SoundChannel::buffer8(unsigned char*, int)
 .text          0x00000000c002149e      0x3d5 hal/sound/sndhw.32
                0x00000000c002149e                SoundDevice::SoundDevice(char const*)
                0x00000000c002149e                SoundDevice::SoundDevice(char const*)
                0x00000000c002150a                SoundDevice::~SoundDevice()
                0x00000000c002150a                SoundDevice::~SoundDevice()
                0x00000000c0021584                SoundDevice::~SoundDevice()
                0x00000000c00215ae                SoundDevice::getFreeChannelNum()
                0x00000000c00215c8                SoundDevice::addChannel(SoundChannel*)
                0x00000000c0021638                SoundDevice::removeChannel(int)
                0x00000000c002166a                SoundDevice::floatTo8(float*, unsigned char*, int)
                0x00000000c0021752                SoundDevice::getAudio(int, float*, float*)
 .text          0x00000000c0021873        0x0 hw/bus/isa.32
 *fill*         0x00000000c0021873        0x1 
 .text          0x00000000c0021874      0x6c3 hw/bus/pci.32
                0x00000000c0021874                PCI::open(int, int, void*)
                0x00000000c0021888                PCI::close(int, int, void*)
                0x00000000c002188c                PCI::PCI()
                0x00000000c002188c                PCI::PCI()
                0x00000000c002190c                PCI::pciReadWord(unsigned char, unsigned char, unsigned char, unsigned char)
                0x00000000c0021954                PCI::getVendorID(unsigned char, unsigned char, unsigned char)
                0x00000000c0021976                PCI::getHeaderType(unsigned char, unsigned char, unsigned char)
                0x00000000c002199a                PCI::getClassCode(unsigned char, unsigned char, unsigned char)
                0x00000000c00219de                PCI::getProgIF(unsigned char, unsigned char, unsigned char)
                0x00000000c0021a02                PCI::getRevisionID(unsigned char, unsigned char, unsigned char)
                0x00000000c0021a24                PCI::getInterruptNumber(unsigned char, unsigned char, unsigned char)
                0x00000000c0021a46                PCI::getSecondaryBus(unsigned char, unsigned char, unsigned char)
                0x00000000c0021a6a                PCI::getBARAddress(unsigned char, unsigned char, unsigned char, unsigned char)
                0x00000000c0021aca                PCI::pciWriteWord(unsigned char, unsigned char, unsigned char, unsigned char, unsigned short)
                0x00000000c0021b36                PCI::checkBus(unsigned char)
                0x00000000c0021b5a                PCI::foundDevice(PCIDeviceInfo)
                0x00000000c0021ccc                PCI::getDeviceData(unsigned char, unsigned char, unsigned char)
                0x00000000c0021e78                PCI::checkDevice(unsigned char, unsigned char)
                0x00000000c0021ee4                PCI::detect()
 *fill*         0x00000000c0021f37        0x1 
 .text          0x00000000c0021f38      0xc70 hw/diskctrl/ide.32
                0x00000000c0021f38                IDE::close(int, int, void*)
                0x00000000c0021f3c                IDE::IDE()
                0x00000000c0021f3c                IDE::IDE()
                0x00000000c0021f70                IDE::prepareInterrupt(unsigned char)
                0x00000000c0021f82                selectDrive(unsigned char, unsigned char)
                0x00000000c0021f84                IDE::getBase(unsigned char)
                0x00000000c0021f96                IDE::write(unsigned char, unsigned char, unsigned char)
                0x00000000c0022056                IDE::read(unsigned char, unsigned char)
                0x00000000c0022104                IDE::waitInterrupt(unsigned char)
                0x00000000c002216a                ideChannel0IRQHandler(regs*, void*)
                0x00000000c0022186                ideChannel1IRQHandler(regs*, void*)
                0x00000000c00221a2                IDE::enableIRQs(unsigned char, bool)
                0x00000000c00221e8                IDE::open(int, int, void*)
                0x00000000c00225f8                IDE::readBuffer(unsigned char, unsigned char, unsigned int, unsigned int)
                0x00000000c00226c4                IDE::detect()
                0x00000000c00229ac                IDE::printError(unsigned char, unsigned char, unsigned char)
                0x00000000c0022b42                IDE::polling(unsigned char, unsigned int)
 .text          0x00000000c0022ba8      0x37a hw/diskctrl/satabus.32
                0x00000000c0022ba8                SATABus::close(int, int, void*)
                0x00000000c0022bac                SATABus::detect()
                0x00000000c0022bae                SATABus::SATABus()
                0x00000000c0022bae                SATABus::SATABus()
                0x00000000c0022c5a                SATABus::findCmdslot(SATABus::tagHBA_PORT volatile*)
                0x00000000c0022ca2                SATABus::checkType(SATABus::tagHBA_PORT volatile*)
                0x00000000c0022cea                SATABus::startCmd(SATABus::tagHBA_PORT volatile*)
                0x00000000c0022d0a                SATABus::stopCmd(SATABus::tagHBA_PORT volatile*)
                0x00000000c0022d34                SATABus::portRebase(SATABus::tagHBA_PORT volatile*, int)
                0x00000000c0022e3a                SATABus::probePort(SATABus::tagHBA_MEM volatile*)
                0x00000000c0022f02                SATABus::open(int, int, void*)
 .text          0x00000000c0022f22      0x62b hw/diskphys/ata.32
                0x00000000c0022f22                ATA::close(int, int, void*)
                0x00000000c0022f46                ATA::powerSaving(PowerSavingLevel)
                0x00000000c0022f48                ATA::ATA()
                0x00000000c0022f48                ATA::ATA()
                0x00000000c0022f76                ATA::flush(bool)
                0x00000000c0022fc0                ATA::readyForCommand()
                0x00000000c0023010                ATA::access(unsigned long long, int, void*, bool)
                0x00000000c002338e                ATA::read(unsigned long long, int, void*)
                0x00000000c00233f6                ATA::write(unsigned long long, int, void*)
                0x00000000c002345e                ATA::detectCHS()
                0x00000000c0023488                ATA::open(int, int, void*)
 *fill*         0x00000000c002354d        0x1 
 .text          0x00000000c002354e      0x5b3 hw/diskphys/atapi.32
                0x00000000c002354e                ATAPI::write(unsigned long long, int, void*)
                0x00000000c0023554                ATAPI::close(int, int, void*)
                0x00000000c0023578                ATAPI::ATAPI()
                0x00000000c0023578                ATAPI::ATAPI()
                0x00000000c00235a6                ATAPI::readyForCommand()
                0x00000000c00235f6                ATAPI::sendPacket(unsigned char*, int, bool, unsigned short*, int)
                0x00000000c00238b6                ATAPI::diskRemoved()
                0x00000000c00238d2                ATAPI::eject()
                0x00000000c0023918                ATAPI::diskInserted()
                0x00000000c0023946                ATAPI::detectMedia()
                0x00000000c0023a02                ATAPI::open(int, int, void*)
                0x00000000c0023a82                ATAPI::read(unsigned long long, int, void*)
 *fill*         0x00000000c0023b01        0x1 
 .text          0x00000000c0023b02      0x414 hw/diskphys/sata.32
                0x00000000c0023b02                SATA::close(int, int, void*)
                0x00000000c0023b26                SATA::powerSaving(PowerSavingLevel)
                0x00000000c0023b28                SATA::open(int, int, void*)
                0x00000000c0023b84                SATA::SATA()
                0x00000000c0023b84                SATA::SATA()
                0x00000000c0023bb2                SATA::access(unsigned long long, int, void*, bool)
                0x00000000c0023e46                SATA::read(unsigned long long, int, void*)
                0x00000000c0023eae                SATA::write(unsigned long long, int, void*)
 .text          0x00000000c0023f16       0x8e hw/fpu/avx.32
                0x00000000c0023f16                AVX::open(int, int, void*)
                0x00000000c0023f28                AVX::close(int, int, void*)
                0x00000000c0023f3a                AVX::available()
                0x00000000c0023f4c                AVX::save(void*)
                0x00000000c0023f64                AVX::load(void*)
                0x00000000c0023f7c                AVX::AVX()
                0x00000000c0023f7c                AVX::AVX()
 .text          0x00000000c0023fa4       0x90 hw/fpu/mmx.32
                0x00000000c0023fa4                MMX::available()
                0x00000000c0023fb8                MMX::open(int, int, void*)
                0x00000000c0023fca                MMX::close(int, int, void*)
                0x00000000c0023fdc                MMX::save(void*)
                0x00000000c0023ff4                MMX::load(void*)
                0x00000000c002400c                MMX::MMX()
                0x00000000c002400c                MMX::MMX()
 .text          0x00000000c0024034       0x96 hw/fpu/sse.32
                0x00000000c0024034                SSE::open(int, int, void*)
                0x00000000c0024046                SSE::close(int, int, void*)
                0x00000000c0024058                SSE::available()
                0x00000000c0024072                SSE::save(void*)
                0x00000000c002408a                SSE::load(void*)
                0x00000000c00240a2                SSE::SSE()
                0x00000000c00240a2                SSE::SSE()
 .text          0x00000000c00240ca       0x8e hw/fpu/x87.32
                0x00000000c00240ca                x87::open(int, int, void*)
                0x00000000c00240dc                x87::close(int, int, void*)
                0x00000000c00240ee                x87::available()
                0x00000000c0024100                x87::save(void*)
                0x00000000c0024118                x87::load(void*)
                0x00000000c0024130                x87::x87()
                0x00000000c0024130                x87::x87()
 .text          0x00000000c0024158      0x71e hw/intctrl/apic.32
                0x00000000c0024158                APIC::disable()
                0x00000000c002415a                APIC::close(int, int, void*)
                0x00000000c002417c                IOAPIC::close(int, int, void*)
                0x00000000c0024182                APIC::io_wait()
                0x00000000c0024188                APIC::getBase()
                0x00000000c00241ca                APIC::eoi(unsigned char)
                0x00000000c00241f8                APIC::open(int, int, void*)
                0x00000000c0024346                IOAPIC::IOAPIC()
                0x00000000c0024346                IOAPIC::IOAPIC()
                0x00000000c002436e                APIC::APIC()
                0x00000000c002436e                APIC::APIC()
                0x00000000c002444a                IOAPIC::handlesGSIWithNumber(unsigned int)
                0x00000000c002447c                IOAPIC::read(int)
                0x00000000c00244a4                IOAPIC::open(int, int, void*)
                0x00000000c002459a                IOAPIC::write(int, int)
                0x00000000c00245c6                IOAPIC::redirect(unsigned char, unsigned long long, unsigned char, bool, bool)
                0x00000000c00246c0                APIC::installIRQHandler(int, void (*)(regs*, void*), bool, void*)
 .text          0x00000000c0024876      0x3d3 hw/intctrl/pic.32
                0x00000000c0024876                PIC::disable()
                0x00000000c00248a4                PIC::close(int, int, void*)
                0x00000000c00248c6                PIC::PIC()
                0x00000000c00248c6                PIC::PIC()
                0x00000000c002499c                PIC::ioWait()
                0x00000000c00249a2                PIC::getIRQReg(int)
                0x00000000c0024a0c                PIC::eoi(unsigned char)
                0x00000000c0024a9e                PIC::remap()
                0x00000000c0024c0a                PIC::open(int, int, void*)
 *fill*         0x00000000c0024c49        0x1 
 .text          0x00000000c0024c4a      0x25e hw/timer/apictimer.32
                0x00000000c0024c4a                APICTimer::close(int, int, void*)
                0x00000000c0024c50                apicTimerHandler(regs*, void*)
                0x00000000c0024c7e                APICTimer::write(int)
                0x00000000c0024d82                APICTimer::open(int, int, void*)
                0x00000000c0024e80                APICTimer::APICTimer()
                0x00000000c0024e80                APICTimer::APICTimer()
 .text          0x00000000c0024ea8      0x1a7 hw/timer/pit.32
                0x00000000c0024ea8                PIT::write(int)
                0x00000000c0024f26                pitHandler(regs*, void*)
                0x00000000c0024f52                PIT::open(int, int, void*)
                0x00000000c0024fa0                PIT::close(int, int, void*)
                0x00000000c0024fd0                PIT::PIT()
                0x00000000c0024fd0                PIT::PIT()
 *fill*         0x00000000c002504f        0x1 
 .text          0x00000000c0025050       0x1e hw/fpu/x86/avx.32
                0x00000000c0025050                avxDetect
                0x00000000c0025056                avxSave
                0x00000000c0025057                avxLoad
                0x00000000c0025058                avxInit
                0x00000000c0025059                avxClose
                0x00000000c002505a                wouldSheSayYes
 *fill*         0x00000000c002506e        0x2 
 .text          0x00000000c0025070       0x35 hw/fpu/x86/sse.32
                0x00000000c0025070                absolutelyNoChanceInHell
                0x00000000c0025070                sseDetect
                0x00000000c0025088                sseSave
                0x00000000c002508e                sseLoad
                0x00000000c0025094                sseInit
                0x00000000c00250a4                sseClose
 *fill*         0x00000000c00250a5        0xb 
 .text          0x00000000c00250b0       0x47 hw/fpu/x86/x87.32
                0x00000000c00250b6                x87Detect
                0x00000000c00250d1                x87Save
                0x00000000c00250d7                x87Load
                0x00000000c00250dc                x87Init
                0x00000000c00250f6                x87Close
 *fill*         0x00000000c00250f7        0x1 
 .text          0x00000000c00250f8       0x25 /cygdrive/d/Users/Alex/Desktop/Toolchain/Output/bin/../lib/gcc/i386-banana/8.1.0/crtend.o
 .text          0x00000000c002511d        0x0 crtn.32
 *fill*         0x00000000c002511d        0x3 
 .text          0x00000000c0025120      0x14b /cygdrive/d/Users/Alex/Desktop/Toolchain/Output/bin/../lib/gcc/i386-banana/8.1.0/libkgcc.a(_divdi3.o)
                0x00000000c0025120                __divdi3
 *fill*         0x00000000c002526b        0x1 
 .text          0x00000000c002526c      0x17e /cygdrive/d/Users/Alex/Desktop/Toolchain/Output/bin/../lib/gcc/i386-banana/8.1.0/libkgcc.a(_moddi3.o)
                0x00000000c002526c                __moddi3
 *fill*         0x00000000c00253ea        0x2 
 .text          0x00000000c00253ec       0xff /cygdrive/d/Users/Alex/Desktop/Toolchain/Output/bin/../lib/gcc/i386-banana/8.1.0/libkgcc.a(_udivdi3.o)
                0x00000000c00253ec                __udivdi3
 *fill*         0x00000000c00254eb        0x1 
 .text          0x00000000c00254ec      0x11a /cygdrive/d/Users/Alex/Desktop/Toolchain/Output/bin/../lib/gcc/i386-banana/8.1.0/libkgcc.a(_umoddi3.o)
                0x00000000c00254ec                __umoddi3
 .text          0x00000000c0025606      0x96d D:/Users/Alex/Desktop/Banana/kernel/libsoftfp.a(sfieeelib.o)
                0x00000000c0025606                __addsf3
                0x00000000c0025908                __subsf3
                0x00000000c002591c                __negsf2
                0x00000000c0025929                __mulsf3
                0x00000000c0025aec                __divsf3
                0x00000000c0025d17                __floatsisf
                0x00000000c0025d8b                __floatunsisf
                0x00000000c0025dcd                __fixsfsi
                0x00000000c0025e2f                __fixunssfsi
                0x00000000c0025e60                __cmpsf2
                0x00000000c0025ef5                __eqsf2
                0x00000000c0025f30                __nesf2
                0x00000000c0025f32                __gtsf2
                0x00000000c0025f6d                __gesf2
                0x00000000c0025f6f                __ltsf2
                0x00000000c0025f71                __lesf2
 .text          0x00000000c0025f73      0xf50 D:/Users/Alex/Desktop/Banana/kernel/libsoftfp.a(dfieeelib.o)
                0x00000000c0025f73                __adddf3
                0x00000000c00265c4                __subdf3
                0x00000000c00265df                __negdf2
                0x00000000c00265f0                __muldf3
                0x00000000c00268d4                __divdf3
                0x00000000c0026c53                __floatsidf
                0x00000000c0026cae                __floatunsidf
                0x00000000c0026cec                __fixdfsi
                0x00000000c0026d59                __fixunsdfsi
                0x00000000c0026d95                __cmpdf2
                0x00000000c0026e83                __eqdf2
                0x00000000c0026e9f                __nedf2
                0x00000000c0026ea1                __gtdf2
                0x00000000c0026ebd                __gedf2
                0x00000000c0026ebf                __ltdf2
                0x00000000c0026ec1                __ledf2
 .text          0x00000000c0026ec3      0x18d D:/Users/Alex/Desktop/Banana/kernel/libsoftfp.a(sfdfcvt.o)
                0x00000000c0026ec3                __truncdfsf2
                0x00000000c0026fe7                __extendsfdf2
 .text          0x00000000c0027050       0x1e D:/Users/Alex/Desktop/Banana/kernel/libk/libm32.a(s_fabs.c.o)
                0x00000000c0027050                fabs
 *fill*         0x00000000c002706e        0x2 
 .text          0x00000000c0027070        0xc D:/Users/Alex/Desktop/Banana/kernel/libk/libm32.a(s_lrint.S.o)
                0x00000000c0027070                lrint
 .text          0x00000000c002707c        0xc D:/Users/Alex/Desktop/Banana/kernel/libk/libm32.a(s_lrintf.S.o)
                0x00000000c002707c                lrintf
 *(.gnu.linkonce.t*)

.iplt           0x00000000c0027088        0x0
 .iplt          0x00000000c0027088        0x0 D:/Users/Alex/Desktop/Banana/kernel/boot.32

.init           0x00000000c0027088        0xf
 .init          0x00000000c0027088        0x3 crti.32
                0x00000000c0027088                _init
 .init          0x00000000c002708b        0x5 /cygdrive/d/Users/Alex/Desktop/Toolchain/Output/bin/../lib/gcc/i386-banana/8.1.0/crtbegin.o
 .init          0x00000000c0027090        0x5 /cygdrive/d/Users/Alex/Desktop/Toolchain/Output/bin/../lib/gcc/i386-banana/8.1.0/crtend.o
 .init          0x00000000c0027095        0x2 crtn.32

.fini           0x00000000c0027097        0xa
 .fini          0x00000000c0027097        0x3 crti.32
                0x00000000c0027097                _fini
 .fini          0x00000000c002709a        0x5 /cygdrive/d/Users/Alex/Desktop/Toolchain/Output/bin/../lib/gcc/i386-banana/8.1.0/crtbegin.o