Archive member included to satisfy reference by file (symbol)

/cygdrive/d/Users/Alex/Desktop/Toolchain/Output/bin/../lib/gcc/i386-banana/8.1.0/libkgcc.a(_divdi3.o)
                              fs/fat/ff.32 (__divdi3)
/cygdrive/d/Users/Alex/Desktop/Toolchain/Output/bin/../lib/gcc/i386-banana/8.1.0/libkgcc.a(_moddi3.o)
                              compat/resolve.32 (__moddi3)
/cygdrive/d/Users/Alex/Desktop/Toolchain/Output/bin/../lib/gcc/i386-banana/8.1.0/libkgcc.a(_udivdi3.o)
                              fs/fat/ff.32 (__udivdi3)
/cygdrive/d/Users/Alex/Desktop/Toolchain/Output/bin/../lib/gcc/i386-banana/8.1.0/libkgcc.a(_umoddi3.o)
                              compat/resolve.32 (__umoddi3)
D:/Users/Alex/Desktop/Banana/kernel/libsoftfp.a(sfieeelib.o)
                              hal/libresample/src_linear.32 (__subsf3)
D:/Users/Alex/Desktop/Banana/kernel/libsoftfp.a(dfieeelib.o)
                              hal/libresample/src_linear.32 (__adddf3)
D:/Users/Alex/Desktop/Banana/kernel/libsoftfp.a(sfdfcvt.o)
                              hal/libresample/samplerate.32 (__truncdfsf2)
D:/Users/Alex/Desktop/Banana/kernel/libk/libm32.a(s_fabs.c.o)
                              hal/libresample/samplerate.32 (fabs)
D:/Users/Alex/Desktop/Banana/kernel/libk/libm32.a(s_lrint.S.o)
                              hal/libresample/samplerate.32 (lrint)
D:/Users/Alex/Desktop/Banana/kernel/libk/libm32.a(s_lrintf.S.o)
                              hal/sound/sndhw.32 (lrintf)

Discarded input sections

 .comment       0x0000000000000000       0x12 /cygdrive/d/Users/Alex/Desktop/Toolchain/Output/bin/../lib/gcc/i386-banana/8.1.0/crtbegin.o
 .comment       0x0000000000000000       0x12 acpica/utclib.32
 .comment       0x0000000000000000       0x12 core/malloc.32
 .comment       0x0000000000000000       0x12 libk/string.32
 .comment       0x0000000000000000       0x12 fs/fat/diskio.32
 .comment       0x0000000000000000       0x12 fs/fat/ff.32
 .comment       0x0000000000000000       0x12 fs/fat/ffsystem.32
 .comment       0x0000000000000000       0x12 fs/fat/ffunicode.32
 .comment       0x0000000000000000       0x12 hal/libresample/samplerate.32
 .comment       0x0000000000000000       0x12 hal/libresample/src_linear.32
 .comment       0x0000000000000000       0x12 hal/libresample/src_sinc.32
 .comment       0x0000000000000000       0x12 hal/libresample/src_zoh.32
 .comment       0x0000000000000000       0x12 compat/inlines.32
 .comment       0x0000000000000000       0x12 compat/resolve.32
 .group         0x0000000000000000       0x14 core/computer.32
 .group         0x0000000000000000        0xc core/computer.32
 .comment       0x0000000000000000       0x12 core/computer.32
 .comment       0x0000000000000000       0x12 core/gdt.32
 .group         0x0000000000000000        0xc core/idle.32
 .comment       0x0000000000000000       0x12 core/idle.32
 .comment       0x0000000000000000       0x12 core/idt.32
 .comment       0x0000000000000000       0x12 core/kheap.32
 .comment       0x0000000000000000       0x12 core/main.32
 .comment       0x0000000000000000       0x12 core/physmgr.32
 .group         0x0000000000000000        0xc core/pipe.32
 .comment       0x0000000000000000       0x12 core/pipe.32
 .group         0x0000000000000000        0xc core/terminal.32
 .comment       0x0000000000000000       0x12 core/terminal.32
 .comment       0x0000000000000000       0x12 core/tss.32
 .group         0x0000000000000000        0x8 core/unixfile.32
 .group         0x0000000000000000        0x8 core/unixfile.32
 .group         0x0000000000000000        0xc core/unixfile.32
 .group         0x0000000000000000        0x8 core/unixfile.32
 .group         0x0000000000000000        0xc core/unixfile.32
 .group         0x0000000000000000        0x8 core/unixfile.32
 .group         0x0000000000000000        0xc core/unixfile.32
 .group         0x0000000000000000        0xc core/unixfile.32
 .comment       0x0000000000000000       0x12 core/unixfile.32
 .comment       0x0000000000000000       0x12 core/virtmgr.32
 .comment       0x0000000000000000       0x12 coreobjs/c++.32
 .comment       0x0000000000000000       0x12 dbg/kconsole.32
 .group         0x0000000000000000        0xc fs/vfs.32
 .group         0x0000000000000000        0xc fs/vfs.32
 .group         0x0000000000000000        0xc fs/vfs.32
 .comment       0x0000000000000000       0x12 fs/vfs.32
 .group         0x0000000000000000        0xc hal/bus.32
 .comment       0x0000000000000000       0x12 hal/bus.32
 .group         0x0000000000000000        0xc hal/buzzer.32
 .comment       0x0000000000000000       0x12 hal/buzzer.32
 .group         0x0000000000000000        0xc hal/clock.32
 .comment       0x0000000000000000       0x12 hal/clock.32
 .group         0x0000000000000000       0x14 hal/device.32
 .group         0x0000000000000000        0xc hal/device.32
 .group         0x0000000000000000        0x8 hal/device.32
 .group         0x0000000000000000        0xc hal/device.32
[...]
Memory Configuration

Name             Origin             Length             Attributes
*default*        0x0000000000000000 0xffffffffffffffff

Linker script and memory map

LOAD D:/Users/Alex/Desktop/Banana/kernel/boot.32
LOAD crti.32
LOAD /cygdrive/d/Users/Alex/Desktop/Toolchain/Output/bin/../lib/gcc/i386-banana/8.1.0/crtbegin.o
LOAD D:/Users/Alex/Desktop/Banana/kernel/morenasm.32
LOAD acpica/utclib.32
LOAD core/malloc.32
LOAD libk/string.32
LOAD fs/fat/diskio.32
LOAD fs/fat/ff.32
LOAD fs/fat/ffsystem.32
LOAD fs/fat/ffunicode.32
LOAD hal/libresample/samplerate.32
LOAD hal/libresample/src_linear.32
LOAD hal/libresample/src_sinc.32
LOAD hal/libresample/src_zoh.32
LOAD compat/inlines.32
LOAD compat/resolve.32
LOAD core/computer.32
LOAD core/gdt.32
LOAD core/idle.32
LOAD core/idt.32
LOAD core/kheap.32
LOAD core/main.32
LOAD core/physmgr.32
LOAD core/pipe.32
LOAD core/terminal.32
LOAD core/tss.32
LOAD core/unixfile.32
LOAD core/virtmgr.32
LOAD coreobjs/c++.32
LOAD dbg/kconsole.32
LOAD fs/vfs.32
LOAD hal/bus.32
LOAD hal/buzzer.32
LOAD hal/clock.32
LOAD hal/device.32
LOAD hal/diskctrl.32
LOAD hal/diskphys.32
LOAD hal/fpu.32
LOAD hal/intctrl.32
LOAD hal/keybrd.32
LOAD hal/logidisk.32
LOAD hal/mouse.32
LOAD hal/partition.32
LOAD hal/serial.32
LOAD hal/timer.32
LOAD hal/vcache.32
LOAD hal/video.32
LOAD hw/acpi.32
LOAD hw/cpu.32
LOAD hw/ports.32
LOAD hw/smp.32
LOAD krnl/env.32
LOAD krnl/panic.32
LOAD net/ethernet.32
LOAD reg/registry.32
LOAD sys/sc_eject.32
LOAD sys/sc_exit.32
LOAD sys/sc_getcwd.32
LOAD sys/sc_getpid.32
LOAD sys/sc_getramdata.32
LOAD sys/sc_getvgaptr.32
LOAD sys/sc_loaddll.32
LOAD sys/sc_read.32
LOAD sys/sc_sbrk.32
LOAD sys/sc_setcwd.32
LOAD sys/sc_settime.32
LOAD sys/sc_timezone.32
LOAD sys/sc_write.32
LOAD sys/sc_wsbe.32
LOAD sys/sc_yield.32
LOAD sys/syscalls.32
LOAD thr/elf.32
LOAD thr/prcssthr.32
LOAD vm86/vm8086.32
LOAD vm86/x87em.32
LOAD fs/fat/vfslink.32
LOAD fs/iso9660/vfslink.32
LOAD hal/sound/sndchannel.32
LOAD hal/sound/sndhw.32
LOAD hw/bus/isa.32
LOAD hw/bus/pci.32
LOAD hw/diskctrl/ide.32
LOAD hw/diskctrl/satabus.32
LOAD hw/diskphys/ata.32
LOAD hw/diskphys/atapi.32
LOAD hw/diskphys/sata.32
LOAD hw/diskphys/satapi.32
LOAD hw/fpu/avx.32
LOAD hw/fpu/mmx.32
LOAD hw/fpu/sse.32
LOAD hw/fpu/x87.32
LOAD hw/intctrl/apic.32
LOAD hw/intctrl/pic.32
LOAD hw/timer/apictimer.32
LOAD hw/timer/pit.32
LOAD hw/fpu/x86/avx.32
LOAD hw/fpu/x86/sse.32
LOAD hw/fpu/x86/x87.32
LOAD /cygdrive/d/Users/Alex/Desktop/Toolchain/Output/bin/../lib/gcc/i386-banana/8.1.0/crtend.o
LOAD crtn.32
LOAD /cygdrive/d/Users/Alex/Desktop/Toolchain/Output/bin/../lib/gcc/i386-banana/8.1.0/libkgcc.a
LOAD D:/Users/Alex/Desktop/Banana/kernel/libsoftfp.a
LOAD D:/Users/Alex/Desktop/Banana/kernel/libk/libm32.a
                0x00000000c0000000                . = 0xc0000000

.text           0x00000000c0000000    0x28278
 *(.text)
 .text          0x00000000c0000000       0x41 D:/Users/Alex/Desktop/Banana/kernel/boot.32
                0x00000000c0000020                callGlobalConstructors
 .text          0x00000000c0000041        0x0 crti.32
 *fill*         0x00000000c0000041        0x3 
 .text          0x00000000c0000044      0x101 /cygdrive/d/Users/Alex/Desktop/Toolchain/Output/bin/../lib/gcc/i386-banana/8.1.0/crtbegin.o
 *fill*         0x00000000c0000145        0xb 
 .text          0x00000000c0000150      0x4fb D:/Users/Alex/Desktop/Banana/kernel/morenasm.32
                0x00000000c0000150                manualPCIProbe
                0x00000000c000019b                prepareTramp
                0x00000000c00001b4                voodooXADD
                0x00000000c000027f                doTPAUSE
                0x00000000c0000289                hasLegacyFPU
                0x00000000c00002ae                is486
                0x00000000c00002e4                detectCPUID
                0x00000000c00002fa                goToVM86
                0x00000000c000032a                goToUsermode
                0x00000000c0000354                switchToThreadASMFirstTime
                0x00000000c0000362                switchToThreadASM
                0x00000000c00003f2                asmQuickAcquireLock
                0x00000000c0000410                asmQuickReleaseLock
                0x00000000c000041c                asmAcquireLock
                0x00000000c000043d                asmReleaseLock
                0x00000000c0000450                loadGDT
                0x00000000c0000470                isr0
                0x00000000c0000480                isr1
                0x00000000c000048a                isr2
                0x00000000c0000494                isr3
                0x00000000c000049e                isr4
                0x00000000c00004a8                isr5
                0x00000000c00004b2                isr6
                0x00000000c00004bc                isr7
                0x00000000c00004c6                isr8
                0x00000000c00004ce                isr9
                0x00000000c00004d8                isr10
                0x00000000c00004e0                isr11
                0x00000000c00004e8                isr12
                0x00000000c00004f0                isr13
                0x00000000c00004f8                isr14
                0x00000000c0000500                isr15
                0x00000000c000050a                isr16
                0x00000000c0000514                isr17
                0x00000000c000051e                isr18
                0x00000000c0000528                irq3
                0x00000000c0000532                irq4
                0x00000000c000053c                irq5
                0x00000000c0000546                irq6
                0x00000000c0000550                irq7
                0x00000000c000055a                irq8
                0x00000000c0000564                irq9
                0x00000000c000056e                irq10
                0x00000000c0000578                irq11
                0x00000000c0000582                irq12
                0x00000000c000058c                irq13
                0x00000000c0000596                irq14
                0x00000000c00005a0                irq15
                0x00000000c00005aa                irq1
                0x00000000c00005b1                irq2
                0x00000000c00005b8                isr96
                0x00000000c00005bf                irq0
                0x00000000c00005c4                syscall_common_stub
                0x00000000c00005c4                int_common_stub
                0x00000000c00005f6                irq16
                0x00000000c0000600                irq17
                0x00000000c000060a                irq18
                0x00000000c0000614                irq19
                0x00000000c000061e                irq20
                0x00000000c0000628                irq21
                0x00000000c0000632                irq22
                0x00000000c000063c                irq23
                0x00000000c0000646                memcpy
 *fill*         0x00000000c000064b        0x1 
 .text          0x00000000c000064c      0x5dd acpica/utclib.32
                0x00000000c000064c                memcmp
                0x00000000c0000688                memmove
                0x00000000c0000750                memset
                0x00000000c000076c                strlen
                0x00000000c0000784                strpbrk
                0x00000000c00007c0                strtok
                0x00000000c000080c                strcpy
                0x00000000c0000830                strncpy
                0x00000000c0000898                strcmp
                0x00000000c00008d8                strchr
                0x00000000c00008fc                strncmp
                0x00000000c000094c                strcat
                0x00000000c000097c                strncat
                0x00000000c00009b8                strstr
                0x00000000c0000a00                toupper
                0x00000000c0000a14                tolower
                0x00000000c0000a28                simple_strtoul
 .text          0x00000000c0000c29      0xfad core/malloc.32
                0x00000000c0000d94                dlfree
                0x00000000c00010ef                dlmalloc
                0x00000000c000162c                dlrealloc
                0x00000000c00017cf                dlmemalign
                0x00000000c00018f2                dlcalloc
                0x00000000c000198c                dlcfree
                0x00000000c0001991                dlindependent_calloc
                0x00000000c00019b6                dlindependent_comalloc
                0x00000000c00019cd                dlvalloc
                0x00000000c00019f8                dlpvalloc
                0x00000000c0001a2e                dlmalloc_trim
                0x00000000c0001a3b                dlmalloc_usable_size
                0x00000000c0001a6c                dlmallinfo
                0x00000000c0001b3b                dlmalloc_stats
                0x00000000c0001b4c                dlmallopt
 .text          0x00000000c0001bd6        0x0 libk/string.32
 .text          0x00000000c0001bd6       0x51 fs/fat/diskio.32
                0x00000000c0001bd6                disk_status
                0x00000000c0001bd9                disk_initialize
                0x00000000c0001bdc                disk_read
                0x00000000c0001bf2                disk_write
                0x00000000c0001c08                disk_ioctl
 .text          0x00000000c0001c27     0x6833 fs/fat/ff.32
                0x00000000c0004ef5                f_mount
                0x00000000c0004f57                f_open
                0x00000000c0005393                f_read
                0x00000000c0005613                f_write
                0x00000000c00058cd                f_sync
                0x00000000c0005aa9                f_close
                0x00000000c0005ad8                f_lseek
                0x00000000c0005f8f                f_opendir
                0x00000000c0006091                f_closedir
                0x00000000c00060b3                f_readdir
                0x00000000c000614e                f_stat
                0x00000000c00061dd                f_getfree
                0x00000000c00063a8                f_truncate
                0x00000000c00064a0                f_unlink
                0x00000000c0006623                f_mkdir
                0x00000000c000684f                f_rename
                0x00000000c0006b42                f_chmod
                0x00000000c0006c20                f_utime
                0x00000000c0006cfe                f_getlabel
                0x00000000c0006eec                f_setlabel
                0x00000000c0007159                f_forward
                0x00000000c0007337                f_mkfs
 .text          0x00000000c000845a       0x2d fs/fat/ffsystem.32
                0x00000000c000845a                ff_memalloc
                0x00000000c0008470                ff_memfree
 .text          0x00000000c0008487      0x253 fs/fat/ffunicode.32
                0x00000000c0008487                ff_uni2oem
                0x00000000c0008517                ff_oem2uni
                0x00000000c0008583                ff_wtoupper
 .text          0x00000000c00086da      0x8fb hal/libresample/samplerate.32
                0x00000000c000871e                src_delete
                0x00000000c000875a                src_process
                0x00000000c0008910                src_callback_read
                0x00000000c0008a8d                src_set_ratio
                0x00000000c0008af7                src_get_channels
                0x00000000c0008b19                src_reset
                0x00000000c0008b65                src_new
                0x00000000c0008bf3                src_callback_new
                0x00000000c0008c55                src_get_name
                0x00000000c0008c8c                src_get_description
                0x00000000c0008cc3                src_get_version
                0x00000000c0008cc9                src_is_valid_ratio
                0x00000000c0008d1d                src_error
                0x00000000c0008d2b                src_strerror
                0x00000000c0008d3e                src_simple
                0x00000000c0008d91                src_short_to_float_array
                0x00000000c0008df6                src_float_to_short_array
                0x00000000c0008eb5                src_int_to_float_array
                0x00000000c0008f18                src_float_to_int_array
 .text          0x00000000c0008fd5      0x8cb hal/libresample/src_linear.32
                0x00000000c00097fb                linear_get_name
                0x00000000c000980a                linear_get_description
                0x00000000c0009819                linear_set_converter
 .text          0x00000000c00098a0     0x447c hal/libresample/src_sinc.32
                0x00000000c000dc33                sinc_get_name
                0x00000000c000dc46                sinc_get_description
                0x00000000c000dc59                sinc_set_converter
 .text          0x00000000c000dd1c      0x77c hal/libresample/src_zoh.32
                0x00000000c000e3f3                zoh_get_name
                0x00000000c000e402                zoh_get_description
                0x00000000c000e411                zoh_set_converter
 .text          0x00000000c000e498       0xa7 compat/inlines.32
                0x00000000c000e498                CPU::current()
                0x00000000c000e4a4                operator new(unsigned long)
                0x00000000c000e4a9                operator delete(void*)
                0x00000000c000e4ae                disableIRQs()
                0x00000000c000e4b6                enableIRQs()
                0x00000000c000e4c5                lockScheduler()
                0x00000000c000e4cd                unlockScheduler()
                0x00000000c000e4dc                lockStuff()
                0x00000000c000e4ea                unlockStuff()
                0x00000000c000e524                Virt::getAKernelVAS()
                0x00000000c000e52a                __not_memcpy
 .text          0x00000000c000e53f      0x111 compat/resolve.32
                0x00000000c000e53f                Krnl::resolveCompatibilitySymbol(char*)
 .text          0x00000000c000e650      0x741 core/computer.32
                0x00000000c000e650                Computer::close(int, int, void*)
                0x00000000c000e694                Krnl::firstTask()
                0x00000000c000e7d6                Computer::Computer()
                0x00000000c000e7d6                Computer::Computer()
                0x00000000c000e932                Computer::setBootMessage(char const*)
                0x00000000c000e934                Computer::detectFeatures()
                0x00000000c000eb3e                Computer::displayFeatures()
                0x00000000c000eb40                Computer::rdmsr(unsigned int)
                0x00000000c000eb6c                Computer::wrmsr(unsigned int, unsigned long long)
                0x00000000c000eba4                Computer::nmiEnabled()
                0x00000000c000ebb0                Computer::readCMOS(unsigned char)
                0x00000000c000ebca                Computer::enableNMI(bool)
                0x00000000c000ebe2                Computer::open(int, int, void*)
                0x00000000c000ecd4                Computer::disableNMI()
                0x00000000c000ece2                Computer::writeCMOS(unsigned char, unsigned char)
                0x00000000c000ed00                Computer::handleNMI()
                0x00000000c000ed66                Computer::setDiskActivityLight(int, bool)
 *fill*         0x00000000c000ed91        0x1 
 .text          0x00000000c000ed92      0x19d core/gdt.32
                0x00000000c000ed92                GDTEntry::setBase(unsigned int)
                0x00000000c000edae                GDTEntry::setLimit(unsigned int)
                0x00000000c000edcc                GDT::GDT()
                0x00000000c000edcc                GDT::GDT()
                0x00000000c000ede2                GDT::addEntry(GDTEntry)
                0x00000000c000ee04                GDT::getNumberOfEntries()
                0x00000000c000ee0c                GDT::flush()
                0x00000000c000ee2e                GDT::setup()
 .text          0x00000000c000ef2f       0x6b core/idle.32
                0x00000000c000ef2f                idleFunction(void*)
 .text          0x00000000c000ef9a      0x45e core/idt.32
                0x00000000c000ef9a                IDTEntry::IDTEntry(bool)
                0x00000000c000ef9a                IDTEntry::IDTEntry(bool)
                0x00000000c000f008                IDTEntry::setOffset(unsigned int)
                0x00000000c000f01c                IDT::IDT()
                0x00000000c000f01c                IDT::IDT()
                0x00000000c000f01e                IDT::getPointerToInvalidOpcodeEntryForF00F()
                0x00000000c000f026                IDT::addEntry(IDTEntry, int)
                0x00000000c000f040                IDT::addEntry(int, void (*)(), bool)
                0x00000000c000f078                IDT::flush()
                0x00000000c000f092                IDT::setup()
 .text          0x00000000c000f3f8      0x1fb core/kheap.32
                0x00000000c000f3f8                sbrk
                0x00000000c000f505                mmap
                0x00000000c000f51b                munmap
                0x00000000c000f531                liballoc_lock()
                0x00000000c000f53e                liballoc_unlock()
                0x00000000c000f552                liballoc_alloc(int)
                0x00000000c000f56a                liballoc_free(void*, int)
                0x00000000c000f585                realloc
                0x00000000c000f599                malloc
                0x00000000c000f5a9                free
                0x00000000c000f5b9                rfree
                0x00000000c000f5c9                calloc
 .text          0x00000000c000f5f3      0x1b6 core/main.32
                0x00000000c000f5f3                Krnl::setBootMessage(char const*)
                0x00000000c000f65f                kernel_main
 .text          0x00000000c000f7a9      0x55a core/physmgr.32
                0x00000000c000f7a9                Phys::allocateDMA(unsigned long)
                0x00000000c000f84c                Phys::freeDMA(unsigned long, unsigned long)
                0x00000000c000f894                Phys::setPageState(unsigned long, bool)
                0x00000000c000f8c6                Phys::getPageState(unsigned long)
                0x00000000c000f8e2                Phys::freePage(unsigned long)
                0x00000000c000f93d                Phys::allocatePage()
                0x00000000c000fa0b                Phys::allocateContiguousPages(int)
                0x00000000c000fa67                Phys::allowSegmentToBeUsed(unsigned long, unsigned long)
                0x00000000c000fa9f                Phys::physicalMemorySetup(unsigned int)
 *fill*         0x00000000c000fd03        0x1 
 .text          0x00000000c000fd04      0x273 core/pipe.32
                0x00000000c000fd04                Pipe::isAtty()
                0x00000000c000fd08                Pipe::~Pipe()
                0x00000000c000fd08                Pipe::~Pipe()
                0x00000000c000fd2c                Pipe::~Pipe()
                0x00000000c000fd54                Pipe::read(unsigned long long, void*, int*)
                0x00000000c000fe50                Pipe::write(unsigned long long, void*, int*)
                0x00000000c000ff10                Pipe::Pipe(int)
                0x00000000c000ff10                Pipe::Pipe(int)
 *fill*         0x00000000c000ff77        0x1 
 .text          0x00000000c000ff78      0xb91 core/terminal.32
                0x00000000c000ff78                VgaText::isAtty()
                0x00000000c000ff7c                VgaText::~VgaText()
                0x00000000c000ff7c                VgaText::~VgaText()
                0x00000000c000ffa0                VgaText::~VgaText()
                0x00000000c000ffca                VgaText::read(unsigned long long, void*, int*)
                0x00000000c000ffea                setTerminalScrollLock(bool)
                0x00000000c000ffeb                addToTerminalCycle(VgaText*)
                0x00000000c001000c                installVgaTextImplementation()
                0x00000000c0010021                scrollTerminalScrollLock(int)
                0x00000000c0010022                VgaText::updateTitle()
                0x00000000c0010060                VgaText::load()
                0x00000000c00100ae                VgaText::updateCursor()
                0x00000000c00100c4                VgaText::doANSI_SGR(int)
                0x00000000c0010138                VgaText::setDefaultBgColour(VgaColour)
                0x00000000c0010148                VgaText::setDefaultFgColour(VgaColour)
                0x00000000c0010158                VgaText::setDefaultColours(VgaColour, VgaColour)
                0x00000000c0010178                VgaText::setTitleTextColour(VgaColour)
                0x00000000c0010188                VgaText::setTitleColour(VgaColour)
                0x00000000c0010198                VgaText::setTitle(char*)
                0x00000000c00101be                VgaText::combineColours(unsigned char, unsigned char)
                0x00000000c00101d0                VgaText::scrollScreen()
                0x00000000c0010264                VgaText::combineCharAndColour(char, unsigned char)
                0x00000000c0010276                VgaText::writeCharacter(char, VgaColour, VgaColour, int, int)
                0x00000000c00102d2                VgaText::getCursorX()
                0x00000000c00102da                VgaText::getCursorY()
                0x00000000c00102e2                VgaText::setCursor(int, int)
                0x00000000c00102f9                setActiveTerminal(VgaText*)
                0x00000000c001035b                doTerminalCycle()
                0x00000000c0010376                VgaText::setCursorX(int)
                0x00000000c001038e                VgaText::setCursorY(int)
                0x00000000c00103a6                VgaText::incrementCursor(bool)
                0x00000000c00103fa                VgaText::decrementCursor(bool)
                0x00000000c001041c                VgaText::putchar(char, VgaColour, VgaColour)
                0x00000000c00104f4                VgaText::doUpdate()
                0x00000000c0010502                VgaText::puts(char const*, VgaColour, VgaColour)
                0x00000000c001067a                VgaText::clearScreen()
                0x00000000c00106d4                VgaText::putchar(char)
                0x00000000c00107c0                VgaText::putx(unsigned int)
                0x00000000c0010806                VgaText::puts(char const*)
                0x00000000c001082c                VgaText::VgaText(char const*)
                0x00000000c001082c                VgaText::VgaText(char const*)
                0x00000000c00109a8                VgaText::receiveKey(unsigned char)
                0x00000000c0010a90                VgaText::write(unsigned long long, void*, int*)
                0x00000000c0010ae4                newTerminal(char*)
 *fill*         0x00000000c0010b09        0x1 
 .text          0x00000000c0010b0a      0x19d core/tss.32
                0x00000000c0010b0a                TSS::TSS()
                0x00000000c0010b0a                TSS::TSS()
                0x00000000c0010b18                TSS::setESP(unsigned long)
                0x00000000c0010b2a                TSS::flush()
                0x00000000c0010b4a                TSS::setup(unsigned long, unsigned long)
 *fill*         0x00000000c0010ca7        0x1 
 .text          0x00000000c0010ca8      0x4c2 core/unixfile.32
                0x00000000c0010ca8                ReservedFilename::read(unsigned long long, void*, int*)
                0x00000000c0010cfe                ReservedFilename::isAtty()
                0x00000000c0010d1a                ReservedFilename::write(unsigned long long, void*, int*)
                0x00000000c0010d78                UnixFile::getFileDescriptor()
                0x00000000c0010d80                UnixFile::UnixFile(int)
                0x00000000c0010d80                UnixFile::UnixFile(int)
                0x00000000c0010f30                ReservedFilename::ReservedFilename(int)
                0x00000000c0010f30                ReservedFilename::ReservedFilename(int)
                0x00000000c0010f62                UnixFile::~UnixFile()
                0x00000000c0010f62                UnixFile::~UnixFile()
                0x00000000c0010ffa                UnixFile::~UnixFile()
                0x00000000c0011022                ReservedFilename::~ReservedFilename()
                0x00000000c0011022                ReservedFilename::~ReservedFilename()
                0x00000000c0011046                ReservedFilename::~ReservedFilename()
                0x00000000c001106d                getFromFileDescriptor(int)
 .text          0x00000000c001116a     0x12cf core/virtmgr.32
                0x00000000c001116a                Virt::setPageState(unsigned long, Virt::VirtPageState)
                0x00000000c001119f                Virt::getPageState(unsigned long)
                0x00000000c00111c3                Virt::allocateKernelVirtualPages(int)
                0x00000000c00112d4                Virt::freeSwapfilePage(unsigned long)
                0x00000000c00112f2                Virt::swapIDToSector(unsigned long)
                0x00000000c0011304                Virt::allocateSwapfilePage()
                0x00000000c0011382                Virt::virtualMemorySetup()
                0x00000000c00113cd                Virt::setupPageSwapping(int)
                0x00000000c0011554                VAS::VAS()
                0x00000000c0011554                VAS::VAS()
                0x00000000c0011590                VAS::VAS(VAS*)
                0x00000000c0011590                VAS::VAS(VAS*)
                0x00000000c00115be                VAS::getForeignPageTableEntry(bool, unsigned long)
                0x00000000c00115ea                VAS::getPageTableEntry(unsigned long)
                0x00000000c0011609                Virt::freeKernelVirtualPages(unsigned long)
                0x00000000c001172c                VAS::freeAllocatedPages(unsigned long)
                0x00000000c0011750                VAS::virtualToPhysical(unsigned long)
                0x00000000c0011768                VAS::reflagRange(unsigned long, int, int, int)
                0x00000000c00117a8                VAS::setToWriteCombining(unsigned long, int)
                0x00000000c00117da                VAS::mapOtherVASIn(bool, VAS*)
                0x00000000c0011804                VAS::~VAS()
                0x00000000c0011804                VAS::~VAS()
                0x00000000c0011980                VAS::mapPage(unsigned long, unsigned long, int)
                0x00000000c0011a82                VAS::allocatePages(int, int)
                0x00000000c0011c5a                VAS::setCPUSpecific(unsigned long)
                0x00000000c0011c76                VAS::mapRange(unsigned long, unsigned long, int, int)
                0x00000000c0011d3c                VAS::mapForeignPage(bool, VAS*, unsigned long, unsigned long, int)
                0x00000000c0011e2a                VAS::VAS(bool)
                0x00000000c0011e2a                VAS::VAS(bool)
                0x00000000c00120aa                VAS::evict(unsigned long)
                0x00000000c001216c                VAS::tryLoadBackOffDisk(unsigned long)
                0x00000000c00122d4                VAS::scanForEviction()
                0x00000000c001237d                mapVASFirstTime
 .text          0x00000000c0012439       0x95 coreobjs/c++.32
                0x00000000c0012439                __cxa_atexit
                0x00000000c001243c                __cxa_finalize
                0x00000000c001243d                __stack_chk_fail
                0x00000000c00124a9                __cxa_pure_virtual
                0x00000000c00124ba                operator new[](unsigned long)
                0x00000000c00124bf                operator delete(void*, unsigned long)
                0x00000000c00124c4                operator delete[](void*)
                0x00000000c00124c9                operator delete[](void*, unsigned long)
 .text          0x00000000c00124ce      0x1e7 dbg/kconsole.32
                0x00000000c00124ce                Dbg::stringifyxWithBase(unsigned int, char*, int)
                0x00000000c0012527                Dbg::logc(char)
                0x00000000c001253e                Dbg::logs(char*)
                0x00000000c001255b                Dbg::logWriteInt(unsigned int)
                0x00000000c0012578                Dbg::logWriteIntBase(unsigned int, int)
                0x00000000c0012597                Dbg::kprintf(char const*, ...)
 *fill*         0x00000000c00126b5        0x1 
 .text          0x00000000c00126b6      0xb82 fs/vfs.32
                0x00000000c00126b6                File::read(unsigned long long, void*, int*)
                0x00000000c001270e                File::write(unsigned long long, void*, int*)
                0x00000000c0012766                Directory::read(unsigned long long, void*, int*)
                0x00000000c00127be                Directory::write(unsigned long long, void*, int*)
                0x00000000c00127ec                File::isAtty()
                0x00000000c00127f0                Directory::isAtty()
                0x00000000c00127f4                Filesystem::getlabel(LogicalDisk*, int, char*, unsigned int*)
                0x00000000c00127fa                Filesystem::setlabel(LogicalDisk*, int, char*)
                0x00000000c0012800                Filesystem::getFileFirstSector(char const*)
                0x00000000c0012806                File::~File()
                0x00000000c0012806                File::~File()
                0x00000000c001282a                File::~File()
                0x00000000c0012854                Directory::~Directory()
                0x00000000c0012854                Directory::~Directory()
                0x00000000c0012878                Directory::~Directory()
                0x00000000c00128a2                Filesystem::Filesystem()
                0x00000000c00128a2                Filesystem::Filesystem()
                0x00000000c00128c6                Filesystem::~Filesystem()
                0x00000000c00128c6                Filesystem::~Filesystem()
                0x00000000c00128d4                Filesystem::~Filesystem()
                0x00000000c00128f8                Fs::getcwd(Process*, char*, int)
                0x00000000c0012922                Fs::initVFS()
                0x00000000c001294c                Fs::standardiseFiles(char*, char const*, char const*)
                0x00000000c0012af6                File::File(char const*, Process*)
                0x00000000c0012af6                File::File(char const*, Process*)
                0x00000000c0012b5a                File::open(FileOpenMode)
                0x00000000c0012bb8                File::close()
                0x00000000c0012c18                File::seek(unsigned long long)
                0x00000000c0012c6e                File::tell(unsigned long long*)
                0x00000000c0012cbe                File::rewind()
                0x00000000c0012cd2                File::unlink()
                0x00000000c0012d1e                File::rename(char const*)
                0x00000000c0012d6c                File::chfatattr(unsigned char, unsigned char)
                0x00000000c0012dc8                File::exists()
                0x00000000c0012e06                File::stat(unsigned long long*, bool*)
                0x00000000c0012e67                Fs::setcwd(Process*, char*)
                0x00000000c0012fa2                Directory::Directory(char const*, Process*)
                0x00000000c0012fa2                Directory::Directory(char const*, Process*)
                0x00000000c0013006                Directory::open()
                0x00000000c0013062                Directory::close()
                0x00000000c00130c2                Directory::unlink()
                0x00000000c001310e                Directory::rename(char const*)
                0x00000000c001315c                Directory::exists()
                0x00000000c001319a                Directory::read(dirent*)
                0x00000000c00131e6                Directory::create()
                0x00000000c0013232                Filesystem::chfatattr(char const*, unsigned char, unsigned char)
 .text          0x00000000c0013238       0x84 hal/bus.32
                0x00000000c0013238                Bus::Bus(char const*)
                0x00000000c0013238                Bus::Bus(char const*)
                0x00000000c001326e                Bus::~Bus()
                0x00000000c001326e                Bus::~Bus()
                0x00000000c0013292                Bus::~Bus()
 .text          0x00000000c00132bc      0x156 hal/buzzer.32
                0x00000000c00132bc                Buzzer::Buzzer(char const*)
                0x00000000c00132bc                Buzzer::Buzzer(char const*)
                0x00000000c0013300                Buzzer::~Buzzer()
                0x00000000c0013300                Buzzer::~Buzzer()
                0x00000000c0013324                Buzzer::~Buzzer()
                0x00000000c001334e                Buzzer::stop()
                0x00000000c0013361                beepThread(void*)
                0x00000000c00133a4                Buzzer::beep(int, int, bool)
 .text          0x00000000c0013412      0x467 hal/clock.32
                0x00000000c0013412                User::loadClockSettings(int)
                0x00000000c0013464                Clock::Clock(char const*)
                0x00000000c0013464                Clock::Clock(char const*)
                0x00000000c001349a                Clock::~Clock()
                0x00000000c001349a                Clock::~Clock()
                0x00000000c00134be                Clock::~Clock()
                0x00000000c00134e8                Clock::timeInSecondsLocal()
                0x00000000c0013530                Clock::setTimeInSecondsLocal(unsigned long long)
                0x00000000c0013589                datetimeToSeconds(datetime_t)
                0x00000000c00136b0                Clock::setTimeInDatetimeLocal(datetime_t)
                0x00000000c0013710                secondsToDatetime(unsigned long long)
                0x00000000c0013854                Clock::timeInDatetimeLocal()
 *fill*         0x00000000c0013879        0x1 
 .text          0x00000000c001387a      0x504 hal/device.32
                0x00000000c001387a                Device::hibernate()
                0x00000000c001387c                Device::wake()
                0x00000000c001387e                Device::detect()
                0x00000000c0013880                Device::disableLegacy()
                0x00000000c0013882                Device::powerSaving(PowerSavingLevel)
                0x00000000c0013884                DriverlessDevice::close(int, int, void*)
                0x00000000c0013888                DriverlessDevice::detect()
                0x00000000c001388a                DriverlessDevice::open(int, int, void*)
                0x00000000c001389e                Device::~Device()
                0x00000000c001389e                Device::~Device()
                0x00000000c00138ac                Device::~Device()
                0x00000000c00138d4                Device::findAndLoadDriver()
                0x00000000c00138e2                Device::preOpenPCI(PCIDeviceInfo)
                0x00000000c0013908                Device::preOpenACPI(void*, char*, char*)
                0x00000000c0013948                Device::addIRQHandler(int, void (*)(regs*, void*), bool, void*)
                0x00000000c0013986                Device::getParent()
                0x00000000c0013992                Device::removeIRQHandler(int, void (*)(regs*, void*), bool)
                0x00000000c00139d0                Device::addChild(Device*)
                0x00000000c0013a14                Device::removeAllChildren()
                0x00000000c0013a5a                Device::hibernateAll()
                0x00000000c0013a8a                Device::wakeAll()
                0x00000000c0013aba                Device::detectAll()
                0x00000000c0013aea                Device::disableLegacyAll()
                0x00000000c0013b1a                Device::loadDriversForAll()
                0x00000000c0013b5a                Device::closeAll()
                0x00000000c0013b90                Device::powerSavingAll(PowerSavingLevel)
                0x00000000c0013bc6                Device::setName(char const*)
                0x00000000c0013bd4                Device::Device(char const*)
                0x00000000c0013bd4                Device::Device(char const*)
                0x00000000c0013cd0                Device::getName()
                0x00000000c0013cda                DriverlessDevice::DriverlessDevice(char const*)
                0x00000000c0013cda                DriverlessDevice::DriverlessDevice(char const*)
                0x00000000c0013d10                Device::addToLinkedList(LinkedList<Device>&, DeviceType)
                0x00000000c0013d54                getDevicesOfType(DeviceType)
 .text          0x00000000c0013d7e       0x84 hal/diskctrl.32
                0x00000000c0013d7e                HardDiskController::HardDiskController(char const*)
                0x00000000c0013d7e                HardDiskController::HardDiskController(char const*)
                0x00000000c0013db4                HardDiskController::~HardDiskController()
                0x00000000c0013db4                HardDiskController::~HardDiskController()
                0x00000000c0013dd8                HardDiskController::~HardDiskController()
 .text          0x00000000c0013e02       0xe2 hal/diskphys.32
                0x00000000c0013e02                PhysicalDisk::eject()
                0x00000000c0013e06                PhysicalDisk::PhysicalDisk(char const*, int)
                0x00000000c0013e06                PhysicalDisk::PhysicalDisk(char const*, int)
                0x00000000c0013e6e                PhysicalDisk::startCache()
                0x00000000c0013e96                PhysicalDisk::~PhysicalDisk()
                0x00000000c0013e96                PhysicalDisk::~PhysicalDisk()
                0x00000000c0013eba                PhysicalDisk::~PhysicalDisk()
 .text          0x00000000c0013ee4      0x13b hal/fpu.32
                0x00000000c0013ee4                FPU::FPU(char const*)
                0x00000000c0013ee4                FPU::FPU(char const*)
                0x00000000c0013f1a                FPU::~FPU()
                0x00000000c0013f1a                FPU::~FPU()
                0x00000000c0013f3e                FPU::~FPU()
                0x00000000c0013f68                setupFPU()
 *fill*         0x00000000c001401f        0x1 
 .text          0x00000000c0014020     0x1435 hal/intctrl.32
                0x00000000c0014020                InterruptController::uninstallISRHandler(int, void (*)(regs*, void*))
                0x00000000c0014058                InterruptController::installISRHandler(int, void (*)(regs*, void*), void*)
                0x00000000c00140aa                doubleFault(regs*, void*)
                0x00000000c00140c4                InterruptController::installIRQHandler(int, void (*)(regs*, void*), bool, void*)
                0x00000000c0014160                InterruptController::clearAllHandlers(int, bool)
                0x00000000c0014208                InterruptController::uninstallIRQHandler(int, void (*)(regs*, void*), bool)
                0x00000000c001428f                nmiHandler(regs*, void*)
                0x00000000c001429d                int_handler
                0x00000000c001433e                InterruptController::InterruptController(char const*)
                0x00000000c001433e                InterruptController::InterruptController(char const*)
                0x00000000c00143e4                InterruptController::~InterruptController()
                0x00000000c00143e4                InterruptController::~InterruptController()
                0x00000000c0014408                InterruptController::~InterruptController()
                0x00000000c0014432                displayDebugInfo(regs*)
                0x00000000c00148c1                x87EmulHandler(regs*, void*)
                0x00000000c0014934                gpFault(regs*, void*)
                0x00000000c001496d                pgFault(regs*, void*)
                0x00000000c00149b5                otherISRHandler(regs*, void*)
                0x00000000c00149d4                opcodeFault(regs*, void*)
                0x00000000c0014ff1                displayProgramFault(char const*)
                0x00000000c0015019                setupInterruptController()
                0x00000000c0015408                InterruptController::convertLegacyIRQNumber(int)
 *fill*         0x00000000c0015455        0x1 
 .text          0x00000000c0015456      0x784 hal/keybrd.32
                0x00000000c0015456                startGUI(void*)
                0x00000000c00154c2                startGUIVESA(void*)
                0x00000000c001552e                sendKeyToTerminal(unsigned char)
                0x00000000c00155ec                sendKeyboardToken(KeyboardToken)
                0x00000000c0015a29                clearInternalKeybuffer(VgaText*)
                0x00000000c0015a5e                readKeyboard(VgaText*, char*, unsigned long)
                0x00000000c0015b50                Keyboard::Keyboard(char const*)
                0x00000000c0015b50                Keyboard::Keyboard(char const*)
                0x00000000c0015b8c                Keyboard::~Keyboard()
                0x00000000c0015b8c                Keyboard::~Keyboard()
                0x00000000c0015bb0                Keyboard::~Keyboard()
 .text          0x00000000c0015bda      0x3ea hal/logidisk.32
                0x00000000c0015bda                LogicalDisk::close(int, int, void*)
                0x00000000c0015bde                LogicalDisk::~LogicalDisk()
                0x00000000c0015bde                LogicalDisk::~LogicalDisk()
                0x00000000c0015c02                LogicalDisk::~LogicalDisk()
                0x00000000c0015c2c                LogicalDisk::open(int, int, void*)
                0x00000000c0015c40                LogicalDisk::absoluteToRelative(unsigned long long)
                0x00000000c0015c78                LogicalDisk::relativeToAbsolute(unsigned long long)
                0x00000000c0015cbe                LogicalDisk::LogicalDisk(char const*, PhysicalDisk*, unsigned long long, unsigned long long)
                0x00000000c0015cbe                LogicalDisk::LogicalDisk(char const*, PhysicalDisk*, unsigned long long, unsigned long long)
                0x00000000c0015d74                LogicalDisk::assignDriveLetter()
                0x00000000c0015e2a                LogicalDisk::mount()
                0x00000000c0015e72                LogicalDisk::unmount()
                0x00000000c0015e82                LogicalDisk::eject()
                0x00000000c0015e96                LogicalDisk::unassignDriveLetter()
                0x00000000c0015eec                LogicalDisk::read(unsigned long long, int, void*)
                0x00000000c0015f58                LogicalDisk::write(unsigned long long, int, void*)
 .text          0x00000000c0015fc4       0x84 hal/mouse.32
                0x00000000c0015fc4                Mouse::Mouse(char const*)
                0x00000000c0015fc4                Mouse::Mouse(char const*)
                0x00000000c0015ffa                Mouse::~Mouse()
                0x00000000c0015ffa                Mouse::~Mouse()
                0x00000000c001601e                Mouse::~Mouse()
 .text          0x00000000c0016048      0x339 hal/partition.32
                0x00000000c0016048                makePartition(PhysicalDisk*, unsigned long long, unsigned long long)
                0x00000000c00160f0                createPartitionsForDisk(PhysicalDisk*)
 *fill*         0x00000000c0016381        0x1 
 .text          0x00000000c0016382       0x84 hal/serial.32
                0x00000000c0016382                Serial::Serial(char const*)
                0x00000000c0016382                Serial::Serial(char const*)
                0x00000000c00163b8                Serial::~Serial()
                0x00000000c00163b8                Serial::~Serial()
                0x00000000c00163dc                Serial::~Serial()
 .text          0x00000000c0016406      0x2f3 hal/timer.32
                0x00000000c0016406                Timer::Timer(char const*)
                0x00000000c0016406                Timer::Timer(char const*)
                0x00000000c001643c                Timer::~Timer()
                0x00000000c001643c                Timer::~Timer()
                0x00000000c0016460                Timer::~Timer()
                0x00000000c001648a                Timer::read()
                0x00000000c0016495                timerHandler(unsigned long long)
                0x00000000c0016607                setupTimer(int)
 *fill*         0x00000000c00166f9        0x1 
 .text          0x00000000c00166fa      0x409 hal/vcache.32
                0x00000000c00166fa                VCache::VCache(PhysicalDisk*)
                0x00000000c00166fa                VCache::VCache(PhysicalDisk*)
                0x00000000c0016862                VCache::invalidateReadBuffer()
                0x00000000c0016872                VCache::writeWriteBuffer()
                0x00000000c00168ae                VCache::~VCache()
                0x00000000c00168ae                VCache::~VCache()
                0x00000000c0016902                VCache::~VCache()
                0x00000000c001692a                VCache::write(unsigned long long, int, void*)
                0x00000000c0016a14                VCache::read(unsigned long long, int, void*)
 *fill*         0x00000000c0016b03        0x1 
 .text          0x00000000c0016b04      0x4b3 hal/video.32
                0x00000000c0016b04                Video::putrect(int, int, int, int, unsigned int)
                0x00000000c0016b50                Video::bitblit(int, int, int, int, int, int, int, unsigned int*)
                0x00000000c0016bc0                Video::blit(unsigned int*, int, int, int, int)
                0x00000000c0016c3e                Video::clearScreen(unsigned int)
                0x00000000c0016c72                Video::putpixel(int, int, unsigned int)
                0x00000000c0016c80                Video::Video(char const*)
                0x00000000c0016c80                Video::Video(char const*)
                0x00000000c0016cb6                Video::~Video()
                0x00000000c0016cb6                Video::~Video()
                0x00000000c0016cda                Video::~Video()
                0x00000000c0016d04                Video::isMonochrome()
                0x00000000c0016d10                Video::getWidth()
                0x00000000c0016d1c                Video::getHeight()
                0x00000000c0016d28                Video::drawCursor(int, int, unsigned char*, int)
                0x00000000c0016de4                Video::tgaParse(unsigned char*, int, int*, int*)
                0x00000000c0016f4c                Video::putTGA(int, int, unsigned char*, int)
 *fill*         0x00000000c0016fb7        0x1 
 .text          0x00000000c0016fb8     0x11c9 hw/acpi.32
                0x00000000c0016fb8                ACPI::close(int, int, void*)
                0x00000000c001705d                findRSDP()
                0x00000000c00170e7                loadACPITables(unsigned char*)
                0x00000000c001733e                findRSDT(unsigned char*)
                0x00000000c0017488                findDataTable(unsigned char*, char*)
                0x00000000c00174fa                scanMADT()
                0x00000000c0017968                ACPI::ACPI()
                0x00000000c0017968                ACPI::ACPI()
                0x00000000c00179bc                ACPI::getPCIIRQAssignment(unsigned char, unsigned short, unsigned char)
                0x00000000c0017a9e                ACPI::registerPCIIRQAssignment(void*, unsigned short, unsigned char, unsigned char)
                0x00000000c0017b64                ACPI::setScreenBrightnessLevel(void*, int)
                0x00000000c0017b6a                ACPI::detectPCI()
                0x00000000c0017d6c                ACPI::writeSimpleBootFlag(SimpleBootFlagTable*)
                0x00000000c0017db4                ACPI::sleep()
                0x00000000c0017dcc                ACPI::open(int, int, void*)
 *fill*         0x00000000c0018181        0x1 
 .text          0x00000000c0018182     0x1495 hw/cpu.32
                0x00000000c0018182                CPU::close(int, int, void*)
                0x00000000c0018186                CPU::lookupAMDName(unsigned char, unsigned char)
                0x00000000c001831a                CPU::lookupIntelName(unsigned char, unsigned char)
                0x00000000c00185c8                CPU::AMD_K6_write_msr(unsigned int, unsigned int, unsigned int, CPU::REGS*)
                0x00000000c00185e4                CPU::AMD_K6_read_msr(unsigned int, CPU::REGS*)
                0x00000000c00185fc                CPU::AMD_K6_writeback(int, int, int)
                0x00000000c0018670                CPU::cpuid(int, unsigned long*, unsigned long*, unsigned long*, unsigned long*)
                0x00000000c00186f4                CPU::cpuidCheckEDX(unsigned int)
                0x00000000c0018722                CPU::cpuidCheckECX(unsigned int)
                0x00000000c0018750                CPU::cpuidCheckExtendedEBX(unsigned int)
                0x00000000c001877e                CPU::cpuidCheckExtendedECX(unsigned int)
                0x00000000c00187ac                CPU::CPU()
                0x00000000c00187ac                CPU::CPU()
                0x00000000c001883a                CPU::displayFeatures()
                0x00000000c001883c                CPU::detectFeatures()
                0x00000000c001922e                CPU::setupSMEP()
                0x00000000c001923a                CPU::setupUMIP()
                0x00000000c0019244                CPU::setupTSC()
                0x00000000c001924e                CPU::setupLargePages()
                0x00000000c0019258                CPU::setupPAT()
                0x00000000c0019294                CPU::setupMTRR()
                0x00000000c0019296                CPU::setupGlobalPages()
                0x00000000c00192a0                CPU::allowUsermodeDataAccess()
                0x00000000c00192b2                CPU::prohibitUsermodeDataAccess()
                0x00000000c00192c4                CPU::setupSMAP()
                0x00000000c00192d2                CPU::setupFeatures()
                0x00000000c0019352                CPU::open(int, int, void*)
                0x00000000c001941c                CPU::decodeAddress(regs*, int*, bool*, unsigned char*)
 .text          0x00000000c0019617        0x0 hw/ports.32
 .text          0x00000000c0019617      0x16a hw/smp.32
                0x00000000c0019617                Krnl::smpEntry()
                0x00000000c0019619                Krnl::startCPU(int)
                0x00000000c0019762                Krnl::startCPUs()
 *fill*         0x00000000c0019781        0x1 
 .text          0x00000000c0019782      0x581 krnl/env.32
                0x00000000c0019782                EnvVarContainer::getEnv(char const*)
                0x00000000c00197c0                EnvVarContainer::setEnv(char const*, char const*)
                0x00000000c0019882                EnvVarContainer::deleteEnv(char const*)
                0x00000000c0019884                EnvVarContainer::loadFrom(char const*, char const*)
                0x00000000c0019a6a                EnvVarContainer::__loadSystem()
                0x00000000c0019a84                EnvVarContainer::__loadUser()
                0x00000000c0019a86                EnvVarContainer::EnvVarContainer(Process*)
                0x00000000c0019a86                EnvVarContainer::EnvVarContainer(Process*)
                0x00000000c0019aa8                EnvVarContainer::~EnvVarContainer()
                0x00000000c0019aa8                EnvVarContainer::~EnvVarContainer()
                0x00000000c0019ad8                Krnl::getEnv(Process*, char const*)
                0x00000000c0019b3d                Krnl::setEnvSystem(char const*, char const*)
                0x00000000c0019b57                Krnl::setEnvUser(char const*, char const*)
                0x00000000c0019b76                Krnl::setEnvProcess(Process*, char const*, char const*)
                0x00000000c0019b89                Krnl::deleteEnvSystem(char const*)
                0x00000000c0019b8a                Krnl::deleteEnvUser(char const*)
                0x00000000c0019b8b                Krnl::deleteEnvProcess(Process*, char const*)
                0x00000000c0019b8c                Krnl::newProcessEnv(Process*)
                0x00000000c0019bae                Krnl::copyProcessEnv(Process*, Process*)
                0x00000000c0019bfa                Krnl::loadSystemEnv()
                0x00000000c0019c28                Krnl::loadUserEnv()
                0x00000000c0019c4e                Krnl::flushEnv()
                0x00000000c0019c4f                Krnl::getProcessTotalEnvCount(Process*)
                0x00000000c0019c6f                Krnl::getProcessEnvPair(Process*, int)
 .text          0x00000000c0019d03      0x39c krnl/panic.32
                0x00000000c0019d03                Krnl::panic(char const*)
 .text          0x00000000c001a09f      0x57f net/ethernet.32
                0x00000000c001a09f                Net::switchEndian16(unsigned short)
                0x00000000c001a0c0                Net::switchEndian32(unsigned int)
                0x00000000c001a0ef                Net::crc32Calc(unsigned char*, int)
                0x00000000c001a180                Net::wrapEthernetFrame(Net::UnwrappedEthernetFrame, unsigned char*)
                0x00000000c001a393                Net::unwrapEthernetFrame(unsigned char*, int)
 .text          0x00000000c001a61e      0x50e reg/registry.32
                0x00000000c001a61e                Reg::findLineFromLoadedData(char*, char*, char*)
                0x00000000c001a776                Reg::getLineFromRegistry(char*, char*, char*, char*)
                0x00000000c001a8cb                Reg::getLine(char*, char*, char*)
                0x00000000c001a902                Reg::readInt(char*, char*, int*)
                0x00000000c001a9ed                Reg::readString(char*, char*, char*, int)
                0x00000000c001aa6e                Reg::readBool(char*, char*, bool*)
                0x00000000c001aa93                Reg::readBoolWithDefault(char*, char*, bool)
                0x00000000c001aabf                Reg::readIntWithDefault(char*, char*, int)
                0x00000000c001aaeb                Reg::readStringWithDefault(char*, char*, char*, int, char*)
 .text          0x00000000c001ab2c       0x36 sys/sc_eject.32
                0x00000000c001ab2c                Sys::eject(regs*)
 .text          0x00000000c001ab62       0x18 sys/sc_exit.32
                0x00000000c001ab62                Sys::exit(regs*)
 .text          0x00000000c001ab7a       0x1f sys/sc_getcwd.32
                0x00000000c001ab7a                Sys::getCwd(regs*)
 .text          0x00000000c001ab99        0xc sys/sc_getpid.32
                0x00000000c001ab99                Sys::getPID(regs*)
 .text          0x00000000c001aba5       0x17 sys/sc_getramdata.32
                0x00000000c001aba5                Sys::getRAMData(regs*)
 .text          0x00000000c001abbc       0x84 sys/sc_getvgaptr.32
                0x00000000c001abbc                Sys::getVGAPtr(regs*)
 .text          0x00000000c001ac40       0xa8 sys/sc_loaddll.32
                0x00000000c001ac40                Sys::loadDLL(regs*)
 .text          0x00000000c001ace8       0x68 sys/sc_read.32
                0x00000000c001ace8                Sys::read(regs*)
 .text          0x00000000c001ad50       0x55 sys/sc_sbrk.32
                0x00000000c001ad50                Sys::sbrk(regs*)
 .text          0x00000000c001ada5       0x1c sys/sc_setcwd.32
                0x00000000c001ada5                Sys::setCwd(regs*)
 .text          0x00000000c001adc1       0x95 sys/sc_settime.32
                0x00000000c001adc1                Sys::setTime(regs*)
 .text          0x00000000c001ae56       0x4a sys/sc_timezone.32
                0x00000000c001ae56                Sys::timezone(regs*)
 .text          0x00000000c001aea0       0x68 sys/sc_write.32
                0x00000000c001aea0                Sys::write(regs*)
 .text          0x00000000c001af08       0x62 sys/sc_wsbe.32
                0x00000000c001af08                Sys::wsbe(regs*)
 .text          0x00000000c001af6a       0x46 sys/sc_yield.32
                0x00000000c001af6a                Sys::yield(regs*)
 .text          0x00000000c001afb0      0xf84 sys/syscalls.32
                0x00000000c001afb0                sysCallSeekDir(regs*)
                0x00000000c001afb5                sysCallTellDir(regs*)
                0x00000000c001afba                sysCallVerify(regs*)
                0x00000000c001afc4                sysCallGetArgc(regs*)
                0x00000000c001afd4                sysFormatDisk(regs*)
                0x00000000c001b03e                sysSetDiskVolumeLabel(regs*)
                0x00000000c001b084                sysGetDiskVolumeLabel(regs*)
                0x00000000c001b0d5                sysShutdown(regs*)
                0x00000000c001b133                sysCallRealpath(regs*)
                0x00000000c001b176                sysCallReadDir(regs*)
                0x00000000c001b1f5                sysCallIsATTY(regs*)
                0x00000000c001b24f                sysCallSeek(regs*)
                0x00000000c001b2a6                sysCallTell(regs*)
                0x00000000c001b312                sysCallSize(regs*)
                0x00000000c001b384                sysCallSizeFromFilename(regs*)
                0x00000000c001b433                sysCallClose(regs*)
                0x00000000c001b493                sysCallOpenDir(regs*)
                0x00000000c001b508                sysCallCloseDir(regs*)
                0x00000000c001b55c                sysCallMakeDir(regs*)
                0x00000000c001b5cc                sysCallWait(regs*)
                0x00000000c001b5e6                sysCallNotImpl(regs*)
                0x00000000c001b601                sysPanic(regs*)
                0x00000000c001b61b                sysCallRmdir(regs*)
                0x00000000c001b67f                sysCallUnlink(regs*)
                0x00000000c001b6e3                sysCallGetArgv(regs*)
                0x00000000c001b72f                sysCallTTYName(regs*)
                0x00000000c001b7b2                sysCallUSleep(regs*)
                0x00000000c001b7d9                sysCallSpawn(regs*)
                0x00000000c001b841                sysCallGetEnv(regs*)
                0x00000000c001b8ee                sysAppSettings(regs*)
                0x00000000c001ba02                sysSetFatAttrib(regs*)
                0x00000000c001ba74                sysPipe(regs*)
                0x00000000c001bab9                sysGetUnixTime(regs*)
                0x00000000c001bacd                string_ends_with(char const*, char const*)
                0x00000000c001bb15                sysCallOpen(regs*)
                0x00000000c001bcfd                Sys::loadSyscalls()
                0x00000000c001bef2                Sys::systemCall(regs*, void*)
 .text          0x00000000c001bf34     0x11fd thr/elf.32
                0x00000000c001bf34                Thr::allocateMemoryForTask(Process*, File*, unsigned long, unsigned long, unsigned long)
                0x00000000c001c1de                Thr::loadProgramIntoMemory(Process*, char const*)
                0x00000000c001c3f4                Thr::runtimeReferenceHelper()
                0x00000000c001c407                Thr::getAddressOfKernelSymbol(char const*)
                0x00000000c001c456                Thr::loadKernelSymbolTable(char const*)
                0x00000000c001c714                Thr::loadDriverIntoMemory(char const*, unsigned long, bool)
                0x00000000c001ce4a                Thr::getDriverBaseFromAddress(unsigned long)
                0x00000000c001ce7c                Thr::getDriverNameFromAddress(unsigned long)
                0x00000000c001ceb3                Thr::getDriverOffsetFromAddress(unsigned long)
                0x00000000c001cecd                Thr::loadDLL(char const*, bool)
                0x00000000c001d0f8                Thr::executeDLL(unsigned long, void*)
 *fill*         0x00000000c001d131        0x1 
 .text          0x00000000c001d132     0x11ef thr/prcssthr.32
                0x00000000c001d132                userModeEntryPoint(void*)
                0x00000000c001d158                changeTSS
                0x00000000c001d188                switchToThread(ThreadControlBlock*)
                0x00000000c001d232                Process::addArgs(char**)
                0x00000000c001d28c                Process::Process(char const*, Process*, char**)
                0x00000000c001d28c                Process::Process(char const*, Process*, char**)
                0x00000000c001d470                Process::Process(bool, char const*, Process*, char**)
                0x00000000c001d470                Process::Process(bool, char const*, Process*, char**)
                0x00000000c001d61f                taskStartupFunction
                0x00000000c001d628                Semaphore::Semaphore(int)
                0x00000000c001d628                Semaphore::Semaphore(int)
                0x00000000c001d656                Mutex::Mutex()
                0x00000000c001d656                Mutex::Mutex()
                0x00000000c001d668                Process::createThread(void (*)(void*), void*, int)
                0x00000000c001d76e                Process::createUserThread()
                0x00000000c001d78a                setupMultitasking(void (*)())
                0x00000000c001d88d                schedule()
                0x00000000c001d912                Semaphore::tryAcquire()
                0x00000000c001d9ce                Semaphore::assertLocked(char const*)
                0x00000000c001da3d                blockTaskWithSchedulerLockAlreadyHeld(TaskState)
                0x00000000c001da63                blockTask(TaskState)
                0x00000000c001da90                waitTask(int, int*, int)
                0x00000000c001dad2                nanoSleepUntil(unsigned long long)
                0x00000000c001db67                nanoSleep(unsigned long long)
                0x00000000c001db7f                sleep(unsigned long long)
                0x00000000c001db9c                Semaphore::acquire()
                0x00000000c001dc3e                taskReturned
                0x00000000c001dc79                Thr::processFromPID(int)
                0x00000000c001dd10                unblockTask(ThreadControlBlock*)
                0x00000000c001dda5                cleanupTerminatedTask(ThreadControlBlock*)
                0x00000000c001e04c                cleanerTaskFunction(void*)
                0x00000000c001e12d                terminateTask(int)
                0x00000000c001e1ec                Thr::terminateFromIRQ(int)
                0x00000000c001e1f8                Semaphore::release()
 .text          0x00000000c001e321      0xada vm86/vm8086.32
                0x00000000c001e321                Vm::inbv(unsigned short)
                0x00000000c001e334                Vm::outbv(unsigned short, unsigned char)
                0x00000000c001e36a                Vm::realToLinear(unsigned short, unsigned short)
                0x00000000c001e37a                Vm::getSegment(unsigned int)
                0x00000000c001e382                Vm::getOffset(unsigned int)
                0x00000000c001e387                Vm::mainloop2()
                0x00000000c001e3c1                Vm::mainVm8086Loop(void*)
                0x00000000c001e3d1                Vm::mainloop3(unsigned long)
                0x00000000c001e3f7                Vm::initialise8086()
                0x00000000c001e43a                Vm::finish8086()
                0x00000000c001e49b                Vm::getOutput8086(unsigned char*)
                0x00000000c001e4c0                Vm::start8086(char const*, unsigned short, unsigned short, unsigned short, unsigned short)
                0x00000000c001e628                Vm::doISR(regs*, int, unsigned char*, unsigned short, unsigned short)
                0x00000000c001e6b2                Vm::readByteFromReal(unsigned short, unsigned short)
                0x00000000c001e6c3                Vm::readWordFromReal(unsigned short, unsigned short)
                0x00000000c001e6d5                Vm::readDwordFromReal(unsigned short, unsigned short)
                0x00000000c001e6e6                Vm::writeByteFromReal(unsigned short, unsigned short, unsigned char)
                0x00000000c001e6fb                Vm::writeWordFromReal(unsigned short, unsigned short, unsigned short)
                0x00000000c001e711                Vm::writeDwordFromReal(unsigned short, unsigned short, unsigned int)
                0x00000000c001e726                Vm::faultHandler(regs*)
 .text          0x00000000c001edfb      0xefd vm86/x87em.32
                0x00000000c001edfb                Vm::fpuInternalTo32(unsigned long long)
                0x00000000c001ee56                Vm::fpuInternalTo64(unsigned long long)
                0x00000000c001ee5f                Vm::fpu32ToInternal(unsigned int)
                0x00000000c001eea4                Vm::fpu64ToInternal(unsigned long long)
                0x00000000c001eead                Vm::fpuFloatToLong(unsigned long long)
                0x00000000c001ef08                Vm::fpuULongToFloat(unsigned long long)
                0x00000000c001ef3e                Vm::fpuLongToFloat(long long)
                0x00000000c001ef94                Vm::fpuGet0()
                0x00000000c001ef99                Vm::fpuGet1()
                0x00000000c001efa1                Vm::fpuGetPi()
                0x00000000c001efa9                Vm::fpuGetLog2E()
                0x00000000c001efc1                Vm::fpuGetLogE2()
                0x00000000c001efd9                Vm::fpuGetLog210()
                0x00000000c001eff1                Vm::fpuGetLog102()
                0x00000000c001f009                Vm::fpuIsSecondLarger(unsigned long long, unsigned long long)
                0x00000000c001f01d                Vm::fpuAreEqual(unsigned long long, unsigned long long)
                0x00000000c001f033                Vm::fpuUnorderedCompare(unsigned long long, unsigned long long)
                0x00000000c001f086                Vm::fpuAdd(unsigned long long, unsigned long long)
                0x00000000c001f097                Vm::fpuAbs(unsigned long long)
                0x00000000c001f0a0                Vm::fpuChs(unsigned long long)
                0x00000000c001f0b0                Vm::fpuSub(unsigned long long, unsigned long long)
                0x00000000c001f0bf                Vm::fpuMultiply(unsigned long long, unsigned long long)
                0x00000000c001f0de                Vm::fpuDivide(unsigned long long, unsigned long long)
                0x00000000c001f0fa                Vm::fpuSquare(unsigned long long)
                0x00000000c001f110                Vm::fpuGetReg(int)
                0x00000000c001f153                Vm::fpuSetReg(int, unsigned long long)
                0x00000000c001f19e                Vm::fpuPush(unsigned long long)
                0x00000000c001f1fb                Vm::fpuPop()
                0x00000000c001f24d                Vm::x87Handler(regs*)
 .text          0x00000000c001fcf8     0x11c1 fs/fat/vfslink.32
                0x00000000c001fcf8                FAT::getName()
                0x00000000c001fcfe                FAT::tell(void*, unsigned long long*)
                0x00000000c001fd32                FAT::stat(void*, unsigned long long*)
                0x00000000c001fd66                FAT::~FAT()
                0x00000000c001fd66                FAT::~FAT()
                0x00000000c001fd8a                FAT::~FAT()
                0x00000000c001fdb2                FAT::getlabel(LogicalDisk*, int, char*, unsigned int*)
                0x00000000c001fe50                FAT::setlabel(LogicalDisk*, int, char*)
                0x00000000c001ff0a                FAT::format(LogicalDisk*, int, char const*, int)
                0x00000000c00200c8                FAT::tryMount(LogicalDisk*, int)
                0x00000000c00202ce                FAT::getFileFirstSector(char const*)
                0x00000000c0020374                FAT::readDir(void*, unsigned long, void*, int*)
                0x00000000c00204ce                FAT::read(void*, unsigned long, void*, int*)
                0x00000000c0020528                FAT::write(void*, unsigned long, void*, int*)
                0x00000000c0020582                FAT::close(void*)
                0x00000000c00205ce                FAT::closeDir(void*)
                0x00000000c002061a                FAT::seek(void*, unsigned long long)
                0x00000000c002066e                fatWrapperReadDisk
                0x00000000c00206b5                fatWrapperWriteDisk
                0x00000000c00206fc                fatWrapperIoctl
                0x00000000c0020800                FAT::FAT()
                0x00000000c0020800                FAT::FAT()
                0x00000000c0020852                FAT::fixFilepath(char*)
                0x00000000c002088a                FAT::open(char const*, void**, FileOpenMode)
                0x00000000c00209b2                FAT::openDir(char const*, void**)
                0x00000000c0020a58                FAT::stat(char const*, unsigned long long*, bool*)
                0x00000000c0020b42                FAT::unlink(char const*)
                0x00000000c0020bbc                FAT::chfatattr(char const*, unsigned char, unsigned char)
                0x00000000c0020d10                FAT::rename(char const*, char const*)
                0x00000000c0020dd4                FAT::mkdir(char const*)
                0x00000000c0020e4e                FAT::exists(char const*)
 *fill*         0x00000000c0020eb9        0x1 
 .text          0x00000000c0020eba      0xb75 fs/iso9660/vfslink.32
                0x00000000c0020eba                ISO9660::format(LogicalDisk*, int, char const*, int)
                0x00000000c0020ec0                ISO9660::seek(void*, unsigned long long)
                0x00000000c0020ef0                ISO9660::tell(void*, unsigned long long*)
                0x00000000c0020f14                ISO9660::getName()
                0x00000000c0020f1a                ISO9660::stat(void*, unsigned long long*)
                0x00000000c0020f3e                ISO9660::chfatattr(char const*, unsigned char, unsigned char)
                0x00000000c0020f44                ISO9660::unlink(char const*)
                0x00000000c0020f4a                ISO9660::write(void*, unsigned long, void*, int*)
                0x00000000c0020f50                ISO9660::rename(char const*, char const*)
                0x00000000c0020f56                ISO9660::mkdir(char const*)
                0x00000000c0020f5c                ISO9660::close(void*)
                0x00000000c0020f7e                ISO9660::closeDir(void*)
                0x00000000c0020fa0                ISO9660::~ISO9660()
                0x00000000c0020fa0                ISO9660::~ISO9660()
                0x00000000c0020fc4                ISO9660::~ISO9660()
                0x00000000c0020feb                __memmem(unsigned char*, int, unsigned char*, int)
                0x00000000c002102d                readSectorFromCDROM(unsigned int, unsigned char*, char)
                0x00000000c0021088                ISO9660::tryMount(LogicalDisk*, int)
                0x00000000c00210d8                ISO9660::read(void*, unsigned long, void*, int*)
                0x00000000c00212dc                ISO9660::readDir(void*, unsigned long, void*, int*)
                0x00000000c0021556                readRoot(unsigned int*, unsigned int*, char)
                0x00000000c00215aa                readRecursively(char*, unsigned int, unsigned int, unsigned int*, unsigned int*, char, int*)
                0x00000000c002177d                getFileData(char*, unsigned int*, unsigned int*, char, int*)
                0x00000000c002180c                ISO9660::open(char const*, void**, FileOpenMode)
                0x00000000c00218ba                ISO9660::exists(char const*)
                0x00000000c00218de                ISO9660::stat(char const*, unsigned long long*, bool*)
                0x00000000c0021972                ISO9660::openDir(char const*, void**)
                0x00000000c0021a0c                ISO9660::ISO9660()
                0x00000000c0021a0c                ISO9660::ISO9660()
 *fill*         0x00000000c0021a2f        0x1 
 .text          0x00000000c0021a30      0x396 hal/sound/sndchannel.32
                0x00000000c0021a30                SoundChannel::SoundChannel(int, int, int, int)
                0x00000000c0021a30                SoundChannel::SoundChannel(int, int, int, int)
                0x00000000c0021b5a                SoundChannel::~SoundChannel()
                0x00000000c0021b5a                SoundChannel::~SoundChannel()
                0x00000000c0021b76                SoundChannel::getSampleRate()
                0x00000000c0021b7e                SoundChannel::getBits()
                0x00000000c0021b86                SoundChannel::getBufferUsed()
                0x00000000c0021b8e                SoundChannel::getBufferSize()
                0x00000000c0021b96                SoundChannel::unbuffer(float*, int, int)
                0x00000000c0021c2a                SoundChannel::buffer16(short*, int)
                0x00000000c0021d26                SoundChannel::buffer8(unsigned char*, int)
 .text          0x00000000c0021dc6      0x43e hal/sound/sndhw.32
                0x00000000c0021dc6                SoundDevice::SoundDevice(char const*)
                0x00000000c0021dc6                SoundDevice::SoundDevice(char const*)
                0x00000000c0021e32                SoundDevice::~SoundDevice()
                0x00000000c0021e32                SoundDevice::~SoundDevice()
                0x00000000c0021eac                SoundDevice::~SoundDevice()
                0x00000000c0021ed6                SoundDevice::getFreeChannelNum()
                0x00000000c0021ef0                SoundDevice::addChannel(SoundChannel*)
                0x00000000c0021f60                SoundDevice::removeChannel(int)
                0x00000000c0021f92                SoundDevice::floatTo16(float*, short*, int)
                0x00000000c0022080                SoundDevice::floatTo8(float*, unsigned char*, int)
                0x00000000c0022168                SoundDevice::getAudio(int, float*, float*)
 .text          0x00000000c0022204        0x0 hw/bus/isa.32
 .text          0x00000000c0022204      0xb87 hw/bus/pci.32
                0x00000000c0022204                PCI::open(int, int, void*)
                0x00000000c0022222                PCI::close(int, int, void*)
                0x00000000c0022226                PCI::PCI()
                0x00000000c0022226                PCI::PCI()
                0x00000000c00222bc                PCI::readBAR8(unsigned int, int)
                0x00000000c00222d8                PCI::readBAR16(unsigned int, int)
                0x00000000c00222f6                PCI::readBAR32(unsigned int, int)
                0x00000000c0022312                PCI::writeBAR8(unsigned int, unsigned char, int)
                0x00000000c0022332                PCI::writeBAR16(unsigned int, unsigned short, int)
                0x00000000c0022354                PCI::writeBAR32(unsigned int, unsigned int, int)
                0x00000000c0022374                PCI::legacyMechanism(unsigned char, unsigned char, unsigned char, unsigned char)
                0x00000000c00223e2                PCI::pciReadWord(unsigned char, unsigned char, unsigned char, unsigned char)
                0x00000000c002248a                PCI::getVendorID(unsigned char, unsigned char, unsigned char)
                0x00000000c00224ae                PCI::getHeaderType(unsigned char, unsigned char, unsigned char)
                0x00000000c00224d6                PCI::getClassCode(unsigned char, unsigned char, unsigned char)
                0x00000000c0022520                PCI::getProgIF(unsigned char, unsigned char, unsigned char)
                0x00000000c0022548                PCI::getRevisionID(unsigned char, unsigned char, unsigned char)
                0x00000000c002256c                PCI::getInterruptNumber(unsigned char, unsigned char, unsigned char)
                0x00000000c0022590                PCI::getSecondaryBus(unsigned char, unsigned char, unsigned char)
                0x00000000c00225b8                PCI::getBARAddress(unsigned char, unsigned char, unsigned char, unsigned char)
                0x00000000c002261c                PCI::pciWriteWord(unsigned char, unsigned char, unsigned char, unsigned char, unsigned short)
                0x00000000c0022704                PCI::pciDetailsToFilepath(PCIDeviceInfo, char*)
                0x00000000c002297e                PCI::checkBus(unsigned char)
                0x00000000c00229a2                PCI::foundDevice(PCIDeviceInfo)
                0x00000000c0022b14                PCI::getDeviceData(unsigned char, unsigned char, unsigned char)
                0x00000000c0022ccc                PCI::checkDevice(unsigned char, unsigned char)
                0x00000000c0022d38                PCI::detect()
 *fill*         0x00000000c0022d8b        0x1 
 .text          0x00000000c0022d8c      0xb54 hw/diskctrl/ide.32
                0x00000000c0022d8c                IDE::close(int, int, void*)
                0x00000000c0022d90                IDE::IDE()
                0x00000000c0022d90                IDE::IDE()
                0x00000000c0022dc4                IDE::prepareInterrupt(unsigned char)
                0x00000000c0022dd6                selectDrive(unsigned char, unsigned char)
                0x00000000c0022dd8                IDE::getBase(unsigned char)
                0x00000000c0022dea                IDE::write(unsigned char, unsigned char, unsigned char)
                0x00000000c0022eaa                IDE::read(unsigned char, unsigned char)
                0x00000000c0022f58                IDE::waitInterrupt(unsigned char)
                0x00000000c0022fbe                ideChannel0IRQHandler(regs*, void*)
                0x00000000c0022fda                ideChannel1IRQHandler(regs*, void*)
                0x00000000c0022ff6                IDE::enableIRQs(unsigned char, bool)
                0x00000000c002303c                IDE::open(int, int, void*)
                0x00000000c002344a                IDE::readBuffer(unsigned char, unsigned char, unsigned int, unsigned int)
                0x00000000c0023516                IDE::detect()
                0x00000000c00237dc                IDE::printError(unsigned char, unsigned char, unsigned char)
                0x00000000c002388c                IDE::polling(unsigned char, unsigned int)
 .text          0x00000000c00238e0      0x336 hw/diskctrl/satabus.32
                0x00000000c00238e0                SATABus::close(int, int, void*)
                0x00000000c00238e4                SATABus::detect()
                0x00000000c00238e6                SATABus::SATABus()
                0x00000000c00238e6                SATABus::SATABus()
                0x00000000c002396c                SATABus::findCmdslot(SATABus::tagHBA_PORT volatile*)
                0x00000000c00239b4                SATABus::checkType(SATABus::tagHBA_PORT volatile*)
                0x00000000c00239fc                SATABus::startCmd(SATABus::tagHBA_PORT volatile*)
                0x00000000c0023a1c                SATABus::stopCmd(SATABus::tagHBA_PORT volatile*)
                0x00000000c0023a46                SATABus::portRebase(SATABus::tagHBA_PORT volatile*, int)
                0x00000000c0023b4c                SATABus::probePort(SATABus::tagHBA_MEM volatile*)
                0x00000000c0023bf6                SATABus::open(int, int, void*)
 .text          0x00000000c0023c16      0x604 hw/diskphys/ata.32
                0x00000000c0023c16                ATA::close(int, int, void*)
                0x00000000c0023c3a                ATA::powerSaving(PowerSavingLevel)
                0x00000000c0023c3c                ATA::ATA()
                0x00000000c0023c3c                ATA::ATA()
                0x00000000c0023c6a                ATA::flush(bool)
                0x00000000c0023cb4                ATA::readyForCommand()
                0x00000000c0023d04                ATA::access(unsigned long long, int, void*, bool)
                0x00000000c002408c                ATA::read(unsigned long long, int, void*)
                0x00000000c00240d8                ATA::write(unsigned long long, int, void*)
                0x00000000c0024124                ATA::detectCHS()
                0x00000000c002414e                ATA::open(int, int, void*)
 .text          0x00000000c002421a      0x5bd hw/diskphys/atapi.32
                0x00000000c002421a                ATAPI::write(unsigned long long, int, void*)
                0x00000000c0024220                ATAPI::close(int, int, void*)
                0x00000000c0024244                ATAPI::ATAPI()
                0x00000000c0024244                ATAPI::ATAPI()
                0x00000000c0024272                ATAPI::readyForCommand()
                0x00000000c00242c2                ATAPI::sendPacket(unsigned char*, int, bool, unsigned short*, int)
                0x00000000c0024582                ATAPI::diskRemoved()
                0x00000000c002459e                ATAPI::eject()
                0x00000000c00245e6                ATAPI::diskInserted()
                0x00000000c0024614                ATAPI::detectMedia()
                0x00000000c00246d0                ATAPI::open(int, int, void*)
                0x00000000c0024758                ATAPI::read(unsigned long long, int, void*)
 *fill*         0x00000000c00247d7        0x1 
 .text          0x00000000c00247d8      0x41c hw/diskphys/sata.32
                0x00000000c00247d8                SATA::close(int, int, void*)
                0x00000000c00247fc                SATA::powerSaving(PowerSavingLevel)
                0x00000000c00247fe                SATA::open(int, int, void*)
                0x00000000c00248a8                SATA::SATA()
                0x00000000c00248a8                SATA::SATA()
                0x00000000c00248d6                SATA::access(unsigned long long, int, void*, bool)
                0x00000000c0024b3c                SATA::read(unsigned long long, int, void*)
                0x00000000c0024b88                SATA::write(unsigned long long, int, void*)
 .text          0x00000000c0024bf4      0x4fe hw/diskphys/satapi.32
                0x00000000c0024bf4                SATAPI::write(unsigned long long, int, void*)
                0x00000000c0024bfa                SATAPI::close(int, int, void*)
                0x00000000c0024c1e                SATAPI::SATAPI()
                0x00000000c0024c1e                SATAPI::SATAPI()
                0x00000000c0024c4c                SATAPI::diskRemoved()
                0x00000000c0024c68                SATAPI::diskInserted()
                0x00000000c0024c96                SATAPI::sendPacket(unsigned char*, int, unsigned long long, unsigned short*, int)
                0x00000000c0024e9e                SATAPI::eject()
                0x00000000c0024ee6                SATAPI::detectMedia()
                0x00000000c0024fa8                SATAPI::open(int, int, void*)
                0x00000000c0025050                SATAPI::read(unsigned long long, int, void*)
 .text          0x00000000c00250f2       0x8e hw/fpu/avx.32
                0x00000000c00250f2                AVX::open(int, int, void*)
                0x00000000c0025104                AVX::close(int, int, void*)
                0x00000000c0025116                AVX::available()
                0x00000000c0025128                AVX::save(void*)
                0x00000000c0025140                AVX::load(void*)
                0x00000000c0025158                AVX::AVX()
                0x00000000c0025158                AVX::AVX()
 .text          0x00000000c0025180       0x90 hw/fpu/mmx.32
                0x00000000c0025180                MMX::available()
                0x00000000c0025194                MMX::open(int, int, void*)
                0x00000000c00251a6                MMX::close(int, int, void*)
                0x00000000c00251b8                MMX::save(void*)
                0x00000000c00251d0                MMX::load(void*)
                0x00000000c00251e8                MMX::MMX()
                0x00000000c00251e8                MMX::MMX()
 .text          0x00000000c0025210       0x96 hw/fpu/sse.32
                0x00000000c0025210                SSE::open(int, int, void*)
                0x00000000c0025222                SSE::close(int, int, void*)
                0x00000000c0025234                SSE::available()
                0x00000000c002524e                SSE::save(void*)
                0x00000000c0025266                SSE::load(void*)
                0x00000000c002527e                SSE::SSE()
                0x00000000c002527e                SSE::SSE()
 .text          0x00000000c00252a6       0x8e hw/fpu/x87.32
                0x00000000c00252a6                x87::open(int, int, void*)
                0x00000000c00252b8                x87::close(int, int, void*)
                0x00000000c00252ca                x87::available()
                0x00000000c00252dc                x87::save(void*)
                0x00000000c00252f4                x87::load(void*)
                0x00000000c002530c                x87::x87()
                0x00000000c002530c                x87::x87()
 .text          0x00000000c0025334      0x71e hw/intctrl/apic.32
                0x00000000c0025334                APIC::disable()
                0x00000000c0025336                APIC::close(int, int, void*)
                0x00000000c0025358                IOAPIC::close(int, int, void*)
                0x00000000c002535e                APIC::io_wait()
                0x00000000c0025364                APIC::getBase()
                0x00000000c00253a6                APIC::eoi(unsigned char)
                0x00000000c00253d4                APIC::open(int, int, void*)
                0x00000000c0025522                IOAPIC::IOAPIC()
                0x00000000c0025522                IOAPIC::IOAPIC()
                0x00000000c002554a                APIC::APIC()
                0x00000000c002554a                APIC::APIC()
                0x00000000c0025626                IOAPIC::handlesGSIWithNumber(unsigned int)
                0x00000000c0025658                IOAPIC::read(int)
                0x00000000c0025680                IOAPIC::open(int, int, void*)
                0x00000000c0025776                IOAPIC::write(int, int)
                0x00000000c00257a2                IOAPIC::redirect(unsigned char, unsigned long long, unsigned char, bool, bool)
                0x00000000c002589c                APIC::installIRQHandler(int, void (*)(regs*, void*), bool, void*)
 .text          0x00000000c0025a52      0x3d3 hw/intctrl/pic.32
                0x00000000c0025a52                PIC::disable()
                0x00000000c0025a80                PIC::close(int, int, void*)
                0x00000000c0025aa2                PIC::PIC()
                0x00000000c0025aa2                PIC::PIC()
                0x00000000c0025b78                PIC::ioWait()
                0x00000000c0025b7e                PIC::getIRQReg(int)
                0x00000000c0025be8                PIC::eoi(unsigned char)
                0x00000000c0025c7a                PIC::remap()
                0x00000000c0025de6                PIC::open(int, int, void*)
 *fill*         0x00000000c0025e25        0x1 
 .text          0x00000000c0025e26      0x25e hw/timer/apictimer.32
                0x00000000c0025e26                APICTimer::close(int, int, void*)
                0x00000000c0025e2c                apicTimerHandler(regs*, void*)
                0x00000000c0025e5a                APICTimer::write(int)
                0x00000000c0025f5e                APICTimer::open(int, int, void*)
                0x00000000c002605c                APICTimer::APICTimer()
                0x00000000c002605c                APICTimer::APICTimer()
 .text          0x00000000c0026084      0x1a7 hw/timer/pit.32
                0x00000000c0026084                PIT::write(int)
                0x00000000c0026102                pitHandler(regs*, void*)
                0x00000000c002612e                PIT::open(int, int, void*)
                0x00000000c002617c                PIT::close(int, int, void*)
                0x00000000c00261ac                PIT::PIT()
                0x00000000c00261ac                PIT::PIT()
 *fill*         0x00000000c002622b        0x5 
 .text          0x00000000c0026230       0x1e hw/fpu/x86/avx.32
                0x00000000c0026230                avxDetect
                0x00000000c0026236                avxSave
                0x00000000c0026237                avxLoad
                0x00000000c0026238                avxInit
                0x00000000c0026239                avxClose
                0x00000000c002623a                wouldSheSayYes
 *fill*         0x00000000c002624e        0x2 
 .text          0x00000000c0026250       0x35 hw/fpu/x86/sse.32
                0x00000000c0026250                absolutelyNoChanceInHell
                0x00000000c0026250                sseDetect
                0x00000000c0026268                sseSave
                0x00000000c002626e                sseLoad
                0x00000000c0026274                sseInit
                0x00000000c0026284                sseClose
 *fill*         0x00000000c0026285        0xb 
 .text          0x00000000c0026290       0x4d hw/fpu/x86/x87.32
                0x00000000c0026296                x87Detect
                0x00000000c00262b1                x87Save
                0x00000000c00262ba                x87Load
                0x00000000c00262c2                x87Init
                0x00000000c00262dc                x87Close
 *fill*         0x00000000c00262dd        0x3 
 .text          0x00000000c00262e0       0x25 /cygdrive/d/Users/Alex/Desktop/Toolchain/Output/bin/../lib/gcc/i386-banana/8.1.0/crtend.o
 .text          0x00000000c0026305        0x0 crtn.32
 *fill*         0x00000000c0026305        0x3 
 .text          0x00000000c0026308      0x14b /cygdrive/d/Users/Alex/Desktop/Toolchain/Output/bin/../lib/gcc/i386-banana/8.1.0/libkgcc.a(_divdi3.o)
                0x00000000c0026308                __divdi3
 *fill*         0x00000000c0026453        0x1 
 .text          0x00000000c0026454      0x17e /cygdrive/d/Users/Alex/Desktop/Toolchain/Output/bin/../lib/gcc/i386-banana/8.1.0/libkgcc.a(_moddi3.o)
                0x00000000c0026454                __moddi3
 *fill*         0x00000000c00265d2        0x2 
 .text          0x00000000c00265d4       0xff /cygdrive/d/Users/Alex/Desktop/Toolchain/Output/bin/../lib/gcc/i386-banana/8.1.0/libkgcc.a(_udivdi3.o)
                0x00000000c00265d4                __udivdi3
 *fill*         0x00000000c00266d3        0x1 
 .text          0x00000000c00266d4      0x11a /cygdrive/d/Users/Alex/Desktop/Toolchain/Output/bin/../lib/gcc/i386-banana/8.1.0/libkgcc.a(_umoddi3.o)
                0x00000000c00266d4                __umoddi3
 .text          0x00000000c00267ee      0x96d D:/Users/Alex/Desktop/Banana/kernel/libsoftfp.a(sfieeelib.o)
                0x00000000c00267ee                __addsf3
                0x00000000c0026af0                __subsf3
                0x00000000c0026b04                __negsf2
                0x00000000c0026b11                __mulsf3
                0x00000000c0026cd4                __divsf3
                0x00000000c0026eff                __floatsisf
                0x00000000c0026f73                __floatunsisf
                0x00000000c0026fb5                __fixsfsi
                0x00000000c0027017                __fixunssfsi
                0x00000000c0027048                __cmpsf2
                0x00000000c00270dd                __eqsf2
                0x00000000c0027118                __nesf2
                0x00000000c002711a                __gtsf2
                0x00000000c0027155                __gesf2
                0x00000000c0027157                __ltsf2
                0x00000000c0027159                __lesf2
 .text          0x00000000c002715b      0xf50 D:/Users/Alex/Desktop/Banana/kernel/libsoftfp.a(dfieeelib.o)
                0x00000000c002715b                __adddf3