Archive member included to satisfy reference by file (symbol)

/cygdrive/d/Users/Alex/Desktop/Toolchain/Output/bin/../lib/gcc/i386-banana/8.1.0/libgcc.a(_divdi3.o)
                              fs/fat/ff.32 (__divdi3)
/cygdrive/d/Users/Alex/Desktop/Toolchain/Output/bin/../lib/gcc/i386-banana/8.1.0/libgcc.a(_moddi3.o)
                              thr/elf.32 (__moddi3)
/cygdrive/d/Users/Alex/Desktop/Toolchain/Output/bin/../lib/gcc/i386-banana/8.1.0/libgcc.a(_udivdi3.o)
                              fs/fat/ff.32 (__udivdi3)
/cygdrive/d/Users/Alex/Desktop/Toolchain/Output/bin/../lib/gcc/i386-banana/8.1.0/libgcc.a(_umoddi3.o)
                              core/pipe.32 (__umoddi3)
D:/Users/Alex/Desktop/Banana/kernel/libk/libm32.a(s_fabs.c.o)
                              hal/libresample/samplerate.32 (fabs)
D:/Users/Alex/Desktop/Banana/kernel/libk/libm32.a(s_lrint.S.o)
                              hal/libresample/samplerate.32 (lrint)
D:/Users/Alex/Desktop/Banana/kernel/libk/libm32.a(s_lrintf.S.o)
                              hal/sound/sndhw.32 (lrintf)

Discarded input sections

 .comment       0x0000000000000000       0x12 /cygdrive/d/Users/Alex/Desktop/Toolchain/Output/bin/../lib/gcc/i386-banana/8.1.0/crtbegin.o
 .comment       0x0000000000000000       0x12 acpica/utclib.32
 .comment       0x0000000000000000       0x12 core/malloc.32
 .comment       0x0000000000000000       0x12 libk/string.32
 .comment       0x0000000000000000       0x12 fs/fat/diskio.32
 .comment       0x0000000000000000       0x12 fs/fat/ff.32
 .comment       0x0000000000000000       0x12 fs/fat/ffsystem.32
 .comment       0x0000000000000000       0x12 fs/fat/ffunicode.32
 .comment       0x0000000000000000       0x12 hal/libresample/samplerate.32
 .comment       0x0000000000000000       0x12 hal/libresample/src_linear.32
 .comment       0x0000000000000000       0x12 hal/libresample/src_sinc.32
 .comment       0x0000000000000000       0x12 hal/libresample/src_zoh.32
 .group         0x0000000000000000       0x14 core/computer.32
 .group         0x0000000000000000        0xc core/computer.32
 .comment       0x0000000000000000       0x12 core/computer.32
 .comment       0x0000000000000000       0x12 core/gdt.32
 .group         0x0000000000000000        0xc core/idle.32
 .comment       0x0000000000000000       0x12 core/idle.32
 .comment       0x0000000000000000       0x12 core/idt.32
 .group         0x0000000000000000        0x8 core/kheap.32
 .group         0x0000000000000000        0x8 core/kheap.32
 .comment       0x0000000000000000       0x12 core/kheap.32
 .comment       0x0000000000000000       0x12 core/main.32
 .comment       0x0000000000000000       0x12 core/physmgr.32
 .group         0x0000000000000000        0xc core/pipe.32
 .comment       0x0000000000000000       0x12 core/pipe.32
 .group         0x0000000000000000        0xc core/terminal.32
 .comment       0x0000000000000000       0x12 core/terminal.32
 .group         0x0000000000000000        0x8 core/tss.32
 .text._ZN3CPU7readCR3Ev
                0x0000000000000000       0x12 core/tss.32
 .comment       0x0000000000000000       0x12 core/tss.32
 .group         0x0000000000000000        0x8 core/unixfile.32
 .group         0x0000000000000000        0xc core/unixfile.32
 .group         0x0000000000000000        0xc core/unixfile.32
 .group         0x0000000000000000        0x8 core/unixfile.32
 .group         0x0000000000000000        0xc core/unixfile.32
 .group         0x0000000000000000        0x8 core/unixfile.32
 .group         0x0000000000000000        0xc core/unixfile.32
 .group         0x0000000000000000        0xc core/unixfile.32
 .comment       0x0000000000000000       0x12 core/unixfile.32
 .group         0x0000000000000000        0x8 core/virtmgr.32
 .group         0x0000000000000000        0x8 core/virtmgr.32
 .text._ZN3CPU7readCR3Ev
                0x0000000000000000       0x12 core/virtmgr.32
 .text._ZN3CPU8writeCR3Em
                0x0000000000000000        0x9 core/virtmgr.32
 .comment       0x0000000000000000       0x12 core/virtmgr.32
 .comment       0x0000000000000000       0x12 coreobjs/c++.32
 .comment       0x0000000000000000       0x12 dbg/kconsole.32
 .group         0x0000000000000000        0xc fs/vfs.32
 .group         0x0000000000000000        0xc fs/vfs.32
 .group         0x0000000000000000        0xc fs/vfs.32
 .comment       0x0000000000000000       0x12 fs/vfs.32
 .group         0x0000000000000000        0xc hal/bus.32
 .comment       0x0000000000000000       0x12 hal/bus.32
 .group         0x0000000000000000        0xc hal/buzzer.32
 .comment       0x0000000000000000       0x12 hal/buzzer.32
 .group         0x0000000000000000        0xc hal/clock.32
 .comment       0x0000000000000000       0x12 hal/clock.32
 .group         0x0000000000000000       0x14 hal/device.32
 .group         0x0000000000000000        0xc hal/device.32
 .group         0x0000000000000000        0xc hal/device.32
[...]
Memory Configuration

Name             Origin             Length             Attributes
*default*        0x0000000000000000 0xffffffffffffffff

Linker script and memory map

LOAD D:/Users/Alex/Desktop/Banana/kernel/boot.32
LOAD crti.32
LOAD /cygdrive/d/Users/Alex/Desktop/Toolchain/Output/bin/../lib/gcc/i386-banana/8.1.0/crtbegin.o
LOAD D:/Users/Alex/Desktop/Banana/kernel/morenasm.32
LOAD acpica/utclib.32
LOAD core/malloc.32
LOAD libk/string.32
LOAD fs/fat/diskio.32
LOAD fs/fat/ff.32
LOAD fs/fat/ffsystem.32
LOAD fs/fat/ffunicode.32
LOAD hal/libresample/samplerate.32
LOAD hal/libresample/src_linear.32
LOAD hal/libresample/src_sinc.32
LOAD hal/libresample/src_zoh.32
LOAD core/computer.32
LOAD core/gdt.32
LOAD core/idle.32
LOAD core/idt.32
LOAD core/kheap.32
LOAD core/main.32
LOAD core/physmgr.32
LOAD core/pipe.32
LOAD core/terminal.32
LOAD core/tss.32
LOAD core/unixfile.32
LOAD core/virtmgr.32
LOAD coreobjs/c++.32
LOAD dbg/kconsole.32
LOAD fs/vfs.32
LOAD hal/bus.32
LOAD hal/buzzer.32
LOAD hal/clock.32
LOAD hal/device.32
LOAD hal/diskctrl.32
LOAD hal/diskphys.32
LOAD hal/fpu.32
LOAD hal/intctrl.32
LOAD hal/keybrd.32
LOAD hal/logidisk.32
LOAD hal/mouse.32
LOAD hal/partition.32
LOAD hal/timer.32
LOAD hal/vcache.32
LOAD hal/video.32
LOAD hw/acpi.32
LOAD hw/cpu.32
LOAD hw/ports.32
LOAD krnl/panic.32
LOAD reg/registry.32
LOAD sys/sc_exit.32
LOAD sys/sc_loaddll.32
LOAD sys/sc_read.32
LOAD sys/sc_sbrk.32
LOAD sys/sc_write.32
LOAD sys/sc_yield.32
LOAD sys/syscalls.32
LOAD thr/elf.32
LOAD thr/prcssthr.32
LOAD vm86/vm8086.32
LOAD fs/fat/vfslink.32
LOAD fs/iso9660/vfslink.32
LOAD hal/sound/sndchannel.32
LOAD hal/sound/sndhw.32
LOAD hw/bus/isa.32
LOAD hw/bus/pci.32
LOAD hw/diskctrl/ide.32
LOAD hw/diskphys/ata.32
LOAD hw/diskphys/atapi.32
LOAD hw/fpu/avx.32
LOAD hw/fpu/mmx.32
LOAD hw/fpu/sse.32
LOAD hw/fpu/x87.32
LOAD hw/intctrl/apic.32
LOAD hw/intctrl/pic.32
LOAD hw/timer/apictimer.32
LOAD hw/timer/pit.32
LOAD hw/fpu/x86/avx.32
LOAD hw/fpu/x86/sse.32
LOAD hw/fpu/x86/x87.32
LOAD /cygdrive/d/Users/Alex/Desktop/Toolchain/Output/bin/../lib/gcc/i386-banana/8.1.0/crtend.o
LOAD crtn.32
LOAD /cygdrive/d/Users/Alex/Desktop/Toolchain/Output/bin/../lib/gcc/i386-banana/8.1.0/libgcc.a
LOAD D:/Users/Alex/Desktop/Banana/kernel/libk/libm32.a
                0x00000000c0000000                . = 0xc0000000

.text           0x00000000c0000000    0x1e5e8
 *(.text)
 .text          0x00000000c0000000       0x41 D:/Users/Alex/Desktop/Banana/kernel/boot.32
                0x00000000c0000020                callGlobalConstructors
 .text          0x00000000c0000041        0x0 crti.32
 *fill*         0x00000000c0000041        0x3 
 .text          0x00000000c0000044      0x101 /cygdrive/d/Users/Alex/Desktop/Toolchain/Output/bin/../lib/gcc/i386-banana/8.1.0/crtbegin.o
 *fill*         0x00000000c0000145        0xb 
 .text          0x00000000c0000150      0x41f D:/Users/Alex/Desktop/Banana/kernel/morenasm.32
                0x00000000c0000150                doTPAUSE
                0x00000000c000015a                hasLegacyFPU
                0x00000000c000017f                is486
                0x00000000c00001b5                goToVM86
                0x00000000c00001e6                goToUsermode
                0x00000000c0000211                switchToThreadASMFirstTime
                0x00000000c000021f                switchToThreadASM
                0x00000000c00002bf                detectCPUID
                0x00000000c00002d5                asmQuickAcquireLock
                0x00000000c00002f3                asmQuickReleaseLock
                0x00000000c00002ff                asmAcquireLock
                0x00000000c0000320                asmReleaseLock
                0x00000000c0000333                loadGDT
                0x00000000c0000353                isr0
                0x00000000c0000363                isr1
                0x00000000c000036d                isr2
                0x00000000c0000377                isr3
                0x00000000c0000381                isr4
                0x00000000c000038b                isr5
                0x00000000c0000395                isr6
                0x00000000c000039f                isr7
                0x00000000c00003a9                isr8
                0x00000000c00003b1                isr9
                0x00000000c00003bb                isr10
                0x00000000c00003c3                isr11
                0x00000000c00003cb                isr12
                0x00000000c00003d3                isr13
                0x00000000c00003db                isr14
                0x00000000c00003e3                isr15
                0x00000000c00003ed                isr16
                0x00000000c00003f7                isr17
                0x00000000c0000401                isr18
                0x00000000c000040b                isr96
                0x00000000c0000415                irq0
                0x00000000c000041f                irq1
                0x00000000c0000429                irq2
                0x00000000c0000433                irq3
                0x00000000c000043d                irq4
                0x00000000c0000447                irq5
                0x00000000c0000451                irq6
                0x00000000c000045b                irq7
                0x00000000c0000465                irq8
                0x00000000c000046f                irq9
                0x00000000c0000479                irq10
                0x00000000c0000483                irq11
                0x00000000c000048d                irq12
                0x00000000c0000497                irq13
                0x00000000c00004a1                irq14
                0x00000000c00004ab                irq15
                0x00000000c00004b5                irq16
                0x00000000c00004bf                irq17
                0x00000000c00004c9                irq18
                0x00000000c00004d3                irq19
                0x00000000c00004dd                irq20
                0x00000000c00004e7                irq21
                0x00000000c00004f1                irq22
                0x00000000c00004fb                irq23
                0x00000000c0000505                int_common_stub
                0x00000000c0000535                syscall_common_stub
 .text          0x00000000c000056f      0x40f acpica/utclib.32
                0x00000000c000056f                memcmp
                0x00000000c000059a                memmove
                0x00000000c00005d2                memcpy
                0x00000000c0000608                memset
                0x00000000c0000625                strlen
                0x00000000c0000635                strpbrk
                0x00000000c0000658                strtok
                0x00000000c00006a7                strcpy
                0x00000000c00006c7                strncpy
                0x00000000c00006f8                strcmp
                0x00000000c0000719                strchr
                0x00000000c000072f                strncmp
                0x00000000c000075e                strcat
                0x00000000c0000785                strncat
                0x00000000c00007bf                strstr
                0x00000000c00007fc                toupper
                0x00000000c0000810                tolower
                0x00000000c0000824                simple_strtoul
 .text          0x00000000c000097e      0xfbf core/malloc.32
                0x00000000c0000ae9                dlfree
                0x00000000c0000e44                dlmalloc
                0x00000000c0001381                dlrealloc
                0x00000000c0001536                dlmemalign
                0x00000000c0001659                dlcalloc
                0x00000000c00016f3                dlcfree
                0x00000000c00016f8                dlindependent_calloc
                0x00000000c000171d                dlindependent_comalloc
                0x00000000c0001734                dlvalloc
                0x00000000c000175f                dlpvalloc
                0x00000000c0001795                dlmalloc_trim
                0x00000000c00017a2                dlmalloc_usable_size
                0x00000000c00017d3                dlmallinfo
                0x00000000c00018a2                dlmalloc_stats
                0x00000000c00018b3                dlmallopt
 .text          0x00000000c000193d        0x0 libk/string.32
 .text          0x00000000c000193d       0x51 fs/fat/diskio.32
                0x00000000c000193d                disk_status
                0x00000000c0001940                disk_initialize
                0x00000000c0001943                disk_read
                0x00000000c0001959                disk_write
                0x00000000c000196f                disk_ioctl
 .text          0x00000000c000198e     0x6833 fs/fat/ff.32
                0x00000000c0004c5c                f_mount
                0x00000000c0004cbe                f_open
                0x00000000c00050fa                f_read
                0x00000000c000537a                f_write
                0x00000000c0005634                f_sync
                0x00000000c0005810                f_close
                0x00000000c000583f                f_lseek
                0x00000000c0005cf6                f_opendir
                0x00000000c0005df8                f_closedir
                0x00000000c0005e1a                f_readdir
                0x00000000c0005eb5                f_stat
                0x00000000c0005f44                f_getfree
                0x00000000c000610f                f_truncate
                0x00000000c0006207                f_unlink
                0x00000000c000638a                f_mkdir
                0x00000000c00065b6                f_rename
                0x00000000c00068a9                f_chmod
                0x00000000c0006987                f_utime
                0x00000000c0006a65                f_getlabel
                0x00000000c0006c53                f_setlabel
                0x00000000c0006ec0                f_forward
                0x00000000c000709e                f_mkfs
 .text          0x00000000c00081c1       0x2d fs/fat/ffsystem.32
                0x00000000c00081c1                ff_memalloc
                0x00000000c00081d7                ff_memfree
 .text          0x00000000c00081ee      0x253 fs/fat/ffunicode.32
                0x00000000c00081ee                ff_uni2oem
                0x00000000c000827e                ff_oem2uni
                0x00000000c00082ea                ff_wtoupper
 .text          0x00000000c0008441      0x70e hal/libresample/samplerate.32
                0x00000000c00084c9                src_delete
                0x00000000c0008505                src_process
                0x00000000c000862d                src_callback_read
                0x00000000c000878e                src_set_ratio
                0x00000000c00087e5                src_get_channels
                0x00000000c0008807                src_reset
                0x00000000c000884b                src_new
                0x00000000c00088d9                src_callback_new
                0x00000000c000893b                src_get_name
                0x00000000c0008972                src_get_description
                0x00000000c00089a9                src_get_version
                0x00000000c00089af                src_is_valid_ratio
                0x00000000c00089c9                src_error
                0x00000000c00089d7                src_strerror
                0x00000000c00089ea                src_simple
                0x00000000c0008a3d                src_short_to_float_array
                0x00000000c0008a63                src_float_to_short_array
                0x00000000c0008ac7                src_int_to_float_array
                0x00000000c0008aed                src_float_to_int_array
 .text          0x00000000c0008b4f      0x3fd hal/libresample/src_linear.32
                0x00000000c0008ea7                linear_get_name
                0x00000000c0008eb6                linear_get_description
                0x00000000c0008ec5                linear_set_converter
 .text          0x00000000c0008f4c     0x1a3f hal/libresample/src_sinc.32
                0x00000000c000a8a2                sinc_get_name
                0x00000000c000a8b5                sinc_get_description
                0x00000000c000a8c8                sinc_set_converter
 .text          0x00000000c000a98b      0x3d3 hal/libresample/src_zoh.32
                0x00000000c000acb9                zoh_get_name
                0x00000000c000acc8                zoh_get_description
                0x00000000c000acd7                zoh_set_converter
 .text          0x00000000c000ad5e      0x695 core/computer.32
                0x00000000c000ad5e                Computer::close(int, int, void*)
                0x00000000c000ada2                Computer::Computer()
                0x00000000c000ada2                Computer::Computer()
                0x00000000c000aefe                Computer::setBootMessage(char const*)
                0x00000000c000af00                Computer::start()
                0x00000000c000afdc                firstTask()
                0x00000000c000afea                Computer::detectFeatures()
                0x00000000c000b1c4                Computer::displayFeatures()
                0x00000000c000b1c6                Computer::rdmsr(unsigned int)
                0x00000000c000b1f2                Computer::wrmsr(unsigned int, unsigned long long)
                0x00000000c000b22a                Computer::nmiEnabled()
                0x00000000c000b236                Computer::readCMOS(unsigned char)
                0x00000000c000b250                Computer::enableNMI(bool)
                0x00000000c000b268                Computer::open(int, int, void*)
                0x00000000c000b336                Computer::disableNMI()
                0x00000000c000b344                Computer::writeCMOS(unsigned char, unsigned char)
                0x00000000c000b362                Computer::handleNMI()
                0x00000000c000b3c8                Computer::setDiskActivityLight(int, bool)
 *fill*         0x00000000c000b3f3        0x1 
 .text          0x00000000c000b3f4      0x1b7 core/gdt.32
                0x00000000c000b3f4                GDTEntry::setBase(unsigned int)
                0x00000000c000b410                GDTEntry::setLimit(unsigned int)
                0x00000000c000b42e                GDT::GDT()
                0x00000000c000b42e                GDT::GDT()
                0x00000000c000b444                GDT::addEntry(GDTEntry)
                0x00000000c000b480                GDT::getNumberOfEntries()
                0x00000000c000b488                GDT::flush()
                0x00000000c000b4aa                GDT::setup()
 .text          0x00000000c000b5ab       0x61 core/idle.32
                0x00000000c000b5ab                idleFunction(void*)
 .text          0x00000000c000b60c      0x45f core/idt.32
                0x00000000c000b60c                IDTEntry::IDTEntry(bool)
                0x00000000c000b60c                IDTEntry::IDTEntry(bool)
                0x00000000c000b67a                IDTEntry::setOffset(unsigned int)
                0x00000000c000b68e                IDT::IDT()
                0x00000000c000b68e                IDT::IDT()
                0x00000000c000b690                IDT::getPointerToInvalidOpcodeEntryForF00F()
                0x00000000c000b698                IDT::addEntry(IDTEntry, int)
                0x00000000c000b6b2                IDT::addEntry(int, void (*)(), bool)
                0x00000000c000b6ea                IDT::flush()
                0x00000000c000b704                IDT::setup()
 .text          0x00000000c000ba6b      0x20d core/kheap.32
                0x00000000c000ba6b                sbrk
                0x00000000c000bb83                mmap
                0x00000000c000bb99                munmap
                0x00000000c000bbaf                liballoc_lock()
                0x00000000c000bbc0                liballoc_unlock()
                0x00000000c000bbd1                liballoc_alloc(int)
                0x00000000c000bbec                liballoc_free(void*, int)
                0x00000000c000bc0a                realloc
                0x00000000c000bc1e                malloc
                0x00000000c000bc2e                free
                0x00000000c000bc3e                rfree
                0x00000000c000bc4e                calloc
 .text          0x00000000c000bc78      0x38d core/main.32
                0x00000000c000bc78                hwTextMode_loadInData(VgaText*)
                0x00000000c000bcbd                hwTextMode_loadInTitle(VgaText*, char*)
                0x00000000c000bcff                hwTextMode_showCursor(VgaText*, bool)
                0x00000000c000bd53                hwTextMode_update(VgaText*)
                0x00000000c000bd54                hwTextMode_updateCursor(VgaText*)
                0x00000000c000bd9c                hwTextMode_disableBlink(VgaText*, bool)
                0x00000000c000bdd8                hwTextMode_scrollScreen(VgaText*)
                0x00000000c000be5e                hwTextMode_writeCharacter(VgaText*, char, VgaColour, VgaColour, int, int)
                0x00000000c000bebc                setupTextMode()
                0x00000000c000bf0d                kernel_main
 .text          0x00000000c000c005      0x46c core/physmgr.32
                0x00000000c000c005                Phys::allocateDMA(unsigned long)
                0x00000000c000c0a8                Phys::freeDMA(unsigned long, unsigned long)
                0x00000000c000c0f0                Phys::setPageState(unsigned long, bool)
                0x00000000c000c122                Phys::getPageState(unsigned long)
                0x00000000c000c13e                Phys::freePage(unsigned long)
                0x00000000c000c1c8                Phys::allocatePage()
                0x00000000c000c284                Phys::allowSegmentToBeUsed(unsigned long, unsigned long)
                0x00000000c000c2bc                Phys::physicalMemorySetup(unsigned int)
 *fill*         0x00000000c000c471        0x1 
 .text          0x00000000c000c472      0x273 core/pipe.32
                0x00000000c000c472                Pipe::isAtty()
                0x00000000c000c476                Pipe::~Pipe()
                0x00000000c000c476                Pipe::~Pipe()
                0x00000000c000c49a                Pipe::~Pipe()
                0x00000000c000c4c2                Pipe::read(unsigned long long, void*, int*)
                0x00000000c000c5b6                Pipe::write(unsigned long long, void*, int*)
                0x00000000c000c67e                Pipe::Pipe(int)
                0x00000000c000c67e                Pipe::Pipe(int)
 *fill*         0x00000000c000c6e5        0x1 
 .text          0x00000000c000c6e6      0xf65 core/terminal.32
                0x00000000c000c6e6                VgaText::isAtty()
                0x00000000c000c6ea                VgaText::~VgaText()
                0x00000000c000c6ea                VgaText::~VgaText()
                0x00000000c000c70e                VgaText::~VgaText()
                0x00000000c000c738                VgaText::read(unsigned long long, void*, int*)
                0x00000000c000c758                setTerminalScrollLock(bool)
                0x00000000c000c759                addToTerminalCycle(VgaText*)
                0x00000000c000c786                installVgaTextImplementation()
                0x00000000c000c79b                scrollTerminalScrollLock(int)
                0x00000000c000c79c                VgaText::load()
                0x00000000c000c7f0                VgaText::updateCursor()
                0x00000000c000c80a                VgaText::showCursor(bool)
                0x00000000c000c81a                VgaText::disableBlink(bool)
                0x00000000c000c854                VgaText::doANSI_SGR(int)
                0x00000000c000c8e0                VgaText::setDefaultBgColour(VgaColour)
                0x00000000c000c8f6                VgaText::setDefaultFgColour(VgaColour)
                0x00000000c000c90c                VgaText::setDefaultColours(VgaColour, VgaColour)
                0x00000000c000c92c                VgaText::combineColours(unsigned char, unsigned char)
                0x00000000c000c93e                VgaText::scrollScreen()
                0x00000000c000c9d2                VgaText::combineCharAndColour(char, unsigned char)
                0x00000000c000c9e4                VgaText::writeCharacter(char, VgaColour, VgaColour, int, int)
                0x00000000c000ca44                VgaText::getCursorX()
                0x00000000c000ca50                VgaText::getCursorY()
                0x00000000c000ca5c                VgaText::setCursor(int, int)
                0x00000000c000ca7a                VgaText::setCursorX(int)
                0x00000000c000ca96                VgaText::setCursorY(int)
                0x00000000c000cab2                VgaText::incrementCursor(bool)
                0x00000000c000cb1a                VgaText::updateRAMUsageDisplay(int)
                0x00000000c000cb74                VgaText::updateDiskUsage()
                0x00000000c000ccda                VgaText::updateTitle()
                0x00000000c000cd20                VgaText::setTitleTextColour(VgaColour)
                0x00000000c000cd30                VgaText::setTitleColour(VgaColour)
                0x00000000c000cd40                VgaText::setTitle(char*)
                0x00000000c000cd66                VgaText::decrementCursor(bool)
                0x00000000c000cd8e                VgaText::putchar(char, VgaColour, VgaColour)
                0x00000000c000ce8a                VgaText::isShowingCursor()
                0x00000000c000ce96                VgaText::isBlinkDisabled()
                0x00000000c000cea4                VgaText::setCursorHeight(int)
                0x00000000c000cec2                VgaText::getCursorHeight()
                0x00000000c000cecd                setActiveTerminal(VgaText*)
                0x00000000c000cf7f                doTerminalCycle()
                0x00000000c000cf9c                VgaText::doUpdate()
                0x00000000c000cfae                VgaText::puts(char const*, VgaColour, VgaColour)
                0x00000000c000d16e                VgaText::clearScreen()
                0x00000000c000d1d2                VgaText::putchar(char)
                0x00000000c000d2ec                VgaText::puts(char const*)
                0x00000000c000d312                VgaText::putx(unsigned int)
                0x00000000c000d358                VgaText::VgaText(char const*)
                0x00000000c000d358                VgaText::VgaText(char const*)
                0x00000000c000d4ea                VgaText::receiveKey(unsigned char)
                0x00000000c000d5d2                VgaText::write(unsigned long long, void*, int*)
                0x00000000c000d626                newTerminal(char*)
 *fill*         0x00000000c000d64b        0x1 
 .text          0x00000000c000d64c      0x18f core/tss.32
                0x00000000c000d64c                TSS::TSS()
                0x00000000c000d64c                TSS::TSS()
                0x00000000c000d65a                TSS::setESP(unsigned long)
                0x00000000c000d66c                TSS::flush()
                0x00000000c000d68c                TSS::setup(unsigned long, unsigned long)
 *fill*         0x00000000c000d7db        0x1 
 .text          0x00000000c000d7dc      0x32f core/unixfile.32
                0x00000000c000d7dc                ReservedFilename::isAtty()
                0x00000000c000d7f2                ReservedFilename::read(unsigned long long, void*, int*)
                0x00000000c000d884                ReservedFilename::write(unsigned long long, void*, int*)
                0x00000000c000d91a                UnixFile::getFileDescriptor()
                0x00000000c000d922                UnixFile::UnixFile(int)
                0x00000000c000d922                UnixFile::UnixFile(int)
                0x00000000c000d95e                ReservedFilename::ReservedFilename(int)
                0x00000000c000d95e                ReservedFilename::ReservedFilename(int)
                0x00000000c000d986                UnixFile::~UnixFile()
                0x00000000c000d986                UnixFile::~UnixFile()
                0x00000000c000da0c                UnixFile::~UnixFile()
                0x00000000c000da34                ReservedFilename::~ReservedFilename()
                0x00000000c000da34                ReservedFilename::~ReservedFilename()
                0x00000000c000da58                ReservedFilename::~ReservedFilename()
                0x00000000c000da7f                getFromFileDescriptor(int)
 *fill*         0x00000000c000db0b        0x1 
 .text          0x00000000c000db0c     0x1175 core/virtmgr.32
                0x00000000c000db0c                Virt::setPageState(unsigned long, Virt::VirtPageState)
                0x00000000c000db41                Virt::getPageState(unsigned long)
                0x00000000c000db65                Virt::allocateKernelVirtualPages(int)
                0x00000000c000dc76                Virt::virtualMemorySetup()
                0x00000000c000dcf5                Virt::getAKernelVAS()
                0x00000000c000dcfb                Virt::setupPageSwapping(int)
                0x00000000c000de20                VAS::VAS()
                0x00000000c000de20                VAS::VAS()
                0x00000000c000de50                VAS::getForeignPageTableEntry(bool, unsigned long)
                0x00000000c000de7c                VAS::getPageTableEntry(unsigned long)
                0x00000000c000de9b                Virt::freeKernelVirtualPages(unsigned long)
                0x00000000c000dfbe                VAS::freeAllocatedPages(unsigned long)
                0x00000000c000dfe2                VAS::virtualToPhysical(unsigned long)
                0x00000000c000dffa                VAS::mapOtherVASIn(bool, VAS*)
                0x00000000c000e030                VAS::~VAS()
                0x00000000c000e030                VAS::~VAS()
                0x00000000c000e19c                VAS::mapPage(unsigned long, unsigned long, int)
                0x00000000c000e29c                VAS::allocatePages(int, int)
                0x00000000c000e46c                VAS::setCPUSpecific(unsigned long)
                0x00000000c000e488                VAS::mapRange(unsigned long, unsigned long, int, int)
                0x00000000c000e552                VAS::VAS(VAS*)
                0x00000000c000e552                VAS::VAS(VAS*)
                0x00000000c000e89c                VAS::mapForeignPage(bool, VAS*, unsigned long, unsigned long, int)
                0x00000000c000e98a                VAS::VAS(bool)
                0x00000000c000e98a                VAS::VAS(bool)
                0x00000000c000ebba                mapVASFirstTime
 .text          0x00000000c000ec81       0x93 coreobjs/c++.32
                0x00000000c000ec81                __cxa_atexit
                0x00000000c000ec84                __cxa_finalize
                0x00000000c000ec85                __stack_chk_fail
                0x00000000c000ece5                __cxa_pure_virtual
                0x00000000c000ecf6                operator new(unsigned long)
                0x00000000c000ecfb                operator new[](unsigned long)
                0x00000000c000ed00                operator delete(void*)
                0x00000000c000ed05                operator delete(void*, unsigned long)
                0x00000000c000ed0a                operator delete[](void*)
                0x00000000c000ed0f                operator delete[](void*, unsigned long)
 .text          0x00000000c000ed14      0x1ef dbg/kconsole.32
                0x00000000c000ed14                Dbg::stringifyxWithBase(unsigned int, char*, int)
                0x00000000c000ed75                Dbg::logc(char)
                0x00000000c000ed8c                Dbg::logs(char*)
                0x00000000c000eda9                Dbg::logWriteInt(unsigned int)
                0x00000000c000edc6                Dbg::logWriteIntBase(unsigned int, int)
                0x00000000c000ede5                Dbg::kprintf(char const*, ...)
 *fill*         0x00000000c000ef03        0x1 
 .text          0x00000000c000ef04      0xb68 fs/vfs.32
                0x00000000c000ef04                File::read(unsigned long long, void*, int*)
                0x00000000c000ef5c                File::write(unsigned long long, void*, int*)
                0x00000000c000efb4                Directory::read(unsigned long long, void*, int*)
                0x00000000c000f00c                Directory::write(unsigned long long, void*, int*)
                0x00000000c000f03a                File::isAtty()
                0x00000000c000f03e                Directory::isAtty()
                0x00000000c000f042                Filesystem::getlabel(LogicalDisk*, int, char*, unsigned int*)
                0x00000000c000f048                Filesystem::setlabel(LogicalDisk*, int, char*)
                0x00000000c000f04e                File::~File()
                0x00000000c000f04e                File::~File()
                0x00000000c000f072                File::~File()
                0x00000000c000f09c                Directory::~Directory()
                0x00000000c000f09c                Directory::~Directory()
                0x00000000c000f0c0                Directory::~Directory()
                0x00000000c000f0ea                Filesystem::Filesystem()
                0x00000000c000f0ea                Filesystem::Filesystem()
                0x00000000c000f10e                Filesystem::~Filesystem()
                0x00000000c000f10e                Filesystem::~Filesystem()
                0x00000000c000f11c                Filesystem::~Filesystem()
                0x00000000c000f140                initVFS()
                0x00000000c000f16a                standardiseFiles(char*, char const*, char const*)
                0x00000000c000f314                File::File(char const*, Process*)
                0x00000000c000f314                File::File(char const*, Process*)
                0x00000000c000f378                File::open(FileOpenMode)
                0x00000000c000f3d6                File::close()
                0x00000000c000f436                File::seek(unsigned long long)
                0x00000000c000f48c                File::tell(unsigned long long*)
                0x00000000c000f4dc                File::rewind()
                0x00000000c000f4f0                File::unlink()
                0x00000000c000f53c                File::rename(char const*)
                0x00000000c000f58a                File::chfatattr(unsigned char, unsigned char)
                0x00000000c000f5e6                File::exists()
                0x00000000c000f624                File::stat(unsigned long long*, bool*)
                0x00000000c000f685                getcwd(Process*, char*, int)
                0x00000000c000f6af                setcwd(Process*, char*)
                0x00000000c000f7d6                Directory::Directory(char const*, Process*)
                0x00000000c000f7d6                Directory::Directory(char const*, Process*)
                0x00000000c000f83a                Directory::open()
                0x00000000c000f896                Directory::close()
                0x00000000c000f8f6                Directory::unlink()
                0x00000000c000f942                Directory::rename(char const*)
                0x00000000c000f990                Directory::exists()
                0x00000000c000f9ce                Directory::read(dirent*)
                0x00000000c000fa1a                Directory::create()
                0x00000000c000fa66                Filesystem::chfatattr(char const*, unsigned char, unsigned char)
 .text          0x00000000c000fa6c       0x84 hal/bus.32
                0x00000000c000fa6c                Bus::Bus(char const*)
                0x00000000c000fa6c                Bus::Bus(char const*)
                0x00000000c000faa2                Bus::~Bus()
                0x00000000c000faa2                Bus::~Bus()
                0x00000000c000fac6                Bus::~Bus()
 .text          0x00000000c000faf0      0x14e hal/buzzer.32
                0x00000000c000faf0                Buzzer::Buzzer(char const*)
                0x00000000c000faf0                Buzzer::Buzzer(char const*)
                0x00000000c000fb34                Buzzer::~Buzzer()
                0x00000000c000fb34                Buzzer::~Buzzer()
                0x00000000c000fb58                Buzzer::~Buzzer()
                0x00000000c000fb82                Buzzer::stop()
                0x00000000c000fb95                beepThread(void*)
                0x00000000c000fbd0                Buzzer::beep(int, int, bool)
 .text          0x00000000c000fc3e      0x42f hal/clock.32
                0x00000000c000fc3e                loadClockSettings()
                0x00000000c000fc58                Clock::Clock(char const*)
                0x00000000c000fc58                Clock::Clock(char const*)
                0x00000000c000fc8e                Clock::~Clock()
                0x00000000c000fc8e                Clock::~Clock()
                0x00000000c000fcb2                Clock::~Clock()
                0x00000000c000fcdc                Clock::timeInSecondsLocal()
                0x00000000c000fd24                Clock::setTimeInSecondsLocal(unsigned long long)
                0x00000000c000fd7d                datetimeToSeconds(datetime_t)
                0x00000000c000fea4                Clock::setTimeInDatetimeLocal(datetime_t)
                0x00000000c000ff04                secondsToDatetime(unsigned long long)
                0x00000000c0010048                Clock::timeInDatetimeLocal()
 *fill*         0x00000000c001006d        0x1 
 .text          0x00000000c001006e      0x504 hal/device.32
                0x00000000c001006e                Device::hibernate()
                0x00000000c0010070                Device::wake()
                0x00000000c0010072                Device::detect()
                0x00000000c0010074                Device::disableLegacy()
                0x00000000c0010076                Device::powerSaving(PowerSavingLevel)
                0x00000000c0010078                DriverlessDevice::close(int, int, void*)
                0x00000000c001007c                DriverlessDevice::detect()
                0x00000000c001007e                DriverlessDevice::open(int, int, void*)
                0x00000000c0010092                Device::~Device()
                0x00000000c0010092                Device::~Device()
                0x00000000c00100a0                Device::~Device()
                0x00000000c00100c8                Device::findAndLoadDriver()
                0x00000000c00100ca                Device::preOpenPCI(PCIDeviceInfo)
                0x00000000c00100f0                Device::preOpenACPI(void*, char*, char*)
                0x00000000c0010144                Device::addIRQHandler(int, void (*)(regs*, void*), bool, void*)
                0x00000000c00101a2                Device::removeIRQHandler(int, void (*)(regs*, void*), bool)
                0x00000000c00101f0                Device::addChild(Device*)
                0x00000000c0010234                Device::removeAllChildren()
                0x00000000c001027a                Device::hibernateAll()
                0x00000000c00102aa                Device::wakeAll()
                0x00000000c00102da                Device::detectAll()
                0x00000000c001030a                Device::disableLegacyAll()
                0x00000000c001033a                Device::loadDriversForAll()
                0x00000000c0010366                Device::closeAll()
                0x00000000c001039c                Device::powerSavingAll(PowerSavingLevel)
                0x00000000c00103d2                Device::setName(char const*)
                0x00000000c00103e0                Device::Device(char const*)
                0x00000000c00103e0                Device::Device(char const*)
                0x00000000c00104d2                Device::getName()
                0x00000000c00104dc                DriverlessDevice::DriverlessDevice(char const*)
                0x00000000c00104dc                DriverlessDevice::DriverlessDevice(char const*)
                0x00000000c0010504                Device::addToLinkedList(LinkedList<Device>&, DeviceType)
                0x00000000c0010548                getDevicesOfType(DeviceType)
 .text          0x00000000c0010572       0x84 hal/diskctrl.32
                0x00000000c0010572                HardDiskController::HardDiskController(char const*)
                0x00000000c0010572                HardDiskController::HardDiskController(char const*)
                0x00000000c00105a8                HardDiskController::~HardDiskController()
                0x00000000c00105a8                HardDiskController::~HardDiskController()
                0x00000000c00105cc                HardDiskController::~HardDiskController()
 .text          0x00000000c00105f6       0xde hal/diskphys.32
                0x00000000c00105f6                PhysicalDisk::PhysicalDisk(char const*, int)
                0x00000000c00105f6                PhysicalDisk::PhysicalDisk(char const*, int)
                0x00000000c001065e                PhysicalDisk::startCache()
                0x00000000c0010686                PhysicalDisk::~PhysicalDisk()
                0x00000000c0010686                PhysicalDisk::~PhysicalDisk()
                0x00000000c00106aa                PhysicalDisk::~PhysicalDisk()
 .text          0x00000000c00106d4      0x142 hal/fpu.32
                0x00000000c00106d4                FPU::FPU(char const*)
                0x00000000c00106d4                FPU::FPU(char const*)
                0x00000000c001070a                FPU::~FPU()
                0x00000000c001070a                FPU::~FPU()
                0x00000000c001072e                FPU::~FPU()
                0x00000000c0010758                setupFPU()
 .text          0x00000000c0010816      0xc21 hal/intctrl.32
                0x00000000c0010816                InterruptController::uninstallISRHandler(int, void (*)(regs*, void*))
                0x00000000c001084e                InterruptController::installISRHandler(int, void (*)(regs*, void*), void*)
                0x00000000c00108a0                doubleFault(regs*, void*)
                0x00000000c00108ae                InterruptController::installIRQHandler(int, void (*)(regs*, void*), bool, void*)
                0x00000000c001094a                InterruptController::clearAllHandlers(int, bool)
                0x00000000c00109f2                InterruptController::uninstallIRQHandler(int, void (*)(regs*, void*), bool)
                0x00000000c0010a79                nmiHandler(regs*, void*)
                0x00000000c0010a87                int_handler
                0x00000000c0010b22                InterruptController::InterruptController(char const*)
                0x00000000c0010b22                InterruptController::InterruptController(char const*)
                0x00000000c0010bc8                InterruptController::~InterruptController()
                0x00000000c0010bc8                InterruptController::~InterruptController()
                0x00000000c0010bec                InterruptController::~InterruptController()
                0x00000000c0010c16                displayDebugInfo(regs*)
                0x00000000c001102d                x87EmulHandler(regs*, void*)
                0x00000000c0011090                gpFault(regs*, void*)
                0x00000000c00110c9                pgFault(regs*, void*)
                0x00000000c00110e0                otherISRHandler(regs*, void*)
                0x00000000c00110ff                opcodeFault(regs*, void*)
                0x00000000c0011169                displayProgramFault(char const*)
                0x00000000c0011192                InterruptController::convertLegacyIRQNumber(int)
                0x00000000c00111dc                setupInterruptController()
 *fill*         0x00000000c0011437        0x1 
 .text          0x00000000c0011438      0x608 hal/keybrd.32
                0x00000000c0011438                startGUI(void*)
                0x00000000c00114aa                sendKeyToTerminal(unsigned char)
                0x00000000c0011516                sendKeyboardToken(KeyboardToken)
                0x00000000c00118f1                clearInternalKeybuffer(VgaText*)
                0x00000000c0011926                readKeyboard(VgaText*, char*, unsigned long)
                0x00000000c00119b6                Keyboard::Keyboard(char const*)
                0x00000000c00119b6                Keyboard::Keyboard(char const*)
                0x00000000c00119f2                Keyboard::~Keyboard()
                0x00000000c00119f2                Keyboard::~Keyboard()
                0x00000000c0011a16                Keyboard::~Keyboard()
 .text          0x00000000c0011a40      0x400 hal/logidisk.32
                0x00000000c0011a40                LogicalDisk::close(int, int, void*)
                0x00000000c0011a44                LogicalDisk::~LogicalDisk()
                0x00000000c0011a44                LogicalDisk::~LogicalDisk()
                0x00000000c0011a68                LogicalDisk::~LogicalDisk()
                0x00000000c0011a92                LogicalDisk::open(int, int, void*)
                0x00000000c0011aa6                LogicalDisk::absoluteToRelative(unsigned long long)
                0x00000000c0011ade                LogicalDisk::relativeToAbsolute(unsigned long long)
                0x00000000c0011b24                LogicalDisk::LogicalDisk(char const*, PhysicalDisk*, unsigned long long, unsigned long long)
                0x00000000c0011b24                LogicalDisk::LogicalDisk(char const*, PhysicalDisk*, unsigned long long, unsigned long long)
                0x00000000c0011bda                LogicalDisk::assignDriveLetter()
                0x00000000c0011c90                LogicalDisk::mount()
                0x00000000c0011d02                LogicalDisk::unmount()
                0x00000000c0011d12                LogicalDisk::unassignDriveLetter()
                0x00000000c0011d68                LogicalDisk::read(unsigned long long, int, void*)
                0x00000000c0011dd4                LogicalDisk::write(unsigned long long, int, void*)
 .text          0x00000000c0011e40       0x84 hal/mouse.32
                0x00000000c0011e40                Mouse::Mouse(char const*)
                0x00000000c0011e40                Mouse::Mouse(char const*)
                0x00000000c0011e76                Mouse::~Mouse()
                0x00000000c0011e76                Mouse::~Mouse()
                0x00000000c0011e9a                Mouse::~Mouse()
 .text          0x00000000c0011ec4      0x339 hal/partition.32
                0x00000000c0011ec4                makePartition(PhysicalDisk*, unsigned long long, unsigned long long)
                0x00000000c0011f6c                createPartitionsForDisk(PhysicalDisk*)
 *fill*         0x00000000c00121fd        0x1 
 .text          0x00000000c00121fe      0x2e7 hal/timer.32
                0x00000000c00121fe                Timer::Timer(char const*)
                0x00000000c00121fe                Timer::Timer(char const*)
                0x00000000c0012234                Timer::~Timer()
                0x00000000c0012234                Timer::~Timer()
                0x00000000c0012258                Timer::~Timer()
                0x00000000c0012282                Timer::read()
                0x00000000c001228d                timerHandler(unsigned long long)
                0x00000000c00123c4                setupTimer(int)
 *fill*         0x00000000c00124e5        0x1 
 .text          0x00000000c00124e6      0x2d1 hal/vcache.32
                0x00000000c00124e6                VCache::VCache(PhysicalDisk*)
                0x00000000c00124e6                VCache::VCache(PhysicalDisk*)
                0x00000000c00125d6                VCache::writeWriteBuffer()
                0x00000000c0012612                VCache::~VCache()
                0x00000000c0012612                VCache::~VCache()
                0x00000000c0012652                VCache::~VCache()
                0x00000000c001267a                VCache::write(unsigned long long, int, void*)
                0x00000000c001275e                VCache::read(unsigned long long, int, void*)
 *fill*         0x00000000c00127b7        0x1 
 .text          0x00000000c00127b8      0x26d hal/video.32
                0x00000000c00127b8                Video::putrect(int, int, int, int, unsigned int)
                0x00000000c0012802                Video::blit(unsigned int*, int, int, int, int)
                0x00000000c0012880                Video::clearScreen(unsigned int)
                0x00000000c00128b4                Video::putpixel(int, int, unsigned int)
                0x00000000c00128c2                Video::Video(char const*)
                0x00000000c00128c2                Video::Video(char const*)
                0x00000000c00128f8                Video::~Video()
                0x00000000c00128f8                Video::~Video()
                0x00000000c001291c                Video::~Video()
                0x00000000c0012946                Video::isMonochrome()
                0x00000000c0012952                Video::getWidth()
                0x00000000c001295e                Video::getHeight()
                0x00000000c001296a                Video::drawCursor(int, int, unsigned char*, int)
 *fill*         0x00000000c0012a25        0x1 
 .text          0x00000000c0012a26      0xd28 hw/acpi.32
                0x00000000c0012a26                ACPI::close(int, int, void*)
                0x00000000c0012adb                findRSDP()
                0x00000000c0012b65                loadACPITables(unsigned char*)
                0x00000000c0012d8c                findRSDT(unsigned char*)
                0x00000000c0012eaa                findDataTable(unsigned char*, char*)
                0x00000000c0012f46                scanMADT()
                0x00000000c00132da                ACPI::ACPI()
                0x00000000c00132da                ACPI::ACPI()
                0x00000000c001333a                ACPI::getPCIIRQAssignment(unsigned char, unsigned short, unsigned char)
                0x00000000c001341c                ACPI::registerPCIIRQAssignment(void*, unsigned short, unsigned char, unsigned char)
                0x00000000c0013522                ACPI::setScreenBrightnessLevel(void*, int)
                0x00000000c0013528                ACPI::writeSimpleBootFlag(SimpleBootFlagTable*)
                0x00000000c0013570                ACPI::open(int, int, void*)
                0x00000000c0013736                ACPI::sleep()
 .text          0x00000000c001374e     0x132c hw/cpu.32
                0x00000000c001374e                CPU::close(int, int, void*)
                0x00000000c0013751                lookupAMDCPUName(unsigned char, unsigned char)
                0x00000000c00138e5                lookupIntelCPUName(unsigned char, unsigned char)
                0x00000000c0013b93                AMD_K6_write_msr(unsigned int, unsigned int, unsigned int, REGS*)
                0x00000000c0013baf                AMD_K6_read_msr(unsigned int, REGS*)
                0x00000000c0013bc7                AMD_K6_writeback(int, int, int)
                0x00000000c0013c3a                cpuid(int, unsigned long*, unsigned long*, unsigned long*, unsigned long*)
                0x00000000c0013cbd                cpuidCheckEDX(unsigned int)
                0x00000000c0013cea                cpuidCheckECX(unsigned int)
                0x00000000c0013d17                cpuidCheckExtendedEBX(unsigned int)
                0x00000000c0013d44                cpuidCheckExtendedECX(unsigned int)
                0x00000000c0013d71                getCPUNumber()
                0x00000000c0013d74                thisCPU()
                0x00000000c0013d88                CPU::CPU()
                0x00000000c0013d88                CPU::CPU()
                0x00000000c0013e16                CPU::displayFeatures()
                0x00000000c0013e18                CPU::detectFeatures()
                0x00000000c001480a                CPU::setupSMEP()
                0x00000000c0014824                CPU::setupUMIP()
                0x00000000c001483c                CPU::setupTSC()
                0x00000000c0014854                CPU::setupLargePages()
                0x00000000c001486c                CPU::setupPAT()
                0x00000000c00148a8                CPU::setupMTRR()
                0x00000000c00148aa                CPU::setupGlobalPages()
                0x00000000c00148c0                CPU::allowUsermodeDataAccess()
                0x00000000c00148d2                CPU::prohibitUsermodeDataAccess()
                0x00000000c00148e4                CPU::setupSMAP()
                0x00000000c001490a                CPU::setupFeatures()
                0x00000000c00149ac                CPU::open(int, int, void*)
 .text          0x00000000c0014a7a        0x0 hw/ports.32
 .text          0x00000000c0014a7a      0x32c krnl/panic.32
                0x00000000c0014a7a                Krnl::panic(char const*)
 .text          0x00000000c0014da6      0x503 reg/registry.32
                0x00000000c0014da6                Reg::findLineFromLoadedData(char*, char*, char*)
                0x00000000c0014efe                Reg::getLineFromRegistry(char*, char*, char*, char*)
                0x00000000c001505d                Reg::getLine(char*, char*, char*)
                0x00000000c0015094                Reg::readInt(char*, char*, int*)
                0x00000000c001517f                Reg::readString(char*, char*, char*, int)
                0x00000000c0015200                Reg::readBool(char*, char*, bool*)
                0x00000000c0015225                Reg::readBoolWithDefault(char*, char*, bool)
                0x00000000c0015251                Reg::readIntWithDefault(char*, char*, int)
                0x00000000c001527d                Reg::readStringWithDefault(char*, char*, char*, int, char*)
 .text          0x00000000c00152a9       0x18 sys/sc_exit.32
                0x00000000c00152a9                Sys::exit(regs*)
 .text          0x00000000c00152c1       0x95 sys/sc_loaddll.32
                0x00000000c00152c1                Sys::loadDLL(regs*)
 .text          0x00000000c0015356       0x68 sys/sc_read.32
                0x00000000c0015356                Sys::read(regs*)
 .text          0x00000000c00153be       0x55 sys/sc_sbrk.32
                0x00000000c00153be                Sys::sbrk(regs*)
 .text          0x00000000c0015413       0x68 sys/sc_write.32
                0x00000000c0015413                Sys::write(regs*)
 .text          0x00000000c001547b       0x1a sys/sc_yield.32
                0x00000000c001547b                Sys::yield(regs*)
 .text          0x00000000c0015495      0xdaa sys/syscalls.32
                0x00000000c0015495                sysCallGetPID(regs*)
                0x00000000c00154a1                sysCallSeekDir(regs*)
                0x00000000c00154a6                sysCallTellDir(regs*)
                0x00000000c00154ab                sysCallVerify(regs*)
                0x00000000c00154b5                sysCallGetArgc(regs*)
                0x00000000c00154c5                sysFormatDisk(regs*)
                0x00000000c001552f                sysSetDiskVolumeLabel(regs*)
                0x00000000c0015575                sysGetDiskVolumeLabel(regs*)
                0x00000000c00155c6                sysShutdown(regs*)
                0x00000000c0015624                sysCallGetCwd(regs*)
                0x00000000c0015643                sysCallSetCwd(regs*)
                0x00000000c001565f                sysCallRealpath(regs*)
                0x00000000c00156a2                sysCallOpen(regs*)
                0x00000000c0015792                sysCallReadDir(regs*)
                0x00000000c0015801                sysCallIsATTY(regs*)
                0x00000000c0015854                sysCallSeek(regs*)
                0x00000000c00158a5                sysCallTell(regs*)
                0x00000000c00158f1                sysCallSizeFromFilename(regs*)
                0x00000000c001596a                sysCallSize(regs*)
                0x00000000c00159bc                sysCallClose(regs*)
                0x00000000c0015a0a                sysCallOpenDir(regs*)
                0x00000000c0015a77                sysCallMakeDir(regs*)
                0x00000000c0015ad0                sysCallCloseDir(regs*)
                0x00000000c0015b1e                sysCallWait(regs*)
                0x00000000c0015b38                sysCallFork(regs*)
                0x00000000c0015b54                sysCallExecve(regs*)
                0x00000000c0015ba9                sysCallRmdir(regs*)
                0x00000000c0015bfb                sysCallUnlink(regs*)
                0x00000000c0015c4d                sysCallGetArgv(regs*)
                0x00000000c0015c99                sysCallTTYName(regs*)
                0x00000000c0015d15                sysCallGetEnv(regs*)
                0x00000000c0015d67                sysCallUSleep(regs*)
                0x00000000c0015d8e                sysCallSpawn(regs*)
                0x00000000c0015dfe                sysAppSettings(regs*)
                0x00000000c0015f1d                sysSetFatAttrib(regs*)
                0x00000000c0015f7d                sysPanic(regs*)
                0x00000000c0015fa3                sysPipe(regs*)
                0x00000000c0015fe8                sysGetUnixTime(regs*)
                0x00000000c0015ffc                string_ends_with(char const*, char const*)
                0x00000000c0016044                setupSystemCalls()
                0x00000000c00161fd                systemCall(regs*, void*)
 .text          0x00000000c001623f     0x11c6 thr/elf.32
                0x00000000c001623f                Thr::allocateMemoryForTask(Process*, File*, unsigned long, unsigned long, unsigned long)
                0x00000000c00164bc                Thr::loadProgramIntoMemory(Process*, char const*)
                0x00000000c00166d2                Thr::runtimeReferenceHelper()
                0x00000000c00166e5                Thr::getAddressOfKernelSymbol(char const*)
                0x00000000c0016734                Thr::loadKernelSymbolTable(char const*)
                0x00000000c00169f5                Thr::loadDriverIntoMemory(char const*, unsigned long, bool)
                0x00000000c0017205                Thr::getDriverBaseFromAddress(unsigned long)
                0x00000000c0017237                Thr::getDriverNameFromAddress(unsigned long)
                0x00000000c001726e                Thr::getDriverOffsetFromAddress(unsigned long)
                0x00000000c0017288                Thr::loadDLL(char const*, bool)
                0x00000000c00173db                Thr::executeDLL(unsigned long, void*)
 *fill*         0x00000000c0017405        0x1 
 .text          0x00000000c0017406     0x11cc thr/prcssthr.32
                0x00000000c0017406                changeTSS
                0x00000000c0017434                Process::addArgs(char**)
                0x00000000c001748e                Process::Process(char const*, Process*, char**)
                0x00000000c001748e                Process::Process(char const*, Process*, char**)
                0x00000000c0017646                Process::Process(bool, char const*, Process*, char**)
                0x00000000c0017646                Process::Process(bool, char const*, Process*, char**)
                0x00000000c00177c9                disableIRQs()
                0x00000000c00177d1                getIRQNestingLevel()
                0x00000000c00177d7                enableIRQs()
                0x00000000c00177e6                lockScheduler()
                0x00000000c00177e8                unlockScheduler()
                0x00000000c00177ea                userModeEntryPoint(void*)
                0x00000000c001780d                lockStuff()
                0x00000000c0017819                taskStartupFunction
                0x00000000c0017822                updateTimeUsed()
                0x00000000c0017880                switchToThread(ThreadControlBlock*)
                0x00000000c00178d0                Semaphore::Semaphore(int)
                0x00000000c00178d0                Semaphore::Semaphore(int)
                0x00000000c00178fe                Mutex::Mutex()
                0x00000000c00178fe                Mutex::Mutex()
                0x00000000c0017910                Process::createThread(void (*)(void*), void*, int)
                0x00000000c00179f4                Process::createUserThread()
                0x00000000c0017a10                setupMultitasking(void (*)())
                0x00000000c0017b1a                schedule()
                0x00000000c0017b9f                unlockStuff()
                0x00000000c0017bd4                forkProcess(regs*)
                0x00000000c0017d42                Semaphore::tryAcquire()
                0x00000000c0017d70                Semaphore::assertLocked(char const*)
                0x00000000c0017da3                blockTaskWithSchedulerLockAlreadyHeld(TaskState)
                0x00000000c0017de5                blockTask(TaskState)
                0x00000000c0017e06                waitTask(int, int*, int)
                0x00000000c0017e48                nanoSleepUntil(unsigned long long)
                0x00000000c0017e9f                nanoSleep(unsigned long long)
                0x00000000c0017eb4                sleep(unsigned long long)
                0x00000000c0017ed2                Semaphore::acquire()
                0x00000000c0017f3a                execveProcess(char const*, char* const*, char* const*)
                0x00000000c0017fc8                taskReturned
                0x00000000c0017ff6                unblockTask(ThreadControlBlock*)
                0x00000000c00180a5                cleanupTerminatedTask(ThreadControlBlock*)
                0x00000000c0018353                cleanerTaskFunction(void*)
                0x00000000c0018406                terminateTask(int)
                0x00000000c00184da                Thr::terminateFromIRQ(int)
                0x00000000c00184e6                Semaphore::release()
 .text          0x00000000c00185d2      0x8bf vm86/vm8086.32
                0x00000000c00185d2                Vm::vm8086EntryPoint(void*)
                0x00000000c00185fd                Vm::inbv(unsigned short)
                0x00000000c0018603                Vm::outbv(unsigned short, unsigned char)
                0x00000000c001860d                Vm::realToLinear(unsigned short, unsigned short)
                0x00000000c001861d                Vm::getSegment(unsigned int)
                0x00000000c0018625                Vm::getOffset(unsigned int)
                0x00000000c001862a                Vm::loadFileAsThread(Process*, char const*, unsigned short, unsigned short, unsigned short, unsigned short)
                0x00000000c0018759                Vm::doISR(regs*, int, unsigned char*, unsigned short, unsigned short)
                0x00000000c00187e3                Vm::readByteFromReal(unsigned short, unsigned short)
                0x00000000c00187f4                Vm::readWordFromReal(unsigned short, unsigned short)
                0x00000000c0018806                Vm::readDwordFromReal(unsigned short, unsigned short)
                0x00000000c0018817                Vm::writeByteFromReal(unsigned short, unsigned short, unsigned char)
                0x00000000c001882c                Vm::writeWordFromReal(unsigned short, unsigned short, unsigned short)
                0x00000000c0018842                Vm::writeDwordFromReal(unsigned short, unsigned short, unsigned int)
                0x00000000c0018857                Vm::faultHandler(regs*)
 *fill*         0x00000000c0018e91        0x1 
 .text          0x00000000c0018e92     0x10ed fs/fat/vfslink.32
                0x00000000c0018e92                FAT::getName()
                0x00000000c0018e98                FAT::tell(void*, unsigned long long*)
                0x00000000c0018ecc                FAT::stat(void*, unsigned long long*)
                0x00000000c0018f00                FAT::~FAT()
                0x00000000c0018f00                FAT::~FAT()
                0x00000000c0018f24                FAT::~FAT()
                0x00000000c0018f4c                FAT::getlabel(LogicalDisk*, int, char*, unsigned int*)
                0x00000000c0018fea                FAT::setlabel(LogicalDisk*, int, char*)
                0x00000000c00190a4                FAT::format(LogicalDisk*, int, char const*, int)
                0x00000000c0019288                FAT::tryMount(LogicalDisk*, int)
                0x00000000c001948e                FAT::readDir(void*, unsigned long, void*, int*)
                0x00000000c0019594                FAT::read(void*, unsigned long, void*, int*)
                0x00000000c00195ee                FAT::write(void*, unsigned long, void*, int*)
                0x00000000c0019648                FAT::close(void*)
                0x00000000c0019694                FAT::closeDir(void*)
                0x00000000c00196e0                FAT::seek(void*, unsigned long long)
                0x00000000c0019734                fatWrapperReadDisk
                0x00000000c001977b                fatWrapperWriteDisk
                0x00000000c00197c2                fatWrapperIoctl
                0x00000000c00198c6                FAT::FAT()
                0x00000000c00198c6                FAT::FAT()
                0x00000000c0019918                FAT::fixFilepath(char*)
                0x00000000c0019950                FAT::open(char const*, void**, FileOpenMode)
                0x00000000c0019a78                FAT::openDir(char const*, void**)
                0x00000000c0019b1e                FAT::stat(char const*, unsigned long long*, bool*)
                0x00000000c0019c08                FAT::unlink(char const*)
                0x00000000c0019c82                FAT::chfatattr(char const*, unsigned char, unsigned char)
                0x00000000c0019dd6                FAT::rename(char const*, char const*)
                0x00000000c0019e9a                FAT::mkdir(char const*)
                0x00000000c0019f14                FAT::exists(char const*)
 *fill*         0x00000000c0019f7f        0x1 
 .text          0x00000000c0019f80      0xbdf fs/iso9660/vfslink.32
                0x00000000c0019f80                ISO9660::format(LogicalDisk*, int, char const*, int)
                0x00000000c0019f86                ISO9660::seek(void*, unsigned long long)
                0x00000000c0019fb6                ISO9660::tell(void*, unsigned long long*)
                0x00000000c0019fda                ISO9660::getName()
                0x00000000c0019fe0                ISO9660::stat(void*, unsigned long long*)
                0x00000000c001a004                ISO9660::chfatattr(char const*, unsigned char, unsigned char)
                0x00000000c001a00a                ISO9660::unlink(char const*)
                0x00000000c001a010                ISO9660::write(void*, unsigned long, void*, int*)
                0x00000000c001a016                ISO9660::rename(char const*, char const*)
                0x00000000c001a01c                ISO9660::mkdir(char const*)
                0x00000000c001a022                ISO9660::close(void*)
                0x00000000c001a044                ISO9660::closeDir(void*)
                0x00000000c001a066                ISO9660::~ISO9660()
                0x00000000c001a066                ISO9660::~ISO9660()
                0x00000000c001a08a                ISO9660::~ISO9660()
                0x00000000c001a0b1                __memmem(unsigned char*, int, unsigned char*, int)
                0x00000000c001a0f3                readSectorFromCDROM(unsigned int, unsigned char*, char)
                0x00000000c001a15a                ISO9660::tryMount(LogicalDisk*, int)
                0x00000000c001a1aa                ISO9660::read(void*, unsigned long, void*, int*)
                0x00000000c001a3ee                ISO9660::readDir(void*, unsigned long, void*, int*)
                0x00000000c001a67b                readRoot(unsigned int*, unsigned int*, char)
                0x00000000c001a6d0                readRecursively(char*, unsigned int, unsigned int, unsigned int*, unsigned int*, char, int*)
                0x00000000c001a8a3                getFileData(char*, unsigned int*, unsigned int*, char, int*)
                0x00000000c001a932                ISO9660::open(char const*, void**, FileOpenMode)
                0x00000000c001a9cc                ISO9660::exists(char const*)
                0x00000000c001a9f0                ISO9660::stat(char const*, unsigned long long*, bool*)
                0x00000000c001aa84                ISO9660::openDir(char const*, void**)
                0x00000000c001ab3c                ISO9660::ISO9660()
                0x00000000c001ab3c                ISO9660::ISO9660()
 *fill*         0x00000000c001ab5f        0x1 
 .text          0x00000000c001ab60      0x244 hal/sound/sndchannel.32
                0x00000000c001ab60                SoundChannel::~SoundChannel()
                0x00000000c001ab60                SoundChannel::~SoundChannel()
                0x00000000c001ab7c                SoundChannel::setSpeed(float)
                0x00000000c001ab88                SoundChannel::getSpeed()
                0x00000000c001ab90                SoundChannel::setVolume(int)
                0x00000000c001abac                SoundChannel::getVolume()
                0x00000000c001abb4                SoundChannel::pause()
                0x00000000c001abbe                SoundChannel::SoundChannel(int, int, int, int)
                0x00000000c001abbe                SoundChannel::SoundChannel(int, int, int, int)
                0x00000000c001acb4                SoundChannel::play()
                0x00000000c001acbe                SoundChannel::paused()
                0x00000000c001acc6                SoundChannel::getSampleRate()
                0x00000000c001acce                SoundChannel::getBits()
                0x00000000c001acd6                SoundChannel::getBufferUsed()
                0x00000000c001acde                SoundChannel::getBufferSize()
                0x00000000c001ace6                SoundChannel::unbuffer(float*, int, int)
                0x00000000c001ad58                SoundChannel::buffer8(unsigned char*, int)
 .text          0x00000000c001ada4      0x317 hal/sound/sndhw.32
                0x00000000c001ada4                SoundDevice::SoundDevice(char const*)
                0x00000000c001ada4                SoundDevice::SoundDevice(char const*)
                0x00000000c001ae10                SoundDevice::~SoundDevice()
                0x00000000c001ae10                SoundDevice::~SoundDevice()
                0x00000000c001ae8a                SoundDevice::~SoundDevice()
                0x00000000c001aeb4                SoundDevice::getFreeChannelNum()
                0x00000000c001aece                SoundDevice::addChannel(SoundChannel*)
                0x00000000c001af3e                SoundDevice::removeChannel(int)
                0x00000000c001af70                SoundDevice::floatTo8(float*, unsigned char*, int)
                0x00000000c001afdc                SoundDevice::getAudio(int, float*, float*)
 .text          0x00000000c001b0bb        0x0 hw/bus/isa.32
 *fill*         0x00000000c001b0bb        0x1 
 .text          0x00000000c001b0bc      0x6e5 hw/bus/pci.32
                0x00000000c001b0bc                PCI::open(int, int, void*)
                0x00000000c001b0d0                PCI::close(int, int, void*)
                0x00000000c001b0d4                PCI::PCI()
                0x00000000c001b0d4                PCI::PCI()
                0x00000000c001b154                PCI::pciReadWord(unsigned char, unsigned char, unsigned char, unsigned char)
                0x00000000c001b19c                PCI::getVendorID(unsigned char, unsigned char, unsigned char)
                0x00000000c001b1be                PCI::getHeaderType(unsigned char, unsigned char, unsigned char)
                0x00000000c001b1e2                PCI::getClassCode(unsigned char, unsigned char, unsigned char)
                0x00000000c001b226                PCI::getProgIF(unsigned char, unsigned char, unsigned char)
                0x00000000c001b24a                PCI::getRevisionID(unsigned char, unsigned char, unsigned char)
                0x00000000c001b26c                PCI::getInterruptNumber(unsigned char, unsigned char, unsigned char)
                0x00000000c001b28e                PCI::getSecondaryBus(unsigned char, unsigned char, unsigned char)
                0x00000000c001b2b2                PCI::getBARAddress(unsigned char, unsigned char, unsigned char, unsigned char)
                0x00000000c001b312                PCI::pciWriteWord(unsigned char, unsigned char, unsigned char, unsigned char, unsigned short)
                0x00000000c001b37e                PCI::checkBus(unsigned char)
                0x00000000c001b3a2                PCI::foundDevice(PCIDeviceInfo)
                0x00000000c001b512                PCI::getDeviceData(unsigned char, unsigned char, unsigned char)
                0x00000000c001b6e2                PCI::checkDevice(unsigned char, unsigned char)
                0x00000000c001b74e                PCI::detect()
 *fill*         0x00000000c001b7a1        0x1 
 .text          0x00000000c001b7a2      0xc70 hw/diskctrl/ide.32
                0x00000000c001b7a2                IDE::close(int, int, void*)
                0x00000000c001b7a6                IDE::IDE()
                0x00000000c001b7a6                IDE::IDE()
                0x00000000c001b7da                IDE::prepareInterrupt(unsigned char)
                0x00000000c001b7ec                selectDrive(unsigned char, unsigned char)
                0x00000000c001b7ee                IDE::getBase(unsigned char)
                0x00000000c001b800                IDE::write(unsigned char, unsigned char, unsigned char)
                0x00000000c001b8c0                IDE::read(unsigned char, unsigned char)
                0x00000000c001b96e                IDE::waitInterrupt(unsigned char)
                0x00000000c001b9d4                ideChannel0IRQHandler(regs*, void*)
                0x00000000c001b9f0                ideChannel1IRQHandler(regs*, void*)
                0x00000000c001ba0c                IDE::enableIRQs(unsigned char, bool)
                0x00000000c001ba52                IDE::open(int, int, void*)
                0x00000000c001be62                IDE::readBuffer(unsigned char, unsigned char, unsigned int, unsigned int)
                0x00000000c001bf2e                IDE::detect()
                0x00000000c001c216                IDE::printError(unsigned char, unsigned char, unsigned char)
                0x00000000c001c3ac                IDE::polling(unsigned char, unsigned int)
 .text          0x00000000c001c412      0x62b hw/diskphys/ata.32
                0x00000000c001c412                ATA::close(int, int, void*)
                0x00000000c001c436                ATA::powerSaving(PowerSavingLevel)
                0x00000000c001c438                ATA::ATA()
                0x00000000c001c438                ATA::ATA()
                0x00000000c001c466                ATA::flush(bool)
                0x00000000c001c4b0                ATA::readyForCommand()
                0x00000000c001c500                ATA::access(unsigned long long, int, void*, bool)
                0x00000000c001c87e                ATA::read(unsigned long long, int, void*)
                0x00000000c001c8e6                ATA::write(unsigned long long, int, void*)
                0x00000000c001c94e                ATA::detectCHS()
                0x00000000c001c978                ATA::open(int, int, void*)
 *fill*         0x00000000c001ca3d        0x1 
 .text          0x00000000c001ca3e      0x5b3 hw/diskphys/atapi.32
                0x00000000c001ca3e                ATAPI::write(unsigned long long, int, void*)
                0x00000000c001ca44                ATAPI::close(int, int, void*)
                0x00000000c001ca68                ATAPI::ATAPI()
                0x00000000c001ca68                ATAPI::ATAPI()
                0x00000000c001ca96                ATAPI::readyForCommand()
                0x00000000c001cae6                ATAPI::sendPacket(unsigned char*, int, bool, unsigned short*, int)
                0x00000000c001cda6                ATAPI::diskRemoved()
                0x00000000c001cdc2                ATAPI::eject()
                0x00000000c001ce08                ATAPI::diskInserted()
                0x00000000c001ce36                ATAPI::detectMedia()
                0x00000000c001cef2                ATAPI::open(int, int, void*)
                0x00000000c001cf72                ATAPI::read(unsigned long long, int, void*)
 *fill*         0x00000000c001cff1        0x1 
 .text          0x00000000c001cff2       0x8e hw/fpu/avx.32
                0x00000000c001cff2                AVX::open(int, int, void*)
                0x00000000c001d004                AVX::close(int, int, void*)
                0x00000000c001d016                AVX::available()
                0x00000000c001d028                AVX::save(void*)
                0x00000000c001d040                AVX::load(void*)
                0x00000000c001d058                AVX::AVX()
                0x00000000c001d058                AVX::AVX()
 .text          0x00000000c001d080       0x90 hw/fpu/mmx.32
                0x00000000c001d080                MMX::available()
                0x00000000c001d094                MMX::open(int, int, void*)
                0x00000000c001d0a6                MMX::close(int, int, void*)
                0x00000000c001d0b8                MMX::save(void*)
                0x00000000c001d0d0                MMX::load(void*)
                0x00000000c001d0e8                MMX::MMX()
                0x00000000c001d0e8                MMX::MMX()
 .text          0x00000000c001d110       0x96 hw/fpu/sse.32
                0x00000000c001d110                SSE::open(int, int, void*)
                0x00000000c001d122                SSE::close(int, int, void*)
                0x00000000c001d134                SSE::available()
                0x00000000c001d14e                SSE::save(void*)
                0x00000000c001d166                SSE::load(void*)
                0x00000000c001d17e                SSE::SSE()
                0x00000000c001d17e                SSE::SSE()
 .text          0x00000000c001d1a6       0x8e hw/fpu/x87.32
                0x00000000c001d1a6                x87::open(int, int, void*)
                0x00000000c001d1b8                x87::close(int, int, void*)
                0x00000000c001d1ca                x87::available()
                0x00000000c001d1dc                x87::save(void*)
                0x00000000c001d1f4                x87::load(void*)
                0x00000000c001d20c                x87::x87()
                0x00000000c001d20c                x87::x87()
 .text          0x00000000c001d234      0x5f3 hw/intctrl/apic.32
                0x00000000c001d234                APIC::disable()
                0x00000000c001d236                APIC::close(int, int, void*)
                0x00000000c001d258                IOAPIC::close(int, int, void*)
                0x00000000c001d25e                APIC::io_wait()
                0x00000000c001d264                APIC::getBase()
                0x00000000c001d2a6                APIC::eoi(unsigned char)
                0x00000000c001d2d4                APIC::open(int, int, void*)
                0x00000000c001d38e                IOAPIC::IOAPIC()
                0x00000000c001d38e                IOAPIC::IOAPIC()
                0x00000000c001d3b6                APIC::APIC()
                0x00000000c001d3b6                APIC::APIC()
                0x00000000c001d486                IOAPIC::handlesGSIWithNumber(unsigned int)
                0x00000000c001d4b8                IOAPIC::read(int)
                0x00000000c001d4e0                IOAPIC::open(int, int, void*)
                0x00000000c001d5d6                IOAPIC::write(int, int)
                0x00000000c001d602                IOAPIC::redirect(unsigned char, unsigned long long, unsigned char)
                0x00000000c001d6bc                APIC::installIRQHandler(int, void (*)(regs*, void*), bool, void*)
 *fill*         0x00000000c001d827        0x1 
 .text          0x00000000c001d828      0x3d3 hw/intctrl/pic.32
                0x00000000c001d828                PIC::disable()
                0x00000000c001d856                PIC::close(int, int, void*)
                0x00000000c001d878                PIC::PIC()
                0x00000000c001d878                PIC::PIC()
                0x00000000c001d94e                PIC::ioWait()
                0x00000000c001d954                PIC::getIRQReg(int)
                0x00000000c001d9be                PIC::eoi(unsigned char)
                0x00000000c001da50                PIC::remap()
                0x00000000c001dbbc                PIC::open(int, int, void*)
 *fill*         0x00000000c001dbfb        0x1 
 .text          0x00000000c001dbfc      0x252 hw/timer/apictimer.32
                0x00000000c001dbfc                APICTimer::close(int, int, void*)
                0x00000000c001dc02                apicTimerHandler(regs*, void*)
                0x00000000c001dc30                APICTimer::write(int)
                0x00000000c001dd2e                APICTimer::open(int, int, void*)
                0x00000000c001de26                APICTimer::APICTimer()
                0x00000000c001de26                APICTimer::APICTimer()
 .text          0x00000000c001de4e      0x1a7 hw/timer/pit.32
                0x00000000c001de4e                PIT::write(int)
                0x00000000c001decc                pitHandler(regs*, void*)
                0x00000000c001def8                PIT::open(int, int, void*)
                0x00000000c001df46                PIT::close(int, int, void*)
                0x00000000c001df76                PIT::PIT()
                0x00000000c001df76                PIT::PIT()
 *fill*         0x00000000c001dff5        0xb 
 .text          0x00000000c001e000        0xa hw/fpu/x86/avx.32
                0x00000000c001e000                avxDetect
                0x00000000c001e006                avxSave
                0x00000000c001e007                avxLoad
                0x00000000c001e008                avxInit
                0x00000000c001e009                avxClose
 *fill*         0x00000000c001e00a        0x6 
 .text          0x00000000c001e010       0x38 hw/fpu/x86/sse.32
                0x00000000c001e010                sseDetect
                0x00000000c001e02b                sseSave
                0x00000000c001e031                sseLoad
                0x00000000c001e037                sseInit
                0x00000000c001e047                sseClose
 *fill*         0x00000000c001e048        0x8 
 .text          0x00000000c001e050       0x47 hw/fpu/x86/x87.32
                0x00000000c001e056                x87Detect
                0x00000000c001e071                x87Save
                0x00000000c001e077                x87Load
                0x00000000c001e07c                x87Init
                0x00000000c001e096                x87Close
 *fill*         0x00000000c001e097        0x1 
 .text          0x00000000c001e098       0x25 /cygdrive/d/Users/Alex/Desktop/Toolchain/Output/bin/../lib/gcc/i386-banana/8.1.0/crtend.o
 .text          0x00000000c001e0bd        0x0 crtn.32
 *fill*         0x00000000c001e0bd        0x3 
 .text          0x00000000c001e0c0      0x14b /cygdrive/d/Users/Alex/Desktop/Toolchain/Output/bin/../lib/gcc/i386-banana/8.1.0/libgcc.a(_divdi3.o)
                0x00000000c001e0c0                __divdi3
 *fill*         0x00000000c001e20b        0x1 
 .text          0x00000000c001e20c      0x17e /cygdrive/d/Users/Alex/Desktop/Toolchain/Output/bin/../lib/gcc/i386-banana/8.1.0/libgcc.a(_moddi3.o)
                0x00000000c001e20c                __moddi3
 *fill*         0x00000000c001e38a        0x2 
 .text          0x00000000c001e38c       0xff /cygdrive/d/Users/Alex/Desktop/Toolchain/Output/bin/../lib/gcc/i386-banana/8.1.0/libgcc.a(_udivdi3.o)
                0x00000000c001e38c                __udivdi3
 *fill*         0x00000000c001e48b        0x1 
 .text          0x00000000c001e48c      0x11a /cygdrive/d/Users/Alex/Desktop/Toolchain/Output/bin/../lib/gcc/i386-banana/8.1.0/libgcc.a(_umoddi3.o)
                0x00000000c001e48c                __umoddi3
 *fill*         0x00000000c001e5a6        0xa 
 .text          0x00000000c001e5b0       0x1e D:/Users/Alex/Desktop/Banana/kernel/libk/libm32.a(s_fabs.c.o)
                0x00000000c001e5b0                fabs
 *fill*         0x00000000c001e5ce        0x2 
 .text          0x00000000c001e5d0        0xc D:/Users/Alex/Desktop/Banana/kernel/libk/libm32.a(s_lrint.S.o)
                0x00000000c001e5d0                lrint
 .text          0x00000000c001e5dc        0xc D:/Users/Alex/Desktop/Banana/kernel/libk/libm32.a(s_lrintf.S.o)
                0x00000000c001e5dc                lrintf
 *(.gnu.linkonce.t*)

.iplt           0x00000000c001e5e8        0x0
 .iplt          0x00000000c001e5e8        0x0 D:/Users/Alex/Desktop/Banana/kernel/boot.32

.init           0x00000000c001e5e8        0xf
 .init          0x00000000c001e5e8        0x3 crti.32
                0x00000000c001e5e8                _init
 .init          0x00000000c001e5eb        0x5 /cygdrive/d/Users/Alex/Desktop/Toolchain/Output/bin/../lib/gcc/i386-banana/8.1.0/crtbegin.o
 .init          0x00000000c001e5f0        0x5 /cygdrive/d/Users/Alex/Desktop/Toolchain/Output/bin/../lib/gcc/i386-banana/8.1.0/crtend.o
 .init          0x00000000c001e5f5        0x2 crtn.32

.fini           0x00000000c001e5f7        0xa
 .fini          0x00000000c001e5f7        0x3 crti.32
                0x00000000c001e5f7                _fini
 .fini          0x00000000c001e5fa        0x5 /cygdrive/d/Users/Alex/Desktop/Toolchain/Output/bin/../lib/gcc/i386-banana/8.1.0/crtbegin.o
 .fini          0x00000000c001e5ff        0x2 crtn.32

.text._ZN8ComputerD2Ev
                0x00000000c001e602       0x23
 .text._ZN8ComputerD2Ev
                0x00000000c001e602       0x23 core/computer.32
                0x00000000c001e602                Computer::~Computer()
                0x00000000c001e602                Computer::~Computer()

.text._ZN8ComputerD0Ev
                0x00000000c001e626       0x2a
 .text._ZN8ComputerD0Ev
                0x00000000c001e626       0x2a core/computer.32
                0x00000000c001e626                Computer::~Computer()

.text._Z10idleCommonv
                0x00000000c001e650       0x15
 .text._Z10idleCommonv
                0x00000000c001e650       0x15 core/idle.32
                0x00000000c001e650                idleCommon()

.text._ZN3CPU7readCR3Ev
                0x00000000c001e665       0x12
 .text._ZN3CPU7readCR3Ev
                0x00000000c001e665       0x12 core/kheap.32
                0x00000000c001e665                CPU::readCR3()

.text._ZN3CPU8writeCR3Em
                0x00000000c001e677        0x9
 .text._ZN3CPU8writeCR3Em
                0x00000000c001e677        0x9 core/kheap.32
                0x00000000c001e677                CPU::writeCR3(unsigned long)

.text._ZN10LinkedListI8UnixFileED2Ev
                0x00000000c001e680        0x2
 .text._ZN10LinkedListI8UnixFileED2Ev
                0x00000000c001e680        0x2 core/unixfile.32
                0x00000000c001e680                LinkedList<UnixFile>::~LinkedList()
                0x00000000c001e680                LinkedList<UnixFile>::~LinkedList()

.text._ZN10LinkedListI8UnixFileEC2Ev
                0x00000000c001e682       0x58
 .text._ZN10LinkedListI8UnixFileEC2Ev
                0x00000000c001e682       0x58 core/unixfile.32
                0x00000000c001e682                LinkedList<UnixFile>::LinkedList()
                0x00000000c001e682                LinkedList<UnixFile>::LinkedList()

.text._ZN10LinkedListI8UnixFileE10addElementEPS0_
                0x00000000c001e6da       0xd3
 .text._ZN10LinkedListI8UnixFileE10addElementEPS0_
                0x00000000c001e6da       0xd3 core/unixfile.32
                0x00000000c001e6da                LinkedList<UnixFile>::addElement(UnixFile*)

.text._ZN10LinkedListI8UnixFileE15getFirstElementEv
                0x00000000c001e7ae        0x7
 .text._ZN10LinkedListI8UnixFileE15getFirstElementEv
                0x00000000c001e7ae        0x7 core/unixfile.32
                0x00000000c001e7ae                LinkedList<UnixFile>::getFirstElement()

.text._ZN10LinkedListI8UnixFileE11removeFirstEv
                0x00000000c001e7b6       0xa1
 .text._ZN10LinkedListI8UnixFileE11removeFirstEv
                0x00000000c001e7b6       0xa1 core/unixfile.32
                0x00000000c001e7b6                LinkedList<UnixFile>::removeFirst()

.text._ZN10LinkedListI8UnixFileE7getNextEPS0_
                0x00000000c001e858        0x8
 .text._ZN10LinkedListI8UnixFileE7getNextEPS0_
                0x00000000c001e858        0x8 core/unixfile.32
                0x00000000c001e858                LinkedList<UnixFile>::getNext(UnixFile*)

.text._ZN16DriverlessDeviceD2Ev
                0x00000000c001e860       0x1a
 .text._ZN16DriverlessDeviceD2Ev
                0x00000000c001e860       0x1a hal/device.32
                0x00000000c001e860                DriverlessDevice::~DriverlessDevice()
                0x00000000c001e860                DriverlessDevice::~DriverlessDevice()

.text._ZN16DriverlessDeviceD0Ev
                0x00000000c001e87a       0x2a
 .text._ZN16DriverlessDeviceD0Ev
                0x00000000c001e87a       0x2a hal/device.32
                0x00000000c001e87a                DriverlessDevice::~DriverlessDevice()

.text._ZN10LinkedListI6DeviceE10addElementEPS0_
                0x00000000c001e8a4       0xdc
 .text._ZN10LinkedListI6DeviceE10addElementEPS0_
                0x00000000c001e8a4       0xdc hal/device.32
                0x00000000c001e8a4                LinkedList<Device>::addElement(Device*)

.text._ZN10LinkedListI6DeviceEC2Ev
                0x00000000c001e980       0x58
 .text._ZN10LinkedListI6DeviceEC2Ev
                0x00000000c001e980       0x58 hal/device.32
                0x00000000c001e980                LinkedList<Device>::LinkedList()
                0x00000000c001e980                LinkedList<Device>::LinkedList()

.text._ZN3CPU7readCR0Ev
                0x00000000c001e9d8       0x12
 .text._ZN3CPU7readCR0Ev
                0x00000000c001e9d8       0x12 hal/fpu.32
                0x00000000c001e9d8                CPU::readCR0()

.text._ZN3CPU8writeCR0Em
                0x00000000c001e9ea        0x9
 .text._ZN3CPU8writeCR0Em
                0x00000000c001e9ea        0x9 hal/fpu.32
                0x00000000c001e9ea                CPU::writeCR0(unsigned long)

.text._ZN3CPU7readDR0Ev
                0x00000000c001e9f3       0x12
 .text._ZN3CPU7readDR0Ev
                0x00000000c001e9f3       0x12 hal/intctrl.32
                0x00000000c001e9f3                CPU::readDR0()

.text._ZN3CPU7readDR1Ev
                0x00000000c001ea05       0x12
 .text._ZN3CPU7readDR1Ev
                0x00000000c001ea05       0x12 hal/intctrl.32
                0x00000000c001ea05                CPU::readDR1()

.text._ZN3CPU7readDR2Ev
                0x00000000c001ea17       0x12
 .text._ZN3CPU7readDR2Ev
                0x00000000c001ea17       0x12 hal/intctrl.32
                0x00000000c001ea17                CPU::readDR2()

.text._ZN3CPU7readDR3Ev
                0x00000000c001ea29       0x12
 .text._ZN3CPU7readDR3Ev
                0x00000000c001ea29       0x12 hal/intctrl.32
                0x00000000c001ea29                CPU::readDR3()

.text._ZN3CPU7readDR6Ev
                0x00000000c001ea3b       0x12
 .text._ZN3CPU7readDR6Ev
                0x00000000c001ea3b       0x12 hal/intctrl.32
                0x00000000c001ea3b                CPU::readDR6()

.text._ZN3CPU7readDR7Ev
                0x00000000c001ea4d       0x12
 .text._ZN3CPU7readDR7Ev
                0x00000000c001ea4d       0x12 hal/intctrl.32
                0x00000000c001ea4d                CPU::readDR7()

.text._ZN10LinkedListIV18ThreadControlBlockE15getFirstElementEv
                0x00000000c001ea60        0x7
 .text._ZN10LinkedListIV18ThreadControlBlockE15getFirstElementEv
                0x00000000c001ea60        0x7 hal/timer.32
                0x00000000c001ea60                LinkedList<ThreadControlBlock volatile>::getFirstElement()

.text._ZN10LinkedListIV18ThreadControlBlockE7isEmptyEv
                0x00000000c001ea68       0x1c
 .text._ZN10LinkedListIV18ThreadControlBlockE7isEmptyEv
                0x00000000c001ea68       0x1c hal/timer.32
                0x00000000c001ea68                LinkedList<ThreadControlBlock volatile>::isEmpty()

.text._ZN10LinkedListIV18ThreadControlBlockE11removeFirstEv
                0x00000000c001ea84       0xae
 .text._ZN10LinkedListIV18ThreadControlBlockE11removeFirstEv
                0x00000000c001ea84       0xae hal/timer.32
                0x00000000c001ea84                LinkedList<ThreadControlBlock volatile>::removeFirst()

.text._ZN10LinkedListIV18ThreadControlBlockE10addElementEPS1_
                0x00000000c001eb32       0xd3
 .text._ZN10LinkedListIV18ThreadControlBlockE10addElementEPS1_
                0x00000000c001eb32       0xd3 hal/timer.32
                0x00000000c001eb32                LinkedList<ThreadControlBlock volatile>::addElement(ThreadControlBlock volatile*)

.text._ZN4ACPID2Ev
                0x00000000c001ec06       0x23
 .text._ZN4ACPID2Ev
                0x00000000c001ec06       0x23 hw/acpi.32
                0x00000000c001ec06                ACPI::~ACPI()
                0x00000000c001ec06                ACPI::~ACPI()

.text._ZN4ACPID0Ev
                0x00000000c001ec2a       0x2a
 .text._ZN4ACPID0Ev
                0x00000000c001ec2a       0x2a hw/acpi.32
                0x00000000c001ec2a                ACPI::~ACPI()

.text._ZN3CPUD2Ev
                0x00000000c001ec54       0x23
 .text._ZN3CPUD2Ev
                0x00000000c001ec54       0x23 hw/cpu.32
                0x00000000c001ec54                CPU::~CPU()
                0x00000000c001ec54                CPU::~CPU()

.text._ZN3CPUD0Ev
                0x00000000c001ec78       0x2a
 .text._ZN3CPUD0Ev
                0x00000000c001ec78       0x2a hw/cpu.32
                0x00000000c001ec78                CPU::~CPU()

.text._ZN3CPU7readCR4Ev
                0x00000000c001eca2       0x12
 .text._ZN3CPU7readCR4Ev
                0x00000000c001eca2       0x12 hw/cpu.32
                0x00000000c001eca2                CPU::readCR4()

.text._ZN3CPU8writeDR7Em
                0x00000000c001ecb4        0x9
 .text._ZN3CPU8writeDR7Em
                0x00000000c001ecb4        0x9 hw/cpu.32
                0x00000000c001ecb4                CPU::writeDR7(unsigned long)

.text._ZN3CPU8writeCR4Em
                0x00000000c001ecbd        0x9
 .text._ZN3CPU8writeCR4Em
                0x00000000c001ecbd        0x9 hw/cpu.32
                0x00000000c001ecbd                CPU::writeCR4(unsigned long)

.text._ZN3CPU7readCR2Ev
                0x00000000c001ecc6       0x12
 .text._ZN3CPU7readCR2Ev
                0x00000000c001ecc6       0x12 krnl/panic.32
                0x00000000c001ecc6                CPU::readCR2()

.text._ZN10LinkedListIV18ThreadControlBlockED2Ev
                0x00000000c001ecd8        0x2
 .text._ZN10LinkedListIV18ThreadControlBlockED2Ev
                0x00000000c001ecd8        0x2 thr/prcssthr.32
                0x00000000c001ecd8                LinkedList<ThreadControlBlock volatile>::~LinkedList()
                0x00000000c001ecd8                LinkedList<ThreadControlBlock volatile>::~LinkedList()

.text._ZN18ThreadControlBlockC2Ev
                0x00000000c001ecda       0x3e
 .text._ZN18ThreadControlBlockC2Ev
                0x00000000c001ecda       0x3e thr/prcssthr.32
                0x00000000c001ecda                ThreadControlBlock::ThreadControlBlock()
                0x00000000c001ecda                ThreadControlBlock::ThreadControlBlock()

.text._ZN10LinkedListIV18ThreadControlBlockEC2Ev
                0x00000000c001ed18       0x58
 .text._ZN10LinkedListIV18ThreadControlBlockEC2Ev
                0x00000000c001ed18       0x58 thr/prcssthr.32
                0x00000000c001ed18                LinkedList<ThreadControlBlock volatile>::LinkedList()
                0x00000000c001ed18                LinkedList<ThreadControlBlock volatile>::LinkedList()

.text._ZN10LinkedListIV18ThreadControlBlockE7getNextEPS1_
                0x00000000c001ed70        0x8
 .text._ZN10LinkedListIV18ThreadControlBlockE7getNextEPS1_
                0x00000000c001ed70        0x8 thr/prcssthr.32
                0x00000000c001ed70                LinkedList<ThreadControlBlock volatile>::getNext(ThreadControlBlock volatile*)

.text._ZN3PCID2Ev
                0x00000000c001ed78       0x23
 .text._ZN3PCID2Ev
                0x00000000c001ed78       0x23 hw/bus/pci.32
                0x00000000c001ed78                PCI::~PCI()
                0x00000000c001ed78                PCI::~PCI()

.text._ZN3PCID0Ev
                0x00000000c001ed9c       0x2a