Archive member included to satisfy reference by file (symbol)

/cygdrive/d/Users/Alex/Desktop/Toolchain/Output/bin/../lib/gcc/i386-banana/8.1.0/libkgcc.a(_divdi3.o)
                              fs/fat/ff.32 (__divdi3)
/cygdrive/d/Users/Alex/Desktop/Toolchain/Output/bin/../lib/gcc/i386-banana/8.1.0/libkgcc.a(_moddi3.o)
                              compat/resolve.32 (__moddi3)
/cygdrive/d/Users/Alex/Desktop/Toolchain/Output/bin/../lib/gcc/i386-banana/8.1.0/libkgcc.a(_udivdi3.o)
                              fs/fat/ff.32 (__udivdi3)
/cygdrive/d/Users/Alex/Desktop/Toolchain/Output/bin/../lib/gcc/i386-banana/8.1.0/libkgcc.a(_umoddi3.o)
                              compat/resolve.32 (__umoddi3)
D:/Users/Alex/Desktop/Banana/kernel/libsoftfp.a(sfieeelib.o)
                              hal/libresample/src_linear.32 (__subsf3)
D:/Users/Alex/Desktop/Banana/kernel/libsoftfp.a(dfieeelib.o)
                              hal/libresample/src_linear.32 (__adddf3)
D:/Users/Alex/Desktop/Banana/kernel/libsoftfp.a(sfdfcvt.o)
                              hal/libresample/samplerate.32 (__truncdfsf2)
D:/Users/Alex/Desktop/Banana/kernel/libk/libm32.a(s_fabs.c.o)
                              hal/libresample/samplerate.32 (fabs)
D:/Users/Alex/Desktop/Banana/kernel/libk/libm32.a(s_lrint.S.o)
                              hal/libresample/samplerate.32 (lrint)
D:/Users/Alex/Desktop/Banana/kernel/libk/libm32.a(s_lrintf.S.o)
                              hal/sound/sndhw.32 (lrintf)

Discarded input sections

 .comment       0x0000000000000000       0x12 /cygdrive/d/Users/Alex/Desktop/Toolchain/Output/bin/../lib/gcc/i386-banana/8.1.0/crtbegin.o
 .comment       0x0000000000000000       0x12 acpica/utclib.32
 .comment       0x0000000000000000       0x12 core/malloc.32
 .comment       0x0000000000000000       0x12 libk/string.32
 .comment       0x0000000000000000       0x12 fs/fat/diskio.32
 .comment       0x0000000000000000       0x12 fs/fat/ff.32
 .comment       0x0000000000000000       0x12 fs/fat/ffsystem.32
 .comment       0x0000000000000000       0x12 fs/fat/ffunicode.32
 .comment       0x0000000000000000       0x12 hal/libresample/samplerate.32
 .comment       0x0000000000000000       0x12 hal/libresample/src_linear.32
 .comment       0x0000000000000000       0x12 hal/libresample/src_sinc.32
 .comment       0x0000000000000000       0x12 hal/libresample/src_zoh.32
 .comment       0x0000000000000000       0x12 compat/inlines.32
 .comment       0x0000000000000000       0x12 compat/resolve.32
 .group         0x0000000000000000       0x14 core/computer.32
 .group         0x0000000000000000        0xc core/computer.32
 .comment       0x0000000000000000       0x12 core/computer.32
 .comment       0x0000000000000000       0x12 core/gdt.32
 .group         0x0000000000000000        0xc core/idle.32
 .comment       0x0000000000000000       0x12 core/idle.32
 .comment       0x0000000000000000       0x12 core/idt.32
 .comment       0x0000000000000000       0x12 core/kheap.32
 .comment       0x0000000000000000       0x12 core/main.32
 .comment       0x0000000000000000       0x12 core/physmgr.32
 .group         0x0000000000000000        0xc core/pipe.32
 .comment       0x0000000000000000       0x12 core/pipe.32
 .group         0x0000000000000000        0xc core/terminal.32
 .comment       0x0000000000000000       0x12 core/terminal.32
 .comment       0x0000000000000000       0x12 core/tss.32
 .group         0x0000000000000000        0x8 core/unixfile.32
 .group         0x0000000000000000        0x8 core/unixfile.32
 .group         0x0000000000000000        0xc core/unixfile.32
 .group         0x0000000000000000        0x8 core/unixfile.32
 .group         0x0000000000000000        0xc core/unixfile.32
 .group         0x0000000000000000        0x8 core/unixfile.32
 .group         0x0000000000000000        0xc core/unixfile.32
 .group         0x0000000000000000        0xc core/unixfile.32
 .comment       0x0000000000000000       0x12 core/unixfile.32
 .comment       0x0000000000000000       0x12 core/virtmgr.32
 .comment       0x0000000000000000       0x12 coreobjs/c++.32
 .comment       0x0000000000000000       0x12 dbg/kconsole.32
 .group         0x0000000000000000        0xc fs/vfs.32
 .group         0x0000000000000000        0xc fs/vfs.32
 .group         0x0000000000000000        0xc fs/vfs.32
 .comment       0x0000000000000000       0x12 fs/vfs.32
 .group         0x0000000000000000        0xc hal/bus.32
 .comment       0x0000000000000000       0x12 hal/bus.32
 .group         0x0000000000000000        0xc hal/buzzer.32
 .comment       0x0000000000000000       0x12 hal/buzzer.32
 .group         0x0000000000000000        0xc hal/clock.32
 .comment       0x0000000000000000       0x12 hal/clock.32
 .group         0x0000000000000000       0x14 hal/device.32
 .group         0x0000000000000000        0xc hal/device.32
 .group         0x0000000000000000        0x8 hal/device.32
 .group         0x0000000000000000        0xc hal/device.32
[...]
Memory Configuration

Name             Origin             Length             Attributes
*default*        0x0000000000000000 0xffffffffffffffff

Linker script and memory map

LOAD D:/Users/Alex/Desktop/Banana/kernel/boot.32
LOAD crti.32
LOAD /cygdrive/d/Users/Alex/Desktop/Toolchain/Output/bin/../lib/gcc/i386-banana/8.1.0/crtbegin.o
LOAD D:/Users/Alex/Desktop/Banana/kernel/morenasm.32
LOAD acpica/utclib.32
LOAD core/malloc.32
LOAD libk/string.32
LOAD fs/fat/diskio.32
LOAD fs/fat/ff.32
LOAD fs/fat/ffsystem.32
LOAD fs/fat/ffunicode.32
LOAD hal/libresample/samplerate.32
LOAD hal/libresample/src_linear.32
LOAD hal/libresample/src_sinc.32
LOAD hal/libresample/src_zoh.32
LOAD compat/inlines.32
LOAD compat/resolve.32
LOAD core/computer.32
LOAD core/gdt.32
LOAD core/idle.32
LOAD core/idt.32
LOAD core/kheap.32
LOAD core/main.32
LOAD core/physmgr.32
LOAD core/pipe.32
LOAD core/terminal.32
LOAD core/tss.32
LOAD core/unixfile.32
LOAD core/virtmgr.32
LOAD coreobjs/c++.32
LOAD dbg/kconsole.32
LOAD fs/vfs.32
LOAD hal/bus.32
LOAD hal/buzzer.32
LOAD hal/clock.32
LOAD hal/device.32
LOAD hal/diskctrl.32
LOAD hal/diskphys.32
LOAD hal/fpu.32
LOAD hal/intctrl.32
LOAD hal/keybrd.32
LOAD hal/logidisk.32
LOAD hal/mouse.32
LOAD hal/partition.32
LOAD hal/serial.32
LOAD hal/timer.32
LOAD hal/vcache.32
LOAD hal/video.32
LOAD hw/acpi.32
LOAD hw/cpu.32
LOAD hw/ports.32
LOAD hw/smp.32
LOAD krnl/env.32
LOAD krnl/panic.32
LOAD net/ethernet.32
LOAD reg/registry.32
LOAD sys/sc_eject.32
LOAD sys/sc_exit.32
LOAD sys/sc_getcwd.32
LOAD sys/sc_getpid.32
LOAD sys/sc_getramdata.32
LOAD sys/sc_getvgaptr.32
LOAD sys/sc_loaddll.32
LOAD sys/sc_read.32
LOAD sys/sc_sbrk.32
LOAD sys/sc_setcwd.32
LOAD sys/sc_settime.32
LOAD sys/sc_timezone.32
LOAD sys/sc_write.32
LOAD sys/sc_wsbe.32
LOAD sys/sc_yield.32
LOAD sys/syscalls.32
LOAD thr/elf.32
LOAD thr/prcssthr.32
LOAD vm86/vm8086.32
LOAD vm86/x87em.32
LOAD fs/fat/vfslink.32
LOAD fs/iso9660/vfslink.32
LOAD hal/sound/sndchannel.32
LOAD hal/sound/sndhw.32
LOAD hw/bus/isa.32
LOAD hw/bus/pci.32
LOAD hw/diskctrl/ide.32
LOAD hw/diskctrl/satabus.32
LOAD hw/diskphys/ata.32
LOAD hw/diskphys/atapi.32
LOAD hw/diskphys/sata.32
LOAD hw/diskphys/satapi.32
LOAD hw/fpu/avx.32
LOAD hw/fpu/mmx.32
LOAD hw/fpu/sse.32
LOAD hw/fpu/x87.32
LOAD hw/intctrl/apic.32
LOAD hw/intctrl/pic.32
LOAD hw/timer/apictimer.32
LOAD hw/timer/pit.32
LOAD hw/fpu/x86/avx.32
LOAD hw/fpu/x86/sse.32
LOAD hw/fpu/x86/x87.32
LOAD /cygdrive/d/Users/Alex/Desktop/Toolchain/Output/bin/../lib/gcc/i386-banana/8.1.0/crtend.o
LOAD crtn.32
LOAD /cygdrive/d/Users/Alex/Desktop/Toolchain/Output/bin/../lib/gcc/i386-banana/8.1.0/libkgcc.a
LOAD D:/Users/Alex/Desktop/Banana/kernel/libsoftfp.a
LOAD D:/Users/Alex/Desktop/Banana/kernel/libk/libm32.a
                0x00000000c0000000                . = 0xc0000000

.text           0x00000000c0000000    0x283e8
 *(.text)
 .text          0x00000000c0000000       0x41 D:/Users/Alex/Desktop/Banana/kernel/boot.32
                0x00000000c0000020                callGlobalConstructors
 .text          0x00000000c0000041        0x0 crti.32
 *fill*         0x00000000c0000041        0x3 
 .text          0x00000000c0000044      0x101 /cygdrive/d/Users/Alex/Desktop/Toolchain/Output/bin/../lib/gcc/i386-banana/8.1.0/crtbegin.o
 *fill*         0x00000000c0000145        0xb 
 .text          0x00000000c0000150      0x4fb D:/Users/Alex/Desktop/Banana/kernel/morenasm.32
                0x00000000c0000150                manualPCIProbe
                0x00000000c000019b                prepareTramp
                0x00000000c00001b4                voodooXADD
                0x00000000c000027f                doTPAUSE
                0x00000000c0000289                hasLegacyFPU
                0x00000000c00002ae                is486
                0x00000000c00002e4                detectCPUID
                0x00000000c00002fa                goToVM86
                0x00000000c000032a                goToUsermode
                0x00000000c0000354                switchToThreadASMFirstTime
                0x00000000c0000362                switchToThreadASM
                0x00000000c00003f2                asmQuickAcquireLock
                0x00000000c0000410                asmQuickReleaseLock
                0x00000000c000041c                asmAcquireLock
                0x00000000c000043d                asmReleaseLock
                0x00000000c0000450                loadGDT
                0x00000000c0000470                isr0
                0x00000000c0000480                isr1
                0x00000000c000048a                isr2
                0x00000000c0000494                isr3
                0x00000000c000049e                isr4
                0x00000000c00004a8                isr5
                0x00000000c00004b2                isr6
                0x00000000c00004bc                isr7
                0x00000000c00004c6                isr8
                0x00000000c00004ce                isr9
                0x00000000c00004d8                isr10
                0x00000000c00004e0                isr11
                0x00000000c00004e8                isr12
                0x00000000c00004f0                isr13
                0x00000000c00004f8                isr14
                0x00000000c0000500                isr15
                0x00000000c000050a                isr16
                0x00000000c0000514                isr17
                0x00000000c000051e                isr18
                0x00000000c0000528                irq3
                0x00000000c0000532                irq4
                0x00000000c000053c                irq5
                0x00000000c0000546                irq6
                0x00000000c0000550                irq7
                0x00000000c000055a                irq8
                0x00000000c0000564                irq9
                0x00000000c000056e                irq10
                0x00000000c0000578                irq11
                0x00000000c0000582                irq12
                0x00000000c000058c                irq13
                0x00000000c0000596                irq14
                0x00000000c00005a0                irq15
                0x00000000c00005aa                irq1
                0x00000000c00005b1                irq2
                0x00000000c00005b8                isr96
                0x00000000c00005bf                irq0
                0x00000000c00005c4                syscall_common_stub
                0x00000000c00005c4                int_common_stub
                0x00000000c00005f6                irq16
                0x00000000c0000600                irq17
                0x00000000c000060a                irq18
                0x00000000c0000614                irq19
                0x00000000c000061e                irq20
                0x00000000c0000628                irq21
                0x00000000c0000632                irq22
                0x00000000c000063c                irq23
                0x00000000c0000646                memcpy
 *fill*         0x00000000c000064b        0x1 
 .text          0x00000000c000064c      0x5dd acpica/utclib.32
                0x00000000c000064c                memcmp
                0x00000000c0000688                memmove
                0x00000000c0000750                memset
                0x00000000c000076c                strlen
                0x00000000c0000784                strpbrk
                0x00000000c00007c0                strtok
                0x00000000c000080c                strcpy
                0x00000000c0000830                strncpy
                0x00000000c0000898                strcmp
                0x00000000c00008d8                strchr
                0x00000000c00008fc                strncmp
                0x00000000c000094c                strcat
                0x00000000c000097c                strncat
                0x00000000c00009b8                strstr
                0x00000000c0000a00                toupper
                0x00000000c0000a14                tolower
                0x00000000c0000a28                simple_strtoul
 .text          0x00000000c0000c29      0xfad core/malloc.32
                0x00000000c0000d94                dlfree
                0x00000000c00010ef                dlmalloc
                0x00000000c000162c                dlrealloc
                0x00000000c00017cf                dlmemalign
                0x00000000c00018f2                dlcalloc
                0x00000000c000198c                dlcfree
                0x00000000c0001991                dlindependent_calloc
                0x00000000c00019b6                dlindependent_comalloc
                0x00000000c00019cd                dlvalloc
                0x00000000c00019f8                dlpvalloc
                0x00000000c0001a2e                dlmalloc_trim
                0x00000000c0001a3b                dlmalloc_usable_size
                0x00000000c0001a6c                dlmallinfo
                0x00000000c0001b3b                dlmalloc_stats
                0x00000000c0001b4c                dlmallopt
 .text          0x00000000c0001bd6        0x0 libk/string.32
 .text          0x00000000c0001bd6       0x51 fs/fat/diskio.32
                0x00000000c0001bd6                disk_status
                0x00000000c0001bd9                disk_initialize
                0x00000000c0001bdc                disk_read
                0x00000000c0001bf2                disk_write
                0x00000000c0001c08                disk_ioctl
 .text          0x00000000c0001c27     0x6833 fs/fat/ff.32
                0x00000000c0004ef5                f_mount
                0x00000000c0004f57                f_open
                0x00000000c0005393                f_read
                0x00000000c0005613                f_write
                0x00000000c00058cd                f_sync
                0x00000000c0005aa9                f_close
                0x00000000c0005ad8                f_lseek
                0x00000000c0005f8f                f_opendir
                0x00000000c0006091                f_closedir
                0x00000000c00060b3                f_readdir
                0x00000000c000614e                f_stat
                0x00000000c00061dd                f_getfree
                0x00000000c00063a8                f_truncate
                0x00000000c00064a0                f_unlink
                0x00000000c0006623                f_mkdir
                0x00000000c000684f                f_rename
                0x00000000c0006b42                f_chmod
                0x00000000c0006c20                f_utime
                0x00000000c0006cfe                f_getlabel
                0x00000000c0006eec                f_setlabel
                0x00000000c0007159                f_forward
                0x00000000c0007337                f_mkfs
 .text          0x00000000c000845a       0x2d fs/fat/ffsystem.32
                0x00000000c000845a                ff_memalloc
                0x00000000c0008470                ff_memfree
 .text          0x00000000c0008487      0x253 fs/fat/ffunicode.32
                0x00000000c0008487                ff_uni2oem
                0x00000000c0008517                ff_oem2uni
                0x00000000c0008583                ff_wtoupper
 .text          0x00000000c00086da      0x8fb hal/libresample/samplerate.32
                0x00000000c000871e                src_delete
                0x00000000c000875a                src_process
                0x00000000c0008910                src_callback_read
                0x00000000c0008a8d                src_set_ratio
                0x00000000c0008af7                src_get_channels
                0x00000000c0008b19                src_reset
                0x00000000c0008b65                src_new
                0x00000000c0008bf3                src_callback_new
                0x00000000c0008c55                src_get_name
                0x00000000c0008c8c                src_get_description
                0x00000000c0008cc3                src_get_version
                0x00000000c0008cc9                src_is_valid_ratio
                0x00000000c0008d1d                src_error
                0x00000000c0008d2b                src_strerror
                0x00000000c0008d3e                src_simple
                0x00000000c0008d91                src_short_to_float_array
                0x00000000c0008df6                src_float_to_short_array
                0x00000000c0008eb5                src_int_to_float_array
                0x00000000c0008f18                src_float_to_int_array
 .text          0x00000000c0008fd5      0x8cb hal/libresample/src_linear.32
                0x00000000c00097fb                linear_get_name
                0x00000000c000980a                linear_get_description
                0x00000000c0009819                linear_set_converter
 .text          0x00000000c00098a0     0x447c hal/libresample/src_sinc.32
                0x00000000c000dc33                sinc_get_name
                0x00000000c000dc46                sinc_get_description
                0x00000000c000dc59                sinc_set_converter
 .text          0x00000000c000dd1c      0x77c hal/libresample/src_zoh.32
                0x00000000c000e3f3                zoh_get_name
                0x00000000c000e402                zoh_get_description
                0x00000000c000e411                zoh_set_converter
 .text          0x00000000c000e498       0xa7 compat/inlines.32
                0x00000000c000e498                CPU::current()
                0x00000000c000e4a4                operator new(unsigned long)
                0x00000000c000e4a9                operator delete(void*)
                0x00000000c000e4ae                disableIRQs()
                0x00000000c000e4b6                enableIRQs()
                0x00000000c000e4c5                lockScheduler()
                0x00000000c000e4cd                unlockScheduler()
                0x00000000c000e4dc                lockStuff()
                0x00000000c000e4ea                unlockStuff()
                0x00000000c000e524                Virt::getAKernelVAS()
                0x00000000c000e52a                __not_memcpy
 .text          0x00000000c000e53f      0x111 compat/resolve.32
                0x00000000c000e53f                Krnl::resolveCompatibilitySymbol(char*)
 .text          0x00000000c000e650      0x741 core/computer.32
                0x00000000c000e650                Computer::close(int, int, void*)
                0x00000000c000e694                Krnl::firstTask()
                0x00000000c000e7d6                Computer::Computer()
                0x00000000c000e7d6                Computer::Computer()
                0x00000000c000e932                Computer::setBootMessage(char const*)
                0x00000000c000e934                Computer::detectFeatures()
                0x00000000c000eb3e                Computer::displayFeatures()
                0x00000000c000eb40                Computer::rdmsr(unsigned int)
                0x00000000c000eb6c                Computer::wrmsr(unsigned int, unsigned long long)
                0x00000000c000eba4                Computer::nmiEnabled()
                0x00000000c000ebb0                Computer::readCMOS(unsigned char)
                0x00000000c000ebca                Computer::enableNMI(bool)
                0x00000000c000ebe2                Computer::open(int, int, void*)
                0x00000000c000ecd4                Computer::disableNMI()
                0x00000000c000ece2                Computer::writeCMOS(unsigned char, unsigned char)
                0x00000000c000ed00                Computer::handleNMI()
                0x00000000c000ed66                Computer::setDiskActivityLight(int, bool)
 *fill*         0x00000000c000ed91        0x1 
 .text          0x00000000c000ed92      0x19d core/gdt.32
                0x00000000c000ed92                GDTEntry::setBase(unsigned int)
                0x00000000c000edae                GDTEntry::setLimit(unsigned int)
                0x00000000c000edcc                GDT::GDT()
                0x00000000c000edcc                GDT::GDT()
                0x00000000c000ede2                GDT::addEntry(GDTEntry)
                0x00000000c000ee04                GDT::getNumberOfEntries()
                0x00000000c000ee0c                GDT::flush()
                0x00000000c000ee2e                GDT::setup()
 .text          0x00000000c000ef2f       0x6b core/idle.32
                0x00000000c000ef2f                idleFunction(void*)
 .text          0x00000000c000ef9a      0x45e core/idt.32
                0x00000000c000ef9a                IDTEntry::IDTEntry(bool)
                0x00000000c000ef9a                IDTEntry::IDTEntry(bool)
                0x00000000c000f008                IDTEntry::setOffset(unsigned int)
                0x00000000c000f01c                IDT::IDT()
                0x00000000c000f01c                IDT::IDT()
                0x00000000c000f01e                IDT::getPointerToInvalidOpcodeEntryForF00F()
                0x00000000c000f026                IDT::addEntry(IDTEntry, int)
                0x00000000c000f040                IDT::addEntry(int, void (*)(), bool)
                0x00000000c000f078                IDT::flush()
                0x00000000c000f092                IDT::setup()
 .text          0x00000000c000f3f8      0x1fb core/kheap.32
                0x00000000c000f3f8                sbrk
                0x00000000c000f505                mmap
                0x00000000c000f51b                munmap
                0x00000000c000f531                liballoc_lock()
                0x00000000c000f53e                liballoc_unlock()
                0x00000000c000f552                liballoc_alloc(int)
                0x00000000c000f56a                liballoc_free(void*, int)
                0x00000000c000f585                realloc
                0x00000000c000f599                malloc
                0x00000000c000f5a9                free
                0x00000000c000f5b9                rfree
                0x00000000c000f5c9                calloc
 .text          0x00000000c000f5f3      0x1b6 core/main.32
                0x00000000c000f5f3                Krnl::setBootMessage(char const*)
                0x00000000c000f65f                kernel_main
 .text          0x00000000c000f7a9      0x5b5 core/physmgr.32
                0x00000000c000f7a9                Phys::allocateDMA(unsigned long)
                0x00000000c000f877                Phys::freeDMA(unsigned long, unsigned long)
                0x00000000c000f8d6                Phys::setPageState(unsigned long, bool)
                0x00000000c000f908                Phys::getPageState(unsigned long)
                0x00000000c000f924                Phys::freePage(unsigned long)
                0x00000000c000f995                Phys::allocatePage()
                0x00000000c000fa8d                Phys::allocateContiguousPages(int)
                0x00000000c000fae9                Phys::allowSegmentToBeUsed(unsigned long, unsigned long)
                0x00000000c000fb21                Phys::physicalMemorySetup(unsigned int)
 .text          0x00000000c000fd5e      0x273 core/pipe.32
                0x00000000c000fd5e                Pipe::isAtty()
                0x00000000c000fd62                Pipe::~Pipe()
                0x00000000c000fd62                Pipe::~Pipe()
                0x00000000c000fd86                Pipe::~Pipe()
                0x00000000c000fdae                Pipe::read(unsigned long long, void*, int*)
                0x00000000c000feaa                Pipe::write(unsigned long long, void*, int*)
                0x00000000c000ff6a                Pipe::Pipe(int)
                0x00000000c000ff6a                Pipe::Pipe(int)
 *fill*         0x00000000c000ffd1        0x1 
 .text          0x00000000c000ffd2      0xb91 core/terminal.32
                0x00000000c000ffd2                VgaText::isAtty()
                0x00000000c000ffd6                VgaText::~VgaText()
                0x00000000c000ffd6                VgaText::~VgaText()
                0x00000000c000fffa                VgaText::~VgaText()
                0x00000000c0010024                VgaText::read(unsigned long long, void*, int*)
                0x00000000c0010044                setTerminalScrollLock(bool)
                0x00000000c0010045                addToTerminalCycle(VgaText*)
                0x00000000c0010066                installVgaTextImplementation()
                0x00000000c001007b                scrollTerminalScrollLock(int)
                0x00000000c001007c                VgaText::updateTitle()
                0x00000000c00100ba                VgaText::load()
                0x00000000c0010108                VgaText::updateCursor()
                0x00000000c001011e                VgaText::doANSI_SGR(int)
                0x00000000c0010192                VgaText::setDefaultBgColour(VgaColour)
                0x00000000c00101a2                VgaText::setDefaultFgColour(VgaColour)
                0x00000000c00101b2                VgaText::setDefaultColours(VgaColour, VgaColour)
                0x00000000c00101d2                VgaText::setTitleTextColour(VgaColour)
                0x00000000c00101e2                VgaText::setTitleColour(VgaColour)
                0x00000000c00101f2                VgaText::setTitle(char*)
                0x00000000c0010218                VgaText::combineColours(unsigned char, unsigned char)
                0x00000000c001022a                VgaText::scrollScreen()
                0x00000000c00102be                VgaText::combineCharAndColour(char, unsigned char)
                0x00000000c00102d0                VgaText::writeCharacter(char, VgaColour, VgaColour, int, int)
                0x00000000c001032c                VgaText::getCursorX()
                0x00000000c0010334                VgaText::getCursorY()
                0x00000000c001033c                VgaText::setCursor(int, int)
                0x00000000c0010353                setActiveTerminal(VgaText*)
                0x00000000c00103b5                doTerminalCycle()
                0x00000000c00103d0                VgaText::setCursorX(int)
                0x00000000c00103e8                VgaText::setCursorY(int)
                0x00000000c0010400                VgaText::incrementCursor(bool)
                0x00000000c0010454                VgaText::decrementCursor(bool)
                0x00000000c0010476                VgaText::putchar(char, VgaColour, VgaColour)
                0x00000000c001054e                VgaText::doUpdate()
                0x00000000c001055c                VgaText::puts(char const*, VgaColour, VgaColour)
                0x00000000c00106d4                VgaText::clearScreen()
                0x00000000c001072e                VgaText::putchar(char)
                0x00000000c001081a                VgaText::putx(unsigned int)
                0x00000000c0010860                VgaText::puts(char const*)
                0x00000000c0010886                VgaText::VgaText(char const*)
                0x00000000c0010886                VgaText::VgaText(char const*)
                0x00000000c0010a02                VgaText::receiveKey(unsigned char)
                0x00000000c0010aea                VgaText::write(unsigned long long, void*, int*)
                0x00000000c0010b3e                newTerminal(char*)
 *fill*         0x00000000c0010b63        0x1 
 .text          0x00000000c0010b64      0x19d core/tss.32
                0x00000000c0010b64                TSS::TSS()
                0x00000000c0010b64                TSS::TSS()
                0x00000000c0010b72                TSS::setESP(unsigned long)
                0x00000000c0010b84                TSS::flush()
                0x00000000c0010ba4                TSS::setup(unsigned long, unsigned long)
 *fill*         0x00000000c0010d01        0x1 
 .text          0x00000000c0010d02      0x4c2 core/unixfile.32
                0x00000000c0010d02                ReservedFilename::read(unsigned long long, void*, int*)
                0x00000000c0010d58                ReservedFilename::isAtty()
                0x00000000c0010d74                ReservedFilename::write(unsigned long long, void*, int*)
                0x00000000c0010dd2                UnixFile::getFileDescriptor()
                0x00000000c0010dda                UnixFile::UnixFile(int)
                0x00000000c0010dda                UnixFile::UnixFile(int)
                0x00000000c0010f8a                ReservedFilename::ReservedFilename(int)
                0x00000000c0010f8a                ReservedFilename::ReservedFilename(int)
                0x00000000c0010fbc                UnixFile::~UnixFile()
                0x00000000c0010fbc                UnixFile::~UnixFile()
                0x00000000c0011054                UnixFile::~UnixFile()
                0x00000000c001107c                ReservedFilename::~ReservedFilename()
                0x00000000c001107c                ReservedFilename::~ReservedFilename()
                0x00000000c00110a0                ReservedFilename::~ReservedFilename()
                0x00000000c00110c7                getFromFileDescriptor(int)
 .text          0x00000000c00111c4     0x13d3 core/virtmgr.32
                0x00000000c00111c4                Virt::setPageState(unsigned long, Virt::VirtPageState)
                0x00000000c00111f9                Virt::getPageState(unsigned long)
                0x00000000c001121d                Virt::allocateKernelVirtualPages(int)
                0x00000000c001132e                Virt::freeSwapfilePage(unsigned long)
                0x00000000c001134c                Virt::swapIDToSector(unsigned long)
                0x00000000c001135e                Virt::allocateSwapfilePage()
                0x00000000c00113dc                Virt::virtualMemorySetup()
                0x00000000c0011427                Virt::setupPageSwapping(int)
                0x00000000c00115ae                VAS::VAS()
                0x00000000c00115ae                VAS::VAS()
                0x00000000c00115ea                VAS::VAS(VAS*)
                0x00000000c00115ea                VAS::VAS(VAS*)
                0x00000000c0011618                VAS::getForeignPageTableEntry(bool, unsigned long)
                0x00000000c0011644                VAS::getPageTableEntry(unsigned long)
                0x00000000c0011663                Virt::freeKernelVirtualPages(unsigned long)
                0x00000000c0011786                VAS::freeAllocatedPages(unsigned long)
                0x00000000c00117aa                VAS::virtualToPhysical(unsigned long)
                0x00000000c00117c2                VAS::reflagRange(unsigned long, int, int, int)
                0x00000000c0011802                VAS::setToWriteCombining(unsigned long, int)
                0x00000000c0011834                VAS::mapOtherVASIn(bool, VAS*)
                0x00000000c001185e                VAS::~VAS()
                0x00000000c001185e                VAS::~VAS()
                0x00000000c00119da                VAS::mapPage(unsigned long, unsigned long, int)
                0x00000000c0011adc                VAS::allocatePages(int, int)
                0x00000000c0011cb4                VAS::setCPUSpecific(unsigned long)
                0x00000000c0011cd0                VAS::mapRange(unsigned long, unsigned long, int, int)
                0x00000000c0011d96                VAS::mapForeignPage(bool, VAS*, unsigned long, unsigned long, int)
                0x00000000c0011e84                VAS::VAS(bool)
                0x00000000c0011e84                VAS::VAS(bool)
                0x00000000c0012104                VAS::evict(unsigned long)
                0x00000000c00121f2                VAS::tryLoadBackOffDisk(unsigned long)
                0x00000000c001238e                VAS::scanForEviction()
                0x00000000c001246b                mapVASFirstTime
 .text          0x00000000c0012597       0x95 coreobjs/c++.32
                0x00000000c0012597                __cxa_atexit
                0x00000000c001259a                __cxa_finalize
                0x00000000c001259b                __stack_chk_fail
                0x00000000c0012607                __cxa_pure_virtual
                0x00000000c0012618                operator new[](unsigned long)
                0x00000000c001261d                operator delete(void*, unsigned long)
                0x00000000c0012622                operator delete[](void*)
                0x00000000c0012627                operator delete[](void*, unsigned long)
 .text          0x00000000c001262c      0x1e7 dbg/kconsole.32
                0x00000000c001262c                Dbg::stringifyxWithBase(unsigned int, char*, int)
                0x00000000c0012685                Dbg::logc(char)
                0x00000000c001269c                Dbg::logs(char*)
                0x00000000c00126b9                Dbg::logWriteInt(unsigned int)
                0x00000000c00126d6                Dbg::logWriteIntBase(unsigned int, int)
                0x00000000c00126f5                Dbg::kprintf(char const*, ...)
 *fill*         0x00000000c0012813        0x1 
 .text          0x00000000c0012814      0xb82 fs/vfs.32
                0x00000000c0012814                File::read(unsigned long long, void*, int*)
                0x00000000c001286c                File::write(unsigned long long, void*, int*)
                0x00000000c00128c4                Directory::read(unsigned long long, void*, int*)
                0x00000000c001291c                Directory::write(unsigned long long, void*, int*)
                0x00000000c001294a                File::isAtty()
                0x00000000c001294e                Directory::isAtty()
                0x00000000c0012952                Filesystem::getlabel(LogicalDisk*, int, char*, unsigned int*)
                0x00000000c0012958                Filesystem::setlabel(LogicalDisk*, int, char*)
                0x00000000c001295e                Filesystem::getFileFirstSector(char const*)
                0x00000000c0012964                File::~File()
                0x00000000c0012964                File::~File()
                0x00000000c0012988                File::~File()
                0x00000000c00129b2                Directory::~Directory()
                0x00000000c00129b2                Directory::~Directory()
                0x00000000c00129d6                Directory::~Directory()
                0x00000000c0012a00                Filesystem::Filesystem()
                0x00000000c0012a00                Filesystem::Filesystem()
                0x00000000c0012a24                Filesystem::~Filesystem()
                0x00000000c0012a24                Filesystem::~Filesystem()
                0x00000000c0012a32                Filesystem::~Filesystem()
                0x00000000c0012a56                Fs::getcwd(Process*, char*, int)
                0x00000000c0012a80                Fs::initVFS()
                0x00000000c0012aaa                Fs::standardiseFiles(char*, char const*, char const*)
                0x00000000c0012c54                File::File(char const*, Process*)
                0x00000000c0012c54                File::File(char const*, Process*)
                0x00000000c0012cb8                File::open(FileOpenMode)
                0x00000000c0012d16                File::close()
                0x00000000c0012d76                File::seek(unsigned long long)
                0x00000000c0012dcc                File::tell(unsigned long long*)
                0x00000000c0012e1c                File::rewind()
                0x00000000c0012e30                File::unlink()
                0x00000000c0012e7c                File::rename(char const*)
                0x00000000c0012eca                File::chfatattr(unsigned char, unsigned char)
                0x00000000c0012f26                File::exists()
                0x00000000c0012f64                File::stat(unsigned long long*, bool*)
                0x00000000c0012fc5                Fs::setcwd(Process*, char*)
                0x00000000c0013100                Directory::Directory(char const*, Process*)
                0x00000000c0013100                Directory::Directory(char const*, Process*)
                0x00000000c0013164                Directory::open()
                0x00000000c00131c0                Directory::close()
                0x00000000c0013220                Directory::unlink()
                0x00000000c001326c                Directory::rename(char const*)
                0x00000000c00132ba                Directory::exists()
                0x00000000c00132f8                Directory::read(dirent*)
                0x00000000c0013344                Directory::create()
                0x00000000c0013390                Filesystem::chfatattr(char const*, unsigned char, unsigned char)
 .text          0x00000000c0013396       0x84 hal/bus.32
                0x00000000c0013396                Bus::Bus(char const*)
                0x00000000c0013396                Bus::Bus(char const*)
                0x00000000c00133cc                Bus::~Bus()
                0x00000000c00133cc                Bus::~Bus()
                0x00000000c00133f0                Bus::~Bus()
 .text          0x00000000c001341a      0x156 hal/buzzer.32
                0x00000000c001341a                Buzzer::Buzzer(char const*)
                0x00000000c001341a                Buzzer::Buzzer(char const*)
                0x00000000c001345e                Buzzer::~Buzzer()
                0x00000000c001345e                Buzzer::~Buzzer()
                0x00000000c0013482                Buzzer::~Buzzer()
                0x00000000c00134ac                Buzzer::stop()
                0x00000000c00134bf                beepThread(void*)
                0x00000000c0013502                Buzzer::beep(int, int, bool)
 .text          0x00000000c0013570      0x467 hal/clock.32
                0x00000000c0013570                User::loadClockSettings(int)
                0x00000000c00135c2                Clock::Clock(char const*)
                0x00000000c00135c2                Clock::Clock(char const*)
                0x00000000c00135f8                Clock::~Clock()
                0x00000000c00135f8                Clock::~Clock()
                0x00000000c001361c                Clock::~Clock()
                0x00000000c0013646                Clock::timeInSecondsLocal()
                0x00000000c001368e                Clock::setTimeInSecondsLocal(unsigned long long)
                0x00000000c00136e7                datetimeToSeconds(datetime_t)
                0x00000000c001380e                Clock::setTimeInDatetimeLocal(datetime_t)
                0x00000000c001386e                secondsToDatetime(unsigned long long)
                0x00000000c00139b2                Clock::timeInDatetimeLocal()
 *fill*         0x00000000c00139d7        0x1 
 .text          0x00000000c00139d8      0x504 hal/device.32
                0x00000000c00139d8                Device::hibernate()
                0x00000000c00139da                Device::wake()
                0x00000000c00139dc                Device::detect()
                0x00000000c00139de                Device::disableLegacy()
                0x00000000c00139e0                Device::powerSaving(PowerSavingLevel)
                0x00000000c00139e2                DriverlessDevice::close(int, int, void*)
                0x00000000c00139e6                DriverlessDevice::detect()
                0x00000000c00139e8                DriverlessDevice::open(int, int, void*)
                0x00000000c00139fc                Device::~Device()
                0x00000000c00139fc                Device::~Device()
                0x00000000c0013a0a                Device::~Device()
                0x00000000c0013a32                Device::findAndLoadDriver()
                0x00000000c0013a40                Device::preOpenPCI(PCIDeviceInfo)
                0x00000000c0013a66                Device::preOpenACPI(void*, char*, char*)
                0x00000000c0013aa6                Device::addIRQHandler(int, void (*)(regs*, void*), bool, void*)
                0x00000000c0013ae4                Device::getParent()
                0x00000000c0013af0                Device::removeIRQHandler(int, void (*)(regs*, void*), bool)
                0x00000000c0013b2e                Device::addChild(Device*)
                0x00000000c0013b72                Device::removeAllChildren()
                0x00000000c0013bb8                Device::hibernateAll()
                0x00000000c0013be8                Device::wakeAll()
                0x00000000c0013c18                Device::detectAll()
                0x00000000c0013c48                Device::disableLegacyAll()
                0x00000000c0013c78                Device::loadDriversForAll()
                0x00000000c0013cb8                Device::closeAll()
                0x00000000c0013cee                Device::powerSavingAll(PowerSavingLevel)
                0x00000000c0013d24                Device::setName(char const*)
                0x00000000c0013d32                Device::Device(char const*)
                0x00000000c0013d32                Device::Device(char const*)
                0x00000000c0013e2e                Device::getName()
                0x00000000c0013e38                DriverlessDevice::DriverlessDevice(char const*)
                0x00000000c0013e38                DriverlessDevice::DriverlessDevice(char const*)
                0x00000000c0013e6e                Device::addToLinkedList(LinkedList<Device>&, DeviceType)
                0x00000000c0013eb2                getDevicesOfType(DeviceType)
 .text          0x00000000c0013edc       0x84 hal/diskctrl.32
                0x00000000c0013edc                HardDiskController::HardDiskController(char const*)
                0x00000000c0013edc                HardDiskController::HardDiskController(char const*)
                0x00000000c0013f12                HardDiskController::~HardDiskController()
                0x00000000c0013f12                HardDiskController::~HardDiskController()
                0x00000000c0013f36                HardDiskController::~HardDiskController()
 .text          0x00000000c0013f60       0xe2 hal/diskphys.32
                0x00000000c0013f60                PhysicalDisk::eject()
                0x00000000c0013f64                PhysicalDisk::PhysicalDisk(char const*, int)
                0x00000000c0013f64                PhysicalDisk::PhysicalDisk(char const*, int)
                0x00000000c0013fcc                PhysicalDisk::startCache()
                0x00000000c0013ff4                PhysicalDisk::~PhysicalDisk()
                0x00000000c0013ff4                PhysicalDisk::~PhysicalDisk()
                0x00000000c0014018                PhysicalDisk::~PhysicalDisk()
 .text          0x00000000c0014042      0x13b hal/fpu.32
                0x00000000c0014042                FPU::FPU(char const*)
                0x00000000c0014042                FPU::FPU(char const*)
                0x00000000c0014078                FPU::~FPU()
                0x00000000c0014078                FPU::~FPU()
                0x00000000c001409c                FPU::~FPU()
                0x00000000c00140c6                setupFPU()
 *fill*         0x00000000c001417d        0x1 
 .text          0x00000000c001417e     0x1435 hal/intctrl.32
                0x00000000c001417e                InterruptController::uninstallISRHandler(int, void (*)(regs*, void*))
                0x00000000c00141b6                InterruptController::installISRHandler(int, void (*)(regs*, void*), void*)
                0x00000000c0014208                doubleFault(regs*, void*)
                0x00000000c0014222                InterruptController::installIRQHandler(int, void (*)(regs*, void*), bool, void*)
                0x00000000c00142be                InterruptController::clearAllHandlers(int, bool)
                0x00000000c0014366                InterruptController::uninstallIRQHandler(int, void (*)(regs*, void*), bool)
                0x00000000c00143ed                nmiHandler(regs*, void*)
                0x00000000c00143fb                int_handler
                0x00000000c001449c                InterruptController::InterruptController(char const*)
                0x00000000c001449c                InterruptController::InterruptController(char const*)
                0x00000000c0014542                InterruptController::~InterruptController()
                0x00000000c0014542                InterruptController::~InterruptController()
                0x00000000c0014566                InterruptController::~InterruptController()
                0x00000000c0014590                displayDebugInfo(regs*)
                0x00000000c0014a1f                x87EmulHandler(regs*, void*)
                0x00000000c0014a92                gpFault(regs*, void*)
                0x00000000c0014acb                pgFault(regs*, void*)
                0x00000000c0014b13                otherISRHandler(regs*, void*)
                0x00000000c0014b32                opcodeFault(regs*, void*)
                0x00000000c001514f                displayProgramFault(char const*)
                0x00000000c0015177                setupInterruptController()
                0x00000000c0015566                InterruptController::convertLegacyIRQNumber(int)
 *fill*         0x00000000c00155b3        0x1 
 .text          0x00000000c00155b4      0x784 hal/keybrd.32
                0x00000000c00155b4                startGUI(void*)
                0x00000000c0015620                startGUIVESA(void*)
                0x00000000c001568c                sendKeyToTerminal(unsigned char)
                0x00000000c001574a                sendKeyboardToken(KeyboardToken)
                0x00000000c0015b87                clearInternalKeybuffer(VgaText*)
                0x00000000c0015bbc                readKeyboard(VgaText*, char*, unsigned long)
                0x00000000c0015cae                Keyboard::Keyboard(char const*)
                0x00000000c0015cae                Keyboard::Keyboard(char const*)
                0x00000000c0015cea                Keyboard::~Keyboard()
                0x00000000c0015cea                Keyboard::~Keyboard()
                0x00000000c0015d0e                Keyboard::~Keyboard()
 .text          0x00000000c0015d38      0x3ea hal/logidisk.32
                0x00000000c0015d38                LogicalDisk::close(int, int, void*)
                0x00000000c0015d3c                LogicalDisk::~LogicalDisk()
                0x00000000c0015d3c                LogicalDisk::~LogicalDisk()
                0x00000000c0015d60                LogicalDisk::~LogicalDisk()
                0x00000000c0015d8a                LogicalDisk::open(int, int, void*)
                0x00000000c0015d9e                LogicalDisk::absoluteToRelative(unsigned long long)
                0x00000000c0015dd6                LogicalDisk::relativeToAbsolute(unsigned long long)
                0x00000000c0015e1c                LogicalDisk::LogicalDisk(char const*, PhysicalDisk*, unsigned long long, unsigned long long)
                0x00000000c0015e1c                LogicalDisk::LogicalDisk(char const*, PhysicalDisk*, unsigned long long, unsigned long long)
                0x00000000c0015ed2                LogicalDisk::assignDriveLetter()
                0x00000000c0015f88                LogicalDisk::mount()
                0x00000000c0015fd0                LogicalDisk::unmount()
                0x00000000c0015fe0                LogicalDisk::eject()
                0x00000000c0015ff4                LogicalDisk::unassignDriveLetter()
                0x00000000c001604a                LogicalDisk::read(unsigned long long, int, void*)
                0x00000000c00160b6                LogicalDisk::write(unsigned long long, int, void*)
 .text          0x00000000c0016122       0x84 hal/mouse.32
                0x00000000c0016122                Mouse::Mouse(char const*)
                0x00000000c0016122                Mouse::Mouse(char const*)
                0x00000000c0016158                Mouse::~Mouse()
                0x00000000c0016158                Mouse::~Mouse()
                0x00000000c001617c                Mouse::~Mouse()
 .text          0x00000000c00161a6      0x339 hal/partition.32
                0x00000000c00161a6                makePartition(PhysicalDisk*, unsigned long long, unsigned long long)
                0x00000000c001624e                createPartitionsForDisk(PhysicalDisk*)
 *fill*         0x00000000c00164df        0x1 
 .text          0x00000000c00164e0       0x84 hal/serial.32
                0x00000000c00164e0                Serial::Serial(char const*)
                0x00000000c00164e0                Serial::Serial(char const*)
                0x00000000c0016516                Serial::~Serial()
                0x00000000c0016516                Serial::~Serial()
                0x00000000c001653a                Serial::~Serial()
 .text          0x00000000c0016564      0x2f3 hal/timer.32
                0x00000000c0016564                Timer::Timer(char const*)
                0x00000000c0016564                Timer::Timer(char const*)
                0x00000000c001659a                Timer::~Timer()
                0x00000000c001659a                Timer::~Timer()
                0x00000000c00165be                Timer::~Timer()
                0x00000000c00165e8                Timer::read()
                0x00000000c00165f3                timerHandler(unsigned long long)
                0x00000000c0016765                setupTimer(int)
 *fill*         0x00000000c0016857        0x1 
 .text          0x00000000c0016858      0x409 hal/vcache.32
                0x00000000c0016858                VCache::VCache(PhysicalDisk*)
                0x00000000c0016858                VCache::VCache(PhysicalDisk*)
                0x00000000c00169c0                VCache::invalidateReadBuffer()
                0x00000000c00169d0                VCache::writeWriteBuffer()
                0x00000000c0016a0c                VCache::~VCache()
                0x00000000c0016a0c                VCache::~VCache()
                0x00000000c0016a60                VCache::~VCache()
                0x00000000c0016a88                VCache::write(unsigned long long, int, void*)
                0x00000000c0016b72                VCache::read(unsigned long long, int, void*)
 *fill*         0x00000000c0016c61        0x1 
 .text          0x00000000c0016c62      0x4b3 hal/video.32
                0x00000000c0016c62                Video::putrect(int, int, int, int, unsigned int)
                0x00000000c0016cae                Video::bitblit(int, int, int, int, int, int, int, unsigned int*)
                0x00000000c0016d1e                Video::blit(unsigned int*, int, int, int, int)
                0x00000000c0016d9c                Video::clearScreen(unsigned int)
                0x00000000c0016dd0                Video::putpixel(int, int, unsigned int)
                0x00000000c0016dde                Video::Video(char const*)
                0x00000000c0016dde                Video::Video(char const*)
                0x00000000c0016e14                Video::~Video()
                0x00000000c0016e14                Video::~Video()
                0x00000000c0016e38                Video::~Video()
                0x00000000c0016e62                Video::isMonochrome()
                0x00000000c0016e6e                Video::getWidth()
                0x00000000c0016e7a                Video::getHeight()
                0x00000000c0016e86                Video::drawCursor(int, int, unsigned char*, int)
                0x00000000c0016f42                Video::tgaParse(unsigned char*, int, int*, int*)
                0x00000000c00170aa                Video::putTGA(int, int, unsigned char*, int)
 *fill*         0x00000000c0017115        0x1 
 .text          0x00000000c0017116     0x11c9 hw/acpi.32
                0x00000000c0017116                ACPI::close(int, int, void*)
                0x00000000c00171bb                findRSDP()
                0x00000000c0017245                loadACPITables(unsigned char*)
                0x00000000c001749c                findRSDT(unsigned char*)
                0x00000000c00175e6                findDataTable(unsigned char*, char*)
                0x00000000c0017658                scanMADT()
                0x00000000c0017ac6                ACPI::ACPI()
                0x00000000c0017ac6                ACPI::ACPI()
                0x00000000c0017b1a                ACPI::getPCIIRQAssignment(unsigned char, unsigned short, unsigned char)
                0x00000000c0017bfc                ACPI::registerPCIIRQAssignment(void*, unsigned short, unsigned char, unsigned char)
                0x00000000c0017cc2                ACPI::setScreenBrightnessLevel(void*, int)
                0x00000000c0017cc8                ACPI::detectPCI()
                0x00000000c0017eca                ACPI::writeSimpleBootFlag(SimpleBootFlagTable*)
                0x00000000c0017f12                ACPI::sleep()
                0x00000000c0017f2a                ACPI::open(int, int, void*)
 *fill*         0x00000000c00182df        0x1 
 .text          0x00000000c00182e0     0x1495 hw/cpu.32
                0x00000000c00182e0                CPU::close(int, int, void*)
                0x00000000c00182e4                CPU::lookupAMDName(unsigned char, unsigned char)
                0x00000000c0018478                CPU::lookupIntelName(unsigned char, unsigned char)
                0x00000000c0018726                CPU::AMD_K6_write_msr(unsigned int, unsigned int, unsigned int, CPU::REGS*)
                0x00000000c0018742                CPU::AMD_K6_read_msr(unsigned int, CPU::REGS*)
                0x00000000c001875a                CPU::AMD_K6_writeback(int, int, int)
                0x00000000c00187ce                CPU::cpuid(int, unsigned long*, unsigned long*, unsigned long*, unsigned long*)
                0x00000000c0018852                CPU::cpuidCheckEDX(unsigned int)
                0x00000000c0018880                CPU::cpuidCheckECX(unsigned int)
                0x00000000c00188ae                CPU::cpuidCheckExtendedEBX(unsigned int)
                0x00000000c00188dc                CPU::cpuidCheckExtendedECX(unsigned int)
                0x00000000c001890a                CPU::CPU()
                0x00000000c001890a                CPU::CPU()
                0x00000000c0018998                CPU::displayFeatures()
                0x00000000c001899a                CPU::detectFeatures()
                0x00000000c001938c                CPU::setupSMEP()
                0x00000000c0019398                CPU::setupUMIP()
                0x00000000c00193a2                CPU::setupTSC()
                0x00000000c00193ac                CPU::setupLargePages()
                0x00000000c00193b6                CPU::setupPAT()
                0x00000000c00193f2                CPU::setupMTRR()
                0x00000000c00193f4                CPU::setupGlobalPages()
                0x00000000c00193fe                CPU::allowUsermodeDataAccess()
                0x00000000c0019410                CPU::prohibitUsermodeDataAccess()
                0x00000000c0019422                CPU::setupSMAP()
                0x00000000c0019430                CPU::setupFeatures()
                0x00000000c00194b0                CPU::open(int, int, void*)
                0x00000000c001957a                CPU::decodeAddress(regs*, int*, bool*, unsigned char*)
 .text          0x00000000c0019775        0x0 hw/ports.32
 .text          0x00000000c0019775      0x16a hw/smp.32
                0x00000000c0019775                Krnl::smpEntry()
                0x00000000c0019777                Krnl::startCPU(int)
                0x00000000c00198c0                Krnl::startCPUs()
 *fill*         0x00000000c00198df        0x1 
 .text          0x00000000c00198e0      0x581 krnl/env.32
                0x00000000c00198e0                EnvVarContainer::getEnv(char const*)
                0x00000000c001991e                EnvVarContainer::setEnv(char const*, char const*)
                0x00000000c00199e0                EnvVarContainer::deleteEnv(char const*)
                0x00000000c00199e2                EnvVarContainer::loadFrom(char const*, char const*)
                0x00000000c0019bc8                EnvVarContainer::__loadSystem()
                0x00000000c0019be2                EnvVarContainer::__loadUser()
                0x00000000c0019be4                EnvVarContainer::EnvVarContainer(Process*)
                0x00000000c0019be4                EnvVarContainer::EnvVarContainer(Process*)
                0x00000000c0019c06                EnvVarContainer::~EnvVarContainer()
                0x00000000c0019c06                EnvVarContainer::~EnvVarContainer()
                0x00000000c0019c36                Krnl::getEnv(Process*, char const*)
                0x00000000c0019c9b                Krnl::setEnvSystem(char const*, char const*)
                0x00000000c0019cb5                Krnl::setEnvUser(char const*, char const*)
                0x00000000c0019cd4                Krnl::setEnvProcess(Process*, char const*, char const*)
                0x00000000c0019ce7                Krnl::deleteEnvSystem(char const*)
                0x00000000c0019ce8                Krnl::deleteEnvUser(char const*)
                0x00000000c0019ce9                Krnl::deleteEnvProcess(Process*, char const*)
                0x00000000c0019cea                Krnl::newProcessEnv(Process*)
                0x00000000c0019d0c                Krnl::copyProcessEnv(Process*, Process*)
                0x00000000c0019d58                Krnl::loadSystemEnv()
                0x00000000c0019d86                Krnl::loadUserEnv()
                0x00000000c0019dac                Krnl::flushEnv()
                0x00000000c0019dad                Krnl::getProcessTotalEnvCount(Process*)
                0x00000000c0019dcd                Krnl::getProcessEnvPair(Process*, int)
 .text          0x00000000c0019e61      0x39c krnl/panic.32
                0x00000000c0019e61                Krnl::panic(char const*)
 .text          0x00000000c001a1fd      0x57f net/ethernet.32
                0x00000000c001a1fd                Net::switchEndian16(unsigned short)
                0x00000000c001a21e                Net::switchEndian32(unsigned int)
                0x00000000c001a24d                Net::crc32Calc(unsigned char*, int)
                0x00000000c001a2de                Net::wrapEthernetFrame(Net::UnwrappedEthernetFrame, unsigned char*)
                0x00000000c001a4f1                Net::unwrapEthernetFrame(unsigned char*, int)
 .text          0x00000000c001a77c      0x50e reg/registry.32
                0x00000000c001a77c                Reg::findLineFromLoadedData(char*, char*, char*)
                0x00000000c001a8d4                Reg::getLineFromRegistry(char*, char*, char*, char*)
                0x00000000c001aa29                Reg::getLine(char*, char*, char*)
                0x00000000c001aa60                Reg::readInt(char*, char*, int*)
                0x00000000c001ab4b                Reg::readString(char*, char*, char*, int)
                0x00000000c001abcc                Reg::readBool(char*, char*, bool*)
                0x00000000c001abf1                Reg::readBoolWithDefault(char*, char*, bool)
                0x00000000c001ac1d                Reg::readIntWithDefault(char*, char*, int)
                0x00000000c001ac49                Reg::readStringWithDefault(char*, char*, char*, int, char*)
 .text          0x00000000c001ac8a       0x36 sys/sc_eject.32
                0x00000000c001ac8a                Sys::eject(regs*)
 .text          0x00000000c001acc0       0x18 sys/sc_exit.32
                0x00000000c001acc0                Sys::exit(regs*)
 .text          0x00000000c001acd8       0x1f sys/sc_getcwd.32
                0x00000000c001acd8                Sys::getCwd(regs*)
 .text          0x00000000c001acf7        0xc sys/sc_getpid.32
                0x00000000c001acf7                Sys::getPID(regs*)
 .text          0x00000000c001ad03       0x17 sys/sc_getramdata.32
                0x00000000c001ad03                Sys::getRAMData(regs*)
 .text          0x00000000c001ad1a       0x84 sys/sc_getvgaptr.32
                0x00000000c001ad1a                Sys::getVGAPtr(regs*)
 .text          0x00000000c001ad9e       0xa8 sys/sc_loaddll.32
                0x00000000c001ad9e                Sys::loadDLL(regs*)
 .text          0x00000000c001ae46       0x68 sys/sc_read.32
                0x00000000c001ae46                Sys::read(regs*)
 .text          0x00000000c001aeae       0x55 sys/sc_sbrk.32
                0x00000000c001aeae                Sys::sbrk(regs*)
 .text          0x00000000c001af03       0x1c sys/sc_setcwd.32
                0x00000000c001af03                Sys::setCwd(regs*)
 .text          0x00000000c001af1f       0x95 sys/sc_settime.32
                0x00000000c001af1f                Sys::setTime(regs*)
 .text          0x00000000c001afb4       0x4a sys/sc_timezone.32
                0x00000000c001afb4                Sys::timezone(regs*)
 .text          0x00000000c001affe       0x68 sys/sc_write.32
                0x00000000c001affe                Sys::write(regs*)
 .text          0x00000000c001b066       0x62 sys/sc_wsbe.32
                0x00000000c001b066                Sys::wsbe(regs*)
 .text          0x00000000c001b0c8       0x46 sys/sc_yield.32
                0x00000000c001b0c8                Sys::yield(regs*)
 .text          0x00000000c001b10e      0xf84 sys/syscalls.32
                0x00000000c001b10e                sysCallSeekDir(regs*)
                0x00000000c001b113                sysCallTellDir(regs*)
                0x00000000c001b118                sysCallVerify(regs*)
                0x00000000c001b122                sysCallGetArgc(regs*)
                0x00000000c001b132                sysFormatDisk(regs*)
                0x00000000c001b19c                sysSetDiskVolumeLabel(regs*)
                0x00000000c001b1e2                sysGetDiskVolumeLabel(regs*)
                0x00000000c001b233                sysShutdown(regs*)
                0x00000000c001b291                sysCallRealpath(regs*)
                0x00000000c001b2d4                sysCallReadDir(regs*)
                0x00000000c001b353                sysCallIsATTY(regs*)
                0x00000000c001b3ad                sysCallSeek(regs*)
                0x00000000c001b404                sysCallTell(regs*)
                0x00000000c001b470                sysCallSize(regs*)
                0x00000000c001b4e2                sysCallSizeFromFilename(regs*)
                0x00000000c001b591                sysCallClose(regs*)
                0x00000000c001b5f1                sysCallOpenDir(regs*)
                0x00000000c001b666                sysCallCloseDir(regs*)
                0x00000000c001b6ba                sysCallMakeDir(regs*)
                0x00000000c001b72a                sysCallWait(regs*)
                0x00000000c001b744                sysCallNotImpl(regs*)
                0x00000000c001b75f                sysPanic(regs*)
                0x00000000c001b779                sysCallRmdir(regs*)
                0x00000000c001b7dd                sysCallUnlink(regs*)
                0x00000000c001b841                sysCallGetArgv(regs*)
                0x00000000c001b88d                sysCallTTYName(regs*)
                0x00000000c001b910                sysCallUSleep(regs*)
                0x00000000c001b937                sysCallSpawn(regs*)
                0x00000000c001b99f                sysCallGetEnv(regs*)
                0x00000000c001ba4c                sysAppSettings(regs*)
                0x00000000c001bb60                sysSetFatAttrib(regs*)
                0x00000000c001bbd2                sysPipe(regs*)
                0x00000000c001bc17                sysGetUnixTime(regs*)
                0x00000000c001bc2b                string_ends_with(char const*, char const*)
                0x00000000c001bc73                sysCallOpen(regs*)
                0x00000000c001be5b                Sys::loadSyscalls()
                0x00000000c001c050                Sys::systemCall(regs*, void*)
 .text          0x00000000c001c092     0x1206 thr/elf.32
                0x00000000c001c092                Thr::allocateMemoryForTask(Process*, File*, unsigned long, unsigned long, unsigned long)
                0x00000000c001c33c                Thr::loadProgramIntoMemory(Process*, char const*)
                0x00000000c001c552                Thr::runtimeReferenceHelper()
                0x00000000c001c565                Thr::getAddressOfKernelSymbol(char const*)
                0x00000000c001c5b4                Thr::loadKernelSymbolTable(char const*)
                0x00000000c001c872                Thr::loadDriverIntoMemory(char const*, unsigned long, bool)
                0x00000000c001cfa8                Thr::getDriverBaseFromAddress(unsigned long)
                0x00000000c001cfda                Thr::getDriverNameFromAddress(unsigned long)
                0x00000000c001d011                Thr::getDriverOffsetFromAddress(unsigned long)
                0x00000000c001d02b                Thr::loadDLL(char const*, bool)
                0x00000000c001d25f                Thr::executeDLL(unsigned long, void*)
 .text          0x00000000c001d298     0x11ef thr/prcssthr.32
                0x00000000c001d298                userModeEntryPoint(void*)
                0x00000000c001d2be                changeTSS
                0x00000000c001d2ee                switchToThread(ThreadControlBlock*)
                0x00000000c001d398                Process::addArgs(char**)
                0x00000000c001d3f2                Process::Process(char const*, Process*, char**)
                0x00000000c001d3f2                Process::Process(char const*, Process*, char**)
                0x00000000c001d5d6                Process::Process(bool, char const*, Process*, char**)
                0x00000000c001d5d6                Process::Process(bool, char const*, Process*, char**)
                0x00000000c001d785                taskStartupFunction
                0x00000000c001d78e                Semaphore::Semaphore(int)
                0x00000000c001d78e                Semaphore::Semaphore(int)
                0x00000000c001d7bc                Mutex::Mutex()
                0x00000000c001d7bc                Mutex::Mutex()
                0x00000000c001d7ce                Process::createThread(void (*)(void*), void*, int)
                0x00000000c001d8d4                Process::createUserThread()
                0x00000000c001d8f0                setupMultitasking(void (*)())
                0x00000000c001d9f3                schedule()
                0x00000000c001da78                Semaphore::tryAcquire()
                0x00000000c001db34                Semaphore::assertLocked(char const*)
                0x00000000c001dba3                blockTaskWithSchedulerLockAlreadyHeld(TaskState)
                0x00000000c001dbc9                blockTask(TaskState)
                0x00000000c001dbf6                waitTask(int, int*, int)
                0x00000000c001dc38                nanoSleepUntil(unsigned long long)
                0x00000000c001dccd                nanoSleep(unsigned long long)
                0x00000000c001dce5                sleep(unsigned long long)
                0x00000000c001dd02                Semaphore::acquire()
                0x00000000c001dda4                taskReturned
                0x00000000c001dddf                Thr::processFromPID(int)
                0x00000000c001de76                unblockTask(ThreadControlBlock*)
                0x00000000c001df0b                cleanupTerminatedTask(ThreadControlBlock*)
                0x00000000c001e1b2                cleanerTaskFunction(void*)
                0x00000000c001e293                terminateTask(int)
                0x00000000c001e352                Thr::terminateFromIRQ(int)
                0x00000000c001e35e                Semaphore::release()
 .text          0x00000000c001e487      0xada vm86/vm8086.32
                0x00000000c001e487                Vm::inbv(unsigned short)
                0x00000000c001e49a                Vm::outbv(unsigned short, unsigned char)
                0x00000000c001e4d0                Vm::realToLinear(unsigned short, unsigned short)
                0x00000000c001e4e0                Vm::getSegment(unsigned int)
                0x00000000c001e4e8                Vm::getOffset(unsigned int)
                0x00000000c001e4ed                Vm::mainloop2()
                0x00000000c001e527                Vm::mainVm8086Loop(void*)
                0x00000000c001e537                Vm::mainloop3(unsigned long)
                0x00000000c001e55d                Vm::initialise8086()
                0x00000000c001e5a0                Vm::finish8086()
                0x00000000c001e601                Vm::getOutput8086(unsigned char*)
                0x00000000c001e626                Vm::start8086(char const*, unsigned short, unsigned short, unsigned short, unsigned short)
                0x00000000c001e78e                Vm::doISR(regs*, int, unsigned char*, unsigned short, unsigned short)
                0x00000000c001e818                Vm::readByteFromReal(unsigned short, unsigned short)
                0x00000000c001e829                Vm::readWordFromReal(unsigned short, unsigned short)
                0x00000000c001e83b                Vm::readDwordFromReal(unsigned short, unsigned short)
                0x00000000c001e84c                Vm::writeByteFromReal(unsigned short, unsigned short, unsigned char)
                0x00000000c001e861                Vm::writeWordFromReal(unsigned short, unsigned short, unsigned short)
                0x00000000c001e877                Vm::writeDwordFromReal(unsigned short, unsigned short, unsigned int)
                0x00000000c001e88c                Vm::faultHandler(regs*)
 .text          0x00000000c001ef61      0xefd vm86/x87em.32
                0x00000000c001ef61                Vm::fpuInternalTo32(unsigned long long)
                0x00000000c001efbc                Vm::fpuInternalTo64(unsigned long long)
                0x00000000c001efc5                Vm::fpu32ToInternal(unsigned int)
                0x00000000c001f00a                Vm::fpu64ToInternal(unsigned long long)
                0x00000000c001f013                Vm::fpuFloatToLong(unsigned long long)
                0x00000000c001f06e                Vm::fpuULongToFloat(unsigned long long)
                0x00000000c001f0a4                Vm::fpuLongToFloat(long long)
                0x00000000c001f0fa                Vm::fpuGet0()
                0x00000000c001f0ff                Vm::fpuGet1()
                0x00000000c001f107                Vm::fpuGetPi()
                0x00000000c001f10f                Vm::fpuGetLog2E()
                0x00000000c001f127                Vm::fpuGetLogE2()
                0x00000000c001f13f                Vm::fpuGetLog210()
                0x00000000c001f157                Vm::fpuGetLog102()
                0x00000000c001f16f                Vm::fpuIsSecondLarger(unsigned long long, unsigned long long)
                0x00000000c001f183                Vm::fpuAreEqual(unsigned long long, unsigned long long)
                0x00000000c001f199                Vm::fpuUnorderedCompare(unsigned long long, unsigned long long)
                0x00000000c001f1ec                Vm::fpuAdd(unsigned long long, unsigned long long)
                0x00000000c001f1fd                Vm::fpuAbs(unsigned long long)
                0x00000000c001f206                Vm::fpuChs(unsigned long long)
                0x00000000c001f216                Vm::fpuSub(unsigned long long, unsigned long long)
                0x00000000c001f225                Vm::fpuMultiply(unsigned long long, unsigned long long)
                0x00000000c001f244                Vm::fpuDivide(unsigned long long, unsigned long long)
                0x00000000c001f260                Vm::fpuSquare(unsigned long long)
                0x00000000c001f276                Vm::fpuGetReg(int)
                0x00000000c001f2b9                Vm::fpuSetReg(int, unsigned long long)
                0x00000000c001f304                Vm::fpuPush(unsigned long long)
                0x00000000c001f361                Vm::fpuPop()
                0x00000000c001f3b3                Vm::x87Handler(regs*)
 .text          0x00000000c001fe5e     0x11c1 fs/fat/vfslink.32
                0x00000000c001fe5e                FAT::getName()
                0x00000000c001fe64                FAT::tell(void*, unsigned long long*)
                0x00000000c001fe98                FAT::stat(void*, unsigned long long*)
                0x00000000c001fecc                FAT::~FAT()
                0x00000000c001fecc                FAT::~FAT()
                0x00000000c001fef0                FAT::~FAT()
                0x00000000c001ff18                FAT::getlabel(LogicalDisk*, int, char*, unsigned int*)
                0x00000000c001ffb6                FAT::setlabel(LogicalDisk*, int, char*)
                0x00000000c0020070                FAT::format(LogicalDisk*, int, char const*, int)
                0x00000000c002022e                FAT::tryMount(LogicalDisk*, int)
                0x00000000c0020434                FAT::getFileFirstSector(char const*)
                0x00000000c00204da                FAT::readDir(void*, unsigned long, void*, int*)
                0x00000000c0020634                FAT::read(void*, unsigned long, void*, int*)
                0x00000000c002068e                FAT::write(void*, unsigned long, void*, int*)
                0x00000000c00206e8                FAT::close(void*)
                0x00000000c0020734                FAT::closeDir(void*)
                0x00000000c0020780                FAT::seek(void*, unsigned long long)
                0x00000000c00207d4                fatWrapperReadDisk
                0x00000000c002081b                fatWrapperWriteDisk
                0x00000000c0020862                fatWrapperIoctl
                0x00000000c0020966                FAT::FAT()
                0x00000000c0020966                FAT::FAT()
                0x00000000c00209b8                FAT::fixFilepath(char*)
                0x00000000c00209f0                FAT::open(char const*, void**, FileOpenMode)
                0x00000000c0020b18                FAT::openDir(char const*, void**)
                0x00000000c0020bbe                FAT::stat(char const*, unsigned long long*, bool*)
                0x00000000c0020ca8                FAT::unlink(char const*)
                0x00000000c0020d22                FAT::chfatattr(char const*, unsigned char, unsigned char)
                0x00000000c0020e76                FAT::rename(char const*, char const*)
                0x00000000c0020f3a                FAT::mkdir(char const*)
                0x00000000c0020fb4                FAT::exists(char const*)
 *fill*         0x00000000c002101f        0x1 
 .text          0x00000000c0021020      0xb75 fs/iso9660/vfslink.32
                0x00000000c0021020                ISO9660::format(LogicalDisk*, int, char const*, int)
                0x00000000c0021026                ISO9660::seek(void*, unsigned long long)
                0x00000000c0021056                ISO9660::tell(void*, unsigned long long*)
                0x00000000c002107a                ISO9660::getName()
                0x00000000c0021080                ISO9660::stat(void*, unsigned long long*)
                0x00000000c00210a4                ISO9660::chfatattr(char const*, unsigned char, unsigned char)
                0x00000000c00210aa                ISO9660::unlink(char const*)
                0x00000000c00210b0                ISO9660::write(void*, unsigned long, void*, int*)
                0x00000000c00210b6                ISO9660::rename(char const*, char const*)
                0x00000000c00210bc                ISO9660::mkdir(char const*)
                0x00000000c00210c2                ISO9660::close(void*)
                0x00000000c00210e4                ISO9660::closeDir(void*)
                0x00000000c0021106                ISO9660::~ISO9660()
                0x00000000c0021106                ISO9660::~ISO9660()
                0x00000000c002112a                ISO9660::~ISO9660()
                0x00000000c0021151                __memmem(unsigned char*, int, unsigned char*, int)
                0x00000000c0021193                readSectorFromCDROM(unsigned int, unsigned char*, char)
                0x00000000c00211ee                ISO9660::tryMount(LogicalDisk*, int)
                0x00000000c002123e                ISO9660::read(void*, unsigned long, void*, int*)
                0x00000000c0021442                ISO9660::readDir(void*, unsigned long, void*, int*)
                0x00000000c00216bc                readRoot(unsigned int*, unsigned int*, char)
                0x00000000c0021710                readRecursively(char*, unsigned int, unsigned int, unsigned int*, unsigned int*, char, int*)
                0x00000000c00218e3                getFileData(char*, unsigned int*, unsigned int*, char, int*)
                0x00000000c0021972                ISO9660::open(char const*, void**, FileOpenMode)
                0x00000000c0021a20                ISO9660::exists(char const*)
                0x00000000c0021a44                ISO9660::stat(char const*, unsigned long long*, bool*)
                0x00000000c0021ad8                ISO9660::openDir(char const*, void**)
                0x00000000c0021b72                ISO9660::ISO9660()
                0x00000000c0021b72                ISO9660::ISO9660()
 *fill*         0x00000000c0021b95        0x1 
 .text          0x00000000c0021b96      0x396 hal/sound/sndchannel.32
                0x00000000c0021b96                SoundChannel::SoundChannel(int, int, int, int)
                0x00000000c0021b96                SoundChannel::SoundChannel(int, int, int, int)
                0x00000000c0021cc0                SoundChannel::~SoundChannel()
                0x00000000c0021cc0                SoundChannel::~SoundChannel()
                0x00000000c0021cdc                SoundChannel::getSampleRate()
                0x00000000c0021ce4                SoundChannel::getBits()
                0x00000000c0021cec                SoundChannel::getBufferUsed()
                0x00000000c0021cf4                SoundChannel::getBufferSize()
                0x00000000c0021cfc                SoundChannel::unbuffer(float*, int, int)
                0x00000000c0021d90                SoundChannel::buffer16(short*, int)
                0x00000000c0021e8c                SoundChannel::buffer8(unsigned char*, int)
 .text          0x00000000c0021f2c      0x43e hal/sound/sndhw.32
                0x00000000c0021f2c                SoundDevice::SoundDevice(char const*)
                0x00000000c0021f2c                SoundDevice::SoundDevice(char const*)
                0x00000000c0021f98                SoundDevice::~SoundDevice()
                0x00000000c0021f98                SoundDevice::~SoundDevice()
                0x00000000c0022012                SoundDevice::~SoundDevice()
                0x00000000c002203c                SoundDevice::getFreeChannelNum()
                0x00000000c0022056                SoundDevice::addChannel(SoundChannel*)
                0x00000000c00220c6                SoundDevice::removeChannel(int)
                0x00000000c00220f8                SoundDevice::floatTo16(float*, short*, int)
                0x00000000c00221e6                SoundDevice::floatTo8(float*, unsigned char*, int)
                0x00000000c00222ce                SoundDevice::getAudio(int, float*, float*)
 .text          0x00000000c002236a        0x0 hw/bus/isa.32
 .text          0x00000000c002236a      0xb87 hw/bus/pci.32
                0x00000000c002236a                PCI::open(int, int, void*)
                0x00000000c0022388                PCI::close(int, int, void*)
                0x00000000c002238c                PCI::PCI()
                0x00000000c002238c                PCI::PCI()
                0x00000000c0022422                PCI::readBAR8(unsigned int, int)
                0x00000000c002243e                PCI::readBAR16(unsigned int, int)
                0x00000000c002245c                PCI::readBAR32(unsigned int, int)
                0x00000000c0022478                PCI::writeBAR8(unsigned int, unsigned char, int)
                0x00000000c0022498                PCI::writeBAR16(unsigned int, unsigned short, int)
                0x00000000c00224ba                PCI::writeBAR32(unsigned int, unsigned int, int)
                0x00000000c00224da                PCI::legacyMechanism(unsigned char, unsigned char, unsigned char, unsigned char)
                0x00000000c0022548                PCI::pciReadWord(unsigned char, unsigned char, unsigned char, unsigned char)
                0x00000000c00225f0                PCI::getVendorID(unsigned char, unsigned char, unsigned char)
                0x00000000c0022614                PCI::getHeaderType(unsigned char, unsigned char, unsigned char)
                0x00000000c002263c                PCI::getClassCode(unsigned char, unsigned char, unsigned char)
                0x00000000c0022686                PCI::getProgIF(unsigned char, unsigned char, unsigned char)
                0x00000000c00226ae                PCI::getRevisionID(unsigned char, unsigned char, unsigned char)
                0x00000000c00226d2                PCI::getInterruptNumber(unsigned char, unsigned char, unsigned char)
                0x00000000c00226f6                PCI::getSecondaryBus(unsigned char, unsigned char, unsigned char)
                0x00000000c002271e                PCI::getBARAddress(unsigned char, unsigned char, unsigned char, unsigned char)
                0x00000000c0022782                PCI::pciWriteWord(unsigned char, unsigned char, unsigned char, unsigned char, unsigned short)
                0x00000000c002286a                PCI::pciDetailsToFilepath(PCIDeviceInfo, char*)
                0x00000000c0022ae4                PCI::checkBus(unsigned char)
                0x00000000c0022b08                PCI::foundDevice(PCIDeviceInfo)
                0x00000000c0022c7a                PCI::getDeviceData(unsigned char, unsigned char, unsigned char)
                0x00000000c0022e32                PCI::checkDevice(unsigned char, unsigned char)
                0x00000000c0022e9e                PCI::detect()
 *fill*         0x00000000c0022ef1        0x1 
 .text          0x00000000c0022ef2      0xb54 hw/diskctrl/ide.32
                0x00000000c0022ef2                IDE::close(int, int, void*)
                0x00000000c0022ef6                IDE::IDE()
                0x00000000c0022ef6                IDE::IDE()
                0x00000000c0022f2a                IDE::prepareInterrupt(unsigned char)
                0x00000000c0022f3c                selectDrive(unsigned char, unsigned char)
                0x00000000c0022f3e                IDE::getBase(unsigned char)
                0x00000000c0022f50                IDE::write(unsigned char, unsigned char, unsigned char)
                0x00000000c0023010                IDE::read(unsigned char, unsigned char)
                0x00000000c00230be                IDE::waitInterrupt(unsigned char)
                0x00000000c0023124                ideChannel0IRQHandler(regs*, void*)
                0x00000000c0023140                ideChannel1IRQHandler(regs*, void*)
                0x00000000c002315c                IDE::enableIRQs(unsigned char, bool)
                0x00000000c00231a2                IDE::open(int, int, void*)
                0x00000000c00235b0                IDE::readBuffer(unsigned char, unsigned char, unsigned int, unsigned int)
                0x00000000c002367c                IDE::detect()
                0x00000000c0023942                IDE::printError(unsigned char, unsigned char, unsigned char)
                0x00000000c00239f2                IDE::polling(unsigned char, unsigned int)
 .text          0x00000000c0023a46      0x336 hw/diskctrl/satabus.32
                0x00000000c0023a46                SATABus::close(int, int, void*)
                0x00000000c0023a4a                SATABus::detect()
                0x00000000c0023a4c                SATABus::SATABus()
                0x00000000c0023a4c                SATABus::SATABus()
                0x00000000c0023ad2                SATABus::findCmdslot(SATABus::tagHBA_PORT volatile*)
                0x00000000c0023b1a                SATABus::checkType(SATABus::tagHBA_PORT volatile*)
                0x00000000c0023b62                SATABus::startCmd(SATABus::tagHBA_PORT volatile*)
                0x00000000c0023b82                SATABus::stopCmd(SATABus::tagHBA_PORT volatile*)
                0x00000000c0023bac                SATABus::portRebase(SATABus::tagHBA_PORT volatile*, int)
                0x00000000c0023cb2                SATABus::probePort(SATABus::tagHBA_MEM volatile*)
                0x00000000c0023d5c                SATABus::open(int, int, void*)
 .text          0x00000000c0023d7c      0x604 hw/diskphys/ata.32
                0x00000000c0023d7c                ATA::close(int, int, void*)
                0x00000000c0023da0                ATA::powerSaving(PowerSavingLevel)
                0x00000000c0023da2                ATA::ATA()
                0x00000000c0023da2                ATA::ATA()
                0x00000000c0023dd0                ATA::flush(bool)
                0x00000000c0023e1a                ATA::readyForCommand()
                0x00000000c0023e6a                ATA::access(unsigned long long, int, void*, bool)
                0x00000000c00241f2                ATA::read(unsigned long long, int, void*)
                0x00000000c002423e                ATA::write(unsigned long long, int, void*)
                0x00000000c002428a                ATA::detectCHS()
                0x00000000c00242b4                ATA::open(int, int, void*)
 .text          0x00000000c0024380      0x5bd hw/diskphys/atapi.32
                0x00000000c0024380                ATAPI::write(unsigned long long, int, void*)
                0x00000000c0024386                ATAPI::close(int, int, void*)
                0x00000000c00243aa                ATAPI::ATAPI()
                0x00000000c00243aa                ATAPI::ATAPI()
                0x00000000c00243d8                ATAPI::readyForCommand()
                0x00000000c0024428                ATAPI::sendPacket(unsigned char*, int, bool, unsigned short*, int)
                0x00000000c00246e8                ATAPI::diskRemoved()
                0x00000000c0024704                ATAPI::eject()
                0x00000000c002474c                ATAPI::diskInserted()
                0x00000000c002477a                ATAPI::detectMedia()
                0x00000000c0024836                ATAPI::open(int, int, void*)
                0x00000000c00248be                ATAPI::read(unsigned long long, int, void*)
 *fill*         0x00000000c002493d        0x1 
 .text          0x00000000c002493e      0x41c hw/diskphys/sata.32
                0x00000000c002493e                SATA::close(int, int, void*)
                0x00000000c0024962                SATA::powerSaving(PowerSavingLevel)
                0x00000000c0024964                SATA::open(int, int, void*)
                0x00000000c0024a0e                SATA::SATA()
                0x00000000c0024a0e                SATA::SATA()
                0x00000000c0024a3c                SATA::access(unsigned long long, int, void*, bool)
                0x00000000c0024ca2                SATA::read(unsigned long long, int, void*)
                0x00000000c0024cee                SATA::write(unsigned long long, int, void*)
 .text          0x00000000c0024d5a      0x4fe hw/diskphys/satapi.32
                0x00000000c0024d5a                SATAPI::write(unsigned long long, int, void*)
                0x00000000c0024d60                SATAPI::close(int, int, void*)
                0x00000000c0024d84                SATAPI::SATAPI()
                0x00000000c0024d84                SATAPI::SATAPI()
                0x00000000c0024db2                SATAPI::diskRemoved()
                0x00000000c0024dce                SATAPI::diskInserted()
                0x00000000c0024dfc                SATAPI::sendPacket(unsigned char*, int, unsigned long long, unsigned short*, int)
                0x00000000c0025004                SATAPI::eject()
                0x00000000c002504c                SATAPI::detectMedia()
                0x00000000c002510e                SATAPI::open(int, int, void*)
                0x00000000c00251b6                SATAPI::read(unsigned long long, int, void*)
 .text          0x00000000c0025258       0x8e hw/fpu/avx.32
                0x00000000c0025258                AVX::open(int, int, void*)
                0x00000000c002526a                AVX::close(int, int, void*)
                0x00000000c002527c                AVX::available()
                0x00000000c002528e                AVX::save(void*)
                0x00000000c00252a6                AVX::load(void*)
                0x00000000c00252be                AVX::AVX()
                0x00000000c00252be                AVX::AVX()
 .text          0x00000000c00252e6       0x90 hw/fpu/mmx.32
                0x00000000c00252e6                MMX::available()
                0x00000000c00252fa                MMX::open(int, int, void*)
                0x00000000c002530c                MMX::close(int, int, void*)
                0x00000000c002531e                MMX::save(void*)
                0x00000000c0025336                MMX::load(void*)
                0x00000000c002534e                MMX::MMX()
                0x00000000c002534e                MMX::MMX()
 .text          0x00000000c0025376       0x96 hw/fpu/sse.32
                0x00000000c0025376                SSE::open(int, int, void*)
                0x00000000c0025388                SSE::close(int, int, void*)
                0x00000000c002539a                SSE::available()
                0x00000000c00253b4                SSE::save(void*)
                0x00000000c00253cc                SSE::load(void*)
                0x00000000c00253e4                SSE::SSE()
                0x00000000c00253e4                SSE::SSE()
 .text          0x00000000c002540c       0x8e hw/fpu/x87.32
                0x00000000c002540c                x87::open(int, int, void*)
                0x00000000c002541e                x87::close(int, int, void*)
                0x00000000c0025430                x87::available()
                0x00000000c0025442                x87::save(void*)
                0x00000000c002545a                x87::load(void*)
                0x00000000c0025472                x87::x87()
                0x00000000c0025472                x87::x87()
 .text          0x00000000c002549a      0x71e hw/intctrl/apic.32
                0x00000000c002549a                APIC::disable()
                0x00000000c002549c                APIC::close(int, int, void*)
                0x00000000c00254be                IOAPIC::close(int, int, void*)
                0x00000000c00254c4                APIC::io_wait()
                0x00000000c00254ca                APIC::getBase()
                0x00000000c002550c                APIC::eoi(unsigned char)
                0x00000000c002553a                APIC::open(int, int, void*)
                0x00000000c0025688                IOAPIC::IOAPIC()
                0x00000000c0025688                IOAPIC::IOAPIC()
                0x00000000c00256b0                APIC::APIC()
                0x00000000c00256b0                APIC::APIC()
                0x00000000c002578c                IOAPIC::handlesGSIWithNumber(unsigned int)
                0x00000000c00257be                IOAPIC::read(int)
                0x00000000c00257e6                IOAPIC::open(int, int, void*)
                0x00000000c00258dc                IOAPIC::write(int, int)
                0x00000000c0025908                IOAPIC::redirect(unsigned char, unsigned long long, unsigned char, bool, bool)
                0x00000000c0025a02                APIC::installIRQHandler(int, void (*)(regs*, void*), bool, void*)
 .text          0x00000000c0025bb8      0x3d3 hw/intctrl/pic.32
                0x00000000c0025bb8                PIC::disable()
                0x00000000c0025be6                PIC::close(int, int, void*)
                0x00000000c0025c08                PIC::PIC()
                0x00000000c0025c08                PIC::PIC()
                0x00000000c0025cde                PIC::ioWait()
                0x00000000c0025ce4                PIC::getIRQReg(int)
                0x00000000c0025d4e                PIC::eoi(unsigned char)
                0x00000000c0025de0                PIC::remap()
                0x00000000c0025f4c                PIC::open(int, int, void*)
 *fill*         0x00000000c0025f8b        0x1 
 .text          0x00000000c0025f8c      0x25e hw/timer/apictimer.32
                0x00000000c0025f8c                APICTimer::close(int, int, void*)
                0x00000000c0025f92                apicTimerHandler(regs*, void*)
                0x00000000c0025fc0                APICTimer::write(int)
                0x00000000c00260c4                APICTimer::open(int, int, void*)
                0x00000000c00261c2                APICTimer::APICTimer()
                0x00000000c00261c2                APICTimer::APICTimer()
 .text          0x00000000c00261ea      0x1a7 hw/timer/pit.32
                0x00000000c00261ea                PIT::write(int)
                0x00000000c0026268                pitHandler(regs*, void*)
                0x00000000c0026294                PIT::open(int, int, void*)
                0x00000000c00262e2                PIT::close(int, int, void*)
                0x00000000c0026312                PIT::PIT()
                0x00000000c0026312                PIT::PIT()
 *fill*         0x00000000c0026391        0xf 
 .text          0x00000000c00263a0       0x1e hw/fpu/x86/avx.32
                0x00000000c00263a0                avxDetect
                0x00000000c00263a6                avxSave
                0x00000000c00263a7                avxLoad
                0x00000000c00263a8                avxInit
                0x00000000c00263a9                avxClose
                0x00000000c00263aa                wouldSheSayYes
 *fill*         0x00000000c00263be        0x2 
 .text          0x00000000c00263c0       0x35 hw/fpu/x86/sse.32
                0x00000000c00263c0                absolutelyNoChanceInHell
                0x00000000c00263c0                sseDetect
                0x00000000c00263d8                sseSave
                0x00000000c00263de                sseLoad
                0x00000000c00263e4                sseInit
                0x00000000c00263f4                sseClose
 *fill*         0x00000000c00263f5        0xb 
 .text          0x00000000c0026400       0x4d hw/fpu/x86/x87.32
                0x00000000c0026406                x87Detect
                0x00000000c0026421                x87Save
                0x00000000c002642a                x87Load
                0x00000000c0026432                x87Init
                0x00000000c002644c                x87Close
 *fill*         0x00000000c002644d        0x3 
 .text          0x00000000c0026450       0x25 /cygdrive/d/Users/Alex/Desktop/Toolchain/Output/bin/../lib/gcc/i386-banana/8.1.0/crtend.o
 .text          0x00000000c0026475        0x0 crtn.32
 *fill*         0x00000000c0026475        0x3 
 .text          0x00000000c0026478      0x14b /cygdrive/d/Users/Alex/Desktop/Toolchain/Output/bin/../lib/gcc/i386-banana/8.1.0/libkgcc.a(_divdi3.o)
                0x00000000c0026478                __divdi3
 *fill*         0x00000000c00265c3        0x1 
 .text          0x00000000c00265c4      0x17e /cygdrive/d/Users/Alex/Desktop/Toolchain/Output/bin/../lib/gcc/i386-banana/8.1.0/libkgcc.a(_moddi3.o)
                0x00000000c00265c4                __moddi3
 *fill*         0x00000000c0026742        0x2 
 .text          0x00000000c0026744       0xff /cygdrive/d/Users/Alex/Desktop/Toolchain/Output/bin/../lib/gcc/i386-banana/8.1.0/libkgcc.a(_udivdi3.o)
                0x00000000c0026744                __udivdi3
 *fill*         0x00000000c0026843        0x1 
 .text          0x00000000c0026844      0x11a /cygdrive/d/Users/Alex/Desktop/Toolchain/Output/bin/../lib/gcc/i386-banana/8.1.0/libkgcc.a(_umoddi3.o)
                0x00000000c0026844                __umoddi3
 .text          0x00000000c002695e      0x96d D:/Users/Alex/Desktop/Banana/kernel/libsoftfp.a(sfieeelib.o)
                0x00000000c002695e                __addsf3
                0x00000000c0026c60                __subsf3
                0x00000000c0026c74                __negsf2
                0x00000000c0026c81                __mulsf3
                0x00000000c0026e44                __divsf3
                0x00000000c002706f                __floatsisf
                0x00000000c00270e3                __floatunsisf
                0x00000000c0027125                __fixsfsi
                0x00000000c0027187                __fixunssfsi
                0x00000000c00271b8                __cmpsf2
                0x00000000c002724d                __eqsf2
                0x00000000c0027288                __nesf2
                0x00000000c002728a                __gtsf2
                0x00000000c00272c5                __gesf2
                0x00000000c00272c7                __ltsf2
                0x00000000c00272c9                __lesf2
 .text          0x00000000c00272cb      0xf50 D:/Users/Alex/Desktop/Banana/kernel/libsoftfp.a(dfieeelib.o)
                0x00000000c00272cb                __adddf3
                0x00000000c002791c                __subdf3