Archive member included to satisfy reference by file (symbol)

/cygdrive/d/Users/Alex/Desktop/Toolchain/Output/bin/../lib/gcc/i386-banana/8.1.0/libkgcc.a(_divdi3.o)
                              fs/fat/ff.32 (__divdi3)
/cygdrive/d/Users/Alex/Desktop/Toolchain/Output/bin/../lib/gcc/i386-banana/8.1.0/libkgcc.a(_moddi3.o)
                              compat/resolve.32 (__moddi3)
/cygdrive/d/Users/Alex/Desktop/Toolchain/Output/bin/../lib/gcc/i386-banana/8.1.0/libkgcc.a(_udivdi3.o)
                              fs/fat/ff.32 (__udivdi3)
/cygdrive/d/Users/Alex/Desktop/Toolchain/Output/bin/../lib/gcc/i386-banana/8.1.0/libkgcc.a(_umoddi3.o)
                              compat/resolve.32 (__umoddi3)
D:/Users/Alex/Desktop/Banana/kernel/libsoftfp.a(sfieeelib.o)
                              hal/sound/sndhw.32 (__addsf3)
D:/Users/Alex/Desktop/Banana/kernel/libsoftfp.a(dfieeelib.o)
                              hal/libresample/src_linear.32 (__adddf3)
D:/Users/Alex/Desktop/Banana/kernel/libsoftfp.a(sfdfcvt.o)
                              hal/libresample/samplerate.32 (__truncdfsf2)
D:/Users/Alex/Desktop/Banana/kernel/libk/libm32.a(s_fabs.c.o)
                              hal/libresample/samplerate.32 (fabs)
D:/Users/Alex/Desktop/Banana/kernel/libk/libm32.a(s_lrint.S.o)
                              hal/libresample/samplerate.32 (lrint)
D:/Users/Alex/Desktop/Banana/kernel/libk/libm32.a(s_lrintf.S.o)
                              hal/sound/sndhw.32 (lrintf)

Discarded input sections

 .comment       0x0000000000000000       0x12 /cygdrive/d/Users/Alex/Desktop/Toolchain/Output/bin/../lib/gcc/i386-banana/8.1.0/crtbegin.o
 .comment       0x0000000000000000       0x12 acpica/utclib.32
 .comment       0x0000000000000000       0x12 core/malloc.32
 .comment       0x0000000000000000       0x12 libk/string.32
 .comment       0x0000000000000000       0x12 fs/fat/diskio.32
 .comment       0x0000000000000000       0x12 fs/fat/ff.32
 .comment       0x0000000000000000       0x12 fs/fat/ffsystem.32
 .comment       0x0000000000000000       0x12 fs/fat/ffunicode.32
 .comment       0x0000000000000000       0x12 hal/libresample/samplerate.32
 .comment       0x0000000000000000       0x12 hal/libresample/src_linear.32
 .comment       0x0000000000000000       0x12 hal/libresample/src_sinc.32
 .comment       0x0000000000000000       0x12 hal/libresample/src_zoh.32
 .comment       0x0000000000000000       0x12 compat/inlines.32
 .comment       0x0000000000000000       0x12 compat/resolve.32
 .group         0x0000000000000000       0x14 core/computer.32
 .group         0x0000000000000000        0xc core/computer.32
 .comment       0x0000000000000000       0x12 core/computer.32
 .comment       0x0000000000000000       0x12 core/gdt.32
 .group         0x0000000000000000        0xc core/idle.32
 .comment       0x0000000000000000       0x12 core/idle.32
 .comment       0x0000000000000000       0x12 core/idt.32
 .comment       0x0000000000000000       0x12 core/kheap.32
 .comment       0x0000000000000000       0x12 core/main.32
 .comment       0x0000000000000000       0x12 core/physmgr.32
 .group         0x0000000000000000        0xc core/pipe.32
 .comment       0x0000000000000000       0x12 core/pipe.32
 .group         0x0000000000000000        0xc core/terminal.32
 .comment       0x0000000000000000       0x12 core/terminal.32
 .comment       0x0000000000000000       0x12 core/tss.32
 .group         0x0000000000000000        0x8 core/unixfile.32
 .group         0x0000000000000000        0xc core/unixfile.32
 .group         0x0000000000000000        0xc core/unixfile.32
 .group         0x0000000000000000        0x8 core/unixfile.32
 .group         0x0000000000000000        0xc core/unixfile.32
 .group         0x0000000000000000        0x8 core/unixfile.32
 .group         0x0000000000000000        0xc core/unixfile.32
 .group         0x0000000000000000        0xc core/unixfile.32
 .comment       0x0000000000000000       0x12 core/unixfile.32
 .comment       0x0000000000000000       0x12 core/virtmgr.32
 .comment       0x0000000000000000       0x12 coreobjs/c++.32
 .comment       0x0000000000000000       0x12 dbg/kconsole.32
 .group         0x0000000000000000        0xc fs/vfs.32
 .group         0x0000000000000000        0xc fs/vfs.32
 .group         0x0000000000000000        0xc fs/vfs.32
 .comment       0x0000000000000000       0x12 fs/vfs.32
 .group         0x0000000000000000        0xc hal/bus.32
 .comment       0x0000000000000000       0x12 hal/bus.32
 .group         0x0000000000000000        0xc hal/buzzer.32
 .comment       0x0000000000000000       0x12 hal/buzzer.32
 .group         0x0000000000000000        0xc hal/clock.32
 .comment       0x0000000000000000       0x12 hal/clock.32
 .group         0x0000000000000000       0x14 hal/device.32
 .group         0x0000000000000000        0xc hal/device.32
 .group         0x0000000000000000        0xc hal/device.32
 .group         0x0000000000000000        0xc hal/device.32
[...]
Memory Configuration

Name             Origin             Length             Attributes
*default*        0x0000000000000000 0xffffffffffffffff

Linker script and memory map

LOAD D:/Users/Alex/Desktop/Banana/kernel/boot.32
LOAD crti.32
LOAD /cygdrive/d/Users/Alex/Desktop/Toolchain/Output/bin/../lib/gcc/i386-banana/8.1.0/crtbegin.o
LOAD D:/Users/Alex/Desktop/Banana/kernel/morenasm.32
LOAD acpica/utclib.32
LOAD core/malloc.32
LOAD libk/string.32
LOAD fs/fat/diskio.32
LOAD fs/fat/ff.32
LOAD fs/fat/ffsystem.32
LOAD fs/fat/ffunicode.32
LOAD hal/libresample/samplerate.32
LOAD hal/libresample/src_linear.32
LOAD hal/libresample/src_sinc.32
LOAD hal/libresample/src_zoh.32
LOAD compat/inlines.32
LOAD compat/resolve.32
LOAD core/computer.32
LOAD core/gdt.32
LOAD core/idle.32
LOAD core/idt.32
LOAD core/kheap.32
LOAD core/main.32
LOAD core/physmgr.32
LOAD core/pipe.32
LOAD core/terminal.32
LOAD core/tss.32
LOAD core/unixfile.32
LOAD core/virtmgr.32
LOAD coreobjs/c++.32
LOAD dbg/kconsole.32
LOAD fs/vfs.32
LOAD hal/bus.32
LOAD hal/buzzer.32
LOAD hal/clock.32
LOAD hal/device.32
LOAD hal/diskctrl.32
LOAD hal/diskphys.32
LOAD hal/fpu.32
LOAD hal/intctrl.32
LOAD hal/keybrd.32
LOAD hal/logidisk.32
LOAD hal/mouse.32
LOAD hal/partition.32
LOAD hal/serial.32
LOAD hal/timer.32
LOAD hal/vcache.32
LOAD hal/video.32
LOAD hw/acpi.32
LOAD hw/cpu.32
LOAD hw/ports.32
LOAD hw/smp.32
LOAD krnl/env.32
LOAD krnl/panic.32
LOAD net/ethernet.32
LOAD reg/registry.32
LOAD sys/sc_eject.32
LOAD sys/sc_exit.32
LOAD sys/sc_getcwd.32
LOAD sys/sc_getpid.32
LOAD sys/sc_getramdata.32
LOAD sys/sc_getvgaptr.32
LOAD sys/sc_loaddll.32
LOAD sys/sc_read.32
LOAD sys/sc_sbrk.32
LOAD sys/sc_setcwd.32
LOAD sys/sc_settime.32
LOAD sys/sc_timezone.32
LOAD sys/sc_write.32
LOAD sys/sc_wsbe.32
LOAD sys/sc_yield.32
LOAD sys/syscalls.32
LOAD thr/elf.32
LOAD thr/prcssthr.32
LOAD vm86/vm8086.32
LOAD vm86/x87em.32
LOAD fs/fat/vfslink.32
LOAD fs/iso9660/vfslink.32
LOAD hal/sound/sndchannel.32
LOAD hal/sound/sndhw.32
LOAD hw/bus/isa.32
LOAD hw/bus/pci.32
LOAD hw/diskctrl/ide.32
LOAD hw/diskctrl/satabus.32
LOAD hw/diskphys/ata.32
LOAD hw/diskphys/atapi.32
LOAD hw/diskphys/sata.32
LOAD hw/diskphys/satapi.32
LOAD hw/fpu/avx.32
LOAD hw/fpu/mmx.32
LOAD hw/fpu/sse.32
LOAD hw/fpu/x87.32
LOAD hw/intctrl/apic.32
LOAD hw/intctrl/pic.32
LOAD hw/timer/apictimer.32
LOAD hw/timer/pit.32
LOAD hw/fpu/x86/avx.32
LOAD hw/fpu/x86/sse.32
LOAD hw/fpu/x86/x87.32
LOAD /cygdrive/d/Users/Alex/Desktop/Toolchain/Output/bin/../lib/gcc/i386-banana/8.1.0/crtend.o
LOAD crtn.32
LOAD /cygdrive/d/Users/Alex/Desktop/Toolchain/Output/bin/../lib/gcc/i386-banana/8.1.0/libkgcc.a
LOAD D:/Users/Alex/Desktop/Banana/kernel/libsoftfp.a
LOAD D:/Users/Alex/Desktop/Banana/kernel/libk/libm32.a
                0x00000000c0000000                . = 0xc0000000

.text           0x00000000c0000000    0x28e78
 *(.text)
 .text          0x00000000c0000000       0x41 D:/Users/Alex/Desktop/Banana/kernel/boot.32
                0x00000000c0000020                callGlobalConstructors
 .text          0x00000000c0000041        0x0 crti.32
 *fill*         0x00000000c0000041        0x3 
 .text          0x00000000c0000044      0x101 /cygdrive/d/Users/Alex/Desktop/Toolchain/Output/bin/../lib/gcc/i386-banana/8.1.0/crtbegin.o
 *fill*         0x00000000c0000145        0xb 
 .text          0x00000000c0000150      0x512 D:/Users/Alex/Desktop/Banana/kernel/morenasm.32
                0x00000000c0000150                manualPCIProbe
                0x00000000c000019b                prepareTramp
                0x00000000c00001b4                voodooXADD
                0x00000000c000027f                doTPAUSE
                0x00000000c0000289                hasLegacyFPU
                0x00000000c00002ae                is486
                0x00000000c00002e4                detectCPUID
                0x00000000c00002fa                goToVM86
                0x00000000c000032a                goToUsermode
                0x00000000c0000354                switchToThreadASMFirstTime
                0x00000000c0000362                switchToThreadASM
                0x00000000c00003f2                asmQuickAcquireLock
                0x00000000c0000410                asmQuickReleaseLock
                0x00000000c000041c                asmAcquireLock
                0x00000000c000043d                asmReleaseLock
                0x00000000c0000450                loadGDT
                0x00000000c0000470                isr0
                0x00000000c0000480                isr1
                0x00000000c000048a                isr2
                0x00000000c0000494                isr3
                0x00000000c000049e                isr4
                0x00000000c00004a8                isr5
                0x00000000c00004b2                isr6
                0x00000000c00004bc                isr7
                0x00000000c00004c6                isr8
                0x00000000c00004ce                isr9
                0x00000000c00004d8                isr10
                0x00000000c00004e0                isr11
                0x00000000c00004e8                isr12
                0x00000000c00004f0                isr13
                0x00000000c00004f8                isr14
                0x00000000c0000500                isr15
                0x00000000c000050a                isr16
                0x00000000c0000514                isr17
                0x00000000c000051e                isr18
                0x00000000c0000528                irq3
                0x00000000c0000532                irq4
                0x00000000c000053c                irq5
                0x00000000c0000546                irq6
                0x00000000c0000550                irq7
                0x00000000c000055a                irq8
                0x00000000c0000564                irq9
                0x00000000c000056e                irq10
                0x00000000c0000578                irq11
                0x00000000c0000582                irq12
                0x00000000c000058c                irq13
                0x00000000c0000596                irq14
                0x00000000c00005a0                irq15
                0x00000000c00005aa                irq1
                0x00000000c00005b1                irq2
                0x00000000c00005b8                isr96
                0x00000000c00005bf                irq0
                0x00000000c00005c4                int_common_stub
                0x00000000c00005c4                syscall_common_stub
                0x00000000c00005f5                irq16
                0x00000000c00005ff                irq17
                0x00000000c0000609                irq18
                0x00000000c0000613                irq19
                0x00000000c000061d                irq20
                0x00000000c0000627                irq21
                0x00000000c0000631                irq22
                0x00000000c000063b                irq23
                0x00000000c0000645                hexStrToInt
 *fill*         0x00000000c0000662        0x2 
 .text          0x00000000c0000664      0x611 acpica/utclib.32
                0x00000000c0000664                memcmp
                0x00000000c00006a0                memmove
                0x00000000c0000768                memcpy
                0x00000000c000079c                memset
                0x00000000c00007b8                strlen
                0x00000000c00007d0                strpbrk
                0x00000000c000080c                strtok
                0x00000000c0000858                strcpy
                0x00000000c000087c                strncpy
                0x00000000c00008e4                strcmp
                0x00000000c0000924                strchr
                0x00000000c0000948                strncmp
                0x00000000c0000998                strcat
                0x00000000c00009c8                strncat
                0x00000000c0000a04                strstr
                0x00000000c0000a4c                toupper
                0x00000000c0000a60                tolower
                0x00000000c0000a74                simple_strtoul
 .text          0x00000000c0000c75      0xfbf core/malloc.32
                0x00000000c0000de0                dlfree
                0x00000000c000113b                dlmalloc
                0x00000000c0001678                dlrealloc
                0x00000000c000182d                dlmemalign
                0x00000000c0001950                dlcalloc
                0x00000000c00019ea                dlcfree
                0x00000000c00019ef                dlindependent_calloc
                0x00000000c0001a14                dlindependent_comalloc
                0x00000000c0001a2b                dlvalloc
                0x00000000c0001a56                dlpvalloc
                0x00000000c0001a8c                dlmalloc_trim
                0x00000000c0001a99                dlmalloc_usable_size
                0x00000000c0001aca                dlmallinfo
                0x00000000c0001b99                dlmalloc_stats
                0x00000000c0001baa                dlmallopt
 .text          0x00000000c0001c34        0x0 libk/string.32
 .text          0x00000000c0001c34       0x51 fs/fat/diskio.32
                0x00000000c0001c34                disk_status
                0x00000000c0001c37                disk_initialize
                0x00000000c0001c3a                disk_read
                0x00000000c0001c50                disk_write
                0x00000000c0001c66                disk_ioctl
 .text          0x00000000c0001c85     0x6833 fs/fat/ff.32
                0x00000000c0004f53                f_mount
                0x00000000c0004fb5                f_open
                0x00000000c00053f1                f_read
                0x00000000c0005671                f_write
                0x00000000c000592b                f_sync
                0x00000000c0005b07                f_close
                0x00000000c0005b36                f_lseek
                0x00000000c0005fed                f_opendir
                0x00000000c00060ef                f_closedir
                0x00000000c0006111                f_readdir
                0x00000000c00061ac                f_stat
                0x00000000c000623b                f_getfree
                0x00000000c0006406                f_truncate
                0x00000000c00064fe                f_unlink
                0x00000000c0006681                f_mkdir
                0x00000000c00068ad                f_rename
                0x00000000c0006ba0                f_chmod
                0x00000000c0006c7e                f_utime
                0x00000000c0006d5c                f_getlabel
                0x00000000c0006f4a                f_setlabel
                0x00000000c00071b7                f_forward
                0x00000000c0007395                f_mkfs
 .text          0x00000000c00084b8       0x2d fs/fat/ffsystem.32
                0x00000000c00084b8                ff_memalloc
                0x00000000c00084ce                ff_memfree
 .text          0x00000000c00084e5      0x253 fs/fat/ffunicode.32
                0x00000000c00084e5                ff_uni2oem
                0x00000000c0008575                ff_oem2uni
                0x00000000c00085e1                ff_wtoupper
 .text          0x00000000c0008738      0x8fb hal/libresample/samplerate.32
                0x00000000c000877c                src_delete
                0x00000000c00087b8                src_process
                0x00000000c000896e                src_callback_read
                0x00000000c0008aeb                src_set_ratio
                0x00000000c0008b55                src_get_channels
                0x00000000c0008b77                src_reset
                0x00000000c0008bc3                src_new
                0x00000000c0008c51                src_callback_new
                0x00000000c0008cb3                src_get_name
                0x00000000c0008cea                src_get_description
                0x00000000c0008d21                src_get_version
                0x00000000c0008d27                src_is_valid_ratio
                0x00000000c0008d7b                src_error
                0x00000000c0008d89                src_strerror
                0x00000000c0008d9c                src_simple
                0x00000000c0008def                src_short_to_float_array
                0x00000000c0008e54                src_float_to_short_array
                0x00000000c0008f13                src_int_to_float_array
                0x00000000c0008f76                src_float_to_int_array
 .text          0x00000000c0009033      0x8cb hal/libresample/src_linear.32
                0x00000000c0009859                linear_get_name
                0x00000000c0009868                linear_get_description
                0x00000000c0009877                linear_set_converter
 .text          0x00000000c00098fe     0x447c hal/libresample/src_sinc.32
                0x00000000c000dc91                sinc_get_name
                0x00000000c000dca4                sinc_get_description
                0x00000000c000dcb7                sinc_set_converter
 .text          0x00000000c000dd7a      0x77c hal/libresample/src_zoh.32
                0x00000000c000e451                zoh_get_name
                0x00000000c000e460                zoh_get_description
                0x00000000c000e46f                zoh_set_converter
 .text          0x00000000c000e4f6       0xe6 compat/inlines.32
                0x00000000c000e4f6                CPU::current()
                0x00000000c000e503                operator new(unsigned long)
                0x00000000c000e519                operator delete(void*)
                0x00000000c000e530                disableIRQs()
                0x00000000c000e53e                enableIRQs()
                0x00000000c000e555                lockScheduler()
                0x00000000c000e563                unlockScheduler()
                0x00000000c000e57a                lockStuff()
                0x00000000c000e593                unlockStuff()
 .text          0x00000000c000e5dc      0x111 compat/resolve.32
                0x00000000c000e5dc                Krnl::resolveCompatibilitySymbol(char*)
 *fill*         0x00000000c000e6ed        0x1 
 .text          0x00000000c000e6ee      0xa17 core/computer.32
                0x00000000c000e6ee                Computer::close(int, int, void*)
                0x00000000c000e732                Krnl::firstTask()
                0x00000000c000e822                Computer::Computer()
                0x00000000c000e822                Computer::Computer()
                0x00000000c000e97e                Computer::setBootMessage(char const*)
                0x00000000c000e980                Computer::detectFeatures()
                0x00000000c000eb8a                Computer::displayFeatures()
                0x00000000c000eed0                Computer::rdmsr(unsigned int)
                0x00000000c000eefc                Computer::wrmsr(unsigned int, unsigned long long)
                0x00000000c000ef34                Computer::nmiEnabled()
                0x00000000c000ef40                Computer::readCMOS(unsigned char)
                0x00000000c000ef5a                Computer::enableNMI(bool)
                0x00000000c000ef72                Computer::open(int, int, void*)
                0x00000000c000f048                Computer::disableNMI()
                0x00000000c000f056                Computer::writeCMOS(unsigned char, unsigned char)
                0x00000000c000f074                Computer::handleNMI()
                0x00000000c000f0da                Computer::setDiskActivityLight(int, bool)
 *fill*         0x00000000c000f105        0x1 
 .text          0x00000000c000f106      0x1b7 core/gdt.32
                0x00000000c000f106                GDTEntry::setBase(unsigned int)
                0x00000000c000f122                GDTEntry::setLimit(unsigned int)
                0x00000000c000f140                GDT::GDT()
                0x00000000c000f140                GDT::GDT()
                0x00000000c000f156                GDT::addEntry(GDTEntry)
                0x00000000c000f192                GDT::getNumberOfEntries()
                0x00000000c000f19a                GDT::flush()
                0x00000000c000f1bc                GDT::setup()
 .text          0x00000000c000f2bd       0x6b core/idle.32
                0x00000000c000f2bd                idleFunction(void*)
 .text          0x00000000c000f328      0x45f core/idt.32
                0x00000000c000f328                IDTEntry::IDTEntry(bool)
                0x00000000c000f328                IDTEntry::IDTEntry(bool)
                0x00000000c000f396                IDTEntry::setOffset(unsigned int)
                0x00000000c000f3aa                IDT::IDT()
                0x00000000c000f3aa                IDT::IDT()
                0x00000000c000f3ac                IDT::getPointerToInvalidOpcodeEntryForF00F()
                0x00000000c000f3b4                IDT::addEntry(IDTEntry, int)
                0x00000000c000f3ce                IDT::addEntry(int, void (*)(), bool)
                0x00000000c000f406                IDT::flush()
                0x00000000c000f420                IDT::setup()
 .text          0x00000000c000f787      0x205 core/kheap.32
                0x00000000c000f787                sbrk
                0x00000000c000f895                mmap
                0x00000000c000f8ab                munmap
                0x00000000c000f8c1                liballoc_lock()
                0x00000000c000f8ce                liballoc_unlock()
                0x00000000c000f8e2                liballoc_alloc(int)
                0x00000000c000f900                liballoc_free(void*, int)
                0x00000000c000f91e                realloc
                0x00000000c000f932                malloc
                0x00000000c000f942                free
                0x00000000c000f952                rfree
                0x00000000c000f962                calloc
 .text          0x00000000c000f98c      0x44f core/main.32
                0x00000000c000f98c                hwTextMode_loadInData(VgaText*)
                0x00000000c000f9d1                hwTextMode_loadInTitle(VgaText*, char*)
                0x00000000c000fa3d                hwTextMode_showCursor(VgaText*, bool)
                0x00000000c000fa98                hwTextMode_update(VgaText*)
                0x00000000c000fa99                hwTextMode_updateCursor(VgaText*)
                0x00000000c000fae1                hwTextMode_disableBlink(VgaText*, bool)
                0x00000000c000fb27                hwTextMode_scrollScreen(VgaText*)
                0x00000000c000fbc8                hwTextMode_writeCharacter(VgaText*, char, VgaColour, VgaColour, int, int)
                0x00000000c000fc47                setupTextMode()
                0x00000000c000fcb7                kernel_main
 .text          0x00000000c000fddb      0x56c core/physmgr.32
                0x00000000c000fddb                Phys::allocateDMA(unsigned long)
                0x00000000c000fe7e                Phys::freeDMA(unsigned long, unsigned long)
                0x00000000c000fec6                Phys::setPageState(unsigned long, bool)
                0x00000000c000fef8                Phys::getPageState(unsigned long)
                0x00000000c000ff14                Phys::freePage(unsigned long)
                0x00000000c000ff9e                Phys::allocatePage()
                0x00000000c0010083                Phys::allocateContiguousPages(int)
                0x00000000c00100df                Phys::allowSegmentToBeUsed(unsigned long, unsigned long)
                0x00000000c0010117                Phys::physicalMemorySetup(unsigned int)
 *fill*         0x00000000c0010347        0x1 
 .text          0x00000000c0010348      0x27f core/pipe.32
                0x00000000c0010348                Pipe::isAtty()
                0x00000000c001034c                Pipe::~Pipe()
                0x00000000c001034c                Pipe::~Pipe()
                0x00000000c0010370                Pipe::~Pipe()
                0x00000000c0010398                Pipe::read(unsigned long long, void*, int*)
                0x00000000c0010498                Pipe::write(unsigned long long, void*, int*)
                0x00000000c0010560                Pipe::Pipe(int)
                0x00000000c0010560                Pipe::Pipe(int)
 *fill*         0x00000000c00105c7        0x1 
 .text          0x00000000c00105c8      0xe4d core/terminal.32
                0x00000000c00105c8                VgaText::isAtty()
                0x00000000c00105cc                VgaText::~VgaText()
                0x00000000c00105cc                VgaText::~VgaText()
                0x00000000c00105f0                VgaText::~VgaText()
                0x00000000c001061a                VgaText::read(unsigned long long, void*, int*)
                0x00000000c001063a                setTerminalScrollLock(bool)
                0x00000000c001063b                addToTerminalCycle(VgaText*)
                0x00000000c001065c                installVgaTextImplementation()
                0x00000000c0010671                scrollTerminalScrollLock(int)
                0x00000000c0010672                VgaText::load()
                0x00000000c00106c0                VgaText::updateCursor()
                0x00000000c00106d6                VgaText::showCursor(bool)
                0x00000000c00106e2                VgaText::disableBlink(bool)
                0x00000000c0010716                VgaText::doANSI_SGR(int)
                0x00000000c001078a                VgaText::setDefaultBgColour(VgaColour)
                0x00000000c001079a                VgaText::setDefaultFgColour(VgaColour)
                0x00000000c00107aa                VgaText::setDefaultColours(VgaColour, VgaColour)
                0x00000000c00107ca                VgaText::combineColours(unsigned char, unsigned char)
                0x00000000c00107dc                VgaText::scrollScreen()
                0x00000000c0010870                VgaText::combineCharAndColour(char, unsigned char)
                0x00000000c0010882                VgaText::writeCharacter(char, VgaColour, VgaColour, int, int)
                0x00000000c00108de                VgaText::getCursorX()
                0x00000000c00108e6                VgaText::getCursorY()
                0x00000000c00108ee                VgaText::setCursor(int, int)
                0x00000000c0010906                VgaText::setCursorX(int)
                0x00000000c001091e                VgaText::setCursorY(int)
                0x00000000c0010936                VgaText::incrementCursor(bool)
                0x00000000c001098a                VgaText::updateRAMUsageDisplay(int)
                0x00000000c00109ee                VgaText::updateDiskUsage()
                0x00000000c0010b58                VgaText::updateTitle()
                0x00000000c0010b9c                VgaText::setTitleTextColour(VgaColour)
                0x00000000c0010baa                VgaText::setTitleColour(VgaColour)
                0x00000000c0010bb8                VgaText::setTitle(char*)
                0x00000000c0010bde                VgaText::decrementCursor(bool)
                0x00000000c0010c00                VgaText::putchar(char, VgaColour, VgaColour)
                0x00000000c0010cd8                VgaText::isShowingCursor()
                0x00000000c0010ce0                VgaText::isBlinkDisabled()
                0x00000000c0010cec                VgaText::setCursorHeight(int)
                0x00000000c0010d04                VgaText::getCursorHeight()
                0x00000000c0010d0c                setActiveTerminal(VgaText*)
                0x00000000c0010db2                doTerminalCycle()
                0x00000000c0010dcc                VgaText::doUpdate()
                0x00000000c0010dda                VgaText::puts(char const*, VgaColour, VgaColour)
                0x00000000c0010f52                VgaText::clearScreen()
                0x00000000c0010fac                VgaText::putchar(char)
                0x00000000c0011098                VgaText::puts(char const*)
                0x00000000c00110be                VgaText::putx(unsigned int)
                0x00000000c0011104                VgaText::VgaText(char const*)
                0x00000000c0011104                VgaText::VgaText(char const*)
                0x00000000c00112b4                VgaText::receiveKey(unsigned char)
                0x00000000c001139c                VgaText::write(unsigned long long, void*, int*)
                0x00000000c00113f0                newTerminal(char*)
 *fill*         0x00000000c0011415        0x1 
 .text          0x00000000c0011416      0x1b3 core/tss.32
                0x00000000c0011416                TSS::TSS()
                0x00000000c0011416                TSS::TSS()
                0x00000000c0011424                TSS::setESP(unsigned long)
                0x00000000c0011436                TSS::flush()
                0x00000000c0011456                TSS::setup(unsigned long, unsigned long)
 *fill*         0x00000000c00115c9        0x1 
 .text          0x00000000c00115ca      0x4c2 core/unixfile.32
                0x00000000c00115ca                ReservedFilename::read(unsigned long long, void*, int*)
                0x00000000c0011620                ReservedFilename::isAtty()
                0x00000000c001163c                ReservedFilename::write(unsigned long long, void*, int*)
                0x00000000c001169a                UnixFile::getFileDescriptor()
                0x00000000c00116a2                UnixFile::UnixFile(int)
                0x00000000c00116a2                UnixFile::UnixFile(int)
                0x00000000c0011852                ReservedFilename::ReservedFilename(int)
                0x00000000c0011852                ReservedFilename::ReservedFilename(int)
                0x00000000c0011884                UnixFile::~UnixFile()
                0x00000000c0011884                UnixFile::~UnixFile()
                0x00000000c001191c                UnixFile::~UnixFile()
                0x00000000c0011944                ReservedFilename::~ReservedFilename()
                0x00000000c0011944                ReservedFilename::~ReservedFilename()
                0x00000000c0011968                ReservedFilename::~ReservedFilename()
                0x00000000c001198f                getFromFileDescriptor(int)
 .text          0x00000000c0011a8c     0x12ff core/virtmgr.32
                0x00000000c0011a8c                Virt::setPageState(unsigned long, Virt::VirtPageState)
                0x00000000c0011ac1                Virt::getPageState(unsigned long)
                0x00000000c0011ae5                Virt::allocateKernelVirtualPages(int)
                0x00000000c0011bf6                Virt::freeSwapfilePage(unsigned long)
                0x00000000c0011c14                Virt::swapIDToSector(unsigned long)
                0x00000000c0011c26                Virt::allocateSwapfilePage()
                0x00000000c0011ca4                Virt::virtualMemorySetup()
                0x00000000c0011d23                Virt::swappingSetup()
                0x00000000c0011d24                Virt::getAKernelVAS()
                0x00000000c0011d2a                Virt::setupPageSwapping(int)
                0x00000000c0011ef6                VAS::VAS()
                0x00000000c0011ef6                VAS::VAS()
                0x00000000c0011f32                VAS::VAS(VAS*)
                0x00000000c0011f32                VAS::VAS(VAS*)
                0x00000000c0011f60                VAS::getForeignPageTableEntry(bool, unsigned long)
                0x00000000c0011f8c                VAS::getPageTableEntry(unsigned long)
                0x00000000c0011fab                Virt::freeKernelVirtualPages(unsigned long)
                0x00000000c00120ce                VAS::freeAllocatedPages(unsigned long)
                0x00000000c00120f2                VAS::virtualToPhysical(unsigned long)
                0x00000000c001210a                VAS::reflagRange(unsigned long, int, int, int)
                0x00000000c001214a                VAS::setToWriteCombining(unsigned long, int)
                0x00000000c001217c                VAS::mapOtherVASIn(bool, VAS*)
                0x00000000c00121a6                VAS::~VAS()
                0x00000000c00121a6                VAS::~VAS()
                0x00000000c0012322                VAS::mapPage(unsigned long, unsigned long, int)
                0x00000000c0012422                VAS::allocatePages(int, int)
                0x00000000c00125fa                VAS::setCPUSpecific(unsigned long)
                0x00000000c0012616                VAS::mapRange(unsigned long, unsigned long, int, int)
                0x00000000c00126dc                VAS::mapForeignPage(bool, VAS*, unsigned long, unsigned long, int)
                0x00000000c00127ca                VAS::VAS(bool)
                0x00000000c00127ca                VAS::VAS(bool)
                0x00000000c0012a4c                VAS::evict(unsigned long)
                0x00000000c0012b0e                VAS::tryLoadBackOffDisk(unsigned long)
                0x00000000c0012c1e                VAS::scanForEviction()
                0x00000000c0012ccf                mapVASFirstTime
 .text          0x00000000c0012d8b       0x95 coreobjs/c++.32
                0x00000000c0012d8b                __cxa_atexit
                0x00000000c0012d8e                __cxa_finalize
                0x00000000c0012d8f                __stack_chk_fail
                0x00000000c0012dfb                __cxa_pure_virtual
                0x00000000c0012e0c                operator new[](unsigned long)
                0x00000000c0012e11                operator delete(void*, unsigned long)
                0x00000000c0012e16                operator delete[](void*)
                0x00000000c0012e1b                operator delete[](void*, unsigned long)
 .text          0x00000000c0012e20      0x1ef dbg/kconsole.32
                0x00000000c0012e20                Dbg::stringifyxWithBase(unsigned int, char*, int)
                0x00000000c0012e81                Dbg::logc(char)
                0x00000000c0012e98                Dbg::logs(char*)
                0x00000000c0012eb5                Dbg::logWriteInt(unsigned int)
                0x00000000c0012ed2                Dbg::logWriteIntBase(unsigned int, int)
                0x00000000c0012ef1                Dbg::kprintf(char const*, ...)
 *fill*         0x00000000c001300f        0x1 
 .text          0x00000000c0013010      0xb82 fs/vfs.32
                0x00000000c0013010                File::read(unsigned long long, void*, int*)
                0x00000000c0013068                File::write(unsigned long long, void*, int*)
                0x00000000c00130c0                Directory::read(unsigned long long, void*, int*)
                0x00000000c0013118                Directory::write(unsigned long long, void*, int*)
                0x00000000c0013146                File::isAtty()
                0x00000000c001314a                Directory::isAtty()
                0x00000000c001314e                Filesystem::getlabel(LogicalDisk*, int, char*, unsigned int*)
                0x00000000c0013154                Filesystem::setlabel(LogicalDisk*, int, char*)
                0x00000000c001315a                Filesystem::getFileFirstSector(char const*)
                0x00000000c0013160                File::~File()
                0x00000000c0013160                File::~File()
                0x00000000c0013184                File::~File()
                0x00000000c00131ae                Directory::~Directory()
                0x00000000c00131ae                Directory::~Directory()
                0x00000000c00131d2                Directory::~Directory()
                0x00000000c00131fc                Filesystem::Filesystem()
                0x00000000c00131fc                Filesystem::Filesystem()
                0x00000000c0013220                Filesystem::~Filesystem()
                0x00000000c0013220                Filesystem::~Filesystem()
                0x00000000c001322e                Filesystem::~Filesystem()
                0x00000000c0013252                Fs::getcwd(Process*, char*, int)
                0x00000000c001327c                Fs::initVFS()
                0x00000000c00132a6                Fs::standardiseFiles(char*, char const*, char const*)
                0x00000000c0013450                File::File(char const*, Process*)
                0x00000000c0013450                File::File(char const*, Process*)
                0x00000000c00134b4                File::open(FileOpenMode)
                0x00000000c0013512                File::close()
                0x00000000c0013572                File::seek(unsigned long long)
                0x00000000c00135c8                File::tell(unsigned long long*)
                0x00000000c0013618                File::rewind()
                0x00000000c001362c                File::unlink()
                0x00000000c0013678                File::rename(char const*)
                0x00000000c00136c6                File::chfatattr(unsigned char, unsigned char)
                0x00000000c0013722                File::exists()
                0x00000000c0013760                File::stat(unsigned long long*, bool*)
                0x00000000c00137c1                Fs::setcwd(Process*, char*)
                0x00000000c00138fc                Directory::Directory(char const*, Process*)
                0x00000000c00138fc                Directory::Directory(char const*, Process*)
                0x00000000c0013960                Directory::open()
                0x00000000c00139bc                Directory::close()
                0x00000000c0013a1c                Directory::unlink()
                0x00000000c0013a68                Directory::rename(char const*)
                0x00000000c0013ab6                Directory::exists()
                0x00000000c0013af4                Directory::read(dirent*)
                0x00000000c0013b40                Directory::create()
                0x00000000c0013b8c                Filesystem::chfatattr(char const*, unsigned char, unsigned char)
 .text          0x00000000c0013b92       0x84 hal/bus.32
                0x00000000c0013b92                Bus::Bus(char const*)
                0x00000000c0013b92                Bus::Bus(char const*)
                0x00000000c0013bc8                Bus::~Bus()
                0x00000000c0013bc8                Bus::~Bus()
                0x00000000c0013bec                Bus::~Bus()
 .text          0x00000000c0013c16      0x156 hal/buzzer.32
                0x00000000c0013c16                Buzzer::Buzzer(char const*)
                0x00000000c0013c16                Buzzer::Buzzer(char const*)
                0x00000000c0013c5a                Buzzer::~Buzzer()
                0x00000000c0013c5a                Buzzer::~Buzzer()
                0x00000000c0013c7e                Buzzer::~Buzzer()
                0x00000000c0013ca8                Buzzer::stop()
                0x00000000c0013cbb                beepThread(void*)
                0x00000000c0013cfe                Buzzer::beep(int, int, bool)
 .text          0x00000000c0013d6c      0x467 hal/clock.32
                0x00000000c0013d6c                User::loadClockSettings(int)
                0x00000000c0013dbe                Clock::Clock(char const*)
                0x00000000c0013dbe                Clock::Clock(char const*)
                0x00000000c0013df4                Clock::~Clock()
                0x00000000c0013df4                Clock::~Clock()
                0x00000000c0013e18                Clock::~Clock()
                0x00000000c0013e42                Clock::timeInSecondsLocal()
                0x00000000c0013e8a                Clock::setTimeInSecondsLocal(unsigned long long)
                0x00000000c0013ee3                datetimeToSeconds(datetime_t)
                0x00000000c001400a                Clock::setTimeInDatetimeLocal(datetime_t)
                0x00000000c001406a                secondsToDatetime(unsigned long long)
                0x00000000c00141ae                Clock::timeInDatetimeLocal()
 *fill*         0x00000000c00141d3        0x1 
 .text          0x00000000c00141d4      0x4ec hal/device.32
                0x00000000c00141d4                Device::hibernate()
                0x00000000c00141d6                Device::wake()
                0x00000000c00141d8                Device::detect()
                0x00000000c00141da                Device::disableLegacy()
                0x00000000c00141dc                Device::powerSaving(PowerSavingLevel)
                0x00000000c00141de                DriverlessDevice::close(int, int, void*)
                0x00000000c00141e2                DriverlessDevice::detect()
                0x00000000c00141e4                DriverlessDevice::open(int, int, void*)
                0x00000000c00141f8                Device::~Device()
                0x00000000c00141f8                Device::~Device()
                0x00000000c0014206                Device::~Device()
                0x00000000c001422e                Device::findAndLoadDriver()
                0x00000000c0014230                Device::preOpenPCI(PCIDeviceInfo)
                0x00000000c0014256                Device::preOpenACPI(void*, char*, char*)
                0x00000000c00142aa                Device::addIRQHandler(int, void (*)(regs*, void*), bool, void*)
                0x00000000c00142e8                Device::removeIRQHandler(int, void (*)(regs*, void*), bool)
                0x00000000c0014326                Device::addChild(Device*)
                0x00000000c001436a                Device::removeAllChildren()
                0x00000000c00143b0                Device::hibernateAll()
                0x00000000c00143e0                Device::wakeAll()
                0x00000000c0014410                Device::detectAll()
                0x00000000c0014440                Device::disableLegacyAll()
                0x00000000c0014470                Device::loadDriversForAll()
                0x00000000c001449c                Device::closeAll()
                0x00000000c00144d2                Device::powerSavingAll(PowerSavingLevel)
                0x00000000c0014508                Device::setName(char const*)
                0x00000000c0014516                Device::Device(char const*)
                0x00000000c0014516                Device::Device(char const*)
                0x00000000c0014612                Device::getName()
                0x00000000c001461c                DriverlessDevice::DriverlessDevice(char const*)
                0x00000000c001461c                DriverlessDevice::DriverlessDevice(char const*)
                0x00000000c0014652                Device::addToLinkedList(LinkedList<Device>&, DeviceType)
                0x00000000c0014696                getDevicesOfType(DeviceType)
 .text          0x00000000c00146c0       0x84 hal/diskctrl.32
                0x00000000c00146c0                HardDiskController::HardDiskController(char const*)
                0x00000000c00146c0                HardDiskController::HardDiskController(char const*)
                0x00000000c00146f6                HardDiskController::~HardDiskController()
                0x00000000c00146f6                HardDiskController::~HardDiskController()
                0x00000000c001471a                HardDiskController::~HardDiskController()
 .text          0x00000000c0014744       0xf2 hal/diskphys.32
                0x00000000c0014744                PhysicalDisk::eject()
                0x00000000c0014758                PhysicalDisk::PhysicalDisk(char const*, int)
                0x00000000c0014758                PhysicalDisk::PhysicalDisk(char const*, int)
                0x00000000c00147c0                PhysicalDisk::startCache()
                0x00000000c00147e8                PhysicalDisk::~PhysicalDisk()
                0x00000000c00147e8                PhysicalDisk::~PhysicalDisk()
                0x00000000c001480c                PhysicalDisk::~PhysicalDisk()
 .text          0x00000000c0014836      0x13b hal/fpu.32
                0x00000000c0014836                FPU::FPU(char const*)
                0x00000000c0014836                FPU::FPU(char const*)
                0x00000000c001486c                FPU::~FPU()
                0x00000000c001486c                FPU::~FPU()
                0x00000000c0014890                FPU::~FPU()
                0x00000000c00148ba                setupFPU()
 *fill*         0x00000000c0014971        0x1 
 .text          0x00000000c0014972     0x1439 hal/intctrl.32
                0x00000000c0014972                InterruptController::uninstallISRHandler(int, void (*)(regs*, void*))
                0x00000000c00149aa                InterruptController::installISRHandler(int, void (*)(regs*, void*), void*)
                0x00000000c00149fc                doubleFault(regs*, void*)
                0x00000000c0014a16                InterruptController::installIRQHandler(int, void (*)(regs*, void*), bool, void*)
                0x00000000c0014ab2                InterruptController::clearAllHandlers(int, bool)
                0x00000000c0014b5a                InterruptController::uninstallIRQHandler(int, void (*)(regs*, void*), bool)
                0x00000000c0014be1                nmiHandler(regs*, void*)
                0x00000000c0014bef                int_handler
                0x00000000c0014c90                InterruptController::InterruptController(char const*)
                0x00000000c0014c90                InterruptController::InterruptController(char const*)
                0x00000000c0014d36                InterruptController::~InterruptController()
                0x00000000c0014d36                InterruptController::~InterruptController()
                0x00000000c0014d5a                InterruptController::~InterruptController()
                0x00000000c0014d84                displayDebugInfo(regs*)
                0x00000000c0015213                x87EmulHandler(regs*, void*)
                0x00000000c0015286                gpFault(regs*, void*)
                0x00000000c00152bf                pgFault(regs*, void*)
                0x00000000c00152fb                otherISRHandler(regs*, void*)
                0x00000000c001531a                opcodeFault(regs*, void*)
                0x00000000c0015937                displayProgramFault(char const*)
                0x00000000c001595f                setupInterruptController()
                0x00000000c0015d5e                InterruptController::convertLegacyIRQNumber(int)
 *fill*         0x00000000c0015dab        0x1 
 .text          0x00000000c0015dac      0x794 hal/keybrd.32
                0x00000000c0015dac                startGUI(void*)
                0x00000000c0015e18                startGUIVESA(void*)
                0x00000000c0015e84                sendKeyToTerminal(unsigned char)
                0x00000000c0015f42                sendKeyboardToken(KeyboardToken)
                0x00000000c001637f                clearInternalKeybuffer(VgaText*)
                0x00000000c00163b4                readKeyboard(VgaText*, char*, unsigned long)
                0x00000000c00164b6                Keyboard::Keyboard(char const*)
                0x00000000c00164b6                Keyboard::Keyboard(char const*)
                0x00000000c00164f2                Keyboard::~Keyboard()
                0x00000000c00164f2                Keyboard::~Keyboard()
                0x00000000c0016516                Keyboard::~Keyboard()
 .text          0x00000000c0016540      0x414 hal/logidisk.32
                0x00000000c0016540                LogicalDisk::close(int, int, void*)
                0x00000000c0016544                LogicalDisk::~LogicalDisk()
                0x00000000c0016544                LogicalDisk::~LogicalDisk()
                0x00000000c0016568                LogicalDisk::~LogicalDisk()
                0x00000000c0016592                LogicalDisk::open(int, int, void*)
                0x00000000c00165a6                LogicalDisk::absoluteToRelative(unsigned long long)
                0x00000000c00165de                LogicalDisk::relativeToAbsolute(unsigned long long)
                0x00000000c0016624                LogicalDisk::LogicalDisk(char const*, PhysicalDisk*, unsigned long long, unsigned long long)
                0x00000000c0016624                LogicalDisk::LogicalDisk(char const*, PhysicalDisk*, unsigned long long, unsigned long long)
                0x00000000c00166da                LogicalDisk::assignDriveLetter()
                0x00000000c0016790                LogicalDisk::mount()
                0x00000000c0016802                LogicalDisk::unmount()
                0x00000000c0016812                LogicalDisk::eject()
                0x00000000c0016826                LogicalDisk::unassignDriveLetter()
                0x00000000c001687c                LogicalDisk::read(unsigned long long, int, void*)
                0x00000000c00168e8                LogicalDisk::write(unsigned long long, int, void*)
 .text          0x00000000c0016954       0x84 hal/mouse.32
                0x00000000c0016954                Mouse::Mouse(char const*)
                0x00000000c0016954                Mouse::Mouse(char const*)
                0x00000000c001698a                Mouse::~Mouse()
                0x00000000c001698a                Mouse::~Mouse()
                0x00000000c00169ae                Mouse::~Mouse()
 .text          0x00000000c00169d8      0x359 hal/partition.32
                0x00000000c00169d8                makePartition(PhysicalDisk*, unsigned long long, unsigned long long)
                0x00000000c0016aa0                createPartitionsForDisk(PhysicalDisk*)
 *fill*         0x00000000c0016d31        0x1 
 .text          0x00000000c0016d32       0x84 hal/serial.32
                0x00000000c0016d32                Serial::Serial(char const*)
                0x00000000c0016d32                Serial::Serial(char const*)
                0x00000000c0016d68                Serial::~Serial()
                0x00000000c0016d68                Serial::~Serial()
                0x00000000c0016d8c                Serial::~Serial()
 .text          0x00000000c0016db6      0x2f3 hal/timer.32
                0x00000000c0016db6                Timer::Timer(char const*)
                0x00000000c0016db6                Timer::Timer(char const*)
                0x00000000c0016dec                Timer::~Timer()
                0x00000000c0016dec                Timer::~Timer()
                0x00000000c0016e10                Timer::~Timer()
                0x00000000c0016e3a                Timer::read()
                0x00000000c0016e45                timerHandler(unsigned long long)
                0x00000000c0016fb7                setupTimer(int)
 *fill*         0x00000000c00170a9        0x1 
 .text          0x00000000c00170aa      0x425 hal/vcache.32
                0x00000000c00170aa                VCache::VCache(PhysicalDisk*)
                0x00000000c00170aa                VCache::VCache(PhysicalDisk*)
                0x00000000c0017212                VCache::invalidateReadBuffer()
                0x00000000c0017222                VCache::writeWriteBuffer()
                0x00000000c001725e                VCache::~VCache()
                0x00000000c001725e                VCache::~VCache()
                0x00000000c00172b2                VCache::~VCache()
                0x00000000c00172da                VCache::write(unsigned long long, int, void*)
                0x00000000c00173d0                VCache::read(unsigned long long, int, void*)
 *fill*         0x00000000c00174cf        0x1 
 .text          0x00000000c00174d0      0x4cd hal/video.32
                0x00000000c00174d0                Video::putrect(int, int, int, int, unsigned int)
                0x00000000c001751c                Video::bitblit(int, int, int, int, int, int, int, unsigned int*)
                0x00000000c001758c                Video::blit(unsigned int*, int, int, int, int)
                0x00000000c001760a                Video::clearScreen(unsigned int)
                0x00000000c001763e                Video::putpixel(int, int, unsigned int)
                0x00000000c001764c                Video::Video(char const*)
                0x00000000c001764c                Video::Video(char const*)
                0x00000000c0017682                Video::~Video()
                0x00000000c0017682                Video::~Video()
                0x00000000c00176a6                Video::~Video()
                0x00000000c00176d0                Video::isMonochrome()
                0x00000000c00176dc                Video::getWidth()
                0x00000000c00176e8                Video::getHeight()
                0x00000000c00176f4                Video::drawCursor(int, int, unsigned char*, int)
                0x00000000c00177b0                Video::tgaParse(unsigned char*, int, int*, int*)
                0x00000000c0017932                Video::putTGA(int, int, unsigned char*, int)
 *fill*         0x00000000c001799d        0x1 
 .text          0x00000000c001799e     0x10bf hw/acpi.32
                0x00000000c001799e                ACPI::close(int, int, void*)
                0x00000000c0017a53                findRSDP()
                0x00000000c0017aed                loadACPITables(unsigned char*)
                0x00000000c0017d14                findRSDT(unsigned char*)
                0x00000000c0017e32                findDataTable(unsigned char*, char*)
                0x00000000c0017ece                scanMADT()
                0x00000000c0018354                ACPI::ACPI()
                0x00000000c0018354                ACPI::ACPI()
                0x00000000c00183be                ACPI::getPCIIRQAssignment(unsigned char, unsigned short, unsigned char)
                0x00000000c00184a0                ACPI::registerPCIIRQAssignment(void*, unsigned short, unsigned char, unsigned char)
                0x00000000c0018566                ACPI::setScreenBrightnessLevel(void*, int)
                0x00000000c001856c                ACPI::writeSimpleBootFlag(SimpleBootFlagTable*)
                0x00000000c00185b4                ACPI::sleep()
                0x00000000c00185cc                ACPI::open(int, int, void*)
 *fill*         0x00000000c0018a5d        0x1 
 .text          0x00000000c0018a5e     0x1715 hw/cpu.32
                0x00000000c0018a5e                CPU::close(int, int, void*)
                0x00000000c0018a62                CPU::lookupAMDName(unsigned char, unsigned char)
                0x00000000c0018bf6                CPU::lookupIntelName(unsigned char, unsigned char)
                0x00000000c0018ea4                CPU::AMD_K6_write_msr(unsigned int, unsigned int, unsigned int, CPU::REGS*)
                0x00000000c0018ec0                CPU::AMD_K6_read_msr(unsigned int, CPU::REGS*)
                0x00000000c0018ed8                CPU::AMD_K6_writeback(int, int, int)
                0x00000000c0018f4c                CPU::cpuid(int, unsigned long*, unsigned long*, unsigned long*, unsigned long*)
                0x00000000c0018fd0                CPU::cpuidCheckEDX(unsigned int)
                0x00000000c0018ffe                CPU::cpuidCheckECX(unsigned int)
                0x00000000c001902c                CPU::cpuidCheckExtendedEBX(unsigned int)
                0x00000000c001905a                CPU::cpuidCheckExtendedECX(unsigned int)
                0x00000000c0019088                CPU::CPU()
                0x00000000c0019088                CPU::CPU()
                0x00000000c0019116                CPU::displayFeatures()
                0x00000000c0019392                CPU::detectFeatures()
                0x00000000c0019d82                CPU::setupSMEP()
                0x00000000c0019d8e                CPU::setupUMIP()
                0x00000000c0019d98                CPU::setupTSC()
                0x00000000c0019da2                CPU::setupLargePages()
                0x00000000c0019dac                CPU::setupPAT()
                0x00000000c0019de8                CPU::setupMTRR()
                0x00000000c0019dea                CPU::setupGlobalPages()
                0x00000000c0019df4                CPU::allowUsermodeDataAccess()
                0x00000000c0019e06                CPU::prohibitUsermodeDataAccess()
                0x00000000c0019e18                CPU::setupSMAP()
                0x00000000c0019e26                CPU::setupFeatures()
                0x00000000c0019ea6                CPU::open(int, int, void*)
                0x00000000c0019f78                CPU::decodeAddress(regs*, int*, bool*, unsigned char*)
 .text          0x00000000c001a173        0x0 hw/ports.32
 .text          0x00000000c001a173      0x16a hw/smp.32
                0x00000000c001a173                Krnl::smpEntry()
                0x00000000c001a175                Krnl::startCPU(int)
                0x00000000c001a2be                Krnl::startCPUs()
 *fill*         0x00000000c001a2dd        0x1 
 .text          0x00000000c001a2de      0x5d3 krnl/env.32
                0x00000000c001a2de                EnvVarContainer::getEnv(char const*)
                0x00000000c001a31c                EnvVarContainer::setEnv(char const*, char const*)
                0x00000000c001a3e8                EnvVarContainer::deleteEnv(char const*)
                0x00000000c001a3ea                EnvVarContainer::loadFrom(char const*, char const*)
                0x00000000c001a5e0                EnvVarContainer::__loadSystem()
                0x00000000c001a5fa                EnvVarContainer::__loadUser()
                0x00000000c001a5fc                EnvVarContainer::EnvVarContainer(Process*)
                0x00000000c001a5fc                EnvVarContainer::EnvVarContainer(Process*)
                0x00000000c001a61e                EnvVarContainer::~EnvVarContainer()
                0x00000000c001a61e                EnvVarContainer::~EnvVarContainer()
                0x00000000c001a64e                Krnl::getEnv(Process*, char const*)
                0x00000000c001a6b3                Krnl::setEnvSystem(char const*, char const*)
                0x00000000c001a6cd                Krnl::setEnvUser(char const*, char const*)
                0x00000000c001a6ec                Krnl::setEnvProcess(Process*, char const*, char const*)
                0x00000000c001a6ff                Krnl::deleteEnvSystem(char const*)
                0x00000000c001a700                Krnl::deleteEnvUser(char const*)
                0x00000000c001a701                Krnl::deleteEnvProcess(Process*, char const*)
                0x00000000c001a702                Krnl::newProcessEnv(Process*)
                0x00000000c001a724                Krnl::copyProcessEnv(Process*, Process*)
                0x00000000c001a778                Krnl::loadSystemEnv()
                0x00000000c001a7a6                Krnl::loadUserEnv()
                0x00000000c001a7cc                Krnl::flushEnv()
                0x00000000c001a7cd                Krnl::getProcessTotalEnvCount(Process*)
                0x00000000c001a7ed                Krnl::getProcessEnvPair(Process*, int)
 .text          0x00000000c001a8b1      0x396 krnl/panic.32
                0x00000000c001a8b1                Krnl::panic(char const*)
 .text          0x00000000c001ac47      0x3b6 net/ethernet.32
                0x00000000c001ac47                Net::switchEndian16(unsigned short)
                0x00000000c001ac68                Net::switchEndian32(unsigned int)
                0x00000000c001ac97                Net::crc32Calc(unsigned char*, int)
                0x00000000c001ad28                Net::wrapEthernetFrame(Net::UnwrappedEthernetFrame, unsigned char*)
                0x00000000c001ae64                Net::unwrapEthernetFrame(unsigned char*, int)
 .text          0x00000000c001affd      0x513 reg/registry.32
                0x00000000c001affd                Reg::findLineFromLoadedData(char*, char*, char*)
                0x00000000c001b155                Reg::getLineFromRegistry(char*, char*, char*, char*)
                0x00000000c001b2aa                Reg::getLine(char*, char*, char*)
                0x00000000c001b2e1                Reg::readInt(char*, char*, int*)
                0x00000000c001b3cc                Reg::readString(char*, char*, char*, int)
                0x00000000c001b44d                Reg::readBool(char*, char*, bool*)
                0x00000000c001b472                Reg::readBoolWithDefault(char*, char*, bool)
                0x00000000c001b49e                Reg::readIntWithDefault(char*, char*, int)
                0x00000000c001b4ca                Reg::readStringWithDefault(char*, char*, char*, int, char*)
 .text          0x00000000c001b510       0x36 sys/sc_eject.32
                0x00000000c001b510                Sys::eject(regs*)
 .text          0x00000000c001b546       0x18 sys/sc_exit.32
                0x00000000c001b546                Sys::exit(regs*)
 .text          0x00000000c001b55e       0x1f sys/sc_getcwd.32
                0x00000000c001b55e                Sys::getCwd(regs*)
 .text          0x00000000c001b57d        0xc sys/sc_getpid.32
                0x00000000c001b57d                Sys::getPID(regs*)
 .text          0x00000000c001b589       0x17 sys/sc_getramdata.32
                0x00000000c001b589                Sys::getRAMData(regs*)
 .text          0x00000000c001b5a0       0x82 sys/sc_getvgaptr.32
                0x00000000c001b5a0                Sys::getVGAPtr(regs*)
 .text          0x00000000c001b622       0xa8 sys/sc_loaddll.32
                0x00000000c001b622                Sys::loadDLL(regs*)
 .text          0x00000000c001b6ca       0x68 sys/sc_read.32
                0x00000000c001b6ca                Sys::read(regs*)
 .text          0x00000000c001b732       0x55 sys/sc_sbrk.32
                0x00000000c001b732                Sys::sbrk(regs*)
 .text          0x00000000c001b787       0x1c sys/sc_setcwd.32
                0x00000000c001b787                Sys::setCwd(regs*)
 .text          0x00000000c001b7a3      0x128 sys/sc_settime.32
                0x00000000c001b7a3                Sys::setTime(regs*)
 .text          0x00000000c001b8cb       0x4a sys/sc_timezone.32
                0x00000000c001b8cb                Sys::timezone(regs*)
 .text          0x00000000c001b915       0x68 sys/sc_write.32
                0x00000000c001b915                Sys::write(regs*)
 .text          0x00000000c001b97d       0x62 sys/sc_wsbe.32
                0x00000000c001b97d                Sys::wsbe(regs*)
 .text          0x00000000c001b9df       0x46 sys/sc_yield.32
                0x00000000c001b9df                Sys::yield(regs*)
 .text          0x00000000c001ba25     0x110c sys/syscalls.32
                0x00000000c001ba25                sysCallSeekDir(regs*)
                0x00000000c001ba2a                sysCallTellDir(regs*)
                0x00000000c001ba2f                sysCallVerify(regs*)
                0x00000000c001ba39                sysFormatDisk(regs*)
                0x00000000c001baa3                sysSetDiskVolumeLabel(regs*)
                0x00000000c001bae9                sysGetDiskVolumeLabel(regs*)
                0x00000000c001bb3a                sysShutdown(regs*)
                0x00000000c001bb98                sysCallRealpath(regs*)
                0x00000000c001bbdb                sysCallGetArgc(regs*)
                0x00000000c001bc09                sysCallReadDir(regs*)
                0x00000000c001bc97                sysCallIsATTY(regs*)
                0x00000000c001bcf1                sysCallSeek(regs*)
                0x00000000c001bd5a                sysCallTell(regs*)
                0x00000000c001bdd7                sysCallSize(regs*)
                0x00000000c001be5a                sysCallSizeFromFilename(regs*)
                0x00000000c001bf1a                sysCallClose(regs*)
                0x00000000c001bfa2                sysCallOpenDir(regs*)
                0x00000000c001c017                sysCallCloseDir(regs*)
                0x00000000c001c07d                sysCallMakeDir(regs*)
                0x00000000c001c0ed                sysCallWait(regs*)
                0x00000000c001c107                sysCallNotImpl(regs*)
                0x00000000c001c122                sysPanic(regs*)
                0x00000000c001c148                sysCallRmdir(regs*)
                0x00000000c001c1ac                sysCallUnlink(regs*)
                0x00000000c001c210                sysCallGetArgv(regs*)
                0x00000000c001c25c                sysCallTTYName(regs*)
                0x00000000c001c2df                sysCallUSleep(regs*)
                0x00000000c001c306                sysCallSpawn(regs*)
                0x00000000c001c37b                sysCallGetEnv(regs*)
                0x00000000c001c4b3                sysAppSettings(regs*)
                0x00000000c001c5d2                sysSetFatAttrib(regs*)
                0x00000000c001c644                sysPipe(regs*)
                0x00000000c001c689                sysGetUnixTime(regs*)
                0x00000000c001c69d                string_ends_with(char const*, char const*)
                0x00000000c001c6e5                sysCallOpen(regs*)
                0x00000000c001c8fa                Sys::loadSyscalls()
                0x00000000c001caef                Sys::systemCall(regs*, void*)
 .text          0x00000000c001cb31     0x1206 thr/elf.32
                0x00000000c001cb31                Thr::allocateMemoryForTask(Process*, File*, unsigned long, unsigned long, unsigned long)
                0x00000000c001cddb                Thr::loadProgramIntoMemory(Process*, char const*)
                0x00000000c001cff1                Thr::runtimeReferenceHelper()
                0x00000000c001d004                Thr::getAddressOfKernelSymbol(char const*)
                0x00000000c001d053                Thr::loadKernelSymbolTable(char const*)
                0x00000000c001d311                Thr::loadDriverIntoMemory(char const*, unsigned long, bool)
                0x00000000c001da47                Thr::getDriverBaseFromAddress(unsigned long)
                0x00000000c001da79                Thr::getDriverNameFromAddress(unsigned long)
                0x00000000c001dab0                Thr::getDriverOffsetFromAddress(unsigned long)
                0x00000000c001daca                Thr::loadDLL(char const*, bool)
                0x00000000c001dcfe                Thr::executeDLL(unsigned long, void*)
 *fill*         0x00000000c001dd37        0x1 
 .text          0x00000000c001dd38     0x1315 thr/prcssthr.32
                0x00000000c001dd38                userModeEntryPoint(void*)
                0x00000000c001dd5e                changeTSS
                0x00000000c001dd8e                switchToThread(ThreadControlBlock*)
                0x00000000c001de38                Process::addArgs(char**)
                0x00000000c001de92                Process::Process(char const*, Process*, char**)
                0x00000000c001de92                Process::Process(char const*, Process*, char**)
                0x00000000c001e076                Process::Process(bool, char const*, Process*, char**)
                0x00000000c001e076                Process::Process(bool, char const*, Process*, char**)
                0x00000000c001e225                taskStartupFunction
                0x00000000c001e22e                Semaphore::Semaphore(int)
                0x00000000c001e22e                Semaphore::Semaphore(int)
                0x00000000c001e25c                Mutex::Mutex()
                0x00000000c001e25c                Mutex::Mutex()
                0x00000000c001e26e                Process::createThread(void (*)(void*), void*, int)
                0x00000000c001e374                Process::createUserThread()
                0x00000000c001e390                setupMultitasking(void (*)())
                0x00000000c001e4b2                schedule()
                0x00000000c001e538                Semaphore::tryAcquire()
                0x00000000c001e5f4                Semaphore::assertLocked(char const*)
                0x00000000c001e663                blockTaskWithSchedulerLockAlreadyHeld(TaskState)
                0x00000000c001e6b1                blockTask(TaskState)
                0x00000000c001e6de                waitTask(int, int*, int)
                0x00000000c001e720                nanoSleepUntil(unsigned long long)
                0x00000000c001e7b5                nanoSleep(unsigned long long)
                0x00000000c001e7cd                sleep(unsigned long long)
                0x00000000c001e7ea                Semaphore::acquire()
                0x00000000c001e88c                taskReturned
                0x00000000c001e8c7                Thr::processFromPID(int)
                0x00000000c001e976                unblockTask(ThreadControlBlock*)
                0x00000000c001ea23                cleanupTerminatedTask(ThreadControlBlock*)
                0x00000000c001ecec                cleanerTaskFunction(void*)
                0x00000000c001ede5                terminateTask(int)
                0x00000000c001ef17                Thr::terminateFromIRQ(int)
                0x00000000c001ef24                Semaphore::release()
 .text          0x00000000c001f04d      0xc58 vm86/vm8086.32
                0x00000000c001f04d                Vm::inbv(unsigned short)
                0x00000000c001f060                Vm::outbv(unsigned short, unsigned char)
                0x00000000c001f0b3                Vm::realToLinear(unsigned short, unsigned short)
                0x00000000c001f0c3                Vm::getSegment(unsigned int)
                0x00000000c001f0cb                Vm::getOffset(unsigned int)
                0x00000000c001f0d0                Vm::mainloop2()
                0x00000000c001f10a                Vm::mainVm8086Loop(void*)
                0x00000000c001f11a                Vm::mainloop3(unsigned long)
                0x00000000c001f140                Vm::initialise8086()
                0x00000000c001f183                Vm::finish8086()
                0x00000000c001f1e4                Vm::getOutput8086(unsigned char*)
                0x00000000c001f20e                Vm::start8086(char const*, unsigned short, unsigned short, unsigned short, unsigned short)
                0x00000000c001f376                Vm::doISR(regs*, int, unsigned char*, unsigned short, unsigned short)
                0x00000000c001f400                Vm::readByteFromReal(unsigned short, unsigned short)
                0x00000000c001f411                Vm::readWordFromReal(unsigned short, unsigned short)
                0x00000000c001f423                Vm::readDwordFromReal(unsigned short, unsigned short)
                0x00000000c001f434                Vm::writeByteFromReal(unsigned short, unsigned short, unsigned char)
                0x00000000c001f449                Vm::writeWordFromReal(unsigned short, unsigned short, unsigned short)
                0x00000000c001f45f                Vm::writeDwordFromReal(unsigned short, unsigned short, unsigned int)
                0x00000000c001f474                Vm::faultHandler(regs*)
 .text          0x00000000c001fca5      0xefd vm86/x87em.32
                0x00000000c001fca5                Vm::fpuInternalTo32(unsigned long long)
                0x00000000c001fd00                Vm::fpuInternalTo64(unsigned long long)
                0x00000000c001fd09                Vm::fpu32ToInternal(unsigned int)
                0x00000000c001fd4e                Vm::fpu64ToInternal(unsigned long long)
                0x00000000c001fd57                Vm::fpuFloatToLong(unsigned long long)
                0x00000000c001fdb2                Vm::fpuULongToFloat(unsigned long long)
                0x00000000c001fde8                Vm::fpuLongToFloat(long long)
                0x00000000c001fe3e                Vm::fpuGet0()
                0x00000000c001fe43                Vm::fpuGet1()
                0x00000000c001fe4b                Vm::fpuGetPi()
                0x00000000c001fe53                Vm::fpuGetLog2E()
                0x00000000c001fe6b                Vm::fpuGetLogE2()
                0x00000000c001fe83                Vm::fpuGetLog210()
                0x00000000c001fe9b                Vm::fpuGetLog102()
                0x00000000c001feb3                Vm::fpuIsSecondLarger(unsigned long long, unsigned long long)
                0x00000000c001fec7                Vm::fpuAreEqual(unsigned long long, unsigned long long)
                0x00000000c001fedd                Vm::fpuUnorderedCompare(unsigned long long, unsigned long long)
                0x00000000c001ff30                Vm::fpuAdd(unsigned long long, unsigned long long)
                0x00000000c001ff41                Vm::fpuAbs(unsigned long long)
                0x00000000c001ff4a                Vm::fpuChs(unsigned long long)
                0x00000000c001ff5a                Vm::fpuSub(unsigned long long, unsigned long long)
                0x00000000c001ff69                Vm::fpuMultiply(unsigned long long, unsigned long long)
                0x00000000c001ff88                Vm::fpuDivide(unsigned long long, unsigned long long)
                0x00000000c001ffa4                Vm::fpuSquare(unsigned long long)
                0x00000000c001ffba                Vm::fpuGetReg(int)
                0x00000000c001fffd                Vm::fpuSetReg(int, unsigned long long)
                0x00000000c0020048                Vm::fpuPush(unsigned long long)
                0x00000000c00200a5                Vm::fpuPop()
                0x00000000c00200f7                Vm::x87Handler(regs*)
 .text          0x00000000c0020ba2     0x11af fs/fat/vfslink.32
                0x00000000c0020ba2                FAT::getName()
                0x00000000c0020ba8                FAT::tell(void*, unsigned long long*)
                0x00000000c0020bdc                FAT::stat(void*, unsigned long long*)
                0x00000000c0020c10                FAT::~FAT()
                0x00000000c0020c10                FAT::~FAT()
                0x00000000c0020c34                FAT::~FAT()
                0x00000000c0020c5c                FAT::getlabel(LogicalDisk*, int, char*, unsigned int*)
                0x00000000c0020cfa                FAT::setlabel(LogicalDisk*, int, char*)
                0x00000000c0020db4                FAT::format(LogicalDisk*, int, char const*, int)
                0x00000000c0020f98                FAT::tryMount(LogicalDisk*, int)
                0x00000000c002119e                FAT::getFileFirstSector(char const*)
                0x00000000c0021260                FAT::readDir(void*, unsigned long, void*, int*)
                0x00000000c0021366                FAT::read(void*, unsigned long, void*, int*)
                0x00000000c00213c0                FAT::write(void*, unsigned long, void*, int*)
                0x00000000c002141a                FAT::close(void*)
                0x00000000c0021466                FAT::closeDir(void*)
                0x00000000c00214b2                FAT::seek(void*, unsigned long long)
                0x00000000c0021506                fatWrapperReadDisk
                0x00000000c002154d                fatWrapperWriteDisk
                0x00000000c0021594                fatWrapperIoctl
                0x00000000c0021698                FAT::FAT()
                0x00000000c0021698                FAT::FAT()
                0x00000000c00216ea                FAT::fixFilepath(char*)
                0x00000000c0021722                FAT::open(char const*, void**, FileOpenMode)
                0x00000000c002184a                FAT::openDir(char const*, void**)
                0x00000000c00218f0                FAT::stat(char const*, unsigned long long*, bool*)
                0x00000000c00219da                FAT::unlink(char const*)
                0x00000000c0021a54                FAT::chfatattr(char const*, unsigned char, unsigned char)
                0x00000000c0021ba8                FAT::rename(char const*, char const*)
                0x00000000c0021c6c                FAT::mkdir(char const*)
                0x00000000c0021ce6                FAT::exists(char const*)
 *fill*         0x00000000c0021d51        0x1 
 .text          0x00000000c0021d52      0xbc1 fs/iso9660/vfslink.32
                0x00000000c0021d52                ISO9660::format(LogicalDisk*, int, char const*, int)
                0x00000000c0021d58                ISO9660::seek(void*, unsigned long long)
                0x00000000c0021d88                ISO9660::tell(void*, unsigned long long*)
                0x00000000c0021dac                ISO9660::getName()
                0x00000000c0021db2                ISO9660::stat(void*, unsigned long long*)
                0x00000000c0021dd6                ISO9660::chfatattr(char const*, unsigned char, unsigned char)
                0x00000000c0021ddc                ISO9660::unlink(char const*)
                0x00000000c0021de2                ISO9660::write(void*, unsigned long, void*, int*)
                0x00000000c0021de8                ISO9660::rename(char const*, char const*)
                0x00000000c0021dee                ISO9660::mkdir(char const*)
                0x00000000c0021df4                ISO9660::close(void*)
                0x00000000c0021e16                ISO9660::closeDir(void*)
                0x00000000c0021e38                ISO9660::~ISO9660()
                0x00000000c0021e38                ISO9660::~ISO9660()
                0x00000000c0021e5c                ISO9660::~ISO9660()
                0x00000000c0021e83                __memmem(unsigned char*, int, unsigned char*, int)
                0x00000000c0021ec5                readSectorFromCDROM(unsigned int, unsigned char*, char)
                0x00000000c0021f2c                ISO9660::tryMount(LogicalDisk*, int)
                0x00000000c0021f7c                ISO9660::read(void*, unsigned long, void*, int*)
                0x00000000c002217c                ISO9660::readDir(void*, unsigned long, void*, int*)
                0x00000000c0022409                readRoot(unsigned int*, unsigned int*, char)
                0x00000000c002245e                readRecursively(char*, unsigned int, unsigned int, unsigned int*, unsigned int*, char, int*)
                0x00000000c0022631                getFileData(char*, unsigned int*, unsigned int*, char, int*)
                0x00000000c00226c0                ISO9660::open(char const*, void**, FileOpenMode)
                0x00000000c0022780                ISO9660::exists(char const*)
                0x00000000c00227a4                ISO9660::stat(char const*, unsigned long long*, bool*)
                0x00000000c0022838                ISO9660::openDir(char const*, void**)
                0x00000000c00228f0                ISO9660::ISO9660()
                0x00000000c00228f0                ISO9660::ISO9660()
 *fill*         0x00000000c0022913        0x1 
 .text          0x00000000c0022914      0x326 hal/sound/sndchannel.32
                0x00000000c0022914                SoundChannel::~SoundChannel()
                0x00000000c0022914                SoundChannel::~SoundChannel()
                0x00000000c0022930                SoundChannel::setSpeed(float)
                0x00000000c002293c                SoundChannel::getSpeed()
                0x00000000c0022944                SoundChannel::setVolume(int)
                0x00000000c0022960                SoundChannel::getVolume()
                0x00000000c0022968                SoundChannel::pause()
                0x00000000c0022972                SoundChannel::SoundChannel(int, int, int, int)
                0x00000000c0022972                SoundChannel::SoundChannel(int, int, int, int)
                0x00000000c0022ac8                SoundChannel::play()
                0x00000000c0022ad2                SoundChannel::paused()
                0x00000000c0022ada                SoundChannel::getSampleRate()
                0x00000000c0022ae2                SoundChannel::getBits()
                0x00000000c0022aea                SoundChannel::getBufferUsed()
                0x00000000c0022af2                SoundChannel::getBufferSize()
                0x00000000c0022afa                SoundChannel::unbuffer(float*, int, int)
                0x00000000c0022b9a                SoundChannel::buffer8(unsigned char*, int)
 .text          0x00000000c0022c3a      0x3d5 hal/sound/sndhw.32
                0x00000000c0022c3a                SoundDevice::SoundDevice(char const*)
                0x00000000c0022c3a                SoundDevice::SoundDevice(char const*)
                0x00000000c0022ca6                SoundDevice::~SoundDevice()
                0x00000000c0022ca6                SoundDevice::~SoundDevice()
                0x00000000c0022d20                SoundDevice::~SoundDevice()
                0x00000000c0022d4a                SoundDevice::getFreeChannelNum()
                0x00000000c0022d64                SoundDevice::addChannel(SoundChannel*)
                0x00000000c0022dd4                SoundDevice::removeChannel(int)
                0x00000000c0022e06                SoundDevice::floatTo8(float*, unsigned char*, int)
                0x00000000c0022eee                SoundDevice::getAudio(int, float*, float*)
 .text          0x00000000c002300f        0x0 hw/bus/isa.32
 *fill*         0x00000000c002300f        0x1 
 .text          0x00000000c0023010      0x795 hw/bus/pci.32
                0x00000000c0023010                PCI::open(int, int, void*)
                0x00000000c0023024                PCI::close(int, int, void*)
                0x00000000c0023028                PCI::PCI()
                0x00000000c0023028                PCI::PCI()
                0x00000000c00230a8                PCI::readBAR8(unsigned int, int)
                0x00000000c00230c4                PCI::readBAR16(unsigned int, int)
                0x00000000c00230e2                PCI::readBAR32(unsigned int, int)
                0x00000000c00230fe                PCI::writeBAR8(unsigned int, unsigned char, int)
                0x00000000c002311e                PCI::writeBAR16(unsigned int, unsigned short, int)
                0x00000000c0023140                PCI::writeBAR32(unsigned int, unsigned int, int)
                0x00000000c0023160                PCI::pciReadWord(unsigned char, unsigned char, unsigned char, unsigned char)
                0x00000000c00231a8                PCI::getVendorID(unsigned char, unsigned char, unsigned char)
                0x00000000c00231ca                PCI::getHeaderType(unsigned char, unsigned char, unsigned char)
                0x00000000c00231ee                PCI::getClassCode(unsigned char, unsigned char, unsigned char)
                0x00000000c0023232                PCI::getProgIF(unsigned char, unsigned char, unsigned char)
                0x00000000c0023256                PCI::getRevisionID(unsigned char, unsigned char, unsigned char)
                0x00000000c0023278                PCI::getInterruptNumber(unsigned char, unsigned char, unsigned char)
                0x00000000c002329a                PCI::getSecondaryBus(unsigned char, unsigned char, unsigned char)
                0x00000000c00232be                PCI::getBARAddress(unsigned char, unsigned char, unsigned char, unsigned char)
                0x00000000c002331e                PCI::pciWriteWord(unsigned char, unsigned char, unsigned char, unsigned char, unsigned short)
                0x00000000c002338a                PCI::pciDetailsToFilepath(PCIDeviceInfo)
                0x00000000c002338e                PCI::checkBus(unsigned char)
                0x00000000c00233b2                PCI::foundDevice(PCIDeviceInfo)
                0x00000000c002353a                PCI::getDeviceData(unsigned char, unsigned char, unsigned char)
                0x00000000c00236e6                PCI::checkDevice(unsigned char, unsigned char)
                0x00000000c0023752                PCI::detect()
 *fill*         0x00000000c00237a5        0x1 
 .text          0x00000000c00237a6      0xc70 hw/diskctrl/ide.32
                0x00000000c00237a6                IDE::close(int, int, void*)
                0x00000000c00237aa                IDE::IDE()
                0x00000000c00237aa                IDE::IDE()
                0x00000000c00237de                IDE::prepareInterrupt(unsigned char)
                0x00000000c00237f0                selectDrive(unsigned char, unsigned char)
                0x00000000c00237f2                IDE::getBase(unsigned char)
                0x00000000c0023804                IDE::write(unsigned char, unsigned char, unsigned char)
                0x00000000c00238c4                IDE::read(unsigned char, unsigned char)
                0x00000000c0023972                IDE::waitInterrupt(unsigned char)
                0x00000000c00239d8                ideChannel0IRQHandler(regs*, void*)
                0x00000000c00239f4                ideChannel1IRQHandler(regs*, void*)
                0x00000000c0023a10                IDE::enableIRQs(unsigned char, bool)
                0x00000000c0023a56                IDE::open(int, int, void*)
                0x00000000c0023e66                IDE::readBuffer(unsigned char, unsigned char, unsigned int, unsigned int)
                0x00000000c0023f32                IDE::detect()
                0x00000000c002421a                IDE::printError(unsigned char, unsigned char, unsigned char)
                0x00000000c00243b0                IDE::polling(unsigned char, unsigned int)
 .text          0x00000000c0024416      0x390 hw/diskctrl/satabus.32
                0x00000000c0024416                SATABus::close(int, int, void*)
                0x00000000c002441a                SATABus::detect()
                0x00000000c002441c                SATABus::SATABus()
                0x00000000c002441c                SATABus::SATABus()
                0x00000000c00244c8                SATABus::findCmdslot(SATABus::tagHBA_PORT volatile*)
                0x00000000c0024510                SATABus::checkType(SATABus::tagHBA_PORT volatile*)
                0x00000000c0024558                SATABus::startCmd(SATABus::tagHBA_PORT volatile*)
                0x00000000c0024578                SATABus::stopCmd(SATABus::tagHBA_PORT volatile*)
                0x00000000c00245a2                SATABus::portRebase(SATABus::tagHBA_PORT volatile*, int)
                0x00000000c00246a8                SATABus::probePort(SATABus::tagHBA_MEM volatile*)
                0x00000000c0024786                SATABus::open(int, int, void*)
 .text          0x00000000c00247a6      0x63c hw/diskphys/ata.32
                0x00000000c00247a6                ATA::close(int, int, void*)
                0x00000000c00247ca                ATA::powerSaving(PowerSavingLevel)
                0x00000000c00247cc                ATA::ATA()
                0x00000000c00247cc                ATA::ATA()
                0x00000000c00247fa                ATA::flush(bool)
                0x00000000c0024844                ATA::readyForCommand()
                0x00000000c0024894                ATA::access(unsigned long long, int, void*, bool)
                0x00000000c0024c1c                ATA::read(unsigned long long, int, void*)
                0x00000000c0024c84                ATA::write(unsigned long long, int, void*)
                0x00000000c0024cec                ATA::detectCHS()
                0x00000000c0024d16                ATA::open(int, int, void*)
 .text          0x00000000c0024de2      0x5bd hw/diskphys/atapi.32
                0x00000000c0024de2                ATAPI::write(unsigned long long, int, void*)
                0x00000000c0024de8                ATAPI::close(int, int, void*)
                0x00000000c0024e0c                ATAPI::ATAPI()
                0x00000000c0024e0c                ATAPI::ATAPI()
                0x00000000c0024e3a                ATAPI::readyForCommand()
                0x00000000c0024e8a                ATAPI::sendPacket(unsigned char*, int, bool, unsigned short*, int)
                0x00000000c002514a                ATAPI::diskRemoved()
                0x00000000c0025166                ATAPI::eject()
                0x00000000c00251ae                ATAPI::diskInserted()
                0x00000000c00251dc                ATAPI::detectMedia()
                0x00000000c0025298                ATAPI::open(int, int, void*)
                0x00000000c0025320                ATAPI::read(unsigned long long, int, void*)
 *fill*         0x00000000c002539f        0x1 
 .text          0x00000000c00253a0      0x455 hw/diskphys/sata.32
                0x00000000c00253a0                SATA::close(int, int, void*)
                0x00000000c00253c4                SATA::powerSaving(PowerSavingLevel)
                0x00000000c00253c6                SATA::open(int, int, void*)
                0x00000000c0025474                SATA::SATA()
                0x00000000c0025474                SATA::SATA()
                0x00000000c00254a2                SATA::access(unsigned long long, int, void*, bool)
                0x00000000c0025708                SATA::read(unsigned long long, int, void*)
                0x00000000c0025770                SATA::write(unsigned long long, int, void*)
 *fill*         0x00000000c00257f5        0x1 
 .text          0x00000000c00257f6      0x500 hw/diskphys/satapi.32
                0x00000000c00257f6                SATAPI::write(unsigned long long, int, void*)
                0x00000000c00257fc                SATAPI::close(int, int, void*)
                0x00000000c0025820                SATAPI::SATAPI()
                0x00000000c0025820                SATAPI::SATAPI()
                0x00000000c002584e                SATAPI::diskRemoved()
                0x00000000c002586a                SATAPI::diskInserted()
                0x00000000c0025898                SATAPI::sendPacket(unsigned char*, int, unsigned long long, unsigned short*, int)
                0x00000000c0025a9c                SATAPI::eject()
                0x00000000c0025ae4                SATAPI::detectMedia()
                0x00000000c0025ba6                SATAPI::open(int, int, void*)
                0x00000000c0025c54                SATAPI::read(unsigned long long, int, void*)
 .text          0x00000000c0025cf6       0x8e hw/fpu/avx.32
                0x00000000c0025cf6                AVX::open(int, int, void*)
                0x00000000c0025d08                AVX::close(int, int, void*)
                0x00000000c0025d1a                AVX::available()
                0x00000000c0025d2c                AVX::save(void*)
                0x00000000c0025d44                AVX::load(void*)
                0x00000000c0025d5c                AVX::AVX()
                0x00000000c0025d5c                AVX::AVX()
 .text          0x00000000c0025d84       0x90 hw/fpu/mmx.32
                0x00000000c0025d84                MMX::available()
                0x00000000c0025d98                MMX::open(int, int, void*)
                0x00000000c0025daa                MMX::close(int, int, void*)
                0x00000000c0025dbc                MMX::save(void*)
                0x00000000c0025dd4                MMX::load(void*)
                0x00000000c0025dec                MMX::MMX()
                0x00000000c0025dec                MMX::MMX()
 .text          0x00000000c0025e14       0x96 hw/fpu/sse.32
                0x00000000c0025e14                SSE::open(int, int, void*)
                0x00000000c0025e26                SSE::close(int, int, void*)
                0x00000000c0025e38                SSE::available()
                0x00000000c0025e52                SSE::save(void*)
                0x00000000c0025e6a                SSE::load(void*)
                0x00000000c0025e82                SSE::SSE()
                0x00000000c0025e82                SSE::SSE()
 .text          0x00000000c0025eaa       0x8e hw/fpu/x87.32
                0x00000000c0025eaa                x87::open(int, int, void*)
                0x00000000c0025ebc                x87::close(int, int, void*)
                0x00000000c0025ece                x87::available()
                0x00000000c0025ee0                x87::save(void*)
                0x00000000c0025ef8                x87::load(void*)
                0x00000000c0025f10                x87::x87()
                0x00000000c0025f10                x87::x87()
 .text          0x00000000c0025f38      0x71e hw/intctrl/apic.32
                0x00000000c0025f38                APIC::disable()
                0x00000000c0025f3a                APIC::close(int, int, void*)
                0x00000000c0025f5c                IOAPIC::close(int, int, void*)
                0x00000000c0025f62                APIC::io_wait()
                0x00000000c0025f68                APIC::getBase()
                0x00000000c0025faa                APIC::eoi(unsigned char)
                0x00000000c0025fd8                APIC::open(int, int, void*)
                0x00000000c0026126                IOAPIC::IOAPIC()
                0x00000000c0026126                IOAPIC::IOAPIC()
                0x00000000c002614e                APIC::APIC()
                0x00000000c002614e                APIC::APIC()
                0x00000000c002622a                IOAPIC::handlesGSIWithNumber(unsigned int)
                0x00000000c002625c                IOAPIC::read(int)
                0x00000000c0026284                IOAPIC::open(int, int, void*)
                0x00000000c002637a                IOAPIC::write(int, int)
                0x00000000c00263a6                IOAPIC::redirect(unsigned char, unsigned long long, unsigned char, bool, bool)
                0x00000000c00264a0                APIC::installIRQHandler(int, void (*)(regs*, void*), bool, void*)
 .text          0x00000000c0026656      0x3d3 hw/intctrl/pic.32
                0x00000000c0026656                PIC::disable()
                0x00000000c0026684                PIC::close(int, int, void*)
                0x00000000c00266a6                PIC::PIC()
                0x00000000c00266a6                PIC::PIC()
                0x00000000c002677c                PIC::ioWait()
                0x00000000c0026782                PIC::getIRQReg(int)
                0x00000000c00267ec                PIC::eoi(unsigned char)
                0x00000000c002687e                PIC::remap()
                0x00000000c00269ea                PIC::open(int, int, void*)
 *fill*         0x00000000c0026a29        0x1 
 .text          0x00000000c0026a2a      0x25e hw/timer/apictimer.32
                0x00000000c0026a2a                APICTimer::close(int, int, void*)
                0x00000000c0026a30                apicTimerHandler(regs*, void*)
                0x00000000c0026a5e                APICTimer::write(int)
                0x00000000c0026b62                APICTimer::open(int, int, void*)
                0x00000000c0026c60                APICTimer::APICTimer()
                0x00000000c0026c60                APICTimer::APICTimer()
 .text          0x00000000c0026c88      0x1a7 hw/timer/pit.32
                0x00000000c0026c88                PIT::write(int)
                0x00000000c0026d06                pitHandler(regs*, void*)
                0x00000000c0026d32                PIT::open(int, int, void*)
                0x00000000c0026d80                PIT::close(int, int, void*)
                0x00000000c0026db0                PIT::PIT()
                0x00000000c0026db0                PIT::PIT()
 *fill*         0x00000000c0026e2f        0x1 
 .text          0x00000000c0026e30       0x1e hw/fpu/x86/avx.32
                0x00000000c0026e30                avxDetect
                0x00000000c0026e36                avxSave
                0x00000000c0026e37                avxLoad
                0x00000000c0026e38                avxInit
                0x00000000c0026e39                avxClose
                0x00000000c0026e3a                wouldSheSayYes
 *fill*         0x00000000c0026e4e        0x2 
 .text          0x00000000c0026e50       0x35 hw/fpu/x86/sse.32
                0x00000000c0026e50                absolutelyNoChanceInHell
                0x00000000c0026e50                sseDetect
                0x00000000c0026e68                sseSave
                0x00000000c0026e6e                sseLoad
                0x00000000c0026e74                sseInit
                0x00000000c0026e84                sseClose
 *fill*         0x00000000c0026e85        0xb 
 .text          0x00000000c0026e90       0x4d hw/fpu/x86/x87.32
                0x00000000c0026e96                x87Detect
                0x00000000c0026eb1                x87Save
                0x00000000c0026eba                x87Load
                0x00000000c0026ec2                x87Init
                0x00000000c0026edc                x87Close
 *fill*         0x00000000c0026edd        0x3 
 .text          0x00000000c0026ee0       0x25 /cygdrive/d/Users/Alex/Desktop/Toolchain/Output/bin/../lib/gcc/i386-banana/8.1.0/crtend.o
 .text          0x00000000c0026f05        0x0 crtn.32
 *fill*         0x00000000c0026f05        0x3 
 .text          0x00000000c0026f08      0x14b /cygdrive/d/Users/Alex/Desktop/Toolchain/Output/bin/../lib/gcc/i386-banana/8.1.0/libkgcc.a(_divdi3.o)
                0x00000000c0026f08                __divdi3
 *fill*         0x00000000c0027053        0x1 
 .text          0x00000000c0027054      0x17e /cygdrive/d/Users/Alex/Desktop/Toolchain/Output/bin/../lib/gcc/i386-banana/8.1.0/libkgcc.a(_moddi3.o)
                0x00000000c0027054                __moddi3
 *fill*         0x00000000c00271d2        0x2 