Archive member included to satisfy reference by file (symbol)

/cygdrive/d/Users/Alex/Desktop/Toolchain/Output/bin/../lib/gcc/i386-banana/8.1.0/libkgcc.a(_divdi3.o)
                              fs/fat/ff.32 (__divdi3)
/cygdrive/d/Users/Alex/Desktop/Toolchain/Output/bin/../lib/gcc/i386-banana/8.1.0/libkgcc.a(_moddi3.o)
                              compat/resolve.32 (__moddi3)
/cygdrive/d/Users/Alex/Desktop/Toolchain/Output/bin/../lib/gcc/i386-banana/8.1.0/libkgcc.a(_udivdi3.o)
                              fs/fat/ff.32 (__udivdi3)
/cygdrive/d/Users/Alex/Desktop/Toolchain/Output/bin/../lib/gcc/i386-banana/8.1.0/libkgcc.a(_umoddi3.o)
                              compat/resolve.32 (__umoddi3)
D:/Users/Alex/Desktop/Banana/kernel/libsoftfp.a(sfieeelib.o)
                              hal/sound/sndhw.32 (__addsf3)
D:/Users/Alex/Desktop/Banana/kernel/libsoftfp.a(dfieeelib.o)
                              hal/libresample/src_linear.32 (__adddf3)
D:/Users/Alex/Desktop/Banana/kernel/libsoftfp.a(sfdfcvt.o)
                              hal/libresample/samplerate.32 (__truncdfsf2)
D:/Users/Alex/Desktop/Banana/kernel/libk/libm32.a(s_fabs.c.o)
                              hal/libresample/samplerate.32 (fabs)
D:/Users/Alex/Desktop/Banana/kernel/libk/libm32.a(s_lrint.S.o)
                              hal/libresample/samplerate.32 (lrint)
D:/Users/Alex/Desktop/Banana/kernel/libk/libm32.a(s_lrintf.S.o)
                              hal/sound/sndhw.32 (lrintf)

Discarded input sections

 .comment       0x0000000000000000       0x12 /cygdrive/d/Users/Alex/Desktop/Toolchain/Output/bin/../lib/gcc/i386-banana/8.1.0/crtbegin.o
 .comment       0x0000000000000000       0x12 acpica/utclib.32
 .comment       0x0000000000000000       0x12 core/malloc.32
 .comment       0x0000000000000000       0x12 libk/string.32
 .comment       0x0000000000000000       0x12 fs/fat/diskio.32
 .comment       0x0000000000000000       0x12 fs/fat/ff.32
 .comment       0x0000000000000000       0x12 fs/fat/ffsystem.32
 .comment       0x0000000000000000       0x12 fs/fat/ffunicode.32
 .comment       0x0000000000000000       0x12 hal/libresample/samplerate.32
 .comment       0x0000000000000000       0x12 hal/libresample/src_linear.32
 .comment       0x0000000000000000       0x12 hal/libresample/src_sinc.32
 .comment       0x0000000000000000       0x12 hal/libresample/src_zoh.32
 .comment       0x0000000000000000       0x12 compat/inlines.32
 .comment       0x0000000000000000       0x12 compat/resolve.32
 .group         0x0000000000000000       0x14 core/computer.32
 .group         0x0000000000000000        0xc core/computer.32
 .comment       0x0000000000000000       0x12 core/computer.32
 .comment       0x0000000000000000       0x12 core/gdt.32
 .group         0x0000000000000000        0xc core/idle.32
 .comment       0x0000000000000000       0x12 core/idle.32
 .comment       0x0000000000000000       0x12 core/idt.32
 .comment       0x0000000000000000       0x12 core/kheap.32
 .comment       0x0000000000000000       0x12 core/main.32
 .comment       0x0000000000000000       0x12 core/physmgr.32
 .group         0x0000000000000000        0xc core/pipe.32
 .comment       0x0000000000000000       0x12 core/pipe.32
 .group         0x0000000000000000        0xc core/terminal.32
 .comment       0x0000000000000000       0x12 core/terminal.32
 .comment       0x0000000000000000       0x12 core/tss.32
 .group         0x0000000000000000        0x8 core/unixfile.32
 .group         0x0000000000000000        0xc core/unixfile.32
 .group         0x0000000000000000        0xc core/unixfile.32
 .group         0x0000000000000000        0x8 core/unixfile.32
 .group         0x0000000000000000        0xc core/unixfile.32
 .group         0x0000000000000000        0x8 core/unixfile.32
 .group         0x0000000000000000        0xc core/unixfile.32
 .group         0x0000000000000000        0xc core/unixfile.32
 .comment       0x0000000000000000       0x12 core/unixfile.32
 .comment       0x0000000000000000       0x12 core/virtmgr.32
 .comment       0x0000000000000000       0x12 coreobjs/c++.32
 .comment       0x0000000000000000       0x12 dbg/kconsole.32
 .group         0x0000000000000000        0xc fs/vfs.32
 .group         0x0000000000000000        0xc fs/vfs.32
 .group         0x0000000000000000        0xc fs/vfs.32
 .comment       0x0000000000000000       0x12 fs/vfs.32
 .group         0x0000000000000000        0xc hal/bus.32
 .comment       0x0000000000000000       0x12 hal/bus.32
 .group         0x0000000000000000        0xc hal/buzzer.32
 .comment       0x0000000000000000       0x12 hal/buzzer.32
 .group         0x0000000000000000        0xc hal/clock.32
 .comment       0x0000000000000000       0x12 hal/clock.32
 .group         0x0000000000000000       0x14 hal/device.32
 .group         0x0000000000000000        0xc hal/device.32
 .group         0x0000000000000000        0xc hal/device.32
 .group         0x0000000000000000        0xc hal/device.32
[...]
Memory Configuration

Name             Origin             Length             Attributes
*default*        0x0000000000000000 0xffffffffffffffff

Linker script and memory map

LOAD D:/Users/Alex/Desktop/Banana/kernel/boot.32
LOAD crti.32
LOAD /cygdrive/d/Users/Alex/Desktop/Toolchain/Output/bin/../lib/gcc/i386-banana/8.1.0/crtbegin.o
LOAD D:/Users/Alex/Desktop/Banana/kernel/morenasm.32
LOAD acpica/utclib.32
LOAD core/malloc.32
LOAD libk/string.32
LOAD fs/fat/diskio.32
LOAD fs/fat/ff.32
LOAD fs/fat/ffsystem.32
LOAD fs/fat/ffunicode.32
LOAD hal/libresample/samplerate.32
LOAD hal/libresample/src_linear.32
LOAD hal/libresample/src_sinc.32
LOAD hal/libresample/src_zoh.32
LOAD compat/inlines.32
LOAD compat/resolve.32
LOAD core/computer.32
LOAD core/gdt.32
LOAD core/idle.32
LOAD core/idt.32
LOAD core/kheap.32
LOAD core/main.32
LOAD core/physmgr.32
LOAD core/pipe.32
LOAD core/terminal.32
LOAD core/tss.32
LOAD core/unixfile.32
LOAD core/virtmgr.32
LOAD coreobjs/c++.32
LOAD dbg/kconsole.32
LOAD fs/vfs.32
LOAD hal/bus.32
LOAD hal/buzzer.32
LOAD hal/clock.32
LOAD hal/device.32
LOAD hal/diskctrl.32
LOAD hal/diskphys.32
LOAD hal/fpu.32
LOAD hal/intctrl.32
LOAD hal/keybrd.32
LOAD hal/logidisk.32
LOAD hal/mouse.32
LOAD hal/partition.32
LOAD hal/serial.32
LOAD hal/timer.32
LOAD hal/vcache.32
LOAD hal/video.32
LOAD hw/acpi.32
LOAD hw/cpu.32
LOAD hw/ports.32
LOAD krnl/env.32
LOAD krnl/panic.32
LOAD net/ethernet.32
LOAD reg/registry.32
LOAD sys/sc_exit.32
LOAD sys/sc_getcwd.32
LOAD sys/sc_getpid.32
LOAD sys/sc_loaddll.32
LOAD sys/sc_read.32
LOAD sys/sc_sbrk.32
LOAD sys/sc_setcwd.32
LOAD sys/sc_settime.32
LOAD sys/sc_timezone.32
LOAD sys/sc_write.32
LOAD sys/sc_yield.32
LOAD sys/syscalls.32
LOAD thr/elf.32
LOAD thr/prcssthr.32
LOAD vm86/vm8086.32
LOAD vm86/x87em.32
LOAD fs/fat/vfslink.32
LOAD fs/iso9660/vfslink.32
LOAD hal/sound/sndchannel.32
LOAD hal/sound/sndhw.32
LOAD hw/bus/isa.32
LOAD hw/bus/pci.32
LOAD hw/diskctrl/ide.32
LOAD hw/diskctrl/satabus.32
LOAD hw/diskphys/ata.32
LOAD hw/diskphys/atapi.32
LOAD hw/diskphys/sata.32
LOAD hw/fpu/avx.32
LOAD hw/fpu/mmx.32
LOAD hw/fpu/sse.32
LOAD hw/fpu/x87.32
LOAD hw/intctrl/apic.32
LOAD hw/intctrl/pic.32
LOAD hw/timer/apictimer.32
LOAD hw/timer/pit.32
LOAD hw/fpu/x86/avx.32
LOAD hw/fpu/x86/sse.32
LOAD hw/fpu/x86/x87.32
LOAD /cygdrive/d/Users/Alex/Desktop/Toolchain/Output/bin/../lib/gcc/i386-banana/8.1.0/crtend.o
LOAD crtn.32
LOAD /cygdrive/d/Users/Alex/Desktop/Toolchain/Output/bin/../lib/gcc/i386-banana/8.1.0/libkgcc.a
LOAD D:/Users/Alex/Desktop/Banana/kernel/libsoftfp.a
LOAD D:/Users/Alex/Desktop/Banana/kernel/libk/libm32.a
                0x00000000c0000000                . = 0xc0000000

.text           0x00000000c0000000    0x27558
 *(.text)
 .text          0x00000000c0000000       0x41 D:/Users/Alex/Desktop/Banana/kernel/boot.32
                0x00000000c0000020                callGlobalConstructors
 .text          0x00000000c0000041        0x0 crti.32
 *fill*         0x00000000c0000041        0x3 
 .text          0x00000000c0000044      0x101 /cygdrive/d/Users/Alex/Desktop/Toolchain/Output/bin/../lib/gcc/i386-banana/8.1.0/crtbegin.o
 *fill*         0x00000000c0000145        0xb 
 .text          0x00000000c0000150      0x4ed D:/Users/Alex/Desktop/Banana/kernel/morenasm.32
                0x00000000c0000150                manualPCIProbe
                0x00000000c000019b                prepareTramp
                0x00000000c00001b4                voodooXADD
                0x00000000c000027f                doTPAUSE
                0x00000000c0000289                hasLegacyFPU
                0x00000000c00002ae                is486
                0x00000000c00002e4                detectCPUID
                0x00000000c00002fa                goToVM86
                0x00000000c000032a                goToUsermode
                0x00000000c0000354                switchToThreadASMFirstTime
                0x00000000c0000362                switchToThreadASM
                0x00000000c00003ea                asmQuickAcquireLock
                0x00000000c0000408                asmQuickReleaseLock
                0x00000000c0000414                asmAcquireLock
                0x00000000c0000435                asmReleaseLock
                0x00000000c0000448                loadGDT
                0x00000000c0000468                isr0
                0x00000000c0000478                isr1
                0x00000000c0000482                isr2
                0x00000000c000048c                isr3
                0x00000000c0000496                isr4
                0x00000000c00004a0                isr5
                0x00000000c00004aa                isr6
                0x00000000c00004b4                isr7
                0x00000000c00004be                isr8
                0x00000000c00004c6                isr9
                0x00000000c00004d0                isr10
                0x00000000c00004d8                isr11
                0x00000000c00004e0                isr12
                0x00000000c00004e8                isr13
                0x00000000c00004f0                isr14
                0x00000000c00004f8                isr15
                0x00000000c0000502                isr16
                0x00000000c000050c                isr17
                0x00000000c0000516                isr18
                0x00000000c0000520                irq3
                0x00000000c000052a                irq4
                0x00000000c0000534                irq5
                0x00000000c000053e                irq6
                0x00000000c0000548                irq7
                0x00000000c0000552                irq8
                0x00000000c000055c                irq9
                0x00000000c0000566                irq10
                0x00000000c0000570                irq11
                0x00000000c000057a                irq12
                0x00000000c0000584                irq13
                0x00000000c000058e                irq14
                0x00000000c0000598                irq15
                0x00000000c00005a2                irq1
                0x00000000c00005a9                irq2
                0x00000000c00005b0                isr96
                0x00000000c00005b7                irq0
                0x00000000c00005bc                int_common_stub
                0x00000000c00005bc                syscall_common_stub
                0x00000000c00005ed                irq16
                0x00000000c00005f7                irq17
                0x00000000c0000601                irq18
                0x00000000c000060b                irq19
                0x00000000c0000615                irq20
                0x00000000c000061f                irq21
                0x00000000c0000629                irq22
                0x00000000c0000633                irq23
 .text          0x00000000c000063d      0x3fd acpica/utclib.32
                0x00000000c000063d                memcmp
                0x00000000c0000668                memmove
                0x00000000c00006a0                memcpy
                0x00000000c00006c4                memset
                0x00000000c00006e1                strlen
                0x00000000c00006f1                strpbrk
                0x00000000c0000714                strtok
                0x00000000c0000763                strcpy
                0x00000000c0000783                strncpy
                0x00000000c00007b4                strcmp
                0x00000000c00007d5                strchr
                0x00000000c00007eb                strncmp
                0x00000000c000081a                strcat
                0x00000000c0000841                strncat
                0x00000000c000087b                strstr
                0x00000000c00008b8                toupper
                0x00000000c00008cc                tolower
                0x00000000c00008e0                simple_strtoul
 .text          0x00000000c0000a3a      0xfbf core/malloc.32
                0x00000000c0000ba5                dlfree
                0x00000000c0000f00                dlmalloc
                0x00000000c000143d                dlrealloc
                0x00000000c00015f2                dlmemalign
                0x00000000c0001715                dlcalloc
                0x00000000c00017af                dlcfree
                0x00000000c00017b4                dlindependent_calloc
                0x00000000c00017d9                dlindependent_comalloc
                0x00000000c00017f0                dlvalloc
                0x00000000c000181b                dlpvalloc
                0x00000000c0001851                dlmalloc_trim
                0x00000000c000185e                dlmalloc_usable_size
                0x00000000c000188f                dlmallinfo
                0x00000000c000195e                dlmalloc_stats
                0x00000000c000196f                dlmallopt
 .text          0x00000000c00019f9        0x0 libk/string.32
 .text          0x00000000c00019f9       0x51 fs/fat/diskio.32
                0x00000000c00019f9                disk_status
                0x00000000c00019fc                disk_initialize
                0x00000000c00019ff                disk_read
                0x00000000c0001a15                disk_write
                0x00000000c0001a2b                disk_ioctl
 .text          0x00000000c0001a4a     0x6833 fs/fat/ff.32
                0x00000000c0004d18                f_mount
                0x00000000c0004d7a                f_open
                0x00000000c00051b6                f_read
                0x00000000c0005436                f_write
                0x00000000c00056f0                f_sync
                0x00000000c00058cc                f_close
                0x00000000c00058fb                f_lseek
                0x00000000c0005db2                f_opendir
                0x00000000c0005eb4                f_closedir
                0x00000000c0005ed6                f_readdir
                0x00000000c0005f71                f_stat
                0x00000000c0006000                f_getfree
                0x00000000c00061cb                f_truncate
                0x00000000c00062c3                f_unlink
                0x00000000c0006446                f_mkdir
                0x00000000c0006672                f_rename
                0x00000000c0006965                f_chmod
                0x00000000c0006a43                f_utime
                0x00000000c0006b21                f_getlabel
                0x00000000c0006d0f                f_setlabel
                0x00000000c0006f7c                f_forward
                0x00000000c000715a                f_mkfs
 .text          0x00000000c000827d       0x2d fs/fat/ffsystem.32
                0x00000000c000827d                ff_memalloc
                0x00000000c0008293                ff_memfree
 .text          0x00000000c00082aa      0x253 fs/fat/ffunicode.32
                0x00000000c00082aa                ff_uni2oem
                0x00000000c000833a                ff_oem2uni
                0x00000000c00083a6                ff_wtoupper
 .text          0x00000000c00084fd      0x8fb hal/libresample/samplerate.32
                0x00000000c0008541                src_delete
                0x00000000c000857d                src_process
                0x00000000c0008733                src_callback_read
                0x00000000c00088b0                src_set_ratio
                0x00000000c000891a                src_get_channels
                0x00000000c000893c                src_reset
                0x00000000c0008988                src_new
                0x00000000c0008a16                src_callback_new
                0x00000000c0008a78                src_get_name
                0x00000000c0008aaf                src_get_description
                0x00000000c0008ae6                src_get_version
                0x00000000c0008aec                src_is_valid_ratio
                0x00000000c0008b40                src_error
                0x00000000c0008b4e                src_strerror
                0x00000000c0008b61                src_simple
                0x00000000c0008bb4                src_short_to_float_array
                0x00000000c0008c19                src_float_to_short_array
                0x00000000c0008cd8                src_int_to_float_array
                0x00000000c0008d3b                src_float_to_int_array
 .text          0x00000000c0008df8      0x8cb hal/libresample/src_linear.32
                0x00000000c000961e                linear_get_name
                0x00000000c000962d                linear_get_description
                0x00000000c000963c                linear_set_converter
 .text          0x00000000c00096c3     0x447c hal/libresample/src_sinc.32
                0x00000000c000da56                sinc_get_name
                0x00000000c000da69                sinc_get_description
                0x00000000c000da7c                sinc_set_converter
 .text          0x00000000c000db3f      0x77c hal/libresample/src_zoh.32
                0x00000000c000e216                zoh_get_name
                0x00000000c000e225                zoh_get_description
                0x00000000c000e234                zoh_set_converter
 .text          0x00000000c000e2bb       0x23 compat/inlines.32
                0x00000000c000e2bb                CPU::current()
                0x00000000c000e2c8                operator new(unsigned long)
 .text          0x00000000c000e2de      0x111 compat/resolve.32
                0x00000000c000e2de                Krnl::resolveCompatibilitySymbol(char*)
 *fill*         0x00000000c000e3ef        0x1 
 .text          0x00000000c000e3f0      0xa11 core/computer.32
                0x00000000c000e3f0                Computer::close(int, int, void*)
                0x00000000c000e434                Krnl::firstTask()
                0x00000000c000e51e                Computer::Computer()
                0x00000000c000e51e                Computer::Computer()
                0x00000000c000e67a                Computer::setBootMessage(char const*)
                0x00000000c000e67c                Computer::detectFeatures()
                0x00000000c000e886                Computer::displayFeatures()
                0x00000000c000ebcc                Computer::rdmsr(unsigned int)
                0x00000000c000ebf8                Computer::wrmsr(unsigned int, unsigned long long)
                0x00000000c000ec30                Computer::nmiEnabled()
                0x00000000c000ec3c                Computer::readCMOS(unsigned char)
                0x00000000c000ec56                Computer::enableNMI(bool)
                0x00000000c000ec6e                Computer::open(int, int, void*)
                0x00000000c000ed44                Computer::disableNMI()
                0x00000000c000ed52                Computer::writeCMOS(unsigned char, unsigned char)
                0x00000000c000ed70                Computer::handleNMI()
                0x00000000c000edd6                Computer::setDiskActivityLight(int, bool)
 *fill*         0x00000000c000ee01        0x1 
 .text          0x00000000c000ee02      0x1b7 core/gdt.32
                0x00000000c000ee02                GDTEntry::setBase(unsigned int)
                0x00000000c000ee1e                GDTEntry::setLimit(unsigned int)
                0x00000000c000ee3c                GDT::GDT()
                0x00000000c000ee3c                GDT::GDT()
                0x00000000c000ee52                GDT::addEntry(GDTEntry)
                0x00000000c000ee8e                GDT::getNumberOfEntries()
                0x00000000c000ee96                GDT::flush()
                0x00000000c000eeb8                GDT::setup()
 .text          0x00000000c000efb9       0x62 core/idle.32
                0x00000000c000efb9                idleFunction(void*)
 *fill*         0x00000000c000f01b        0x1 
 .text          0x00000000c000f01c      0x45f core/idt.32
                0x00000000c000f01c                IDTEntry::IDTEntry(bool)
                0x00000000c000f01c                IDTEntry::IDTEntry(bool)
                0x00000000c000f08a                IDTEntry::setOffset(unsigned int)
                0x00000000c000f09e                IDT::IDT()
                0x00000000c000f09e                IDT::IDT()
                0x00000000c000f0a0                IDT::getPointerToInvalidOpcodeEntryForF00F()
                0x00000000c000f0a8                IDT::addEntry(IDTEntry, int)
                0x00000000c000f0c2                IDT::addEntry(int, void (*)(), bool)
                0x00000000c000f0fa                IDT::flush()
                0x00000000c000f114                IDT::setup()
 .text          0x00000000c000f47b      0x203 core/kheap.32
                0x00000000c000f47b                sbrk
                0x00000000c000f589                mmap
                0x00000000c000f59f                munmap
                0x00000000c000f5b5                liballoc_lock()
                0x00000000c000f5c6                liballoc_unlock()
                0x00000000c000f5d7                liballoc_alloc(int)
                0x00000000c000f5f2                liballoc_free(void*, int)
                0x00000000c000f610                realloc
                0x00000000c000f624                malloc
                0x00000000c000f634                free
                0x00000000c000f644                rfree
                0x00000000c000f654                calloc
 .text          0x00000000c000f67e      0x480 core/main.32
                0x00000000c000f67e                hwTextMode_loadInData(VgaText*)
                0x00000000c000f6c9                hwTextMode_loadInTitle(VgaText*, char*)
                0x00000000c000f747                hwTextMode_showCursor(VgaText*, bool)
                0x00000000c000f7a5                hwTextMode_update(VgaText*)
                0x00000000c000f7a6                hwTextMode_updateCursor(VgaText*)
                0x00000000c000f7f7                hwTextMode_disableBlink(VgaText*, bool)
                0x00000000c000f83d                hwTextMode_scrollScreen(VgaText*)
                0x00000000c000f8ea                hwTextMode_writeCharacter(VgaText*, char, VgaColour, VgaColour, int, int)
                0x00000000c000f96c                setupTextMode()
                0x00000000c000f9dc                kernel_main
 .text          0x00000000c000fafe      0x54d core/physmgr.32
                0x00000000c000fafe                Phys::allocateDMA(unsigned long)
                0x00000000c000fba1                Phys::freeDMA(unsigned long, unsigned long)
                0x00000000c000fbe9                Phys::setPageState(unsigned long, bool)
                0x00000000c000fc1b                Phys::getPageState(unsigned long)
                0x00000000c000fc37                Phys::freePage(unsigned long)
                0x00000000c000fcc1                Phys::allocatePage()
                0x00000000c000fd89                Phys::allocateContiguousPages(int)
                0x00000000c000fde3                Phys::allowSegmentToBeUsed(unsigned long, unsigned long)
                0x00000000c000fe1b                Phys::physicalMemorySetup(unsigned int)
 *fill*         0x00000000c001004b        0x1 
 .text          0x00000000c001004c      0x273 core/pipe.32
                0x00000000c001004c                Pipe::isAtty()
                0x00000000c0010050                Pipe::~Pipe()
                0x00000000c0010050                Pipe::~Pipe()
                0x00000000c0010074                Pipe::~Pipe()
                0x00000000c001009c                Pipe::read(unsigned long long, void*, int*)
                0x00000000c0010190                Pipe::write(unsigned long long, void*, int*)
                0x00000000c0010258                Pipe::Pipe(int)
                0x00000000c0010258                Pipe::Pipe(int)
 *fill*         0x00000000c00102bf        0x1 
 .text          0x00000000c00102c0      0xf73 core/terminal.32
                0x00000000c00102c0                VgaText::isAtty()
                0x00000000c00102c4                VgaText::~VgaText()
                0x00000000c00102c4                VgaText::~VgaText()
                0x00000000c00102e8                VgaText::~VgaText()
                0x00000000c0010312                VgaText::read(unsigned long long, void*, int*)
                0x00000000c0010332                setTerminalScrollLock(bool)
                0x00000000c0010333                addToTerminalCycle(VgaText*)
                0x00000000c0010360                installVgaTextImplementation()
                0x00000000c0010375                scrollTerminalScrollLock(int)
                0x00000000c0010376                VgaText::load()
                0x00000000c00103ca                VgaText::updateCursor()
                0x00000000c00103e4                VgaText::showCursor(bool)
                0x00000000c00103f4                VgaText::disableBlink(bool)
                0x00000000c001042e                VgaText::doANSI_SGR(int)
                0x00000000c00104ba                VgaText::setDefaultBgColour(VgaColour)
                0x00000000c00104d0                VgaText::setDefaultFgColour(VgaColour)
                0x00000000c00104e6                VgaText::setDefaultColours(VgaColour, VgaColour)
                0x00000000c0010506                VgaText::combineColours(unsigned char, unsigned char)
                0x00000000c0010518                VgaText::scrollScreen()
                0x00000000c00105ac                VgaText::combineCharAndColour(char, unsigned char)
                0x00000000c00105be                VgaText::writeCharacter(char, VgaColour, VgaColour, int, int)
                0x00000000c001061e                VgaText::getCursorX()
                0x00000000c001062a                VgaText::getCursorY()
                0x00000000c0010636                VgaText::setCursor(int, int)
                0x00000000c0010654                VgaText::setCursorX(int)
                0x00000000c0010670                VgaText::setCursorY(int)
                0x00000000c001068c                VgaText::incrementCursor(bool)
                0x00000000c00106f4                VgaText::updateRAMUsageDisplay(int)
                0x00000000c0010758                VgaText::updateDiskUsage()
                0x00000000c00108c2                VgaText::updateTitle()
                0x00000000c0010908                VgaText::setTitleTextColour(VgaColour)
                0x00000000c0010918                VgaText::setTitleColour(VgaColour)
                0x00000000c0010928                VgaText::setTitle(char*)
                0x00000000c001094e                VgaText::decrementCursor(bool)
                0x00000000c0010976                VgaText::putchar(char, VgaColour, VgaColour)
                0x00000000c0010a72                VgaText::isShowingCursor()
                0x00000000c0010a7e                VgaText::isBlinkDisabled()
                0x00000000c0010a8c                VgaText::setCursorHeight(int)
                0x00000000c0010aaa                VgaText::getCursorHeight()
                0x00000000c0010ab5                setActiveTerminal(VgaText*)
                0x00000000c0010b67                doTerminalCycle()
                0x00000000c0010b84                VgaText::doUpdate()
                0x00000000c0010b96                VgaText::puts(char const*, VgaColour, VgaColour)
                0x00000000c0010d56                VgaText::clearScreen()
                0x00000000c0010dba                VgaText::putchar(char)
                0x00000000c0010ed4                VgaText::puts(char const*)
                0x00000000c0010efa                VgaText::putx(unsigned int)
                0x00000000c0010f40                VgaText::VgaText(char const*)
                0x00000000c0010f40                VgaText::VgaText(char const*)
                0x00000000c00110d2                VgaText::receiveKey(unsigned char)
                0x00000000c00111ba                VgaText::write(unsigned long long, void*, int*)
                0x00000000c001120e                newTerminal(char*)
 *fill*         0x00000000c0011233        0x1 
 .text          0x00000000c0011234      0x1b3 core/tss.32
                0x00000000c0011234                TSS::TSS()
                0x00000000c0011234                TSS::TSS()
                0x00000000c0011242                TSS::setESP(unsigned long)
                0x00000000c0011254                TSS::flush()
                0x00000000c0011274                TSS::setup(unsigned long, unsigned long)
 *fill*         0x00000000c00113e7        0x1 
 .text          0x00000000c00113e8      0x4c2 core/unixfile.32
                0x00000000c00113e8                ReservedFilename::read(unsigned long long, void*, int*)
                0x00000000c001143e                ReservedFilename::isAtty()
                0x00000000c001145a                ReservedFilename::write(unsigned long long, void*, int*)
                0x00000000c00114b8                UnixFile::getFileDescriptor()
                0x00000000c00114c0                UnixFile::UnixFile(int)
                0x00000000c00114c0                UnixFile::UnixFile(int)
                0x00000000c0011670                ReservedFilename::ReservedFilename(int)
                0x00000000c0011670                ReservedFilename::ReservedFilename(int)
                0x00000000c00116a2                UnixFile::~UnixFile()
                0x00000000c00116a2                UnixFile::~UnixFile()
                0x00000000c001173a                UnixFile::~UnixFile()
                0x00000000c0011762                ReservedFilename::~ReservedFilename()
                0x00000000c0011762                ReservedFilename::~ReservedFilename()
                0x00000000c0011786                ReservedFilename::~ReservedFilename()
                0x00000000c00117ad                getFromFileDescriptor(int)
 .text          0x00000000c00118aa      0xee3 core/virtmgr.32
                0x00000000c00118aa                Virt::setPageState(unsigned long, Virt::VirtPageState)
                0x00000000c00118df                Virt::getPageState(unsigned long)
                0x00000000c0011903                Virt::allocateKernelVirtualPages(int)
                0x00000000c0011a14                Virt::virtualMemorySetup()
                0x00000000c0011a93                Virt::getAKernelVAS()
                0x00000000c0011a99                Virt::setupPageSwapping(int)
                0x00000000c0011bc8                VAS::VAS()
                0x00000000c0011bc8                VAS::VAS()
                0x00000000c0011bf8                VAS::VAS(VAS*)
                0x00000000c0011bf8                VAS::VAS(VAS*)
                0x00000000c0011c1c                VAS::getForeignPageTableEntry(bool, unsigned long)
                0x00000000c0011c48                VAS::getPageTableEntry(unsigned long)
                0x00000000c0011c67                Virt::freeKernelVirtualPages(unsigned long)
                0x00000000c0011d8a                VAS::freeAllocatedPages(unsigned long)
                0x00000000c0011dae                VAS::virtualToPhysical(unsigned long)
                0x00000000c0011dc6                VAS::reflagRange(unsigned long, int, int, int)
                0x00000000c0011e06                VAS::setToWriteCombining(unsigned long, int)
                0x00000000c0011e38                VAS::mapOtherVASIn(bool, VAS*)
                0x00000000c0011e62                VAS::~VAS()
                0x00000000c0011e62                VAS::~VAS()
                0x00000000c0011fce                VAS::mapPage(unsigned long, unsigned long, int)
                0x00000000c00120ce                VAS::allocatePages(int, int)
                0x00000000c00122a6                VAS::setCPUSpecific(unsigned long)
                0x00000000c00122c2                VAS::mapRange(unsigned long, unsigned long, int, int)
                0x00000000c0012388                VAS::mapForeignPage(bool, VAS*, unsigned long, unsigned long, int)
                0x00000000c0012476                VAS::VAS(bool)
                0x00000000c0012476                VAS::VAS(bool)
                0x00000000c00126d1                mapVASFirstTime
 .text          0x00000000c001278d       0x95 coreobjs/c++.32
                0x00000000c001278d                __cxa_atexit
                0x00000000c0012790                __cxa_finalize
                0x00000000c0012791                __stack_chk_fail
                0x00000000c00127fd                __cxa_pure_virtual
                0x00000000c001280e                operator new[](unsigned long)
                0x00000000c0012813                operator delete(void*, unsigned long)
                0x00000000c0012818                operator delete[](void*)
                0x00000000c001281d                operator delete[](void*, unsigned long)
 .text          0x00000000c0012822      0x1ef dbg/kconsole.32
                0x00000000c0012822                Dbg::stringifyxWithBase(unsigned int, char*, int)
                0x00000000c0012883                Dbg::logc(char)
                0x00000000c001289a                Dbg::logs(char*)
                0x00000000c00128b7                Dbg::logWriteInt(unsigned int)
                0x00000000c00128d4                Dbg::logWriteIntBase(unsigned int, int)
                0x00000000c00128f3                Dbg::kprintf(char const*, ...)
 *fill*         0x00000000c0012a11        0x1 
 .text          0x00000000c0012a12      0xb7c fs/vfs.32
                0x00000000c0012a12                File::read(unsigned long long, void*, int*)
                0x00000000c0012a6a                File::write(unsigned long long, void*, int*)
                0x00000000c0012ac2                Directory::read(unsigned long long, void*, int*)
                0x00000000c0012b1a                Directory::write(unsigned long long, void*, int*)
                0x00000000c0012b48                File::isAtty()
                0x00000000c0012b4c                Directory::isAtty()
                0x00000000c0012b50                Filesystem::getlabel(LogicalDisk*, int, char*, unsigned int*)
                0x00000000c0012b56                Filesystem::setlabel(LogicalDisk*, int, char*)
                0x00000000c0012b5c                File::~File()
                0x00000000c0012b5c                File::~File()
                0x00000000c0012b80                File::~File()
                0x00000000c0012baa                Directory::~Directory()
                0x00000000c0012baa                Directory::~Directory()
                0x00000000c0012bce                Directory::~Directory()
                0x00000000c0012bf8                Filesystem::Filesystem()
                0x00000000c0012bf8                Filesystem::Filesystem()
                0x00000000c0012c1c                Filesystem::~Filesystem()
                0x00000000c0012c1c                Filesystem::~Filesystem()
                0x00000000c0012c2a                Filesystem::~Filesystem()
                0x00000000c0012c4e                Fs::getcwd(Process*, char*, int)
                0x00000000c0012c78                Fs::initVFS()
                0x00000000c0012ca2                Fs::standardiseFiles(char*, char const*, char const*)
                0x00000000c0012e4c                File::File(char const*, Process*)
                0x00000000c0012e4c                File::File(char const*, Process*)
                0x00000000c0012eb0                File::open(FileOpenMode)
                0x00000000c0012f0e                File::close()
                0x00000000c0012f6e                File::seek(unsigned long long)
                0x00000000c0012fc4                File::tell(unsigned long long*)
                0x00000000c0013014                File::rewind()
                0x00000000c0013028                File::unlink()
                0x00000000c0013074                File::rename(char const*)
                0x00000000c00130c2                File::chfatattr(unsigned char, unsigned char)
                0x00000000c001311e                File::exists()
                0x00000000c001315c                File::stat(unsigned long long*, bool*)
                0x00000000c00131bd                Fs::setcwd(Process*, char*)
                0x00000000c00132f8                Directory::Directory(char const*, Process*)
                0x00000000c00132f8                Directory::Directory(char const*, Process*)
                0x00000000c001335c                Directory::open()
                0x00000000c00133b8                Directory::close()
                0x00000000c0013418                Directory::unlink()
                0x00000000c0013464                Directory::rename(char const*)
                0x00000000c00134b2                Directory::exists()
                0x00000000c00134f0                Directory::read(dirent*)
                0x00000000c001353c                Directory::create()
                0x00000000c0013588                Filesystem::chfatattr(char const*, unsigned char, unsigned char)
 .text          0x00000000c001358e       0x84 hal/bus.32
                0x00000000c001358e                Bus::Bus(char const*)
                0x00000000c001358e                Bus::Bus(char const*)
                0x00000000c00135c4                Bus::~Bus()
                0x00000000c00135c4                Bus::~Bus()
                0x00000000c00135e8                Bus::~Bus()
 .text          0x00000000c0013612      0x14e hal/buzzer.32
                0x00000000c0013612                Buzzer::Buzzer(char const*)
                0x00000000c0013612                Buzzer::Buzzer(char const*)
                0x00000000c0013656                Buzzer::~Buzzer()
                0x00000000c0013656                Buzzer::~Buzzer()
                0x00000000c001367a                Buzzer::~Buzzer()
                0x00000000c00136a4                Buzzer::stop()
                0x00000000c00136b7                beepThread(void*)
                0x00000000c00136f2                Buzzer::beep(int, int, bool)
 .text          0x00000000c0013760      0x467 hal/clock.32
                0x00000000c0013760                User::loadClockSettings(int)
                0x00000000c00137b2                Clock::Clock(char const*)
                0x00000000c00137b2                Clock::Clock(char const*)
                0x00000000c00137e8                Clock::~Clock()
                0x00000000c00137e8                Clock::~Clock()
                0x00000000c001380c                Clock::~Clock()
                0x00000000c0013836                Clock::timeInSecondsLocal()
                0x00000000c001387e                Clock::setTimeInSecondsLocal(unsigned long long)
                0x00000000c00138d7                datetimeToSeconds(datetime_t)
                0x00000000c00139fe                Clock::setTimeInDatetimeLocal(datetime_t)
                0x00000000c0013a5e                secondsToDatetime(unsigned long long)
                0x00000000c0013ba2                Clock::timeInDatetimeLocal()
 *fill*         0x00000000c0013bc7        0x1 
 .text          0x00000000c0013bc8      0x4de hal/device.32
                0x00000000c0013bc8                Device::hibernate()
                0x00000000c0013bca                Device::wake()
                0x00000000c0013bcc                Device::detect()
                0x00000000c0013bce                Device::disableLegacy()
                0x00000000c0013bd0                Device::powerSaving(PowerSavingLevel)
                0x00000000c0013bd2                DriverlessDevice::close(int, int, void*)
                0x00000000c0013bd6                DriverlessDevice::detect()
                0x00000000c0013bd8                DriverlessDevice::open(int, int, void*)
                0x00000000c0013bec                Device::~Device()
                0x00000000c0013bec                Device::~Device()
                0x00000000c0013bfa                Device::~Device()
                0x00000000c0013c22                Device::findAndLoadDriver()
                0x00000000c0013c24                Device::preOpenPCI(PCIDeviceInfo)
                0x00000000c0013c4a                Device::preOpenACPI(void*, char*, char*)
                0x00000000c0013c9e                Device::addIRQHandler(int, void (*)(regs*, void*), bool, void*)
                0x00000000c0013cdc                Device::removeIRQHandler(int, void (*)(regs*, void*), bool)
                0x00000000c0013d1a                Device::addChild(Device*)
                0x00000000c0013d5e                Device::removeAllChildren()
                0x00000000c0013da4                Device::hibernateAll()
                0x00000000c0013dd4                Device::wakeAll()
                0x00000000c0013e04                Device::detectAll()
                0x00000000c0013e34                Device::disableLegacyAll()
                0x00000000c0013e64                Device::loadDriversForAll()
                0x00000000c0013e90                Device::closeAll()
                0x00000000c0013ec6                Device::powerSavingAll(PowerSavingLevel)
                0x00000000c0013efc                Device::setName(char const*)
                0x00000000c0013f0a                Device::Device(char const*)
                0x00000000c0013f0a                Device::Device(char const*)
                0x00000000c0014006                Device::getName()
                0x00000000c0014010                DriverlessDevice::DriverlessDevice(char const*)
                0x00000000c0014010                DriverlessDevice::DriverlessDevice(char const*)
                0x00000000c0014038                Device::addToLinkedList(LinkedList<Device>&, DeviceType)
                0x00000000c001407c                getDevicesOfType(DeviceType)
 .text          0x00000000c00140a6       0x84 hal/diskctrl.32
                0x00000000c00140a6                HardDiskController::HardDiskController(char const*)
                0x00000000c00140a6                HardDiskController::HardDiskController(char const*)
                0x00000000c00140dc                HardDiskController::~HardDiskController()
                0x00000000c00140dc                HardDiskController::~HardDiskController()
                0x00000000c0014100                HardDiskController::~HardDiskController()
 .text          0x00000000c001412a       0xde hal/diskphys.32
                0x00000000c001412a                PhysicalDisk::PhysicalDisk(char const*, int)
                0x00000000c001412a                PhysicalDisk::PhysicalDisk(char const*, int)
                0x00000000c0014192                PhysicalDisk::startCache()
                0x00000000c00141ba                PhysicalDisk::~PhysicalDisk()
                0x00000000c00141ba                PhysicalDisk::~PhysicalDisk()
                0x00000000c00141de                PhysicalDisk::~PhysicalDisk()
 .text          0x00000000c0014208      0x13b hal/fpu.32
                0x00000000c0014208                FPU::FPU(char const*)
                0x00000000c0014208                FPU::FPU(char const*)
                0x00000000c001423e                FPU::~FPU()
                0x00000000c001423e                FPU::~FPU()
                0x00000000c0014262                FPU::~FPU()
                0x00000000c001428c                setupFPU()
 *fill*         0x00000000c0014343        0x1 
 .text          0x00000000c0014344     0x12b1 hal/intctrl.32
                0x00000000c0014344                InterruptController::uninstallISRHandler(int, void (*)(regs*, void*))
                0x00000000c001437c                InterruptController::installISRHandler(int, void (*)(regs*, void*), void*)
                0x00000000c00143ce                doubleFault(regs*, void*)
                0x00000000c00143e8                InterruptController::installIRQHandler(int, void (*)(regs*, void*), bool, void*)
                0x00000000c0014484                InterruptController::clearAllHandlers(int, bool)
                0x00000000c001452c                InterruptController::uninstallIRQHandler(int, void (*)(regs*, void*), bool)
                0x00000000c00145b3                nmiHandler(regs*, void*)
                0x00000000c00145c1                int_handler
                0x00000000c0014662                InterruptController::InterruptController(char const*)
                0x00000000c0014662                InterruptController::InterruptController(char const*)
                0x00000000c0014708                InterruptController::~InterruptController()
                0x00000000c0014708                InterruptController::~InterruptController()
                0x00000000c001472c                InterruptController::~InterruptController()
                0x00000000c0014756                displayDebugInfo(regs*)
                0x00000000c0014b5b                x87EmulHandler(regs*, void*)
                0x00000000c0014b8a                gpFault(regs*, void*)
                0x00000000c0014bc3                pgFault(regs*, void*)
                0x00000000c0014bda                otherISRHandler(regs*, void*)
                0x00000000c0014bf9                opcodeFault(regs*, void*)
                0x00000000c00151b8                displayProgramFault(char const*)
                0x00000000c00151e0                setupInterruptController()
                0x00000000c00155a8                InterruptController::convertLegacyIRQNumber(int)
 *fill*         0x00000000c00155f5        0x1 
 .text          0x00000000c00155f6      0x69a hal/keybrd.32
                0x00000000c00155f6                startGUI(void*)
                0x00000000c0015652                startGUIVESA(void*)
                0x00000000c00156ae                sendKeyToTerminal(unsigned char)
                0x00000000c001571a                sendKeyboardToken(KeyboardToken)
                0x00000000c0015b2a                clearInternalKeybuffer(VgaText*)
                0x00000000c0015b5f                readKeyboard(VgaText*, char*, unsigned long)
                0x00000000c0015c06                Keyboard::Keyboard(char const*)
                0x00000000c0015c06                Keyboard::Keyboard(char const*)
                0x00000000c0015c42                Keyboard::~Keyboard()
                0x00000000c0015c42                Keyboard::~Keyboard()
                0x00000000c0015c66                Keyboard::~Keyboard()
 .text          0x00000000c0015c90      0x400 hal/logidisk.32
                0x00000000c0015c90                LogicalDisk::close(int, int, void*)
                0x00000000c0015c94                LogicalDisk::~LogicalDisk()
                0x00000000c0015c94                LogicalDisk::~LogicalDisk()
                0x00000000c0015cb8                LogicalDisk::~LogicalDisk()
                0x00000000c0015ce2                LogicalDisk::open(int, int, void*)
                0x00000000c0015cf6                LogicalDisk::absoluteToRelative(unsigned long long)
                0x00000000c0015d2e                LogicalDisk::relativeToAbsolute(unsigned long long)
                0x00000000c0015d74                LogicalDisk::LogicalDisk(char const*, PhysicalDisk*, unsigned long long, unsigned long long)
                0x00000000c0015d74                LogicalDisk::LogicalDisk(char const*, PhysicalDisk*, unsigned long long, unsigned long long)
                0x00000000c0015e2a                LogicalDisk::assignDriveLetter()
                0x00000000c0015ee0                LogicalDisk::mount()
                0x00000000c0015f52                LogicalDisk::unmount()
                0x00000000c0015f62                LogicalDisk::unassignDriveLetter()
                0x00000000c0015fb8                LogicalDisk::read(unsigned long long, int, void*)
                0x00000000c0016024                LogicalDisk::write(unsigned long long, int, void*)
 .text          0x00000000c0016090       0x84 hal/mouse.32
                0x00000000c0016090                Mouse::Mouse(char const*)
                0x00000000c0016090                Mouse::Mouse(char const*)
                0x00000000c00160c6                Mouse::~Mouse()
                0x00000000c00160c6                Mouse::~Mouse()
                0x00000000c00160ea                Mouse::~Mouse()
 .text          0x00000000c0016114      0x34d hal/partition.32
                0x00000000c0016114                makePartition(PhysicalDisk*, unsigned long long, unsigned long long)
                0x00000000c00161d0                createPartitionsForDisk(PhysicalDisk*)
 *fill*         0x00000000c0016461        0x1 
 .text          0x00000000c0016462       0x84 hal/serial.32
                0x00000000c0016462                Serial::Serial(char const*)
                0x00000000c0016462                Serial::Serial(char const*)
                0x00000000c0016498                Serial::~Serial()
                0x00000000c0016498                Serial::~Serial()
                0x00000000c00164bc                Serial::~Serial()
 .text          0x00000000c00164e6      0x2b8 hal/timer.32
                0x00000000c00164e6                Timer::Timer(char const*)
                0x00000000c00164e6                Timer::Timer(char const*)
                0x00000000c001651c                Timer::~Timer()
                0x00000000c001651c                Timer::~Timer()
                0x00000000c0016540                Timer::~Timer()
                0x00000000c001656a                Timer::read()
                0x00000000c0016575                timerHandler(unsigned long long)
                0x00000000c00166ac                setupTimer(int)
 .text          0x00000000c001679e      0x2db hal/vcache.32
                0x00000000c001679e                VCache::VCache(PhysicalDisk*)
                0x00000000c001679e                VCache::VCache(PhysicalDisk*)
                0x00000000c0016898                VCache::writeWriteBuffer()
                0x00000000c00168d4                VCache::~VCache()
                0x00000000c00168d4                VCache::~VCache()
                0x00000000c0016914                VCache::~VCache()
                0x00000000c001693c                VCache::write(unsigned long long, int, void*)
                0x00000000c0016a20                VCache::read(unsigned long long, int, void*)
 *fill*         0x00000000c0016a79        0x1 
 .text          0x00000000c0016a7a      0x4cd hal/video.32
                0x00000000c0016a7a                Video::putrect(int, int, int, int, unsigned int)
                0x00000000c0016ac6                Video::bitblit(int, int, int, int, int, int, int, unsigned int*)
                0x00000000c0016b36                Video::blit(unsigned int*, int, int, int, int)
                0x00000000c0016bb4                Video::clearScreen(unsigned int)
                0x00000000c0016be8                Video::putpixel(int, int, unsigned int)
                0x00000000c0016bf6                Video::Video(char const*)
                0x00000000c0016bf6                Video::Video(char const*)
                0x00000000c0016c2c                Video::~Video()
                0x00000000c0016c2c                Video::~Video()
                0x00000000c0016c50                Video::~Video()
                0x00000000c0016c7a                Video::isMonochrome()
                0x00000000c0016c86                Video::getWidth()
                0x00000000c0016c92                Video::getHeight()
                0x00000000c0016c9e                Video::drawCursor(int, int, unsigned char*, int)
                0x00000000c0016d5a                Video::tgaParse(unsigned char*, int, int*, int*)
                0x00000000c0016edc                Video::putTGA(int, int, unsigned char*, int)
 *fill*         0x00000000c0016f47        0x1 
 .text          0x00000000c0016f48      0xf64 hw/acpi.32
                0x00000000c0016f48                ACPI::close(int, int, void*)
                0x00000000c0016ffd                findRSDP()
                0x00000000c0017087                loadACPITables(unsigned char*)
                0x00000000c00172ae                findRSDT(unsigned char*)
                0x00000000c00173cc                findDataTable(unsigned char*, char*)
                0x00000000c0017468                scanMADT()
                0x00000000c00178ee                ACPI::ACPI()
                0x00000000c00178ee                ACPI::ACPI()
                0x00000000c0017958                ACPI::getPCIIRQAssignment(unsigned char, unsigned short, unsigned char)
                0x00000000c0017a3a                ACPI::registerPCIIRQAssignment(void*, unsigned short, unsigned char, unsigned char)
                0x00000000c0017b00                ACPI::setScreenBrightnessLevel(void*, int)
                0x00000000c0017b06                ACPI::writeSimpleBootFlag(SimpleBootFlagTable*)
                0x00000000c0017b4e                ACPI::open(int, int, void*)
                0x00000000c0017e94                ACPI::sleep()
 .text          0x00000000c0017eac     0x1715 hw/cpu.32
                0x00000000c0017eac                CPU::close(int, int, void*)
                0x00000000c0017eb0                CPU::lookupAMDName(unsigned char, unsigned char)
                0x00000000c0018044                CPU::lookupIntelName(unsigned char, unsigned char)
                0x00000000c00182f2                CPU::AMD_K6_write_msr(unsigned int, unsigned int, unsigned int, CPU::REGS*)
                0x00000000c001830e                CPU::AMD_K6_read_msr(unsigned int, CPU::REGS*)
                0x00000000c0018326                CPU::AMD_K6_writeback(int, int, int)
                0x00000000c001839a                CPU::cpuid(int, unsigned long*, unsigned long*, unsigned long*, unsigned long*)
                0x00000000c001841e                CPU::cpuidCheckEDX(unsigned int)
                0x00000000c001844c                CPU::cpuidCheckECX(unsigned int)
                0x00000000c001847a                CPU::cpuidCheckExtendedEBX(unsigned int)
                0x00000000c00184a8                CPU::cpuidCheckExtendedECX(unsigned int)
                0x00000000c00184d6                CPU::CPU()
                0x00000000c00184d6                CPU::CPU()
                0x00000000c0018564                CPU::displayFeatures()
                0x00000000c00187e0                CPU::detectFeatures()
                0x00000000c00191d0                CPU::setupSMEP()
                0x00000000c00191dc                CPU::setupUMIP()
                0x00000000c00191e6                CPU::setupTSC()
                0x00000000c00191f0                CPU::setupLargePages()
                0x00000000c00191fa                CPU::setupPAT()
                0x00000000c0019236                CPU::setupMTRR()
                0x00000000c0019238                CPU::setupGlobalPages()
                0x00000000c0019242                CPU::allowUsermodeDataAccess()
                0x00000000c0019254                CPU::prohibitUsermodeDataAccess()
                0x00000000c0019266                CPU::setupSMAP()
                0x00000000c0019274                CPU::setupFeatures()
                0x00000000c00192f4                CPU::open(int, int, void*)
                0x00000000c00193c6                CPU::decodeAddress(regs*, int*, bool*, unsigned char*)
 .text          0x00000000c00195c1        0x0 hw/ports.32
 *fill*         0x00000000c00195c1        0x1 
 .text          0x00000000c00195c2      0x5d3 krnl/env.32
                0x00000000c00195c2                EnvVarContainer::getEnv(char const*)
                0x00000000c0019600                EnvVarContainer::setEnv(char const*, char const*)
                0x00000000c00196cc                EnvVarContainer::deleteEnv(char const*)
                0x00000000c00196ce                EnvVarContainer::loadFrom(char const*, char const*)
                0x00000000c00198c4                EnvVarContainer::__loadSystem()
                0x00000000c00198de                EnvVarContainer::__loadUser()
                0x00000000c00198e0                EnvVarContainer::EnvVarContainer(Process*)
                0x00000000c00198e0                EnvVarContainer::EnvVarContainer(Process*)
                0x00000000c0019902                EnvVarContainer::~EnvVarContainer()
                0x00000000c0019902                EnvVarContainer::~EnvVarContainer()
                0x00000000c0019932                Krnl::getEnv(Process*, char const*)
                0x00000000c0019997                Krnl::setEnvSystem(char const*, char const*)
                0x00000000c00199b1                Krnl::setEnvUser(char const*, char const*)
                0x00000000c00199d0                Krnl::setEnvProcess(Process*, char const*, char const*)
                0x00000000c00199e3                Krnl::deleteEnvSystem(char const*)
                0x00000000c00199e4                Krnl::deleteEnvUser(char const*)
                0x00000000c00199e5                Krnl::deleteEnvProcess(Process*, char const*)
                0x00000000c00199e6                Krnl::newProcessEnv(Process*)
                0x00000000c0019a08                Krnl::copyProcessEnv(Process*, Process*)
                0x00000000c0019a5c                Krnl::loadSystemEnv()
                0x00000000c0019a8a                Krnl::loadUserEnv()
                0x00000000c0019ab0                Krnl::flushEnv()
                0x00000000c0019ab1                Krnl::getProcessTotalEnvCount(Process*)
                0x00000000c0019ad1                Krnl::getProcessEnvPair(Process*, int)
 .text          0x00000000c0019b95      0x396 krnl/panic.32
                0x00000000c0019b95                Krnl::panic(char const*)
 .text          0x00000000c0019f2b      0x3b6 net/ethernet.32
                0x00000000c0019f2b                Net::switchEndian16(unsigned short)
                0x00000000c0019f4c                Net::switchEndian32(unsigned int)
                0x00000000c0019f7b                Net::crc32Calc(unsigned char*, int)
                0x00000000c001a00c                Net::wrapEthernetFrame(Net::UnwrappedEthernetFrame, unsigned char*)
                0x00000000c001a148                Net::unwrapEthernetFrame(unsigned char*, int)
 .text          0x00000000c001a2e1      0x513 reg/registry.32
                0x00000000c001a2e1                Reg::findLineFromLoadedData(char*, char*, char*)
                0x00000000c001a439                Reg::getLineFromRegistry(char*, char*, char*, char*)
                0x00000000c001a58e                Reg::getLine(char*, char*, char*)
                0x00000000c001a5c5                Reg::readInt(char*, char*, int*)
                0x00000000c001a6b0                Reg::readString(char*, char*, char*, int)
                0x00000000c001a731                Reg::readBool(char*, char*, bool*)
                0x00000000c001a756                Reg::readBoolWithDefault(char*, char*, bool)
                0x00000000c001a782                Reg::readIntWithDefault(char*, char*, int)
                0x00000000c001a7ae                Reg::readStringWithDefault(char*, char*, char*, int, char*)
 .text          0x00000000c001a7f4       0x18 sys/sc_exit.32
                0x00000000c001a7f4                Sys::exit(regs*)
 .text          0x00000000c001a80c       0x1f sys/sc_getcwd.32
                0x00000000c001a80c                Sys::getCwd(regs*)
 .text          0x00000000c001a82b        0xc sys/sc_getpid.32
                0x00000000c001a82b                Sys::getPID(regs*)
 .text          0x00000000c001a837       0xa8 sys/sc_loaddll.32
                0x00000000c001a837                Sys::loadDLL(regs*)
 .text          0x00000000c001a8df       0x68 sys/sc_read.32
                0x00000000c001a8df                Sys::read(regs*)
 .text          0x00000000c001a947       0x55 sys/sc_sbrk.32
                0x00000000c001a947                Sys::sbrk(regs*)
 .text          0x00000000c001a99c       0x1c sys/sc_setcwd.32
                0x00000000c001a99c                Sys::setCwd(regs*)
 .text          0x00000000c001a9b8      0x128 sys/sc_settime.32
                0x00000000c001a9b8                Sys::setTime(regs*)
 .text          0x00000000c001aae0       0x4a sys/sc_timezone.32
                0x00000000c001aae0                Sys::timezone(regs*)
 .text          0x00000000c001ab2a       0x68 sys/sc_write.32
                0x00000000c001ab2a                Sys::write(regs*)
 .text          0x00000000c001ab92       0x3b sys/sc_yield.32
                0x00000000c001ab92                Sys::yield(regs*)
 .text          0x00000000c001abcd     0x101e sys/syscalls.32
                0x00000000c001abcd                sysCallSeekDir(regs*)
                0x00000000c001abd2                sysCallTellDir(regs*)
                0x00000000c001abd7                sysCallVerify(regs*)
                0x00000000c001abe1                sysCallGetArgc(regs*)
                0x00000000c001abf1                sysFormatDisk(regs*)
                0x00000000c001ac5b                sysSetDiskVolumeLabel(regs*)
                0x00000000c001aca1                sysGetDiskVolumeLabel(regs*)
                0x00000000c001acf2                sysShutdown(regs*)
                0x00000000c001ad50                sysCallRealpath(regs*)
                0x00000000c001ad93                sysCallReadDir(regs*)
                0x00000000c001ae21                sysCallIsATTY(regs*)
                0x00000000c001ae7b                sysCallSeek(regs*)
                0x00000000c001aee4                sysCallTell(regs*)
                0x00000000c001af61                sysCallSize(regs*)
                0x00000000c001afe4                sysCallSizeFromFilename(regs*)
                0x00000000c001b0a4                sysCallClose(regs*)
                0x00000000c001b12c                sysCallOpenDir(regs*)
                0x00000000c001b1a1                sysCallCloseDir(regs*)
                0x00000000c001b207                sysCallMakeDir(regs*)
                0x00000000c001b277                sysCallWait(regs*)
                0x00000000c001b291                sysCallNotImpl(regs*)
                0x00000000c001b2ac                sysPanic(regs*)
                0x00000000c001b2d2                sysCallRmdir(regs*)
                0x00000000c001b336                sysCallUnlink(regs*)
                0x00000000c001b39a                sysCallGetArgv(regs*)
                0x00000000c001b3e6                sysCallTTYName(regs*)
                0x00000000c001b469                sysCallUSleep(regs*)
                0x00000000c001b490                sysCallSpawn(regs*)
                0x00000000c001b4e8                sysCallGetEnv(regs*)
                0x00000000c001b595                sysAppSettings(regs*)
                0x00000000c001b6b4                sysSetFatAttrib(regs*)
                0x00000000c001b726                sysPipe(regs*)
                0x00000000c001b76b                sysGetUnixTime(regs*)
                0x00000000c001b77f                string_ends_with(char const*, char const*)
                0x00000000c001b7c7                sysCallOpen(regs*)
                0x00000000c001b9dc                Sys::loadSyscalls()
                0x00000000c001bba9                Sys::systemCall(regs*, void*)
 .text          0x00000000c001bbeb     0x1181 thr/elf.32
                0x00000000c001bbeb                Thr::allocateMemoryForTask(Process*, File*, unsigned long, unsigned long, unsigned long)
                0x00000000c001be68                Thr::loadProgramIntoMemory(Process*, char const*)
                0x00000000c001c07e                Thr::runtimeReferenceHelper()
                0x00000000c001c091                Thr::getAddressOfKernelSymbol(char const*)
                0x00000000c001c0e0                Thr::loadKernelSymbolTable(char const*)
                0x00000000c001c394                Thr::loadDriverIntoMemory(char const*, unsigned long, bool)
                0x00000000c001cab0                Thr::getDriverBaseFromAddress(unsigned long)
                0x00000000c001cae2                Thr::getDriverNameFromAddress(unsigned long)
                0x00000000c001cb19                Thr::getDriverOffsetFromAddress(unsigned long)
                0x00000000c001cb33                Thr::loadDLL(char const*, bool)
                0x00000000c001cd42                Thr::executeDLL(unsigned long, void*)
 .text          0x00000000c001cd6c     0x1056 thr/prcssthr.32
                0x00000000c001cd6c                changeTSS
                0x00000000c001cd9c                Process::addArgs(char**)
                0x00000000c001cdf6                Process::Process(char const*, Process*, char**)
                0x00000000c001cdf6                Process::Process(char const*, Process*, char**)
                0x00000000c001cfda                Process::Process(bool, char const*, Process*, char**)
                0x00000000c001cfda                Process::Process(bool, char const*, Process*, char**)
                0x00000000c001d189                disableIRQs()
                0x00000000c001d191                getIRQNestingLevel()
                0x00000000c001d197                enableIRQs()
                0x00000000c001d1a6                lockScheduler()
                0x00000000c001d1a8                unlockScheduler()
                0x00000000c001d1aa                userModeEntryPoint(void*)
                0x00000000c001d1cd                lockStuff()
                0x00000000c001d1d9                taskStartupFunction
                0x00000000c001d1e2                updateTimeUsed()
                0x00000000c001d247                switchToThread(ThreadControlBlock*)
                0x00000000c001d298                Semaphore::Semaphore(int)
                0x00000000c001d298                Semaphore::Semaphore(int)
                0x00000000c001d2c6                Mutex::Mutex()
                0x00000000c001d2c6                Mutex::Mutex()
                0x00000000c001d2d8                Process::createThread(void (*)(void*), void*, int)
                0x00000000c001d3bc                Process::createUserThread()
                0x00000000c001d3d8                setupMultitasking(void (*)())
                0x00000000c001d4e2                schedule()
                0x00000000c001d567                unlockStuff()
                0x00000000c001d59c                Semaphore::tryAcquire()
                0x00000000c001d5ca                Semaphore::assertLocked(char const*)
                0x00000000c001d5fa                blockTaskWithSchedulerLockAlreadyHeld(TaskState)
                0x00000000c001d63c                blockTask(TaskState)
                0x00000000c001d65d                waitTask(int, int*, int)
                0x00000000c001d69f                nanoSleepUntil(unsigned long long)
                0x00000000c001d6f6                nanoSleep(unsigned long long)
                0x00000000c001d70b                sleep(unsigned long long)
                0x00000000c001d728                Semaphore::acquire()
                0x00000000c001d790                taskReturned
                0x00000000c001d7be                unblockTask(ThreadControlBlock*)
                0x00000000c001d86d                cleanupTerminatedTask(ThreadControlBlock*)
                0x00000000c001db36                cleanerTaskFunction(void*)
                0x00000000c001dbe9                terminateTask(int)
                0x00000000c001dcc9                Thr::terminateFromIRQ(int)
                0x00000000c001dcd6                Semaphore::release()
 .text          0x00000000c001ddc2      0xc26 vm86/vm8086.32
                0x00000000c001ddc2                Vm::inbv(unsigned short)
                0x00000000c001ddd5                Vm::outbv(unsigned short, unsigned char)
                0x00000000c001de28                Vm::realToLinear(unsigned short, unsigned short)
                0x00000000c001de38                Vm::getSegment(unsigned int)
                0x00000000c001de40                Vm::getOffset(unsigned int)
                0x00000000c001de45                Vm::mainloop2()
                0x00000000c001de80                Vm::mainVm8086Loop(void*)
                0x00000000c001de8d                Vm::mainloop3(unsigned long)
                0x00000000c001deb7                Vm::initialise8086()
                0x00000000c001defa                Vm::finish8086()
                0x00000000c001df3f                Vm::getOutput8086(unsigned char*)
                0x00000000c001df69                Vm::start8086(char const*, unsigned short, unsigned short, unsigned short, unsigned short)
                0x00000000c001e0b9                Vm::doISR(regs*, int, unsigned char*, unsigned short, unsigned short)
                0x00000000c001e143                Vm::readByteFromReal(unsigned short, unsigned short)
                0x00000000c001e154                Vm::readWordFromReal(unsigned short, unsigned short)
                0x00000000c001e166                Vm::readDwordFromReal(unsigned short, unsigned short)
                0x00000000c001e177                Vm::writeByteFromReal(unsigned short, unsigned short, unsigned char)
                0x00000000c001e18c                Vm::writeWordFromReal(unsigned short, unsigned short, unsigned short)
                0x00000000c001e1a2                Vm::writeDwordFromReal(unsigned short, unsigned short, unsigned int)
                0x00000000c001e1b7                Vm::faultHandler(regs*)
 .text          0x00000000c001e9e8      0xefd vm86/x87em.32
                0x00000000c001e9e8                Vm::fpuInternalTo32(unsigned long long)
                0x00000000c001ea43                Vm::fpuInternalTo64(unsigned long long)
                0x00000000c001ea4c                Vm::fpu32ToInternal(unsigned int)
                0x00000000c001ea91                Vm::fpu64ToInternal(unsigned long long)
                0x00000000c001ea9a                Vm::fpuFloatToLong(unsigned long long)
                0x00000000c001eaf5                Vm::fpuULongToFloat(unsigned long long)
                0x00000000c001eb2b                Vm::fpuLongToFloat(long long)
                0x00000000c001eb81                Vm::fpuGet0()
                0x00000000c001eb86                Vm::fpuGet1()
                0x00000000c001eb8e                Vm::fpuGetPi()
                0x00000000c001eb96                Vm::fpuGetLog2E()
                0x00000000c001ebae                Vm::fpuGetLogE2()
                0x00000000c001ebc6                Vm::fpuGetLog210()
                0x00000000c001ebde                Vm::fpuGetLog102()
                0x00000000c001ebf6                Vm::fpuIsSecondLarger(unsigned long long, unsigned long long)
                0x00000000c001ec0a                Vm::fpuAreEqual(unsigned long long, unsigned long long)
                0x00000000c001ec20                Vm::fpuUnorderedCompare(unsigned long long, unsigned long long)
                0x00000000c001ec73                Vm::fpuAdd(unsigned long long, unsigned long long)
                0x00000000c001ec84                Vm::fpuAbs(unsigned long long)
                0x00000000c001ec8d                Vm::fpuChs(unsigned long long)
                0x00000000c001ec9d                Vm::fpuSub(unsigned long long, unsigned long long)
                0x00000000c001ecac                Vm::fpuMultiply(unsigned long long, unsigned long long)
                0x00000000c001eccb                Vm::fpuDivide(unsigned long long, unsigned long long)
                0x00000000c001ece7                Vm::fpuSquare(unsigned long long)
                0x00000000c001ecfd                Vm::fpuGetReg(int)
                0x00000000c001ed40                Vm::fpuSetReg(int, unsigned long long)
                0x00000000c001ed8b                Vm::fpuPush(unsigned long long)
                0x00000000c001ede8                Vm::fpuPop()
                0x00000000c001ee3a                Vm::x87Handler(regs*)
 *fill*         0x00000000c001f8e5        0x1 
 .text          0x00000000c001f8e6     0x10ed fs/fat/vfslink.32
                0x00000000c001f8e6                FAT::getName()
                0x00000000c001f8ec                FAT::tell(void*, unsigned long long*)
                0x00000000c001f920                FAT::stat(void*, unsigned long long*)
                0x00000000c001f954                FAT::~FAT()
                0x00000000c001f954                FAT::~FAT()
                0x00000000c001f978                FAT::~FAT()
                0x00000000c001f9a0                FAT::getlabel(LogicalDisk*, int, char*, unsigned int*)
                0x00000000c001fa3e                FAT::setlabel(LogicalDisk*, int, char*)
                0x00000000c001faf8                FAT::format(LogicalDisk*, int, char const*, int)
                0x00000000c001fcdc                FAT::tryMount(LogicalDisk*, int)
                0x00000000c001fee2                FAT::readDir(void*, unsigned long, void*, int*)
                0x00000000c001ffe8                FAT::read(void*, unsigned long, void*, int*)
                0x00000000c0020042                FAT::write(void*, unsigned long, void*, int*)
                0x00000000c002009c                FAT::close(void*)
                0x00000000c00200e8                FAT::closeDir(void*)
                0x00000000c0020134                FAT::seek(void*, unsigned long long)
                0x00000000c0020188                fatWrapperReadDisk
                0x00000000c00201cf                fatWrapperWriteDisk
                0x00000000c0020216                fatWrapperIoctl
                0x00000000c002031a                FAT::FAT()
                0x00000000c002031a                FAT::FAT()
                0x00000000c002036c                FAT::fixFilepath(char*)
                0x00000000c00203a4                FAT::open(char const*, void**, FileOpenMode)
                0x00000000c00204cc                FAT::openDir(char const*, void**)
                0x00000000c0020572                FAT::stat(char const*, unsigned long long*, bool*)
                0x00000000c002065c                FAT::unlink(char const*)
                0x00000000c00206d6                FAT::chfatattr(char const*, unsigned char, unsigned char)
                0x00000000c002082a                FAT::rename(char const*, char const*)
                0x00000000c00208ee                FAT::mkdir(char const*)
                0x00000000c0020968                FAT::exists(char const*)
 *fill*         0x00000000c00209d3        0x1 
 .text          0x00000000c00209d4      0xbc1 fs/iso9660/vfslink.32
                0x00000000c00209d4                ISO9660::format(LogicalDisk*, int, char const*, int)
                0x00000000c00209da                ISO9660::seek(void*, unsigned long long)
                0x00000000c0020a0a                ISO9660::tell(void*, unsigned long long*)
                0x00000000c0020a2e                ISO9660::getName()
                0x00000000c0020a34                ISO9660::stat(void*, unsigned long long*)
                0x00000000c0020a58                ISO9660::chfatattr(char const*, unsigned char, unsigned char)
                0x00000000c0020a5e                ISO9660::unlink(char const*)
                0x00000000c0020a64                ISO9660::write(void*, unsigned long, void*, int*)
                0x00000000c0020a6a                ISO9660::rename(char const*, char const*)
                0x00000000c0020a70                ISO9660::mkdir(char const*)
                0x00000000c0020a76                ISO9660::close(void*)
                0x00000000c0020a98                ISO9660::closeDir(void*)
                0x00000000c0020aba                ISO9660::~ISO9660()
                0x00000000c0020aba                ISO9660::~ISO9660()
                0x00000000c0020ade                ISO9660::~ISO9660()
                0x00000000c0020b05                __memmem(unsigned char*, int, unsigned char*, int)
                0x00000000c0020b47                readSectorFromCDROM(unsigned int, unsigned char*, char)
                0x00000000c0020bae                ISO9660::tryMount(LogicalDisk*, int)
                0x00000000c0020bfe                ISO9660::read(void*, unsigned long, void*, int*)
                0x00000000c0020dfe                ISO9660::readDir(void*, unsigned long, void*, int*)
                0x00000000c002108b                readRoot(unsigned int*, unsigned int*, char)
                0x00000000c00210e0                readRecursively(char*, unsigned int, unsigned int, unsigned int*, unsigned int*, char, int*)
                0x00000000c00212b3                getFileData(char*, unsigned int*, unsigned int*, char, int*)
                0x00000000c0021342                ISO9660::open(char const*, void**, FileOpenMode)
                0x00000000c0021402                ISO9660::exists(char const*)
                0x00000000c0021426                ISO9660::stat(char const*, unsigned long long*, bool*)
                0x00000000c00214ba                ISO9660::openDir(char const*, void**)
                0x00000000c0021572                ISO9660::ISO9660()
                0x00000000c0021572                ISO9660::ISO9660()
 *fill*         0x00000000c0021595        0x1 
 .text          0x00000000c0021596      0x326 hal/sound/sndchannel.32
                0x00000000c0021596                SoundChannel::~SoundChannel()
                0x00000000c0021596                SoundChannel::~SoundChannel()
                0x00000000c00215b2                SoundChannel::setSpeed(float)
                0x00000000c00215be                SoundChannel::getSpeed()
                0x00000000c00215c6                SoundChannel::setVolume(int)
                0x00000000c00215e2                SoundChannel::getVolume()
                0x00000000c00215ea                SoundChannel::pause()
                0x00000000c00215f4                SoundChannel::SoundChannel(int, int, int, int)
                0x00000000c00215f4                SoundChannel::SoundChannel(int, int, int, int)
                0x00000000c002174a                SoundChannel::play()
                0x00000000c0021754                SoundChannel::paused()
                0x00000000c002175c                SoundChannel::getSampleRate()
                0x00000000c0021764                SoundChannel::getBits()
                0x00000000c002176c                SoundChannel::getBufferUsed()
                0x00000000c0021774                SoundChannel::getBufferSize()
                0x00000000c002177c                SoundChannel::unbuffer(float*, int, int)
                0x00000000c002181c                SoundChannel::buffer8(unsigned char*, int)
 .text          0x00000000c00218bc      0x3d5 hal/sound/sndhw.32
                0x00000000c00218bc                SoundDevice::SoundDevice(char const*)
                0x00000000c00218bc                SoundDevice::SoundDevice(char const*)
                0x00000000c0021928                SoundDevice::~SoundDevice()
                0x00000000c0021928                SoundDevice::~SoundDevice()
                0x00000000c00219a2                SoundDevice::~SoundDevice()
                0x00000000c00219cc                SoundDevice::getFreeChannelNum()
                0x00000000c00219e6                SoundDevice::addChannel(SoundChannel*)
                0x00000000c0021a56                SoundDevice::removeChannel(int)
                0x00000000c0021a88                SoundDevice::floatTo8(float*, unsigned char*, int)
                0x00000000c0021b70                SoundDevice::getAudio(int, float*, float*)
 .text          0x00000000c0021c91        0x0 hw/bus/isa.32
 *fill*         0x00000000c0021c91        0x1 
 .text          0x00000000c0021c92      0x6c3 hw/bus/pci.32
                0x00000000c0021c92                PCI::open(int, int, void*)
                0x00000000c0021ca6                PCI::close(int, int, void*)
                0x00000000c0021caa                PCI::PCI()
                0x00000000c0021caa                PCI::PCI()
                0x00000000c0021d2a                PCI::pciReadWord(unsigned char, unsigned char, unsigned char, unsigned char)
                0x00000000c0021d72                PCI::getVendorID(unsigned char, unsigned char, unsigned char)
                0x00000000c0021d94                PCI::getHeaderType(unsigned char, unsigned char, unsigned char)
                0x00000000c0021db8                PCI::getClassCode(unsigned char, unsigned char, unsigned char)
                0x00000000c0021dfc                PCI::getProgIF(unsigned char, unsigned char, unsigned char)
                0x00000000c0021e20                PCI::getRevisionID(unsigned char, unsigned char, unsigned char)
                0x00000000c0021e42                PCI::getInterruptNumber(unsigned char, unsigned char, unsigned char)
                0x00000000c0021e64                PCI::getSecondaryBus(unsigned char, unsigned char, unsigned char)
                0x00000000c0021e88                PCI::getBARAddress(unsigned char, unsigned char, unsigned char, unsigned char)
                0x00000000c0021ee8                PCI::pciWriteWord(unsigned char, unsigned char, unsigned char, unsigned char, unsigned short)
                0x00000000c0021f54                PCI::checkBus(unsigned char)
                0x00000000c0021f78                PCI::foundDevice(PCIDeviceInfo)
                0x00000000c00220ea                PCI::getDeviceData(unsigned char, unsigned char, unsigned char)
                0x00000000c0022296                PCI::checkDevice(unsigned char, unsigned char)
                0x00000000c0022302                PCI::detect()
 *fill*         0x00000000c0022355        0x1 
 .text          0x00000000c0022356      0xc70 hw/diskctrl/ide.32
                0x00000000c0022356                IDE::close(int, int, void*)
                0x00000000c002235a                IDE::IDE()
                0x00000000c002235a                IDE::IDE()
                0x00000000c002238e                IDE::prepareInterrupt(unsigned char)
                0x00000000c00223a0                selectDrive(unsigned char, unsigned char)
                0x00000000c00223a2                IDE::getBase(unsigned char)
                0x00000000c00223b4                IDE::write(unsigned char, unsigned char, unsigned char)
                0x00000000c0022474                IDE::read(unsigned char, unsigned char)
                0x00000000c0022522                IDE::waitInterrupt(unsigned char)
                0x00000000c0022588                ideChannel0IRQHandler(regs*, void*)
                0x00000000c00225a4                ideChannel1IRQHandler(regs*, void*)
                0x00000000c00225c0                IDE::enableIRQs(unsigned char, bool)
                0x00000000c0022606                IDE::open(int, int, void*)
                0x00000000c0022a16                IDE::readBuffer(unsigned char, unsigned char, unsigned int, unsigned int)
                0x00000000c0022ae2                IDE::detect()
                0x00000000c0022dca                IDE::printError(unsigned char, unsigned char, unsigned char)
                0x00000000c0022f60                IDE::polling(unsigned char, unsigned int)
 .text          0x00000000c0022fc6      0x37a hw/diskctrl/satabus.32
                0x00000000c0022fc6                SATABus::close(int, int, void*)
                0x00000000c0022fca                SATABus::detect()
                0x00000000c0022fcc                SATABus::SATABus()
                0x00000000c0022fcc                SATABus::SATABus()
                0x00000000c0023078                SATABus::findCmdslot(SATABus::tagHBA_PORT volatile*)
                0x00000000c00230c0                SATABus::checkType(SATABus::tagHBA_PORT volatile*)
                0x00000000c0023108                SATABus::startCmd(SATABus::tagHBA_PORT volatile*)
                0x00000000c0023128                SATABus::stopCmd(SATABus::tagHBA_PORT volatile*)
                0x00000000c0023152                SATABus::portRebase(SATABus::tagHBA_PORT volatile*, int)
                0x00000000c0023258                SATABus::probePort(SATABus::tagHBA_MEM volatile*)
                0x00000000c0023320                SATABus::open(int, int, void*)
 .text          0x00000000c0023340      0x632 hw/diskphys/ata.32
                0x00000000c0023340                ATA::close(int, int, void*)
                0x00000000c0023364                ATA::powerSaving(PowerSavingLevel)
                0x00000000c0023366                ATA::ATA()
                0x00000000c0023366                ATA::ATA()
                0x00000000c0023394                ATA::flush(bool)
                0x00000000c00233de                ATA::readyForCommand()
                0x00000000c002342e                ATA::access(unsigned long long, int, void*, bool)
                0x00000000c00237ac                ATA::read(unsigned long long, int, void*)
                0x00000000c0023814                ATA::write(unsigned long long, int, void*)
                0x00000000c002387c                ATA::detectCHS()
                0x00000000c00238a6                ATA::open(int, int, void*)
 .text          0x00000000c0023972      0x5bb hw/diskphys/atapi.32
                0x00000000c0023972                ATAPI::write(unsigned long long, int, void*)
                0x00000000c0023978                ATAPI::close(int, int, void*)
                0x00000000c002399c                ATAPI::ATAPI()
                0x00000000c002399c                ATAPI::ATAPI()
                0x00000000c00239ca                ATAPI::readyForCommand()
                0x00000000c0023a1a                ATAPI::sendPacket(unsigned char*, int, bool, unsigned short*, int)
                0x00000000c0023cda                ATAPI::diskRemoved()
                0x00000000c0023cf6                ATAPI::eject()
                0x00000000c0023d3c                ATAPI::diskInserted()
                0x00000000c0023d6a                ATAPI::detectMedia()
                0x00000000c0023e26                ATAPI::open(int, int, void*)
                0x00000000c0023eae                ATAPI::read(unsigned long long, int, void*)
 *fill*         0x00000000c0023f2d        0x1 
 .text          0x00000000c0023f2e      0x4b2 hw/diskphys/sata.32
                0x00000000c0023f2e                SATA::close(int, int, void*)
                0x00000000c0023f52                SATA::powerSaving(PowerSavingLevel)
                0x00000000c0023f54                SATA::open(int, int, void*)
                0x00000000c0023fee                SATA::SATA()
                0x00000000c0023fee                SATA::SATA()
                0x00000000c002401c                SATA::access(unsigned long long, int, void*, bool)
                0x00000000c00242fe                SATA::read(unsigned long long, int, void*)
                0x00000000c0024378                SATA::write(unsigned long long, int, void*)
 .text          0x00000000c00243e0       0x8e hw/fpu/avx.32
                0x00000000c00243e0                AVX::open(int, int, void*)
                0x00000000c00243f2                AVX::close(int, int, void*)
                0x00000000c0024404                AVX::available()
                0x00000000c0024416                AVX::save(void*)
                0x00000000c002442e                AVX::load(void*)
                0x00000000c0024446                AVX::AVX()
                0x00000000c0024446                AVX::AVX()
 .text          0x00000000c002446e       0x90 hw/fpu/mmx.32
                0x00000000c002446e                MMX::available()
                0x00000000c0024482                MMX::open(int, int, void*)
                0x00000000c0024494                MMX::close(int, int, void*)
                0x00000000c00244a6                MMX::save(void*)
                0x00000000c00244be                MMX::load(void*)
                0x00000000c00244d6                MMX::MMX()
                0x00000000c00244d6                MMX::MMX()
 .text          0x00000000c00244fe       0x96 hw/fpu/sse.32
                0x00000000c00244fe                SSE::open(int, int, void*)
                0x00000000c0024510                SSE::close(int, int, void*)
                0x00000000c0024522                SSE::available()
                0x00000000c002453c                SSE::save(void*)
                0x00000000c0024554                SSE::load(void*)
                0x00000000c002456c                SSE::SSE()
                0x00000000c002456c                SSE::SSE()
 .text          0x00000000c0024594       0x8e hw/fpu/x87.32
                0x00000000c0024594                x87::open(int, int, void*)
                0x00000000c00245a6                x87::close(int, int, void*)
                0x00000000c00245b8                x87::available()
                0x00000000c00245ca                x87::save(void*)
                0x00000000c00245e2                x87::load(void*)
                0x00000000c00245fa                x87::x87()
                0x00000000c00245fa                x87::x87()
 .text          0x00000000c0024622      0x71e hw/intctrl/apic.32
                0x00000000c0024622                APIC::disable()
                0x00000000c0024624                APIC::close(int, int, void*)
                0x00000000c0024646                IOAPIC::close(int, int, void*)
                0x00000000c002464c                APIC::io_wait()
                0x00000000c0024652                APIC::getBase()
                0x00000000c0024694                APIC::eoi(unsigned char)
                0x00000000c00246c2                APIC::open(int, int, void*)
                0x00000000c0024810                IOAPIC::IOAPIC()
                0x00000000c0024810                IOAPIC::IOAPIC()
                0x00000000c0024838                APIC::APIC()
                0x00000000c0024838                APIC::APIC()
                0x00000000c0024914                IOAPIC::handlesGSIWithNumber(unsigned int)
                0x00000000c0024946                IOAPIC::read(int)
                0x00000000c002496e                IOAPIC::open(int, int, void*)
                0x00000000c0024a64                IOAPIC::write(int, int)
                0x00000000c0024a90                IOAPIC::redirect(unsigned char, unsigned long long, unsigned char, bool, bool)
                0x00000000c0024b8a                APIC::installIRQHandler(int, void (*)(regs*, void*), bool, void*)
 .text          0x00000000c0024d40      0x3d3 hw/intctrl/pic.32
                0x00000000c0024d40                PIC::disable()
                0x00000000c0024d6e                PIC::close(int, int, void*)
                0x00000000c0024d90                PIC::PIC()
                0x00000000c0024d90                PIC::PIC()
                0x00000000c0024e66                PIC::ioWait()
                0x00000000c0024e6c                PIC::getIRQReg(int)
                0x00000000c0024ed6                PIC::eoi(unsigned char)
                0x00000000c0024f68                PIC::remap()
                0x00000000c00250d4                PIC::open(int, int, void*)
 *fill*         0x00000000c0025113        0x1 
 .text          0x00000000c0025114      0x25e hw/timer/apictimer.32
                0x00000000c0025114                APICTimer::close(int, int, void*)
                0x00000000c002511a                apicTimerHandler(regs*, void*)
                0x00000000c0025148                APICTimer::write(int)
                0x00000000c002524c                APICTimer::open(int, int, void*)
                0x00000000c002534a                APICTimer::APICTimer()
                0x00000000c002534a                APICTimer::APICTimer()
 .text          0x00000000c0025372      0x1a7 hw/timer/pit.32
                0x00000000c0025372                PIT::write(int)
                0x00000000c00253f0                pitHandler(regs*, void*)
                0x00000000c002541c                PIT::open(int, int, void*)
                0x00000000c002546a                PIT::close(int, int, void*)
                0x00000000c002549a                PIT::PIT()
                0x00000000c002549a                PIT::PIT()
 *fill*         0x00000000c0025519        0x7 
 .text          0x00000000c0025520       0x1e hw/fpu/x86/avx.32
                0x00000000c0025520                avxDetect
                0x00000000c0025526                avxSave
                0x00000000c0025527                avxLoad
                0x00000000c0025528                avxInit
                0x00000000c0025529                avxClose
                0x00000000c002552a                wouldSheSayYes
 *fill*         0x00000000c002553e        0x2 
 .text          0x00000000c0025540       0x35 hw/fpu/x86/sse.32
                0x00000000c0025540                absolutelyNoChanceInHell
                0x00000000c0025540                sseDetect
                0x00000000c0025558                sseSave
                0x00000000c002555e                sseLoad
                0x00000000c0025564                sseInit
                0x00000000c0025574                sseClose
 *fill*         0x00000000c0025575        0xb 
 .text          0x00000000c0025580       0x47 hw/fpu/x86/x87.32
                0x00000000c0025586                x87Detect
                0x00000000c00255a1                x87Save
                0x00000000c00255a7                x87Load
                0x00000000c00255ac                x87Init
                0x00000000c00255c6                x87Close
 *fill*         0x00000000c00255c7        0x1 
 .text          0x00000000c00255c8       0x25 /cygdrive/d/Users/Alex/Desktop/Toolchain/Output/bin/../lib/gcc/i386-banana/8.1.0/crtend.o
 .text          0x00000000c00255ed        0x0 crtn.32
 *fill*         0x00000000c00255ed        0x3 
 .text          0x00000000c00255f0      0x14b /cygdrive/d/Users/Alex/Desktop/Toolchain/Output/bin/../lib/gcc/i386-banana/8.1.0/libkgcc.a(_divdi3.o)
                0x00000000c00255f0                __divdi3
 *fill*         0x00000000c002573b        0x1 
 .text          0x00000000c002573c      0x17e /cygdrive/d/Users/Alex/Desktop/Toolchain/Output/bin/../lib/gcc/i386-banana/8.1.0/libkgcc.a(_moddi3.o)
                0x00000000c002573c                __moddi3
 *fill*         0x00000000c00258ba        0x2 
 .text          0x00000000c00258bc       0xff /cygdrive/d/Users/Alex/Desktop/Toolchain/Output/bin/../lib/gcc/i386-banana/8.1.0/libkgcc.a(_udivdi3.o)
                0x00000000c00258bc                __udivdi3
 *fill*         0x00000000c00259bb        0x1 
 .text          0x00000000c00259bc      0x11a /cygdrive/d/Users/Alex/Desktop/Toolchain/Output/bin/../lib/gcc/i386-banana/8.1.0/libkgcc.a(_umoddi3.o)
                0x00000000c00259bc                __umoddi3
 .text          0x00000000c0025ad6      0x96d D:/Users/Alex/Desktop/Banana/kernel/libsoftfp.a(sfieeelib.o)
                0x00000000c0025ad6                __addsf3
                0x00000000c0025dd8                __subsf3
                0x00000000c0025dec                __negsf2
                0x00000000c0025df9                __mulsf3
                0x00000000c0025fbc                __divsf3
                0x00000000c00261e7                __floatsisf
                0x00000000c002625b                __floatunsisf
                0x00000000c002629d                __fixsfsi
                0x00000000c00262ff                __fixunssfsi
                0x00000000c0026330                __cmpsf2
                0x00000000c00263c5                __eqsf2
                0x00000000c0026400                __nesf2
                0x00000000c0026402                __gtsf2
                0x00000000c002643d                __gesf2
                0x00000000c002643f                __ltsf2
                0x00000000c0026441                __lesf2
 .text          0x00000000c0026443      0xf50 D:/Users/Alex/Desktop/Banana/kernel/libsoftfp.a(dfieeelib.o)
                0x00000000c0026443                __adddf3
                0x00000000c0026a94                __subdf3
                0x00000000c0026aaf                __negdf2
                0x00000000c0026ac0                __muldf3
                0x00000000c0026da4                __divdf3
                0x00000000c0027123                __floatsidf
                0x00000000c002717e                __floatunsidf
                0x00000000c00271bc                __fixdfsi
                0x00000000c0027229                __fixunsdfsi
                0x00000000c0027265                __cmpdf2
                0x00000000c0027353                __eqdf2
                0x00000000c002736f                __nedf2
                0x00000000c0027371                __gtdf2
                0x00000000c002738d                __gedf2
                0x00000000c002738f                __ltdf2
                0x00000000c0027391                __ledf2
 .text          0x00000000c0027393      0x18d D:/Users/Alex/Desktop/Banana/kernel/libsoftfp.a(sfdfcvt.o)
                0x00000000c0027393                __truncdfsf2
                0x00000000c00274b7                __extendsfdf2
 .text          0x00000000c0027520       0x1e D:/Users/Alex/Desktop/Banana/kernel/libk/libm32.a(s_fabs.c.o)
                0x00000000c0027520                fabs
 *fill*         0x00000000c002753e        0x2 
 .text          0x00000000c0027540        0xc D:/Users/Alex/Desktop/Banana/kernel/libk/libm32.a(s_lrint.S.o)
                0x00000000c0027540                lrint
 .text          0x00000000c002754c        0xc D:/Users/Alex/Desktop/Banana/kernel/libk/libm32.a(s_lrintf.S.o)
                0x00000000c002754c                lrintf
 *(.gnu.linkonce.t*)

.iplt           0x00000000c0027558        0x0
 .iplt          0x00000000c0027558        0x0 D:/Users/Alex/Desktop/Banana/kernel/boot.32

.init           0x00000000c0027558        0xf
 .init          0x00000000c0027558        0x3 crti.32
                0x00000000c0027558                _init
 .init          0x00000000c002755b        0x5 /cygdrive/d/Users/Alex/Desktop/Toolchain/Output/bin/../lib/gcc/i386-banana/8.1.0/crtbegin.o