Archive member included to satisfy reference by file (symbol)

/cygdrive/d/Users/Alex/Desktop/Toolchain/Output/bin/../lib/gcc/i386-banana/8.1.0/libkgcc.a(_divdi3.o)
                              krnl/resolve.32 (__divdi3)
/cygdrive/d/Users/Alex/Desktop/Toolchain/Output/bin/../lib/gcc/i386-banana/8.1.0/libkgcc.a(_moddi3.o)
                              krnl/resolve.32 (__moddi3)
/cygdrive/d/Users/Alex/Desktop/Toolchain/Output/bin/../lib/gcc/i386-banana/8.1.0/libkgcc.a(_udivdi3.o)
                              hal/clock.32 (__udivdi3)
/cygdrive/d/Users/Alex/Desktop/Toolchain/Output/bin/../lib/gcc/i386-banana/8.1.0/libkgcc.a(_umoddi3.o)
                              core/pipe.32 (__umoddi3)

Allocating common symbols
Common symbol       size              file

dcache              0x40              fs/iso9660/iso9660.32
cdDriveLetter       0x1               fs/iso9660/iso9660.32
icache              0x40              fs/iso9660/iso9660.32

Discarded input sections

 .comment       0x0000000000000000       0x12 /cygdrive/d/Users/Alex/Desktop/Toolchain/Output/bin/../lib/gcc/i386-banana/8.1.0/crtbegin.o
 .comment       0x0000000000000000       0x12 acpica/utclib.32
 .comment       0x0000000000000000       0x12 core/malloc.32
 .comment       0x0000000000000000       0x12 libk/ctype.32
 .comment       0x0000000000000000       0x12 libk/string.32
 .comment       0x0000000000000000       0x12 fs/fat/diskio.32
 .comment       0x0000000000000000       0x12 fs/fat/ff.32
 .comment       0x0000000000000000       0x12 fs/fat/ffsystem.32
 .comment       0x0000000000000000       0x12 fs/fat/ffunicode.32
 .comment       0x0000000000000000       0x12 fs/iso9660/iso9660.32
 .group         0x0000000000000000       0x14 core/computer.32
 .group         0x0000000000000000        0xc core/computer.32
 .comment       0x0000000000000000       0x12 core/computer.32
 .comment       0x0000000000000000       0x12 core/gdt.32
 .group         0x0000000000000000        0xc core/idle.32
 .comment       0x0000000000000000       0x12 core/idle.32
 .comment       0x0000000000000000       0x12 core/idt.32
 .comment       0x0000000000000000       0x12 core/kheap.32
 .comment       0x0000000000000000       0x12 core/main.32
 .comment       0x0000000000000000       0x12 core/physmgr.32
 .group         0x0000000000000000        0xc core/pipe.32
 .comment       0x0000000000000000       0x12 core/pipe.32
 .group         0x0000000000000000        0xc core/terminal.32
 .comment       0x0000000000000000       0x12 core/terminal.32
 .comment       0x0000000000000000       0x12 core/tss.32
 .group         0x0000000000000000        0x8 core/unixfile.32
 .group         0x0000000000000000        0x8 core/unixfile.32
 .group         0x0000000000000000        0xc core/unixfile.32
 .group         0x0000000000000000        0x8 core/unixfile.32
 .group         0x0000000000000000        0xc core/unixfile.32
 .group         0x0000000000000000        0x8 core/unixfile.32
 .group         0x0000000000000000        0xc core/unixfile.32
 .group         0x0000000000000000        0xc core/unixfile.32
 .comment       0x0000000000000000       0x12 core/unixfile.32
 .comment       0x0000000000000000       0x12 core/virtmgr.32
 .comment       0x0000000000000000       0x12 coreobjs/c++.32
 .comment       0x0000000000000000       0x12 dbg/kconsole.32
 .group         0x0000000000000000        0xc fs/vfs.32
 .group         0x0000000000000000        0xc fs/vfs.32
 .group         0x0000000000000000        0xc fs/vfs.32
 .comment       0x0000000000000000       0x12 fs/vfs.32
 .group         0x0000000000000000        0xc hal/bus.32
 .comment       0x0000000000000000       0x12 hal/bus.32
 .comment       0x0000000000000000       0x12 hal/buzzer.32
 .group         0x0000000000000000        0xc hal/clock.32
 .comment       0x0000000000000000       0x12 hal/clock.32
 .group         0x0000000000000000       0x14 hal/device.32
 .group         0x0000000000000000        0xc hal/device.32
 .group         0x0000000000000000        0x8 hal/device.32
 .group         0x0000000000000000        0xc hal/device.32
 .group         0x0000000000000000        0xc hal/device.32
 .comment       0x0000000000000000       0x12 hal/device.32
 .group         0x0000000000000000        0xc hal/diskctrl.32
 .comment       0x0000000000000000       0x12 hal/diskctrl.32
 .group         0x0000000000000000        0xc hal/diskphys.32
 .comment       0x0000000000000000       0x12 hal/diskphys.32
 .comment       0x0000000000000000       0x12 hal/fpu.32
 .comment       0x0000000000000000       0x12 hal/intctrl.32
 .group         0x0000000000000000        0xc hal/keybrd.32
 .comment       0x0000000000000000       0x12 hal/keybrd.32
 .group         0x0000000000000000        0xc hal/logidisk.32
 .comment       0x0000000000000000       0x12 hal/logidisk.32
 .group         0x0000000000000000        0xc hal/mouse.32
 .comment       0x0000000000000000       0x12 hal/mouse.32
[...]
Memory Configuration

Name             Origin             Length             Attributes
*default*        0x0000000000000000 0xffffffffffffffff

Linker script and memory map

LOAD D:/Users/Alex/Desktop/Banana/kernel/boot.32
LOAD crti.32
LOAD /cygdrive/d/Users/Alex/Desktop/Toolchain/Output/bin/../lib/gcc/i386-banana/8.1.0/crtbegin.o
LOAD D:/Users/Alex/Desktop/Banana/kernel/morenasm.32
LOAD acpica/utclib.32
LOAD core/malloc.32
LOAD libk/ctype.32
LOAD libk/string.32
LOAD fs/fat/diskio.32
LOAD fs/fat/ff.32
LOAD fs/fat/ffsystem.32
LOAD fs/fat/ffunicode.32
LOAD fs/iso9660/iso9660.32
LOAD core/computer.32
LOAD core/gdt.32
LOAD core/idle.32
LOAD core/idt.32
LOAD core/kheap.32
LOAD core/main.32
LOAD core/physmgr.32
LOAD core/pipe.32
LOAD core/terminal.32
LOAD core/tss.32
LOAD core/unixfile.32
LOAD core/virtmgr.32
LOAD coreobjs/c++.32
LOAD dbg/kconsole.32
LOAD fs/vfs.32
LOAD hal/bus.32
LOAD hal/buzzer.32
LOAD hal/clock.32
LOAD hal/device.32
LOAD hal/diskctrl.32
LOAD hal/diskphys.32
LOAD hal/fpu.32
LOAD hal/intctrl.32
LOAD hal/keybrd.32
LOAD hal/logidisk.32
LOAD hal/mouse.32
LOAD hal/partition.32
LOAD hal/serial.32
LOAD hal/timer.32
LOAD hal/vcache.32
LOAD hal/video.32
LOAD hw/acpi.32
LOAD hw/cpu.32
LOAD krnl/bootmsg.32
LOAD krnl/env.32
LOAD krnl/inlines.32
LOAD krnl/panic.32
LOAD krnl/powctrl.32
LOAD krnl/resolve.32
LOAD krnl/signal.32
LOAD krnl/syscalls.32
LOAD reg/registry.32
LOAD sys/eject.32
LOAD sys/exit.32
LOAD sys/getcwd.32
LOAD sys/getpid.32
LOAD sys/getramdata.32
LOAD sys/getvgaptr.32
LOAD sys/loaddll.32
LOAD sys/read.32
LOAD sys/registersignal.32
LOAD sys/sbrk.32
LOAD sys/setcwd.32
LOAD sys/settime.32
LOAD sys/timezone.32
LOAD sys/write.32
LOAD sys/wsbe.32
LOAD sys/yield.32
LOAD thr/elf.32
LOAD thr/prcssthr.32
LOAD vm86/vm8086.32
LOAD arch/i386/hal.32
LOAD arch/i386/pic.32
LOAD arch/i386/rtc.32
LOAD arch/i386/vga.32
LOAD fs/fat/vfslink.32
LOAD fs/iso9660/helper.32
LOAD fs/iso9660/vfslink.32
LOAD hal/sound/sndcard.32
LOAD hal/sound/sndport.32
LOAD hw/bus/isa.32
LOAD hw/bus/pci.32
LOAD hw/diskctrl/ide.32
LOAD hw/diskctrl/satabus.32
LOAD hw/diskphys/ata.32
LOAD hw/diskphys/atapi.32
LOAD hw/diskphys/sata.32
LOAD hw/diskphys/satapi.32
LOAD hw/intctrl/apic.32
LOAD hw/timer/apictimer.32
LOAD hw/timer/pit.32
LOAD arch/i386/avx.32
LOAD arch/i386/interrupt.32
LOAD arch/i386/rdrand.32
LOAD arch/i386/sse.32
LOAD arch/i386/x87.32
LOAD /cygdrive/d/Users/Alex/Desktop/Toolchain/Output/bin/../lib/gcc/i386-banana/8.1.0/crtend.o
LOAD crtn.32
LOAD /cygdrive/d/Users/Alex/Desktop/Toolchain/Output/bin/../lib/gcc/i386-banana/8.1.0/libkgcc.a
LOAD D:/Users/Alex/Desktop/Banana/kernel/libsoftfp.a
LOAD D:/Users/Alex/Desktop/Banana/kernel/libk/libm32.a
                0x00000000c0000000                . = 0xc0000000

.text           0x00000000c0000000    0x1c30a
 *(.text)
 .text          0x00000000c0000000       0x20 D:/Users/Alex/Desktop/Banana/kernel/boot.32
 .text          0x00000000c0000020        0x0 crti.32
 .text          0x00000000c0000020      0x101 /cygdrive/d/Users/Alex/Desktop/Toolchain/Output/bin/../lib/gcc/i386-banana/8.1.0/crtbegin.o
 *fill*         0x00000000c0000121        0xf 
 .text          0x00000000c0000130      0x252 D:/Users/Alex/Desktop/Banana/kernel/morenasm.32
                0x00000000c0000130                manualPCIProbe
                0x00000000c000017b                prepareTramp
                0x00000000c0000194                doTPAUSE
                0x00000000c000019e                hasLegacyFPU
                0x00000000c00001c3                is486
                0x00000000c00001f9                detectCPUID
                0x00000000c000020f                goToVM86
                0x00000000c000023f                goToUsermode
                0x00000000c0000269                switchToThreadASMFirstTime
                0x00000000c0000277                switchToThreadASM
                0x00000000c00002ff                asmQuickAcquireLock
                0x00000000c000031d                asmQuickReleaseLock
                0x00000000c0000329                asmAcquireLock
                0x00000000c000034a                asmReleaseLock
                0x00000000c000035d                loadGDT
                0x00000000c000037d                memcpy
 *fill*         0x00000000c0000382        0xe 
 .text          0x00000000c0000390      0x79e acpica/utclib.32
                0x00000000c0000390                memcmp
                0x00000000c00003e0                memmove
                0x00000000c00004d0                memset
                0x00000000c0000540                strlen
                0x00000000c0000570                strpbrk
                0x00000000c00005b0                strtok
                0x00000000c0000600                strcpy
                0x00000000c0000630                strncpy
                0x00000000c00006e0                strcmp
                0x00000000c0000730                strchr
                0x00000000c0000760                strncmp
                0x00000000c00007c0                strcat
                0x00000000c00007f0                strncat
                0x00000000c0000850                strstr
                0x00000000c00008b0                toupper
                0x00000000c00008d0                tolower
                0x00000000c00008f0                simple_strtoul
 .text          0x00000000c0000b2e      0xfad core/malloc.32
                0x00000000c0000c99                dlfree
                0x00000000c0000ff4                dlmalloc
                0x00000000c0001531                dlrealloc
                0x00000000c00016d4                dlmemalign
                0x00000000c00017f7                dlcalloc
                0x00000000c0001891                dlcfree
                0x00000000c0001896                dlindependent_calloc
                0x00000000c00018bb                dlindependent_comalloc
                0x00000000c00018d2                dlvalloc
                0x00000000c00018fd                dlpvalloc
                0x00000000c0001933                dlmalloc_trim
                0x00000000c0001940                dlmalloc_usable_size
                0x00000000c0001971                dlmallinfo
                0x00000000c0001a40                dlmalloc_stats
                0x00000000c0001a51                dlmallopt
 *fill*         0x00000000c0001adb        0x1 
 .text          0x00000000c0001adc      0x1f2 libk/ctype.32
                0x00000000c0001adc                isblank
                0x00000000c0001afc                iscntrl
                0x00000000c0001b1c                isdigit
                0x00000000c0001b38                islower
                0x00000000c0001b54                isspace
                0x00000000c0001b7c                isupper
                0x00000000c0001b98                isalpha
                0x00000000c0001bc8                isalnum
                0x00000000c0001bf8                ispunct
                0x00000000c0001c38                isgraph
                0x00000000c0001c68                isprint
                0x00000000c0001c90                isxdigit
 .text          0x00000000c0001cce        0x0 libk/string.32
 .text          0x00000000c0001cce       0x51 fs/fat/diskio.32
                0x00000000c0001cce                disk_status
                0x00000000c0001cd1                disk_initialize
                0x00000000c0001cd4                disk_read
                0x00000000c0001cea                disk_write
                0x00000000c0001d00                disk_ioctl
 .text          0x00000000c0001d1f     0x3d4b fs/fat/ff.32
                0x00000000c0003abb                f_mount
                0x00000000c0003b1d                f_open
                0x00000000c0003de8                f_read
                0x00000000c0003fe7                f_write
                0x00000000c000421b                f_sync
                0x00000000c00042d0                f_close
                0x00000000c00042ff                f_lseek
                0x00000000c00044a6                f_opendir
                0x00000000c0004571                f_closedir
                0x00000000c0004593                f_readdir
                0x00000000c0004625                f_stat
                0x00000000c00046a4                f_getfree
                0x00000000c00047a6                f_truncate
                0x00000000c000488a                f_unlink
                0x00000000c00049ac                f_mkdir
                0x00000000c0004b47                f_rename
                0x00000000c0004cfd                f_chmod
                0x00000000c0004da6                f_utime
                0x00000000c0004e54                f_getlabel
                0x00000000c0004fa5                f_setlabel
                0x00000000c0005135                f_expand
                0x00000000c0005295                f_mkfs
 *fill*         0x00000000c0005a6a        0x2 
 .text          0x00000000c0005a6c       0x2f fs/fat/ffsystem.32
                0x00000000c0005a6c                ff_memalloc
                0x00000000c0005a84                ff_memfree
 *fill*         0x00000000c0005a9b        0x1 
 .text          0x00000000c0005a9c      0x2a8 fs/fat/ffunicode.32
                0x00000000c0005a9c                ff_uni2oem
                0x00000000c0005b3c                ff_oem2uni
                0x00000000c0005bb4                ff_wtoupper
 .text          0x00000000c0005d44      0xc76 fs/iso9660/iso9660.32
                0x00000000c0005f63                isoReadDiscSector
                0x00000000c0005ffe                strnicmp
                0x00000000c00062b1                stricmp
                0x00000000c00062fd                iso_open
                0x00000000c0006387                iso_close
                0x00000000c00063a5                iso_read
                0x00000000c00064bb                iso_seek
                0x00000000c000653f                iso_tell
                0x00000000c0006570                iso_total
                0x00000000c000659b                fn_postprocess
                0x00000000c00065c1                iso_readdir
                0x00000000c00067b2                iso_reset
                0x00000000c00067bf                init_percd
                0x00000000c00068b9                iso_ioctl
                0x00000000c00068c1                fs_iso9660_init
                0x00000000c000694a                fs_iso9660_shutdown
 .text          0x00000000c00069ba      0x685 core/computer.32
                0x00000000c00069ba                Computer::close(int, int, void*)
                0x00000000c00069ff                Krnl::firstTask()
                0x00000000c0006b32                Computer::Computer()
                0x00000000c0006b32                Computer::Computer()
                0x00000000c0006be4                Computer::setBootMessage(char const*)
                0x00000000c0006be6                Computer::detectFeatures()
                0x00000000c0006df0                Computer::displayFeatures()
                0x00000000c0006df2                Computer::rdmsr(unsigned int)
                0x00000000c0006e1e                Computer::wrmsr(unsigned int, unsigned long long)
                0x00000000c0006e56                Computer::shutdown()
                0x00000000c0006e6e                Computer::restart()
                0x00000000c0006e86                Computer::sleep()
                0x00000000c0006e9a                Computer::nmiEnabled()
                0x00000000c0006ea6                Computer::readCMOS(unsigned char)
                0x00000000c0006ec0                Computer::enableNMI(bool)
                0x00000000c0006ed8                Computer::open(int, int, void*)
                0x00000000c0006fac                Computer::disableNMI()
                0x00000000c0006fbc                Computer::writeCMOS(unsigned char, unsigned char)
                0x00000000c0006fda                Computer::handleNMI()
 *fill*         0x00000000c000703f        0x1 
 .text          0x00000000c0007040      0x1cf core/gdt.32
                0x00000000c0007040                GDTEntry::setBase(unsigned int)
                0x00000000c000705c                GDTEntry::setLimit(unsigned int)
                0x00000000c000707a                GDT::GDT()
                0x00000000c000707a                GDT::GDT()
                0x00000000c0007090                GDT::addEntry(GDTEntry)
                0x00000000c00070b2                GDT::getNumberOfEntries()
                0x00000000c00070ba                GDT::flush()
                0x00000000c00070dc                GDT::setup()
 .text          0x00000000c000720f       0x1d core/idle.32
                0x00000000c000720f                idleFunction(void*)
 .text          0x00000000c000722c      0x464 core/idt.32
                0x00000000c000722c                IDTEntry::IDTEntry(bool)
                0x00000000c000722c                IDTEntry::IDTEntry(bool)
                0x00000000c000729e                IDTEntry::setOffset(unsigned int)
                0x00000000c00072b4                IDT::IDT()
                0x00000000c00072b4                IDT::IDT()
                0x00000000c00072b6                IDT::getPointerToInvalidOpcodeEntryForF00F()
                0x00000000c00072be                IDT::addEntry(IDTEntry, int)
                0x00000000c00072d8                IDT::addEntry(int, void (*)(), bool)
                0x00000000c0007310                IDT::flush()
                0x00000000c000732a                IDT::setup()
 .text          0x00000000c0007690      0x183 core/kheap.32
                0x00000000c0007690                sbrk
                0x00000000c0007725                mmap
                0x00000000c000773b                munmap
                0x00000000c0007751                liballoc_lock()
                0x00000000c000775e                liballoc_unlock()
                0x00000000c0007772                liballoc_alloc(int)
                0x00000000c000778a                liballoc_free(void*, int)
                0x00000000c00077a5                realloc
                0x00000000c00077b9                malloc
                0x00000000c00077c9                free
                0x00000000c00077d9                rfree
                0x00000000c00077e9                calloc
 .text          0x00000000c0007813       0xc3 core/main.32
                0x00000000c0007813                KeEntryPoint
 .text          0x00000000c00078d6      0x5dc core/physmgr.32
                0x00000000c00078d6                Phys::allocateDMA(unsigned long)
                0x00000000c00079ad                Phys::freeDMA(unsigned long, unsigned long)
                0x00000000c00079e0                Phys::setPageState(unsigned long, bool)
                0x00000000c0007a12                Phys::getPageState(unsigned long)
                0x00000000c0007a33                Phys::freePage(unsigned long)
                0x00000000c0007a95                Phys::allocatePage()
                0x00000000c0007b53                Phys::allocateContiguousPages(int)
                0x00000000c0007baf                Phys::allowSegmentToBeUsed(unsigned long, unsigned long)
                0x00000000c0007be7                Phys::physicalMemorySetup(unsigned int)
 .text          0x00000000c0007eb2      0x273 core/pipe.32
                0x00000000c0007eb2                Pipe::isAtty()
                0x00000000c0007eb6                Pipe::~Pipe()
                0x00000000c0007eb6                Pipe::~Pipe()
                0x00000000c0007eda                Pipe::~Pipe()
                0x00000000c0007f02                Pipe::write(unsigned long long, void*, int*)
                0x00000000c0007fc2                Pipe::read(unsigned long long, void*, int*)
                0x00000000c00080be                Pipe::Pipe(int)
                0x00000000c00080be                Pipe::Pipe(int)
 *fill*         0x00000000c0008125        0x1 
 .text          0x00000000c0008126      0xaa0 core/terminal.32
                0x00000000c0008126                VgaText::isAtty()
                0x00000000c000812a                VgaText::~VgaText()
                0x00000000c000812a                VgaText::~VgaText()
                0x00000000c000814e                VgaText::~VgaText()
                0x00000000c0008178                VgaText::read(unsigned long long, void*, int*)
                0x00000000c0008198                setTerminalScrollLock(bool)
                0x00000000c0008199                doTerminalCycle()
                0x00000000c000819a                addToTerminalCycle(VgaText*)
                0x00000000c000819b                scrollTerminalScrollLock(int)
                0x00000000c000819c                VgaText::updateTitle()
                0x00000000c000819e                VgaText::load()
                0x00000000c00081a0                VgaText::updateCursor()
                0x00000000c00081b6                VgaText::doANSI_SGR(int)
                0x00000000c000822a                VgaText::setDefaultBgColour(VgaColour)
                0x00000000c000823a                VgaText::setDefaultFgColour(VgaColour)
                0x00000000c000824a                VgaText::setDefaultColours(VgaColour, VgaColour)
                0x00000000c000826a                VgaText::setTitleTextColour(VgaColour)
                0x00000000c0008276                VgaText::setTitleColour(VgaColour)
                0x00000000c0008282                VgaText::setTitle(char*)
                0x00000000c0008284                VgaText::combineColours(unsigned char, unsigned char)
                0x00000000c0008296                VgaText::scrollScreen()
                0x00000000c000832e                VgaText::combineCharAndColour(char, unsigned char)
                0x00000000c0008340                VgaText::writeCharacter(char, VgaColour, VgaColour, int, int)
                0x00000000c00083d0                VgaText::getCursorX()
                0x00000000c00083d8                VgaText::getCursorY()
                0x00000000c00083e0                VgaText::setCursor(int, int)
                0x00000000c00083f7                setActiveTerminal(VgaText*)
                0x00000000c0008442                VgaText::clearScreen()
                0x00000000c0008490                VgaText::setCursorX(int)
                0x00000000c00084a8                VgaText::setCursorY(int)
                0x00000000c00084c0                VgaText::incrementCursor(bool)
                0x00000000c0008514                VgaText::decrementCursor(bool)
                0x00000000c0008536                VgaText::putchar(char, VgaColour, VgaColour)
                0x00000000c0008604                VgaText::putchar(char)
                0x00000000c00086f0                VgaText::putx(unsigned int)
                0x00000000c0008736                VgaText::puts(char const*)
                0x00000000c000875c                VgaText::write(unsigned long long, void*, int*)
                0x00000000c00087a8                VgaText::puts(char const*, VgaColour, VgaColour)
                0x00000000c00088fa                VgaText::VgaText(char const*)
                0x00000000c00088fa                VgaText::VgaText(char const*)
                0x00000000c0008a46                VgaText::receiveKey(unsigned char)
                0x00000000c0008ba0                VgaText::doUpdate()
                0x00000000c0008ba1                newTerminal(char*)
 *fill*         0x00000000c0008bc6        0x2 
 .text          0x00000000c0008bc8      0x1a1 core/tss.32
                0x00000000c0008bc8                TSS::TSS()
                0x00000000c0008bc8                TSS::TSS()
                0x00000000c0008bd8                TSS::setESP(unsigned long)
                0x00000000c0008bec                TSS::flush()
                0x00000000c0008c0c                TSS::setup(unsigned long, unsigned long)
 *fill*         0x00000000c0008d69        0x1 
 .text          0x00000000c0008d6a      0x4c2 core/unixfile.32
                0x00000000c0008d6a                ReservedFilename::read(unsigned long long, void*, int*)
                0x00000000c0008dc0                ReservedFilename::isAtty()
                0x00000000c0008ddc                ReservedFilename::write(unsigned long long, void*, int*)
                0x00000000c0008e3a                UnixFile::getFileDescriptor()
                0x00000000c0008e42                UnixFile::UnixFile(int)
                0x00000000c0008e42                UnixFile::UnixFile(int)
                0x00000000c0008ff2                ReservedFilename::ReservedFilename(int)
                0x00000000c0008ff2                ReservedFilename::ReservedFilename(int)
                0x00000000c0009024                UnixFile::~UnixFile()
                0x00000000c0009024                UnixFile::~UnixFile()
                0x00000000c00090bc                UnixFile::~UnixFile()
                0x00000000c00090e4                ReservedFilename::~ReservedFilename()
                0x00000000c00090e4                ReservedFilename::~ReservedFilename()
                0x00000000c0009108                ReservedFilename::~ReservedFilename()
                0x00000000c000912f                getFromFileDescriptor(int)
 .text          0x00000000c000922c     0x11ad core/virtmgr.32
                0x00000000c000922c                Virt::setPageState(unsigned long, Virt::VirtPageState)
                0x00000000c0009261                Virt::getPageState(unsigned long)
                0x00000000c0009285                Virt::allocateKernelVirtualPages(int)
                0x00000000c0009396                Virt::freeSwapfilePage(unsigned long)
                0x00000000c00093b4                Virt::swapIDToSector(unsigned long)
                0x00000000c00093c6                Virt::allocateSwapfilePage()
                0x00000000c0009444                Virt::virtualMemorySetup()
                0x00000000c000948f                Virt::setupPageSwapping(int)
                0x00000000c0009500                VAS::VAS()
                0x00000000c0009500                VAS::VAS()
                0x00000000c000953c                VAS::VAS(VAS*)
                0x00000000c000953c                VAS::VAS(VAS*)
                0x00000000c000956a                VAS::getForeignPageTableEntry(bool, unsigned long)
                0x00000000c0009596                VAS::getPageTableEntry(unsigned long)
                0x00000000c00095b5                Virt::freeKernelVirtualPages(unsigned long)
                0x00000000c00096da                VAS::freeAllocatedPages(unsigned long)
                0x00000000c00096fe                VAS::virtualToPhysical(unsigned long)
                0x00000000c0009718                VAS::reflagRange(unsigned long, int, int, int)
                0x00000000c0009758                VAS::setToWriteCombining(unsigned long, int)
                0x00000000c000978c                VAS::mapOtherVASIn(bool, VAS*)
                0x00000000c00097b6                VAS::~VAS()
                0x00000000c00097b6                VAS::~VAS()
                0x00000000c000991a                VAS::mapPage(unsigned long, unsigned long, int)
                0x00000000c0009a1e                VAS::allocatePages(int, int)
                0x00000000c0009bf6                VAS::setCPUSpecific(unsigned long)
                0x00000000c0009c14                VAS::mapRange(unsigned long, unsigned long, int, int)
                0x00000000c0009cda                VAS::mapForeignPage(bool, VAS*, unsigned long, unsigned long, int)
                0x00000000c0009dc8                VAS::VAS(bool)
                0x00000000c0009dc8                VAS::VAS(bool)
                0x00000000c000a048                VAS::evict(unsigned long)
                0x00000000c000a10a                VAS::tryLoadBackOffDisk(unsigned long)
                0x00000000c000a1f8                VAS::scanForEviction()
                0x00000000c000a2d8                mapVASFirstTime
 .text          0x00000000c000a3d9       0x5f coreobjs/c++.32
                0x00000000c000a3d9                __cxa_atexit
                0x00000000c000a3dc                __cxa_finalize
                0x00000000c000a3dd                __stack_chk_fail
                0x00000000c000a413                __cxa_pure_virtual
                0x00000000c000a424                operator new[](unsigned long)
                0x00000000c000a429                operator delete(void*, unsigned long)
                0x00000000c000a42e                operator delete[](void*)
                0x00000000c000a433                operator delete[](void*, unsigned long)
 .text          0x00000000c000a438      0x21c dbg/kconsole.32
                0x00000000c000a438                Dbg::stringifyxWithBase(unsigned int, char*, int)
                0x00000000c000a4a3                Dbg::logc(char)
                0x00000000c000a4c3                Dbg::logs(char*)
                0x00000000c000a4e0                Dbg::logWriteInt(unsigned int)
                0x00000000c000a4fe                Dbg::logWriteIntBase(unsigned int, int)
                0x00000000c000a51f                Dbg::kprintf(char const*, ...)
 .text          0x00000000c000a654      0xc5c fs/vfs.32
                0x00000000c000a654                File::read(unsigned long long, void*, int*)
                0x00000000c000a6ac                File::write(unsigned long long, void*, int*)
                0x00000000c000a704                Directory::read(unsigned long long, void*, int*)
                0x00000000c000a75c                Directory::write(unsigned long long, void*, int*)
                0x00000000c000a78a                File::isAtty()
                0x00000000c000a78e                Directory::isAtty()
                0x00000000c000a792                Filesystem::getlabel(LogicalDisk*, int, char*, unsigned int*)
                0x00000000c000a798                Filesystem::setlabel(LogicalDisk*, int, char*)
                0x00000000c000a79e                Filesystem::allocateSwapfile(char const*, int)
                0x00000000c000a7a4                File::~File()
                0x00000000c000a7a4                File::~File()
                0x00000000c000a7c8                File::~File()
                0x00000000c000a7f2                Directory::~Directory()
                0x00000000c000a7f2                Directory::~Directory()
                0x00000000c000a816                Directory::~Directory()
                0x00000000c000a840                Filesystem::Filesystem()
                0x00000000c000a840                Filesystem::Filesystem()
                0x00000000c000a864                Filesystem::~Filesystem()
                0x00000000c000a864                Filesystem::~Filesystem()
                0x00000000c000a872                Filesystem::~Filesystem()
                0x00000000c000a896                Fs::getcwd(Process*, char*, int)
                0x00000000c000a8c0                Fs::initVFS()
                0x00000000c000a8ea                Fs::standardiseFiles(char*, char const*, char const*)
                0x00000000c000aa94                File::File(char const*, Process*)
                0x00000000c000aa94                File::File(char const*, Process*)
                0x00000000c000ab54                File::open(FileOpenMode)
                0x00000000c000abb2                File::close()
                0x00000000c000ac12                File::seek(unsigned long long)
                0x00000000c000ac68                File::tell(unsigned long long*)
                0x00000000c000acb8                File::rewind()
                0x00000000c000accc                File::unlink()
                0x00000000c000ad18                File::rename(char const*)
                0x00000000c000ad66                File::chfatattr(unsigned char, unsigned char)
                0x00000000c000adc2                File::exists()
                0x00000000c000ae00                File::stat(unsigned long long*, bool*)
                0x00000000c000ae61                Fs::setcwd(Process*, char*)
                0x00000000c000afbe                Directory::Directory(char const*, Process*)
                0x00000000c000afbe                Directory::Directory(char const*, Process*)
                0x00000000c000b07e                Directory::open()
                0x00000000c000b0da                Directory::close()
                0x00000000c000b13a                Directory::unlink()
                0x00000000c000b186                Directory::rename(char const*)
                0x00000000c000b1d4                Directory::exists()
                0x00000000c000b212                Directory::read(dirent*)
                0x00000000c000b25e                Directory::create()
                0x00000000c000b2aa                Filesystem::chfatattr(char const*, unsigned char, unsigned char)
 .text          0x00000000c000b2b0       0x86 hal/bus.32
                0x00000000c000b2b0                Bus::Bus(char const*)
                0x00000000c000b2b0                Bus::Bus(char const*)
                0x00000000c000b2e8                Bus::~Bus()
                0x00000000c000b2e8                Bus::~Bus()
                0x00000000c000b30c                Bus::~Bus()
 .text          0x00000000c000b336       0x96 hal/buzzer.32
                0x00000000c000b336                beepThread(void*)
                0x00000000c000b373                Krnl::beep(int, int, bool)
 .text          0x00000000c000b3cc      0x46d hal/clock.32
                0x00000000c000b3cc                User::loadClockSettings(int)
                0x00000000c000b41e                Clock::Clock(char const*)
                0x00000000c000b41e                Clock::Clock(char const*)
                0x00000000c000b454                Clock::~Clock()
                0x00000000c000b454                Clock::~Clock()
                0x00000000c000b478                Clock::~Clock()
                0x00000000c000b4a2                Clock::timeInSecondsLocal()
                0x00000000c000b4ea                Clock::setTimeInSecondsLocal(unsigned long long)
                0x00000000c000b543                datetimeToSeconds(datetime_t)
                0x00000000c000b670                Clock::setTimeInDatetimeLocal(datetime_t)
                0x00000000c000b6d0                secondsToDatetime(unsigned long long)
                0x00000000c000b814                Clock::timeInDatetimeLocal()
 *fill*         0x00000000c000b839        0x1 
 .text          0x00000000c000b83a      0x464 hal/device.32
                0x00000000c000b83a                Device::hibernate()
                0x00000000c000b83c                Device::wake()
                0x00000000c000b83e                Device::detect()
                0x00000000c000b840                Device::disableLegacy()
                0x00000000c000b842                Device::powerSaving(PowerSavingLevel)
                0x00000000c000b844                DriverlessDevice::close(int, int, void*)
                0x00000000c000b848                DriverlessDevice::detect()
                0x00000000c000b84a                DriverlessDevice::open(int, int, void*)
                0x00000000c000b85e                Device::~Device()
                0x00000000c000b85e                Device::~Device()
                0x00000000c000b86c                Device::~Device()
                0x00000000c000b894                Device::findAndLoadDriver()
                0x00000000c000b8a2                Device::preOpenPCI(PCIDeviceInfo)
                0x00000000c000b8c8                Device::preOpenACPI(void*, char*, char*)
                0x00000000c000b908                Device::addIRQHandler(int, void (*)(regs*, void*), bool, void*)
                0x00000000c000b932                Device::getParent()
                0x00000000c000b93e                Device::removeIRQHandler(int, void (*)(regs*, void*), bool)
                0x00000000c000b95c                Device::addChild(Device*)
                0x00000000c000b9a0                Device::removeAllChildren()
                0x00000000c000b9e6                Device::hibernateAll()
                0x00000000c000ba16                Device::wakeAll()
                0x00000000c000ba46                Device::detectAll()
                0x00000000c000ba76                Device::disableLegacyAll()
                0x00000000c000ba78                Device::loadDriversForAll()
                0x00000000c000ba7a                Device::closeAll()
                0x00000000c000bab0                Device::powerSavingAll(PowerSavingLevel)
                0x00000000c000bae6                Device::setName(char const*)
                0x00000000c000baf4                Device::Device(char const*)
                0x00000000c000baf4                Device::Device(char const*)
                0x00000000c000bbf0                Device::getName()
                0x00000000c000bbfa                DriverlessDevice::DriverlessDevice(char const*)
                0x00000000c000bbfa                DriverlessDevice::DriverlessDevice(char const*)
                0x00000000c000bc30                Device::addToLinkedList(LinkedList<Device>&, DeviceType)
                0x00000000c000bc74                getDevicesOfType(DeviceType)
 *fill*         0x00000000c000bc9e        0x2 
 .text          0x00000000c000bca0       0x86 hal/diskctrl.32
                0x00000000c000bca0                HardDiskController::HardDiskController(char const*)
                0x00000000c000bca0                HardDiskController::HardDiskController(char const*)
                0x00000000c000bcd8                HardDiskController::~HardDiskController()
                0x00000000c000bcd8                HardDiskController::~HardDiskController()
                0x00000000c000bcfc                HardDiskController::~HardDiskController()
 .text          0x00000000c000bd26       0xe2 hal/diskphys.32
                0x00000000c000bd26                PhysicalDisk::eject()
                0x00000000c000bd2a                PhysicalDisk::PhysicalDisk(char const*, int)
                0x00000000c000bd2a                PhysicalDisk::PhysicalDisk(char const*, int)
                0x00000000c000bd92                PhysicalDisk::startCache()
                0x00000000c000bdba                PhysicalDisk::~PhysicalDisk()
                0x00000000c000bdba                PhysicalDisk::~PhysicalDisk()
                0x00000000c000bdde                PhysicalDisk::~PhysicalDisk()
 .text          0x00000000c000be08        0x0 hal/fpu.32
 .text          0x00000000c000be08      0x35d hal/intctrl.32
                0x00000000c000be08                int_handler
                0x00000000c000be90                installISRHandler(int, void (*)(regs*, void*), void*)
                0x00000000c000bed8                installIRQHandler(int, void (*)(regs*, void*), bool, void*)
                0x00000000c000c010                uninstallISRHandler(int, void (*)(regs*, void*))
                0x00000000c000c044                uninstallIRQHandler(int, void (*)(regs*, void*), bool)
                0x00000000c000c0c3                setupINTS()
                0x00000000c000c120                convertLegacyIRQNumber(int)
 *fill*         0x00000000c000c165        0x1 
 .text          0x00000000c000c166      0x7cc hal/keybrd.32
                0x00000000c000c166                startGUI(void*)
                0x00000000c000c1d2                startGUIVESA(void*)
                0x00000000c000c23e                sendKeyToTerminal(unsigned char)
                0x00000000c000c307                sendKeyboardToken(KeyboardToken)
                0x00000000c000c747                clearInternalKeybuffer(VgaText*)
                0x00000000c000c77c                readKeyboard(VgaText*, char*, unsigned long)
                0x00000000c000c8a8                Keyboard::Keyboard(char const*)
                0x00000000c000c8a8                Keyboard::Keyboard(char const*)
                0x00000000c000c8e4                Keyboard::~Keyboard()
                0x00000000c000c8e4                Keyboard::~Keyboard()
                0x00000000c000c908                Keyboard::~Keyboard()
 .text          0x00000000c000c932      0x3ea hal/logidisk.32
                0x00000000c000c932                LogicalDisk::close(int, int, void*)
                0x00000000c000c936                LogicalDisk::~LogicalDisk()
                0x00000000c000c936                LogicalDisk::~LogicalDisk()
                0x00000000c000c95a                LogicalDisk::~LogicalDisk()
                0x00000000c000c984                LogicalDisk::open(int, int, void*)
                0x00000000c000c998                LogicalDisk::absoluteToRelative(unsigned long long)
                0x00000000c000c9d0                LogicalDisk::relativeToAbsolute(unsigned long long)
                0x00000000c000ca16                LogicalDisk::LogicalDisk(char const*, PhysicalDisk*, unsigned long long, unsigned long long)
                0x00000000c000ca16                LogicalDisk::LogicalDisk(char const*, PhysicalDisk*, unsigned long long, unsigned long long)
                0x00000000c000cacc                LogicalDisk::assignDriveLetter()
                0x00000000c000cb82                LogicalDisk::mount()
                0x00000000c000cbca                LogicalDisk::unmount()
                0x00000000c000cbda                LogicalDisk::eject()
                0x00000000c000cbee                LogicalDisk::unassignDriveLetter()
                0x00000000c000cc44                LogicalDisk::read(unsigned long long, int, void*)
                0x00000000c000ccb0                LogicalDisk::write(unsigned long long, int, void*)
 .text          0x00000000c000cd1c       0x86 hal/mouse.32
                0x00000000c000cd1c                Mouse::Mouse(char const*)
                0x00000000c000cd1c                Mouse::Mouse(char const*)
                0x00000000c000cd54                Mouse::~Mouse()
                0x00000000c000cd54                Mouse::~Mouse()
                0x00000000c000cd78                Mouse::~Mouse()
 .text          0x00000000c000cda2      0x339 hal/partition.32
                0x00000000c000cda2                makePartition(PhysicalDisk*, unsigned long long, unsigned long long)
                0x00000000c000ce4a                createPartitionsForDisk(PhysicalDisk*)
 *fill*         0x00000000c000d0db        0x1 
 .text          0x00000000c000d0dc       0x86 hal/serial.32
                0x00000000c000d0dc                Serial::Serial(char const*)
                0x00000000c000d0dc                Serial::Serial(char const*)
                0x00000000c000d114                Serial::~Serial()
                0x00000000c000d114                Serial::~Serial()
                0x00000000c000d138                Serial::~Serial()
 *fill*         0x00000000c000d162        0x2 
 .text          0x00000000c000d164      0x234 hal/timer.32
                0x00000000c000d164                Timer::Timer(char const*)
                0x00000000c000d164                Timer::Timer(char const*)
                0x00000000c000d19c                Timer::~Timer()
                0x00000000c000d19c                Timer::~Timer()
                0x00000000c000d1c0                Timer::~Timer()
                0x00000000c000d1ea                Timer::read()
                0x00000000c000d1f5                setupTimer(int)
                0x00000000c000d230                timerHandler(unsigned int)
 .text          0x00000000c000d398      0x3ce hal/vcache.32
                0x00000000c000d398                VCache::VCache(PhysicalDisk*)
                0x00000000c000d398                VCache::VCache(PhysicalDisk*)
                0x00000000c000d500                VCache::invalidateReadBuffer()
                0x00000000c000d510                VCache::writeWriteBuffer()
                0x00000000c000d55c                VCache::~VCache()
                0x00000000c000d55c                VCache::~VCache()
                0x00000000c000d5b0                VCache::~VCache()
                0x00000000c000d5d8                VCache::write(unsigned long long, int, void*)
                0x00000000c000d6ee                VCache::read(unsigned long long, int, void*)
 .text          0x00000000c000d766      0x4b3 hal/video.32
                0x00000000c000d766                Video::putrect(int, int, int, int, unsigned int)
                0x00000000c000d7b2                Video::bitblit(int, int, int, int, int, int, int, unsigned int*)
                0x00000000c000d822                Video::blit(unsigned int*, int, int, int, int)
                0x00000000c000d8a0                Video::clearScreen(unsigned int)
                0x00000000c000d8d4                Video::putpixel(int, int, unsigned int)
                0x00000000c000d8e2                Video::Video(char const*)
                0x00000000c000d8e2                Video::Video(char const*)
                0x00000000c000d918                Video::~Video()
                0x00000000c000d918                Video::~Video()
                0x00000000c000d93c                Video::~Video()
                0x00000000c000d966                Video::isMonochrome()
                0x00000000c000d972                Video::getWidth()
                0x00000000c000d97e                Video::getHeight()
                0x00000000c000d98a                Video::drawCursor(int, int, unsigned char*, int)
                0x00000000c000da46                Video::tgaParse(unsigned char*, int, int*, int*)
                0x00000000c000dbae                Video::putTGA(int, int, unsigned char*, int)
 *fill*         0x00000000c000dc19        0x3 
 .text          0x00000000c000dc1c     0x1307 hw/acpi.32
                0x00000000c000dc1c                ACPI::close(int, int, void*)
                0x00000000c000dcd4                findRSDP()
                0x00000000c000dd64                loadACPITables(unsigned char*)
                0x00000000c000dfc8                findRSDT(unsigned char*)
                0x00000000c000e118                findDataTable(unsigned char*, char*)
                0x00000000c000e190                scanMADT()
                0x00000000c000e664                ACPI::ACPI()
                0x00000000c000e664                ACPI::ACPI()
                0x00000000c000e6b8                ACPI::getPCIIRQAssignment(unsigned char, unsigned short, unsigned char)
                0x00000000c000e7a0                ACPI::registerPCIIRQAssignment(void*, unsigned short, unsigned char, unsigned char)
                0x00000000c000e868                ACPI::setScreenBrightnessLevel(void*, int)
                0x00000000c000e870                ACPI::detectPCI()
                0x00000000c000ea78                ACPI::writeSimpleBootFlag(SimpleBootFlagTable*)
                0x00000000c000eacc                ACPI::sleep()
                0x00000000c000eae8                ACPI::open(int, int, void*)
 *fill*         0x00000000c000ef23        0x1 
 .text          0x00000000c000ef24      0xb95 hw/cpu.32
                0x00000000c000ef24                CPU::close(int, int, void*)
                0x00000000c000ef28                CPU::AMD_K6_write_msr(unsigned int, unsigned int, unsigned int, CPU::REGS*)
                0x00000000c000ef44                CPU::AMD_K6_read_msr(unsigned int, CPU::REGS*)
                0x00000000c000ef5c                CPU::AMD_K6_writeback(int, int, int)
                0x00000000c000efd0                CPU::cpuid(int, unsigned long*, unsigned long*, unsigned long*, unsigned long*)
                0x00000000c000f054                CPU::cpuidCheckEDX(unsigned int)
                0x00000000c000f082                CPU::cpuidCheckECX(unsigned int)
                0x00000000c000f0b0                CPU::cpuidCheckExtendedEBX(unsigned int)
                0x00000000c000f0de                CPU::cpuidCheckExtendedECX(unsigned int)
                0x00000000c000f10c                CPU::CPU()
                0x00000000c000f10c                CPU::CPU()
                0x00000000c000f19a                CPU::displayFeatures()
                0x00000000c000f19c                CPU::detectFeatures()
                0x00000000c000f860                CPU::setupSMEP()
                0x00000000c000f86c                CPU::setupUMIP()
                0x00000000c000f876                CPU::setupTSC()
                0x00000000c000f880                CPU::setupLargePages()
                0x00000000c000f88a                CPU::setupPAT()
                0x00000000c000f8c6                CPU::setupMTRR()
                0x00000000c000f8c8                CPU::setupGlobalPages()
                0x00000000c000f8d2                CPU::allowUsermodeDataAccess()
                0x00000000c000f8e4                CPU::prohibitUsermodeDataAccess()
                0x00000000c000f8f6                CPU::setupSMAP()
                0x00000000c000f904                CPU::setupFeatures()
                0x00000000c000f9d0                CPU::open(int, int, void*)
 .text          0x00000000c000fab9       0xd1 krnl/bootmsg.32
                0x00000000c000fab9                KeDisplaySplashScreen()
                0x00000000c000fb27                KeSetBootMessage(char const*)
 .text          0x00000000c000fb8a      0x581 krnl/env.32
                0x00000000c000fb8a                EnvVarContainer::getEnv(char const*)
                0x00000000c000fbc8                EnvVarContainer::setEnv(char const*, char const*)
                0x00000000c000fc8a                EnvVarContainer::deleteEnv(char const*)
                0x00000000c000fc8c                EnvVarContainer::loadFrom(char const*, char const*)
                0x00000000c000fe72                EnvVarContainer::__loadSystem()
                0x00000000c000fe8c                EnvVarContainer::__loadUser()
                0x00000000c000fe8e                EnvVarContainer::EnvVarContainer(Process*)
                0x00000000c000fe8e                EnvVarContainer::EnvVarContainer(Process*)
                0x00000000c000feb0                EnvVarContainer::~EnvVarContainer()
                0x00000000c000feb0                EnvVarContainer::~EnvVarContainer()
                0x00000000c000fee0                Krnl::getEnv(Process*, char const*)
                0x00000000c000ff45                Krnl::setEnvSystem(char const*, char const*)
                0x00000000c000ff5f                Krnl::setEnvUser(char const*, char const*)
                0x00000000c000ff7e                Krnl::setEnvProcess(Process*, char const*, char const*)
                0x00000000c000ff91                Krnl::deleteEnvSystem(char const*)
                0x00000000c000ff92                Krnl::deleteEnvUser(char const*)
                0x00000000c000ff93                Krnl::deleteEnvProcess(Process*, char const*)
                0x00000000c000ff94                Krnl::newProcessEnv(Process*)
                0x00000000c000ffb6                Krnl::copyProcessEnv(Process*, Process*)
                0x00000000c0010002                Krnl::loadSystemEnv()
                0x00000000c0010030                Krnl::loadUserEnv()
                0x00000000c0010056                Krnl::flushEnv()
                0x00000000c0010057                Krnl::getProcessTotalEnvCount(Process*)
                0x00000000c0010077                Krnl::getProcessEnvPair(Process*, int)
 .text          0x00000000c001010b       0x94 krnl/inlines.32
                0x00000000c001010b                CPU::current()
                0x00000000c0010117                operator new(unsigned long)
                0x00000000c001011c                operator delete(void*)
                0x00000000c0010121                disableIRQs()
                0x00000000c0010123                enableIRQs()
                0x00000000c0010125                lockScheduler()
                0x00000000c001012d                unlockScheduler()
                0x00000000c001013c                lockStuff()
                0x00000000c001014a                unlockStuff()
                0x00000000c0010184                Virt::getAKernelVAS()
                0x00000000c001018a                __not_memcpy
 .text          0x00000000c001019f        0xc krnl/panic.32
                0x00000000c001019f                KePanic(char const*)
 .text          0x00000000c00101ab      0x142 krnl/powctrl.32
                0x00000000c00101ab                Krnl::powerThread(void*)
                0x00000000c00101d9                Krnl::changePowerSettings(Krnl::PowerSettings)
                0x00000000c00101ef                Krnl::userIOReceived()
                0x00000000c00101fa                Krnl::handlePowerButton()
                0x00000000c001022f                Krnl::handleSleepButton()
                0x00000000c0010264                Krnl::setupPowerManager()
 *fill*         0x00000000c00102ed        0x3 
 .text          0x00000000c00102f0      0x190 krnl/resolve.32
                0x00000000c00102f0                KeResolveCompatibilitySymbol(char*)
 .text          0x00000000c0010480      0x2c3 krnl/signal.32
                0x00000000c0010480                KiSigKill(int)
                0x00000000c00104ac                KiDefaultSignalHandlerIgnore(int)
                0x00000000c00104ad                KiDefaultSignalHandlerPause(int)
                0x00000000c00104d9                KiDefaultSignalHandlerResume(int)
                0x00000000c0010505                KeDeinitSignals(SigHandlerBlock*)
                0x00000000c001050a                KeInitSignals()
                0x00000000c0010555                KeRegisterSignalHandler(SigHandlerBlock*, int, void (*)(int), unsigned int, int)
                0x00000000c001058b                KeRaiseSignal(SigHandlerBlock*, int)
                0x00000000c0010608                KeCheckSignal(SigHandlerBlock*)
                0x00000000c00106f3                KiCheckSignalZ
                0x00000000c0010708                KeCompleteSignal(SigHandlerBlock*, int)
 .text          0x00000000c0010743      0xcfe krnl/syscalls.32
                0x00000000c0010743                SysSeekDir(regs*)
                0x00000000c0010748                SysTellDir(regs*)
                0x00000000c001074d                SysVerify(regs*)
                0x00000000c0010757                SysGetArgc(regs*)
                0x00000000c0010767                SysTTYName(regs*)
                0x00000000c001076f                SysFormatDisk(regs*)
                0x00000000c00107dc                SysSetDiskVolumeLabel(regs*)
                0x00000000c0010826                SysGetDiskVolumeLabel(regs*)
                0x00000000c001087b                SysShutdown(regs*)
                0x00000000c00108d9                SysRealpath(regs*)
                0x00000000c001091c                SysReadDir(regs*)
                0x00000000c001099c                SysIsATTY(regs*)
                0x00000000c00109f8                SysSeek(regs*)
                0x00000000c0010a51                SysTell(regs*)
                0x00000000c0010ac0                SysSize(regs*)
                0x00000000c0010b35                SysSizeFromFilename(regs*)
                0x00000000c0010be8                SysClose(regs*)
                0x00000000c0010c48                SysOpenDir(regs*)
                0x00000000c0010d59                SysCloseDir(regs*)
                0x00000000c0010dad                SysMakeDir(regs*)
                0x00000000c0010e1f                SysWait(regs*)
                0x00000000c0010e3c                SysNotImpl(regs*)
                0x00000000c0010e57                SysPanic(regs*)
                0x00000000c0010e72                SysRmdir(regs*)
                0x00000000c0010ed9                SysUnlink(regs*)
                0x00000000c0010f40                SysGetArgv(regs*)
                0x00000000c0010f8d                SysUSleep(regs*)
                0x00000000c0010fb6                SysSpawn(regs*)
                0x00000000c001101f                SysGetEnv(regs*)
                0x00000000c00110ce                SysSetFatAttrib(regs*)
                0x00000000c0011145                SysPipe(regs*)
                0x00000000c001118a                SysGetUnixTime(regs*)
                0x00000000c001119e                string_ends_with(char const*, char const*)
                0x00000000c00111e8                SysOpen(regs*)
                0x00000000c00113ef                KeSystemCall(regs*, void*)
 .text          0x00000000c0011441      0x50e reg/registry.32
                0x00000000c0011441                Reg::findLineFromLoadedData(char*, char*, char*)
                0x00000000c0011599                Reg::getLineFromRegistry(char*, char*, char*, char*)
                0x00000000c00116ee                Reg::getLine(char*, char*, char*)
                0x00000000c0011725                Reg::readInt(char*, char*, int*)
                0x00000000c0011810                Reg::readString(char*, char*, char*, int)
                0x00000000c0011891                Reg::readBool(char*, char*, bool*)
                0x00000000c00118b6                Reg::readBoolWithDefault(char*, char*, bool)
                0x00000000c00118e2                Reg::readIntWithDefault(char*, char*, int)
                0x00000000c001190e                Reg::readStringWithDefault(char*, char*, char*, int, char*)
 .text          0x00000000c001194f       0x36 sys/eject.32
                0x00000000c001194f                SysEject(regs*)
 .text          0x00000000c0011985       0x18 sys/exit.32
                0x00000000c0011985                SysExit(regs*)
 .text          0x00000000c001199d       0x1f sys/getcwd.32
                0x00000000c001199d                SysGetCwd(regs*)
 .text          0x00000000c00119bc        0xc sys/getpid.32
                0x00000000c00119bc                SysGetPID(regs*)
 .text          0x00000000c00119c8       0x1a sys/getramdata.32
                0x00000000c00119c8                SysGetRAMData(regs*)
 .text          0x00000000c00119e2       0x82 sys/getvgaptr.32
                0x00000000c00119e2                SysGetVGAPtr(regs*)
 .text          0x00000000c0011a64       0xa8 sys/loaddll.32
                0x00000000c0011a64                SysLoadDLL(regs*)
 .text          0x00000000c0011b0c       0x68 sys/read.32
                0x00000000c0011b0c                SysRead(regs*)
 .text          0x00000000c0011b74       0x29 sys/registersignal.32
                0x00000000c0011b74                SysRegisterSignal(regs*)
 .text          0x00000000c0011b9d       0x67 sys/sbrk.32
                0x00000000c0011b9d                SysSbrk(regs*)
 .text          0x00000000c0011c04       0x1c sys/setcwd.32
                0x00000000c0011c04                SysSetCwd(regs*)
 .text          0x00000000c0011c20       0x95 sys/settime.32
                0x00000000c0011c20                SysSetTime(regs*)
 .text          0x00000000c0011cb5       0x4a sys/timezone.32
                0x00000000c0011cb5                SysTimezone(regs*)
 .text          0x00000000c0011cff       0x68 sys/write.32
                0x00000000c0011cff                SysWrite(regs*)
 .text          0x00000000c0011d67       0x62 sys/wsbe.32
                0x00000000c0011d67                SysWsbe(regs*)
 .text          0x00000000c0011dc9       0x25 sys/yield.32
                0x00000000c0011dc9                SysYield(regs*)
 .text          0x00000000c0011dee     0x11e5 thr/elf.32
                0x00000000c0011dee                Thr::allocateMemoryForTask(Process*, File*, unsigned long, unsigned long, unsigned long)
                0x00000000c001207a                Thr::loadProgramIntoMemory(Process*, char const*)
                0x00000000c0012290                Thr::runtimeReferenceHelper()
                0x00000000c00122a3                Thr::getAddressOfKernelSymbol(char const*)
                0x00000000c00122f2                Thr::loadKernelSymbolTable(char const*)
                0x00000000c00125b0                Thr::loadDriverIntoMemory(char const*, unsigned long, bool)
                0x00000000c0012ce6                Thr::getDriverBaseFromAddress(unsigned long)
                0x00000000c0012d18                Thr::getDriverNameFromAddress(unsigned long)
                0x00000000c0012d4f                Thr::getDriverOffsetFromAddress(unsigned long)
                0x00000000c0012d69                Thr::loadDLL(char const*, bool)
                0x00000000c0012f9a                Thr::executeDLL(unsigned long, void*)
 *fill*         0x00000000c0012fd3        0x1 
 .text          0x00000000c0012fd4     0x12fd thr/prcssthr.32
                0x00000000c0012fd4                userModeEntryPoint(void*)
                0x00000000c0012ffc                changeTSS
                0x00000000c001302c                switchToThread(ThreadControlBlock*)
                0x00000000c00130e0                Process::addArgs(char**)
                0x00000000c0013140                Process::Process(char const*, Process*, char**)
                0x00000000c0013140                Process::Process(char const*, Process*, char**)
                0x00000000c001334c                Process::Process(bool, char const*, Process*, char**)
                0x00000000c001334c                Process::Process(bool, char const*, Process*, char**)
                0x00000000c0013524                taskStartupFunction
                0x00000000c0013530                Semaphore::Semaphore(int)
                0x00000000c0013530                Semaphore::Semaphore(int)
                0x00000000c0013560                Mutex::Mutex()
                0x00000000c0013560                Mutex::Mutex()
                0x00000000c0013574                Process::createThread(void (*)(void*), void*, int)
                0x00000000c001366c                Process::createUserThread()
                0x00000000c001368c                setupMultitasking(void (*)())
                0x00000000c0013794                schedule()
                0x00000000c0013824                Semaphore::tryAcquire()
                0x00000000c00138f0                Semaphore::assertLocked(char const*)
                0x00000000c0013968                blockTaskWithSchedulerLockAlreadyHeld(TaskState)
                0x00000000c0013990                blockTask(TaskState)
                0x00000000c00139c0                waitTask(int, int*, int)
                0x00000000c0013a04                milliTenthSleepUntil(unsigned int)
                0x00000000c0013a94                milliTenthSleep(unsigned int)
                0x00000000c0013aa4                sleep(unsigned int)
                0x00000000c0013ac0                Semaphore::acquire()
                0x00000000c0013b7c                taskReturned
                0x00000000c0013bb8                Thr::processFromPID(int)
                0x00000000c0013c58                unblockTask(ThreadControlBlock*)
                0x00000000c0013cfc                cleanupTerminatedTask(ThreadControlBlock*)
                0x00000000c0013fc8                cleanerTaskFunction(void*)
                0x00000000c00140b8                terminateTask(int)
                0x00000000c0014184                Thr::terminateFromIRQ(int)
                0x00000000c0014194                Semaphore::release()
 .text          0x00000000c00142d1      0xb93 vm86/vm8086.32
                0x00000000c00142d1                Vm::inbv(unsigned short)
                0x00000000c00142e4                Vm::outbv(unsigned short, unsigned char)
                0x00000000c001431a                Vm::realToLinear(unsigned short, unsigned short)
                0x00000000c001432a                Vm::getSegment(unsigned int)
                0x00000000c0014332                Vm::getOffset(unsigned int)
                0x00000000c0014337                Vm::mainloop2()
                0x00000000c0014371                Vm::mainVm8086Loop(void*)
                0x00000000c0014381                Vm::mainloop3(unsigned long)
                0x00000000c00143a7                Vm::initialise8086()
                0x00000000c00143ea                Vm::finish8086()
                0x00000000c001444b                Vm::getOutput8086(unsigned char*)
                0x00000000c0014470                Vm::start8086FromBuffer(unsigned char*, int, unsigned short, unsigned short, unsigned short, unsigned short)
                0x00000000c0014529                Vm::start8086(char const*, unsigned short, unsigned short, unsigned short, unsigned short)
                0x00000000c0014691                Vm::doISR(regs*, int, unsigned char*, unsigned short, unsigned short)
                0x00000000c001471b                Vm::readByteFromReal(unsigned short, unsigned short)
                0x00000000c001472c                Vm::readWordFromReal(unsigned short, unsigned short)
                0x00000000c001473e                Vm::readDwordFromReal(unsigned short, unsigned short)
                0x00000000c001474f                Vm::writeByteFromReal(unsigned short, unsigned short, unsigned char)
                0x00000000c0014764                Vm::writeWordFromReal(unsigned short, unsigned short, unsigned short)
                0x00000000c001477a                Vm::writeDwordFromReal(unsigned short, unsigned short, unsigned int)
                0x00000000c001478f                Vm::faultHandler(regs*)
 .text          0x00000000c0014e64      0xa53 arch/i386/hal.32
                0x00000000c0014e64                noCopro(unsigned long)
                0x00000000c0014e65                nmiHandler(regs*, void*)
                0x00000000c0014e7e                doubleFault(regs*, void*)
                0x00000000c0014e97                displayDebugInfo(regs*)
                0x00000000c00151b8                HalSystemIdle()
                0x00000000c001522e                displayProgramFault(char const*)
                0x00000000c001527a                gpFault(regs*, void*)
                0x00000000c00152df                pgFault(regs*, void*)
                0x00000000c0015365                otherISRHandler(regs*, void*)
                0x00000000c0015399                opcodeFault(regs*, void*)
                0x00000000c0015419                i386SaveCoprocessor(void*)
                0x00000000c001542d                i386LoadCoprocessor(void*)
                0x00000000c0015441                x87EmulHandler(regs*, void*)
                0x00000000c00154de                HalInitialiseCoprocessor()
                0x00000000c001558c                HalPanic(char const*)
                0x00000000c0015685                HalQueryPerformanceCounter()
                0x00000000c00156a0                HalInitialise()
                0x00000000c0015846                HalMakeBeep(int)
                0x00000000c0015880                HalGetRand()
                0x00000000c0015883                HalEndOfInterrupt(int)
                0x00000000c00158b4                HalRestart()
                0x00000000c00158b5                HalShutdown()
                0x00000000c00158b6                HalSleep()
 *fill*         0x00000000c00158b7        0x1 
 .text          0x00000000c00158b8      0x2f4 arch/i386/pic.32
                0x00000000c00158b8                picIoWait()
                0x00000000c00158c0                picDisable()
                0x00000000c00158f4                picGetIRQReg(int)
                0x00000000c0015978                picOpen()
                0x00000000c0015b08                picEOI(int)
 .text          0x00000000c0015bac      0x64d arch/i386/rtc.32
                0x00000000c0015bac                RTC::open(int, int, void*)
                0x00000000c0015bb0                RTC::close(int, int, void*)
                0x00000000c0015bb4                RTC::timeInSecondsUTC()
                0x00000000c0015bc6                RTC::timeInDatetimeUTC()
                0x00000000c0015bec                RTC::setTimeInSecondsUTC(unsigned long long)
                0x00000000c0015c2a                RTC::~RTC()
                0x00000000c0015c2a                RTC::~RTC()
                0x00000000c0015c4e                RTC::~RTC()
                0x00000000c0015c78                RTC::get_update_in_progress_flag()
                0x00000000c0015c90                RTC::completeRTCRefresh()
                0x00000000c0015f48                RTC::setTimeInDatetimeUTC(datetime_t)
                0x00000000c00160fb                rtcIRQHandler(regs*, void*)
                0x00000000c0016140                RTC::RTC()
                0x00000000c0016140                RTC::RTC()
 *fill*         0x00000000c00161f9        0x3 
 .text          0x00000000c00161fc      0x203 arch/i386/vga.32
                0x00000000c00161fc                HalConsoleScroll(int, int)
                0x00000000c0016304                HalConsoleWriteCharacter(char, int, int, int, int)
                0x00000000c0016370                HalConsoleCursorUpdate(int, int)
 *fill*         0x00000000c00163ff        0x1 
 .text          0x00000000c0016400     0x13e7 fs/fat/vfslink.32
                0x00000000c0016400                FAT::getName()
                0x00000000c0016408                FAT::tell(void*, unsigned long long*)
                0x00000000c0016444                FAT::stat(void*, unsigned long long*)
                0x00000000c0016480                FAT::~FAT()
                0x00000000c0016480                FAT::~FAT()
                0x00000000c00164a4                FAT::~FAT()
                0x00000000c00164cc                FAT::getlabel(LogicalDisk*, int, char*, unsigned int*)
                0x00000000c0016570                FAT::setlabel(LogicalDisk*, int, char*)
                0x00000000c0016634                FAT::format(LogicalDisk*, int, char const*, int)
                0x00000000c0016808                FAT::tryMount(LogicalDisk*, int)
                0x00000000c0016a20                FAT::allocateSwapfile(char const*, int)
                0x00000000c0016be0                FAT::readDir(void*, unsigned long, void*, int*)
                0x00000000c0016d4c                FAT::read(void*, unsigned long, void*, int*)
                0x00000000c0016dac                FAT::write(void*, unsigned long, void*, int*)
                0x00000000c0016e0c                FAT::close(void*)
                0x00000000c0016e60                FAT::closeDir(void*)
                0x00000000c0016eb4                FAT::seek(void*, unsigned long long)
                0x00000000c0016f0c                fatWrapperReadDisk
                0x00000000c0016f50                fatWrapperWriteDisk
                0x00000000c0016f94                fatWrapperIoctl
                0x00000000c00170b0                FAT::FAT()
                0x00000000c00170b0                FAT::FAT()
                0x00000000c0017104                FAT::fixFilepath(char*)
                0x00000000c0017140                FAT::open(char const*, void**, FileOpenMode)
                0x00000000c0017278                FAT::openDir(char const*, void**)
                0x00000000c0017328                FAT::stat(char const*, unsigned long long*, bool*)
                0x00000000c0017420                FAT::unlink(char const*)
                0x00000000c00174a0                FAT::chfatattr(char const*, unsigned char, unsigned char)
                0x00000000c001762c                FAT::rename(char const*, char const*)
                0x00000000c00176f8                FAT::mkdir(char const*)
                0x00000000c0017778                FAT::exists(char const*)
 *fill*         0x00000000c00177e7        0x1 
 .text          0x00000000c00177e8       0xc6 fs/iso9660/helper.32
                0x00000000c00177e8                isoReadDiscSectorHelper
                0x00000000c0017844                iso_kprintf
                0x00000000c0017864                iso_kprintfd
 .text          0x00000000c00178ae      0x586 fs/iso9660/vfslink.32
                0x00000000c00178ae                ISO9660::format(LogicalDisk*, int, char const*, int)
                0x00000000c00178b4                ISO9660::getName()
                0x00000000c00178ba                ISO9660::closeDir(void*)
                0x00000000c00178c4                ISO9660::chfatattr(char const*, unsigned char, unsigned char)
                0x00000000c00178ca                ISO9660::unlink(char const*)
                0x00000000c00178d0                ISO9660::write(void*, unsigned long, void*, int*)
                0x00000000c00178d6                ISO9660::rename(char const*, char const*)
                0x00000000c00178dc                ISO9660::mkdir(char const*)
                0x00000000c00178e2                ISO9660::~ISO9660()
                0x00000000c00178e2                ISO9660::~ISO9660()
                0x00000000c0017906                ISO9660::~ISO9660()
                0x00000000c001792e                ISO9660::exists(char const*)
                0x00000000c0017942                ISO9660::open(char const*, void**, FileOpenMode)
                0x00000000c00179e2                ISO9660::openDir(char const*, void**)
                0x00000000c0017a72                ISO9660::read(void*, unsigned long, void*, int*)
                0x00000000c0017ab2                ISO9660::seek(void*, unsigned long long)
                0x00000000c0017aea                ISO9660::tell(void*, unsigned long long*)
                0x00000000c0017b20                ISO9660::stat(void*, unsigned long long*)
                0x00000000c0017b5a                ISO9660::stat(char const*, unsigned long long*, bool*)
                0x00000000c0017c2c                ISO9660::close(void*)
                0x00000000c0017c52                ISO9660::readDir(void*, unsigned long, void*, int*)
                0x00000000c0017d1f                readSectorFromCDROM(unsigned int, unsigned char*, char)
                0x00000000c0017d9a                ISO9660::tryMount(LogicalDisk*, int)
                0x00000000c0017e0c                ISO9660::ISO9660()
                0x00000000c0017e0c                ISO9660::ISO9660()
 .text          0x00000000c0017e34      0x26c hal/sound/sndcard.32
                0x00000000c0017e34                SoundCard::beginPlayback()
                0x00000000c0017e42                SoundCard::stopPlayback()
                0x00000000c0017e50                SoundCard::SoundCard(char const*)
                0x00000000c0017e50                SoundCard::SoundCard(char const*)
                0x00000000c0017eee                SoundCard::~SoundCard()
                0x00000000c0017eee                SoundCard::~SoundCard()
                0x00000000c0017f12                SoundCard::~SoundCard()
                0x00000000c0017f3c                SoundCard::configureRates(int, int, int)
                0x00000000c0017f6c                SoundCard::getSamples16(int, short*)
                0x00000000c0017fc8                SoundCard::getSamples32(int, int*)
                0x00000000c001804e                SoundCard::addChannel(SoundPort*)
                0x00000000c001808c                SoundCard::removeChannel(int)
 .text          0x00000000c00180a0      0x377 hal/sound/sndport.32
                0x00000000c00180a0                SoundPort::SoundPort(int, int, int, int)
                0x00000000c00180a0                SoundPort::SoundPort(int, int, int, int)
                0x00000000c001812c                SoundPort::~SoundPort()
                0x00000000c001812c                SoundPort::~SoundPort()
                0x00000000c0018160                SoundPort::unpause()
                0x00000000c001816c                SoundPort::pause()
                0x00000000c0018178                SoundPort::getBufferUsed()
                0x00000000c0018180                SoundPort::getBufferSize()
                0x00000000c0018188                SoundPort::buffer16(short*, int)
                0x00000000c0018214                SoundPort::buffer32(int*, int)
                0x00000000c001829c                SoundPort::unbufferAndAdd16(int, short*, SoundCard*)
                0x00000000c0018360                SoundPort::unbufferAndAdd32(int, int*, SoundCard*)
 .text          0x00000000c0018417        0x0 hw/bus/isa.32
 *fill*         0x00000000c0018417        0x1 
 .text          0x00000000c0018418      0xb49 hw/bus/pci.32
                0x00000000c0018418                PCI::open(int, int, void*)
                0x00000000c0018436                PCI::close(int, int, void*)
                0x00000000c001843a                PCI::PCI()
                0x00000000c001843a                PCI::PCI()
                0x00000000c00184d4                PCI::readBAR8(unsigned int, int)
                0x00000000c00184f0                PCI::readBAR16(unsigned int, int)
                0x00000000c001850e                PCI::readBAR32(unsigned int, int)
                0x00000000c001852a                PCI::writeBAR8(unsigned int, unsigned char, int)
                0x00000000c001854a                PCI::writeBAR16(unsigned int, unsigned short, int)
                0x00000000c001856c                PCI::writeBAR32(unsigned int, unsigned int, int)
                0x00000000c001858c                PCI::legacyMechanism(unsigned char, unsigned char, unsigned char, unsigned char)
                0x00000000c00185fa                PCI::pciReadWord(unsigned char, unsigned char, unsigned char, unsigned char)
                0x00000000c00186a2                PCI::getVendorID(unsigned char, unsigned char, unsigned char)
                0x00000000c00186c6                PCI::getHeaderType(unsigned char, unsigned char, unsigned char)
                0x00000000c00186ee                PCI::getClassCode(unsigned char, unsigned char, unsigned char)
                0x00000000c0018738                PCI::getProgIF(unsigned char, unsigned char, unsigned char)
                0x00000000c0018760                PCI::getRevisionID(unsigned char, unsigned char, unsigned char)
                0x00000000c0018784                PCI::getInterruptNumber(unsigned char, unsigned char, unsigned char)
                0x00000000c00187a8                PCI::getSecondaryBus(unsigned char, unsigned char, unsigned char)
                0x00000000c00187d0                PCI::getBARAddress(unsigned char, unsigned char, unsigned char, unsigned char)
                0x00000000c0018834                PCI::pciWriteWord(unsigned char, unsigned char, unsigned char, unsigned char, unsigned short)
                0x00000000c001891c                PCI::pciDetailsToFilepath(PCIDeviceInfo, char*)
                0x00000000c0018b96                PCI::checkBus(unsigned char)
                0x00000000c0018bbc                PCI::foundDevice(PCIDeviceInfo)
                0x00000000c0018d2e                PCI::getDeviceData(unsigned char, unsigned char, unsigned char)
                0x00000000c0018ea2                PCI::checkDevice(unsigned char, unsigned char)
                0x00000000c0018f0e                PCI::detect()
 *fill*         0x00000000c0018f61        0x1 
 .text          0x00000000c0018f62      0xb5a hw/diskctrl/ide.32
                0x00000000c0018f62                IDE::close(int, int, void*)
                0x00000000c0018f66                IDE::IDE()
                0x00000000c0018f66                IDE::IDE()
                0x00000000c0018f9a                IDE::prepareInterrupt(unsigned char)
                0x00000000c0018fac                selectDrive(unsigned char, unsigned char)
                0x00000000c0018fae                IDE::getBase(unsigned char)
                0x00000000c0018fc0                IDE::write(unsigned char, unsigned char, unsigned char)
                0x00000000c0019080                IDE::read(unsigned char, unsigned char)
                0x00000000c001912e                IDE::waitInterrupt(unsigned char)
                0x00000000c0019196                ideChannel0IRQHandler(regs*, void*)
                0x00000000c00191b2                ideChannel1IRQHandler(regs*, void*)
                0x00000000c00191ce                IDE::enableIRQs(unsigned char, bool)
                0x00000000c0019214                IDE::open(int, int, void*)
                0x00000000c0019622                IDE::readBuffer(unsigned char, unsigned char, unsigned int, unsigned int)
                0x00000000c00196ee                IDE::detect()
                0x00000000c00199ae                IDE::printError(unsigned char, unsigned char, unsigned char)
                0x00000000c0019a5e                IDE::polling(unsigned char, unsigned int)
 .text          0x00000000c0019abc      0x32a hw/diskctrl/satabus.32
                0x00000000c0019abc                SATABus::close(int, int, void*)
                0x00000000c0019ac0                SATABus::detect()
                0x00000000c0019ac2                SATABus::SATABus()
                0x00000000c0019ac2                SATABus::SATABus()
                0x00000000c0019b48                SATABus::findCmdslot(SATABus::tagHBA_PORT volatile*)
                0x00000000c0019b7a                SATABus::checkType(SATABus::tagHBA_PORT volatile*)
                0x00000000c0019bc2                SATABus::startCmd(SATABus::tagHBA_PORT volatile*)
                0x00000000c0019be2                SATABus::stopCmd(SATABus::tagHBA_PORT volatile*)
                0x00000000c0019c0c                SATABus::portRebase(SATABus::tagHBA_PORT volatile*, int)
                0x00000000c0019d1c                SATABus::probePort(SATABus::tagHBA_MEM volatile*)
                0x00000000c0019dc6                SATABus::open(int, int, void*)
 .text          0x00000000c0019de6      0x5f4 hw/diskphys/ata.32
                0x00000000c0019de6                ATA::close(int, int, void*)
                0x00000000c0019e0a                ATA::powerSaving(PowerSavingLevel)
                0x00000000c0019e0c                ATA::ATA()
                0x00000000c0019e0c                ATA::ATA()
                0x00000000c0019e3a                ATA::flush(bool)
                0x00000000c0019e84                ATA::readyForCommand()
                0x00000000c0019ed0                ATA::access(unsigned long long, int, void*, bool)
                0x00000000c001a24c                ATA::read(unsigned long long, int, void*)
                0x00000000c001a298                ATA::write(unsigned long long, int, void*)
                0x00000000c001a2e4                ATA::detectCHS()
                0x00000000c001a30e                ATA::open(int, int, void*)
 .text          0x00000000c001a3da      0x60e hw/diskphys/atapi.32
                0x00000000c001a3da                ATAPI::write(unsigned long long, int, void*)
                0x00000000c001a3e0                ATAPI::close(int, int, void*)
                0x00000000c001a404                ATAPI::ATAPI()
                0x00000000c001a404                ATAPI::ATAPI()
                0x00000000c001a432                ATAPI::readyForCommand()
                0x00000000c001a484                ATAPI::sendPacket(unsigned char*, int, bool, unsigned short*, int)
                0x00000000c001a744                ATAPI::diskRemoved()
                0x00000000c001a77e                ATAPI::eject()
                0x00000000c001a7c6                ATAPI::diskInserted()
                0x00000000c001a7d2                ATAPI::detectMedia()
                0x00000000c001a88e                ATAPI::open(int, int, void*)
                0x00000000c001a96e                ATAPI::read(unsigned long long, int, void*)
 .text          0x00000000c001a9e8      0x402 hw/diskphys/sata.32
                0x00000000c001a9e8                SATA::close(int, int, void*)
                0x00000000c001aa0c                SATA::powerSaving(PowerSavingLevel)
                0x00000000c001aa0e                SATA::open(int, int, void*)
                0x00000000c001aab8                SATA::SATA()
                0x00000000c001aab8                SATA::SATA()
                0x00000000c001aae6                SATA::access(unsigned long long, int, void*, bool)
                0x00000000c001ad32                SATA::read(unsigned long long, int, void*)
                0x00000000c001ad7e                SATA::write(unsigned long long, int, void*)
 .text          0x00000000c001adea      0x5af hw/diskphys/satapi.32
                0x00000000c001adea                SATAPI::write(unsigned long long, int, void*)
                0x00000000c001adf0                SATAPI::close(int, int, void*)
                0x00000000c001ae14                SATAPI::SATAPI()
                0x00000000c001ae14                SATAPI::SATAPI()
                0x00000000c001ae42                SATAPI::diskRemoved()
                0x00000000c001ae44                SATAPI::diskInserted()
                0x00000000c001ae60                SATAPI::sendPacket(unsigned char*, int, unsigned long long, unsigned short*, int)
                0x00000000c001b140                SATAPI::eject()
                0x00000000c001b17c                SATAPI::detectMedia()
                0x00000000c001b1a2                SATAPI::open(int, int, void*)
                0x00000000c001b2a2                SATAPI::read(unsigned long long, int, void*)
 *fill*         0x00000000c001b399        0x1 
 .text          0x00000000c001b39a      0x455 hw/intctrl/apic.32
                0x00000000c001b39a                IOAPIC::close(int, int, void*)
                0x00000000c001b3a0                apicGetBase()
                0x00000000c001b3e2                IOAPIC::IOAPIC()
                0x00000000c001b3e2                IOAPIC::IOAPIC()
                0x00000000c001b40a                apicOpen()
                0x00000000c001b570                IOAPIC::handlesGSIWithNumber(unsigned int)
                0x00000000c001b5a2                IOAPIC::read(int)
                0x00000000c001b5ca                IOAPIC::open(int, int, void*)
                0x00000000c001b6be                IOAPIC::write(int, int)
                0x00000000c001b6ea                IOAPIC::redirect(unsigned char, unsigned long long, unsigned char, bool, bool)
 *fill*         0x00000000c001b7ef        0x1 
 .text          0x00000000c001b7f0       0xf0 hw/timer/apictimer.32
                0x00000000c001b7f0                APICTimer::close(int, int, void*)
                0x00000000c001b7f8                apicTimerHandler(regs*, void*)
                0x00000000c001b820                APICTimer::open(int, int, void*)
                0x00000000c001b890                APICTimer::write(int)
                0x00000000c001b8b8                APICTimer::APICTimer()
                0x00000000c001b8b8                APICTimer::APICTimer()
 .text          0x00000000c001b8e0      0x1aa hw/timer/pit.32
                0x00000000c001b8e0                PIT::write(int)
                0x00000000c001b964                pitHandler(regs*, void*)
                0x00000000c001b988                PIT::open(int, int, void*)
                0x00000000c001b9d8                PIT::close(int, int, void*)
                0x00000000c001ba08                PIT::PIT()
                0x00000000c001ba08                PIT::PIT()
 *fill*         0x00000000c001ba8a        0x6 
 .text          0x00000000c001ba90       0x83 arch/i386/avx.32
                0x00000000c001ba90                avxDetect
                0x00000000c001baba                avxSave
                0x00000000c001bacb                avxLoad
                0x00000000c001badc                avxInit
                0x00000000c001bafe                avxClose
                0x00000000c001baff                wouldSheSayYes
 *fill*         0x00000000c001bb13        0xd 
 .text          0x00000000c001bb20      0x231 arch/i386/interrupt.32
                0x00000000c001bb20                isr0
                0x00000000c001bb30                isr1
                0x00000000c001bb3a                isr2
                0x00000000c001bb44                isr3
                0x00000000c001bb4e                isr4
                0x00000000c001bb58                isr5
                0x00000000c001bb62                isr6
                0x00000000c001bb6c                isr7
                0x00000000c001bb76                isr8
                0x00000000c001bb7e                isr9
                0x00000000c001bb88                isr10
                0x00000000c001bb90                isr11
                0x00000000c001bb98                isr12
                0x00000000c001bba0                isr13
                0x00000000c001bba8                isr14
                0x00000000c001bbb0                isr15
                0x00000000c001bbba                isr16
                0x00000000c001bbc4                isr17
                0x00000000c001bbce                isr18
                0x00000000c001bbd8                irq3
                0x00000000c001bbe2                irq4
                0x00000000c001bbec                irq5
                0x00000000c001bbf6                irq6
                0x00000000c001bc00                irq7
                0x00000000c001bc0a                irq8
                0x00000000c001bc14                irq9
                0x00000000c001bc1e                irq10
                0x00000000c001bc28                irq11
                0x00000000c001bc32                irq12
                0x00000000c001bc3c                irq13
                0x00000000c001bc46                irq14
                0x00000000c001bc50                irq15
                0x00000000c001bc5a                irq1
                0x00000000c001bc61                irq2
                0x00000000c001bc68                isr96
                0x00000000c001bc6f                irq0
                0x00000000c001bc74                int_common_stub
                0x00000000c001bca6                syscall_common_stub
                0x00000000c001bd01                irq16
                0x00000000c001bd0b                irq17
                0x00000000c001bd15                irq18
                0x00000000c001bd1f                irq19
                0x00000000c001bd29                irq20
                0x00000000c001bd33                irq21
                0x00000000c001bd3d                irq22
                0x00000000c001bd47                irq23
 *fill*         0x00000000c001bd51        0xf 
 .text          0x00000000c001bd60       0x10 arch/i386/rdrand.32
                0x00000000c001bd60                i386GetRDRAND
 .text          0x00000000c001bd70       0x39 arch/i386/sse.32
                0x00000000c001bd70                absolutelyNoChanceInHell
                0x00000000c001bd70                sseDetect
                0x00000000c001bd88                sseSave
                0x00000000c001bd90                sseLoad
                0x00000000c001bd98                sseInit
                0x00000000c001bda8                sseClose
 *fill*         0x00000000c001bda9        0x7 
 .text          0x00000000c001bdb0       0x49 arch/i386/x87.32
                0x00000000c001bdb6                x87Detect
                0x00000000c001bdd1                x87Save
                0x00000000c001bdd8                x87Load
                0x00000000c001bddf                x87Init
                0x00000000c001bdf8                x87Close
 *fill*         0x00000000c001bdf9        0x3 
 .text          0x00000000c001bdfc       0x25 /cygdrive/d/Users/Alex/Desktop/Toolchain/Output/bin/../lib/gcc/i386-banana/8.1.0/crtend.o
 .text          0x00000000c001be21        0x0 crtn.32
 *fill*         0x00000000c001be21        0x3 
 .text          0x00000000c001be24      0x14b /cygdrive/d/Users/Alex/Desktop/Toolchain/Output/bin/../lib/gcc/i386-banana/8.1.0/libkgcc.a(_divdi3.o)
                0x00000000c001be24                __divdi3
 *fill*         0x00000000c001bf6f        0x1 
 .text          0x00000000c001bf70      0x17e /cygdrive/d/Users/Alex/Desktop/Toolchain/Output/bin/../lib/gcc/i386-banana/8.1.0/libkgcc.a(_moddi3.o)
                0x00000000c001bf70                __moddi3
 *fill*         0x00000000c001c0ee        0x2 
 .text          0x00000000c001c0f0       0xff /cygdrive/d/Users/Alex/Desktop/Toolchain/Output/bin/../lib/gcc/i386-banana/8.1.0/libkgcc.a(_udivdi3.o)
                0x00000000c001c0f0                __udivdi3
 *fill*         0x00000000c001c1ef        0x1 
 .text          0x00000000c001c1f0      0x11a /cygdrive/d/Users/Alex/Desktop/Toolchain/Output/bin/../lib/gcc/i386-banana/8.1.0/libkgcc.a(_umoddi3.o)
                0x00000000c001c1f0                __umoddi3
 *(.gnu.linkonce.t*)

.iplt           0x00000000c001c310        0x0
 .iplt          0x00000000c001c310        0x0 D:/Users/Alex/Desktop/Banana/kernel/boot.32

.init           0x00000000c001c30a        0xf
 .init          0x00000000c001c30a        0x3 crti.32
                0x00000000c001c30a                _init
 .init          0x00000000c001c30d        0x5 /cygdrive/d/Users/Alex/Desktop/Toolchain/Output/bin/../lib/gcc/i386-banana/8.1.0/crtbegin.o
 .init          0x00000000c001c312        0x5 /cygdrive/d/Users/Alex/Desktop/Toolchain/Output/bin/../lib/gcc/i386-banana/8.1.0/crtend.o
 .init          0x00000000c001c317        0x2 crtn.32

.fini           0x00000000c001c319        0xa
 .fini          0x00000000c001c319        0x3 crti.32
                0x00000000c001c319                _fini
 .fini          0x00000000c001c31c        0x5 /cygdrive/d/Users/Alex/Desktop/Toolchain/Output/bin/../lib/gcc/i386-banana/8.1.0/crtbegin.o
 .fini          0x00000000c001c321        0x2 crtn.32

.text._ZN8ComputerD2Ev
                0x00000000c001c324       0x23
 .text._ZN8ComputerD2Ev
                0x00000000c001c324       0x23 core/computer.32
                0x00000000c001c324                Computer::~Computer()
                0x00000000c001c324                Computer::~Computer()

.text._ZN8ComputerD0Ev
                0x00000000c001c348       0x2a
 .text._ZN8ComputerD0Ev
                0x00000000c001c348       0x2a core/computer.32
                0x00000000c001c348                Computer::~Computer()

.text._Z10idleCommonv
                0x00000000c001c372       0x21
 .text._Z10idleCommonv
                0x00000000c001c372       0x21 core/idle.32
                0x00000000c001c372                idleCommon()

.text._ZN10LinkedListI8UnixFileED2Ev
                0x00000000c001c394        0x2
 .text._ZN10LinkedListI8UnixFileED2Ev
                0x00000000c001c394        0x2 core/unixfile.32
                0x00000000c001c394                LinkedList<UnixFile>::~LinkedList()
                0x00000000c001c394                LinkedList<UnixFile>::~LinkedList()

.text._ZN10LinkedListI8UnixFileEC2Ev
                0x00000000c001c396       0x42
 .text._ZN10LinkedListI8UnixFileEC2Ev
                0x00000000c001c396       0x42 core/unixfile.32
                0x00000000c001c396                LinkedList<UnixFile>::LinkedList()
                0x00000000c001c396                LinkedList<UnixFile>::LinkedList()

.text._ZN10LinkedListI8UnixFileE10addElementEPS0_
                0x00000000c001c3d8       0xd3
 .text._ZN10LinkedListI8UnixFileE10addElementEPS0_
                0x00000000c001c3d8       0xd3 core/unixfile.32
                0x00000000c001c3d8                LinkedList<UnixFile>::addElement(UnixFile*)

.text._ZN10LinkedListI8UnixFileE15getFirstElementEv
                0x00000000c001c4ac        0x7
 .text._ZN10LinkedListI8UnixFileE15getFirstElementEv
                0x00000000c001c4ac        0x7 core/unixfile.32
                0x00000000c001c4ac                LinkedList<UnixFile>::getFirstElement()

.text._ZN10LinkedListI8UnixFileE11removeFirstEv
                0x00000000c001c4b4       0xa1
 .text._ZN10LinkedListI8UnixFileE11removeFirstEv
                0x00000000c001c4b4       0xa1 core/unixfile.32
                0x00000000c001c4b4                LinkedList<UnixFile>::removeFirst()

.text._ZN10LinkedListI8UnixFileE7getNextEPS0_
                0x00000000c001c556        0x8
 .text._ZN10LinkedListI8UnixFileE7getNextEPS0_
                0x00000000c001c556        0x8 core/unixfile.32
                0x00000000c001c556                LinkedList<UnixFile>::getNext(UnixFile*)

.text._ZN16DriverlessDeviceD2Ev
                0x00000000c001c55e       0x1a
 .text._ZN16DriverlessDeviceD2Ev
                0x00000000c001c55e       0x1a hal/device.32
                0x00000000c001c55e                DriverlessDevice::~DriverlessDevice()
                0x00000000c001c55e                DriverlessDevice::~DriverlessDevice()

.text._ZN16DriverlessDeviceD0Ev
                0x00000000c001c578       0x2a
 .text._ZN16DriverlessDeviceD0Ev
                0x00000000c001c578       0x2a hal/device.32
                0x00000000c001c578                DriverlessDevice::~DriverlessDevice()

.text._ZN10LinkedListI6DeviceE10addElementEPS0_
                0x00000000c001c5a2       0xdc
 .text._ZN10LinkedListI6DeviceE10addElementEPS0_
                0x00000000c001c5a2       0xdc hal/device.32
                0x00000000c001c5a2                LinkedList<Device>::addElement(Device*)

.text._ZN10LinkedListI6DeviceEC2Ev
                0x00000000c001c67e       0x42
 .text._ZN10LinkedListI6DeviceEC2Ev
                0x00000000c001c67e       0x42 hal/device.32
                0x00000000c001c67e                LinkedList<Device>::LinkedList()
                0x00000000c001c67e                LinkedList<Device>::LinkedList()

.text._ZN10LinkedListIV18ThreadControlBlockE7isEmptyEv
                0x00000000c001c6c0       0x1c
 .text._ZN10LinkedListIV18ThreadControlBlockE7isEmptyEv
                0x00000000c001c6c0       0x1c hal/timer.32
                0x00000000c001c6c0                LinkedList<ThreadControlBlock volatile>::isEmpty()

.text._ZN10LinkedListIV18ThreadControlBlockE15getFirstElementEv
                0x00000000c001c6dc        0x7
 .text._ZN10LinkedListIV18ThreadControlBlockE15getFirstElementEv
                0x00000000c001c6dc        0x7 hal/timer.32
                0x00000000c001c6dc                LinkedList<ThreadControlBlock volatile>::getFirstElement()

.text._ZN10LinkedListIV18ThreadControlBlockE11removeFirstEv