Archive member included to satisfy reference by file (symbol)

/cygdrive/d/Users/Alex/Desktop/Toolchain/Output/bin/../lib/gcc/i386-banana/8.1.0/libkgcc.a(_divdi3.o)
                              krnl/resolve.32 (__divdi3)
/cygdrive/d/Users/Alex/Desktop/Toolchain/Output/bin/../lib/gcc/i386-banana/8.1.0/libkgcc.a(_moddi3.o)
                              krnl/resolve.32 (__moddi3)
/cygdrive/d/Users/Alex/Desktop/Toolchain/Output/bin/../lib/gcc/i386-banana/8.1.0/libkgcc.a(_udivdi3.o)
                              hal/clock.32 (__udivdi3)
/cygdrive/d/Users/Alex/Desktop/Toolchain/Output/bin/../lib/gcc/i386-banana/8.1.0/libkgcc.a(_umoddi3.o)
                              core/pipe.32 (__umoddi3)

Allocating common symbols
Common symbol       size              file

dcache              0x40              fs/iso9660/iso9660.32
cdDriveLetter       0x1               fs/iso9660/iso9660.32
icache              0x40              fs/iso9660/iso9660.32

Discarded input sections

 .comment       0x0000000000000000       0x12 /cygdrive/d/Users/Alex/Desktop/Toolchain/Output/bin/../lib/gcc/i386-banana/8.1.0/crtbegin.o
 .comment       0x0000000000000000       0x12 acpica/utclib.32
 .comment       0x0000000000000000       0x12 core/malloc.32
 .comment       0x0000000000000000       0x12 libk/ctype.32
 .comment       0x0000000000000000       0x12 libk/string.32
 .comment       0x0000000000000000       0x12 fs/fat/diskio.32
 .comment       0x0000000000000000       0x12 fs/fat/ff.32
 .comment       0x0000000000000000       0x12 fs/fat/ffsystem.32
 .comment       0x0000000000000000       0x12 fs/fat/ffunicode.32
 .comment       0x0000000000000000       0x12 fs/iso9660/iso9660.32
 .group         0x0000000000000000       0x14 core/computer.32
 .group         0x0000000000000000        0xc core/computer.32
 .comment       0x0000000000000000       0x12 core/computer.32
 .comment       0x0000000000000000       0x12 core/gdt.32
 .group         0x0000000000000000        0xc core/idle.32
 .comment       0x0000000000000000       0x12 core/idle.32
 .comment       0x0000000000000000       0x12 core/idt.32
 .comment       0x0000000000000000       0x12 core/kheap.32
 .comment       0x0000000000000000       0x12 core/main.32
 .comment       0x0000000000000000       0x12 core/physmgr.32
 .group         0x0000000000000000        0xc core/pipe.32
 .comment       0x0000000000000000       0x12 core/pipe.32
 .group         0x0000000000000000        0xc core/terminal.32
 .comment       0x0000000000000000       0x12 core/terminal.32
 .comment       0x0000000000000000       0x12 core/tss.32
 .group         0x0000000000000000        0x8 core/unixfile.32
 .group         0x0000000000000000        0x8 core/unixfile.32
 .group         0x0000000000000000        0xc core/unixfile.32
 .group         0x0000000000000000        0x8 core/unixfile.32
 .group         0x0000000000000000        0xc core/unixfile.32
 .group         0x0000000000000000        0x8 core/unixfile.32
 .group         0x0000000000000000        0xc core/unixfile.32
 .group         0x0000000000000000        0xc core/unixfile.32
 .comment       0x0000000000000000       0x12 core/unixfile.32
 .comment       0x0000000000000000       0x12 core/virtmgr.32
 .comment       0x0000000000000000       0x12 coreobjs/c++.32
 .comment       0x0000000000000000       0x12 dbg/kconsole.32
 .group         0x0000000000000000        0xc fs/vfs.32
 .group         0x0000000000000000        0xc fs/vfs.32
 .group         0x0000000000000000        0xc fs/vfs.32
 .comment       0x0000000000000000       0x12 fs/vfs.32
 .group         0x0000000000000000        0xc hal/bus.32
 .comment       0x0000000000000000       0x12 hal/bus.32
 .comment       0x0000000000000000       0x12 hal/buzzer.32
 .group         0x0000000000000000        0xc hal/clock.32
 .comment       0x0000000000000000       0x12 hal/clock.32
 .group         0x0000000000000000       0x14 hal/device.32
 .group         0x0000000000000000        0xc hal/device.32
 .group         0x0000000000000000        0x8 hal/device.32
 .group         0x0000000000000000        0xc hal/device.32
 .group         0x0000000000000000        0xc hal/device.32
 .comment       0x0000000000000000       0x12 hal/device.32
 .group         0x0000000000000000        0xc hal/diskctrl.32
 .comment       0x0000000000000000       0x12 hal/diskctrl.32
 .group         0x0000000000000000        0xc hal/diskphys.32
 .comment       0x0000000000000000       0x12 hal/diskphys.32
 .comment       0x0000000000000000       0x12 hal/fpu.32
 .comment       0x0000000000000000       0x12 hal/intctrl.32
 .group         0x0000000000000000        0xc hal/keybrd.32
 .comment       0x0000000000000000       0x12 hal/keybrd.32
 .group         0x0000000000000000        0xc hal/logidisk.32
 .comment       0x0000000000000000       0x12 hal/logidisk.32
 .group         0x0000000000000000        0xc hal/mouse.32
 .comment       0x0000000000000000       0x12 hal/mouse.32
 .group         0x0000000000000000        0xc hal/nic.32
[...]
Memory Configuration

Name             Origin             Length             Attributes
*default*        0x0000000000000000 0xffffffffffffffff

Linker script and memory map

LOAD D:/Users/Alex/Desktop/Banana/kernel/boot.32
LOAD crti.32
LOAD /cygdrive/d/Users/Alex/Desktop/Toolchain/Output/bin/../lib/gcc/i386-banana/8.1.0/crtbegin.o
LOAD D:/Users/Alex/Desktop/Banana/kernel/morenasm.32
LOAD acpica/utclib.32
LOAD core/malloc.32
LOAD libk/ctype.32
LOAD libk/string.32
LOAD fs/fat/diskio.32
LOAD fs/fat/ff.32
LOAD fs/fat/ffsystem.32
LOAD fs/fat/ffunicode.32
LOAD fs/iso9660/iso9660.32
LOAD core/computer.32
LOAD core/gdt.32
LOAD core/idle.32
LOAD core/idt.32
LOAD core/kheap.32
LOAD core/main.32
LOAD core/physmgr.32
LOAD core/pipe.32
LOAD core/terminal.32
LOAD core/tss.32
LOAD core/unixfile.32
LOAD core/virtmgr.32
LOAD coreobjs/c++.32
LOAD dbg/kconsole.32
LOAD fs/vfs.32
LOAD hal/bus.32
LOAD hal/buzzer.32
LOAD hal/clock.32
LOAD hal/device.32
LOAD hal/diskctrl.32
LOAD hal/diskphys.32
LOAD hal/fpu.32
LOAD hal/intctrl.32
LOAD hal/keybrd.32
LOAD hal/logidisk.32
LOAD hal/mouse.32
LOAD hal/nic.32
LOAD hal/partition.32
LOAD hal/serial.32
LOAD hal/timer.32
LOAD hal/vcache.32
LOAD hal/video.32
LOAD hw/acpi.32
LOAD hw/cpu.32
LOAD krnl/bootmsg.32
LOAD krnl/env.32
LOAD krnl/inlines.32
LOAD krnl/panic.32
LOAD krnl/powctrl.32
LOAD krnl/random.32
LOAD krnl/resolve.32
LOAD krnl/signal.32
LOAD krnl/syscalls.32
LOAD net/ethernet.32
LOAD reg/cm.32
LOAD reg/registry.32
LOAD sys/eject.32
LOAD sys/exit.32
LOAD sys/getcwd.32
LOAD sys/getpid.32
LOAD sys/getramdata.32
LOAD sys/getvgaptr.32
LOAD sys/kill.32
LOAD sys/loaddll.32
LOAD sys/read.32
LOAD sys/registersignal.32
LOAD sys/registry.32
LOAD sys/sbrk.32
LOAD sys/setcwd.32
LOAD sys/settime.32
LOAD sys/timezone.32
LOAD sys/write.32
LOAD sys/wsbe.32
LOAD sys/yield.32
LOAD thr/elf.32
LOAD thr/prcssthr.32
LOAD vm86/vm8086.32
LOAD arch/i386/hal.32
LOAD arch/i386/pic.32
LOAD arch/i386/rtc.32
LOAD arch/i386/vga.32
LOAD fs/fat/vfslink.32
LOAD fs/iso9660/helper.32
LOAD fs/iso9660/vfslink.32
LOAD hal/sound/sndcard.32
LOAD hal/sound/sndport.32
LOAD hw/bus/isa.32
LOAD hw/bus/pci.32
LOAD hw/diskctrl/ide.32
LOAD hw/diskctrl/satabus.32
LOAD hw/diskphys/ata.32
LOAD hw/diskphys/atapi.32
LOAD hw/diskphys/sata.32
LOAD hw/diskphys/satapi.32
LOAD hw/intctrl/apic.32
LOAD hw/timer/apictimer.32
LOAD hw/timer/pit.32
LOAD arch/i386/avx.32
LOAD arch/i386/interrupt.32
LOAD arch/i386/rdrand.32
LOAD arch/i386/sse.32
LOAD arch/i386/x87.32
LOAD /cygdrive/d/Users/Alex/Desktop/Toolchain/Output/bin/../lib/gcc/i386-banana/8.1.0/crtend.o
LOAD crtn.32
LOAD /cygdrive/d/Users/Alex/Desktop/Toolchain/Output/bin/../lib/gcc/i386-banana/8.1.0/libkgcc.a
LOAD D:/Users/Alex/Desktop/Banana/kernel/libsoftfp.a
LOAD D:/Users/Alex/Desktop/Banana/kernel/libk/libm32.a
                0x00000000c0000000                . = 0xc0000000

.text           0x00000000c0000000    0x1e51a
 *(.text)
 .text          0x00000000c0000000       0x20 D:/Users/Alex/Desktop/Banana/kernel/boot.32
 .text          0x00000000c0000020        0x0 crti.32
 .text          0x00000000c0000020      0x101 /cygdrive/d/Users/Alex/Desktop/Toolchain/Output/bin/../lib/gcc/i386-banana/8.1.0/crtbegin.o
 *fill*         0x00000000c0000121        0xf 
 .text          0x00000000c0000130      0x24f D:/Users/Alex/Desktop/Banana/kernel/morenasm.32
                0x00000000c0000130                manualPCIProbe
                0x00000000c000017b                prepareTramp
                0x00000000c0000194                doTPAUSE
                0x00000000c000019e                hasLegacyFPU
                0x00000000c00001c3                is486
                0x00000000c00001f9                detectCPUID
                0x00000000c000020f                goToVM86
                0x00000000c000023f                goToUsermode
                0x00000000c0000269                switchToThreadASMFirstTime
                0x00000000c0000277                switchToThreadASM
                0x00000000c00002fc                asmQuickAcquireLock
                0x00000000c000031a                asmQuickReleaseLock
                0x00000000c0000326                asmAcquireLock
                0x00000000c0000347                asmReleaseLock
                0x00000000c000035a                loadGDT
                0x00000000c000037a                memcpy
 *fill*         0x00000000c000037f        0x1 
 .text          0x00000000c0000380      0x893 acpica/utclib.32
                0x00000000c0000380                memcmp
                0x00000000c00003d0                memmove
                0x00000000c00004f0                memset
                0x00000000c0000590                strlen
                0x00000000c00005c0                strpbrk
                0x00000000c0000610                strtok
                0x00000000c0000690                strcpy
                0x00000000c00006c0                strncpy
                0x00000000c00007b0                strcmp
                0x00000000c0000800                strchr
                0x00000000c0000840                strncmp
                0x00000000c00008a0                strcat
                0x00000000c00008d0                strncat
                0x00000000c0000930                strstr
                0x00000000c0000990                toupper
                0x00000000c00009b0                tolower
                0x00000000c00009d0                simple_strtoul
 .text          0x00000000c0000c13      0xfb1 core/malloc.32
                0x00000000c0000d7e                dlfree
                0x00000000c00010dc                dlmalloc
                0x00000000c0001619                dlrealloc
                0x00000000c00017bd                dlmemalign
                0x00000000c00018e0                dlcalloc
                0x00000000c000197a                dlcfree
                0x00000000c000197f                dlindependent_calloc
                0x00000000c00019a4                dlindependent_comalloc
                0x00000000c00019bb                dlvalloc
                0x00000000c00019e6                dlpvalloc
                0x00000000c0001a1c                dlmalloc_trim
                0x00000000c0001a29                dlmalloc_usable_size
                0x00000000c0001a5a                dlmallinfo
                0x00000000c0001b29                dlmalloc_stats
                0x00000000c0001b3a                dlmallopt
 .text          0x00000000c0001bc4      0x224 libk/ctype.32
                0x00000000c0001bc4                isblank
                0x00000000c0001be4                iscntrl
                0x00000000c0001c04                isdigit
                0x00000000c0001c20                islower
                0x00000000c0001c3c                isspace
                0x00000000c0001c64                isupper
                0x00000000c0001c80                isalpha
                0x00000000c0001cb8                isalnum
                0x00000000c0001cf0                ispunct
                0x00000000c0001d38                isgraph
                0x00000000c0001d70                isprint
                0x00000000c0001da0                isxdigit
 .text          0x00000000c0001de8        0x0 libk/string.32
 .text          0x00000000c0001de8       0x51 fs/fat/diskio.32
                0x00000000c0001de8                disk_status
                0x00000000c0001deb                disk_initialize
                0x00000000c0001dee                disk_read
                0x00000000c0001e04                disk_write
                0x00000000c0001e1a                disk_ioctl
 .text          0x00000000c0001e39     0x3d37 fs/fat/ff.32
                0x00000000c0003bbb                f_mount
                0x00000000c0003c1d                f_open
                0x00000000c0003ee7                f_read
                0x00000000c00040c3                f_write
                0x00000000c00042f6                f_sync
                0x00000000c00043ad                f_close
                0x00000000c00043dc                f_lseek
                0x00000000c0004582                f_opendir
                0x00000000c000464d                f_closedir
                0x00000000c000466f                f_readdir
                0x00000000c0004701                f_stat
                0x00000000c0004780                f_getfree
                0x00000000c0004884                f_truncate
                0x00000000c0004968                f_unlink
                0x00000000c0004a86                f_mkdir
                0x00000000c0004c21                f_rename
                0x00000000c0004dd9                f_chmod
                0x00000000c0004e8b                f_utime
                0x00000000c0004f39                f_getlabel
                0x00000000c000508d                f_setlabel
                0x00000000c000521d                f_expand
                0x00000000c000537b                f_mkfs
 .text          0x00000000c0005b70       0x28 fs/fat/ffsystem.32
                0x00000000c0005b70                ff_memalloc
                0x00000000c0005b84                ff_memfree
 .text          0x00000000c0005b98      0x2dc fs/fat/ffunicode.32
                0x00000000c0005b98                ff_uni2oem
                0x00000000c0005c34                ff_oem2uni
                0x00000000c0005cac                ff_wtoupper
 .text          0x00000000c0005e74      0xd13 fs/iso9660/iso9660.32
                0x00000000c00060a7                isoReadDiscSector
                0x00000000c0006142                strnicmp
                0x00000000c00063e6                stricmp
                0x00000000c0006432                iso_open
                0x00000000c00064ba                iso_close
                0x00000000c00064d8                iso_read
                0x00000000c00065ee                iso_seek
                0x00000000c0006672                iso_tell
                0x00000000c00066a3                iso_total
                0x00000000c00066ce                fn_postprocess
                0x00000000c00066f4                iso_readdir
                0x00000000c0006952                iso_reset
                0x00000000c000696f                init_percd
                0x00000000c0006a69                iso_ioctl
                0x00000000c0006a81                fs_iso9660_init
                0x00000000c0006b17                fs_iso9660_shutdown
 *fill*         0x00000000c0006b87        0x1 
 .text          0x00000000c0006b88      0x741 core/computer.32
                0x00000000c0006b88                Computer::close(int, int, void*)
                0x00000000c0006be2                Krnl::firstTask()
                0x00000000c0006d66                Computer::Computer()
                0x00000000c0006d66                Computer::Computer()
                0x00000000c0006e1a                Computer::setBootMessage(char const*)
                0x00000000c0006e1c                Computer::detectFeatures()
                0x00000000c000702e                Computer::displayFeatures()
                0x00000000c0007030                Computer::rdmsr(unsigned int)
                0x00000000c0007058                Computer::wrmsr(unsigned int, unsigned long long)
                0x00000000c000709c                Computer::shutdown()
                0x00000000c00070c2                Computer::restart()
                0x00000000c00070ea                Computer::sleep()
                0x00000000c00070fe                Computer::nmiEnabled()
                0x00000000c000710a                Computer::readCMOS(unsigned char)
                0x00000000c0007126                Computer::enableNMI(bool)
                0x00000000c0007140                Computer::open(int, int, void*)
                0x00000000c000721e                Computer::disableNMI()
                0x00000000c0007238                Computer::writeCMOS(unsigned char, unsigned char)
                0x00000000c0007258                Computer::handleNMI()
 *fill*         0x00000000c00072c9        0x1 
 .text          0x00000000c00072ca      0x1cd core/gdt.32
                0x00000000c00072ca                GDTEntry::setBase(unsigned int)
                0x00000000c00072e6                GDTEntry::setLimit(unsigned int)
                0x00000000c0007302                GDT::GDT()
                0x00000000c0007302                GDT::GDT()
                0x00000000c0007318                GDT::addEntry(GDTEntry)
                0x00000000c000733a                GDT::getNumberOfEntries()
                0x00000000c0007342                GDT::flush()
                0x00000000c0007364                GDT::setup()
 .text          0x00000000c0007497       0x1d core/idle.32
                0x00000000c0007497                idleFunction(void*)
 .text          0x00000000c00074b4      0x468 core/idt.32
                0x00000000c00074b4                IDTEntry::IDTEntry(bool)
                0x00000000c00074b4                IDTEntry::IDTEntry(bool)
                0x00000000c000752c                IDTEntry::setOffset(unsigned int)
                0x00000000c0007540                IDT::IDT()
                0x00000000c0007540                IDT::IDT()
                0x00000000c0007542                IDT::getPointerToInvalidOpcodeEntryForF00F()
                0x00000000c000754a                IDT::addEntry(IDTEntry, int)
                0x00000000c0007564                IDT::addEntry(int, void (*)(), bool)
                0x00000000c000759c                IDT::flush()
                0x00000000c00075b6                IDT::setup()
 .text          0x00000000c000791c      0x1c3 core/kheap.32
                0x00000000c000791c                sbrk
                0x00000000c00079b5                mmap
                0x00000000c00079cd                munmap
                0x00000000c00079e5                liballoc_lock()
                0x00000000c00079f2                liballoc_unlock()
                0x00000000c0007a06                liballoc_alloc(int)
                0x00000000c0007a2a                liballoc_free(void*, int)
                0x00000000c0007a4b                realloc
                0x00000000c0007a66                malloc
                0x00000000c0007a79                free
                0x00000000c0007a8c                rfree
                0x00000000c0007a9f                calloc
 .text          0x00000000c0007adf       0xcf core/main.32
                0x00000000c0007adf                KeEntryPoint
 *fill*         0x00000000c0007bae        0x2 
 .text          0x00000000c0007bb0      0x5f8 core/physmgr.32
                0x00000000c0007bb0                Phys::allocateDMA(unsigned long)
                0x00000000c0007c83                Phys::freeDMA(unsigned long, unsigned long)
                0x00000000c0007cb6                Phys::setPageState(unsigned long, bool)
                0x00000000c0007ce9                Phys::getPageState(unsigned long)
                0x00000000c0007d04                Phys::freePage(unsigned long)
                0x00000000c0007d6c                Phys::allocatePage()
                0x00000000c0007e2c                Phys::allocateContiguousPages(int)
                0x00000000c0007e88                Phys::allowSegmentToBeUsed(unsigned long, unsigned long)
                0x00000000c0007eca                Phys::physicalMemorySetup(unsigned int)
 .text          0x00000000c00081a8      0x267 core/pipe.32
                0x00000000c00081a8                Pipe::isAtty()
                0x00000000c00081ac                Pipe::~Pipe()
                0x00000000c00081ac                Pipe::~Pipe()
                0x00000000c00081cc                Pipe::~Pipe()
                0x00000000c00081f4                Pipe::write(unsigned long long, void*, int*)
                0x00000000c00082b8                Pipe::read(unsigned long long, void*, int*)
                0x00000000c00083aa                Pipe::Pipe(int)
                0x00000000c00083aa                Pipe::Pipe(int)
 *fill*         0x00000000c000840f        0x1 
 .text          0x00000000c0008410      0xabe core/terminal.32
                0x00000000c0008410                VgaText::isAtty()
                0x00000000c0008414                VgaText::~VgaText()
                0x00000000c0008414                VgaText::~VgaText()
                0x00000000c0008434                VgaText::~VgaText()
                0x00000000c000845c                VgaText::read(unsigned long long, void*, int*)
                0x00000000c000847c                setTerminalScrollLock(bool)
                0x00000000c000847d                doTerminalCycle()
                0x00000000c000847e                addToTerminalCycle(VgaText*)
                0x00000000c000847f                scrollTerminalScrollLock(int)
                0x00000000c0008480                VgaText::updateTitle()
                0x00000000c0008482                VgaText::load()
                0x00000000c0008484                VgaText::updateCursor()
                0x00000000c000849a                VgaText::doANSI_SGR(int)
                0x00000000c000850e                VgaText::setDefaultBgColour(VgaColour)
                0x00000000c000851e                VgaText::setDefaultFgColour(VgaColour)
                0x00000000c000852e                VgaText::setDefaultColours(VgaColour, VgaColour)
                0x00000000c000854e                VgaText::setTitleTextColour(VgaColour)
                0x00000000c000855a                VgaText::setTitleColour(VgaColour)
                0x00000000c0008566                VgaText::setTitle(char*)
                0x00000000c0008568                VgaText::combineColours(unsigned char, unsigned char)
                0x00000000c000857a                VgaText::scrollScreen()
                0x00000000c000860c                VgaText::combineCharAndColour(char, unsigned char)
                0x00000000c000861c                VgaText::writeCharacter(char, VgaColour, VgaColour, int, int)
                0x00000000c00086ac                VgaText::getCursorX()
                0x00000000c00086b4                VgaText::getCursorY()
                0x00000000c00086bc                VgaText::setCursor(int, int)
                0x00000000c00086d3                setActiveTerminal(VgaText*)
                0x00000000c000871e                VgaText::clearScreen()
                0x00000000c000876c                VgaText::setCursorX(int)
                0x00000000c0008784                VgaText::setCursorY(int)
                0x00000000c000879c                VgaText::incrementCursor(bool)
                0x00000000c00087f8                VgaText::decrementCursor(bool)
                0x00000000c000881a                VgaText::putchar(char, VgaColour, VgaColour)
                0x00000000c00088e6                VgaText::putchar(char)
                0x00000000c00089d2                VgaText::putx(unsigned int)
                0x00000000c0008a18                VgaText::puts(char const*)
                0x00000000c0008a3e                VgaText::write(unsigned long long, void*, int*)
                0x00000000c0008a8a                VgaText::puts(char const*, VgaColour, VgaColour)
                0x00000000c0008bd4                VgaText::VgaText(char const*)
                0x00000000c0008bd4                VgaText::VgaText(char const*)
                0x00000000c0008d4a                VgaText::receiveKey(unsigned char)
                0x00000000c0008ea8                VgaText::doUpdate()
                0x00000000c0008ea9                newTerminal(char*)
 *fill*         0x00000000c0008ece        0x2 
 .text          0x00000000c0008ed0      0x1ae core/tss.32
                0x00000000c0008ed0                TSS::TSS()
                0x00000000c0008ed0                TSS::TSS()
                0x00000000c0008ee0                TSS::setESP(unsigned long)
                0x00000000c0008ef4                TSS::flush()
                0x00000000c0008f18                TSS::setup(unsigned long, unsigned long)
 .text          0x00000000c000907e      0x496 core/unixfile.32
                0x00000000c000907e                ReservedFilename::read(unsigned long long, void*, int*)
                0x00000000c00090d4                ReservedFilename::isAtty()
                0x00000000c00090f0                ReservedFilename::write(unsigned long long, void*, int*)
                0x00000000c000914e                UnixFile::getFileDescriptor()
                0x00000000c0009156                UnixFile::UnixFile(int)
                0x00000000c0009156                UnixFile::UnixFile(int)
                0x00000000c00092ea                ReservedFilename::ReservedFilename(int)
                0x00000000c00092ea                ReservedFilename::ReservedFilename(int)
                0x00000000c000931c                UnixFile::~UnixFile()
                0x00000000c000931c                UnixFile::~UnixFile()
                0x00000000c00093a8                UnixFile::~UnixFile()
                0x00000000c00093d0                ReservedFilename::~ReservedFilename()
                0x00000000c00093d0                ReservedFilename::~ReservedFilename()
                0x00000000c00093f0                ReservedFilename::~ReservedFilename()
                0x00000000c0009417                getFromFileDescriptor(int)
 *fill*         0x00000000c0009514        0xc 
 .text          0x00000000c0009520     0x134c core/virtmgr.32
                0x00000000c0009520                Virt::setPageState(unsigned long, Virt::VirtPageState)
                0x00000000c0009559                Virt::getPageState(unsigned long)
                0x00000000c0009580                Virt::allocateKernelVirtualPages(int)
                0x00000000c000969b                Virt::freeSwapfilePage(unsigned long)
                0x00000000c00096b9                Virt::swapIDToSector(unsigned long)
                0x00000000c00096cf                Virt::allocateSwapfilePage()
                0x00000000c0009748                Virt::virtualMemorySetup()
                0x00000000c00097a2                Virt::setupPageSwapping(int)
                0x00000000c0009824                VAS::VAS(VAS*)
                0x00000000c0009824                VAS::VAS(VAS*)
                0x00000000c000984e                VAS::getForeignPageTableEntry(bool, unsigned long)
                0x00000000c000987a                VAS::getPageTableEntry(unsigned long)
                0x00000000c0009899                Virt::freeKernelVirtualPages(unsigned long)
                0x00000000c00099ae                VAS::freeAllocatedPages(unsigned long)
                0x00000000c00099d4                VAS::virtualToPhysical(unsigned long)
                0x00000000c00099f6                VAS::reflagRange(unsigned long, int, int, int)
                0x00000000c0009a42                VAS::VAS()
                0x00000000c0009a42                VAS::VAS()
                0x00000000c0009ac4                VAS::setToWriteCombining(unsigned long, int)
                0x00000000c0009b0e                VAS::mapOtherVASIn(bool, VAS*)
                0x00000000c0009b38                VAS::~VAS()
                0x00000000c0009b38                VAS::~VAS()
                0x00000000c0009ca2                VAS::mapPage(unsigned long, unsigned long, int)
                0x00000000c0009dd6                VAS::allocatePages(int, int)
                0x00000000c0009fb4                VAS::setCPUSpecific(unsigned long)
                0x00000000c0009fe2                VAS::mapRange(unsigned long, unsigned long, int, int)
                0x00000000c000a0b0                VAS::mapForeignPage(bool, VAS*, unsigned long, unsigned long, int)
                0x00000000c000a1d6                VAS::VAS(bool)
                0x00000000c000a1d6                VAS::VAS(bool)
                0x00000000c000a45a                VAS::evict(unsigned long)
                0x00000000c000a52a                VAS::tryLoadBackOffDisk(unsigned long)
                0x00000000c000a654                VAS::scanForEviction()
                0x00000000c000a73c                mapVASFirstTime
 .text          0x00000000c000a86c       0x5f coreobjs/c++.32
                0x00000000c000a86c                __cxa_atexit
                0x00000000c000a86f                __cxa_finalize
                0x00000000c000a870                __stack_chk_fail
                0x00000000c000a8a6                __cxa_pure_virtual
                0x00000000c000a8b7                operator new[](unsigned long)
                0x00000000c000a8bc                operator delete(void*, unsigned long)
                0x00000000c000a8c1                operator delete[](void*)
                0x00000000c000a8c6                operator delete[](void*, unsigned long)
 .text          0x00000000c000a8cb      0x259 dbg/kconsole.32
                0x00000000c000a8cb                Dbg::stringifyxWithBase(unsigned int, char*, int)
                0x00000000c000a93d                Dbg::logc(char)
                0x00000000c000a95d                Dbg::logs(char*)
                0x00000000c000a97f                Dbg::logWriteInt(unsigned int)
                0x00000000c000a9ab                Dbg::logWriteIntBase(unsigned int, int)
                0x00000000c000a9d6                Dbg::kprintf(char const*, ...)
 .text          0x00000000c000ab24      0xc46 fs/vfs.32
                0x00000000c000ab24                File::read(unsigned long long, void*, int*)
                0x00000000c000ab7c                File::write(unsigned long long, void*, int*)
                0x00000000c000abd4                Directory::read(unsigned long long, void*, int*)
                0x00000000c000ac2c                Directory::write(unsigned long long, void*, int*)
                0x00000000c000ac5a                File::isAtty()
                0x00000000c000ac5e                Directory::isAtty()
                0x00000000c000ac62                Filesystem::getlabel(LogicalDisk*, int, char*, unsigned int*)
                0x00000000c000ac68                Filesystem::setlabel(LogicalDisk*, int, char*)
                0x00000000c000ac6e                Filesystem::allocateSwapfile(char const*, int)
                0x00000000c000ac74                File::~File()
                0x00000000c000ac74                File::~File()
                0x00000000c000ac94                File::~File()
                0x00000000c000acbc                Directory::~Directory()
                0x00000000c000acbc                Directory::~Directory()
                0x00000000c000acdc                Directory::~Directory()
                0x00000000c000ad04                Filesystem::Filesystem()
                0x00000000c000ad04                Filesystem::Filesystem()
                0x00000000c000ad28                Filesystem::~Filesystem()
                0x00000000c000ad28                Filesystem::~Filesystem()
                0x00000000c000ad36                Filesystem::~Filesystem()
                0x00000000c000ad5d                Fs::getcwd(Process*, char*, int)
                0x00000000c000ad87                Fs::initVFS()
                0x00000000c000adb1                Fs::standardiseFiles(char*, char const*, char const*)
                0x00000000c000af58                File::File(char const*, Process*)
                0x00000000c000af58                File::File(char const*, Process*)
                0x00000000c000b016                File::open(FileOpenMode)
                0x00000000c000b074                File::close()
                0x00000000c000b0d4                File::seek(unsigned long long)
                0x00000000c000b12a                File::tell(unsigned long long*)
                0x00000000c000b17a                File::rewind()
                0x00000000c000b18e                File::unlink()
                0x00000000c000b1da                File::rename(char const*)
                0x00000000c000b228                File::chfatattr(unsigned char, unsigned char)
                0x00000000c000b27e                File::exists()
                0x00000000c000b2bc                File::stat(unsigned long long*, bool*)
                0x00000000c000b31d                Fs::setcwd(Process*, char*)
                0x00000000c000b47a                Directory::Directory(char const*, Process*)
                0x00000000c000b47a                Directory::Directory(char const*, Process*)
                0x00000000c000b538                Directory::open()
                0x00000000c000b594                Directory::close()
                0x00000000c000b5f4                Directory::unlink()
                0x00000000c000b640                Directory::rename(char const*)
                0x00000000c000b68e                Directory::exists()
                0x00000000c000b6cc                Directory::read(dirent*)
                0x00000000c000b718                Directory::create()
                0x00000000c000b764                Filesystem::chfatattr(char const*, unsigned char, unsigned char)
 *fill*         0x00000000c000b76a        0x2 
 .text          0x00000000c000b76c       0x7f hal/bus.32
                0x00000000c000b76c                Bus::Bus(char const*)
                0x00000000c000b76c                Bus::Bus(char const*)
                0x00000000c000b7a4                Bus::~Bus()
                0x00000000c000b7a4                Bus::~Bus()
                0x00000000c000b7c4                Bus::~Bus()
 .text          0x00000000c000b7eb       0x99 hal/buzzer.32
                0x00000000c000b7eb                beepThread(void*)
                0x00000000c000b828                Krnl::beep(int, int, bool)
 .text          0x00000000c000b884      0x45d hal/clock.32
                0x00000000c000b884                User::loadClockSettings(int)
                0x00000000c000b8d6                Clock::Clock(char const*)
                0x00000000c000b8d6                Clock::Clock(char const*)
                0x00000000c000b90c                Clock::~Clock()
                0x00000000c000b90c                Clock::~Clock()
                0x00000000c000b92c                Clock::~Clock()
                0x00000000c000b954                Clock::timeInSecondsLocal()
                0x00000000c000b99c                Clock::setTimeInSecondsLocal(unsigned long long)
                0x00000000c000b9f5                datetimeToSeconds(datetime_t)
                0x00000000c000bb14                Clock::setTimeInDatetimeLocal(datetime_t)
                0x00000000c000bb74                secondsToDatetime(unsigned long long)
                0x00000000c000bcbc                Clock::timeInDatetimeLocal()
 *fill*         0x00000000c000bce1        0x1 
 .text          0x00000000c000bce2      0x460 hal/device.32
                0x00000000c000bce2                Device::hibernate()
                0x00000000c000bce4                Device::wake()
                0x00000000c000bce6                Device::detect()
                0x00000000c000bce8                Device::disableLegacy()
                0x00000000c000bcea                Device::powerSaving(PowerSavingLevel)
                0x00000000c000bcec                DriverlessDevice::close(int, int, void*)
                0x00000000c000bcf0                DriverlessDevice::detect()
                0x00000000c000bcf2                DriverlessDevice::open(int, int, void*)
                0x00000000c000bd06                Device::~Device()
                0x00000000c000bd06                Device::~Device()
                0x00000000c000bd14                Device::~Device()
                0x00000000c000bd3c                Device::findAndLoadDriver()
                0x00000000c000bd4a                Device::preOpenPCI(PCIDeviceInfo)
                0x00000000c000bd70                Device::preOpenACPI(void*, char*, char*)
                0x00000000c000bdb0                Device::addIRQHandler(int, void (*)(regs*, void*), bool, void*)
                0x00000000c000bdd8                Device::getParent()
                0x00000000c000bde4                Device::removeIRQHandler(int, void (*)(regs*, void*), bool)
                0x00000000c000be02                Device::addChild(Device*)
                0x00000000c000be46                Device::removeAllChildren()
                0x00000000c000be8c                Device::hibernateAll()
                0x00000000c000bebc                Device::wakeAll()
                0x00000000c000beec                Device::detectAll()
                0x00000000c000bf1c                Device::disableLegacyAll()
                0x00000000c000bf1e                Device::loadDriversForAll()
                0x00000000c000bf20                Device::closeAll()
                0x00000000c000bf56                Device::powerSavingAll(PowerSavingLevel)
                0x00000000c000bf8c                Device::setName(char const*)
                0x00000000c000bf9a                Device::Device(char const*)
                0x00000000c000bf9a                Device::Device(char const*)
                0x00000000c000c094                Device::getName()
                0x00000000c000c09e                DriverlessDevice::DriverlessDevice(char const*)
                0x00000000c000c09e                DriverlessDevice::DriverlessDevice(char const*)
                0x00000000c000c0d4                Device::addToLinkedList(LinkedList<Device>&, DeviceType)
                0x00000000c000c118                getDevicesOfType(DeviceType)
 *fill*         0x00000000c000c142        0x2 
 .text          0x00000000c000c144       0x7f hal/diskctrl.32
                0x00000000c000c144                HardDiskController::HardDiskController(char const*)
                0x00000000c000c144                HardDiskController::HardDiskController(char const*)
                0x00000000c000c17c                HardDiskController::~HardDiskController()
                0x00000000c000c17c                HardDiskController::~HardDiskController()
                0x00000000c000c19c                HardDiskController::~HardDiskController()
 *fill*         0x00000000c000c1c3        0x1 
 .text          0x00000000c000c1c4       0xdb hal/diskphys.32
                0x00000000c000c1c4                PhysicalDisk::eject()
                0x00000000c000c1c8                PhysicalDisk::PhysicalDisk(char const*, int)
                0x00000000c000c1c8                PhysicalDisk::PhysicalDisk(char const*, int)
                0x00000000c000c230                PhysicalDisk::startCache()
                0x00000000c000c258                PhysicalDisk::~PhysicalDisk()
                0x00000000c000c258                PhysicalDisk::~PhysicalDisk()
                0x00000000c000c278                PhysicalDisk::~PhysicalDisk()
 .text          0x00000000c000c29f        0x0 hal/fpu.32
 *fill*         0x00000000c000c29f        0x1 
 .text          0x00000000c000c2a0      0x331 hal/intctrl.32
                0x00000000c000c2a0                int_handler
                0x00000000c000c31b                installISRHandler(int, void (*)(regs*, void*), void*)
                0x00000000c000c364                installIRQHandler(int, void (*)(regs*, void*), bool, void*)
                0x00000000c000c4a4                uninstallISRHandler(int, void (*)(regs*, void*))
                0x00000000c000c4d8                uninstallIRQHandler(int, void (*)(regs*, void*), bool)
                0x00000000c000c546                setupINTS()
                0x00000000c000c593                convertLegacyIRQNumber(int)
 *fill*         0x00000000c000c5d1        0x1 
 .text          0x00000000c000c5d2      0x81d hal/keybrd.32
                0x00000000c000c5d2                startGUI(void*)
                0x00000000c000c641                startGUIVESA(void*)
                0x00000000c000c6b0                sendKeyToTerminal(unsigned char)
                0x00000000c000c776                sendKeyboardToken(KeyboardToken)
                0x00000000c000cbf3                clearInternalKeybuffer(VgaText*)
                0x00000000c000cc29                readKeyboard(VgaText*, char*, unsigned long)
                0x00000000c000cd6c                Keyboard::Keyboard(char const*)
                0x00000000c000cd6c                Keyboard::Keyboard(char const*)
                0x00000000c000cda8                Keyboard::~Keyboard()
                0x00000000c000cda8                Keyboard::~Keyboard()
                0x00000000c000cdc8                Keyboard::~Keyboard()
 *fill*         0x00000000c000cdef        0x1 
 .text          0x00000000c000cdf0      0x3f0 hal/logidisk.32
                0x00000000c000cdf0                LogicalDisk::close(int, int, void*)
                0x00000000c000cdf4                LogicalDisk::~LogicalDisk()
                0x00000000c000cdf4                LogicalDisk::~LogicalDisk()
                0x00000000c000ce14                LogicalDisk::~LogicalDisk()
                0x00000000c000ce3c                LogicalDisk::open(int, int, void*)
                0x00000000c000ce50                LogicalDisk::absoluteToRelative(unsigned long long)
                0x00000000c000ce88                LogicalDisk::relativeToAbsolute(unsigned long long)
                0x00000000c000cece                LogicalDisk::LogicalDisk(char const*, PhysicalDisk*, unsigned long long, unsigned long long)
                0x00000000c000cece                LogicalDisk::LogicalDisk(char const*, PhysicalDisk*, unsigned long long, unsigned long long)
                0x00000000c000cf90                LogicalDisk::assignDriveLetter()
                0x00000000c000d046                LogicalDisk::mount()
                0x00000000c000d08e                LogicalDisk::unmount()
                0x00000000c000d09e                LogicalDisk::eject()
                0x00000000c000d0b2                LogicalDisk::unassignDriveLetter()
                0x00000000c000d108                LogicalDisk::read(unsigned long long, int, void*)
                0x00000000c000d174                LogicalDisk::write(unsigned long long, int, void*)
 .text          0x00000000c000d1e0       0x7f hal/mouse.32
                0x00000000c000d1e0                Mouse::Mouse(char const*)
                0x00000000c000d1e0                Mouse::Mouse(char const*)
                0x00000000c000d218                Mouse::~Mouse()
                0x00000000c000d218                Mouse::~Mouse()
                0x00000000c000d238                Mouse::~Mouse()
 *fill*         0x00000000c000d25f        0x1 
 .text          0x00000000c000d260       0x89 hal/nic.32
                0x00000000c000d260                NIC::getMAC()
                0x00000000c000d266                NIC::write(int, unsigned char*, int*)
                0x00000000c000d26c                NIC::NIC(char const*)
                0x00000000c000d26c                NIC::NIC(char const*)
                0x00000000c000d2a2                NIC::~NIC()
                0x00000000c000d2a2                NIC::~NIC()
                0x00000000c000d2c2                NIC::~NIC()
 .text          0x00000000c000d2e9      0x336 hal/partition.32
                0x00000000c000d2e9                makePartition(PhysicalDisk*, unsigned long long, unsigned long long)
                0x00000000c000d391                createPartitionsForDisk(PhysicalDisk*)
 *fill*         0x00000000c000d61f        0x1 
 .text          0x00000000c000d620       0x7f hal/serial.32
                0x00000000c000d620                Serial::Serial(char const*)
                0x00000000c000d620                Serial::Serial(char const*)
                0x00000000c000d658                Serial::~Serial()
                0x00000000c000d658                Serial::~Serial()
                0x00000000c000d678                Serial::~Serial()
 *fill*         0x00000000c000d69f        0x1 
 .text          0x00000000c000d6a0      0x22c hal/timer.32
                0x00000000c000d6a0                Timer::Timer(char const*)
                0x00000000c000d6a0                Timer::Timer(char const*)
                0x00000000c000d6d8                Timer::~Timer()
                0x00000000c000d6d8                Timer::~Timer()
                0x00000000c000d6f8                Timer::~Timer()
                0x00000000c000d720                Timer::read()
                0x00000000c000d72b                setupTimer(int)
                0x00000000c000d766                timerHandler(unsigned int)
 .text          0x00000000c000d8cc      0x434 hal/vcache.32
                0x00000000c000d8cc                VCache::VCache(PhysicalDisk*)
                0x00000000c000d8cc                VCache::VCache(PhysicalDisk*)
                0x00000000c000da2c                VCache::invalidateReadBuffer()
                0x00000000c000da3c                VCache::writeWriteBuffer()
                0x00000000c000da88                VCache::~VCache()
                0x00000000c000da88                VCache::~VCache()
                0x00000000c000dad4                VCache::~VCache()
                0x00000000c000dafc                VCache::write(unsigned long long, int, void*)
                0x00000000c000dbf6                VCache::read(unsigned long long, int, void*)
 .text          0x00000000c000dd00      0x4d1 hal/video.32
                0x00000000c000dd00                Video::putrect(int, int, int, int, unsigned int)
                0x00000000c000dd4c                Video::bitblit(int, int, int, int, int, int, int, unsigned int*)
                0x00000000c000ddbc                Video::blit(unsigned int*, int, int, int, int)
                0x00000000c000de4c                Video::clearScreen(unsigned int)
                0x00000000c000de80                Video::putpixel(int, int, unsigned int)
                0x00000000c000de8e                Video::readPixelApprox(int, int)
                0x00000000c000dea2                Video::Video(char const*)
                0x00000000c000dea2                Video::Video(char const*)
                0x00000000c000ded8                Video::~Video()
                0x00000000c000ded8                Video::~Video()
                0x00000000c000def8                Video::~Video()
                0x00000000c000df20                Video::isMonochrome()
                0x00000000c000df2c                Video::getWidth()
                0x00000000c000df38                Video::getHeight()
                0x00000000c000df44                Video::drawCursor(int, int, unsigned int*, int)
                0x00000000c000e000                Video::tgaParse(unsigned char*, int, int*, int*)
                0x00000000c000e166                Video::putTGA(int, int, unsigned char*, int)
 *fill*         0x00000000c000e1d1        0x3 
 .text          0x00000000c000e1d4     0x1305 hw/acpi.32
                0x00000000c000e1d4                ACPI::close(int, int, void*)
                0x00000000c000e284                findRSDP()
                0x00000000c000e31c                loadACPITables(unsigned char*)
                0x00000000c000e5a0                findRSDT(unsigned char*)
                0x00000000c000e70c                findDataTable(unsigned char*, char*)
                0x00000000c000e78c                scanMADT()
                0x00000000c000ec54                ACPI::ACPI()
                0x00000000c000ec54                ACPI::ACPI()
                0x00000000c000eca8                ACPI::getPCIIRQAssignment(unsigned char, unsigned short, unsigned char)
                0x00000000c000ed8c                ACPI::registerPCIIRQAssignment(void*, unsigned short, unsigned char, unsigned char)
                0x00000000c000ee54                ACPI::setScreenBrightnessLevel(void*, int)
                0x00000000c000ee5c                ACPI::detectPCI()
                0x00000000c000f064                ACPI::writeSimpleBootFlag(SimpleBootFlagTable*)
                0x00000000c000f0b0                ACPI::sleep()
                0x00000000c000f0cc                ACPI::open(int, int, void*)
 *fill*         0x00000000c000f4d9        0x1 
 .text          0x00000000c000f4da      0xb69 hw/cpu.32
                0x00000000c000f4da                CPU::close(int, int, void*)
                0x00000000c000f4de                CPU::AMD_K6_write_msr(unsigned int, unsigned int, unsigned int, CPU::REGS*)
                0x00000000c000f4fa                CPU::AMD_K6_read_msr(unsigned int, CPU::REGS*)
                0x00000000c000f512                CPU::AMD_K6_writeback(int, int, int)
                0x00000000c000f586                CPU::cpuid(int, unsigned long*, unsigned long*, unsigned long*, unsigned long*)
                0x00000000c000f60a                CPU::cpuidCheckEDX(unsigned int)
                0x00000000c000f638                CPU::cpuidCheckECX(unsigned int)
                0x00000000c000f666                CPU::cpuidCheckExtendedEBX(unsigned int)
                0x00000000c000f694                CPU::cpuidCheckExtendedECX(unsigned int)
                0x00000000c000f6c2                CPU::CPU()
                0x00000000c000f6c2                CPU::CPU()
                0x00000000c000f744                CPU::displayFeatures()
                0x00000000c000f746                CPU::detectFeatures()
                0x00000000c000fdea                CPU::setupSMEP()
                0x00000000c000fdf6                CPU::setupUMIP()
                0x00000000c000fe00                CPU::setupTSC()
                0x00000000c000fe0a                CPU::setupLargePages()
                0x00000000c000fe14                CPU::setupPAT()
                0x00000000c000fe50                CPU::setupMTRR()
                0x00000000c000fe52                CPU::setupGlobalPages()
                0x00000000c000fe5c                CPU::allowUsermodeDataAccess()
                0x00000000c000fe6e                CPU::prohibitUsermodeDataAccess()
                0x00000000c000fe80                CPU::setupSMAP()
                0x00000000c000fe8e                CPU::setupFeatures()
                0x00000000c000ff5a                CPU::open(int, int, void*)
 .text          0x00000000c0010043       0xd1 krnl/bootmsg.32
                0x00000000c0010043                KeDisplaySplashScreen()
                0x00000000c00100b1                KeSetBootMessage(char const*)
 .text          0x00000000c0010114      0x57d krnl/env.32
                0x00000000c0010114                EnvVarContainer::getEnv(char const*)
                0x00000000c0010152                EnvVarContainer::setEnv(char const*, char const*)
                0x00000000c0010214                EnvVarContainer::deleteEnv(char const*)
                0x00000000c0010216                EnvVarContainer::loadFrom(char const*, char const*)
                0x00000000c00103fc                EnvVarContainer::__loadSystem()
                0x00000000c0010416                EnvVarContainer::__loadUser()
                0x00000000c0010418                EnvVarContainer::EnvVarContainer(Process*)
                0x00000000c0010418                EnvVarContainer::EnvVarContainer(Process*)
                0x00000000c001043a                EnvVarContainer::~EnvVarContainer()
                0x00000000c001043a                EnvVarContainer::~EnvVarContainer()
                0x00000000c0010466                Krnl::getEnv(Process*, char const*)
                0x00000000c00104cb                Krnl::setEnvSystem(char const*, char const*)
                0x00000000c00104e5                Krnl::setEnvUser(char const*, char const*)
                0x00000000c0010504                Krnl::setEnvProcess(Process*, char const*, char const*)
                0x00000000c0010517                Krnl::deleteEnvSystem(char const*)
                0x00000000c0010518                Krnl::deleteEnvUser(char const*)
                0x00000000c0010519                Krnl::deleteEnvProcess(Process*, char const*)
                0x00000000c001051a                Krnl::newProcessEnv(Process*)
                0x00000000c001053c                Krnl::copyProcessEnv(Process*, Process*)
                0x00000000c0010588                Krnl::loadSystemEnv()
                0x00000000c00105b6                Krnl::loadUserEnv()
                0x00000000c00105dc                Krnl::flushEnv()
                0x00000000c00105dd                Krnl::getProcessTotalEnvCount(Process*)
                0x00000000c00105fd                Krnl::getProcessEnvPair(Process*, int)
 .text          0x00000000c0010691       0x94 krnl/inlines.32
                0x00000000c0010691                CPU::current()
                0x00000000c001069d                operator new(unsigned long)
                0x00000000c00106a2                operator delete(void*)
                0x00000000c00106a7                disableIRQs()
                0x00000000c00106a9                enableIRQs()
                0x00000000c00106ab                lockScheduler()
                0x00000000c00106b3                unlockScheduler()
                0x00000000c00106c2                lockStuff()
                0x00000000c00106d0                unlockStuff()
                0x00000000c001070a                Virt::getAKernelVAS()
                0x00000000c0010710                __not_memcpy
 .text          0x00000000c0010725        0xc krnl/panic.32
                0x00000000c0010725                KePanic(char const*)
 .text          0x00000000c0010731      0x142 krnl/powctrl.32
                0x00000000c0010731                Krnl::powerThread(void*)
                0x00000000c001075f                Krnl::changePowerSettings(Krnl::PowerSettings)
                0x00000000c0010775                Krnl::userIOReceived()
                0x00000000c0010780                Krnl::handlePowerButton()
                0x00000000c00107b5                Krnl::handleSleepButton()
                0x00000000c00107ea                Krnl::setupPowerManager()
 .text          0x00000000c0010873       0x9b krnl/random.32
                0x00000000c0010873                KeRand()
                0x00000000c00108b3                KeSeedRand(unsigned int)
                0x00000000c00108dc                KeInitRand()
 *fill*         0x00000000c001090e        0x2 
 .text          0x00000000c0010910      0x190 krnl/resolve.32
                0x00000000c0010910                KeResolveCompatibilitySymbol(char*)
 .text          0x00000000c0010aa0      0x315 krnl/signal.32
                0x00000000c0010aa0                KiSigKill(int)
                0x00000000c0010ab4                KiDefaultSignalHandlerIgnore(int)
                0x00000000c0010ab5                KiDefaultSignalHandlerPause(int)
                0x00000000c0010ae1                KiDefaultSignalHandlerResume(int)
                0x00000000c0010b0d                KeDeinitSignals(SigHandlerBlock*)
                0x00000000c0010b12                KeInitSignals()
                0x00000000c0010b5d                KeRegisterSignalHandler(SigHandlerBlock*, int, void (*)(int), unsigned int, int)
                0x00000000c0010b93                KeRaiseSignal(SigHandlerBlock*, int)
                0x00000000c0010c10                KeCheckSignal(SigHandlerBlock*, int*)
                0x00000000c0010d01                KiCheckSignalZ
                0x00000000c0010d43                KeCompleteSignal(SigHandlerBlock*, int)
                0x00000000c0010d7e                KiFinishSignalZ
 .text          0x00000000c0010db5      0xda8 krnl/syscalls.32
                0x00000000c0010db5                SysSeekDir(regs*)
                0x00000000c0010dba                SysTellDir(regs*)
                0x00000000c0010dbf                SysVerify(regs*)
                0x00000000c0010dc9                SysGetArgc(regs*)
                0x00000000c0010dd9                SysTTYName(regs*)
                0x00000000c0010de1                SysFormatDisk(regs*)
                0x00000000c0010e50                SysSetDiskVolumeLabel(regs*)
                0x00000000c0010eba                SysGetDiskVolumeLabel(regs*)
                0x00000000c0010f3b                SysShutdown(regs*)
                0x00000000c0011003                SysRealpath(regs*)
                0x00000000c0011054                SysReadDir(regs*)
                0x00000000c00110d8                SysIsATTY(regs*)
                0x00000000c001112a                SysSeek(regs*)
                0x00000000c0011197                SysTell(regs*)
                0x00000000c0011203                SysSize(regs*)
                0x00000000c0011277                SysSizeFromFilename(regs*)
                0x00000000c0011347                SysClose(regs*)
                0x00000000c001139f                SysOpenDir(regs*)
                0x00000000c0011427                SysMakeDir(regs*)
                0x00000000c0011495                SysCloseDir(regs*)
                0x00000000c00114dc                SysWait(regs*)
                0x00000000c0011501                SysNotImpl(regs*)
                0x00000000c001151e                SysPanic(regs*)
                0x00000000c001153b                SysRmdir(regs*)
                0x00000000c0011599                SysUnlink(regs*)
                0x00000000c00115f7                SysGetArgv(regs*)
                0x00000000c0011643                SysUSleep(regs*)
                0x00000000c001167d                SysSpawn(regs*)
                0x00000000c00116fc                SysGetEnv(regs*)
                0x00000000c00117cd                SysSetFatAttrib(regs*)
                0x00000000c0011850                SysPipe(regs*)
                0x00000000c00118b0                SysGetUnixTime(regs*)
                0x00000000c00118c4                string_ends_with(char const*, char const*)
                0x00000000c001191e                SysOpen(regs*)
                0x00000000c0011b1b                KeSystemCall(regs*, void*)
 *fill*         0x00000000c0011b5d        0x3 
 .text          0x00000000c0011b60      0x151 net/ethernet.32
                0x00000000c0011b60                KeSwitchEndian16(unsigned short)
                0x00000000c0011b88                KeSwitchEndian32(unsigned int)
                0x00000000c0011bb8                EthernetCRC32(unsigned char*, int)
                0x00000000c0011c5c                EthernetReceivedPacket(EthernetUnwrappedFrame*, unsigned short)
 .text          0x00000000c0011cb1      0xd4e reg/cm.32
                0x00000000c0011cb1                CmOpen(char const*)
                0x00000000c0011dcf                CmClose(Reghive_Tag*)
                0x00000000c0011de5                CmReadExtent(Reghive_Tag*, int, unsigned char*)
                0x00000000c0011e21                CmGetString(Reghive_Tag*, int, char*)
                0x00000000c0011e98                CmEnterDirectory(Reghive_Tag*, int)
                0x00000000c0011ed7                CmGetNext(Reghive_Tag*, int)
                0x00000000c0011f09                CmWriteExtent(Reghive_Tag*, int, unsigned char*)
                0x00000000c0011f45                CmFreeExtent(Reghive_Tag*, int)
                0x00000000c0011f6d                CmUpdateHeader(Reghive_Tag*)
                0x00000000c0011f8e                CmExpand(Reghive_Tag*, int)
                0x00000000c0012009                CmFindUnusedExtent(Reghive_Tag*)
                0x00000000c001208f                CmCreateExtent(Reghive_Tag*, int, int, unsigned char*)
                0x00000000c0012186                CmSetString(Reghive_Tag*, int, char const*)
                0x00000000c00122c2                CmGetMatch(char*, char*, bool, bool*)
                0x00000000c0012323                CmAddShift(unsigned int*, int*, unsigned char, int)
                0x00000000c0012351                CmGetShift(unsigned int*, int*, int, bool*)
                0x00000000c0012389                CmGetInteger(Reghive_Tag*, int, unsigned long long*)
                0x00000000c00123b3                CmSetInteger(Reghive_Tag*, int, unsigned long long)
                0x00000000c00123f3                CmConvertFromInternalFilename(unsigned char const*, char*)
                0x00000000c0012497                CmGetNameAndTypeFromExtent(Reghive_Tag*, int, char*)
                0x00000000c00124c5                CmConvertToInternalFilename(char const*, unsigned char*)
                0x00000000c0012662                CmCreateString(Reghive_Tag*, int, char const*)
                0x00000000c00126af                CmFindInDirectory(Reghive_Tag*, int, char const*)
                0x00000000c0012729                CmCreateInteger(Reghive_Tag*, int, char const*, unsigned long long, int)
                0x00000000c001277c                CmCreateDirectory(Reghive_Tag*, int, char const*)
                0x00000000c0012840                zStrtok(char*, char const*)
                0x00000000c00128a9                CmFindObjectFromPath(Reghive_Tag*, char const*)
                0x00000000c001292a                CmDisplayTree(Reghive_Tag*, int, int)
                0x00000000c00129cd                CmSplitFinalSlashInPlace(char*)
 .text          0x00000000c00129ff      0x521 reg/registry.32
                0x00000000c00129ff                Reg::findLineFromLoadedData(char*, char*, char*)
                0x00000000c0012b6e                Reg::getLineFromRegistry(char*, char*, char*, char*)
                0x00000000c0012cc3                Reg::getLine(char*, char*, char*)
                0x00000000c0012cfa                Reg::readInt(char*, char*, int*)
                0x00000000c0012dd6                Reg::readString(char*, char*, char*, int)
                0x00000000c0012e5c                Reg::readBool(char*, char*, bool*)
                0x00000000c0012e81                Reg::readBoolWithDefault(char*, char*, bool)
                0x00000000c0012eb3                Reg::readIntWithDefault(char*, char*, int)
                0x00000000c0012edf                Reg::readStringWithDefault(char*, char*, char*, int, char*)
 .text          0x00000000c0012f20       0x36 sys/eject.32
                0x00000000c0012f20                SysEject(regs*)
 .text          0x00000000c0012f56       0x18 sys/exit.32
                0x00000000c0012f56                SysExit(regs*)
 .text          0x00000000c0012f6e       0x1f sys/getcwd.32
                0x00000000c0012f6e                SysGetCwd(regs*)
 .text          0x00000000c0012f8d        0xc sys/getpid.32
                0x00000000c0012f8d                SysGetPID(regs*)
 .text          0x00000000c0012f99       0x1a sys/getramdata.32
                0x00000000c0012f99                SysGetRAMData(regs*)
 .text          0x00000000c0012fb3       0x82 sys/getvgaptr.32
                0x00000000c0012fb3                SysGetVGAPtr(regs*)
 *fill*         0x00000000c0013035        0x3 
 .text          0x00000000c0013038       0xb9 sys/kill.32
                0x00000000c0013038                SysKill(regs*)
 .text          0x00000000c00130f1       0xa8 sys/loaddll.32
                0x00000000c00130f1                SysLoadDLL(regs*)
 .text          0x00000000c0013199       0x68 sys/read.32
                0x00000000c0013199                SysRead(regs*)
 .text          0x00000000c0013201       0x29 sys/registersignal.32
                0x00000000c0013201                SysRegisterSignal(regs*)
 .text          0x00000000c001322a      0x19c sys/registry.32
                0x00000000c001322a                SysRegistryGetTypeFromPath(regs*)
                0x00000000c00132a1                SysRegistryReadExtent(regs*)
                0x00000000c00132e9                SysRegistryPathToExtentLookup(regs*)
                0x00000000c0013311                SysRegistryEnterDirectory(regs*)
                0x00000000c0013339                SysRegistryGetNext(regs*)
                0x00000000c0013361                SysRegistryGetNameAndTypeFromExtent(regs*)
                0x00000000c001339b                SysRegistryOpen(regs*)
                0x00000000c00133af                SysRegistryClose(regs*)
 .text          0x00000000c00133c6       0x55 sys/sbrk.32
                0x00000000c00133c6                SysSbrk(regs*)
 .text          0x00000000c001341b       0x1c sys/setcwd.32
                0x00000000c001341b                SysSetCwd(regs*)
 .text          0x00000000c0013437       0xb3 sys/settime.32
                0x00000000c0013437                SysSetTime(regs*)
 .text          0x00000000c00134ea       0x4a sys/timezone.32
                0x00000000c00134ea                SysTimezone(regs*)
 .text          0x00000000c0013534       0x68 sys/write.32
                0x00000000c0013534                SysWrite(regs*)
 .text          0x00000000c001359c       0x62 sys/wsbe.32
                0x00000000c001359c                SysWsbe(regs*)
 .text          0x00000000c00135fe       0x25 sys/yield.32
                0x00000000c00135fe                SysYield(regs*)
 .text          0x00000000c0013623     0x120f thr/elf.32
                0x00000000c0013623                Thr::allocateMemoryForTask(Process*, File*, unsigned long, unsigned long, unsigned long)
                0x00000000c00138aa                Thr::loadProgramIntoMemory(Process*, char const*)
                0x00000000c0013acd                Thr::runtimeReferenceHelper()
                0x00000000c0013ae0                Thr::getAddressOfKernelSymbol(char const*)
                0x00000000c0013b2f                Thr::loadKernelSymbolTable(char const*)
                0x00000000c0013df0                Thr::loadDriverIntoMemory(char const*, unsigned long, bool)
                0x00000000c001453a                Thr::getDriverBaseFromAddress(unsigned long)
                0x00000000c001456c                Thr::getDriverNameFromAddress(unsigned long)
                0x00000000c00145a3                Thr::getDriverOffsetFromAddress(unsigned long)
                0x00000000c00145bd                Thr::loadDLL(char const*, bool)
                0x00000000c00147f9                Thr::executeDLL(unsigned long, void*)
 *fill*         0x00000000c0014832        0xe 
 .text          0x00000000c0014840     0x12b7 thr/prcssthr.32
                0x00000000c0014840                userModeEntryPoint(void*)
                0x00000000c0014868                changeTSS
                0x00000000c00148a0                switchToThread(ThreadControlBlock*)
                0x00000000c0014974                Process::addArgs(char**)
                0x00000000c00149d8                Process::Process(char const*, Process*, char**)
                0x00000000c00149d8                Process::Process(char const*, Process*, char**)
                0x00000000c0014bd0                Process::Process(bool, char const*, Process*, char**)
                0x00000000c0014bd0                Process::Process(bool, char const*, Process*, char**)
                0x00000000c0014d90                taskStartupFunction
                0x00000000c0014d9c                Semaphore::Semaphore(int)
                0x00000000c0014d9c                Semaphore::Semaphore(int)
                0x00000000c0014dcc                Mutex::Mutex()
                0x00000000c0014dcc                Mutex::Mutex()
                0x00000000c0014de8                Process::createThread(void (*)(void*), void*, int)
                0x00000000c0014eec                Process::createUserThread()
                0x00000000c0014f18                setupMultitasking(void (*)())
                0x00000000c0015040                schedule()
                0x00000000c00150cc                Semaphore::tryAcquire()
                0x00000000c0015184                Semaphore::assertLocked(char const*)
                0x00000000c00151f4                blockTaskWithSchedulerLockAlreadyHeld(TaskState)
                0x00000000c001521c                blockTask(TaskState)
                0x00000000c001524c                waitTask(int, int*, int)
                0x00000000c0015294                milliTenthSleepUntil(unsigned int)
                0x00000000c001531c                milliTenthSleep(unsigned int)
                0x00000000c001532c                sleep(unsigned int)
                0x00000000c001533c                Semaphore::acquire()
                0x00000000c00153f0                taskReturned
                0x00000000c0015428                Thr::processFromPID(int)
                0x00000000c00154c8                unblockTask(ThreadControlBlock*)
                0x00000000c001555c                cleanupTerminatedTask(ThreadControlBlock*)
                0x00000000c0015814                cleanerTaskFunction(void*)
                0x00000000c00158f8                terminateTask(int)
                0x00000000c00159bc                Thr::terminateFromIRQ(int)
                0x00000000c00159cc                Semaphore::release()
 .text          0x00000000c0015af7      0xb88 vm86/vm8086.32
                0x00000000c0015af7                Vm::inbv(unsigned short)
                0x00000000c0015b0c                Vm::outbv(unsigned short, unsigned char)
                0x00000000c0015b44                Vm::realToLinear(unsigned short, unsigned short)
                0x00000000c0015b54                Vm::getSegment(unsigned int)
                0x00000000c0015b5c                Vm::getOffset(unsigned int)
                0x00000000c0015b61                Vm::mainloop2()
                0x00000000c0015b9b                Vm::mainVm8086Loop(void*)
                0x00000000c0015bab                Vm::mainloop3(unsigned long)
                0x00000000c0015bd1                Vm::initialise8086()
                0x00000000c0015c14                Vm::finish8086()
                0x00000000c0015c75                Vm::getOutput8086(unsigned char*)
                0x00000000c0015c9a                Vm::start8086FromBuffer(unsigned char*, int, unsigned short, unsigned short, unsigned short, unsigned short)
                0x00000000c0015d51                Vm::start8086(char const*, unsigned short, unsigned short, unsigned short, unsigned short)
                0x00000000c0015eb4                Vm::doISR(regs*, int, unsigned char*, unsigned short, unsigned short)
                0x00000000c0015f42                Vm::readByteFromReal(unsigned short, unsigned short)
                0x00000000c0015f53                Vm::readWordFromReal(unsigned short, unsigned short)
                0x00000000c0015f65                Vm::readDwordFromReal(unsigned short, unsigned short)
                0x00000000c0015f76                Vm::writeByteFromReal(unsigned short, unsigned short, unsigned char)
                0x00000000c0015f8b                Vm::writeWordFromReal(unsigned short, unsigned short, unsigned short)
                0x00000000c0015fa2                Vm::writeDwordFromReal(unsigned short, unsigned short, unsigned int)
                0x00000000c0015fb7                Vm::faultHandler(regs*)
 .text          0x00000000c001667f      0xa55 arch/i386/hal.32
                0x00000000c001667f                noCopro(unsigned long)
                0x00000000c0016680                nmiHandler(regs*, void*)
                0x00000000c0016695                doubleFault(regs*, void*)
                0x00000000c00166aa                displayDebugInfo(regs*)
                0x00000000c00169eb                HalSystemIdle()
                0x00000000c0016a66                displayProgramFault(char const*)
                0x00000000c0016abe                gpFault(regs*, void*)
                0x00000000c0016b18                pgFault(regs*, void*)
                0x00000000c0016b97                otherISRHandler(regs*, void*)
                0x00000000c0016bc3                opcodeFault(regs*, void*)
                0x00000000c0016c37                i386SaveCoprocessor(void*)
                0x00000000c0016c4b                i386LoadCoprocessor(void*)
                0x00000000c0016c5f                x87EmulHandler(regs*, void*)
                0x00000000c0016cfc                HalInitialiseCoprocessor()
                0x00000000c0016daa                HalPanic(char const*)
                0x00000000c0016ea3                HalQueryPerformanceCounter()
                0x00000000c0016ebe                HalInitialise()
                0x00000000c0017064                HalMakeBeep(int)
                0x00000000c001709d                HalGetRand()
                0x00000000c00170a0                HalEndOfInterrupt(int)
                0x00000000c00170d1                HalRestart()
                0x00000000c00170d2                HalShutdown()
                0x00000000c00170d3                HalSleep()
 .text          0x00000000c00170d4      0x300 arch/i386/pic.32
                0x00000000c00170d4                picIoWait()
                0x00000000c00170dc                picDisable()
                0x00000000c0017114                picGetIRQReg(int)
                0x00000000c0017198                picOpen()
                0x00000000c001732c                picEOI(int)
 .text          0x00000000c00173d4      0x681 arch/i386/rtc.32
                0x00000000c00173d4                RTC::open(int, int, void*)
                0x00000000c00173d8                RTC::close(int, int, void*)
                0x00000000c00173dc                RTC::timeInSecondsUTC()
                0x00000000c00173ee                RTC::timeInDatetimeUTC()
                0x00000000c0017414                RTC::setTimeInSecondsUTC(unsigned long long)
                0x00000000c0017452                RTC::~RTC()
                0x00000000c0017452                RTC::~RTC()
                0x00000000c0017472                RTC::~RTC()
                0x00000000c001749a                RTC::get_update_in_progress_flag()
                0x00000000c00174b2                RTC::completeRTCRefresh()
                0x00000000c0017796                RTC::setTimeInDatetimeUTC(datetime_t)
                0x00000000c001793c                rtcIRQHandler(regs*, void*)
                0x00000000c001798c                RTC::RTC()
                0x00000000c001798c                RTC::RTC()
 *fill*         0x00000000c0017a55        0x3 
 .text          0x00000000c0017a58      0x20a arch/i386/vga.32
                0x00000000c0017a58                HalConsoleScroll(int, int)
                0x00000000c0017b60                HalConsoleWriteCharacter(char, int, int, int, int)
                0x00000000c0017bcc                HalConsoleCursorUpdate(int, int)
 *fill*         0x00000000c0017c62        0x2 
 .text          0x00000000c0017c64     0x13fb fs/fat/vfslink.32
                0x00000000c0017c64                FAT::getName()
                0x00000000c0017c6c                FAT::tell(void*, unsigned long long*)
                0x00000000c0017ca8                FAT::stat(void*, unsigned long long*)
                0x00000000c0017ce4                FAT::~FAT()
                0x00000000c0017ce4                FAT::~FAT()
                0x00000000c0017d04                FAT::~FAT()
                0x00000000c0017d2c                FAT::getlabel(LogicalDisk*, int, char*, unsigned int*)
                0x00000000c0017dd4                FAT::setlabel(LogicalDisk*, int, char*)
                0x00000000c0017eb0                FAT::format(LogicalDisk*, int, char const*, int)
                0x00000000c001808c                FAT::tryMount(LogicalDisk*, int)
                0x00000000c00182a8                FAT::allocateSwapfile(char const*, int)
                0x00000000c0018484                FAT::readDir(void*, unsigned long, void*, int*)
                0x00000000c00185ec                FAT::read(void*, unsigned long, void*, int*)
                0x00000000c0018658                FAT::write(void*, unsigned long, void*, int*)
                0x00000000c00186c4                FAT::close(void*)
                0x00000000c0018710                FAT::closeDir(void*)
                0x00000000c001875c                FAT::seek(void*, unsigned long long)
                0x00000000c00187b4                fatWrapperReadDisk
                0x00000000c00187fc                fatWrapperWriteDisk
                0x00000000c0018844                fatWrapperIoctl
                0x00000000c0018960                FAT::FAT()
                0x00000000c0018960                FAT::FAT()
                0x00000000c00189b0                FAT::fixFilepath(char*)
                0x00000000c00189ec                FAT::open(char const*, void**, FileOpenMode)
                0x00000000c0018b1c                FAT::openDir(char const*, void**)
                0x00000000c0018bcc                FAT::stat(char const*, unsigned long long*, bool*)
                0x00000000c0018cc0                FAT::unlink(char const*)
                0x00000000c0018d3c                FAT::chfatattr(char const*, unsigned char, unsigned char)
                0x00000000c0018ea8                FAT::rename(char const*, char const*)
                0x00000000c0018f74                FAT::mkdir(char const*)
                0x00000000c0018ff0                FAT::exists(char const*)
 *fill*         0x00000000c001905f        0x1 
 .text          0x00000000c0019060       0xa0 fs/iso9660/helper.32
                0x00000000c0019060                isoReadDiscSectorHelper
                0x00000000c00190c8                iso_kprintf
                0x00000000c00190e4                iso_kprintfd
 .text          0x00000000c0019100      0x6ee fs/iso9660/vfslink.32
                0x00000000c0019100                ISO9660::format(LogicalDisk*, int, char const*, int)
                0x00000000c0019106                ISO9660::getName()
                0x00000000c001910c                ISO9660::closeDir(void*)
                0x00000000c0019116                ISO9660::chfatattr(char const*, unsigned char, unsigned char)
                0x00000000c001911c                ISO9660::unlink(char const*)
                0x00000000c0019122                ISO9660::write(void*, unsigned long, void*, int*)
                0x00000000c0019128                ISO9660::rename(char const*, char const*)
                0x00000000c001912e                ISO9660::mkdir(char const*)
                0x00000000c0019134                ISO9660::~ISO9660()
                0x00000000c0019134                ISO9660::~ISO9660()
                0x00000000c0019154                ISO9660::~ISO9660()
                0x00000000c001917c                ISO9660::exists(char const*)
                0x00000000c0019190                ISO9660::open(char const*, void**, FileOpenMode)
                0x00000000c001926e                ISO9660::read(void*, unsigned long, void*, int*)
                0x00000000c00192b6                ISO9660::seek(void*, unsigned long long)
                0x00000000c00192f8                ISO9660::tell(void*, unsigned long long*)
                0x00000000c0019336                ISO9660::stat(void*, unsigned long long*)
                0x00000000c0019388                ISO9660::stat(char const*, unsigned long long*, bool*)
                0x00000000c00194c0                ISO9660::close(void*)
                0x00000000c00194f0                ISO9660::openDir(char const*, void**)
                0x00000000c00195c2                ISO9660::readDir(void*, unsigned long, void*, int*)
                0x00000000c00196dd                readSectorFromCDROM(unsigned int, unsigned char*, char)
                0x00000000c0019758                ISO9660::tryMount(LogicalDisk*, int)
                0x00000000c00197ca                ISO9660::ISO9660()
                0x00000000c00197ca                ISO9660::ISO9660()
 .text          0x00000000c00197ee      0x264 hal/sound/sndcard.32
                0x00000000c00197ee                SoundCard::beginPlayback()
                0x00000000c00197fc                SoundCard::stopPlayback()
                0x00000000c001980a                SoundCard::SoundCard(char const*)
                0x00000000c001980a                SoundCard::SoundCard(char const*)
                0x00000000c00198a8                SoundCard::~SoundCard()
                0x00000000c00198a8                SoundCard::~SoundCard()
                0x00000000c00198c8                SoundCard::~SoundCard()
                0x00000000c00198f0                SoundCard::configureRates(int, int, int)
                0x00000000c0019920                SoundCard::getSamples16(int, short*)
                0x00000000c001997c                SoundCard::getSamples32(int, int*)
                0x00000000c0019a00                SoundCard::addChannel(SoundPort*)
                0x00000000c0019a3e                SoundCard::removeChannel(int)
 *fill*         0x00000000c0019a52        0x2 
 .text          0x00000000c0019a54      0x35f hal/sound/sndport.32
                0x00000000c0019a54                SoundPort::SoundPort(int, int, int, int)
                0x00000000c0019a54                SoundPort::SoundPort(int, int, int, int)
                0x00000000c0019adc                SoundPort::~SoundPort()
                0x00000000c0019adc                SoundPort::~SoundPort()
                0x00000000c0019b0c                SoundPort::unpause()
                0x00000000c0019b18                SoundPort::pause()
                0x00000000c0019b24                SoundPort::getBufferUsed()
                0x00000000c0019b2c                SoundPort::getBufferSize()
                0x00000000c0019b34                SoundPort::buffer16(short*, int)
                0x00000000c0019bc0                SoundPort::buffer32(int*, int)
                0x00000000c0019c48                SoundPort::unbufferAndAdd16(int, short*, SoundCard*)
                0x00000000c0019d04                SoundPort::unbufferAndAdd32(int, int*, SoundCard*)
 .text          0x00000000c0019db3        0x0 hw/bus/isa.32
 *fill*         0x00000000c0019db3        0x1 
 .text          0x00000000c0019db4      0xb7d hw/bus/pci.32
                0x00000000c0019db4                PCI::open(int, int, void*)
                0x00000000c0019dd2                PCI::close(int, int, void*)
                0x00000000c0019dd6                PCI::PCI()
                0x00000000c0019dd6                PCI::PCI()
                0x00000000c0019e70                PCI::readBAR8(unsigned int, int)
                0x00000000c0019e8c                PCI::readBAR16(unsigned int, int)
                0x00000000c0019eac                PCI::readBAR32(unsigned int, int)
                0x00000000c0019ec8                PCI::writeBAR8(unsigned int, unsigned char, int)
                0x00000000c0019ee8                PCI::writeBAR16(unsigned int, unsigned short, int)
                0x00000000c0019f0a                PCI::writeBAR32(unsigned int, unsigned int, int)
                0x00000000c0019f2a                PCI::legacyMechanism(unsigned char, unsigned char, unsigned char, unsigned char)
                0x00000000c0019fa8                PCI::pciReadWord(unsigned char, unsigned char, unsigned char, unsigned char)
                0x00000000c001a052                PCI::getVendorID(unsigned char, unsigned char, unsigned char)
                0x00000000c001a076                PCI::getHeaderType(unsigned char, unsigned char, unsigned char)
                0x00000000c001a09e                PCI::getClassCode(unsigned char, unsigned char, unsigned char)
                0x00000000c001a0e8                PCI::getProgIF(unsigned char, unsigned char, unsigned char)
                0x00000000c001a110                PCI::getRevisionID(unsigned char, unsigned char, unsigned char)
                0x00000000c001a138                PCI::getInterruptNumber(unsigned char, unsigned char, unsigned char)
                0x00000000c001a160                PCI::getSecondaryBus(unsigned char, unsigned char, unsigned char)
                0x00000000c001a188                PCI::getBARAddress(unsigned char, unsigned char, unsigned char, unsigned char)
                0x00000000c001a1ea                PCI::pciWriteWord(unsigned char, unsigned char, unsigned char, unsigned char, unsigned short)
                0x00000000c001a2b4                PCI::pciDetailsToFilepath(PCIDeviceInfo, char*)
                0x00000000c001a55e                PCI::checkBus(unsigned char)
                0x00000000c001a582                PCI::foundDevice(PCIDeviceInfo)
                0x00000000c001a6fa                PCI::getDeviceData(unsigned char, unsigned char, unsigned char)
                0x00000000c001a866                PCI::checkDevice(unsigned char, unsigned char)
                0x00000000c001a8d8                PCI::detect()
 *fill*         0x00000000c001a931        0x1 
 .text          0x00000000c001a932      0xb44 hw/diskctrl/ide.32
                0x00000000c001a932                IDE::close(int, int, void*)
                0x00000000c001a936                IDE::IDE()
                0x00000000c001a936                IDE::IDE()
                0x00000000c001a968                IDE::prepareInterrupt(unsigned char)
                0x00000000c001a97a                selectDrive(unsigned char, unsigned char)
                0x00000000c001a97c                IDE::getBase(unsigned char)
                0x00000000c001a98e                IDE::write(unsigned char, unsigned char, unsigned char)
                0x00000000c001aa3c                IDE::read(unsigned char, unsigned char)
                0x00000000c001aad8                IDE::waitInterrupt(unsigned char)
                0x00000000c001ab3d                ideChannel0IRQHandler(regs*, void*)
                0x00000000c001ab59                ideChannel1IRQHandler(regs*, void*)
                0x00000000c001ab76                IDE::enableIRQs(unsigned char, bool)
                0x00000000c001abbc                IDE::open(int, int, void*)
                0x00000000c001afd4                IDE::readBuffer(unsigned char, unsigned char, unsigned int, unsigned int)
                0x00000000c001b08e                IDE::detect()
                0x00000000c001b348                IDE::printError(unsigned char, unsigned char, unsigned char)
                0x00000000c001b41a                IDE::polling(unsigned char, unsigned int)
 .text          0x00000000c001b476      0x334 hw/diskctrl/satabus.32
                0x00000000c001b476                SATABus::close(int, int, void*)
                0x00000000c001b47a                SATABus::detect()
                0x00000000c001b47c                SATABus::SATABus()
                0x00000000c001b47c                SATABus::SATABus()
                0x00000000c001b50c                SATABus::findCmdslot(SATABus::tagHBA_PORT volatile*)
                0x00000000c001b53e                SATABus::checkType(SATABus::tagHBA_PORT volatile*)
                0x00000000c001b584                SATABus::startCmd(SATABus::tagHBA_PORT volatile*)
                0x00000000c001b5a4                SATABus::stopCmd(SATABus::tagHBA_PORT volatile*)
                0x00000000c001b5ce                SATABus::portRebase(SATABus::tagHBA_PORT volatile*, int)
                0x00000000c001b6e0                SATABus::probePort(SATABus::tagHBA_MEM volatile*)
                0x00000000c001b78a                SATABus::open(int, int, void*)
 .text          0x00000000c001b7aa      0x958 hw/diskphys/ata.32
                0x00000000c001b7aa                ATA::close(int, int, void*)
                0x00000000c001b7ce                ATA::powerSaving(PowerSavingLevel)
                0x00000000c001b7d0                ATA::ATA()
                0x00000000c001b7d0                ATA::ATA()
                0x00000000c001b800                ATA::flush(bool)
                0x00000000c001b84a                ATA::readyForCommand()
                0x00000000c001b896                ATA::access(unsigned long long, int, void*, bool)
                0x00000000c001bc36                ATA::detectCHS()
                0x00000000c001bc60                ATA::open(int, int, void*)
                0x00000000c001bd2c                combineCharAndColour(char, unsigned char)
                0x00000000c001bd3d                combineColours(unsigned char, unsigned char)
                0x00000000c001bd4a                ATA::read(unsigned long long, int, void*)
                0x00000000c001bf28                ATA::write(unsigned long long, int, void*)
 .text          0x00000000c001c102      0x60c hw/diskphys/atapi.32
                0x00000000c001c102                ATAPI::write(unsigned long long, int, void*)
                0x00000000c001c108                ATAPI::close(int, int, void*)
                0x00000000c001c12c                ATAPI::ATAPI()
                0x00000000c001c12c                ATAPI::ATAPI()
                0x00000000c001c15c                ATAPI::readyForCommand()
                0x00000000c001c1ae                ATAPI::sendPacket(unsigned char*, int, bool, unsigned short*, int)
                0x00000000c001c46e                ATAPI::diskRemoved()
                0x00000000c001c4a8                ATAPI::eject()
                0x00000000c001c4f0                ATAPI::diskInserted()
                0x00000000c001c4fc                ATAPI::detectMedia()
                0x00000000c001c5b6                ATAPI::open(int, int, void*)
                0x00000000c001c696                ATAPI::read(unsigned long long, int, void*)
 .text          0x00000000c001c70e      0x7fb hw/diskphys/sata.32
                0x00000000c001c70e                SATA::close(int, int, void*)
                0x00000000c001c732                SATA::powerSaving(PowerSavingLevel)
                0x00000000c001c734                SATA::open(int, int, void*)
                0x00000000c001c7de                SATA::SATA()
                0x00000000c001c7de                SATA::SATA()
                0x00000000c001c80e                SATA::access(unsigned long long, int, void*, bool)
                0x00000000c001ca54                SATA::read(unsigned long long, int, void*)
                0x00000000c001cca6                SATA::write(unsigned long long, int, void*)
 *fill*         0x00000000c001cf09        0x1 
 .text          0x00000000c001cf0a      0x5ce hw/diskphys/satapi.32
                0x00000000c001cf0a                SATAPI::write(unsigned long long, int, void*)
                0x00000000c001cf10                SATAPI::close(int, int, void*)
                0x00000000c001cf34                SATAPI::SATAPI()
                0x00000000c001cf34                SATAPI::SATAPI()
                0x00000000c001cf64                SATAPI::diskRemoved()
                0x00000000c001cf66                SATAPI::diskInserted()
                0x00000000c001cf82                SATAPI::sendPacket(unsigned char*, int, unsigned long long, unsigned short*, int)
                0x00000000c001d25e                SATAPI::eject()
                0x00000000c001d29a                SATAPI::detectMedia()
                0x00000000c001d2f0                SATAPI::open(int, int, void*)
                0x00000000c001d3f0                SATAPI::read(unsigned long long, int, void*)
 .text          0x00000000c001d4d8      0x45c hw/intctrl/apic.32
                0x00000000c001d4d8                IOAPIC::close(int, int, void*)
                0x00000000c001d4de                apicGetBase()
                0x00000000c001d522                IOAPIC::IOAPIC()
                0x00000000c001d522                IOAPIC::IOAPIC()
                0x00000000c001d549                apicOpen()
                0x00000000c001d6b6                IOAPIC::handlesGSIWithNumber(unsigned int)
                0x00000000c001d6e8                IOAPIC::read(int)
                0x00000000c001d710                IOAPIC::open(int, int, void*)
                0x00000000c001d7fc                IOAPIC::write(int, int)
                0x00000000c001d828                IOAPIC::redirect(unsigned char, unsigned long long, unsigned char, bool, bool)
 .text          0x00000000c001d934       0xf3 hw/timer/apictimer.32
                0x00000000c001d934                APICTimer::close(int, int, void*)
                0x00000000c001d93c                apicTimerHandler(regs*, void*)
                0x00000000c001d960                APICTimer::open(int, int, void*)
                0x00000000c001d9dc                APICTimer::write(int)
                0x00000000c001da00                APICTimer::APICTimer()
                0x00000000c001da00                APICTimer::APICTimer()
 *fill*         0x00000000c001da27        0x1 
 .text          0x00000000c001da28      0x1c7 hw/timer/pit.32
                0x00000000c001da28                PIT::write(int)
                0x00000000c001daac                pitHandler(regs*, void*)
                0x00000000c001dacc                PIT::open(int, int, void*)
                0x00000000c001db2c                PIT::close(int, int, void*)
                0x00000000c001db6c                PIT::PIT()
                0x00000000c001db6c                PIT::PIT()
 *fill*         0x00000000c001dbef        0x1 
 .text          0x00000000c001dbf0       0x83 arch/i386/avx.32
                0x00000000c001dbf0                avxDetect
                0x00000000c001dc1a                avxSave
                0x00000000c001dc2b                avxLoad
                0x00000000c001dc3c                avxInit
                0x00000000c001dc5e                avxClose
                0x00000000c001dc5f                wouldSheSayYes
 *fill*         0x00000000c001dc73        0xd 
 .text          0x00000000c001dc80      0x2ec arch/i386/interrupt.32
                0x00000000c001dc80                isr0
                0x00000000c001dc90                isr1
                0x00000000c001dc9a                isr2
                0x00000000c001dca4                isr3
                0x00000000c001dcae                isr4
                0x00000000c001dcb8                isr5
                0x00000000c001dcc2                isr6
                0x00000000c001dccc                isr7
                0x00000000c001dcd6                isr8
                0x00000000c001dcde                isr9
                0x00000000c001dce8                isr10
                0x00000000c001dcf0                isr11
                0x00000000c001dcf8                isr12
                0x00000000c001dd00                isr13
                0x00000000c001dd1a                isr14
                0x00000000c001dd22                isr15
                0x00000000c001dd2c                isr16
                0x00000000c001dd36                isr17
                0x00000000c001dd40                isr18
                0x00000000c001dd4a                irq3
                0x00000000c001dd54                irq4
                0x00000000c001dd5e                irq5
                0x00000000c001dd68                irq6
                0x00000000c001dd72                irq7
                0x00000000c001dd7c                irq8
                0x00000000c001dd86                irq9
                0x00000000c001dd90                irq10
                0x00000000c001dd9a                irq11
                0x00000000c001dda4                irq12
                0x00000000c001ddae                irq13
                0x00000000c001ddb8                irq14
                0x00000000c001ddc2                irq15
                0x00000000c001ddcc                irq1
                0x00000000c001ddd3                irq2
                0x00000000c001ddda                isr96
                0x00000000c001dde1                irq0
                0x00000000c001dde6                int_common_stub
                0x00000000c001de18                syscall_common_stub
                0x00000000c001df1c                irq16
                0x00000000c001df26                irq17
                0x00000000c001df30                irq18
                0x00000000c001df3a                irq19
                0x00000000c001df44                irq20
                0x00000000c001df4e                irq21
                0x00000000c001df58                irq22
                0x00000000c001df62                irq23
 *fill*         0x00000000c001df6c        0x4 
 .text          0x00000000c001df70       0x10 arch/i386/rdrand.32
                0x00000000c001df70                i386GetRDRAND
 .text          0x00000000c001df80       0x39 arch/i386/sse.32
                0x00000000c001df80                absolutelyNoChanceInHell
                0x00000000c001df80                sseDetect
                0x00000000c001df98                sseSave
                0x00000000c001dfa0                sseLoad
                0x00000000c001dfa8                sseInit
                0x00000000c001dfb8                sseClose
 *fill*         0x00000000c001dfb9        0x7 
 .text          0x00000000c001dfc0       0x49 arch/i386/x87.32
                0x00000000c001dfc6                x87Detect
                0x00000000c001dfe1                x87Save
                0x00000000c001dfe8                x87Load
                0x00000000c001dfef                x87Init
                0x00000000c001e008                x87Close
 *fill*         0x00000000c001e009        0x3 
 .text          0x00000000c001e00c       0x25 /cygdrive/d/Users/Alex/Desktop/Toolchain/Output/bin/../lib/gcc/i386-banana/8.1.0/crtend.o
 .text          0x00000000c001e031        0x0 crtn.32
 *fill*         0x00000000c001e031        0x3 
 .text          0x00000000c001e034      0x14b /cygdrive/d/Users/Alex/Desktop/Toolchain/Output/bin/../lib/gcc/i386-banana/8.1.0/libkgcc.a(_divdi3.o)
                0x00000000c001e034                __divdi3
 *fill*         0x00000000c001e17f        0x1 
 .text          0x00000000c001e180      0x17e /cygdrive/d/Users/Alex/Desktop/Toolchain/Output/bin/../lib/gcc/i386-banana/8.1.0/libkgcc.a(_moddi3.o)
                0x00000000c001e180                __moddi3
 *fill*         0x00000000c001e2fe        0x2 
 .text          0x00000000c001e300       0xff /cygdrive/d/Users/Alex/Desktop/Toolchain/Output/bin/../lib/gcc/i386-banana/8.1.0/libkgcc.a(_udivdi3.o)
                0x00000000c001e300                __udivdi3
 *fill*         0x00000000c001e3ff        0x1 
 .text          0x00000000c001e400      0x11a /cygdrive/d/Users/Alex/Desktop/Toolchain/Output/bin/../lib/gcc/i386-banana/8.1.0/libkgcc.a(_umoddi3.o)
                0x00000000c001e400                __umoddi3
 *(.gnu.linkonce.t*)

.iplt           0x00000000c001e520        0x0