Archive member included to satisfy reference by file (symbol)

/cygdrive/d/Users/Alex/Desktop/Toolchain/Output/bin/../lib/gcc/i386-banana/8.1.0/libkgcc.a(_divdi3.o)
                              krnl/resolve.32 (__divdi3)
/cygdrive/d/Users/Alex/Desktop/Toolchain/Output/bin/../lib/gcc/i386-banana/8.1.0/libkgcc.a(_moddi3.o)
                              krnl/resolve.32 (__moddi3)
/cygdrive/d/Users/Alex/Desktop/Toolchain/Output/bin/../lib/gcc/i386-banana/8.1.0/libkgcc.a(_udivdi3.o)
                              hal/clock.32 (__udivdi3)
/cygdrive/d/Users/Alex/Desktop/Toolchain/Output/bin/../lib/gcc/i386-banana/8.1.0/libkgcc.a(_umoddi3.o)
                              core/pipe.32 (__umoddi3)

Allocating common symbols
Common symbol       size              file

dcache              0x40              fs/iso9660/iso9660.32
cdDriveLetter       0x1               fs/iso9660/iso9660.32
icache              0x40              fs/iso9660/iso9660.32

Discarded input sections

 .comment       0x0000000000000000       0x12 /cygdrive/d/Users/Alex/Desktop/Toolchain/Output/bin/../lib/gcc/i386-banana/8.1.0/crtbegin.o
 .comment       0x0000000000000000       0x12 acpica/utclib.32
 .comment       0x0000000000000000       0x12 core/malloc.32
 .comment       0x0000000000000000       0x12 libk/ctype.32
 .comment       0x0000000000000000       0x12 libk/string.32
 .comment       0x0000000000000000       0x12 fs/fat/diskio.32
 .comment       0x0000000000000000       0x12 fs/fat/ff.32
 .comment       0x0000000000000000       0x12 fs/fat/ffsystem.32
 .comment       0x0000000000000000       0x12 fs/fat/ffunicode.32
 .comment       0x0000000000000000       0x12 fs/iso9660/iso9660.32
 .group         0x0000000000000000       0x14 core/computer.32
 .group         0x0000000000000000        0xc core/computer.32
 .comment       0x0000000000000000       0x12 core/computer.32
 .comment       0x0000000000000000       0x12 core/gdt.32
 .group         0x0000000000000000        0xc core/idle.32
 .comment       0x0000000000000000       0x12 core/idle.32
 .comment       0x0000000000000000       0x12 core/idt.32
 .comment       0x0000000000000000       0x12 core/kheap.32
 .comment       0x0000000000000000       0x12 core/main.32
 .comment       0x0000000000000000       0x12 core/physmgr.32
 .group         0x0000000000000000        0xc core/pipe.32
 .comment       0x0000000000000000       0x12 core/pipe.32
 .group         0x0000000000000000        0xc core/terminal.32
 .comment       0x0000000000000000       0x12 core/terminal.32
 .comment       0x0000000000000000       0x12 core/tss.32
 .group         0x0000000000000000        0x8 core/unixfile.32
 .group         0x0000000000000000        0x8 core/unixfile.32
 .group         0x0000000000000000        0xc core/unixfile.32
 .group         0x0000000000000000        0x8 core/unixfile.32
 .group         0x0000000000000000        0xc core/unixfile.32
 .group         0x0000000000000000        0x8 core/unixfile.32
 .group         0x0000000000000000        0xc core/unixfile.32
 .group         0x0000000000000000        0xc core/unixfile.32
 .comment       0x0000000000000000       0x12 core/unixfile.32
 .comment       0x0000000000000000       0x12 core/virtmgr.32
 .comment       0x0000000000000000       0x12 coreobjs/c++.32
 .comment       0x0000000000000000       0x12 dbg/kconsole.32
 .group         0x0000000000000000        0xc fs/vfs.32
 .group         0x0000000000000000        0xc fs/vfs.32
 .group         0x0000000000000000        0xc fs/vfs.32
 .comment       0x0000000000000000       0x12 fs/vfs.32
 .group         0x0000000000000000        0xc hal/bus.32
 .comment       0x0000000000000000       0x12 hal/bus.32
 .comment       0x0000000000000000       0x12 hal/buzzer.32
 .group         0x0000000000000000        0xc hal/clock.32
 .comment       0x0000000000000000       0x12 hal/clock.32
 .group         0x0000000000000000       0x14 hal/device.32
 .group         0x0000000000000000        0xc hal/device.32
 .group         0x0000000000000000        0x8 hal/device.32
 .group         0x0000000000000000        0xc hal/device.32
 .group         0x0000000000000000        0xc hal/device.32
 .comment       0x0000000000000000       0x12 hal/device.32
 .group         0x0000000000000000        0xc hal/diskctrl.32
 .comment       0x0000000000000000       0x12 hal/diskctrl.32
 .group         0x0000000000000000        0xc hal/diskphys.32
 .comment       0x0000000000000000       0x12 hal/diskphys.32
 .comment       0x0000000000000000       0x12 hal/fpu.32
 .comment       0x0000000000000000       0x12 hal/intctrl.32
 .group         0x0000000000000000        0xc hal/keybrd.32
 .comment       0x0000000000000000       0x12 hal/keybrd.32
 .group         0x0000000000000000        0xc hal/logidisk.32
 .comment       0x0000000000000000       0x12 hal/logidisk.32
 .group         0x0000000000000000        0xc hal/mouse.32
 .comment       0x0000000000000000       0x12 hal/mouse.32
[...]
Memory Configuration

Name             Origin             Length             Attributes
*default*        0x0000000000000000 0xffffffffffffffff

Linker script and memory map

LOAD D:/Users/Alex/Desktop/Banana/kernel/boot.32
LOAD crti.32
LOAD /cygdrive/d/Users/Alex/Desktop/Toolchain/Output/bin/../lib/gcc/i386-banana/8.1.0/crtbegin.o
LOAD D:/Users/Alex/Desktop/Banana/kernel/morenasm.32
LOAD acpica/utclib.32
LOAD core/malloc.32
LOAD libk/ctype.32
LOAD libk/string.32
LOAD fs/fat/diskio.32
LOAD fs/fat/ff.32
LOAD fs/fat/ffsystem.32
LOAD fs/fat/ffunicode.32
LOAD fs/iso9660/iso9660.32
LOAD core/computer.32
LOAD core/gdt.32
LOAD core/idle.32
LOAD core/idt.32
LOAD core/kheap.32
LOAD core/main.32
LOAD core/physmgr.32
LOAD core/pipe.32
LOAD core/terminal.32
LOAD core/tss.32
LOAD core/unixfile.32
LOAD core/virtmgr.32
LOAD coreobjs/c++.32
LOAD dbg/kconsole.32
LOAD fs/vfs.32
LOAD hal/bus.32
LOAD hal/buzzer.32
LOAD hal/clock.32
LOAD hal/device.32
LOAD hal/diskctrl.32
LOAD hal/diskphys.32
LOAD hal/fpu.32
LOAD hal/intctrl.32
LOAD hal/keybrd.32
LOAD hal/logidisk.32
LOAD hal/mouse.32
LOAD hal/partition.32
LOAD hal/serial.32
LOAD hal/timer.32
LOAD hal/vcache.32
LOAD hal/video.32
LOAD hw/acpi.32
LOAD hw/cpu.32
LOAD krnl/bootmsg.32
LOAD krnl/env.32
LOAD krnl/inlines.32
LOAD krnl/panic.32
LOAD krnl/powctrl.32
LOAD krnl/resolve.32
LOAD krnl/signal.32
LOAD krnl/syscalls.32
LOAD reg/cm.32
LOAD reg/registry.32
LOAD sys/eject.32
LOAD sys/exit.32
LOAD sys/getcwd.32
LOAD sys/getpid.32
LOAD sys/getramdata.32
LOAD sys/getvgaptr.32
LOAD sys/loaddll.32
LOAD sys/read.32
LOAD sys/registersignal.32
LOAD sys/sbrk.32
LOAD sys/setcwd.32
LOAD sys/settime.32
LOAD sys/timezone.32
LOAD sys/write.32
LOAD sys/wsbe.32
LOAD sys/yield.32
LOAD thr/elf.32
LOAD thr/prcssthr.32
LOAD vm86/vm8086.32
LOAD arch/i386/hal.32
LOAD arch/i386/pic.32
LOAD arch/i386/rtc.32
LOAD arch/i386/vga.32
LOAD fs/fat/vfslink.32
LOAD fs/iso9660/helper.32
LOAD fs/iso9660/vfslink.32
LOAD hal/sound/sndcard.32
LOAD hal/sound/sndport.32
LOAD hw/bus/isa.32
LOAD hw/bus/pci.32
LOAD hw/diskctrl/ide.32
LOAD hw/diskctrl/satabus.32
LOAD hw/diskphys/ata.32
LOAD hw/diskphys/atapi.32
LOAD hw/diskphys/sata.32
LOAD hw/diskphys/satapi.32
LOAD hw/intctrl/apic.32
LOAD hw/timer/apictimer.32
LOAD hw/timer/pit.32
LOAD arch/i386/avx.32
LOAD arch/i386/interrupt.32
LOAD arch/i386/rdrand.32
LOAD arch/i386/sse.32
LOAD arch/i386/x87.32
LOAD /cygdrive/d/Users/Alex/Desktop/Toolchain/Output/bin/../lib/gcc/i386-banana/8.1.0/crtend.o
LOAD crtn.32
LOAD /cygdrive/d/Users/Alex/Desktop/Toolchain/Output/bin/../lib/gcc/i386-banana/8.1.0/libkgcc.a
LOAD D:/Users/Alex/Desktop/Banana/kernel/libsoftfp.a
LOAD D:/Users/Alex/Desktop/Banana/kernel/libk/libm32.a
                0x00000000c0000000                . = 0xc0000000

.text           0x00000000c0000000    0x1d9fa
 *(.text)
 .text          0x00000000c0000000       0x20 D:/Users/Alex/Desktop/Banana/kernel/boot.32
 .text          0x00000000c0000020        0x0 crti.32
 .text          0x00000000c0000020      0x101 /cygdrive/d/Users/Alex/Desktop/Toolchain/Output/bin/../lib/gcc/i386-banana/8.1.0/crtbegin.o
 *fill*         0x00000000c0000121        0xf 
 .text          0x00000000c0000130      0x252 D:/Users/Alex/Desktop/Banana/kernel/morenasm.32
                0x00000000c0000130                manualPCIProbe
                0x00000000c000017b                prepareTramp
                0x00000000c0000194                doTPAUSE
                0x00000000c000019e                hasLegacyFPU
                0x00000000c00001c3                is486
                0x00000000c00001f9                detectCPUID
                0x00000000c000020f                goToVM86
                0x00000000c000023f                goToUsermode
                0x00000000c0000269                switchToThreadASMFirstTime
                0x00000000c0000277                switchToThreadASM
                0x00000000c00002ff                asmQuickAcquireLock
                0x00000000c000031d                asmQuickReleaseLock
                0x00000000c0000329                asmAcquireLock
                0x00000000c000034a                asmReleaseLock
                0x00000000c000035d                loadGDT
                0x00000000c000037d                memcpy
 *fill*         0x00000000c0000382        0xe 
 .text          0x00000000c0000390      0x79e acpica/utclib.32
                0x00000000c0000390                memcmp
                0x00000000c00003e0                memmove
                0x00000000c00004d0                memset
                0x00000000c0000540                strlen
                0x00000000c0000570                strpbrk
                0x00000000c00005b0                strtok
                0x00000000c0000600                strcpy
                0x00000000c0000630                strncpy
                0x00000000c00006e0                strcmp
                0x00000000c0000730                strchr
                0x00000000c0000760                strncmp
                0x00000000c00007c0                strcat
                0x00000000c00007f0                strncat
                0x00000000c0000850                strstr
                0x00000000c00008b0                toupper
                0x00000000c00008d0                tolower
                0x00000000c00008f0                simple_strtoul
 .text          0x00000000c0000b2e      0xfad core/malloc.32
                0x00000000c0000c99                dlfree
                0x00000000c0000ff4                dlmalloc
                0x00000000c0001531                dlrealloc
                0x00000000c00016d4                dlmemalign
                0x00000000c00017f7                dlcalloc
                0x00000000c0001891                dlcfree
                0x00000000c0001896                dlindependent_calloc
                0x00000000c00018bb                dlindependent_comalloc
                0x00000000c00018d2                dlvalloc
                0x00000000c00018fd                dlpvalloc
                0x00000000c0001933                dlmalloc_trim
                0x00000000c0001940                dlmalloc_usable_size
                0x00000000c0001971                dlmallinfo
                0x00000000c0001a40                dlmalloc_stats
                0x00000000c0001a51                dlmallopt
 *fill*         0x00000000c0001adb        0x1 
 .text          0x00000000c0001adc      0x1f2 libk/ctype.32
                0x00000000c0001adc                isblank
                0x00000000c0001afc                iscntrl
                0x00000000c0001b1c                isdigit
                0x00000000c0001b38                islower
                0x00000000c0001b54                isspace
                0x00000000c0001b7c                isupper
                0x00000000c0001b98                isalpha
                0x00000000c0001bc8                isalnum
                0x00000000c0001bf8                ispunct
                0x00000000c0001c38                isgraph
                0x00000000c0001c68                isprint
                0x00000000c0001c90                isxdigit
 .text          0x00000000c0001cce        0x0 libk/string.32
 .text          0x00000000c0001cce       0x51 fs/fat/diskio.32
                0x00000000c0001cce                disk_status
                0x00000000c0001cd1                disk_initialize
                0x00000000c0001cd4                disk_read
                0x00000000c0001cea                disk_write
                0x00000000c0001d00                disk_ioctl
 .text          0x00000000c0001d1f     0x3d4b fs/fat/ff.32
                0x00000000c0003abb                f_mount
                0x00000000c0003b1d                f_open
                0x00000000c0003de8                f_read
                0x00000000c0003fe7                f_write
                0x00000000c000421b                f_sync
                0x00000000c00042d0                f_close
                0x00000000c00042ff                f_lseek
                0x00000000c00044a6                f_opendir
                0x00000000c0004571                f_closedir
                0x00000000c0004593                f_readdir
                0x00000000c0004625                f_stat
                0x00000000c00046a4                f_getfree
                0x00000000c00047a6                f_truncate
                0x00000000c000488a                f_unlink
                0x00000000c00049ac                f_mkdir
                0x00000000c0004b47                f_rename
                0x00000000c0004cfd                f_chmod
                0x00000000c0004da6                f_utime
                0x00000000c0004e54                f_getlabel
                0x00000000c0004fa5                f_setlabel
                0x00000000c0005135                f_expand
                0x00000000c0005295                f_mkfs
 *fill*         0x00000000c0005a6a        0x2 
 .text          0x00000000c0005a6c       0x2f fs/fat/ffsystem.32
                0x00000000c0005a6c                ff_memalloc
                0x00000000c0005a84                ff_memfree
 *fill*         0x00000000c0005a9b        0x1 
 .text          0x00000000c0005a9c      0x2a8 fs/fat/ffunicode.32
                0x00000000c0005a9c                ff_uni2oem
                0x00000000c0005b3c                ff_oem2uni
                0x00000000c0005bb4                ff_wtoupper
 .text          0x00000000c0005d44      0xd2f fs/iso9660/iso9660.32
                0x00000000c0005f89                isoReadDiscSector
                0x00000000c0006024                strnicmp
                0x00000000c00062d7                stricmp
                0x00000000c0006323                iso_open
                0x00000000c00063ad                iso_close
                0x00000000c00063cb                iso_read
                0x00000000c00064e1                iso_seek
                0x00000000c0006565                iso_tell
                0x00000000c0006596                iso_total
                0x00000000c00065c1                fn_postprocess
                0x00000000c00065e7                iso_readdir
                0x00000000c000683e                iso_reset
                0x00000000c000685b                init_percd
                0x00000000c0006955                iso_ioctl
                0x00000000c000696d                fs_iso9660_init
                0x00000000c0006a03                fs_iso9660_shutdown
 *fill*         0x00000000c0006a73        0x1 
 .text          0x00000000c0006a74      0x685 core/computer.32
                0x00000000c0006a74                Computer::close(int, int, void*)
                0x00000000c0006ab9                Krnl::firstTask()
                0x00000000c0006bec                Computer::Computer()
                0x00000000c0006bec                Computer::Computer()
                0x00000000c0006c9e                Computer::setBootMessage(char const*)
                0x00000000c0006ca0                Computer::detectFeatures()
                0x00000000c0006eaa                Computer::displayFeatures()
                0x00000000c0006eac                Computer::rdmsr(unsigned int)
                0x00000000c0006ed8                Computer::wrmsr(unsigned int, unsigned long long)
                0x00000000c0006f10                Computer::shutdown()
                0x00000000c0006f28                Computer::restart()
                0x00000000c0006f40                Computer::sleep()
                0x00000000c0006f54                Computer::nmiEnabled()
                0x00000000c0006f60                Computer::readCMOS(unsigned char)
                0x00000000c0006f7a                Computer::enableNMI(bool)
                0x00000000c0006f92                Computer::open(int, int, void*)
                0x00000000c0007066                Computer::disableNMI()
                0x00000000c0007076                Computer::writeCMOS(unsigned char, unsigned char)
                0x00000000c0007094                Computer::handleNMI()
 *fill*         0x00000000c00070f9        0x1 
 .text          0x00000000c00070fa      0x1cf core/gdt.32
                0x00000000c00070fa                GDTEntry::setBase(unsigned int)
                0x00000000c0007116                GDTEntry::setLimit(unsigned int)
                0x00000000c0007134                GDT::GDT()
                0x00000000c0007134                GDT::GDT()
                0x00000000c000714a                GDT::addEntry(GDTEntry)
                0x00000000c000716c                GDT::getNumberOfEntries()
                0x00000000c0007174                GDT::flush()
                0x00000000c0007196                GDT::setup()
 .text          0x00000000c00072c9       0x1d core/idle.32
                0x00000000c00072c9                idleFunction(void*)
 *fill*         0x00000000c00072e6        0x2 
 .text          0x00000000c00072e8      0x464 core/idt.32
                0x00000000c00072e8                IDTEntry::IDTEntry(bool)
                0x00000000c00072e8                IDTEntry::IDTEntry(bool)
                0x00000000c000735a                IDTEntry::setOffset(unsigned int)
                0x00000000c0007370                IDT::IDT()
                0x00000000c0007370                IDT::IDT()
                0x00000000c0007372                IDT::getPointerToInvalidOpcodeEntryForF00F()
                0x00000000c000737a                IDT::addEntry(IDTEntry, int)
                0x00000000c0007394                IDT::addEntry(int, void (*)(), bool)
                0x00000000c00073cc                IDT::flush()
                0x00000000c00073e6                IDT::setup()
 .text          0x00000000c000774c      0x183 core/kheap.32
                0x00000000c000774c                sbrk
                0x00000000c00077e1                mmap
                0x00000000c00077f7                munmap
                0x00000000c000780d                liballoc_lock()
                0x00000000c000781a                liballoc_unlock()
                0x00000000c000782e                liballoc_alloc(int)
                0x00000000c0007846                liballoc_free(void*, int)
                0x00000000c0007861                realloc
                0x00000000c0007875                malloc
                0x00000000c0007885                free
                0x00000000c0007895                rfree
                0x00000000c00078a5                calloc
 .text          0x00000000c00078cf       0xc3 core/main.32
                0x00000000c00078cf                KeEntryPoint
 .text          0x00000000c0007992      0x5dc core/physmgr.32
                0x00000000c0007992                Phys::allocateDMA(unsigned long)
                0x00000000c0007a69                Phys::freeDMA(unsigned long, unsigned long)
                0x00000000c0007a9c                Phys::setPageState(unsigned long, bool)
                0x00000000c0007ace                Phys::getPageState(unsigned long)
                0x00000000c0007aef                Phys::freePage(unsigned long)
                0x00000000c0007b51                Phys::allocatePage()
                0x00000000c0007c0f                Phys::allocateContiguousPages(int)
                0x00000000c0007c6b                Phys::allowSegmentToBeUsed(unsigned long, unsigned long)
                0x00000000c0007ca3                Phys::physicalMemorySetup(unsigned int)
 .text          0x00000000c0007f6e      0x273 core/pipe.32
                0x00000000c0007f6e                Pipe::isAtty()
                0x00000000c0007f72                Pipe::~Pipe()
                0x00000000c0007f72                Pipe::~Pipe()
                0x00000000c0007f96                Pipe::~Pipe()
                0x00000000c0007fbe                Pipe::write(unsigned long long, void*, int*)
                0x00000000c000807e                Pipe::read(unsigned long long, void*, int*)
                0x00000000c000817a                Pipe::Pipe(int)
                0x00000000c000817a                Pipe::Pipe(int)
 *fill*         0x00000000c00081e1        0x1 
 .text          0x00000000c00081e2      0xaac core/terminal.32
                0x00000000c00081e2                VgaText::isAtty()
                0x00000000c00081e6                VgaText::~VgaText()
                0x00000000c00081e6                VgaText::~VgaText()
                0x00000000c000820a                VgaText::~VgaText()
                0x00000000c0008234                VgaText::read(unsigned long long, void*, int*)
                0x00000000c0008254                setTerminalScrollLock(bool)
                0x00000000c0008255                doTerminalCycle()
                0x00000000c0008256                addToTerminalCycle(VgaText*)
                0x00000000c0008257                scrollTerminalScrollLock(int)
                0x00000000c0008258                VgaText::updateTitle()
                0x00000000c000825a                VgaText::load()
                0x00000000c000825c                VgaText::updateCursor()
                0x00000000c0008272                VgaText::doANSI_SGR(int)
                0x00000000c00082e6                VgaText::setDefaultBgColour(VgaColour)
                0x00000000c00082f6                VgaText::setDefaultFgColour(VgaColour)
                0x00000000c0008306                VgaText::setDefaultColours(VgaColour, VgaColour)
                0x00000000c0008326                VgaText::setTitleTextColour(VgaColour)
                0x00000000c0008332                VgaText::setTitleColour(VgaColour)
                0x00000000c000833e                VgaText::setTitle(char*)
                0x00000000c0008340                VgaText::combineColours(unsigned char, unsigned char)
                0x00000000c0008352                VgaText::scrollScreen()
                0x00000000c00083e4                VgaText::combineCharAndColour(char, unsigned char)
                0x00000000c00083f6                VgaText::writeCharacter(char, VgaColour, VgaColour, int, int)
                0x00000000c0008486                VgaText::getCursorX()
                0x00000000c000848e                VgaText::getCursorY()
                0x00000000c0008496                VgaText::setCursor(int, int)
                0x00000000c00084ad                setActiveTerminal(VgaText*)
                0x00000000c00084f8                VgaText::clearScreen()
                0x00000000c0008546                VgaText::setCursorX(int)
                0x00000000c000855e                VgaText::setCursorY(int)
                0x00000000c0008576                VgaText::incrementCursor(bool)
                0x00000000c00085ca                VgaText::decrementCursor(bool)
                0x00000000c00085ec                VgaText::putchar(char, VgaColour, VgaColour)
                0x00000000c00086ba                VgaText::putchar(char)
                0x00000000c00087a6                VgaText::putx(unsigned int)
                0x00000000c00087ec                VgaText::puts(char const*)
                0x00000000c0008812                VgaText::write(unsigned long long, void*, int*)
                0x00000000c000885e                VgaText::puts(char const*, VgaColour, VgaColour)
                0x00000000c00089b0                VgaText::VgaText(char const*)
                0x00000000c00089b0                VgaText::VgaText(char const*)
                0x00000000c0008b00                VgaText::receiveKey(unsigned char)
                0x00000000c0008c68                VgaText::doUpdate()
                0x00000000c0008c69                newTerminal(char*)
 *fill*         0x00000000c0008c8e        0x2 
 .text          0x00000000c0008c90      0x1a1 core/tss.32
                0x00000000c0008c90                TSS::TSS()
                0x00000000c0008c90                TSS::TSS()
                0x00000000c0008ca0                TSS::setESP(unsigned long)
                0x00000000c0008cb4                TSS::flush()
                0x00000000c0008cd4                TSS::setup(unsigned long, unsigned long)
 *fill*         0x00000000c0008e31        0x1 
 .text          0x00000000c0008e32      0x4c2 core/unixfile.32
                0x00000000c0008e32                ReservedFilename::read(unsigned long long, void*, int*)
                0x00000000c0008e88                ReservedFilename::isAtty()
                0x00000000c0008ea4                ReservedFilename::write(unsigned long long, void*, int*)
                0x00000000c0008f02                UnixFile::getFileDescriptor()
                0x00000000c0008f0a                UnixFile::UnixFile(int)
                0x00000000c0008f0a                UnixFile::UnixFile(int)
                0x00000000c00090ba                ReservedFilename::ReservedFilename(int)
                0x00000000c00090ba                ReservedFilename::ReservedFilename(int)
                0x00000000c00090ec                UnixFile::~UnixFile()
                0x00000000c00090ec                UnixFile::~UnixFile()
                0x00000000c0009184                UnixFile::~UnixFile()
                0x00000000c00091ac                ReservedFilename::~ReservedFilename()
                0x00000000c00091ac                ReservedFilename::~ReservedFilename()
                0x00000000c00091d0                ReservedFilename::~ReservedFilename()
                0x00000000c00091f7                getFromFileDescriptor(int)
 .text          0x00000000c00092f4     0x11d0 core/virtmgr.32
                0x00000000c00092f4                Virt::setPageState(unsigned long, Virt::VirtPageState)
                0x00000000c0009329                Virt::getPageState(unsigned long)
                0x00000000c000934d                Virt::allocateKernelVirtualPages(int)
                0x00000000c000945e                Virt::freeSwapfilePage(unsigned long)
                0x00000000c000947c                Virt::swapIDToSector(unsigned long)
                0x00000000c000948e                Virt::allocateSwapfilePage()
                0x00000000c000950c                Virt::virtualMemorySetup()
                0x00000000c0009557                Virt::setupPageSwapping(int)
                0x00000000c00095c8                VAS::VAS(VAS*)
                0x00000000c00095c8                VAS::VAS(VAS*)
                0x00000000c00095f6                VAS::getForeignPageTableEntry(bool, unsigned long)
                0x00000000c0009622                VAS::getPageTableEntry(unsigned long)
                0x00000000c0009641                Virt::freeKernelVirtualPages(unsigned long)
                0x00000000c0009766                VAS::freeAllocatedPages(unsigned long)
                0x00000000c000978a                VAS::virtualToPhysical(unsigned long)
                0x00000000c00097a4                VAS::reflagRange(unsigned long, int, int, int)
                0x00000000c00097e4                VAS::VAS()
                0x00000000c00097e4                VAS::VAS()
                0x00000000c000984e                VAS::setToWriteCombining(unsigned long, int)
                0x00000000c0009882                VAS::mapOtherVASIn(bool, VAS*)
                0x00000000c00098ac                VAS::~VAS()
                0x00000000c00098ac                VAS::~VAS()
                0x00000000c0009a10                VAS::mapPage(unsigned long, unsigned long, int)
                0x00000000c0009b14                VAS::allocatePages(int, int)
                0x00000000c0009cec                VAS::setCPUSpecific(unsigned long)
                0x00000000c0009d0a                VAS::mapRange(unsigned long, unsigned long, int, int)
                0x00000000c0009dd0                VAS::mapForeignPage(bool, VAS*, unsigned long, unsigned long, int)
                0x00000000c0009ebe                VAS::VAS(bool)
                0x00000000c0009ebe                VAS::VAS(bool)
                0x00000000c000a13e                VAS::evict(unsigned long)
                0x00000000c000a200                VAS::tryLoadBackOffDisk(unsigned long)
                0x00000000c000a2ee                VAS::scanForEviction()
                0x00000000c000a3ce                mapVASFirstTime
 .text          0x00000000c000a4c4       0x5f coreobjs/c++.32
                0x00000000c000a4c4                __cxa_atexit
                0x00000000c000a4c7                __cxa_finalize
                0x00000000c000a4c8                __stack_chk_fail
                0x00000000c000a4fe                __cxa_pure_virtual
                0x00000000c000a50f                operator new[](unsigned long)
                0x00000000c000a514                operator delete(void*, unsigned long)
                0x00000000c000a519                operator delete[](void*)
                0x00000000c000a51e                operator delete[](void*, unsigned long)
 .text          0x00000000c000a523      0x21c dbg/kconsole.32
                0x00000000c000a523                Dbg::stringifyxWithBase(unsigned int, char*, int)
                0x00000000c000a58e                Dbg::logc(char)
                0x00000000c000a5ae                Dbg::logs(char*)
                0x00000000c000a5cb                Dbg::logWriteInt(unsigned int)
                0x00000000c000a5e9                Dbg::logWriteIntBase(unsigned int, int)
                0x00000000c000a60a                Dbg::kprintf(char const*, ...)
 *fill*         0x00000000c000a73f        0x1 
 .text          0x00000000c000a740      0xc5c fs/vfs.32
                0x00000000c000a740                File::read(unsigned long long, void*, int*)
                0x00000000c000a798                File::write(unsigned long long, void*, int*)
                0x00000000c000a7f0                Directory::read(unsigned long long, void*, int*)
                0x00000000c000a848                Directory::write(unsigned long long, void*, int*)
                0x00000000c000a876                File::isAtty()
                0x00000000c000a87a                Directory::isAtty()
                0x00000000c000a87e                Filesystem::getlabel(LogicalDisk*, int, char*, unsigned int*)
                0x00000000c000a884                Filesystem::setlabel(LogicalDisk*, int, char*)
                0x00000000c000a88a                Filesystem::allocateSwapfile(char const*, int)
                0x00000000c000a890                File::~File()
                0x00000000c000a890                File::~File()
                0x00000000c000a8b4                File::~File()
                0x00000000c000a8de                Directory::~Directory()
                0x00000000c000a8de                Directory::~Directory()
                0x00000000c000a902                Directory::~Directory()
                0x00000000c000a92c                Filesystem::Filesystem()
                0x00000000c000a92c                Filesystem::Filesystem()
                0x00000000c000a950                Filesystem::~Filesystem()
                0x00000000c000a950                Filesystem::~Filesystem()
                0x00000000c000a95e                Filesystem::~Filesystem()
                0x00000000c000a982                Fs::getcwd(Process*, char*, int)
                0x00000000c000a9ac                Fs::initVFS()
                0x00000000c000a9d6                Fs::standardiseFiles(char*, char const*, char const*)
                0x00000000c000ab80                File::File(char const*, Process*)
                0x00000000c000ab80                File::File(char const*, Process*)
                0x00000000c000ac40                File::open(FileOpenMode)
                0x00000000c000ac9e                File::close()
                0x00000000c000acfe                File::seek(unsigned long long)
                0x00000000c000ad54                File::tell(unsigned long long*)
                0x00000000c000ada4                File::rewind()
                0x00000000c000adb8                File::unlink()
                0x00000000c000ae04                File::rename(char const*)
                0x00000000c000ae52                File::chfatattr(unsigned char, unsigned char)
                0x00000000c000aeae                File::exists()
                0x00000000c000aeec                File::stat(unsigned long long*, bool*)
                0x00000000c000af4d                Fs::setcwd(Process*, char*)
                0x00000000c000b0aa                Directory::Directory(char const*, Process*)
                0x00000000c000b0aa                Directory::Directory(char const*, Process*)
                0x00000000c000b16a                Directory::open()
                0x00000000c000b1c6                Directory::close()
                0x00000000c000b226                Directory::unlink()
                0x00000000c000b272                Directory::rename(char const*)
                0x00000000c000b2c0                Directory::exists()
                0x00000000c000b2fe                Directory::read(dirent*)
                0x00000000c000b34a                Directory::create()
                0x00000000c000b396                Filesystem::chfatattr(char const*, unsigned char, unsigned char)
 .text          0x00000000c000b39c       0x86 hal/bus.32
                0x00000000c000b39c                Bus::Bus(char const*)
                0x00000000c000b39c                Bus::Bus(char const*)
                0x00000000c000b3d4                Bus::~Bus()
                0x00000000c000b3d4                Bus::~Bus()
                0x00000000c000b3f8                Bus::~Bus()
 .text          0x00000000c000b422       0x96 hal/buzzer.32
                0x00000000c000b422                beepThread(void*)
                0x00000000c000b45f                Krnl::beep(int, int, bool)
 .text          0x00000000c000b4b8      0x46d hal/clock.32
                0x00000000c000b4b8                User::loadClockSettings(int)
                0x00000000c000b50a                Clock::Clock(char const*)
                0x00000000c000b50a                Clock::Clock(char const*)
                0x00000000c000b540                Clock::~Clock()
                0x00000000c000b540                Clock::~Clock()
                0x00000000c000b564                Clock::~Clock()
                0x00000000c000b58e                Clock::timeInSecondsLocal()
                0x00000000c000b5d6                Clock::setTimeInSecondsLocal(unsigned long long)
                0x00000000c000b62f                datetimeToSeconds(datetime_t)
                0x00000000c000b75c                Clock::setTimeInDatetimeLocal(datetime_t)
                0x00000000c000b7bc                secondsToDatetime(unsigned long long)
                0x00000000c000b900                Clock::timeInDatetimeLocal()
 *fill*         0x00000000c000b925        0x1 
 .text          0x00000000c000b926      0x464 hal/device.32
                0x00000000c000b926                Device::hibernate()
                0x00000000c000b928                Device::wake()
                0x00000000c000b92a                Device::detect()
                0x00000000c000b92c                Device::disableLegacy()
                0x00000000c000b92e                Device::powerSaving(PowerSavingLevel)
                0x00000000c000b930                DriverlessDevice::close(int, int, void*)
                0x00000000c000b934                DriverlessDevice::detect()
                0x00000000c000b936                DriverlessDevice::open(int, int, void*)
                0x00000000c000b94a                Device::~Device()
                0x00000000c000b94a                Device::~Device()
                0x00000000c000b958                Device::~Device()
                0x00000000c000b980                Device::findAndLoadDriver()
                0x00000000c000b98e                Device::preOpenPCI(PCIDeviceInfo)
                0x00000000c000b9b4                Device::preOpenACPI(void*, char*, char*)
                0x00000000c000b9f4                Device::addIRQHandler(int, void (*)(regs*, void*), bool, void*)
                0x00000000c000ba1e                Device::getParent()
                0x00000000c000ba2a                Device::removeIRQHandler(int, void (*)(regs*, void*), bool)
                0x00000000c000ba48                Device::addChild(Device*)
                0x00000000c000ba8c                Device::removeAllChildren()
                0x00000000c000bad2                Device::hibernateAll()
                0x00000000c000bb02                Device::wakeAll()
                0x00000000c000bb32                Device::detectAll()
                0x00000000c000bb62                Device::disableLegacyAll()
                0x00000000c000bb64                Device::loadDriversForAll()
                0x00000000c000bb66                Device::closeAll()
                0x00000000c000bb9c                Device::powerSavingAll(PowerSavingLevel)
                0x00000000c000bbd2                Device::setName(char const*)
                0x00000000c000bbe0                Device::Device(char const*)
                0x00000000c000bbe0                Device::Device(char const*)
                0x00000000c000bcdc                Device::getName()
                0x00000000c000bce6                DriverlessDevice::DriverlessDevice(char const*)
                0x00000000c000bce6                DriverlessDevice::DriverlessDevice(char const*)
                0x00000000c000bd1c                Device::addToLinkedList(LinkedList<Device>&, DeviceType)
                0x00000000c000bd60                getDevicesOfType(DeviceType)
 *fill*         0x00000000c000bd8a        0x2 
 .text          0x00000000c000bd8c       0x86 hal/diskctrl.32
                0x00000000c000bd8c                HardDiskController::HardDiskController(char const*)
                0x00000000c000bd8c                HardDiskController::HardDiskController(char const*)
                0x00000000c000bdc4                HardDiskController::~HardDiskController()
                0x00000000c000bdc4                HardDiskController::~HardDiskController()
                0x00000000c000bde8                HardDiskController::~HardDiskController()
 .text          0x00000000c000be12       0xe2 hal/diskphys.32
                0x00000000c000be12                PhysicalDisk::eject()
                0x00000000c000be16                PhysicalDisk::PhysicalDisk(char const*, int)
                0x00000000c000be16                PhysicalDisk::PhysicalDisk(char const*, int)
                0x00000000c000be7e                PhysicalDisk::startCache()
                0x00000000c000bea6                PhysicalDisk::~PhysicalDisk()
                0x00000000c000bea6                PhysicalDisk::~PhysicalDisk()
                0x00000000c000beca                PhysicalDisk::~PhysicalDisk()
 .text          0x00000000c000bef4        0x0 hal/fpu.32
 .text          0x00000000c000bef4      0x35d hal/intctrl.32
                0x00000000c000bef4                int_handler
                0x00000000c000bf7c                installISRHandler(int, void (*)(regs*, void*), void*)
                0x00000000c000bfc4                installIRQHandler(int, void (*)(regs*, void*), bool, void*)
                0x00000000c000c0fc                uninstallISRHandler(int, void (*)(regs*, void*))
                0x00000000c000c130                uninstallIRQHandler(int, void (*)(regs*, void*), bool)
                0x00000000c000c1af                setupINTS()
                0x00000000c000c20c                convertLegacyIRQNumber(int)
 *fill*         0x00000000c000c251        0x1 
 .text          0x00000000c000c252      0x7bc hal/keybrd.32
                0x00000000c000c252                startGUI(void*)
                0x00000000c000c2be                startGUIVESA(void*)
                0x00000000c000c32a                sendKeyToTerminal(unsigned char)
                0x00000000c000c3f3                sendKeyboardToken(KeyboardToken)
                0x00000000c000c833                clearInternalKeybuffer(VgaText*)
                0x00000000c000c868                readKeyboard(VgaText*, char*, unsigned long)
                0x00000000c000c984                Keyboard::Keyboard(char const*)
                0x00000000c000c984                Keyboard::Keyboard(char const*)
                0x00000000c000c9c0                Keyboard::~Keyboard()
                0x00000000c000c9c0                Keyboard::~Keyboard()
                0x00000000c000c9e4                Keyboard::~Keyboard()
 .text          0x00000000c000ca0e      0x3f4 hal/logidisk.32
                0x00000000c000ca0e                LogicalDisk::close(int, int, void*)
                0x00000000c000ca12                LogicalDisk::~LogicalDisk()
                0x00000000c000ca12                LogicalDisk::~LogicalDisk()
                0x00000000c000ca36                LogicalDisk::~LogicalDisk()
                0x00000000c000ca60                LogicalDisk::open(int, int, void*)
                0x00000000c000ca74                LogicalDisk::absoluteToRelative(unsigned long long)
                0x00000000c000caac                LogicalDisk::relativeToAbsolute(unsigned long long)
                0x00000000c000caf2                LogicalDisk::LogicalDisk(char const*, PhysicalDisk*, unsigned long long, unsigned long long)
                0x00000000c000caf2                LogicalDisk::LogicalDisk(char const*, PhysicalDisk*, unsigned long long, unsigned long long)
                0x00000000c000cbb2                LogicalDisk::assignDriveLetter()
                0x00000000c000cc68                LogicalDisk::mount()
                0x00000000c000ccb0                LogicalDisk::unmount()
                0x00000000c000ccc0                LogicalDisk::eject()
                0x00000000c000ccd4                LogicalDisk::unassignDriveLetter()
                0x00000000c000cd2a                LogicalDisk::read(unsigned long long, int, void*)
                0x00000000c000cd96                LogicalDisk::write(unsigned long long, int, void*)
 *fill*         0x00000000c000ce02        0x2 
 .text          0x00000000c000ce04       0x86 hal/mouse.32
                0x00000000c000ce04                Mouse::Mouse(char const*)
                0x00000000c000ce04                Mouse::Mouse(char const*)
                0x00000000c000ce3c                Mouse::~Mouse()
                0x00000000c000ce3c                Mouse::~Mouse()
                0x00000000c000ce60                Mouse::~Mouse()
 .text          0x00000000c000ce8a      0x339 hal/partition.32
                0x00000000c000ce8a                makePartition(PhysicalDisk*, unsigned long long, unsigned long long)
                0x00000000c000cf32                createPartitionsForDisk(PhysicalDisk*)
 *fill*         0x00000000c000d1c3        0x1 
 .text          0x00000000c000d1c4       0x86 hal/serial.32
                0x00000000c000d1c4                Serial::Serial(char const*)
                0x00000000c000d1c4                Serial::Serial(char const*)
                0x00000000c000d1fc                Serial::~Serial()
                0x00000000c000d1fc                Serial::~Serial()
                0x00000000c000d220                Serial::~Serial()
 *fill*         0x00000000c000d24a        0x2 
 .text          0x00000000c000d24c      0x234 hal/timer.32
                0x00000000c000d24c                Timer::Timer(char const*)
                0x00000000c000d24c                Timer::Timer(char const*)
                0x00000000c000d284                Timer::~Timer()
                0x00000000c000d284                Timer::~Timer()
                0x00000000c000d2a8                Timer::~Timer()
                0x00000000c000d2d2                Timer::read()
                0x00000000c000d2dd                setupTimer(int)
                0x00000000c000d318                timerHandler(unsigned int)
 .text          0x00000000c000d480      0x440 hal/vcache.32
                0x00000000c000d480                VCache::VCache(PhysicalDisk*)
                0x00000000c000d480                VCache::VCache(PhysicalDisk*)
                0x00000000c000d5f0                VCache::invalidateReadBuffer()
                0x00000000c000d600                VCache::writeWriteBuffer()
                0x00000000c000d64c                VCache::~VCache()
                0x00000000c000d64c                VCache::~VCache()
                0x00000000c000d6a0                VCache::~VCache()
                0x00000000c000d6c8                VCache::write(unsigned long long, int, void*)
                0x00000000c000d7b6                VCache::read(unsigned long long, int, void*)
 .text          0x00000000c000d8c0      0x4c7 hal/video.32
                0x00000000c000d8c0                Video::putrect(int, int, int, int, unsigned int)
                0x00000000c000d90c                Video::bitblit(int, int, int, int, int, int, int, unsigned int*)
                0x00000000c000d97c                Video::blit(unsigned int*, int, int, int, int)
                0x00000000c000d9fa                Video::clearScreen(unsigned int)
                0x00000000c000da2e                Video::putpixel(int, int, unsigned int)
                0x00000000c000da3c                Video::readPixelApprox(int, int)
                0x00000000c000da50                Video::Video(char const*)
                0x00000000c000da50                Video::Video(char const*)
                0x00000000c000da86                Video::~Video()
                0x00000000c000da86                Video::~Video()
                0x00000000c000daaa                Video::~Video()
                0x00000000c000dad4                Video::isMonochrome()
                0x00000000c000dae0                Video::getWidth()
                0x00000000c000daec                Video::getHeight()
                0x00000000c000daf8                Video::drawCursor(int, int, unsigned int*, int)
                0x00000000c000dbb4                Video::tgaParse(unsigned char*, int, int*, int*)
                0x00000000c000dd1c                Video::putTGA(int, int, unsigned char*, int)
 *fill*         0x00000000c000dd87        0x1 
 .text          0x00000000c000dd88     0x1307 hw/acpi.32
                0x00000000c000dd88                ACPI::close(int, int, void*)
                0x00000000c000de40                findRSDP()
                0x00000000c000ded0                loadACPITables(unsigned char*)
                0x00000000c000e134                findRSDT(unsigned char*)
                0x00000000c000e284                findDataTable(unsigned char*, char*)
                0x00000000c000e2fc                scanMADT()
                0x00000000c000e7d0                ACPI::ACPI()
                0x00000000c000e7d0                ACPI::ACPI()
                0x00000000c000e824                ACPI::getPCIIRQAssignment(unsigned char, unsigned short, unsigned char)
                0x00000000c000e90c                ACPI::registerPCIIRQAssignment(void*, unsigned short, unsigned char, unsigned char)
                0x00000000c000e9d4                ACPI::setScreenBrightnessLevel(void*, int)
                0x00000000c000e9dc                ACPI::detectPCI()
                0x00000000c000ebe4                ACPI::writeSimpleBootFlag(SimpleBootFlagTable*)
                0x00000000c000ec38                ACPI::sleep()
                0x00000000c000ec54                ACPI::open(int, int, void*)
 *fill*         0x00000000c000f08f        0x1 
 .text          0x00000000c000f090      0xb95 hw/cpu.32
                0x00000000c000f090                CPU::close(int, int, void*)
                0x00000000c000f094                CPU::AMD_K6_write_msr(unsigned int, unsigned int, unsigned int, CPU::REGS*)
                0x00000000c000f0b0                CPU::AMD_K6_read_msr(unsigned int, CPU::REGS*)
                0x00000000c000f0c8                CPU::AMD_K6_writeback(int, int, int)
                0x00000000c000f13c                CPU::cpuid(int, unsigned long*, unsigned long*, unsigned long*, unsigned long*)
                0x00000000c000f1c0                CPU::cpuidCheckEDX(unsigned int)
                0x00000000c000f1ee                CPU::cpuidCheckECX(unsigned int)
                0x00000000c000f21c                CPU::cpuidCheckExtendedEBX(unsigned int)
                0x00000000c000f24a                CPU::cpuidCheckExtendedECX(unsigned int)
                0x00000000c000f278                CPU::CPU()
                0x00000000c000f278                CPU::CPU()
                0x00000000c000f306                CPU::displayFeatures()
                0x00000000c000f308                CPU::detectFeatures()
                0x00000000c000f9cc                CPU::setupSMEP()
                0x00000000c000f9d8                CPU::setupUMIP()
                0x00000000c000f9e2                CPU::setupTSC()
                0x00000000c000f9ec                CPU::setupLargePages()
                0x00000000c000f9f6                CPU::setupPAT()
                0x00000000c000fa32                CPU::setupMTRR()
                0x00000000c000fa34                CPU::setupGlobalPages()
                0x00000000c000fa3e                CPU::allowUsermodeDataAccess()
                0x00000000c000fa50                CPU::prohibitUsermodeDataAccess()
                0x00000000c000fa62                CPU::setupSMAP()
                0x00000000c000fa70                CPU::setupFeatures()
                0x00000000c000fb3c                CPU::open(int, int, void*)
 .text          0x00000000c000fc25       0xd1 krnl/bootmsg.32
                0x00000000c000fc25                KeDisplaySplashScreen()
                0x00000000c000fc93                KeSetBootMessage(char const*)
 .text          0x00000000c000fcf6      0x581 krnl/env.32
                0x00000000c000fcf6                EnvVarContainer::getEnv(char const*)
                0x00000000c000fd34                EnvVarContainer::setEnv(char const*, char const*)
                0x00000000c000fdf6                EnvVarContainer::deleteEnv(char const*)
                0x00000000c000fdf8                EnvVarContainer::loadFrom(char const*, char const*)
                0x00000000c000ffde                EnvVarContainer::__loadSystem()
                0x00000000c000fff8                EnvVarContainer::__loadUser()
                0x00000000c000fffa                EnvVarContainer::EnvVarContainer(Process*)
                0x00000000c000fffa                EnvVarContainer::EnvVarContainer(Process*)
                0x00000000c001001c                EnvVarContainer::~EnvVarContainer()
                0x00000000c001001c                EnvVarContainer::~EnvVarContainer()
                0x00000000c001004c                Krnl::getEnv(Process*, char const*)
                0x00000000c00100b1                Krnl::setEnvSystem(char const*, char const*)
                0x00000000c00100cb                Krnl::setEnvUser(char const*, char const*)
                0x00000000c00100ea                Krnl::setEnvProcess(Process*, char const*, char const*)
                0x00000000c00100fd                Krnl::deleteEnvSystem(char const*)
                0x00000000c00100fe                Krnl::deleteEnvUser(char const*)
                0x00000000c00100ff                Krnl::deleteEnvProcess(Process*, char const*)
                0x00000000c0010100                Krnl::newProcessEnv(Process*)
                0x00000000c0010122                Krnl::copyProcessEnv(Process*, Process*)
                0x00000000c001016e                Krnl::loadSystemEnv()
                0x00000000c001019c                Krnl::loadUserEnv()
                0x00000000c00101c2                Krnl::flushEnv()
                0x00000000c00101c3                Krnl::getProcessTotalEnvCount(Process*)
                0x00000000c00101e3                Krnl::getProcessEnvPair(Process*, int)
 .text          0x00000000c0010277       0x94 krnl/inlines.32
                0x00000000c0010277                CPU::current()
                0x00000000c0010283                operator new(unsigned long)
                0x00000000c0010288                operator delete(void*)
                0x00000000c001028d                disableIRQs()
                0x00000000c001028f                enableIRQs()
                0x00000000c0010291                lockScheduler()
                0x00000000c0010299                unlockScheduler()
                0x00000000c00102a8                lockStuff()
                0x00000000c00102b6                unlockStuff()
                0x00000000c00102f0                Virt::getAKernelVAS()
                0x00000000c00102f6                __not_memcpy
 .text          0x00000000c001030b        0xc krnl/panic.32
                0x00000000c001030b                KePanic(char const*)
 .text          0x00000000c0010317      0x142 krnl/powctrl.32
                0x00000000c0010317                Krnl::powerThread(void*)
                0x00000000c0010345                Krnl::changePowerSettings(Krnl::PowerSettings)
                0x00000000c001035b                Krnl::userIOReceived()
                0x00000000c0010366                Krnl::handlePowerButton()
                0x00000000c001039b                Krnl::handleSleepButton()
                0x00000000c00103d0                Krnl::setupPowerManager()
 *fill*         0x00000000c0010459        0x3 
 .text          0x00000000c001045c      0x190 krnl/resolve.32
                0x00000000c001045c                KeResolveCompatibilitySymbol(char*)
 .text          0x00000000c00105ec      0x2c3 krnl/signal.32
                0x00000000c00105ec                KiSigKill(int)
                0x00000000c0010618                KiDefaultSignalHandlerIgnore(int)
                0x00000000c0010619                KiDefaultSignalHandlerPause(int)
                0x00000000c0010645                KiDefaultSignalHandlerResume(int)
                0x00000000c0010671                KeDeinitSignals(SigHandlerBlock*)
                0x00000000c0010676                KeInitSignals()
                0x00000000c00106c1                KeRegisterSignalHandler(SigHandlerBlock*, int, void (*)(int), unsigned int, int)
                0x00000000c00106f7                KeRaiseSignal(SigHandlerBlock*, int)
                0x00000000c0010774                KeCheckSignal(SigHandlerBlock*)
                0x00000000c001085f                KiCheckSignalZ
                0x00000000c0010874                KeCompleteSignal(SigHandlerBlock*, int)
 .text          0x00000000c00108af      0xc39 krnl/syscalls.32
                0x00000000c00108af                SysSeekDir(regs*)
                0x00000000c00108b4                SysTellDir(regs*)
                0x00000000c00108b9                SysVerify(regs*)
                0x00000000c00108c3                SysGetArgc(regs*)
                0x00000000c00108d3                SysTTYName(regs*)
                0x00000000c00108db                SysFormatDisk(regs*)
                0x00000000c0010948                SysSetDiskVolumeLabel(regs*)
                0x00000000c0010992                SysGetDiskVolumeLabel(regs*)
                0x00000000c00109e7                SysShutdown(regs*)
                0x00000000c0010a45                SysRealpath(regs*)
                0x00000000c0010a88                SysReadDir(regs*)
                0x00000000c0010b08                SysIsATTY(regs*)
                0x00000000c0010b64                SysSeek(regs*)
                0x00000000c0010bbd                SysTell(regs*)
                0x00000000c0010c2c                SysSize(regs*)
                0x00000000c0010ca1                SysSizeFromFilename(regs*)
                0x00000000c0010d54                SysClose(regs*)
                0x00000000c0010db4                SysOpenDir(regs*)
                0x00000000c0010e2b                SysMakeDir(regs*)
                0x00000000c0010e95                SysCloseDir(regs*)
                0x00000000c0010ee9                SysWait(regs*)
                0x00000000c0010f06                SysNotImpl(regs*)
                0x00000000c0010f21                SysPanic(regs*)
                0x00000000c0010f3c                SysRmdir(regs*)
                0x00000000c0010fa3                SysUnlink(regs*)
                0x00000000c001100a                SysGetArgv(regs*)
                0x00000000c0011057                SysUSleep(regs*)
                0x00000000c0011080                SysSpawn(regs*)
                0x00000000c00110e9                SysGetEnv(regs*)
                0x00000000c0011198                SysSetFatAttrib(regs*)
                0x00000000c001120f                SysPipe(regs*)
                0x00000000c0011254                SysGetUnixTime(regs*)
                0x00000000c0011268                string_ends_with(char const*, char const*)
                0x00000000c00112b2                SysOpen(regs*)
                0x00000000c00114a6                KeSystemCall(regs*, void*)
 .text          0x00000000c00114e8      0xd91 reg/cm.32
                0x00000000c00114e8                CmOpen(char const*)
                0x00000000c0011635                CmClose(Reghive_Tag*)
                0x00000000c001164b                CmReadExtent(Reghive_Tag*, int, unsigned char*)
                0x00000000c00116b9                CmGetString(Reghive_Tag*, int, char*)
                0x00000000c0011730                CmEnterDirectory(Reghive_Tag*, int)
                0x00000000c001176f                CmGetNext(Reghive_Tag*, int)
                0x00000000c00117a1                CmWriteExtent(Reghive_Tag*, int, unsigned char*)
                0x00000000c0011827                CmFreeExtent(Reghive_Tag*, int)
                0x00000000c001184f                CmUpdateHeader(Reghive_Tag*)
                0x00000000c0011870                CmExpand(Reghive_Tag*, int)
                0x00000000c00118eb                CmFindUnusedExtent(Reghive_Tag*)
                0x00000000c0011971                CmCreateExtent(Reghive_Tag*, int, int, unsigned char*)
                0x00000000c0011a65                CmSetString(Reghive_Tag*, int, char const*)
                0x00000000c0011ba1                CmGetMatch(char*, char*, bool, bool*)
                0x00000000c0011c02                CmAddShift(unsigned int*, int*, unsigned char, int)
                0x00000000c0011c32                CmGetShift(unsigned int*, int*, int, bool*)
                0x00000000c0011c69                CmGetInteger(Reghive_Tag*, int, unsigned long long*)
                0x00000000c0011c93                CmSetInteger(Reghive_Tag*, int, unsigned long long)
                0x00000000c0011cd3                CmConvertFromInternalFilename(unsigned char const*, char*)
                0x00000000c0011d77                CmGetNameAndTypeFromExtent(Reghive_Tag*, int, char*)
                0x00000000c0011da5                CmConvertToInternalFilename(char const*, unsigned char*)
                0x00000000c0011f60                CmCreateString(Reghive_Tag*, int, char const*)
                0x00000000c0011fad                CmFindInDirectory(Reghive_Tag*, int, char const*)
                0x00000000c0012027                CmCreateInteger(Reghive_Tag*, int, char const*, unsigned long long, int)
                0x00000000c001207a                CmCreateDirectory(Reghive_Tag*, int, char const*)
                0x00000000c001212d                CmFindObjectFromPath(Reghive_Tag*, char const*)
                0x00000000c00121a4                tree(Reghive_Tag*, int, int)
                0x00000000c0012247                CmSplitFinalSlashInPlace(char*)
 .text          0x00000000c0012279      0x50e reg/registry.32
                0x00000000c0012279                Reg::findLineFromLoadedData(char*, char*, char*)
                0x00000000c00123d1                Reg::getLineFromRegistry(char*, char*, char*, char*)
                0x00000000c0012526                Reg::getLine(char*, char*, char*)
                0x00000000c001255d                Reg::readInt(char*, char*, int*)
                0x00000000c0012648                Reg::readString(char*, char*, char*, int)
                0x00000000c00126c9                Reg::readBool(char*, char*, bool*)
                0x00000000c00126ee                Reg::readBoolWithDefault(char*, char*, bool)
                0x00000000c001271a                Reg::readIntWithDefault(char*, char*, int)
                0x00000000c0012746                Reg::readStringWithDefault(char*, char*, char*, int, char*)
 .text          0x00000000c0012787       0x36 sys/eject.32
                0x00000000c0012787                SysEject(regs*)
 .text          0x00000000c00127bd       0x18 sys/exit.32
                0x00000000c00127bd                SysExit(regs*)
 .text          0x00000000c00127d5       0x1f sys/getcwd.32
                0x00000000c00127d5                SysGetCwd(regs*)
 .text          0x00000000c00127f4        0xc sys/getpid.32
                0x00000000c00127f4                SysGetPID(regs*)
 .text          0x00000000c0012800       0x1a sys/getramdata.32
                0x00000000c0012800                SysGetRAMData(regs*)
 .text          0x00000000c001281a       0x82 sys/getvgaptr.32
                0x00000000c001281a                SysGetVGAPtr(regs*)
 .text          0x00000000c001289c       0xa8 sys/loaddll.32
                0x00000000c001289c                SysLoadDLL(regs*)
 .text          0x00000000c0012944       0x68 sys/read.32
                0x00000000c0012944                SysRead(regs*)
 .text          0x00000000c00129ac       0x29 sys/registersignal.32
                0x00000000c00129ac                SysRegisterSignal(regs*)
 .text          0x00000000c00129d5       0x55 sys/sbrk.32
                0x00000000c00129d5                SysSbrk(regs*)
 .text          0x00000000c0012a2a       0x1c sys/setcwd.32
                0x00000000c0012a2a                SysSetCwd(regs*)
 .text          0x00000000c0012a46       0x95 sys/settime.32
                0x00000000c0012a46                SysSetTime(regs*)
 .text          0x00000000c0012adb       0x4a sys/timezone.32
                0x00000000c0012adb                SysTimezone(regs*)
 .text          0x00000000c0012b25       0x68 sys/write.32
                0x00000000c0012b25                SysWrite(regs*)
 .text          0x00000000c0012b8d       0x62 sys/wsbe.32
                0x00000000c0012b8d                SysWsbe(regs*)
 .text          0x00000000c0012bef       0x25 sys/yield.32
                0x00000000c0012bef                SysYield(regs*)
 .text          0x00000000c0012c14     0x11e5 thr/elf.32
                0x00000000c0012c14                Thr::allocateMemoryForTask(Process*, File*, unsigned long, unsigned long, unsigned long)
                0x00000000c0012ea0                Thr::loadProgramIntoMemory(Process*, char const*)
                0x00000000c00130b6                Thr::runtimeReferenceHelper()
                0x00000000c00130c9                Thr::getAddressOfKernelSymbol(char const*)
                0x00000000c0013118                Thr::loadKernelSymbolTable(char const*)
                0x00000000c00133d6                Thr::loadDriverIntoMemory(char const*, unsigned long, bool)
                0x00000000c0013b0c                Thr::getDriverBaseFromAddress(unsigned long)
                0x00000000c0013b3e                Thr::getDriverNameFromAddress(unsigned long)
                0x00000000c0013b75                Thr::getDriverOffsetFromAddress(unsigned long)
                0x00000000c0013b8f                Thr::loadDLL(char const*, bool)
                0x00000000c0013dc0                Thr::executeDLL(unsigned long, void*)
 *fill*         0x00000000c0013df9        0x3 
 .text          0x00000000c0013dfc     0x12fd thr/prcssthr.32
                0x00000000c0013dfc                userModeEntryPoint(void*)
                0x00000000c0013e24                changeTSS
                0x00000000c0013e54                switchToThread(ThreadControlBlock*)
                0x00000000c0013f08                Process::addArgs(char**)
                0x00000000c0013f68                Process::Process(char const*, Process*, char**)
                0x00000000c0013f68                Process::Process(char const*, Process*, char**)
                0x00000000c0014174                Process::Process(bool, char const*, Process*, char**)
                0x00000000c0014174                Process::Process(bool, char const*, Process*, char**)
                0x00000000c001434c                taskStartupFunction
                0x00000000c0014358                Semaphore::Semaphore(int)
                0x00000000c0014358                Semaphore::Semaphore(int)
                0x00000000c0014388                Mutex::Mutex()
                0x00000000c0014388                Mutex::Mutex()
                0x00000000c001439c                Process::createThread(void (*)(void*), void*, int)
                0x00000000c0014494                Process::createUserThread()
                0x00000000c00144b4                setupMultitasking(void (*)())
                0x00000000c00145bc                schedule()
                0x00000000c001464c                Semaphore::tryAcquire()
                0x00000000c0014718                Semaphore::assertLocked(char const*)
                0x00000000c0014790                blockTaskWithSchedulerLockAlreadyHeld(TaskState)
                0x00000000c00147b8                blockTask(TaskState)
                0x00000000c00147e8                waitTask(int, int*, int)
                0x00000000c001482c                milliTenthSleepUntil(unsigned int)
                0x00000000c00148bc                milliTenthSleep(unsigned int)
                0x00000000c00148cc                sleep(unsigned int)
                0x00000000c00148e8                Semaphore::acquire()
                0x00000000c00149a4                taskReturned
                0x00000000c00149e0                Thr::processFromPID(int)
                0x00000000c0014a80                unblockTask(ThreadControlBlock*)
                0x00000000c0014b24                cleanupTerminatedTask(ThreadControlBlock*)
                0x00000000c0014df0                cleanerTaskFunction(void*)
                0x00000000c0014ee0                terminateTask(int)
                0x00000000c0014fac                Thr::terminateFromIRQ(int)
                0x00000000c0014fbc                Semaphore::release()
 .text          0x00000000c00150f9      0xb93 vm86/vm8086.32
                0x00000000c00150f9                Vm::inbv(unsigned short)
                0x00000000c001510c                Vm::outbv(unsigned short, unsigned char)
                0x00000000c0015142                Vm::realToLinear(unsigned short, unsigned short)
                0x00000000c0015152                Vm::getSegment(unsigned int)
                0x00000000c001515a                Vm::getOffset(unsigned int)
                0x00000000c001515f                Vm::mainloop2()
                0x00000000c0015199                Vm::mainVm8086Loop(void*)
                0x00000000c00151a9                Vm::mainloop3(unsigned long)
                0x00000000c00151cf                Vm::initialise8086()
                0x00000000c0015212                Vm::finish8086()
                0x00000000c0015273                Vm::getOutput8086(unsigned char*)
                0x00000000c0015298                Vm::start8086FromBuffer(unsigned char*, int, unsigned short, unsigned short, unsigned short, unsigned short)
                0x00000000c0015351                Vm::start8086(char const*, unsigned short, unsigned short, unsigned short, unsigned short)
                0x00000000c00154b9                Vm::doISR(regs*, int, unsigned char*, unsigned short, unsigned short)
                0x00000000c0015543                Vm::readByteFromReal(unsigned short, unsigned short)
                0x00000000c0015554                Vm::readWordFromReal(unsigned short, unsigned short)
                0x00000000c0015566                Vm::readDwordFromReal(unsigned short, unsigned short)
                0x00000000c0015577                Vm::writeByteFromReal(unsigned short, unsigned short, unsigned char)
                0x00000000c001558c                Vm::writeWordFromReal(unsigned short, unsigned short, unsigned short)
                0x00000000c00155a2                Vm::writeDwordFromReal(unsigned short, unsigned short, unsigned int)
                0x00000000c00155b7                Vm::faultHandler(regs*)
 .text          0x00000000c0015c8c      0xa8e arch/i386/hal.32
                0x00000000c0015c8c                noCopro(unsigned long)
                0x00000000c0015c8d                nmiHandler(regs*, void*)
                0x00000000c0015ca6                doubleFault(regs*, void*)
                0x00000000c0015cbf                displayDebugInfo(regs*)
                0x00000000c001601b                HalSystemIdle()
                0x00000000c0016091                displayProgramFault(char const*)
                0x00000000c00160dd                gpFault(regs*, void*)
                0x00000000c0016142                pgFault(regs*, void*)
                0x00000000c00161c8                otherISRHandler(regs*, void*)
                0x00000000c00161fc                opcodeFault(regs*, void*)
                0x00000000c001627c                i386SaveCoprocessor(void*)
                0x00000000c0016290                i386LoadCoprocessor(void*)
                0x00000000c00162a4                x87EmulHandler(regs*, void*)
                0x00000000c0016341                HalInitialiseCoprocessor()
                0x00000000c00163ef                HalPanic(char const*)
                0x00000000c00164e8                HalQueryPerformanceCounter()
                0x00000000c0016503                HalInitialise()
                0x00000000c00166a9                HalMakeBeep(int)
                0x00000000c00166e3                HalGetRand()
                0x00000000c00166e6                HalEndOfInterrupt(int)
                0x00000000c0016717                HalRestart()
                0x00000000c0016718                HalShutdown()
                0x00000000c0016719                HalSleep()
 *fill*         0x00000000c001671a        0x2 
 .text          0x00000000c001671c      0x2f4 arch/i386/pic.32
                0x00000000c001671c                picIoWait()
                0x00000000c0016724                picDisable()
                0x00000000c0016758                picGetIRQReg(int)
                0x00000000c00167dc                picOpen()
                0x00000000c001696c                picEOI(int)
 .text          0x00000000c0016a10      0x64d arch/i386/rtc.32
                0x00000000c0016a10                RTC::open(int, int, void*)
                0x00000000c0016a14                RTC::close(int, int, void*)
                0x00000000c0016a18                RTC::timeInSecondsUTC()
                0x00000000c0016a2a                RTC::timeInDatetimeUTC()
                0x00000000c0016a50                RTC::setTimeInSecondsUTC(unsigned long long)
                0x00000000c0016a8e                RTC::~RTC()
                0x00000000c0016a8e                RTC::~RTC()
                0x00000000c0016ab2                RTC::~RTC()
                0x00000000c0016adc                RTC::get_update_in_progress_flag()
                0x00000000c0016af4                RTC::completeRTCRefresh()
                0x00000000c0016dac                RTC::setTimeInDatetimeUTC(datetime_t)
                0x00000000c0016f5f                rtcIRQHandler(regs*, void*)
                0x00000000c0016fa4                RTC::RTC()
                0x00000000c0016fa4                RTC::RTC()
 *fill*         0x00000000c001705d        0x3 
 .text          0x00000000c0017060      0x203 arch/i386/vga.32
                0x00000000c0017060                HalConsoleScroll(int, int)
                0x00000000c0017168                HalConsoleWriteCharacter(char, int, int, int, int)
                0x00000000c00171d4                HalConsoleCursorUpdate(int, int)
 *fill*         0x00000000c0017263        0x1 
 .text          0x00000000c0017264     0x13e7 fs/fat/vfslink.32
                0x00000000c0017264                FAT::getName()
                0x00000000c001726c                FAT::tell(void*, unsigned long long*)
                0x00000000c00172a8                FAT::stat(void*, unsigned long long*)
                0x00000000c00172e4                FAT::~FAT()
                0x00000000c00172e4                FAT::~FAT()
                0x00000000c0017308                FAT::~FAT()
                0x00000000c0017330                FAT::getlabel(LogicalDisk*, int, char*, unsigned int*)
                0x00000000c00173d4                FAT::setlabel(LogicalDisk*, int, char*)
                0x00000000c0017498                FAT::format(LogicalDisk*, int, char const*, int)
                0x00000000c001766c                FAT::tryMount(LogicalDisk*, int)
                0x00000000c0017884                FAT::allocateSwapfile(char const*, int)
                0x00000000c0017a44                FAT::readDir(void*, unsigned long, void*, int*)
                0x00000000c0017bb0                FAT::read(void*, unsigned long, void*, int*)
                0x00000000c0017c10                FAT::write(void*, unsigned long, void*, int*)
                0x00000000c0017c70                FAT::close(void*)
                0x00000000c0017cc4                FAT::closeDir(void*)
                0x00000000c0017d18                FAT::seek(void*, unsigned long long)
                0x00000000c0017d70                fatWrapperReadDisk
                0x00000000c0017db4                fatWrapperWriteDisk
                0x00000000c0017df8                fatWrapperIoctl
                0x00000000c0017f14                FAT::FAT()
                0x00000000c0017f14                FAT::FAT()
                0x00000000c0017f68                FAT::fixFilepath(char*)
                0x00000000c0017fa4                FAT::open(char const*, void**, FileOpenMode)
                0x00000000c00180dc                FAT::openDir(char const*, void**)
                0x00000000c001818c                FAT::stat(char const*, unsigned long long*, bool*)
                0x00000000c0018284                FAT::unlink(char const*)
                0x00000000c0018304                FAT::chfatattr(char const*, unsigned char, unsigned char)
                0x00000000c0018490                FAT::rename(char const*, char const*)
                0x00000000c001855c                FAT::mkdir(char const*)
                0x00000000c00185dc                FAT::exists(char const*)
 *fill*         0x00000000c001864b        0x1 
 .text          0x00000000c001864c       0x94 fs/iso9660/helper.32
                0x00000000c001864c                isoReadDiscSectorHelper
                0x00000000c00186a8                iso_kprintf
                0x00000000c00186c4                iso_kprintfd
 .text          0x00000000c00186e0      0x6f8 fs/iso9660/vfslink.32
                0x00000000c00186e0                ISO9660::format(LogicalDisk*, int, char const*, int)
                0x00000000c00186e6                ISO9660::getName()
                0x00000000c00186ec                ISO9660::closeDir(void*)
                0x00000000c00186f6                ISO9660::chfatattr(char const*, unsigned char, unsigned char)
                0x00000000c00186fc                ISO9660::unlink(char const*)
                0x00000000c0018702                ISO9660::write(void*, unsigned long, void*, int*)
                0x00000000c0018708                ISO9660::rename(char const*, char const*)
                0x00000000c001870e                ISO9660::mkdir(char const*)
                0x00000000c0018714                ISO9660::~ISO9660()
                0x00000000c0018714                ISO9660::~ISO9660()
                0x00000000c0018738                ISO9660::~ISO9660()
                0x00000000c0018760                ISO9660::exists(char const*)
                0x00000000c0018774                ISO9660::open(char const*, void**, FileOpenMode)
                0x00000000c0018852                ISO9660::read(void*, unsigned long, void*, int*)
                0x00000000c001889a                ISO9660::seek(void*, unsigned long long)
                0x00000000c00188dc                ISO9660::tell(void*, unsigned long long*)
                0x00000000c001891a                ISO9660::stat(void*, unsigned long long*)
                0x00000000c001896c                ISO9660::stat(char const*, unsigned long long*, bool*)
                0x00000000c0018aa4                ISO9660::close(void*)
                0x00000000c0018ad4                ISO9660::openDir(char const*, void**)
                0x00000000c0018ba6                ISO9660::readDir(void*, unsigned long, void*, int*)
                0x00000000c0018cc3                readSectorFromCDROM(unsigned int, unsigned char*, char)
                0x00000000c0018d3e                ISO9660::tryMount(LogicalDisk*, int)
                0x00000000c0018db0                ISO9660::ISO9660()
                0x00000000c0018db0                ISO9660::ISO9660()
 .text          0x00000000c0018dd8      0x26c hal/sound/sndcard.32
                0x00000000c0018dd8                SoundCard::beginPlayback()
                0x00000000c0018de6                SoundCard::stopPlayback()
                0x00000000c0018df4                SoundCard::SoundCard(char const*)
                0x00000000c0018df4                SoundCard::SoundCard(char const*)
                0x00000000c0018e92                SoundCard::~SoundCard()
                0x00000000c0018e92                SoundCard::~SoundCard()
                0x00000000c0018eb6                SoundCard::~SoundCard()
                0x00000000c0018ee0                SoundCard::configureRates(int, int, int)
                0x00000000c0018f10                SoundCard::getSamples16(int, short*)
                0x00000000c0018f6c                SoundCard::getSamples32(int, int*)
                0x00000000c0018ff2                SoundCard::addChannel(SoundPort*)
                0x00000000c0019030                SoundCard::removeChannel(int)
 .text          0x00000000c0019044      0x377 hal/sound/sndport.32
                0x00000000c0019044                SoundPort::SoundPort(int, int, int, int)
                0x00000000c0019044                SoundPort::SoundPort(int, int, int, int)
                0x00000000c00190d0                SoundPort::~SoundPort()
                0x00000000c00190d0                SoundPort::~SoundPort()
                0x00000000c0019104                SoundPort::unpause()
                0x00000000c0019110                SoundPort::pause()
                0x00000000c001911c                SoundPort::getBufferUsed()
                0x00000000c0019124                SoundPort::getBufferSize()
                0x00000000c001912c                SoundPort::buffer16(short*, int)
                0x00000000c00191b8                SoundPort::buffer32(int*, int)
                0x00000000c0019240                SoundPort::unbufferAndAdd16(int, short*, SoundCard*)
                0x00000000c0019304                SoundPort::unbufferAndAdd32(int, int*, SoundCard*)
 .text          0x00000000c00193bb        0x0 hw/bus/isa.32
 *fill*         0x00000000c00193bb        0x1 
 .text          0x00000000c00193bc      0xb49 hw/bus/pci.32
                0x00000000c00193bc                PCI::open(int, int, void*)
                0x00000000c00193da                PCI::close(int, int, void*)
                0x00000000c00193de                PCI::PCI()
                0x00000000c00193de                PCI::PCI()
                0x00000000c0019478                PCI::readBAR8(unsigned int, int)
                0x00000000c0019494                PCI::readBAR16(unsigned int, int)
                0x00000000c00194b2                PCI::readBAR32(unsigned int, int)
                0x00000000c00194ce                PCI::writeBAR8(unsigned int, unsigned char, int)
                0x00000000c00194ee                PCI::writeBAR16(unsigned int, unsigned short, int)
                0x00000000c0019510                PCI::writeBAR32(unsigned int, unsigned int, int)
                0x00000000c0019530                PCI::legacyMechanism(unsigned char, unsigned char, unsigned char, unsigned char)
                0x00000000c001959e                PCI::pciReadWord(unsigned char, unsigned char, unsigned char, unsigned char)
                0x00000000c0019646                PCI::getVendorID(unsigned char, unsigned char, unsigned char)
                0x00000000c001966a                PCI::getHeaderType(unsigned char, unsigned char, unsigned char)
                0x00000000c0019692                PCI::getClassCode(unsigned char, unsigned char, unsigned char)
                0x00000000c00196dc                PCI::getProgIF(unsigned char, unsigned char, unsigned char)
                0x00000000c0019704                PCI::getRevisionID(unsigned char, unsigned char, unsigned char)
                0x00000000c0019728                PCI::getInterruptNumber(unsigned char, unsigned char, unsigned char)
                0x00000000c001974c                PCI::getSecondaryBus(unsigned char, unsigned char, unsigned char)
                0x00000000c0019774                PCI::getBARAddress(unsigned char, unsigned char, unsigned char, unsigned char)
                0x00000000c00197d8                PCI::pciWriteWord(unsigned char, unsigned char, unsigned char, unsigned char, unsigned short)
                0x00000000c00198c0                PCI::pciDetailsToFilepath(PCIDeviceInfo, char*)
                0x00000000c0019b3a                PCI::checkBus(unsigned char)
                0x00000000c0019b60                PCI::foundDevice(PCIDeviceInfo)
                0x00000000c0019cd2                PCI::getDeviceData(unsigned char, unsigned char, unsigned char)
                0x00000000c0019e46                PCI::checkDevice(unsigned char, unsigned char)
                0x00000000c0019eb2                PCI::detect()
 *fill*         0x00000000c0019f05        0x1 
 .text          0x00000000c0019f06      0xb5a hw/diskctrl/ide.32
                0x00000000c0019f06                IDE::close(int, int, void*)
                0x00000000c0019f0a                IDE::IDE()
                0x00000000c0019f0a                IDE::IDE()
                0x00000000c0019f3e                IDE::prepareInterrupt(unsigned char)
                0x00000000c0019f50                selectDrive(unsigned char, unsigned char)
                0x00000000c0019f52                IDE::getBase(unsigned char)
                0x00000000c0019f64                IDE::write(unsigned char, unsigned char, unsigned char)
                0x00000000c001a024                IDE::read(unsigned char, unsigned char)
                0x00000000c001a0d2                IDE::waitInterrupt(unsigned char)
                0x00000000c001a13a                ideChannel0IRQHandler(regs*, void*)
                0x00000000c001a156                ideChannel1IRQHandler(regs*, void*)
                0x00000000c001a172                IDE::enableIRQs(unsigned char, bool)
                0x00000000c001a1b8                IDE::open(int, int, void*)
                0x00000000c001a5c6                IDE::readBuffer(unsigned char, unsigned char, unsigned int, unsigned int)
                0x00000000c001a692                IDE::detect()
                0x00000000c001a952                IDE::printError(unsigned char, unsigned char, unsigned char)
                0x00000000c001aa02                IDE::polling(unsigned char, unsigned int)
 .text          0x00000000c001aa60      0x32a hw/diskctrl/satabus.32
                0x00000000c001aa60                SATABus::close(int, int, void*)
                0x00000000c001aa64                SATABus::detect()
                0x00000000c001aa66                SATABus::SATABus()
                0x00000000c001aa66                SATABus::SATABus()
                0x00000000c001aaec                SATABus::findCmdslot(SATABus::tagHBA_PORT volatile*)
                0x00000000c001ab1e                SATABus::checkType(SATABus::tagHBA_PORT volatile*)
                0x00000000c001ab66                SATABus::startCmd(SATABus::tagHBA_PORT volatile*)
                0x00000000c001ab86                SATABus::stopCmd(SATABus::tagHBA_PORT volatile*)
                0x00000000c001abb0                SATABus::portRebase(SATABus::tagHBA_PORT volatile*, int)
                0x00000000c001acc0                SATABus::probePort(SATABus::tagHBA_MEM volatile*)
                0x00000000c001ad6a                SATABus::open(int, int, void*)
 .text          0x00000000c001ad8a      0x921 hw/diskphys/ata.32
                0x00000000c001ad8a                ATA::close(int, int, void*)
                0x00000000c001adae                ATA::powerSaving(PowerSavingLevel)
                0x00000000c001adb0                ATA::ATA()
                0x00000000c001adb0                ATA::ATA()
                0x00000000c001adde                ATA::flush(bool)
                0x00000000c001ae28                ATA::readyForCommand()
                0x00000000c001ae74                ATA::access(unsigned long long, int, void*, bool)
                0x00000000c001b1f0                ATA::detectCHS()
                0x00000000c001b21a                ATA::open(int, int, void*)
                0x00000000c001b2e6                combineCharAndColour(char, unsigned char)
                0x00000000c001b2f7                combineColours(unsigned char, unsigned char)
                0x00000000c001b304                ATA::read(unsigned long long, int, void*)
                0x00000000c001b4da                ATA::write(unsigned long long, int, void*)
 *fill*         0x00000000c001b6ab        0x1 
 .text          0x00000000c001b6ac      0x60e hw/diskphys/atapi.32
                0x00000000c001b6ac                ATAPI::write(unsigned long long, int, void*)
                0x00000000c001b6b2                ATAPI::close(int, int, void*)
                0x00000000c001b6d6                ATAPI::ATAPI()
                0x00000000c001b6d6                ATAPI::ATAPI()
                0x00000000c001b704                ATAPI::readyForCommand()
                0x00000000c001b756                ATAPI::sendPacket(unsigned char*, int, bool, unsigned short*, int)
                0x00000000c001ba16                ATAPI::diskRemoved()
                0x00000000c001ba50                ATAPI::eject()
                0x00000000c001ba98                ATAPI::diskInserted()
                0x00000000c001baa4                ATAPI::detectMedia()
                0x00000000c001bb60                ATAPI::open(int, int, void*)
                0x00000000c001bc40                ATAPI::read(unsigned long long, int, void*)
 .text          0x00000000c001bcba      0x7ff hw/diskphys/sata.32
                0x00000000c001bcba                SATA::close(int, int, void*)
                0x00000000c001bcde                SATA::powerSaving(PowerSavingLevel)
                0x00000000c001bce0                SATA::open(int, int, void*)
                0x00000000c001bd8a                SATA::SATA()
                0x00000000c001bd8a                SATA::SATA()
                0x00000000c001bdb8                SATA::access(unsigned long long, int, void*, bool)
                0x00000000c001c004                SATA::read(unsigned long long, int, void*)
                0x00000000c001c254                SATA::write(unsigned long long, int, void*)
 *fill*         0x00000000c001c4b9        0x1 
 .text          0x00000000c001c4ba      0x5c6 hw/diskphys/satapi.32
                0x00000000c001c4ba                SATAPI::write(unsigned long long, int, void*)
                0x00000000c001c4c0                SATAPI::close(int, int, void*)
                0x00000000c001c4e4                SATAPI::SATAPI()
                0x00000000c001c4e4                SATAPI::SATAPI()
                0x00000000c001c512                SATAPI::diskRemoved()
                0x00000000c001c514                SATAPI::diskInserted()
                0x00000000c001c530                SATAPI::sendPacket(unsigned char*, int, unsigned long long, unsigned short*, int)
                0x00000000c001c804                SATAPI::eject()
                0x00000000c001c840                SATAPI::detectMedia()
                0x00000000c001c896                SATAPI::open(int, int, void*)
                0x00000000c001c996                SATAPI::read(unsigned long long, int, void*)
 .text          0x00000000c001ca80      0x455 hw/intctrl/apic.32
                0x00000000c001ca80                IOAPIC::close(int, int, void*)
                0x00000000c001ca86                apicGetBase()
                0x00000000c001cac8                IOAPIC::IOAPIC()
                0x00000000c001cac8                IOAPIC::IOAPIC()
                0x00000000c001caf0                apicOpen()
                0x00000000c001cc56                IOAPIC::handlesGSIWithNumber(unsigned int)
                0x00000000c001cc88                IOAPIC::read(int)
                0x00000000c001ccb0                IOAPIC::open(int, int, void*)
                0x00000000c001cda4                IOAPIC::write(int, int)
                0x00000000c001cdd0                IOAPIC::redirect(unsigned char, unsigned long long, unsigned char, bool, bool)
 *fill*         0x00000000c001ced5        0x3 
 .text          0x00000000c001ced8       0xf0 hw/timer/apictimer.32
                0x00000000c001ced8                APICTimer::close(int, int, void*)
                0x00000000c001cee0                apicTimerHandler(regs*, void*)
                0x00000000c001cf08                APICTimer::open(int, int, void*)
                0x00000000c001cf78                APICTimer::write(int)
                0x00000000c001cfa0                APICTimer::APICTimer()
                0x00000000c001cfa0                APICTimer::APICTimer()
 .text          0x00000000c001cfc8      0x1aa hw/timer/pit.32
                0x00000000c001cfc8                PIT::write(int)
                0x00000000c001d04c                pitHandler(regs*, void*)
                0x00000000c001d070                PIT::open(int, int, void*)
                0x00000000c001d0c0                PIT::close(int, int, void*)
                0x00000000c001d0f0                PIT::PIT()
                0x00000000c001d0f0                PIT::PIT()
 *fill*         0x00000000c001d172        0xe 
 .text          0x00000000c001d180       0x83 arch/i386/avx.32
                0x00000000c001d180                avxDetect
                0x00000000c001d1aa                avxSave
                0x00000000c001d1bb                avxLoad
                0x00000000c001d1cc                avxInit
                0x00000000c001d1ee                avxClose
                0x00000000c001d1ef                wouldSheSayYes
 *fill*         0x00000000c001d203        0xd 
 .text          0x00000000c001d210      0x231 arch/i386/interrupt.32
                0x00000000c001d210                isr0
                0x00000000c001d220                isr1
                0x00000000c001d22a                isr2
                0x00000000c001d234                isr3
                0x00000000c001d23e                isr4
                0x00000000c001d248                isr5
                0x00000000c001d252                isr6
                0x00000000c001d25c                isr7
                0x00000000c001d266                isr8
                0x00000000c001d26e                isr9
                0x00000000c001d278                isr10
                0x00000000c001d280                isr11
                0x00000000c001d288                isr12
                0x00000000c001d290                isr13
                0x00000000c001d298                isr14
                0x00000000c001d2a0                isr15
                0x00000000c001d2aa                isr16
                0x00000000c001d2b4                isr17
                0x00000000c001d2be                isr18
                0x00000000c001d2c8                irq3
                0x00000000c001d2d2                irq4
                0x00000000c001d2dc                irq5
                0x00000000c001d2e6                irq6
                0x00000000c001d2f0                irq7
                0x00000000c001d2fa                irq8
                0x00000000c001d304                irq9
                0x00000000c001d30e                irq10
                0x00000000c001d318                irq11
                0x00000000c001d322                irq12
                0x00000000c001d32c                irq13
                0x00000000c001d336                irq14
                0x00000000c001d340                irq15
                0x00000000c001d34a                irq1
                0x00000000c001d351                irq2
                0x00000000c001d358                isr96
                0x00000000c001d35f                irq0
                0x00000000c001d364                int_common_stub
                0x00000000c001d396                syscall_common_stub
                0x00000000c001d3f1                irq16
                0x00000000c001d3fb                irq17
                0x00000000c001d405                irq18
                0x00000000c001d40f                irq19
                0x00000000c001d419                irq20
                0x00000000c001d423                irq21
                0x00000000c001d42d                irq22
                0x00000000c001d437                irq23
 *fill*         0x00000000c001d441        0xf 
 .text          0x00000000c001d450       0x10 arch/i386/rdrand.32
                0x00000000c001d450                i386GetRDRAND
 .text          0x00000000c001d460       0x39 arch/i386/sse.32
                0x00000000c001d460                absolutelyNoChanceInHell
                0x00000000c001d460                sseDetect
                0x00000000c001d478                sseSave
                0x00000000c001d480                sseLoad
                0x00000000c001d488                sseInit
                0x00000000c001d498                sseClose
 *fill*         0x00000000c001d499        0x7 
 .text          0x00000000c001d4a0       0x49 arch/i386/x87.32
                0x00000000c001d4a6                x87Detect
                0x00000000c001d4c1                x87Save
                0x00000000c001d4c8                x87Load
                0x00000000c001d4cf                x87Init
                0x00000000c001d4e8                x87Close
 *fill*         0x00000000c001d4e9        0x3 
 .text          0x00000000c001d4ec       0x25 /cygdrive/d/Users/Alex/Desktop/Toolchain/Output/bin/../lib/gcc/i386-banana/8.1.0/crtend.o
 .text          0x00000000c001d511        0x0 crtn.32
 *fill*         0x00000000c001d511        0x3 
 .text          0x00000000c001d514      0x14b /cygdrive/d/Users/Alex/Desktop/Toolchain/Output/bin/../lib/gcc/i386-banana/8.1.0/libkgcc.a(_divdi3.o)
                0x00000000c001d514                __divdi3
 *fill*         0x00000000c001d65f        0x1 
 .text          0x00000000c001d660      0x17e /cygdrive/d/Users/Alex/Desktop/Toolchain/Output/bin/../lib/gcc/i386-banana/8.1.0/libkgcc.a(_moddi3.o)
                0x00000000c001d660                __moddi3
 *fill*         0x00000000c001d7de        0x2 
 .text          0x00000000c001d7e0       0xff /cygdrive/d/Users/Alex/Desktop/Toolchain/Output/bin/../lib/gcc/i386-banana/8.1.0/libkgcc.a(_udivdi3.o)
                0x00000000c001d7e0                __udivdi3
 *fill*         0x00000000c001d8df        0x1 
 .text          0x00000000c001d8e0      0x11a /cygdrive/d/Users/Alex/Desktop/Toolchain/Output/bin/../lib/gcc/i386-banana/8.1.0/libkgcc.a(_umoddi3.o)
                0x00000000c001d8e0                __umoddi3
 *(.gnu.linkonce.t*)

.iplt           0x00000000c001da00        0x0
 .iplt          0x00000000c001da00        0x0 D:/Users/Alex/Desktop/Banana/kernel/boot.32

.init           0x00000000c001d9fa        0xf
 .init          0x00000000c001d9fa        0x3 crti.32
                0x00000000c001d9fa                _init
 .init          0x00000000c001d9fd        0x5 /cygdrive/d/Users/Alex/Desktop/Toolchain/Output/bin/../lib/gcc/i386-banana/8.1.0/crtbegin.o
 .init          0x00000000c001da02        0x5 /cygdrive/d/Users/Alex/Desktop/Toolchain/Output/bin/../lib/gcc/i386-banana/8.1.0/crtend.o
 .init          0x00000000c001da07        0x2 crtn.32

.fini           0x00000000c001da09        0xa
 .fini          0x00000000c001da09        0x3 crti.32
                0x00000000c001da09                _fini
 .fini          0x00000000c001da0c        0x5 /cygdrive/d/Users/Alex/Desktop/Toolchain/Output/bin/../lib/gcc/i386-banana/8.1.0/crtbegin.o
 .fini          0x00000000c001da11        0x2 crtn.32

.text._ZN8ComputerD2Ev
                0x00000000c001da14       0x23
 .text._ZN8ComputerD2Ev
                0x00000000c001da14       0x23 core/computer.32
                0x00000000c001da14                Computer::~Computer()
                0x00000000c001da14                Computer::~Computer()

.text._ZN8ComputerD0Ev
                0x00000000c001da38       0x2a
 .text._ZN8ComputerD0Ev
                0x00000000c001da38       0x2a core/computer.32
                0x00000000c001da38                Computer::~Computer()

.text._Z10idleCommonv
                0x00000000c001da62       0x21
 .text._Z10idleCommonv
                0x00000000c001da62       0x21 core/idle.32
                0x00000000c001da62                idleCommon()

.text._ZN10LinkedListI8UnixFileED2Ev
                0x00000000c001da84        0x2
 .text._ZN10LinkedListI8UnixFileED2Ev
                0x00000000c001da84        0x2 core/unixfile.32
                0x00000000c001da84                LinkedList<UnixFile>::~LinkedList()
                0x00000000c001da84                LinkedList<UnixFile>::~LinkedList()

.text._ZN10LinkedListI8UnixFileEC2Ev
                0x00000000c001da86       0x42
 .text._ZN10LinkedListI8UnixFileEC2Ev
                0x00000000c001da86       0x42 core/unixfile.32
                0x00000000c001da86                LinkedList<UnixFile>::LinkedList()
                0x00000000c001da86                LinkedList<UnixFile>::LinkedList()
