Archive member included to satisfy reference by file (symbol)

/cygdrive/d/Users/Alex/Desktop/Toolchain/Output/bin/../lib/gcc/i386-banana/8.1.0/libkgcc.a(_divdi3.o)
                              fs/fat/ff.32 (__divdi3)
/cygdrive/d/Users/Alex/Desktop/Toolchain/Output/bin/../lib/gcc/i386-banana/8.1.0/libkgcc.a(_moddi3.o)
                              compat/resolve.32 (__moddi3)
/cygdrive/d/Users/Alex/Desktop/Toolchain/Output/bin/../lib/gcc/i386-banana/8.1.0/libkgcc.a(_udivdi3.o)
                              fs/fat/ff.32 (__udivdi3)
/cygdrive/d/Users/Alex/Desktop/Toolchain/Output/bin/../lib/gcc/i386-banana/8.1.0/libkgcc.a(_umoddi3.o)
                              compat/resolve.32 (__umoddi3)
D:/Users/Alex/Desktop/Banana/kernel/libsoftfp.a(sfieeelib.o)
                              hal/sound/sndhw.32 (__addsf3)
D:/Users/Alex/Desktop/Banana/kernel/libsoftfp.a(dfieeelib.o)
                              hal/libresample/src_linear.32 (__adddf3)
D:/Users/Alex/Desktop/Banana/kernel/libsoftfp.a(sfdfcvt.o)
                              hal/libresample/samplerate.32 (__truncdfsf2)
D:/Users/Alex/Desktop/Banana/kernel/libk/libm32.a(s_fabs.c.o)
                              hal/libresample/samplerate.32 (fabs)
D:/Users/Alex/Desktop/Banana/kernel/libk/libm32.a(s_lrint.S.o)
                              hal/libresample/samplerate.32 (lrint)
D:/Users/Alex/Desktop/Banana/kernel/libk/libm32.a(s_lrintf.S.o)
                              hal/sound/sndhw.32 (lrintf)

Discarded input sections

 .comment       0x0000000000000000       0x12 /cygdrive/d/Users/Alex/Desktop/Toolchain/Output/bin/../lib/gcc/i386-banana/8.1.0/crtbegin.o
 .comment       0x0000000000000000       0x12 acpica/utclib.32
 .comment       0x0000000000000000       0x12 core/malloc.32
 .comment       0x0000000000000000       0x12 libk/string.32
 .comment       0x0000000000000000       0x12 fs/fat/diskio.32
 .comment       0x0000000000000000       0x12 fs/fat/ff.32
 .comment       0x0000000000000000       0x12 fs/fat/ffsystem.32
 .comment       0x0000000000000000       0x12 fs/fat/ffunicode.32
 .comment       0x0000000000000000       0x12 hal/libresample/samplerate.32
 .comment       0x0000000000000000       0x12 hal/libresample/src_linear.32
 .comment       0x0000000000000000       0x12 hal/libresample/src_sinc.32
 .comment       0x0000000000000000       0x12 hal/libresample/src_zoh.32
 .comment       0x0000000000000000       0x12 compat/inlines.32
 .comment       0x0000000000000000       0x12 compat/resolve.32
 .group         0x0000000000000000       0x14 core/computer.32
 .group         0x0000000000000000        0xc core/computer.32
 .comment       0x0000000000000000       0x12 core/computer.32
 .comment       0x0000000000000000       0x12 core/gdt.32
 .group         0x0000000000000000        0xc core/idle.32
 .comment       0x0000000000000000       0x12 core/idle.32
 .comment       0x0000000000000000       0x12 core/idt.32
 .comment       0x0000000000000000       0x12 core/kheap.32
 .comment       0x0000000000000000       0x12 core/main.32
 .comment       0x0000000000000000       0x12 core/physmgr.32
 .group         0x0000000000000000        0xc core/pipe.32
 .comment       0x0000000000000000       0x12 core/pipe.32
 .group         0x0000000000000000        0xc core/terminal.32
 .comment       0x0000000000000000       0x12 core/terminal.32
 .comment       0x0000000000000000       0x12 core/tss.32
 .group         0x0000000000000000        0x8 core/unixfile.32
 .group         0x0000000000000000        0xc core/unixfile.32
 .group         0x0000000000000000        0xc core/unixfile.32
 .group         0x0000000000000000        0x8 core/unixfile.32
 .group         0x0000000000000000        0xc core/unixfile.32
 .group         0x0000000000000000        0x8 core/unixfile.32
 .group         0x0000000000000000        0xc core/unixfile.32
 .group         0x0000000000000000        0xc core/unixfile.32
 .comment       0x0000000000000000       0x12 core/unixfile.32
 .comment       0x0000000000000000       0x12 core/virtmgr.32
 .comment       0x0000000000000000       0x12 coreobjs/c++.32
 .comment       0x0000000000000000       0x12 dbg/kconsole.32
 .group         0x0000000000000000        0xc fs/vfs.32
 .group         0x0000000000000000        0xc fs/vfs.32
 .group         0x0000000000000000        0xc fs/vfs.32
 .comment       0x0000000000000000       0x12 fs/vfs.32
 .group         0x0000000000000000        0xc hal/bus.32
 .comment       0x0000000000000000       0x12 hal/bus.32
 .group         0x0000000000000000        0xc hal/buzzer.32
 .comment       0x0000000000000000       0x12 hal/buzzer.32
 .group         0x0000000000000000        0xc hal/clock.32
 .comment       0x0000000000000000       0x12 hal/clock.32
 .group         0x0000000000000000       0x14 hal/device.32
 .group         0x0000000000000000        0xc hal/device.32
 .group         0x0000000000000000        0xc hal/device.32
 .group         0x0000000000000000        0xc hal/device.32
[...]
Memory Configuration

Name             Origin             Length             Attributes
*default*        0x0000000000000000 0xffffffffffffffff

Linker script and memory map

LOAD D:/Users/Alex/Desktop/Banana/kernel/boot.32
LOAD crti.32
LOAD /cygdrive/d/Users/Alex/Desktop/Toolchain/Output/bin/../lib/gcc/i386-banana/8.1.0/crtbegin.o
LOAD D:/Users/Alex/Desktop/Banana/kernel/morenasm.32
LOAD acpica/utclib.32
LOAD core/malloc.32
LOAD libk/string.32
LOAD fs/fat/diskio.32
LOAD fs/fat/ff.32
LOAD fs/fat/ffsystem.32
LOAD fs/fat/ffunicode.32
LOAD hal/libresample/samplerate.32
LOAD hal/libresample/src_linear.32
LOAD hal/libresample/src_sinc.32
LOAD hal/libresample/src_zoh.32
LOAD compat/inlines.32
LOAD compat/resolve.32
LOAD core/computer.32
LOAD core/gdt.32
LOAD core/idle.32
LOAD core/idt.32
LOAD core/kheap.32
LOAD core/main.32
LOAD core/physmgr.32
LOAD core/pipe.32
LOAD core/terminal.32
LOAD core/tss.32
LOAD core/unixfile.32
LOAD core/virtmgr.32
LOAD coreobjs/c++.32
LOAD dbg/kconsole.32
LOAD fs/vfs.32
LOAD hal/bus.32
LOAD hal/buzzer.32
LOAD hal/clock.32
LOAD hal/device.32
LOAD hal/diskctrl.32
LOAD hal/diskphys.32
LOAD hal/fpu.32
LOAD hal/intctrl.32
LOAD hal/keybrd.32
LOAD hal/logidisk.32
LOAD hal/mouse.32
LOAD hal/partition.32
LOAD hal/serial.32
LOAD hal/timer.32
LOAD hal/vcache.32
LOAD hal/video.32
LOAD hw/acpi.32
LOAD hw/cpu.32
LOAD hw/ports.32
LOAD krnl/env.32
LOAD krnl/panic.32
LOAD net/ethernet.32
LOAD reg/registry.32
LOAD sys/sc_exit.32
LOAD sys/sc_getcwd.32
LOAD sys/sc_getpid.32
LOAD sys/sc_loaddll.32
LOAD sys/sc_read.32
LOAD sys/sc_sbrk.32
LOAD sys/sc_setcwd.32
LOAD sys/sc_settime.32
LOAD sys/sc_timezone.32
LOAD sys/sc_write.32
LOAD sys/sc_yield.32
LOAD sys/syscalls.32
LOAD thr/elf.32
LOAD thr/prcssthr.32
LOAD vm86/vm8086.32
LOAD vm86/x87em.32
LOAD fs/fat/vfslink.32
LOAD fs/iso9660/vfslink.32
LOAD hal/sound/sndchannel.32
LOAD hal/sound/sndhw.32
LOAD hw/bus/isa.32
LOAD hw/bus/pci.32
LOAD hw/diskctrl/ide.32
LOAD hw/diskctrl/satabus.32
LOAD hw/diskphys/ata.32
LOAD hw/diskphys/atapi.32
LOAD hw/diskphys/sata.32
LOAD hw/fpu/avx.32
LOAD hw/fpu/mmx.32
LOAD hw/fpu/sse.32
LOAD hw/fpu/x87.32
LOAD hw/intctrl/apic.32
LOAD hw/intctrl/pic.32
LOAD hw/timer/apictimer.32
LOAD hw/timer/pit.32
LOAD hw/fpu/x86/avx.32
LOAD hw/fpu/x86/sse.32
LOAD hw/fpu/x86/x87.32
LOAD /cygdrive/d/Users/Alex/Desktop/Toolchain/Output/bin/../lib/gcc/i386-banana/8.1.0/crtend.o
LOAD crtn.32
LOAD /cygdrive/d/Users/Alex/Desktop/Toolchain/Output/bin/../lib/gcc/i386-banana/8.1.0/libkgcc.a
LOAD D:/Users/Alex/Desktop/Banana/kernel/libsoftfp.a
LOAD D:/Users/Alex/Desktop/Banana/kernel/libk/libm32.a
                0x00000000c0000000                . = 0xc0000000

.text           0x00000000c0000000    0x27298
 *(.text)
 .text          0x00000000c0000000       0x41 D:/Users/Alex/Desktop/Banana/kernel/boot.32
                0x00000000c0000020                callGlobalConstructors
 .text          0x00000000c0000041        0x0 crti.32
 *fill*         0x00000000c0000041        0x3 
 .text          0x00000000c0000044      0x101 /cygdrive/d/Users/Alex/Desktop/Toolchain/Output/bin/../lib/gcc/i386-banana/8.1.0/crtbegin.o
 *fill*         0x00000000c0000145        0xb 
 .text          0x00000000c0000150      0x4a2 D:/Users/Alex/Desktop/Banana/kernel/morenasm.32
                0x00000000c0000150                prepareTramp
                0x00000000c0000169                voodooXADD
                0x00000000c0000234                doTPAUSE
                0x00000000c000023e                hasLegacyFPU
                0x00000000c0000263                is486
                0x00000000c0000299                detectCPUID
                0x00000000c00002af                goToVM86
                0x00000000c00002df                goToUsermode
                0x00000000c0000309                switchToThreadASMFirstTime
                0x00000000c0000317                switchToThreadASM
                0x00000000c000039f                asmQuickAcquireLock
                0x00000000c00003bd                asmQuickReleaseLock
                0x00000000c00003c9                asmAcquireLock
                0x00000000c00003ea                asmReleaseLock
                0x00000000c00003fd                loadGDT
                0x00000000c000041d                isr0
                0x00000000c000042d                isr1
                0x00000000c0000437                isr2
                0x00000000c0000441                isr3
                0x00000000c000044b                isr4
                0x00000000c0000455                isr5
                0x00000000c000045f                isr6
                0x00000000c0000469                isr7
                0x00000000c0000473                isr8
                0x00000000c000047b                isr9
                0x00000000c0000485                isr10
                0x00000000c000048d                isr11
                0x00000000c0000495                isr12
                0x00000000c000049d                isr13
                0x00000000c00004a5                isr14
                0x00000000c00004ad                isr15
                0x00000000c00004b7                isr16
                0x00000000c00004c1                isr17
                0x00000000c00004cb                isr18
                0x00000000c00004d5                irq3
                0x00000000c00004df                irq4
                0x00000000c00004e9                irq5
                0x00000000c00004f3                irq6
                0x00000000c00004fd                irq7
                0x00000000c0000507                irq8
                0x00000000c0000511                irq9
                0x00000000c000051b                irq10
                0x00000000c0000525                irq11
                0x00000000c000052f                irq12
                0x00000000c0000539                irq13
                0x00000000c0000543                irq14
                0x00000000c000054d                irq15
                0x00000000c0000557                irq1
                0x00000000c000055e                irq2
                0x00000000c0000565                isr96
                0x00000000c000056c                irq0
                0x00000000c0000571                syscall_common_stub
                0x00000000c0000571                int_common_stub
                0x00000000c00005a2                irq16
                0x00000000c00005ac                irq17
                0x00000000c00005b6                irq18
                0x00000000c00005c0                irq19
                0x00000000c00005ca                irq20
                0x00000000c00005d4                irq21
                0x00000000c00005de                irq22
                0x00000000c00005e8                irq23
 .text          0x00000000c00005f2      0x40f acpica/utclib.32
                0x00000000c00005f2                memcmp
                0x00000000c000061d                memmove
                0x00000000c0000655                memcpy
                0x00000000c000068b                memset
                0x00000000c00006a8                strlen
                0x00000000c00006b8                strpbrk
                0x00000000c00006db                strtok
                0x00000000c000072a                strcpy
                0x00000000c000074a                strncpy
                0x00000000c000077b                strcmp
                0x00000000c000079c                strchr
                0x00000000c00007b2                strncmp
                0x00000000c00007e1                strcat
                0x00000000c0000808                strncat
                0x00000000c0000842                strstr
                0x00000000c000087f                toupper
                0x00000000c0000893                tolower
                0x00000000c00008a7                simple_strtoul
 .text          0x00000000c0000a01      0xfbf core/malloc.32
                0x00000000c0000b6c                dlfree
                0x00000000c0000ec7                dlmalloc
                0x00000000c0001404                dlrealloc
                0x00000000c00015b9                dlmemalign
                0x00000000c00016dc                dlcalloc
                0x00000000c0001776                dlcfree
                0x00000000c000177b                dlindependent_calloc
                0x00000000c00017a0                dlindependent_comalloc
                0x00000000c00017b7                dlvalloc
                0x00000000c00017e2                dlpvalloc
                0x00000000c0001818                dlmalloc_trim
                0x00000000c0001825                dlmalloc_usable_size
                0x00000000c0001856                dlmallinfo
                0x00000000c0001925                dlmalloc_stats
                0x00000000c0001936                dlmallopt
 .text          0x00000000c00019c0        0x0 libk/string.32
 .text          0x00000000c00019c0       0x51 fs/fat/diskio.32
                0x00000000c00019c0                disk_status
                0x00000000c00019c3                disk_initialize
                0x00000000c00019c6                disk_read
                0x00000000c00019dc                disk_write
                0x00000000c00019f2                disk_ioctl
 .text          0x00000000c0001a11     0x6833 fs/fat/ff.32
                0x00000000c0004cdf                f_mount
                0x00000000c0004d41                f_open
                0x00000000c000517d                f_read
                0x00000000c00053fd                f_write
                0x00000000c00056b7                f_sync
                0x00000000c0005893                f_close
                0x00000000c00058c2                f_lseek
                0x00000000c0005d79                f_opendir
                0x00000000c0005e7b                f_closedir
                0x00000000c0005e9d                f_readdir
                0x00000000c0005f38                f_stat
                0x00000000c0005fc7                f_getfree
                0x00000000c0006192                f_truncate
                0x00000000c000628a                f_unlink
                0x00000000c000640d                f_mkdir
                0x00000000c0006639                f_rename
                0x00000000c000692c                f_chmod
                0x00000000c0006a0a                f_utime
                0x00000000c0006ae8                f_getlabel
                0x00000000c0006cd6                f_setlabel
                0x00000000c0006f43                f_forward
                0x00000000c0007121                f_mkfs
 .text          0x00000000c0008244       0x2d fs/fat/ffsystem.32
                0x00000000c0008244                ff_memalloc
                0x00000000c000825a                ff_memfree
 .text          0x00000000c0008271      0x253 fs/fat/ffunicode.32
                0x00000000c0008271                ff_uni2oem
                0x00000000c0008301                ff_oem2uni
                0x00000000c000836d                ff_wtoupper
 .text          0x00000000c00084c4      0x8fb hal/libresample/samplerate.32
                0x00000000c0008508                src_delete
                0x00000000c0008544                src_process
                0x00000000c00086fa                src_callback_read
                0x00000000c0008877                src_set_ratio
                0x00000000c00088e1                src_get_channels
                0x00000000c0008903                src_reset
                0x00000000c000894f                src_new
                0x00000000c00089dd                src_callback_new
                0x00000000c0008a3f                src_get_name
                0x00000000c0008a76                src_get_description
                0x00000000c0008aad                src_get_version
                0x00000000c0008ab3                src_is_valid_ratio
                0x00000000c0008b07                src_error
                0x00000000c0008b15                src_strerror
                0x00000000c0008b28                src_simple
                0x00000000c0008b7b                src_short_to_float_array
                0x00000000c0008be0                src_float_to_short_array
                0x00000000c0008c9f                src_int_to_float_array
                0x00000000c0008d02                src_float_to_int_array
 .text          0x00000000c0008dbf      0x8cb hal/libresample/src_linear.32
                0x00000000c00095e5                linear_get_name
                0x00000000c00095f4                linear_get_description
                0x00000000c0009603                linear_set_converter
 .text          0x00000000c000968a     0x447c hal/libresample/src_sinc.32
                0x00000000c000da1d                sinc_get_name
                0x00000000c000da30                sinc_get_description
                0x00000000c000da43                sinc_set_converter
 .text          0x00000000c000db06      0x77c hal/libresample/src_zoh.32
                0x00000000c000e1dd                zoh_get_name
                0x00000000c000e1ec                zoh_get_description
                0x00000000c000e1fb                zoh_set_converter
 .text          0x00000000c000e282       0x23 compat/inlines.32
                0x00000000c000e282                CPU::current()
                0x00000000c000e28f                operator new(unsigned long)
 .text          0x00000000c000e2a5      0x111 compat/resolve.32
                0x00000000c000e2a5                Krnl::resolveCompatibilitySymbol(char*)
 .text          0x00000000c000e3b6      0xa11 core/computer.32
                0x00000000c000e3b6                Computer::close(int, int, void*)
                0x00000000c000e3fa                Krnl::firstTask()
                0x00000000c000e4e4                Computer::Computer()
                0x00000000c000e4e4                Computer::Computer()
                0x00000000c000e640                Computer::setBootMessage(char const*)
                0x00000000c000e642                Computer::detectFeatures()
                0x00000000c000e84c                Computer::displayFeatures()
                0x00000000c000eb92                Computer::rdmsr(unsigned int)
                0x00000000c000ebbe                Computer::wrmsr(unsigned int, unsigned long long)
                0x00000000c000ebf6                Computer::nmiEnabled()
                0x00000000c000ec02                Computer::readCMOS(unsigned char)
                0x00000000c000ec1c                Computer::enableNMI(bool)
                0x00000000c000ec34                Computer::open(int, int, void*)
                0x00000000c000ed0a                Computer::disableNMI()
                0x00000000c000ed18                Computer::writeCMOS(unsigned char, unsigned char)
                0x00000000c000ed36                Computer::handleNMI()
                0x00000000c000ed9c                Computer::setDiskActivityLight(int, bool)
 *fill*         0x00000000c000edc7        0x1 
 .text          0x00000000c000edc8      0x1b7 core/gdt.32
                0x00000000c000edc8                GDTEntry::setBase(unsigned int)
                0x00000000c000ede4                GDTEntry::setLimit(unsigned int)
                0x00000000c000ee02                GDT::GDT()
                0x00000000c000ee02                GDT::GDT()
                0x00000000c000ee18                GDT::addEntry(GDTEntry)
                0x00000000c000ee54                GDT::getNumberOfEntries()
                0x00000000c000ee5c                GDT::flush()
                0x00000000c000ee7e                GDT::setup()
 .text          0x00000000c000ef7f       0x62 core/idle.32
                0x00000000c000ef7f                idleFunction(void*)
 *fill*         0x00000000c000efe1        0x1 
 .text          0x00000000c000efe2      0x45f core/idt.32
                0x00000000c000efe2                IDTEntry::IDTEntry(bool)
                0x00000000c000efe2                IDTEntry::IDTEntry(bool)
                0x00000000c000f050                IDTEntry::setOffset(unsigned int)
                0x00000000c000f064                IDT::IDT()
                0x00000000c000f064                IDT::IDT()
                0x00000000c000f066                IDT::getPointerToInvalidOpcodeEntryForF00F()
                0x00000000c000f06e                IDT::addEntry(IDTEntry, int)
                0x00000000c000f088                IDT::addEntry(int, void (*)(), bool)
                0x00000000c000f0c0                IDT::flush()
                0x00000000c000f0da                IDT::setup()
 .text          0x00000000c000f441      0x203 core/kheap.32
                0x00000000c000f441                sbrk
                0x00000000c000f54f                mmap
                0x00000000c000f565                munmap
                0x00000000c000f57b                liballoc_lock()
                0x00000000c000f58c                liballoc_unlock()
                0x00000000c000f59d                liballoc_alloc(int)
                0x00000000c000f5b8                liballoc_free(void*, int)
                0x00000000c000f5d6                realloc
                0x00000000c000f5ea                malloc
                0x00000000c000f5fa                free
                0x00000000c000f60a                rfree
                0x00000000c000f61a                calloc
 .text          0x00000000c000f644      0x456 core/main.32
                0x00000000c000f644                hwTextMode_loadInData(VgaText*)
                0x00000000c000f68f                hwTextMode_loadInTitle(VgaText*, char*)
                0x00000000c000f70d                hwTextMode_showCursor(VgaText*, bool)
                0x00000000c000f76b                hwTextMode_update(VgaText*)
                0x00000000c000f76c                hwTextMode_updateCursor(VgaText*)
                0x00000000c000f7bd                hwTextMode_disableBlink(VgaText*, bool)
                0x00000000c000f803                hwTextMode_scrollScreen(VgaText*)
                0x00000000c000f8b0                hwTextMode_writeCharacter(VgaText*, char, VgaColour, VgaColour, int, int)
                0x00000000c000f932                setupTextMode()
                0x00000000c000f9a2                kernel_main
 .text          0x00000000c000fa9a      0x54d core/physmgr.32
                0x00000000c000fa9a                Phys::allocateDMA(unsigned long)
                0x00000000c000fb3d                Phys::freeDMA(unsigned long, unsigned long)
                0x00000000c000fb85                Phys::setPageState(unsigned long, bool)
                0x00000000c000fbb7                Phys::getPageState(unsigned long)
                0x00000000c000fbd3                Phys::freePage(unsigned long)
                0x00000000c000fc5d                Phys::allocatePage()
                0x00000000c000fd25                Phys::allocateContiguousPages(int)
                0x00000000c000fd7f                Phys::allowSegmentToBeUsed(unsigned long, unsigned long)
                0x00000000c000fdb7                Phys::physicalMemorySetup(unsigned int)
 *fill*         0x00000000c000ffe7        0x1 
 .text          0x00000000c000ffe8      0x273 core/pipe.32
                0x00000000c000ffe8                Pipe::isAtty()
                0x00000000c000ffec                Pipe::~Pipe()
                0x00000000c000ffec                Pipe::~Pipe()
                0x00000000c0010010                Pipe::~Pipe()
                0x00000000c0010038                Pipe::read(unsigned long long, void*, int*)
                0x00000000c001012c                Pipe::write(unsigned long long, void*, int*)
                0x00000000c00101f4                Pipe::Pipe(int)
                0x00000000c00101f4                Pipe::Pipe(int)
 *fill*         0x00000000c001025b        0x1 
 .text          0x00000000c001025c      0xf73 core/terminal.32
                0x00000000c001025c                VgaText::isAtty()
                0x00000000c0010260                VgaText::~VgaText()
                0x00000000c0010260                VgaText::~VgaText()
                0x00000000c0010284                VgaText::~VgaText()
                0x00000000c00102ae                VgaText::read(unsigned long long, void*, int*)
                0x00000000c00102ce                setTerminalScrollLock(bool)
                0x00000000c00102cf                addToTerminalCycle(VgaText*)
                0x00000000c00102fc                installVgaTextImplementation()
                0x00000000c0010311                scrollTerminalScrollLock(int)
                0x00000000c0010312                VgaText::load()
                0x00000000c0010366                VgaText::updateCursor()
                0x00000000c0010380                VgaText::showCursor(bool)
                0x00000000c0010390                VgaText::disableBlink(bool)
                0x00000000c00103ca                VgaText::doANSI_SGR(int)
                0x00000000c0010456                VgaText::setDefaultBgColour(VgaColour)
                0x00000000c001046c                VgaText::setDefaultFgColour(VgaColour)
                0x00000000c0010482                VgaText::setDefaultColours(VgaColour, VgaColour)
                0x00000000c00104a2                VgaText::combineColours(unsigned char, unsigned char)
                0x00000000c00104b4                VgaText::scrollScreen()
                0x00000000c0010548                VgaText::combineCharAndColour(char, unsigned char)
                0x00000000c001055a                VgaText::writeCharacter(char, VgaColour, VgaColour, int, int)
                0x00000000c00105ba                VgaText::getCursorX()
                0x00000000c00105c6                VgaText::getCursorY()
                0x00000000c00105d2                VgaText::setCursor(int, int)
                0x00000000c00105f0                VgaText::setCursorX(int)
                0x00000000c001060c                VgaText::setCursorY(int)
                0x00000000c0010628                VgaText::incrementCursor(bool)
                0x00000000c0010690                VgaText::updateRAMUsageDisplay(int)
                0x00000000c00106f4                VgaText::updateDiskUsage()
                0x00000000c001085e                VgaText::updateTitle()
                0x00000000c00108a4                VgaText::setTitleTextColour(VgaColour)
                0x00000000c00108b4                VgaText::setTitleColour(VgaColour)
                0x00000000c00108c4                VgaText::setTitle(char*)
                0x00000000c00108ea                VgaText::decrementCursor(bool)
                0x00000000c0010912                VgaText::putchar(char, VgaColour, VgaColour)
                0x00000000c0010a0e                VgaText::isShowingCursor()
                0x00000000c0010a1a                VgaText::isBlinkDisabled()
                0x00000000c0010a28                VgaText::setCursorHeight(int)
                0x00000000c0010a46                VgaText::getCursorHeight()
                0x00000000c0010a51                setActiveTerminal(VgaText*)
                0x00000000c0010b03                doTerminalCycle()
                0x00000000c0010b20                VgaText::doUpdate()
                0x00000000c0010b32                VgaText::puts(char const*, VgaColour, VgaColour)
                0x00000000c0010cf2                VgaText::clearScreen()
                0x00000000c0010d56                VgaText::putchar(char)
                0x00000000c0010e70                VgaText::puts(char const*)
                0x00000000c0010e96                VgaText::putx(unsigned int)
                0x00000000c0010edc                VgaText::VgaText(char const*)
                0x00000000c0010edc                VgaText::VgaText(char const*)
                0x00000000c001106e                VgaText::receiveKey(unsigned char)
                0x00000000c0011156                VgaText::write(unsigned long long, void*, int*)
                0x00000000c00111aa                newTerminal(char*)
 *fill*         0x00000000c00111cf        0x1 
 .text          0x00000000c00111d0      0x1b3 core/tss.32
                0x00000000c00111d0                TSS::TSS()
                0x00000000c00111d0                TSS::TSS()
                0x00000000c00111de                TSS::setESP(unsigned long)
                0x00000000c00111f0                TSS::flush()
                0x00000000c0011210                TSS::setup(unsigned long, unsigned long)
 *fill*         0x00000000c0011383        0x1 
 .text          0x00000000c0011384      0x4c2 core/unixfile.32
                0x00000000c0011384                ReservedFilename::read(unsigned long long, void*, int*)
                0x00000000c00113da                ReservedFilename::isAtty()
                0x00000000c00113f6                ReservedFilename::write(unsigned long long, void*, int*)
                0x00000000c0011454                UnixFile::getFileDescriptor()
                0x00000000c001145c                UnixFile::UnixFile(int)
                0x00000000c001145c                UnixFile::UnixFile(int)
                0x00000000c001160c                ReservedFilename::ReservedFilename(int)
                0x00000000c001160c                ReservedFilename::ReservedFilename(int)
                0x00000000c001163e                UnixFile::~UnixFile()
                0x00000000c001163e                UnixFile::~UnixFile()
                0x00000000c00116d6                UnixFile::~UnixFile()
                0x00000000c00116fe                ReservedFilename::~ReservedFilename()
                0x00000000c00116fe                ReservedFilename::~ReservedFilename()
                0x00000000c0011722                ReservedFilename::~ReservedFilename()
                0x00000000c0011749                getFromFileDescriptor(int)
 .text          0x00000000c0011846      0xee3 core/virtmgr.32
                0x00000000c0011846                Virt::setPageState(unsigned long, Virt::VirtPageState)
                0x00000000c001187b                Virt::getPageState(unsigned long)
                0x00000000c001189f                Virt::allocateKernelVirtualPages(int)
                0x00000000c00119b0                Virt::virtualMemorySetup()
                0x00000000c0011a2f                Virt::getAKernelVAS()
                0x00000000c0011a35                Virt::setupPageSwapping(int)
                0x00000000c0011b64                VAS::VAS()
                0x00000000c0011b64                VAS::VAS()
                0x00000000c0011b94                VAS::VAS(VAS*)
                0x00000000c0011b94                VAS::VAS(VAS*)
                0x00000000c0011bb8                VAS::getForeignPageTableEntry(bool, unsigned long)
                0x00000000c0011be4                VAS::getPageTableEntry(unsigned long)
                0x00000000c0011c03                Virt::freeKernelVirtualPages(unsigned long)
                0x00000000c0011d26                VAS::freeAllocatedPages(unsigned long)
                0x00000000c0011d4a                VAS::virtualToPhysical(unsigned long)
                0x00000000c0011d62                VAS::reflagRange(unsigned long, int, int, int)
                0x00000000c0011da2                VAS::setToWriteCombining(unsigned long, int)
                0x00000000c0011dd4                VAS::mapOtherVASIn(bool, VAS*)
                0x00000000c0011dfe                VAS::~VAS()
                0x00000000c0011dfe                VAS::~VAS()
                0x00000000c0011f6a                VAS::mapPage(unsigned long, unsigned long, int)
                0x00000000c001206a                VAS::allocatePages(int, int)
                0x00000000c0012242                VAS::setCPUSpecific(unsigned long)
                0x00000000c001225e                VAS::mapRange(unsigned long, unsigned long, int, int)
                0x00000000c0012324                VAS::mapForeignPage(bool, VAS*, unsigned long, unsigned long, int)
                0x00000000c0012412                VAS::VAS(bool)
                0x00000000c0012412                VAS::VAS(bool)
                0x00000000c001266d                mapVASFirstTime
 .text          0x00000000c0012729       0x95 coreobjs/c++.32
                0x00000000c0012729                __cxa_atexit
                0x00000000c001272c                __cxa_finalize
                0x00000000c001272d                __stack_chk_fail
                0x00000000c0012799                __cxa_pure_virtual
                0x00000000c00127aa                operator new[](unsigned long)
                0x00000000c00127af                operator delete(void*, unsigned long)
                0x00000000c00127b4                operator delete[](void*)
                0x00000000c00127b9                operator delete[](void*, unsigned long)
 .text          0x00000000c00127be      0x1ef dbg/kconsole.32
                0x00000000c00127be                Dbg::stringifyxWithBase(unsigned int, char*, int)
                0x00000000c001281f                Dbg::logc(char)
                0x00000000c0012836                Dbg::logs(char*)
                0x00000000c0012853                Dbg::logWriteInt(unsigned int)
                0x00000000c0012870                Dbg::logWriteIntBase(unsigned int, int)
                0x00000000c001288f                Dbg::kprintf(char const*, ...)
 *fill*         0x00000000c00129ad        0x1 
 .text          0x00000000c00129ae      0xb7c fs/vfs.32
                0x00000000c00129ae                File::read(unsigned long long, void*, int*)
                0x00000000c0012a06                File::write(unsigned long long, void*, int*)
                0x00000000c0012a5e                Directory::read(unsigned long long, void*, int*)
                0x00000000c0012ab6                Directory::write(unsigned long long, void*, int*)
                0x00000000c0012ae4                File::isAtty()
                0x00000000c0012ae8                Directory::isAtty()
                0x00000000c0012aec                Filesystem::getlabel(LogicalDisk*, int, char*, unsigned int*)
                0x00000000c0012af2                Filesystem::setlabel(LogicalDisk*, int, char*)
                0x00000000c0012af8                File::~File()
                0x00000000c0012af8                File::~File()
                0x00000000c0012b1c                File::~File()
                0x00000000c0012b46                Directory::~Directory()
                0x00000000c0012b46                Directory::~Directory()
                0x00000000c0012b6a                Directory::~Directory()
                0x00000000c0012b94                Filesystem::Filesystem()
                0x00000000c0012b94                Filesystem::Filesystem()
                0x00000000c0012bb8                Filesystem::~Filesystem()
                0x00000000c0012bb8                Filesystem::~Filesystem()
                0x00000000c0012bc6                Filesystem::~Filesystem()
                0x00000000c0012bea                Fs::getcwd(Process*, char*, int)
                0x00000000c0012c14                Fs::initVFS()
                0x00000000c0012c3e                Fs::standardiseFiles(char*, char const*, char const*)
                0x00000000c0012de8                File::File(char const*, Process*)
                0x00000000c0012de8                File::File(char const*, Process*)
                0x00000000c0012e4c                File::open(FileOpenMode)
                0x00000000c0012eaa                File::close()
                0x00000000c0012f0a                File::seek(unsigned long long)
                0x00000000c0012f60                File::tell(unsigned long long*)
                0x00000000c0012fb0                File::rewind()
                0x00000000c0012fc4                File::unlink()
                0x00000000c0013010                File::rename(char const*)
                0x00000000c001305e                File::chfatattr(unsigned char, unsigned char)
                0x00000000c00130ba                File::exists()
                0x00000000c00130f8                File::stat(unsigned long long*, bool*)
                0x00000000c0013159                Fs::setcwd(Process*, char*)
                0x00000000c0013294                Directory::Directory(char const*, Process*)
                0x00000000c0013294                Directory::Directory(char const*, Process*)
                0x00000000c00132f8                Directory::open()
                0x00000000c0013354                Directory::close()
                0x00000000c00133b4                Directory::unlink()
                0x00000000c0013400                Directory::rename(char const*)
                0x00000000c001344e                Directory::exists()
                0x00000000c001348c                Directory::read(dirent*)
                0x00000000c00134d8                Directory::create()
                0x00000000c0013524                Filesystem::chfatattr(char const*, unsigned char, unsigned char)
 .text          0x00000000c001352a       0x84 hal/bus.32
                0x00000000c001352a                Bus::Bus(char const*)
                0x00000000c001352a                Bus::Bus(char const*)
                0x00000000c0013560                Bus::~Bus()
                0x00000000c0013560                Bus::~Bus()
                0x00000000c0013584                Bus::~Bus()
 .text          0x00000000c00135ae      0x14e hal/buzzer.32
                0x00000000c00135ae                Buzzer::Buzzer(char const*)
                0x00000000c00135ae                Buzzer::Buzzer(char const*)
                0x00000000c00135f2                Buzzer::~Buzzer()
                0x00000000c00135f2                Buzzer::~Buzzer()
                0x00000000c0013616                Buzzer::~Buzzer()
                0x00000000c0013640                Buzzer::stop()
                0x00000000c0013653                beepThread(void*)
                0x00000000c001368e                Buzzer::beep(int, int, bool)
 .text          0x00000000c00136fc      0x467 hal/clock.32
                0x00000000c00136fc                User::loadClockSettings(int)
                0x00000000c001374e                Clock::Clock(char const*)
                0x00000000c001374e                Clock::Clock(char const*)
                0x00000000c0013784                Clock::~Clock()
                0x00000000c0013784                Clock::~Clock()
                0x00000000c00137a8                Clock::~Clock()
                0x00000000c00137d2                Clock::timeInSecondsLocal()
                0x00000000c001381a                Clock::setTimeInSecondsLocal(unsigned long long)
                0x00000000c0013873                datetimeToSeconds(datetime_t)
                0x00000000c001399a                Clock::setTimeInDatetimeLocal(datetime_t)
                0x00000000c00139fa                secondsToDatetime(unsigned long long)
                0x00000000c0013b3e                Clock::timeInDatetimeLocal()
 *fill*         0x00000000c0013b63        0x1 
 .text          0x00000000c0013b64      0x4de hal/device.32
                0x00000000c0013b64                Device::hibernate()
                0x00000000c0013b66                Device::wake()
                0x00000000c0013b68                Device::detect()
                0x00000000c0013b6a                Device::disableLegacy()
                0x00000000c0013b6c                Device::powerSaving(PowerSavingLevel)
                0x00000000c0013b6e                DriverlessDevice::close(int, int, void*)
                0x00000000c0013b72                DriverlessDevice::detect()
                0x00000000c0013b74                DriverlessDevice::open(int, int, void*)
                0x00000000c0013b88                Device::~Device()
                0x00000000c0013b88                Device::~Device()
                0x00000000c0013b96                Device::~Device()
                0x00000000c0013bbe                Device::findAndLoadDriver()
                0x00000000c0013bc0                Device::preOpenPCI(PCIDeviceInfo)
                0x00000000c0013be6                Device::preOpenACPI(void*, char*, char*)
                0x00000000c0013c3a                Device::addIRQHandler(int, void (*)(regs*, void*), bool, void*)
                0x00000000c0013c78                Device::removeIRQHandler(int, void (*)(regs*, void*), bool)
                0x00000000c0013cb6                Device::addChild(Device*)
                0x00000000c0013cfa                Device::removeAllChildren()
                0x00000000c0013d40                Device::hibernateAll()
                0x00000000c0013d70                Device::wakeAll()
                0x00000000c0013da0                Device::detectAll()
                0x00000000c0013dd0                Device::disableLegacyAll()
                0x00000000c0013e00                Device::loadDriversForAll()
                0x00000000c0013e2c                Device::closeAll()
                0x00000000c0013e62                Device::powerSavingAll(PowerSavingLevel)
                0x00000000c0013e98                Device::setName(char const*)
                0x00000000c0013ea6                Device::Device(char const*)
                0x00000000c0013ea6                Device::Device(char const*)
                0x00000000c0013fa2                Device::getName()
                0x00000000c0013fac                DriverlessDevice::DriverlessDevice(char const*)
                0x00000000c0013fac                DriverlessDevice::DriverlessDevice(char const*)
                0x00000000c0013fd4                Device::addToLinkedList(LinkedList<Device>&, DeviceType)
                0x00000000c0014018                getDevicesOfType(DeviceType)
 .text          0x00000000c0014042       0x84 hal/diskctrl.32
                0x00000000c0014042                HardDiskController::HardDiskController(char const*)
                0x00000000c0014042                HardDiskController::HardDiskController(char const*)
                0x00000000c0014078                HardDiskController::~HardDiskController()
                0x00000000c0014078                HardDiskController::~HardDiskController()
                0x00000000c001409c                HardDiskController::~HardDiskController()
 .text          0x00000000c00140c6       0xde hal/diskphys.32
                0x00000000c00140c6                PhysicalDisk::PhysicalDisk(char const*, int)
                0x00000000c00140c6                PhysicalDisk::PhysicalDisk(char const*, int)
                0x00000000c001412e                PhysicalDisk::startCache()
                0x00000000c0014156                PhysicalDisk::~PhysicalDisk()
                0x00000000c0014156                PhysicalDisk::~PhysicalDisk()
                0x00000000c001417a                PhysicalDisk::~PhysicalDisk()
 .text          0x00000000c00141a4      0x13b hal/fpu.32
                0x00000000c00141a4                FPU::FPU(char const*)
                0x00000000c00141a4                FPU::FPU(char const*)
                0x00000000c00141da                FPU::~FPU()
                0x00000000c00141da                FPU::~FPU()
                0x00000000c00141fe                FPU::~FPU()
                0x00000000c0014228                setupFPU()
 *fill*         0x00000000c00142df        0x1 
 .text          0x00000000c00142e0     0x12b1 hal/intctrl.32
                0x00000000c00142e0                InterruptController::uninstallISRHandler(int, void (*)(regs*, void*))
                0x00000000c0014318                InterruptController::installISRHandler(int, void (*)(regs*, void*), void*)
                0x00000000c001436a                doubleFault(regs*, void*)
                0x00000000c0014384                InterruptController::installIRQHandler(int, void (*)(regs*, void*), bool, void*)
                0x00000000c0014420                InterruptController::clearAllHandlers(int, bool)
                0x00000000c00144c8                InterruptController::uninstallIRQHandler(int, void (*)(regs*, void*), bool)
                0x00000000c001454f                nmiHandler(regs*, void*)
                0x00000000c001455d                int_handler
                0x00000000c00145fe                InterruptController::InterruptController(char const*)
                0x00000000c00145fe                InterruptController::InterruptController(char const*)
                0x00000000c00146a4                InterruptController::~InterruptController()
                0x00000000c00146a4                InterruptController::~InterruptController()
                0x00000000c00146c8                InterruptController::~InterruptController()
                0x00000000c00146f2                displayDebugInfo(regs*)
                0x00000000c0014af7                x87EmulHandler(regs*, void*)
                0x00000000c0014b26                gpFault(regs*, void*)
                0x00000000c0014b5f                pgFault(regs*, void*)
                0x00000000c0014b76                otherISRHandler(regs*, void*)
                0x00000000c0014b95                opcodeFault(regs*, void*)
                0x00000000c0015154                displayProgramFault(char const*)
                0x00000000c001517c                setupInterruptController()
                0x00000000c0015544                InterruptController::convertLegacyIRQNumber(int)
 *fill*         0x00000000c0015591        0x1 
 .text          0x00000000c0015592      0x69a hal/keybrd.32
                0x00000000c0015592                startGUI(void*)
                0x00000000c00155ee                startGUIVESA(void*)
                0x00000000c001564a                sendKeyToTerminal(unsigned char)
                0x00000000c00156b6                sendKeyboardToken(KeyboardToken)
                0x00000000c0015ac6                clearInternalKeybuffer(VgaText*)
                0x00000000c0015afb                readKeyboard(VgaText*, char*, unsigned long)
                0x00000000c0015ba2                Keyboard::Keyboard(char const*)
                0x00000000c0015ba2                Keyboard::Keyboard(char const*)
                0x00000000c0015bde                Keyboard::~Keyboard()
                0x00000000c0015bde                Keyboard::~Keyboard()
                0x00000000c0015c02                Keyboard::~Keyboard()
 .text          0x00000000c0015c2c      0x400 hal/logidisk.32
                0x00000000c0015c2c                LogicalDisk::close(int, int, void*)
                0x00000000c0015c30                LogicalDisk::~LogicalDisk()
                0x00000000c0015c30                LogicalDisk::~LogicalDisk()
                0x00000000c0015c54                LogicalDisk::~LogicalDisk()
                0x00000000c0015c7e                LogicalDisk::open(int, int, void*)
                0x00000000c0015c92                LogicalDisk::absoluteToRelative(unsigned long long)
                0x00000000c0015cca                LogicalDisk::relativeToAbsolute(unsigned long long)
                0x00000000c0015d10                LogicalDisk::LogicalDisk(char const*, PhysicalDisk*, unsigned long long, unsigned long long)
                0x00000000c0015d10                LogicalDisk::LogicalDisk(char const*, PhysicalDisk*, unsigned long long, unsigned long long)
                0x00000000c0015dc6                LogicalDisk::assignDriveLetter()
                0x00000000c0015e7c                LogicalDisk::mount()
                0x00000000c0015eee                LogicalDisk::unmount()
                0x00000000c0015efe                LogicalDisk::unassignDriveLetter()
                0x00000000c0015f54                LogicalDisk::read(unsigned long long, int, void*)
                0x00000000c0015fc0                LogicalDisk::write(unsigned long long, int, void*)
 .text          0x00000000c001602c       0x84 hal/mouse.32
                0x00000000c001602c                Mouse::Mouse(char const*)
                0x00000000c001602c                Mouse::Mouse(char const*)
                0x00000000c0016062                Mouse::~Mouse()
                0x00000000c0016062                Mouse::~Mouse()
                0x00000000c0016086                Mouse::~Mouse()
 .text          0x00000000c00160b0      0x339 hal/partition.32
                0x00000000c00160b0                makePartition(PhysicalDisk*, unsigned long long, unsigned long long)
                0x00000000c0016158                createPartitionsForDisk(PhysicalDisk*)
 *fill*         0x00000000c00163e9        0x1 
 .text          0x00000000c00163ea       0x84 hal/serial.32
                0x00000000c00163ea                Serial::Serial(char const*)
                0x00000000c00163ea                Serial::Serial(char const*)
                0x00000000c0016420                Serial::~Serial()
                0x00000000c0016420                Serial::~Serial()
                0x00000000c0016444                Serial::~Serial()
 .text          0x00000000c001646e      0x2b8 hal/timer.32
                0x00000000c001646e                Timer::Timer(char const*)
                0x00000000c001646e                Timer::Timer(char const*)
                0x00000000c00164a4                Timer::~Timer()
                0x00000000c00164a4                Timer::~Timer()
                0x00000000c00164c8                Timer::~Timer()
                0x00000000c00164f2                Timer::read()
                0x00000000c00164fd                timerHandler(unsigned long long)
                0x00000000c0016634                setupTimer(int)
 .text          0x00000000c0016726      0x2db hal/vcache.32
                0x00000000c0016726                VCache::VCache(PhysicalDisk*)
                0x00000000c0016726                VCache::VCache(PhysicalDisk*)
                0x00000000c0016820                VCache::writeWriteBuffer()
                0x00000000c001685c                VCache::~VCache()
                0x00000000c001685c                VCache::~VCache()
                0x00000000c001689c                VCache::~VCache()
                0x00000000c00168c4                VCache::write(unsigned long long, int, void*)
                0x00000000c00169a8                VCache::read(unsigned long long, int, void*)
 *fill*         0x00000000c0016a01        0x1 
 .text          0x00000000c0016a02      0x4cd hal/video.32
                0x00000000c0016a02                Video::putrect(int, int, int, int, unsigned int)
                0x00000000c0016a4e                Video::bitblit(int, int, int, int, int, int, int, unsigned int*)
                0x00000000c0016abe                Video::blit(unsigned int*, int, int, int, int)
                0x00000000c0016b3c                Video::clearScreen(unsigned int)
                0x00000000c0016b70                Video::putpixel(int, int, unsigned int)
                0x00000000c0016b7e                Video::Video(char const*)
                0x00000000c0016b7e                Video::Video(char const*)
                0x00000000c0016bb4                Video::~Video()
                0x00000000c0016bb4                Video::~Video()
                0x00000000c0016bd8                Video::~Video()
                0x00000000c0016c02                Video::isMonochrome()
                0x00000000c0016c0e                Video::getWidth()
                0x00000000c0016c1a                Video::getHeight()
                0x00000000c0016c26                Video::drawCursor(int, int, unsigned char*, int)
                0x00000000c0016ce2                Video::tgaParse(unsigned char*, int, int*, int*)
                0x00000000c0016e64                Video::putTGA(int, int, unsigned char*, int)
 *fill*         0x00000000c0016ecf        0x1 
 .text          0x00000000c0016ed0      0xe28 hw/acpi.32
                0x00000000c0016ed0                ACPI::close(int, int, void*)
                0x00000000c0016f85                findRSDP()
                0x00000000c001700f                loadACPITables(unsigned char*)
                0x00000000c0017236                findRSDT(unsigned char*)
                0x00000000c0017354                findDataTable(unsigned char*, char*)
                0x00000000c00173f0                scanMADT()
                0x00000000c0017876                ACPI::ACPI()
                0x00000000c0017876                ACPI::ACPI()
                0x00000000c00178d6                ACPI::getPCIIRQAssignment(unsigned char, unsigned short, unsigned char)
                0x00000000c00179b8                ACPI::registerPCIIRQAssignment(void*, unsigned short, unsigned char, unsigned char)
                0x00000000c0017abe                ACPI::setScreenBrightnessLevel(void*, int)
                0x00000000c0017ac4                ACPI::writeSimpleBootFlag(SimpleBootFlagTable*)
                0x00000000c0017b0c                ACPI::open(int, int, void*)
                0x00000000c0017ce0                ACPI::sleep()
 .text          0x00000000c0017cf8     0x1715 hw/cpu.32
                0x00000000c0017cf8                CPU::close(int, int, void*)
                0x00000000c0017cfc                CPU::lookupAMDName(unsigned char, unsigned char)
                0x00000000c0017e90                CPU::lookupIntelName(unsigned char, unsigned char)
                0x00000000c001813e                CPU::AMD_K6_write_msr(unsigned int, unsigned int, unsigned int, CPU::REGS*)
                0x00000000c001815a                CPU::AMD_K6_read_msr(unsigned int, CPU::REGS*)
                0x00000000c0018172                CPU::AMD_K6_writeback(int, int, int)
                0x00000000c00181e6                CPU::cpuid(int, unsigned long*, unsigned long*, unsigned long*, unsigned long*)
                0x00000000c001826a                CPU::cpuidCheckEDX(unsigned int)
                0x00000000c0018298                CPU::cpuidCheckECX(unsigned int)
                0x00000000c00182c6                CPU::cpuidCheckExtendedEBX(unsigned int)
                0x00000000c00182f4                CPU::cpuidCheckExtendedECX(unsigned int)
                0x00000000c0018322                CPU::CPU()
                0x00000000c0018322                CPU::CPU()
                0x00000000c00183b0                CPU::displayFeatures()
                0x00000000c001862c                CPU::detectFeatures()
                0x00000000c001901c                CPU::setupSMEP()
                0x00000000c0019028                CPU::setupUMIP()
                0x00000000c0019032                CPU::setupTSC()
                0x00000000c001903c                CPU::setupLargePages()
                0x00000000c0019046                CPU::setupPAT()
                0x00000000c0019082                CPU::setupMTRR()
                0x00000000c0019084                CPU::setupGlobalPages()
                0x00000000c001908e                CPU::allowUsermodeDataAccess()
                0x00000000c00190a0                CPU::prohibitUsermodeDataAccess()
                0x00000000c00190b2                CPU::setupSMAP()
                0x00000000c00190c0                CPU::setupFeatures()
                0x00000000c0019140                CPU::open(int, int, void*)
                0x00000000c0019212                CPU::decodeAddress(regs*, int*, bool*, unsigned char*)
 .text          0x00000000c001940d        0x0 hw/ports.32
 *fill*         0x00000000c001940d        0x1 
 .text          0x00000000c001940e      0x5d3 krnl/env.32
                0x00000000c001940e                EnvVarContainer::getEnv(char const*)
                0x00000000c001944c                EnvVarContainer::setEnv(char const*, char const*)
                0x00000000c0019518                EnvVarContainer::deleteEnv(char const*)
                0x00000000c001951a                EnvVarContainer::loadFrom(char const*, char const*)
                0x00000000c0019710                EnvVarContainer::__loadSystem()
                0x00000000c001972a                EnvVarContainer::__loadUser()
                0x00000000c001972c                EnvVarContainer::EnvVarContainer(Process*)
                0x00000000c001972c                EnvVarContainer::EnvVarContainer(Process*)
                0x00000000c001974e                EnvVarContainer::~EnvVarContainer()
                0x00000000c001974e                EnvVarContainer::~EnvVarContainer()
                0x00000000c001977e                Krnl::getEnv(Process*, char const*)
                0x00000000c00197e3                Krnl::setEnvSystem(char const*, char const*)
                0x00000000c00197fd                Krnl::setEnvUser(char const*, char const*)
                0x00000000c001981c                Krnl::setEnvProcess(Process*, char const*, char const*)
                0x00000000c001982f                Krnl::deleteEnvSystem(char const*)
                0x00000000c0019830                Krnl::deleteEnvUser(char const*)
                0x00000000c0019831                Krnl::deleteEnvProcess(Process*, char const*)
                0x00000000c0019832                Krnl::newProcessEnv(Process*)
                0x00000000c0019854                Krnl::copyProcessEnv(Process*, Process*)
                0x00000000c00198a8                Krnl::loadSystemEnv()
                0x00000000c00198d6                Krnl::loadUserEnv()
                0x00000000c00198fc                Krnl::flushEnv()
                0x00000000c00198fd                Krnl::getProcessTotalEnvCount(Process*)
                0x00000000c001991d                Krnl::getProcessEnvPair(Process*, int)
 .text          0x00000000c00199e1      0x32c krnl/panic.32
                0x00000000c00199e1                Krnl::panic(char const*)
 .text          0x00000000c0019d0d      0x3b6 net/ethernet.32
                0x00000000c0019d0d                Net::switchEndian16(unsigned short)
                0x00000000c0019d2e                Net::switchEndian32(unsigned int)
                0x00000000c0019d5d                Net::crc32Calc(unsigned char*, int)
                0x00000000c0019dee                Net::wrapEthernetFrame(Net::UnwrappedEthernetFrame, unsigned char*)
                0x00000000c0019f2a                Net::unwrapEthernetFrame(unsigned char*, int)
 .text          0x00000000c001a0c3      0x513 reg/registry.32
                0x00000000c001a0c3                Reg::findLineFromLoadedData(char*, char*, char*)
                0x00000000c001a21b                Reg::getLineFromRegistry(char*, char*, char*, char*)
                0x00000000c001a370                Reg::getLine(char*, char*, char*)
                0x00000000c001a3a7                Reg::readInt(char*, char*, int*)
                0x00000000c001a492                Reg::readString(char*, char*, char*, int)
                0x00000000c001a513                Reg::readBool(char*, char*, bool*)
                0x00000000c001a538                Reg::readBoolWithDefault(char*, char*, bool)
                0x00000000c001a564                Reg::readIntWithDefault(char*, char*, int)
                0x00000000c001a590                Reg::readStringWithDefault(char*, char*, char*, int, char*)
 .text          0x00000000c001a5d6       0x18 sys/sc_exit.32
                0x00000000c001a5d6                Sys::exit(regs*)
 .text          0x00000000c001a5ee       0x1f sys/sc_getcwd.32
                0x00000000c001a5ee                Sys::getCwd(regs*)
 .text          0x00000000c001a60d        0xc sys/sc_getpid.32
                0x00000000c001a60d                Sys::getPID(regs*)
 .text          0x00000000c001a619       0xa8 sys/sc_loaddll.32
                0x00000000c001a619                Sys::loadDLL(regs*)
 .text          0x00000000c001a6c1       0x68 sys/sc_read.32
                0x00000000c001a6c1                Sys::read(regs*)
 .text          0x00000000c001a729       0x55 sys/sc_sbrk.32
                0x00000000c001a729                Sys::sbrk(regs*)
 .text          0x00000000c001a77e       0x1c sys/sc_setcwd.32
                0x00000000c001a77e                Sys::setCwd(regs*)
 .text          0x00000000c001a79a      0x128 sys/sc_settime.32
                0x00000000c001a79a                Sys::setTime(regs*)
 .text          0x00000000c001a8c2       0x4a sys/sc_timezone.32
                0x00000000c001a8c2                Sys::timezone(regs*)
 .text          0x00000000c001a90c       0x68 sys/sc_write.32
                0x00000000c001a90c                Sys::write(regs*)
 .text          0x00000000c001a974       0x3b sys/sc_yield.32
                0x00000000c001a974                Sys::yield(regs*)
 .text          0x00000000c001a9af     0x101e sys/syscalls.32
                0x00000000c001a9af                sysCallSeekDir(regs*)
                0x00000000c001a9b4                sysCallTellDir(regs*)
                0x00000000c001a9b9                sysCallVerify(regs*)
                0x00000000c001a9c3                sysCallGetArgc(regs*)
                0x00000000c001a9d3                sysFormatDisk(regs*)
                0x00000000c001aa3d                sysSetDiskVolumeLabel(regs*)
                0x00000000c001aa83                sysGetDiskVolumeLabel(regs*)
                0x00000000c001aad4                sysShutdown(regs*)
                0x00000000c001ab32                sysCallRealpath(regs*)
                0x00000000c001ab75                sysCallReadDir(regs*)
                0x00000000c001ac03                sysCallIsATTY(regs*)
                0x00000000c001ac5d                sysCallSeek(regs*)
                0x00000000c001acc6                sysCallTell(regs*)
                0x00000000c001ad43                sysCallSize(regs*)
                0x00000000c001adc6                sysCallSizeFromFilename(regs*)
                0x00000000c001ae86                sysCallClose(regs*)
                0x00000000c001af0e                sysCallOpenDir(regs*)
                0x00000000c001af83                sysCallCloseDir(regs*)
                0x00000000c001afe9                sysCallMakeDir(regs*)
                0x00000000c001b059                sysCallWait(regs*)
                0x00000000c001b073                sysCallNotImpl(regs*)
                0x00000000c001b08e                sysPanic(regs*)
                0x00000000c001b0b4                sysCallRmdir(regs*)
                0x00000000c001b118                sysCallUnlink(regs*)
                0x00000000c001b17c                sysCallGetArgv(regs*)
                0x00000000c001b1c8                sysCallTTYName(regs*)
                0x00000000c001b24b                sysCallUSleep(regs*)
                0x00000000c001b272                sysCallSpawn(regs*)
                0x00000000c001b2ca                sysCallGetEnv(regs*)
                0x00000000c001b377                sysAppSettings(regs*)
                0x00000000c001b496                sysSetFatAttrib(regs*)
                0x00000000c001b508                sysPipe(regs*)
                0x00000000c001b54d                sysGetUnixTime(regs*)
                0x00000000c001b561                string_ends_with(char const*, char const*)
                0x00000000c001b5a9                sysCallOpen(regs*)
                0x00000000c001b7be                Sys::loadSyscalls()
                0x00000000c001b98b                Sys::systemCall(regs*, void*)
 .text          0x00000000c001b9cd     0x1189 thr/elf.32
                0x00000000c001b9cd                Thr::allocateMemoryForTask(Process*, File*, unsigned long, unsigned long, unsigned long)
                0x00000000c001bc4a                Thr::loadProgramIntoMemory(Process*, char const*)
                0x00000000c001be60                Thr::runtimeReferenceHelper()
                0x00000000c001be73                Thr::getAddressOfKernelSymbol(char const*)
                0x00000000c001bec2                Thr::loadKernelSymbolTable(char const*)
                0x00000000c001c17e                Thr::loadDriverIntoMemory(char const*, unsigned long, bool)
                0x00000000c001c89a                Thr::getDriverBaseFromAddress(unsigned long)
                0x00000000c001c8cc                Thr::getDriverNameFromAddress(unsigned long)
                0x00000000c001c903                Thr::getDriverOffsetFromAddress(unsigned long)
                0x00000000c001c91d                Thr::loadDLL(char const*, bool)
                0x00000000c001cb2c                Thr::executeDLL(unsigned long, void*)
 .text          0x00000000c001cb56     0x1056 thr/prcssthr.32
                0x00000000c001cb56                changeTSS
                0x00000000c001cb86                Process::addArgs(char**)
                0x00000000c001cbe0                Process::Process(char const*, Process*, char**)
                0x00000000c001cbe0                Process::Process(char const*, Process*, char**)
                0x00000000c001cdc4                Process::Process(bool, char const*, Process*, char**)
                0x00000000c001cdc4                Process::Process(bool, char const*, Process*, char**)
                0x00000000c001cf73                disableIRQs()
                0x00000000c001cf7b                getIRQNestingLevel()
                0x00000000c001cf81                enableIRQs()
                0x00000000c001cf90                lockScheduler()
                0x00000000c001cf92                unlockScheduler()
                0x00000000c001cf94                userModeEntryPoint(void*)
                0x00000000c001cfb7                lockStuff()
                0x00000000c001cfc3                taskStartupFunction
                0x00000000c001cfcc                updateTimeUsed()
                0x00000000c001d031                switchToThread(ThreadControlBlock*)
                0x00000000c001d082                Semaphore::Semaphore(int)
                0x00000000c001d082                Semaphore::Semaphore(int)
                0x00000000c001d0b0                Mutex::Mutex()
                0x00000000c001d0b0                Mutex::Mutex()
                0x00000000c001d0c2                Process::createThread(void (*)(void*), void*, int)
                0x00000000c001d1a6                Process::createUserThread()
                0x00000000c001d1c2                setupMultitasking(void (*)())
                0x00000000c001d2cc                schedule()
                0x00000000c001d351                unlockStuff()
                0x00000000c001d386                Semaphore::tryAcquire()
                0x00000000c001d3b4                Semaphore::assertLocked(char const*)
                0x00000000c001d3e4                blockTaskWithSchedulerLockAlreadyHeld(TaskState)
                0x00000000c001d426                blockTask(TaskState)
                0x00000000c001d447                waitTask(int, int*, int)
                0x00000000c001d489                nanoSleepUntil(unsigned long long)
                0x00000000c001d4e0                nanoSleep(unsigned long long)
                0x00000000c001d4f5                sleep(unsigned long long)
                0x00000000c001d512                Semaphore::acquire()
                0x00000000c001d57a                taskReturned
                0x00000000c001d5a8                unblockTask(ThreadControlBlock*)
                0x00000000c001d657                cleanupTerminatedTask(ThreadControlBlock*)
                0x00000000c001d920                cleanerTaskFunction(void*)
                0x00000000c001d9d3                terminateTask(int)
                0x00000000c001dab3                Thr::terminateFromIRQ(int)
                0x00000000c001dac0                Semaphore::release()
 .text          0x00000000c001dbac      0xc26 vm86/vm8086.32
                0x00000000c001dbac                Vm::inbv(unsigned short)
                0x00000000c001dbbf                Vm::outbv(unsigned short, unsigned char)
                0x00000000c001dc12                Vm::realToLinear(unsigned short, unsigned short)
                0x00000000c001dc22                Vm::getSegment(unsigned int)
                0x00000000c001dc2a                Vm::getOffset(unsigned int)
                0x00000000c001dc2f                Vm::mainloop2()
                0x00000000c001dc6a                Vm::mainVm8086Loop(void*)
                0x00000000c001dc77                Vm::mainloop3(unsigned long)
                0x00000000c001dca1                Vm::initialise8086()
                0x00000000c001dce4                Vm::finish8086()
                0x00000000c001dd29                Vm::getOutput8086(unsigned char*)
                0x00000000c001dd53                Vm::start8086(char const*, unsigned short, unsigned short, unsigned short, unsigned short)
                0x00000000c001dea3                Vm::doISR(regs*, int, unsigned char*, unsigned short, unsigned short)
                0x00000000c001df2d                Vm::readByteFromReal(unsigned short, unsigned short)
                0x00000000c001df3e                Vm::readWordFromReal(unsigned short, unsigned short)
                0x00000000c001df50                Vm::readDwordFromReal(unsigned short, unsigned short)
                0x00000000c001df61                Vm::writeByteFromReal(unsigned short, unsigned short, unsigned char)
                0x00000000c001df76                Vm::writeWordFromReal(unsigned short, unsigned short, unsigned short)
                0x00000000c001df8c                Vm::writeDwordFromReal(unsigned short, unsigned short, unsigned int)
                0x00000000c001dfa1                Vm::faultHandler(regs*)
 .text          0x00000000c001e7d2      0xefd vm86/x87em.32
                0x00000000c001e7d2                Vm::fpuInternalTo32(unsigned long long)
                0x00000000c001e82d                Vm::fpuInternalTo64(unsigned long long)
                0x00000000c001e836                Vm::fpu32ToInternal(unsigned int)
                0x00000000c001e87b                Vm::fpu64ToInternal(unsigned long long)
                0x00000000c001e884                Vm::fpuFloatToLong(unsigned long long)
                0x00000000c001e8df                Vm::fpuULongToFloat(unsigned long long)
                0x00000000c001e915                Vm::fpuLongToFloat(long long)
                0x00000000c001e96b                Vm::fpuGet0()
                0x00000000c001e970                Vm::fpuGet1()
                0x00000000c001e978                Vm::fpuGetPi()
                0x00000000c001e980                Vm::fpuGetLog2E()
                0x00000000c001e998                Vm::fpuGetLogE2()
                0x00000000c001e9b0                Vm::fpuGetLog210()
                0x00000000c001e9c8                Vm::fpuGetLog102()
                0x00000000c001e9e0                Vm::fpuIsSecondLarger(unsigned long long, unsigned long long)
                0x00000000c001e9f4                Vm::fpuAreEqual(unsigned long long, unsigned long long)
                0x00000000c001ea0a                Vm::fpuUnorderedCompare(unsigned long long, unsigned long long)
                0x00000000c001ea5d                Vm::fpuAdd(unsigned long long, unsigned long long)
                0x00000000c001ea6e                Vm::fpuAbs(unsigned long long)
                0x00000000c001ea77                Vm::fpuChs(unsigned long long)
                0x00000000c001ea87                Vm::fpuSub(unsigned long long, unsigned long long)
                0x00000000c001ea96                Vm::fpuMultiply(unsigned long long, unsigned long long)
                0x00000000c001eab5                Vm::fpuDivide(unsigned long long, unsigned long long)
                0x00000000c001ead1                Vm::fpuSquare(unsigned long long)
                0x00000000c001eae7                Vm::fpuGetReg(int)
                0x00000000c001eb2a                Vm::fpuSetReg(int, unsigned long long)
                0x00000000c001eb75                Vm::fpuPush(unsigned long long)
                0x00000000c001ebd2                Vm::fpuPop()
                0x00000000c001ec24                Vm::x87Handler(regs*)
 *fill*         0x00000000c001f6cf        0x1 
 .text          0x00000000c001f6d0     0x10ed fs/fat/vfslink.32
                0x00000000c001f6d0                FAT::getName()
                0x00000000c001f6d6                FAT::tell(void*, unsigned long long*)
                0x00000000c001f70a                FAT::stat(void*, unsigned long long*)
                0x00000000c001f73e                FAT::~FAT()
                0x00000000c001f73e                FAT::~FAT()
                0x00000000c001f762                FAT::~FAT()
                0x00000000c001f78a                FAT::getlabel(LogicalDisk*, int, char*, unsigned int*)
                0x00000000c001f828                FAT::setlabel(LogicalDisk*, int, char*)
                0x00000000c001f8e2                FAT::format(LogicalDisk*, int, char const*, int)
                0x00000000c001fac6                FAT::tryMount(LogicalDisk*, int)
                0x00000000c001fccc                FAT::readDir(void*, unsigned long, void*, int*)
                0x00000000c001fdd2                FAT::read(void*, unsigned long, void*, int*)
                0x00000000c001fe2c                FAT::write(void*, unsigned long, void*, int*)
                0x00000000c001fe86                FAT::close(void*)
                0x00000000c001fed2                FAT::closeDir(void*)
                0x00000000c001ff1e                FAT::seek(void*, unsigned long long)
                0x00000000c001ff72                fatWrapperReadDisk
                0x00000000c001ffb9                fatWrapperWriteDisk
                0x00000000c0020000                fatWrapperIoctl
                0x00000000c0020104                FAT::FAT()
                0x00000000c0020104                FAT::FAT()
                0x00000000c0020156                FAT::fixFilepath(char*)
                0x00000000c002018e                FAT::open(char const*, void**, FileOpenMode)
                0x00000000c00202b6                FAT::openDir(char const*, void**)
                0x00000000c002035c                FAT::stat(char const*, unsigned long long*, bool*)
                0x00000000c0020446                FAT::unlink(char const*)
                0x00000000c00204c0                FAT::chfatattr(char const*, unsigned char, unsigned char)
                0x00000000c0020614                FAT::rename(char const*, char const*)
                0x00000000c00206d8                FAT::mkdir(char const*)
                0x00000000c0020752                FAT::exists(char const*)
 *fill*         0x00000000c00207bd        0x1 
 .text          0x00000000c00207be      0xbc1 fs/iso9660/vfslink.32
                0x00000000c00207be                ISO9660::format(LogicalDisk*, int, char const*, int)
                0x00000000c00207c4                ISO9660::seek(void*, unsigned long long)
                0x00000000c00207f4                ISO9660::tell(void*, unsigned long long*)
                0x00000000c0020818                ISO9660::getName()
                0x00000000c002081e                ISO9660::stat(void*, unsigned long long*)
                0x00000000c0020842                ISO9660::chfatattr(char const*, unsigned char, unsigned char)
                0x00000000c0020848                ISO9660::unlink(char const*)
                0x00000000c002084e                ISO9660::write(void*, unsigned long, void*, int*)
                0x00000000c0020854                ISO9660::rename(char const*, char const*)
                0x00000000c002085a                ISO9660::mkdir(char const*)
                0x00000000c0020860                ISO9660::close(void*)
                0x00000000c0020882                ISO9660::closeDir(void*)
                0x00000000c00208a4                ISO9660::~ISO9660()
                0x00000000c00208a4                ISO9660::~ISO9660()
                0x00000000c00208c8                ISO9660::~ISO9660()
                0x00000000c00208ef                __memmem(unsigned char*, int, unsigned char*, int)
                0x00000000c0020931                readSectorFromCDROM(unsigned int, unsigned char*, char)
                0x00000000c0020998                ISO9660::tryMount(LogicalDisk*, int)
                0x00000000c00209e8                ISO9660::read(void*, unsigned long, void*, int*)
                0x00000000c0020be8                ISO9660::readDir(void*, unsigned long, void*, int*)
                0x00000000c0020e75                readRoot(unsigned int*, unsigned int*, char)
                0x00000000c0020eca                readRecursively(char*, unsigned int, unsigned int, unsigned int*, unsigned int*, char, int*)
                0x00000000c002109d                getFileData(char*, unsigned int*, unsigned int*, char, int*)
                0x00000000c002112c                ISO9660::open(char const*, void**, FileOpenMode)
                0x00000000c00211ec                ISO9660::exists(char const*)
                0x00000000c0021210                ISO9660::stat(char const*, unsigned long long*, bool*)
                0x00000000c00212a4                ISO9660::openDir(char const*, void**)
                0x00000000c002135c                ISO9660::ISO9660()
                0x00000000c002135c                ISO9660::ISO9660()
 *fill*         0x00000000c002137f        0x1 
 .text          0x00000000c0021380      0x326 hal/sound/sndchannel.32
                0x00000000c0021380                SoundChannel::~SoundChannel()
                0x00000000c0021380                SoundChannel::~SoundChannel()
                0x00000000c002139c                SoundChannel::setSpeed(float)
                0x00000000c00213a8                SoundChannel::getSpeed()
                0x00000000c00213b0                SoundChannel::setVolume(int)
                0x00000000c00213cc                SoundChannel::getVolume()
                0x00000000c00213d4                SoundChannel::pause()
                0x00000000c00213de                SoundChannel::SoundChannel(int, int, int, int)
                0x00000000c00213de                SoundChannel::SoundChannel(int, int, int, int)
                0x00000000c0021534                SoundChannel::play()
                0x00000000c002153e                SoundChannel::paused()
                0x00000000c0021546                SoundChannel::getSampleRate()
                0x00000000c002154e                SoundChannel::getBits()
                0x00000000c0021556                SoundChannel::getBufferUsed()
                0x00000000c002155e                SoundChannel::getBufferSize()
                0x00000000c0021566                SoundChannel::unbuffer(float*, int, int)
                0x00000000c0021606                SoundChannel::buffer8(unsigned char*, int)
 .text          0x00000000c00216a6      0x3d5 hal/sound/sndhw.32
                0x00000000c00216a6                SoundDevice::SoundDevice(char const*)
                0x00000000c00216a6                SoundDevice::SoundDevice(char const*)
                0x00000000c0021712                SoundDevice::~SoundDevice()
                0x00000000c0021712                SoundDevice::~SoundDevice()
                0x00000000c002178c                SoundDevice::~SoundDevice()
                0x00000000c00217b6                SoundDevice::getFreeChannelNum()
                0x00000000c00217d0                SoundDevice::addChannel(SoundChannel*)
                0x00000000c0021840                SoundDevice::removeChannel(int)
                0x00000000c0021872                SoundDevice::floatTo8(float*, unsigned char*, int)
                0x00000000c002195a                SoundDevice::getAudio(int, float*, float*)
 .text          0x00000000c0021a7b        0x0 hw/bus/isa.32
 *fill*         0x00000000c0021a7b        0x1 
 .text          0x00000000c0021a7c      0x6c3 hw/bus/pci.32
                0x00000000c0021a7c                PCI::open(int, int, void*)
                0x00000000c0021a90                PCI::close(int, int, void*)
                0x00000000c0021a94                PCI::PCI()
                0x00000000c0021a94                PCI::PCI()
                0x00000000c0021b14                PCI::pciReadWord(unsigned char, unsigned char, unsigned char, unsigned char)
                0x00000000c0021b5c                PCI::getVendorID(unsigned char, unsigned char, unsigned char)
                0x00000000c0021b7e                PCI::getHeaderType(unsigned char, unsigned char, unsigned char)
                0x00000000c0021ba2                PCI::getClassCode(unsigned char, unsigned char, unsigned char)
                0x00000000c0021be6                PCI::getProgIF(unsigned char, unsigned char, unsigned char)
                0x00000000c0021c0a                PCI::getRevisionID(unsigned char, unsigned char, unsigned char)
                0x00000000c0021c2c                PCI::getInterruptNumber(unsigned char, unsigned char, unsigned char)
                0x00000000c0021c4e                PCI::getSecondaryBus(unsigned char, unsigned char, unsigned char)
                0x00000000c0021c72                PCI::getBARAddress(unsigned char, unsigned char, unsigned char, unsigned char)
                0x00000000c0021cd2                PCI::pciWriteWord(unsigned char, unsigned char, unsigned char, unsigned char, unsigned short)
                0x00000000c0021d3e                PCI::checkBus(unsigned char)
                0x00000000c0021d62                PCI::foundDevice(PCIDeviceInfo)
                0x00000000c0021ed4                PCI::getDeviceData(unsigned char, unsigned char, unsigned char)
                0x00000000c0022080                PCI::checkDevice(unsigned char, unsigned char)
                0x00000000c00220ec                PCI::detect()
 *fill*         0x00000000c002213f        0x1 
 .text          0x00000000c0022140      0xc70 hw/diskctrl/ide.32
                0x00000000c0022140                IDE::close(int, int, void*)
                0x00000000c0022144                IDE::IDE()
                0x00000000c0022144                IDE::IDE()
                0x00000000c0022178                IDE::prepareInterrupt(unsigned char)
                0x00000000c002218a                selectDrive(unsigned char, unsigned char)
                0x00000000c002218c                IDE::getBase(unsigned char)
                0x00000000c002219e                IDE::write(unsigned char, unsigned char, unsigned char)
                0x00000000c002225e                IDE::read(unsigned char, unsigned char)
                0x00000000c002230c                IDE::waitInterrupt(unsigned char)
                0x00000000c0022372                ideChannel0IRQHandler(regs*, void*)
                0x00000000c002238e                ideChannel1IRQHandler(regs*, void*)
                0x00000000c00223aa                IDE::enableIRQs(unsigned char, bool)
                0x00000000c00223f0                IDE::open(int, int, void*)
                0x00000000c0022800                IDE::readBuffer(unsigned char, unsigned char, unsigned int, unsigned int)
                0x00000000c00228cc                IDE::detect()
                0x00000000c0022bb4                IDE::printError(unsigned char, unsigned char, unsigned char)
                0x00000000c0022d4a                IDE::polling(unsigned char, unsigned int)
 .text          0x00000000c0022db0      0x37a hw/diskctrl/satabus.32
                0x00000000c0022db0                SATABus::close(int, int, void*)
                0x00000000c0022db4                SATABus::detect()
                0x00000000c0022db6                SATABus::SATABus()
                0x00000000c0022db6                SATABus::SATABus()
                0x00000000c0022e62                SATABus::findCmdslot(SATABus::tagHBA_PORT volatile*)
                0x00000000c0022eaa                SATABus::checkType(SATABus::tagHBA_PORT volatile*)
                0x00000000c0022ef2                SATABus::startCmd(SATABus::tagHBA_PORT volatile*)
                0x00000000c0022f12                SATABus::stopCmd(SATABus::tagHBA_PORT volatile*)
                0x00000000c0022f3c                SATABus::portRebase(SATABus::tagHBA_PORT volatile*, int)
                0x00000000c0023042                SATABus::probePort(SATABus::tagHBA_MEM volatile*)
                0x00000000c002310a                SATABus::open(int, int, void*)
 .text          0x00000000c002312a      0x62b hw/diskphys/ata.32
                0x00000000c002312a                ATA::close(int, int, void*)
                0x00000000c002314e                ATA::powerSaving(PowerSavingLevel)
                0x00000000c0023150                ATA::ATA()
                0x00000000c0023150                ATA::ATA()
                0x00000000c002317e                ATA::flush(bool)
                0x00000000c00231c8                ATA::readyForCommand()
                0x00000000c0023218                ATA::access(unsigned long long, int, void*, bool)
                0x00000000c0023596                ATA::read(unsigned long long, int, void*)
                0x00000000c00235fe                ATA::write(unsigned long long, int, void*)
                0x00000000c0023666                ATA::detectCHS()
                0x00000000c0023690                ATA::open(int, int, void*)
 *fill*         0x00000000c0023755        0x1 
 .text          0x00000000c0023756      0x5b3 hw/diskphys/atapi.32
                0x00000000c0023756                ATAPI::write(unsigned long long, int, void*)
                0x00000000c002375c                ATAPI::close(int, int, void*)
                0x00000000c0023780                ATAPI::ATAPI()
                0x00000000c0023780                ATAPI::ATAPI()
                0x00000000c00237ae                ATAPI::readyForCommand()
                0x00000000c00237fe                ATAPI::sendPacket(unsigned char*, int, bool, unsigned short*, int)
                0x00000000c0023abe                ATAPI::diskRemoved()
                0x00000000c0023ada                ATAPI::eject()
                0x00000000c0023b20                ATAPI::diskInserted()
                0x00000000c0023b4e                ATAPI::detectMedia()
                0x00000000c0023c0a                ATAPI::open(int, int, void*)
                0x00000000c0023c8a                ATAPI::read(unsigned long long, int, void*)
 *fill*         0x00000000c0023d09        0x1 
 .text          0x00000000c0023d0a      0x414 hw/diskphys/sata.32
                0x00000000c0023d0a                SATA::close(int, int, void*)
                0x00000000c0023d2e                SATA::powerSaving(PowerSavingLevel)
                0x00000000c0023d30                SATA::open(int, int, void*)
                0x00000000c0023d8c                SATA::SATA()
                0x00000000c0023d8c                SATA::SATA()
                0x00000000c0023dba                SATA::access(unsigned long long, int, void*, bool)
                0x00000000c002404e                SATA::read(unsigned long long, int, void*)
                0x00000000c00240b6                SATA::write(unsigned long long, int, void*)
 .text          0x00000000c002411e       0x8e hw/fpu/avx.32
                0x00000000c002411e                AVX::open(int, int, void*)
                0x00000000c0024130                AVX::close(int, int, void*)
                0x00000000c0024142                AVX::available()
                0x00000000c0024154                AVX::save(void*)
                0x00000000c002416c                AVX::load(void*)
                0x00000000c0024184                AVX::AVX()
                0x00000000c0024184                AVX::AVX()
 .text          0x00000000c00241ac       0x90 hw/fpu/mmx.32
                0x00000000c00241ac                MMX::available()
                0x00000000c00241c0                MMX::open(int, int, void*)
                0x00000000c00241d2                MMX::close(int, int, void*)
                0x00000000c00241e4                MMX::save(void*)
                0x00000000c00241fc                MMX::load(void*)
                0x00000000c0024214                MMX::MMX()
                0x00000000c0024214                MMX::MMX()
 .text          0x00000000c002423c       0x96 hw/fpu/sse.32
                0x00000000c002423c                SSE::open(int, int, void*)
                0x00000000c002424e                SSE::close(int, int, void*)
                0x00000000c0024260                SSE::available()
                0x00000000c002427a                SSE::save(void*)
                0x00000000c0024292                SSE::load(void*)
                0x00000000c00242aa                SSE::SSE()
                0x00000000c00242aa                SSE::SSE()
 .text          0x00000000c00242d2       0x8e hw/fpu/x87.32
                0x00000000c00242d2                x87::open(int, int, void*)
                0x00000000c00242e4                x87::close(int, int, void*)
                0x00000000c00242f6                x87::available()
                0x00000000c0024308                x87::save(void*)
                0x00000000c0024320                x87::load(void*)
                0x00000000c0024338                x87::x87()
                0x00000000c0024338                x87::x87()
 .text          0x00000000c0024360      0x71e hw/intctrl/apic.32
                0x00000000c0024360                APIC::disable()
                0x00000000c0024362                APIC::close(int, int, void*)
                0x00000000c0024384                IOAPIC::close(int, int, void*)
                0x00000000c002438a                APIC::io_wait()
                0x00000000c0024390                APIC::getBase()
                0x00000000c00243d2                APIC::eoi(unsigned char)
                0x00000000c0024400                APIC::open(int, int, void*)
                0x00000000c002454e                IOAPIC::IOAPIC()
                0x00000000c002454e                IOAPIC::IOAPIC()
                0x00000000c0024576                APIC::APIC()
                0x00000000c0024576                APIC::APIC()
                0x00000000c0024652                IOAPIC::handlesGSIWithNumber(unsigned int)
                0x00000000c0024684                IOAPIC::read(int)
                0x00000000c00246ac                IOAPIC::open(int, int, void*)
                0x00000000c00247a2                IOAPIC::write(int, int)
                0x00000000c00247ce                IOAPIC::redirect(unsigned char, unsigned long long, unsigned char, bool, bool)
                0x00000000c00248c8                APIC::installIRQHandler(int, void (*)(regs*, void*), bool, void*)
 .text          0x00000000c0024a7e      0x3d3 hw/intctrl/pic.32
                0x00000000c0024a7e                PIC::disable()
                0x00000000c0024aac                PIC::close(int, int, void*)
                0x00000000c0024ace                PIC::PIC()
                0x00000000c0024ace                PIC::PIC()
                0x00000000c0024ba4                PIC::ioWait()
                0x00000000c0024baa                PIC::getIRQReg(int)
                0x00000000c0024c14                PIC::eoi(unsigned char)
                0x00000000c0024ca6                PIC::remap()
                0x00000000c0024e12                PIC::open(int, int, void*)
 *fill*         0x00000000c0024e51        0x1 
 .text          0x00000000c0024e52      0x25e hw/timer/apictimer.32
                0x00000000c0024e52                APICTimer::close(int, int, void*)
                0x00000000c0024e58                apicTimerHandler(regs*, void*)
                0x00000000c0024e86                APICTimer::write(int)
                0x00000000c0024f8a                APICTimer::open(int, int, void*)
                0x00000000c0025088                APICTimer::APICTimer()
                0x00000000c0025088                APICTimer::APICTimer()
 .text          0x00000000c00250b0      0x1a7 hw/timer/pit.32
                0x00000000c00250b0                PIT::write(int)
                0x00000000c002512e                pitHandler(regs*, void*)
                0x00000000c002515a                PIT::open(int, int, void*)
                0x00000000c00251a8                PIT::close(int, int, void*)
                0x00000000c00251d8                PIT::PIT()
                0x00000000c00251d8                PIT::PIT()
 *fill*         0x00000000c0025257        0x9 
 .text          0x00000000c0025260       0x1e hw/fpu/x86/avx.32
                0x00000000c0025260                avxDetect
                0x00000000c0025266                avxSave
                0x00000000c0025267                avxLoad
                0x00000000c0025268                avxInit
                0x00000000c0025269                avxClose
                0x00000000c002526a                wouldSheSayYes
 *fill*         0x00000000c002527e        0x2 
 .text          0x00000000c0025280       0x35 hw/fpu/x86/sse.32
                0x00000000c0025280                absolutelyNoChanceInHell
                0x00000000c0025280                sseDetect
                0x00000000c0025298                sseSave
                0x00000000c002529e                sseLoad
                0x00000000c00252a4                sseInit
                0x00000000c00252b4                sseClose
 *fill*         0x00000000c00252b5        0xb 
 .text          0x00000000c00252c0       0x47 hw/fpu/x86/x87.32
                0x00000000c00252c6                x87Detect
                0x00000000c00252e1                x87Save
                0x00000000c00252e7                x87Load
                0x00000000c00252ec                x87Init
                0x00000000c0025306                x87Close
 *fill*         0x00000000c0025307        0x1 
 .text          0x00000000c0025308       0x25 /cygdrive/d/Users/Alex/Desktop/Toolchain/Output/bin/../lib/gcc/i386-banana/8.1.0/crtend.o
 .text          0x00000000c002532d        0x0 crtn.32
 *fill*         0x00000000c002532d        0x3 
 .text          0x00000000c0025330      0x14b /cygdrive/d/Users/Alex/Desktop/Toolchain/Output/bin/../lib/gcc/i386-banana/8.1.0/libkgcc.a(_divdi3.o)
                0x00000000c0025330                __divdi3
 *fill*         0x00000000c002547b        0x1 
 .text          0x00000000c002547c      0x17e /cygdrive/d/Users/Alex/Desktop/Toolchain/Output/bin/../lib/gcc/i386-banana/8.1.0/libkgcc.a(_moddi3.o)
                0x00000000c002547c                __moddi3
 *fill*         0x00000000c00255fa        0x2 
 .text          0x00000000c00255fc       0xff /cygdrive/d/Users/Alex/Desktop/Toolchain/Output/bin/../lib/gcc/i386-banana/8.1.0/libkgcc.a(_udivdi3.o)
                0x00000000c00255fc                __udivdi3
 *fill*         0x00000000c00256fb        0x1 
 .text          0x00000000c00256fc      0x11a /cygdrive/d/Users/Alex/Desktop/Toolchain/Output/bin/../lib/gcc/i386-banana/8.1.0/libkgcc.a(_umoddi3.o)
                0x00000000c00256fc                __umoddi3
 .text          0x00000000c0025816      0x96d D:/Users/Alex/Desktop/Banana/kernel/libsoftfp.a(sfieeelib.o)
                0x00000000c0025816                __addsf3
                0x00000000c0025b18                __subsf3
                0x00000000c0025b2c                __negsf2
                0x00000000c0025b39                __mulsf3
                0x00000000c0025cfc                __divsf3
                0x00000000c0025f27                __floatsisf
                0x00000000c0025f9b                __floatunsisf
                0x00000000c0025fdd                __fixsfsi
                0x00000000c002603f                __fixunssfsi
                0x00000000c0026070                __cmpsf2
                0x00000000c0026105                __eqsf2
                0x00000000c0026140                __nesf2
                0x00000000c0026142                __gtsf2
                0x00000000c002617d                __gesf2
                0x00000000c002617f                __ltsf2
                0x00000000c0026181                __lesf2
 .text          0x00000000c0026183      0xf50 D:/Users/Alex/Desktop/Banana/kernel/libsoftfp.a(dfieeelib.o)
                0x00000000c0026183                __adddf3
                0x00000000c00267d4                __subdf3
                0x00000000c00267ef                __negdf2
                0x00000000c0026800                __muldf3
                0x00000000c0026ae4                __divdf3
                0x00000000c0026e63                __floatsidf
                0x00000000c0026ebe                __floatunsidf
                0x00000000c0026efc                __fixdfsi
                0x00000000c0026f69                __fixunsdfsi
                0x00000000c0026fa5                __cmpdf2
                0x00000000c0027093                __eqdf2
                0x00000000c00270af                __nedf2
                0x00000000c00270b1                __gtdf2
                0x00000000c00270cd                __gedf2
                0x00000000c00270cf                __ltdf2
                0x00000000c00270d1                __ledf2
 .text          0x00000000c00270d3      0x18d D:/Users/Alex/Desktop/Banana/kernel/libsoftfp.a(sfdfcvt.o)
                0x00000000c00270d3                __truncdfsf2
                0x00000000c00271f7                __extendsfdf2
 .text          0x00000000c0027260       0x1e D:/Users/Alex/Desktop/Banana/kernel/libk/libm32.a(s_fabs.c.o)
                0x00000000c0027260                fabs
 *fill*         0x00000000c002727e        0x2 
 .text          0x00000000c0027280        0xc D:/Users/Alex/Desktop/Banana/kernel/libk/libm32.a(s_lrint.S.o)
                0x00000000c0027280                lrint
 .text          0x00000000c002728c        0xc D:/Users/Alex/Desktop/Banana/kernel/libk/libm32.a(s_lrintf.S.o)
                0x00000000c002728c                lrintf
 *(.gnu.linkonce.t*)

.iplt           0x00000000c0027298        0x0
 .iplt          0x00000000c0027298        0x0 D:/Users/Alex/Desktop/Banana/kernel/boot.32

.init           0x00000000c0027298        0xf
 .init          0x00000000c0027298        0x3 crti.32
                0x00000000c0027298                _init
 .init          0x00000000c002729b        0x5 /cygdrive/d/Users/Alex/Desktop/Toolchain/Output/bin/../lib/gcc/i386-banana/8.1.0/crtbegin.o