Archive member included to satisfy reference by file (symbol)

/cygdrive/d/Users/Alex/Desktop/Toolchain/Output/bin/../lib/gcc/i386-banana/8.1.0/libgcc.a(_divdi3.o)
                              fs/fat/ff.32 (__divdi3)
/cygdrive/d/Users/Alex/Desktop/Toolchain/Output/bin/../lib/gcc/i386-banana/8.1.0/libgcc.a(_moddi3.o)
                              thr/elf.32 (__moddi3)
/cygdrive/d/Users/Alex/Desktop/Toolchain/Output/bin/../lib/gcc/i386-banana/8.1.0/libgcc.a(_udivdi3.o)
                              fs/fat/ff.32 (__udivdi3)
/cygdrive/d/Users/Alex/Desktop/Toolchain/Output/bin/../lib/gcc/i386-banana/8.1.0/libgcc.a(_umoddi3.o)
                              core/pipe.32 (__umoddi3)
D:/Users/Alex/Desktop/Banana/kernel/libk/libm32.a(s_fabs.c.o)
                              hal/libresample/samplerate.32 (fabs)
D:/Users/Alex/Desktop/Banana/kernel/libk/libm32.a(s_lrint.S.o)
                              hal/libresample/samplerate.32 (lrint)
D:/Users/Alex/Desktop/Banana/kernel/libk/libm32.a(s_lrintf.S.o)
                              hal/sound/sndhw.32 (lrintf)

Discarded input sections

 .comment       0x0000000000000000       0x12 /cygdrive/d/Users/Alex/Desktop/Toolchain/Output/bin/../lib/gcc/i386-banana/8.1.0/crtbegin.o
 .comment       0x0000000000000000       0x12 acpica/utclib.32
 .comment       0x0000000000000000       0x12 core/malloc.32
 .comment       0x0000000000000000       0x12 libk/string.32
 .comment       0x0000000000000000       0x12 fs/fat/diskio.32
 .comment       0x0000000000000000       0x12 fs/fat/ff.32
 .comment       0x0000000000000000       0x12 fs/fat/ffsystem.32
 .comment       0x0000000000000000       0x12 fs/fat/ffunicode.32
 .comment       0x0000000000000000       0x12 hal/libresample/samplerate.32
 .comment       0x0000000000000000       0x12 hal/libresample/src_linear.32
 .comment       0x0000000000000000       0x12 hal/libresample/src_sinc.32
 .comment       0x0000000000000000       0x12 hal/libresample/src_zoh.32
 .group         0x0000000000000000       0x14 core/computer.32
 .group         0x0000000000000000        0xc core/computer.32
 .comment       0x0000000000000000       0x12 core/computer.32
 .comment       0x0000000000000000       0x12 core/gdt.32
 .group         0x0000000000000000        0xc core/idle.32
 .comment       0x0000000000000000       0x12 core/idle.32
 .comment       0x0000000000000000       0x12 core/idt.32
 .group         0x0000000000000000        0x8 core/kheap.32
 .group         0x0000000000000000        0x8 core/kheap.32
 .comment       0x0000000000000000       0x12 core/kheap.32
 .comment       0x0000000000000000       0x12 core/main.32
 .comment       0x0000000000000000       0x12 core/physmgr.32
 .group         0x0000000000000000        0xc core/pipe.32
 .comment       0x0000000000000000       0x12 core/pipe.32
 .group         0x0000000000000000        0xc core/terminal.32
 .comment       0x0000000000000000       0x12 core/terminal.32
 .group         0x0000000000000000        0x8 core/tss.32
 .text._ZN3CPU7readCR3Ev
                0x0000000000000000       0x12 core/tss.32
 .comment       0x0000000000000000       0x12 core/tss.32
 .group         0x0000000000000000        0x8 core/unixfile.32
 .group         0x0000000000000000        0xc core/unixfile.32
 .group         0x0000000000000000        0xc core/unixfile.32
 .group         0x0000000000000000        0x8 core/unixfile.32
 .group         0x0000000000000000        0xc core/unixfile.32
 .group         0x0000000000000000        0x8 core/unixfile.32
 .group         0x0000000000000000        0xc core/unixfile.32
 .group         0x0000000000000000        0xc core/unixfile.32
 .comment       0x0000000000000000       0x12 core/unixfile.32
 .group         0x0000000000000000        0x8 core/virtmgr.32
 .group         0x0000000000000000        0x8 core/virtmgr.32
 .text._ZN3CPU7readCR3Ev
                0x0000000000000000       0x12 core/virtmgr.32
 .text._ZN3CPU8writeCR3Em
                0x0000000000000000        0x9 core/virtmgr.32
 .comment       0x0000000000000000       0x12 core/virtmgr.32
 .comment       0x0000000000000000       0x12 coreobjs/c++.32
 .comment       0x0000000000000000       0x12 dbg/kconsole.32
 .group         0x0000000000000000        0xc fs/vfs.32
 .group         0x0000000000000000        0xc fs/vfs.32
 .group         0x0000000000000000        0xc fs/vfs.32
 .comment       0x0000000000000000       0x12 fs/vfs.32
 .group         0x0000000000000000        0xc hal/bus.32
 .comment       0x0000000000000000       0x12 hal/bus.32
 .group         0x0000000000000000        0xc hal/buzzer.32
 .comment       0x0000000000000000       0x12 hal/buzzer.32
 .group         0x0000000000000000        0xc hal/clock.32
 .comment       0x0000000000000000       0x12 hal/clock.32
 .group         0x0000000000000000       0x14 hal/device.32
 .group         0x0000000000000000        0xc hal/device.32
 .group         0x0000000000000000        0xc hal/device.32
[...]
Memory Configuration

Name             Origin             Length             Attributes
*default*        0x0000000000000000 0xffffffffffffffff

Linker script and memory map

LOAD D:/Users/Alex/Desktop/Banana/kernel/boot.32
LOAD crti.32
LOAD /cygdrive/d/Users/Alex/Desktop/Toolchain/Output/bin/../lib/gcc/i386-banana/8.1.0/crtbegin.o
LOAD D:/Users/Alex/Desktop/Banana/kernel/morenasm.32
LOAD acpica/utclib.32
LOAD core/malloc.32
LOAD libk/string.32
LOAD fs/fat/diskio.32
LOAD fs/fat/ff.32
LOAD fs/fat/ffsystem.32
LOAD fs/fat/ffunicode.32
LOAD hal/libresample/samplerate.32
LOAD hal/libresample/src_linear.32
LOAD hal/libresample/src_sinc.32
LOAD hal/libresample/src_zoh.32
LOAD core/computer.32
LOAD core/gdt.32
LOAD core/idle.32
LOAD core/idt.32
LOAD core/kheap.32
LOAD core/main.32
LOAD core/physmgr.32
LOAD core/pipe.32
LOAD core/terminal.32
LOAD core/tss.32
LOAD core/unixfile.32
LOAD core/virtmgr.32
LOAD coreobjs/c++.32
LOAD dbg/kconsole.32
LOAD fs/vfs.32
LOAD hal/bus.32
LOAD hal/buzzer.32
LOAD hal/clock.32
LOAD hal/device.32
LOAD hal/diskctrl.32
LOAD hal/diskphys.32
LOAD hal/fpu.32
LOAD hal/intctrl.32
LOAD hal/keybrd.32
LOAD hal/logidisk.32
LOAD hal/mouse.32
LOAD hal/partition.32
LOAD hal/timer.32
LOAD hal/vcache.32
LOAD hal/video.32
LOAD hw/acpi.32
LOAD hw/cpu.32
LOAD hw/ports.32
LOAD krnl/panic.32
LOAD reg/registry.32
LOAD sys/sc_exit.32
LOAD sys/sc_loaddll.32
LOAD sys/sc_read.32
LOAD sys/sc_sbrk.32
LOAD sys/sc_write.32
LOAD sys/sc_yield.32
LOAD sys/syscalls.32
LOAD thr/elf.32
LOAD thr/prcssthr.32
LOAD vm86/vm8086.32
LOAD fs/fat/vfslink.32
LOAD fs/iso9660/vfslink.32
LOAD hal/sound/sndchannel.32
LOAD hal/sound/sndhw.32
LOAD hw/bus/isa.32
LOAD hw/bus/pci.32
LOAD hw/diskctrl/ide.32
LOAD hw/diskphys/ata.32
LOAD hw/diskphys/atapi.32
LOAD hw/fpu/avx.32
LOAD hw/fpu/mmx.32
LOAD hw/fpu/sse.32
LOAD hw/fpu/x87.32
LOAD hw/intctrl/apic.32
LOAD hw/intctrl/pic.32
LOAD hw/timer/apictimer.32
LOAD hw/timer/pit.32
LOAD hw/fpu/x86/avx.32
LOAD hw/fpu/x86/sse.32
LOAD hw/fpu/x86/x87.32
LOAD /cygdrive/d/Users/Alex/Desktop/Toolchain/Output/bin/../lib/gcc/i386-banana/8.1.0/crtend.o
LOAD crtn.32
LOAD /cygdrive/d/Users/Alex/Desktop/Toolchain/Output/bin/../lib/gcc/i386-banana/8.1.0/libgcc.a
LOAD D:/Users/Alex/Desktop/Banana/kernel/libk/libm32.a
                0x00000000c0000000                . = 0xc0000000

.text           0x00000000c0000000    0x1f668
 *(.text)
 .text          0x00000000c0000000       0x41 D:/Users/Alex/Desktop/Banana/kernel/boot.32
                0x00000000c0000020                callGlobalConstructors
 .text          0x00000000c0000041        0x0 crti.32
 *fill*         0x00000000c0000041        0x3 
 .text          0x00000000c0000044      0x101 /cygdrive/d/Users/Alex/Desktop/Toolchain/Output/bin/../lib/gcc/i386-banana/8.1.0/crtbegin.o
 *fill*         0x00000000c0000145        0xb 
 .text          0x00000000c0000150      0x4d1 D:/Users/Alex/Desktop/Banana/kernel/morenasm.32
                0x00000000c0000150                voodooXADD
                0x00000000c0000202                doTPAUSE
                0x00000000c000020c                hasLegacyFPU
                0x00000000c0000231                is486
                0x00000000c0000267                goToVM86
                0x00000000c0000298                goToUsermode
                0x00000000c00002c3                switchToThreadASMFirstTime
                0x00000000c00002d1                switchToThreadASM
                0x00000000c0000371                detectCPUID
                0x00000000c0000387                asmQuickAcquireLock
                0x00000000c00003a5                asmQuickReleaseLock
                0x00000000c00003b1                asmAcquireLock
                0x00000000c00003d2                asmReleaseLock
                0x00000000c00003e5                loadGDT
                0x00000000c0000405                isr0
                0x00000000c0000415                isr1
                0x00000000c000041f                isr2
                0x00000000c0000429                isr3
                0x00000000c0000433                isr4
                0x00000000c000043d                isr5
                0x00000000c0000447                isr6
                0x00000000c0000451                isr7
                0x00000000c000045b                isr8
                0x00000000c0000463                isr9
                0x00000000c000046d                isr10
                0x00000000c0000475                isr11
                0x00000000c000047d                isr12
                0x00000000c0000485                isr13
                0x00000000c000048d                isr14
                0x00000000c0000495                isr15
                0x00000000c000049f                isr16
                0x00000000c00004a9                isr17
                0x00000000c00004b3                isr18
                0x00000000c00004bd                isr96
                0x00000000c00004c7                irq0
                0x00000000c00004d1                irq1
                0x00000000c00004db                irq2
                0x00000000c00004e5                irq3
                0x00000000c00004ef                irq4
                0x00000000c00004f9                irq5
                0x00000000c0000503                irq6
                0x00000000c000050d                irq7
                0x00000000c0000517                irq8
                0x00000000c0000521                irq9
                0x00000000c000052b                irq10
                0x00000000c0000535                irq11
                0x00000000c000053f                irq12
                0x00000000c0000549                irq13
                0x00000000c0000553                irq14
                0x00000000c000055d                irq15
                0x00000000c0000567                irq16
                0x00000000c0000571                irq17
                0x00000000c000057b                irq18
                0x00000000c0000585                irq19
                0x00000000c000058f                irq20
                0x00000000c0000599                irq21
                0x00000000c00005a3                irq22
                0x00000000c00005ad                irq23
                0x00000000c00005b7                int_common_stub
                0x00000000c00005e7                syscall_common_stub
 .text          0x00000000c0000621      0x411 acpica/utclib.32
                0x00000000c0000621                memcmp
                0x00000000c000064c                memmove
                0x00000000c0000684                memcpy
                0x00000000c00006ba                memset
                0x00000000c00006d7                strlen
                0x00000000c00006e7                strpbrk
                0x00000000c000070a                strtok
                0x00000000c0000759                strcpy
                0x00000000c0000779                strncpy
                0x00000000c00007aa                strcmp
                0x00000000c00007cb                strchr
                0x00000000c00007e1                strncmp
                0x00000000c0000810                strcat
                0x00000000c0000837                strncat
                0x00000000c0000871                strstr
                0x00000000c00008ae                toupper
                0x00000000c00008c2                tolower
                0x00000000c00008d6                simple_strtoul
 .text          0x00000000c0000a32      0xfc2 core/malloc.32
                0x00000000c0000b9d                dlfree
                0x00000000c0000efb                dlmalloc
                0x00000000c0001438                dlrealloc
                0x00000000c00015ed                dlmemalign
                0x00000000c0001710                dlcalloc
                0x00000000c00017aa                dlcfree
                0x00000000c00017af                dlindependent_calloc
                0x00000000c00017d4                dlindependent_comalloc
                0x00000000c00017eb                dlvalloc
                0x00000000c0001816                dlpvalloc
                0x00000000c000184c                dlmalloc_trim
                0x00000000c0001859                dlmalloc_usable_size
                0x00000000c000188a                dlmallinfo
                0x00000000c0001959                dlmalloc_stats
                0x00000000c000196a                dlmallopt
 .text          0x00000000c00019f4        0x0 libk/string.32
 .text          0x00000000c00019f4       0x51 fs/fat/diskio.32
                0x00000000c00019f4                disk_status
                0x00000000c00019f7                disk_initialize
                0x00000000c00019fa                disk_read
                0x00000000c0001a10                disk_write
                0x00000000c0001a26                disk_ioctl
 .text          0x00000000c0001a45     0x67e6 fs/fat/ff.32
                0x00000000c0004cfb                f_mount
                0x00000000c0004d5d                f_open
                0x00000000c0005199                f_read
                0x00000000c0005419                f_write
                0x00000000c00056d3                f_sync
                0x00000000c00058af                f_close
                0x00000000c00058de                f_lseek
                0x00000000c0005d43                f_opendir
                0x00000000c0005e45                f_closedir
                0x00000000c0005e67                f_readdir
                0x00000000c0005f02                f_stat
                0x00000000c0005f91                f_getfree
                0x00000000c0006179                f_truncate
                0x00000000c0006271                f_unlink
                0x00000000c00063f2                f_mkdir
                0x00000000c000661e                f_rename
                0x00000000c0006911                f_chmod
                0x00000000c00069ef                f_utime
                0x00000000c0006acd                f_getlabel
                0x00000000c0006cc1                f_setlabel
                0x00000000c0006f2e                f_forward
                0x00000000c000710c                f_mkfs
 .text          0x00000000c000822b       0x2d fs/fat/ffsystem.32
                0x00000000c000822b                ff_memalloc
                0x00000000c0008241                ff_memfree
 .text          0x00000000c0008258      0x280 fs/fat/ffunicode.32
                0x00000000c0008258                ff_uni2oem
                0x00000000c00082ee                ff_oem2uni
                0x00000000c000835d                ff_wtoupper
 .text          0x00000000c00084d8      0x70e hal/libresample/samplerate.32
                0x00000000c0008560                src_delete
                0x00000000c000859c                src_process
                0x00000000c00086c4                src_callback_read
                0x00000000c0008825                src_set_ratio
                0x00000000c000887c                src_get_channels
                0x00000000c000889e                src_reset
                0x00000000c00088e2                src_new
                0x00000000c0008970                src_callback_new
                0x00000000c00089d2                src_get_name
                0x00000000c0008a09                src_get_description
                0x00000000c0008a40                src_get_version
                0x00000000c0008a46                src_is_valid_ratio
                0x00000000c0008a60                src_error
                0x00000000c0008a6e                src_strerror
                0x00000000c0008a81                src_simple
                0x00000000c0008ad4                src_short_to_float_array
                0x00000000c0008afa                src_float_to_short_array
                0x00000000c0008b5e                src_int_to_float_array
                0x00000000c0008b84                src_float_to_int_array
 .text          0x00000000c0008be6      0x3f9 hal/libresample/src_linear.32
                0x00000000c0008f3a                linear_get_name
                0x00000000c0008f49                linear_get_description
                0x00000000c0008f58                linear_set_converter
 .text          0x00000000c0008fdf     0x1a31 hal/libresample/src_sinc.32
                0x00000000c000a927                sinc_get_name
                0x00000000c000a93a                sinc_get_description
                0x00000000c000a94d                sinc_set_converter
 .text          0x00000000c000aa10      0x3cf hal/libresample/src_zoh.32
                0x00000000c000ad3a                zoh_get_name
                0x00000000c000ad49                zoh_get_description
                0x00000000c000ad58                zoh_set_converter
 *fill*         0x00000000c000addf        0x1 
 .text          0x00000000c000ade0      0x9e1 core/computer.32
                0x00000000c000ade0                Computer::close(int, int, void*)
                0x00000000c000ae24                Computer::Computer()
                0x00000000c000ae24                Computer::Computer()
                0x00000000c000af80                Computer::setBootMessage(char const*)
                0x00000000c000af82                Computer::start()
                0x00000000c000b05e                firstTask()
                0x00000000c000b06c                Computer::detectFeatures()
                0x00000000c000b246                Computer::displayFeatures()
                0x00000000c000b58c                Computer::rdmsr(unsigned int)
                0x00000000c000b5b8                Computer::wrmsr(unsigned int, unsigned long long)
                0x00000000c000b5f0                Computer::nmiEnabled()
                0x00000000c000b5fc                Computer::readCMOS(unsigned char)
                0x00000000c000b616                Computer::enableNMI(bool)
                0x00000000c000b62e                Computer::open(int, int, void*)
                0x00000000c000b704                Computer::disableNMI()
                0x00000000c000b712                Computer::writeCMOS(unsigned char, unsigned char)
                0x00000000c000b730                Computer::handleNMI()
                0x00000000c000b796                Computer::setDiskActivityLight(int, bool)
 *fill*         0x00000000c000b7c1        0x1 
 .text          0x00000000c000b7c2      0x1b7 core/gdt.32
                0x00000000c000b7c2                GDTEntry::setBase(unsigned int)
                0x00000000c000b7de                GDTEntry::setLimit(unsigned int)
                0x00000000c000b7fc                GDT::GDT()
                0x00000000c000b7fc                GDT::GDT()
                0x00000000c000b812                GDT::addEntry(GDTEntry)
                0x00000000c000b84e                GDT::getNumberOfEntries()
                0x00000000c000b856                GDT::flush()
                0x00000000c000b878                GDT::setup()
 .text          0x00000000c000b979       0x61 core/idle.32
                0x00000000c000b979                idleFunction(void*)
 .text          0x00000000c000b9da      0x45f core/idt.32
                0x00000000c000b9da                IDTEntry::IDTEntry(bool)
                0x00000000c000b9da                IDTEntry::IDTEntry(bool)
                0x00000000c000ba48                IDTEntry::setOffset(unsigned int)
                0x00000000c000ba5c                IDT::IDT()
                0x00000000c000ba5c                IDT::IDT()
                0x00000000c000ba5e                IDT::getPointerToInvalidOpcodeEntryForF00F()
                0x00000000c000ba66                IDT::addEntry(IDTEntry, int)
                0x00000000c000ba80                IDT::addEntry(int, void (*)(), bool)
                0x00000000c000bab8                IDT::flush()
                0x00000000c000bad2                IDT::setup()
 .text          0x00000000c000be39      0x20c core/kheap.32
                0x00000000c000be39                sbrk
                0x00000000c000bf50                mmap
                0x00000000c000bf66                munmap
                0x00000000c000bf7c                liballoc_lock()
                0x00000000c000bf8d                liballoc_unlock()
                0x00000000c000bf9e                liballoc_alloc(int)
                0x00000000c000bfb9                liballoc_free(void*, int)
                0x00000000c000bfd7                realloc
                0x00000000c000bfeb                malloc
                0x00000000c000bffb                free
                0x00000000c000c00b                rfree
                0x00000000c000c01b                calloc
 .text          0x00000000c000c045      0x3a9 core/main.32
                0x00000000c000c045                hwTextMode_loadInData(VgaText*)
                0x00000000c000c08a                hwTextMode_loadInTitle(VgaText*, char*)
                0x00000000c000c0d4                hwTextMode_showCursor(VgaText*, bool)
                0x00000000c000c128                hwTextMode_update(VgaText*)
                0x00000000c000c129                hwTextMode_updateCursor(VgaText*)
                0x00000000c000c177                hwTextMode_disableBlink(VgaText*, bool)
                0x00000000c000c1b3                hwTextMode_scrollScreen(VgaText*)
                0x00000000c000c23f                hwTextMode_writeCharacter(VgaText*, char, VgaColour, VgaColour, int, int)
                0x00000000c000c2a5                setupTextMode()
                0x00000000c000c2f6                kernel_main
 .text          0x00000000c000c3ee      0x504 core/physmgr.32
                0x00000000c000c3ee                Phys::allocateDMA(unsigned long)
                0x00000000c000c492                Phys::freeDMA(unsigned long, unsigned long)
                0x00000000c000c4da                Phys::setPageState(unsigned long, bool)
                0x00000000c000c513                Phys::getPageState(unsigned long)
                0x00000000c000c534                Phys::freePage(unsigned long)
                0x00000000c000c5c1                Phys::allocatePage()
                0x00000000c000c68d                Phys::allowSegmentToBeUsed(unsigned long, unsigned long)
                0x00000000c000c6c5                Phys::physicalMemorySetup(unsigned int)
 .text          0x00000000c000c8f2      0x273 core/pipe.32
                0x00000000c000c8f2                Pipe::isAtty()
                0x00000000c000c8f6                Pipe::~Pipe()
                0x00000000c000c8f6                Pipe::~Pipe()
                0x00000000c000c91a                Pipe::~Pipe()
                0x00000000c000c942                Pipe::read(unsigned long long, void*, int*)
                0x00000000c000ca36                Pipe::write(unsigned long long, void*, int*)
                0x00000000c000cafe                Pipe::Pipe(int)
                0x00000000c000cafe                Pipe::Pipe(int)
 *fill*         0x00000000c000cb65        0x1 
 .text          0x00000000c000cb66      0xf67 core/terminal.32
                0x00000000c000cb66                VgaText::isAtty()
                0x00000000c000cb6a                VgaText::~VgaText()
                0x00000000c000cb6a                VgaText::~VgaText()
                0x00000000c000cb8e                VgaText::~VgaText()
                0x00000000c000cbb8                VgaText::read(unsigned long long, void*, int*)
                0x00000000c000cbd8                setTerminalScrollLock(bool)
                0x00000000c000cbd9                addToTerminalCycle(VgaText*)
                0x00000000c000cc06                installVgaTextImplementation()
                0x00000000c000cc1b                scrollTerminalScrollLock(int)
                0x00000000c000cc1c                VgaText::load()
                0x00000000c000cc70                VgaText::updateCursor()
                0x00000000c000cc8a                VgaText::showCursor(bool)
                0x00000000c000cc9a                VgaText::disableBlink(bool)
                0x00000000c000ccd4                VgaText::doANSI_SGR(int)
                0x00000000c000cd60                VgaText::setDefaultBgColour(VgaColour)
                0x00000000c000cd76                VgaText::setDefaultFgColour(VgaColour)
                0x00000000c000cd8c                VgaText::setDefaultColours(VgaColour, VgaColour)
                0x00000000c000cdac                VgaText::combineColours(unsigned char, unsigned char)
                0x00000000c000cdbe                VgaText::scrollScreen()
                0x00000000c000ce52                VgaText::combineCharAndColour(char, unsigned char)
                0x00000000c000ce64                VgaText::writeCharacter(char, VgaColour, VgaColour, int, int)
                0x00000000c000cec4                VgaText::getCursorX()
                0x00000000c000ced0                VgaText::getCursorY()
                0x00000000c000cedc                VgaText::setCursor(int, int)
                0x00000000c000cefa                VgaText::setCursorX(int)
                0x00000000c000cf16                VgaText::setCursorY(int)
                0x00000000c000cf32                VgaText::incrementCursor(bool)
                0x00000000c000cf9a                VgaText::updateRAMUsageDisplay(int)
                0x00000000c000cff4                VgaText::updateDiskUsage()
                0x00000000c000d15a                VgaText::updateTitle()
                0x00000000c000d1a0                VgaText::setTitleTextColour(VgaColour)
                0x00000000c000d1b0                VgaText::setTitleColour(VgaColour)
                0x00000000c000d1c0                VgaText::setTitle(char*)
                0x00000000c000d1e6                VgaText::decrementCursor(bool)
                0x00000000c000d20e                VgaText::putchar(char, VgaColour, VgaColour)
                0x00000000c000d30a                VgaText::isShowingCursor()
                0x00000000c000d316                VgaText::isBlinkDisabled()
                0x00000000c000d324                VgaText::setCursorHeight(int)
                0x00000000c000d342                VgaText::getCursorHeight()
                0x00000000c000d34d                setActiveTerminal(VgaText*)
                0x00000000c000d3ff                doTerminalCycle()
                0x00000000c000d41c                VgaText::doUpdate()
                0x00000000c000d42e                VgaText::puts(char const*, VgaColour, VgaColour)
                0x00000000c000d5f0                VgaText::clearScreen()
                0x00000000c000d654                VgaText::putchar(char)
                0x00000000c000d76e                VgaText::puts(char const*)
                0x00000000c000d794                VgaText::putx(unsigned int)
                0x00000000c000d7da                VgaText::VgaText(char const*)
                0x00000000c000d7da                VgaText::VgaText(char const*)
                0x00000000c000d96c                VgaText::receiveKey(unsigned char)
                0x00000000c000da54                VgaText::write(unsigned long long, void*, int*)
                0x00000000c000daa8                newTerminal(char*)
 *fill*         0x00000000c000dacd        0x1 
 .text          0x00000000c000dace      0x18f core/tss.32
                0x00000000c000dace                TSS::TSS()
                0x00000000c000dace                TSS::TSS()
                0x00000000c000dadc                TSS::setESP(unsigned long)
                0x00000000c000daee                TSS::flush()
                0x00000000c000db0e                TSS::setup(unsigned long, unsigned long)
 *fill*         0x00000000c000dc5d        0x1 
 .text          0x00000000c000dc5e      0x482 core/unixfile.32
                0x00000000c000dc5e                ReservedFilename::read(unsigned long long, void*, int*)
                0x00000000c000dcb4                ReservedFilename::isAtty()
                0x00000000c000dcd0                ReservedFilename::write(unsigned long long, void*, int*)
                0x00000000c000dd2e                UnixFile::getFileDescriptor()
                0x00000000c000dd36                UnixFile::UnixFile(int)
                0x00000000c000dd36                UnixFile::UnixFile(int)
                0x00000000c000dea6                ReservedFilename::ReservedFilename(int)
                0x00000000c000dea6                ReservedFilename::ReservedFilename(int)
                0x00000000c000ded8                UnixFile::~UnixFile()
                0x00000000c000ded8                UnixFile::~UnixFile()
                0x00000000c000df70                UnixFile::~UnixFile()
                0x00000000c000df98                ReservedFilename::~ReservedFilename()
                0x00000000c000df98                ReservedFilename::~ReservedFilename()
                0x00000000c000dfbc                ReservedFilename::~ReservedFilename()
                0x00000000c000dfe3                getFromFileDescriptor(int)
 .text          0x00000000c000e0e0      0xecf core/virtmgr.32
                0x00000000c000e0e0                Virt::setPageState(unsigned long, Virt::VirtPageState)
                0x00000000c000e117                Virt::getPageState(unsigned long)
                0x00000000c000e13e                Virt::allocateKernelVirtualPages(int)
                0x00000000c000e24f                Virt::virtualMemorySetup()
                0x00000000c000e2cb                Virt::getAKernelVAS()
                0x00000000c000e2d1                Virt::setupPageSwapping(int)
                0x00000000c000e3ec                VAS::VAS()
                0x00000000c000e3ec                VAS::VAS()
                0x00000000c000e41c                VAS::VAS(VAS*)
                0x00000000c000e41c                VAS::VAS(VAS*)
                0x00000000c000e440                VAS::getForeignPageTableEntry(bool, unsigned long)
                0x00000000c000e46c                VAS::getPageTableEntry(unsigned long)
                0x00000000c000e48b                Virt::freeKernelVirtualPages(unsigned long)
                0x00000000c000e5ac                VAS::freeAllocatedPages(unsigned long)
                0x00000000c000e5d0                VAS::virtualToPhysical(unsigned long)
                0x00000000c000e5ea                VAS::reflagRange(unsigned long, int, int, int)
                0x00000000c000e62e                VAS::setToWriteCombining(unsigned long, int)
                0x00000000c000e668                VAS::mapOtherVASIn(bool, VAS*)
                0x00000000c000e69e                VAS::~VAS()
                0x00000000c000e69e                VAS::~VAS()
                0x00000000c000e80a                VAS::mapPage(unsigned long, unsigned long, int)
                0x00000000c000e90c                VAS::allocatePages(int, int)
                0x00000000c000eade                VAS::setCPUSpecific(unsigned long)
                0x00000000c000eafc                VAS::mapRange(unsigned long, unsigned long, int, int)
                0x00000000c000ebc6                VAS::mapForeignPage(bool, VAS*, unsigned long, unsigned long, int)
                0x00000000c000ecb8                VAS::VAS(bool)
                0x00000000c000ecb8                VAS::VAS(bool)
                0x00000000c000eee8                mapVASFirstTime
 .text          0x00000000c000efaf       0x93 coreobjs/c++.32
                0x00000000c000efaf                __cxa_atexit
                0x00000000c000efb2                __cxa_finalize
                0x00000000c000efb3                __stack_chk_fail
                0x00000000c000f013                __cxa_pure_virtual
                0x00000000c000f024                operator new(unsigned long)
                0x00000000c000f029                operator new[](unsigned long)
                0x00000000c000f02e                operator delete(void*)
                0x00000000c000f033                operator delete(void*, unsigned long)
                0x00000000c000f038                operator delete[](void*)
                0x00000000c000f03d                operator delete[](void*, unsigned long)
 .text          0x00000000c000f042      0x23d dbg/kconsole.32
                0x00000000c000f042                Dbg::stringifyxWithBase(unsigned int, char*, int)
                0x00000000c000f0e6                Dbg::logc(char)
                0x00000000c000f0fd                Dbg::logs(char*)
                0x00000000c000f11a                Dbg::logWriteInt(unsigned int)
                0x00000000c000f138                Dbg::logWriteIntBase(unsigned int, int)
                0x00000000c000f159                Dbg::kprintf(char const*, ...)
 *fill*         0x00000000c000f27f        0x1 
 .text          0x00000000c000f280      0xb68 fs/vfs.32
                0x00000000c000f280                File::read(unsigned long long, void*, int*)
                0x00000000c000f2d8                File::write(unsigned long long, void*, int*)
                0x00000000c000f330                Directory::read(unsigned long long, void*, int*)
                0x00000000c000f388                Directory::write(unsigned long long, void*, int*)
                0x00000000c000f3b6                File::isAtty()
                0x00000000c000f3ba                Directory::isAtty()
                0x00000000c000f3be                Filesystem::getlabel(LogicalDisk*, int, char*, unsigned int*)
                0x00000000c000f3c4                Filesystem::setlabel(LogicalDisk*, int, char*)
                0x00000000c000f3ca                File::~File()
                0x00000000c000f3ca                File::~File()
                0x00000000c000f3ee                File::~File()
                0x00000000c000f418                Directory::~Directory()
                0x00000000c000f418                Directory::~Directory()
                0x00000000c000f43c                Directory::~Directory()
                0x00000000c000f466                Filesystem::Filesystem()
                0x00000000c000f466                Filesystem::Filesystem()
                0x00000000c000f48a                Filesystem::~Filesystem()
                0x00000000c000f48a                Filesystem::~Filesystem()
                0x00000000c000f498                Filesystem::~Filesystem()
                0x00000000c000f4bc                initVFS()
                0x00000000c000f4e6                standardiseFiles(char*, char const*, char const*)
                0x00000000c000f690                File::File(char const*, Process*)
                0x00000000c000f690                File::File(char const*, Process*)
                0x00000000c000f6f4                File::open(FileOpenMode)
                0x00000000c000f752                File::close()
                0x00000000c000f7b2                File::seek(unsigned long long)
                0x00000000c000f808                File::tell(unsigned long long*)
                0x00000000c000f858                File::rewind()
                0x00000000c000f86c                File::unlink()
                0x00000000c000f8b8                File::rename(char const*)
                0x00000000c000f906                File::chfatattr(unsigned char, unsigned char)
                0x00000000c000f962                File::exists()
                0x00000000c000f9a0                File::stat(unsigned long long*, bool*)
                0x00000000c000fa01                getcwd(Process*, char*, int)
                0x00000000c000fa2b                setcwd(Process*, char*)
                0x00000000c000fb52                Directory::Directory(char const*, Process*)
                0x00000000c000fb52                Directory::Directory(char const*, Process*)
                0x00000000c000fbb6                Directory::open()
                0x00000000c000fc12                Directory::close()
                0x00000000c000fc72                Directory::unlink()
                0x00000000c000fcbe                Directory::rename(char const*)
                0x00000000c000fd0c                Directory::exists()
                0x00000000c000fd4a                Directory::read(dirent*)
                0x00000000c000fd96                Directory::create()
                0x00000000c000fde2                Filesystem::chfatattr(char const*, unsigned char, unsigned char)
 .text          0x00000000c000fde8       0x84 hal/bus.32
                0x00000000c000fde8                Bus::Bus(char const*)
                0x00000000c000fde8                Bus::Bus(char const*)
                0x00000000c000fe1e                Bus::~Bus()
                0x00000000c000fe1e                Bus::~Bus()
                0x00000000c000fe42                Bus::~Bus()
 .text          0x00000000c000fe6c      0x14e hal/buzzer.32
                0x00000000c000fe6c                Buzzer::Buzzer(char const*)
                0x00000000c000fe6c                Buzzer::Buzzer(char const*)
                0x00000000c000feb0                Buzzer::~Buzzer()
                0x00000000c000feb0                Buzzer::~Buzzer()
                0x00000000c000fed4                Buzzer::~Buzzer()
                0x00000000c000fefe                Buzzer::stop()
                0x00000000c000ff11                beepThread(void*)
                0x00000000c000ff4c                Buzzer::beep(int, int, bool)
 .text          0x00000000c000ffba      0x435 hal/clock.32
                0x00000000c000ffba                loadClockSettings()
                0x00000000c000ffd4                Clock::Clock(char const*)
                0x00000000c000ffd4                Clock::Clock(char const*)
                0x00000000c001000a                Clock::~Clock()
                0x00000000c001000a                Clock::~Clock()
                0x00000000c001002e                Clock::~Clock()
                0x00000000c0010058                Clock::timeInSecondsLocal()
                0x00000000c00100a0                Clock::setTimeInSecondsLocal(unsigned long long)
                0x00000000c00100f9                datetimeToSeconds(datetime_t)
                0x00000000c0010226                Clock::setTimeInDatetimeLocal(datetime_t)
                0x00000000c0010286                secondsToDatetime(unsigned long long)
                0x00000000c00103ca                Clock::timeInDatetimeLocal()
 *fill*         0x00000000c00103ef        0x1 
 .text          0x00000000c00103f0      0x500 hal/device.32
                0x00000000c00103f0                Device::hibernate()
                0x00000000c00103f2                Device::wake()
                0x00000000c00103f4                Device::detect()
                0x00000000c00103f6                Device::disableLegacy()
                0x00000000c00103f8                Device::powerSaving(PowerSavingLevel)
                0x00000000c00103fa                DriverlessDevice::close(int, int, void*)
                0x00000000c00103fe                DriverlessDevice::detect()
                0x00000000c0010400                DriverlessDevice::open(int, int, void*)
                0x00000000c0010414                Device::~Device()
                0x00000000c0010414                Device::~Device()
                0x00000000c0010422                Device::~Device()
                0x00000000c001044a                Device::findAndLoadDriver()
                0x00000000c001044c                Device::preOpenPCI(PCIDeviceInfo)
                0x00000000c001046e                Device::preOpenACPI(void*, char*, char*)
                0x00000000c00104c2                Device::addIRQHandler(int, void (*)(regs*, void*), bool, void*)
                0x00000000c0010520                Device::removeIRQHandler(int, void (*)(regs*, void*), bool)
                0x00000000c001056e                Device::addChild(Device*)
                0x00000000c00105b2                Device::removeAllChildren()
                0x00000000c00105f8                Device::hibernateAll()
                0x00000000c0010628                Device::wakeAll()
                0x00000000c0010658                Device::detectAll()
                0x00000000c0010688                Device::disableLegacyAll()
                0x00000000c00106b8                Device::loadDriversForAll()
                0x00000000c00106e4                Device::closeAll()
                0x00000000c001071a                Device::powerSavingAll(PowerSavingLevel)
                0x00000000c0010750                Device::setName(char const*)
                0x00000000c001075e                Device::Device(char const*)
                0x00000000c001075e                Device::Device(char const*)
                0x00000000c0010850                Device::getName()
                0x00000000c001085a                DriverlessDevice::DriverlessDevice(char const*)
                0x00000000c001085a                DriverlessDevice::DriverlessDevice(char const*)
                0x00000000c0010882                Device::addToLinkedList(LinkedList<Device>&, DeviceType)
                0x00000000c00108c6                getDevicesOfType(DeviceType)
 .text          0x00000000c00108f0       0x84 hal/diskctrl.32
                0x00000000c00108f0                HardDiskController::HardDiskController(char const*)
                0x00000000c00108f0                HardDiskController::HardDiskController(char const*)
                0x00000000c0010926                HardDiskController::~HardDiskController()
                0x00000000c0010926                HardDiskController::~HardDiskController()
                0x00000000c001094a                HardDiskController::~HardDiskController()
 .text          0x00000000c0010974       0xde hal/diskphys.32
                0x00000000c0010974                PhysicalDisk::PhysicalDisk(char const*, int)
                0x00000000c0010974                PhysicalDisk::PhysicalDisk(char const*, int)
                0x00000000c00109dc                PhysicalDisk::startCache()
                0x00000000c0010a04                PhysicalDisk::~PhysicalDisk()
                0x00000000c0010a04                PhysicalDisk::~PhysicalDisk()
                0x00000000c0010a28                PhysicalDisk::~PhysicalDisk()
 .text          0x00000000c0010a52      0x142 hal/fpu.32
                0x00000000c0010a52                FPU::FPU(char const*)
                0x00000000c0010a52                FPU::FPU(char const*)
                0x00000000c0010a88                FPU::~FPU()
                0x00000000c0010a88                FPU::~FPU()
                0x00000000c0010aac                FPU::~FPU()
                0x00000000c0010ad6                setupFPU()
 .text          0x00000000c0010b94     0x12db hal/intctrl.32
                0x00000000c0010b94                InterruptController::uninstallISRHandler(int, void (*)(regs*, void*))
                0x00000000c0010bcc                InterruptController::installISRHandler(int, void (*)(regs*, void*), void*)
                0x00000000c0010c1e                doubleFault(regs*, void*)
                0x00000000c0010c38                InterruptController::installIRQHandler(int, void (*)(regs*, void*), bool, void*)
                0x00000000c0010cd4                InterruptController::clearAllHandlers(int, bool)
                0x00000000c0010d7c                InterruptController::uninstallIRQHandler(int, void (*)(regs*, void*), bool)
                0x00000000c0010e03                nmiHandler(regs*, void*)
                0x00000000c0010e11                int_handler
                0x00000000c0010eac                InterruptController::InterruptController(char const*)
                0x00000000c0010eac                InterruptController::InterruptController(char const*)
                0x00000000c0010f52                InterruptController::~InterruptController()
                0x00000000c0010f52                InterruptController::~InterruptController()
                0x00000000c0010f76                InterruptController::~InterruptController()
                0x00000000c0010fa0                displayDebugInfo(regs*)
                0x00000000c00113b7                x87EmulHandler(regs*, void*)
                0x00000000c001141a                gpFault(regs*, void*)
                0x00000000c0011453                pgFault(regs*, void*)
                0x00000000c001146a                otherISRHandler(regs*, void*)
                0x00000000c0011489                opcodeFault(regs*, void*)
                0x00000000c0011a42                displayProgramFault(char const*)
                0x00000000c0011a6a                setupInterruptController()
                0x00000000c0011e22                InterruptController::convertLegacyIRQNumber(int)
 *fill*         0x00000000c0011e6f        0x1 
 .text          0x00000000c0011e70      0x61c hal/keybrd.32
                0x00000000c0011e70                startGUI(void*)
                0x00000000c0011ee2                sendKeyToTerminal(unsigned char)
                0x00000000c0011f53                sendKeyboardToken(KeyboardToken)
                0x00000000c001233c                clearInternalKeybuffer(VgaText*)
                0x00000000c0012371                readKeyboard(VgaText*, char*, unsigned long)
                0x00000000c0012402                Keyboard::Keyboard(char const*)
                0x00000000c0012402                Keyboard::Keyboard(char const*)
                0x00000000c001243e                Keyboard::~Keyboard()
                0x00000000c001243e                Keyboard::~Keyboard()
                0x00000000c0012462                Keyboard::~Keyboard()
 .text          0x00000000c001248c      0x400 hal/logidisk.32
                0x00000000c001248c                LogicalDisk::close(int, int, void*)
                0x00000000c0012490                LogicalDisk::~LogicalDisk()
                0x00000000c0012490                LogicalDisk::~LogicalDisk()
                0x00000000c00124b4                LogicalDisk::~LogicalDisk()
                0x00000000c00124de                LogicalDisk::open(int, int, void*)
                0x00000000c00124f2                LogicalDisk::absoluteToRelative(unsigned long long)
                0x00000000c001252a                LogicalDisk::relativeToAbsolute(unsigned long long)
                0x00000000c0012570                LogicalDisk::LogicalDisk(char const*, PhysicalDisk*, unsigned long long, unsigned long long)
                0x00000000c0012570                LogicalDisk::LogicalDisk(char const*, PhysicalDisk*, unsigned long long, unsigned long long)
                0x00000000c0012626                LogicalDisk::assignDriveLetter()
                0x00000000c00126dc                LogicalDisk::mount()
                0x00000000c001274e                LogicalDisk::unmount()
                0x00000000c001275e                LogicalDisk::unassignDriveLetter()
                0x00000000c00127b4                LogicalDisk::read(unsigned long long, int, void*)
                0x00000000c0012820                LogicalDisk::write(unsigned long long, int, void*)
 .text          0x00000000c001288c       0x84 hal/mouse.32
                0x00000000c001288c                Mouse::Mouse(char const*)
                0x00000000c001288c                Mouse::Mouse(char const*)
                0x00000000c00128c2                Mouse::~Mouse()
                0x00000000c00128c2                Mouse::~Mouse()
                0x00000000c00128e6                Mouse::~Mouse()
 .text          0x00000000c0012910      0x339 hal/partition.32
                0x00000000c0012910                makePartition(PhysicalDisk*, unsigned long long, unsigned long long)
                0x00000000c00129b8                createPartitionsForDisk(PhysicalDisk*)
 *fill*         0x00000000c0012c49        0x1 
 .text          0x00000000c0012c4a      0x2e7 hal/timer.32
                0x00000000c0012c4a                Timer::Timer(char const*)
                0x00000000c0012c4a                Timer::Timer(char const*)
                0x00000000c0012c80                Timer::~Timer()
                0x00000000c0012c80                Timer::~Timer()
                0x00000000c0012ca4                Timer::~Timer()
                0x00000000c0012cce                Timer::read()
                0x00000000c0012cd9                timerHandler(unsigned long long)
                0x00000000c0012e10                setupTimer(int)
 *fill*         0x00000000c0012f31        0x1 
 .text          0x00000000c0012f32      0x2d1 hal/vcache.32
                0x00000000c0012f32                VCache::VCache(PhysicalDisk*)
                0x00000000c0012f32                VCache::VCache(PhysicalDisk*)
                0x00000000c0013022                VCache::writeWriteBuffer()
                0x00000000c001305e                VCache::~VCache()
                0x00000000c001305e                VCache::~VCache()
                0x00000000c001309e                VCache::~VCache()
                0x00000000c00130c6                VCache::write(unsigned long long, int, void*)
                0x00000000c00131aa                VCache::read(unsigned long long, int, void*)
 *fill*         0x00000000c0013203        0x1 
 .text          0x00000000c0013204      0x26d hal/video.32
                0x00000000c0013204                Video::putrect(int, int, int, int, unsigned int)
                0x00000000c001324e                Video::blit(unsigned int*, int, int, int, int)
                0x00000000c00132cc                Video::clearScreen(unsigned int)
                0x00000000c0013300                Video::putpixel(int, int, unsigned int)
                0x00000000c001330e                Video::Video(char const*)
                0x00000000c001330e                Video::Video(char const*)
                0x00000000c0013344                Video::~Video()
                0x00000000c0013344                Video::~Video()
                0x00000000c0013368                Video::~Video()
                0x00000000c0013392                Video::isMonochrome()
                0x00000000c001339e                Video::getWidth()
                0x00000000c00133aa                Video::getHeight()
                0x00000000c00133b6                Video::drawCursor(int, int, unsigned char*, int)
 *fill*         0x00000000c0013471        0x1 
 .text          0x00000000c0013472      0xd68 hw/acpi.32
                0x00000000c0013472                ACPI::close(int, int, void*)
                0x00000000c001352b                findRSDP()
                0x00000000c00135b5                loadACPITables(unsigned char*)
                0x00000000c00137dc                findRSDT(unsigned char*)
                0x00000000c00138fa                findDataTable(unsigned char*, char*)
                0x00000000c0013996                scanMADT()
                0x00000000c0013d52                ACPI::ACPI()
                0x00000000c0013d52                ACPI::ACPI()
                0x00000000c0013db2                ACPI::getPCIIRQAssignment(unsigned char, unsigned short, unsigned char)
                0x00000000c0013e94                ACPI::registerPCIIRQAssignment(void*, unsigned short, unsigned char, unsigned char)
                0x00000000c0013fa4                ACPI::setScreenBrightnessLevel(void*, int)
                0x00000000c0013faa                ACPI::writeSimpleBootFlag(SimpleBootFlagTable*)
                0x00000000c0013ffc                ACPI::open(int, int, void*)
                0x00000000c00141c2                ACPI::sleep()
 .text          0x00000000c00141da     0x17ae hw/cpu.32
                0x00000000c00141da                CPU::close(int, int, void*)
                0x00000000c00141dd                lookupAMDCPUName(unsigned char, unsigned char)
                0x00000000c0014382                lookupIntelCPUName(unsigned char, unsigned char)
                0x00000000c001463b                AMD_K6_write_msr(unsigned int, unsigned int, unsigned int, REGS*)
                0x00000000c0014657                AMD_K6_read_msr(unsigned int, REGS*)
                0x00000000c001466f                AMD_K6_writeback(int, int, int)
                0x00000000c00146e2                cpuid(int, unsigned long*, unsigned long*, unsigned long*, unsigned long*)
                0x00000000c0014765                cpuidCheckEDX(unsigned int)
                0x00000000c0014792                cpuidCheckECX(unsigned int)
                0x00000000c00147bf                cpuidCheckExtendedEBX(unsigned int)
                0x00000000c00147ec                cpuidCheckExtendedECX(unsigned int)
                0x00000000c0014819                getCPUNumber()
                0x00000000c001481c                thisCPU()
                0x00000000c0014830                CPU::CPU()
                0x00000000c0014830                CPU::CPU()
                0x00000000c00148be                CPU::displayFeatures()
                0x00000000c0014b3a                CPU::detectFeatures()
                0x00000000c0015510                CPU::setupSMEP()
                0x00000000c001552a                CPU::setupUMIP()
                0x00000000c0015542                CPU::setupTSC()
                0x00000000c001555a                CPU::setupLargePages()
                0x00000000c0015572                CPU::setupPAT()
                0x00000000c00155ae                CPU::setupMTRR()
                0x00000000c00155b0                CPU::setupGlobalPages()
                0x00000000c00155c6                CPU::allowUsermodeDataAccess()
                0x00000000c00155d8                CPU::prohibitUsermodeDataAccess()
                0x00000000c00155ea                CPU::setupSMAP()
                0x00000000c0015610                CPU::setupFeatures()
                0x00000000c00156b2                CPU::open(int, int, void*)
                0x00000000c0015788                CPU::decodeAddress(regs*, int*, bool*, unsigned char*)
 .text          0x00000000c0015988        0x0 hw/ports.32
 .text          0x00000000c0015988      0x354 krnl/panic.32
                0x00000000c0015988                Krnl::panic(char const*)
 .text          0x00000000c0015cdc      0x511 reg/registry.32
                0x00000000c0015cdc                Reg::findLineFromLoadedData(char*, char*, char*)
                0x00000000c0015e43                Reg::getLineFromRegistry(char*, char*, char*, char*)
                0x00000000c0015fa2                Reg::getLine(char*, char*, char*)
                0x00000000c0015fd9                Reg::readInt(char*, char*, int*)
                0x00000000c00160c3                Reg::readString(char*, char*, char*, int)
                0x00000000c0016144                Reg::readBool(char*, char*, bool*)
                0x00000000c0016169                Reg::readBoolWithDefault(char*, char*, bool)
                0x00000000c0016195                Reg::readIntWithDefault(char*, char*, int)
                0x00000000c00161c1                Reg::readStringWithDefault(char*, char*, char*, int, char*)
 .text          0x00000000c00161ed       0x18 sys/sc_exit.32
                0x00000000c00161ed                Sys::exit(regs*)
 .text          0x00000000c0016205       0x95 sys/sc_loaddll.32
                0x00000000c0016205                Sys::loadDLL(regs*)
 .text          0x00000000c001629a       0x68 sys/sc_read.32
                0x00000000c001629a                Sys::read(regs*)
 .text          0x00000000c0016302       0x55 sys/sc_sbrk.32
                0x00000000c0016302                Sys::sbrk(regs*)
 .text          0x00000000c0016357       0x68 sys/sc_write.32
                0x00000000c0016357                Sys::write(regs*)
 .text          0x00000000c00163bf       0x1a sys/sc_yield.32
                0x00000000c00163bf                Sys::yield(regs*)
 .text          0x00000000c00163d9      0xfe6 sys/syscalls.32
                0x00000000c00163d9                sysCallGetPID(regs*)
                0x00000000c00163e9                sysCallSeekDir(regs*)
                0x00000000c00163ee                sysCallTellDir(regs*)
                0x00000000c00163f3                sysCallVerify(regs*)
                0x00000000c00163fd                sysCallFork(regs*)
                0x00000000c0016404                sysCallExecve(regs*)
                0x00000000c001640b                sysCallGetArgc(regs*)
                0x00000000c001641f                sysFormatDisk(regs*)
                0x00000000c0016482                sysSetDiskVolumeLabel(regs*)
                0x00000000c00164ca                sysGetDiskVolumeLabel(regs*)
                0x00000000c001651d                sysShutdown(regs*)
                0x00000000c0016598                sysCallGetCwd(regs*)
                0x00000000c00165be                sysCallSetCwd(regs*)
                0x00000000c00165e0                sysCallRealpath(regs*)
                0x00000000c001662d                sysCallReadDir(regs*)
                0x00000000c00166c0                sysCallIsATTY(regs*)
                0x00000000c0016718                sysCallSeek(regs*)
                0x00000000c001677e                sysCallTell(regs*)
                0x00000000c00167f9                sysCallSizeFromFilename(regs*)
                0x00000000c00168a7                sysCallSize(regs*)
                0x00000000c0016928                sysCallClose(regs*)
                0x00000000c00169ab                sysCallOpenDir(regs*)
                0x00000000c0016a16                sysCallMakeDir(regs*)
                0x00000000c0016a71                sysCallCloseDir(regs*)
                0x00000000c0016ad2                sysCallWait(regs*)
                0x00000000c0016af3                sysCallRmdir(regs*)
                0x00000000c0016b46                sysCallUnlink(regs*)
                0x00000000c0016b99                sysCallGetArgv(regs*)
                0x00000000c0016be5                sysCallTTYName(regs*)
                0x00000000c0016c66                sysCallGetEnv(regs*)
                0x00000000c0016cbd                sysCallUSleep(regs*)
                0x00000000c0016cff                sysCallSpawn(regs*)
                0x00000000c0016d5e                sysAppSettings(regs*)
                0x00000000c0016e83                sysSetFatAttrib(regs*)
                0x00000000c0016ee6                sysPanic(regs*)
                0x00000000c0016f0d                sysPipe(regs*)
                0x00000000c0016f52                sysGetUnixTime(regs*)
                0x00000000c0016f66                string_ends_with(char const*, char const*)
                0x00000000c0016fb0                sysCallOpen(regs*)
                0x00000000c00171c4                setupSystemCalls()
                0x00000000c001737d                systemCall(regs*, void*)
 .text          0x00000000c00173bf     0x11c1 thr/elf.32
                0x00000000c00173bf                Thr::allocateMemoryForTask(Process*, File*, unsigned long, unsigned long, unsigned long)
                0x00000000c0017636                Thr::loadProgramIntoMemory(Process*, char const*)
                0x00000000c001784c                Thr::runtimeReferenceHelper()
                0x00000000c001785f                Thr::getAddressOfKernelSymbol(char const*)
                0x00000000c00178ae                Thr::loadKernelSymbolTable(char const*)
                0x00000000c0017b6f                Thr::loadDriverIntoMemory(char const*, unsigned long, bool)
                0x00000000c001830d                Thr::getDriverBaseFromAddress(unsigned long)
                0x00000000c001833f                Thr::getDriverNameFromAddress(unsigned long)
                0x00000000c0018376                Thr::getDriverOffsetFromAddress(unsigned long)
                0x00000000c0018390                Thr::loadDLL(char const*, bool)
                0x00000000c0018556                Thr::executeDLL(unsigned long, void*)
 .text          0x00000000c0018580     0x1002 thr/prcssthr.32
                0x00000000c0018580                changeTSS
                0x00000000c00185ae                Process::addArgs(char**)
                0x00000000c0018610                Process::Process(char const*, Process*, char**)
                0x00000000c0018610                Process::Process(char const*, Process*, char**)
                0x00000000c00187cc                Process::Process(bool, char const*, Process*, char**)
                0x00000000c00187cc                Process::Process(bool, char const*, Process*, char**)
                0x00000000c0018953                disableIRQs()
                0x00000000c0018960                getIRQNestingLevel()
                0x00000000c0018966                enableIRQs()
                0x00000000c0018975                lockScheduler()
                0x00000000c0018977                unlockScheduler()
                0x00000000c0018979                userModeEntryPoint(void*)
                0x00000000c001899c                lockStuff()
                0x00000000c00189ad                taskStartupFunction
                0x00000000c00189b6                updateTimeUsed()
                0x00000000c0018a14                switchToThread(ThreadControlBlock*)
                0x00000000c0018a6a                Semaphore::Semaphore(int)
                0x00000000c0018a6a                Semaphore::Semaphore(int)
                0x00000000c0018a98                Mutex::Mutex()
                0x00000000c0018a98                Mutex::Mutex()
                0x00000000c0018aaa                Process::createThread(void (*)(void*), void*, int)
                0x00000000c0018b8c                Process::createUserThread()
                0x00000000c0018ba9                setupMultitasking(void (*)())
                0x00000000c0018cbe                schedule()
                0x00000000c0018d43                unlockStuff()
                0x00000000c0018d78                Semaphore::tryAcquire()
                0x00000000c0018da6                Semaphore::assertLocked(char const*)
                0x00000000c0018dd6                blockTaskWithSchedulerLockAlreadyHeld(TaskState)
                0x00000000c0018e17                blockTask(TaskState)
                0x00000000c0018e38                waitTask(int, int*, int)
                0x00000000c0018e7a                nanoSleepUntil(unsigned long long)
                0x00000000c0018ed3                nanoSleep(unsigned long long)
                0x00000000c0018ee8                sleep(unsigned long long)
                0x00000000c0018f06                Semaphore::acquire()
                0x00000000c0018f6b                taskReturned
                0x00000000c0018f99                unblockTask(ThreadControlBlock*)
                0x00000000c0019046                cleanupTerminatedTask(ThreadControlBlock*)
                0x00000000c00192ef                cleanerTaskFunction(void*)
                0x00000000c00193a2                terminateTask(int)
                0x00000000c0019484                Thr::terminateFromIRQ(int)
                0x00000000c0019492                Semaphore::release()
 .text          0x00000000c0019582      0x8bf vm86/vm8086.32
                0x00000000c0019582                Vm::vm8086EntryPoint(void*)
                0x00000000c00195ad                Vm::inbv(unsigned short)
                0x00000000c00195b3                Vm::outbv(unsigned short, unsigned char)
                0x00000000c00195bd                Vm::realToLinear(unsigned short, unsigned short)
                0x00000000c00195cd                Vm::getSegment(unsigned int)
                0x00000000c00195d5                Vm::getOffset(unsigned int)
                0x00000000c00195da                Vm::loadFileAsThread(Process*, char const*, unsigned short, unsigned short, unsigned short, unsigned short)
                0x00000000c0019709                Vm::doISR(regs*, int, unsigned char*, unsigned short, unsigned short)
                0x00000000c0019793                Vm::readByteFromReal(unsigned short, unsigned short)
                0x00000000c00197a4                Vm::readWordFromReal(unsigned short, unsigned short)
                0x00000000c00197b6                Vm::readDwordFromReal(unsigned short, unsigned short)
                0x00000000c00197c7                Vm::writeByteFromReal(unsigned short, unsigned short, unsigned char)
                0x00000000c00197dc                Vm::writeWordFromReal(unsigned short, unsigned short, unsigned short)
                0x00000000c00197f2                Vm::writeDwordFromReal(unsigned short, unsigned short, unsigned int)
                0x00000000c0019807                Vm::faultHandler(regs*)
 *fill*         0x00000000c0019e41        0x1 
 .text          0x00000000c0019e42     0x112f fs/fat/vfslink.32
                0x00000000c0019e42                FAT::getName()
                0x00000000c0019e48                FAT::tell(void*, unsigned long long*)
                0x00000000c0019e7c                FAT::stat(void*, unsigned long long*)
                0x00000000c0019eb0                FAT::~FAT()
                0x00000000c0019eb0                FAT::~FAT()
                0x00000000c0019ed4                FAT::~FAT()
                0x00000000c0019efc                FAT::getlabel(LogicalDisk*, int, char*, unsigned int*)
                0x00000000c0019f9a                FAT::setlabel(LogicalDisk*, int, char*)
                0x00000000c001a054                FAT::format(LogicalDisk*, int, char const*, int)
                0x00000000c001a238                FAT::tryMount(LogicalDisk*, int)
                0x00000000c001a43e                FAT::readDir(void*, unsigned long, void*, int*)
                0x00000000c001a546                FAT::read(void*, unsigned long, void*, int*)
                0x00000000c001a5a0                FAT::write(void*, unsigned long, void*, int*)
                0x00000000c001a5fa                FAT::close(void*)
                0x00000000c001a646                FAT::closeDir(void*)
                0x00000000c001a692                FAT::seek(void*, unsigned long long)
                0x00000000c001a6e6                fatWrapperReadDisk
                0x00000000c001a731                fatWrapperWriteDisk
                0x00000000c001a77c                fatWrapperIoctl
                0x00000000c001a88c                FAT::FAT()
                0x00000000c001a88c                FAT::FAT()
                0x00000000c001a8de                FAT::fixFilepath(char*)
                0x00000000c001a916                FAT::open(char const*, void**, FileOpenMode)
                0x00000000c001aa42                FAT::openDir(char const*, void**)
                0x00000000c001aae8                FAT::stat(char const*, unsigned long long*, bool*)
                0x00000000c001abd4                FAT::unlink(char const*)
                0x00000000c001ac4e                FAT::chfatattr(char const*, unsigned char, unsigned char)
                0x00000000c001adc8                FAT::rename(char const*, char const*)
                0x00000000c001ae8c                FAT::mkdir(char const*)
                0x00000000c001af06                FAT::exists(char const*)
 *fill*         0x00000000c001af71        0x1 
 .text          0x00000000c001af72      0xbdd fs/iso9660/vfslink.32
                0x00000000c001af72                ISO9660::format(LogicalDisk*, int, char const*, int)
                0x00000000c001af78                ISO9660::seek(void*, unsigned long long)
                0x00000000c001afa8                ISO9660::tell(void*, unsigned long long*)
                0x00000000c001afcc                ISO9660::getName()
                0x00000000c001afd2                ISO9660::stat(void*, unsigned long long*)
                0x00000000c001aff6                ISO9660::chfatattr(char const*, unsigned char, unsigned char)
                0x00000000c001affc                ISO9660::unlink(char const*)
                0x00000000c001b002                ISO9660::write(void*, unsigned long, void*, int*)
                0x00000000c001b008                ISO9660::rename(char const*, char const*)
                0x00000000c001b00e                ISO9660::mkdir(char const*)
                0x00000000c001b014                ISO9660::close(void*)
                0x00000000c001b036                ISO9660::closeDir(void*)
                0x00000000c001b058                ISO9660::~ISO9660()
                0x00000000c001b058                ISO9660::~ISO9660()
                0x00000000c001b07c                ISO9660::~ISO9660()
                0x00000000c001b0a3                __memmem(unsigned char*, int, unsigned char*, int)
                0x00000000c001b0e5                readSectorFromCDROM(unsigned int, unsigned char*, char)
                0x00000000c001b14c                ISO9660::tryMount(LogicalDisk*, int)
                0x00000000c001b19c                ISO9660::read(void*, unsigned long, void*, int*)
                0x00000000c001b3e0                ISO9660::readDir(void*, unsigned long, void*, int*)
                0x00000000c001b66b                readRoot(unsigned int*, unsigned int*, char)
                0x00000000c001b6c0                readRecursively(char*, unsigned int, unsigned int, unsigned int*, unsigned int*, char, int*)
                0x00000000c001b893                getFileData(char*, unsigned int*, unsigned int*, char, int*)
                0x00000000c001b922                ISO9660::open(char const*, void**, FileOpenMode)
                0x00000000c001b9bc                ISO9660::exists(char const*)
                0x00000000c001b9e0                ISO9660::stat(char const*, unsigned long long*, bool*)
                0x00000000c001ba74                ISO9660::openDir(char const*, void**)
                0x00000000c001bb2c                ISO9660::ISO9660()
                0x00000000c001bb2c                ISO9660::ISO9660()
 *fill*         0x00000000c001bb4f        0x1 
 .text          0x00000000c001bb50      0x248 hal/sound/sndchannel.32
                0x00000000c001bb50                SoundChannel::~SoundChannel()
                0x00000000c001bb50                SoundChannel::~SoundChannel()
                0x00000000c001bb6c                SoundChannel::setSpeed(float)
                0x00000000c001bb78                SoundChannel::getSpeed()
                0x00000000c001bb80                SoundChannel::setVolume(int)
                0x00000000c001bb9c                SoundChannel::getVolume()
                0x00000000c001bba4                SoundChannel::pause()
                0x00000000c001bbae                SoundChannel::SoundChannel(int, int, int, int)
                0x00000000c001bbae                SoundChannel::SoundChannel(int, int, int, int)
                0x00000000c001bca8                SoundChannel::play()
                0x00000000c001bcb2                SoundChannel::paused()
                0x00000000c001bcba                SoundChannel::getSampleRate()
                0x00000000c001bcc2                SoundChannel::getBits()
                0x00000000c001bcca                SoundChannel::getBufferUsed()
                0x00000000c001bcd2                SoundChannel::getBufferSize()
                0x00000000c001bcda                SoundChannel::unbuffer(float*, int, int)
                0x00000000c001bd4c                SoundChannel::buffer8(unsigned char*, int)
 .text          0x00000000c001bd98      0x30f hal/sound/sndhw.32
                0x00000000c001bd98                SoundDevice::SoundDevice(char const*)
                0x00000000c001bd98                SoundDevice::SoundDevice(char const*)
                0x00000000c001be04                SoundDevice::~SoundDevice()
                0x00000000c001be04                SoundDevice::~SoundDevice()
                0x00000000c001be7e                SoundDevice::~SoundDevice()
                0x00000000c001bea8                SoundDevice::getFreeChannelNum()
                0x00000000c001bec2                SoundDevice::addChannel(SoundChannel*)
                0x00000000c001bf32                SoundDevice::removeChannel(int)
                0x00000000c001bf64                SoundDevice::floatTo8(float*, unsigned char*, int)
                0x00000000c001bfd0                SoundDevice::getAudio(int, float*, float*)
 .text          0x00000000c001c0a7        0x0 hw/bus/isa.32
 *fill*         0x00000000c001c0a7        0x1 
 .text          0x00000000c001c0a8      0x6c1 hw/bus/pci.32
                0x00000000c001c0a8                PCI::open(int, int, void*)
                0x00000000c001c0bc                PCI::close(int, int, void*)
                0x00000000c001c0c0                PCI::PCI()
                0x00000000c001c0c0                PCI::PCI()
                0x00000000c001c140                PCI::pciReadWord(unsigned char, unsigned char, unsigned char, unsigned char)
                0x00000000c001c188                PCI::getVendorID(unsigned char, unsigned char, unsigned char)
                0x00000000c001c1aa                PCI::getHeaderType(unsigned char, unsigned char, unsigned char)
                0x00000000c001c1ce                PCI::getClassCode(unsigned char, unsigned char, unsigned char)
                0x00000000c001c212                PCI::getProgIF(unsigned char, unsigned char, unsigned char)
                0x00000000c001c236                PCI::getRevisionID(unsigned char, unsigned char, unsigned char)
                0x00000000c001c258                PCI::getInterruptNumber(unsigned char, unsigned char, unsigned char)
                0x00000000c001c27a                PCI::getSecondaryBus(unsigned char, unsigned char, unsigned char)
                0x00000000c001c29e                PCI::getBARAddress(unsigned char, unsigned char, unsigned char, unsigned char)
                0x00000000c001c2fe                PCI::pciWriteWord(unsigned char, unsigned char, unsigned char, unsigned char, unsigned short)
                0x00000000c001c36a                PCI::checkBus(unsigned char)
                0x00000000c001c38e                PCI::foundDevice(PCIDeviceInfo)
                0x00000000c001c4fe                PCI::getDeviceData(unsigned char, unsigned char, unsigned char)
                0x00000000c001c6aa                PCI::checkDevice(unsigned char, unsigned char)
                0x00000000c001c716                PCI::detect()
 *fill*         0x00000000c001c769        0x1 
 .text          0x00000000c001c76a      0xc84 hw/diskctrl/ide.32
                0x00000000c001c76a                IDE::close(int, int, void*)
                0x00000000c001c76e                IDE::IDE()
                0x00000000c001c76e                IDE::IDE()
                0x00000000c001c7a2                IDE::prepareInterrupt(unsigned char)
                0x00000000c001c7b4                selectDrive(unsigned char, unsigned char)
                0x00000000c001c7b6                IDE::getBase(unsigned char)
                0x00000000c001c7c8                IDE::write(unsigned char, unsigned char, unsigned char)
                0x00000000c001c888                IDE::read(unsigned char, unsigned char)
                0x00000000c001c936                IDE::waitInterrupt(unsigned char)
                0x00000000c001c9a2                ideChannel0IRQHandler(regs*, void*)
                0x00000000c001c9be                ideChannel1IRQHandler(regs*, void*)
                0x00000000c001c9da                IDE::enableIRQs(unsigned char, bool)
                0x00000000c001ca20                IDE::open(int, int, void*)
                0x00000000c001ce32                IDE::readBuffer(unsigned char, unsigned char, unsigned int, unsigned int)
                0x00000000c001cefe                IDE::detect()
                0x00000000c001d1e8                IDE::printError(unsigned char, unsigned char, unsigned char)
                0x00000000c001d37e                IDE::polling(unsigned char, unsigned int)
 .text          0x00000000c001d3ee      0x64f hw/diskphys/ata.32
                0x00000000c001d3ee                ATA::close(int, int, void*)
                0x00000000c001d412                ATA::powerSaving(PowerSavingLevel)
                0x00000000c001d414                ATA::ATA()
                0x00000000c001d414                ATA::ATA()
                0x00000000c001d442                ATA::flush(bool)
                0x00000000c001d48c                ATA::readyForCommand()
                0x00000000c001d4dc                ATA::access(unsigned long long, int, void*, bool)
                0x00000000c001d87e                ATA::read(unsigned long long, int, void*)
                0x00000000c001d8e6                ATA::write(unsigned long long, int, void*)
                0x00000000c001d94e                ATA::detectCHS()
                0x00000000c001d978                ATA::open(int, int, void*)
 *fill*         0x00000000c001da3d        0x1 
 .text          0x00000000c001da3e      0x5ae hw/diskphys/atapi.32
                0x00000000c001da3e                ATAPI::write(unsigned long long, int, void*)
                0x00000000c001da44                ATAPI::close(int, int, void*)
                0x00000000c001da68                ATAPI::ATAPI()
                0x00000000c001da68                ATAPI::ATAPI()
                0x00000000c001da96                ATAPI::readyForCommand()
                0x00000000c001dae6                ATAPI::sendPacket(unsigned char*, int, bool, unsigned short*, int)
                0x00000000c001dda6                ATAPI::diskRemoved()
                0x00000000c001ddc2                ATAPI::eject()
                0x00000000c001de08                ATAPI::diskInserted()
                0x00000000c001de36                ATAPI::detectMedia()
                0x00000000c001def2                ATAPI::open(int, int, void*)
                0x00000000c001df72                ATAPI::read(unsigned long long, int, void*)
 .text          0x00000000c001dfec       0x8e hw/fpu/avx.32
                0x00000000c001dfec                AVX::open(int, int, void*)
                0x00000000c001dffe                AVX::close(int, int, void*)
                0x00000000c001e010                AVX::available()
                0x00000000c001e022                AVX::save(void*)
                0x00000000c001e03a                AVX::load(void*)
                0x00000000c001e052                AVX::AVX()
                0x00000000c001e052                AVX::AVX()
 .text          0x00000000c001e07a       0x90 hw/fpu/mmx.32
                0x00000000c001e07a                MMX::available()
                0x00000000c001e08e                MMX::open(int, int, void*)
                0x00000000c001e0a0                MMX::close(int, int, void*)
                0x00000000c001e0b2                MMX::save(void*)
                0x00000000c001e0ca                MMX::load(void*)
                0x00000000c001e0e2                MMX::MMX()
                0x00000000c001e0e2                MMX::MMX()
 .text          0x00000000c001e10a       0x96 hw/fpu/sse.32
                0x00000000c001e10a                SSE::open(int, int, void*)
                0x00000000c001e11c                SSE::close(int, int, void*)
                0x00000000c001e12e                SSE::available()
                0x00000000c001e148                SSE::save(void*)
                0x00000000c001e160                SSE::load(void*)
                0x00000000c001e178                SSE::SSE()
                0x00000000c001e178                SSE::SSE()
 .text          0x00000000c001e1a0       0x8e hw/fpu/x87.32
                0x00000000c001e1a0                x87::open(int, int, void*)
                0x00000000c001e1b2                x87::close(int, int, void*)
                0x00000000c001e1c4                x87::available()
                0x00000000c001e1d6                x87::save(void*)
                0x00000000c001e1ee                x87::load(void*)
                0x00000000c001e206                x87::x87()
                0x00000000c001e206                x87::x87()
 .text          0x00000000c001e22e      0x63b hw/intctrl/apic.32
                0x00000000c001e22e                APIC::disable()
                0x00000000c001e230                APIC::close(int, int, void*)
                0x00000000c001e252                IOAPIC::close(int, int, void*)
                0x00000000c001e258                APIC::io_wait()
                0x00000000c001e25e                APIC::getBase()
                0x00000000c001e2a0                APIC::eoi(unsigned char)
                0x00000000c001e2ce                APIC::open(int, int, void*)
                0x00000000c001e398                IOAPIC::IOAPIC()
                0x00000000c001e398                IOAPIC::IOAPIC()
                0x00000000c001e3c0                APIC::APIC()
                0x00000000c001e3c0                APIC::APIC()
                0x00000000c001e49c                IOAPIC::handlesGSIWithNumber(unsigned int)
                0x00000000c001e4ce                IOAPIC::read(int)
                0x00000000c001e4f6                IOAPIC::open(int, int, void*)
                0x00000000c001e5fe                IOAPIC::write(int, int)
                0x00000000c001e62a                IOAPIC::redirect(unsigned char, unsigned long long, unsigned char)
                0x00000000c001e6f0                APIC::installIRQHandler(int, void (*)(regs*, void*), bool, void*)
 *fill*         0x00000000c001e869        0x1 
 .text          0x00000000c001e86a      0x3f3 hw/intctrl/pic.32
                0x00000000c001e86a                PIC::disable()
                0x00000000c001e898                PIC::close(int, int, void*)
                0x00000000c001e8ba                PIC::PIC()
                0x00000000c001e8ba                PIC::PIC()
                0x00000000c001e996                PIC::ioWait()
                0x00000000c001e99c                PIC::getIRQReg(int)
                0x00000000c001ea0e                PIC::eoi(unsigned char)
                0x00000000c001eaa6                PIC::remap()
                0x00000000c001ec1e                PIC::open(int, int, void*)
 *fill*         0x00000000c001ec5d        0x1 
 .text          0x00000000c001ec5e      0x264 hw/timer/apictimer.32
                0x00000000c001ec5e                APICTimer::close(int, int, void*)
                0x00000000c001ec64                apicTimerHandler(regs*, void*)
                0x00000000c001ec96                APICTimer::write(int)
                0x00000000c001ed94                APICTimer::open(int, int, void*)
                0x00000000c001ee9a                APICTimer::APICTimer()
                0x00000000c001ee9a                APICTimer::APICTimer()
 .text          0x00000000c001eec2      0x1b6 hw/timer/pit.32
                0x00000000c001eec2                PIT::write(int)
                0x00000000c001ef48                pitHandler(regs*, void*)
                0x00000000c001ef78                PIT::open(int, int, void*)
                0x00000000c001efc6                PIT::close(int, int, void*)
                0x00000000c001eff6                PIT::PIT()
                0x00000000c001eff6                PIT::PIT()
 *fill*         0x00000000c001f078        0x8 
 .text          0x00000000c001f080        0xa hw/fpu/x86/avx.32
                0x00000000c001f080                avxDetect
                0x00000000c001f086                avxSave
                0x00000000c001f087                avxLoad
                0x00000000c001f088                avxInit
                0x00000000c001f089                avxClose
 *fill*         0x00000000c001f08a        0x6 
 .text          0x00000000c001f090       0x38 hw/fpu/x86/sse.32
                0x00000000c001f090                sseDetect
                0x00000000c001f0ab                sseSave
                0x00000000c001f0b1                sseLoad
                0x00000000c001f0b7                sseInit
                0x00000000c001f0c7                sseClose
 *fill*         0x00000000c001f0c8        0x8 
 .text          0x00000000c001f0d0       0x47 hw/fpu/x86/x87.32
                0x00000000c001f0d6                x87Detect
                0x00000000c001f0f1                x87Save
                0x00000000c001f0f7                x87Load
                0x00000000c001f0fc                x87Init
                0x00000000c001f116                x87Close
 *fill*         0x00000000c001f117        0x1 
 .text          0x00000000c001f118       0x25 /cygdrive/d/Users/Alex/Desktop/Toolchain/Output/bin/../lib/gcc/i386-banana/8.1.0/crtend.o
 .text          0x00000000c001f13d        0x0 crtn.32
 *fill*         0x00000000c001f13d        0x3 
 .text          0x00000000c001f140      0x14b /cygdrive/d/Users/Alex/Desktop/Toolchain/Output/bin/../lib/gcc/i386-banana/8.1.0/libgcc.a(_divdi3.o)
                0x00000000c001f140                __divdi3
 *fill*         0x00000000c001f28b        0x1 
 .text          0x00000000c001f28c      0x17e /cygdrive/d/Users/Alex/Desktop/Toolchain/Output/bin/../lib/gcc/i386-banana/8.1.0/libgcc.a(_moddi3.o)
                0x00000000c001f28c                __moddi3
 *fill*         0x00000000c001f40a        0x2 
 .text          0x00000000c001f40c       0xff /cygdrive/d/Users/Alex/Desktop/Toolchain/Output/bin/../lib/gcc/i386-banana/8.1.0/libgcc.a(_udivdi3.o)
                0x00000000c001f40c                __udivdi3
 *fill*         0x00000000c001f50b        0x1 
 .text          0x00000000c001f50c      0x11a /cygdrive/d/Users/Alex/Desktop/Toolchain/Output/bin/../lib/gcc/i386-banana/8.1.0/libgcc.a(_umoddi3.o)
                0x00000000c001f50c                __umoddi3
 *fill*         0x00000000c001f626        0xa 
 .text          0x00000000c001f630       0x1e D:/Users/Alex/Desktop/Banana/kernel/libk/libm32.a(s_fabs.c.o)
                0x00000000c001f630                fabs
 *fill*         0x00000000c001f64e        0x2 
 .text          0x00000000c001f650        0xc D:/Users/Alex/Desktop/Banana/kernel/libk/libm32.a(s_lrint.S.o)
                0x00000000c001f650                lrint
 .text          0x00000000c001f65c        0xc D:/Users/Alex/Desktop/Banana/kernel/libk/libm32.a(s_lrintf.S.o)
                0x00000000c001f65c                lrintf
 *(.gnu.linkonce.t*)

.iplt           0x00000000c001f668        0x0
 .iplt          0x00000000c001f668        0x0 D:/Users/Alex/Desktop/Banana/kernel/boot.32

.init           0x00000000c001f668        0xf
 .init          0x00000000c001f668        0x3 crti.32
                0x00000000c001f668                _init
 .init          0x00000000c001f66b        0x5 /cygdrive/d/Users/Alex/Desktop/Toolchain/Output/bin/../lib/gcc/i386-banana/8.1.0/crtbegin.o
 .init          0x00000000c001f670        0x5 /cygdrive/d/Users/Alex/Desktop/Toolchain/Output/bin/../lib/gcc/i386-banana/8.1.0/crtend.o
 .init          0x00000000c001f675        0x2 crtn.32

.fini           0x00000000c001f677        0xa
 .fini          0x00000000c001f677        0x3 crti.32
                0x00000000c001f677                _fini
 .fini          0x00000000c001f67a        0x5 /cygdrive/d/Users/Alex/Desktop/Toolchain/Output/bin/../lib/gcc/i386-banana/8.1.0/crtbegin.o
 .fini          0x00000000c001f67f        0x2 crtn.32

.text._ZN8ComputerD2Ev
                0x00000000c001f682       0x23
 .text._ZN8ComputerD2Ev
                0x00000000c001f682       0x23 core/computer.32
                0x00000000c001f682                Computer::~Computer()
                0x00000000c001f682                Computer::~Computer()

.text._ZN8ComputerD0Ev
                0x00000000c001f6a6       0x2a
 .text._ZN8ComputerD0Ev
                0x00000000c001f6a6       0x2a core/computer.32
                0x00000000c001f6a6                Computer::~Computer()

.text._Z10idleCommonv
                0x00000000c001f6d0       0x15
 .text._Z10idleCommonv
                0x00000000c001f6d0       0x15 core/idle.32
                0x00000000c001f6d0                idleCommon()

.text._ZN3CPU7readCR3Ev
                0x00000000c001f6e5       0x12
 .text._ZN3CPU7readCR3Ev
                0x00000000c001f6e5       0x12 core/kheap.32
                0x00000000c001f6e5                CPU::readCR3()

.text._ZN3CPU8writeCR3Em
                0x00000000c001f6f7        0x9
 .text._ZN3CPU8writeCR3Em
                0x00000000c001f6f7        0x9 core/kheap.32
                0x00000000c001f6f7                CPU::writeCR3(unsigned long)

.text._ZN10LinkedListI8UnixFileED2Ev
                0x00000000c001f700        0x2
 .text._ZN10LinkedListI8UnixFileED2Ev
                0x00000000c001f700        0x2 core/unixfile.32
                0x00000000c001f700                LinkedList<UnixFile>::~LinkedList()
                0x00000000c001f700                LinkedList<UnixFile>::~LinkedList()

.text._ZN10LinkedListI8UnixFileEC2Ev
                0x00000000c001f702       0x58
 .text._ZN10LinkedListI8UnixFileEC2Ev
                0x00000000c001f702       0x58 core/unixfile.32
                0x00000000c001f702                LinkedList<UnixFile>::LinkedList()
                0x00000000c001f702                LinkedList<UnixFile>::LinkedList()

.text._ZN10LinkedListI8UnixFileE10addElementEPS0_
                0x00000000c001f75a       0xd3
 .text._ZN10LinkedListI8UnixFileE10addElementEPS0_
                0x00000000c001f75a       0xd3 core/unixfile.32
                0x00000000c001f75a                LinkedList<UnixFile>::addElement(UnixFile*)

.text._ZN10LinkedListI8UnixFileE15getFirstElementEv
                0x00000000c001f82e        0x7
 .text._ZN10LinkedListI8UnixFileE15getFirstElementEv
                0x00000000c001f82e        0x7 core/unixfile.32
                0x00000000c001f82e                LinkedList<UnixFile>::getFirstElement()

.text._ZN10LinkedListI8UnixFileE11removeFirstEv
                0x00000000c001f836       0xa1
 .text._ZN10LinkedListI8UnixFileE11removeFirstEv
                0x00000000c001f836       0xa1 core/unixfile.32
                0x00000000c001f836                LinkedList<UnixFile>::removeFirst()

.text._ZN10LinkedListI8UnixFileE7getNextEPS0_
                0x00000000c001f8d8        0x8
 .text._ZN10LinkedListI8UnixFileE7getNextEPS0_
                0x00000000c001f8d8        0x8 core/unixfile.32
                0x00000000c001f8d8                LinkedList<UnixFile>::getNext(UnixFile*)

.text._ZN16DriverlessDeviceD2Ev
                0x00000000c001f8e0       0x1a
 .text._ZN16DriverlessDeviceD2Ev
                0x00000000c001f8e0       0x1a hal/device.32
                0x00000000c001f8e0                DriverlessDevice::~DriverlessDevice()
                0x00000000c001f8e0                DriverlessDevice::~DriverlessDevice()

.text._ZN16DriverlessDeviceD0Ev
                0x00000000c001f8fa       0x2a
 .text._ZN16DriverlessDeviceD0Ev
                0x00000000c001f8fa       0x2a hal/device.32
                0x00000000c001f8fa                DriverlessDevice::~DriverlessDevice()

.text._ZN10LinkedListI6DeviceE10addElementEPS0_
                0x00000000c001f924       0xdc
 .text._ZN10LinkedListI6DeviceE10addElementEPS0_
                0x00000000c001f924       0xdc hal/device.32
                0x00000000c001f924                LinkedList<Device>::addElement(Device*)

.text._ZN10LinkedListI6DeviceEC2Ev
                0x00000000c001fa00       0x58
 .text._ZN10LinkedListI6DeviceEC2Ev
                0x00000000c001fa00       0x58 hal/device.32
                0x00000000c001fa00                LinkedList<Device>::LinkedList()
                0x00000000c001fa00                LinkedList<Device>::LinkedList()

.text._ZN3CPU7readCR0Ev
                0x00000000c001fa58       0x12
 .text._ZN3CPU7readCR0Ev
                0x00000000c001fa58       0x12 hal/fpu.32
                0x00000000c001fa58                CPU::readCR0()

.text._ZN3CPU8writeCR0Em
                0x00000000c001fa6a        0x9
 .text._ZN3CPU8writeCR0Em
                0x00000000c001fa6a        0x9 hal/fpu.32
                0x00000000c001fa6a                CPU::writeCR0(unsigned long)

.text._ZN3CPU7readDR0Ev
                0x00000000c001fa73       0x12
 .text._ZN3CPU7readDR0Ev
                0x00000000c001fa73       0x12 hal/intctrl.32
                0x00000000c001fa73                CPU::readDR0()

.text._ZN3CPU7readDR1Ev
                0x00000000c001fa85       0x12
 .text._ZN3CPU7readDR1Ev
                0x00000000c001fa85       0x12 hal/intctrl.32
                0x00000000c001fa85                CPU::readDR1()

.text._ZN3CPU7readDR2Ev
                0x00000000c001fa97       0x12
 .text._ZN3CPU7readDR2Ev
                0x00000000c001fa97       0x12 hal/intctrl.32
                0x00000000c001fa97                CPU::readDR2()

.text._ZN3CPU7readDR3Ev
                0x00000000c001faa9       0x12
 .text._ZN3CPU7readDR3Ev
                0x00000000c001faa9       0x12 hal/intctrl.32
                0x00000000c001faa9                CPU::readDR3()

.text._ZN3CPU7readDR6Ev
                0x00000000c001fabb       0x12
 .text._ZN3CPU7readDR6Ev
                0x00000000c001fabb       0x12 hal/intctrl.32
                0x00000000c001fabb                CPU::readDR6()

.text._ZN3CPU7readDR7Ev
                0x00000000c001facd       0x12
 .text._ZN3CPU7readDR7Ev
                0x00000000c001facd       0x12 hal/intctrl.32
                0x00000000c001facd                CPU::readDR7()

.text._ZN10LinkedListIV18ThreadControlBlockE15getFirstElementEv
                0x00000000c001fae0        0x7
 .text._ZN10LinkedListIV18ThreadControlBlockE15getFirstElementEv
                0x00000000c001fae0        0x7 hal/timer.32
                0x00000000c001fae0                LinkedList<ThreadControlBlock volatile>::getFirstElement()

.text._ZN10LinkedListIV18ThreadControlBlockE7isEmptyEv
                0x00000000c001fae8       0x1c
 .text._ZN10LinkedListIV18ThreadControlBlockE7isEmptyEv
                0x00000000c001fae8       0x1c hal/timer.32
                0x00000000c001fae8                LinkedList<ThreadControlBlock volatile>::isEmpty()

.text._ZN10LinkedListIV18ThreadControlBlockE11removeFirstEv
                0x00000000c001fb04       0xae
 .text._ZN10LinkedListIV18ThreadControlBlockE11removeFirstEv
                0x00000000c001fb04       0xae hal/timer.32
                0x00000000c001fb04                LinkedList<ThreadControlBlock volatile>::removeFirst()

.text._ZN10LinkedListIV18ThreadControlBlockE10addElementEPS1_
                0x00000000c001fbb2       0xd3
 .text._ZN10LinkedListIV18ThreadControlBlockE10addElementEPS1_
                0x00000000c001fbb2       0xd3 hal/timer.32
                0x00000000c001fbb2                LinkedList<ThreadControlBlock volatile>::addElement(ThreadControlBlock volatile*)

.text._ZN4ACPID2Ev
                0x00000000c001fc86       0x23
 .text._ZN4ACPID2Ev
                0x00000000c001fc86       0x23 hw/acpi.32
                0x00000000c001fc86                ACPI::~ACPI()
                0x00000000c001fc86                ACPI::~ACPI()

.text._ZN4ACPID0Ev
                0x00000000c001fcaa       0x2a
 .text._ZN4ACPID0Ev
                0x00000000c001fcaa       0x2a hw/acpi.32
                0x00000000c001fcaa                ACPI::~ACPI()

.text._ZN3CPUD2Ev
                0x00000000c001fcd4       0x23
 .text._ZN3CPUD2Ev
                0x00000000c001fcd4       0x23 hw/cpu.32
                0x00000000c001fcd4                CPU::~CPU()
                0x00000000c001fcd4                CPU::~CPU()

.text._ZN3CPUD0Ev
                0x00000000c001fcf8       0x2a
 .text._ZN3CPUD0Ev
                0x00000000c001fcf8       0x2a hw/cpu.32
                0x00000000c001fcf8                CPU::~CPU()

.text._ZN3CPU7readCR4Ev
                0x00000000c001fd22       0x12
 .text._ZN3CPU7readCR4Ev
                0x00000000c001fd22       0x12 hw/cpu.32
                0x00000000c001fd22                CPU::readCR4()

.text._ZN3CPU8writeDR7Em
                0x00000000c001fd34        0x9
 .text._ZN3CPU8writeDR7Em
                0x00000000c001fd34        0x9 hw/cpu.32
                0x00000000c001fd34                CPU::writeDR7(unsigned long)

.text._ZN3CPU8writeCR4Em
                0x00000000c001fd3d        0x9
 .text._ZN3CPU8writeCR4Em
                0x00000000c001fd3d        0x9 hw/cpu.32
                0x00000000c001fd3d                CPU::writeCR4(unsigned long)

.text._ZN3CPU7readCR2Ev
                0x00000000c001fd46       0x12
 .text._ZN3CPU7readCR2Ev
                0x00000000c001fd46       0x12 krnl/panic.32
                0x00000000c001fd46                CPU::readCR2()

.text._ZN10LinkedListIV18ThreadControlBlockED2Ev
                0x00000000c001fd58        0x2
 .text._ZN10LinkedListIV18ThreadControlBlockED2Ev
                0x00000000c001fd58        0x2 thr/prcssthr.32
                0x00000000c001fd58                LinkedList<ThreadControlBlock volatile>::~LinkedList()
                0x00000000c001fd58                LinkedList<ThreadControlBlock volatile>::~LinkedList()

.text._ZN18ThreadControlBlockC2Ev
                0x00000000c001fd5a       0x3e
 .text._ZN18ThreadControlBlockC2Ev
                0x00000000c001fd5a       0x3e thr/prcssthr.32
                0x00000000c001fd5a                ThreadControlBlock::ThreadControlBlock()
                0x00000000c001fd5a                ThreadControlBlock::ThreadControlBlock()

.text._ZN10LinkedListIV18ThreadControlBlockEC2Ev
                0x00000000c001fd98       0x58
 .text._ZN10LinkedListIV18ThreadControlBlockEC2Ev
                0x00000000c001fd98       0x58 thr/prcssthr.32
                0x00000000c001fd98                LinkedList<ThreadControlBlock volatile>::LinkedList()
                0x00000000c001fd98                LinkedList<ThreadControlBlock volatile>::LinkedList()

.text._ZN10LinkedListIV18ThreadControlBlockE7getNextEPS1_
                0x00000000c001fdf0        0x8
 .text._ZN10LinkedListIV18ThreadControlBlockE7getNextEPS1_
                0x00000000c001fdf0        0x8 thr/prcssthr.32
                0x00000000c001fdf0                LinkedList<ThreadControlBlock volatile>::getNext(ThreadControlBlock volatile*)

.text._ZN3PCID2Ev
                0x00000000c001fdf8       0x23
 .text._ZN3PCID2Ev
                0x00000000c001fdf8       0x23 hw/bus/pci.32
                0x00000000c001fdf8                PCI::~PCI()
                0x00000000c001fdf8                PCI::~PCI()

.text._ZN3PCID0Ev