Archive member included to satisfy reference by file (symbol)

/cygdrive/d/Users/Alex/Desktop/Toolchain/Output/bin/../lib/gcc/i386-banana/8.1.0/libkgcc.a(_divdi3.o)
                              compat/resolve.32 (__divdi3)
/cygdrive/d/Users/Alex/Desktop/Toolchain/Output/bin/../lib/gcc/i386-banana/8.1.0/libkgcc.a(_moddi3.o)
                              compat/resolve.32 (__moddi3)
/cygdrive/d/Users/Alex/Desktop/Toolchain/Output/bin/../lib/gcc/i386-banana/8.1.0/libkgcc.a(_udivdi3.o)
                              compat/resolve.32 (__udivdi3)
/cygdrive/d/Users/Alex/Desktop/Toolchain/Output/bin/../lib/gcc/i386-banana/8.1.0/libkgcc.a(_umoddi3.o)
                              compat/resolve.32 (__umoddi3)

Discarded input sections

 .comment       0x0000000000000000       0x12 /cygdrive/d/Users/Alex/Desktop/Toolchain/Output/bin/../lib/gcc/i386-banana/8.1.0/crtbegin.o
 .comment       0x0000000000000000       0x12 acpica/utclib.32
 .comment       0x0000000000000000       0x12 core/malloc.32
 .comment       0x0000000000000000       0x12 libk/string.32
 .comment       0x0000000000000000       0x12 fs/fat/diskio.32
 .comment       0x0000000000000000       0x12 fs/fat/ff.32
 .comment       0x0000000000000000       0x12 fs/fat/ffsystem.32
 .comment       0x0000000000000000       0x12 fs/fat/ffunicode.32
 .comment       0x0000000000000000       0x12 compat/inlines.32
 .comment       0x0000000000000000       0x12 compat/resolve.32
 .group         0x0000000000000000       0x14 core/computer.32
 .group         0x0000000000000000        0xc core/computer.32
 .comment       0x0000000000000000       0x12 core/computer.32
 .comment       0x0000000000000000       0x12 core/gdt.32
 .group         0x0000000000000000        0xc core/idle.32
 .comment       0x0000000000000000       0x12 core/idle.32
 .comment       0x0000000000000000       0x12 core/idt.32
 .comment       0x0000000000000000       0x12 core/kheap.32
 .comment       0x0000000000000000       0x12 core/main.32
 .comment       0x0000000000000000       0x12 core/physmgr.32
 .group         0x0000000000000000        0xc core/pipe.32
 .comment       0x0000000000000000       0x12 core/pipe.32
 .group         0x0000000000000000        0xc core/terminal.32
 .comment       0x0000000000000000       0x12 core/terminal.32
 .comment       0x0000000000000000       0x12 core/tss.32
 .group         0x0000000000000000        0x8 core/unixfile.32
 .group         0x0000000000000000        0x8 core/unixfile.32
 .group         0x0000000000000000        0xc core/unixfile.32
 .group         0x0000000000000000        0x8 core/unixfile.32
 .group         0x0000000000000000        0xc core/unixfile.32
 .group         0x0000000000000000        0x8 core/unixfile.32
 .group         0x0000000000000000        0xc core/unixfile.32
 .group         0x0000000000000000        0xc core/unixfile.32
 .comment       0x0000000000000000       0x12 core/unixfile.32
 .comment       0x0000000000000000       0x12 core/virtmgr.32
 .comment       0x0000000000000000       0x12 coreobjs/c++.32
 .comment       0x0000000000000000       0x12 dbg/kconsole.32
 .group         0x0000000000000000        0xc fs/vfs.32
 .group         0x0000000000000000        0xc fs/vfs.32
 .group         0x0000000000000000        0xc fs/vfs.32
 .comment       0x0000000000000000       0x12 fs/vfs.32
 .group         0x0000000000000000        0xc hal/bus.32
 .comment       0x0000000000000000       0x12 hal/bus.32
 .comment       0x0000000000000000       0x12 hal/buzzer.32
 .group         0x0000000000000000        0xc hal/clock.32
 .comment       0x0000000000000000       0x12 hal/clock.32
 .group         0x0000000000000000       0x14 hal/device.32
 .group         0x0000000000000000        0xc hal/device.32
 .group         0x0000000000000000        0x8 hal/device.32
 .group         0x0000000000000000        0xc hal/device.32
 .group         0x0000000000000000        0xc hal/device.32
 .comment       0x0000000000000000       0x12 hal/device.32
 .group         0x0000000000000000        0xc hal/diskctrl.32
 .comment       0x0000000000000000       0x12 hal/diskctrl.32
 .group         0x0000000000000000        0xc hal/diskphys.32
 .comment       0x0000000000000000       0x12 hal/diskphys.32
 .comment       0x0000000000000000       0x12 hal/fpu.32
 .comment       0x0000000000000000       0x12 hal/intctrl.32
 .group         0x0000000000000000        0xc hal/keybrd.32
 .comment       0x0000000000000000       0x12 hal/keybrd.32
 .group         0x0000000000000000        0xc hal/logidisk.32
 .comment       0x0000000000000000       0x12 hal/logidisk.32
 .group         0x0000000000000000        0xc hal/mouse.32
 .comment       0x0000000000000000       0x12 hal/mouse.32
 .comment       0x0000000000000000       0x12 hal/partition.32
 .group         0x0000000000000000        0xc hal/serial.32
 .comment       0x0000000000000000       0x12 hal/serial.32
 .group         0x0000000000000000        0x8 hal/timer.32
[...]
Memory Configuration

Name             Origin             Length             Attributes
*default*        0x0000000000000000 0xffffffffffffffff

Linker script and memory map

LOAD D:/Users/Alex/Desktop/Banana/kernel/boot.32
LOAD crti.32
LOAD /cygdrive/d/Users/Alex/Desktop/Toolchain/Output/bin/../lib/gcc/i386-banana/8.1.0/crtbegin.o
LOAD D:/Users/Alex/Desktop/Banana/kernel/morenasm.32
LOAD acpica/utclib.32
LOAD core/malloc.32
LOAD libk/string.32
LOAD fs/fat/diskio.32
LOAD fs/fat/ff.32
LOAD fs/fat/ffsystem.32
LOAD fs/fat/ffunicode.32
LOAD compat/inlines.32
LOAD compat/resolve.32
LOAD core/computer.32
LOAD core/gdt.32
LOAD core/idle.32
LOAD core/idt.32
LOAD core/kheap.32
LOAD core/main.32
LOAD core/physmgr.32
LOAD core/pipe.32
LOAD core/terminal.32
LOAD core/tss.32
LOAD core/unixfile.32
LOAD core/virtmgr.32
LOAD coreobjs/c++.32
LOAD dbg/kconsole.32
LOAD fs/vfs.32
LOAD hal/bus.32
LOAD hal/buzzer.32
LOAD hal/clock.32
LOAD hal/device.32
LOAD hal/diskctrl.32
LOAD hal/diskphys.32
LOAD hal/fpu.32
LOAD hal/intctrl.32
LOAD hal/keybrd.32
LOAD hal/logidisk.32
LOAD hal/mouse.32
LOAD hal/partition.32
LOAD hal/serial.32
LOAD hal/timer.32
LOAD hal/vcache.32
LOAD hal/video.32
LOAD hw/acpi.32
LOAD hw/cpu.32
LOAD krnl/env.32
LOAD krnl/panic.32
LOAD krnl/powctrl.32
LOAD reg/registry.32
LOAD sys/sc_eject.32
LOAD sys/sc_exit.32
LOAD sys/sc_getcwd.32
LOAD sys/sc_getpid.32
LOAD sys/sc_getramdata.32
LOAD sys/sc_getvgaptr.32
LOAD sys/sc_loaddll.32
LOAD sys/sc_read.32
LOAD sys/sc_sbrk.32
LOAD sys/sc_setcwd.32
LOAD sys/sc_settime.32
LOAD sys/sc_timezone.32
LOAD sys/sc_write.32
LOAD sys/sc_wsbe.32
LOAD sys/sc_yield.32
LOAD sys/syscalls.32
LOAD thr/elf.32
LOAD thr/prcssthr.32
LOAD vm86/vm8086.32
LOAD arch/i386/hal.32
LOAD arch/i386/pic.32
LOAD arch/i386/rtc.32
LOAD arch/i386/vga.32
LOAD fs/fat/vfslink.32
LOAD fs/iso9660/vfslink.32
LOAD hal/sound/sndcard.32
LOAD hal/sound/sndport.32
LOAD hw/bus/isa.32
LOAD hw/bus/pci.32
LOAD hw/diskctrl/ide.32
LOAD hw/diskctrl/satabus.32
LOAD hw/diskphys/ata.32
LOAD hw/diskphys/atapi.32
LOAD hw/diskphys/sata.32
LOAD hw/diskphys/satapi.32
LOAD hw/intctrl/apic.32
LOAD hw/timer/apictimer.32
LOAD hw/timer/pit.32
LOAD arch/i386/avx.32
LOAD arch/i386/interrupt.32
LOAD arch/i386/rdrand.32
LOAD arch/i386/sse.32
LOAD arch/i386/x87.32
LOAD /cygdrive/d/Users/Alex/Desktop/Toolchain/Output/bin/../lib/gcc/i386-banana/8.1.0/crtend.o
LOAD crtn.32
LOAD /cygdrive/d/Users/Alex/Desktop/Toolchain/Output/bin/../lib/gcc/i386-banana/8.1.0/libkgcc.a
LOAD D:/Users/Alex/Desktop/Banana/kernel/libsoftfp.a
LOAD D:/Users/Alex/Desktop/Banana/kernel/libk/libm32.a
                0x00000000c0000000                . = 0xc0000000

.text           0x00000000c0000000    0x1b87a
 *(.text)
 .text          0x00000000c0000000       0x41 D:/Users/Alex/Desktop/Banana/kernel/boot.32
                0x00000000c0000020                callGlobalConstructors
 .text          0x00000000c0000041        0x0 crti.32
 *fill*         0x00000000c0000041        0x3 
 .text          0x00000000c0000044      0x101 /cygdrive/d/Users/Alex/Desktop/Toolchain/Output/bin/../lib/gcc/i386-banana/8.1.0/crtbegin.o
 *fill*         0x00000000c0000145        0xb 
 .text          0x00000000c0000150      0x252 D:/Users/Alex/Desktop/Banana/kernel/morenasm.32
                0x00000000c0000150                manualPCIProbe
                0x00000000c000019b                prepareTramp
                0x00000000c00001b4                doTPAUSE
                0x00000000c00001be                hasLegacyFPU
                0x00000000c00001e3                is486
                0x00000000c0000219                detectCPUID
                0x00000000c000022f                goToVM86
                0x00000000c000025f                goToUsermode
                0x00000000c0000289                switchToThreadASMFirstTime
                0x00000000c0000297                switchToThreadASM
                0x00000000c000031f                asmQuickAcquireLock
                0x00000000c000033d                asmQuickReleaseLock
                0x00000000c0000349                asmAcquireLock
                0x00000000c000036a                asmReleaseLock
                0x00000000c000037d                loadGDT
                0x00000000c000039d                memcpy
 *fill*         0x00000000c00003a2        0xe 
 .text          0x00000000c00003b0      0x79e acpica/utclib.32
                0x00000000c00003b0                memcmp
                0x00000000c0000400                memmove
                0x00000000c00004f0                memset
                0x00000000c0000560                strlen
                0x00000000c0000590                strpbrk
                0x00000000c00005d0                strtok
                0x00000000c0000620                strcpy
                0x00000000c0000650                strncpy
                0x00000000c0000700                strcmp
                0x00000000c0000750                strchr
                0x00000000c0000780                strncmp
                0x00000000c00007e0                strcat
                0x00000000c0000810                strncat
                0x00000000c0000870                strstr
                0x00000000c00008d0                toupper
                0x00000000c00008f0                tolower
                0x00000000c0000910                simple_strtoul
 .text          0x00000000c0000b4e      0xfad core/malloc.32
                0x00000000c0000cb9                dlfree
                0x00000000c0001014                dlmalloc
                0x00000000c0001551                dlrealloc
                0x00000000c00016f4                dlmemalign
                0x00000000c0001817                dlcalloc
                0x00000000c00018b1                dlcfree
                0x00000000c00018b6                dlindependent_calloc
                0x00000000c00018db                dlindependent_comalloc
                0x00000000c00018f2                dlvalloc
                0x00000000c000191d                dlpvalloc
                0x00000000c0001953                dlmalloc_trim
                0x00000000c0001960                dlmalloc_usable_size
                0x00000000c0001991                dlmallinfo
                0x00000000c0001a60                dlmalloc_stats
                0x00000000c0001a71                dlmallopt
 .text          0x00000000c0001afb        0x0 libk/string.32
 .text          0x00000000c0001afb       0x51 fs/fat/diskio.32
                0x00000000c0001afb                disk_status
                0x00000000c0001afe                disk_initialize
                0x00000000c0001b01                disk_read
                0x00000000c0001b17                disk_write
                0x00000000c0001b2d                disk_ioctl
 .text          0x00000000c0001b4c     0x3d4b fs/fat/ff.32
                0x00000000c00038e8                f_mount
                0x00000000c000394a                f_open
                0x00000000c0003c15                f_read
                0x00000000c0003e14                f_write
                0x00000000c0004048                f_sync
                0x00000000c00040fd                f_close
                0x00000000c000412c                f_lseek
                0x00000000c00042d3                f_opendir
                0x00000000c000439e                f_closedir
                0x00000000c00043c0                f_readdir
                0x00000000c0004452                f_stat
                0x00000000c00044d1                f_getfree
                0x00000000c00045d3                f_truncate
                0x00000000c00046b7                f_unlink
                0x00000000c00047d9                f_mkdir
                0x00000000c0004974                f_rename
                0x00000000c0004b2a                f_chmod
                0x00000000c0004bd3                f_utime
                0x00000000c0004c81                f_getlabel
                0x00000000c0004dd2                f_setlabel
                0x00000000c0004f62                f_expand
                0x00000000c00050c2                f_mkfs
 *fill*         0x00000000c0005897        0x1 
 .text          0x00000000c0005898       0x2f fs/fat/ffsystem.32
                0x00000000c0005898                ff_memalloc
                0x00000000c00058b0                ff_memfree
 *fill*         0x00000000c00058c7        0x1 
 .text          0x00000000c00058c8      0x2a8 fs/fat/ffunicode.32
                0x00000000c00058c8                ff_uni2oem
                0x00000000c0005968                ff_oem2uni
                0x00000000c00059e0                ff_wtoupper
 .text          0x00000000c0005b70       0x94 compat/inlines.32
                0x00000000c0005b70                CPU::current()
                0x00000000c0005b7c                operator new(unsigned long)
                0x00000000c0005b81                operator delete(void*)
                0x00000000c0005b86                disableIRQs()
                0x00000000c0005b88                enableIRQs()
                0x00000000c0005b8a                lockScheduler()
                0x00000000c0005b92                unlockScheduler()
                0x00000000c0005ba1                lockStuff()
                0x00000000c0005baf                unlockStuff()
                0x00000000c0005be9                Virt::getAKernelVAS()
                0x00000000c0005bef                __not_memcpy
 .text          0x00000000c0005c04      0x118 compat/resolve.32
                0x00000000c0005c04                Krnl::resolveCompatibilitySymbol(char*)
 .text          0x00000000c0005d1c      0x68b core/computer.32
                0x00000000c0005d1c                Computer::close(int, int, void*)
                0x00000000c0005d61                Krnl::firstTask()
                0x00000000c0005e9a                Computer::Computer()
                0x00000000c0005e9a                Computer::Computer()
                0x00000000c0005f4c                Computer::setBootMessage(char const*)
                0x00000000c0005f4e                Computer::detectFeatures()
                0x00000000c0006158                Computer::displayFeatures()
                0x00000000c000615a                Computer::rdmsr(unsigned int)
                0x00000000c0006186                Computer::wrmsr(unsigned int, unsigned long long)
                0x00000000c00061be                Computer::shutdown()
                0x00000000c00061d6                Computer::restart()
                0x00000000c00061ee                Computer::sleep()
                0x00000000c0006202                Computer::nmiEnabled()
                0x00000000c000620e                Computer::readCMOS(unsigned char)
                0x00000000c0006228                Computer::enableNMI(bool)
                0x00000000c0006240                Computer::open(int, int, void*)
                0x00000000c0006314                Computer::disableNMI()
                0x00000000c0006324                Computer::writeCMOS(unsigned char, unsigned char)
                0x00000000c0006342                Computer::handleNMI()
 *fill*         0x00000000c00063a7        0x1 
 .text          0x00000000c00063a8      0x211 core/gdt.32
                0x00000000c00063a8                GDTEntry::setBase(unsigned int)
                0x00000000c00063c4                GDTEntry::setLimit(unsigned int)
                0x00000000c00063e2                GDT::GDT()
                0x00000000c00063e2                GDT::GDT()
                0x00000000c00063f8                GDT::addEntry(GDTEntry)
                0x00000000c000641a                GDT::getNumberOfEntries()
                0x00000000c0006422                GDT::flush()
                0x00000000c0006444                GDT::setup()
 .text          0x00000000c00065b9       0x19 core/idle.32
                0x00000000c00065b9                idleFunction(void*)
 *fill*         0x00000000c00065d2        0x2 
 .text          0x00000000c00065d4      0x464 core/idt.32
                0x00000000c00065d4                IDTEntry::IDTEntry(bool)
                0x00000000c00065d4                IDTEntry::IDTEntry(bool)
                0x00000000c0006646                IDTEntry::setOffset(unsigned int)
                0x00000000c000665c                IDT::IDT()
                0x00000000c000665c                IDT::IDT()
                0x00000000c000665e                IDT::getPointerToInvalidOpcodeEntryForF00F()
                0x00000000c0006666                IDT::addEntry(IDTEntry, int)
                0x00000000c0006680                IDT::addEntry(int, void (*)(), bool)
                0x00000000c00066b8                IDT::flush()
                0x00000000c00066d2                IDT::setup()
 .text          0x00000000c0006a38      0x183 core/kheap.32
                0x00000000c0006a38                sbrk
                0x00000000c0006acd                mmap
                0x00000000c0006ae3                munmap
                0x00000000c0006af9                liballoc_lock()
                0x00000000c0006b06                liballoc_unlock()
                0x00000000c0006b1a                liballoc_alloc(int)
                0x00000000c0006b32                liballoc_free(void*, int)
                0x00000000c0006b4d                realloc
                0x00000000c0006b61                malloc
                0x00000000c0006b71                free
                0x00000000c0006b81                rfree
                0x00000000c0006b91                calloc
 .text          0x00000000c0006bbb      0x1b4 core/main.32
                0x00000000c0006bbb                Krnl::setBootMessage(char const*)
                0x00000000c0006c27                kernel_main
 .text          0x00000000c0006d6f      0x5dc core/physmgr.32
                0x00000000c0006d6f                Phys::allocateDMA(unsigned long)
                0x00000000c0006e46                Phys::freeDMA(unsigned long, unsigned long)
                0x00000000c0006e79                Phys::setPageState(unsigned long, bool)
                0x00000000c0006eab                Phys::getPageState(unsigned long)
                0x00000000c0006ecc                Phys::freePage(unsigned long)
                0x00000000c0006f2e                Phys::allocatePage()
                0x00000000c0006fec                Phys::allocateContiguousPages(int)
                0x00000000c0007048                Phys::allowSegmentToBeUsed(unsigned long, unsigned long)
                0x00000000c0007080                Phys::physicalMemorySetup(unsigned int)
 *fill*         0x00000000c000734b        0x1 
 .text          0x00000000c000734c      0x273 core/pipe.32
                0x00000000c000734c                Pipe::isAtty()
                0x00000000c0007350                Pipe::~Pipe()
                0x00000000c0007350                Pipe::~Pipe()
                0x00000000c0007374                Pipe::~Pipe()
                0x00000000c000739c                Pipe::write(unsigned long long, void*, int*)
                0x00000000c000745c                Pipe::read(unsigned long long, void*, int*)
                0x00000000c0007558                Pipe::Pipe(int)
                0x00000000c0007558                Pipe::Pipe(int)
 *fill*         0x00000000c00075bf        0x1 
 .text          0x00000000c00075c0      0xa1e core/terminal.32
                0x00000000c00075c0                VgaText::isAtty()
                0x00000000c00075c4                VgaText::~VgaText()
                0x00000000c00075c4                VgaText::~VgaText()
                0x00000000c00075e8                VgaText::~VgaText()
                0x00000000c0007612                VgaText::read(unsigned long long, void*, int*)
                0x00000000c0007632                setTerminalScrollLock(bool)
                0x00000000c0007633                doTerminalCycle()
                0x00000000c0007634                addToTerminalCycle(VgaText*)
                0x00000000c0007635                scrollTerminalScrollLock(int)
                0x00000000c0007636                VgaText::updateTitle()
                0x00000000c0007638                VgaText::load()
                0x00000000c000763a                VgaText::updateCursor()
                0x00000000c0007650                VgaText::doANSI_SGR(int)
                0x00000000c00076c4                VgaText::setDefaultBgColour(VgaColour)
                0x00000000c00076d4                VgaText::setDefaultFgColour(VgaColour)
                0x00000000c00076e4                VgaText::setDefaultColours(VgaColour, VgaColour)
                0x00000000c0007704                VgaText::setTitleTextColour(VgaColour)
                0x00000000c0007710                VgaText::setTitleColour(VgaColour)
                0x00000000c000771c                VgaText::setTitle(char*)
                0x00000000c000771e                VgaText::combineColours(unsigned char, unsigned char)
                0x00000000c0007730                VgaText::scrollScreen()
                0x00000000c00077c8                VgaText::combineCharAndColour(char, unsigned char)
                0x00000000c00077da                VgaText::writeCharacter(char, VgaColour, VgaColour, int, int)
                0x00000000c000786a                VgaText::getCursorX()
                0x00000000c0007872                VgaText::getCursorY()
                0x00000000c000787a                VgaText::setCursor(int, int)
                0x00000000c0007891                setActiveTerminal(VgaText*)
                0x00000000c00078dc                VgaText::clearScreen()
                0x00000000c000792a                VgaText::setCursorX(int)
                0x00000000c0007942                VgaText::setCursorY(int)
                0x00000000c000795a                VgaText::incrementCursor(bool)
                0x00000000c00079ae                VgaText::decrementCursor(bool)
                0x00000000c00079d0                VgaText::putchar(char, VgaColour, VgaColour)
                0x00000000c0007a9e                VgaText::putchar(char)
                0x00000000c0007b8a                VgaText::putx(unsigned int)
                0x00000000c0007bd0                VgaText::puts(char const*)
                0x00000000c0007bf6                VgaText::write(unsigned long long, void*, int*)
                0x00000000c0007c42                VgaText::puts(char const*, VgaColour, VgaColour)
                0x00000000c0007d94                VgaText::VgaText(char const*)
                0x00000000c0007d94                VgaText::VgaText(char const*)
                0x00000000c0007ee0                VgaText::receiveKey(unsigned char)
                0x00000000c0007fb8                VgaText::doUpdate()
                0x00000000c0007fb9                newTerminal(char*)
 *fill*         0x00000000c0007fde        0x2 
 .text          0x00000000c0007fe0      0x1a1 core/tss.32
                0x00000000c0007fe0                TSS::TSS()
                0x00000000c0007fe0                TSS::TSS()
                0x00000000c0007ff0                TSS::setESP(unsigned long)
                0x00000000c0008004                TSS::flush()
                0x00000000c0008024                TSS::setup(unsigned long, unsigned long)
 *fill*         0x00000000c0008181        0x1 
 .text          0x00000000c0008182      0x4c2 core/unixfile.32
                0x00000000c0008182                ReservedFilename::read(unsigned long long, void*, int*)
                0x00000000c00081d8                ReservedFilename::isAtty()
                0x00000000c00081f4                ReservedFilename::write(unsigned long long, void*, int*)
                0x00000000c0008252                UnixFile::getFileDescriptor()
                0x00000000c000825a                UnixFile::UnixFile(int)
                0x00000000c000825a                UnixFile::UnixFile(int)
                0x00000000c000840a                ReservedFilename::ReservedFilename(int)
                0x00000000c000840a                ReservedFilename::ReservedFilename(int)
                0x00000000c000843c                UnixFile::~UnixFile()
                0x00000000c000843c                UnixFile::~UnixFile()
                0x00000000c00084d4                UnixFile::~UnixFile()
                0x00000000c00084fc                ReservedFilename::~ReservedFilename()
                0x00000000c00084fc                ReservedFilename::~ReservedFilename()
                0x00000000c0008520                ReservedFilename::~ReservedFilename()
                0x00000000c0008547                getFromFileDescriptor(int)
 .text          0x00000000c0008644     0x1166 core/virtmgr.32
                0x00000000c0008644                Virt::setPageState(unsigned long, Virt::VirtPageState)
                0x00000000c0008679                Virt::getPageState(unsigned long)
                0x00000000c000869d                Virt::allocateKernelVirtualPages(int)
                0x00000000c00087ae                Virt::freeSwapfilePage(unsigned long)
                0x00000000c00087cc                Virt::swapIDToSector(unsigned long)
                0x00000000c00087de                Virt::allocateSwapfilePage()
                0x00000000c000885c                Virt::virtualMemorySetup()
                0x00000000c00088a7                Virt::setupPageSwapping(int)
                0x00000000c0008918                VAS::VAS()
                0x00000000c0008918                VAS::VAS()
                0x00000000c0008954                VAS::VAS(VAS*)
                0x00000000c0008954                VAS::VAS(VAS*)
                0x00000000c0008982                VAS::getForeignPageTableEntry(bool, unsigned long)
                0x00000000c00089ae                VAS::getPageTableEntry(unsigned long)
                0x00000000c00089cd                Virt::freeKernelVirtualPages(unsigned long)
                0x00000000c0008af2                VAS::freeAllocatedPages(unsigned long)
                0x00000000c0008b16                VAS::virtualToPhysical(unsigned long)
                0x00000000c0008b30                VAS::reflagRange(unsigned long, int, int, int)
                0x00000000c0008b70                VAS::setToWriteCombining(unsigned long, int)
                0x00000000c0008ba4                VAS::mapOtherVASIn(bool, VAS*)
                0x00000000c0008bce                VAS::~VAS()
                0x00000000c0008bce                VAS::~VAS()
                0x00000000c0008d32                VAS::mapPage(unsigned long, unsigned long, int)
                0x00000000c0008e36                VAS::allocatePages(int, int)
                0x00000000c000900e                VAS::setCPUSpecific(unsigned long)
                0x00000000c000902c                VAS::mapRange(unsigned long, unsigned long, int, int)
                0x00000000c00090f2                VAS::mapForeignPage(bool, VAS*, unsigned long, unsigned long, int)
                0x00000000c00091e0                VAS::VAS(bool)
                0x00000000c00091e0                VAS::VAS(bool)
                0x00000000c0009460                VAS::evict(unsigned long)
                0x00000000c0009522                VAS::tryLoadBackOffDisk(unsigned long)
                0x00000000c0009610                VAS::scanForEviction()
                0x00000000c00096f0                mapVASFirstTime
 .text          0x00000000c00097aa       0x5f coreobjs/c++.32
                0x00000000c00097aa                __cxa_atexit
                0x00000000c00097ad                __cxa_finalize
                0x00000000c00097ae                __stack_chk_fail
                0x00000000c00097e4                __cxa_pure_virtual
                0x00000000c00097f5                operator new[](unsigned long)
                0x00000000c00097fa                operator delete(void*, unsigned long)
                0x00000000c00097ff                operator delete[](void*)
                0x00000000c0009804                operator delete[](void*, unsigned long)
 .text          0x00000000c0009809      0x21c dbg/kconsole.32
                0x00000000c0009809                Dbg::stringifyxWithBase(unsigned int, char*, int)
                0x00000000c0009874                Dbg::logc(char)
                0x00000000c0009894                Dbg::logs(char*)
                0x00000000c00098b1                Dbg::logWriteInt(unsigned int)
                0x00000000c00098cf                Dbg::logWriteIntBase(unsigned int, int)
                0x00000000c00098f0                Dbg::kprintf(char const*, ...)
 *fill*         0x00000000c0009a25        0x1 
 .text          0x00000000c0009a26      0xc5c fs/vfs.32
                0x00000000c0009a26                File::read(unsigned long long, void*, int*)
                0x00000000c0009a7e                File::write(unsigned long long, void*, int*)
                0x00000000c0009ad6                Directory::read(unsigned long long, void*, int*)
                0x00000000c0009b2e                Directory::write(unsigned long long, void*, int*)
                0x00000000c0009b5c                File::isAtty()
                0x00000000c0009b60                Directory::isAtty()
                0x00000000c0009b64                Filesystem::getlabel(LogicalDisk*, int, char*, unsigned int*)
                0x00000000c0009b6a                Filesystem::setlabel(LogicalDisk*, int, char*)
                0x00000000c0009b70                Filesystem::allocateSwapfile(char const*, int)
                0x00000000c0009b76                File::~File()
                0x00000000c0009b76                File::~File()
                0x00000000c0009b9a                File::~File()
                0x00000000c0009bc4                Directory::~Directory()
                0x00000000c0009bc4                Directory::~Directory()
                0x00000000c0009be8                Directory::~Directory()
                0x00000000c0009c12                Filesystem::Filesystem()
                0x00000000c0009c12                Filesystem::Filesystem()
                0x00000000c0009c36                Filesystem::~Filesystem()
                0x00000000c0009c36                Filesystem::~Filesystem()
                0x00000000c0009c44                Filesystem::~Filesystem()
                0x00000000c0009c68                Fs::getcwd(Process*, char*, int)
                0x00000000c0009c92                Fs::initVFS()
                0x00000000c0009cbc                Fs::standardiseFiles(char*, char const*, char const*)
                0x00000000c0009e66                File::File(char const*, Process*)
                0x00000000c0009e66                File::File(char const*, Process*)
                0x00000000c0009f26                File::open(FileOpenMode)
                0x00000000c0009f84                File::close()
                0x00000000c0009fe4                File::seek(unsigned long long)
                0x00000000c000a03a                File::tell(unsigned long long*)
                0x00000000c000a08a                File::rewind()
                0x00000000c000a09e                File::unlink()
                0x00000000c000a0ea                File::rename(char const*)
                0x00000000c000a138                File::chfatattr(unsigned char, unsigned char)
                0x00000000c000a194                File::exists()
                0x00000000c000a1d2                File::stat(unsigned long long*, bool*)
                0x00000000c000a233                Fs::setcwd(Process*, char*)
                0x00000000c000a390                Directory::Directory(char const*, Process*)
                0x00000000c000a390                Directory::Directory(char const*, Process*)
                0x00000000c000a450                Directory::open()
                0x00000000c000a4ac                Directory::close()
                0x00000000c000a50c                Directory::unlink()
                0x00000000c000a558                Directory::rename(char const*)
                0x00000000c000a5a6                Directory::exists()
                0x00000000c000a5e4                Directory::read(dirent*)
                0x00000000c000a630                Directory::create()
                0x00000000c000a67c                Filesystem::chfatattr(char const*, unsigned char, unsigned char)
 *fill*         0x00000000c000a682        0x2 
 .text          0x00000000c000a684       0x86 hal/bus.32
                0x00000000c000a684                Bus::Bus(char const*)
                0x00000000c000a684                Bus::Bus(char const*)
                0x00000000c000a6bc                Bus::~Bus()
                0x00000000c000a6bc                Bus::~Bus()
                0x00000000c000a6e0                Bus::~Bus()
 .text          0x00000000c000a70a       0x96 hal/buzzer.32
                0x00000000c000a70a                beepThread(void*)
                0x00000000c000a747                Krnl::beep(int, int, bool)
 .text          0x00000000c000a7a0      0x46d hal/clock.32
                0x00000000c000a7a0                User::loadClockSettings(int)
                0x00000000c000a7f2                Clock::Clock(char const*)
                0x00000000c000a7f2                Clock::Clock(char const*)
                0x00000000c000a828                Clock::~Clock()
                0x00000000c000a828                Clock::~Clock()
                0x00000000c000a84c                Clock::~Clock()
                0x00000000c000a876                Clock::timeInSecondsLocal()
                0x00000000c000a8be                Clock::setTimeInSecondsLocal(unsigned long long)
                0x00000000c000a917                datetimeToSeconds(datetime_t)
                0x00000000c000aa44                Clock::setTimeInDatetimeLocal(datetime_t)
                0x00000000c000aaa4                secondsToDatetime(unsigned long long)
                0x00000000c000abe8                Clock::timeInDatetimeLocal()
 *fill*         0x00000000c000ac0d        0x1 
 .text          0x00000000c000ac0e      0x464 hal/device.32
                0x00000000c000ac0e                Device::hibernate()
                0x00000000c000ac10                Device::wake()
                0x00000000c000ac12                Device::detect()
                0x00000000c000ac14                Device::disableLegacy()
                0x00000000c000ac16                Device::powerSaving(PowerSavingLevel)
                0x00000000c000ac18                DriverlessDevice::close(int, int, void*)
                0x00000000c000ac1c                DriverlessDevice::detect()
                0x00000000c000ac1e                DriverlessDevice::open(int, int, void*)
                0x00000000c000ac32                Device::~Device()
                0x00000000c000ac32                Device::~Device()
                0x00000000c000ac40                Device::~Device()
                0x00000000c000ac68                Device::findAndLoadDriver()
                0x00000000c000ac76                Device::preOpenPCI(PCIDeviceInfo)
                0x00000000c000ac9c                Device::preOpenACPI(void*, char*, char*)
                0x00000000c000acdc                Device::addIRQHandler(int, void (*)(regs*, void*), bool, void*)
                0x00000000c000ad06                Device::getParent()
                0x00000000c000ad12                Device::removeIRQHandler(int, void (*)(regs*, void*), bool)
                0x00000000c000ad30                Device::addChild(Device*)
                0x00000000c000ad74                Device::removeAllChildren()
                0x00000000c000adba                Device::hibernateAll()
                0x00000000c000adea                Device::wakeAll()
                0x00000000c000ae1a                Device::detectAll()
                0x00000000c000ae4a                Device::disableLegacyAll()
                0x00000000c000ae4c                Device::loadDriversForAll()
                0x00000000c000ae4e                Device::closeAll()
                0x00000000c000ae84                Device::powerSavingAll(PowerSavingLevel)
                0x00000000c000aeba                Device::setName(char const*)
                0x00000000c000aec8                Device::Device(char const*)
                0x00000000c000aec8                Device::Device(char const*)
                0x00000000c000afc4                Device::getName()
                0x00000000c000afce                DriverlessDevice::DriverlessDevice(char const*)
                0x00000000c000afce                DriverlessDevice::DriverlessDevice(char const*)
                0x00000000c000b004                Device::addToLinkedList(LinkedList<Device>&, DeviceType)
                0x00000000c000b048                getDevicesOfType(DeviceType)
 *fill*         0x00000000c000b072        0x2 
 .text          0x00000000c000b074       0x86 hal/diskctrl.32
                0x00000000c000b074                HardDiskController::HardDiskController(char const*)
                0x00000000c000b074                HardDiskController::HardDiskController(char const*)
                0x00000000c000b0ac                HardDiskController::~HardDiskController()
                0x00000000c000b0ac                HardDiskController::~HardDiskController()
                0x00000000c000b0d0                HardDiskController::~HardDiskController()
 .text          0x00000000c000b0fa       0xe2 hal/diskphys.32
                0x00000000c000b0fa                PhysicalDisk::eject()
                0x00000000c000b0fe                PhysicalDisk::PhysicalDisk(char const*, int)
                0x00000000c000b0fe                PhysicalDisk::PhysicalDisk(char const*, int)
                0x00000000c000b166                PhysicalDisk::startCache()
                0x00000000c000b18e                PhysicalDisk::~PhysicalDisk()
                0x00000000c000b18e                PhysicalDisk::~PhysicalDisk()
                0x00000000c000b1b2                PhysicalDisk::~PhysicalDisk()
 .text          0x00000000c000b1dc        0x0 hal/fpu.32
 .text          0x00000000c000b1dc      0x35d hal/intctrl.32
                0x00000000c000b1dc                int_handler
                0x00000000c000b264                installISRHandler(int, void (*)(regs*, void*), void*)
                0x00000000c000b2ac                installIRQHandler(int, void (*)(regs*, void*), bool, void*)
                0x00000000c000b3e4                uninstallISRHandler(int, void (*)(regs*, void*))
                0x00000000c000b418                uninstallIRQHandler(int, void (*)(regs*, void*), bool)
                0x00000000c000b497                setupINTS()
                0x00000000c000b4f4                convertLegacyIRQNumber(int)
 *fill*         0x00000000c000b539        0x1 
 .text          0x00000000c000b53a      0x78c hal/keybrd.32
                0x00000000c000b53a                startGUI(void*)
                0x00000000c000b5a6                startGUIVESA(void*)
                0x00000000c000b612                sendKeyToTerminal(unsigned char)
                0x00000000c000b6d5                sendKeyboardToken(KeyboardToken)
                0x00000000c000bb15                clearInternalKeybuffer(VgaText*)
                0x00000000c000bb4a                readKeyboard(VgaText*, char*, unsigned long)
                0x00000000c000bc3c                Keyboard::Keyboard(char const*)
                0x00000000c000bc3c                Keyboard::Keyboard(char const*)
                0x00000000c000bc78                Keyboard::~Keyboard()
                0x00000000c000bc78                Keyboard::~Keyboard()
                0x00000000c000bc9c                Keyboard::~Keyboard()
 .text          0x00000000c000bcc6      0x3ea hal/logidisk.32
                0x00000000c000bcc6                LogicalDisk::close(int, int, void*)
                0x00000000c000bcca                LogicalDisk::~LogicalDisk()
                0x00000000c000bcca                LogicalDisk::~LogicalDisk()
                0x00000000c000bcee                LogicalDisk::~LogicalDisk()
                0x00000000c000bd18                LogicalDisk::open(int, int, void*)
                0x00000000c000bd2c                LogicalDisk::absoluteToRelative(unsigned long long)
                0x00000000c000bd64                LogicalDisk::relativeToAbsolute(unsigned long long)
                0x00000000c000bdaa                LogicalDisk::LogicalDisk(char const*, PhysicalDisk*, unsigned long long, unsigned long long)
                0x00000000c000bdaa                LogicalDisk::LogicalDisk(char const*, PhysicalDisk*, unsigned long long, unsigned long long)
                0x00000000c000be60                LogicalDisk::assignDriveLetter()
                0x00000000c000bf16                LogicalDisk::mount()
                0x00000000c000bf5e                LogicalDisk::unmount()
                0x00000000c000bf6e                LogicalDisk::eject()
                0x00000000c000bf82                LogicalDisk::unassignDriveLetter()
                0x00000000c000bfd8                LogicalDisk::read(unsigned long long, int, void*)
                0x00000000c000c044                LogicalDisk::write(unsigned long long, int, void*)
 .text          0x00000000c000c0b0       0x86 hal/mouse.32
                0x00000000c000c0b0                Mouse::Mouse(char const*)
                0x00000000c000c0b0                Mouse::Mouse(char const*)
                0x00000000c000c0e8                Mouse::~Mouse()
                0x00000000c000c0e8                Mouse::~Mouse()
                0x00000000c000c10c                Mouse::~Mouse()
 .text          0x00000000c000c136      0x339 hal/partition.32
                0x00000000c000c136                makePartition(PhysicalDisk*, unsigned long long, unsigned long long)
                0x00000000c000c1de                createPartitionsForDisk(PhysicalDisk*)
 *fill*         0x00000000c000c46f        0x1 
 .text          0x00000000c000c470       0x86 hal/serial.32
                0x00000000c000c470                Serial::Serial(char const*)
                0x00000000c000c470                Serial::Serial(char const*)
                0x00000000c000c4a8                Serial::~Serial()
                0x00000000c000c4a8                Serial::~Serial()
                0x00000000c000c4cc                Serial::~Serial()
 *fill*         0x00000000c000c4f6        0x2 
 .text          0x00000000c000c4f8      0x234 hal/timer.32
                0x00000000c000c4f8                Timer::Timer(char const*)
                0x00000000c000c4f8                Timer::Timer(char const*)
                0x00000000c000c530                Timer::~Timer()
                0x00000000c000c530                Timer::~Timer()
                0x00000000c000c554                Timer::~Timer()
                0x00000000c000c57e                Timer::read()
                0x00000000c000c589                setupTimer(int)
                0x00000000c000c5c4                timerHandler(unsigned int)
 .text          0x00000000c000c72c      0x43e hal/vcache.32
                0x00000000c000c72c                VCache::VCache(PhysicalDisk*)
                0x00000000c000c72c                VCache::VCache(PhysicalDisk*)
                0x00000000c000c894                VCache::invalidateReadBuffer()
                0x00000000c000c8a4                VCache::writeWriteBuffer()
                0x00000000c000c8f0                VCache::~VCache()
                0x00000000c000c8f0                VCache::~VCache()
                0x00000000c000c944                VCache::~VCache()
                0x00000000c000c96c                VCache::write(unsigned long long, int, void*)
                0x00000000c000ca66                VCache::read(unsigned long long, int, void*)
 .text          0x00000000c000cb6a      0x4b3 hal/video.32
                0x00000000c000cb6a                Video::putrect(int, int, int, int, unsigned int)
                0x00000000c000cbb6                Video::bitblit(int, int, int, int, int, int, int, unsigned int*)
                0x00000000c000cc26                Video::blit(unsigned int*, int, int, int, int)
                0x00000000c000cca4                Video::clearScreen(unsigned int)
                0x00000000c000ccd8                Video::putpixel(int, int, unsigned int)
                0x00000000c000cce6                Video::Video(char const*)
                0x00000000c000cce6                Video::Video(char const*)
                0x00000000c000cd1c                Video::~Video()
                0x00000000c000cd1c                Video::~Video()
                0x00000000c000cd40                Video::~Video()
                0x00000000c000cd6a                Video::isMonochrome()
                0x00000000c000cd76                Video::getWidth()
                0x00000000c000cd82                Video::getHeight()
                0x00000000c000cd8e                Video::drawCursor(int, int, unsigned char*, int)
                0x00000000c000ce4a                Video::tgaParse(unsigned char*, int, int*, int*)
                0x00000000c000cfb2                Video::putTGA(int, int, unsigned char*, int)
 *fill*         0x00000000c000d01d        0x3 
 .text          0x00000000c000d020     0x1307 hw/acpi.32
                0x00000000c000d020                ACPI::close(int, int, void*)
                0x00000000c000d0d8                findRSDP()
                0x00000000c000d168                loadACPITables(unsigned char*)
                0x00000000c000d3cc                findRSDT(unsigned char*)
                0x00000000c000d51c                findDataTable(unsigned char*, char*)
                0x00000000c000d594                scanMADT()
                0x00000000c000da68                ACPI::ACPI()
                0x00000000c000da68                ACPI::ACPI()
                0x00000000c000dabc                ACPI::getPCIIRQAssignment(unsigned char, unsigned short, unsigned char)
                0x00000000c000dba4                ACPI::registerPCIIRQAssignment(void*, unsigned short, unsigned char, unsigned char)
                0x00000000c000dc6c                ACPI::setScreenBrightnessLevel(void*, int)
                0x00000000c000dc74                ACPI::detectPCI()
                0x00000000c000de7c                ACPI::writeSimpleBootFlag(SimpleBootFlagTable*)
                0x00000000c000ded0                ACPI::sleep()
                0x00000000c000deec                ACPI::open(int, int, void*)
 *fill*         0x00000000c000e327        0x1 
 .text          0x00000000c000e328      0xb95 hw/cpu.32
                0x00000000c000e328                CPU::close(int, int, void*)
                0x00000000c000e32c                CPU::AMD_K6_write_msr(unsigned int, unsigned int, unsigned int, CPU::REGS*)
                0x00000000c000e348                CPU::AMD_K6_read_msr(unsigned int, CPU::REGS*)
                0x00000000c000e360                CPU::AMD_K6_writeback(int, int, int)
                0x00000000c000e3d4                CPU::cpuid(int, unsigned long*, unsigned long*, unsigned long*, unsigned long*)
                0x00000000c000e458                CPU::cpuidCheckEDX(unsigned int)
                0x00000000c000e486                CPU::cpuidCheckECX(unsigned int)
                0x00000000c000e4b4                CPU::cpuidCheckExtendedEBX(unsigned int)
                0x00000000c000e4e2                CPU::cpuidCheckExtendedECX(unsigned int)
                0x00000000c000e510                CPU::CPU()
                0x00000000c000e510                CPU::CPU()
                0x00000000c000e59e                CPU::displayFeatures()
                0x00000000c000e5a0                CPU::detectFeatures()
                0x00000000c000ec64                CPU::setupSMEP()
                0x00000000c000ec70                CPU::setupUMIP()
                0x00000000c000ec7a                CPU::setupTSC()
                0x00000000c000ec84                CPU::setupLargePages()
                0x00000000c000ec8e                CPU::setupPAT()
                0x00000000c000ecca                CPU::setupMTRR()
                0x00000000c000eccc                CPU::setupGlobalPages()
                0x00000000c000ecd6                CPU::allowUsermodeDataAccess()
                0x00000000c000ece8                CPU::prohibitUsermodeDataAccess()
                0x00000000c000ecfa                CPU::setupSMAP()
                0x00000000c000ed08                CPU::setupFeatures()
                0x00000000c000edd4                CPU::open(int, int, void*)
 *fill*         0x00000000c000eebd        0x1 
 .text          0x00000000c000eebe      0x581 krnl/env.32
                0x00000000c000eebe                EnvVarContainer::getEnv(char const*)
                0x00000000c000eefc                EnvVarContainer::setEnv(char const*, char const*)
                0x00000000c000efbe                EnvVarContainer::deleteEnv(char const*)
                0x00000000c000efc0                EnvVarContainer::loadFrom(char const*, char const*)
                0x00000000c000f1a6                EnvVarContainer::__loadSystem()
                0x00000000c000f1c0                EnvVarContainer::__loadUser()
                0x00000000c000f1c2                EnvVarContainer::EnvVarContainer(Process*)
                0x00000000c000f1c2                EnvVarContainer::EnvVarContainer(Process*)
                0x00000000c000f1e4                EnvVarContainer::~EnvVarContainer()
                0x00000000c000f1e4                EnvVarContainer::~EnvVarContainer()
                0x00000000c000f214                Krnl::getEnv(Process*, char const*)
                0x00000000c000f279                Krnl::setEnvSystem(char const*, char const*)
                0x00000000c000f293                Krnl::setEnvUser(char const*, char const*)
                0x00000000c000f2b2                Krnl::setEnvProcess(Process*, char const*, char const*)
                0x00000000c000f2c5                Krnl::deleteEnvSystem(char const*)
                0x00000000c000f2c6                Krnl::deleteEnvUser(char const*)
                0x00000000c000f2c7                Krnl::deleteEnvProcess(Process*, char const*)
                0x00000000c000f2c8                Krnl::newProcessEnv(Process*)
                0x00000000c000f2ea                Krnl::copyProcessEnv(Process*, Process*)
                0x00000000c000f336                Krnl::loadSystemEnv()
                0x00000000c000f364                Krnl::loadUserEnv()
                0x00000000c000f38a                Krnl::flushEnv()
                0x00000000c000f38b                Krnl::getProcessTotalEnvCount(Process*)
                0x00000000c000f3ab                Krnl::getProcessEnvPair(Process*, int)
 .text          0x00000000c000f43f      0x1ff krnl/panic.32
                0x00000000c000f43f                Krnl::panic(char const*)
 .text          0x00000000c000f63e      0x168 krnl/powctrl.32
                0x00000000c000f63e                Krnl::powerThread(void*)
                0x00000000c000f692                Krnl::changePowerSettings(Krnl::PowerSettings)
                0x00000000c000f6a8                Krnl::userIOReceived()
                0x00000000c000f6b3                Krnl::handlePowerButton()
                0x00000000c000f6e8                Krnl::handleSleepButton()
                0x00000000c000f71d                Krnl::setupPowerManager()
 .text          0x00000000c000f7a6      0x50e reg/registry.32
                0x00000000c000f7a6                Reg::findLineFromLoadedData(char*, char*, char*)
                0x00000000c000f8fe                Reg::getLineFromRegistry(char*, char*, char*, char*)
                0x00000000c000fa53                Reg::getLine(char*, char*, char*)
                0x00000000c000fa8a                Reg::readInt(char*, char*, int*)
                0x00000000c000fb75                Reg::readString(char*, char*, char*, int)
                0x00000000c000fbf6                Reg::readBool(char*, char*, bool*)
                0x00000000c000fc1b                Reg::readBoolWithDefault(char*, char*, bool)
                0x00000000c000fc47                Reg::readIntWithDefault(char*, char*, int)
                0x00000000c000fc73                Reg::readStringWithDefault(char*, char*, char*, int, char*)
 .text          0x00000000c000fcb4       0x36 sys/sc_eject.32
                0x00000000c000fcb4                Sys::eject(regs*)
 .text          0x00000000c000fcea       0x18 sys/sc_exit.32
                0x00000000c000fcea                Sys::exit(regs*)
 .text          0x00000000c000fd02       0x1f sys/sc_getcwd.32
                0x00000000c000fd02                Sys::getCwd(regs*)
 .text          0x00000000c000fd21        0xc sys/sc_getpid.32
                0x00000000c000fd21                Sys::getPID(regs*)
 .text          0x00000000c000fd2d       0x1a sys/sc_getramdata.32
                0x00000000c000fd2d                Sys::getRAMData(regs*)
 .text          0x00000000c000fd47       0x82 sys/sc_getvgaptr.32
                0x00000000c000fd47                Sys::getVGAPtr(regs*)
 .text          0x00000000c000fdc9       0xa8 sys/sc_loaddll.32
                0x00000000c000fdc9                Sys::loadDLL(regs*)
 .text          0x00000000c000fe71       0x68 sys/sc_read.32
                0x00000000c000fe71                Sys::read(regs*)
 .text          0x00000000c000fed9       0x55 sys/sc_sbrk.32
                0x00000000c000fed9                Sys::sbrk(regs*)
 .text          0x00000000c000ff2e       0x1c sys/sc_setcwd.32
                0x00000000c000ff2e                Sys::setCwd(regs*)
 .text          0x00000000c000ff4a       0x95 sys/sc_settime.32
                0x00000000c000ff4a                Sys::setTime(regs*)
 .text          0x00000000c000ffdf       0x4a sys/sc_timezone.32
                0x00000000c000ffdf                Sys::timezone(regs*)
 .text          0x00000000c0010029       0x68 sys/sc_write.32
                0x00000000c0010029                Sys::write(regs*)
 .text          0x00000000c0010091       0x62 sys/sc_wsbe.32
                0x00000000c0010091                Sys::wsbe(regs*)
 .text          0x00000000c00100f3       0x25 sys/sc_yield.32
                0x00000000c00100f3                Sys::yield(regs*)
 .text          0x00000000c0010118      0xe2c sys/syscalls.32
                0x00000000c0010118                sysCallSeekDir(regs*)
                0x00000000c001011d                sysCallTellDir(regs*)
                0x00000000c0010122                sysCallVerify(regs*)
                0x00000000c001012c                sysCallGetArgc(regs*)
                0x00000000c001013c                sysCallTTYName(regs*)
                0x00000000c0010144                sysFormatDisk(regs*)
                0x00000000c00101b1                sysSetDiskVolumeLabel(regs*)
                0x00000000c00101fb                sysGetDiskVolumeLabel(regs*)
                0x00000000c0010250                sysShutdown(regs*)
                0x00000000c00102ae                sysCallRealpath(regs*)
                0x00000000c00102f1                sysCallReadDir(regs*)
                0x00000000c0010371                sysCallIsATTY(regs*)
                0x00000000c00103cd                sysCallSeek(regs*)
                0x00000000c0010426                sysCallTell(regs*)
                0x00000000c0010495                sysCallSize(regs*)
                0x00000000c001050a                sysCallSizeFromFilename(regs*)
                0x00000000c00105bd                sysCallClose(regs*)
                0x00000000c001061d                sysCallOpenDir(regs*)
                0x00000000c0010694                sysCallCloseDir(regs*)
                0x00000000c00106e8                sysCallMakeDir(regs*)
                0x00000000c001075a                sysCallWait(regs*)
                0x00000000c0010777                sysCallNotImpl(regs*)
                0x00000000c0010792                sysPanic(regs*)
                0x00000000c00107ad                sysCallRmdir(regs*)
                0x00000000c0010814                sysCallUnlink(regs*)
                0x00000000c001087b                sysCallGetArgv(regs*)
                0x00000000c00108c8                sysCallUSleep(regs*)
                0x00000000c00108f1                sysCallSpawn(regs*)
                0x00000000c001095a                sysCallGetEnv(regs*)
                0x00000000c0010a09                sysSetFatAttrib(regs*)
                0x00000000c0010a80                sysPipe(regs*)
                0x00000000c0010ac5                sysGetUnixTime(regs*)
                0x00000000c0010ad9                string_ends_with(char const*, char const*)
                0x00000000c0010b23                sysCallOpen(regs*)
                0x00000000c0010d17                Sys::loadSyscalls()
                0x00000000c0010f02                Sys::systemCall(regs*, void*)
 .text          0x00000000c0010f44     0x11e5 thr/elf.32
                0x00000000c0010f44                Thr::allocateMemoryForTask(Process*, File*, unsigned long, unsigned long, unsigned long)
                0x00000000c00111d0                Thr::loadProgramIntoMemory(Process*, char const*)
                0x00000000c00113e6                Thr::runtimeReferenceHelper()
                0x00000000c00113f9                Thr::getAddressOfKernelSymbol(char const*)
                0x00000000c0011448                Thr::loadKernelSymbolTable(char const*)
                0x00000000c0011706                Thr::loadDriverIntoMemory(char const*, unsigned long, bool)
                0x00000000c0011e3c                Thr::getDriverBaseFromAddress(unsigned long)
                0x00000000c0011e6e                Thr::getDriverNameFromAddress(unsigned long)
                0x00000000c0011ea5                Thr::getDriverOffsetFromAddress(unsigned long)
                0x00000000c0011ebf                Thr::loadDLL(char const*, bool)
                0x00000000c00120f0                Thr::executeDLL(unsigned long, void*)
 *fill*         0x00000000c0012129        0x3 
 .text          0x00000000c001212c     0x12c5 thr/prcssthr.32
                0x00000000c001212c                userModeEntryPoint(void*)
                0x00000000c0012154                changeTSS
                0x00000000c0012184                switchToThread(ThreadControlBlock*)
                0x00000000c0012238                Process::addArgs(char**)
                0x00000000c0012298                Process::Process(char const*, Process*, char**)
                0x00000000c0012298                Process::Process(char const*, Process*, char**)
                0x00000000c0012488                Process::Process(bool, char const*, Process*, char**)
                0x00000000c0012488                Process::Process(bool, char const*, Process*, char**)
                0x00000000c0012644                taskStartupFunction
                0x00000000c0012650                Semaphore::Semaphore(int)
                0x00000000c0012650                Semaphore::Semaphore(int)
                0x00000000c0012680                Mutex::Mutex()
                0x00000000c0012680                Mutex::Mutex()
                0x00000000c0012694                Process::createThread(void (*)(void*), void*, int)
                0x00000000c001278c                Process::createUserThread()
                0x00000000c00127ac                setupMultitasking(void (*)())
                0x00000000c00128b4                schedule()
                0x00000000c0012944                Semaphore::tryAcquire()
                0x00000000c0012a10                Semaphore::assertLocked(char const*)
                0x00000000c0012a88                blockTaskWithSchedulerLockAlreadyHeld(TaskState)
                0x00000000c0012ab0                blockTask(TaskState)
                0x00000000c0012ae0                waitTask(int, int*, int)
                0x00000000c0012b24                milliTenthSleepUntil(unsigned int)
                0x00000000c0012bb4                milliTenthSleep(unsigned int)
                0x00000000c0012bc4                sleep(unsigned int)
                0x00000000c0012be0                Semaphore::acquire()
                0x00000000c0012c9c                taskReturned
                0x00000000c0012cd8                Thr::processFromPID(int)
                0x00000000c0012d78                unblockTask(ThreadControlBlock*)
                0x00000000c0012e1c                cleanupTerminatedTask(ThreadControlBlock*)
                0x00000000c00130e8                cleanerTaskFunction(void*)
                0x00000000c00131d8                terminateTask(int)
                0x00000000c00132a4                Thr::terminateFromIRQ(int)
                0x00000000c00132b4                Semaphore::release()
 .text          0x00000000c00133f1      0xb93 vm86/vm8086.32
                0x00000000c00133f1                Vm::inbv(unsigned short)
                0x00000000c0013404                Vm::outbv(unsigned short, unsigned char)
                0x00000000c001343a                Vm::realToLinear(unsigned short, unsigned short)
                0x00000000c001344a                Vm::getSegment(unsigned int)
                0x00000000c0013452                Vm::getOffset(unsigned int)
                0x00000000c0013457                Vm::mainloop2()
                0x00000000c0013491                Vm::mainVm8086Loop(void*)
                0x00000000c00134a1                Vm::mainloop3(unsigned long)
                0x00000000c00134c7                Vm::initialise8086()
                0x00000000c001350a                Vm::finish8086()
                0x00000000c001356b                Vm::getOutput8086(unsigned char*)
                0x00000000c0013590                Vm::start8086FromBuffer(unsigned char*, int, unsigned short, unsigned short, unsigned short, unsigned short)
                0x00000000c0013649                Vm::start8086(char const*, unsigned short, unsigned short, unsigned short, unsigned short)
                0x00000000c00137b1                Vm::doISR(regs*, int, unsigned char*, unsigned short, unsigned short)
                0x00000000c001383b                Vm::readByteFromReal(unsigned short, unsigned short)
                0x00000000c001384c                Vm::readWordFromReal(unsigned short, unsigned short)
                0x00000000c001385e                Vm::readDwordFromReal(unsigned short, unsigned short)
                0x00000000c001386f                Vm::writeByteFromReal(unsigned short, unsigned short, unsigned char)
                0x00000000c0013884                Vm::writeWordFromReal(unsigned short, unsigned short, unsigned short)
                0x00000000c001389a                Vm::writeDwordFromReal(unsigned short, unsigned short, unsigned int)
                0x00000000c00138af                Vm::faultHandler(regs*)
 .text          0x00000000c0013f84      0x8e9 arch/i386/hal.32
                0x00000000c0013f84                noCopro(unsigned long)
                0x00000000c0013f85                nmiHandler(regs*, void*)
                0x00000000c0013f9e                doubleFault(regs*, void*)
                0x00000000c0013fb7                displayDebugInfo(regs*)
                0x00000000c00142d8                displayProgramFault(char const*)
                0x00000000c0014324                gpFault(regs*, void*)
                0x00000000c0014389                pgFault(regs*, void*)
                0x00000000c001440f                otherISRHandler(regs*, void*)
                0x00000000c0014443                opcodeFault(regs*, void*)
                0x00000000c00144c3                i386SaveCoprocessor(void*)
                0x00000000c00144d7                i386LoadCoprocessor(void*)
                0x00000000c00144eb                x87EmulHandler(regs*, void*)
                0x00000000c0014588                HalInitialiseCoprocessor()
                0x00000000c0014636                HalPanic(char const*)
                0x00000000c001463b                HalQueryPerformanceCounter()
                0x00000000c0014656                HalInitialise()
                0x00000000c00147fc                HalMakeBeep(int)
                0x00000000c0014836                HalGetRand()
                0x00000000c0014839                HalEndOfInterrupt(int)
                0x00000000c001486a                HalRestart()
                0x00000000c001486b                HalShutdown()
                0x00000000c001486c                HalSleep()
 *fill*         0x00000000c001486d        0x3 
 .text          0x00000000c0014870      0x2f4 arch/i386/pic.32
                0x00000000c0014870                picIoWait()
                0x00000000c0014878                picDisable()
                0x00000000c00148ac                picGetIRQReg(int)
                0x00000000c0014930                picOpen()
                0x00000000c0014ac0                picEOI(int)
 .text          0x00000000c0014b64      0x64d arch/i386/rtc.32
                0x00000000c0014b64                RTC::open(int, int, void*)
                0x00000000c0014b68                RTC::close(int, int, void*)
                0x00000000c0014b6c                RTC::timeInSecondsUTC()
                0x00000000c0014b7e                RTC::timeInDatetimeUTC()
                0x00000000c0014ba4                RTC::setTimeInSecondsUTC(unsigned long long)
                0x00000000c0014be2                RTC::~RTC()
                0x00000000c0014be2                RTC::~RTC()
                0x00000000c0014c06                RTC::~RTC()
                0x00000000c0014c30                RTC::get_update_in_progress_flag()
                0x00000000c0014c48                RTC::completeRTCRefresh()
                0x00000000c0014f00                RTC::setTimeInDatetimeUTC(datetime_t)
                0x00000000c00150b3                rtcIRQHandler(regs*, void*)
                0x00000000c00150f8                RTC::RTC()
                0x00000000c00150f8                RTC::RTC()
 *fill*         0x00000000c00151b1        0x3 
 .text          0x00000000c00151b4      0x203 arch/i386/vga.32
                0x00000000c00151b4                HalConsoleScroll(int, int)
                0x00000000c00152bc                HalConsoleWriteCharacter(char, int, int, int, int)
                0x00000000c0015328                HalConsoleCursorUpdate(int, int)
 *fill*         0x00000000c00153b7        0x1 
 .text          0x00000000c00153b8     0x13e7 fs/fat/vfslink.32
                0x00000000c00153b8                FAT::getName()
                0x00000000c00153c0                FAT::tell(void*, unsigned long long*)
                0x00000000c00153fc                FAT::stat(void*, unsigned long long*)
                0x00000000c0015438                FAT::~FAT()
                0x00000000c0015438                FAT::~FAT()
                0x00000000c001545c                FAT::~FAT()
                0x00000000c0015484                FAT::getlabel(LogicalDisk*, int, char*, unsigned int*)
                0x00000000c0015528                FAT::setlabel(LogicalDisk*, int, char*)
                0x00000000c00155ec                FAT::format(LogicalDisk*, int, char const*, int)
                0x00000000c00157c0                FAT::tryMount(LogicalDisk*, int)
                0x00000000c00159d8                FAT::allocateSwapfile(char const*, int)
                0x00000000c0015b98                FAT::readDir(void*, unsigned long, void*, int*)
                0x00000000c0015d04                FAT::read(void*, unsigned long, void*, int*)
                0x00000000c0015d64                FAT::write(void*, unsigned long, void*, int*)
                0x00000000c0015dc4                FAT::close(void*)
                0x00000000c0015e18                FAT::closeDir(void*)
                0x00000000c0015e6c                FAT::seek(void*, unsigned long long)
                0x00000000c0015ec4                fatWrapperReadDisk
                0x00000000c0015f08                fatWrapperWriteDisk
                0x00000000c0015f4c                fatWrapperIoctl
                0x00000000c0016068                FAT::FAT()
                0x00000000c0016068                FAT::FAT()
                0x00000000c00160bc                FAT::fixFilepath(char*)
                0x00000000c00160f8                FAT::open(char const*, void**, FileOpenMode)
                0x00000000c0016230                FAT::openDir(char const*, void**)
                0x00000000c00162e0                FAT::stat(char const*, unsigned long long*, bool*)
                0x00000000c00163d8                FAT::unlink(char const*)
                0x00000000c0016458                FAT::chfatattr(char const*, unsigned char, unsigned char)
                0x00000000c00165e4                FAT::rename(char const*, char const*)
                0x00000000c00166b0                FAT::mkdir(char const*)
                0x00000000c0016730                FAT::exists(char const*)
 *fill*         0x00000000c001679f        0x1 
 .text          0x00000000c00167a0      0xba5 fs/iso9660/vfslink.32
                0x00000000c00167a0                ISO9660::format(LogicalDisk*, int, char const*, int)
                0x00000000c00167a6                ISO9660::seek(void*, unsigned long long)
                0x00000000c00167d6                ISO9660::tell(void*, unsigned long long*)
                0x00000000c00167fa                ISO9660::getName()
                0x00000000c0016800                ISO9660::stat(void*, unsigned long long*)
                0x00000000c0016824                ISO9660::chfatattr(char const*, unsigned char, unsigned char)
                0x00000000c001682a                ISO9660::unlink(char const*)
                0x00000000c0016830                ISO9660::write(void*, unsigned long, void*, int*)
                0x00000000c0016836                ISO9660::rename(char const*, char const*)
                0x00000000c001683c                ISO9660::mkdir(char const*)
                0x00000000c0016842                ISO9660::close(void*)
                0x00000000c0016864                ISO9660::closeDir(void*)
                0x00000000c0016886                ISO9660::~ISO9660()
                0x00000000c0016886                ISO9660::~ISO9660()
                0x00000000c00168aa                ISO9660::~ISO9660()
                0x00000000c00168d1                __memmem(unsigned char*, int, unsigned char*, int)
                0x00000000c0016913                readSectorFromCDROM(unsigned int, unsigned char*, char)
                0x00000000c001698e                ISO9660::tryMount(LogicalDisk*, int)
                0x00000000c00169ee                ISO9660::read(void*, unsigned long, void*, int*)
                0x00000000c0016bf2                ISO9660::readDir(void*, unsigned long, void*, int*)
                0x00000000c0016e6a                readRoot(unsigned int*, unsigned int*, char)
                0x00000000c0016ebe                readRecursively(char*, unsigned int, unsigned int, unsigned int*, unsigned int*, char, int*)
                0x00000000c0017094                getFileData(char*, unsigned int*, unsigned int*, char, int*)
                0x00000000c0017122                ISO9660::open(char const*, void**, FileOpenMode)
                0x00000000c00171d0                ISO9660::exists(char const*)
                0x00000000c00171f4                ISO9660::stat(char const*, unsigned long long*, bool*)
                0x00000000c0017288                ISO9660::openDir(char const*, void**)
                0x00000000c0017322                ISO9660::ISO9660()
                0x00000000c0017322                ISO9660::ISO9660()
 *fill*         0x00000000c0017345        0x1 
 .text          0x00000000c0017346      0x26c hal/sound/sndcard.32
                0x00000000c0017346                SoundCard::beginPlayback()
                0x00000000c0017354                SoundCard::stopPlayback()
                0x00000000c0017362                SoundCard::SoundCard(char const*)
                0x00000000c0017362                SoundCard::SoundCard(char const*)
                0x00000000c0017400                SoundCard::~SoundCard()
                0x00000000c0017400                SoundCard::~SoundCard()
                0x00000000c0017424                SoundCard::~SoundCard()
                0x00000000c001744e                SoundCard::configureRates(int, int, int)
                0x00000000c001747e                SoundCard::getSamples16(int, short*)
                0x00000000c00174da                SoundCard::getSamples32(int, int*)
                0x00000000c0017560                SoundCard::addChannel(SoundPort*)
                0x00000000c001759e                SoundCard::removeChannel(int)
 *fill*         0x00000000c00175b2        0x2 
 .text          0x00000000c00175b4      0x377 hal/sound/sndport.32
                0x00000000c00175b4                SoundPort::SoundPort(int, int, int, int)
                0x00000000c00175b4                SoundPort::SoundPort(int, int, int, int)
                0x00000000c0017640                SoundPort::~SoundPort()
                0x00000000c0017640                SoundPort::~SoundPort()
                0x00000000c0017674                SoundPort::unpause()
                0x00000000c0017680                SoundPort::pause()
                0x00000000c001768c                SoundPort::getBufferUsed()
                0x00000000c0017694                SoundPort::getBufferSize()
                0x00000000c001769c                SoundPort::buffer16(short*, int)
                0x00000000c0017728                SoundPort::buffer32(int*, int)
                0x00000000c00177b0                SoundPort::unbufferAndAdd16(int, short*, SoundCard*)
                0x00000000c0017874                SoundPort::unbufferAndAdd32(int, int*, SoundCard*)
 .text          0x00000000c001792b        0x0 hw/bus/isa.32
 *fill*         0x00000000c001792b        0x1 
 .text          0x00000000c001792c      0xb49 hw/bus/pci.32
                0x00000000c001792c                PCI::open(int, int, void*)
                0x00000000c001794a                PCI::close(int, int, void*)
                0x00000000c001794e                PCI::PCI()
                0x00000000c001794e                PCI::PCI()
                0x00000000c00179e8                PCI::readBAR8(unsigned int, int)
                0x00000000c0017a04                PCI::readBAR16(unsigned int, int)
                0x00000000c0017a22                PCI::readBAR32(unsigned int, int)
                0x00000000c0017a3e                PCI::writeBAR8(unsigned int, unsigned char, int)
                0x00000000c0017a5e                PCI::writeBAR16(unsigned int, unsigned short, int)
                0x00000000c0017a80                PCI::writeBAR32(unsigned int, unsigned int, int)
                0x00000000c0017aa0                PCI::legacyMechanism(unsigned char, unsigned char, unsigned char, unsigned char)
                0x00000000c0017b0e                PCI::pciReadWord(unsigned char, unsigned char, unsigned char, unsigned char)
                0x00000000c0017bb6                PCI::getVendorID(unsigned char, unsigned char, unsigned char)
                0x00000000c0017bda                PCI::getHeaderType(unsigned char, unsigned char, unsigned char)
                0x00000000c0017c02                PCI::getClassCode(unsigned char, unsigned char, unsigned char)
                0x00000000c0017c4c                PCI::getProgIF(unsigned char, unsigned char, unsigned char)
                0x00000000c0017c74                PCI::getRevisionID(unsigned char, unsigned char, unsigned char)
                0x00000000c0017c98                PCI::getInterruptNumber(unsigned char, unsigned char, unsigned char)
                0x00000000c0017cbc                PCI::getSecondaryBus(unsigned char, unsigned char, unsigned char)
                0x00000000c0017ce4                PCI::getBARAddress(unsigned char, unsigned char, unsigned char, unsigned char)
                0x00000000c0017d48                PCI::pciWriteWord(unsigned char, unsigned char, unsigned char, unsigned char, unsigned short)
                0x00000000c0017e30                PCI::pciDetailsToFilepath(PCIDeviceInfo, char*)
                0x00000000c00180aa                PCI::checkBus(unsigned char)
                0x00000000c00180d0                PCI::foundDevice(PCIDeviceInfo)
                0x00000000c0018242                PCI::getDeviceData(unsigned char, unsigned char, unsigned char)
                0x00000000c00183b6                PCI::checkDevice(unsigned char, unsigned char)
                0x00000000c0018422                PCI::detect()
 *fill*         0x00000000c0018475        0x1 
 .text          0x00000000c0018476      0xb5a hw/diskctrl/ide.32
                0x00000000c0018476                IDE::close(int, int, void*)
                0x00000000c001847a                IDE::IDE()
                0x00000000c001847a                IDE::IDE()
                0x00000000c00184ae                IDE::prepareInterrupt(unsigned char)
                0x00000000c00184c0                selectDrive(unsigned char, unsigned char)
                0x00000000c00184c2                IDE::getBase(unsigned char)
                0x00000000c00184d4                IDE::write(unsigned char, unsigned char, unsigned char)
                0x00000000c0018594                IDE::read(unsigned char, unsigned char)
                0x00000000c0018642                IDE::waitInterrupt(unsigned char)
                0x00000000c00186aa                ideChannel0IRQHandler(regs*, void*)
                0x00000000c00186c6                ideChannel1IRQHandler(regs*, void*)
                0x00000000c00186e2                IDE::enableIRQs(unsigned char, bool)
                0x00000000c0018728                IDE::open(int, int, void*)
                0x00000000c0018b36                IDE::readBuffer(unsigned char, unsigned char, unsigned int, unsigned int)
                0x00000000c0018c02                IDE::detect()
                0x00000000c0018ec2                IDE::printError(unsigned char, unsigned char, unsigned char)
                0x00000000c0018f72                IDE::polling(unsigned char, unsigned int)
 .text          0x00000000c0018fd0      0x352 hw/diskctrl/satabus.32
                0x00000000c0018fd0                SATABus::close(int, int, void*)
                0x00000000c0018fd4                SATABus::detect()
                0x00000000c0018fd6                SATABus::SATABus()
                0x00000000c0018fd6                SATABus::SATABus()
                0x00000000c001905c                SATABus::findCmdslot(SATABus::tagHBA_PORT volatile*)
                0x00000000c001908e                SATABus::checkType(SATABus::tagHBA_PORT volatile*)
                0x00000000c00190d6                SATABus::startCmd(SATABus::tagHBA_PORT volatile*)
                0x00000000c00190f6                SATABus::stopCmd(SATABus::tagHBA_PORT volatile*)
                0x00000000c0019120                SATABus::portRebase(SATABus::tagHBA_PORT volatile*, int)
                0x00000000c0019226                SATABus::probePort(SATABus::tagHBA_MEM volatile*)
                0x00000000c00192d0                SATABus::open(int, int, void*)
 .text          0x00000000c0019322      0x5f4 hw/diskphys/ata.32
                0x00000000c0019322                ATA::close(int, int, void*)
                0x00000000c0019346                ATA::powerSaving(PowerSavingLevel)
                0x00000000c0019348                ATA::ATA()
                0x00000000c0019348                ATA::ATA()
                0x00000000c0019376                ATA::flush(bool)
                0x00000000c00193c0                ATA::readyForCommand()
                0x00000000c001940c                ATA::access(unsigned long long, int, void*, bool)
                0x00000000c0019788                ATA::read(unsigned long long, int, void*)
                0x00000000c00197d4                ATA::write(unsigned long long, int, void*)
                0x00000000c0019820                ATA::detectCHS()
                0x00000000c001984a                ATA::open(int, int, void*)
 .text          0x00000000c0019916      0x60e hw/diskphys/atapi.32
                0x00000000c0019916                ATAPI::write(unsigned long long, int, void*)
                0x00000000c001991c                ATAPI::close(int, int, void*)
                0x00000000c0019940                ATAPI::ATAPI()
                0x00000000c0019940                ATAPI::ATAPI()
                0x00000000c001996e                ATAPI::readyForCommand()
                0x00000000c00199c0                ATAPI::sendPacket(unsigned char*, int, bool, unsigned short*, int)
                0x00000000c0019c80                ATAPI::diskRemoved()
                0x00000000c0019cba                ATAPI::eject()
                0x00000000c0019d02                ATAPI::diskInserted()
                0x00000000c0019d0e                ATAPI::detectMedia()
                0x00000000c0019dca                ATAPI::open(int, int, void*)
                0x00000000c0019eaa                ATAPI::read(unsigned long long, int, void*)
 .text          0x00000000c0019f24      0x402 hw/diskphys/sata.32
                0x00000000c0019f24                SATA::close(int, int, void*)
                0x00000000c0019f48                SATA::powerSaving(PowerSavingLevel)
                0x00000000c0019f4a                SATA::open(int, int, void*)
                0x00000000c0019ff4                SATA::SATA()
                0x00000000c0019ff4                SATA::SATA()
                0x00000000c001a022                SATA::access(unsigned long long, int, void*, bool)
                0x00000000c001a26e                SATA::read(unsigned long long, int, void*)
                0x00000000c001a2ba                SATA::write(unsigned long long, int, void*)
 .text          0x00000000c001a326      0x63d hw/diskphys/satapi.32
                0x00000000c001a326                SATAPI::write(unsigned long long, int, void*)
                0x00000000c001a32c                SATAPI::close(int, int, void*)
                0x00000000c001a350                SATAPI::SATAPI()
                0x00000000c001a350                SATAPI::SATAPI()
                0x00000000c001a37e                SATAPI::diskRemoved()
                0x00000000c001a380                SATAPI::diskInserted()
                0x00000000c001a39c                SATAPI::sendPacket(unsigned char*, int, unsigned long long, unsigned short*, int)
                0x00000000c001a62a                SATAPI::eject()
                0x00000000c001a666                SATAPI::detectMedia()
                0x00000000c001a790                SATAPI::open(int, int, void*)
                0x00000000c001a890                SATAPI::read(unsigned long long, int, void*)
 *fill*         0x00000000c001a963        0x1 
 .text          0x00000000c001a964      0x455 hw/intctrl/apic.32
                0x00000000c001a964                IOAPIC::close(int, int, void*)
                0x00000000c001a96a                apicGetBase()
                0x00000000c001a9ac                IOAPIC::IOAPIC()
                0x00000000c001a9ac                IOAPIC::IOAPIC()
                0x00000000c001a9d4                apicOpen()
                0x00000000c001ab3a                IOAPIC::handlesGSIWithNumber(unsigned int)
                0x00000000c001ab6c                IOAPIC::read(int)
                0x00000000c001ab94                IOAPIC::open(int, int, void*)
                0x00000000c001ac88                IOAPIC::write(int, int)
                0x00000000c001acb4                IOAPIC::redirect(unsigned char, unsigned long long, unsigned char, bool, bool)
 *fill*         0x00000000c001adb9        0x3 
 .text          0x00000000c001adbc       0xf0 hw/timer/apictimer.32
                0x00000000c001adbc                APICTimer::close(int, int, void*)
                0x00000000c001adc4                apicTimerHandler(regs*, void*)
                0x00000000c001adec                APICTimer::open(int, int, void*)
                0x00000000c001ae5c                APICTimer::write(int)
                0x00000000c001ae84                APICTimer::APICTimer()
                0x00000000c001ae84                APICTimer::APICTimer()
 .text          0x00000000c001aeac      0x1aa hw/timer/pit.32
                0x00000000c001aeac                PIT::write(int)
                0x00000000c001af30                pitHandler(regs*, void*)
                0x00000000c001af54                PIT::open(int, int, void*)
                0x00000000c001afa4                PIT::close(int, int, void*)
                0x00000000c001afd4                PIT::PIT()
                0x00000000c001afd4                PIT::PIT()
 *fill*         0x00000000c001b056        0xa 
 .text          0x00000000c001b060       0x83 arch/i386/avx.32
                0x00000000c001b060                avxDetect
                0x00000000c001b08a                avxSave
                0x00000000c001b09b                avxLoad
                0x00000000c001b0ac                avxInit
                0x00000000c001b0ce                avxClose
                0x00000000c001b0cf                wouldSheSayYes
 *fill*         0x00000000c001b0e3        0xd 
 .text          0x00000000c001b0f0      0x1d6 arch/i386/interrupt.32
                0x00000000c001b0f0                isr0
                0x00000000c001b100                isr1
                0x00000000c001b10a                isr2
                0x00000000c001b114                isr3
                0x00000000c001b11e                isr4
                0x00000000c001b128                isr5
                0x00000000c001b132                isr6
                0x00000000c001b13c                isr7
                0x00000000c001b146                isr8
                0x00000000c001b14e                isr9
                0x00000000c001b158                isr10
                0x00000000c001b160                isr11
                0x00000000c001b168                isr12
                0x00000000c001b170                isr13
                0x00000000c001b178                isr14
                0x00000000c001b180                isr15
                0x00000000c001b18a                isr16
                0x00000000c001b194                isr17
                0x00000000c001b19e                isr18
                0x00000000c001b1a8                irq3
                0x00000000c001b1b2                irq4
                0x00000000c001b1bc                irq5
                0x00000000c001b1c6                irq6
                0x00000000c001b1d0                irq7
                0x00000000c001b1da                irq8
                0x00000000c001b1e4                irq9
                0x00000000c001b1ee                irq10
                0x00000000c001b1f8                irq11
                0x00000000c001b202                irq12
                0x00000000c001b20c                irq13
                0x00000000c001b216                irq14
                0x00000000c001b220                irq15
                0x00000000c001b22a                irq1
                0x00000000c001b231                irq2
                0x00000000c001b238                isr96
                0x00000000c001b23f                irq0
                0x00000000c001b244                int_common_stub
                0x00000000c001b244                syscall_common_stub
                0x00000000c001b276                irq16
                0x00000000c001b280                irq17
                0x00000000c001b28a                irq18
                0x00000000c001b294                irq19
                0x00000000c001b29e                irq20
                0x00000000c001b2a8                irq21
                0x00000000c001b2b2                irq22
                0x00000000c001b2bc                irq23
 *fill*         0x00000000c001b2c6        0xa 
 .text          0x00000000c001b2d0       0x10 arch/i386/rdrand.32
                0x00000000c001b2d0                i386GetRDRAND
 .text          0x00000000c001b2e0       0x39 arch/i386/sse.32
                0x00000000c001b2e0                absolutelyNoChanceInHell
                0x00000000c001b2e0                sseDetect
                0x00000000c001b2f8                sseSave
                0x00000000c001b300                sseLoad
                0x00000000c001b308                sseInit
                0x00000000c001b318                sseClose
 *fill*         0x00000000c001b319        0x7 
 .text          0x00000000c001b320       0x49 arch/i386/x87.32
                0x00000000c001b326                x87Detect
                0x00000000c001b341                x87Save
                0x00000000c001b348                x87Load
                0x00000000c001b34f                x87Init
                0x00000000c001b368                x87Close
 *fill*         0x00000000c001b369        0x3 
 .text          0x00000000c001b36c       0x25 /cygdrive/d/Users/Alex/Desktop/Toolchain/Output/bin/../lib/gcc/i386-banana/8.1.0/crtend.o
 .text          0x00000000c001b391        0x0 crtn.32
 *fill*         0x00000000c001b391        0x3 
 .text          0x00000000c001b394      0x14b /cygdrive/d/Users/Alex/Desktop/Toolchain/Output/bin/../lib/gcc/i386-banana/8.1.0/libkgcc.a(_divdi3.o)
                0x00000000c001b394                __divdi3
 *fill*         0x00000000c001b4df        0x1 
 .text          0x00000000c001b4e0      0x17e /cygdrive/d/Users/Alex/Desktop/Toolchain/Output/bin/../lib/gcc/i386-banana/8.1.0/libkgcc.a(_moddi3.o)
                0x00000000c001b4e0                __moddi3
 *fill*         0x00000000c001b65e        0x2 
 .text          0x00000000c001b660       0xff /cygdrive/d/Users/Alex/Desktop/Toolchain/Output/bin/../lib/gcc/i386-banana/8.1.0/libkgcc.a(_udivdi3.o)
                0x00000000c001b660                __udivdi3
 *fill*         0x00000000c001b75f        0x1 
 .text          0x00000000c001b760      0x11a /cygdrive/d/Users/Alex/Desktop/Toolchain/Output/bin/../lib/gcc/i386-banana/8.1.0/libkgcc.a(_umoddi3.o)
                0x00000000c001b760                __umoddi3
 *(.gnu.linkonce.t*)

.iplt           0x00000000c001b880        0x0
 .iplt          0x00000000c001b880        0x0 D:/Users/Alex/Desktop/Banana/kernel/boot.32

.init           0x00000000c001b87a        0xf
 .init          0x00000000c001b87a        0x3 crti.32
                0x00000000c001b87a                _init
 .init          0x00000000c001b87d        0x5 /cygdrive/d/Users/Alex/Desktop/Toolchain/Output/bin/../lib/gcc/i386-banana/8.1.0/crtbegin.o
 .init          0x00000000c001b882        0x5 /cygdrive/d/Users/Alex/Desktop/Toolchain/Output/bin/../lib/gcc/i386-banana/8.1.0/crtend.o
 .init          0x00000000c001b887        0x2 crtn.32

.fini           0x00000000c001b889        0xa
 .fini          0x00000000c001b889        0x3 crti.32
                0x00000000c001b889                _fini
 .fini          0x00000000c001b88c        0x5 /cygdrive/d/Users/Alex/Desktop/Toolchain/Output/bin/../lib/gcc/i386-banana/8.1.0/crtbegin.o
 .fini          0x00000000c001b891        0x2 crtn.32

.text._ZN8ComputerD2Ev
                0x00000000c001b894       0x23
 .text._ZN8ComputerD2Ev
                0x00000000c001b894       0x23 core/computer.32
                0x00000000c001b894                Computer::~Computer()
                0x00000000c001b894                Computer::~Computer()

.text._ZN8ComputerD0Ev
                0x00000000c001b8b8       0x2a
 .text._ZN8ComputerD0Ev
                0x00000000c001b8b8       0x2a core/computer.32
                0x00000000c001b8b8                Computer::~Computer()

.text._Z10idleCommonv
                0x00000000c001b8e2       0x21
 .text._Z10idleCommonv
                0x00000000c001b8e2       0x21 core/idle.32
                0x00000000c001b8e2                idleCommon()

.text._ZN10LinkedListI8UnixFileED2Ev
                0x00000000c001b904        0x2
 .text._ZN10LinkedListI8UnixFileED2Ev
                0x00000000c001b904        0x2 core/unixfile.32
                0x00000000c001b904                LinkedList<UnixFile>::~LinkedList()
                0x00000000c001b904                LinkedList<UnixFile>::~LinkedList()

.text._ZN10LinkedListI8UnixFileEC2Ev
                0x00000000c001b906       0x42
 .text._ZN10LinkedListI8UnixFileEC2Ev
                0x00000000c001b906       0x42 core/unixfile.32
                0x00000000c001b906                LinkedList<UnixFile>::LinkedList()
                0x00000000c001b906                LinkedList<UnixFile>::LinkedList()

.text._ZN10LinkedListI8UnixFileE10addElementEPS0_
                0x00000000c001b948       0xd3
 .text._ZN10LinkedListI8UnixFileE10addElementEPS0_
                0x00000000c001b948       0xd3 core/unixfile.32
                0x00000000c001b948                LinkedList<UnixFile>::addElement(UnixFile*)

.text._ZN10LinkedListI8UnixFileE15getFirstElementEv
                0x00000000c001ba1c        0x7
 .text._ZN10LinkedListI8UnixFileE15getFirstElementEv
                0x00000000c001ba1c        0x7 core/unixfile.32
                0x00000000c001ba1c                LinkedList<UnixFile>::getFirstElement()

.text._ZN10LinkedListI8UnixFileE11removeFirstEv
                0x00000000c001ba24       0xa1
 .text._ZN10LinkedListI8UnixFileE11removeFirstEv
                0x00000000c001ba24       0xa1 core/unixfile.32
                0x00000000c001ba24                LinkedList<UnixFile>::removeFirst()

.text._ZN10LinkedListI8UnixFileE7getNextEPS0_
                0x00000000c001bac6        0x8
 .text._ZN10LinkedListI8UnixFileE7getNextEPS0_
                0x00000000c001bac6        0x8 core/unixfile.32
                0x00000000c001bac6                LinkedList<UnixFile>::getNext(UnixFile*)

.text._ZN16DriverlessDeviceD2Ev
                0x00000000c001bace       0x1a
 .text._ZN16DriverlessDeviceD2Ev
                0x00000000c001bace       0x1a hal/device.32
                0x00000000c001bace                DriverlessDevice::~DriverlessDevice()
                0x00000000c001bace                DriverlessDevice::~DriverlessDevice()

.text._ZN16DriverlessDeviceD0Ev
                0x00000000c001bae8       0x2a
 .text._ZN16DriverlessDeviceD0Ev
                0x00000000c001bae8       0x2a hal/device.32
                0x00000000c001bae8                DriverlessDevice::~DriverlessDevice()

.text._ZN10LinkedListI6DeviceE10addElementEPS0_
                0x00000000c001bb12       0xdc
 .text._ZN10LinkedListI6DeviceE10addElementEPS0_
                0x00000000c001bb12       0xdc hal/device.32
                0x00000000c001bb12                LinkedList<Device>::addElement(Device*)

.text._ZN10LinkedListI6DeviceEC2Ev
                0x00000000c001bbee       0x42
 .text._ZN10LinkedListI6DeviceEC2Ev
                0x00000000c001bbee       0x42 hal/device.32
                0x00000000c001bbee                LinkedList<Device>::LinkedList()
                0x00000000c001bbee                LinkedList<Device>::LinkedList()

.text._ZN10LinkedListIV18ThreadControlBlockE7isEmptyEv
                0x00000000c001bc30       0x1c
 .text._ZN10LinkedListIV18ThreadControlBlockE7isEmptyEv
                0x00000000c001bc30       0x1c hal/timer.32
                0x00000000c001bc30                LinkedList<ThreadControlBlock volatile>::isEmpty()

.text._ZN10LinkedListIV18ThreadControlBlockE15getFirstElementEv
                0x00000000c001bc4c        0x7
 .text._ZN10LinkedListIV18ThreadControlBlockE15getFirstElementEv
                0x00000000c001bc4c        0x7 hal/timer.32
                0x00000000c001bc4c                LinkedList<ThreadControlBlock volatile>::getFirstElement()

.text._ZN10LinkedListIV18ThreadControlBlockE11removeFirstEv
                0x00000000c001bc54       0xb8
 .text._ZN10LinkedListIV18ThreadControlBlockE11removeFirstEv
                0x00000000c001bc54       0xb8 hal/timer.32
                0x00000000c001bc54                LinkedList<ThreadControlBlock volatile>::removeFirst()

.text._ZN10LinkedListIV18ThreadControlBlockE10addElementEPS1_
                0x00000000c001bd0c       0xda
 .text._ZN10LinkedListIV18ThreadControlBlockE10addElementEPS1_
                0x00000000c001bd0c       0xda hal/timer.32
                0x00000000c001bd0c                LinkedList<ThreadControlBlock volatile>::addElement(ThreadControlBlock volatile*)

.text._ZN4ACPID2Ev
                0x00000000c001bde8       0x23
 .text._ZN4ACPID2Ev
                0x00000000c001bde8       0x23 hw/acpi.32
                0x00000000c001bde8                ACPI::~ACPI()
                0x00000000c001bde8                ACPI::~ACPI()

.text._ZN4ACPID0Ev
                0x00000000c001be0c       0x2a
 .text._ZN4ACPID0Ev
                0x00000000c001be0c       0x2a hw/acpi.32
                0x00000000c001be0c                ACPI::~ACPI()

.text._ZN10LinkedListI6DeviceED2Ev
                0x00000000c001be38        0x2
 .text._ZN10LinkedListI6DeviceED2Ev
                0x00000000c001be38        0x2 hw/acpi.32
                0x00000000c001be38                LinkedList<Device>::~LinkedList()
                0x00000000c001be38                LinkedList<Device>::~LinkedList()

.text._ZN10LinkedListI6DeviceE7isEmptyEv
                0x00000000c001be3c       0x1c
 .text._ZN10LinkedListI6DeviceE7isEmptyEv
                0x00000000c001be3c       0x1c hw/acpi.32
                0x00000000c001be3c                LinkedList<Device>::isEmpty()

.text._ZN10LinkedListI6DeviceE15getFirstElementEv
                0x00000000c001be58        0x7
 .text._ZN10LinkedListI6DeviceE15getFirstElementEv
                0x00000000c001be58        0x7 hw/acpi.32
                0x00000000c001be58                LinkedList<Device>::getFirstElement()

.text._ZN10LinkedListI6DeviceE11removeFirstEv
                0x00000000c001be60       0xb8
 .text._ZN10LinkedListI6DeviceE11removeFirstEv
                0x00000000c001be60       0xb8 hw/acpi.32
                0x00000000c001be60                LinkedList<Device>::removeFirst()

.text._ZN3CPUD2Ev
                0x00000000c001bf18       0x23
 .text._ZN3CPUD2Ev
                0x00000000c001bf18       0x23 hw/cpu.32