Archive member included to satisfy reference by file (symbol)

/cygdrive/d/Users/Alex/Desktop/Toolchain/Output/bin/../lib/gcc/i386-banana/8.1.0/libkgcc.a(_divdi3.o)
                              krnl/resolve.32 (__divdi3)
/cygdrive/d/Users/Alex/Desktop/Toolchain/Output/bin/../lib/gcc/i386-banana/8.1.0/libkgcc.a(_moddi3.o)
                              krnl/resolve.32 (__moddi3)
/cygdrive/d/Users/Alex/Desktop/Toolchain/Output/bin/../lib/gcc/i386-banana/8.1.0/libkgcc.a(_udivdi3.o)
                              hal/clock.32 (__udivdi3)
/cygdrive/d/Users/Alex/Desktop/Toolchain/Output/bin/../lib/gcc/i386-banana/8.1.0/libkgcc.a(_umoddi3.o)
                              core/pipe.32 (__umoddi3)

Allocating common symbols
Common symbol       size              file

dcache              0x40              fs/iso9660/iso9660.32
cdDriveLetter       0x1               fs/iso9660/iso9660.32
icache              0x40              fs/iso9660/iso9660.32

Discarded input sections

 .comment       0x0000000000000000       0x12 /cygdrive/d/Users/Alex/Desktop/Toolchain/Output/bin/../lib/gcc/i386-banana/8.1.0/crtbegin.o
 .comment       0x0000000000000000       0x12 acpica/utclib.32
 .comment       0x0000000000000000       0x12 core/malloc.32
 .comment       0x0000000000000000       0x12 libk/ctype.32
 .comment       0x0000000000000000       0x12 libk/string.32
 .comment       0x0000000000000000       0x12 fs/fat/diskio.32
 .comment       0x0000000000000000       0x12 fs/fat/ff.32
 .comment       0x0000000000000000       0x12 fs/fat/ffsystem.32
 .comment       0x0000000000000000       0x12 fs/fat/ffunicode.32
 .comment       0x0000000000000000       0x12 fs/iso9660/iso9660.32
 .group         0x0000000000000000       0x14 core/computer.32
 .group         0x0000000000000000        0xc core/computer.32
 .comment       0x0000000000000000       0x12 core/computer.32
 .comment       0x0000000000000000       0x12 core/gdt.32
 .group         0x0000000000000000        0xc core/idle.32
 .comment       0x0000000000000000       0x12 core/idle.32
 .comment       0x0000000000000000       0x12 core/idt.32
 .comment       0x0000000000000000       0x12 core/kheap.32
 .comment       0x0000000000000000       0x12 core/main.32
 .comment       0x0000000000000000       0x12 core/physmgr.32
 .group         0x0000000000000000        0xc core/pipe.32
 .comment       0x0000000000000000       0x12 core/pipe.32
 .group         0x0000000000000000        0xc core/terminal.32
 .comment       0x0000000000000000       0x12 core/terminal.32
 .comment       0x0000000000000000       0x12 core/tss.32
 .group         0x0000000000000000        0x8 core/unixfile.32
 .group         0x0000000000000000        0x8 core/unixfile.32
 .group         0x0000000000000000        0xc core/unixfile.32
 .group         0x0000000000000000        0x8 core/unixfile.32
 .group         0x0000000000000000        0xc core/unixfile.32
 .group         0x0000000000000000        0x8 core/unixfile.32
 .group         0x0000000000000000        0xc core/unixfile.32
 .group         0x0000000000000000        0xc core/unixfile.32
 .comment       0x0000000000000000       0x12 core/unixfile.32
 .comment       0x0000000000000000       0x12 core/virtmgr.32
 .comment       0x0000000000000000       0x12 coreobjs/c++.32
 .comment       0x0000000000000000       0x12 dbg/kconsole.32
 .group         0x0000000000000000        0xc fs/vfs.32
 .group         0x0000000000000000        0xc fs/vfs.32
 .group         0x0000000000000000        0xc fs/vfs.32
 .comment       0x0000000000000000       0x12 fs/vfs.32
 .group         0x0000000000000000        0xc hal/bus.32
 .comment       0x0000000000000000       0x12 hal/bus.32
 .comment       0x0000000000000000       0x12 hal/buzzer.32
 .group         0x0000000000000000        0xc hal/clock.32
 .comment       0x0000000000000000       0x12 hal/clock.32
 .group         0x0000000000000000       0x14 hal/device.32
 .group         0x0000000000000000        0xc hal/device.32
 .group         0x0000000000000000        0x8 hal/device.32
 .group         0x0000000000000000        0xc hal/device.32
 .group         0x0000000000000000        0xc hal/device.32
 .comment       0x0000000000000000       0x12 hal/device.32
 .group         0x0000000000000000        0xc hal/diskctrl.32
 .comment       0x0000000000000000       0x12 hal/diskctrl.32
 .group         0x0000000000000000        0xc hal/diskphys.32
 .comment       0x0000000000000000       0x12 hal/diskphys.32
 .comment       0x0000000000000000       0x12 hal/fpu.32
 .comment       0x0000000000000000       0x12 hal/intctrl.32
 .group         0x0000000000000000        0xc hal/keybrd.32
 .comment       0x0000000000000000       0x12 hal/keybrd.32
 .group         0x0000000000000000        0xc hal/logidisk.32
 .comment       0x0000000000000000       0x12 hal/logidisk.32
 .group         0x0000000000000000        0xc hal/mouse.32
 .comment       0x0000000000000000       0x12 hal/mouse.32
 .group         0x0000000000000000        0xc hal/nic.32
[...]
Memory Configuration

Name             Origin             Length             Attributes
*default*        0x0000000000000000 0xffffffffffffffff

Linker script and memory map

LOAD D:/Users/Alex/Desktop/Banana/kernel/boot.32
LOAD crti.32
LOAD /cygdrive/d/Users/Alex/Desktop/Toolchain/Output/bin/../lib/gcc/i386-banana/8.1.0/crtbegin.o
LOAD D:/Users/Alex/Desktop/Banana/kernel/morenasm.32
LOAD acpica/utclib.32
LOAD core/malloc.32
LOAD libk/ctype.32
LOAD libk/string.32
LOAD fs/fat/diskio.32
LOAD fs/fat/ff.32
LOAD fs/fat/ffsystem.32
LOAD fs/fat/ffunicode.32
LOAD fs/iso9660/iso9660.32
LOAD core/computer.32
LOAD core/gdt.32
LOAD core/idle.32
LOAD core/idt.32
LOAD core/kheap.32
LOAD core/main.32
LOAD core/physmgr.32
LOAD core/pipe.32
LOAD core/terminal.32
LOAD core/tss.32
LOAD core/unixfile.32
LOAD core/virtmgr.32
LOAD coreobjs/c++.32
LOAD dbg/kconsole.32
LOAD fs/vfs.32
LOAD hal/bus.32
LOAD hal/buzzer.32
LOAD hal/clock.32
LOAD hal/device.32
LOAD hal/diskctrl.32
LOAD hal/diskphys.32
LOAD hal/fpu.32
LOAD hal/intctrl.32
LOAD hal/keybrd.32
LOAD hal/logidisk.32
LOAD hal/mouse.32
LOAD hal/nic.32
LOAD hal/partition.32
LOAD hal/serial.32
LOAD hal/timer.32
LOAD hal/vcache.32
LOAD hal/video.32
LOAD hw/acpi.32
LOAD hw/cpu.32
LOAD krnl/bootmsg.32
LOAD krnl/env.32
LOAD krnl/inlines.32
LOAD krnl/panic.32
LOAD krnl/powctrl.32
LOAD krnl/random.32
LOAD krnl/resolve.32
LOAD krnl/signal.32
LOAD krnl/syscalls.32
LOAD net/ethernet.32
LOAD reg/cm.32
LOAD reg/registry.32
LOAD sys/eject.32
LOAD sys/exit.32
LOAD sys/getcwd.32
LOAD sys/getpid.32
LOAD sys/getramdata.32
LOAD sys/getvgaptr.32
LOAD sys/kill.32
LOAD sys/loaddll.32
LOAD sys/read.32
LOAD sys/registersignal.32
LOAD sys/registry.32
LOAD sys/sbrk.32
LOAD sys/setcwd.32
LOAD sys/settime.32
LOAD sys/timezone.32
LOAD sys/write.32
LOAD sys/wsbe.32
LOAD sys/yield.32
LOAD thr/elf.32
LOAD thr/prcssthr.32
LOAD vm86/vm8086.32
LOAD arch/i386/hal.32
LOAD arch/i386/pic.32
LOAD arch/i386/rtc.32
LOAD arch/i386/vga.32
LOAD fs/fat/vfslink.32
LOAD fs/iso9660/helper.32
LOAD fs/iso9660/vfslink.32
LOAD hal/sound/sndcard.32
LOAD hal/sound/sndport.32
LOAD hw/bus/isa.32
LOAD hw/bus/pci.32
LOAD hw/diskctrl/ide.32
LOAD hw/diskctrl/satabus.32
LOAD hw/diskphys/ata.32
LOAD hw/diskphys/atapi.32
LOAD hw/diskphys/sata.32
LOAD hw/diskphys/satapi.32
LOAD hw/intctrl/apic.32
LOAD hw/timer/apictimer.32
LOAD hw/timer/pit.32
LOAD arch/i386/avx.32
LOAD arch/i386/interrupt.32
LOAD arch/i386/rdrand.32
LOAD arch/i386/sse.32
LOAD arch/i386/x87.32
LOAD /cygdrive/d/Users/Alex/Desktop/Toolchain/Output/bin/../lib/gcc/i386-banana/8.1.0/crtend.o
LOAD crtn.32
LOAD /cygdrive/d/Users/Alex/Desktop/Toolchain/Output/bin/../lib/gcc/i386-banana/8.1.0/libkgcc.a
LOAD D:/Users/Alex/Desktop/Banana/kernel/libsoftfp.a
LOAD D:/Users/Alex/Desktop/Banana/kernel/libk/libm32.a
                0x00000000c0000000                . = 0xc0000000

.text           0x00000000c0000000    0x1e7ca
 *(.text)
 .text          0x00000000c0000000       0x20 D:/Users/Alex/Desktop/Banana/kernel/boot.32
 .text          0x00000000c0000020        0x0 crti.32
 .text          0x00000000c0000020      0x101 /cygdrive/d/Users/Alex/Desktop/Toolchain/Output/bin/../lib/gcc/i386-banana/8.1.0/crtbegin.o
 *fill*         0x00000000c0000121        0xf 
 .text          0x00000000c0000130      0x24f D:/Users/Alex/Desktop/Banana/kernel/morenasm.32
                0x00000000c0000130                manualPCIProbe
                0x00000000c000017b                prepareTramp
                0x00000000c0000194                doTPAUSE
                0x00000000c000019e                hasLegacyFPU
                0x00000000c00001c3                is486
                0x00000000c00001f9                detectCPUID
                0x00000000c000020f                goToVM86
                0x00000000c000023f                goToUsermode
                0x00000000c0000269                switchToThreadASMFirstTime
                0x00000000c0000277                switchToThreadASM
                0x00000000c00002fc                asmQuickAcquireLock
                0x00000000c000031a                asmQuickReleaseLock
                0x00000000c0000326                asmAcquireLock
                0x00000000c0000347                asmReleaseLock
                0x00000000c000035a                loadGDT
                0x00000000c000037a                memcpy
 *fill*         0x00000000c000037f        0x1 
 .text          0x00000000c0000380      0x868 acpica/utclib.32
                0x00000000c0000380                memcmp
                0x00000000c00003d0                memmove
                0x00000000c00004f0                memset
                0x00000000c0000570                strlen
                0x00000000c00005a0                strpbrk
                0x00000000c00005f0                strtok
                0x00000000c0000640                strcpy
                0x00000000c0000680                strncpy
                0x00000000c0000750                strcmp
                0x00000000c00007a0                strchr
                0x00000000c00007e0                strncmp
                0x00000000c0000840                strcat
                0x00000000c0000870                strncat
                0x00000000c00008d0                strstr
                0x00000000c0000930                toupper
                0x00000000c0000950                tolower
                0x00000000c0000970                simple_strtoul
 .text          0x00000000c0000be8      0xfaa core/malloc.32
                0x00000000c0000d53                dlfree
                0x00000000c00010ab                dlmalloc
                0x00000000c00015e8                dlrealloc
                0x00000000c000178b                dlmemalign
                0x00000000c00018ae                dlcalloc
                0x00000000c0001948                dlcfree
                0x00000000c000194d                dlindependent_calloc
                0x00000000c0001972                dlindependent_comalloc
                0x00000000c0001989                dlvalloc
                0x00000000c00019b4                dlpvalloc
                0x00000000c00019ea                dlmalloc_trim
                0x00000000c00019f7                dlmalloc_usable_size
                0x00000000c0001a28                dlmallinfo
                0x00000000c0001af7                dlmalloc_stats
                0x00000000c0001b08                dlmallopt
 *fill*         0x00000000c0001b92        0x2 
 .text          0x00000000c0001b94      0x1f2 libk/ctype.32
                0x00000000c0001b94                isblank
                0x00000000c0001bb4                iscntrl
                0x00000000c0001bd4                isdigit
                0x00000000c0001bf0                islower
                0x00000000c0001c0c                isspace
                0x00000000c0001c34                isupper
                0x00000000c0001c50                isalpha
                0x00000000c0001c80                isalnum
                0x00000000c0001cb0                ispunct
                0x00000000c0001cf0                isgraph
                0x00000000c0001d20                isprint
                0x00000000c0001d48                isxdigit
 .text          0x00000000c0001d86        0x0 libk/string.32
 .text          0x00000000c0001d86       0x51 fs/fat/diskio.32
                0x00000000c0001d86                disk_status
                0x00000000c0001d89                disk_initialize
                0x00000000c0001d8c                disk_read
                0x00000000c0001da2                disk_write
                0x00000000c0001db8                disk_ioctl
 .text          0x00000000c0001dd7     0x3e46 fs/fat/ff.32
                0x00000000c0003bf8                f_mount
                0x00000000c0003c5a                f_open
                0x00000000c0003f1d                f_read
                0x00000000c000411c                f_write
                0x00000000c0004364                f_sync
                0x00000000c0004429                f_close
                0x00000000c0004458                f_lseek
                0x00000000c0004609                f_opendir
                0x00000000c00046d4                f_closedir
                0x00000000c00046f6                f_readdir
                0x00000000c0004788                f_stat
                0x00000000c0004807                f_getfree
                0x00000000c0004910                f_truncate
                0x00000000c00049fa                f_unlink
                0x00000000c0004b1c                f_mkdir
                0x00000000c0004cb7                f_rename
                0x00000000c0004e6f                f_chmod
                0x00000000c0004f1f                f_utime
                0x00000000c0004fcf                f_getlabel
                0x00000000c0005120                f_setlabel
                0x00000000c00052b0                f_expand
                0x00000000c000541d                f_mkfs
 *fill*         0x00000000c0005c1d        0x3 
 .text          0x00000000c0005c20       0x2f fs/fat/ffsystem.32
                0x00000000c0005c20                ff_memalloc
                0x00000000c0005c38                ff_memfree
 *fill*         0x00000000c0005c4f        0x1 
 .text          0x00000000c0005c50      0x2dc fs/fat/ffunicode.32
                0x00000000c0005c50                ff_uni2oem
                0x00000000c0005cf0                ff_oem2uni
                0x00000000c0005d68                ff_wtoupper
 .text          0x00000000c0005f2c      0xd32 fs/iso9660/iso9660.32
                0x00000000c0006177                isoReadDiscSector
                0x00000000c0006212                strnicmp
                0x00000000c00064c1                stricmp
                0x00000000c000650d                iso_open
                0x00000000c0006597                iso_close
                0x00000000c00065b5                iso_read
                0x00000000c00066cb                iso_seek
                0x00000000c000674f                iso_tell
                0x00000000c0006780                iso_total
                0x00000000c00067ab                fn_postprocess
                0x00000000c00067d2                iso_readdir
                0x00000000c0006a29                iso_reset
                0x00000000c0006a46                init_percd
                0x00000000c0006b40                iso_ioctl
                0x00000000c0006b58                fs_iso9660_init
                0x00000000c0006bee                fs_iso9660_shutdown
 .text          0x00000000c0006c5e      0x6bb core/computer.32
                0x00000000c0006c5e                Computer::close(int, int, void*)
                0x00000000c0006ca3                Krnl::firstTask()
                0x00000000c0006dde                Computer::Computer()
                0x00000000c0006dde                Computer::Computer()
                0x00000000c0006e8e                Computer::setBootMessage(char const*)
                0x00000000c0006e90                Computer::detectFeatures()
                0x00000000c00070b6                Computer::displayFeatures()
                0x00000000c00070b8                Computer::rdmsr(unsigned int)
                0x00000000c00070e4                Computer::wrmsr(unsigned int, unsigned long long)
                0x00000000c0007120                Computer::shutdown()
                0x00000000c0007138                Computer::restart()
                0x00000000c0007150                Computer::sleep()
                0x00000000c0007164                Computer::nmiEnabled()
                0x00000000c0007170                Computer::readCMOS(unsigned char)
                0x00000000c000718e                Computer::enableNMI(bool)
                0x00000000c00071a6                Computer::open(int, int, void*)
                0x00000000c000727a                Computer::disableNMI()
                0x00000000c000728a                Computer::writeCMOS(unsigned char, unsigned char)
                0x00000000c00072ae                Computer::handleNMI()
 *fill*         0x00000000c0007319        0x1 
 .text          0x00000000c000731a      0x1db core/gdt.32
                0x00000000c000731a                GDTEntry::setBase(unsigned int)
                0x00000000c0007336                GDTEntry::setLimit(unsigned int)
                0x00000000c0007354                GDT::GDT()
                0x00000000c0007354                GDT::GDT()
                0x00000000c000736a                GDT::addEntry(GDTEntry)
                0x00000000c000738c                GDT::getNumberOfEntries()
                0x00000000c0007394                GDT::flush()
                0x00000000c00073b6                GDT::setup()
 .text          0x00000000c00074f5       0x1d core/idle.32
                0x00000000c00074f5                idleFunction(void*)
 *fill*         0x00000000c0007512        0x2 
 .text          0x00000000c0007514      0x46c core/idt.32
                0x00000000c0007514                IDTEntry::IDTEntry(bool)
                0x00000000c0007514                IDTEntry::IDTEntry(bool)
                0x00000000c000758e                IDTEntry::setOffset(unsigned int)
                0x00000000c00075a4                IDT::IDT()
                0x00000000c00075a4                IDT::IDT()
                0x00000000c00075a6                IDT::getPointerToInvalidOpcodeEntryForF00F()
                0x00000000c00075ae                IDT::addEntry(IDTEntry, int)
                0x00000000c00075c8                IDT::addEntry(int, void (*)(), bool)
                0x00000000c0007600                IDT::flush()
                0x00000000c000761a                IDT::setup()
 .text          0x00000000c0007980      0x188 core/kheap.32
                0x00000000c0007980                sbrk
                0x00000000c0007a17                mmap
                0x00000000c0007a2d                munmap
                0x00000000c0007a43                liballoc_lock()
                0x00000000c0007a51                liballoc_unlock()
                0x00000000c0007a67                liballoc_alloc(int)
                0x00000000c0007a7f                liballoc_free(void*, int)
                0x00000000c0007a9a                realloc
                0x00000000c0007aae                malloc
                0x00000000c0007abe                free
                0x00000000c0007ace                rfree
                0x00000000c0007ade                calloc
 .text          0x00000000c0007b08       0xc3 core/main.32
                0x00000000c0007b08                KeEntryPoint
 .text          0x00000000c0007bcb      0x63a core/physmgr.32
                0x00000000c0007bcb                Phys::allocateDMA(unsigned long)
                0x00000000c0007cb3                Phys::freeDMA(unsigned long, unsigned long)
                0x00000000c0007cee                Phys::setPageState(unsigned long, bool)
                0x00000000c0007d2e                Phys::getPageState(unsigned long)
                0x00000000c0007d4a                Phys::freePage(unsigned long)
                0x00000000c0007db3                Phys::allocatePage()
                0x00000000c0007e82                Phys::allocateContiguousPages(int)
                0x00000000c0007ee9                Phys::allowSegmentToBeUsed(unsigned long, unsigned long)
                0x00000000c0007f21                Phys::physicalMemorySetup(unsigned int)
 *fill*         0x00000000c0008205        0x1 
 .text          0x00000000c0008206      0x273 core/pipe.32
                0x00000000c0008206                Pipe::isAtty()
                0x00000000c000820a                Pipe::~Pipe()
                0x00000000c000820a                Pipe::~Pipe()
                0x00000000c000822e                Pipe::~Pipe()
                0x00000000c0008256                Pipe::write(unsigned long long, void*, int*)
                0x00000000c0008316                Pipe::read(unsigned long long, void*, int*)
                0x00000000c0008412                Pipe::Pipe(int)
                0x00000000c0008412                Pipe::Pipe(int)
 *fill*         0x00000000c0008479        0x1 
 .text          0x00000000c000847a      0xad8 core/terminal.32
                0x00000000c000847a                VgaText::isAtty()
                0x00000000c000847e                VgaText::~VgaText()
                0x00000000c000847e                VgaText::~VgaText()
                0x00000000c00084a2                VgaText::~VgaText()
                0x00000000c00084cc                VgaText::read(unsigned long long, void*, int*)
                0x00000000c00084ec                setTerminalScrollLock(bool)
                0x00000000c00084ed                doTerminalCycle()
                0x00000000c00084ee                addToTerminalCycle(VgaText*)
                0x00000000c00084ef                scrollTerminalScrollLock(int)
                0x00000000c00084f0                VgaText::updateTitle()
                0x00000000c00084f2                VgaText::load()
                0x00000000c00084f4                VgaText::updateCursor()
                0x00000000c000850a                VgaText::doANSI_SGR(int)
                0x00000000c000857e                VgaText::setDefaultBgColour(VgaColour)
                0x00000000c000858e                VgaText::setDefaultFgColour(VgaColour)
                0x00000000c000859e                VgaText::setDefaultColours(VgaColour, VgaColour)
                0x00000000c00085be                VgaText::setTitleTextColour(VgaColour)
                0x00000000c00085ca                VgaText::setTitleColour(VgaColour)
                0x00000000c00085d6                VgaText::setTitle(char*)
                0x00000000c00085d8                VgaText::combineColours(unsigned char, unsigned char)
                0x00000000c00085ea                VgaText::scrollScreen()
                0x00000000c000867c                VgaText::combineCharAndColour(char, unsigned char)
                0x00000000c000868c                VgaText::writeCharacter(char, VgaColour, VgaColour, int, int)
                0x00000000c000871c                VgaText::getCursorX()
                0x00000000c0008724                VgaText::getCursorY()
                0x00000000c000872c                VgaText::setCursor(int, int)
                0x00000000c0008743                setActiveTerminal(VgaText*)
                0x00000000c000878e                VgaText::clearScreen()
                0x00000000c00087dc                VgaText::setCursorX(int)
                0x00000000c00087f4                VgaText::setCursorY(int)
                0x00000000c000880c                VgaText::incrementCursor(bool)
                0x00000000c0008860                VgaText::decrementCursor(bool)
                0x00000000c0008882                VgaText::putchar(char, VgaColour, VgaColour)
                0x00000000c0008952                VgaText::putchar(char)
                0x00000000c0008a4a                VgaText::putx(unsigned int)
                0x00000000c0008a90                VgaText::puts(char const*)
                0x00000000c0008ab6                VgaText::write(unsigned long long, void*, int*)
                0x00000000c0008b02                VgaText::puts(char const*, VgaColour, VgaColour)
                0x00000000c0008c50                VgaText::VgaText(char const*)
                0x00000000c0008c50                VgaText::VgaText(char const*)
                0x00000000c0008da0                VgaText::receiveKey(unsigned char)
                0x00000000c0008f2c                VgaText::doUpdate()
                0x00000000c0008f2d                newTerminal(char*)
 *fill*         0x00000000c0008f52        0x2 
 .text          0x00000000c0008f54      0x1a1 core/tss.32
                0x00000000c0008f54                TSS::TSS()
                0x00000000c0008f54                TSS::TSS()
                0x00000000c0008f64                TSS::setESP(unsigned long)
                0x00000000c0008f78                TSS::flush()
                0x00000000c0008f98                TSS::setup(unsigned long, unsigned long)
 *fill*         0x00000000c00090f5        0x1 
 .text          0x00000000c00090f6      0x4ca core/unixfile.32
                0x00000000c00090f6                ReservedFilename::read(unsigned long long, void*, int*)
                0x00000000c000914c                ReservedFilename::isAtty()
                0x00000000c0009168                ReservedFilename::write(unsigned long long, void*, int*)
                0x00000000c00091c6                UnixFile::getFileDescriptor()
                0x00000000c00091ce                UnixFile::UnixFile(int)
                0x00000000c00091ce                UnixFile::UnixFile(int)
                0x00000000c0009382                ReservedFilename::ReservedFilename(int)
                0x00000000c0009382                ReservedFilename::ReservedFilename(int)
                0x00000000c00093b4                UnixFile::~UnixFile()
                0x00000000c00093b4                UnixFile::~UnixFile()
                0x00000000c0009450                UnixFile::~UnixFile()
                0x00000000c0009478                ReservedFilename::~ReservedFilename()
                0x00000000c0009478                ReservedFilename::~ReservedFilename()
                0x00000000c000949c                ReservedFilename::~ReservedFilename()
                0x00000000c00094c3                getFromFileDescriptor(int)
 .text          0x00000000c00095c0     0x1259 core/virtmgr.32
                0x00000000c00095c0                Virt::setPageState(unsigned long, Virt::VirtPageState)
                0x00000000c00095fa                Virt::getPageState(unsigned long)
                0x00000000c000961d                Virt::allocateKernelVirtualPages(int)
                0x00000000c0009742                Virt::freeSwapfilePage(unsigned long)
                0x00000000c0009765                Virt::swapIDToSector(unsigned long)
                0x00000000c000977b                Virt::allocateSwapfilePage()
                0x00000000c00097fb                Virt::virtualMemorySetup()
                0x00000000c000984c                Virt::setupPageSwapping(int)
                0x00000000c00098be                VAS::VAS(VAS*)
                0x00000000c00098be                VAS::VAS(VAS*)
                0x00000000c00098ec                VAS::getForeignPageTableEntry(bool, unsigned long)
                0x00000000c000991a                VAS::getPageTableEntry(unsigned long)
                0x00000000c0009939                Virt::freeKernelVirtualPages(unsigned long)
                0x00000000c0009a4c                VAS::freeAllocatedPages(unsigned long)
                0x00000000c0009a70                VAS::virtualToPhysical(unsigned long)
                0x00000000c0009a8a                VAS::reflagRange(unsigned long, int, int, int)
                0x00000000c0009acc                VAS::VAS()
                0x00000000c0009acc                VAS::VAS()
                0x00000000c0009b36                VAS::setToWriteCombining(unsigned long, int)
                0x00000000c0009b6a                VAS::mapOtherVASIn(bool, VAS*)
                0x00000000c0009b96                VAS::~VAS()
                0x00000000c0009b96                VAS::~VAS()
                0x00000000c0009d04                VAS::mapPage(unsigned long, unsigned long, int)
                0x00000000c0009e0a                VAS::allocatePages(int, int)
                0x00000000c0009ffa                VAS::setCPUSpecific(unsigned long)
                0x00000000c000a018                VAS::mapRange(unsigned long, unsigned long, int, int)
                0x00000000c000a0ee                VAS::mapForeignPage(bool, VAS*, unsigned long, unsigned long, int)
                0x00000000c000a1e4                VAS::VAS(bool)
                0x00000000c000a1e4                VAS::VAS(bool)
                0x00000000c000a476                VAS::evict(unsigned long)
                0x00000000c000a542                VAS::tryLoadBackOffDisk(unsigned long)
                0x00000000c000a638                VAS::scanForEviction()
                0x00000000c000a71e                mapVASFirstTime
 .text          0x00000000c000a819       0x5f coreobjs/c++.32
                0x00000000c000a819                __cxa_atexit
                0x00000000c000a81c                __cxa_finalize
                0x00000000c000a81d                __stack_chk_fail
                0x00000000c000a853                __cxa_pure_virtual
                0x00000000c000a864                operator new[](unsigned long)
                0x00000000c000a869                operator delete(void*, unsigned long)
                0x00000000c000a86e                operator delete[](void*)
                0x00000000c000a873                operator delete[](void*, unsigned long)
 .text          0x00000000c000a878      0x254 dbg/kconsole.32
                0x00000000c000a878                Dbg::stringifyxWithBase(unsigned int, char*, int)
                0x00000000c000a918                Dbg::logc(char)
                0x00000000c000a938                Dbg::logs(char*)
                0x00000000c000a957                Dbg::logWriteInt(unsigned int)
                0x00000000c000a975                Dbg::logWriteIntBase(unsigned int, int)
                0x00000000c000a996                Dbg::kprintf(char const*, ...)
 .text          0x00000000c000aacc      0xc60 fs/vfs.32
                0x00000000c000aacc                File::read(unsigned long long, void*, int*)
                0x00000000c000ab24                File::write(unsigned long long, void*, int*)
                0x00000000c000ab7c                Directory::read(unsigned long long, void*, int*)
                0x00000000c000abd4                Directory::write(unsigned long long, void*, int*)
                0x00000000c000ac02                File::isAtty()
                0x00000000c000ac06                Directory::isAtty()
                0x00000000c000ac0a                Filesystem::getlabel(LogicalDisk*, int, char*, unsigned int*)
                0x00000000c000ac10                Filesystem::setlabel(LogicalDisk*, int, char*)
                0x00000000c000ac16                Filesystem::allocateSwapfile(char const*, int)
                0x00000000c000ac1c                File::~File()
                0x00000000c000ac1c                File::~File()
                0x00000000c000ac40                File::~File()
                0x00000000c000ac6a                Directory::~Directory()
                0x00000000c000ac6a                Directory::~Directory()
                0x00000000c000ac8e                Directory::~Directory()
                0x00000000c000acb8                Filesystem::Filesystem()
                0x00000000c000acb8                Filesystem::Filesystem()
                0x00000000c000acdc                Filesystem::~Filesystem()
                0x00000000c000acdc                Filesystem::~Filesystem()
                0x00000000c000acea                Filesystem::~Filesystem()
                0x00000000c000ad0e                Fs::getcwd(Process*, char*, int)
                0x00000000c000ad38                Fs::initVFS()
                0x00000000c000ad62                Fs::standardiseFiles(char*, char const*, char const*)
                0x00000000c000af18                File::File(char const*, Process*)
                0x00000000c000af18                File::File(char const*, Process*)
                0x00000000c000afd4                File::open(FileOpenMode)
                0x00000000c000b032                File::close()
                0x00000000c000b092                File::seek(unsigned long long)
                0x00000000c000b0e8                File::tell(unsigned long long*)
                0x00000000c000b138                File::rewind()
                0x00000000c000b14c                File::unlink()
                0x00000000c000b198                File::rename(char const*)
                0x00000000c000b1e6                File::chfatattr(unsigned char, unsigned char)
                0x00000000c000b242                File::exists()
                0x00000000c000b280                File::stat(unsigned long long*, bool*)
                0x00000000c000b2e1                Fs::setcwd(Process*, char*)
                0x00000000c000b43e                Directory::Directory(char const*, Process*)
                0x00000000c000b43e                Directory::Directory(char const*, Process*)
                0x00000000c000b4fa                Directory::open()
                0x00000000c000b556                Directory::close()
                0x00000000c000b5b6                Directory::unlink()
                0x00000000c000b602                Directory::rename(char const*)
                0x00000000c000b650                Directory::exists()
                0x00000000c000b68e                Directory::read(dirent*)
                0x00000000c000b6da                Directory::create()
                0x00000000c000b726                Filesystem::chfatattr(char const*, unsigned char, unsigned char)
 .text          0x00000000c000b72c       0x86 hal/bus.32
                0x00000000c000b72c                Bus::Bus(char const*)
                0x00000000c000b72c                Bus::Bus(char const*)
                0x00000000c000b764                Bus::~Bus()
                0x00000000c000b764                Bus::~Bus()
                0x00000000c000b788                Bus::~Bus()
 .text          0x00000000c000b7b2       0x96 hal/buzzer.32
                0x00000000c000b7b2                beepThread(void*)
                0x00000000c000b7ef                Krnl::beep(int, int, bool)
 .text          0x00000000c000b848      0x45f hal/clock.32
                0x00000000c000b848                User::loadClockSettings(int)
                0x00000000c000b89a                Clock::Clock(char const*)
                0x00000000c000b89a                Clock::Clock(char const*)
                0x00000000c000b8d0                Clock::~Clock()
                0x00000000c000b8d0                Clock::~Clock()
                0x00000000c000b8f4                Clock::~Clock()
                0x00000000c000b91e                Clock::timeInSecondsLocal()
                0x00000000c000b966                Clock::setTimeInSecondsLocal(unsigned long long)
                0x00000000c000b9bf                datetimeToSeconds(datetime_t)
                0x00000000c000bade                Clock::setTimeInDatetimeLocal(datetime_t)
                0x00000000c000bb3e                secondsToDatetime(unsigned long long)
                0x00000000c000bc82                Clock::timeInDatetimeLocal()
 *fill*         0x00000000c000bca7        0x1 
 .text          0x00000000c000bca8      0x464 hal/device.32
                0x00000000c000bca8                Device::hibernate()
                0x00000000c000bcaa                Device::wake()
                0x00000000c000bcac                Device::detect()
                0x00000000c000bcae                Device::disableLegacy()
                0x00000000c000bcb0                Device::powerSaving(PowerSavingLevel)
                0x00000000c000bcb2                DriverlessDevice::close(int, int, void*)
                0x00000000c000bcb6                DriverlessDevice::detect()
                0x00000000c000bcb8                DriverlessDevice::open(int, int, void*)
                0x00000000c000bccc                Device::~Device()
                0x00000000c000bccc                Device::~Device()
                0x00000000c000bcda                Device::~Device()
                0x00000000c000bd02                Device::findAndLoadDriver()
                0x00000000c000bd10                Device::preOpenPCI(PCIDeviceInfo)
                0x00000000c000bd36                Device::preOpenACPI(void*, char*, char*)
                0x00000000c000bd76                Device::addIRQHandler(int, void (*)(regs*, void*), bool, void*)
                0x00000000c000bda0                Device::getParent()
                0x00000000c000bdac                Device::removeIRQHandler(int, void (*)(regs*, void*), bool)
                0x00000000c000bdca                Device::addChild(Device*)
                0x00000000c000be0e                Device::removeAllChildren()
                0x00000000c000be54                Device::hibernateAll()
                0x00000000c000be84                Device::wakeAll()
                0x00000000c000beb4                Device::detectAll()
                0x00000000c000bee4                Device::disableLegacyAll()
                0x00000000c000bee6                Device::loadDriversForAll()
                0x00000000c000bee8                Device::closeAll()
                0x00000000c000bf1e                Device::powerSavingAll(PowerSavingLevel)
                0x00000000c000bf54                Device::setName(char const*)
                0x00000000c000bf62                Device::Device(char const*)
                0x00000000c000bf62                Device::Device(char const*)
                0x00000000c000c05e                Device::getName()
                0x00000000c000c068                DriverlessDevice::DriverlessDevice(char const*)
                0x00000000c000c068                DriverlessDevice::DriverlessDevice(char const*)
                0x00000000c000c09e                Device::addToLinkedList(LinkedList<Device>&, DeviceType)
                0x00000000c000c0e2                getDevicesOfType(DeviceType)
 .text          0x00000000c000c10c       0x86 hal/diskctrl.32
                0x00000000c000c10c                HardDiskController::HardDiskController(char const*)
                0x00000000c000c10c                HardDiskController::HardDiskController(char const*)
                0x00000000c000c144                HardDiskController::~HardDiskController()
                0x00000000c000c144                HardDiskController::~HardDiskController()
                0x00000000c000c168                HardDiskController::~HardDiskController()
 .text          0x00000000c000c192       0xe2 hal/diskphys.32
                0x00000000c000c192                PhysicalDisk::eject()
                0x00000000c000c196                PhysicalDisk::PhysicalDisk(char const*, int)
                0x00000000c000c196                PhysicalDisk::PhysicalDisk(char const*, int)
                0x00000000c000c1fe                PhysicalDisk::startCache()
                0x00000000c000c226                PhysicalDisk::~PhysicalDisk()
                0x00000000c000c226                PhysicalDisk::~PhysicalDisk()
                0x00000000c000c24a                PhysicalDisk::~PhysicalDisk()
 .text          0x00000000c000c274        0x0 hal/fpu.32
 .text          0x00000000c000c274      0x359 hal/intctrl.32
                0x00000000c000c274                int_handler
                0x00000000c000c2fe                installISRHandler(int, void (*)(regs*, void*), void*)
                0x00000000c000c348                installIRQHandler(int, void (*)(regs*, void*), bool, void*)
                0x00000000c000c47c                uninstallISRHandler(int, void (*)(regs*, void*))
                0x00000000c000c4b0                uninstallIRQHandler(int, void (*)(regs*, void*), bool)
                0x00000000c000c52e                setupINTS()
                0x00000000c000c58b                convertLegacyIRQNumber(int)
 *fill*         0x00000000c000c5cd        0x1 
 .text          0x00000000c000c5ce      0x8be hal/keybrd.32
                0x00000000c000c5ce                startGUI(void*)
                0x00000000c000c63c                startGUIVESA(void*)
                0x00000000c000c6aa                sendKeyToTerminal(unsigned char)
                0x00000000c000c785                sendKeyboardToken(KeyboardToken)
                0x00000000c000cc6f                clearInternalKeybuffer(VgaText*)
                0x00000000c000cca4                readKeyboard(VgaText*, char*, unsigned long)
                0x00000000c000ce02                Keyboard::Keyboard(char const*)
                0x00000000c000ce02                Keyboard::Keyboard(char const*)
                0x00000000c000ce3e                Keyboard::~Keyboard()
                0x00000000c000ce3e                Keyboard::~Keyboard()
                0x00000000c000ce62                Keyboard::~Keyboard()
 .text          0x00000000c000ce8c      0x3f8 hal/logidisk.32
                0x00000000c000ce8c                LogicalDisk::close(int, int, void*)
                0x00000000c000ce90                LogicalDisk::~LogicalDisk()
                0x00000000c000ce90                LogicalDisk::~LogicalDisk()
                0x00000000c000ceb4                LogicalDisk::~LogicalDisk()
                0x00000000c000cede                LogicalDisk::open(int, int, void*)
                0x00000000c000cef2                LogicalDisk::absoluteToRelative(unsigned long long)
                0x00000000c000cf2a                LogicalDisk::relativeToAbsolute(unsigned long long)
                0x00000000c000cf70                LogicalDisk::LogicalDisk(char const*, PhysicalDisk*, unsigned long long, unsigned long long)
                0x00000000c000cf70                LogicalDisk::LogicalDisk(char const*, PhysicalDisk*, unsigned long long, unsigned long long)
                0x00000000c000d030                LogicalDisk::assignDriveLetter()
                0x00000000c000d0ea                LogicalDisk::mount()
                0x00000000c000d132                LogicalDisk::unmount()
                0x00000000c000d142                LogicalDisk::eject()
                0x00000000c000d156                LogicalDisk::unassignDriveLetter()
                0x00000000c000d1ac                LogicalDisk::read(unsigned long long, int, void*)
                0x00000000c000d218                LogicalDisk::write(unsigned long long, int, void*)
 .text          0x00000000c000d284       0x86 hal/mouse.32
                0x00000000c000d284                Mouse::Mouse(char const*)
                0x00000000c000d284                Mouse::Mouse(char const*)
                0x00000000c000d2bc                Mouse::~Mouse()
                0x00000000c000d2bc                Mouse::~Mouse()
                0x00000000c000d2e0                Mouse::~Mouse()
 .text          0x00000000c000d30a       0x90 hal/nic.32
                0x00000000c000d30a                NIC::getMAC()
                0x00000000c000d310                NIC::write(int, unsigned char*, int*)
                0x00000000c000d316                NIC::NIC(char const*)
                0x00000000c000d316                NIC::NIC(char const*)
                0x00000000c000d34c                NIC::~NIC()
                0x00000000c000d34c                NIC::~NIC()
                0x00000000c000d370                NIC::~NIC()
 .text          0x00000000c000d39a      0x33b hal/partition.32
                0x00000000c000d39a                makePartition(PhysicalDisk*, unsigned long long, unsigned long long)
                0x00000000c000d442                createPartitionsForDisk(PhysicalDisk*)
 *fill*         0x00000000c000d6d5        0x3 
 .text          0x00000000c000d6d8       0x86 hal/serial.32
                0x00000000c000d6d8                Serial::Serial(char const*)
                0x00000000c000d6d8                Serial::Serial(char const*)
                0x00000000c000d710                Serial::~Serial()
                0x00000000c000d710                Serial::~Serial()
                0x00000000c000d734                Serial::~Serial()
 *fill*         0x00000000c000d75e        0x2 
 .text          0x00000000c000d760      0x234 hal/timer.32
                0x00000000c000d760                Timer::Timer(char const*)
                0x00000000c000d760                Timer::Timer(char const*)
                0x00000000c000d798                Timer::~Timer()
                0x00000000c000d798                Timer::~Timer()
                0x00000000c000d7bc                Timer::~Timer()
                0x00000000c000d7e6                Timer::read()
                0x00000000c000d7f1                setupTimer(int)
                0x00000000c000d82c                timerHandler(unsigned int)
 .text          0x00000000c000d994      0x444 hal/vcache.32
                0x00000000c000d994                VCache::VCache(PhysicalDisk*)
                0x00000000c000d994                VCache::VCache(PhysicalDisk*)
                0x00000000c000db04                VCache::invalidateReadBuffer()
                0x00000000c000db14                VCache::writeWriteBuffer()
                0x00000000c000db60                VCache::~VCache()
                0x00000000c000db60                VCache::~VCache()
                0x00000000c000dbb8                VCache::~VCache()
                0x00000000c000dbe0                VCache::write(unsigned long long, int, void*)
                0x00000000c000dcce                VCache::read(unsigned long long, int, void*)
 .text          0x00000000c000ddd8      0x4c7 hal/video.32
                0x00000000c000ddd8                Video::putrect(int, int, int, int, unsigned int)
                0x00000000c000de24                Video::bitblit(int, int, int, int, int, int, int, unsigned int*)
                0x00000000c000de94                Video::blit(unsigned int*, int, int, int, int)
                0x00000000c000df12                Video::clearScreen(unsigned int)
                0x00000000c000df46                Video::putpixel(int, int, unsigned int)
                0x00000000c000df54                Video::readPixelApprox(int, int)
                0x00000000c000df68                Video::Video(char const*)
                0x00000000c000df68                Video::Video(char const*)
                0x00000000c000df9e                Video::~Video()
                0x00000000c000df9e                Video::~Video()
                0x00000000c000dfc2                Video::~Video()
                0x00000000c000dfec                Video::isMonochrome()
                0x00000000c000dff8                Video::getWidth()
                0x00000000c000e004                Video::getHeight()
                0x00000000c000e010                Video::drawCursor(int, int, unsigned int*, int)
                0x00000000c000e0cc                Video::tgaParse(unsigned char*, int, int*, int*)
                0x00000000c000e234                Video::putTGA(int, int, unsigned char*, int)
 *fill*         0x00000000c000e29f        0x1 
 .text          0x00000000c000e2a0     0x133b hw/acpi.32
                0x00000000c000e2a0                ACPI::close(int, int, void*)
                0x00000000c000e354                findRSDP()
                0x00000000c000e3ec                loadACPITables(unsigned char*)
                0x00000000c000e658                findRSDT(unsigned char*)
                0x00000000c000e7b0                findDataTable(unsigned char*, char*)
                0x00000000c000e830                scanMADT()
                0x00000000c000ece8                ACPI::ACPI()
                0x00000000c000ece8                ACPI::ACPI()
                0x00000000c000ed3c                ACPI::getPCIIRQAssignment(unsigned char, unsigned short, unsigned char)
                0x00000000c000ee38                ACPI::registerPCIIRQAssignment(void*, unsigned short, unsigned char, unsigned char)
                0x00000000c000ef04                ACPI::setScreenBrightnessLevel(void*, int)
                0x00000000c000ef0c                ACPI::detectPCI()
                0x00000000c000f12c                ACPI::writeSimpleBootFlag(SimpleBootFlagTable*)
                0x00000000c000f174                ACPI::sleep()
                0x00000000c000f190                ACPI::open(int, int, void*)
 *fill*         0x00000000c000f5db        0x1 
 .text          0x00000000c000f5dc      0xba5 hw/cpu.32
                0x00000000c000f5dc                CPU::close(int, int, void*)
                0x00000000c000f5e0                CPU::AMD_K6_write_msr(unsigned int, unsigned int, unsigned int, CPU::REGS*)
                0x00000000c000f5fc                CPU::AMD_K6_read_msr(unsigned int, CPU::REGS*)
                0x00000000c000f614                CPU::AMD_K6_writeback(int, int, int)
                0x00000000c000f688                CPU::cpuid(int, unsigned long*, unsigned long*, unsigned long*, unsigned long*)
                0x00000000c000f70c                CPU::cpuidCheckEDX(unsigned int)
                0x00000000c000f73a                CPU::cpuidCheckECX(unsigned int)
                0x00000000c000f768                CPU::cpuidCheckExtendedEBX(unsigned int)
                0x00000000c000f796                CPU::cpuidCheckExtendedECX(unsigned int)
                0x00000000c000f7c4                CPU::CPU()
                0x00000000c000f7c4                CPU::CPU()
                0x00000000c000f852                CPU::displayFeatures()
                0x00000000c000f854                CPU::detectFeatures()
                0x00000000c000ff28                CPU::setupSMEP()
                0x00000000c000ff34                CPU::setupUMIP()
                0x00000000c000ff3e                CPU::setupTSC()
                0x00000000c000ff48                CPU::setupLargePages()
                0x00000000c000ff52                CPU::setupPAT()
                0x00000000c000ff8e                CPU::setupMTRR()
                0x00000000c000ff90                CPU::setupGlobalPages()
                0x00000000c000ff9a                CPU::allowUsermodeDataAccess()
                0x00000000c000ffac                CPU::prohibitUsermodeDataAccess()
                0x00000000c000ffbe                CPU::setupSMAP()
                0x00000000c000ffcc                CPU::setupFeatures()
                0x00000000c0010098                CPU::open(int, int, void*)
 .text          0x00000000c0010181       0xd8 krnl/bootmsg.32
                0x00000000c0010181                KeDisplaySplashScreen()
                0x00000000c00101f6                KeSetBootMessage(char const*)
 *fill*         0x00000000c0010259        0x1 
 .text          0x00000000c001025a      0x585 krnl/env.32
                0x00000000c001025a                EnvVarContainer::getEnv(char const*)
                0x00000000c0010298                EnvVarContainer::setEnv(char const*, char const*)
                0x00000000c001035a                EnvVarContainer::deleteEnv(char const*)
                0x00000000c001035c                EnvVarContainer::loadFrom(char const*, char const*)
                0x00000000c0010546                EnvVarContainer::__loadSystem()
                0x00000000c0010560                EnvVarContainer::__loadUser()
                0x00000000c0010562                EnvVarContainer::EnvVarContainer(Process*)
                0x00000000c0010562                EnvVarContainer::EnvVarContainer(Process*)
                0x00000000c0010584                EnvVarContainer::~EnvVarContainer()
                0x00000000c0010584                EnvVarContainer::~EnvVarContainer()
                0x00000000c00105b4                Krnl::getEnv(Process*, char const*)
                0x00000000c0010619                Krnl::setEnvSystem(char const*, char const*)
                0x00000000c0010633                Krnl::setEnvUser(char const*, char const*)
                0x00000000c0010652                Krnl::setEnvProcess(Process*, char const*, char const*)
                0x00000000c0010665                Krnl::deleteEnvSystem(char const*)
                0x00000000c0010666                Krnl::deleteEnvUser(char const*)
                0x00000000c0010667                Krnl::deleteEnvProcess(Process*, char const*)
                0x00000000c0010668                Krnl::newProcessEnv(Process*)
                0x00000000c001068a                Krnl::copyProcessEnv(Process*, Process*)
                0x00000000c00106d6                Krnl::loadSystemEnv()
                0x00000000c0010704                Krnl::loadUserEnv()
                0x00000000c001072a                Krnl::flushEnv()
                0x00000000c001072b                Krnl::getProcessTotalEnvCount(Process*)
                0x00000000c001074b                Krnl::getProcessEnvPair(Process*, int)
 .text          0x00000000c00107df       0x94 krnl/inlines.32
                0x00000000c00107df                CPU::current()
                0x00000000c00107eb                operator new(unsigned long)
                0x00000000c00107f0                operator delete(void*)
                0x00000000c00107f5                disableIRQs()
                0x00000000c00107f7                enableIRQs()
                0x00000000c00107f9                lockScheduler()
                0x00000000c0010801                unlockScheduler()
                0x00000000c0010810                lockStuff()
                0x00000000c001081e                unlockStuff()
                0x00000000c0010858                Virt::getAKernelVAS()
                0x00000000c001085e                __not_memcpy
 .text          0x00000000c0010873        0xc krnl/panic.32
                0x00000000c0010873                KePanic(char const*)
 .text          0x00000000c001087f      0x142 krnl/powctrl.32
                0x00000000c001087f                Krnl::powerThread(void*)
                0x00000000c00108ad                Krnl::changePowerSettings(Krnl::PowerSettings)
                0x00000000c00108c3                Krnl::userIOReceived()
                0x00000000c00108ce                Krnl::handlePowerButton()
                0x00000000c0010903                Krnl::handleSleepButton()
                0x00000000c0010938                Krnl::setupPowerManager()
 .text          0x00000000c00109c1       0x9d krnl/random.32
                0x00000000c00109c1                KeRand()
                0x00000000c0010a03                KeSeedRand(unsigned int)
                0x00000000c0010a2c                KeInitRand()
 *fill*         0x00000000c0010a5e        0x2 
 .text          0x00000000c0010a60      0x1bc krnl/resolve.32
                0x00000000c0010a60                KeResolveCompatibilitySymbol(char*)
 .text          0x00000000c0010c1c      0x313 krnl/signal.32
                0x00000000c0010c1c                KiSigKill(int)
                0x00000000c0010c30                KiDefaultSignalHandlerIgnore(int)
                0x00000000c0010c31                KiDefaultSignalHandlerPause(int)
                0x00000000c0010c5d                KiDefaultSignalHandlerResume(int)
                0x00000000c0010c89                KeDeinitSignals(SigHandlerBlock*)
                0x00000000c0010c8e                KeInitSignals()
                0x00000000c0010cd9                KeRegisterSignalHandler(SigHandlerBlock*, int, void (*)(int), unsigned int, int)
                0x00000000c0010d0f                KeRaiseSignal(SigHandlerBlock*, int)
                0x00000000c0010d8c                KeCheckSignal(SigHandlerBlock*, int*)
                0x00000000c0010e7b                KiCheckSignalZ
                0x00000000c0010ebd                KeCompleteSignal(SigHandlerBlock*, int)
                0x00000000c0010ef8                KiFinishSignalZ
 .text          0x00000000c0010f2f      0xc61 krnl/syscalls.32
                0x00000000c0010f2f                SysSeekDir(regs*)
                0x00000000c0010f34                SysTellDir(regs*)
                0x00000000c0010f39                SysVerify(regs*)
                0x00000000c0010f43                SysGetArgc(regs*)
                0x00000000c0010f57                SysTTYName(regs*)
                0x00000000c0010f5f                SysFormatDisk(regs*)
                0x00000000c0010fd6                SysSetDiskVolumeLabel(regs*)
                0x00000000c001102a                SysGetDiskVolumeLabel(regs*)
                0x00000000c0011083                SysShutdown(regs*)
                0x00000000c00110e1                SysRealpath(regs*)
                0x00000000c0011126                SysReadDir(regs*)
                0x00000000c00111a6                SysIsATTY(regs*)
                0x00000000c0011200                SysSeek(regs*)
                0x00000000c0011257                SysTell(regs*)
                0x00000000c00112c4                SysSize(regs*)
                0x00000000c0011337                SysSizeFromFilename(regs*)
                0x00000000c00113e8                SysClose(regs*)
                0x00000000c0011448                SysOpenDir(regs*)
                0x00000000c00114c5                SysMakeDir(regs*)
                0x00000000c0011533                SysCloseDir(regs*)
                0x00000000c0011587                SysWait(regs*)
                0x00000000c00115a8                SysNotImpl(regs*)
                0x00000000c00115c3                SysPanic(regs*)
                0x00000000c00115de                SysRmdir(regs*)
                0x00000000c0011643                SysUnlink(regs*)
                0x00000000c00116a8                SysGetArgv(regs*)
                0x00000000c00116f5                SysUSleep(regs*)
                0x00000000c001171e                SysSpawn(regs*)
                0x00000000c0011791                SysGetEnv(regs*)
                0x00000000c0011842                SysSetFatAttrib(regs*)
                0x00000000c00118b5                SysPipe(regs*)
                0x00000000c00118fa                SysGetUnixTime(regs*)
                0x00000000c001190e                string_ends_with(char const*, char const*)
                0x00000000c0011956                SysOpen(regs*)
                0x00000000c0011b4e                KeSystemCall(regs*, void*)
 .text          0x00000000c0011b90      0x159 net/ethernet.32
                0x00000000c0011b90                KeSwitchEndian16(unsigned short)
                0x00000000c0011bb4                KeSwitchEndian32(unsigned int)
                0x00000000c0011be4                EthernetCRC32(unsigned char*, int)
                0x00000000c0011c88                EthernetReceivedPacket(EthernetUnwrappedFrame*, unsigned short)
 .text          0x00000000c0011ce9      0xd56 reg/cm.32
                0x00000000c0011ce9                CmOpen(char const*)
                0x00000000c0011e07                CmClose(Reghive_Tag*)
                0x00000000c0011e1d                CmReadExtent(Reghive_Tag*, int, unsigned char*)
                0x00000000c0011e59                CmGetString(Reghive_Tag*, int, char*)
                0x00000000c0011ed0                CmEnterDirectory(Reghive_Tag*, int)
                0x00000000c0011f0f                CmGetNext(Reghive_Tag*, int)
                0x00000000c0011f41                CmWriteExtent(Reghive_Tag*, int, unsigned char*)
                0x00000000c0011f7d                CmFreeExtent(Reghive_Tag*, int)
                0x00000000c0011fa5                CmUpdateHeader(Reghive_Tag*)
                0x00000000c0011fc6                CmExpand(Reghive_Tag*, int)
                0x00000000c0012041                CmFindUnusedExtent(Reghive_Tag*)
                0x00000000c00120c7                CmCreateExtent(Reghive_Tag*, int, int, unsigned char*)
                0x00000000c00121bb                CmSetString(Reghive_Tag*, int, char const*)
                0x00000000c00122f7                CmGetMatch(char*, char*, bool, bool*)
                0x00000000c0012358                CmAddShift(unsigned int*, int*, unsigned char, int)
                0x00000000c0012388                CmGetShift(unsigned int*, int*, int, bool*)
                0x00000000c00123bf                CmGetInteger(Reghive_Tag*, int, unsigned long long*)
                0x00000000c00123e9                CmSetInteger(Reghive_Tag*, int, unsigned long long)
                0x00000000c0012429                CmConvertFromInternalFilename(unsigned char const*, char*)
                0x00000000c00124cd                CmGetNameAndTypeFromExtent(Reghive_Tag*, int, char*)
                0x00000000c00124fb                CmConvertToInternalFilename(char const*, unsigned char*)
                0x00000000c0012699                CmCreateString(Reghive_Tag*, int, char const*)
                0x00000000c00126e6                CmFindInDirectory(Reghive_Tag*, int, char const*)
                0x00000000c0012760                CmCreateInteger(Reghive_Tag*, int, char const*, unsigned long long, int)
                0x00000000c00127b3                CmCreateDirectory(Reghive_Tag*, int, char const*)
                0x00000000c0012877                zStrtok(char*, char const*)
                0x00000000c00128e9                CmFindObjectFromPath(Reghive_Tag*, char const*)
                0x00000000c001296a                CmDisplayTree(Reghive_Tag*, int, int)
                0x00000000c0012a0d                CmSplitFinalSlashInPlace(char*)
 .text          0x00000000c0012a3f      0x52a reg/registry.32
                0x00000000c0012a3f                Reg::findLineFromLoadedData(char*, char*, char*)
                0x00000000c0012bb0                Reg::getLineFromRegistry(char*, char*, char*, char*)
                0x00000000c0012d05                Reg::getLine(char*, char*, char*)
                0x00000000c0012d3c                Reg::readInt(char*, char*, int*)
                0x00000000c0012e2a                Reg::readString(char*, char*, char*, int)
                0x00000000c0012eab                Reg::readBool(char*, char*, bool*)
                0x00000000c0012ed0                Reg::readBoolWithDefault(char*, char*, bool)
                0x00000000c0012efc                Reg::readIntWithDefault(char*, char*, int)
                0x00000000c0012f28                Reg::readStringWithDefault(char*, char*, char*, int, char*)
 .text          0x00000000c0012f69       0x36 sys/eject.32
                0x00000000c0012f69                SysEject(regs*)
 .text          0x00000000c0012f9f       0x18 sys/exit.32
                0x00000000c0012f9f                SysExit(regs*)
 .text          0x00000000c0012fb7       0x1f sys/getcwd.32
                0x00000000c0012fb7                SysGetCwd(regs*)
 .text          0x00000000c0012fd6        0xc sys/getpid.32
                0x00000000c0012fd6                SysGetPID(regs*)
 .text          0x00000000c0012fe2       0x1a sys/getramdata.32
                0x00000000c0012fe2                SysGetRAMData(regs*)
 .text          0x00000000c0012ffc       0x82 sys/getvgaptr.32
                0x00000000c0012ffc                SysGetVGAPtr(regs*)
 *fill*         0x00000000c001307e        0x2 
 .text          0x00000000c0013080       0xb9 sys/kill.32
                0x00000000c0013080                SysKill(regs*)
 .text          0x00000000c0013139       0xa8 sys/loaddll.32
                0x00000000c0013139                SysLoadDLL(regs*)
 .text          0x00000000c00131e1       0x68 sys/read.32
                0x00000000c00131e1                SysRead(regs*)
 .text          0x00000000c0013249       0x29 sys/registersignal.32
                0x00000000c0013249                SysRegisterSignal(regs*)
 .text          0x00000000c0013272      0x19c sys/registry.32
                0x00000000c0013272                SysRegistryGetTypeFromPath(regs*)
                0x00000000c00132e9                SysRegistryReadExtent(regs*)
                0x00000000c0013331                SysRegistryPathToExtentLookup(regs*)
                0x00000000c0013359                SysRegistryEnterDirectory(regs*)
                0x00000000c0013381                SysRegistryGetNext(regs*)
                0x00000000c00133a9                SysRegistryGetNameAndTypeFromExtent(regs*)
                0x00000000c00133e3                SysRegistryOpen(regs*)
                0x00000000c00133f7                SysRegistryClose(regs*)
 .text          0x00000000c001340e       0x55 sys/sbrk.32
                0x00000000c001340e                SysSbrk(regs*)
 .text          0x00000000c0013463       0x1c sys/setcwd.32
                0x00000000c0013463                SysSetCwd(regs*)
 .text          0x00000000c001347f       0x96 sys/settime.32
                0x00000000c001347f                SysSetTime(regs*)
 .text          0x00000000c0013515       0x4a sys/timezone.32
                0x00000000c0013515                SysTimezone(regs*)
 .text          0x00000000c001355f       0x68 sys/write.32
                0x00000000c001355f                SysWrite(regs*)
 .text          0x00000000c00135c7       0x62 sys/wsbe.32
                0x00000000c00135c7                SysWsbe(regs*)
 .text          0x00000000c0013629       0x25 sys/yield.32
                0x00000000c0013629                SysYield(regs*)
 .text          0x00000000c001364e     0x11e6 thr/elf.32
                0x00000000c001364e                Thr::allocateMemoryForTask(Process*, File*, unsigned long, unsigned long, unsigned long)
                0x00000000c00138dc                Thr::loadProgramIntoMemory(Process*, char const*)
                0x00000000c0013aee                Thr::runtimeReferenceHelper()
                0x00000000c0013b01                Thr::getAddressOfKernelSymbol(char const*)
                0x00000000c0013b50                Thr::loadKernelSymbolTable(char const*)
                0x00000000c0013e0e                Thr::loadDriverIntoMemory(char const*, unsigned long, bool)
                0x00000000c0014547                Thr::getDriverBaseFromAddress(unsigned long)
                0x00000000c0014579                Thr::getDriverNameFromAddress(unsigned long)
                0x00000000c00145b0                Thr::getDriverOffsetFromAddress(unsigned long)
                0x00000000c00145ca                Thr::loadDLL(char const*, bool)
                0x00000000c00147fb                Thr::executeDLL(unsigned long, void*)
 .text          0x00000000c0014834     0x13d9 thr/prcssthr.32
                0x00000000c0014834                userModeEntryPoint(void*)
                0x00000000c001485c                changeTSS
                0x00000000c001488c                switchToThread(ThreadControlBlock*)
                0x00000000c001493c                Process::addArgs(char**)
                0x00000000c00149a8                Process::Process(char const*, Process*, char**)
                0x00000000c00149a8                Process::Process(char const*, Process*, char**)
                0x00000000c0014bb4                Process::Process(bool, char const*, Process*, char**)
                0x00000000c0014bb4                Process::Process(bool, char const*, Process*, char**)
                0x00000000c0014d88                taskStartupFunction
                0x00000000c0014d94                Semaphore::Semaphore(int)
                0x00000000c0014d94                Semaphore::Semaphore(int)
                0x00000000c0014dc4                Mutex::Mutex()
                0x00000000c0014dc4                Mutex::Mutex()
                0x00000000c0014dd8                Process::createThread(void (*)(void*), void*, int)
                0x00000000c0014ee4                Process::createUserThread()
                0x00000000c0014f04                setupMultitasking(void (*)())
                0x00000000c0015028                schedule()
                0x00000000c00150bc                Semaphore::tryAcquire()
                0x00000000c0015190                Semaphore::assertLocked(char const*)
                0x00000000c0015214                blockTaskWithSchedulerLockAlreadyHeld(TaskState)
                0x00000000c001523c                blockTask(TaskState)
                0x00000000c0015274                waitTask(int, int*, int)
                0x00000000c00152b8                milliTenthSleepUntil(unsigned int)
                0x00000000c0015358                milliTenthSleep(unsigned int)
                0x00000000c001536c                sleep(unsigned int)
                0x00000000c0015388                Semaphore::acquire()
                0x00000000c0015450                taskReturned
                0x00000000c0015494                Thr::processFromPID(int)
                0x00000000c0015540                unblockTask(ThreadControlBlock*)
                0x00000000c00155ec                cleanupTerminatedTask(ThreadControlBlock*)
                0x00000000c00158c0                cleanerTaskFunction(void*)
                0x00000000c00159c8                terminateTask(int)
                0x00000000c0015ab4                Thr::terminateFromIRQ(int)
                0x00000000c0015ac4                Semaphore::release()
 .text          0x00000000c0015c0d      0xbe8 vm86/vm8086.32
                0x00000000c0015c0d                Vm::inbv(unsigned short)
                0x00000000c0015c20                Vm::outbv(unsigned short, unsigned char)
                0x00000000c0015c56                Vm::realToLinear(unsigned short, unsigned short)
                0x00000000c0015c66                Vm::getSegment(unsigned int)
                0x00000000c0015c6e                Vm::getOffset(unsigned int)
                0x00000000c0015c73                Vm::mainloop2()
                0x00000000c0015cad                Vm::mainVm8086Loop(void*)
                0x00000000c0015cbd                Vm::mainloop3(unsigned long)
                0x00000000c0015ce3                Vm::initialise8086()
                0x00000000c0015d26                Vm::finish8086()
                0x00000000c0015d87                Vm::getOutput8086(unsigned char*)
                0x00000000c0015dac                Vm::start8086FromBuffer(unsigned char*, int, unsigned short, unsigned short, unsigned short, unsigned short)
                0x00000000c0015e65                Vm::start8086(char const*, unsigned short, unsigned short, unsigned short, unsigned short)
                0x00000000c0015ff4                Vm::doISR(regs*, int, unsigned char*, unsigned short, unsigned short)
                0x00000000c001607d                Vm::readByteFromReal(unsigned short, unsigned short)
                0x00000000c001608e                Vm::readWordFromReal(unsigned short, unsigned short)
                0x00000000c00160a0                Vm::readDwordFromReal(unsigned short, unsigned short)
                0x00000000c00160b1                Vm::writeByteFromReal(unsigned short, unsigned short, unsigned char)
                0x00000000c00160c6                Vm::writeWordFromReal(unsigned short, unsigned short, unsigned short)
                0x00000000c00160dc                Vm::writeDwordFromReal(unsigned short, unsigned short, unsigned int)
                0x00000000c00160f1                Vm::faultHandler(regs*)
 .text          0x00000000c00167f5      0xaac arch/i386/hal.32
                0x00000000c00167f5                noCopro(unsigned long)
                0x00000000c00167f6                nmiHandler(regs*, void*)
                0x00000000c001680f                doubleFault(regs*, void*)
                0x00000000c0016828                displayDebugInfo(regs*)
                0x00000000c0016b84                HalSystemIdle()
                0x00000000c0016c00                displayProgramFault(char const*)
                0x00000000c0016c4c                gpFault(regs*, void*)
                0x00000000c0016cb3                pgFault(regs*, void*)
                0x00000000c0016d3c                otherISRHandler(regs*, void*)
                0x00000000c0016d70                opcodeFault(regs*, void*)
                0x00000000c0016df3                i386SaveCoprocessor(void*)
                0x00000000c0016e07                i386LoadCoprocessor(void*)
                0x00000000c0016e1b                x87EmulHandler(regs*, void*)
                0x00000000c0016eb8                HalInitialiseCoprocessor()
                0x00000000c0016f66                HalPanic(char const*)
                0x00000000c001705f                HalQueryPerformanceCounter()
                0x00000000c001707a                HalInitialise()
                0x00000000c0017230                HalMakeBeep(int)
                0x00000000c001726a                HalGetRand()
                0x00000000c001726d                HalEndOfInterrupt(int)
                0x00000000c001729e                HalRestart()
                0x00000000c001729f                HalShutdown()
                0x00000000c00172a0                HalSleep()
 *fill*         0x00000000c00172a1        0x3 
 .text          0x00000000c00172a4      0x2dc arch/i386/pic.32
                0x00000000c00172a4                picIoWait()
                0x00000000c00172ac                picDisable()
                0x00000000c00172e0                picGetIRQReg(int)
                0x00000000c001735c                picOpen()
                0x00000000c00174e0                picEOI(int)
 .text          0x00000000c0017580      0x674 arch/i386/rtc.32
                0x00000000c0017580                RTC::open(int, int, void*)
                0x00000000c0017584                RTC::close(int, int, void*)
                0x00000000c0017588                RTC::timeInSecondsUTC()
                0x00000000c001759a                RTC::timeInDatetimeUTC()
                0x00000000c00175c0                RTC::setTimeInSecondsUTC(unsigned long long)
                0x00000000c00175fe                RTC::~RTC()
                0x00000000c00175fe                RTC::~RTC()
                0x00000000c0017622                RTC::~RTC()
                0x00000000c001764c                RTC::get_update_in_progress_flag()
                0x00000000c0017666                RTC::completeRTCRefresh()
                0x00000000c0017946                RTC::setTimeInDatetimeUTC(datetime_t)
                0x00000000c0017af4                rtcIRQHandler(regs*, void*)
                0x00000000c0017b3a                RTC::RTC()
                0x00000000c0017b3a                RTC::RTC()
 .text          0x00000000c0017bf4      0x1f4 arch/i386/vga.32
                0x00000000c0017bf4                HalConsoleScroll(int, int)
                0x00000000c0017cfc                HalConsoleWriteCharacter(char, int, int, int, int)
                0x00000000c0017d60                HalConsoleCursorUpdate(int, int)
 .text          0x00000000c0017de8     0x1463 fs/fat/vfslink.32
                0x00000000c0017de8                FAT::getName()
                0x00000000c0017df0                FAT::tell(void*, unsigned long long*)
                0x00000000c0017e2c                FAT::stat(void*, unsigned long long*)
                0x00000000c0017e68                FAT::~FAT()
                0x00000000c0017e68                FAT::~FAT()
                0x00000000c0017e8c                FAT::~FAT()
                0x00000000c0017eb4                FAT::getlabel(LogicalDisk*, int, char*, unsigned int*)
                0x00000000c0017f58                FAT::setlabel(LogicalDisk*, int, char*)
                0x00000000c001801c                FAT::format(LogicalDisk*, int, char const*, int)
                0x00000000c0018200                FAT::tryMount(LogicalDisk*, int)
                0x00000000c001841c                FAT::allocateSwapfile(char const*, int)
                0x00000000c00185dc                FAT::readDir(void*, unsigned long, void*, int*)
                0x00000000c001874c                FAT::read(void*, unsigned long, void*, int*)
                0x00000000c00187ac                FAT::write(void*, unsigned long, void*, int*)
                0x00000000c001880c                FAT::close(void*)
                0x00000000c0018860                FAT::closeDir(void*)
                0x00000000c00188b4                FAT::seek(void*, unsigned long long)
                0x00000000c001890c                fatWrapperReadDisk
                0x00000000c001894c                fatWrapperWriteDisk
                0x00000000c001898c                fatWrapperIoctl
                0x00000000c0018aa8                FAT::FAT()
                0x00000000c0018aa8                FAT::FAT()
                0x00000000c0018b00                FAT::fixFilepath(char*)
                0x00000000c0018b40                FAT::open(char const*, void**, FileOpenMode)
                0x00000000c0018cb4                FAT::openDir(char const*, void**)
                0x00000000c0018d64                FAT::stat(char const*, unsigned long long*, bool*)
                0x00000000c0018e5c                FAT::unlink(char const*)
                0x00000000c0018edc                FAT::chfatattr(char const*, unsigned char, unsigned char)
                0x00000000c0019090                FAT::rename(char const*, char const*)
                0x00000000c001915c                FAT::mkdir(char const*)
                0x00000000c00191dc                FAT::exists(char const*)
 *fill*         0x00000000c001924b        0x1 
 .text          0x00000000c001924c       0x94 fs/iso9660/helper.32
                0x00000000c001924c                isoReadDiscSectorHelper
                0x00000000c00192a8                iso_kprintf
                0x00000000c00192c4                iso_kprintfd
 .text          0x00000000c00192e0      0x716 fs/iso9660/vfslink.32
                0x00000000c00192e0                ISO9660::format(LogicalDisk*, int, char const*, int)
                0x00000000c00192e6                ISO9660::getName()
                0x00000000c00192ec                ISO9660::closeDir(void*)
                0x00000000c00192f6                ISO9660::chfatattr(char const*, unsigned char, unsigned char)
                0x00000000c00192fc                ISO9660::unlink(char const*)
                0x00000000c0019302                ISO9660::write(void*, unsigned long, void*, int*)
                0x00000000c0019308                ISO9660::rename(char const*, char const*)
                0x00000000c001930e                ISO9660::mkdir(char const*)
                0x00000000c0019314                ISO9660::~ISO9660()
                0x00000000c0019314                ISO9660::~ISO9660()
                0x00000000c0019338                ISO9660::~ISO9660()
                0x00000000c0019360                ISO9660::exists(char const*)
                0x00000000c0019374                ISO9660::open(char const*, void**, FileOpenMode)
                0x00000000c001945a                ISO9660::read(void*, unsigned long, void*, int*)
                0x00000000c00194a2                ISO9660::seek(void*, unsigned long long)
                0x00000000c00194e4                ISO9660::tell(void*, unsigned long long*)
                0x00000000c0019522                ISO9660::stat(void*, unsigned long long*)
                0x00000000c0019574                ISO9660::stat(char const*, unsigned long long*, bool*)
                0x00000000c00196b6                ISO9660::close(void*)
                0x00000000c00196e6                ISO9660::openDir(char const*, void**)
                0x00000000c00197c0                ISO9660::readDir(void*, unsigned long, void*, int*)
                0x00000000c00198dd                readSectorFromCDROM(unsigned int, unsigned char*, char)
                0x00000000c001995c                ISO9660::tryMount(LogicalDisk*, int)
                0x00000000c00199ce                ISO9660::ISO9660()
                0x00000000c00199ce                ISO9660::ISO9660()
 .text          0x00000000c00199f6      0x26c hal/sound/sndcard.32
                0x00000000c00199f6                SoundCard::beginPlayback()
                0x00000000c0019a04                SoundCard::stopPlayback()
                0x00000000c0019a12                SoundCard::SoundCard(char const*)
                0x00000000c0019a12                SoundCard::SoundCard(char const*)
                0x00000000c0019ab0                SoundCard::~SoundCard()
                0x00000000c0019ab0                SoundCard::~SoundCard()
                0x00000000c0019ad4                SoundCard::~SoundCard()
                0x00000000c0019afe                SoundCard::configureRates(int, int, int)
                0x00000000c0019b2e                SoundCard::getSamples16(int, short*)
                0x00000000c0019b8a                SoundCard::getSamples32(int, int*)
                0x00000000c0019c10                SoundCard::addChannel(SoundPort*)
                0x00000000c0019c4e                SoundCard::removeChannel(int)
 *fill*         0x00000000c0019c62        0x2 
 .text          0x00000000c0019c64      0x38a hal/sound/sndport.32
                0x00000000c0019c64                SoundPort::SoundPort(int, int, int, int)
                0x00000000c0019c64                SoundPort::SoundPort(int, int, int, int)
                0x00000000c0019cf0                SoundPort::~SoundPort()
                0x00000000c0019cf0                SoundPort::~SoundPort()
                0x00000000c0019d24                SoundPort::unpause()
                0x00000000c0019d30                SoundPort::pause()
                0x00000000c0019d3c                SoundPort::getBufferUsed()
                0x00000000c0019d44                SoundPort::getBufferSize()
                0x00000000c0019d4c                SoundPort::buffer16(short*, int)
                0x00000000c0019dd8                SoundPort::buffer32(int*, int)
                0x00000000c0019e64                SoundPort::unbufferAndAdd16(int, short*, SoundCard*)
                0x00000000c0019f30                SoundPort::unbufferAndAdd32(int, int*, SoundCard*)
 .text          0x00000000c0019fee        0x0 hw/bus/isa.32
 .text          0x00000000c0019fee      0xbb7 hw/bus/pci.32
                0x00000000c0019fee                PCI::open(int, int, void*)
                0x00000000c001a00c                PCI::close(int, int, void*)
                0x00000000c001a010                PCI::PCI()
                0x00000000c001a010                PCI::PCI()
                0x00000000c001a0a8                PCI::readBAR8(unsigned int, int)
                0x00000000c001a0c4                PCI::readBAR16(unsigned int, int)
                0x00000000c001a0e2                PCI::readBAR32(unsigned int, int)
                0x00000000c001a0fe                PCI::writeBAR8(unsigned int, unsigned char, int)
                0x00000000c001a11e                PCI::writeBAR16(unsigned int, unsigned short, int)
                0x00000000c001a140                PCI::writeBAR32(unsigned int, unsigned int, int)
                0x00000000c001a160                PCI::legacyMechanism(unsigned char, unsigned char, unsigned char, unsigned char)
                0x00000000c001a1d6                PCI::pciReadWord(unsigned char, unsigned char, unsigned char, unsigned char)
                0x00000000c001a280                PCI::getVendorID(unsigned char, unsigned char, unsigned char)
                0x00000000c001a2a4                PCI::getHeaderType(unsigned char, unsigned char, unsigned char)
                0x00000000c001a2cc                PCI::getClassCode(unsigned char, unsigned char, unsigned char)
                0x00000000c001a316                PCI::getProgIF(unsigned char, unsigned char, unsigned char)
                0x00000000c001a33e                PCI::getRevisionID(unsigned char, unsigned char, unsigned char)
                0x00000000c001a362                PCI::getInterruptNumber(unsigned char, unsigned char, unsigned char)
                0x00000000c001a386                PCI::getSecondaryBus(unsigned char, unsigned char, unsigned char)
                0x00000000c001a3ae                PCI::getBARAddress(unsigned char, unsigned char, unsigned char, unsigned char)
                0x00000000c001a412                PCI::pciWriteWord(unsigned char, unsigned char, unsigned char, unsigned char, unsigned short)
                0x00000000c001a4fa                PCI::pciDetailsToFilepath(PCIDeviceInfo, char*)
                0x00000000c001a7c0                PCI::checkBus(unsigned char)
                0x00000000c001a7e4                PCI::foundDevice(PCIDeviceInfo)
                0x00000000c001a95e                PCI::getDeviceData(unsigned char, unsigned char, unsigned char)
                0x00000000c001aada                PCI::checkDevice(unsigned char, unsigned char)
                0x00000000c001ab4c                PCI::detect()
 *fill*         0x00000000c001aba5        0x1 
 .text          0x00000000c001aba6      0xb9a hw/diskctrl/ide.32
                0x00000000c001aba6                IDE::close(int, int, void*)
                0x00000000c001abaa                IDE::IDE()
                0x00000000c001abaa                IDE::IDE()
                0x00000000c001abde                IDE::prepareInterrupt(unsigned char)
                0x00000000c001abf0                selectDrive(unsigned char, unsigned char)
                0x00000000c001abf2                IDE::getBase(unsigned char)
                0x00000000c001ac04                IDE::write(unsigned char, unsigned char, unsigned char)
                0x00000000c001acc4                IDE::read(unsigned char, unsigned char)
                0x00000000c001ad72                IDE::waitInterrupt(unsigned char)
                0x00000000c001add4                ideChannel0IRQHandler(regs*, void*)
                0x00000000c001adf0                ideChannel1IRQHandler(regs*, void*)
                0x00000000c001ae0c                IDE::enableIRQs(unsigned char, bool)
                0x00000000c001ae56                IDE::open(int, int, void*)
                0x00000000c001b294                IDE::readBuffer(unsigned char, unsigned char, unsigned int, unsigned int)
                0x00000000c001b364                IDE::detect()
                0x00000000c001b632                IDE::printError(unsigned char, unsigned char, unsigned char)
                0x00000000c001b6ec                IDE::polling(unsigned char, unsigned int)
 .text          0x00000000c001b740      0x32a hw/diskctrl/satabus.32
                0x00000000c001b740                SATABus::close(int, int, void*)
                0x00000000c001b744                SATABus::detect()
                0x00000000c001b746                SATABus::SATABus()
                0x00000000c001b746                SATABus::SATABus()
                0x00000000c001b7cc                SATABus::findCmdslot(SATABus::tagHBA_PORT volatile*)
                0x00000000c001b7fe                SATABus::checkType(SATABus::tagHBA_PORT volatile*)
                0x00000000c001b846                SATABus::startCmd(SATABus::tagHBA_PORT volatile*)
                0x00000000c001b866                SATABus::stopCmd(SATABus::tagHBA_PORT volatile*)
                0x00000000c001b890                SATABus::portRebase(SATABus::tagHBA_PORT volatile*, int)
                0x00000000c001b9a0                SATABus::probePort(SATABus::tagHBA_MEM volatile*)
                0x00000000c001ba4a                SATABus::open(int, int, void*)
 .text          0x00000000c001ba6a      0x93f hw/diskphys/ata.32
                0x00000000c001ba6a                ATA::close(int, int, void*)
                0x00000000c001ba8e                ATA::powerSaving(PowerSavingLevel)
                0x00000000c001ba90                ATA::ATA()
                0x00000000c001ba90                ATA::ATA()
                0x00000000c001babe                ATA::flush(bool)
                0x00000000c001bb0c                ATA::readyForCommand()
                0x00000000c001bb58                ATA::access(unsigned long long, int, void*, bool)
                0x00000000c001beee                ATA::detectCHS()
                0x00000000c001bf18                ATA::open(int, int, void*)
                0x00000000c001bfe4                combineCharAndColour(char, unsigned char)
                0x00000000c001bff5                combineColours(unsigned char, unsigned char)
                0x00000000c001c002                ATA::read(unsigned long long, int, void*)
                0x00000000c001c1d8                ATA::write(unsigned long long, int, void*)
 *fill*         0x00000000c001c3a9        0x1 
 .text          0x00000000c001c3aa      0x618 hw/diskphys/atapi.32
                0x00000000c001c3aa                ATAPI::write(unsigned long long, int, void*)
                0x00000000c001c3b0                ATAPI::close(int, int, void*)
                0x00000000c001c3d4                ATAPI::ATAPI()
                0x00000000c001c3d4                ATAPI::ATAPI()
                0x00000000c001c402                ATAPI::readyForCommand()
                0x00000000c001c454                ATAPI::sendPacket(unsigned char*, int, bool, unsigned short*, int)
                0x00000000c001c71c                ATAPI::diskRemoved()
                0x00000000c001c756                ATAPI::eject()
                0x00000000c001c79e                ATAPI::diskInserted()
                0x00000000c001c7aa                ATAPI::detectMedia()
                0x00000000c001c868                ATAPI::open(int, int, void*)
                0x00000000c001c948                ATAPI::read(unsigned long long, int, void*)
 .text          0x00000000c001c9c2      0x807 hw/diskphys/sata.32
                0x00000000c001c9c2                SATA::close(int, int, void*)
                0x00000000c001c9e6                SATA::powerSaving(PowerSavingLevel)
                0x00000000c001c9e8                SATA::open(int, int, void*)
                0x00000000c001ca92                SATA::SATA()
                0x00000000c001ca92                SATA::SATA()
                0x00000000c001cac0                SATA::access(unsigned long long, int, void*, bool)
                0x00000000c001cd14                SATA::read(unsigned long long, int, void*)
                0x00000000c001cf64                SATA::write(unsigned long long, int, void*)
 *fill*         0x00000000c001d1c9        0x1 
 .text          0x00000000c001d1ca      0x5d0 hw/diskphys/satapi.32
                0x00000000c001d1ca                SATAPI::write(unsigned long long, int, void*)
                0x00000000c001d1d0                SATAPI::close(int, int, void*)
                0x00000000c001d1f4                SATAPI::SATAPI()
                0x00000000c001d1f4                SATAPI::SATAPI()
                0x00000000c001d222                SATAPI::diskRemoved()
                0x00000000c001d224                SATAPI::diskInserted()
                0x00000000c001d240                SATAPI::sendPacket(unsigned char*, int, unsigned long long, unsigned short*, int)
                0x00000000c001d51e                SATAPI::eject()
                0x00000000c001d55a                SATAPI::detectMedia()
                0x00000000c001d5b0                SATAPI::open(int, int, void*)
                0x00000000c001d6b0                SATAPI::read(unsigned long long, int, void*)
 .text          0x00000000c001d79a      0x45b hw/intctrl/apic.32
                0x00000000c001d79a                IOAPIC::close(int, int, void*)
                0x00000000c001d7a0                apicGetBase()
                0x00000000c001d7e6                IOAPIC::IOAPIC()
                0x00000000c001d7e6                IOAPIC::IOAPIC()
                0x00000000c001d80e                apicOpen()
                0x00000000c001d98a                IOAPIC::handlesGSIWithNumber(unsigned int)
                0x00000000c001d9bc                IOAPIC::read(int)
                0x00000000c001d9e4                IOAPIC::open(int, int, void*)
                0x00000000c001daca                IOAPIC::write(int, int)
                0x00000000c001daf6                IOAPIC::redirect(unsigned char, unsigned long long, unsigned char, bool, bool)
 *fill*         0x00000000c001dbf5        0x3 
 .text          0x00000000c001dbf8       0xf0 hw/timer/apictimer.32
                0x00000000c001dbf8                APICTimer::close(int, int, void*)
                0x00000000c001dc00                apicTimerHandler(regs*, void*)
                0x00000000c001dc28                APICTimer::open(int, int, void*)
                0x00000000c001dc98                APICTimer::write(int)
                0x00000000c001dcc0                APICTimer::APICTimer()
                0x00000000c001dcc0                APICTimer::APICTimer()
 .text          0x00000000c001dce8      0x1ad hw/timer/pit.32
                0x00000000c001dce8                PIT::write(int)
                0x00000000c001dd6c                pitHandler(regs*, void*)
                0x00000000c001dd94                PIT::open(int, int, void*)
                0x00000000c001dde4                PIT::close(int, int, void*)
                0x00000000c001de14                PIT::PIT()
                0x00000000c001de14                PIT::PIT()
 *fill*         0x00000000c001de95        0xb 
 .text          0x00000000c001dea0       0x83 arch/i386/avx.32
                0x00000000c001dea0                avxDetect
                0x00000000c001deca                avxSave
                0x00000000c001dedb                avxLoad
                0x00000000c001deec                avxInit
                0x00000000c001df0e                avxClose
                0x00000000c001df0f                wouldSheSayYes
 *fill*         0x00000000c001df23        0xd 
 .text          0x00000000c001df30      0x2ec arch/i386/interrupt.32
                0x00000000c001df30                isr0
                0x00000000c001df40                isr1
                0x00000000c001df4a                isr2
                0x00000000c001df54                isr3
                0x00000000c001df5e                isr4
                0x00000000c001df68                isr5
                0x00000000c001df72                isr6
                0x00000000c001df7c                isr7
                0x00000000c001df86                isr8
                0x00000000c001df8e                isr9
                0x00000000c001df98                isr10
                0x00000000c001dfa0                isr11
                0x00000000c001dfa8                isr12
                0x00000000c001dfb0                isr13
                0x00000000c001dfca                isr14
                0x00000000c001dfd2                isr15
                0x00000000c001dfdc                isr16
                0x00000000c001dfe6                isr17
                0x00000000c001dff0                isr18
                0x00000000c001dffa                irq3
                0x00000000c001e004                irq4
                0x00000000c001e00e                irq5
                0x00000000c001e018                irq6
                0x00000000c001e022                irq7
                0x00000000c001e02c                irq8
                0x00000000c001e036                irq9
                0x00000000c001e040                irq10
                0x00000000c001e04a                irq11
                0x00000000c001e054                irq12
                0x00000000c001e05e                irq13
                0x00000000c001e068                irq14
                0x00000000c001e072                irq15
                0x00000000c001e07c                irq1
                0x00000000c001e083                irq2
                0x00000000c001e08a                isr96
                0x00000000c001e091                irq0
                0x00000000c001e096                int_common_stub
                0x00000000c001e0c8                syscall_common_stub
                0x00000000c001e1cc                irq16
                0x00000000c001e1d6                irq17
                0x00000000c001e1e0                irq18
                0x00000000c001e1ea                irq19
                0x00000000c001e1f4                irq20
                0x00000000c001e1fe                irq21
                0x00000000c001e208                irq22
                0x00000000c001e212                irq23
 *fill*         0x00000000c001e21c        0x4 
 .text          0x00000000c001e220       0x10 arch/i386/rdrand.32
                0x00000000c001e220                i386GetRDRAND
 .text          0x00000000c001e230       0x39 arch/i386/sse.32
                0x00000000c001e230                absolutelyNoChanceInHell
                0x00000000c001e230                sseDetect
                0x00000000c001e248                sseSave
                0x00000000c001e250                sseLoad
                0x00000000c001e258                sseInit
                0x00000000c001e268                sseClose
 *fill*         0x00000000c001e269        0x7 
 .text          0x00000000c001e270       0x49 arch/i386/x87.32
                0x00000000c001e276                x87Detect
                0x00000000c001e291                x87Save
                0x00000000c001e298                x87Load
                0x00000000c001e29f                x87Init
                0x00000000c001e2b8                x87Close
 *fill*         0x00000000c001e2b9        0x3 
 .text          0x00000000c001e2bc       0x25 /cygdrive/d/Users/Alex/Desktop/Toolchain/Output/bin/../lib/gcc/i386-banana/8.1.0/crtend.o
 .text          0x00000000c001e2e1        0x0 crtn.32
 *fill*         0x00000000c001e2e1        0x3 
 .text          0x00000000c001e2e4      0x14b /cygdrive/d/Users/Alex/Desktop/Toolchain/Output/bin/../lib/gcc/i386-banana/8.1.0/libkgcc.a(_divdi3.o)
                0x00000000c001e2e4                __divdi3
 *fill*         0x00000000c001e42f        0x1 
 .text          0x00000000c001e430      0x17e /cygdrive/d/Users/Alex/Desktop/Toolchain/Output/bin/../lib/gcc/i386-banana/8.1.0/libkgcc.a(_moddi3.o)
                0x00000000c001e430                __moddi3
 *fill*         0x00000000c001e5ae        0x2 
 .text          0x00000000c001e5b0       0xff /cygdrive/d/Users/Alex/Desktop/Toolchain/Output/bin/../lib/gcc/i386-banana/8.1.0/libkgcc.a(_udivdi3.o)
                0x00000000c001e5b0                __udivdi3
 *fill*         0x00000000c001e6af        0x1 
 .text          0x00000000c001e6b0      0x11a /cygdrive/d/Users/Alex/Desktop/Toolchain/Output/bin/../lib/gcc/i386-banana/8.1.0/libkgcc.a(_umoddi3.o)
                0x00000000c001e6b0                __umoddi3
 *(.gnu.linkonce.t*)

.iplt           0x00000000c001e7d0        0x0
 .iplt          0x00000000c001e7d0        0x0 D:/Users/Alex/Desktop/Banana/kernel/boot.32

.init           0x00000000c001e7ca        0xf
 .init          0x00000000c001e7ca        0x3 crti.32
                0x00000000c001e7ca                _init