Archive member included to satisfy reference by file (symbol)

/cygdrive/d/Users/Alex/Desktop/Toolchain/Output/bin/../lib/gcc/i386-banana/8.1.0/libkgcc.a(_divdi3.o)
                              fs/fat/ff.32 (__divdi3)
/cygdrive/d/Users/Alex/Desktop/Toolchain/Output/bin/../lib/gcc/i386-banana/8.1.0/libkgcc.a(_moddi3.o)
                              compat/resolve.32 (__moddi3)
/cygdrive/d/Users/Alex/Desktop/Toolchain/Output/bin/../lib/gcc/i386-banana/8.1.0/libkgcc.a(_udivdi3.o)
                              fs/fat/ff.32 (__udivdi3)
/cygdrive/d/Users/Alex/Desktop/Toolchain/Output/bin/../lib/gcc/i386-banana/8.1.0/libkgcc.a(_umoddi3.o)
                              compat/resolve.32 (__umoddi3)
D:/Users/Alex/Desktop/Banana/kernel/libsoftfp.a(sfieeelib.o)
                              hal/libresample/src_linear.32 (__subsf3)
D:/Users/Alex/Desktop/Banana/kernel/libsoftfp.a(dfieeelib.o)
                              hal/libresample/src_linear.32 (__adddf3)
D:/Users/Alex/Desktop/Banana/kernel/libsoftfp.a(sfdfcvt.o)
                              hal/libresample/samplerate.32 (__truncdfsf2)
D:/Users/Alex/Desktop/Banana/kernel/libk/libm32.a(s_fabs.c.o)
                              hal/libresample/samplerate.32 (fabs)
D:/Users/Alex/Desktop/Banana/kernel/libk/libm32.a(s_lrint.S.o)
                              hal/libresample/samplerate.32 (lrint)
D:/Users/Alex/Desktop/Banana/kernel/libk/libm32.a(s_lrintf.S.o)
                              hal/sound/sndhw.32 (lrintf)

Discarded input sections

 .comment       0x0000000000000000       0x12 /cygdrive/d/Users/Alex/Desktop/Toolchain/Output/bin/../lib/gcc/i386-banana/8.1.0/crtbegin.o
 .comment       0x0000000000000000       0x12 acpica/utclib.32
 .comment       0x0000000000000000       0x12 core/malloc.32
 .comment       0x0000000000000000       0x12 libk/string.32
 .comment       0x0000000000000000       0x12 fs/fat/diskio.32
 .comment       0x0000000000000000       0x12 fs/fat/ff.32
 .comment       0x0000000000000000       0x12 fs/fat/ffsystem.32
 .comment       0x0000000000000000       0x12 fs/fat/ffunicode.32
 .comment       0x0000000000000000       0x12 hal/libresample/samplerate.32
 .comment       0x0000000000000000       0x12 hal/libresample/src_linear.32
 .comment       0x0000000000000000       0x12 hal/libresample/src_sinc.32
 .comment       0x0000000000000000       0x12 hal/libresample/src_zoh.32
 .comment       0x0000000000000000       0x12 compat/inlines.32
 .comment       0x0000000000000000       0x12 compat/resolve.32
 .group         0x0000000000000000       0x14 core/computer.32
 .group         0x0000000000000000        0xc core/computer.32
 .comment       0x0000000000000000       0x12 core/computer.32
 .comment       0x0000000000000000       0x12 core/gdt.32
 .group         0x0000000000000000        0xc core/idle.32
 .comment       0x0000000000000000       0x12 core/idle.32
 .comment       0x0000000000000000       0x12 core/idt.32
 .comment       0x0000000000000000       0x12 core/kheap.32
 .comment       0x0000000000000000       0x12 core/main.32
 .comment       0x0000000000000000       0x12 core/physmgr.32
 .group         0x0000000000000000        0xc core/pipe.32
 .comment       0x0000000000000000       0x12 core/pipe.32
 .group         0x0000000000000000        0xc core/terminal.32
 .comment       0x0000000000000000       0x12 core/terminal.32
 .comment       0x0000000000000000       0x12 core/tss.32
 .group         0x0000000000000000        0x8 core/unixfile.32
 .group         0x0000000000000000        0xc core/unixfile.32
 .group         0x0000000000000000        0xc core/unixfile.32
 .group         0x0000000000000000        0x8 core/unixfile.32
 .group         0x0000000000000000        0xc core/unixfile.32
 .group         0x0000000000000000        0x8 core/unixfile.32
 .group         0x0000000000000000        0xc core/unixfile.32
 .group         0x0000000000000000        0xc core/unixfile.32
 .comment       0x0000000000000000       0x12 core/unixfile.32
 .comment       0x0000000000000000       0x12 core/virtmgr.32
 .comment       0x0000000000000000       0x12 coreobjs/c++.32
 .comment       0x0000000000000000       0x12 dbg/kconsole.32
 .group         0x0000000000000000        0xc fs/vfs.32
 .group         0x0000000000000000        0xc fs/vfs.32
 .group         0x0000000000000000        0xc fs/vfs.32
 .comment       0x0000000000000000       0x12 fs/vfs.32
 .group         0x0000000000000000        0xc hal/bus.32
 .comment       0x0000000000000000       0x12 hal/bus.32
 .group         0x0000000000000000        0xc hal/buzzer.32
 .comment       0x0000000000000000       0x12 hal/buzzer.32
 .group         0x0000000000000000        0xc hal/clock.32
 .comment       0x0000000000000000       0x12 hal/clock.32
 .group         0x0000000000000000       0x14 hal/device.32
 .group         0x0000000000000000        0xc hal/device.32
 .group         0x0000000000000000        0xc hal/device.32
 .group         0x0000000000000000        0xc hal/device.32
[...]
Memory Configuration

Name             Origin             Length             Attributes
*default*        0x0000000000000000 0xffffffffffffffff

Linker script and memory map

LOAD D:/Users/Alex/Desktop/Banana/kernel/boot.32
LOAD crti.32
LOAD /cygdrive/d/Users/Alex/Desktop/Toolchain/Output/bin/../lib/gcc/i386-banana/8.1.0/crtbegin.o
LOAD D:/Users/Alex/Desktop/Banana/kernel/morenasm.32
LOAD acpica/utclib.32
LOAD core/malloc.32
LOAD libk/string.32
LOAD fs/fat/diskio.32
LOAD fs/fat/ff.32
LOAD fs/fat/ffsystem.32
LOAD fs/fat/ffunicode.32
LOAD hal/libresample/samplerate.32
LOAD hal/libresample/src_linear.32
LOAD hal/libresample/src_sinc.32
LOAD hal/libresample/src_zoh.32
LOAD compat/inlines.32
LOAD compat/resolve.32
LOAD core/computer.32
LOAD core/gdt.32
LOAD core/idle.32
LOAD core/idt.32
LOAD core/kheap.32
LOAD core/main.32
LOAD core/physmgr.32
LOAD core/pipe.32
LOAD core/terminal.32
LOAD core/tss.32
LOAD core/unixfile.32
LOAD core/virtmgr.32
LOAD coreobjs/c++.32
LOAD dbg/kconsole.32
LOAD fs/vfs.32
LOAD hal/bus.32
LOAD hal/buzzer.32
LOAD hal/clock.32
LOAD hal/device.32
LOAD hal/diskctrl.32
LOAD hal/diskphys.32
LOAD hal/fpu.32
LOAD hal/intctrl.32
LOAD hal/keybrd.32
LOAD hal/logidisk.32
LOAD hal/mouse.32
LOAD hal/partition.32
LOAD hal/serial.32
LOAD hal/timer.32
LOAD hal/vcache.32
LOAD hal/video.32
LOAD hw/acpi.32
LOAD hw/cpu.32
LOAD hw/ports.32
LOAD hw/smp.32
LOAD krnl/env.32
LOAD krnl/panic.32
LOAD net/ethernet.32
LOAD reg/registry.32
LOAD sys/sc_eject.32
LOAD sys/sc_exit.32
LOAD sys/sc_getcwd.32
LOAD sys/sc_getpid.32
LOAD sys/sc_getramdata.32
LOAD sys/sc_getvgaptr.32
LOAD sys/sc_loaddll.32
LOAD sys/sc_read.32
LOAD sys/sc_sbrk.32
LOAD sys/sc_setcwd.32
LOAD sys/sc_settime.32
LOAD sys/sc_timezone.32
LOAD sys/sc_write.32
LOAD sys/sc_wsbe.32
LOAD sys/sc_yield.32
LOAD sys/syscalls.32
LOAD thr/elf.32
LOAD thr/prcssthr.32
LOAD vm86/vm8086.32
LOAD vm86/x87em.32
LOAD fs/fat/vfslink.32
LOAD fs/iso9660/vfslink.32
LOAD hal/sound/sndchannel.32
LOAD hal/sound/sndhw.32
LOAD hw/bus/isa.32
LOAD hw/bus/pci.32
LOAD hw/diskctrl/ide.32
LOAD hw/diskctrl/satabus.32
LOAD hw/diskphys/ata.32
LOAD hw/diskphys/atapi.32
LOAD hw/diskphys/sata.32
LOAD hw/diskphys/satapi.32
LOAD hw/fpu/avx.32
LOAD hw/fpu/mmx.32
LOAD hw/fpu/sse.32
LOAD hw/fpu/x87.32
LOAD hw/intctrl/apic.32
LOAD hw/intctrl/pic.32
LOAD hw/timer/apictimer.32
LOAD hw/timer/pit.32
LOAD hw/fpu/x86/avx.32
LOAD hw/fpu/x86/sse.32
LOAD hw/fpu/x86/x87.32
LOAD /cygdrive/d/Users/Alex/Desktop/Toolchain/Output/bin/../lib/gcc/i386-banana/8.1.0/crtend.o
LOAD crtn.32
LOAD /cygdrive/d/Users/Alex/Desktop/Toolchain/Output/bin/../lib/gcc/i386-banana/8.1.0/libkgcc.a
LOAD D:/Users/Alex/Desktop/Banana/kernel/libsoftfp.a
LOAD D:/Users/Alex/Desktop/Banana/kernel/libk/libm32.a
                0x00000000c0000000                . = 0xc0000000

.text           0x00000000c0000000    0x28f78
 *(.text)
 .text          0x00000000c0000000       0x41 D:/Users/Alex/Desktop/Banana/kernel/boot.32
                0x00000000c0000020                callGlobalConstructors
 .text          0x00000000c0000041        0x0 crti.32
 *fill*         0x00000000c0000041        0x3 
 .text          0x00000000c0000044      0x101 /cygdrive/d/Users/Alex/Desktop/Toolchain/Output/bin/../lib/gcc/i386-banana/8.1.0/crtbegin.o
 *fill*         0x00000000c0000145        0xb 
 .text          0x00000000c0000150      0x4fb D:/Users/Alex/Desktop/Banana/kernel/morenasm.32
                0x00000000c0000150                manualPCIProbe
                0x00000000c000019b                prepareTramp
                0x00000000c00001b4                voodooXADD
                0x00000000c000027f                doTPAUSE
                0x00000000c0000289                hasLegacyFPU
                0x00000000c00002ae                is486
                0x00000000c00002e4                detectCPUID
                0x00000000c00002fa                goToVM86
                0x00000000c000032a                goToUsermode
                0x00000000c0000354                switchToThreadASMFirstTime
                0x00000000c0000362                switchToThreadASM
                0x00000000c00003f2                asmQuickAcquireLock
                0x00000000c0000410                asmQuickReleaseLock
                0x00000000c000041c                asmAcquireLock
                0x00000000c000043d                asmReleaseLock
                0x00000000c0000450                loadGDT
                0x00000000c0000470                isr0
                0x00000000c0000480                isr1
                0x00000000c000048a                isr2
                0x00000000c0000494                isr3
                0x00000000c000049e                isr4
                0x00000000c00004a8                isr5
                0x00000000c00004b2                isr6
                0x00000000c00004bc                isr7
                0x00000000c00004c6                isr8
                0x00000000c00004ce                isr9
                0x00000000c00004d8                isr10
                0x00000000c00004e0                isr11
                0x00000000c00004e8                isr12
                0x00000000c00004f0                isr13
                0x00000000c00004f8                isr14
                0x00000000c0000500                isr15
                0x00000000c000050a                isr16
                0x00000000c0000514                isr17
                0x00000000c000051e                isr18
                0x00000000c0000528                irq3
                0x00000000c0000532                irq4
                0x00000000c000053c                irq5
                0x00000000c0000546                irq6
                0x00000000c0000550                irq7
                0x00000000c000055a                irq8
                0x00000000c0000564                irq9
                0x00000000c000056e                irq10
                0x00000000c0000578                irq11
                0x00000000c0000582                irq12
                0x00000000c000058c                irq13
                0x00000000c0000596                irq14
                0x00000000c00005a0                irq15
                0x00000000c00005aa                irq1
                0x00000000c00005b1                irq2
                0x00000000c00005b8                isr96
                0x00000000c00005bf                irq0
                0x00000000c00005c4                syscall_common_stub
                0x00000000c00005c4                int_common_stub
                0x00000000c00005f6                irq16
                0x00000000c0000600                irq17
                0x00000000c000060a                irq18
                0x00000000c0000614                irq19
                0x00000000c000061e                irq20
                0x00000000c0000628                irq21
                0x00000000c0000632                irq22
                0x00000000c000063c                irq23
                0x00000000c0000646                memcpy
 *fill*         0x00000000c000064b        0x1 
 .text          0x00000000c000064c      0x5dd acpica/utclib.32
                0x00000000c000064c                memcmp
                0x00000000c0000688                memmove
                0x00000000c0000750                memset
                0x00000000c000076c                strlen
                0x00000000c0000784                strpbrk
                0x00000000c00007c0                strtok
                0x00000000c000080c                strcpy
                0x00000000c0000830                strncpy
                0x00000000c0000898                strcmp
                0x00000000c00008d8                strchr
                0x00000000c00008fc                strncmp
                0x00000000c000094c                strcat
                0x00000000c000097c                strncat
                0x00000000c00009b8                strstr
                0x00000000c0000a00                toupper
                0x00000000c0000a14                tolower
                0x00000000c0000a28                simple_strtoul
 .text          0x00000000c0000c29      0xfad core/malloc.32
                0x00000000c0000d94                dlfree
                0x00000000c00010ef                dlmalloc
                0x00000000c000162c                dlrealloc
                0x00000000c00017cf                dlmemalign
                0x00000000c00018f2                dlcalloc
                0x00000000c000198c                dlcfree
                0x00000000c0001991                dlindependent_calloc
                0x00000000c00019b6                dlindependent_comalloc
                0x00000000c00019cd                dlvalloc
                0x00000000c00019f8                dlpvalloc
                0x00000000c0001a2e                dlmalloc_trim
                0x00000000c0001a3b                dlmalloc_usable_size
                0x00000000c0001a6c                dlmallinfo
                0x00000000c0001b3b                dlmalloc_stats
                0x00000000c0001b4c                dlmallopt
 .text          0x00000000c0001bd6        0x0 libk/string.32
 .text          0x00000000c0001bd6       0x51 fs/fat/diskio.32
                0x00000000c0001bd6                disk_status
                0x00000000c0001bd9                disk_initialize
                0x00000000c0001bdc                disk_read
                0x00000000c0001bf2                disk_write
                0x00000000c0001c08                disk_ioctl
 .text          0x00000000c0001c27     0x6833 fs/fat/ff.32
                0x00000000c0004ef5                f_mount
                0x00000000c0004f57                f_open
                0x00000000c0005393                f_read
                0x00000000c0005613                f_write
                0x00000000c00058cd                f_sync
                0x00000000c0005aa9                f_close
                0x00000000c0005ad8                f_lseek
                0x00000000c0005f8f                f_opendir
                0x00000000c0006091                f_closedir
                0x00000000c00060b3                f_readdir
                0x00000000c000614e                f_stat
                0x00000000c00061dd                f_getfree
                0x00000000c00063a8                f_truncate
                0x00000000c00064a0                f_unlink
                0x00000000c0006623                f_mkdir
                0x00000000c000684f                f_rename
                0x00000000c0006b42                f_chmod
                0x00000000c0006c20                f_utime
                0x00000000c0006cfe                f_getlabel
                0x00000000c0006eec                f_setlabel
                0x00000000c0007159                f_forward
                0x00000000c0007337                f_mkfs
 .text          0x00000000c000845a       0x2d fs/fat/ffsystem.32
                0x00000000c000845a                ff_memalloc
                0x00000000c0008470                ff_memfree
 .text          0x00000000c0008487      0x253 fs/fat/ffunicode.32
                0x00000000c0008487                ff_uni2oem
                0x00000000c0008517                ff_oem2uni
                0x00000000c0008583                ff_wtoupper
 .text          0x00000000c00086da      0x8fb hal/libresample/samplerate.32
                0x00000000c000871e                src_delete
                0x00000000c000875a                src_process
                0x00000000c0008910                src_callback_read
                0x00000000c0008a8d                src_set_ratio
                0x00000000c0008af7                src_get_channels
                0x00000000c0008b19                src_reset
                0x00000000c0008b65                src_new
                0x00000000c0008bf3                src_callback_new
                0x00000000c0008c55                src_get_name
                0x00000000c0008c8c                src_get_description
                0x00000000c0008cc3                src_get_version
                0x00000000c0008cc9                src_is_valid_ratio
                0x00000000c0008d1d                src_error
                0x00000000c0008d2b                src_strerror
                0x00000000c0008d3e                src_simple
                0x00000000c0008d91                src_short_to_float_array
                0x00000000c0008df6                src_float_to_short_array
                0x00000000c0008eb5                src_int_to_float_array
                0x00000000c0008f18                src_float_to_int_array
 .text          0x00000000c0008fd5      0x8cb hal/libresample/src_linear.32
                0x00000000c00097fb                linear_get_name
                0x00000000c000980a                linear_get_description
                0x00000000c0009819                linear_set_converter
 .text          0x00000000c00098a0     0x447c hal/libresample/src_sinc.32
                0x00000000c000dc33                sinc_get_name
                0x00000000c000dc46                sinc_get_description
                0x00000000c000dc59                sinc_set_converter
 .text          0x00000000c000dd1c      0x77c hal/libresample/src_zoh.32
                0x00000000c000e3f3                zoh_get_name
                0x00000000c000e402                zoh_get_description
                0x00000000c000e411                zoh_set_converter
 .text          0x00000000c000e498       0xa7 compat/inlines.32
                0x00000000c000e498                CPU::current()
                0x00000000c000e4a4                operator new(unsigned long)
                0x00000000c000e4a9                operator delete(void*)
                0x00000000c000e4ae                disableIRQs()
                0x00000000c000e4b6                enableIRQs()
                0x00000000c000e4c5                lockScheduler()
                0x00000000c000e4cd                unlockScheduler()
                0x00000000c000e4dc                lockStuff()
                0x00000000c000e4ea                unlockStuff()
                0x00000000c000e524                Virt::getAKernelVAS()
                0x00000000c000e52a                __not_memcpy
 .text          0x00000000c000e53f      0x111 compat/resolve.32
                0x00000000c000e53f                Krnl::resolveCompatibilitySymbol(char*)
 .text          0x00000000c000e650      0xa8d core/computer.32
                0x00000000c000e650                Computer::close(int, int, void*)
                0x00000000c000e694                Krnl::firstTask()
                0x00000000c000e7d6                Computer::Computer()
                0x00000000c000e7d6                Computer::Computer()
                0x00000000c000e932                Computer::setBootMessage(char const*)
                0x00000000c000e934                Computer::detectFeatures()
                0x00000000c000eb3e                Computer::displayFeatures()
                0x00000000c000ee84                Computer::rdmsr(unsigned int)
                0x00000000c000eeb0                Computer::wrmsr(unsigned int, unsigned long long)
                0x00000000c000eee8                Computer::nmiEnabled()
                0x00000000c000eef4                Computer::readCMOS(unsigned char)
                0x00000000c000ef0e                Computer::enableNMI(bool)
                0x00000000c000ef26                Computer::open(int, int, void*)
                0x00000000c000f020                Computer::disableNMI()
                0x00000000c000f02e                Computer::writeCMOS(unsigned char, unsigned char)
                0x00000000c000f04c                Computer::handleNMI()
                0x00000000c000f0b2                Computer::setDiskActivityLight(int, bool)
 *fill*         0x00000000c000f0dd        0x1 
 .text          0x00000000c000f0de      0x1b7 core/gdt.32
                0x00000000c000f0de                GDTEntry::setBase(unsigned int)
                0x00000000c000f0fa                GDTEntry::setLimit(unsigned int)
                0x00000000c000f118                GDT::GDT()
                0x00000000c000f118                GDT::GDT()
                0x00000000c000f12e                GDT::addEntry(GDTEntry)
                0x00000000c000f16a                GDT::getNumberOfEntries()
                0x00000000c000f172                GDT::flush()
                0x00000000c000f194                GDT::setup()
 .text          0x00000000c000f295       0x6b core/idle.32
                0x00000000c000f295                idleFunction(void*)
 .text          0x00000000c000f300      0x45e core/idt.32
                0x00000000c000f300                IDTEntry::IDTEntry(bool)
                0x00000000c000f300                IDTEntry::IDTEntry(bool)
                0x00000000c000f36e                IDTEntry::setOffset(unsigned int)
                0x00000000c000f382                IDT::IDT()
                0x00000000c000f382                IDT::IDT()
                0x00000000c000f384                IDT::getPointerToInvalidOpcodeEntryForF00F()
                0x00000000c000f38c                IDT::addEntry(IDTEntry, int)
                0x00000000c000f3a6                IDT::addEntry(int, void (*)(), bool)
                0x00000000c000f3de                IDT::flush()
                0x00000000c000f3f8                IDT::setup()
 .text          0x00000000c000f75e      0x1fe core/kheap.32
                0x00000000c000f75e                sbrk
                0x00000000c000f86b                mmap
                0x00000000c000f881                munmap
                0x00000000c000f897                liballoc_lock()
                0x00000000c000f8a4                liballoc_unlock()
                0x00000000c000f8b8                liballoc_alloc(int)
                0x00000000c000f8d3                liballoc_free(void*, int)
                0x00000000c000f8ee                realloc
                0x00000000c000f902                malloc
                0x00000000c000f912                free
                0x00000000c000f922                rfree
                0x00000000c000f932                calloc
 .text          0x00000000c000f95c      0x1b6 core/main.32
                0x00000000c000f95c                Krnl::setBootMessage(char const*)
                0x00000000c000f9c8                kernel_main
 .text          0x00000000c000fb12      0x50d core/physmgr.32
                0x00000000c000fb12                Phys::allocateDMA(unsigned long)
                0x00000000c000fbb5                Phys::freeDMA(unsigned long, unsigned long)
                0x00000000c000fbfd                Phys::setPageState(unsigned long, bool)
                0x00000000c000fc2f                Phys::getPageState(unsigned long)
                0x00000000c000fc4b                Phys::freePage(unsigned long)
                0x00000000c000fca6                Phys::allocatePage()
                0x00000000c000fd5b                Phys::allocateContiguousPages(int)
                0x00000000c000fdb7                Phys::allowSegmentToBeUsed(unsigned long, unsigned long)
                0x00000000c000fdef                Phys::physicalMemorySetup(unsigned int)
 *fill*         0x00000000c001001f        0x1 
 .text          0x00000000c0010020      0x273 core/pipe.32
                0x00000000c0010020                Pipe::isAtty()
                0x00000000c0010024                Pipe::~Pipe()
                0x00000000c0010024                Pipe::~Pipe()
                0x00000000c0010048                Pipe::~Pipe()
                0x00000000c0010070                Pipe::read(unsigned long long, void*, int*)
                0x00000000c001016c                Pipe::write(unsigned long long, void*, int*)
                0x00000000c001022c                Pipe::Pipe(int)
                0x00000000c001022c                Pipe::Pipe(int)
 *fill*         0x00000000c0010293        0x1 
 .text          0x00000000c0010294      0xb91 core/terminal.32
                0x00000000c0010294                VgaText::isAtty()
                0x00000000c0010298                VgaText::~VgaText()
                0x00000000c0010298                VgaText::~VgaText()
                0x00000000c00102bc                VgaText::~VgaText()
                0x00000000c00102e6                VgaText::read(unsigned long long, void*, int*)
                0x00000000c0010306                setTerminalScrollLock(bool)
                0x00000000c0010307                addToTerminalCycle(VgaText*)
                0x00000000c0010328                installVgaTextImplementation()
                0x00000000c001033d                scrollTerminalScrollLock(int)
                0x00000000c001033e                VgaText::updateTitle()
                0x00000000c001037c                VgaText::load()
                0x00000000c00103ca                VgaText::updateCursor()
                0x00000000c00103e0                VgaText::doANSI_SGR(int)
                0x00000000c0010454                VgaText::setDefaultBgColour(VgaColour)
                0x00000000c0010464                VgaText::setDefaultFgColour(VgaColour)
                0x00000000c0010474                VgaText::setDefaultColours(VgaColour, VgaColour)
                0x00000000c0010494                VgaText::setTitleTextColour(VgaColour)
                0x00000000c00104a4                VgaText::setTitleColour(VgaColour)
                0x00000000c00104b4                VgaText::setTitle(char*)
                0x00000000c00104da                VgaText::combineColours(unsigned char, unsigned char)
                0x00000000c00104ec                VgaText::scrollScreen()
                0x00000000c0010580                VgaText::combineCharAndColour(char, unsigned char)
                0x00000000c0010592                VgaText::writeCharacter(char, VgaColour, VgaColour, int, int)
                0x00000000c00105ee                VgaText::getCursorX()
                0x00000000c00105f6                VgaText::getCursorY()
                0x00000000c00105fe                VgaText::setCursor(int, int)
                0x00000000c0010615                setActiveTerminal(VgaText*)
                0x00000000c0010677                doTerminalCycle()
                0x00000000c0010692                VgaText::setCursorX(int)
                0x00000000c00106aa                VgaText::setCursorY(int)
                0x00000000c00106c2                VgaText::incrementCursor(bool)
                0x00000000c0010716                VgaText::decrementCursor(bool)
                0x00000000c0010738                VgaText::putchar(char, VgaColour, VgaColour)
                0x00000000c0010810                VgaText::doUpdate()
                0x00000000c001081e                VgaText::puts(char const*, VgaColour, VgaColour)
                0x00000000c0010996                VgaText::clearScreen()
                0x00000000c00109f0                VgaText::putchar(char)
                0x00000000c0010adc                VgaText::putx(unsigned int)
                0x00000000c0010b22                VgaText::puts(char const*)
                0x00000000c0010b48                VgaText::VgaText(char const*)
                0x00000000c0010b48                VgaText::VgaText(char const*)
                0x00000000c0010cc4                VgaText::receiveKey(unsigned char)
                0x00000000c0010dac                VgaText::write(unsigned long long, void*, int*)
                0x00000000c0010e00                newTerminal(char*)
 *fill*         0x00000000c0010e25        0x1 
 .text          0x00000000c0010e26      0x1b3 core/tss.32
                0x00000000c0010e26                TSS::TSS()
                0x00000000c0010e26                TSS::TSS()
                0x00000000c0010e34                TSS::setESP(unsigned long)
                0x00000000c0010e46                TSS::flush()
                0x00000000c0010e66                TSS::setup(unsigned long, unsigned long)
 *fill*         0x00000000c0010fd9        0x1 
 .text          0x00000000c0010fda      0x4c2 core/unixfile.32
                0x00000000c0010fda                ReservedFilename::read(unsigned long long, void*, int*)
                0x00000000c0011030                ReservedFilename::isAtty()
                0x00000000c001104c                ReservedFilename::write(unsigned long long, void*, int*)
                0x00000000c00110aa                UnixFile::getFileDescriptor()
                0x00000000c00110b2                UnixFile::UnixFile(int)
                0x00000000c00110b2                UnixFile::UnixFile(int)
                0x00000000c0011262                ReservedFilename::ReservedFilename(int)
                0x00000000c0011262                ReservedFilename::ReservedFilename(int)
                0x00000000c0011294                UnixFile::~UnixFile()
                0x00000000c0011294                UnixFile::~UnixFile()
                0x00000000c001132c                UnixFile::~UnixFile()
                0x00000000c0011354                ReservedFilename::~ReservedFilename()
                0x00000000c0011354                ReservedFilename::~ReservedFilename()
                0x00000000c0011378                ReservedFilename::~ReservedFilename()
                0x00000000c001139f                getFromFileDescriptor(int)
 .text          0x00000000c001149c     0x12f9 core/virtmgr.32
                0x00000000c001149c                Virt::setPageState(unsigned long, Virt::VirtPageState)
                0x00000000c00114d1                Virt::getPageState(unsigned long)
                0x00000000c00114f5                Virt::allocateKernelVirtualPages(int)
                0x00000000c0011606                Virt::freeSwapfilePage(unsigned long)
                0x00000000c0011624                Virt::swapIDToSector(unsigned long)
                0x00000000c0011636                Virt::allocateSwapfilePage()
                0x00000000c00116b4                Virt::virtualMemorySetup()
                0x00000000c0011733                Virt::setupPageSwapping(int)
                0x00000000c0011900                VAS::VAS()
                0x00000000c0011900                VAS::VAS()
                0x00000000c001193c                VAS::VAS(VAS*)
                0x00000000c001193c                VAS::VAS(VAS*)
                0x00000000c001196a                VAS::getForeignPageTableEntry(bool, unsigned long)
                0x00000000c0011996                VAS::getPageTableEntry(unsigned long)
                0x00000000c00119b5                Virt::freeKernelVirtualPages(unsigned long)
                0x00000000c0011ad8                VAS::freeAllocatedPages(unsigned long)
                0x00000000c0011afc                VAS::virtualToPhysical(unsigned long)
                0x00000000c0011b14                VAS::reflagRange(unsigned long, int, int, int)
                0x00000000c0011b54                VAS::setToWriteCombining(unsigned long, int)
                0x00000000c0011b86                VAS::mapOtherVASIn(bool, VAS*)
                0x00000000c0011bb0                VAS::~VAS()
                0x00000000c0011bb0                VAS::~VAS()
                0x00000000c0011d2c                VAS::mapPage(unsigned long, unsigned long, int)
                0x00000000c0011e2e                VAS::allocatePages(int, int)
                0x00000000c0012006                VAS::setCPUSpecific(unsigned long)
                0x00000000c0012022                VAS::mapRange(unsigned long, unsigned long, int, int)
                0x00000000c00120e8                VAS::mapForeignPage(bool, VAS*, unsigned long, unsigned long, int)
                0x00000000c00121d6                VAS::VAS(bool)
                0x00000000c00121d6                VAS::VAS(bool)
                0x00000000c0012456                VAS::evict(unsigned long)
                0x00000000c0012518                VAS::tryLoadBackOffDisk(unsigned long)
                0x00000000c0012628                VAS::scanForEviction()
                0x00000000c00126d9                mapVASFirstTime
 .text          0x00000000c0012795       0x95 coreobjs/c++.32
                0x00000000c0012795                __cxa_atexit
                0x00000000c0012798                __cxa_finalize
                0x00000000c0012799                __stack_chk_fail
                0x00000000c0012805                __cxa_pure_virtual
                0x00000000c0012816                operator new[](unsigned long)
                0x00000000c001281b                operator delete(void*, unsigned long)
                0x00000000c0012820                operator delete[](void*)
                0x00000000c0012825                operator delete[](void*, unsigned long)
 .text          0x00000000c001282a      0x1ef dbg/kconsole.32
                0x00000000c001282a                Dbg::stringifyxWithBase(unsigned int, char*, int)
                0x00000000c001288b                Dbg::logc(char)
                0x00000000c00128a2                Dbg::logs(char*)
                0x00000000c00128bf                Dbg::logWriteInt(unsigned int)
                0x00000000c00128dc                Dbg::logWriteIntBase(unsigned int, int)
                0x00000000c00128fb                Dbg::kprintf(char const*, ...)
 *fill*         0x00000000c0012a19        0x1 
 .text          0x00000000c0012a1a      0xb82 fs/vfs.32
                0x00000000c0012a1a                File::read(unsigned long long, void*, int*)
                0x00000000c0012a72                File::write(unsigned long long, void*, int*)
                0x00000000c0012aca                Directory::read(unsigned long long, void*, int*)
                0x00000000c0012b22                Directory::write(unsigned long long, void*, int*)
                0x00000000c0012b50                File::isAtty()
                0x00000000c0012b54                Directory::isAtty()
                0x00000000c0012b58                Filesystem::getlabel(LogicalDisk*, int, char*, unsigned int*)
                0x00000000c0012b5e                Filesystem::setlabel(LogicalDisk*, int, char*)
                0x00000000c0012b64                Filesystem::getFileFirstSector(char const*)
                0x00000000c0012b6a                File::~File()
                0x00000000c0012b6a                File::~File()
                0x00000000c0012b8e                File::~File()
                0x00000000c0012bb8                Directory::~Directory()
                0x00000000c0012bb8                Directory::~Directory()
                0x00000000c0012bdc                Directory::~Directory()
                0x00000000c0012c06                Filesystem::Filesystem()
                0x00000000c0012c06                Filesystem::Filesystem()
                0x00000000c0012c2a                Filesystem::~Filesystem()
                0x00000000c0012c2a                Filesystem::~Filesystem()
                0x00000000c0012c38                Filesystem::~Filesystem()
                0x00000000c0012c5c                Fs::getcwd(Process*, char*, int)
                0x00000000c0012c86                Fs::initVFS()
                0x00000000c0012cb0                Fs::standardiseFiles(char*, char const*, char const*)
                0x00000000c0012e5a                File::File(char const*, Process*)
                0x00000000c0012e5a                File::File(char const*, Process*)
                0x00000000c0012ebe                File::open(FileOpenMode)
                0x00000000c0012f1c                File::close()
                0x00000000c0012f7c                File::seek(unsigned long long)
                0x00000000c0012fd2                File::tell(unsigned long long*)
                0x00000000c0013022                File::rewind()
                0x00000000c0013036                File::unlink()
                0x00000000c0013082                File::rename(char const*)
                0x00000000c00130d0                File::chfatattr(unsigned char, unsigned char)
                0x00000000c001312c                File::exists()
                0x00000000c001316a                File::stat(unsigned long long*, bool*)
                0x00000000c00131cb                Fs::setcwd(Process*, char*)
                0x00000000c0013306                Directory::Directory(char const*, Process*)
                0x00000000c0013306                Directory::Directory(char const*, Process*)
                0x00000000c001336a                Directory::open()
                0x00000000c00133c6                Directory::close()
                0x00000000c0013426                Directory::unlink()
                0x00000000c0013472                Directory::rename(char const*)
                0x00000000c00134c0                Directory::exists()
                0x00000000c00134fe                Directory::read(dirent*)
                0x00000000c001354a                Directory::create()
                0x00000000c0013596                Filesystem::chfatattr(char const*, unsigned char, unsigned char)
 .text          0x00000000c001359c       0x84 hal/bus.32
                0x00000000c001359c                Bus::Bus(char const*)
                0x00000000c001359c                Bus::Bus(char const*)
                0x00000000c00135d2                Bus::~Bus()
                0x00000000c00135d2                Bus::~Bus()
                0x00000000c00135f6                Bus::~Bus()
 .text          0x00000000c0013620      0x156 hal/buzzer.32
                0x00000000c0013620                Buzzer::Buzzer(char const*)
                0x00000000c0013620                Buzzer::Buzzer(char const*)
                0x00000000c0013664                Buzzer::~Buzzer()
                0x00000000c0013664                Buzzer::~Buzzer()
                0x00000000c0013688                Buzzer::~Buzzer()
                0x00000000c00136b2                Buzzer::stop()
                0x00000000c00136c5                beepThread(void*)
                0x00000000c0013708                Buzzer::beep(int, int, bool)
 .text          0x00000000c0013776      0x467 hal/clock.32
                0x00000000c0013776                User::loadClockSettings(int)
                0x00000000c00137c8                Clock::Clock(char const*)
                0x00000000c00137c8                Clock::Clock(char const*)
                0x00000000c00137fe                Clock::~Clock()
                0x00000000c00137fe                Clock::~Clock()
                0x00000000c0013822                Clock::~Clock()
                0x00000000c001384c                Clock::timeInSecondsLocal()
                0x00000000c0013894                Clock::setTimeInSecondsLocal(unsigned long long)
                0x00000000c00138ed                datetimeToSeconds(datetime_t)
                0x00000000c0013a14                Clock::setTimeInDatetimeLocal(datetime_t)
                0x00000000c0013a74                secondsToDatetime(unsigned long long)
                0x00000000c0013bb8                Clock::timeInDatetimeLocal()
 *fill*         0x00000000c0013bdd        0x1 
 .text          0x00000000c0013bde      0x504 hal/device.32
                0x00000000c0013bde                Device::hibernate()
                0x00000000c0013be0                Device::wake()
                0x00000000c0013be2                Device::detect()
                0x00000000c0013be4                Device::disableLegacy()
                0x00000000c0013be6                Device::powerSaving(PowerSavingLevel)
                0x00000000c0013be8                DriverlessDevice::close(int, int, void*)
                0x00000000c0013bec                DriverlessDevice::detect()
                0x00000000c0013bee                DriverlessDevice::open(int, int, void*)
                0x00000000c0013c02                Device::~Device()
                0x00000000c0013c02                Device::~Device()
                0x00000000c0013c10                Device::~Device()
                0x00000000c0013c38                Device::findAndLoadDriver()
                0x00000000c0013c46                Device::preOpenPCI(PCIDeviceInfo)
                0x00000000c0013c6c                Device::preOpenACPI(void*, char*, char*)
                0x00000000c0013cac                Device::addIRQHandler(int, void (*)(regs*, void*), bool, void*)
                0x00000000c0013cea                Device::getParent()
                0x00000000c0013cf6                Device::removeIRQHandler(int, void (*)(regs*, void*), bool)
                0x00000000c0013d34                Device::addChild(Device*)
                0x00000000c0013d78                Device::removeAllChildren()
                0x00000000c0013dbe                Device::hibernateAll()
                0x00000000c0013dee                Device::wakeAll()
                0x00000000c0013e1e                Device::detectAll()
                0x00000000c0013e4e                Device::disableLegacyAll()
                0x00000000c0013e7e                Device::loadDriversForAll()
                0x00000000c0013ebe                Device::closeAll()
                0x00000000c0013ef4                Device::powerSavingAll(PowerSavingLevel)
                0x00000000c0013f2a                Device::setName(char const*)
                0x00000000c0013f38                Device::Device(char const*)
                0x00000000c0013f38                Device::Device(char const*)
                0x00000000c0014034                Device::getName()
                0x00000000c001403e                DriverlessDevice::DriverlessDevice(char const*)
                0x00000000c001403e                DriverlessDevice::DriverlessDevice(char const*)
                0x00000000c0014074                Device::addToLinkedList(LinkedList<Device>&, DeviceType)
                0x00000000c00140b8                getDevicesOfType(DeviceType)
 .text          0x00000000c00140e2       0x84 hal/diskctrl.32
                0x00000000c00140e2                HardDiskController::HardDiskController(char const*)
                0x00000000c00140e2                HardDiskController::HardDiskController(char const*)
                0x00000000c0014118                HardDiskController::~HardDiskController()
                0x00000000c0014118                HardDiskController::~HardDiskController()
                0x00000000c001413c                HardDiskController::~HardDiskController()
 .text          0x00000000c0014166       0xf2 hal/diskphys.32
                0x00000000c0014166                PhysicalDisk::eject()
                0x00000000c001417a                PhysicalDisk::PhysicalDisk(char const*, int)
                0x00000000c001417a                PhysicalDisk::PhysicalDisk(char const*, int)
                0x00000000c00141e2                PhysicalDisk::startCache()
                0x00000000c001420a                PhysicalDisk::~PhysicalDisk()
                0x00000000c001420a                PhysicalDisk::~PhysicalDisk()
                0x00000000c001422e                PhysicalDisk::~PhysicalDisk()
 .text          0x00000000c0014258      0x13b hal/fpu.32
                0x00000000c0014258                FPU::FPU(char const*)
                0x00000000c0014258                FPU::FPU(char const*)
                0x00000000c001428e                FPU::~FPU()
                0x00000000c001428e                FPU::~FPU()
                0x00000000c00142b2                FPU::~FPU()
                0x00000000c00142dc                setupFPU()
 *fill*         0x00000000c0014393        0x1 
 .text          0x00000000c0014394     0x1413 hal/intctrl.32
                0x00000000c0014394                InterruptController::uninstallISRHandler(int, void (*)(regs*, void*))
                0x00000000c00143cc                InterruptController::installISRHandler(int, void (*)(regs*, void*), void*)
                0x00000000c001441e                doubleFault(regs*, void*)
                0x00000000c0014438                InterruptController::installIRQHandler(int, void (*)(regs*, void*), bool, void*)
                0x00000000c00144d4                InterruptController::clearAllHandlers(int, bool)
                0x00000000c001457c                InterruptController::uninstallIRQHandler(int, void (*)(regs*, void*), bool)
                0x00000000c0014603                nmiHandler(regs*, void*)
                0x00000000c0014611                int_handler
                0x00000000c00146b2                InterruptController::InterruptController(char const*)
                0x00000000c00146b2                InterruptController::InterruptController(char const*)
                0x00000000c0014758                InterruptController::~InterruptController()
                0x00000000c0014758                InterruptController::~InterruptController()
                0x00000000c001477c                InterruptController::~InterruptController()
                0x00000000c00147a6                displayDebugInfo(regs*)
                0x00000000c0014c35                x87EmulHandler(regs*, void*)
                0x00000000c0014ca8                gpFault(regs*, void*)
                0x00000000c0014ce1                pgFault(regs*, void*)
                0x00000000c0014cf8                otherISRHandler(regs*, void*)
                0x00000000c0014d17                opcodeFault(regs*, void*)
                0x00000000c0015334                displayProgramFault(char const*)
                0x00000000c001535c                setupInterruptController()
                0x00000000c001575a                InterruptController::convertLegacyIRQNumber(int)
 *fill*         0x00000000c00157a7        0x1 
 .text          0x00000000c00157a8      0x794 hal/keybrd.32
                0x00000000c00157a8                startGUI(void*)
                0x00000000c0015814                startGUIVESA(void*)
                0x00000000c0015880                sendKeyToTerminal(unsigned char)
                0x00000000c001593e                sendKeyboardToken(KeyboardToken)
                0x00000000c0015d7b                clearInternalKeybuffer(VgaText*)
                0x00000000c0015db0                readKeyboard(VgaText*, char*, unsigned long)
                0x00000000c0015eb2                Keyboard::Keyboard(char const*)
                0x00000000c0015eb2                Keyboard::Keyboard(char const*)
                0x00000000c0015eee                Keyboard::~Keyboard()
                0x00000000c0015eee                Keyboard::~Keyboard()
                0x00000000c0015f12                Keyboard::~Keyboard()
 .text          0x00000000c0015f3c      0x414 hal/logidisk.32
                0x00000000c0015f3c                LogicalDisk::close(int, int, void*)
                0x00000000c0015f40                LogicalDisk::~LogicalDisk()
                0x00000000c0015f40                LogicalDisk::~LogicalDisk()
                0x00000000c0015f64                LogicalDisk::~LogicalDisk()
                0x00000000c0015f8e                LogicalDisk::open(int, int, void*)
                0x00000000c0015fa2                LogicalDisk::absoluteToRelative(unsigned long long)
                0x00000000c0015fda                LogicalDisk::relativeToAbsolute(unsigned long long)
                0x00000000c0016020                LogicalDisk::LogicalDisk(char const*, PhysicalDisk*, unsigned long long, unsigned long long)
                0x00000000c0016020                LogicalDisk::LogicalDisk(char const*, PhysicalDisk*, unsigned long long, unsigned long long)
                0x00000000c00160d6                LogicalDisk::assignDriveLetter()
                0x00000000c001618c                LogicalDisk::mount()
                0x00000000c00161fe                LogicalDisk::unmount()
                0x00000000c001620e                LogicalDisk::eject()
                0x00000000c0016222                LogicalDisk::unassignDriveLetter()
                0x00000000c0016278                LogicalDisk::read(unsigned long long, int, void*)
                0x00000000c00162e4                LogicalDisk::write(unsigned long long, int, void*)
 .text          0x00000000c0016350       0x84 hal/mouse.32
                0x00000000c0016350                Mouse::Mouse(char const*)
                0x00000000c0016350                Mouse::Mouse(char const*)
                0x00000000c0016386                Mouse::~Mouse()
                0x00000000c0016386                Mouse::~Mouse()
                0x00000000c00163aa                Mouse::~Mouse()
 .text          0x00000000c00163d4      0x359 hal/partition.32
                0x00000000c00163d4                makePartition(PhysicalDisk*, unsigned long long, unsigned long long)
                0x00000000c001649c                createPartitionsForDisk(PhysicalDisk*)
 *fill*         0x00000000c001672d        0x1 
 .text          0x00000000c001672e       0x84 hal/serial.32
                0x00000000c001672e                Serial::Serial(char const*)
                0x00000000c001672e                Serial::Serial(char const*)
                0x00000000c0016764                Serial::~Serial()
                0x00000000c0016764                Serial::~Serial()
                0x00000000c0016788                Serial::~Serial()
 .text          0x00000000c00167b2      0x2f3 hal/timer.32
                0x00000000c00167b2                Timer::Timer(char const*)
                0x00000000c00167b2                Timer::Timer(char const*)
                0x00000000c00167e8                Timer::~Timer()
                0x00000000c00167e8                Timer::~Timer()
                0x00000000c001680c                Timer::~Timer()
                0x00000000c0016836                Timer::read()
                0x00000000c0016841                timerHandler(unsigned long long)
                0x00000000c00169b3                setupTimer(int)
 *fill*         0x00000000c0016aa5        0x1 
 .text          0x00000000c0016aa6      0x409 hal/vcache.32
                0x00000000c0016aa6                VCache::VCache(PhysicalDisk*)
                0x00000000c0016aa6                VCache::VCache(PhysicalDisk*)
                0x00000000c0016c0e                VCache::invalidateReadBuffer()
                0x00000000c0016c1e                VCache::writeWriteBuffer()
                0x00000000c0016c5a                VCache::~VCache()
                0x00000000c0016c5a                VCache::~VCache()
                0x00000000c0016cae                VCache::~VCache()
                0x00000000c0016cd6                VCache::write(unsigned long long, int, void*)
                0x00000000c0016dc0                VCache::read(unsigned long long, int, void*)
 *fill*         0x00000000c0016eaf        0x1 
 .text          0x00000000c0016eb0      0x4cd hal/video.32
                0x00000000c0016eb0                Video::putrect(int, int, int, int, unsigned int)
                0x00000000c0016efc                Video::bitblit(int, int, int, int, int, int, int, unsigned int*)
                0x00000000c0016f6c                Video::blit(unsigned int*, int, int, int, int)
                0x00000000c0016fea                Video::clearScreen(unsigned int)
                0x00000000c001701e                Video::putpixel(int, int, unsigned int)
                0x00000000c001702c                Video::Video(char const*)
                0x00000000c001702c                Video::Video(char const*)
                0x00000000c0017062                Video::~Video()
                0x00000000c0017062                Video::~Video()
                0x00000000c0017086                Video::~Video()
                0x00000000c00170b0                Video::isMonochrome()
                0x00000000c00170bc                Video::getWidth()
                0x00000000c00170c8                Video::getHeight()
                0x00000000c00170d4                Video::drawCursor(int, int, unsigned char*, int)
                0x00000000c0017190                Video::tgaParse(unsigned char*, int, int*, int*)
                0x00000000c0017312                Video::putTGA(int, int, unsigned char*, int)
 *fill*         0x00000000c001737d        0x1 
 .text          0x00000000c001737e     0x11e1 hw/acpi.32
                0x00000000c001737e                ACPI::close(int, int, void*)
                0x00000000c0017433                findRSDP()
                0x00000000c00174cd                loadACPITables(unsigned char*)
                0x00000000c0017724                findRSDT(unsigned char*)
                0x00000000c001786e                findDataTable(unsigned char*, char*)
                0x00000000c001790a                scanMADT()
                0x00000000c0017d90                ACPI::ACPI()
                0x00000000c0017d90                ACPI::ACPI()
                0x00000000c0017de4                ACPI::getPCIIRQAssignment(unsigned char, unsigned short, unsigned char)
                0x00000000c0017ec6                ACPI::registerPCIIRQAssignment(void*, unsigned short, unsigned char, unsigned char)
                0x00000000c0017f8c                ACPI::setScreenBrightnessLevel(void*, int)
                0x00000000c0017f92                ACPI::detectPCI()
                0x00000000c001814a                ACPI::writeSimpleBootFlag(SimpleBootFlagTable*)
                0x00000000c0018192                ACPI::sleep()
                0x00000000c00181aa                ACPI::open(int, int, void*)
 *fill*         0x00000000c001855f        0x1 
 .text          0x00000000c0018560     0x1717 hw/cpu.32
                0x00000000c0018560                CPU::close(int, int, void*)
                0x00000000c0018564                CPU::lookupAMDName(unsigned char, unsigned char)
                0x00000000c00186f8                CPU::lookupIntelName(unsigned char, unsigned char)
                0x00000000c00189a6                CPU::AMD_K6_write_msr(unsigned int, unsigned int, unsigned int, CPU::REGS*)
                0x00000000c00189c2                CPU::AMD_K6_read_msr(unsigned int, CPU::REGS*)
                0x00000000c00189da                CPU::AMD_K6_writeback(int, int, int)
                0x00000000c0018a4e                CPU::cpuid(int, unsigned long*, unsigned long*, unsigned long*, unsigned long*)
                0x00000000c0018ad2                CPU::cpuidCheckEDX(unsigned int)
                0x00000000c0018b00                CPU::cpuidCheckECX(unsigned int)
                0x00000000c0018b2e                CPU::cpuidCheckExtendedEBX(unsigned int)
                0x00000000c0018b5c                CPU::cpuidCheckExtendedECX(unsigned int)
                0x00000000c0018b8a                CPU::CPU()
                0x00000000c0018b8a                CPU::CPU()
                0x00000000c0018c18                CPU::displayFeatures()
                0x00000000c0018e94                CPU::detectFeatures()
                0x00000000c0019886                CPU::setupSMEP()
                0x00000000c0019892                CPU::setupUMIP()
                0x00000000c001989c                CPU::setupTSC()
                0x00000000c00198a6                CPU::setupLargePages()
                0x00000000c00198b0                CPU::setupPAT()
                0x00000000c00198ec                CPU::setupMTRR()
                0x00000000c00198ee                CPU::setupGlobalPages()
                0x00000000c00198f8                CPU::allowUsermodeDataAccess()
                0x00000000c001990a                CPU::prohibitUsermodeDataAccess()
                0x00000000c001991c                CPU::setupSMAP()
                0x00000000c001992a                CPU::setupFeatures()
                0x00000000c00199aa                CPU::open(int, int, void*)
                0x00000000c0019a7c                CPU::decodeAddress(regs*, int*, bool*, unsigned char*)
 .text          0x00000000c0019c77        0x0 hw/ports.32
 .text          0x00000000c0019c77      0x16a hw/smp.32
                0x00000000c0019c77                Krnl::smpEntry()
                0x00000000c0019c79                Krnl::startCPU(int)
                0x00000000c0019dc2                Krnl::startCPUs()
 *fill*         0x00000000c0019de1        0x1 
 .text          0x00000000c0019de2      0x5cd krnl/env.32
                0x00000000c0019de2                EnvVarContainer::getEnv(char const*)
                0x00000000c0019e20                EnvVarContainer::setEnv(char const*, char const*)
                0x00000000c0019ee2                EnvVarContainer::deleteEnv(char const*)
                0x00000000c0019ee4                EnvVarContainer::loadFrom(char const*, char const*)
                0x00000000c001a0e6                EnvVarContainer::__loadSystem()
                0x00000000c001a100                EnvVarContainer::__loadUser()
                0x00000000c001a102                EnvVarContainer::EnvVarContainer(Process*)
                0x00000000c001a102                EnvVarContainer::EnvVarContainer(Process*)
                0x00000000c001a124                EnvVarContainer::~EnvVarContainer()
                0x00000000c001a124                EnvVarContainer::~EnvVarContainer()
                0x00000000c001a154                Krnl::getEnv(Process*, char const*)
                0x00000000c001a1b9                Krnl::setEnvSystem(char const*, char const*)
                0x00000000c001a1d3                Krnl::setEnvUser(char const*, char const*)
                0x00000000c001a1f2                Krnl::setEnvProcess(Process*, char const*, char const*)
                0x00000000c001a205                Krnl::deleteEnvSystem(char const*)
                0x00000000c001a206                Krnl::deleteEnvUser(char const*)
                0x00000000c001a207                Krnl::deleteEnvProcess(Process*, char const*)
                0x00000000c001a208                Krnl::newProcessEnv(Process*)
                0x00000000c001a22a                Krnl::copyProcessEnv(Process*, Process*)
                0x00000000c001a276                Krnl::loadSystemEnv()
                0x00000000c001a2a4                Krnl::loadUserEnv()
                0x00000000c001a2ca                Krnl::flushEnv()
                0x00000000c001a2cb                Krnl::getProcessTotalEnvCount(Process*)
                0x00000000c001a2eb                Krnl::getProcessEnvPair(Process*, int)
 .text          0x00000000c001a3af      0x39c krnl/panic.32
                0x00000000c001a3af                Krnl::panic(char const*)
 .text          0x00000000c001a74b      0x57f net/ethernet.32
                0x00000000c001a74b                Net::switchEndian16(unsigned short)
                0x00000000c001a76c                Net::switchEndian32(unsigned int)
                0x00000000c001a79b                Net::crc32Calc(unsigned char*, int)
                0x00000000c001a82c                Net::wrapEthernetFrame(Net::UnwrappedEthernetFrame, unsigned char*)
                0x00000000c001aa3f                Net::unwrapEthernetFrame(unsigned char*, int)
 .text          0x00000000c001acca      0x50e reg/registry.32
                0x00000000c001acca                Reg::findLineFromLoadedData(char*, char*, char*)
                0x00000000c001ae22                Reg::getLineFromRegistry(char*, char*, char*, char*)
                0x00000000c001af77                Reg::getLine(char*, char*, char*)
                0x00000000c001afae                Reg::readInt(char*, char*, int*)
                0x00000000c001b099                Reg::readString(char*, char*, char*, int)
                0x00000000c001b11a                Reg::readBool(char*, char*, bool*)
                0x00000000c001b13f                Reg::readBoolWithDefault(char*, char*, bool)
                0x00000000c001b16b                Reg::readIntWithDefault(char*, char*, int)
                0x00000000c001b197                Reg::readStringWithDefault(char*, char*, char*, int, char*)
 .text          0x00000000c001b1d8       0x36 sys/sc_eject.32
                0x00000000c001b1d8                Sys::eject(regs*)
 .text          0x00000000c001b20e       0x18 sys/sc_exit.32
                0x00000000c001b20e                Sys::exit(regs*)
 .text          0x00000000c001b226       0x1f sys/sc_getcwd.32
                0x00000000c001b226                Sys::getCwd(regs*)
 .text          0x00000000c001b245        0xc sys/sc_getpid.32
                0x00000000c001b245                Sys::getPID(regs*)
 .text          0x00000000c001b251       0x17 sys/sc_getramdata.32
                0x00000000c001b251                Sys::getRAMData(regs*)
 .text          0x00000000c001b268       0x84 sys/sc_getvgaptr.32
                0x00000000c001b268                Sys::getVGAPtr(regs*)
 .text          0x00000000c001b2ec       0xa8 sys/sc_loaddll.32
                0x00000000c001b2ec                Sys::loadDLL(regs*)
 .text          0x00000000c001b394       0x68 sys/sc_read.32
                0x00000000c001b394                Sys::read(regs*)
 .text          0x00000000c001b3fc       0x55 sys/sc_sbrk.32
                0x00000000c001b3fc                Sys::sbrk(regs*)
 .text          0x00000000c001b451       0x1c sys/sc_setcwd.32
                0x00000000c001b451                Sys::setCwd(regs*)
 .text          0x00000000c001b46d      0x128 sys/sc_settime.32
                0x00000000c001b46d                Sys::setTime(regs*)
 .text          0x00000000c001b595       0x4a sys/sc_timezone.32
                0x00000000c001b595                Sys::timezone(regs*)
 .text          0x00000000c001b5df       0x68 sys/sc_write.32
                0x00000000c001b5df                Sys::write(regs*)
 .text          0x00000000c001b647       0x62 sys/sc_wsbe.32
                0x00000000c001b647                Sys::wsbe(regs*)
 .text          0x00000000c001b6a9       0x46 sys/sc_yield.32
                0x00000000c001b6a9                Sys::yield(regs*)
 .text          0x00000000c001b6ef     0x1101 sys/syscalls.32
                0x00000000c001b6ef                sysCallSeekDir(regs*)
                0x00000000c001b6f4                sysCallTellDir(regs*)
                0x00000000c001b6f9                sysCallVerify(regs*)
                0x00000000c001b703                sysFormatDisk(regs*)
                0x00000000c001b76d                sysSetDiskVolumeLabel(regs*)
                0x00000000c001b7b3                sysGetDiskVolumeLabel(regs*)
                0x00000000c001b804                sysShutdown(regs*)
                0x00000000c001b862                sysCallRealpath(regs*)
                0x00000000c001b8a5                sysCallGetArgc(regs*)
                0x00000000c001b8d3                sysCallReadDir(regs*)
                0x00000000c001b961                sysCallIsATTY(regs*)
                0x00000000c001b9bb                sysCallSeek(regs*)
                0x00000000c001ba24                sysCallTell(regs*)
                0x00000000c001baa1                sysCallSize(regs*)
                0x00000000c001bb24                sysCallSizeFromFilename(regs*)
                0x00000000c001bbe4                sysCallClose(regs*)
                0x00000000c001bc6c                sysCallOpenDir(regs*)
                0x00000000c001bce1                sysCallCloseDir(regs*)
                0x00000000c001bd47                sysCallMakeDir(regs*)
                0x00000000c001bdb7                sysCallWait(regs*)
                0x00000000c001bdd1                sysCallNotImpl(regs*)
                0x00000000c001bdec                sysPanic(regs*)
                0x00000000c001be12                sysCallRmdir(regs*)
                0x00000000c001be76                sysCallUnlink(regs*)
                0x00000000c001beda                sysCallGetArgv(regs*)
                0x00000000c001bf26                sysCallTTYName(regs*)
                0x00000000c001bfa9                sysCallUSleep(regs*)
                0x00000000c001bfd0                sysCallSpawn(regs*)
                0x00000000c001c045                sysCallGetEnv(regs*)
                0x00000000c001c17d                sysAppSettings(regs*)
                0x00000000c001c291                sysSetFatAttrib(regs*)
                0x00000000c001c303                sysPipe(regs*)
                0x00000000c001c348                sysGetUnixTime(regs*)
                0x00000000c001c35c                string_ends_with(char const*, char const*)
                0x00000000c001c3a4                sysCallOpen(regs*)
                0x00000000c001c5b9                Sys::loadSyscalls()
                0x00000000c001c7ae                Sys::systemCall(regs*, void*)
 .text          0x00000000c001c7f0     0x11fd thr/elf.32
                0x00000000c001c7f0                Thr::allocateMemoryForTask(Process*, File*, unsigned long, unsigned long, unsigned long)
                0x00000000c001ca9a                Thr::loadProgramIntoMemory(Process*, char const*)
                0x00000000c001ccb0                Thr::runtimeReferenceHelper()
                0x00000000c001ccc3                Thr::getAddressOfKernelSymbol(char const*)
                0x00000000c001cd12                Thr::loadKernelSymbolTable(char const*)
                0x00000000c001cfd0                Thr::loadDriverIntoMemory(char const*, unsigned long, bool)
                0x00000000c001d706                Thr::getDriverBaseFromAddress(unsigned long)
                0x00000000c001d738                Thr::getDriverNameFromAddress(unsigned long)
                0x00000000c001d76f                Thr::getDriverOffsetFromAddress(unsigned long)
                0x00000000c001d789                Thr::loadDLL(char const*, bool)
                0x00000000c001d9b4                Thr::executeDLL(unsigned long, void*)
 *fill*         0x00000000c001d9ed        0x1 
 .text          0x00000000c001d9ee     0x1315 thr/prcssthr.32
                0x00000000c001d9ee                userModeEntryPoint(void*)
                0x00000000c001da14                changeTSS
                0x00000000c001da44                switchToThread(ThreadControlBlock*)
                0x00000000c001daee                Process::addArgs(char**)
                0x00000000c001db48                Process::Process(char const*, Process*, char**)
                0x00000000c001db48                Process::Process(char const*, Process*, char**)
                0x00000000c001dd2c                Process::Process(bool, char const*, Process*, char**)
                0x00000000c001dd2c                Process::Process(bool, char const*, Process*, char**)
                0x00000000c001dedb                taskStartupFunction
                0x00000000c001dee4                Semaphore::Semaphore(int)
                0x00000000c001dee4                Semaphore::Semaphore(int)
                0x00000000c001df12                Mutex::Mutex()
                0x00000000c001df12                Mutex::Mutex()
                0x00000000c001df24                Process::createThread(void (*)(void*), void*, int)
                0x00000000c001e02a                Process::createUserThread()
                0x00000000c001e046                setupMultitasking(void (*)())
                0x00000000c001e168                schedule()
                0x00000000c001e1ee                Semaphore::tryAcquire()
                0x00000000c001e2aa                Semaphore::assertLocked(char const*)
                0x00000000c001e319                blockTaskWithSchedulerLockAlreadyHeld(TaskState)
                0x00000000c001e367                blockTask(TaskState)
                0x00000000c001e394                waitTask(int, int*, int)
                0x00000000c001e3d6                nanoSleepUntil(unsigned long long)
                0x00000000c001e46b                nanoSleep(unsigned long long)
                0x00000000c001e483                sleep(unsigned long long)
                0x00000000c001e4a0                Semaphore::acquire()
                0x00000000c001e542                taskReturned
                0x00000000c001e57d                Thr::processFromPID(int)
                0x00000000c001e62c                unblockTask(ThreadControlBlock*)
                0x00000000c001e6d9                cleanupTerminatedTask(ThreadControlBlock*)
                0x00000000c001e9a2                cleanerTaskFunction(void*)
                0x00000000c001ea9b                terminateTask(int)
                0x00000000c001ebcd                Thr::terminateFromIRQ(int)
                0x00000000c001ebda                Semaphore::release()
 .text          0x00000000c001ed03      0xada vm86/vm8086.32
                0x00000000c001ed03                Vm::inbv(unsigned short)
                0x00000000c001ed16                Vm::outbv(unsigned short, unsigned char)
                0x00000000c001ed4c                Vm::realToLinear(unsigned short, unsigned short)
                0x00000000c001ed5c                Vm::getSegment(unsigned int)
                0x00000000c001ed64                Vm::getOffset(unsigned int)
                0x00000000c001ed69                Vm::mainloop2()
                0x00000000c001eda3                Vm::mainVm8086Loop(void*)
                0x00000000c001edb3                Vm::mainloop3(unsigned long)
                0x00000000c001edd9                Vm::initialise8086()
                0x00000000c001ee1c                Vm::finish8086()
                0x00000000c001ee7d                Vm::getOutput8086(unsigned char*)
                0x00000000c001eea2                Vm::start8086(char const*, unsigned short, unsigned short, unsigned short, unsigned short)
                0x00000000c001f00a                Vm::doISR(regs*, int, unsigned char*, unsigned short, unsigned short)
                0x00000000c001f094                Vm::readByteFromReal(unsigned short, unsigned short)
                0x00000000c001f0a5                Vm::readWordFromReal(unsigned short, unsigned short)
                0x00000000c001f0b7                Vm::readDwordFromReal(unsigned short, unsigned short)
                0x00000000c001f0c8                Vm::writeByteFromReal(unsigned short, unsigned short, unsigned char)
                0x00000000c001f0dd                Vm::writeWordFromReal(unsigned short, unsigned short, unsigned short)
                0x00000000c001f0f3                Vm::writeDwordFromReal(unsigned short, unsigned short, unsigned int)
                0x00000000c001f108                Vm::faultHandler(regs*)
 .text          0x00000000c001f7dd      0xefd vm86/x87em.32
                0x00000000c001f7dd                Vm::fpuInternalTo32(unsigned long long)
                0x00000000c001f838                Vm::fpuInternalTo64(unsigned long long)
                0x00000000c001f841                Vm::fpu32ToInternal(unsigned int)
                0x00000000c001f886                Vm::fpu64ToInternal(unsigned long long)
                0x00000000c001f88f                Vm::fpuFloatToLong(unsigned long long)
                0x00000000c001f8ea                Vm::fpuULongToFloat(unsigned long long)
                0x00000000c001f920                Vm::fpuLongToFloat(long long)
                0x00000000c001f976                Vm::fpuGet0()
                0x00000000c001f97b                Vm::fpuGet1()
                0x00000000c001f983                Vm::fpuGetPi()
                0x00000000c001f98b                Vm::fpuGetLog2E()
                0x00000000c001f9a3                Vm::fpuGetLogE2()
                0x00000000c001f9bb                Vm::fpuGetLog210()
                0x00000000c001f9d3                Vm::fpuGetLog102()
                0x00000000c001f9eb                Vm::fpuIsSecondLarger(unsigned long long, unsigned long long)
                0x00000000c001f9ff                Vm::fpuAreEqual(unsigned long long, unsigned long long)
                0x00000000c001fa15                Vm::fpuUnorderedCompare(unsigned long long, unsigned long long)
                0x00000000c001fa68                Vm::fpuAdd(unsigned long long, unsigned long long)
                0x00000000c001fa79                Vm::fpuAbs(unsigned long long)
                0x00000000c001fa82                Vm::fpuChs(unsigned long long)
                0x00000000c001fa92                Vm::fpuSub(unsigned long long, unsigned long long)
                0x00000000c001faa1                Vm::fpuMultiply(unsigned long long, unsigned long long)
                0x00000000c001fac0                Vm::fpuDivide(unsigned long long, unsigned long long)
                0x00000000c001fadc                Vm::fpuSquare(unsigned long long)
                0x00000000c001faf2                Vm::fpuGetReg(int)
                0x00000000c001fb35                Vm::fpuSetReg(int, unsigned long long)
                0x00000000c001fb80                Vm::fpuPush(unsigned long long)
                0x00000000c001fbdd                Vm::fpuPop()
                0x00000000c001fc2f                Vm::x87Handler(regs*)
 .text          0x00000000c00206da     0x1203 fs/fat/vfslink.32
                0x00000000c00206da                FAT::getName()
                0x00000000c00206e0                FAT::tell(void*, unsigned long long*)
                0x00000000c0020714                FAT::stat(void*, unsigned long long*)
                0x00000000c0020748                FAT::~FAT()
                0x00000000c0020748                FAT::~FAT()
                0x00000000c002076c                FAT::~FAT()
                0x00000000c0020794                FAT::getlabel(LogicalDisk*, int, char*, unsigned int*)
                0x00000000c0020832                FAT::setlabel(LogicalDisk*, int, char*)
                0x00000000c00208ec                FAT::format(LogicalDisk*, int, char const*, int)
                0x00000000c0020ad0                FAT::tryMount(LogicalDisk*, int)
                0x00000000c0020cd6                FAT::getFileFirstSector(char const*)
                0x00000000c0020d98                FAT::readDir(void*, unsigned long, void*, int*)
                0x00000000c0020ef2                FAT::read(void*, unsigned long, void*, int*)
                0x00000000c0020f4c                FAT::write(void*, unsigned long, void*, int*)
                0x00000000c0020fa6                FAT::close(void*)
                0x00000000c0020ff2                FAT::closeDir(void*)
                0x00000000c002103e                FAT::seek(void*, unsigned long long)
                0x00000000c0021092                fatWrapperReadDisk
                0x00000000c00210d9                fatWrapperWriteDisk
                0x00000000c0021120                fatWrapperIoctl
                0x00000000c0021224                FAT::FAT()
                0x00000000c0021224                FAT::FAT()
                0x00000000c0021276                FAT::fixFilepath(char*)
                0x00000000c00212ae                FAT::open(char const*, void**, FileOpenMode)
                0x00000000c00213d6                FAT::openDir(char const*, void**)
                0x00000000c002147c                FAT::stat(char const*, unsigned long long*, bool*)
                0x00000000c0021566                FAT::unlink(char const*)
                0x00000000c00215e0                FAT::chfatattr(char const*, unsigned char, unsigned char)
                0x00000000c0021734                FAT::rename(char const*, char const*)
                0x00000000c00217f8                FAT::mkdir(char const*)
                0x00000000c0021872                FAT::exists(char const*)
 *fill*         0x00000000c00218dd        0x1 
 .text          0x00000000c00218de      0xba5 fs/iso9660/vfslink.32
                0x00000000c00218de                ISO9660::format(LogicalDisk*, int, char const*, int)
                0x00000000c00218e4                ISO9660::seek(void*, unsigned long long)
                0x00000000c0021914                ISO9660::tell(void*, unsigned long long*)
                0x00000000c0021938                ISO9660::getName()
                0x00000000c002193e                ISO9660::stat(void*, unsigned long long*)
                0x00000000c0021962                ISO9660::chfatattr(char const*, unsigned char, unsigned char)
                0x00000000c0021968                ISO9660::unlink(char const*)
                0x00000000c002196e                ISO9660::write(void*, unsigned long, void*, int*)
                0x00000000c0021974                ISO9660::rename(char const*, char const*)
                0x00000000c002197a                ISO9660::mkdir(char const*)
                0x00000000c0021980                ISO9660::close(void*)
                0x00000000c00219a2                ISO9660::closeDir(void*)
                0x00000000c00219c4                ISO9660::~ISO9660()
                0x00000000c00219c4                ISO9660::~ISO9660()
                0x00000000c00219e8                ISO9660::~ISO9660()
                0x00000000c0021a0f                __memmem(unsigned char*, int, unsigned char*, int)
                0x00000000c0021a51                readSectorFromCDROM(unsigned int, unsigned char*, char)
                0x00000000c0021aac                ISO9660::tryMount(LogicalDisk*, int)
                0x00000000c0021afc                ISO9660::read(void*, unsigned long, void*, int*)
                0x00000000c0021d00                ISO9660::readDir(void*, unsigned long, void*, int*)
                0x00000000c0021f7a                readRoot(unsigned int*, unsigned int*, char)
                0x00000000c0021fce                readRecursively(char*, unsigned int, unsigned int, unsigned int*, unsigned int*, char, int*)
                0x00000000c00221a1                getFileData(char*, unsigned int*, unsigned int*, char, int*)
                0x00000000c0022230                ISO9660::open(char const*, void**, FileOpenMode)
                0x00000000c00222f0                ISO9660::exists(char const*)
                0x00000000c0022314                ISO9660::stat(char const*, unsigned long long*, bool*)
                0x00000000c00223a8                ISO9660::openDir(char const*, void**)
                0x00000000c0022460                ISO9660::ISO9660()
                0x00000000c0022460                ISO9660::ISO9660()
 *fill*         0x00000000c0022483        0x1 
 .text          0x00000000c0022484      0x3a6 hal/sound/sndchannel.32
                0x00000000c0022484                SoundChannel::SoundChannel(int, int, int, int)
                0x00000000c0022484                SoundChannel::SoundChannel(int, int, int, int)
                0x00000000c00225be                SoundChannel::~SoundChannel()
                0x00000000c00225be                SoundChannel::~SoundChannel()
                0x00000000c00225da                SoundChannel::getSampleRate()
                0x00000000c00225e2                SoundChannel::getBits()
                0x00000000c00225ea                SoundChannel::getBufferUsed()
                0x00000000c00225f2                SoundChannel::getBufferSize()
                0x00000000c00225fa                SoundChannel::unbuffer(float*, int, int)
                0x00000000c002268e                SoundChannel::buffer16(short*, int)
                0x00000000c002278a                SoundChannel::buffer8(unsigned char*, int)
 .text          0x00000000c002282a      0x504 hal/sound/sndhw.32
                0x00000000c002282a                SoundDevice::SoundDevice(char const*)
                0x00000000c002282a                SoundDevice::SoundDevice(char const*)
                0x00000000c0022896                SoundDevice::~SoundDevice()
                0x00000000c0022896                SoundDevice::~SoundDevice()
                0x00000000c0022910                SoundDevice::~SoundDevice()
                0x00000000c002293a                SoundDevice::getFreeChannelNum()
                0x00000000c0022954                SoundDevice::addChannel(SoundChannel*)
                0x00000000c00229c4                SoundDevice::removeChannel(int)
                0x00000000c00229f6                SoundDevice::floatTo16(float*, short*, int)
                0x00000000c0022ae4                SoundDevice::floatTo8(float*, unsigned char*, int)
                0x00000000c0022bcc                SoundDevice::getAudio(int, float*, float*)
 .text          0x00000000c0022d2e        0x0 hw/bus/isa.32
 .text          0x00000000c0022d2e      0xbbb hw/bus/pci.32
                0x00000000c0022d2e                PCI::open(int, int, void*)
                0x00000000c0022d4c                PCI::close(int, int, void*)
                0x00000000c0022d50                PCI::PCI()
                0x00000000c0022d50                PCI::PCI()
                0x00000000c0022de6                PCI::readBAR8(unsigned int, int)
                0x00000000c0022e02                PCI::readBAR16(unsigned int, int)
                0x00000000c0022e20                PCI::readBAR32(unsigned int, int)
                0x00000000c0022e3c                PCI::writeBAR8(unsigned int, unsigned char, int)
                0x00000000c0022e5c                PCI::writeBAR16(unsigned int, unsigned short, int)
                0x00000000c0022ea0                PCI::writeBAR32(unsigned int, unsigned int, int)
                0x00000000c0022ec0                PCI::legacyMechanism(unsigned char, unsigned char, unsigned char, unsigned char)
                0x00000000c0022f2e                PCI::pciReadWord(unsigned char, unsigned char, unsigned char, unsigned char)
                0x00000000c0022fd6                PCI::getVendorID(unsigned char, unsigned char, unsigned char)
                0x00000000c0022ffa                PCI::getHeaderType(unsigned char, unsigned char, unsigned char)
                0x00000000c0023022                PCI::getClassCode(unsigned char, unsigned char, unsigned char)
                0x00000000c002306c                PCI::getProgIF(unsigned char, unsigned char, unsigned char)
                0x00000000c0023094                PCI::getRevisionID(unsigned char, unsigned char, unsigned char)
                0x00000000c00230b8                PCI::getInterruptNumber(unsigned char, unsigned char, unsigned char)
                0x00000000c00230dc                PCI::getSecondaryBus(unsigned char, unsigned char, unsigned char)
                0x00000000c0023104                PCI::getBARAddress(unsigned char, unsigned char, unsigned char, unsigned char)
                0x00000000c0023168                PCI::pciWriteWord(unsigned char, unsigned char, unsigned char, unsigned char, unsigned short)
                0x00000000c0023250                PCI::pciDetailsToFilepath(PCIDeviceInfo, char*)
                0x00000000c00234dc                PCI::checkBus(unsigned char)
                0x00000000c0023500                PCI::foundDevice(PCIDeviceInfo)
                0x00000000c0023672                PCI::getDeviceData(unsigned char, unsigned char, unsigned char)
                0x00000000c002382a                PCI::checkDevice(unsigned char, unsigned char)
                0x00000000c0023896                PCI::detect()
 *fill*         0x00000000c00238e9        0x1 
 .text          0x00000000c00238ea      0xc9c hw/diskctrl/ide.32
                0x00000000c00238ea                IDE::close(int, int, void*)
                0x00000000c00238ee                IDE::IDE()
                0x00000000c00238ee                IDE::IDE()
                0x00000000c0023922                IDE::prepareInterrupt(unsigned char)
                0x00000000c0023934                selectDrive(unsigned char, unsigned char)
                0x00000000c0023936                IDE::getBase(unsigned char)
                0x00000000c0023948                IDE::write(unsigned char, unsigned char, unsigned char)
                0x00000000c0023a08                IDE::read(unsigned char, unsigned char)
                0x00000000c0023ab6                IDE::waitInterrupt(unsigned char)
                0x00000000c0023b1c                ideChannel0IRQHandler(regs*, void*)
                0x00000000c0023b38                ideChannel1IRQHandler(regs*, void*)
                0x00000000c0023b54                IDE::enableIRQs(unsigned char, bool)
                0x00000000c0023b9a                IDE::open(int, int, void*)
                0x00000000c0023fd6                IDE::readBuffer(unsigned char, unsigned char, unsigned int, unsigned int)
                0x00000000c00240a2                IDE::detect()
                0x00000000c002438a                IDE::printError(unsigned char, unsigned char, unsigned char)
                0x00000000c0024520                IDE::polling(unsigned char, unsigned int)
 .text          0x00000000c0024586      0x390 hw/diskctrl/satabus.32
                0x00000000c0024586                SATABus::close(int, int, void*)
                0x00000000c002458a                SATABus::detect()
                0x00000000c002458c                SATABus::SATABus()
                0x00000000c002458c                SATABus::SATABus()
                0x00000000c0024638                SATABus::findCmdslot(SATABus::tagHBA_PORT volatile*)
                0x00000000c0024680                SATABus::checkType(SATABus::tagHBA_PORT volatile*)
                0x00000000c00246c8                SATABus::startCmd(SATABus::tagHBA_PORT volatile*)
                0x00000000c00246e8                SATABus::stopCmd(SATABus::tagHBA_PORT volatile*)
                0x00000000c0024712                SATABus::portRebase(SATABus::tagHBA_PORT volatile*, int)
                0x00000000c0024818                SATABus::probePort(SATABus::tagHBA_MEM volatile*)
                0x00000000c00248f6                SATABus::open(int, int, void*)
 .text          0x00000000c0024916      0x604 hw/diskphys/ata.32
                0x00000000c0024916                ATA::close(int, int, void*)
                0x00000000c002493a                ATA::powerSaving(PowerSavingLevel)
                0x00000000c002493c                ATA::ATA()
                0x00000000c002493c                ATA::ATA()
                0x00000000c002496a                ATA::flush(bool)
                0x00000000c00249b4                ATA::readyForCommand()
                0x00000000c0024a04                ATA::access(unsigned long long, int, void*, bool)
                0x00000000c0024d8c                ATA::read(unsigned long long, int, void*)
                0x00000000c0024dd8                ATA::write(unsigned long long, int, void*)
                0x00000000c0024e24                ATA::detectCHS()
                0x00000000c0024e4e                ATA::open(int, int, void*)
 .text          0x00000000c0024f1a      0x5bd hw/diskphys/atapi.32
                0x00000000c0024f1a                ATAPI::write(unsigned long long, int, void*)
                0x00000000c0024f20                ATAPI::close(int, int, void*)
                0x00000000c0024f44                ATAPI::ATAPI()
                0x00000000c0024f44                ATAPI::ATAPI()
                0x00000000c0024f72                ATAPI::readyForCommand()
                0x00000000c0024fc2                ATAPI::sendPacket(unsigned char*, int, bool, unsigned short*, int)
                0x00000000c0025282                ATAPI::diskRemoved()
                0x00000000c002529e                ATAPI::eject()
                0x00000000c00252e6                ATAPI::diskInserted()
                0x00000000c0025314                ATAPI::detectMedia()
                0x00000000c00253d0                ATAPI::open(int, int, void*)
                0x00000000c0025458                ATAPI::read(unsigned long long, int, void*)
 *fill*         0x00000000c00254d7        0x1 
 .text          0x00000000c00254d8      0x41c hw/diskphys/sata.32
                0x00000000c00254d8                SATA::close(int, int, void*)
                0x00000000c00254fc                SATA::powerSaving(PowerSavingLevel)
                0x00000000c00254fe                SATA::open(int, int, void*)
                0x00000000c00255a8                SATA::SATA()
                0x00000000c00255a8                SATA::SATA()
                0x00000000c00255d6                SATA::access(unsigned long long, int, void*, bool)
                0x00000000c002583c                SATA::read(unsigned long long, int, void*)
                0x00000000c0025888                SATA::write(unsigned long long, int, void*)
 .text          0x00000000c00258f4      0x4fe hw/diskphys/satapi.32
                0x00000000c00258f4                SATAPI::write(unsigned long long, int, void*)
                0x00000000c00258fa                SATAPI::close(int, int, void*)
                0x00000000c002591e                SATAPI::SATAPI()
                0x00000000c002591e                SATAPI::SATAPI()
                0x00000000c002594c                SATAPI::diskRemoved()
                0x00000000c0025968                SATAPI::diskInserted()
                0x00000000c0025996                SATAPI::sendPacket(unsigned char*, int, unsigned long long, unsigned short*, int)
                0x00000000c0025b9e                SATAPI::eject()
                0x00000000c0025be6                SATAPI::detectMedia()
                0x00000000c0025ca8                SATAPI::open(int, int, void*)
                0x00000000c0025d50                SATAPI::read(unsigned long long, int, void*)
 .text          0x00000000c0025df2       0x8e hw/fpu/avx.32
                0x00000000c0025df2                AVX::open(int, int, void*)
                0x00000000c0025e04                AVX::close(int, int, void*)
                0x00000000c0025e16                AVX::available()
                0x00000000c0025e28                AVX::save(void*)
                0x00000000c0025e40                AVX::load(void*)
                0x00000000c0025e58                AVX::AVX()
                0x00000000c0025e58                AVX::AVX()
 .text          0x00000000c0025e80       0x90 hw/fpu/mmx.32
                0x00000000c0025e80                MMX::available()
                0x00000000c0025e94                MMX::open(int, int, void*)
                0x00000000c0025ea6                MMX::close(int, int, void*)
                0x00000000c0025eb8                MMX::save(void*)
                0x00000000c0025ed0                MMX::load(void*)
                0x00000000c0025ee8                MMX::MMX()
                0x00000000c0025ee8                MMX::MMX()
 .text          0x00000000c0025f10       0x96 hw/fpu/sse.32
                0x00000000c0025f10                SSE::open(int, int, void*)
                0x00000000c0025f22                SSE::close(int, int, void*)
                0x00000000c0025f34                SSE::available()
                0x00000000c0025f4e                SSE::save(void*)
                0x00000000c0025f66                SSE::load(void*)
                0x00000000c0025f7e                SSE::SSE()
                0x00000000c0025f7e                SSE::SSE()
 .text          0x00000000c0025fa6       0x8e hw/fpu/x87.32
                0x00000000c0025fa6                x87::open(int, int, void*)
                0x00000000c0025fb8                x87::close(int, int, void*)
                0x00000000c0025fca                x87::available()
                0x00000000c0025fdc                x87::save(void*)
                0x00000000c0025ff4                x87::load(void*)
                0x00000000c002600c                x87::x87()
                0x00000000c002600c                x87::x87()
 .text          0x00000000c0026034      0x71e hw/intctrl/apic.32
                0x00000000c0026034                APIC::disable()
                0x00000000c0026036                APIC::close(int, int, void*)
                0x00000000c0026058                IOAPIC::close(int, int, void*)
                0x00000000c002605e                APIC::io_wait()
                0x00000000c0026064                APIC::getBase()
                0x00000000c00260a6                APIC::eoi(unsigned char)
                0x00000000c00260d4                APIC::open(int, int, void*)
                0x00000000c0026222                IOAPIC::IOAPIC()
                0x00000000c0026222                IOAPIC::IOAPIC()
                0x00000000c002624a                APIC::APIC()
                0x00000000c002624a                APIC::APIC()
                0x00000000c0026326                IOAPIC::handlesGSIWithNumber(unsigned int)
                0x00000000c0026358                IOAPIC::read(int)
                0x00000000c0026380                IOAPIC::open(int, int, void*)
                0x00000000c0026476                IOAPIC::write(int, int)
                0x00000000c00264a2                IOAPIC::redirect(unsigned char, unsigned long long, unsigned char, bool, bool)
                0x00000000c002659c                APIC::installIRQHandler(int, void (*)(regs*, void*), bool, void*)
 .text          0x00000000c0026752      0x3d3 hw/intctrl/pic.32
                0x00000000c0026752                PIC::disable()
                0x00000000c0026780                PIC::close(int, int, void*)
                0x00000000c00267a2                PIC::PIC()
                0x00000000c00267a2                PIC::PIC()
                0x00000000c0026878                PIC::ioWait()
                0x00000000c002687e                PIC::getIRQReg(int)
                0x00000000c00268e8                PIC::eoi(unsigned char)
                0x00000000c002697a                PIC::remap()
                0x00000000c0026ae6                PIC::open(int, int, void*)
 *fill*         0x00000000c0026b25        0x1 
 .text          0x00000000c0026b26      0x25e hw/timer/apictimer.32
                0x00000000c0026b26                APICTimer::close(int, int, void*)
                0x00000000c0026b2c                apicTimerHandler(regs*, void*)
                0x00000000c0026b5a                APICTimer::write(int)
                0x00000000c0026c5e                APICTimer::open(int, int, void*)
                0x00000000c0026d5c                APICTimer::APICTimer()
                0x00000000c0026d5c                APICTimer::APICTimer()
 .text          0x00000000c0026d84      0x1a7 hw/timer/pit.32
                0x00000000c0026d84                PIT::write(int)
                0x00000000c0026e02                pitHandler(regs*, void*)
                0x00000000c0026e2e                PIT::open(int, int, void*)
                0x00000000c0026e7c                PIT::close(int, int, void*)
                0x00000000c0026eac                PIT::PIT()
                0x00000000c0026eac                PIT::PIT()
 *fill*         0x00000000c0026f2b        0x5 
 .text          0x00000000c0026f30       0x1e hw/fpu/x86/avx.32
                0x00000000c0026f30                avxDetect
                0x00000000c0026f36                avxSave
                0x00000000c0026f37                avxLoad
                0x00000000c0026f38                avxInit
                0x00000000c0026f39                avxClose
                0x00000000c0026f3a                wouldSheSayYes
 *fill*         0x00000000c0026f4e        0x2 
 .text          0x00000000c0026f50       0x35 hw/fpu/x86/sse.32
                0x00000000c0026f50                absolutelyNoChanceInHell
                0x00000000c0026f50                sseDetect
                0x00000000c0026f68                sseSave
                0x00000000c0026f6e                sseLoad
                0x00000000c0026f74                sseInit
                0x00000000c0026f84                sseClose
 *fill*         0x00000000c0026f85        0xb 
 .text          0x00000000c0026f90       0x4d hw/fpu/x86/x87.32
                0x00000000c0026f96                x87Detect
                0x00000000c0026fb1                x87Save
                0x00000000c0026fba                x87Load
                0x00000000c0026fc2                x87Init
                0x00000000c0026fdc                x87Close
 *fill*         0x00000000c0026fdd        0x3 
 .text          0x00000000c0026fe0       0x25 /cygdrive/d/Users/Alex/Desktop/Toolchain/Output/bin/../lib/gcc/i386-banana/8.1.0/crtend.o
 .text          0x00000000c0027005        0x0 crtn.32
 *fill*         0x00000000c0027005        0x3 
 .text          0x00000000c0027008      0x14b /cygdrive/d/Users/Alex/Desktop/Toolchain/Output/bin/../lib/gcc/i386-banana/8.1.0/libkgcc.a(_divdi3.o)
                0x00000000c0027008                __divdi3
 *fill*         0x00000000c0027153        0x1 
 .text          0x00000000c0027154      0x17e /cygdrive/d/Users/Alex/Desktop/Toolchain/Output/bin/../lib/gcc/i386-banana/8.1.0/libkgcc.a(_moddi3.o)
                0x00000000c0027154                __moddi3
 *fill*         0x00000000c00272d2        0x2 
 .text          0x00000000c00272d4       0xff /cygdrive/d/Users/Alex/Desktop/Toolchain/Output/bin/../lib/gcc/i386-banana/8.1.0/libkgcc.a(_udivdi3.o)
                0x00000000c00272d4                __udivdi3
 *fill*         0x00000000c00273d3        0x1 
 .text          0x00000000c00273d4      0x11a /cygdrive/d/Users/Alex/Desktop/Toolchain/Output/bin/../lib/gcc/i386-banana/8.1.0/libkgcc.a(_umoddi3.o)
                0x00000000c00273d4                __umoddi3
 .text          0x00000000c00274ee      0x96d D:/Users/Alex/Desktop/Banana/kernel/libsoftfp.a(sfieeelib.o)
                0x00000000c00274ee                __addsf3
                0x00000000c00277f0                __subsf3
                0x00000000c0027804                __negsf2
                0x00000000c0027811                __mulsf3
                0x00000000c00279d4                __divsf3
                0x00000000c0027bff                __floatsisf
                0x00000000c0027c73                __floatunsisf
                0x00000000c0027cb5                __fixsfsi
                0x00000000c0027d17                __fixunssfsi
                0x00000000c0027d48                __cmpsf2
                0x00000000c0027ddd                __eqsf2
                0x00000000c0027e18                __nesf2
                0x00000000c0027e1a                __gtsf2
                0x00000000c0027e55                __gesf2
                0x00000000c0027e57                __ltsf2
                0x00000000c0027e59                __lesf2
 .text          0x00000000c0027e5b      0xf50 D:/Users/Alex/Desktop/Banana/kernel/libsoftfp.a(dfieeelib.o)
                0x00000000c0027e5b                __adddf3