Archive member included to satisfy reference by file (symbol)

/cygdrive/d/Users/Alex/Desktop/Toolchain/Output/bin/../lib/gcc/i386-banana/8.1.0/libgcc.a(_divdi3.o)
                              fs/fat/ff.32 (__divdi3)
/cygdrive/d/Users/Alex/Desktop/Toolchain/Output/bin/../lib/gcc/i386-banana/8.1.0/libgcc.a(_moddi3.o)
                              thr/elf.32 (__moddi3)
/cygdrive/d/Users/Alex/Desktop/Toolchain/Output/bin/../lib/gcc/i386-banana/8.1.0/libgcc.a(_udivdi3.o)
                              fs/fat/ff.32 (__udivdi3)
/cygdrive/d/Users/Alex/Desktop/Toolchain/Output/bin/../lib/gcc/i386-banana/8.1.0/libgcc.a(_umoddi3.o)
                              core/pipe.32 (__umoddi3)
D:/Users/Alex/Desktop/Banana/kernel/libk/libm32.a(s_fabs.c.o)
                              hal/libresample/samplerate.32 (fabs)
D:/Users/Alex/Desktop/Banana/kernel/libk/libm32.a(s_lrint.S.o)
                              hal/libresample/samplerate.32 (lrint)
D:/Users/Alex/Desktop/Banana/kernel/libk/libm32.a(s_lrintf.S.o)
                              hal/sound/sndhw.32 (lrintf)

Discarded input sections

 .comment       0x0000000000000000       0x12 /cygdrive/d/Users/Alex/Desktop/Toolchain/Output/bin/../lib/gcc/i386-banana/8.1.0/crtbegin.o
 .comment       0x0000000000000000       0x12 acpica/utclib.32
 .comment       0x0000000000000000       0x12 core/malloc.32
 .comment       0x0000000000000000       0x12 libk/string.32
 .comment       0x0000000000000000       0x12 fs/fat/diskio.32
 .comment       0x0000000000000000       0x12 fs/fat/ff.32
 .comment       0x0000000000000000       0x12 fs/fat/ffsystem.32
 .comment       0x0000000000000000       0x12 fs/fat/ffunicode.32
 .comment       0x0000000000000000       0x12 hal/libresample/samplerate.32
 .comment       0x0000000000000000       0x12 hal/libresample/src_linear.32
 .comment       0x0000000000000000       0x12 hal/libresample/src_sinc.32
 .comment       0x0000000000000000       0x12 hal/libresample/src_zoh.32
 .group         0x0000000000000000       0x14 core/computer.32
 .group         0x0000000000000000        0xc core/computer.32
 .comment       0x0000000000000000       0x12 core/computer.32
 .comment       0x0000000000000000       0x12 core/gdt.32
 .group         0x0000000000000000        0xc core/idle.32
 .comment       0x0000000000000000       0x12 core/idle.32
 .comment       0x0000000000000000       0x12 core/idt.32
 .group         0x0000000000000000        0x8 core/kheap.32
 .group         0x0000000000000000        0x8 core/kheap.32
 .comment       0x0000000000000000       0x12 core/kheap.32
 .comment       0x0000000000000000       0x12 core/main.32
 .comment       0x0000000000000000       0x12 core/physmgr.32
 .group         0x0000000000000000        0xc core/pipe.32
 .comment       0x0000000000000000       0x12 core/pipe.32
 .group         0x0000000000000000        0xc core/terminal.32
 .comment       0x0000000000000000       0x12 core/terminal.32
 .group         0x0000000000000000        0x8 core/tss.32
 .text._ZN3CPU7readCR3Ev
                0x0000000000000000       0x12 core/tss.32
 .comment       0x0000000000000000       0x12 core/tss.32
 .group         0x0000000000000000        0x8 core/unixfile.32
 .group         0x0000000000000000        0xc core/unixfile.32
 .group         0x0000000000000000        0xc core/unixfile.32
 .group         0x0000000000000000        0x8 core/unixfile.32
 .group         0x0000000000000000        0xc core/unixfile.32
 .group         0x0000000000000000        0x8 core/unixfile.32
 .group         0x0000000000000000        0xc core/unixfile.32
 .group         0x0000000000000000        0xc core/unixfile.32
 .comment       0x0000000000000000       0x12 core/unixfile.32
 .group         0x0000000000000000        0x8 core/virtmgr.32
 .group         0x0000000000000000        0x8 core/virtmgr.32
 .text._ZN3CPU7readCR3Ev
                0x0000000000000000       0x12 core/virtmgr.32
 .text._ZN3CPU8writeCR3Em
                0x0000000000000000        0x9 core/virtmgr.32
 .comment       0x0000000000000000       0x12 core/virtmgr.32
 .comment       0x0000000000000000       0x12 coreobjs/c++.32
 .comment       0x0000000000000000       0x12 dbg/kconsole.32
 .group         0x0000000000000000        0xc fs/vfs.32
 .group         0x0000000000000000        0xc fs/vfs.32
 .group         0x0000000000000000        0xc fs/vfs.32
 .comment       0x0000000000000000       0x12 fs/vfs.32
 .group         0x0000000000000000        0xc hal/bus.32
 .comment       0x0000000000000000       0x12 hal/bus.32
 .group         0x0000000000000000        0xc hal/buzzer.32
 .comment       0x0000000000000000       0x12 hal/buzzer.32
 .group         0x0000000000000000        0xc hal/clock.32
 .comment       0x0000000000000000       0x12 hal/clock.32
 .group         0x0000000000000000       0x14 hal/device.32
 .group         0x0000000000000000        0xc hal/device.32
 .group         0x0000000000000000        0xc hal/device.32
[...]
Memory Configuration

Name             Origin             Length             Attributes
*default*        0x0000000000000000 0xffffffffffffffff

Linker script and memory map

LOAD D:/Users/Alex/Desktop/Banana/kernel/boot.32
LOAD crti.32
LOAD /cygdrive/d/Users/Alex/Desktop/Toolchain/Output/bin/../lib/gcc/i386-banana/8.1.0/crtbegin.o
LOAD D:/Users/Alex/Desktop/Banana/kernel/morenasm.32
LOAD acpica/utclib.32
LOAD core/malloc.32
LOAD libk/string.32
LOAD fs/fat/diskio.32
LOAD fs/fat/ff.32
LOAD fs/fat/ffsystem.32
LOAD fs/fat/ffunicode.32
LOAD hal/libresample/samplerate.32
LOAD hal/libresample/src_linear.32
LOAD hal/libresample/src_sinc.32
LOAD hal/libresample/src_zoh.32
LOAD core/computer.32
LOAD core/gdt.32
LOAD core/idle.32
LOAD core/idt.32
LOAD core/kheap.32
LOAD core/main.32
LOAD core/physmgr.32
LOAD core/pipe.32
LOAD core/terminal.32
LOAD core/tss.32
LOAD core/unixfile.32
LOAD core/virtmgr.32
LOAD coreobjs/c++.32
LOAD dbg/kconsole.32
LOAD fs/vfs.32
LOAD hal/bus.32
LOAD hal/buzzer.32
LOAD hal/clock.32
LOAD hal/device.32
LOAD hal/diskctrl.32
LOAD hal/diskphys.32
LOAD hal/fpu.32
LOAD hal/intctrl.32
LOAD hal/keybrd.32
LOAD hal/logidisk.32
LOAD hal/mouse.32
LOAD hal/partition.32
LOAD hal/timer.32
LOAD hal/vcache.32
LOAD hal/video.32
LOAD hw/acpi.32
LOAD hw/cpu.32
LOAD hw/ports.32
LOAD krnl/panic.32
LOAD reg/registry.32
LOAD sys/sc_exit.32
LOAD sys/sc_loaddll.32
LOAD sys/sc_read.32
LOAD sys/sc_sbrk.32
LOAD sys/sc_write.32
LOAD sys/sc_yield.32
LOAD sys/syscalls.32
LOAD thr/elf.32
LOAD thr/prcssthr.32
LOAD vm86/vm8086.32
LOAD fs/fat/vfslink.32
LOAD fs/iso9660/vfslink.32
LOAD hal/sound/sndchannel.32
LOAD hal/sound/sndhw.32
LOAD hw/bus/isa.32
LOAD hw/bus/pci.32
LOAD hw/diskctrl/ide.32
LOAD hw/diskphys/ata.32
LOAD hw/diskphys/atapi.32
LOAD hw/fpu/avx.32
LOAD hw/fpu/mmx.32
LOAD hw/fpu/sse.32
LOAD hw/fpu/x87.32
LOAD hw/intctrl/apic.32
LOAD hw/intctrl/pic.32
LOAD hw/timer/apictimer.32
LOAD hw/timer/pit.32
LOAD hw/fpu/x86/avx.32
LOAD hw/fpu/x86/sse.32
LOAD hw/fpu/x86/x87.32
LOAD /cygdrive/d/Users/Alex/Desktop/Toolchain/Output/bin/../lib/gcc/i386-banana/8.1.0/crtend.o
LOAD crtn.32
LOAD /cygdrive/d/Users/Alex/Desktop/Toolchain/Output/bin/../lib/gcc/i386-banana/8.1.0/libgcc.a
LOAD D:/Users/Alex/Desktop/Banana/kernel/libk/libm32.a
                0x00000000c0000000                . = 0xc0000000

.text           0x00000000c0000000    0x1e468
 *(.text)
 .text          0x00000000c0000000       0x41 D:/Users/Alex/Desktop/Banana/kernel/boot.32
                0x00000000c0000020                callGlobalConstructors
 .text          0x00000000c0000041        0x0 crti.32
 *fill*         0x00000000c0000041        0x3 
 .text          0x00000000c0000044      0x101 /cygdrive/d/Users/Alex/Desktop/Toolchain/Output/bin/../lib/gcc/i386-banana/8.1.0/crtbegin.o
 *fill*         0x00000000c0000145        0xb 
 .text          0x00000000c0000150      0x41f D:/Users/Alex/Desktop/Banana/kernel/morenasm.32
                0x00000000c0000150                doTPAUSE
                0x00000000c000015a                hasLegacyFPU
                0x00000000c000017f                is486
                0x00000000c00001b5                goToVM86
                0x00000000c00001e6                goToUsermode
                0x00000000c0000211                switchToThreadASMFirstTime
                0x00000000c000021f                switchToThreadASM
                0x00000000c00002bf                detectCPUID
                0x00000000c00002d5                asmQuickAcquireLock
                0x00000000c00002f3                asmQuickReleaseLock
                0x00000000c00002ff                asmAcquireLock
                0x00000000c0000320                asmReleaseLock
                0x00000000c0000333                loadGDT
                0x00000000c0000353                isr0
                0x00000000c0000363                isr1
                0x00000000c000036d                isr2
                0x00000000c0000377                isr3
                0x00000000c0000381                isr4
                0x00000000c000038b                isr5
                0x00000000c0000395                isr6
                0x00000000c000039f                isr7
                0x00000000c00003a9                isr8
                0x00000000c00003b1                isr9
                0x00000000c00003bb                isr10
                0x00000000c00003c3                isr11
                0x00000000c00003cb                isr12
                0x00000000c00003d3                isr13
                0x00000000c00003db                isr14
                0x00000000c00003e3                isr15
                0x00000000c00003ed                isr16
                0x00000000c00003f7                isr17
                0x00000000c0000401                isr18
                0x00000000c000040b                isr96
                0x00000000c0000415                irq0
                0x00000000c000041f                irq1
                0x00000000c0000429                irq2
                0x00000000c0000433                irq3
                0x00000000c000043d                irq4
                0x00000000c0000447                irq5
                0x00000000c0000451                irq6
                0x00000000c000045b                irq7
                0x00000000c0000465                irq8
                0x00000000c000046f                irq9
                0x00000000c0000479                irq10
                0x00000000c0000483                irq11
                0x00000000c000048d                irq12
                0x00000000c0000497                irq13
                0x00000000c00004a1                irq14
                0x00000000c00004ab                irq15
                0x00000000c00004b5                irq16
                0x00000000c00004bf                irq17
                0x00000000c00004c9                irq18
                0x00000000c00004d3                irq19
                0x00000000c00004dd                irq20
                0x00000000c00004e7                irq21
                0x00000000c00004f1                irq22
                0x00000000c00004fb                irq23
                0x00000000c0000505                int_common_stub
                0x00000000c0000535                syscall_common_stub
 .text          0x00000000c000056f      0x40f acpica/utclib.32
                0x00000000c000056f                memcmp
                0x00000000c000059a                memmove
                0x00000000c00005d2                memcpy
                0x00000000c0000608                memset
                0x00000000c0000625                strlen
                0x00000000c0000635                strpbrk
                0x00000000c0000658                strtok
                0x00000000c00006a7                strcpy
                0x00000000c00006c7                strncpy
                0x00000000c00006f8                strcmp
                0x00000000c0000719                strchr
                0x00000000c000072f                strncmp
                0x00000000c000075e                strcat
                0x00000000c0000785                strncat
                0x00000000c00007bf                strstr
                0x00000000c00007fc                toupper
                0x00000000c0000810                tolower
                0x00000000c0000824                simple_strtoul
 .text          0x00000000c000097e      0xfbf core/malloc.32
                0x00000000c0000ae9                dlfree
                0x00000000c0000e44                dlmalloc
                0x00000000c0001381                dlrealloc
                0x00000000c0001536                dlmemalign
                0x00000000c0001659                dlcalloc
                0x00000000c00016f3                dlcfree
                0x00000000c00016f8                dlindependent_calloc
                0x00000000c000171d                dlindependent_comalloc
                0x00000000c0001734                dlvalloc
                0x00000000c000175f                dlpvalloc
                0x00000000c0001795                dlmalloc_trim
                0x00000000c00017a2                dlmalloc_usable_size
                0x00000000c00017d3                dlmallinfo
                0x00000000c00018a2                dlmalloc_stats
                0x00000000c00018b3                dlmallopt
 .text          0x00000000c000193d        0x0 libk/string.32
 .text          0x00000000c000193d       0x51 fs/fat/diskio.32
                0x00000000c000193d                disk_status
                0x00000000c0001940                disk_initialize
                0x00000000c0001943                disk_read
                0x00000000c0001959                disk_write
                0x00000000c000196f                disk_ioctl
 .text          0x00000000c000198e     0x6833 fs/fat/ff.32
                0x00000000c0004c5c                f_mount
                0x00000000c0004cbe                f_open
                0x00000000c00050fa                f_read
                0x00000000c000537a                f_write
                0x00000000c0005634                f_sync
                0x00000000c0005810                f_close
                0x00000000c000583f                f_lseek
                0x00000000c0005cf6                f_opendir
                0x00000000c0005df8                f_closedir
                0x00000000c0005e1a                f_readdir
                0x00000000c0005eb5                f_stat
                0x00000000c0005f44                f_getfree
                0x00000000c000610f                f_truncate
                0x00000000c0006207                f_unlink
                0x00000000c000638a                f_mkdir
                0x00000000c00065b6                f_rename
                0x00000000c00068a9                f_chmod
                0x00000000c0006987                f_utime
                0x00000000c0006a65                f_getlabel
                0x00000000c0006c53                f_setlabel
                0x00000000c0006ec0                f_forward
                0x00000000c000709e                f_mkfs
 .text          0x00000000c00081c1       0x2d fs/fat/ffsystem.32
                0x00000000c00081c1                ff_memalloc
                0x00000000c00081d7                ff_memfree
 .text          0x00000000c00081ee      0x253 fs/fat/ffunicode.32
                0x00000000c00081ee                ff_uni2oem
                0x00000000c000827e                ff_oem2uni
                0x00000000c00082ea                ff_wtoupper
 .text          0x00000000c0008441      0x70e hal/libresample/samplerate.32
                0x00000000c00084c9                src_delete
                0x00000000c0008505                src_process
                0x00000000c000862d                src_callback_read
                0x00000000c000878e                src_set_ratio
                0x00000000c00087e5                src_get_channels
                0x00000000c0008807                src_reset
                0x00000000c000884b                src_new
                0x00000000c00088d9                src_callback_new
                0x00000000c000893b                src_get_name
                0x00000000c0008972                src_get_description
                0x00000000c00089a9                src_get_version
                0x00000000c00089af                src_is_valid_ratio
                0x00000000c00089c9                src_error
                0x00000000c00089d7                src_strerror
                0x00000000c00089ea                src_simple
                0x00000000c0008a3d                src_short_to_float_array
                0x00000000c0008a63                src_float_to_short_array
                0x00000000c0008ac7                src_int_to_float_array
                0x00000000c0008aed                src_float_to_int_array
 .text          0x00000000c0008b4f      0x3fd hal/libresample/src_linear.32
                0x00000000c0008ea7                linear_get_name
                0x00000000c0008eb6                linear_get_description
                0x00000000c0008ec5                linear_set_converter
 .text          0x00000000c0008f4c     0x1a3f hal/libresample/src_sinc.32
                0x00000000c000a8a2                sinc_get_name
                0x00000000c000a8b5                sinc_get_description
                0x00000000c000a8c8                sinc_set_converter
 .text          0x00000000c000a98b      0x3d3 hal/libresample/src_zoh.32
                0x00000000c000acb9                zoh_get_name
                0x00000000c000acc8                zoh_get_description
                0x00000000c000acd7                zoh_set_converter
 .text          0x00000000c000ad5e      0x695 core/computer.32
                0x00000000c000ad5e                Computer::close(int, int, void*)
                0x00000000c000ada2                Computer::Computer()
                0x00000000c000ada2                Computer::Computer()
                0x00000000c000aefe                Computer::setBootMessage(char const*)
                0x00000000c000af00                Computer::start()
                0x00000000c000afdc                firstTask()
                0x00000000c000afea                Computer::detectFeatures()
                0x00000000c000b1c4                Computer::displayFeatures()
                0x00000000c000b1c6                Computer::rdmsr(unsigned int)
                0x00000000c000b1f2                Computer::wrmsr(unsigned int, unsigned long long)
                0x00000000c000b22a                Computer::nmiEnabled()
                0x00000000c000b236                Computer::readCMOS(unsigned char)
                0x00000000c000b250                Computer::enableNMI(bool)
                0x00000000c000b268                Computer::open(int, int, void*)
                0x00000000c000b336                Computer::disableNMI()
                0x00000000c000b344                Computer::writeCMOS(unsigned char, unsigned char)
                0x00000000c000b362                Computer::handleNMI()
                0x00000000c000b3c8                Computer::setDiskActivityLight(int, bool)
 *fill*         0x00000000c000b3f3        0x1 
 .text          0x00000000c000b3f4      0x1b7 core/gdt.32
                0x00000000c000b3f4                GDTEntry::setBase(unsigned int)
                0x00000000c000b410                GDTEntry::setLimit(unsigned int)
                0x00000000c000b42e                GDT::GDT()
                0x00000000c000b42e                GDT::GDT()
                0x00000000c000b444                GDT::addEntry(GDTEntry)
                0x00000000c000b480                GDT::getNumberOfEntries()
                0x00000000c000b488                GDT::flush()
                0x00000000c000b4aa                GDT::setup()
 .text          0x00000000c000b5ab       0x61 core/idle.32
                0x00000000c000b5ab                idleFunction(void*)
 .text          0x00000000c000b60c      0x45f core/idt.32
                0x00000000c000b60c                IDTEntry::IDTEntry(bool)
                0x00000000c000b60c                IDTEntry::IDTEntry(bool)
                0x00000000c000b67a                IDTEntry::setOffset(unsigned int)
                0x00000000c000b68e                IDT::IDT()
                0x00000000c000b68e                IDT::IDT()
                0x00000000c000b690                IDT::getPointerToInvalidOpcodeEntryForF00F()
                0x00000000c000b698                IDT::addEntry(IDTEntry, int)
                0x00000000c000b6b2                IDT::addEntry(int, void (*)(), bool)
                0x00000000c000b6ea                IDT::flush()
                0x00000000c000b704                IDT::setup()
 .text          0x00000000c000ba6b      0x20d core/kheap.32
                0x00000000c000ba6b                sbrk
                0x00000000c000bb83                mmap
                0x00000000c000bb99                munmap
                0x00000000c000bbaf                liballoc_lock()
                0x00000000c000bbc0                liballoc_unlock()
                0x00000000c000bbd1                liballoc_alloc(int)
                0x00000000c000bbec                liballoc_free(void*, int)
                0x00000000c000bc0a                realloc
                0x00000000c000bc1e                malloc
                0x00000000c000bc2e                free
                0x00000000c000bc3e                rfree
                0x00000000c000bc4e                calloc
 .text          0x00000000c000bc78      0x38d core/main.32
                0x00000000c000bc78                hwTextMode_loadInData(VgaText*)
                0x00000000c000bcbd                hwTextMode_loadInTitle(VgaText*, char*)
                0x00000000c000bcff                hwTextMode_showCursor(VgaText*, bool)
                0x00000000c000bd53                hwTextMode_update(VgaText*)
                0x00000000c000bd54                hwTextMode_updateCursor(VgaText*)
                0x00000000c000bd9c                hwTextMode_disableBlink(VgaText*, bool)
                0x00000000c000bdd8                hwTextMode_scrollScreen(VgaText*)
                0x00000000c000be5e                hwTextMode_writeCharacter(VgaText*, char, VgaColour, VgaColour, int, int)
                0x00000000c000bebc                setupTextMode()
                0x00000000c000bf0d                kernel_main
 .text          0x00000000c000c005      0x45c core/physmgr.32
                0x00000000c000c005                Phys::allocateDMA(unsigned long)
                0x00000000c000c0a8                Phys::freeDMA(unsigned long, unsigned long)
                0x00000000c000c0f0                Phys::setPageState(unsigned long, bool)
                0x00000000c000c122                Phys::getPageState(unsigned long)
                0x00000000c000c13e                Phys::freePage(unsigned long)
                0x00000000c000c1c8                Phys::allocatePage()
                0x00000000c000c284                Phys::allowSegmentToBeUsed(unsigned long, unsigned long)
                0x00000000c000c2bc                Phys::physicalMemorySetup(unsigned int)
 *fill*         0x00000000c000c461        0x1 
 .text          0x00000000c000c462      0x273 core/pipe.32
                0x00000000c000c462                Pipe::isAtty()
                0x00000000c000c466                Pipe::~Pipe()
                0x00000000c000c466                Pipe::~Pipe()
                0x00000000c000c48a                Pipe::~Pipe()
                0x00000000c000c4b2                Pipe::read(unsigned long long, void*, int*)
                0x00000000c000c5a6                Pipe::write(unsigned long long, void*, int*)
                0x00000000c000c66e                Pipe::Pipe(int)
                0x00000000c000c66e                Pipe::Pipe(int)
 *fill*         0x00000000c000c6d5        0x1 
 .text          0x00000000c000c6d6      0xf65 core/terminal.32
                0x00000000c000c6d6                VgaText::isAtty()
                0x00000000c000c6da                VgaText::~VgaText()
                0x00000000c000c6da                VgaText::~VgaText()
                0x00000000c000c6fe                VgaText::~VgaText()
                0x00000000c000c728                VgaText::read(unsigned long long, void*, int*)
                0x00000000c000c748                setTerminalScrollLock(bool)
                0x00000000c000c749                addToTerminalCycle(VgaText*)
                0x00000000c000c776                installVgaTextImplementation()
                0x00000000c000c78b                scrollTerminalScrollLock(int)
                0x00000000c000c78c                VgaText::load()
                0x00000000c000c7e0                VgaText::updateCursor()
                0x00000000c000c7fa                VgaText::showCursor(bool)
                0x00000000c000c80a                VgaText::disableBlink(bool)
                0x00000000c000c844                VgaText::doANSI_SGR(int)
                0x00000000c000c8d0                VgaText::setDefaultBgColour(VgaColour)
                0x00000000c000c8e6                VgaText::setDefaultFgColour(VgaColour)
                0x00000000c000c8fc                VgaText::setDefaultColours(VgaColour, VgaColour)
                0x00000000c000c91c                VgaText::combineColours(unsigned char, unsigned char)
                0x00000000c000c92e                VgaText::scrollScreen()
                0x00000000c000c9c2                VgaText::combineCharAndColour(char, unsigned char)
                0x00000000c000c9d4                VgaText::writeCharacter(char, VgaColour, VgaColour, int, int)
                0x00000000c000ca34                VgaText::getCursorX()
                0x00000000c000ca40                VgaText::getCursorY()
                0x00000000c000ca4c                VgaText::setCursor(int, int)
                0x00000000c000ca6a                VgaText::setCursorX(int)
                0x00000000c000ca86                VgaText::setCursorY(int)
                0x00000000c000caa2                VgaText::incrementCursor(bool)
                0x00000000c000cb0a                VgaText::updateRAMUsageDisplay(int)
                0x00000000c000cb64                VgaText::updateDiskUsage()
                0x00000000c000ccca                VgaText::updateTitle()
                0x00000000c000cd10                VgaText::setTitleTextColour(VgaColour)
                0x00000000c000cd20                VgaText::setTitleColour(VgaColour)
                0x00000000c000cd30                VgaText::setTitle(char*)
                0x00000000c000cd56                VgaText::decrementCursor(bool)
                0x00000000c000cd7e                VgaText::putchar(char, VgaColour, VgaColour)
                0x00000000c000ce7a                VgaText::isShowingCursor()
                0x00000000c000ce86                VgaText::isBlinkDisabled()
                0x00000000c000ce94                VgaText::setCursorHeight(int)
                0x00000000c000ceb2                VgaText::getCursorHeight()
                0x00000000c000cebd                setActiveTerminal(VgaText*)
                0x00000000c000cf6f                doTerminalCycle()
                0x00000000c000cf8c                VgaText::doUpdate()
                0x00000000c000cf9e                VgaText::puts(char const*, VgaColour, VgaColour)
                0x00000000c000d15e                VgaText::clearScreen()
                0x00000000c000d1c2                VgaText::putchar(char)
                0x00000000c000d2dc                VgaText::puts(char const*)
                0x00000000c000d302                VgaText::putx(unsigned int)
                0x00000000c000d348                VgaText::VgaText(char const*)
                0x00000000c000d348                VgaText::VgaText(char const*)
                0x00000000c000d4da                VgaText::receiveKey(unsigned char)
                0x00000000c000d5c2                VgaText::write(unsigned long long, void*, int*)
                0x00000000c000d616                newTerminal(char*)
 *fill*         0x00000000c000d63b        0x1 
 .text          0x00000000c000d63c      0x18f core/tss.32
                0x00000000c000d63c                TSS::TSS()
                0x00000000c000d63c                TSS::TSS()
                0x00000000c000d64a                TSS::setESP(unsigned long)
                0x00000000c000d65c                TSS::flush()
                0x00000000c000d67c                TSS::setup(unsigned long, unsigned long)
 *fill*         0x00000000c000d7cb        0x1 
 .text          0x00000000c000d7cc      0x545 core/unixfile.32
                0x00000000c000d7cc                ReservedFilename::read(unsigned long long, void*, int*)
                0x00000000c000d862                ReservedFilename::isAtty()
                0x00000000c000d898                ReservedFilename::write(unsigned long long, void*, int*)
                0x00000000c000d932                UnixFile::getFileDescriptor()
                0x00000000c000d93a                UnixFile::UnixFile(int)
                0x00000000c000d93a                UnixFile::UnixFile(int)
                0x00000000c000daaa                ReservedFilename::ReservedFilename(int)
                0x00000000c000daaa                ReservedFilename::ReservedFilename(int)
                0x00000000c000dadc                UnixFile::~UnixFile()
                0x00000000c000dadc                UnixFile::~UnixFile()
                0x00000000c000db74                UnixFile::~UnixFile()
                0x00000000c000db9c                ReservedFilename::~ReservedFilename()
                0x00000000c000db9c                ReservedFilename::~ReservedFilename()
                0x00000000c000dbc0                ReservedFilename::~ReservedFilename()
                0x00000000c000dbe7                getFromFileDescriptor(int)
 *fill*         0x00000000c000dd11        0x1 
 .text          0x00000000c000dd12      0xe4f core/virtmgr.32
                0x00000000c000dd12                Virt::setPageState(unsigned long, Virt::VirtPageState)
                0x00000000c000dd47                Virt::getPageState(unsigned long)
                0x00000000c000dd6b                Virt::allocateKernelVirtualPages(int)
                0x00000000c000de7c                Virt::virtualMemorySetup()
                0x00000000c000defb                Virt::getAKernelVAS()
                0x00000000c000df01                Virt::setupPageSwapping(int)
                0x00000000c000e026                VAS::VAS()
                0x00000000c000e026                VAS::VAS()
                0x00000000c000e056                VAS::VAS(VAS*)
                0x00000000c000e056                VAS::VAS(VAS*)
                0x00000000c000e07a                VAS::getForeignPageTableEntry(bool, unsigned long)
                0x00000000c000e0a6                VAS::getPageTableEntry(unsigned long)
                0x00000000c000e0c5                Virt::freeKernelVirtualPages(unsigned long)
                0x00000000c000e1e8                VAS::freeAllocatedPages(unsigned long)
                0x00000000c000e20c                VAS::virtualToPhysical(unsigned long)
                0x00000000c000e224                VAS::mapOtherVASIn(bool, VAS*)
                0x00000000c000e25a                VAS::~VAS()
                0x00000000c000e25a                VAS::~VAS()
                0x00000000c000e3c6                VAS::mapPage(unsigned long, unsigned long, int)
                0x00000000c000e4c6                VAS::allocatePages(int, int)
                0x00000000c000e696                VAS::setCPUSpecific(unsigned long)
                0x00000000c000e6b2                VAS::mapRange(unsigned long, unsigned long, int, int)
                0x00000000c000e77c                VAS::mapForeignPage(bool, VAS*, unsigned long, unsigned long, int)
                0x00000000c000e86a                VAS::VAS(bool)
                0x00000000c000e86a                VAS::VAS(bool)
                0x00000000c000ea9a                mapVASFirstTime
 .text          0x00000000c000eb61       0x93 coreobjs/c++.32
                0x00000000c000eb61                __cxa_atexit
                0x00000000c000eb64                __cxa_finalize
                0x00000000c000eb65                __stack_chk_fail
                0x00000000c000ebc5                __cxa_pure_virtual
                0x00000000c000ebd6                operator new(unsigned long)
                0x00000000c000ebdb                operator new[](unsigned long)
                0x00000000c000ebe0                operator delete(void*)
                0x00000000c000ebe5                operator delete(void*, unsigned long)
                0x00000000c000ebea                operator delete[](void*)
                0x00000000c000ebef                operator delete[](void*, unsigned long)
 .text          0x00000000c000ebf4      0x1ef dbg/kconsole.32
                0x00000000c000ebf4                Dbg::stringifyxWithBase(unsigned int, char*, int)
                0x00000000c000ec55                Dbg::logc(char)
                0x00000000c000ec6c                Dbg::logs(char*)
                0x00000000c000ec89                Dbg::logWriteInt(unsigned int)
                0x00000000c000eca6                Dbg::logWriteIntBase(unsigned int, int)
                0x00000000c000ecc5                Dbg::kprintf(char const*, ...)
 *fill*         0x00000000c000ede3        0x1 
 .text          0x00000000c000ede4      0xb68 fs/vfs.32
                0x00000000c000ede4                File::read(unsigned long long, void*, int*)
                0x00000000c000ee3c                File::write(unsigned long long, void*, int*)
                0x00000000c000ee94                Directory::read(unsigned long long, void*, int*)
                0x00000000c000eeec                Directory::write(unsigned long long, void*, int*)
                0x00000000c000ef1a                File::isAtty()
                0x00000000c000ef1e                Directory::isAtty()
                0x00000000c000ef22                Filesystem::getlabel(LogicalDisk*, int, char*, unsigned int*)
                0x00000000c000ef28                Filesystem::setlabel(LogicalDisk*, int, char*)
                0x00000000c000ef2e                File::~File()
                0x00000000c000ef2e                File::~File()
                0x00000000c000ef52                File::~File()
                0x00000000c000ef7c                Directory::~Directory()
                0x00000000c000ef7c                Directory::~Directory()
                0x00000000c000efa0                Directory::~Directory()
                0x00000000c000efca                Filesystem::Filesystem()
                0x00000000c000efca                Filesystem::Filesystem()
                0x00000000c000efee                Filesystem::~Filesystem()
                0x00000000c000efee                Filesystem::~Filesystem()
                0x00000000c000effc                Filesystem::~Filesystem()
                0x00000000c000f020                initVFS()
                0x00000000c000f04a                standardiseFiles(char*, char const*, char const*)
                0x00000000c000f1f4                File::File(char const*, Process*)
                0x00000000c000f1f4                File::File(char const*, Process*)
                0x00000000c000f258                File::open(FileOpenMode)
                0x00000000c000f2b6                File::close()
                0x00000000c000f316                File::seek(unsigned long long)
                0x00000000c000f36c                File::tell(unsigned long long*)
                0x00000000c000f3bc                File::rewind()
                0x00000000c000f3d0                File::unlink()
                0x00000000c000f41c                File::rename(char const*)
                0x00000000c000f46a                File::chfatattr(unsigned char, unsigned char)
                0x00000000c000f4c6                File::exists()
                0x00000000c000f504                File::stat(unsigned long long*, bool*)
                0x00000000c000f565                getcwd(Process*, char*, int)
                0x00000000c000f58f                setcwd(Process*, char*)
                0x00000000c000f6b6                Directory::Directory(char const*, Process*)
                0x00000000c000f6b6                Directory::Directory(char const*, Process*)
                0x00000000c000f71a                Directory::open()
                0x00000000c000f776                Directory::close()
                0x00000000c000f7d6                Directory::unlink()
                0x00000000c000f822                Directory::rename(char const*)
                0x00000000c000f870                Directory::exists()
                0x00000000c000f8ae                Directory::read(dirent*)
                0x00000000c000f8fa                Directory::create()
                0x00000000c000f946                Filesystem::chfatattr(char const*, unsigned char, unsigned char)
 .text          0x00000000c000f94c       0x84 hal/bus.32
                0x00000000c000f94c                Bus::Bus(char const*)
                0x00000000c000f94c                Bus::Bus(char const*)
                0x00000000c000f982                Bus::~Bus()
                0x00000000c000f982                Bus::~Bus()
                0x00000000c000f9a6                Bus::~Bus()
 .text          0x00000000c000f9d0      0x14e hal/buzzer.32
                0x00000000c000f9d0                Buzzer::Buzzer(char const*)
                0x00000000c000f9d0                Buzzer::Buzzer(char const*)
                0x00000000c000fa14                Buzzer::~Buzzer()
                0x00000000c000fa14                Buzzer::~Buzzer()
                0x00000000c000fa38                Buzzer::~Buzzer()
                0x00000000c000fa62                Buzzer::stop()
                0x00000000c000fa75                beepThread(void*)
                0x00000000c000fab0                Buzzer::beep(int, int, bool)
 .text          0x00000000c000fb1e      0x42f hal/clock.32
                0x00000000c000fb1e                loadClockSettings()
                0x00000000c000fb38                Clock::Clock(char const*)
                0x00000000c000fb38                Clock::Clock(char const*)
                0x00000000c000fb6e                Clock::~Clock()
                0x00000000c000fb6e                Clock::~Clock()
                0x00000000c000fb92                Clock::~Clock()
                0x00000000c000fbbc                Clock::timeInSecondsLocal()
                0x00000000c000fc04                Clock::setTimeInSecondsLocal(unsigned long long)
                0x00000000c000fc5d                datetimeToSeconds(datetime_t)
                0x00000000c000fd84                Clock::setTimeInDatetimeLocal(datetime_t)
                0x00000000c000fde4                secondsToDatetime(unsigned long long)
                0x00000000c000ff28                Clock::timeInDatetimeLocal()
 *fill*         0x00000000c000ff4d        0x1 
 .text          0x00000000c000ff4e      0x504 hal/device.32
                0x00000000c000ff4e                Device::hibernate()
                0x00000000c000ff50                Device::wake()
                0x00000000c000ff52                Device::detect()
                0x00000000c000ff54                Device::disableLegacy()
                0x00000000c000ff56                Device::powerSaving(PowerSavingLevel)
                0x00000000c000ff58                DriverlessDevice::close(int, int, void*)
                0x00000000c000ff5c                DriverlessDevice::detect()
                0x00000000c000ff5e                DriverlessDevice::open(int, int, void*)
                0x00000000c000ff72                Device::~Device()
                0x00000000c000ff72                Device::~Device()
                0x00000000c000ff80                Device::~Device()
                0x00000000c000ffa8                Device::findAndLoadDriver()
                0x00000000c000ffaa                Device::preOpenPCI(PCIDeviceInfo)
                0x00000000c000ffd0                Device::preOpenACPI(void*, char*, char*)
                0x00000000c0010024                Device::addIRQHandler(int, void (*)(regs*, void*), bool, void*)
                0x00000000c0010082                Device::removeIRQHandler(int, void (*)(regs*, void*), bool)
                0x00000000c00100d0                Device::addChild(Device*)
                0x00000000c0010114                Device::removeAllChildren()
                0x00000000c001015a                Device::hibernateAll()
                0x00000000c001018a                Device::wakeAll()
                0x00000000c00101ba                Device::detectAll()
                0x00000000c00101ea                Device::disableLegacyAll()
                0x00000000c001021a                Device::loadDriversForAll()
                0x00000000c0010246                Device::closeAll()
                0x00000000c001027c                Device::powerSavingAll(PowerSavingLevel)
                0x00000000c00102b2                Device::setName(char const*)
                0x00000000c00102c0                Device::Device(char const*)
                0x00000000c00102c0                Device::Device(char const*)
                0x00000000c00103b2                Device::getName()
                0x00000000c00103bc                DriverlessDevice::DriverlessDevice(char const*)
                0x00000000c00103bc                DriverlessDevice::DriverlessDevice(char const*)
                0x00000000c00103e4                Device::addToLinkedList(LinkedList<Device>&, DeviceType)
                0x00000000c0010428                getDevicesOfType(DeviceType)
 .text          0x00000000c0010452       0x84 hal/diskctrl.32
                0x00000000c0010452                HardDiskController::HardDiskController(char const*)
                0x00000000c0010452                HardDiskController::HardDiskController(char const*)
                0x00000000c0010488                HardDiskController::~HardDiskController()
                0x00000000c0010488                HardDiskController::~HardDiskController()
                0x00000000c00104ac                HardDiskController::~HardDiskController()
 .text          0x00000000c00104d6       0xde hal/diskphys.32
                0x00000000c00104d6                PhysicalDisk::PhysicalDisk(char const*, int)
                0x00000000c00104d6                PhysicalDisk::PhysicalDisk(char const*, int)
                0x00000000c001053e                PhysicalDisk::startCache()
                0x00000000c0010566                PhysicalDisk::~PhysicalDisk()
                0x00000000c0010566                PhysicalDisk::~PhysicalDisk()
                0x00000000c001058a                PhysicalDisk::~PhysicalDisk()
 .text          0x00000000c00105b4      0x142 hal/fpu.32
                0x00000000c00105b4                FPU::FPU(char const*)
                0x00000000c00105b4                FPU::FPU(char const*)
                0x00000000c00105ea                FPU::~FPU()
                0x00000000c00105ea                FPU::~FPU()
                0x00000000c001060e                FPU::~FPU()
                0x00000000c0010638                setupFPU()
 .text          0x00000000c00106f6      0xc21 hal/intctrl.32
                0x00000000c00106f6                InterruptController::uninstallISRHandler(int, void (*)(regs*, void*))
                0x00000000c001072e                InterruptController::installISRHandler(int, void (*)(regs*, void*), void*)
                0x00000000c0010780                doubleFault(regs*, void*)
                0x00000000c001078e                InterruptController::installIRQHandler(int, void (*)(regs*, void*), bool, void*)
                0x00000000c001082a                InterruptController::clearAllHandlers(int, bool)
                0x00000000c00108d2                InterruptController::uninstallIRQHandler(int, void (*)(regs*, void*), bool)
                0x00000000c0010959                nmiHandler(regs*, void*)
                0x00000000c0010967                int_handler
                0x00000000c0010a02                InterruptController::InterruptController(char const*)
                0x00000000c0010a02                InterruptController::InterruptController(char const*)
                0x00000000c0010aa8                InterruptController::~InterruptController()
                0x00000000c0010aa8                InterruptController::~InterruptController()
                0x00000000c0010acc                InterruptController::~InterruptController()
                0x00000000c0010af6                displayDebugInfo(regs*)
                0x00000000c0010f0d                x87EmulHandler(regs*, void*)
                0x00000000c0010f70                gpFault(regs*, void*)
                0x00000000c0010fa9                pgFault(regs*, void*)
                0x00000000c0010fc0                otherISRHandler(regs*, void*)
                0x00000000c0010fdf                opcodeFault(regs*, void*)
                0x00000000c0011049                displayProgramFault(char const*)
                0x00000000c0011072                InterruptController::convertLegacyIRQNumber(int)
                0x00000000c00110bc                setupInterruptController()
 *fill*         0x00000000c0011317        0x1 
 .text          0x00000000c0011318      0x608 hal/keybrd.32
                0x00000000c0011318                startGUI(void*)
                0x00000000c001138a                sendKeyToTerminal(unsigned char)
                0x00000000c00113f6                sendKeyboardToken(KeyboardToken)
                0x00000000c00117d1                clearInternalKeybuffer(VgaText*)
                0x00000000c0011806                readKeyboard(VgaText*, char*, unsigned long)
                0x00000000c0011896                Keyboard::Keyboard(char const*)
                0x00000000c0011896                Keyboard::Keyboard(char const*)
                0x00000000c00118d2                Keyboard::~Keyboard()
                0x00000000c00118d2                Keyboard::~Keyboard()
                0x00000000c00118f6                Keyboard::~Keyboard()
 .text          0x00000000c0011920      0x400 hal/logidisk.32
                0x00000000c0011920                LogicalDisk::close(int, int, void*)
                0x00000000c0011924                LogicalDisk::~LogicalDisk()
                0x00000000c0011924                LogicalDisk::~LogicalDisk()
                0x00000000c0011948                LogicalDisk::~LogicalDisk()
                0x00000000c0011972                LogicalDisk::open(int, int, void*)
                0x00000000c0011986                LogicalDisk::absoluteToRelative(unsigned long long)
                0x00000000c00119be                LogicalDisk::relativeToAbsolute(unsigned long long)
                0x00000000c0011a04                LogicalDisk::LogicalDisk(char const*, PhysicalDisk*, unsigned long long, unsigned long long)
                0x00000000c0011a04                LogicalDisk::LogicalDisk(char const*, PhysicalDisk*, unsigned long long, unsigned long long)
                0x00000000c0011aba                LogicalDisk::assignDriveLetter()
                0x00000000c0011b70                LogicalDisk::mount()
                0x00000000c0011be2                LogicalDisk::unmount()
                0x00000000c0011bf2                LogicalDisk::unassignDriveLetter()
                0x00000000c0011c48                LogicalDisk::read(unsigned long long, int, void*)
                0x00000000c0011cb4                LogicalDisk::write(unsigned long long, int, void*)
 .text          0x00000000c0011d20       0x84 hal/mouse.32
                0x00000000c0011d20                Mouse::Mouse(char const*)
                0x00000000c0011d20                Mouse::Mouse(char const*)
                0x00000000c0011d56                Mouse::~Mouse()
                0x00000000c0011d56                Mouse::~Mouse()
                0x00000000c0011d7a                Mouse::~Mouse()
 .text          0x00000000c0011da4      0x339 hal/partition.32
                0x00000000c0011da4                makePartition(PhysicalDisk*, unsigned long long, unsigned long long)
                0x00000000c0011e4c                createPartitionsForDisk(PhysicalDisk*)
 *fill*         0x00000000c00120dd        0x1 
 .text          0x00000000c00120de      0x2e7 hal/timer.32
                0x00000000c00120de                Timer::Timer(char const*)
                0x00000000c00120de                Timer::Timer(char const*)
                0x00000000c0012114                Timer::~Timer()
                0x00000000c0012114                Timer::~Timer()
                0x00000000c0012138                Timer::~Timer()
                0x00000000c0012162                Timer::read()
                0x00000000c001216d                timerHandler(unsigned long long)
                0x00000000c00122a4                setupTimer(int)
 *fill*         0x00000000c00123c5        0x1 
 .text          0x00000000c00123c6      0x2d1 hal/vcache.32
                0x00000000c00123c6                VCache::VCache(PhysicalDisk*)
                0x00000000c00123c6                VCache::VCache(PhysicalDisk*)
                0x00000000c00124b6                VCache::writeWriteBuffer()
                0x00000000c00124f2                VCache::~VCache()
                0x00000000c00124f2                VCache::~VCache()
                0x00000000c0012532                VCache::~VCache()
                0x00000000c001255a                VCache::write(unsigned long long, int, void*)
                0x00000000c001263e                VCache::read(unsigned long long, int, void*)
 *fill*         0x00000000c0012697        0x1 
 .text          0x00000000c0012698      0x26d hal/video.32
                0x00000000c0012698                Video::putrect(int, int, int, int, unsigned int)
                0x00000000c00126e2                Video::blit(unsigned int*, int, int, int, int)
                0x00000000c0012760                Video::clearScreen(unsigned int)
                0x00000000c0012794                Video::putpixel(int, int, unsigned int)
                0x00000000c00127a2                Video::Video(char const*)
                0x00000000c00127a2                Video::Video(char const*)
                0x00000000c00127d8                Video::~Video()
                0x00000000c00127d8                Video::~Video()
                0x00000000c00127fc                Video::~Video()
                0x00000000c0012826                Video::isMonochrome()
                0x00000000c0012832                Video::getWidth()
                0x00000000c001283e                Video::getHeight()
                0x00000000c001284a                Video::drawCursor(int, int, unsigned char*, int)
 *fill*         0x00000000c0012905        0x1 
 .text          0x00000000c0012906      0xd28 hw/acpi.32
                0x00000000c0012906                ACPI::close(int, int, void*)
                0x00000000c00129bb                findRSDP()
                0x00000000c0012a45                loadACPITables(unsigned char*)
                0x00000000c0012c6c                findRSDT(unsigned char*)
                0x00000000c0012d8a                findDataTable(unsigned char*, char*)
                0x00000000c0012e26                scanMADT()
                0x00000000c00131ba                ACPI::ACPI()
                0x00000000c00131ba                ACPI::ACPI()
                0x00000000c001321a                ACPI::getPCIIRQAssignment(unsigned char, unsigned short, unsigned char)
                0x00000000c00132fc                ACPI::registerPCIIRQAssignment(void*, unsigned short, unsigned char, unsigned char)
                0x00000000c0013402                ACPI::setScreenBrightnessLevel(void*, int)
                0x00000000c0013408                ACPI::writeSimpleBootFlag(SimpleBootFlagTable*)
                0x00000000c0013450                ACPI::open(int, int, void*)
                0x00000000c0013616                ACPI::sleep()
 .text          0x00000000c001362e     0x132c hw/cpu.32
                0x00000000c001362e                CPU::close(int, int, void*)
                0x00000000c0013631                lookupAMDCPUName(unsigned char, unsigned char)
                0x00000000c00137c5                lookupIntelCPUName(unsigned char, unsigned char)
                0x00000000c0013a73                AMD_K6_write_msr(unsigned int, unsigned int, unsigned int, REGS*)
                0x00000000c0013a8f                AMD_K6_read_msr(unsigned int, REGS*)
                0x00000000c0013aa7                AMD_K6_writeback(int, int, int)
                0x00000000c0013b1a                cpuid(int, unsigned long*, unsigned long*, unsigned long*, unsigned long*)
                0x00000000c0013b9d                cpuidCheckEDX(unsigned int)
                0x00000000c0013bca                cpuidCheckECX(unsigned int)
                0x00000000c0013bf7                cpuidCheckExtendedEBX(unsigned int)
                0x00000000c0013c24                cpuidCheckExtendedECX(unsigned int)
                0x00000000c0013c51                getCPUNumber()
                0x00000000c0013c54                thisCPU()
                0x00000000c0013c68                CPU::CPU()
                0x00000000c0013c68                CPU::CPU()
                0x00000000c0013cf6                CPU::displayFeatures()
                0x00000000c0013cf8                CPU::detectFeatures()
                0x00000000c00146ea                CPU::setupSMEP()
                0x00000000c0014704                CPU::setupUMIP()
                0x00000000c001471c                CPU::setupTSC()
                0x00000000c0014734                CPU::setupLargePages()
                0x00000000c001474c                CPU::setupPAT()
                0x00000000c0014788                CPU::setupMTRR()
                0x00000000c001478a                CPU::setupGlobalPages()
                0x00000000c00147a0                CPU::allowUsermodeDataAccess()
                0x00000000c00147b2                CPU::prohibitUsermodeDataAccess()
                0x00000000c00147c4                CPU::setupSMAP()
                0x00000000c00147ea                CPU::setupFeatures()
                0x00000000c001488c                CPU::open(int, int, void*)
 .text          0x00000000c001495a        0x0 hw/ports.32
 .text          0x00000000c001495a      0x32c krnl/panic.32
                0x00000000c001495a                Krnl::panic(char const*)
 .text          0x00000000c0014c86      0x503 reg/registry.32
                0x00000000c0014c86                Reg::findLineFromLoadedData(char*, char*, char*)
                0x00000000c0014dde                Reg::getLineFromRegistry(char*, char*, char*, char*)
                0x00000000c0014f3d                Reg::getLine(char*, char*, char*)
                0x00000000c0014f74                Reg::readInt(char*, char*, int*)
                0x00000000c001505f                Reg::readString(char*, char*, char*, int)
                0x00000000c00150e0                Reg::readBool(char*, char*, bool*)
                0x00000000c0015105                Reg::readBoolWithDefault(char*, char*, bool)
                0x00000000c0015131                Reg::readIntWithDefault(char*, char*, int)
                0x00000000c001515d                Reg::readStringWithDefault(char*, char*, char*, int, char*)
 .text          0x00000000c0015189       0x18 sys/sc_exit.32
                0x00000000c0015189                Sys::exit(regs*)
 .text          0x00000000c00151a1       0x95 sys/sc_loaddll.32
                0x00000000c00151a1                Sys::loadDLL(regs*)
 .text          0x00000000c0015236       0x68 sys/sc_read.32
                0x00000000c0015236                Sys::read(regs*)
 .text          0x00000000c001529e       0x55 sys/sc_sbrk.32
                0x00000000c001529e                Sys::sbrk(regs*)
 .text          0x00000000c00152f3       0x83 sys/sc_write.32
                0x00000000c00152f3                Sys::write(regs*)
 .text          0x00000000c0015376       0x1a sys/sc_yield.32
                0x00000000c0015376                Sys::yield(regs*)
 .text          0x00000000c0015390      0xfc7 sys/syscalls.32
                0x00000000c0015390                sysCallGetPID(regs*)
                0x00000000c001539c                sysCallSeekDir(regs*)
                0x00000000c00153a1                sysCallTellDir(regs*)
                0x00000000c00153a6                sysCallVerify(regs*)
                0x00000000c00153b0                sysCallFork(regs*)
                0x00000000c00153bb                sysCallExecve(regs*)
                0x00000000c00153c6                sysCallGetArgc(regs*)
                0x00000000c00153d6                sysFormatDisk(regs*)
                0x00000000c0015440                sysSetDiskVolumeLabel(regs*)
                0x00000000c0015486                sysGetDiskVolumeLabel(regs*)
                0x00000000c00154d7                sysShutdown(regs*)
                0x00000000c0015535                sysCallGetCwd(regs*)
                0x00000000c0015554                sysCallSetCwd(regs*)
                0x00000000c0015570                sysCallRealpath(regs*)
                0x00000000c00155b3                sysCallReadDir(regs*)
                0x00000000c0015641                sysCallIsATTY(regs*)
                0x00000000c001569b                sysCallSeek(regs*)
                0x00000000c0015704                sysCallTell(regs*)
                0x00000000c0015781                sysCallSizeFromFilename(regs*)
                0x00000000c0015832                sysCallSize(regs*)
                0x00000000c00158b5                sysCallClose(regs*)
                0x00000000c001593d                sysCallOpenDir(regs*)
                0x00000000c00159aa                sysCallMakeDir(regs*)
                0x00000000c0015a03                sysCallCloseDir(regs*)
                0x00000000c0015a69                sysCallWait(regs*)
                0x00000000c0015a83                sysCallRmdir(regs*)
                0x00000000c0015ad5                sysCallUnlink(regs*)
                0x00000000c0015b27                sysCallGetArgv(regs*)
                0x00000000c0015b73                sysCallTTYName(regs*)
                0x00000000c0015bf6                sysCallGetEnv(regs*)
                0x00000000c0015c58                sysCallUSleep(regs*)
                0x00000000c0015c7f                sysCallSpawn(regs*)
                0x00000000c0015cef                sysAppSettings(regs*)
                0x00000000c0015e0e                sysSetFatAttrib(regs*)
                0x00000000c0015e6e                sysPanic(regs*)
                0x00000000c0015e94                sysPipe(regs*)
                0x00000000c0015ed9                sysGetUnixTime(regs*)
                0x00000000c0015eed                string_ends_with(char const*, char const*)
                0x00000000c0015f35                sysCallOpen(regs*)
                0x00000000c0016142                setupSystemCalls()
                0x00000000c00162fb                systemCall(regs*, void*)
 .text          0x00000000c0016357     0x1137 thr/elf.32
                0x00000000c0016357                Thr::allocateMemoryForTask(Process*, File*, unsigned long, unsigned long, unsigned long)
                0x00000000c00165d4                Thr::loadProgramIntoMemory(Process*, char const*)
                0x00000000c00167ea                Thr::runtimeReferenceHelper()
                0x00000000c00167fd                Thr::getAddressOfKernelSymbol(char const*)
                0x00000000c001684c                Thr::loadKernelSymbolTable(char const*)
                0x00000000c0016b0d                Thr::loadDriverIntoMemory(char const*, unsigned long, bool)
                0x00000000c001728e                Thr::getDriverBaseFromAddress(unsigned long)
                0x00000000c00172c0                Thr::getDriverNameFromAddress(unsigned long)
                0x00000000c00172f7                Thr::getDriverOffsetFromAddress(unsigned long)
                0x00000000c0017311                Thr::loadDLL(char const*, bool)
                0x00000000c0017464                Thr::executeDLL(unsigned long, void*)
 .text          0x00000000c001748e      0xfce thr/prcssthr.32
                0x00000000c001748e                changeTSS
                0x00000000c00174bc                Process::addArgs(char**)
                0x00000000c0017516                Process::Process(char const*, Process*, char**)
                0x00000000c0017516                Process::Process(char const*, Process*, char**)
                0x00000000c00176ce                Process::Process(bool, char const*, Process*, char**)
                0x00000000c00176ce                Process::Process(bool, char const*, Process*, char**)
                0x00000000c0017851                disableIRQs()
                0x00000000c0017859                getIRQNestingLevel()
                0x00000000c001785f                enableIRQs()
                0x00000000c001786e                lockScheduler()
                0x00000000c0017870                unlockScheduler()
                0x00000000c0017872                userModeEntryPoint(void*)
                0x00000000c0017895                lockStuff()
                0x00000000c00178a1                taskStartupFunction
                0x00000000c00178aa                updateTimeUsed()
                0x00000000c0017908                switchToThread(ThreadControlBlock*)
                0x00000000c0017958                Semaphore::Semaphore(int)
                0x00000000c0017958                Semaphore::Semaphore(int)
                0x00000000c0017986                Mutex::Mutex()
                0x00000000c0017986                Mutex::Mutex()
                0x00000000c0017998                Process::createThread(void (*)(void*), void*, int)
                0x00000000c0017a7c                Process::createUserThread()
                0x00000000c0017a98                setupMultitasking(void (*)())
                0x00000000c0017ba2                schedule()
                0x00000000c0017c27                unlockStuff()
                0x00000000c0017c5c                Semaphore::tryAcquire()
                0x00000000c0017c8a                Semaphore::assertLocked(char const*)
                0x00000000c0017cba                blockTaskWithSchedulerLockAlreadyHeld(TaskState)
                0x00000000c0017cfc                blockTask(TaskState)
                0x00000000c0017d1d                waitTask(int, int*, int)
                0x00000000c0017d5f                nanoSleepUntil(unsigned long long)
                0x00000000c0017db6                nanoSleep(unsigned long long)
                0x00000000c0017dcb                sleep(unsigned long long)
                0x00000000c0017de8                Semaphore::acquire()
                0x00000000c0017e50                taskReturned
                0x00000000c0017e7e                unblockTask(ThreadControlBlock*)
                0x00000000c0017f2d                cleanupTerminatedTask(ThreadControlBlock*)
                0x00000000c00181d1                cleanerTaskFunction(void*)
                0x00000000c0018284                terminateTask(int)
                0x00000000c0018364                Thr::terminateFromIRQ(int)
                0x00000000c0018370                Semaphore::release()
 .text          0x00000000c001845c      0x8bf vm86/vm8086.32
                0x00000000c001845c                Vm::vm8086EntryPoint(void*)
                0x00000000c0018487                Vm::inbv(unsigned short)
                0x00000000c001848d                Vm::outbv(unsigned short, unsigned char)
                0x00000000c0018497                Vm::realToLinear(unsigned short, unsigned short)
                0x00000000c00184a7                Vm::getSegment(unsigned int)
                0x00000000c00184af                Vm::getOffset(unsigned int)
                0x00000000c00184b4                Vm::loadFileAsThread(Process*, char const*, unsigned short, unsigned short, unsigned short, unsigned short)
                0x00000000c00185e3                Vm::doISR(regs*, int, unsigned char*, unsigned short, unsigned short)
                0x00000000c001866d                Vm::readByteFromReal(unsigned short, unsigned short)
                0x00000000c001867e                Vm::readWordFromReal(unsigned short, unsigned short)
                0x00000000c0018690                Vm::readDwordFromReal(unsigned short, unsigned short)
                0x00000000c00186a1                Vm::writeByteFromReal(unsigned short, unsigned short, unsigned char)
                0x00000000c00186b6                Vm::writeWordFromReal(unsigned short, unsigned short, unsigned short)
                0x00000000c00186cc                Vm::writeDwordFromReal(unsigned short, unsigned short, unsigned int)
                0x00000000c00186e1                Vm::faultHandler(regs*)
 *fill*         0x00000000c0018d1b        0x1 
 .text          0x00000000c0018d1c     0x10ed fs/fat/vfslink.32
                0x00000000c0018d1c                FAT::getName()
                0x00000000c0018d22                FAT::tell(void*, unsigned long long*)
                0x00000000c0018d56                FAT::stat(void*, unsigned long long*)
                0x00000000c0018d8a                FAT::~FAT()
                0x00000000c0018d8a                FAT::~FAT()
                0x00000000c0018dae                FAT::~FAT()
                0x00000000c0018dd6                FAT::getlabel(LogicalDisk*, int, char*, unsigned int*)
                0x00000000c0018e74                FAT::setlabel(LogicalDisk*, int, char*)
                0x00000000c0018f2e                FAT::format(LogicalDisk*, int, char const*, int)
                0x00000000c0019112                FAT::tryMount(LogicalDisk*, int)
                0x00000000c0019318                FAT::readDir(void*, unsigned long, void*, int*)
                0x00000000c001941e                FAT::read(void*, unsigned long, void*, int*)
                0x00000000c0019478                FAT::write(void*, unsigned long, void*, int*)
                0x00000000c00194d2                FAT::close(void*)
                0x00000000c001951e                FAT::closeDir(void*)
                0x00000000c001956a                FAT::seek(void*, unsigned long long)
                0x00000000c00195be                fatWrapperReadDisk
                0x00000000c0019605                fatWrapperWriteDisk
                0x00000000c001964c                fatWrapperIoctl
                0x00000000c0019750                FAT::FAT()
                0x00000000c0019750                FAT::FAT()
                0x00000000c00197a2                FAT::fixFilepath(char*)
                0x00000000c00197da                FAT::open(char const*, void**, FileOpenMode)
                0x00000000c0019902                FAT::openDir(char const*, void**)
                0x00000000c00199a8                FAT::stat(char const*, unsigned long long*, bool*)
                0x00000000c0019a92                FAT::unlink(char const*)
                0x00000000c0019b0c                FAT::chfatattr(char const*, unsigned char, unsigned char)
                0x00000000c0019c60                FAT::rename(char const*, char const*)
                0x00000000c0019d24                FAT::mkdir(char const*)
                0x00000000c0019d9e                FAT::exists(char const*)
 *fill*         0x00000000c0019e09        0x1 
 .text          0x00000000c0019e0a      0xbdf fs/iso9660/vfslink.32
                0x00000000c0019e0a                ISO9660::format(LogicalDisk*, int, char const*, int)
                0x00000000c0019e10                ISO9660::seek(void*, unsigned long long)
                0x00000000c0019e40                ISO9660::tell(void*, unsigned long long*)
                0x00000000c0019e64                ISO9660::getName()
                0x00000000c0019e6a                ISO9660::stat(void*, unsigned long long*)
                0x00000000c0019e8e                ISO9660::chfatattr(char const*, unsigned char, unsigned char)
                0x00000000c0019e94                ISO9660::unlink(char const*)
                0x00000000c0019e9a                ISO9660::write(void*, unsigned long, void*, int*)
                0x00000000c0019ea0                ISO9660::rename(char const*, char const*)
                0x00000000c0019ea6                ISO9660::mkdir(char const*)
                0x00000000c0019eac                ISO9660::close(void*)
                0x00000000c0019ece                ISO9660::closeDir(void*)
                0x00000000c0019ef0                ISO9660::~ISO9660()
                0x00000000c0019ef0                ISO9660::~ISO9660()
                0x00000000c0019f14                ISO9660::~ISO9660()
                0x00000000c0019f3b                __memmem(unsigned char*, int, unsigned char*, int)
                0x00000000c0019f7d                readSectorFromCDROM(unsigned int, unsigned char*, char)
                0x00000000c0019fe4                ISO9660::tryMount(LogicalDisk*, int)
                0x00000000c001a034                ISO9660::read(void*, unsigned long, void*, int*)
                0x00000000c001a278                ISO9660::readDir(void*, unsigned long, void*, int*)
                0x00000000c001a505                readRoot(unsigned int*, unsigned int*, char)
                0x00000000c001a55a                readRecursively(char*, unsigned int, unsigned int, unsigned int*, unsigned int*, char, int*)
                0x00000000c001a72d                getFileData(char*, unsigned int*, unsigned int*, char, int*)
                0x00000000c001a7bc                ISO9660::open(char const*, void**, FileOpenMode)
                0x00000000c001a856                ISO9660::exists(char const*)
                0x00000000c001a87a                ISO9660::stat(char const*, unsigned long long*, bool*)
                0x00000000c001a90e                ISO9660::openDir(char const*, void**)
                0x00000000c001a9c6                ISO9660::ISO9660()
                0x00000000c001a9c6                ISO9660::ISO9660()
 *fill*         0x00000000c001a9e9        0x1 
 .text          0x00000000c001a9ea      0x244 hal/sound/sndchannel.32
                0x00000000c001a9ea                SoundChannel::~SoundChannel()
                0x00000000c001a9ea                SoundChannel::~SoundChannel()
                0x00000000c001aa06                SoundChannel::setSpeed(float)
                0x00000000c001aa12                SoundChannel::getSpeed()
                0x00000000c001aa1a                SoundChannel::setVolume(int)
                0x00000000c001aa36                SoundChannel::getVolume()
                0x00000000c001aa3e                SoundChannel::pause()
                0x00000000c001aa48                SoundChannel::SoundChannel(int, int, int, int)
                0x00000000c001aa48                SoundChannel::SoundChannel(int, int, int, int)
                0x00000000c001ab3e                SoundChannel::play()
                0x00000000c001ab48                SoundChannel::paused()
                0x00000000c001ab50                SoundChannel::getSampleRate()
                0x00000000c001ab58                SoundChannel::getBits()
                0x00000000c001ab60                SoundChannel::getBufferUsed()
                0x00000000c001ab68                SoundChannel::getBufferSize()
                0x00000000c001ab70                SoundChannel::unbuffer(float*, int, int)
                0x00000000c001abe2                SoundChannel::buffer8(unsigned char*, int)
 .text          0x00000000c001ac2e      0x317 hal/sound/sndhw.32
                0x00000000c001ac2e                SoundDevice::SoundDevice(char const*)
                0x00000000c001ac2e                SoundDevice::SoundDevice(char const*)
                0x00000000c001ac9a                SoundDevice::~SoundDevice()
                0x00000000c001ac9a                SoundDevice::~SoundDevice()
                0x00000000c001ad14                SoundDevice::~SoundDevice()
                0x00000000c001ad3e                SoundDevice::getFreeChannelNum()
                0x00000000c001ad58                SoundDevice::addChannel(SoundChannel*)
                0x00000000c001adc8                SoundDevice::removeChannel(int)
                0x00000000c001adfa                SoundDevice::floatTo8(float*, unsigned char*, int)
                0x00000000c001ae66                SoundDevice::getAudio(int, float*, float*)
 .text          0x00000000c001af45        0x0 hw/bus/isa.32
 *fill*         0x00000000c001af45        0x1 
 .text          0x00000000c001af46      0x6e5 hw/bus/pci.32
                0x00000000c001af46                PCI::open(int, int, void*)
                0x00000000c001af5a                PCI::close(int, int, void*)
                0x00000000c001af5e                PCI::PCI()
                0x00000000c001af5e                PCI::PCI()
                0x00000000c001afde                PCI::pciReadWord(unsigned char, unsigned char, unsigned char, unsigned char)
                0x00000000c001b026                PCI::getVendorID(unsigned char, unsigned char, unsigned char)
                0x00000000c001b048                PCI::getHeaderType(unsigned char, unsigned char, unsigned char)
                0x00000000c001b06c                PCI::getClassCode(unsigned char, unsigned char, unsigned char)
                0x00000000c001b0b0                PCI::getProgIF(unsigned char, unsigned char, unsigned char)
                0x00000000c001b0d4                PCI::getRevisionID(unsigned char, unsigned char, unsigned char)
                0x00000000c001b0f6                PCI::getInterruptNumber(unsigned char, unsigned char, unsigned char)
                0x00000000c001b118                PCI::getSecondaryBus(unsigned char, unsigned char, unsigned char)
                0x00000000c001b13c                PCI::getBARAddress(unsigned char, unsigned char, unsigned char, unsigned char)
                0x00000000c001b19c                PCI::pciWriteWord(unsigned char, unsigned char, unsigned char, unsigned char, unsigned short)
                0x00000000c001b208                PCI::checkBus(unsigned char)
                0x00000000c001b22c                PCI::foundDevice(PCIDeviceInfo)
                0x00000000c001b39c                PCI::getDeviceData(unsigned char, unsigned char, unsigned char)
                0x00000000c001b56c                PCI::checkDevice(unsigned char, unsigned char)
                0x00000000c001b5d8                PCI::detect()
 *fill*         0x00000000c001b62b        0x1 
 .text          0x00000000c001b62c      0xc70 hw/diskctrl/ide.32
                0x00000000c001b62c                IDE::close(int, int, void*)
                0x00000000c001b630                IDE::IDE()
                0x00000000c001b630                IDE::IDE()
                0x00000000c001b664                IDE::prepareInterrupt(unsigned char)
                0x00000000c001b676                selectDrive(unsigned char, unsigned char)
                0x00000000c001b678                IDE::getBase(unsigned char)
                0x00000000c001b68a                IDE::write(unsigned char, unsigned char, unsigned char)
                0x00000000c001b74a                IDE::read(unsigned char, unsigned char)
                0x00000000c001b7f8                IDE::waitInterrupt(unsigned char)
                0x00000000c001b85e                ideChannel0IRQHandler(regs*, void*)
                0x00000000c001b87a                ideChannel1IRQHandler(regs*, void*)
                0x00000000c001b896                IDE::enableIRQs(unsigned char, bool)
                0x00000000c001b8dc                IDE::open(int, int, void*)
                0x00000000c001bcec                IDE::readBuffer(unsigned char, unsigned char, unsigned int, unsigned int)
                0x00000000c001bdb8                IDE::detect()
                0x00000000c001c0a0                IDE::printError(unsigned char, unsigned char, unsigned char)
                0x00000000c001c236                IDE::polling(unsigned char, unsigned int)
 .text          0x00000000c001c29c      0x62b hw/diskphys/ata.32
                0x00000000c001c29c                ATA::close(int, int, void*)
                0x00000000c001c2c0                ATA::powerSaving(PowerSavingLevel)
                0x00000000c001c2c2                ATA::ATA()
                0x00000000c001c2c2                ATA::ATA()
                0x00000000c001c2f0                ATA::flush(bool)
                0x00000000c001c33a                ATA::readyForCommand()
                0x00000000c001c38a                ATA::access(unsigned long long, int, void*, bool)
                0x00000000c001c708                ATA::read(unsigned long long, int, void*)
                0x00000000c001c770                ATA::write(unsigned long long, int, void*)
                0x00000000c001c7d8                ATA::detectCHS()
                0x00000000c001c802                ATA::open(int, int, void*)
 *fill*         0x00000000c001c8c7        0x1 
 .text          0x00000000c001c8c8      0x5b3 hw/diskphys/atapi.32
                0x00000000c001c8c8                ATAPI::write(unsigned long long, int, void*)
                0x00000000c001c8ce                ATAPI::close(int, int, void*)
                0x00000000c001c8f2                ATAPI::ATAPI()
                0x00000000c001c8f2                ATAPI::ATAPI()
                0x00000000c001c920                ATAPI::readyForCommand()
                0x00000000c001c970                ATAPI::sendPacket(unsigned char*, int, bool, unsigned short*, int)
                0x00000000c001cc30                ATAPI::diskRemoved()
                0x00000000c001cc4c                ATAPI::eject()
                0x00000000c001cc92                ATAPI::diskInserted()
                0x00000000c001ccc0                ATAPI::detectMedia()
                0x00000000c001cd7c                ATAPI::open(int, int, void*)
                0x00000000c001cdfc                ATAPI::read(unsigned long long, int, void*)
 *fill*         0x00000000c001ce7b        0x1 
 .text          0x00000000c001ce7c       0x8e hw/fpu/avx.32
                0x00000000c001ce7c                AVX::open(int, int, void*)
                0x00000000c001ce8e                AVX::close(int, int, void*)
                0x00000000c001cea0                AVX::available()
                0x00000000c001ceb2                AVX::save(void*)
                0x00000000c001ceca                AVX::load(void*)
                0x00000000c001cee2                AVX::AVX()
                0x00000000c001cee2                AVX::AVX()
 .text          0x00000000c001cf0a       0x90 hw/fpu/mmx.32
                0x00000000c001cf0a                MMX::available()
                0x00000000c001cf1e                MMX::open(int, int, void*)
                0x00000000c001cf30                MMX::close(int, int, void*)
                0x00000000c001cf42                MMX::save(void*)
                0x00000000c001cf5a                MMX::load(void*)
                0x00000000c001cf72                MMX::MMX()
                0x00000000c001cf72                MMX::MMX()
 .text          0x00000000c001cf9a       0x96 hw/fpu/sse.32
                0x00000000c001cf9a                SSE::open(int, int, void*)
                0x00000000c001cfac                SSE::close(int, int, void*)
                0x00000000c001cfbe                SSE::available()
                0x00000000c001cfd8                SSE::save(void*)
                0x00000000c001cff0                SSE::load(void*)
                0x00000000c001d008                SSE::SSE()
                0x00000000c001d008                SSE::SSE()
 .text          0x00000000c001d030       0x8e hw/fpu/x87.32
                0x00000000c001d030                x87::open(int, int, void*)
                0x00000000c001d042                x87::close(int, int, void*)
                0x00000000c001d054                x87::available()
                0x00000000c001d066                x87::save(void*)
                0x00000000c001d07e                x87::load(void*)
                0x00000000c001d096                x87::x87()
                0x00000000c001d096                x87::x87()
 .text          0x00000000c001d0be      0x5f3 hw/intctrl/apic.32
                0x00000000c001d0be                APIC::disable()
                0x00000000c001d0c0                APIC::close(int, int, void*)
                0x00000000c001d0e2                IOAPIC::close(int, int, void*)
                0x00000000c001d0e8                APIC::io_wait()
                0x00000000c001d0ee                APIC::getBase()
                0x00000000c001d130                APIC::eoi(unsigned char)
                0x00000000c001d15e                APIC::open(int, int, void*)
                0x00000000c001d218                IOAPIC::IOAPIC()
                0x00000000c001d218                IOAPIC::IOAPIC()
                0x00000000c001d240                APIC::APIC()
                0x00000000c001d240                APIC::APIC()
                0x00000000c001d310                IOAPIC::handlesGSIWithNumber(unsigned int)
                0x00000000c001d342                IOAPIC::read(int)
                0x00000000c001d36a                IOAPIC::open(int, int, void*)
                0x00000000c001d460                IOAPIC::write(int, int)
                0x00000000c001d48c                IOAPIC::redirect(unsigned char, unsigned long long, unsigned char)
                0x00000000c001d546                APIC::installIRQHandler(int, void (*)(regs*, void*), bool, void*)
 *fill*         0x00000000c001d6b1        0x1 
 .text          0x00000000c001d6b2      0x3d3 hw/intctrl/pic.32
                0x00000000c001d6b2                PIC::disable()
                0x00000000c001d6e0                PIC::close(int, int, void*)
                0x00000000c001d702                PIC::PIC()
                0x00000000c001d702                PIC::PIC()
                0x00000000c001d7d8                PIC::ioWait()
                0x00000000c001d7de                PIC::getIRQReg(int)
                0x00000000c001d848                PIC::eoi(unsigned char)
                0x00000000c001d8da                PIC::remap()
                0x00000000c001da46                PIC::open(int, int, void*)
 *fill*         0x00000000c001da85        0x1 
 .text          0x00000000c001da86      0x252 hw/timer/apictimer.32
                0x00000000c001da86                APICTimer::close(int, int, void*)
                0x00000000c001da8c                apicTimerHandler(regs*, void*)
                0x00000000c001daba                APICTimer::write(int)
                0x00000000c001dbb8                APICTimer::open(int, int, void*)
                0x00000000c001dcb0                APICTimer::APICTimer()
                0x00000000c001dcb0                APICTimer::APICTimer()
 .text          0x00000000c001dcd8      0x1a7 hw/timer/pit.32
                0x00000000c001dcd8                PIT::write(int)
                0x00000000c001dd56                pitHandler(regs*, void*)
                0x00000000c001dd82                PIT::open(int, int, void*)
                0x00000000c001ddd0                PIT::close(int, int, void*)
                0x00000000c001de00                PIT::PIT()
                0x00000000c001de00                PIT::PIT()
 *fill*         0x00000000c001de7f        0x1 
 .text          0x00000000c001de80        0xa hw/fpu/x86/avx.32
                0x00000000c001de80                avxDetect
                0x00000000c001de86                avxSave
                0x00000000c001de87                avxLoad
                0x00000000c001de88                avxInit
                0x00000000c001de89                avxClose
 *fill*         0x00000000c001de8a        0x6 
 .text          0x00000000c001de90       0x38 hw/fpu/x86/sse.32
                0x00000000c001de90                sseDetect
                0x00000000c001deab                sseSave
                0x00000000c001deb1                sseLoad
                0x00000000c001deb7                sseInit
                0x00000000c001dec7                sseClose
 *fill*         0x00000000c001dec8        0x8 
 .text          0x00000000c001ded0       0x47 hw/fpu/x86/x87.32
                0x00000000c001ded6                x87Detect
                0x00000000c001def1                x87Save
                0x00000000c001def7                x87Load
                0x00000000c001defc                x87Init
                0x00000000c001df16                x87Close
 *fill*         0x00000000c001df17        0x1 
 .text          0x00000000c001df18       0x25 /cygdrive/d/Users/Alex/Desktop/Toolchain/Output/bin/../lib/gcc/i386-banana/8.1.0/crtend.o
 .text          0x00000000c001df3d        0x0 crtn.32
 *fill*         0x00000000c001df3d        0x3 
 .text          0x00000000c001df40      0x14b /cygdrive/d/Users/Alex/Desktop/Toolchain/Output/bin/../lib/gcc/i386-banana/8.1.0/libgcc.a(_divdi3.o)
                0x00000000c001df40                __divdi3
 *fill*         0x00000000c001e08b        0x1 
 .text          0x00000000c001e08c      0x17e /cygdrive/d/Users/Alex/Desktop/Toolchain/Output/bin/../lib/gcc/i386-banana/8.1.0/libgcc.a(_moddi3.o)
                0x00000000c001e08c                __moddi3
 *fill*         0x00000000c001e20a        0x2 
 .text          0x00000000c001e20c       0xff /cygdrive/d/Users/Alex/Desktop/Toolchain/Output/bin/../lib/gcc/i386-banana/8.1.0/libgcc.a(_udivdi3.o)
                0x00000000c001e20c                __udivdi3
 *fill*         0x00000000c001e30b        0x1 
 .text          0x00000000c001e30c      0x11a /cygdrive/d/Users/Alex/Desktop/Toolchain/Output/bin/../lib/gcc/i386-banana/8.1.0/libgcc.a(_umoddi3.o)
                0x00000000c001e30c                __umoddi3
 *fill*         0x00000000c001e426        0xa 
 .text          0x00000000c001e430       0x1e D:/Users/Alex/Desktop/Banana/kernel/libk/libm32.a(s_fabs.c.o)
                0x00000000c001e430                fabs
 *fill*         0x00000000c001e44e        0x2 
 .text          0x00000000c001e450        0xc D:/Users/Alex/Desktop/Banana/kernel/libk/libm32.a(s_lrint.S.o)
                0x00000000c001e450                lrint
 .text          0x00000000c001e45c        0xc D:/Users/Alex/Desktop/Banana/kernel/libk/libm32.a(s_lrintf.S.o)
                0x00000000c001e45c                lrintf
 *(.gnu.linkonce.t*)

.iplt           0x00000000c001e468        0x0
 .iplt          0x00000000c001e468        0x0 D:/Users/Alex/Desktop/Banana/kernel/boot.32

.init           0x00000000c001e468        0xf
 .init          0x00000000c001e468        0x3 crti.32
                0x00000000c001e468                _init
 .init          0x00000000c001e46b        0x5 /cygdrive/d/Users/Alex/Desktop/Toolchain/Output/bin/../lib/gcc/i386-banana/8.1.0/crtbegin.o
 .init          0x00000000c001e470        0x5 /cygdrive/d/Users/Alex/Desktop/Toolchain/Output/bin/../lib/gcc/i386-banana/8.1.0/crtend.o
 .init          0x00000000c001e475        0x2 crtn.32

.fini           0x00000000c001e477        0xa
 .fini          0x00000000c001e477        0x3 crti.32
                0x00000000c001e477                _fini
 .fini          0x00000000c001e47a        0x5 /cygdrive/d/Users/Alex/Desktop/Toolchain/Output/bin/../lib/gcc/i386-banana/8.1.0/crtbegin.o
 .fini          0x00000000c001e47f        0x2 crtn.32

.text._ZN8ComputerD2Ev
                0x00000000c001e482       0x23
 .text._ZN8ComputerD2Ev
                0x00000000c001e482       0x23 core/computer.32
                0x00000000c001e482                Computer::~Computer()
                0x00000000c001e482                Computer::~Computer()

.text._ZN8ComputerD0Ev
                0x00000000c001e4a6       0x2a
 .text._ZN8ComputerD0Ev
                0x00000000c001e4a6       0x2a core/computer.32
                0x00000000c001e4a6                Computer::~Computer()

.text._Z10idleCommonv
                0x00000000c001e4d0       0x15
 .text._Z10idleCommonv
                0x00000000c001e4d0       0x15 core/idle.32
                0x00000000c001e4d0                idleCommon()

.text._ZN3CPU7readCR3Ev
                0x00000000c001e4e5       0x12
 .text._ZN3CPU7readCR3Ev
                0x00000000c001e4e5       0x12 core/kheap.32
                0x00000000c001e4e5                CPU::readCR3()

.text._ZN3CPU8writeCR3Em
                0x00000000c001e4f7        0x9
 .text._ZN3CPU8writeCR3Em
                0x00000000c001e4f7        0x9 core/kheap.32
                0x00000000c001e4f7                CPU::writeCR3(unsigned long)

.text._ZN10LinkedListI8UnixFileED2Ev
                0x00000000c001e500        0x2
 .text._ZN10LinkedListI8UnixFileED2Ev
                0x00000000c001e500        0x2 core/unixfile.32
                0x00000000c001e500                LinkedList<UnixFile>::~LinkedList()
                0x00000000c001e500                LinkedList<UnixFile>::~LinkedList()

.text._ZN10LinkedListI8UnixFileEC2Ev
                0x00000000c001e502       0x58
 .text._ZN10LinkedListI8UnixFileEC2Ev
                0x00000000c001e502       0x58 core/unixfile.32
                0x00000000c001e502                LinkedList<UnixFile>::LinkedList()
                0x00000000c001e502                LinkedList<UnixFile>::LinkedList()

.text._ZN10LinkedListI8UnixFileE10addElementEPS0_
                0x00000000c001e55a       0xd3
 .text._ZN10LinkedListI8UnixFileE10addElementEPS0_
                0x00000000c001e55a       0xd3 core/unixfile.32
                0x00000000c001e55a                LinkedList<UnixFile>::addElement(UnixFile*)

.text._ZN10LinkedListI8UnixFileE15getFirstElementEv
                0x00000000c001e62e        0x7
 .text._ZN10LinkedListI8UnixFileE15getFirstElementEv
                0x00000000c001e62e        0x7 core/unixfile.32
                0x00000000c001e62e                LinkedList<UnixFile>::getFirstElement()

.text._ZN10LinkedListI8UnixFileE11removeFirstEv
                0x00000000c001e636       0xa1
 .text._ZN10LinkedListI8UnixFileE11removeFirstEv
                0x00000000c001e636       0xa1 core/unixfile.32
                0x00000000c001e636                LinkedList<UnixFile>::removeFirst()

.text._ZN10LinkedListI8UnixFileE7getNextEPS0_
                0x00000000c001e6d8        0x8
 .text._ZN10LinkedListI8UnixFileE7getNextEPS0_
                0x00000000c001e6d8        0x8 core/unixfile.32
                0x00000000c001e6d8                LinkedList<UnixFile>::getNext(UnixFile*)

.text._ZN16DriverlessDeviceD2Ev
                0x00000000c001e6e0       0x1a
 .text._ZN16DriverlessDeviceD2Ev
                0x00000000c001e6e0       0x1a hal/device.32
                0x00000000c001e6e0                DriverlessDevice::~DriverlessDevice()
                0x00000000c001e6e0                DriverlessDevice::~DriverlessDevice()

.text._ZN16DriverlessDeviceD0Ev
                0x00000000c001e6fa       0x2a
 .text._ZN16DriverlessDeviceD0Ev
                0x00000000c001e6fa       0x2a hal/device.32
                0x00000000c001e6fa                DriverlessDevice::~DriverlessDevice()

.text._ZN10LinkedListI6DeviceE10addElementEPS0_
                0x00000000c001e724       0xdc
 .text._ZN10LinkedListI6DeviceE10addElementEPS0_
                0x00000000c001e724       0xdc hal/device.32
                0x00000000c001e724                LinkedList<Device>::addElement(Device*)

.text._ZN10LinkedListI6DeviceEC2Ev
                0x00000000c001e800       0x58
 .text._ZN10LinkedListI6DeviceEC2Ev
                0x00000000c001e800       0x58 hal/device.32
                0x00000000c001e800                LinkedList<Device>::LinkedList()
                0x00000000c001e800                LinkedList<Device>::LinkedList()

.text._ZN3CPU7readCR0Ev
                0x00000000c001e858       0x12
 .text._ZN3CPU7readCR0Ev
                0x00000000c001e858       0x12 hal/fpu.32
                0x00000000c001e858                CPU::readCR0()

.text._ZN3CPU8writeCR0Em
                0x00000000c001e86a        0x9
 .text._ZN3CPU8writeCR0Em
                0x00000000c001e86a        0x9 hal/fpu.32
                0x00000000c001e86a                CPU::writeCR0(unsigned long)

.text._ZN3CPU7readDR0Ev
                0x00000000c001e873       0x12
 .text._ZN3CPU7readDR0Ev
                0x00000000c001e873       0x12 hal/intctrl.32
                0x00000000c001e873                CPU::readDR0()

.text._ZN3CPU7readDR1Ev
                0x00000000c001e885       0x12
 .text._ZN3CPU7readDR1Ev
                0x00000000c001e885       0x12 hal/intctrl.32
                0x00000000c001e885                CPU::readDR1()

.text._ZN3CPU7readDR2Ev
                0x00000000c001e897       0x12
 .text._ZN3CPU7readDR2Ev
                0x00000000c001e897       0x12 hal/intctrl.32
                0x00000000c001e897                CPU::readDR2()

.text._ZN3CPU7readDR3Ev
                0x00000000c001e8a9       0x12
 .text._ZN3CPU7readDR3Ev
                0x00000000c001e8a9       0x12 hal/intctrl.32
                0x00000000c001e8a9                CPU::readDR3()

.text._ZN3CPU7readDR6Ev
                0x00000000c001e8bb       0x12
 .text._ZN3CPU7readDR6Ev
                0x00000000c001e8bb       0x12 hal/intctrl.32
                0x00000000c001e8bb                CPU::readDR6()

.text._ZN3CPU7readDR7Ev
                0x00000000c001e8cd       0x12
 .text._ZN3CPU7readDR7Ev
                0x00000000c001e8cd       0x12 hal/intctrl.32
                0x00000000c001e8cd                CPU::readDR7()

.text._ZN10LinkedListIV18ThreadControlBlockE15getFirstElementEv
                0x00000000c001e8e0        0x7
 .text._ZN10LinkedListIV18ThreadControlBlockE15getFirstElementEv
                0x00000000c001e8e0        0x7 hal/timer.32
                0x00000000c001e8e0                LinkedList<ThreadControlBlock volatile>::getFirstElement()

.text._ZN10LinkedListIV18ThreadControlBlockE7isEmptyEv
                0x00000000c001e8e8       0x1c
 .text._ZN10LinkedListIV18ThreadControlBlockE7isEmptyEv
                0x00000000c001e8e8       0x1c hal/timer.32
                0x00000000c001e8e8                LinkedList<ThreadControlBlock volatile>::isEmpty()

.text._ZN10LinkedListIV18ThreadControlBlockE11removeFirstEv
                0x00000000c001e904       0xae
 .text._ZN10LinkedListIV18ThreadControlBlockE11removeFirstEv
                0x00000000c001e904       0xae hal/timer.32
                0x00000000c001e904                LinkedList<ThreadControlBlock volatile>::removeFirst()

.text._ZN10LinkedListIV18ThreadControlBlockE10addElementEPS1_
                0x00000000c001e9b2       0xd3
 .text._ZN10LinkedListIV18ThreadControlBlockE10addElementEPS1_
                0x00000000c001e9b2       0xd3 hal/timer.32
                0x00000000c001e9b2                LinkedList<ThreadControlBlock volatile>::addElement(ThreadControlBlock volatile*)

.text._ZN4ACPID2Ev
                0x00000000c001ea86       0x23
 .text._ZN4ACPID2Ev
                0x00000000c001ea86       0x23 hw/acpi.32
                0x00000000c001ea86                ACPI::~ACPI()
                0x00000000c001ea86                ACPI::~ACPI()

.text._ZN4ACPID0Ev
                0x00000000c001eaaa       0x2a
 .text._ZN4ACPID0Ev
                0x00000000c001eaaa       0x2a hw/acpi.32
                0x00000000c001eaaa                ACPI::~ACPI()

.text._ZN3CPUD2Ev
                0x00000000c001ead4       0x23
 .text._ZN3CPUD2Ev
                0x00000000c001ead4       0x23 hw/cpu.32
                0x00000000c001ead4                CPU::~CPU()
                0x00000000c001ead4                CPU::~CPU()

.text._ZN3CPUD0Ev
                0x00000000c001eaf8       0x2a
 .text._ZN3CPUD0Ev
                0x00000000c001eaf8       0x2a hw/cpu.32
                0x00000000c001eaf8                CPU::~CPU()

.text._ZN3CPU7readCR4Ev
                0x00000000c001eb22       0x12
 .text._ZN3CPU7readCR4Ev
                0x00000000c001eb22       0x12 hw/cpu.32
                0x00000000c001eb22                CPU::readCR4()

.text._ZN3CPU8writeDR7Em
                0x00000000c001eb34        0x9
 .text._ZN3CPU8writeDR7Em
                0x00000000c001eb34        0x9 hw/cpu.32
                0x00000000c001eb34                CPU::writeDR7(unsigned long)

.text._ZN3CPU8writeCR4Em
                0x00000000c001eb3d        0x9
 .text._ZN3CPU8writeCR4Em
                0x00000000c001eb3d        0x9 hw/cpu.32
                0x00000000c001eb3d                CPU::writeCR4(unsigned long)

.text._ZN3CPU7readCR2Ev
                0x00000000c001eb46       0x12
 .text._ZN3CPU7readCR2Ev
                0x00000000c001eb46       0x12 krnl/panic.32
                0x00000000c001eb46                CPU::readCR2()

.text._ZN10LinkedListIV18ThreadControlBlockED2Ev
                0x00000000c001eb58        0x2
 .text._ZN10LinkedListIV18ThreadControlBlockED2Ev
                0x00000000c001eb58        0x2 thr/prcssthr.32
                0x00000000c001eb58                LinkedList<ThreadControlBlock volatile>::~LinkedList()
                0x00000000c001eb58                LinkedList<ThreadControlBlock volatile>::~LinkedList()

.text._ZN18ThreadControlBlockC2Ev
                0x00000000c001eb5a       0x3e
 .text._ZN18ThreadControlBlockC2Ev
                0x00000000c001eb5a       0x3e thr/prcssthr.32
                0x00000000c001eb5a                ThreadControlBlock::ThreadControlBlock()
                0x00000000c001eb5a                ThreadControlBlock::ThreadControlBlock()

.text._ZN10LinkedListIV18ThreadControlBlockEC2Ev
                0x00000000c001eb98       0x58
 .text._ZN10LinkedListIV18ThreadControlBlockEC2Ev
                0x00000000c001eb98       0x58 thr/prcssthr.32
                0x00000000c001eb98                LinkedList<ThreadControlBlock volatile>::LinkedList()
                0x00000000c001eb98                LinkedList<ThreadControlBlock volatile>::LinkedList()

.text._ZN10LinkedListIV18ThreadControlBlockE7getNextEPS1_
                0x00000000c001ebf0        0x8
 .text._ZN10LinkedListIV18ThreadControlBlockE7getNextEPS1_
                0x00000000c001ebf0        0x8 thr/prcssthr.32
                0x00000000c001ebf0                LinkedList<ThreadControlBlock volatile>::getNext(ThreadControlBlock volatile*)

.text._ZN3PCID2Ev
                0x00000000c001ebf8       0x23
 .text._ZN3PCID2Ev
                0x00000000c001ebf8       0x23 hw/bus/pci.32
                0x00000000c001ebf8                PCI::~PCI()
                0x00000000c001ebf8                PCI::~PCI()

.text._ZN3PCID0Ev
                0x00000000c001ec1c       0x2a
 .text._ZN3PCID0Ev
                0x00000000c001ec1c       0x2a hw/bus/pci.32
                0x00000000c001ec1c                PCI::~PCI()

.text._ZN3IDED2Ev
                0x00000000c001ec46       0x23