Archive member included to satisfy reference by file (symbol)

/cygdrive/d/Users/Alex/Desktop/Toolchain/Output/bin/../lib/gcc/i386-banana/8.1.0/libgcc.a(_divdi3.o)
                              fs/fat/ff.32 (__divdi3)
/cygdrive/d/Users/Alex/Desktop/Toolchain/Output/bin/../lib/gcc/i386-banana/8.1.0/libgcc.a(_moddi3.o)
                              thr/elf.32 (__moddi3)
/cygdrive/d/Users/Alex/Desktop/Toolchain/Output/bin/../lib/gcc/i386-banana/8.1.0/libgcc.a(_udivdi3.o)
                              fs/fat/ff.32 (__udivdi3)
/cygdrive/d/Users/Alex/Desktop/Toolchain/Output/bin/../lib/gcc/i386-banana/8.1.0/libgcc.a(_umoddi3.o)
                              core/pipe.32 (__umoddi3)
D:/Users/Alex/Desktop/Banana/kernel/libk/libm32.a(s_fabs.c.o)
                              hal/libresample/samplerate.32 (fabs)
D:/Users/Alex/Desktop/Banana/kernel/libk/libm32.a(s_lrint.S.o)
                              hal/libresample/samplerate.32 (lrint)
D:/Users/Alex/Desktop/Banana/kernel/libk/libm32.a(s_lrintf.S.o)
                              hal/sound/sndhw.32 (lrintf)

Discarded input sections

 .comment       0x0000000000000000       0x12 /cygdrive/d/Users/Alex/Desktop/Toolchain/Output/bin/../lib/gcc/i386-banana/8.1.0/crtbegin.o
 .comment       0x0000000000000000       0x12 acpica/utclib.32
 .comment       0x0000000000000000       0x12 core/malloc.32
 .comment       0x0000000000000000       0x12 libk/string.32
 .comment       0x0000000000000000       0x12 fs/fat/diskio.32
 .comment       0x0000000000000000       0x12 fs/fat/ff.32
 .comment       0x0000000000000000       0x12 fs/fat/ffsystem.32
 .comment       0x0000000000000000       0x12 fs/fat/ffunicode.32
 .comment       0x0000000000000000       0x12 hal/libresample/samplerate.32
 .comment       0x0000000000000000       0x12 hal/libresample/src_linear.32
 .comment       0x0000000000000000       0x12 hal/libresample/src_sinc.32
 .comment       0x0000000000000000       0x12 hal/libresample/src_zoh.32
 .group         0x0000000000000000       0x14 core/computer.32
 .group         0x0000000000000000        0xc core/computer.32
 .comment       0x0000000000000000       0x12 core/computer.32
 .comment       0x0000000000000000       0x12 core/gdt.32
 .group         0x0000000000000000        0xc core/idle.32
 .comment       0x0000000000000000       0x12 core/idle.32
 .comment       0x0000000000000000       0x12 core/idt.32
 .group         0x0000000000000000        0x8 core/kheap.32
 .group         0x0000000000000000        0x8 core/kheap.32
 .comment       0x0000000000000000       0x12 core/kheap.32
 .comment       0x0000000000000000       0x12 core/main.32
 .comment       0x0000000000000000       0x12 core/physmgr.32
 .group         0x0000000000000000        0xc core/pipe.32
 .comment       0x0000000000000000       0x12 core/pipe.32
 .group         0x0000000000000000        0xc core/terminal.32
 .comment       0x0000000000000000       0x12 core/terminal.32
 .group         0x0000000000000000        0x8 core/tss.32
 .text._ZN3CPU7readCR3Ev
                0x0000000000000000       0x12 core/tss.32
 .comment       0x0000000000000000       0x12 core/tss.32
 .group         0x0000000000000000        0x8 core/unixfile.32
 .group         0x0000000000000000        0xc core/unixfile.32
 .group         0x0000000000000000        0xc core/unixfile.32
 .group         0x0000000000000000        0x8 core/unixfile.32
 .group         0x0000000000000000        0xc core/unixfile.32
 .group         0x0000000000000000        0x8 core/unixfile.32
 .group         0x0000000000000000        0xc core/unixfile.32
 .group         0x0000000000000000        0xc core/unixfile.32
 .comment       0x0000000000000000       0x12 core/unixfile.32
 .group         0x0000000000000000        0x8 core/virtmgr.32
 .group         0x0000000000000000        0x8 core/virtmgr.32
 .text._ZN3CPU7readCR3Ev
                0x0000000000000000       0x12 core/virtmgr.32
 .text._ZN3CPU8writeCR3Em
                0x0000000000000000        0x9 core/virtmgr.32
 .comment       0x0000000000000000       0x12 core/virtmgr.32
 .comment       0x0000000000000000       0x12 coreobjs/c++.32
 .comment       0x0000000000000000       0x12 dbg/kconsole.32
 .group         0x0000000000000000        0xc fs/vfs.32
 .group         0x0000000000000000        0xc fs/vfs.32
 .group         0x0000000000000000        0xc fs/vfs.32
 .comment       0x0000000000000000       0x12 fs/vfs.32
 .group         0x0000000000000000        0xc hal/bus.32
 .comment       0x0000000000000000       0x12 hal/bus.32
 .group         0x0000000000000000        0xc hal/buzzer.32
 .comment       0x0000000000000000       0x12 hal/buzzer.32
 .group         0x0000000000000000        0xc hal/clock.32
 .comment       0x0000000000000000       0x12 hal/clock.32
 .group         0x0000000000000000       0x14 hal/device.32
 .group         0x0000000000000000        0xc hal/device.32
 .group         0x0000000000000000        0xc hal/device.32
[...]
Memory Configuration

Name             Origin             Length             Attributes
*default*        0x0000000000000000 0xffffffffffffffff

Linker script and memory map

LOAD D:/Users/Alex/Desktop/Banana/kernel/boot.32
LOAD crti.32
LOAD /cygdrive/d/Users/Alex/Desktop/Toolchain/Output/bin/../lib/gcc/i386-banana/8.1.0/crtbegin.o
LOAD D:/Users/Alex/Desktop/Banana/kernel/morenasm.32
LOAD acpica/utclib.32
LOAD core/malloc.32
LOAD libk/string.32
LOAD fs/fat/diskio.32
LOAD fs/fat/ff.32
LOAD fs/fat/ffsystem.32
LOAD fs/fat/ffunicode.32
LOAD hal/libresample/samplerate.32
LOAD hal/libresample/src_linear.32
LOAD hal/libresample/src_sinc.32
LOAD hal/libresample/src_zoh.32
LOAD core/computer.32
LOAD core/gdt.32
LOAD core/idle.32
LOAD core/idt.32
LOAD core/kheap.32
LOAD core/main.32
LOAD core/physmgr.32
LOAD core/pipe.32
LOAD core/terminal.32
LOAD core/tss.32
LOAD core/unixfile.32
LOAD core/virtmgr.32
LOAD coreobjs/c++.32
LOAD dbg/kconsole.32
LOAD fs/vfs.32
LOAD hal/bus.32
LOAD hal/buzzer.32
LOAD hal/clock.32
LOAD hal/device.32
LOAD hal/diskctrl.32
LOAD hal/diskphys.32
LOAD hal/fpu.32
LOAD hal/intctrl.32
LOAD hal/keybrd.32
LOAD hal/logidisk.32
LOAD hal/mouse.32
LOAD hal/partition.32
LOAD hal/timer.32
LOAD hal/vcache.32
LOAD hal/video.32
LOAD hw/acpi.32
LOAD hw/cpu.32
LOAD hw/ports.32
LOAD krnl/panic.32
LOAD reg/registry.32
LOAD sys/sc_exit.32
LOAD sys/sc_loaddll.32
LOAD sys/sc_read.32
LOAD sys/sc_sbrk.32
LOAD sys/sc_write.32
LOAD sys/sc_yield.32
LOAD sys/syscalls.32
LOAD thr/elf.32
LOAD thr/prcssthr.32
LOAD vm86/vm8086.32
LOAD fs/fat/vfslink.32
LOAD fs/iso9660/vfslink.32
LOAD hal/sound/sndchannel.32
LOAD hal/sound/sndhw.32
LOAD hw/bus/isa.32
LOAD hw/bus/pci.32
LOAD hw/diskctrl/ide.32
LOAD hw/diskphys/ata.32
LOAD hw/diskphys/atapi.32
LOAD hw/fpu/avx.32
LOAD hw/fpu/mmx.32
LOAD hw/fpu/sse.32
LOAD hw/fpu/x87.32
LOAD hw/intctrl/apic.32
LOAD hw/intctrl/pic.32
LOAD hw/timer/apictimer.32
LOAD hw/timer/pit.32
LOAD hw/fpu/x86/avx.32
LOAD hw/fpu/x86/sse.32
LOAD hw/fpu/x86/x87.32
LOAD /cygdrive/d/Users/Alex/Desktop/Toolchain/Output/bin/../lib/gcc/i386-banana/8.1.0/crtend.o
LOAD crtn.32
LOAD /cygdrive/d/Users/Alex/Desktop/Toolchain/Output/bin/../lib/gcc/i386-banana/8.1.0/libgcc.a
LOAD D:/Users/Alex/Desktop/Banana/kernel/libk/libm32.a
                0x00000000c0000000                . = 0xc0000000

.text           0x00000000c0000000    0x1e578
 *(.text)
 .text          0x00000000c0000000       0x41 D:/Users/Alex/Desktop/Banana/kernel/boot.32
                0x00000000c0000020                callGlobalConstructors
 .text          0x00000000c0000041        0x0 crti.32
 *fill*         0x00000000c0000041        0x3 
 .text          0x00000000c0000044      0x101 /cygdrive/d/Users/Alex/Desktop/Toolchain/Output/bin/../lib/gcc/i386-banana/8.1.0/crtbegin.o
 *fill*         0x00000000c0000145        0xb 
 .text          0x00000000c0000150      0x41f D:/Users/Alex/Desktop/Banana/kernel/morenasm.32
                0x00000000c0000150                doTPAUSE
                0x00000000c000015a                hasLegacyFPU
                0x00000000c000017f                is486
                0x00000000c00001b5                goToVM86
                0x00000000c00001e6                goToUsermode
                0x00000000c0000211                switchToThreadASMFirstTime
                0x00000000c000021f                switchToThreadASM
                0x00000000c00002bf                detectCPUID
                0x00000000c00002d5                asmQuickAcquireLock
                0x00000000c00002f3                asmQuickReleaseLock
                0x00000000c00002ff                asmAcquireLock
                0x00000000c0000320                asmReleaseLock
                0x00000000c0000333                loadGDT
                0x00000000c0000353                isr0
                0x00000000c0000363                isr1
                0x00000000c000036d                isr2
                0x00000000c0000377                isr3
                0x00000000c0000381                isr4
                0x00000000c000038b                isr5
                0x00000000c0000395                isr6
                0x00000000c000039f                isr7
                0x00000000c00003a9                isr8
                0x00000000c00003b1                isr9
                0x00000000c00003bb                isr10
                0x00000000c00003c3                isr11
                0x00000000c00003cb                isr12
                0x00000000c00003d3                isr13
                0x00000000c00003db                isr14
                0x00000000c00003e3                isr15
                0x00000000c00003ed                isr16
                0x00000000c00003f7                isr17
                0x00000000c0000401                isr18
                0x00000000c000040b                isr96
                0x00000000c0000415                irq0
                0x00000000c000041f                irq1
                0x00000000c0000429                irq2
                0x00000000c0000433                irq3
                0x00000000c000043d                irq4
                0x00000000c0000447                irq5
                0x00000000c0000451                irq6
                0x00000000c000045b                irq7
                0x00000000c0000465                irq8
                0x00000000c000046f                irq9
                0x00000000c0000479                irq10
                0x00000000c0000483                irq11
                0x00000000c000048d                irq12
                0x00000000c0000497                irq13
                0x00000000c00004a1                irq14
                0x00000000c00004ab                irq15
                0x00000000c00004b5                irq16
                0x00000000c00004bf                irq17
                0x00000000c00004c9                irq18
                0x00000000c00004d3                irq19
                0x00000000c00004dd                irq20
                0x00000000c00004e7                irq21
                0x00000000c00004f1                irq22
                0x00000000c00004fb                irq23
                0x00000000c0000505                int_common_stub
                0x00000000c0000535                syscall_common_stub
 .text          0x00000000c000056f      0x40f acpica/utclib.32
                0x00000000c000056f                memcmp
                0x00000000c000059a                memmove
                0x00000000c00005d2                memcpy
                0x00000000c0000608                memset
                0x00000000c0000625                strlen
                0x00000000c0000635                strpbrk
                0x00000000c0000658                strtok
                0x00000000c00006a7                strcpy
                0x00000000c00006c7                strncpy
                0x00000000c00006f8                strcmp
                0x00000000c0000719                strchr
                0x00000000c000072f                strncmp
                0x00000000c000075e                strcat
                0x00000000c0000785                strncat
                0x00000000c00007bf                strstr
                0x00000000c00007fc                toupper
                0x00000000c0000810                tolower
                0x00000000c0000824                simple_strtoul
 .text          0x00000000c000097e      0xfbf core/malloc.32
                0x00000000c0000ae9                dlfree
                0x00000000c0000e44                dlmalloc
                0x00000000c0001381                dlrealloc
                0x00000000c0001536                dlmemalign
                0x00000000c0001659                dlcalloc
                0x00000000c00016f3                dlcfree
                0x00000000c00016f8                dlindependent_calloc
                0x00000000c000171d                dlindependent_comalloc
                0x00000000c0001734                dlvalloc
                0x00000000c000175f                dlpvalloc
                0x00000000c0001795                dlmalloc_trim
                0x00000000c00017a2                dlmalloc_usable_size
                0x00000000c00017d3                dlmallinfo
                0x00000000c00018a2                dlmalloc_stats
                0x00000000c00018b3                dlmallopt
 .text          0x00000000c000193d        0x0 libk/string.32
 .text          0x00000000c000193d       0x51 fs/fat/diskio.32
                0x00000000c000193d                disk_status
                0x00000000c0001940                disk_initialize
                0x00000000c0001943                disk_read
                0x00000000c0001959                disk_write
                0x00000000c000196f                disk_ioctl
 .text          0x00000000c000198e     0x6833 fs/fat/ff.32
                0x00000000c0004c5c                f_mount
                0x00000000c0004cbe                f_open
                0x00000000c00050fa                f_read
                0x00000000c000537a                f_write
                0x00000000c0005634                f_sync
                0x00000000c0005810                f_close
                0x00000000c000583f                f_lseek
                0x00000000c0005cf6                f_opendir
                0x00000000c0005df8                f_closedir
                0x00000000c0005e1a                f_readdir
                0x00000000c0005eb5                f_stat
                0x00000000c0005f44                f_getfree
                0x00000000c000610f                f_truncate
                0x00000000c0006207                f_unlink
                0x00000000c000638a                f_mkdir
                0x00000000c00065b6                f_rename
                0x00000000c00068a9                f_chmod
                0x00000000c0006987                f_utime
                0x00000000c0006a65                f_getlabel
                0x00000000c0006c53                f_setlabel
                0x00000000c0006ec0                f_forward
                0x00000000c000709e                f_mkfs
 .text          0x00000000c00081c1       0x2d fs/fat/ffsystem.32
                0x00000000c00081c1                ff_memalloc
                0x00000000c00081d7                ff_memfree
 .text          0x00000000c00081ee      0x253 fs/fat/ffunicode.32
                0x00000000c00081ee                ff_uni2oem
                0x00000000c000827e                ff_oem2uni
                0x00000000c00082ea                ff_wtoupper
 .text          0x00000000c0008441      0x70e hal/libresample/samplerate.32
                0x00000000c00084c9                src_delete
                0x00000000c0008505                src_process
                0x00000000c000862d                src_callback_read
                0x00000000c000878e                src_set_ratio
                0x00000000c00087e5                src_get_channels
                0x00000000c0008807                src_reset
                0x00000000c000884b                src_new
                0x00000000c00088d9                src_callback_new
                0x00000000c000893b                src_get_name
                0x00000000c0008972                src_get_description
                0x00000000c00089a9                src_get_version
                0x00000000c00089af                src_is_valid_ratio
                0x00000000c00089c9                src_error
                0x00000000c00089d7                src_strerror
                0x00000000c00089ea                src_simple
                0x00000000c0008a3d                src_short_to_float_array
                0x00000000c0008a63                src_float_to_short_array
                0x00000000c0008ac7                src_int_to_float_array
                0x00000000c0008aed                src_float_to_int_array
 .text          0x00000000c0008b4f      0x3fd hal/libresample/src_linear.32
                0x00000000c0008ea7                linear_get_name
                0x00000000c0008eb6                linear_get_description
                0x00000000c0008ec5                linear_set_converter
 .text          0x00000000c0008f4c     0x1a3f hal/libresample/src_sinc.32
                0x00000000c000a8a2                sinc_get_name
                0x00000000c000a8b5                sinc_get_description
                0x00000000c000a8c8                sinc_set_converter
 .text          0x00000000c000a98b      0x3d3 hal/libresample/src_zoh.32
                0x00000000c000acb9                zoh_get_name
                0x00000000c000acc8                zoh_get_description
                0x00000000c000acd7                zoh_set_converter
 .text          0x00000000c000ad5e      0x695 core/computer.32
                0x00000000c000ad5e                Computer::close(int, int, void*)
                0x00000000c000ada2                Computer::Computer()
                0x00000000c000ada2                Computer::Computer()
                0x00000000c000aefe                Computer::setBootMessage(char const*)
                0x00000000c000af00                Computer::start()
                0x00000000c000afdc                firstTask()
                0x00000000c000afea                Computer::detectFeatures()
                0x00000000c000b1c4                Computer::displayFeatures()
                0x00000000c000b1c6                Computer::rdmsr(unsigned int)
                0x00000000c000b1f2                Computer::wrmsr(unsigned int, unsigned long long)
                0x00000000c000b22a                Computer::nmiEnabled()
                0x00000000c000b236                Computer::readCMOS(unsigned char)
                0x00000000c000b250                Computer::enableNMI(bool)
                0x00000000c000b268                Computer::open(int, int, void*)
                0x00000000c000b336                Computer::disableNMI()
                0x00000000c000b344                Computer::writeCMOS(unsigned char, unsigned char)
                0x00000000c000b362                Computer::handleNMI()
                0x00000000c000b3c8                Computer::setDiskActivityLight(int, bool)
 *fill*         0x00000000c000b3f3        0x1 
 .text          0x00000000c000b3f4      0x1b7 core/gdt.32
                0x00000000c000b3f4                GDTEntry::setBase(unsigned int)
                0x00000000c000b410                GDTEntry::setLimit(unsigned int)
                0x00000000c000b42e                GDT::GDT()
                0x00000000c000b42e                GDT::GDT()
                0x00000000c000b444                GDT::addEntry(GDTEntry)
                0x00000000c000b480                GDT::getNumberOfEntries()
                0x00000000c000b488                GDT::flush()
                0x00000000c000b4aa                GDT::setup()
 .text          0x00000000c000b5ab       0x61 core/idle.32
                0x00000000c000b5ab                idleFunction(void*)
 .text          0x00000000c000b60c      0x45f core/idt.32
                0x00000000c000b60c                IDTEntry::IDTEntry(bool)
                0x00000000c000b60c                IDTEntry::IDTEntry(bool)
                0x00000000c000b67a                IDTEntry::setOffset(unsigned int)
                0x00000000c000b68e                IDT::IDT()
                0x00000000c000b68e                IDT::IDT()
                0x00000000c000b690                IDT::getPointerToInvalidOpcodeEntryForF00F()
                0x00000000c000b698                IDT::addEntry(IDTEntry, int)
                0x00000000c000b6b2                IDT::addEntry(int, void (*)(), bool)
                0x00000000c000b6ea                IDT::flush()
                0x00000000c000b704                IDT::setup()
 .text          0x00000000c000ba6b      0x20d core/kheap.32
                0x00000000c000ba6b                sbrk
                0x00000000c000bb83                mmap
                0x00000000c000bb99                munmap
                0x00000000c000bbaf                liballoc_lock()
                0x00000000c000bbc0                liballoc_unlock()
                0x00000000c000bbd1                liballoc_alloc(int)
                0x00000000c000bbec                liballoc_free(void*, int)
                0x00000000c000bc0a                realloc
                0x00000000c000bc1e                malloc
                0x00000000c000bc2e                free
                0x00000000c000bc3e                rfree
                0x00000000c000bc4e                calloc
 .text          0x00000000c000bc78      0x38d core/main.32
                0x00000000c000bc78                hwTextMode_loadInData(VgaText*)
                0x00000000c000bcbd                hwTextMode_loadInTitle(VgaText*, char*)
                0x00000000c000bcff                hwTextMode_showCursor(VgaText*, bool)
                0x00000000c000bd53                hwTextMode_update(VgaText*)
                0x00000000c000bd54                hwTextMode_updateCursor(VgaText*)
                0x00000000c000bd9c                hwTextMode_disableBlink(VgaText*, bool)
                0x00000000c000bdd8                hwTextMode_scrollScreen(VgaText*)
                0x00000000c000be5e                hwTextMode_writeCharacter(VgaText*, char, VgaColour, VgaColour, int, int)
                0x00000000c000bebc                setupTextMode()
                0x00000000c000bf0d                kernel_main
 .text          0x00000000c000c005      0x4f3 core/physmgr.32
                0x00000000c000c005                Phys::allocateDMA(unsigned long)
                0x00000000c000c0a8                Phys::freeDMA(unsigned long, unsigned long)
                0x00000000c000c0f0                Phys::setPageState(unsigned long, bool)
                0x00000000c000c122                Phys::getPageState(unsigned long)
                0x00000000c000c13e                Phys::freePage(unsigned long)
                0x00000000c000c1c8                Phys::allocatePage()
                0x00000000c000c290                Phys::allowSegmentToBeUsed(unsigned long, unsigned long)
                0x00000000c000c2c8                Phys::physicalMemorySetup(unsigned int)
 .text          0x00000000c000c4f8      0x273 core/pipe.32
                0x00000000c000c4f8                Pipe::isAtty()
                0x00000000c000c4fc                Pipe::~Pipe()
                0x00000000c000c4fc                Pipe::~Pipe()
                0x00000000c000c520                Pipe::~Pipe()
                0x00000000c000c548                Pipe::read(unsigned long long, void*, int*)
                0x00000000c000c63c                Pipe::write(unsigned long long, void*, int*)
                0x00000000c000c704                Pipe::Pipe(int)
                0x00000000c000c704                Pipe::Pipe(int)
 *fill*         0x00000000c000c76b        0x1 
 .text          0x00000000c000c76c      0xf65 core/terminal.32
                0x00000000c000c76c                VgaText::isAtty()
                0x00000000c000c770                VgaText::~VgaText()
                0x00000000c000c770                VgaText::~VgaText()
                0x00000000c000c794                VgaText::~VgaText()
                0x00000000c000c7be                VgaText::read(unsigned long long, void*, int*)
                0x00000000c000c7de                setTerminalScrollLock(bool)
                0x00000000c000c7df                addToTerminalCycle(VgaText*)
                0x00000000c000c80c                installVgaTextImplementation()
                0x00000000c000c821                scrollTerminalScrollLock(int)
                0x00000000c000c822                VgaText::load()
                0x00000000c000c876                VgaText::updateCursor()
                0x00000000c000c890                VgaText::showCursor(bool)
                0x00000000c000c8a0                VgaText::disableBlink(bool)
                0x00000000c000c8da                VgaText::doANSI_SGR(int)
                0x00000000c000c966                VgaText::setDefaultBgColour(VgaColour)
                0x00000000c000c97c                VgaText::setDefaultFgColour(VgaColour)
                0x00000000c000c992                VgaText::setDefaultColours(VgaColour, VgaColour)
                0x00000000c000c9b2                VgaText::combineColours(unsigned char, unsigned char)
                0x00000000c000c9c4                VgaText::scrollScreen()
                0x00000000c000ca58                VgaText::combineCharAndColour(char, unsigned char)
                0x00000000c000ca6a                VgaText::writeCharacter(char, VgaColour, VgaColour, int, int)
                0x00000000c000caca                VgaText::getCursorX()
                0x00000000c000cad6                VgaText::getCursorY()
                0x00000000c000cae2                VgaText::setCursor(int, int)
                0x00000000c000cb00                VgaText::setCursorX(int)
                0x00000000c000cb1c                VgaText::setCursorY(int)
                0x00000000c000cb38                VgaText::incrementCursor(bool)
                0x00000000c000cba0                VgaText::updateRAMUsageDisplay(int)
                0x00000000c000cbfa                VgaText::updateDiskUsage()
                0x00000000c000cd60                VgaText::updateTitle()
                0x00000000c000cda6                VgaText::setTitleTextColour(VgaColour)
                0x00000000c000cdb6                VgaText::setTitleColour(VgaColour)
                0x00000000c000cdc6                VgaText::setTitle(char*)
                0x00000000c000cdec                VgaText::decrementCursor(bool)
                0x00000000c000ce14                VgaText::putchar(char, VgaColour, VgaColour)
                0x00000000c000cf10                VgaText::isShowingCursor()
                0x00000000c000cf1c                VgaText::isBlinkDisabled()
                0x00000000c000cf2a                VgaText::setCursorHeight(int)
                0x00000000c000cf48                VgaText::getCursorHeight()
                0x00000000c000cf53                setActiveTerminal(VgaText*)
                0x00000000c000d005                doTerminalCycle()
                0x00000000c000d022                VgaText::doUpdate()
                0x00000000c000d034                VgaText::puts(char const*, VgaColour, VgaColour)
                0x00000000c000d1f4                VgaText::clearScreen()
                0x00000000c000d258                VgaText::putchar(char)
                0x00000000c000d372                VgaText::puts(char const*)
                0x00000000c000d398                VgaText::putx(unsigned int)
                0x00000000c000d3de                VgaText::VgaText(char const*)
                0x00000000c000d3de                VgaText::VgaText(char const*)
                0x00000000c000d570                VgaText::receiveKey(unsigned char)
                0x00000000c000d658                VgaText::write(unsigned long long, void*, int*)
                0x00000000c000d6ac                newTerminal(char*)
 *fill*         0x00000000c000d6d1        0x1 
 .text          0x00000000c000d6d2      0x18f core/tss.32
                0x00000000c000d6d2                TSS::TSS()
                0x00000000c000d6d2                TSS::TSS()
                0x00000000c000d6e0                TSS::setESP(unsigned long)
                0x00000000c000d6f2                TSS::flush()
                0x00000000c000d712                TSS::setup(unsigned long, unsigned long)
 *fill*         0x00000000c000d861        0x1 
 .text          0x00000000c000d862      0x545 core/unixfile.32
                0x00000000c000d862                ReservedFilename::read(unsigned long long, void*, int*)
                0x00000000c000d8f8                ReservedFilename::isAtty()
                0x00000000c000d92e                ReservedFilename::write(unsigned long long, void*, int*)
                0x00000000c000d9c8                UnixFile::getFileDescriptor()
                0x00000000c000d9d0                UnixFile::UnixFile(int)
                0x00000000c000d9d0                UnixFile::UnixFile(int)
                0x00000000c000db40                ReservedFilename::ReservedFilename(int)
                0x00000000c000db40                ReservedFilename::ReservedFilename(int)
                0x00000000c000db72                UnixFile::~UnixFile()
                0x00000000c000db72                UnixFile::~UnixFile()
                0x00000000c000dc0a                UnixFile::~UnixFile()
                0x00000000c000dc32                ReservedFilename::~ReservedFilename()
                0x00000000c000dc32                ReservedFilename::~ReservedFilename()
                0x00000000c000dc56                ReservedFilename::~ReservedFilename()
                0x00000000c000dc7d                getFromFileDescriptor(int)
 *fill*         0x00000000c000dda7        0x1 
 .text          0x00000000c000dda8      0xe4f core/virtmgr.32
                0x00000000c000dda8                Virt::setPageState(unsigned long, Virt::VirtPageState)
                0x00000000c000dddd                Virt::getPageState(unsigned long)
                0x00000000c000de01                Virt::allocateKernelVirtualPages(int)
                0x00000000c000df12                Virt::virtualMemorySetup()
                0x00000000c000df91                Virt::getAKernelVAS()
                0x00000000c000df97                Virt::setupPageSwapping(int)
                0x00000000c000e0bc                VAS::VAS()
                0x00000000c000e0bc                VAS::VAS()
                0x00000000c000e0ec                VAS::VAS(VAS*)
                0x00000000c000e0ec                VAS::VAS(VAS*)
                0x00000000c000e110                VAS::getForeignPageTableEntry(bool, unsigned long)
                0x00000000c000e13c                VAS::getPageTableEntry(unsigned long)
                0x00000000c000e15b                Virt::freeKernelVirtualPages(unsigned long)
                0x00000000c000e27e                VAS::freeAllocatedPages(unsigned long)
                0x00000000c000e2a2                VAS::virtualToPhysical(unsigned long)
                0x00000000c000e2ba                VAS::mapOtherVASIn(bool, VAS*)
                0x00000000c000e2f0                VAS::~VAS()
                0x00000000c000e2f0                VAS::~VAS()
                0x00000000c000e45c                VAS::mapPage(unsigned long, unsigned long, int)
                0x00000000c000e55c                VAS::allocatePages(int, int)
                0x00000000c000e72c                VAS::setCPUSpecific(unsigned long)
                0x00000000c000e748                VAS::mapRange(unsigned long, unsigned long, int, int)
                0x00000000c000e812                VAS::mapForeignPage(bool, VAS*, unsigned long, unsigned long, int)
                0x00000000c000e900                VAS::VAS(bool)
                0x00000000c000e900                VAS::VAS(bool)
                0x00000000c000eb30                mapVASFirstTime
 .text          0x00000000c000ebf7       0x93 coreobjs/c++.32
                0x00000000c000ebf7                __cxa_atexit
                0x00000000c000ebfa                __cxa_finalize
                0x00000000c000ebfb                __stack_chk_fail
                0x00000000c000ec5b                __cxa_pure_virtual
                0x00000000c000ec6c                operator new(unsigned long)
                0x00000000c000ec71                operator new[](unsigned long)
                0x00000000c000ec76                operator delete(void*)
                0x00000000c000ec7b                operator delete(void*, unsigned long)
                0x00000000c000ec80                operator delete[](void*)
                0x00000000c000ec85                operator delete[](void*, unsigned long)
 .text          0x00000000c000ec8a      0x1ef dbg/kconsole.32
                0x00000000c000ec8a                Dbg::stringifyxWithBase(unsigned int, char*, int)
                0x00000000c000eceb                Dbg::logc(char)
                0x00000000c000ed02                Dbg::logs(char*)
                0x00000000c000ed1f                Dbg::logWriteInt(unsigned int)
                0x00000000c000ed3c                Dbg::logWriteIntBase(unsigned int, int)
                0x00000000c000ed5b                Dbg::kprintf(char const*, ...)
 *fill*         0x00000000c000ee79        0x1 
 .text          0x00000000c000ee7a      0xb68 fs/vfs.32
                0x00000000c000ee7a                File::read(unsigned long long, void*, int*)
                0x00000000c000eed2                File::write(unsigned long long, void*, int*)
                0x00000000c000ef2a                Directory::read(unsigned long long, void*, int*)
                0x00000000c000ef82                Directory::write(unsigned long long, void*, int*)
                0x00000000c000efb0                File::isAtty()
                0x00000000c000efb4                Directory::isAtty()
                0x00000000c000efb8                Filesystem::getlabel(LogicalDisk*, int, char*, unsigned int*)
                0x00000000c000efbe                Filesystem::setlabel(LogicalDisk*, int, char*)
                0x00000000c000efc4                File::~File()
                0x00000000c000efc4                File::~File()
                0x00000000c000efe8                File::~File()
                0x00000000c000f012                Directory::~Directory()
                0x00000000c000f012                Directory::~Directory()
                0x00000000c000f036                Directory::~Directory()
                0x00000000c000f060                Filesystem::Filesystem()
                0x00000000c000f060                Filesystem::Filesystem()
                0x00000000c000f084                Filesystem::~Filesystem()
                0x00000000c000f084                Filesystem::~Filesystem()
                0x00000000c000f092                Filesystem::~Filesystem()
                0x00000000c000f0b6                initVFS()
                0x00000000c000f0e0                standardiseFiles(char*, char const*, char const*)
                0x00000000c000f28a                File::File(char const*, Process*)
                0x00000000c000f28a                File::File(char const*, Process*)
                0x00000000c000f2ee                File::open(FileOpenMode)
                0x00000000c000f34c                File::close()
                0x00000000c000f3ac                File::seek(unsigned long long)
                0x00000000c000f402                File::tell(unsigned long long*)
                0x00000000c000f452                File::rewind()
                0x00000000c000f466                File::unlink()
                0x00000000c000f4b2                File::rename(char const*)
                0x00000000c000f500                File::chfatattr(unsigned char, unsigned char)
                0x00000000c000f55c                File::exists()
                0x00000000c000f59a                File::stat(unsigned long long*, bool*)
                0x00000000c000f5fb                getcwd(Process*, char*, int)
                0x00000000c000f625                setcwd(Process*, char*)
                0x00000000c000f74c                Directory::Directory(char const*, Process*)
                0x00000000c000f74c                Directory::Directory(char const*, Process*)
                0x00000000c000f7b0                Directory::open()
                0x00000000c000f80c                Directory::close()
                0x00000000c000f86c                Directory::unlink()
                0x00000000c000f8b8                Directory::rename(char const*)
                0x00000000c000f906                Directory::exists()
                0x00000000c000f944                Directory::read(dirent*)
                0x00000000c000f990                Directory::create()
                0x00000000c000f9dc                Filesystem::chfatattr(char const*, unsigned char, unsigned char)
 .text          0x00000000c000f9e2       0x84 hal/bus.32
                0x00000000c000f9e2                Bus::Bus(char const*)
                0x00000000c000f9e2                Bus::Bus(char const*)
                0x00000000c000fa18                Bus::~Bus()
                0x00000000c000fa18                Bus::~Bus()
                0x00000000c000fa3c                Bus::~Bus()
 .text          0x00000000c000fa66      0x14e hal/buzzer.32
                0x00000000c000fa66                Buzzer::Buzzer(char const*)
                0x00000000c000fa66                Buzzer::Buzzer(char const*)
                0x00000000c000faaa                Buzzer::~Buzzer()
                0x00000000c000faaa                Buzzer::~Buzzer()
                0x00000000c000face                Buzzer::~Buzzer()
                0x00000000c000faf8                Buzzer::stop()
                0x00000000c000fb0b                beepThread(void*)
                0x00000000c000fb46                Buzzer::beep(int, int, bool)
 .text          0x00000000c000fbb4      0x42f hal/clock.32
                0x00000000c000fbb4                loadClockSettings()
                0x00000000c000fbce                Clock::Clock(char const*)
                0x00000000c000fbce                Clock::Clock(char const*)
                0x00000000c000fc04                Clock::~Clock()
                0x00000000c000fc04                Clock::~Clock()
                0x00000000c000fc28                Clock::~Clock()
                0x00000000c000fc52                Clock::timeInSecondsLocal()
                0x00000000c000fc9a                Clock::setTimeInSecondsLocal(unsigned long long)
                0x00000000c000fcf3                datetimeToSeconds(datetime_t)
                0x00000000c000fe1a                Clock::setTimeInDatetimeLocal(datetime_t)
                0x00000000c000fe7a                secondsToDatetime(unsigned long long)
                0x00000000c000ffbe                Clock::timeInDatetimeLocal()
 *fill*         0x00000000c000ffe3        0x1 
 .text          0x00000000c000ffe4      0x504 hal/device.32
                0x00000000c000ffe4                Device::hibernate()
                0x00000000c000ffe6                Device::wake()
                0x00000000c000ffe8                Device::detect()
                0x00000000c000ffea                Device::disableLegacy()
                0x00000000c000ffec                Device::powerSaving(PowerSavingLevel)
                0x00000000c000ffee                DriverlessDevice::close(int, int, void*)
                0x00000000c000fff2                DriverlessDevice::detect()
                0x00000000c000fff4                DriverlessDevice::open(int, int, void*)
                0x00000000c0010008                Device::~Device()
                0x00000000c0010008                Device::~Device()
                0x00000000c0010016                Device::~Device()
                0x00000000c001003e                Device::findAndLoadDriver()
                0x00000000c0010040                Device::preOpenPCI(PCIDeviceInfo)
                0x00000000c0010066                Device::preOpenACPI(void*, char*, char*)
                0x00000000c00100ba                Device::addIRQHandler(int, void (*)(regs*, void*), bool, void*)
                0x00000000c0010118                Device::removeIRQHandler(int, void (*)(regs*, void*), bool)
                0x00000000c0010166                Device::addChild(Device*)
                0x00000000c00101aa                Device::removeAllChildren()
                0x00000000c00101f0                Device::hibernateAll()
                0x00000000c0010220                Device::wakeAll()
                0x00000000c0010250                Device::detectAll()
                0x00000000c0010280                Device::disableLegacyAll()
                0x00000000c00102b0                Device::loadDriversForAll()
                0x00000000c00102dc                Device::closeAll()
                0x00000000c0010312                Device::powerSavingAll(PowerSavingLevel)
                0x00000000c0010348                Device::setName(char const*)
                0x00000000c0010356                Device::Device(char const*)
                0x00000000c0010356                Device::Device(char const*)
                0x00000000c0010448                Device::getName()
                0x00000000c0010452                DriverlessDevice::DriverlessDevice(char const*)
                0x00000000c0010452                DriverlessDevice::DriverlessDevice(char const*)
                0x00000000c001047a                Device::addToLinkedList(LinkedList<Device>&, DeviceType)
                0x00000000c00104be                getDevicesOfType(DeviceType)
 .text          0x00000000c00104e8       0x84 hal/diskctrl.32
                0x00000000c00104e8                HardDiskController::HardDiskController(char const*)
                0x00000000c00104e8                HardDiskController::HardDiskController(char const*)
                0x00000000c001051e                HardDiskController::~HardDiskController()
                0x00000000c001051e                HardDiskController::~HardDiskController()
                0x00000000c0010542                HardDiskController::~HardDiskController()
 .text          0x00000000c001056c       0xde hal/diskphys.32
                0x00000000c001056c                PhysicalDisk::PhysicalDisk(char const*, int)
                0x00000000c001056c                PhysicalDisk::PhysicalDisk(char const*, int)
                0x00000000c00105d4                PhysicalDisk::startCache()
                0x00000000c00105fc                PhysicalDisk::~PhysicalDisk()
                0x00000000c00105fc                PhysicalDisk::~PhysicalDisk()
                0x00000000c0010620                PhysicalDisk::~PhysicalDisk()
 .text          0x00000000c001064a      0x142 hal/fpu.32
                0x00000000c001064a                FPU::FPU(char const*)
                0x00000000c001064a                FPU::FPU(char const*)
                0x00000000c0010680                FPU::~FPU()
                0x00000000c0010680                FPU::~FPU()
                0x00000000c00106a4                FPU::~FPU()
                0x00000000c00106ce                setupFPU()
 .text          0x00000000c001078c      0xc21 hal/intctrl.32
                0x00000000c001078c                InterruptController::uninstallISRHandler(int, void (*)(regs*, void*))
                0x00000000c00107c4                InterruptController::installISRHandler(int, void (*)(regs*, void*), void*)
                0x00000000c0010816                doubleFault(regs*, void*)
                0x00000000c0010824                InterruptController::installIRQHandler(int, void (*)(regs*, void*), bool, void*)
                0x00000000c00108c0                InterruptController::clearAllHandlers(int, bool)
                0x00000000c0010968                InterruptController::uninstallIRQHandler(int, void (*)(regs*, void*), bool)
                0x00000000c00109ef                nmiHandler(regs*, void*)
                0x00000000c00109fd                int_handler
                0x00000000c0010a98                InterruptController::InterruptController(char const*)
                0x00000000c0010a98                InterruptController::InterruptController(char const*)
                0x00000000c0010b3e                InterruptController::~InterruptController()
                0x00000000c0010b3e                InterruptController::~InterruptController()
                0x00000000c0010b62                InterruptController::~InterruptController()
                0x00000000c0010b8c                displayDebugInfo(regs*)
                0x00000000c0010fa3                x87EmulHandler(regs*, void*)
                0x00000000c0011006                gpFault(regs*, void*)
                0x00000000c001103f                pgFault(regs*, void*)
                0x00000000c0011056                otherISRHandler(regs*, void*)
                0x00000000c0011075                opcodeFault(regs*, void*)
                0x00000000c00110df                displayProgramFault(char const*)
                0x00000000c0011108                InterruptController::convertLegacyIRQNumber(int)
                0x00000000c0011152                setupInterruptController()
 *fill*         0x00000000c00113ad        0x1 
 .text          0x00000000c00113ae      0x608 hal/keybrd.32
                0x00000000c00113ae                startGUI(void*)
                0x00000000c0011420                sendKeyToTerminal(unsigned char)
                0x00000000c001148c                sendKeyboardToken(KeyboardToken)
                0x00000000c0011867                clearInternalKeybuffer(VgaText*)
                0x00000000c001189c                readKeyboard(VgaText*, char*, unsigned long)
                0x00000000c001192c                Keyboard::Keyboard(char const*)
                0x00000000c001192c                Keyboard::Keyboard(char const*)
                0x00000000c0011968                Keyboard::~Keyboard()
                0x00000000c0011968                Keyboard::~Keyboard()
                0x00000000c001198c                Keyboard::~Keyboard()
 .text          0x00000000c00119b6      0x400 hal/logidisk.32
                0x00000000c00119b6                LogicalDisk::close(int, int, void*)
                0x00000000c00119ba                LogicalDisk::~LogicalDisk()
                0x00000000c00119ba                LogicalDisk::~LogicalDisk()
                0x00000000c00119de                LogicalDisk::~LogicalDisk()
                0x00000000c0011a08                LogicalDisk::open(int, int, void*)
                0x00000000c0011a1c                LogicalDisk::absoluteToRelative(unsigned long long)
                0x00000000c0011a54                LogicalDisk::relativeToAbsolute(unsigned long long)
                0x00000000c0011a9a                LogicalDisk::LogicalDisk(char const*, PhysicalDisk*, unsigned long long, unsigned long long)
                0x00000000c0011a9a                LogicalDisk::LogicalDisk(char const*, PhysicalDisk*, unsigned long long, unsigned long long)
                0x00000000c0011b50                LogicalDisk::assignDriveLetter()
                0x00000000c0011c06                LogicalDisk::mount()
                0x00000000c0011c78                LogicalDisk::unmount()
                0x00000000c0011c88                LogicalDisk::unassignDriveLetter()
                0x00000000c0011cde                LogicalDisk::read(unsigned long long, int, void*)
                0x00000000c0011d4a                LogicalDisk::write(unsigned long long, int, void*)
 .text          0x00000000c0011db6       0x84 hal/mouse.32
                0x00000000c0011db6                Mouse::Mouse(char const*)
                0x00000000c0011db6                Mouse::Mouse(char const*)
                0x00000000c0011dec                Mouse::~Mouse()
                0x00000000c0011dec                Mouse::~Mouse()
                0x00000000c0011e10                Mouse::~Mouse()
 .text          0x00000000c0011e3a      0x339 hal/partition.32
                0x00000000c0011e3a                makePartition(PhysicalDisk*, unsigned long long, unsigned long long)
                0x00000000c0011ee2                createPartitionsForDisk(PhysicalDisk*)
 *fill*         0x00000000c0012173        0x1 
 .text          0x00000000c0012174      0x2e7 hal/timer.32
                0x00000000c0012174                Timer::Timer(char const*)
                0x00000000c0012174                Timer::Timer(char const*)
                0x00000000c00121aa                Timer::~Timer()
                0x00000000c00121aa                Timer::~Timer()
                0x00000000c00121ce                Timer::~Timer()
                0x00000000c00121f8                Timer::read()
                0x00000000c0012203                timerHandler(unsigned long long)
                0x00000000c001233a                setupTimer(int)
 *fill*         0x00000000c001245b        0x1 
 .text          0x00000000c001245c      0x2d1 hal/vcache.32
                0x00000000c001245c                VCache::VCache(PhysicalDisk*)
                0x00000000c001245c                VCache::VCache(PhysicalDisk*)
                0x00000000c001254c                VCache::writeWriteBuffer()
                0x00000000c0012588                VCache::~VCache()
                0x00000000c0012588                VCache::~VCache()
                0x00000000c00125c8                VCache::~VCache()
                0x00000000c00125f0                VCache::write(unsigned long long, int, void*)
                0x00000000c00126d4                VCache::read(unsigned long long, int, void*)
 *fill*         0x00000000c001272d        0x1 
 .text          0x00000000c001272e      0x26d hal/video.32
                0x00000000c001272e                Video::putrect(int, int, int, int, unsigned int)
                0x00000000c0012778                Video::blit(unsigned int*, int, int, int, int)
                0x00000000c00127f6                Video::clearScreen(unsigned int)
                0x00000000c001282a                Video::putpixel(int, int, unsigned int)
                0x00000000c0012838                Video::Video(char const*)
                0x00000000c0012838                Video::Video(char const*)
                0x00000000c001286e                Video::~Video()
                0x00000000c001286e                Video::~Video()
                0x00000000c0012892                Video::~Video()
                0x00000000c00128bc                Video::isMonochrome()
                0x00000000c00128c8                Video::getWidth()
                0x00000000c00128d4                Video::getHeight()
                0x00000000c00128e0                Video::drawCursor(int, int, unsigned char*, int)
 *fill*         0x00000000c001299b        0x1 
 .text          0x00000000c001299c      0xd28 hw/acpi.32
                0x00000000c001299c                ACPI::close(int, int, void*)
                0x00000000c0012a51                findRSDP()
                0x00000000c0012adb                loadACPITables(unsigned char*)
                0x00000000c0012d02                findRSDT(unsigned char*)
                0x00000000c0012e20                findDataTable(unsigned char*, char*)
                0x00000000c0012ebc                scanMADT()
                0x00000000c0013250                ACPI::ACPI()
                0x00000000c0013250                ACPI::ACPI()
                0x00000000c00132b0                ACPI::getPCIIRQAssignment(unsigned char, unsigned short, unsigned char)
                0x00000000c0013392                ACPI::registerPCIIRQAssignment(void*, unsigned short, unsigned char, unsigned char)
                0x00000000c0013498                ACPI::setScreenBrightnessLevel(void*, int)
                0x00000000c001349e                ACPI::writeSimpleBootFlag(SimpleBootFlagTable*)
                0x00000000c00134e6                ACPI::open(int, int, void*)
                0x00000000c00136ac                ACPI::sleep()
 .text          0x00000000c00136c4     0x132c hw/cpu.32
                0x00000000c00136c4                CPU::close(int, int, void*)
                0x00000000c00136c7                lookupAMDCPUName(unsigned char, unsigned char)
                0x00000000c001385b                lookupIntelCPUName(unsigned char, unsigned char)
                0x00000000c0013b09                AMD_K6_write_msr(unsigned int, unsigned int, unsigned int, REGS*)
                0x00000000c0013b25                AMD_K6_read_msr(unsigned int, REGS*)
                0x00000000c0013b3d                AMD_K6_writeback(int, int, int)
                0x00000000c0013bb0                cpuid(int, unsigned long*, unsigned long*, unsigned long*, unsigned long*)
                0x00000000c0013c33                cpuidCheckEDX(unsigned int)
                0x00000000c0013c60                cpuidCheckECX(unsigned int)
                0x00000000c0013c8d                cpuidCheckExtendedEBX(unsigned int)
                0x00000000c0013cba                cpuidCheckExtendedECX(unsigned int)
                0x00000000c0013ce7                getCPUNumber()
                0x00000000c0013cea                thisCPU()
                0x00000000c0013cfe                CPU::CPU()
                0x00000000c0013cfe                CPU::CPU()
                0x00000000c0013d8c                CPU::displayFeatures()
                0x00000000c0013d8e                CPU::detectFeatures()
                0x00000000c0014780                CPU::setupSMEP()
                0x00000000c001479a                CPU::setupUMIP()
                0x00000000c00147b2                CPU::setupTSC()
                0x00000000c00147ca                CPU::setupLargePages()
                0x00000000c00147e2                CPU::setupPAT()
                0x00000000c001481e                CPU::setupMTRR()
                0x00000000c0014820                CPU::setupGlobalPages()
                0x00000000c0014836                CPU::allowUsermodeDataAccess()
                0x00000000c0014848                CPU::prohibitUsermodeDataAccess()
                0x00000000c001485a                CPU::setupSMAP()
                0x00000000c0014880                CPU::setupFeatures()
                0x00000000c0014922                CPU::open(int, int, void*)
 .text          0x00000000c00149f0        0x0 hw/ports.32
 .text          0x00000000c00149f0      0x32c krnl/panic.32
                0x00000000c00149f0                Krnl::panic(char const*)
 .text          0x00000000c0014d1c      0x503 reg/registry.32
                0x00000000c0014d1c                Reg::findLineFromLoadedData(char*, char*, char*)
                0x00000000c0014e74                Reg::getLineFromRegistry(char*, char*, char*, char*)
                0x00000000c0014fd3                Reg::getLine(char*, char*, char*)
                0x00000000c001500a                Reg::readInt(char*, char*, int*)
                0x00000000c00150f5                Reg::readString(char*, char*, char*, int)
                0x00000000c0015176                Reg::readBool(char*, char*, bool*)
                0x00000000c001519b                Reg::readBoolWithDefault(char*, char*, bool)
                0x00000000c00151c7                Reg::readIntWithDefault(char*, char*, int)
                0x00000000c00151f3                Reg::readStringWithDefault(char*, char*, char*, int, char*)
 .text          0x00000000c001521f       0x18 sys/sc_exit.32
                0x00000000c001521f                Sys::exit(regs*)
 .text          0x00000000c0015237       0x95 sys/sc_loaddll.32
                0x00000000c0015237                Sys::loadDLL(regs*)
 .text          0x00000000c00152cc       0x68 sys/sc_read.32
                0x00000000c00152cc                Sys::read(regs*)
 .text          0x00000000c0015334       0x74 sys/sc_sbrk.32
                0x00000000c0015334                Sys::sbrk(regs*)
 .text          0x00000000c00153a8       0x83 sys/sc_write.32
                0x00000000c00153a8                Sys::write(regs*)
 .text          0x00000000c001542b       0x1a sys/sc_yield.32
                0x00000000c001542b                Sys::yield(regs*)
 .text          0x00000000c0015445      0xfdf sys/syscalls.32
                0x00000000c0015445                sysCallGetPID(regs*)
                0x00000000c0015451                sysCallSeekDir(regs*)
                0x00000000c0015456                sysCallTellDir(regs*)
                0x00000000c001545b                sysCallVerify(regs*)
                0x00000000c0015465                sysCallFork(regs*)
                0x00000000c0015470                sysCallExecve(regs*)
                0x00000000c001547b                sysFormatDisk(regs*)
                0x00000000c00154e5                sysSetDiskVolumeLabel(regs*)
                0x00000000c001552b                sysGetDiskVolumeLabel(regs*)
                0x00000000c001557c                sysShutdown(regs*)
                0x00000000c00155da                sysCallGetCwd(regs*)
                0x00000000c00155f9                sysCallSetCwd(regs*)
                0x00000000c0015615                sysCallRealpath(regs*)
                0x00000000c0015658                sysCallGetArgc(regs*)
                0x00000000c0015686                sysCallReadDir(regs*)
                0x00000000c0015714                sysCallIsATTY(regs*)
                0x00000000c001576e                sysCallSeek(regs*)
                0x00000000c00157d7                sysCallTell(regs*)
                0x00000000c0015854                sysCallSizeFromFilename(regs*)
                0x00000000c0015905                sysCallSize(regs*)
                0x00000000c0015988                sysCallClose(regs*)
                0x00000000c0015a10                sysCallOpenDir(regs*)
                0x00000000c0015a7d                sysCallMakeDir(regs*)
                0x00000000c0015ad6                sysCallCloseDir(regs*)
                0x00000000c0015b3c                sysCallWait(regs*)
                0x00000000c0015b56                sysCallRmdir(regs*)
                0x00000000c0015ba8                sysCallUnlink(regs*)
                0x00000000c0015bfa                sysCallGetArgv(regs*)
                0x00000000c0015c46                sysCallTTYName(regs*)
                0x00000000c0015cc9                sysCallGetEnv(regs*)
                0x00000000c0015d3d                sysCallUSleep(regs*)
                0x00000000c0015d64                sysCallSpawn(regs*)
                0x00000000c0015dbc                sysAppSettings(regs*)
                0x00000000c0015edb                sysSetFatAttrib(regs*)
                0x00000000c0015f3b                sysPanic(regs*)
                0x00000000c0015f61                sysPipe(regs*)
                0x00000000c0015fa6                sysGetUnixTime(regs*)
                0x00000000c0015fba                string_ends_with(char const*, char const*)
                0x00000000c0016002                sysCallOpen(regs*)
                0x00000000c001620f                setupSystemCalls()
                0x00000000c00163c8                systemCall(regs*, void*)
 .text          0x00000000c0016424     0x1170 thr/elf.32
                0x00000000c0016424                Thr::allocateMemoryForTask(Process*, File*, unsigned long, unsigned long, unsigned long)
                0x00000000c00166a1                Thr::loadProgramIntoMemory(Process*, char const*)
                0x00000000c00168b7                Thr::runtimeReferenceHelper()
                0x00000000c00168ca                Thr::getAddressOfKernelSymbol(char const*)
                0x00000000c0016919                Thr::loadKernelSymbolTable(char const*)
                0x00000000c0016bda                Thr::loadDriverIntoMemory(char const*, unsigned long, bool)
                0x00000000c0017378                Thr::getDriverBaseFromAddress(unsigned long)
                0x00000000c00173aa                Thr::getDriverNameFromAddress(unsigned long)
                0x00000000c00173e1                Thr::getDriverOffsetFromAddress(unsigned long)
                0x00000000c00173fb                Thr::loadDLL(char const*, bool)
                0x00000000c001756a                Thr::executeDLL(unsigned long, void*)
 .text          0x00000000c0017594      0xfce thr/prcssthr.32
                0x00000000c0017594                changeTSS
                0x00000000c00175c2                Process::addArgs(char**)
                0x00000000c001761c                Process::Process(char const*, Process*, char**)
                0x00000000c001761c                Process::Process(char const*, Process*, char**)
                0x00000000c00177d4                Process::Process(bool, char const*, Process*, char**)
                0x00000000c00177d4                Process::Process(bool, char const*, Process*, char**)
                0x00000000c0017957                disableIRQs()
                0x00000000c001795f                getIRQNestingLevel()
                0x00000000c0017965                enableIRQs()
                0x00000000c0017974                lockScheduler()
                0x00000000c0017976                unlockScheduler()
                0x00000000c0017978                userModeEntryPoint(void*)
                0x00000000c001799b                lockStuff()
                0x00000000c00179a7                taskStartupFunction
                0x00000000c00179b0                updateTimeUsed()
                0x00000000c0017a0e                switchToThread(ThreadControlBlock*)
                0x00000000c0017a5e                Semaphore::Semaphore(int)
                0x00000000c0017a5e                Semaphore::Semaphore(int)
                0x00000000c0017a8c                Mutex::Mutex()
                0x00000000c0017a8c                Mutex::Mutex()
                0x00000000c0017a9e                Process::createThread(void (*)(void*), void*, int)
                0x00000000c0017b82                Process::createUserThread()
                0x00000000c0017b9e                setupMultitasking(void (*)())
                0x00000000c0017ca8                schedule()
                0x00000000c0017d2d                unlockStuff()
                0x00000000c0017d62                Semaphore::tryAcquire()
                0x00000000c0017d90                Semaphore::assertLocked(char const*)
                0x00000000c0017dc0                blockTaskWithSchedulerLockAlreadyHeld(TaskState)
                0x00000000c0017e02                blockTask(TaskState)
                0x00000000c0017e23                waitTask(int, int*, int)
                0x00000000c0017e65                nanoSleepUntil(unsigned long long)
                0x00000000c0017ebc                nanoSleep(unsigned long long)
                0x00000000c0017ed1                sleep(unsigned long long)
                0x00000000c0017eee                Semaphore::acquire()
                0x00000000c0017f56                taskReturned
                0x00000000c0017f84                unblockTask(ThreadControlBlock*)
                0x00000000c0018033                cleanupTerminatedTask(ThreadControlBlock*)
                0x00000000c00182d7                cleanerTaskFunction(void*)
                0x00000000c001838a                terminateTask(int)
                0x00000000c001846a                Thr::terminateFromIRQ(int)
                0x00000000c0018476                Semaphore::release()
 .text          0x00000000c0018562      0x8bf vm86/vm8086.32
                0x00000000c0018562                Vm::vm8086EntryPoint(void*)
                0x00000000c001858d                Vm::inbv(unsigned short)
                0x00000000c0018593                Vm::outbv(unsigned short, unsigned char)
                0x00000000c001859d                Vm::realToLinear(unsigned short, unsigned short)
                0x00000000c00185ad                Vm::getSegment(unsigned int)
                0x00000000c00185b5                Vm::getOffset(unsigned int)
                0x00000000c00185ba                Vm::loadFileAsThread(Process*, char const*, unsigned short, unsigned short, unsigned short, unsigned short)
                0x00000000c00186e9                Vm::doISR(regs*, int, unsigned char*, unsigned short, unsigned short)
                0x00000000c0018773                Vm::readByteFromReal(unsigned short, unsigned short)
                0x00000000c0018784                Vm::readWordFromReal(unsigned short, unsigned short)
                0x00000000c0018796                Vm::readDwordFromReal(unsigned short, unsigned short)
                0x00000000c00187a7                Vm::writeByteFromReal(unsigned short, unsigned short, unsigned char)
                0x00000000c00187bc                Vm::writeWordFromReal(unsigned short, unsigned short, unsigned short)
                0x00000000c00187d2                Vm::writeDwordFromReal(unsigned short, unsigned short, unsigned int)
                0x00000000c00187e7                Vm::faultHandler(regs*)
 *fill*         0x00000000c0018e21        0x1 
 .text          0x00000000c0018e22     0x10ed fs/fat/vfslink.32
                0x00000000c0018e22                FAT::getName()
                0x00000000c0018e28                FAT::tell(void*, unsigned long long*)
                0x00000000c0018e5c                FAT::stat(void*, unsigned long long*)
                0x00000000c0018e90                FAT::~FAT()
                0x00000000c0018e90                FAT::~FAT()
                0x00000000c0018eb4                FAT::~FAT()
                0x00000000c0018edc                FAT::getlabel(LogicalDisk*, int, char*, unsigned int*)
                0x00000000c0018f7a                FAT::setlabel(LogicalDisk*, int, char*)
                0x00000000c0019034                FAT::format(LogicalDisk*, int, char const*, int)
                0x00000000c0019218                FAT::tryMount(LogicalDisk*, int)
                0x00000000c001941e                FAT::readDir(void*, unsigned long, void*, int*)
                0x00000000c0019524                FAT::read(void*, unsigned long, void*, int*)
                0x00000000c001957e                FAT::write(void*, unsigned long, void*, int*)
                0x00000000c00195d8                FAT::close(void*)
                0x00000000c0019624                FAT::closeDir(void*)
                0x00000000c0019670                FAT::seek(void*, unsigned long long)
                0x00000000c00196c4                fatWrapperReadDisk
                0x00000000c001970b                fatWrapperWriteDisk
                0x00000000c0019752                fatWrapperIoctl
                0x00000000c0019856                FAT::FAT()
                0x00000000c0019856                FAT::FAT()
                0x00000000c00198a8                FAT::fixFilepath(char*)
                0x00000000c00198e0                FAT::open(char const*, void**, FileOpenMode)
                0x00000000c0019a08                FAT::openDir(char const*, void**)
                0x00000000c0019aae                FAT::stat(char const*, unsigned long long*, bool*)
                0x00000000c0019b98                FAT::unlink(char const*)
                0x00000000c0019c12                FAT::chfatattr(char const*, unsigned char, unsigned char)
                0x00000000c0019d66                FAT::rename(char const*, char const*)
                0x00000000c0019e2a                FAT::mkdir(char const*)
                0x00000000c0019ea4                FAT::exists(char const*)
 *fill*         0x00000000c0019f0f        0x1 
 .text          0x00000000c0019f10      0xbdf fs/iso9660/vfslink.32
                0x00000000c0019f10                ISO9660::format(LogicalDisk*, int, char const*, int)
                0x00000000c0019f16                ISO9660::seek(void*, unsigned long long)
                0x00000000c0019f46                ISO9660::tell(void*, unsigned long long*)
                0x00000000c0019f6a                ISO9660::getName()
                0x00000000c0019f70                ISO9660::stat(void*, unsigned long long*)
                0x00000000c0019f94                ISO9660::chfatattr(char const*, unsigned char, unsigned char)
                0x00000000c0019f9a                ISO9660::unlink(char const*)
                0x00000000c0019fa0                ISO9660::write(void*, unsigned long, void*, int*)
                0x00000000c0019fa6                ISO9660::rename(char const*, char const*)
                0x00000000c0019fac                ISO9660::mkdir(char const*)
                0x00000000c0019fb2                ISO9660::close(void*)
                0x00000000c0019fd4                ISO9660::closeDir(void*)
                0x00000000c0019ff6                ISO9660::~ISO9660()
                0x00000000c0019ff6                ISO9660::~ISO9660()
                0x00000000c001a01a                ISO9660::~ISO9660()
                0x00000000c001a041                __memmem(unsigned char*, int, unsigned char*, int)
                0x00000000c001a083                readSectorFromCDROM(unsigned int, unsigned char*, char)
                0x00000000c001a0ea                ISO9660::tryMount(LogicalDisk*, int)
                0x00000000c001a13a                ISO9660::read(void*, unsigned long, void*, int*)
                0x00000000c001a37e                ISO9660::readDir(void*, unsigned long, void*, int*)
                0x00000000c001a60b                readRoot(unsigned int*, unsigned int*, char)
                0x00000000c001a660                readRecursively(char*, unsigned int, unsigned int, unsigned int*, unsigned int*, char, int*)
                0x00000000c001a833                getFileData(char*, unsigned int*, unsigned int*, char, int*)
                0x00000000c001a8c2                ISO9660::open(char const*, void**, FileOpenMode)
                0x00000000c001a95c                ISO9660::exists(char const*)
                0x00000000c001a980                ISO9660::stat(char const*, unsigned long long*, bool*)
                0x00000000c001aa14                ISO9660::openDir(char const*, void**)
                0x00000000c001aacc                ISO9660::ISO9660()
                0x00000000c001aacc                ISO9660::ISO9660()
 *fill*         0x00000000c001aaef        0x1 
 .text          0x00000000c001aaf0      0x244 hal/sound/sndchannel.32
                0x00000000c001aaf0                SoundChannel::~SoundChannel()
                0x00000000c001aaf0                SoundChannel::~SoundChannel()
                0x00000000c001ab0c                SoundChannel::setSpeed(float)
                0x00000000c001ab18                SoundChannel::getSpeed()
                0x00000000c001ab20                SoundChannel::setVolume(int)
                0x00000000c001ab3c                SoundChannel::getVolume()
                0x00000000c001ab44                SoundChannel::pause()
                0x00000000c001ab4e                SoundChannel::SoundChannel(int, int, int, int)
                0x00000000c001ab4e                SoundChannel::SoundChannel(int, int, int, int)
                0x00000000c001ac44                SoundChannel::play()
                0x00000000c001ac4e                SoundChannel::paused()
                0x00000000c001ac56                SoundChannel::getSampleRate()
                0x00000000c001ac5e                SoundChannel::getBits()
                0x00000000c001ac66                SoundChannel::getBufferUsed()
                0x00000000c001ac6e                SoundChannel::getBufferSize()
                0x00000000c001ac76                SoundChannel::unbuffer(float*, int, int)
                0x00000000c001ace8                SoundChannel::buffer8(unsigned char*, int)
 .text          0x00000000c001ad34      0x317 hal/sound/sndhw.32
                0x00000000c001ad34                SoundDevice::SoundDevice(char const*)
                0x00000000c001ad34                SoundDevice::SoundDevice(char const*)
                0x00000000c001ada0                SoundDevice::~SoundDevice()
                0x00000000c001ada0                SoundDevice::~SoundDevice()
                0x00000000c001ae1a                SoundDevice::~SoundDevice()
                0x00000000c001ae44                SoundDevice::getFreeChannelNum()
                0x00000000c001ae5e                SoundDevice::addChannel(SoundChannel*)
                0x00000000c001aece                SoundDevice::removeChannel(int)
                0x00000000c001af00                SoundDevice::floatTo8(float*, unsigned char*, int)
                0x00000000c001af6c                SoundDevice::getAudio(int, float*, float*)
 .text          0x00000000c001b04b        0x0 hw/bus/isa.32
 *fill*         0x00000000c001b04b        0x1 
 .text          0x00000000c001b04c      0x6e5 hw/bus/pci.32
                0x00000000c001b04c                PCI::open(int, int, void*)
                0x00000000c001b060                PCI::close(int, int, void*)
                0x00000000c001b064                PCI::PCI()
                0x00000000c001b064                PCI::PCI()
                0x00000000c001b0e4                PCI::pciReadWord(unsigned char, unsigned char, unsigned char, unsigned char)
                0x00000000c001b12c                PCI::getVendorID(unsigned char, unsigned char, unsigned char)
                0x00000000c001b14e                PCI::getHeaderType(unsigned char, unsigned char, unsigned char)
                0x00000000c001b172                PCI::getClassCode(unsigned char, unsigned char, unsigned char)
                0x00000000c001b1b6                PCI::getProgIF(unsigned char, unsigned char, unsigned char)
                0x00000000c001b1da                PCI::getRevisionID(unsigned char, unsigned char, unsigned char)
                0x00000000c001b1fc                PCI::getInterruptNumber(unsigned char, unsigned char, unsigned char)
                0x00000000c001b21e                PCI::getSecondaryBus(unsigned char, unsigned char, unsigned char)
                0x00000000c001b242                PCI::getBARAddress(unsigned char, unsigned char, unsigned char, unsigned char)
                0x00000000c001b2a2                PCI::pciWriteWord(unsigned char, unsigned char, unsigned char, unsigned char, unsigned short)
                0x00000000c001b30e                PCI::checkBus(unsigned char)
                0x00000000c001b332                PCI::foundDevice(PCIDeviceInfo)
                0x00000000c001b4a2                PCI::getDeviceData(unsigned char, unsigned char, unsigned char)
                0x00000000c001b672                PCI::checkDevice(unsigned char, unsigned char)
                0x00000000c001b6de                PCI::detect()
 *fill*         0x00000000c001b731        0x1 
 .text          0x00000000c001b732      0xc70 hw/diskctrl/ide.32
                0x00000000c001b732                IDE::close(int, int, void*)
                0x00000000c001b736                IDE::IDE()
                0x00000000c001b736                IDE::IDE()
                0x00000000c001b76a                IDE::prepareInterrupt(unsigned char)
                0x00000000c001b77c                selectDrive(unsigned char, unsigned char)
                0x00000000c001b77e                IDE::getBase(unsigned char)
                0x00000000c001b790                IDE::write(unsigned char, unsigned char, unsigned char)
                0x00000000c001b850                IDE::read(unsigned char, unsigned char)
                0x00000000c001b8fe                IDE::waitInterrupt(unsigned char)
                0x00000000c001b964                ideChannel0IRQHandler(regs*, void*)
                0x00000000c001b980                ideChannel1IRQHandler(regs*, void*)
                0x00000000c001b99c                IDE::enableIRQs(unsigned char, bool)
                0x00000000c001b9e2                IDE::open(int, int, void*)
                0x00000000c001bdf2                IDE::readBuffer(unsigned char, unsigned char, unsigned int, unsigned int)
                0x00000000c001bebe                IDE::detect()
                0x00000000c001c1a6                IDE::printError(unsigned char, unsigned char, unsigned char)
                0x00000000c001c33c                IDE::polling(unsigned char, unsigned int)
 .text          0x00000000c001c3a2      0x62b hw/diskphys/ata.32
                0x00000000c001c3a2                ATA::close(int, int, void*)
                0x00000000c001c3c6                ATA::powerSaving(PowerSavingLevel)
                0x00000000c001c3c8                ATA::ATA()
                0x00000000c001c3c8                ATA::ATA()
                0x00000000c001c3f6                ATA::flush(bool)
                0x00000000c001c440                ATA::readyForCommand()
                0x00000000c001c490                ATA::access(unsigned long long, int, void*, bool)
                0x00000000c001c80e                ATA::read(unsigned long long, int, void*)
                0x00000000c001c876                ATA::write(unsigned long long, int, void*)
                0x00000000c001c8de                ATA::detectCHS()
                0x00000000c001c908                ATA::open(int, int, void*)
 *fill*         0x00000000c001c9cd        0x1 
 .text          0x00000000c001c9ce      0x5b3 hw/diskphys/atapi.32
                0x00000000c001c9ce                ATAPI::write(unsigned long long, int, void*)
                0x00000000c001c9d4                ATAPI::close(int, int, void*)
                0x00000000c001c9f8                ATAPI::ATAPI()
                0x00000000c001c9f8                ATAPI::ATAPI()
                0x00000000c001ca26                ATAPI::readyForCommand()
                0x00000000c001ca76                ATAPI::sendPacket(unsigned char*, int, bool, unsigned short*, int)
                0x00000000c001cd36                ATAPI::diskRemoved()
                0x00000000c001cd52                ATAPI::eject()
                0x00000000c001cd98                ATAPI::diskInserted()
                0x00000000c001cdc6                ATAPI::detectMedia()
                0x00000000c001ce82                ATAPI::open(int, int, void*)
                0x00000000c001cf02                ATAPI::read(unsigned long long, int, void*)
 *fill*         0x00000000c001cf81        0x1 
 .text          0x00000000c001cf82       0x8e hw/fpu/avx.32
                0x00000000c001cf82                AVX::open(int, int, void*)
                0x00000000c001cf94                AVX::close(int, int, void*)
                0x00000000c001cfa6                AVX::available()
                0x00000000c001cfb8                AVX::save(void*)
                0x00000000c001cfd0                AVX::load(void*)
                0x00000000c001cfe8                AVX::AVX()
                0x00000000c001cfe8                AVX::AVX()
 .text          0x00000000c001d010       0x90 hw/fpu/mmx.32
                0x00000000c001d010                MMX::available()
                0x00000000c001d024                MMX::open(int, int, void*)
                0x00000000c001d036                MMX::close(int, int, void*)
                0x00000000c001d048                MMX::save(void*)
                0x00000000c001d060                MMX::load(void*)
                0x00000000c001d078                MMX::MMX()
                0x00000000c001d078                MMX::MMX()
 .text          0x00000000c001d0a0       0x96 hw/fpu/sse.32
                0x00000000c001d0a0                SSE::open(int, int, void*)
                0x00000000c001d0b2                SSE::close(int, int, void*)
                0x00000000c001d0c4                SSE::available()
                0x00000000c001d0de                SSE::save(void*)
                0x00000000c001d0f6                SSE::load(void*)
                0x00000000c001d10e                SSE::SSE()
                0x00000000c001d10e                SSE::SSE()
 .text          0x00000000c001d136       0x8e hw/fpu/x87.32
                0x00000000c001d136                x87::open(int, int, void*)
                0x00000000c001d148                x87::close(int, int, void*)
                0x00000000c001d15a                x87::available()
                0x00000000c001d16c                x87::save(void*)
                0x00000000c001d184                x87::load(void*)
                0x00000000c001d19c                x87::x87()
                0x00000000c001d19c                x87::x87()
 .text          0x00000000c001d1c4      0x5f3 hw/intctrl/apic.32
                0x00000000c001d1c4                APIC::disable()
                0x00000000c001d1c6                APIC::close(int, int, void*)
                0x00000000c001d1e8                IOAPIC::close(int, int, void*)
                0x00000000c001d1ee                APIC::io_wait()
                0x00000000c001d1f4                APIC::getBase()
                0x00000000c001d236                APIC::eoi(unsigned char)
                0x00000000c001d264                APIC::open(int, int, void*)
                0x00000000c001d31e                IOAPIC::IOAPIC()
                0x00000000c001d31e                IOAPIC::IOAPIC()
                0x00000000c001d346                APIC::APIC()
                0x00000000c001d346                APIC::APIC()
                0x00000000c001d416                IOAPIC::handlesGSIWithNumber(unsigned int)
                0x00000000c001d448                IOAPIC::read(int)
                0x00000000c001d470                IOAPIC::open(int, int, void*)
                0x00000000c001d566                IOAPIC::write(int, int)
                0x00000000c001d592                IOAPIC::redirect(unsigned char, unsigned long long, unsigned char)
                0x00000000c001d64c                APIC::installIRQHandler(int, void (*)(regs*, void*), bool, void*)
 *fill*         0x00000000c001d7b7        0x1 
 .text          0x00000000c001d7b8      0x3d3 hw/intctrl/pic.32
                0x00000000c001d7b8                PIC::disable()
                0x00000000c001d7e6                PIC::close(int, int, void*)
                0x00000000c001d808                PIC::PIC()
                0x00000000c001d808                PIC::PIC()
                0x00000000c001d8de                PIC::ioWait()
                0x00000000c001d8e4                PIC::getIRQReg(int)
                0x00000000c001d94e                PIC::eoi(unsigned char)
                0x00000000c001d9e0                PIC::remap()
                0x00000000c001db4c                PIC::open(int, int, void*)
 *fill*         0x00000000c001db8b        0x1 
 .text          0x00000000c001db8c      0x252 hw/timer/apictimer.32
                0x00000000c001db8c                APICTimer::close(int, int, void*)
                0x00000000c001db92                apicTimerHandler(regs*, void*)
                0x00000000c001dbc0                APICTimer::write(int)
                0x00000000c001dcbe                APICTimer::open(int, int, void*)
                0x00000000c001ddb6                APICTimer::APICTimer()
                0x00000000c001ddb6                APICTimer::APICTimer()
 .text          0x00000000c001ddde      0x1a7 hw/timer/pit.32
                0x00000000c001ddde                PIT::write(int)
                0x00000000c001de5c                pitHandler(regs*, void*)
                0x00000000c001de88                PIT::open(int, int, void*)
                0x00000000c001ded6                PIT::close(int, int, void*)
                0x00000000c001df06                PIT::PIT()
                0x00000000c001df06                PIT::PIT()
 *fill*         0x00000000c001df85        0xb 
 .text          0x00000000c001df90        0xa hw/fpu/x86/avx.32
                0x00000000c001df90                avxDetect
                0x00000000c001df96                avxSave
                0x00000000c001df97                avxLoad
                0x00000000c001df98                avxInit
                0x00000000c001df99                avxClose
 *fill*         0x00000000c001df9a        0x6 
 .text          0x00000000c001dfa0       0x38 hw/fpu/x86/sse.32
                0x00000000c001dfa0                sseDetect
                0x00000000c001dfbb                sseSave
                0x00000000c001dfc1                sseLoad
                0x00000000c001dfc7                sseInit
                0x00000000c001dfd7                sseClose
 *fill*         0x00000000c001dfd8        0x8 
 .text          0x00000000c001dfe0       0x47 hw/fpu/x86/x87.32
                0x00000000c001dfe6                x87Detect
                0x00000000c001e001                x87Save
                0x00000000c001e007                x87Load
                0x00000000c001e00c                x87Init
                0x00000000c001e026                x87Close
 *fill*         0x00000000c001e027        0x1 
 .text          0x00000000c001e028       0x25 /cygdrive/d/Users/Alex/Desktop/Toolchain/Output/bin/../lib/gcc/i386-banana/8.1.0/crtend.o
 .text          0x00000000c001e04d        0x0 crtn.32
 *fill*         0x00000000c001e04d        0x3 
 .text          0x00000000c001e050      0x14b /cygdrive/d/Users/Alex/Desktop/Toolchain/Output/bin/../lib/gcc/i386-banana/8.1.0/libgcc.a(_divdi3.o)
                0x00000000c001e050                __divdi3
 *fill*         0x00000000c001e19b        0x1 
 .text          0x00000000c001e19c      0x17e /cygdrive/d/Users/Alex/Desktop/Toolchain/Output/bin/../lib/gcc/i386-banana/8.1.0/libgcc.a(_moddi3.o)
                0x00000000c001e19c                __moddi3
 *fill*         0x00000000c001e31a        0x2 
 .text          0x00000000c001e31c       0xff /cygdrive/d/Users/Alex/Desktop/Toolchain/Output/bin/../lib/gcc/i386-banana/8.1.0/libgcc.a(_udivdi3.o)
                0x00000000c001e31c                __udivdi3
 *fill*         0x00000000c001e41b        0x1 
 .text          0x00000000c001e41c      0x11a /cygdrive/d/Users/Alex/Desktop/Toolchain/Output/bin/../lib/gcc/i386-banana/8.1.0/libgcc.a(_umoddi3.o)
                0x00000000c001e41c                __umoddi3
 *fill*         0x00000000c001e536        0xa 
 .text          0x00000000c001e540       0x1e D:/Users/Alex/Desktop/Banana/kernel/libk/libm32.a(s_fabs.c.o)
                0x00000000c001e540                fabs
 *fill*         0x00000000c001e55e        0x2 
 .text          0x00000000c001e560        0xc D:/Users/Alex/Desktop/Banana/kernel/libk/libm32.a(s_lrint.S.o)
                0x00000000c001e560                lrint
 .text          0x00000000c001e56c        0xc D:/Users/Alex/Desktop/Banana/kernel/libk/libm32.a(s_lrintf.S.o)
                0x00000000c001e56c                lrintf
 *(.gnu.linkonce.t*)

.iplt           0x00000000c001e578        0x0
 .iplt          0x00000000c001e578        0x0 D:/Users/Alex/Desktop/Banana/kernel/boot.32

.init           0x00000000c001e578        0xf
 .init          0x00000000c001e578        0x3 crti.32
                0x00000000c001e578                _init
 .init          0x00000000c001e57b        0x5 /cygdrive/d/Users/Alex/Desktop/Toolchain/Output/bin/../lib/gcc/i386-banana/8.1.0/crtbegin.o
 .init          0x00000000c001e580        0x5 /cygdrive/d/Users/Alex/Desktop/Toolchain/Output/bin/../lib/gcc/i386-banana/8.1.0/crtend.o
 .init          0x00000000c001e585        0x2 crtn.32

.fini           0x00000000c001e587        0xa
 .fini          0x00000000c001e587        0x3 crti.32
                0x00000000c001e587                _fini
 .fini          0x00000000c001e58a        0x5 /cygdrive/d/Users/Alex/Desktop/Toolchain/Output/bin/../lib/gcc/i386-banana/8.1.0/crtbegin.o
 .fini          0x00000000c001e58f        0x2 crtn.32

.text._ZN8ComputerD2Ev
                0x00000000c001e592       0x23
 .text._ZN8ComputerD2Ev
                0x00000000c001e592       0x23 core/computer.32
                0x00000000c001e592                Computer::~Computer()
                0x00000000c001e592                Computer::~Computer()

.text._ZN8ComputerD0Ev
                0x00000000c001e5b6       0x2a
 .text._ZN8ComputerD0Ev
                0x00000000c001e5b6       0x2a core/computer.32
                0x00000000c001e5b6                Computer::~Computer()

.text._Z10idleCommonv
                0x00000000c001e5e0       0x15
 .text._Z10idleCommonv
                0x00000000c001e5e0       0x15 core/idle.32
                0x00000000c001e5e0                idleCommon()

.text._ZN3CPU7readCR3Ev
                0x00000000c001e5f5       0x12
 .text._ZN3CPU7readCR3Ev
                0x00000000c001e5f5       0x12 core/kheap.32
                0x00000000c001e5f5                CPU::readCR3()

.text._ZN3CPU8writeCR3Em
                0x00000000c001e607        0x9
 .text._ZN3CPU8writeCR3Em
                0x00000000c001e607        0x9 core/kheap.32
                0x00000000c001e607                CPU::writeCR3(unsigned long)

.text._ZN10LinkedListI8UnixFileED2Ev
                0x00000000c001e610        0x2
 .text._ZN10LinkedListI8UnixFileED2Ev
                0x00000000c001e610        0x2 core/unixfile.32
                0x00000000c001e610                LinkedList<UnixFile>::~LinkedList()
                0x00000000c001e610                LinkedList<UnixFile>::~LinkedList()

.text._ZN10LinkedListI8UnixFileEC2Ev
                0x00000000c001e612       0x58
 .text._ZN10LinkedListI8UnixFileEC2Ev
                0x00000000c001e612       0x58 core/unixfile.32
                0x00000000c001e612                LinkedList<UnixFile>::LinkedList()
                0x00000000c001e612                LinkedList<UnixFile>::LinkedList()

.text._ZN10LinkedListI8UnixFileE10addElementEPS0_
                0x00000000c001e66a       0xd3
 .text._ZN10LinkedListI8UnixFileE10addElementEPS0_
                0x00000000c001e66a       0xd3 core/unixfile.32
                0x00000000c001e66a                LinkedList<UnixFile>::addElement(UnixFile*)

.text._ZN10LinkedListI8UnixFileE15getFirstElementEv
                0x00000000c001e73e        0x7
 .text._ZN10LinkedListI8UnixFileE15getFirstElementEv
                0x00000000c001e73e        0x7 core/unixfile.32
                0x00000000c001e73e                LinkedList<UnixFile>::getFirstElement()

.text._ZN10LinkedListI8UnixFileE11removeFirstEv
                0x00000000c001e746       0xa1
 .text._ZN10LinkedListI8UnixFileE11removeFirstEv
                0x00000000c001e746       0xa1 core/unixfile.32
                0x00000000c001e746                LinkedList<UnixFile>::removeFirst()

.text._ZN10LinkedListI8UnixFileE7getNextEPS0_
                0x00000000c001e7e8        0x8
 .text._ZN10LinkedListI8UnixFileE7getNextEPS0_
                0x00000000c001e7e8        0x8 core/unixfile.32
                0x00000000c001e7e8                LinkedList<UnixFile>::getNext(UnixFile*)

.text._ZN16DriverlessDeviceD2Ev
                0x00000000c001e7f0       0x1a
 .text._ZN16DriverlessDeviceD2Ev
                0x00000000c001e7f0       0x1a hal/device.32
                0x00000000c001e7f0                DriverlessDevice::~DriverlessDevice()
                0x00000000c001e7f0                DriverlessDevice::~DriverlessDevice()

.text._ZN16DriverlessDeviceD0Ev
                0x00000000c001e80a       0x2a
 .text._ZN16DriverlessDeviceD0Ev
                0x00000000c001e80a       0x2a hal/device.32
                0x00000000c001e80a                DriverlessDevice::~DriverlessDevice()

.text._ZN10LinkedListI6DeviceE10addElementEPS0_
                0x00000000c001e834       0xdc
 .text._ZN10LinkedListI6DeviceE10addElementEPS0_
                0x00000000c001e834       0xdc hal/device.32
                0x00000000c001e834                LinkedList<Device>::addElement(Device*)

.text._ZN10LinkedListI6DeviceEC2Ev
                0x00000000c001e910       0x58
 .text._ZN10LinkedListI6DeviceEC2Ev
                0x00000000c001e910       0x58 hal/device.32
                0x00000000c001e910                LinkedList<Device>::LinkedList()
                0x00000000c001e910                LinkedList<Device>::LinkedList()

.text._ZN3CPU7readCR0Ev
                0x00000000c001e968       0x12
 .text._ZN3CPU7readCR0Ev
                0x00000000c001e968       0x12 hal/fpu.32
                0x00000000c001e968                CPU::readCR0()

.text._ZN3CPU8writeCR0Em
                0x00000000c001e97a        0x9
 .text._ZN3CPU8writeCR0Em
                0x00000000c001e97a        0x9 hal/fpu.32
                0x00000000c001e97a                CPU::writeCR0(unsigned long)

.text._ZN3CPU7readDR0Ev
                0x00000000c001e983       0x12
 .text._ZN3CPU7readDR0Ev
                0x00000000c001e983       0x12 hal/intctrl.32
                0x00000000c001e983                CPU::readDR0()

.text._ZN3CPU7readDR1Ev
                0x00000000c001e995       0x12
 .text._ZN3CPU7readDR1Ev
                0x00000000c001e995       0x12 hal/intctrl.32
                0x00000000c001e995                CPU::readDR1()

.text._ZN3CPU7readDR2Ev
                0x00000000c001e9a7       0x12
 .text._ZN3CPU7readDR2Ev
                0x00000000c001e9a7       0x12 hal/intctrl.32
                0x00000000c001e9a7                CPU::readDR2()

.text._ZN3CPU7readDR3Ev
                0x00000000c001e9b9       0x12
 .text._ZN3CPU7readDR3Ev
                0x00000000c001e9b9       0x12 hal/intctrl.32
                0x00000000c001e9b9                CPU::readDR3()

.text._ZN3CPU7readDR6Ev
                0x00000000c001e9cb       0x12
 .text._ZN3CPU7readDR6Ev
                0x00000000c001e9cb       0x12 hal/intctrl.32
                0x00000000c001e9cb                CPU::readDR6()

.text._ZN3CPU7readDR7Ev
                0x00000000c001e9dd       0x12
 .text._ZN3CPU7readDR7Ev
                0x00000000c001e9dd       0x12 hal/intctrl.32
                0x00000000c001e9dd                CPU::readDR7()

.text._ZN10LinkedListIV18ThreadControlBlockE15getFirstElementEv
                0x00000000c001e9f0        0x7
 .text._ZN10LinkedListIV18ThreadControlBlockE15getFirstElementEv
                0x00000000c001e9f0        0x7 hal/timer.32
                0x00000000c001e9f0                LinkedList<ThreadControlBlock volatile>::getFirstElement()

.text._ZN10LinkedListIV18ThreadControlBlockE7isEmptyEv
                0x00000000c001e9f8       0x1c
 .text._ZN10LinkedListIV18ThreadControlBlockE7isEmptyEv
                0x00000000c001e9f8       0x1c hal/timer.32
                0x00000000c001e9f8                LinkedList<ThreadControlBlock volatile>::isEmpty()

.text._ZN10LinkedListIV18ThreadControlBlockE11removeFirstEv
                0x00000000c001ea14       0xae
 .text._ZN10LinkedListIV18ThreadControlBlockE11removeFirstEv
                0x00000000c001ea14       0xae hal/timer.32
                0x00000000c001ea14                LinkedList<ThreadControlBlock volatile>::removeFirst()

.text._ZN10LinkedListIV18ThreadControlBlockE10addElementEPS1_
                0x00000000c001eac2       0xd3
 .text._ZN10LinkedListIV18ThreadControlBlockE10addElementEPS1_
                0x00000000c001eac2       0xd3 hal/timer.32
                0x00000000c001eac2                LinkedList<ThreadControlBlock volatile>::addElement(ThreadControlBlock volatile*)

.text._ZN4ACPID2Ev
                0x00000000c001eb96       0x23
 .text._ZN4ACPID2Ev
                0x00000000c001eb96       0x23 hw/acpi.32
                0x00000000c001eb96                ACPI::~ACPI()
                0x00000000c001eb96                ACPI::~ACPI()

.text._ZN4ACPID0Ev
                0x00000000c001ebba       0x2a
 .text._ZN4ACPID0Ev
                0x00000000c001ebba       0x2a hw/acpi.32
                0x00000000c001ebba                ACPI::~ACPI()

.text._ZN3CPUD2Ev
                0x00000000c001ebe4       0x23
 .text._ZN3CPUD2Ev
                0x00000000c001ebe4       0x23 hw/cpu.32
                0x00000000c001ebe4                CPU::~CPU()
                0x00000000c001ebe4                CPU::~CPU()

.text._ZN3CPUD0Ev
                0x00000000c001ec08       0x2a
 .text._ZN3CPUD0Ev
                0x00000000c001ec08       0x2a hw/cpu.32
                0x00000000c001ec08                CPU::~CPU()

.text._ZN3CPU7readCR4Ev
                0x00000000c001ec32       0x12
 .text._ZN3CPU7readCR4Ev
                0x00000000c001ec32       0x12 hw/cpu.32
                0x00000000c001ec32                CPU::readCR4()

.text._ZN3CPU8writeDR7Em
                0x00000000c001ec44        0x9
 .text._ZN3CPU8writeDR7Em
                0x00000000c001ec44        0x9 hw/cpu.32
                0x00000000c001ec44                CPU::writeDR7(unsigned long)

.text._ZN3CPU8writeCR4Em
                0x00000000c001ec4d        0x9
 .text._ZN3CPU8writeCR4Em
                0x00000000c001ec4d        0x9 hw/cpu.32
                0x00000000c001ec4d                CPU::writeCR4(unsigned long)

.text._ZN3CPU7readCR2Ev
                0x00000000c001ec56       0x12
 .text._ZN3CPU7readCR2Ev
                0x00000000c001ec56       0x12 krnl/panic.32
                0x00000000c001ec56                CPU::readCR2()

.text._ZN10LinkedListIV18ThreadControlBlockED2Ev
                0x00000000c001ec68        0x2
 .text._ZN10LinkedListIV18ThreadControlBlockED2Ev
                0x00000000c001ec68        0x2 thr/prcssthr.32
                0x00000000c001ec68                LinkedList<ThreadControlBlock volatile>::~LinkedList()
                0x00000000c001ec68                LinkedList<ThreadControlBlock volatile>::~LinkedList()

.text._ZN18ThreadControlBlockC2Ev
                0x00000000c001ec6a       0x3e
 .text._ZN18ThreadControlBlockC2Ev
                0x00000000c001ec6a       0x3e thr/prcssthr.32
                0x00000000c001ec6a                ThreadControlBlock::ThreadControlBlock()
                0x00000000c001ec6a                ThreadControlBlock::ThreadControlBlock()

.text._ZN10LinkedListIV18ThreadControlBlockEC2Ev
                0x00000000c001eca8       0x58
 .text._ZN10LinkedListIV18ThreadControlBlockEC2Ev
                0x00000000c001eca8       0x58 thr/prcssthr.32
                0x00000000c001eca8                LinkedList<ThreadControlBlock volatile>::LinkedList()
                0x00000000c001eca8                LinkedList<ThreadControlBlock volatile>::LinkedList()

.text._ZN10LinkedListIV18ThreadControlBlockE7getNextEPS1_
                0x00000000c001ed00        0x8
 .text._ZN10LinkedListIV18ThreadControlBlockE7getNextEPS1_
                0x00000000c001ed00        0x8 thr/prcssthr.32
                0x00000000c001ed00                LinkedList<ThreadControlBlock volatile>::getNext(ThreadControlBlock volatile*)

.text._ZN3PCID2Ev
                0x00000000c001ed08       0x23
 .text._ZN3PCID2Ev
                0x00000000c001ed08       0x23 hw/bus/pci.32
                0x00000000c001ed08                PCI::~PCI()
                0x00000000c001ed08                PCI::~PCI()

.text._ZN3PCID0Ev
                0x00000000c001ed2c       0x2a
 .text._ZN3PCID0Ev
                0x00000000c001ed2c       0x2a hw/bus/pci.32
                0x00000000c001ed2c                PCI::~PCI()

.text._ZN3IDED2Ev
                0x00000000c001ed56       0x23
 .text._ZN3IDED2Ev