Archive member included to satisfy reference by file (symbol)

/cygdrive/d/Users/Alex/Desktop/Toolchain/Output/bin/../lib/gcc/i386-banana/8.1.0/libgcc.a(_divdi3.o)
                              fs/fat/ff.32 (__divdi3)
/cygdrive/d/Users/Alex/Desktop/Toolchain/Output/bin/../lib/gcc/i386-banana/8.1.0/libgcc.a(_moddi3.o)
                              thr/elf.32 (__moddi3)
/cygdrive/d/Users/Alex/Desktop/Toolchain/Output/bin/../lib/gcc/i386-banana/8.1.0/libgcc.a(_udivdi3.o)
                              fs/fat/ff.32 (__udivdi3)
/cygdrive/d/Users/Alex/Desktop/Toolchain/Output/bin/../lib/gcc/i386-banana/8.1.0/libgcc.a(_umoddi3.o)
                              core/pipe.32 (__umoddi3)
D:/Users/Alex/Desktop/Banana/kernel/libk/libm32.a(s_fabs.c.o)
                              hal/libresample/samplerate.32 (fabs)
D:/Users/Alex/Desktop/Banana/kernel/libk/libm32.a(s_lrint.S.o)
                              hal/libresample/samplerate.32 (lrint)
D:/Users/Alex/Desktop/Banana/kernel/libk/libm32.a(s_lrintf.S.o)
                              hal/sound/sndhw.32 (lrintf)

Discarded input sections

 .comment       0x0000000000000000       0x12 /cygdrive/d/Users/Alex/Desktop/Toolchain/Output/bin/../lib/gcc/i386-banana/8.1.0/crtbegin.o
 .comment       0x0000000000000000       0x12 acpica/utclib.32
 .comment       0x0000000000000000       0x12 core/malloc.32
 .comment       0x0000000000000000       0x12 libk/string.32
 .comment       0x0000000000000000       0x12 fs/fat/diskio.32
 .comment       0x0000000000000000       0x12 fs/fat/ff.32
 .comment       0x0000000000000000       0x12 fs/fat/ffsystem.32
 .comment       0x0000000000000000       0x12 fs/fat/ffunicode.32
 .comment       0x0000000000000000       0x12 hal/libresample/samplerate.32
 .comment       0x0000000000000000       0x12 hal/libresample/src_linear.32
 .comment       0x0000000000000000       0x12 hal/libresample/src_sinc.32
 .comment       0x0000000000000000       0x12 hal/libresample/src_zoh.32
 .group         0x0000000000000000       0x14 core/computer.32
 .group         0x0000000000000000        0xc core/computer.32
 .comment       0x0000000000000000       0x12 core/computer.32
 .comment       0x0000000000000000       0x12 core/gdt.32
 .group         0x0000000000000000        0xc core/idle.32
 .comment       0x0000000000000000       0x12 core/idle.32
 .comment       0x0000000000000000       0x12 core/idt.32
 .group         0x0000000000000000        0x8 core/kheap.32
 .group         0x0000000000000000        0x8 core/kheap.32
 .comment       0x0000000000000000       0x12 core/kheap.32
 .comment       0x0000000000000000       0x12 core/main.32
 .comment       0x0000000000000000       0x12 core/physmgr.32
 .group         0x0000000000000000        0xc core/pipe.32
 .comment       0x0000000000000000       0x12 core/pipe.32
 .group         0x0000000000000000        0xc core/terminal.32
 .comment       0x0000000000000000       0x12 core/terminal.32
 .group         0x0000000000000000        0x8 core/tss.32
 .text._ZN3CPU7readCR3Ev
                0x0000000000000000       0x12 core/tss.32
 .comment       0x0000000000000000       0x12 core/tss.32
 .group         0x0000000000000000        0x8 core/unixfile.32
 .group         0x0000000000000000        0xc core/unixfile.32
 .group         0x0000000000000000        0xc core/unixfile.32
 .group         0x0000000000000000        0x8 core/unixfile.32
 .group         0x0000000000000000        0xc core/unixfile.32
 .group         0x0000000000000000        0x8 core/unixfile.32
 .group         0x0000000000000000        0xc core/unixfile.32
 .group         0x0000000000000000        0xc core/unixfile.32
 .comment       0x0000000000000000       0x12 core/unixfile.32
 .group         0x0000000000000000        0x8 core/virtmgr.32
 .group         0x0000000000000000        0x8 core/virtmgr.32
 .text._ZN3CPU7readCR3Ev
                0x0000000000000000       0x12 core/virtmgr.32
 .text._ZN3CPU8writeCR3Em
                0x0000000000000000        0x9 core/virtmgr.32
 .comment       0x0000000000000000       0x12 core/virtmgr.32
 .comment       0x0000000000000000       0x12 coreobjs/c++.32
 .comment       0x0000000000000000       0x12 dbg/kconsole.32
 .group         0x0000000000000000        0xc fs/vfs.32
 .group         0x0000000000000000        0xc fs/vfs.32
 .group         0x0000000000000000        0xc fs/vfs.32
 .comment       0x0000000000000000       0x12 fs/vfs.32
 .group         0x0000000000000000        0xc hal/bus.32
 .comment       0x0000000000000000       0x12 hal/bus.32
 .group         0x0000000000000000        0xc hal/buzzer.32
 .comment       0x0000000000000000       0x12 hal/buzzer.32
 .group         0x0000000000000000        0xc hal/clock.32
 .comment       0x0000000000000000       0x12 hal/clock.32
 .group         0x0000000000000000       0x14 hal/device.32
 .group         0x0000000000000000        0xc hal/device.32
 .group         0x0000000000000000        0xc hal/device.32
[...]
Memory Configuration

Name             Origin             Length             Attributes
*default*        0x0000000000000000 0xffffffffffffffff

Linker script and memory map

LOAD D:/Users/Alex/Desktop/Banana/kernel/boot.32
LOAD crti.32
LOAD /cygdrive/d/Users/Alex/Desktop/Toolchain/Output/bin/../lib/gcc/i386-banana/8.1.0/crtbegin.o
LOAD D:/Users/Alex/Desktop/Banana/kernel/morenasm.32
LOAD acpica/utclib.32
LOAD core/malloc.32
LOAD libk/string.32
LOAD fs/fat/diskio.32
LOAD fs/fat/ff.32
LOAD fs/fat/ffsystem.32
LOAD fs/fat/ffunicode.32
LOAD hal/libresample/samplerate.32
LOAD hal/libresample/src_linear.32
LOAD hal/libresample/src_sinc.32
LOAD hal/libresample/src_zoh.32
LOAD core/computer.32
LOAD core/gdt.32
LOAD core/idle.32
LOAD core/idt.32
LOAD core/kheap.32
LOAD core/main.32
LOAD core/physmgr.32
LOAD core/pipe.32
LOAD core/terminal.32
LOAD core/tss.32
LOAD core/unixfile.32
LOAD core/virtmgr.32
LOAD coreobjs/c++.32
LOAD dbg/kconsole.32
LOAD fs/vfs.32
LOAD hal/bus.32
LOAD hal/buzzer.32
LOAD hal/clock.32
LOAD hal/device.32
LOAD hal/diskctrl.32
LOAD hal/diskphys.32
LOAD hal/fpu.32
LOAD hal/intctrl.32
LOAD hal/keybrd.32
LOAD hal/logidisk.32
LOAD hal/mouse.32
LOAD hal/partition.32
LOAD hal/timer.32
LOAD hal/vcache.32
LOAD hal/video.32
LOAD hw/acpi.32
LOAD hw/cpu.32
LOAD hw/ports.32
LOAD krnl/panic.32
LOAD reg/registry.32
LOAD sys/sc_exit.32
LOAD sys/sc_loaddll.32
LOAD sys/sc_read.32
LOAD sys/sc_sbrk.32
LOAD sys/sc_write.32
LOAD sys/sc_yield.32
LOAD sys/syscalls.32
LOAD thr/elf.32
LOAD thr/prcssthr.32
LOAD vm86/vm8086.32
LOAD fs/fat/vfslink.32
LOAD fs/iso9660/vfslink.32
LOAD hal/sound/sndchannel.32
LOAD hal/sound/sndhw.32
LOAD hw/bus/isa.32
LOAD hw/bus/pci.32
LOAD hw/diskctrl/ide.32
LOAD hw/diskphys/ata.32
LOAD hw/diskphys/atapi.32
LOAD hw/fpu/avx.32
LOAD hw/fpu/mmx.32
LOAD hw/fpu/sse.32
LOAD hw/fpu/x87.32
LOAD hw/intctrl/apic.32
LOAD hw/intctrl/pic.32
LOAD hw/timer/apictimer.32
LOAD hw/timer/pit.32
LOAD hw/fpu/x86/avx.32
LOAD hw/fpu/x86/sse.32
LOAD hw/fpu/x86/x87.32
LOAD /cygdrive/d/Users/Alex/Desktop/Toolchain/Output/bin/../lib/gcc/i386-banana/8.1.0/crtend.o
LOAD crtn.32
LOAD /cygdrive/d/Users/Alex/Desktop/Toolchain/Output/bin/../lib/gcc/i386-banana/8.1.0/libgcc.a
LOAD D:/Users/Alex/Desktop/Banana/kernel/libk/libm32.a
                0x00000000c0000000                . = 0xc0000000

.text           0x00000000c0000000    0x1f748
 *(.text)
 .text          0x00000000c0000000       0x41 D:/Users/Alex/Desktop/Banana/kernel/boot.32
                0x00000000c0000020                callGlobalConstructors
 .text          0x00000000c0000041        0x0 crti.32
 *fill*         0x00000000c0000041        0x3 
 .text          0x00000000c0000044      0x101 /cygdrive/d/Users/Alex/Desktop/Toolchain/Output/bin/../lib/gcc/i386-banana/8.1.0/crtbegin.o
 *fill*         0x00000000c0000145        0xb 
 .text          0x00000000c0000150      0x4da D:/Users/Alex/Desktop/Banana/kernel/morenasm.32
                0x00000000c0000150                voodooXADD
                0x00000000c000020b                doTPAUSE
                0x00000000c0000215                hasLegacyFPU
                0x00000000c000023a                is486
                0x00000000c0000270                goToVM86
                0x00000000c00002a1                goToUsermode
                0x00000000c00002cc                switchToThreadASMFirstTime
                0x00000000c00002da                switchToThreadASM
                0x00000000c000037a                detectCPUID
                0x00000000c0000390                asmQuickAcquireLock
                0x00000000c00003ae                asmQuickReleaseLock
                0x00000000c00003ba                asmAcquireLock
                0x00000000c00003db                asmReleaseLock
                0x00000000c00003ee                loadGDT
                0x00000000c000040e                isr0
                0x00000000c000041e                isr1
                0x00000000c0000428                isr2
                0x00000000c0000432                isr3
                0x00000000c000043c                isr4
                0x00000000c0000446                isr5
                0x00000000c0000450                isr6
                0x00000000c000045a                isr7
                0x00000000c0000464                isr8
                0x00000000c000046c                isr9
                0x00000000c0000476                isr10
                0x00000000c000047e                isr11
                0x00000000c0000486                isr12
                0x00000000c000048e                isr13
                0x00000000c0000496                isr14
                0x00000000c000049e                isr15
                0x00000000c00004a8                isr16
                0x00000000c00004b2                isr17
                0x00000000c00004bc                isr18
                0x00000000c00004c6                isr96
                0x00000000c00004d0                irq0
                0x00000000c00004da                irq1
                0x00000000c00004e4                irq2
                0x00000000c00004ee                irq3
                0x00000000c00004f8                irq4
                0x00000000c0000502                irq5
                0x00000000c000050c                irq6
                0x00000000c0000516                irq7
                0x00000000c0000520                irq8
                0x00000000c000052a                irq9
                0x00000000c0000534                irq10
                0x00000000c000053e                irq11
                0x00000000c0000548                irq12
                0x00000000c0000552                irq13
                0x00000000c000055c                irq14
                0x00000000c0000566                irq15
                0x00000000c0000570                irq16
                0x00000000c000057a                irq17
                0x00000000c0000584                irq18
                0x00000000c000058e                irq19
                0x00000000c0000598                irq20
                0x00000000c00005a2                irq21
                0x00000000c00005ac                irq22
                0x00000000c00005b6                irq23
                0x00000000c00005c0                int_common_stub
                0x00000000c00005f0                syscall_common_stub
 .text          0x00000000c000062a      0x411 acpica/utclib.32
                0x00000000c000062a                memcmp
                0x00000000c0000655                memmove
                0x00000000c000068d                memcpy
                0x00000000c00006c3                memset
                0x00000000c00006e0                strlen
                0x00000000c00006f0                strpbrk
                0x00000000c0000713                strtok
                0x00000000c0000762                strcpy
                0x00000000c0000782                strncpy
                0x00000000c00007b3                strcmp
                0x00000000c00007d4                strchr
                0x00000000c00007ea                strncmp
                0x00000000c0000819                strcat
                0x00000000c0000840                strncat
                0x00000000c000087a                strstr
                0x00000000c00008b7                toupper
                0x00000000c00008cb                tolower
                0x00000000c00008df                simple_strtoul
 .text          0x00000000c0000a3b      0xfc2 core/malloc.32
                0x00000000c0000ba6                dlfree
                0x00000000c0000f04                dlmalloc
                0x00000000c0001441                dlrealloc
                0x00000000c00015f6                dlmemalign
                0x00000000c0001719                dlcalloc
                0x00000000c00017b3                dlcfree
                0x00000000c00017b8                dlindependent_calloc
                0x00000000c00017dd                dlindependent_comalloc
                0x00000000c00017f4                dlvalloc
                0x00000000c000181f                dlpvalloc
                0x00000000c0001855                dlmalloc_trim
                0x00000000c0001862                dlmalloc_usable_size
                0x00000000c0001893                dlmallinfo
                0x00000000c0001962                dlmalloc_stats
                0x00000000c0001973                dlmallopt
 .text          0x00000000c00019fd        0x0 libk/string.32
 .text          0x00000000c00019fd       0x51 fs/fat/diskio.32
                0x00000000c00019fd                disk_status
                0x00000000c0001a00                disk_initialize
                0x00000000c0001a03                disk_read
                0x00000000c0001a19                disk_write
                0x00000000c0001a2f                disk_ioctl
 .text          0x00000000c0001a4e     0x67e6 fs/fat/ff.32
                0x00000000c0004d04                f_mount
                0x00000000c0004d66                f_open
                0x00000000c00051a2                f_read
                0x00000000c0005422                f_write
                0x00000000c00056dc                f_sync
                0x00000000c00058b8                f_close
                0x00000000c00058e7                f_lseek
                0x00000000c0005d4c                f_opendir
                0x00000000c0005e4e                f_closedir
                0x00000000c0005e70                f_readdir
                0x00000000c0005f0b                f_stat
                0x00000000c0005f9a                f_getfree
                0x00000000c0006182                f_truncate
                0x00000000c000627a                f_unlink
                0x00000000c00063fb                f_mkdir
                0x00000000c0006627                f_rename
                0x00000000c000691a                f_chmod
                0x00000000c00069f8                f_utime
                0x00000000c0006ad6                f_getlabel
                0x00000000c0006cca                f_setlabel
                0x00000000c0006f37                f_forward
                0x00000000c0007115                f_mkfs
 .text          0x00000000c0008234       0x2d fs/fat/ffsystem.32
                0x00000000c0008234                ff_memalloc
                0x00000000c000824a                ff_memfree
 .text          0x00000000c0008261      0x280 fs/fat/ffunicode.32
                0x00000000c0008261                ff_uni2oem
                0x00000000c00082f7                ff_oem2uni
                0x00000000c0008366                ff_wtoupper
 .text          0x00000000c00084e1      0x70e hal/libresample/samplerate.32
                0x00000000c0008569                src_delete
                0x00000000c00085a5                src_process
                0x00000000c00086cd                src_callback_read
                0x00000000c000882e                src_set_ratio
                0x00000000c0008885                src_get_channels
                0x00000000c00088a7                src_reset
                0x00000000c00088eb                src_new
                0x00000000c0008979                src_callback_new
                0x00000000c00089db                src_get_name
                0x00000000c0008a12                src_get_description
                0x00000000c0008a49                src_get_version
                0x00000000c0008a4f                src_is_valid_ratio
                0x00000000c0008a69                src_error
                0x00000000c0008a77                src_strerror
                0x00000000c0008a8a                src_simple
                0x00000000c0008add                src_short_to_float_array
                0x00000000c0008b03                src_float_to_short_array
                0x00000000c0008b67                src_int_to_float_array
                0x00000000c0008b8d                src_float_to_int_array
 .text          0x00000000c0008bef      0x3f9 hal/libresample/src_linear.32
                0x00000000c0008f43                linear_get_name
                0x00000000c0008f52                linear_get_description
                0x00000000c0008f61                linear_set_converter
 .text          0x00000000c0008fe8     0x1a31 hal/libresample/src_sinc.32
                0x00000000c000a930                sinc_get_name
                0x00000000c000a943                sinc_get_description
                0x00000000c000a956                sinc_set_converter
 .text          0x00000000c000aa19      0x3cf hal/libresample/src_zoh.32
                0x00000000c000ad43                zoh_get_name
                0x00000000c000ad52                zoh_get_description
                0x00000000c000ad61                zoh_set_converter
 .text          0x00000000c000ade8      0x9d0 core/computer.32
                0x00000000c000ade8                Computer::close(int, int, void*)
                0x00000000c000ae2e                Computer::Computer()
                0x00000000c000ae2e                Computer::Computer()
                0x00000000c000af94                Computer::setBootMessage(char const*)
                0x00000000c000af96                Computer::start()
                0x00000000c000b099                firstTask()
                0x00000000c000b0a8                Computer::detectFeatures()
                0x00000000c000b2a2                Computer::displayFeatures()
                0x00000000c000b57e                Computer::rdmsr(unsigned int)
                0x00000000c000b5aa                Computer::wrmsr(unsigned int, unsigned long long)
                0x00000000c000b5e2                Computer::nmiEnabled()
                0x00000000c000b5ee                Computer::readCMOS(unsigned char)
                0x00000000c000b60a                Computer::enableNMI(bool)
                0x00000000c000b622                Computer::open(int, int, void*)
                0x00000000c000b6f6                Computer::disableNMI()
                0x00000000c000b706                Computer::writeCMOS(unsigned char, unsigned char)
                0x00000000c000b726                Computer::handleNMI()
                0x00000000c000b78c                Computer::setDiskActivityLight(int, bool)
 .text          0x00000000c000b7b8      0x1b7 core/gdt.32
                0x00000000c000b7b8                GDTEntry::setBase(unsigned int)
                0x00000000c000b7d4                GDTEntry::setLimit(unsigned int)
                0x00000000c000b7f2                GDT::GDT()
                0x00000000c000b7f2                GDT::GDT()
                0x00000000c000b808                GDT::addEntry(GDTEntry)
                0x00000000c000b844                GDT::getNumberOfEntries()
                0x00000000c000b84c                GDT::flush()
                0x00000000c000b86e                GDT::setup()
 .text          0x00000000c000b96f       0x61 core/idle.32
                0x00000000c000b96f                idleFunction(void*)
 .text          0x00000000c000b9d0      0x45f core/idt.32
                0x00000000c000b9d0                IDTEntry::IDTEntry(bool)
                0x00000000c000b9d0                IDTEntry::IDTEntry(bool)
                0x00000000c000ba3e                IDTEntry::setOffset(unsigned int)
                0x00000000c000ba52                IDT::IDT()
                0x00000000c000ba52                IDT::IDT()
                0x00000000c000ba54                IDT::getPointerToInvalidOpcodeEntryForF00F()
                0x00000000c000ba5c                IDT::addEntry(IDTEntry, int)
                0x00000000c000ba76                IDT::addEntry(int, void (*)(), bool)
                0x00000000c000baae                IDT::flush()
                0x00000000c000bac8                IDT::setup()
 .text          0x00000000c000be2f      0x20c core/kheap.32
                0x00000000c000be2f                sbrk
                0x00000000c000bf46                mmap
                0x00000000c000bf5c                munmap
                0x00000000c000bf72                liballoc_lock()
                0x00000000c000bf83                liballoc_unlock()
                0x00000000c000bf94                liballoc_alloc(int)
                0x00000000c000bfaf                liballoc_free(void*, int)
                0x00000000c000bfcd                realloc
                0x00000000c000bfe1                malloc
                0x00000000c000bff1                free
                0x00000000c000c001                rfree
                0x00000000c000c011                calloc
 .text          0x00000000c000c03b      0x3a9 core/main.32
                0x00000000c000c03b                hwTextMode_loadInData(VgaText*)
                0x00000000c000c080                hwTextMode_loadInTitle(VgaText*, char*)
                0x00000000c000c0ca                hwTextMode_showCursor(VgaText*, bool)
                0x00000000c000c11e                hwTextMode_update(VgaText*)
                0x00000000c000c11f                hwTextMode_updateCursor(VgaText*)
                0x00000000c000c16d                hwTextMode_disableBlink(VgaText*, bool)
                0x00000000c000c1a9                hwTextMode_scrollScreen(VgaText*)
                0x00000000c000c235                hwTextMode_writeCharacter(VgaText*, char, VgaColour, VgaColour, int, int)
                0x00000000c000c29b                setupTextMode()
                0x00000000c000c2ec                kernel_main
 .text          0x00000000c000c3e4      0x504 core/physmgr.32
                0x00000000c000c3e4                Phys::allocateDMA(unsigned long)
                0x00000000c000c488                Phys::freeDMA(unsigned long, unsigned long)
                0x00000000c000c4d0                Phys::setPageState(unsigned long, bool)
                0x00000000c000c509                Phys::getPageState(unsigned long)
                0x00000000c000c52a                Phys::freePage(unsigned long)
                0x00000000c000c5b7                Phys::allocatePage()
                0x00000000c000c683                Phys::allowSegmentToBeUsed(unsigned long, unsigned long)
                0x00000000c000c6bb                Phys::physicalMemorySetup(unsigned int)
 .text          0x00000000c000c8e8      0x273 core/pipe.32
                0x00000000c000c8e8                Pipe::isAtty()
                0x00000000c000c8ec                Pipe::~Pipe()
                0x00000000c000c8ec                Pipe::~Pipe()
                0x00000000c000c910                Pipe::~Pipe()
                0x00000000c000c938                Pipe::read(unsigned long long, void*, int*)
                0x00000000c000ca2c                Pipe::write(unsigned long long, void*, int*)
                0x00000000c000caf4                Pipe::Pipe(int)
                0x00000000c000caf4                Pipe::Pipe(int)
 *fill*         0x00000000c000cb5b        0x1 
 .text          0x00000000c000cb5c      0xf67 core/terminal.32
                0x00000000c000cb5c                VgaText::isAtty()
                0x00000000c000cb60                VgaText::~VgaText()
                0x00000000c000cb60                VgaText::~VgaText()
                0x00000000c000cb84                VgaText::~VgaText()
                0x00000000c000cbae                VgaText::read(unsigned long long, void*, int*)
                0x00000000c000cbce                setTerminalScrollLock(bool)
                0x00000000c000cbcf                addToTerminalCycle(VgaText*)
                0x00000000c000cbfc                installVgaTextImplementation()
                0x00000000c000cc11                scrollTerminalScrollLock(int)
                0x00000000c000cc12                VgaText::load()
                0x00000000c000cc66                VgaText::updateCursor()
                0x00000000c000cc80                VgaText::showCursor(bool)
                0x00000000c000cc90                VgaText::disableBlink(bool)
                0x00000000c000ccca                VgaText::doANSI_SGR(int)
                0x00000000c000cd56                VgaText::setDefaultBgColour(VgaColour)
                0x00000000c000cd6c                VgaText::setDefaultFgColour(VgaColour)
                0x00000000c000cd82                VgaText::setDefaultColours(VgaColour, VgaColour)
                0x00000000c000cda2                VgaText::combineColours(unsigned char, unsigned char)
                0x00000000c000cdb4                VgaText::scrollScreen()
                0x00000000c000ce48                VgaText::combineCharAndColour(char, unsigned char)
                0x00000000c000ce5a                VgaText::writeCharacter(char, VgaColour, VgaColour, int, int)
                0x00000000c000ceba                VgaText::getCursorX()
                0x00000000c000cec6                VgaText::getCursorY()
                0x00000000c000ced2                VgaText::setCursor(int, int)
                0x00000000c000cef0                VgaText::setCursorX(int)
                0x00000000c000cf0c                VgaText::setCursorY(int)
                0x00000000c000cf28                VgaText::incrementCursor(bool)
                0x00000000c000cf90                VgaText::updateRAMUsageDisplay(int)
                0x00000000c000cfea                VgaText::updateDiskUsage()
                0x00000000c000d150                VgaText::updateTitle()
                0x00000000c000d196                VgaText::setTitleTextColour(VgaColour)
                0x00000000c000d1a6                VgaText::setTitleColour(VgaColour)
                0x00000000c000d1b6                VgaText::setTitle(char*)
                0x00000000c000d1dc                VgaText::decrementCursor(bool)
                0x00000000c000d204                VgaText::putchar(char, VgaColour, VgaColour)
                0x00000000c000d300                VgaText::isShowingCursor()
                0x00000000c000d30c                VgaText::isBlinkDisabled()
                0x00000000c000d31a                VgaText::setCursorHeight(int)
                0x00000000c000d338                VgaText::getCursorHeight()
                0x00000000c000d343                setActiveTerminal(VgaText*)
                0x00000000c000d3f5                doTerminalCycle()
                0x00000000c000d412                VgaText::doUpdate()
                0x00000000c000d424                VgaText::puts(char const*, VgaColour, VgaColour)
                0x00000000c000d5e6                VgaText::clearScreen()
                0x00000000c000d64a                VgaText::putchar(char)
                0x00000000c000d764                VgaText::puts(char const*)
                0x00000000c000d78a                VgaText::putx(unsigned int)
                0x00000000c000d7d0                VgaText::VgaText(char const*)
                0x00000000c000d7d0                VgaText::VgaText(char const*)
                0x00000000c000d962                VgaText::receiveKey(unsigned char)
                0x00000000c000da4a                VgaText::write(unsigned long long, void*, int*)
                0x00000000c000da9e                newTerminal(char*)
 *fill*         0x00000000c000dac3        0x1 
 .text          0x00000000c000dac4      0x18f core/tss.32
                0x00000000c000dac4                TSS::TSS()
                0x00000000c000dac4                TSS::TSS()
                0x00000000c000dad2                TSS::setESP(unsigned long)
                0x00000000c000dae4                TSS::flush()
                0x00000000c000db04                TSS::setup(unsigned long, unsigned long)
 *fill*         0x00000000c000dc53        0x1 
 .text          0x00000000c000dc54      0x545 core/unixfile.32
                0x00000000c000dc54                ReservedFilename::read(unsigned long long, void*, int*)
                0x00000000c000dcea                ReservedFilename::isAtty()
                0x00000000c000dd20                ReservedFilename::write(unsigned long long, void*, int*)
                0x00000000c000ddba                UnixFile::getFileDescriptor()
                0x00000000c000ddc2                UnixFile::UnixFile(int)
                0x00000000c000ddc2                UnixFile::UnixFile(int)
                0x00000000c000df32                ReservedFilename::ReservedFilename(int)
                0x00000000c000df32                ReservedFilename::ReservedFilename(int)
                0x00000000c000df64                UnixFile::~UnixFile()
                0x00000000c000df64                UnixFile::~UnixFile()
                0x00000000c000dffc                UnixFile::~UnixFile()
                0x00000000c000e024                ReservedFilename::~ReservedFilename()
                0x00000000c000e024                ReservedFilename::~ReservedFilename()
                0x00000000c000e048                ReservedFilename::~ReservedFilename()
                0x00000000c000e06f                getFromFileDescriptor(int)
 *fill*         0x00000000c000e199        0x1 
 .text          0x00000000c000e19a      0xecf core/virtmgr.32
                0x00000000c000e19a                Virt::setPageState(unsigned long, Virt::VirtPageState)
                0x00000000c000e1d1                Virt::getPageState(unsigned long)
                0x00000000c000e1f8                Virt::allocateKernelVirtualPages(int)
                0x00000000c000e309                Virt::virtualMemorySetup()
                0x00000000c000e385                Virt::getAKernelVAS()
                0x00000000c000e38b                Virt::setupPageSwapping(int)
                0x00000000c000e4a6                VAS::VAS()
                0x00000000c000e4a6                VAS::VAS()
                0x00000000c000e4d6                VAS::VAS(VAS*)
                0x00000000c000e4d6                VAS::VAS(VAS*)
                0x00000000c000e4fa                VAS::getForeignPageTableEntry(bool, unsigned long)
                0x00000000c000e526                VAS::getPageTableEntry(unsigned long)
                0x00000000c000e545                Virt::freeKernelVirtualPages(unsigned long)
                0x00000000c000e666                VAS::freeAllocatedPages(unsigned long)
                0x00000000c000e68a                VAS::virtualToPhysical(unsigned long)
                0x00000000c000e6a4                VAS::reflagRange(unsigned long, int, int, int)
                0x00000000c000e6e8                VAS::setToWriteCombining(unsigned long, int)
                0x00000000c000e722                VAS::mapOtherVASIn(bool, VAS*)
                0x00000000c000e758                VAS::~VAS()
                0x00000000c000e758                VAS::~VAS()
                0x00000000c000e8c4                VAS::mapPage(unsigned long, unsigned long, int)
                0x00000000c000e9c6                VAS::allocatePages(int, int)
                0x00000000c000eb98                VAS::setCPUSpecific(unsigned long)
                0x00000000c000ebb6                VAS::mapRange(unsigned long, unsigned long, int, int)
                0x00000000c000ec80                VAS::mapForeignPage(bool, VAS*, unsigned long, unsigned long, int)
                0x00000000c000ed72                VAS::VAS(bool)
                0x00000000c000ed72                VAS::VAS(bool)
                0x00000000c000efa2                mapVASFirstTime
 .text          0x00000000c000f069       0x93 coreobjs/c++.32
                0x00000000c000f069                __cxa_atexit
                0x00000000c000f06c                __cxa_finalize
                0x00000000c000f06d                __stack_chk_fail
                0x00000000c000f0cd                __cxa_pure_virtual
                0x00000000c000f0de                operator new(unsigned long)
                0x00000000c000f0e3                operator new[](unsigned long)
                0x00000000c000f0e8                operator delete(void*)
                0x00000000c000f0ed                operator delete(void*, unsigned long)
                0x00000000c000f0f2                operator delete[](void*)
                0x00000000c000f0f7                operator delete[](void*, unsigned long)
 .text          0x00000000c000f0fc      0x23d dbg/kconsole.32
                0x00000000c000f0fc                Dbg::stringifyxWithBase(unsigned int, char*, int)
                0x00000000c000f1a0                Dbg::logc(char)
                0x00000000c000f1b7                Dbg::logs(char*)
                0x00000000c000f1d4                Dbg::logWriteInt(unsigned int)
                0x00000000c000f1f2                Dbg::logWriteIntBase(unsigned int, int)
                0x00000000c000f213                Dbg::kprintf(char const*, ...)
 *fill*         0x00000000c000f339        0x1 
 .text          0x00000000c000f33a      0xb68 fs/vfs.32
                0x00000000c000f33a                File::read(unsigned long long, void*, int*)
                0x00000000c000f392                File::write(unsigned long long, void*, int*)
                0x00000000c000f3ea                Directory::read(unsigned long long, void*, int*)
                0x00000000c000f442                Directory::write(unsigned long long, void*, int*)
                0x00000000c000f470                File::isAtty()
                0x00000000c000f474                Directory::isAtty()
                0x00000000c000f478                Filesystem::getlabel(LogicalDisk*, int, char*, unsigned int*)
                0x00000000c000f47e                Filesystem::setlabel(LogicalDisk*, int, char*)
                0x00000000c000f484                File::~File()
                0x00000000c000f484                File::~File()
                0x00000000c000f4a8                File::~File()
                0x00000000c000f4d2                Directory::~Directory()
                0x00000000c000f4d2                Directory::~Directory()
                0x00000000c000f4f6                Directory::~Directory()
                0x00000000c000f520                Filesystem::Filesystem()
                0x00000000c000f520                Filesystem::Filesystem()
                0x00000000c000f544                Filesystem::~Filesystem()
                0x00000000c000f544                Filesystem::~Filesystem()
                0x00000000c000f552                Filesystem::~Filesystem()
                0x00000000c000f576                initVFS()
                0x00000000c000f5a0                standardiseFiles(char*, char const*, char const*)
                0x00000000c000f74a                File::File(char const*, Process*)
                0x00000000c000f74a                File::File(char const*, Process*)
                0x00000000c000f7ae                File::open(FileOpenMode)
                0x00000000c000f80c                File::close()
                0x00000000c000f86c                File::seek(unsigned long long)
                0x00000000c000f8c2                File::tell(unsigned long long*)
                0x00000000c000f912                File::rewind()
                0x00000000c000f926                File::unlink()
                0x00000000c000f972                File::rename(char const*)
                0x00000000c000f9c0                File::chfatattr(unsigned char, unsigned char)
                0x00000000c000fa1c                File::exists()
                0x00000000c000fa5a                File::stat(unsigned long long*, bool*)
                0x00000000c000fabb                getcwd(Process*, char*, int)
                0x00000000c000fae5                setcwd(Process*, char*)
                0x00000000c000fc0c                Directory::Directory(char const*, Process*)
                0x00000000c000fc0c                Directory::Directory(char const*, Process*)
                0x00000000c000fc70                Directory::open()
                0x00000000c000fccc                Directory::close()
                0x00000000c000fd2c                Directory::unlink()
                0x00000000c000fd78                Directory::rename(char const*)
                0x00000000c000fdc6                Directory::exists()
                0x00000000c000fe04                Directory::read(dirent*)
                0x00000000c000fe50                Directory::create()
                0x00000000c000fe9c                Filesystem::chfatattr(char const*, unsigned char, unsigned char)
 .text          0x00000000c000fea2       0x84 hal/bus.32
                0x00000000c000fea2                Bus::Bus(char const*)
                0x00000000c000fea2                Bus::Bus(char const*)
                0x00000000c000fed8                Bus::~Bus()
                0x00000000c000fed8                Bus::~Bus()
                0x00000000c000fefc                Bus::~Bus()
 .text          0x00000000c000ff26      0x14e hal/buzzer.32
                0x00000000c000ff26                Buzzer::Buzzer(char const*)
                0x00000000c000ff26                Buzzer::Buzzer(char const*)
                0x00000000c000ff6a                Buzzer::~Buzzer()
                0x00000000c000ff6a                Buzzer::~Buzzer()
                0x00000000c000ff8e                Buzzer::~Buzzer()
                0x00000000c000ffb8                Buzzer::stop()
                0x00000000c000ffcb                beepThread(void*)
                0x00000000c0010006                Buzzer::beep(int, int, bool)
 .text          0x00000000c0010074      0x435 hal/clock.32
                0x00000000c0010074                loadClockSettings()
                0x00000000c001008e                Clock::Clock(char const*)
                0x00000000c001008e                Clock::Clock(char const*)
                0x00000000c00100c4                Clock::~Clock()
                0x00000000c00100c4                Clock::~Clock()
                0x00000000c00100e8                Clock::~Clock()
                0x00000000c0010112                Clock::timeInSecondsLocal()
                0x00000000c001015a                Clock::setTimeInSecondsLocal(unsigned long long)
                0x00000000c00101b3                datetimeToSeconds(datetime_t)
                0x00000000c00102e0                Clock::setTimeInDatetimeLocal(datetime_t)
                0x00000000c0010340                secondsToDatetime(unsigned long long)
                0x00000000c0010484                Clock::timeInDatetimeLocal()
 *fill*         0x00000000c00104a9        0x1 
 .text          0x00000000c00104aa      0x500 hal/device.32
                0x00000000c00104aa                Device::hibernate()
                0x00000000c00104ac                Device::wake()
                0x00000000c00104ae                Device::detect()
                0x00000000c00104b0                Device::disableLegacy()
                0x00000000c00104b2                Device::powerSaving(PowerSavingLevel)
                0x00000000c00104b4                DriverlessDevice::close(int, int, void*)
                0x00000000c00104b8                DriverlessDevice::detect()
                0x00000000c00104ba                DriverlessDevice::open(int, int, void*)
                0x00000000c00104ce                Device::~Device()
                0x00000000c00104ce                Device::~Device()
                0x00000000c00104dc                Device::~Device()
                0x00000000c0010504                Device::findAndLoadDriver()
                0x00000000c0010506                Device::preOpenPCI(PCIDeviceInfo)
                0x00000000c0010528                Device::preOpenACPI(void*, char*, char*)
                0x00000000c001057c                Device::addIRQHandler(int, void (*)(regs*, void*), bool, void*)
                0x00000000c00105da                Device::removeIRQHandler(int, void (*)(regs*, void*), bool)
                0x00000000c0010628                Device::addChild(Device*)
                0x00000000c001066c                Device::removeAllChildren()
                0x00000000c00106b2                Device::hibernateAll()
                0x00000000c00106e2                Device::wakeAll()
                0x00000000c0010712                Device::detectAll()
                0x00000000c0010742                Device::disableLegacyAll()
                0x00000000c0010772                Device::loadDriversForAll()
                0x00000000c001079e                Device::closeAll()
                0x00000000c00107d4                Device::powerSavingAll(PowerSavingLevel)
                0x00000000c001080a                Device::setName(char const*)
                0x00000000c0010818                Device::Device(char const*)
                0x00000000c0010818                Device::Device(char const*)
                0x00000000c001090a                Device::getName()
                0x00000000c0010914                DriverlessDevice::DriverlessDevice(char const*)
                0x00000000c0010914                DriverlessDevice::DriverlessDevice(char const*)
                0x00000000c001093c                Device::addToLinkedList(LinkedList<Device>&, DeviceType)
                0x00000000c0010980                getDevicesOfType(DeviceType)
 .text          0x00000000c00109aa       0x84 hal/diskctrl.32
                0x00000000c00109aa                HardDiskController::HardDiskController(char const*)
                0x00000000c00109aa                HardDiskController::HardDiskController(char const*)
                0x00000000c00109e0                HardDiskController::~HardDiskController()
                0x00000000c00109e0                HardDiskController::~HardDiskController()
                0x00000000c0010a04                HardDiskController::~HardDiskController()
 .text          0x00000000c0010a2e       0xde hal/diskphys.32
                0x00000000c0010a2e                PhysicalDisk::PhysicalDisk(char const*, int)
                0x00000000c0010a2e                PhysicalDisk::PhysicalDisk(char const*, int)
                0x00000000c0010a96                PhysicalDisk::startCache()
                0x00000000c0010abe                PhysicalDisk::~PhysicalDisk()
                0x00000000c0010abe                PhysicalDisk::~PhysicalDisk()
                0x00000000c0010ae2                PhysicalDisk::~PhysicalDisk()
 .text          0x00000000c0010b0c      0x142 hal/fpu.32
                0x00000000c0010b0c                FPU::FPU(char const*)
                0x00000000c0010b0c                FPU::FPU(char const*)
                0x00000000c0010b42                FPU::~FPU()
                0x00000000c0010b42                FPU::~FPU()
                0x00000000c0010b66                FPU::~FPU()
                0x00000000c0010b90                setupFPU()
 .text          0x00000000c0010c4e     0x12c1 hal/intctrl.32
                0x00000000c0010c4e                InterruptController::uninstallISRHandler(int, void (*)(regs*, void*))
                0x00000000c0010c86                InterruptController::installISRHandler(int, void (*)(regs*, void*), void*)
                0x00000000c0010cd8                doubleFault(regs*, void*)
                0x00000000c0010cf2                InterruptController::installIRQHandler(int, void (*)(regs*, void*), bool, void*)
                0x00000000c0010d8e                InterruptController::clearAllHandlers(int, bool)
                0x00000000c0010e36                InterruptController::uninstallIRQHandler(int, void (*)(regs*, void*), bool)
                0x00000000c0010ebd                nmiHandler(regs*, void*)
                0x00000000c0010ecb                int_handler
                0x00000000c0010f66                InterruptController::InterruptController(char const*)
                0x00000000c0010f66                InterruptController::InterruptController(char const*)
                0x00000000c001100c                InterruptController::~InterruptController()
                0x00000000c001100c                InterruptController::~InterruptController()
                0x00000000c0011030                InterruptController::~InterruptController()
                0x00000000c001105a                displayDebugInfo(regs*)
                0x00000000c0011471                x87EmulHandler(regs*, void*)
                0x00000000c00114d4                gpFault(regs*, void*)
                0x00000000c001150d                pgFault(regs*, void*)
                0x00000000c0011524                otherISRHandler(regs*, void*)
                0x00000000c0011543                opcodeFault(regs*, void*)
                0x00000000c0011ae2                displayProgramFault(char const*)
                0x00000000c0011b0a                setupInterruptController()
                0x00000000c0011ec2                InterruptController::convertLegacyIRQNumber(int)
 *fill*         0x00000000c0011f0f        0x1 
 .text          0x00000000c0011f10      0x61c hal/keybrd.32
                0x00000000c0011f10                startGUI(void*)
                0x00000000c0011f82                sendKeyToTerminal(unsigned char)
                0x00000000c0011ff3                sendKeyboardToken(KeyboardToken)
                0x00000000c00123dc                clearInternalKeybuffer(VgaText*)
                0x00000000c0012411                readKeyboard(VgaText*, char*, unsigned long)
                0x00000000c00124a2                Keyboard::Keyboard(char const*)
                0x00000000c00124a2                Keyboard::Keyboard(char const*)
                0x00000000c00124de                Keyboard::~Keyboard()
                0x00000000c00124de                Keyboard::~Keyboard()
                0x00000000c0012502                Keyboard::~Keyboard()
 .text          0x00000000c001252c      0x400 hal/logidisk.32
                0x00000000c001252c                LogicalDisk::close(int, int, void*)
                0x00000000c0012530                LogicalDisk::~LogicalDisk()
                0x00000000c0012530                LogicalDisk::~LogicalDisk()
                0x00000000c0012554                LogicalDisk::~LogicalDisk()
                0x00000000c001257e                LogicalDisk::open(int, int, void*)
                0x00000000c0012592                LogicalDisk::absoluteToRelative(unsigned long long)
                0x00000000c00125ca                LogicalDisk::relativeToAbsolute(unsigned long long)
                0x00000000c0012610                LogicalDisk::LogicalDisk(char const*, PhysicalDisk*, unsigned long long, unsigned long long)
                0x00000000c0012610                LogicalDisk::LogicalDisk(char const*, PhysicalDisk*, unsigned long long, unsigned long long)
                0x00000000c00126c6                LogicalDisk::assignDriveLetter()
                0x00000000c001277c                LogicalDisk::mount()
                0x00000000c00127ee                LogicalDisk::unmount()
                0x00000000c00127fe                LogicalDisk::unassignDriveLetter()
                0x00000000c0012854                LogicalDisk::read(unsigned long long, int, void*)
                0x00000000c00128c0                LogicalDisk::write(unsigned long long, int, void*)
 .text          0x00000000c001292c       0x84 hal/mouse.32
                0x00000000c001292c                Mouse::Mouse(char const*)
                0x00000000c001292c                Mouse::Mouse(char const*)
                0x00000000c0012962                Mouse::~Mouse()
                0x00000000c0012962                Mouse::~Mouse()
                0x00000000c0012986                Mouse::~Mouse()
 .text          0x00000000c00129b0      0x339 hal/partition.32
                0x00000000c00129b0                makePartition(PhysicalDisk*, unsigned long long, unsigned long long)
                0x00000000c0012a58                createPartitionsForDisk(PhysicalDisk*)
 *fill*         0x00000000c0012ce9        0x1 
 .text          0x00000000c0012cea      0x2e7 hal/timer.32
                0x00000000c0012cea                Timer::Timer(char const*)
                0x00000000c0012cea                Timer::Timer(char const*)
                0x00000000c0012d20                Timer::~Timer()
                0x00000000c0012d20                Timer::~Timer()
                0x00000000c0012d44                Timer::~Timer()
                0x00000000c0012d6e                Timer::read()
                0x00000000c0012d79                timerHandler(unsigned long long)
                0x00000000c0012eb0                setupTimer(int)
 *fill*         0x00000000c0012fd1        0x1 
 .text          0x00000000c0012fd2      0x2d1 hal/vcache.32
                0x00000000c0012fd2                VCache::VCache(PhysicalDisk*)
                0x00000000c0012fd2                VCache::VCache(PhysicalDisk*)
                0x00000000c00130c2                VCache::writeWriteBuffer()
                0x00000000c00130fe                VCache::~VCache()
                0x00000000c00130fe                VCache::~VCache()
                0x00000000c001313e                VCache::~VCache()
                0x00000000c0013166                VCache::write(unsigned long long, int, void*)
                0x00000000c001324a                VCache::read(unsigned long long, int, void*)
 *fill*         0x00000000c00132a3        0x1 
 .text          0x00000000c00132a4      0x26d hal/video.32
                0x00000000c00132a4                Video::putrect(int, int, int, int, unsigned int)
                0x00000000c00132ee                Video::blit(unsigned int*, int, int, int, int)
                0x00000000c001336c                Video::clearScreen(unsigned int)
                0x00000000c00133a0                Video::putpixel(int, int, unsigned int)
                0x00000000c00133ae                Video::Video(char const*)
                0x00000000c00133ae                Video::Video(char const*)
                0x00000000c00133e4                Video::~Video()
                0x00000000c00133e4                Video::~Video()
                0x00000000c0013408                Video::~Video()
                0x00000000c0013432                Video::isMonochrome()
                0x00000000c001343e                Video::getWidth()
                0x00000000c001344a                Video::getHeight()
                0x00000000c0013456                Video::drawCursor(int, int, unsigned char*, int)
 *fill*         0x00000000c0013511        0x1 
 .text          0x00000000c0013512      0xd68 hw/acpi.32
                0x00000000c0013512                ACPI::close(int, int, void*)
                0x00000000c00135cb                findRSDP()
                0x00000000c0013655                loadACPITables(unsigned char*)
                0x00000000c001387c                findRSDT(unsigned char*)
                0x00000000c001399a                findDataTable(unsigned char*, char*)
                0x00000000c0013a36                scanMADT()
                0x00000000c0013df2                ACPI::ACPI()
                0x00000000c0013df2                ACPI::ACPI()
                0x00000000c0013e52                ACPI::getPCIIRQAssignment(unsigned char, unsigned short, unsigned char)
                0x00000000c0013f34                ACPI::registerPCIIRQAssignment(void*, unsigned short, unsigned char, unsigned char)
                0x00000000c0014044                ACPI::setScreenBrightnessLevel(void*, int)
                0x00000000c001404a                ACPI::writeSimpleBootFlag(SimpleBootFlagTable*)
                0x00000000c001409c                ACPI::open(int, int, void*)
                0x00000000c0014262                ACPI::sleep()
 .text          0x00000000c001427a     0x17ae hw/cpu.32
                0x00000000c001427a                CPU::close(int, int, void*)
                0x00000000c001427d                lookupAMDCPUName(unsigned char, unsigned char)
                0x00000000c0014422                lookupIntelCPUName(unsigned char, unsigned char)
                0x00000000c00146db                AMD_K6_write_msr(unsigned int, unsigned int, unsigned int, REGS*)
                0x00000000c00146f7                AMD_K6_read_msr(unsigned int, REGS*)
                0x00000000c001470f                AMD_K6_writeback(int, int, int)
                0x00000000c0014782                cpuid(int, unsigned long*, unsigned long*, unsigned long*, unsigned long*)
                0x00000000c0014805                cpuidCheckEDX(unsigned int)
                0x00000000c0014832                cpuidCheckECX(unsigned int)
                0x00000000c001485f                cpuidCheckExtendedEBX(unsigned int)
                0x00000000c001488c                cpuidCheckExtendedECX(unsigned int)
                0x00000000c00148b9                getCPUNumber()
                0x00000000c00148bc                thisCPU()
                0x00000000c00148d0                CPU::CPU()
                0x00000000c00148d0                CPU::CPU()
                0x00000000c001495e                CPU::displayFeatures()
                0x00000000c0014bda                CPU::detectFeatures()
                0x00000000c00155b0                CPU::setupSMEP()
                0x00000000c00155ca                CPU::setupUMIP()
                0x00000000c00155e2                CPU::setupTSC()
                0x00000000c00155fa                CPU::setupLargePages()
                0x00000000c0015612                CPU::setupPAT()
                0x00000000c001564e                CPU::setupMTRR()
                0x00000000c0015650                CPU::setupGlobalPages()
                0x00000000c0015666                CPU::allowUsermodeDataAccess()
                0x00000000c0015678                CPU::prohibitUsermodeDataAccess()
                0x00000000c001568a                CPU::setupSMAP()
                0x00000000c00156b0                CPU::setupFeatures()
                0x00000000c0015752                CPU::open(int, int, void*)
                0x00000000c0015828                CPU::decodeAddress(regs*, int*, bool*, unsigned char*)
 .text          0x00000000c0015a28        0x0 hw/ports.32
 .text          0x00000000c0015a28      0x354 krnl/panic.32
                0x00000000c0015a28                Krnl::panic(char const*)
 .text          0x00000000c0015d7c      0x511 reg/registry.32
                0x00000000c0015d7c                Reg::findLineFromLoadedData(char*, char*, char*)
                0x00000000c0015ee3                Reg::getLineFromRegistry(char*, char*, char*, char*)
                0x00000000c0016042                Reg::getLine(char*, char*, char*)
                0x00000000c0016079                Reg::readInt(char*, char*, int*)
                0x00000000c0016163                Reg::readString(char*, char*, char*, int)
                0x00000000c00161e4                Reg::readBool(char*, char*, bool*)
                0x00000000c0016209                Reg::readBoolWithDefault(char*, char*, bool)
                0x00000000c0016235                Reg::readIntWithDefault(char*, char*, int)
                0x00000000c0016261                Reg::readStringWithDefault(char*, char*, char*, int, char*)
 .text          0x00000000c001628d       0x18 sys/sc_exit.32
                0x00000000c001628d                Sys::exit(regs*)
 .text          0x00000000c00162a5       0x95 sys/sc_loaddll.32
                0x00000000c00162a5                Sys::loadDLL(regs*)
 .text          0x00000000c001633a       0x68 sys/sc_read.32
                0x00000000c001633a                Sys::read(regs*)
 .text          0x00000000c00163a2       0x55 sys/sc_sbrk.32
                0x00000000c00163a2                Sys::sbrk(regs*)
 .text          0x00000000c00163f7       0x83 sys/sc_write.32
                0x00000000c00163f7                Sys::write(regs*)
 .text          0x00000000c001647a       0x1a sys/sc_yield.32
                0x00000000c001647a                Sys::yield(regs*)
 .text          0x00000000c0016494      0xfe6 sys/syscalls.32
                0x00000000c0016494                sysCallGetPID(regs*)
                0x00000000c00164a4                sysCallSeekDir(regs*)
                0x00000000c00164a9                sysCallTellDir(regs*)
                0x00000000c00164ae                sysCallVerify(regs*)
                0x00000000c00164b8                sysCallFork(regs*)
                0x00000000c00164bf                sysCallExecve(regs*)
                0x00000000c00164c6                sysCallGetArgc(regs*)
                0x00000000c00164da                sysFormatDisk(regs*)
                0x00000000c001653d                sysSetDiskVolumeLabel(regs*)
                0x00000000c0016585                sysGetDiskVolumeLabel(regs*)
                0x00000000c00165d8                sysShutdown(regs*)
                0x00000000c0016653                sysCallGetCwd(regs*)
                0x00000000c0016679                sysCallSetCwd(regs*)
                0x00000000c001669b                sysCallRealpath(regs*)
                0x00000000c00166e8                sysCallReadDir(regs*)
                0x00000000c001677b                sysCallIsATTY(regs*)
                0x00000000c00167d3                sysCallSeek(regs*)
                0x00000000c0016839                sysCallTell(regs*)
                0x00000000c00168b4                sysCallSizeFromFilename(regs*)
                0x00000000c0016962                sysCallSize(regs*)
                0x00000000c00169e3                sysCallClose(regs*)
                0x00000000c0016a66                sysCallOpenDir(regs*)
                0x00000000c0016ad1                sysCallMakeDir(regs*)
                0x00000000c0016b2c                sysCallCloseDir(regs*)
                0x00000000c0016b8d                sysCallWait(regs*)
                0x00000000c0016bae                sysCallRmdir(regs*)
                0x00000000c0016c01                sysCallUnlink(regs*)
                0x00000000c0016c54                sysCallGetArgv(regs*)
                0x00000000c0016ca0                sysCallTTYName(regs*)
                0x00000000c0016d21                sysCallGetEnv(regs*)
                0x00000000c0016d78                sysCallUSleep(regs*)
                0x00000000c0016dba                sysCallSpawn(regs*)
                0x00000000c0016e19                sysAppSettings(regs*)
                0x00000000c0016f3e                sysSetFatAttrib(regs*)
                0x00000000c0016fa1                sysPanic(regs*)
                0x00000000c0016fc8                sysPipe(regs*)
                0x00000000c001700d                sysGetUnixTime(regs*)
                0x00000000c0017021                string_ends_with(char const*, char const*)
                0x00000000c001706b                sysCallOpen(regs*)
                0x00000000c001727f                setupSystemCalls()
                0x00000000c0017438                systemCall(regs*, void*)
 .text          0x00000000c001747a     0x11c1 thr/elf.32
                0x00000000c001747a                Thr::allocateMemoryForTask(Process*, File*, unsigned long, unsigned long, unsigned long)
                0x00000000c00176f1                Thr::loadProgramIntoMemory(Process*, char const*)
                0x00000000c0017907                Thr::runtimeReferenceHelper()
                0x00000000c001791a                Thr::getAddressOfKernelSymbol(char const*)
                0x00000000c0017969                Thr::loadKernelSymbolTable(char const*)
                0x00000000c0017c2a                Thr::loadDriverIntoMemory(char const*, unsigned long, bool)
                0x00000000c00183c8                Thr::getDriverBaseFromAddress(unsigned long)
                0x00000000c00183fa                Thr::getDriverNameFromAddress(unsigned long)
                0x00000000c0018431                Thr::getDriverOffsetFromAddress(unsigned long)
                0x00000000c001844b                Thr::loadDLL(char const*, bool)
                0x00000000c0018611                Thr::executeDLL(unsigned long, void*)
 *fill*         0x00000000c001863b        0x1 
 .text          0x00000000c001863c     0x1002 thr/prcssthr.32
                0x00000000c001863c                changeTSS
                0x00000000c001866a                Process::addArgs(char**)
                0x00000000c00186cc                Process::Process(char const*, Process*, char**)
                0x00000000c00186cc                Process::Process(char const*, Process*, char**)
                0x00000000c0018888                Process::Process(bool, char const*, Process*, char**)
                0x00000000c0018888                Process::Process(bool, char const*, Process*, char**)
                0x00000000c0018a0f                disableIRQs()
                0x00000000c0018a1c                getIRQNestingLevel()
                0x00000000c0018a22                enableIRQs()
                0x00000000c0018a31                lockScheduler()
                0x00000000c0018a33                unlockScheduler()
                0x00000000c0018a35                userModeEntryPoint(void*)
                0x00000000c0018a58                lockStuff()
                0x00000000c0018a69                taskStartupFunction
                0x00000000c0018a72                updateTimeUsed()
                0x00000000c0018ad0                switchToThread(ThreadControlBlock*)
                0x00000000c0018b26                Semaphore::Semaphore(int)
                0x00000000c0018b26                Semaphore::Semaphore(int)
                0x00000000c0018b54                Mutex::Mutex()
                0x00000000c0018b54                Mutex::Mutex()
                0x00000000c0018b66                Process::createThread(void (*)(void*), void*, int)
                0x00000000c0018c48                Process::createUserThread()
                0x00000000c0018c65                setupMultitasking(void (*)())
                0x00000000c0018d7a                schedule()
                0x00000000c0018dff                unlockStuff()
                0x00000000c0018e34                Semaphore::tryAcquire()
                0x00000000c0018e62                Semaphore::assertLocked(char const*)
                0x00000000c0018e92                blockTaskWithSchedulerLockAlreadyHeld(TaskState)
                0x00000000c0018ed3                blockTask(TaskState)
                0x00000000c0018ef4                waitTask(int, int*, int)
                0x00000000c0018f36                nanoSleepUntil(unsigned long long)
                0x00000000c0018f8f                nanoSleep(unsigned long long)
                0x00000000c0018fa4                sleep(unsigned long long)
                0x00000000c0018fc2                Semaphore::acquire()
                0x00000000c0019027                taskReturned
                0x00000000c0019055                unblockTask(ThreadControlBlock*)
                0x00000000c0019102                cleanupTerminatedTask(ThreadControlBlock*)
                0x00000000c00193ab                cleanerTaskFunction(void*)
                0x00000000c001945e                terminateTask(int)
                0x00000000c0019540                Thr::terminateFromIRQ(int)
                0x00000000c001954e                Semaphore::release()
 .text          0x00000000c001963e      0x8bf vm86/vm8086.32
                0x00000000c001963e                Vm::vm8086EntryPoint(void*)
                0x00000000c0019669                Vm::inbv(unsigned short)
                0x00000000c001966f                Vm::outbv(unsigned short, unsigned char)
                0x00000000c0019679                Vm::realToLinear(unsigned short, unsigned short)
                0x00000000c0019689                Vm::getSegment(unsigned int)
                0x00000000c0019691                Vm::getOffset(unsigned int)
                0x00000000c0019696                Vm::loadFileAsThread(Process*, char const*, unsigned short, unsigned short, unsigned short, unsigned short)
                0x00000000c00197c5                Vm::doISR(regs*, int, unsigned char*, unsigned short, unsigned short)
                0x00000000c001984f                Vm::readByteFromReal(unsigned short, unsigned short)
                0x00000000c0019860                Vm::readWordFromReal(unsigned short, unsigned short)
                0x00000000c0019872                Vm::readDwordFromReal(unsigned short, unsigned short)
                0x00000000c0019883                Vm::writeByteFromReal(unsigned short, unsigned short, unsigned char)
                0x00000000c0019898                Vm::writeWordFromReal(unsigned short, unsigned short, unsigned short)
                0x00000000c00198ae                Vm::writeDwordFromReal(unsigned short, unsigned short, unsigned int)
                0x00000000c00198c3                Vm::faultHandler(regs*)
 *fill*         0x00000000c0019efd        0x1 
 .text          0x00000000c0019efe     0x112f fs/fat/vfslink.32
                0x00000000c0019efe                FAT::getName()
                0x00000000c0019f04                FAT::tell(void*, unsigned long long*)
                0x00000000c0019f38                FAT::stat(void*, unsigned long long*)
                0x00000000c0019f6c                FAT::~FAT()
                0x00000000c0019f6c                FAT::~FAT()
                0x00000000c0019f90                FAT::~FAT()
                0x00000000c0019fb8                FAT::getlabel(LogicalDisk*, int, char*, unsigned int*)
                0x00000000c001a056                FAT::setlabel(LogicalDisk*, int, char*)
                0x00000000c001a110                FAT::format(LogicalDisk*, int, char const*, int)
                0x00000000c001a2f4                FAT::tryMount(LogicalDisk*, int)
                0x00000000c001a4fa                FAT::readDir(void*, unsigned long, void*, int*)
                0x00000000c001a602                FAT::read(void*, unsigned long, void*, int*)
                0x00000000c001a65c                FAT::write(void*, unsigned long, void*, int*)
                0x00000000c001a6b6                FAT::close(void*)
                0x00000000c001a702                FAT::closeDir(void*)
                0x00000000c001a74e                FAT::seek(void*, unsigned long long)
                0x00000000c001a7a2                fatWrapperReadDisk
                0x00000000c001a7ed                fatWrapperWriteDisk
                0x00000000c001a838                fatWrapperIoctl
                0x00000000c001a948                FAT::FAT()
                0x00000000c001a948                FAT::FAT()
                0x00000000c001a99a                FAT::fixFilepath(char*)
                0x00000000c001a9d2                FAT::open(char const*, void**, FileOpenMode)
                0x00000000c001aafe                FAT::openDir(char const*, void**)
                0x00000000c001aba4                FAT::stat(char const*, unsigned long long*, bool*)
                0x00000000c001ac90                FAT::unlink(char const*)
                0x00000000c001ad0a                FAT::chfatattr(char const*, unsigned char, unsigned char)
                0x00000000c001ae84                FAT::rename(char const*, char const*)
                0x00000000c001af48                FAT::mkdir(char const*)
                0x00000000c001afc2                FAT::exists(char const*)
 *fill*         0x00000000c001b02d        0x1 
 .text          0x00000000c001b02e      0xbdd fs/iso9660/vfslink.32
                0x00000000c001b02e                ISO9660::format(LogicalDisk*, int, char const*, int)
                0x00000000c001b034                ISO9660::seek(void*, unsigned long long)
                0x00000000c001b064                ISO9660::tell(void*, unsigned long long*)
                0x00000000c001b088                ISO9660::getName()
                0x00000000c001b08e                ISO9660::stat(void*, unsigned long long*)
                0x00000000c001b0b2                ISO9660::chfatattr(char const*, unsigned char, unsigned char)
                0x00000000c001b0b8                ISO9660::unlink(char const*)
                0x00000000c001b0be                ISO9660::write(void*, unsigned long, void*, int*)
                0x00000000c001b0c4                ISO9660::rename(char const*, char const*)
                0x00000000c001b0ca                ISO9660::mkdir(char const*)
                0x00000000c001b0d0                ISO9660::close(void*)
                0x00000000c001b0f2                ISO9660::closeDir(void*)
                0x00000000c001b114                ISO9660::~ISO9660()
                0x00000000c001b114                ISO9660::~ISO9660()
                0x00000000c001b138                ISO9660::~ISO9660()
                0x00000000c001b15f                __memmem(unsigned char*, int, unsigned char*, int)
                0x00000000c001b1a1                readSectorFromCDROM(unsigned int, unsigned char*, char)
                0x00000000c001b208                ISO9660::tryMount(LogicalDisk*, int)
                0x00000000c001b258                ISO9660::read(void*, unsigned long, void*, int*)
                0x00000000c001b49c                ISO9660::readDir(void*, unsigned long, void*, int*)
                0x00000000c001b727                readRoot(unsigned int*, unsigned int*, char)
                0x00000000c001b77c                readRecursively(char*, unsigned int, unsigned int, unsigned int*, unsigned int*, char, int*)
                0x00000000c001b94f                getFileData(char*, unsigned int*, unsigned int*, char, int*)
                0x00000000c001b9de                ISO9660::open(char const*, void**, FileOpenMode)
                0x00000000c001ba78                ISO9660::exists(char const*)
                0x00000000c001ba9c                ISO9660::stat(char const*, unsigned long long*, bool*)
                0x00000000c001bb30                ISO9660::openDir(char const*, void**)
                0x00000000c001bbe8                ISO9660::ISO9660()
                0x00000000c001bbe8                ISO9660::ISO9660()
 *fill*         0x00000000c001bc0b        0x1 
 .text          0x00000000c001bc0c      0x248 hal/sound/sndchannel.32
                0x00000000c001bc0c                SoundChannel::~SoundChannel()
                0x00000000c001bc0c                SoundChannel::~SoundChannel()
                0x00000000c001bc28                SoundChannel::setSpeed(float)
                0x00000000c001bc34                SoundChannel::getSpeed()
                0x00000000c001bc3c                SoundChannel::setVolume(int)
                0x00000000c001bc58                SoundChannel::getVolume()
                0x00000000c001bc60                SoundChannel::pause()
                0x00000000c001bc6a                SoundChannel::SoundChannel(int, int, int, int)
                0x00000000c001bc6a                SoundChannel::SoundChannel(int, int, int, int)
                0x00000000c001bd64                SoundChannel::play()
                0x00000000c001bd6e                SoundChannel::paused()
                0x00000000c001bd76                SoundChannel::getSampleRate()
                0x00000000c001bd7e                SoundChannel::getBits()
                0x00000000c001bd86                SoundChannel::getBufferUsed()
                0x00000000c001bd8e                SoundChannel::getBufferSize()
                0x00000000c001bd96                SoundChannel::unbuffer(float*, int, int)
                0x00000000c001be08                SoundChannel::buffer8(unsigned char*, int)
 .text          0x00000000c001be54      0x30f hal/sound/sndhw.32
                0x00000000c001be54                SoundDevice::SoundDevice(char const*)
                0x00000000c001be54                SoundDevice::SoundDevice(char const*)
                0x00000000c001bec0                SoundDevice::~SoundDevice()
                0x00000000c001bec0                SoundDevice::~SoundDevice()
                0x00000000c001bf3a                SoundDevice::~SoundDevice()
                0x00000000c001bf64                SoundDevice::getFreeChannelNum()
                0x00000000c001bf7e                SoundDevice::addChannel(SoundChannel*)
                0x00000000c001bfee                SoundDevice::removeChannel(int)
                0x00000000c001c020                SoundDevice::floatTo8(float*, unsigned char*, int)
                0x00000000c001c08c                SoundDevice::getAudio(int, float*, float*)
 .text          0x00000000c001c163        0x0 hw/bus/isa.32
 *fill*         0x00000000c001c163        0x1 
 .text          0x00000000c001c164      0x6e9 hw/bus/pci.32
                0x00000000c001c164                PCI::open(int, int, void*)
                0x00000000c001c178                PCI::close(int, int, void*)
                0x00000000c001c17c                PCI::PCI()
                0x00000000c001c17c                PCI::PCI()
                0x00000000c001c1fe                PCI::pciReadWord(unsigned char, unsigned char, unsigned char, unsigned char)
                0x00000000c001c246                PCI::getVendorID(unsigned char, unsigned char, unsigned char)
                0x00000000c001c268                PCI::getHeaderType(unsigned char, unsigned char, unsigned char)
                0x00000000c001c28c                PCI::getClassCode(unsigned char, unsigned char, unsigned char)
                0x00000000c001c2d0                PCI::getProgIF(unsigned char, unsigned char, unsigned char)
                0x00000000c001c2f4                PCI::getRevisionID(unsigned char, unsigned char, unsigned char)
                0x00000000c001c316                PCI::getInterruptNumber(unsigned char, unsigned char, unsigned char)
                0x00000000c001c338                PCI::getSecondaryBus(unsigned char, unsigned char, unsigned char)
                0x00000000c001c35c                PCI::getBARAddress(unsigned char, unsigned char, unsigned char, unsigned char)
                0x00000000c001c3bc                PCI::pciWriteWord(unsigned char, unsigned char, unsigned char, unsigned char, unsigned short)
                0x00000000c001c428                PCI::checkBus(unsigned char)
                0x00000000c001c44e                PCI::foundDevice(PCIDeviceInfo)
                0x00000000c001c5be                PCI::getDeviceData(unsigned char, unsigned char, unsigned char)
                0x00000000c001c78e                PCI::checkDevice(unsigned char, unsigned char)
                0x00000000c001c7fa                PCI::detect()
 *fill*         0x00000000c001c84d        0x1 
 .text          0x00000000c001c84e      0xc84 hw/diskctrl/ide.32
                0x00000000c001c84e                IDE::close(int, int, void*)
                0x00000000c001c852                IDE::IDE()
                0x00000000c001c852                IDE::IDE()
                0x00000000c001c886                IDE::prepareInterrupt(unsigned char)
                0x00000000c001c898                selectDrive(unsigned char, unsigned char)
                0x00000000c001c89a                IDE::getBase(unsigned char)
                0x00000000c001c8ac                IDE::write(unsigned char, unsigned char, unsigned char)
                0x00000000c001c96c                IDE::read(unsigned char, unsigned char)
                0x00000000c001ca1a                IDE::waitInterrupt(unsigned char)
                0x00000000c001ca86                ideChannel0IRQHandler(regs*, void*)
                0x00000000c001caa2                ideChannel1IRQHandler(regs*, void*)
                0x00000000c001cabe                IDE::enableIRQs(unsigned char, bool)
                0x00000000c001cb04                IDE::open(int, int, void*)
                0x00000000c001cf16                IDE::readBuffer(unsigned char, unsigned char, unsigned int, unsigned int)
                0x00000000c001cfe2                IDE::detect()
                0x00000000c001d2cc                IDE::printError(unsigned char, unsigned char, unsigned char)
                0x00000000c001d462                IDE::polling(unsigned char, unsigned int)
 .text          0x00000000c001d4d2      0x64f hw/diskphys/ata.32
                0x00000000c001d4d2                ATA::close(int, int, void*)
                0x00000000c001d4f6                ATA::powerSaving(PowerSavingLevel)
                0x00000000c001d4f8                ATA::ATA()
                0x00000000c001d4f8                ATA::ATA()
                0x00000000c001d526                ATA::flush(bool)
                0x00000000c001d570                ATA::readyForCommand()
                0x00000000c001d5c0                ATA::access(unsigned long long, int, void*, bool)
                0x00000000c001d962                ATA::read(unsigned long long, int, void*)
                0x00000000c001d9ca                ATA::write(unsigned long long, int, void*)
                0x00000000c001da32                ATA::detectCHS()
                0x00000000c001da5c                ATA::open(int, int, void*)
 *fill*         0x00000000c001db21        0x1 
 .text          0x00000000c001db22      0x5ae hw/diskphys/atapi.32
                0x00000000c001db22                ATAPI::write(unsigned long long, int, void*)
                0x00000000c001db28                ATAPI::close(int, int, void*)
                0x00000000c001db4c                ATAPI::ATAPI()
                0x00000000c001db4c                ATAPI::ATAPI()
                0x00000000c001db7a                ATAPI::readyForCommand()
                0x00000000c001dbca                ATAPI::sendPacket(unsigned char*, int, bool, unsigned short*, int)
                0x00000000c001de8a                ATAPI::diskRemoved()
                0x00000000c001dea6                ATAPI::eject()
                0x00000000c001deec                ATAPI::diskInserted()
                0x00000000c001df1a                ATAPI::detectMedia()
                0x00000000c001dfd6                ATAPI::open(int, int, void*)
                0x00000000c001e056                ATAPI::read(unsigned long long, int, void*)
 .text          0x00000000c001e0d0       0x8e hw/fpu/avx.32
                0x00000000c001e0d0                AVX::open(int, int, void*)
                0x00000000c001e0e2                AVX::close(int, int, void*)
                0x00000000c001e0f4                AVX::available()
                0x00000000c001e106                AVX::save(void*)
                0x00000000c001e11e                AVX::load(void*)
                0x00000000c001e136                AVX::AVX()
                0x00000000c001e136                AVX::AVX()
 .text          0x00000000c001e15e       0x90 hw/fpu/mmx.32
                0x00000000c001e15e                MMX::available()
                0x00000000c001e172                MMX::open(int, int, void*)
                0x00000000c001e184                MMX::close(int, int, void*)
                0x00000000c001e196                MMX::save(void*)
                0x00000000c001e1ae                MMX::load(void*)
                0x00000000c001e1c6                MMX::MMX()
                0x00000000c001e1c6                MMX::MMX()
 .text          0x00000000c001e1ee       0x96 hw/fpu/sse.32
                0x00000000c001e1ee                SSE::open(int, int, void*)
                0x00000000c001e200                SSE::close(int, int, void*)
                0x00000000c001e212                SSE::available()
                0x00000000c001e22c                SSE::save(void*)
                0x00000000c001e244                SSE::load(void*)
                0x00000000c001e25c                SSE::SSE()
                0x00000000c001e25c                SSE::SSE()
 .text          0x00000000c001e284       0x8e hw/fpu/x87.32
                0x00000000c001e284                x87::open(int, int, void*)
                0x00000000c001e296                x87::close(int, int, void*)
                0x00000000c001e2a8                x87::available()
                0x00000000c001e2ba                x87::save(void*)
                0x00000000c001e2d2                x87::load(void*)
                0x00000000c001e2ea                x87::x87()
                0x00000000c001e2ea                x87::x87()
 .text          0x00000000c001e312      0x63b hw/intctrl/apic.32
                0x00000000c001e312                APIC::disable()
                0x00000000c001e314                APIC::close(int, int, void*)
                0x00000000c001e336                IOAPIC::close(int, int, void*)
                0x00000000c001e33c                APIC::io_wait()
                0x00000000c001e342                APIC::getBase()
                0x00000000c001e384                APIC::eoi(unsigned char)
                0x00000000c001e3b2                APIC::open(int, int, void*)
                0x00000000c001e47c                IOAPIC::IOAPIC()
                0x00000000c001e47c                IOAPIC::IOAPIC()
                0x00000000c001e4a4                APIC::APIC()
                0x00000000c001e4a4                APIC::APIC()
                0x00000000c001e580                IOAPIC::handlesGSIWithNumber(unsigned int)
                0x00000000c001e5b2                IOAPIC::read(int)
                0x00000000c001e5da                IOAPIC::open(int, int, void*)
                0x00000000c001e6e2                IOAPIC::write(int, int)
                0x00000000c001e70e                IOAPIC::redirect(unsigned char, unsigned long long, unsigned char)
                0x00000000c001e7d4                APIC::installIRQHandler(int, void (*)(regs*, void*), bool, void*)
 *fill*         0x00000000c001e94d        0x1 
 .text          0x00000000c001e94e      0x3f3 hw/intctrl/pic.32
                0x00000000c001e94e                PIC::disable()
                0x00000000c001e97c                PIC::close(int, int, void*)
                0x00000000c001e99e                PIC::PIC()
                0x00000000c001e99e                PIC::PIC()
                0x00000000c001ea7a                PIC::ioWait()
                0x00000000c001ea80                PIC::getIRQReg(int)
                0x00000000c001eaf2                PIC::eoi(unsigned char)
                0x00000000c001eb8a                PIC::remap()
                0x00000000c001ed02                PIC::open(int, int, void*)
 *fill*         0x00000000c001ed41        0x1 
 .text          0x00000000c001ed42      0x264 hw/timer/apictimer.32
                0x00000000c001ed42                APICTimer::close(int, int, void*)
                0x00000000c001ed48                apicTimerHandler(regs*, void*)
                0x00000000c001ed7a                APICTimer::write(int)
                0x00000000c001ee78                APICTimer::open(int, int, void*)
                0x00000000c001ef7e                APICTimer::APICTimer()
                0x00000000c001ef7e                APICTimer::APICTimer()
 .text          0x00000000c001efa6      0x1b6 hw/timer/pit.32
                0x00000000c001efa6                PIT::write(int)
                0x00000000c001f02c                pitHandler(regs*, void*)
                0x00000000c001f05c                PIT::open(int, int, void*)
                0x00000000c001f0aa                PIT::close(int, int, void*)
                0x00000000c001f0da                PIT::PIT()
                0x00000000c001f0da                PIT::PIT()
 *fill*         0x00000000c001f15c        0x4 
 .text          0x00000000c001f160        0xa hw/fpu/x86/avx.32
                0x00000000c001f160                avxDetect
                0x00000000c001f166                avxSave
                0x00000000c001f167                avxLoad
                0x00000000c001f168                avxInit
                0x00000000c001f169                avxClose
 *fill*         0x00000000c001f16a        0x6 
 .text          0x00000000c001f170       0x38 hw/fpu/x86/sse.32
                0x00000000c001f170                sseDetect
                0x00000000c001f18b                sseSave
                0x00000000c001f191                sseLoad
                0x00000000c001f197                sseInit
                0x00000000c001f1a7                sseClose
 *fill*         0x00000000c001f1a8        0x8 
 .text          0x00000000c001f1b0       0x47 hw/fpu/x86/x87.32
                0x00000000c001f1b6                x87Detect
                0x00000000c001f1d1                x87Save
                0x00000000c001f1d7                x87Load
                0x00000000c001f1dc                x87Init
                0x00000000c001f1f6                x87Close
 *fill*         0x00000000c001f1f7        0x1 
 .text          0x00000000c001f1f8       0x25 /cygdrive/d/Users/Alex/Desktop/Toolchain/Output/bin/../lib/gcc/i386-banana/8.1.0/crtend.o
 .text          0x00000000c001f21d        0x0 crtn.32
 *fill*         0x00000000c001f21d        0x3 
 .text          0x00000000c001f220      0x14b /cygdrive/d/Users/Alex/Desktop/Toolchain/Output/bin/../lib/gcc/i386-banana/8.1.0/libgcc.a(_divdi3.o)
                0x00000000c001f220                __divdi3
 *fill*         0x00000000c001f36b        0x1 
 .text          0x00000000c001f36c      0x17e /cygdrive/d/Users/Alex/Desktop/Toolchain/Output/bin/../lib/gcc/i386-banana/8.1.0/libgcc.a(_moddi3.o)
                0x00000000c001f36c                __moddi3
 *fill*         0x00000000c001f4ea        0x2 
 .text          0x00000000c001f4ec       0xff /cygdrive/d/Users/Alex/Desktop/Toolchain/Output/bin/../lib/gcc/i386-banana/8.1.0/libgcc.a(_udivdi3.o)
                0x00000000c001f4ec                __udivdi3
 *fill*         0x00000000c001f5eb        0x1 
 .text          0x00000000c001f5ec      0x11a /cygdrive/d/Users/Alex/Desktop/Toolchain/Output/bin/../lib/gcc/i386-banana/8.1.0/libgcc.a(_umoddi3.o)
                0x00000000c001f5ec                __umoddi3
 *fill*         0x00000000c001f706        0xa 
 .text          0x00000000c001f710       0x1e D:/Users/Alex/Desktop/Banana/kernel/libk/libm32.a(s_fabs.c.o)
                0x00000000c001f710                fabs
 *fill*         0x00000000c001f72e        0x2 
 .text          0x00000000c001f730        0xc D:/Users/Alex/Desktop/Banana/kernel/libk/libm32.a(s_lrint.S.o)
                0x00000000c001f730                lrint
 .text          0x00000000c001f73c        0xc D:/Users/Alex/Desktop/Banana/kernel/libk/libm32.a(s_lrintf.S.o)
                0x00000000c001f73c                lrintf
 *(.gnu.linkonce.t*)

.iplt           0x00000000c001f748        0x0
 .iplt          0x00000000c001f748        0x0 D:/Users/Alex/Desktop/Banana/kernel/boot.32

.init           0x00000000c001f748        0xf
 .init          0x00000000c001f748        0x3 crti.32
                0x00000000c001f748                _init
 .init          0x00000000c001f74b        0x5 /cygdrive/d/Users/Alex/Desktop/Toolchain/Output/bin/../lib/gcc/i386-banana/8.1.0/crtbegin.o
 .init          0x00000000c001f750        0x5 /cygdrive/d/Users/Alex/Desktop/Toolchain/Output/bin/../lib/gcc/i386-banana/8.1.0/crtend.o
 .init          0x00000000c001f755        0x2 crtn.32

.fini           0x00000000c001f757        0xa
 .fini          0x00000000c001f757        0x3 crti.32
                0x00000000c001f757                _fini
 .fini          0x00000000c001f75a        0x5 /cygdrive/d/Users/Alex/Desktop/Toolchain/Output/bin/../lib/gcc/i386-banana/8.1.0/crtbegin.o
 .fini          0x00000000c001f75f        0x2 crtn.32

.text._ZN8ComputerD2Ev
                0x00000000c001f762       0x23
 .text._ZN8ComputerD2Ev
                0x00000000c001f762       0x23 core/computer.32
                0x00000000c001f762                Computer::~Computer()
                0x00000000c001f762                Computer::~Computer()

.text._ZN8ComputerD0Ev
                0x00000000c001f786       0x2a
 .text._ZN8ComputerD0Ev
                0x00000000c001f786       0x2a core/computer.32
                0x00000000c001f786                Computer::~Computer()

.text._Z10idleCommonv
                0x00000000c001f7b0       0x15
 .text._Z10idleCommonv
                0x00000000c001f7b0       0x15 core/idle.32
                0x00000000c001f7b0                idleCommon()

.text._ZN3CPU7readCR3Ev
                0x00000000c001f7c5       0x12
 .text._ZN3CPU7readCR3Ev
                0x00000000c001f7c5       0x12 core/kheap.32
                0x00000000c001f7c5                CPU::readCR3()

.text._ZN3CPU8writeCR3Em
                0x00000000c001f7d7        0x9
 .text._ZN3CPU8writeCR3Em
                0x00000000c001f7d7        0x9 core/kheap.32
                0x00000000c001f7d7                CPU::writeCR3(unsigned long)

.text._ZN10LinkedListI8UnixFileED2Ev
                0x00000000c001f7e0        0x2
 .text._ZN10LinkedListI8UnixFileED2Ev
                0x00000000c001f7e0        0x2 core/unixfile.32
                0x00000000c001f7e0                LinkedList<UnixFile>::~LinkedList()
                0x00000000c001f7e0                LinkedList<UnixFile>::~LinkedList()

.text._ZN10LinkedListI8UnixFileEC2Ev
                0x00000000c001f7e2       0x58
 .text._ZN10LinkedListI8UnixFileEC2Ev
                0x00000000c001f7e2       0x58 core/unixfile.32
                0x00000000c001f7e2                LinkedList<UnixFile>::LinkedList()
                0x00000000c001f7e2                LinkedList<UnixFile>::LinkedList()

.text._ZN10LinkedListI8UnixFileE10addElementEPS0_
                0x00000000c001f83a       0xd3
 .text._ZN10LinkedListI8UnixFileE10addElementEPS0_
                0x00000000c001f83a       0xd3 core/unixfile.32
                0x00000000c001f83a                LinkedList<UnixFile>::addElement(UnixFile*)

.text._ZN10LinkedListI8UnixFileE15getFirstElementEv
                0x00000000c001f90e        0x7
 .text._ZN10LinkedListI8UnixFileE15getFirstElementEv
                0x00000000c001f90e        0x7 core/unixfile.32
                0x00000000c001f90e                LinkedList<UnixFile>::getFirstElement()

.text._ZN10LinkedListI8UnixFileE11removeFirstEv
                0x00000000c001f916       0xa1
 .text._ZN10LinkedListI8UnixFileE11removeFirstEv
                0x00000000c001f916       0xa1 core/unixfile.32
                0x00000000c001f916                LinkedList<UnixFile>::removeFirst()

.text._ZN10LinkedListI8UnixFileE7getNextEPS0_
                0x00000000c001f9b8        0x8
 .text._ZN10LinkedListI8UnixFileE7getNextEPS0_
                0x00000000c001f9b8        0x8 core/unixfile.32
                0x00000000c001f9b8                LinkedList<UnixFile>::getNext(UnixFile*)

.text._ZN16DriverlessDeviceD2Ev
                0x00000000c001f9c0       0x1a
 .text._ZN16DriverlessDeviceD2Ev
                0x00000000c001f9c0       0x1a hal/device.32
                0x00000000c001f9c0                DriverlessDevice::~DriverlessDevice()
                0x00000000c001f9c0                DriverlessDevice::~DriverlessDevice()

.text._ZN16DriverlessDeviceD0Ev
                0x00000000c001f9da       0x2a
 .text._ZN16DriverlessDeviceD0Ev
                0x00000000c001f9da       0x2a hal/device.32
                0x00000000c001f9da                DriverlessDevice::~DriverlessDevice()

.text._ZN10LinkedListI6DeviceE10addElementEPS0_
                0x00000000c001fa04       0xdc
 .text._ZN10LinkedListI6DeviceE10addElementEPS0_
                0x00000000c001fa04       0xdc hal/device.32
                0x00000000c001fa04                LinkedList<Device>::addElement(Device*)

.text._ZN10LinkedListI6DeviceEC2Ev
                0x00000000c001fae0       0x58
 .text._ZN10LinkedListI6DeviceEC2Ev
                0x00000000c001fae0       0x58 hal/device.32
                0x00000000c001fae0                LinkedList<Device>::LinkedList()
                0x00000000c001fae0                LinkedList<Device>::LinkedList()

.text._ZN3CPU7readCR0Ev
                0x00000000c001fb38       0x12
 .text._ZN3CPU7readCR0Ev
                0x00000000c001fb38       0x12 hal/fpu.32
                0x00000000c001fb38                CPU::readCR0()

.text._ZN3CPU8writeCR0Em
                0x00000000c001fb4a        0x9
 .text._ZN3CPU8writeCR0Em
                0x00000000c001fb4a        0x9 hal/fpu.32
                0x00000000c001fb4a                CPU::writeCR0(unsigned long)

.text._ZN3CPU7readDR0Ev
                0x00000000c001fb53       0x12
 .text._ZN3CPU7readDR0Ev
                0x00000000c001fb53       0x12 hal/intctrl.32
                0x00000000c001fb53                CPU::readDR0()

.text._ZN3CPU7readDR1Ev
                0x00000000c001fb65       0x12
 .text._ZN3CPU7readDR1Ev
                0x00000000c001fb65       0x12 hal/intctrl.32
                0x00000000c001fb65                CPU::readDR1()

.text._ZN3CPU7readDR2Ev
                0x00000000c001fb77       0x12
 .text._ZN3CPU7readDR2Ev
                0x00000000c001fb77       0x12 hal/intctrl.32
                0x00000000c001fb77                CPU::readDR2()

.text._ZN3CPU7readDR3Ev
                0x00000000c001fb89       0x12
 .text._ZN3CPU7readDR3Ev
                0x00000000c001fb89       0x12 hal/intctrl.32
                0x00000000c001fb89                CPU::readDR3()

.text._ZN3CPU7readDR6Ev
                0x00000000c001fb9b       0x12
 .text._ZN3CPU7readDR6Ev
                0x00000000c001fb9b       0x12 hal/intctrl.32
                0x00000000c001fb9b                CPU::readDR6()

.text._ZN3CPU7readDR7Ev
                0x00000000c001fbad       0x12
 .text._ZN3CPU7readDR7Ev
                0x00000000c001fbad       0x12 hal/intctrl.32
                0x00000000c001fbad                CPU::readDR7()

.text._ZN10LinkedListIV18ThreadControlBlockE15getFirstElementEv
                0x00000000c001fbc0        0x7
 .text._ZN10LinkedListIV18ThreadControlBlockE15getFirstElementEv
                0x00000000c001fbc0        0x7 hal/timer.32
                0x00000000c001fbc0                LinkedList<ThreadControlBlock volatile>::getFirstElement()

.text._ZN10LinkedListIV18ThreadControlBlockE7isEmptyEv
                0x00000000c001fbc8       0x1c
 .text._ZN10LinkedListIV18ThreadControlBlockE7isEmptyEv
                0x00000000c001fbc8       0x1c hal/timer.32
                0x00000000c001fbc8                LinkedList<ThreadControlBlock volatile>::isEmpty()

.text._ZN10LinkedListIV18ThreadControlBlockE11removeFirstEv
                0x00000000c001fbe4       0xae
 .text._ZN10LinkedListIV18ThreadControlBlockE11removeFirstEv
                0x00000000c001fbe4       0xae hal/timer.32
                0x00000000c001fbe4                LinkedList<ThreadControlBlock volatile>::removeFirst()

.text._ZN10LinkedListIV18ThreadControlBlockE10addElementEPS1_
                0x00000000c001fc92       0xd3
 .text._ZN10LinkedListIV18ThreadControlBlockE10addElementEPS1_
                0x00000000c001fc92       0xd3 hal/timer.32
                0x00000000c001fc92                LinkedList<ThreadControlBlock volatile>::addElement(ThreadControlBlock volatile*)

.text._ZN4ACPID2Ev
                0x00000000c001fd66       0x23
 .text._ZN4ACPID2Ev
                0x00000000c001fd66       0x23 hw/acpi.32
                0x00000000c001fd66                ACPI::~ACPI()
                0x00000000c001fd66                ACPI::~ACPI()

.text._ZN4ACPID0Ev
                0x00000000c001fd8a       0x2a
 .text._ZN4ACPID0Ev
                0x00000000c001fd8a       0x2a hw/acpi.32
                0x00000000c001fd8a                ACPI::~ACPI()

.text._ZN3CPUD2Ev
                0x00000000c001fdb4       0x23
 .text._ZN3CPUD2Ev
                0x00000000c001fdb4       0x23 hw/cpu.32
                0x00000000c001fdb4                CPU::~CPU()
                0x00000000c001fdb4                CPU::~CPU()

.text._ZN3CPUD0Ev
                0x00000000c001fdd8       0x2a
 .text._ZN3CPUD0Ev
                0x00000000c001fdd8       0x2a hw/cpu.32
                0x00000000c001fdd8                CPU::~CPU()

.text._ZN3CPU7readCR4Ev
                0x00000000c001fe02       0x12
 .text._ZN3CPU7readCR4Ev
                0x00000000c001fe02       0x12 hw/cpu.32
                0x00000000c001fe02                CPU::readCR4()

.text._ZN3CPU8writeDR7Em
                0x00000000c001fe14        0x9
 .text._ZN3CPU8writeDR7Em
                0x00000000c001fe14        0x9 hw/cpu.32
                0x00000000c001fe14                CPU::writeDR7(unsigned long)

.text._ZN3CPU8writeCR4Em
                0x00000000c001fe1d        0x9
 .text._ZN3CPU8writeCR4Em
                0x00000000c001fe1d        0x9 hw/cpu.32
                0x00000000c001fe1d                CPU::writeCR4(unsigned long)

.text._ZN3CPU7readCR2Ev
                0x00000000c001fe26       0x12
 .text._ZN3CPU7readCR2Ev
                0x00000000c001fe26       0x12 krnl/panic.32
                0x00000000c001fe26                CPU::readCR2()

.text._ZN10LinkedListIV18ThreadControlBlockED2Ev
                0x00000000c001fe38        0x2
 .text._ZN10LinkedListIV18ThreadControlBlockED2Ev
                0x00000000c001fe38        0x2 thr/prcssthr.32
                0x00000000c001fe38                LinkedList<ThreadControlBlock volatile>::~LinkedList()
                0x00000000c001fe38                LinkedList<ThreadControlBlock volatile>::~LinkedList()

.text._ZN18ThreadControlBlockC2Ev
                0x00000000c001fe3a       0x3e
 .text._ZN18ThreadControlBlockC2Ev
                0x00000000c001fe3a       0x3e thr/prcssthr.32
                0x00000000c001fe3a                ThreadControlBlock::ThreadControlBlock()
                0x00000000c001fe3a                ThreadControlBlock::ThreadControlBlock()

.text._ZN10LinkedListIV18ThreadControlBlockEC2Ev
                0x00000000c001fe78       0x58
 .text._ZN10LinkedListIV18ThreadControlBlockEC2Ev
                0x00000000c001fe78       0x58 thr/prcssthr.32
                0x00000000c001fe78                LinkedList<ThreadControlBlock volatile>::LinkedList()
                0x00000000c001fe78                LinkedList<ThreadControlBlock volatile>::LinkedList()

.text._ZN10LinkedListIV18ThreadControlBlockE7getNextEPS1_
                0x00000000c001fed0        0x8
 .text._ZN10LinkedListIV18ThreadControlBlockE7getNextEPS1_
                0x00000000c001fed0        0x8 thr/prcssthr.32
                0x00000000c001fed0                LinkedList<ThreadControlBlock volatile>::getNext(ThreadControlBlock volatile*)

.text._ZN3PCID2Ev
                0x00000000c001fed8       0x23
 .text._ZN3PCID2Ev
                0x00000000c001fed8       0x23 hw/bus/pci.32
                0x00000000c001fed8                PCI::~PCI()
                0x00000000c001fed8                PCI::~PCI()

.text._ZN3PCID0Ev