Archive member included to satisfy reference by file (symbol)

/cygdrive/d/Users/Alex/Desktop/Toolchain/Output/bin/../lib/gcc/i386-banana/8.1.0/libkgcc.a(_divdi3.o)
                              krnl/resolve.32 (__divdi3)
/cygdrive/d/Users/Alex/Desktop/Toolchain/Output/bin/../lib/gcc/i386-banana/8.1.0/libkgcc.a(_moddi3.o)
                              krnl/resolve.32 (__moddi3)
/cygdrive/d/Users/Alex/Desktop/Toolchain/Output/bin/../lib/gcc/i386-banana/8.1.0/libkgcc.a(_udivdi3.o)
                              hal/clock.32 (__udivdi3)
/cygdrive/d/Users/Alex/Desktop/Toolchain/Output/bin/../lib/gcc/i386-banana/8.1.0/libkgcc.a(_umoddi3.o)
                              core/pipe.32 (__umoddi3)

Allocating common symbols
Common symbol       size              file

dcache              0x40              fs/iso9660/iso9660.32
cdDriveLetter       0x1               fs/iso9660/iso9660.32
icache              0x40              fs/iso9660/iso9660.32

Discarded input sections

 .comment       0x0000000000000000       0x12 /cygdrive/d/Users/Alex/Desktop/Toolchain/Output/bin/../lib/gcc/i386-banana/8.1.0/crtbegin.o
 .comment       0x0000000000000000       0x12 acpica/utclib.32
 .comment       0x0000000000000000       0x12 core/malloc.32
 .comment       0x0000000000000000       0x12 libk/ctype.32
 .comment       0x0000000000000000       0x12 libk/string.32
 .comment       0x0000000000000000       0x12 fs/fat/diskio.32
 .comment       0x0000000000000000       0x12 fs/fat/ff.32
 .comment       0x0000000000000000       0x12 fs/fat/ffsystem.32
 .comment       0x0000000000000000       0x12 fs/fat/ffunicode.32
 .comment       0x0000000000000000       0x12 fs/iso9660/iso9660.32
 .group         0x0000000000000000       0x14 core/computer.32
 .group         0x0000000000000000        0xc core/computer.32
 .comment       0x0000000000000000       0x12 core/computer.32
 .comment       0x0000000000000000       0x12 core/gdt.32
 .group         0x0000000000000000        0xc core/idle.32
 .comment       0x0000000000000000       0x12 core/idle.32
 .comment       0x0000000000000000       0x12 core/idt.32
 .comment       0x0000000000000000       0x12 core/kheap.32
 .comment       0x0000000000000000       0x12 core/main.32
 .comment       0x0000000000000000       0x12 core/physmgr.32
 .group         0x0000000000000000        0xc core/pipe.32
 .comment       0x0000000000000000       0x12 core/pipe.32
 .group         0x0000000000000000        0xc core/terminal.32
 .comment       0x0000000000000000       0x12 core/terminal.32
 .comment       0x0000000000000000       0x12 core/tss.32
 .group         0x0000000000000000        0x8 core/unixfile.32
 .group         0x0000000000000000        0x8 core/unixfile.32
 .group         0x0000000000000000        0xc core/unixfile.32
 .group         0x0000000000000000        0x8 core/unixfile.32
 .group         0x0000000000000000        0xc core/unixfile.32
 .group         0x0000000000000000        0x8 core/unixfile.32
 .group         0x0000000000000000        0xc core/unixfile.32
 .group         0x0000000000000000        0xc core/unixfile.32
 .comment       0x0000000000000000       0x12 core/unixfile.32
 .comment       0x0000000000000000       0x12 core/virtmgr.32
 .comment       0x0000000000000000       0x12 coreobjs/c++.32
 .comment       0x0000000000000000       0x12 dbg/kconsole.32
 .group         0x0000000000000000        0xc fs/vfs.32
 .group         0x0000000000000000        0xc fs/vfs.32
 .group         0x0000000000000000        0xc fs/vfs.32
 .comment       0x0000000000000000       0x12 fs/vfs.32
 .group         0x0000000000000000        0xc hal/bus.32
 .comment       0x0000000000000000       0x12 hal/bus.32
 .comment       0x0000000000000000       0x12 hal/buzzer.32
 .group         0x0000000000000000        0xc hal/clock.32
 .comment       0x0000000000000000       0x12 hal/clock.32
 .group         0x0000000000000000       0x14 hal/device.32
 .group         0x0000000000000000        0xc hal/device.32
 .group         0x0000000000000000        0x8 hal/device.32
 .group         0x0000000000000000        0xc hal/device.32
 .group         0x0000000000000000        0xc hal/device.32
 .comment       0x0000000000000000       0x12 hal/device.32
 .group         0x0000000000000000        0xc hal/diskctrl.32
 .comment       0x0000000000000000       0x12 hal/diskctrl.32
 .group         0x0000000000000000        0xc hal/diskphys.32
 .comment       0x0000000000000000       0x12 hal/diskphys.32
 .comment       0x0000000000000000       0x12 hal/fpu.32
 .comment       0x0000000000000000       0x12 hal/intctrl.32
 .group         0x0000000000000000        0xc hal/keybrd.32
 .comment       0x0000000000000000       0x12 hal/keybrd.32
 .group         0x0000000000000000        0xc hal/logidisk.32
 .comment       0x0000000000000000       0x12 hal/logidisk.32
 .group         0x0000000000000000        0xc hal/mouse.32
 .comment       0x0000000000000000       0x12 hal/mouse.32
 .group         0x0000000000000000        0xc hal/nic.32
[...]
Memory Configuration

Name             Origin             Length             Attributes
*default*        0x0000000000000000 0xffffffffffffffff

Linker script and memory map

LOAD D:/Users/Alex/Desktop/Banana/kernel/boot.32
LOAD crti.32
LOAD /cygdrive/d/Users/Alex/Desktop/Toolchain/Output/bin/../lib/gcc/i386-banana/8.1.0/crtbegin.o
LOAD D:/Users/Alex/Desktop/Banana/kernel/morenasm.32
LOAD acpica/utclib.32
LOAD core/malloc.32
LOAD libk/ctype.32
LOAD libk/string.32
LOAD fs/fat/diskio.32
LOAD fs/fat/ff.32
LOAD fs/fat/ffsystem.32
LOAD fs/fat/ffunicode.32
LOAD fs/iso9660/iso9660.32
LOAD core/computer.32
LOAD core/gdt.32
LOAD core/idle.32
LOAD core/idt.32
LOAD core/kheap.32
LOAD core/main.32
LOAD core/physmgr.32
LOAD core/pipe.32
LOAD core/terminal.32
LOAD core/tss.32
LOAD core/unixfile.32
LOAD core/virtmgr.32
LOAD coreobjs/c++.32
LOAD dbg/kconsole.32
LOAD fs/vfs.32
LOAD hal/bus.32
LOAD hal/buzzer.32
LOAD hal/clock.32
LOAD hal/device.32
LOAD hal/diskctrl.32
LOAD hal/diskphys.32
LOAD hal/fpu.32
LOAD hal/intctrl.32
LOAD hal/keybrd.32
LOAD hal/logidisk.32
LOAD hal/mouse.32
LOAD hal/nic.32
LOAD hal/partition.32
LOAD hal/serial.32
LOAD hal/timer.32
LOAD hal/vcache.32
LOAD hal/video.32
LOAD hw/acpi.32
LOAD hw/cpu.32
LOAD krnl/bootmsg.32
LOAD krnl/env.32
LOAD krnl/inlines.32
LOAD krnl/panic.32
LOAD krnl/powctrl.32
LOAD krnl/resolve.32
LOAD krnl/signal.32
LOAD krnl/syscalls.32
LOAD net/ethernet.32
LOAD reg/cm.32
LOAD reg/registry.32
LOAD sys/eject.32
LOAD sys/exit.32
LOAD sys/getcwd.32
LOAD sys/getpid.32
LOAD sys/getramdata.32
LOAD sys/getvgaptr.32
LOAD sys/kill.32
LOAD sys/loaddll.32
LOAD sys/read.32
LOAD sys/registersignal.32
LOAD sys/registry.32
LOAD sys/sbrk.32
LOAD sys/setcwd.32
LOAD sys/settime.32
LOAD sys/timezone.32
LOAD sys/write.32
LOAD sys/wsbe.32
LOAD sys/yield.32
LOAD thr/elf.32
LOAD thr/prcssthr.32
LOAD vm86/vm8086.32
LOAD arch/i386/hal.32
LOAD arch/i386/pic.32
LOAD arch/i386/rtc.32
LOAD arch/i386/vga.32
LOAD fs/fat/vfslink.32
LOAD fs/iso9660/helper.32
LOAD fs/iso9660/vfslink.32
LOAD hal/sound/sndcard.32
LOAD hal/sound/sndport.32
LOAD hw/bus/isa.32
LOAD hw/bus/pci.32
LOAD hw/diskctrl/ide.32
LOAD hw/diskctrl/satabus.32
LOAD hw/diskphys/ata.32
LOAD hw/diskphys/atapi.32
LOAD hw/diskphys/sata.32
LOAD hw/diskphys/satapi.32
LOAD hw/intctrl/apic.32
LOAD hw/timer/apictimer.32
LOAD hw/timer/pit.32
LOAD arch/i386/avx.32
LOAD arch/i386/interrupt.32
LOAD arch/i386/rdrand.32
LOAD arch/i386/sse.32
LOAD arch/i386/x87.32
LOAD /cygdrive/d/Users/Alex/Desktop/Toolchain/Output/bin/../lib/gcc/i386-banana/8.1.0/crtend.o
LOAD crtn.32
LOAD /cygdrive/d/Users/Alex/Desktop/Toolchain/Output/bin/../lib/gcc/i386-banana/8.1.0/libkgcc.a
LOAD D:/Users/Alex/Desktop/Banana/kernel/libsoftfp.a
LOAD D:/Users/Alex/Desktop/Banana/kernel/libk/libm32.a
                0x00000000c0000000                . = 0xc0000000

.text           0x00000000c0000000    0x1deba
 *(.text)
 .text          0x00000000c0000000       0x20 D:/Users/Alex/Desktop/Banana/kernel/boot.32
 .text          0x00000000c0000020        0x0 crti.32
 .text          0x00000000c0000020      0x101 /cygdrive/d/Users/Alex/Desktop/Toolchain/Output/bin/../lib/gcc/i386-banana/8.1.0/crtbegin.o
 *fill*         0x00000000c0000121        0xf 
 .text          0x00000000c0000130      0x24f D:/Users/Alex/Desktop/Banana/kernel/morenasm.32
                0x00000000c0000130                manualPCIProbe
                0x00000000c000017b                prepareTramp
                0x00000000c0000194                doTPAUSE
                0x00000000c000019e                hasLegacyFPU
                0x00000000c00001c3                is486
                0x00000000c00001f9                detectCPUID
                0x00000000c000020f                goToVM86
                0x00000000c000023f                goToUsermode
                0x00000000c0000269                switchToThreadASMFirstTime
                0x00000000c0000277                switchToThreadASM
                0x00000000c00002fc                asmQuickAcquireLock
                0x00000000c000031a                asmQuickReleaseLock
                0x00000000c0000326                asmAcquireLock
                0x00000000c0000347                asmReleaseLock
                0x00000000c000035a                loadGDT
                0x00000000c000037a                memcpy
 *fill*         0x00000000c000037f        0x1 
 .text          0x00000000c0000380      0x79e acpica/utclib.32
                0x00000000c0000380                memcmp
                0x00000000c00003d0                memmove
                0x00000000c00004c0                memset
                0x00000000c0000530                strlen
                0x00000000c0000560                strpbrk
                0x00000000c00005a0                strtok
                0x00000000c00005f0                strcpy
                0x00000000c0000620                strncpy
                0x00000000c00006d0                strcmp
                0x00000000c0000720                strchr
                0x00000000c0000750                strncmp
                0x00000000c00007b0                strcat
                0x00000000c00007e0                strncat
                0x00000000c0000840                strstr
                0x00000000c00008a0                toupper
                0x00000000c00008c0                tolower
                0x00000000c00008e0                simple_strtoul
 .text          0x00000000c0000b1e      0xfad core/malloc.32
                0x00000000c0000c89                dlfree
                0x00000000c0000fe4                dlmalloc
                0x00000000c0001521                dlrealloc
                0x00000000c00016c4                dlmemalign
                0x00000000c00017e7                dlcalloc
                0x00000000c0001881                dlcfree
                0x00000000c0001886                dlindependent_calloc
                0x00000000c00018ab                dlindependent_comalloc
                0x00000000c00018c2                dlvalloc
                0x00000000c00018ed                dlpvalloc
                0x00000000c0001923                dlmalloc_trim
                0x00000000c0001930                dlmalloc_usable_size
                0x00000000c0001961                dlmallinfo
                0x00000000c0001a30                dlmalloc_stats
                0x00000000c0001a41                dlmallopt
 *fill*         0x00000000c0001acb        0x1 
 .text          0x00000000c0001acc      0x1f2 libk/ctype.32
                0x00000000c0001acc                isblank
                0x00000000c0001aec                iscntrl
                0x00000000c0001b0c                isdigit
                0x00000000c0001b28                islower
                0x00000000c0001b44                isspace
                0x00000000c0001b6c                isupper
                0x00000000c0001b88                isalpha
                0x00000000c0001bb8                isalnum
                0x00000000c0001be8                ispunct
                0x00000000c0001c28                isgraph
                0x00000000c0001c58                isprint
                0x00000000c0001c80                isxdigit
 .text          0x00000000c0001cbe        0x0 libk/string.32
 .text          0x00000000c0001cbe       0x51 fs/fat/diskio.32
                0x00000000c0001cbe                disk_status
                0x00000000c0001cc1                disk_initialize
                0x00000000c0001cc4                disk_read
                0x00000000c0001cda                disk_write
                0x00000000c0001cf0                disk_ioctl
 .text          0x00000000c0001d0f     0x3d4b fs/fat/ff.32
                0x00000000c0003aab                f_mount
                0x00000000c0003b0d                f_open
                0x00000000c0003dd8                f_read
                0x00000000c0003fd7                f_write
                0x00000000c000420b                f_sync
                0x00000000c00042c0                f_close
                0x00000000c00042ef                f_lseek
                0x00000000c0004496                f_opendir
                0x00000000c0004561                f_closedir
                0x00000000c0004583                f_readdir
                0x00000000c0004615                f_stat
                0x00000000c0004694                f_getfree
                0x00000000c0004796                f_truncate
                0x00000000c000487a                f_unlink
                0x00000000c000499c                f_mkdir
                0x00000000c0004b37                f_rename
                0x00000000c0004ced                f_chmod
                0x00000000c0004d96                f_utime
                0x00000000c0004e44                f_getlabel
                0x00000000c0004f95                f_setlabel
                0x00000000c0005125                f_expand
                0x00000000c0005285                f_mkfs
 *fill*         0x00000000c0005a5a        0x2 
 .text          0x00000000c0005a5c       0x2f fs/fat/ffsystem.32
                0x00000000c0005a5c                ff_memalloc
                0x00000000c0005a74                ff_memfree
 *fill*         0x00000000c0005a8b        0x1 
 .text          0x00000000c0005a8c      0x2a8 fs/fat/ffunicode.32
                0x00000000c0005a8c                ff_uni2oem
                0x00000000c0005b2c                ff_oem2uni
                0x00000000c0005ba4                ff_wtoupper
 .text          0x00000000c0005d34      0xd2f fs/iso9660/iso9660.32
                0x00000000c0005f79                isoReadDiscSector
                0x00000000c0006014                strnicmp
                0x00000000c00062c7                stricmp
                0x00000000c0006313                iso_open
                0x00000000c000639d                iso_close
                0x00000000c00063bb                iso_read
                0x00000000c00064d1                iso_seek
                0x00000000c0006555                iso_tell
                0x00000000c0006586                iso_total
                0x00000000c00065b1                fn_postprocess
                0x00000000c00065d7                iso_readdir
                0x00000000c000682e                iso_reset
                0x00000000c000684b                init_percd
                0x00000000c0006945                iso_ioctl
                0x00000000c000695d                fs_iso9660_init
                0x00000000c00069f3                fs_iso9660_shutdown
 *fill*         0x00000000c0006a63        0x1 
 .text          0x00000000c0006a64      0x685 core/computer.32
                0x00000000c0006a64                Computer::close(int, int, void*)
                0x00000000c0006aa9                Krnl::firstTask()
                0x00000000c0006bdc                Computer::Computer()
                0x00000000c0006bdc                Computer::Computer()
                0x00000000c0006c8e                Computer::setBootMessage(char const*)
                0x00000000c0006c90                Computer::detectFeatures()
                0x00000000c0006e9a                Computer::displayFeatures()
                0x00000000c0006e9c                Computer::rdmsr(unsigned int)
                0x00000000c0006ec8                Computer::wrmsr(unsigned int, unsigned long long)
                0x00000000c0006f00                Computer::shutdown()
                0x00000000c0006f18                Computer::restart()
                0x00000000c0006f30                Computer::sleep()
                0x00000000c0006f44                Computer::nmiEnabled()
                0x00000000c0006f50                Computer::readCMOS(unsigned char)
                0x00000000c0006f6a                Computer::enableNMI(bool)
                0x00000000c0006f82                Computer::open(int, int, void*)
                0x00000000c0007056                Computer::disableNMI()
                0x00000000c0007066                Computer::writeCMOS(unsigned char, unsigned char)
                0x00000000c0007084                Computer::handleNMI()
 *fill*         0x00000000c00070e9        0x1 
 .text          0x00000000c00070ea      0x1cf core/gdt.32
                0x00000000c00070ea                GDTEntry::setBase(unsigned int)
                0x00000000c0007106                GDTEntry::setLimit(unsigned int)
                0x00000000c0007124                GDT::GDT()
                0x00000000c0007124                GDT::GDT()
                0x00000000c000713a                GDT::addEntry(GDTEntry)
                0x00000000c000715c                GDT::getNumberOfEntries()
                0x00000000c0007164                GDT::flush()
                0x00000000c0007186                GDT::setup()
 .text          0x00000000c00072b9       0x1d core/idle.32
                0x00000000c00072b9                idleFunction(void*)
 *fill*         0x00000000c00072d6        0x2 
 .text          0x00000000c00072d8      0x464 core/idt.32
                0x00000000c00072d8                IDTEntry::IDTEntry(bool)
                0x00000000c00072d8                IDTEntry::IDTEntry(bool)
                0x00000000c000734a                IDTEntry::setOffset(unsigned int)
                0x00000000c0007360                IDT::IDT()
                0x00000000c0007360                IDT::IDT()
                0x00000000c0007362                IDT::getPointerToInvalidOpcodeEntryForF00F()
                0x00000000c000736a                IDT::addEntry(IDTEntry, int)
                0x00000000c0007384                IDT::addEntry(int, void (*)(), bool)
                0x00000000c00073bc                IDT::flush()
                0x00000000c00073d6                IDT::setup()
 .text          0x00000000c000773c      0x183 core/kheap.32
                0x00000000c000773c                sbrk
                0x00000000c00077d1                mmap
                0x00000000c00077e7                munmap
                0x00000000c00077fd                liballoc_lock()
                0x00000000c000780a                liballoc_unlock()
                0x00000000c000781e                liballoc_alloc(int)
                0x00000000c0007836                liballoc_free(void*, int)
                0x00000000c0007851                realloc
                0x00000000c0007865                malloc
                0x00000000c0007875                free
                0x00000000c0007885                rfree
                0x00000000c0007895                calloc
 .text          0x00000000c00078bf       0xc3 core/main.32
                0x00000000c00078bf                KeEntryPoint
 .text          0x00000000c0007982      0x5dc core/physmgr.32
                0x00000000c0007982                Phys::allocateDMA(unsigned long)
                0x00000000c0007a59                Phys::freeDMA(unsigned long, unsigned long)
                0x00000000c0007a8c                Phys::setPageState(unsigned long, bool)
                0x00000000c0007abe                Phys::getPageState(unsigned long)
                0x00000000c0007adf                Phys::freePage(unsigned long)
                0x00000000c0007b41                Phys::allocatePage()
                0x00000000c0007bff                Phys::allocateContiguousPages(int)
                0x00000000c0007c5b                Phys::allowSegmentToBeUsed(unsigned long, unsigned long)
                0x00000000c0007c93                Phys::physicalMemorySetup(unsigned int)
 .text          0x00000000c0007f5e      0x273 core/pipe.32
                0x00000000c0007f5e                Pipe::isAtty()
                0x00000000c0007f62                Pipe::~Pipe()
                0x00000000c0007f62                Pipe::~Pipe()
                0x00000000c0007f86                Pipe::~Pipe()
                0x00000000c0007fae                Pipe::write(unsigned long long, void*, int*)
                0x00000000c000806e                Pipe::read(unsigned long long, void*, int*)
                0x00000000c000816a                Pipe::Pipe(int)
                0x00000000c000816a                Pipe::Pipe(int)
 *fill*         0x00000000c00081d1        0x1 
 .text          0x00000000c00081d2      0xaba core/terminal.32
                0x00000000c00081d2                VgaText::isAtty()
                0x00000000c00081d6                VgaText::~VgaText()
                0x00000000c00081d6                VgaText::~VgaText()
                0x00000000c00081fa                VgaText::~VgaText()
                0x00000000c0008224                VgaText::read(unsigned long long, void*, int*)
                0x00000000c0008244                setTerminalScrollLock(bool)
                0x00000000c0008245                doTerminalCycle()
                0x00000000c0008246                addToTerminalCycle(VgaText*)
                0x00000000c0008247                scrollTerminalScrollLock(int)
                0x00000000c0008248                VgaText::updateTitle()
                0x00000000c000824a                VgaText::load()
                0x00000000c000824c                VgaText::updateCursor()
                0x00000000c0008262                VgaText::doANSI_SGR(int)
                0x00000000c00082d6                VgaText::setDefaultBgColour(VgaColour)
                0x00000000c00082e6                VgaText::setDefaultFgColour(VgaColour)
                0x00000000c00082f6                VgaText::setDefaultColours(VgaColour, VgaColour)
                0x00000000c0008316                VgaText::setTitleTextColour(VgaColour)
                0x00000000c0008322                VgaText::setTitleColour(VgaColour)
                0x00000000c000832e                VgaText::setTitle(char*)
                0x00000000c0008330                VgaText::combineColours(unsigned char, unsigned char)
                0x00000000c0008342                VgaText::scrollScreen()
                0x00000000c00083d4                VgaText::combineCharAndColour(char, unsigned char)
                0x00000000c00083e6                VgaText::writeCharacter(char, VgaColour, VgaColour, int, int)
                0x00000000c0008476                VgaText::getCursorX()
                0x00000000c000847e                VgaText::getCursorY()
                0x00000000c0008486                VgaText::setCursor(int, int)
                0x00000000c000849d                setActiveTerminal(VgaText*)
                0x00000000c00084e8                VgaText::clearScreen()
                0x00000000c0008536                VgaText::setCursorX(int)
                0x00000000c000854e                VgaText::setCursorY(int)
                0x00000000c0008566                VgaText::incrementCursor(bool)
                0x00000000c00085ba                VgaText::decrementCursor(bool)
                0x00000000c00085dc                VgaText::putchar(char, VgaColour, VgaColour)
                0x00000000c00086aa                VgaText::putchar(char)
                0x00000000c0008796                VgaText::putx(unsigned int)
                0x00000000c00087dc                VgaText::puts(char const*)
                0x00000000c0008802                VgaText::write(unsigned long long, void*, int*)
                0x00000000c000884e                VgaText::puts(char const*, VgaColour, VgaColour)
                0x00000000c00089a0                VgaText::VgaText(char const*)
                0x00000000c00089a0                VgaText::VgaText(char const*)
                0x00000000c0008af0                VgaText::receiveKey(unsigned char)
                0x00000000c0008c66                VgaText::doUpdate()
                0x00000000c0008c67                newTerminal(char*)
 .text          0x00000000c0008c8c      0x1a1 core/tss.32
                0x00000000c0008c8c                TSS::TSS()
                0x00000000c0008c8c                TSS::TSS()
                0x00000000c0008c9c                TSS::setESP(unsigned long)
                0x00000000c0008cb0                TSS::flush()
                0x00000000c0008cd0                TSS::setup(unsigned long, unsigned long)
 *fill*         0x00000000c0008e2d        0x1 
 .text          0x00000000c0008e2e      0x4c2 core/unixfile.32
                0x00000000c0008e2e                ReservedFilename::read(unsigned long long, void*, int*)
                0x00000000c0008e84                ReservedFilename::isAtty()
                0x00000000c0008ea0                ReservedFilename::write(unsigned long long, void*, int*)
                0x00000000c0008efe                UnixFile::getFileDescriptor()
                0x00000000c0008f06                UnixFile::UnixFile(int)
                0x00000000c0008f06                UnixFile::UnixFile(int)
                0x00000000c00090b6                ReservedFilename::ReservedFilename(int)
                0x00000000c00090b6                ReservedFilename::ReservedFilename(int)
                0x00000000c00090e8                UnixFile::~UnixFile()
                0x00000000c00090e8                UnixFile::~UnixFile()
                0x00000000c0009180                UnixFile::~UnixFile()
                0x00000000c00091a8                ReservedFilename::~ReservedFilename()
                0x00000000c00091a8                ReservedFilename::~ReservedFilename()
                0x00000000c00091cc                ReservedFilename::~ReservedFilename()
                0x00000000c00091f3                getFromFileDescriptor(int)
 .text          0x00000000c00092f0     0x11d0 core/virtmgr.32
                0x00000000c00092f0                Virt::setPageState(unsigned long, Virt::VirtPageState)
                0x00000000c0009325                Virt::getPageState(unsigned long)
                0x00000000c0009349                Virt::allocateKernelVirtualPages(int)
                0x00000000c000945a                Virt::freeSwapfilePage(unsigned long)
                0x00000000c0009478                Virt::swapIDToSector(unsigned long)
                0x00000000c000948a                Virt::allocateSwapfilePage()
                0x00000000c0009508                Virt::virtualMemorySetup()
                0x00000000c0009553                Virt::setupPageSwapping(int)
                0x00000000c00095c4                VAS::VAS(VAS*)
                0x00000000c00095c4                VAS::VAS(VAS*)
                0x00000000c00095f2                VAS::getForeignPageTableEntry(bool, unsigned long)
                0x00000000c000961e                VAS::getPageTableEntry(unsigned long)
                0x00000000c000963d                Virt::freeKernelVirtualPages(unsigned long)
                0x00000000c0009762                VAS::freeAllocatedPages(unsigned long)
                0x00000000c0009786                VAS::virtualToPhysical(unsigned long)
                0x00000000c00097a0                VAS::reflagRange(unsigned long, int, int, int)
                0x00000000c00097e0                VAS::VAS()
                0x00000000c00097e0                VAS::VAS()
                0x00000000c000984a                VAS::setToWriteCombining(unsigned long, int)
                0x00000000c000987e                VAS::mapOtherVASIn(bool, VAS*)
                0x00000000c00098a8                VAS::~VAS()
                0x00000000c00098a8                VAS::~VAS()
                0x00000000c0009a0c                VAS::mapPage(unsigned long, unsigned long, int)
                0x00000000c0009b10                VAS::allocatePages(int, int)
                0x00000000c0009ce8                VAS::setCPUSpecific(unsigned long)
                0x00000000c0009d06                VAS::mapRange(unsigned long, unsigned long, int, int)
                0x00000000c0009dcc                VAS::mapForeignPage(bool, VAS*, unsigned long, unsigned long, int)
                0x00000000c0009eba                VAS::VAS(bool)
                0x00000000c0009eba                VAS::VAS(bool)
                0x00000000c000a13a                VAS::evict(unsigned long)
                0x00000000c000a1fc                VAS::tryLoadBackOffDisk(unsigned long)
                0x00000000c000a2ea                VAS::scanForEviction()
                0x00000000c000a3ca                mapVASFirstTime
 .text          0x00000000c000a4c0       0x5f coreobjs/c++.32
                0x00000000c000a4c0                __cxa_atexit
                0x00000000c000a4c3                __cxa_finalize
                0x00000000c000a4c4                __stack_chk_fail
                0x00000000c000a4fa                __cxa_pure_virtual
                0x00000000c000a50b                operator new[](unsigned long)
                0x00000000c000a510                operator delete(void*, unsigned long)
                0x00000000c000a515                operator delete[](void*)
                0x00000000c000a51a                operator delete[](void*, unsigned long)
 .text          0x00000000c000a51f      0x21c dbg/kconsole.32
                0x00000000c000a51f                Dbg::stringifyxWithBase(unsigned int, char*, int)
                0x00000000c000a58a                Dbg::logc(char)
                0x00000000c000a5aa                Dbg::logs(char*)
                0x00000000c000a5c7                Dbg::logWriteInt(unsigned int)
                0x00000000c000a5e5                Dbg::logWriteIntBase(unsigned int, int)
                0x00000000c000a606                Dbg::kprintf(char const*, ...)
 *fill*         0x00000000c000a73b        0x1 
 .text          0x00000000c000a73c      0xc5c fs/vfs.32
                0x00000000c000a73c                File::read(unsigned long long, void*, int*)
                0x00000000c000a794                File::write(unsigned long long, void*, int*)
                0x00000000c000a7ec                Directory::read(unsigned long long, void*, int*)
                0x00000000c000a844                Directory::write(unsigned long long, void*, int*)
                0x00000000c000a872                File::isAtty()
                0x00000000c000a876                Directory::isAtty()
                0x00000000c000a87a                Filesystem::getlabel(LogicalDisk*, int, char*, unsigned int*)
                0x00000000c000a880                Filesystem::setlabel(LogicalDisk*, int, char*)
                0x00000000c000a886                Filesystem::allocateSwapfile(char const*, int)
                0x00000000c000a88c                File::~File()
                0x00000000c000a88c                File::~File()
                0x00000000c000a8b0                File::~File()
                0x00000000c000a8da                Directory::~Directory()
                0x00000000c000a8da                Directory::~Directory()
                0x00000000c000a8fe                Directory::~Directory()
                0x00000000c000a928                Filesystem::Filesystem()
                0x00000000c000a928                Filesystem::Filesystem()
                0x00000000c000a94c                Filesystem::~Filesystem()
                0x00000000c000a94c                Filesystem::~Filesystem()
                0x00000000c000a95a                Filesystem::~Filesystem()
                0x00000000c000a97e                Fs::getcwd(Process*, char*, int)
                0x00000000c000a9a8                Fs::initVFS()
                0x00000000c000a9d2                Fs::standardiseFiles(char*, char const*, char const*)
                0x00000000c000ab7c                File::File(char const*, Process*)
                0x00000000c000ab7c                File::File(char const*, Process*)
                0x00000000c000ac3c                File::open(FileOpenMode)
                0x00000000c000ac9a                File::close()
                0x00000000c000acfa                File::seek(unsigned long long)
                0x00000000c000ad50                File::tell(unsigned long long*)
                0x00000000c000ada0                File::rewind()
                0x00000000c000adb4                File::unlink()
                0x00000000c000ae00                File::rename(char const*)
                0x00000000c000ae4e                File::chfatattr(unsigned char, unsigned char)
                0x00000000c000aeaa                File::exists()
                0x00000000c000aee8                File::stat(unsigned long long*, bool*)
                0x00000000c000af49                Fs::setcwd(Process*, char*)
                0x00000000c000b0a6                Directory::Directory(char const*, Process*)
                0x00000000c000b0a6                Directory::Directory(char const*, Process*)
                0x00000000c000b166                Directory::open()
                0x00000000c000b1c2                Directory::close()
                0x00000000c000b222                Directory::unlink()
                0x00000000c000b26e                Directory::rename(char const*)
                0x00000000c000b2bc                Directory::exists()
                0x00000000c000b2fa                Directory::read(dirent*)
                0x00000000c000b346                Directory::create()
                0x00000000c000b392                Filesystem::chfatattr(char const*, unsigned char, unsigned char)
 .text          0x00000000c000b398       0x86 hal/bus.32
                0x00000000c000b398                Bus::Bus(char const*)
                0x00000000c000b398                Bus::Bus(char const*)
                0x00000000c000b3d0                Bus::~Bus()
                0x00000000c000b3d0                Bus::~Bus()
                0x00000000c000b3f4                Bus::~Bus()
 .text          0x00000000c000b41e       0x96 hal/buzzer.32
                0x00000000c000b41e                beepThread(void*)
                0x00000000c000b45b                Krnl::beep(int, int, bool)
 .text          0x00000000c000b4b4      0x46d hal/clock.32
                0x00000000c000b4b4                User::loadClockSettings(int)
                0x00000000c000b506                Clock::Clock(char const*)
                0x00000000c000b506                Clock::Clock(char const*)
                0x00000000c000b53c                Clock::~Clock()
                0x00000000c000b53c                Clock::~Clock()
                0x00000000c000b560                Clock::~Clock()
                0x00000000c000b58a                Clock::timeInSecondsLocal()
                0x00000000c000b5d2                Clock::setTimeInSecondsLocal(unsigned long long)
                0x00000000c000b62b                datetimeToSeconds(datetime_t)
                0x00000000c000b758                Clock::setTimeInDatetimeLocal(datetime_t)
                0x00000000c000b7b8                secondsToDatetime(unsigned long long)
                0x00000000c000b8fc                Clock::timeInDatetimeLocal()
 *fill*         0x00000000c000b921        0x1 
 .text          0x00000000c000b922      0x464 hal/device.32
                0x00000000c000b922                Device::hibernate()
                0x00000000c000b924                Device::wake()
                0x00000000c000b926                Device::detect()
                0x00000000c000b928                Device::disableLegacy()
                0x00000000c000b92a                Device::powerSaving(PowerSavingLevel)
                0x00000000c000b92c                DriverlessDevice::close(int, int, void*)
                0x00000000c000b930                DriverlessDevice::detect()
                0x00000000c000b932                DriverlessDevice::open(int, int, void*)
                0x00000000c000b946                Device::~Device()
                0x00000000c000b946                Device::~Device()
                0x00000000c000b954                Device::~Device()
                0x00000000c000b97c                Device::findAndLoadDriver()
                0x00000000c000b98a                Device::preOpenPCI(PCIDeviceInfo)
                0x00000000c000b9b0                Device::preOpenACPI(void*, char*, char*)
                0x00000000c000b9f0                Device::addIRQHandler(int, void (*)(regs*, void*), bool, void*)
                0x00000000c000ba1a                Device::getParent()
                0x00000000c000ba26                Device::removeIRQHandler(int, void (*)(regs*, void*), bool)
                0x00000000c000ba44                Device::addChild(Device*)
                0x00000000c000ba88                Device::removeAllChildren()
                0x00000000c000bace                Device::hibernateAll()
                0x00000000c000bafe                Device::wakeAll()
                0x00000000c000bb2e                Device::detectAll()
                0x00000000c000bb5e                Device::disableLegacyAll()
                0x00000000c000bb60                Device::loadDriversForAll()
                0x00000000c000bb62                Device::closeAll()
                0x00000000c000bb98                Device::powerSavingAll(PowerSavingLevel)
                0x00000000c000bbce                Device::setName(char const*)
                0x00000000c000bbdc                Device::Device(char const*)
                0x00000000c000bbdc                Device::Device(char const*)
                0x00000000c000bcd8                Device::getName()
                0x00000000c000bce2                DriverlessDevice::DriverlessDevice(char const*)
                0x00000000c000bce2                DriverlessDevice::DriverlessDevice(char const*)
                0x00000000c000bd18                Device::addToLinkedList(LinkedList<Device>&, DeviceType)
                0x00000000c000bd5c                getDevicesOfType(DeviceType)
 *fill*         0x00000000c000bd86        0x2 
 .text          0x00000000c000bd88       0x86 hal/diskctrl.32
                0x00000000c000bd88                HardDiskController::HardDiskController(char const*)
                0x00000000c000bd88                HardDiskController::HardDiskController(char const*)
                0x00000000c000bdc0                HardDiskController::~HardDiskController()
                0x00000000c000bdc0                HardDiskController::~HardDiskController()
                0x00000000c000bde4                HardDiskController::~HardDiskController()
 .text          0x00000000c000be0e       0xe2 hal/diskphys.32
                0x00000000c000be0e                PhysicalDisk::eject()
                0x00000000c000be12                PhysicalDisk::PhysicalDisk(char const*, int)
                0x00000000c000be12                PhysicalDisk::PhysicalDisk(char const*, int)
                0x00000000c000be7a                PhysicalDisk::startCache()
                0x00000000c000bea2                PhysicalDisk::~PhysicalDisk()
                0x00000000c000bea2                PhysicalDisk::~PhysicalDisk()
                0x00000000c000bec6                PhysicalDisk::~PhysicalDisk()
 .text          0x00000000c000bef0        0x0 hal/fpu.32
 .text          0x00000000c000bef0      0x35d hal/intctrl.32
                0x00000000c000bef0                int_handler
                0x00000000c000bf78                installISRHandler(int, void (*)(regs*, void*), void*)
                0x00000000c000bfc0                installIRQHandler(int, void (*)(regs*, void*), bool, void*)
                0x00000000c000c0f8                uninstallISRHandler(int, void (*)(regs*, void*))
                0x00000000c000c12c                uninstallIRQHandler(int, void (*)(regs*, void*), bool)
                0x00000000c000c1ab                setupINTS()
                0x00000000c000c208                convertLegacyIRQNumber(int)
 *fill*         0x00000000c000c24d        0x1 
 .text          0x00000000c000c24e      0x7ec hal/keybrd.32
                0x00000000c000c24e                startGUI(void*)
                0x00000000c000c2ba                startGUIVESA(void*)
                0x00000000c000c326                sendKeyToTerminal(unsigned char)
                0x00000000c000c3f5                sendKeyboardToken(KeyboardToken)
                0x00000000c000c835                clearInternalKeybuffer(VgaText*)
                0x00000000c000c86a                readKeyboard(VgaText*, char*, unsigned long)
                0x00000000c000c9b0                Keyboard::Keyboard(char const*)
                0x00000000c000c9b0                Keyboard::Keyboard(char const*)
                0x00000000c000c9ec                Keyboard::~Keyboard()
                0x00000000c000c9ec                Keyboard::~Keyboard()
                0x00000000c000ca10                Keyboard::~Keyboard()
 .text          0x00000000c000ca3a      0x3f4 hal/logidisk.32
                0x00000000c000ca3a                LogicalDisk::close(int, int, void*)
                0x00000000c000ca3e                LogicalDisk::~LogicalDisk()
                0x00000000c000ca3e                LogicalDisk::~LogicalDisk()
                0x00000000c000ca62                LogicalDisk::~LogicalDisk()
                0x00000000c000ca8c                LogicalDisk::open(int, int, void*)
                0x00000000c000caa0                LogicalDisk::absoluteToRelative(unsigned long long)
                0x00000000c000cad8                LogicalDisk::relativeToAbsolute(unsigned long long)
                0x00000000c000cb1e                LogicalDisk::LogicalDisk(char const*, PhysicalDisk*, unsigned long long, unsigned long long)
                0x00000000c000cb1e                LogicalDisk::LogicalDisk(char const*, PhysicalDisk*, unsigned long long, unsigned long long)
                0x00000000c000cbde                LogicalDisk::assignDriveLetter()
                0x00000000c000cc94                LogicalDisk::mount()
                0x00000000c000ccdc                LogicalDisk::unmount()
                0x00000000c000ccec                LogicalDisk::eject()
                0x00000000c000cd00                LogicalDisk::unassignDriveLetter()
                0x00000000c000cd56                LogicalDisk::read(unsigned long long, int, void*)
                0x00000000c000cdc2                LogicalDisk::write(unsigned long long, int, void*)
 *fill*         0x00000000c000ce2e        0x2 
 .text          0x00000000c000ce30       0x86 hal/mouse.32
                0x00000000c000ce30                Mouse::Mouse(char const*)
                0x00000000c000ce30                Mouse::Mouse(char const*)
                0x00000000c000ce68                Mouse::~Mouse()
                0x00000000c000ce68                Mouse::~Mouse()
                0x00000000c000ce8c                Mouse::~Mouse()
 .text          0x00000000c000ceb6       0x90 hal/nic.32
                0x00000000c000ceb6                NIC::getMAC()
                0x00000000c000cebc                NIC::write(int, unsigned char*, int*)
                0x00000000c000cec2                NIC::NIC(char const*)
                0x00000000c000cec2                NIC::NIC(char const*)
                0x00000000c000cef8                NIC::~NIC()
                0x00000000c000cef8                NIC::~NIC()
                0x00000000c000cf1c                NIC::~NIC()
 .text          0x00000000c000cf46      0x339 hal/partition.32
                0x00000000c000cf46                makePartition(PhysicalDisk*, unsigned long long, unsigned long long)
                0x00000000c000cfee                createPartitionsForDisk(PhysicalDisk*)
 *fill*         0x00000000c000d27f        0x1 
 .text          0x00000000c000d280       0x86 hal/serial.32
                0x00000000c000d280                Serial::Serial(char const*)
                0x00000000c000d280                Serial::Serial(char const*)
                0x00000000c000d2b8                Serial::~Serial()
                0x00000000c000d2b8                Serial::~Serial()
                0x00000000c000d2dc                Serial::~Serial()
 *fill*         0x00000000c000d306        0x2 
 .text          0x00000000c000d308      0x234 hal/timer.32
                0x00000000c000d308                Timer::Timer(char const*)
                0x00000000c000d308                Timer::Timer(char const*)
                0x00000000c000d340                Timer::~Timer()
                0x00000000c000d340                Timer::~Timer()
                0x00000000c000d364                Timer::~Timer()
                0x00000000c000d38e                Timer::read()
                0x00000000c000d399                setupTimer(int)
                0x00000000c000d3d4                timerHandler(unsigned int)
 .text          0x00000000c000d53c      0x440 hal/vcache.32
                0x00000000c000d53c                VCache::VCache(PhysicalDisk*)
                0x00000000c000d53c                VCache::VCache(PhysicalDisk*)
                0x00000000c000d6ac                VCache::invalidateReadBuffer()
                0x00000000c000d6bc                VCache::writeWriteBuffer()
                0x00000000c000d708                VCache::~VCache()
                0x00000000c000d708                VCache::~VCache()
                0x00000000c000d75c                VCache::~VCache()
                0x00000000c000d784                VCache::write(unsigned long long, int, void*)
                0x00000000c000d872                VCache::read(unsigned long long, int, void*)
 .text          0x00000000c000d97c      0x4c7 hal/video.32
                0x00000000c000d97c                Video::putrect(int, int, int, int, unsigned int)
                0x00000000c000d9c8                Video::bitblit(int, int, int, int, int, int, int, unsigned int*)
                0x00000000c000da38                Video::blit(unsigned int*, int, int, int, int)
                0x00000000c000dab6                Video::clearScreen(unsigned int)
                0x00000000c000daea                Video::putpixel(int, int, unsigned int)
                0x00000000c000daf8                Video::readPixelApprox(int, int)
                0x00000000c000db0c                Video::Video(char const*)
                0x00000000c000db0c                Video::Video(char const*)
                0x00000000c000db42                Video::~Video()
                0x00000000c000db42                Video::~Video()
                0x00000000c000db66                Video::~Video()
                0x00000000c000db90                Video::isMonochrome()
                0x00000000c000db9c                Video::getWidth()
                0x00000000c000dba8                Video::getHeight()
                0x00000000c000dbb4                Video::drawCursor(int, int, unsigned int*, int)
                0x00000000c000dc70                Video::tgaParse(unsigned char*, int, int*, int*)
                0x00000000c000ddd8                Video::putTGA(int, int, unsigned char*, int)
 *fill*         0x00000000c000de43        0x1 
 .text          0x00000000c000de44     0x1307 hw/acpi.32
                0x00000000c000de44                ACPI::close(int, int, void*)
                0x00000000c000defc                findRSDP()
                0x00000000c000df8c                loadACPITables(unsigned char*)
                0x00000000c000e1f0                findRSDT(unsigned char*)
                0x00000000c000e340                findDataTable(unsigned char*, char*)
                0x00000000c000e3b8                scanMADT()
                0x00000000c000e88c                ACPI::ACPI()
                0x00000000c000e88c                ACPI::ACPI()
                0x00000000c000e8e0                ACPI::getPCIIRQAssignment(unsigned char, unsigned short, unsigned char)
                0x00000000c000e9c8                ACPI::registerPCIIRQAssignment(void*, unsigned short, unsigned char, unsigned char)
                0x00000000c000ea90                ACPI::setScreenBrightnessLevel(void*, int)
                0x00000000c000ea98                ACPI::detectPCI()
                0x00000000c000eca0                ACPI::writeSimpleBootFlag(SimpleBootFlagTable*)
                0x00000000c000ecf4                ACPI::sleep()
                0x00000000c000ed10                ACPI::open(int, int, void*)
 *fill*         0x00000000c000f14b        0x1 
 .text          0x00000000c000f14c      0xb95 hw/cpu.32
                0x00000000c000f14c                CPU::close(int, int, void*)
                0x00000000c000f150                CPU::AMD_K6_write_msr(unsigned int, unsigned int, unsigned int, CPU::REGS*)
                0x00000000c000f16c                CPU::AMD_K6_read_msr(unsigned int, CPU::REGS*)
                0x00000000c000f184                CPU::AMD_K6_writeback(int, int, int)
                0x00000000c000f1f8                CPU::cpuid(int, unsigned long*, unsigned long*, unsigned long*, unsigned long*)
                0x00000000c000f27c                CPU::cpuidCheckEDX(unsigned int)
                0x00000000c000f2aa                CPU::cpuidCheckECX(unsigned int)
                0x00000000c000f2d8                CPU::cpuidCheckExtendedEBX(unsigned int)
                0x00000000c000f306                CPU::cpuidCheckExtendedECX(unsigned int)
                0x00000000c000f334                CPU::CPU()
                0x00000000c000f334                CPU::CPU()
                0x00000000c000f3c2                CPU::displayFeatures()
                0x00000000c000f3c4                CPU::detectFeatures()
                0x00000000c000fa88                CPU::setupSMEP()
                0x00000000c000fa94                CPU::setupUMIP()
                0x00000000c000fa9e                CPU::setupTSC()
                0x00000000c000faa8                CPU::setupLargePages()
                0x00000000c000fab2                CPU::setupPAT()
                0x00000000c000faee                CPU::setupMTRR()
                0x00000000c000faf0                CPU::setupGlobalPages()
                0x00000000c000fafa                CPU::allowUsermodeDataAccess()
                0x00000000c000fb0c                CPU::prohibitUsermodeDataAccess()
                0x00000000c000fb1e                CPU::setupSMAP()
                0x00000000c000fb2c                CPU::setupFeatures()
                0x00000000c000fbf8                CPU::open(int, int, void*)
 .text          0x00000000c000fce1       0xd1 krnl/bootmsg.32
                0x00000000c000fce1                KeDisplaySplashScreen()
                0x00000000c000fd4f                KeSetBootMessage(char const*)
 .text          0x00000000c000fdb2      0x581 krnl/env.32
                0x00000000c000fdb2                EnvVarContainer::getEnv(char const*)
                0x00000000c000fdf0                EnvVarContainer::setEnv(char const*, char const*)
                0x00000000c000feb2                EnvVarContainer::deleteEnv(char const*)
                0x00000000c000feb4                EnvVarContainer::loadFrom(char const*, char const*)
                0x00000000c001009a                EnvVarContainer::__loadSystem()
                0x00000000c00100b4                EnvVarContainer::__loadUser()
                0x00000000c00100b6                EnvVarContainer::EnvVarContainer(Process*)
                0x00000000c00100b6                EnvVarContainer::EnvVarContainer(Process*)
                0x00000000c00100d8                EnvVarContainer::~EnvVarContainer()
                0x00000000c00100d8                EnvVarContainer::~EnvVarContainer()
                0x00000000c0010108                Krnl::getEnv(Process*, char const*)
                0x00000000c001016d                Krnl::setEnvSystem(char const*, char const*)
                0x00000000c0010187                Krnl::setEnvUser(char const*, char const*)
                0x00000000c00101a6                Krnl::setEnvProcess(Process*, char const*, char const*)
                0x00000000c00101b9                Krnl::deleteEnvSystem(char const*)
                0x00000000c00101ba                Krnl::deleteEnvUser(char const*)
                0x00000000c00101bb                Krnl::deleteEnvProcess(Process*, char const*)
                0x00000000c00101bc                Krnl::newProcessEnv(Process*)
                0x00000000c00101de                Krnl::copyProcessEnv(Process*, Process*)
                0x00000000c001022a                Krnl::loadSystemEnv()
                0x00000000c0010258                Krnl::loadUserEnv()
                0x00000000c001027e                Krnl::flushEnv()
                0x00000000c001027f                Krnl::getProcessTotalEnvCount(Process*)
                0x00000000c001029f                Krnl::getProcessEnvPair(Process*, int)
 .text          0x00000000c0010333       0x94 krnl/inlines.32
                0x00000000c0010333                CPU::current()
                0x00000000c001033f                operator new(unsigned long)
                0x00000000c0010344                operator delete(void*)
                0x00000000c0010349                disableIRQs()
                0x00000000c001034b                enableIRQs()
                0x00000000c001034d                lockScheduler()
                0x00000000c0010355                unlockScheduler()
                0x00000000c0010364                lockStuff()
                0x00000000c0010372                unlockStuff()
                0x00000000c00103ac                Virt::getAKernelVAS()
                0x00000000c00103b2                __not_memcpy
 .text          0x00000000c00103c7        0xc krnl/panic.32
                0x00000000c00103c7                KePanic(char const*)
 .text          0x00000000c00103d3      0x142 krnl/powctrl.32
                0x00000000c00103d3                Krnl::powerThread(void*)
                0x00000000c0010401                Krnl::changePowerSettings(Krnl::PowerSettings)
                0x00000000c0010417                Krnl::userIOReceived()
                0x00000000c0010422                Krnl::handlePowerButton()
                0x00000000c0010457                Krnl::handleSleepButton()
                0x00000000c001048c                Krnl::setupPowerManager()
 *fill*         0x00000000c0010515        0x3 
 .text          0x00000000c0010518      0x190 krnl/resolve.32
                0x00000000c0010518                KeResolveCompatibilitySymbol(char*)
 .text          0x00000000c00106a8      0x313 krnl/signal.32
                0x00000000c00106a8                KiSigKill(int)
                0x00000000c00106bc                KiDefaultSignalHandlerIgnore(int)
                0x00000000c00106bd                KiDefaultSignalHandlerPause(int)
                0x00000000c00106e9                KiDefaultSignalHandlerResume(int)
                0x00000000c0010715                KeDeinitSignals(SigHandlerBlock*)
                0x00000000c001071a                KeInitSignals()
                0x00000000c0010765                KeRegisterSignalHandler(SigHandlerBlock*, int, void (*)(int), unsigned int, int)
                0x00000000c001079b                KeRaiseSignal(SigHandlerBlock*, int)
                0x00000000c0010818                KeCheckSignal(SigHandlerBlock*, int*)
                0x00000000c0010907                KiCheckSignalZ
                0x00000000c0010949                KeCompleteSignal(SigHandlerBlock*, int)
                0x00000000c0010984                KiFinishSignalZ
 .text          0x00000000c00109bb      0xc39 krnl/syscalls.32
                0x00000000c00109bb                SysSeekDir(regs*)
                0x00000000c00109c0                SysTellDir(regs*)
                0x00000000c00109c5                SysVerify(regs*)
                0x00000000c00109cf                SysGetArgc(regs*)
                0x00000000c00109df                SysTTYName(regs*)
                0x00000000c00109e7                SysFormatDisk(regs*)
                0x00000000c0010a54                SysSetDiskVolumeLabel(regs*)
                0x00000000c0010a9e                SysGetDiskVolumeLabel(regs*)
                0x00000000c0010af3                SysShutdown(regs*)
                0x00000000c0010b51                SysRealpath(regs*)
                0x00000000c0010b94                SysReadDir(regs*)
                0x00000000c0010c14                SysIsATTY(regs*)
                0x00000000c0010c70                SysSeek(regs*)
                0x00000000c0010cc9                SysTell(regs*)
                0x00000000c0010d38                SysSize(regs*)
                0x00000000c0010dad                SysSizeFromFilename(regs*)
                0x00000000c0010e60                SysClose(regs*)
                0x00000000c0010ec0                SysOpenDir(regs*)
                0x00000000c0010f37                SysMakeDir(regs*)
                0x00000000c0010fa1                SysCloseDir(regs*)
                0x00000000c0010ff5                SysWait(regs*)
                0x00000000c0011012                SysNotImpl(regs*)
                0x00000000c001102d                SysPanic(regs*)
                0x00000000c0011048                SysRmdir(regs*)
                0x00000000c00110af                SysUnlink(regs*)
                0x00000000c0011116                SysGetArgv(regs*)
                0x00000000c0011163                SysUSleep(regs*)
                0x00000000c001118c                SysSpawn(regs*)
                0x00000000c00111f5                SysGetEnv(regs*)
                0x00000000c00112a4                SysSetFatAttrib(regs*)
                0x00000000c001131b                SysPipe(regs*)
                0x00000000c0011360                SysGetUnixTime(regs*)
                0x00000000c0011374                string_ends_with(char const*, char const*)
                0x00000000c00113be                SysOpen(regs*)
                0x00000000c00115b2                KeSystemCall(regs*, void*)
 .text          0x00000000c00115f4      0x110 net/ethernet.32
                0x00000000c00115f4                KeSwitchEndian16(unsigned short)
                0x00000000c0011620                KeSwitchEndian32(unsigned int)
                0x00000000c0011650                EthernetCRC32(unsigned char*, int)
                0x00000000c00116f4                EthernetReceivedPacket(unsigned char*, unsigned short)
 .text          0x00000000c0011704      0xcf7 reg/cm.32
                0x00000000c0011704                CmOpen(char const*)
                0x00000000c0011822                CmClose(Reghive_Tag*)
                0x00000000c0011838                CmReadExtent(Reghive_Tag*, int, unsigned char*)
                0x00000000c0011874                CmGetString(Reghive_Tag*, int, char*)
                0x00000000c00118eb                CmEnterDirectory(Reghive_Tag*, int)
                0x00000000c001192a                CmGetNext(Reghive_Tag*, int)
                0x00000000c001195c                CmWriteExtent(Reghive_Tag*, int, unsigned char*)
                0x00000000c0011998                CmFreeExtent(Reghive_Tag*, int)
                0x00000000c00119c0                CmUpdateHeader(Reghive_Tag*)
                0x00000000c00119e1                CmExpand(Reghive_Tag*, int)
                0x00000000c0011a5c                CmFindUnusedExtent(Reghive_Tag*)
                0x00000000c0011ae2                CmCreateExtent(Reghive_Tag*, int, int, unsigned char*)
                0x00000000c0011bd6                CmSetString(Reghive_Tag*, int, char const*)
                0x00000000c0011d12                CmGetMatch(char*, char*, bool, bool*)
                0x00000000c0011d73                CmAddShift(unsigned int*, int*, unsigned char, int)
                0x00000000c0011da3                CmGetShift(unsigned int*, int*, int, bool*)
                0x00000000c0011dda                CmGetInteger(Reghive_Tag*, int, unsigned long long*)
                0x00000000c0011e04                CmSetInteger(Reghive_Tag*, int, unsigned long long)
                0x00000000c0011e44                CmConvertFromInternalFilename(unsigned char const*, char*)
                0x00000000c0011ee8                CmGetNameAndTypeFromExtent(Reghive_Tag*, int, char*)
                0x00000000c0011f16                CmConvertToInternalFilename(char const*, unsigned char*)
                0x00000000c00120b4                CmCreateString(Reghive_Tag*, int, char const*)
                0x00000000c0012101                CmFindInDirectory(Reghive_Tag*, int, char const*)
                0x00000000c001217b                CmCreateInteger(Reghive_Tag*, int, char const*, unsigned long long, int)
                0x00000000c00121ce                CmCreateDirectory(Reghive_Tag*, int, char const*)
                0x00000000c0012272                CmFindObjectFromPath(Reghive_Tag*, char const*)
                0x00000000c0012326                CmDisplayTree(Reghive_Tag*, int, int)
                0x00000000c00123c9                CmSplitFinalSlashInPlace(char*)
 .text          0x00000000c00123fb      0x50e reg/registry.32
                0x00000000c00123fb                Reg::findLineFromLoadedData(char*, char*, char*)
                0x00000000c0012553                Reg::getLineFromRegistry(char*, char*, char*, char*)
                0x00000000c00126a8                Reg::getLine(char*, char*, char*)
                0x00000000c00126df                Reg::readInt(char*, char*, int*)
                0x00000000c00127ca                Reg::readString(char*, char*, char*, int)
                0x00000000c001284b                Reg::readBool(char*, char*, bool*)
                0x00000000c0012870                Reg::readBoolWithDefault(char*, char*, bool)
                0x00000000c001289c                Reg::readIntWithDefault(char*, char*, int)
                0x00000000c00128c8                Reg::readStringWithDefault(char*, char*, char*, int, char*)
 .text          0x00000000c0012909       0x36 sys/eject.32
                0x00000000c0012909                SysEject(regs*)
 .text          0x00000000c001293f       0x18 sys/exit.32
                0x00000000c001293f                SysExit(regs*)
 .text          0x00000000c0012957       0x1f sys/getcwd.32
                0x00000000c0012957                SysGetCwd(regs*)
 .text          0x00000000c0012976        0xc sys/getpid.32
                0x00000000c0012976                SysGetPID(regs*)
 .text          0x00000000c0012982       0x1a sys/getramdata.32
                0x00000000c0012982                SysGetRAMData(regs*)
 .text          0x00000000c001299c       0x82 sys/getvgaptr.32
                0x00000000c001299c                SysGetVGAPtr(regs*)
 *fill*         0x00000000c0012a1e        0x2 
 .text          0x00000000c0012a20       0xb9 sys/kill.32
                0x00000000c0012a20                SysKill(regs*)
 .text          0x00000000c0012ad9       0xa8 sys/loaddll.32
                0x00000000c0012ad9                SysLoadDLL(regs*)
 .text          0x00000000c0012b81       0x68 sys/read.32
                0x00000000c0012b81                SysRead(regs*)
 .text          0x00000000c0012be9       0x29 sys/registersignal.32
                0x00000000c0012be9                SysRegisterSignal(regs*)
 .text          0x00000000c0012c12      0x176 sys/registry.32
                0x00000000c0012c12                SysRegistryGetTypeFromPath(regs*)
                0x00000000c0012c89                SysRegistryReadExtent(regs*)
                0x00000000c0012c8e                SysRegistryPathToExtentLookup(regs*)
                0x00000000c0012cb6                SysRegistryEnterDirectory(regs*)
                0x00000000c0012cde                SysRegistryGetNext(regs*)
                0x00000000c0012d06                SysRegistryGetNameAndTypeFromExtent(regs*)
                0x00000000c0012d5f                SysRegistryOpen(regs*)
                0x00000000c0012d83                SysRegistryClose(regs*)
 .text          0x00000000c0012d88       0x55 sys/sbrk.32
                0x00000000c0012d88                SysSbrk(regs*)
 .text          0x00000000c0012ddd       0x1c sys/setcwd.32
                0x00000000c0012ddd                SysSetCwd(regs*)
 .text          0x00000000c0012df9       0x95 sys/settime.32
                0x00000000c0012df9                SysSetTime(regs*)
 .text          0x00000000c0012e8e       0x4a sys/timezone.32
                0x00000000c0012e8e                SysTimezone(regs*)
 .text          0x00000000c0012ed8       0x68 sys/write.32
                0x00000000c0012ed8                SysWrite(regs*)
 .text          0x00000000c0012f40       0x62 sys/wsbe.32
                0x00000000c0012f40                SysWsbe(regs*)
 .text          0x00000000c0012fa2       0x25 sys/yield.32
                0x00000000c0012fa2                SysYield(regs*)
 .text          0x00000000c0012fc7     0x11e5 thr/elf.32
                0x00000000c0012fc7                Thr::allocateMemoryForTask(Process*, File*, unsigned long, unsigned long, unsigned long)
                0x00000000c0013253                Thr::loadProgramIntoMemory(Process*, char const*)
                0x00000000c0013469                Thr::runtimeReferenceHelper()
                0x00000000c001347c                Thr::getAddressOfKernelSymbol(char const*)
                0x00000000c00134cb                Thr::loadKernelSymbolTable(char const*)
                0x00000000c0013789                Thr::loadDriverIntoMemory(char const*, unsigned long, bool)
                0x00000000c0013ebf                Thr::getDriverBaseFromAddress(unsigned long)
                0x00000000c0013ef1                Thr::getDriverNameFromAddress(unsigned long)
                0x00000000c0013f28                Thr::getDriverOffsetFromAddress(unsigned long)
                0x00000000c0013f42                Thr::loadDLL(char const*, bool)
                0x00000000c0014173                Thr::executeDLL(unsigned long, void*)
 .text          0x00000000c00141ac     0x1325 thr/prcssthr.32
                0x00000000c00141ac                userModeEntryPoint(void*)
                0x00000000c00141d4                changeTSS
                0x00000000c0014204                switchToThread(ThreadControlBlock*)
                0x00000000c00142b8                Process::addArgs(char**)
                0x00000000c0014318                Process::Process(char const*, Process*, char**)
                0x00000000c0014318                Process::Process(char const*, Process*, char**)
                0x00000000c0014524                Process::Process(bool, char const*, Process*, char**)
                0x00000000c0014524                Process::Process(bool, char const*, Process*, char**)
                0x00000000c00146fc                taskStartupFunction
                0x00000000c0014708                Semaphore::Semaphore(int)
                0x00000000c0014708                Semaphore::Semaphore(int)
                0x00000000c0014738                Mutex::Mutex()
                0x00000000c0014738                Mutex::Mutex()
                0x00000000c001474c                Process::createThread(void (*)(void*), void*, int)
                0x00000000c0014858                Process::createUserThread()
                0x00000000c0014878                setupMultitasking(void (*)())
                0x00000000c0014994                schedule()
                0x00000000c0014a24                Semaphore::tryAcquire()
                0x00000000c0014af0                Semaphore::assertLocked(char const*)
                0x00000000c0014b68                blockTaskWithSchedulerLockAlreadyHeld(TaskState)
                0x00000000c0014b90                blockTask(TaskState)
                0x00000000c0014bc0                waitTask(int, int*, int)
                0x00000000c0014c04                milliTenthSleepUntil(unsigned int)
                0x00000000c0014c94                milliTenthSleep(unsigned int)
                0x00000000c0014ca4                sleep(unsigned int)
                0x00000000c0014cc0                Semaphore::acquire()
                0x00000000c0014d7c                taskReturned
                0x00000000c0014db8                Thr::processFromPID(int)
                0x00000000c0014e58                unblockTask(ThreadControlBlock*)
                0x00000000c0014efc                cleanupTerminatedTask(ThreadControlBlock*)
                0x00000000c00151c8                cleanerTaskFunction(void*)
                0x00000000c00152b8                terminateTask(int)
                0x00000000c0015384                Thr::terminateFromIRQ(int)
                0x00000000c0015394                Semaphore::release()
 .text          0x00000000c00154d1      0xb93 vm86/vm8086.32
                0x00000000c00154d1                Vm::inbv(unsigned short)
                0x00000000c00154e4                Vm::outbv(unsigned short, unsigned char)
                0x00000000c001551a                Vm::realToLinear(unsigned short, unsigned short)
                0x00000000c001552a                Vm::getSegment(unsigned int)
                0x00000000c0015532                Vm::getOffset(unsigned int)
                0x00000000c0015537                Vm::mainloop2()
                0x00000000c0015571                Vm::mainVm8086Loop(void*)
                0x00000000c0015581                Vm::mainloop3(unsigned long)
                0x00000000c00155a7                Vm::initialise8086()
                0x00000000c00155ea                Vm::finish8086()
                0x00000000c001564b                Vm::getOutput8086(unsigned char*)
                0x00000000c0015670                Vm::start8086FromBuffer(unsigned char*, int, unsigned short, unsigned short, unsigned short, unsigned short)
                0x00000000c0015729                Vm::start8086(char const*, unsigned short, unsigned short, unsigned short, unsigned short)
                0x00000000c0015891                Vm::doISR(regs*, int, unsigned char*, unsigned short, unsigned short)
                0x00000000c001591b                Vm::readByteFromReal(unsigned short, unsigned short)
                0x00000000c001592c                Vm::readWordFromReal(unsigned short, unsigned short)
                0x00000000c001593e                Vm::readDwordFromReal(unsigned short, unsigned short)
                0x00000000c001594f                Vm::writeByteFromReal(unsigned short, unsigned short, unsigned char)
                0x00000000c0015964                Vm::writeWordFromReal(unsigned short, unsigned short, unsigned short)
                0x00000000c001597a                Vm::writeDwordFromReal(unsigned short, unsigned short, unsigned int)
                0x00000000c001598f                Vm::faultHandler(regs*)
 .text          0x00000000c0016064      0xa8e arch/i386/hal.32
                0x00000000c0016064                noCopro(unsigned long)
                0x00000000c0016065                nmiHandler(regs*, void*)
                0x00000000c001607e                doubleFault(regs*, void*)
                0x00000000c0016097                displayDebugInfo(regs*)
                0x00000000c00163f3                HalSystemIdle()
                0x00000000c0016469                displayProgramFault(char const*)
                0x00000000c00164b5                gpFault(regs*, void*)
                0x00000000c001651a                pgFault(regs*, void*)
                0x00000000c00165a0                otherISRHandler(regs*, void*)
                0x00000000c00165d4                opcodeFault(regs*, void*)
                0x00000000c0016654                i386SaveCoprocessor(void*)
                0x00000000c0016668                i386LoadCoprocessor(void*)
                0x00000000c001667c                x87EmulHandler(regs*, void*)
                0x00000000c0016719                HalInitialiseCoprocessor()
                0x00000000c00167c7                HalPanic(char const*)
                0x00000000c00168c0                HalQueryPerformanceCounter()
                0x00000000c00168db                HalInitialise()
                0x00000000c0016a81                HalMakeBeep(int)
                0x00000000c0016abb                HalGetRand()
                0x00000000c0016abe                HalEndOfInterrupt(int)
                0x00000000c0016aef                HalRestart()
                0x00000000c0016af0                HalShutdown()
                0x00000000c0016af1                HalSleep()
 *fill*         0x00000000c0016af2        0x2 
 .text          0x00000000c0016af4      0x2f4 arch/i386/pic.32
                0x00000000c0016af4                picIoWait()
                0x00000000c0016afc                picDisable()
                0x00000000c0016b30                picGetIRQReg(int)
                0x00000000c0016bb4                picOpen()
                0x00000000c0016d44                picEOI(int)
 .text          0x00000000c0016de8      0x64d arch/i386/rtc.32
                0x00000000c0016de8                RTC::open(int, int, void*)
                0x00000000c0016dec                RTC::close(int, int, void*)
                0x00000000c0016df0                RTC::timeInSecondsUTC()
                0x00000000c0016e02                RTC::timeInDatetimeUTC()
                0x00000000c0016e28                RTC::setTimeInSecondsUTC(unsigned long long)
                0x00000000c0016e66                RTC::~RTC()
                0x00000000c0016e66                RTC::~RTC()
                0x00000000c0016e8a                RTC::~RTC()
                0x00000000c0016eb4                RTC::get_update_in_progress_flag()
                0x00000000c0016ecc                RTC::completeRTCRefresh()
                0x00000000c0017184                RTC::setTimeInDatetimeUTC(datetime_t)
                0x00000000c0017337                rtcIRQHandler(regs*, void*)
                0x00000000c001737c                RTC::RTC()
                0x00000000c001737c                RTC::RTC()
 *fill*         0x00000000c0017435        0x3 
 .text          0x00000000c0017438      0x203 arch/i386/vga.32
                0x00000000c0017438                HalConsoleScroll(int, int)
                0x00000000c0017540                HalConsoleWriteCharacter(char, int, int, int, int)
                0x00000000c00175ac                HalConsoleCursorUpdate(int, int)
 *fill*         0x00000000c001763b        0x1 
 .text          0x00000000c001763c     0x13e7 fs/fat/vfslink.32
                0x00000000c001763c                FAT::getName()
                0x00000000c0017644                FAT::tell(void*, unsigned long long*)
                0x00000000c0017680                FAT::stat(void*, unsigned long long*)
                0x00000000c00176bc                FAT::~FAT()
                0x00000000c00176bc                FAT::~FAT()
                0x00000000c00176e0                FAT::~FAT()
                0x00000000c0017708                FAT::getlabel(LogicalDisk*, int, char*, unsigned int*)
                0x00000000c00177ac                FAT::setlabel(LogicalDisk*, int, char*)
                0x00000000c0017870                FAT::format(LogicalDisk*, int, char const*, int)
                0x00000000c0017a44                FAT::tryMount(LogicalDisk*, int)
                0x00000000c0017c5c                FAT::allocateSwapfile(char const*, int)
                0x00000000c0017e1c                FAT::readDir(void*, unsigned long, void*, int*)
                0x00000000c0017f88                FAT::read(void*, unsigned long, void*, int*)
                0x00000000c0017fe8                FAT::write(void*, unsigned long, void*, int*)
                0x00000000c0018048                FAT::close(void*)
                0x00000000c001809c                FAT::closeDir(void*)
                0x00000000c00180f0                FAT::seek(void*, unsigned long long)
                0x00000000c0018148                fatWrapperReadDisk
                0x00000000c001818c                fatWrapperWriteDisk
                0x00000000c00181d0                fatWrapperIoctl
                0x00000000c00182ec                FAT::FAT()
                0x00000000c00182ec                FAT::FAT()
                0x00000000c0018340                FAT::fixFilepath(char*)
                0x00000000c001837c                FAT::open(char const*, void**, FileOpenMode)
                0x00000000c00184b4                FAT::openDir(char const*, void**)
                0x00000000c0018564                FAT::stat(char const*, unsigned long long*, bool*)
                0x00000000c001865c                FAT::unlink(char const*)
                0x00000000c00186dc                FAT::chfatattr(char const*, unsigned char, unsigned char)
                0x00000000c0018868                FAT::rename(char const*, char const*)
                0x00000000c0018934                FAT::mkdir(char const*)
                0x00000000c00189b4                FAT::exists(char const*)
 *fill*         0x00000000c0018a23        0x1 
 .text          0x00000000c0018a24       0x94 fs/iso9660/helper.32
                0x00000000c0018a24                isoReadDiscSectorHelper
                0x00000000c0018a80                iso_kprintf
                0x00000000c0018a9c                iso_kprintfd
 .text          0x00000000c0018ab8      0x6f8 fs/iso9660/vfslink.32
                0x00000000c0018ab8                ISO9660::format(LogicalDisk*, int, char const*, int)
                0x00000000c0018abe                ISO9660::getName()
                0x00000000c0018ac4                ISO9660::closeDir(void*)
                0x00000000c0018ace                ISO9660::chfatattr(char const*, unsigned char, unsigned char)
                0x00000000c0018ad4                ISO9660::unlink(char const*)
                0x00000000c0018ada                ISO9660::write(void*, unsigned long, void*, int*)
                0x00000000c0018ae0                ISO9660::rename(char const*, char const*)
                0x00000000c0018ae6                ISO9660::mkdir(char const*)
                0x00000000c0018aec                ISO9660::~ISO9660()
                0x00000000c0018aec                ISO9660::~ISO9660()
                0x00000000c0018b10                ISO9660::~ISO9660()
                0x00000000c0018b38                ISO9660::exists(char const*)
                0x00000000c0018b4c                ISO9660::open(char const*, void**, FileOpenMode)
                0x00000000c0018c2a                ISO9660::read(void*, unsigned long, void*, int*)
                0x00000000c0018c72                ISO9660::seek(void*, unsigned long long)
                0x00000000c0018cb4                ISO9660::tell(void*, unsigned long long*)
                0x00000000c0018cf2                ISO9660::stat(void*, unsigned long long*)
                0x00000000c0018d44                ISO9660::stat(char const*, unsigned long long*, bool*)
                0x00000000c0018e7c                ISO9660::close(void*)
                0x00000000c0018eac                ISO9660::openDir(char const*, void**)
                0x00000000c0018f7e                ISO9660::readDir(void*, unsigned long, void*, int*)
                0x00000000c001909b                readSectorFromCDROM(unsigned int, unsigned char*, char)
                0x00000000c0019116                ISO9660::tryMount(LogicalDisk*, int)
                0x00000000c0019188                ISO9660::ISO9660()
                0x00000000c0019188                ISO9660::ISO9660()
 .text          0x00000000c00191b0      0x26c hal/sound/sndcard.32
                0x00000000c00191b0                SoundCard::beginPlayback()
                0x00000000c00191be                SoundCard::stopPlayback()
                0x00000000c00191cc                SoundCard::SoundCard(char const*)
                0x00000000c00191cc                SoundCard::SoundCard(char const*)
                0x00000000c001926a                SoundCard::~SoundCard()
                0x00000000c001926a                SoundCard::~SoundCard()
                0x00000000c001928e                SoundCard::~SoundCard()
                0x00000000c00192b8                SoundCard::configureRates(int, int, int)
                0x00000000c00192e8                SoundCard::getSamples16(int, short*)
                0x00000000c0019344                SoundCard::getSamples32(int, int*)
                0x00000000c00193ca                SoundCard::addChannel(SoundPort*)
                0x00000000c0019408                SoundCard::removeChannel(int)
 .text          0x00000000c001941c      0x377 hal/sound/sndport.32
                0x00000000c001941c                SoundPort::SoundPort(int, int, int, int)
                0x00000000c001941c                SoundPort::SoundPort(int, int, int, int)
                0x00000000c00194a8                SoundPort::~SoundPort()
                0x00000000c00194a8                SoundPort::~SoundPort()
                0x00000000c00194dc                SoundPort::unpause()
                0x00000000c00194e8                SoundPort::pause()
                0x00000000c00194f4                SoundPort::getBufferUsed()
                0x00000000c00194fc                SoundPort::getBufferSize()
                0x00000000c0019504                SoundPort::buffer16(short*, int)
                0x00000000c0019590                SoundPort::buffer32(int*, int)
                0x00000000c0019618                SoundPort::unbufferAndAdd16(int, short*, SoundCard*)
                0x00000000c00196dc                SoundPort::unbufferAndAdd32(int, int*, SoundCard*)
 .text          0x00000000c0019793        0x0 hw/bus/isa.32
 *fill*         0x00000000c0019793        0x1 
 .text          0x00000000c0019794      0xb83 hw/bus/pci.32
                0x00000000c0019794                PCI::open(int, int, void*)
                0x00000000c00197b2                PCI::close(int, int, void*)
                0x00000000c00197b6                PCI::PCI()
                0x00000000c00197b6                PCI::PCI()
                0x00000000c0019850                PCI::readBAR8(unsigned int, int)
                0x00000000c001986c                PCI::readBAR16(unsigned int, int)
                0x00000000c001988a                PCI::readBAR32(unsigned int, int)
                0x00000000c00198a6                PCI::writeBAR8(unsigned int, unsigned char, int)
                0x00000000c00198c6                PCI::writeBAR16(unsigned int, unsigned short, int)
                0x00000000c00198e8                PCI::writeBAR32(unsigned int, unsigned int, int)
                0x00000000c0019908                PCI::legacyMechanism(unsigned char, unsigned char, unsigned char, unsigned char)
                0x00000000c0019976                PCI::pciReadWord(unsigned char, unsigned char, unsigned char, unsigned char)
                0x00000000c0019a1e                PCI::getVendorID(unsigned char, unsigned char, unsigned char)
                0x00000000c0019a42                PCI::getHeaderType(unsigned char, unsigned char, unsigned char)
                0x00000000c0019a6a                PCI::getClassCode(unsigned char, unsigned char, unsigned char)
                0x00000000c0019ab4                PCI::getProgIF(unsigned char, unsigned char, unsigned char)
                0x00000000c0019adc                PCI::getRevisionID(unsigned char, unsigned char, unsigned char)
                0x00000000c0019b00                PCI::getInterruptNumber(unsigned char, unsigned char, unsigned char)
                0x00000000c0019b24                PCI::getSecondaryBus(unsigned char, unsigned char, unsigned char)
                0x00000000c0019b4c                PCI::getBARAddress(unsigned char, unsigned char, unsigned char, unsigned char)
                0x00000000c0019bb0                PCI::pciWriteWord(unsigned char, unsigned char, unsigned char, unsigned char, unsigned short)
                0x00000000c0019c98                PCI::pciDetailsToFilepath(PCIDeviceInfo, char*)
                0x00000000c0019f4c                PCI::checkBus(unsigned char)
                0x00000000c0019f72                PCI::foundDevice(PCIDeviceInfo)
                0x00000000c001a0e4                PCI::getDeviceData(unsigned char, unsigned char, unsigned char)
                0x00000000c001a258                PCI::checkDevice(unsigned char, unsigned char)
                0x00000000c001a2c4                PCI::detect()
 *fill*         0x00000000c001a317        0x1 
 .text          0x00000000c001a318      0xb5a hw/diskctrl/ide.32
                0x00000000c001a318                IDE::close(int, int, void*)
                0x00000000c001a31c                IDE::IDE()
                0x00000000c001a31c                IDE::IDE()
                0x00000000c001a350                IDE::prepareInterrupt(unsigned char)
                0x00000000c001a362                selectDrive(unsigned char, unsigned char)
                0x00000000c001a364                IDE::getBase(unsigned char)
                0x00000000c001a376                IDE::write(unsigned char, unsigned char, unsigned char)
                0x00000000c001a436                IDE::read(unsigned char, unsigned char)
                0x00000000c001a4e4                IDE::waitInterrupt(unsigned char)
                0x00000000c001a54c                ideChannel0IRQHandler(regs*, void*)
                0x00000000c001a568                ideChannel1IRQHandler(regs*, void*)
                0x00000000c001a584                IDE::enableIRQs(unsigned char, bool)
                0x00000000c001a5ca                IDE::open(int, int, void*)
                0x00000000c001a9d8                IDE::readBuffer(unsigned char, unsigned char, unsigned int, unsigned int)
                0x00000000c001aaa4                IDE::detect()
                0x00000000c001ad64                IDE::printError(unsigned char, unsigned char, unsigned char)
                0x00000000c001ae14                IDE::polling(unsigned char, unsigned int)
 .text          0x00000000c001ae72      0x32a hw/diskctrl/satabus.32
                0x00000000c001ae72                SATABus::close(int, int, void*)
                0x00000000c001ae76                SATABus::detect()
                0x00000000c001ae78                SATABus::SATABus()
                0x00000000c001ae78                SATABus::SATABus()
                0x00000000c001aefe                SATABus::findCmdslot(SATABus::tagHBA_PORT volatile*)
                0x00000000c001af30                SATABus::checkType(SATABus::tagHBA_PORT volatile*)
                0x00000000c001af78                SATABus::startCmd(SATABus::tagHBA_PORT volatile*)
                0x00000000c001af98                SATABus::stopCmd(SATABus::tagHBA_PORT volatile*)
                0x00000000c001afc2                SATABus::portRebase(SATABus::tagHBA_PORT volatile*, int)
                0x00000000c001b0d2                SATABus::probePort(SATABus::tagHBA_MEM volatile*)
                0x00000000c001b17c                SATABus::open(int, int, void*)
 .text          0x00000000c001b19c      0x921 hw/diskphys/ata.32
                0x00000000c001b19c                ATA::close(int, int, void*)
                0x00000000c001b1c0                ATA::powerSaving(PowerSavingLevel)
                0x00000000c001b1c2                ATA::ATA()
                0x00000000c001b1c2                ATA::ATA()
                0x00000000c001b1f0                ATA::flush(bool)
                0x00000000c001b23a                ATA::readyForCommand()
                0x00000000c001b286                ATA::access(unsigned long long, int, void*, bool)
                0x00000000c001b602                ATA::detectCHS()
                0x00000000c001b62c                ATA::open(int, int, void*)
                0x00000000c001b6f8                combineCharAndColour(char, unsigned char)
                0x00000000c001b709                combineColours(unsigned char, unsigned char)
                0x00000000c001b716                ATA::read(unsigned long long, int, void*)
                0x00000000c001b8ec                ATA::write(unsigned long long, int, void*)
 *fill*         0x00000000c001babd        0x1 
 .text          0x00000000c001babe      0x60e hw/diskphys/atapi.32
                0x00000000c001babe                ATAPI::write(unsigned long long, int, void*)
                0x00000000c001bac4                ATAPI::close(int, int, void*)
                0x00000000c001bae8                ATAPI::ATAPI()
                0x00000000c001bae8                ATAPI::ATAPI()
                0x00000000c001bb16                ATAPI::readyForCommand()
                0x00000000c001bb68                ATAPI::sendPacket(unsigned char*, int, bool, unsigned short*, int)
                0x00000000c001be28                ATAPI::diskRemoved()
                0x00000000c001be62                ATAPI::eject()
                0x00000000c001beaa                ATAPI::diskInserted()
                0x00000000c001beb6                ATAPI::detectMedia()
                0x00000000c001bf72                ATAPI::open(int, int, void*)
                0x00000000c001c052                ATAPI::read(unsigned long long, int, void*)
 .text          0x00000000c001c0cc      0x7ff hw/diskphys/sata.32
                0x00000000c001c0cc                SATA::close(int, int, void*)
                0x00000000c001c0f0                SATA::powerSaving(PowerSavingLevel)
                0x00000000c001c0f2                SATA::open(int, int, void*)
                0x00000000c001c19c                SATA::SATA()
                0x00000000c001c19c                SATA::SATA()
                0x00000000c001c1ca                SATA::access(unsigned long long, int, void*, bool)
                0x00000000c001c416                SATA::read(unsigned long long, int, void*)
                0x00000000c001c666                SATA::write(unsigned long long, int, void*)
 *fill*         0x00000000c001c8cb        0x1 
 .text          0x00000000c001c8cc      0x5c6 hw/diskphys/satapi.32
                0x00000000c001c8cc                SATAPI::write(unsigned long long, int, void*)
                0x00000000c001c8d2                SATAPI::close(int, int, void*)
                0x00000000c001c8f6                SATAPI::SATAPI()
                0x00000000c001c8f6                SATAPI::SATAPI()
                0x00000000c001c924                SATAPI::diskRemoved()
                0x00000000c001c926                SATAPI::diskInserted()
                0x00000000c001c942                SATAPI::sendPacket(unsigned char*, int, unsigned long long, unsigned short*, int)
                0x00000000c001cc16                SATAPI::eject()
                0x00000000c001cc52                SATAPI::detectMedia()
                0x00000000c001cca8                SATAPI::open(int, int, void*)
                0x00000000c001cda8                SATAPI::read(unsigned long long, int, void*)
 .text          0x00000000c001ce92      0x455 hw/intctrl/apic.32
                0x00000000c001ce92                IOAPIC::close(int, int, void*)
                0x00000000c001ce98                apicGetBase()
                0x00000000c001ceda                IOAPIC::IOAPIC()
                0x00000000c001ceda                IOAPIC::IOAPIC()
                0x00000000c001cf02                apicOpen()
                0x00000000c001d068                IOAPIC::handlesGSIWithNumber(unsigned int)
                0x00000000c001d09a                IOAPIC::read(int)
                0x00000000c001d0c2                IOAPIC::open(int, int, void*)
                0x00000000c001d1b6                IOAPIC::write(int, int)
                0x00000000c001d1e2                IOAPIC::redirect(unsigned char, unsigned long long, unsigned char, bool, bool)
 *fill*         0x00000000c001d2e7        0x1 
 .text          0x00000000c001d2e8       0xf0 hw/timer/apictimer.32
                0x00000000c001d2e8                APICTimer::close(int, int, void*)
                0x00000000c001d2f0                apicTimerHandler(regs*, void*)
                0x00000000c001d318                APICTimer::open(int, int, void*)
                0x00000000c001d388                APICTimer::write(int)
                0x00000000c001d3b0                APICTimer::APICTimer()
                0x00000000c001d3b0                APICTimer::APICTimer()
 .text          0x00000000c001d3d8      0x1aa hw/timer/pit.32
                0x00000000c001d3d8                PIT::write(int)
                0x00000000c001d45c                pitHandler(regs*, void*)
                0x00000000c001d480                PIT::open(int, int, void*)
                0x00000000c001d4d0                PIT::close(int, int, void*)
                0x00000000c001d500                PIT::PIT()
                0x00000000c001d500                PIT::PIT()
 *fill*         0x00000000c001d582        0xe 
 .text          0x00000000c001d590       0x83 arch/i386/avx.32
                0x00000000c001d590                avxDetect
                0x00000000c001d5ba                avxSave
                0x00000000c001d5cb                avxLoad
                0x00000000c001d5dc                avxInit
                0x00000000c001d5fe                avxClose
                0x00000000c001d5ff                wouldSheSayYes
 *fill*         0x00000000c001d613        0xd 
 .text          0x00000000c001d620      0x2ec arch/i386/interrupt.32
                0x00000000c001d620                isr0
                0x00000000c001d630                isr1
                0x00000000c001d63a                isr2
                0x00000000c001d644                isr3
                0x00000000c001d64e                isr4
                0x00000000c001d658                isr5
                0x00000000c001d662                isr6
                0x00000000c001d66c                isr7
                0x00000000c001d676                isr8
                0x00000000c001d67e                isr9
                0x00000000c001d688                isr10
                0x00000000c001d690                isr11
                0x00000000c001d698                isr12
                0x00000000c001d6a0                isr13
                0x00000000c001d6ba                isr14
                0x00000000c001d6c2                isr15
                0x00000000c001d6cc                isr16
                0x00000000c001d6d6                isr17
                0x00000000c001d6e0                isr18
                0x00000000c001d6ea                irq3
                0x00000000c001d6f4                irq4
                0x00000000c001d6fe                irq5
                0x00000000c001d708                irq6
                0x00000000c001d712                irq7
                0x00000000c001d71c                irq8
                0x00000000c001d726                irq9
                0x00000000c001d730                irq10
                0x00000000c001d73a                irq11
                0x00000000c001d744                irq12
                0x00000000c001d74e                irq13
                0x00000000c001d758                irq14
                0x00000000c001d762                irq15
                0x00000000c001d76c                irq1
                0x00000000c001d773                irq2
                0x00000000c001d77a                isr96
                0x00000000c001d781                irq0
                0x00000000c001d786                int_common_stub
                0x00000000c001d7b8                syscall_common_stub
                0x00000000c001d8bc                irq16
                0x00000000c001d8c6                irq17
                0x00000000c001d8d0                irq18
                0x00000000c001d8da                irq19
                0x00000000c001d8e4                irq20
                0x00000000c001d8ee                irq21
                0x00000000c001d8f8                irq22
                0x00000000c001d902                irq23
 *fill*         0x00000000c001d90c        0x4 
 .text          0x00000000c001d910       0x10 arch/i386/rdrand.32
                0x00000000c001d910                i386GetRDRAND
 .text          0x00000000c001d920       0x39 arch/i386/sse.32
                0x00000000c001d920                absolutelyNoChanceInHell
                0x00000000c001d920                sseDetect
                0x00000000c001d938                sseSave
                0x00000000c001d940                sseLoad
                0x00000000c001d948                sseInit
                0x00000000c001d958                sseClose
 *fill*         0x00000000c001d959        0x7 
 .text          0x00000000c001d960       0x49 arch/i386/x87.32
                0x00000000c001d966                x87Detect
                0x00000000c001d981                x87Save
                0x00000000c001d988                x87Load
                0x00000000c001d98f                x87Init
                0x00000000c001d9a8                x87Close
 *fill*         0x00000000c001d9a9        0x3 
 .text          0x00000000c001d9ac       0x25 /cygdrive/d/Users/Alex/Desktop/Toolchain/Output/bin/../lib/gcc/i386-banana/8.1.0/crtend.o
 .text          0x00000000c001d9d1        0x0 crtn.32
 *fill*         0x00000000c001d9d1        0x3 
 .text          0x00000000c001d9d4      0x14b /cygdrive/d/Users/Alex/Desktop/Toolchain/Output/bin/../lib/gcc/i386-banana/8.1.0/libkgcc.a(_divdi3.o)
                0x00000000c001d9d4                __divdi3
 *fill*         0x00000000c001db1f        0x1 
 .text          0x00000000c001db20      0x17e /cygdrive/d/Users/Alex/Desktop/Toolchain/Output/bin/../lib/gcc/i386-banana/8.1.0/libkgcc.a(_moddi3.o)
                0x00000000c001db20                __moddi3
 *fill*         0x00000000c001dc9e        0x2 
 .text          0x00000000c001dca0       0xff /cygdrive/d/Users/Alex/Desktop/Toolchain/Output/bin/../lib/gcc/i386-banana/8.1.0/libkgcc.a(_udivdi3.o)
                0x00000000c001dca0                __udivdi3
 *fill*         0x00000000c001dd9f        0x1 
 .text          0x00000000c001dda0      0x11a /cygdrive/d/Users/Alex/Desktop/Toolchain/Output/bin/../lib/gcc/i386-banana/8.1.0/libkgcc.a(_umoddi3.o)
                0x00000000c001dda0                __umoddi3
 *(.gnu.linkonce.t*)

.iplt           0x00000000c001dec0        0x0
 .iplt          0x00000000c001dec0        0x0 D:/Users/Alex/Desktop/Banana/kernel/boot.32

.init           0x00000000c001deba        0xf
 .init          0x00000000c001deba        0x3 crti.32
                0x00000000c001deba                _init
 .init          0x00000000c001debd        0x5 /cygdrive/d/Users/Alex/Desktop/Toolchain/Output/bin/../lib/gcc/i386-banana/8.1.0/crtbegin.o