Archive member included to satisfy reference by file (symbol)

/cygdrive/d/Users/Alex/Desktop/Toolchain/Output/bin/../lib/gcc/i386-banana/8.1.0/libkgcc.a(_divdi3.o)
                              fs/fat/ff.32 (__divdi3)
/cygdrive/d/Users/Alex/Desktop/Toolchain/Output/bin/../lib/gcc/i386-banana/8.1.0/libkgcc.a(_moddi3.o)
                              compat/resolve.32 (__moddi3)
/cygdrive/d/Users/Alex/Desktop/Toolchain/Output/bin/../lib/gcc/i386-banana/8.1.0/libkgcc.a(_udivdi3.o)
                              fs/fat/ff.32 (__udivdi3)
/cygdrive/d/Users/Alex/Desktop/Toolchain/Output/bin/../lib/gcc/i386-banana/8.1.0/libkgcc.a(_umoddi3.o)
                              compat/resolve.32 (__umoddi3)
D:/Users/Alex/Desktop/Banana/kernel/libsoftfp.a(sfieeelib.o)
                              hal/libresample/src_linear.32 (__subsf3)
D:/Users/Alex/Desktop/Banana/kernel/libsoftfp.a(dfieeelib.o)
                              hal/libresample/src_linear.32 (__adddf3)
D:/Users/Alex/Desktop/Banana/kernel/libsoftfp.a(sfdfcvt.o)
                              hal/libresample/samplerate.32 (__truncdfsf2)
D:/Users/Alex/Desktop/Banana/kernel/libk/libm32.a(s_fabs.c.o)
                              hal/libresample/samplerate.32 (fabs)
D:/Users/Alex/Desktop/Banana/kernel/libk/libm32.a(s_lrint.S.o)
                              hal/libresample/samplerate.32 (lrint)
D:/Users/Alex/Desktop/Banana/kernel/libk/libm32.a(s_lrintf.S.o)
                              hal/sound/sndhw.32 (lrintf)

Discarded input sections

 .comment       0x0000000000000000       0x12 /cygdrive/d/Users/Alex/Desktop/Toolchain/Output/bin/../lib/gcc/i386-banana/8.1.0/crtbegin.o
 .comment       0x0000000000000000       0x12 acpica/utclib.32
 .comment       0x0000000000000000       0x12 core/malloc.32
 .comment       0x0000000000000000       0x12 libk/string.32
 .comment       0x0000000000000000       0x12 fs/fat/diskio.32
 .comment       0x0000000000000000       0x12 fs/fat/ff.32
 .comment       0x0000000000000000       0x12 fs/fat/ffsystem.32
 .comment       0x0000000000000000       0x12 fs/fat/ffunicode.32
 .comment       0x0000000000000000       0x12 hal/libresample/samplerate.32
 .comment       0x0000000000000000       0x12 hal/libresample/src_linear.32
 .comment       0x0000000000000000       0x12 hal/libresample/src_sinc.32
 .comment       0x0000000000000000       0x12 hal/libresample/src_zoh.32
 .comment       0x0000000000000000       0x12 compat/inlines.32
 .comment       0x0000000000000000       0x12 compat/resolve.32
 .group         0x0000000000000000       0x14 core/computer.32
 .group         0x0000000000000000        0xc core/computer.32
 .comment       0x0000000000000000       0x12 core/computer.32
 .comment       0x0000000000000000       0x12 core/gdt.32
 .group         0x0000000000000000        0xc core/idle.32
 .comment       0x0000000000000000       0x12 core/idle.32
 .comment       0x0000000000000000       0x12 core/idt.32
 .comment       0x0000000000000000       0x12 core/kheap.32
 .comment       0x0000000000000000       0x12 core/main.32
 .comment       0x0000000000000000       0x12 core/physmgr.32
 .group         0x0000000000000000        0xc core/pipe.32
 .comment       0x0000000000000000       0x12 core/pipe.32
 .group         0x0000000000000000        0xc core/terminal.32
 .comment       0x0000000000000000       0x12 core/terminal.32
 .comment       0x0000000000000000       0x12 core/tss.32
 .group         0x0000000000000000        0x8 core/unixfile.32
 .group         0x0000000000000000        0x8 core/unixfile.32
 .group         0x0000000000000000        0xc core/unixfile.32
 .group         0x0000000000000000        0x8 core/unixfile.32
 .group         0x0000000000000000        0xc core/unixfile.32
 .group         0x0000000000000000        0x8 core/unixfile.32
 .group         0x0000000000000000        0xc core/unixfile.32
 .group         0x0000000000000000        0xc core/unixfile.32
 .comment       0x0000000000000000       0x12 core/unixfile.32
 .comment       0x0000000000000000       0x12 core/virtmgr.32
 .comment       0x0000000000000000       0x12 coreobjs/c++.32
 .comment       0x0000000000000000       0x12 dbg/kconsole.32
 .group         0x0000000000000000        0xc fs/vfs.32
 .group         0x0000000000000000        0xc fs/vfs.32
 .group         0x0000000000000000        0xc fs/vfs.32
 .comment       0x0000000000000000       0x12 fs/vfs.32
 .group         0x0000000000000000        0xc hal/bus.32
 .comment       0x0000000000000000       0x12 hal/bus.32
 .group         0x0000000000000000        0xc hal/buzzer.32
 .comment       0x0000000000000000       0x12 hal/buzzer.32
 .group         0x0000000000000000        0xc hal/clock.32
 .comment       0x0000000000000000       0x12 hal/clock.32
 .group         0x0000000000000000       0x14 hal/device.32
 .group         0x0000000000000000        0xc hal/device.32
 .group         0x0000000000000000        0x8 hal/device.32
 .group         0x0000000000000000        0xc hal/device.32
[...]
Memory Configuration

Name             Origin             Length             Attributes
*default*        0x0000000000000000 0xffffffffffffffff

Linker script and memory map

LOAD D:/Users/Alex/Desktop/Banana/kernel/boot.32
LOAD crti.32
LOAD /cygdrive/d/Users/Alex/Desktop/Toolchain/Output/bin/../lib/gcc/i386-banana/8.1.0/crtbegin.o
LOAD D:/Users/Alex/Desktop/Banana/kernel/morenasm.32
LOAD acpica/utclib.32
LOAD core/malloc.32
LOAD libk/string.32
LOAD fs/fat/diskio.32
LOAD fs/fat/ff.32
LOAD fs/fat/ffsystem.32
LOAD fs/fat/ffunicode.32
LOAD hal/libresample/samplerate.32
LOAD hal/libresample/src_linear.32
LOAD hal/libresample/src_sinc.32
LOAD hal/libresample/src_zoh.32
LOAD compat/inlines.32
LOAD compat/resolve.32
LOAD core/computer.32
LOAD core/gdt.32
LOAD core/idle.32
LOAD core/idt.32
LOAD core/kheap.32
LOAD core/main.32
LOAD core/physmgr.32
LOAD core/pipe.32
LOAD core/terminal.32
LOAD core/tss.32
LOAD core/unixfile.32
LOAD core/virtmgr.32
LOAD coreobjs/c++.32
LOAD dbg/kconsole.32
LOAD fs/vfs.32
LOAD hal/bus.32
LOAD hal/buzzer.32
LOAD hal/clock.32
LOAD hal/device.32
LOAD hal/diskctrl.32
LOAD hal/diskphys.32
LOAD hal/fpu.32
LOAD hal/intctrl.32
LOAD hal/keybrd.32
LOAD hal/logidisk.32
LOAD hal/mouse.32
LOAD hal/partition.32
LOAD hal/serial.32
LOAD hal/timer.32
LOAD hal/vcache.32
LOAD hal/video.32
LOAD hw/acpi.32
LOAD hw/cpu.32
LOAD hw/ports.32
LOAD hw/smp.32
LOAD krnl/env.32
LOAD krnl/panic.32
LOAD net/ethernet.32
LOAD reg/registry.32
LOAD sys/sc_eject.32
LOAD sys/sc_exit.32
LOAD sys/sc_getcwd.32
LOAD sys/sc_getpid.32
LOAD sys/sc_getramdata.32
LOAD sys/sc_getvgaptr.32
LOAD sys/sc_loaddll.32
LOAD sys/sc_read.32
LOAD sys/sc_sbrk.32
LOAD sys/sc_setcwd.32
LOAD sys/sc_settime.32
LOAD sys/sc_timezone.32
LOAD sys/sc_write.32
LOAD sys/sc_wsbe.32
LOAD sys/sc_yield.32
LOAD sys/syscalls.32
LOAD thr/elf.32
LOAD thr/prcssthr.32
LOAD vm86/vm8086.32
LOAD vm86/x87em.32
LOAD fs/fat/vfslink.32
LOAD fs/iso9660/vfslink.32
LOAD hal/sound/sndchannel.32
LOAD hal/sound/sndhw.32
LOAD hw/bus/isa.32
LOAD hw/bus/pci.32
LOAD hw/diskctrl/ide.32
LOAD hw/diskctrl/satabus.32
LOAD hw/diskphys/ata.32
LOAD hw/diskphys/atapi.32
LOAD hw/diskphys/sata.32
LOAD hw/diskphys/satapi.32
LOAD hw/fpu/avx.32
LOAD hw/fpu/mmx.32
LOAD hw/fpu/sse.32
LOAD hw/fpu/x87.32
LOAD hw/intctrl/apic.32
LOAD hw/intctrl/pic.32
LOAD hw/timer/apictimer.32
LOAD hw/timer/pit.32
LOAD hw/fpu/x86/avx.32
LOAD hw/fpu/x86/sse.32
LOAD hw/fpu/x86/x87.32
LOAD /cygdrive/d/Users/Alex/Desktop/Toolchain/Output/bin/../lib/gcc/i386-banana/8.1.0/crtend.o
LOAD crtn.32
LOAD /cygdrive/d/Users/Alex/Desktop/Toolchain/Output/bin/../lib/gcc/i386-banana/8.1.0/libkgcc.a
LOAD D:/Users/Alex/Desktop/Banana/kernel/libsoftfp.a
LOAD D:/Users/Alex/Desktop/Banana/kernel/libk/libm32.a
                0x00000000c0000000                . = 0xc0000000

.text           0x00000000c0000000    0x28a88
 *(.text)
 .text          0x00000000c0000000       0x41 D:/Users/Alex/Desktop/Banana/kernel/boot.32
                0x00000000c0000020                callGlobalConstructors
 .text          0x00000000c0000041        0x0 crti.32
 *fill*         0x00000000c0000041        0x3 
 .text          0x00000000c0000044      0x101 /cygdrive/d/Users/Alex/Desktop/Toolchain/Output/bin/../lib/gcc/i386-banana/8.1.0/crtbegin.o
 *fill*         0x00000000c0000145        0xb 
 .text          0x00000000c0000150      0x4fb D:/Users/Alex/Desktop/Banana/kernel/morenasm.32
                0x00000000c0000150                manualPCIProbe
                0x00000000c000019b                prepareTramp
                0x00000000c00001b4                voodooXADD
                0x00000000c000027f                doTPAUSE
                0x00000000c0000289                hasLegacyFPU
                0x00000000c00002ae                is486
                0x00000000c00002e4                detectCPUID
                0x00000000c00002fa                goToVM86
                0x00000000c000032a                goToUsermode
                0x00000000c0000354                switchToThreadASMFirstTime
                0x00000000c0000362                switchToThreadASM
                0x00000000c00003f2                asmQuickAcquireLock
                0x00000000c0000410                asmQuickReleaseLock
                0x00000000c000041c                asmAcquireLock
                0x00000000c000043d                asmReleaseLock
                0x00000000c0000450                loadGDT
                0x00000000c0000470                isr0
                0x00000000c0000480                isr1
                0x00000000c000048a                isr2
                0x00000000c0000494                isr3
                0x00000000c000049e                isr4
                0x00000000c00004a8                isr5
                0x00000000c00004b2                isr6
                0x00000000c00004bc                isr7
                0x00000000c00004c6                isr8
                0x00000000c00004ce                isr9
                0x00000000c00004d8                isr10
                0x00000000c00004e0                isr11
                0x00000000c00004e8                isr12
                0x00000000c00004f0                isr13
                0x00000000c00004f8                isr14
                0x00000000c0000500                isr15
                0x00000000c000050a                isr16
                0x00000000c0000514                isr17
                0x00000000c000051e                isr18
                0x00000000c0000528                irq3
                0x00000000c0000532                irq4
                0x00000000c000053c                irq5
                0x00000000c0000546                irq6
                0x00000000c0000550                irq7
                0x00000000c000055a                irq8
                0x00000000c0000564                irq9
                0x00000000c000056e                irq10
                0x00000000c0000578                irq11
                0x00000000c0000582                irq12
                0x00000000c000058c                irq13
                0x00000000c0000596                irq14
                0x00000000c00005a0                irq15
                0x00000000c00005aa                irq1
                0x00000000c00005b1                irq2
                0x00000000c00005b8                isr96
                0x00000000c00005bf                irq0
                0x00000000c00005c4                syscall_common_stub
                0x00000000c00005c4                int_common_stub
                0x00000000c00005f6                irq16
                0x00000000c0000600                irq17
                0x00000000c000060a                irq18
                0x00000000c0000614                irq19
                0x00000000c000061e                irq20
                0x00000000c0000628                irq21
                0x00000000c0000632                irq22
                0x00000000c000063c                irq23
                0x00000000c0000646                memcpy
 *fill*         0x00000000c000064b        0x1 
 .text          0x00000000c000064c      0x5dd acpica/utclib.32
                0x00000000c000064c                memcmp
                0x00000000c0000688                memmove
                0x00000000c0000750                memset
                0x00000000c000076c                strlen
                0x00000000c0000784                strpbrk
                0x00000000c00007c0                strtok
                0x00000000c000080c                strcpy
                0x00000000c0000830                strncpy
                0x00000000c0000898                strcmp
                0x00000000c00008d8                strchr
                0x00000000c00008fc                strncmp
                0x00000000c000094c                strcat
                0x00000000c000097c                strncat
                0x00000000c00009b8                strstr
                0x00000000c0000a00                toupper
                0x00000000c0000a14                tolower
                0x00000000c0000a28                simple_strtoul
 .text          0x00000000c0000c29      0xfad core/malloc.32
                0x00000000c0000d94                dlfree
                0x00000000c00010ef                dlmalloc
                0x00000000c000162c                dlrealloc
                0x00000000c00017cf                dlmemalign
                0x00000000c00018f2                dlcalloc
                0x00000000c000198c                dlcfree
                0x00000000c0001991                dlindependent_calloc
                0x00000000c00019b6                dlindependent_comalloc
                0x00000000c00019cd                dlvalloc
                0x00000000c00019f8                dlpvalloc
                0x00000000c0001a2e                dlmalloc_trim
                0x00000000c0001a3b                dlmalloc_usable_size
                0x00000000c0001a6c                dlmallinfo
                0x00000000c0001b3b                dlmalloc_stats
                0x00000000c0001b4c                dlmallopt
 .text          0x00000000c0001bd6        0x0 libk/string.32
 .text          0x00000000c0001bd6       0x51 fs/fat/diskio.32
                0x00000000c0001bd6                disk_status
                0x00000000c0001bd9                disk_initialize
                0x00000000c0001bdc                disk_read
                0x00000000c0001bf2                disk_write
                0x00000000c0001c08                disk_ioctl
 .text          0x00000000c0001c27     0x6a69 fs/fat/ff.32
                0x00000000c0004ef5                f_mount
                0x00000000c0004f57                f_open
                0x00000000c0005393                f_read
                0x00000000c0005613                f_write
                0x00000000c00058cd                f_sync
                0x00000000c0005aa9                f_close
                0x00000000c0005ad8                f_lseek
                0x00000000c0005f8f                f_opendir
                0x00000000c0006091                f_closedir
                0x00000000c00060b3                f_readdir
                0x00000000c000614e                f_stat
                0x00000000c00061dd                f_getfree
                0x00000000c00063a8                f_truncate
                0x00000000c00064a0                f_unlink
                0x00000000c0006623                f_mkdir
                0x00000000c000684f                f_rename
                0x00000000c0006b42                f_chmod
                0x00000000c0006c20                f_utime
                0x00000000c0006cfe                f_getlabel
                0x00000000c0006eec                f_setlabel
                0x00000000c0007159                f_expand
                0x00000000c000738f                f_forward
                0x00000000c000756d                f_mkfs
 .text          0x00000000c0008690       0x2d fs/fat/ffsystem.32
                0x00000000c0008690                ff_memalloc
                0x00000000c00086a6                ff_memfree
 .text          0x00000000c00086bd      0x253 fs/fat/ffunicode.32
                0x00000000c00086bd                ff_uni2oem
                0x00000000c000874d                ff_oem2uni
                0x00000000c00087b9                ff_wtoupper
 .text          0x00000000c0008910      0x8fb hal/libresample/samplerate.32
                0x00000000c0008954                src_delete
                0x00000000c0008990                src_process
                0x00000000c0008b46                src_callback_read
                0x00000000c0008cc3                src_set_ratio
                0x00000000c0008d2d                src_get_channels
                0x00000000c0008d4f                src_reset
                0x00000000c0008d9b                src_new
                0x00000000c0008e29                src_callback_new
                0x00000000c0008e8b                src_get_name
                0x00000000c0008ec2                src_get_description
                0x00000000c0008ef9                src_get_version
                0x00000000c0008eff                src_is_valid_ratio
                0x00000000c0008f53                src_error
                0x00000000c0008f61                src_strerror
                0x00000000c0008f74                src_simple
                0x00000000c0008fc7                src_short_to_float_array
                0x00000000c000902c                src_float_to_short_array
                0x00000000c00090eb                src_int_to_float_array
                0x00000000c000914e                src_float_to_int_array
 .text          0x00000000c000920b      0x8cb hal/libresample/src_linear.32
                0x00000000c0009a31                linear_get_name
                0x00000000c0009a40                linear_get_description
                0x00000000c0009a4f                linear_set_converter
 .text          0x00000000c0009ad6     0x447c hal/libresample/src_sinc.32
                0x00000000c000de69                sinc_get_name
                0x00000000c000de7c                sinc_get_description
                0x00000000c000de8f                sinc_set_converter
 .text          0x00000000c000df52      0x77c hal/libresample/src_zoh.32
                0x00000000c000e629                zoh_get_name
                0x00000000c000e638                zoh_get_description
                0x00000000c000e647                zoh_set_converter
 .text          0x00000000c000e6ce       0xa7 compat/inlines.32
                0x00000000c000e6ce                CPU::current()
                0x00000000c000e6da                operator new(unsigned long)
                0x00000000c000e6df                operator delete(void*)
                0x00000000c000e6e4                disableIRQs()
                0x00000000c000e6ec                enableIRQs()
                0x00000000c000e6fb                lockScheduler()
                0x00000000c000e703                unlockScheduler()
                0x00000000c000e712                lockStuff()
                0x00000000c000e720                unlockStuff()
                0x00000000c000e75a                Virt::getAKernelVAS()
                0x00000000c000e760                __not_memcpy
 .text          0x00000000c000e775      0x111 compat/resolve.32
                0x00000000c000e775                Krnl::resolveCompatibilitySymbol(char*)
 .text          0x00000000c000e886      0x7d7 core/computer.32
                0x00000000c000e886                Computer::close(int, int, void*)
                0x00000000c000e8ca                Krnl::firstTask()
                0x00000000c000ea18                Computer::Computer()
                0x00000000c000ea18                Computer::Computer()
                0x00000000c000eb74                Computer::setBootMessage(char const*)
                0x00000000c000eb76                Computer::detectFeatures()
                0x00000000c000ed80                Computer::displayFeatures()
                0x00000000c000ed82                Computer::rdmsr(unsigned int)
                0x00000000c000edae                Computer::wrmsr(unsigned int, unsigned long long)
                0x00000000c000ede6                Computer::nmiEnabled()
                0x00000000c000edf2                Computer::readCMOS(unsigned char)
                0x00000000c000ee0c                Computer::enableNMI(bool)
                0x00000000c000ee24                Computer::open(int, int, void*)
                0x00000000c000efa0                Computer::disableNMI()
                0x00000000c000efae                Computer::writeCMOS(unsigned char, unsigned char)
                0x00000000c000efcc                Computer::handleNMI()
                0x00000000c000f032                Computer::setDiskActivityLight(int, bool)
 *fill*         0x00000000c000f05d        0x1 
 .text          0x00000000c000f05e      0x19d core/gdt.32
                0x00000000c000f05e                GDTEntry::setBase(unsigned int)
                0x00000000c000f07a                GDTEntry::setLimit(unsigned int)
                0x00000000c000f098                GDT::GDT()
                0x00000000c000f098                GDT::GDT()
                0x00000000c000f0ae                GDT::addEntry(GDTEntry)
                0x00000000c000f0d0                GDT::getNumberOfEntries()
                0x00000000c000f0d8                GDT::flush()
                0x00000000c000f0fa                GDT::setup()
 .text          0x00000000c000f1fb       0x6b core/idle.32
                0x00000000c000f1fb                idleFunction(void*)
 .text          0x00000000c000f266      0x45e core/idt.32
                0x00000000c000f266                IDTEntry::IDTEntry(bool)
                0x00000000c000f266                IDTEntry::IDTEntry(bool)
                0x00000000c000f2d4                IDTEntry::setOffset(unsigned int)
                0x00000000c000f2e8                IDT::IDT()
                0x00000000c000f2e8                IDT::IDT()
                0x00000000c000f2ea                IDT::getPointerToInvalidOpcodeEntryForF00F()
                0x00000000c000f2f2                IDT::addEntry(IDTEntry, int)
                0x00000000c000f30c                IDT::addEntry(int, void (*)(), bool)
                0x00000000c000f344                IDT::flush()
                0x00000000c000f35e                IDT::setup()
 .text          0x00000000c000f6c4      0x349 core/kheap.32
                0x00000000c000f6c4                sbrk
                0x00000000c000f91f                mmap
                0x00000000c000f935                munmap
                0x00000000c000f94b                liballoc_lock()
                0x00000000c000f958                liballoc_unlock()
                0x00000000c000f96c                liballoc_alloc(int)
                0x00000000c000f984                liballoc_free(void*, int)
                0x00000000c000f99f                realloc
                0x00000000c000f9b3                malloc
                0x00000000c000f9c3                free
                0x00000000c000f9d3                rfree
                0x00000000c000f9e3                calloc
 .text          0x00000000c000fa0d      0x1b6 core/main.32
                0x00000000c000fa0d                Krnl::setBootMessage(char const*)
                0x00000000c000fa79                kernel_main
 .text          0x00000000c000fbc3      0x5b5 core/physmgr.32
                0x00000000c000fbc3                Phys::allocateDMA(unsigned long)
                0x00000000c000fc91                Phys::freeDMA(unsigned long, unsigned long)
                0x00000000c000fcf0                Phys::setPageState(unsigned long, bool)
                0x00000000c000fd22                Phys::getPageState(unsigned long)
                0x00000000c000fd3e                Phys::freePage(unsigned long)
                0x00000000c000fdaf                Phys::allocatePage()
                0x00000000c000fea7                Phys::allocateContiguousPages(int)
                0x00000000c000ff03                Phys::allowSegmentToBeUsed(unsigned long, unsigned long)
                0x00000000c000ff3b                Phys::physicalMemorySetup(unsigned int)
 .text          0x00000000c0010178      0x273 core/pipe.32
                0x00000000c0010178                Pipe::isAtty()
                0x00000000c001017c                Pipe::~Pipe()
                0x00000000c001017c                Pipe::~Pipe()
                0x00000000c00101a0                Pipe::~Pipe()
                0x00000000c00101c8                Pipe::read(unsigned long long, void*, int*)
                0x00000000c00102c4                Pipe::write(unsigned long long, void*, int*)
                0x00000000c0010384                Pipe::Pipe(int)
                0x00000000c0010384                Pipe::Pipe(int)
 *fill*         0x00000000c00103eb        0x1 
 .text          0x00000000c00103ec      0xb93 core/terminal.32
                0x00000000c00103ec                VgaText::isAtty()
                0x00000000c00103f0                VgaText::~VgaText()
                0x00000000c00103f0                VgaText::~VgaText()
                0x00000000c0010414                VgaText::~VgaText()
                0x00000000c001043e                VgaText::read(unsigned long long, void*, int*)
                0x00000000c001045e                setTerminalScrollLock(bool)
                0x00000000c001045f                addToTerminalCycle(VgaText*)
                0x00000000c0010480                installVgaTextImplementation()
                0x00000000c0010495                scrollTerminalScrollLock(int)
                0x00000000c0010496                VgaText::updateTitle()
                0x00000000c00104d4                VgaText::load()
                0x00000000c0010522                VgaText::updateCursor()
                0x00000000c0010538                VgaText::doANSI_SGR(int)
                0x00000000c00105ac                VgaText::setDefaultBgColour(VgaColour)
                0x00000000c00105bc                VgaText::setDefaultFgColour(VgaColour)
                0x00000000c00105cc                VgaText::setDefaultColours(VgaColour, VgaColour)
                0x00000000c00105ec                VgaText::setTitleTextColour(VgaColour)
                0x00000000c00105fc                VgaText::setTitleColour(VgaColour)
                0x00000000c001060c                VgaText::setTitle(char*)
                0x00000000c0010632                VgaText::combineColours(unsigned char, unsigned char)
                0x00000000c0010644                VgaText::scrollScreen()
                0x00000000c00106d8                VgaText::combineCharAndColour(char, unsigned char)
                0x00000000c00106ea                VgaText::writeCharacter(char, VgaColour, VgaColour, int, int)
                0x00000000c0010746                VgaText::getCursorX()
                0x00000000c001074e                VgaText::getCursorY()
                0x00000000c0010756                VgaText::setCursor(int, int)
                0x00000000c001076d                setActiveTerminal(VgaText*)
                0x00000000c00107cf                doTerminalCycle()
                0x00000000c00107ea                VgaText::setCursorX(int)
                0x00000000c0010802                VgaText::setCursorY(int)
                0x00000000c001081a                VgaText::incrementCursor(bool)
                0x00000000c001086e                VgaText::decrementCursor(bool)
                0x00000000c0010890                VgaText::putchar(char, VgaColour, VgaColour)
                0x00000000c0010968                VgaText::doUpdate()
                0x00000000c0010976                VgaText::puts(char const*, VgaColour, VgaColour)
                0x00000000c0010aee                VgaText::clearScreen()
                0x00000000c0010b48                VgaText::putchar(char)
                0x00000000c0010c34                VgaText::putx(unsigned int)
                0x00000000c0010c7a                VgaText::puts(char const*)
                0x00000000c0010ca0                VgaText::VgaText(char const*)
                0x00000000c0010ca0                VgaText::VgaText(char const*)
                0x00000000c0010e1e                VgaText::receiveKey(unsigned char)
                0x00000000c0010f06                VgaText::write(unsigned long long, void*, int*)
                0x00000000c0010f5a                newTerminal(char*)
 *fill*         0x00000000c0010f7f        0x1 
 .text          0x00000000c0010f80      0x19d core/tss.32
                0x00000000c0010f80                TSS::TSS()
                0x00000000c0010f80                TSS::TSS()
                0x00000000c0010f8e                TSS::setESP(unsigned long)
                0x00000000c0010fa0                TSS::flush()
                0x00000000c0010fc0                TSS::setup(unsigned long, unsigned long)
 *fill*         0x00000000c001111d        0x1 
 .text          0x00000000c001111e      0x4c2 core/unixfile.32
                0x00000000c001111e                ReservedFilename::read(unsigned long long, void*, int*)
                0x00000000c0011174                ReservedFilename::isAtty()
                0x00000000c0011190                ReservedFilename::write(unsigned long long, void*, int*)
                0x00000000c00111ee                UnixFile::getFileDescriptor()
                0x00000000c00111f6                UnixFile::UnixFile(int)
                0x00000000c00111f6                UnixFile::UnixFile(int)
                0x00000000c00113a6                ReservedFilename::ReservedFilename(int)
                0x00000000c00113a6                ReservedFilename::ReservedFilename(int)
                0x00000000c00113d8                UnixFile::~UnixFile()
                0x00000000c00113d8                UnixFile::~UnixFile()
                0x00000000c0011470                UnixFile::~UnixFile()
                0x00000000c0011498                ReservedFilename::~ReservedFilename()
                0x00000000c0011498                ReservedFilename::~ReservedFilename()
                0x00000000c00114bc                ReservedFilename::~ReservedFilename()
                0x00000000c00114e3                getFromFileDescriptor(int)
 .text          0x00000000c00115e0     0x12cd core/virtmgr.32
                0x00000000c00115e0                Virt::setPageState(unsigned long, Virt::VirtPageState)
                0x00000000c0011615                Virt::getPageState(unsigned long)
                0x00000000c0011639                Virt::allocateKernelVirtualPages(int)
                0x00000000c001174a                Virt::freeSwapfilePage(unsigned long)
                0x00000000c0011768                Virt::swapIDToSector(unsigned long)
                0x00000000c001177a                Virt::allocateSwapfilePage()
                0x00000000c00117f8                Virt::virtualMemorySetup()
                0x00000000c0011843                Virt::setupPageSwapping(int)
                0x00000000c00118b4                VAS::VAS()
                0x00000000c00118b4                VAS::VAS()
                0x00000000c00118f0                VAS::VAS(VAS*)
                0x00000000c00118f0                VAS::VAS(VAS*)
                0x00000000c001191e                VAS::getForeignPageTableEntry(bool, unsigned long)
                0x00000000c001194a                VAS::getPageTableEntry(unsigned long)
                0x00000000c0011969                Virt::freeKernelVirtualPages(unsigned long)
                0x00000000c0011a8c                VAS::freeAllocatedPages(unsigned long)
                0x00000000c0011ab0                VAS::virtualToPhysical(unsigned long)
                0x00000000c0011ac8                VAS::reflagRange(unsigned long, int, int, int)
                0x00000000c0011b08                VAS::setToWriteCombining(unsigned long, int)
                0x00000000c0011b3a                VAS::mapOtherVASIn(bool, VAS*)
                0x00000000c0011b64                VAS::~VAS()
                0x00000000c0011b64                VAS::~VAS()
                0x00000000c0011ce0                VAS::mapPage(unsigned long, unsigned long, int)
                0x00000000c0011de2                VAS::allocatePages(int, int)
                0x00000000c0011fba                VAS::setCPUSpecific(unsigned long)
                0x00000000c0011fd6                VAS::mapRange(unsigned long, unsigned long, int, int)
                0x00000000c001209c                VAS::mapForeignPage(bool, VAS*, unsigned long, unsigned long, int)
                0x00000000c001218a                VAS::VAS(bool)
                0x00000000c001218a                VAS::VAS(bool)
                0x00000000c001240a                VAS::evict(unsigned long)
                0x00000000c0012512                VAS::tryLoadBackOffDisk(unsigned long)
                0x00000000c001269a                VAS::scanForEviction()
                0x00000000c0012781                mapVASFirstTime
 .text          0x00000000c00128ad       0x95 coreobjs/c++.32
                0x00000000c00128ad                __cxa_atexit
                0x00000000c00128b0                __cxa_finalize
                0x00000000c00128b1                __stack_chk_fail
                0x00000000c001291d                __cxa_pure_virtual
                0x00000000c001292e                operator new[](unsigned long)
                0x00000000c0012933                operator delete(void*, unsigned long)
                0x00000000c0012938                operator delete[](void*)
                0x00000000c001293d                operator delete[](void*, unsigned long)
 .text          0x00000000c0012942      0x1e7 dbg/kconsole.32
                0x00000000c0012942                Dbg::stringifyxWithBase(unsigned int, char*, int)
                0x00000000c001299b                Dbg::logc(char)
                0x00000000c00129b2                Dbg::logs(char*)
                0x00000000c00129cf                Dbg::logWriteInt(unsigned int)
                0x00000000c00129ec                Dbg::logWriteIntBase(unsigned int, int)
                0x00000000c0012a0b                Dbg::kprintf(char const*, ...)
 *fill*         0x00000000c0012b29        0x1 
 .text          0x00000000c0012b2a      0xb82 fs/vfs.32
                0x00000000c0012b2a                File::read(unsigned long long, void*, int*)
                0x00000000c0012b82                File::write(unsigned long long, void*, int*)
                0x00000000c0012bda                Directory::read(unsigned long long, void*, int*)
                0x00000000c0012c32                Directory::write(unsigned long long, void*, int*)
                0x00000000c0012c60                File::isAtty()
                0x00000000c0012c64                Directory::isAtty()
                0x00000000c0012c68                Filesystem::getlabel(LogicalDisk*, int, char*, unsigned int*)
                0x00000000c0012c6e                Filesystem::setlabel(LogicalDisk*, int, char*)
                0x00000000c0012c74                Filesystem::allocateSwapfile(char const*, int)
                0x00000000c0012c7a                File::~File()
                0x00000000c0012c7a                File::~File()
                0x00000000c0012c9e                File::~File()
                0x00000000c0012cc8                Directory::~Directory()
                0x00000000c0012cc8                Directory::~Directory()
                0x00000000c0012cec                Directory::~Directory()
                0x00000000c0012d16                Filesystem::Filesystem()
                0x00000000c0012d16                Filesystem::Filesystem()
                0x00000000c0012d3a                Filesystem::~Filesystem()
                0x00000000c0012d3a                Filesystem::~Filesystem()
                0x00000000c0012d48                Filesystem::~Filesystem()
                0x00000000c0012d6c                Fs::getcwd(Process*, char*, int)
                0x00000000c0012d96                Fs::initVFS()
                0x00000000c0012dc0                Fs::standardiseFiles(char*, char const*, char const*)
                0x00000000c0012f6a                File::File(char const*, Process*)
                0x00000000c0012f6a                File::File(char const*, Process*)
                0x00000000c0012fce                File::open(FileOpenMode)
                0x00000000c001302c                File::close()
                0x00000000c001308c                File::seek(unsigned long long)
                0x00000000c00130e2                File::tell(unsigned long long*)
                0x00000000c0013132                File::rewind()
                0x00000000c0013146                File::unlink()
                0x00000000c0013192                File::rename(char const*)
                0x00000000c00131e0                File::chfatattr(unsigned char, unsigned char)
                0x00000000c001323c                File::exists()
                0x00000000c001327a                File::stat(unsigned long long*, bool*)
                0x00000000c00132db                Fs::setcwd(Process*, char*)
                0x00000000c0013416                Directory::Directory(char const*, Process*)
                0x00000000c0013416                Directory::Directory(char const*, Process*)
                0x00000000c001347a                Directory::open()
                0x00000000c00134d6                Directory::close()
                0x00000000c0013536                Directory::unlink()
                0x00000000c0013582                Directory::rename(char const*)
                0x00000000c00135d0                Directory::exists()
                0x00000000c001360e                Directory::read(dirent*)
                0x00000000c001365a                Directory::create()
                0x00000000c00136a6                Filesystem::chfatattr(char const*, unsigned char, unsigned char)
 .text          0x00000000c00136ac       0x84 hal/bus.32
                0x00000000c00136ac                Bus::Bus(char const*)
                0x00000000c00136ac                Bus::Bus(char const*)
                0x00000000c00136e2                Bus::~Bus()
                0x00000000c00136e2                Bus::~Bus()
                0x00000000c0013706                Bus::~Bus()
 .text          0x00000000c0013730      0x156 hal/buzzer.32
                0x00000000c0013730                Buzzer::Buzzer(char const*)
                0x00000000c0013730                Buzzer::Buzzer(char const*)
                0x00000000c0013774                Buzzer::~Buzzer()
                0x00000000c0013774                Buzzer::~Buzzer()
                0x00000000c0013798                Buzzer::~Buzzer()
                0x00000000c00137c2                Buzzer::stop()
                0x00000000c00137d5                beepThread(void*)
                0x00000000c0013818                Buzzer::beep(int, int, bool)
 .text          0x00000000c0013886      0x467 hal/clock.32
                0x00000000c0013886                User::loadClockSettings(int)
                0x00000000c00138d8                Clock::Clock(char const*)
                0x00000000c00138d8                Clock::Clock(char const*)
                0x00000000c001390e                Clock::~Clock()
                0x00000000c001390e                Clock::~Clock()
                0x00000000c0013932                Clock::~Clock()
                0x00000000c001395c                Clock::timeInSecondsLocal()
                0x00000000c00139a4                Clock::setTimeInSecondsLocal(unsigned long long)
                0x00000000c00139fd                datetimeToSeconds(datetime_t)
                0x00000000c0013b24                Clock::setTimeInDatetimeLocal(datetime_t)
                0x00000000c0013b84                secondsToDatetime(unsigned long long)
                0x00000000c0013cc8                Clock::timeInDatetimeLocal()
 *fill*         0x00000000c0013ced        0x1 
 .text          0x00000000c0013cee      0x504 hal/device.32
                0x00000000c0013cee                Device::hibernate()
                0x00000000c0013cf0                Device::wake()
                0x00000000c0013cf2                Device::detect()
                0x00000000c0013cf4                Device::disableLegacy()
                0x00000000c0013cf6                Device::powerSaving(PowerSavingLevel)
                0x00000000c0013cf8                DriverlessDevice::close(int, int, void*)
                0x00000000c0013cfc                DriverlessDevice::detect()
                0x00000000c0013cfe                DriverlessDevice::open(int, int, void*)
                0x00000000c0013d12                Device::~Device()
                0x00000000c0013d12                Device::~Device()
                0x00000000c0013d20                Device::~Device()
                0x00000000c0013d48                Device::findAndLoadDriver()
                0x00000000c0013d56                Device::preOpenPCI(PCIDeviceInfo)
                0x00000000c0013d7c                Device::preOpenACPI(void*, char*, char*)
                0x00000000c0013dbc                Device::addIRQHandler(int, void (*)(regs*, void*), bool, void*)
                0x00000000c0013dfa                Device::getParent()
                0x00000000c0013e06                Device::removeIRQHandler(int, void (*)(regs*, void*), bool)
                0x00000000c0013e44                Device::addChild(Device*)
                0x00000000c0013e88                Device::removeAllChildren()
                0x00000000c0013ece                Device::hibernateAll()
                0x00000000c0013efe                Device::wakeAll()
                0x00000000c0013f2e                Device::detectAll()
                0x00000000c0013f5e                Device::disableLegacyAll()
                0x00000000c0013f8e                Device::loadDriversForAll()
                0x00000000c0013fce                Device::closeAll()
                0x00000000c0014004                Device::powerSavingAll(PowerSavingLevel)
                0x00000000c001403a                Device::setName(char const*)
                0x00000000c0014048                Device::Device(char const*)
                0x00000000c0014048                Device::Device(char const*)
                0x00000000c0014144                Device::getName()
                0x00000000c001414e                DriverlessDevice::DriverlessDevice(char const*)
                0x00000000c001414e                DriverlessDevice::DriverlessDevice(char const*)
                0x00000000c0014184                Device::addToLinkedList(LinkedList<Device>&, DeviceType)
                0x00000000c00141c8                getDevicesOfType(DeviceType)
 .text          0x00000000c00141f2       0x84 hal/diskctrl.32
                0x00000000c00141f2                HardDiskController::HardDiskController(char const*)
                0x00000000c00141f2                HardDiskController::HardDiskController(char const*)
                0x00000000c0014228                HardDiskController::~HardDiskController()
                0x00000000c0014228                HardDiskController::~HardDiskController()
                0x00000000c001424c                HardDiskController::~HardDiskController()
 .text          0x00000000c0014276       0xe2 hal/diskphys.32
                0x00000000c0014276                PhysicalDisk::eject()
                0x00000000c001427a                PhysicalDisk::PhysicalDisk(char const*, int)
                0x00000000c001427a                PhysicalDisk::PhysicalDisk(char const*, int)
                0x00000000c00142e2                PhysicalDisk::startCache()
                0x00000000c001430a                PhysicalDisk::~PhysicalDisk()
                0x00000000c001430a                PhysicalDisk::~PhysicalDisk()
                0x00000000c001432e                PhysicalDisk::~PhysicalDisk()
 .text          0x00000000c0014358      0x13b hal/fpu.32
                0x00000000c0014358                FPU::FPU(char const*)
                0x00000000c0014358                FPU::FPU(char const*)
                0x00000000c001438e                FPU::~FPU()
                0x00000000c001438e                FPU::~FPU()
                0x00000000c00143b2                FPU::~FPU()
                0x00000000c00143dc                setupFPU()
 *fill*         0x00000000c0014493        0x1 
 .text          0x00000000c0014494     0x143b hal/intctrl.32
                0x00000000c0014494                InterruptController::uninstallISRHandler(int, void (*)(regs*, void*))
                0x00000000c00144cc                InterruptController::installISRHandler(int, void (*)(regs*, void*), void*)
                0x00000000c001451e                doubleFault(regs*, void*)
                0x00000000c0014538                InterruptController::installIRQHandler(int, void (*)(regs*, void*), bool, void*)
                0x00000000c00145d4                InterruptController::clearAllHandlers(int, bool)
                0x00000000c001467c                InterruptController::uninstallIRQHandler(int, void (*)(regs*, void*), bool)
                0x00000000c0014703                nmiHandler(regs*, void*)
                0x00000000c0014711                int_handler
                0x00000000c00147b2                InterruptController::InterruptController(char const*)
                0x00000000c00147b2                InterruptController::InterruptController(char const*)
                0x00000000c0014858                InterruptController::~InterruptController()
                0x00000000c0014858                InterruptController::~InterruptController()
                0x00000000c001487c                InterruptController::~InterruptController()
                0x00000000c00148a6                displayDebugInfo(regs*)
                0x00000000c0014d35                x87EmulHandler(regs*, void*)
                0x00000000c0014da8                gpFault(regs*, void*)
                0x00000000c0014de1                pgFault(regs*, void*)
                0x00000000c0014e30                otherISRHandler(regs*, void*)
                0x00000000c0014e4f                opcodeFault(regs*, void*)
                0x00000000c001546c                displayProgramFault(char const*)
                0x00000000c0015494                setupInterruptController()
                0x00000000c0015882                InterruptController::convertLegacyIRQNumber(int)
 *fill*         0x00000000c00158cf        0x1 
 .text          0x00000000c00158d0      0x784 hal/keybrd.32
                0x00000000c00158d0                startGUI(void*)
                0x00000000c001593c                startGUIVESA(void*)
                0x00000000c00159a8                sendKeyToTerminal(unsigned char)
                0x00000000c0015a66                sendKeyboardToken(KeyboardToken)
                0x00000000c0015ea3                clearInternalKeybuffer(VgaText*)
                0x00000000c0015ed8                readKeyboard(VgaText*, char*, unsigned long)
                0x00000000c0015fca                Keyboard::Keyboard(char const*)
                0x00000000c0015fca                Keyboard::Keyboard(char const*)
                0x00000000c0016006                Keyboard::~Keyboard()
                0x00000000c0016006                Keyboard::~Keyboard()
                0x00000000c001602a                Keyboard::~Keyboard()
 .text          0x00000000c0016054      0x3ea hal/logidisk.32
                0x00000000c0016054                LogicalDisk::close(int, int, void*)
                0x00000000c0016058                LogicalDisk::~LogicalDisk()
                0x00000000c0016058                LogicalDisk::~LogicalDisk()
                0x00000000c001607c                LogicalDisk::~LogicalDisk()
                0x00000000c00160a6                LogicalDisk::open(int, int, void*)
                0x00000000c00160ba                LogicalDisk::absoluteToRelative(unsigned long long)
                0x00000000c00160f2                LogicalDisk::relativeToAbsolute(unsigned long long)
                0x00000000c0016138                LogicalDisk::LogicalDisk(char const*, PhysicalDisk*, unsigned long long, unsigned long long)
                0x00000000c0016138                LogicalDisk::LogicalDisk(char const*, PhysicalDisk*, unsigned long long, unsigned long long)
                0x00000000c00161ee                LogicalDisk::assignDriveLetter()
                0x00000000c00162a4                LogicalDisk::mount()
                0x00000000c00162ec                LogicalDisk::unmount()
                0x00000000c00162fc                LogicalDisk::eject()
                0x00000000c0016310                LogicalDisk::unassignDriveLetter()
                0x00000000c0016366                LogicalDisk::read(unsigned long long, int, void*)
                0x00000000c00163d2                LogicalDisk::write(unsigned long long, int, void*)
 .text          0x00000000c001643e       0x84 hal/mouse.32
                0x00000000c001643e                Mouse::Mouse(char const*)
                0x00000000c001643e                Mouse::Mouse(char const*)
                0x00000000c0016474                Mouse::~Mouse()
                0x00000000c0016474                Mouse::~Mouse()
                0x00000000c0016498                Mouse::~Mouse()
 .text          0x00000000c00164c2      0x339 hal/partition.32
                0x00000000c00164c2                makePartition(PhysicalDisk*, unsigned long long, unsigned long long)
                0x00000000c001656a                createPartitionsForDisk(PhysicalDisk*)
 *fill*         0x00000000c00167fb        0x1 
 .text          0x00000000c00167fc       0x84 hal/serial.32
                0x00000000c00167fc                Serial::Serial(char const*)
                0x00000000c00167fc                Serial::Serial(char const*)
                0x00000000c0016832                Serial::~Serial()
                0x00000000c0016832                Serial::~Serial()
                0x00000000c0016856                Serial::~Serial()
 .text          0x00000000c0016880      0x2f3 hal/timer.32
                0x00000000c0016880                Timer::Timer(char const*)
                0x00000000c0016880                Timer::Timer(char const*)
                0x00000000c00168b6                Timer::~Timer()
                0x00000000c00168b6                Timer::~Timer()
                0x00000000c00168da                Timer::~Timer()
                0x00000000c0016904                Timer::read()
                0x00000000c001690f                timerHandler(unsigned long long)
                0x00000000c0016a81                setupTimer(int)
 *fill*         0x00000000c0016b73        0x1 
 .text          0x00000000c0016b74      0x484 hal/vcache.32
                0x00000000c0016b74                VCache::VCache(PhysicalDisk*)
                0x00000000c0016b74                VCache::VCache(PhysicalDisk*)
                0x00000000c0016cdc                VCache::invalidateReadBuffer()
                0x00000000c0016cec                VCache::writeWriteBuffer()
                0x00000000c0016d38                VCache::~VCache()
                0x00000000c0016d38                VCache::~VCache()
                0x00000000c0016d8c                VCache::~VCache()
                0x00000000c0016db4                VCache::write(unsigned long long, int, void*)
                0x00000000c0016ede                VCache::read(unsigned long long, int, void*)
 .text          0x00000000c0016ff8      0x4b3 hal/video.32
                0x00000000c0016ff8                Video::putrect(int, int, int, int, unsigned int)
                0x00000000c0017044                Video::bitblit(int, int, int, int, int, int, int, unsigned int*)
                0x00000000c00170b4                Video::blit(unsigned int*, int, int, int, int)
                0x00000000c0017132                Video::clearScreen(unsigned int)
                0x00000000c0017166                Video::putpixel(int, int, unsigned int)
                0x00000000c0017174                Video::Video(char const*)
                0x00000000c0017174                Video::Video(char const*)
                0x00000000c00171aa                Video::~Video()
                0x00000000c00171aa                Video::~Video()
                0x00000000c00171ce                Video::~Video()
                0x00000000c00171f8                Video::isMonochrome()
                0x00000000c0017204                Video::getWidth()
                0x00000000c0017210                Video::getHeight()
                0x00000000c001721c                Video::drawCursor(int, int, unsigned char*, int)
                0x00000000c00172d8                Video::tgaParse(unsigned char*, int, int*, int*)
                0x00000000c0017440                Video::putTGA(int, int, unsigned char*, int)
 *fill*         0x00000000c00174ab        0x1 
 .text          0x00000000c00174ac     0x12eb hw/acpi.32
                0x00000000c00174ac                ACPI::close(int, int, void*)
                0x00000000c0017551                findRSDP()
                0x00000000c001761e                loadACPITables(unsigned char*)
                0x00000000c0017875                findRSDT(unsigned char*)
                0x00000000c0017a2f                findDataTable(unsigned char*, char*)
                0x00000000c0017aa1                scanMADT()
                0x00000000c0017f6e                ACPI::ACPI()
                0x00000000c0017f6e                ACPI::ACPI()
                0x00000000c0017fd2                ACPI::getPCIIRQAssignment(unsigned char, unsigned short, unsigned char)
                0x00000000c00180b4                ACPI::registerPCIIRQAssignment(void*, unsigned short, unsigned char, unsigned char)
                0x00000000c001817a                ACPI::setScreenBrightnessLevel(void*, int)
                0x00000000c0018180                ACPI::detectPCI()
                0x00000000c0018382                ACPI::writeSimpleBootFlag(SimpleBootFlagTable*)
                0x00000000c00183ca                ACPI::sleep()
                0x00000000c00183e2                ACPI::open(int, int, void*)
 *fill*         0x00000000c0018797        0x1 
 .text          0x00000000c0018798     0x1525 hw/cpu.32
                0x00000000c0018798                CPU::close(int, int, void*)
                0x00000000c001879c                CPU::lookupAMDName(unsigned char, unsigned char)
                0x00000000c0018930                CPU::lookupIntelName(unsigned char, unsigned char)
                0x00000000c0018bde                CPU::AMD_K6_write_msr(unsigned int, unsigned int, unsigned int, CPU::REGS*)
                0x00000000c0018bfa                CPU::AMD_K6_read_msr(unsigned int, CPU::REGS*)
                0x00000000c0018c12                CPU::AMD_K6_writeback(int, int, int)
                0x00000000c0018c86                CPU::cpuid(int, unsigned long*, unsigned long*, unsigned long*, unsigned long*)
                0x00000000c0018d0a                CPU::cpuidCheckEDX(unsigned int)
                0x00000000c0018d38                CPU::cpuidCheckECX(unsigned int)
                0x00000000c0018d66                CPU::cpuidCheckExtendedEBX(unsigned int)
                0x00000000c0018d94                CPU::cpuidCheckExtendedECX(unsigned int)
                0x00000000c0018dc2                CPU::CPU()
                0x00000000c0018dc2                CPU::CPU()
                0x00000000c0018e50                CPU::displayFeatures()
                0x00000000c0018e52                CPU::detectFeatures()
                0x00000000c0019844                CPU::setupSMEP()
                0x00000000c0019850                CPU::setupUMIP()
                0x00000000c001985a                CPU::setupTSC()
                0x00000000c0019864                CPU::setupLargePages()
                0x00000000c001986e                CPU::setupPAT()
                0x00000000c00198aa                CPU::setupMTRR()
                0x00000000c00198ac                CPU::setupGlobalPages()
                0x00000000c00198b6                CPU::allowUsermodeDataAccess()
                0x00000000c00198c8                CPU::prohibitUsermodeDataAccess()
                0x00000000c00198da                CPU::setupSMAP()
                0x00000000c00198e8                CPU::setupFeatures()
                0x00000000c0019968                CPU::open(int, int, void*)
                0x00000000c0019ac2                CPU::decodeAddress(regs*, int*, bool*, unsigned char*)
 .text          0x00000000c0019cbd        0x0 hw/ports.32
 .text          0x00000000c0019cbd      0x16a hw/smp.32
                0x00000000c0019cbd                Krnl::smpEntry()
                0x00000000c0019cbf                Krnl::startCPU(int)
                0x00000000c0019e08                Krnl::startCPUs()
 *fill*         0x00000000c0019e27        0x1 
 .text          0x00000000c0019e28      0x581 krnl/env.32
                0x00000000c0019e28                EnvVarContainer::getEnv(char const*)
                0x00000000c0019e66                EnvVarContainer::setEnv(char const*, char const*)
                0x00000000c0019f28                EnvVarContainer::deleteEnv(char const*)
                0x00000000c0019f2a                EnvVarContainer::loadFrom(char const*, char const*)
                0x00000000c001a110                EnvVarContainer::__loadSystem()
                0x00000000c001a12a                EnvVarContainer::__loadUser()
                0x00000000c001a12c                EnvVarContainer::EnvVarContainer(Process*)
                0x00000000c001a12c                EnvVarContainer::EnvVarContainer(Process*)
                0x00000000c001a14e                EnvVarContainer::~EnvVarContainer()
                0x00000000c001a14e                EnvVarContainer::~EnvVarContainer()
                0x00000000c001a17e                Krnl::getEnv(Process*, char const*)
                0x00000000c001a1e3                Krnl::setEnvSystem(char const*, char const*)
                0x00000000c001a1fd                Krnl::setEnvUser(char const*, char const*)
                0x00000000c001a21c                Krnl::setEnvProcess(Process*, char const*, char const*)
                0x00000000c001a22f                Krnl::deleteEnvSystem(char const*)
                0x00000000c001a230                Krnl::deleteEnvUser(char const*)
                0x00000000c001a231                Krnl::deleteEnvProcess(Process*, char const*)
                0x00000000c001a232                Krnl::newProcessEnv(Process*)
                0x00000000c001a254                Krnl::copyProcessEnv(Process*, Process*)
                0x00000000c001a2a0                Krnl::loadSystemEnv()
                0x00000000c001a2ce                Krnl::loadUserEnv()
                0x00000000c001a2f4                Krnl::flushEnv()
                0x00000000c001a2f5                Krnl::getProcessTotalEnvCount(Process*)
                0x00000000c001a315                Krnl::getProcessEnvPair(Process*, int)
 .text          0x00000000c001a3a9      0x39c krnl/panic.32
                0x00000000c001a3a9                Krnl::panic(char const*)
 .text          0x00000000c001a745      0x57f net/ethernet.32
                0x00000000c001a745                Net::switchEndian16(unsigned short)
                0x00000000c001a766                Net::switchEndian32(unsigned int)
                0x00000000c001a795                Net::crc32Calc(unsigned char*, int)
                0x00000000c001a826                Net::wrapEthernetFrame(Net::UnwrappedEthernetFrame, unsigned char*)
                0x00000000c001aa39                Net::unwrapEthernetFrame(unsigned char*, int)
 .text          0x00000000c001acc4      0x50e reg/registry.32
                0x00000000c001acc4                Reg::findLineFromLoadedData(char*, char*, char*)
                0x00000000c001ae1c                Reg::getLineFromRegistry(char*, char*, char*, char*)
                0x00000000c001af71                Reg::getLine(char*, char*, char*)
                0x00000000c001afa8                Reg::readInt(char*, char*, int*)
                0x00000000c001b093                Reg::readString(char*, char*, char*, int)
                0x00000000c001b114                Reg::readBool(char*, char*, bool*)
                0x00000000c001b139                Reg::readBoolWithDefault(char*, char*, bool)
                0x00000000c001b165                Reg::readIntWithDefault(char*, char*, int)
                0x00000000c001b191                Reg::readStringWithDefault(char*, char*, char*, int, char*)
 .text          0x00000000c001b1d2       0x36 sys/sc_eject.32
                0x00000000c001b1d2                Sys::eject(regs*)
 .text          0x00000000c001b208       0x18 sys/sc_exit.32
                0x00000000c001b208                Sys::exit(regs*)
 .text          0x00000000c001b220       0x1f sys/sc_getcwd.32
                0x00000000c001b220                Sys::getCwd(regs*)
 .text          0x00000000c001b23f        0xc sys/sc_getpid.32
                0x00000000c001b23f                Sys::getPID(regs*)
 .text          0x00000000c001b24b       0x1a sys/sc_getramdata.32
                0x00000000c001b24b                Sys::getRAMData(regs*)
 .text          0x00000000c001b265       0x84 sys/sc_getvgaptr.32
                0x00000000c001b265                Sys::getVGAPtr(regs*)
 .text          0x00000000c001b2e9       0xa8 sys/sc_loaddll.32
                0x00000000c001b2e9                Sys::loadDLL(regs*)
 .text          0x00000000c001b391       0x68 sys/sc_read.32
                0x00000000c001b391                Sys::read(regs*)
 .text          0x00000000c001b3f9       0x55 sys/sc_sbrk.32
                0x00000000c001b3f9                Sys::sbrk(regs*)
 .text          0x00000000c001b44e       0x1c sys/sc_setcwd.32
                0x00000000c001b44e                Sys::setCwd(regs*)
 .text          0x00000000c001b46a       0x95 sys/sc_settime.32
                0x00000000c001b46a                Sys::setTime(regs*)
 .text          0x00000000c001b4ff       0x4a sys/sc_timezone.32
                0x00000000c001b4ff                Sys::timezone(regs*)
 .text          0x00000000c001b549       0x68 sys/sc_write.32
                0x00000000c001b549                Sys::write(regs*)
 .text          0x00000000c001b5b1       0x62 sys/sc_wsbe.32
                0x00000000c001b5b1                Sys::wsbe(regs*)
 .text          0x00000000c001b613       0x46 sys/sc_yield.32
                0x00000000c001b613                Sys::yield(regs*)
 .text          0x00000000c001b659      0xf84 sys/syscalls.32
                0x00000000c001b659                sysCallSeekDir(regs*)
                0x00000000c001b65e                sysCallTellDir(regs*)
                0x00000000c001b663                sysCallVerify(regs*)
                0x00000000c001b66d                sysCallGetArgc(regs*)
                0x00000000c001b67d                sysFormatDisk(regs*)
                0x00000000c001b6e7                sysSetDiskVolumeLabel(regs*)
                0x00000000c001b72d                sysGetDiskVolumeLabel(regs*)
                0x00000000c001b77e                sysShutdown(regs*)
                0x00000000c001b7dc                sysCallRealpath(regs*)
                0x00000000c001b81f                sysCallReadDir(regs*)
                0x00000000c001b89e                sysCallIsATTY(regs*)
                0x00000000c001b8f8                sysCallSeek(regs*)
                0x00000000c001b94f                sysCallTell(regs*)
                0x00000000c001b9bb                sysCallSize(regs*)
                0x00000000c001ba2d                sysCallSizeFromFilename(regs*)
                0x00000000c001badc                sysCallClose(regs*)
                0x00000000c001bb3c                sysCallOpenDir(regs*)
                0x00000000c001bbb1                sysCallCloseDir(regs*)
                0x00000000c001bc05                sysCallMakeDir(regs*)
                0x00000000c001bc75                sysCallWait(regs*)
                0x00000000c001bc8f                sysCallNotImpl(regs*)
                0x00000000c001bcaa                sysPanic(regs*)
                0x00000000c001bcc4                sysCallRmdir(regs*)
                0x00000000c001bd28                sysCallUnlink(regs*)
                0x00000000c001bd8c                sysCallGetArgv(regs*)
                0x00000000c001bdd8                sysCallTTYName(regs*)
                0x00000000c001be5b                sysCallUSleep(regs*)
                0x00000000c001be82                sysCallSpawn(regs*)
                0x00000000c001beea                sysCallGetEnv(regs*)
                0x00000000c001bf97                sysAppSettings(regs*)
                0x00000000c001c0ab                sysSetFatAttrib(regs*)
                0x00000000c001c11d                sysPipe(regs*)
                0x00000000c001c162                sysGetUnixTime(regs*)
                0x00000000c001c176                string_ends_with(char const*, char const*)
                0x00000000c001c1be                sysCallOpen(regs*)
                0x00000000c001c3a6                Sys::loadSyscalls()
                0x00000000c001c59b                Sys::systemCall(regs*, void*)
 .text          0x00000000c001c5dd     0x1203 thr/elf.32
                0x00000000c001c5dd                Thr::allocateMemoryForTask(Process*, File*, unsigned long, unsigned long, unsigned long)
                0x00000000c001c887                Thr::loadProgramIntoMemory(Process*, char const*)
                0x00000000c001ca9d                Thr::runtimeReferenceHelper()
                0x00000000c001cab0                Thr::getAddressOfKernelSymbol(char const*)
                0x00000000c001caff                Thr::loadKernelSymbolTable(char const*)
                0x00000000c001cdbd                Thr::loadDriverIntoMemory(char const*, unsigned long, bool)
                0x00000000c001d4f3                Thr::getDriverBaseFromAddress(unsigned long)
                0x00000000c001d525                Thr::getDriverNameFromAddress(unsigned long)
                0x00000000c001d55c                Thr::getDriverOffsetFromAddress(unsigned long)
                0x00000000c001d576                Thr::loadDLL(char const*, bool)
                0x00000000c001d7a7                Thr::executeDLL(unsigned long, void*)
 .text          0x00000000c001d7e0     0x11ff thr/prcssthr.32
                0x00000000c001d7e0                userModeEntryPoint(void*)
                0x00000000c001d806                changeTSS
                0x00000000c001d836                switchToThread(ThreadControlBlock*)
                0x00000000c001d8e0                Process::addArgs(char**)
                0x00000000c001d93a                Process::Process(char const*, Process*, char**)
                0x00000000c001d93a                Process::Process(char const*, Process*, char**)
                0x00000000c001db1e                Process::Process(bool, char const*, Process*, char**)
                0x00000000c001db1e                Process::Process(bool, char const*, Process*, char**)
                0x00000000c001dccd                taskStartupFunction
                0x00000000c001dcd6                Semaphore::Semaphore(int)
                0x00000000c001dcd6                Semaphore::Semaphore(int)
                0x00000000c001dd04                Mutex::Mutex()
                0x00000000c001dd04                Mutex::Mutex()
                0x00000000c001dd16                Process::createThread(void (*)(void*), void*, int)
                0x00000000c001de1c                Process::createUserThread()
                0x00000000c001de38                setupMultitasking(void (*)())
                0x00000000c001df3b                schedule()
                0x00000000c001dfc0                Semaphore::tryAcquire()
                0x00000000c001e07c                Semaphore::assertLocked(char const*)
                0x00000000c001e0eb                blockTaskWithSchedulerLockAlreadyHeld(TaskState)
                0x00000000c001e111                blockTask(TaskState)
                0x00000000c001e13e                waitTask(int, int*, int)
                0x00000000c001e180                nanoSleepUntil(unsigned long long)
                0x00000000c001e215                nanoSleep(unsigned long long)
                0x00000000c001e22d                sleep(unsigned long long)
                0x00000000c001e24a                Semaphore::acquire()
                0x00000000c001e2fb                taskReturned
                0x00000000c001e336                Thr::processFromPID(int)
                0x00000000c001e3cd                unblockTask(ThreadControlBlock*)
                0x00000000c001e462                cleanupTerminatedTask(ThreadControlBlock*)
                0x00000000c001e709                cleanerTaskFunction(void*)
                0x00000000c001e7ea                terminateTask(int)
                0x00000000c001e8a9                Thr::terminateFromIRQ(int)
                0x00000000c001e8b6                Semaphore::release()
 .text          0x00000000c001e9df      0xada vm86/vm8086.32
                0x00000000c001e9df                Vm::inbv(unsigned short)
                0x00000000c001e9f2                Vm::outbv(unsigned short, unsigned char)
                0x00000000c001ea28                Vm::realToLinear(unsigned short, unsigned short)
                0x00000000c001ea38                Vm::getSegment(unsigned int)
                0x00000000c001ea40                Vm::getOffset(unsigned int)
                0x00000000c001ea45                Vm::mainloop2()
                0x00000000c001ea7f                Vm::mainVm8086Loop(void*)
                0x00000000c001ea8f                Vm::mainloop3(unsigned long)
                0x00000000c001eab5                Vm::initialise8086()
                0x00000000c001eaf8                Vm::finish8086()
                0x00000000c001eb59                Vm::getOutput8086(unsigned char*)
                0x00000000c001eb7e                Vm::start8086(char const*, unsigned short, unsigned short, unsigned short, unsigned short)
                0x00000000c001ece6                Vm::doISR(regs*, int, unsigned char*, unsigned short, unsigned short)
                0x00000000c001ed70                Vm::readByteFromReal(unsigned short, unsigned short)
                0x00000000c001ed81                Vm::readWordFromReal(unsigned short, unsigned short)
                0x00000000c001ed93                Vm::readDwordFromReal(unsigned short, unsigned short)
                0x00000000c001eda4                Vm::writeByteFromReal(unsigned short, unsigned short, unsigned char)
                0x00000000c001edb9                Vm::writeWordFromReal(unsigned short, unsigned short, unsigned short)
                0x00000000c001edcf                Vm::writeDwordFromReal(unsigned short, unsigned short, unsigned int)
                0x00000000c001ede4                Vm::faultHandler(regs*)
 .text          0x00000000c001f4b9      0xefd vm86/x87em.32
                0x00000000c001f4b9                Vm::fpuInternalTo32(unsigned long long)
                0x00000000c001f514                Vm::fpuInternalTo64(unsigned long long)
                0x00000000c001f51d                Vm::fpu32ToInternal(unsigned int)
                0x00000000c001f562                Vm::fpu64ToInternal(unsigned long long)
                0x00000000c001f56b                Vm::fpuFloatToLong(unsigned long long)
                0x00000000c001f5c6                Vm::fpuULongToFloat(unsigned long long)
                0x00000000c001f5fc                Vm::fpuLongToFloat(long long)
                0x00000000c001f652                Vm::fpuGet0()
                0x00000000c001f657                Vm::fpuGet1()
                0x00000000c001f65f                Vm::fpuGetPi()
                0x00000000c001f667                Vm::fpuGetLog2E()
                0x00000000c001f67f                Vm::fpuGetLogE2()
                0x00000000c001f697                Vm::fpuGetLog210()
                0x00000000c001f6af                Vm::fpuGetLog102()
                0x00000000c001f6c7                Vm::fpuIsSecondLarger(unsigned long long, unsigned long long)
                0x00000000c001f6db                Vm::fpuAreEqual(unsigned long long, unsigned long long)
                0x00000000c001f6f1                Vm::fpuUnorderedCompare(unsigned long long, unsigned long long)
                0x00000000c001f744                Vm::fpuAdd(unsigned long long, unsigned long long)
                0x00000000c001f755                Vm::fpuAbs(unsigned long long)
                0x00000000c001f75e                Vm::fpuChs(unsigned long long)
                0x00000000c001f76e                Vm::fpuSub(unsigned long long, unsigned long long)
                0x00000000c001f77d                Vm::fpuMultiply(unsigned long long, unsigned long long)
                0x00000000c001f79c                Vm::fpuDivide(unsigned long long, unsigned long long)
                0x00000000c001f7b8                Vm::fpuSquare(unsigned long long)
                0x00000000c001f7ce                Vm::fpuGetReg(int)
                0x00000000c001f811                Vm::fpuSetReg(int, unsigned long long)
                0x00000000c001f85c                Vm::fpuPush(unsigned long long)
                0x00000000c001f8b9                Vm::fpuPop()
                0x00000000c001f90b                Vm::x87Handler(regs*)
 .text          0x00000000c00203b6     0x1287 fs/fat/vfslink.32
                0x00000000c00203b6                FAT::getName()
                0x00000000c00203bc                FAT::tell(void*, unsigned long long*)
                0x00000000c00203f0                FAT::stat(void*, unsigned long long*)
                0x00000000c0020424                FAT::~FAT()
                0x00000000c0020424                FAT::~FAT()
                0x00000000c0020448                FAT::~FAT()
                0x00000000c0020470                FAT::getlabel(LogicalDisk*, int, char*, unsigned int*)
                0x00000000c002050e                FAT::setlabel(LogicalDisk*, int, char*)
                0x00000000c00205c8                FAT::format(LogicalDisk*, int, char const*, int)
                0x00000000c0020786                FAT::tryMount(LogicalDisk*, int)
                0x00000000c002098c                FAT::allocateSwapfile(char const*, int)
                0x00000000c0020af8                FAT::readDir(void*, unsigned long, void*, int*)
                0x00000000c0020c52                FAT::read(void*, unsigned long, void*, int*)
                0x00000000c0020cac                FAT::write(void*, unsigned long, void*, int*)
                0x00000000c0020d06                FAT::close(void*)
                0x00000000c0020d52                FAT::closeDir(void*)
                0x00000000c0020d9e                FAT::seek(void*, unsigned long long)
                0x00000000c0020df2                fatWrapperReadDisk
                0x00000000c0020e39                fatWrapperWriteDisk
                0x00000000c0020e80                fatWrapperIoctl
                0x00000000c0020f84                FAT::FAT()
                0x00000000c0020f84                FAT::FAT()
                0x00000000c0020fd6                FAT::fixFilepath(char*)
                0x00000000c002100e                FAT::open(char const*, void**, FileOpenMode)
                0x00000000c0021136                FAT::openDir(char const*, void**)
                0x00000000c00211dc                FAT::stat(char const*, unsigned long long*, bool*)
                0x00000000c00212c6                FAT::unlink(char const*)
                0x00000000c0021340                FAT::chfatattr(char const*, unsigned char, unsigned char)
                0x00000000c0021494                FAT::rename(char const*, char const*)
                0x00000000c0021558                FAT::mkdir(char const*)
                0x00000000c00215d2                FAT::exists(char const*)
 *fill*         0x00000000c002163d        0x1 
 .text          0x00000000c002163e      0xb75 fs/iso9660/vfslink.32
                0x00000000c002163e                ISO9660::format(LogicalDisk*, int, char const*, int)
                0x00000000c0021644                ISO9660::seek(void*, unsigned long long)
                0x00000000c0021674                ISO9660::tell(void*, unsigned long long*)
                0x00000000c0021698                ISO9660::getName()
                0x00000000c002169e                ISO9660::stat(void*, unsigned long long*)
                0x00000000c00216c2                ISO9660::chfatattr(char const*, unsigned char, unsigned char)
                0x00000000c00216c8                ISO9660::unlink(char const*)
                0x00000000c00216ce                ISO9660::write(void*, unsigned long, void*, int*)
                0x00000000c00216d4                ISO9660::rename(char const*, char const*)
                0x00000000c00216da                ISO9660::mkdir(char const*)
                0x00000000c00216e0                ISO9660::close(void*)
                0x00000000c0021702                ISO9660::closeDir(void*)
                0x00000000c0021724                ISO9660::~ISO9660()
                0x00000000c0021724                ISO9660::~ISO9660()
                0x00000000c0021748                ISO9660::~ISO9660()
                0x00000000c002176f                __memmem(unsigned char*, int, unsigned char*, int)
                0x00000000c00217b1                readSectorFromCDROM(unsigned int, unsigned char*, char)
                0x00000000c002180c                ISO9660::tryMount(LogicalDisk*, int)
                0x00000000c002185c                ISO9660::read(void*, unsigned long, void*, int*)
                0x00000000c0021a60                ISO9660::readDir(void*, unsigned long, void*, int*)
                0x00000000c0021cda                readRoot(unsigned int*, unsigned int*, char)
                0x00000000c0021d2e                readRecursively(char*, unsigned int, unsigned int, unsigned int*, unsigned int*, char, int*)
                0x00000000c0021f01                getFileData(char*, unsigned int*, unsigned int*, char, int*)
                0x00000000c0021f90                ISO9660::open(char const*, void**, FileOpenMode)
                0x00000000c002203e                ISO9660::exists(char const*)
                0x00000000c0022062                ISO9660::stat(char const*, unsigned long long*, bool*)
                0x00000000c00220f6                ISO9660::openDir(char const*, void**)
                0x00000000c0022190                ISO9660::ISO9660()
                0x00000000c0022190                ISO9660::ISO9660()
 *fill*         0x00000000c00221b3        0x1 
 .text          0x00000000c00221b4      0x396 hal/sound/sndchannel.32
                0x00000000c00221b4                SoundChannel::SoundChannel(int, int, int, int)
                0x00000000c00221b4                SoundChannel::SoundChannel(int, int, int, int)
                0x00000000c00222de                SoundChannel::~SoundChannel()
                0x00000000c00222de                SoundChannel::~SoundChannel()
                0x00000000c00222fa                SoundChannel::getSampleRate()
                0x00000000c0022302                SoundChannel::getBits()
                0x00000000c002230a                SoundChannel::getBufferUsed()
                0x00000000c0022312                SoundChannel::getBufferSize()
                0x00000000c002231a                SoundChannel::unbuffer(float*, int, int)
                0x00000000c00223ae                SoundChannel::buffer16(short*, int)
                0x00000000c00224aa                SoundChannel::buffer8(unsigned char*, int)
 .text          0x00000000c002254a      0x43e hal/sound/sndhw.32
                0x00000000c002254a                SoundDevice::SoundDevice(char const*)
                0x00000000c002254a                SoundDevice::SoundDevice(char const*)
                0x00000000c00225b6                SoundDevice::~SoundDevice()
                0x00000000c00225b6                SoundDevice::~SoundDevice()
                0x00000000c0022630                SoundDevice::~SoundDevice()
                0x00000000c002265a                SoundDevice::getFreeChannelNum()
                0x00000000c0022674                SoundDevice::addChannel(SoundChannel*)
                0x00000000c00226e4                SoundDevice::removeChannel(int)
                0x00000000c0022716                SoundDevice::floatTo16(float*, short*, int)
                0x00000000c0022804                SoundDevice::floatTo8(float*, unsigned char*, int)
                0x00000000c00228ec                SoundDevice::getAudio(int, float*, float*)
 .text          0x00000000c0022988        0x0 hw/bus/isa.32
 .text          0x00000000c0022988      0xb87 hw/bus/pci.32
                0x00000000c0022988                PCI::open(int, int, void*)
                0x00000000c00229a6                PCI::close(int, int, void*)
                0x00000000c00229aa                PCI::PCI()
                0x00000000c00229aa                PCI::PCI()
                0x00000000c0022a40                PCI::readBAR8(unsigned int, int)
                0x00000000c0022a5c                PCI::readBAR16(unsigned int, int)
                0x00000000c0022a7a                PCI::readBAR32(unsigned int, int)
                0x00000000c0022a96                PCI::writeBAR8(unsigned int, unsigned char, int)
                0x00000000c0022ab6                PCI::writeBAR16(unsigned int, unsigned short, int)
                0x00000000c0022ad8                PCI::writeBAR32(unsigned int, unsigned int, int)
                0x00000000c0022af8                PCI::legacyMechanism(unsigned char, unsigned char, unsigned char, unsigned char)
                0x00000000c0022b66                PCI::pciReadWord(unsigned char, unsigned char, unsigned char, unsigned char)
                0x00000000c0022c0e                PCI::getVendorID(unsigned char, unsigned char, unsigned char)
                0x00000000c0022c32                PCI::getHeaderType(unsigned char, unsigned char, unsigned char)
                0x00000000c0022c5a                PCI::getClassCode(unsigned char, unsigned char, unsigned char)
                0x00000000c0022ca4                PCI::getProgIF(unsigned char, unsigned char, unsigned char)
                0x00000000c0022ccc                PCI::getRevisionID(unsigned char, unsigned char, unsigned char)
                0x00000000c0022cf0                PCI::getInterruptNumber(unsigned char, unsigned char, unsigned char)
                0x00000000c0022d14                PCI::getSecondaryBus(unsigned char, unsigned char, unsigned char)
                0x00000000c0022d3c                PCI::getBARAddress(unsigned char, unsigned char, unsigned char, unsigned char)
                0x00000000c0022da0                PCI::pciWriteWord(unsigned char, unsigned char, unsigned char, unsigned char, unsigned short)
                0x00000000c0022e88                PCI::pciDetailsToFilepath(PCIDeviceInfo, char*)
                0x00000000c0023102                PCI::checkBus(unsigned char)
                0x00000000c0023126                PCI::foundDevice(PCIDeviceInfo)
                0x00000000c0023298                PCI::getDeviceData(unsigned char, unsigned char, unsigned char)
                0x00000000c0023450                PCI::checkDevice(unsigned char, unsigned char)
                0x00000000c00234bc                PCI::detect()
 *fill*         0x00000000c002350f        0x1 
 .text          0x00000000c0023510      0xb54 hw/diskctrl/ide.32
                0x00000000c0023510                IDE::close(int, int, void*)
                0x00000000c0023514                IDE::IDE()
                0x00000000c0023514                IDE::IDE()
                0x00000000c0023548                IDE::prepareInterrupt(unsigned char)
                0x00000000c002355a                selectDrive(unsigned char, unsigned char)
                0x00000000c002355c                IDE::getBase(unsigned char)
                0x00000000c002356e                IDE::write(unsigned char, unsigned char, unsigned char)
                0x00000000c002362e                IDE::read(unsigned char, unsigned char)
                0x00000000c00236dc                IDE::waitInterrupt(unsigned char)
                0x00000000c0023742                ideChannel0IRQHandler(regs*, void*)
                0x00000000c002375e                ideChannel1IRQHandler(regs*, void*)
                0x00000000c002377a                IDE::enableIRQs(unsigned char, bool)
                0x00000000c00237c0                IDE::open(int, int, void*)
                0x00000000c0023bce                IDE::readBuffer(unsigned char, unsigned char, unsigned int, unsigned int)
                0x00000000c0023c9a                IDE::detect()
                0x00000000c0023f60                IDE::printError(unsigned char, unsigned char, unsigned char)
                0x00000000c0024010                IDE::polling(unsigned char, unsigned int)
 .text          0x00000000c0024064      0x336 hw/diskctrl/satabus.32
                0x00000000c0024064                SATABus::close(int, int, void*)
                0x00000000c0024068                SATABus::detect()
                0x00000000c002406a                SATABus::SATABus()
                0x00000000c002406a                SATABus::SATABus()
                0x00000000c00240f0                SATABus::findCmdslot(SATABus::tagHBA_PORT volatile*)
                0x00000000c0024138                SATABus::checkType(SATABus::tagHBA_PORT volatile*)
                0x00000000c0024180                SATABus::startCmd(SATABus::tagHBA_PORT volatile*)
                0x00000000c00241a0                SATABus::stopCmd(SATABus::tagHBA_PORT volatile*)
                0x00000000c00241ca                SATABus::portRebase(SATABus::tagHBA_PORT volatile*, int)
                0x00000000c00242d0                SATABus::probePort(SATABus::tagHBA_MEM volatile*)
                0x00000000c002437a                SATABus::open(int, int, void*)
 .text          0x00000000c002439a      0x688 hw/diskphys/ata.32
                0x00000000c002439a                ATA::close(int, int, void*)
                0x00000000c00243be                ATA::powerSaving(PowerSavingLevel)
                0x00000000c00243c0                ATA::ATA()
                0x00000000c00243c0                ATA::ATA()
                0x00000000c00243ee                ATA::flush(bool)
                0x00000000c0024438                ATA::readyForCommand()
                0x00000000c0024488                ATA::access(unsigned long long, int, void*, bool)
                0x00000000c002487e                ATA::read(unsigned long long, int, void*)
                0x00000000c00248ca                ATA::write(unsigned long long, int, void*)
                0x00000000c002492c                ATA::detectCHS()
                0x00000000c0024956                ATA::open(int, int, void*)
 .text          0x00000000c0024a22      0x5bd hw/diskphys/atapi.32
                0x00000000c0024a22                ATAPI::write(unsigned long long, int, void*)
                0x00000000c0024a28                ATAPI::close(int, int, void*)
                0x00000000c0024a4c                ATAPI::ATAPI()
                0x00000000c0024a4c                ATAPI::ATAPI()
                0x00000000c0024a7a                ATAPI::readyForCommand()
                0x00000000c0024aca                ATAPI::sendPacket(unsigned char*, int, bool, unsigned short*, int)
                0x00000000c0024d8a                ATAPI::diskRemoved()
                0x00000000c0024da6                ATAPI::eject()
                0x00000000c0024dee                ATAPI::diskInserted()
                0x00000000c0024e1c                ATAPI::detectMedia()
                0x00000000c0024ed8                ATAPI::open(int, int, void*)
                0x00000000c0024f60                ATAPI::read(unsigned long long, int, void*)
 *fill*         0x00000000c0024fdf        0x1 
 .text          0x00000000c0024fe0      0x41c hw/diskphys/sata.32
                0x00000000c0024fe0                SATA::close(int, int, void*)
                0x00000000c0025004                SATA::powerSaving(PowerSavingLevel)
                0x00000000c0025006                SATA::open(int, int, void*)
                0x00000000c00250b0                SATA::SATA()
                0x00000000c00250b0                SATA::SATA()
                0x00000000c00250de                SATA::access(unsigned long long, int, void*, bool)
                0x00000000c0025344                SATA::read(unsigned long long, int, void*)
                0x00000000c0025390                SATA::write(unsigned long long, int, void*)
 .text          0x00000000c00253fc      0x4fe hw/diskphys/satapi.32
                0x00000000c00253fc                SATAPI::write(unsigned long long, int, void*)
                0x00000000c0025402                SATAPI::close(int, int, void*)
                0x00000000c0025426                SATAPI::SATAPI()
                0x00000000c0025426                SATAPI::SATAPI()
                0x00000000c0025454                SATAPI::diskRemoved()
                0x00000000c0025470                SATAPI::diskInserted()
                0x00000000c002549e                SATAPI::sendPacket(unsigned char*, int, unsigned long long, unsigned short*, int)
                0x00000000c00256a6                SATAPI::eject()
                0x00000000c00256ee                SATAPI::detectMedia()
                0x00000000c00257b0                SATAPI::open(int, int, void*)
                0x00000000c0025858                SATAPI::read(unsigned long long, int, void*)
 .text          0x00000000c00258fa       0x8e hw/fpu/avx.32
                0x00000000c00258fa                AVX::open(int, int, void*)
                0x00000000c002590c                AVX::close(int, int, void*)
                0x00000000c002591e                AVX::available()
                0x00000000c0025930                AVX::save(void*)
                0x00000000c0025948                AVX::load(void*)
                0x00000000c0025960                AVX::AVX()
                0x00000000c0025960                AVX::AVX()
 .text          0x00000000c0025988       0x90 hw/fpu/mmx.32
                0x00000000c0025988                MMX::available()
                0x00000000c002599c                MMX::open(int, int, void*)
                0x00000000c00259ae                MMX::close(int, int, void*)
                0x00000000c00259c0                MMX::save(void*)
                0x00000000c00259d8                MMX::load(void*)
                0x00000000c00259f0                MMX::MMX()
                0x00000000c00259f0                MMX::MMX()
 .text          0x00000000c0025a18       0x96 hw/fpu/sse.32
                0x00000000c0025a18                SSE::open(int, int, void*)
                0x00000000c0025a2a                SSE::close(int, int, void*)
                0x00000000c0025a3c                SSE::available()
                0x00000000c0025a56                SSE::save(void*)
                0x00000000c0025a6e                SSE::load(void*)
                0x00000000c0025a86                SSE::SSE()
                0x00000000c0025a86                SSE::SSE()
 .text          0x00000000c0025aae       0x8e hw/fpu/x87.32
                0x00000000c0025aae                x87::open(int, int, void*)
                0x00000000c0025ac0                x87::close(int, int, void*)
                0x00000000c0025ad2                x87::available()
                0x00000000c0025ae4                x87::save(void*)
                0x00000000c0025afc                x87::load(void*)
                0x00000000c0025b14                x87::x87()
                0x00000000c0025b14                x87::x87()
 .text          0x00000000c0025b3c      0x71e hw/intctrl/apic.32
                0x00000000c0025b3c                APIC::disable()
                0x00000000c0025b3e                APIC::close(int, int, void*)
                0x00000000c0025b60                IOAPIC::close(int, int, void*)
                0x00000000c0025b66                APIC::io_wait()
                0x00000000c0025b6c                APIC::getBase()
                0x00000000c0025bae                APIC::eoi(unsigned char)
                0x00000000c0025bdc                APIC::open(int, int, void*)
                0x00000000c0025d2a                IOAPIC::IOAPIC()
                0x00000000c0025d2a                IOAPIC::IOAPIC()
                0x00000000c0025d52                APIC::APIC()
                0x00000000c0025d52                APIC::APIC()
                0x00000000c0025e2e                IOAPIC::handlesGSIWithNumber(unsigned int)
                0x00000000c0025e60                IOAPIC::read(int)
                0x00000000c0025e88                IOAPIC::open(int, int, void*)
                0x00000000c0025f7e                IOAPIC::write(int, int)
                0x00000000c0025faa                IOAPIC::redirect(unsigned char, unsigned long long, unsigned char, bool, bool)
                0x00000000c00260a4                APIC::installIRQHandler(int, void (*)(regs*, void*), bool, void*)
 .text          0x00000000c002625a      0x3d3 hw/intctrl/pic.32
                0x00000000c002625a                PIC::disable()
                0x00000000c0026288                PIC::close(int, int, void*)
                0x00000000c00262aa                PIC::PIC()
                0x00000000c00262aa                PIC::PIC()
                0x00000000c0026380                PIC::ioWait()
                0x00000000c0026386                PIC::getIRQReg(int)
                0x00000000c00263f0                PIC::eoi(unsigned char)
                0x00000000c0026482                PIC::remap()
                0x00000000c00265ee                PIC::open(int, int, void*)
 *fill*         0x00000000c002662d        0x1 
 .text          0x00000000c002662e      0x25e hw/timer/apictimer.32
                0x00000000c002662e                APICTimer::close(int, int, void*)
                0x00000000c0026634                apicTimerHandler(regs*, void*)
                0x00000000c0026662                APICTimer::write(int)
                0x00000000c0026766                APICTimer::open(int, int, void*)
                0x00000000c0026864                APICTimer::APICTimer()
                0x00000000c0026864                APICTimer::APICTimer()
 .text          0x00000000c002688c      0x1a7 hw/timer/pit.32
                0x00000000c002688c                PIT::write(int)
                0x00000000c002690a                pitHandler(regs*, void*)
                0x00000000c0026936                PIT::open(int, int, void*)
                0x00000000c0026984                PIT::close(int, int, void*)
                0x00000000c00269b4                PIT::PIT()
                0x00000000c00269b4                PIT::PIT()
 *fill*         0x00000000c0026a33        0xd 
 .text          0x00000000c0026a40       0x1e hw/fpu/x86/avx.32
                0x00000000c0026a40                avxDetect
                0x00000000c0026a46                avxSave
                0x00000000c0026a47                avxLoad
                0x00000000c0026a48                avxInit
                0x00000000c0026a49                avxClose
                0x00000000c0026a4a                wouldSheSayYes
 *fill*         0x00000000c0026a5e        0x2 
 .text          0x00000000c0026a60       0x35 hw/fpu/x86/sse.32
                0x00000000c0026a60                absolutelyNoChanceInHell
                0x00000000c0026a60                sseDetect
                0x00000000c0026a78                sseSave
                0x00000000c0026a7e                sseLoad
                0x00000000c0026a84                sseInit
                0x00000000c0026a94                sseClose
 *fill*         0x00000000c0026a95        0xb 
 .text          0x00000000c0026aa0       0x4d hw/fpu/x86/x87.32
                0x00000000c0026aa6                x87Detect
                0x00000000c0026ac1                x87Save
                0x00000000c0026aca                x87Load
                0x00000000c0026ad2                x87Init
                0x00000000c0026aec                x87Close
 *fill*         0x00000000c0026aed        0x3 
 .text          0x00000000c0026af0       0x25 /cygdrive/d/Users/Alex/Desktop/Toolchain/Output/bin/../lib/gcc/i386-banana/8.1.0/crtend.o
 .text          0x00000000c0026b15        0x0 crtn.32
 *fill*         0x00000000c0026b15        0x3 
 .text          0x00000000c0026b18      0x14b /cygdrive/d/Users/Alex/Desktop/Toolchain/Output/bin/../lib/gcc/i386-banana/8.1.0/libkgcc.a(_divdi3.o)
                0x00000000c0026b18                __divdi3
 *fill*         0x00000000c0026c63        0x1 
 .text          0x00000000c0026c64      0x17e /cygdrive/d/Users/Alex/Desktop/Toolchain/Output/bin/../lib/gcc/i386-banana/8.1.0/libkgcc.a(_moddi3.o)
                0x00000000c0026c64                __moddi3
 *fill*         0x00000000c0026de2        0x2 
 .text          0x00000000c0026de4       0xff /cygdrive/d/Users/Alex/Desktop/Toolchain/Output/bin/../lib/gcc/i386-banana/8.1.0/libkgcc.a(_udivdi3.o)
                0x00000000c0026de4                __udivdi3
 *fill*         0x00000000c0026ee3        0x1 
 .text          0x00000000c0026ee4      0x11a /cygdrive/d/Users/Alex/Desktop/Toolchain/Output/bin/../lib/gcc/i386-banana/8.1.0/libkgcc.a(_umoddi3.o)
                0x00000000c0026ee4                __umoddi3
 .text          0x00000000c0026ffe      0x96d D:/Users/Alex/Desktop/Banana/kernel/libsoftfp.a(sfieeelib.o)
                0x00000000c0026ffe                __addsf3
                0x00000000c0027300                __subsf3
                0x00000000c0027314                __negsf2
                0x00000000c0027321                __mulsf3
                0x00000000c00274e4                __divsf3
                0x00000000c002770f                __floatsisf
                0x00000000c0027783                __floatunsisf
                0x00000000c00277c5                __fixsfsi
                0x00000000c0027827                __fixunssfsi
                0x00000000c0027858                __cmpsf2
                0x00000000c00278ed                __eqsf2
                0x00000000c0027928                __nesf2
                0x00000000c002792a                __gtsf2
                0x00000000c0027965                __gesf2
                0x00000000c0027967                __ltsf2
                0x00000000c0027969                __lesf2
 .text          0x00000000c002796b      0xf50 D:/Users/Alex/Desktop/Banana/kernel/libsoftfp.a(dfieeelib.o)
                0x00000000c002796b                __adddf3
                0x00000000c0027fbc                __subdf3