Archive member included to satisfy reference by file (symbol)

/cygdrive/d/Users/Alex/Desktop/Toolchain/Output/bin/../lib/gcc/i386-banana/8.1.0/libkgcc.a(_divdi3.o)
                              fs/fat/ff.32 (__divdi3)
/cygdrive/d/Users/Alex/Desktop/Toolchain/Output/bin/../lib/gcc/i386-banana/8.1.0/libkgcc.a(_moddi3.o)
                              compat/resolve.32 (__moddi3)
/cygdrive/d/Users/Alex/Desktop/Toolchain/Output/bin/../lib/gcc/i386-banana/8.1.0/libkgcc.a(_udivdi3.o)
                              fs/fat/ff.32 (__udivdi3)
/cygdrive/d/Users/Alex/Desktop/Toolchain/Output/bin/../lib/gcc/i386-banana/8.1.0/libkgcc.a(_umoddi3.o)
                              compat/resolve.32 (__umoddi3)
D:/Users/Alex/Desktop/Banana/kernel/libsoftfp.a(sfieeelib.o)
                              hal/sound/sndhw.32 (__addsf3)
D:/Users/Alex/Desktop/Banana/kernel/libsoftfp.a(dfieeelib.o)
                              hal/libresample/src_linear.32 (__adddf3)
D:/Users/Alex/Desktop/Banana/kernel/libsoftfp.a(sfdfcvt.o)
                              hal/libresample/samplerate.32 (__truncdfsf2)
D:/Users/Alex/Desktop/Banana/kernel/libk/libm32.a(s_fabs.c.o)
                              hal/libresample/samplerate.32 (fabs)
D:/Users/Alex/Desktop/Banana/kernel/libk/libm32.a(s_lrint.S.o)
                              hal/libresample/samplerate.32 (lrint)
D:/Users/Alex/Desktop/Banana/kernel/libk/libm32.a(s_lrintf.S.o)
                              hal/sound/sndhw.32 (lrintf)

Discarded input sections

 .comment       0x0000000000000000       0x12 /cygdrive/d/Users/Alex/Desktop/Toolchain/Output/bin/../lib/gcc/i386-banana/8.1.0/crtbegin.o
 .comment       0x0000000000000000       0x12 acpica/utclib.32
 .comment       0x0000000000000000       0x12 core/malloc.32
 .comment       0x0000000000000000       0x12 libk/string.32
 .comment       0x0000000000000000       0x12 fs/fat/diskio.32
 .comment       0x0000000000000000       0x12 fs/fat/ff.32
 .comment       0x0000000000000000       0x12 fs/fat/ffsystem.32
 .comment       0x0000000000000000       0x12 fs/fat/ffunicode.32
 .comment       0x0000000000000000       0x12 hal/libresample/samplerate.32
 .comment       0x0000000000000000       0x12 hal/libresample/src_linear.32
 .comment       0x0000000000000000       0x12 hal/libresample/src_sinc.32
 .comment       0x0000000000000000       0x12 hal/libresample/src_zoh.32
 .comment       0x0000000000000000       0x12 compat/inlines.32
 .comment       0x0000000000000000       0x12 compat/resolve.32
 .group         0x0000000000000000       0x14 core/computer.32
 .group         0x0000000000000000        0xc core/computer.32
 .comment       0x0000000000000000       0x12 core/computer.32
 .comment       0x0000000000000000       0x12 core/gdt.32
 .group         0x0000000000000000        0xc core/idle.32
 .comment       0x0000000000000000       0x12 core/idle.32
 .comment       0x0000000000000000       0x12 core/idt.32
 .comment       0x0000000000000000       0x12 core/kheap.32
 .comment       0x0000000000000000       0x12 core/main.32
 .comment       0x0000000000000000       0x12 core/physmgr.32
 .group         0x0000000000000000        0xc core/pipe.32
 .comment       0x0000000000000000       0x12 core/pipe.32
 .group         0x0000000000000000        0xc core/terminal.32
 .comment       0x0000000000000000       0x12 core/terminal.32
 .comment       0x0000000000000000       0x12 core/tss.32
 .group         0x0000000000000000        0x8 core/unixfile.32
 .group         0x0000000000000000        0xc core/unixfile.32
 .group         0x0000000000000000        0xc core/unixfile.32
 .group         0x0000000000000000        0x8 core/unixfile.32
 .group         0x0000000000000000        0xc core/unixfile.32
 .group         0x0000000000000000        0x8 core/unixfile.32
 .group         0x0000000000000000        0xc core/unixfile.32
 .group         0x0000000000000000        0xc core/unixfile.32
 .comment       0x0000000000000000       0x12 core/unixfile.32
 .comment       0x0000000000000000       0x12 core/virtmgr.32
 .comment       0x0000000000000000       0x12 coreobjs/c++.32
 .comment       0x0000000000000000       0x12 dbg/kconsole.32
 .group         0x0000000000000000        0xc fs/vfs.32
 .group         0x0000000000000000        0xc fs/vfs.32
 .group         0x0000000000000000        0xc fs/vfs.32
 .comment       0x0000000000000000       0x12 fs/vfs.32
 .group         0x0000000000000000        0xc hal/bus.32
 .comment       0x0000000000000000       0x12 hal/bus.32
 .group         0x0000000000000000        0xc hal/buzzer.32
 .comment       0x0000000000000000       0x12 hal/buzzer.32
 .group         0x0000000000000000        0xc hal/clock.32
 .comment       0x0000000000000000       0x12 hal/clock.32
 .group         0x0000000000000000       0x14 hal/device.32
 .group         0x0000000000000000        0xc hal/device.32
 .group         0x0000000000000000        0xc hal/device.32
 .group         0x0000000000000000        0xc hal/device.32
[...]
Memory Configuration

Name             Origin             Length             Attributes
*default*        0x0000000000000000 0xffffffffffffffff

Linker script and memory map

LOAD D:/Users/Alex/Desktop/Banana/kernel/boot.32
LOAD crti.32
LOAD /cygdrive/d/Users/Alex/Desktop/Toolchain/Output/bin/../lib/gcc/i386-banana/8.1.0/crtbegin.o
LOAD D:/Users/Alex/Desktop/Banana/kernel/morenasm.32
LOAD acpica/utclib.32
LOAD core/malloc.32
LOAD libk/string.32
LOAD fs/fat/diskio.32
LOAD fs/fat/ff.32
LOAD fs/fat/ffsystem.32
LOAD fs/fat/ffunicode.32
LOAD hal/libresample/samplerate.32
LOAD hal/libresample/src_linear.32
LOAD hal/libresample/src_sinc.32
LOAD hal/libresample/src_zoh.32
LOAD compat/inlines.32
LOAD compat/resolve.32
LOAD core/computer.32
LOAD core/gdt.32
LOAD core/idle.32
LOAD core/idt.32
LOAD core/kheap.32
LOAD core/main.32
LOAD core/physmgr.32
LOAD core/pipe.32
LOAD core/terminal.32
LOAD core/tss.32
LOAD core/unixfile.32
LOAD core/virtmgr.32
LOAD coreobjs/c++.32
LOAD dbg/kconsole.32
LOAD fs/vfs.32
LOAD hal/bus.32
LOAD hal/buzzer.32
LOAD hal/clock.32
LOAD hal/device.32
LOAD hal/diskctrl.32
LOAD hal/diskphys.32
LOAD hal/fpu.32
LOAD hal/intctrl.32
LOAD hal/keybrd.32
LOAD hal/logidisk.32
LOAD hal/mouse.32
LOAD hal/partition.32
LOAD hal/serial.32
LOAD hal/timer.32
LOAD hal/vcache.32
LOAD hal/video.32
LOAD hw/acpi.32
LOAD hw/cpu.32
LOAD hw/ports.32
LOAD hw/smp.32
LOAD krnl/env.32
LOAD krnl/panic.32
LOAD net/ethernet.32
LOAD reg/registry.32
LOAD sys/sc_eject.32
LOAD sys/sc_exit.32
LOAD sys/sc_getcwd.32
LOAD sys/sc_getpid.32
LOAD sys/sc_getramdata.32
LOAD sys/sc_loaddll.32
LOAD sys/sc_read.32
LOAD sys/sc_sbrk.32
LOAD sys/sc_setcwd.32
LOAD sys/sc_settime.32
LOAD sys/sc_timezone.32
LOAD sys/sc_write.32
LOAD sys/sc_wsbe.32
LOAD sys/sc_yield.32
LOAD sys/syscalls.32
LOAD thr/elf.32
LOAD thr/prcssthr.32
LOAD vm86/vm8086.32
LOAD vm86/x87em.32
LOAD fs/fat/vfslink.32
LOAD fs/iso9660/vfslink.32
LOAD hal/sound/sndchannel.32
LOAD hal/sound/sndhw.32
LOAD hw/bus/isa.32
LOAD hw/bus/pci.32
LOAD hw/diskctrl/ide.32
LOAD hw/diskctrl/satabus.32
LOAD hw/diskphys/ata.32
LOAD hw/diskphys/atapi.32
LOAD hw/diskphys/sata.32
LOAD hw/diskphys/satapi.32
LOAD hw/fpu/avx.32
LOAD hw/fpu/mmx.32
LOAD hw/fpu/sse.32
LOAD hw/fpu/x87.32
LOAD hw/intctrl/apic.32
LOAD hw/intctrl/pic.32
LOAD hw/timer/apictimer.32
LOAD hw/timer/pit.32
LOAD hw/fpu/x86/avx.32
LOAD hw/fpu/x86/sse.32
LOAD hw/fpu/x86/x87.32
LOAD /cygdrive/d/Users/Alex/Desktop/Toolchain/Output/bin/../lib/gcc/i386-banana/8.1.0/crtend.o
LOAD crtn.32
LOAD /cygdrive/d/Users/Alex/Desktop/Toolchain/Output/bin/../lib/gcc/i386-banana/8.1.0/libkgcc.a
LOAD D:/Users/Alex/Desktop/Banana/kernel/libsoftfp.a
LOAD D:/Users/Alex/Desktop/Banana/kernel/libk/libm32.a
                0x00000000c0000000                . = 0xc0000000

.text           0x00000000c0000000    0x28538
 *(.text)
 .text          0x00000000c0000000       0x41 D:/Users/Alex/Desktop/Banana/kernel/boot.32
                0x00000000c0000020                callGlobalConstructors
 .text          0x00000000c0000041        0x0 crti.32
 *fill*         0x00000000c0000041        0x3 
 .text          0x00000000c0000044      0x101 /cygdrive/d/Users/Alex/Desktop/Toolchain/Output/bin/../lib/gcc/i386-banana/8.1.0/crtbegin.o
 *fill*         0x00000000c0000145        0xb 
 .text          0x00000000c0000150      0x4ed D:/Users/Alex/Desktop/Banana/kernel/morenasm.32
                0x00000000c0000150                manualPCIProbe
                0x00000000c000019b                prepareTramp
                0x00000000c00001b4                voodooXADD
                0x00000000c000027f                doTPAUSE
                0x00000000c0000289                hasLegacyFPU
                0x00000000c00002ae                is486
                0x00000000c00002e4                detectCPUID
                0x00000000c00002fa                goToVM86
                0x00000000c000032a                goToUsermode
                0x00000000c0000354                switchToThreadASMFirstTime
                0x00000000c0000362                switchToThreadASM
                0x00000000c00003ea                asmQuickAcquireLock
                0x00000000c0000408                asmQuickReleaseLock
                0x00000000c0000414                asmAcquireLock
                0x00000000c0000435                asmReleaseLock
                0x00000000c0000448                loadGDT
                0x00000000c0000468                isr0
                0x00000000c0000478                isr1
                0x00000000c0000482                isr2
                0x00000000c000048c                isr3
                0x00000000c0000496                isr4
                0x00000000c00004a0                isr5
                0x00000000c00004aa                isr6
                0x00000000c00004b4                isr7
                0x00000000c00004be                isr8
                0x00000000c00004c6                isr9
                0x00000000c00004d0                isr10
                0x00000000c00004d8                isr11
                0x00000000c00004e0                isr12
                0x00000000c00004e8                isr13
                0x00000000c00004f0                isr14
                0x00000000c00004f8                isr15
                0x00000000c0000502                isr16
                0x00000000c000050c                isr17
                0x00000000c0000516                isr18
                0x00000000c0000520                irq3
                0x00000000c000052a                irq4
                0x00000000c0000534                irq5
                0x00000000c000053e                irq6
                0x00000000c0000548                irq7
                0x00000000c0000552                irq8
                0x00000000c000055c                irq9
                0x00000000c0000566                irq10
                0x00000000c0000570                irq11
                0x00000000c000057a                irq12
                0x00000000c0000584                irq13
                0x00000000c000058e                irq14
                0x00000000c0000598                irq15
                0x00000000c00005a2                irq1
                0x00000000c00005a9                irq2
                0x00000000c00005b0                isr96
                0x00000000c00005b7                irq0
                0x00000000c00005bc                int_common_stub
                0x00000000c00005bc                syscall_common_stub
                0x00000000c00005ed                irq16
                0x00000000c00005f7                irq17
                0x00000000c0000601                irq18
                0x00000000c000060b                irq19
                0x00000000c0000615                irq20
                0x00000000c000061f                irq21
                0x00000000c0000629                irq22
                0x00000000c0000633                irq23
 *fill*         0x00000000c000063d        0x3 
 .text          0x00000000c0000640      0x611 acpica/utclib.32
                0x00000000c0000640                memcmp
                0x00000000c000067c                memmove
                0x00000000c0000744                memcpy
                0x00000000c0000778                memset
                0x00000000c0000794                strlen
                0x00000000c00007ac                strpbrk
                0x00000000c00007e8                strtok
                0x00000000c0000834                strcpy
                0x00000000c0000858                strncpy
                0x00000000c00008c0                strcmp
                0x00000000c0000900                strchr
                0x00000000c0000924                strncmp
                0x00000000c0000974                strcat
                0x00000000c00009a4                strncat
                0x00000000c00009e0                strstr
                0x00000000c0000a28                toupper
                0x00000000c0000a3c                tolower
                0x00000000c0000a50                simple_strtoul
 .text          0x00000000c0000c51      0xfbf core/malloc.32
                0x00000000c0000dbc                dlfree
                0x00000000c0001117                dlmalloc
                0x00000000c0001654                dlrealloc
                0x00000000c0001809                dlmemalign
                0x00000000c000192c                dlcalloc
                0x00000000c00019c6                dlcfree
                0x00000000c00019cb                dlindependent_calloc
                0x00000000c00019f0                dlindependent_comalloc
                0x00000000c0001a07                dlvalloc
                0x00000000c0001a32                dlpvalloc
                0x00000000c0001a68                dlmalloc_trim
                0x00000000c0001a75                dlmalloc_usable_size
                0x00000000c0001aa6                dlmallinfo
                0x00000000c0001b75                dlmalloc_stats
                0x00000000c0001b86                dlmallopt
 .text          0x00000000c0001c10        0x0 libk/string.32
 .text          0x00000000c0001c10       0x51 fs/fat/diskio.32
                0x00000000c0001c10                disk_status
                0x00000000c0001c13                disk_initialize
                0x00000000c0001c16                disk_read
                0x00000000c0001c2c                disk_write
                0x00000000c0001c42                disk_ioctl
 .text          0x00000000c0001c61     0x6833 fs/fat/ff.32
                0x00000000c0004f2f                f_mount
                0x00000000c0004f91                f_open
                0x00000000c00053cd                f_read
                0x00000000c000564d                f_write
                0x00000000c0005907                f_sync
                0x00000000c0005ae3                f_close
                0x00000000c0005b12                f_lseek
                0x00000000c0005fc9                f_opendir
                0x00000000c00060cb                f_closedir
                0x00000000c00060ed                f_readdir
                0x00000000c0006188                f_stat
                0x00000000c0006217                f_getfree
                0x00000000c00063e2                f_truncate
                0x00000000c00064da                f_unlink
                0x00000000c000665d                f_mkdir
                0x00000000c0006889                f_rename
                0x00000000c0006b7c                f_chmod
                0x00000000c0006c5a                f_utime
                0x00000000c0006d38                f_getlabel
                0x00000000c0006f26                f_setlabel
                0x00000000c0007193                f_forward
                0x00000000c0007371                f_mkfs
 .text          0x00000000c0008494       0x2d fs/fat/ffsystem.32
                0x00000000c0008494                ff_memalloc
                0x00000000c00084aa                ff_memfree
 .text          0x00000000c00084c1      0x253 fs/fat/ffunicode.32
                0x00000000c00084c1                ff_uni2oem
                0x00000000c0008551                ff_oem2uni
                0x00000000c00085bd                ff_wtoupper
 .text          0x00000000c0008714      0x8fb hal/libresample/samplerate.32
                0x00000000c0008758                src_delete
                0x00000000c0008794                src_process
                0x00000000c000894a                src_callback_read
                0x00000000c0008ac7                src_set_ratio
                0x00000000c0008b31                src_get_channels
                0x00000000c0008b53                src_reset
                0x00000000c0008b9f                src_new
                0x00000000c0008c2d                src_callback_new
                0x00000000c0008c8f                src_get_name
                0x00000000c0008cc6                src_get_description
                0x00000000c0008cfd                src_get_version
                0x00000000c0008d03                src_is_valid_ratio
                0x00000000c0008d57                src_error
                0x00000000c0008d65                src_strerror
                0x00000000c0008d78                src_simple
                0x00000000c0008dcb                src_short_to_float_array
                0x00000000c0008e30                src_float_to_short_array
                0x00000000c0008eef                src_int_to_float_array
                0x00000000c0008f52                src_float_to_int_array
 .text          0x00000000c000900f      0x8cb hal/libresample/src_linear.32
                0x00000000c0009835                linear_get_name
                0x00000000c0009844                linear_get_description
                0x00000000c0009853                linear_set_converter
 .text          0x00000000c00098da     0x447c hal/libresample/src_sinc.32
                0x00000000c000dc6d                sinc_get_name
                0x00000000c000dc80                sinc_get_description
                0x00000000c000dc93                sinc_set_converter
 .text          0x00000000c000dd56      0x77c hal/libresample/src_zoh.32
                0x00000000c000e42d                zoh_get_name
                0x00000000c000e43c                zoh_get_description
                0x00000000c000e44b                zoh_set_converter
 .text          0x00000000c000e4d2       0x23 compat/inlines.32
                0x00000000c000e4d2                CPU::current()
                0x00000000c000e4df                operator new(unsigned long)
 .text          0x00000000c000e4f5      0x111 compat/resolve.32
                0x00000000c000e4f5                Krnl::resolveCompatibilitySymbol(char*)
 .text          0x00000000c000e606      0xa17 core/computer.32
                0x00000000c000e606                Computer::close(int, int, void*)
                0x00000000c000e64a                Krnl::firstTask()
                0x00000000c000e73a                Computer::Computer()
                0x00000000c000e73a                Computer::Computer()
                0x00000000c000e896                Computer::setBootMessage(char const*)
                0x00000000c000e898                Computer::detectFeatures()
                0x00000000c000eaa2                Computer::displayFeatures()
                0x00000000c000ede8                Computer::rdmsr(unsigned int)
                0x00000000c000ee14                Computer::wrmsr(unsigned int, unsigned long long)
                0x00000000c000ee4c                Computer::nmiEnabled()
                0x00000000c000ee58                Computer::readCMOS(unsigned char)
                0x00000000c000ee72                Computer::enableNMI(bool)
                0x00000000c000ee8a                Computer::open(int, int, void*)
                0x00000000c000ef60                Computer::disableNMI()
                0x00000000c000ef6e                Computer::writeCMOS(unsigned char, unsigned char)
                0x00000000c000ef8c                Computer::handleNMI()
                0x00000000c000eff2                Computer::setDiskActivityLight(int, bool)
 *fill*         0x00000000c000f01d        0x1 
 .text          0x00000000c000f01e      0x1b7 core/gdt.32
                0x00000000c000f01e                GDTEntry::setBase(unsigned int)
                0x00000000c000f03a                GDTEntry::setLimit(unsigned int)
                0x00000000c000f058                GDT::GDT()
                0x00000000c000f058                GDT::GDT()
                0x00000000c000f06e                GDT::addEntry(GDTEntry)
                0x00000000c000f0aa                GDT::getNumberOfEntries()
                0x00000000c000f0b2                GDT::flush()
                0x00000000c000f0d4                GDT::setup()
 .text          0x00000000c000f1d5       0x62 core/idle.32
                0x00000000c000f1d5                idleFunction(void*)
 *fill*         0x00000000c000f237        0x1 
 .text          0x00000000c000f238      0x45f core/idt.32
                0x00000000c000f238                IDTEntry::IDTEntry(bool)
                0x00000000c000f238                IDTEntry::IDTEntry(bool)
                0x00000000c000f2a6                IDTEntry::setOffset(unsigned int)
                0x00000000c000f2ba                IDT::IDT()
                0x00000000c000f2ba                IDT::IDT()
                0x00000000c000f2bc                IDT::getPointerToInvalidOpcodeEntryForF00F()
                0x00000000c000f2c4                IDT::addEntry(IDTEntry, int)
                0x00000000c000f2de                IDT::addEntry(int, void (*)(), bool)
                0x00000000c000f316                IDT::flush()
                0x00000000c000f330                IDT::setup()
 .text          0x00000000c000f697      0x203 core/kheap.32
                0x00000000c000f697                sbrk
                0x00000000c000f7a5                mmap
                0x00000000c000f7bb                munmap
                0x00000000c000f7d1                liballoc_lock()
                0x00000000c000f7e2                liballoc_unlock()
                0x00000000c000f7f3                liballoc_alloc(int)
                0x00000000c000f80e                liballoc_free(void*, int)
                0x00000000c000f82c                realloc
                0x00000000c000f840                malloc
                0x00000000c000f850                free
                0x00000000c000f860                rfree
                0x00000000c000f870                calloc
 .text          0x00000000c000f89a      0x480 core/main.32
                0x00000000c000f89a                hwTextMode_loadInData(VgaText*)
                0x00000000c000f8e5                hwTextMode_loadInTitle(VgaText*, char*)
                0x00000000c000f963                hwTextMode_showCursor(VgaText*, bool)
                0x00000000c000f9c1                hwTextMode_update(VgaText*)
                0x00000000c000f9c2                hwTextMode_updateCursor(VgaText*)
                0x00000000c000fa13                hwTextMode_disableBlink(VgaText*, bool)
                0x00000000c000fa59                hwTextMode_scrollScreen(VgaText*)
                0x00000000c000fb06                hwTextMode_writeCharacter(VgaText*, char, VgaColour, VgaColour, int, int)
                0x00000000c000fb88                setupTextMode()
                0x00000000c000fbf8                kernel_main
 .text          0x00000000c000fd1a      0x54d core/physmgr.32
                0x00000000c000fd1a                Phys::allocateDMA(unsigned long)
                0x00000000c000fdbd                Phys::freeDMA(unsigned long, unsigned long)
                0x00000000c000fe05                Phys::setPageState(unsigned long, bool)
                0x00000000c000fe37                Phys::getPageState(unsigned long)
                0x00000000c000fe53                Phys::freePage(unsigned long)
                0x00000000c000fedd                Phys::allocatePage()
                0x00000000c000ffa5                Phys::allocateContiguousPages(int)
                0x00000000c000ffff                Phys::allowSegmentToBeUsed(unsigned long, unsigned long)
                0x00000000c0010037                Phys::physicalMemorySetup(unsigned int)
 *fill*         0x00000000c0010267        0x1 
 .text          0x00000000c0010268      0x273 core/pipe.32
                0x00000000c0010268                Pipe::isAtty()
                0x00000000c001026c                Pipe::~Pipe()
                0x00000000c001026c                Pipe::~Pipe()
                0x00000000c0010290                Pipe::~Pipe()
                0x00000000c00102b8                Pipe::read(unsigned long long, void*, int*)
                0x00000000c00103ac                Pipe::write(unsigned long long, void*, int*)
                0x00000000c0010474                Pipe::Pipe(int)
                0x00000000c0010474                Pipe::Pipe(int)
 *fill*         0x00000000c00104db        0x1 
 .text          0x00000000c00104dc      0xf73 core/terminal.32
                0x00000000c00104dc                VgaText::isAtty()
                0x00000000c00104e0                VgaText::~VgaText()
                0x00000000c00104e0                VgaText::~VgaText()
                0x00000000c0010504                VgaText::~VgaText()
                0x00000000c001052e                VgaText::read(unsigned long long, void*, int*)
                0x00000000c001054e                setTerminalScrollLock(bool)
                0x00000000c001054f                addToTerminalCycle(VgaText*)
                0x00000000c001057c                installVgaTextImplementation()
                0x00000000c0010591                scrollTerminalScrollLock(int)
                0x00000000c0010592                VgaText::load()
                0x00000000c00105e6                VgaText::updateCursor()
                0x00000000c0010600                VgaText::showCursor(bool)
                0x00000000c0010610                VgaText::disableBlink(bool)
                0x00000000c001064a                VgaText::doANSI_SGR(int)
                0x00000000c00106d6                VgaText::setDefaultBgColour(VgaColour)
                0x00000000c00106ec                VgaText::setDefaultFgColour(VgaColour)
                0x00000000c0010702                VgaText::setDefaultColours(VgaColour, VgaColour)
                0x00000000c0010722                VgaText::combineColours(unsigned char, unsigned char)
                0x00000000c0010734                VgaText::scrollScreen()
                0x00000000c00107c8                VgaText::combineCharAndColour(char, unsigned char)
                0x00000000c00107da                VgaText::writeCharacter(char, VgaColour, VgaColour, int, int)
                0x00000000c001083a                VgaText::getCursorX()
                0x00000000c0010846                VgaText::getCursorY()
                0x00000000c0010852                VgaText::setCursor(int, int)
                0x00000000c0010870                VgaText::setCursorX(int)
                0x00000000c001088c                VgaText::setCursorY(int)
                0x00000000c00108a8                VgaText::incrementCursor(bool)
                0x00000000c0010910                VgaText::updateRAMUsageDisplay(int)
                0x00000000c0010974                VgaText::updateDiskUsage()
                0x00000000c0010ade                VgaText::updateTitle()
                0x00000000c0010b24                VgaText::setTitleTextColour(VgaColour)
                0x00000000c0010b34                VgaText::setTitleColour(VgaColour)
                0x00000000c0010b44                VgaText::setTitle(char*)
                0x00000000c0010b6a                VgaText::decrementCursor(bool)
                0x00000000c0010b92                VgaText::putchar(char, VgaColour, VgaColour)
                0x00000000c0010c8e                VgaText::isShowingCursor()
                0x00000000c0010c9a                VgaText::isBlinkDisabled()
                0x00000000c0010ca8                VgaText::setCursorHeight(int)
                0x00000000c0010cc6                VgaText::getCursorHeight()
                0x00000000c0010cd1                setActiveTerminal(VgaText*)
                0x00000000c0010d83                doTerminalCycle()
                0x00000000c0010da0                VgaText::doUpdate()
                0x00000000c0010db2                VgaText::puts(char const*, VgaColour, VgaColour)
                0x00000000c0010f72                VgaText::clearScreen()
                0x00000000c0010fd6                VgaText::putchar(char)
                0x00000000c00110f0                VgaText::puts(char const*)
                0x00000000c0011116                VgaText::putx(unsigned int)
                0x00000000c001115c                VgaText::VgaText(char const*)
                0x00000000c001115c                VgaText::VgaText(char const*)
                0x00000000c00112ee                VgaText::receiveKey(unsigned char)
                0x00000000c00113d6                VgaText::write(unsigned long long, void*, int*)
                0x00000000c001142a                newTerminal(char*)
 *fill*         0x00000000c001144f        0x1 
 .text          0x00000000c0011450      0x1b3 core/tss.32
                0x00000000c0011450                TSS::TSS()
                0x00000000c0011450                TSS::TSS()
                0x00000000c001145e                TSS::setESP(unsigned long)
                0x00000000c0011470                TSS::flush()
                0x00000000c0011490                TSS::setup(unsigned long, unsigned long)
 *fill*         0x00000000c0011603        0x1 
 .text          0x00000000c0011604      0x4c2 core/unixfile.32
                0x00000000c0011604                ReservedFilename::read(unsigned long long, void*, int*)
                0x00000000c001165a                ReservedFilename::isAtty()
                0x00000000c0011676                ReservedFilename::write(unsigned long long, void*, int*)
                0x00000000c00116d4                UnixFile::getFileDescriptor()
                0x00000000c00116dc                UnixFile::UnixFile(int)
                0x00000000c00116dc                UnixFile::UnixFile(int)
                0x00000000c001188c                ReservedFilename::ReservedFilename(int)
                0x00000000c001188c                ReservedFilename::ReservedFilename(int)
                0x00000000c00118be                UnixFile::~UnixFile()
                0x00000000c00118be                UnixFile::~UnixFile()
                0x00000000c0011956                UnixFile::~UnixFile()
                0x00000000c001197e                ReservedFilename::~ReservedFilename()
                0x00000000c001197e                ReservedFilename::~ReservedFilename()
                0x00000000c00119a2                ReservedFilename::~ReservedFilename()
                0x00000000c00119c9                getFromFileDescriptor(int)
 .text          0x00000000c0011ac6     0x11ca core/virtmgr.32
                0x00000000c0011ac6                Virt::setPageState(unsigned long, Virt::VirtPageState)
                0x00000000c0011afb                Virt::getPageState(unsigned long)
                0x00000000c0011b1f                Virt::allocateKernelVirtualPages(int)
                0x00000000c0011c30                Virt::freeSwapfilePage(unsigned long)
                0x00000000c0011c4e                Virt::swapIDToSector(unsigned long)
                0x00000000c0011c60                Virt::allocateSwapfilePage()
                0x00000000c0011cac                Virt::virtualMemorySetup()
                0x00000000c0011d67                Virt::getAKernelVAS()
                0x00000000c0011d6d                Virt::setupPageSwapping(int)
                0x00000000c0011e9c                VAS::VAS()
                0x00000000c0011e9c                VAS::VAS()
                0x00000000c0011ecc                VAS::VAS(VAS*)
                0x00000000c0011ecc                VAS::VAS(VAS*)
                0x00000000c0011ef0                VAS::getForeignPageTableEntry(bool, unsigned long)
                0x00000000c0011f1c                VAS::getPageTableEntry(unsigned long)
                0x00000000c0011f3b                Virt::freeKernelVirtualPages(unsigned long)
                0x00000000c001205e                VAS::freeAllocatedPages(unsigned long)
                0x00000000c0012082                VAS::virtualToPhysical(unsigned long)
                0x00000000c001209a                VAS::reflagRange(unsigned long, int, int, int)
                0x00000000c00120da                VAS::setToWriteCombining(unsigned long, int)
                0x00000000c001210c                VAS::mapOtherVASIn(bool, VAS*)
                0x00000000c0012136                VAS::~VAS()
                0x00000000c0012136                VAS::~VAS()
                0x00000000c00122a2                VAS::mapPage(unsigned long, unsigned long, int)
                0x00000000c00123a2                VAS::allocatePages(int, int)
                0x00000000c001257a                VAS::setCPUSpecific(unsigned long)
                0x00000000c0012596                VAS::mapRange(unsigned long, unsigned long, int, int)
                0x00000000c001265c                VAS::mapForeignPage(bool, VAS*, unsigned long, unsigned long, int)
                0x00000000c001274a                VAS::VAS(bool)
                0x00000000c001274a                VAS::VAS(bool)
                0x00000000c00129a6                VAS::evict(unsigned long)
                0x00000000c0012a3a                VAS::tryLoadBackOffDisk(unsigned long)
                0x00000000c0012b0a                VAS::scanForSwappable()
                0x00000000c0012bc8                mapVASFirstTime
 .text          0x00000000c0012c90       0x95 coreobjs/c++.32
                0x00000000c0012c90                __cxa_atexit
                0x00000000c0012c93                __cxa_finalize
                0x00000000c0012c94                __stack_chk_fail
                0x00000000c0012d00                __cxa_pure_virtual
                0x00000000c0012d11                operator new[](unsigned long)
                0x00000000c0012d16                operator delete(void*, unsigned long)
                0x00000000c0012d1b                operator delete[](void*)
                0x00000000c0012d20                operator delete[](void*, unsigned long)
 .text          0x00000000c0012d25      0x1ef dbg/kconsole.32
                0x00000000c0012d25                Dbg::stringifyxWithBase(unsigned int, char*, int)
                0x00000000c0012d86                Dbg::logc(char)
                0x00000000c0012d9d                Dbg::logs(char*)
                0x00000000c0012dba                Dbg::logWriteInt(unsigned int)
                0x00000000c0012dd7                Dbg::logWriteIntBase(unsigned int, int)
                0x00000000c0012df6                Dbg::kprintf(char const*, ...)
 .text          0x00000000c0012f14      0xb7c fs/vfs.32
                0x00000000c0012f14                File::read(unsigned long long, void*, int*)
                0x00000000c0012f6c                File::write(unsigned long long, void*, int*)
                0x00000000c0012fc4                Directory::read(unsigned long long, void*, int*)
                0x00000000c001301c                Directory::write(unsigned long long, void*, int*)
                0x00000000c001304a                File::isAtty()
                0x00000000c001304e                Directory::isAtty()
                0x00000000c0013052                Filesystem::getlabel(LogicalDisk*, int, char*, unsigned int*)
                0x00000000c0013058                Filesystem::setlabel(LogicalDisk*, int, char*)
                0x00000000c001305e                File::~File()
                0x00000000c001305e                File::~File()
                0x00000000c0013082                File::~File()
                0x00000000c00130ac                Directory::~Directory()
                0x00000000c00130ac                Directory::~Directory()
                0x00000000c00130d0                Directory::~Directory()
                0x00000000c00130fa                Filesystem::Filesystem()
                0x00000000c00130fa                Filesystem::Filesystem()
                0x00000000c001311e                Filesystem::~Filesystem()
                0x00000000c001311e                Filesystem::~Filesystem()
                0x00000000c001312c                Filesystem::~Filesystem()
                0x00000000c0013150                Fs::getcwd(Process*, char*, int)
                0x00000000c001317a                Fs::initVFS()
                0x00000000c00131a4                Fs::standardiseFiles(char*, char const*, char const*)
                0x00000000c001334e                File::File(char const*, Process*)
                0x00000000c001334e                File::File(char const*, Process*)
                0x00000000c00133b2                File::open(FileOpenMode)
                0x00000000c0013410                File::close()
                0x00000000c0013470                File::seek(unsigned long long)
                0x00000000c00134c6                File::tell(unsigned long long*)
                0x00000000c0013516                File::rewind()
                0x00000000c001352a                File::unlink()
                0x00000000c0013576                File::rename(char const*)
                0x00000000c00135c4                File::chfatattr(unsigned char, unsigned char)
                0x00000000c0013620                File::exists()
                0x00000000c001365e                File::stat(unsigned long long*, bool*)
                0x00000000c00136bf                Fs::setcwd(Process*, char*)
                0x00000000c00137fa                Directory::Directory(char const*, Process*)
                0x00000000c00137fa                Directory::Directory(char const*, Process*)
                0x00000000c001385e                Directory::open()
                0x00000000c00138ba                Directory::close()
                0x00000000c001391a                Directory::unlink()
                0x00000000c0013966                Directory::rename(char const*)
                0x00000000c00139b4                Directory::exists()
                0x00000000c00139f2                Directory::read(dirent*)
                0x00000000c0013a3e                Directory::create()
                0x00000000c0013a8a                Filesystem::chfatattr(char const*, unsigned char, unsigned char)
 .text          0x00000000c0013a90       0x84 hal/bus.32
                0x00000000c0013a90                Bus::Bus(char const*)
                0x00000000c0013a90                Bus::Bus(char const*)
                0x00000000c0013ac6                Bus::~Bus()
                0x00000000c0013ac6                Bus::~Bus()
                0x00000000c0013aea                Bus::~Bus()
 .text          0x00000000c0013b14      0x14e hal/buzzer.32
                0x00000000c0013b14                Buzzer::Buzzer(char const*)
                0x00000000c0013b14                Buzzer::Buzzer(char const*)
                0x00000000c0013b58                Buzzer::~Buzzer()
                0x00000000c0013b58                Buzzer::~Buzzer()
                0x00000000c0013b7c                Buzzer::~Buzzer()
                0x00000000c0013ba6                Buzzer::stop()
                0x00000000c0013bb9                beepThread(void*)
                0x00000000c0013bf4                Buzzer::beep(int, int, bool)
 .text          0x00000000c0013c62      0x467 hal/clock.32
                0x00000000c0013c62                User::loadClockSettings(int)
                0x00000000c0013cb4                Clock::Clock(char const*)
                0x00000000c0013cb4                Clock::Clock(char const*)
                0x00000000c0013cea                Clock::~Clock()
                0x00000000c0013cea                Clock::~Clock()
                0x00000000c0013d0e                Clock::~Clock()
                0x00000000c0013d38                Clock::timeInSecondsLocal()
                0x00000000c0013d80                Clock::setTimeInSecondsLocal(unsigned long long)
                0x00000000c0013dd9                datetimeToSeconds(datetime_t)
                0x00000000c0013f00                Clock::setTimeInDatetimeLocal(datetime_t)
                0x00000000c0013f60                secondsToDatetime(unsigned long long)
                0x00000000c00140a4                Clock::timeInDatetimeLocal()
 *fill*         0x00000000c00140c9        0x1 
 .text          0x00000000c00140ca      0x4de hal/device.32
                0x00000000c00140ca                Device::hibernate()
                0x00000000c00140cc                Device::wake()
                0x00000000c00140ce                Device::detect()
                0x00000000c00140d0                Device::disableLegacy()
                0x00000000c00140d2                Device::powerSaving(PowerSavingLevel)
                0x00000000c00140d4                DriverlessDevice::close(int, int, void*)
                0x00000000c00140d8                DriverlessDevice::detect()
                0x00000000c00140da                DriverlessDevice::open(int, int, void*)
                0x00000000c00140ee                Device::~Device()
                0x00000000c00140ee                Device::~Device()
                0x00000000c00140fc                Device::~Device()
                0x00000000c0014124                Device::findAndLoadDriver()
                0x00000000c0014126                Device::preOpenPCI(PCIDeviceInfo)
                0x00000000c001414c                Device::preOpenACPI(void*, char*, char*)
                0x00000000c00141a0                Device::addIRQHandler(int, void (*)(regs*, void*), bool, void*)
                0x00000000c00141de                Device::removeIRQHandler(int, void (*)(regs*, void*), bool)
                0x00000000c001421c                Device::addChild(Device*)
                0x00000000c0014260                Device::removeAllChildren()
                0x00000000c00142a6                Device::hibernateAll()
                0x00000000c00142d6                Device::wakeAll()
                0x00000000c0014306                Device::detectAll()
                0x00000000c0014336                Device::disableLegacyAll()
                0x00000000c0014366                Device::loadDriversForAll()
                0x00000000c0014392                Device::closeAll()
                0x00000000c00143c8                Device::powerSavingAll(PowerSavingLevel)
                0x00000000c00143fe                Device::setName(char const*)
                0x00000000c001440c                Device::Device(char const*)
                0x00000000c001440c                Device::Device(char const*)
                0x00000000c0014508                Device::getName()
                0x00000000c0014512                DriverlessDevice::DriverlessDevice(char const*)
                0x00000000c0014512                DriverlessDevice::DriverlessDevice(char const*)
                0x00000000c001453a                Device::addToLinkedList(LinkedList<Device>&, DeviceType)
                0x00000000c001457e                getDevicesOfType(DeviceType)
 .text          0x00000000c00145a8       0x84 hal/diskctrl.32
                0x00000000c00145a8                HardDiskController::HardDiskController(char const*)
                0x00000000c00145a8                HardDiskController::HardDiskController(char const*)
                0x00000000c00145de                HardDiskController::~HardDiskController()
                0x00000000c00145de                HardDiskController::~HardDiskController()
                0x00000000c0014602                HardDiskController::~HardDiskController()
 .text          0x00000000c001462c       0xf2 hal/diskphys.32
                0x00000000c001462c                PhysicalDisk::eject()
                0x00000000c0014640                PhysicalDisk::PhysicalDisk(char const*, int)
                0x00000000c0014640                PhysicalDisk::PhysicalDisk(char const*, int)
                0x00000000c00146a8                PhysicalDisk::startCache()
                0x00000000c00146d0                PhysicalDisk::~PhysicalDisk()
                0x00000000c00146d0                PhysicalDisk::~PhysicalDisk()
                0x00000000c00146f4                PhysicalDisk::~PhysicalDisk()
 .text          0x00000000c001471e      0x13b hal/fpu.32
                0x00000000c001471e                FPU::FPU(char const*)
                0x00000000c001471e                FPU::FPU(char const*)
                0x00000000c0014754                FPU::~FPU()
                0x00000000c0014754                FPU::~FPU()
                0x00000000c0014778                FPU::~FPU()
                0x00000000c00147a2                setupFPU()
 *fill*         0x00000000c0014859        0x1 
 .text          0x00000000c001485a     0x13a7 hal/intctrl.32
                0x00000000c001485a                InterruptController::uninstallISRHandler(int, void (*)(regs*, void*))
                0x00000000c0014892                InterruptController::installISRHandler(int, void (*)(regs*, void*), void*)
                0x00000000c00148e4                doubleFault(regs*, void*)
                0x00000000c00148fe                InterruptController::installIRQHandler(int, void (*)(regs*, void*), bool, void*)
                0x00000000c001499a                InterruptController::clearAllHandlers(int, bool)
                0x00000000c0014a42                InterruptController::uninstallIRQHandler(int, void (*)(regs*, void*), bool)
                0x00000000c0014ac9                nmiHandler(regs*, void*)
                0x00000000c0014ad7                int_handler
                0x00000000c0014b78                InterruptController::InterruptController(char const*)
                0x00000000c0014b78                InterruptController::InterruptController(char const*)
                0x00000000c0014c1e                InterruptController::~InterruptController()
                0x00000000c0014c1e                InterruptController::~InterruptController()
                0x00000000c0014c42                InterruptController::~InterruptController()
                0x00000000c0014c6c                displayDebugInfo(regs*)
                0x00000000c00150fb                x87EmulHandler(regs*, void*)
                0x00000000c001512a                gpFault(regs*, void*)
                0x00000000c0015163                pgFault(regs*, void*)
                0x00000000c00151a0                otherISRHandler(regs*, void*)
                0x00000000c00151bf                opcodeFault(regs*, void*)
                0x00000000c00157c5                displayProgramFault(char const*)
                0x00000000c00157ed                setupInterruptController()
                0x00000000c0015bb4                InterruptController::convertLegacyIRQNumber(int)
 *fill*         0x00000000c0015c01        0x1 
 .text          0x00000000c0015c02      0x6c8 hal/keybrd.32
                0x00000000c0015c02                startGUI(void*)
                0x00000000c0015c5e                startGUIVESA(void*)
                0x00000000c0015cba                sendKeyToTerminal(unsigned char)
                0x00000000c0015d26                sendKeyboardToken(KeyboardToken)
                0x00000000c0016163                clearInternalKeybuffer(VgaText*)
                0x00000000c0016198                readKeyboard(VgaText*, char*, unsigned long)
                0x00000000c0016240                Keyboard::Keyboard(char const*)
                0x00000000c0016240                Keyboard::Keyboard(char const*)
                0x00000000c001627c                Keyboard::~Keyboard()
                0x00000000c001627c                Keyboard::~Keyboard()
                0x00000000c00162a0                Keyboard::~Keyboard()
 .text          0x00000000c00162ca      0x414 hal/logidisk.32
                0x00000000c00162ca                LogicalDisk::close(int, int, void*)
                0x00000000c00162ce                LogicalDisk::~LogicalDisk()
                0x00000000c00162ce                LogicalDisk::~LogicalDisk()
                0x00000000c00162f2                LogicalDisk::~LogicalDisk()
                0x00000000c001631c                LogicalDisk::open(int, int, void*)
                0x00000000c0016330                LogicalDisk::absoluteToRelative(unsigned long long)
                0x00000000c0016368                LogicalDisk::relativeToAbsolute(unsigned long long)
                0x00000000c00163ae                LogicalDisk::LogicalDisk(char const*, PhysicalDisk*, unsigned long long, unsigned long long)
                0x00000000c00163ae                LogicalDisk::LogicalDisk(char const*, PhysicalDisk*, unsigned long long, unsigned long long)
                0x00000000c0016464                LogicalDisk::assignDriveLetter()
                0x00000000c001651a                LogicalDisk::mount()
                0x00000000c001658c                LogicalDisk::unmount()
                0x00000000c001659c                LogicalDisk::eject()
                0x00000000c00165b0                LogicalDisk::unassignDriveLetter()
                0x00000000c0016606                LogicalDisk::read(unsigned long long, int, void*)
                0x00000000c0016672                LogicalDisk::write(unsigned long long, int, void*)
 .text          0x00000000c00166de       0x84 hal/mouse.32
                0x00000000c00166de                Mouse::Mouse(char const*)
                0x00000000c00166de                Mouse::Mouse(char const*)
                0x00000000c0016714                Mouse::~Mouse()
                0x00000000c0016714                Mouse::~Mouse()
                0x00000000c0016738                Mouse::~Mouse()
 .text          0x00000000c0016762      0x34d hal/partition.32
                0x00000000c0016762                makePartition(PhysicalDisk*, unsigned long long, unsigned long long)
                0x00000000c001681e                createPartitionsForDisk(PhysicalDisk*)
 *fill*         0x00000000c0016aaf        0x1 
 .text          0x00000000c0016ab0       0x84 hal/serial.32
                0x00000000c0016ab0                Serial::Serial(char const*)
                0x00000000c0016ab0                Serial::Serial(char const*)
                0x00000000c0016ae6                Serial::~Serial()
                0x00000000c0016ae6                Serial::~Serial()
                0x00000000c0016b0a                Serial::~Serial()
 .text          0x00000000c0016b34      0x2b8 hal/timer.32
                0x00000000c0016b34                Timer::Timer(char const*)
                0x00000000c0016b34                Timer::Timer(char const*)
                0x00000000c0016b6a                Timer::~Timer()
                0x00000000c0016b6a                Timer::~Timer()
                0x00000000c0016b8e                Timer::~Timer()
                0x00000000c0016bb8                Timer::read()
                0x00000000c0016bc3                timerHandler(unsigned long long)
                0x00000000c0016cfa                setupTimer(int)
 .text          0x00000000c0016dec      0x425 hal/vcache.32
                0x00000000c0016dec                VCache::VCache(PhysicalDisk*)
                0x00000000c0016dec                VCache::VCache(PhysicalDisk*)
                0x00000000c0016f54                VCache::invalidateReadBuffer()
                0x00000000c0016f64                VCache::writeWriteBuffer()
                0x00000000c0016fa0                VCache::~VCache()
                0x00000000c0016fa0                VCache::~VCache()
                0x00000000c0016ff4                VCache::~VCache()
                0x00000000c001701c                VCache::write(unsigned long long, int, void*)
                0x00000000c0017112                VCache::read(unsigned long long, int, void*)
 *fill*         0x00000000c0017211        0x1 
 .text          0x00000000c0017212      0x4cd hal/video.32
                0x00000000c0017212                Video::putrect(int, int, int, int, unsigned int)
                0x00000000c001725e                Video::bitblit(int, int, int, int, int, int, int, unsigned int*)
                0x00000000c00172ce                Video::blit(unsigned int*, int, int, int, int)
                0x00000000c001734c                Video::clearScreen(unsigned int)
                0x00000000c0017380                Video::putpixel(int, int, unsigned int)
                0x00000000c001738e                Video::Video(char const*)
                0x00000000c001738e                Video::Video(char const*)
                0x00000000c00173c4                Video::~Video()
                0x00000000c00173c4                Video::~Video()
                0x00000000c00173e8                Video::~Video()
                0x00000000c0017412                Video::isMonochrome()
                0x00000000c001741e                Video::getWidth()
                0x00000000c001742a                Video::getHeight()
                0x00000000c0017436                Video::drawCursor(int, int, unsigned char*, int)
                0x00000000c00174f2                Video::tgaParse(unsigned char*, int, int*, int*)
                0x00000000c0017674                Video::putTGA(int, int, unsigned char*, int)
 *fill*         0x00000000c00176df        0x1 
 .text          0x00000000c00176e0      0xf64 hw/acpi.32
                0x00000000c00176e0                ACPI::close(int, int, void*)
                0x00000000c0017795                findRSDP()
                0x00000000c001781f                loadACPITables(unsigned char*)
                0x00000000c0017a46                findRSDT(unsigned char*)
                0x00000000c0017b64                findDataTable(unsigned char*, char*)
                0x00000000c0017c00                scanMADT()
                0x00000000c0018086                ACPI::ACPI()
                0x00000000c0018086                ACPI::ACPI()
                0x00000000c00180f0                ACPI::getPCIIRQAssignment(unsigned char, unsigned short, unsigned char)
                0x00000000c00181d2                ACPI::registerPCIIRQAssignment(void*, unsigned short, unsigned char, unsigned char)
                0x00000000c0018298                ACPI::setScreenBrightnessLevel(void*, int)
                0x00000000c001829e                ACPI::writeSimpleBootFlag(SimpleBootFlagTable*)
                0x00000000c00182e6                ACPI::open(int, int, void*)
                0x00000000c001862c                ACPI::sleep()
 .text          0x00000000c0018644     0x1715 hw/cpu.32
                0x00000000c0018644                CPU::close(int, int, void*)
                0x00000000c0018648                CPU::lookupAMDName(unsigned char, unsigned char)
                0x00000000c00187dc                CPU::lookupIntelName(unsigned char, unsigned char)
                0x00000000c0018a8a                CPU::AMD_K6_write_msr(unsigned int, unsigned int, unsigned int, CPU::REGS*)
                0x00000000c0018aa6                CPU::AMD_K6_read_msr(unsigned int, CPU::REGS*)
                0x00000000c0018abe                CPU::AMD_K6_writeback(int, int, int)
                0x00000000c0018b32                CPU::cpuid(int, unsigned long*, unsigned long*, unsigned long*, unsigned long*)
                0x00000000c0018bb6                CPU::cpuidCheckEDX(unsigned int)
                0x00000000c0018be4                CPU::cpuidCheckECX(unsigned int)
                0x00000000c0018c12                CPU::cpuidCheckExtendedEBX(unsigned int)
                0x00000000c0018c40                CPU::cpuidCheckExtendedECX(unsigned int)
                0x00000000c0018c6e                CPU::CPU()
                0x00000000c0018c6e                CPU::CPU()
                0x00000000c0018cfc                CPU::displayFeatures()
                0x00000000c0018f78                CPU::detectFeatures()
                0x00000000c0019968                CPU::setupSMEP()
                0x00000000c0019974                CPU::setupUMIP()
                0x00000000c001997e                CPU::setupTSC()
                0x00000000c0019988                CPU::setupLargePages()
                0x00000000c0019992                CPU::setupPAT()
                0x00000000c00199ce                CPU::setupMTRR()
                0x00000000c00199d0                CPU::setupGlobalPages()
                0x00000000c00199da                CPU::allowUsermodeDataAccess()
                0x00000000c00199ec                CPU::prohibitUsermodeDataAccess()
                0x00000000c00199fe                CPU::setupSMAP()
                0x00000000c0019a0c                CPU::setupFeatures()
                0x00000000c0019a8c                CPU::open(int, int, void*)
                0x00000000c0019b5e                CPU::decodeAddress(regs*, int*, bool*, unsigned char*)
 .text          0x00000000c0019d59        0x0 hw/ports.32
 .text          0x00000000c0019d59      0x16a hw/smp.32
                0x00000000c0019d59                Krnl::smpEntry()
                0x00000000c0019d5b                Krnl::startCPU(int)
                0x00000000c0019ea4                Krnl::startCPUs()
 *fill*         0x00000000c0019ec3        0x1 
 .text          0x00000000c0019ec4      0x5d3 krnl/env.32
                0x00000000c0019ec4                EnvVarContainer::getEnv(char const*)
                0x00000000c0019f02                EnvVarContainer::setEnv(char const*, char const*)
                0x00000000c0019fce                EnvVarContainer::deleteEnv(char const*)
                0x00000000c0019fd0                EnvVarContainer::loadFrom(char const*, char const*)
                0x00000000c001a1c6                EnvVarContainer::__loadSystem()
                0x00000000c001a1e0                EnvVarContainer::__loadUser()
                0x00000000c001a1e2                EnvVarContainer::EnvVarContainer(Process*)
                0x00000000c001a1e2                EnvVarContainer::EnvVarContainer(Process*)
                0x00000000c001a204                EnvVarContainer::~EnvVarContainer()
                0x00000000c001a204                EnvVarContainer::~EnvVarContainer()
                0x00000000c001a234                Krnl::getEnv(Process*, char const*)
                0x00000000c001a299                Krnl::setEnvSystem(char const*, char const*)
                0x00000000c001a2b3                Krnl::setEnvUser(char const*, char const*)
                0x00000000c001a2d2                Krnl::setEnvProcess(Process*, char const*, char const*)
                0x00000000c001a2e5                Krnl::deleteEnvSystem(char const*)
                0x00000000c001a2e6                Krnl::deleteEnvUser(char const*)
                0x00000000c001a2e7                Krnl::deleteEnvProcess(Process*, char const*)
                0x00000000c001a2e8                Krnl::newProcessEnv(Process*)
                0x00000000c001a30a                Krnl::copyProcessEnv(Process*, Process*)
                0x00000000c001a35e                Krnl::loadSystemEnv()
                0x00000000c001a38c                Krnl::loadUserEnv()
                0x00000000c001a3b2                Krnl::flushEnv()
                0x00000000c001a3b3                Krnl::getProcessTotalEnvCount(Process*)
                0x00000000c001a3d3                Krnl::getProcessEnvPair(Process*, int)
 .text          0x00000000c001a497      0x396 krnl/panic.32
                0x00000000c001a497                Krnl::panic(char const*)
 .text          0x00000000c001a82d      0x3b6 net/ethernet.32
                0x00000000c001a82d                Net::switchEndian16(unsigned short)
                0x00000000c001a84e                Net::switchEndian32(unsigned int)
                0x00000000c001a87d                Net::crc32Calc(unsigned char*, int)
                0x00000000c001a90e                Net::wrapEthernetFrame(Net::UnwrappedEthernetFrame, unsigned char*)
                0x00000000c001aa4a                Net::unwrapEthernetFrame(unsigned char*, int)
 .text          0x00000000c001abe3      0x513 reg/registry.32
                0x00000000c001abe3                Reg::findLineFromLoadedData(char*, char*, char*)
                0x00000000c001ad3b                Reg::getLineFromRegistry(char*, char*, char*, char*)
                0x00000000c001ae90                Reg::getLine(char*, char*, char*)
                0x00000000c001aec7                Reg::readInt(char*, char*, int*)
                0x00000000c001afb2                Reg::readString(char*, char*, char*, int)
                0x00000000c001b033                Reg::readBool(char*, char*, bool*)
                0x00000000c001b058                Reg::readBoolWithDefault(char*, char*, bool)
                0x00000000c001b084                Reg::readIntWithDefault(char*, char*, int)
                0x00000000c001b0b0                Reg::readStringWithDefault(char*, char*, char*, int, char*)
 .text          0x00000000c001b0f6       0x36 sys/sc_eject.32
                0x00000000c001b0f6                Sys::eject(regs*)
 .text          0x00000000c001b12c       0x18 sys/sc_exit.32
                0x00000000c001b12c                Sys::exit(regs*)
 .text          0x00000000c001b144       0x1f sys/sc_getcwd.32
                0x00000000c001b144                Sys::getCwd(regs*)
 .text          0x00000000c001b163        0xc sys/sc_getpid.32
                0x00000000c001b163                Sys::getPID(regs*)
 .text          0x00000000c001b16f       0x17 sys/sc_getramdata.32
                0x00000000c001b16f                Sys::getRAMData(regs*)
 .text          0x00000000c001b186       0xa8 sys/sc_loaddll.32
                0x00000000c001b186                Sys::loadDLL(regs*)
 .text          0x00000000c001b22e       0x68 sys/sc_read.32
                0x00000000c001b22e                Sys::read(regs*)
 .text          0x00000000c001b296       0x9f sys/sc_sbrk.32
                0x00000000c001b296                Sys::sbrk(regs*)
 .text          0x00000000c001b335       0x1c sys/sc_setcwd.32
                0x00000000c001b335                Sys::setCwd(regs*)
 .text          0x00000000c001b351      0x128 sys/sc_settime.32
                0x00000000c001b351                Sys::setTime(regs*)
 .text          0x00000000c001b479       0x4a sys/sc_timezone.32
                0x00000000c001b479                Sys::timezone(regs*)
 .text          0x00000000c001b4c3       0x68 sys/sc_write.32
                0x00000000c001b4c3                Sys::write(regs*)
 .text          0x00000000c001b52b       0x62 sys/sc_wsbe.32
                0x00000000c001b52b                Sys::wsbe(regs*)
 .text          0x00000000c001b58d       0x3b sys/sc_yield.32
                0x00000000c001b58d                Sys::yield(regs*)
 .text          0x00000000c001b5c8     0x10e5 sys/syscalls.32
                0x00000000c001b5c8                sysCallSeekDir(regs*)
                0x00000000c001b5cd                sysCallTellDir(regs*)
                0x00000000c001b5d2                sysCallVerify(regs*)
                0x00000000c001b5dc                sysFormatDisk(regs*)
                0x00000000c001b646                sysSetDiskVolumeLabel(regs*)
                0x00000000c001b68c                sysGetDiskVolumeLabel(regs*)
                0x00000000c001b6dd                sysShutdown(regs*)
                0x00000000c001b73b                sysCallRealpath(regs*)
                0x00000000c001b77e                sysCallGetArgc(regs*)
                0x00000000c001b7ac                sysCallReadDir(regs*)
                0x00000000c001b83a                sysCallIsATTY(regs*)
                0x00000000c001b894                sysCallSeek(regs*)
                0x00000000c001b8fd                sysCallTell(regs*)
                0x00000000c001b97a                sysCallSize(regs*)
                0x00000000c001b9fd                sysCallSizeFromFilename(regs*)
                0x00000000c001babd                sysCallClose(regs*)
                0x00000000c001bb45                sysCallOpenDir(regs*)
                0x00000000c001bbba                sysCallCloseDir(regs*)
                0x00000000c001bc20                sysCallMakeDir(regs*)
                0x00000000c001bc90                sysCallWait(regs*)
                0x00000000c001bcaa                sysCallNotImpl(regs*)
                0x00000000c001bcc5                sysPanic(regs*)
                0x00000000c001bceb                sysCallRmdir(regs*)
                0x00000000c001bd4f                sysCallUnlink(regs*)
                0x00000000c001bdb3                sysCallGetArgv(regs*)
                0x00000000c001bdff                sysCallTTYName(regs*)
                0x00000000c001be82                sysCallUSleep(regs*)
                0x00000000c001bea9                sysCallSpawn(regs*)
                0x00000000c001bf01                sysCallGetEnv(regs*)
                0x00000000c001c039                sysAppSettings(regs*)
                0x00000000c001c158                sysSetFatAttrib(regs*)
                0x00000000c001c1ca                sysPipe(regs*)
                0x00000000c001c20f                sysGetUnixTime(regs*)
                0x00000000c001c223                string_ends_with(char const*, char const*)
                0x00000000c001c26b                sysCallOpen(regs*)
                0x00000000c001c480                Sys::loadSyscalls()
                0x00000000c001c66b                Sys::systemCall(regs*, void*)
 .text          0x00000000c001c6ad     0x11d4 thr/elf.32
                0x00000000c001c6ad                Thr::allocateMemoryForTask(Process*, File*, unsigned long, unsigned long, unsigned long)
                0x00000000c001c93f                Thr::loadProgramIntoMemory(Process*, char const*)
                0x00000000c001cb55                Thr::runtimeReferenceHelper()
                0x00000000c001cb68                Thr::getAddressOfKernelSymbol(char const*)
                0x00000000c001cbb7                Thr::loadKernelSymbolTable(char const*)
                0x00000000c001ce75                Thr::loadDriverIntoMemory(char const*, unsigned long, bool)
                0x00000000c001d591                Thr::getDriverBaseFromAddress(unsigned long)
                0x00000000c001d5c3                Thr::getDriverNameFromAddress(unsigned long)
                0x00000000c001d5fa                Thr::getDriverOffsetFromAddress(unsigned long)
                0x00000000c001d614                Thr::loadDLL(char const*, bool)
                0x00000000c001d848                Thr::executeDLL(unsigned long, void*)
 *fill*         0x00000000c001d881        0x1 
 .text          0x00000000c001d882     0x1056 thr/prcssthr.32
                0x00000000c001d882                changeTSS
                0x00000000c001d8b2                Process::addArgs(char**)
                0x00000000c001d90c                Process::Process(char const*, Process*, char**)
                0x00000000c001d90c                Process::Process(char const*, Process*, char**)
                0x00000000c001daf0                Process::Process(bool, char const*, Process*, char**)
                0x00000000c001daf0                Process::Process(bool, char const*, Process*, char**)
                0x00000000c001dc9f                disableIRQs()
                0x00000000c001dca7                getIRQNestingLevel()
                0x00000000c001dcad                enableIRQs()
                0x00000000c001dcbc                lockScheduler()
                0x00000000c001dcbe                unlockScheduler()
                0x00000000c001dcc0                userModeEntryPoint(void*)
                0x00000000c001dce3                lockStuff()
                0x00000000c001dcef                taskStartupFunction
                0x00000000c001dcf8                updateTimeUsed()
                0x00000000c001dd5d                switchToThread(ThreadControlBlock*)
                0x00000000c001ddae                Semaphore::Semaphore(int)
                0x00000000c001ddae                Semaphore::Semaphore(int)
                0x00000000c001dddc                Mutex::Mutex()
                0x00000000c001dddc                Mutex::Mutex()
                0x00000000c001ddee                Process::createThread(void (*)(void*), void*, int)
                0x00000000c001ded2                Process::createUserThread()
                0x00000000c001deee                setupMultitasking(void (*)())
                0x00000000c001dff8                schedule()
                0x00000000c001e07d                unlockStuff()
                0x00000000c001e0b2                Semaphore::tryAcquire()
                0x00000000c001e0e0                Semaphore::assertLocked(char const*)
                0x00000000c001e110                blockTaskWithSchedulerLockAlreadyHeld(TaskState)
                0x00000000c001e152                blockTask(TaskState)
                0x00000000c001e173                waitTask(int, int*, int)
                0x00000000c001e1b5                nanoSleepUntil(unsigned long long)
                0x00000000c001e20c                nanoSleep(unsigned long long)
                0x00000000c001e221                sleep(unsigned long long)
                0x00000000c001e23e                Semaphore::acquire()
                0x00000000c001e2a6                taskReturned
                0x00000000c001e2d4                unblockTask(ThreadControlBlock*)
                0x00000000c001e383                cleanupTerminatedTask(ThreadControlBlock*)
                0x00000000c001e64c                cleanerTaskFunction(void*)
                0x00000000c001e6ff                terminateTask(int)
                0x00000000c001e7df                Thr::terminateFromIRQ(int)
                0x00000000c001e7ec                Semaphore::release()
 .text          0x00000000c001e8d8      0xc26 vm86/vm8086.32
                0x00000000c001e8d8                Vm::inbv(unsigned short)
                0x00000000c001e8eb                Vm::outbv(unsigned short, unsigned char)
                0x00000000c001e93e                Vm::realToLinear(unsigned short, unsigned short)
                0x00000000c001e94e                Vm::getSegment(unsigned int)
                0x00000000c001e956                Vm::getOffset(unsigned int)
                0x00000000c001e95b                Vm::mainloop2()
                0x00000000c001e996                Vm::mainVm8086Loop(void*)
                0x00000000c001e9a3                Vm::mainloop3(unsigned long)
                0x00000000c001e9cd                Vm::initialise8086()
                0x00000000c001ea10                Vm::finish8086()
                0x00000000c001ea55                Vm::getOutput8086(unsigned char*)
                0x00000000c001ea7f                Vm::start8086(char const*, unsigned short, unsigned short, unsigned short, unsigned short)
                0x00000000c001ebcf                Vm::doISR(regs*, int, unsigned char*, unsigned short, unsigned short)
                0x00000000c001ec59                Vm::readByteFromReal(unsigned short, unsigned short)
                0x00000000c001ec6a                Vm::readWordFromReal(unsigned short, unsigned short)
                0x00000000c001ec7c                Vm::readDwordFromReal(unsigned short, unsigned short)
                0x00000000c001ec8d                Vm::writeByteFromReal(unsigned short, unsigned short, unsigned char)
                0x00000000c001eca2                Vm::writeWordFromReal(unsigned short, unsigned short, unsigned short)
                0x00000000c001ecb8                Vm::writeDwordFromReal(unsigned short, unsigned short, unsigned int)
                0x00000000c001eccd                Vm::faultHandler(regs*)
 .text          0x00000000c001f4fe      0xefd vm86/x87em.32
                0x00000000c001f4fe                Vm::fpuInternalTo32(unsigned long long)
                0x00000000c001f559                Vm::fpuInternalTo64(unsigned long long)
                0x00000000c001f562                Vm::fpu32ToInternal(unsigned int)
                0x00000000c001f5a7                Vm::fpu64ToInternal(unsigned long long)
                0x00000000c001f5b0                Vm::fpuFloatToLong(unsigned long long)
                0x00000000c001f60b                Vm::fpuULongToFloat(unsigned long long)
                0x00000000c001f641                Vm::fpuLongToFloat(long long)
                0x00000000c001f697                Vm::fpuGet0()
                0x00000000c001f69c                Vm::fpuGet1()
                0x00000000c001f6a4                Vm::fpuGetPi()
                0x00000000c001f6ac                Vm::fpuGetLog2E()
                0x00000000c001f6c4                Vm::fpuGetLogE2()
                0x00000000c001f6dc                Vm::fpuGetLog210()
                0x00000000c001f6f4                Vm::fpuGetLog102()
                0x00000000c001f70c                Vm::fpuIsSecondLarger(unsigned long long, unsigned long long)
                0x00000000c001f720                Vm::fpuAreEqual(unsigned long long, unsigned long long)
                0x00000000c001f736                Vm::fpuUnorderedCompare(unsigned long long, unsigned long long)
                0x00000000c001f789                Vm::fpuAdd(unsigned long long, unsigned long long)
                0x00000000c001f79a                Vm::fpuAbs(unsigned long long)
                0x00000000c001f7a3                Vm::fpuChs(unsigned long long)
                0x00000000c001f7b3                Vm::fpuSub(unsigned long long, unsigned long long)
                0x00000000c001f7c2                Vm::fpuMultiply(unsigned long long, unsigned long long)
                0x00000000c001f7e1                Vm::fpuDivide(unsigned long long, unsigned long long)
                0x00000000c001f7fd                Vm::fpuSquare(unsigned long long)
                0x00000000c001f813                Vm::fpuGetReg(int)
                0x00000000c001f856                Vm::fpuSetReg(int, unsigned long long)
                0x00000000c001f8a1                Vm::fpuPush(unsigned long long)
                0x00000000c001f8fe                Vm::fpuPop()
                0x00000000c001f950                Vm::x87Handler(regs*)
 *fill*         0x00000000c00203fb        0x1 
 .text          0x00000000c00203fc     0x10ed fs/fat/vfslink.32
                0x00000000c00203fc                FAT::getName()
                0x00000000c0020402                FAT::tell(void*, unsigned long long*)
                0x00000000c0020436                FAT::stat(void*, unsigned long long*)
                0x00000000c002046a                FAT::~FAT()
                0x00000000c002046a                FAT::~FAT()
                0x00000000c002048e                FAT::~FAT()
                0x00000000c00204b6                FAT::getlabel(LogicalDisk*, int, char*, unsigned int*)
                0x00000000c0020554                FAT::setlabel(LogicalDisk*, int, char*)
                0x00000000c002060e                FAT::format(LogicalDisk*, int, char const*, int)
                0x00000000c00207f2                FAT::tryMount(LogicalDisk*, int)
                0x00000000c00209f8                FAT::readDir(void*, unsigned long, void*, int*)
                0x00000000c0020afe                FAT::read(void*, unsigned long, void*, int*)
                0x00000000c0020b58                FAT::write(void*, unsigned long, void*, int*)
                0x00000000c0020bb2                FAT::close(void*)
                0x00000000c0020bfe                FAT::closeDir(void*)
                0x00000000c0020c4a                FAT::seek(void*, unsigned long long)
                0x00000000c0020c9e                fatWrapperReadDisk
                0x00000000c0020ce5                fatWrapperWriteDisk
                0x00000000c0020d2c                fatWrapperIoctl
                0x00000000c0020e30                FAT::FAT()
                0x00000000c0020e30                FAT::FAT()
                0x00000000c0020e82                FAT::fixFilepath(char*)
                0x00000000c0020eba                FAT::open(char const*, void**, FileOpenMode)
                0x00000000c0020fe2                FAT::openDir(char const*, void**)
                0x00000000c0021088                FAT::stat(char const*, unsigned long long*, bool*)
                0x00000000c0021172                FAT::unlink(char const*)
                0x00000000c00211ec                FAT::chfatattr(char const*, unsigned char, unsigned char)
                0x00000000c0021340                FAT::rename(char const*, char const*)
                0x00000000c0021404                FAT::mkdir(char const*)
                0x00000000c002147e                FAT::exists(char const*)
 *fill*         0x00000000c00214e9        0x1 
 .text          0x00000000c00214ea      0xbc1 fs/iso9660/vfslink.32
                0x00000000c00214ea                ISO9660::format(LogicalDisk*, int, char const*, int)
                0x00000000c00214f0                ISO9660::seek(void*, unsigned long long)
                0x00000000c0021520                ISO9660::tell(void*, unsigned long long*)
                0x00000000c0021544                ISO9660::getName()
                0x00000000c002154a                ISO9660::stat(void*, unsigned long long*)
                0x00000000c002156e                ISO9660::chfatattr(char const*, unsigned char, unsigned char)
                0x00000000c0021574                ISO9660::unlink(char const*)
                0x00000000c002157a                ISO9660::write(void*, unsigned long, void*, int*)
                0x00000000c0021580                ISO9660::rename(char const*, char const*)
                0x00000000c0021586                ISO9660::mkdir(char const*)
                0x00000000c002158c                ISO9660::close(void*)
                0x00000000c00215ae                ISO9660::closeDir(void*)
                0x00000000c00215d0                ISO9660::~ISO9660()
                0x00000000c00215d0                ISO9660::~ISO9660()
                0x00000000c00215f4                ISO9660::~ISO9660()
                0x00000000c002161b                __memmem(unsigned char*, int, unsigned char*, int)
                0x00000000c002165d                readSectorFromCDROM(unsigned int, unsigned char*, char)
                0x00000000c00216c4                ISO9660::tryMount(LogicalDisk*, int)
                0x00000000c0021714                ISO9660::read(void*, unsigned long, void*, int*)
                0x00000000c0021914                ISO9660::readDir(void*, unsigned long, void*, int*)
                0x00000000c0021ba1                readRoot(unsigned int*, unsigned int*, char)
                0x00000000c0021bf6                readRecursively(char*, unsigned int, unsigned int, unsigned int*, unsigned int*, char, int*)
                0x00000000c0021dc9                getFileData(char*, unsigned int*, unsigned int*, char, int*)
                0x00000000c0021e58                ISO9660::open(char const*, void**, FileOpenMode)
                0x00000000c0021f18                ISO9660::exists(char const*)
                0x00000000c0021f3c                ISO9660::stat(char const*, unsigned long long*, bool*)
                0x00000000c0021fd0                ISO9660::openDir(char const*, void**)
                0x00000000c0022088                ISO9660::ISO9660()
                0x00000000c0022088                ISO9660::ISO9660()
 *fill*         0x00000000c00220ab        0x1 
 .text          0x00000000c00220ac      0x326 hal/sound/sndchannel.32
                0x00000000c00220ac                SoundChannel::~SoundChannel()
                0x00000000c00220ac                SoundChannel::~SoundChannel()
                0x00000000c00220c8                SoundChannel::setSpeed(float)
                0x00000000c00220d4                SoundChannel::getSpeed()
                0x00000000c00220dc                SoundChannel::setVolume(int)
                0x00000000c00220f8                SoundChannel::getVolume()
                0x00000000c0022100                SoundChannel::pause()
                0x00000000c002210a                SoundChannel::SoundChannel(int, int, int, int)
                0x00000000c002210a                SoundChannel::SoundChannel(int, int, int, int)
                0x00000000c0022260                SoundChannel::play()
                0x00000000c002226a                SoundChannel::paused()
                0x00000000c0022272                SoundChannel::getSampleRate()
                0x00000000c002227a                SoundChannel::getBits()
                0x00000000c0022282                SoundChannel::getBufferUsed()
                0x00000000c002228a                SoundChannel::getBufferSize()
                0x00000000c0022292                SoundChannel::unbuffer(float*, int, int)
                0x00000000c0022332                SoundChannel::buffer8(unsigned char*, int)
 .text          0x00000000c00223d2      0x3d5 hal/sound/sndhw.32
                0x00000000c00223d2                SoundDevice::SoundDevice(char const*)
                0x00000000c00223d2                SoundDevice::SoundDevice(char const*)
                0x00000000c002243e                SoundDevice::~SoundDevice()
                0x00000000c002243e                SoundDevice::~SoundDevice()
                0x00000000c00224b8                SoundDevice::~SoundDevice()
                0x00000000c00224e2                SoundDevice::getFreeChannelNum()
                0x00000000c00224fc                SoundDevice::addChannel(SoundChannel*)
                0x00000000c002256c                SoundDevice::removeChannel(int)
                0x00000000c002259e                SoundDevice::floatTo8(float*, unsigned char*, int)
                0x00000000c0022686                SoundDevice::getAudio(int, float*, float*)
 .text          0x00000000c00227a7        0x0 hw/bus/isa.32
 *fill*         0x00000000c00227a7        0x1 
 .text          0x00000000c00227a8      0x6c3 hw/bus/pci.32
                0x00000000c00227a8                PCI::open(int, int, void*)
                0x00000000c00227bc                PCI::close(int, int, void*)
                0x00000000c00227c0                PCI::PCI()
                0x00000000c00227c0                PCI::PCI()
                0x00000000c0022840                PCI::pciReadWord(unsigned char, unsigned char, unsigned char, unsigned char)
                0x00000000c0022888                PCI::getVendorID(unsigned char, unsigned char, unsigned char)
                0x00000000c00228aa                PCI::getHeaderType(unsigned char, unsigned char, unsigned char)
                0x00000000c00228ce                PCI::getClassCode(unsigned char, unsigned char, unsigned char)
                0x00000000c0022912                PCI::getProgIF(unsigned char, unsigned char, unsigned char)
                0x00000000c0022936                PCI::getRevisionID(unsigned char, unsigned char, unsigned char)
                0x00000000c0022958                PCI::getInterruptNumber(unsigned char, unsigned char, unsigned char)
                0x00000000c002297a                PCI::getSecondaryBus(unsigned char, unsigned char, unsigned char)
                0x00000000c002299e                PCI::getBARAddress(unsigned char, unsigned char, unsigned char, unsigned char)
                0x00000000c00229fe                PCI::pciWriteWord(unsigned char, unsigned char, unsigned char, unsigned char, unsigned short)
                0x00000000c0022a6a                PCI::checkBus(unsigned char)
                0x00000000c0022a8e                PCI::foundDevice(PCIDeviceInfo)
                0x00000000c0022c00                PCI::getDeviceData(unsigned char, unsigned char, unsigned char)
                0x00000000c0022dac                PCI::checkDevice(unsigned char, unsigned char)
                0x00000000c0022e18                PCI::detect()
 *fill*         0x00000000c0022e6b        0x1 
 .text          0x00000000c0022e6c      0xc70 hw/diskctrl/ide.32
                0x00000000c0022e6c                IDE::close(int, int, void*)
                0x00000000c0022e70                IDE::IDE()
                0x00000000c0022e70                IDE::IDE()
                0x00000000c0022ea4                IDE::prepareInterrupt(unsigned char)
                0x00000000c0022eb6                selectDrive(unsigned char, unsigned char)
                0x00000000c0022eb8                IDE::getBase(unsigned char)
                0x00000000c0022eca                IDE::write(unsigned char, unsigned char, unsigned char)
                0x00000000c0022f8a                IDE::read(unsigned char, unsigned char)
                0x00000000c0023038                IDE::waitInterrupt(unsigned char)
                0x00000000c002309e                ideChannel0IRQHandler(regs*, void*)
                0x00000000c00230ba                ideChannel1IRQHandler(regs*, void*)
                0x00000000c00230d6                IDE::enableIRQs(unsigned char, bool)
                0x00000000c002311c                IDE::open(int, int, void*)
                0x00000000c002352c                IDE::readBuffer(unsigned char, unsigned char, unsigned int, unsigned int)
                0x00000000c00235f8                IDE::detect()
                0x00000000c00238e0                IDE::printError(unsigned char, unsigned char, unsigned char)
                0x00000000c0023a76                IDE::polling(unsigned char, unsigned int)
 .text          0x00000000c0023adc      0x390 hw/diskctrl/satabus.32
                0x00000000c0023adc                SATABus::close(int, int, void*)
                0x00000000c0023ae0                SATABus::detect()
                0x00000000c0023ae2                SATABus::SATABus()
                0x00000000c0023ae2                SATABus::SATABus()
                0x00000000c0023b8e                SATABus::findCmdslot(SATABus::tagHBA_PORT volatile*)
                0x00000000c0023bd6                SATABus::checkType(SATABus::tagHBA_PORT volatile*)
                0x00000000c0023c1e                SATABus::startCmd(SATABus::tagHBA_PORT volatile*)
                0x00000000c0023c3e                SATABus::stopCmd(SATABus::tagHBA_PORT volatile*)
                0x00000000c0023c68                SATABus::portRebase(SATABus::tagHBA_PORT volatile*, int)
                0x00000000c0023d6e                SATABus::probePort(SATABus::tagHBA_MEM volatile*)
                0x00000000c0023e4c                SATABus::open(int, int, void*)
 .text          0x00000000c0023e6c      0x63c hw/diskphys/ata.32
                0x00000000c0023e6c                ATA::close(int, int, void*)
                0x00000000c0023e90                ATA::powerSaving(PowerSavingLevel)
                0x00000000c0023e92                ATA::ATA()
                0x00000000c0023e92                ATA::ATA()
                0x00000000c0023ec0                ATA::flush(bool)
                0x00000000c0023f0a                ATA::readyForCommand()
                0x00000000c0023f5a                ATA::access(unsigned long long, int, void*, bool)
                0x00000000c00242e2                ATA::read(unsigned long long, int, void*)
                0x00000000c002434a                ATA::write(unsigned long long, int, void*)
                0x00000000c00243b2                ATA::detectCHS()
                0x00000000c00243dc                ATA::open(int, int, void*)
 .text          0x00000000c00244a8      0x5bd hw/diskphys/atapi.32
                0x00000000c00244a8                ATAPI::write(unsigned long long, int, void*)
                0x00000000c00244ae                ATAPI::close(int, int, void*)
                0x00000000c00244d2                ATAPI::ATAPI()
                0x00000000c00244d2                ATAPI::ATAPI()
                0x00000000c0024500                ATAPI::readyForCommand()
                0x00000000c0024550                ATAPI::sendPacket(unsigned char*, int, bool, unsigned short*, int)
                0x00000000c0024810                ATAPI::diskRemoved()
                0x00000000c002482c                ATAPI::eject()
                0x00000000c0024874                ATAPI::diskInserted()
                0x00000000c00248a2                ATAPI::detectMedia()
                0x00000000c002495e                ATAPI::open(int, int, void*)
                0x00000000c00249e6                ATAPI::read(unsigned long long, int, void*)
 *fill*         0x00000000c0024a65        0x1 
 .text          0x00000000c0024a66      0x455 hw/diskphys/sata.32
                0x00000000c0024a66                SATA::close(int, int, void*)
                0x00000000c0024a8a                SATA::powerSaving(PowerSavingLevel)
                0x00000000c0024a8c                SATA::open(int, int, void*)
                0x00000000c0024b3a                SATA::SATA()
                0x00000000c0024b3a                SATA::SATA()
                0x00000000c0024b68                SATA::access(unsigned long long, int, void*, bool)
                0x00000000c0024dce                SATA::read(unsigned long long, int, void*)
                0x00000000c0024e36                SATA::write(unsigned long long, int, void*)
 *fill*         0x00000000c0024ebb        0x1 
 .text          0x00000000c0024ebc      0x500 hw/diskphys/satapi.32
                0x00000000c0024ebc                SATAPI::write(unsigned long long, int, void*)
                0x00000000c0024ec2                SATAPI::close(int, int, void*)
                0x00000000c0024ee6                SATAPI::SATAPI()
                0x00000000c0024ee6                SATAPI::SATAPI()
                0x00000000c0024f14                SATAPI::diskRemoved()
                0x00000000c0024f30                SATAPI::diskInserted()
                0x00000000c0024f5e                SATAPI::sendPacket(unsigned char*, int, unsigned long long, unsigned short*, int)
                0x00000000c0025162                SATAPI::eject()
                0x00000000c00251aa                SATAPI::detectMedia()
                0x00000000c002526c                SATAPI::open(int, int, void*)
                0x00000000c002531a                SATAPI::read(unsigned long long, int, void*)
 .text          0x00000000c00253bc       0x8e hw/fpu/avx.32
                0x00000000c00253bc                AVX::open(int, int, void*)
                0x00000000c00253ce                AVX::close(int, int, void*)
                0x00000000c00253e0                AVX::available()
                0x00000000c00253f2                AVX::save(void*)
                0x00000000c002540a                AVX::load(void*)
                0x00000000c0025422                AVX::AVX()
                0x00000000c0025422                AVX::AVX()
 .text          0x00000000c002544a       0x90 hw/fpu/mmx.32
                0x00000000c002544a                MMX::available()
                0x00000000c002545e                MMX::open(int, int, void*)
                0x00000000c0025470                MMX::close(int, int, void*)
                0x00000000c0025482                MMX::save(void*)
                0x00000000c002549a                MMX::load(void*)
                0x00000000c00254b2                MMX::MMX()
                0x00000000c00254b2                MMX::MMX()
 .text          0x00000000c00254da       0x96 hw/fpu/sse.32
                0x00000000c00254da                SSE::open(int, int, void*)
                0x00000000c00254ec                SSE::close(int, int, void*)
                0x00000000c00254fe                SSE::available()
                0x00000000c0025518                SSE::save(void*)
                0x00000000c0025530                SSE::load(void*)
                0x00000000c0025548                SSE::SSE()
                0x00000000c0025548                SSE::SSE()
 .text          0x00000000c0025570       0x8e hw/fpu/x87.32
                0x00000000c0025570                x87::open(int, int, void*)
                0x00000000c0025582                x87::close(int, int, void*)
                0x00000000c0025594                x87::available()
                0x00000000c00255a6                x87::save(void*)
                0x00000000c00255be                x87::load(void*)
                0x00000000c00255d6                x87::x87()
                0x00000000c00255d6                x87::x87()
 .text          0x00000000c00255fe      0x71e hw/intctrl/apic.32
                0x00000000c00255fe                APIC::disable()
                0x00000000c0025600                APIC::close(int, int, void*)
                0x00000000c0025622                IOAPIC::close(int, int, void*)
                0x00000000c0025628                APIC::io_wait()
                0x00000000c002562e                APIC::getBase()
                0x00000000c0025670                APIC::eoi(unsigned char)
                0x00000000c002569e                APIC::open(int, int, void*)
                0x00000000c00257ec                IOAPIC::IOAPIC()
                0x00000000c00257ec                IOAPIC::IOAPIC()
                0x00000000c0025814                APIC::APIC()
                0x00000000c0025814                APIC::APIC()
                0x00000000c00258f0                IOAPIC::handlesGSIWithNumber(unsigned int)
                0x00000000c0025922                IOAPIC::read(int)
                0x00000000c002594a                IOAPIC::open(int, int, void*)
                0x00000000c0025a40                IOAPIC::write(int, int)
                0x00000000c0025a6c                IOAPIC::redirect(unsigned char, unsigned long long, unsigned char, bool, bool)
                0x00000000c0025b66                APIC::installIRQHandler(int, void (*)(regs*, void*), bool, void*)
 .text          0x00000000c0025d1c      0x3d3 hw/intctrl/pic.32
                0x00000000c0025d1c                PIC::disable()
                0x00000000c0025d4a                PIC::close(int, int, void*)
                0x00000000c0025d6c                PIC::PIC()
                0x00000000c0025d6c                PIC::PIC()
                0x00000000c0025e42                PIC::ioWait()
                0x00000000c0025e48                PIC::getIRQReg(int)
                0x00000000c0025eb2                PIC::eoi(unsigned char)
                0x00000000c0025f44                PIC::remap()
                0x00000000c00260b0                PIC::open(int, int, void*)
 *fill*         0x00000000c00260ef        0x1 
 .text          0x00000000c00260f0      0x25e hw/timer/apictimer.32
                0x00000000c00260f0                APICTimer::close(int, int, void*)
                0x00000000c00260f6                apicTimerHandler(regs*, void*)
                0x00000000c0026124                APICTimer::write(int)
                0x00000000c0026228                APICTimer::open(int, int, void*)
                0x00000000c0026326                APICTimer::APICTimer()
                0x00000000c0026326                APICTimer::APICTimer()
 .text          0x00000000c002634e      0x1a7 hw/timer/pit.32
                0x00000000c002634e                PIT::write(int)
                0x00000000c00263cc                pitHandler(regs*, void*)
                0x00000000c00263f8                PIT::open(int, int, void*)
                0x00000000c0026446                PIT::close(int, int, void*)
                0x00000000c0026476                PIT::PIT()
                0x00000000c0026476                PIT::PIT()
 *fill*         0x00000000c00264f5        0xb 
 .text          0x00000000c0026500       0x1e hw/fpu/x86/avx.32
                0x00000000c0026500                avxDetect
                0x00000000c0026506                avxSave
                0x00000000c0026507                avxLoad
                0x00000000c0026508                avxInit
                0x00000000c0026509                avxClose
                0x00000000c002650a                wouldSheSayYes
 *fill*         0x00000000c002651e        0x2 
 .text          0x00000000c0026520       0x35 hw/fpu/x86/sse.32
                0x00000000c0026520                absolutelyNoChanceInHell
                0x00000000c0026520                sseDetect
                0x00000000c0026538                sseSave
                0x00000000c002653e                sseLoad
                0x00000000c0026544                sseInit
                0x00000000c0026554                sseClose
 *fill*         0x00000000c0026555        0xb 
 .text          0x00000000c0026560       0x47 hw/fpu/x86/x87.32
                0x00000000c0026566                x87Detect
                0x00000000c0026581                x87Save
                0x00000000c0026587                x87Load
                0x00000000c002658c                x87Init
                0x00000000c00265a6                x87Close
 *fill*         0x00000000c00265a7        0x1 
 .text          0x00000000c00265a8       0x25 /cygdrive/d/Users/Alex/Desktop/Toolchain/Output/bin/../lib/gcc/i386-banana/8.1.0/crtend.o
 .text          0x00000000c00265cd        0x0 crtn.32
 *fill*         0x00000000c00265cd        0x3 
 .text          0x00000000c00265d0      0x14b /cygdrive/d/Users/Alex/Desktop/Toolchain/Output/bin/../lib/gcc/i386-banana/8.1.0/libkgcc.a(_divdi3.o)
                0x00000000c00265d0                __divdi3
 *fill*         0x00000000c002671b        0x1 
 .text          0x00000000c002671c      0x17e /cygdrive/d/Users/Alex/Desktop/Toolchain/Output/bin/../lib/gcc/i386-banana/8.1.0/libkgcc.a(_moddi3.o)
                0x00000000c002671c                __moddi3
 *fill*         0x00000000c002689a        0x2 
 .text          0x00000000c002689c       0xff /cygdrive/d/Users/Alex/Desktop/Toolchain/Output/bin/../lib/gcc/i386-banana/8.1.0/libkgcc.a(_udivdi3.o)
                0x00000000c002689c                __udivdi3
 *fill*         0x00000000c002699b        0x1 
 .text          0x00000000c002699c      0x11a /cygdrive/d/Users/Alex/Desktop/Toolchain/Output/bin/../lib/gcc/i386-banana/8.1.0/libkgcc.a(_umoddi3.o)
                0x00000000c002699c                __umoddi3
 .text          0x00000000c0026ab6      0x96d D:/Users/Alex/Desktop/Banana/kernel/libsoftfp.a(sfieeelib.o)
                0x00000000c0026ab6                __addsf3
                0x00000000c0026db8                __subsf3
                0x00000000c0026dcc                __negsf2
                0x00000000c0026dd9                __mulsf3
                0x00000000c0026f9c                __divsf3
                0x00000000c00271c7                __floatsisf
                0x00000000c002723b                __floatunsisf
                0x00000000c002727d                __fixsfsi
                0x00000000c00272df                __fixunssfsi
                0x00000000c0027310                __cmpsf2
                0x00000000c00273a5                __eqsf2
                0x00000000c00273e0                __nesf2