Archive member included to satisfy reference by file (symbol)

/cygdrive/d/Users/Alex/Desktop/Toolchain/Output/bin/../lib/gcc/i386-banana/8.1.0/libkgcc.a(_divdi3.o)
                              krnl/resolve.32 (__divdi3)
/cygdrive/d/Users/Alex/Desktop/Toolchain/Output/bin/../lib/gcc/i386-banana/8.1.0/libkgcc.a(_moddi3.o)
                              krnl/resolve.32 (__moddi3)
/cygdrive/d/Users/Alex/Desktop/Toolchain/Output/bin/../lib/gcc/i386-banana/8.1.0/libkgcc.a(_udivdi3.o)
                              hal/clock.32 (__udivdi3)
/cygdrive/d/Users/Alex/Desktop/Toolchain/Output/bin/../lib/gcc/i386-banana/8.1.0/libkgcc.a(_umoddi3.o)
                              core/pipe.32 (__umoddi3)

Allocating common symbols
Common symbol       size              file

dcache              0x40              fs/iso9660/iso9660.32
cdDriveLetter       0x1               fs/iso9660/iso9660.32
icache              0x40              fs/iso9660/iso9660.32

Discarded input sections

 .comment       0x0000000000000000       0x12 /cygdrive/d/Users/Alex/Desktop/Toolchain/Output/bin/../lib/gcc/i386-banana/8.1.0/crtbegin.o
 .comment       0x0000000000000000       0x12 acpica/utclib.32
 .comment       0x0000000000000000       0x12 core/malloc.32
 .comment       0x0000000000000000       0x12 libk/ctype.32
 .comment       0x0000000000000000       0x12 libk/string.32
 .comment       0x0000000000000000       0x12 fs/fat/diskio.32
 .comment       0x0000000000000000       0x12 fs/fat/ff.32
 .comment       0x0000000000000000       0x12 fs/fat/ffsystem.32
 .comment       0x0000000000000000       0x12 fs/fat/ffunicode.32
 .comment       0x0000000000000000       0x12 fs/iso9660/iso9660.32
 .group         0x0000000000000000       0x14 core/computer.32
 .group         0x0000000000000000        0xc core/computer.32
 .comment       0x0000000000000000       0x12 core/computer.32
 .comment       0x0000000000000000       0x12 core/gdt.32
 .group         0x0000000000000000        0xc core/idle.32
 .comment       0x0000000000000000       0x12 core/idle.32
 .comment       0x0000000000000000       0x12 core/idt.32
 .comment       0x0000000000000000       0x12 core/kheap.32
 .comment       0x0000000000000000       0x12 core/main.32
 .comment       0x0000000000000000       0x12 core/physmgr.32
 .group         0x0000000000000000        0xc core/pipe.32
 .comment       0x0000000000000000       0x12 core/pipe.32
 .group         0x0000000000000000        0xc core/terminal.32
 .comment       0x0000000000000000       0x12 core/terminal.32
 .comment       0x0000000000000000       0x12 core/tss.32
 .group         0x0000000000000000        0xc core/unixfile.32
 .group         0x0000000000000000        0xc core/unixfile.32
 .group         0x0000000000000000        0xc core/unixfile.32
 .group         0x0000000000000000        0xc core/unixfile.32
 .group         0x0000000000000000        0xc core/unixfile.32
 .group         0x0000000000000000        0xc core/unixfile.32
 .group         0x0000000000000000        0xc core/unixfile.32
 .group         0x0000000000000000        0xc core/unixfile.32
 .comment       0x0000000000000000       0x12 core/unixfile.32
 .comment       0x0000000000000000       0x12 core/virtmgr.32
 .comment       0x0000000000000000       0x12 coreobjs/c++.32
 .comment       0x0000000000000000       0x12 dbg/kconsole.32
 .comment       0x0000000000000000       0x12 dbg/usban.32
 .group         0x0000000000000000        0xc fs/vfs.32
 .group         0x0000000000000000        0xc fs/vfs.32
 .group         0x0000000000000000        0xc fs/vfs.32
 .comment       0x0000000000000000       0x12 fs/vfs.32
 .group         0x0000000000000000        0xc hal/bus.32
 .comment       0x0000000000000000       0x12 hal/bus.32
 .comment       0x0000000000000000       0x12 hal/buzzer.32
 .group         0x0000000000000000        0xc hal/clock.32
 .comment       0x0000000000000000       0x12 hal/clock.32
 .group         0x0000000000000000       0x14 hal/device.32
 .group         0x0000000000000000        0xc hal/device.32
 .group         0x0000000000000000        0xc hal/device.32
 .group         0x0000000000000000        0xc hal/device.32
 .group         0x0000000000000000        0xc hal/device.32
 .comment       0x0000000000000000       0x12 hal/device.32
 .group         0x0000000000000000        0xc hal/diskctrl.32
 .comment       0x0000000000000000       0x12 hal/diskctrl.32
 .group         0x0000000000000000        0xc hal/diskphys.32
 .comment       0x0000000000000000       0x12 hal/diskphys.32
 .comment       0x0000000000000000       0x12 hal/fpu.32
 .comment       0x0000000000000000       0x12 hal/intctrl.32
 .group         0x0000000000000000        0xc hal/keybrd.32
 .comment       0x0000000000000000       0x12 hal/keybrd.32
 .group         0x0000000000000000        0xc hal/logidisk.32
 .comment       0x0000000000000000       0x12 hal/logidisk.32
 .group         0x0000000000000000        0xc hal/mouse.32
[...]
Memory Configuration

Name             Origin             Length             Attributes
*default*        0x0000000000000000 0xffffffffffffffff

Linker script and memory map

LOAD D:/Users/Alex/Desktop/Banana/kernel/boot.32
LOAD crti.32
LOAD /cygdrive/d/Users/Alex/Desktop/Toolchain/Output/bin/../lib/gcc/i386-banana/8.1.0/crtbegin.o
LOAD D:/Users/Alex/Desktop/Banana/kernel/morenasm.32
LOAD acpica/utclib.32
LOAD core/malloc.32
LOAD libk/ctype.32
LOAD libk/string.32
LOAD fs/fat/diskio.32
LOAD fs/fat/ff.32
LOAD fs/fat/ffsystem.32
LOAD fs/fat/ffunicode.32
LOAD fs/iso9660/iso9660.32
LOAD core/computer.32
LOAD core/gdt.32
LOAD core/idle.32
LOAD core/idt.32
LOAD core/kheap.32
LOAD core/main.32
LOAD core/physmgr.32
LOAD core/pipe.32
LOAD core/terminal.32
LOAD core/tss.32
LOAD core/unixfile.32
LOAD core/virtmgr.32
LOAD coreobjs/c++.32
LOAD dbg/kconsole.32
LOAD dbg/usban.32
LOAD fs/vfs.32
LOAD hal/bus.32
LOAD hal/buzzer.32
LOAD hal/clock.32
LOAD hal/device.32
LOAD hal/diskctrl.32
LOAD hal/diskphys.32
LOAD hal/fpu.32
LOAD hal/intctrl.32
LOAD hal/keybrd.32
LOAD hal/logidisk.32
LOAD hal/mouse.32
LOAD hal/nic.32
LOAD hal/partition.32
LOAD hal/serial.32
LOAD hal/timer.32
LOAD hal/vcache.32
LOAD hal/video.32
LOAD hw/acpi.32
LOAD hw/cpu.32
LOAD krnl/bootmsg.32
LOAD krnl/env.32
LOAD krnl/inlines.32
LOAD krnl/panic.32
LOAD krnl/powctrl.32
LOAD krnl/random.32
LOAD krnl/resolve.32
LOAD krnl/signal.32
LOAD krnl/syscalls.32
LOAD net/ethernet.32
LOAD reg/cm.32
LOAD reg/registry.32
LOAD sys/eject.32
LOAD sys/exit.32
LOAD sys/getcwd.32
LOAD sys/getpid.32
LOAD sys/getramdata.32
LOAD sys/getvgaptr.32
LOAD sys/kill.32
LOAD sys/loaddll.32
LOAD sys/read.32
LOAD sys/registersignal.32
LOAD sys/registry.32
LOAD sys/sbrk.32
LOAD sys/setcwd.32
LOAD sys/settime.32
LOAD sys/timezone.32
LOAD sys/write.32
LOAD sys/wsbe.32
LOAD sys/yield.32
LOAD thr/elf.32
LOAD thr/prcssthr.32
LOAD vm86/vm8086.32
LOAD arch/i386/hal.32
LOAD arch/i386/pic.32
LOAD arch/i386/rtc.32
LOAD arch/i386/vga.32
LOAD fs/fat/vfslink.32
LOAD fs/iso9660/helper.32
LOAD fs/iso9660/vfslink.32
LOAD hal/sound/sndcard.32
LOAD hal/sound/sndport.32
LOAD hw/bus/isa.32
LOAD hw/bus/pci.32
LOAD hw/diskctrl/ide.32
LOAD hw/diskctrl/satabus.32
LOAD hw/diskphys/ata.32
LOAD hw/diskphys/atapi.32
LOAD hw/diskphys/sata.32
LOAD hw/diskphys/satapi.32
LOAD hw/intctrl/apic.32
LOAD hw/timer/apictimer.32
LOAD hw/timer/pit.32
LOAD arch/i386/avx.32
LOAD arch/i386/interrupt.32
LOAD arch/i386/rdrand.32
LOAD arch/i386/sse.32
LOAD arch/i386/x87.32
LOAD /cygdrive/d/Users/Alex/Desktop/Toolchain/Output/bin/../lib/gcc/i386-banana/8.1.0/crtend.o
LOAD crtn.32
LOAD /cygdrive/d/Users/Alex/Desktop/Toolchain/Output/bin/../lib/gcc/i386-banana/8.1.0/libkgcc.a
LOAD D:/Users/Alex/Desktop/Banana/kernel/libsoftfp.a
LOAD D:/Users/Alex/Desktop/Banana/kernel/libk/libm32.a
                0x00000000c0000000                . = 0xc0000000

.text           0x00000000c0000000    0x70b5a
 *(.text)
 .text          0x00000000c0000000       0x20 D:/Users/Alex/Desktop/Banana/kernel/boot.32
 .text          0x00000000c0000020        0x0 crti.32
 .text          0x00000000c0000020      0x101 /cygdrive/d/Users/Alex/Desktop/Toolchain/Output/bin/../lib/gcc/i386-banana/8.1.0/crtbegin.o
 *fill*         0x00000000c0000121        0xf 
 .text          0x00000000c0000130      0x24f D:/Users/Alex/Desktop/Banana/kernel/morenasm.32
                0x00000000c0000130                manualPCIProbe
                0x00000000c000017b                prepareTramp
                0x00000000c0000194                doTPAUSE
                0x00000000c000019e                hasLegacyFPU
                0x00000000c00001c3                is486
                0x00000000c00001f9                detectCPUID
                0x00000000c000020f                goToVM86
                0x00000000c000023f                goToUsermode
                0x00000000c0000269                switchToThreadASMFirstTime
                0x00000000c0000277                switchToThreadASM
                0x00000000c00002fc                asmQuickAcquireLock
                0x00000000c000031a                asmQuickReleaseLock
                0x00000000c0000326                asmAcquireLock
                0x00000000c0000347                asmReleaseLock
                0x00000000c000035a                loadGDT
                0x00000000c000037a                memcpy
 *fill*         0x00000000c000037f        0x1 
 .text          0x00000000c0000380     0x1d37 acpica/utclib.32
                0x00000000c0000380                memcmp
                0x00000000c0000520                memmove
                0x00000000c00007a0                memset
                0x00000000c0000830                strlen
                0x00000000c00008d0                strpbrk
                0x00000000c0000a50                strtok
                0x00000000c0000b70                strcpy
                0x00000000c0000cb0                strncpy
                0x00000000c0000ff0                strcmp
                0x00000000c0001190                strchr
                0x00000000c0001240                strncmp
                0x00000000c0001430                strcat
                0x00000000c0001590                strncat
                0x00000000c0001770                strstr
                0x00000000c0001800                toupper
                0x00000000c0001890                tolower
                0x00000000c0001920                simple_strtoul
 .text          0x00000000c00020b7     0x4f41 core/malloc.32
                0x00000000c0002bae                dlfree
                0x00000000c0003b72                dlmalloc
                0x00000000c00056d7                dlrealloc
                0x00000000c0006202                dlmemalign
                0x00000000c00066d2                dlcalloc
                0x00000000c00069c0                dlcfree
                0x00000000c00069c5                dlindependent_calloc
                0x00000000c00069ea                dlindependent_comalloc
                0x00000000c0006a01                dlvalloc
                0x00000000c0006a2c                dlpvalloc
                0x00000000c0006a62                dlmalloc_trim
                0x00000000c0006a75                dlmalloc_usable_size
                0x00000000c0006b9d                dlmallinfo
                0x00000000c0006f58                dlmalloc_stats
                0x00000000c0006f6c                dlmallopt
 .text          0x00000000c0006ff8      0x1f2 libk/ctype.32
                0x00000000c0006ff8                isblank
                0x00000000c0007018                iscntrl
                0x00000000c0007038                isdigit
                0x00000000c0007054                islower
                0x00000000c0007070                isspace
                0x00000000c0007098                isupper
                0x00000000c00070b4                isalpha
                0x00000000c00070e4                isalnum
                0x00000000c0007114                ispunct
                0x00000000c0007154                isgraph
                0x00000000c0007184                isprint
                0x00000000c00071ac                isxdigit
 .text          0x00000000c00071ea        0x0 libk/string.32
 .text          0x00000000c00071ea      0x1c8 fs/fat/diskio.32
                0x00000000c00071ea                disk_status
                0x00000000c00071ed                disk_initialize
                0x00000000c00071f0                disk_read
                0x00000000c000728b                disk_write
                0x00000000c0007326                disk_ioctl
 .text          0x00000000c00073b2     0xc2a5 fs/fat/ff.32
                0x00000000c000dbe3                f_mount
                0x00000000c000dd5d                f_open
                0x00000000c000e4f6                f_read
                0x00000000c000ee43                f_write
                0x00000000c000f954                f_sync
                0x00000000c000fca6                f_close
                0x00000000c000fd0f                f_lseek
                0x00000000c0010515                f_opendir
                0x00000000c0010721                f_closedir
                0x00000000c001077d                f_readdir
                0x00000000c0010865                f_stat
                0x00000000c0010919                f_getfree
                0x00000000c0010cd6                f_truncate
                0x00000000c00110a3                f_unlink
                0x00000000c00111f0                f_mkdir
                0x00000000c0011623                f_rename
                0x00000000c0011946                f_chmod
                0x00000000c0011a9e                f_utime
                0x00000000c0011c3c                f_getlabel
                0x00000000c0011f6e                f_setlabel
                0x00000000c00122dd                f_expand
                0x00000000c0012745                f_mkfs
 *fill*         0x00000000c0013657        0x1 
 .text          0x00000000c0013658       0x2f fs/fat/ffsystem.32
                0x00000000c0013658                ff_memalloc
                0x00000000c0013670                ff_memfree
 *fill*         0x00000000c0013687        0x1 
 .text          0x00000000c0013688      0x4ea fs/fat/ffunicode.32
                0x00000000c0013688                ff_uni2oem
                0x00000000c0013790                ff_oem2uni
                0x00000000c001386c                ff_wtoupper
 .text          0x00000000c0013b72     0x4b94 fs/iso9660/iso9660.32
                0x00000000c00148a6                isoReadDiscSector
                0x00000000c0014aaf                strnicmp
                0x00000000c00151b6                stricmp
                0x00000000c0015286                iso_open
                0x00000000c0015605                iso_close
                0x00000000c0015693                iso_read
                0x00000000c0015e6b                iso_seek
                0x00000000c00164af                iso_tell
                0x00000000c0016650                iso_total
                0x00000000c00167ed                fn_postprocess
                0x00000000c0016877                iso_readdir
                0x00000000c0017fa4                iso_reset
                0x00000000c0017fc1                init_percd
                0x00000000c0018393                iso_ioctl
                0x00000000c00183ab                fs_iso9660_init
                0x00000000c00185de                fs_iso9660_shutdown
 *fill*         0x00000000c0018706        0x2 
 .text          0x00000000c0018708     0x1cd6 core/computer.32
                0x00000000c0018708                Computer::close(int, int, void*)
                0x00000000c00188c4                Krnl::firstTask()
                0x00000000c0018c10                Computer::Computer()
                0x00000000c0018c10                Computer::Computer()
                0x00000000c00190e0                Computer::setBootMessage(char const*)
                0x00000000c00190e4                Computer::detectFeatures()
                0x00000000c0019b28                Computer::displayFeatures()
                0x00000000c0019b2c                Computer::rdmsr(unsigned int)
                0x00000000c0019ba4                Computer::wrmsr(unsigned int, unsigned long long)
                0x00000000c0019c24                Computer::shutdown()
                0x00000000c0019cbc                Computer::restart()
                0x00000000c0019d54                Computer::sleep()
                0x00000000c0019dd4                Computer::nmiEnabled()
                0x00000000c0019e18                Computer::readCMOS(unsigned char)
                0x00000000c0019e78                Computer::enableNMI(bool)
                0x00000000c0019f14                Computer::open(int, int, void*)
                0x00000000c001a2c8                Computer::disableNMI()
                0x00000000c001a300                Computer::writeCMOS(unsigned char, unsigned char)
                0x00000000c001a368                Computer::handleNMI()
 .text          0x00000000c001a3de      0x50f core/gdt.32
                0x00000000c001a3de                GDTEntry::setBase(unsigned int)
                0x00000000c001a46e                GDTEntry::setLimit(unsigned int)
                0x00000000c001a4dc                GDT::GDT()
                0x00000000c001a4dc                GDT::GDT()
                0x00000000c001a562                GDT::addEntry(GDTEntry)
                0x00000000c001a63e                GDT::getNumberOfEntries()
                0x00000000c001a666                GDT::flush()
                0x00000000c001a6d4                GDT::setup()
 .text          0x00000000c001a8ed       0x38 core/idle.32
                0x00000000c001a8ed                idleFunction(void*)
 *fill*         0x00000000c001a925        0x3 
 .text          0x00000000c001a928      0xcf0 core/idt.32
                0x00000000c001a928                IDTEntry::IDTEntry(bool)
                0x00000000c001a928                IDTEntry::IDTEntry(bool)
                0x00000000c001ab94                IDTEntry::setOffset(unsigned int)
                0x00000000c001abf8                IDT::IDT()
                0x00000000c001abf8                IDT::IDT()
                0x00000000c001ac2a                IDT::getPointerToInvalidOpcodeEntryForF00F()
                0x00000000c001ac6a                IDT::addEntry(IDTEntry, int)
                0x00000000c001acd0                IDT::addEntry(int, void (*)(), bool)
                0x00000000c001ad2c                IDT::flush()
                0x00000000c001ad6a                IDT::setup()
 .text          0x00000000c001b618      0x2a5 core/kheap.32
                0x00000000c001b618                sbrk
                0x00000000c001b734                mmap
                0x00000000c001b74a                munmap
                0x00000000c001b760                liballoc_lock()
                0x00000000c001b79a                liballoc_unlock()
                0x00000000c001b7d8                liballoc_alloc(int)
                0x00000000c001b812                liballoc_free(void*, int)
                0x00000000c001b84f                realloc
                0x00000000c001b863                malloc
                0x00000000c001b873                free
                0x00000000c001b883                rfree
                0x00000000c001b893                calloc
 .text          0x00000000c001b8bd      0x134 core/main.32
                0x00000000c001b8bd                KeEntryPoint
 .text          0x00000000c001b9f1      0xd3a core/physmgr.32
                0x00000000c001b9f1                Phys::allocateDMA(unsigned long)
                0x00000000c001bcdf                Phys::freeDMA(unsigned long, unsigned long)
                0x00000000c001bd95                Phys::setPageState(unsigned long, bool)
                0x00000000c001bed2                Phys::getPageState(unsigned long)
                0x00000000c001bf31                Phys::freePage(unsigned long)
                0x00000000c001bfbf                Phys::allocatePage()
                0x00000000c001c187                Phys::allocateContiguousPages(int)
                0x00000000c001c276                Phys::allowSegmentToBeUsed(unsigned long, unsigned long)
                0x00000000c001c2b8                Phys::physicalMemorySetup(unsigned int)
 *fill*         0x00000000c001c72b        0x1 
 .text          0x00000000c001c72c      0xaa5 core/pipe.32
                0x00000000c001c72c                Pipe::isAtty()
                0x00000000c001c730                Pipe::~Pipe()
                0x00000000c001c730                Pipe::~Pipe()
                0x00000000c001c800                Pipe::~Pipe()
                0x00000000c001c828                Pipe::write(unsigned long long, void*, int*)
                0x00000000c001cb90                Pipe::read(unsigned long long, void*, int*)
                0x00000000c001cf6a                Pipe::Pipe(int)
                0x00000000c001cf6a                Pipe::Pipe(int)
 *fill*         0x00000000c001d1d1        0x1 
 .text          0x00000000c001d1d2     0x3031 core/terminal.32
                0x00000000c001d1d2                VgaText::isAtty()
                0x00000000c001d1d6                VgaText::~VgaText()
                0x00000000c001d1d6                VgaText::~VgaText()
                0x00000000c001d2a6                VgaText::~VgaText()
                0x00000000c001d2d0                VgaText::read(unsigned long long, void*, int*)
                0x00000000c001d310                setTerminalScrollLock(bool)
                0x00000000c001d311                doTerminalCycle()
                0x00000000c001d312                addToTerminalCycle(VgaText*)
                0x00000000c001d313                scrollTerminalScrollLock(int)
                0x00000000c001d314                VgaText::updateTitle()
                0x00000000c001d316                VgaText::load()
                0x00000000c001d318                VgaText::updateCursor()
                0x00000000c001d364                VgaText::doANSI_SGR(int)
                0x00000000c001d7d8                VgaText::setDefaultBgColour(VgaColour)
                0x00000000c001d850                VgaText::setDefaultFgColour(VgaColour)
                0x00000000c001d8c8                VgaText::setDefaultColours(VgaColour, VgaColour)
                0x00000000c001d926                VgaText::setTitleTextColour(VgaColour)
                0x00000000c001d984                VgaText::setTitleColour(VgaColour)
                0x00000000c001d9e2                VgaText::setTitle(char*)
                0x00000000c001da06                VgaText::combineColours(unsigned char, unsigned char)
                0x00000000c001da1a                VgaText::scrollScreen()
                0x00000000c001dd90                VgaText::combineCharAndColour(char, unsigned char)
                0x00000000c001dda0                VgaText::writeCharacter(char, VgaColour, VgaColour, int, int)
                0x00000000c001dea4                VgaText::getCursorX()
                0x00000000c001dee6                VgaText::getCursorY()
                0x00000000c001df28                VgaText::setCursor(int, int)
                0x00000000c001dfc4                setActiveTerminal(VgaText*)
                0x00000000c001e058                VgaText::clearScreen()
                0x00000000c001e174                VgaText::setCursorX(int)
                0x00000000c001e1c0                VgaText::setCursorY(int)
                0x00000000c001e20c                VgaText::incrementCursor(bool)
                0x00000000c001e40e                VgaText::decrementCursor(bool)
                0x00000000c001e4da                VgaText::putchar(char, VgaColour, VgaColour)
                0x00000000c001e816                VgaText::putchar(char)
                0x00000000c001edf4                VgaText::putx(unsigned int)
                0x00000000c001eea2                VgaText::puts(char const*)
                0x00000000c001ef12                VgaText::write(unsigned long long, void*, int*)
                0x00000000c001f078                VgaText::puts(char const*, VgaColour, VgaColour)
                0x00000000c001f708                VgaText::VgaText(char const*)
                0x00000000c001f708                VgaText::VgaText(char const*)
                0x00000000c001fd96                VgaText::receiveKey(unsigned char)
                0x00000000c0020202                VgaText::doUpdate()
 *fill*         0x00000000c0020203        0x1 
 .text          0x00000000c0020204      0xc60 core/tss.32
                0x00000000c0020204                TSS::TSS()
                0x00000000c0020204                TSS::TSS()
                0x00000000c002028c                TSS::setESP(unsigned long)
                0x00000000c0020330                TSS::flush()
                0x00000000c0020378                TSS::setup(unsigned long, unsigned long)
 .text          0x00000000c0020e64     0x11bd core/unixfile.32
                0x00000000c0020e64                ReservedFilename::read(unsigned long long, void*, int*)
                0x00000000c002112a                ReservedFilename::isAtty()
                0x00000000c0021228                ReservedFilename::write(unsigned long long, void*, int*)
                0x00000000c00214f2                UnixFile::getFileDescriptor()
                0x00000000c0021534                UnixFile::UnixFile(int)
                0x00000000c0021534                UnixFile::UnixFile(int)
                0x00000000c0021a3c                ReservedFilename::ReservedFilename(int)
                0x00000000c0021a3c                ReservedFilename::ReservedFilename(int)
                0x00000000c0021b7c                UnixFile::~UnixFile()
                0x00000000c0021b7c                UnixFile::~UnixFile()
                0x00000000c0021d00                UnixFile::~UnixFile()
                0x00000000c0021d28                ReservedFilename::~ReservedFilename()
                0x00000000c0021d28                ReservedFilename::~ReservedFilename()
                0x00000000c0021e0c                ReservedFilename::~ReservedFilename()
                0x00000000c0021e33                KeGetFileFromDescriptor(int)
 *fill*         0x00000000c0022021        0x1 
 .text          0x00000000c0022022     0x3e21 core/virtmgr.32
                0x00000000c0022022                Virt::setPageState(unsigned long, Virt::VirtPageState)
                0x00000000c0022109                Virt::getPageState(unsigned long)
                0x00000000c00221af                Virt::allocateKernelVirtualPages(int)
                0x00000000c0022321                Virt::freeSwapfilePage(unsigned long)
                0x00000000c00223ac                Virt::swapIDToSector(unsigned long)
                0x00000000c00223c2                Virt::allocateSwapfilePage()
                0x00000000c0022579                Virt::virtualMemorySetup()
                0x00000000c00225dc                Virt::setupPageSwapping(int)
                0x00000000c0022804                VAS::VAS(VAS*)
                0x00000000c0022804                VAS::VAS(VAS*)
                0x00000000c00228de                VAS::getForeignPageTableEntry(bool, unsigned long)
                0x00000000c002292e                VAS::getPageTableEntry(unsigned long)
                0x00000000c002296d                Virt::freeKernelVirtualPages(unsigned long)
                0x00000000c0022c10                VAS::freeAllocatedPages(unsigned long)
                0x00000000c0022c6c                VAS::virtualToPhysical(unsigned long)
                0x00000000c0022cce                VAS::reflagRange(unsigned long, int, unsigned long, unsigned long)
                0x00000000c0022db4                VAS::VAS()
                0x00000000c0022db4                VAS::VAS()
                0x00000000c0022fa0                VAS::setToWriteCombining(unsigned long, int)
                0x00000000c0023094                VAS::mapOtherVASIn(bool, VAS*)
                0x00000000c00231a2                VAS::~VAS()
                0x00000000c00231a2                VAS::~VAS()
                0x00000000c00236a0                VAS::mapPage(unsigned long, unsigned long, int)
                0x00000000c00239d4                VAS::allocatePages(int, int)
                0x00000000c0023d24                VAS::setCPUSpecific(unsigned long)
                0x00000000c0023d5e                VAS::mapRange(unsigned long, unsigned long, int, int)
                0x00000000c0023df0                VAS::mapForeignPage(bool, VAS*, unsigned long, unsigned long, int)
                0x00000000c002404e                VAS::VAS(bool)
                0x00000000c002404e                VAS::VAS(bool)
                0x00000000c0024c70                VAS::evict(unsigned long)
                0x00000000c0024fe2                VAS::tryLoadBackOffDisk(unsigned long)
                0x00000000c002555e                VAS::allocateSharedMemoryWithKernel(unsigned long, unsigned long*)
                0x00000000c0025696                VAS::freeSharedMemoryWithKernel(unsigned long, unsigned long)
                0x00000000c00256c2                VAS::scanForEviction()
                0x00000000c0025b6a                mapVASFirstTime
 .text          0x00000000c0025e43       0x5f coreobjs/c++.32
                0x00000000c0025e43                __cxa_atexit
                0x00000000c0025e46                __cxa_finalize
                0x00000000c0025e47                __stack_chk_fail
                0x00000000c0025e7d                __cxa_pure_virtual
                0x00000000c0025e8e                operator new[](unsigned long)
                0x00000000c0025e93                operator delete(void*, unsigned long)
                0x00000000c0025e98                operator delete[](void*)
                0x00000000c0025e9d                operator delete[](void*, unsigned long)
 .text          0x00000000c0025ea2      0x623 dbg/kconsole.32
                0x00000000c0025ea2                Dbg::stringifyxWithBase(unsigned int, char*, int)
                0x00000000c00260bc                Dbg::logc(char)
                0x00000000c00260dc                Dbg::logs(char*)
                0x00000000c002616b                Dbg::logWriteInt(unsigned int)
                0x00000000c002618b                Dbg::logWriteIntBase(unsigned int, int)
                0x00000000c00261ae                Dbg::kprintf(char const*, ...)
 *fill*         0x00000000c00264c5        0x3 
 .text          0x00000000c00264c8      0x398 dbg/usban.32
                0x00000000c00264c8                KiUbsanPrintDetails(char const*, void*)
                0x00000000c00265f8                __ubsan_handle_type_mismatch_v1
                0x00000000c00266d4                __ubsan_handle_pointer_overflow
                0x00000000c0026700                __ubsan_handle_out_of_bounds
                0x00000000c002672c                __ubsan_handle_add_overflow
                0x00000000c0026758                __ubsan_handle_load_invalid_value
                0x00000000c0026784                __ubsan_handle_divrem_overflow
                0x00000000c00267b0                __ubsan_handle_mul_overflow
                0x00000000c00267dc                __ubsan_handle_sub_overflow
                0x00000000c0026808                __ubsan_handle_shift_out_of_bounds
                0x00000000c0026834                __ubsan_handle_negate_overflow
 .text          0x00000000c0026860     0x7506 fs/vfs.32
                0x00000000c0026860                File::isAtty()
                0x00000000c0026864                Directory::isAtty()
                0x00000000c0026868                Filesystem::getlabel(LogicalDisk*, int, char*, unsigned int*)
                0x00000000c002686e                Filesystem::setlabel(LogicalDisk*, int, char*)
                0x00000000c0026874                Filesystem::allocateSwapfile(char const*, int)
                0x00000000c002687a                File::~File()
                0x00000000c002687a                File::~File()
                0x00000000c002694a                File::~File()
                0x00000000c0026974                Directory::~Directory()
                0x00000000c0026974                Directory::~Directory()
                0x00000000c0026a44                Directory::~Directory()
                0x00000000c0026a6e                Directory::write(unsigned long long, void*, int*)
                0x00000000c0026c1e                File::read(unsigned long long, void*, int*)
                0x00000000c0027074                File::write(unsigned long long, void*, int*)
                0x00000000c00274ca                Directory::read(unsigned long long, void*, int*)
                0x00000000c0027920                Filesystem::Filesystem()
                0x00000000c0027920                Filesystem::Filesystem()
                0x00000000c00279f8                Filesystem::~Filesystem()
                0x00000000c00279f8                Filesystem::~Filesystem()
                0x00000000c0027a76                Filesystem::~Filesystem()
                0x00000000c0027a9d                Fs::getcwd(Process*, char*, int)
                0x00000000c0027bd8                Fs::initVFS()
                0x00000000c0027c02                Fs::standardiseFiles(char*, char const*, char const*)
                0x00000000c0028a58                File::File(char const*, Process*)
                0x00000000c0028a58                File::File(char const*, Process*)
                0x00000000c0028fe6                File::open(FileOpenMode)
                0x00000000c002944a                File::close()
                0x00000000c002989c                File::seek(unsigned long long)
                0x00000000c0029cd2                File::tell(unsigned long long*)
                0x00000000c002a0f6                File::rewind()
                0x00000000c002a128                File::unlink()
                0x00000000c002a53c                File::rename(char const*)
                0x00000000c002a940                File::chfatattr(unsigned char, unsigned char)
                0x00000000c002ad62                File::exists()
                0x00000000c002b0f6                File::stat(unsigned long long*, bool*)
                0x00000000c002b770                Fs::setcwd(Process*, char*)
                0x00000000c002bd28                Directory::Directory(char const*, Process*)
                0x00000000c002bd28                Directory::Directory(char const*, Process*)
                0x00000000c002c2b6                Directory::open()
                0x00000000c002c72a                Directory::close()
                0x00000000c002cb7c                Directory::unlink()
                0x00000000c002cf90                Directory::rename(char const*)
                0x00000000c002d394                Directory::exists()
                0x00000000c002d728                Directory::read(dirent*)
                0x00000000c002d94c                Directory::create()
                0x00000000c002dd60                Filesystem::chfatattr(char const*, unsigned char, unsigned char)
 *fill*         0x00000000c002dd66        0x2 
 .text          0x00000000c002dd68      0x252 hal/bus.32
                0x00000000c002dd68                Bus::Bus(char const*)
                0x00000000c002dd68                Bus::Bus(char const*)
                0x00000000c002deac                Bus::~Bus()
                0x00000000c002deac                Bus::~Bus()
                0x00000000c002df90                Bus::~Bus()
 .text          0x00000000c002dfba       0xee hal/buzzer.32
                0x00000000c002dfba                beepThread(void*)
                0x00000000c002e026                Krnl::beep(int, int, bool)
 .text          0x00000000c002e0a8      0xad8 hal/clock.32
                0x00000000c002e0a8                User::loadClockSettings(int)
                0x00000000c002e194                Clock::Clock(char const*)
                0x00000000c002e194                Clock::Clock(char const*)
                0x00000000c002e2be                Clock::~Clock()
                0x00000000c002e2be                Clock::~Clock()
                0x00000000c002e38e                Clock::~Clock()
                0x00000000c002e3b8                Clock::timeInSecondsLocal()
                0x00000000c002e508                Clock::setTimeInSecondsLocal(unsigned long long)
                0x00000000c002e651                datetimeToSeconds(datetime_t)
                0x00000000c002e84a                Clock::setTimeInDatetimeLocal(datetime_t)
                0x00000000c002e9ca                secondsToDatetime(unsigned long long)
                0x00000000c002eb3e                Clock::timeInDatetimeLocal()
 .text          0x00000000c002eb80     0x167b hal/device.32
                0x00000000c002eb80                Device::hibernate()
                0x00000000c002eb82                Device::wake()
                0x00000000c002eb84                Device::detect()
                0x00000000c002eb86                Device::disableLegacy()
                0x00000000c002eb88                Device::powerSaving(PowerSavingLevel)
                0x00000000c002eb8a                DriverlessDevice::close(int, int, void*)
                0x00000000c002eb8e                DriverlessDevice::detect()
                0x00000000c002eb90                DriverlessDevice::open(int, int, void*)
                0x00000000c002eba4                Device::~Device()
                0x00000000c002eba4                Device::~Device()
                0x00000000c002ec22                Device::~Device()
                0x00000000c002ec4c                Device::findAndLoadDriver()
                0x00000000c002ec5a                Device::preOpenPCI(PCIDeviceInfo)
                0x00000000c002ecf4                Device::preOpenACPI(void*, char*, char*)
                0x00000000c002ee06                Device::addIRQHandler(int, void (*)(regs*, void*), bool, void*)
                0x00000000c002ee30                Device::getParent()
                0x00000000c002ee7a                Device::removeIRQHandler(int, void (*)(regs*, void*), bool)
                0x00000000c002ee98                Device::addChild(Device*)
                0x00000000c002f034                Device::removeAllChildren()
                0x00000000c002f1f8                Device::hibernateAll()
                0x00000000c002f34c                Device::wakeAll()
                0x00000000c002f4a0                Device::detectAll()
                0x00000000c002f5f4                Device::disableLegacyAll()
                0x00000000c002f5f6                Device::loadDriversForAll()
                0x00000000c002f5f8                Device::closeAll()
                0x00000000c002f750                Device::powerSavingAll(PowerSavingLevel)
                0x00000000c002f8b0                Device::setName(char const*)
                0x00000000c002f902                Device::Device(char const*)
                0x00000000c002f902                Device::Device(char const*)
                0x00000000c002fef2                Device::getName()
                0x00000000c002ff36                DriverlessDevice::DriverlessDevice(char const*)
                0x00000000c002ff36                DriverlessDevice::DriverlessDevice(char const*)
                0x00000000c0030060                Device::addToLinkedList(LinkedList<Device>&, DeviceType)
                0x00000000c003019b                getDevicesOfType(DeviceType)
 *fill*         0x00000000c00301fb        0x1 
 .text          0x00000000c00301fc      0x252 hal/diskctrl.32
                0x00000000c00301fc                HardDiskController::HardDiskController(char const*)
                0x00000000c00301fc                HardDiskController::HardDiskController(char const*)
                0x00000000c0030340                HardDiskController::~HardDiskController()
                0x00000000c0030340                HardDiskController::~HardDiskController()
                0x00000000c0030424                HardDiskController::~HardDiskController()
 .text          0x00000000c003044e      0x3f8 hal/diskphys.32
                0x00000000c003044e                PhysicalDisk::eject()
                0x00000000c0030452                PhysicalDisk::PhysicalDisk(char const*, int)
                0x00000000c0030452                PhysicalDisk::PhysicalDisk(char const*, int)
                0x00000000c00306d2                PhysicalDisk::startCache()
                0x00000000c003074c                PhysicalDisk::~PhysicalDisk()
                0x00000000c003074c                PhysicalDisk::~PhysicalDisk()
                0x00000000c003081c                PhysicalDisk::~PhysicalDisk()
 .text          0x00000000c0030846        0x0 hal/fpu.32
 .text          0x00000000c0030846     0x1907 hal/intctrl.32
                0x00000000c0030846                int_handler
                0x00000000c0030c5a                installISRHandler(int, void (*)(regs*, void*), void*)
                0x00000000c0030f17                installIRQHandler(int, void (*)(regs*, void*), bool, void*)
                0x00000000c00316c0                uninstallISRHandler(int, void (*)(regs*, void*))
                0x00000000c00319bf                uninstallIRQHandler(int, void (*)(regs*, void*), bool)
                0x00000000c0031df1                setupINTS()
                0x00000000c003201a                convertLegacyIRQNumber(int)
 *fill*         0x00000000c003214d        0x1 
 .text          0x00000000c003214e     0x12a0 hal/keybrd.32
                0x00000000c003214e                startGUI(void*)
                0x00000000c00321d5                startGUIVESA(void*)
                0x00000000c003225c                sendKeyToTerminal(unsigned char)
                0x00000000c00323f7                sendKeyboardToken(KeyboardToken)
                0x00000000c0032c24                clearInternalKeybuffer(VgaText*)
                0x00000000c0032cec                readKeyboard(VgaText*, char*, unsigned long)
                0x00000000c00331c2                Keyboard::Keyboard(char const*)
                0x00000000c00331c2                Keyboard::Keyboard(char const*)
                0x00000000c00332f4                Keyboard::~Keyboard()
                0x00000000c00332f4                Keyboard::~Keyboard()
                0x00000000c00333c4                Keyboard::~Keyboard()
 .text          0x00000000c00333ee      0xf99 hal/logidisk.32
                0x00000000c00333ee                LogicalDisk::close(int, int, void*)
                0x00000000c00333f2                LogicalDisk::~LogicalDisk()
                0x00000000c00333f2                LogicalDisk::~LogicalDisk()
                0x00000000c00334c2                LogicalDisk::~LogicalDisk()
                0x00000000c00334ec                LogicalDisk::open(int, int, void*)
                0x00000000c0033500                LogicalDisk::absoluteToRelative(unsigned long long)
                0x00000000c00335d6                LogicalDisk::relativeToAbsolute(unsigned long long)
                0x00000000c0033668                LogicalDisk::LogicalDisk(char const*, PhysicalDisk*, unsigned long long, unsigned long long)
                0x00000000c0033668                LogicalDisk::LogicalDisk(char const*, PhysicalDisk*, unsigned long long, unsigned long long)
                0x00000000c0033a1c                LogicalDisk::assignDriveLetter()
                0x00000000c0033c80                LogicalDisk::mount()
                0x00000000c0033de6                LogicalDisk::unmount()
                0x00000000c0033e34                LogicalDisk::eject()
                0x00000000c0033eec                LogicalDisk::unassignDriveLetter()
                0x00000000c0034074                LogicalDisk::read(unsigned long long, int, void*)
                0x00000000c00341fe                LogicalDisk::write(unsigned long long, int, void*)
 *fill*         0x00000000c0034387        0x1 
 .text          0x00000000c0034388      0x252 hal/mouse.32
                0x00000000c0034388                Mouse::Mouse(char const*)
                0x00000000c0034388                Mouse::Mouse(char const*)
                0x00000000c00344cc                Mouse::~Mouse()
                0x00000000c00344cc                Mouse::~Mouse()
                0x00000000c00345b0                Mouse::~Mouse()
 .text          0x00000000c00345da      0x230 hal/nic.32
                0x00000000c00345da                NIC::getMAC()
                0x00000000c00345e0                NIC::write(int, unsigned char*, int*)
                0x00000000c00345e6                NIC::NIC(char const*)
                0x00000000c00345e6                NIC::NIC(char const*)
                0x00000000c0034710                NIC::~NIC()
                0x00000000c0034710                NIC::~NIC()
                0x00000000c00347e0                NIC::~NIC()
 .text          0x00000000c003480a      0xe6c hal/partition.32
                0x00000000c003480a                makePartition(PhysicalDisk*, unsigned long long, unsigned long long)
                0x00000000c0034974                createPartitionsForDisk(PhysicalDisk*)
 *fill*         0x00000000c0035676        0x2 
 .text          0x00000000c0035678      0x252 hal/serial.32
                0x00000000c0035678                Serial::Serial(char const*)
                0x00000000c0035678                Serial::Serial(char const*)
                0x00000000c00357bc                Serial::~Serial()
                0x00000000c00357bc                Serial::~Serial()
                0x00000000c00358a0                Serial::~Serial()
 *fill*         0x00000000c00358ca        0x2 
 .text          0x00000000c00358cc      0x7a4 hal/timer.32
                0x00000000c00358cc                Timer::Timer(char const*)
                0x00000000c00358cc                Timer::Timer(char const*)
                0x00000000c0035a10                Timer::~Timer()
                0x00000000c0035a10                Timer::~Timer()
                0x00000000c0035af4                Timer::~Timer()
                0x00000000c0035b1e                Timer::read()
                0x00000000c0035b6b                setupTimer(int)
                0x00000000c0035c59                timerHandler(unsigned int)
 .text          0x00000000c0036070     0x1a4c hal/vcache.32
                0x00000000c0036070                VCache::VCache(PhysicalDisk*)
                0x00000000c0036070                VCache::VCache(PhysicalDisk*)
                0x00000000c0036a16                VCache::invalidateReadBuffer()
                0x00000000c0036ab2                VCache::writeWriteBuffer()
                0x00000000c0036cb4                VCache::~VCache()
                0x00000000c0036cb4                VCache::~VCache()
                0x00000000c0036e90                VCache::~VCache()
                0x00000000c0036eb8                VCache::write(unsigned long long, int, void*)
                0x00000000c0037486                VCache::read(unsigned long long, int, void*)
 .text          0x00000000c0037abc     0x123e hal/video.32
                0x00000000c0037abc                Video::putpixel(int, int, unsigned int)
                0x00000000c0037aca                Video::readPixelApprox(int, int)
                0x00000000c0037ade                Video::putrect(int, int, int, int, unsigned int)
                0x00000000c0037c06                Video::bitblit(int, int, int, int, int, int, int, unsigned int*)
                0x00000000c0037e16                Video::blit(unsigned int*, int, int, int, int)
                0x00000000c003801c                Video::clearScreen(unsigned int)
                0x00000000c0038152                Video::Video(char const*)
                0x00000000c0038152                Video::Video(char const*)
                0x00000000c003827c                Video::~Video()
                0x00000000c003827c                Video::~Video()
                0x00000000c003834c                Video::~Video()
                0x00000000c0038376                Video::isMonochrome()
                0x00000000c00383c0                Video::getWidth()
                0x00000000c003840a                Video::getHeight()
                0x00000000c0038454                Video::drawCursor(int, int, unsigned int*, int)
                0x00000000c0038702                Video::tgaParse(unsigned char*, int, int*, int*)
                0x00000000c0038b4c                Video::putTGA(int, int, unsigned char*, int)
 *fill*         0x00000000c0038cfa        0x2 
 .text          0x00000000c0038cfc     0x3d8f hw/acpi.32
                0x00000000c0038cfc                ACPI::close(int, int, void*)
                0x00000000c0038db0                findRSDP()
                0x00000000c0038f04                loadACPITables(unsigned char*)
                0x00000000c00397cc                findRSDT(unsigned char*)
                0x00000000c00399b4                findDataTable(unsigned char*, char*)
                0x00000000c0039bc0                scanMADT()
                0x00000000c003b0f8                ACPI::ACPI()
                0x00000000c003b0f8                ACPI::ACPI()
                0x00000000c003b2fc                ACPI::getPCIIRQAssignment(unsigned char, unsigned short, unsigned char)
                0x00000000c003b6d0                ACPI::registerPCIIRQAssignment(void*, unsigned short, unsigned char, unsigned char)
                0x00000000c003bc04                ACPI::setScreenBrightnessLevel(void*, int)
                0x00000000c003bc0c                ACPI::detectPCI()
                0x00000000c003c144                ACPI::writeSimpleBootFlag(SimpleBootFlagTable*)
                0x00000000c003c218                ACPI::sleep()
                0x00000000c003c234                ACPI::open(int, int, void*)
 *fill*         0x00000000c003ca8b        0x1 
 .text          0x00000000c003ca8c     0x21ab hw/cpu.32
                0x00000000c003ca8c                CPU::close(int, int, void*)
                0x00000000c003ca90                CPU::AMD_K6_write_msr(unsigned int, unsigned int, unsigned int, CPU::REGS*)
                0x00000000c003caac                CPU::AMD_K6_read_msr(unsigned int, CPU::REGS*)
                0x00000000c003cac4                CPU::AMD_K6_writeback(int, int, int)
                0x00000000c003cb38                CPU::cpuid(int, unsigned long*, unsigned long*, unsigned long*, unsigned long*)
                0x00000000c003ccb6                CPU::cpuidCheckEDX(unsigned int)
                0x00000000c003cce4                CPU::cpuidCheckECX(unsigned int)
                0x00000000c003cd12                CPU::cpuidCheckExtendedEBX(unsigned int)
                0x00000000c003cd40                CPU::cpuidCheckExtendedECX(unsigned int)
                0x00000000c003cd6e                CPU::CPU()
                0x00000000c003cd6e                CPU::CPU()
                0x00000000c003d0bc                CPU::displayFeatures()
                0x00000000c003d0be                CPU::detectFeatures()
                0x00000000c003e420                CPU::setupSMEP()
                0x00000000c003e42c                CPU::setupUMIP()
                0x00000000c003e436                CPU::setupTSC()
                0x00000000c003e440                CPU::setupLargePages()
                0x00000000c003e44a                CPU::setupPAT()
                0x00000000c003e4fa                CPU::setupMTRR()
                0x00000000c003e4fc                CPU::setupGlobalPages()
                0x00000000c003e506                CPU::allowUsermodeDataAccess()
                0x00000000c003e556                CPU::prohibitUsermodeDataAccess()
                0x00000000c003e5a6                CPU::setupSMAP()
                0x00000000c003e5e0                CPU::setupFeatures()
                0x00000000c003e878                CPU::open(int, int, void*)
 .text          0x00000000c003ec37      0x501 krnl/bootmsg.32
                0x00000000c003ec37                KeDisplaySplashScreen()
                0x00000000c003efca                KeSetBootMessage(char const*)
 .text          0x00000000c003f138     0x1760 krnl/env.32
                0x00000000c003f138                EnvVarContainer::getEnv(char const*)
                0x00000000c003f290                EnvVarContainer::setEnv(char const*, char const*)
                0x00000000c003f458                EnvVarContainer::deleteEnv(char const*)
                0x00000000c003f45a                EnvVarContainer::loadFrom(char const*, char const*)
                0x00000000c003fa86                EnvVarContainer::__loadSystem()
                0x00000000c003fabe                EnvVarContainer::__loadUser()
                0x00000000c003fac0                EnvVarContainer::EnvVarContainer(Process*)
                0x00000000c003fac0                EnvVarContainer::EnvVarContainer(Process*)
                0x00000000c003fbb6                EnvVarContainer::~EnvVarContainer()
                0x00000000c003fbb6                EnvVarContainer::~EnvVarContainer()
                0x00000000c003fcb8                KeGetEnv(Process*, char const*)
                0x00000000c003fd98                KeSetEnvSystem(char const*, char const*)
                0x00000000c003fdcf                KeSetEnvUser(char const*, char const*)
                0x00000000c003fe09                KeSetEnvProcess(Process*, char const*, char const*)
                0x00000000c003fe7e                KeDeleteEnvSystem(char const*)
                0x00000000c003fe9e                KeDeleteEnvUser(char const*)
                0x00000000c003febe                KeDeleteEnvProcess(Process*, char const*)
                0x00000000c003ff1c                KeNewProcessEnv(Process*)
                0x00000000c003ff57                KeCopyProcessEnv(Process*, Process*)
                0x00000000c00400f0                KeLoadSystemEnv()
                0x00000000c0040156                KeLoadUserEnv()
                0x00000000c00401b3                KeFlushEnv()
                0x00000000c00401b4                KeGetProcessTotalEnvCount(Process*)
                0x00000000c0040329                KeGetProcessEnvPair(Process*, int)
 .text          0x00000000c0040898      0x193 krnl/inlines.32
                0x00000000c0040898                CPU::current()
                0x00000000c00408e4                operator new(unsigned long)
                0x00000000c00408e9                operator delete(void*)
                0x00000000c00408ee                disableIRQs()
                0x00000000c00408f0                enableIRQs()
                0x00000000c00408f2                lockScheduler()
                0x00000000c004091f                unlockScheduler()
                0x00000000c0040950                lockStuff()
                0x00000000c00409a0                unlockStuff()
                0x00000000c0040a10                Virt::getAKernelVAS()
                0x00000000c0040a16                __not_memcpy
 .text          0x00000000c0040a2b        0xc krnl/panic.32
                0x00000000c0040a2b                KePanic(char const*)
 .text          0x00000000c0040a37      0x1fd krnl/powctrl.32
                0x00000000c0040a37                KePowerThread(void*)
                0x00000000c0040a9c                KeChangePowerSettings(PowerSettings)
                0x00000000c0040ab2                KeUserIOReceived()
                0x00000000c0040abd                KeHandlePowerButton()
                0x00000000c0040b28                KeHandleSleepButton()
                0x00000000c0040b93                KeSetupPowerManager()
 .text          0x00000000c0040c34       0x9d krnl/random.32
                0x00000000c0040c34                KeRand()
                0x00000000c0040c76                KeSeedRand(unsigned int)
                0x00000000c0040c9f                KeInitRand()
 *fill*         0x00000000c0040cd1        0x3 
 .text          0x00000000c0040cd4      0x1bc krnl/resolve.32
                0x00000000c0040cd4                KeResolveCompatibilitySymbol(char*)
 .text          0x00000000c0040e90      0xe2f krnl/signal.32
                0x00000000c0040e90                KiSigKill(int)
                0x00000000c0040ea4                KiDefaultSignalHandlerIgnore(int)
                0x00000000c0040ea5                KiDefaultSignalHandlerPause(int)
                0x00000000c0040ed1                KiDefaultSignalHandlerResume(int)
                0x00000000c0040efd                KeDeinitSignals(SigHandlerBlock*)
                0x00000000c0040f02                KeInitSignals()
                0x00000000c004102c                KeRegisterSignalHandler(SigHandlerBlock*, int, void (*)(int), unsigned int, int)
                0x00000000c00411a3                KeRaiseSignal(SigHandlerBlock*, int)
                0x00000000c0041330                KeCheckSignal(SigHandlerBlock*, int*)
                0x00000000c0041936                KiCheckSignalZ
                0x00000000c0041a96                KeCompleteSignal(SigHandlerBlock*, int)
                0x00000000c0041b97                KiFinishSignalZ
 .text          0x00000000c0041cbf     0x4829 krnl/syscalls.32
                0x00000000c0041cbf                SysSeekDir(regs*)
                0x00000000c0041cc4                SysTellDir(regs*)
                0x00000000c0041cc9                SysTTYName(regs*)
                0x00000000c0041cd1                SysNotImpl(regs*)
                0x00000000c0041cec                SysVerify(regs*)
                0x00000000c0041d33                SysGetArgc(regs*)
                0x00000000c0041db8                SysFormatDisk(regs*)
                0x00000000c00420ec                SysSetDiskVolumeLabel(regs*)
                0x00000000c00427ba                SysGetDiskVolumeLabel(regs*)
                0x00000000c0042eda                SysShutdown(regs*)
                0x00000000c00430f5                SysRealpath(regs*)
                0x00000000c004328d                SysReadDir(regs*)
                0x00000000c00434bc                SysIsATTY(regs*)
                0x00000000c00436b5                SysSeek(regs*)
                0x00000000c004382b                SysTell(regs*)
                0x00000000c0043a29                SysSize(regs*)
                0x00000000c0043c2c                SysClose(regs*)
                0x00000000c0043e0b                SysCloseDir(regs*)
                0x00000000c0043f86                SysWait(regs*)
                0x00000000c0044018                SysPanic(regs*)
                0x00000000c004406d                SysGetArgv(regs*)
                0x00000000c0044326                SysUSleep(regs*)
                0x00000000c00443c2                SysGetEnv(regs*)
                0x00000000c00445ca                SysGetUnixTime(regs*)
                0x00000000c004463d                SysSizeFromFilename(regs*)
                0x00000000c0044950                SysOpenDir(regs*)
                0x00000000c0044b7a                SysMakeDir(regs*)
                0x00000000c0044d32                SysRmdir(regs*)
                0x00000000c0044eed                SysUnlink(regs*)
                0x00000000c00450a8                SysSetFatAttrib(regs*)
                0x00000000c00452f3                SysPipe(regs*)
                0x00000000c00454b0                SysSpawn(regs*)
                0x00000000c0045691                string_ends_with(char const*, char const*)
                0x00000000c0045717                SysOpen(regs*)
                0x00000000c004633e                KeSystemCall(regs*, void*)
 .text          0x00000000c00464e8      0x2cd net/ethernet.32
                0x00000000c00464e8                KeSwitchEndian16(unsigned short)
                0x00000000c004653c                KeSwitchEndian32(unsigned int)
                0x00000000c0046570                EthernetCRC32(unsigned char*, int)
                0x00000000c00466bc                EthernetReceivedPacket(EthernetUnwrappedFrame*, unsigned short)
 .text          0x00000000c00467b5     0x238f reg/cm.32
                0x00000000c00467b5                CmOpen(char const*)
                0x00000000c0046b54                CmClose(Reghive_Tag*)
                0x00000000c0046bc5                CmReadExtent(Reghive_Tag*, int, unsigned char*)
                0x00000000c0046ce0                CmGetString(Reghive_Tag*, int, char*)
                0x00000000c0046e75                CmEnterDirectory(Reghive_Tag*, int)
                0x00000000c0046eb4                CmGetNext(Reghive_Tag*, int)
                0x00000000c0046ee6                CmWriteExtent(Reghive_Tag*, int, unsigned char*)
                0x00000000c0047001                CmFreeExtent(Reghive_Tag*, int)
                0x00000000c0047029                CmUpdateHeader(Reghive_Tag*)
                0x00000000c0047099                CmExpand(Reghive_Tag*, int)
                0x00000000c0047216                CmFindUnusedExtent(Reghive_Tag*)
                0x00000000c00473c7                CmCreateExtent(Reghive_Tag*, int, int, unsigned char*)
                0x00000000c00474bb                CmSetString(Reghive_Tag*, int, char const*)
                0x00000000c0047987                CmGetMatch(char*, char*, bool, bool*)
                0x00000000c0047a7b                CmAddShift(unsigned int*, int*, unsigned char, int)
                0x00000000c0047b75                CmGetShift(unsigned int*, int*, int, bool*)
                0x00000000c0047cc1                CmGetInteger(Reghive_Tag*, int, unsigned long long*)
                0x00000000c0047d0d                CmSetInteger(Reghive_Tag*, int, unsigned long long)
                0x00000000c0047d4d                CmConvertFromInternalFilename(unsigned char const*, char*)
                0x00000000c0047f86                CmGetNameAndTypeFromExtent(Reghive_Tag*, int, char*)
                0x00000000c0047fb4                CmConvertToInternalFilename(char const*, unsigned char*)
                0x00000000c004855f                CmCreateString(Reghive_Tag*, int, char const*)
                0x00000000c00485ac                CmFindInDirectory(Reghive_Tag*, int, char const*)
                0x00000000c0048626                CmCreateInteger(Reghive_Tag*, int, char const*, unsigned long long, int)
                0x00000000c0048679                CmCreateDirectory(Reghive_Tag*, int, char const*)
                0x00000000c004873d                zStrtok(char*, char const*)
                0x00000000c004891e                CmFindObjectFromPath(Reghive_Tag*, char const*)
                0x00000000c004899f                CmDisplayTree(Reghive_Tag*, int, int)
                0x00000000c0048a7a                CmSplitFinalSlashInPlace(char*)
 .text          0x00000000c0048b44     0x1267 reg/registry.32
                0x00000000c0048b44                Reg::findLineFromLoadedData(char*, char*, char*)
                0x00000000c0048f75                Reg::getLineFromRegistry(char*, char*, char*, char*)
                0x00000000c004931a                Reg::getLine(char*, char*, char*)
                0x00000000c0049351                Reg::readInt(char*, char*, int*)
                0x00000000c0049a11                Reg::readString(char*, char*, char*, int)
                0x00000000c0049c95                Reg::readBool(char*, char*, bool*)
                0x00000000c0049ce0                Reg::readBoolWithDefault(char*, char*, bool)
                0x00000000c0049d27                Reg::readIntWithDefault(char*, char*, int)
                0x00000000c0049d53                Reg::readStringWithDefault(char*, char*, char*, int, char*)
 .text          0x00000000c0049dab      0x172 sys/eject.32
                0x00000000c0049dab                SysEject(regs*)
 .text          0x00000000c0049f1d       0x4e sys/exit.32
                0x00000000c0049f1d                SysExit(regs*)
 .text          0x00000000c0049f6b       0x9d sys/getcwd.32
                0x00000000c0049f6b                SysGetCwd(regs*)
 .text          0x00000000c004a008       0x57 sys/getpid.32
                0x00000000c004a008                SysGetPID(regs*)
 .text          0x00000000c004a05f       0x86 sys/getramdata.32
                0x00000000c004a05f                SysGetRAMData(regs*)
 .text          0x00000000c004a0e5      0x23f sys/getvgaptr.32
                0x00000000c004a0e5                SysGetVGAPtr(regs*)
 .text          0x00000000c004a324      0x330 sys/kill.32
                0x00000000c004a324                SysKill(regs*)
 .text          0x00000000c004a654      0x21f sys/loaddll.32
                0x00000000c004a654                SysLoadDLL(regs*)
 .text          0x00000000c004a873      0x1e6 sys/read.32
                0x00000000c004a873                SysRead(regs*)
 .text          0x00000000c004aa59       0xdc sys/registersignal.32
                0x00000000c004aa59                SysRegisterSignal(regs*)
 .text          0x00000000c004ab35      0x4e1 sys/registry.32
                0x00000000c004ab35                SysRegistryGetTypeFromPath(regs*)
                0x00000000c004ac2c                SysRegistryReadExtent(regs*)
                0x00000000c004ad2a                SysRegistryPathToExtentLookup(regs*)
                0x00000000c004adbb                SysRegistryEnterDirectory(regs*)
                0x00000000c004ae4c                SysRegistryGetNext(regs*)
                0x00000000c004aedd                SysRegistryGetNameAndTypeFromExtent(regs*)
                0x00000000c004af7f                SysRegistryOpen(regs*)
                0x00000000c004afc9                SysRegistryClose(regs*)
 .text          0x00000000c004b016      0x18c sys/sbrk.32
                0x00000000c004b016                SysSbrk(regs*)
 .text          0x00000000c004b1a2       0x80 sys/setcwd.32
                0x00000000c004b1a2                SysSetCwd(regs*)
 .text          0x00000000c004b222      0x206 sys/settime.32
                0x00000000c004b222                SysSetTime(regs*)
 .text          0x00000000c004b428       0x99 sys/timezone.32
                0x00000000c004b428                SysTimezone(regs*)
 .text          0x00000000c004b4c1      0x1e6 sys/write.32
                0x00000000c004b4c1                SysWrite(regs*)
 .text          0x00000000c004b6a7      0x166 sys/wsbe.32
                0x00000000c004b6a7                SysWsbe(regs*)
 .text          0x00000000c004b80d       0x5e sys/yield.32
                0x00000000c004b80d                SysYield(regs*)
 .text          0x00000000c004b86b     0x46e7 thr/elf.32
                0x00000000c004b86b                Thr::allocateMemoryForTask(Process*, File*, unsigned long, unsigned long, unsigned long)
                0x00000000c004bf49                Thr::loadProgramIntoMemory(Process*, char const*)
                0x00000000c004c7ae                Thr::runtimeReferenceHelper()
                0x00000000c004c7c1                Thr::getAddressOfKernelSymbol(char const*)
                0x00000000c004ca62                Thr::loadKernelSymbolTable(char const*)
                0x00000000c004d4ec                Thr::loadDriverIntoMemory(char const*, unsigned long, bool)
                0x00000000c004f586                Thr::getDriverBaseFromAddress(unsigned long)
                0x00000000c004f791                Thr::getDriverNameFromAddress(unsigned long)
                0x00000000c004f997                Thr::getDriverOffsetFromAddress(unsigned long)
                0x00000000c004f9b9                Thr::loadDLL(char const*, bool)
                0x00000000c004ff19                Thr::executeDLL(unsigned long, void*)
 *fill*         0x00000000c004ff52        0x2 
 .text          0x00000000c004ff54     0x4ced thr/prcssthr.32
                0x00000000c004ff54                userModeEntryPoint(void*)
                0x00000000c005001c                changeTSS
                0x00000000c0050158                switchToThread(ThreadControlBlock*)
                0x00000000c0050344                Process::addArgs(char**)
                0x00000000c0050750                Process::Process(char const*, Process*, char**)
                0x00000000c0050750                Process::Process(char const*, Process*, char**)
                0x00000000c0050fbc                Process::Process(bool, char const*, Process*, char**)
                0x00000000c0050fbc                Process::Process(bool, char const*, Process*, char**)
                0x00000000c00517b0                taskStartupFunction
                0x00000000c00517f8                Semaphore::Semaphore(int)
                0x00000000c00517f8                Semaphore::Semaphore(int)
                0x00000000c0051960                Mutex::Mutex()
                0x00000000c0051960                Mutex::Mutex()
                0x00000000c00519f0                Process::createThread(void (*)(void*), void*, int)
                0x00000000c0052078                Process::createUserThread()
                0x00000000c00520b0                setupMultitasking(void (*)())
                0x00000000c00522cc                schedule()
                0x00000000c00523d8                Semaphore::tryAcquire()
                0x00000000c0052680                Semaphore::assertLocked(char const*)
                0x00000000c00527f4                blockTaskWithSchedulerLockAlreadyHeld(TaskState)
                0x00000000c0052874                blockTask(TaskState)
                0x00000000c0052920                waitTask(int, int*, int)
                0x00000000c0052ac8                milliTenthSleepUntil(unsigned int)
                0x00000000c0052c38                milliTenthSleep(unsigned int)
                0x00000000c0052c4c                sleep(unsigned int)
                0x00000000c0052c68                Semaphore::acquire()
                0x00000000c0052ff8                taskReturned
                0x00000000c0053080                Thr::processFromPID(int)
                0x00000000c0053204                unblockTask(ThreadControlBlock*)
                0x00000000c0053358                cleanupTerminatedTask(ThreadControlBlock*)
                0x00000000c0054394                cleanerTaskFunction(void*)
                0x00000000c00545f0                terminateTask(int)
                0x00000000c00548d8                Thr::terminateFromIRQ(int)
                0x00000000c00548e8                Semaphore::release()
 .text          0x00000000c0054c41     0x2efa vm86/vm8086.32
                0x00000000c0054c41                Vm::inbv(unsigned short)
                0x00000000c0054c54                Vm::outbv(unsigned short, unsigned char)
                0x00000000c0054d1b                Vm::realToLinear(unsigned short, unsigned short)
                0x00000000c0054d2b                Vm::getSegment(unsigned int)
                0x00000000c0054d33                Vm::getOffset(unsigned int)
                0x00000000c0054d38                Vm::mainloop2()
                0x00000000c0054dc5                Vm::mainVm8086Loop(void*)
                0x00000000c0054dfa                Vm::mainloop3(unsigned long)
                0x00000000c0054e46                Vm::initialise8086()
                0x00000000c0054ef0                Vm::finish8086()
                0x00000000c0054fb5                Vm::getOutput8086(unsigned char*)
                0x00000000c0054fda                Vm::start8086FromBuffer(unsigned char*, int, unsigned short, unsigned short, unsigned short, unsigned short)
                0x00000000c005519b                Vm::start8086(char const*, unsigned short, unsigned short, unsigned short, unsigned short)
                0x00000000c0055570                Vm::doISR(regs*, int, unsigned char*, unsigned short, unsigned short)
                0x00000000c00558b8                Vm::readByteFromReal(unsigned short, unsigned short)
                0x00000000c00558e5                Vm::readWordFromReal(unsigned short, unsigned short)
                0x00000000c0055917                Vm::readDwordFromReal(unsigned short, unsigned short)
                0x00000000c0055948                Vm::writeByteFromReal(unsigned short, unsigned short, unsigned char)
                0x00000000c0055979                Vm::writeWordFromReal(unsigned short, unsigned short, unsigned short)
                0x00000000c00559ad                Vm::writeDwordFromReal(unsigned short, unsigned short, unsigned int)
                0x00000000c00559e2                Vm::faultHandler(regs*)
 .text          0x00000000c0057b3b     0x20ed arch/i386/hal.32
                0x00000000c0057b3b                noCopro(unsigned long)
                0x00000000c0057b3c                nmiHandler(regs*, void*)
                0x00000000c0057b76                doubleFault(regs*, void*)
                0x00000000c0057b8f                displayDebugInfo(regs*)
                0x00000000c0058b54                HalSystemIdle()
                0x00000000c0058c95                displayProgramFault(char const*)
                0x00000000c0058e15                gpFault(regs*, void*)
                0x00000000c0058e7c                pgFault(regs*, void*)
                0x00000000c0058ff1                otherISRHandler(regs*, void*)
                0x00000000c0059025                opcodeFault(regs*, void*)
                0x00000000c00591fc                i386SaveCoprocessor(void*)
                0x00000000c0059210                i386LoadCoprocessor(void*)
                0x00000000c0059224                x87EmulHandler(regs*, void*)
                0x00000000c0059369                HalInitialiseCoprocessor()
                0x00000000c0059472                HalPanic(char const*)
                0x00000000c00596f5                HalQueryPerformanceCounter()
                0x00000000c0059787                HalInitialise()
                0x00000000c0059b59                HalMakeBeep(int)
                0x00000000c0059b93                HalGetRand()
                0x00000000c0059b96                HalEndOfInterrupt(int)
                0x00000000c0059c25                HalRestart()
                0x00000000c0059c26                HalShutdown()
                0x00000000c0059c27                HalSleep()
 .text          0x00000000c0059c28      0x30c arch/i386/pic.32
                0x00000000c0059c28                picIoWait()
                0x00000000c0059c30                picDisable()
                0x00000000c0059c64                picGetIRQReg(int)
                0x00000000c0059d0c                picOpen()
                0x00000000c0059e90                picEOI(int)
 .text          0x00000000c0059f34      0xdd9 arch/i386/rtc.32
                0x00000000c0059f34                RTC::open(int, int, void*)
                0x00000000c0059f38                RTC::close(int, int, void*)
                0x00000000c0059f3c                RTC::~RTC()
                0x00000000c0059f3c                RTC::~RTC()
                0x00000000c005a00c                RTC::~RTC()
                0x00000000c005a036                RTC::timeInSecondsUTC()
                0x00000000c005a086                RTC::timeInDatetimeUTC()
                0x00000000c005a11c                RTC::setTimeInSecondsUTC(unsigned long long)
                0x00000000c005a1ca                RTC::get_update_in_progress_flag()
                0x00000000c005a202                RTC::completeRTCRefresh()
                0x00000000c005a6d0                RTC::setTimeInDatetimeUTC(datetime_t)
                0x00000000c005a9ac                rtcIRQHandler(regs*, void*)
                0x00000000c005aa8a                RTC::RTC()
                0x00000000c005aa8a                RTC::RTC()
 *fill*         0x00000000c005ad0d        0x3 
 .text          0x00000000c005ad10      0x590 arch/i386/vga.32
                0x00000000c005ad10                HalConsoleScroll(int, int)
                0x00000000c005b0bc                HalConsoleWriteCharacter(char, int, int, int, int)
                0x00000000c005b218                HalConsoleCursorUpdate(int, int)
 .text          0x00000000c005b2a0     0x30f7 fs/fat/vfslink.32
                0x00000000c005b2a0                FAT::getName()
                0x00000000c005b2a8                FAT::tell(void*, unsigned long long*)
                0x00000000c005b36c                FAT::stat(void*, unsigned long long*)
                0x00000000c005b430                FAT::~FAT()
                0x00000000c005b430                FAT::~FAT()
                0x00000000c005b514                FAT::~FAT()
                0x00000000c005b53c                FAT::getlabel(LogicalDisk*, int, char*, unsigned int*)
                0x00000000c005b8c0                FAT::setlabel(LogicalDisk*, int, char*)
                0x00000000c005bc60                FAT::format(LogicalDisk*, int, char const*, int)
                0x00000000c005c128                FAT::tryMount(LogicalDisk*, int)
                0x00000000c005c610                FAT::allocateSwapfile(char const*, int)
                0x00000000c005cb30                FAT::readDir(void*, unsigned long, void*, int*)
                0x00000000c005ccd0                FAT::read(void*, unsigned long, void*, int*)
                0x00000000c005cd60                FAT::write(void*, unsigned long, void*, int*)
                0x00000000c005cdf0                FAT::close(void*)
                0x00000000c005ce44                FAT::closeDir(void*)
                0x00000000c005ce98                FAT::seek(void*, unsigned long long)
                0x00000000c005cef0                fatWrapperReadDisk
                0x00000000c005cff8                fatWrapperWriteDisk
                0x00000000c005d100                fatWrapperIoctl
                0x00000000c005d680                FAT::FAT()
                0x00000000c005d680                FAT::FAT()
                0x00000000c005d848                FAT::fixFilepath(char*)
                0x00000000c005d9dc                FAT::open(char const*, void**, FileOpenMode)
                0x00000000c005dbd8                FAT::openDir(char const*, void**)
                0x00000000c005dd14                FAT::stat(char const*, unsigned long long*, bool*)
                0x00000000c005de90                FAT::unlink(char const*)
                0x00000000c005df40                FAT::chfatattr(char const*, unsigned char, unsigned char)
                0x00000000c005e120                FAT::rename(char const*, char const*)
                0x00000000c005e248                FAT::mkdir(char const*)
                0x00000000c005e2f8                FAT::exists(char const*)
 *fill*         0x00000000c005e397        0x1 
 .text          0x00000000c005e398      0x198 fs/iso9660/helper.32
                0x00000000c005e398                isoReadDiscSectorHelper
                0x00000000c005e4f8                iso_kprintf
                0x00000000c005e514                iso_kprintfd
 .text          0x00000000c005e530     0x14a6 fs/iso9660/vfslink.32
                0x00000000c005e530                ISO9660::format(LogicalDisk*, int, char const*, int)
                0x00000000c005e536                ISO9660::getName()
                0x00000000c005e53c                ISO9660::chfatattr(char const*, unsigned char, unsigned char)
                0x00000000c005e542                ISO9660::unlink(char const*)
                0x00000000c005e548                ISO9660::write(void*, unsigned long, void*, int*)
                0x00000000c005e54e                ISO9660::rename(char const*, char const*)
                0x00000000c005e554                ISO9660::mkdir(char const*)
                0x00000000c005e55a                ISO9660::~ISO9660()
                0x00000000c005e55a                ISO9660::~ISO9660()
                0x00000000c005e62a                ISO9660::~ISO9660()
                0x00000000c005e652                ISO9660::exists(char const*)
                0x00000000c005e666                ISO9660::seek(void*, unsigned long long)
                0x00000000c005e6a8                ISO9660::close(void*)
                0x00000000c005e6d8                ISO9660::closeDir(void*)
                0x00000000c005e764                ISO9660::read(void*, unsigned long, void*, int*)
                0x00000000c005e7c6                ISO9660::tell(void*, unsigned long long*)
                0x00000000c005e82e                ISO9660::stat(void*, unsigned long long*)
                0x00000000c005e89a                ISO9660::readDir(void*, unsigned long, void*, int*)
                0x00000000c005eaee                ISO9660::open(char const*, void**, FileOpenMode)
                0x00000000c005eeb6                ISO9660::stat(char const*, unsigned long long*, bool*)
                0x00000000c005f2f6                ISO9660::openDir(char const*, void**)
                0x00000000c005f75a                readSectorFromCDROM(unsigned int, unsigned char*, char)
                0x00000000c005f87a                ISO9660::tryMount(LogicalDisk*, int)
                0x00000000c005f902                ISO9660::ISO9660()
                0x00000000c005f902                ISO9660::ISO9660()
 .text          0x00000000c005f9d6      0xb96 hal/sound/sndcard.32
                0x00000000c005f9d6                SoundCard::beginPlayback()
                0x00000000c005f9e4                SoundCard::stopPlayback()
                0x00000000c005f9f2                SoundCard::SoundCard(char const*)
                0x00000000c005f9f2                SoundCard::SoundCard(char const*)
                0x00000000c005fd7a                SoundCard::~SoundCard()
                0x00000000c005fd7a                SoundCard::~SoundCard()
                0x00000000c005fe4a                SoundCard::~SoundCard()
                0x00000000c005fe74                SoundCard::configureRates(int, int, int)
                0x00000000c005ff72                SoundCard::getSamples16(int, short*)
                0x00000000c006011a                SoundCard::getSamples32(int, int*)
                0x00000000c0060432                SoundCard::addChannel(SoundPort*)
                0x00000000c00604fc                SoundCard::removeChannel(int)
 .text          0x00000000c006056c     0x1c81 hal/sound/sndport.32
                0x00000000c006056c                SoundPort::SoundPort(int, int, int, int)
                0x00000000c006056c                SoundPort::SoundPort(int, int, int, int)
                0x00000000c0060908                SoundPort::~SoundPort()
                0x00000000c0060908                SoundPort::~SoundPort()
                0x00000000c0060a50                SoundPort::unpause()
                0x00000000c0060aa0                SoundPort::pause()
                0x00000000c0060af0                SoundPort::getBufferUsed()
                0x00000000c0060b3c                SoundPort::getBufferSize()
                0x00000000c0060b88                SoundPort::buffer16(short*, int)
                0x00000000c00610f8                SoundPort::buffer32(int*, int)
                0x00000000c0061658                SoundPort::unbufferAndAdd16(int, short*, SoundCard*)
                0x00000000c0061bb0                SoundPort::unbufferAndAdd32(int, int*, SoundCard*)
 .text          0x00000000c00621ed        0x0 hw/bus/isa.32
 *fill*         0x00000000c00621ed        0x1 
 .text          0x00000000c00621ee     0x243f hw/bus/pci.32
                0x00000000c00621ee                PCI::close(int, int, void*)
                0x00000000c00621f2                PCI::open(int, int, void*)
                0x00000000c00622b2                PCI::PCI()
                0x00000000c00622b2                PCI::PCI()
                0x00000000c0062684                PCI::readBAR8(unsigned int, int)
                0x00000000c00626be                PCI::readBAR16(unsigned int, int)
                0x00000000c00626fe                PCI::readBAR32(unsigned int, int)
                0x00000000c006273c                PCI::writeBAR8(unsigned int, unsigned char, int)
                0x00000000c0062780                PCI::writeBAR16(unsigned int, unsigned short, int)
                0x00000000c00627c2                PCI::writeBAR32(unsigned int, unsigned int, int)
                0x00000000c0062806                PCI::legacyMechanism(unsigned char, unsigned char, unsigned char, unsigned char)
                0x00000000c006287c                PCI::pciReadWord(unsigned char, unsigned char, unsigned char, unsigned char)
                0x00000000c00629b4                PCI::getVendorID(unsigned char, unsigned char, unsigned char)
                0x00000000c0062a0a                PCI::getHeaderType(unsigned char, unsigned char, unsigned char)
                0x00000000c0062a62                PCI::getClassCode(unsigned char, unsigned char, unsigned char)
                0x00000000c0062af6                PCI::getProgIF(unsigned char, unsigned char, unsigned char)
                0x00000000c0062b4e                PCI::getRevisionID(unsigned char, unsigned char, unsigned char)
                0x00000000c0062ba4                PCI::getInterruptNumber(unsigned char, unsigned char, unsigned char)
                0x00000000c0062bfa                PCI::getSecondaryBus(unsigned char, unsigned char, unsigned char)
                0x00000000c0062c52                PCI::getBARAddress(unsigned char, unsigned char, unsigned char, unsigned char)
                0x00000000c0062d04                PCI::pciWriteWord(unsigned char, unsigned char, unsigned char, unsigned char, unsigned short)
                0x00000000c0062e70                PCI::pciDetailsToFilepath(PCIDeviceInfo, char*)
                0x00000000c0063916                PCI::checkBus(unsigned char)
                0x00000000c0063956                PCI::foundDevice(PCIDeviceInfo)
                0x00000000c0063ef4                PCI::getDeviceData(unsigned char, unsigned char, unsigned char)
                0x00000000c0064472                PCI::checkDevice(unsigned char, unsigned char)
                0x00000000c006456c                PCI::detect()
 *fill*         0x00000000c006462d        0x1 
 .text          0x00000000c006462e     0x33da hw/diskctrl/ide.32
                0x00000000c006462e                IDE::close(int, int, void*)
                0x00000000c0064632                IDE::IDE()
                0x00000000c0064632                IDE::IDE()
                0x00000000c006475a                IDE::prepareInterrupt(unsigned char)
                0x00000000c00647bb                selectDrive(unsigned char, unsigned char)
                0x00000000c00647bc                IDE::getBase(unsigned char)
                0x00000000c006481e                IDE::write(unsigned char, unsigned char, unsigned char)
                0x00000000c0064af4                IDE::read(unsigned char, unsigned char)
                0x00000000c0064dbc                IDE::waitInterrupt(unsigned char)
                0x00000000c0064ee1                ideChannel0IRQHandler(regs*, void*)
                0x00000000c0064f50                ideChannel1IRQHandler(regs*, void*)
                0x00000000c0064fc0                IDE::enableIRQs(unsigned char, bool)
                0x00000000c00650d6                IDE::open(int, int, void*)
                0x00000000c006676c                IDE::readBuffer(unsigned char, unsigned char, unsigned int, unsigned int)
                0x00000000c0066a5e                IDE::detect()
                0x00000000c0067852                IDE::printError(unsigned char, unsigned char, unsigned char)
                0x00000000c0067982                IDE::polling(unsigned char, unsigned int)
 .text          0x00000000c0067a08      0xf7b hw/diskctrl/satabus.32
                0x00000000c0067a08                SATABus::close(int, int, void*)
                0x00000000c0067a0c                SATABus::detect()
                0x00000000c0067a0e                SATABus::SATABus()
                0x00000000c0067a0e                SATABus::SATABus()
                0x00000000c0067c84                SATABus::findCmdslot(SATABus::tagHBA_PORT volatile*)
                0x00000000c0067d78                SATABus::checkType(SATABus::tagHBA_PORT volatile*)
                0x00000000c0067e12                SATABus::startCmd(SATABus::tagHBA_PORT volatile*)
                0x00000000c0067e9e                SATABus::stopCmd(SATABus::tagHBA_PORT volatile*)
                0x00000000c0067f4c                SATABus::portRebase(SATABus::tagHBA_PORT volatile*, int)
                0x00000000c0068584                SATABus::probePort(SATABus::tagHBA_MEM volatile*)
                0x00000000c00688d8                SATABus::open(int, int, void*)
 *fill*         0x00000000c0068983        0x1 
 .text          0x00000000c0068984     0x195e hw/diskphys/ata.32
                0x00000000c0068984                ATA::powerSaving(PowerSavingLevel)
                0x00000000c0068986                ATA::close(int, int, void*)
                0x00000000c0068a2a                ATA::ATA()
                0x00000000c0068a2a                ATA::ATA()
                0x00000000c0068b04                ATA::flush(bool)
                0x00000000c0068c32                ATA::readyForCommand()
                0x00000000c0068d2a                ATA::access(unsigned long long, int, void*, bool)
                0x00000000c00698d4                ATA::detectCHS()
                0x00000000c00699ce                ATA::open(int, int, void*)
                0x00000000c0069ed5                combineCharAndColour(char, unsigned char)
                0x00000000c0069ee6                combineColours(unsigned char, unsigned char)
                0x00000000c0069ef4                ATA::read(unsigned long long, int, void*)
                0x00000000c006a0ea                ATA::write(unsigned long long, int, void*)
 .text          0x00000000c006a2e2     0x1731 hw/diskphys/atapi.32
                0x00000000c006a2e2                ATAPI::write(unsigned long long, int, void*)
                0x00000000c006a2e8                ATAPI::close(int, int, void*)
                0x00000000c006a38c                ATAPI::ATAPI()
                0x00000000c006a38c                ATAPI::ATAPI()
                0x00000000c006a466                ATAPI::readyForCommand()
                0x00000000c006a564                ATAPI::sendPacket(unsigned char*, int, bool, unsigned short*, int)
                0x00000000c006b040                ATAPI::diskRemoved()
                0x00000000c006b176                ATAPI::eject()
                0x00000000c006b1f2                ATAPI::diskInserted()
                0x00000000c006b23e                ATAPI::detectMedia()
                0x00000000c006b434                ATAPI::open(int, int, void*)
                0x00000000c006b8d6                ATAPI::read(unsigned long long, int, void*)
 *fill*         0x00000000c006ba13        0x1 
 .text          0x00000000c006ba14     0x131b hw/diskphys/sata.32
                0x00000000c006ba14                SATA::powerSaving(PowerSavingLevel)
                0x00000000c006ba16                SATA::close(int, int, void*)
                0x00000000c006baba                SATA::open(int, int, void*)
                0x00000000c006bd14                SATA::SATA()
                0x00000000c006bd14                SATA::SATA()
                0x00000000c006bdee                SATA::access(unsigned long long, int, void*, bool)
                0x00000000c006c7fe                SATA::read(unsigned long long, int, void*)
                0x00000000c006ca7a                SATA::write(unsigned long long, int, void*)
 *fill*         0x00000000c006cd2f        0x1 
 .text          0x00000000c006cd30     0x16c5 hw/diskphys/satapi.32
                0x00000000c006cd30                SATAPI::write(unsigned long long, int, void*)
                0x00000000c006cd36                SATAPI::close(int, int, void*)
                0x00000000c006cdda                SATAPI::SATAPI()
                0x00000000c006cdda                SATAPI::SATAPI()
                0x00000000c006ceb4                SATAPI::diskRemoved()
                0x00000000c006ceb6                SATAPI::diskInserted()
                0x00000000c006cf0e                SATAPI::sendPacket(unsigned char*, int, unsigned long long, unsigned short*, int)
                0x00000000c006daaa                SATAPI::eject()
                0x00000000c006db62                SATAPI::detectMedia()
                0x00000000c006de02                SATAPI::open(int, int, void*)
                0x00000000c006e16a                SATAPI::read(unsigned long long, int, void*)
 *fill*         0x00000000c006e3f5        0x1 
 .text          0x00000000c006e3f6     0x128b hw/intctrl/apic.32
                0x00000000c006e3f6                IOAPIC::close(int, int, void*)
                0x00000000c006e3fc                apicGetBase()
                0x00000000c006e4aa                IOAPIC::IOAPIC()
                0x00000000c006e4aa                IOAPIC::IOAPIC()
                0x00000000c006e57e                apicOpen()
                0x00000000c006eb76                IOAPIC::handlesGSIWithNumber(unsigned int)
                0x00000000c006ec88                IOAPIC::read(int)
                0x00000000c006ed5c                IOAPIC::open(int, int, void*)
                0x00000000c006f388                IOAPIC::write(int, int)
                0x00000000c006f464                IOAPIC::redirect(unsigned char, unsigned long long, unsigned char, bool, bool)
 *fill*         0x00000000c006f681        0x3 
 .text          0x00000000c006f684      0x45c hw/timer/apictimer.32
                0x00000000c006f684                APICTimer::close(int, int, void*)
                0x00000000c006f68c                apicTimerHandler(regs*, void*)
                0x00000000c006f6f8                APICTimer::open(int, int, void*)
                0x00000000c006f980                APICTimer::write(int)
                0x00000000c006f9f8                APICTimer::APICTimer()
                0x00000000c006f9f8                APICTimer::APICTimer()
 .text          0x00000000c006fae0      0x741 hw/timer/pit.32
                0x00000000c006fae0                PIT::write(int)
                0x00000000c006fbdc                pitHandler(regs*, void*)
                0x00000000c006fc2c                PIT::open(int, int, void*)
                0x00000000c006fda4                PIT::close(int, int, void*)
                0x00000000c006fe70                PIT::PIT()
                0x00000000c006fe70                PIT::PIT()
 *fill*         0x00000000c0070221        0xf 
 .text          0x00000000c0070230       0x83 arch/i386/avx.32
                0x00000000c0070230                avxDetect
                0x00000000c007025a                avxSave
                0x00000000c007026b                avxLoad
                0x00000000c007027c                avxInit
                0x00000000c007029e                avxClose
                0x00000000c007029f                wouldSheSayYes
 *fill*         0x00000000c00702b3        0xd 
 .text          0x00000000c00702c0      0x2ec arch/i386/interrupt.32
                0x00000000c00702c0                isr0
                0x00000000c00702d0                isr1
                0x00000000c00702da                isr2
                0x00000000c00702e4                isr3
                0x00000000c00702ee                isr4
                0x00000000c00702f8                isr5
                0x00000000c0070302                isr6
                0x00000000c007030c                isr7
                0x00000000c0070316                isr8
                0x00000000c007031e                isr9
                0x00000000c0070328                isr10
                0x00000000c0070330                isr11
                0x00000000c0070338                isr12
                0x00000000c0070340                isr13
                0x00000000c007035a                isr14
                0x00000000c0070362                isr15
                0x00000000c007036c                isr16
                0x00000000c0070376                isr17
                0x00000000c0070380                isr18
                0x00000000c007038a                irq3
                0x00000000c0070394                irq4
                0x00000000c007039e                irq5
                0x00000000c00703a8                irq6
                0x00000000c00703b2                irq7
                0x00000000c00703bc                irq8
                0x00000000c00703c6                irq9
                0x00000000c00703d0                irq10
                0x00000000c00703da                irq11
                0x00000000c00703e4                irq12
                0x00000000c00703ee                irq13
                0x00000000c00703f8                irq14
                0x00000000c0070402                irq15
                0x00000000c007040c                irq1
                0x00000000c0070413                irq2
                0x00000000c007041a                isr96
                0x00000000c0070421                irq0
                0x00000000c0070426                int_common_stub
                0x00000000c0070458                syscall_common_stub
                0x00000000c007055c                irq16
                0x00000000c0070566                irq17
                0x00000000c0070570                irq18
                0x00000000c007057a                irq19
                0x00000000c0070584                irq20
                0x00000000c007058e                irq21
                0x00000000c0070598                irq22
                0x00000000c00705a2                irq23
 *fill*         0x00000000c00705ac        0x4 
 .text          0x00000000c00705b0       0x10 arch/i386/rdrand.32
                0x00000000c00705b0                i386GetRDRAND
 .text          0x00000000c00705c0       0x39 arch/i386/sse.32
                0x00000000c00705c0                absolutelyNoChanceInHell
                0x00000000c00705c0                sseDetect
                0x00000000c00705d8                sseSave
                0x00000000c00705e0                sseLoad
                0x00000000c00705e8                sseInit
                0x00000000c00705f8                sseClose
 *fill*         0x00000000c00705f9        0x7 
 .text          0x00000000c0070600       0x49 arch/i386/x87.32
                0x00000000c0070606                x87Detect
                0x00000000c0070621                x87Save
                0x00000000c0070628                x87Load
                0x00000000c007062f                x87Init
                0x00000000c0070648                x87Close
 *fill*         0x00000000c0070649        0x3 
 .text          0x00000000c007064c       0x25 /cygdrive/d/Users/Alex/Desktop/Toolchain/Output/bin/../lib/gcc/i386-banana/8.1.0/crtend.o
 .text          0x00000000c0070671        0x0 crtn.32
 *fill*         0x00000000c0070671        0x3 