Archive member included to satisfy reference by file (symbol)

/cygdrive/d/Users/Alex/Desktop/Toolchain/Output/bin/../lib/gcc/i386-banana/8.1.0/libgcc.a(_divdi3.o)
                              fs/fat/ff.32 (__divdi3)
/cygdrive/d/Users/Alex/Desktop/Toolchain/Output/bin/../lib/gcc/i386-banana/8.1.0/libgcc.a(_moddi3.o)
                              thr/elf.32 (__moddi3)
/cygdrive/d/Users/Alex/Desktop/Toolchain/Output/bin/../lib/gcc/i386-banana/8.1.0/libgcc.a(_udivdi3.o)
                              fs/fat/ff.32 (__udivdi3)
/cygdrive/d/Users/Alex/Desktop/Toolchain/Output/bin/../lib/gcc/i386-banana/8.1.0/libgcc.a(_umoddi3.o)
                              core/pipe.32 (__umoddi3)
D:/Users/Alex/Desktop/Banana/kernel/libk/libm32.a(s_fabs.c.o)
                              hal/libresample/samplerate.32 (fabs)
D:/Users/Alex/Desktop/Banana/kernel/libk/libm32.a(s_lrint.S.o)
                              hal/libresample/samplerate.32 (lrint)
D:/Users/Alex/Desktop/Banana/kernel/libk/libm32.a(s_lrintf.S.o)
                              hal/sound/sndhw.32 (lrintf)

Discarded input sections

 .comment       0x0000000000000000       0x12 /cygdrive/d/Users/Alex/Desktop/Toolchain/Output/bin/../lib/gcc/i386-banana/8.1.0/crtbegin.o
 .comment       0x0000000000000000       0x12 acpica/utclib.32
 .comment       0x0000000000000000       0x12 core/malloc.32
 .comment       0x0000000000000000       0x12 libk/string.32
 .comment       0x0000000000000000       0x12 fs/fat/diskio.32
 .comment       0x0000000000000000       0x12 fs/fat/ff.32
 .comment       0x0000000000000000       0x12 fs/fat/ffsystem.32
 .comment       0x0000000000000000       0x12 fs/fat/ffunicode.32
 .comment       0x0000000000000000       0x12 hal/libresample/samplerate.32
 .comment       0x0000000000000000       0x12 hal/libresample/src_linear.32
 .comment       0x0000000000000000       0x12 hal/libresample/src_sinc.32
 .comment       0x0000000000000000       0x12 hal/libresample/src_zoh.32
 .group         0x0000000000000000       0x14 core/computer.32
 .group         0x0000000000000000        0xc core/computer.32
 .comment       0x0000000000000000       0x12 core/computer.32
 .comment       0x0000000000000000       0x12 core/gdt.32
 .group         0x0000000000000000        0xc core/idle.32
 .comment       0x0000000000000000       0x12 core/idle.32
 .comment       0x0000000000000000       0x12 core/idt.32
 .group         0x0000000000000000        0x8 core/kheap.32
 .group         0x0000000000000000        0x8 core/kheap.32
 .comment       0x0000000000000000       0x12 core/kheap.32
 .comment       0x0000000000000000       0x12 core/main.32
 .comment       0x0000000000000000       0x12 core/physmgr.32
 .group         0x0000000000000000        0xc core/pipe.32
 .comment       0x0000000000000000       0x12 core/pipe.32
 .group         0x0000000000000000        0xc core/terminal.32
 .comment       0x0000000000000000       0x12 core/terminal.32
 .group         0x0000000000000000        0x8 core/tss.32
 .text._ZN3CPU7readCR3Ev
                0x0000000000000000       0x12 core/tss.32
 .comment       0x0000000000000000       0x12 core/tss.32
 .group         0x0000000000000000        0x8 core/unixfile.32
 .group         0x0000000000000000        0xc core/unixfile.32
 .group         0x0000000000000000        0xc core/unixfile.32
 .group         0x0000000000000000        0x8 core/unixfile.32
 .group         0x0000000000000000        0xc core/unixfile.32
 .group         0x0000000000000000        0x8 core/unixfile.32
 .group         0x0000000000000000        0xc core/unixfile.32
 .group         0x0000000000000000        0xc core/unixfile.32
 .comment       0x0000000000000000       0x12 core/unixfile.32
 .group         0x0000000000000000        0x8 core/virtmgr.32
 .group         0x0000000000000000        0x8 core/virtmgr.32
 .text._ZN3CPU7readCR3Ev
                0x0000000000000000       0x12 core/virtmgr.32
 .text._ZN3CPU8writeCR3Em
                0x0000000000000000        0x9 core/virtmgr.32
 .comment       0x0000000000000000       0x12 core/virtmgr.32
 .comment       0x0000000000000000       0x12 coreobjs/c++.32
 .comment       0x0000000000000000       0x12 dbg/kconsole.32
 .group         0x0000000000000000        0xc fs/vfs.32
 .group         0x0000000000000000        0xc fs/vfs.32
 .group         0x0000000000000000        0xc fs/vfs.32
 .comment       0x0000000000000000       0x12 fs/vfs.32
 .group         0x0000000000000000        0xc hal/bus.32
 .comment       0x0000000000000000       0x12 hal/bus.32
 .group         0x0000000000000000        0xc hal/buzzer.32
 .comment       0x0000000000000000       0x12 hal/buzzer.32
 .group         0x0000000000000000        0xc hal/clock.32
 .comment       0x0000000000000000       0x12 hal/clock.32
 .group         0x0000000000000000       0x14 hal/device.32
 .group         0x0000000000000000        0xc hal/device.32
 .group         0x0000000000000000        0xc hal/device.32
[...]
Memory Configuration

Name             Origin             Length             Attributes
*default*        0x0000000000000000 0xffffffffffffffff

Linker script and memory map

LOAD D:/Users/Alex/Desktop/Banana/kernel/boot.32
LOAD crti.32
LOAD /cygdrive/d/Users/Alex/Desktop/Toolchain/Output/bin/../lib/gcc/i386-banana/8.1.0/crtbegin.o
LOAD D:/Users/Alex/Desktop/Banana/kernel/morenasm.32
LOAD acpica/utclib.32
LOAD core/malloc.32
LOAD libk/string.32
LOAD fs/fat/diskio.32
LOAD fs/fat/ff.32
LOAD fs/fat/ffsystem.32
LOAD fs/fat/ffunicode.32
LOAD hal/libresample/samplerate.32
LOAD hal/libresample/src_linear.32
LOAD hal/libresample/src_sinc.32
LOAD hal/libresample/src_zoh.32
LOAD core/computer.32
LOAD core/gdt.32
LOAD core/idle.32
LOAD core/idt.32
LOAD core/kheap.32
LOAD core/main.32
LOAD core/physmgr.32
LOAD core/pipe.32
LOAD core/terminal.32
LOAD core/tss.32
LOAD core/unixfile.32
LOAD core/virtmgr.32
LOAD coreobjs/c++.32
LOAD dbg/kconsole.32
LOAD fs/vfs.32
LOAD hal/bus.32
LOAD hal/buzzer.32
LOAD hal/clock.32
LOAD hal/device.32
LOAD hal/diskctrl.32
LOAD hal/diskphys.32
LOAD hal/fpu.32
LOAD hal/intctrl.32
LOAD hal/keybrd.32
LOAD hal/logidisk.32
LOAD hal/mouse.32
LOAD hal/partition.32
LOAD hal/timer.32
LOAD hal/vcache.32
LOAD hal/video.32
LOAD hw/acpi.32
LOAD hw/cpu.32
LOAD hw/ports.32
LOAD krnl/panic.32
LOAD reg/registry.32
LOAD sys/sc_exit.32
LOAD sys/sc_loaddll.32
LOAD sys/sc_read.32
LOAD sys/sc_sbrk.32
LOAD sys/sc_write.32
LOAD sys/sc_yield.32
LOAD sys/syscalls.32
LOAD thr/elf.32
LOAD thr/prcssthr.32
LOAD vm86/vm8086.32
LOAD fs/fat/vfslink.32
LOAD fs/iso9660/vfslink.32
LOAD hal/sound/sndchannel.32
LOAD hal/sound/sndhw.32
LOAD hw/bus/isa.32
LOAD hw/bus/pci.32
LOAD hw/diskctrl/ide.32
LOAD hw/diskphys/ata.32
LOAD hw/diskphys/atapi.32
LOAD hw/fpu/avx.32
LOAD hw/fpu/mmx.32
LOAD hw/fpu/sse.32
LOAD hw/fpu/x87.32
LOAD hw/intctrl/apic.32
LOAD hw/intctrl/pic.32
LOAD hw/timer/apictimer.32
LOAD hw/timer/pit.32
LOAD hw/fpu/x86/avx.32
LOAD hw/fpu/x86/sse.32
LOAD hw/fpu/x86/x87.32
LOAD /cygdrive/d/Users/Alex/Desktop/Toolchain/Output/bin/../lib/gcc/i386-banana/8.1.0/crtend.o
LOAD crtn.32
LOAD /cygdrive/d/Users/Alex/Desktop/Toolchain/Output/bin/../lib/gcc/i386-banana/8.1.0/libgcc.a
LOAD D:/Users/Alex/Desktop/Banana/kernel/libk/libm32.a
                0x00000000c0000000                . = 0xc0000000

.text           0x00000000c0000000    0x1f438
 *(.text)
 .text          0x00000000c0000000       0x41 D:/Users/Alex/Desktop/Banana/kernel/boot.32
                0x00000000c0000020                callGlobalConstructors
 .text          0x00000000c0000041        0x0 crti.32
 *fill*         0x00000000c0000041        0x3 
 .text          0x00000000c0000044      0x101 /cygdrive/d/Users/Alex/Desktop/Toolchain/Output/bin/../lib/gcc/i386-banana/8.1.0/crtbegin.o
 *fill*         0x00000000c0000145        0xb 
 .text          0x00000000c0000150      0x4fd D:/Users/Alex/Desktop/Banana/kernel/morenasm.32
                0x00000000c0000150                prepareTramp
                0x00000000c0000169                voodooXADD
                0x00000000c000022e                doTPAUSE
                0x00000000c0000238                hasLegacyFPU
                0x00000000c000025d                is486
                0x00000000c0000293                goToVM86
                0x00000000c00002c4                goToUsermode
                0x00000000c00002ef                switchToThreadASMFirstTime
                0x00000000c00002fd                switchToThreadASM
                0x00000000c000039d                detectCPUID
                0x00000000c00003b3                asmQuickAcquireLock
                0x00000000c00003d1                asmQuickReleaseLock
                0x00000000c00003dd                asmAcquireLock
                0x00000000c00003fe                asmReleaseLock
                0x00000000c0000411                loadGDT
                0x00000000c0000431                isr0
                0x00000000c0000441                isr1
                0x00000000c000044b                isr2
                0x00000000c0000455                isr3
                0x00000000c000045f                isr4
                0x00000000c0000469                isr5
                0x00000000c0000473                isr6
                0x00000000c000047d                isr7
                0x00000000c0000487                isr8
                0x00000000c000048f                isr9
                0x00000000c0000499                isr10
                0x00000000c00004a1                isr11
                0x00000000c00004a9                isr12
                0x00000000c00004b1                isr13
                0x00000000c00004b9                isr14
                0x00000000c00004c1                isr15
                0x00000000c00004cb                isr16
                0x00000000c00004d5                isr17
                0x00000000c00004df                isr18
                0x00000000c00004e9                isr96
                0x00000000c00004f3                irq0
                0x00000000c00004fd                irq1
                0x00000000c0000507                irq2
                0x00000000c0000511                irq3
                0x00000000c000051b                irq4
                0x00000000c0000525                irq5
                0x00000000c000052f                irq6
                0x00000000c0000539                irq7
                0x00000000c0000543                irq8
                0x00000000c000054d                irq9
                0x00000000c0000557                irq10
                0x00000000c0000561                irq11
                0x00000000c000056b                irq12
                0x00000000c0000575                irq13
                0x00000000c000057f                irq14
                0x00000000c0000589                irq15
                0x00000000c0000593                irq16
                0x00000000c000059d                irq17
                0x00000000c00005a7                irq18
                0x00000000c00005b1                irq19
                0x00000000c00005bb                irq20
                0x00000000c00005c5                irq21
                0x00000000c00005cf                irq22
                0x00000000c00005d9                irq23
                0x00000000c00005e3                int_common_stub
                0x00000000c0000613                syscall_common_stub
 .text          0x00000000c000064d      0x40f acpica/utclib.32
                0x00000000c000064d                memcmp
                0x00000000c0000678                memmove
                0x00000000c00006b0                memcpy
                0x00000000c00006e6                memset
                0x00000000c0000703                strlen
                0x00000000c0000713                strpbrk
                0x00000000c0000736                strtok
                0x00000000c0000785                strcpy
                0x00000000c00007a5                strncpy
                0x00000000c00007d6                strcmp
                0x00000000c00007f7                strchr
                0x00000000c000080d                strncmp
                0x00000000c000083c                strcat
                0x00000000c0000863                strncat
                0x00000000c000089d                strstr
                0x00000000c00008da                toupper
                0x00000000c00008ee                tolower
                0x00000000c0000902                simple_strtoul
 .text          0x00000000c0000a5c      0xfbf core/malloc.32
                0x00000000c0000bc7                dlfree
                0x00000000c0000f22                dlmalloc
                0x00000000c000145f                dlrealloc
                0x00000000c0001614                dlmemalign
                0x00000000c0001737                dlcalloc
                0x00000000c00017d1                dlcfree
                0x00000000c00017d6                dlindependent_calloc
                0x00000000c00017fb                dlindependent_comalloc
                0x00000000c0001812                dlvalloc
                0x00000000c000183d                dlpvalloc
                0x00000000c0001873                dlmalloc_trim
                0x00000000c0001880                dlmalloc_usable_size
                0x00000000c00018b1                dlmallinfo
                0x00000000c0001980                dlmalloc_stats
                0x00000000c0001991                dlmallopt
 .text          0x00000000c0001a1b        0x0 libk/string.32
 .text          0x00000000c0001a1b       0x51 fs/fat/diskio.32
                0x00000000c0001a1b                disk_status
                0x00000000c0001a1e                disk_initialize
                0x00000000c0001a21                disk_read
                0x00000000c0001a37                disk_write
                0x00000000c0001a4d                disk_ioctl
 .text          0x00000000c0001a6c     0x6833 fs/fat/ff.32
                0x00000000c0004d3a                f_mount
                0x00000000c0004d9c                f_open
                0x00000000c00051d8                f_read
                0x00000000c0005458                f_write
                0x00000000c0005712                f_sync
                0x00000000c00058ee                f_close
                0x00000000c000591d                f_lseek
                0x00000000c0005dd4                f_opendir
                0x00000000c0005ed6                f_closedir
                0x00000000c0005ef8                f_readdir
                0x00000000c0005f93                f_stat
                0x00000000c0006022                f_getfree
                0x00000000c00061ed                f_truncate
                0x00000000c00062e5                f_unlink
                0x00000000c0006468                f_mkdir
                0x00000000c0006694                f_rename
                0x00000000c0006987                f_chmod
                0x00000000c0006a65                f_utime
                0x00000000c0006b43                f_getlabel
                0x00000000c0006d31                f_setlabel
                0x00000000c0006f9e                f_forward
                0x00000000c000717c                f_mkfs
 .text          0x00000000c000829f       0x2d fs/fat/ffsystem.32
                0x00000000c000829f                ff_memalloc
                0x00000000c00082b5                ff_memfree
 .text          0x00000000c00082cc      0x253 fs/fat/ffunicode.32
                0x00000000c00082cc                ff_uni2oem
                0x00000000c000835c                ff_oem2uni
                0x00000000c00083c8                ff_wtoupper
 .text          0x00000000c000851f      0x70e hal/libresample/samplerate.32
                0x00000000c00085a7                src_delete
                0x00000000c00085e3                src_process
                0x00000000c000870b                src_callback_read
                0x00000000c000886c                src_set_ratio
                0x00000000c00088c3                src_get_channels
                0x00000000c00088e5                src_reset
                0x00000000c0008929                src_new
                0x00000000c00089b7                src_callback_new
                0x00000000c0008a19                src_get_name
                0x00000000c0008a50                src_get_description
                0x00000000c0008a87                src_get_version
                0x00000000c0008a8d                src_is_valid_ratio
                0x00000000c0008aa7                src_error
                0x00000000c0008ab5                src_strerror
                0x00000000c0008ac8                src_simple
                0x00000000c0008b1b                src_short_to_float_array
                0x00000000c0008b41                src_float_to_short_array
                0x00000000c0008ba5                src_int_to_float_array
                0x00000000c0008bcb                src_float_to_int_array
 .text          0x00000000c0008c2d      0x3fd hal/libresample/src_linear.32
                0x00000000c0008f85                linear_get_name
                0x00000000c0008f94                linear_get_description
                0x00000000c0008fa3                linear_set_converter
 .text          0x00000000c000902a     0x1a3f hal/libresample/src_sinc.32
                0x00000000c000a980                sinc_get_name
                0x00000000c000a993                sinc_get_description
                0x00000000c000a9a6                sinc_set_converter
 .text          0x00000000c000aa69      0x3d3 hal/libresample/src_zoh.32
                0x00000000c000ad97                zoh_get_name
                0x00000000c000ada6                zoh_get_description
                0x00000000c000adb5                zoh_set_converter
 .text          0x00000000c000ae3c      0x9e1 core/computer.32
                0x00000000c000ae3c                Computer::close(int, int, void*)
                0x00000000c000ae80                Computer::Computer()
                0x00000000c000ae80                Computer::Computer()
                0x00000000c000afdc                Computer::setBootMessage(char const*)
                0x00000000c000afde                Computer::start()
                0x00000000c000b0ba                firstTask()
                0x00000000c000b0c8                Computer::detectFeatures()
                0x00000000c000b2a2                Computer::displayFeatures()
                0x00000000c000b5e8                Computer::rdmsr(unsigned int)
                0x00000000c000b614                Computer::wrmsr(unsigned int, unsigned long long)
                0x00000000c000b64c                Computer::nmiEnabled()
                0x00000000c000b658                Computer::readCMOS(unsigned char)
                0x00000000c000b672                Computer::enableNMI(bool)
                0x00000000c000b68a                Computer::open(int, int, void*)
                0x00000000c000b760                Computer::disableNMI()
                0x00000000c000b76e                Computer::writeCMOS(unsigned char, unsigned char)
                0x00000000c000b78c                Computer::handleNMI()
                0x00000000c000b7f2                Computer::setDiskActivityLight(int, bool)
 *fill*         0x00000000c000b81d        0x1 
 .text          0x00000000c000b81e      0x1b7 core/gdt.32
                0x00000000c000b81e                GDTEntry::setBase(unsigned int)
                0x00000000c000b83a                GDTEntry::setLimit(unsigned int)
                0x00000000c000b858                GDT::GDT()
                0x00000000c000b858                GDT::GDT()
                0x00000000c000b86e                GDT::addEntry(GDTEntry)
                0x00000000c000b8aa                GDT::getNumberOfEntries()
                0x00000000c000b8b2                GDT::flush()
                0x00000000c000b8d4                GDT::setup()
 .text          0x00000000c000b9d5       0x61 core/idle.32
                0x00000000c000b9d5                idleFunction(void*)
 .text          0x00000000c000ba36      0x45f core/idt.32
                0x00000000c000ba36                IDTEntry::IDTEntry(bool)
                0x00000000c000ba36                IDTEntry::IDTEntry(bool)
                0x00000000c000baa4                IDTEntry::setOffset(unsigned int)
                0x00000000c000bab8                IDT::IDT()
                0x00000000c000bab8                IDT::IDT()
                0x00000000c000baba                IDT::getPointerToInvalidOpcodeEntryForF00F()
                0x00000000c000bac2                IDT::addEntry(IDTEntry, int)
                0x00000000c000badc                IDT::addEntry(int, void (*)(), bool)
                0x00000000c000bb14                IDT::flush()
                0x00000000c000bb2e                IDT::setup()
 .text          0x00000000c000be95      0x20d core/kheap.32
                0x00000000c000be95                sbrk
                0x00000000c000bfad                mmap
                0x00000000c000bfc3                munmap
                0x00000000c000bfd9                liballoc_lock()
                0x00000000c000bfea                liballoc_unlock()
                0x00000000c000bffb                liballoc_alloc(int)
                0x00000000c000c016                liballoc_free(void*, int)
                0x00000000c000c034                realloc
                0x00000000c000c048                malloc
                0x00000000c000c058                free
                0x00000000c000c068                rfree
                0x00000000c000c078                calloc
 .text          0x00000000c000c0a2      0x38d core/main.32
                0x00000000c000c0a2                hwTextMode_loadInData(VgaText*)
                0x00000000c000c0e7                hwTextMode_loadInTitle(VgaText*, char*)
                0x00000000c000c129                hwTextMode_showCursor(VgaText*, bool)
                0x00000000c000c17d                hwTextMode_update(VgaText*)
                0x00000000c000c17e                hwTextMode_updateCursor(VgaText*)
                0x00000000c000c1c6                hwTextMode_disableBlink(VgaText*, bool)
                0x00000000c000c202                hwTextMode_scrollScreen(VgaText*)
                0x00000000c000c288                hwTextMode_writeCharacter(VgaText*, char, VgaColour, VgaColour, int, int)
                0x00000000c000c2e6                setupTextMode()
                0x00000000c000c337                kernel_main
 .text          0x00000000c000c42f      0x4f3 core/physmgr.32
                0x00000000c000c42f                Phys::allocateDMA(unsigned long)
                0x00000000c000c4d2                Phys::freeDMA(unsigned long, unsigned long)
                0x00000000c000c51a                Phys::setPageState(unsigned long, bool)
                0x00000000c000c54c                Phys::getPageState(unsigned long)
                0x00000000c000c568                Phys::freePage(unsigned long)
                0x00000000c000c5f2                Phys::allocatePage()
                0x00000000c000c6ba                Phys::allowSegmentToBeUsed(unsigned long, unsigned long)
                0x00000000c000c6f2                Phys::physicalMemorySetup(unsigned int)
 .text          0x00000000c000c922      0x273 core/pipe.32
                0x00000000c000c922                Pipe::isAtty()
                0x00000000c000c926                Pipe::~Pipe()
                0x00000000c000c926                Pipe::~Pipe()
                0x00000000c000c94a                Pipe::~Pipe()
                0x00000000c000c972                Pipe::read(unsigned long long, void*, int*)
                0x00000000c000ca66                Pipe::write(unsigned long long, void*, int*)
                0x00000000c000cb2e                Pipe::Pipe(int)
                0x00000000c000cb2e                Pipe::Pipe(int)
 *fill*         0x00000000c000cb95        0x1 
 .text          0x00000000c000cb96      0xf65 core/terminal.32
                0x00000000c000cb96                VgaText::isAtty()
                0x00000000c000cb9a                VgaText::~VgaText()
                0x00000000c000cb9a                VgaText::~VgaText()
                0x00000000c000cbbe                VgaText::~VgaText()
                0x00000000c000cbe8                VgaText::read(unsigned long long, void*, int*)
                0x00000000c000cc08                setTerminalScrollLock(bool)
                0x00000000c000cc09                addToTerminalCycle(VgaText*)
                0x00000000c000cc36                installVgaTextImplementation()
                0x00000000c000cc4b                scrollTerminalScrollLock(int)
                0x00000000c000cc4c                VgaText::load()
                0x00000000c000cca0                VgaText::updateCursor()
                0x00000000c000ccba                VgaText::showCursor(bool)
                0x00000000c000ccca                VgaText::disableBlink(bool)
                0x00000000c000cd04                VgaText::doANSI_SGR(int)
                0x00000000c000cd90                VgaText::setDefaultBgColour(VgaColour)
                0x00000000c000cda6                VgaText::setDefaultFgColour(VgaColour)
                0x00000000c000cdbc                VgaText::setDefaultColours(VgaColour, VgaColour)
                0x00000000c000cddc                VgaText::combineColours(unsigned char, unsigned char)
                0x00000000c000cdee                VgaText::scrollScreen()
                0x00000000c000ce82                VgaText::combineCharAndColour(char, unsigned char)
                0x00000000c000ce94                VgaText::writeCharacter(char, VgaColour, VgaColour, int, int)
                0x00000000c000cef4                VgaText::getCursorX()
                0x00000000c000cf00                VgaText::getCursorY()
                0x00000000c000cf0c                VgaText::setCursor(int, int)
                0x00000000c000cf2a                VgaText::setCursorX(int)
                0x00000000c000cf46                VgaText::setCursorY(int)
                0x00000000c000cf62                VgaText::incrementCursor(bool)
                0x00000000c000cfca                VgaText::updateRAMUsageDisplay(int)
                0x00000000c000d024                VgaText::updateDiskUsage()
                0x00000000c000d18a                VgaText::updateTitle()
                0x00000000c000d1d0                VgaText::setTitleTextColour(VgaColour)
                0x00000000c000d1e0                VgaText::setTitleColour(VgaColour)
                0x00000000c000d1f0                VgaText::setTitle(char*)
                0x00000000c000d216                VgaText::decrementCursor(bool)
                0x00000000c000d23e                VgaText::putchar(char, VgaColour, VgaColour)
                0x00000000c000d33a                VgaText::isShowingCursor()
                0x00000000c000d346                VgaText::isBlinkDisabled()
                0x00000000c000d354                VgaText::setCursorHeight(int)
                0x00000000c000d372                VgaText::getCursorHeight()
                0x00000000c000d37d                setActiveTerminal(VgaText*)
                0x00000000c000d42f                doTerminalCycle()
                0x00000000c000d44c                VgaText::doUpdate()
                0x00000000c000d45e                VgaText::puts(char const*, VgaColour, VgaColour)
                0x00000000c000d61e                VgaText::clearScreen()
                0x00000000c000d682                VgaText::putchar(char)
                0x00000000c000d79c                VgaText::puts(char const*)
                0x00000000c000d7c2                VgaText::putx(unsigned int)
                0x00000000c000d808                VgaText::VgaText(char const*)
                0x00000000c000d808                VgaText::VgaText(char const*)
                0x00000000c000d99a                VgaText::receiveKey(unsigned char)
                0x00000000c000da82                VgaText::write(unsigned long long, void*, int*)
                0x00000000c000dad6                newTerminal(char*)
 *fill*         0x00000000c000dafb        0x1 
 .text          0x00000000c000dafc      0x18f core/tss.32
                0x00000000c000dafc                TSS::TSS()
                0x00000000c000dafc                TSS::TSS()
                0x00000000c000db0a                TSS::setESP(unsigned long)
                0x00000000c000db1c                TSS::flush()
                0x00000000c000db3c                TSS::setup(unsigned long, unsigned long)
 *fill*         0x00000000c000dc8b        0x1 
 .text          0x00000000c000dc8c      0x482 core/unixfile.32
                0x00000000c000dc8c                ReservedFilename::read(unsigned long long, void*, int*)
                0x00000000c000dce2                ReservedFilename::isAtty()
                0x00000000c000dcfe                ReservedFilename::write(unsigned long long, void*, int*)
                0x00000000c000dd5c                UnixFile::getFileDescriptor()
                0x00000000c000dd64                UnixFile::UnixFile(int)
                0x00000000c000dd64                UnixFile::UnixFile(int)
                0x00000000c000ded4                ReservedFilename::ReservedFilename(int)
                0x00000000c000ded4                ReservedFilename::ReservedFilename(int)
                0x00000000c000df06                UnixFile::~UnixFile()
                0x00000000c000df06                UnixFile::~UnixFile()
                0x00000000c000df9e                UnixFile::~UnixFile()
                0x00000000c000dfc6                ReservedFilename::~ReservedFilename()
                0x00000000c000dfc6                ReservedFilename::~ReservedFilename()
                0x00000000c000dfea                ReservedFilename::~ReservedFilename()
                0x00000000c000e011                getFromFileDescriptor(int)
 .text          0x00000000c000e10e      0xec7 core/virtmgr.32
                0x00000000c000e10e                Virt::setPageState(unsigned long, Virt::VirtPageState)
                0x00000000c000e143                Virt::getPageState(unsigned long)
                0x00000000c000e167                Virt::allocateKernelVirtualPages(int)
                0x00000000c000e278                Virt::virtualMemorySetup()
                0x00000000c000e2f7                Virt::getAKernelVAS()
                0x00000000c000e2fd                Virt::setupPageSwapping(int)
                0x00000000c000e422                VAS::VAS()
                0x00000000c000e422                VAS::VAS()
                0x00000000c000e452                VAS::VAS(VAS*)
                0x00000000c000e452                VAS::VAS(VAS*)
                0x00000000c000e476                VAS::getForeignPageTableEntry(bool, unsigned long)
                0x00000000c000e4a2                VAS::getPageTableEntry(unsigned long)
                0x00000000c000e4c1                Virt::freeKernelVirtualPages(unsigned long)
                0x00000000c000e5e4                VAS::freeAllocatedPages(unsigned long)
                0x00000000c000e608                VAS::virtualToPhysical(unsigned long)
                0x00000000c000e620                VAS::reflagRange(unsigned long, int, int, int)
                0x00000000c000e660                VAS::setToWriteCombining(unsigned long, int)
                0x00000000c000e698                VAS::mapOtherVASIn(bool, VAS*)
                0x00000000c000e6ce                VAS::~VAS()
                0x00000000c000e6ce                VAS::~VAS()
                0x00000000c000e83a                VAS::mapPage(unsigned long, unsigned long, int)
                0x00000000c000e93a                VAS::allocatePages(int, int)
                0x00000000c000eb0a                VAS::setCPUSpecific(unsigned long)
                0x00000000c000eb26                VAS::mapRange(unsigned long, unsigned long, int, int)
                0x00000000c000ebf0                VAS::mapForeignPage(bool, VAS*, unsigned long, unsigned long, int)
                0x00000000c000ecde                VAS::VAS(bool)
                0x00000000c000ecde                VAS::VAS(bool)
                0x00000000c000ef0e                mapVASFirstTime
 .text          0x00000000c000efd5       0x93 coreobjs/c++.32
                0x00000000c000efd5                __cxa_atexit
                0x00000000c000efd8                __cxa_finalize
                0x00000000c000efd9                __stack_chk_fail
                0x00000000c000f039                __cxa_pure_virtual
                0x00000000c000f04a                operator new(unsigned long)
                0x00000000c000f04f                operator new[](unsigned long)
                0x00000000c000f054                operator delete(void*)
                0x00000000c000f059                operator delete(void*, unsigned long)
                0x00000000c000f05e                operator delete[](void*)
                0x00000000c000f063                operator delete[](void*, unsigned long)
 .text          0x00000000c000f068      0x1ef dbg/kconsole.32
                0x00000000c000f068                Dbg::stringifyxWithBase(unsigned int, char*, int)
                0x00000000c000f0c9                Dbg::logc(char)
                0x00000000c000f0e0                Dbg::logs(char*)
                0x00000000c000f0fd                Dbg::logWriteInt(unsigned int)
                0x00000000c000f11a                Dbg::logWriteIntBase(unsigned int, int)
                0x00000000c000f139                Dbg::kprintf(char const*, ...)
 *fill*         0x00000000c000f257        0x1 
 .text          0x00000000c000f258      0xb68 fs/vfs.32
                0x00000000c000f258                File::read(unsigned long long, void*, int*)
                0x00000000c000f2b0                File::write(unsigned long long, void*, int*)
                0x00000000c000f308                Directory::read(unsigned long long, void*, int*)
                0x00000000c000f360                Directory::write(unsigned long long, void*, int*)
                0x00000000c000f38e                File::isAtty()
                0x00000000c000f392                Directory::isAtty()
                0x00000000c000f396                Filesystem::getlabel(LogicalDisk*, int, char*, unsigned int*)
                0x00000000c000f39c                Filesystem::setlabel(LogicalDisk*, int, char*)
                0x00000000c000f3a2                File::~File()
                0x00000000c000f3a2                File::~File()
                0x00000000c000f3c6                File::~File()
                0x00000000c000f3f0                Directory::~Directory()
                0x00000000c000f3f0                Directory::~Directory()
                0x00000000c000f414                Directory::~Directory()
                0x00000000c000f43e                Filesystem::Filesystem()
                0x00000000c000f43e                Filesystem::Filesystem()
                0x00000000c000f462                Filesystem::~Filesystem()
                0x00000000c000f462                Filesystem::~Filesystem()
                0x00000000c000f470                Filesystem::~Filesystem()
                0x00000000c000f494                initVFS()
                0x00000000c000f4be                standardiseFiles(char*, char const*, char const*)
                0x00000000c000f668                File::File(char const*, Process*)
                0x00000000c000f668                File::File(char const*, Process*)
                0x00000000c000f6cc                File::open(FileOpenMode)
                0x00000000c000f72a                File::close()
                0x00000000c000f78a                File::seek(unsigned long long)
                0x00000000c000f7e0                File::tell(unsigned long long*)
                0x00000000c000f830                File::rewind()
                0x00000000c000f844                File::unlink()
                0x00000000c000f890                File::rename(char const*)
                0x00000000c000f8de                File::chfatattr(unsigned char, unsigned char)
                0x00000000c000f93a                File::exists()
                0x00000000c000f978                File::stat(unsigned long long*, bool*)
                0x00000000c000f9d9                getcwd(Process*, char*, int)
                0x00000000c000fa03                setcwd(Process*, char*)
                0x00000000c000fb2a                Directory::Directory(char const*, Process*)
                0x00000000c000fb2a                Directory::Directory(char const*, Process*)
                0x00000000c000fb8e                Directory::open()
                0x00000000c000fbea                Directory::close()
                0x00000000c000fc4a                Directory::unlink()
                0x00000000c000fc96                Directory::rename(char const*)
                0x00000000c000fce4                Directory::exists()
                0x00000000c000fd22                Directory::read(dirent*)
                0x00000000c000fd6e                Directory::create()
                0x00000000c000fdba                Filesystem::chfatattr(char const*, unsigned char, unsigned char)
 .text          0x00000000c000fdc0       0x84 hal/bus.32
                0x00000000c000fdc0                Bus::Bus(char const*)
                0x00000000c000fdc0                Bus::Bus(char const*)
                0x00000000c000fdf6                Bus::~Bus()
                0x00000000c000fdf6                Bus::~Bus()
                0x00000000c000fe1a                Bus::~Bus()
 .text          0x00000000c000fe44      0x14e hal/buzzer.32
                0x00000000c000fe44                Buzzer::Buzzer(char const*)
                0x00000000c000fe44                Buzzer::Buzzer(char const*)
                0x00000000c000fe88                Buzzer::~Buzzer()
                0x00000000c000fe88                Buzzer::~Buzzer()
                0x00000000c000feac                Buzzer::~Buzzer()
                0x00000000c000fed6                Buzzer::stop()
                0x00000000c000fee9                beepThread(void*)
                0x00000000c000ff24                Buzzer::beep(int, int, bool)
 .text          0x00000000c000ff92      0x42f hal/clock.32
                0x00000000c000ff92                loadClockSettings()
                0x00000000c000ffac                Clock::Clock(char const*)
                0x00000000c000ffac                Clock::Clock(char const*)
                0x00000000c000ffe2                Clock::~Clock()
                0x00000000c000ffe2                Clock::~Clock()
                0x00000000c0010006                Clock::~Clock()
                0x00000000c0010030                Clock::timeInSecondsLocal()
                0x00000000c0010078                Clock::setTimeInSecondsLocal(unsigned long long)
                0x00000000c00100d1                datetimeToSeconds(datetime_t)
                0x00000000c00101f8                Clock::setTimeInDatetimeLocal(datetime_t)
                0x00000000c0010258                secondsToDatetime(unsigned long long)
                0x00000000c001039c                Clock::timeInDatetimeLocal()
 *fill*         0x00000000c00103c1        0x1 
 .text          0x00000000c00103c2      0x504 hal/device.32
                0x00000000c00103c2                Device::hibernate()
                0x00000000c00103c4                Device::wake()
                0x00000000c00103c6                Device::detect()
                0x00000000c00103c8                Device::disableLegacy()
                0x00000000c00103ca                Device::powerSaving(PowerSavingLevel)
                0x00000000c00103cc                DriverlessDevice::close(int, int, void*)
                0x00000000c00103d0                DriverlessDevice::detect()
                0x00000000c00103d2                DriverlessDevice::open(int, int, void*)
                0x00000000c00103e6                Device::~Device()
                0x00000000c00103e6                Device::~Device()
                0x00000000c00103f4                Device::~Device()
                0x00000000c001041c                Device::findAndLoadDriver()
                0x00000000c001041e                Device::preOpenPCI(PCIDeviceInfo)
                0x00000000c0010444                Device::preOpenACPI(void*, char*, char*)
                0x00000000c0010498                Device::addIRQHandler(int, void (*)(regs*, void*), bool, void*)
                0x00000000c00104f6                Device::removeIRQHandler(int, void (*)(regs*, void*), bool)
                0x00000000c0010544                Device::addChild(Device*)
                0x00000000c0010588                Device::removeAllChildren()
                0x00000000c00105ce                Device::hibernateAll()
                0x00000000c00105fe                Device::wakeAll()
                0x00000000c001062e                Device::detectAll()
                0x00000000c001065e                Device::disableLegacyAll()
                0x00000000c001068e                Device::loadDriversForAll()
                0x00000000c00106ba                Device::closeAll()
                0x00000000c00106f0                Device::powerSavingAll(PowerSavingLevel)
                0x00000000c0010726                Device::setName(char const*)
                0x00000000c0010734                Device::Device(char const*)
                0x00000000c0010734                Device::Device(char const*)
                0x00000000c0010826                Device::getName()
                0x00000000c0010830                DriverlessDevice::DriverlessDevice(char const*)
                0x00000000c0010830                DriverlessDevice::DriverlessDevice(char const*)
                0x00000000c0010858                Device::addToLinkedList(LinkedList<Device>&, DeviceType)
                0x00000000c001089c                getDevicesOfType(DeviceType)
 .text          0x00000000c00108c6       0x84 hal/diskctrl.32
                0x00000000c00108c6                HardDiskController::HardDiskController(char const*)
                0x00000000c00108c6                HardDiskController::HardDiskController(char const*)
                0x00000000c00108fc                HardDiskController::~HardDiskController()
                0x00000000c00108fc                HardDiskController::~HardDiskController()
                0x00000000c0010920                HardDiskController::~HardDiskController()
 .text          0x00000000c001094a       0xde hal/diskphys.32
                0x00000000c001094a                PhysicalDisk::PhysicalDisk(char const*, int)
                0x00000000c001094a                PhysicalDisk::PhysicalDisk(char const*, int)
                0x00000000c00109b2                PhysicalDisk::startCache()
                0x00000000c00109da                PhysicalDisk::~PhysicalDisk()
                0x00000000c00109da                PhysicalDisk::~PhysicalDisk()
                0x00000000c00109fe                PhysicalDisk::~PhysicalDisk()
 .text          0x00000000c0010a28      0x142 hal/fpu.32
                0x00000000c0010a28                FPU::FPU(char const*)
                0x00000000c0010a28                FPU::FPU(char const*)
                0x00000000c0010a5e                FPU::~FPU()
                0x00000000c0010a5e                FPU::~FPU()
                0x00000000c0010a82                FPU::~FPU()
                0x00000000c0010aac                setupFPU()
 .text          0x00000000c0010b6a     0x12db hal/intctrl.32
                0x00000000c0010b6a                InterruptController::uninstallISRHandler(int, void (*)(regs*, void*))
                0x00000000c0010ba2                InterruptController::installISRHandler(int, void (*)(regs*, void*), void*)
                0x00000000c0010bf4                doubleFault(regs*, void*)
                0x00000000c0010c0e                InterruptController::installIRQHandler(int, void (*)(regs*, void*), bool, void*)
                0x00000000c0010caa                InterruptController::clearAllHandlers(int, bool)
                0x00000000c0010d52                InterruptController::uninstallIRQHandler(int, void (*)(regs*, void*), bool)
                0x00000000c0010dd9                nmiHandler(regs*, void*)
                0x00000000c0010de7                int_handler
                0x00000000c0010e82                InterruptController::InterruptController(char const*)
                0x00000000c0010e82                InterruptController::InterruptController(char const*)
                0x00000000c0010f28                InterruptController::~InterruptController()
                0x00000000c0010f28                InterruptController::~InterruptController()
                0x00000000c0010f4c                InterruptController::~InterruptController()
                0x00000000c0010f76                displayDebugInfo(regs*)
                0x00000000c001138d                x87EmulHandler(regs*, void*)
                0x00000000c00113f0                gpFault(regs*, void*)
                0x00000000c0011429                pgFault(regs*, void*)
                0x00000000c0011440                otherISRHandler(regs*, void*)
                0x00000000c001145f                opcodeFault(regs*, void*)
                0x00000000c0011a18                displayProgramFault(char const*)
                0x00000000c0011a40                setupInterruptController()
                0x00000000c0011df8                InterruptController::convertLegacyIRQNumber(int)
 *fill*         0x00000000c0011e45        0x1 
 .text          0x00000000c0011e46      0x608 hal/keybrd.32
                0x00000000c0011e46                startGUI(void*)
                0x00000000c0011eb8                sendKeyToTerminal(unsigned char)
                0x00000000c0011f24                sendKeyboardToken(KeyboardToken)
                0x00000000c00122ff                clearInternalKeybuffer(VgaText*)
                0x00000000c0012334                readKeyboard(VgaText*, char*, unsigned long)
                0x00000000c00123c4                Keyboard::Keyboard(char const*)
                0x00000000c00123c4                Keyboard::Keyboard(char const*)
                0x00000000c0012400                Keyboard::~Keyboard()
                0x00000000c0012400                Keyboard::~Keyboard()
                0x00000000c0012424                Keyboard::~Keyboard()
 .text          0x00000000c001244e      0x400 hal/logidisk.32
                0x00000000c001244e                LogicalDisk::close(int, int, void*)
                0x00000000c0012452                LogicalDisk::~LogicalDisk()
                0x00000000c0012452                LogicalDisk::~LogicalDisk()
                0x00000000c0012476                LogicalDisk::~LogicalDisk()
                0x00000000c00124a0                LogicalDisk::open(int, int, void*)
                0x00000000c00124b4                LogicalDisk::absoluteToRelative(unsigned long long)
                0x00000000c00124ec                LogicalDisk::relativeToAbsolute(unsigned long long)
                0x00000000c0012532                LogicalDisk::LogicalDisk(char const*, PhysicalDisk*, unsigned long long, unsigned long long)
                0x00000000c0012532                LogicalDisk::LogicalDisk(char const*, PhysicalDisk*, unsigned long long, unsigned long long)
                0x00000000c00125e8                LogicalDisk::assignDriveLetter()
                0x00000000c001269e                LogicalDisk::mount()
                0x00000000c0012710                LogicalDisk::unmount()
                0x00000000c0012720                LogicalDisk::unassignDriveLetter()
                0x00000000c0012776                LogicalDisk::read(unsigned long long, int, void*)
                0x00000000c00127e2                LogicalDisk::write(unsigned long long, int, void*)
 .text          0x00000000c001284e       0x84 hal/mouse.32
                0x00000000c001284e                Mouse::Mouse(char const*)
                0x00000000c001284e                Mouse::Mouse(char const*)
                0x00000000c0012884                Mouse::~Mouse()
                0x00000000c0012884                Mouse::~Mouse()
                0x00000000c00128a8                Mouse::~Mouse()
 .text          0x00000000c00128d2      0x339 hal/partition.32
                0x00000000c00128d2                makePartition(PhysicalDisk*, unsigned long long, unsigned long long)
                0x00000000c001297a                createPartitionsForDisk(PhysicalDisk*)
 *fill*         0x00000000c0012c0b        0x1 
 .text          0x00000000c0012c0c      0x2e7 hal/timer.32
                0x00000000c0012c0c                Timer::Timer(char const*)
                0x00000000c0012c0c                Timer::Timer(char const*)
                0x00000000c0012c42                Timer::~Timer()
                0x00000000c0012c42                Timer::~Timer()
                0x00000000c0012c66                Timer::~Timer()
                0x00000000c0012c90                Timer::read()
                0x00000000c0012c9b                timerHandler(unsigned long long)
                0x00000000c0012dd2                setupTimer(int)
 *fill*         0x00000000c0012ef3        0x1 
 .text          0x00000000c0012ef4      0x2d1 hal/vcache.32
                0x00000000c0012ef4                VCache::VCache(PhysicalDisk*)
                0x00000000c0012ef4                VCache::VCache(PhysicalDisk*)
                0x00000000c0012fe4                VCache::writeWriteBuffer()
                0x00000000c0013020                VCache::~VCache()
                0x00000000c0013020                VCache::~VCache()
                0x00000000c0013060                VCache::~VCache()
                0x00000000c0013088                VCache::write(unsigned long long, int, void*)
                0x00000000c001316c                VCache::read(unsigned long long, int, void*)
 *fill*         0x00000000c00131c5        0x1 
 .text          0x00000000c00131c6      0x26d hal/video.32
                0x00000000c00131c6                Video::putrect(int, int, int, int, unsigned int)
                0x00000000c0013210                Video::blit(unsigned int*, int, int, int, int)
                0x00000000c001328e                Video::clearScreen(unsigned int)
                0x00000000c00132c2                Video::putpixel(int, int, unsigned int)
                0x00000000c00132d0                Video::Video(char const*)
                0x00000000c00132d0                Video::Video(char const*)
                0x00000000c0013306                Video::~Video()
                0x00000000c0013306                Video::~Video()
                0x00000000c001332a                Video::~Video()
                0x00000000c0013354                Video::isMonochrome()
                0x00000000c0013360                Video::getWidth()
                0x00000000c001336c                Video::getHeight()
                0x00000000c0013378                Video::drawCursor(int, int, unsigned char*, int)
 *fill*         0x00000000c0013433        0x1 
 .text          0x00000000c0013434      0xd28 hw/acpi.32
                0x00000000c0013434                ACPI::close(int, int, void*)
                0x00000000c00134e9                findRSDP()
                0x00000000c0013573                loadACPITables(unsigned char*)
                0x00000000c001379a                findRSDT(unsigned char*)
                0x00000000c00138b8                findDataTable(unsigned char*, char*)
                0x00000000c0013954                scanMADT()
                0x00000000c0013ce8                ACPI::ACPI()
                0x00000000c0013ce8                ACPI::ACPI()
                0x00000000c0013d48                ACPI::getPCIIRQAssignment(unsigned char, unsigned short, unsigned char)
                0x00000000c0013e2a                ACPI::registerPCIIRQAssignment(void*, unsigned short, unsigned char, unsigned char)
                0x00000000c0013f30                ACPI::setScreenBrightnessLevel(void*, int)
                0x00000000c0013f36                ACPI::writeSimpleBootFlag(SimpleBootFlagTable*)
                0x00000000c0013f7e                ACPI::open(int, int, void*)
                0x00000000c0014144                ACPI::sleep()
 .text          0x00000000c001415c     0x17a6 hw/cpu.32
                0x00000000c001415c                CPU::close(int, int, void*)
                0x00000000c001415f                lookupAMDCPUName(unsigned char, unsigned char)
                0x00000000c00142f3                lookupIntelCPUName(unsigned char, unsigned char)
                0x00000000c00145a1                AMD_K6_write_msr(unsigned int, unsigned int, unsigned int, REGS*)
                0x00000000c00145bd                AMD_K6_read_msr(unsigned int, REGS*)
                0x00000000c00145d5                AMD_K6_writeback(int, int, int)
                0x00000000c0014648                cpuid(int, unsigned long*, unsigned long*, unsigned long*, unsigned long*)
                0x00000000c00146cb                cpuidCheckEDX(unsigned int)
                0x00000000c00146f8                cpuidCheckECX(unsigned int)
                0x00000000c0014725                cpuidCheckExtendedEBX(unsigned int)
                0x00000000c0014752                cpuidCheckExtendedECX(unsigned int)
                0x00000000c001477f                getCPUNumber()
                0x00000000c0014782                thisCPU()
                0x00000000c0014796                CPU::CPU()
                0x00000000c0014796                CPU::CPU()
                0x00000000c0014824                CPU::displayFeatures()
                0x00000000c0014aa0                CPU::detectFeatures()
                0x00000000c0015492                CPU::setupSMEP()
                0x00000000c00154ac                CPU::setupUMIP()
                0x00000000c00154c4                CPU::setupTSC()
                0x00000000c00154dc                CPU::setupLargePages()
                0x00000000c00154f4                CPU::setupPAT()
                0x00000000c0015530                CPU::setupMTRR()
                0x00000000c0015532                CPU::setupGlobalPages()
                0x00000000c0015548                CPU::allowUsermodeDataAccess()
                0x00000000c001555a                CPU::prohibitUsermodeDataAccess()
                0x00000000c001556c                CPU::setupSMAP()
                0x00000000c0015592                CPU::setupFeatures()
                0x00000000c0015634                CPU::open(int, int, void*)
                0x00000000c001570a                CPU::decodeAddress(regs*, int*, bool*, unsigned char*)
 .text          0x00000000c0015902        0x0 hw/ports.32
 .text          0x00000000c0015902      0x338 krnl/panic.32
                0x00000000c0015902                Krnl::panic(char const*)
 .text          0x00000000c0015c3a      0x503 reg/registry.32
                0x00000000c0015c3a                Reg::findLineFromLoadedData(char*, char*, char*)
                0x00000000c0015d92                Reg::getLineFromRegistry(char*, char*, char*, char*)
                0x00000000c0015ef1                Reg::getLine(char*, char*, char*)
                0x00000000c0015f28                Reg::readInt(char*, char*, int*)
                0x00000000c0016013                Reg::readString(char*, char*, char*, int)
                0x00000000c0016094                Reg::readBool(char*, char*, bool*)
                0x00000000c00160b9                Reg::readBoolWithDefault(char*, char*, bool)
                0x00000000c00160e5                Reg::readIntWithDefault(char*, char*, int)
                0x00000000c0016111                Reg::readStringWithDefault(char*, char*, char*, int, char*)
 .text          0x00000000c001613d       0x18 sys/sc_exit.32
                0x00000000c001613d                Sys::exit(regs*)
 .text          0x00000000c0016155       0x95 sys/sc_loaddll.32
                0x00000000c0016155                Sys::loadDLL(regs*)
 .text          0x00000000c00161ea       0x68 sys/sc_read.32
                0x00000000c00161ea                Sys::read(regs*)
 .text          0x00000000c0016252       0x55 sys/sc_sbrk.32
                0x00000000c0016252                Sys::sbrk(regs*)
 .text          0x00000000c00162a7       0x68 sys/sc_write.32
                0x00000000c00162a7                Sys::write(regs*)
 .text          0x00000000c001630f       0x1a sys/sc_yield.32
                0x00000000c001630f                Sys::yield(regs*)
 .text          0x00000000c0016329      0xf85 sys/syscalls.32
                0x00000000c0016329                sysCallGetPID(regs*)
                0x00000000c0016335                sysCallSeekDir(regs*)
                0x00000000c001633a                sysCallTellDir(regs*)
                0x00000000c001633f                sysCallVerify(regs*)
                0x00000000c0016349                sysCallFork(regs*)
                0x00000000c0016354                sysCallExecve(regs*)
                0x00000000c001635f                sysCallGetArgc(regs*)
                0x00000000c001636f                sysFormatDisk(regs*)
                0x00000000c00163d9                sysSetDiskVolumeLabel(regs*)
                0x00000000c001641f                sysGetDiskVolumeLabel(regs*)
                0x00000000c0016470                sysShutdown(regs*)
                0x00000000c00164ce                sysCallGetCwd(regs*)
                0x00000000c00164ed                sysCallSetCwd(regs*)
                0x00000000c0016509                sysCallRealpath(regs*)
                0x00000000c001654c                sysCallReadDir(regs*)
                0x00000000c00165da                sysCallIsATTY(regs*)
                0x00000000c0016634                sysCallSeek(regs*)
                0x00000000c001669d                sysCallTell(regs*)
                0x00000000c001671a                sysCallSizeFromFilename(regs*)
                0x00000000c00167cb                sysCallSize(regs*)
                0x00000000c001684e                sysCallClose(regs*)
                0x00000000c00168d6                sysCallOpenDir(regs*)
                0x00000000c0016943                sysCallMakeDir(regs*)
                0x00000000c001699c                sysCallCloseDir(regs*)
                0x00000000c0016a02                sysCallWait(regs*)
                0x00000000c0016a1c                sysCallRmdir(regs*)
                0x00000000c0016a6e                sysCallUnlink(regs*)
                0x00000000c0016ac0                sysCallGetArgv(regs*)
                0x00000000c0016b0c                sysCallTTYName(regs*)
                0x00000000c0016b8f                sysCallGetEnv(regs*)
                0x00000000c0016be1                sysCallUSleep(regs*)
                0x00000000c0016c08                sysCallSpawn(regs*)
                0x00000000c0016c60                sysAppSettings(regs*)
                0x00000000c0016d7f                sysSetFatAttrib(regs*)
                0x00000000c0016ddf                sysPanic(regs*)
                0x00000000c0016e05                sysPipe(regs*)
                0x00000000c0016e4a                sysGetUnixTime(regs*)
                0x00000000c0016e5e                string_ends_with(char const*, char const*)
                0x00000000c0016ea6                sysCallOpen(regs*)
                0x00000000c00170b3                setupSystemCalls()
                0x00000000c001726c                systemCall(regs*, void*)
 .text          0x00000000c00172ae     0x11c7 thr/elf.32
                0x00000000c00172ae                Thr::allocateMemoryForTask(Process*, File*, unsigned long, unsigned long, unsigned long)
                0x00000000c001752b                Thr::loadProgramIntoMemory(Process*, char const*)
                0x00000000c0017741                Thr::runtimeReferenceHelper()
                0x00000000c0017754                Thr::getAddressOfKernelSymbol(char const*)
                0x00000000c00177a3                Thr::loadKernelSymbolTable(char const*)
                0x00000000c0017a64                Thr::loadDriverIntoMemory(char const*, unsigned long, bool)
                0x00000000c0018202                Thr::getDriverBaseFromAddress(unsigned long)
                0x00000000c0018234                Thr::getDriverNameFromAddress(unsigned long)
                0x00000000c001826b                Thr::getDriverOffsetFromAddress(unsigned long)
                0x00000000c0018285                Thr::loadDLL(char const*, bool)
                0x00000000c001844b                Thr::executeDLL(unsigned long, void*)
 *fill*         0x00000000c0018475        0x1 
 .text          0x00000000c0018476      0xfce thr/prcssthr.32
                0x00000000c0018476                changeTSS
                0x00000000c00184a4                Process::addArgs(char**)
                0x00000000c00184fe                Process::Process(char const*, Process*, char**)
                0x00000000c00184fe                Process::Process(char const*, Process*, char**)
                0x00000000c00186b6                Process::Process(bool, char const*, Process*, char**)
                0x00000000c00186b6                Process::Process(bool, char const*, Process*, char**)
                0x00000000c0018839                disableIRQs()
                0x00000000c0018841                getIRQNestingLevel()
                0x00000000c0018847                enableIRQs()
                0x00000000c0018856                lockScheduler()
                0x00000000c0018858                unlockScheduler()
                0x00000000c001885a                userModeEntryPoint(void*)
                0x00000000c001887d                lockStuff()
                0x00000000c0018889                taskStartupFunction
                0x00000000c0018892                updateTimeUsed()
                0x00000000c00188f0                switchToThread(ThreadControlBlock*)
                0x00000000c0018940                Semaphore::Semaphore(int)
                0x00000000c0018940                Semaphore::Semaphore(int)
                0x00000000c001896e                Mutex::Mutex()
                0x00000000c001896e                Mutex::Mutex()
                0x00000000c0018980                Process::createThread(void (*)(void*), void*, int)
                0x00000000c0018a64                Process::createUserThread()
                0x00000000c0018a80                setupMultitasking(void (*)())
                0x00000000c0018b8a                schedule()
                0x00000000c0018c0f                unlockStuff()
                0x00000000c0018c44                Semaphore::tryAcquire()
                0x00000000c0018c72                Semaphore::assertLocked(char const*)
                0x00000000c0018ca2                blockTaskWithSchedulerLockAlreadyHeld(TaskState)
                0x00000000c0018ce4                blockTask(TaskState)
                0x00000000c0018d05                waitTask(int, int*, int)
                0x00000000c0018d47                nanoSleepUntil(unsigned long long)
                0x00000000c0018d9e                nanoSleep(unsigned long long)
                0x00000000c0018db3                sleep(unsigned long long)
                0x00000000c0018dd0                Semaphore::acquire()
                0x00000000c0018e38                taskReturned
                0x00000000c0018e66                unblockTask(ThreadControlBlock*)
                0x00000000c0018f15                cleanupTerminatedTask(ThreadControlBlock*)
                0x00000000c00191b9                cleanerTaskFunction(void*)
                0x00000000c001926c                terminateTask(int)
                0x00000000c001934c                Thr::terminateFromIRQ(int)
                0x00000000c0019358                Semaphore::release()
 .text          0x00000000c0019444      0x8bf vm86/vm8086.32
                0x00000000c0019444                Vm::vm8086EntryPoint(void*)
                0x00000000c001946f                Vm::inbv(unsigned short)
                0x00000000c0019475                Vm::outbv(unsigned short, unsigned char)
                0x00000000c001947f                Vm::realToLinear(unsigned short, unsigned short)
                0x00000000c001948f                Vm::getSegment(unsigned int)
                0x00000000c0019497                Vm::getOffset(unsigned int)
                0x00000000c001949c                Vm::loadFileAsThread(Process*, char const*, unsigned short, unsigned short, unsigned short, unsigned short)
                0x00000000c00195cb                Vm::doISR(regs*, int, unsigned char*, unsigned short, unsigned short)
                0x00000000c0019655                Vm::readByteFromReal(unsigned short, unsigned short)
                0x00000000c0019666                Vm::readWordFromReal(unsigned short, unsigned short)
                0x00000000c0019678                Vm::readDwordFromReal(unsigned short, unsigned short)
                0x00000000c0019689                Vm::writeByteFromReal(unsigned short, unsigned short, unsigned char)
                0x00000000c001969e                Vm::writeWordFromReal(unsigned short, unsigned short, unsigned short)
                0x00000000c00196b4                Vm::writeDwordFromReal(unsigned short, unsigned short, unsigned int)
                0x00000000c00196c9                Vm::faultHandler(regs*)
 *fill*         0x00000000c0019d03        0x1 
 .text          0x00000000c0019d04     0x10ed fs/fat/vfslink.32
                0x00000000c0019d04                FAT::getName()
                0x00000000c0019d0a                FAT::tell(void*, unsigned long long*)
                0x00000000c0019d3e                FAT::stat(void*, unsigned long long*)
                0x00000000c0019d72                FAT::~FAT()
                0x00000000c0019d72                FAT::~FAT()
                0x00000000c0019d96                FAT::~FAT()
                0x00000000c0019dbe                FAT::getlabel(LogicalDisk*, int, char*, unsigned int*)
                0x00000000c0019e5c                FAT::setlabel(LogicalDisk*, int, char*)
                0x00000000c0019f16                FAT::format(LogicalDisk*, int, char const*, int)
                0x00000000c001a0fa                FAT::tryMount(LogicalDisk*, int)
                0x00000000c001a300                FAT::readDir(void*, unsigned long, void*, int*)
                0x00000000c001a406                FAT::read(void*, unsigned long, void*, int*)
                0x00000000c001a460                FAT::write(void*, unsigned long, void*, int*)
                0x00000000c001a4ba                FAT::close(void*)
                0x00000000c001a506                FAT::closeDir(void*)
                0x00000000c001a552                FAT::seek(void*, unsigned long long)
                0x00000000c001a5a6                fatWrapperReadDisk
                0x00000000c001a5ed                fatWrapperWriteDisk
                0x00000000c001a634                fatWrapperIoctl
                0x00000000c001a738                FAT::FAT()
                0x00000000c001a738                FAT::FAT()
                0x00000000c001a78a                FAT::fixFilepath(char*)
                0x00000000c001a7c2                FAT::open(char const*, void**, FileOpenMode)
                0x00000000c001a8ea                FAT::openDir(char const*, void**)
                0x00000000c001a990                FAT::stat(char const*, unsigned long long*, bool*)
                0x00000000c001aa7a                FAT::unlink(char const*)
                0x00000000c001aaf4                FAT::chfatattr(char const*, unsigned char, unsigned char)
                0x00000000c001ac48                FAT::rename(char const*, char const*)
                0x00000000c001ad0c                FAT::mkdir(char const*)
                0x00000000c001ad86                FAT::exists(char const*)
 *fill*         0x00000000c001adf1        0x1 
 .text          0x00000000c001adf2      0xbdf fs/iso9660/vfslink.32
                0x00000000c001adf2                ISO9660::format(LogicalDisk*, int, char const*, int)
                0x00000000c001adf8                ISO9660::seek(void*, unsigned long long)
                0x00000000c001ae28                ISO9660::tell(void*, unsigned long long*)
                0x00000000c001ae4c                ISO9660::getName()
                0x00000000c001ae52                ISO9660::stat(void*, unsigned long long*)
                0x00000000c001ae76                ISO9660::chfatattr(char const*, unsigned char, unsigned char)
                0x00000000c001ae7c                ISO9660::unlink(char const*)
                0x00000000c001ae82                ISO9660::write(void*, unsigned long, void*, int*)
                0x00000000c001ae88                ISO9660::rename(char const*, char const*)
                0x00000000c001ae8e                ISO9660::mkdir(char const*)
                0x00000000c001ae94                ISO9660::close(void*)
                0x00000000c001aeb6                ISO9660::closeDir(void*)
                0x00000000c001aed8                ISO9660::~ISO9660()
                0x00000000c001aed8                ISO9660::~ISO9660()
                0x00000000c001aefc                ISO9660::~ISO9660()
                0x00000000c001af23                __memmem(unsigned char*, int, unsigned char*, int)
                0x00000000c001af65                readSectorFromCDROM(unsigned int, unsigned char*, char)
                0x00000000c001afcc                ISO9660::tryMount(LogicalDisk*, int)
                0x00000000c001b01c                ISO9660::read(void*, unsigned long, void*, int*)
                0x00000000c001b260                ISO9660::readDir(void*, unsigned long, void*, int*)
                0x00000000c001b4ed                readRoot(unsigned int*, unsigned int*, char)
                0x00000000c001b542                readRecursively(char*, unsigned int, unsigned int, unsigned int*, unsigned int*, char, int*)
                0x00000000c001b715                getFileData(char*, unsigned int*, unsigned int*, char, int*)
                0x00000000c001b7a4                ISO9660::open(char const*, void**, FileOpenMode)
                0x00000000c001b83e                ISO9660::exists(char const*)
                0x00000000c001b862                ISO9660::stat(char const*, unsigned long long*, bool*)
                0x00000000c001b8f6                ISO9660::openDir(char const*, void**)
                0x00000000c001b9ae                ISO9660::ISO9660()
                0x00000000c001b9ae                ISO9660::ISO9660()
 *fill*         0x00000000c001b9d1        0x1 
 .text          0x00000000c001b9d2      0x244 hal/sound/sndchannel.32
                0x00000000c001b9d2                SoundChannel::~SoundChannel()
                0x00000000c001b9d2                SoundChannel::~SoundChannel()
                0x00000000c001b9ee                SoundChannel::setSpeed(float)
                0x00000000c001b9fa                SoundChannel::getSpeed()
                0x00000000c001ba02                SoundChannel::setVolume(int)
                0x00000000c001ba1e                SoundChannel::getVolume()
                0x00000000c001ba26                SoundChannel::pause()
                0x00000000c001ba30                SoundChannel::SoundChannel(int, int, int, int)
                0x00000000c001ba30                SoundChannel::SoundChannel(int, int, int, int)
                0x00000000c001bb26                SoundChannel::play()
                0x00000000c001bb30                SoundChannel::paused()
                0x00000000c001bb38                SoundChannel::getSampleRate()
                0x00000000c001bb40                SoundChannel::getBits()
                0x00000000c001bb48                SoundChannel::getBufferUsed()
                0x00000000c001bb50                SoundChannel::getBufferSize()
                0x00000000c001bb58                SoundChannel::unbuffer(float*, int, int)
                0x00000000c001bbca                SoundChannel::buffer8(unsigned char*, int)
 .text          0x00000000c001bc16      0x317 hal/sound/sndhw.32
                0x00000000c001bc16                SoundDevice::SoundDevice(char const*)
                0x00000000c001bc16                SoundDevice::SoundDevice(char const*)
                0x00000000c001bc82                SoundDevice::~SoundDevice()
                0x00000000c001bc82                SoundDevice::~SoundDevice()
                0x00000000c001bcfc                SoundDevice::~SoundDevice()
                0x00000000c001bd26                SoundDevice::getFreeChannelNum()
                0x00000000c001bd40                SoundDevice::addChannel(SoundChannel*)
                0x00000000c001bdb0                SoundDevice::removeChannel(int)
                0x00000000c001bde2                SoundDevice::floatTo8(float*, unsigned char*, int)
                0x00000000c001be4e                SoundDevice::getAudio(int, float*, float*)
 .text          0x00000000c001bf2d        0x0 hw/bus/isa.32
 *fill*         0x00000000c001bf2d        0x1 
 .text          0x00000000c001bf2e      0x6c1 hw/bus/pci.32
                0x00000000c001bf2e                PCI::open(int, int, void*)
                0x00000000c001bf42                PCI::close(int, int, void*)
                0x00000000c001bf46                PCI::PCI()
                0x00000000c001bf46                PCI::PCI()
                0x00000000c001bfc6                PCI::pciReadWord(unsigned char, unsigned char, unsigned char, unsigned char)
                0x00000000c001c00e                PCI::getVendorID(unsigned char, unsigned char, unsigned char)
                0x00000000c001c030                PCI::getHeaderType(unsigned char, unsigned char, unsigned char)
                0x00000000c001c054                PCI::getClassCode(unsigned char, unsigned char, unsigned char)
                0x00000000c001c098                PCI::getProgIF(unsigned char, unsigned char, unsigned char)
                0x00000000c001c0bc                PCI::getRevisionID(unsigned char, unsigned char, unsigned char)
                0x00000000c001c0de                PCI::getInterruptNumber(unsigned char, unsigned char, unsigned char)
                0x00000000c001c100                PCI::getSecondaryBus(unsigned char, unsigned char, unsigned char)
                0x00000000c001c124                PCI::getBARAddress(unsigned char, unsigned char, unsigned char, unsigned char)
                0x00000000c001c184                PCI::pciWriteWord(unsigned char, unsigned char, unsigned char, unsigned char, unsigned short)
                0x00000000c001c1f0                PCI::checkBus(unsigned char)
                0x00000000c001c214                PCI::foundDevice(PCIDeviceInfo)
                0x00000000c001c384                PCI::getDeviceData(unsigned char, unsigned char, unsigned char)
                0x00000000c001c530                PCI::checkDevice(unsigned char, unsigned char)
                0x00000000c001c59c                PCI::detect()
 *fill*         0x00000000c001c5ef        0x1 
 .text          0x00000000c001c5f0      0xc70 hw/diskctrl/ide.32
                0x00000000c001c5f0                IDE::close(int, int, void*)
                0x00000000c001c5f4                IDE::IDE()
                0x00000000c001c5f4                IDE::IDE()
                0x00000000c001c628                IDE::prepareInterrupt(unsigned char)
                0x00000000c001c63a                selectDrive(unsigned char, unsigned char)
                0x00000000c001c63c                IDE::getBase(unsigned char)
                0x00000000c001c64e                IDE::write(unsigned char, unsigned char, unsigned char)
                0x00000000c001c70e                IDE::read(unsigned char, unsigned char)
                0x00000000c001c7bc                IDE::waitInterrupt(unsigned char)
                0x00000000c001c822                ideChannel0IRQHandler(regs*, void*)
                0x00000000c001c83e                ideChannel1IRQHandler(regs*, void*)
                0x00000000c001c85a                IDE::enableIRQs(unsigned char, bool)
                0x00000000c001c8a0                IDE::open(int, int, void*)
                0x00000000c001ccb0                IDE::readBuffer(unsigned char, unsigned char, unsigned int, unsigned int)
                0x00000000c001cd7c                IDE::detect()
                0x00000000c001d064                IDE::printError(unsigned char, unsigned char, unsigned char)
                0x00000000c001d1fa                IDE::polling(unsigned char, unsigned int)
 .text          0x00000000c001d260      0x62b hw/diskphys/ata.32
                0x00000000c001d260                ATA::close(int, int, void*)
                0x00000000c001d284                ATA::powerSaving(PowerSavingLevel)
                0x00000000c001d286                ATA::ATA()
                0x00000000c001d286                ATA::ATA()
                0x00000000c001d2b4                ATA::flush(bool)
                0x00000000c001d2fe                ATA::readyForCommand()
                0x00000000c001d34e                ATA::access(unsigned long long, int, void*, bool)
                0x00000000c001d6cc                ATA::read(unsigned long long, int, void*)
                0x00000000c001d734                ATA::write(unsigned long long, int, void*)
                0x00000000c001d79c                ATA::detectCHS()
                0x00000000c001d7c6                ATA::open(int, int, void*)
 *fill*         0x00000000c001d88b        0x1 
 .text          0x00000000c001d88c      0x5b3 hw/diskphys/atapi.32
                0x00000000c001d88c                ATAPI::write(unsigned long long, int, void*)
                0x00000000c001d892                ATAPI::close(int, int, void*)
                0x00000000c001d8b6                ATAPI::ATAPI()
                0x00000000c001d8b6                ATAPI::ATAPI()
                0x00000000c001d8e4                ATAPI::readyForCommand()
                0x00000000c001d934                ATAPI::sendPacket(unsigned char*, int, bool, unsigned short*, int)
                0x00000000c001dbf4                ATAPI::diskRemoved()
                0x00000000c001dc10                ATAPI::eject()
                0x00000000c001dc56                ATAPI::diskInserted()
                0x00000000c001dc84                ATAPI::detectMedia()
                0x00000000c001dd40                ATAPI::open(int, int, void*)
                0x00000000c001ddc0                ATAPI::read(unsigned long long, int, void*)
 *fill*         0x00000000c001de3f        0x1 
 .text          0x00000000c001de40       0x8e hw/fpu/avx.32
                0x00000000c001de40                AVX::open(int, int, void*)
                0x00000000c001de52                AVX::close(int, int, void*)
                0x00000000c001de64                AVX::available()
                0x00000000c001de76                AVX::save(void*)
                0x00000000c001de8e                AVX::load(void*)
                0x00000000c001dea6                AVX::AVX()
                0x00000000c001dea6                AVX::AVX()
 .text          0x00000000c001dece       0x90 hw/fpu/mmx.32
                0x00000000c001dece                MMX::available()
                0x00000000c001dee2                MMX::open(int, int, void*)
                0x00000000c001def4                MMX::close(int, int, void*)
                0x00000000c001df06                MMX::save(void*)
                0x00000000c001df1e                MMX::load(void*)
                0x00000000c001df36                MMX::MMX()
                0x00000000c001df36                MMX::MMX()
 .text          0x00000000c001df5e       0x96 hw/fpu/sse.32
                0x00000000c001df5e                SSE::open(int, int, void*)
                0x00000000c001df70                SSE::close(int, int, void*)
                0x00000000c001df82                SSE::available()
                0x00000000c001df9c                SSE::save(void*)
                0x00000000c001dfb4                SSE::load(void*)
                0x00000000c001dfcc                SSE::SSE()
                0x00000000c001dfcc                SSE::SSE()
 .text          0x00000000c001dff4       0x8e hw/fpu/x87.32
                0x00000000c001dff4                x87::open(int, int, void*)
                0x00000000c001e006                x87::close(int, int, void*)
                0x00000000c001e018                x87::available()
                0x00000000c001e02a                x87::save(void*)
                0x00000000c001e042                x87::load(void*)
                0x00000000c001e05a                x87::x87()
                0x00000000c001e05a                x87::x87()
 .text          0x00000000c001e082      0x5f3 hw/intctrl/apic.32
                0x00000000c001e082                APIC::disable()
                0x00000000c001e084                APIC::close(int, int, void*)
                0x00000000c001e0a6                IOAPIC::close(int, int, void*)
                0x00000000c001e0ac                APIC::io_wait()
                0x00000000c001e0b2                APIC::getBase()
                0x00000000c001e0f4                APIC::eoi(unsigned char)
                0x00000000c001e122                APIC::open(int, int, void*)
                0x00000000c001e1dc                IOAPIC::IOAPIC()
                0x00000000c001e1dc                IOAPIC::IOAPIC()
                0x00000000c001e204                APIC::APIC()
                0x00000000c001e204                APIC::APIC()
                0x00000000c001e2d4                IOAPIC::handlesGSIWithNumber(unsigned int)
                0x00000000c001e306                IOAPIC::read(int)
                0x00000000c001e32e                IOAPIC::open(int, int, void*)
                0x00000000c001e424                IOAPIC::write(int, int)
                0x00000000c001e450                IOAPIC::redirect(unsigned char, unsigned long long, unsigned char)
                0x00000000c001e50a                APIC::installIRQHandler(int, void (*)(regs*, void*), bool, void*)
 *fill*         0x00000000c001e675        0x1 
 .text          0x00000000c001e676      0x3d3 hw/intctrl/pic.32
                0x00000000c001e676                PIC::disable()
                0x00000000c001e6a4                PIC::close(int, int, void*)
                0x00000000c001e6c6                PIC::PIC()
                0x00000000c001e6c6                PIC::PIC()
                0x00000000c001e79c                PIC::ioWait()
                0x00000000c001e7a2                PIC::getIRQReg(int)
                0x00000000c001e80c                PIC::eoi(unsigned char)
                0x00000000c001e89e                PIC::remap()
                0x00000000c001ea0a                PIC::open(int, int, void*)
 *fill*         0x00000000c001ea49        0x1 
 .text          0x00000000c001ea4a      0x252 hw/timer/apictimer.32
                0x00000000c001ea4a                APICTimer::close(int, int, void*)
                0x00000000c001ea50                apicTimerHandler(regs*, void*)
                0x00000000c001ea7e                APICTimer::write(int)
                0x00000000c001eb7c                APICTimer::open(int, int, void*)
                0x00000000c001ec74                APICTimer::APICTimer()
                0x00000000c001ec74                APICTimer::APICTimer()
 .text          0x00000000c001ec9c      0x1a7 hw/timer/pit.32
                0x00000000c001ec9c                PIT::write(int)
                0x00000000c001ed1a                pitHandler(regs*, void*)
                0x00000000c001ed46                PIT::open(int, int, void*)
                0x00000000c001ed94                PIT::close(int, int, void*)
                0x00000000c001edc4                PIT::PIT()
                0x00000000c001edc4                PIT::PIT()
 *fill*         0x00000000c001ee43        0xd 
 .text          0x00000000c001ee50        0xa hw/fpu/x86/avx.32
                0x00000000c001ee50                avxDetect
                0x00000000c001ee56                avxSave
                0x00000000c001ee57                avxLoad
                0x00000000c001ee58                avxInit
                0x00000000c001ee59                avxClose
 *fill*         0x00000000c001ee5a        0x6 
 .text          0x00000000c001ee60       0x38 hw/fpu/x86/sse.32
                0x00000000c001ee60                sseDetect
                0x00000000c001ee7b                sseSave
                0x00000000c001ee81                sseLoad
                0x00000000c001ee87                sseInit
                0x00000000c001ee97                sseClose
 *fill*         0x00000000c001ee98        0x8 
 .text          0x00000000c001eea0       0x47 hw/fpu/x86/x87.32
                0x00000000c001eea6                x87Detect
                0x00000000c001eec1                x87Save
                0x00000000c001eec7                x87Load
                0x00000000c001eecc                x87Init
                0x00000000c001eee6                x87Close
 *fill*         0x00000000c001eee7        0x1 
 .text          0x00000000c001eee8       0x25 /cygdrive/d/Users/Alex/Desktop/Toolchain/Output/bin/../lib/gcc/i386-banana/8.1.0/crtend.o
 .text          0x00000000c001ef0d        0x0 crtn.32
 *fill*         0x00000000c001ef0d        0x3 
 .text          0x00000000c001ef10      0x14b /cygdrive/d/Users/Alex/Desktop/Toolchain/Output/bin/../lib/gcc/i386-banana/8.1.0/libgcc.a(_divdi3.o)
                0x00000000c001ef10                __divdi3
 *fill*         0x00000000c001f05b        0x1 
 .text          0x00000000c001f05c      0x17e /cygdrive/d/Users/Alex/Desktop/Toolchain/Output/bin/../lib/gcc/i386-banana/8.1.0/libgcc.a(_moddi3.o)
                0x00000000c001f05c                __moddi3
 *fill*         0x00000000c001f1da        0x2 
 .text          0x00000000c001f1dc       0xff /cygdrive/d/Users/Alex/Desktop/Toolchain/Output/bin/../lib/gcc/i386-banana/8.1.0/libgcc.a(_udivdi3.o)
                0x00000000c001f1dc                __udivdi3
 *fill*         0x00000000c001f2db        0x1 
 .text          0x00000000c001f2dc      0x11a /cygdrive/d/Users/Alex/Desktop/Toolchain/Output/bin/../lib/gcc/i386-banana/8.1.0/libgcc.a(_umoddi3.o)
                0x00000000c001f2dc                __umoddi3
 *fill*         0x00000000c001f3f6        0xa 
 .text          0x00000000c001f400       0x1e D:/Users/Alex/Desktop/Banana/kernel/libk/libm32.a(s_fabs.c.o)
                0x00000000c001f400                fabs
 *fill*         0x00000000c001f41e        0x2 
 .text          0x00000000c001f420        0xc D:/Users/Alex/Desktop/Banana/kernel/libk/libm32.a(s_lrint.S.o)
                0x00000000c001f420                lrint
 .text          0x00000000c001f42c        0xc D:/Users/Alex/Desktop/Banana/kernel/libk/libm32.a(s_lrintf.S.o)
                0x00000000c001f42c                lrintf
 *(.gnu.linkonce.t*)

.iplt           0x00000000c001f438        0x0
 .iplt          0x00000000c001f438        0x0 D:/Users/Alex/Desktop/Banana/kernel/boot.32

.init           0x00000000c001f438        0xf
 .init          0x00000000c001f438        0x3 crti.32
                0x00000000c001f438                _init
 .init          0x00000000c001f43b        0x5 /cygdrive/d/Users/Alex/Desktop/Toolchain/Output/bin/../lib/gcc/i386-banana/8.1.0/crtbegin.o
 .init          0x00000000c001f440        0x5 /cygdrive/d/Users/Alex/Desktop/Toolchain/Output/bin/../lib/gcc/i386-banana/8.1.0/crtend.o
 .init          0x00000000c001f445        0x2 crtn.32

.fini           0x00000000c001f447        0xa
 .fini          0x00000000c001f447        0x3 crti.32
                0x00000000c001f447                _fini
 .fini          0x00000000c001f44a        0x5 /cygdrive/d/Users/Alex/Desktop/Toolchain/Output/bin/../lib/gcc/i386-banana/8.1.0/crtbegin.o
 .fini          0x00000000c001f44f        0x2 crtn.32

.text._ZN8ComputerD2Ev
                0x00000000c001f452       0x23
 .text._ZN8ComputerD2Ev
                0x00000000c001f452       0x23 core/computer.32
                0x00000000c001f452                Computer::~Computer()
                0x00000000c001f452                Computer::~Computer()

.text._ZN8ComputerD0Ev
                0x00000000c001f476       0x2a
 .text._ZN8ComputerD0Ev
                0x00000000c001f476       0x2a core/computer.32
                0x00000000c001f476                Computer::~Computer()

.text._Z10idleCommonv
                0x00000000c001f4a0       0x15
 .text._Z10idleCommonv
                0x00000000c001f4a0       0x15 core/idle.32
                0x00000000c001f4a0                idleCommon()

.text._ZN3CPU7readCR3Ev
                0x00000000c001f4b5       0x12
 .text._ZN3CPU7readCR3Ev
                0x00000000c001f4b5       0x12 core/kheap.32
                0x00000000c001f4b5                CPU::readCR3()

.text._ZN3CPU8writeCR3Em
                0x00000000c001f4c7        0x9
 .text._ZN3CPU8writeCR3Em
                0x00000000c001f4c7        0x9 core/kheap.32
                0x00000000c001f4c7                CPU::writeCR3(unsigned long)

.text._ZN10LinkedListI8UnixFileED2Ev
                0x00000000c001f4d0        0x2
 .text._ZN10LinkedListI8UnixFileED2Ev
                0x00000000c001f4d0        0x2 core/unixfile.32
                0x00000000c001f4d0                LinkedList<UnixFile>::~LinkedList()
                0x00000000c001f4d0                LinkedList<UnixFile>::~LinkedList()

.text._ZN10LinkedListI8UnixFileEC2Ev
                0x00000000c001f4d2       0x58
 .text._ZN10LinkedListI8UnixFileEC2Ev
                0x00000000c001f4d2       0x58 core/unixfile.32
                0x00000000c001f4d2                LinkedList<UnixFile>::LinkedList()
                0x00000000c001f4d2                LinkedList<UnixFile>::LinkedList()

.text._ZN10LinkedListI8UnixFileE10addElementEPS0_
                0x00000000c001f52a       0xd3
 .text._ZN10LinkedListI8UnixFileE10addElementEPS0_
                0x00000000c001f52a       0xd3 core/unixfile.32
                0x00000000c001f52a                LinkedList<UnixFile>::addElement(UnixFile*)

.text._ZN10LinkedListI8UnixFileE15getFirstElementEv
                0x00000000c001f5fe        0x7
 .text._ZN10LinkedListI8UnixFileE15getFirstElementEv
                0x00000000c001f5fe        0x7 core/unixfile.32
                0x00000000c001f5fe                LinkedList<UnixFile>::getFirstElement()

.text._ZN10LinkedListI8UnixFileE11removeFirstEv
                0x00000000c001f606       0xa1
 .text._ZN10LinkedListI8UnixFileE11removeFirstEv
                0x00000000c001f606       0xa1 core/unixfile.32
                0x00000000c001f606                LinkedList<UnixFile>::removeFirst()

.text._ZN10LinkedListI8UnixFileE7getNextEPS0_
                0x00000000c001f6a8        0x8
 .text._ZN10LinkedListI8UnixFileE7getNextEPS0_
                0x00000000c001f6a8        0x8 core/unixfile.32
                0x00000000c001f6a8                LinkedList<UnixFile>::getNext(UnixFile*)

.text._ZN16DriverlessDeviceD2Ev
                0x00000000c001f6b0       0x1a
 .text._ZN16DriverlessDeviceD2Ev
                0x00000000c001f6b0       0x1a hal/device.32
                0x00000000c001f6b0                DriverlessDevice::~DriverlessDevice()
                0x00000000c001f6b0                DriverlessDevice::~DriverlessDevice()

.text._ZN16DriverlessDeviceD0Ev
                0x00000000c001f6ca       0x2a
 .text._ZN16DriverlessDeviceD0Ev
                0x00000000c001f6ca       0x2a hal/device.32
                0x00000000c001f6ca                DriverlessDevice::~DriverlessDevice()

.text._ZN10LinkedListI6DeviceE10addElementEPS0_
                0x00000000c001f6f4       0xdc
 .text._ZN10LinkedListI6DeviceE10addElementEPS0_
                0x00000000c001f6f4       0xdc hal/device.32
                0x00000000c001f6f4                LinkedList<Device>::addElement(Device*)

.text._ZN10LinkedListI6DeviceEC2Ev
                0x00000000c001f7d0       0x58
 .text._ZN10LinkedListI6DeviceEC2Ev
                0x00000000c001f7d0       0x58 hal/device.32
                0x00000000c001f7d0                LinkedList<Device>::LinkedList()
                0x00000000c001f7d0                LinkedList<Device>::LinkedList()

.text._ZN3CPU7readCR0Ev
                0x00000000c001f828       0x12
 .text._ZN3CPU7readCR0Ev
                0x00000000c001f828       0x12 hal/fpu.32
                0x00000000c001f828                CPU::readCR0()

.text._ZN3CPU8writeCR0Em
                0x00000000c001f83a        0x9
 .text._ZN3CPU8writeCR0Em
                0x00000000c001f83a        0x9 hal/fpu.32
                0x00000000c001f83a                CPU::writeCR0(unsigned long)

.text._ZN3CPU7readDR0Ev
                0x00000000c001f843       0x12
 .text._ZN3CPU7readDR0Ev
                0x00000000c001f843       0x12 hal/intctrl.32
                0x00000000c001f843                CPU::readDR0()

.text._ZN3CPU7readDR1Ev
                0x00000000c001f855       0x12
 .text._ZN3CPU7readDR1Ev
                0x00000000c001f855       0x12 hal/intctrl.32
                0x00000000c001f855                CPU::readDR1()

.text._ZN3CPU7readDR2Ev
                0x00000000c001f867       0x12
 .text._ZN3CPU7readDR2Ev
                0x00000000c001f867       0x12 hal/intctrl.32
                0x00000000c001f867                CPU::readDR2()

.text._ZN3CPU7readDR3Ev
                0x00000000c001f879       0x12
 .text._ZN3CPU7readDR3Ev
                0x00000000c001f879       0x12 hal/intctrl.32
                0x00000000c001f879                CPU::readDR3()

.text._ZN3CPU7readDR6Ev
                0x00000000c001f88b       0x12
 .text._ZN3CPU7readDR6Ev
                0x00000000c001f88b       0x12 hal/intctrl.32
                0x00000000c001f88b                CPU::readDR6()

.text._ZN3CPU7readDR7Ev
                0x00000000c001f89d       0x12
 .text._ZN3CPU7readDR7Ev
                0x00000000c001f89d       0x12 hal/intctrl.32
                0x00000000c001f89d                CPU::readDR7()

.text._ZN10LinkedListIV18ThreadControlBlockE15getFirstElementEv
                0x00000000c001f8b0        0x7
 .text._ZN10LinkedListIV18ThreadControlBlockE15getFirstElementEv
                0x00000000c001f8b0        0x7 hal/timer.32
                0x00000000c001f8b0                LinkedList<ThreadControlBlock volatile>::getFirstElement()

.text._ZN10LinkedListIV18ThreadControlBlockE7isEmptyEv
                0x00000000c001f8b8       0x1c
 .text._ZN10LinkedListIV18ThreadControlBlockE7isEmptyEv
                0x00000000c001f8b8       0x1c hal/timer.32
                0x00000000c001f8b8                LinkedList<ThreadControlBlock volatile>::isEmpty()

.text._ZN10LinkedListIV18ThreadControlBlockE11removeFirstEv
                0x00000000c001f8d4       0xae
 .text._ZN10LinkedListIV18ThreadControlBlockE11removeFirstEv
                0x00000000c001f8d4       0xae hal/timer.32
                0x00000000c001f8d4                LinkedList<ThreadControlBlock volatile>::removeFirst()

.text._ZN10LinkedListIV18ThreadControlBlockE10addElementEPS1_
                0x00000000c001f982       0xd3
 .text._ZN10LinkedListIV18ThreadControlBlockE10addElementEPS1_
                0x00000000c001f982       0xd3 hal/timer.32
                0x00000000c001f982                LinkedList<ThreadControlBlock volatile>::addElement(ThreadControlBlock volatile*)

.text._ZN4ACPID2Ev
                0x00000000c001fa56       0x23
 .text._ZN4ACPID2Ev
                0x00000000c001fa56       0x23 hw/acpi.32
                0x00000000c001fa56                ACPI::~ACPI()
                0x00000000c001fa56                ACPI::~ACPI()

.text._ZN4ACPID0Ev
                0x00000000c001fa7a       0x2a
 .text._ZN4ACPID0Ev
                0x00000000c001fa7a       0x2a hw/acpi.32
                0x00000000c001fa7a                ACPI::~ACPI()

.text._ZN3CPUD2Ev
                0x00000000c001faa4       0x23
 .text._ZN3CPUD2Ev
                0x00000000c001faa4       0x23 hw/cpu.32
                0x00000000c001faa4                CPU::~CPU()
                0x00000000c001faa4                CPU::~CPU()

.text._ZN3CPUD0Ev
                0x00000000c001fac8       0x2a
 .text._ZN3CPUD0Ev
                0x00000000c001fac8       0x2a hw/cpu.32
                0x00000000c001fac8                CPU::~CPU()

.text._ZN3CPU7readCR4Ev
                0x00000000c001faf2       0x12
 .text._ZN3CPU7readCR4Ev
                0x00000000c001faf2       0x12 hw/cpu.32
                0x00000000c001faf2                CPU::readCR4()

.text._ZN3CPU8writeDR7Em
                0x00000000c001fb04        0x9
 .text._ZN3CPU8writeDR7Em
                0x00000000c001fb04        0x9 hw/cpu.32
                0x00000000c001fb04                CPU::writeDR7(unsigned long)

.text._ZN3CPU8writeCR4Em
                0x00000000c001fb0d        0x9
 .text._ZN3CPU8writeCR4Em
                0x00000000c001fb0d        0x9 hw/cpu.32
                0x00000000c001fb0d                CPU::writeCR4(unsigned long)

.text._ZN3CPU7readCR2Ev
                0x00000000c001fb16       0x12
 .text._ZN3CPU7readCR2Ev
                0x00000000c001fb16       0x12 krnl/panic.32
                0x00000000c001fb16                CPU::readCR2()

.text._ZN10LinkedListIV18ThreadControlBlockED2Ev
                0x00000000c001fb28        0x2
 .text._ZN10LinkedListIV18ThreadControlBlockED2Ev
                0x00000000c001fb28        0x2 thr/prcssthr.32
                0x00000000c001fb28                LinkedList<ThreadControlBlock volatile>::~LinkedList()
                0x00000000c001fb28                LinkedList<ThreadControlBlock volatile>::~LinkedList()

.text._ZN18ThreadControlBlockC2Ev
                0x00000000c001fb2a       0x3e
 .text._ZN18ThreadControlBlockC2Ev
                0x00000000c001fb2a       0x3e thr/prcssthr.32
                0x00000000c001fb2a                ThreadControlBlock::ThreadControlBlock()
                0x00000000c001fb2a                ThreadControlBlock::ThreadControlBlock()

.text._ZN10LinkedListIV18ThreadControlBlockEC2Ev
                0x00000000c001fb68       0x58
 .text._ZN10LinkedListIV18ThreadControlBlockEC2Ev
                0x00000000c001fb68       0x58 thr/prcssthr.32
                0x00000000c001fb68                LinkedList<ThreadControlBlock volatile>::LinkedList()
                0x00000000c001fb68                LinkedList<ThreadControlBlock volatile>::LinkedList()

.text._ZN10LinkedListIV18ThreadControlBlockE7getNextEPS1_
                0x00000000c001fbc0        0x8
 .text._ZN10LinkedListIV18ThreadControlBlockE7getNextEPS1_
                0x00000000c001fbc0        0x8 thr/prcssthr.32
                0x00000000c001fbc0                LinkedList<ThreadControlBlock volatile>::getNext(ThreadControlBlock volatile*)

.text._ZN3PCID2Ev
                0x00000000c001fbc8       0x23
 .text._ZN3PCID2Ev
                0x00000000c001fbc8       0x23 hw/bus/pci.32