Archive member included to satisfy reference by file (symbol)

/cygdrive/d/Users/Alex/Desktop/Toolchain/Output/bin/../lib/gcc/i386-banana/8.1.0/libkgcc.a(_divdi3.o)
                              krnl/resolve.32 (__divdi3)
/cygdrive/d/Users/Alex/Desktop/Toolchain/Output/bin/../lib/gcc/i386-banana/8.1.0/libkgcc.a(_moddi3.o)
                              krnl/resolve.32 (__moddi3)
/cygdrive/d/Users/Alex/Desktop/Toolchain/Output/bin/../lib/gcc/i386-banana/8.1.0/libkgcc.a(_udivdi3.o)
                              hal/clock.32 (__udivdi3)
/cygdrive/d/Users/Alex/Desktop/Toolchain/Output/bin/../lib/gcc/i386-banana/8.1.0/libkgcc.a(_umoddi3.o)
                              core/pipe.32 (__umoddi3)

Allocating common symbols
Common symbol       size              file

dcache              0x40              fs/iso9660/iso9660.32
cdDriveLetter       0x1               fs/iso9660/iso9660.32
icache              0x40              fs/iso9660/iso9660.32

Discarded input sections

 .comment       0x0000000000000000       0x12 /cygdrive/d/Users/Alex/Desktop/Toolchain/Output/bin/../lib/gcc/i386-banana/8.1.0/crtbegin.o
 .comment       0x0000000000000000       0x12 acpica/utclib.32
 .comment       0x0000000000000000       0x12 core/malloc.32
 .comment       0x0000000000000000       0x12 libk/ctype.32
 .comment       0x0000000000000000       0x12 libk/string.32
 .comment       0x0000000000000000       0x12 fs/fat/diskio.32
 .comment       0x0000000000000000       0x12 fs/fat/ff.32
 .comment       0x0000000000000000       0x12 fs/fat/ffsystem.32
 .comment       0x0000000000000000       0x12 fs/fat/ffunicode.32
 .comment       0x0000000000000000       0x12 fs/iso9660/iso9660.32
 .group         0x0000000000000000       0x14 core/computer.32
 .group         0x0000000000000000        0xc core/computer.32
 .comment       0x0000000000000000       0x12 core/computer.32
 .comment       0x0000000000000000       0x12 core/gdt.32
 .group         0x0000000000000000        0xc core/idle.32
 .comment       0x0000000000000000       0x12 core/idle.32
 .comment       0x0000000000000000       0x12 core/idt.32
 .comment       0x0000000000000000       0x12 core/kheap.32
 .comment       0x0000000000000000       0x12 core/main.32
 .comment       0x0000000000000000       0x12 core/physmgr.32
 .group         0x0000000000000000        0xc core/pipe.32
 .comment       0x0000000000000000       0x12 core/pipe.32
 .group         0x0000000000000000        0xc core/terminal.32
 .comment       0x0000000000000000       0x12 core/terminal.32
 .comment       0x0000000000000000       0x12 core/tss.32
 .group         0x0000000000000000        0x8 core/unixfile.32
 .group         0x0000000000000000        0x8 core/unixfile.32
 .group         0x0000000000000000        0xc core/unixfile.32
 .group         0x0000000000000000        0x8 core/unixfile.32
 .group         0x0000000000000000        0xc core/unixfile.32
 .group         0x0000000000000000        0x8 core/unixfile.32
 .group         0x0000000000000000        0xc core/unixfile.32
 .group         0x0000000000000000        0xc core/unixfile.32
 .comment       0x0000000000000000       0x12 core/unixfile.32
 .comment       0x0000000000000000       0x12 core/virtmgr.32
 .comment       0x0000000000000000       0x12 coreobjs/c++.32
 .comment       0x0000000000000000       0x12 dbg/kconsole.32
 .group         0x0000000000000000        0xc fs/vfs.32
 .group         0x0000000000000000        0xc fs/vfs.32
 .group         0x0000000000000000        0xc fs/vfs.32
 .comment       0x0000000000000000       0x12 fs/vfs.32
 .group         0x0000000000000000        0xc hal/bus.32
 .comment       0x0000000000000000       0x12 hal/bus.32
 .comment       0x0000000000000000       0x12 hal/buzzer.32
 .group         0x0000000000000000        0xc hal/clock.32
 .comment       0x0000000000000000       0x12 hal/clock.32
 .group         0x0000000000000000       0x14 hal/device.32
 .group         0x0000000000000000        0xc hal/device.32
 .group         0x0000000000000000        0x8 hal/device.32
 .group         0x0000000000000000        0xc hal/device.32
 .group         0x0000000000000000        0xc hal/device.32
 .comment       0x0000000000000000       0x12 hal/device.32
 .group         0x0000000000000000        0xc hal/diskctrl.32
 .comment       0x0000000000000000       0x12 hal/diskctrl.32
 .group         0x0000000000000000        0xc hal/diskphys.32
 .comment       0x0000000000000000       0x12 hal/diskphys.32
 .comment       0x0000000000000000       0x12 hal/fpu.32
 .comment       0x0000000000000000       0x12 hal/intctrl.32
 .group         0x0000000000000000        0xc hal/keybrd.32
 .comment       0x0000000000000000       0x12 hal/keybrd.32
 .group         0x0000000000000000        0xc hal/logidisk.32
 .comment       0x0000000000000000       0x12 hal/logidisk.32
 .group         0x0000000000000000        0xc hal/mouse.32
 .comment       0x0000000000000000       0x12 hal/mouse.32
[...]
Memory Configuration

Name             Origin             Length             Attributes
*default*        0x0000000000000000 0xffffffffffffffff

Linker script and memory map

LOAD D:/Users/Alex/Desktop/Banana/kernel/boot.32
LOAD crti.32
LOAD /cygdrive/d/Users/Alex/Desktop/Toolchain/Output/bin/../lib/gcc/i386-banana/8.1.0/crtbegin.o
LOAD D:/Users/Alex/Desktop/Banana/kernel/morenasm.32
LOAD acpica/utclib.32
LOAD core/malloc.32
LOAD libk/ctype.32
LOAD libk/string.32
LOAD fs/fat/diskio.32
LOAD fs/fat/ff.32
LOAD fs/fat/ffsystem.32
LOAD fs/fat/ffunicode.32
LOAD fs/iso9660/iso9660.32
LOAD core/computer.32
LOAD core/gdt.32
LOAD core/idle.32
LOAD core/idt.32
LOAD core/kheap.32
LOAD core/main.32
LOAD core/physmgr.32
LOAD core/pipe.32
LOAD core/terminal.32
LOAD core/tss.32
LOAD core/unixfile.32
LOAD core/virtmgr.32
LOAD coreobjs/c++.32
LOAD dbg/kconsole.32
LOAD fs/vfs.32
LOAD hal/bus.32
LOAD hal/buzzer.32
LOAD hal/clock.32
LOAD hal/device.32
LOAD hal/diskctrl.32
LOAD hal/diskphys.32
LOAD hal/fpu.32
LOAD hal/intctrl.32
LOAD hal/keybrd.32
LOAD hal/logidisk.32
LOAD hal/mouse.32
LOAD hal/partition.32
LOAD hal/serial.32
LOAD hal/timer.32
LOAD hal/vcache.32
LOAD hal/video.32
LOAD hw/acpi.32
LOAD hw/cpu.32
LOAD krnl/bootmsg.32
LOAD krnl/env.32
LOAD krnl/inlines.32
LOAD krnl/panic.32
LOAD krnl/powctrl.32
LOAD krnl/resolve.32
LOAD krnl/syscalls.32
LOAD reg/registry.32
LOAD sys/eject.32
LOAD sys/exit.32
LOAD sys/getcwd.32
LOAD sys/getpid.32
LOAD sys/getramdata.32
LOAD sys/getvgaptr.32
LOAD sys/loaddll.32
LOAD sys/read.32
LOAD sys/sbrk.32
LOAD sys/setcwd.32
LOAD sys/settime.32
LOAD sys/timezone.32
LOAD sys/write.32
LOAD sys/wsbe.32
LOAD sys/yield.32
LOAD thr/elf.32
LOAD thr/prcssthr.32
LOAD vm86/vm8086.32
LOAD arch/i386/hal.32
LOAD arch/i386/pic.32
LOAD arch/i386/rtc.32
LOAD arch/i386/vga.32
LOAD fs/fat/vfslink.32
LOAD fs/iso9660/helper.32
LOAD fs/iso9660/vfslink.32
LOAD hal/sound/sndcard.32
LOAD hal/sound/sndport.32
LOAD hw/bus/isa.32
LOAD hw/bus/pci.32
LOAD hw/diskctrl/ide.32
LOAD hw/diskctrl/satabus.32
LOAD hw/diskphys/ata.32
LOAD hw/diskphys/atapi.32
LOAD hw/diskphys/sata.32
LOAD hw/diskphys/satapi.32
LOAD hw/intctrl/apic.32
LOAD hw/timer/apictimer.32
LOAD hw/timer/pit.32
LOAD arch/i386/avx.32
LOAD arch/i386/interrupt.32
LOAD arch/i386/rdrand.32
LOAD arch/i386/sse.32
LOAD arch/i386/x87.32
LOAD /cygdrive/d/Users/Alex/Desktop/Toolchain/Output/bin/../lib/gcc/i386-banana/8.1.0/crtend.o
LOAD crtn.32
LOAD /cygdrive/d/Users/Alex/Desktop/Toolchain/Output/bin/../lib/gcc/i386-banana/8.1.0/libkgcc.a
LOAD D:/Users/Alex/Desktop/Banana/kernel/libsoftfp.a
LOAD D:/Users/Alex/Desktop/Banana/kernel/libk/libm32.a
                0x00000000c0000000                . = 0xc0000000

.text           0x00000000c0000000    0x1be2a
 *(.text)
 .text          0x00000000c0000000       0x20 D:/Users/Alex/Desktop/Banana/kernel/boot.32
 .text          0x00000000c0000020        0x0 crti.32
 .text          0x00000000c0000020      0x101 /cygdrive/d/Users/Alex/Desktop/Toolchain/Output/bin/../lib/gcc/i386-banana/8.1.0/crtbegin.o
 *fill*         0x00000000c0000121        0xf 
 .text          0x00000000c0000130      0x252 D:/Users/Alex/Desktop/Banana/kernel/morenasm.32
                0x00000000c0000130                manualPCIProbe
                0x00000000c000017b                prepareTramp
                0x00000000c0000194                doTPAUSE
                0x00000000c000019e                hasLegacyFPU
                0x00000000c00001c3                is486
                0x00000000c00001f9                detectCPUID
                0x00000000c000020f                goToVM86
                0x00000000c000023f                goToUsermode
                0x00000000c0000269                switchToThreadASMFirstTime
                0x00000000c0000277                switchToThreadASM
                0x00000000c00002ff                asmQuickAcquireLock
                0x00000000c000031d                asmQuickReleaseLock
                0x00000000c0000329                asmAcquireLock
                0x00000000c000034a                asmReleaseLock
                0x00000000c000035d                loadGDT
                0x00000000c000037d                memcpy
 *fill*         0x00000000c0000382        0xe 
 .text          0x00000000c0000390      0x79e acpica/utclib.32
                0x00000000c0000390                memcmp
                0x00000000c00003e0                memmove
                0x00000000c00004d0                memset
                0x00000000c0000540                strlen
                0x00000000c0000570                strpbrk
                0x00000000c00005b0                strtok
                0x00000000c0000600                strcpy
                0x00000000c0000630                strncpy
                0x00000000c00006e0                strcmp
                0x00000000c0000730                strchr
                0x00000000c0000760                strncmp
                0x00000000c00007c0                strcat
                0x00000000c00007f0                strncat
                0x00000000c0000850                strstr
                0x00000000c00008b0                toupper
                0x00000000c00008d0                tolower
                0x00000000c00008f0                simple_strtoul
 .text          0x00000000c0000b2e      0xfad core/malloc.32
                0x00000000c0000c99                dlfree
                0x00000000c0000ff4                dlmalloc
                0x00000000c0001531                dlrealloc
                0x00000000c00016d4                dlmemalign
                0x00000000c00017f7                dlcalloc
                0x00000000c0001891                dlcfree
                0x00000000c0001896                dlindependent_calloc
                0x00000000c00018bb                dlindependent_comalloc
                0x00000000c00018d2                dlvalloc
                0x00000000c00018fd                dlpvalloc
                0x00000000c0001933                dlmalloc_trim
                0x00000000c0001940                dlmalloc_usable_size
                0x00000000c0001971                dlmallinfo
                0x00000000c0001a40                dlmalloc_stats
                0x00000000c0001a51                dlmallopt
 *fill*         0x00000000c0001adb        0x1 
 .text          0x00000000c0001adc      0x1f2 libk/ctype.32
                0x00000000c0001adc                isblank
                0x00000000c0001afc                iscntrl
                0x00000000c0001b1c                isdigit
                0x00000000c0001b38                islower
                0x00000000c0001b54                isspace
                0x00000000c0001b7c                isupper
                0x00000000c0001b98                isalpha
                0x00000000c0001bc8                isalnum
                0x00000000c0001bf8                ispunct
                0x00000000c0001c38                isgraph
                0x00000000c0001c68                isprint
                0x00000000c0001c90                isxdigit
 .text          0x00000000c0001cce        0x0 libk/string.32
 .text          0x00000000c0001cce       0x51 fs/fat/diskio.32
                0x00000000c0001cce                disk_status
                0x00000000c0001cd1                disk_initialize
                0x00000000c0001cd4                disk_read
                0x00000000c0001cea                disk_write
                0x00000000c0001d00                disk_ioctl
 .text          0x00000000c0001d1f     0x3d4b fs/fat/ff.32
                0x00000000c0003abb                f_mount
                0x00000000c0003b1d                f_open
                0x00000000c0003de8                f_read
                0x00000000c0003fe7                f_write
                0x00000000c000421b                f_sync
                0x00000000c00042d0                f_close
                0x00000000c00042ff                f_lseek
                0x00000000c00044a6                f_opendir
                0x00000000c0004571                f_closedir
                0x00000000c0004593                f_readdir
                0x00000000c0004625                f_stat
                0x00000000c00046a4                f_getfree
                0x00000000c00047a6                f_truncate
                0x00000000c000488a                f_unlink
                0x00000000c00049ac                f_mkdir
                0x00000000c0004b47                f_rename
                0x00000000c0004cfd                f_chmod
                0x00000000c0004da6                f_utime
                0x00000000c0004e54                f_getlabel
                0x00000000c0004fa5                f_setlabel
                0x00000000c0005135                f_expand
                0x00000000c0005295                f_mkfs
 *fill*         0x00000000c0005a6a        0x2 
 .text          0x00000000c0005a6c       0x2f fs/fat/ffsystem.32
                0x00000000c0005a6c                ff_memalloc
                0x00000000c0005a84                ff_memfree
 *fill*         0x00000000c0005a9b        0x1 
 .text          0x00000000c0005a9c      0x2a8 fs/fat/ffunicode.32
                0x00000000c0005a9c                ff_uni2oem
                0x00000000c0005b3c                ff_oem2uni
                0x00000000c0005bb4                ff_wtoupper
 .text          0x00000000c0005d44      0xc76 fs/iso9660/iso9660.32
                0x00000000c0005f63                isoReadDiscSector
                0x00000000c0005ffe                strnicmp
                0x00000000c00062b1                stricmp
                0x00000000c00062fd                iso_open
                0x00000000c0006387                iso_close
                0x00000000c00063a5                iso_read
                0x00000000c00064bb                iso_seek
                0x00000000c000653f                iso_tell
                0x00000000c0006570                iso_total
                0x00000000c000659b                fn_postprocess
                0x00000000c00065c1                iso_readdir
                0x00000000c00067b2                iso_reset
                0x00000000c00067bf                init_percd
                0x00000000c00068b9                iso_ioctl
                0x00000000c00068c1                fs_iso9660_init
                0x00000000c000694a                fs_iso9660_shutdown
 .text          0x00000000c00069ba      0x685 core/computer.32
                0x00000000c00069ba                Computer::close(int, int, void*)
                0x00000000c00069ff                Krnl::firstTask()
                0x00000000c0006b32                Computer::Computer()
                0x00000000c0006b32                Computer::Computer()
                0x00000000c0006be4                Computer::setBootMessage(char const*)
                0x00000000c0006be6                Computer::detectFeatures()
                0x00000000c0006df0                Computer::displayFeatures()
                0x00000000c0006df2                Computer::rdmsr(unsigned int)
                0x00000000c0006e1e                Computer::wrmsr(unsigned int, unsigned long long)
                0x00000000c0006e56                Computer::shutdown()
                0x00000000c0006e6e                Computer::restart()
                0x00000000c0006e86                Computer::sleep()
                0x00000000c0006e9a                Computer::nmiEnabled()
                0x00000000c0006ea6                Computer::readCMOS(unsigned char)
                0x00000000c0006ec0                Computer::enableNMI(bool)
                0x00000000c0006ed8                Computer::open(int, int, void*)
                0x00000000c0006fac                Computer::disableNMI()
                0x00000000c0006fbc                Computer::writeCMOS(unsigned char, unsigned char)
                0x00000000c0006fda                Computer::handleNMI()
 *fill*         0x00000000c000703f        0x1 
 .text          0x00000000c0007040      0x1cf core/gdt.32
                0x00000000c0007040                GDTEntry::setBase(unsigned int)
                0x00000000c000705c                GDTEntry::setLimit(unsigned int)
                0x00000000c000707a                GDT::GDT()
                0x00000000c000707a                GDT::GDT()
                0x00000000c0007090                GDT::addEntry(GDTEntry)
                0x00000000c00070b2                GDT::getNumberOfEntries()
                0x00000000c00070ba                GDT::flush()
                0x00000000c00070dc                GDT::setup()
 .text          0x00000000c000720f       0x1d core/idle.32
                0x00000000c000720f                idleFunction(void*)
 .text          0x00000000c000722c      0x464 core/idt.32
                0x00000000c000722c                IDTEntry::IDTEntry(bool)
                0x00000000c000722c                IDTEntry::IDTEntry(bool)
                0x00000000c000729e                IDTEntry::setOffset(unsigned int)
                0x00000000c00072b4                IDT::IDT()
                0x00000000c00072b4                IDT::IDT()
                0x00000000c00072b6                IDT::getPointerToInvalidOpcodeEntryForF00F()
                0x00000000c00072be                IDT::addEntry(IDTEntry, int)
                0x00000000c00072d8                IDT::addEntry(int, void (*)(), bool)
                0x00000000c0007310                IDT::flush()
                0x00000000c000732a                IDT::setup()
 .text          0x00000000c0007690      0x183 core/kheap.32
                0x00000000c0007690                sbrk
                0x00000000c0007725                mmap
                0x00000000c000773b                munmap
                0x00000000c0007751                liballoc_lock()
                0x00000000c000775e                liballoc_unlock()
                0x00000000c0007772                liballoc_alloc(int)
                0x00000000c000778a                liballoc_free(void*, int)
                0x00000000c00077a5                realloc
                0x00000000c00077b9                malloc
                0x00000000c00077c9                free
                0x00000000c00077d9                rfree
                0x00000000c00077e9                calloc
 .text          0x00000000c0007813       0xc3 core/main.32
                0x00000000c0007813                KeEntryPoint
 .text          0x00000000c00078d6      0x5dc core/physmgr.32
                0x00000000c00078d6                Phys::allocateDMA(unsigned long)
                0x00000000c00079ad                Phys::freeDMA(unsigned long, unsigned long)
                0x00000000c00079e0                Phys::setPageState(unsigned long, bool)
                0x00000000c0007a12                Phys::getPageState(unsigned long)
                0x00000000c0007a33                Phys::freePage(unsigned long)
                0x00000000c0007a95                Phys::allocatePage()
                0x00000000c0007b53                Phys::allocateContiguousPages(int)
                0x00000000c0007baf                Phys::allowSegmentToBeUsed(unsigned long, unsigned long)
                0x00000000c0007be7                Phys::physicalMemorySetup(unsigned int)
 .text          0x00000000c0007eb2      0x273 core/pipe.32
                0x00000000c0007eb2                Pipe::isAtty()
                0x00000000c0007eb6                Pipe::~Pipe()
                0x00000000c0007eb6                Pipe::~Pipe()
                0x00000000c0007eda                Pipe::~Pipe()
                0x00000000c0007f02                Pipe::write(unsigned long long, void*, int*)
                0x00000000c0007fc2                Pipe::read(unsigned long long, void*, int*)
                0x00000000c00080be                Pipe::Pipe(int)
                0x00000000c00080be                Pipe::Pipe(int)
 *fill*         0x00000000c0008125        0x1 
 .text          0x00000000c0008126      0xa52 core/terminal.32
                0x00000000c0008126                VgaText::isAtty()
                0x00000000c000812a                VgaText::~VgaText()
                0x00000000c000812a                VgaText::~VgaText()
                0x00000000c000814e                VgaText::~VgaText()
                0x00000000c0008178                VgaText::read(unsigned long long, void*, int*)
                0x00000000c0008198                setTerminalScrollLock(bool)
                0x00000000c0008199                doTerminalCycle()
                0x00000000c000819a                addToTerminalCycle(VgaText*)
                0x00000000c000819b                scrollTerminalScrollLock(int)
                0x00000000c000819c                VgaText::updateTitle()
                0x00000000c000819e                VgaText::load()
                0x00000000c00081a0                VgaText::updateCursor()
                0x00000000c00081b6                VgaText::doANSI_SGR(int)
                0x00000000c000822a                VgaText::setDefaultBgColour(VgaColour)
                0x00000000c000823a                VgaText::setDefaultFgColour(VgaColour)
                0x00000000c000824a                VgaText::setDefaultColours(VgaColour, VgaColour)
                0x00000000c000826a                VgaText::setTitleTextColour(VgaColour)
                0x00000000c0008276                VgaText::setTitleColour(VgaColour)
                0x00000000c0008282                VgaText::setTitle(char*)
                0x00000000c0008284                VgaText::combineColours(unsigned char, unsigned char)
                0x00000000c0008296                VgaText::scrollScreen()
                0x00000000c000832e                VgaText::combineCharAndColour(char, unsigned char)
                0x00000000c0008340                VgaText::writeCharacter(char, VgaColour, VgaColour, int, int)
                0x00000000c00083d0                VgaText::getCursorX()
                0x00000000c00083d8                VgaText::getCursorY()
                0x00000000c00083e0                VgaText::setCursor(int, int)
                0x00000000c00083f7                setActiveTerminal(VgaText*)
                0x00000000c0008442                VgaText::clearScreen()
                0x00000000c0008490                VgaText::setCursorX(int)
                0x00000000c00084a8                VgaText::setCursorY(int)
                0x00000000c00084c0                VgaText::incrementCursor(bool)
                0x00000000c0008514                VgaText::decrementCursor(bool)
                0x00000000c0008536                VgaText::putchar(char, VgaColour, VgaColour)
                0x00000000c0008604                VgaText::putchar(char)
                0x00000000c00086f0                VgaText::putx(unsigned int)
                0x00000000c0008736                VgaText::puts(char const*)
                0x00000000c000875c                VgaText::write(unsigned long long, void*, int*)
                0x00000000c00087a8                VgaText::puts(char const*, VgaColour, VgaColour)
                0x00000000c00088fa                VgaText::VgaText(char const*)
                0x00000000c00088fa                VgaText::VgaText(char const*)
                0x00000000c0008a46                VgaText::receiveKey(unsigned char)
                0x00000000c0008b52                VgaText::doUpdate()
                0x00000000c0008b53                newTerminal(char*)
 .text          0x00000000c0008b78      0x1a1 core/tss.32
                0x00000000c0008b78                TSS::TSS()
                0x00000000c0008b78                TSS::TSS()
                0x00000000c0008b88                TSS::setESP(unsigned long)
                0x00000000c0008b9c                TSS::flush()
                0x00000000c0008bbc                TSS::setup(unsigned long, unsigned long)
 *fill*         0x00000000c0008d19        0x1 
 .text          0x00000000c0008d1a      0x4c2 core/unixfile.32
                0x00000000c0008d1a                ReservedFilename::read(unsigned long long, void*, int*)
                0x00000000c0008d70                ReservedFilename::isAtty()
                0x00000000c0008d8c                ReservedFilename::write(unsigned long long, void*, int*)
                0x00000000c0008dea                UnixFile::getFileDescriptor()
                0x00000000c0008df2                UnixFile::UnixFile(int)
                0x00000000c0008df2                UnixFile::UnixFile(int)
                0x00000000c0008fa2                ReservedFilename::ReservedFilename(int)
                0x00000000c0008fa2                ReservedFilename::ReservedFilename(int)
                0x00000000c0008fd4                UnixFile::~UnixFile()
                0x00000000c0008fd4                UnixFile::~UnixFile()
                0x00000000c000906c                UnixFile::~UnixFile()
                0x00000000c0009094                ReservedFilename::~ReservedFilename()
                0x00000000c0009094                ReservedFilename::~ReservedFilename()
                0x00000000c00090b8                ReservedFilename::~ReservedFilename()
                0x00000000c00090df                getFromFileDescriptor(int)
 .text          0x00000000c00091dc     0x1166 core/virtmgr.32
                0x00000000c00091dc                Virt::setPageState(unsigned long, Virt::VirtPageState)
                0x00000000c0009211                Virt::getPageState(unsigned long)
                0x00000000c0009235                Virt::allocateKernelVirtualPages(int)
                0x00000000c0009346                Virt::freeSwapfilePage(unsigned long)
                0x00000000c0009364                Virt::swapIDToSector(unsigned long)
                0x00000000c0009376                Virt::allocateSwapfilePage()
                0x00000000c00093f4                Virt::virtualMemorySetup()
                0x00000000c000943f                Virt::setupPageSwapping(int)
                0x00000000c00094b0                VAS::VAS()
                0x00000000c00094b0                VAS::VAS()
                0x00000000c00094ec                VAS::VAS(VAS*)
                0x00000000c00094ec                VAS::VAS(VAS*)
                0x00000000c000951a                VAS::getForeignPageTableEntry(bool, unsigned long)
                0x00000000c0009546                VAS::getPageTableEntry(unsigned long)
                0x00000000c0009565                Virt::freeKernelVirtualPages(unsigned long)
                0x00000000c000968a                VAS::freeAllocatedPages(unsigned long)
                0x00000000c00096ae                VAS::virtualToPhysical(unsigned long)
                0x00000000c00096c8                VAS::reflagRange(unsigned long, int, int, int)
                0x00000000c0009708                VAS::setToWriteCombining(unsigned long, int)
                0x00000000c000973c                VAS::mapOtherVASIn(bool, VAS*)
                0x00000000c0009766                VAS::~VAS()
                0x00000000c0009766                VAS::~VAS()
                0x00000000c00098ca                VAS::mapPage(unsigned long, unsigned long, int)
                0x00000000c00099ce                VAS::allocatePages(int, int)
                0x00000000c0009ba6                VAS::setCPUSpecific(unsigned long)
                0x00000000c0009bc4                VAS::mapRange(unsigned long, unsigned long, int, int)
                0x00000000c0009c8a                VAS::mapForeignPage(bool, VAS*, unsigned long, unsigned long, int)
                0x00000000c0009d78                VAS::VAS(bool)
                0x00000000c0009d78                VAS::VAS(bool)
                0x00000000c0009ff8                VAS::evict(unsigned long)
                0x00000000c000a0ba                VAS::tryLoadBackOffDisk(unsigned long)
                0x00000000c000a1a8                VAS::scanForEviction()
                0x00000000c000a288                mapVASFirstTime
 .text          0x00000000c000a342       0x5f coreobjs/c++.32
                0x00000000c000a342                __cxa_atexit
                0x00000000c000a345                __cxa_finalize
                0x00000000c000a346                __stack_chk_fail
                0x00000000c000a37c                __cxa_pure_virtual
                0x00000000c000a38d                operator new[](unsigned long)
                0x00000000c000a392                operator delete(void*, unsigned long)
                0x00000000c000a397                operator delete[](void*)
                0x00000000c000a39c                operator delete[](void*, unsigned long)
 .text          0x00000000c000a3a1      0x21c dbg/kconsole.32
                0x00000000c000a3a1                Dbg::stringifyxWithBase(unsigned int, char*, int)
                0x00000000c000a40c                Dbg::logc(char)
                0x00000000c000a42c                Dbg::logs(char*)
                0x00000000c000a449                Dbg::logWriteInt(unsigned int)
                0x00000000c000a467                Dbg::logWriteIntBase(unsigned int, int)
                0x00000000c000a488                Dbg::kprintf(char const*, ...)
 *fill*         0x00000000c000a5bd        0x1 
 .text          0x00000000c000a5be      0xc5c fs/vfs.32
                0x00000000c000a5be                File::read(unsigned long long, void*, int*)
                0x00000000c000a616                File::write(unsigned long long, void*, int*)
                0x00000000c000a66e                Directory::read(unsigned long long, void*, int*)
                0x00000000c000a6c6                Directory::write(unsigned long long, void*, int*)
                0x00000000c000a6f4                File::isAtty()
                0x00000000c000a6f8                Directory::isAtty()
                0x00000000c000a6fc                Filesystem::getlabel(LogicalDisk*, int, char*, unsigned int*)
                0x00000000c000a702                Filesystem::setlabel(LogicalDisk*, int, char*)
                0x00000000c000a708                Filesystem::allocateSwapfile(char const*, int)
                0x00000000c000a70e                File::~File()
                0x00000000c000a70e                File::~File()
                0x00000000c000a732                File::~File()
                0x00000000c000a75c                Directory::~Directory()
                0x00000000c000a75c                Directory::~Directory()
                0x00000000c000a780                Directory::~Directory()
                0x00000000c000a7aa                Filesystem::Filesystem()
                0x00000000c000a7aa                Filesystem::Filesystem()
                0x00000000c000a7ce                Filesystem::~Filesystem()
                0x00000000c000a7ce                Filesystem::~Filesystem()
                0x00000000c000a7dc                Filesystem::~Filesystem()
                0x00000000c000a800                Fs::getcwd(Process*, char*, int)
                0x00000000c000a82a                Fs::initVFS()
                0x00000000c000a854                Fs::standardiseFiles(char*, char const*, char const*)
                0x00000000c000a9fe                File::File(char const*, Process*)
                0x00000000c000a9fe                File::File(char const*, Process*)
                0x00000000c000aabe                File::open(FileOpenMode)
                0x00000000c000ab1c                File::close()
                0x00000000c000ab7c                File::seek(unsigned long long)
                0x00000000c000abd2                File::tell(unsigned long long*)
                0x00000000c000ac22                File::rewind()
                0x00000000c000ac36                File::unlink()
                0x00000000c000ac82                File::rename(char const*)
                0x00000000c000acd0                File::chfatattr(unsigned char, unsigned char)
                0x00000000c000ad2c                File::exists()
                0x00000000c000ad6a                File::stat(unsigned long long*, bool*)
                0x00000000c000adcb                Fs::setcwd(Process*, char*)
                0x00000000c000af28                Directory::Directory(char const*, Process*)
                0x00000000c000af28                Directory::Directory(char const*, Process*)
                0x00000000c000afe8                Directory::open()
                0x00000000c000b044                Directory::close()
                0x00000000c000b0a4                Directory::unlink()
                0x00000000c000b0f0                Directory::rename(char const*)
                0x00000000c000b13e                Directory::exists()
                0x00000000c000b17c                Directory::read(dirent*)
                0x00000000c000b1c8                Directory::create()
                0x00000000c000b214                Filesystem::chfatattr(char const*, unsigned char, unsigned char)
 *fill*         0x00000000c000b21a        0x2 
 .text          0x00000000c000b21c       0x86 hal/bus.32
                0x00000000c000b21c                Bus::Bus(char const*)
                0x00000000c000b21c                Bus::Bus(char const*)
                0x00000000c000b254                Bus::~Bus()
                0x00000000c000b254                Bus::~Bus()
                0x00000000c000b278                Bus::~Bus()
 .text          0x00000000c000b2a2       0x96 hal/buzzer.32
                0x00000000c000b2a2                beepThread(void*)
                0x00000000c000b2df                Krnl::beep(int, int, bool)
 .text          0x00000000c000b338      0x46d hal/clock.32
                0x00000000c000b338                User::loadClockSettings(int)
                0x00000000c000b38a                Clock::Clock(char const*)
                0x00000000c000b38a                Clock::Clock(char const*)
                0x00000000c000b3c0                Clock::~Clock()
                0x00000000c000b3c0                Clock::~Clock()
                0x00000000c000b3e4                Clock::~Clock()
                0x00000000c000b40e                Clock::timeInSecondsLocal()
                0x00000000c000b456                Clock::setTimeInSecondsLocal(unsigned long long)
                0x00000000c000b4af                datetimeToSeconds(datetime_t)
                0x00000000c000b5dc                Clock::setTimeInDatetimeLocal(datetime_t)
                0x00000000c000b63c                secondsToDatetime(unsigned long long)
                0x00000000c000b780                Clock::timeInDatetimeLocal()
 *fill*         0x00000000c000b7a5        0x1 
 .text          0x00000000c000b7a6      0x464 hal/device.32
                0x00000000c000b7a6                Device::hibernate()
                0x00000000c000b7a8                Device::wake()
                0x00000000c000b7aa                Device::detect()
                0x00000000c000b7ac                Device::disableLegacy()
                0x00000000c000b7ae                Device::powerSaving(PowerSavingLevel)
                0x00000000c000b7b0                DriverlessDevice::close(int, int, void*)
                0x00000000c000b7b4                DriverlessDevice::detect()
                0x00000000c000b7b6                DriverlessDevice::open(int, int, void*)
                0x00000000c000b7ca                Device::~Device()
                0x00000000c000b7ca                Device::~Device()
                0x00000000c000b7d8                Device::~Device()
                0x00000000c000b800                Device::findAndLoadDriver()
                0x00000000c000b80e                Device::preOpenPCI(PCIDeviceInfo)
                0x00000000c000b834                Device::preOpenACPI(void*, char*, char*)
                0x00000000c000b874                Device::addIRQHandler(int, void (*)(regs*, void*), bool, void*)
                0x00000000c000b89e                Device::getParent()
                0x00000000c000b8aa                Device::removeIRQHandler(int, void (*)(regs*, void*), bool)
                0x00000000c000b8c8                Device::addChild(Device*)
                0x00000000c000b90c                Device::removeAllChildren()
                0x00000000c000b952                Device::hibernateAll()
                0x00000000c000b982                Device::wakeAll()
                0x00000000c000b9b2                Device::detectAll()
                0x00000000c000b9e2                Device::disableLegacyAll()
                0x00000000c000b9e4                Device::loadDriversForAll()
                0x00000000c000b9e6                Device::closeAll()
                0x00000000c000ba1c                Device::powerSavingAll(PowerSavingLevel)
                0x00000000c000ba52                Device::setName(char const*)
                0x00000000c000ba60                Device::Device(char const*)
                0x00000000c000ba60                Device::Device(char const*)
                0x00000000c000bb5c                Device::getName()
                0x00000000c000bb66                DriverlessDevice::DriverlessDevice(char const*)
                0x00000000c000bb66                DriverlessDevice::DriverlessDevice(char const*)
                0x00000000c000bb9c                Device::addToLinkedList(LinkedList<Device>&, DeviceType)
                0x00000000c000bbe0                getDevicesOfType(DeviceType)
 *fill*         0x00000000c000bc0a        0x2 
 .text          0x00000000c000bc0c       0x86 hal/diskctrl.32
                0x00000000c000bc0c                HardDiskController::HardDiskController(char const*)
                0x00000000c000bc0c                HardDiskController::HardDiskController(char const*)
                0x00000000c000bc44                HardDiskController::~HardDiskController()
                0x00000000c000bc44                HardDiskController::~HardDiskController()
                0x00000000c000bc68                HardDiskController::~HardDiskController()
 .text          0x00000000c000bc92       0xe2 hal/diskphys.32
                0x00000000c000bc92                PhysicalDisk::eject()
                0x00000000c000bc96                PhysicalDisk::PhysicalDisk(char const*, int)
                0x00000000c000bc96                PhysicalDisk::PhysicalDisk(char const*, int)
                0x00000000c000bcfe                PhysicalDisk::startCache()
                0x00000000c000bd26                PhysicalDisk::~PhysicalDisk()
                0x00000000c000bd26                PhysicalDisk::~PhysicalDisk()
                0x00000000c000bd4a                PhysicalDisk::~PhysicalDisk()
 .text          0x00000000c000bd74        0x0 hal/fpu.32
 .text          0x00000000c000bd74      0x35d hal/intctrl.32
                0x00000000c000bd74                int_handler
                0x00000000c000bdfc                installISRHandler(int, void (*)(regs*, void*), void*)
                0x00000000c000be44                installIRQHandler(int, void (*)(regs*, void*), bool, void*)
                0x00000000c000bf7c                uninstallISRHandler(int, void (*)(regs*, void*))
                0x00000000c000bfb0                uninstallIRQHandler(int, void (*)(regs*, void*), bool)
                0x00000000c000c02f                setupINTS()
                0x00000000c000c08c                convertLegacyIRQNumber(int)
 *fill*         0x00000000c000c0d1        0x1 
 .text          0x00000000c000c0d2      0x7a2 hal/keybrd.32
                0x00000000c000c0d2                startGUI(void*)
                0x00000000c000c13e                startGUIVESA(void*)
                0x00000000c000c1aa                sendKeyToTerminal(unsigned char)
                0x00000000c000c26d                sendKeyboardToken(KeyboardToken)
                0x00000000c000c6c3                clearInternalKeybuffer(VgaText*)
                0x00000000c000c6f8                readKeyboard(VgaText*, char*, unsigned long)
                0x00000000c000c7ea                Keyboard::Keyboard(char const*)
                0x00000000c000c7ea                Keyboard::Keyboard(char const*)
                0x00000000c000c826                Keyboard::~Keyboard()
                0x00000000c000c826                Keyboard::~Keyboard()
                0x00000000c000c84a                Keyboard::~Keyboard()
 .text          0x00000000c000c874      0x3ea hal/logidisk.32
                0x00000000c000c874                LogicalDisk::close(int, int, void*)
                0x00000000c000c878                LogicalDisk::~LogicalDisk()
                0x00000000c000c878                LogicalDisk::~LogicalDisk()
                0x00000000c000c89c                LogicalDisk::~LogicalDisk()
                0x00000000c000c8c6                LogicalDisk::open(int, int, void*)
                0x00000000c000c8da                LogicalDisk::absoluteToRelative(unsigned long long)
                0x00000000c000c912                LogicalDisk::relativeToAbsolute(unsigned long long)
                0x00000000c000c958                LogicalDisk::LogicalDisk(char const*, PhysicalDisk*, unsigned long long, unsigned long long)
                0x00000000c000c958                LogicalDisk::LogicalDisk(char const*, PhysicalDisk*, unsigned long long, unsigned long long)
                0x00000000c000ca0e                LogicalDisk::assignDriveLetter()
                0x00000000c000cac4                LogicalDisk::mount()
                0x00000000c000cb0c                LogicalDisk::unmount()
                0x00000000c000cb1c                LogicalDisk::eject()
                0x00000000c000cb30                LogicalDisk::unassignDriveLetter()
                0x00000000c000cb86                LogicalDisk::read(unsigned long long, int, void*)
                0x00000000c000cbf2                LogicalDisk::write(unsigned long long, int, void*)
 *fill*         0x00000000c000cc5e        0x2 
 .text          0x00000000c000cc60       0x86 hal/mouse.32
                0x00000000c000cc60                Mouse::Mouse(char const*)
                0x00000000c000cc60                Mouse::Mouse(char const*)
                0x00000000c000cc98                Mouse::~Mouse()
                0x00000000c000cc98                Mouse::~Mouse()
                0x00000000c000ccbc                Mouse::~Mouse()
 .text          0x00000000c000cce6      0x339 hal/partition.32
                0x00000000c000cce6                makePartition(PhysicalDisk*, unsigned long long, unsigned long long)
                0x00000000c000cd8e                createPartitionsForDisk(PhysicalDisk*)
 *fill*         0x00000000c000d01f        0x1 
 .text          0x00000000c000d020       0x86 hal/serial.32
                0x00000000c000d020                Serial::Serial(char const*)
                0x00000000c000d020                Serial::Serial(char const*)
                0x00000000c000d058                Serial::~Serial()
                0x00000000c000d058                Serial::~Serial()
                0x00000000c000d07c                Serial::~Serial()
 *fill*         0x00000000c000d0a6        0x2 
 .text          0x00000000c000d0a8      0x234 hal/timer.32
                0x00000000c000d0a8                Timer::Timer(char const*)
                0x00000000c000d0a8                Timer::Timer(char const*)
                0x00000000c000d0e0                Timer::~Timer()
                0x00000000c000d0e0                Timer::~Timer()
                0x00000000c000d104                Timer::~Timer()
                0x00000000c000d12e                Timer::read()
                0x00000000c000d139                setupTimer(int)
                0x00000000c000d174                timerHandler(unsigned int)
 .text          0x00000000c000d2dc      0x3ee hal/vcache.32
                0x00000000c000d2dc                VCache::VCache(PhysicalDisk*)
                0x00000000c000d2dc                VCache::VCache(PhysicalDisk*)
                0x00000000c000d444                VCache::invalidateReadBuffer()
                0x00000000c000d454                VCache::writeWriteBuffer()
                0x00000000c000d4a0                VCache::~VCache()
                0x00000000c000d4a0                VCache::~VCache()
                0x00000000c000d4f4                VCache::~VCache()
                0x00000000c000d51c                VCache::write(unsigned long long, int, void*)
                0x00000000c000d632                VCache::read(unsigned long long, int, void*)
 .text          0x00000000c000d6ca      0x4b3 hal/video.32
                0x00000000c000d6ca                Video::putrect(int, int, int, int, unsigned int)
                0x00000000c000d716                Video::bitblit(int, int, int, int, int, int, int, unsigned int*)
                0x00000000c000d786                Video::blit(unsigned int*, int, int, int, int)
                0x00000000c000d804                Video::clearScreen(unsigned int)
                0x00000000c000d838                Video::putpixel(int, int, unsigned int)
                0x00000000c000d846                Video::Video(char const*)
                0x00000000c000d846                Video::Video(char const*)
                0x00000000c000d87c                Video::~Video()
                0x00000000c000d87c                Video::~Video()
                0x00000000c000d8a0                Video::~Video()
                0x00000000c000d8ca                Video::isMonochrome()
                0x00000000c000d8d6                Video::getWidth()
                0x00000000c000d8e2                Video::getHeight()
                0x00000000c000d8ee                Video::drawCursor(int, int, unsigned char*, int)
                0x00000000c000d9aa                Video::tgaParse(unsigned char*, int, int*, int*)
                0x00000000c000db12                Video::putTGA(int, int, unsigned char*, int)
 *fill*         0x00000000c000db7d        0x3 
 .text          0x00000000c000db80     0x1307 hw/acpi.32
                0x00000000c000db80                ACPI::close(int, int, void*)
                0x00000000c000dc38                findRSDP()
                0x00000000c000dcc8                loadACPITables(unsigned char*)
                0x00000000c000df2c                findRSDT(unsigned char*)
                0x00000000c000e07c                findDataTable(unsigned char*, char*)
                0x00000000c000e0f4                scanMADT()
                0x00000000c000e5c8                ACPI::ACPI()
                0x00000000c000e5c8                ACPI::ACPI()
                0x00000000c000e61c                ACPI::getPCIIRQAssignment(unsigned char, unsigned short, unsigned char)
                0x00000000c000e704                ACPI::registerPCIIRQAssignment(void*, unsigned short, unsigned char, unsigned char)
                0x00000000c000e7cc                ACPI::setScreenBrightnessLevel(void*, int)
                0x00000000c000e7d4                ACPI::detectPCI()
                0x00000000c000e9dc                ACPI::writeSimpleBootFlag(SimpleBootFlagTable*)
                0x00000000c000ea30                ACPI::sleep()
                0x00000000c000ea4c                ACPI::open(int, int, void*)
 *fill*         0x00000000c000ee87        0x1 
 .text          0x00000000c000ee88      0xb95 hw/cpu.32
                0x00000000c000ee88                CPU::close(int, int, void*)
                0x00000000c000ee8c                CPU::AMD_K6_write_msr(unsigned int, unsigned int, unsigned int, CPU::REGS*)
                0x00000000c000eea8                CPU::AMD_K6_read_msr(unsigned int, CPU::REGS*)
                0x00000000c000eec0                CPU::AMD_K6_writeback(int, int, int)
                0x00000000c000ef34                CPU::cpuid(int, unsigned long*, unsigned long*, unsigned long*, unsigned long*)
                0x00000000c000efb8                CPU::cpuidCheckEDX(unsigned int)
                0x00000000c000efe6                CPU::cpuidCheckECX(unsigned int)
                0x00000000c000f014                CPU::cpuidCheckExtendedEBX(unsigned int)
                0x00000000c000f042                CPU::cpuidCheckExtendedECX(unsigned int)
                0x00000000c000f070                CPU::CPU()
                0x00000000c000f070                CPU::CPU()
                0x00000000c000f0fe                CPU::displayFeatures()
                0x00000000c000f100                CPU::detectFeatures()
                0x00000000c000f7c4                CPU::setupSMEP()
                0x00000000c000f7d0                CPU::setupUMIP()
                0x00000000c000f7da                CPU::setupTSC()
                0x00000000c000f7e4                CPU::setupLargePages()
                0x00000000c000f7ee                CPU::setupPAT()
                0x00000000c000f82a                CPU::setupMTRR()
                0x00000000c000f82c                CPU::setupGlobalPages()
                0x00000000c000f836                CPU::allowUsermodeDataAccess()
                0x00000000c000f848                CPU::prohibitUsermodeDataAccess()
                0x00000000c000f85a                CPU::setupSMAP()
                0x00000000c000f868                CPU::setupFeatures()
                0x00000000c000f934                CPU::open(int, int, void*)
 .text          0x00000000c000fa1d       0xd1 krnl/bootmsg.32
                0x00000000c000fa1d                KeDisplaySplashScreen()
                0x00000000c000fa8b                KeSetBootMessage(char const*)
 .text          0x00000000c000faee      0x581 krnl/env.32
                0x00000000c000faee                EnvVarContainer::getEnv(char const*)
                0x00000000c000fb2c                EnvVarContainer::setEnv(char const*, char const*)
                0x00000000c000fbee                EnvVarContainer::deleteEnv(char const*)
                0x00000000c000fbf0                EnvVarContainer::loadFrom(char const*, char const*)
                0x00000000c000fdd6                EnvVarContainer::__loadSystem()
                0x00000000c000fdf0                EnvVarContainer::__loadUser()
                0x00000000c000fdf2                EnvVarContainer::EnvVarContainer(Process*)
                0x00000000c000fdf2                EnvVarContainer::EnvVarContainer(Process*)
                0x00000000c000fe14                EnvVarContainer::~EnvVarContainer()
                0x00000000c000fe14                EnvVarContainer::~EnvVarContainer()
                0x00000000c000fe44                Krnl::getEnv(Process*, char const*)
                0x00000000c000fea9                Krnl::setEnvSystem(char const*, char const*)
                0x00000000c000fec3                Krnl::setEnvUser(char const*, char const*)
                0x00000000c000fee2                Krnl::setEnvProcess(Process*, char const*, char const*)
                0x00000000c000fef5                Krnl::deleteEnvSystem(char const*)
                0x00000000c000fef6                Krnl::deleteEnvUser(char const*)
                0x00000000c000fef7                Krnl::deleteEnvProcess(Process*, char const*)
                0x00000000c000fef8                Krnl::newProcessEnv(Process*)
                0x00000000c000ff1a                Krnl::copyProcessEnv(Process*, Process*)
                0x00000000c000ff66                Krnl::loadSystemEnv()
                0x00000000c000ff94                Krnl::loadUserEnv()
                0x00000000c000ffba                Krnl::flushEnv()
                0x00000000c000ffbb                Krnl::getProcessTotalEnvCount(Process*)
                0x00000000c000ffdb                Krnl::getProcessEnvPair(Process*, int)
 .text          0x00000000c001006f       0x94 krnl/inlines.32
                0x00000000c001006f                CPU::current()
                0x00000000c001007b                operator new(unsigned long)
                0x00000000c0010080                operator delete(void*)
                0x00000000c0010085                disableIRQs()
                0x00000000c0010087                enableIRQs()
                0x00000000c0010089                lockScheduler()
                0x00000000c0010091                unlockScheduler()
                0x00000000c00100a0                lockStuff()
                0x00000000c00100ae                unlockStuff()
                0x00000000c00100e8                Virt::getAKernelVAS()
                0x00000000c00100ee                __not_memcpy
 .text          0x00000000c0010103        0xc krnl/panic.32
                0x00000000c0010103                KePanic(char const*)
 .text          0x00000000c001010f      0x142 krnl/powctrl.32
                0x00000000c001010f                Krnl::powerThread(void*)
                0x00000000c001013d                Krnl::changePowerSettings(Krnl::PowerSettings)
                0x00000000c0010153                Krnl::userIOReceived()
                0x00000000c001015e                Krnl::handlePowerButton()
                0x00000000c0010193                Krnl::handleSleepButton()
                0x00000000c00101c8                Krnl::setupPowerManager()
 *fill*         0x00000000c0010251        0x3 
 .text          0x00000000c0010254      0x190 krnl/resolve.32
                0x00000000c0010254                KeResolveCompatibilitySymbol(char*)
 .text          0x00000000c00103e4      0xc51 krnl/syscalls.32
                0x00000000c00103e4                SysSeekDir(regs*)
                0x00000000c00103e9                SysTellDir(regs*)
                0x00000000c00103ee                SysVerify(regs*)
                0x00000000c00103f8                SysGetArgc(regs*)
                0x00000000c0010408                SysTTYName(regs*)
                0x00000000c0010410                SysFormatDisk(regs*)
                0x00000000c001047d                SysSetDiskVolumeLabel(regs*)
                0x00000000c00104c7                SysGetDiskVolumeLabel(regs*)
                0x00000000c001051c                SysShutdown(regs*)
                0x00000000c001057a                SysRealpath(regs*)
                0x00000000c00105bd                SysReadDir(regs*)
                0x00000000c001063d                SysIsATTY(regs*)
                0x00000000c0010699                SysSeek(regs*)
                0x00000000c00106f2                SysTell(regs*)
                0x00000000c0010761                SysSize(regs*)
                0x00000000c00107d6                SysSizeFromFilename(regs*)
                0x00000000c0010889                SysClose(regs*)
                0x00000000c00108e9                SysOpenDir(regs*)
                0x00000000c0010960                SysCloseDir(regs*)
                0x00000000c00109b4                SysMakeDir(regs*)
                0x00000000c0010a26                SysWait(regs*)
                0x00000000c0010a43                SysNotImpl(regs*)
                0x00000000c0010a5e                SysPanic(regs*)
                0x00000000c0010a79                SysRmdir(regs*)
                0x00000000c0010ae0                SysUnlink(regs*)
                0x00000000c0010b47                SysGetArgv(regs*)
                0x00000000c0010b94                SysUSleep(regs*)
                0x00000000c0010bbd                SysSpawn(regs*)
                0x00000000c0010c26                SysGetEnv(regs*)
                0x00000000c0010cd5                SysSetFatAttrib(regs*)
                0x00000000c0010d4c                SysPipe(regs*)
                0x00000000c0010d91                SysGetUnixTime(regs*)
                0x00000000c0010da5                string_ends_with(char const*, char const*)
                0x00000000c0010def                SysOpen(regs*)
                0x00000000c0010fe3                KeSystemCall(regs*, void*)
 .text          0x00000000c0011035      0x50e reg/registry.32
                0x00000000c0011035                Reg::findLineFromLoadedData(char*, char*, char*)
                0x00000000c001118d                Reg::getLineFromRegistry(char*, char*, char*, char*)
                0x00000000c00112e2                Reg::getLine(char*, char*, char*)
                0x00000000c0011319                Reg::readInt(char*, char*, int*)
                0x00000000c0011404                Reg::readString(char*, char*, char*, int)
                0x00000000c0011485                Reg::readBool(char*, char*, bool*)
                0x00000000c00114aa                Reg::readBoolWithDefault(char*, char*, bool)
                0x00000000c00114d6                Reg::readIntWithDefault(char*, char*, int)
                0x00000000c0011502                Reg::readStringWithDefault(char*, char*, char*, int, char*)
 .text          0x00000000c0011543       0x36 sys/eject.32
                0x00000000c0011543                SysEject(regs*)
 .text          0x00000000c0011579       0x18 sys/exit.32
                0x00000000c0011579                SysExit(regs*)
 .text          0x00000000c0011591       0x1f sys/getcwd.32
                0x00000000c0011591                SysGetCwd(regs*)
 .text          0x00000000c00115b0        0xc sys/getpid.32
                0x00000000c00115b0                SysGetPID(regs*)
 .text          0x00000000c00115bc       0x1a sys/getramdata.32
                0x00000000c00115bc                SysGetRAMData(regs*)
 .text          0x00000000c00115d6       0x82 sys/getvgaptr.32
                0x00000000c00115d6                SysGetVGAPtr(regs*)
 .text          0x00000000c0011658       0xa8 sys/loaddll.32
                0x00000000c0011658                SysLoadDLL(regs*)
 .text          0x00000000c0011700       0x68 sys/read.32
                0x00000000c0011700                SysRead(regs*)
 .text          0x00000000c0011768       0x55 sys/sbrk.32
                0x00000000c0011768                SysSbrk(regs*)
 .text          0x00000000c00117bd       0x1c sys/setcwd.32
                0x00000000c00117bd                SysSetCwd(regs*)
 .text          0x00000000c00117d9       0x95 sys/settime.32
                0x00000000c00117d9                SysSetTime(regs*)
 .text          0x00000000c001186e       0x4a sys/timezone.32
                0x00000000c001186e                SysTimezone(regs*)
 .text          0x00000000c00118b8       0x68 sys/write.32
                0x00000000c00118b8                SysWrite(regs*)
 .text          0x00000000c0011920       0x62 sys/wsbe.32
                0x00000000c0011920                SysWsbe(regs*)
 .text          0x00000000c0011982       0x25 sys/yield.32
                0x00000000c0011982                SysYield(regs*)
 .text          0x00000000c00119a7     0x11e5 thr/elf.32
                0x00000000c00119a7                Thr::allocateMemoryForTask(Process*, File*, unsigned long, unsigned long, unsigned long)
                0x00000000c0011c33                Thr::loadProgramIntoMemory(Process*, char const*)
                0x00000000c0011e49                Thr::runtimeReferenceHelper()
                0x00000000c0011e5c                Thr::getAddressOfKernelSymbol(char const*)
                0x00000000c0011eab                Thr::loadKernelSymbolTable(char const*)
                0x00000000c0012169                Thr::loadDriverIntoMemory(char const*, unsigned long, bool)
                0x00000000c001289f                Thr::getDriverBaseFromAddress(unsigned long)
                0x00000000c00128d1                Thr::getDriverNameFromAddress(unsigned long)
                0x00000000c0012908                Thr::getDriverOffsetFromAddress(unsigned long)
                0x00000000c0012922                Thr::loadDLL(char const*, bool)
                0x00000000c0012b53                Thr::executeDLL(unsigned long, void*)
 .text          0x00000000c0012b8c     0x12c5 thr/prcssthr.32
                0x00000000c0012b8c                userModeEntryPoint(void*)
                0x00000000c0012bb4                changeTSS
                0x00000000c0012be4                switchToThread(ThreadControlBlock*)
                0x00000000c0012c98                Process::addArgs(char**)
                0x00000000c0012cf8                Process::Process(char const*, Process*, char**)
                0x00000000c0012cf8                Process::Process(char const*, Process*, char**)
                0x00000000c0012ee8                Process::Process(bool, char const*, Process*, char**)
                0x00000000c0012ee8                Process::Process(bool, char const*, Process*, char**)
                0x00000000c00130a4                taskStartupFunction
                0x00000000c00130b0                Semaphore::Semaphore(int)
                0x00000000c00130b0                Semaphore::Semaphore(int)
                0x00000000c00130e0                Mutex::Mutex()
                0x00000000c00130e0                Mutex::Mutex()
                0x00000000c00130f4                Process::createThread(void (*)(void*), void*, int)
                0x00000000c00131ec                Process::createUserThread()
                0x00000000c001320c                setupMultitasking(void (*)())
                0x00000000c0013314                schedule()
                0x00000000c00133a4                Semaphore::tryAcquire()
                0x00000000c0013470                Semaphore::assertLocked(char const*)
                0x00000000c00134e8                blockTaskWithSchedulerLockAlreadyHeld(TaskState)
                0x00000000c0013510                blockTask(TaskState)
                0x00000000c0013540                waitTask(int, int*, int)
                0x00000000c0013584                milliTenthSleepUntil(unsigned int)
                0x00000000c0013614                milliTenthSleep(unsigned int)
                0x00000000c0013624                sleep(unsigned int)
                0x00000000c0013640                Semaphore::acquire()
                0x00000000c00136fc                taskReturned
                0x00000000c0013738                Thr::processFromPID(int)
                0x00000000c00137d8                unblockTask(ThreadControlBlock*)
                0x00000000c001387c                cleanupTerminatedTask(ThreadControlBlock*)
                0x00000000c0013b48                cleanerTaskFunction(void*)
                0x00000000c0013c38                terminateTask(int)
                0x00000000c0013d04                Thr::terminateFromIRQ(int)
                0x00000000c0013d14                Semaphore::release()
 .text          0x00000000c0013e51      0xb93 vm86/vm8086.32
                0x00000000c0013e51                Vm::inbv(unsigned short)
                0x00000000c0013e64                Vm::outbv(unsigned short, unsigned char)
                0x00000000c0013e9a                Vm::realToLinear(unsigned short, unsigned short)
                0x00000000c0013eaa                Vm::getSegment(unsigned int)
                0x00000000c0013eb2                Vm::getOffset(unsigned int)
                0x00000000c0013eb7                Vm::mainloop2()
                0x00000000c0013ef1                Vm::mainVm8086Loop(void*)
                0x00000000c0013f01                Vm::mainloop3(unsigned long)
                0x00000000c0013f27                Vm::initialise8086()
                0x00000000c0013f6a                Vm::finish8086()
                0x00000000c0013fcb                Vm::getOutput8086(unsigned char*)
                0x00000000c0013ff0                Vm::start8086FromBuffer(unsigned char*, int, unsigned short, unsigned short, unsigned short, unsigned short)
                0x00000000c00140a9                Vm::start8086(char const*, unsigned short, unsigned short, unsigned short, unsigned short)
                0x00000000c0014211                Vm::doISR(regs*, int, unsigned char*, unsigned short, unsigned short)
                0x00000000c001429b                Vm::readByteFromReal(unsigned short, unsigned short)
                0x00000000c00142ac                Vm::readWordFromReal(unsigned short, unsigned short)
                0x00000000c00142be                Vm::readDwordFromReal(unsigned short, unsigned short)
                0x00000000c00142cf                Vm::writeByteFromReal(unsigned short, unsigned short, unsigned char)
                0x00000000c00142e4                Vm::writeWordFromReal(unsigned short, unsigned short, unsigned short)
                0x00000000c00142fa                Vm::writeDwordFromReal(unsigned short, unsigned short, unsigned int)
                0x00000000c001430f                Vm::faultHandler(regs*)
 .text          0x00000000c00149e4      0xa53 arch/i386/hal.32
                0x00000000c00149e4                noCopro(unsigned long)
                0x00000000c00149e5                nmiHandler(regs*, void*)
                0x00000000c00149fe                doubleFault(regs*, void*)
                0x00000000c0014a17                displayDebugInfo(regs*)
                0x00000000c0014d38                HalSystemIdle()
                0x00000000c0014dae                displayProgramFault(char const*)
                0x00000000c0014dfa                gpFault(regs*, void*)
                0x00000000c0014e5f                pgFault(regs*, void*)
                0x00000000c0014ee5                otherISRHandler(regs*, void*)
                0x00000000c0014f19                opcodeFault(regs*, void*)
                0x00000000c0014f99                i386SaveCoprocessor(void*)
                0x00000000c0014fad                i386LoadCoprocessor(void*)
                0x00000000c0014fc1                x87EmulHandler(regs*, void*)
                0x00000000c001505e                HalInitialiseCoprocessor()
                0x00000000c001510c                HalPanic(char const*)
                0x00000000c0015205                HalQueryPerformanceCounter()
                0x00000000c0015220                HalInitialise()
                0x00000000c00153c6                HalMakeBeep(int)
                0x00000000c0015400                HalGetRand()
                0x00000000c0015403                HalEndOfInterrupt(int)
                0x00000000c0015434                HalRestart()
                0x00000000c0015435                HalShutdown()
                0x00000000c0015436                HalSleep()
 *fill*         0x00000000c0015437        0x1 
 .text          0x00000000c0015438      0x2f4 arch/i386/pic.32
                0x00000000c0015438                picIoWait()
                0x00000000c0015440                picDisable()
                0x00000000c0015474                picGetIRQReg(int)
                0x00000000c00154f8                picOpen()
                0x00000000c0015688                picEOI(int)
 .text          0x00000000c001572c      0x64d arch/i386/rtc.32
                0x00000000c001572c                RTC::open(int, int, void*)
                0x00000000c0015730                RTC::close(int, int, void*)
                0x00000000c0015734                RTC::timeInSecondsUTC()
                0x00000000c0015746                RTC::timeInDatetimeUTC()
                0x00000000c001576c                RTC::setTimeInSecondsUTC(unsigned long long)
                0x00000000c00157aa                RTC::~RTC()
                0x00000000c00157aa                RTC::~RTC()
                0x00000000c00157ce                RTC::~RTC()
                0x00000000c00157f8                RTC::get_update_in_progress_flag()
                0x00000000c0015810                RTC::completeRTCRefresh()
                0x00000000c0015ac8                RTC::setTimeInDatetimeUTC(datetime_t)
                0x00000000c0015c7b                rtcIRQHandler(regs*, void*)
                0x00000000c0015cc0                RTC::RTC()
                0x00000000c0015cc0                RTC::RTC()
 *fill*         0x00000000c0015d79        0x3 
 .text          0x00000000c0015d7c      0x203 arch/i386/vga.32
                0x00000000c0015d7c                HalConsoleScroll(int, int)
                0x00000000c0015e84                HalConsoleWriteCharacter(char, int, int, int, int)
                0x00000000c0015ef0                HalConsoleCursorUpdate(int, int)
 *fill*         0x00000000c0015f7f        0x1 
 .text          0x00000000c0015f80     0x13e7 fs/fat/vfslink.32
                0x00000000c0015f80                FAT::getName()
                0x00000000c0015f88                FAT::tell(void*, unsigned long long*)
                0x00000000c0015fc4                FAT::stat(void*, unsigned long long*)
                0x00000000c0016000                FAT::~FAT()
                0x00000000c0016000                FAT::~FAT()
                0x00000000c0016024                FAT::~FAT()
                0x00000000c001604c                FAT::getlabel(LogicalDisk*, int, char*, unsigned int*)
                0x00000000c00160f0                FAT::setlabel(LogicalDisk*, int, char*)
                0x00000000c00161b4                FAT::format(LogicalDisk*, int, char const*, int)
                0x00000000c0016388                FAT::tryMount(LogicalDisk*, int)
                0x00000000c00165a0                FAT::allocateSwapfile(char const*, int)
                0x00000000c0016760                FAT::readDir(void*, unsigned long, void*, int*)
                0x00000000c00168cc                FAT::read(void*, unsigned long, void*, int*)
                0x00000000c001692c                FAT::write(void*, unsigned long, void*, int*)
                0x00000000c001698c                FAT::close(void*)
                0x00000000c00169e0                FAT::closeDir(void*)
                0x00000000c0016a34                FAT::seek(void*, unsigned long long)
                0x00000000c0016a8c                fatWrapperReadDisk
                0x00000000c0016ad0                fatWrapperWriteDisk
                0x00000000c0016b14                fatWrapperIoctl
                0x00000000c0016c30                FAT::FAT()
                0x00000000c0016c30                FAT::FAT()
                0x00000000c0016c84                FAT::fixFilepath(char*)
                0x00000000c0016cc0                FAT::open(char const*, void**, FileOpenMode)
                0x00000000c0016df8                FAT::openDir(char const*, void**)
                0x00000000c0016ea8                FAT::stat(char const*, unsigned long long*, bool*)
                0x00000000c0016fa0                FAT::unlink(char const*)
                0x00000000c0017020                FAT::chfatattr(char const*, unsigned char, unsigned char)
                0x00000000c00171ac                FAT::rename(char const*, char const*)
                0x00000000c0017278                FAT::mkdir(char const*)
                0x00000000c00172f8                FAT::exists(char const*)
 *fill*         0x00000000c0017367        0x1 
 .text          0x00000000c0017368       0xc6 fs/iso9660/helper.32
                0x00000000c0017368                isoReadDiscSectorHelper
                0x00000000c00173c4                iso_kprintf
                0x00000000c00173e4                iso_kprintfd
 .text          0x00000000c001742e      0x586 fs/iso9660/vfslink.32
                0x00000000c001742e                ISO9660::format(LogicalDisk*, int, char const*, int)
                0x00000000c0017434                ISO9660::getName()
                0x00000000c001743a                ISO9660::closeDir(void*)
                0x00000000c0017444                ISO9660::chfatattr(char const*, unsigned char, unsigned char)
                0x00000000c001744a                ISO9660::unlink(char const*)
                0x00000000c0017450                ISO9660::write(void*, unsigned long, void*, int*)
                0x00000000c0017456                ISO9660::rename(char const*, char const*)
                0x00000000c001745c                ISO9660::mkdir(char const*)
                0x00000000c0017462                ISO9660::~ISO9660()
                0x00000000c0017462                ISO9660::~ISO9660()
                0x00000000c0017486                ISO9660::~ISO9660()
                0x00000000c00174ae                ISO9660::exists(char const*)
                0x00000000c00174c2                ISO9660::open(char const*, void**, FileOpenMode)
                0x00000000c0017562                ISO9660::openDir(char const*, void**)
                0x00000000c00175f2                ISO9660::read(void*, unsigned long, void*, int*)
                0x00000000c0017632                ISO9660::seek(void*, unsigned long long)
                0x00000000c001766a                ISO9660::tell(void*, unsigned long long*)
                0x00000000c00176a0                ISO9660::stat(void*, unsigned long long*)
                0x00000000c00176da                ISO9660::stat(char const*, unsigned long long*, bool*)
                0x00000000c00177ac                ISO9660::close(void*)
                0x00000000c00177d2                ISO9660::readDir(void*, unsigned long, void*, int*)
                0x00000000c001789f                readSectorFromCDROM(unsigned int, unsigned char*, char)
                0x00000000c001791a                ISO9660::tryMount(LogicalDisk*, int)
                0x00000000c001798c                ISO9660::ISO9660()
                0x00000000c001798c                ISO9660::ISO9660()
 .text          0x00000000c00179b4      0x26c hal/sound/sndcard.32
                0x00000000c00179b4                SoundCard::beginPlayback()
                0x00000000c00179c2                SoundCard::stopPlayback()
                0x00000000c00179d0                SoundCard::SoundCard(char const*)
                0x00000000c00179d0                SoundCard::SoundCard(char const*)
                0x00000000c0017a6e                SoundCard::~SoundCard()
                0x00000000c0017a6e                SoundCard::~SoundCard()
                0x00000000c0017a92                SoundCard::~SoundCard()
                0x00000000c0017abc                SoundCard::configureRates(int, int, int)
                0x00000000c0017aec                SoundCard::getSamples16(int, short*)
                0x00000000c0017b48                SoundCard::getSamples32(int, int*)
                0x00000000c0017bce                SoundCard::addChannel(SoundPort*)
                0x00000000c0017c0c                SoundCard::removeChannel(int)
 .text          0x00000000c0017c20      0x377 hal/sound/sndport.32
                0x00000000c0017c20                SoundPort::SoundPort(int, int, int, int)
                0x00000000c0017c20                SoundPort::SoundPort(int, int, int, int)
                0x00000000c0017cac                SoundPort::~SoundPort()
                0x00000000c0017cac                SoundPort::~SoundPort()
                0x00000000c0017ce0                SoundPort::unpause()
                0x00000000c0017cec                SoundPort::pause()
                0x00000000c0017cf8                SoundPort::getBufferUsed()
                0x00000000c0017d00                SoundPort::getBufferSize()
                0x00000000c0017d08                SoundPort::buffer16(short*, int)
                0x00000000c0017d94                SoundPort::buffer32(int*, int)
                0x00000000c0017e1c                SoundPort::unbufferAndAdd16(int, short*, SoundCard*)
                0x00000000c0017ee0                SoundPort::unbufferAndAdd32(int, int*, SoundCard*)
 .text          0x00000000c0017f97        0x0 hw/bus/isa.32
 *fill*         0x00000000c0017f97        0x1 
 .text          0x00000000c0017f98      0xb49 hw/bus/pci.32
                0x00000000c0017f98                PCI::open(int, int, void*)
                0x00000000c0017fb6                PCI::close(int, int, void*)
                0x00000000c0017fba                PCI::PCI()
                0x00000000c0017fba                PCI::PCI()
                0x00000000c0018054                PCI::readBAR8(unsigned int, int)
                0x00000000c0018070                PCI::readBAR16(unsigned int, int)
                0x00000000c001808e                PCI::readBAR32(unsigned int, int)
                0x00000000c00180aa                PCI::writeBAR8(unsigned int, unsigned char, int)
                0x00000000c00180ca                PCI::writeBAR16(unsigned int, unsigned short, int)
                0x00000000c00180ec                PCI::writeBAR32(unsigned int, unsigned int, int)
                0x00000000c001810c                PCI::legacyMechanism(unsigned char, unsigned char, unsigned char, unsigned char)
                0x00000000c001817a                PCI::pciReadWord(unsigned char, unsigned char, unsigned char, unsigned char)
                0x00000000c0018222                PCI::getVendorID(unsigned char, unsigned char, unsigned char)
                0x00000000c0018246                PCI::getHeaderType(unsigned char, unsigned char, unsigned char)
                0x00000000c001826e                PCI::getClassCode(unsigned char, unsigned char, unsigned char)
                0x00000000c00182b8                PCI::getProgIF(unsigned char, unsigned char, unsigned char)
                0x00000000c00182e0                PCI::getRevisionID(unsigned char, unsigned char, unsigned char)
                0x00000000c0018304                PCI::getInterruptNumber(unsigned char, unsigned char, unsigned char)
                0x00000000c0018328                PCI::getSecondaryBus(unsigned char, unsigned char, unsigned char)
                0x00000000c0018350                PCI::getBARAddress(unsigned char, unsigned char, unsigned char, unsigned char)
                0x00000000c00183b4                PCI::pciWriteWord(unsigned char, unsigned char, unsigned char, unsigned char, unsigned short)
                0x00000000c001849c                PCI::pciDetailsToFilepath(PCIDeviceInfo, char*)
                0x00000000c0018716                PCI::checkBus(unsigned char)
                0x00000000c001873c                PCI::foundDevice(PCIDeviceInfo)
                0x00000000c00188ae                PCI::getDeviceData(unsigned char, unsigned char, unsigned char)
                0x00000000c0018a22                PCI::checkDevice(unsigned char, unsigned char)
                0x00000000c0018a8e                PCI::detect()
 *fill*         0x00000000c0018ae1        0x1 
 .text          0x00000000c0018ae2      0xb5a hw/diskctrl/ide.32
                0x00000000c0018ae2                IDE::close(int, int, void*)
                0x00000000c0018ae6                IDE::IDE()
                0x00000000c0018ae6                IDE::IDE()
                0x00000000c0018b1a                IDE::prepareInterrupt(unsigned char)
                0x00000000c0018b2c                selectDrive(unsigned char, unsigned char)
                0x00000000c0018b2e                IDE::getBase(unsigned char)
                0x00000000c0018b40                IDE::write(unsigned char, unsigned char, unsigned char)
                0x00000000c0018c00                IDE::read(unsigned char, unsigned char)
                0x00000000c0018cae                IDE::waitInterrupt(unsigned char)
                0x00000000c0018d16                ideChannel0IRQHandler(regs*, void*)
                0x00000000c0018d32                ideChannel1IRQHandler(regs*, void*)
                0x00000000c0018d4e                IDE::enableIRQs(unsigned char, bool)
                0x00000000c0018d94                IDE::open(int, int, void*)
                0x00000000c00191a2                IDE::readBuffer(unsigned char, unsigned char, unsigned int, unsigned int)
                0x00000000c001926e                IDE::detect()
                0x00000000c001952e                IDE::printError(unsigned char, unsigned char, unsigned char)
                0x00000000c00195de                IDE::polling(unsigned char, unsigned int)
 .text          0x00000000c001963c      0x32a hw/diskctrl/satabus.32
                0x00000000c001963c                SATABus::close(int, int, void*)
                0x00000000c0019640                SATABus::detect()
                0x00000000c0019642                SATABus::SATABus()
                0x00000000c0019642                SATABus::SATABus()
                0x00000000c00196c8                SATABus::findCmdslot(SATABus::tagHBA_PORT volatile*)
                0x00000000c00196fa                SATABus::checkType(SATABus::tagHBA_PORT volatile*)
                0x00000000c0019742                SATABus::startCmd(SATABus::tagHBA_PORT volatile*)
                0x00000000c0019762                SATABus::stopCmd(SATABus::tagHBA_PORT volatile*)
                0x00000000c001978c                SATABus::portRebase(SATABus::tagHBA_PORT volatile*, int)
                0x00000000c001989c                SATABus::probePort(SATABus::tagHBA_MEM volatile*)
                0x00000000c0019946                SATABus::open(int, int, void*)
 .text          0x00000000c0019966      0x5f4 hw/diskphys/ata.32
                0x00000000c0019966                ATA::close(int, int, void*)
                0x00000000c001998a                ATA::powerSaving(PowerSavingLevel)
                0x00000000c001998c                ATA::ATA()
                0x00000000c001998c                ATA::ATA()
                0x00000000c00199ba                ATA::flush(bool)
                0x00000000c0019a04                ATA::readyForCommand()
                0x00000000c0019a50                ATA::access(unsigned long long, int, void*, bool)
                0x00000000c0019dcc                ATA::read(unsigned long long, int, void*)
                0x00000000c0019e18                ATA::write(unsigned long long, int, void*)
                0x00000000c0019e64                ATA::detectCHS()
                0x00000000c0019e8e                ATA::open(int, int, void*)
 .text          0x00000000c0019f5a      0x60e hw/diskphys/atapi.32
                0x00000000c0019f5a                ATAPI::write(unsigned long long, int, void*)
                0x00000000c0019f60                ATAPI::close(int, int, void*)
                0x00000000c0019f84                ATAPI::ATAPI()
                0x00000000c0019f84                ATAPI::ATAPI()
                0x00000000c0019fb2                ATAPI::readyForCommand()
                0x00000000c001a004                ATAPI::sendPacket(unsigned char*, int, bool, unsigned short*, int)
                0x00000000c001a2c4                ATAPI::diskRemoved()
                0x00000000c001a2fe                ATAPI::eject()
                0x00000000c001a346                ATAPI::diskInserted()
                0x00000000c001a352                ATAPI::detectMedia()
                0x00000000c001a40e                ATAPI::open(int, int, void*)
                0x00000000c001a4ee                ATAPI::read(unsigned long long, int, void*)
 .text          0x00000000c001a568      0x402 hw/diskphys/sata.32
                0x00000000c001a568                SATA::close(int, int, void*)
                0x00000000c001a58c                SATA::powerSaving(PowerSavingLevel)
                0x00000000c001a58e                SATA::open(int, int, void*)
                0x00000000c001a638                SATA::SATA()
                0x00000000c001a638                SATA::SATA()
                0x00000000c001a666                SATA::access(unsigned long long, int, void*, bool)
                0x00000000c001a8b2                SATA::read(unsigned long long, int, void*)
                0x00000000c001a8fe                SATA::write(unsigned long long, int, void*)
 .text          0x00000000c001a96a      0x5af hw/diskphys/satapi.32
                0x00000000c001a96a                SATAPI::write(unsigned long long, int, void*)
                0x00000000c001a970                SATAPI::close(int, int, void*)
                0x00000000c001a994                SATAPI::SATAPI()
                0x00000000c001a994                SATAPI::SATAPI()
                0x00000000c001a9c2                SATAPI::diskRemoved()
                0x00000000c001a9c4                SATAPI::diskInserted()
                0x00000000c001a9e0                SATAPI::sendPacket(unsigned char*, int, unsigned long long, unsigned short*, int)
                0x00000000c001acc0                SATAPI::eject()
                0x00000000c001acfc                SATAPI::detectMedia()
                0x00000000c001ad22                SATAPI::open(int, int, void*)
                0x00000000c001ae22                SATAPI::read(unsigned long long, int, void*)
 *fill*         0x00000000c001af19        0x1 
 .text          0x00000000c001af1a      0x455 hw/intctrl/apic.32
                0x00000000c001af1a                IOAPIC::close(int, int, void*)
                0x00000000c001af20                apicGetBase()
                0x00000000c001af62                IOAPIC::IOAPIC()
                0x00000000c001af62                IOAPIC::IOAPIC()
                0x00000000c001af8a                apicOpen()
                0x00000000c001b0f0                IOAPIC::handlesGSIWithNumber(unsigned int)
                0x00000000c001b122                IOAPIC::read(int)
                0x00000000c001b14a                IOAPIC::open(int, int, void*)
                0x00000000c001b23e                IOAPIC::write(int, int)
                0x00000000c001b26a                IOAPIC::redirect(unsigned char, unsigned long long, unsigned char, bool, bool)
 *fill*         0x00000000c001b36f        0x1 
 .text          0x00000000c001b370       0xf0 hw/timer/apictimer.32
                0x00000000c001b370                APICTimer::close(int, int, void*)
                0x00000000c001b378                apicTimerHandler(regs*, void*)
                0x00000000c001b3a0                APICTimer::open(int, int, void*)
                0x00000000c001b410                APICTimer::write(int)
                0x00000000c001b438                APICTimer::APICTimer()
                0x00000000c001b438                APICTimer::APICTimer()
 .text          0x00000000c001b460      0x1aa hw/timer/pit.32
                0x00000000c001b460                PIT::write(int)
                0x00000000c001b4e4                pitHandler(regs*, void*)
                0x00000000c001b508                PIT::open(int, int, void*)
                0x00000000c001b558                PIT::close(int, int, void*)
                0x00000000c001b588                PIT::PIT()
                0x00000000c001b588                PIT::PIT()
 *fill*         0x00000000c001b60a        0x6 
 .text          0x00000000c001b610       0x83 arch/i386/avx.32
                0x00000000c001b610                avxDetect
                0x00000000c001b63a                avxSave
                0x00000000c001b64b                avxLoad
                0x00000000c001b65c                avxInit
                0x00000000c001b67e                avxClose
                0x00000000c001b67f                wouldSheSayYes
 *fill*         0x00000000c001b693        0xd 
 .text          0x00000000c001b6a0      0x1d6 arch/i386/interrupt.32
                0x00000000c001b6a0                isr0
                0x00000000c001b6b0                isr1
                0x00000000c001b6ba                isr2
                0x00000000c001b6c4                isr3
                0x00000000c001b6ce                isr4
                0x00000000c001b6d8                isr5
                0x00000000c001b6e2                isr6
                0x00000000c001b6ec                isr7
                0x00000000c001b6f6                isr8
                0x00000000c001b6fe                isr9
                0x00000000c001b708                isr10
                0x00000000c001b710                isr11
                0x00000000c001b718                isr12
                0x00000000c001b720                isr13
                0x00000000c001b728                isr14
                0x00000000c001b730                isr15
                0x00000000c001b73a                isr16
                0x00000000c001b744                isr17
                0x00000000c001b74e                isr18
                0x00000000c001b758                irq3
                0x00000000c001b762                irq4
                0x00000000c001b76c                irq5
                0x00000000c001b776                irq6
                0x00000000c001b780                irq7
                0x00000000c001b78a                irq8
                0x00000000c001b794                irq9
                0x00000000c001b79e                irq10
                0x00000000c001b7a8                irq11
                0x00000000c001b7b2                irq12
                0x00000000c001b7bc                irq13
                0x00000000c001b7c6                irq14
                0x00000000c001b7d0                irq15
                0x00000000c001b7da                irq1
                0x00000000c001b7e1                irq2
                0x00000000c001b7e8                isr96
                0x00000000c001b7ef                irq0
                0x00000000c001b7f4                int_common_stub
                0x00000000c001b7f4                syscall_common_stub
                0x00000000c001b826                irq16
                0x00000000c001b830                irq17
                0x00000000c001b83a                irq18
                0x00000000c001b844                irq19
                0x00000000c001b84e                irq20
                0x00000000c001b858                irq21
                0x00000000c001b862                irq22
                0x00000000c001b86c                irq23
 *fill*         0x00000000c001b876        0xa 
 .text          0x00000000c001b880       0x10 arch/i386/rdrand.32
                0x00000000c001b880                i386GetRDRAND
 .text          0x00000000c001b890       0x39 arch/i386/sse.32
                0x00000000c001b890                absolutelyNoChanceInHell
                0x00000000c001b890                sseDetect
                0x00000000c001b8a8                sseSave
                0x00000000c001b8b0                sseLoad
                0x00000000c001b8b8                sseInit
                0x00000000c001b8c8                sseClose
 *fill*         0x00000000c001b8c9        0x7 
 .text          0x00000000c001b8d0       0x49 arch/i386/x87.32
                0x00000000c001b8d6                x87Detect
                0x00000000c001b8f1                x87Save
                0x00000000c001b8f8                x87Load
                0x00000000c001b8ff                x87Init
                0x00000000c001b918                x87Close
 *fill*         0x00000000c001b919        0x3 
 .text          0x00000000c001b91c       0x25 /cygdrive/d/Users/Alex/Desktop/Toolchain/Output/bin/../lib/gcc/i386-banana/8.1.0/crtend.o
 .text          0x00000000c001b941        0x0 crtn.32
 *fill*         0x00000000c001b941        0x3 
 .text          0x00000000c001b944      0x14b /cygdrive/d/Users/Alex/Desktop/Toolchain/Output/bin/../lib/gcc/i386-banana/8.1.0/libkgcc.a(_divdi3.o)
                0x00000000c001b944                __divdi3
 *fill*         0x00000000c001ba8f        0x1 
 .text          0x00000000c001ba90      0x17e /cygdrive/d/Users/Alex/Desktop/Toolchain/Output/bin/../lib/gcc/i386-banana/8.1.0/libkgcc.a(_moddi3.o)
                0x00000000c001ba90                __moddi3
 *fill*         0x00000000c001bc0e        0x2 
 .text          0x00000000c001bc10       0xff /cygdrive/d/Users/Alex/Desktop/Toolchain/Output/bin/../lib/gcc/i386-banana/8.1.0/libkgcc.a(_udivdi3.o)
                0x00000000c001bc10                __udivdi3
 *fill*         0x00000000c001bd0f        0x1 
 .text          0x00000000c001bd10      0x11a /cygdrive/d/Users/Alex/Desktop/Toolchain/Output/bin/../lib/gcc/i386-banana/8.1.0/libkgcc.a(_umoddi3.o)
                0x00000000c001bd10                __umoddi3
 *(.gnu.linkonce.t*)

.iplt           0x00000000c001be30        0x0
 .iplt          0x00000000c001be30        0x0 D:/Users/Alex/Desktop/Banana/kernel/boot.32

.init           0x00000000c001be2a        0xf
 .init          0x00000000c001be2a        0x3 crti.32
                0x00000000c001be2a                _init
 .init          0x00000000c001be2d        0x5 /cygdrive/d/Users/Alex/Desktop/Toolchain/Output/bin/../lib/gcc/i386-banana/8.1.0/crtbegin.o
 .init          0x00000000c001be32        0x5 /cygdrive/d/Users/Alex/Desktop/Toolchain/Output/bin/../lib/gcc/i386-banana/8.1.0/crtend.o
 .init          0x00000000c001be37        0x2 crtn.32

.fini           0x00000000c001be39        0xa
 .fini          0x00000000c001be39        0x3 crti.32
                0x00000000c001be39                _fini
 .fini          0x00000000c001be3c        0x5 /cygdrive/d/Users/Alex/Desktop/Toolchain/Output/bin/../lib/gcc/i386-banana/8.1.0/crtbegin.o
 .fini          0x00000000c001be41        0x2 crtn.32

.text._ZN8ComputerD2Ev
                0x00000000c001be44       0x23
 .text._ZN8ComputerD2Ev
                0x00000000c001be44       0x23 core/computer.32
                0x00000000c001be44                Computer::~Computer()
                0x00000000c001be44                Computer::~Computer()

.text._ZN8ComputerD0Ev
                0x00000000c001be68       0x2a
 .text._ZN8ComputerD0Ev
                0x00000000c001be68       0x2a core/computer.32
                0x00000000c001be68                Computer::~Computer()

.text._Z10idleCommonv
                0x00000000c001be92       0x21
 .text._Z10idleCommonv
                0x00000000c001be92       0x21 core/idle.32
                0x00000000c001be92                idleCommon()

.text._ZN10LinkedListI8UnixFileED2Ev
                0x00000000c001beb4        0x2
 .text._ZN10LinkedListI8UnixFileED2Ev
                0x00000000c001beb4        0x2 core/unixfile.32
                0x00000000c001beb4                LinkedList<UnixFile>::~LinkedList()
                0x00000000c001beb4                LinkedList<UnixFile>::~LinkedList()

.text._ZN10LinkedListI8UnixFileEC2Ev
                0x00000000c001beb6       0x42
 .text._ZN10LinkedListI8UnixFileEC2Ev
                0x00000000c001beb6       0x42 core/unixfile.32
                0x00000000c001beb6                LinkedList<UnixFile>::LinkedList()
                0x00000000c001beb6                LinkedList<UnixFile>::LinkedList()

.text._ZN10LinkedListI8UnixFileE10addElementEPS0_
                0x00000000c001bef8       0xd3
 .text._ZN10LinkedListI8UnixFileE10addElementEPS0_
                0x00000000c001bef8       0xd3 core/unixfile.32
                0x00000000c001bef8                LinkedList<UnixFile>::addElement(UnixFile*)

.text._ZN10LinkedListI8UnixFileE15getFirstElementEv
                0x00000000c001bfcc        0x7
 .text._ZN10LinkedListI8UnixFileE15getFirstElementEv
                0x00000000c001bfcc        0x7 core/unixfile.32
                0x00000000c001bfcc                LinkedList<UnixFile>::getFirstElement()

.text._ZN10LinkedListI8UnixFileE11removeFirstEv
                0x00000000c001bfd4       0xa1
 .text._ZN10LinkedListI8UnixFileE11removeFirstEv
                0x00000000c001bfd4       0xa1 core/unixfile.32
                0x00000000c001bfd4                LinkedList<UnixFile>::removeFirst()

.text._ZN10LinkedListI8UnixFileE7getNextEPS0_
                0x00000000c001c076        0x8
 .text._ZN10LinkedListI8UnixFileE7getNextEPS0_
                0x00000000c001c076        0x8 core/unixfile.32
                0x00000000c001c076                LinkedList<UnixFile>::getNext(UnixFile*)

.text._ZN16DriverlessDeviceD2Ev
                0x00000000c001c07e       0x1a
 .text._ZN16DriverlessDeviceD2Ev
                0x00000000c001c07e       0x1a hal/device.32
                0x00000000c001c07e                DriverlessDevice::~DriverlessDevice()
                0x00000000c001c07e                DriverlessDevice::~DriverlessDevice()

.text._ZN16DriverlessDeviceD0Ev
                0x00000000c001c098       0x2a
 .text._ZN16DriverlessDeviceD0Ev
                0x00000000c001c098       0x2a hal/device.32
                0x00000000c001c098                DriverlessDevice::~DriverlessDevice()

.text._ZN10LinkedListI6DeviceE10addElementEPS0_
                0x00000000c001c0c2       0xdc
 .text._ZN10LinkedListI6DeviceE10addElementEPS0_
                0x00000000c001c0c2       0xdc hal/device.32
                0x00000000c001c0c2                LinkedList<Device>::addElement(Device*)

.text._ZN10LinkedListI6DeviceEC2Ev
                0x00000000c001c19e       0x42
 .text._ZN10LinkedListI6DeviceEC2Ev
                0x00000000c001c19e       0x42 hal/device.32
                0x00000000c001c19e                LinkedList<Device>::LinkedList()
                0x00000000c001c19e                LinkedList<Device>::LinkedList()

.text._ZN10LinkedListIV18ThreadControlBlockE7isEmptyEv
                0x00000000c001c1e0       0x1c
 .text._ZN10LinkedListIV18ThreadControlBlockE7isEmptyEv
                0x00000000c001c1e0       0x1c hal/timer.32
                0x00000000c001c1e0                LinkedList<ThreadControlBlock volatile>::isEmpty()

.text._ZN10LinkedListIV18ThreadControlBlockE15getFirstElementEv
                0x00000000c001c1fc        0x7
 .text._ZN10LinkedListIV18ThreadControlBlockE15getFirstElementEv
                0x00000000c001c1fc        0x7 hal/timer.32
                0x00000000c001c1fc                LinkedList<ThreadControlBlock volatile>::getFirstElement()

.text._ZN10LinkedListIV18ThreadControlBlockE11removeFirstEv
                0x00000000c001c204       0xb8
 .text._ZN10LinkedListIV18ThreadControlBlockE11removeFirstEv
                0x00000000c001c204       0xb8 hal/timer.32
                0x00000000c001c204                LinkedList<ThreadControlBlock volatile>::removeFirst()

.text._ZN10LinkedListIV18ThreadControlBlockE10addElementEPS1_
                0x00000000c001c2bc       0xda
 .text._ZN10LinkedListIV18ThreadControlBlockE10addElementEPS1_
                0x00000000c001c2bc       0xda hal/timer.32
                0x00000000c001c2bc                LinkedList<ThreadControlBlock volatile>::addElement(ThreadControlBlock volatile*)

.text._ZN4ACPID2Ev
                0x00000000c001c398       0x23
 .text._ZN4ACPID2Ev
                0x00000000c001c398       0x23 hw/acpi.32
                0x00000000c001c398                ACPI::~ACPI()
                0x00000000c001c398                ACPI::~ACPI()

.text._ZN4ACPID0Ev
                0x00000000c001c3bc       0x2a
 .text._ZN4ACPID0Ev
                0x00000000c001c3bc       0x2a hw/acpi.32
                0x00000000c001c3bc                ACPI::~ACPI()

.text._ZN10LinkedListI6DeviceED2Ev