Archive member included to satisfy reference by file (symbol)

/cygdrive/d/Users/Alex/Desktop/Toolchain/Output/bin/../lib/gcc/i386-banana/8.1.0/libgcc.a(_divdi3.o)
                              fs/fat/ff.32 (__divdi3)
/cygdrive/d/Users/Alex/Desktop/Toolchain/Output/bin/../lib/gcc/i386-banana/8.1.0/libgcc.a(_moddi3.o)
                              thr/elf.32 (__moddi3)
/cygdrive/d/Users/Alex/Desktop/Toolchain/Output/bin/../lib/gcc/i386-banana/8.1.0/libgcc.a(_udivdi3.o)
                              fs/fat/ff.32 (__udivdi3)
/cygdrive/d/Users/Alex/Desktop/Toolchain/Output/bin/../lib/gcc/i386-banana/8.1.0/libgcc.a(_umoddi3.o)
                              core/pipe.32 (__umoddi3)
D:/Users/Alex/Desktop/Banana/kernel/libk/libm32.a(s_fabs.c.o)
                              hal/libresample/samplerate.32 (fabs)
D:/Users/Alex/Desktop/Banana/kernel/libk/libm32.a(s_lrint.S.o)
                              hal/libresample/samplerate.32 (lrint)
D:/Users/Alex/Desktop/Banana/kernel/libk/libm32.a(s_lrintf.S.o)
                              hal/sound/sndhw.32 (lrintf)

Discarded input sections

 .comment       0x0000000000000000       0x12 /cygdrive/d/Users/Alex/Desktop/Toolchain/Output/bin/../lib/gcc/i386-banana/8.1.0/crtbegin.o
 .comment       0x0000000000000000       0x12 acpica/utclib.32
 .comment       0x0000000000000000       0x12 core/malloc.32
 .comment       0x0000000000000000       0x12 libk/string.32
 .comment       0x0000000000000000       0x12 fs/fat/diskio.32
 .comment       0x0000000000000000       0x12 fs/fat/ff.32
 .comment       0x0000000000000000       0x12 fs/fat/ffsystem.32
 .comment       0x0000000000000000       0x12 fs/fat/ffunicode.32
 .comment       0x0000000000000000       0x12 hal/libresample/samplerate.32
 .comment       0x0000000000000000       0x12 hal/libresample/src_linear.32
 .comment       0x0000000000000000       0x12 hal/libresample/src_sinc.32
 .comment       0x0000000000000000       0x12 hal/libresample/src_zoh.32
 .group         0x0000000000000000       0x14 core/computer.32
 .group         0x0000000000000000        0xc core/computer.32
 .comment       0x0000000000000000       0x12 core/computer.32
 .comment       0x0000000000000000       0x12 core/gdt.32
 .group         0x0000000000000000        0xc core/idle.32
 .comment       0x0000000000000000       0x12 core/idle.32
 .comment       0x0000000000000000       0x12 core/idt.32
 .group         0x0000000000000000        0x8 core/kheap.32
 .group         0x0000000000000000        0x8 core/kheap.32
 .comment       0x0000000000000000       0x12 core/kheap.32
 .comment       0x0000000000000000       0x12 core/main.32
 .comment       0x0000000000000000       0x12 core/physmgr.32
 .group         0x0000000000000000        0xc core/pipe.32
 .comment       0x0000000000000000       0x12 core/pipe.32
 .group         0x0000000000000000        0xc core/terminal.32
 .comment       0x0000000000000000       0x12 core/terminal.32
 .group         0x0000000000000000        0x8 core/tss.32
 .text._ZN3CPU7readCR3Ev
                0x0000000000000000       0x12 core/tss.32
 .comment       0x0000000000000000       0x12 core/tss.32
 .group         0x0000000000000000        0x8 core/unixfile.32
 .group         0x0000000000000000        0xc core/unixfile.32
 .group         0x0000000000000000        0xc core/unixfile.32
 .group         0x0000000000000000        0x8 core/unixfile.32
 .group         0x0000000000000000        0xc core/unixfile.32
 .group         0x0000000000000000        0x8 core/unixfile.32
 .group         0x0000000000000000        0xc core/unixfile.32
 .group         0x0000000000000000        0xc core/unixfile.32
 .comment       0x0000000000000000       0x12 core/unixfile.32
 .group         0x0000000000000000        0x8 core/virtmgr.32
 .group         0x0000000000000000        0x8 core/virtmgr.32
 .text._ZN3CPU7readCR3Ev
                0x0000000000000000       0x12 core/virtmgr.32
 .text._ZN3CPU8writeCR3Em
                0x0000000000000000        0x9 core/virtmgr.32
 .comment       0x0000000000000000       0x12 core/virtmgr.32
 .comment       0x0000000000000000       0x12 coreobjs/c++.32
 .comment       0x0000000000000000       0x12 dbg/kconsole.32
 .group         0x0000000000000000        0xc fs/vfs.32
 .group         0x0000000000000000        0xc fs/vfs.32
 .group         0x0000000000000000        0xc fs/vfs.32
 .comment       0x0000000000000000       0x12 fs/vfs.32
 .group         0x0000000000000000        0xc hal/bus.32
 .comment       0x0000000000000000       0x12 hal/bus.32
 .group         0x0000000000000000        0xc hal/buzzer.32
 .comment       0x0000000000000000       0x12 hal/buzzer.32
 .group         0x0000000000000000        0xc hal/clock.32
 .comment       0x0000000000000000       0x12 hal/clock.32
 .group         0x0000000000000000       0x14 hal/device.32
 .group         0x0000000000000000        0xc hal/device.32
 .group         0x0000000000000000        0xc hal/device.32
[...]
Memory Configuration

Name             Origin             Length             Attributes
*default*        0x0000000000000000 0xffffffffffffffff

Linker script and memory map

LOAD D:/Users/Alex/Desktop/Banana/kernel/boot.32
LOAD crti.32
LOAD /cygdrive/d/Users/Alex/Desktop/Toolchain/Output/bin/../lib/gcc/i386-banana/8.1.0/crtbegin.o
LOAD D:/Users/Alex/Desktop/Banana/kernel/morenasm.32
LOAD acpica/utclib.32
LOAD core/malloc.32
LOAD libk/string.32
LOAD fs/fat/diskio.32
LOAD fs/fat/ff.32
LOAD fs/fat/ffsystem.32
LOAD fs/fat/ffunicode.32
LOAD hal/libresample/samplerate.32
LOAD hal/libresample/src_linear.32
LOAD hal/libresample/src_sinc.32
LOAD hal/libresample/src_zoh.32
LOAD core/computer.32
LOAD core/gdt.32
LOAD core/idle.32
LOAD core/idt.32
LOAD core/kheap.32
LOAD core/main.32
LOAD core/physmgr.32
LOAD core/pipe.32
LOAD core/terminal.32
LOAD core/tss.32
LOAD core/unixfile.32
LOAD core/virtmgr.32
LOAD coreobjs/c++.32
LOAD dbg/kconsole.32
LOAD fs/vfs.32
LOAD hal/bus.32
LOAD hal/buzzer.32
LOAD hal/clock.32
LOAD hal/device.32
LOAD hal/diskctrl.32
LOAD hal/diskphys.32
LOAD hal/fpu.32
LOAD hal/intctrl.32
LOAD hal/keybrd.32
LOAD hal/logidisk.32
LOAD hal/mouse.32
LOAD hal/partition.32
LOAD hal/timer.32
LOAD hal/vcache.32
LOAD hal/video.32
LOAD hw/acpi.32
LOAD hw/cpu.32
LOAD hw/ports.32
LOAD krnl/panic.32
LOAD reg/registry.32
LOAD sys/sc_exit.32
LOAD sys/sc_loaddll.32
LOAD sys/sc_read.32
LOAD sys/sc_sbrk.32
LOAD sys/sc_write.32
LOAD sys/sc_yield.32
LOAD sys/syscalls.32
LOAD thr/elf.32
LOAD thr/prcssthr.32
LOAD vm86/vm8086.32
LOAD fs/fat/vfslink.32
LOAD fs/iso9660/vfslink.32
LOAD hal/sound/sndchannel.32
LOAD hal/sound/sndhw.32
LOAD hw/bus/isa.32
LOAD hw/bus/pci.32
LOAD hw/diskctrl/ide.32
LOAD hw/diskphys/ata.32
LOAD hw/diskphys/atapi.32
LOAD hw/fpu/avx.32
LOAD hw/fpu/mmx.32
LOAD hw/fpu/sse.32
LOAD hw/fpu/x87.32
LOAD hw/intctrl/apic.32
LOAD hw/intctrl/pic.32
LOAD hw/timer/apictimer.32
LOAD hw/timer/pit.32
LOAD hw/fpu/x86/avx.32
LOAD hw/fpu/x86/sse.32
LOAD hw/fpu/x86/x87.32
LOAD /cygdrive/d/Users/Alex/Desktop/Toolchain/Output/bin/../lib/gcc/i386-banana/8.1.0/crtend.o
LOAD crtn.32
LOAD /cygdrive/d/Users/Alex/Desktop/Toolchain/Output/bin/../lib/gcc/i386-banana/8.1.0/libgcc.a
LOAD D:/Users/Alex/Desktop/Banana/kernel/libk/libm32.a
                0x00000000c0000000                . = 0xc0000000

.text           0x00000000c0000000    0x1e8d8
 *(.text)
 .text          0x00000000c0000000       0x41 D:/Users/Alex/Desktop/Banana/kernel/boot.32
                0x00000000c0000020                callGlobalConstructors
 .text          0x00000000c0000041        0x0 crti.32
 *fill*         0x00000000c0000041        0x3 
 .text          0x00000000c0000044      0x101 /cygdrive/d/Users/Alex/Desktop/Toolchain/Output/bin/../lib/gcc/i386-banana/8.1.0/crtbegin.o
 *fill*         0x00000000c0000145        0xb 
 .text          0x00000000c0000150      0x41f D:/Users/Alex/Desktop/Banana/kernel/morenasm.32
                0x00000000c0000150                doTPAUSE
                0x00000000c000015a                hasLegacyFPU
                0x00000000c000017f                is486
                0x00000000c00001b5                goToVM86
                0x00000000c00001e6                goToUsermode
                0x00000000c0000211                switchToThreadASMFirstTime
                0x00000000c000021f                switchToThreadASM
                0x00000000c00002bf                detectCPUID
                0x00000000c00002d5                asmQuickAcquireLock
                0x00000000c00002f3                asmQuickReleaseLock
                0x00000000c00002ff                asmAcquireLock
                0x00000000c0000320                asmReleaseLock
                0x00000000c0000333                loadGDT
                0x00000000c0000353                isr0
                0x00000000c0000363                isr1
                0x00000000c000036d                isr2
                0x00000000c0000377                isr3
                0x00000000c0000381                isr4
                0x00000000c000038b                isr5
                0x00000000c0000395                isr6
                0x00000000c000039f                isr7
                0x00000000c00003a9                isr8
                0x00000000c00003b1                isr9
                0x00000000c00003bb                isr10
                0x00000000c00003c3                isr11
                0x00000000c00003cb                isr12
                0x00000000c00003d3                isr13
                0x00000000c00003db                isr14
                0x00000000c00003e3                isr15
                0x00000000c00003ed                isr16
                0x00000000c00003f7                isr17
                0x00000000c0000401                isr18
                0x00000000c000040b                isr96
                0x00000000c0000415                irq0
                0x00000000c000041f                irq1
                0x00000000c0000429                irq2
                0x00000000c0000433                irq3
                0x00000000c000043d                irq4
                0x00000000c0000447                irq5
                0x00000000c0000451                irq6
                0x00000000c000045b                irq7
                0x00000000c0000465                irq8
                0x00000000c000046f                irq9
                0x00000000c0000479                irq10
                0x00000000c0000483                irq11
                0x00000000c000048d                irq12
                0x00000000c0000497                irq13
                0x00000000c00004a1                irq14
                0x00000000c00004ab                irq15
                0x00000000c00004b5                irq16
                0x00000000c00004bf                irq17
                0x00000000c00004c9                irq18
                0x00000000c00004d3                irq19
                0x00000000c00004dd                irq20
                0x00000000c00004e7                irq21
                0x00000000c00004f1                irq22
                0x00000000c00004fb                irq23
                0x00000000c0000505                int_common_stub
                0x00000000c0000535                syscall_common_stub
 .text          0x00000000c000056f      0x40f acpica/utclib.32
                0x00000000c000056f                memcmp
                0x00000000c000059a                memmove
                0x00000000c00005d2                memcpy
                0x00000000c0000608                memset
                0x00000000c0000625                strlen
                0x00000000c0000635                strpbrk
                0x00000000c0000658                strtok
                0x00000000c00006a7                strcpy
                0x00000000c00006c7                strncpy
                0x00000000c00006f8                strcmp
                0x00000000c0000719                strchr
                0x00000000c000072f                strncmp
                0x00000000c000075e                strcat
                0x00000000c0000785                strncat
                0x00000000c00007bf                strstr
                0x00000000c00007fc                toupper
                0x00000000c0000810                tolower
                0x00000000c0000824                simple_strtoul
 .text          0x00000000c000097e      0xfbf core/malloc.32
                0x00000000c0000ae9                dlfree
                0x00000000c0000e44                dlmalloc
                0x00000000c0001381                dlrealloc
                0x00000000c0001536                dlmemalign
                0x00000000c0001659                dlcalloc
                0x00000000c00016f3                dlcfree
                0x00000000c00016f8                dlindependent_calloc
                0x00000000c000171d                dlindependent_comalloc
                0x00000000c0001734                dlvalloc
                0x00000000c000175f                dlpvalloc
                0x00000000c0001795                dlmalloc_trim
                0x00000000c00017a2                dlmalloc_usable_size
                0x00000000c00017d3                dlmallinfo
                0x00000000c00018a2                dlmalloc_stats
                0x00000000c00018b3                dlmallopt
 .text          0x00000000c000193d        0x0 libk/string.32
 .text          0x00000000c000193d       0x51 fs/fat/diskio.32
                0x00000000c000193d                disk_status
                0x00000000c0001940                disk_initialize
                0x00000000c0001943                disk_read
                0x00000000c0001959                disk_write
                0x00000000c000196f                disk_ioctl
 .text          0x00000000c000198e     0x6833 fs/fat/ff.32
                0x00000000c0004c5c                f_mount
                0x00000000c0004cbe                f_open
                0x00000000c00050fa                f_read
                0x00000000c000537a                f_write
                0x00000000c0005634                f_sync
                0x00000000c0005810                f_close
                0x00000000c000583f                f_lseek
                0x00000000c0005cf6                f_opendir
                0x00000000c0005df8                f_closedir
                0x00000000c0005e1a                f_readdir
                0x00000000c0005eb5                f_stat
                0x00000000c0005f44                f_getfree
                0x00000000c000610f                f_truncate
                0x00000000c0006207                f_unlink
                0x00000000c000638a                f_mkdir
                0x00000000c00065b6                f_rename
                0x00000000c00068a9                f_chmod
                0x00000000c0006987                f_utime
                0x00000000c0006a65                f_getlabel
                0x00000000c0006c53                f_setlabel
                0x00000000c0006ec0                f_forward
                0x00000000c000709e                f_mkfs
 .text          0x00000000c00081c1       0x2d fs/fat/ffsystem.32
                0x00000000c00081c1                ff_memalloc
                0x00000000c00081d7                ff_memfree
 .text          0x00000000c00081ee      0x253 fs/fat/ffunicode.32
                0x00000000c00081ee                ff_uni2oem
                0x00000000c000827e                ff_oem2uni
                0x00000000c00082ea                ff_wtoupper
 .text          0x00000000c0008441      0x70e hal/libresample/samplerate.32
                0x00000000c00084c9                src_delete
                0x00000000c0008505                src_process
                0x00000000c000862d                src_callback_read
                0x00000000c000878e                src_set_ratio
                0x00000000c00087e5                src_get_channels
                0x00000000c0008807                src_reset
                0x00000000c000884b                src_new
                0x00000000c00088d9                src_callback_new
                0x00000000c000893b                src_get_name
                0x00000000c0008972                src_get_description
                0x00000000c00089a9                src_get_version
                0x00000000c00089af                src_is_valid_ratio
                0x00000000c00089c9                src_error
                0x00000000c00089d7                src_strerror
                0x00000000c00089ea                src_simple
                0x00000000c0008a3d                src_short_to_float_array
                0x00000000c0008a63                src_float_to_short_array
                0x00000000c0008ac7                src_int_to_float_array
                0x00000000c0008aed                src_float_to_int_array
 .text          0x00000000c0008b4f      0x3fd hal/libresample/src_linear.32
                0x00000000c0008ea7                linear_get_name
                0x00000000c0008eb6                linear_get_description
                0x00000000c0008ec5                linear_set_converter
 .text          0x00000000c0008f4c     0x1a3f hal/libresample/src_sinc.32
                0x00000000c000a8a2                sinc_get_name
                0x00000000c000a8b5                sinc_get_description
                0x00000000c000a8c8                sinc_set_converter
 .text          0x00000000c000a98b      0x3d3 hal/libresample/src_zoh.32
                0x00000000c000acb9                zoh_get_name
                0x00000000c000acc8                zoh_get_description
                0x00000000c000acd7                zoh_set_converter
 .text          0x00000000c000ad5e      0x695 core/computer.32
                0x00000000c000ad5e                Computer::close(int, int, void*)
                0x00000000c000ada2                Computer::Computer()
                0x00000000c000ada2                Computer::Computer()
                0x00000000c000aefe                Computer::setBootMessage(char const*)
                0x00000000c000af00                Computer::start()
                0x00000000c000afdc                firstTask()
                0x00000000c000afea                Computer::detectFeatures()
                0x00000000c000b1c4                Computer::displayFeatures()
                0x00000000c000b1c6                Computer::rdmsr(unsigned int)
                0x00000000c000b1f2                Computer::wrmsr(unsigned int, unsigned long long)
                0x00000000c000b22a                Computer::nmiEnabled()
                0x00000000c000b236                Computer::readCMOS(unsigned char)
                0x00000000c000b250                Computer::enableNMI(bool)
                0x00000000c000b268                Computer::open(int, int, void*)
                0x00000000c000b336                Computer::disableNMI()
                0x00000000c000b344                Computer::writeCMOS(unsigned char, unsigned char)
                0x00000000c000b362                Computer::handleNMI()
                0x00000000c000b3c8                Computer::setDiskActivityLight(int, bool)
 *fill*         0x00000000c000b3f3        0x1 
 .text          0x00000000c000b3f4      0x1b7 core/gdt.32
                0x00000000c000b3f4                GDTEntry::setBase(unsigned int)
                0x00000000c000b410                GDTEntry::setLimit(unsigned int)
                0x00000000c000b42e                GDT::GDT()
                0x00000000c000b42e                GDT::GDT()
                0x00000000c000b444                GDT::addEntry(GDTEntry)
                0x00000000c000b480                GDT::getNumberOfEntries()
                0x00000000c000b488                GDT::flush()
                0x00000000c000b4aa                GDT::setup()
 .text          0x00000000c000b5ab       0x61 core/idle.32
                0x00000000c000b5ab                idleFunction(void*)
 .text          0x00000000c000b60c      0x45f core/idt.32
                0x00000000c000b60c                IDTEntry::IDTEntry(bool)
                0x00000000c000b60c                IDTEntry::IDTEntry(bool)
                0x00000000c000b67a                IDTEntry::setOffset(unsigned int)
                0x00000000c000b68e                IDT::IDT()
                0x00000000c000b68e                IDT::IDT()
                0x00000000c000b690                IDT::getPointerToInvalidOpcodeEntryForF00F()
                0x00000000c000b698                IDT::addEntry(IDTEntry, int)
                0x00000000c000b6b2                IDT::addEntry(int, void (*)(), bool)
                0x00000000c000b6ea                IDT::flush()
                0x00000000c000b704                IDT::setup()
 .text          0x00000000c000ba6b      0x20d core/kheap.32
                0x00000000c000ba6b                sbrk
                0x00000000c000bb83                mmap
                0x00000000c000bb99                munmap
                0x00000000c000bbaf                liballoc_lock()
                0x00000000c000bbc0                liballoc_unlock()
                0x00000000c000bbd1                liballoc_alloc(int)
                0x00000000c000bbec                liballoc_free(void*, int)
                0x00000000c000bc0a                realloc
                0x00000000c000bc1e                malloc
                0x00000000c000bc2e                free
                0x00000000c000bc3e                rfree
                0x00000000c000bc4e                calloc
 .text          0x00000000c000bc78      0x38d core/main.32
                0x00000000c000bc78                hwTextMode_loadInData(VgaText*)
                0x00000000c000bcbd                hwTextMode_loadInTitle(VgaText*, char*)
                0x00000000c000bcff                hwTextMode_showCursor(VgaText*, bool)
                0x00000000c000bd53                hwTextMode_update(VgaText*)
                0x00000000c000bd54                hwTextMode_updateCursor(VgaText*)
                0x00000000c000bd9c                hwTextMode_disableBlink(VgaText*, bool)
                0x00000000c000bdd8                hwTextMode_scrollScreen(VgaText*)
                0x00000000c000be5e                hwTextMode_writeCharacter(VgaText*, char, VgaColour, VgaColour, int, int)
                0x00000000c000bebc                setupTextMode()
                0x00000000c000bf0d                kernel_main
 .text          0x00000000c000c005      0x46c core/physmgr.32
                0x00000000c000c005                Phys::allocateDMA(unsigned long)
                0x00000000c000c0a8                Phys::freeDMA(unsigned long, unsigned long)
                0x00000000c000c0f0                Phys::setPageState(unsigned long, bool)
                0x00000000c000c122                Phys::getPageState(unsigned long)
                0x00000000c000c13e                Phys::freePage(unsigned long)
                0x00000000c000c1c8                Phys::allocatePage()
                0x00000000c000c284                Phys::allowSegmentToBeUsed(unsigned long, unsigned long)
                0x00000000c000c2bc                Phys::physicalMemorySetup(unsigned int)
 *fill*         0x00000000c000c471        0x1 
 .text          0x00000000c000c472      0x273 core/pipe.32
                0x00000000c000c472                Pipe::isAtty()
                0x00000000c000c476                Pipe::~Pipe()
                0x00000000c000c476                Pipe::~Pipe()
                0x00000000c000c49a                Pipe::~Pipe()
                0x00000000c000c4c2                Pipe::read(unsigned long long, void*, int*)
                0x00000000c000c5b6                Pipe::write(unsigned long long, void*, int*)
                0x00000000c000c67e                Pipe::Pipe(int)
                0x00000000c000c67e                Pipe::Pipe(int)
 *fill*         0x00000000c000c6e5        0x1 
 .text          0x00000000c000c6e6      0xf65 core/terminal.32
                0x00000000c000c6e6                VgaText::isAtty()
                0x00000000c000c6ea                VgaText::~VgaText()
                0x00000000c000c6ea                VgaText::~VgaText()
                0x00000000c000c70e                VgaText::~VgaText()
                0x00000000c000c738                VgaText::read(unsigned long long, void*, int*)
                0x00000000c000c758                setTerminalScrollLock(bool)
                0x00000000c000c759                addToTerminalCycle(VgaText*)
                0x00000000c000c786                installVgaTextImplementation()
                0x00000000c000c79b                scrollTerminalScrollLock(int)
                0x00000000c000c79c                VgaText::load()
                0x00000000c000c7f0                VgaText::updateCursor()
                0x00000000c000c80a                VgaText::showCursor(bool)
                0x00000000c000c81a                VgaText::disableBlink(bool)
                0x00000000c000c854                VgaText::doANSI_SGR(int)
                0x00000000c000c8e0                VgaText::setDefaultBgColour(VgaColour)
                0x00000000c000c8f6                VgaText::setDefaultFgColour(VgaColour)
                0x00000000c000c90c                VgaText::setDefaultColours(VgaColour, VgaColour)
                0x00000000c000c92c                VgaText::combineColours(unsigned char, unsigned char)
                0x00000000c000c93e                VgaText::scrollScreen()
                0x00000000c000c9d2                VgaText::combineCharAndColour(char, unsigned char)
                0x00000000c000c9e4                VgaText::writeCharacter(char, VgaColour, VgaColour, int, int)
                0x00000000c000ca44                VgaText::getCursorX()
                0x00000000c000ca50                VgaText::getCursorY()
                0x00000000c000ca5c                VgaText::setCursor(int, int)
                0x00000000c000ca7a                VgaText::setCursorX(int)
                0x00000000c000ca96                VgaText::setCursorY(int)
                0x00000000c000cab2                VgaText::incrementCursor(bool)
                0x00000000c000cb1a                VgaText::updateRAMUsageDisplay(int)
                0x00000000c000cb74                VgaText::updateDiskUsage()
                0x00000000c000ccda                VgaText::updateTitle()
                0x00000000c000cd20                VgaText::setTitleTextColour(VgaColour)
                0x00000000c000cd30                VgaText::setTitleColour(VgaColour)
                0x00000000c000cd40                VgaText::setTitle(char*)
                0x00000000c000cd66                VgaText::decrementCursor(bool)
                0x00000000c000cd8e                VgaText::putchar(char, VgaColour, VgaColour)
                0x00000000c000ce8a                VgaText::isShowingCursor()
                0x00000000c000ce96                VgaText::isBlinkDisabled()
                0x00000000c000cea4                VgaText::setCursorHeight(int)
                0x00000000c000cec2                VgaText::getCursorHeight()
                0x00000000c000cecd                setActiveTerminal(VgaText*)
                0x00000000c000cf7f                doTerminalCycle()
                0x00000000c000cf9c                VgaText::doUpdate()
                0x00000000c000cfae                VgaText::puts(char const*, VgaColour, VgaColour)
                0x00000000c000d16e                VgaText::clearScreen()
                0x00000000c000d1d2                VgaText::putchar(char)
                0x00000000c000d2ec                VgaText::puts(char const*)
                0x00000000c000d312                VgaText::putx(unsigned int)
                0x00000000c000d358                VgaText::VgaText(char const*)
                0x00000000c000d358                VgaText::VgaText(char const*)
                0x00000000c000d4ea                VgaText::receiveKey(unsigned char)
                0x00000000c000d5d2                VgaText::write(unsigned long long, void*, int*)
                0x00000000c000d626                newTerminal(char*)
 *fill*         0x00000000c000d64b        0x1 
 .text          0x00000000c000d64c      0x18f core/tss.32
                0x00000000c000d64c                TSS::TSS()
                0x00000000c000d64c                TSS::TSS()
                0x00000000c000d65a                TSS::setESP(unsigned long)
                0x00000000c000d66c                TSS::flush()
                0x00000000c000d68c                TSS::setup(unsigned long, unsigned long)
 *fill*         0x00000000c000d7db        0x1 
 .text          0x00000000c000d7dc      0x4dc core/unixfile.32
                0x00000000c000d7dc                ReservedFilename::isAtty()
                0x00000000c000d7f8                ReservedFilename::read(unsigned long long, void*, int*)
                0x00000000c000d88e                ReservedFilename::write(unsigned long long, void*, int*)
                0x00000000c000d928                UnixFile::getFileDescriptor()
                0x00000000c000d930                UnixFile::UnixFile(int)
                0x00000000c000d930                UnixFile::UnixFile(int)
                0x00000000c000daa0                ReservedFilename::ReservedFilename(int)
                0x00000000c000daa0                ReservedFilename::ReservedFilename(int)
                0x00000000c000dac8                UnixFile::~UnixFile()
                0x00000000c000dac8                UnixFile::~UnixFile()
                0x00000000c000db4e                UnixFile::~UnixFile()
                0x00000000c000db76                ReservedFilename::~ReservedFilename()
                0x00000000c000db76                ReservedFilename::~ReservedFilename()
                0x00000000c000db9a                ReservedFilename::~ReservedFilename()
                0x00000000c000dbc1                getFromFileDescriptor(int)
 .text          0x00000000c000dcb8     0x1175 core/virtmgr.32
                0x00000000c000dcb8                Virt::setPageState(unsigned long, Virt::VirtPageState)
                0x00000000c000dced                Virt::getPageState(unsigned long)
                0x00000000c000dd11                Virt::allocateKernelVirtualPages(int)
                0x00000000c000de22                Virt::virtualMemorySetup()
                0x00000000c000dea1                Virt::getAKernelVAS()
                0x00000000c000dea7                Virt::setupPageSwapping(int)
                0x00000000c000dfcc                VAS::VAS()
                0x00000000c000dfcc                VAS::VAS()
                0x00000000c000dffc                VAS::getForeignPageTableEntry(bool, unsigned long)
                0x00000000c000e028                VAS::getPageTableEntry(unsigned long)
                0x00000000c000e047                Virt::freeKernelVirtualPages(unsigned long)
                0x00000000c000e16a                VAS::freeAllocatedPages(unsigned long)
                0x00000000c000e18e                VAS::virtualToPhysical(unsigned long)
                0x00000000c000e1a6                VAS::mapOtherVASIn(bool, VAS*)
                0x00000000c000e1dc                VAS::~VAS()
                0x00000000c000e1dc                VAS::~VAS()
                0x00000000c000e348                VAS::mapPage(unsigned long, unsigned long, int)
                0x00000000c000e448                VAS::allocatePages(int, int)
                0x00000000c000e618                VAS::setCPUSpecific(unsigned long)
                0x00000000c000e634                VAS::mapRange(unsigned long, unsigned long, int, int)
                0x00000000c000e6fe                VAS::VAS(VAS*)
                0x00000000c000e6fe                VAS::VAS(VAS*)
                0x00000000c000ea48                VAS::mapForeignPage(bool, VAS*, unsigned long, unsigned long, int)
                0x00000000c000eb36                VAS::VAS(bool)
                0x00000000c000eb36                VAS::VAS(bool)
                0x00000000c000ed66                mapVASFirstTime
 .text          0x00000000c000ee2d       0x93 coreobjs/c++.32
                0x00000000c000ee2d                __cxa_atexit
                0x00000000c000ee30                __cxa_finalize
                0x00000000c000ee31                __stack_chk_fail
                0x00000000c000ee91                __cxa_pure_virtual
                0x00000000c000eea2                operator new(unsigned long)
                0x00000000c000eea7                operator new[](unsigned long)
                0x00000000c000eeac                operator delete(void*)
                0x00000000c000eeb1                operator delete(void*, unsigned long)
                0x00000000c000eeb6                operator delete[](void*)
                0x00000000c000eebb                operator delete[](void*, unsigned long)
 .text          0x00000000c000eec0      0x1ef dbg/kconsole.32
                0x00000000c000eec0                Dbg::stringifyxWithBase(unsigned int, char*, int)
                0x00000000c000ef21                Dbg::logc(char)
                0x00000000c000ef38                Dbg::logs(char*)
                0x00000000c000ef55                Dbg::logWriteInt(unsigned int)
                0x00000000c000ef72                Dbg::logWriteIntBase(unsigned int, int)
                0x00000000c000ef91                Dbg::kprintf(char const*, ...)
 *fill*         0x00000000c000f0af        0x1 
 .text          0x00000000c000f0b0      0xb68 fs/vfs.32
                0x00000000c000f0b0                File::read(unsigned long long, void*, int*)
                0x00000000c000f108                File::write(unsigned long long, void*, int*)
                0x00000000c000f160                Directory::read(unsigned long long, void*, int*)
                0x00000000c000f1b8                Directory::write(unsigned long long, void*, int*)
                0x00000000c000f1e6                File::isAtty()
                0x00000000c000f1ea                Directory::isAtty()
                0x00000000c000f1ee                Filesystem::getlabel(LogicalDisk*, int, char*, unsigned int*)
                0x00000000c000f1f4                Filesystem::setlabel(LogicalDisk*, int, char*)
                0x00000000c000f1fa                File::~File()
                0x00000000c000f1fa                File::~File()
                0x00000000c000f21e                File::~File()
                0x00000000c000f248                Directory::~Directory()
                0x00000000c000f248                Directory::~Directory()
                0x00000000c000f26c                Directory::~Directory()
                0x00000000c000f296                Filesystem::Filesystem()
                0x00000000c000f296                Filesystem::Filesystem()
                0x00000000c000f2ba                Filesystem::~Filesystem()
                0x00000000c000f2ba                Filesystem::~Filesystem()
                0x00000000c000f2c8                Filesystem::~Filesystem()
                0x00000000c000f2ec                initVFS()
                0x00000000c000f316                standardiseFiles(char*, char const*, char const*)
                0x00000000c000f4c0                File::File(char const*, Process*)
                0x00000000c000f4c0                File::File(char const*, Process*)
                0x00000000c000f524                File::open(FileOpenMode)
                0x00000000c000f582                File::close()
                0x00000000c000f5e2                File::seek(unsigned long long)
                0x00000000c000f638                File::tell(unsigned long long*)
                0x00000000c000f688                File::rewind()
                0x00000000c000f69c                File::unlink()
                0x00000000c000f6e8                File::rename(char const*)
                0x00000000c000f736                File::chfatattr(unsigned char, unsigned char)
                0x00000000c000f792                File::exists()
                0x00000000c000f7d0                File::stat(unsigned long long*, bool*)
                0x00000000c000f831                getcwd(Process*, char*, int)
                0x00000000c000f85b                setcwd(Process*, char*)
                0x00000000c000f982                Directory::Directory(char const*, Process*)
                0x00000000c000f982                Directory::Directory(char const*, Process*)
                0x00000000c000f9e6                Directory::open()
                0x00000000c000fa42                Directory::close()
                0x00000000c000faa2                Directory::unlink()
                0x00000000c000faee                Directory::rename(char const*)
                0x00000000c000fb3c                Directory::exists()
                0x00000000c000fb7a                Directory::read(dirent*)
                0x00000000c000fbc6                Directory::create()
                0x00000000c000fc12                Filesystem::chfatattr(char const*, unsigned char, unsigned char)
 .text          0x00000000c000fc18       0x84 hal/bus.32
                0x00000000c000fc18                Bus::Bus(char const*)
                0x00000000c000fc18                Bus::Bus(char const*)
                0x00000000c000fc4e                Bus::~Bus()
                0x00000000c000fc4e                Bus::~Bus()
                0x00000000c000fc72                Bus::~Bus()
 .text          0x00000000c000fc9c      0x14e hal/buzzer.32
                0x00000000c000fc9c                Buzzer::Buzzer(char const*)
                0x00000000c000fc9c                Buzzer::Buzzer(char const*)
                0x00000000c000fce0                Buzzer::~Buzzer()
                0x00000000c000fce0                Buzzer::~Buzzer()
                0x00000000c000fd04                Buzzer::~Buzzer()
                0x00000000c000fd2e                Buzzer::stop()
                0x00000000c000fd41                beepThread(void*)
                0x00000000c000fd7c                Buzzer::beep(int, int, bool)
 .text          0x00000000c000fdea      0x42f hal/clock.32
                0x00000000c000fdea                loadClockSettings()
                0x00000000c000fe04                Clock::Clock(char const*)
                0x00000000c000fe04                Clock::Clock(char const*)
                0x00000000c000fe3a                Clock::~Clock()
                0x00000000c000fe3a                Clock::~Clock()
                0x00000000c000fe5e                Clock::~Clock()
                0x00000000c000fe88                Clock::timeInSecondsLocal()
                0x00000000c000fed0                Clock::setTimeInSecondsLocal(unsigned long long)
                0x00000000c000ff29                datetimeToSeconds(datetime_t)
                0x00000000c0010050                Clock::setTimeInDatetimeLocal(datetime_t)
                0x00000000c00100b0                secondsToDatetime(unsigned long long)
                0x00000000c00101f4                Clock::timeInDatetimeLocal()
 *fill*         0x00000000c0010219        0x1 
 .text          0x00000000c001021a      0x504 hal/device.32
                0x00000000c001021a                Device::hibernate()
                0x00000000c001021c                Device::wake()
                0x00000000c001021e                Device::detect()
                0x00000000c0010220                Device::disableLegacy()
                0x00000000c0010222                Device::powerSaving(PowerSavingLevel)
                0x00000000c0010224                DriverlessDevice::close(int, int, void*)
                0x00000000c0010228                DriverlessDevice::detect()
                0x00000000c001022a                DriverlessDevice::open(int, int, void*)
                0x00000000c001023e                Device::~Device()
                0x00000000c001023e                Device::~Device()
                0x00000000c001024c                Device::~Device()
                0x00000000c0010274                Device::findAndLoadDriver()
                0x00000000c0010276                Device::preOpenPCI(PCIDeviceInfo)
                0x00000000c001029c                Device::preOpenACPI(void*, char*, char*)
                0x00000000c00102f0                Device::addIRQHandler(int, void (*)(regs*, void*), bool, void*)
                0x00000000c001034e                Device::removeIRQHandler(int, void (*)(regs*, void*), bool)
                0x00000000c001039c                Device::addChild(Device*)
                0x00000000c00103e0                Device::removeAllChildren()
                0x00000000c0010426                Device::hibernateAll()
                0x00000000c0010456                Device::wakeAll()
                0x00000000c0010486                Device::detectAll()
                0x00000000c00104b6                Device::disableLegacyAll()
                0x00000000c00104e6                Device::loadDriversForAll()
                0x00000000c0010512                Device::closeAll()
                0x00000000c0010548                Device::powerSavingAll(PowerSavingLevel)
                0x00000000c001057e                Device::setName(char const*)
                0x00000000c001058c                Device::Device(char const*)
                0x00000000c001058c                Device::Device(char const*)
                0x00000000c001067e                Device::getName()
                0x00000000c0010688                DriverlessDevice::DriverlessDevice(char const*)
                0x00000000c0010688                DriverlessDevice::DriverlessDevice(char const*)
                0x00000000c00106b0                Device::addToLinkedList(LinkedList<Device>&, DeviceType)
                0x00000000c00106f4                getDevicesOfType(DeviceType)
 .text          0x00000000c001071e       0x84 hal/diskctrl.32
                0x00000000c001071e                HardDiskController::HardDiskController(char const*)
                0x00000000c001071e                HardDiskController::HardDiskController(char const*)
                0x00000000c0010754                HardDiskController::~HardDiskController()
                0x00000000c0010754                HardDiskController::~HardDiskController()
                0x00000000c0010778                HardDiskController::~HardDiskController()
 .text          0x00000000c00107a2       0xde hal/diskphys.32
                0x00000000c00107a2                PhysicalDisk::PhysicalDisk(char const*, int)
                0x00000000c00107a2                PhysicalDisk::PhysicalDisk(char const*, int)
                0x00000000c001080a                PhysicalDisk::startCache()
                0x00000000c0010832                PhysicalDisk::~PhysicalDisk()
                0x00000000c0010832                PhysicalDisk::~PhysicalDisk()
                0x00000000c0010856                PhysicalDisk::~PhysicalDisk()
 .text          0x00000000c0010880      0x142 hal/fpu.32
                0x00000000c0010880                FPU::FPU(char const*)
                0x00000000c0010880                FPU::FPU(char const*)
                0x00000000c00108b6                FPU::~FPU()
                0x00000000c00108b6                FPU::~FPU()
                0x00000000c00108da                FPU::~FPU()
                0x00000000c0010904                setupFPU()
 .text          0x00000000c00109c2      0xc21 hal/intctrl.32
                0x00000000c00109c2                InterruptController::uninstallISRHandler(int, void (*)(regs*, void*))
                0x00000000c00109fa                InterruptController::installISRHandler(int, void (*)(regs*, void*), void*)
                0x00000000c0010a4c                doubleFault(regs*, void*)
                0x00000000c0010a5a                InterruptController::installIRQHandler(int, void (*)(regs*, void*), bool, void*)
                0x00000000c0010af6                InterruptController::clearAllHandlers(int, bool)
                0x00000000c0010b9e                InterruptController::uninstallIRQHandler(int, void (*)(regs*, void*), bool)
                0x00000000c0010c25                nmiHandler(regs*, void*)
                0x00000000c0010c33                int_handler
                0x00000000c0010cce                InterruptController::InterruptController(char const*)
                0x00000000c0010cce                InterruptController::InterruptController(char const*)
                0x00000000c0010d74                InterruptController::~InterruptController()
                0x00000000c0010d74                InterruptController::~InterruptController()
                0x00000000c0010d98                InterruptController::~InterruptController()
                0x00000000c0010dc2                displayDebugInfo(regs*)
                0x00000000c00111d9                x87EmulHandler(regs*, void*)
                0x00000000c001123c                gpFault(regs*, void*)
                0x00000000c0011275                pgFault(regs*, void*)
                0x00000000c001128c                otherISRHandler(regs*, void*)
                0x00000000c00112ab                opcodeFault(regs*, void*)
                0x00000000c0011315                displayProgramFault(char const*)
                0x00000000c001133e                InterruptController::convertLegacyIRQNumber(int)
                0x00000000c0011388                setupInterruptController()
 *fill*         0x00000000c00115e3        0x1 
 .text          0x00000000c00115e4      0x608 hal/keybrd.32
                0x00000000c00115e4                startGUI(void*)
                0x00000000c0011656                sendKeyToTerminal(unsigned char)
                0x00000000c00116c2                sendKeyboardToken(KeyboardToken)
                0x00000000c0011a9d                clearInternalKeybuffer(VgaText*)
                0x00000000c0011ad2                readKeyboard(VgaText*, char*, unsigned long)
                0x00000000c0011b62                Keyboard::Keyboard(char const*)
                0x00000000c0011b62                Keyboard::Keyboard(char const*)
                0x00000000c0011b9e                Keyboard::~Keyboard()
                0x00000000c0011b9e                Keyboard::~Keyboard()
                0x00000000c0011bc2                Keyboard::~Keyboard()
 .text          0x00000000c0011bec      0x400 hal/logidisk.32
                0x00000000c0011bec                LogicalDisk::close(int, int, void*)
                0x00000000c0011bf0                LogicalDisk::~LogicalDisk()
                0x00000000c0011bf0                LogicalDisk::~LogicalDisk()
                0x00000000c0011c14                LogicalDisk::~LogicalDisk()
                0x00000000c0011c3e                LogicalDisk::open(int, int, void*)
                0x00000000c0011c52                LogicalDisk::absoluteToRelative(unsigned long long)
                0x00000000c0011c8a                LogicalDisk::relativeToAbsolute(unsigned long long)
                0x00000000c0011cd0                LogicalDisk::LogicalDisk(char const*, PhysicalDisk*, unsigned long long, unsigned long long)
                0x00000000c0011cd0                LogicalDisk::LogicalDisk(char const*, PhysicalDisk*, unsigned long long, unsigned long long)
                0x00000000c0011d86                LogicalDisk::assignDriveLetter()
                0x00000000c0011e3c                LogicalDisk::mount()
                0x00000000c0011eae                LogicalDisk::unmount()
                0x00000000c0011ebe                LogicalDisk::unassignDriveLetter()
                0x00000000c0011f14                LogicalDisk::read(unsigned long long, int, void*)
                0x00000000c0011f80                LogicalDisk::write(unsigned long long, int, void*)
 .text          0x00000000c0011fec       0x84 hal/mouse.32
                0x00000000c0011fec                Mouse::Mouse(char const*)
                0x00000000c0011fec                Mouse::Mouse(char const*)
                0x00000000c0012022                Mouse::~Mouse()
                0x00000000c0012022                Mouse::~Mouse()
                0x00000000c0012046                Mouse::~Mouse()
 .text          0x00000000c0012070      0x339 hal/partition.32
                0x00000000c0012070                makePartition(PhysicalDisk*, unsigned long long, unsigned long long)
                0x00000000c0012118                createPartitionsForDisk(PhysicalDisk*)
 *fill*         0x00000000c00123a9        0x1 
 .text          0x00000000c00123aa      0x2e7 hal/timer.32
                0x00000000c00123aa                Timer::Timer(char const*)
                0x00000000c00123aa                Timer::Timer(char const*)
                0x00000000c00123e0                Timer::~Timer()
                0x00000000c00123e0                Timer::~Timer()
                0x00000000c0012404                Timer::~Timer()
                0x00000000c001242e                Timer::read()
                0x00000000c0012439                timerHandler(unsigned long long)
                0x00000000c0012570                setupTimer(int)
 *fill*         0x00000000c0012691        0x1 
 .text          0x00000000c0012692      0x2d1 hal/vcache.32
                0x00000000c0012692                VCache::VCache(PhysicalDisk*)
                0x00000000c0012692                VCache::VCache(PhysicalDisk*)
                0x00000000c0012782                VCache::writeWriteBuffer()
                0x00000000c00127be                VCache::~VCache()
                0x00000000c00127be                VCache::~VCache()
                0x00000000c00127fe                VCache::~VCache()
                0x00000000c0012826                VCache::write(unsigned long long, int, void*)
                0x00000000c001290a                VCache::read(unsigned long long, int, void*)
 *fill*         0x00000000c0012963        0x1 
 .text          0x00000000c0012964      0x26d hal/video.32
                0x00000000c0012964                Video::putrect(int, int, int, int, unsigned int)
                0x00000000c00129ae                Video::blit(unsigned int*, int, int, int, int)
                0x00000000c0012a2c                Video::clearScreen(unsigned int)
                0x00000000c0012a60                Video::putpixel(int, int, unsigned int)
                0x00000000c0012a6e                Video::Video(char const*)
                0x00000000c0012a6e                Video::Video(char const*)
                0x00000000c0012aa4                Video::~Video()
                0x00000000c0012aa4                Video::~Video()
                0x00000000c0012ac8                Video::~Video()
                0x00000000c0012af2                Video::isMonochrome()
                0x00000000c0012afe                Video::getWidth()
                0x00000000c0012b0a                Video::getHeight()
                0x00000000c0012b16                Video::drawCursor(int, int, unsigned char*, int)
 *fill*         0x00000000c0012bd1        0x1 
 .text          0x00000000c0012bd2      0xd28 hw/acpi.32
                0x00000000c0012bd2                ACPI::close(int, int, void*)
                0x00000000c0012c87                findRSDP()
                0x00000000c0012d11                loadACPITables(unsigned char*)
                0x00000000c0012f38                findRSDT(unsigned char*)
                0x00000000c0013056                findDataTable(unsigned char*, char*)
                0x00000000c00130f2                scanMADT()
                0x00000000c0013486                ACPI::ACPI()
                0x00000000c0013486                ACPI::ACPI()
                0x00000000c00134e6                ACPI::getPCIIRQAssignment(unsigned char, unsigned short, unsigned char)
                0x00000000c00135c8                ACPI::registerPCIIRQAssignment(void*, unsigned short, unsigned char, unsigned char)
                0x00000000c00136ce                ACPI::setScreenBrightnessLevel(void*, int)
                0x00000000c00136d4                ACPI::writeSimpleBootFlag(SimpleBootFlagTable*)
                0x00000000c001371c                ACPI::open(int, int, void*)
                0x00000000c00138e2                ACPI::sleep()
 .text          0x00000000c00138fa     0x132c hw/cpu.32
                0x00000000c00138fa                CPU::close(int, int, void*)
                0x00000000c00138fd                lookupAMDCPUName(unsigned char, unsigned char)
                0x00000000c0013a91                lookupIntelCPUName(unsigned char, unsigned char)
                0x00000000c0013d3f                AMD_K6_write_msr(unsigned int, unsigned int, unsigned int, REGS*)
                0x00000000c0013d5b                AMD_K6_read_msr(unsigned int, REGS*)
                0x00000000c0013d73                AMD_K6_writeback(int, int, int)
                0x00000000c0013de6                cpuid(int, unsigned long*, unsigned long*, unsigned long*, unsigned long*)
                0x00000000c0013e69                cpuidCheckEDX(unsigned int)
                0x00000000c0013e96                cpuidCheckECX(unsigned int)
                0x00000000c0013ec3                cpuidCheckExtendedEBX(unsigned int)
                0x00000000c0013ef0                cpuidCheckExtendedECX(unsigned int)
                0x00000000c0013f1d                getCPUNumber()
                0x00000000c0013f20                thisCPU()
                0x00000000c0013f34                CPU::CPU()
                0x00000000c0013f34                CPU::CPU()
                0x00000000c0013fc2                CPU::displayFeatures()
                0x00000000c0013fc4                CPU::detectFeatures()
                0x00000000c00149b6                CPU::setupSMEP()
                0x00000000c00149d0                CPU::setupUMIP()
                0x00000000c00149e8                CPU::setupTSC()
                0x00000000c0014a00                CPU::setupLargePages()
                0x00000000c0014a18                CPU::setupPAT()
                0x00000000c0014a54                CPU::setupMTRR()
                0x00000000c0014a56                CPU::setupGlobalPages()
                0x00000000c0014a6c                CPU::allowUsermodeDataAccess()
                0x00000000c0014a7e                CPU::prohibitUsermodeDataAccess()
                0x00000000c0014a90                CPU::setupSMAP()
                0x00000000c0014ab6                CPU::setupFeatures()
                0x00000000c0014b58                CPU::open(int, int, void*)
 .text          0x00000000c0014c26        0x0 hw/ports.32
 .text          0x00000000c0014c26      0x32c krnl/panic.32
                0x00000000c0014c26                Krnl::panic(char const*)
 .text          0x00000000c0014f52      0x503 reg/registry.32
                0x00000000c0014f52                Reg::findLineFromLoadedData(char*, char*, char*)
                0x00000000c00150aa                Reg::getLineFromRegistry(char*, char*, char*, char*)
                0x00000000c0015209                Reg::getLine(char*, char*, char*)
                0x00000000c0015240                Reg::readInt(char*, char*, int*)
                0x00000000c001532b                Reg::readString(char*, char*, char*, int)
                0x00000000c00153ac                Reg::readBool(char*, char*, bool*)
                0x00000000c00153d1                Reg::readBoolWithDefault(char*, char*, bool)
                0x00000000c00153fd                Reg::readIntWithDefault(char*, char*, int)
                0x00000000c0015429                Reg::readStringWithDefault(char*, char*, char*, int, char*)
 .text          0x00000000c0015455       0x18 sys/sc_exit.32
                0x00000000c0015455                Sys::exit(regs*)
 .text          0x00000000c001546d       0x95 sys/sc_loaddll.32
                0x00000000c001546d                Sys::loadDLL(regs*)
 .text          0x00000000c0015502       0x68 sys/sc_read.32
                0x00000000c0015502                Sys::read(regs*)
 .text          0x00000000c001556a       0x55 sys/sc_sbrk.32
                0x00000000c001556a                Sys::sbrk(regs*)
 .text          0x00000000c00155bf       0x68 sys/sc_write.32
                0x00000000c00155bf                Sys::write(regs*)
 .text          0x00000000c0015627       0x1a sys/sc_yield.32
                0x00000000c0015627                Sys::yield(regs*)
 .text          0x00000000c0015641      0xf8d sys/syscalls.32
                0x00000000c0015641                sysCallGetPID(regs*)
                0x00000000c001564d                sysCallSeekDir(regs*)
                0x00000000c0015652                sysCallTellDir(regs*)
                0x00000000c0015657                sysCallVerify(regs*)
                0x00000000c0015661                sysCallGetArgc(regs*)
                0x00000000c0015671                sysFormatDisk(regs*)
                0x00000000c00156db                sysSetDiskVolumeLabel(regs*)
                0x00000000c0015721                sysGetDiskVolumeLabel(regs*)
                0x00000000c0015772                sysShutdown(regs*)
                0x00000000c00157d0                sysCallGetCwd(regs*)
                0x00000000c00157ef                sysCallSetCwd(regs*)
                0x00000000c001580b                sysCallRealpath(regs*)
                0x00000000c001584e                sysCallReadDir(regs*)
                0x00000000c00158dc                sysCallIsATTY(regs*)
                0x00000000c0015936                sysCallSeek(regs*)
                0x00000000c001599f                sysCallTell(regs*)
                0x00000000c0015a03                sysCallSizeFromFilename(regs*)
                0x00000000c0015a95                sysCallSize(regs*)
                0x00000000c0015aff                sysCallClose(regs*)
                0x00000000c0015b87                sysCallOpenDir(regs*)
                0x00000000c0015bf4                sysCallMakeDir(regs*)
                0x00000000c0015c4d                sysCallCloseDir(regs*)
                0x00000000c0015cb3                sysCallWait(regs*)
                0x00000000c0015ccd                sysCallFork(regs*)
                0x00000000c0015ce9                sysCallExecve(regs*)
                0x00000000c0015d3e                sysCallRmdir(regs*)
                0x00000000c0015d90                sysCallUnlink(regs*)
                0x00000000c0015de2                sysCallGetArgv(regs*)
                0x00000000c0015e2e                sysCallTTYName(regs*)
                0x00000000c0015eb1                sysCallGetEnv(regs*)
                0x00000000c0015f03                sysCallUSleep(regs*)
                0x00000000c0015f2a                sysCallSpawn(regs*)
                0x00000000c0015f9a                sysAppSettings(regs*)
                0x00000000c00160b9                sysSetFatAttrib(regs*)
                0x00000000c0016119                sysPanic(regs*)
                0x00000000c001613f                sysPipe(regs*)
                0x00000000c0016184                sysGetUnixTime(regs*)
                0x00000000c0016198                string_ends_with(char const*, char const*)
                0x00000000c00161e0                sysCallOpen(regs*)
                0x00000000c00163d3                setupSystemCalls()
                0x00000000c001658c                systemCall(regs*, void*)
 .text          0x00000000c00165ce     0x1137 thr/elf.32
                0x00000000c00165ce                Thr::allocateMemoryForTask(Process*, File*, unsigned long, unsigned long, unsigned long)
                0x00000000c001684b                Thr::loadProgramIntoMemory(Process*, char const*)
                0x00000000c0016a61                Thr::runtimeReferenceHelper()
                0x00000000c0016a74                Thr::getAddressOfKernelSymbol(char const*)
                0x00000000c0016ac3                Thr::loadKernelSymbolTable(char const*)
                0x00000000c0016d84                Thr::loadDriverIntoMemory(char const*, unsigned long, bool)
                0x00000000c0017505                Thr::getDriverBaseFromAddress(unsigned long)
                0x00000000c0017537                Thr::getDriverNameFromAddress(unsigned long)
                0x00000000c001756e                Thr::getDriverOffsetFromAddress(unsigned long)
                0x00000000c0017588                Thr::loadDLL(char const*, bool)
                0x00000000c00176db                Thr::executeDLL(unsigned long, void*)
 *fill*         0x00000000c0017705        0x1 
 .text          0x00000000c0017706     0x11c2 thr/prcssthr.32
                0x00000000c0017706                changeTSS
                0x00000000c0017734                Process::addArgs(char**)
                0x00000000c001778e                Process::Process(char const*, Process*, char**)
                0x00000000c001778e                Process::Process(char const*, Process*, char**)
                0x00000000c0017946                Process::Process(bool, char const*, Process*, char**)
                0x00000000c0017946                Process::Process(bool, char const*, Process*, char**)
                0x00000000c0017ac9                disableIRQs()
                0x00000000c0017ad1                getIRQNestingLevel()
                0x00000000c0017ad7                enableIRQs()
                0x00000000c0017ae6                lockScheduler()
                0x00000000c0017ae8                unlockScheduler()
                0x00000000c0017aea                userModeEntryPoint(void*)
                0x00000000c0017b0d                lockStuff()
                0x00000000c0017b19                taskStartupFunction
                0x00000000c0017b22                updateTimeUsed()
                0x00000000c0017b80                switchToThread(ThreadControlBlock*)
                0x00000000c0017bd0                Semaphore::Semaphore(int)
                0x00000000c0017bd0                Semaphore::Semaphore(int)
                0x00000000c0017bfe                Mutex::Mutex()
                0x00000000c0017bfe                Mutex::Mutex()
                0x00000000c0017c10                Process::createThread(void (*)(void*), void*, int)
                0x00000000c0017cf4                Process::createUserThread()
                0x00000000c0017d10                setupMultitasking(void (*)())
                0x00000000c0017e1a                schedule()
                0x00000000c0017e9f                unlockStuff()
                0x00000000c0017ed4                forkProcess(regs*)
                0x00000000c0018042                Semaphore::tryAcquire()
                0x00000000c0018070                Semaphore::assertLocked(char const*)
                0x00000000c00180a3                blockTaskWithSchedulerLockAlreadyHeld(TaskState)
                0x00000000c00180e5                blockTask(TaskState)
                0x00000000c0018106                waitTask(int, int*, int)
                0x00000000c0018148                nanoSleepUntil(unsigned long long)
                0x00000000c001819f                nanoSleep(unsigned long long)
                0x00000000c00181b4                sleep(unsigned long long)
                0x00000000c00181d2                Semaphore::acquire()
                0x00000000c001823a                execveProcess(char const*, char* const*, char* const*)
                0x00000000c00182c8                taskReturned
                0x00000000c00182f6                unblockTask(ThreadControlBlock*)
                0x00000000c00183a5                cleanupTerminatedTask(ThreadControlBlock*)
                0x00000000c0018649                cleanerTaskFunction(void*)
                0x00000000c00186fc                terminateTask(int)
                0x00000000c00187d0                Thr::terminateFromIRQ(int)
                0x00000000c00187dc                Semaphore::release()
 .text          0x00000000c00188c8      0x8bf vm86/vm8086.32
                0x00000000c00188c8                Vm::vm8086EntryPoint(void*)
                0x00000000c00188f3                Vm::inbv(unsigned short)
                0x00000000c00188f9                Vm::outbv(unsigned short, unsigned char)
                0x00000000c0018903                Vm::realToLinear(unsigned short, unsigned short)
                0x00000000c0018913                Vm::getSegment(unsigned int)
                0x00000000c001891b                Vm::getOffset(unsigned int)
                0x00000000c0018920                Vm::loadFileAsThread(Process*, char const*, unsigned short, unsigned short, unsigned short, unsigned short)
                0x00000000c0018a4f                Vm::doISR(regs*, int, unsigned char*, unsigned short, unsigned short)
                0x00000000c0018ad9                Vm::readByteFromReal(unsigned short, unsigned short)
                0x00000000c0018aea                Vm::readWordFromReal(unsigned short, unsigned short)
                0x00000000c0018afc                Vm::readDwordFromReal(unsigned short, unsigned short)
                0x00000000c0018b0d                Vm::writeByteFromReal(unsigned short, unsigned short, unsigned char)
                0x00000000c0018b22                Vm::writeWordFromReal(unsigned short, unsigned short, unsigned short)
                0x00000000c0018b38                Vm::writeDwordFromReal(unsigned short, unsigned short, unsigned int)
                0x00000000c0018b4d                Vm::faultHandler(regs*)
 *fill*         0x00000000c0019187        0x1 
 .text          0x00000000c0019188     0x10ed fs/fat/vfslink.32
                0x00000000c0019188                FAT::getName()
                0x00000000c001918e                FAT::tell(void*, unsigned long long*)
                0x00000000c00191c2                FAT::stat(void*, unsigned long long*)
                0x00000000c00191f6                FAT::~FAT()
                0x00000000c00191f6                FAT::~FAT()
                0x00000000c001921a                FAT::~FAT()
                0x00000000c0019242                FAT::getlabel(LogicalDisk*, int, char*, unsigned int*)
                0x00000000c00192e0                FAT::setlabel(LogicalDisk*, int, char*)
                0x00000000c001939a                FAT::format(LogicalDisk*, int, char const*, int)
                0x00000000c001957e                FAT::tryMount(LogicalDisk*, int)
                0x00000000c0019784                FAT::readDir(void*, unsigned long, void*, int*)
                0x00000000c001988a                FAT::read(void*, unsigned long, void*, int*)
                0x00000000c00198e4                FAT::write(void*, unsigned long, void*, int*)
                0x00000000c001993e                FAT::close(void*)
                0x00000000c001998a                FAT::closeDir(void*)
                0x00000000c00199d6                FAT::seek(void*, unsigned long long)
                0x00000000c0019a2a                fatWrapperReadDisk
                0x00000000c0019a71                fatWrapperWriteDisk
                0x00000000c0019ab8                fatWrapperIoctl
                0x00000000c0019bbc                FAT::FAT()
                0x00000000c0019bbc                FAT::FAT()
                0x00000000c0019c0e                FAT::fixFilepath(char*)
                0x00000000c0019c46                FAT::open(char const*, void**, FileOpenMode)
                0x00000000c0019d6e                FAT::openDir(char const*, void**)
                0x00000000c0019e14                FAT::stat(char const*, unsigned long long*, bool*)
                0x00000000c0019efe                FAT::unlink(char const*)
                0x00000000c0019f78                FAT::chfatattr(char const*, unsigned char, unsigned char)
                0x00000000c001a0cc                FAT::rename(char const*, char const*)
                0x00000000c001a190                FAT::mkdir(char const*)
                0x00000000c001a20a                FAT::exists(char const*)
 *fill*         0x00000000c001a275        0x1 
 .text          0x00000000c001a276      0xbdf fs/iso9660/vfslink.32
                0x00000000c001a276                ISO9660::format(LogicalDisk*, int, char const*, int)
                0x00000000c001a27c                ISO9660::seek(void*, unsigned long long)
                0x00000000c001a2ac                ISO9660::tell(void*, unsigned long long*)
                0x00000000c001a2d0                ISO9660::getName()
                0x00000000c001a2d6                ISO9660::stat(void*, unsigned long long*)
                0x00000000c001a2fa                ISO9660::chfatattr(char const*, unsigned char, unsigned char)
                0x00000000c001a300                ISO9660::unlink(char const*)
                0x00000000c001a306                ISO9660::write(void*, unsigned long, void*, int*)
                0x00000000c001a30c                ISO9660::rename(char const*, char const*)
                0x00000000c001a312                ISO9660::mkdir(char const*)
                0x00000000c001a318                ISO9660::close(void*)
                0x00000000c001a33a                ISO9660::closeDir(void*)
                0x00000000c001a35c                ISO9660::~ISO9660()
                0x00000000c001a35c                ISO9660::~ISO9660()
                0x00000000c001a380                ISO9660::~ISO9660()
                0x00000000c001a3a7                __memmem(unsigned char*, int, unsigned char*, int)
                0x00000000c001a3e9                readSectorFromCDROM(unsigned int, unsigned char*, char)
                0x00000000c001a450                ISO9660::tryMount(LogicalDisk*, int)
                0x00000000c001a4a0                ISO9660::read(void*, unsigned long, void*, int*)
                0x00000000c001a6e4                ISO9660::readDir(void*, unsigned long, void*, int*)
                0x00000000c001a971                readRoot(unsigned int*, unsigned int*, char)
                0x00000000c001a9c6                readRecursively(char*, unsigned int, unsigned int, unsigned int*, unsigned int*, char, int*)
                0x00000000c001ab99                getFileData(char*, unsigned int*, unsigned int*, char, int*)
                0x00000000c001ac28                ISO9660::open(char const*, void**, FileOpenMode)
                0x00000000c001acc2                ISO9660::exists(char const*)
                0x00000000c001ace6                ISO9660::stat(char const*, unsigned long long*, bool*)
                0x00000000c001ad7a                ISO9660::openDir(char const*, void**)
                0x00000000c001ae32                ISO9660::ISO9660()
                0x00000000c001ae32                ISO9660::ISO9660()
 *fill*         0x00000000c001ae55        0x1 
 .text          0x00000000c001ae56      0x244 hal/sound/sndchannel.32
                0x00000000c001ae56                SoundChannel::~SoundChannel()
                0x00000000c001ae56                SoundChannel::~SoundChannel()
                0x00000000c001ae72                SoundChannel::setSpeed(float)
                0x00000000c001ae7e                SoundChannel::getSpeed()
                0x00000000c001ae86                SoundChannel::setVolume(int)
                0x00000000c001aea2                SoundChannel::getVolume()
                0x00000000c001aeaa                SoundChannel::pause()
                0x00000000c001aeb4                SoundChannel::SoundChannel(int, int, int, int)
                0x00000000c001aeb4                SoundChannel::SoundChannel(int, int, int, int)
                0x00000000c001afaa                SoundChannel::play()
                0x00000000c001afb4                SoundChannel::paused()
                0x00000000c001afbc                SoundChannel::getSampleRate()
                0x00000000c001afc4                SoundChannel::getBits()
                0x00000000c001afcc                SoundChannel::getBufferUsed()
                0x00000000c001afd4                SoundChannel::getBufferSize()
                0x00000000c001afdc                SoundChannel::unbuffer(float*, int, int)
                0x00000000c001b04e                SoundChannel::buffer8(unsigned char*, int)
 .text          0x00000000c001b09a      0x317 hal/sound/sndhw.32
                0x00000000c001b09a                SoundDevice::SoundDevice(char const*)
                0x00000000c001b09a                SoundDevice::SoundDevice(char const*)
                0x00000000c001b106                SoundDevice::~SoundDevice()
                0x00000000c001b106                SoundDevice::~SoundDevice()
                0x00000000c001b180                SoundDevice::~SoundDevice()
                0x00000000c001b1aa                SoundDevice::getFreeChannelNum()
                0x00000000c001b1c4                SoundDevice::addChannel(SoundChannel*)
                0x00000000c001b234                SoundDevice::removeChannel(int)
                0x00000000c001b266                SoundDevice::floatTo8(float*, unsigned char*, int)
                0x00000000c001b2d2                SoundDevice::getAudio(int, float*, float*)
 .text          0x00000000c001b3b1        0x0 hw/bus/isa.32
 *fill*         0x00000000c001b3b1        0x1 
 .text          0x00000000c001b3b2      0x6e5 hw/bus/pci.32
                0x00000000c001b3b2                PCI::open(int, int, void*)
                0x00000000c001b3c6                PCI::close(int, int, void*)
                0x00000000c001b3ca                PCI::PCI()
                0x00000000c001b3ca                PCI::PCI()
                0x00000000c001b44a                PCI::pciReadWord(unsigned char, unsigned char, unsigned char, unsigned char)
                0x00000000c001b492                PCI::getVendorID(unsigned char, unsigned char, unsigned char)
                0x00000000c001b4b4                PCI::getHeaderType(unsigned char, unsigned char, unsigned char)
                0x00000000c001b4d8                PCI::getClassCode(unsigned char, unsigned char, unsigned char)
                0x00000000c001b51c                PCI::getProgIF(unsigned char, unsigned char, unsigned char)
                0x00000000c001b540                PCI::getRevisionID(unsigned char, unsigned char, unsigned char)
                0x00000000c001b562                PCI::getInterruptNumber(unsigned char, unsigned char, unsigned char)
                0x00000000c001b584                PCI::getSecondaryBus(unsigned char, unsigned char, unsigned char)
                0x00000000c001b5a8                PCI::getBARAddress(unsigned char, unsigned char, unsigned char, unsigned char)
                0x00000000c001b608                PCI::pciWriteWord(unsigned char, unsigned char, unsigned char, unsigned char, unsigned short)
                0x00000000c001b674                PCI::checkBus(unsigned char)
                0x00000000c001b698                PCI::foundDevice(PCIDeviceInfo)
                0x00000000c001b808                PCI::getDeviceData(unsigned char, unsigned char, unsigned char)
                0x00000000c001b9d8                PCI::checkDevice(unsigned char, unsigned char)
                0x00000000c001ba44                PCI::detect()
 *fill*         0x00000000c001ba97        0x1 
 .text          0x00000000c001ba98      0xc70 hw/diskctrl/ide.32
                0x00000000c001ba98                IDE::close(int, int, void*)
                0x00000000c001ba9c                IDE::IDE()
                0x00000000c001ba9c                IDE::IDE()
                0x00000000c001bad0                IDE::prepareInterrupt(unsigned char)
                0x00000000c001bae2                selectDrive(unsigned char, unsigned char)
                0x00000000c001bae4                IDE::getBase(unsigned char)
                0x00000000c001baf6                IDE::write(unsigned char, unsigned char, unsigned char)
                0x00000000c001bbb6                IDE::read(unsigned char, unsigned char)
                0x00000000c001bc64                IDE::waitInterrupt(unsigned char)
                0x00000000c001bcca                ideChannel0IRQHandler(regs*, void*)
                0x00000000c001bce6                ideChannel1IRQHandler(regs*, void*)
                0x00000000c001bd02                IDE::enableIRQs(unsigned char, bool)
                0x00000000c001bd48                IDE::open(int, int, void*)
                0x00000000c001c158                IDE::readBuffer(unsigned char, unsigned char, unsigned int, unsigned int)
                0x00000000c001c224                IDE::detect()
                0x00000000c001c50c                IDE::printError(unsigned char, unsigned char, unsigned char)
                0x00000000c001c6a2                IDE::polling(unsigned char, unsigned int)
 .text          0x00000000c001c708      0x62b hw/diskphys/ata.32
                0x00000000c001c708                ATA::close(int, int, void*)
                0x00000000c001c72c                ATA::powerSaving(PowerSavingLevel)
                0x00000000c001c72e                ATA::ATA()
                0x00000000c001c72e                ATA::ATA()
                0x00000000c001c75c                ATA::flush(bool)
                0x00000000c001c7a6                ATA::readyForCommand()
                0x00000000c001c7f6                ATA::access(unsigned long long, int, void*, bool)
                0x00000000c001cb74                ATA::read(unsigned long long, int, void*)
                0x00000000c001cbdc                ATA::write(unsigned long long, int, void*)
                0x00000000c001cc44                ATA::detectCHS()
                0x00000000c001cc6e                ATA::open(int, int, void*)
 *fill*         0x00000000c001cd33        0x1 
 .text          0x00000000c001cd34      0x5b3 hw/diskphys/atapi.32
                0x00000000c001cd34                ATAPI::write(unsigned long long, int, void*)
                0x00000000c001cd3a                ATAPI::close(int, int, void*)
                0x00000000c001cd5e                ATAPI::ATAPI()
                0x00000000c001cd5e                ATAPI::ATAPI()
                0x00000000c001cd8c                ATAPI::readyForCommand()
                0x00000000c001cddc                ATAPI::sendPacket(unsigned char*, int, bool, unsigned short*, int)
                0x00000000c001d09c                ATAPI::diskRemoved()
                0x00000000c001d0b8                ATAPI::eject()
                0x00000000c001d0fe                ATAPI::diskInserted()
                0x00000000c001d12c                ATAPI::detectMedia()
                0x00000000c001d1e8                ATAPI::open(int, int, void*)
                0x00000000c001d268                ATAPI::read(unsigned long long, int, void*)
 *fill*         0x00000000c001d2e7        0x1 
 .text          0x00000000c001d2e8       0x8e hw/fpu/avx.32
                0x00000000c001d2e8                AVX::open(int, int, void*)
                0x00000000c001d2fa                AVX::close(int, int, void*)
                0x00000000c001d30c                AVX::available()
                0x00000000c001d31e                AVX::save(void*)
                0x00000000c001d336                AVX::load(void*)
                0x00000000c001d34e                AVX::AVX()
                0x00000000c001d34e                AVX::AVX()
 .text          0x00000000c001d376       0x90 hw/fpu/mmx.32
                0x00000000c001d376                MMX::available()
                0x00000000c001d38a                MMX::open(int, int, void*)
                0x00000000c001d39c                MMX::close(int, int, void*)
                0x00000000c001d3ae                MMX::save(void*)
                0x00000000c001d3c6                MMX::load(void*)
                0x00000000c001d3de                MMX::MMX()
                0x00000000c001d3de                MMX::MMX()
 .text          0x00000000c001d406       0x96 hw/fpu/sse.32
                0x00000000c001d406                SSE::open(int, int, void*)
                0x00000000c001d418                SSE::close(int, int, void*)
                0x00000000c001d42a                SSE::available()
                0x00000000c001d444                SSE::save(void*)
                0x00000000c001d45c                SSE::load(void*)
                0x00000000c001d474                SSE::SSE()
                0x00000000c001d474                SSE::SSE()
 .text          0x00000000c001d49c       0x8e hw/fpu/x87.32
                0x00000000c001d49c                x87::open(int, int, void*)
                0x00000000c001d4ae                x87::close(int, int, void*)
                0x00000000c001d4c0                x87::available()
                0x00000000c001d4d2                x87::save(void*)
                0x00000000c001d4ea                x87::load(void*)
                0x00000000c001d502                x87::x87()
                0x00000000c001d502                x87::x87()
 .text          0x00000000c001d52a      0x5f3 hw/intctrl/apic.32
                0x00000000c001d52a                APIC::disable()
                0x00000000c001d52c                APIC::close(int, int, void*)
                0x00000000c001d54e                IOAPIC::close(int, int, void*)
                0x00000000c001d554                APIC::io_wait()
                0x00000000c001d55a                APIC::getBase()
                0x00000000c001d59c                APIC::eoi(unsigned char)
                0x00000000c001d5ca                APIC::open(int, int, void*)
                0x00000000c001d684                IOAPIC::IOAPIC()
                0x00000000c001d684                IOAPIC::IOAPIC()
                0x00000000c001d6ac                APIC::APIC()
                0x00000000c001d6ac                APIC::APIC()
                0x00000000c001d77c                IOAPIC::handlesGSIWithNumber(unsigned int)
                0x00000000c001d7ae                IOAPIC::read(int)
                0x00000000c001d7d6                IOAPIC::open(int, int, void*)
                0x00000000c001d8cc                IOAPIC::write(int, int)
                0x00000000c001d8f8                IOAPIC::redirect(unsigned char, unsigned long long, unsigned char)
                0x00000000c001d9b2                APIC::installIRQHandler(int, void (*)(regs*, void*), bool, void*)
 *fill*         0x00000000c001db1d        0x1 
 .text          0x00000000c001db1e      0x3d3 hw/intctrl/pic.32
                0x00000000c001db1e                PIC::disable()
                0x00000000c001db4c                PIC::close(int, int, void*)
                0x00000000c001db6e                PIC::PIC()
                0x00000000c001db6e                PIC::PIC()
                0x00000000c001dc44                PIC::ioWait()
                0x00000000c001dc4a                PIC::getIRQReg(int)
                0x00000000c001dcb4                PIC::eoi(unsigned char)
                0x00000000c001dd46                PIC::remap()
                0x00000000c001deb2                PIC::open(int, int, void*)
 *fill*         0x00000000c001def1        0x1 
 .text          0x00000000c001def2      0x252 hw/timer/apictimer.32
                0x00000000c001def2                APICTimer::close(int, int, void*)
                0x00000000c001def8                apicTimerHandler(regs*, void*)
                0x00000000c001df26                APICTimer::write(int)
                0x00000000c001e024                APICTimer::open(int, int, void*)
                0x00000000c001e11c                APICTimer::APICTimer()
                0x00000000c001e11c                APICTimer::APICTimer()
 .text          0x00000000c001e144      0x1a7 hw/timer/pit.32
                0x00000000c001e144                PIT::write(int)
                0x00000000c001e1c2                pitHandler(regs*, void*)
                0x00000000c001e1ee                PIT::open(int, int, void*)
                0x00000000c001e23c                PIT::close(int, int, void*)
                0x00000000c001e26c                PIT::PIT()
                0x00000000c001e26c                PIT::PIT()
 *fill*         0x00000000c001e2eb        0x5 
 .text          0x00000000c001e2f0        0xa hw/fpu/x86/avx.32
                0x00000000c001e2f0                avxDetect
                0x00000000c001e2f6                avxSave
                0x00000000c001e2f7                avxLoad
                0x00000000c001e2f8                avxInit
                0x00000000c001e2f9                avxClose
 *fill*         0x00000000c001e2fa        0x6 
 .text          0x00000000c001e300       0x38 hw/fpu/x86/sse.32
                0x00000000c001e300                sseDetect
                0x00000000c001e31b                sseSave
                0x00000000c001e321                sseLoad
                0x00000000c001e327                sseInit
                0x00000000c001e337                sseClose
 *fill*         0x00000000c001e338        0x8 
 .text          0x00000000c001e340       0x47 hw/fpu/x86/x87.32
                0x00000000c001e346                x87Detect
                0x00000000c001e361                x87Save
                0x00000000c001e367                x87Load
                0x00000000c001e36c                x87Init
                0x00000000c001e386                x87Close
 *fill*         0x00000000c001e387        0x1 
 .text          0x00000000c001e388       0x25 /cygdrive/d/Users/Alex/Desktop/Toolchain/Output/bin/../lib/gcc/i386-banana/8.1.0/crtend.o
 .text          0x00000000c001e3ad        0x0 crtn.32
 *fill*         0x00000000c001e3ad        0x3 
 .text          0x00000000c001e3b0      0x14b /cygdrive/d/Users/Alex/Desktop/Toolchain/Output/bin/../lib/gcc/i386-banana/8.1.0/libgcc.a(_divdi3.o)
                0x00000000c001e3b0                __divdi3
 *fill*         0x00000000c001e4fb        0x1 
 .text          0x00000000c001e4fc      0x17e /cygdrive/d/Users/Alex/Desktop/Toolchain/Output/bin/../lib/gcc/i386-banana/8.1.0/libgcc.a(_moddi3.o)
                0x00000000c001e4fc                __moddi3
 *fill*         0x00000000c001e67a        0x2 
 .text          0x00000000c001e67c       0xff /cygdrive/d/Users/Alex/Desktop/Toolchain/Output/bin/../lib/gcc/i386-banana/8.1.0/libgcc.a(_udivdi3.o)
                0x00000000c001e67c                __udivdi3
 *fill*         0x00000000c001e77b        0x1 
 .text          0x00000000c001e77c      0x11a /cygdrive/d/Users/Alex/Desktop/Toolchain/Output/bin/../lib/gcc/i386-banana/8.1.0/libgcc.a(_umoddi3.o)
                0x00000000c001e77c                __umoddi3
 *fill*         0x00000000c001e896        0xa 
 .text          0x00000000c001e8a0       0x1e D:/Users/Alex/Desktop/Banana/kernel/libk/libm32.a(s_fabs.c.o)
                0x00000000c001e8a0                fabs
 *fill*         0x00000000c001e8be        0x2 
 .text          0x00000000c001e8c0        0xc D:/Users/Alex/Desktop/Banana/kernel/libk/libm32.a(s_lrint.S.o)
                0x00000000c001e8c0                lrint
 .text          0x00000000c001e8cc        0xc D:/Users/Alex/Desktop/Banana/kernel/libk/libm32.a(s_lrintf.S.o)
                0x00000000c001e8cc                lrintf
 *(.gnu.linkonce.t*)

.iplt           0x00000000c001e8d8        0x0
 .iplt          0x00000000c001e8d8        0x0 D:/Users/Alex/Desktop/Banana/kernel/boot.32

.init           0x00000000c001e8d8        0xf
 .init          0x00000000c001e8d8        0x3 crti.32
                0x00000000c001e8d8                _init
 .init          0x00000000c001e8db        0x5 /cygdrive/d/Users/Alex/Desktop/Toolchain/Output/bin/../lib/gcc/i386-banana/8.1.0/crtbegin.o
 .init          0x00000000c001e8e0        0x5 /cygdrive/d/Users/Alex/Desktop/Toolchain/Output/bin/../lib/gcc/i386-banana/8.1.0/crtend.o
 .init          0x00000000c001e8e5        0x2 crtn.32

.fini           0x00000000c001e8e7        0xa
 .fini          0x00000000c001e8e7        0x3 crti.32
                0x00000000c001e8e7                _fini
 .fini          0x00000000c001e8ea        0x5 /cygdrive/d/Users/Alex/Desktop/Toolchain/Output/bin/../lib/gcc/i386-banana/8.1.0/crtbegin.o
 .fini          0x00000000c001e8ef        0x2 crtn.32

.text._ZN8ComputerD2Ev
                0x00000000c001e8f2       0x23
 .text._ZN8ComputerD2Ev
                0x00000000c001e8f2       0x23 core/computer.32
                0x00000000c001e8f2                Computer::~Computer()
                0x00000000c001e8f2                Computer::~Computer()

.text._ZN8ComputerD0Ev
                0x00000000c001e916       0x2a
 .text._ZN8ComputerD0Ev
                0x00000000c001e916       0x2a core/computer.32
                0x00000000c001e916                Computer::~Computer()

.text._Z10idleCommonv
                0x00000000c001e940       0x15
 .text._Z10idleCommonv
                0x00000000c001e940       0x15 core/idle.32
                0x00000000c001e940                idleCommon()

.text._ZN3CPU7readCR3Ev
                0x00000000c001e955       0x12
 .text._ZN3CPU7readCR3Ev
                0x00000000c001e955       0x12 core/kheap.32
                0x00000000c001e955                CPU::readCR3()

.text._ZN3CPU8writeCR3Em
                0x00000000c001e967        0x9
 .text._ZN3CPU8writeCR3Em
                0x00000000c001e967        0x9 core/kheap.32
                0x00000000c001e967                CPU::writeCR3(unsigned long)

.text._ZN10LinkedListI8UnixFileED2Ev
                0x00000000c001e970        0x2
 .text._ZN10LinkedListI8UnixFileED2Ev
                0x00000000c001e970        0x2 core/unixfile.32
                0x00000000c001e970                LinkedList<UnixFile>::~LinkedList()
                0x00000000c001e970                LinkedList<UnixFile>::~LinkedList()

.text._ZN10LinkedListI8UnixFileEC2Ev
                0x00000000c001e972       0x58
 .text._ZN10LinkedListI8UnixFileEC2Ev
                0x00000000c001e972       0x58 core/unixfile.32
                0x00000000c001e972                LinkedList<UnixFile>::LinkedList()
                0x00000000c001e972                LinkedList<UnixFile>::LinkedList()

.text._ZN10LinkedListI8UnixFileE10addElementEPS0_
                0x00000000c001e9ca       0xd3
 .text._ZN10LinkedListI8UnixFileE10addElementEPS0_
                0x00000000c001e9ca       0xd3 core/unixfile.32
                0x00000000c001e9ca                LinkedList<UnixFile>::addElement(UnixFile*)

.text._ZN10LinkedListI8UnixFileE15getFirstElementEv
                0x00000000c001ea9e        0x7
 .text._ZN10LinkedListI8UnixFileE15getFirstElementEv
                0x00000000c001ea9e        0x7 core/unixfile.32
                0x00000000c001ea9e                LinkedList<UnixFile>::getFirstElement()

.text._ZN10LinkedListI8UnixFileE11removeFirstEv
                0x00000000c001eaa6       0xa1
 .text._ZN10LinkedListI8UnixFileE11removeFirstEv
                0x00000000c001eaa6       0xa1 core/unixfile.32
                0x00000000c001eaa6                LinkedList<UnixFile>::removeFirst()

.text._ZN10LinkedListI8UnixFileE7getNextEPS0_
                0x00000000c001eb48        0x8
 .text._ZN10LinkedListI8UnixFileE7getNextEPS0_
                0x00000000c001eb48        0x8 core/unixfile.32
                0x00000000c001eb48                LinkedList<UnixFile>::getNext(UnixFile*)

.text._ZN16DriverlessDeviceD2Ev
                0x00000000c001eb50       0x1a
 .text._ZN16DriverlessDeviceD2Ev
                0x00000000c001eb50       0x1a hal/device.32
                0x00000000c001eb50                DriverlessDevice::~DriverlessDevice()
                0x00000000c001eb50                DriverlessDevice::~DriverlessDevice()

.text._ZN16DriverlessDeviceD0Ev
                0x00000000c001eb6a       0x2a
 .text._ZN16DriverlessDeviceD0Ev
                0x00000000c001eb6a       0x2a hal/device.32
                0x00000000c001eb6a                DriverlessDevice::~DriverlessDevice()

.text._ZN10LinkedListI6DeviceE10addElementEPS0_
                0x00000000c001eb94       0xdc
 .text._ZN10LinkedListI6DeviceE10addElementEPS0_
                0x00000000c001eb94       0xdc hal/device.32
                0x00000000c001eb94                LinkedList<Device>::addElement(Device*)

.text._ZN10LinkedListI6DeviceEC2Ev
                0x00000000c001ec70       0x58
 .text._ZN10LinkedListI6DeviceEC2Ev
                0x00000000c001ec70       0x58 hal/device.32
                0x00000000c001ec70                LinkedList<Device>::LinkedList()
                0x00000000c001ec70                LinkedList<Device>::LinkedList()

.text._ZN3CPU7readCR0Ev
                0x00000000c001ecc8       0x12
 .text._ZN3CPU7readCR0Ev
                0x00000000c001ecc8       0x12 hal/fpu.32
                0x00000000c001ecc8                CPU::readCR0()

.text._ZN3CPU8writeCR0Em
                0x00000000c001ecda        0x9
 .text._ZN3CPU8writeCR0Em
                0x00000000c001ecda        0x9 hal/fpu.32
                0x00000000c001ecda                CPU::writeCR0(unsigned long)

.text._ZN3CPU7readDR0Ev
                0x00000000c001ece3       0x12
 .text._ZN3CPU7readDR0Ev
                0x00000000c001ece3       0x12 hal/intctrl.32
                0x00000000c001ece3                CPU::readDR0()

.text._ZN3CPU7readDR1Ev
                0x00000000c001ecf5       0x12
 .text._ZN3CPU7readDR1Ev
                0x00000000c001ecf5       0x12 hal/intctrl.32
                0x00000000c001ecf5                CPU::readDR1()

.text._ZN3CPU7readDR2Ev
                0x00000000c001ed07       0x12
 .text._ZN3CPU7readDR2Ev
                0x00000000c001ed07       0x12 hal/intctrl.32
                0x00000000c001ed07                CPU::readDR2()

.text._ZN3CPU7readDR3Ev
                0x00000000c001ed19       0x12
 .text._ZN3CPU7readDR3Ev
                0x00000000c001ed19       0x12 hal/intctrl.32
                0x00000000c001ed19                CPU::readDR3()

.text._ZN3CPU7readDR6Ev
                0x00000000c001ed2b       0x12
 .text._ZN3CPU7readDR6Ev
                0x00000000c001ed2b       0x12 hal/intctrl.32
                0x00000000c001ed2b                CPU::readDR6()

.text._ZN3CPU7readDR7Ev
                0x00000000c001ed3d       0x12
 .text._ZN3CPU7readDR7Ev
                0x00000000c001ed3d       0x12 hal/intctrl.32
                0x00000000c001ed3d                CPU::readDR7()

.text._ZN10LinkedListIV18ThreadControlBlockE15getFirstElementEv
                0x00000000c001ed50        0x7
 .text._ZN10LinkedListIV18ThreadControlBlockE15getFirstElementEv
                0x00000000c001ed50        0x7 hal/timer.32
                0x00000000c001ed50                LinkedList<ThreadControlBlock volatile>::getFirstElement()

.text._ZN10LinkedListIV18ThreadControlBlockE7isEmptyEv
                0x00000000c001ed58       0x1c
 .text._ZN10LinkedListIV18ThreadControlBlockE7isEmptyEv
                0x00000000c001ed58       0x1c hal/timer.32
                0x00000000c001ed58                LinkedList<ThreadControlBlock volatile>::isEmpty()

.text._ZN10LinkedListIV18ThreadControlBlockE11removeFirstEv
                0x00000000c001ed74       0xae
 .text._ZN10LinkedListIV18ThreadControlBlockE11removeFirstEv
                0x00000000c001ed74       0xae hal/timer.32
                0x00000000c001ed74                LinkedList<ThreadControlBlock volatile>::removeFirst()

.text._ZN10LinkedListIV18ThreadControlBlockE10addElementEPS1_
                0x00000000c001ee22       0xd3
 .text._ZN10LinkedListIV18ThreadControlBlockE10addElementEPS1_
                0x00000000c001ee22       0xd3 hal/timer.32
                0x00000000c001ee22                LinkedList<ThreadControlBlock volatile>::addElement(ThreadControlBlock volatile*)

.text._ZN4ACPID2Ev
                0x00000000c001eef6       0x23
 .text._ZN4ACPID2Ev
                0x00000000c001eef6       0x23 hw/acpi.32
                0x00000000c001eef6                ACPI::~ACPI()
                0x00000000c001eef6                ACPI::~ACPI()

.text._ZN4ACPID0Ev
                0x00000000c001ef1a       0x2a
 .text._ZN4ACPID0Ev
                0x00000000c001ef1a       0x2a hw/acpi.32
                0x00000000c001ef1a                ACPI::~ACPI()

.text._ZN3CPUD2Ev
                0x00000000c001ef44       0x23
 .text._ZN3CPUD2Ev
                0x00000000c001ef44       0x23 hw/cpu.32
                0x00000000c001ef44                CPU::~CPU()
                0x00000000c001ef44                CPU::~CPU()

.text._ZN3CPUD0Ev
                0x00000000c001ef68       0x2a
 .text._ZN3CPUD0Ev
                0x00000000c001ef68       0x2a hw/cpu.32
                0x00000000c001ef68                CPU::~CPU()

.text._ZN3CPU7readCR4Ev
                0x00000000c001ef92       0x12
 .text._ZN3CPU7readCR4Ev
                0x00000000c001ef92       0x12 hw/cpu.32
                0x00000000c001ef92                CPU::readCR4()

.text._ZN3CPU8writeDR7Em
                0x00000000c001efa4        0x9
 .text._ZN3CPU8writeDR7Em
                0x00000000c001efa4        0x9 hw/cpu.32
                0x00000000c001efa4                CPU::writeDR7(unsigned long)

.text._ZN3CPU8writeCR4Em
                0x00000000c001efad        0x9
 .text._ZN3CPU8writeCR4Em
                0x00000000c001efad        0x9 hw/cpu.32
                0x00000000c001efad                CPU::writeCR4(unsigned long)

.text._ZN3CPU7readCR2Ev
                0x00000000c001efb6       0x12
 .text._ZN3CPU7readCR2Ev
                0x00000000c001efb6       0x12 krnl/panic.32
                0x00000000c001efb6                CPU::readCR2()

.text._ZN10LinkedListIV18ThreadControlBlockED2Ev
                0x00000000c001efc8        0x2
 .text._ZN10LinkedListIV18ThreadControlBlockED2Ev
                0x00000000c001efc8        0x2 thr/prcssthr.32
                0x00000000c001efc8                LinkedList<ThreadControlBlock volatile>::~LinkedList()
                0x00000000c001efc8                LinkedList<ThreadControlBlock volatile>::~LinkedList()

.text._ZN18ThreadControlBlockC2Ev
                0x00000000c001efca       0x3e
 .text._ZN18ThreadControlBlockC2Ev
                0x00000000c001efca       0x3e thr/prcssthr.32
                0x00000000c001efca                ThreadControlBlock::ThreadControlBlock()
                0x00000000c001efca                ThreadControlBlock::ThreadControlBlock()

.text._ZN10LinkedListIV18ThreadControlBlockEC2Ev
                0x00000000c001f008       0x58
 .text._ZN10LinkedListIV18ThreadControlBlockEC2Ev
                0x00000000c001f008       0x58 thr/prcssthr.32
                0x00000000c001f008                LinkedList<ThreadControlBlock volatile>::LinkedList()
                0x00000000c001f008                LinkedList<ThreadControlBlock volatile>::LinkedList()

.text._ZN10LinkedListIV18ThreadControlBlockE7getNextEPS1_
                0x00000000c001f060        0x8
 .text._ZN10LinkedListIV18ThreadControlBlockE7getNextEPS1_
                0x00000000c001f060        0x8 thr/prcssthr.32
                0x00000000c001f060                LinkedList<ThreadControlBlock volatile>::getNext(ThreadControlBlock volatile*)

.text._ZN3PCID2Ev
                0x00000000c001f068       0x23
 .text._ZN3PCID2Ev
                0x00000000c001f068       0x23 hw/bus/pci.32
                0x00000000c001f068                PCI::~PCI()
                0x00000000c001f068                PCI::~PCI()

.text._ZN3PCID0Ev
                0x00000000c001f08c       0x2a
 .text._ZN3PCID0Ev