Archive member included to satisfy reference by file (symbol)

/cygdrive/d/Users/Alex/Desktop/Toolchain/Output/bin/../lib/gcc/i386-banana/8.1.0/libkgcc.a(_divdi3.o)
                              fs/fat/ff.32 (__divdi3)
/cygdrive/d/Users/Alex/Desktop/Toolchain/Output/bin/../lib/gcc/i386-banana/8.1.0/libkgcc.a(_moddi3.o)
                              compat/resolve.32 (__moddi3)
/cygdrive/d/Users/Alex/Desktop/Toolchain/Output/bin/../lib/gcc/i386-banana/8.1.0/libkgcc.a(_udivdi3.o)
                              fs/fat/ff.32 (__udivdi3)
/cygdrive/d/Users/Alex/Desktop/Toolchain/Output/bin/../lib/gcc/i386-banana/8.1.0/libkgcc.a(_umoddi3.o)
                              compat/resolve.32 (__umoddi3)
D:/Users/Alex/Desktop/Banana/kernel/libsoftfp.a(sfieeelib.o)
                              hal/sound/sndhw.32 (__addsf3)
D:/Users/Alex/Desktop/Banana/kernel/libsoftfp.a(dfieeelib.o)
                              hal/libresample/src_linear.32 (__adddf3)
D:/Users/Alex/Desktop/Banana/kernel/libsoftfp.a(sfdfcvt.o)
                              hal/libresample/samplerate.32 (__truncdfsf2)
D:/Users/Alex/Desktop/Banana/kernel/libk/libm32.a(s_fabs.c.o)
                              hal/libresample/samplerate.32 (fabs)
D:/Users/Alex/Desktop/Banana/kernel/libk/libm32.a(s_lrint.S.o)
                              hal/libresample/samplerate.32 (lrint)
D:/Users/Alex/Desktop/Banana/kernel/libk/libm32.a(s_lrintf.S.o)
                              hal/sound/sndhw.32 (lrintf)

Discarded input sections

 .comment       0x0000000000000000       0x12 /cygdrive/d/Users/Alex/Desktop/Toolchain/Output/bin/../lib/gcc/i386-banana/8.1.0/crtbegin.o
 .comment       0x0000000000000000       0x12 acpica/utclib.32
 .comment       0x0000000000000000       0x12 core/malloc.32
 .comment       0x0000000000000000       0x12 libk/string.32
 .comment       0x0000000000000000       0x12 fs/fat/diskio.32
 .comment       0x0000000000000000       0x12 fs/fat/ff.32
 .comment       0x0000000000000000       0x12 fs/fat/ffsystem.32
 .comment       0x0000000000000000       0x12 fs/fat/ffunicode.32
 .comment       0x0000000000000000       0x12 hal/libresample/samplerate.32
 .comment       0x0000000000000000       0x12 hal/libresample/src_linear.32
 .comment       0x0000000000000000       0x12 hal/libresample/src_sinc.32
 .comment       0x0000000000000000       0x12 hal/libresample/src_zoh.32
 .comment       0x0000000000000000       0x12 compat/inlines.32
 .comment       0x0000000000000000       0x12 compat/resolve.32
 .group         0x0000000000000000       0x14 core/computer.32
 .group         0x0000000000000000        0xc core/computer.32
 .comment       0x0000000000000000       0x12 core/computer.32
 .comment       0x0000000000000000       0x12 core/gdt.32
 .group         0x0000000000000000        0xc core/idle.32
 .comment       0x0000000000000000       0x12 core/idle.32
 .comment       0x0000000000000000       0x12 core/idt.32
 .comment       0x0000000000000000       0x12 core/kheap.32
 .comment       0x0000000000000000       0x12 core/main.32
 .comment       0x0000000000000000       0x12 core/physmgr.32
 .group         0x0000000000000000        0xc core/pipe.32
 .comment       0x0000000000000000       0x12 core/pipe.32
 .group         0x0000000000000000        0xc core/terminal.32
 .comment       0x0000000000000000       0x12 core/terminal.32
 .comment       0x0000000000000000       0x12 core/tss.32
 .group         0x0000000000000000        0x8 core/unixfile.32
 .group         0x0000000000000000        0xc core/unixfile.32
 .group         0x0000000000000000        0xc core/unixfile.32
 .group         0x0000000000000000        0x8 core/unixfile.32
 .group         0x0000000000000000        0xc core/unixfile.32
 .group         0x0000000000000000        0x8 core/unixfile.32
 .group         0x0000000000000000        0xc core/unixfile.32
 .group         0x0000000000000000        0xc core/unixfile.32
 .comment       0x0000000000000000       0x12 core/unixfile.32
 .comment       0x0000000000000000       0x12 core/virtmgr.32
 .comment       0x0000000000000000       0x12 coreobjs/c++.32
 .comment       0x0000000000000000       0x12 dbg/kconsole.32
 .group         0x0000000000000000        0xc fs/vfs.32
 .group         0x0000000000000000        0xc fs/vfs.32
 .group         0x0000000000000000        0xc fs/vfs.32
 .comment       0x0000000000000000       0x12 fs/vfs.32
 .group         0x0000000000000000        0xc hal/bus.32
 .comment       0x0000000000000000       0x12 hal/bus.32
 .group         0x0000000000000000        0xc hal/buzzer.32
 .comment       0x0000000000000000       0x12 hal/buzzer.32
 .group         0x0000000000000000        0xc hal/clock.32
 .comment       0x0000000000000000       0x12 hal/clock.32
 .group         0x0000000000000000       0x14 hal/device.32
 .group         0x0000000000000000        0xc hal/device.32
 .group         0x0000000000000000        0xc hal/device.32
 .group         0x0000000000000000        0xc hal/device.32
[...]
Memory Configuration

Name             Origin             Length             Attributes
*default*        0x0000000000000000 0xffffffffffffffff

Linker script and memory map

LOAD D:/Users/Alex/Desktop/Banana/kernel/boot.32
LOAD crti.32
LOAD /cygdrive/d/Users/Alex/Desktop/Toolchain/Output/bin/../lib/gcc/i386-banana/8.1.0/crtbegin.o
LOAD D:/Users/Alex/Desktop/Banana/kernel/morenasm.32
LOAD acpica/utclib.32
LOAD core/malloc.32
LOAD libk/string.32
LOAD fs/fat/diskio.32
LOAD fs/fat/ff.32
LOAD fs/fat/ffsystem.32
LOAD fs/fat/ffunicode.32
LOAD hal/libresample/samplerate.32
LOAD hal/libresample/src_linear.32
LOAD hal/libresample/src_sinc.32
LOAD hal/libresample/src_zoh.32
LOAD compat/inlines.32
LOAD compat/resolve.32
LOAD core/computer.32
LOAD core/gdt.32
LOAD core/idle.32
LOAD core/idt.32
LOAD core/kheap.32
LOAD core/main.32
LOAD core/physmgr.32
LOAD core/pipe.32
LOAD core/terminal.32
LOAD core/tss.32
LOAD core/unixfile.32
LOAD core/virtmgr.32
LOAD coreobjs/c++.32
LOAD dbg/kconsole.32
LOAD fs/vfs.32
LOAD hal/bus.32
LOAD hal/buzzer.32
LOAD hal/clock.32
LOAD hal/device.32
LOAD hal/diskctrl.32
LOAD hal/diskphys.32
LOAD hal/fpu.32
LOAD hal/intctrl.32
LOAD hal/keybrd.32
LOAD hal/logidisk.32
LOAD hal/mouse.32
LOAD hal/partition.32
LOAD hal/serial.32
LOAD hal/timer.32
LOAD hal/vcache.32
LOAD hal/video.32
LOAD hw/acpi.32
LOAD hw/cpu.32
LOAD hw/ports.32
LOAD hw/smp.32
LOAD krnl/env.32
LOAD krnl/panic.32
LOAD net/ethernet.32
LOAD reg/registry.32
LOAD sys/sc_eject.32
LOAD sys/sc_exit.32
LOAD sys/sc_getcwd.32
LOAD sys/sc_getpid.32
LOAD sys/sc_getramdata.32
LOAD sys/sc_getvgaptr.32
LOAD sys/sc_loaddll.32
LOAD sys/sc_read.32
LOAD sys/sc_sbrk.32
LOAD sys/sc_setcwd.32
LOAD sys/sc_settime.32
LOAD sys/sc_timezone.32
LOAD sys/sc_write.32
LOAD sys/sc_wsbe.32
LOAD sys/sc_yield.32
LOAD sys/syscalls.32
LOAD thr/elf.32
LOAD thr/prcssthr.32
LOAD vm86/vm8086.32
LOAD vm86/x87em.32
LOAD fs/fat/vfslink.32
LOAD fs/iso9660/vfslink.32
LOAD hal/sound/sndchannel.32
LOAD hal/sound/sndhw.32
LOAD hw/bus/isa.32
LOAD hw/bus/pci.32
LOAD hw/diskctrl/ide.32
LOAD hw/diskctrl/satabus.32
LOAD hw/diskphys/ata.32
LOAD hw/diskphys/atapi.32
LOAD hw/diskphys/sata.32
LOAD hw/diskphys/satapi.32
LOAD hw/fpu/avx.32
LOAD hw/fpu/mmx.32
LOAD hw/fpu/sse.32
LOAD hw/fpu/x87.32
LOAD hw/intctrl/apic.32
LOAD hw/intctrl/pic.32
LOAD hw/timer/apictimer.32
LOAD hw/timer/pit.32
LOAD hw/fpu/x86/avx.32
LOAD hw/fpu/x86/sse.32
LOAD hw/fpu/x86/x87.32
LOAD /cygdrive/d/Users/Alex/Desktop/Toolchain/Output/bin/../lib/gcc/i386-banana/8.1.0/crtend.o
LOAD crtn.32
LOAD /cygdrive/d/Users/Alex/Desktop/Toolchain/Output/bin/../lib/gcc/i386-banana/8.1.0/libkgcc.a
LOAD D:/Users/Alex/Desktop/Banana/kernel/libsoftfp.a
LOAD D:/Users/Alex/Desktop/Banana/kernel/libk/libm32.a
                0x00000000c0000000                . = 0xc0000000

.text           0x00000000c0000000    0x286c8
 *(.text)
 .text          0x00000000c0000000       0x41 D:/Users/Alex/Desktop/Banana/kernel/boot.32
                0x00000000c0000020                callGlobalConstructors
 .text          0x00000000c0000041        0x0 crti.32
 *fill*         0x00000000c0000041        0x3 
 .text          0x00000000c0000044      0x101 /cygdrive/d/Users/Alex/Desktop/Toolchain/Output/bin/../lib/gcc/i386-banana/8.1.0/crtbegin.o
 *fill*         0x00000000c0000145        0xb 
 .text          0x00000000c0000150      0x4f5 D:/Users/Alex/Desktop/Banana/kernel/morenasm.32
                0x00000000c0000150                manualPCIProbe
                0x00000000c000019b                prepareTramp
                0x00000000c00001b4                voodooXADD
                0x00000000c000027f                doTPAUSE
                0x00000000c0000289                hasLegacyFPU
                0x00000000c00002ae                is486
                0x00000000c00002e4                detectCPUID
                0x00000000c00002fa                goToVM86
                0x00000000c000032a                goToUsermode
                0x00000000c0000354                switchToThreadASMFirstTime
                0x00000000c0000362                switchToThreadASM
                0x00000000c00003f2                asmQuickAcquireLock
                0x00000000c0000410                asmQuickReleaseLock
                0x00000000c000041c                asmAcquireLock
                0x00000000c000043d                asmReleaseLock
                0x00000000c0000450                loadGDT
                0x00000000c0000470                isr0
                0x00000000c0000480                isr1
                0x00000000c000048a                isr2
                0x00000000c0000494                isr3
                0x00000000c000049e                isr4
                0x00000000c00004a8                isr5
                0x00000000c00004b2                isr6
                0x00000000c00004bc                isr7
                0x00000000c00004c6                isr8
                0x00000000c00004ce                isr9
                0x00000000c00004d8                isr10
                0x00000000c00004e0                isr11
                0x00000000c00004e8                isr12
                0x00000000c00004f0                isr13
                0x00000000c00004f8                isr14
                0x00000000c0000500                isr15
                0x00000000c000050a                isr16
                0x00000000c0000514                isr17
                0x00000000c000051e                isr18
                0x00000000c0000528                irq3
                0x00000000c0000532                irq4
                0x00000000c000053c                irq5
                0x00000000c0000546                irq6
                0x00000000c0000550                irq7
                0x00000000c000055a                irq8
                0x00000000c0000564                irq9
                0x00000000c000056e                irq10
                0x00000000c0000578                irq11
                0x00000000c0000582                irq12
                0x00000000c000058c                irq13
                0x00000000c0000596                irq14
                0x00000000c00005a0                irq15
                0x00000000c00005aa                irq1
                0x00000000c00005b1                irq2
                0x00000000c00005b8                isr96
                0x00000000c00005bf                irq0
                0x00000000c00005c4                int_common_stub
                0x00000000c00005c4                syscall_common_stub
                0x00000000c00005f5                irq16
                0x00000000c00005ff                irq17
                0x00000000c0000609                irq18
                0x00000000c0000613                irq19
                0x00000000c000061d                irq20
                0x00000000c0000627                irq21
                0x00000000c0000631                irq22
                0x00000000c000063b                irq23
 *fill*         0x00000000c0000645        0x3 
 .text          0x00000000c0000648      0x611 acpica/utclib.32
                0x00000000c0000648                memcmp
                0x00000000c0000684                memmove
                0x00000000c000074c                memcpy
                0x00000000c0000780                memset
                0x00000000c000079c                strlen
                0x00000000c00007b4                strpbrk
                0x00000000c00007f0                strtok
                0x00000000c000083c                strcpy
                0x00000000c0000860                strncpy
                0x00000000c00008c8                strcmp
                0x00000000c0000908                strchr
                0x00000000c000092c                strncmp
                0x00000000c000097c                strcat
                0x00000000c00009ac                strncat
                0x00000000c00009e8                strstr
                0x00000000c0000a30                toupper
                0x00000000c0000a44                tolower
                0x00000000c0000a58                simple_strtoul
 .text          0x00000000c0000c59      0xfbf core/malloc.32
                0x00000000c0000dc4                dlfree
                0x00000000c000111f                dlmalloc
                0x00000000c000165c                dlrealloc
                0x00000000c0001811                dlmemalign
                0x00000000c0001934                dlcalloc
                0x00000000c00019ce                dlcfree
                0x00000000c00019d3                dlindependent_calloc
                0x00000000c00019f8                dlindependent_comalloc
                0x00000000c0001a0f                dlvalloc
                0x00000000c0001a3a                dlpvalloc
                0x00000000c0001a70                dlmalloc_trim
                0x00000000c0001a7d                dlmalloc_usable_size
                0x00000000c0001aae                dlmallinfo
                0x00000000c0001b7d                dlmalloc_stats
                0x00000000c0001b8e                dlmallopt
 .text          0x00000000c0001c18        0x0 libk/string.32
 .text          0x00000000c0001c18       0x51 fs/fat/diskio.32
                0x00000000c0001c18                disk_status
                0x00000000c0001c1b                disk_initialize
                0x00000000c0001c1e                disk_read
                0x00000000c0001c34                disk_write
                0x00000000c0001c4a                disk_ioctl
 .text          0x00000000c0001c69     0x6833 fs/fat/ff.32
                0x00000000c0004f37                f_mount
                0x00000000c0004f99                f_open
                0x00000000c00053d5                f_read
                0x00000000c0005655                f_write
                0x00000000c000590f                f_sync
                0x00000000c0005aeb                f_close
                0x00000000c0005b1a                f_lseek
                0x00000000c0005fd1                f_opendir
                0x00000000c00060d3                f_closedir
                0x00000000c00060f5                f_readdir
                0x00000000c0006190                f_stat
                0x00000000c000621f                f_getfree
                0x00000000c00063ea                f_truncate
                0x00000000c00064e2                f_unlink
                0x00000000c0006665                f_mkdir
                0x00000000c0006891                f_rename
                0x00000000c0006b84                f_chmod
                0x00000000c0006c62                f_utime
                0x00000000c0006d40                f_getlabel
                0x00000000c0006f2e                f_setlabel
                0x00000000c000719b                f_forward
                0x00000000c0007379                f_mkfs
 .text          0x00000000c000849c       0x2d fs/fat/ffsystem.32
                0x00000000c000849c                ff_memalloc
                0x00000000c00084b2                ff_memfree
 .text          0x00000000c00084c9      0x253 fs/fat/ffunicode.32
                0x00000000c00084c9                ff_uni2oem
                0x00000000c0008559                ff_oem2uni
                0x00000000c00085c5                ff_wtoupper
 .text          0x00000000c000871c      0x8fb hal/libresample/samplerate.32
                0x00000000c0008760                src_delete
                0x00000000c000879c                src_process
                0x00000000c0008952                src_callback_read
                0x00000000c0008acf                src_set_ratio
                0x00000000c0008b39                src_get_channels
                0x00000000c0008b5b                src_reset
                0x00000000c0008ba7                src_new
                0x00000000c0008c35                src_callback_new
                0x00000000c0008c97                src_get_name
                0x00000000c0008cce                src_get_description
                0x00000000c0008d05                src_get_version
                0x00000000c0008d0b                src_is_valid_ratio
                0x00000000c0008d5f                src_error
                0x00000000c0008d6d                src_strerror
                0x00000000c0008d80                src_simple
                0x00000000c0008dd3                src_short_to_float_array
                0x00000000c0008e38                src_float_to_short_array
                0x00000000c0008ef7                src_int_to_float_array
                0x00000000c0008f5a                src_float_to_int_array
 .text          0x00000000c0009017      0x8cb hal/libresample/src_linear.32
                0x00000000c000983d                linear_get_name
                0x00000000c000984c                linear_get_description
                0x00000000c000985b                linear_set_converter
 .text          0x00000000c00098e2     0x447c hal/libresample/src_sinc.32
                0x00000000c000dc75                sinc_get_name
                0x00000000c000dc88                sinc_get_description
                0x00000000c000dc9b                sinc_set_converter
 .text          0x00000000c000dd5e      0x77c hal/libresample/src_zoh.32
                0x00000000c000e435                zoh_get_name
                0x00000000c000e444                zoh_get_description
                0x00000000c000e453                zoh_set_converter
 .text          0x00000000c000e4da       0x23 compat/inlines.32
                0x00000000c000e4da                CPU::current()
                0x00000000c000e4e7                operator new(unsigned long)
 .text          0x00000000c000e4fd      0x111 compat/resolve.32
                0x00000000c000e4fd                Krnl::resolveCompatibilitySymbol(char*)
 .text          0x00000000c000e60e      0xa17 core/computer.32
                0x00000000c000e60e                Computer::close(int, int, void*)
                0x00000000c000e652                Krnl::firstTask()
                0x00000000c000e742                Computer::Computer()
                0x00000000c000e742                Computer::Computer()
                0x00000000c000e89e                Computer::setBootMessage(char const*)
                0x00000000c000e8a0                Computer::detectFeatures()
                0x00000000c000eaaa                Computer::displayFeatures()
                0x00000000c000edf0                Computer::rdmsr(unsigned int)
                0x00000000c000ee1c                Computer::wrmsr(unsigned int, unsigned long long)
                0x00000000c000ee54                Computer::nmiEnabled()
                0x00000000c000ee60                Computer::readCMOS(unsigned char)
                0x00000000c000ee7a                Computer::enableNMI(bool)
                0x00000000c000ee92                Computer::open(int, int, void*)
                0x00000000c000ef68                Computer::disableNMI()
                0x00000000c000ef76                Computer::writeCMOS(unsigned char, unsigned char)
                0x00000000c000ef94                Computer::handleNMI()
                0x00000000c000effa                Computer::setDiskActivityLight(int, bool)
 *fill*         0x00000000c000f025        0x1 
 .text          0x00000000c000f026      0x1b7 core/gdt.32
                0x00000000c000f026                GDTEntry::setBase(unsigned int)
                0x00000000c000f042                GDTEntry::setLimit(unsigned int)
                0x00000000c000f060                GDT::GDT()
                0x00000000c000f060                GDT::GDT()
                0x00000000c000f076                GDT::addEntry(GDTEntry)
                0x00000000c000f0b2                GDT::getNumberOfEntries()
                0x00000000c000f0ba                GDT::flush()
                0x00000000c000f0dc                GDT::setup()
 .text          0x00000000c000f1dd       0x62 core/idle.32
                0x00000000c000f1dd                idleFunction(void*)
 *fill*         0x00000000c000f23f        0x1 
 .text          0x00000000c000f240      0x45f core/idt.32
                0x00000000c000f240                IDTEntry::IDTEntry(bool)
                0x00000000c000f240                IDTEntry::IDTEntry(bool)
                0x00000000c000f2ae                IDTEntry::setOffset(unsigned int)
                0x00000000c000f2c2                IDT::IDT()
                0x00000000c000f2c2                IDT::IDT()
                0x00000000c000f2c4                IDT::getPointerToInvalidOpcodeEntryForF00F()
                0x00000000c000f2cc                IDT::addEntry(IDTEntry, int)
                0x00000000c000f2e6                IDT::addEntry(int, void (*)(), bool)
                0x00000000c000f31e                IDT::flush()
                0x00000000c000f338                IDT::setup()
 .text          0x00000000c000f69f      0x206 core/kheap.32
                0x00000000c000f69f                sbrk
                0x00000000c000f7ad                mmap
                0x00000000c000f7c3                munmap
                0x00000000c000f7d9                liballoc_lock()
                0x00000000c000f7ea                liballoc_unlock()
                0x00000000c000f7fb                liballoc_alloc(int)
                0x00000000c000f819                liballoc_free(void*, int)
                0x00000000c000f837                realloc
                0x00000000c000f84b                malloc
                0x00000000c000f85b                free
                0x00000000c000f86b                rfree
                0x00000000c000f87b                calloc
 .text          0x00000000c000f8a5      0x44f core/main.32
                0x00000000c000f8a5                hwTextMode_loadInData(VgaText*)
                0x00000000c000f8ea                hwTextMode_loadInTitle(VgaText*, char*)
                0x00000000c000f956                hwTextMode_showCursor(VgaText*, bool)
                0x00000000c000f9b1                hwTextMode_update(VgaText*)
                0x00000000c000f9b2                hwTextMode_updateCursor(VgaText*)
                0x00000000c000f9fa                hwTextMode_disableBlink(VgaText*, bool)
                0x00000000c000fa40                hwTextMode_scrollScreen(VgaText*)
                0x00000000c000fae1                hwTextMode_writeCharacter(VgaText*, char, VgaColour, VgaColour, int, int)
                0x00000000c000fb60                setupTextMode()
                0x00000000c000fbd0                kernel_main
 .text          0x00000000c000fcf4      0x56a core/physmgr.32
                0x00000000c000fcf4                Phys::allocateDMA(unsigned long)
                0x00000000c000fd97                Phys::freeDMA(unsigned long, unsigned long)
                0x00000000c000fddf                Phys::setPageState(unsigned long, bool)
                0x00000000c000fe11                Phys::getPageState(unsigned long)
                0x00000000c000fe2d                Phys::freePage(unsigned long)
                0x00000000c000feb7                Phys::allocatePage()
                0x00000000c000ff9c                Phys::allocateContiguousPages(int)
                0x00000000c000fff6                Phys::allowSegmentToBeUsed(unsigned long, unsigned long)
                0x00000000c001002e                Phys::physicalMemorySetup(unsigned int)
 .text          0x00000000c001025e      0x273 core/pipe.32
                0x00000000c001025e                Pipe::isAtty()
                0x00000000c0010262                Pipe::~Pipe()
                0x00000000c0010262                Pipe::~Pipe()
                0x00000000c0010286                Pipe::~Pipe()
                0x00000000c00102ae                Pipe::read(unsigned long long, void*, int*)
                0x00000000c00103a2                Pipe::write(unsigned long long, void*, int*)
                0x00000000c001046a                Pipe::Pipe(int)
                0x00000000c001046a                Pipe::Pipe(int)
 *fill*         0x00000000c00104d1        0x1 
 .text          0x00000000c00104d2      0xe4d core/terminal.32
                0x00000000c00104d2                VgaText::isAtty()
                0x00000000c00104d6                VgaText::~VgaText()
                0x00000000c00104d6                VgaText::~VgaText()
                0x00000000c00104fa                VgaText::~VgaText()
                0x00000000c0010524                VgaText::read(unsigned long long, void*, int*)
                0x00000000c0010544                setTerminalScrollLock(bool)
                0x00000000c0010545                addToTerminalCycle(VgaText*)
                0x00000000c0010566                installVgaTextImplementation()
                0x00000000c001057b                scrollTerminalScrollLock(int)
                0x00000000c001057c                VgaText::load()
                0x00000000c00105ca                VgaText::updateCursor()
                0x00000000c00105e0                VgaText::showCursor(bool)
                0x00000000c00105ec                VgaText::disableBlink(bool)
                0x00000000c0010620                VgaText::doANSI_SGR(int)
                0x00000000c0010694                VgaText::setDefaultBgColour(VgaColour)
                0x00000000c00106a4                VgaText::setDefaultFgColour(VgaColour)
                0x00000000c00106b4                VgaText::setDefaultColours(VgaColour, VgaColour)
                0x00000000c00106d4                VgaText::combineColours(unsigned char, unsigned char)
                0x00000000c00106e6                VgaText::scrollScreen()
                0x00000000c001077a                VgaText::combineCharAndColour(char, unsigned char)
                0x00000000c001078c                VgaText::writeCharacter(char, VgaColour, VgaColour, int, int)
                0x00000000c00107e8                VgaText::getCursorX()
                0x00000000c00107f0                VgaText::getCursorY()
                0x00000000c00107f8                VgaText::setCursor(int, int)
                0x00000000c0010810                VgaText::setCursorX(int)
                0x00000000c0010828                VgaText::setCursorY(int)
                0x00000000c0010840                VgaText::incrementCursor(bool)
                0x00000000c0010894                VgaText::updateRAMUsageDisplay(int)
                0x00000000c00108f8                VgaText::updateDiskUsage()
                0x00000000c0010a62                VgaText::updateTitle()
                0x00000000c0010aa6                VgaText::setTitleTextColour(VgaColour)
                0x00000000c0010ab4                VgaText::setTitleColour(VgaColour)
                0x00000000c0010ac2                VgaText::setTitle(char*)
                0x00000000c0010ae8                VgaText::decrementCursor(bool)
                0x00000000c0010b0a                VgaText::putchar(char, VgaColour, VgaColour)
                0x00000000c0010be2                VgaText::isShowingCursor()
                0x00000000c0010bea                VgaText::isBlinkDisabled()
                0x00000000c0010bf6                VgaText::setCursorHeight(int)
                0x00000000c0010c0e                VgaText::getCursorHeight()
                0x00000000c0010c16                setActiveTerminal(VgaText*)
                0x00000000c0010cbc                doTerminalCycle()
                0x00000000c0010cd6                VgaText::doUpdate()
                0x00000000c0010ce4                VgaText::puts(char const*, VgaColour, VgaColour)
                0x00000000c0010e5c                VgaText::clearScreen()
                0x00000000c0010eb6                VgaText::putchar(char)
                0x00000000c0010fa2                VgaText::puts(char const*)
                0x00000000c0010fc8                VgaText::putx(unsigned int)
                0x00000000c001100e                VgaText::VgaText(char const*)
                0x00000000c001100e                VgaText::VgaText(char const*)
                0x00000000c00111be                VgaText::receiveKey(unsigned char)
                0x00000000c00112a6                VgaText::write(unsigned long long, void*, int*)
                0x00000000c00112fa                newTerminal(char*)
 *fill*         0x00000000c001131f        0x1 
 .text          0x00000000c0011320      0x1b3 core/tss.32
                0x00000000c0011320                TSS::TSS()
                0x00000000c0011320                TSS::TSS()
                0x00000000c001132e                TSS::setESP(unsigned long)
                0x00000000c0011340                TSS::flush()
                0x00000000c0011360                TSS::setup(unsigned long, unsigned long)
 *fill*         0x00000000c00114d3        0x1 
 .text          0x00000000c00114d4      0x4c2 core/unixfile.32
                0x00000000c00114d4                ReservedFilename::read(unsigned long long, void*, int*)
                0x00000000c001152a                ReservedFilename::isAtty()
                0x00000000c0011546                ReservedFilename::write(unsigned long long, void*, int*)
                0x00000000c00115a4                UnixFile::getFileDescriptor()
                0x00000000c00115ac                UnixFile::UnixFile(int)
                0x00000000c00115ac                UnixFile::UnixFile(int)
                0x00000000c001175c                ReservedFilename::ReservedFilename(int)
                0x00000000c001175c                ReservedFilename::ReservedFilename(int)
                0x00000000c001178e                UnixFile::~UnixFile()
                0x00000000c001178e                UnixFile::~UnixFile()
                0x00000000c0011826                UnixFile::~UnixFile()
                0x00000000c001184e                ReservedFilename::~ReservedFilename()
                0x00000000c001184e                ReservedFilename::~ReservedFilename()
                0x00000000c0011872                ReservedFilename::~ReservedFilename()
                0x00000000c0011899                getFromFileDescriptor(int)
 .text          0x00000000c0011996     0x12c7 core/virtmgr.32
                0x00000000c0011996                Virt::setPageState(unsigned long, Virt::VirtPageState)
                0x00000000c00119cb                Virt::getPageState(unsigned long)
                0x00000000c00119ef                Virt::allocateKernelVirtualPages(int)
                0x00000000c0011b00                Virt::freeSwapfilePage(unsigned long)
                0x00000000c0011b1e                Virt::swapIDToSector(unsigned long)
                0x00000000c0011b30                Virt::allocateSwapfilePage()
                0x00000000c0011bae                Virt::virtualMemorySetup()
                0x00000000c0011c2d                Virt::swappingSetup()
                0x00000000c0011c2e                Virt::getAKernelVAS()
                0x00000000c0011c34                Virt::setupPageSwapping(int)
                0x00000000c0011e00                VAS::VAS()
                0x00000000c0011e00                VAS::VAS()
                0x00000000c0011e3c                VAS::VAS(VAS*)
                0x00000000c0011e3c                VAS::VAS(VAS*)
                0x00000000c0011e6a                VAS::getForeignPageTableEntry(bool, unsigned long)
                0x00000000c0011e96                VAS::getPageTableEntry(unsigned long)
                0x00000000c0011eb5                Virt::freeKernelVirtualPages(unsigned long)
                0x00000000c0011fd8                VAS::freeAllocatedPages(unsigned long)
                0x00000000c0011ffc                VAS::virtualToPhysical(unsigned long)
                0x00000000c0012014                VAS::reflagRange(unsigned long, int, int, int)
                0x00000000c0012054                VAS::setToWriteCombining(unsigned long, int)
                0x00000000c0012086                VAS::mapOtherVASIn(bool, VAS*)
                0x00000000c00120b0                VAS::~VAS()
                0x00000000c00120b0                VAS::~VAS()
                0x00000000c001221c                VAS::mapPage(unsigned long, unsigned long, int)
                0x00000000c001231c                VAS::allocatePages(int, int)
                0x00000000c00124f4                VAS::setCPUSpecific(unsigned long)
                0x00000000c0012510                VAS::mapRange(unsigned long, unsigned long, int, int)
                0x00000000c00125d6                VAS::mapForeignPage(bool, VAS*, unsigned long, unsigned long, int)
                0x00000000c00126c4                VAS::VAS(bool)
                0x00000000c00126c4                VAS::VAS(bool)
                0x00000000c001292a                VAS::evict(unsigned long)
                0x00000000c00129ec                VAS::tryLoadBackOffDisk(unsigned long)
                0x00000000c0012af0                VAS::scanForEviction()
                0x00000000c0012ba1                mapVASFirstTime
 .text          0x00000000c0012c5d       0x95 coreobjs/c++.32
                0x00000000c0012c5d                __cxa_atexit
                0x00000000c0012c60                __cxa_finalize
                0x00000000c0012c61                __stack_chk_fail
                0x00000000c0012ccd                __cxa_pure_virtual
                0x00000000c0012cde                operator new[](unsigned long)
                0x00000000c0012ce3                operator delete(void*, unsigned long)
                0x00000000c0012ce8                operator delete[](void*)
                0x00000000c0012ced                operator delete[](void*, unsigned long)
 .text          0x00000000c0012cf2      0x1ef dbg/kconsole.32
                0x00000000c0012cf2                Dbg::stringifyxWithBase(unsigned int, char*, int)
                0x00000000c0012d53                Dbg::logc(char)
                0x00000000c0012d6a                Dbg::logs(char*)
                0x00000000c0012d87                Dbg::logWriteInt(unsigned int)
                0x00000000c0012da4                Dbg::logWriteIntBase(unsigned int, int)
                0x00000000c0012dc3                Dbg::kprintf(char const*, ...)
 *fill*         0x00000000c0012ee1        0x1 
 .text          0x00000000c0012ee2      0xb82 fs/vfs.32
                0x00000000c0012ee2                File::read(unsigned long long, void*, int*)
                0x00000000c0012f3a                File::write(unsigned long long, void*, int*)
                0x00000000c0012f92                Directory::read(unsigned long long, void*, int*)
                0x00000000c0012fea                Directory::write(unsigned long long, void*, int*)
                0x00000000c0013018                File::isAtty()
                0x00000000c001301c                Directory::isAtty()
                0x00000000c0013020                Filesystem::getlabel(LogicalDisk*, int, char*, unsigned int*)
                0x00000000c0013026                Filesystem::setlabel(LogicalDisk*, int, char*)
                0x00000000c001302c                Filesystem::getFileFirstSector(char const*)
                0x00000000c0013032                File::~File()
                0x00000000c0013032                File::~File()
                0x00000000c0013056                File::~File()
                0x00000000c0013080                Directory::~Directory()
                0x00000000c0013080                Directory::~Directory()
                0x00000000c00130a4                Directory::~Directory()
                0x00000000c00130ce                Filesystem::Filesystem()
                0x00000000c00130ce                Filesystem::Filesystem()
                0x00000000c00130f2                Filesystem::~Filesystem()
                0x00000000c00130f2                Filesystem::~Filesystem()
                0x00000000c0013100                Filesystem::~Filesystem()
                0x00000000c0013124                Fs::getcwd(Process*, char*, int)
                0x00000000c001314e                Fs::initVFS()
                0x00000000c0013178                Fs::standardiseFiles(char*, char const*, char const*)
                0x00000000c0013322                File::File(char const*, Process*)
                0x00000000c0013322                File::File(char const*, Process*)
                0x00000000c0013386                File::open(FileOpenMode)
                0x00000000c00133e4                File::close()
                0x00000000c0013444                File::seek(unsigned long long)
                0x00000000c001349a                File::tell(unsigned long long*)
                0x00000000c00134ea                File::rewind()
                0x00000000c00134fe                File::unlink()
                0x00000000c001354a                File::rename(char const*)
                0x00000000c0013598                File::chfatattr(unsigned char, unsigned char)
                0x00000000c00135f4                File::exists()
                0x00000000c0013632                File::stat(unsigned long long*, bool*)
                0x00000000c0013693                Fs::setcwd(Process*, char*)
                0x00000000c00137ce                Directory::Directory(char const*, Process*)
                0x00000000c00137ce                Directory::Directory(char const*, Process*)
                0x00000000c0013832                Directory::open()
                0x00000000c001388e                Directory::close()
                0x00000000c00138ee                Directory::unlink()
                0x00000000c001393a                Directory::rename(char const*)
                0x00000000c0013988                Directory::exists()
                0x00000000c00139c6                Directory::read(dirent*)
                0x00000000c0013a12                Directory::create()
                0x00000000c0013a5e                Filesystem::chfatattr(char const*, unsigned char, unsigned char)
 .text          0x00000000c0013a64       0x84 hal/bus.32
                0x00000000c0013a64                Bus::Bus(char const*)
                0x00000000c0013a64                Bus::Bus(char const*)
                0x00000000c0013a9a                Bus::~Bus()
                0x00000000c0013a9a                Bus::~Bus()
                0x00000000c0013abe                Bus::~Bus()
 .text          0x00000000c0013ae8      0x14e hal/buzzer.32
                0x00000000c0013ae8                Buzzer::Buzzer(char const*)
                0x00000000c0013ae8                Buzzer::Buzzer(char const*)
                0x00000000c0013b2c                Buzzer::~Buzzer()
                0x00000000c0013b2c                Buzzer::~Buzzer()
                0x00000000c0013b50                Buzzer::~Buzzer()
                0x00000000c0013b7a                Buzzer::stop()
                0x00000000c0013b8d                beepThread(void*)
                0x00000000c0013bc8                Buzzer::beep(int, int, bool)
 .text          0x00000000c0013c36      0x467 hal/clock.32
                0x00000000c0013c36                User::loadClockSettings(int)
                0x00000000c0013c88                Clock::Clock(char const*)
                0x00000000c0013c88                Clock::Clock(char const*)
                0x00000000c0013cbe                Clock::~Clock()
                0x00000000c0013cbe                Clock::~Clock()
                0x00000000c0013ce2                Clock::~Clock()
                0x00000000c0013d0c                Clock::timeInSecondsLocal()
                0x00000000c0013d54                Clock::setTimeInSecondsLocal(unsigned long long)
                0x00000000c0013dad                datetimeToSeconds(datetime_t)
                0x00000000c0013ed4                Clock::setTimeInDatetimeLocal(datetime_t)
                0x00000000c0013f34                secondsToDatetime(unsigned long long)
                0x00000000c0014078                Clock::timeInDatetimeLocal()
 *fill*         0x00000000c001409d        0x1 
 .text          0x00000000c001409e      0x4de hal/device.32
                0x00000000c001409e                Device::hibernate()
                0x00000000c00140a0                Device::wake()
                0x00000000c00140a2                Device::detect()
                0x00000000c00140a4                Device::disableLegacy()
                0x00000000c00140a6                Device::powerSaving(PowerSavingLevel)
                0x00000000c00140a8                DriverlessDevice::close(int, int, void*)
                0x00000000c00140ac                DriverlessDevice::detect()
                0x00000000c00140ae                DriverlessDevice::open(int, int, void*)
                0x00000000c00140c2                Device::~Device()
                0x00000000c00140c2                Device::~Device()
                0x00000000c00140d0                Device::~Device()
                0x00000000c00140f8                Device::findAndLoadDriver()
                0x00000000c00140fa                Device::preOpenPCI(PCIDeviceInfo)
                0x00000000c0014120                Device::preOpenACPI(void*, char*, char*)
                0x00000000c0014174                Device::addIRQHandler(int, void (*)(regs*, void*), bool, void*)
                0x00000000c00141b2                Device::removeIRQHandler(int, void (*)(regs*, void*), bool)
                0x00000000c00141f0                Device::addChild(Device*)
                0x00000000c0014234                Device::removeAllChildren()
                0x00000000c001427a                Device::hibernateAll()
                0x00000000c00142aa                Device::wakeAll()
                0x00000000c00142da                Device::detectAll()
                0x00000000c001430a                Device::disableLegacyAll()
                0x00000000c001433a                Device::loadDriversForAll()
                0x00000000c0014366                Device::closeAll()
                0x00000000c001439c                Device::powerSavingAll(PowerSavingLevel)
                0x00000000c00143d2                Device::setName(char const*)
                0x00000000c00143e0                Device::Device(char const*)
                0x00000000c00143e0                Device::Device(char const*)
                0x00000000c00144dc                Device::getName()
                0x00000000c00144e6                DriverlessDevice::DriverlessDevice(char const*)
                0x00000000c00144e6                DriverlessDevice::DriverlessDevice(char const*)
                0x00000000c001450e                Device::addToLinkedList(LinkedList<Device>&, DeviceType)
                0x00000000c0014552                getDevicesOfType(DeviceType)
 .text          0x00000000c001457c       0x84 hal/diskctrl.32
                0x00000000c001457c                HardDiskController::HardDiskController(char const*)
                0x00000000c001457c                HardDiskController::HardDiskController(char const*)
                0x00000000c00145b2                HardDiskController::~HardDiskController()
                0x00000000c00145b2                HardDiskController::~HardDiskController()
                0x00000000c00145d6                HardDiskController::~HardDiskController()
 .text          0x00000000c0014600       0xf2 hal/diskphys.32
                0x00000000c0014600                PhysicalDisk::eject()
                0x00000000c0014614                PhysicalDisk::PhysicalDisk(char const*, int)
                0x00000000c0014614                PhysicalDisk::PhysicalDisk(char const*, int)
                0x00000000c001467c                PhysicalDisk::startCache()
                0x00000000c00146a4                PhysicalDisk::~PhysicalDisk()
                0x00000000c00146a4                PhysicalDisk::~PhysicalDisk()
                0x00000000c00146c8                PhysicalDisk::~PhysicalDisk()
 .text          0x00000000c00146f2      0x13b hal/fpu.32
                0x00000000c00146f2                FPU::FPU(char const*)
                0x00000000c00146f2                FPU::FPU(char const*)
                0x00000000c0014728                FPU::~FPU()
                0x00000000c0014728                FPU::~FPU()
                0x00000000c001474c                FPU::~FPU()
                0x00000000c0014776                setupFPU()
 *fill*         0x00000000c001482d        0x1 
 .text          0x00000000c001482e     0x1421 hal/intctrl.32
                0x00000000c001482e                InterruptController::uninstallISRHandler(int, void (*)(regs*, void*))
                0x00000000c0014866                InterruptController::installISRHandler(int, void (*)(regs*, void*), void*)
                0x00000000c00148b8                doubleFault(regs*, void*)
                0x00000000c00148d2                InterruptController::installIRQHandler(int, void (*)(regs*, void*), bool, void*)
                0x00000000c001496e                InterruptController::clearAllHandlers(int, bool)
                0x00000000c0014a16                InterruptController::uninstallIRQHandler(int, void (*)(regs*, void*), bool)
                0x00000000c0014a9d                nmiHandler(regs*, void*)
                0x00000000c0014aab                int_handler
                0x00000000c0014b4c                InterruptController::InterruptController(char const*)
                0x00000000c0014b4c                InterruptController::InterruptController(char const*)
                0x00000000c0014bf2                InterruptController::~InterruptController()
                0x00000000c0014bf2                InterruptController::~InterruptController()
                0x00000000c0014c16                InterruptController::~InterruptController()
                0x00000000c0014c40                displayDebugInfo(regs*)
                0x00000000c00150cf                x87EmulHandler(regs*, void*)
                0x00000000c0015142                gpFault(regs*, void*)
                0x00000000c001517b                pgFault(regs*, void*)
                0x00000000c00151b7                otherISRHandler(regs*, void*)
                0x00000000c00151d6                opcodeFault(regs*, void*)
                0x00000000c00157dc                displayProgramFault(char const*)
                0x00000000c0015804                setupInterruptController()
                0x00000000c0015c02                InterruptController::convertLegacyIRQNumber(int)
 *fill*         0x00000000c0015c4f        0x1 
 .text          0x00000000c0015c50      0x6c8 hal/keybrd.32
                0x00000000c0015c50                startGUI(void*)
                0x00000000c0015cac                startGUIVESA(void*)
                0x00000000c0015d08                sendKeyToTerminal(unsigned char)
                0x00000000c0015d74                sendKeyboardToken(KeyboardToken)
                0x00000000c00161b1                clearInternalKeybuffer(VgaText*)
                0x00000000c00161e6                readKeyboard(VgaText*, char*, unsigned long)
                0x00000000c001628e                Keyboard::Keyboard(char const*)
                0x00000000c001628e                Keyboard::Keyboard(char const*)
                0x00000000c00162ca                Keyboard::~Keyboard()
                0x00000000c00162ca                Keyboard::~Keyboard()
                0x00000000c00162ee                Keyboard::~Keyboard()
 .text          0x00000000c0016318      0x414 hal/logidisk.32
                0x00000000c0016318                LogicalDisk::close(int, int, void*)
                0x00000000c001631c                LogicalDisk::~LogicalDisk()
                0x00000000c001631c                LogicalDisk::~LogicalDisk()
                0x00000000c0016340                LogicalDisk::~LogicalDisk()
                0x00000000c001636a                LogicalDisk::open(int, int, void*)
                0x00000000c001637e                LogicalDisk::absoluteToRelative(unsigned long long)
                0x00000000c00163b6                LogicalDisk::relativeToAbsolute(unsigned long long)
                0x00000000c00163fc                LogicalDisk::LogicalDisk(char const*, PhysicalDisk*, unsigned long long, unsigned long long)
                0x00000000c00163fc                LogicalDisk::LogicalDisk(char const*, PhysicalDisk*, unsigned long long, unsigned long long)
                0x00000000c00164b2                LogicalDisk::assignDriveLetter()
                0x00000000c0016568                LogicalDisk::mount()
                0x00000000c00165da                LogicalDisk::unmount()
                0x00000000c00165ea                LogicalDisk::eject()
                0x00000000c00165fe                LogicalDisk::unassignDriveLetter()
                0x00000000c0016654                LogicalDisk::read(unsigned long long, int, void*)
                0x00000000c00166c0                LogicalDisk::write(unsigned long long, int, void*)
 .text          0x00000000c001672c       0x84 hal/mouse.32
                0x00000000c001672c                Mouse::Mouse(char const*)
                0x00000000c001672c                Mouse::Mouse(char const*)
                0x00000000c0016762                Mouse::~Mouse()
                0x00000000c0016762                Mouse::~Mouse()
                0x00000000c0016786                Mouse::~Mouse()
 .text          0x00000000c00167b0      0x34d hal/partition.32
                0x00000000c00167b0                makePartition(PhysicalDisk*, unsigned long long, unsigned long long)
                0x00000000c001686c                createPartitionsForDisk(PhysicalDisk*)
 *fill*         0x00000000c0016afd        0x1 
 .text          0x00000000c0016afe       0x84 hal/serial.32
                0x00000000c0016afe                Serial::Serial(char const*)
                0x00000000c0016afe                Serial::Serial(char const*)
                0x00000000c0016b34                Serial::~Serial()
                0x00000000c0016b34                Serial::~Serial()
                0x00000000c0016b58                Serial::~Serial()
 .text          0x00000000c0016b82      0x2b8 hal/timer.32
                0x00000000c0016b82                Timer::Timer(char const*)
                0x00000000c0016b82                Timer::Timer(char const*)
                0x00000000c0016bb8                Timer::~Timer()
                0x00000000c0016bb8                Timer::~Timer()
                0x00000000c0016bdc                Timer::~Timer()
                0x00000000c0016c06                Timer::read()
                0x00000000c0016c11                timerHandler(unsigned long long)
                0x00000000c0016d48                setupTimer(int)
 .text          0x00000000c0016e3a      0x425 hal/vcache.32
                0x00000000c0016e3a                VCache::VCache(PhysicalDisk*)
                0x00000000c0016e3a                VCache::VCache(PhysicalDisk*)
                0x00000000c0016fa2                VCache::invalidateReadBuffer()
                0x00000000c0016fb2                VCache::writeWriteBuffer()
                0x00000000c0016fee                VCache::~VCache()
                0x00000000c0016fee                VCache::~VCache()
                0x00000000c0017042                VCache::~VCache()
                0x00000000c001706a                VCache::write(unsigned long long, int, void*)
                0x00000000c0017160                VCache::read(unsigned long long, int, void*)
 *fill*         0x00000000c001725f        0x1 
 .text          0x00000000c0017260      0x4cd hal/video.32
                0x00000000c0017260                Video::putrect(int, int, int, int, unsigned int)
                0x00000000c00172ac                Video::bitblit(int, int, int, int, int, int, int, unsigned int*)
                0x00000000c001731c                Video::blit(unsigned int*, int, int, int, int)
                0x00000000c001739a                Video::clearScreen(unsigned int)
                0x00000000c00173ce                Video::putpixel(int, int, unsigned int)
                0x00000000c00173dc                Video::Video(char const*)
                0x00000000c00173dc                Video::Video(char const*)
                0x00000000c0017412                Video::~Video()
                0x00000000c0017412                Video::~Video()
                0x00000000c0017436                Video::~Video()
                0x00000000c0017460                Video::isMonochrome()
                0x00000000c001746c                Video::getWidth()
                0x00000000c0017478                Video::getHeight()
                0x00000000c0017484                Video::drawCursor(int, int, unsigned char*, int)
                0x00000000c0017540                Video::tgaParse(unsigned char*, int, int*, int*)
                0x00000000c00176c2                Video::putTGA(int, int, unsigned char*, int)
 *fill*         0x00000000c001772d        0x1 
 .text          0x00000000c001772e      0xf80 hw/acpi.32
                0x00000000c001772e                ACPI::close(int, int, void*)
                0x00000000c00177e3                findRSDP()
                0x00000000c001787d                loadACPITables(unsigned char*)
                0x00000000c0017aa4                findRSDT(unsigned char*)
                0x00000000c0017bc2                findDataTable(unsigned char*, char*)
                0x00000000c0017c5e                scanMADT()
                0x00000000c00180e4                ACPI::ACPI()
                0x00000000c00180e4                ACPI::ACPI()
                0x00000000c001814e                ACPI::getPCIIRQAssignment(unsigned char, unsigned short, unsigned char)
                0x00000000c0018230                ACPI::registerPCIIRQAssignment(void*, unsigned short, unsigned char, unsigned char)
                0x00000000c00182f6                ACPI::setScreenBrightnessLevel(void*, int)
                0x00000000c00182fc                ACPI::writeSimpleBootFlag(SimpleBootFlagTable*)
                0x00000000c0018344                ACPI::open(int, int, void*)
                0x00000000c0018696                ACPI::sleep()
 .text          0x00000000c00186ae     0x1715 hw/cpu.32
                0x00000000c00186ae                CPU::close(int, int, void*)
                0x00000000c00186b2                CPU::lookupAMDName(unsigned char, unsigned char)
                0x00000000c0018846                CPU::lookupIntelName(unsigned char, unsigned char)
                0x00000000c0018af4                CPU::AMD_K6_write_msr(unsigned int, unsigned int, unsigned int, CPU::REGS*)
                0x00000000c0018b10                CPU::AMD_K6_read_msr(unsigned int, CPU::REGS*)
                0x00000000c0018b28                CPU::AMD_K6_writeback(int, int, int)
                0x00000000c0018b9c                CPU::cpuid(int, unsigned long*, unsigned long*, unsigned long*, unsigned long*)
                0x00000000c0018c20                CPU::cpuidCheckEDX(unsigned int)
                0x00000000c0018c4e                CPU::cpuidCheckECX(unsigned int)
                0x00000000c0018c7c                CPU::cpuidCheckExtendedEBX(unsigned int)
                0x00000000c0018caa                CPU::cpuidCheckExtendedECX(unsigned int)
                0x00000000c0018cd8                CPU::CPU()
                0x00000000c0018cd8                CPU::CPU()
                0x00000000c0018d66                CPU::displayFeatures()
                0x00000000c0018fe2                CPU::detectFeatures()
                0x00000000c00199d2                CPU::setupSMEP()
                0x00000000c00199de                CPU::setupUMIP()
                0x00000000c00199e8                CPU::setupTSC()
                0x00000000c00199f2                CPU::setupLargePages()
                0x00000000c00199fc                CPU::setupPAT()
                0x00000000c0019a38                CPU::setupMTRR()
                0x00000000c0019a3a                CPU::setupGlobalPages()
                0x00000000c0019a44                CPU::allowUsermodeDataAccess()
                0x00000000c0019a56                CPU::prohibitUsermodeDataAccess()
                0x00000000c0019a68                CPU::setupSMAP()
                0x00000000c0019a76                CPU::setupFeatures()
                0x00000000c0019af6                CPU::open(int, int, void*)
                0x00000000c0019bc8                CPU::decodeAddress(regs*, int*, bool*, unsigned char*)
 .text          0x00000000c0019dc3        0x0 hw/ports.32
 .text          0x00000000c0019dc3      0x16a hw/smp.32
                0x00000000c0019dc3                Krnl::smpEntry()
                0x00000000c0019dc5                Krnl::startCPU(int)
                0x00000000c0019f0e                Krnl::startCPUs()
 *fill*         0x00000000c0019f2d        0x1 
 .text          0x00000000c0019f2e      0x5d3 krnl/env.32
                0x00000000c0019f2e                EnvVarContainer::getEnv(char const*)
                0x00000000c0019f6c                EnvVarContainer::setEnv(char const*, char const*)
                0x00000000c001a038                EnvVarContainer::deleteEnv(char const*)
                0x00000000c001a03a                EnvVarContainer::loadFrom(char const*, char const*)
                0x00000000c001a230                EnvVarContainer::__loadSystem()
                0x00000000c001a24a                EnvVarContainer::__loadUser()
                0x00000000c001a24c                EnvVarContainer::EnvVarContainer(Process*)
                0x00000000c001a24c                EnvVarContainer::EnvVarContainer(Process*)
                0x00000000c001a26e                EnvVarContainer::~EnvVarContainer()
                0x00000000c001a26e                EnvVarContainer::~EnvVarContainer()
                0x00000000c001a29e                Krnl::getEnv(Process*, char const*)
                0x00000000c001a303                Krnl::setEnvSystem(char const*, char const*)
                0x00000000c001a31d                Krnl::setEnvUser(char const*, char const*)
                0x00000000c001a33c                Krnl::setEnvProcess(Process*, char const*, char const*)
                0x00000000c001a34f                Krnl::deleteEnvSystem(char const*)
                0x00000000c001a350                Krnl::deleteEnvUser(char const*)
                0x00000000c001a351                Krnl::deleteEnvProcess(Process*, char const*)
                0x00000000c001a352                Krnl::newProcessEnv(Process*)
                0x00000000c001a374                Krnl::copyProcessEnv(Process*, Process*)
                0x00000000c001a3c8                Krnl::loadSystemEnv()
                0x00000000c001a3f6                Krnl::loadUserEnv()
                0x00000000c001a41c                Krnl::flushEnv()
                0x00000000c001a41d                Krnl::getProcessTotalEnvCount(Process*)
                0x00000000c001a43d                Krnl::getProcessEnvPair(Process*, int)
 .text          0x00000000c001a501      0x396 krnl/panic.32
                0x00000000c001a501                Krnl::panic(char const*)
 .text          0x00000000c001a897      0x3b6 net/ethernet.32
                0x00000000c001a897                Net::switchEndian16(unsigned short)
                0x00000000c001a8b8                Net::switchEndian32(unsigned int)
                0x00000000c001a8e7                Net::crc32Calc(unsigned char*, int)
                0x00000000c001a978                Net::wrapEthernetFrame(Net::UnwrappedEthernetFrame, unsigned char*)
                0x00000000c001aab4                Net::unwrapEthernetFrame(unsigned char*, int)
 .text          0x00000000c001ac4d      0x513 reg/registry.32
                0x00000000c001ac4d                Reg::findLineFromLoadedData(char*, char*, char*)
                0x00000000c001ada5                Reg::getLineFromRegistry(char*, char*, char*, char*)
                0x00000000c001aefa                Reg::getLine(char*, char*, char*)
                0x00000000c001af31                Reg::readInt(char*, char*, int*)
                0x00000000c001b01c                Reg::readString(char*, char*, char*, int)
                0x00000000c001b09d                Reg::readBool(char*, char*, bool*)
                0x00000000c001b0c2                Reg::readBoolWithDefault(char*, char*, bool)
                0x00000000c001b0ee                Reg::readIntWithDefault(char*, char*, int)
                0x00000000c001b11a                Reg::readStringWithDefault(char*, char*, char*, int, char*)
 .text          0x00000000c001b160       0x36 sys/sc_eject.32
                0x00000000c001b160                Sys::eject(regs*)
 .text          0x00000000c001b196       0x18 sys/sc_exit.32
                0x00000000c001b196                Sys::exit(regs*)
 .text          0x00000000c001b1ae       0x1f sys/sc_getcwd.32
                0x00000000c001b1ae                Sys::getCwd(regs*)
 .text          0x00000000c001b1cd        0xc sys/sc_getpid.32
                0x00000000c001b1cd                Sys::getPID(regs*)
 .text          0x00000000c001b1d9       0x17 sys/sc_getramdata.32
                0x00000000c001b1d9                Sys::getRAMData(regs*)
 .text          0x00000000c001b1f0       0x5b sys/sc_getvgaptr.32
                0x00000000c001b1f0                Sys::getVGAPtr(regs*)
 .text          0x00000000c001b24b       0xa8 sys/sc_loaddll.32
                0x00000000c001b24b                Sys::loadDLL(regs*)
 .text          0x00000000c001b2f3       0x68 sys/sc_read.32
                0x00000000c001b2f3                Sys::read(regs*)
 .text          0x00000000c001b35b       0x55 sys/sc_sbrk.32
                0x00000000c001b35b                Sys::sbrk(regs*)
 .text          0x00000000c001b3b0       0x1c sys/sc_setcwd.32
                0x00000000c001b3b0                Sys::setCwd(regs*)
 .text          0x00000000c001b3cc      0x128 sys/sc_settime.32
                0x00000000c001b3cc                Sys::setTime(regs*)
 .text          0x00000000c001b4f4       0x4a sys/sc_timezone.32
                0x00000000c001b4f4                Sys::timezone(regs*)
 .text          0x00000000c001b53e       0x68 sys/sc_write.32
                0x00000000c001b53e                Sys::write(regs*)
 .text          0x00000000c001b5a6       0x62 sys/sc_wsbe.32
                0x00000000c001b5a6                Sys::wsbe(regs*)
 .text          0x00000000c001b608       0x3b sys/sc_yield.32
                0x00000000c001b608                Sys::yield(regs*)
 .text          0x00000000c001b643     0x10ef sys/syscalls.32
                0x00000000c001b643                sysCallSeekDir(regs*)
                0x00000000c001b648                sysCallTellDir(regs*)
                0x00000000c001b64d                sysCallVerify(regs*)
                0x00000000c001b657                sysFormatDisk(regs*)
                0x00000000c001b6c1                sysSetDiskVolumeLabel(regs*)
                0x00000000c001b707                sysGetDiskVolumeLabel(regs*)
                0x00000000c001b758                sysShutdown(regs*)
                0x00000000c001b7b6                sysCallRealpath(regs*)
                0x00000000c001b7f9                sysCallGetArgc(regs*)
                0x00000000c001b827                sysCallReadDir(regs*)
                0x00000000c001b8b5                sysCallIsATTY(regs*)
                0x00000000c001b90f                sysCallSeek(regs*)
                0x00000000c001b978                sysCallTell(regs*)
                0x00000000c001b9f5                sysCallSize(regs*)
                0x00000000c001ba78                sysCallSizeFromFilename(regs*)
                0x00000000c001bb38                sysCallClose(regs*)
                0x00000000c001bbc0                sysCallOpenDir(regs*)
                0x00000000c001bc35                sysCallCloseDir(regs*)
                0x00000000c001bc9b                sysCallMakeDir(regs*)
                0x00000000c001bd0b                sysCallWait(regs*)
                0x00000000c001bd25                sysCallNotImpl(regs*)
                0x00000000c001bd40                sysPanic(regs*)
                0x00000000c001bd66                sysCallRmdir(regs*)
                0x00000000c001bdca                sysCallUnlink(regs*)
                0x00000000c001be2e                sysCallGetArgv(regs*)
                0x00000000c001be7a                sysCallTTYName(regs*)
                0x00000000c001befd                sysCallUSleep(regs*)
                0x00000000c001bf24                sysCallSpawn(regs*)
                0x00000000c001bf7c                sysCallGetEnv(regs*)
                0x00000000c001c0b4                sysAppSettings(regs*)
                0x00000000c001c1d3                sysSetFatAttrib(regs*)
                0x00000000c001c245                sysPipe(regs*)
                0x00000000c001c28a                sysGetUnixTime(regs*)
                0x00000000c001c29e                string_ends_with(char const*, char const*)
                0x00000000c001c2e6                sysCallOpen(regs*)
                0x00000000c001c4fb                Sys::loadSyscalls()
                0x00000000c001c6f0                Sys::systemCall(regs*, void*)
 .text          0x00000000c001c732     0x11d4 thr/elf.32
                0x00000000c001c732                Thr::allocateMemoryForTask(Process*, File*, unsigned long, unsigned long, unsigned long)
                0x00000000c001c9c4                Thr::loadProgramIntoMemory(Process*, char const*)
                0x00000000c001cbda                Thr::runtimeReferenceHelper()
                0x00000000c001cbed                Thr::getAddressOfKernelSymbol(char const*)
                0x00000000c001cc3c                Thr::loadKernelSymbolTable(char const*)
                0x00000000c001cefa                Thr::loadDriverIntoMemory(char const*, unsigned long, bool)
                0x00000000c001d616                Thr::getDriverBaseFromAddress(unsigned long)
                0x00000000c001d648                Thr::getDriverNameFromAddress(unsigned long)
                0x00000000c001d67f                Thr::getDriverOffsetFromAddress(unsigned long)
                0x00000000c001d699                Thr::loadDLL(char const*, bool)
                0x00000000c001d8cd                Thr::executeDLL(unsigned long, void*)
 .text          0x00000000c001d906     0x1090 thr/prcssthr.32
                0x00000000c001d906                changeTSS
                0x00000000c001d936                Process::addArgs(char**)
                0x00000000c001d990                Process::Process(char const*, Process*, char**)
                0x00000000c001d990                Process::Process(char const*, Process*, char**)
                0x00000000c001db74                Process::Process(bool, char const*, Process*, char**)
                0x00000000c001db74                Process::Process(bool, char const*, Process*, char**)
                0x00000000c001dd23                disableIRQs()
                0x00000000c001dd2b                getIRQNestingLevel()
                0x00000000c001dd31                enableIRQs()
                0x00000000c001dd40                lockScheduler()
                0x00000000c001dd42                unlockScheduler()
                0x00000000c001dd44                userModeEntryPoint(void*)
                0x00000000c001dd67                lockStuff()
                0x00000000c001dd73                taskStartupFunction
                0x00000000c001dd7c                updateTimeUsed()
                0x00000000c001dde1                switchToThread(ThreadControlBlock*)
                0x00000000c001de32                Semaphore::Semaphore(int)
                0x00000000c001de32                Semaphore::Semaphore(int)
                0x00000000c001de60                Mutex::Mutex()
                0x00000000c001de60                Mutex::Mutex()
                0x00000000c001de72                Process::createThread(void (*)(void*), void*, int)
                0x00000000c001df78                Process::createUserThread()
                0x00000000c001df94                setupMultitasking(void (*)())
                0x00000000c001e0b6                schedule()
                0x00000000c001e13b                unlockStuff()
                0x00000000c001e170                Semaphore::tryAcquire()
                0x00000000c001e19e                Semaphore::assertLocked(char const*)
                0x00000000c001e1ce                blockTaskWithSchedulerLockAlreadyHeld(TaskState)
                0x00000000c001e210                blockTask(TaskState)
                0x00000000c001e231                waitTask(int, int*, int)
                0x00000000c001e273                nanoSleepUntil(unsigned long long)
                0x00000000c001e2ca                nanoSleep(unsigned long long)
                0x00000000c001e2df                sleep(unsigned long long)
                0x00000000c001e2fc                Semaphore::acquire()
                0x00000000c001e364                taskReturned
                0x00000000c001e392                unblockTask(ThreadControlBlock*)
                0x00000000c001e441                cleanupTerminatedTask(ThreadControlBlock*)
                0x00000000c001e70a                cleanerTaskFunction(void*)
                0x00000000c001e7bd                terminateTask(int)
                0x00000000c001e89d                Thr::terminateFromIRQ(int)
                0x00000000c001e8aa                Semaphore::release()
 .text          0x00000000c001e996      0xc26 vm86/vm8086.32
                0x00000000c001e996                Vm::inbv(unsigned short)
                0x00000000c001e9a9                Vm::outbv(unsigned short, unsigned char)
                0x00000000c001e9fc                Vm::realToLinear(unsigned short, unsigned short)
                0x00000000c001ea0c                Vm::getSegment(unsigned int)
                0x00000000c001ea14                Vm::getOffset(unsigned int)
                0x00000000c001ea19                Vm::mainloop2()
                0x00000000c001ea54                Vm::mainVm8086Loop(void*)
                0x00000000c001ea61                Vm::mainloop3(unsigned long)
                0x00000000c001ea8b                Vm::initialise8086()
                0x00000000c001eace                Vm::finish8086()
                0x00000000c001eb13                Vm::getOutput8086(unsigned char*)
                0x00000000c001eb3d                Vm::start8086(char const*, unsigned short, unsigned short, unsigned short, unsigned short)
                0x00000000c001ec8d                Vm::doISR(regs*, int, unsigned char*, unsigned short, unsigned short)
                0x00000000c001ed17                Vm::readByteFromReal(unsigned short, unsigned short)
                0x00000000c001ed28                Vm::readWordFromReal(unsigned short, unsigned short)
                0x00000000c001ed3a                Vm::readDwordFromReal(unsigned short, unsigned short)
                0x00000000c001ed4b                Vm::writeByteFromReal(unsigned short, unsigned short, unsigned char)
                0x00000000c001ed60                Vm::writeWordFromReal(unsigned short, unsigned short, unsigned short)
                0x00000000c001ed76                Vm::writeDwordFromReal(unsigned short, unsigned short, unsigned int)
                0x00000000c001ed8b                Vm::faultHandler(regs*)
 .text          0x00000000c001f5bc      0xefd vm86/x87em.32
                0x00000000c001f5bc                Vm::fpuInternalTo32(unsigned long long)
                0x00000000c001f617                Vm::fpuInternalTo64(unsigned long long)
                0x00000000c001f620                Vm::fpu32ToInternal(unsigned int)
                0x00000000c001f665                Vm::fpu64ToInternal(unsigned long long)
                0x00000000c001f66e                Vm::fpuFloatToLong(unsigned long long)
                0x00000000c001f6c9                Vm::fpuULongToFloat(unsigned long long)
                0x00000000c001f6ff                Vm::fpuLongToFloat(long long)
                0x00000000c001f755                Vm::fpuGet0()
                0x00000000c001f75a                Vm::fpuGet1()
                0x00000000c001f762                Vm::fpuGetPi()
                0x00000000c001f76a                Vm::fpuGetLog2E()
                0x00000000c001f782                Vm::fpuGetLogE2()
                0x00000000c001f79a                Vm::fpuGetLog210()
                0x00000000c001f7b2                Vm::fpuGetLog102()
                0x00000000c001f7ca                Vm::fpuIsSecondLarger(unsigned long long, unsigned long long)
                0x00000000c001f7de                Vm::fpuAreEqual(unsigned long long, unsigned long long)
                0x00000000c001f7f4                Vm::fpuUnorderedCompare(unsigned long long, unsigned long long)
                0x00000000c001f847                Vm::fpuAdd(unsigned long long, unsigned long long)
                0x00000000c001f858                Vm::fpuAbs(unsigned long long)
                0x00000000c001f861                Vm::fpuChs(unsigned long long)
                0x00000000c001f871                Vm::fpuSub(unsigned long long, unsigned long long)
                0x00000000c001f880                Vm::fpuMultiply(unsigned long long, unsigned long long)
                0x00000000c001f89f                Vm::fpuDivide(unsigned long long, unsigned long long)
                0x00000000c001f8bb                Vm::fpuSquare(unsigned long long)
                0x00000000c001f8d1                Vm::fpuGetReg(int)
                0x00000000c001f914                Vm::fpuSetReg(int, unsigned long long)
                0x00000000c001f95f                Vm::fpuPush(unsigned long long)
                0x00000000c001f9bc                Vm::fpuPop()
                0x00000000c001fa0e                Vm::x87Handler(regs*)
 *fill*         0x00000000c00204b9        0x1 
 .text          0x00000000c00204ba     0x11af fs/fat/vfslink.32
                0x00000000c00204ba                FAT::getName()
                0x00000000c00204c0                FAT::tell(void*, unsigned long long*)
                0x00000000c00204f4                FAT::stat(void*, unsigned long long*)
                0x00000000c0020528                FAT::~FAT()
                0x00000000c0020528                FAT::~FAT()
                0x00000000c002054c                FAT::~FAT()
                0x00000000c0020574                FAT::getlabel(LogicalDisk*, int, char*, unsigned int*)
                0x00000000c0020612                FAT::setlabel(LogicalDisk*, int, char*)
                0x00000000c00206cc                FAT::format(LogicalDisk*, int, char const*, int)
                0x00000000c00208b0                FAT::tryMount(LogicalDisk*, int)
                0x00000000c0020ab6                FAT::getFileFirstSector(char const*)
                0x00000000c0020b78                FAT::readDir(void*, unsigned long, void*, int*)
                0x00000000c0020c7e                FAT::read(void*, unsigned long, void*, int*)
                0x00000000c0020cd8                FAT::write(void*, unsigned long, void*, int*)
                0x00000000c0020d32                FAT::close(void*)
                0x00000000c0020d7e                FAT::closeDir(void*)
                0x00000000c0020dca                FAT::seek(void*, unsigned long long)
                0x00000000c0020e1e                fatWrapperReadDisk
                0x00000000c0020e65                fatWrapperWriteDisk
                0x00000000c0020eac                fatWrapperIoctl
                0x00000000c0020fb0                FAT::FAT()
                0x00000000c0020fb0                FAT::FAT()
                0x00000000c0021002                FAT::fixFilepath(char*)
                0x00000000c002103a                FAT::open(char const*, void**, FileOpenMode)
                0x00000000c0021162                FAT::openDir(char const*, void**)
                0x00000000c0021208                FAT::stat(char const*, unsigned long long*, bool*)
                0x00000000c00212f2                FAT::unlink(char const*)
                0x00000000c002136c                FAT::chfatattr(char const*, unsigned char, unsigned char)
                0x00000000c00214c0                FAT::rename(char const*, char const*)
                0x00000000c0021584                FAT::mkdir(char const*)
                0x00000000c00215fe                FAT::exists(char const*)
 *fill*         0x00000000c0021669        0x1 
 .text          0x00000000c002166a      0xbc1 fs/iso9660/vfslink.32
                0x00000000c002166a                ISO9660::format(LogicalDisk*, int, char const*, int)
                0x00000000c0021670                ISO9660::seek(void*, unsigned long long)
                0x00000000c00216a0                ISO9660::tell(void*, unsigned long long*)
                0x00000000c00216c4                ISO9660::getName()
                0x00000000c00216ca                ISO9660::stat(void*, unsigned long long*)
                0x00000000c00216ee                ISO9660::chfatattr(char const*, unsigned char, unsigned char)
                0x00000000c00216f4                ISO9660::unlink(char const*)
                0x00000000c00216fa                ISO9660::write(void*, unsigned long, void*, int*)
                0x00000000c0021700                ISO9660::rename(char const*, char const*)
                0x00000000c0021706                ISO9660::mkdir(char const*)
                0x00000000c002170c                ISO9660::close(void*)
                0x00000000c002172e                ISO9660::closeDir(void*)
                0x00000000c0021750                ISO9660::~ISO9660()
                0x00000000c0021750                ISO9660::~ISO9660()
                0x00000000c0021774                ISO9660::~ISO9660()
                0x00000000c002179b                __memmem(unsigned char*, int, unsigned char*, int)
                0x00000000c00217dd                readSectorFromCDROM(unsigned int, unsigned char*, char)
                0x00000000c0021844                ISO9660::tryMount(LogicalDisk*, int)
                0x00000000c0021894                ISO9660::read(void*, unsigned long, void*, int*)
                0x00000000c0021a94                ISO9660::readDir(void*, unsigned long, void*, int*)
                0x00000000c0021d21                readRoot(unsigned int*, unsigned int*, char)
                0x00000000c0021d76                readRecursively(char*, unsigned int, unsigned int, unsigned int*, unsigned int*, char, int*)
                0x00000000c0021f49                getFileData(char*, unsigned int*, unsigned int*, char, int*)
                0x00000000c0021fd8                ISO9660::open(char const*, void**, FileOpenMode)
                0x00000000c0022098                ISO9660::exists(char const*)
                0x00000000c00220bc                ISO9660::stat(char const*, unsigned long long*, bool*)
                0x00000000c0022150                ISO9660::openDir(char const*, void**)
                0x00000000c0022208                ISO9660::ISO9660()
                0x00000000c0022208                ISO9660::ISO9660()
 *fill*         0x00000000c002222b        0x1 
 .text          0x00000000c002222c      0x326 hal/sound/sndchannel.32
                0x00000000c002222c                SoundChannel::~SoundChannel()
                0x00000000c002222c                SoundChannel::~SoundChannel()
                0x00000000c0022248                SoundChannel::setSpeed(float)
                0x00000000c0022254                SoundChannel::getSpeed()
                0x00000000c002225c                SoundChannel::setVolume(int)
                0x00000000c0022278                SoundChannel::getVolume()
                0x00000000c0022280                SoundChannel::pause()
                0x00000000c002228a                SoundChannel::SoundChannel(int, int, int, int)
                0x00000000c002228a                SoundChannel::SoundChannel(int, int, int, int)
                0x00000000c00223e0                SoundChannel::play()
                0x00000000c00223ea                SoundChannel::paused()
                0x00000000c00223f2                SoundChannel::getSampleRate()
                0x00000000c00223fa                SoundChannel::getBits()
                0x00000000c0022402                SoundChannel::getBufferUsed()
                0x00000000c002240a                SoundChannel::getBufferSize()
                0x00000000c0022412                SoundChannel::unbuffer(float*, int, int)
                0x00000000c00224b2                SoundChannel::buffer8(unsigned char*, int)
 .text          0x00000000c0022552      0x3d5 hal/sound/sndhw.32
                0x00000000c0022552                SoundDevice::SoundDevice(char const*)
                0x00000000c0022552                SoundDevice::SoundDevice(char const*)
                0x00000000c00225be                SoundDevice::~SoundDevice()
                0x00000000c00225be                SoundDevice::~SoundDevice()
                0x00000000c0022638                SoundDevice::~SoundDevice()
                0x00000000c0022662                SoundDevice::getFreeChannelNum()
                0x00000000c002267c                SoundDevice::addChannel(SoundChannel*)
                0x00000000c00226ec                SoundDevice::removeChannel(int)
                0x00000000c002271e                SoundDevice::floatTo8(float*, unsigned char*, int)
                0x00000000c0022806                SoundDevice::getAudio(int, float*, float*)
 .text          0x00000000c0022927        0x0 hw/bus/isa.32
 *fill*         0x00000000c0022927        0x1 
 .text          0x00000000c0022928      0x6c3 hw/bus/pci.32
                0x00000000c0022928                PCI::open(int, int, void*)
                0x00000000c002293c                PCI::close(int, int, void*)
                0x00000000c0022940                PCI::PCI()
                0x00000000c0022940                PCI::PCI()
                0x00000000c00229c0                PCI::pciReadWord(unsigned char, unsigned char, unsigned char, unsigned char)
                0x00000000c0022a08                PCI::getVendorID(unsigned char, unsigned char, unsigned char)
                0x00000000c0022a2a                PCI::getHeaderType(unsigned char, unsigned char, unsigned char)
                0x00000000c0022a4e                PCI::getClassCode(unsigned char, unsigned char, unsigned char)
                0x00000000c0022a92                PCI::getProgIF(unsigned char, unsigned char, unsigned char)
                0x00000000c0022ab6                PCI::getRevisionID(unsigned char, unsigned char, unsigned char)
                0x00000000c0022ad8                PCI::getInterruptNumber(unsigned char, unsigned char, unsigned char)
                0x00000000c0022afa                PCI::getSecondaryBus(unsigned char, unsigned char, unsigned char)
                0x00000000c0022b1e                PCI::getBARAddress(unsigned char, unsigned char, unsigned char, unsigned char)
                0x00000000c0022b7e                PCI::pciWriteWord(unsigned char, unsigned char, unsigned char, unsigned char, unsigned short)
                0x00000000c0022bea                PCI::checkBus(unsigned char)
                0x00000000c0022c0e                PCI::foundDevice(PCIDeviceInfo)
                0x00000000c0022d80                PCI::getDeviceData(unsigned char, unsigned char, unsigned char)
                0x00000000c0022f2c                PCI::checkDevice(unsigned char, unsigned char)
                0x00000000c0022f98                PCI::detect()
 *fill*         0x00000000c0022feb        0x1 
 .text          0x00000000c0022fec      0xc70 hw/diskctrl/ide.32
                0x00000000c0022fec                IDE::close(int, int, void*)
                0x00000000c0022ff0                IDE::IDE()
                0x00000000c0022ff0                IDE::IDE()
                0x00000000c0023024                IDE::prepareInterrupt(unsigned char)
                0x00000000c0023036                selectDrive(unsigned char, unsigned char)
                0x00000000c0023038                IDE::getBase(unsigned char)
                0x00000000c002304a                IDE::write(unsigned char, unsigned char, unsigned char)
                0x00000000c002310a                IDE::read(unsigned char, unsigned char)
                0x00000000c00231b8                IDE::waitInterrupt(unsigned char)
                0x00000000c002321e                ideChannel0IRQHandler(regs*, void*)
                0x00000000c002323a                ideChannel1IRQHandler(regs*, void*)
                0x00000000c0023256                IDE::enableIRQs(unsigned char, bool)
                0x00000000c002329c                IDE::open(int, int, void*)
                0x00000000c00236ac                IDE::readBuffer(unsigned char, unsigned char, unsigned int, unsigned int)
                0x00000000c0023778                IDE::detect()
                0x00000000c0023a60                IDE::printError(unsigned char, unsigned char, unsigned char)
                0x00000000c0023bf6                IDE::polling(unsigned char, unsigned int)
 .text          0x00000000c0023c5c      0x390 hw/diskctrl/satabus.32
                0x00000000c0023c5c                SATABus::close(int, int, void*)
                0x00000000c0023c60                SATABus::detect()
                0x00000000c0023c62                SATABus::SATABus()
                0x00000000c0023c62                SATABus::SATABus()
                0x00000000c0023d0e                SATABus::findCmdslot(SATABus::tagHBA_PORT volatile*)
                0x00000000c0023d56                SATABus::checkType(SATABus::tagHBA_PORT volatile*)
                0x00000000c0023d9e                SATABus::startCmd(SATABus::tagHBA_PORT volatile*)
                0x00000000c0023dbe                SATABus::stopCmd(SATABus::tagHBA_PORT volatile*)
                0x00000000c0023de8                SATABus::portRebase(SATABus::tagHBA_PORT volatile*, int)
                0x00000000c0023eee                SATABus::probePort(SATABus::tagHBA_MEM volatile*)
                0x00000000c0023fcc                SATABus::open(int, int, void*)
 .text          0x00000000c0023fec      0x63c hw/diskphys/ata.32
                0x00000000c0023fec                ATA::close(int, int, void*)
                0x00000000c0024010                ATA::powerSaving(PowerSavingLevel)
                0x00000000c0024012                ATA::ATA()
                0x00000000c0024012                ATA::ATA()
                0x00000000c0024040                ATA::flush(bool)
                0x00000000c002408a                ATA::readyForCommand()
                0x00000000c00240da                ATA::access(unsigned long long, int, void*, bool)
                0x00000000c0024462                ATA::read(unsigned long long, int, void*)
                0x00000000c00244ca                ATA::write(unsigned long long, int, void*)
                0x00000000c0024532                ATA::detectCHS()
                0x00000000c002455c                ATA::open(int, int, void*)
 .text          0x00000000c0024628      0x5bd hw/diskphys/atapi.32
                0x00000000c0024628                ATAPI::write(unsigned long long, int, void*)
                0x00000000c002462e                ATAPI::close(int, int, void*)
                0x00000000c0024652                ATAPI::ATAPI()
                0x00000000c0024652                ATAPI::ATAPI()
                0x00000000c0024680                ATAPI::readyForCommand()
                0x00000000c00246d0                ATAPI::sendPacket(unsigned char*, int, bool, unsigned short*, int)
                0x00000000c0024990                ATAPI::diskRemoved()
                0x00000000c00249ac                ATAPI::eject()
                0x00000000c00249f4                ATAPI::diskInserted()
                0x00000000c0024a22                ATAPI::detectMedia()
                0x00000000c0024ade                ATAPI::open(int, int, void*)
                0x00000000c0024b66                ATAPI::read(unsigned long long, int, void*)
 *fill*         0x00000000c0024be5        0x1 
 .text          0x00000000c0024be6      0x455 hw/diskphys/sata.32
                0x00000000c0024be6                SATA::close(int, int, void*)
                0x00000000c0024c0a                SATA::powerSaving(PowerSavingLevel)
                0x00000000c0024c0c                SATA::open(int, int, void*)
                0x00000000c0024cba                SATA::SATA()
                0x00000000c0024cba                SATA::SATA()
                0x00000000c0024ce8                SATA::access(unsigned long long, int, void*, bool)
                0x00000000c0024f4e                SATA::read(unsigned long long, int, void*)
                0x00000000c0024fb6                SATA::write(unsigned long long, int, void*)
 *fill*         0x00000000c002503b        0x1 
 .text          0x00000000c002503c      0x500 hw/diskphys/satapi.32
                0x00000000c002503c                SATAPI::write(unsigned long long, int, void*)
                0x00000000c0025042                SATAPI::close(int, int, void*)
                0x00000000c0025066                SATAPI::SATAPI()
                0x00000000c0025066                SATAPI::SATAPI()
                0x00000000c0025094                SATAPI::diskRemoved()
                0x00000000c00250b0                SATAPI::diskInserted()
                0x00000000c00250de                SATAPI::sendPacket(unsigned char*, int, unsigned long long, unsigned short*, int)
                0x00000000c00252e2                SATAPI::eject()
                0x00000000c002532a                SATAPI::detectMedia()
                0x00000000c00253ec                SATAPI::open(int, int, void*)
                0x00000000c002549a                SATAPI::read(unsigned long long, int, void*)
 .text          0x00000000c002553c       0x8e hw/fpu/avx.32
                0x00000000c002553c                AVX::open(int, int, void*)
                0x00000000c002554e                AVX::close(int, int, void*)
                0x00000000c0025560                AVX::available()
                0x00000000c0025572                AVX::save(void*)
                0x00000000c002558a                AVX::load(void*)
                0x00000000c00255a2                AVX::AVX()
                0x00000000c00255a2                AVX::AVX()
 .text          0x00000000c00255ca       0x90 hw/fpu/mmx.32
                0x00000000c00255ca                MMX::available()
                0x00000000c00255de                MMX::open(int, int, void*)
                0x00000000c00255f0                MMX::close(int, int, void*)
                0x00000000c0025602                MMX::save(void*)
                0x00000000c002561a                MMX::load(void*)
                0x00000000c0025632                MMX::MMX()
                0x00000000c0025632                MMX::MMX()
 .text          0x00000000c002565a       0x96 hw/fpu/sse.32
                0x00000000c002565a                SSE::open(int, int, void*)
                0x00000000c002566c                SSE::close(int, int, void*)
                0x00000000c002567e                SSE::available()
                0x00000000c0025698                SSE::save(void*)
                0x00000000c00256b0                SSE::load(void*)
                0x00000000c00256c8                SSE::SSE()
                0x00000000c00256c8                SSE::SSE()
 .text          0x00000000c00256f0       0x8e hw/fpu/x87.32
                0x00000000c00256f0                x87::open(int, int, void*)
                0x00000000c0025702                x87::close(int, int, void*)
                0x00000000c0025714                x87::available()
                0x00000000c0025726                x87::save(void*)
                0x00000000c002573e                x87::load(void*)
                0x00000000c0025756                x87::x87()
                0x00000000c0025756                x87::x87()
 .text          0x00000000c002577e      0x71e hw/intctrl/apic.32
                0x00000000c002577e                APIC::disable()
                0x00000000c0025780                APIC::close(int, int, void*)
                0x00000000c00257a2                IOAPIC::close(int, int, void*)
                0x00000000c00257a8                APIC::io_wait()
                0x00000000c00257ae                APIC::getBase()
                0x00000000c00257f0                APIC::eoi(unsigned char)
                0x00000000c002581e                APIC::open(int, int, void*)
                0x00000000c002596c                IOAPIC::IOAPIC()
                0x00000000c002596c                IOAPIC::IOAPIC()
                0x00000000c0025994                APIC::APIC()
                0x00000000c0025994                APIC::APIC()
                0x00000000c0025a70                IOAPIC::handlesGSIWithNumber(unsigned int)
                0x00000000c0025aa2                IOAPIC::read(int)
                0x00000000c0025aca                IOAPIC::open(int, int, void*)
                0x00000000c0025bc0                IOAPIC::write(int, int)
                0x00000000c0025bec                IOAPIC::redirect(unsigned char, unsigned long long, unsigned char, bool, bool)
                0x00000000c0025ce6                APIC::installIRQHandler(int, void (*)(regs*, void*), bool, void*)
 .text          0x00000000c0025e9c      0x3d3 hw/intctrl/pic.32
                0x00000000c0025e9c                PIC::disable()
                0x00000000c0025eca                PIC::close(int, int, void*)
                0x00000000c0025eec                PIC::PIC()
                0x00000000c0025eec                PIC::PIC()
                0x00000000c0025fc2                PIC::ioWait()
                0x00000000c0025fc8                PIC::getIRQReg(int)
                0x00000000c0026032                PIC::eoi(unsigned char)
                0x00000000c00260c4                PIC::remap()
                0x00000000c0026230                PIC::open(int, int, void*)
 *fill*         0x00000000c002626f        0x1 
 .text          0x00000000c0026270      0x25e hw/timer/apictimer.32
                0x00000000c0026270                APICTimer::close(int, int, void*)
                0x00000000c0026276                apicTimerHandler(regs*, void*)
                0x00000000c00262a4                APICTimer::write(int)
                0x00000000c00263a8                APICTimer::open(int, int, void*)
                0x00000000c00264a6                APICTimer::APICTimer()
                0x00000000c00264a6                APICTimer::APICTimer()
 .text          0x00000000c00264ce      0x1a7 hw/timer/pit.32
                0x00000000c00264ce                PIT::write(int)
                0x00000000c002654c                pitHandler(regs*, void*)
                0x00000000c0026578                PIT::open(int, int, void*)
                0x00000000c00265c6                PIT::close(int, int, void*)
                0x00000000c00265f6                PIT::PIT()
                0x00000000c00265f6                PIT::PIT()
 *fill*         0x00000000c0026675        0xb 
 .text          0x00000000c0026680       0x1e hw/fpu/x86/avx.32
                0x00000000c0026680                avxDetect
                0x00000000c0026686                avxSave
                0x00000000c0026687                avxLoad
                0x00000000c0026688                avxInit
                0x00000000c0026689                avxClose
                0x00000000c002668a                wouldSheSayYes
 *fill*         0x00000000c002669e        0x2 
 .text          0x00000000c00266a0       0x35 hw/fpu/x86/sse.32
                0x00000000c00266a0                absolutelyNoChanceInHell
                0x00000000c00266a0                sseDetect
                0x00000000c00266b8                sseSave
                0x00000000c00266be                sseLoad
                0x00000000c00266c4                sseInit
                0x00000000c00266d4                sseClose
 *fill*         0x00000000c00266d5        0xb 
 .text          0x00000000c00266e0       0x4d hw/fpu/x86/x87.32
                0x00000000c00266e6                x87Detect
                0x00000000c0026701                x87Save
                0x00000000c002670a                x87Load
                0x00000000c0026712                x87Init
                0x00000000c002672c                x87Close
 *fill*         0x00000000c002672d        0x3 
 .text          0x00000000c0026730       0x25 /cygdrive/d/Users/Alex/Desktop/Toolchain/Output/bin/../lib/gcc/i386-banana/8.1.0/crtend.o
 .text          0x00000000c0026755        0x0 crtn.32
 *fill*         0x00000000c0026755        0x3 
 .text          0x00000000c0026758      0x14b /cygdrive/d/Users/Alex/Desktop/Toolchain/Output/bin/../lib/gcc/i386-banana/8.1.0/libkgcc.a(_divdi3.o)
                0x00000000c0026758                __divdi3
 *fill*         0x00000000c00268a3        0x1 
 .text          0x00000000c00268a4      0x17e /cygdrive/d/Users/Alex/Desktop/Toolchain/Output/bin/../lib/gcc/i386-banana/8.1.0/libkgcc.a(_moddi3.o)
                0x00000000c00268a4                __moddi3
 *fill*         0x00000000c0026a22        0x2 
 .text          0x00000000c0026a24       0xff /cygdrive/d/Users/Alex/Desktop/Toolchain/Output/bin/../lib/gcc/i386-banana/8.1.0/libkgcc.a(_udivdi3.o)
                0x00000000c0026a24                __udivdi3
 *fill*         0x00000000c0026b23        0x1 
 .text          0x00000000c0026b24      0x11a /cygdrive/d/Users/Alex/Desktop/Toolchain/Output/bin/../lib/gcc/i386-banana/8.1.0/libkgcc.a(_umoddi3.o)
                0x00000000c0026b24                __umoddi3
 .text          0x00000000c0026c3e      0x96d D:/Users/Alex/Desktop/Banana/kernel/libsoftfp.a(sfieeelib.o)
                0x00000000c0026c3e                __addsf3
                0x00000000c0026f40                __subsf3
                0x00000000c0026f54                __negsf2
                0x00000000c0026f61                __mulsf3
                0x00000000c0027124                __divsf3
                0x00000000c002734f                __floatsisf