Archive member included to satisfy reference by file (symbol)

/cygdrive/d/Users/Alex/Desktop/Toolchain/Output/bin/../lib/gcc/i386-banana/8.1.0/libkgcc.a(_divdi3.o)
                              fs/fat/ff.32 (__divdi3)
/cygdrive/d/Users/Alex/Desktop/Toolchain/Output/bin/../lib/gcc/i386-banana/8.1.0/libkgcc.a(_moddi3.o)
                              compat/resolve.32 (__moddi3)
/cygdrive/d/Users/Alex/Desktop/Toolchain/Output/bin/../lib/gcc/i386-banana/8.1.0/libkgcc.a(_udivdi3.o)
                              fs/fat/ff.32 (__udivdi3)
/cygdrive/d/Users/Alex/Desktop/Toolchain/Output/bin/../lib/gcc/i386-banana/8.1.0/libkgcc.a(_umoddi3.o)
                              compat/resolve.32 (__umoddi3)

Discarded input sections

 .comment       0x0000000000000000       0x12 /cygdrive/d/Users/Alex/Desktop/Toolchain/Output/bin/../lib/gcc/i386-banana/8.1.0/crtbegin.o
 .comment       0x0000000000000000       0x12 acpica/utclib.32
 .comment       0x0000000000000000       0x12 core/malloc.32
 .comment       0x0000000000000000       0x12 libk/string.32
 .comment       0x0000000000000000       0x12 fs/fat/diskio.32
 .comment       0x0000000000000000       0x12 fs/fat/ff.32
 .comment       0x0000000000000000       0x12 fs/fat/ffsystem.32
 .comment       0x0000000000000000       0x12 fs/fat/ffunicode.32
 .comment       0x0000000000000000       0x12 compat/inlines.32
 .comment       0x0000000000000000       0x12 compat/resolve.32
 .group         0x0000000000000000       0x14 core/computer.32
 .group         0x0000000000000000        0xc core/computer.32
 .comment       0x0000000000000000       0x12 core/computer.32
 .comment       0x0000000000000000       0x12 core/gdt.32
 .group         0x0000000000000000        0xc core/idle.32
 .comment       0x0000000000000000       0x12 core/idle.32
 .comment       0x0000000000000000       0x12 core/idt.32
 .comment       0x0000000000000000       0x12 core/kheap.32
 .comment       0x0000000000000000       0x12 core/main.32
 .comment       0x0000000000000000       0x12 core/physmgr.32
 .group         0x0000000000000000        0xc core/pipe.32
 .comment       0x0000000000000000       0x12 core/pipe.32
 .group         0x0000000000000000        0xc core/terminal.32
 .comment       0x0000000000000000       0x12 core/terminal.32
 .comment       0x0000000000000000       0x12 core/tss.32
 .group         0x0000000000000000        0x8 core/unixfile.32
 .group         0x0000000000000000        0x8 core/unixfile.32
 .group         0x0000000000000000        0xc core/unixfile.32
 .group         0x0000000000000000        0x8 core/unixfile.32
 .group         0x0000000000000000        0xc core/unixfile.32
 .group         0x0000000000000000        0x8 core/unixfile.32
 .group         0x0000000000000000        0xc core/unixfile.32
 .group         0x0000000000000000        0xc core/unixfile.32
 .comment       0x0000000000000000       0x12 core/unixfile.32
 .comment       0x0000000000000000       0x12 core/virtmgr.32
 .comment       0x0000000000000000       0x12 coreobjs/c++.32
 .comment       0x0000000000000000       0x12 dbg/kconsole.32
 .group         0x0000000000000000        0xc fs/vfs.32
 .group         0x0000000000000000        0xc fs/vfs.32
 .group         0x0000000000000000        0xc fs/vfs.32
 .comment       0x0000000000000000       0x12 fs/vfs.32
 .group         0x0000000000000000        0xc hal/bus.32
 .comment       0x0000000000000000       0x12 hal/bus.32
 .group         0x0000000000000000        0xc hal/buzzer.32
 .comment       0x0000000000000000       0x12 hal/buzzer.32
 .group         0x0000000000000000        0xc hal/clock.32
 .comment       0x0000000000000000       0x12 hal/clock.32
 .group         0x0000000000000000       0x14 hal/device.32
 .group         0x0000000000000000        0xc hal/device.32
 .group         0x0000000000000000        0x8 hal/device.32
 .group         0x0000000000000000        0xc hal/device.32
 .group         0x0000000000000000        0xc hal/device.32
 .comment       0x0000000000000000       0x12 hal/device.32
 .group         0x0000000000000000        0xc hal/diskctrl.32
 .comment       0x0000000000000000       0x12 hal/diskctrl.32
 .group         0x0000000000000000        0xc hal/diskphys.32
 .comment       0x0000000000000000       0x12 hal/diskphys.32
 .group         0x0000000000000000        0xc hal/fpu.32
 .comment       0x0000000000000000       0x12 hal/fpu.32
 .group         0x0000000000000000        0xc hal/intctrl.32
 .comment       0x0000000000000000       0x12 hal/intctrl.32
 .group         0x0000000000000000        0xc hal/keybrd.32
 .comment       0x0000000000000000       0x12 hal/keybrd.32
 .group         0x0000000000000000        0xc hal/logidisk.32
 .comment       0x0000000000000000       0x12 hal/logidisk.32
 .group         0x0000000000000000        0xc hal/mouse.32
 .comment       0x0000000000000000       0x12 hal/mouse.32
 .comment       0x0000000000000000       0x12 hal/partition.32
 .group         0x0000000000000000        0xc hal/serial.32
[...]
Memory Configuration

Name             Origin             Length             Attributes
*default*        0x0000000000000000 0xffffffffffffffff

Linker script and memory map

LOAD D:/Users/Alex/Desktop/Banana/kernel/boot.32
LOAD crti.32
LOAD /cygdrive/d/Users/Alex/Desktop/Toolchain/Output/bin/../lib/gcc/i386-banana/8.1.0/crtbegin.o
LOAD D:/Users/Alex/Desktop/Banana/kernel/morenasm.32
LOAD acpica/utclib.32
LOAD core/malloc.32
LOAD libk/string.32
LOAD fs/fat/diskio.32
LOAD fs/fat/ff.32
LOAD fs/fat/ffsystem.32
LOAD fs/fat/ffunicode.32
LOAD compat/inlines.32
LOAD compat/resolve.32
LOAD core/computer.32
LOAD core/gdt.32
LOAD core/idle.32
LOAD core/idt.32
LOAD core/kheap.32
LOAD core/main.32
LOAD core/physmgr.32
LOAD core/pipe.32
LOAD core/terminal.32
LOAD core/tss.32
LOAD core/unixfile.32
LOAD core/virtmgr.32
LOAD coreobjs/c++.32
LOAD dbg/kconsole.32
LOAD fs/vfs.32
LOAD hal/bus.32
LOAD hal/buzzer.32
LOAD hal/clock.32
LOAD hal/device.32
LOAD hal/diskctrl.32
LOAD hal/diskphys.32
LOAD hal/fpu.32
LOAD hal/intctrl.32
LOAD hal/keybrd.32
LOAD hal/logidisk.32
LOAD hal/mouse.32
LOAD hal/partition.32
LOAD hal/serial.32
LOAD hal/timer.32
LOAD hal/vcache.32
LOAD hal/video.32
LOAD hw/acpi.32
LOAD hw/cpu.32
LOAD hw/ports.32
LOAD hw/smp.32
LOAD krnl/env.32
LOAD krnl/panic.32
LOAD net/ethernet.32
LOAD reg/registry.32
LOAD sys/sc_eject.32
LOAD sys/sc_exit.32
LOAD sys/sc_getcwd.32
LOAD sys/sc_getpid.32
LOAD sys/sc_getramdata.32
LOAD sys/sc_getvgaptr.32
LOAD sys/sc_loaddll.32
LOAD sys/sc_read.32
LOAD sys/sc_sbrk.32
LOAD sys/sc_setcwd.32
LOAD sys/sc_settime.32
LOAD sys/sc_timezone.32
LOAD sys/sc_write.32
LOAD sys/sc_wsbe.32
LOAD sys/sc_yield.32
LOAD sys/syscalls.32
LOAD thr/elf.32
LOAD thr/prcssthr.32
LOAD vm86/vm8086.32
LOAD vm86/x87em.32
LOAD fs/fat/vfslink.32
LOAD fs/iso9660/vfslink.32
LOAD hal/sound/sndcard.32
LOAD hal/sound/sndport.32
LOAD hw/bus/isa.32
LOAD hw/bus/pci.32
LOAD hw/diskctrl/ide.32
LOAD hw/diskctrl/satabus.32
LOAD hw/diskphys/ata.32
LOAD hw/diskphys/atapi.32
LOAD hw/diskphys/sata.32
LOAD hw/diskphys/satapi.32
LOAD hw/fpu/avx.32
LOAD hw/fpu/mmx.32
LOAD hw/fpu/sse.32
LOAD hw/fpu/x87.32
LOAD hw/intctrl/apic.32
LOAD hw/intctrl/pic.32
LOAD hw/timer/apictimer.32
LOAD hw/timer/pit.32
LOAD hw/fpu/x86/avx.32
LOAD hw/fpu/x86/sse.32
LOAD hw/fpu/x86/x87.32
LOAD /cygdrive/d/Users/Alex/Desktop/Toolchain/Output/bin/../lib/gcc/i386-banana/8.1.0/crtend.o
LOAD crtn.32
LOAD /cygdrive/d/Users/Alex/Desktop/Toolchain/Output/bin/../lib/gcc/i386-banana/8.1.0/libkgcc.a
LOAD D:/Users/Alex/Desktop/Banana/kernel/libsoftfp.a
LOAD D:/Users/Alex/Desktop/Banana/kernel/libk/libm32.a
                0x00000000c0000000                . = 0xc0000000

.text           0x00000000c0000000    0x2114e
 *(.text)
 .text          0x00000000c0000000       0x41 D:/Users/Alex/Desktop/Banana/kernel/boot.32
                0x00000000c0000020                callGlobalConstructors
 .text          0x00000000c0000041        0x0 crti.32
 *fill*         0x00000000c0000041        0x3 
 .text          0x00000000c0000044      0x101 /cygdrive/d/Users/Alex/Desktop/Toolchain/Output/bin/../lib/gcc/i386-banana/8.1.0/crtbegin.o
 *fill*         0x00000000c0000145        0xb 
 .text          0x00000000c0000150      0x430 D:/Users/Alex/Desktop/Banana/kernel/morenasm.32
                0x00000000c0000150                manualPCIProbe
                0x00000000c000019b                prepareTramp
                0x00000000c00001b4                doTPAUSE
                0x00000000c00001be                hasLegacyFPU
                0x00000000c00001e3                is486
                0x00000000c0000219                detectCPUID
                0x00000000c000022f                goToVM86
                0x00000000c000025f                goToUsermode
                0x00000000c0000289                switchToThreadASMFirstTime
                0x00000000c0000297                switchToThreadASM
                0x00000000c0000327                asmQuickAcquireLock
                0x00000000c0000345                asmQuickReleaseLock
                0x00000000c0000351                asmAcquireLock
                0x00000000c0000372                asmReleaseLock
                0x00000000c0000385                loadGDT
                0x00000000c00003a5                isr0
                0x00000000c00003b5                isr1
                0x00000000c00003bf                isr2
                0x00000000c00003c9                isr3
                0x00000000c00003d3                isr4
                0x00000000c00003dd                isr5
                0x00000000c00003e7                isr6
                0x00000000c00003f1                isr7
                0x00000000c00003fb                isr8
                0x00000000c0000403                isr9
                0x00000000c000040d                isr10
                0x00000000c0000415                isr11
                0x00000000c000041d                isr12
                0x00000000c0000425                isr13
                0x00000000c000042d                isr14
                0x00000000c0000435                isr15
                0x00000000c000043f                isr16
                0x00000000c0000449                isr17
                0x00000000c0000453                isr18
                0x00000000c000045d                irq3
                0x00000000c0000467                irq4
                0x00000000c0000471                irq5
                0x00000000c000047b                irq6
                0x00000000c0000485                irq7
                0x00000000c000048f                irq8
                0x00000000c0000499                irq9
                0x00000000c00004a3                irq10
                0x00000000c00004ad                irq11
                0x00000000c00004b7                irq12
                0x00000000c00004c1                irq13
                0x00000000c00004cb                irq14
                0x00000000c00004d5                irq15
                0x00000000c00004df                irq1
                0x00000000c00004e6                irq2
                0x00000000c00004ed                isr96
                0x00000000c00004f4                irq0
                0x00000000c00004f9                int_common_stub
                0x00000000c00004f9                syscall_common_stub
                0x00000000c000052b                irq16
                0x00000000c0000535                irq17
                0x00000000c000053f                irq18
                0x00000000c0000549                irq19
                0x00000000c0000553                irq20
                0x00000000c000055d                irq21
                0x00000000c0000567                irq22
                0x00000000c0000571                irq23
                0x00000000c000057b                memcpy
 .text          0x00000000c0000580      0x5dd acpica/utclib.32
                0x00000000c0000580                memcmp
                0x00000000c00005bc                memmove
                0x00000000c0000684                memset
                0x00000000c00006a0                strlen
                0x00000000c00006b8                strpbrk
                0x00000000c00006f4                strtok
                0x00000000c0000740                strcpy
                0x00000000c0000764                strncpy
                0x00000000c00007cc                strcmp
                0x00000000c000080c                strchr
                0x00000000c0000830                strncmp
                0x00000000c0000880                strcat
                0x00000000c00008b0                strncat
                0x00000000c00008ec                strstr
                0x00000000c0000934                toupper
                0x00000000c0000948                tolower
                0x00000000c000095c                simple_strtoul
 .text          0x00000000c0000b5d      0xfad core/malloc.32
                0x00000000c0000cc8                dlfree
                0x00000000c0001023                dlmalloc
                0x00000000c0001560                dlrealloc
                0x00000000c0001703                dlmemalign
                0x00000000c0001826                dlcalloc
                0x00000000c00018c0                dlcfree
                0x00000000c00018c5                dlindependent_calloc
                0x00000000c00018ea                dlindependent_comalloc
                0x00000000c0001901                dlvalloc
                0x00000000c000192c                dlpvalloc
                0x00000000c0001962                dlmalloc_trim
                0x00000000c000196f                dlmalloc_usable_size
                0x00000000c00019a0                dlmallinfo
                0x00000000c0001a6f                dlmalloc_stats
                0x00000000c0001a80                dlmallopt
 .text          0x00000000c0001b0a        0x0 libk/string.32
 .text          0x00000000c0001b0a       0x51 fs/fat/diskio.32
                0x00000000c0001b0a                disk_status
                0x00000000c0001b0d                disk_initialize
                0x00000000c0001b10                disk_read
                0x00000000c0001b26                disk_write
                0x00000000c0001b3c                disk_ioctl
 .text          0x00000000c0001b5b     0x6a69 fs/fat/ff.32
                0x00000000c0004e29                f_mount
                0x00000000c0004e8b                f_open
                0x00000000c00052c7                f_read
                0x00000000c0005547                f_write
                0x00000000c0005801                f_sync
                0x00000000c00059dd                f_close
                0x00000000c0005a0c                f_lseek
                0x00000000c0005ec3                f_opendir
                0x00000000c0005fc5                f_closedir
                0x00000000c0005fe7                f_readdir
                0x00000000c0006082                f_stat
                0x00000000c0006111                f_getfree
                0x00000000c00062dc                f_truncate
                0x00000000c00063d4                f_unlink
                0x00000000c0006557                f_mkdir
                0x00000000c0006783                f_rename
                0x00000000c0006a76                f_chmod
                0x00000000c0006b54                f_utime
                0x00000000c0006c32                f_getlabel
                0x00000000c0006e20                f_setlabel
                0x00000000c000708d                f_expand
                0x00000000c00072c3                f_forward
                0x00000000c00074a1                f_mkfs
 .text          0x00000000c00085c4       0x2f fs/fat/ffsystem.32
                0x00000000c00085c4                ff_memalloc
                0x00000000c00085dc                ff_memfree
 *fill*         0x00000000c00085f3        0x1 
 .text          0x00000000c00085f4      0x274 fs/fat/ffunicode.32
                0x00000000c00085f4                ff_uni2oem
                0x00000000c000868c                ff_oem2uni
                0x00000000c0008700                ff_wtoupper
 .text          0x00000000c0008868       0xa7 compat/inlines.32
                0x00000000c0008868                CPU::current()
                0x00000000c0008874                operator new(unsigned long)
                0x00000000c0008879                operator delete(void*)
                0x00000000c000887e                disableIRQs()
                0x00000000c0008886                enableIRQs()
                0x00000000c0008895                lockScheduler()
                0x00000000c000889d                unlockScheduler()
                0x00000000c00088ac                lockStuff()
                0x00000000c00088ba                unlockStuff()
                0x00000000c00088f4                Virt::getAKernelVAS()
                0x00000000c00088fa                __not_memcpy
 *fill*         0x00000000c000890f        0x1 
 .text          0x00000000c0008910      0x118 compat/resolve.32
                0x00000000c0008910                Krnl::resolveCompatibilitySymbol(char*)
 .text          0x00000000c0008a28      0x7f7 core/computer.32
                0x00000000c0008a28                Computer::close(int, int, void*)
                0x00000000c0008a6c                Krnl::firstTask()
                0x00000000c0008bba                Computer::Computer()
                0x00000000c0008bba                Computer::Computer()
                0x00000000c0008d16                Computer::setBootMessage(char const*)
                0x00000000c0008d18                Computer::detectFeatures()
                0x00000000c0008f22                Computer::displayFeatures()
                0x00000000c0008f24                Computer::rdmsr(unsigned int)
                0x00000000c0008f50                Computer::wrmsr(unsigned int, unsigned long long)
                0x00000000c0008f88                Computer::nmiEnabled()
                0x00000000c0008f94                Computer::readCMOS(unsigned char)
                0x00000000c0008fae                Computer::enableNMI(bool)
                0x00000000c0008fc6                Computer::open(int, int, void*)
                0x00000000c0009162                Computer::disableNMI()
                0x00000000c0009170                Computer::writeCMOS(unsigned char, unsigned char)
                0x00000000c000918e                Computer::handleNMI()
                0x00000000c00091f4                Computer::setDiskActivityLight(int, bool)
 *fill*         0x00000000c000921f        0x1 
 .text          0x00000000c0009220      0x19d core/gdt.32
                0x00000000c0009220                GDTEntry::setBase(unsigned int)
                0x00000000c000923c                GDTEntry::setLimit(unsigned int)
                0x00000000c000925a                GDT::GDT()
                0x00000000c000925a                GDT::GDT()
                0x00000000c0009270                GDT::addEntry(GDTEntry)
                0x00000000c0009292                GDT::getNumberOfEntries()
                0x00000000c000929a                GDT::flush()
                0x00000000c00092bc                GDT::setup()
 .text          0x00000000c00093bd       0x6b core/idle.32
                0x00000000c00093bd                idleFunction(void*)
 .text          0x00000000c0009428      0x464 core/idt.32
                0x00000000c0009428                IDTEntry::IDTEntry(bool)
                0x00000000c0009428                IDTEntry::IDTEntry(bool)
                0x00000000c000949a                IDTEntry::setOffset(unsigned int)
                0x00000000c00094b0                IDT::IDT()
                0x00000000c00094b0                IDT::IDT()
                0x00000000c00094b2                IDT::getPointerToInvalidOpcodeEntryForF00F()
                0x00000000c00094ba                IDT::addEntry(IDTEntry, int)
                0x00000000c00094d4                IDT::addEntry(int, void (*)(), bool)
                0x00000000c000950c                IDT::flush()
                0x00000000c0009526                IDT::setup()
 .text          0x00000000c000988c      0x191 core/kheap.32
                0x00000000c000988c                sbrk
                0x00000000c000992f                mmap
                0x00000000c0009945                munmap
                0x00000000c000995b                liballoc_lock()
                0x00000000c0009968                liballoc_unlock()
                0x00000000c000997c                liballoc_alloc(int)
                0x00000000c0009994                liballoc_free(void*, int)
                0x00000000c00099af                realloc
                0x00000000c00099c3                malloc
                0x00000000c00099d3                free
                0x00000000c00099e3                rfree
                0x00000000c00099f3                calloc
 .text          0x00000000c0009a1d      0x1b6 core/main.32
                0x00000000c0009a1d                Krnl::setBootMessage(char const*)
                0x00000000c0009a89                kernel_main
 .text          0x00000000c0009bd3      0x600 core/physmgr.32
                0x00000000c0009bd3                Phys::allocateDMA(unsigned long)
                0x00000000c0009ca7                Phys::freeDMA(unsigned long, unsigned long)
                0x00000000c0009d0c                Phys::setPageState(unsigned long, bool)
                0x00000000c0009d3e                Phys::getPageState(unsigned long)
                0x00000000c0009d5a                Phys::freePage(unsigned long)
                0x00000000c0009dcb                Phys::allocatePage()
                0x00000000c0009ed9                Phys::allocateContiguousPages(int)
                0x00000000c0009f35                Phys::allowSegmentToBeUsed(unsigned long, unsigned long)
                0x00000000c0009f6d                Phys::physicalMemorySetup(unsigned int)
 *fill*         0x00000000c000a1d3        0x1 
 .text          0x00000000c000a1d4      0x273 core/pipe.32
                0x00000000c000a1d4                Pipe::isAtty()
                0x00000000c000a1d8                Pipe::~Pipe()
                0x00000000c000a1d8                Pipe::~Pipe()
                0x00000000c000a1fc                Pipe::~Pipe()
                0x00000000c000a224                Pipe::read(unsigned long long, void*, int*)
                0x00000000c000a320                Pipe::write(unsigned long long, void*, int*)
                0x00000000c000a3e0                Pipe::Pipe(int)
                0x00000000c000a3e0                Pipe::Pipe(int)
 *fill*         0x00000000c000a447        0x1 
 .text          0x00000000c000a448      0xb93 core/terminal.32
                0x00000000c000a448                VgaText::isAtty()
                0x00000000c000a44c                VgaText::~VgaText()
                0x00000000c000a44c                VgaText::~VgaText()
                0x00000000c000a470                VgaText::~VgaText()
                0x00000000c000a49a                VgaText::read(unsigned long long, void*, int*)
                0x00000000c000a4ba                setTerminalScrollLock(bool)
                0x00000000c000a4bb                addToTerminalCycle(VgaText*)
                0x00000000c000a4dc                installVgaTextImplementation()
                0x00000000c000a4f1                scrollTerminalScrollLock(int)
                0x00000000c000a4f2                VgaText::updateTitle()
                0x00000000c000a530                VgaText::load()
                0x00000000c000a57e                VgaText::updateCursor()
                0x00000000c000a594                VgaText::doANSI_SGR(int)
                0x00000000c000a608                VgaText::setDefaultBgColour(VgaColour)
                0x00000000c000a618                VgaText::setDefaultFgColour(VgaColour)
                0x00000000c000a628                VgaText::setDefaultColours(VgaColour, VgaColour)
                0x00000000c000a648                VgaText::setTitleTextColour(VgaColour)
                0x00000000c000a658                VgaText::setTitleColour(VgaColour)
                0x00000000c000a668                VgaText::setTitle(char*)
                0x00000000c000a68e                VgaText::combineColours(unsigned char, unsigned char)
                0x00000000c000a6a0                VgaText::scrollScreen()
                0x00000000c000a734                VgaText::combineCharAndColour(char, unsigned char)
                0x00000000c000a746                VgaText::writeCharacter(char, VgaColour, VgaColour, int, int)
                0x00000000c000a7a2                VgaText::getCursorX()
                0x00000000c000a7aa                VgaText::getCursorY()
                0x00000000c000a7b2                VgaText::setCursor(int, int)
                0x00000000c000a7c9                setActiveTerminal(VgaText*)
                0x00000000c000a82b                doTerminalCycle()
                0x00000000c000a846                VgaText::setCursorX(int)
                0x00000000c000a85e                VgaText::setCursorY(int)
                0x00000000c000a876                VgaText::incrementCursor(bool)
                0x00000000c000a8ca                VgaText::decrementCursor(bool)
                0x00000000c000a8ec                VgaText::putchar(char, VgaColour, VgaColour)
                0x00000000c000a9c4                VgaText::doUpdate()
                0x00000000c000a9d2                VgaText::puts(char const*, VgaColour, VgaColour)
                0x00000000c000ab4a                VgaText::clearScreen()
                0x00000000c000aba4                VgaText::putchar(char)
                0x00000000c000ac90                VgaText::putx(unsigned int)
                0x00000000c000acd6                VgaText::puts(char const*)
                0x00000000c000acfc                VgaText::VgaText(char const*)
                0x00000000c000acfc                VgaText::VgaText(char const*)
                0x00000000c000ae7a                VgaText::receiveKey(unsigned char)
                0x00000000c000af62                VgaText::write(unsigned long long, void*, int*)
                0x00000000c000afb6                newTerminal(char*)
 *fill*         0x00000000c000afdb        0x1 
 .text          0x00000000c000afdc      0x1a1 core/tss.32
                0x00000000c000afdc                TSS::TSS()
                0x00000000c000afdc                TSS::TSS()
                0x00000000c000afec                TSS::setESP(unsigned long)
                0x00000000c000b000                TSS::flush()
                0x00000000c000b020                TSS::setup(unsigned long, unsigned long)
 *fill*         0x00000000c000b17d        0x1 
 .text          0x00000000c000b17e      0x4c2 core/unixfile.32
                0x00000000c000b17e                ReservedFilename::read(unsigned long long, void*, int*)
                0x00000000c000b1d4                ReservedFilename::isAtty()
                0x00000000c000b1f0                ReservedFilename::write(unsigned long long, void*, int*)
                0x00000000c000b24e                UnixFile::getFileDescriptor()
                0x00000000c000b256                UnixFile::UnixFile(int)
                0x00000000c000b256                UnixFile::UnixFile(int)
                0x00000000c000b406                ReservedFilename::ReservedFilename(int)
                0x00000000c000b406                ReservedFilename::ReservedFilename(int)
                0x00000000c000b438                UnixFile::~UnixFile()
                0x00000000c000b438                UnixFile::~UnixFile()
                0x00000000c000b4d0                UnixFile::~UnixFile()
                0x00000000c000b4f8                ReservedFilename::~ReservedFilename()
                0x00000000c000b4f8                ReservedFilename::~ReservedFilename()
                0x00000000c000b51c                ReservedFilename::~ReservedFilename()
                0x00000000c000b543                getFromFileDescriptor(int)
 .text          0x00000000c000b640     0x12c4 core/virtmgr.32
                0x00000000c000b640                Virt::setPageState(unsigned long, Virt::VirtPageState)
                0x00000000c000b675                Virt::getPageState(unsigned long)
                0x00000000c000b699                Virt::allocateKernelVirtualPages(int)
                0x00000000c000b7aa                Virt::freeSwapfilePage(unsigned long)
                0x00000000c000b7c8                Virt::swapIDToSector(unsigned long)
                0x00000000c000b7da                Virt::allocateSwapfilePage()
                0x00000000c000b858                Virt::virtualMemorySetup()
                0x00000000c000b8a3                Virt::setupPageSwapping(int)
                0x00000000c000b914                VAS::VAS()
                0x00000000c000b914                VAS::VAS()
                0x00000000c000b950                VAS::VAS(VAS*)
                0x00000000c000b950                VAS::VAS(VAS*)
                0x00000000c000b97e                VAS::getForeignPageTableEntry(bool, unsigned long)
                0x00000000c000b9aa                VAS::getPageTableEntry(unsigned long)
                0x00000000c000b9c9                Virt::freeKernelVirtualPages(unsigned long)
                0x00000000c000baec                VAS::freeAllocatedPages(unsigned long)
                0x00000000c000bb10                VAS::virtualToPhysical(unsigned long)
                0x00000000c000bb28                VAS::reflagRange(unsigned long, int, int, int)
                0x00000000c000bb68                VAS::setToWriteCombining(unsigned long, int)
                0x00000000c000bb9a                VAS::mapOtherVASIn(bool, VAS*)
                0x00000000c000bbc4                VAS::~VAS()
                0x00000000c000bbc4                VAS::~VAS()
                0x00000000c000bd40                VAS::mapPage(unsigned long, unsigned long, int)
                0x00000000c000be42                VAS::allocatePages(int, int)
                0x00000000c000c01a                VAS::setCPUSpecific(unsigned long)
                0x00000000c000c036                VAS::mapRange(unsigned long, unsigned long, int, int)
                0x00000000c000c0fc                VAS::mapForeignPage(bool, VAS*, unsigned long, unsigned long, int)
                0x00000000c000c1ea                VAS::VAS(bool)
                0x00000000c000c1ea                VAS::VAS(bool)
                0x00000000c000c46a                VAS::evict(unsigned long)
                0x00000000c000c572                VAS::tryLoadBackOffDisk(unsigned long)
                0x00000000c000c6fa                VAS::scanForEviction()
                0x00000000c000c7d8                mapVASFirstTime
 .text          0x00000000c000c904       0x95 coreobjs/c++.32
                0x00000000c000c904                __cxa_atexit
                0x00000000c000c907                __cxa_finalize
                0x00000000c000c908                __stack_chk_fail
                0x00000000c000c974                __cxa_pure_virtual
                0x00000000c000c985                operator new[](unsigned long)
                0x00000000c000c98a                operator delete(void*, unsigned long)
                0x00000000c000c98f                operator delete[](void*)
                0x00000000c000c994                operator delete[](void*, unsigned long)
 .text          0x00000000c000c999      0x1fc dbg/kconsole.32
                0x00000000c000c999                Dbg::stringifyxWithBase(unsigned int, char*, int)
                0x00000000c000c9f2                Dbg::logc(char)
                0x00000000c000ca12                Dbg::logs(char*)
                0x00000000c000ca2f                Dbg::logWriteInt(unsigned int)
                0x00000000c000ca4c                Dbg::logWriteIntBase(unsigned int, int)
                0x00000000c000ca6b                Dbg::kprintf(char const*, ...)
 *fill*         0x00000000c000cb95        0x1 
 .text          0x00000000c000cb96      0xb82 fs/vfs.32
                0x00000000c000cb96                File::read(unsigned long long, void*, int*)
                0x00000000c000cbee                File::write(unsigned long long, void*, int*)
                0x00000000c000cc46                Directory::read(unsigned long long, void*, int*)
                0x00000000c000cc9e                Directory::write(unsigned long long, void*, int*)
                0x00000000c000cccc                File::isAtty()
                0x00000000c000ccd0                Directory::isAtty()
                0x00000000c000ccd4                Filesystem::getlabel(LogicalDisk*, int, char*, unsigned int*)
                0x00000000c000ccda                Filesystem::setlabel(LogicalDisk*, int, char*)
                0x00000000c000cce0                Filesystem::allocateSwapfile(char const*, int)
                0x00000000c000cce6                File::~File()
                0x00000000c000cce6                File::~File()
                0x00000000c000cd0a                File::~File()
                0x00000000c000cd34                Directory::~Directory()
                0x00000000c000cd34                Directory::~Directory()
                0x00000000c000cd58                Directory::~Directory()
                0x00000000c000cd82                Filesystem::Filesystem()
                0x00000000c000cd82                Filesystem::Filesystem()
                0x00000000c000cda6                Filesystem::~Filesystem()
                0x00000000c000cda6                Filesystem::~Filesystem()
                0x00000000c000cdb4                Filesystem::~Filesystem()
                0x00000000c000cdd8                Fs::getcwd(Process*, char*, int)
                0x00000000c000ce02                Fs::initVFS()
                0x00000000c000ce2c                Fs::standardiseFiles(char*, char const*, char const*)
                0x00000000c000cfd6                File::File(char const*, Process*)
                0x00000000c000cfd6                File::File(char const*, Process*)
                0x00000000c000d03a                File::open(FileOpenMode)
                0x00000000c000d098                File::close()
                0x00000000c000d0f8                File::seek(unsigned long long)
                0x00000000c000d14e                File::tell(unsigned long long*)
                0x00000000c000d19e                File::rewind()
                0x00000000c000d1b2                File::unlink()
                0x00000000c000d1fe                File::rename(char const*)
                0x00000000c000d24c                File::chfatattr(unsigned char, unsigned char)
                0x00000000c000d2a8                File::exists()
                0x00000000c000d2e6                File::stat(unsigned long long*, bool*)
                0x00000000c000d347                Fs::setcwd(Process*, char*)
                0x00000000c000d482                Directory::Directory(char const*, Process*)
                0x00000000c000d482                Directory::Directory(char const*, Process*)
                0x00000000c000d4e6                Directory::open()
                0x00000000c000d542                Directory::close()
                0x00000000c000d5a2                Directory::unlink()
                0x00000000c000d5ee                Directory::rename(char const*)
                0x00000000c000d63c                Directory::exists()
                0x00000000c000d67a                Directory::read(dirent*)
                0x00000000c000d6c6                Directory::create()
                0x00000000c000d712                Filesystem::chfatattr(char const*, unsigned char, unsigned char)
 .text          0x00000000c000d718       0x86 hal/bus.32
                0x00000000c000d718                Bus::Bus(char const*)
                0x00000000c000d718                Bus::Bus(char const*)
                0x00000000c000d750                Bus::~Bus()
                0x00000000c000d750                Bus::~Bus()
                0x00000000c000d774                Bus::~Bus()
 *fill*         0x00000000c000d79e        0x2 
 .text          0x00000000c000d7a0      0x153 hal/buzzer.32
                0x00000000c000d7a0                Buzzer::Buzzer(char const*)
                0x00000000c000d7a0                Buzzer::Buzzer(char const*)
                0x00000000c000d7e4                Buzzer::~Buzzer()
                0x00000000c000d7e4                Buzzer::~Buzzer()
                0x00000000c000d808                Buzzer::~Buzzer()
                0x00000000c000d832                Buzzer::stop()
                0x00000000c000d845                beepThread(void*)
                0x00000000c000d886                Buzzer::beep(int, int, bool)
 *fill*         0x00000000c000d8f3        0x1 
 .text          0x00000000c000d8f4      0x467 hal/clock.32
                0x00000000c000d8f4                User::loadClockSettings(int)
                0x00000000c000d946                Clock::Clock(char const*)
                0x00000000c000d946                Clock::Clock(char const*)
                0x00000000c000d97c                Clock::~Clock()
                0x00000000c000d97c                Clock::~Clock()
                0x00000000c000d9a0                Clock::~Clock()
                0x00000000c000d9ca                Clock::timeInSecondsLocal()
                0x00000000c000da12                Clock::setTimeInSecondsLocal(unsigned long long)
                0x00000000c000da6b                datetimeToSeconds(datetime_t)
                0x00000000c000db92                Clock::setTimeInDatetimeLocal(datetime_t)
                0x00000000c000dbf2                secondsToDatetime(unsigned long long)
                0x00000000c000dd36                Clock::timeInDatetimeLocal()
 *fill*         0x00000000c000dd5b        0x1 
 .text          0x00000000c000dd5c      0x504 hal/device.32
                0x00000000c000dd5c                Device::hibernate()
                0x00000000c000dd5e                Device::wake()
                0x00000000c000dd60                Device::detect()
                0x00000000c000dd62                Device::disableLegacy()
                0x00000000c000dd64                Device::powerSaving(PowerSavingLevel)
                0x00000000c000dd66                DriverlessDevice::close(int, int, void*)
                0x00000000c000dd6a                DriverlessDevice::detect()
                0x00000000c000dd6c                DriverlessDevice::open(int, int, void*)
                0x00000000c000dd80                Device::~Device()
                0x00000000c000dd80                Device::~Device()
                0x00000000c000dd8e                Device::~Device()
                0x00000000c000ddb6                Device::findAndLoadDriver()
                0x00000000c000ddc4                Device::preOpenPCI(PCIDeviceInfo)
                0x00000000c000ddea                Device::preOpenACPI(void*, char*, char*)
                0x00000000c000de2a                Device::addIRQHandler(int, void (*)(regs*, void*), bool, void*)
                0x00000000c000de68                Device::getParent()
                0x00000000c000de74                Device::removeIRQHandler(int, void (*)(regs*, void*), bool)
                0x00000000c000deb2                Device::addChild(Device*)
                0x00000000c000def6                Device::removeAllChildren()
                0x00000000c000df3c                Device::hibernateAll()
                0x00000000c000df6c                Device::wakeAll()
                0x00000000c000df9c                Device::detectAll()
                0x00000000c000dfcc                Device::disableLegacyAll()
                0x00000000c000dffc                Device::loadDriversForAll()
                0x00000000c000e03c                Device::closeAll()
                0x00000000c000e072                Device::powerSavingAll(PowerSavingLevel)
                0x00000000c000e0a8                Device::setName(char const*)
                0x00000000c000e0b6                Device::Device(char const*)
                0x00000000c000e0b6                Device::Device(char const*)
                0x00000000c000e1b2                Device::getName()
                0x00000000c000e1bc                DriverlessDevice::DriverlessDevice(char const*)
                0x00000000c000e1bc                DriverlessDevice::DriverlessDevice(char const*)
                0x00000000c000e1f2                Device::addToLinkedList(LinkedList<Device>&, DeviceType)
                0x00000000c000e236                getDevicesOfType(DeviceType)
 .text          0x00000000c000e260       0x86 hal/diskctrl.32
                0x00000000c000e260                HardDiskController::HardDiskController(char const*)
                0x00000000c000e260                HardDiskController::HardDiskController(char const*)
                0x00000000c000e298                HardDiskController::~HardDiskController()
                0x00000000c000e298                HardDiskController::~HardDiskController()
                0x00000000c000e2bc                HardDiskController::~HardDiskController()
 .text          0x00000000c000e2e6       0xe2 hal/diskphys.32
                0x00000000c000e2e6                PhysicalDisk::eject()
                0x00000000c000e2ea                PhysicalDisk::PhysicalDisk(char const*, int)
                0x00000000c000e2ea                PhysicalDisk::PhysicalDisk(char const*, int)
                0x00000000c000e352                PhysicalDisk::startCache()
                0x00000000c000e37a                PhysicalDisk::~PhysicalDisk()
                0x00000000c000e37a                PhysicalDisk::~PhysicalDisk()
                0x00000000c000e39e                PhysicalDisk::~PhysicalDisk()
 .text          0x00000000c000e3c8      0x147 hal/fpu.32
                0x00000000c000e3c8                FPU::FPU(char const*)
                0x00000000c000e3c8                FPU::FPU(char const*)
                0x00000000c000e400                FPU::~FPU()
                0x00000000c000e400                FPU::~FPU()
                0x00000000c000e424                FPU::~FPU()
                0x00000000c000e44e                setupFPU()
 *fill*         0x00000000c000e50f        0x1 
 .text          0x00000000c000e510     0x11e1 hal/intctrl.32
                0x00000000c000e510                InterruptController::uninstallISRHandler(int, void (*)(regs*, void*))
                0x00000000c000e548                InterruptController::installISRHandler(int, void (*)(regs*, void*), void*)
                0x00000000c000e59a                doubleFault(regs*, void*)
                0x00000000c000e5b4                InterruptController::installIRQHandler(int, void (*)(regs*, void*), bool, void*)
                0x00000000c000e650                InterruptController::clearAllHandlers(int, bool)
                0x00000000c000e6f8                InterruptController::uninstallIRQHandler(int, void (*)(regs*, void*), bool)
                0x00000000c000e77f                nmiHandler(regs*, void*)
                0x00000000c000e78d                int_handler
                0x00000000c000e82e                InterruptController::InterruptController(char const*)
                0x00000000c000e82e                InterruptController::InterruptController(char const*)
                0x00000000c000e8d4                InterruptController::~InterruptController()
                0x00000000c000e8d4                InterruptController::~InterruptController()
                0x00000000c000e8f8                InterruptController::~InterruptController()
                0x00000000c000e922                displayDebugInfo(regs*)
                0x00000000c000edb1                x87EmulHandler(regs*, void*)
                0x00000000c000ee24                gpFault(regs*, void*)
                0x00000000c000ee5d                pgFault(regs*, void*)
                0x00000000c000eeac                otherISRHandler(regs*, void*)
                0x00000000c000eecb                opcodeFault(regs*, void*)
                0x00000000c000f28e                displayProgramFault(char const*)
                0x00000000c000f2b6                setupInterruptController()
                0x00000000c000f6a4                InterruptController::convertLegacyIRQNumber(int)
 *fill*         0x00000000c000f6f1        0x1 
 .text          0x00000000c000f6f2      0x784 hal/keybrd.32
                0x00000000c000f6f2                startGUI(void*)
                0x00000000c000f75e                startGUIVESA(void*)
                0x00000000c000f7ca                sendKeyToTerminal(unsigned char)
                0x00000000c000f888                sendKeyboardToken(KeyboardToken)
                0x00000000c000fcc5                clearInternalKeybuffer(VgaText*)
                0x00000000c000fcfa                readKeyboard(VgaText*, char*, unsigned long)
                0x00000000c000fdec                Keyboard::Keyboard(char const*)
                0x00000000c000fdec                Keyboard::Keyboard(char const*)
                0x00000000c000fe28                Keyboard::~Keyboard()
                0x00000000c000fe28                Keyboard::~Keyboard()
                0x00000000c000fe4c                Keyboard::~Keyboard()
 .text          0x00000000c000fe76      0x3ea hal/logidisk.32
                0x00000000c000fe76                LogicalDisk::close(int, int, void*)
                0x00000000c000fe7a                LogicalDisk::~LogicalDisk()
                0x00000000c000fe7a                LogicalDisk::~LogicalDisk()
                0x00000000c000fe9e                LogicalDisk::~LogicalDisk()
                0x00000000c000fec8                LogicalDisk::open(int, int, void*)
                0x00000000c000fedc                LogicalDisk::absoluteToRelative(unsigned long long)
                0x00000000c000ff14                LogicalDisk::relativeToAbsolute(unsigned long long)
                0x00000000c000ff5a                LogicalDisk::LogicalDisk(char const*, PhysicalDisk*, unsigned long long, unsigned long long)
                0x00000000c000ff5a                LogicalDisk::LogicalDisk(char const*, PhysicalDisk*, unsigned long long, unsigned long long)
                0x00000000c0010010                LogicalDisk::assignDriveLetter()
                0x00000000c00100c6                LogicalDisk::mount()
                0x00000000c001010e                LogicalDisk::unmount()
                0x00000000c001011e                LogicalDisk::eject()
                0x00000000c0010132                LogicalDisk::unassignDriveLetter()
                0x00000000c0010188                LogicalDisk::read(unsigned long long, int, void*)
                0x00000000c00101f4                LogicalDisk::write(unsigned long long, int, void*)
 .text          0x00000000c0010260       0x86 hal/mouse.32
                0x00000000c0010260                Mouse::Mouse(char const*)
                0x00000000c0010260                Mouse::Mouse(char const*)
                0x00000000c0010298                Mouse::~Mouse()
                0x00000000c0010298                Mouse::~Mouse()
                0x00000000c00102bc                Mouse::~Mouse()
 .text          0x00000000c00102e6      0x339 hal/partition.32
                0x00000000c00102e6                makePartition(PhysicalDisk*, unsigned long long, unsigned long long)
                0x00000000c001038e                createPartitionsForDisk(PhysicalDisk*)
 *fill*         0x00000000c001061f        0x1 
 .text          0x00000000c0010620       0x86 hal/serial.32
                0x00000000c0010620                Serial::Serial(char const*)
                0x00000000c0010620                Serial::Serial(char const*)
                0x00000000c0010658                Serial::~Serial()
                0x00000000c0010658                Serial::~Serial()
                0x00000000c001067c                Serial::~Serial()
 *fill*         0x00000000c00106a6        0x2 
 .text          0x00000000c00106a8      0x2f2 hal/timer.32
                0x00000000c00106a8                Timer::Timer(char const*)
                0x00000000c00106a8                Timer::Timer(char const*)
                0x00000000c00106e0                Timer::~Timer()
                0x00000000c00106e0                Timer::~Timer()
                0x00000000c0010704                Timer::~Timer()
                0x00000000c001072e                Timer::read()
                0x00000000c0010739                timerHandler(unsigned int)
                0x00000000c00108a0                setupTimer(int)
 *fill*         0x00000000c001099a        0x2 
 .text          0x00000000c001099c      0x4af hal/vcache.32
                0x00000000c001099c                VCache::VCache(PhysicalDisk*)
                0x00000000c001099c                VCache::VCache(PhysicalDisk*)
                0x00000000c0010b04                VCache::invalidateReadBuffer()
                0x00000000c0010b14                VCache::writeWriteBuffer()
                0x00000000c0010b60                VCache::~VCache()
                0x00000000c0010b60                VCache::~VCache()
                0x00000000c0010bb4                VCache::~VCache()
                0x00000000c0010bdc                VCache::write(unsigned long long, int, void*)
                0x00000000c0010d20                VCache::read(unsigned long long, int, void*)
 *fill*         0x00000000c0010e4b        0x1 
 .text          0x00000000c0010e4c      0x4b3 hal/video.32
                0x00000000c0010e4c                Video::putrect(int, int, int, int, unsigned int)
                0x00000000c0010e98                Video::bitblit(int, int, int, int, int, int, int, unsigned int*)
                0x00000000c0010f08                Video::blit(unsigned int*, int, int, int, int)
                0x00000000c0010f86                Video::clearScreen(unsigned int)
                0x00000000c0010fba                Video::putpixel(int, int, unsigned int)
                0x00000000c0010fc8                Video::Video(char const*)
                0x00000000c0010fc8                Video::Video(char const*)
                0x00000000c0010ffe                Video::~Video()
                0x00000000c0010ffe                Video::~Video()
                0x00000000c0011022                Video::~Video()
                0x00000000c001104c                Video::isMonochrome()
                0x00000000c0011058                Video::getWidth()
                0x00000000c0011064                Video::getHeight()
                0x00000000c0011070                Video::drawCursor(int, int, unsigned char*, int)
                0x00000000c001112c                Video::tgaParse(unsigned char*, int, int*, int*)
                0x00000000c0011294                Video::putTGA(int, int, unsigned char*, int)
 *fill*         0x00000000c00112ff        0x1 
 .text          0x00000000c0011300     0x141b hw/acpi.32
                0x00000000c0011300                ACPI::close(int, int, void*)
                0x00000000c00113b4                findRSDP()
                0x00000000c0011488                loadACPITables(unsigned char*)
                0x00000000c00116ec                findRSDT(unsigned char*)
                0x00000000c00118ac                findDataTable(unsigned char*, char*)
                0x00000000c0011924                scanMADT()
                0x00000000c0011e00                ACPI::ACPI()
                0x00000000c0011e00                ACPI::ACPI()
                0x00000000c0011e64                ACPI::getPCIIRQAssignment(unsigned char, unsigned short, unsigned char)
                0x00000000c0011f4c                ACPI::registerPCIIRQAssignment(void*, unsigned short, unsigned char, unsigned char)
                0x00000000c0012014                ACPI::setScreenBrightnessLevel(void*, int)
                0x00000000c001201c                ACPI::detectPCI()
                0x00000000c0012234                ACPI::writeSimpleBootFlag(SimpleBootFlagTable*)
                0x00000000c001227c                ACPI::sleep()
                0x00000000c0012298                ACPI::open(int, int, void*)
 *fill*         0x00000000c001271b        0x1 
 .text          0x00000000c001271c     0x1525 hw/cpu.32
                0x00000000c001271c                CPU::close(int, int, void*)
                0x00000000c0012720                CPU::lookupAMDName(unsigned char, unsigned char)
                0x00000000c00128b4                CPU::lookupIntelName(unsigned char, unsigned char)
                0x00000000c0012b62                CPU::AMD_K6_write_msr(unsigned int, unsigned int, unsigned int, CPU::REGS*)
                0x00000000c0012b7e                CPU::AMD_K6_read_msr(unsigned int, CPU::REGS*)
                0x00000000c0012b96                CPU::AMD_K6_writeback(int, int, int)
                0x00000000c0012c0a                CPU::cpuid(int, unsigned long*, unsigned long*, unsigned long*, unsigned long*)
                0x00000000c0012c8e                CPU::cpuidCheckEDX(unsigned int)
                0x00000000c0012cbc                CPU::cpuidCheckECX(unsigned int)
                0x00000000c0012cea                CPU::cpuidCheckExtendedEBX(unsigned int)
                0x00000000c0012d18                CPU::cpuidCheckExtendedECX(unsigned int)
                0x00000000c0012d46                CPU::CPU()
                0x00000000c0012d46                CPU::CPU()
                0x00000000c0012dd4                CPU::displayFeatures()
                0x00000000c0012dd6                CPU::detectFeatures()
                0x00000000c00137c8                CPU::setupSMEP()
                0x00000000c00137d4                CPU::setupUMIP()
                0x00000000c00137de                CPU::setupTSC()
                0x00000000c00137e8                CPU::setupLargePages()
                0x00000000c00137f2                CPU::setupPAT()
                0x00000000c001382e                CPU::setupMTRR()
                0x00000000c0013830                CPU::setupGlobalPages()
                0x00000000c001383a                CPU::allowUsermodeDataAccess()
                0x00000000c001384c                CPU::prohibitUsermodeDataAccess()
                0x00000000c001385e                CPU::setupSMAP()
                0x00000000c001386c                CPU::setupFeatures()
                0x00000000c00138ec                CPU::open(int, int, void*)
                0x00000000c0013a46                CPU::decodeAddress(regs*, int*, bool*, unsigned char*)
 .text          0x00000000c0013c41        0x0 hw/ports.32
 .text          0x00000000c0013c41      0x16a hw/smp.32
                0x00000000c0013c41                Krnl::smpEntry()
                0x00000000c0013c43                Krnl::startCPU(int)
                0x00000000c0013d8c                Krnl::startCPUs()
 *fill*         0x00000000c0013dab        0x1 
 .text          0x00000000c0013dac      0x581 krnl/env.32
                0x00000000c0013dac                EnvVarContainer::getEnv(char const*)
                0x00000000c0013dea                EnvVarContainer::setEnv(char const*, char const*)
                0x00000000c0013eac                EnvVarContainer::deleteEnv(char const*)
                0x00000000c0013eae                EnvVarContainer::loadFrom(char const*, char const*)
                0x00000000c0014094                EnvVarContainer::__loadSystem()
                0x00000000c00140ae                EnvVarContainer::__loadUser()
                0x00000000c00140b0                EnvVarContainer::EnvVarContainer(Process*)
                0x00000000c00140b0                EnvVarContainer::EnvVarContainer(Process*)
                0x00000000c00140d2                EnvVarContainer::~EnvVarContainer()
                0x00000000c00140d2                EnvVarContainer::~EnvVarContainer()
                0x00000000c0014102                Krnl::getEnv(Process*, char const*)
                0x00000000c0014167                Krnl::setEnvSystem(char const*, char const*)
                0x00000000c0014181                Krnl::setEnvUser(char const*, char const*)
                0x00000000c00141a0                Krnl::setEnvProcess(Process*, char const*, char const*)
                0x00000000c00141b3                Krnl::deleteEnvSystem(char const*)
                0x00000000c00141b4                Krnl::deleteEnvUser(char const*)
                0x00000000c00141b5                Krnl::deleteEnvProcess(Process*, char const*)
                0x00000000c00141b6                Krnl::newProcessEnv(Process*)
                0x00000000c00141d8                Krnl::copyProcessEnv(Process*, Process*)
                0x00000000c0014224                Krnl::loadSystemEnv()
                0x00000000c0014252                Krnl::loadUserEnv()
                0x00000000c0014278                Krnl::flushEnv()
                0x00000000c0014279                Krnl::getProcessTotalEnvCount(Process*)
                0x00000000c0014299                Krnl::getProcessEnvPair(Process*, int)
 .text          0x00000000c001432d      0x39c krnl/panic.32
                0x00000000c001432d                Krnl::panic(char const*)
 *fill*         0x00000000c00146c9        0x3 
 .text          0x00000000c00146cc      0x5a0 net/ethernet.32
                0x00000000c00146cc                Net::switchEndian16(unsigned short)
                0x00000000c00146f0                Net::switchEndian32(unsigned int)
                0x00000000c0014720                Net::crc32Calc(unsigned char*, int)
                0x00000000c00147c4                Net::wrapEthernetFrame(Net::UnwrappedEthernetFrame, unsigned char*)
                0x00000000c00149e0                Net::unwrapEthernetFrame(unsigned char*, int)
 .text          0x00000000c0014c6c      0x50e reg/registry.32
                0x00000000c0014c6c                Reg::findLineFromLoadedData(char*, char*, char*)
                0x00000000c0014dc4                Reg::getLineFromRegistry(char*, char*, char*, char*)
                0x00000000c0014f19                Reg::getLine(char*, char*, char*)
                0x00000000c0014f50                Reg::readInt(char*, char*, int*)
                0x00000000c001503b                Reg::readString(char*, char*, char*, int)
                0x00000000c00150bc                Reg::readBool(char*, char*, bool*)
                0x00000000c00150e1                Reg::readBoolWithDefault(char*, char*, bool)
                0x00000000c001510d                Reg::readIntWithDefault(char*, char*, int)
                0x00000000c0015139                Reg::readStringWithDefault(char*, char*, char*, int, char*)
 .text          0x00000000c001517a       0x36 sys/sc_eject.32
                0x00000000c001517a                Sys::eject(regs*)
 .text          0x00000000c00151b0       0x18 sys/sc_exit.32
                0x00000000c00151b0                Sys::exit(regs*)
 .text          0x00000000c00151c8       0x1f sys/sc_getcwd.32
                0x00000000c00151c8                Sys::getCwd(regs*)
 .text          0x00000000c00151e7        0xc sys/sc_getpid.32
                0x00000000c00151e7                Sys::getPID(regs*)
 .text          0x00000000c00151f3       0x1a sys/sc_getramdata.32
                0x00000000c00151f3                Sys::getRAMData(regs*)
 .text          0x00000000c001520d       0x84 sys/sc_getvgaptr.32
                0x00000000c001520d                Sys::getVGAPtr(regs*)
 .text          0x00000000c0015291       0xa8 sys/sc_loaddll.32
                0x00000000c0015291                Sys::loadDLL(regs*)
 .text          0x00000000c0015339       0x68 sys/sc_read.32
                0x00000000c0015339                Sys::read(regs*)
 .text          0x00000000c00153a1       0x55 sys/sc_sbrk.32
                0x00000000c00153a1                Sys::sbrk(regs*)
 .text          0x00000000c00153f6       0x1c sys/sc_setcwd.32
                0x00000000c00153f6                Sys::setCwd(regs*)
 .text          0x00000000c0015412       0x95 sys/sc_settime.32
                0x00000000c0015412                Sys::setTime(regs*)
 .text          0x00000000c00154a7       0x4a sys/sc_timezone.32
                0x00000000c00154a7                Sys::timezone(regs*)
 .text          0x00000000c00154f1       0x68 sys/sc_write.32
                0x00000000c00154f1                Sys::write(regs*)
 .text          0x00000000c0015559       0x62 sys/sc_wsbe.32
                0x00000000c0015559                Sys::wsbe(regs*)
 .text          0x00000000c00155bb       0x38 sys/sc_yield.32
                0x00000000c00155bb                Sys::yield(regs*)
 .text          0x00000000c00155f3      0xf8e sys/syscalls.32
                0x00000000c00155f3                sysCallSeekDir(regs*)
                0x00000000c00155f8                sysCallTellDir(regs*)
                0x00000000c00155fd                sysCallVerify(regs*)
                0x00000000c0015607                sysCallGetArgc(regs*)
                0x00000000c0015617                sysFormatDisk(regs*)
                0x00000000c0015681                sysSetDiskVolumeLabel(regs*)
                0x00000000c00156cb                sysGetDiskVolumeLabel(regs*)
                0x00000000c0015720                sysShutdown(regs*)
                0x00000000c001577e                sysCallRealpath(regs*)
                0x00000000c00157c1                sysCallReadDir(regs*)
                0x00000000c0015840                sysCallIsATTY(regs*)
                0x00000000c001589a                sysCallSeek(regs*)
                0x00000000c00158f1                sysCallTell(regs*)
                0x00000000c001595d                sysCallSize(regs*)
                0x00000000c00159cf                sysCallSizeFromFilename(regs*)
                0x00000000c0015a7e                sysCallClose(regs*)
                0x00000000c0015ade                sysCallOpenDir(regs*)
                0x00000000c0015b53                sysCallCloseDir(regs*)
                0x00000000c0015ba7                sysCallMakeDir(regs*)
                0x00000000c0015c17                sysCallWait(regs*)
                0x00000000c0015c31                sysCallNotImpl(regs*)
                0x00000000c0015c4c                sysPanic(regs*)
                0x00000000c0015c66                sysCallRmdir(regs*)
                0x00000000c0015cca                sysCallUnlink(regs*)
                0x00000000c0015d2e                sysCallGetArgv(regs*)
                0x00000000c0015d7a                sysCallTTYName(regs*)
                0x00000000c0015dfd                sysCallUSleep(regs*)
                0x00000000c0015e26                sysCallSpawn(regs*)
                0x00000000c0015e8e                sysCallGetEnv(regs*)
                0x00000000c0015f3b                sysAppSettings(regs*)
                0x00000000c001604f                sysSetFatAttrib(regs*)
                0x00000000c00160c1                sysPipe(regs*)
                0x00000000c0016106                sysGetUnixTime(regs*)
                0x00000000c001611a                string_ends_with(char const*, char const*)
                0x00000000c0016162                sysCallOpen(regs*)
                0x00000000c001634a                Sys::loadSyscalls()
                0x00000000c001653f                Sys::systemCall(regs*, void*)
 .text          0x00000000c0016581     0x1203 thr/elf.32
                0x00000000c0016581                Thr::allocateMemoryForTask(Process*, File*, unsigned long, unsigned long, unsigned long)
                0x00000000c001682b                Thr::loadProgramIntoMemory(Process*, char const*)
                0x00000000c0016a41                Thr::runtimeReferenceHelper()
                0x00000000c0016a54                Thr::getAddressOfKernelSymbol(char const*)
                0x00000000c0016aa3                Thr::loadKernelSymbolTable(char const*)
                0x00000000c0016d61                Thr::loadDriverIntoMemory(char const*, unsigned long, bool)
                0x00000000c0017497                Thr::getDriverBaseFromAddress(unsigned long)
                0x00000000c00174c9                Thr::getDriverNameFromAddress(unsigned long)
                0x00000000c0017500                Thr::getDriverOffsetFromAddress(unsigned long)
                0x00000000c001751a                Thr::loadDLL(char const*, bool)
                0x00000000c001774b                Thr::executeDLL(unsigned long, void*)
 .text          0x00000000c0017784     0x12a9 thr/prcssthr.32
                0x00000000c0017784                userModeEntryPoint(void*)
                0x00000000c00177ac                changeTSS
                0x00000000c00177dc                switchToThread(ThreadControlBlock*)
                0x00000000c0017890                Process::addArgs(char**)
                0x00000000c00178f0                Process::Process(char const*, Process*, char**)
                0x00000000c00178f0                Process::Process(char const*, Process*, char**)
                0x00000000c0017adc                Process::Process(bool, char const*, Process*, char**)
                0x00000000c0017adc                Process::Process(bool, char const*, Process*, char**)
                0x00000000c0017c94                taskStartupFunction
                0x00000000c0017ca0                Semaphore::Semaphore(int)
                0x00000000c0017ca0                Semaphore::Semaphore(int)
                0x00000000c0017cd0                Mutex::Mutex()
                0x00000000c0017cd0                Mutex::Mutex()
                0x00000000c0017ce4                Process::createThread(void (*)(void*), void*, int)
                0x00000000c0017ddc                Process::createUserThread()
                0x00000000c0017df8                setupMultitasking(void (*)())
                0x00000000c0017f00                schedule()
                0x00000000c0017f8c                Semaphore::tryAcquire()
                0x00000000c0018058                Semaphore::assertLocked(char const*)
                0x00000000c00180d0                blockTaskWithSchedulerLockAlreadyHeld(TaskState)
                0x00000000c00180f8                blockTask(TaskState)
                0x00000000c0018128                waitTask(int, int*, int)
                0x00000000c001816c                milliTenthSleepUntil(unsigned int)
                0x00000000c00181f8                milliTenthSleep(unsigned int)
                0x00000000c0018208                sleep(unsigned int)
                0x00000000c0018224                Semaphore::acquire()
                0x00000000c00182e0                taskReturned
                0x00000000c001831c                Thr::processFromPID(int)
                0x00000000c00183bc                unblockTask(ThreadControlBlock*)
                0x00000000c0018460                cleanupTerminatedTask(ThreadControlBlock*)
                0x00000000c0018728                cleanerTaskFunction(void*)
                0x00000000c0018818                terminateTask(int)
                0x00000000c00188e4                Thr::terminateFromIRQ(int)
                0x00000000c00188f0                Semaphore::release()
 .text          0x00000000c0018a2d      0xada vm86/vm8086.32
                0x00000000c0018a2d                Vm::inbv(unsigned short)
                0x00000000c0018a40                Vm::outbv(unsigned short, unsigned char)
                0x00000000c0018a76                Vm::realToLinear(unsigned short, unsigned short)
                0x00000000c0018a86                Vm::getSegment(unsigned int)
                0x00000000c0018a8e                Vm::getOffset(unsigned int)
                0x00000000c0018a93                Vm::mainloop2()
                0x00000000c0018acd                Vm::mainVm8086Loop(void*)
                0x00000000c0018add                Vm::mainloop3(unsigned long)
                0x00000000c0018b03                Vm::initialise8086()
                0x00000000c0018b46                Vm::finish8086()
                0x00000000c0018ba7                Vm::getOutput8086(unsigned char*)
                0x00000000c0018bcc                Vm::start8086(char const*, unsigned short, unsigned short, unsigned short, unsigned short)
                0x00000000c0018d34                Vm::doISR(regs*, int, unsigned char*, unsigned short, unsigned short)
                0x00000000c0018dbe                Vm::readByteFromReal(unsigned short, unsigned short)
                0x00000000c0018dcf                Vm::readWordFromReal(unsigned short, unsigned short)
                0x00000000c0018de1                Vm::readDwordFromReal(unsigned short, unsigned short)
                0x00000000c0018df2                Vm::writeByteFromReal(unsigned short, unsigned short, unsigned char)
                0x00000000c0018e07                Vm::writeWordFromReal(unsigned short, unsigned short, unsigned short)
                0x00000000c0018e1d                Vm::writeDwordFromReal(unsigned short, unsigned short, unsigned int)
                0x00000000c0018e32                Vm::faultHandler(regs*)
 *fill*         0x00000000c0019507        0x1 
 .text          0x00000000c0019508      0xfcd vm86/x87em.32
                0x00000000c0019508                Vm::fpuInternalTo32(unsigned long long)
                0x00000000c0019566                Vm::fpuInternalTo64(unsigned long long)
                0x00000000c001956f                Vm::fpu32ToInternal(unsigned int)
                0x00000000c00195b4                Vm::fpu64ToInternal(unsigned long long)
                0x00000000c00195bd                Vm::fpuFloatToLong(unsigned long long)
                0x00000000c001961c                Vm::fpuULongToFloat(unsigned long long)
                0x00000000c0019658                Vm::fpuLongToFloat(long long)
                0x00000000c00196b7                Vm::fpuGet0()
                0x00000000c00196bc                Vm::fpuGet1()
                0x00000000c00196c4                Vm::fpuGetPi()
                0x00000000c00196cc                Vm::fpuGetLog2E()
                0x00000000c00196e4                Vm::fpuGetLogE2()
                0x00000000c00196fc                Vm::fpuGetLog210()
                0x00000000c0019714                Vm::fpuGetLog102()
                0x00000000c001972c                Vm::fpuIsSecondLarger(unsigned long long, unsigned long long)
                0x00000000c0019740                Vm::fpuAreEqual(unsigned long long, unsigned long long)
                0x00000000c0019756                Vm::fpuUnorderedCompare(unsigned long long, unsigned long long)
                0x00000000c00197ac                Vm::fpuAdd(unsigned long long, unsigned long long)
                0x00000000c00197bd                Vm::fpuAbs(unsigned long long)
                0x00000000c00197c6                Vm::fpuChs(unsigned long long)
                0x00000000c00197d6                Vm::fpuSub(unsigned long long, unsigned long long)
                0x00000000c00197e5                Vm::fpuMultiply(unsigned long long, unsigned long long)
                0x00000000c0019804                Vm::fpuDivide(unsigned long long, unsigned long long)
                0x00000000c0019820                Vm::fpuSquare(unsigned long long)
                0x00000000c0019836                Vm::fpuGetReg(int)
                0x00000000c0019879                Vm::fpuSetReg(int, unsigned long long)
                0x00000000c00198c5                Vm::fpuPush(unsigned long long)
                0x00000000c0019923                Vm::fpuPop()
                0x00000000c0019976                Vm::x87Handler(regs*)
 *fill*         0x00000000c001a4d5        0x3 
 .text          0x00000000c001a4d8     0x13b7 fs/fat/vfslink.32
                0x00000000c001a4d8                FAT::getName()
                0x00000000c001a4e0                FAT::tell(void*, unsigned long long*)
                0x00000000c001a51c                FAT::stat(void*, unsigned long long*)
                0x00000000c001a558                FAT::~FAT()
                0x00000000c001a558                FAT::~FAT()
                0x00000000c001a57c                FAT::~FAT()
                0x00000000c001a5a4                FAT::getlabel(LogicalDisk*, int, char*, unsigned int*)
                0x00000000c001a648                FAT::setlabel(LogicalDisk*, int, char*)
                0x00000000c001a70c                FAT::format(LogicalDisk*, int, char const*, int)
                0x00000000c001a8e0                FAT::tryMount(LogicalDisk*, int)
                0x00000000c001aaf8                FAT::allocateSwapfile(char const*, int)
                0x00000000c001acb4                FAT::readDir(void*, unsigned long, void*, int*)
                0x00000000c001ae20                FAT::read(void*, unsigned long, void*, int*)
                0x00000000c001ae80                FAT::write(void*, unsigned long, void*, int*)
                0x00000000c001aee0                FAT::close(void*)
                0x00000000c001af34                FAT::closeDir(void*)
                0x00000000c001af88                FAT::seek(void*, unsigned long long)
                0x00000000c001afe4                fatWrapperReadDisk
                0x00000000c001b02c                fatWrapperWriteDisk
                0x00000000c001b074                fatWrapperIoctl
                0x00000000c001b184                FAT::FAT()
                0x00000000c001b184                FAT::FAT()
                0x00000000c001b1d8                FAT::fixFilepath(char*)
                0x00000000c001b214                FAT::open(char const*, void**, FileOpenMode)
                0x00000000c001b348                FAT::openDir(char const*, void**)
                0x00000000c001b3f8                FAT::stat(char const*, unsigned long long*, bool*)
                0x00000000c001b4ec                FAT::unlink(char const*)
                0x00000000c001b56c                FAT::chfatattr(char const*, unsigned char, unsigned char)
                0x00000000c001b6d4                FAT::rename(char const*, char const*)
                0x00000000c001b7a0                FAT::mkdir(char const*)
                0x00000000c001b820                FAT::exists(char const*)
 *fill*         0x00000000c001b88f        0x1 
 .text          0x00000000c001b890      0xb75 fs/iso9660/vfslink.32
                0x00000000c001b890                ISO9660::format(LogicalDisk*, int, char const*, int)
                0x00000000c001b896                ISO9660::seek(void*, unsigned long long)
                0x00000000c001b8c6                ISO9660::tell(void*, unsigned long long*)
                0x00000000c001b8ea                ISO9660::getName()
                0x00000000c001b8f0                ISO9660::stat(void*, unsigned long long*)
                0x00000000c001b914                ISO9660::chfatattr(char const*, unsigned char, unsigned char)
                0x00000000c001b91a                ISO9660::unlink(char const*)
                0x00000000c001b920                ISO9660::write(void*, unsigned long, void*, int*)
                0x00000000c001b926                ISO9660::rename(char const*, char const*)
                0x00000000c001b92c                ISO9660::mkdir(char const*)
                0x00000000c001b932                ISO9660::close(void*)
                0x00000000c001b954                ISO9660::closeDir(void*)
                0x00000000c001b976                ISO9660::~ISO9660()
                0x00000000c001b976                ISO9660::~ISO9660()
                0x00000000c001b99a                ISO9660::~ISO9660()
                0x00000000c001b9c1                __memmem(unsigned char*, int, unsigned char*, int)
                0x00000000c001ba03                readSectorFromCDROM(unsigned int, unsigned char*, char)
                0x00000000c001ba5e                ISO9660::tryMount(LogicalDisk*, int)
                0x00000000c001baae                ISO9660::read(void*, unsigned long, void*, int*)
                0x00000000c001bcb2                ISO9660::readDir(void*, unsigned long, void*, int*)
                0x00000000c001bf2c                readRoot(unsigned int*, unsigned int*, char)
                0x00000000c001bf80                readRecursively(char*, unsigned int, unsigned int, unsigned int*, unsigned int*, char, int*)
                0x00000000c001c153                getFileData(char*, unsigned int*, unsigned int*, char, int*)
                0x00000000c001c1e2                ISO9660::open(char const*, void**, FileOpenMode)
                0x00000000c001c290                ISO9660::exists(char const*)
                0x00000000c001c2b4                ISO9660::stat(char const*, unsigned long long*, bool*)
                0x00000000c001c348                ISO9660::openDir(char const*, void**)
                0x00000000c001c3e2                ISO9660::ISO9660()
                0x00000000c001c3e2                ISO9660::ISO9660()
 *fill*         0x00000000c001c405        0x1 
 .text          0x00000000c001c406      0x2f0 hal/sound/sndcard.32
                0x00000000c001c406                SoundCard::beginPlayback()
                0x00000000c001c414                SoundCard::stopPlayback()
                0x00000000c001c422                SoundCard::SoundCard(char const*)
                0x00000000c001c422                SoundCard::SoundCard(char const*)
                0x00000000c001c4c0                SoundCard::~SoundCard()
                0x00000000c001c4c0                SoundCard::~SoundCard()
                0x00000000c001c4e4                SoundCard::~SoundCard()
                0x00000000c001c50e                SoundCard::configureRates(int, int, int)
                0x00000000c001c53e                SoundCard::getSamples16(int, short*)
                0x00000000c001c600                SoundCard::getSamples32(int, int*)
                0x00000000c001c686                SoundCard::addChannel(SoundPort*)
                0x00000000c001c6e2                SoundCard::removeChannel(int)
 *fill*         0x00000000c001c6f6        0x2 
 .text          0x00000000c001c6f8      0x3fb hal/sound/sndport.32
                0x00000000c001c6f8                SoundPort::SoundPort(int, int, int, int)
                0x00000000c001c6f8                SoundPort::SoundPort(int, int, int, int)
                0x00000000c001c784                SoundPort::~SoundPort()
                0x00000000c001c784                SoundPort::~SoundPort()
                0x00000000c001c7b8                SoundPort::unpause()
                0x00000000c001c7c4                SoundPort::pause()
                0x00000000c001c7d0                SoundPort::getBufferUsed()
                0x00000000c001c7d8                SoundPort::getBufferSize()
                0x00000000c001c7e0                SoundPort::buffer16(short*, int)
                0x00000000c001c894                SoundPort::buffer32(int*, int)
                0x00000000c001c940                SoundPort::unbufferAndAdd16(int, short*, SoundCard*)
                0x00000000c001ca3c                SoundPort::unbufferAndAdd32(int, int*, SoundCard*)
 .text          0x00000000c001caf3        0x0 hw/bus/isa.32
 *fill*         0x00000000c001caf3        0x1 
 .text          0x00000000c001caf4      0xb87 hw/bus/pci.32
                0x00000000c001caf4                PCI::open(int, int, void*)
                0x00000000c001cb12                PCI::close(int, int, void*)
                0x00000000c001cb16                PCI::PCI()
                0x00000000c001cb16                PCI::PCI()
                0x00000000c001cbac                PCI::readBAR8(unsigned int, int)
                0x00000000c001cbc8                PCI::readBAR16(unsigned int, int)
                0x00000000c001cbe6                PCI::readBAR32(unsigned int, int)
                0x00000000c001cc02                PCI::writeBAR8(unsigned int, unsigned char, int)
                0x00000000c001cc22                PCI::writeBAR16(unsigned int, unsigned short, int)
                0x00000000c001cc44                PCI::writeBAR32(unsigned int, unsigned int, int)
                0x00000000c001cc64                PCI::legacyMechanism(unsigned char, unsigned char, unsigned char, unsigned char)
                0x00000000c001ccd2                PCI::pciReadWord(unsigned char, unsigned char, unsigned char, unsigned char)
                0x00000000c001cd7a                PCI::getVendorID(unsigned char, unsigned char, unsigned char)
                0x00000000c001cd9e                PCI::getHeaderType(unsigned char, unsigned char, unsigned char)
                0x00000000c001cdc6                PCI::getClassCode(unsigned char, unsigned char, unsigned char)
                0x00000000c001ce10                PCI::getProgIF(unsigned char, unsigned char, unsigned char)
                0x00000000c001ce38                PCI::getRevisionID(unsigned char, unsigned char, unsigned char)
                0x00000000c001ce5c                PCI::getInterruptNumber(unsigned char, unsigned char, unsigned char)
                0x00000000c001ce80                PCI::getSecondaryBus(unsigned char, unsigned char, unsigned char)
                0x00000000c001cea8                PCI::getBARAddress(unsigned char, unsigned char, unsigned char, unsigned char)
                0x00000000c001cf0c                PCI::pciWriteWord(unsigned char, unsigned char, unsigned char, unsigned char, unsigned short)
                0x00000000c001cff4                PCI::pciDetailsToFilepath(PCIDeviceInfo, char*)
                0x00000000c001d26e                PCI::checkBus(unsigned char)
                0x00000000c001d292                PCI::foundDevice(PCIDeviceInfo)
                0x00000000c001d404                PCI::getDeviceData(unsigned char, unsigned char, unsigned char)
                0x00000000c001d5bc                PCI::checkDevice(unsigned char, unsigned char)
                0x00000000c001d628                PCI::detect()
 *fill*         0x00000000c001d67b        0x1 
 .text          0x00000000c001d67c      0xb4a hw/diskctrl/ide.32
                0x00000000c001d67c                IDE::close(int, int, void*)
                0x00000000c001d680                IDE::IDE()
                0x00000000c001d680                IDE::IDE()
                0x00000000c001d6b4                IDE::prepareInterrupt(unsigned char)
                0x00000000c001d6c6                selectDrive(unsigned char, unsigned char)
                0x00000000c001d6c8                IDE::getBase(unsigned char)
                0x00000000c001d6da                IDE::write(unsigned char, unsigned char, unsigned char)
                0x00000000c001d79a                IDE::read(unsigned char, unsigned char)
                0x00000000c001d848                IDE::waitInterrupt(unsigned char)
                0x00000000c001d8aa                ideChannel0IRQHandler(regs*, void*)
                0x00000000c001d8c6                ideChannel1IRQHandler(regs*, void*)
                0x00000000c001d8e2                IDE::enableIRQs(unsigned char, bool)
                0x00000000c001d928                IDE::open(int, int, void*)
                0x00000000c001dd36                IDE::readBuffer(unsigned char, unsigned char, unsigned int, unsigned int)
                0x00000000c001de02                IDE::detect()
                0x00000000c001e0c2                IDE::printError(unsigned char, unsigned char, unsigned char)
                0x00000000c001e172                IDE::polling(unsigned char, unsigned int)
 .text          0x00000000c001e1c6      0x336 hw/diskctrl/satabus.32
                0x00000000c001e1c6                SATABus::close(int, int, void*)
                0x00000000c001e1ca                SATABus::detect()
                0x00000000c001e1cc                SATABus::SATABus()
                0x00000000c001e1cc                SATABus::SATABus()
                0x00000000c001e252                SATABus::findCmdslot(SATABus::tagHBA_PORT volatile*)
                0x00000000c001e29a                SATABus::checkType(SATABus::tagHBA_PORT volatile*)
                0x00000000c001e2e2                SATABus::startCmd(SATABus::tagHBA_PORT volatile*)
                0x00000000c001e302                SATABus::stopCmd(SATABus::tagHBA_PORT volatile*)
                0x00000000c001e32c                SATABus::portRebase(SATABus::tagHBA_PORT volatile*, int)
                0x00000000c001e432                SATABus::probePort(SATABus::tagHBA_MEM volatile*)
                0x00000000c001e4dc                SATABus::open(int, int, void*)
 .text          0x00000000c001e4fc      0x684 hw/diskphys/ata.32
                0x00000000c001e4fc                ATA::close(int, int, void*)
                0x00000000c001e520                ATA::powerSaving(PowerSavingLevel)
                0x00000000c001e522                ATA::ATA()
                0x00000000c001e522                ATA::ATA()
                0x00000000c001e550                ATA::flush(bool)
                0x00000000c001e59a                ATA::readyForCommand()
                0x00000000c001e5e6                ATA::access(unsigned long long, int, void*, bool)
                0x00000000c001e9dc                ATA::read(unsigned long long, int, void*)
                0x00000000c001ea28                ATA::write(unsigned long long, int, void*)
                0x00000000c001ea8a                ATA::detectCHS()
                0x00000000c001eab4                ATA::open(int, int, void*)
 .text          0x00000000c001eb80      0x5b9 hw/diskphys/atapi.32
                0x00000000c001eb80                ATAPI::write(unsigned long long, int, void*)
                0x00000000c001eb86                ATAPI::close(int, int, void*)
                0x00000000c001ebaa                ATAPI::ATAPI()
                0x00000000c001ebaa                ATAPI::ATAPI()
                0x00000000c001ebd8                ATAPI::readyForCommand()
                0x00000000c001ec24                ATAPI::sendPacket(unsigned char*, int, bool, unsigned short*, int)
                0x00000000c001eee4                ATAPI::diskRemoved()
                0x00000000c001ef00                ATAPI::eject()
                0x00000000c001ef48                ATAPI::diskInserted()
                0x00000000c001ef76                ATAPI::detectMedia()
                0x00000000c001f032                ATAPI::open(int, int, void*)
                0x00000000c001f0ba                ATAPI::read(unsigned long long, int, void*)
 *fill*         0x00000000c001f139        0x1 
 .text          0x00000000c001f13a      0x41c hw/diskphys/sata.32
                0x00000000c001f13a                SATA::close(int, int, void*)
                0x00000000c001f15e                SATA::powerSaving(PowerSavingLevel)
                0x00000000c001f160                SATA::open(int, int, void*)
                0x00000000c001f20a                SATA::SATA()
                0x00000000c001f20a                SATA::SATA()
                0x00000000c001f238                SATA::access(unsigned long long, int, void*, bool)
                0x00000000c001f49e                SATA::read(unsigned long long, int, void*)
                0x00000000c001f4ea                SATA::write(unsigned long long, int, void*)
 .text          0x00000000c001f556      0x4fe hw/diskphys/satapi.32
                0x00000000c001f556                SATAPI::write(unsigned long long, int, void*)
                0x00000000c001f55c                SATAPI::close(int, int, void*)
                0x00000000c001f580                SATAPI::SATAPI()
                0x00000000c001f580                SATAPI::SATAPI()
                0x00000000c001f5ae                SATAPI::diskRemoved()
                0x00000000c001f5ca                SATAPI::diskInserted()
                0x00000000c001f5f8                SATAPI::sendPacket(unsigned char*, int, unsigned long long, unsigned short*, int)
                0x00000000c001f800                SATAPI::eject()
                0x00000000c001f848                SATAPI::detectMedia()
                0x00000000c001f90a                SATAPI::open(int, int, void*)
                0x00000000c001f9b2                SATAPI::read(unsigned long long, int, void*)
 .text          0x00000000c001fa54       0x94 hw/fpu/avx.32
                0x00000000c001fa54                AVX::open(int, int, void*)
                0x00000000c001fa68                AVX::close(int, int, void*)
                0x00000000c001fa7c                AVX::available()
                0x00000000c001fa90                AVX::save(void*)
                0x00000000c001faa8                AVX::load(void*)
                0x00000000c001fac0                AVX::AVX()
                0x00000000c001fac0                AVX::AVX()
 .text          0x00000000c001fae8       0x94 hw/fpu/mmx.32
                0x00000000c001fae8                MMX::available()
                0x00000000c001fafc                MMX::open(int, int, void*)
                0x00000000c001fb10                MMX::close(int, int, void*)
                0x00000000c001fb24                MMX::save(void*)
                0x00000000c001fb3c                MMX::load(void*)
                0x00000000c001fb54                MMX::MMX()
                0x00000000c001fb54                MMX::MMX()
 .text          0x00000000c001fb7c       0x9c hw/fpu/sse.32
                0x00000000c001fb7c                SSE::open(int, int, void*)
                0x00000000c001fb90                SSE::close(int, int, void*)
                0x00000000c001fba4                SSE::available()
                0x00000000c001fbc0                SSE::save(void*)
                0x00000000c001fbd8                SSE::load(void*)
                0x00000000c001fbf0                SSE::SSE()
                0x00000000c001fbf0                SSE::SSE()
 .text          0x00000000c001fc18       0x94 hw/fpu/x87.32
                0x00000000c001fc18                x87::open(int, int, void*)
                0x00000000c001fc2c                x87::close(int, int, void*)
                0x00000000c001fc40                x87::available()
                0x00000000c001fc54                x87::save(void*)
                0x00000000c001fc6c                x87::load(void*)
                0x00000000c001fc84                x87::x87()
                0x00000000c001fc84                x87::x87()
 .text          0x00000000c001fcac      0x71e hw/intctrl/apic.32
                0x00000000c001fcac                APIC::disable()
                0x00000000c001fcae                APIC::close(int, int, void*)
                0x00000000c001fcd0                IOAPIC::close(int, int, void*)
                0x00000000c001fcd6                APIC::io_wait()
                0x00000000c001fcdc                APIC::getBase()
                0x00000000c001fd1e                APIC::eoi(unsigned char)
                0x00000000c001fd4c                APIC::open(int, int, void*)
                0x00000000c001fe9a                IOAPIC::IOAPIC()
                0x00000000c001fe9a                IOAPIC::IOAPIC()
                0x00000000c001fec2                APIC::APIC()
                0x00000000c001fec2                APIC::APIC()
                0x00000000c001ff9e                IOAPIC::handlesGSIWithNumber(unsigned int)
                0x00000000c001ffd0                IOAPIC::read(int)
                0x00000000c001fff8                IOAPIC::open(int, int, void*)
                0x00000000c00200ee                IOAPIC::write(int, int)
                0x00000000c002011a                IOAPIC::redirect(unsigned char, unsigned long long, unsigned char, bool, bool)
                0x00000000c0020214                APIC::installIRQHandler(int, void (*)(regs*, void*), bool, void*)
 .text          0x00000000c00203ca      0x3d3 hw/intctrl/pic.32
                0x00000000c00203ca                PIC::disable()
                0x00000000c00203f8                PIC::close(int, int, void*)
                0x00000000c002041a                PIC::PIC()
                0x00000000c002041a                PIC::PIC()
                0x00000000c00204f0                PIC::ioWait()
                0x00000000c00204f6                PIC::getIRQReg(int)
                0x00000000c0020560                PIC::eoi(unsigned char)
                0x00000000c00205f2                PIC::remap()
                0x00000000c002075e                PIC::open(int, int, void*)
 *fill*         0x00000000c002079d        0x3 
 .text          0x00000000c00207a0      0x240 hw/timer/apictimer.32
                0x00000000c00207a0                APICTimer::close(int, int, void*)
                0x00000000c00207a8                apicTimerHandler(regs*, void*)
                0x00000000c00207d0                APICTimer::write(int)
                0x00000000c00208b8                APICTimer::open(int, int, void*)
                0x00000000c00209b8                APICTimer::APICTimer()
                0x00000000c00209b8                APICTimer::APICTimer()
 .text          0x00000000c00209e0      0x1a3 hw/timer/pit.32
                0x00000000c00209e0                PIT::write(int)
                0x00000000c0020a60                pitHandler(regs*, void*)
                0x00000000c0020a84                PIT::open(int, int, void*)
                0x00000000c0020ad4                PIT::close(int, int, void*)
                0x00000000c0020b04                PIT::PIT()
                0x00000000c0020b04                PIT::PIT()
 *fill*         0x00000000c0020b83        0xd 
 .text          0x00000000c0020b90       0x1e hw/fpu/x86/avx.32
                0x00000000c0020b90                avxDetect
                0x00000000c0020b96                avxSave
                0x00000000c0020b97                avxLoad
                0x00000000c0020b98                avxInit
                0x00000000c0020b99                avxClose
                0x00000000c0020b9a                wouldSheSayYes
 *fill*         0x00000000c0020bae        0x2 
 .text          0x00000000c0020bb0       0x35 hw/fpu/x86/sse.32
                0x00000000c0020bb0                absolutelyNoChanceInHell
                0x00000000c0020bb0                sseDetect
                0x00000000c0020bc8                sseSave
                0x00000000c0020bce                sseLoad
                0x00000000c0020bd4                sseInit
                0x00000000c0020be4                sseClose
 *fill*         0x00000000c0020be5        0xb 
 .text          0x00000000c0020bf0       0x4d hw/fpu/x86/x87.32
                0x00000000c0020bf6                x87Detect
                0x00000000c0020c11                x87Save
                0x00000000c0020c1a                x87Load
                0x00000000c0020c22                x87Init
                0x00000000c0020c3c                x87Close
 *fill*         0x00000000c0020c3d        0x3 
 .text          0x00000000c0020c40       0x25 /cygdrive/d/Users/Alex/Desktop/Toolchain/Output/bin/../lib/gcc/i386-banana/8.1.0/crtend.o
 .text          0x00000000c0020c65        0x0 crtn.32
 *fill*         0x00000000c0020c65        0x3 
 .text          0x00000000c0020c68      0x14b /cygdrive/d/Users/Alex/Desktop/Toolchain/Output/bin/../lib/gcc/i386-banana/8.1.0/libkgcc.a(_divdi3.o)
                0x00000000c0020c68                __divdi3
 *fill*         0x00000000c0020db3        0x1 
 .text          0x00000000c0020db4      0x17e /cygdrive/d/Users/Alex/Desktop/Toolchain/Output/bin/../lib/gcc/i386-banana/8.1.0/libkgcc.a(_moddi3.o)
                0x00000000c0020db4                __moddi3
 *fill*         0x00000000c0020f32        0x2 
 .text          0x00000000c0020f34       0xff /cygdrive/d/Users/Alex/Desktop/Toolchain/Output/bin/../lib/gcc/i386-banana/8.1.0/libkgcc.a(_udivdi3.o)
                0x00000000c0020f34                __udivdi3
 *fill*         0x00000000c0021033        0x1 
 .text          0x00000000c0021034      0x11a /cygdrive/d/Users/Alex/Desktop/Toolchain/Output/bin/../lib/gcc/i386-banana/8.1.0/libkgcc.a(_umoddi3.o)
                0x00000000c0021034                __umoddi3
 *(.gnu.linkonce.t*)

.iplt           0x00000000c0021150        0x0
 .iplt          0x00000000c0021150        0x0 D:/Users/Alex/Desktop/Banana/kernel/boot.32

.init           0x00000000c002114e        0xf
 .init          0x00000000c002114e        0x3 crti.32
                0x00000000c002114e                _init
 .init          0x00000000c0021151        0x5 /cygdrive/d/Users/Alex/Desktop/Toolchain/Output/bin/../lib/gcc/i386-banana/8.1.0/crtbegin.o
 .init          0x00000000c0021156        0x5 /cygdrive/d/Users/Alex/Desktop/Toolchain/Output/bin/../lib/gcc/i386-banana/8.1.0/crtend.o
 .init          0x00000000c002115b        0x2 crtn.32

.fini           0x00000000c002115d        0xa
 .fini          0x00000000c002115d        0x3 crti.32
                0x00000000c002115d                _fini
 .fini          0x00000000c0021160        0x5 /cygdrive/d/Users/Alex/Desktop/Toolchain/Output/bin/../lib/gcc/i386-banana/8.1.0/crtbegin.o
 .fini          0x00000000c0021165        0x2 crtn.32

.text._ZN8ComputerD2Ev
                0x00000000c0021168       0x23
 .text._ZN8ComputerD2Ev
                0x00000000c0021168       0x23 core/computer.32
                0x00000000c0021168                Computer::~Computer()
                0x00000000c0021168                Computer::~Computer()

.text._ZN8ComputerD0Ev
                0x00000000c002118c       0x2a
 .text._ZN8ComputerD0Ev
                0x00000000c002118c       0x2a core/computer.32
                0x00000000c002118c                Computer::~Computer()

.text._Z10idleCommonv
                0x00000000c00211b6       0x21
 .text._Z10idleCommonv
                0x00000000c00211b6       0x21 core/idle.32
                0x00000000c00211b6                idleCommon()

.text._ZN10LinkedListI8UnixFileED2Ev
                0x00000000c00211d8        0x2
 .text._ZN10LinkedListI8UnixFileED2Ev
                0x00000000c00211d8        0x2 core/unixfile.32
                0x00000000c00211d8                LinkedList<UnixFile>::~LinkedList()
                0x00000000c00211d8                LinkedList<UnixFile>::~LinkedList()

.text._ZN10LinkedListI8UnixFileEC2Ev
                0x00000000c00211da       0x42
 .text._ZN10LinkedListI8UnixFileEC2Ev
                0x00000000c00211da       0x42 core/unixfile.32
                0x00000000c00211da                LinkedList<UnixFile>::LinkedList()
                0x00000000c00211da                LinkedList<UnixFile>::LinkedList()

.text._ZN10LinkedListI8UnixFileE10addElementEPS0_
                0x00000000c002121c       0xd3
 .text._ZN10LinkedListI8UnixFileE10addElementEPS0_
                0x00000000c002121c       0xd3 core/unixfile.32
                0x00000000c002121c                LinkedList<UnixFile>::addElement(UnixFile*)

.text._ZN10LinkedListI8UnixFileE15getFirstElementEv
                0x00000000c00212f0        0x7
 .text._ZN10LinkedListI8UnixFileE15getFirstElementEv
                0x00000000c00212f0        0x7 core/unixfile.32
                0x00000000c00212f0                LinkedList<UnixFile>::getFirstElement()

.text._ZN10LinkedListI8UnixFileE11removeFirstEv