Archive member included to satisfy reference by file (symbol)

/cygdrive/d/Users/Alex/Desktop/Toolchain/Output/bin/../lib/gcc/i386-banana/8.1.0/libkgcc.a(_divdi3.o)
                              krnl/resolve.32 (__divdi3)
/cygdrive/d/Users/Alex/Desktop/Toolchain/Output/bin/../lib/gcc/i386-banana/8.1.0/libkgcc.a(_moddi3.o)
                              krnl/resolve.32 (__moddi3)
/cygdrive/d/Users/Alex/Desktop/Toolchain/Output/bin/../lib/gcc/i386-banana/8.1.0/libkgcc.a(_udivdi3.o)
                              hal/clock.32 (__udivdi3)
/cygdrive/d/Users/Alex/Desktop/Toolchain/Output/bin/../lib/gcc/i386-banana/8.1.0/libkgcc.a(_umoddi3.o)
                              core/pipe.32 (__umoddi3)

Allocating common symbols
Common symbol       size              file

dcache              0x40              fs/iso9660/iso9660.32
cdDriveLetter       0x1               fs/iso9660/iso9660.32
icache              0x40              fs/iso9660/iso9660.32

Discarded input sections

 .comment       0x0000000000000000       0x12 /cygdrive/d/Users/Alex/Desktop/Toolchain/Output/bin/../lib/gcc/i386-banana/8.1.0/crtbegin.o
 .comment       0x0000000000000000       0x12 acpica/utclib.32
 .comment       0x0000000000000000       0x12 core/malloc.32
 .comment       0x0000000000000000       0x12 libk/ctype.32
 .comment       0x0000000000000000       0x12 libk/string.32
 .comment       0x0000000000000000       0x12 fs/fat/diskio.32
 .comment       0x0000000000000000       0x12 fs/fat/ff.32
 .comment       0x0000000000000000       0x12 fs/fat/ffsystem.32
 .comment       0x0000000000000000       0x12 fs/fat/ffunicode.32
 .comment       0x0000000000000000       0x12 fs/iso9660/iso9660.32
 .group         0x0000000000000000       0x14 core/computer.32
 .group         0x0000000000000000        0xc core/computer.32
 .comment       0x0000000000000000       0x12 core/computer.32
 .comment       0x0000000000000000       0x12 core/gdt.32
 .group         0x0000000000000000        0xc core/idle.32
 .comment       0x0000000000000000       0x12 core/idle.32
 .comment       0x0000000000000000       0x12 core/idt.32
 .comment       0x0000000000000000       0x12 core/kheap.32
 .comment       0x0000000000000000       0x12 core/main.32
 .comment       0x0000000000000000       0x12 core/physmgr.32
 .group         0x0000000000000000        0xc core/pipe.32
 .comment       0x0000000000000000       0x12 core/pipe.32
 .group         0x0000000000000000        0xc core/terminal.32
 .comment       0x0000000000000000       0x12 core/terminal.32
 .comment       0x0000000000000000       0x12 core/tss.32
 .group         0x0000000000000000        0x8 core/unixfile.32
 .group         0x0000000000000000        0x8 core/unixfile.32
 .group         0x0000000000000000        0xc core/unixfile.32
 .group         0x0000000000000000        0x8 core/unixfile.32
 .group         0x0000000000000000        0xc core/unixfile.32
 .group         0x0000000000000000        0x8 core/unixfile.32
 .group         0x0000000000000000        0xc core/unixfile.32
 .group         0x0000000000000000        0xc core/unixfile.32
 .comment       0x0000000000000000       0x12 core/unixfile.32
 .comment       0x0000000000000000       0x12 core/virtmgr.32
 .comment       0x0000000000000000       0x12 coreobjs/c++.32
 .comment       0x0000000000000000       0x12 dbg/kconsole.32
 .group         0x0000000000000000        0xc fs/vfs.32
 .group         0x0000000000000000        0xc fs/vfs.32
 .group         0x0000000000000000        0xc fs/vfs.32
 .comment       0x0000000000000000       0x12 fs/vfs.32
 .group         0x0000000000000000        0xc hal/bus.32
 .comment       0x0000000000000000       0x12 hal/bus.32
 .comment       0x0000000000000000       0x12 hal/buzzer.32
 .group         0x0000000000000000        0xc hal/clock.32
 .comment       0x0000000000000000       0x12 hal/clock.32
 .group         0x0000000000000000       0x14 hal/device.32
 .group         0x0000000000000000        0xc hal/device.32
 .group         0x0000000000000000        0x8 hal/device.32
 .group         0x0000000000000000        0xc hal/device.32
 .group         0x0000000000000000        0xc hal/device.32
 .comment       0x0000000000000000       0x12 hal/device.32
 .group         0x0000000000000000        0xc hal/diskctrl.32
 .comment       0x0000000000000000       0x12 hal/diskctrl.32
 .group         0x0000000000000000        0xc hal/diskphys.32
 .comment       0x0000000000000000       0x12 hal/diskphys.32
 .comment       0x0000000000000000       0x12 hal/fpu.32
 .comment       0x0000000000000000       0x12 hal/intctrl.32
 .group         0x0000000000000000        0xc hal/keybrd.32
 .comment       0x0000000000000000       0x12 hal/keybrd.32
 .group         0x0000000000000000        0xc hal/logidisk.32
 .comment       0x0000000000000000       0x12 hal/logidisk.32
 .group         0x0000000000000000        0xc hal/mouse.32
 .comment       0x0000000000000000       0x12 hal/mouse.32
[...]
Memory Configuration

Name             Origin             Length             Attributes
*default*        0x0000000000000000 0xffffffffffffffff

Linker script and memory map

LOAD D:/Users/Alex/Desktop/Banana/kernel/boot.32
LOAD crti.32
LOAD /cygdrive/d/Users/Alex/Desktop/Toolchain/Output/bin/../lib/gcc/i386-banana/8.1.0/crtbegin.o
LOAD D:/Users/Alex/Desktop/Banana/kernel/morenasm.32
LOAD acpica/utclib.32
LOAD core/malloc.32
LOAD libk/ctype.32
LOAD libk/string.32
LOAD fs/fat/diskio.32
LOAD fs/fat/ff.32
LOAD fs/fat/ffsystem.32
LOAD fs/fat/ffunicode.32
LOAD fs/iso9660/iso9660.32
LOAD core/computer.32
LOAD core/gdt.32
LOAD core/idle.32
LOAD core/idt.32
LOAD core/kheap.32
LOAD core/main.32
LOAD core/physmgr.32
LOAD core/pipe.32
LOAD core/terminal.32
LOAD core/tss.32
LOAD core/unixfile.32
LOAD core/virtmgr.32
LOAD coreobjs/c++.32
LOAD dbg/kconsole.32
LOAD fs/vfs.32
LOAD hal/bus.32
LOAD hal/buzzer.32
LOAD hal/clock.32
LOAD hal/device.32
LOAD hal/diskctrl.32
LOAD hal/diskphys.32
LOAD hal/fpu.32
LOAD hal/intctrl.32
LOAD hal/keybrd.32
LOAD hal/logidisk.32
LOAD hal/mouse.32
LOAD hal/partition.32
LOAD hal/serial.32
LOAD hal/timer.32
LOAD hal/vcache.32
LOAD hal/video.32
LOAD hw/acpi.32
LOAD hw/cpu.32
LOAD krnl/bootmsg.32
LOAD krnl/env.32
LOAD krnl/inlines.32
LOAD krnl/panic.32
LOAD krnl/powctrl.32
LOAD krnl/resolve.32
LOAD krnl/syscalls.32
LOAD reg/registry.32
LOAD sys/eject.32
LOAD sys/exit.32
LOAD sys/getcwd.32
LOAD sys/getpid.32
LOAD sys/getramdata.32
LOAD sys/getvgaptr.32
LOAD sys/loaddll.32
LOAD sys/read.32
LOAD sys/sbrk.32
LOAD sys/setcwd.32
LOAD sys/settime.32
LOAD sys/timezone.32
LOAD sys/write.32
LOAD sys/wsbe.32
LOAD sys/yield.32
LOAD thr/elf.32
LOAD thr/prcssthr.32
LOAD vm86/vm8086.32
LOAD arch/i386/hal.32
LOAD arch/i386/pic.32
LOAD arch/i386/rtc.32
LOAD arch/i386/vga.32
LOAD fs/fat/vfslink.32
LOAD fs/iso9660/helper.32
LOAD fs/iso9660/vfslink.32
LOAD hal/sound/sndcard.32
LOAD hal/sound/sndport.32
LOAD hw/bus/isa.32
LOAD hw/bus/pci.32
LOAD hw/diskctrl/ide.32
LOAD hw/diskctrl/satabus.32
LOAD hw/diskphys/ata.32
LOAD hw/diskphys/atapi.32
LOAD hw/diskphys/sata.32
LOAD hw/diskphys/satapi.32
LOAD hw/intctrl/apic.32
LOAD hw/timer/apictimer.32
LOAD hw/timer/pit.32
LOAD arch/i386/avx.32
LOAD arch/i386/interrupt.32
LOAD arch/i386/rdrand.32
LOAD arch/i386/sse.32
LOAD arch/i386/x87.32
LOAD /cygdrive/d/Users/Alex/Desktop/Toolchain/Output/bin/../lib/gcc/i386-banana/8.1.0/crtend.o
LOAD crtn.32
LOAD /cygdrive/d/Users/Alex/Desktop/Toolchain/Output/bin/../lib/gcc/i386-banana/8.1.0/libkgcc.a
LOAD D:/Users/Alex/Desktop/Banana/kernel/libsoftfp.a
LOAD D:/Users/Alex/Desktop/Banana/kernel/libk/libm32.a
                0x00000000c0000000                . = 0xc0000000

.text           0x00000000c0000000    0x1beaa
 *(.text)
 .text          0x00000000c0000000       0x20 D:/Users/Alex/Desktop/Banana/kernel/boot.32
 .text          0x00000000c0000020        0x0 crti.32
 .text          0x00000000c0000020      0x101 /cygdrive/d/Users/Alex/Desktop/Toolchain/Output/bin/../lib/gcc/i386-banana/8.1.0/crtbegin.o
 *fill*         0x00000000c0000121        0xf 
 .text          0x00000000c0000130      0x252 D:/Users/Alex/Desktop/Banana/kernel/morenasm.32
                0x00000000c0000130                manualPCIProbe
                0x00000000c000017b                prepareTramp
                0x00000000c0000194                doTPAUSE
                0x00000000c000019e                hasLegacyFPU
                0x00000000c00001c3                is486
                0x00000000c00001f9                detectCPUID
                0x00000000c000020f                goToVM86
                0x00000000c000023f                goToUsermode
                0x00000000c0000269                switchToThreadASMFirstTime
                0x00000000c0000277                switchToThreadASM
                0x00000000c00002ff                asmQuickAcquireLock
                0x00000000c000031d                asmQuickReleaseLock
                0x00000000c0000329                asmAcquireLock
                0x00000000c000034a                asmReleaseLock
                0x00000000c000035d                loadGDT
                0x00000000c000037d                memcpy
 *fill*         0x00000000c0000382        0xe 
 .text          0x00000000c0000390      0x79e acpica/utclib.32
                0x00000000c0000390                memcmp
                0x00000000c00003e0                memmove
                0x00000000c00004d0                memset
                0x00000000c0000540                strlen
                0x00000000c0000570                strpbrk
                0x00000000c00005b0                strtok
                0x00000000c0000600                strcpy
                0x00000000c0000630                strncpy
                0x00000000c00006e0                strcmp
                0x00000000c0000730                strchr
                0x00000000c0000760                strncmp
                0x00000000c00007c0                strcat
                0x00000000c00007f0                strncat
                0x00000000c0000850                strstr
                0x00000000c00008b0                toupper
                0x00000000c00008d0                tolower
                0x00000000c00008f0                simple_strtoul
 .text          0x00000000c0000b2e      0xfad core/malloc.32
                0x00000000c0000c99                dlfree
                0x00000000c0000ff4                dlmalloc
                0x00000000c0001531                dlrealloc
                0x00000000c00016d4                dlmemalign
                0x00000000c00017f7                dlcalloc
                0x00000000c0001891                dlcfree
                0x00000000c0001896                dlindependent_calloc
                0x00000000c00018bb                dlindependent_comalloc
                0x00000000c00018d2                dlvalloc
                0x00000000c00018fd                dlpvalloc
                0x00000000c0001933                dlmalloc_trim
                0x00000000c0001940                dlmalloc_usable_size
                0x00000000c0001971                dlmallinfo
                0x00000000c0001a40                dlmalloc_stats
                0x00000000c0001a51                dlmallopt
 *fill*         0x00000000c0001adb        0x1 
 .text          0x00000000c0001adc      0x1f2 libk/ctype.32
                0x00000000c0001adc                isblank
                0x00000000c0001afc                iscntrl
                0x00000000c0001b1c                isdigit
                0x00000000c0001b38                islower
                0x00000000c0001b54                isspace
                0x00000000c0001b7c                isupper
                0x00000000c0001b98                isalpha
                0x00000000c0001bc8                isalnum
                0x00000000c0001bf8                ispunct
                0x00000000c0001c38                isgraph
                0x00000000c0001c68                isprint
                0x00000000c0001c90                isxdigit
 .text          0x00000000c0001cce        0x0 libk/string.32
 .text          0x00000000c0001cce       0x51 fs/fat/diskio.32
                0x00000000c0001cce                disk_status
                0x00000000c0001cd1                disk_initialize
                0x00000000c0001cd4                disk_read
                0x00000000c0001cea                disk_write
                0x00000000c0001d00                disk_ioctl
 .text          0x00000000c0001d1f     0x3d4b fs/fat/ff.32
                0x00000000c0003abb                f_mount
                0x00000000c0003b1d                f_open
                0x00000000c0003de8                f_read
                0x00000000c0003fe7                f_write
                0x00000000c000421b                f_sync
                0x00000000c00042d0                f_close
                0x00000000c00042ff                f_lseek
                0x00000000c00044a6                f_opendir
                0x00000000c0004571                f_closedir
                0x00000000c0004593                f_readdir
                0x00000000c0004625                f_stat
                0x00000000c00046a4                f_getfree
                0x00000000c00047a6                f_truncate
                0x00000000c000488a                f_unlink
                0x00000000c00049ac                f_mkdir
                0x00000000c0004b47                f_rename
                0x00000000c0004cfd                f_chmod
                0x00000000c0004da6                f_utime
                0x00000000c0004e54                f_getlabel
                0x00000000c0004fa5                f_setlabel
                0x00000000c0005135                f_expand
                0x00000000c0005295                f_mkfs
 *fill*         0x00000000c0005a6a        0x2 
 .text          0x00000000c0005a6c       0x2f fs/fat/ffsystem.32
                0x00000000c0005a6c                ff_memalloc
                0x00000000c0005a84                ff_memfree
 *fill*         0x00000000c0005a9b        0x1 
 .text          0x00000000c0005a9c      0x2a8 fs/fat/ffunicode.32
                0x00000000c0005a9c                ff_uni2oem
                0x00000000c0005b3c                ff_oem2uni
                0x00000000c0005bb4                ff_wtoupper
 .text          0x00000000c0005d44      0xc76 fs/iso9660/iso9660.32
                0x00000000c0005f63                isoReadDiscSector
                0x00000000c0005ffe                strnicmp
                0x00000000c00062b1                stricmp
                0x00000000c00062fd                iso_open
                0x00000000c0006387                iso_close
                0x00000000c00063a5                iso_read
                0x00000000c00064bb                iso_seek
                0x00000000c000653f                iso_tell
                0x00000000c0006570                iso_total
                0x00000000c000659b                fn_postprocess
                0x00000000c00065c1                iso_readdir
                0x00000000c00067b2                iso_reset
                0x00000000c00067bf                init_percd
                0x00000000c00068b9                iso_ioctl
                0x00000000c00068c1                fs_iso9660_init
                0x00000000c000694a                fs_iso9660_shutdown
 .text          0x00000000c00069ba      0x685 core/computer.32
                0x00000000c00069ba                Computer::close(int, int, void*)
                0x00000000c00069ff                Krnl::firstTask()
                0x00000000c0006b32                Computer::Computer()
                0x00000000c0006b32                Computer::Computer()
                0x00000000c0006be4                Computer::setBootMessage(char const*)
                0x00000000c0006be6                Computer::detectFeatures()
                0x00000000c0006df0                Computer::displayFeatures()
                0x00000000c0006df2                Computer::rdmsr(unsigned int)
                0x00000000c0006e1e                Computer::wrmsr(unsigned int, unsigned long long)
                0x00000000c0006e56                Computer::shutdown()
                0x00000000c0006e6e                Computer::restart()
                0x00000000c0006e86                Computer::sleep()
                0x00000000c0006e9a                Computer::nmiEnabled()
                0x00000000c0006ea6                Computer::readCMOS(unsigned char)
                0x00000000c0006ec0                Computer::enableNMI(bool)
                0x00000000c0006ed8                Computer::open(int, int, void*)
                0x00000000c0006fac                Computer::disableNMI()
                0x00000000c0006fbc                Computer::writeCMOS(unsigned char, unsigned char)
                0x00000000c0006fda                Computer::handleNMI()
 *fill*         0x00000000c000703f        0x1 
 .text          0x00000000c0007040      0x1cf core/gdt.32
                0x00000000c0007040                GDTEntry::setBase(unsigned int)
                0x00000000c000705c                GDTEntry::setLimit(unsigned int)
                0x00000000c000707a                GDT::GDT()
                0x00000000c000707a                GDT::GDT()
                0x00000000c0007090                GDT::addEntry(GDTEntry)
                0x00000000c00070b2                GDT::getNumberOfEntries()
                0x00000000c00070ba                GDT::flush()
                0x00000000c00070dc                GDT::setup()
 .text          0x00000000c000720f       0x1d core/idle.32
                0x00000000c000720f                idleFunction(void*)
 .text          0x00000000c000722c      0x464 core/idt.32
                0x00000000c000722c                IDTEntry::IDTEntry(bool)
                0x00000000c000722c                IDTEntry::IDTEntry(bool)
                0x00000000c000729e                IDTEntry::setOffset(unsigned int)
                0x00000000c00072b4                IDT::IDT()
                0x00000000c00072b4                IDT::IDT()
                0x00000000c00072b6                IDT::getPointerToInvalidOpcodeEntryForF00F()
                0x00000000c00072be                IDT::addEntry(IDTEntry, int)
                0x00000000c00072d8                IDT::addEntry(int, void (*)(), bool)
                0x00000000c0007310                IDT::flush()
                0x00000000c000732a                IDT::setup()
 .text          0x00000000c0007690      0x183 core/kheap.32
                0x00000000c0007690                sbrk
                0x00000000c0007725                mmap
                0x00000000c000773b                munmap
                0x00000000c0007751                liballoc_lock()
                0x00000000c000775e                liballoc_unlock()
                0x00000000c0007772                liballoc_alloc(int)
                0x00000000c000778a                liballoc_free(void*, int)
                0x00000000c00077a5                realloc
                0x00000000c00077b9                malloc
                0x00000000c00077c9                free
                0x00000000c00077d9                rfree
                0x00000000c00077e9                calloc
 .text          0x00000000c0007813       0xc3 core/main.32
                0x00000000c0007813                KeEntryPoint
 .text          0x00000000c00078d6      0x5dc core/physmgr.32
                0x00000000c00078d6                Phys::allocateDMA(unsigned long)
                0x00000000c00079ad                Phys::freeDMA(unsigned long, unsigned long)
                0x00000000c00079e0                Phys::setPageState(unsigned long, bool)
                0x00000000c0007a12                Phys::getPageState(unsigned long)
                0x00000000c0007a33                Phys::freePage(unsigned long)
                0x00000000c0007a95                Phys::allocatePage()
                0x00000000c0007b53                Phys::allocateContiguousPages(int)
                0x00000000c0007baf                Phys::allowSegmentToBeUsed(unsigned long, unsigned long)
                0x00000000c0007be7                Phys::physicalMemorySetup(unsigned int)
 .text          0x00000000c0007eb2      0x273 core/pipe.32
                0x00000000c0007eb2                Pipe::isAtty()
                0x00000000c0007eb6                Pipe::~Pipe()
                0x00000000c0007eb6                Pipe::~Pipe()
                0x00000000c0007eda                Pipe::~Pipe()
                0x00000000c0007f02                Pipe::write(unsigned long long, void*, int*)
                0x00000000c0007fc2                Pipe::read(unsigned long long, void*, int*)
                0x00000000c00080be                Pipe::Pipe(int)
                0x00000000c00080be                Pipe::Pipe(int)
 *fill*         0x00000000c0008125        0x1 
 .text          0x00000000c0008126      0xad0 core/terminal.32
                0x00000000c0008126                VgaText::isAtty()
                0x00000000c000812a                VgaText::~VgaText()
                0x00000000c000812a                VgaText::~VgaText()
                0x00000000c000814e                VgaText::~VgaText()
                0x00000000c0008178                VgaText::read(unsigned long long, void*, int*)
                0x00000000c0008198                setTerminalScrollLock(bool)
                0x00000000c0008199                doTerminalCycle()
                0x00000000c000819a                addToTerminalCycle(VgaText*)
                0x00000000c000819b                scrollTerminalScrollLock(int)
                0x00000000c000819c                VgaText::updateTitle()
                0x00000000c000819e                VgaText::load()
                0x00000000c00081a0                VgaText::updateCursor()
                0x00000000c00081b6                VgaText::doANSI_SGR(int)
                0x00000000c000822a                VgaText::setDefaultBgColour(VgaColour)
                0x00000000c000823a                VgaText::setDefaultFgColour(VgaColour)
                0x00000000c000824a                VgaText::setDefaultColours(VgaColour, VgaColour)
                0x00000000c000826a                VgaText::setTitleTextColour(VgaColour)
                0x00000000c0008276                VgaText::setTitleColour(VgaColour)
                0x00000000c0008282                VgaText::setTitle(char*)
                0x00000000c0008284                VgaText::combineColours(unsigned char, unsigned char)
                0x00000000c0008296                VgaText::scrollScreen()
                0x00000000c000832e                VgaText::combineCharAndColour(char, unsigned char)
                0x00000000c0008340                VgaText::writeCharacter(char, VgaColour, VgaColour, int, int)
                0x00000000c00083d0                VgaText::getCursorX()
                0x00000000c00083d8                VgaText::getCursorY()
                0x00000000c00083e0                VgaText::setCursor(int, int)
                0x00000000c00083f7                setActiveTerminal(VgaText*)
                0x00000000c0008442                VgaText::clearScreen()
                0x00000000c0008490                VgaText::setCursorX(int)
                0x00000000c00084a8                VgaText::setCursorY(int)
                0x00000000c00084c0                VgaText::incrementCursor(bool)
                0x00000000c0008514                VgaText::decrementCursor(bool)
                0x00000000c0008536                VgaText::putchar(char, VgaColour, VgaColour)
                0x00000000c0008604                VgaText::putchar(char)
                0x00000000c00086f0                VgaText::putx(unsigned int)
                0x00000000c0008736                VgaText::puts(char const*)
                0x00000000c000875c                VgaText::write(unsigned long long, void*, int*)
                0x00000000c00087a8                VgaText::puts(char const*, VgaColour, VgaColour)
                0x00000000c00088fa                VgaText::VgaText(char const*)
                0x00000000c00088fa                VgaText::VgaText(char const*)
                0x00000000c0008a46                VgaText::receiveKey(unsigned char)
                0x00000000c0008bd0                VgaText::doUpdate()
                0x00000000c0008bd1                newTerminal(char*)
 *fill*         0x00000000c0008bf6        0x2 
 .text          0x00000000c0008bf8      0x1a1 core/tss.32
                0x00000000c0008bf8                TSS::TSS()
                0x00000000c0008bf8                TSS::TSS()
                0x00000000c0008c08                TSS::setESP(unsigned long)
                0x00000000c0008c1c                TSS::flush()
                0x00000000c0008c3c                TSS::setup(unsigned long, unsigned long)
 *fill*         0x00000000c0008d99        0x1 
 .text          0x00000000c0008d9a      0x4c2 core/unixfile.32
                0x00000000c0008d9a                ReservedFilename::read(unsigned long long, void*, int*)
                0x00000000c0008df0                ReservedFilename::isAtty()
                0x00000000c0008e0c                ReservedFilename::write(unsigned long long, void*, int*)
                0x00000000c0008e6a                UnixFile::getFileDescriptor()
                0x00000000c0008e72                UnixFile::UnixFile(int)
                0x00000000c0008e72                UnixFile::UnixFile(int)
                0x00000000c0009022                ReservedFilename::ReservedFilename(int)
                0x00000000c0009022                ReservedFilename::ReservedFilename(int)
                0x00000000c0009054                UnixFile::~UnixFile()
                0x00000000c0009054                UnixFile::~UnixFile()
                0x00000000c00090ec                UnixFile::~UnixFile()
                0x00000000c0009114                ReservedFilename::~ReservedFilename()
                0x00000000c0009114                ReservedFilename::~ReservedFilename()
                0x00000000c0009138                ReservedFilename::~ReservedFilename()
                0x00000000c000915f                getFromFileDescriptor(int)
 .text          0x00000000c000925c     0x1166 core/virtmgr.32
                0x00000000c000925c                Virt::setPageState(unsigned long, Virt::VirtPageState)
                0x00000000c0009291                Virt::getPageState(unsigned long)
                0x00000000c00092b5                Virt::allocateKernelVirtualPages(int)
                0x00000000c00093c6                Virt::freeSwapfilePage(unsigned long)
                0x00000000c00093e4                Virt::swapIDToSector(unsigned long)
                0x00000000c00093f6                Virt::allocateSwapfilePage()
                0x00000000c0009474                Virt::virtualMemorySetup()
                0x00000000c00094bf                Virt::setupPageSwapping(int)
                0x00000000c0009530                VAS::VAS()
                0x00000000c0009530                VAS::VAS()
                0x00000000c000956c                VAS::VAS(VAS*)
                0x00000000c000956c                VAS::VAS(VAS*)
                0x00000000c000959a                VAS::getForeignPageTableEntry(bool, unsigned long)
                0x00000000c00095c6                VAS::getPageTableEntry(unsigned long)
                0x00000000c00095e5                Virt::freeKernelVirtualPages(unsigned long)
                0x00000000c000970a                VAS::freeAllocatedPages(unsigned long)
                0x00000000c000972e                VAS::virtualToPhysical(unsigned long)
                0x00000000c0009748                VAS::reflagRange(unsigned long, int, int, int)
                0x00000000c0009788                VAS::setToWriteCombining(unsigned long, int)
                0x00000000c00097bc                VAS::mapOtherVASIn(bool, VAS*)
                0x00000000c00097e6                VAS::~VAS()
                0x00000000c00097e6                VAS::~VAS()
                0x00000000c000994a                VAS::mapPage(unsigned long, unsigned long, int)
                0x00000000c0009a4e                VAS::allocatePages(int, int)
                0x00000000c0009c26                VAS::setCPUSpecific(unsigned long)
                0x00000000c0009c44                VAS::mapRange(unsigned long, unsigned long, int, int)
                0x00000000c0009d0a                VAS::mapForeignPage(bool, VAS*, unsigned long, unsigned long, int)
                0x00000000c0009df8                VAS::VAS(bool)
                0x00000000c0009df8                VAS::VAS(bool)
                0x00000000c000a078                VAS::evict(unsigned long)
                0x00000000c000a13a                VAS::tryLoadBackOffDisk(unsigned long)
                0x00000000c000a228                VAS::scanForEviction()
                0x00000000c000a308                mapVASFirstTime
 .text          0x00000000c000a3c2       0x5f coreobjs/c++.32
                0x00000000c000a3c2                __cxa_atexit
                0x00000000c000a3c5                __cxa_finalize
                0x00000000c000a3c6                __stack_chk_fail
                0x00000000c000a3fc                __cxa_pure_virtual
                0x00000000c000a40d                operator new[](unsigned long)
                0x00000000c000a412                operator delete(void*, unsigned long)
                0x00000000c000a417                operator delete[](void*)
                0x00000000c000a41c                operator delete[](void*, unsigned long)
 .text          0x00000000c000a421      0x21c dbg/kconsole.32
                0x00000000c000a421                Dbg::stringifyxWithBase(unsigned int, char*, int)
                0x00000000c000a48c                Dbg::logc(char)
                0x00000000c000a4ac                Dbg::logs(char*)
                0x00000000c000a4c9                Dbg::logWriteInt(unsigned int)
                0x00000000c000a4e7                Dbg::logWriteIntBase(unsigned int, int)
                0x00000000c000a508                Dbg::kprintf(char const*, ...)
 *fill*         0x00000000c000a63d        0x1 
 .text          0x00000000c000a63e      0xc5c fs/vfs.32
                0x00000000c000a63e                File::read(unsigned long long, void*, int*)
                0x00000000c000a696                File::write(unsigned long long, void*, int*)
                0x00000000c000a6ee                Directory::read(unsigned long long, void*, int*)
                0x00000000c000a746                Directory::write(unsigned long long, void*, int*)
                0x00000000c000a774                File::isAtty()
                0x00000000c000a778                Directory::isAtty()
                0x00000000c000a77c                Filesystem::getlabel(LogicalDisk*, int, char*, unsigned int*)
                0x00000000c000a782                Filesystem::setlabel(LogicalDisk*, int, char*)
                0x00000000c000a788                Filesystem::allocateSwapfile(char const*, int)
                0x00000000c000a78e                File::~File()
                0x00000000c000a78e                File::~File()
                0x00000000c000a7b2                File::~File()
                0x00000000c000a7dc                Directory::~Directory()
                0x00000000c000a7dc                Directory::~Directory()
                0x00000000c000a800                Directory::~Directory()
                0x00000000c000a82a                Filesystem::Filesystem()
                0x00000000c000a82a                Filesystem::Filesystem()
                0x00000000c000a84e                Filesystem::~Filesystem()
                0x00000000c000a84e                Filesystem::~Filesystem()
                0x00000000c000a85c                Filesystem::~Filesystem()
                0x00000000c000a880                Fs::getcwd(Process*, char*, int)
                0x00000000c000a8aa                Fs::initVFS()
                0x00000000c000a8d4                Fs::standardiseFiles(char*, char const*, char const*)
                0x00000000c000aa7e                File::File(char const*, Process*)
                0x00000000c000aa7e                File::File(char const*, Process*)
                0x00000000c000ab3e                File::open(FileOpenMode)
                0x00000000c000ab9c                File::close()
                0x00000000c000abfc                File::seek(unsigned long long)
                0x00000000c000ac52                File::tell(unsigned long long*)
                0x00000000c000aca2                File::rewind()
                0x00000000c000acb6                File::unlink()
                0x00000000c000ad02                File::rename(char const*)
                0x00000000c000ad50                File::chfatattr(unsigned char, unsigned char)
                0x00000000c000adac                File::exists()
                0x00000000c000adea                File::stat(unsigned long long*, bool*)
                0x00000000c000ae4b                Fs::setcwd(Process*, char*)
                0x00000000c000afa8                Directory::Directory(char const*, Process*)
                0x00000000c000afa8                Directory::Directory(char const*, Process*)
                0x00000000c000b068                Directory::open()
                0x00000000c000b0c4                Directory::close()
                0x00000000c000b124                Directory::unlink()
                0x00000000c000b170                Directory::rename(char const*)
                0x00000000c000b1be                Directory::exists()
                0x00000000c000b1fc                Directory::read(dirent*)
                0x00000000c000b248                Directory::create()
                0x00000000c000b294                Filesystem::chfatattr(char const*, unsigned char, unsigned char)
 *fill*         0x00000000c000b29a        0x2 
 .text          0x00000000c000b29c       0x86 hal/bus.32
                0x00000000c000b29c                Bus::Bus(char const*)
                0x00000000c000b29c                Bus::Bus(char const*)
                0x00000000c000b2d4                Bus::~Bus()
                0x00000000c000b2d4                Bus::~Bus()
                0x00000000c000b2f8                Bus::~Bus()
 .text          0x00000000c000b322       0x96 hal/buzzer.32
                0x00000000c000b322                beepThread(void*)
                0x00000000c000b35f                Krnl::beep(int, int, bool)
 .text          0x00000000c000b3b8      0x46d hal/clock.32
                0x00000000c000b3b8                User::loadClockSettings(int)
                0x00000000c000b40a                Clock::Clock(char const*)
                0x00000000c000b40a                Clock::Clock(char const*)
                0x00000000c000b440                Clock::~Clock()
                0x00000000c000b440                Clock::~Clock()
                0x00000000c000b464                Clock::~Clock()
                0x00000000c000b48e                Clock::timeInSecondsLocal()
                0x00000000c000b4d6                Clock::setTimeInSecondsLocal(unsigned long long)
                0x00000000c000b52f                datetimeToSeconds(datetime_t)
                0x00000000c000b65c                Clock::setTimeInDatetimeLocal(datetime_t)
                0x00000000c000b6bc                secondsToDatetime(unsigned long long)
                0x00000000c000b800                Clock::timeInDatetimeLocal()
 *fill*         0x00000000c000b825        0x1 
 .text          0x00000000c000b826      0x464 hal/device.32
                0x00000000c000b826                Device::hibernate()
                0x00000000c000b828                Device::wake()
                0x00000000c000b82a                Device::detect()
                0x00000000c000b82c                Device::disableLegacy()
                0x00000000c000b82e                Device::powerSaving(PowerSavingLevel)
                0x00000000c000b830                DriverlessDevice::close(int, int, void*)
                0x00000000c000b834                DriverlessDevice::detect()
                0x00000000c000b836                DriverlessDevice::open(int, int, void*)
                0x00000000c000b84a                Device::~Device()
                0x00000000c000b84a                Device::~Device()
                0x00000000c000b858                Device::~Device()
                0x00000000c000b880                Device::findAndLoadDriver()
                0x00000000c000b88e                Device::preOpenPCI(PCIDeviceInfo)
                0x00000000c000b8b4                Device::preOpenACPI(void*, char*, char*)
                0x00000000c000b8f4                Device::addIRQHandler(int, void (*)(regs*, void*), bool, void*)
                0x00000000c000b91e                Device::getParent()
                0x00000000c000b92a                Device::removeIRQHandler(int, void (*)(regs*, void*), bool)
                0x00000000c000b948                Device::addChild(Device*)
                0x00000000c000b98c                Device::removeAllChildren()
                0x00000000c000b9d2                Device::hibernateAll()
                0x00000000c000ba02                Device::wakeAll()
                0x00000000c000ba32                Device::detectAll()
                0x00000000c000ba62                Device::disableLegacyAll()
                0x00000000c000ba64                Device::loadDriversForAll()
                0x00000000c000ba66                Device::closeAll()
                0x00000000c000ba9c                Device::powerSavingAll(PowerSavingLevel)
                0x00000000c000bad2                Device::setName(char const*)
                0x00000000c000bae0                Device::Device(char const*)
                0x00000000c000bae0                Device::Device(char const*)
                0x00000000c000bbdc                Device::getName()
                0x00000000c000bbe6                DriverlessDevice::DriverlessDevice(char const*)
                0x00000000c000bbe6                DriverlessDevice::DriverlessDevice(char const*)
                0x00000000c000bc1c                Device::addToLinkedList(LinkedList<Device>&, DeviceType)
                0x00000000c000bc60                getDevicesOfType(DeviceType)
 *fill*         0x00000000c000bc8a        0x2 
 .text          0x00000000c000bc8c       0x86 hal/diskctrl.32
                0x00000000c000bc8c                HardDiskController::HardDiskController(char const*)
                0x00000000c000bc8c                HardDiskController::HardDiskController(char const*)
                0x00000000c000bcc4                HardDiskController::~HardDiskController()
                0x00000000c000bcc4                HardDiskController::~HardDiskController()
                0x00000000c000bce8                HardDiskController::~HardDiskController()
 .text          0x00000000c000bd12       0xe2 hal/diskphys.32
                0x00000000c000bd12                PhysicalDisk::eject()
                0x00000000c000bd16                PhysicalDisk::PhysicalDisk(char const*, int)
                0x00000000c000bd16                PhysicalDisk::PhysicalDisk(char const*, int)
                0x00000000c000bd7e                PhysicalDisk::startCache()
                0x00000000c000bda6                PhysicalDisk::~PhysicalDisk()
                0x00000000c000bda6                PhysicalDisk::~PhysicalDisk()
                0x00000000c000bdca                PhysicalDisk::~PhysicalDisk()
 .text          0x00000000c000bdf4        0x0 hal/fpu.32
 .text          0x00000000c000bdf4      0x35d hal/intctrl.32
                0x00000000c000bdf4                int_handler
                0x00000000c000be7c                installISRHandler(int, void (*)(regs*, void*), void*)
                0x00000000c000bec4                installIRQHandler(int, void (*)(regs*, void*), bool, void*)
                0x00000000c000bffc                uninstallISRHandler(int, void (*)(regs*, void*))
                0x00000000c000c030                uninstallIRQHandler(int, void (*)(regs*, void*), bool)
                0x00000000c000c0af                setupINTS()
                0x00000000c000c10c                convertLegacyIRQNumber(int)
 *fill*         0x00000000c000c151        0x1 
 .text          0x00000000c000c152      0x7a2 hal/keybrd.32
                0x00000000c000c152                startGUI(void*)
                0x00000000c000c1be                startGUIVESA(void*)
                0x00000000c000c22a                sendKeyToTerminal(unsigned char)
                0x00000000c000c2ed                sendKeyboardToken(KeyboardToken)
                0x00000000c000c743                clearInternalKeybuffer(VgaText*)
                0x00000000c000c778                readKeyboard(VgaText*, char*, unsigned long)
                0x00000000c000c86a                Keyboard::Keyboard(char const*)
                0x00000000c000c86a                Keyboard::Keyboard(char const*)
                0x00000000c000c8a6                Keyboard::~Keyboard()
                0x00000000c000c8a6                Keyboard::~Keyboard()
                0x00000000c000c8ca                Keyboard::~Keyboard()
 .text          0x00000000c000c8f4      0x3ea hal/logidisk.32
                0x00000000c000c8f4                LogicalDisk::close(int, int, void*)
                0x00000000c000c8f8                LogicalDisk::~LogicalDisk()
                0x00000000c000c8f8                LogicalDisk::~LogicalDisk()
                0x00000000c000c91c                LogicalDisk::~LogicalDisk()
                0x00000000c000c946                LogicalDisk::open(int, int, void*)
                0x00000000c000c95a                LogicalDisk::absoluteToRelative(unsigned long long)
                0x00000000c000c992                LogicalDisk::relativeToAbsolute(unsigned long long)
                0x00000000c000c9d8                LogicalDisk::LogicalDisk(char const*, PhysicalDisk*, unsigned long long, unsigned long long)
                0x00000000c000c9d8                LogicalDisk::LogicalDisk(char const*, PhysicalDisk*, unsigned long long, unsigned long long)
                0x00000000c000ca8e                LogicalDisk::assignDriveLetter()
                0x00000000c000cb44                LogicalDisk::mount()
                0x00000000c000cb8c                LogicalDisk::unmount()
                0x00000000c000cb9c                LogicalDisk::eject()
                0x00000000c000cbb0                LogicalDisk::unassignDriveLetter()
                0x00000000c000cc06                LogicalDisk::read(unsigned long long, int, void*)
                0x00000000c000cc72                LogicalDisk::write(unsigned long long, int, void*)
 *fill*         0x00000000c000ccde        0x2 
 .text          0x00000000c000cce0       0x86 hal/mouse.32
                0x00000000c000cce0                Mouse::Mouse(char const*)
                0x00000000c000cce0                Mouse::Mouse(char const*)
                0x00000000c000cd18                Mouse::~Mouse()
                0x00000000c000cd18                Mouse::~Mouse()
                0x00000000c000cd3c                Mouse::~Mouse()
 .text          0x00000000c000cd66      0x339 hal/partition.32
                0x00000000c000cd66                makePartition(PhysicalDisk*, unsigned long long, unsigned long long)
                0x00000000c000ce0e                createPartitionsForDisk(PhysicalDisk*)
 *fill*         0x00000000c000d09f        0x1 
 .text          0x00000000c000d0a0       0x86 hal/serial.32
                0x00000000c000d0a0                Serial::Serial(char const*)
                0x00000000c000d0a0                Serial::Serial(char const*)
                0x00000000c000d0d8                Serial::~Serial()
                0x00000000c000d0d8                Serial::~Serial()
                0x00000000c000d0fc                Serial::~Serial()
 *fill*         0x00000000c000d126        0x2 
 .text          0x00000000c000d128      0x234 hal/timer.32
                0x00000000c000d128                Timer::Timer(char const*)
                0x00000000c000d128                Timer::Timer(char const*)
                0x00000000c000d160                Timer::~Timer()
                0x00000000c000d160                Timer::~Timer()
                0x00000000c000d184                Timer::~Timer()
                0x00000000c000d1ae                Timer::read()
                0x00000000c000d1b9                setupTimer(int)
                0x00000000c000d1f4                timerHandler(unsigned int)
 .text          0x00000000c000d35c      0x3ee hal/vcache.32
                0x00000000c000d35c                VCache::VCache(PhysicalDisk*)
                0x00000000c000d35c                VCache::VCache(PhysicalDisk*)
                0x00000000c000d4c4                VCache::invalidateReadBuffer()
                0x00000000c000d4d4                VCache::writeWriteBuffer()
                0x00000000c000d520                VCache::~VCache()
                0x00000000c000d520                VCache::~VCache()
                0x00000000c000d574                VCache::~VCache()
                0x00000000c000d59c                VCache::write(unsigned long long, int, void*)
                0x00000000c000d6b2                VCache::read(unsigned long long, int, void*)
 .text          0x00000000c000d74a      0x4b3 hal/video.32
                0x00000000c000d74a                Video::putrect(int, int, int, int, unsigned int)
                0x00000000c000d796                Video::bitblit(int, int, int, int, int, int, int, unsigned int*)
                0x00000000c000d806                Video::blit(unsigned int*, int, int, int, int)
                0x00000000c000d884                Video::clearScreen(unsigned int)
                0x00000000c000d8b8                Video::putpixel(int, int, unsigned int)
                0x00000000c000d8c6                Video::Video(char const*)
                0x00000000c000d8c6                Video::Video(char const*)
                0x00000000c000d8fc                Video::~Video()
                0x00000000c000d8fc                Video::~Video()
                0x00000000c000d920                Video::~Video()
                0x00000000c000d94a                Video::isMonochrome()
                0x00000000c000d956                Video::getWidth()
                0x00000000c000d962                Video::getHeight()
                0x00000000c000d96e                Video::drawCursor(int, int, unsigned char*, int)
                0x00000000c000da2a                Video::tgaParse(unsigned char*, int, int*, int*)
                0x00000000c000db92                Video::putTGA(int, int, unsigned char*, int)
 *fill*         0x00000000c000dbfd        0x3 
 .text          0x00000000c000dc00     0x1307 hw/acpi.32
                0x00000000c000dc00                ACPI::close(int, int, void*)
                0x00000000c000dcb8                findRSDP()
                0x00000000c000dd48                loadACPITables(unsigned char*)
                0x00000000c000dfac                findRSDT(unsigned char*)
                0x00000000c000e0fc                findDataTable(unsigned char*, char*)
                0x00000000c000e174                scanMADT()
                0x00000000c000e648                ACPI::ACPI()
                0x00000000c000e648                ACPI::ACPI()
                0x00000000c000e69c                ACPI::getPCIIRQAssignment(unsigned char, unsigned short, unsigned char)
                0x00000000c000e784                ACPI::registerPCIIRQAssignment(void*, unsigned short, unsigned char, unsigned char)
                0x00000000c000e84c                ACPI::setScreenBrightnessLevel(void*, int)
                0x00000000c000e854                ACPI::detectPCI()
                0x00000000c000ea5c                ACPI::writeSimpleBootFlag(SimpleBootFlagTable*)
                0x00000000c000eab0                ACPI::sleep()
                0x00000000c000eacc                ACPI::open(int, int, void*)
 *fill*         0x00000000c000ef07        0x1 
 .text          0x00000000c000ef08      0xb95 hw/cpu.32
                0x00000000c000ef08                CPU::close(int, int, void*)
                0x00000000c000ef0c                CPU::AMD_K6_write_msr(unsigned int, unsigned int, unsigned int, CPU::REGS*)
                0x00000000c000ef28                CPU::AMD_K6_read_msr(unsigned int, CPU::REGS*)
                0x00000000c000ef40                CPU::AMD_K6_writeback(int, int, int)
                0x00000000c000efb4                CPU::cpuid(int, unsigned long*, unsigned long*, unsigned long*, unsigned long*)
                0x00000000c000f038                CPU::cpuidCheckEDX(unsigned int)
                0x00000000c000f066                CPU::cpuidCheckECX(unsigned int)
                0x00000000c000f094                CPU::cpuidCheckExtendedEBX(unsigned int)
                0x00000000c000f0c2                CPU::cpuidCheckExtendedECX(unsigned int)
                0x00000000c000f0f0                CPU::CPU()
                0x00000000c000f0f0                CPU::CPU()
                0x00000000c000f17e                CPU::displayFeatures()
                0x00000000c000f180                CPU::detectFeatures()
                0x00000000c000f844                CPU::setupSMEP()
                0x00000000c000f850                CPU::setupUMIP()
                0x00000000c000f85a                CPU::setupTSC()
                0x00000000c000f864                CPU::setupLargePages()
                0x00000000c000f86e                CPU::setupPAT()
                0x00000000c000f8aa                CPU::setupMTRR()
                0x00000000c000f8ac                CPU::setupGlobalPages()
                0x00000000c000f8b6                CPU::allowUsermodeDataAccess()
                0x00000000c000f8c8                CPU::prohibitUsermodeDataAccess()
                0x00000000c000f8da                CPU::setupSMAP()
                0x00000000c000f8e8                CPU::setupFeatures()
                0x00000000c000f9b4                CPU::open(int, int, void*)
 .text          0x00000000c000fa9d       0xd1 krnl/bootmsg.32
                0x00000000c000fa9d                KeDisplaySplashScreen()
                0x00000000c000fb0b                KeSetBootMessage(char const*)
 .text          0x00000000c000fb6e      0x581 krnl/env.32
                0x00000000c000fb6e                EnvVarContainer::getEnv(char const*)
                0x00000000c000fbac                EnvVarContainer::setEnv(char const*, char const*)
                0x00000000c000fc6e                EnvVarContainer::deleteEnv(char const*)
                0x00000000c000fc70                EnvVarContainer::loadFrom(char const*, char const*)
                0x00000000c000fe56                EnvVarContainer::__loadSystem()
                0x00000000c000fe70                EnvVarContainer::__loadUser()
                0x00000000c000fe72                EnvVarContainer::EnvVarContainer(Process*)
                0x00000000c000fe72                EnvVarContainer::EnvVarContainer(Process*)
                0x00000000c000fe94                EnvVarContainer::~EnvVarContainer()
                0x00000000c000fe94                EnvVarContainer::~EnvVarContainer()
                0x00000000c000fec4                Krnl::getEnv(Process*, char const*)
                0x00000000c000ff29                Krnl::setEnvSystem(char const*, char const*)
                0x00000000c000ff43                Krnl::setEnvUser(char const*, char const*)
                0x00000000c000ff62                Krnl::setEnvProcess(Process*, char const*, char const*)
                0x00000000c000ff75                Krnl::deleteEnvSystem(char const*)
                0x00000000c000ff76                Krnl::deleteEnvUser(char const*)
                0x00000000c000ff77                Krnl::deleteEnvProcess(Process*, char const*)
                0x00000000c000ff78                Krnl::newProcessEnv(Process*)
                0x00000000c000ff9a                Krnl::copyProcessEnv(Process*, Process*)
                0x00000000c000ffe6                Krnl::loadSystemEnv()
                0x00000000c0010014                Krnl::loadUserEnv()
                0x00000000c001003a                Krnl::flushEnv()
                0x00000000c001003b                Krnl::getProcessTotalEnvCount(Process*)
                0x00000000c001005b                Krnl::getProcessEnvPair(Process*, int)
 .text          0x00000000c00100ef       0x94 krnl/inlines.32
                0x00000000c00100ef                CPU::current()
                0x00000000c00100fb                operator new(unsigned long)
                0x00000000c0010100                operator delete(void*)
                0x00000000c0010105                disableIRQs()
                0x00000000c0010107                enableIRQs()
                0x00000000c0010109                lockScheduler()
                0x00000000c0010111                unlockScheduler()
                0x00000000c0010120                lockStuff()
                0x00000000c001012e                unlockStuff()
                0x00000000c0010168                Virt::getAKernelVAS()
                0x00000000c001016e                __not_memcpy
 .text          0x00000000c0010183        0xc krnl/panic.32
                0x00000000c0010183                KePanic(char const*)
 .text          0x00000000c001018f      0x142 krnl/powctrl.32
                0x00000000c001018f                Krnl::powerThread(void*)
                0x00000000c00101bd                Krnl::changePowerSettings(Krnl::PowerSettings)
                0x00000000c00101d3                Krnl::userIOReceived()
                0x00000000c00101de                Krnl::handlePowerButton()
                0x00000000c0010213                Krnl::handleSleepButton()
                0x00000000c0010248                Krnl::setupPowerManager()
 *fill*         0x00000000c00102d1        0x3 
 .text          0x00000000c00102d4      0x190 krnl/resolve.32
                0x00000000c00102d4                KeResolveCompatibilitySymbol(char*)
 .text          0x00000000c0010464      0xc51 krnl/syscalls.32
                0x00000000c0010464                SysSeekDir(regs*)
                0x00000000c0010469                SysTellDir(regs*)
                0x00000000c001046e                SysVerify(regs*)
                0x00000000c0010478                SysGetArgc(regs*)
                0x00000000c0010488                SysTTYName(regs*)
                0x00000000c0010490                SysFormatDisk(regs*)
                0x00000000c00104fd                SysSetDiskVolumeLabel(regs*)
                0x00000000c0010547                SysGetDiskVolumeLabel(regs*)
                0x00000000c001059c                SysShutdown(regs*)
                0x00000000c00105fa                SysRealpath(regs*)
                0x00000000c001063d                SysReadDir(regs*)
                0x00000000c00106bd                SysIsATTY(regs*)
                0x00000000c0010719                SysSeek(regs*)
                0x00000000c0010772                SysTell(regs*)
                0x00000000c00107e1                SysSize(regs*)
                0x00000000c0010856                SysSizeFromFilename(regs*)
                0x00000000c0010909                SysClose(regs*)
                0x00000000c0010969                SysOpenDir(regs*)
                0x00000000c00109e0                SysCloseDir(regs*)
                0x00000000c0010a34                SysMakeDir(regs*)
                0x00000000c0010aa6                SysWait(regs*)
                0x00000000c0010ac3                SysNotImpl(regs*)
                0x00000000c0010ade                SysPanic(regs*)
                0x00000000c0010af9                SysRmdir(regs*)
                0x00000000c0010b60                SysUnlink(regs*)
                0x00000000c0010bc7                SysGetArgv(regs*)
                0x00000000c0010c14                SysUSleep(regs*)
                0x00000000c0010c3d                SysSpawn(regs*)
                0x00000000c0010ca6                SysGetEnv(regs*)
                0x00000000c0010d55                SysSetFatAttrib(regs*)
                0x00000000c0010dcc                SysPipe(regs*)
                0x00000000c0010e11                SysGetUnixTime(regs*)
                0x00000000c0010e25                string_ends_with(char const*, char const*)
                0x00000000c0010e6f                SysOpen(regs*)
                0x00000000c0011063                KeSystemCall(regs*, void*)
 .text          0x00000000c00110b5      0x50e reg/registry.32
                0x00000000c00110b5                Reg::findLineFromLoadedData(char*, char*, char*)
                0x00000000c001120d                Reg::getLineFromRegistry(char*, char*, char*, char*)
                0x00000000c0011362                Reg::getLine(char*, char*, char*)
                0x00000000c0011399                Reg::readInt(char*, char*, int*)
                0x00000000c0011484                Reg::readString(char*, char*, char*, int)
                0x00000000c0011505                Reg::readBool(char*, char*, bool*)
                0x00000000c001152a                Reg::readBoolWithDefault(char*, char*, bool)
                0x00000000c0011556                Reg::readIntWithDefault(char*, char*, int)
                0x00000000c0011582                Reg::readStringWithDefault(char*, char*, char*, int, char*)
 .text          0x00000000c00115c3       0x36 sys/eject.32
                0x00000000c00115c3                SysEject(regs*)
 .text          0x00000000c00115f9       0x18 sys/exit.32
                0x00000000c00115f9                SysExit(regs*)
 .text          0x00000000c0011611       0x1f sys/getcwd.32
                0x00000000c0011611                SysGetCwd(regs*)
 .text          0x00000000c0011630        0xc sys/getpid.32
                0x00000000c0011630                SysGetPID(regs*)
 .text          0x00000000c001163c       0x1a sys/getramdata.32
                0x00000000c001163c                SysGetRAMData(regs*)
 .text          0x00000000c0011656       0x82 sys/getvgaptr.32
                0x00000000c0011656                SysGetVGAPtr(regs*)
 .text          0x00000000c00116d8       0xa8 sys/loaddll.32
                0x00000000c00116d8                SysLoadDLL(regs*)
 .text          0x00000000c0011780       0x68 sys/read.32
                0x00000000c0011780                SysRead(regs*)
 .text          0x00000000c00117e8       0x55 sys/sbrk.32
                0x00000000c00117e8                SysSbrk(regs*)
 .text          0x00000000c001183d       0x1c sys/setcwd.32
                0x00000000c001183d                SysSetCwd(regs*)
 .text          0x00000000c0011859       0x95 sys/settime.32
                0x00000000c0011859                SysSetTime(regs*)
 .text          0x00000000c00118ee       0x4a sys/timezone.32
                0x00000000c00118ee                SysTimezone(regs*)
 .text          0x00000000c0011938       0x68 sys/write.32
                0x00000000c0011938                SysWrite(regs*)
 .text          0x00000000c00119a0       0x62 sys/wsbe.32
                0x00000000c00119a0                SysWsbe(regs*)
 .text          0x00000000c0011a02       0x25 sys/yield.32
                0x00000000c0011a02                SysYield(regs*)
 .text          0x00000000c0011a27     0x11e5 thr/elf.32
                0x00000000c0011a27                Thr::allocateMemoryForTask(Process*, File*, unsigned long, unsigned long, unsigned long)
                0x00000000c0011cb3                Thr::loadProgramIntoMemory(Process*, char const*)
                0x00000000c0011ec9                Thr::runtimeReferenceHelper()
                0x00000000c0011edc                Thr::getAddressOfKernelSymbol(char const*)
                0x00000000c0011f2b                Thr::loadKernelSymbolTable(char const*)
                0x00000000c00121e9                Thr::loadDriverIntoMemory(char const*, unsigned long, bool)
                0x00000000c001291f                Thr::getDriverBaseFromAddress(unsigned long)
                0x00000000c0012951                Thr::getDriverNameFromAddress(unsigned long)
                0x00000000c0012988                Thr::getDriverOffsetFromAddress(unsigned long)
                0x00000000c00129a2                Thr::loadDLL(char const*, bool)
                0x00000000c0012bd3                Thr::executeDLL(unsigned long, void*)
 .text          0x00000000c0012c0c     0x12c5 thr/prcssthr.32
                0x00000000c0012c0c                userModeEntryPoint(void*)
                0x00000000c0012c34                changeTSS
                0x00000000c0012c64                switchToThread(ThreadControlBlock*)
                0x00000000c0012d18                Process::addArgs(char**)
                0x00000000c0012d78                Process::Process(char const*, Process*, char**)
                0x00000000c0012d78                Process::Process(char const*, Process*, char**)
                0x00000000c0012f68                Process::Process(bool, char const*, Process*, char**)
                0x00000000c0012f68                Process::Process(bool, char const*, Process*, char**)
                0x00000000c0013124                taskStartupFunction
                0x00000000c0013130                Semaphore::Semaphore(int)
                0x00000000c0013130                Semaphore::Semaphore(int)
                0x00000000c0013160                Mutex::Mutex()
                0x00000000c0013160                Mutex::Mutex()
                0x00000000c0013174                Process::createThread(void (*)(void*), void*, int)
                0x00000000c001326c                Process::createUserThread()
                0x00000000c001328c                setupMultitasking(void (*)())
                0x00000000c0013394                schedule()
                0x00000000c0013424                Semaphore::tryAcquire()
                0x00000000c00134f0                Semaphore::assertLocked(char const*)
                0x00000000c0013568                blockTaskWithSchedulerLockAlreadyHeld(TaskState)
                0x00000000c0013590                blockTask(TaskState)
                0x00000000c00135c0                waitTask(int, int*, int)
                0x00000000c0013604                milliTenthSleepUntil(unsigned int)
                0x00000000c0013694                milliTenthSleep(unsigned int)
                0x00000000c00136a4                sleep(unsigned int)
                0x00000000c00136c0                Semaphore::acquire()
                0x00000000c001377c                taskReturned
                0x00000000c00137b8                Thr::processFromPID(int)
                0x00000000c0013858                unblockTask(ThreadControlBlock*)
                0x00000000c00138fc                cleanupTerminatedTask(ThreadControlBlock*)
                0x00000000c0013bc8                cleanerTaskFunction(void*)
                0x00000000c0013cb8                terminateTask(int)
                0x00000000c0013d84                Thr::terminateFromIRQ(int)
                0x00000000c0013d94                Semaphore::release()
 .text          0x00000000c0013ed1      0xb93 vm86/vm8086.32
                0x00000000c0013ed1                Vm::inbv(unsigned short)
                0x00000000c0013ee4                Vm::outbv(unsigned short, unsigned char)
                0x00000000c0013f1a                Vm::realToLinear(unsigned short, unsigned short)
                0x00000000c0013f2a                Vm::getSegment(unsigned int)
                0x00000000c0013f32                Vm::getOffset(unsigned int)
                0x00000000c0013f37                Vm::mainloop2()
                0x00000000c0013f71                Vm::mainVm8086Loop(void*)
                0x00000000c0013f81                Vm::mainloop3(unsigned long)
                0x00000000c0013fa7                Vm::initialise8086()
                0x00000000c0013fea                Vm::finish8086()
                0x00000000c001404b                Vm::getOutput8086(unsigned char*)
                0x00000000c0014070                Vm::start8086FromBuffer(unsigned char*, int, unsigned short, unsigned short, unsigned short, unsigned short)
                0x00000000c0014129                Vm::start8086(char const*, unsigned short, unsigned short, unsigned short, unsigned short)
                0x00000000c0014291                Vm::doISR(regs*, int, unsigned char*, unsigned short, unsigned short)
                0x00000000c001431b                Vm::readByteFromReal(unsigned short, unsigned short)
                0x00000000c001432c                Vm::readWordFromReal(unsigned short, unsigned short)
                0x00000000c001433e                Vm::readDwordFromReal(unsigned short, unsigned short)
                0x00000000c001434f                Vm::writeByteFromReal(unsigned short, unsigned short, unsigned char)
                0x00000000c0014364                Vm::writeWordFromReal(unsigned short, unsigned short, unsigned short)
                0x00000000c001437a                Vm::writeDwordFromReal(unsigned short, unsigned short, unsigned int)
                0x00000000c001438f                Vm::faultHandler(regs*)
 .text          0x00000000c0014a64      0xa53 arch/i386/hal.32
                0x00000000c0014a64                noCopro(unsigned long)
                0x00000000c0014a65                nmiHandler(regs*, void*)
                0x00000000c0014a7e                doubleFault(regs*, void*)
                0x00000000c0014a97                displayDebugInfo(regs*)
                0x00000000c0014db8                HalSystemIdle()
                0x00000000c0014e2e                displayProgramFault(char const*)
                0x00000000c0014e7a                gpFault(regs*, void*)
                0x00000000c0014edf                pgFault(regs*, void*)
                0x00000000c0014f65                otherISRHandler(regs*, void*)
                0x00000000c0014f99                opcodeFault(regs*, void*)
                0x00000000c0015019                i386SaveCoprocessor(void*)
                0x00000000c001502d                i386LoadCoprocessor(void*)
                0x00000000c0015041                x87EmulHandler(regs*, void*)
                0x00000000c00150de                HalInitialiseCoprocessor()
                0x00000000c001518c                HalPanic(char const*)
                0x00000000c0015285                HalQueryPerformanceCounter()
                0x00000000c00152a0                HalInitialise()
                0x00000000c0015446                HalMakeBeep(int)
                0x00000000c0015480                HalGetRand()
                0x00000000c0015483                HalEndOfInterrupt(int)
                0x00000000c00154b4                HalRestart()
                0x00000000c00154b5                HalShutdown()
                0x00000000c00154b6                HalSleep()
 *fill*         0x00000000c00154b7        0x1 
 .text          0x00000000c00154b8      0x2f4 arch/i386/pic.32
                0x00000000c00154b8                picIoWait()
                0x00000000c00154c0                picDisable()
                0x00000000c00154f4                picGetIRQReg(int)
                0x00000000c0015578                picOpen()
                0x00000000c0015708                picEOI(int)
 .text          0x00000000c00157ac      0x64d arch/i386/rtc.32
                0x00000000c00157ac                RTC::open(int, int, void*)
                0x00000000c00157b0                RTC::close(int, int, void*)
                0x00000000c00157b4                RTC::timeInSecondsUTC()
                0x00000000c00157c6                RTC::timeInDatetimeUTC()
                0x00000000c00157ec                RTC::setTimeInSecondsUTC(unsigned long long)
                0x00000000c001582a                RTC::~RTC()
                0x00000000c001582a                RTC::~RTC()
                0x00000000c001584e                RTC::~RTC()
                0x00000000c0015878                RTC::get_update_in_progress_flag()
                0x00000000c0015890                RTC::completeRTCRefresh()
                0x00000000c0015b48                RTC::setTimeInDatetimeUTC(datetime_t)
                0x00000000c0015cfb                rtcIRQHandler(regs*, void*)
                0x00000000c0015d40                RTC::RTC()
                0x00000000c0015d40                RTC::RTC()
 *fill*         0x00000000c0015df9        0x3 
 .text          0x00000000c0015dfc      0x203 arch/i386/vga.32
                0x00000000c0015dfc                HalConsoleScroll(int, int)
                0x00000000c0015f04                HalConsoleWriteCharacter(char, int, int, int, int)
                0x00000000c0015f70                HalConsoleCursorUpdate(int, int)
 *fill*         0x00000000c0015fff        0x1 
 .text          0x00000000c0016000     0x13e7 fs/fat/vfslink.32
                0x00000000c0016000                FAT::getName()
                0x00000000c0016008                FAT::tell(void*, unsigned long long*)
                0x00000000c0016044                FAT::stat(void*, unsigned long long*)
                0x00000000c0016080                FAT::~FAT()
                0x00000000c0016080                FAT::~FAT()
                0x00000000c00160a4                FAT::~FAT()
                0x00000000c00160cc                FAT::getlabel(LogicalDisk*, int, char*, unsigned int*)
                0x00000000c0016170                FAT::setlabel(LogicalDisk*, int, char*)
                0x00000000c0016234                FAT::format(LogicalDisk*, int, char const*, int)
                0x00000000c0016408                FAT::tryMount(LogicalDisk*, int)
                0x00000000c0016620                FAT::allocateSwapfile(char const*, int)
                0x00000000c00167e0                FAT::readDir(void*, unsigned long, void*, int*)
                0x00000000c001694c                FAT::read(void*, unsigned long, void*, int*)
                0x00000000c00169ac                FAT::write(void*, unsigned long, void*, int*)
                0x00000000c0016a0c                FAT::close(void*)
                0x00000000c0016a60                FAT::closeDir(void*)
                0x00000000c0016ab4                FAT::seek(void*, unsigned long long)
                0x00000000c0016b0c                fatWrapperReadDisk
                0x00000000c0016b50                fatWrapperWriteDisk
                0x00000000c0016b94                fatWrapperIoctl
                0x00000000c0016cb0                FAT::FAT()
                0x00000000c0016cb0                FAT::FAT()
                0x00000000c0016d04                FAT::fixFilepath(char*)
                0x00000000c0016d40                FAT::open(char const*, void**, FileOpenMode)
                0x00000000c0016e78                FAT::openDir(char const*, void**)
                0x00000000c0016f28                FAT::stat(char const*, unsigned long long*, bool*)
                0x00000000c0017020                FAT::unlink(char const*)
                0x00000000c00170a0                FAT::chfatattr(char const*, unsigned char, unsigned char)
                0x00000000c001722c                FAT::rename(char const*, char const*)
                0x00000000c00172f8                FAT::mkdir(char const*)
                0x00000000c0017378                FAT::exists(char const*)
 *fill*         0x00000000c00173e7        0x1 
 .text          0x00000000c00173e8       0xc6 fs/iso9660/helper.32
                0x00000000c00173e8                isoReadDiscSectorHelper
                0x00000000c0017444                iso_kprintf
                0x00000000c0017464                iso_kprintfd
 .text          0x00000000c00174ae      0x586 fs/iso9660/vfslink.32
                0x00000000c00174ae                ISO9660::format(LogicalDisk*, int, char const*, int)
                0x00000000c00174b4                ISO9660::getName()
                0x00000000c00174ba                ISO9660::closeDir(void*)
                0x00000000c00174c4                ISO9660::chfatattr(char const*, unsigned char, unsigned char)
                0x00000000c00174ca                ISO9660::unlink(char const*)
                0x00000000c00174d0                ISO9660::write(void*, unsigned long, void*, int*)
                0x00000000c00174d6                ISO9660::rename(char const*, char const*)
                0x00000000c00174dc                ISO9660::mkdir(char const*)
                0x00000000c00174e2                ISO9660::~ISO9660()
                0x00000000c00174e2                ISO9660::~ISO9660()
                0x00000000c0017506                ISO9660::~ISO9660()
                0x00000000c001752e                ISO9660::exists(char const*)
                0x00000000c0017542                ISO9660::open(char const*, void**, FileOpenMode)
                0x00000000c00175e2                ISO9660::openDir(char const*, void**)
                0x00000000c0017672                ISO9660::read(void*, unsigned long, void*, int*)
                0x00000000c00176b2                ISO9660::seek(void*, unsigned long long)
                0x00000000c00176ea                ISO9660::tell(void*, unsigned long long*)
                0x00000000c0017720                ISO9660::stat(void*, unsigned long long*)
                0x00000000c001775a                ISO9660::stat(char const*, unsigned long long*, bool*)
                0x00000000c001782c                ISO9660::close(void*)
                0x00000000c0017852                ISO9660::readDir(void*, unsigned long, void*, int*)
                0x00000000c001791f                readSectorFromCDROM(unsigned int, unsigned char*, char)
                0x00000000c001799a                ISO9660::tryMount(LogicalDisk*, int)
                0x00000000c0017a0c                ISO9660::ISO9660()
                0x00000000c0017a0c                ISO9660::ISO9660()
 .text          0x00000000c0017a34      0x26c hal/sound/sndcard.32
                0x00000000c0017a34                SoundCard::beginPlayback()
                0x00000000c0017a42                SoundCard::stopPlayback()
                0x00000000c0017a50                SoundCard::SoundCard(char const*)
                0x00000000c0017a50                SoundCard::SoundCard(char const*)
                0x00000000c0017aee                SoundCard::~SoundCard()
                0x00000000c0017aee                SoundCard::~SoundCard()
                0x00000000c0017b12                SoundCard::~SoundCard()
                0x00000000c0017b3c                SoundCard::configureRates(int, int, int)
                0x00000000c0017b6c                SoundCard::getSamples16(int, short*)
                0x00000000c0017bc8                SoundCard::getSamples32(int, int*)
                0x00000000c0017c4e                SoundCard::addChannel(SoundPort*)
                0x00000000c0017c8c                SoundCard::removeChannel(int)
 .text          0x00000000c0017ca0      0x377 hal/sound/sndport.32
                0x00000000c0017ca0                SoundPort::SoundPort(int, int, int, int)
                0x00000000c0017ca0                SoundPort::SoundPort(int, int, int, int)
                0x00000000c0017d2c                SoundPort::~SoundPort()
                0x00000000c0017d2c                SoundPort::~SoundPort()
                0x00000000c0017d60                SoundPort::unpause()
                0x00000000c0017d6c                SoundPort::pause()
                0x00000000c0017d78                SoundPort::getBufferUsed()
                0x00000000c0017d80                SoundPort::getBufferSize()
                0x00000000c0017d88                SoundPort::buffer16(short*, int)
                0x00000000c0017e14                SoundPort::buffer32(int*, int)
                0x00000000c0017e9c                SoundPort::unbufferAndAdd16(int, short*, SoundCard*)
                0x00000000c0017f60                SoundPort::unbufferAndAdd32(int, int*, SoundCard*)
 .text          0x00000000c0018017        0x0 hw/bus/isa.32
 *fill*         0x00000000c0018017        0x1 
 .text          0x00000000c0018018      0xb49 hw/bus/pci.32
                0x00000000c0018018                PCI::open(int, int, void*)
                0x00000000c0018036                PCI::close(int, int, void*)
                0x00000000c001803a                PCI::PCI()
                0x00000000c001803a                PCI::PCI()
                0x00000000c00180d4                PCI::readBAR8(unsigned int, int)
                0x00000000c00180f0                PCI::readBAR16(unsigned int, int)
                0x00000000c001810e                PCI::readBAR32(unsigned int, int)
                0x00000000c001812a                PCI::writeBAR8(unsigned int, unsigned char, int)
                0x00000000c001814a                PCI::writeBAR16(unsigned int, unsigned short, int)
                0x00000000c001816c                PCI::writeBAR32(unsigned int, unsigned int, int)
                0x00000000c001818c                PCI::legacyMechanism(unsigned char, unsigned char, unsigned char, unsigned char)
                0x00000000c00181fa                PCI::pciReadWord(unsigned char, unsigned char, unsigned char, unsigned char)
                0x00000000c00182a2                PCI::getVendorID(unsigned char, unsigned char, unsigned char)
                0x00000000c00182c6                PCI::getHeaderType(unsigned char, unsigned char, unsigned char)
                0x00000000c00182ee                PCI::getClassCode(unsigned char, unsigned char, unsigned char)
                0x00000000c0018338                PCI::getProgIF(unsigned char, unsigned char, unsigned char)
                0x00000000c0018360                PCI::getRevisionID(unsigned char, unsigned char, unsigned char)
                0x00000000c0018384                PCI::getInterruptNumber(unsigned char, unsigned char, unsigned char)
                0x00000000c00183a8                PCI::getSecondaryBus(unsigned char, unsigned char, unsigned char)
                0x00000000c00183d0                PCI::getBARAddress(unsigned char, unsigned char, unsigned char, unsigned char)
                0x00000000c0018434                PCI::pciWriteWord(unsigned char, unsigned char, unsigned char, unsigned char, unsigned short)
                0x00000000c001851c                PCI::pciDetailsToFilepath(PCIDeviceInfo, char*)
                0x00000000c0018796                PCI::checkBus(unsigned char)
                0x00000000c00187bc                PCI::foundDevice(PCIDeviceInfo)
                0x00000000c001892e                PCI::getDeviceData(unsigned char, unsigned char, unsigned char)
                0x00000000c0018aa2                PCI::checkDevice(unsigned char, unsigned char)
                0x00000000c0018b0e                PCI::detect()
 *fill*         0x00000000c0018b61        0x1 
 .text          0x00000000c0018b62      0xb5a hw/diskctrl/ide.32
                0x00000000c0018b62                IDE::close(int, int, void*)
                0x00000000c0018b66                IDE::IDE()
                0x00000000c0018b66                IDE::IDE()
                0x00000000c0018b9a                IDE::prepareInterrupt(unsigned char)
                0x00000000c0018bac                selectDrive(unsigned char, unsigned char)
                0x00000000c0018bae                IDE::getBase(unsigned char)
                0x00000000c0018bc0                IDE::write(unsigned char, unsigned char, unsigned char)
                0x00000000c0018c80                IDE::read(unsigned char, unsigned char)
                0x00000000c0018d2e                IDE::waitInterrupt(unsigned char)
                0x00000000c0018d96                ideChannel0IRQHandler(regs*, void*)
                0x00000000c0018db2                ideChannel1IRQHandler(regs*, void*)
                0x00000000c0018dce                IDE::enableIRQs(unsigned char, bool)
                0x00000000c0018e14                IDE::open(int, int, void*)
                0x00000000c0019222                IDE::readBuffer(unsigned char, unsigned char, unsigned int, unsigned int)
                0x00000000c00192ee                IDE::detect()
                0x00000000c00195ae                IDE::printError(unsigned char, unsigned char, unsigned char)
                0x00000000c001965e                IDE::polling(unsigned char, unsigned int)
 .text          0x00000000c00196bc      0x32a hw/diskctrl/satabus.32
                0x00000000c00196bc                SATABus::close(int, int, void*)
                0x00000000c00196c0                SATABus::detect()
                0x00000000c00196c2                SATABus::SATABus()
                0x00000000c00196c2                SATABus::SATABus()
                0x00000000c0019748                SATABus::findCmdslot(SATABus::tagHBA_PORT volatile*)
                0x00000000c001977a                SATABus::checkType(SATABus::tagHBA_PORT volatile*)
                0x00000000c00197c2                SATABus::startCmd(SATABus::tagHBA_PORT volatile*)
                0x00000000c00197e2                SATABus::stopCmd(SATABus::tagHBA_PORT volatile*)
                0x00000000c001980c                SATABus::portRebase(SATABus::tagHBA_PORT volatile*, int)
                0x00000000c001991c                SATABus::probePort(SATABus::tagHBA_MEM volatile*)
                0x00000000c00199c6                SATABus::open(int, int, void*)
 .text          0x00000000c00199e6      0x5f4 hw/diskphys/ata.32
                0x00000000c00199e6                ATA::close(int, int, void*)
                0x00000000c0019a0a                ATA::powerSaving(PowerSavingLevel)
                0x00000000c0019a0c                ATA::ATA()
                0x00000000c0019a0c                ATA::ATA()
                0x00000000c0019a3a                ATA::flush(bool)
                0x00000000c0019a84                ATA::readyForCommand()
                0x00000000c0019ad0                ATA::access(unsigned long long, int, void*, bool)
                0x00000000c0019e4c                ATA::read(unsigned long long, int, void*)
                0x00000000c0019e98                ATA::write(unsigned long long, int, void*)
                0x00000000c0019ee4                ATA::detectCHS()
                0x00000000c0019f0e                ATA::open(int, int, void*)
 .text          0x00000000c0019fda      0x60e hw/diskphys/atapi.32
                0x00000000c0019fda                ATAPI::write(unsigned long long, int, void*)
                0x00000000c0019fe0                ATAPI::close(int, int, void*)
                0x00000000c001a004                ATAPI::ATAPI()
                0x00000000c001a004                ATAPI::ATAPI()
                0x00000000c001a032                ATAPI::readyForCommand()
                0x00000000c001a084                ATAPI::sendPacket(unsigned char*, int, bool, unsigned short*, int)
                0x00000000c001a344                ATAPI::diskRemoved()
                0x00000000c001a37e                ATAPI::eject()
                0x00000000c001a3c6                ATAPI::diskInserted()
                0x00000000c001a3d2                ATAPI::detectMedia()
                0x00000000c001a48e                ATAPI::open(int, int, void*)
                0x00000000c001a56e                ATAPI::read(unsigned long long, int, void*)
 .text          0x00000000c001a5e8      0x402 hw/diskphys/sata.32
                0x00000000c001a5e8                SATA::close(int, int, void*)
                0x00000000c001a60c                SATA::powerSaving(PowerSavingLevel)
                0x00000000c001a60e                SATA::open(int, int, void*)
                0x00000000c001a6b8                SATA::SATA()
                0x00000000c001a6b8                SATA::SATA()
                0x00000000c001a6e6                SATA::access(unsigned long long, int, void*, bool)
                0x00000000c001a932                SATA::read(unsigned long long, int, void*)
                0x00000000c001a97e                SATA::write(unsigned long long, int, void*)
 .text          0x00000000c001a9ea      0x5af hw/diskphys/satapi.32
                0x00000000c001a9ea                SATAPI::write(unsigned long long, int, void*)
                0x00000000c001a9f0                SATAPI::close(int, int, void*)
                0x00000000c001aa14                SATAPI::SATAPI()
                0x00000000c001aa14                SATAPI::SATAPI()
                0x00000000c001aa42                SATAPI::diskRemoved()
                0x00000000c001aa44                SATAPI::diskInserted()
                0x00000000c001aa60                SATAPI::sendPacket(unsigned char*, int, unsigned long long, unsigned short*, int)
                0x00000000c001ad40                SATAPI::eject()
                0x00000000c001ad7c                SATAPI::detectMedia()
                0x00000000c001ada2                SATAPI::open(int, int, void*)
                0x00000000c001aea2                SATAPI::read(unsigned long long, int, void*)
 *fill*         0x00000000c001af99        0x1 
 .text          0x00000000c001af9a      0x455 hw/intctrl/apic.32
                0x00000000c001af9a                IOAPIC::close(int, int, void*)
                0x00000000c001afa0                apicGetBase()
                0x00000000c001afe2                IOAPIC::IOAPIC()
                0x00000000c001afe2                IOAPIC::IOAPIC()
                0x00000000c001b00a                apicOpen()
                0x00000000c001b170                IOAPIC::handlesGSIWithNumber(unsigned int)
                0x00000000c001b1a2                IOAPIC::read(int)
                0x00000000c001b1ca                IOAPIC::open(int, int, void*)
                0x00000000c001b2be                IOAPIC::write(int, int)
                0x00000000c001b2ea                IOAPIC::redirect(unsigned char, unsigned long long, unsigned char, bool, bool)
 *fill*         0x00000000c001b3ef        0x1 
 .text          0x00000000c001b3f0       0xf0 hw/timer/apictimer.32
                0x00000000c001b3f0                APICTimer::close(int, int, void*)
                0x00000000c001b3f8                apicTimerHandler(regs*, void*)
                0x00000000c001b420                APICTimer::open(int, int, void*)
                0x00000000c001b490                APICTimer::write(int)
                0x00000000c001b4b8                APICTimer::APICTimer()
                0x00000000c001b4b8                APICTimer::APICTimer()
 .text          0x00000000c001b4e0      0x1aa hw/timer/pit.32
                0x00000000c001b4e0                PIT::write(int)
                0x00000000c001b564                pitHandler(regs*, void*)
                0x00000000c001b588                PIT::open(int, int, void*)
                0x00000000c001b5d8                PIT::close(int, int, void*)
                0x00000000c001b608                PIT::PIT()
                0x00000000c001b608                PIT::PIT()
 *fill*         0x00000000c001b68a        0x6 
 .text          0x00000000c001b690       0x83 arch/i386/avx.32
                0x00000000c001b690                avxDetect
                0x00000000c001b6ba                avxSave
                0x00000000c001b6cb                avxLoad
                0x00000000c001b6dc                avxInit
                0x00000000c001b6fe                avxClose
                0x00000000c001b6ff                wouldSheSayYes
 *fill*         0x00000000c001b713        0xd 
 .text          0x00000000c001b720      0x1d6 arch/i386/interrupt.32
                0x00000000c001b720                isr0
                0x00000000c001b730                isr1
                0x00000000c001b73a                isr2
                0x00000000c001b744                isr3
                0x00000000c001b74e                isr4
                0x00000000c001b758                isr5
                0x00000000c001b762                isr6
                0x00000000c001b76c                isr7
                0x00000000c001b776                isr8
                0x00000000c001b77e                isr9
                0x00000000c001b788                isr10
                0x00000000c001b790                isr11
                0x00000000c001b798                isr12
                0x00000000c001b7a0                isr13
                0x00000000c001b7a8                isr14
                0x00000000c001b7b0                isr15
                0x00000000c001b7ba                isr16
                0x00000000c001b7c4                isr17
                0x00000000c001b7ce                isr18
                0x00000000c001b7d8                irq3
                0x00000000c001b7e2                irq4
                0x00000000c001b7ec                irq5
                0x00000000c001b7f6                irq6
                0x00000000c001b800                irq7
                0x00000000c001b80a                irq8
                0x00000000c001b814                irq9
                0x00000000c001b81e                irq10
                0x00000000c001b828                irq11
                0x00000000c001b832                irq12
                0x00000000c001b83c                irq13
                0x00000000c001b846                irq14
                0x00000000c001b850                irq15
                0x00000000c001b85a                irq1
                0x00000000c001b861                irq2
                0x00000000c001b868                isr96
                0x00000000c001b86f                irq0
                0x00000000c001b874                int_common_stub
                0x00000000c001b874                syscall_common_stub
                0x00000000c001b8a6                irq16
                0x00000000c001b8b0                irq17
                0x00000000c001b8ba                irq18
                0x00000000c001b8c4                irq19
                0x00000000c001b8ce                irq20
                0x00000000c001b8d8                irq21
                0x00000000c001b8e2                irq22
                0x00000000c001b8ec                irq23
 *fill*         0x00000000c001b8f6        0xa 
 .text          0x00000000c001b900       0x10 arch/i386/rdrand.32
                0x00000000c001b900                i386GetRDRAND
 .text          0x00000000c001b910       0x39 arch/i386/sse.32
                0x00000000c001b910                absolutelyNoChanceInHell
                0x00000000c001b910                sseDetect
                0x00000000c001b928                sseSave
                0x00000000c001b930                sseLoad
                0x00000000c001b938                sseInit
                0x00000000c001b948                sseClose
 *fill*         0x00000000c001b949        0x7 
 .text          0x00000000c001b950       0x49 arch/i386/x87.32
                0x00000000c001b956                x87Detect
                0x00000000c001b971                x87Save
                0x00000000c001b978                x87Load
                0x00000000c001b97f                x87Init
                0x00000000c001b998                x87Close
 *fill*         0x00000000c001b999        0x3 
 .text          0x00000000c001b99c       0x25 /cygdrive/d/Users/Alex/Desktop/Toolchain/Output/bin/../lib/gcc/i386-banana/8.1.0/crtend.o
 .text          0x00000000c001b9c1        0x0 crtn.32
 *fill*         0x00000000c001b9c1        0x3 
 .text          0x00000000c001b9c4      0x14b /cygdrive/d/Users/Alex/Desktop/Toolchain/Output/bin/../lib/gcc/i386-banana/8.1.0/libkgcc.a(_divdi3.o)
                0x00000000c001b9c4                __divdi3
 *fill*         0x00000000c001bb0f        0x1 
 .text          0x00000000c001bb10      0x17e /cygdrive/d/Users/Alex/Desktop/Toolchain/Output/bin/../lib/gcc/i386-banana/8.1.0/libkgcc.a(_moddi3.o)
                0x00000000c001bb10                __moddi3
 *fill*         0x00000000c001bc8e        0x2 
 .text          0x00000000c001bc90       0xff /cygdrive/d/Users/Alex/Desktop/Toolchain/Output/bin/../lib/gcc/i386-banana/8.1.0/libkgcc.a(_udivdi3.o)
                0x00000000c001bc90                __udivdi3
 *fill*         0x00000000c001bd8f        0x1 
 .text          0x00000000c001bd90      0x11a /cygdrive/d/Users/Alex/Desktop/Toolchain/Output/bin/../lib/gcc/i386-banana/8.1.0/libkgcc.a(_umoddi3.o)
                0x00000000c001bd90                __umoddi3
 *(.gnu.linkonce.t*)

.iplt           0x00000000c001beb0        0x0
 .iplt          0x00000000c001beb0        0x0 D:/Users/Alex/Desktop/Banana/kernel/boot.32

.init           0x00000000c001beaa        0xf
 .init          0x00000000c001beaa        0x3 crti.32
                0x00000000c001beaa                _init
 .init          0x00000000c001bead        0x5 /cygdrive/d/Users/Alex/Desktop/Toolchain/Output/bin/../lib/gcc/i386-banana/8.1.0/crtbegin.o
 .init          0x00000000c001beb2        0x5 /cygdrive/d/Users/Alex/Desktop/Toolchain/Output/bin/../lib/gcc/i386-banana/8.1.0/crtend.o
 .init          0x00000000c001beb7        0x2 crtn.32

.fini           0x00000000c001beb9        0xa
 .fini          0x00000000c001beb9        0x3 crti.32
                0x00000000c001beb9                _fini
 .fini          0x00000000c001bebc        0x5 /cygdrive/d/Users/Alex/Desktop/Toolchain/Output/bin/../lib/gcc/i386-banana/8.1.0/crtbegin.o
 .fini          0x00000000c001bec1        0x2 crtn.32

.text._ZN8ComputerD2Ev
                0x00000000c001bec4       0x23
 .text._ZN8ComputerD2Ev
                0x00000000c001bec4       0x23 core/computer.32
                0x00000000c001bec4                Computer::~Computer()
                0x00000000c001bec4                Computer::~Computer()

.text._ZN8ComputerD0Ev
                0x00000000c001bee8       0x2a
 .text._ZN8ComputerD0Ev
                0x00000000c001bee8       0x2a core/computer.32
                0x00000000c001bee8                Computer::~Computer()

.text._Z10idleCommonv
                0x00000000c001bf12       0x21
 .text._Z10idleCommonv
                0x00000000c001bf12       0x21 core/idle.32
                0x00000000c001bf12                idleCommon()

.text._ZN10LinkedListI8UnixFileED2Ev
                0x00000000c001bf34        0x2
 .text._ZN10LinkedListI8UnixFileED2Ev
                0x00000000c001bf34        0x2 core/unixfile.32
                0x00000000c001bf34                LinkedList<UnixFile>::~LinkedList()
                0x00000000c001bf34                LinkedList<UnixFile>::~LinkedList()

.text._ZN10LinkedListI8UnixFileEC2Ev
                0x00000000c001bf36       0x42
 .text._ZN10LinkedListI8UnixFileEC2Ev
                0x00000000c001bf36       0x42 core/unixfile.32
                0x00000000c001bf36                LinkedList<UnixFile>::LinkedList()
                0x00000000c001bf36                LinkedList<UnixFile>::LinkedList()

.text._ZN10LinkedListI8UnixFileE10addElementEPS0_
                0x00000000c001bf78       0xd3
 .text._ZN10LinkedListI8UnixFileE10addElementEPS0_
                0x00000000c001bf78       0xd3 core/unixfile.32
                0x00000000c001bf78                LinkedList<UnixFile>::addElement(UnixFile*)

.text._ZN10LinkedListI8UnixFileE15getFirstElementEv
                0x00000000c001c04c        0x7
 .text._ZN10LinkedListI8UnixFileE15getFirstElementEv
                0x00000000c001c04c        0x7 core/unixfile.32
                0x00000000c001c04c                LinkedList<UnixFile>::getFirstElement()

.text._ZN10LinkedListI8UnixFileE11removeFirstEv
                0x00000000c001c054       0xa1
 .text._ZN10LinkedListI8UnixFileE11removeFirstEv
                0x00000000c001c054       0xa1 core/unixfile.32
                0x00000000c001c054                LinkedList<UnixFile>::removeFirst()

.text._ZN10LinkedListI8UnixFileE7getNextEPS0_
                0x00000000c001c0f6        0x8
 .text._ZN10LinkedListI8UnixFileE7getNextEPS0_
                0x00000000c001c0f6        0x8 core/unixfile.32
                0x00000000c001c0f6                LinkedList<UnixFile>::getNext(UnixFile*)

.text._ZN16DriverlessDeviceD2Ev
                0x00000000c001c0fe       0x1a
 .text._ZN16DriverlessDeviceD2Ev
                0x00000000c001c0fe       0x1a hal/device.32
                0x00000000c001c0fe                DriverlessDevice::~DriverlessDevice()
                0x00000000c001c0fe                DriverlessDevice::~DriverlessDevice()

.text._ZN16DriverlessDeviceD0Ev
                0x00000000c001c118       0x2a
 .text._ZN16DriverlessDeviceD0Ev
                0x00000000c001c118       0x2a hal/device.32
                0x00000000c001c118                DriverlessDevice::~DriverlessDevice()

.text._ZN10LinkedListI6DeviceE10addElementEPS0_
                0x00000000c001c142       0xdc
 .text._ZN10LinkedListI6DeviceE10addElementEPS0_
                0x00000000c001c142       0xdc hal/device.32
                0x00000000c001c142                LinkedList<Device>::addElement(Device*)

.text._ZN10LinkedListI6DeviceEC2Ev
                0x00000000c001c21e       0x42
 .text._ZN10LinkedListI6DeviceEC2Ev
                0x00000000c001c21e       0x42 hal/device.32
                0x00000000c001c21e                LinkedList<Device>::LinkedList()
                0x00000000c001c21e                LinkedList<Device>::LinkedList()

.text._ZN10LinkedListIV18ThreadControlBlockE7isEmptyEv
                0x00000000c001c260       0x1c
 .text._ZN10LinkedListIV18ThreadControlBlockE7isEmptyEv
                0x00000000c001c260       0x1c hal/timer.32
                0x00000000c001c260                LinkedList<ThreadControlBlock volatile>::isEmpty()

.text._ZN10LinkedListIV18ThreadControlBlockE15getFirstElementEv
                0x00000000c001c27c        0x7
 .text._ZN10LinkedListIV18ThreadControlBlockE15getFirstElementEv
                0x00000000c001c27c        0x7 hal/timer.32
                0x00000000c001c27c                LinkedList<ThreadControlBlock volatile>::getFirstElement()

.text._ZN10LinkedListIV18ThreadControlBlockE11removeFirstEv
                0x00000000c001c284       0xb8
 .text._ZN10LinkedListIV18ThreadControlBlockE11removeFirstEv
                0x00000000c001c284       0xb8 hal/timer.32
                0x00000000c001c284                LinkedList<ThreadControlBlock volatile>::removeFirst()

.text._ZN10LinkedListIV18ThreadControlBlockE10addElementEPS1_
                0x00000000c001c33c       0xda
 .text._ZN10LinkedListIV18ThreadControlBlockE10addElementEPS1_
                0x00000000c001c33c       0xda hal/timer.32
                0x00000000c001c33c                LinkedList<ThreadControlBlock volatile>::addElement(ThreadControlBlock volatile*)

.text._ZN4ACPID2Ev
                0x00000000c001c418       0x23
 .text._ZN4ACPID2Ev
                0x00000000c001c418       0x23 hw/acpi.32
                0x00000000c001c418                ACPI::~ACPI()
                0x00000000c001c418                ACPI::~ACPI()

.text._ZN4ACPID0Ev
                0x00000000c001c43c       0x2a
 .text._ZN4ACPID0Ev
                0x00000000c001c43c       0x2a hw/acpi.32