Archive member included to satisfy reference by file (symbol)

/cygdrive/d/Users/Alex/Desktop/Toolchain/Output/bin/../lib/gcc/i386-banana/8.1.0/libkgcc.a(_divdi3.o)
                              fs/fat/ff.32 (__divdi3)
/cygdrive/d/Users/Alex/Desktop/Toolchain/Output/bin/../lib/gcc/i386-banana/8.1.0/libkgcc.a(_moddi3.o)
                              compat/resolve.32 (__moddi3)
/cygdrive/d/Users/Alex/Desktop/Toolchain/Output/bin/../lib/gcc/i386-banana/8.1.0/libkgcc.a(_udivdi3.o)
                              fs/fat/ff.32 (__udivdi3)
/cygdrive/d/Users/Alex/Desktop/Toolchain/Output/bin/../lib/gcc/i386-banana/8.1.0/libkgcc.a(_umoddi3.o)
                              compat/resolve.32 (__umoddi3)
D:/Users/Alex/Desktop/Banana/kernel/libsoftfp.a(sfieeelib.o)
                              hal/libresample/src_linear.32 (__subsf3)
D:/Users/Alex/Desktop/Banana/kernel/libsoftfp.a(dfieeelib.o)
                              hal/libresample/src_linear.32 (__adddf3)
D:/Users/Alex/Desktop/Banana/kernel/libsoftfp.a(sfdfcvt.o)
                              hal/libresample/samplerate.32 (__truncdfsf2)
D:/Users/Alex/Desktop/Banana/kernel/libk/libm32.a(s_fabs.c.o)
                              hal/libresample/samplerate.32 (fabs)
D:/Users/Alex/Desktop/Banana/kernel/libk/libm32.a(s_lrint.S.o)
                              hal/libresample/samplerate.32 (lrint)
D:/Users/Alex/Desktop/Banana/kernel/libk/libm32.a(s_lrintf.S.o)
                              hal/sound/sndhw.32 (lrintf)

Discarded input sections

 .comment       0x0000000000000000       0x12 /cygdrive/d/Users/Alex/Desktop/Toolchain/Output/bin/../lib/gcc/i386-banana/8.1.0/crtbegin.o
 .comment       0x0000000000000000       0x12 acpica/utclib.32
 .comment       0x0000000000000000       0x12 core/malloc.32
 .comment       0x0000000000000000       0x12 libk/string.32
 .comment       0x0000000000000000       0x12 fs/fat/diskio.32
 .comment       0x0000000000000000       0x12 fs/fat/ff.32
 .comment       0x0000000000000000       0x12 fs/fat/ffsystem.32
 .comment       0x0000000000000000       0x12 fs/fat/ffunicode.32
 .comment       0x0000000000000000       0x12 hal/libresample/samplerate.32
 .comment       0x0000000000000000       0x12 hal/libresample/src_linear.32
 .comment       0x0000000000000000       0x12 hal/libresample/src_sinc.32
 .comment       0x0000000000000000       0x12 hal/libresample/src_zoh.32
 .comment       0x0000000000000000       0x12 compat/inlines.32
 .comment       0x0000000000000000       0x12 compat/resolve.32
 .group         0x0000000000000000       0x14 core/computer.32
 .group         0x0000000000000000        0xc core/computer.32
 .comment       0x0000000000000000       0x12 core/computer.32
 .comment       0x0000000000000000       0x12 core/gdt.32
 .group         0x0000000000000000        0xc core/idle.32
 .comment       0x0000000000000000       0x12 core/idle.32
 .comment       0x0000000000000000       0x12 core/idt.32
 .comment       0x0000000000000000       0x12 core/kheap.32
 .comment       0x0000000000000000       0x12 core/main.32
 .comment       0x0000000000000000       0x12 core/physmgr.32
 .group         0x0000000000000000        0xc core/pipe.32
 .comment       0x0000000000000000       0x12 core/pipe.32
 .group         0x0000000000000000        0xc core/terminal.32
 .comment       0x0000000000000000       0x12 core/terminal.32
 .comment       0x0000000000000000       0x12 core/tss.32
 .group         0x0000000000000000        0x8 core/unixfile.32
 .group         0x0000000000000000        0xc core/unixfile.32
 .group         0x0000000000000000        0xc core/unixfile.32
 .group         0x0000000000000000        0x8 core/unixfile.32
 .group         0x0000000000000000        0xc core/unixfile.32
 .group         0x0000000000000000        0x8 core/unixfile.32
 .group         0x0000000000000000        0xc core/unixfile.32
 .group         0x0000000000000000        0xc core/unixfile.32
 .comment       0x0000000000000000       0x12 core/unixfile.32
 .comment       0x0000000000000000       0x12 core/virtmgr.32
 .comment       0x0000000000000000       0x12 coreobjs/c++.32
 .comment       0x0000000000000000       0x12 dbg/kconsole.32
 .group         0x0000000000000000        0xc fs/vfs.32
 .group         0x0000000000000000        0xc fs/vfs.32
 .group         0x0000000000000000        0xc fs/vfs.32
 .comment       0x0000000000000000       0x12 fs/vfs.32
 .group         0x0000000000000000        0xc hal/bus.32
 .comment       0x0000000000000000       0x12 hal/bus.32
 .group         0x0000000000000000        0xc hal/buzzer.32
 .comment       0x0000000000000000       0x12 hal/buzzer.32
 .group         0x0000000000000000        0xc hal/clock.32
 .comment       0x0000000000000000       0x12 hal/clock.32
 .group         0x0000000000000000       0x14 hal/device.32
 .group         0x0000000000000000        0xc hal/device.32
 .group         0x0000000000000000        0xc hal/device.32
 .group         0x0000000000000000        0xc hal/device.32
[...]
Memory Configuration

Name             Origin             Length             Attributes
*default*        0x0000000000000000 0xffffffffffffffff

Linker script and memory map

LOAD D:/Users/Alex/Desktop/Banana/kernel/boot.32
LOAD crti.32
LOAD /cygdrive/d/Users/Alex/Desktop/Toolchain/Output/bin/../lib/gcc/i386-banana/8.1.0/crtbegin.o
LOAD D:/Users/Alex/Desktop/Banana/kernel/morenasm.32
LOAD acpica/utclib.32
LOAD core/malloc.32
LOAD libk/string.32
LOAD fs/fat/diskio.32
LOAD fs/fat/ff.32
LOAD fs/fat/ffsystem.32
LOAD fs/fat/ffunicode.32
LOAD hal/libresample/samplerate.32
LOAD hal/libresample/src_linear.32
LOAD hal/libresample/src_sinc.32
LOAD hal/libresample/src_zoh.32
LOAD compat/inlines.32
LOAD compat/resolve.32
LOAD core/computer.32
LOAD core/gdt.32
LOAD core/idle.32
LOAD core/idt.32
LOAD core/kheap.32
LOAD core/main.32
LOAD core/physmgr.32
LOAD core/pipe.32
LOAD core/terminal.32
LOAD core/tss.32
LOAD core/unixfile.32
LOAD core/virtmgr.32
LOAD coreobjs/c++.32
LOAD dbg/kconsole.32
LOAD fs/vfs.32
LOAD hal/bus.32
LOAD hal/buzzer.32
LOAD hal/clock.32
LOAD hal/device.32
LOAD hal/diskctrl.32
LOAD hal/diskphys.32
LOAD hal/fpu.32
LOAD hal/intctrl.32
LOAD hal/keybrd.32
LOAD hal/logidisk.32
LOAD hal/mouse.32
LOAD hal/partition.32
LOAD hal/serial.32
LOAD hal/timer.32
LOAD hal/vcache.32
LOAD hal/video.32
LOAD hw/acpi.32
LOAD hw/cpu.32
LOAD hw/ports.32
LOAD hw/smp.32
LOAD krnl/env.32
LOAD krnl/panic.32
LOAD net/ethernet.32
LOAD reg/registry.32
LOAD sys/sc_eject.32
LOAD sys/sc_exit.32
LOAD sys/sc_getcwd.32
LOAD sys/sc_getpid.32
LOAD sys/sc_getramdata.32
LOAD sys/sc_getvgaptr.32
LOAD sys/sc_loaddll.32
LOAD sys/sc_read.32
LOAD sys/sc_sbrk.32
LOAD sys/sc_setcwd.32
LOAD sys/sc_settime.32
LOAD sys/sc_timezone.32
LOAD sys/sc_write.32
LOAD sys/sc_wsbe.32
LOAD sys/sc_yield.32
LOAD sys/syscalls.32
LOAD thr/elf.32
LOAD thr/prcssthr.32
LOAD vm86/vm8086.32
LOAD vm86/x87em.32
LOAD fs/fat/vfslink.32
LOAD fs/iso9660/vfslink.32
LOAD hal/sound/sndchannel.32
LOAD hal/sound/sndhw.32
LOAD hw/bus/isa.32
LOAD hw/bus/pci.32
LOAD hw/diskctrl/ide.32
LOAD hw/diskctrl/satabus.32
LOAD hw/diskphys/ata.32
LOAD hw/diskphys/atapi.32
LOAD hw/diskphys/sata.32
LOAD hw/diskphys/satapi.32
LOAD hw/fpu/avx.32
LOAD hw/fpu/mmx.32
LOAD hw/fpu/sse.32
LOAD hw/fpu/x87.32
LOAD hw/intctrl/apic.32
LOAD hw/intctrl/pic.32
LOAD hw/timer/apictimer.32
LOAD hw/timer/pit.32
LOAD hw/fpu/x86/avx.32
LOAD hw/fpu/x86/sse.32
LOAD hw/fpu/x86/x87.32
LOAD /cygdrive/d/Users/Alex/Desktop/Toolchain/Output/bin/../lib/gcc/i386-banana/8.1.0/crtend.o
LOAD crtn.32
LOAD /cygdrive/d/Users/Alex/Desktop/Toolchain/Output/bin/../lib/gcc/i386-banana/8.1.0/libkgcc.a
LOAD D:/Users/Alex/Desktop/Banana/kernel/libsoftfp.a
LOAD D:/Users/Alex/Desktop/Banana/kernel/libk/libm32.a
                0x00000000c0000000                . = 0xc0000000

.text           0x00000000c0000000    0x28e48
 *(.text)
 .text          0x00000000c0000000       0x41 D:/Users/Alex/Desktop/Banana/kernel/boot.32
                0x00000000c0000020                callGlobalConstructors
 .text          0x00000000c0000041        0x0 crti.32
 *fill*         0x00000000c0000041        0x3 
 .text          0x00000000c0000044      0x101 /cygdrive/d/Users/Alex/Desktop/Toolchain/Output/bin/../lib/gcc/i386-banana/8.1.0/crtbegin.o
 *fill*         0x00000000c0000145        0xb 
 .text          0x00000000c0000150      0x4fb D:/Users/Alex/Desktop/Banana/kernel/morenasm.32
                0x00000000c0000150                manualPCIProbe
                0x00000000c000019b                prepareTramp
                0x00000000c00001b4                voodooXADD
                0x00000000c000027f                doTPAUSE
                0x00000000c0000289                hasLegacyFPU
                0x00000000c00002ae                is486
                0x00000000c00002e4                detectCPUID
                0x00000000c00002fa                goToVM86
                0x00000000c000032a                goToUsermode
                0x00000000c0000354                switchToThreadASMFirstTime
                0x00000000c0000362                switchToThreadASM
                0x00000000c00003f2                asmQuickAcquireLock
                0x00000000c0000410                asmQuickReleaseLock
                0x00000000c000041c                asmAcquireLock
                0x00000000c000043d                asmReleaseLock
                0x00000000c0000450                loadGDT
                0x00000000c0000470                isr0
                0x00000000c0000480                isr1
                0x00000000c000048a                isr2
                0x00000000c0000494                isr3
                0x00000000c000049e                isr4
                0x00000000c00004a8                isr5
                0x00000000c00004b2                isr6
                0x00000000c00004bc                isr7
                0x00000000c00004c6                isr8
                0x00000000c00004ce                isr9
                0x00000000c00004d8                isr10
                0x00000000c00004e0                isr11
                0x00000000c00004e8                isr12
                0x00000000c00004f0                isr13
                0x00000000c00004f8                isr14
                0x00000000c0000500                isr15
                0x00000000c000050a                isr16
                0x00000000c0000514                isr17
                0x00000000c000051e                isr18
                0x00000000c0000528                irq3
                0x00000000c0000532                irq4
                0x00000000c000053c                irq5
                0x00000000c0000546                irq6
                0x00000000c0000550                irq7
                0x00000000c000055a                irq8
                0x00000000c0000564                irq9
                0x00000000c000056e                irq10
                0x00000000c0000578                irq11
                0x00000000c0000582                irq12
                0x00000000c000058c                irq13
                0x00000000c0000596                irq14
                0x00000000c00005a0                irq15
                0x00000000c00005aa                irq1
                0x00000000c00005b1                irq2
                0x00000000c00005b8                isr96
                0x00000000c00005bf                irq0
                0x00000000c00005c4                syscall_common_stub
                0x00000000c00005c4                int_common_stub
                0x00000000c00005f6                irq16
                0x00000000c0000600                irq17
                0x00000000c000060a                irq18
                0x00000000c0000614                irq19
                0x00000000c000061e                irq20
                0x00000000c0000628                irq21
                0x00000000c0000632                irq22
                0x00000000c000063c                irq23
                0x00000000c0000646                memcpy
 *fill*         0x00000000c000064b        0x1 
 .text          0x00000000c000064c      0x5dd acpica/utclib.32
                0x00000000c000064c                memcmp
                0x00000000c0000688                memmove
                0x00000000c0000750                memset
                0x00000000c000076c                strlen
                0x00000000c0000784                strpbrk
                0x00000000c00007c0                strtok
                0x00000000c000080c                strcpy
                0x00000000c0000830                strncpy
                0x00000000c0000898                strcmp
                0x00000000c00008d8                strchr
                0x00000000c00008fc                strncmp
                0x00000000c000094c                strcat
                0x00000000c000097c                strncat
                0x00000000c00009b8                strstr
                0x00000000c0000a00                toupper
                0x00000000c0000a14                tolower
                0x00000000c0000a28                simple_strtoul
 .text          0x00000000c0000c29      0xfad core/malloc.32
                0x00000000c0000d94                dlfree
                0x00000000c00010ef                dlmalloc
                0x00000000c000162c                dlrealloc
                0x00000000c00017cf                dlmemalign
                0x00000000c00018f2                dlcalloc
                0x00000000c000198c                dlcfree
                0x00000000c0001991                dlindependent_calloc
                0x00000000c00019b6                dlindependent_comalloc
                0x00000000c00019cd                dlvalloc
                0x00000000c00019f8                dlpvalloc
                0x00000000c0001a2e                dlmalloc_trim
                0x00000000c0001a3b                dlmalloc_usable_size
                0x00000000c0001a6c                dlmallinfo
                0x00000000c0001b3b                dlmalloc_stats
                0x00000000c0001b4c                dlmallopt
 .text          0x00000000c0001bd6        0x0 libk/string.32
 .text          0x00000000c0001bd6       0x51 fs/fat/diskio.32
                0x00000000c0001bd6                disk_status
                0x00000000c0001bd9                disk_initialize
                0x00000000c0001bdc                disk_read
                0x00000000c0001bf2                disk_write
                0x00000000c0001c08                disk_ioctl
 .text          0x00000000c0001c27     0x6833 fs/fat/ff.32
                0x00000000c0004ef5                f_mount
                0x00000000c0004f57                f_open
                0x00000000c0005393                f_read
                0x00000000c0005613                f_write
                0x00000000c00058cd                f_sync
                0x00000000c0005aa9                f_close
                0x00000000c0005ad8                f_lseek
                0x00000000c0005f8f                f_opendir
                0x00000000c0006091                f_closedir
                0x00000000c00060b3                f_readdir
                0x00000000c000614e                f_stat
                0x00000000c00061dd                f_getfree
                0x00000000c00063a8                f_truncate
                0x00000000c00064a0                f_unlink
                0x00000000c0006623                f_mkdir
                0x00000000c000684f                f_rename
                0x00000000c0006b42                f_chmod
                0x00000000c0006c20                f_utime
                0x00000000c0006cfe                f_getlabel
                0x00000000c0006eec                f_setlabel
                0x00000000c0007159                f_forward
                0x00000000c0007337                f_mkfs
 .text          0x00000000c000845a       0x2d fs/fat/ffsystem.32
                0x00000000c000845a                ff_memalloc
                0x00000000c0008470                ff_memfree
 .text          0x00000000c0008487      0x253 fs/fat/ffunicode.32
                0x00000000c0008487                ff_uni2oem
                0x00000000c0008517                ff_oem2uni
                0x00000000c0008583                ff_wtoupper
 .text          0x00000000c00086da      0x8fb hal/libresample/samplerate.32
                0x00000000c000871e                src_delete
                0x00000000c000875a                src_process
                0x00000000c0008910                src_callback_read
                0x00000000c0008a8d                src_set_ratio
                0x00000000c0008af7                src_get_channels
                0x00000000c0008b19                src_reset
                0x00000000c0008b65                src_new
                0x00000000c0008bf3                src_callback_new
                0x00000000c0008c55                src_get_name
                0x00000000c0008c8c                src_get_description
                0x00000000c0008cc3                src_get_version
                0x00000000c0008cc9                src_is_valid_ratio
                0x00000000c0008d1d                src_error
                0x00000000c0008d2b                src_strerror
                0x00000000c0008d3e                src_simple
                0x00000000c0008d91                src_short_to_float_array
                0x00000000c0008df6                src_float_to_short_array
                0x00000000c0008eb5                src_int_to_float_array
                0x00000000c0008f18                src_float_to_int_array
 .text          0x00000000c0008fd5      0x8cb hal/libresample/src_linear.32
                0x00000000c00097fb                linear_get_name
                0x00000000c000980a                linear_get_description
                0x00000000c0009819                linear_set_converter
 .text          0x00000000c00098a0     0x447c hal/libresample/src_sinc.32
                0x00000000c000dc33                sinc_get_name
                0x00000000c000dc46                sinc_get_description
                0x00000000c000dc59                sinc_set_converter
 .text          0x00000000c000dd1c      0x77c hal/libresample/src_zoh.32
                0x00000000c000e3f3                zoh_get_name
                0x00000000c000e402                zoh_get_description
                0x00000000c000e411                zoh_set_converter
 .text          0x00000000c000e498       0xa7 compat/inlines.32
                0x00000000c000e498                CPU::current()
                0x00000000c000e4a4                operator new(unsigned long)
                0x00000000c000e4a9                operator delete(void*)
                0x00000000c000e4ae                disableIRQs()
                0x00000000c000e4b6                enableIRQs()
                0x00000000c000e4c5                lockScheduler()
                0x00000000c000e4cd                unlockScheduler()
                0x00000000c000e4dc                lockStuff()
                0x00000000c000e4ea                unlockStuff()
                0x00000000c000e524                Virt::getAKernelVAS()
                0x00000000c000e52a                __not_memcpy
 .text          0x00000000c000e53f      0x111 compat/resolve.32
                0x00000000c000e53f                Krnl::resolveCompatibilitySymbol(char*)
 .text          0x00000000c000e650      0xa17 core/computer.32
                0x00000000c000e650                Computer::close(int, int, void*)
                0x00000000c000e694                Krnl::firstTask()
                0x00000000c000e784                Computer::Computer()
                0x00000000c000e784                Computer::Computer()
                0x00000000c000e8e0                Computer::setBootMessage(char const*)
                0x00000000c000e8e2                Computer::detectFeatures()
                0x00000000c000eaec                Computer::displayFeatures()
                0x00000000c000ee32                Computer::rdmsr(unsigned int)
                0x00000000c000ee5e                Computer::wrmsr(unsigned int, unsigned long long)
                0x00000000c000ee96                Computer::nmiEnabled()
                0x00000000c000eea2                Computer::readCMOS(unsigned char)
                0x00000000c000eebc                Computer::enableNMI(bool)
                0x00000000c000eed4                Computer::open(int, int, void*)
                0x00000000c000efaa                Computer::disableNMI()
                0x00000000c000efb8                Computer::writeCMOS(unsigned char, unsigned char)
                0x00000000c000efd6                Computer::handleNMI()
                0x00000000c000f03c                Computer::setDiskActivityLight(int, bool)
 *fill*         0x00000000c000f067        0x1 
 .text          0x00000000c000f068      0x1b7 core/gdt.32
                0x00000000c000f068                GDTEntry::setBase(unsigned int)
                0x00000000c000f084                GDTEntry::setLimit(unsigned int)
                0x00000000c000f0a2                GDT::GDT()
                0x00000000c000f0a2                GDT::GDT()
                0x00000000c000f0b8                GDT::addEntry(GDTEntry)
                0x00000000c000f0f4                GDT::getNumberOfEntries()
                0x00000000c000f0fc                GDT::flush()
                0x00000000c000f11e                GDT::setup()
 .text          0x00000000c000f21f       0x6b core/idle.32
                0x00000000c000f21f                idleFunction(void*)
 .text          0x00000000c000f28a      0x45e core/idt.32
                0x00000000c000f28a                IDTEntry::IDTEntry(bool)
                0x00000000c000f28a                IDTEntry::IDTEntry(bool)
                0x00000000c000f2f8                IDTEntry::setOffset(unsigned int)
                0x00000000c000f30c                IDT::IDT()
                0x00000000c000f30c                IDT::IDT()
                0x00000000c000f30e                IDT::getPointerToInvalidOpcodeEntryForF00F()
                0x00000000c000f316                IDT::addEntry(IDTEntry, int)
                0x00000000c000f330                IDT::addEntry(int, void (*)(), bool)
                0x00000000c000f368                IDT::flush()
                0x00000000c000f382                IDT::setup()
 .text          0x00000000c000f6e8      0x1fe core/kheap.32
                0x00000000c000f6e8                sbrk
                0x00000000c000f7f5                mmap
                0x00000000c000f80b                munmap
                0x00000000c000f821                liballoc_lock()
                0x00000000c000f82e                liballoc_unlock()
                0x00000000c000f842                liballoc_alloc(int)
                0x00000000c000f85d                liballoc_free(void*, int)
                0x00000000c000f878                realloc
                0x00000000c000f88c                malloc
                0x00000000c000f89c                free
                0x00000000c000f8ac                rfree
                0x00000000c000f8bc                calloc
 .text          0x00000000c000f8e6       0xc3 core/main.32
                0x00000000c000f8e6                kernel_main
 .text          0x00000000c000f9a9      0x50d core/physmgr.32
                0x00000000c000f9a9                Phys::allocateDMA(unsigned long)
                0x00000000c000fa4c                Phys::freeDMA(unsigned long, unsigned long)
                0x00000000c000fa94                Phys::setPageState(unsigned long, bool)
                0x00000000c000fac6                Phys::getPageState(unsigned long)
                0x00000000c000fae2                Phys::freePage(unsigned long)
                0x00000000c000fb3d                Phys::allocatePage()
                0x00000000c000fbf2                Phys::allocateContiguousPages(int)
                0x00000000c000fc4e                Phys::allowSegmentToBeUsed(unsigned long, unsigned long)
                0x00000000c000fc86                Phys::physicalMemorySetup(unsigned int)
 .text          0x00000000c000feb6      0x273 core/pipe.32
                0x00000000c000feb6                Pipe::isAtty()
                0x00000000c000feba                Pipe::~Pipe()
                0x00000000c000feba                Pipe::~Pipe()
                0x00000000c000fede                Pipe::~Pipe()
                0x00000000c000ff06                Pipe::read(unsigned long long, void*, int*)
                0x00000000c0010002                Pipe::write(unsigned long long, void*, int*)
                0x00000000c00100c2                Pipe::Pipe(int)
                0x00000000c00100c2                Pipe::Pipe(int)
 *fill*         0x00000000c0010129        0x1 
 .text          0x00000000c001012a      0xc7b core/terminal.32
                0x00000000c001012a                VgaText::isAtty()
                0x00000000c001012e                VgaText::~VgaText()
                0x00000000c001012e                VgaText::~VgaText()
                0x00000000c0010152                VgaText::~VgaText()
                0x00000000c001017c                VgaText::read(unsigned long long, void*, int*)
                0x00000000c001019c                setTerminalScrollLock(bool)
                0x00000000c001019d                addToTerminalCycle(VgaText*)
                0x00000000c00101be                installVgaTextImplementation()
                0x00000000c00101d3                scrollTerminalScrollLock(int)
                0x00000000c00101d4                VgaText::updateTitle()
                0x00000000c0010212                VgaText::load()
                0x00000000c0010260                VgaText::updateCursor()
                0x00000000c0010276                VgaText::showCursor(bool)
                0x00000000c0010282                VgaText::disableBlink(bool)
                0x00000000c00102b6                VgaText::doANSI_SGR(int)
                0x00000000c001032a                VgaText::setDefaultBgColour(VgaColour)
                0x00000000c001033a                VgaText::setDefaultFgColour(VgaColour)
                0x00000000c001034a                VgaText::setDefaultColours(VgaColour, VgaColour)
                0x00000000c001036a                VgaText::setTitleTextColour(VgaColour)
                0x00000000c001037a                VgaText::setTitleColour(VgaColour)
                0x00000000c001038a                VgaText::setTitle(char*)
                0x00000000c00103b0                VgaText::combineColours(unsigned char, unsigned char)
                0x00000000c00103c2                VgaText::scrollScreen()
                0x00000000c0010456                VgaText::combineCharAndColour(char, unsigned char)
                0x00000000c0010468                VgaText::writeCharacter(char, VgaColour, VgaColour, int, int)
                0x00000000c00104c4                VgaText::getCursorX()
                0x00000000c00104cc                VgaText::getCursorY()
                0x00000000c00104d4                VgaText::setCursor(int, int)
                0x00000000c00104ec                VgaText::setCursorX(int)
                0x00000000c0010504                VgaText::setCursorY(int)
                0x00000000c001051c                VgaText::incrementCursor(bool)
                0x00000000c0010570                VgaText::decrementCursor(bool)
                0x00000000c0010592                VgaText::putchar(char, VgaColour, VgaColour)
                0x00000000c001066a                VgaText::isShowingCursor()
                0x00000000c0010672                VgaText::isBlinkDisabled()
                0x00000000c001067e                VgaText::setCursorHeight(int)
                0x00000000c0010696                VgaText::getCursorHeight()
                0x00000000c001069e                setActiveTerminal(VgaText*)
                0x00000000c0010744                doTerminalCycle()
                0x00000000c001075e                VgaText::doUpdate()
                0x00000000c001076c                VgaText::puts(char const*, VgaColour, VgaColour)
                0x00000000c00108e4                VgaText::clearScreen()
                0x00000000c001093e                VgaText::putchar(char)
                0x00000000c0010a2a                VgaText::putx(unsigned int)
                0x00000000c0010a70                VgaText::puts(char const*)
                0x00000000c0010a96                VgaText::VgaText(char const*)
                0x00000000c0010a96                VgaText::VgaText(char const*)
                0x00000000c0010c44                VgaText::receiveKey(unsigned char)
                0x00000000c0010d2c                VgaText::write(unsigned long long, void*, int*)
                0x00000000c0010d80                newTerminal(char*)
 *fill*         0x00000000c0010da5        0x1 
 .text          0x00000000c0010da6      0x1b3 core/tss.32
                0x00000000c0010da6                TSS::TSS()
                0x00000000c0010da6                TSS::TSS()
                0x00000000c0010db4                TSS::setESP(unsigned long)
                0x00000000c0010dc6                TSS::flush()
                0x00000000c0010de6                TSS::setup(unsigned long, unsigned long)
 *fill*         0x00000000c0010f59        0x1 
 .text          0x00000000c0010f5a      0x4c2 core/unixfile.32
                0x00000000c0010f5a                ReservedFilename::read(unsigned long long, void*, int*)
                0x00000000c0010fb0                ReservedFilename::isAtty()
                0x00000000c0010fcc                ReservedFilename::write(unsigned long long, void*, int*)
                0x00000000c001102a                UnixFile::getFileDescriptor()
                0x00000000c0011032                UnixFile::UnixFile(int)
                0x00000000c0011032                UnixFile::UnixFile(int)
                0x00000000c00111e2                ReservedFilename::ReservedFilename(int)
                0x00000000c00111e2                ReservedFilename::ReservedFilename(int)
                0x00000000c0011214                UnixFile::~UnixFile()
                0x00000000c0011214                UnixFile::~UnixFile()
                0x00000000c00112ac                UnixFile::~UnixFile()
                0x00000000c00112d4                ReservedFilename::~ReservedFilename()
                0x00000000c00112d4                ReservedFilename::~ReservedFilename()
                0x00000000c00112f8                ReservedFilename::~ReservedFilename()
                0x00000000c001131f                getFromFileDescriptor(int)
 .text          0x00000000c001141c     0x12f9 core/virtmgr.32
                0x00000000c001141c                Virt::setPageState(unsigned long, Virt::VirtPageState)
                0x00000000c0011451                Virt::getPageState(unsigned long)
                0x00000000c0011475                Virt::allocateKernelVirtualPages(int)
                0x00000000c0011586                Virt::freeSwapfilePage(unsigned long)
                0x00000000c00115a4                Virt::swapIDToSector(unsigned long)
                0x00000000c00115b6                Virt::allocateSwapfilePage()
                0x00000000c0011634                Virt::virtualMemorySetup()
                0x00000000c00116b3                Virt::setupPageSwapping(int)
                0x00000000c0011880                VAS::VAS()
                0x00000000c0011880                VAS::VAS()
                0x00000000c00118bc                VAS::VAS(VAS*)
                0x00000000c00118bc                VAS::VAS(VAS*)
                0x00000000c00118ea                VAS::getForeignPageTableEntry(bool, unsigned long)
                0x00000000c0011916                VAS::getPageTableEntry(unsigned long)
                0x00000000c0011935                Virt::freeKernelVirtualPages(unsigned long)
                0x00000000c0011a58                VAS::freeAllocatedPages(unsigned long)
                0x00000000c0011a7c                VAS::virtualToPhysical(unsigned long)
                0x00000000c0011a94                VAS::reflagRange(unsigned long, int, int, int)
                0x00000000c0011ad4                VAS::setToWriteCombining(unsigned long, int)
                0x00000000c0011b06                VAS::mapOtherVASIn(bool, VAS*)
                0x00000000c0011b30                VAS::~VAS()
                0x00000000c0011b30                VAS::~VAS()
                0x00000000c0011cac                VAS::mapPage(unsigned long, unsigned long, int)
                0x00000000c0011dae                VAS::allocatePages(int, int)
                0x00000000c0011f86                VAS::setCPUSpecific(unsigned long)
                0x00000000c0011fa2                VAS::mapRange(unsigned long, unsigned long, int, int)
                0x00000000c0012068                VAS::mapForeignPage(bool, VAS*, unsigned long, unsigned long, int)
                0x00000000c0012156                VAS::VAS(bool)
                0x00000000c0012156                VAS::VAS(bool)
                0x00000000c00123d6                VAS::evict(unsigned long)
                0x00000000c0012498                VAS::tryLoadBackOffDisk(unsigned long)
                0x00000000c00125a8                VAS::scanForEviction()
                0x00000000c0012659                mapVASFirstTime
 .text          0x00000000c0012715       0x95 coreobjs/c++.32
                0x00000000c0012715                __cxa_atexit
                0x00000000c0012718                __cxa_finalize
                0x00000000c0012719                __stack_chk_fail
                0x00000000c0012785                __cxa_pure_virtual
                0x00000000c0012796                operator new[](unsigned long)
                0x00000000c001279b                operator delete(void*, unsigned long)
                0x00000000c00127a0                operator delete[](void*)
                0x00000000c00127a5                operator delete[](void*, unsigned long)
 .text          0x00000000c00127aa      0x1ef dbg/kconsole.32
                0x00000000c00127aa                Dbg::stringifyxWithBase(unsigned int, char*, int)
                0x00000000c001280b                Dbg::logc(char)
                0x00000000c0012822                Dbg::logs(char*)
                0x00000000c001283f                Dbg::logWriteInt(unsigned int)
                0x00000000c001285c                Dbg::logWriteIntBase(unsigned int, int)
                0x00000000c001287b                Dbg::kprintf(char const*, ...)
 *fill*         0x00000000c0012999        0x1 
 .text          0x00000000c001299a      0xb82 fs/vfs.32
                0x00000000c001299a                File::read(unsigned long long, void*, int*)
                0x00000000c00129f2                File::write(unsigned long long, void*, int*)
                0x00000000c0012a4a                Directory::read(unsigned long long, void*, int*)
                0x00000000c0012aa2                Directory::write(unsigned long long, void*, int*)
                0x00000000c0012ad0                File::isAtty()
                0x00000000c0012ad4                Directory::isAtty()
                0x00000000c0012ad8                Filesystem::getlabel(LogicalDisk*, int, char*, unsigned int*)
                0x00000000c0012ade                Filesystem::setlabel(LogicalDisk*, int, char*)
                0x00000000c0012ae4                Filesystem::getFileFirstSector(char const*)
                0x00000000c0012aea                File::~File()
                0x00000000c0012aea                File::~File()
                0x00000000c0012b0e                File::~File()
                0x00000000c0012b38                Directory::~Directory()
                0x00000000c0012b38                Directory::~Directory()
                0x00000000c0012b5c                Directory::~Directory()
                0x00000000c0012b86                Filesystem::Filesystem()
                0x00000000c0012b86                Filesystem::Filesystem()
                0x00000000c0012baa                Filesystem::~Filesystem()
                0x00000000c0012baa                Filesystem::~Filesystem()
                0x00000000c0012bb8                Filesystem::~Filesystem()
                0x00000000c0012bdc                Fs::getcwd(Process*, char*, int)
                0x00000000c0012c06                Fs::initVFS()
                0x00000000c0012c30                Fs::standardiseFiles(char*, char const*, char const*)
                0x00000000c0012dda                File::File(char const*, Process*)
                0x00000000c0012dda                File::File(char const*, Process*)
                0x00000000c0012e3e                File::open(FileOpenMode)
                0x00000000c0012e9c                File::close()
                0x00000000c0012efc                File::seek(unsigned long long)
                0x00000000c0012f52                File::tell(unsigned long long*)
                0x00000000c0012fa2                File::rewind()
                0x00000000c0012fb6                File::unlink()
                0x00000000c0013002                File::rename(char const*)
                0x00000000c0013050                File::chfatattr(unsigned char, unsigned char)
                0x00000000c00130ac                File::exists()
                0x00000000c00130ea                File::stat(unsigned long long*, bool*)
                0x00000000c001314b                Fs::setcwd(Process*, char*)
                0x00000000c0013286                Directory::Directory(char const*, Process*)
                0x00000000c0013286                Directory::Directory(char const*, Process*)
                0x00000000c00132ea                Directory::open()
                0x00000000c0013346                Directory::close()
                0x00000000c00133a6                Directory::unlink()
                0x00000000c00133f2                Directory::rename(char const*)
                0x00000000c0013440                Directory::exists()
                0x00000000c001347e                Directory::read(dirent*)
                0x00000000c00134ca                Directory::create()
                0x00000000c0013516                Filesystem::chfatattr(char const*, unsigned char, unsigned char)
 .text          0x00000000c001351c       0x84 hal/bus.32
                0x00000000c001351c                Bus::Bus(char const*)
                0x00000000c001351c                Bus::Bus(char const*)
                0x00000000c0013552                Bus::~Bus()
                0x00000000c0013552                Bus::~Bus()
                0x00000000c0013576                Bus::~Bus()
 .text          0x00000000c00135a0      0x156 hal/buzzer.32
                0x00000000c00135a0                Buzzer::Buzzer(char const*)
                0x00000000c00135a0                Buzzer::Buzzer(char const*)
                0x00000000c00135e4                Buzzer::~Buzzer()
                0x00000000c00135e4                Buzzer::~Buzzer()
                0x00000000c0013608                Buzzer::~Buzzer()
                0x00000000c0013632                Buzzer::stop()
                0x00000000c0013645                beepThread(void*)
                0x00000000c0013688                Buzzer::beep(int, int, bool)
 .text          0x00000000c00136f6      0x467 hal/clock.32
                0x00000000c00136f6                User::loadClockSettings(int)
                0x00000000c0013748                Clock::Clock(char const*)
                0x00000000c0013748                Clock::Clock(char const*)
                0x00000000c001377e                Clock::~Clock()
                0x00000000c001377e                Clock::~Clock()
                0x00000000c00137a2                Clock::~Clock()
                0x00000000c00137cc                Clock::timeInSecondsLocal()
                0x00000000c0013814                Clock::setTimeInSecondsLocal(unsigned long long)
                0x00000000c001386d                datetimeToSeconds(datetime_t)
                0x00000000c0013994                Clock::setTimeInDatetimeLocal(datetime_t)
                0x00000000c00139f4                secondsToDatetime(unsigned long long)
                0x00000000c0013b38                Clock::timeInDatetimeLocal()
 *fill*         0x00000000c0013b5d        0x1 
 .text          0x00000000c0013b5e      0x504 hal/device.32
                0x00000000c0013b5e                Device::hibernate()
                0x00000000c0013b60                Device::wake()
                0x00000000c0013b62                Device::detect()
                0x00000000c0013b64                Device::disableLegacy()
                0x00000000c0013b66                Device::powerSaving(PowerSavingLevel)
                0x00000000c0013b68                DriverlessDevice::close(int, int, void*)
                0x00000000c0013b6c                DriverlessDevice::detect()
                0x00000000c0013b6e                DriverlessDevice::open(int, int, void*)
                0x00000000c0013b82                Device::~Device()
                0x00000000c0013b82                Device::~Device()
                0x00000000c0013b90                Device::~Device()
                0x00000000c0013bb8                Device::findAndLoadDriver()
                0x00000000c0013bc6                Device::preOpenPCI(PCIDeviceInfo)
                0x00000000c0013bec                Device::preOpenACPI(void*, char*, char*)
                0x00000000c0013c2c                Device::addIRQHandler(int, void (*)(regs*, void*), bool, void*)
                0x00000000c0013c6a                Device::getParent()
                0x00000000c0013c76                Device::removeIRQHandler(int, void (*)(regs*, void*), bool)
                0x00000000c0013cb4                Device::addChild(Device*)
                0x00000000c0013cf8                Device::removeAllChildren()
                0x00000000c0013d3e                Device::hibernateAll()
                0x00000000c0013d6e                Device::wakeAll()
                0x00000000c0013d9e                Device::detectAll()
                0x00000000c0013dce                Device::disableLegacyAll()
                0x00000000c0013dfe                Device::loadDriversForAll()
                0x00000000c0013e3e                Device::closeAll()
                0x00000000c0013e74                Device::powerSavingAll(PowerSavingLevel)
                0x00000000c0013eaa                Device::setName(char const*)
                0x00000000c0013eb8                Device::Device(char const*)
                0x00000000c0013eb8                Device::Device(char const*)
                0x00000000c0013fb4                Device::getName()
                0x00000000c0013fbe                DriverlessDevice::DriverlessDevice(char const*)
                0x00000000c0013fbe                DriverlessDevice::DriverlessDevice(char const*)
                0x00000000c0013ff4                Device::addToLinkedList(LinkedList<Device>&, DeviceType)
                0x00000000c0014038                getDevicesOfType(DeviceType)
 .text          0x00000000c0014062       0x84 hal/diskctrl.32
                0x00000000c0014062                HardDiskController::HardDiskController(char const*)
                0x00000000c0014062                HardDiskController::HardDiskController(char const*)
                0x00000000c0014098                HardDiskController::~HardDiskController()
                0x00000000c0014098                HardDiskController::~HardDiskController()
                0x00000000c00140bc                HardDiskController::~HardDiskController()
 .text          0x00000000c00140e6       0xf2 hal/diskphys.32
                0x00000000c00140e6                PhysicalDisk::eject()
                0x00000000c00140fa                PhysicalDisk::PhysicalDisk(char const*, int)
                0x00000000c00140fa                PhysicalDisk::PhysicalDisk(char const*, int)
                0x00000000c0014162                PhysicalDisk::startCache()
                0x00000000c001418a                PhysicalDisk::~PhysicalDisk()
                0x00000000c001418a                PhysicalDisk::~PhysicalDisk()
                0x00000000c00141ae                PhysicalDisk::~PhysicalDisk()
 .text          0x00000000c00141d8      0x13b hal/fpu.32
                0x00000000c00141d8                FPU::FPU(char const*)
                0x00000000c00141d8                FPU::FPU(char const*)
                0x00000000c001420e                FPU::~FPU()
                0x00000000c001420e                FPU::~FPU()
                0x00000000c0014232                FPU::~FPU()
                0x00000000c001425c                setupFPU()
 *fill*         0x00000000c0014313        0x1 
 .text          0x00000000c0014314     0x1413 hal/intctrl.32
                0x00000000c0014314                InterruptController::uninstallISRHandler(int, void (*)(regs*, void*))
                0x00000000c001434c                InterruptController::installISRHandler(int, void (*)(regs*, void*), void*)
                0x00000000c001439e                doubleFault(regs*, void*)
                0x00000000c00143b8                InterruptController::installIRQHandler(int, void (*)(regs*, void*), bool, void*)
                0x00000000c0014454                InterruptController::clearAllHandlers(int, bool)
                0x00000000c00144fc                InterruptController::uninstallIRQHandler(int, void (*)(regs*, void*), bool)
                0x00000000c0014583                nmiHandler(regs*, void*)
                0x00000000c0014591                int_handler
                0x00000000c0014632                InterruptController::InterruptController(char const*)
                0x00000000c0014632                InterruptController::InterruptController(char const*)
                0x00000000c00146d8                InterruptController::~InterruptController()
                0x00000000c00146d8                InterruptController::~InterruptController()
                0x00000000c00146fc                InterruptController::~InterruptController()
                0x00000000c0014726                displayDebugInfo(regs*)
                0x00000000c0014bb5                x87EmulHandler(regs*, void*)
                0x00000000c0014c28                gpFault(regs*, void*)
                0x00000000c0014c61                pgFault(regs*, void*)
                0x00000000c0014c78                otherISRHandler(regs*, void*)
                0x00000000c0014c97                opcodeFault(regs*, void*)
                0x00000000c00152b4                displayProgramFault(char const*)
                0x00000000c00152dc                setupInterruptController()
                0x00000000c00156da                InterruptController::convertLegacyIRQNumber(int)
 *fill*         0x00000000c0015727        0x1 
 .text          0x00000000c0015728      0x794 hal/keybrd.32
                0x00000000c0015728                startGUI(void*)
                0x00000000c0015794                startGUIVESA(void*)
                0x00000000c0015800                sendKeyToTerminal(unsigned char)
                0x00000000c00158be                sendKeyboardToken(KeyboardToken)
                0x00000000c0015cfb                clearInternalKeybuffer(VgaText*)
                0x00000000c0015d30                readKeyboard(VgaText*, char*, unsigned long)
                0x00000000c0015e32                Keyboard::Keyboard(char const*)
                0x00000000c0015e32                Keyboard::Keyboard(char const*)
                0x00000000c0015e6e                Keyboard::~Keyboard()
                0x00000000c0015e6e                Keyboard::~Keyboard()
                0x00000000c0015e92                Keyboard::~Keyboard()
 .text          0x00000000c0015ebc      0x414 hal/logidisk.32
                0x00000000c0015ebc                LogicalDisk::close(int, int, void*)
                0x00000000c0015ec0                LogicalDisk::~LogicalDisk()
                0x00000000c0015ec0                LogicalDisk::~LogicalDisk()
                0x00000000c0015ee4                LogicalDisk::~LogicalDisk()
                0x00000000c0015f0e                LogicalDisk::open(int, int, void*)
                0x00000000c0015f22                LogicalDisk::absoluteToRelative(unsigned long long)
                0x00000000c0015f5a                LogicalDisk::relativeToAbsolute(unsigned long long)
                0x00000000c0015fa0                LogicalDisk::LogicalDisk(char const*, PhysicalDisk*, unsigned long long, unsigned long long)
                0x00000000c0015fa0                LogicalDisk::LogicalDisk(char const*, PhysicalDisk*, unsigned long long, unsigned long long)
                0x00000000c0016056                LogicalDisk::assignDriveLetter()
                0x00000000c001610c                LogicalDisk::mount()
                0x00000000c001617e                LogicalDisk::unmount()
                0x00000000c001618e                LogicalDisk::eject()
                0x00000000c00161a2                LogicalDisk::unassignDriveLetter()
                0x00000000c00161f8                LogicalDisk::read(unsigned long long, int, void*)
                0x00000000c0016264                LogicalDisk::write(unsigned long long, int, void*)
 .text          0x00000000c00162d0       0x84 hal/mouse.32
                0x00000000c00162d0                Mouse::Mouse(char const*)
                0x00000000c00162d0                Mouse::Mouse(char const*)
                0x00000000c0016306                Mouse::~Mouse()
                0x00000000c0016306                Mouse::~Mouse()
                0x00000000c001632a                Mouse::~Mouse()
 .text          0x00000000c0016354      0x359 hal/partition.32
                0x00000000c0016354                makePartition(PhysicalDisk*, unsigned long long, unsigned long long)
                0x00000000c001641c                createPartitionsForDisk(PhysicalDisk*)
 *fill*         0x00000000c00166ad        0x1 
 .text          0x00000000c00166ae       0x84 hal/serial.32
                0x00000000c00166ae                Serial::Serial(char const*)
                0x00000000c00166ae                Serial::Serial(char const*)
                0x00000000c00166e4                Serial::~Serial()
                0x00000000c00166e4                Serial::~Serial()
                0x00000000c0016708                Serial::~Serial()
 .text          0x00000000c0016732      0x2f3 hal/timer.32
                0x00000000c0016732                Timer::Timer(char const*)
                0x00000000c0016732                Timer::Timer(char const*)
                0x00000000c0016768                Timer::~Timer()
                0x00000000c0016768                Timer::~Timer()
                0x00000000c001678c                Timer::~Timer()
                0x00000000c00167b6                Timer::read()
                0x00000000c00167c1                timerHandler(unsigned long long)
                0x00000000c0016933                setupTimer(int)
 *fill*         0x00000000c0016a25        0x1 
 .text          0x00000000c0016a26      0x409 hal/vcache.32
                0x00000000c0016a26                VCache::VCache(PhysicalDisk*)
                0x00000000c0016a26                VCache::VCache(PhysicalDisk*)
                0x00000000c0016b8e                VCache::invalidateReadBuffer()
                0x00000000c0016b9e                VCache::writeWriteBuffer()
                0x00000000c0016bda                VCache::~VCache()
                0x00000000c0016bda                VCache::~VCache()
                0x00000000c0016c2e                VCache::~VCache()
                0x00000000c0016c56                VCache::write(unsigned long long, int, void*)
                0x00000000c0016d40                VCache::read(unsigned long long, int, void*)
 *fill*         0x00000000c0016e2f        0x1 
 .text          0x00000000c0016e30      0x4cd hal/video.32
                0x00000000c0016e30                Video::putrect(int, int, int, int, unsigned int)
                0x00000000c0016e7c                Video::bitblit(int, int, int, int, int, int, int, unsigned int*)
                0x00000000c0016eec                Video::blit(unsigned int*, int, int, int, int)
                0x00000000c0016f6a                Video::clearScreen(unsigned int)
                0x00000000c0016f9e                Video::putpixel(int, int, unsigned int)
                0x00000000c0016fac                Video::Video(char const*)
                0x00000000c0016fac                Video::Video(char const*)
                0x00000000c0016fe2                Video::~Video()
                0x00000000c0016fe2                Video::~Video()
                0x00000000c0017006                Video::~Video()
                0x00000000c0017030                Video::isMonochrome()
                0x00000000c001703c                Video::getWidth()
                0x00000000c0017048                Video::getHeight()
                0x00000000c0017054                Video::drawCursor(int, int, unsigned char*, int)
                0x00000000c0017110                Video::tgaParse(unsigned char*, int, int*, int*)
                0x00000000c0017292                Video::putTGA(int, int, unsigned char*, int)
 *fill*         0x00000000c00172fd        0x1 
 .text          0x00000000c00172fe     0x1163 hw/acpi.32
                0x00000000c00172fe                ACPI::close(int, int, void*)
                0x00000000c00173b3                findRSDP()
                0x00000000c001744d                loadACPITables(unsigned char*)
                0x00000000c00176a4                findRSDT(unsigned char*)
                0x00000000c00177ee                findDataTable(unsigned char*, char*)
                0x00000000c001788a                scanMADT()
                0x00000000c0017d10                ACPI::ACPI()
                0x00000000c0017d10                ACPI::ACPI()
                0x00000000c0017d64                ACPI::getPCIIRQAssignment(unsigned char, unsigned short, unsigned char)
                0x00000000c0017e46                ACPI::registerPCIIRQAssignment(void*, unsigned short, unsigned char, unsigned char)
                0x00000000c0017f0c                ACPI::setScreenBrightnessLevel(void*, int)
                0x00000000c0017f12                ACPI::detectPCI()
                0x00000000c001808c                ACPI::writeSimpleBootFlag(SimpleBootFlagTable*)
                0x00000000c00180d4                ACPI::sleep()
                0x00000000c00180ec                ACPI::open(int, int, void*)
 *fill*         0x00000000c0018461        0x1 
 .text          0x00000000c0018462     0x1717 hw/cpu.32
                0x00000000c0018462                CPU::close(int, int, void*)
                0x00000000c0018466                CPU::lookupAMDName(unsigned char, unsigned char)
                0x00000000c00185fa                CPU::lookupIntelName(unsigned char, unsigned char)
                0x00000000c00188a8                CPU::AMD_K6_write_msr(unsigned int, unsigned int, unsigned int, CPU::REGS*)
                0x00000000c00188c4                CPU::AMD_K6_read_msr(unsigned int, CPU::REGS*)
                0x00000000c00188dc                CPU::AMD_K6_writeback(int, int, int)
                0x00000000c0018950                CPU::cpuid(int, unsigned long*, unsigned long*, unsigned long*, unsigned long*)
                0x00000000c00189d4                CPU::cpuidCheckEDX(unsigned int)
                0x00000000c0018a02                CPU::cpuidCheckECX(unsigned int)
                0x00000000c0018a30                CPU::cpuidCheckExtendedEBX(unsigned int)
                0x00000000c0018a5e                CPU::cpuidCheckExtendedECX(unsigned int)
                0x00000000c0018a8c                CPU::CPU()
                0x00000000c0018a8c                CPU::CPU()
                0x00000000c0018b1a                CPU::displayFeatures()
                0x00000000c0018d96                CPU::detectFeatures()
                0x00000000c0019788                CPU::setupSMEP()
                0x00000000c0019794                CPU::setupUMIP()
                0x00000000c001979e                CPU::setupTSC()
                0x00000000c00197a8                CPU::setupLargePages()
                0x00000000c00197b2                CPU::setupPAT()
                0x00000000c00197ee                CPU::setupMTRR()
                0x00000000c00197f0                CPU::setupGlobalPages()
                0x00000000c00197fa                CPU::allowUsermodeDataAccess()
                0x00000000c001980c                CPU::prohibitUsermodeDataAccess()
                0x00000000c001981e                CPU::setupSMAP()
                0x00000000c001982c                CPU::setupFeatures()
                0x00000000c00198ac                CPU::open(int, int, void*)
                0x00000000c001997e                CPU::decodeAddress(regs*, int*, bool*, unsigned char*)
 .text          0x00000000c0019b79        0x0 hw/ports.32
 .text          0x00000000c0019b79      0x16a hw/smp.32
                0x00000000c0019b79                Krnl::smpEntry()
                0x00000000c0019b7b                Krnl::startCPU(int)
                0x00000000c0019cc4                Krnl::startCPUs()
 *fill*         0x00000000c0019ce3        0x1 
 .text          0x00000000c0019ce4      0x5cd krnl/env.32
                0x00000000c0019ce4                EnvVarContainer::getEnv(char const*)
                0x00000000c0019d22                EnvVarContainer::setEnv(char const*, char const*)
                0x00000000c0019de4                EnvVarContainer::deleteEnv(char const*)
                0x00000000c0019de6                EnvVarContainer::loadFrom(char const*, char const*)
                0x00000000c0019fe8                EnvVarContainer::__loadSystem()
                0x00000000c001a002                EnvVarContainer::__loadUser()
                0x00000000c001a004                EnvVarContainer::EnvVarContainer(Process*)
                0x00000000c001a004                EnvVarContainer::EnvVarContainer(Process*)
                0x00000000c001a026                EnvVarContainer::~EnvVarContainer()
                0x00000000c001a026                EnvVarContainer::~EnvVarContainer()
                0x00000000c001a056                Krnl::getEnv(Process*, char const*)
                0x00000000c001a0bb                Krnl::setEnvSystem(char const*, char const*)
                0x00000000c001a0d5                Krnl::setEnvUser(char const*, char const*)
                0x00000000c001a0f4                Krnl::setEnvProcess(Process*, char const*, char const*)
                0x00000000c001a107                Krnl::deleteEnvSystem(char const*)
                0x00000000c001a108                Krnl::deleteEnvUser(char const*)
                0x00000000c001a109                Krnl::deleteEnvProcess(Process*, char const*)
                0x00000000c001a10a                Krnl::newProcessEnv(Process*)
                0x00000000c001a12c                Krnl::copyProcessEnv(Process*, Process*)
                0x00000000c001a178                Krnl::loadSystemEnv()
                0x00000000c001a1a6                Krnl::loadUserEnv()
                0x00000000c001a1cc                Krnl::flushEnv()
                0x00000000c001a1cd                Krnl::getProcessTotalEnvCount(Process*)
                0x00000000c001a1ed                Krnl::getProcessEnvPair(Process*, int)
 .text          0x00000000c001a2b1      0x396 krnl/panic.32
                0x00000000c001a2b1                Krnl::panic(char const*)
 .text          0x00000000c001a647      0x57f net/ethernet.32
                0x00000000c001a647                Net::switchEndian16(unsigned short)
                0x00000000c001a668                Net::switchEndian32(unsigned int)
                0x00000000c001a697                Net::crc32Calc(unsigned char*, int)
                0x00000000c001a728                Net::wrapEthernetFrame(Net::UnwrappedEthernetFrame, unsigned char*)
                0x00000000c001a93b                Net::unwrapEthernetFrame(unsigned char*, int)
 .text          0x00000000c001abc6      0x50e reg/registry.32
                0x00000000c001abc6                Reg::findLineFromLoadedData(char*, char*, char*)
                0x00000000c001ad1e                Reg::getLineFromRegistry(char*, char*, char*, char*)
                0x00000000c001ae73                Reg::getLine(char*, char*, char*)
                0x00000000c001aeaa                Reg::readInt(char*, char*, int*)
                0x00000000c001af95                Reg::readString(char*, char*, char*, int)
                0x00000000c001b016                Reg::readBool(char*, char*, bool*)
                0x00000000c001b03b                Reg::readBoolWithDefault(char*, char*, bool)
                0x00000000c001b067                Reg::readIntWithDefault(char*, char*, int)
                0x00000000c001b093                Reg::readStringWithDefault(char*, char*, char*, int, char*)
 .text          0x00000000c001b0d4       0x36 sys/sc_eject.32
                0x00000000c001b0d4                Sys::eject(regs*)
 .text          0x00000000c001b10a       0x18 sys/sc_exit.32
                0x00000000c001b10a                Sys::exit(regs*)
 .text          0x00000000c001b122       0x1f sys/sc_getcwd.32
                0x00000000c001b122                Sys::getCwd(regs*)
 .text          0x00000000c001b141        0xc sys/sc_getpid.32
                0x00000000c001b141                Sys::getPID(regs*)
 .text          0x00000000c001b14d       0x17 sys/sc_getramdata.32
                0x00000000c001b14d                Sys::getRAMData(regs*)
 .text          0x00000000c001b164       0x84 sys/sc_getvgaptr.32
                0x00000000c001b164                Sys::getVGAPtr(regs*)
 .text          0x00000000c001b1e8       0xa8 sys/sc_loaddll.32
                0x00000000c001b1e8                Sys::loadDLL(regs*)
 .text          0x00000000c001b290       0x68 sys/sc_read.32
                0x00000000c001b290                Sys::read(regs*)
 .text          0x00000000c001b2f8       0x55 sys/sc_sbrk.32
                0x00000000c001b2f8                Sys::sbrk(regs*)
 .text          0x00000000c001b34d       0x1c sys/sc_setcwd.32
                0x00000000c001b34d                Sys::setCwd(regs*)
 .text          0x00000000c001b369      0x128 sys/sc_settime.32
                0x00000000c001b369                Sys::setTime(regs*)
 .text          0x00000000c001b491       0x4a sys/sc_timezone.32
                0x00000000c001b491                Sys::timezone(regs*)
 .text          0x00000000c001b4db       0x68 sys/sc_write.32
                0x00000000c001b4db                Sys::write(regs*)
 .text          0x00000000c001b543       0x62 sys/sc_wsbe.32
                0x00000000c001b543                Sys::wsbe(regs*)
 .text          0x00000000c001b5a5       0x46 sys/sc_yield.32
                0x00000000c001b5a5                Sys::yield(regs*)
 .text          0x00000000c001b5eb     0x1101 sys/syscalls.32
                0x00000000c001b5eb                sysCallSeekDir(regs*)
                0x00000000c001b5f0                sysCallTellDir(regs*)
                0x00000000c001b5f5                sysCallVerify(regs*)
                0x00000000c001b5ff                sysFormatDisk(regs*)
                0x00000000c001b669                sysSetDiskVolumeLabel(regs*)
                0x00000000c001b6af                sysGetDiskVolumeLabel(regs*)
                0x00000000c001b700                sysShutdown(regs*)
                0x00000000c001b75e                sysCallRealpath(regs*)
                0x00000000c001b7a1                sysCallGetArgc(regs*)
                0x00000000c001b7cf                sysCallReadDir(regs*)
                0x00000000c001b85d                sysCallIsATTY(regs*)
                0x00000000c001b8b7                sysCallSeek(regs*)
                0x00000000c001b920                sysCallTell(regs*)
                0x00000000c001b99d                sysCallSize(regs*)
                0x00000000c001ba20                sysCallSizeFromFilename(regs*)
                0x00000000c001bae0                sysCallClose(regs*)
                0x00000000c001bb68                sysCallOpenDir(regs*)
                0x00000000c001bbdd                sysCallCloseDir(regs*)
                0x00000000c001bc43                sysCallMakeDir(regs*)
                0x00000000c001bcb3                sysCallWait(regs*)
                0x00000000c001bccd                sysCallNotImpl(regs*)
                0x00000000c001bce8                sysPanic(regs*)
                0x00000000c001bd0e                sysCallRmdir(regs*)
                0x00000000c001bd72                sysCallUnlink(regs*)
                0x00000000c001bdd6                sysCallGetArgv(regs*)
                0x00000000c001be22                sysCallTTYName(regs*)
                0x00000000c001bea5                sysCallUSleep(regs*)
                0x00000000c001becc                sysCallSpawn(regs*)
                0x00000000c001bf41                sysCallGetEnv(regs*)
                0x00000000c001c079                sysAppSettings(regs*)
                0x00000000c001c18d                sysSetFatAttrib(regs*)
                0x00000000c001c1ff                sysPipe(regs*)
                0x00000000c001c244                sysGetUnixTime(regs*)
                0x00000000c001c258                string_ends_with(char const*, char const*)
                0x00000000c001c2a0                sysCallOpen(regs*)
                0x00000000c001c4b5                Sys::loadSyscalls()
                0x00000000c001c6aa                Sys::systemCall(regs*, void*)
 .text          0x00000000c001c6ec     0x11fd thr/elf.32
                0x00000000c001c6ec                Thr::allocateMemoryForTask(Process*, File*, unsigned long, unsigned long, unsigned long)
                0x00000000c001c996                Thr::loadProgramIntoMemory(Process*, char const*)
                0x00000000c001cbac                Thr::runtimeReferenceHelper()
                0x00000000c001cbbf                Thr::getAddressOfKernelSymbol(char const*)
                0x00000000c001cc0e                Thr::loadKernelSymbolTable(char const*)
                0x00000000c001cecc                Thr::loadDriverIntoMemory(char const*, unsigned long, bool)
                0x00000000c001d602                Thr::getDriverBaseFromAddress(unsigned long)
                0x00000000c001d634                Thr::getDriverNameFromAddress(unsigned long)
                0x00000000c001d66b                Thr::getDriverOffsetFromAddress(unsigned long)
                0x00000000c001d685                Thr::loadDLL(char const*, bool)
                0x00000000c001d8b0                Thr::executeDLL(unsigned long, void*)
 *fill*         0x00000000c001d8e9        0x1 
 .text          0x00000000c001d8ea     0x1315 thr/prcssthr.32
                0x00000000c001d8ea                userModeEntryPoint(void*)
                0x00000000c001d910                changeTSS
                0x00000000c001d940                switchToThread(ThreadControlBlock*)
                0x00000000c001d9ea                Process::addArgs(char**)
                0x00000000c001da44                Process::Process(char const*, Process*, char**)
                0x00000000c001da44                Process::Process(char const*, Process*, char**)
                0x00000000c001dc28                Process::Process(bool, char const*, Process*, char**)
                0x00000000c001dc28                Process::Process(bool, char const*, Process*, char**)
                0x00000000c001ddd7                taskStartupFunction
                0x00000000c001dde0                Semaphore::Semaphore(int)
                0x00000000c001dde0                Semaphore::Semaphore(int)
                0x00000000c001de0e                Mutex::Mutex()
                0x00000000c001de0e                Mutex::Mutex()
                0x00000000c001de20                Process::createThread(void (*)(void*), void*, int)
                0x00000000c001df26                Process::createUserThread()
                0x00000000c001df42                setupMultitasking(void (*)())
                0x00000000c001e064                schedule()
                0x00000000c001e0ea                Semaphore::tryAcquire()
                0x00000000c001e1a6                Semaphore::assertLocked(char const*)
                0x00000000c001e215                blockTaskWithSchedulerLockAlreadyHeld(TaskState)
                0x00000000c001e263                blockTask(TaskState)
                0x00000000c001e290                waitTask(int, int*, int)
                0x00000000c001e2d2                nanoSleepUntil(unsigned long long)
                0x00000000c001e367                nanoSleep(unsigned long long)
                0x00000000c001e37f                sleep(unsigned long long)
                0x00000000c001e39c                Semaphore::acquire()
                0x00000000c001e43e                taskReturned
                0x00000000c001e479                Thr::processFromPID(int)
                0x00000000c001e528                unblockTask(ThreadControlBlock*)
                0x00000000c001e5d5                cleanupTerminatedTask(ThreadControlBlock*)
                0x00000000c001e89e                cleanerTaskFunction(void*)
                0x00000000c001e997                terminateTask(int)
                0x00000000c001eac9                Thr::terminateFromIRQ(int)
                0x00000000c001ead6                Semaphore::release()
 .text          0x00000000c001ebff      0xada vm86/vm8086.32
                0x00000000c001ebff                Vm::inbv(unsigned short)
                0x00000000c001ec12                Vm::outbv(unsigned short, unsigned char)
                0x00000000c001ec48                Vm::realToLinear(unsigned short, unsigned short)
                0x00000000c001ec58                Vm::getSegment(unsigned int)
                0x00000000c001ec60                Vm::getOffset(unsigned int)
                0x00000000c001ec65                Vm::mainloop2()
                0x00000000c001ec9f                Vm::mainVm8086Loop(void*)
                0x00000000c001ecaf                Vm::mainloop3(unsigned long)
                0x00000000c001ecd5                Vm::initialise8086()
                0x00000000c001ed18                Vm::finish8086()
                0x00000000c001ed79                Vm::getOutput8086(unsigned char*)
                0x00000000c001ed9e                Vm::start8086(char const*, unsigned short, unsigned short, unsigned short, unsigned short)
                0x00000000c001ef06                Vm::doISR(regs*, int, unsigned char*, unsigned short, unsigned short)
                0x00000000c001ef90                Vm::readByteFromReal(unsigned short, unsigned short)
                0x00000000c001efa1                Vm::readWordFromReal(unsigned short, unsigned short)
                0x00000000c001efb3                Vm::readDwordFromReal(unsigned short, unsigned short)
                0x00000000c001efc4                Vm::writeByteFromReal(unsigned short, unsigned short, unsigned char)
                0x00000000c001efd9                Vm::writeWordFromReal(unsigned short, unsigned short, unsigned short)
                0x00000000c001efef                Vm::writeDwordFromReal(unsigned short, unsigned short, unsigned int)
                0x00000000c001f004                Vm::faultHandler(regs*)
 .text          0x00000000c001f6d9      0xefd vm86/x87em.32
                0x00000000c001f6d9                Vm::fpuInternalTo32(unsigned long long)
                0x00000000c001f734                Vm::fpuInternalTo64(unsigned long long)
                0x00000000c001f73d                Vm::fpu32ToInternal(unsigned int)
                0x00000000c001f782                Vm::fpu64ToInternal(unsigned long long)
                0x00000000c001f78b                Vm::fpuFloatToLong(unsigned long long)
                0x00000000c001f7e6                Vm::fpuULongToFloat(unsigned long long)
                0x00000000c001f81c                Vm::fpuLongToFloat(long long)
                0x00000000c001f872                Vm::fpuGet0()
                0x00000000c001f877                Vm::fpuGet1()
                0x00000000c001f87f                Vm::fpuGetPi()
                0x00000000c001f887                Vm::fpuGetLog2E()
                0x00000000c001f89f                Vm::fpuGetLogE2()
                0x00000000c001f8b7                Vm::fpuGetLog210()
                0x00000000c001f8cf                Vm::fpuGetLog102()
                0x00000000c001f8e7                Vm::fpuIsSecondLarger(unsigned long long, unsigned long long)
                0x00000000c001f8fb                Vm::fpuAreEqual(unsigned long long, unsigned long long)
                0x00000000c001f911                Vm::fpuUnorderedCompare(unsigned long long, unsigned long long)
                0x00000000c001f964                Vm::fpuAdd(unsigned long long, unsigned long long)
                0x00000000c001f975                Vm::fpuAbs(unsigned long long)
                0x00000000c001f97e                Vm::fpuChs(unsigned long long)
                0x00000000c001f98e                Vm::fpuSub(unsigned long long, unsigned long long)
                0x00000000c001f99d                Vm::fpuMultiply(unsigned long long, unsigned long long)
                0x00000000c001f9bc                Vm::fpuDivide(unsigned long long, unsigned long long)
                0x00000000c001f9d8                Vm::fpuSquare(unsigned long long)
                0x00000000c001f9ee                Vm::fpuGetReg(int)
                0x00000000c001fa31                Vm::fpuSetReg(int, unsigned long long)
                0x00000000c001fa7c                Vm::fpuPush(unsigned long long)
                0x00000000c001fad9                Vm::fpuPop()
                0x00000000c001fb2b                Vm::x87Handler(regs*)
 .text          0x00000000c00205d6     0x1203 fs/fat/vfslink.32
                0x00000000c00205d6                FAT::getName()
                0x00000000c00205dc                FAT::tell(void*, unsigned long long*)
                0x00000000c0020610                FAT::stat(void*, unsigned long long*)
                0x00000000c0020644                FAT::~FAT()
                0x00000000c0020644                FAT::~FAT()
                0x00000000c0020668                FAT::~FAT()
                0x00000000c0020690                FAT::getlabel(LogicalDisk*, int, char*, unsigned int*)
                0x00000000c002072e                FAT::setlabel(LogicalDisk*, int, char*)
                0x00000000c00207e8                FAT::format(LogicalDisk*, int, char const*, int)
                0x00000000c00209cc                FAT::tryMount(LogicalDisk*, int)
                0x00000000c0020bd2                FAT::getFileFirstSector(char const*)
                0x00000000c0020c94                FAT::readDir(void*, unsigned long, void*, int*)
                0x00000000c0020dee                FAT::read(void*, unsigned long, void*, int*)
                0x00000000c0020e48                FAT::write(void*, unsigned long, void*, int*)
                0x00000000c0020ea2                FAT::close(void*)
                0x00000000c0020eee                FAT::closeDir(void*)
                0x00000000c0020f3a                FAT::seek(void*, unsigned long long)
                0x00000000c0020f8e                fatWrapperReadDisk
                0x00000000c0020fd5                fatWrapperWriteDisk
                0x00000000c002101c                fatWrapperIoctl
                0x00000000c0021120                FAT::FAT()
                0x00000000c0021120                FAT::FAT()
                0x00000000c0021172                FAT::fixFilepath(char*)
                0x00000000c00211aa                FAT::open(char const*, void**, FileOpenMode)
                0x00000000c00212d2                FAT::openDir(char const*, void**)
                0x00000000c0021378                FAT::stat(char const*, unsigned long long*, bool*)
                0x00000000c0021462                FAT::unlink(char const*)
                0x00000000c00214dc                FAT::chfatattr(char const*, unsigned char, unsigned char)
                0x00000000c0021630                FAT::rename(char const*, char const*)
                0x00000000c00216f4                FAT::mkdir(char const*)
                0x00000000c002176e                FAT::exists(char const*)
 *fill*         0x00000000c00217d9        0x1 
 .text          0x00000000c00217da      0xba5 fs/iso9660/vfslink.32
                0x00000000c00217da                ISO9660::format(LogicalDisk*, int, char const*, int)
                0x00000000c00217e0                ISO9660::seek(void*, unsigned long long)
                0x00000000c0021810                ISO9660::tell(void*, unsigned long long*)
                0x00000000c0021834                ISO9660::getName()
                0x00000000c002183a                ISO9660::stat(void*, unsigned long long*)
                0x00000000c002185e                ISO9660::chfatattr(char const*, unsigned char, unsigned char)
                0x00000000c0021864                ISO9660::unlink(char const*)
                0x00000000c002186a                ISO9660::write(void*, unsigned long, void*, int*)
                0x00000000c0021870                ISO9660::rename(char const*, char const*)
                0x00000000c0021876                ISO9660::mkdir(char const*)
                0x00000000c002187c                ISO9660::close(void*)
                0x00000000c002189e                ISO9660::closeDir(void*)
                0x00000000c00218c0                ISO9660::~ISO9660()
                0x00000000c00218c0                ISO9660::~ISO9660()
                0x00000000c00218e4                ISO9660::~ISO9660()
                0x00000000c002190b                __memmem(unsigned char*, int, unsigned char*, int)
                0x00000000c002194d                readSectorFromCDROM(unsigned int, unsigned char*, char)
                0x00000000c00219a8                ISO9660::tryMount(LogicalDisk*, int)
                0x00000000c00219f8                ISO9660::read(void*, unsigned long, void*, int*)
                0x00000000c0021bfc                ISO9660::readDir(void*, unsigned long, void*, int*)
                0x00000000c0021e76                readRoot(unsigned int*, unsigned int*, char)
                0x00000000c0021eca                readRecursively(char*, unsigned int, unsigned int, unsigned int*, unsigned int*, char, int*)
                0x00000000c002209d                getFileData(char*, unsigned int*, unsigned int*, char, int*)
                0x00000000c002212c                ISO9660::open(char const*, void**, FileOpenMode)
                0x00000000c00221ec                ISO9660::exists(char const*)
                0x00000000c0022210                ISO9660::stat(char const*, unsigned long long*, bool*)
                0x00000000c00222a4                ISO9660::openDir(char const*, void**)
                0x00000000c002235c                ISO9660::ISO9660()
                0x00000000c002235c                ISO9660::ISO9660()
 *fill*         0x00000000c002237f        0x1 
 .text          0x00000000c0022380      0x3a6 hal/sound/sndchannel.32
                0x00000000c0022380                SoundChannel::SoundChannel(int, int, int, int)
                0x00000000c0022380                SoundChannel::SoundChannel(int, int, int, int)
                0x00000000c00224ba                SoundChannel::~SoundChannel()
                0x00000000c00224ba                SoundChannel::~SoundChannel()
                0x00000000c00224d6                SoundChannel::getSampleRate()
                0x00000000c00224de                SoundChannel::getBits()
                0x00000000c00224e6                SoundChannel::getBufferUsed()
                0x00000000c00224ee                SoundChannel::getBufferSize()
                0x00000000c00224f6                SoundChannel::unbuffer(float*, int, int)
                0x00000000c002258a                SoundChannel::buffer16(short*, int)
                0x00000000c0022686                SoundChannel::buffer8(unsigned char*, int)
 .text          0x00000000c0022726      0x504 hal/sound/sndhw.32
                0x00000000c0022726                SoundDevice::SoundDevice(char const*)
                0x00000000c0022726                SoundDevice::SoundDevice(char const*)
                0x00000000c0022792                SoundDevice::~SoundDevice()
                0x00000000c0022792                SoundDevice::~SoundDevice()
                0x00000000c002280c                SoundDevice::~SoundDevice()
                0x00000000c0022836                SoundDevice::getFreeChannelNum()
                0x00000000c0022850                SoundDevice::addChannel(SoundChannel*)
                0x00000000c00228c0                SoundDevice::removeChannel(int)
                0x00000000c00228f2                SoundDevice::floatTo16(float*, short*, int)
                0x00000000c00229e0                SoundDevice::floatTo8(float*, unsigned char*, int)
                0x00000000c0022ac8                SoundDevice::getAudio(int, float*, float*)
 .text          0x00000000c0022c2a        0x0 hw/bus/isa.32
 .text          0x00000000c0022c2a      0xbbb hw/bus/pci.32
                0x00000000c0022c2a                PCI::open(int, int, void*)
                0x00000000c0022c48                PCI::close(int, int, void*)
                0x00000000c0022c4c                PCI::PCI()
                0x00000000c0022c4c                PCI::PCI()
                0x00000000c0022ce2                PCI::readBAR8(unsigned int, int)
                0x00000000c0022cfe                PCI::readBAR16(unsigned int, int)
                0x00000000c0022d1c                PCI::readBAR32(unsigned int, int)
                0x00000000c0022d38                PCI::writeBAR8(unsigned int, unsigned char, int)
                0x00000000c0022d58                PCI::writeBAR16(unsigned int, unsigned short, int)
                0x00000000c0022d9c                PCI::writeBAR32(unsigned int, unsigned int, int)
                0x00000000c0022dbc                PCI::legacyMechanism(unsigned char, unsigned char, unsigned char, unsigned char)
                0x00000000c0022e2a                PCI::pciReadWord(unsigned char, unsigned char, unsigned char, unsigned char)
                0x00000000c0022ed2                PCI::getVendorID(unsigned char, unsigned char, unsigned char)
                0x00000000c0022ef6                PCI::getHeaderType(unsigned char, unsigned char, unsigned char)
                0x00000000c0022f1e                PCI::getClassCode(unsigned char, unsigned char, unsigned char)
                0x00000000c0022f68                PCI::getProgIF(unsigned char, unsigned char, unsigned char)
                0x00000000c0022f90                PCI::getRevisionID(unsigned char, unsigned char, unsigned char)
                0x00000000c0022fb4                PCI::getInterruptNumber(unsigned char, unsigned char, unsigned char)
                0x00000000c0022fd8                PCI::getSecondaryBus(unsigned char, unsigned char, unsigned char)
                0x00000000c0023000                PCI::getBARAddress(unsigned char, unsigned char, unsigned char, unsigned char)
                0x00000000c0023064                PCI::pciWriteWord(unsigned char, unsigned char, unsigned char, unsigned char, unsigned short)
                0x00000000c002314c                PCI::pciDetailsToFilepath(PCIDeviceInfo, char*)
                0x00000000c00233d8                PCI::checkBus(unsigned char)
                0x00000000c00233fc                PCI::foundDevice(PCIDeviceInfo)
                0x00000000c002356e                PCI::getDeviceData(unsigned char, unsigned char, unsigned char)
                0x00000000c0023726                PCI::checkDevice(unsigned char, unsigned char)
                0x00000000c0023792                PCI::detect()
 *fill*         0x00000000c00237e5        0x1 
 .text          0x00000000c00237e6      0xc70 hw/diskctrl/ide.32
                0x00000000c00237e6                IDE::close(int, int, void*)
                0x00000000c00237ea                IDE::IDE()
                0x00000000c00237ea                IDE::IDE()
                0x00000000c002381e                IDE::prepareInterrupt(unsigned char)
                0x00000000c0023830                selectDrive(unsigned char, unsigned char)
                0x00000000c0023832                IDE::getBase(unsigned char)
                0x00000000c0023844                IDE::write(unsigned char, unsigned char, unsigned char)
                0x00000000c0023904                IDE::read(unsigned char, unsigned char)
                0x00000000c00239b2                IDE::waitInterrupt(unsigned char)
                0x00000000c0023a18                ideChannel0IRQHandler(regs*, void*)
                0x00000000c0023a34                ideChannel1IRQHandler(regs*, void*)
                0x00000000c0023a50                IDE::enableIRQs(unsigned char, bool)
                0x00000000c0023a96                IDE::open(int, int, void*)
                0x00000000c0023ea6                IDE::readBuffer(unsigned char, unsigned char, unsigned int, unsigned int)
                0x00000000c0023f72                IDE::detect()
                0x00000000c002425a                IDE::printError(unsigned char, unsigned char, unsigned char)
                0x00000000c00243f0                IDE::polling(unsigned char, unsigned int)
 .text          0x00000000c0024456      0x390 hw/diskctrl/satabus.32
                0x00000000c0024456                SATABus::close(int, int, void*)
                0x00000000c002445a                SATABus::detect()
                0x00000000c002445c                SATABus::SATABus()
                0x00000000c002445c                SATABus::SATABus()
                0x00000000c0024508                SATABus::findCmdslot(SATABus::tagHBA_PORT volatile*)
                0x00000000c0024550                SATABus::checkType(SATABus::tagHBA_PORT volatile*)
                0x00000000c0024598                SATABus::startCmd(SATABus::tagHBA_PORT volatile*)
                0x00000000c00245b8                SATABus::stopCmd(SATABus::tagHBA_PORT volatile*)
                0x00000000c00245e2                SATABus::portRebase(SATABus::tagHBA_PORT volatile*, int)
                0x00000000c00246e8                SATABus::probePort(SATABus::tagHBA_MEM volatile*)
                0x00000000c00247c6                SATABus::open(int, int, void*)
 .text          0x00000000c00247e6      0x604 hw/diskphys/ata.32
                0x00000000c00247e6                ATA::close(int, int, void*)
                0x00000000c002480a                ATA::powerSaving(PowerSavingLevel)
                0x00000000c002480c                ATA::ATA()
                0x00000000c002480c                ATA::ATA()
                0x00000000c002483a                ATA::flush(bool)
                0x00000000c0024884                ATA::readyForCommand()
                0x00000000c00248d4                ATA::access(unsigned long long, int, void*, bool)
                0x00000000c0024c5c                ATA::read(unsigned long long, int, void*)
                0x00000000c0024ca8                ATA::write(unsigned long long, int, void*)
                0x00000000c0024cf4                ATA::detectCHS()
                0x00000000c0024d1e                ATA::open(int, int, void*)
 .text          0x00000000c0024dea      0x5bd hw/diskphys/atapi.32
                0x00000000c0024dea                ATAPI::write(unsigned long long, int, void*)
                0x00000000c0024df0                ATAPI::close(int, int, void*)
                0x00000000c0024e14                ATAPI::ATAPI()
                0x00000000c0024e14                ATAPI::ATAPI()
                0x00000000c0024e42                ATAPI::readyForCommand()
                0x00000000c0024e92                ATAPI::sendPacket(unsigned char*, int, bool, unsigned short*, int)
                0x00000000c0025152                ATAPI::diskRemoved()
                0x00000000c002516e                ATAPI::eject()
                0x00000000c00251b6                ATAPI::diskInserted()
                0x00000000c00251e4                ATAPI::detectMedia()
                0x00000000c00252a0                ATAPI::open(int, int, void*)
                0x00000000c0025328                ATAPI::read(unsigned long long, int, void*)
 *fill*         0x00000000c00253a7        0x1 
 .text          0x00000000c00253a8      0x41c hw/diskphys/sata.32
                0x00000000c00253a8                SATA::close(int, int, void*)
                0x00000000c00253cc                SATA::powerSaving(PowerSavingLevel)
                0x00000000c00253ce                SATA::open(int, int, void*)
                0x00000000c0025478                SATA::SATA()
                0x00000000c0025478                SATA::SATA()
                0x00000000c00254a6                SATA::access(unsigned long long, int, void*, bool)
                0x00000000c002570c                SATA::read(unsigned long long, int, void*)
                0x00000000c0025758                SATA::write(unsigned long long, int, void*)
 .text          0x00000000c00257c4      0x4fe hw/diskphys/satapi.32
                0x00000000c00257c4                SATAPI::write(unsigned long long, int, void*)
                0x00000000c00257ca                SATAPI::close(int, int, void*)
                0x00000000c00257ee                SATAPI::SATAPI()
                0x00000000c00257ee                SATAPI::SATAPI()
                0x00000000c002581c                SATAPI::diskRemoved()
                0x00000000c0025838                SATAPI::diskInserted()
                0x00000000c0025866                SATAPI::sendPacket(unsigned char*, int, unsigned long long, unsigned short*, int)
                0x00000000c0025a6e                SATAPI::eject()
                0x00000000c0025ab6                SATAPI::detectMedia()
                0x00000000c0025b78                SATAPI::open(int, int, void*)
                0x00000000c0025c20                SATAPI::read(unsigned long long, int, void*)
 .text          0x00000000c0025cc2       0x8e hw/fpu/avx.32
                0x00000000c0025cc2                AVX::open(int, int, void*)
                0x00000000c0025cd4                AVX::close(int, int, void*)
                0x00000000c0025ce6                AVX::available()
                0x00000000c0025cf8                AVX::save(void*)
                0x00000000c0025d10                AVX::load(void*)
                0x00000000c0025d28                AVX::AVX()
                0x00000000c0025d28                AVX::AVX()
 .text          0x00000000c0025d50       0x90 hw/fpu/mmx.32
                0x00000000c0025d50                MMX::available()
                0x00000000c0025d64                MMX::open(int, int, void*)
                0x00000000c0025d76                MMX::close(int, int, void*)
                0x00000000c0025d88                MMX::save(void*)
                0x00000000c0025da0                MMX::load(void*)
                0x00000000c0025db8                MMX::MMX()
                0x00000000c0025db8                MMX::MMX()
 .text          0x00000000c0025de0       0x96 hw/fpu/sse.32
                0x00000000c0025de0                SSE::open(int, int, void*)
                0x00000000c0025df2                SSE::close(int, int, void*)
                0x00000000c0025e04                SSE::available()
                0x00000000c0025e1e                SSE::save(void*)
                0x00000000c0025e36                SSE::load(void*)
                0x00000000c0025e4e                SSE::SSE()
                0x00000000c0025e4e                SSE::SSE()
 .text          0x00000000c0025e76       0x8e hw/fpu/x87.32
                0x00000000c0025e76                x87::open(int, int, void*)
                0x00000000c0025e88                x87::close(int, int, void*)
                0x00000000c0025e9a                x87::available()
                0x00000000c0025eac                x87::save(void*)
                0x00000000c0025ec4                x87::load(void*)
                0x00000000c0025edc                x87::x87()
                0x00000000c0025edc                x87::x87()
 .text          0x00000000c0025f04      0x71e hw/intctrl/apic.32
                0x00000000c0025f04                APIC::disable()
                0x00000000c0025f06                APIC::close(int, int, void*)
                0x00000000c0025f28                IOAPIC::close(int, int, void*)
                0x00000000c0025f2e                APIC::io_wait()
                0x00000000c0025f34                APIC::getBase()
                0x00000000c0025f76                APIC::eoi(unsigned char)
                0x00000000c0025fa4                APIC::open(int, int, void*)
                0x00000000c00260f2                IOAPIC::IOAPIC()
                0x00000000c00260f2                IOAPIC::IOAPIC()
                0x00000000c002611a                APIC::APIC()
                0x00000000c002611a                APIC::APIC()
                0x00000000c00261f6                IOAPIC::handlesGSIWithNumber(unsigned int)
                0x00000000c0026228                IOAPIC::read(int)
                0x00000000c0026250                IOAPIC::open(int, int, void*)
                0x00000000c0026346                IOAPIC::write(int, int)
                0x00000000c0026372                IOAPIC::redirect(unsigned char, unsigned long long, unsigned char, bool, bool)
                0x00000000c002646c                APIC::installIRQHandler(int, void (*)(regs*, void*), bool, void*)
 .text          0x00000000c0026622      0x3d3 hw/intctrl/pic.32
                0x00000000c0026622                PIC::disable()
                0x00000000c0026650                PIC::close(int, int, void*)
                0x00000000c0026672                PIC::PIC()
                0x00000000c0026672                PIC::PIC()
                0x00000000c0026748                PIC::ioWait()
                0x00000000c002674e                PIC::getIRQReg(int)
                0x00000000c00267b8                PIC::eoi(unsigned char)
                0x00000000c002684a                PIC::remap()
                0x00000000c00269b6                PIC::open(int, int, void*)
 *fill*         0x00000000c00269f5        0x1 
 .text          0x00000000c00269f6      0x25e hw/timer/apictimer.32
                0x00000000c00269f6                APICTimer::close(int, int, void*)
                0x00000000c00269fc                apicTimerHandler(regs*, void*)
                0x00000000c0026a2a                APICTimer::write(int)
                0x00000000c0026b2e                APICTimer::open(int, int, void*)
                0x00000000c0026c2c                APICTimer::APICTimer()
                0x00000000c0026c2c                APICTimer::APICTimer()
 .text          0x00000000c0026c54      0x1a7 hw/timer/pit.32
                0x00000000c0026c54                PIT::write(int)
                0x00000000c0026cd2                pitHandler(regs*, void*)
                0x00000000c0026cfe                PIT::open(int, int, void*)
                0x00000000c0026d4c                PIT::close(int, int, void*)
                0x00000000c0026d7c                PIT::PIT()
                0x00000000c0026d7c                PIT::PIT()
 *fill*         0x00000000c0026dfb        0x5 
 .text          0x00000000c0026e00       0x1e hw/fpu/x86/avx.32
                0x00000000c0026e00                avxDetect
                0x00000000c0026e06                avxSave
                0x00000000c0026e07                avxLoad
                0x00000000c0026e08                avxInit
                0x00000000c0026e09                avxClose
                0x00000000c0026e0a                wouldSheSayYes
 *fill*         0x00000000c0026e1e        0x2 
 .text          0x00000000c0026e20       0x35 hw/fpu/x86/sse.32
                0x00000000c0026e20                absolutelyNoChanceInHell
                0x00000000c0026e20                sseDetect
                0x00000000c0026e38                sseSave
                0x00000000c0026e3e                sseLoad
                0x00000000c0026e44                sseInit
                0x00000000c0026e54                sseClose
 *fill*         0x00000000c0026e55        0xb 
 .text          0x00000000c0026e60       0x4d hw/fpu/x86/x87.32
                0x00000000c0026e66                x87Detect
                0x00000000c0026e81                x87Save
                0x00000000c0026e8a                x87Load
                0x00000000c0026e92                x87Init
                0x00000000c0026eac                x87Close
 *fill*         0x00000000c0026ead        0x3 
 .text          0x00000000c0026eb0       0x25 /cygdrive/d/Users/Alex/Desktop/Toolchain/Output/bin/../lib/gcc/i386-banana/8.1.0/crtend.o
 .text          0x00000000c0026ed5        0x0 crtn.32
 *fill*         0x00000000c0026ed5        0x3 
 .text          0x00000000c0026ed8      0x14b /cygdrive/d/Users/Alex/Desktop/Toolchain/Output/bin/../lib/gcc/i386-banana/8.1.0/libkgcc.a(_divdi3.o)
                0x00000000c0026ed8                __divdi3
 *fill*         0x00000000c0027023        0x1 
 .text          0x00000000c0027024      0x17e /cygdrive/d/Users/Alex/Desktop/Toolchain/Output/bin/../lib/gcc/i386-banana/8.1.0/libkgcc.a(_moddi3.o)
                0x00000000c0027024                __moddi3
 *fill*         0x00000000c00271a2        0x2 
 .text          0x00000000c00271a4       0xff /cygdrive/d/Users/Alex/Desktop/Toolchain/Output/bin/../lib/gcc/i386-banana/8.1.0/libkgcc.a(_udivdi3.o)
                0x00000000c00271a4                __udivdi3
 *fill*         0x00000000c00272a3        0x1 
 .text          0x00000000c00272a4      0x11a /cygdrive/d/Users/Alex/Desktop/Toolchain/Output/bin/../lib/gcc/i386-banana/8.1.0/libkgcc.a(_umoddi3.o)
                0x00000000c00272a4                __umoddi3
 .text          0x00000000c00273be      0x96d D:/Users/Alex/Desktop/Banana/kernel/libsoftfp.a(sfieeelib.o)
                0x00000000c00273be                __addsf3
                0x00000000c00276c0                __subsf3
                0x00000000c00276d4                __negsf2
                0x00000000c00276e1                __mulsf3
                0x00000000c00278a4                __divsf3
                0x00000000c0027acf                __floatsisf
                0x00000000c0027b43                __floatunsisf
                0x00000000c0027b85                __fixsfsi
                0x00000000c0027be7                __fixunssfsi
                0x00000000c0027c18                __cmpsf2
                0x00000000c0027cad                __eqsf2
                0x00000000c0027ce8                __nesf2
                0x00000000c0027cea                __gtsf2