Archive member included to satisfy reference by file (symbol)

/cygdrive/d/Users/Alex/Desktop/Toolchain/Output/bin/../lib/gcc/i386-banana/8.1.0/libkgcc.a(_divdi3.o)
                              fs/fat/ff.32 (__divdi3)
/cygdrive/d/Users/Alex/Desktop/Toolchain/Output/bin/../lib/gcc/i386-banana/8.1.0/libkgcc.a(_moddi3.o)
                              compat/resolve.32 (__moddi3)
/cygdrive/d/Users/Alex/Desktop/Toolchain/Output/bin/../lib/gcc/i386-banana/8.1.0/libkgcc.a(_udivdi3.o)
                              fs/fat/ff.32 (__udivdi3)
/cygdrive/d/Users/Alex/Desktop/Toolchain/Output/bin/../lib/gcc/i386-banana/8.1.0/libkgcc.a(_umoddi3.o)
                              compat/resolve.32 (__umoddi3)

Discarded input sections

 .comment       0x0000000000000000       0x12 /cygdrive/d/Users/Alex/Desktop/Toolchain/Output/bin/../lib/gcc/i386-banana/8.1.0/crtbegin.o
 .comment       0x0000000000000000       0x12 acpica/utclib.32
 .comment       0x0000000000000000       0x12 core/malloc.32
 .comment       0x0000000000000000       0x12 libk/string.32
 .comment       0x0000000000000000       0x12 fs/fat/diskio.32
 .comment       0x0000000000000000       0x12 fs/fat/ff.32
 .comment       0x0000000000000000       0x12 fs/fat/ffsystem.32
 .comment       0x0000000000000000       0x12 fs/fat/ffunicode.32
 .comment       0x0000000000000000       0x12 compat/inlines.32
 .comment       0x0000000000000000       0x12 compat/resolve.32
 .group         0x0000000000000000       0x14 core/computer.32
 .group         0x0000000000000000        0xc core/computer.32
 .comment       0x0000000000000000       0x12 core/computer.32
 .comment       0x0000000000000000       0x12 core/gdt.32
 .group         0x0000000000000000        0xc core/idle.32
 .comment       0x0000000000000000       0x12 core/idle.32
 .comment       0x0000000000000000       0x12 core/idt.32
 .comment       0x0000000000000000       0x12 core/kheap.32
 .comment       0x0000000000000000       0x12 core/main.32
 .comment       0x0000000000000000       0x12 core/physmgr.32
 .group         0x0000000000000000        0xc core/pipe.32
 .comment       0x0000000000000000       0x12 core/pipe.32
 .group         0x0000000000000000        0xc core/terminal.32
 .comment       0x0000000000000000       0x12 core/terminal.32
 .comment       0x0000000000000000       0x12 core/tss.32
 .group         0x0000000000000000        0x8 core/unixfile.32
 .group         0x0000000000000000        0x8 core/unixfile.32
 .group         0x0000000000000000        0xc core/unixfile.32
 .group         0x0000000000000000        0x8 core/unixfile.32
 .group         0x0000000000000000        0xc core/unixfile.32
 .group         0x0000000000000000        0x8 core/unixfile.32
 .group         0x0000000000000000        0xc core/unixfile.32
 .group         0x0000000000000000        0xc core/unixfile.32
 .comment       0x0000000000000000       0x12 core/unixfile.32
 .comment       0x0000000000000000       0x12 core/virtmgr.32
 .comment       0x0000000000000000       0x12 coreobjs/c++.32
 .comment       0x0000000000000000       0x12 dbg/kconsole.32
 .group         0x0000000000000000        0xc fs/vfs.32
 .group         0x0000000000000000        0xc fs/vfs.32
 .group         0x0000000000000000        0xc fs/vfs.32
 .comment       0x0000000000000000       0x12 fs/vfs.32
 .group         0x0000000000000000        0xc hal/bus.32
 .comment       0x0000000000000000       0x12 hal/bus.32
 .group         0x0000000000000000        0xc hal/buzzer.32
 .comment       0x0000000000000000       0x12 hal/buzzer.32
 .group         0x0000000000000000        0xc hal/clock.32
 .comment       0x0000000000000000       0x12 hal/clock.32
 .group         0x0000000000000000       0x14 hal/device.32
 .group         0x0000000000000000        0xc hal/device.32
 .group         0x0000000000000000        0x8 hal/device.32
 .group         0x0000000000000000        0xc hal/device.32
 .group         0x0000000000000000        0xc hal/device.32
 .comment       0x0000000000000000       0x12 hal/device.32
 .group         0x0000000000000000        0xc hal/diskctrl.32
 .comment       0x0000000000000000       0x12 hal/diskctrl.32
 .group         0x0000000000000000        0xc hal/diskphys.32
 .comment       0x0000000000000000       0x12 hal/diskphys.32
 .group         0x0000000000000000        0xc hal/fpu.32
 .comment       0x0000000000000000       0x12 hal/fpu.32
 .group         0x0000000000000000        0xc hal/intctrl.32
 .comment       0x0000000000000000       0x12 hal/intctrl.32
 .group         0x0000000000000000        0xc hal/keybrd.32
 .comment       0x0000000000000000       0x12 hal/keybrd.32
 .group         0x0000000000000000        0xc hal/logidisk.32
 .comment       0x0000000000000000       0x12 hal/logidisk.32
 .group         0x0000000000000000        0xc hal/mouse.32
 .comment       0x0000000000000000       0x12 hal/mouse.32
 .comment       0x0000000000000000       0x12 hal/partition.32
 .group         0x0000000000000000        0xc hal/serial.32
[...]
Memory Configuration

Name             Origin             Length             Attributes
*default*        0x0000000000000000 0xffffffffffffffff

Linker script and memory map

LOAD D:/Users/Alex/Desktop/Banana/kernel/boot.32
LOAD crti.32
LOAD /cygdrive/d/Users/Alex/Desktop/Toolchain/Output/bin/../lib/gcc/i386-banana/8.1.0/crtbegin.o
LOAD D:/Users/Alex/Desktop/Banana/kernel/morenasm.32
LOAD acpica/utclib.32
LOAD core/malloc.32
LOAD libk/string.32
LOAD fs/fat/diskio.32
LOAD fs/fat/ff.32
LOAD fs/fat/ffsystem.32
LOAD fs/fat/ffunicode.32
LOAD compat/inlines.32
LOAD compat/resolve.32
LOAD core/computer.32
LOAD core/gdt.32
LOAD core/idle.32
LOAD core/idt.32
LOAD core/kheap.32
LOAD core/main.32
LOAD core/physmgr.32
LOAD core/pipe.32
LOAD core/terminal.32
LOAD core/tss.32
LOAD core/unixfile.32
LOAD core/virtmgr.32
LOAD coreobjs/c++.32
LOAD dbg/kconsole.32
LOAD fs/vfs.32
LOAD hal/bus.32
LOAD hal/buzzer.32
LOAD hal/clock.32
LOAD hal/device.32
LOAD hal/diskctrl.32
LOAD hal/diskphys.32
LOAD hal/fpu.32
LOAD hal/intctrl.32
LOAD hal/keybrd.32
LOAD hal/logidisk.32
LOAD hal/mouse.32
LOAD hal/partition.32
LOAD hal/serial.32
LOAD hal/timer.32
LOAD hal/vcache.32
LOAD hal/video.32
LOAD hw/acpi.32
LOAD hw/cpu.32
LOAD hw/ports.32
LOAD hw/smp.32
LOAD krnl/env.32
LOAD krnl/panic.32
LOAD krnl/powctrl.32
LOAD krnl/rand.32
LOAD net/ethernet.32
LOAD reg/registry.32
LOAD sys/sc_eject.32
LOAD sys/sc_exit.32
LOAD sys/sc_getcwd.32
LOAD sys/sc_getpid.32
LOAD sys/sc_getramdata.32
LOAD sys/sc_getvgaptr.32
LOAD sys/sc_loaddll.32
LOAD sys/sc_read.32
LOAD sys/sc_sbrk.32
LOAD sys/sc_setcwd.32
LOAD sys/sc_settime.32
LOAD sys/sc_timezone.32
LOAD sys/sc_write.32
LOAD sys/sc_wsbe.32
LOAD sys/sc_yield.32
LOAD sys/syscalls.32
LOAD thr/elf.32
LOAD thr/prcssthr.32
LOAD vm86/vm8086.32
LOAD vm86/x87em.32
LOAD fs/fat/vfslink.32
LOAD fs/iso9660/vfslink.32
LOAD hal/sound/sndcard.32
LOAD hal/sound/sndport.32
LOAD hw/bus/isa.32
LOAD hw/bus/pci.32
LOAD hw/diskctrl/ide.32
LOAD hw/diskctrl/satabus.32
LOAD hw/diskphys/ata.32
LOAD hw/diskphys/atapi.32
LOAD hw/diskphys/sata.32
LOAD hw/diskphys/satapi.32
LOAD hw/fpu/avx.32
LOAD hw/fpu/mmx.32
LOAD hw/fpu/sse.32
LOAD hw/fpu/x87.32
LOAD hw/intctrl/apic.32
LOAD hw/intctrl/pic.32
LOAD hw/timer/apictimer.32
LOAD hw/timer/pit.32
LOAD hw/fpu/x86/avx.32
LOAD hw/fpu/x86/sse.32
LOAD hw/fpu/x86/x87.32
LOAD /cygdrive/d/Users/Alex/Desktop/Toolchain/Output/bin/../lib/gcc/i386-banana/8.1.0/crtend.o
LOAD crtn.32
LOAD /cygdrive/d/Users/Alex/Desktop/Toolchain/Output/bin/../lib/gcc/i386-banana/8.1.0/libkgcc.a
LOAD D:/Users/Alex/Desktop/Banana/kernel/libsoftfp.a
LOAD D:/Users/Alex/Desktop/Banana/kernel/libk/libm32.a
                0x00000000c0000000                . = 0xc0000000

.text           0x00000000c0000000    0x231ba
 *(.text)
 .text          0x00000000c0000000       0x41 D:/Users/Alex/Desktop/Banana/kernel/boot.32
                0x00000000c0000020                callGlobalConstructors
 .text          0x00000000c0000041        0x0 crti.32
 *fill*         0x00000000c0000041        0x3 
 .text          0x00000000c0000044      0x101 /cygdrive/d/Users/Alex/Desktop/Toolchain/Output/bin/../lib/gcc/i386-banana/8.1.0/crtbegin.o
 *fill*         0x00000000c0000145        0xb 
 .text          0x00000000c0000150      0x440 D:/Users/Alex/Desktop/Banana/kernel/morenasm.32
                0x00000000c0000150                manualPCIProbe
                0x00000000c000019b                prepareTramp
                0x00000000c00001b4                doTPAUSE
                0x00000000c00001be                hasLegacyFPU
                0x00000000c00001e3                is486
                0x00000000c0000219                getRDRAND
                0x00000000c0000229                detectCPUID
                0x00000000c000023f                goToVM86
                0x00000000c000026f                goToUsermode
                0x00000000c0000299                switchToThreadASMFirstTime
                0x00000000c00002a7                switchToThreadASM
                0x00000000c0000337                asmQuickAcquireLock
                0x00000000c0000355                asmQuickReleaseLock
                0x00000000c0000361                asmAcquireLock
                0x00000000c0000382                asmReleaseLock
                0x00000000c0000395                loadGDT
                0x00000000c00003b5                isr0
                0x00000000c00003c5                isr1
                0x00000000c00003cf                isr2
                0x00000000c00003d9                isr3
                0x00000000c00003e3                isr4
                0x00000000c00003ed                isr5
                0x00000000c00003f7                isr6
                0x00000000c0000401                isr7
                0x00000000c000040b                isr8
                0x00000000c0000413                isr9
                0x00000000c000041d                isr10
                0x00000000c0000425                isr11
                0x00000000c000042d                isr12
                0x00000000c0000435                isr13
                0x00000000c000043d                isr14
                0x00000000c0000445                isr15
                0x00000000c000044f                isr16
                0x00000000c0000459                isr17
                0x00000000c0000463                isr18
                0x00000000c000046d                irq3
                0x00000000c0000477                irq4
                0x00000000c0000481                irq5
                0x00000000c000048b                irq6
                0x00000000c0000495                irq7
                0x00000000c000049f                irq8
                0x00000000c00004a9                irq9
                0x00000000c00004b3                irq10
                0x00000000c00004bd                irq11
                0x00000000c00004c7                irq12
                0x00000000c00004d1                irq13
                0x00000000c00004db                irq14
                0x00000000c00004e5                irq15
                0x00000000c00004ef                irq1
                0x00000000c00004f6                irq2
                0x00000000c00004fd                isr96
                0x00000000c0000504                irq0
                0x00000000c0000509                int_common_stub
                0x00000000c0000509                syscall_common_stub
                0x00000000c000053b                irq16
                0x00000000c0000545                irq17
                0x00000000c000054f                irq18
                0x00000000c0000559                irq19
                0x00000000c0000563                irq20
                0x00000000c000056d                irq21
                0x00000000c0000577                irq22
                0x00000000c0000581                irq23
                0x00000000c000058b                memcpy
 .text          0x00000000c0000590      0x5dd acpica/utclib.32
                0x00000000c0000590                memcmp
                0x00000000c00005cc                memmove
                0x00000000c0000694                memset
                0x00000000c00006b0                strlen
                0x00000000c00006c8                strpbrk
                0x00000000c0000704                strtok
                0x00000000c0000750                strcpy
                0x00000000c0000774                strncpy
                0x00000000c00007dc                strcmp
                0x00000000c000081c                strchr
                0x00000000c0000840                strncmp
                0x00000000c0000890                strcat
                0x00000000c00008c0                strncat
                0x00000000c00008fc                strstr
                0x00000000c0000944                toupper
                0x00000000c0000958                tolower
                0x00000000c000096c                simple_strtoul
 .text          0x00000000c0000b6d      0xfad core/malloc.32
                0x00000000c0000cd8                dlfree
                0x00000000c0001033                dlmalloc
                0x00000000c0001570                dlrealloc
                0x00000000c0001713                dlmemalign
                0x00000000c0001836                dlcalloc
                0x00000000c00018d0                dlcfree
                0x00000000c00018d5                dlindependent_calloc
                0x00000000c00018fa                dlindependent_comalloc
                0x00000000c0001911                dlvalloc
                0x00000000c000193c                dlpvalloc
                0x00000000c0001972                dlmalloc_trim
                0x00000000c000197f                dlmalloc_usable_size
                0x00000000c00019b0                dlmallinfo
                0x00000000c0001a7f                dlmalloc_stats
                0x00000000c0001a90                dlmallopt
 .text          0x00000000c0001b1a        0x0 libk/string.32
 .text          0x00000000c0001b1a       0x51 fs/fat/diskio.32
                0x00000000c0001b1a                disk_status
                0x00000000c0001b1d                disk_initialize
                0x00000000c0001b20                disk_read
                0x00000000c0001b36                disk_write
                0x00000000c0001b4c                disk_ioctl
 .text          0x00000000c0001b6b     0x6a69 fs/fat/ff.32
                0x00000000c0004e39                f_mount
                0x00000000c0004e9b                f_open
                0x00000000c00052d7                f_read
                0x00000000c0005557                f_write
                0x00000000c0005811                f_sync
                0x00000000c00059ed                f_close
                0x00000000c0005a1c                f_lseek
                0x00000000c0005ed3                f_opendir
                0x00000000c0005fd5                f_closedir
                0x00000000c0005ff7                f_readdir
                0x00000000c0006092                f_stat
                0x00000000c0006121                f_getfree
                0x00000000c00062ec                f_truncate
                0x00000000c00063e4                f_unlink
                0x00000000c0006567                f_mkdir
                0x00000000c0006793                f_rename
                0x00000000c0006a86                f_chmod
                0x00000000c0006b64                f_utime
                0x00000000c0006c42                f_getlabel
                0x00000000c0006e30                f_setlabel
                0x00000000c000709d                f_expand
                0x00000000c00072d3                f_forward
                0x00000000c00074b1                f_mkfs
 .text          0x00000000c00085d4       0x2f fs/fat/ffsystem.32
                0x00000000c00085d4                ff_memalloc
                0x00000000c00085ec                ff_memfree
 *fill*         0x00000000c0008603        0x1 
 .text          0x00000000c0008604      0x274 fs/fat/ffunicode.32
                0x00000000c0008604                ff_uni2oem
                0x00000000c000869c                ff_oem2uni
                0x00000000c0008710                ff_wtoupper
 .text          0x00000000c0008878       0xa7 compat/inlines.32
                0x00000000c0008878                CPU::current()
                0x00000000c0008884                operator new(unsigned long)
                0x00000000c0008889                operator delete(void*)
                0x00000000c000888e                disableIRQs()
                0x00000000c0008896                enableIRQs()
                0x00000000c00088a5                lockScheduler()
                0x00000000c00088ad                unlockScheduler()
                0x00000000c00088bc                lockStuff()
                0x00000000c00088ca                unlockStuff()
                0x00000000c0008904                Virt::getAKernelVAS()
                0x00000000c000890a                __not_memcpy
 *fill*         0x00000000c000891f        0x1 
 .text          0x00000000c0008920      0x118 compat/resolve.32
                0x00000000c0008920                Krnl::resolveCompatibilitySymbol(char*)
 .text          0x00000000c0008a38      0xb95 core/computer.32
                0x00000000c0008a38                Computer::close(int, int, void*)
                0x00000000c0008a7c                Krnl::firstTask()
                0x00000000c0008bd0                Computer::Computer()
                0x00000000c0008bd0                Computer::Computer()
                0x00000000c0008d2c                Computer::setBootMessage(char const*)
                0x00000000c0008d2e                Computer::detectFeatures()
                0x00000000c0008f38                Computer::displayFeatures()
                0x00000000c000927e                Computer::rdmsr(unsigned int)
                0x00000000c00092aa                Computer::wrmsr(unsigned int, unsigned long long)
                0x00000000c00092e2                Computer::shutdown()
                0x00000000c00092fa                Computer::restart()
                0x00000000c0009312                Computer::sleep()
                0x00000000c0009326                Computer::nmiEnabled()
                0x00000000c0009332                Computer::readCMOS(unsigned char)
                0x00000000c000934c                Computer::enableNMI(bool)
                0x00000000c0009364                Computer::open(int, int, void*)
                0x00000000c0009510                Computer::disableNMI()
                0x00000000c000951e                Computer::writeCMOS(unsigned char, unsigned char)
                0x00000000c000953c                Computer::handleNMI()
                0x00000000c00095a2                Computer::setDiskActivityLight(int, bool)
 *fill*         0x00000000c00095cd        0x1 
 .text          0x00000000c00095ce      0x211 core/gdt.32
                0x00000000c00095ce                GDTEntry::setBase(unsigned int)
                0x00000000c00095ea                GDTEntry::setLimit(unsigned int)
                0x00000000c0009608                GDT::GDT()
                0x00000000c0009608                GDT::GDT()
                0x00000000c000961e                GDT::addEntry(GDTEntry)
                0x00000000c0009640                GDT::getNumberOfEntries()
                0x00000000c0009648                GDT::flush()
                0x00000000c000966a                GDT::setup()
 .text          0x00000000c00097df       0x6b core/idle.32
                0x00000000c00097df                idleFunction(void*)
 *fill*         0x00000000c000984a        0x2 
 .text          0x00000000c000984c      0x464 core/idt.32
                0x00000000c000984c                IDTEntry::IDTEntry(bool)
                0x00000000c000984c                IDTEntry::IDTEntry(bool)
                0x00000000c00098be                IDTEntry::setOffset(unsigned int)
                0x00000000c00098d4                IDT::IDT()
                0x00000000c00098d4                IDT::IDT()
                0x00000000c00098d6                IDT::getPointerToInvalidOpcodeEntryForF00F()
                0x00000000c00098de                IDT::addEntry(IDTEntry, int)
                0x00000000c00098f8                IDT::addEntry(int, void (*)(), bool)
                0x00000000c0009930                IDT::flush()
                0x00000000c000994a                IDT::setup()
 .text          0x00000000c0009cb0      0x191 core/kheap.32
                0x00000000c0009cb0                sbrk
                0x00000000c0009d53                mmap
                0x00000000c0009d69                munmap
                0x00000000c0009d7f                liballoc_lock()
                0x00000000c0009d8c                liballoc_unlock()
                0x00000000c0009da0                liballoc_alloc(int)
                0x00000000c0009db8                liballoc_free(void*, int)
                0x00000000c0009dd3                realloc
                0x00000000c0009de7                malloc
                0x00000000c0009df7                free
                0x00000000c0009e07                rfree
                0x00000000c0009e17                calloc
 .text          0x00000000c0009e41      0x437 core/main.32
                0x00000000c0009e41                Krnl::setBootMessage(char const*)
                0x00000000c0009ead                kernel_main
 .text          0x00000000c000a278      0x668 core/physmgr.32
                0x00000000c000a278                Phys::allocateDMA(unsigned long)
                0x00000000c000a387                Phys::freeDMA(unsigned long, unsigned long)
                0x00000000c000a3cd                Phys::setPageState(unsigned long, bool)
                0x00000000c000a3ff                Phys::getPageState(unsigned long)
                0x00000000c000a41b                Phys::freePage(unsigned long)
                0x00000000c000a49e                Phys::allocatePage()
                0x00000000c000a589                Phys::allocateContiguousPages(int)
                0x00000000c000a5e5                Phys::allowSegmentToBeUsed(unsigned long, unsigned long)
                0x00000000c000a61d                Phys::physicalMemorySetup(unsigned int)
 .text          0x00000000c000a8e0      0x273 core/pipe.32
                0x00000000c000a8e0                Pipe::isAtty()
                0x00000000c000a8e4                Pipe::~Pipe()
                0x00000000c000a8e4                Pipe::~Pipe()
                0x00000000c000a908                Pipe::~Pipe()
                0x00000000c000a930                Pipe::read(unsigned long long, void*, int*)
                0x00000000c000aa2c                Pipe::write(unsigned long long, void*, int*)
                0x00000000c000aaec                Pipe::Pipe(int)
                0x00000000c000aaec                Pipe::Pipe(int)
 *fill*         0x00000000c000ab53        0x1 
 .text          0x00000000c000ab54      0xb8f core/terminal.32
                0x00000000c000ab54                VgaText::isAtty()
                0x00000000c000ab58                VgaText::~VgaText()
                0x00000000c000ab58                VgaText::~VgaText()
                0x00000000c000ab7c                VgaText::~VgaText()
                0x00000000c000aba6                VgaText::read(unsigned long long, void*, int*)
                0x00000000c000abc6                setTerminalScrollLock(bool)
                0x00000000c000abc7                addToTerminalCycle(VgaText*)
                0x00000000c000abe8                installVgaTextImplementation()
                0x00000000c000abfd                scrollTerminalScrollLock(int)
                0x00000000c000abfe                VgaText::updateTitle()
                0x00000000c000ac3c                VgaText::load()
                0x00000000c000ac8a                VgaText::updateCursor()
                0x00000000c000aca0                VgaText::doANSI_SGR(int)
                0x00000000c000ad14                VgaText::setDefaultBgColour(VgaColour)
                0x00000000c000ad24                VgaText::setDefaultFgColour(VgaColour)
                0x00000000c000ad34                VgaText::setDefaultColours(VgaColour, VgaColour)
                0x00000000c000ad54                VgaText::setTitleTextColour(VgaColour)
                0x00000000c000ad64                VgaText::setTitleColour(VgaColour)
                0x00000000c000ad74                VgaText::setTitle(char*)
                0x00000000c000ad9a                VgaText::combineColours(unsigned char, unsigned char)
                0x00000000c000adac                VgaText::scrollScreen()
                0x00000000c000ae40                VgaText::combineCharAndColour(char, unsigned char)
                0x00000000c000ae52                VgaText::writeCharacter(char, VgaColour, VgaColour, int, int)
                0x00000000c000aeae                VgaText::getCursorX()
                0x00000000c000aeb6                VgaText::getCursorY()
                0x00000000c000aebe                VgaText::setCursor(int, int)
                0x00000000c000aed5                setActiveTerminal(VgaText*)
                0x00000000c000af37                doTerminalCycle()
                0x00000000c000af52                VgaText::setCursorX(int)
                0x00000000c000af6a                VgaText::setCursorY(int)
                0x00000000c000af82                VgaText::incrementCursor(bool)
                0x00000000c000afd6                VgaText::decrementCursor(bool)
                0x00000000c000aff8                VgaText::putchar(char, VgaColour, VgaColour)
                0x00000000c000b0d0                VgaText::doUpdate()
                0x00000000c000b0de                VgaText::puts(char const*, VgaColour, VgaColour)
                0x00000000c000b256                VgaText::clearScreen()
                0x00000000c000b2b0                VgaText::putchar(char)
                0x00000000c000b39c                VgaText::putx(unsigned int)
                0x00000000c000b3e2                VgaText::puts(char const*)
                0x00000000c000b408                VgaText::VgaText(char const*)
                0x00000000c000b408                VgaText::VgaText(char const*)
                0x00000000c000b584                VgaText::receiveKey(unsigned char)
                0x00000000c000b66a                VgaText::write(unsigned long long, void*, int*)
                0x00000000c000b6be                newTerminal(char*)
 *fill*         0x00000000c000b6e3        0x1 
 .text          0x00000000c000b6e4      0x1a1 core/tss.32
                0x00000000c000b6e4                TSS::TSS()
                0x00000000c000b6e4                TSS::TSS()
                0x00000000c000b6f4                TSS::setESP(unsigned long)
                0x00000000c000b708                TSS::flush()
                0x00000000c000b728                TSS::setup(unsigned long, unsigned long)
 *fill*         0x00000000c000b885        0x1 
 .text          0x00000000c000b886      0x4c2 core/unixfile.32
                0x00000000c000b886                ReservedFilename::read(unsigned long long, void*, int*)
                0x00000000c000b8dc                ReservedFilename::isAtty()
                0x00000000c000b8f8                ReservedFilename::write(unsigned long long, void*, int*)
                0x00000000c000b956                UnixFile::getFileDescriptor()
                0x00000000c000b95e                UnixFile::UnixFile(int)
                0x00000000c000b95e                UnixFile::UnixFile(int)
                0x00000000c000bb0e                ReservedFilename::ReservedFilename(int)
                0x00000000c000bb0e                ReservedFilename::ReservedFilename(int)
                0x00000000c000bb40                UnixFile::~UnixFile()
                0x00000000c000bb40                UnixFile::~UnixFile()
                0x00000000c000bbd8                UnixFile::~UnixFile()
                0x00000000c000bc00                ReservedFilename::~ReservedFilename()
                0x00000000c000bc00                ReservedFilename::~ReservedFilename()
                0x00000000c000bc24                ReservedFilename::~ReservedFilename()
                0x00000000c000bc4b                getFromFileDescriptor(int)
 .text          0x00000000c000bd48     0x1218 core/virtmgr.32
                0x00000000c000bd48                Virt::setPageState(unsigned long, Virt::VirtPageState)
                0x00000000c000bd7d                Virt::getPageState(unsigned long)
                0x00000000c000bda1                Virt::allocateKernelVirtualPages(int)
                0x00000000c000beb2                Virt::freeSwapfilePage(unsigned long)
                0x00000000c000bed0                Virt::swapIDToSector(unsigned long)
                0x00000000c000bee2                Virt::allocateSwapfilePage()
                0x00000000c000bf60                Virt::virtualMemorySetup()
                0x00000000c000bfab                Virt::setupPageSwapping(int)
                0x00000000c000c01c                VAS::VAS()
                0x00000000c000c01c                VAS::VAS()
                0x00000000c000c058                VAS::VAS(VAS*)
                0x00000000c000c058                VAS::VAS(VAS*)
                0x00000000c000c086                VAS::getForeignPageTableEntry(bool, unsigned long)
                0x00000000c000c0b2                VAS::getPageTableEntry(unsigned long)
                0x00000000c000c0d1                Virt::freeKernelVirtualPages(unsigned long)
                0x00000000c000c1f4                VAS::freeAllocatedPages(unsigned long)
                0x00000000c000c218                VAS::virtualToPhysical(unsigned long)
                0x00000000c000c230                VAS::reflagRange(unsigned long, int, int, int)
                0x00000000c000c270                VAS::setToWriteCombining(unsigned long, int)
                0x00000000c000c2a2                VAS::mapOtherVASIn(bool, VAS*)
                0x00000000c000c2cc                VAS::~VAS()
                0x00000000c000c2cc                VAS::~VAS()
                0x00000000c000c448                VAS::mapPage(unsigned long, unsigned long, int)
                0x00000000c000c54a                VAS::allocatePages(int, int)
                0x00000000c000c722                VAS::setCPUSpecific(unsigned long)
                0x00000000c000c73e                VAS::mapRange(unsigned long, unsigned long, int, int)
                0x00000000c000c804                VAS::mapForeignPage(bool, VAS*, unsigned long, unsigned long, int)
                0x00000000c000c8f2                VAS::VAS(bool)
                0x00000000c000c8f2                VAS::VAS(bool)
                0x00000000c000cb72                VAS::evict(unsigned long)
                0x00000000c000cc42                VAS::tryLoadBackOffDisk(unsigned long)
                0x00000000c000cd56                VAS::scanForEviction()
                0x00000000c000ce34                mapVASFirstTime
 .text          0x00000000c000cf60       0x95 coreobjs/c++.32
                0x00000000c000cf60                __cxa_atexit
                0x00000000c000cf63                __cxa_finalize
                0x00000000c000cf64                __stack_chk_fail
                0x00000000c000cfd0                __cxa_pure_virtual
                0x00000000c000cfe1                operator new[](unsigned long)
                0x00000000c000cfe6                operator delete(void*, unsigned long)
                0x00000000c000cfeb                operator delete[](void*)
                0x00000000c000cff0                operator delete[](void*, unsigned long)
 .text          0x00000000c000cff5      0x1fc dbg/kconsole.32
                0x00000000c000cff5                Dbg::stringifyxWithBase(unsigned int, char*, int)
                0x00000000c000d04e                Dbg::logc(char)
                0x00000000c000d06e                Dbg::logs(char*)
                0x00000000c000d08b                Dbg::logWriteInt(unsigned int)
                0x00000000c000d0a8                Dbg::logWriteIntBase(unsigned int, int)
                0x00000000c000d0c7                Dbg::kprintf(char const*, ...)
 *fill*         0x00000000c000d1f1        0x1 
 .text          0x00000000c000d1f2      0xcac fs/vfs.32
                0x00000000c000d1f2                File::read(unsigned long long, void*, int*)
                0x00000000c000d24a                File::write(unsigned long long, void*, int*)
                0x00000000c000d2a2                Directory::read(unsigned long long, void*, int*)
                0x00000000c000d2fa                Directory::write(unsigned long long, void*, int*)
                0x00000000c000d328                File::isAtty()
                0x00000000c000d32c                Directory::isAtty()
                0x00000000c000d330                Filesystem::getlabel(LogicalDisk*, int, char*, unsigned int*)
                0x00000000c000d336                Filesystem::setlabel(LogicalDisk*, int, char*)
                0x00000000c000d33c                Filesystem::allocateSwapfile(char const*, int)
                0x00000000c000d342                File::~File()
                0x00000000c000d342                File::~File()
                0x00000000c000d366                File::~File()
                0x00000000c000d390                Directory::~Directory()
                0x00000000c000d390                Directory::~Directory()
                0x00000000c000d3b4                Directory::~Directory()
                0x00000000c000d3de                Filesystem::Filesystem()
                0x00000000c000d3de                Filesystem::Filesystem()
                0x00000000c000d402                Filesystem::~Filesystem()
                0x00000000c000d402                Filesystem::~Filesystem()
                0x00000000c000d410                Filesystem::~Filesystem()
                0x00000000c000d434                Fs::getcwd(Process*, char*, int)
                0x00000000c000d45e                Fs::initVFS()
                0x00000000c000d488                Fs::standardiseFiles(char*, char const*, char const*)
                0x00000000c000d632                File::File(char const*, Process*)
                0x00000000c000d632                File::File(char const*, Process*)
                0x00000000c000d70c                File::open(FileOpenMode)
                0x00000000c000d76a                File::close()
                0x00000000c000d7ca                File::seek(unsigned long long)
                0x00000000c000d820                File::tell(unsigned long long*)
                0x00000000c000d870                File::rewind()
                0x00000000c000d884                File::unlink()
                0x00000000c000d8d0                File::rename(char const*)
                0x00000000c000d91e                File::chfatattr(unsigned char, unsigned char)
                0x00000000c000d97a                File::exists()
                0x00000000c000d9b8                File::stat(unsigned long long*, bool*)
                0x00000000c000da19                Fs::setcwd(Process*, char*)
                0x00000000c000db92                Directory::Directory(char const*, Process*)
                0x00000000c000db92                Directory::Directory(char const*, Process*)
                0x00000000c000dc6c                Directory::open()
                0x00000000c000dcc8                Directory::close()
                0x00000000c000dd28                Directory::unlink()
                0x00000000c000dd74                Directory::rename(char const*)
                0x00000000c000ddc2                Directory::exists()
                0x00000000c000de00                Directory::read(dirent*)
                0x00000000c000de4c                Directory::create()
                0x00000000c000de98                Filesystem::chfatattr(char const*, unsigned char, unsigned char)
 *fill*         0x00000000c000de9e        0x2 
 .text          0x00000000c000dea0       0x86 hal/bus.32
                0x00000000c000dea0                Bus::Bus(char const*)
                0x00000000c000dea0                Bus::Bus(char const*)
                0x00000000c000ded8                Bus::~Bus()
                0x00000000c000ded8                Bus::~Bus()
                0x00000000c000defc                Bus::~Bus()
 *fill*         0x00000000c000df26        0x2 
 .text          0x00000000c000df28      0x153 hal/buzzer.32
                0x00000000c000df28                Buzzer::Buzzer(char const*)
                0x00000000c000df28                Buzzer::Buzzer(char const*)
                0x00000000c000df6c                Buzzer::~Buzzer()
                0x00000000c000df6c                Buzzer::~Buzzer()
                0x00000000c000df90                Buzzer::~Buzzer()
                0x00000000c000dfba                Buzzer::stop()
                0x00000000c000dfcd                beepThread(void*)
                0x00000000c000e00e                Buzzer::beep(int, int, bool)
 *fill*         0x00000000c000e07b        0x1 
 .text          0x00000000c000e07c      0x467 hal/clock.32
                0x00000000c000e07c                User::loadClockSettings(int)
                0x00000000c000e0ce                Clock::Clock(char const*)
                0x00000000c000e0ce                Clock::Clock(char const*)
                0x00000000c000e104                Clock::~Clock()
                0x00000000c000e104                Clock::~Clock()
                0x00000000c000e128                Clock::~Clock()
                0x00000000c000e152                Clock::timeInSecondsLocal()
                0x00000000c000e19a                Clock::setTimeInSecondsLocal(unsigned long long)
                0x00000000c000e1f3                datetimeToSeconds(datetime_t)
                0x00000000c000e31a                Clock::setTimeInDatetimeLocal(datetime_t)
                0x00000000c000e37a                secondsToDatetime(unsigned long long)
                0x00000000c000e4be                Clock::timeInDatetimeLocal()
 *fill*         0x00000000c000e4e3        0x1 
 .text          0x00000000c000e4e4      0x504 hal/device.32
                0x00000000c000e4e4                Device::hibernate()
                0x00000000c000e4e6                Device::wake()
                0x00000000c000e4e8                Device::detect()
                0x00000000c000e4ea                Device::disableLegacy()
                0x00000000c000e4ec                Device::powerSaving(PowerSavingLevel)
                0x00000000c000e4ee                DriverlessDevice::close(int, int, void*)
                0x00000000c000e4f2                DriverlessDevice::detect()
                0x00000000c000e4f4                DriverlessDevice::open(int, int, void*)
                0x00000000c000e508                Device::~Device()
                0x00000000c000e508                Device::~Device()
                0x00000000c000e516                Device::~Device()
                0x00000000c000e53e                Device::findAndLoadDriver()
                0x00000000c000e54c                Device::preOpenPCI(PCIDeviceInfo)
                0x00000000c000e572                Device::preOpenACPI(void*, char*, char*)
                0x00000000c000e5b2                Device::addIRQHandler(int, void (*)(regs*, void*), bool, void*)
                0x00000000c000e5f0                Device::getParent()
                0x00000000c000e5fc                Device::removeIRQHandler(int, void (*)(regs*, void*), bool)
                0x00000000c000e63a                Device::addChild(Device*)
                0x00000000c000e67e                Device::removeAllChildren()
                0x00000000c000e6c4                Device::hibernateAll()
                0x00000000c000e6f4                Device::wakeAll()
                0x00000000c000e724                Device::detectAll()
                0x00000000c000e754                Device::disableLegacyAll()
                0x00000000c000e784                Device::loadDriversForAll()
                0x00000000c000e7c4                Device::closeAll()
                0x00000000c000e7fa                Device::powerSavingAll(PowerSavingLevel)
                0x00000000c000e830                Device::setName(char const*)
                0x00000000c000e83e                Device::Device(char const*)
                0x00000000c000e83e                Device::Device(char const*)
                0x00000000c000e93a                Device::getName()
                0x00000000c000e944                DriverlessDevice::DriverlessDevice(char const*)
                0x00000000c000e944                DriverlessDevice::DriverlessDevice(char const*)
                0x00000000c000e97a                Device::addToLinkedList(LinkedList<Device>&, DeviceType)
                0x00000000c000e9be                getDevicesOfType(DeviceType)
 .text          0x00000000c000e9e8       0x86 hal/diskctrl.32
                0x00000000c000e9e8                HardDiskController::HardDiskController(char const*)
                0x00000000c000e9e8                HardDiskController::HardDiskController(char const*)
                0x00000000c000ea20                HardDiskController::~HardDiskController()
                0x00000000c000ea20                HardDiskController::~HardDiskController()
                0x00000000c000ea44                HardDiskController::~HardDiskController()
 .text          0x00000000c000ea6e       0xe2 hal/diskphys.32
                0x00000000c000ea6e                PhysicalDisk::eject()
                0x00000000c000ea72                PhysicalDisk::PhysicalDisk(char const*, int)
                0x00000000c000ea72                PhysicalDisk::PhysicalDisk(char const*, int)
                0x00000000c000eada                PhysicalDisk::startCache()
                0x00000000c000eb02                PhysicalDisk::~PhysicalDisk()
                0x00000000c000eb02                PhysicalDisk::~PhysicalDisk()
                0x00000000c000eb26                PhysicalDisk::~PhysicalDisk()
 .text          0x00000000c000eb50      0x15f hal/fpu.32
                0x00000000c000eb50                FPU::FPU(char const*)
                0x00000000c000eb50                FPU::FPU(char const*)
                0x00000000c000eb88                FPU::~FPU()
                0x00000000c000eb88                FPU::~FPU()
                0x00000000c000ebac                FPU::~FPU()
                0x00000000c000ebd6                setupFPU()
 *fill*         0x00000000c000ecaf        0x1 
 .text          0x00000000c000ecb0     0x12cf hal/intctrl.32
                0x00000000c000ecb0                InterruptController::uninstallISRHandler(int, void (*)(regs*, void*))
                0x00000000c000ece8                InterruptController::installISRHandler(int, void (*)(regs*, void*), void*)
                0x00000000c000ed3a                doubleFault(regs*, void*)
                0x00000000c000ed54                InterruptController::installIRQHandler(int, void (*)(regs*, void*), bool, void*)
                0x00000000c000edf0                InterruptController::clearAllHandlers(int, bool)
                0x00000000c000ee98                InterruptController::uninstallIRQHandler(int, void (*)(regs*, void*), bool)
                0x00000000c000ef1f                nmiHandler(regs*, void*)
                0x00000000c000ef2d                int_handler
                0x00000000c000efce                InterruptController::InterruptController(char const*)
                0x00000000c000efce                InterruptController::InterruptController(char const*)
                0x00000000c000f074                InterruptController::~InterruptController()
                0x00000000c000f074                InterruptController::~InterruptController()
                0x00000000c000f098                InterruptController::~InterruptController()
                0x00000000c000f0c2                displayDebugInfo(regs*)
                0x00000000c000f551                x87EmulHandler(regs*, void*)
                0x00000000c000f69a                gpFault(regs*, void*)
                0x00000000c000f6d3                pgFault(regs*, void*)
                0x00000000c000f722                otherISRHandler(regs*, void*)
                0x00000000c000f741                opcodeFault(regs*, void*)
                0x00000000c000fb1b                displayProgramFault(char const*)
                0x00000000c000fb43                setupInterruptController()
                0x00000000c000ff32                InterruptController::convertLegacyIRQNumber(int)
 *fill*         0x00000000c000ff7f        0x1 
 .text          0x00000000c000ff80      0x778 hal/keybrd.32
                0x00000000c000ff80                startGUI(void*)
                0x00000000c000ffec                startGUIVESA(void*)
                0x00000000c0010058                sendKeyToTerminal(unsigned char)
                0x00000000c0010116                sendKeyboardToken(KeyboardToken)
                0x00000000c0010548                clearInternalKeybuffer(VgaText*)
                0x00000000c001057d                readKeyboard(VgaText*, char*, unsigned long)
                0x00000000c001066e                Keyboard::Keyboard(char const*)
                0x00000000c001066e                Keyboard::Keyboard(char const*)
                0x00000000c00106aa                Keyboard::~Keyboard()
                0x00000000c00106aa                Keyboard::~Keyboard()
                0x00000000c00106ce                Keyboard::~Keyboard()
 .text          0x00000000c00106f8      0x42a hal/logidisk.32
                0x00000000c00106f8                LogicalDisk::close(int, int, void*)
                0x00000000c00106fc                LogicalDisk::~LogicalDisk()
                0x00000000c00106fc                LogicalDisk::~LogicalDisk()
                0x00000000c0010720                LogicalDisk::~LogicalDisk()
                0x00000000c001074a                LogicalDisk::open(int, int, void*)
                0x00000000c001075e                LogicalDisk::absoluteToRelative(unsigned long long)
                0x00000000c0010796                LogicalDisk::relativeToAbsolute(unsigned long long)
                0x00000000c00107dc                LogicalDisk::LogicalDisk(char const*, PhysicalDisk*, unsigned long long, unsigned long long)
                0x00000000c00107dc                LogicalDisk::LogicalDisk(char const*, PhysicalDisk*, unsigned long long, unsigned long long)
                0x00000000c0010892                LogicalDisk::assignDriveLetter()
                0x00000000c0010948                LogicalDisk::mount()
                0x00000000c00109d0                LogicalDisk::unmount()
                0x00000000c00109e0                LogicalDisk::eject()
                0x00000000c00109f4                LogicalDisk::unassignDriveLetter()
                0x00000000c0010a4a                LogicalDisk::read(unsigned long long, int, void*)
                0x00000000c0010ab6                LogicalDisk::write(unsigned long long, int, void*)
 *fill*         0x00000000c0010b22        0x2 
 .text          0x00000000c0010b24       0x86 hal/mouse.32
                0x00000000c0010b24                Mouse::Mouse(char const*)
                0x00000000c0010b24                Mouse::Mouse(char const*)
                0x00000000c0010b5c                Mouse::~Mouse()
                0x00000000c0010b5c                Mouse::~Mouse()
                0x00000000c0010b80                Mouse::~Mouse()
 .text          0x00000000c0010baa      0x339 hal/partition.32
                0x00000000c0010baa                makePartition(PhysicalDisk*, unsigned long long, unsigned long long)
                0x00000000c0010c52                createPartitionsForDisk(PhysicalDisk*)
 *fill*         0x00000000c0010ee3        0x1 
 .text          0x00000000c0010ee4       0x86 hal/serial.32
                0x00000000c0010ee4                Serial::Serial(char const*)
                0x00000000c0010ee4                Serial::Serial(char const*)
                0x00000000c0010f1c                Serial::~Serial()
                0x00000000c0010f1c                Serial::~Serial()
                0x00000000c0010f40                Serial::~Serial()
 *fill*         0x00000000c0010f6a        0x2 
 .text          0x00000000c0010f6c      0x2f2 hal/timer.32
                0x00000000c0010f6c                Timer::Timer(char const*)
                0x00000000c0010f6c                Timer::Timer(char const*)
                0x00000000c0010fa4                Timer::~Timer()
                0x00000000c0010fa4                Timer::~Timer()
                0x00000000c0010fc8                Timer::~Timer()
                0x00000000c0010ff2                Timer::read()
                0x00000000c0010ffd                timerHandler(unsigned int)
                0x00000000c0011164                setupTimer(int)
 *fill*         0x00000000c001125e        0x2 
 .text          0x00000000c0011260      0x43e hal/vcache.32
                0x00000000c0011260                VCache::VCache(PhysicalDisk*)
                0x00000000c0011260                VCache::VCache(PhysicalDisk*)
                0x00000000c00113c8                VCache::invalidateReadBuffer()
                0x00000000c00113d8                VCache::writeWriteBuffer()
                0x00000000c0011424                VCache::~VCache()
                0x00000000c0011424                VCache::~VCache()
                0x00000000c0011478                VCache::~VCache()
                0x00000000c00114a0                VCache::write(unsigned long long, int, void*)
                0x00000000c001159a                VCache::read(unsigned long long, int, void*)
 .text          0x00000000c001169e      0x4b3 hal/video.32
                0x00000000c001169e                Video::putrect(int, int, int, int, unsigned int)
                0x00000000c00116ea                Video::bitblit(int, int, int, int, int, int, int, unsigned int*)
                0x00000000c001175a                Video::blit(unsigned int*, int, int, int, int)
                0x00000000c00117d8                Video::clearScreen(unsigned int)
                0x00000000c001180c                Video::putpixel(int, int, unsigned int)
                0x00000000c001181a                Video::Video(char const*)
                0x00000000c001181a                Video::Video(char const*)
                0x00000000c0011850                Video::~Video()
                0x00000000c0011850                Video::~Video()
                0x00000000c0011874                Video::~Video()
                0x00000000c001189e                Video::isMonochrome()
                0x00000000c00118aa                Video::getWidth()
                0x00000000c00118b6                Video::getHeight()
                0x00000000c00118c2                Video::drawCursor(int, int, unsigned char*, int)
                0x00000000c001197e                Video::tgaParse(unsigned char*, int, int*, int*)
                0x00000000c0011ae6                Video::putTGA(int, int, unsigned char*, int)
 *fill*         0x00000000c0011b51        0x3 
 .text          0x00000000c0011b54     0x1707 hw/acpi.32
                0x00000000c0011b54                ACPI::close(int, int, void*)
                0x00000000c0011c08                findRSDP()
                0x00000000c0011cdc                loadACPITables(unsigned char*)
                0x00000000c0011f40                findRSDT(unsigned char*)
                0x00000000c0012100                findDataTable(unsigned char*, char*)
                0x00000000c0012178                scanMADT()
                0x00000000c0012654                ACPI::ACPI()
                0x00000000c0012654                ACPI::ACPI()
                0x00000000c00126b8                ACPI::getPCIIRQAssignment(unsigned char, unsigned short, unsigned char)
                0x00000000c00127a0                ACPI::registerPCIIRQAssignment(void*, unsigned short, unsigned char, unsigned char)
                0x00000000c0012868                ACPI::setScreenBrightnessLevel(void*, int)
                0x00000000c0012870                ACPI::detectPCI()
                0x00000000c0012d54                ACPI::writeSimpleBootFlag(SimpleBootFlagTable*)
                0x00000000c0012d9c                ACPI::sleep()
                0x00000000c0012dd8                ACPI::open(int, int, void*)
 *fill*         0x00000000c001325b        0x1 
 .text          0x00000000c001325c     0x1861 hw/cpu.32
                0x00000000c001325c                CPU::close(int, int, void*)
                0x00000000c0013260                CPU::lookupAMDName(unsigned char, unsigned char)
                0x00000000c00133f4                CPU::lookupIntelName(unsigned char, unsigned char)
                0x00000000c00136a2                CPU::AMD_K6_write_msr(unsigned int, unsigned int, unsigned int, CPU::REGS*)
                0x00000000c00136be                CPU::AMD_K6_read_msr(unsigned int, CPU::REGS*)
                0x00000000c00136d6                CPU::AMD_K6_writeback(int, int, int)
                0x00000000c001374a                CPU::cpuid(int, unsigned long*, unsigned long*, unsigned long*, unsigned long*)
                0x00000000c00137ce                CPU::cpuidCheckEDX(unsigned int)
                0x00000000c00137fc                CPU::cpuidCheckECX(unsigned int)
                0x00000000c001382a                CPU::cpuidCheckExtendedEBX(unsigned int)
                0x00000000c0013858                CPU::cpuidCheckExtendedECX(unsigned int)
                0x00000000c0013886                CPU::CPU()
                0x00000000c0013886                CPU::CPU()
                0x00000000c0013914                CPU::displayFeatures()
                0x00000000c0013bb4                CPU::detectFeatures()
                0x00000000c00145de                CPU::setupSMEP()
                0x00000000c00145ea                CPU::setupUMIP()
                0x00000000c00145f4                CPU::setupTSC()
                0x00000000c00145fe                CPU::setupLargePages()
                0x00000000c0014608                CPU::setupPAT()
                0x00000000c0014644                CPU::setupMTRR()
                0x00000000c0014646                CPU::setupGlobalPages()
                0x00000000c0014650                CPU::allowUsermodeDataAccess()
                0x00000000c0014662                CPU::prohibitUsermodeDataAccess()
                0x00000000c0014674                CPU::setupSMAP()
                0x00000000c0014682                CPU::setupFeatures()
                0x00000000c001474e                CPU::open(int, int, void*)
                0x00000000c00148c2                CPU::decodeAddress(regs*, int*, bool*, unsigned char*)
 .text          0x00000000c0014abd        0x0 hw/ports.32
 .text          0x00000000c0014abd      0x16a hw/smp.32
                0x00000000c0014abd                Krnl::smpEntry()
                0x00000000c0014abf                Krnl::startCPU(int)
                0x00000000c0014c08                Krnl::startCPUs()
 *fill*         0x00000000c0014c27        0x1 
 .text          0x00000000c0014c28      0x581 krnl/env.32
                0x00000000c0014c28                EnvVarContainer::getEnv(char const*)
                0x00000000c0014c66                EnvVarContainer::setEnv(char const*, char const*)
                0x00000000c0014d28                EnvVarContainer::deleteEnv(char const*)
                0x00000000c0014d2a                EnvVarContainer::loadFrom(char const*, char const*)
                0x00000000c0014f10                EnvVarContainer::__loadSystem()
                0x00000000c0014f2a                EnvVarContainer::__loadUser()
                0x00000000c0014f2c                EnvVarContainer::EnvVarContainer(Process*)
                0x00000000c0014f2c                EnvVarContainer::EnvVarContainer(Process*)
                0x00000000c0014f4e                EnvVarContainer::~EnvVarContainer()
                0x00000000c0014f4e                EnvVarContainer::~EnvVarContainer()
                0x00000000c0014f7e                Krnl::getEnv(Process*, char const*)
                0x00000000c0014fe3                Krnl::setEnvSystem(char const*, char const*)
                0x00000000c0014ffd                Krnl::setEnvUser(char const*, char const*)
                0x00000000c001501c                Krnl::setEnvProcess(Process*, char const*, char const*)
                0x00000000c001502f                Krnl::deleteEnvSystem(char const*)
                0x00000000c0015030                Krnl::deleteEnvUser(char const*)
                0x00000000c0015031                Krnl::deleteEnvProcess(Process*, char const*)
                0x00000000c0015032                Krnl::newProcessEnv(Process*)
                0x00000000c0015054                Krnl::copyProcessEnv(Process*, Process*)
                0x00000000c00150a0                Krnl::loadSystemEnv()
                0x00000000c00150ce                Krnl::loadUserEnv()
                0x00000000c00150f4                Krnl::flushEnv()
                0x00000000c00150f5                Krnl::getProcessTotalEnvCount(Process*)
                0x00000000c0015115                Krnl::getProcessEnvPair(Process*, int)
 .text          0x00000000c00151a9      0x265 krnl/panic.32
                0x00000000c00151a9                Krnl::panic(char const*)
 .text          0x00000000c001540e      0x194 krnl/powctrl.32
                0x00000000c001540e                Krnl::powerThread(void*)
                0x00000000c001548e                Krnl::changePowerSettings(Krnl::PowerSettings)
                0x00000000c00154a4                Krnl::userIOReceived()
                0x00000000c00154af                Krnl::handlePowerButton()
                0x00000000c00154e4                Krnl::handleSleepButton()
                0x00000000c0015519                Krnl::setupPowerManager()
 .text          0x00000000c00155a2      0x13a krnl/rand.32
                0x00000000c00155a2                Krnl::initRNG()
                0x00000000c001567b                Krnl::rand()
 .text          0x00000000c00156dc      0x5a0 net/ethernet.32
                0x00000000c00156dc                Net::switchEndian16(unsigned short)
                0x00000000c0015700                Net::switchEndian32(unsigned int)
                0x00000000c0015730                Net::crc32Calc(unsigned char*, int)
                0x00000000c00157d4                Net::wrapEthernetFrame(Net::UnwrappedEthernetFrame, unsigned char*)
                0x00000000c00159f0                Net::unwrapEthernetFrame(unsigned char*, int)
 .text          0x00000000c0015c7c      0x50e reg/registry.32
                0x00000000c0015c7c                Reg::findLineFromLoadedData(char*, char*, char*)
                0x00000000c0015dd4                Reg::getLineFromRegistry(char*, char*, char*, char*)
                0x00000000c0015f29                Reg::getLine(char*, char*, char*)
                0x00000000c0015f60                Reg::readInt(char*, char*, int*)
                0x00000000c001604b                Reg::readString(char*, char*, char*, int)
                0x00000000c00160cc                Reg::readBool(char*, char*, bool*)
                0x00000000c00160f1                Reg::readBoolWithDefault(char*, char*, bool)
                0x00000000c001611d                Reg::readIntWithDefault(char*, char*, int)
                0x00000000c0016149                Reg::readStringWithDefault(char*, char*, char*, int, char*)
 .text          0x00000000c001618a       0x36 sys/sc_eject.32
                0x00000000c001618a                Sys::eject(regs*)
 .text          0x00000000c00161c0       0x18 sys/sc_exit.32
                0x00000000c00161c0                Sys::exit(regs*)
 .text          0x00000000c00161d8       0x1f sys/sc_getcwd.32
                0x00000000c00161d8                Sys::getCwd(regs*)
 .text          0x00000000c00161f7        0xc sys/sc_getpid.32
                0x00000000c00161f7                Sys::getPID(regs*)
 .text          0x00000000c0016203       0x1a sys/sc_getramdata.32
                0x00000000c0016203                Sys::getRAMData(regs*)
 .text          0x00000000c001621d       0x84 sys/sc_getvgaptr.32
                0x00000000c001621d                Sys::getVGAPtr(regs*)
 .text          0x00000000c00162a1       0xa8 sys/sc_loaddll.32
                0x00000000c00162a1                Sys::loadDLL(regs*)
 .text          0x00000000c0016349       0x68 sys/sc_read.32
                0x00000000c0016349                Sys::read(regs*)
 .text          0x00000000c00163b1       0x55 sys/sc_sbrk.32
                0x00000000c00163b1                Sys::sbrk(regs*)
 .text          0x00000000c0016406       0x1c sys/sc_setcwd.32
                0x00000000c0016406                Sys::setCwd(regs*)
 .text          0x00000000c0016422       0x95 sys/sc_settime.32
                0x00000000c0016422                Sys::setTime(regs*)
 .text          0x00000000c00164b7       0x4a sys/sc_timezone.32
                0x00000000c00164b7                Sys::timezone(regs*)
 .text          0x00000000c0016501       0x68 sys/sc_write.32
                0x00000000c0016501                Sys::write(regs*)
 .text          0x00000000c0016569       0x62 sys/sc_wsbe.32
                0x00000000c0016569                Sys::wsbe(regs*)
 .text          0x00000000c00165cb       0x38 sys/sc_yield.32
                0x00000000c00165cb                Sys::yield(regs*)
 .text          0x00000000c0016603      0xf8e sys/syscalls.32
                0x00000000c0016603                sysCallSeekDir(regs*)
                0x00000000c0016608                sysCallTellDir(regs*)
                0x00000000c001660d                sysCallVerify(regs*)
                0x00000000c0016617                sysCallGetArgc(regs*)
                0x00000000c0016627                sysFormatDisk(regs*)
                0x00000000c0016691                sysSetDiskVolumeLabel(regs*)
                0x00000000c00166db                sysGetDiskVolumeLabel(regs*)
                0x00000000c0016730                sysShutdown(regs*)
                0x00000000c001678e                sysCallRealpath(regs*)
                0x00000000c00167d1                sysCallReadDir(regs*)
                0x00000000c0016850                sysCallIsATTY(regs*)
                0x00000000c00168aa                sysCallSeek(regs*)
                0x00000000c0016901                sysCallTell(regs*)
                0x00000000c001696d                sysCallSize(regs*)
                0x00000000c00169df                sysCallSizeFromFilename(regs*)
                0x00000000c0016a8e                sysCallClose(regs*)
                0x00000000c0016aee                sysCallOpenDir(regs*)
                0x00000000c0016b63                sysCallCloseDir(regs*)
                0x00000000c0016bb7                sysCallMakeDir(regs*)
                0x00000000c0016c27                sysCallWait(regs*)
                0x00000000c0016c41                sysCallNotImpl(regs*)
                0x00000000c0016c5c                sysPanic(regs*)
                0x00000000c0016c76                sysCallRmdir(regs*)
                0x00000000c0016cda                sysCallUnlink(regs*)
                0x00000000c0016d3e                sysCallGetArgv(regs*)
                0x00000000c0016d8a                sysCallTTYName(regs*)
                0x00000000c0016e0d                sysCallUSleep(regs*)
                0x00000000c0016e36                sysCallSpawn(regs*)
                0x00000000c0016e9e                sysCallGetEnv(regs*)
                0x00000000c0016f4b                sysAppSettings(regs*)
                0x00000000c001705f                sysSetFatAttrib(regs*)
                0x00000000c00170d1                sysPipe(regs*)
                0x00000000c0017116                sysGetUnixTime(regs*)
                0x00000000c001712a                string_ends_with(char const*, char const*)
                0x00000000c0017172                sysCallOpen(regs*)
                0x00000000c001735a                Sys::loadSyscalls()
                0x00000000c001754f                Sys::systemCall(regs*, void*)
 .text          0x00000000c0017591     0x1203 thr/elf.32
                0x00000000c0017591                Thr::allocateMemoryForTask(Process*, File*, unsigned long, unsigned long, unsigned long)
                0x00000000c001783b                Thr::loadProgramIntoMemory(Process*, char const*)
                0x00000000c0017a51                Thr::runtimeReferenceHelper()
                0x00000000c0017a64                Thr::getAddressOfKernelSymbol(char const*)
                0x00000000c0017ab3                Thr::loadKernelSymbolTable(char const*)
                0x00000000c0017d71                Thr::loadDriverIntoMemory(char const*, unsigned long, bool)
                0x00000000c00184a7                Thr::getDriverBaseFromAddress(unsigned long)
                0x00000000c00184d9                Thr::getDriverNameFromAddress(unsigned long)
                0x00000000c0018510                Thr::getDriverOffsetFromAddress(unsigned long)
                0x00000000c001852a                Thr::loadDLL(char const*, bool)
                0x00000000c001875b                Thr::executeDLL(unsigned long, void*)
 .text          0x00000000c0018794     0x12a9 thr/prcssthr.32
                0x00000000c0018794                userModeEntryPoint(void*)
                0x00000000c00187bc                changeTSS
                0x00000000c00187ec                switchToThread(ThreadControlBlock*)
                0x00000000c00188a0                Process::addArgs(char**)
                0x00000000c0018900                Process::Process(char const*, Process*, char**)
                0x00000000c0018900                Process::Process(char const*, Process*, char**)
                0x00000000c0018aec                Process::Process(bool, char const*, Process*, char**)
                0x00000000c0018aec                Process::Process(bool, char const*, Process*, char**)
                0x00000000c0018ca4                taskStartupFunction
                0x00000000c0018cb0                Semaphore::Semaphore(int)
                0x00000000c0018cb0                Semaphore::Semaphore(int)
                0x00000000c0018ce0                Mutex::Mutex()
                0x00000000c0018ce0                Mutex::Mutex()
                0x00000000c0018cf4                Process::createThread(void (*)(void*), void*, int)
                0x00000000c0018dec                Process::createUserThread()
                0x00000000c0018e08                setupMultitasking(void (*)())
                0x00000000c0018f10                schedule()
                0x00000000c0018f9c                Semaphore::tryAcquire()
                0x00000000c0019068                Semaphore::assertLocked(char const*)
                0x00000000c00190e0                blockTaskWithSchedulerLockAlreadyHeld(TaskState)
                0x00000000c0019108                blockTask(TaskState)
                0x00000000c0019138                waitTask(int, int*, int)
                0x00000000c001917c                milliTenthSleepUntil(unsigned int)
                0x00000000c0019208                milliTenthSleep(unsigned int)
                0x00000000c0019218                sleep(unsigned int)
                0x00000000c0019234                Semaphore::acquire()
                0x00000000c00192f0                taskReturned
                0x00000000c001932c                Thr::processFromPID(int)
                0x00000000c00193cc                unblockTask(ThreadControlBlock*)
                0x00000000c0019470                cleanupTerminatedTask(ThreadControlBlock*)
                0x00000000c0019738                cleanerTaskFunction(void*)
                0x00000000c0019828                terminateTask(int)
                0x00000000c00198f4                Thr::terminateFromIRQ(int)
                0x00000000c0019900                Semaphore::release()
 .text          0x00000000c0019a3d      0xb93 vm86/vm8086.32
                0x00000000c0019a3d                Vm::inbv(unsigned short)
                0x00000000c0019a50                Vm::outbv(unsigned short, unsigned char)
                0x00000000c0019a86                Vm::realToLinear(unsigned short, unsigned short)
                0x00000000c0019a96                Vm::getSegment(unsigned int)
                0x00000000c0019a9e                Vm::getOffset(unsigned int)
                0x00000000c0019aa3                Vm::mainloop2()
                0x00000000c0019add                Vm::mainVm8086Loop(void*)
                0x00000000c0019aed                Vm::mainloop3(unsigned long)
                0x00000000c0019b13                Vm::initialise8086()
                0x00000000c0019b56                Vm::finish8086()
                0x00000000c0019bb7                Vm::getOutput8086(unsigned char*)
                0x00000000c0019bdc                Vm::start8086FromBuffer(unsigned char*, int, unsigned short, unsigned short, unsigned short, unsigned short)
                0x00000000c0019c95                Vm::start8086(char const*, unsigned short, unsigned short, unsigned short, unsigned short)
                0x00000000c0019dfd                Vm::doISR(regs*, int, unsigned char*, unsigned short, unsigned short)
                0x00000000c0019e87                Vm::readByteFromReal(unsigned short, unsigned short)
                0x00000000c0019e98                Vm::readWordFromReal(unsigned short, unsigned short)
                0x00000000c0019eaa                Vm::readDwordFromReal(unsigned short, unsigned short)
                0x00000000c0019ebb                Vm::writeByteFromReal(unsigned short, unsigned short, unsigned char)
                0x00000000c0019ed0                Vm::writeWordFromReal(unsigned short, unsigned short, unsigned short)
                0x00000000c0019ee6                Vm::writeDwordFromReal(unsigned short, unsigned short, unsigned int)
                0x00000000c0019efb                Vm::faultHandler(regs*)
 .text          0x00000000c001a5d0      0xfcd vm86/x87em.32
                0x00000000c001a5d0                Vm::fpuInternalTo32(unsigned long long)
                0x00000000c001a62e                Vm::fpuInternalTo64(unsigned long long)
                0x00000000c001a637                Vm::fpu32ToInternal(unsigned int)
                0x00000000c001a67c                Vm::fpu64ToInternal(unsigned long long)
                0x00000000c001a685                Vm::fpuFloatToLong(unsigned long long)
                0x00000000c001a6e4                Vm::fpuULongToFloat(unsigned long long)
                0x00000000c001a720                Vm::fpuLongToFloat(long long)
                0x00000000c001a77f                Vm::fpuGet0()
                0x00000000c001a784                Vm::fpuGet1()
                0x00000000c001a78c                Vm::fpuGetPi()
                0x00000000c001a794                Vm::fpuGetLog2E()
                0x00000000c001a7ac                Vm::fpuGetLogE2()
                0x00000000c001a7c4                Vm::fpuGetLog210()
                0x00000000c001a7dc                Vm::fpuGetLog102()
                0x00000000c001a7f4                Vm::fpuIsSecondLarger(unsigned long long, unsigned long long)
                0x00000000c001a808                Vm::fpuAreEqual(unsigned long long, unsigned long long)
                0x00000000c001a81e                Vm::fpuUnorderedCompare(unsigned long long, unsigned long long)
                0x00000000c001a874                Vm::fpuAdd(unsigned long long, unsigned long long)
                0x00000000c001a885                Vm::fpuAbs(unsigned long long)
                0x00000000c001a88e                Vm::fpuChs(unsigned long long)
                0x00000000c001a89e                Vm::fpuSub(unsigned long long, unsigned long long)
                0x00000000c001a8ad                Vm::fpuMultiply(unsigned long long, unsigned long long)
                0x00000000c001a8cc                Vm::fpuDivide(unsigned long long, unsigned long long)
                0x00000000c001a8e8                Vm::fpuSquare(unsigned long long)
                0x00000000c001a8fe                Vm::fpuGetReg(int)
                0x00000000c001a941                Vm::fpuSetReg(int, unsigned long long)
                0x00000000c001a98d                Vm::fpuPush(unsigned long long)
                0x00000000c001a9eb                Vm::fpuPop()
                0x00000000c001aa3e                Vm::x87Handler(regs*)
 *fill*         0x00000000c001b59d        0x3 
 .text          0x00000000c001b5a0     0x13b7 fs/fat/vfslink.32
                0x00000000c001b5a0                FAT::getName()
                0x00000000c001b5a8                FAT::tell(void*, unsigned long long*)
                0x00000000c001b5e4                FAT::stat(void*, unsigned long long*)
                0x00000000c001b620                FAT::~FAT()
                0x00000000c001b620                FAT::~FAT()
                0x00000000c001b644                FAT::~FAT()
                0x00000000c001b66c                FAT::getlabel(LogicalDisk*, int, char*, unsigned int*)
                0x00000000c001b710                FAT::setlabel(LogicalDisk*, int, char*)
                0x00000000c001b7d4                FAT::format(LogicalDisk*, int, char const*, int)
                0x00000000c001b9a8                FAT::tryMount(LogicalDisk*, int)
                0x00000000c001bbc0                FAT::allocateSwapfile(char const*, int)
                0x00000000c001bd7c                FAT::readDir(void*, unsigned long, void*, int*)
                0x00000000c001bee8                FAT::read(void*, unsigned long, void*, int*)
                0x00000000c001bf48                FAT::write(void*, unsigned long, void*, int*)
                0x00000000c001bfa8                FAT::close(void*)
                0x00000000c001bffc                FAT::closeDir(void*)
                0x00000000c001c050                FAT::seek(void*, unsigned long long)
                0x00000000c001c0ac                fatWrapperReadDisk
                0x00000000c001c0f4                fatWrapperWriteDisk
                0x00000000c001c13c                fatWrapperIoctl
                0x00000000c001c24c                FAT::FAT()
                0x00000000c001c24c                FAT::FAT()
                0x00000000c001c2a0                FAT::fixFilepath(char*)
                0x00000000c001c2dc                FAT::open(char const*, void**, FileOpenMode)
                0x00000000c001c410                FAT::openDir(char const*, void**)
                0x00000000c001c4c0                FAT::stat(char const*, unsigned long long*, bool*)
                0x00000000c001c5b4                FAT::unlink(char const*)
                0x00000000c001c634                FAT::chfatattr(char const*, unsigned char, unsigned char)
                0x00000000c001c79c                FAT::rename(char const*, char const*)
                0x00000000c001c868                FAT::mkdir(char const*)
                0x00000000c001c8e8                FAT::exists(char const*)
 *fill*         0x00000000c001c957        0x1 
 .text          0x00000000c001c958      0xba7 fs/iso9660/vfslink.32
                0x00000000c001c958                ISO9660::format(LogicalDisk*, int, char const*, int)
                0x00000000c001c95e                ISO9660::seek(void*, unsigned long long)
                0x00000000c001c98e                ISO9660::tell(void*, unsigned long long*)
                0x00000000c001c9b2                ISO9660::getName()
                0x00000000c001c9b8                ISO9660::stat(void*, unsigned long long*)
                0x00000000c001c9dc                ISO9660::chfatattr(char const*, unsigned char, unsigned char)
                0x00000000c001c9e2                ISO9660::unlink(char const*)
                0x00000000c001c9e8                ISO9660::write(void*, unsigned long, void*, int*)
                0x00000000c001c9ee                ISO9660::rename(char const*, char const*)
                0x00000000c001c9f4                ISO9660::mkdir(char const*)
                0x00000000c001c9fa                ISO9660::close(void*)
                0x00000000c001ca1c                ISO9660::closeDir(void*)
                0x00000000c001ca3e                ISO9660::~ISO9660()
                0x00000000c001ca3e                ISO9660::~ISO9660()
                0x00000000c001ca62                ISO9660::~ISO9660()
                0x00000000c001ca89                __memmem(unsigned char*, int, unsigned char*, int)
                0x00000000c001cacb                readSectorFromCDROM(unsigned int, unsigned char*, char)
                0x00000000c001cb46                ISO9660::tryMount(LogicalDisk*, int)
                0x00000000c001cba6                ISO9660::read(void*, unsigned long, void*, int*)
                0x00000000c001cdaa                ISO9660::readDir(void*, unsigned long, void*, int*)
                0x00000000c001d024                readRoot(unsigned int*, unsigned int*, char)
                0x00000000c001d078                readRecursively(char*, unsigned int, unsigned int, unsigned int*, unsigned int*, char, int*)
                0x00000000c001d24e                getFileData(char*, unsigned int*, unsigned int*, char, int*)
                0x00000000c001d2dc                ISO9660::open(char const*, void**, FileOpenMode)
                0x00000000c001d38a                ISO9660::exists(char const*)
                0x00000000c001d3ae                ISO9660::stat(char const*, unsigned long long*, bool*)
                0x00000000c001d442                ISO9660::openDir(char const*, void**)
                0x00000000c001d4dc                ISO9660::ISO9660()
                0x00000000c001d4dc                ISO9660::ISO9660()
 *fill*         0x00000000c001d4ff        0x1 
 .text          0x00000000c001d500      0x298 hal/sound/sndcard.32
                0x00000000c001d500                SoundCard::beginPlayback()
                0x00000000c001d50e                SoundCard::stopPlayback()
                0x00000000c001d51c                SoundCard::SoundCard(char const*)
                0x00000000c001d51c                SoundCard::SoundCard(char const*)
                0x00000000c001d5ba                SoundCard::~SoundCard()
                0x00000000c001d5ba                SoundCard::~SoundCard()
                0x00000000c001d5de                SoundCard::~SoundCard()
                0x00000000c001d608                SoundCard::configureRates(int, int, int)
                0x00000000c001d638                SoundCard::getSamples16(int, short*)
                0x00000000c001d6a2                SoundCard::getSamples32(int, int*)
                0x00000000c001d728                SoundCard::addChannel(SoundPort*)
                0x00000000c001d784                SoundCard::removeChannel(int)
 .text          0x00000000c001d798      0x3fb hal/sound/sndport.32
                0x00000000c001d798                SoundPort::SoundPort(int, int, int, int)
                0x00000000c001d798                SoundPort::SoundPort(int, int, int, int)
                0x00000000c001d824                SoundPort::~SoundPort()
                0x00000000c001d824                SoundPort::~SoundPort()
                0x00000000c001d858                SoundPort::unpause()
                0x00000000c001d864                SoundPort::pause()
                0x00000000c001d870                SoundPort::getBufferUsed()
                0x00000000c001d878                SoundPort::getBufferSize()
                0x00000000c001d880                SoundPort::buffer16(short*, int)
                0x00000000c001d934                SoundPort::buffer32(int*, int)
                0x00000000c001d9e0                SoundPort::unbufferAndAdd16(int, short*, SoundCard*)
                0x00000000c001dadc                SoundPort::unbufferAndAdd32(int, int*, SoundCard*)
 .text          0x00000000c001db93        0x0 hw/bus/isa.32
 *fill*         0x00000000c001db93        0x1 
 .text          0x00000000c001db94     0x1187 hw/bus/pci.32
                0x00000000c001db94                PCI::open(int, int, void*)
                0x00000000c001dbb2                PCI::close(int, int, void*)
                0x00000000c001dbb6                PCI::PCI()
                0x00000000c001dbb6                PCI::PCI()
                0x00000000c001dc4c                PCI::readBAR8(unsigned int, int)
                0x00000000c001dc68                PCI::readBAR16(unsigned int, int)
                0x00000000c001dc86                PCI::readBAR32(unsigned int, int)
                0x00000000c001dca2                PCI::writeBAR8(unsigned int, unsigned char, int)
                0x00000000c001dcc2                PCI::writeBAR16(unsigned int, unsigned short, int)
                0x00000000c001dce4                PCI::writeBAR32(unsigned int, unsigned int, int)
                0x00000000c001dd04                PCI::legacyMechanism(unsigned char, unsigned char, unsigned char, unsigned char)
                0x00000000c001dd72                PCI::pciReadWord(unsigned char, unsigned char, unsigned char, unsigned char)
                0x00000000c001de1a                PCI::getVendorID(unsigned char, unsigned char, unsigned char)
                0x00000000c001de3e                PCI::getHeaderType(unsigned char, unsigned char, unsigned char)
                0x00000000c001de66                PCI::getClassCode(unsigned char, unsigned char, unsigned char)
                0x00000000c001deb0                PCI::getProgIF(unsigned char, unsigned char, unsigned char)
                0x00000000c001ded8                PCI::getRevisionID(unsigned char, unsigned char, unsigned char)
                0x00000000c001defc                PCI::getInterruptNumber(unsigned char, unsigned char, unsigned char)
                0x00000000c001df20                PCI::getSecondaryBus(unsigned char, unsigned char, unsigned char)
                0x00000000c001df48                PCI::getBARAddress(unsigned char, unsigned char, unsigned char, unsigned char)
                0x00000000c001dfac                PCI::pciWriteWord(unsigned char, unsigned char, unsigned char, unsigned char, unsigned short)
                0x00000000c001e094                PCI::pciDetailsToFilepath(PCIDeviceInfo, char*)
                0x00000000c001e486                PCI::checkBus(unsigned char)
                0x00000000c001e4aa                PCI::foundDevice(PCIDeviceInfo)
                0x00000000c001e8ea                PCI::getDeviceData(unsigned char, unsigned char, unsigned char)
                0x00000000c001ec5c                PCI::checkDevice(unsigned char, unsigned char)
                0x00000000c001ecc8                PCI::detect()
 *fill*         0x00000000c001ed1b        0x1 
 .text          0x00000000c001ed1c      0xb66 hw/diskctrl/ide.32
                0x00000000c001ed1c                IDE::close(int, int, void*)
                0x00000000c001ed20                IDE::IDE()
                0x00000000c001ed20                IDE::IDE()
                0x00000000c001ed54                IDE::prepareInterrupt(unsigned char)
                0x00000000c001ed66                selectDrive(unsigned char, unsigned char)
                0x00000000c001ed68                IDE::getBase(unsigned char)
                0x00000000c001ed7a                IDE::write(unsigned char, unsigned char, unsigned char)
                0x00000000c001ee3a                IDE::read(unsigned char, unsigned char)
                0x00000000c001eee8                IDE::waitInterrupt(unsigned char)
                0x00000000c001ef4a                ideChannel0IRQHandler(regs*, void*)
                0x00000000c001ef66                ideChannel1IRQHandler(regs*, void*)
                0x00000000c001ef82                IDE::enableIRQs(unsigned char, bool)
                0x00000000c001efc8                IDE::open(int, int, void*)
                0x00000000c001f3f2                IDE::readBuffer(unsigned char, unsigned char, unsigned int, unsigned int)
                0x00000000c001f4be                IDE::detect()
                0x00000000c001f77e                IDE::printError(unsigned char, unsigned char, unsigned char)
                0x00000000c001f82e                IDE::polling(unsigned char, unsigned int)
 .text          0x00000000c001f882      0x46c hw/diskctrl/satabus.32
                0x00000000c001f882                SATABus::close(int, int, void*)
                0x00000000c001f886                SATABus::detect()
                0x00000000c001f888                SATABus::SATABus()
                0x00000000c001f888                SATABus::SATABus()
                0x00000000c001f90e                SATABus::findCmdslot(SATABus::tagHBA_PORT volatile*)
                0x00000000c001f940                SATABus::checkType(SATABus::tagHBA_PORT volatile*)
                0x00000000c001f988                SATABus::startCmd(SATABus::tagHBA_PORT volatile*)
                0x00000000c001f9a8                SATABus::stopCmd(SATABus::tagHBA_PORT volatile*)
                0x00000000c001f9d2                SATABus::portRebase(SATABus::tagHBA_PORT volatile*, int)
                0x00000000c001fad8                SATABus::probePort(SATABus::tagHBA_MEM volatile*)
                0x00000000c001fcba                SATABus::open(int, int, void*)
 .text          0x00000000c001fcee      0x684 hw/diskphys/ata.32
                0x00000000c001fcee                ATA::close(int, int, void*)
                0x00000000c001fd12                ATA::powerSaving(PowerSavingLevel)
                0x00000000c001fd14                ATA::ATA()
                0x00000000c001fd14                ATA::ATA()
                0x00000000c001fd42                ATA::flush(bool)
                0x00000000c001fd8c                ATA::readyForCommand()
                0x00000000c001fdd8                ATA::access(unsigned long long, int, void*, bool)
                0x00000000c00201ce                ATA::read(unsigned long long, int, void*)
                0x00000000c002021a                ATA::write(unsigned long long, int, void*)
                0x00000000c002027c                ATA::detectCHS()
                0x00000000c00202a6                ATA::open(int, int, void*)
 .text          0x00000000c0020372      0x645 hw/diskphys/atapi.32
                0x00000000c0020372                ATAPI::write(unsigned long long, int, void*)
                0x00000000c0020378                ATAPI::close(int, int, void*)
                0x00000000c002039c                ATAPI::ATAPI()
                0x00000000c002039c                ATAPI::ATAPI()
                0x00000000c00203ca                ATAPI::readyForCommand()
                0x00000000c002041c                ATAPI::sendPacket(unsigned char*, int, bool, unsigned short*, int)
                0x00000000c00206dc                ATAPI::diskRemoved()
                0x00000000c0020738                ATAPI::eject()
                0x00000000c0020780                ATAPI::diskInserted()
                0x00000000c002079c                ATAPI::detectMedia()
                0x00000000c0020858                ATAPI::open(int, int, void*)
                0x00000000c0020938                ATAPI::read(unsigned long long, int, void*)
 *fill*         0x00000000c00209b7        0x1 
 .text          0x00000000c00209b8      0xa68 hw/diskphys/sata.32
                0x00000000c00209b8                SATA::close(int, int, void*)
                0x00000000c00209dc                SATA::powerSaving(PowerSavingLevel)
                0x00000000c00209de                SATA::open(int, int, void*)
                0x00000000c0020bd4                SATA::SATA()
                0x00000000c0020bd4                SATA::SATA()
                0x00000000c0020c02                SATA::access(unsigned long long, int, void*, bool)
                0x00000000c00211fa                SATA::read(unsigned long long, int, void*)
                0x00000000c00212fa                SATA::write(unsigned long long, int, void*)
 .text          0x00000000c0021420      0x642 hw/diskphys/satapi.32
                0x00000000c0021420                SATAPI::write(unsigned long long, int, void*)
                0x00000000c0021426                SATAPI::close(int, int, void*)
                0x00000000c002144a                SATAPI::SATAPI()
                0x00000000c002144a                SATAPI::SATAPI()
                0x00000000c0021478                SATAPI::diskRemoved()
                0x00000000c002147a                SATAPI::diskInserted()
                0x00000000c0021496                SATAPI::sendPacket(unsigned char*, int, unsigned long long, unsigned short*, int)
                0x00000000c0021724                SATAPI::eject()
                0x00000000c0021760                SATAPI::detectMedia()
                0x00000000c002188a                SATAPI::open(int, int, void*)
                0x00000000c002198a                SATAPI::read(unsigned long long, int, void*)
 *fill*         0x00000000c0021a62        0x2 
 .text          0x00000000c0021a64       0x94 hw/fpu/avx.32
                0x00000000c0021a64                AVX::open(int, int, void*)
                0x00000000c0021a78                AVX::close(int, int, void*)
                0x00000000c0021a8c                AVX::available()
                0x00000000c0021aa0                AVX::save(void*)
                0x00000000c0021ab8                AVX::load(void*)
                0x00000000c0021ad0                AVX::AVX()
                0x00000000c0021ad0                AVX::AVX()
 .text          0x00000000c0021af8       0x94 hw/fpu/mmx.32
                0x00000000c0021af8                MMX::available()
                0x00000000c0021b0c                MMX::open(int, int, void*)
                0x00000000c0021b20                MMX::close(int, int, void*)
                0x00000000c0021b34                MMX::save(void*)
                0x00000000c0021b4c                MMX::load(void*)
                0x00000000c0021b64                MMX::MMX()
                0x00000000c0021b64                MMX::MMX()
 .text          0x00000000c0021b8c       0x9c hw/fpu/sse.32
                0x00000000c0021b8c                SSE::open(int, int, void*)
                0x00000000c0021ba0                SSE::close(int, int, void*)
                0x00000000c0021bb4                SSE::available()
                0x00000000c0021bd0                SSE::save(void*)
                0x00000000c0021be8                SSE::load(void*)
                0x00000000c0021c00                SSE::SSE()
                0x00000000c0021c00                SSE::SSE()
 .text          0x00000000c0021c28       0x8e hw/fpu/x87.32
                0x00000000c0021c28                x87::open(int, int, void*)
                0x00000000c0021c3a                x87::close(int, int, void*)
                0x00000000c0021c4c                x87::available()
                0x00000000c0021c5e                x87::save(void*)
                0x00000000c0021c76                x87::load(void*)
                0x00000000c0021c8e                x87::x87()
                0x00000000c0021c8e                x87::x87()
 .text          0x00000000c0021cb6      0x71e hw/intctrl/apic.32
                0x00000000c0021cb6                APIC::disable()
                0x00000000c0021cb8                APIC::close(int, int, void*)
                0x00000000c0021cda                IOAPIC::close(int, int, void*)
                0x00000000c0021ce0                APIC::io_wait()
                0x00000000c0021ce6                APIC::getBase()
                0x00000000c0021d28                APIC::eoi(unsigned char)
                0x00000000c0021d56                APIC::open(int, int, void*)
                0x00000000c0021ea4                IOAPIC::IOAPIC()
                0x00000000c0021ea4                IOAPIC::IOAPIC()
                0x00000000c0021ecc                APIC::APIC()
                0x00000000c0021ecc                APIC::APIC()
                0x00000000c0021fa8                IOAPIC::handlesGSIWithNumber(unsigned int)
                0x00000000c0021fda                IOAPIC::read(int)
                0x00000000c0022002                IOAPIC::open(int, int, void*)
                0x00000000c00220f8                IOAPIC::write(int, int)
                0x00000000c0022124                IOAPIC::redirect(unsigned char, unsigned long long, unsigned char, bool, bool)
                0x00000000c002221e                APIC::installIRQHandler(int, void (*)(regs*, void*), bool, void*)
 .text          0x00000000c00223d4      0x3d3 hw/intctrl/pic.32
                0x00000000c00223d4                PIC::disable()
                0x00000000c0022402                PIC::close(int, int, void*)
                0x00000000c0022424                PIC::PIC()
                0x00000000c0022424                PIC::PIC()
                0x00000000c00224fa                PIC::ioWait()
                0x00000000c0022500                PIC::getIRQReg(int)
                0x00000000c002256a                PIC::eoi(unsigned char)
                0x00000000c00225fc                PIC::remap()
                0x00000000c0022768                PIC::open(int, int, void*)
 *fill*         0x00000000c00227a7        0x1 
 .text          0x00000000c00227a8      0x240 hw/timer/apictimer.32
                0x00000000c00227a8                APICTimer::close(int, int, void*)
                0x00000000c00227b0                apicTimerHandler(regs*, void*)
                0x00000000c00227d8                APICTimer::write(int)
                0x00000000c00228c0                APICTimer::open(int, int, void*)
                0x00000000c00229c0                APICTimer::APICTimer()
                0x00000000c00229c0                APICTimer::APICTimer()
 .text          0x00000000c00229e8      0x1a3 hw/timer/pit.32
                0x00000000c00229e8                PIT::write(int)
                0x00000000c0022a68                pitHandler(regs*, void*)
                0x00000000c0022a8c                PIT::open(int, int, void*)
                0x00000000c0022adc                PIT::close(int, int, void*)
                0x00000000c0022b0c                PIT::PIT()
                0x00000000c0022b0c                PIT::PIT()
 *fill*         0x00000000c0022b8b        0x5 
 .text          0x00000000c0022b90       0x83 hw/fpu/x86/avx.32
                0x00000000c0022b90                avxDetect
                0x00000000c0022bba                avxSave
                0x00000000c0022bcb                avxLoad
                0x00000000c0022bdc                avxInit
                0x00000000c0022bfe                avxClose
                0x00000000c0022bff                wouldSheSayYes
 *fill*         0x00000000c0022c13        0xd 
 .text          0x00000000c0022c20       0x39 hw/fpu/x86/sse.32
                0x00000000c0022c20                absolutelyNoChanceInHell
                0x00000000c0022c20                sseDetect
                0x00000000c0022c38                sseSave
                0x00000000c0022c40                sseLoad
                0x00000000c0022c48                sseInit
                0x00000000c0022c58                sseClose
 *fill*         0x00000000c0022c59        0x7 
 .text          0x00000000c0022c60       0x49 hw/fpu/x86/x87.32
                0x00000000c0022c66                x87Detect
                0x00000000c0022c81                x87Save
                0x00000000c0022c88                x87Load
                0x00000000c0022c8f                x87Init
                0x00000000c0022ca8                x87Close
 *fill*         0x00000000c0022ca9        0x3 
 .text          0x00000000c0022cac       0x25 /cygdrive/d/Users/Alex/Desktop/Toolchain/Output/bin/../lib/gcc/i386-banana/8.1.0/crtend.o
 .text          0x00000000c0022cd1        0x0 crtn.32
 *fill*         0x00000000c0022cd1        0x3 
 .text          0x00000000c0022cd4      0x14b /cygdrive/d/Users/Alex/Desktop/Toolchain/Output/bin/../lib/gcc/i386-banana/8.1.0/libkgcc.a(_divdi3.o)
                0x00000000c0022cd4                __divdi3
 *fill*         0x00000000c0022e1f        0x1 
 .text          0x00000000c0022e20      0x17e /cygdrive/d/Users/Alex/Desktop/Toolchain/Output/bin/../lib/gcc/i386-banana/8.1.0/libkgcc.a(_moddi3.o)
                0x00000000c0022e20                __moddi3
 *fill*         0x00000000c0022f9e        0x2 
 .text          0x00000000c0022fa0       0xff /cygdrive/d/Users/Alex/Desktop/Toolchain/Output/bin/../lib/gcc/i386-banana/8.1.0/libkgcc.a(_udivdi3.o)
                0x00000000c0022fa0                __udivdi3
 *fill*         0x00000000c002309f        0x1 
 .text          0x00000000c00230a0      0x11a /cygdrive/d/Users/Alex/Desktop/Toolchain/Output/bin/../lib/gcc/i386-banana/8.1.0/libkgcc.a(_umoddi3.o)
                0x00000000c00230a0                __umoddi3
 *(.gnu.linkonce.t*)

.iplt           0x00000000c00231c0        0x0
 .iplt          0x00000000c00231c0        0x0 D:/Users/Alex/Desktop/Banana/kernel/boot.32

.init           0x00000000c00231ba        0xf
 .init          0x00000000c00231ba        0x3 crti.32
                0x00000000c00231ba                _init
 .init          0x00000000c00231bd        0x5 /cygdrive/d/Users/Alex/Desktop/Toolchain/Output/bin/../lib/gcc/i386-banana/8.1.0/crtbegin.o
 .init          0x00000000c00231c2        0x5 /cygdrive/d/Users/Alex/Desktop/Toolchain/Output/bin/../lib/gcc/i386-banana/8.1.0/crtend.o
 .init          0x00000000c00231c7        0x2 crtn.32

.fini           0x00000000c00231c9        0xa
 .fini          0x00000000c00231c9        0x3 crti.32
                0x00000000c00231c9                _fini
 .fini          0x00000000c00231cc        0x5 /cygdrive/d/Users/Alex/Desktop/Toolchain/Output/bin/../lib/gcc/i386-banana/8.1.0/crtbegin.o
 .fini          0x00000000c00231d1        0x2 crtn.32

.text._ZN8ComputerD2Ev
                0x00000000c00231d4       0x23
 .text._ZN8ComputerD2Ev
                0x00000000c00231d4       0x23 core/computer.32
                0x00000000c00231d4                Computer::~Computer()
                0x00000000c00231d4                Computer::~Computer()

.text._ZN8ComputerD0Ev
                0x00000000c00231f8       0x2a
 .text._ZN8ComputerD0Ev
                0x00000000c00231f8       0x2a core/computer.32
                0x00000000c00231f8                Computer::~Computer()

.text._Z10idleCommonv
                0x00000000c0023222       0x21
 .text._Z10idleCommonv
                0x00000000c0023222       0x21 core/idle.32
                0x00000000c0023222                idleCommon()

.text._ZN10LinkedListI8UnixFileED2Ev
                0x00000000c0023244        0x2
 .text._ZN10LinkedListI8UnixFileED2Ev
                0x00000000c0023244        0x2 core/unixfile.32