Archive member included to satisfy reference by file (symbol)

/cygdrive/d/Users/Alex/Desktop/Toolchain/Output/bin/../lib/gcc/i386-banana/8.1.0/libkgcc.a(_divdi3.o)
                              fs/fat/ff.32 (__divdi3)
/cygdrive/d/Users/Alex/Desktop/Toolchain/Output/bin/../lib/gcc/i386-banana/8.1.0/libkgcc.a(_moddi3.o)
                              compat/resolve.32 (__moddi3)
/cygdrive/d/Users/Alex/Desktop/Toolchain/Output/bin/../lib/gcc/i386-banana/8.1.0/libkgcc.a(_udivdi3.o)
                              fs/fat/ff.32 (__udivdi3)
/cygdrive/d/Users/Alex/Desktop/Toolchain/Output/bin/../lib/gcc/i386-banana/8.1.0/libkgcc.a(_umoddi3.o)
                              compat/resolve.32 (__umoddi3)
D:/Users/Alex/Desktop/Banana/kernel/libsoftfp.a(sfieeelib.o)
                              hal/sound/sndhw.32 (__addsf3)
D:/Users/Alex/Desktop/Banana/kernel/libsoftfp.a(dfieeelib.o)
                              hal/libresample/src_linear.32 (__adddf3)
D:/Users/Alex/Desktop/Banana/kernel/libsoftfp.a(sfdfcvt.o)
                              hal/libresample/samplerate.32 (__truncdfsf2)
D:/Users/Alex/Desktop/Banana/kernel/libk/libm32.a(s_fabs.c.o)
                              hal/libresample/samplerate.32 (fabs)
D:/Users/Alex/Desktop/Banana/kernel/libk/libm32.a(s_lrint.S.o)
                              hal/libresample/samplerate.32 (lrint)
D:/Users/Alex/Desktop/Banana/kernel/libk/libm32.a(s_lrintf.S.o)
                              hal/sound/sndhw.32 (lrintf)

Discarded input sections

 .comment       0x0000000000000000       0x12 /cygdrive/d/Users/Alex/Desktop/Toolchain/Output/bin/../lib/gcc/i386-banana/8.1.0/crtbegin.o
 .comment       0x0000000000000000       0x12 acpica/utclib.32
 .comment       0x0000000000000000       0x12 core/malloc.32
 .comment       0x0000000000000000       0x12 libk/string.32
 .comment       0x0000000000000000       0x12 fs/fat/diskio.32
 .comment       0x0000000000000000       0x12 fs/fat/ff.32
 .comment       0x0000000000000000       0x12 fs/fat/ffsystem.32
 .comment       0x0000000000000000       0x12 fs/fat/ffunicode.32
 .comment       0x0000000000000000       0x12 hal/libresample/samplerate.32
 .comment       0x0000000000000000       0x12 hal/libresample/src_linear.32
 .comment       0x0000000000000000       0x12 hal/libresample/src_sinc.32
 .comment       0x0000000000000000       0x12 hal/libresample/src_zoh.32
 .comment       0x0000000000000000       0x12 compat/inlines.32
 .comment       0x0000000000000000       0x12 compat/resolve.32
 .group         0x0000000000000000       0x14 core/computer.32
 .group         0x0000000000000000        0xc core/computer.32
 .comment       0x0000000000000000       0x12 core/computer.32
 .comment       0x0000000000000000       0x12 core/gdt.32
 .group         0x0000000000000000        0xc core/idle.32
 .comment       0x0000000000000000       0x12 core/idle.32
 .comment       0x0000000000000000       0x12 core/idt.32
 .comment       0x0000000000000000       0x12 core/kheap.32
 .comment       0x0000000000000000       0x12 core/main.32
 .comment       0x0000000000000000       0x12 core/physmgr.32
 .group         0x0000000000000000        0xc core/pipe.32
 .comment       0x0000000000000000       0x12 core/pipe.32
 .group         0x0000000000000000        0xc core/terminal.32
 .comment       0x0000000000000000       0x12 core/terminal.32
 .comment       0x0000000000000000       0x12 core/tss.32
 .group         0x0000000000000000        0x8 core/unixfile.32
 .group         0x0000000000000000        0xc core/unixfile.32
 .group         0x0000000000000000        0xc core/unixfile.32
 .group         0x0000000000000000        0x8 core/unixfile.32
 .group         0x0000000000000000        0xc core/unixfile.32
 .group         0x0000000000000000        0x8 core/unixfile.32
 .group         0x0000000000000000        0xc core/unixfile.32
 .group         0x0000000000000000        0xc core/unixfile.32
 .comment       0x0000000000000000       0x12 core/unixfile.32
 .comment       0x0000000000000000       0x12 core/virtmgr.32
 .comment       0x0000000000000000       0x12 coreobjs/c++.32
 .comment       0x0000000000000000       0x12 dbg/kconsole.32
 .group         0x0000000000000000        0xc fs/vfs.32
 .group         0x0000000000000000        0xc fs/vfs.32
 .group         0x0000000000000000        0xc fs/vfs.32
 .comment       0x0000000000000000       0x12 fs/vfs.32
 .group         0x0000000000000000        0xc hal/bus.32
 .comment       0x0000000000000000       0x12 hal/bus.32
 .group         0x0000000000000000        0xc hal/buzzer.32
 .comment       0x0000000000000000       0x12 hal/buzzer.32
 .group         0x0000000000000000        0xc hal/clock.32
 .comment       0x0000000000000000       0x12 hal/clock.32
 .group         0x0000000000000000       0x14 hal/device.32
 .group         0x0000000000000000        0xc hal/device.32
 .group         0x0000000000000000        0xc hal/device.32
 .group         0x0000000000000000        0xc hal/device.32
[...]
Memory Configuration

Name             Origin             Length             Attributes
*default*        0x0000000000000000 0xffffffffffffffff

Linker script and memory map

LOAD D:/Users/Alex/Desktop/Banana/kernel/boot.32
LOAD crti.32
LOAD /cygdrive/d/Users/Alex/Desktop/Toolchain/Output/bin/../lib/gcc/i386-banana/8.1.0/crtbegin.o
LOAD D:/Users/Alex/Desktop/Banana/kernel/morenasm.32
LOAD acpica/utclib.32
LOAD core/malloc.32
LOAD libk/string.32
LOAD fs/fat/diskio.32
LOAD fs/fat/ff.32
LOAD fs/fat/ffsystem.32
LOAD fs/fat/ffunicode.32
LOAD hal/libresample/samplerate.32
LOAD hal/libresample/src_linear.32
LOAD hal/libresample/src_sinc.32
LOAD hal/libresample/src_zoh.32
LOAD compat/inlines.32
LOAD compat/resolve.32
LOAD core/computer.32
LOAD core/gdt.32
LOAD core/idle.32
LOAD core/idt.32
LOAD core/kheap.32
LOAD core/main.32
LOAD core/physmgr.32
LOAD core/pipe.32
LOAD core/terminal.32
LOAD core/tss.32
LOAD core/unixfile.32
LOAD core/virtmgr.32
LOAD coreobjs/c++.32
LOAD dbg/kconsole.32
LOAD fs/vfs.32
LOAD hal/bus.32
LOAD hal/buzzer.32
LOAD hal/clock.32
LOAD hal/device.32
LOAD hal/diskctrl.32
LOAD hal/diskphys.32
LOAD hal/fpu.32
LOAD hal/intctrl.32
LOAD hal/keybrd.32
LOAD hal/logidisk.32
LOAD hal/mouse.32
LOAD hal/partition.32
LOAD hal/serial.32
LOAD hal/timer.32
LOAD hal/vcache.32
LOAD hal/video.32
LOAD hw/acpi.32
LOAD hw/cpu.32
LOAD hw/ports.32
LOAD hw/smp.32
LOAD krnl/env.32
LOAD krnl/panic.32
LOAD net/ethernet.32
LOAD reg/registry.32
LOAD sys/sc_eject.32
LOAD sys/sc_exit.32
LOAD sys/sc_getcwd.32
LOAD sys/sc_getpid.32
LOAD sys/sc_getramdata.32
LOAD sys/sc_loaddll.32
LOAD sys/sc_read.32
LOAD sys/sc_sbrk.32
LOAD sys/sc_setcwd.32
LOAD sys/sc_settime.32
LOAD sys/sc_timezone.32
LOAD sys/sc_write.32
LOAD sys/sc_wsbe.32
LOAD sys/sc_yield.32
LOAD sys/syscalls.32
LOAD thr/elf.32
LOAD thr/prcssthr.32
LOAD vm86/vm8086.32
LOAD vm86/x87em.32
LOAD fs/fat/vfslink.32
LOAD fs/iso9660/vfslink.32
LOAD hal/sound/sndchannel.32
LOAD hal/sound/sndhw.32
LOAD hw/bus/isa.32
LOAD hw/bus/pci.32
LOAD hw/diskctrl/ide.32
LOAD hw/diskctrl/satabus.32
LOAD hw/diskphys/ata.32
LOAD hw/diskphys/atapi.32
LOAD hw/diskphys/sata.32
LOAD hw/diskphys/satapi.32
LOAD hw/fpu/avx.32
LOAD hw/fpu/mmx.32
LOAD hw/fpu/sse.32
LOAD hw/fpu/x87.32
LOAD hw/intctrl/apic.32
LOAD hw/intctrl/pic.32
LOAD hw/timer/apictimer.32
LOAD hw/timer/pit.32
LOAD hw/fpu/x86/avx.32
LOAD hw/fpu/x86/sse.32
LOAD hw/fpu/x86/x87.32
LOAD /cygdrive/d/Users/Alex/Desktop/Toolchain/Output/bin/../lib/gcc/i386-banana/8.1.0/crtend.o
LOAD crtn.32
LOAD /cygdrive/d/Users/Alex/Desktop/Toolchain/Output/bin/../lib/gcc/i386-banana/8.1.0/libkgcc.a
LOAD D:/Users/Alex/Desktop/Banana/kernel/libsoftfp.a
LOAD D:/Users/Alex/Desktop/Banana/kernel/libk/libm32.a
                0x00000000c0000000                . = 0xc0000000

.text           0x00000000c0000000    0x28678
 *(.text)
 .text          0x00000000c0000000       0x41 D:/Users/Alex/Desktop/Banana/kernel/boot.32
                0x00000000c0000020                callGlobalConstructors
 .text          0x00000000c0000041        0x0 crti.32
 *fill*         0x00000000c0000041        0x3 
 .text          0x00000000c0000044      0x101 /cygdrive/d/Users/Alex/Desktop/Toolchain/Output/bin/../lib/gcc/i386-banana/8.1.0/crtbegin.o
 *fill*         0x00000000c0000145        0xb 
 .text          0x00000000c0000150      0x4f5 D:/Users/Alex/Desktop/Banana/kernel/morenasm.32
                0x00000000c0000150                manualPCIProbe
                0x00000000c000019b                prepareTramp
                0x00000000c00001b4                voodooXADD
                0x00000000c000027f                doTPAUSE
                0x00000000c0000289                hasLegacyFPU
                0x00000000c00002ae                is486
                0x00000000c00002e4                detectCPUID
                0x00000000c00002fa                goToVM86
                0x00000000c000032a                goToUsermode
                0x00000000c0000354                switchToThreadASMFirstTime
                0x00000000c0000362                switchToThreadASM
                0x00000000c00003f2                asmQuickAcquireLock
                0x00000000c0000410                asmQuickReleaseLock
                0x00000000c000041c                asmAcquireLock
                0x00000000c000043d                asmReleaseLock
                0x00000000c0000450                loadGDT
                0x00000000c0000470                isr0
                0x00000000c0000480                isr1
                0x00000000c000048a                isr2
                0x00000000c0000494                isr3
                0x00000000c000049e                isr4
                0x00000000c00004a8                isr5
                0x00000000c00004b2                isr6
                0x00000000c00004bc                isr7
                0x00000000c00004c6                isr8
                0x00000000c00004ce                isr9
                0x00000000c00004d8                isr10
                0x00000000c00004e0                isr11
                0x00000000c00004e8                isr12
                0x00000000c00004f0                isr13
                0x00000000c00004f8                isr14
                0x00000000c0000500                isr15
                0x00000000c000050a                isr16
                0x00000000c0000514                isr17
                0x00000000c000051e                isr18
                0x00000000c0000528                irq3
                0x00000000c0000532                irq4
                0x00000000c000053c                irq5
                0x00000000c0000546                irq6
                0x00000000c0000550                irq7
                0x00000000c000055a                irq8
                0x00000000c0000564                irq9
                0x00000000c000056e                irq10
                0x00000000c0000578                irq11
                0x00000000c0000582                irq12
                0x00000000c000058c                irq13
                0x00000000c0000596                irq14
                0x00000000c00005a0                irq15
                0x00000000c00005aa                irq1
                0x00000000c00005b1                irq2
                0x00000000c00005b8                isr96
                0x00000000c00005bf                irq0
                0x00000000c00005c4                int_common_stub
                0x00000000c00005c4                syscall_common_stub
                0x00000000c00005f5                irq16
                0x00000000c00005ff                irq17
                0x00000000c0000609                irq18
                0x00000000c0000613                irq19
                0x00000000c000061d                irq20
                0x00000000c0000627                irq21
                0x00000000c0000631                irq22
                0x00000000c000063b                irq23
 *fill*         0x00000000c0000645        0x3 
 .text          0x00000000c0000648      0x611 acpica/utclib.32
                0x00000000c0000648                memcmp
                0x00000000c0000684                memmove
                0x00000000c000074c                memcpy
                0x00000000c0000780                memset
                0x00000000c000079c                strlen
                0x00000000c00007b4                strpbrk
                0x00000000c00007f0                strtok
                0x00000000c000083c                strcpy
                0x00000000c0000860                strncpy
                0x00000000c00008c8                strcmp
                0x00000000c0000908                strchr
                0x00000000c000092c                strncmp
                0x00000000c000097c                strcat
                0x00000000c00009ac                strncat
                0x00000000c00009e8                strstr
                0x00000000c0000a30                toupper
                0x00000000c0000a44                tolower
                0x00000000c0000a58                simple_strtoul
 .text          0x00000000c0000c59      0xfbf core/malloc.32
                0x00000000c0000dc4                dlfree
                0x00000000c000111f                dlmalloc
                0x00000000c000165c                dlrealloc
                0x00000000c0001811                dlmemalign
                0x00000000c0001934                dlcalloc
                0x00000000c00019ce                dlcfree
                0x00000000c00019d3                dlindependent_calloc
                0x00000000c00019f8                dlindependent_comalloc
                0x00000000c0001a0f                dlvalloc
                0x00000000c0001a3a                dlpvalloc
                0x00000000c0001a70                dlmalloc_trim
                0x00000000c0001a7d                dlmalloc_usable_size
                0x00000000c0001aae                dlmallinfo
                0x00000000c0001b7d                dlmalloc_stats
                0x00000000c0001b8e                dlmallopt
 .text          0x00000000c0001c18        0x0 libk/string.32
 .text          0x00000000c0001c18       0x51 fs/fat/diskio.32
                0x00000000c0001c18                disk_status
                0x00000000c0001c1b                disk_initialize
                0x00000000c0001c1e                disk_read
                0x00000000c0001c34                disk_write
                0x00000000c0001c4a                disk_ioctl
 .text          0x00000000c0001c69     0x6833 fs/fat/ff.32
                0x00000000c0004f37                f_mount
                0x00000000c0004f99                f_open
                0x00000000c00053d5                f_read
                0x00000000c0005655                f_write
                0x00000000c000590f                f_sync
                0x00000000c0005aeb                f_close
                0x00000000c0005b1a                f_lseek
                0x00000000c0005fd1                f_opendir
                0x00000000c00060d3                f_closedir
                0x00000000c00060f5                f_readdir
                0x00000000c0006190                f_stat
                0x00000000c000621f                f_getfree
                0x00000000c00063ea                f_truncate
                0x00000000c00064e2                f_unlink
                0x00000000c0006665                f_mkdir
                0x00000000c0006891                f_rename
                0x00000000c0006b84                f_chmod
                0x00000000c0006c62                f_utime
                0x00000000c0006d40                f_getlabel
                0x00000000c0006f2e                f_setlabel
                0x00000000c000719b                f_forward
                0x00000000c0007379                f_mkfs
 .text          0x00000000c000849c       0x2d fs/fat/ffsystem.32
                0x00000000c000849c                ff_memalloc
                0x00000000c00084b2                ff_memfree
 .text          0x00000000c00084c9      0x253 fs/fat/ffunicode.32
                0x00000000c00084c9                ff_uni2oem
                0x00000000c0008559                ff_oem2uni
                0x00000000c00085c5                ff_wtoupper
 .text          0x00000000c000871c      0x8fb hal/libresample/samplerate.32
                0x00000000c0008760                src_delete
                0x00000000c000879c                src_process
                0x00000000c0008952                src_callback_read
                0x00000000c0008acf                src_set_ratio
                0x00000000c0008b39                src_get_channels
                0x00000000c0008b5b                src_reset
                0x00000000c0008ba7                src_new
                0x00000000c0008c35                src_callback_new
                0x00000000c0008c97                src_get_name
                0x00000000c0008cce                src_get_description
                0x00000000c0008d05                src_get_version
                0x00000000c0008d0b                src_is_valid_ratio
                0x00000000c0008d5f                src_error
                0x00000000c0008d6d                src_strerror
                0x00000000c0008d80                src_simple
                0x00000000c0008dd3                src_short_to_float_array
                0x00000000c0008e38                src_float_to_short_array
                0x00000000c0008ef7                src_int_to_float_array
                0x00000000c0008f5a                src_float_to_int_array
 .text          0x00000000c0009017      0x8cb hal/libresample/src_linear.32
                0x00000000c000983d                linear_get_name
                0x00000000c000984c                linear_get_description
                0x00000000c000985b                linear_set_converter
 .text          0x00000000c00098e2     0x447c hal/libresample/src_sinc.32
                0x00000000c000dc75                sinc_get_name
                0x00000000c000dc88                sinc_get_description
                0x00000000c000dc9b                sinc_set_converter
 .text          0x00000000c000dd5e      0x77c hal/libresample/src_zoh.32
                0x00000000c000e435                zoh_get_name
                0x00000000c000e444                zoh_get_description
                0x00000000c000e453                zoh_set_converter
 .text          0x00000000c000e4da       0x23 compat/inlines.32
                0x00000000c000e4da                CPU::current()
                0x00000000c000e4e7                operator new(unsigned long)
 .text          0x00000000c000e4fd      0x111 compat/resolve.32
                0x00000000c000e4fd                Krnl::resolveCompatibilitySymbol(char*)
 .text          0x00000000c000e60e      0xa17 core/computer.32
                0x00000000c000e60e                Computer::close(int, int, void*)
                0x00000000c000e652                Krnl::firstTask()
                0x00000000c000e742                Computer::Computer()
                0x00000000c000e742                Computer::Computer()
                0x00000000c000e89e                Computer::setBootMessage(char const*)
                0x00000000c000e8a0                Computer::detectFeatures()
                0x00000000c000eaaa                Computer::displayFeatures()
                0x00000000c000edf0                Computer::rdmsr(unsigned int)
                0x00000000c000ee1c                Computer::wrmsr(unsigned int, unsigned long long)
                0x00000000c000ee54                Computer::nmiEnabled()
                0x00000000c000ee60                Computer::readCMOS(unsigned char)
                0x00000000c000ee7a                Computer::enableNMI(bool)
                0x00000000c000ee92                Computer::open(int, int, void*)
                0x00000000c000ef68                Computer::disableNMI()
                0x00000000c000ef76                Computer::writeCMOS(unsigned char, unsigned char)
                0x00000000c000ef94                Computer::handleNMI()
                0x00000000c000effa                Computer::setDiskActivityLight(int, bool)
 *fill*         0x00000000c000f025        0x1 
 .text          0x00000000c000f026      0x1b7 core/gdt.32
                0x00000000c000f026                GDTEntry::setBase(unsigned int)
                0x00000000c000f042                GDTEntry::setLimit(unsigned int)
                0x00000000c000f060                GDT::GDT()
                0x00000000c000f060                GDT::GDT()
                0x00000000c000f076                GDT::addEntry(GDTEntry)
                0x00000000c000f0b2                GDT::getNumberOfEntries()
                0x00000000c000f0ba                GDT::flush()
                0x00000000c000f0dc                GDT::setup()
 .text          0x00000000c000f1dd       0x62 core/idle.32
                0x00000000c000f1dd                idleFunction(void*)
 *fill*         0x00000000c000f23f        0x1 
 .text          0x00000000c000f240      0x45f core/idt.32
                0x00000000c000f240                IDTEntry::IDTEntry(bool)
                0x00000000c000f240                IDTEntry::IDTEntry(bool)
                0x00000000c000f2ae                IDTEntry::setOffset(unsigned int)
                0x00000000c000f2c2                IDT::IDT()
                0x00000000c000f2c2                IDT::IDT()
                0x00000000c000f2c4                IDT::getPointerToInvalidOpcodeEntryForF00F()
                0x00000000c000f2cc                IDT::addEntry(IDTEntry, int)
                0x00000000c000f2e6                IDT::addEntry(int, void (*)(), bool)
                0x00000000c000f31e                IDT::flush()
                0x00000000c000f338                IDT::setup()
 .text          0x00000000c000f69f      0x206 core/kheap.32
                0x00000000c000f69f                sbrk
                0x00000000c000f7ad                mmap
                0x00000000c000f7c3                munmap
                0x00000000c000f7d9                liballoc_lock()
                0x00000000c000f7ea                liballoc_unlock()
                0x00000000c000f7fb                liballoc_alloc(int)
                0x00000000c000f819                liballoc_free(void*, int)
                0x00000000c000f837                realloc
                0x00000000c000f84b                malloc
                0x00000000c000f85b                free
                0x00000000c000f86b                rfree
                0x00000000c000f87b                calloc
 .text          0x00000000c000f8a5      0x485 core/main.32
                0x00000000c000f8a5                hwTextMode_loadInData(VgaText*)
                0x00000000c000f8f0                hwTextMode_loadInTitle(VgaText*, char*)
                0x00000000c000f96e                hwTextMode_showCursor(VgaText*, bool)
                0x00000000c000f9cc                hwTextMode_update(VgaText*)
                0x00000000c000f9cd                hwTextMode_updateCursor(VgaText*)
                0x00000000c000fa1e                hwTextMode_disableBlink(VgaText*, bool)
                0x00000000c000fa64                hwTextMode_scrollScreen(VgaText*)
                0x00000000c000fb11                hwTextMode_writeCharacter(VgaText*, char, VgaColour, VgaColour, int, int)
                0x00000000c000fb93                setupTextMode()
                0x00000000c000fc03                kernel_main
 .text          0x00000000c000fd2a      0x56a core/physmgr.32
                0x00000000c000fd2a                Phys::allocateDMA(unsigned long)
                0x00000000c000fdcd                Phys::freeDMA(unsigned long, unsigned long)
                0x00000000c000fe15                Phys::setPageState(unsigned long, bool)
                0x00000000c000fe47                Phys::getPageState(unsigned long)
                0x00000000c000fe63                Phys::freePage(unsigned long)
                0x00000000c000feed                Phys::allocatePage()
                0x00000000c000ffd2                Phys::allocateContiguousPages(int)
                0x00000000c001002c                Phys::allowSegmentToBeUsed(unsigned long, unsigned long)
                0x00000000c0010064                Phys::physicalMemorySetup(unsigned int)
 .text          0x00000000c0010294      0x273 core/pipe.32
                0x00000000c0010294                Pipe::isAtty()
                0x00000000c0010298                Pipe::~Pipe()
                0x00000000c0010298                Pipe::~Pipe()
                0x00000000c00102bc                Pipe::~Pipe()
                0x00000000c00102e4                Pipe::read(unsigned long long, void*, int*)
                0x00000000c00103d8                Pipe::write(unsigned long long, void*, int*)
                0x00000000c00104a0                Pipe::Pipe(int)
                0x00000000c00104a0                Pipe::Pipe(int)
 *fill*         0x00000000c0010507        0x1 
 .text          0x00000000c0010508      0xf73 core/terminal.32
                0x00000000c0010508                VgaText::isAtty()
                0x00000000c001050c                VgaText::~VgaText()
                0x00000000c001050c                VgaText::~VgaText()
                0x00000000c0010530                VgaText::~VgaText()
                0x00000000c001055a                VgaText::read(unsigned long long, void*, int*)
                0x00000000c001057a                setTerminalScrollLock(bool)
                0x00000000c001057b                addToTerminalCycle(VgaText*)
                0x00000000c00105a8                installVgaTextImplementation()
                0x00000000c00105bd                scrollTerminalScrollLock(int)
                0x00000000c00105be                VgaText::load()
                0x00000000c0010612                VgaText::updateCursor()
                0x00000000c001062c                VgaText::showCursor(bool)
                0x00000000c001063c                VgaText::disableBlink(bool)
                0x00000000c0010676                VgaText::doANSI_SGR(int)
                0x00000000c0010702                VgaText::setDefaultBgColour(VgaColour)
                0x00000000c0010718                VgaText::setDefaultFgColour(VgaColour)
                0x00000000c001072e                VgaText::setDefaultColours(VgaColour, VgaColour)
                0x00000000c001074e                VgaText::combineColours(unsigned char, unsigned char)
                0x00000000c0010760                VgaText::scrollScreen()
                0x00000000c00107f4                VgaText::combineCharAndColour(char, unsigned char)
                0x00000000c0010806                VgaText::writeCharacter(char, VgaColour, VgaColour, int, int)
                0x00000000c0010866                VgaText::getCursorX()
                0x00000000c0010872                VgaText::getCursorY()
                0x00000000c001087e                VgaText::setCursor(int, int)
                0x00000000c001089c                VgaText::setCursorX(int)
                0x00000000c00108b8                VgaText::setCursorY(int)
                0x00000000c00108d4                VgaText::incrementCursor(bool)
                0x00000000c001093c                VgaText::updateRAMUsageDisplay(int)
                0x00000000c00109a0                VgaText::updateDiskUsage()
                0x00000000c0010b0a                VgaText::updateTitle()
                0x00000000c0010b50                VgaText::setTitleTextColour(VgaColour)
                0x00000000c0010b60                VgaText::setTitleColour(VgaColour)
                0x00000000c0010b70                VgaText::setTitle(char*)
                0x00000000c0010b96                VgaText::decrementCursor(bool)
                0x00000000c0010bbe                VgaText::putchar(char, VgaColour, VgaColour)
                0x00000000c0010cba                VgaText::isShowingCursor()
                0x00000000c0010cc6                VgaText::isBlinkDisabled()
                0x00000000c0010cd4                VgaText::setCursorHeight(int)
                0x00000000c0010cf2                VgaText::getCursorHeight()
                0x00000000c0010cfd                setActiveTerminal(VgaText*)
                0x00000000c0010daf                doTerminalCycle()
                0x00000000c0010dcc                VgaText::doUpdate()
                0x00000000c0010dde                VgaText::puts(char const*, VgaColour, VgaColour)
                0x00000000c0010f9e                VgaText::clearScreen()
                0x00000000c0011002                VgaText::putchar(char)
                0x00000000c001111c                VgaText::puts(char const*)
                0x00000000c0011142                VgaText::putx(unsigned int)
                0x00000000c0011188                VgaText::VgaText(char const*)
                0x00000000c0011188                VgaText::VgaText(char const*)
                0x00000000c001131a                VgaText::receiveKey(unsigned char)
                0x00000000c0011402                VgaText::write(unsigned long long, void*, int*)
                0x00000000c0011456                newTerminal(char*)
 *fill*         0x00000000c001147b        0x1 
 .text          0x00000000c001147c      0x1b3 core/tss.32
                0x00000000c001147c                TSS::TSS()
                0x00000000c001147c                TSS::TSS()
                0x00000000c001148a                TSS::setESP(unsigned long)
                0x00000000c001149c                TSS::flush()
                0x00000000c00114bc                TSS::setup(unsigned long, unsigned long)
 *fill*         0x00000000c001162f        0x1 
 .text          0x00000000c0011630      0x4c2 core/unixfile.32
                0x00000000c0011630                ReservedFilename::read(unsigned long long, void*, int*)
                0x00000000c0011686                ReservedFilename::isAtty()
                0x00000000c00116a2                ReservedFilename::write(unsigned long long, void*, int*)
                0x00000000c0011700                UnixFile::getFileDescriptor()
                0x00000000c0011708                UnixFile::UnixFile(int)
                0x00000000c0011708                UnixFile::UnixFile(int)
                0x00000000c00118b8                ReservedFilename::ReservedFilename(int)
                0x00000000c00118b8                ReservedFilename::ReservedFilename(int)
                0x00000000c00118ea                UnixFile::~UnixFile()
                0x00000000c00118ea                UnixFile::~UnixFile()
                0x00000000c0011982                UnixFile::~UnixFile()
                0x00000000c00119aa                ReservedFilename::~ReservedFilename()
                0x00000000c00119aa                ReservedFilename::~ReservedFilename()
                0x00000000c00119ce                ReservedFilename::~ReservedFilename()
                0x00000000c00119f5                getFromFileDescriptor(int)
 .text          0x00000000c0011af2     0x124d core/virtmgr.32
                0x00000000c0011af2                Virt::setPageState(unsigned long, Virt::VirtPageState)
                0x00000000c0011b27                Virt::getPageState(unsigned long)
                0x00000000c0011b4b                Virt::allocateKernelVirtualPages(int)
                0x00000000c0011c5c                Virt::freeSwapfilePage(unsigned long)
                0x00000000c0011c7a                Virt::swapIDToSector(unsigned long)
                0x00000000c0011c8c                Virt::allocateSwapfilePage()
                0x00000000c0011d0a                Virt::virtualMemorySetup()
                0x00000000c0011d89                Virt::swappingSetup()
                0x00000000c0011de6                Virt::getAKernelVAS()
                0x00000000c0011dec                Virt::setupPageSwapping(int)
                0x00000000c0011f1c                VAS::VAS()
                0x00000000c0011f1c                VAS::VAS()
                0x00000000c0011f58                VAS::VAS(VAS*)
                0x00000000c0011f58                VAS::VAS(VAS*)
                0x00000000c0011f86                VAS::getForeignPageTableEntry(bool, unsigned long)
                0x00000000c0011fb2                VAS::getPageTableEntry(unsigned long)
                0x00000000c0011fd1                Virt::freeKernelVirtualPages(unsigned long)
                0x00000000c00120f4                VAS::freeAllocatedPages(unsigned long)
                0x00000000c0012118                VAS::virtualToPhysical(unsigned long)
                0x00000000c0012130                VAS::reflagRange(unsigned long, int, int, int)
                0x00000000c0012170                VAS::setToWriteCombining(unsigned long, int)
                0x00000000c00121a2                VAS::mapOtherVASIn(bool, VAS*)
                0x00000000c00121cc                VAS::~VAS()
                0x00000000c00121cc                VAS::~VAS()
                0x00000000c0012338                VAS::mapPage(unsigned long, unsigned long, int)
                0x00000000c0012438                VAS::allocatePages(int, int)
                0x00000000c0012610                VAS::setCPUSpecific(unsigned long)
                0x00000000c001262c                VAS::mapRange(unsigned long, unsigned long, int, int)
                0x00000000c00126f2                VAS::mapForeignPage(bool, VAS*, unsigned long, unsigned long, int)
                0x00000000c00127e0                VAS::VAS(bool)
                0x00000000c00127e0                VAS::VAS(bool)
                0x00000000c0012a46                VAS::evict(unsigned long)
                0x00000000c0012ae2                VAS::tryLoadBackOffDisk(unsigned long)
                0x00000000c0012be6                VAS::scanForEviction()
                0x00000000c0012c83                mapVASFirstTime
 .text          0x00000000c0012d3f       0x95 coreobjs/c++.32
                0x00000000c0012d3f                __cxa_atexit
                0x00000000c0012d42                __cxa_finalize
                0x00000000c0012d43                __stack_chk_fail
                0x00000000c0012daf                __cxa_pure_virtual
                0x00000000c0012dc0                operator new[](unsigned long)
                0x00000000c0012dc5                operator delete(void*, unsigned long)
                0x00000000c0012dca                operator delete[](void*)
                0x00000000c0012dcf                operator delete[](void*, unsigned long)
 .text          0x00000000c0012dd4      0x1ef dbg/kconsole.32
                0x00000000c0012dd4                Dbg::stringifyxWithBase(unsigned int, char*, int)
                0x00000000c0012e35                Dbg::logc(char)
                0x00000000c0012e4c                Dbg::logs(char*)
                0x00000000c0012e69                Dbg::logWriteInt(unsigned int)
                0x00000000c0012e86                Dbg::logWriteIntBase(unsigned int, int)
                0x00000000c0012ea5                Dbg::kprintf(char const*, ...)
 *fill*         0x00000000c0012fc3        0x1 
 .text          0x00000000c0012fc4      0xb7c fs/vfs.32
                0x00000000c0012fc4                File::read(unsigned long long, void*, int*)
                0x00000000c001301c                File::write(unsigned long long, void*, int*)
                0x00000000c0013074                Directory::read(unsigned long long, void*, int*)
                0x00000000c00130cc                Directory::write(unsigned long long, void*, int*)
                0x00000000c00130fa                File::isAtty()
                0x00000000c00130fe                Directory::isAtty()
                0x00000000c0013102                Filesystem::getlabel(LogicalDisk*, int, char*, unsigned int*)
                0x00000000c0013108                Filesystem::setlabel(LogicalDisk*, int, char*)
                0x00000000c001310e                File::~File()
                0x00000000c001310e                File::~File()
                0x00000000c0013132                File::~File()
                0x00000000c001315c                Directory::~Directory()
                0x00000000c001315c                Directory::~Directory()
                0x00000000c0013180                Directory::~Directory()
                0x00000000c00131aa                Filesystem::Filesystem()
                0x00000000c00131aa                Filesystem::Filesystem()
                0x00000000c00131ce                Filesystem::~Filesystem()
                0x00000000c00131ce                Filesystem::~Filesystem()
                0x00000000c00131dc                Filesystem::~Filesystem()
                0x00000000c0013200                Fs::getcwd(Process*, char*, int)
                0x00000000c001322a                Fs::initVFS()
                0x00000000c0013254                Fs::standardiseFiles(char*, char const*, char const*)
                0x00000000c00133fe                File::File(char const*, Process*)
                0x00000000c00133fe                File::File(char const*, Process*)
                0x00000000c0013462                File::open(FileOpenMode)
                0x00000000c00134c0                File::close()
                0x00000000c0013520                File::seek(unsigned long long)
                0x00000000c0013576                File::tell(unsigned long long*)
                0x00000000c00135c6                File::rewind()
                0x00000000c00135da                File::unlink()
                0x00000000c0013626                File::rename(char const*)
                0x00000000c0013674                File::chfatattr(unsigned char, unsigned char)
                0x00000000c00136d0                File::exists()
                0x00000000c001370e                File::stat(unsigned long long*, bool*)
                0x00000000c001376f                Fs::setcwd(Process*, char*)
                0x00000000c00138aa                Directory::Directory(char const*, Process*)
                0x00000000c00138aa                Directory::Directory(char const*, Process*)
                0x00000000c001390e                Directory::open()
                0x00000000c001396a                Directory::close()
                0x00000000c00139ca                Directory::unlink()
                0x00000000c0013a16                Directory::rename(char const*)
                0x00000000c0013a64                Directory::exists()
                0x00000000c0013aa2                Directory::read(dirent*)
                0x00000000c0013aee                Directory::create()
                0x00000000c0013b3a                Filesystem::chfatattr(char const*, unsigned char, unsigned char)
 .text          0x00000000c0013b40       0x84 hal/bus.32
                0x00000000c0013b40                Bus::Bus(char const*)
                0x00000000c0013b40                Bus::Bus(char const*)
                0x00000000c0013b76                Bus::~Bus()
                0x00000000c0013b76                Bus::~Bus()
                0x00000000c0013b9a                Bus::~Bus()
 .text          0x00000000c0013bc4      0x14e hal/buzzer.32
                0x00000000c0013bc4                Buzzer::Buzzer(char const*)
                0x00000000c0013bc4                Buzzer::Buzzer(char const*)
                0x00000000c0013c08                Buzzer::~Buzzer()
                0x00000000c0013c08                Buzzer::~Buzzer()
                0x00000000c0013c2c                Buzzer::~Buzzer()
                0x00000000c0013c56                Buzzer::stop()
                0x00000000c0013c69                beepThread(void*)
                0x00000000c0013ca4                Buzzer::beep(int, int, bool)
 .text          0x00000000c0013d12      0x467 hal/clock.32
                0x00000000c0013d12                User::loadClockSettings(int)
                0x00000000c0013d64                Clock::Clock(char const*)
                0x00000000c0013d64                Clock::Clock(char const*)
                0x00000000c0013d9a                Clock::~Clock()
                0x00000000c0013d9a                Clock::~Clock()
                0x00000000c0013dbe                Clock::~Clock()
                0x00000000c0013de8                Clock::timeInSecondsLocal()
                0x00000000c0013e30                Clock::setTimeInSecondsLocal(unsigned long long)
                0x00000000c0013e89                datetimeToSeconds(datetime_t)
                0x00000000c0013fb0                Clock::setTimeInDatetimeLocal(datetime_t)
                0x00000000c0014010                secondsToDatetime(unsigned long long)
                0x00000000c0014154                Clock::timeInDatetimeLocal()
 *fill*         0x00000000c0014179        0x1 
 .text          0x00000000c001417a      0x4de hal/device.32
                0x00000000c001417a                Device::hibernate()
                0x00000000c001417c                Device::wake()
                0x00000000c001417e                Device::detect()
                0x00000000c0014180                Device::disableLegacy()
                0x00000000c0014182                Device::powerSaving(PowerSavingLevel)
                0x00000000c0014184                DriverlessDevice::close(int, int, void*)
                0x00000000c0014188                DriverlessDevice::detect()
                0x00000000c001418a                DriverlessDevice::open(int, int, void*)
                0x00000000c001419e                Device::~Device()
                0x00000000c001419e                Device::~Device()
                0x00000000c00141ac                Device::~Device()
                0x00000000c00141d4                Device::findAndLoadDriver()
                0x00000000c00141d6                Device::preOpenPCI(PCIDeviceInfo)
                0x00000000c00141fc                Device::preOpenACPI(void*, char*, char*)
                0x00000000c0014250                Device::addIRQHandler(int, void (*)(regs*, void*), bool, void*)
                0x00000000c001428e                Device::removeIRQHandler(int, void (*)(regs*, void*), bool)
                0x00000000c00142cc                Device::addChild(Device*)
                0x00000000c0014310                Device::removeAllChildren()
                0x00000000c0014356                Device::hibernateAll()
                0x00000000c0014386                Device::wakeAll()
                0x00000000c00143b6                Device::detectAll()
                0x00000000c00143e6                Device::disableLegacyAll()
                0x00000000c0014416                Device::loadDriversForAll()
                0x00000000c0014442                Device::closeAll()
                0x00000000c0014478                Device::powerSavingAll(PowerSavingLevel)
                0x00000000c00144ae                Device::setName(char const*)
                0x00000000c00144bc                Device::Device(char const*)
                0x00000000c00144bc                Device::Device(char const*)
                0x00000000c00145b8                Device::getName()
                0x00000000c00145c2                DriverlessDevice::DriverlessDevice(char const*)
                0x00000000c00145c2                DriverlessDevice::DriverlessDevice(char const*)
                0x00000000c00145ea                Device::addToLinkedList(LinkedList<Device>&, DeviceType)
                0x00000000c001462e                getDevicesOfType(DeviceType)
 .text          0x00000000c0014658       0x84 hal/diskctrl.32
                0x00000000c0014658                HardDiskController::HardDiskController(char const*)
                0x00000000c0014658                HardDiskController::HardDiskController(char const*)
                0x00000000c001468e                HardDiskController::~HardDiskController()
                0x00000000c001468e                HardDiskController::~HardDiskController()
                0x00000000c00146b2                HardDiskController::~HardDiskController()
 .text          0x00000000c00146dc       0xf2 hal/diskphys.32
                0x00000000c00146dc                PhysicalDisk::eject()
                0x00000000c00146f0                PhysicalDisk::PhysicalDisk(char const*, int)
                0x00000000c00146f0                PhysicalDisk::PhysicalDisk(char const*, int)
                0x00000000c0014758                PhysicalDisk::startCache()
                0x00000000c0014780                PhysicalDisk::~PhysicalDisk()
                0x00000000c0014780                PhysicalDisk::~PhysicalDisk()
                0x00000000c00147a4                PhysicalDisk::~PhysicalDisk()
 .text          0x00000000c00147ce      0x13b hal/fpu.32
                0x00000000c00147ce                FPU::FPU(char const*)
                0x00000000c00147ce                FPU::FPU(char const*)
                0x00000000c0014804                FPU::~FPU()
                0x00000000c0014804                FPU::~FPU()
                0x00000000c0014828                FPU::~FPU()
                0x00000000c0014852                setupFPU()
 *fill*         0x00000000c0014909        0x1 
 .text          0x00000000c001490a     0x145d hal/intctrl.32
                0x00000000c001490a                InterruptController::uninstallISRHandler(int, void (*)(regs*, void*))
                0x00000000c0014942                InterruptController::installISRHandler(int, void (*)(regs*, void*), void*)
                0x00000000c0014994                doubleFault(regs*, void*)
                0x00000000c00149ae                InterruptController::installIRQHandler(int, void (*)(regs*, void*), bool, void*)
                0x00000000c0014a4a                InterruptController::clearAllHandlers(int, bool)
                0x00000000c0014af2                InterruptController::uninstallIRQHandler(int, void (*)(regs*, void*), bool)
                0x00000000c0014b79                nmiHandler(regs*, void*)
                0x00000000c0014b87                int_handler
                0x00000000c0014c28                InterruptController::InterruptController(char const*)
                0x00000000c0014c28                InterruptController::InterruptController(char const*)
                0x00000000c0014cce                InterruptController::~InterruptController()
                0x00000000c0014cce                InterruptController::~InterruptController()
                0x00000000c0014cf2                InterruptController::~InterruptController()
                0x00000000c0014d1c                displayDebugInfo(regs*)
                0x00000000c00151ab                x87EmulHandler(regs*, void*)
                0x00000000c0015259                gpFault(regs*, void*)
                0x00000000c0015292                pgFault(regs*, void*)
                0x00000000c00152ce                otherISRHandler(regs*, void*)
                0x00000000c00152ed                opcodeFault(regs*, void*)
                0x00000000c00158f3                displayProgramFault(char const*)
                0x00000000c001591b                setupInterruptController()
                0x00000000c0015d1a                InterruptController::convertLegacyIRQNumber(int)
 *fill*         0x00000000c0015d67        0x1 
 .text          0x00000000c0015d68      0x6c8 hal/keybrd.32
                0x00000000c0015d68                startGUI(void*)
                0x00000000c0015dc4                startGUIVESA(void*)
                0x00000000c0015e20                sendKeyToTerminal(unsigned char)
                0x00000000c0015e8c                sendKeyboardToken(KeyboardToken)
                0x00000000c00162c9                clearInternalKeybuffer(VgaText*)
                0x00000000c00162fe                readKeyboard(VgaText*, char*, unsigned long)
                0x00000000c00163a6                Keyboard::Keyboard(char const*)
                0x00000000c00163a6                Keyboard::Keyboard(char const*)
                0x00000000c00163e2                Keyboard::~Keyboard()
                0x00000000c00163e2                Keyboard::~Keyboard()
                0x00000000c0016406                Keyboard::~Keyboard()
 .text          0x00000000c0016430      0x414 hal/logidisk.32
                0x00000000c0016430                LogicalDisk::close(int, int, void*)
                0x00000000c0016434                LogicalDisk::~LogicalDisk()
                0x00000000c0016434                LogicalDisk::~LogicalDisk()
                0x00000000c0016458                LogicalDisk::~LogicalDisk()
                0x00000000c0016482                LogicalDisk::open(int, int, void*)
                0x00000000c0016496                LogicalDisk::absoluteToRelative(unsigned long long)
                0x00000000c00164ce                LogicalDisk::relativeToAbsolute(unsigned long long)
                0x00000000c0016514                LogicalDisk::LogicalDisk(char const*, PhysicalDisk*, unsigned long long, unsigned long long)
                0x00000000c0016514                LogicalDisk::LogicalDisk(char const*, PhysicalDisk*, unsigned long long, unsigned long long)
                0x00000000c00165ca                LogicalDisk::assignDriveLetter()
                0x00000000c0016680                LogicalDisk::mount()
                0x00000000c00166f2                LogicalDisk::unmount()
                0x00000000c0016702                LogicalDisk::eject()
                0x00000000c0016716                LogicalDisk::unassignDriveLetter()
                0x00000000c001676c                LogicalDisk::read(unsigned long long, int, void*)
                0x00000000c00167d8                LogicalDisk::write(unsigned long long, int, void*)
 .text          0x00000000c0016844       0x84 hal/mouse.32
                0x00000000c0016844                Mouse::Mouse(char const*)
                0x00000000c0016844                Mouse::Mouse(char const*)
                0x00000000c001687a                Mouse::~Mouse()
                0x00000000c001687a                Mouse::~Mouse()
                0x00000000c001689e                Mouse::~Mouse()
 .text          0x00000000c00168c8      0x34d hal/partition.32
                0x00000000c00168c8                makePartition(PhysicalDisk*, unsigned long long, unsigned long long)
                0x00000000c0016984                createPartitionsForDisk(PhysicalDisk*)
 *fill*         0x00000000c0016c15        0x1 
 .text          0x00000000c0016c16       0x84 hal/serial.32
                0x00000000c0016c16                Serial::Serial(char const*)
                0x00000000c0016c16                Serial::Serial(char const*)
                0x00000000c0016c4c                Serial::~Serial()
                0x00000000c0016c4c                Serial::~Serial()
                0x00000000c0016c70                Serial::~Serial()
 .text          0x00000000c0016c9a      0x2b8 hal/timer.32
                0x00000000c0016c9a                Timer::Timer(char const*)
                0x00000000c0016c9a                Timer::Timer(char const*)
                0x00000000c0016cd0                Timer::~Timer()
                0x00000000c0016cd0                Timer::~Timer()
                0x00000000c0016cf4                Timer::~Timer()
                0x00000000c0016d1e                Timer::read()
                0x00000000c0016d29                timerHandler(unsigned long long)
                0x00000000c0016e60                setupTimer(int)
 .text          0x00000000c0016f52      0x425 hal/vcache.32
                0x00000000c0016f52                VCache::VCache(PhysicalDisk*)
                0x00000000c0016f52                VCache::VCache(PhysicalDisk*)
                0x00000000c00170ba                VCache::invalidateReadBuffer()
                0x00000000c00170ca                VCache::writeWriteBuffer()
                0x00000000c0017106                VCache::~VCache()
                0x00000000c0017106                VCache::~VCache()
                0x00000000c001715a                VCache::~VCache()
                0x00000000c0017182                VCache::write(unsigned long long, int, void*)
                0x00000000c0017278                VCache::read(unsigned long long, int, void*)
 *fill*         0x00000000c0017377        0x1 
 .text          0x00000000c0017378      0x4cd hal/video.32
                0x00000000c0017378                Video::putrect(int, int, int, int, unsigned int)
                0x00000000c00173c4                Video::bitblit(int, int, int, int, int, int, int, unsigned int*)
                0x00000000c0017434                Video::blit(unsigned int*, int, int, int, int)
                0x00000000c00174b2                Video::clearScreen(unsigned int)
                0x00000000c00174e6                Video::putpixel(int, int, unsigned int)
                0x00000000c00174f4                Video::Video(char const*)
                0x00000000c00174f4                Video::Video(char const*)
                0x00000000c001752a                Video::~Video()
                0x00000000c001752a                Video::~Video()
                0x00000000c001754e                Video::~Video()
                0x00000000c0017578                Video::isMonochrome()
                0x00000000c0017584                Video::getWidth()
                0x00000000c0017590                Video::getHeight()
                0x00000000c001759c                Video::drawCursor(int, int, unsigned char*, int)
                0x00000000c0017658                Video::tgaParse(unsigned char*, int, int*, int*)
                0x00000000c00177da                Video::putTGA(int, int, unsigned char*, int)
 *fill*         0x00000000c0017845        0x1 
 .text          0x00000000c0017846      0xf74 hw/acpi.32
                0x00000000c0017846                ACPI::close(int, int, void*)
                0x00000000c00178fb                findRSDP()
                0x00000000c0017995                loadACPITables(unsigned char*)
                0x00000000c0017bbc                findRSDT(unsigned char*)
                0x00000000c0017cda                findDataTable(unsigned char*, char*)
                0x00000000c0017d76                scanMADT()
                0x00000000c00181fc                ACPI::ACPI()
                0x00000000c00181fc                ACPI::ACPI()
                0x00000000c0018266                ACPI::getPCIIRQAssignment(unsigned char, unsigned short, unsigned char)
                0x00000000c0018348                ACPI::registerPCIIRQAssignment(void*, unsigned short, unsigned char, unsigned char)
                0x00000000c001840e                ACPI::setScreenBrightnessLevel(void*, int)
                0x00000000c0018414                ACPI::writeSimpleBootFlag(SimpleBootFlagTable*)
                0x00000000c001845c                ACPI::open(int, int, void*)
                0x00000000c00187a2                ACPI::sleep()
 .text          0x00000000c00187ba     0x1715 hw/cpu.32
                0x00000000c00187ba                CPU::close(int, int, void*)
                0x00000000c00187be                CPU::lookupAMDName(unsigned char, unsigned char)
                0x00000000c0018952                CPU::lookupIntelName(unsigned char, unsigned char)
                0x00000000c0018c00                CPU::AMD_K6_write_msr(unsigned int, unsigned int, unsigned int, CPU::REGS*)
                0x00000000c0018c1c                CPU::AMD_K6_read_msr(unsigned int, CPU::REGS*)
                0x00000000c0018c34                CPU::AMD_K6_writeback(int, int, int)
                0x00000000c0018ca8                CPU::cpuid(int, unsigned long*, unsigned long*, unsigned long*, unsigned long*)
                0x00000000c0018d2c                CPU::cpuidCheckEDX(unsigned int)
                0x00000000c0018d5a                CPU::cpuidCheckECX(unsigned int)
                0x00000000c0018d88                CPU::cpuidCheckExtendedEBX(unsigned int)
                0x00000000c0018db6                CPU::cpuidCheckExtendedECX(unsigned int)
                0x00000000c0018de4                CPU::CPU()
                0x00000000c0018de4                CPU::CPU()
                0x00000000c0018e72                CPU::displayFeatures()
                0x00000000c00190ee                CPU::detectFeatures()
                0x00000000c0019ade                CPU::setupSMEP()
                0x00000000c0019aea                CPU::setupUMIP()
                0x00000000c0019af4                CPU::setupTSC()
                0x00000000c0019afe                CPU::setupLargePages()
                0x00000000c0019b08                CPU::setupPAT()
                0x00000000c0019b44                CPU::setupMTRR()
                0x00000000c0019b46                CPU::setupGlobalPages()
                0x00000000c0019b50                CPU::allowUsermodeDataAccess()
                0x00000000c0019b62                CPU::prohibitUsermodeDataAccess()
                0x00000000c0019b74                CPU::setupSMAP()
                0x00000000c0019b82                CPU::setupFeatures()
                0x00000000c0019c02                CPU::open(int, int, void*)
                0x00000000c0019cd4                CPU::decodeAddress(regs*, int*, bool*, unsigned char*)
 .text          0x00000000c0019ecf        0x0 hw/ports.32
 .text          0x00000000c0019ecf      0x16a hw/smp.32
                0x00000000c0019ecf                Krnl::smpEntry()
                0x00000000c0019ed1                Krnl::startCPU(int)
                0x00000000c001a01a                Krnl::startCPUs()
 *fill*         0x00000000c001a039        0x1 
 .text          0x00000000c001a03a      0x5d3 krnl/env.32
                0x00000000c001a03a                EnvVarContainer::getEnv(char const*)
                0x00000000c001a078                EnvVarContainer::setEnv(char const*, char const*)
                0x00000000c001a144                EnvVarContainer::deleteEnv(char const*)
                0x00000000c001a146                EnvVarContainer::loadFrom(char const*, char const*)
                0x00000000c001a33c                EnvVarContainer::__loadSystem()
                0x00000000c001a356                EnvVarContainer::__loadUser()
                0x00000000c001a358                EnvVarContainer::EnvVarContainer(Process*)
                0x00000000c001a358                EnvVarContainer::EnvVarContainer(Process*)
                0x00000000c001a37a                EnvVarContainer::~EnvVarContainer()
                0x00000000c001a37a                EnvVarContainer::~EnvVarContainer()
                0x00000000c001a3aa                Krnl::getEnv(Process*, char const*)
                0x00000000c001a40f                Krnl::setEnvSystem(char const*, char const*)
                0x00000000c001a429                Krnl::setEnvUser(char const*, char const*)
                0x00000000c001a448                Krnl::setEnvProcess(Process*, char const*, char const*)
                0x00000000c001a45b                Krnl::deleteEnvSystem(char const*)
                0x00000000c001a45c                Krnl::deleteEnvUser(char const*)
                0x00000000c001a45d                Krnl::deleteEnvProcess(Process*, char const*)
                0x00000000c001a45e                Krnl::newProcessEnv(Process*)
                0x00000000c001a480                Krnl::copyProcessEnv(Process*, Process*)
                0x00000000c001a4d4                Krnl::loadSystemEnv()
                0x00000000c001a502                Krnl::loadUserEnv()
                0x00000000c001a528                Krnl::flushEnv()
                0x00000000c001a529                Krnl::getProcessTotalEnvCount(Process*)
                0x00000000c001a549                Krnl::getProcessEnvPair(Process*, int)
 .text          0x00000000c001a60d      0x396 krnl/panic.32
                0x00000000c001a60d                Krnl::panic(char const*)
 .text          0x00000000c001a9a3      0x3b6 net/ethernet.32
                0x00000000c001a9a3                Net::switchEndian16(unsigned short)
                0x00000000c001a9c4                Net::switchEndian32(unsigned int)
                0x00000000c001a9f3                Net::crc32Calc(unsigned char*, int)
                0x00000000c001aa84                Net::wrapEthernetFrame(Net::UnwrappedEthernetFrame, unsigned char*)
                0x00000000c001abc0                Net::unwrapEthernetFrame(unsigned char*, int)
 .text          0x00000000c001ad59      0x513 reg/registry.32
                0x00000000c001ad59                Reg::findLineFromLoadedData(char*, char*, char*)
                0x00000000c001aeb1                Reg::getLineFromRegistry(char*, char*, char*, char*)
                0x00000000c001b006                Reg::getLine(char*, char*, char*)
                0x00000000c001b03d                Reg::readInt(char*, char*, int*)
                0x00000000c001b128                Reg::readString(char*, char*, char*, int)
                0x00000000c001b1a9                Reg::readBool(char*, char*, bool*)
                0x00000000c001b1ce                Reg::readBoolWithDefault(char*, char*, bool)
                0x00000000c001b1fa                Reg::readIntWithDefault(char*, char*, int)
                0x00000000c001b226                Reg::readStringWithDefault(char*, char*, char*, int, char*)
 .text          0x00000000c001b26c       0x36 sys/sc_eject.32
                0x00000000c001b26c                Sys::eject(regs*)
 .text          0x00000000c001b2a2       0x18 sys/sc_exit.32
                0x00000000c001b2a2                Sys::exit(regs*)
 .text          0x00000000c001b2ba       0x1f sys/sc_getcwd.32
                0x00000000c001b2ba                Sys::getCwd(regs*)
 .text          0x00000000c001b2d9        0xc sys/sc_getpid.32
                0x00000000c001b2d9                Sys::getPID(regs*)
 .text          0x00000000c001b2e5       0x17 sys/sc_getramdata.32
                0x00000000c001b2e5                Sys::getRAMData(regs*)
 .text          0x00000000c001b2fc       0xa8 sys/sc_loaddll.32
                0x00000000c001b2fc                Sys::loadDLL(regs*)
 .text          0x00000000c001b3a4       0x68 sys/sc_read.32
                0x00000000c001b3a4                Sys::read(regs*)
 .text          0x00000000c001b40c       0x55 sys/sc_sbrk.32
                0x00000000c001b40c                Sys::sbrk(regs*)
 .text          0x00000000c001b461       0x1c sys/sc_setcwd.32
                0x00000000c001b461                Sys::setCwd(regs*)
 .text          0x00000000c001b47d      0x128 sys/sc_settime.32
                0x00000000c001b47d                Sys::setTime(regs*)
 .text          0x00000000c001b5a5       0x4a sys/sc_timezone.32
                0x00000000c001b5a5                Sys::timezone(regs*)
 .text          0x00000000c001b5ef       0x68 sys/sc_write.32
                0x00000000c001b5ef                Sys::write(regs*)
 .text          0x00000000c001b657       0x62 sys/sc_wsbe.32
                0x00000000c001b657                Sys::wsbe(regs*)
 .text          0x00000000c001b6b9       0x3b sys/sc_yield.32
                0x00000000c001b6b9                Sys::yield(regs*)
 .text          0x00000000c001b6f4     0x10e5 sys/syscalls.32
                0x00000000c001b6f4                sysCallSeekDir(regs*)
                0x00000000c001b6f9                sysCallTellDir(regs*)
                0x00000000c001b6fe                sysCallVerify(regs*)
                0x00000000c001b708                sysFormatDisk(regs*)
                0x00000000c001b772                sysSetDiskVolumeLabel(regs*)
                0x00000000c001b7b8                sysGetDiskVolumeLabel(regs*)
                0x00000000c001b809                sysShutdown(regs*)
                0x00000000c001b867                sysCallRealpath(regs*)
                0x00000000c001b8aa                sysCallGetArgc(regs*)
                0x00000000c001b8d8                sysCallReadDir(regs*)
                0x00000000c001b966                sysCallIsATTY(regs*)
                0x00000000c001b9c0                sysCallSeek(regs*)
                0x00000000c001ba29                sysCallTell(regs*)
                0x00000000c001baa6                sysCallSize(regs*)
                0x00000000c001bb29                sysCallSizeFromFilename(regs*)
                0x00000000c001bbe9                sysCallClose(regs*)
                0x00000000c001bc71                sysCallOpenDir(regs*)
                0x00000000c001bce6                sysCallCloseDir(regs*)
                0x00000000c001bd4c                sysCallMakeDir(regs*)
                0x00000000c001bdbc                sysCallWait(regs*)
                0x00000000c001bdd6                sysCallNotImpl(regs*)
                0x00000000c001bdf1                sysPanic(regs*)
                0x00000000c001be17                sysCallRmdir(regs*)
                0x00000000c001be7b                sysCallUnlink(regs*)
                0x00000000c001bedf                sysCallGetArgv(regs*)
                0x00000000c001bf2b                sysCallTTYName(regs*)
                0x00000000c001bfae                sysCallUSleep(regs*)
                0x00000000c001bfd5                sysCallSpawn(regs*)
                0x00000000c001c02d                sysCallGetEnv(regs*)
                0x00000000c001c165                sysAppSettings(regs*)
                0x00000000c001c284                sysSetFatAttrib(regs*)
                0x00000000c001c2f6                sysPipe(regs*)
                0x00000000c001c33b                sysGetUnixTime(regs*)
                0x00000000c001c34f                string_ends_with(char const*, char const*)
                0x00000000c001c397                sysCallOpen(regs*)
                0x00000000c001c5ac                Sys::loadSyscalls()
                0x00000000c001c797                Sys::systemCall(regs*, void*)
 .text          0x00000000c001c7d9     0x11d4 thr/elf.32
                0x00000000c001c7d9                Thr::allocateMemoryForTask(Process*, File*, unsigned long, unsigned long, unsigned long)
                0x00000000c001ca6b                Thr::loadProgramIntoMemory(Process*, char const*)
                0x00000000c001cc81                Thr::runtimeReferenceHelper()
                0x00000000c001cc94                Thr::getAddressOfKernelSymbol(char const*)
                0x00000000c001cce3                Thr::loadKernelSymbolTable(char const*)
                0x00000000c001cfa1                Thr::loadDriverIntoMemory(char const*, unsigned long, bool)
                0x00000000c001d6bd                Thr::getDriverBaseFromAddress(unsigned long)
                0x00000000c001d6ef                Thr::getDriverNameFromAddress(unsigned long)
                0x00000000c001d726                Thr::getDriverOffsetFromAddress(unsigned long)
                0x00000000c001d740                Thr::loadDLL(char const*, bool)
                0x00000000c001d974                Thr::executeDLL(unsigned long, void*)
 *fill*         0x00000000c001d9ad        0x1 
 .text          0x00000000c001d9ae     0x106e thr/prcssthr.32
                0x00000000c001d9ae                changeTSS
                0x00000000c001d9de                Process::addArgs(char**)
                0x00000000c001da38                Process::Process(char const*, Process*, char**)
                0x00000000c001da38                Process::Process(char const*, Process*, char**)
                0x00000000c001dc1c                Process::Process(bool, char const*, Process*, char**)
                0x00000000c001dc1c                Process::Process(bool, char const*, Process*, char**)
                0x00000000c001ddcb                disableIRQs()
                0x00000000c001ddd3                getIRQNestingLevel()
                0x00000000c001ddd9                enableIRQs()
                0x00000000c001dde8                lockScheduler()
                0x00000000c001ddea                unlockScheduler()
                0x00000000c001ddec                userModeEntryPoint(void*)
                0x00000000c001de0f                lockStuff()
                0x00000000c001de1b                taskStartupFunction
                0x00000000c001de24                updateTimeUsed()
                0x00000000c001de89                switchToThread(ThreadControlBlock*)
                0x00000000c001deda                Semaphore::Semaphore(int)
                0x00000000c001deda                Semaphore::Semaphore(int)
                0x00000000c001df08                Mutex::Mutex()
                0x00000000c001df08                Mutex::Mutex()
                0x00000000c001df1a                Process::createThread(void (*)(void*), void*, int)
                0x00000000c001e00a                Process::createUserThread()
                0x00000000c001e026                setupMultitasking(void (*)())
                0x00000000c001e13a                schedule()
                0x00000000c001e1bf                unlockStuff()
                0x00000000c001e1f4                Semaphore::tryAcquire()
                0x00000000c001e222                Semaphore::assertLocked(char const*)
                0x00000000c001e252                blockTaskWithSchedulerLockAlreadyHeld(TaskState)
                0x00000000c001e294                blockTask(TaskState)
                0x00000000c001e2b5                waitTask(int, int*, int)
                0x00000000c001e2f7                nanoSleepUntil(unsigned long long)
                0x00000000c001e34e                nanoSleep(unsigned long long)
                0x00000000c001e363                sleep(unsigned long long)
                0x00000000c001e380                Semaphore::acquire()
                0x00000000c001e3e8                taskReturned
                0x00000000c001e416                unblockTask(ThreadControlBlock*)
                0x00000000c001e4c5                cleanupTerminatedTask(ThreadControlBlock*)
                0x00000000c001e790                cleanerTaskFunction(void*)
                0x00000000c001e843                terminateTask(int)
                0x00000000c001e923                Thr::terminateFromIRQ(int)
                0x00000000c001e930                Semaphore::release()
 .text          0x00000000c001ea1c      0xc26 vm86/vm8086.32
                0x00000000c001ea1c                Vm::inbv(unsigned short)
                0x00000000c001ea2f                Vm::outbv(unsigned short, unsigned char)
                0x00000000c001ea82                Vm::realToLinear(unsigned short, unsigned short)
                0x00000000c001ea92                Vm::getSegment(unsigned int)
                0x00000000c001ea9a                Vm::getOffset(unsigned int)
                0x00000000c001ea9f                Vm::mainloop2()
                0x00000000c001eada                Vm::mainVm8086Loop(void*)
                0x00000000c001eae7                Vm::mainloop3(unsigned long)
                0x00000000c001eb11                Vm::initialise8086()
                0x00000000c001eb54                Vm::finish8086()
                0x00000000c001eb99                Vm::getOutput8086(unsigned char*)
                0x00000000c001ebc3                Vm::start8086(char const*, unsigned short, unsigned short, unsigned short, unsigned short)
                0x00000000c001ed13                Vm::doISR(regs*, int, unsigned char*, unsigned short, unsigned short)
                0x00000000c001ed9d                Vm::readByteFromReal(unsigned short, unsigned short)
                0x00000000c001edae                Vm::readWordFromReal(unsigned short, unsigned short)
                0x00000000c001edc0                Vm::readDwordFromReal(unsigned short, unsigned short)
                0x00000000c001edd1                Vm::writeByteFromReal(unsigned short, unsigned short, unsigned char)
                0x00000000c001ede6                Vm::writeWordFromReal(unsigned short, unsigned short, unsigned short)
                0x00000000c001edfc                Vm::writeDwordFromReal(unsigned short, unsigned short, unsigned int)
                0x00000000c001ee11                Vm::faultHandler(regs*)
 .text          0x00000000c001f642      0xefd vm86/x87em.32
                0x00000000c001f642                Vm::fpuInternalTo32(unsigned long long)
                0x00000000c001f69d                Vm::fpuInternalTo64(unsigned long long)
                0x00000000c001f6a6                Vm::fpu32ToInternal(unsigned int)
                0x00000000c001f6eb                Vm::fpu64ToInternal(unsigned long long)
                0x00000000c001f6f4                Vm::fpuFloatToLong(unsigned long long)
                0x00000000c001f74f                Vm::fpuULongToFloat(unsigned long long)
                0x00000000c001f785                Vm::fpuLongToFloat(long long)
                0x00000000c001f7db                Vm::fpuGet0()
                0x00000000c001f7e0                Vm::fpuGet1()
                0x00000000c001f7e8                Vm::fpuGetPi()
                0x00000000c001f7f0                Vm::fpuGetLog2E()
                0x00000000c001f808                Vm::fpuGetLogE2()
                0x00000000c001f820                Vm::fpuGetLog210()
                0x00000000c001f838                Vm::fpuGetLog102()
                0x00000000c001f850                Vm::fpuIsSecondLarger(unsigned long long, unsigned long long)
                0x00000000c001f864                Vm::fpuAreEqual(unsigned long long, unsigned long long)
                0x00000000c001f87a                Vm::fpuUnorderedCompare(unsigned long long, unsigned long long)
                0x00000000c001f8cd                Vm::fpuAdd(unsigned long long, unsigned long long)
                0x00000000c001f8de                Vm::fpuAbs(unsigned long long)
                0x00000000c001f8e7                Vm::fpuChs(unsigned long long)
                0x00000000c001f8f7                Vm::fpuSub(unsigned long long, unsigned long long)
                0x00000000c001f906                Vm::fpuMultiply(unsigned long long, unsigned long long)
                0x00000000c001f925                Vm::fpuDivide(unsigned long long, unsigned long long)
                0x00000000c001f941                Vm::fpuSquare(unsigned long long)
                0x00000000c001f957                Vm::fpuGetReg(int)
                0x00000000c001f99a                Vm::fpuSetReg(int, unsigned long long)
                0x00000000c001f9e5                Vm::fpuPush(unsigned long long)
                0x00000000c001fa42                Vm::fpuPop()
                0x00000000c001fa94                Vm::x87Handler(regs*)
 *fill*         0x00000000c002053f        0x1 
 .text          0x00000000c0020540     0x10ed fs/fat/vfslink.32
                0x00000000c0020540                FAT::getName()
                0x00000000c0020546                FAT::tell(void*, unsigned long long*)
                0x00000000c002057a                FAT::stat(void*, unsigned long long*)
                0x00000000c00205ae                FAT::~FAT()
                0x00000000c00205ae                FAT::~FAT()
                0x00000000c00205d2                FAT::~FAT()
                0x00000000c00205fa                FAT::getlabel(LogicalDisk*, int, char*, unsigned int*)
                0x00000000c0020698                FAT::setlabel(LogicalDisk*, int, char*)
                0x00000000c0020752                FAT::format(LogicalDisk*, int, char const*, int)
                0x00000000c0020936                FAT::tryMount(LogicalDisk*, int)
                0x00000000c0020b3c                FAT::readDir(void*, unsigned long, void*, int*)
                0x00000000c0020c42                FAT::read(void*, unsigned long, void*, int*)
                0x00000000c0020c9c                FAT::write(void*, unsigned long, void*, int*)
                0x00000000c0020cf6                FAT::close(void*)
                0x00000000c0020d42                FAT::closeDir(void*)
                0x00000000c0020d8e                FAT::seek(void*, unsigned long long)
                0x00000000c0020de2                fatWrapperReadDisk
                0x00000000c0020e29                fatWrapperWriteDisk
                0x00000000c0020e70                fatWrapperIoctl
                0x00000000c0020f74                FAT::FAT()
                0x00000000c0020f74                FAT::FAT()
                0x00000000c0020fc6                FAT::fixFilepath(char*)
                0x00000000c0020ffe                FAT::open(char const*, void**, FileOpenMode)
                0x00000000c0021126                FAT::openDir(char const*, void**)
                0x00000000c00211cc                FAT::stat(char const*, unsigned long long*, bool*)
                0x00000000c00212b6                FAT::unlink(char const*)
                0x00000000c0021330                FAT::chfatattr(char const*, unsigned char, unsigned char)
                0x00000000c0021484                FAT::rename(char const*, char const*)
                0x00000000c0021548                FAT::mkdir(char const*)
                0x00000000c00215c2                FAT::exists(char const*)
 *fill*         0x00000000c002162d        0x1 
 .text          0x00000000c002162e      0xbc1 fs/iso9660/vfslink.32
                0x00000000c002162e                ISO9660::format(LogicalDisk*, int, char const*, int)
                0x00000000c0021634                ISO9660::seek(void*, unsigned long long)
                0x00000000c0021664                ISO9660::tell(void*, unsigned long long*)
                0x00000000c0021688                ISO9660::getName()
                0x00000000c002168e                ISO9660::stat(void*, unsigned long long*)
                0x00000000c00216b2                ISO9660::chfatattr(char const*, unsigned char, unsigned char)
                0x00000000c00216b8                ISO9660::unlink(char const*)
                0x00000000c00216be                ISO9660::write(void*, unsigned long, void*, int*)
                0x00000000c00216c4                ISO9660::rename(char const*, char const*)
                0x00000000c00216ca                ISO9660::mkdir(char const*)
                0x00000000c00216d0                ISO9660::close(void*)
                0x00000000c00216f2                ISO9660::closeDir(void*)
                0x00000000c0021714                ISO9660::~ISO9660()
                0x00000000c0021714                ISO9660::~ISO9660()
                0x00000000c0021738                ISO9660::~ISO9660()
                0x00000000c002175f                __memmem(unsigned char*, int, unsigned char*, int)
                0x00000000c00217a1                readSectorFromCDROM(unsigned int, unsigned char*, char)
                0x00000000c0021808                ISO9660::tryMount(LogicalDisk*, int)
                0x00000000c0021858                ISO9660::read(void*, unsigned long, void*, int*)
                0x00000000c0021a58                ISO9660::readDir(void*, unsigned long, void*, int*)
                0x00000000c0021ce5                readRoot(unsigned int*, unsigned int*, char)
                0x00000000c0021d3a                readRecursively(char*, unsigned int, unsigned int, unsigned int*, unsigned int*, char, int*)
                0x00000000c0021f0d                getFileData(char*, unsigned int*, unsigned int*, char, int*)
                0x00000000c0021f9c                ISO9660::open(char const*, void**, FileOpenMode)
                0x00000000c002205c                ISO9660::exists(char const*)
                0x00000000c0022080                ISO9660::stat(char const*, unsigned long long*, bool*)
                0x00000000c0022114                ISO9660::openDir(char const*, void**)
                0x00000000c00221cc                ISO9660::ISO9660()
                0x00000000c00221cc                ISO9660::ISO9660()
 *fill*         0x00000000c00221ef        0x1 
 .text          0x00000000c00221f0      0x326 hal/sound/sndchannel.32
                0x00000000c00221f0                SoundChannel::~SoundChannel()
                0x00000000c00221f0                SoundChannel::~SoundChannel()
                0x00000000c002220c                SoundChannel::setSpeed(float)
                0x00000000c0022218                SoundChannel::getSpeed()
                0x00000000c0022220                SoundChannel::setVolume(int)
                0x00000000c002223c                SoundChannel::getVolume()
                0x00000000c0022244                SoundChannel::pause()
                0x00000000c002224e                SoundChannel::SoundChannel(int, int, int, int)
                0x00000000c002224e                SoundChannel::SoundChannel(int, int, int, int)
                0x00000000c00223a4                SoundChannel::play()
                0x00000000c00223ae                SoundChannel::paused()
                0x00000000c00223b6                SoundChannel::getSampleRate()
                0x00000000c00223be                SoundChannel::getBits()
                0x00000000c00223c6                SoundChannel::getBufferUsed()
                0x00000000c00223ce                SoundChannel::getBufferSize()
                0x00000000c00223d6                SoundChannel::unbuffer(float*, int, int)
                0x00000000c0022476                SoundChannel::buffer8(unsigned char*, int)
 .text          0x00000000c0022516      0x3d5 hal/sound/sndhw.32
                0x00000000c0022516                SoundDevice::SoundDevice(char const*)
                0x00000000c0022516                SoundDevice::SoundDevice(char const*)
                0x00000000c0022582                SoundDevice::~SoundDevice()
                0x00000000c0022582                SoundDevice::~SoundDevice()
                0x00000000c00225fc                SoundDevice::~SoundDevice()
                0x00000000c0022626                SoundDevice::getFreeChannelNum()
                0x00000000c0022640                SoundDevice::addChannel(SoundChannel*)
                0x00000000c00226b0                SoundDevice::removeChannel(int)
                0x00000000c00226e2                SoundDevice::floatTo8(float*, unsigned char*, int)
                0x00000000c00227ca                SoundDevice::getAudio(int, float*, float*)
 .text          0x00000000c00228eb        0x0 hw/bus/isa.32
 *fill*         0x00000000c00228eb        0x1 
 .text          0x00000000c00228ec      0x6c3 hw/bus/pci.32
                0x00000000c00228ec                PCI::open(int, int, void*)
                0x00000000c0022900                PCI::close(int, int, void*)
                0x00000000c0022904                PCI::PCI()
                0x00000000c0022904                PCI::PCI()
                0x00000000c0022984                PCI::pciReadWord(unsigned char, unsigned char, unsigned char, unsigned char)
                0x00000000c00229cc                PCI::getVendorID(unsigned char, unsigned char, unsigned char)
                0x00000000c00229ee                PCI::getHeaderType(unsigned char, unsigned char, unsigned char)
                0x00000000c0022a12                PCI::getClassCode(unsigned char, unsigned char, unsigned char)
                0x00000000c0022a56                PCI::getProgIF(unsigned char, unsigned char, unsigned char)
                0x00000000c0022a7a                PCI::getRevisionID(unsigned char, unsigned char, unsigned char)
                0x00000000c0022a9c                PCI::getInterruptNumber(unsigned char, unsigned char, unsigned char)
                0x00000000c0022abe                PCI::getSecondaryBus(unsigned char, unsigned char, unsigned char)
                0x00000000c0022ae2                PCI::getBARAddress(unsigned char, unsigned char, unsigned char, unsigned char)
                0x00000000c0022b42                PCI::pciWriteWord(unsigned char, unsigned char, unsigned char, unsigned char, unsigned short)
                0x00000000c0022bae                PCI::checkBus(unsigned char)
                0x00000000c0022bd2                PCI::foundDevice(PCIDeviceInfo)
                0x00000000c0022d44                PCI::getDeviceData(unsigned char, unsigned char, unsigned char)
                0x00000000c0022ef0                PCI::checkDevice(unsigned char, unsigned char)
                0x00000000c0022f5c                PCI::detect()
 *fill*         0x00000000c0022faf        0x1 
 .text          0x00000000c0022fb0      0xc70 hw/diskctrl/ide.32
                0x00000000c0022fb0                IDE::close(int, int, void*)
                0x00000000c0022fb4                IDE::IDE()
                0x00000000c0022fb4                IDE::IDE()
                0x00000000c0022fe8                IDE::prepareInterrupt(unsigned char)
                0x00000000c0022ffa                selectDrive(unsigned char, unsigned char)
                0x00000000c0022ffc                IDE::getBase(unsigned char)
                0x00000000c002300e                IDE::write(unsigned char, unsigned char, unsigned char)
                0x00000000c00230ce                IDE::read(unsigned char, unsigned char)
                0x00000000c002317c                IDE::waitInterrupt(unsigned char)
                0x00000000c00231e2                ideChannel0IRQHandler(regs*, void*)
                0x00000000c00231fe                ideChannel1IRQHandler(regs*, void*)
                0x00000000c002321a                IDE::enableIRQs(unsigned char, bool)
                0x00000000c0023260                IDE::open(int, int, void*)
                0x00000000c0023670                IDE::readBuffer(unsigned char, unsigned char, unsigned int, unsigned int)
                0x00000000c002373c                IDE::detect()
                0x00000000c0023a24                IDE::printError(unsigned char, unsigned char, unsigned char)
                0x00000000c0023bba                IDE::polling(unsigned char, unsigned int)
 .text          0x00000000c0023c20      0x390 hw/diskctrl/satabus.32
                0x00000000c0023c20                SATABus::close(int, int, void*)
                0x00000000c0023c24                SATABus::detect()
                0x00000000c0023c26                SATABus::SATABus()
                0x00000000c0023c26                SATABus::SATABus()
                0x00000000c0023cd2                SATABus::findCmdslot(SATABus::tagHBA_PORT volatile*)
                0x00000000c0023d1a                SATABus::checkType(SATABus::tagHBA_PORT volatile*)
                0x00000000c0023d62                SATABus::startCmd(SATABus::tagHBA_PORT volatile*)
                0x00000000c0023d82                SATABus::stopCmd(SATABus::tagHBA_PORT volatile*)
                0x00000000c0023dac                SATABus::portRebase(SATABus::tagHBA_PORT volatile*, int)
                0x00000000c0023eb2                SATABus::probePort(SATABus::tagHBA_MEM volatile*)
                0x00000000c0023f90                SATABus::open(int, int, void*)
 .text          0x00000000c0023fb0      0x63c hw/diskphys/ata.32
                0x00000000c0023fb0                ATA::close(int, int, void*)
                0x00000000c0023fd4                ATA::powerSaving(PowerSavingLevel)
                0x00000000c0023fd6                ATA::ATA()
                0x00000000c0023fd6                ATA::ATA()
                0x00000000c0024004                ATA::flush(bool)
                0x00000000c002404e                ATA::readyForCommand()
                0x00000000c002409e                ATA::access(unsigned long long, int, void*, bool)
                0x00000000c0024426                ATA::read(unsigned long long, int, void*)
                0x00000000c002448e                ATA::write(unsigned long long, int, void*)
                0x00000000c00244f6                ATA::detectCHS()
                0x00000000c0024520                ATA::open(int, int, void*)
 .text          0x00000000c00245ec      0x5bd hw/diskphys/atapi.32
                0x00000000c00245ec                ATAPI::write(unsigned long long, int, void*)
                0x00000000c00245f2                ATAPI::close(int, int, void*)
                0x00000000c0024616                ATAPI::ATAPI()
                0x00000000c0024616                ATAPI::ATAPI()
                0x00000000c0024644                ATAPI::readyForCommand()
                0x00000000c0024694                ATAPI::sendPacket(unsigned char*, int, bool, unsigned short*, int)
                0x00000000c0024954                ATAPI::diskRemoved()
                0x00000000c0024970                ATAPI::eject()
                0x00000000c00249b8                ATAPI::diskInserted()
                0x00000000c00249e6                ATAPI::detectMedia()
                0x00000000c0024aa2                ATAPI::open(int, int, void*)
                0x00000000c0024b2a                ATAPI::read(unsigned long long, int, void*)
 *fill*         0x00000000c0024ba9        0x1 
 .text          0x00000000c0024baa      0x455 hw/diskphys/sata.32
                0x00000000c0024baa                SATA::close(int, int, void*)
                0x00000000c0024bce                SATA::powerSaving(PowerSavingLevel)
                0x00000000c0024bd0                SATA::open(int, int, void*)
                0x00000000c0024c7e                SATA::SATA()
                0x00000000c0024c7e                SATA::SATA()
                0x00000000c0024cac                SATA::access(unsigned long long, int, void*, bool)
                0x00000000c0024f12                SATA::read(unsigned long long, int, void*)
                0x00000000c0024f7a                SATA::write(unsigned long long, int, void*)
 *fill*         0x00000000c0024fff        0x1 
 .text          0x00000000c0025000      0x500 hw/diskphys/satapi.32
                0x00000000c0025000                SATAPI::write(unsigned long long, int, void*)
                0x00000000c0025006                SATAPI::close(int, int, void*)
                0x00000000c002502a                SATAPI::SATAPI()
                0x00000000c002502a                SATAPI::SATAPI()
                0x00000000c0025058                SATAPI::diskRemoved()
                0x00000000c0025074                SATAPI::diskInserted()
                0x00000000c00250a2                SATAPI::sendPacket(unsigned char*, int, unsigned long long, unsigned short*, int)
                0x00000000c00252a6                SATAPI::eject()
                0x00000000c00252ee                SATAPI::detectMedia()
                0x00000000c00253b0                SATAPI::open(int, int, void*)
                0x00000000c002545e                SATAPI::read(unsigned long long, int, void*)
 .text          0x00000000c0025500       0x8e hw/fpu/avx.32
                0x00000000c0025500                AVX::open(int, int, void*)
                0x00000000c0025512                AVX::close(int, int, void*)
                0x00000000c0025524                AVX::available()
                0x00000000c0025536                AVX::save(void*)
                0x00000000c002554e                AVX::load(void*)
                0x00000000c0025566                AVX::AVX()
                0x00000000c0025566                AVX::AVX()
 .text          0x00000000c002558e       0x90 hw/fpu/mmx.32
                0x00000000c002558e                MMX::available()
                0x00000000c00255a2                MMX::open(int, int, void*)
                0x00000000c00255b4                MMX::close(int, int, void*)
                0x00000000c00255c6                MMX::save(void*)
                0x00000000c00255de                MMX::load(void*)
                0x00000000c00255f6                MMX::MMX()
                0x00000000c00255f6                MMX::MMX()
 .text          0x00000000c002561e       0x96 hw/fpu/sse.32
                0x00000000c002561e                SSE::open(int, int, void*)
                0x00000000c0025630                SSE::close(int, int, void*)
                0x00000000c0025642                SSE::available()
                0x00000000c002565c                SSE::save(void*)
                0x00000000c0025674                SSE::load(void*)
                0x00000000c002568c                SSE::SSE()
                0x00000000c002568c                SSE::SSE()
 .text          0x00000000c00256b4       0x8e hw/fpu/x87.32
                0x00000000c00256b4                x87::open(int, int, void*)
                0x00000000c00256c6                x87::close(int, int, void*)
                0x00000000c00256d8                x87::available()
                0x00000000c00256ea                x87::save(void*)
                0x00000000c0025702                x87::load(void*)
                0x00000000c002571a                x87::x87()
                0x00000000c002571a                x87::x87()
 .text          0x00000000c0025742      0x71e hw/intctrl/apic.32
                0x00000000c0025742                APIC::disable()
                0x00000000c0025744                APIC::close(int, int, void*)
                0x00000000c0025766                IOAPIC::close(int, int, void*)
                0x00000000c002576c                APIC::io_wait()
                0x00000000c0025772                APIC::getBase()
                0x00000000c00257b4                APIC::eoi(unsigned char)
                0x00000000c00257e2                APIC::open(int, int, void*)
                0x00000000c0025930                IOAPIC::IOAPIC()
                0x00000000c0025930                IOAPIC::IOAPIC()
                0x00000000c0025958                APIC::APIC()
                0x00000000c0025958                APIC::APIC()
                0x00000000c0025a34                IOAPIC::handlesGSIWithNumber(unsigned int)
                0x00000000c0025a66                IOAPIC::read(int)
                0x00000000c0025a8e                IOAPIC::open(int, int, void*)
                0x00000000c0025b84                IOAPIC::write(int, int)
                0x00000000c0025bb0                IOAPIC::redirect(unsigned char, unsigned long long, unsigned char, bool, bool)
                0x00000000c0025caa                APIC::installIRQHandler(int, void (*)(regs*, void*), bool, void*)
 .text          0x00000000c0025e60      0x3d3 hw/intctrl/pic.32
                0x00000000c0025e60                PIC::disable()
                0x00000000c0025e8e                PIC::close(int, int, void*)
                0x00000000c0025eb0                PIC::PIC()
                0x00000000c0025eb0                PIC::PIC()
                0x00000000c0025f86                PIC::ioWait()
                0x00000000c0025f8c                PIC::getIRQReg(int)
                0x00000000c0025ff6                PIC::eoi(unsigned char)
                0x00000000c0026088                PIC::remap()
                0x00000000c00261f4                PIC::open(int, int, void*)
 *fill*         0x00000000c0026233        0x1 
 .text          0x00000000c0026234      0x25e hw/timer/apictimer.32
                0x00000000c0026234                APICTimer::close(int, int, void*)
                0x00000000c002623a                apicTimerHandler(regs*, void*)
                0x00000000c0026268                APICTimer::write(int)
                0x00000000c002636c                APICTimer::open(int, int, void*)
                0x00000000c002646a                APICTimer::APICTimer()
                0x00000000c002646a                APICTimer::APICTimer()
 .text          0x00000000c0026492      0x1a7 hw/timer/pit.32
                0x00000000c0026492                PIT::write(int)
                0x00000000c0026510                pitHandler(regs*, void*)
                0x00000000c002653c                PIT::open(int, int, void*)
                0x00000000c002658a                PIT::close(int, int, void*)
                0x00000000c00265ba                PIT::PIT()
                0x00000000c00265ba                PIT::PIT()
 *fill*         0x00000000c0026639        0x7 
 .text          0x00000000c0026640       0x1e hw/fpu/x86/avx.32
                0x00000000c0026640                avxDetect
                0x00000000c0026646                avxSave
                0x00000000c0026647                avxLoad
                0x00000000c0026648                avxInit
                0x00000000c0026649                avxClose
                0x00000000c002664a                wouldSheSayYes
 *fill*         0x00000000c002665e        0x2 
 .text          0x00000000c0026660       0x35 hw/fpu/x86/sse.32
                0x00000000c0026660                absolutelyNoChanceInHell
                0x00000000c0026660                sseDetect
                0x00000000c0026678                sseSave
                0x00000000c002667e                sseLoad
                0x00000000c0026684                sseInit
                0x00000000c0026694                sseClose
 *fill*         0x00000000c0026695        0xb 
 .text          0x00000000c00266a0       0x47 hw/fpu/x86/x87.32
                0x00000000c00266a6                x87Detect
                0x00000000c00266c1                x87Save
                0x00000000c00266c7                x87Load
                0x00000000c00266cc                x87Init
                0x00000000c00266e6                x87Close
 *fill*         0x00000000c00266e7        0x1 
 .text          0x00000000c00266e8       0x25 /cygdrive/d/Users/Alex/Desktop/Toolchain/Output/bin/../lib/gcc/i386-banana/8.1.0/crtend.o
 .text          0x00000000c002670d        0x0 crtn.32
 *fill*         0x00000000c002670d        0x3 
 .text          0x00000000c0026710      0x14b /cygdrive/d/Users/Alex/Desktop/Toolchain/Output/bin/../lib/gcc/i386-banana/8.1.0/libkgcc.a(_divdi3.o)
                0x00000000c0026710                __divdi3
 *fill*         0x00000000c002685b        0x1 
 .text          0x00000000c002685c      0x17e /cygdrive/d/Users/Alex/Desktop/Toolchain/Output/bin/../lib/gcc/i386-banana/8.1.0/libkgcc.a(_moddi3.o)
                0x00000000c002685c                __moddi3
 *fill*         0x00000000c00269da        0x2 
 .text          0x00000000c00269dc       0xff /cygdrive/d/Users/Alex/Desktop/Toolchain/Output/bin/../lib/gcc/i386-banana/8.1.0/libkgcc.a(_udivdi3.o)
                0x00000000c00269dc                __udivdi3
 *fill*         0x00000000c0026adb        0x1 
 .text          0x00000000c0026adc      0x11a /cygdrive/d/Users/Alex/Desktop/Toolchain/Output/bin/../lib/gcc/i386-banana/8.1.0/libkgcc.a(_umoddi3.o)
                0x00000000c0026adc                __umoddi3
 .text          0x00000000c0026bf6      0x96d D:/Users/Alex/Desktop/Banana/kernel/libsoftfp.a(sfieeelib.o)
                0x00000000c0026bf6                __addsf3
                0x00000000c0026ef8                __subsf3
                0x00000000c0026f0c                __negsf2
                0x00000000c0026f19                __mulsf3
                0x00000000c00270dc                __divsf3
                0x00000000c0027307                __floatsisf
                0x00000000c002737b                __floatunsisf
                0x00000000c00273bd                __fixsfsi
                0x00000000c002741f                __fixunssfsi
                0x00000000c0027450                __cmpsf2
                0x00000000c00274e5                __eqsf2