Archive member included to satisfy reference by file (symbol)

/cygdrive/d/Users/Alex/Desktop/Toolchain/Output/bin/../lib/gcc/i386-banana/8.1.0/libgcc.a(_divdi3.o)
                              fs/fat/ff.32 (__divdi3)
/cygdrive/d/Users/Alex/Desktop/Toolchain/Output/bin/../lib/gcc/i386-banana/8.1.0/libgcc.a(_moddi3.o)
                              thr/elf.32 (__moddi3)
/cygdrive/d/Users/Alex/Desktop/Toolchain/Output/bin/../lib/gcc/i386-banana/8.1.0/libgcc.a(_udivdi3.o)
                              fs/fat/ff.32 (__udivdi3)
/cygdrive/d/Users/Alex/Desktop/Toolchain/Output/bin/../lib/gcc/i386-banana/8.1.0/libgcc.a(_umoddi3.o)
                              core/pipe.32 (__umoddi3)
D:/Users/Alex/Desktop/Banana/kernel/libk/libm32.a(s_fabs.c.o)
                              hal/libresample/samplerate.32 (fabs)
D:/Users/Alex/Desktop/Banana/kernel/libk/libm32.a(s_lrint.S.o)
                              hal/libresample/samplerate.32 (lrint)
D:/Users/Alex/Desktop/Banana/kernel/libk/libm32.a(s_lrintf.S.o)
                              hal/sound/sndhw.32 (lrintf)

Discarded input sections

 .comment       0x0000000000000000       0x12 /cygdrive/d/Users/Alex/Desktop/Toolchain/Output/bin/../lib/gcc/i386-banana/8.1.0/crtbegin.o
 .comment       0x0000000000000000       0x12 acpica/utclib.32
 .comment       0x0000000000000000       0x12 core/malloc.32
 .comment       0x0000000000000000       0x12 libk/string.32
 .comment       0x0000000000000000       0x12 fs/fat/diskio.32
 .comment       0x0000000000000000       0x12 fs/fat/ff.32
 .comment       0x0000000000000000       0x12 fs/fat/ffsystem.32
 .comment       0x0000000000000000       0x12 fs/fat/ffunicode.32
 .comment       0x0000000000000000       0x12 hal/libresample/samplerate.32
 .comment       0x0000000000000000       0x12 hal/libresample/src_linear.32
 .comment       0x0000000000000000       0x12 hal/libresample/src_sinc.32
 .comment       0x0000000000000000       0x12 hal/libresample/src_zoh.32
 .group         0x0000000000000000       0x14 core/computer.32
 .group         0x0000000000000000        0xc core/computer.32
 .comment       0x0000000000000000       0x12 core/computer.32
 .comment       0x0000000000000000       0x12 core/gdt.32
 .group         0x0000000000000000        0xc core/idle.32
 .comment       0x0000000000000000       0x12 core/idle.32
 .comment       0x0000000000000000       0x12 core/idt.32
 .group         0x0000000000000000        0x8 core/kheap.32
 .group         0x0000000000000000        0x8 core/kheap.32
 .comment       0x0000000000000000       0x12 core/kheap.32
 .comment       0x0000000000000000       0x12 core/main.32
 .comment       0x0000000000000000       0x12 core/physmgr.32
 .group         0x0000000000000000        0xc core/pipe.32
 .comment       0x0000000000000000       0x12 core/pipe.32
 .group         0x0000000000000000        0xc core/terminal.32
 .comment       0x0000000000000000       0x12 core/terminal.32
 .group         0x0000000000000000        0x8 core/tss.32
 .text._ZN3CPU7readCR3Ev
                0x0000000000000000       0x12 core/tss.32
 .comment       0x0000000000000000       0x12 core/tss.32
 .group         0x0000000000000000        0x8 core/unixfile.32
 .group         0x0000000000000000        0xc core/unixfile.32
 .group         0x0000000000000000        0xc core/unixfile.32
 .group         0x0000000000000000        0x8 core/unixfile.32
 .group         0x0000000000000000        0xc core/unixfile.32
 .group         0x0000000000000000        0x8 core/unixfile.32
 .group         0x0000000000000000        0xc core/unixfile.32
 .group         0x0000000000000000        0xc core/unixfile.32
 .comment       0x0000000000000000       0x12 core/unixfile.32
 .group         0x0000000000000000        0x8 core/virtmgr.32
 .group         0x0000000000000000        0x8 core/virtmgr.32
 .text._ZN3CPU7readCR3Ev
                0x0000000000000000       0x12 core/virtmgr.32
 .text._ZN3CPU8writeCR3Em
                0x0000000000000000        0x9 core/virtmgr.32
 .comment       0x0000000000000000       0x12 core/virtmgr.32
 .comment       0x0000000000000000       0x12 coreobjs/c++.32
 .comment       0x0000000000000000       0x12 dbg/kconsole.32
 .group         0x0000000000000000        0xc fs/vfs.32
 .group         0x0000000000000000        0xc fs/vfs.32
 .group         0x0000000000000000        0xc fs/vfs.32
 .comment       0x0000000000000000       0x12 fs/vfs.32
 .group         0x0000000000000000        0xc hal/bus.32
 .comment       0x0000000000000000       0x12 hal/bus.32
 .group         0x0000000000000000        0xc hal/buzzer.32
 .comment       0x0000000000000000       0x12 hal/buzzer.32
 .group         0x0000000000000000        0xc hal/clock.32
 .comment       0x0000000000000000       0x12 hal/clock.32
 .group         0x0000000000000000       0x14 hal/device.32
 .group         0x0000000000000000        0xc hal/device.32
 .group         0x0000000000000000        0xc hal/device.32
[...]
Memory Configuration

Name             Origin             Length             Attributes
*default*        0x0000000000000000 0xffffffffffffffff

Linker script and memory map

LOAD D:/Users/Alex/Desktop/Banana/kernel/boot.32
LOAD crti.32
LOAD /cygdrive/d/Users/Alex/Desktop/Toolchain/Output/bin/../lib/gcc/i386-banana/8.1.0/crtbegin.o
LOAD D:/Users/Alex/Desktop/Banana/kernel/morenasm.32
LOAD acpica/utclib.32
LOAD core/malloc.32
LOAD libk/string.32
LOAD fs/fat/diskio.32
LOAD fs/fat/ff.32
LOAD fs/fat/ffsystem.32
LOAD fs/fat/ffunicode.32
LOAD hal/libresample/samplerate.32
LOAD hal/libresample/src_linear.32
LOAD hal/libresample/src_sinc.32
LOAD hal/libresample/src_zoh.32
LOAD core/computer.32
LOAD core/gdt.32
LOAD core/idle.32
LOAD core/idt.32
LOAD core/kheap.32
LOAD core/main.32
LOAD core/physmgr.32
LOAD core/pipe.32
LOAD core/terminal.32
LOAD core/tss.32
LOAD core/unixfile.32
LOAD core/virtmgr.32
LOAD coreobjs/c++.32
LOAD dbg/kconsole.32
LOAD fs/vfs.32
LOAD hal/bus.32
LOAD hal/buzzer.32
LOAD hal/clock.32
LOAD hal/device.32
LOAD hal/diskctrl.32
LOAD hal/diskphys.32
LOAD hal/fpu.32
LOAD hal/intctrl.32
LOAD hal/keybrd.32
LOAD hal/logidisk.32
LOAD hal/mouse.32
LOAD hal/partition.32
LOAD hal/timer.32
LOAD hal/vcache.32
LOAD hal/video.32
LOAD hw/acpi.32
LOAD hw/cpu.32
LOAD hw/ports.32
LOAD krnl/panic.32
LOAD reg/registry.32
LOAD sys/sc_exit.32
LOAD sys/sc_loaddll.32
LOAD sys/sc_read.32
LOAD sys/sc_sbrk.32
LOAD sys/sc_write.32
LOAD sys/sc_yield.32
LOAD sys/syscalls.32
LOAD thr/elf.32
LOAD thr/prcssthr.32
LOAD vm86/vm8086.32
LOAD fs/fat/vfslink.32
LOAD fs/iso9660/vfslink.32
LOAD hal/sound/sndchannel.32
LOAD hal/sound/sndhw.32
LOAD hw/bus/isa.32
LOAD hw/bus/pci.32
LOAD hw/diskctrl/ide.32
LOAD hw/diskphys/ata.32
LOAD hw/diskphys/atapi.32
LOAD hw/fpu/avx.32
LOAD hw/fpu/mmx.32
LOAD hw/fpu/sse.32
LOAD hw/fpu/x87.32
LOAD hw/intctrl/apic.32
LOAD hw/intctrl/pic.32
LOAD hw/timer/apictimer.32
LOAD hw/timer/pit.32
LOAD hw/fpu/x86/avx.32
LOAD hw/fpu/x86/sse.32
LOAD hw/fpu/x86/x87.32
LOAD /cygdrive/d/Users/Alex/Desktop/Toolchain/Output/bin/../lib/gcc/i386-banana/8.1.0/crtend.o
LOAD crtn.32
LOAD /cygdrive/d/Users/Alex/Desktop/Toolchain/Output/bin/../lib/gcc/i386-banana/8.1.0/libgcc.a
LOAD D:/Users/Alex/Desktop/Banana/kernel/libk/libm32.a
                0x00000000c0000000                . = 0xc0000000

.text           0x00000000c0000000    0x1e948
 *(.text)
 .text          0x00000000c0000000       0x41 D:/Users/Alex/Desktop/Banana/kernel/boot.32
                0x00000000c0000020                callGlobalConstructors
 .text          0x00000000c0000041        0x0 crti.32
 *fill*         0x00000000c0000041        0x3 
 .text          0x00000000c0000044      0x101 /cygdrive/d/Users/Alex/Desktop/Toolchain/Output/bin/../lib/gcc/i386-banana/8.1.0/crtbegin.o
 *fill*         0x00000000c0000145        0xb 
 .text          0x00000000c0000150      0x41f D:/Users/Alex/Desktop/Banana/kernel/morenasm.32
                0x00000000c0000150                doTPAUSE
                0x00000000c000015a                hasLegacyFPU
                0x00000000c000017f                is486
                0x00000000c00001b5                goToVM86
                0x00000000c00001e6                goToUsermode
                0x00000000c0000211                switchToThreadASMFirstTime
                0x00000000c000021f                switchToThreadASM
                0x00000000c00002bf                detectCPUID
                0x00000000c00002d5                asmQuickAcquireLock
                0x00000000c00002f3                asmQuickReleaseLock
                0x00000000c00002ff                asmAcquireLock
                0x00000000c0000320                asmReleaseLock
                0x00000000c0000333                loadGDT
                0x00000000c0000353                isr0
                0x00000000c0000363                isr1
                0x00000000c000036d                isr2
                0x00000000c0000377                isr3
                0x00000000c0000381                isr4
                0x00000000c000038b                isr5
                0x00000000c0000395                isr6
                0x00000000c000039f                isr7
                0x00000000c00003a9                isr8
                0x00000000c00003b1                isr9
                0x00000000c00003bb                isr10
                0x00000000c00003c3                isr11
                0x00000000c00003cb                isr12
                0x00000000c00003d3                isr13
                0x00000000c00003db                isr14
                0x00000000c00003e3                isr15
                0x00000000c00003ed                isr16
                0x00000000c00003f7                isr17
                0x00000000c0000401                isr18
                0x00000000c000040b                isr96
                0x00000000c0000415                irq0
                0x00000000c000041f                irq1
                0x00000000c0000429                irq2
                0x00000000c0000433                irq3
                0x00000000c000043d                irq4
                0x00000000c0000447                irq5
                0x00000000c0000451                irq6
                0x00000000c000045b                irq7
                0x00000000c0000465                irq8
                0x00000000c000046f                irq9
                0x00000000c0000479                irq10
                0x00000000c0000483                irq11
                0x00000000c000048d                irq12
                0x00000000c0000497                irq13
                0x00000000c00004a1                irq14
                0x00000000c00004ab                irq15
                0x00000000c00004b5                irq16
                0x00000000c00004bf                irq17
                0x00000000c00004c9                irq18
                0x00000000c00004d3                irq19
                0x00000000c00004dd                irq20
                0x00000000c00004e7                irq21
                0x00000000c00004f1                irq22
                0x00000000c00004fb                irq23
                0x00000000c0000505                int_common_stub
                0x00000000c0000535                syscall_common_stub
 .text          0x00000000c000056f      0x40f acpica/utclib.32
                0x00000000c000056f                memcmp
                0x00000000c000059a                memmove
                0x00000000c00005d2                memcpy
                0x00000000c0000608                memset
                0x00000000c0000625                strlen
                0x00000000c0000635                strpbrk
                0x00000000c0000658                strtok
                0x00000000c00006a7                strcpy
                0x00000000c00006c7                strncpy
                0x00000000c00006f8                strcmp
                0x00000000c0000719                strchr
                0x00000000c000072f                strncmp
                0x00000000c000075e                strcat
                0x00000000c0000785                strncat
                0x00000000c00007bf                strstr
                0x00000000c00007fc                toupper
                0x00000000c0000810                tolower
                0x00000000c0000824                simple_strtoul
 .text          0x00000000c000097e      0xfbf core/malloc.32
                0x00000000c0000ae9                dlfree
                0x00000000c0000e44                dlmalloc
                0x00000000c0001381                dlrealloc
                0x00000000c0001536                dlmemalign
                0x00000000c0001659                dlcalloc
                0x00000000c00016f3                dlcfree
                0x00000000c00016f8                dlindependent_calloc
                0x00000000c000171d                dlindependent_comalloc
                0x00000000c0001734                dlvalloc
                0x00000000c000175f                dlpvalloc
                0x00000000c0001795                dlmalloc_trim
                0x00000000c00017a2                dlmalloc_usable_size
                0x00000000c00017d3                dlmallinfo
                0x00000000c00018a2                dlmalloc_stats
                0x00000000c00018b3                dlmallopt
 .text          0x00000000c000193d        0x0 libk/string.32
 .text          0x00000000c000193d       0x51 fs/fat/diskio.32
                0x00000000c000193d                disk_status
                0x00000000c0001940                disk_initialize
                0x00000000c0001943                disk_read
                0x00000000c0001959                disk_write
                0x00000000c000196f                disk_ioctl
 .text          0x00000000c000198e     0x6833 fs/fat/ff.32
                0x00000000c0004c5c                f_mount
                0x00000000c0004cbe                f_open
                0x00000000c00050fa                f_read
                0x00000000c000537a                f_write
                0x00000000c0005634                f_sync
                0x00000000c0005810                f_close
                0x00000000c000583f                f_lseek
                0x00000000c0005cf6                f_opendir
                0x00000000c0005df8                f_closedir
                0x00000000c0005e1a                f_readdir
                0x00000000c0005eb5                f_stat
                0x00000000c0005f44                f_getfree
                0x00000000c000610f                f_truncate
                0x00000000c0006207                f_unlink
                0x00000000c000638a                f_mkdir
                0x00000000c00065b6                f_rename
                0x00000000c00068a9                f_chmod
                0x00000000c0006987                f_utime
                0x00000000c0006a65                f_getlabel
                0x00000000c0006c53                f_setlabel
                0x00000000c0006ec0                f_forward
                0x00000000c000709e                f_mkfs
 .text          0x00000000c00081c1       0x2d fs/fat/ffsystem.32
                0x00000000c00081c1                ff_memalloc
                0x00000000c00081d7                ff_memfree
 .text          0x00000000c00081ee      0x253 fs/fat/ffunicode.32
                0x00000000c00081ee                ff_uni2oem
                0x00000000c000827e                ff_oem2uni
                0x00000000c00082ea                ff_wtoupper
 .text          0x00000000c0008441      0x70e hal/libresample/samplerate.32
                0x00000000c00084c9                src_delete
                0x00000000c0008505                src_process
                0x00000000c000862d                src_callback_read
                0x00000000c000878e                src_set_ratio
                0x00000000c00087e5                src_get_channels
                0x00000000c0008807                src_reset
                0x00000000c000884b                src_new
                0x00000000c00088d9                src_callback_new
                0x00000000c000893b                src_get_name
                0x00000000c0008972                src_get_description
                0x00000000c00089a9                src_get_version
                0x00000000c00089af                src_is_valid_ratio
                0x00000000c00089c9                src_error
                0x00000000c00089d7                src_strerror
                0x00000000c00089ea                src_simple
                0x00000000c0008a3d                src_short_to_float_array
                0x00000000c0008a63                src_float_to_short_array
                0x00000000c0008ac7                src_int_to_float_array
                0x00000000c0008aed                src_float_to_int_array
 .text          0x00000000c0008b4f      0x3fd hal/libresample/src_linear.32
                0x00000000c0008ea7                linear_get_name
                0x00000000c0008eb6                linear_get_description
                0x00000000c0008ec5                linear_set_converter
 .text          0x00000000c0008f4c     0x1a3f hal/libresample/src_sinc.32
                0x00000000c000a8a2                sinc_get_name
                0x00000000c000a8b5                sinc_get_description
                0x00000000c000a8c8                sinc_set_converter
 .text          0x00000000c000a98b      0x3d3 hal/libresample/src_zoh.32
                0x00000000c000acb9                zoh_get_name
                0x00000000c000acc8                zoh_get_description
                0x00000000c000acd7                zoh_set_converter
 .text          0x00000000c000ad5e      0x695 core/computer.32
                0x00000000c000ad5e                Computer::close(int, int, void*)
                0x00000000c000ada2                Computer::Computer()
                0x00000000c000ada2                Computer::Computer()
                0x00000000c000aefe                Computer::setBootMessage(char const*)
                0x00000000c000af00                Computer::start()
                0x00000000c000afdc                firstTask()
                0x00000000c000afea                Computer::detectFeatures()
                0x00000000c000b1c4                Computer::displayFeatures()
                0x00000000c000b1c6                Computer::rdmsr(unsigned int)
                0x00000000c000b1f2                Computer::wrmsr(unsigned int, unsigned long long)
                0x00000000c000b22a                Computer::nmiEnabled()
                0x00000000c000b236                Computer::readCMOS(unsigned char)
                0x00000000c000b250                Computer::enableNMI(bool)
                0x00000000c000b268                Computer::open(int, int, void*)
                0x00000000c000b336                Computer::disableNMI()
                0x00000000c000b344                Computer::writeCMOS(unsigned char, unsigned char)
                0x00000000c000b362                Computer::handleNMI()
                0x00000000c000b3c8                Computer::setDiskActivityLight(int, bool)
 *fill*         0x00000000c000b3f3        0x1 
 .text          0x00000000c000b3f4      0x1b7 core/gdt.32
                0x00000000c000b3f4                GDTEntry::setBase(unsigned int)
                0x00000000c000b410                GDTEntry::setLimit(unsigned int)
                0x00000000c000b42e                GDT::GDT()
                0x00000000c000b42e                GDT::GDT()
                0x00000000c000b444                GDT::addEntry(GDTEntry)
                0x00000000c000b480                GDT::getNumberOfEntries()
                0x00000000c000b488                GDT::flush()
                0x00000000c000b4aa                GDT::setup()
 .text          0x00000000c000b5ab       0x61 core/idle.32
                0x00000000c000b5ab                idleFunction(void*)
 .text          0x00000000c000b60c      0x45f core/idt.32
                0x00000000c000b60c                IDTEntry::IDTEntry(bool)
                0x00000000c000b60c                IDTEntry::IDTEntry(bool)
                0x00000000c000b67a                IDTEntry::setOffset(unsigned int)
                0x00000000c000b68e                IDT::IDT()
                0x00000000c000b68e                IDT::IDT()
                0x00000000c000b690                IDT::getPointerToInvalidOpcodeEntryForF00F()
                0x00000000c000b698                IDT::addEntry(IDTEntry, int)
                0x00000000c000b6b2                IDT::addEntry(int, void (*)(), bool)
                0x00000000c000b6ea                IDT::flush()
                0x00000000c000b704                IDT::setup()
 .text          0x00000000c000ba6b      0x20d core/kheap.32
                0x00000000c000ba6b                sbrk
                0x00000000c000bb83                mmap
                0x00000000c000bb99                munmap
                0x00000000c000bbaf                liballoc_lock()
                0x00000000c000bbc0                liballoc_unlock()
                0x00000000c000bbd1                liballoc_alloc(int)
                0x00000000c000bbec                liballoc_free(void*, int)
                0x00000000c000bc0a                realloc
                0x00000000c000bc1e                malloc
                0x00000000c000bc2e                free
                0x00000000c000bc3e                rfree
                0x00000000c000bc4e                calloc
 .text          0x00000000c000bc78      0x38d core/main.32
                0x00000000c000bc78                hwTextMode_loadInData(VgaText*)
                0x00000000c000bcbd                hwTextMode_loadInTitle(VgaText*, char*)
                0x00000000c000bcff                hwTextMode_showCursor(VgaText*, bool)
                0x00000000c000bd53                hwTextMode_update(VgaText*)
                0x00000000c000bd54                hwTextMode_updateCursor(VgaText*)
                0x00000000c000bd9c                hwTextMode_disableBlink(VgaText*, bool)
                0x00000000c000bdd8                hwTextMode_scrollScreen(VgaText*)
                0x00000000c000be5e                hwTextMode_writeCharacter(VgaText*, char, VgaColour, VgaColour, int, int)
                0x00000000c000bebc                setupTextMode()
                0x00000000c000bf0d                kernel_main
 .text          0x00000000c000c005      0x46c core/physmgr.32
                0x00000000c000c005                Phys::allocateDMA(unsigned long)
                0x00000000c000c0a8                Phys::freeDMA(unsigned long, unsigned long)
                0x00000000c000c0f0                Phys::setPageState(unsigned long, bool)
                0x00000000c000c122                Phys::getPageState(unsigned long)
                0x00000000c000c13e                Phys::freePage(unsigned long)
                0x00000000c000c1c8                Phys::allocatePage()
                0x00000000c000c284                Phys::allowSegmentToBeUsed(unsigned long, unsigned long)
                0x00000000c000c2bc                Phys::physicalMemorySetup(unsigned int)
 *fill*         0x00000000c000c471        0x1 
 .text          0x00000000c000c472      0x273 core/pipe.32
                0x00000000c000c472                Pipe::isAtty()
                0x00000000c000c476                Pipe::~Pipe()
                0x00000000c000c476                Pipe::~Pipe()
                0x00000000c000c49a                Pipe::~Pipe()
                0x00000000c000c4c2                Pipe::read(unsigned long long, void*, int*)
                0x00000000c000c5b6                Pipe::write(unsigned long long, void*, int*)
                0x00000000c000c67e                Pipe::Pipe(int)
                0x00000000c000c67e                Pipe::Pipe(int)
 *fill*         0x00000000c000c6e5        0x1 
 .text          0x00000000c000c6e6      0xf65 core/terminal.32
                0x00000000c000c6e6                VgaText::isAtty()
                0x00000000c000c6ea                VgaText::~VgaText()
                0x00000000c000c6ea                VgaText::~VgaText()
                0x00000000c000c70e                VgaText::~VgaText()
                0x00000000c000c738                VgaText::read(unsigned long long, void*, int*)
                0x00000000c000c758                setTerminalScrollLock(bool)
                0x00000000c000c759                addToTerminalCycle(VgaText*)
                0x00000000c000c786                installVgaTextImplementation()
                0x00000000c000c79b                scrollTerminalScrollLock(int)
                0x00000000c000c79c                VgaText::load()
                0x00000000c000c7f0                VgaText::updateCursor()
                0x00000000c000c80a                VgaText::showCursor(bool)
                0x00000000c000c81a                VgaText::disableBlink(bool)
                0x00000000c000c854                VgaText::doANSI_SGR(int)
                0x00000000c000c8e0                VgaText::setDefaultBgColour(VgaColour)
                0x00000000c000c8f6                VgaText::setDefaultFgColour(VgaColour)
                0x00000000c000c90c                VgaText::setDefaultColours(VgaColour, VgaColour)
                0x00000000c000c92c                VgaText::combineColours(unsigned char, unsigned char)
                0x00000000c000c93e                VgaText::scrollScreen()
                0x00000000c000c9d2                VgaText::combineCharAndColour(char, unsigned char)
                0x00000000c000c9e4                VgaText::writeCharacter(char, VgaColour, VgaColour, int, int)
                0x00000000c000ca44                VgaText::getCursorX()
                0x00000000c000ca50                VgaText::getCursorY()
                0x00000000c000ca5c                VgaText::setCursor(int, int)
                0x00000000c000ca7a                VgaText::setCursorX(int)
                0x00000000c000ca96                VgaText::setCursorY(int)
                0x00000000c000cab2                VgaText::incrementCursor(bool)
                0x00000000c000cb1a                VgaText::updateRAMUsageDisplay(int)
                0x00000000c000cb74                VgaText::updateDiskUsage()
                0x00000000c000ccda                VgaText::updateTitle()
                0x00000000c000cd20                VgaText::setTitleTextColour(VgaColour)
                0x00000000c000cd30                VgaText::setTitleColour(VgaColour)
                0x00000000c000cd40                VgaText::setTitle(char*)
                0x00000000c000cd66                VgaText::decrementCursor(bool)
                0x00000000c000cd8e                VgaText::putchar(char, VgaColour, VgaColour)
                0x00000000c000ce8a                VgaText::isShowingCursor()
                0x00000000c000ce96                VgaText::isBlinkDisabled()
                0x00000000c000cea4                VgaText::setCursorHeight(int)
                0x00000000c000cec2                VgaText::getCursorHeight()
                0x00000000c000cecd                setActiveTerminal(VgaText*)
                0x00000000c000cf7f                doTerminalCycle()
                0x00000000c000cf9c                VgaText::doUpdate()
                0x00000000c000cfae                VgaText::puts(char const*, VgaColour, VgaColour)
                0x00000000c000d16e                VgaText::clearScreen()
                0x00000000c000d1d2                VgaText::putchar(char)
                0x00000000c000d2ec                VgaText::puts(char const*)
                0x00000000c000d312                VgaText::putx(unsigned int)
                0x00000000c000d358                VgaText::VgaText(char const*)
                0x00000000c000d358                VgaText::VgaText(char const*)
                0x00000000c000d4ea                VgaText::receiveKey(unsigned char)
                0x00000000c000d5d2                VgaText::write(unsigned long long, void*, int*)
                0x00000000c000d626                newTerminal(char*)
 *fill*         0x00000000c000d64b        0x1 
 .text          0x00000000c000d64c      0x18f core/tss.32
                0x00000000c000d64c                TSS::TSS()
                0x00000000c000d64c                TSS::TSS()
                0x00000000c000d65a                TSS::setESP(unsigned long)
                0x00000000c000d66c                TSS::flush()
                0x00000000c000d68c                TSS::setup(unsigned long, unsigned long)
 *fill*         0x00000000c000d7db        0x1 
 .text          0x00000000c000d7dc      0x4ee core/unixfile.32
                0x00000000c000d7dc                ReservedFilename::isAtty()
                0x00000000c000d7f8                ReservedFilename::read(unsigned long long, void*, int*)
                0x00000000c000d88e                ReservedFilename::write(unsigned long long, void*, int*)
                0x00000000c000d928                UnixFile::getFileDescriptor()
                0x00000000c000d930                UnixFile::UnixFile(int)
                0x00000000c000d930                UnixFile::UnixFile(int)
                0x00000000c000daa0                ReservedFilename::ReservedFilename(int)
                0x00000000c000daa0                ReservedFilename::ReservedFilename(int)
                0x00000000c000dac8                UnixFile::~UnixFile()
                0x00000000c000dac8                UnixFile::~UnixFile()
                0x00000000c000db60                UnixFile::~UnixFile()
                0x00000000c000db88                ReservedFilename::~ReservedFilename()
                0x00000000c000db88                ReservedFilename::~ReservedFilename()
                0x00000000c000dbac                ReservedFilename::~ReservedFilename()
                0x00000000c000dbd3                getFromFileDescriptor(int)
 .text          0x00000000c000dcca     0x1175 core/virtmgr.32
                0x00000000c000dcca                Virt::setPageState(unsigned long, Virt::VirtPageState)
                0x00000000c000dcff                Virt::getPageState(unsigned long)
                0x00000000c000dd23                Virt::allocateKernelVirtualPages(int)
                0x00000000c000de34                Virt::virtualMemorySetup()
                0x00000000c000deb3                Virt::getAKernelVAS()
                0x00000000c000deb9                Virt::setupPageSwapping(int)
                0x00000000c000dfde                VAS::VAS()
                0x00000000c000dfde                VAS::VAS()
                0x00000000c000e00e                VAS::getForeignPageTableEntry(bool, unsigned long)
                0x00000000c000e03a                VAS::getPageTableEntry(unsigned long)
                0x00000000c000e059                Virt::freeKernelVirtualPages(unsigned long)
                0x00000000c000e17c                VAS::freeAllocatedPages(unsigned long)
                0x00000000c000e1a0                VAS::virtualToPhysical(unsigned long)
                0x00000000c000e1b8                VAS::mapOtherVASIn(bool, VAS*)
                0x00000000c000e1ee                VAS::~VAS()
                0x00000000c000e1ee                VAS::~VAS()
                0x00000000c000e35a                VAS::mapPage(unsigned long, unsigned long, int)
                0x00000000c000e45a                VAS::allocatePages(int, int)
                0x00000000c000e62a                VAS::setCPUSpecific(unsigned long)
                0x00000000c000e646                VAS::mapRange(unsigned long, unsigned long, int, int)
                0x00000000c000e710                VAS::VAS(VAS*)
                0x00000000c000e710                VAS::VAS(VAS*)
                0x00000000c000ea5a                VAS::mapForeignPage(bool, VAS*, unsigned long, unsigned long, int)
                0x00000000c000eb48                VAS::VAS(bool)
                0x00000000c000eb48                VAS::VAS(bool)
                0x00000000c000ed78                mapVASFirstTime
 .text          0x00000000c000ee3f       0x93 coreobjs/c++.32
                0x00000000c000ee3f                __cxa_atexit
                0x00000000c000ee42                __cxa_finalize
                0x00000000c000ee43                __stack_chk_fail
                0x00000000c000eea3                __cxa_pure_virtual
                0x00000000c000eeb4                operator new(unsigned long)
                0x00000000c000eeb9                operator new[](unsigned long)
                0x00000000c000eebe                operator delete(void*)
                0x00000000c000eec3                operator delete(void*, unsigned long)
                0x00000000c000eec8                operator delete[](void*)
                0x00000000c000eecd                operator delete[](void*, unsigned long)
 .text          0x00000000c000eed2      0x1ef dbg/kconsole.32
                0x00000000c000eed2                Dbg::stringifyxWithBase(unsigned int, char*, int)
                0x00000000c000ef33                Dbg::logc(char)
                0x00000000c000ef4a                Dbg::logs(char*)
                0x00000000c000ef67                Dbg::logWriteInt(unsigned int)
                0x00000000c000ef84                Dbg::logWriteIntBase(unsigned int, int)
                0x00000000c000efa3                Dbg::kprintf(char const*, ...)
 *fill*         0x00000000c000f0c1        0x1 
 .text          0x00000000c000f0c2      0xb68 fs/vfs.32
                0x00000000c000f0c2                File::read(unsigned long long, void*, int*)
                0x00000000c000f11a                File::write(unsigned long long, void*, int*)
                0x00000000c000f172                Directory::read(unsigned long long, void*, int*)
                0x00000000c000f1ca                Directory::write(unsigned long long, void*, int*)
                0x00000000c000f1f8                File::isAtty()
                0x00000000c000f1fc                Directory::isAtty()
                0x00000000c000f200                Filesystem::getlabel(LogicalDisk*, int, char*, unsigned int*)
                0x00000000c000f206                Filesystem::setlabel(LogicalDisk*, int, char*)
                0x00000000c000f20c                File::~File()
                0x00000000c000f20c                File::~File()
                0x00000000c000f230                File::~File()
                0x00000000c000f25a                Directory::~Directory()
                0x00000000c000f25a                Directory::~Directory()
                0x00000000c000f27e                Directory::~Directory()
                0x00000000c000f2a8                Filesystem::Filesystem()
                0x00000000c000f2a8                Filesystem::Filesystem()
                0x00000000c000f2cc                Filesystem::~Filesystem()
                0x00000000c000f2cc                Filesystem::~Filesystem()
                0x00000000c000f2da                Filesystem::~Filesystem()
                0x00000000c000f2fe                initVFS()
                0x00000000c000f328                standardiseFiles(char*, char const*, char const*)
                0x00000000c000f4d2                File::File(char const*, Process*)
                0x00000000c000f4d2                File::File(char const*, Process*)
                0x00000000c000f536                File::open(FileOpenMode)
                0x00000000c000f594                File::close()
                0x00000000c000f5f4                File::seek(unsigned long long)
                0x00000000c000f64a                File::tell(unsigned long long*)
                0x00000000c000f69a                File::rewind()
                0x00000000c000f6ae                File::unlink()
                0x00000000c000f6fa                File::rename(char const*)
                0x00000000c000f748                File::chfatattr(unsigned char, unsigned char)
                0x00000000c000f7a4                File::exists()
                0x00000000c000f7e2                File::stat(unsigned long long*, bool*)
                0x00000000c000f843                getcwd(Process*, char*, int)
                0x00000000c000f86d                setcwd(Process*, char*)
                0x00000000c000f994                Directory::Directory(char const*, Process*)
                0x00000000c000f994                Directory::Directory(char const*, Process*)
                0x00000000c000f9f8                Directory::open()
                0x00000000c000fa54                Directory::close()
                0x00000000c000fab4                Directory::unlink()
                0x00000000c000fb00                Directory::rename(char const*)
                0x00000000c000fb4e                Directory::exists()
                0x00000000c000fb8c                Directory::read(dirent*)
                0x00000000c000fbd8                Directory::create()
                0x00000000c000fc24                Filesystem::chfatattr(char const*, unsigned char, unsigned char)
 .text          0x00000000c000fc2a       0x84 hal/bus.32
                0x00000000c000fc2a                Bus::Bus(char const*)
                0x00000000c000fc2a                Bus::Bus(char const*)
                0x00000000c000fc60                Bus::~Bus()
                0x00000000c000fc60                Bus::~Bus()
                0x00000000c000fc84                Bus::~Bus()
 .text          0x00000000c000fcae      0x14e hal/buzzer.32
                0x00000000c000fcae                Buzzer::Buzzer(char const*)
                0x00000000c000fcae                Buzzer::Buzzer(char const*)
                0x00000000c000fcf2                Buzzer::~Buzzer()
                0x00000000c000fcf2                Buzzer::~Buzzer()
                0x00000000c000fd16                Buzzer::~Buzzer()
                0x00000000c000fd40                Buzzer::stop()
                0x00000000c000fd53                beepThread(void*)
                0x00000000c000fd8e                Buzzer::beep(int, int, bool)
 .text          0x00000000c000fdfc      0x42f hal/clock.32
                0x00000000c000fdfc                loadClockSettings()
                0x00000000c000fe16                Clock::Clock(char const*)
                0x00000000c000fe16                Clock::Clock(char const*)
                0x00000000c000fe4c                Clock::~Clock()
                0x00000000c000fe4c                Clock::~Clock()
                0x00000000c000fe70                Clock::~Clock()
                0x00000000c000fe9a                Clock::timeInSecondsLocal()
                0x00000000c000fee2                Clock::setTimeInSecondsLocal(unsigned long long)
                0x00000000c000ff3b                datetimeToSeconds(datetime_t)
                0x00000000c0010062                Clock::setTimeInDatetimeLocal(datetime_t)
                0x00000000c00100c2                secondsToDatetime(unsigned long long)
                0x00000000c0010206                Clock::timeInDatetimeLocal()
 *fill*         0x00000000c001022b        0x1 
 .text          0x00000000c001022c      0x504 hal/device.32
                0x00000000c001022c                Device::hibernate()
                0x00000000c001022e                Device::wake()
                0x00000000c0010230                Device::detect()
                0x00000000c0010232                Device::disableLegacy()
                0x00000000c0010234                Device::powerSaving(PowerSavingLevel)
                0x00000000c0010236                DriverlessDevice::close(int, int, void*)
                0x00000000c001023a                DriverlessDevice::detect()
                0x00000000c001023c                DriverlessDevice::open(int, int, void*)
                0x00000000c0010250                Device::~Device()
                0x00000000c0010250                Device::~Device()
                0x00000000c001025e                Device::~Device()
                0x00000000c0010286                Device::findAndLoadDriver()
                0x00000000c0010288                Device::preOpenPCI(PCIDeviceInfo)
                0x00000000c00102ae                Device::preOpenACPI(void*, char*, char*)
                0x00000000c0010302                Device::addIRQHandler(int, void (*)(regs*, void*), bool, void*)
                0x00000000c0010360                Device::removeIRQHandler(int, void (*)(regs*, void*), bool)
                0x00000000c00103ae                Device::addChild(Device*)
                0x00000000c00103f2                Device::removeAllChildren()
                0x00000000c0010438                Device::hibernateAll()
                0x00000000c0010468                Device::wakeAll()
                0x00000000c0010498                Device::detectAll()
                0x00000000c00104c8                Device::disableLegacyAll()
                0x00000000c00104f8                Device::loadDriversForAll()
                0x00000000c0010524                Device::closeAll()
                0x00000000c001055a                Device::powerSavingAll(PowerSavingLevel)
                0x00000000c0010590                Device::setName(char const*)
                0x00000000c001059e                Device::Device(char const*)
                0x00000000c001059e                Device::Device(char const*)
                0x00000000c0010690                Device::getName()
                0x00000000c001069a                DriverlessDevice::DriverlessDevice(char const*)
                0x00000000c001069a                DriverlessDevice::DriverlessDevice(char const*)
                0x00000000c00106c2                Device::addToLinkedList(LinkedList<Device>&, DeviceType)
                0x00000000c0010706                getDevicesOfType(DeviceType)
 .text          0x00000000c0010730       0x84 hal/diskctrl.32
                0x00000000c0010730                HardDiskController::HardDiskController(char const*)
                0x00000000c0010730                HardDiskController::HardDiskController(char const*)
                0x00000000c0010766                HardDiskController::~HardDiskController()
                0x00000000c0010766                HardDiskController::~HardDiskController()
                0x00000000c001078a                HardDiskController::~HardDiskController()
 .text          0x00000000c00107b4       0xde hal/diskphys.32
                0x00000000c00107b4                PhysicalDisk::PhysicalDisk(char const*, int)
                0x00000000c00107b4                PhysicalDisk::PhysicalDisk(char const*, int)
                0x00000000c001081c                PhysicalDisk::startCache()
                0x00000000c0010844                PhysicalDisk::~PhysicalDisk()
                0x00000000c0010844                PhysicalDisk::~PhysicalDisk()
                0x00000000c0010868                PhysicalDisk::~PhysicalDisk()
 .text          0x00000000c0010892      0x142 hal/fpu.32
                0x00000000c0010892                FPU::FPU(char const*)
                0x00000000c0010892                FPU::FPU(char const*)
                0x00000000c00108c8                FPU::~FPU()
                0x00000000c00108c8                FPU::~FPU()
                0x00000000c00108ec                FPU::~FPU()
                0x00000000c0010916                setupFPU()
 .text          0x00000000c00109d4      0xc21 hal/intctrl.32
                0x00000000c00109d4                InterruptController::uninstallISRHandler(int, void (*)(regs*, void*))
                0x00000000c0010a0c                InterruptController::installISRHandler(int, void (*)(regs*, void*), void*)
                0x00000000c0010a5e                doubleFault(regs*, void*)
                0x00000000c0010a6c                InterruptController::installIRQHandler(int, void (*)(regs*, void*), bool, void*)
                0x00000000c0010b08                InterruptController::clearAllHandlers(int, bool)
                0x00000000c0010bb0                InterruptController::uninstallIRQHandler(int, void (*)(regs*, void*), bool)
                0x00000000c0010c37                nmiHandler(regs*, void*)
                0x00000000c0010c45                int_handler
                0x00000000c0010ce0                InterruptController::InterruptController(char const*)
                0x00000000c0010ce0                InterruptController::InterruptController(char const*)
                0x00000000c0010d86                InterruptController::~InterruptController()
                0x00000000c0010d86                InterruptController::~InterruptController()
                0x00000000c0010daa                InterruptController::~InterruptController()
                0x00000000c0010dd4                displayDebugInfo(regs*)
                0x00000000c00111eb                x87EmulHandler(regs*, void*)
                0x00000000c001124e                gpFault(regs*, void*)
                0x00000000c0011287                pgFault(regs*, void*)
                0x00000000c001129e                otherISRHandler(regs*, void*)
                0x00000000c00112bd                opcodeFault(regs*, void*)
                0x00000000c0011327                displayProgramFault(char const*)
                0x00000000c0011350                InterruptController::convertLegacyIRQNumber(int)
                0x00000000c001139a                setupInterruptController()
 *fill*         0x00000000c00115f5        0x1 
 .text          0x00000000c00115f6      0x608 hal/keybrd.32
                0x00000000c00115f6                startGUI(void*)
                0x00000000c0011668                sendKeyToTerminal(unsigned char)
                0x00000000c00116d4                sendKeyboardToken(KeyboardToken)
                0x00000000c0011aaf                clearInternalKeybuffer(VgaText*)
                0x00000000c0011ae4                readKeyboard(VgaText*, char*, unsigned long)
                0x00000000c0011b74                Keyboard::Keyboard(char const*)
                0x00000000c0011b74                Keyboard::Keyboard(char const*)
                0x00000000c0011bb0                Keyboard::~Keyboard()
                0x00000000c0011bb0                Keyboard::~Keyboard()
                0x00000000c0011bd4                Keyboard::~Keyboard()
 .text          0x00000000c0011bfe      0x400 hal/logidisk.32
                0x00000000c0011bfe                LogicalDisk::close(int, int, void*)
                0x00000000c0011c02                LogicalDisk::~LogicalDisk()
                0x00000000c0011c02                LogicalDisk::~LogicalDisk()
                0x00000000c0011c26                LogicalDisk::~LogicalDisk()
                0x00000000c0011c50                LogicalDisk::open(int, int, void*)
                0x00000000c0011c64                LogicalDisk::absoluteToRelative(unsigned long long)
                0x00000000c0011c9c                LogicalDisk::relativeToAbsolute(unsigned long long)
                0x00000000c0011ce2                LogicalDisk::LogicalDisk(char const*, PhysicalDisk*, unsigned long long, unsigned long long)
                0x00000000c0011ce2                LogicalDisk::LogicalDisk(char const*, PhysicalDisk*, unsigned long long, unsigned long long)
                0x00000000c0011d98                LogicalDisk::assignDriveLetter()
                0x00000000c0011e4e                LogicalDisk::mount()
                0x00000000c0011ec0                LogicalDisk::unmount()
                0x00000000c0011ed0                LogicalDisk::unassignDriveLetter()
                0x00000000c0011f26                LogicalDisk::read(unsigned long long, int, void*)
                0x00000000c0011f92                LogicalDisk::write(unsigned long long, int, void*)
 .text          0x00000000c0011ffe       0x84 hal/mouse.32
                0x00000000c0011ffe                Mouse::Mouse(char const*)
                0x00000000c0011ffe                Mouse::Mouse(char const*)
                0x00000000c0012034                Mouse::~Mouse()
                0x00000000c0012034                Mouse::~Mouse()
                0x00000000c0012058                Mouse::~Mouse()
 .text          0x00000000c0012082      0x339 hal/partition.32
                0x00000000c0012082                makePartition(PhysicalDisk*, unsigned long long, unsigned long long)
                0x00000000c001212a                createPartitionsForDisk(PhysicalDisk*)
 *fill*         0x00000000c00123bb        0x1 
 .text          0x00000000c00123bc      0x2e7 hal/timer.32
                0x00000000c00123bc                Timer::Timer(char const*)
                0x00000000c00123bc                Timer::Timer(char const*)
                0x00000000c00123f2                Timer::~Timer()
                0x00000000c00123f2                Timer::~Timer()
                0x00000000c0012416                Timer::~Timer()
                0x00000000c0012440                Timer::read()
                0x00000000c001244b                timerHandler(unsigned long long)
                0x00000000c0012582                setupTimer(int)
 *fill*         0x00000000c00126a3        0x1 
 .text          0x00000000c00126a4      0x2d1 hal/vcache.32
                0x00000000c00126a4                VCache::VCache(PhysicalDisk*)
                0x00000000c00126a4                VCache::VCache(PhysicalDisk*)
                0x00000000c0012794                VCache::writeWriteBuffer()
                0x00000000c00127d0                VCache::~VCache()
                0x00000000c00127d0                VCache::~VCache()
                0x00000000c0012810                VCache::~VCache()
                0x00000000c0012838                VCache::write(unsigned long long, int, void*)
                0x00000000c001291c                VCache::read(unsigned long long, int, void*)
 *fill*         0x00000000c0012975        0x1 
 .text          0x00000000c0012976      0x26d hal/video.32
                0x00000000c0012976                Video::putrect(int, int, int, int, unsigned int)
                0x00000000c00129c0                Video::blit(unsigned int*, int, int, int, int)
                0x00000000c0012a3e                Video::clearScreen(unsigned int)
                0x00000000c0012a72                Video::putpixel(int, int, unsigned int)
                0x00000000c0012a80                Video::Video(char const*)
                0x00000000c0012a80                Video::Video(char const*)
                0x00000000c0012ab6                Video::~Video()
                0x00000000c0012ab6                Video::~Video()
                0x00000000c0012ada                Video::~Video()
                0x00000000c0012b04                Video::isMonochrome()
                0x00000000c0012b10                Video::getWidth()
                0x00000000c0012b1c                Video::getHeight()
                0x00000000c0012b28                Video::drawCursor(int, int, unsigned char*, int)
 *fill*         0x00000000c0012be3        0x1 
 .text          0x00000000c0012be4      0xd28 hw/acpi.32
                0x00000000c0012be4                ACPI::close(int, int, void*)
                0x00000000c0012c99                findRSDP()
                0x00000000c0012d23                loadACPITables(unsigned char*)
                0x00000000c0012f4a                findRSDT(unsigned char*)
                0x00000000c0013068                findDataTable(unsigned char*, char*)
                0x00000000c0013104                scanMADT()
                0x00000000c0013498                ACPI::ACPI()
                0x00000000c0013498                ACPI::ACPI()
                0x00000000c00134f8                ACPI::getPCIIRQAssignment(unsigned char, unsigned short, unsigned char)
                0x00000000c00135da                ACPI::registerPCIIRQAssignment(void*, unsigned short, unsigned char, unsigned char)
                0x00000000c00136e0                ACPI::setScreenBrightnessLevel(void*, int)
                0x00000000c00136e6                ACPI::writeSimpleBootFlag(SimpleBootFlagTable*)
                0x00000000c001372e                ACPI::open(int, int, void*)
                0x00000000c00138f4                ACPI::sleep()
 .text          0x00000000c001390c     0x132c hw/cpu.32
                0x00000000c001390c                CPU::close(int, int, void*)
                0x00000000c001390f                lookupAMDCPUName(unsigned char, unsigned char)
                0x00000000c0013aa3                lookupIntelCPUName(unsigned char, unsigned char)
                0x00000000c0013d51                AMD_K6_write_msr(unsigned int, unsigned int, unsigned int, REGS*)
                0x00000000c0013d6d                AMD_K6_read_msr(unsigned int, REGS*)
                0x00000000c0013d85                AMD_K6_writeback(int, int, int)
                0x00000000c0013df8                cpuid(int, unsigned long*, unsigned long*, unsigned long*, unsigned long*)
                0x00000000c0013e7b                cpuidCheckEDX(unsigned int)
                0x00000000c0013ea8                cpuidCheckECX(unsigned int)
                0x00000000c0013ed5                cpuidCheckExtendedEBX(unsigned int)
                0x00000000c0013f02                cpuidCheckExtendedECX(unsigned int)
                0x00000000c0013f2f                getCPUNumber()
                0x00000000c0013f32                thisCPU()
                0x00000000c0013f46                CPU::CPU()
                0x00000000c0013f46                CPU::CPU()
                0x00000000c0013fd4                CPU::displayFeatures()
                0x00000000c0013fd6                CPU::detectFeatures()
                0x00000000c00149c8                CPU::setupSMEP()
                0x00000000c00149e2                CPU::setupUMIP()
                0x00000000c00149fa                CPU::setupTSC()
                0x00000000c0014a12                CPU::setupLargePages()
                0x00000000c0014a2a                CPU::setupPAT()
                0x00000000c0014a66                CPU::setupMTRR()
                0x00000000c0014a68                CPU::setupGlobalPages()
                0x00000000c0014a7e                CPU::allowUsermodeDataAccess()
                0x00000000c0014a90                CPU::prohibitUsermodeDataAccess()
                0x00000000c0014aa2                CPU::setupSMAP()
                0x00000000c0014ac8                CPU::setupFeatures()
                0x00000000c0014b6a                CPU::open(int, int, void*)
 .text          0x00000000c0014c38        0x0 hw/ports.32
 .text          0x00000000c0014c38      0x32c krnl/panic.32
                0x00000000c0014c38                Krnl::panic(char const*)
 .text          0x00000000c0014f64      0x503 reg/registry.32
                0x00000000c0014f64                Reg::findLineFromLoadedData(char*, char*, char*)
                0x00000000c00150bc                Reg::getLineFromRegistry(char*, char*, char*, char*)
                0x00000000c001521b                Reg::getLine(char*, char*, char*)
                0x00000000c0015252                Reg::readInt(char*, char*, int*)
                0x00000000c001533d                Reg::readString(char*, char*, char*, int)
                0x00000000c00153be                Reg::readBool(char*, char*, bool*)
                0x00000000c00153e3                Reg::readBoolWithDefault(char*, char*, bool)
                0x00000000c001540f                Reg::readIntWithDefault(char*, char*, int)
                0x00000000c001543b                Reg::readStringWithDefault(char*, char*, char*, int, char*)
 .text          0x00000000c0015467       0x18 sys/sc_exit.32
                0x00000000c0015467                Sys::exit(regs*)
 .text          0x00000000c001547f       0x95 sys/sc_loaddll.32
                0x00000000c001547f                Sys::loadDLL(regs*)
 .text          0x00000000c0015514       0x68 sys/sc_read.32
                0x00000000c0015514                Sys::read(regs*)
 .text          0x00000000c001557c       0x55 sys/sc_sbrk.32
                0x00000000c001557c                Sys::sbrk(regs*)
 .text          0x00000000c00155d1       0x75 sys/sc_write.32
                0x00000000c00155d1                Sys::write(regs*)
 .text          0x00000000c0015646       0x1a sys/sc_yield.32
                0x00000000c0015646                Sys::yield(regs*)
 .text          0x00000000c0015660      0xfde sys/syscalls.32
                0x00000000c0015660                sysCallGetPID(regs*)
                0x00000000c001566c                sysCallSeekDir(regs*)
                0x00000000c0015671                sysCallTellDir(regs*)
                0x00000000c0015676                sysCallVerify(regs*)
                0x00000000c0015680                sysCallGetArgc(regs*)
                0x00000000c0015690                sysFormatDisk(regs*)
                0x00000000c00156fa                sysSetDiskVolumeLabel(regs*)
                0x00000000c0015740                sysGetDiskVolumeLabel(regs*)
                0x00000000c0015791                sysShutdown(regs*)
                0x00000000c00157ef                sysCallGetCwd(regs*)
                0x00000000c001580e                sysCallSetCwd(regs*)
                0x00000000c001582a                sysCallRealpath(regs*)
                0x00000000c001586d                sysCallReadDir(regs*)
                0x00000000c00158fb                sysCallIsATTY(regs*)
                0x00000000c0015955                sysCallSeek(regs*)
                0x00000000c00159be                sysCallTell(regs*)
                0x00000000c0015a3b                sysCallSizeFromFilename(regs*)
                0x00000000c0015aec                sysCallSize(regs*)
                0x00000000c0015b6f                sysCallClose(regs*)
                0x00000000c0015bf7                sysCallOpenDir(regs*)
                0x00000000c0015c64                sysCallMakeDir(regs*)
                0x00000000c0015cbd                sysCallCloseDir(regs*)
                0x00000000c0015d23                sysCallWait(regs*)
                0x00000000c0015d3d                sysCallFork(regs*)
                0x00000000c0015d59                sysCallExecve(regs*)
                0x00000000c0015dae                sysCallRmdir(regs*)
                0x00000000c0015e00                sysCallUnlink(regs*)
                0x00000000c0015e52                sysCallGetArgv(regs*)
                0x00000000c0015e9e                sysCallTTYName(regs*)
                0x00000000c0015f21                sysCallGetEnv(regs*)
                0x00000000c0015f73                sysCallUSleep(regs*)
                0x00000000c0015f9a                sysCallSpawn(regs*)
                0x00000000c001600a                sysAppSettings(regs*)
                0x00000000c0016129                sysSetFatAttrib(regs*)
                0x00000000c0016189                sysPanic(regs*)
                0x00000000c00161af                sysPipe(regs*)
                0x00000000c00161f4                sysGetUnixTime(regs*)
                0x00000000c0016208                string_ends_with(char const*, char const*)
                0x00000000c0016250                sysCallOpen(regs*)
                0x00000000c0016443                setupSystemCalls()
                0x00000000c00165fc                systemCall(regs*, void*)
 .text          0x00000000c001663e     0x1137 thr/elf.32
                0x00000000c001663e                Thr::allocateMemoryForTask(Process*, File*, unsigned long, unsigned long, unsigned long)
                0x00000000c00168bb                Thr::loadProgramIntoMemory(Process*, char const*)
                0x00000000c0016ad1                Thr::runtimeReferenceHelper()
                0x00000000c0016ae4                Thr::getAddressOfKernelSymbol(char const*)
                0x00000000c0016b33                Thr::loadKernelSymbolTable(char const*)
                0x00000000c0016df4                Thr::loadDriverIntoMemory(char const*, unsigned long, bool)
                0x00000000c0017575                Thr::getDriverBaseFromAddress(unsigned long)
                0x00000000c00175a7                Thr::getDriverNameFromAddress(unsigned long)
                0x00000000c00175de                Thr::getDriverOffsetFromAddress(unsigned long)
                0x00000000c00175f8                Thr::loadDLL(char const*, bool)
                0x00000000c001774b                Thr::executeDLL(unsigned long, void*)
 *fill*         0x00000000c0017775        0x1 
 .text          0x00000000c0017776     0x11c2 thr/prcssthr.32
                0x00000000c0017776                changeTSS
                0x00000000c00177a4                Process::addArgs(char**)
                0x00000000c00177fe                Process::Process(char const*, Process*, char**)
                0x00000000c00177fe                Process::Process(char const*, Process*, char**)
                0x00000000c00179b6                Process::Process(bool, char const*, Process*, char**)
                0x00000000c00179b6                Process::Process(bool, char const*, Process*, char**)
                0x00000000c0017b39                disableIRQs()
                0x00000000c0017b41                getIRQNestingLevel()
                0x00000000c0017b47                enableIRQs()
                0x00000000c0017b56                lockScheduler()
                0x00000000c0017b58                unlockScheduler()
                0x00000000c0017b5a                userModeEntryPoint(void*)
                0x00000000c0017b7d                lockStuff()
                0x00000000c0017b89                taskStartupFunction
                0x00000000c0017b92                updateTimeUsed()
                0x00000000c0017bf0                switchToThread(ThreadControlBlock*)
                0x00000000c0017c40                Semaphore::Semaphore(int)
                0x00000000c0017c40                Semaphore::Semaphore(int)
                0x00000000c0017c6e                Mutex::Mutex()
                0x00000000c0017c6e                Mutex::Mutex()
                0x00000000c0017c80                Process::createThread(void (*)(void*), void*, int)
                0x00000000c0017d64                Process::createUserThread()
                0x00000000c0017d80                setupMultitasking(void (*)())
                0x00000000c0017e8a                schedule()
                0x00000000c0017f0f                unlockStuff()
                0x00000000c0017f44                forkProcess(regs*)
                0x00000000c00180b2                Semaphore::tryAcquire()
                0x00000000c00180e0                Semaphore::assertLocked(char const*)
                0x00000000c0018113                blockTaskWithSchedulerLockAlreadyHeld(TaskState)
                0x00000000c0018155                blockTask(TaskState)
                0x00000000c0018176                waitTask(int, int*, int)
                0x00000000c00181b8                nanoSleepUntil(unsigned long long)
                0x00000000c001820f                nanoSleep(unsigned long long)
                0x00000000c0018224                sleep(unsigned long long)
                0x00000000c0018242                Semaphore::acquire()
                0x00000000c00182aa                execveProcess(char const*, char* const*, char* const*)
                0x00000000c0018338                taskReturned
                0x00000000c0018366                unblockTask(ThreadControlBlock*)
                0x00000000c0018415                cleanupTerminatedTask(ThreadControlBlock*)
                0x00000000c00186b9                cleanerTaskFunction(void*)
                0x00000000c001876c                terminateTask(int)
                0x00000000c0018840                Thr::terminateFromIRQ(int)
                0x00000000c001884c                Semaphore::release()
 .text          0x00000000c0018938      0x8bf vm86/vm8086.32
                0x00000000c0018938                Vm::vm8086EntryPoint(void*)
                0x00000000c0018963                Vm::inbv(unsigned short)
                0x00000000c0018969                Vm::outbv(unsigned short, unsigned char)
                0x00000000c0018973                Vm::realToLinear(unsigned short, unsigned short)
                0x00000000c0018983                Vm::getSegment(unsigned int)
                0x00000000c001898b                Vm::getOffset(unsigned int)
                0x00000000c0018990                Vm::loadFileAsThread(Process*, char const*, unsigned short, unsigned short, unsigned short, unsigned short)
                0x00000000c0018abf                Vm::doISR(regs*, int, unsigned char*, unsigned short, unsigned short)
                0x00000000c0018b49                Vm::readByteFromReal(unsigned short, unsigned short)
                0x00000000c0018b5a                Vm::readWordFromReal(unsigned short, unsigned short)
                0x00000000c0018b6c                Vm::readDwordFromReal(unsigned short, unsigned short)
                0x00000000c0018b7d                Vm::writeByteFromReal(unsigned short, unsigned short, unsigned char)
                0x00000000c0018b92                Vm::writeWordFromReal(unsigned short, unsigned short, unsigned short)
                0x00000000c0018ba8                Vm::writeDwordFromReal(unsigned short, unsigned short, unsigned int)
                0x00000000c0018bbd                Vm::faultHandler(regs*)
 *fill*         0x00000000c00191f7        0x1 
 .text          0x00000000c00191f8     0x10ed fs/fat/vfslink.32
                0x00000000c00191f8                FAT::getName()
                0x00000000c00191fe                FAT::tell(void*, unsigned long long*)
                0x00000000c0019232                FAT::stat(void*, unsigned long long*)
                0x00000000c0019266                FAT::~FAT()
                0x00000000c0019266                FAT::~FAT()
                0x00000000c001928a                FAT::~FAT()
                0x00000000c00192b2                FAT::getlabel(LogicalDisk*, int, char*, unsigned int*)
                0x00000000c0019350                FAT::setlabel(LogicalDisk*, int, char*)
                0x00000000c001940a                FAT::format(LogicalDisk*, int, char const*, int)
                0x00000000c00195ee                FAT::tryMount(LogicalDisk*, int)
                0x00000000c00197f4                FAT::readDir(void*, unsigned long, void*, int*)
                0x00000000c00198fa                FAT::read(void*, unsigned long, void*, int*)
                0x00000000c0019954                FAT::write(void*, unsigned long, void*, int*)
                0x00000000c00199ae                FAT::close(void*)
                0x00000000c00199fa                FAT::closeDir(void*)
                0x00000000c0019a46                FAT::seek(void*, unsigned long long)
                0x00000000c0019a9a                fatWrapperReadDisk
                0x00000000c0019ae1                fatWrapperWriteDisk
                0x00000000c0019b28                fatWrapperIoctl
                0x00000000c0019c2c                FAT::FAT()
                0x00000000c0019c2c                FAT::FAT()
                0x00000000c0019c7e                FAT::fixFilepath(char*)
                0x00000000c0019cb6                FAT::open(char const*, void**, FileOpenMode)
                0x00000000c0019dde                FAT::openDir(char const*, void**)
                0x00000000c0019e84                FAT::stat(char const*, unsigned long long*, bool*)
                0x00000000c0019f6e                FAT::unlink(char const*)
                0x00000000c0019fe8                FAT::chfatattr(char const*, unsigned char, unsigned char)
                0x00000000c001a13c                FAT::rename(char const*, char const*)
                0x00000000c001a200                FAT::mkdir(char const*)
                0x00000000c001a27a                FAT::exists(char const*)
 *fill*         0x00000000c001a2e5        0x1 
 .text          0x00000000c001a2e6      0xbdf fs/iso9660/vfslink.32
                0x00000000c001a2e6                ISO9660::format(LogicalDisk*, int, char const*, int)
                0x00000000c001a2ec                ISO9660::seek(void*, unsigned long long)
                0x00000000c001a31c                ISO9660::tell(void*, unsigned long long*)
                0x00000000c001a340                ISO9660::getName()
                0x00000000c001a346                ISO9660::stat(void*, unsigned long long*)
                0x00000000c001a36a                ISO9660::chfatattr(char const*, unsigned char, unsigned char)
                0x00000000c001a370                ISO9660::unlink(char const*)
                0x00000000c001a376                ISO9660::write(void*, unsigned long, void*, int*)
                0x00000000c001a37c                ISO9660::rename(char const*, char const*)
                0x00000000c001a382                ISO9660::mkdir(char const*)
                0x00000000c001a388                ISO9660::close(void*)
                0x00000000c001a3aa                ISO9660::closeDir(void*)
                0x00000000c001a3cc                ISO9660::~ISO9660()
                0x00000000c001a3cc                ISO9660::~ISO9660()
                0x00000000c001a3f0                ISO9660::~ISO9660()
                0x00000000c001a417                __memmem(unsigned char*, int, unsigned char*, int)
                0x00000000c001a459                readSectorFromCDROM(unsigned int, unsigned char*, char)
                0x00000000c001a4c0                ISO9660::tryMount(LogicalDisk*, int)
                0x00000000c001a510                ISO9660::read(void*, unsigned long, void*, int*)
                0x00000000c001a754                ISO9660::readDir(void*, unsigned long, void*, int*)
                0x00000000c001a9e1                readRoot(unsigned int*, unsigned int*, char)
                0x00000000c001aa36                readRecursively(char*, unsigned int, unsigned int, unsigned int*, unsigned int*, char, int*)
                0x00000000c001ac09                getFileData(char*, unsigned int*, unsigned int*, char, int*)
                0x00000000c001ac98                ISO9660::open(char const*, void**, FileOpenMode)
                0x00000000c001ad32                ISO9660::exists(char const*)
                0x00000000c001ad56                ISO9660::stat(char const*, unsigned long long*, bool*)
                0x00000000c001adea                ISO9660::openDir(char const*, void**)
                0x00000000c001aea2                ISO9660::ISO9660()
                0x00000000c001aea2                ISO9660::ISO9660()
 *fill*         0x00000000c001aec5        0x1 
 .text          0x00000000c001aec6      0x244 hal/sound/sndchannel.32
                0x00000000c001aec6                SoundChannel::~SoundChannel()
                0x00000000c001aec6                SoundChannel::~SoundChannel()
                0x00000000c001aee2                SoundChannel::setSpeed(float)
                0x00000000c001aeee                SoundChannel::getSpeed()
                0x00000000c001aef6                SoundChannel::setVolume(int)
                0x00000000c001af12                SoundChannel::getVolume()
                0x00000000c001af1a                SoundChannel::pause()
                0x00000000c001af24                SoundChannel::SoundChannel(int, int, int, int)
                0x00000000c001af24                SoundChannel::SoundChannel(int, int, int, int)
                0x00000000c001b01a                SoundChannel::play()
                0x00000000c001b024                SoundChannel::paused()
                0x00000000c001b02c                SoundChannel::getSampleRate()
                0x00000000c001b034                SoundChannel::getBits()
                0x00000000c001b03c                SoundChannel::getBufferUsed()
                0x00000000c001b044                SoundChannel::getBufferSize()
                0x00000000c001b04c                SoundChannel::unbuffer(float*, int, int)
                0x00000000c001b0be                SoundChannel::buffer8(unsigned char*, int)
 .text          0x00000000c001b10a      0x317 hal/sound/sndhw.32
                0x00000000c001b10a                SoundDevice::SoundDevice(char const*)
                0x00000000c001b10a                SoundDevice::SoundDevice(char const*)
                0x00000000c001b176                SoundDevice::~SoundDevice()
                0x00000000c001b176                SoundDevice::~SoundDevice()
                0x00000000c001b1f0                SoundDevice::~SoundDevice()
                0x00000000c001b21a                SoundDevice::getFreeChannelNum()
                0x00000000c001b234                SoundDevice::addChannel(SoundChannel*)
                0x00000000c001b2a4                SoundDevice::removeChannel(int)
                0x00000000c001b2d6                SoundDevice::floatTo8(float*, unsigned char*, int)
                0x00000000c001b342                SoundDevice::getAudio(int, float*, float*)
 .text          0x00000000c001b421        0x0 hw/bus/isa.32
 *fill*         0x00000000c001b421        0x1 
 .text          0x00000000c001b422      0x6e5 hw/bus/pci.32
                0x00000000c001b422                PCI::open(int, int, void*)
                0x00000000c001b436                PCI::close(int, int, void*)
                0x00000000c001b43a                PCI::PCI()
                0x00000000c001b43a                PCI::PCI()
                0x00000000c001b4ba                PCI::pciReadWord(unsigned char, unsigned char, unsigned char, unsigned char)
                0x00000000c001b502                PCI::getVendorID(unsigned char, unsigned char, unsigned char)
                0x00000000c001b524                PCI::getHeaderType(unsigned char, unsigned char, unsigned char)
                0x00000000c001b548                PCI::getClassCode(unsigned char, unsigned char, unsigned char)
                0x00000000c001b58c                PCI::getProgIF(unsigned char, unsigned char, unsigned char)
                0x00000000c001b5b0                PCI::getRevisionID(unsigned char, unsigned char, unsigned char)
                0x00000000c001b5d2                PCI::getInterruptNumber(unsigned char, unsigned char, unsigned char)
                0x00000000c001b5f4                PCI::getSecondaryBus(unsigned char, unsigned char, unsigned char)
                0x00000000c001b618                PCI::getBARAddress(unsigned char, unsigned char, unsigned char, unsigned char)
                0x00000000c001b678                PCI::pciWriteWord(unsigned char, unsigned char, unsigned char, unsigned char, unsigned short)
                0x00000000c001b6e4                PCI::checkBus(unsigned char)
                0x00000000c001b708                PCI::foundDevice(PCIDeviceInfo)
                0x00000000c001b878                PCI::getDeviceData(unsigned char, unsigned char, unsigned char)
                0x00000000c001ba48                PCI::checkDevice(unsigned char, unsigned char)
                0x00000000c001bab4                PCI::detect()
 *fill*         0x00000000c001bb07        0x1 
 .text          0x00000000c001bb08      0xc70 hw/diskctrl/ide.32
                0x00000000c001bb08                IDE::close(int, int, void*)
                0x00000000c001bb0c                IDE::IDE()
                0x00000000c001bb0c                IDE::IDE()
                0x00000000c001bb40                IDE::prepareInterrupt(unsigned char)
                0x00000000c001bb52                selectDrive(unsigned char, unsigned char)
                0x00000000c001bb54                IDE::getBase(unsigned char)
                0x00000000c001bb66                IDE::write(unsigned char, unsigned char, unsigned char)
                0x00000000c001bc26                IDE::read(unsigned char, unsigned char)
                0x00000000c001bcd4                IDE::waitInterrupt(unsigned char)
                0x00000000c001bd3a                ideChannel0IRQHandler(regs*, void*)
                0x00000000c001bd56                ideChannel1IRQHandler(regs*, void*)
                0x00000000c001bd72                IDE::enableIRQs(unsigned char, bool)
                0x00000000c001bdb8                IDE::open(int, int, void*)
                0x00000000c001c1c8                IDE::readBuffer(unsigned char, unsigned char, unsigned int, unsigned int)
                0x00000000c001c294                IDE::detect()
                0x00000000c001c57c                IDE::printError(unsigned char, unsigned char, unsigned char)
                0x00000000c001c712                IDE::polling(unsigned char, unsigned int)
 .text          0x00000000c001c778      0x62b hw/diskphys/ata.32
                0x00000000c001c778                ATA::close(int, int, void*)
                0x00000000c001c79c                ATA::powerSaving(PowerSavingLevel)
                0x00000000c001c79e                ATA::ATA()
                0x00000000c001c79e                ATA::ATA()
                0x00000000c001c7cc                ATA::flush(bool)
                0x00000000c001c816                ATA::readyForCommand()
                0x00000000c001c866                ATA::access(unsigned long long, int, void*, bool)
                0x00000000c001cbe4                ATA::read(unsigned long long, int, void*)
                0x00000000c001cc4c                ATA::write(unsigned long long, int, void*)
                0x00000000c001ccb4                ATA::detectCHS()
                0x00000000c001ccde                ATA::open(int, int, void*)
 *fill*         0x00000000c001cda3        0x1 
 .text          0x00000000c001cda4      0x5b3 hw/diskphys/atapi.32
                0x00000000c001cda4                ATAPI::write(unsigned long long, int, void*)
                0x00000000c001cdaa                ATAPI::close(int, int, void*)
                0x00000000c001cdce                ATAPI::ATAPI()
                0x00000000c001cdce                ATAPI::ATAPI()
                0x00000000c001cdfc                ATAPI::readyForCommand()
                0x00000000c001ce4c                ATAPI::sendPacket(unsigned char*, int, bool, unsigned short*, int)
                0x00000000c001d10c                ATAPI::diskRemoved()
                0x00000000c001d128                ATAPI::eject()
                0x00000000c001d16e                ATAPI::diskInserted()
                0x00000000c001d19c                ATAPI::detectMedia()
                0x00000000c001d258                ATAPI::open(int, int, void*)
                0x00000000c001d2d8                ATAPI::read(unsigned long long, int, void*)
 *fill*         0x00000000c001d357        0x1 
 .text          0x00000000c001d358       0x8e hw/fpu/avx.32
                0x00000000c001d358                AVX::open(int, int, void*)
                0x00000000c001d36a                AVX::close(int, int, void*)
                0x00000000c001d37c                AVX::available()
                0x00000000c001d38e                AVX::save(void*)
                0x00000000c001d3a6                AVX::load(void*)
                0x00000000c001d3be                AVX::AVX()
                0x00000000c001d3be                AVX::AVX()
 .text          0x00000000c001d3e6       0x90 hw/fpu/mmx.32
                0x00000000c001d3e6                MMX::available()
                0x00000000c001d3fa                MMX::open(int, int, void*)
                0x00000000c001d40c                MMX::close(int, int, void*)
                0x00000000c001d41e                MMX::save(void*)
                0x00000000c001d436                MMX::load(void*)
                0x00000000c001d44e                MMX::MMX()
                0x00000000c001d44e                MMX::MMX()
 .text          0x00000000c001d476       0x96 hw/fpu/sse.32
                0x00000000c001d476                SSE::open(int, int, void*)
                0x00000000c001d488                SSE::close(int, int, void*)
                0x00000000c001d49a                SSE::available()
                0x00000000c001d4b4                SSE::save(void*)
                0x00000000c001d4cc                SSE::load(void*)
                0x00000000c001d4e4                SSE::SSE()
                0x00000000c001d4e4                SSE::SSE()
 .text          0x00000000c001d50c       0x8e hw/fpu/x87.32
                0x00000000c001d50c                x87::open(int, int, void*)
                0x00000000c001d51e                x87::close(int, int, void*)
                0x00000000c001d530                x87::available()
                0x00000000c001d542                x87::save(void*)
                0x00000000c001d55a                x87::load(void*)
                0x00000000c001d572                x87::x87()
                0x00000000c001d572                x87::x87()
 .text          0x00000000c001d59a      0x5f3 hw/intctrl/apic.32
                0x00000000c001d59a                APIC::disable()
                0x00000000c001d59c                APIC::close(int, int, void*)
                0x00000000c001d5be                IOAPIC::close(int, int, void*)
                0x00000000c001d5c4                APIC::io_wait()
                0x00000000c001d5ca                APIC::getBase()
                0x00000000c001d60c                APIC::eoi(unsigned char)
                0x00000000c001d63a                APIC::open(int, int, void*)
                0x00000000c001d6f4                IOAPIC::IOAPIC()
                0x00000000c001d6f4                IOAPIC::IOAPIC()
                0x00000000c001d71c                APIC::APIC()
                0x00000000c001d71c                APIC::APIC()
                0x00000000c001d7ec                IOAPIC::handlesGSIWithNumber(unsigned int)
                0x00000000c001d81e                IOAPIC::read(int)
                0x00000000c001d846                IOAPIC::open(int, int, void*)
                0x00000000c001d93c                IOAPIC::write(int, int)
                0x00000000c001d968                IOAPIC::redirect(unsigned char, unsigned long long, unsigned char)
                0x00000000c001da22                APIC::installIRQHandler(int, void (*)(regs*, void*), bool, void*)
 *fill*         0x00000000c001db8d        0x1 
 .text          0x00000000c001db8e      0x3d3 hw/intctrl/pic.32
                0x00000000c001db8e                PIC::disable()
                0x00000000c001dbbc                PIC::close(int, int, void*)
                0x00000000c001dbde                PIC::PIC()
                0x00000000c001dbde                PIC::PIC()
                0x00000000c001dcb4                PIC::ioWait()
                0x00000000c001dcba                PIC::getIRQReg(int)
                0x00000000c001dd24                PIC::eoi(unsigned char)
                0x00000000c001ddb6                PIC::remap()
                0x00000000c001df22                PIC::open(int, int, void*)
 *fill*         0x00000000c001df61        0x1 
 .text          0x00000000c001df62      0x252 hw/timer/apictimer.32
                0x00000000c001df62                APICTimer::close(int, int, void*)
                0x00000000c001df68                apicTimerHandler(regs*, void*)
                0x00000000c001df96                APICTimer::write(int)
                0x00000000c001e094                APICTimer::open(int, int, void*)
                0x00000000c001e18c                APICTimer::APICTimer()
                0x00000000c001e18c                APICTimer::APICTimer()
 .text          0x00000000c001e1b4      0x1a7 hw/timer/pit.32
                0x00000000c001e1b4                PIT::write(int)
                0x00000000c001e232                pitHandler(regs*, void*)
                0x00000000c001e25e                PIT::open(int, int, void*)
                0x00000000c001e2ac                PIT::close(int, int, void*)
                0x00000000c001e2dc                PIT::PIT()
                0x00000000c001e2dc                PIT::PIT()
 *fill*         0x00000000c001e35b        0x5 
 .text          0x00000000c001e360        0xa hw/fpu/x86/avx.32
                0x00000000c001e360                avxDetect
                0x00000000c001e366                avxSave
                0x00000000c001e367                avxLoad
                0x00000000c001e368                avxInit
                0x00000000c001e369                avxClose
 *fill*         0x00000000c001e36a        0x6 
 .text          0x00000000c001e370       0x38 hw/fpu/x86/sse.32
                0x00000000c001e370                sseDetect
                0x00000000c001e38b                sseSave
                0x00000000c001e391                sseLoad
                0x00000000c001e397                sseInit
                0x00000000c001e3a7                sseClose
 *fill*         0x00000000c001e3a8        0x8 
 .text          0x00000000c001e3b0       0x47 hw/fpu/x86/x87.32
                0x00000000c001e3b6                x87Detect
                0x00000000c001e3d1                x87Save
                0x00000000c001e3d7                x87Load
                0x00000000c001e3dc                x87Init
                0x00000000c001e3f6                x87Close
 *fill*         0x00000000c001e3f7        0x1 
 .text          0x00000000c001e3f8       0x25 /cygdrive/d/Users/Alex/Desktop/Toolchain/Output/bin/../lib/gcc/i386-banana/8.1.0/crtend.o
 .text          0x00000000c001e41d        0x0 crtn.32
 *fill*         0x00000000c001e41d        0x3 
 .text          0x00000000c001e420      0x14b /cygdrive/d/Users/Alex/Desktop/Toolchain/Output/bin/../lib/gcc/i386-banana/8.1.0/libgcc.a(_divdi3.o)
                0x00000000c001e420                __divdi3
 *fill*         0x00000000c001e56b        0x1 
 .text          0x00000000c001e56c      0x17e /cygdrive/d/Users/Alex/Desktop/Toolchain/Output/bin/../lib/gcc/i386-banana/8.1.0/libgcc.a(_moddi3.o)
                0x00000000c001e56c                __moddi3
 *fill*         0x00000000c001e6ea        0x2 
 .text          0x00000000c001e6ec       0xff /cygdrive/d/Users/Alex/Desktop/Toolchain/Output/bin/../lib/gcc/i386-banana/8.1.0/libgcc.a(_udivdi3.o)
                0x00000000c001e6ec                __udivdi3
 *fill*         0x00000000c001e7eb        0x1 
 .text          0x00000000c001e7ec      0x11a /cygdrive/d/Users/Alex/Desktop/Toolchain/Output/bin/../lib/gcc/i386-banana/8.1.0/libgcc.a(_umoddi3.o)
                0x00000000c001e7ec                __umoddi3
 *fill*         0x00000000c001e906        0xa 
 .text          0x00000000c001e910       0x1e D:/Users/Alex/Desktop/Banana/kernel/libk/libm32.a(s_fabs.c.o)
                0x00000000c001e910                fabs
 *fill*         0x00000000c001e92e        0x2 
 .text          0x00000000c001e930        0xc D:/Users/Alex/Desktop/Banana/kernel/libk/libm32.a(s_lrint.S.o)
                0x00000000c001e930                lrint
 .text          0x00000000c001e93c        0xc D:/Users/Alex/Desktop/Banana/kernel/libk/libm32.a(s_lrintf.S.o)
                0x00000000c001e93c                lrintf
 *(.gnu.linkonce.t*)

.iplt           0x00000000c001e948        0x0
 .iplt          0x00000000c001e948        0x0 D:/Users/Alex/Desktop/Banana/kernel/boot.32

.init           0x00000000c001e948        0xf
 .init          0x00000000c001e948        0x3 crti.32
                0x00000000c001e948                _init
 .init          0x00000000c001e94b        0x5 /cygdrive/d/Users/Alex/Desktop/Toolchain/Output/bin/../lib/gcc/i386-banana/8.1.0/crtbegin.o
 .init          0x00000000c001e950        0x5 /cygdrive/d/Users/Alex/Desktop/Toolchain/Output/bin/../lib/gcc/i386-banana/8.1.0/crtend.o
 .init          0x00000000c001e955        0x2 crtn.32

.fini           0x00000000c001e957        0xa
 .fini          0x00000000c001e957        0x3 crti.32
                0x00000000c001e957                _fini
 .fini          0x00000000c001e95a        0x5 /cygdrive/d/Users/Alex/Desktop/Toolchain/Output/bin/../lib/gcc/i386-banana/8.1.0/crtbegin.o
 .fini          0x00000000c001e95f        0x2 crtn.32

.text._ZN8ComputerD2Ev
                0x00000000c001e962       0x23
 .text._ZN8ComputerD2Ev
                0x00000000c001e962       0x23 core/computer.32
                0x00000000c001e962                Computer::~Computer()
                0x00000000c001e962                Computer::~Computer()

.text._ZN8ComputerD0Ev
                0x00000000c001e986       0x2a
 .text._ZN8ComputerD0Ev
                0x00000000c001e986       0x2a core/computer.32
                0x00000000c001e986                Computer::~Computer()

.text._Z10idleCommonv
                0x00000000c001e9b0       0x15
 .text._Z10idleCommonv
                0x00000000c001e9b0       0x15 core/idle.32
                0x00000000c001e9b0                idleCommon()

.text._ZN3CPU7readCR3Ev
                0x00000000c001e9c5       0x12
 .text._ZN3CPU7readCR3Ev
                0x00000000c001e9c5       0x12 core/kheap.32
                0x00000000c001e9c5                CPU::readCR3()

.text._ZN3CPU8writeCR3Em
                0x00000000c001e9d7        0x9
 .text._ZN3CPU8writeCR3Em
                0x00000000c001e9d7        0x9 core/kheap.32
                0x00000000c001e9d7                CPU::writeCR3(unsigned long)

.text._ZN10LinkedListI8UnixFileED2Ev
                0x00000000c001e9e0        0x2
 .text._ZN10LinkedListI8UnixFileED2Ev
                0x00000000c001e9e0        0x2 core/unixfile.32
                0x00000000c001e9e0                LinkedList<UnixFile>::~LinkedList()
                0x00000000c001e9e0                LinkedList<UnixFile>::~LinkedList()

.text._ZN10LinkedListI8UnixFileEC2Ev
                0x00000000c001e9e2       0x58
 .text._ZN10LinkedListI8UnixFileEC2Ev
                0x00000000c001e9e2       0x58 core/unixfile.32
                0x00000000c001e9e2                LinkedList<UnixFile>::LinkedList()
                0x00000000c001e9e2                LinkedList<UnixFile>::LinkedList()

.text._ZN10LinkedListI8UnixFileE10addElementEPS0_
                0x00000000c001ea3a       0xd3
 .text._ZN10LinkedListI8UnixFileE10addElementEPS0_
                0x00000000c001ea3a       0xd3 core/unixfile.32
                0x00000000c001ea3a                LinkedList<UnixFile>::addElement(UnixFile*)

.text._ZN10LinkedListI8UnixFileE15getFirstElementEv
                0x00000000c001eb0e        0x7
 .text._ZN10LinkedListI8UnixFileE15getFirstElementEv
                0x00000000c001eb0e        0x7 core/unixfile.32
                0x00000000c001eb0e                LinkedList<UnixFile>::getFirstElement()

.text._ZN10LinkedListI8UnixFileE11removeFirstEv
                0x00000000c001eb16       0xa1
 .text._ZN10LinkedListI8UnixFileE11removeFirstEv
                0x00000000c001eb16       0xa1 core/unixfile.32
                0x00000000c001eb16                LinkedList<UnixFile>::removeFirst()

.text._ZN10LinkedListI8UnixFileE7getNextEPS0_
                0x00000000c001ebb8        0x8
 .text._ZN10LinkedListI8UnixFileE7getNextEPS0_
                0x00000000c001ebb8        0x8 core/unixfile.32
                0x00000000c001ebb8                LinkedList<UnixFile>::getNext(UnixFile*)

.text._ZN16DriverlessDeviceD2Ev
                0x00000000c001ebc0       0x1a
 .text._ZN16DriverlessDeviceD2Ev
                0x00000000c001ebc0       0x1a hal/device.32
                0x00000000c001ebc0                DriverlessDevice::~DriverlessDevice()
                0x00000000c001ebc0                DriverlessDevice::~DriverlessDevice()

.text._ZN16DriverlessDeviceD0Ev
                0x00000000c001ebda       0x2a
 .text._ZN16DriverlessDeviceD0Ev
                0x00000000c001ebda       0x2a hal/device.32
                0x00000000c001ebda                DriverlessDevice::~DriverlessDevice()

.text._ZN10LinkedListI6DeviceE10addElementEPS0_
                0x00000000c001ec04       0xdc
 .text._ZN10LinkedListI6DeviceE10addElementEPS0_
                0x00000000c001ec04       0xdc hal/device.32
                0x00000000c001ec04                LinkedList<Device>::addElement(Device*)

.text._ZN10LinkedListI6DeviceEC2Ev
                0x00000000c001ece0       0x58
 .text._ZN10LinkedListI6DeviceEC2Ev
                0x00000000c001ece0       0x58 hal/device.32
                0x00000000c001ece0                LinkedList<Device>::LinkedList()
                0x00000000c001ece0                LinkedList<Device>::LinkedList()

.text._ZN3CPU7readCR0Ev
                0x00000000c001ed38       0x12
 .text._ZN3CPU7readCR0Ev
                0x00000000c001ed38       0x12 hal/fpu.32
                0x00000000c001ed38                CPU::readCR0()

.text._ZN3CPU8writeCR0Em
                0x00000000c001ed4a        0x9
 .text._ZN3CPU8writeCR0Em
                0x00000000c001ed4a        0x9 hal/fpu.32
                0x00000000c001ed4a                CPU::writeCR0(unsigned long)

.text._ZN3CPU7readDR0Ev
                0x00000000c001ed53       0x12
 .text._ZN3CPU7readDR0Ev
                0x00000000c001ed53       0x12 hal/intctrl.32
                0x00000000c001ed53                CPU::readDR0()

.text._ZN3CPU7readDR1Ev
                0x00000000c001ed65       0x12
 .text._ZN3CPU7readDR1Ev
                0x00000000c001ed65       0x12 hal/intctrl.32
                0x00000000c001ed65                CPU::readDR1()

.text._ZN3CPU7readDR2Ev
                0x00000000c001ed77       0x12
 .text._ZN3CPU7readDR2Ev
                0x00000000c001ed77       0x12 hal/intctrl.32
                0x00000000c001ed77                CPU::readDR2()

.text._ZN3CPU7readDR3Ev
                0x00000000c001ed89       0x12
 .text._ZN3CPU7readDR3Ev
                0x00000000c001ed89       0x12 hal/intctrl.32
                0x00000000c001ed89                CPU::readDR3()

.text._ZN3CPU7readDR6Ev
                0x00000000c001ed9b       0x12
 .text._ZN3CPU7readDR6Ev
                0x00000000c001ed9b       0x12 hal/intctrl.32
                0x00000000c001ed9b                CPU::readDR6()

.text._ZN3CPU7readDR7Ev
                0x00000000c001edad       0x12
 .text._ZN3CPU7readDR7Ev
                0x00000000c001edad       0x12 hal/intctrl.32
                0x00000000c001edad                CPU::readDR7()

.text._ZN10LinkedListIV18ThreadControlBlockE15getFirstElementEv
                0x00000000c001edc0        0x7
 .text._ZN10LinkedListIV18ThreadControlBlockE15getFirstElementEv
                0x00000000c001edc0        0x7 hal/timer.32
                0x00000000c001edc0                LinkedList<ThreadControlBlock volatile>::getFirstElement()

.text._ZN10LinkedListIV18ThreadControlBlockE7isEmptyEv
                0x00000000c001edc8       0x1c
 .text._ZN10LinkedListIV18ThreadControlBlockE7isEmptyEv
                0x00000000c001edc8       0x1c hal/timer.32
                0x00000000c001edc8                LinkedList<ThreadControlBlock volatile>::isEmpty()

.text._ZN10LinkedListIV18ThreadControlBlockE11removeFirstEv
                0x00000000c001ede4       0xae
 .text._ZN10LinkedListIV18ThreadControlBlockE11removeFirstEv
                0x00000000c001ede4       0xae hal/timer.32
                0x00000000c001ede4                LinkedList<ThreadControlBlock volatile>::removeFirst()

.text._ZN10LinkedListIV18ThreadControlBlockE10addElementEPS1_
                0x00000000c001ee92       0xd3
 .text._ZN10LinkedListIV18ThreadControlBlockE10addElementEPS1_
                0x00000000c001ee92       0xd3 hal/timer.32
                0x00000000c001ee92                LinkedList<ThreadControlBlock volatile>::addElement(ThreadControlBlock volatile*)

.text._ZN4ACPID2Ev
                0x00000000c001ef66       0x23
 .text._ZN4ACPID2Ev
                0x00000000c001ef66       0x23 hw/acpi.32
                0x00000000c001ef66                ACPI::~ACPI()
                0x00000000c001ef66                ACPI::~ACPI()

.text._ZN4ACPID0Ev
                0x00000000c001ef8a       0x2a
 .text._ZN4ACPID0Ev
                0x00000000c001ef8a       0x2a hw/acpi.32
                0x00000000c001ef8a                ACPI::~ACPI()

.text._ZN3CPUD2Ev
                0x00000000c001efb4       0x23
 .text._ZN3CPUD2Ev
                0x00000000c001efb4       0x23 hw/cpu.32
                0x00000000c001efb4                CPU::~CPU()
                0x00000000c001efb4                CPU::~CPU()

.text._ZN3CPUD0Ev
                0x00000000c001efd8       0x2a
 .text._ZN3CPUD0Ev
                0x00000000c001efd8       0x2a hw/cpu.32
                0x00000000c001efd8                CPU::~CPU()

.text._ZN3CPU7readCR4Ev
                0x00000000c001f002       0x12
 .text._ZN3CPU7readCR4Ev
                0x00000000c001f002       0x12 hw/cpu.32
                0x00000000c001f002                CPU::readCR4()

.text._ZN3CPU8writeDR7Em
                0x00000000c001f014        0x9
 .text._ZN3CPU8writeDR7Em
                0x00000000c001f014        0x9 hw/cpu.32
                0x00000000c001f014                CPU::writeDR7(unsigned long)

.text._ZN3CPU8writeCR4Em
                0x00000000c001f01d        0x9
 .text._ZN3CPU8writeCR4Em
                0x00000000c001f01d        0x9 hw/cpu.32
                0x00000000c001f01d                CPU::writeCR4(unsigned long)

.text._ZN3CPU7readCR2Ev
                0x00000000c001f026       0x12
 .text._ZN3CPU7readCR2Ev
                0x00000000c001f026       0x12 krnl/panic.32
                0x00000000c001f026                CPU::readCR2()

.text._ZN10LinkedListIV18ThreadControlBlockED2Ev
                0x00000000c001f038        0x2
 .text._ZN10LinkedListIV18ThreadControlBlockED2Ev
                0x00000000c001f038        0x2 thr/prcssthr.32
                0x00000000c001f038                LinkedList<ThreadControlBlock volatile>::~LinkedList()
                0x00000000c001f038                LinkedList<ThreadControlBlock volatile>::~LinkedList()

.text._ZN18ThreadControlBlockC2Ev
                0x00000000c001f03a       0x3e
 .text._ZN18ThreadControlBlockC2Ev
                0x00000000c001f03a       0x3e thr/prcssthr.32
                0x00000000c001f03a                ThreadControlBlock::ThreadControlBlock()
                0x00000000c001f03a                ThreadControlBlock::ThreadControlBlock()

.text._ZN10LinkedListIV18ThreadControlBlockEC2Ev
                0x00000000c001f078       0x58
 .text._ZN10LinkedListIV18ThreadControlBlockEC2Ev
                0x00000000c001f078       0x58 thr/prcssthr.32
                0x00000000c001f078                LinkedList<ThreadControlBlock volatile>::LinkedList()
                0x00000000c001f078                LinkedList<ThreadControlBlock volatile>::LinkedList()

.text._ZN10LinkedListIV18ThreadControlBlockE7getNextEPS1_
                0x00000000c001f0d0        0x8
 .text._ZN10LinkedListIV18ThreadControlBlockE7getNextEPS1_
                0x00000000c001f0d0        0x8 thr/prcssthr.32
                0x00000000c001f0d0                LinkedList<ThreadControlBlock volatile>::getNext(ThreadControlBlock volatile*)

.text._ZN3PCID2Ev
                0x00000000c001f0d8       0x23
 .text._ZN3PCID2Ev
                0x00000000c001f0d8       0x23 hw/bus/pci.32
                0x00000000c001f0d8                PCI::~PCI()
                0x00000000c001f0d8                PCI::~PCI()

.text._ZN3PCID0Ev
                0x00000000c001f0fc       0x2a
 .text._ZN3PCID0Ev