Archive member included to satisfy reference by file (symbol)

/cygdrive/d/Users/Alex/Desktop/Toolchain/Output/bin/../lib/gcc/i386-banana/8.1.0/libgcc.a(_divdi3.o)
                              fs/fat/ff.32 (__divdi3)
/cygdrive/d/Users/Alex/Desktop/Toolchain/Output/bin/../lib/gcc/i386-banana/8.1.0/libgcc.a(_moddi3.o)
                              core/elf.32 (__moddi3)
/cygdrive/d/Users/Alex/Desktop/Toolchain/Output/bin/../lib/gcc/i386-banana/8.1.0/libgcc.a(_divmoddi4.o)
                              acpica/osl.32 (__divmoddi4)
/cygdrive/d/Users/Alex/Desktop/Toolchain/Output/bin/../lib/gcc/i386-banana/8.1.0/libgcc.a(_udivdi3.o)
                              acpica/utmath.32 (__udivdi3)
/cygdrive/d/Users/Alex/Desktop/Toolchain/Output/bin/../lib/gcc/i386-banana/8.1.0/libgcc.a(_umoddi3.o)
                              acpica/utmath.32 (__umoddi3)
D:/Users/Alex/Desktop/Banana/kernel/libk/libm32.a(s_fabs.c.o)
                              hal/libresample/samplerate.32 (fabs)
D:/Users/Alex/Desktop/Banana/kernel/libk/libm32.a(s_lrint.S.o)
                              hal/libresample/samplerate.32 (lrint)
D:/Users/Alex/Desktop/Banana/kernel/libk/libm32.a(s_lrintf.S.o)
                              hal/sound/sndhw.32 (lrintf)

Allocating common symbols
Common symbol       size              file

AcpiGbl_StateCache  0x4               acpica/utglobal.32
AcpiGbl_OwnerIdMask
                    0x200             acpica/utglobal.32
AcpiGbl_StepToNextCall
                    0x1               acpica/utglobal.32
AcpiGbl_RootTableList
                    0x10              acpica/utglobal.32
AcpiGbl_FadtGpeDevice
                    0x4               acpica/utglobal.32
AcpiGbl_GpeXruptListHead
                    0x4               acpica/utglobal.32
AcpiGbl_GlobalLockHandle
                    0x2               acpica/utglobal.32
AcpiGbl_RootNodeStruct
                    0x1c              acpica/utglobal.32
AcpiGbl_FACS        0x4               acpica/utglobal.32
AcpiGbl_AllGpesInitialized
                    0x1               acpica/utglobal.32
AcpiGbl_GlobalLockMutex
                    0x4               acpica/utglobal.32
AcpiGbl_IntegerByteWidth
                    0x1               acpica/utglobal.32
AcpiGbl_Pm1EnableRegisterSave
                    0x2               acpica/utglobal.32
AcpiGbl_NsLookupCount
                    0x4               acpica/utglobal.32
AcpiCurrentGpeCount
                    0x4               acpica/utglobal.32
AcpiGbl_IntegerBitWidth
                    0x1               acpica/utglobal.32
AcpiGbl_NamespaceCache
                    0x4               acpica/utglobal.32
AcpiGbl_TableHandler
                    0x4               acpica/utglobal.32
AcpiGbl_HardwareLock
                    0x4               acpica/utglobal.32
AcpiGbl_FixedEventHandlers
                    0x28              acpica/utglobal.32
AcpiSciCount        0x4               acpica/utglobal.32
AcpiGbl_DSDT        0x4               acpica/utglobal.32
AcpiGbl_GlobalNotify
                    0x10              acpica/utglobal.32
AcpiGbl_GlobalLockSemaphore
                    0x4               acpica/utglobal.32
AcpiGbl_SystemAwakeAndRunning
                    0x1               acpica/utglobal.32
AcpiGbl_InterfaceHandler
                    0x4               acpica/utglobal.32
AcpiGbl_EventsInitialized
                    0x1               acpica/utglobal.32
AcpiGbl_SupportedInterfaces
                    0x4               acpica/utglobal.32
AcpiGbl_GpeLock     0x4               acpica/utglobal.32
AcpiGbl_SleepTypeB  0x1               acpica/utglobal.32
AcpiGbl_InitHandler
                    0x4               acpica/utglobal.32
AcpiGbl_GlobalLockAcquired
                    0x1               acpica/utglobal.32
AcpiGbl_XPm1bEnable
                    0xc               acpica/utglobal.32
AcpiGbl_OriginalDsdtHeader
                    0x24              acpica/utglobal.32
AcpiGbl_ReferenceCountLock
                    0x4               acpica/utglobal.32
AcpiGpeCount        0x4               acpica/utglobal.32
AcpiGbl_TableHandlerContext
                    0x4               acpica/utglobal.32
AcpiGbl_XPm1aStatus
                    0xc               acpica/utglobal.32
AcpiGbl_OriginalMode
                    0x4               acpica/utglobal.32
AcpiGbl_CmSingleStep
                    0x1               acpica/utglobal.32
AcpiGbl_GlobalEventHandlerContext
                    0x4               acpica/utglobal.32
AcpiGbl_PsFindCount
                    0x4               acpica/utglobal.32
AcpiFixedEventCount
                    0x14              acpica/utglobal.32
AcpiGbl_AcpiHardwarePresent
                    0x1               acpica/utglobal.32
AcpiGbl_MutexInfo   0x60              acpica/utglobal.32
AcpiGbl_RootNode    0x4               acpica/utglobal.32
AcpiGbl_AddressRangeList
                    0x8               acpica/utglobal.32
AcpiGbl_FADT        0x114             acpica/utglobal.32
AcpiGbl_IntegerNybbleWidth
[...]
Memory Configuration

Name             Origin             Length             Attributes
*default*        0x0000000000000000 0xffffffffffffffff

Linker script and memory map

LOAD D:/Users/Alex/Desktop/Banana/kernel/boot.32
LOAD crti.32
LOAD /cygdrive/d/Users/Alex/Desktop/Toolchain/Output/bin/../lib/gcc/i386-banana/8.1.0/crtbegin.o
LOAD D:/Users/Alex/Desktop/Banana/kernel/morenasm.32
LOAD acpica/dsargs.32
LOAD acpica/dscontrol.32
LOAD acpica/dsdebug.32
LOAD acpica/dsfield.32
LOAD acpica/dsinit.32
LOAD acpica/dsmethod.32
LOAD acpica/dsmthdat.32
LOAD acpica/dsobject.32
LOAD acpica/dsopcode.32
LOAD acpica/dspkginit.32
LOAD acpica/dsutils.32
LOAD acpica/dswexec.32
LOAD acpica/dswload.32
LOAD acpica/dswload2.32
LOAD acpica/dswscope.32
LOAD acpica/dswstate.32
LOAD acpica/evevent.32
LOAD acpica/evglock.32
LOAD acpica/evgpe.32
LOAD acpica/evgpeblk.32
LOAD acpica/evgpeinit.32
LOAD acpica/evgpeutil.32
LOAD acpica/evhandler.32
LOAD acpica/evmisc.32
LOAD acpica/evregion.32
LOAD acpica/evrgnini.32
LOAD acpica/evsci.32
LOAD acpica/evxface.32
LOAD acpica/evxfevnt.32
LOAD acpica/evxfgpe.32
LOAD acpica/evxfregn.32
LOAD acpica/exconcat.32
LOAD acpica/exconfig.32
LOAD acpica/exconvrt.32
LOAD acpica/excreate.32
LOAD acpica/exdebug.32
LOAD acpica/exdump.32
LOAD acpica/exfield.32
LOAD acpica/exfldio.32
LOAD acpica/exmisc.32
LOAD acpica/exmutex.32
LOAD acpica/exnames.32
LOAD acpica/exoparg1.32
LOAD acpica/exoparg2.32
LOAD acpica/exoparg3.32
LOAD acpica/exoparg6.32
LOAD acpica/exprep.32
LOAD acpica/exregion.32
LOAD acpica/exresnte.32
LOAD acpica/exresolv.32
LOAD acpica/exresop.32
LOAD acpica/exserial.32
LOAD acpica/exstore.32
LOAD acpica/exstoren.32
LOAD acpica/exstorob.32
LOAD acpica/exsystem.32
LOAD acpica/extrace.32
LOAD acpica/exutils.32
LOAD acpica/hwacpi.32
LOAD acpica/hwesleep.32
LOAD acpica/hwgpe.32
LOAD acpica/hwpci.32
LOAD acpica/hwregs.32
LOAD acpica/hwsleep.32
LOAD acpica/hwtimer.32
LOAD acpica/hwvalid.32
LOAD acpica/hwxface.32
LOAD acpica/hwxfsleep.32
LOAD acpica/nsaccess.32
LOAD acpica/nsalloc.32
LOAD acpica/nsarguments.32
LOAD acpica/nsconvert.32
LOAD acpica/nsdump.32
LOAD acpica/nsdumpdv.32
LOAD acpica/nseval.32
LOAD acpica/nsinit.32
LOAD acpica/nsload.32
LOAD acpica/nsnames.32
LOAD acpica/nsobject.32
LOAD acpica/nsparse.32
LOAD acpica/nspredef.32
LOAD acpica/nsprepkg.32
LOAD acpica/nsrepair.32
LOAD acpica/nsrepair2.32
LOAD acpica/nssearch.32
LOAD acpica/nsutils.32
LOAD acpica/nswalk.32
LOAD acpica/nsxfeval.32
LOAD acpica/nsxfname.32
LOAD acpica/nsxfobj.32
LOAD acpica/psargs.32
LOAD acpica/psloop.32
LOAD acpica/psobject.32
LOAD acpica/psopcode.32
LOAD acpica/psopinfo.32
LOAD acpica/psparse.32
LOAD acpica/psscope.32
LOAD acpica/pstree.32
LOAD acpica/psutils.32
LOAD acpica/pswalk.32
LOAD acpica/psxface.32
LOAD acpica/rsaddr.32
LOAD acpica/rscalc.32
LOAD acpica/rscreate.32
LOAD acpica/rsdump.32
LOAD acpica/rsdumpinfo.32
LOAD acpica/rsinfo.32
LOAD acpica/rsio.32
LOAD acpica/rsirq.32
LOAD acpica/rslist.32
LOAD acpica/rsmemory.32
LOAD acpica/rsmisc.32
LOAD acpica/rsserial.32
LOAD acpica/rsutils.32
LOAD acpica/rsxface.32
LOAD acpica/tbdata.32
LOAD acpica/tbfadt.32
LOAD acpica/tbfind.32
LOAD acpica/tbinstal.32
LOAD acpica/tbprint.32
LOAD acpica/tbutils.32
LOAD acpica/tbxface.32
LOAD acpica/tbxfload.32
LOAD acpica/tbxfroot.32
LOAD acpica/utaddress.32
LOAD acpica/utalloc.32
LOAD acpica/utascii.32
LOAD acpica/utbuffer.32
LOAD acpica/utcache.32
LOAD acpica/utclib.32
LOAD acpica/utcopy.32
LOAD acpica/utdebug.32
LOAD acpica/utdecode.32
LOAD acpica/utdelete.32
LOAD acpica/uterror.32
LOAD acpica/uteval.32
LOAD acpica/utexcep.32
LOAD acpica/utglobal.32
LOAD acpica/uthex.32
LOAD acpica/utids.32
LOAD acpica/utinit.32
LOAD acpica/utlock.32
LOAD acpica/utmath.32
LOAD acpica/utmisc.32
LOAD acpica/utmutex.32
LOAD acpica/utnonansi.32
LOAD acpica/utobject.32
LOAD acpica/utosi.32
LOAD acpica/utownerid.32
LOAD acpica/utpredef.32
LOAD acpica/utprint.32
LOAD acpica/utresdecode.32
LOAD acpica/utresrc.32
LOAD acpica/utstate.32
LOAD acpica/utstring.32
LOAD acpica/utstrsuppt.32
LOAD acpica/utstrtoul64.32
LOAD acpica/uttrack.32
LOAD acpica/utuuid.32
LOAD acpica/utxface.32
LOAD acpica/utxferror.32
LOAD acpica/utxfinit.32
LOAD acpica/utxfmutex.32
LOAD core/malloc.32
LOAD libk/string.32
LOAD fs/fat/diskio.32
LOAD fs/fat/ff.32
LOAD fs/fat/ffsystem.32
LOAD fs/fat/ffunicode.32
LOAD hal/libresample/samplerate.32
LOAD hal/libresample/src_linear.32
LOAD hal/libresample/src_sinc.32
LOAD hal/libresample/src_zoh.32
LOAD acpica/osl.32
LOAD core/computer.32
LOAD core/elf.32
LOAD core/gdt.32
LOAD core/idle.32
LOAD core/idt.32
LOAD core/kconsole.32
LOAD core/kheap.32
LOAD core/main.32
LOAD core/physmgr.32
LOAD core/pipe.32
LOAD core/prcssthr.32
LOAD core/syscalls.32
LOAD core/terminal.32
LOAD core/tss.32
LOAD core/unixfile.32
LOAD core/virtmgr.32
LOAD coreobjs/c++.32
LOAD debugger/debug.32
LOAD fs/vfs.32
LOAD hal/bus.32
LOAD hal/buzzer.32
LOAD hal/clock.32
LOAD hal/device.32
LOAD hal/diskctrl.32
LOAD hal/diskphys.32
LOAD hal/fpu.32
LOAD hal/intctrl.32
LOAD hal/keybrd.32
LOAD hal/logidisk.32
LOAD hal/partition.32
LOAD hal/timer.32
LOAD hal/vcache.32
LOAD hw/acpi.32
LOAD hw/cpu.32
LOAD hw/ports.32
LOAD registry/registry.32
LOAD syscalls/sc_exit.32
LOAD syscalls/sc_sbrk.32
LOAD syscalls/sc_yield.32
LOAD vm86/vm8086.32
LOAD fs/fat/vfslink.32
LOAD fs/iso9660/vfslink.32
LOAD hal/sound/sndchannel.32
LOAD hal/sound/sndhw.32
LOAD hw/audio/sb16.32
LOAD hw/bus/isa.32
LOAD hw/bus/pci.32
LOAD hw/bus/ps2.32
LOAD hw/bus/ps2port.32
LOAD hw/buzzer/pcspk.32
LOAD hw/clock/rtc.32
LOAD hw/diskctrl/ide.32
LOAD hw/diskphys/ata.32
LOAD hw/diskphys/atapi.32
LOAD hw/dma/isadma.32
LOAD hw/fpu/avx.32
LOAD hw/fpu/mmx.32
LOAD hw/fpu/sse.32
LOAD hw/fpu/x87.32
LOAD hw/intctrl/apic.32
LOAD hw/intctrl/pic.32
LOAD hw/keybrd/ps2key.32
LOAD hw/timer/apictimer.32
LOAD hw/timer/pit.32
LOAD hw/fpu/x86/avx.32
LOAD hw/fpu/x86/sse.32
LOAD hw/fpu/x86/x87.32
LOAD /cygdrive/d/Users/Alex/Desktop/Toolchain/Output/bin/../lib/gcc/i386-banana/8.1.0/crtend.o
LOAD crtn.32
LOAD /cygdrive/d/Users/Alex/Desktop/Toolchain/Output/bin/../lib/gcc/i386-banana/8.1.0/libgcc.a
LOAD D:/Users/Alex/Desktop/Banana/kernel/libk/libm32.a
                0x00000000c0000000                . = 0xc0000000

.text           0x00000000c0000000    0x533a8
 *(.text)
 .text          0x00000000c0000000       0x39 D:/Users/Alex/Desktop/Banana/kernel/boot.32
                0x00000000c000001e                callGlobalConstructors
 .text          0x00000000c0000039        0x0 crti.32
 *fill*         0x00000000c0000039        0x3 
 .text          0x00000000c000003c      0x101 /cygdrive/d/Users/Alex/Desktop/Toolchain/Output/bin/../lib/gcc/i386-banana/8.1.0/crtbegin.o
 *fill*         0x00000000c000013d        0x3 
 .text          0x00000000c0000140      0x443 D:/Users/Alex/Desktop/Banana/kernel/morenasm.32
                0x00000000c0000140                doTPAUSE
                0x00000000c000014a                hasLegacyFPU
                0x00000000c000016f                is486
                0x00000000c00001d2                goToVM86
                0x00000000c0000203                goToUsermode
                0x00000000c000022e                switchToThreadASMFirstTime
                0x00000000c000023c                switchToThreadASM
                0x00000000c00002d4                detectCPUID
                0x00000000c00002ea                asmQuickAcquireLock
                0x00000000c0000308                asmQuickReleaseLock
                0x00000000c0000314                asmAcquireLock
                0x00000000c0000335                asmReleaseLock
                0x00000000c0000348                loadGDT
                0x00000000c0000368                isr0
                0x00000000c0000378                isr1
                0x00000000c0000382                isr2
                0x00000000c000038c                isr3
                0x00000000c0000396                isr4
                0x00000000c00003a0                isr5
                0x00000000c00003aa                isr6
                0x00000000c00003b4                isr7
                0x00000000c00003be                isr8
                0x00000000c00003c6                isr9
                0x00000000c00003d0                isr10
                0x00000000c00003d8                isr11
                0x00000000c00003e0                isr12
                0x00000000c00003e8                isr13
                0x00000000c00003f0                isr14
                0x00000000c00003f8                isr15
                0x00000000c0000402                isr16
                0x00000000c000040c                isr17
                0x00000000c0000416                isr18
                0x00000000c0000420                isr96
                0x00000000c000042a                irq0
                0x00000000c0000434                irq1
                0x00000000c000043e                irq2
                0x00000000c0000448                irq3
                0x00000000c0000452                irq4
                0x00000000c000045c                irq5
                0x00000000c0000466                irq6
                0x00000000c0000470                irq7
                0x00000000c000047a                irq8
                0x00000000c0000484                irq9
                0x00000000c000048e                irq10
                0x00000000c0000498                irq11
                0x00000000c00004a2                irq12
                0x00000000c00004ac                irq13
                0x00000000c00004b6                irq14
                0x00000000c00004c0                irq15
                0x00000000c00004ca                irq16
                0x00000000c00004d4                irq17
                0x00000000c00004de                irq18
                0x00000000c00004e8                irq19
                0x00000000c00004f2                irq20
                0x00000000c00004fc                irq21
                0x00000000c0000506                irq22
                0x00000000c0000510                irq23
                0x00000000c000051a                int_common_stub
                0x00000000c000054a                syscall_common_stub
 .text          0x00000000c0000583      0x3da acpica/dsargs.32
                0x00000000c0000712                AcpiDsGetBufferFieldArguments
                0x00000000c0000771                AcpiDsGetBankFieldArguments
                0x00000000c00007d0                AcpiDsGetBufferArguments
                0x00000000c0000841                AcpiDsGetPackageArguments
                0x00000000c00008b2                AcpiDsGetRegionArguments
 .text          0x00000000c000095d      0x47a acpica/dscontrol.32
                0x00000000c000095f                AcpiDsExecBeginControlOp
                0x00000000c0000a8f                AcpiDsExecEndControlOp
 .text          0x00000000c0000dd7        0x2 acpica/dsdebug.32
                0x00000000c0000dd7                AcpiDsDumpMethodStack
 .text          0x00000000c0000dd9      0x9f6 acpica/dsfield.32
                0x00000000c0000dd9                AcpiDsCreateBufferField
                0x00000000c00012cf                AcpiDsCreateField
                0x00000000c00013d9                AcpiDsInitFieldObjects
                0x00000000c000157a                AcpiDsCreateBankField
                0x00000000c00016ae                AcpiDsCreateIndexField
 .text          0x00000000c00017cf      0x22d acpica/dsinit.32
                0x00000000c000194a                AcpiDsInitializeObjects
 .text          0x00000000c00019fc      0x9d7 acpica/dsmethod.32
                0x00000000c0001a4b                AcpiDsAutoSerializeMethod
                0x00000000c0001b54                AcpiDsMethodError
                0x00000000c0001cb0                AcpiDsBeginMethodExecution
                0x00000000c0001f53                AcpiDsRestartControlMethod
                0x00000000c0001ff2                AcpiDsTerminateControlMethod
                0x00000000c00021d6                AcpiDsCallControlMethod
 .text          0x00000000c00023d3      0x743 acpica/dsmthdat.32
                0x00000000c00023d3                AcpiDsMethodDataInit
                0x00000000c00025bc                AcpiDsMethodDataDeleteAll
                0x00000000c0002689                AcpiDsMethodDataGetNode
                0x00000000c00027c4                AcpiDsMethodDataInitArgs
                0x00000000c000283b                AcpiDsMethodDataGetValue
                0x00000000c00029ca                AcpiDsStoreObjectToLocal
 .text          0x00000000c0002b16      0x736 acpica/dsobject.32
                0x00000000c0002b16                AcpiDsBuildInternalBufferObj
                0x00000000c0002c7f                AcpiDsInitObjectFromOp
                0x00000000c0003014                AcpiDsBuildInternalObject
                0x00000000c00031b6                AcpiDsCreateNode
 .text          0x00000000c000324c      0xa93 acpica/dsopcode.32
                0x00000000c000324c                AcpiDsInitializeRegion
                0x00000000c000355f                AcpiDsEvalBufferFieldOperands
                0x00000000c00036d0                AcpiDsEvalRegionOperands
                0x00000000c0003875                AcpiDsEvalTableRegionOperands
                0x00000000c0003a2f                AcpiDsEvalDataObjectOperands
                0x00000000c0003be3                AcpiDsEvalBankFieldOperands
 .text          0x00000000c0003cdf      0x597 acpica/dspkginit.32
                0x00000000c0003eb1                AcpiDsInitPackageElement
                0x00000000c0003f1d                AcpiDsBuildInternalPackageObj
 .text          0x00000000c0004276      0x956 acpica/dsutils.32
                0x00000000c0004278                AcpiDsClearImplicitReturn
                0x00000000c00042bb                AcpiDsDoImplicitReturn
                0x00000000c000432b                AcpiDsIsResultUsed
                0x00000000c00044bd                AcpiDsDeleteResultIfNotUsed
                0x00000000c0004535                AcpiDsResolveOperands
                0x00000000c0004591                AcpiDsClearOperands
                0x00000000c00045e5                AcpiDsCreateOperand
                0x00000000c0004950                AcpiDsCreateOperands
                0x00000000c0004a40                AcpiDsEvaluateNamePath
 .text          0x00000000c0004bcc      0xa84 acpica/dswexec.32
                0x00000000c0004bd4                AcpiDsGetPredicateValue
                0x00000000c0004df0                AcpiDsExecBeginOp
                0x00000000c0004fed                AcpiDsExecEndOp
 .text          0x00000000c0005650      0x6f7 acpica/dswload.32
                0x00000000c0005650                AcpiDsLoad1BeginOp
                0x00000000c00059b9                AcpiDsLoad1EndOp
                0x00000000c0005c77                AcpiDsInitCallbacks
 .text          0x00000000c0005d47      0x901 acpica/dswload2.32
                0x00000000c0005d47                AcpiDsLoad2BeginOp
                0x00000000c00061b6                AcpiDsLoad2EndOp
 .text          0x00000000c0006648      0x161 acpica/dswscope.32
                0x00000000c0006648                AcpiDsScopeStackClear
                0x00000000c0006688                AcpiDsScopeStackPush
                0x00000000c000674f                AcpiDsScopeStackPop
 .text          0x00000000c00067a9      0x8f5 acpica/dswstate.32
                0x00000000c0006839                AcpiDsResultPush
                0x00000000c0006a0c                AcpiDsResultPop
                0x00000000c0006b3e                AcpiDsObjStackPush
                0x00000000c0006bbd                AcpiDsObjStackPop
                0x00000000c0006c3f                AcpiDsObjStackPopAndDelete
                0x00000000c0006cbe                AcpiDsGetCurrentWalkState
                0x00000000c0006cd6                AcpiDsPushWalkState
                0x00000000c0006cf0                AcpiDsPopWalkState
                0x00000000c0006d15                AcpiDsCreateWalkState
                0x00000000c0006daa                AcpiDsInitAmlWalk
                0x00000000c0006f76                AcpiDsDeleteWalkState
 .text          0x00000000c000709e      0x307 acpica/evevent.32
                0x00000000c000709e                AcpiEvInstallXruptHandlers
                0x00000000c000719c                AcpiEvInitializeEvents
                0x00000000c00072bd                AcpiEvFixedEventDetect
 .text          0x00000000c00073a5      0x2d8 acpica/evglock.32
                0x00000000c0007426                AcpiEvInitGlobalLockHandler
                0x00000000c00074b2                AcpiEvRemoveGlobalLockHandler
                0x00000000c00074ea                AcpiEvAcquireGlobalLock
                0x00000000c00075f8                AcpiEvReleaseGlobalLock
 .text          0x00000000c000767d      0x960 acpica/evgpe.32
                0x00000000c000767d                AcpiEvUpdateGpeEnableMask
                0x00000000c00076eb                AcpiEvEnableGpe
                0x00000000c0007709                AcpiEvMaskGpe
                0x00000000c00077db                AcpiEvAddGpeReference
                0x00000000c000786e                AcpiEvRemoveGpeReference
                0x00000000c00078e9                AcpiEvLowGetGpeInfo
                0x00000000c000794a                AcpiEvGetGpeEventInfo
                0x00000000c00079d2                AcpiEvFinishGpe
                0x00000000c0007b91                AcpiEvGpeDispatch
                0x00000000c0007d03                AcpiEvDetectGpe
                0x00000000c0007e90                AcpiEvGpeDetect
 .text          0x00000000c0007fdd      0x726 acpica/evgpeblk.32
                0x00000000c00080a7                AcpiEvDeleteGpeBlock
                0x00000000c0008423                AcpiEvCreateGpeBlock
                0x00000000c0008598                AcpiEvInitializeGpeBlock
 .text          0x00000000c0008703      0x48d acpica/evgpeinit.32
                0x00000000c0008703                AcpiEvMatchGpeMethod
                0x00000000c000889a                AcpiEvGpeInitialize
                0x00000000c0008a9c                AcpiEvUpdateGpes
 .text          0x00000000c0008b90      0x407 acpica/evgpeutil.32
                0x00000000c0008b90                AcpiEvWalkGpeList
                0x00000000c0008c2f                AcpiEvGetGpeDevice
                0x00000000c0008c90                AcpiEvGetGpeXruptBlock
                0x00000000c0008dbf                AcpiEvDeleteGpeXrupt
                0x00000000c0008e89                AcpiEvDeleteGpeHandlers
 .text          0x00000000c0008f97      0x4a5 acpica/evhandler.32
                0x00000000c0008f97                AcpiEvHasDefaultHandler
                0x00000000c0008ff7                AcpiEvFindRegionHandler
                0x00000000c000912d                AcpiEvInstallSpaceHandler
                0x00000000c00093b2                AcpiEvInstallRegionHandlers
 .text          0x00000000c000943c      0x32c acpica/evmisc.32
                0x00000000c00094e3                AcpiEvIsNotifyObject
                0x00000000c0009509                AcpiEvQueueNotifyRequest
                0x00000000c0009619                AcpiEvTerminate
 .text          0x00000000c0009768      0x9c7 acpica/evregion.32
                0x00000000c0009768                AcpiEvAddressSpaceDispatch
                0x00000000c0009a69                AcpiEvAttachRegion
                0x00000000c0009ab9                AcpiEvExecuteRegMethod
                0x00000000c0009ca0                AcpiEvDetachRegion
                0x00000000c000a03a                AcpiEvExecuteRegMethods
                0x00000000c000a0a6                AcpiEvInitializeOpRegions
 .text          0x00000000c000a12f      0x535 acpica/evrgnini.32
                0x00000000c000a12f                AcpiEvSystemMemoryRegionSetup
                0x00000000c000a1dc                AcpiEvIoSpaceRegionSetup
                0x00000000c000a1ff                AcpiEvIsPciRootBridge
                0x00000000c000a2ca                AcpiEvPciConfigRegionSetup
                0x00000000c000a52b                AcpiEvPciBarRegionSetup
                0x00000000c000a531                AcpiEvCmosRegionSetup
                0x00000000c000a537                AcpiEvDefaultRegionSetup
                0x00000000c000a55a                AcpiEvInitializeRegion
 .text          0x00000000c000a664      0x1a4 acpica/evsci.32
                0x00000000c000a664                AcpiEvSciDispatch
                0x00000000c000a720                AcpiEvGpeXruptHandler
                0x00000000c000a749                AcpiEvInstallSciHandler
                0x00000000c000a77f                AcpiEvRemoveAllSciHandlers
 .text          0x00000000c000a808      0xcf1 acpica/evxface.32
                0x00000000c000a808                AcpiInstallNotifyHandler
                0x00000000c000aa63                AcpiRemoveNotifyHandler
                0x00000000c000ac87                AcpiInstallExceptionHandler
                0x00000000c000acd4                AcpiInstallSciHandler
                0x00000000c000adc2                AcpiRemoveSciHandler
                0x00000000c000aea7                AcpiInstallGlobalEventHandler
                0x00000000c000af09                AcpiInstallFixedEventHandler
                0x00000000c000afe4                AcpiRemoveFixedEventHandler
                0x00000000c000b27c                AcpiInstallGpeHandler
                0x00000000c000b2a6                AcpiInstallGpeRawHandler
                0x00000000c000b2d0                AcpiRemoveGpeHandler
                0x00000000c000b460                AcpiAcquireGlobalLock
                0x00000000c000b4bf                AcpiReleaseGlobalLock
 .text          0x00000000c000b4f9      0x38d acpica/evxfevnt.32
                0x00000000c000b4f9                AcpiEnable
                0x00000000c000b56b                AcpiDisable
                0x00000000c000b5cc                AcpiEnableEvent
                0x00000000c000b69a                AcpiDisableEvent
                0x00000000c000b767                AcpiClearEvent
                0x00000000c000b7bc                AcpiGetEventStatus
 .text          0x00000000c000b886      0xa22 acpica/evxfgpe.32
                0x00000000c000b886                AcpiUpdateAllGpes
                0x00000000c000b911                AcpiEnableGpe
                0x00000000c000b991                AcpiDisableGpe
                0x00000000c000b9f6                AcpiSetGpe
                0x00000000c000baa1                AcpiMaskGpe
                0x00000000c000bb13                AcpiMarkGpeForWake
                0x00000000c000bb7f                AcpiSetupGpeForWake
                0x00000000c000bd05                AcpiSetGpeWakeMask
                0x00000000c000be0f                AcpiClearGpe
                0x00000000c000be7d                AcpiGetGpeStatus
                0x00000000c000beee                AcpiDispatchGpe
                0x00000000c000bf09                AcpiFinishGpe
                0x00000000c000bf70                AcpiDisableAllGpes
                0x00000000c000bfab                AcpiEnableAllRuntimeGpes
                0x00000000c000bfe6                AcpiEnableAllWakeupGpes
                0x00000000c000c021                AcpiInstallGpeBlock
                0x00000000c000c171                AcpiRemoveGpeBlock
                0x00000000c000c23a                AcpiGetGpeDevice
 .text          0x00000000c000c2a8      0x1f7 acpica/evxfregn.32
                0x00000000c000c2a8                AcpiInstallAddressSpaceHandler
                0x00000000c000c34e                AcpiRemoveAddressSpaceHandler
 .text          0x00000000c000c49f      0x4fd acpica/exconcat.32
                0x00000000c000c53c                AcpiExDoConcatenate
                0x00000000c000c89a                AcpiExConcatTemplate
 .text          0x00000000c000c99c      0x62b acpica/exconfig.32
                0x00000000c000ca5f                AcpiExUnloadTable
                0x00000000c000cb16                AcpiExLoadTableOp
                0x00000000c000cd37                AcpiExLoadOp
 .text          0x00000000c000cfc7      0x74e acpica/exconvrt.32
                0x00000000c000cfc7                AcpiExConvertToInteger
                0x00000000c000d126                AcpiExConvertToBuffer
                0x00000000c000d384                AcpiExConvertToString
                0x00000000c000d5ce                AcpiExConvertToTargetType
 .text          0x00000000c000d715      0x52a acpica/excreate.32
                0x00000000c000d715                AcpiExCreateAlias
                0x00000000c000d797                AcpiExCreateEvent
                0x00000000c000d81a                AcpiExCreateMutex
                0x00000000c000d8c7                AcpiExCreateRegion
                0x00000000c000da27                AcpiExCreateProcessor
                0x00000000c000dad0                AcpiExCreatePowerResource
                0x00000000c000db64                AcpiExCreateMethod
 .text          0x00000000c000dc3f      0x557 acpica/exdebug.32
                0x00000000c000dc3f                AcpiExDoDebugObject
 .text          0x00000000c000e196        0x0 acpica/exdump.32
 .text          0x00000000c000e196      0x4d5 acpica/exfield.32
                0x00000000c000e196                AcpiExGetProtocolBufferLength
                0x00000000c000e1ea                AcpiExReadDataFromField
                0x00000000c000e411                AcpiExWriteDataToField
 .text          0x00000000c000e66b      0xed6 acpica/exfldio.32
                0x00000000c000e8ae                AcpiExAccessRegion
                0x00000000c000ea40                AcpiExInsertIntoField
                0x00000000c000f017                AcpiExWriteWithUpdateRule
                0x00000000c000f209                AcpiExExtractFromField
 .text          0x00000000c000f541      0x664 acpica/exmisc.32
                0x00000000c000f541                AcpiExGetObjectReference
                0x00000000c000f63c                AcpiExDoMathOp
                0x00000000c000f80d                AcpiExDoLogicalNumericOp
                0x00000000c000f911                AcpiExDoLogicalOp
 .text          0x00000000c000fba5      0x5d0 acpica/exmutex.32
                0x00000000c000fba5                AcpiExUnlinkMutex
                0x00000000c000fc4b                AcpiExAcquireMutexObject
                0x00000000c000fd20                AcpiExAcquireMutex
                0x00000000c000fe67                AcpiExReleaseMutexObject
                0x00000000c000ff06                AcpiExReleaseMutex
                0x00000000c00100e3                AcpiExReleaseAllMutexes
 .text          0x00000000c0010175      0x457 acpica/exnames.32
                0x00000000c001034d                AcpiExGetNameString
 .text          0x00000000c00105cc     0x1142 acpica/exoparg1.32
                0x00000000c00105cc                AcpiExOpcode_0A_0T_1R
                0x00000000c0010682                AcpiExOpcode_1A_0T_0R
                0x00000000c0010784                AcpiExOpcode_1A_1T_0R
                0x00000000c00107fe                AcpiExOpcode_1A_1T_1R
                0x00000000c0010fce                AcpiExOpcode_1A_0T_1R
 .text          0x00000000c001170e      0x8df acpica/exoparg2.32
                0x00000000c001170e                AcpiExOpcode_2A_0T_0R
                0x00000000c00117df                AcpiExOpcode_2A_2T_1R
                0x00000000c001195f                AcpiExOpcode_2A_1T_1R
                0x00000000c0011e0c                AcpiExOpcode_2A_0T_1R
 .text          0x00000000c0011fed      0x33c acpica/exoparg3.32
                0x00000000c0011fed                AcpiExOpcode_3A_0T_0R
                0x00000000c00120ec                AcpiExOpcode_3A_1T_1R
 .text          0x00000000c0012329      0x36c acpica/exoparg6.32
                0x00000000c0012436                AcpiExOpcode_6A_0T_1R
 .text          0x00000000c0012695      0x53f acpica/exprep.32
                0x00000000c001274f                AcpiExPrepCommonFieldObject
                0x00000000c00127e7                AcpiExPrepFieldValue
 .text          0x00000000c0012bd4      0x4b7 acpica/exregion.32
                0x00000000c0012bd4                AcpiExSystemMemorySpaceHandler
                0x00000000c0012ed9                AcpiExSystemIoSpaceHandler
                0x00000000c0012f56                AcpiExPciConfigSpaceHandler
                0x00000000c0012fe7                AcpiExCmosSpaceHandler
                0x00000000c0013005                AcpiExPciBarSpaceHandler
                0x00000000c0013023                AcpiExDataTableSpaceHandler
 .text          0x00000000c001308b      0x360 acpica/exresnte.32
                0x00000000c001308b                AcpiExResolveNodeToValue
 .text          0x00000000c00133eb      0x61b acpica/exresolv.32
                0x00000000c001362c                AcpiExResolveToValue
                0x00000000c00136ec                AcpiExResolveMultiple
 .text          0x00000000c0013a06      0x7cc acpica/exresop.32
                0x00000000c0013a93                AcpiExResolveOperands
 .text          0x00000000c00141d2      0x3a2 acpica/exserial.32
                0x00000000c00141d2                AcpiExReadGpio
                0x00000000c001421c                AcpiExWriteGpio
                0x00000000c0014280                AcpiExReadSerialBus
                0x00000000c00143d8                AcpiExWriteSerialBus
 .text          0x00000000c0014574      0x588 acpica/exstore.32
                0x00000000c001478b                AcpiExStoreObjectToNode
                0x00000000c001497a                AcpiExStore
 .text          0x00000000c0014afc      0x296 acpica/exstoren.32
                0x00000000c0014afc                AcpiExResolveObject
                0x00000000c0014c1a                AcpiExStoreObjectToObject
 .text          0x00000000c0014d92      0x202 acpica/exstorob.32
                0x00000000c0014d92                AcpiExStoreBufferToBuffer
                0x00000000c0014e89                AcpiExStoreStringToString
 .text          0x00000000c0014f94      0x206 acpica/exsystem.32
                0x00000000c0014f94                AcpiExSystemWaitSemaphore
                0x00000000c0014fee                AcpiExSystemWaitMutex
                0x00000000c0015048                AcpiExSystemDoStall
                0x00000000c0015094                AcpiExSystemDoSleep
                0x00000000c00150e8                AcpiExSystemSignalEvent
                0x00000000c0015117                AcpiExSystemWaitEvent
                0x00000000c0015151                AcpiExSystemResetEvent
 .text          0x00000000c001519a      0x1ec acpica/extrace.32
                0x00000000c0015205                AcpiExTracePoint
                0x00000000c0015214                AcpiExStartTraceMethod
                0x00000000c00152cb                AcpiExStopTraceMethod
                0x00000000c0015356                AcpiExStartTraceOpcode
                0x00000000c001536e                AcpiExStopTraceOpcode
 .text          0x00000000c0015386      0x525 acpica/exutils.32
                0x00000000c0015386                AcpiExEnterInterpreter
                0x00000000c00153f0                AcpiExExitInterpreter
                0x00000000c001545a                AcpiExTruncateFor32bitTable
                0x00000000c00154c0                AcpiExAcquireGlobalLock
                0x00000000c0015517                AcpiExReleaseGlobalLock
                0x00000000c00155ef                AcpiExEisaIdToString
                0x00000000c0015710                AcpiExIntegerToString
                0x00000000c0015789                AcpiExPciClsToString
                0x00000000c001587e                AcpiIsValidSpaceId
 .text          0x00000000c00158ab      0x1ae acpica/hwacpi.32
                0x00000000c00158ab                AcpiHwGetMode
                0x00000000c0015907                AcpiHwSetMode
 .text          0x00000000c0015a59      0x2a5 acpica/hwesleep.32
                0x00000000c0015a59                AcpiHwExecuteSleepMethod
                0x00000000c0015ad1                AcpiHwExtendedSleep
                0x00000000c0015c20                AcpiHwExtendedWakePrep
                0x00000000c0015c8b                AcpiHwExtendedWake
 .text          0x00000000c0015cfe      0x55c acpica/hwgpe.32
                0x00000000c0015cfe                AcpiHwGetGpeRegisterBit
                0x00000000c0015d28                AcpiHwLowSetGpe
                0x00000000c0015e5f                AcpiHwClearGpe
                0x00000000c0015ead                AcpiHwGetGpeStatus
                0x00000000c0016050                AcpiHwDisableGpeBlock
                0x00000000c00160ac                AcpiHwEnableRuntimeGpeBlock
                0x00000000c0016199                AcpiHwClearGpeBlock
                0x00000000c00161fa                AcpiHwDisableAllGpes
                0x00000000c001621a                AcpiHwEnableAllRuntimeGpes
                0x00000000c001623a                AcpiHwEnableAllWakeupGpes
 .text          0x00000000c001625a      0x338 acpica/hwpci.32
                0x00000000c0016538                AcpiHwDerivePciId
 .text          0x00000000c0016592      0xbfa acpica/hwregs.32
                0x00000000c00167af                AcpiHwValidateRegister
                0x00000000c00168f0                AcpiHwRead
                0x00000000c0016ae6                AcpiHwWrite
                0x00000000c0016c96                AcpiHwGetBitRegisterInfo
                0x00000000c0016cd0                AcpiHwWritePm1Control
                0x00000000c0016de8                AcpiHwRegisterRead
                0x00000000c0016f97                AcpiHwRegisterWrite
                0x00000000c001711f                AcpiHwClearAcpiStatus
 .text          0x00000000c001718c      0x417 acpica/hwsleep.32
                0x00000000c001718c                AcpiHwLegacySleep
                0x00000000c00173e7                AcpiHwLegacyWakePrep
                0x00000000c00174de                AcpiHwLegacyWake
 .text          0x00000000c00175a3      0x1a6 acpica/hwtimer.32
                0x00000000c00175a3                AcpiGetTimerResolution
                0x00000000c00175d8                AcpiGetTimer
                0x00000000c0017647                AcpiGetTimerDuration
 .text          0x00000000c0017749      0x331 acpica/hwvalid.32
                0x00000000c00178b2                AcpiHwReadPort
                0x00000000c00179a4                AcpiHwWritePort
 .text          0x00000000c0017a7a      0x47c acpica/hwxface.32
                0x00000000c0017a7a                AcpiReset
                0x00000000c0017b12                AcpiRead
                0x00000000c0017b31                AcpiWrite
                0x00000000c0017b5f                AcpiReadBitRegister
                0x00000000c0017bd9                AcpiWriteBitRegister
                0x00000000c0017cf9                AcpiGetSleepTypeData
 .text          0x00000000c0017ef6      0x3c1 acpica/hwxfsleep.32
                0x00000000c0017f68                AcpiSetFirmwareWakingVector
                0x00000000c0017fbd                AcpiEnterSleepStateS4bios
                0x00000000c0018105                AcpiEnterSleepStatePrep
                0x00000000c00181f4                AcpiEnterSleepState
                0x00000000c0018263                AcpiLeaveSleepStatePrep
                0x00000000c001828d                AcpiLeaveSleepState
 .text          0x00000000c00182b7      0x7cd acpica/nsaccess.32
                0x00000000c00182b7                AcpiNsRootInitialize
                0x00000000c001862e                AcpiNsLookup
 .text          0x00000000c0018a84      0x44a acpica/nsalloc.32
                0x00000000c0018a84                AcpiNsCreateNode
                0x00000000c0018ac0                AcpiNsDeleteNode
                0x00000000c0018b5c                AcpiNsRemoveNode
                0x00000000c0018bc5                AcpiNsInstallNode
                0x00000000c0018c79                AcpiNsDeleteChildren
                0x00000000c0018ced                AcpiNsDeleteNamespaceSubtree
                0x00000000c0018da3                AcpiNsDeleteNamespaceByOwner
 .text          0x00000000c0018ece      0x3ca acpica/nsarguments.32
                0x00000000c0018ece                AcpiNsCheckArgumentTypes
                0x00000000c0018fd6                AcpiNsCheckAcpiCompliance
                0x00000000c0019129                AcpiNsCheckArgumentCount
 .text          0x00000000c0019298      0x5e2 acpica/nsconvert.32
                0x00000000c0019298                AcpiNsConvertToInteger
                0x00000000c00193af                AcpiNsConvertToString
                0x00000000c00194b2                AcpiNsConvertToBuffer
                0x00000000c001960b                AcpiNsConvertToUnicode
                0x00000000c00196cf                AcpiNsConvertToResource
                0x00000000c0019783                AcpiNsConvertToReference
 .text          0x00000000c001987a        0x0 acpica/nsdump.32
 .text          0x00000000c001987a        0x0 acpica/nsdumpdv.32
 .text          0x00000000c001987a      0x38e acpica/nseval.32
                0x00000000c001987a                AcpiNsEvaluate
 .text          0x00000000c0019c08      0x6b7 acpica/nsinit.32
                0x00000000c0019e21                AcpiNsInitializeObjects
                0x00000000c0019e82                AcpiNsInitializeDevices
                0x00000000c001a04c                AcpiNsInitOnePackage
 .text          0x00000000c001a2bf       0xdb acpica/nsload.32
                0x00000000c001a2bf                AcpiNsLoadTable
 .text          0x00000000c001a39a      0x592 acpica/nsnames.32
                0x00000000c001a39a                AcpiNsHandleToName
                0x00000000c001a40d                AcpiNsBuildNormalizedPath
                0x00000000c001a566                AcpiNsGetPathnameLength
                0x00000000c001a5bd                AcpiNsHandleToPathname
                0x00000000c001a64b                AcpiNsGetNormalizedPathname
                0x00000000c001a6ce                AcpiNsGetExternalPathname
                0x00000000c001a7e2                AcpiNsBuildPrefixedPathname
 .text          0x00000000c001a92c      0x45a acpica/nsobject.32
                0x00000000c001a92c                AcpiNsDetachObject
                0x00000000c001aa18                AcpiNsAttachObject
                0x00000000c001ab86                AcpiNsGetAttachedObject
                0x00000000c001abee                AcpiNsGetSecondaryObject
                0x00000000c001ac24                AcpiNsAttachData
                0x00000000c001acc2                AcpiNsDetachData
                0x00000000c001ad3a                AcpiNsGetAttachedData
 .text          0x00000000c001ad86      0x359 acpica/nsparse.32
                0x00000000c001ad86                AcpiNsExecuteTable
                0x00000000c001af30                AcpiNsOneCompleteParse
                0x00000000c001b0c0                AcpiNsParseTable
 .text          0x00000000c001b0df      0x3b5 acpica/nspredef.32
                0x00000000c001b1ac                AcpiNsCheckObjectType
                0x00000000c001b37d                AcpiNsCheckReturnValue
 .text          0x00000000c001b494      0x9d3 acpica/nsprepkg.32
                0x00000000c001b9dc                AcpiNsCheckPackage
 .text          0x00000000c001be67      0x47e acpica/nsrepair.32
                0x00000000c001becb                AcpiNsRepairNullElement
                0x00000000c001bf84                AcpiNsRemoveNullElements
                0x00000000c001c018                AcpiNsWrapWithPackage
                0x00000000c001c066                AcpiNsSimpleRepair
 .text          0x00000000c001c2e5      0x9f8 acpica/nsrepair2.32
                0x00000000c001c6c5                AcpiNsComplexRepairs
 .text          0x00000000c001ccdd      0x27a acpica/nssearch.32
                0x00000000c001ccdd                AcpiNsSearchOneScope
                0x00000000c001cda5                AcpiNsSearchAndEnter
 .text          0x00000000c001cf57      0x819 acpica/nsutils.32
                0x00000000c001cf57                AcpiNsPrintNodePathname
                0x00000000c001cfd7                AcpiNsGetType
                0x00000000c001d00f                AcpiNsLocal
                0x00000000c001d05d                AcpiNsGetInternalNameLength
                0x00000000c001d136                AcpiNsBuildInternalName
                0x00000000c001d2dd                AcpiNsInternalizeName
                0x00000000c001d370                AcpiNsExternalizeName
                0x00000000c001d5b4                AcpiNsValidateHandle
                0x00000000c001d5e0                AcpiNsTerminate
                0x00000000c001d631                AcpiNsOpensScope
                0x00000000c001d670                AcpiNsGetNodeUnlocked
                0x00000000c001d726                AcpiNsGetNode
 .text          0x00000000c001d770      0x264 acpica/nswalk.32
                0x00000000c001d770                AcpiNsGetNextNode
                0x00000000c001d789                AcpiNsGetNextNodeTyped
                0x00000000c001d7de                AcpiNsWalkNamespace
 .text          0x00000000c001d9d4      0x94e acpica/nsxfeval.32
                0x00000000c001dc40                AcpiEvaluateObject
                0x00000000c001def9                AcpiEvaluateObjectTyped
                0x00000000c001e071                AcpiWalkNamespace
                0x00000000c001e12f                AcpiGetDevices
                0x00000000c001e1a2                AcpiAttachData
                0x00000000c001e225                AcpiDetachData
                0x00000000c001e29f                AcpiGetData
 .text          0x00000000c001e322      0x7f2 acpica/nsxfname.32
                0x00000000c001e322                AcpiGetHandle
                0x00000000c001e3d9                AcpiGetName
                0x00000000c001e4b9                AcpiGetObjectInfo
                0x00000000c001e8d0                AcpiInstallMethod
 .text          0x00000000c001eb14      0x1f1 acpica/nsxfobj.32
                0x00000000c001eb14                AcpiGetType
                0x00000000c001eba6                AcpiGetParent
                0x00000000c001ec34                AcpiGetNextObject
 .text          0x00000000c001ed05      0xb9c acpica/psargs.32
                0x00000000c001ed80                AcpiPsGetNextPackageEnd
                0x00000000c001eda7                AcpiPsGetNextNamestring
                0x00000000c001ee2d                AcpiPsGetNextNamepath
                0x00000000c001f06f                AcpiPsGetNextSimpleArg
                0x00000000c001f581                AcpiPsGetNextArg
 .text          0x00000000c001f8a1      0x8ef acpica/psloop.32
                0x00000000c001fac4                AcpiPsParseLoop
 .text          0x00000000c0020190      0xb0d acpica/psobject.32
                0x00000000c00202d5                AcpiPsBuildNamedOp
                0x00000000c0020497                AcpiPsCreateOp
                0x00000000c00206f6                AcpiPsCompleteOp
                0x00000000c0020b0e                AcpiPsCompleteFinalOp
 .text          0x00000000c0020c9d        0x0 acpica/psopcode.32
 .text          0x00000000c0020c9d       0x97 acpica/psopinfo.32
                0x00000000c0020c9d                AcpiPsGetOpcodeInfo
                0x00000000c0020d07                AcpiPsGetOpcodeName
                0x00000000c0020d1b                AcpiPsGetArgumentCount
 .text          0x00000000c0020d34      0x936 acpica/psparse.32
                0x00000000c0020d34                AcpiPsGetOpcodeSize
                0x00000000c0020d4e                AcpiPsPeekOpcode
                0x00000000c0020d90                AcpiPsCompleteThisOp
                0x00000000c00210a6                AcpiPsNextParseState
                0x00000000c00211fe                AcpiPsParseAml
 .text          0x00000000c002166a      0x1f4 acpica/psscope.32
                0x00000000c002166a                AcpiPsGetParentScope
                0x00000000c0021678                AcpiPsHasCompletedScope
                0x00000000c00216ac                AcpiPsInitScope
                0x00000000c0021712                AcpiPsPushScope
                0x00000000c0021795                AcpiPsPopScope
                0x00000000c002181d                AcpiPsCleanupScope
 .text          0x00000000c002185e      0x218 acpica/pstree.32
                0x00000000c002185e                AcpiPsGetArg
                0x00000000c00218d6                AcpiPsAppendArg
                0x00000000c00219ac                AcpiPsGetDepthNext
 .text          0x00000000c0021a76      0x1cc acpica/psutils.32
                0x00000000c0021a76                AcpiPsInitOp
                0x00000000c0021a97                AcpiPsAllocOp
                0x00000000c0021b61                AcpiPsCreateScopeOp
                0x00000000c0021b96                AcpiPsFreeOp
                0x00000000c0021bd9                AcpiPsIsLeadingChar
                0x00000000c0021bff                AcpiPsGetName
                0x00000000c0021c21                AcpiPsSetName
 .text          0x00000000c0021c42       0x99 acpica/pswalk.32
                0x00000000c0021c42                AcpiPsDeleteParseTree
 .text          0x00000000c0021cdb      0x4a2 acpica/psxface.32
                0x00000000c0021cdb                AcpiDebugTrace
                0x00000000c0021d35                AcpiPsExecuteTable
                0x00000000c0021f10                AcpiPsExecuteMethod
 .text          0x00000000c002217d       0xf7 acpica/rsaddr.32
                0x00000000c002217d                AcpiRsGetAddressCommon
                0x00000000c0022205                AcpiRsSetAddressCommon
 .text          0x00000000c0022274      0x7f5 acpica/rscalc.32
                0x00000000c00222ea                AcpiRsGetAmlLength
                0x00000000c00225a4                AcpiRsGetListLength
                0x00000000c0022940                AcpiRsGetPciRoutingTableLength
 .text          0x00000000c0022a69      0x567 acpica/rscreate.32
                0x00000000c0022a69                AcpiBufferToResource
                0x00000000c0022b24                AcpiRsCreateResourceList
                0x00000000c0022bc0                AcpiRsCreatePciRoutingTable
                0x00000000c0022f47                AcpiRsCreateAmlResources
 .text          0x00000000c0022fd0        0x0 acpica/rsdump.32
 .text          0x00000000c0022fd0        0x0 acpica/rsdumpinfo.32
 .text          0x00000000c0022fd0        0x0 acpica/rsinfo.32
 .text          0x00000000c0022fd0        0x0 acpica/rsio.32
 .text          0x00000000c0022fd0        0x0 acpica/rsirq.32
 .text          0x00000000c0022fd0      0x2a0 acpica/rslist.32
                0x00000000c0022fd0                AcpiRsConvertAmlToResources
                0x00000000c00230e4                AcpiRsConvertResourcesToAml
 .text          0x00000000c0023270        0x0 acpica/rsmemory.32
 .text          0x00000000c0023270      0xd8c acpica/rsmisc.32
                0x00000000c0023270                AcpiRsConvertAmlToResource
                0x00000000c00239fb                AcpiRsConvertResourceToAml
 .text          0x00000000c0023ffc        0x0 acpica/rsserial.32
 .text          0x00000000c0023ffc      0x61c acpica/rsutils.32
                0x00000000c0023ffc                AcpiRsDecodeBitmask
                0x00000000c002404a                AcpiRsEncodeBitmask
                0x00000000c002409b                AcpiRsMoveData
                0x00000000c0024173                AcpiRsSetResourceLength
                0x00000000c00241cb                AcpiRsSetResourceHeader
                0x00000000c0024242                AcpiRsGetResourceSource
                0x00000000c002431b                AcpiRsSetResourceSource
                0x00000000c0024380                AcpiRsGetPrtMethodData
                0x00000000c00243d3                AcpiRsGetCrsMethodData
                0x00000000c0024426                AcpiRsGetPrsMethodData
                0x00000000c0024479                AcpiRsGetAeiMethodData
                0x00000000c00244cc                AcpiRsGetMethodData
                0x00000000c002451d                AcpiRsSetSrsMethodData
 .text          0x00000000c0024618      0x698 acpica/rsxface.32
                0x00000000c0024757                AcpiGetIrqRoutingTable
                0x00000000c002479a                AcpiGetCurrentResources
                0x00000000c00247dd                AcpiGetPossibleResources
                0x00000000c0024820                AcpiSetCurrentResources
                0x00000000c0024883                AcpiGetEventResources
                0x00000000c00248c6                AcpiResourceToAddress64
                0x00000000c0024ae7                AcpiWalkResourceBuffer
                0x00000000c0024ba5                AcpiWalkResources
                0x00000000c0024c5a                AcpiGetVendorResource
 .text          0x00000000c0024cb0      0xd8f acpica/tbdata.32
                0x00000000c0024cb0                AcpiTbInitTableDescriptor
                0x00000000c0024d0f                AcpiTbAcquireTable
                0x00000000c0024d97                AcpiTbReleaseTable
                0x00000000c0024e73                AcpiTbAcquireTempTable
                0x00000000c0024f3a                AcpiTbValidateTable
                0x00000000c0024f8a                AcpiTbInvalidateTable
                0x00000000c0024fcd                AcpiTbReleaseTempTable
                0x00000000c0024fe4                AcpiTbValidateTempTable
                0x00000000c00250c9                AcpiTbVerifyTempTable
                0x00000000c002528f                AcpiTbResizeRootTableList
                0x00000000c0025441                AcpiTbGetNextTableDescriptor
                0x00000000c00254be                AcpiTbTerminate
                0x00000000c002555e                AcpiTbDeleteNamespaceByOwner
                0x00000000c0025617                AcpiTbAllocateOwnerId
                0x00000000c002567f                AcpiTbReleaseOwnerId
                0x00000000c00256eb                AcpiTbGetOwnerId
                0x00000000c0025751                AcpiTbIsTableLoaded
                0x00000000c00257b5                AcpiTbSetTableLoadedFlag
                0x00000000c0025881                AcpiTbNotifyTable
                0x00000000c00258ad                AcpiTbLoadTable
                0x00000000c0025936                AcpiTbInstallAndLoadTable
                0x00000000c00259ab                AcpiTbUnloadTable
 .text          0x00000000c0025a3f      0x8f3 acpica/tbfadt.32
                0x00000000c0026161                AcpiTbCreateLocalFadt
                0x00000000c0026204                AcpiTbParseFadt
 .text          0x00000000c0026332      0x27a acpica/tbfind.32
                0x00000000c0026332                AcpiTbFindTable
 .text          0x00000000c00265ac      0x47b acpica/tbinstal.32
                0x00000000c00265ac                AcpiTbUninstallTable
                0x00000000c0026619                AcpiTbOverrideTable
                0x00000000c002679f                AcpiTbInstallTableWithOverride
                0x00000000c002687f                AcpiTbInstallStandardTable
 .text          0x00000000c0026a27      0x2ae acpica/tbprint.32
                0x00000000c0026acb                AcpiTbPrintTableHeader
                0x00000000c0026c23                AcpiTbChecksum
                0x00000000c0026c55                AcpiTbVerifyChecksum
 .text          0x00000000c0026cd5      0x609 acpica/tbutils.32
                0x00000000c0026cd5                AcpiTbInitializeFacs
                0x00000000c0026d79                AcpiTbCheckDsdtHeader
                0x00000000c0026e03                AcpiTbCopyDsdt
                0x00000000c0026f68                AcpiTbParseRootTable
                0x00000000c00271fa                AcpiTbGetTable
                0x00000000c0027279                AcpiTbPutTable
 .text          0x00000000c00272de      0x62b acpica/tbxface.32
                0x00000000c00272de                AcpiAllocateRootTable
                0x00000000c00272fa                AcpiInitializeTables
                0x00000000c00273c4                AcpiReallocateRootTable
                0x00000000c002750e                AcpiGetTableHeader
                0x00000000c002768e                AcpiGetTable
                0x00000000c002774f                AcpiPutTable
                0x00000000c00277d1                AcpiGetTableByIndex
                0x00000000c0027851                AcpiInstallTableHandler
                0x00000000c00278b3                AcpiRemoveTableHandler
 .text          0x00000000c0027909      0x519 acpica/tbxfload.32
                0x00000000c0027909                AcpiTbLoadNamespace
                0x00000000c0027bab                AcpiLoadTables
                0x00000000c0027c30                AcpiInstallTable
                0x00000000c0027c80                AcpiLoadTable
                0x00000000c0027ce1                AcpiUnloadParentTable
                0x00000000c0027df9                AcpiUnloadTable
 .text          0x00000000c0027e22      0x2e0 acpica/tbxfroot.32
                0x00000000c0027e22                AcpiTbGetRsdpLength
                0x00000000c0027e62                AcpiTbValidateRsdp
                0x00000000c0027ed0                AcpiTbScanMemoryForRsdp
                0x00000000c0027f18                AcpiFindRootPointer
 .text          0x00000000c0028102      0x31c acpica/utaddress.32
                0x00000000c0028102                AcpiUtAddAddressRange
                0x00000000c00281ac                AcpiUtRemoveAddressRange
                0x00000000c0028233                AcpiUtCheckAddressRange
                0x00000000c00283c4                AcpiUtDeleteAddressLists
 .text          0x00000000c002841e      0x28d acpica/utalloc.32
                0x00000000c002841e                AcpiOsAllocateZeroed
                0x00000000c0028453                AcpiUtCreateCaches
                0x00000000c0028517                AcpiUtDeleteCaches
                0x00000000c00285ab                AcpiUtValidateBuffer
                0x00000000c00285f7                AcpiUtInitializeBuffer
 .text          0x00000000c00286ab       0xeb acpica/utascii.32
                0x00000000c00286ab                AcpiUtValidNameChar
                0x00000000c00286ed                AcpiUtValidNameseg
                0x00000000c002872d                AcpiUtCheckAndRepairAscii
 .text          0x00000000c0028796      0x2b9 acpica/utbuffer.32
                0x00000000c0028796                AcpiUtDumpBuffer
                0x00000000c0028a17                AcpiUtDebugDumpBuffer
 .text          0x00000000c0028a4f      0x2d4 acpica/utcache.32
                0x00000000c0028a4f                AcpiOsCreateCache
                0x00000000c0028ad7                AcpiOsPurgeCache
                0x00000000c0028b57                AcpiOsDeleteCache
                0x00000000c0028b8e                AcpiOsReleaseObject
                0x00000000c0028c41                AcpiOsAcquireObject
 .text          0x00000000c0028d23      0x6ff acpica/utclib.32
                0x00000000c0028d23                memcmp
                0x00000000c0028d7b                memmove
                0x00000000c0028de8                memcpy
                0x00000000c0028e5f                memset
                0x00000000c0028e88                strlen
                0x00000000c0028eab                strpbrk
                0x00000000c0028eed                strtok
                0x00000000c0028f7b                strcpy
                0x00000000c0028fad                strncpy
                0x00000000c0029001                strcmp
                0x00000000c0029043                strchr
                0x00000000c002906c                strncmp
                0x00000000c00290c8                strcat
                0x00000000c0029109                strncat
                0x00000000c0029165                strstr
                0x00000000c00291b8                toupper
                0x00000000c00291de                tolower
                0x00000000c0029204                simple_strtoul
 .text          0x00000000c0029422      0xaf8 acpica/utcopy.32
                0x00000000c002977f                AcpiUtCopyIobjectToEobject
                0x00000000c00299b1                AcpiUtCopyEobjectToIobject
                0x00000000c0029e7f                AcpiUtCopyIobjectToIobject
 .text          0x00000000c0029f1a        0x0 acpica/utdebug.32
 .text          0x00000000c0029f1a      0x1db acpica/utdecode.32
                0x00000000c0029f1a                AcpiUtGetRegionName
                0x00000000c0029f68                AcpiUtGetEventName
                0x00000000c0029f84                AcpiUtGetTypeName
                0x00000000c0029fa0                AcpiUtGetObjectTypeName
                0x00000000c0029fe5                AcpiUtGetNodeName
                0x00000000c002a040                AcpiUtGetDescriptorName
                0x00000000c002a073                AcpiUtGetReferenceName
                0x00000000c002a0c8                AcpiUtGetMutexName
                0x00000000c002a0e4                AcpiUtValidObjectType
 .text          0x00000000c002a0f5      0x83c acpica/utdelete.32
                0x00000000c002a0f5                AcpiUtRemoveReference
                0x00000000c002a62c                AcpiUtUpdateObjectReference
                0x00000000c002a8c3                AcpiUtAddReference
                0x00000000c002a8f4                AcpiUtDeleteInternalObjectList
 .text          0x00000000c002a931      0x28c acpica/uterror.32
                0x00000000c002a931                AcpiUtPredefinedWarning
                0x00000000c002a991                AcpiUtPredefinedInfo
                0x00000000c002a9f1                AcpiUtPredefinedBiosError
                0x00000000c002aa51                AcpiUtPrefixedNamespaceError
                0x00000000c002ab22                AcpiUtMethodError
 .text          0x00000000c002abbd      0x323 acpica/uteval.32
                0x00000000c002abbd                AcpiUtEvaluateObject
                0x00000000c002ad98                AcpiUtEvaluateNumericObject
                0x00000000c002ade5                AcpiUtExecute_STA
                0x00000000c002ae49                AcpiUtExecutePowerMethods
 .text          0x00000000c002aee0      0x124 acpica/utexcep.32
                0x00000000c002aee0                AcpiUtValidateException
                0x00000000c002afc2                AcpiFormatException
 .text          0x00000000c002b004        0x0 acpica/utglobal.32
 .text          0x00000000c002b004       0xea acpica/uthex.32
                0x00000000c002b004                AcpiUtHexToAsciiChar
                0x00000000c002b050                AcpiUtAsciiCharToHex
                0x00000000c002b077                AcpiUtAsciiToHexByte
 .text          0x00000000c002b0ee      0x4eb acpica/utids.32
                0x00000000c002b0ee                AcpiUtExecute_HID
                0x00000000c002b1ce                AcpiUtExecute_UID
                0x00000000c002b2ae                AcpiUtExecute_CID
                0x00000000c002b4a7                AcpiUtExecute_CLS
 .text          0x00000000c002b5d9      0x344 acpica/utinit.32
                0x00000000c002b661                AcpiUtInitGlobals
                0x00000000c002b8c0                AcpiUtSubsystemShutdown
 .text          0x00000000c002b91d      0x1c7 acpica/utlock.32
                0x00000000c002b91d                AcpiUtCreateRwLock
                0x00000000c002b96c                AcpiUtDeleteRwLock
                0x00000000c002b9b5                AcpiUtAcquireReadLock
                0x00000000c002ba30                AcpiUtReleaseReadLock
                0x00000000c002baa2                AcpiUtAcquireWriteLock
                0x00000000c002bac8                AcpiUtReleaseWriteLock
 .text          0x00000000c002bae4      0x210 acpica/utmath.32
                0x00000000c002bae4                AcpiUtShortMultiply
                0x00000000c002bb2f                AcpiUtShortShiftLeft
                0x00000000c002bb78                AcpiUtShortShiftRight
                0x00000000c002bbc1                AcpiUtShortDivide
                0x00000000c002bc52                AcpiUtDivide
 .text          0x00000000c002bcf4      0x2ca acpica/utmisc.32
                0x00000000c002bcf4                AcpiUtIsPciRootBridge
                0x00000000c002bd30                AcpiUtDwordByteSwap
                0x00000000c002bd59                AcpiUtSetIntegerWidth
                0x00000000c002bd9a                AcpiUtCreateUpdateStateAndPush
                0x00000000c002bdef                AcpiUtWalkPackageTree
 .text          0x00000000c002bfbe      0x371 acpica/utmutex.32
                0x00000000c002c029                AcpiUtMutexInitialize
                0x00000000c002c14b                AcpiUtMutexTerminate
                0x00000000c002c1c8                AcpiUtAcquireMutex
                0x00000000c002c283                AcpiUtReleaseMutex
 .text          0x00000000c002c32f       0xd0 acpica/utnonansi.32
                0x00000000c002c32f                AcpiUtStrlwr
                0x00000000c002c36f                AcpiUtStrupr
                0x00000000c002c3af                AcpiUtStricmp
 .text          0x00000000c002c3ff      0x5ff acpica/utobject.32
                0x00000000c002c3ff                AcpiUtValidInternalObject
                0x00000000c002c423                AcpiUtAllocateObjectDescDbg
                0x00000000c002c46c                AcpiUtDeleteObjectDesc
                0x00000000c002c4c1                AcpiUtCreateInternalObjectDbg
                0x00000000c002c563                AcpiUtCreatePackageObject
                0x00000000c002c5d7                AcpiUtCreateIntegerObject
                0x00000000c002c623                AcpiUtCreateBufferObject
                0x00000000c002c6ca                AcpiUtCreateStringObject
                0x00000000c002c9b5                AcpiUtGetObjectSize
 .text          0x00000000c002c9fe      0x4f3 acpica/utosi.32
                0x00000000c002c9fe                AcpiUtInitializeInterfaces
                0x00000000c002ca88                AcpiUtInterfaceTerminate
                0x00000000c002cb59                AcpiUtInstallInterface
                0x00000000c002cbf2                AcpiUtRemoveInterface
                0x00000000c002ccc8                AcpiUtUpdateInterfaces
                0x00000000c002cd59                AcpiUtGetInterface
                0x00000000c002cd9c                AcpiUtOsiImplementation
 .text          0x00000000c002cef1      0x246 acpica/utownerid.32
                0x00000000c002cef1                AcpiUtAllocateOwnerId
                0x00000000c002d055                AcpiUtReleaseOwnerId
 .text          0x00000000c002d137       0xfd acpica/utpredef.32
                0x00000000c002d137                AcpiUtGetNextPredefinedMethod
                0x00000000c002d161                AcpiUtMatchPredefinedMethod
                0x00000000c002d1b4                AcpiUtGetExpectedReturnTypes
 .text          0x00000000c002d234      0x9ed acpica/utprint.32
                0x00000000c002d35e                AcpiUtScanNumber
                0x00000000c002d3e1                AcpiUtPrintNumber
                0x00000000c002d6b7                vsnprintf
                0x00000000c002dbd0                snprintf
                0x00000000c002dbf9                sprintf
 .text          0x00000000c002dc21        0x0 acpica/utresdecode.32
 .text          0x00000000c002dc21      0x3ad acpica/utresrc.32
                0x00000000c002dc21                AcpiUtGetResourceType
                0x00000000c002dc3e                AcpiUtGetResourceLength
                0x00000000c002dc71                AcpiUtValidateResource
                0x00000000c002de04                AcpiUtGetResourceHeaderLength
                0x00000000c002de18                AcpiUtGetDescriptorLength
                0x00000000c002de45                AcpiUtWalkAmlResources
                0x00000000c002df84                AcpiUtGetResourceEndTag
 .text          0x00000000c002dfce      0x1ce acpica/utstate.32
                0x00000000c002dfce                AcpiUtPushGenericState
                0x00000000c002dfe6                AcpiUtPopGenericState
                0x00000000c002e009                AcpiUtCreateGenericState
                0x00000000c002e035                AcpiUtCreateThreadState
                0x00000000c002e0bb                AcpiUtCreateUpdateState
                0x00000000c002e0fc                AcpiUtCreatePkgState
                0x00000000c002e148                AcpiUtCreateControlState
                0x00000000c002e178                AcpiUtDeleteGenericState
 .text          0x00000000c002e19c      0x264 acpica/utstring.32
                0x00000000c002e19c                AcpiUtPrintString
                0x00000000c002e365                AcpiUtRepairName
 .text          0x00000000c002e400      0x425 acpica/utstrsuppt.32
                0x00000000c002e400                AcpiUtRemoveLeadingZeros
                0x00000000c002e426                AcpiUtRemoveWhitespace
                0x00000000c002e45b                AcpiUtRemoveHexPrefix
                0x00000000c002e498                AcpiUtDetectHexPrefix
                0x00000000c002e4c6                AcpiUtDetectOctalPrefix
                0x00000000c002e6ab                AcpiUtConvertOctalString
                0x00000000c002e725                AcpiUtConvertDecimalString
                0x00000000c002e7a8                AcpiUtConvertHexString
 .text          0x00000000c002e825      0x238 acpica/utstrtoul64.32
                0x00000000c002e825                AcpiUtStrtoul64
                0x00000000c002e937                AcpiUtImplicitStrtoul64
                0x00000000c002e9b3                AcpiUtExplicitStrtoul64
 .text          0x00000000c002ea5d        0x0 acpica/uttrack.32
 .text          0x00000000c002ea5d        0x0 acpica/utuuid.32
 .text          0x00000000c002ea5d      0x641 acpica/utxface.32
                0x00000000c002ea5d                AcpiTerminate
                0x00000000c002ea7a                AcpiSubsystemStatus
                0x00000000c002ea92                AcpiGetSystemInfo
                0x00000000c002eb48                AcpiGetStatistics
                0x00000000c002eb9e                AcpiInstallInitializationHandler
                0x00000000c002ebcd                AcpiPurgeCachedObjects
                0x00000000c002ec1e                AcpiInstallInterface
                0x00000000c002ecdf                AcpiRemoveInterface
                0x00000000c002ed53                AcpiInstallInterfaceHandler
                0x00000000c002edb7                AcpiUpdateInterfaces
                0x00000000c002ee14                AcpiCheckAddressRange
                0x00000000c002ee84                AcpiDecodePldBuffer
 .text          0x00000000c002f09e      0x245 acpica/utxferror.32
                0x00000000c002f09e                AcpiError
                0x00000000c002f0e7                AcpiException
                0x00000000c002f157                AcpiWarning
                0x00000000c002f1a0                AcpiInfo
                0x00000000c002f1e1                AcpiBiosError
                0x00000000c002f22a                AcpiBiosException
                0x00000000c002f29a                AcpiBiosWarning
 .text          0x00000000c002f2e3      0x218 acpica/utxfinit.32
                0x00000000c002f2e3                AcpiInitializeSubsystem
                0x00000000c002f3e1                AcpiEnableSubsystem
                0x00000000c002f4ac                AcpiInitializeObjects
 .text          0x00000000c002f4fb      0x129 acpica/utxfmutex.32
                0x00000000c002f58f                AcpiAcquireMutex
                0x00000000c002f5e0                AcpiReleaseMutex
 .text          0x00000000c002f624      0xfd0 core/malloc.32
                0x00000000c002f78f                dlfree
                0x00000000c002faec                dlmalloc
                0x00000000c0030038                dlrealloc
                0x00000000c00301ed                dlmemalign
                0x00000000c0030310                dlcalloc
                0x00000000c00303aa                dlcfree
                0x00000000c00303af                dlindependent_calloc
                0x00000000c00303d4                dlindependent_comalloc
                0x00000000c00303eb                dlvalloc
                0x00000000c0030416                dlpvalloc
                0x00000000c003044c                dlmalloc_trim
                0x00000000c0030459                dlmalloc_usable_size
                0x00000000c003048a                dlmallinfo
                0x00000000c0030559                dlmalloc_stats
                0x00000000c003056a                dlmallopt
 .text          0x00000000c00305f4        0x0 libk/string.32
 .text          0x00000000c00305f4       0x51 fs/fat/diskio.32
                0x00000000c00305f4                disk_status
                0x00000000c00305f7                disk_initialize
                0x00000000c00305fa                disk_read
                0x00000000c0030610                disk_write
                0x00000000c0030626                disk_ioctl
 .text          0x00000000c0030645     0x681b fs/fat/ff.32
                0x00000000c003390e                f_mount
                0x00000000c003396c                f_open
                0x00000000c0033da4                f_read
                0x00000000c0034024                f_write
                0x00000000c00342de                f_sync
                0x00000000c00344b6                f_close
                0x00000000c00344e5                f_lseek
                0x00000000c003499c                f_opendir
                0x00000000c0034a9e                f_closedir
                0x00000000c0034ac0                f_readdir
                0x00000000c0034b5b                f_stat
                0x00000000c0034bea                f_getfree
                0x00000000c0034db5                f_truncate
                0x00000000c0034ead                f_unlink
                0x00000000c0035031                f_mkdir
                0x00000000c003525d                f_rename
                0x00000000c003554c                f_chmod
                0x00000000c003562a                f_utime
                0x00000000c0035708                f_getlabel
                0x00000000c00358f6                f_setlabel
                0x00000000c0035b5f                f_forward
                0x00000000c0035d3d                f_mkfs
 .text          0x00000000c0036e60       0x2d fs/fat/ffsystem.32
                0x00000000c0036e60                ff_memalloc
                0x00000000c0036e76                ff_memfree
 .text          0x00000000c0036e8d      0x253 fs/fat/ffunicode.32
                0x00000000c0036e8d                ff_uni2oem
                0x00000000c0036f1d                ff_oem2uni
                0x00000000c0036f89                ff_wtoupper
 .text          0x00000000c00370e0      0xb31 hal/libresample/samplerate.32
                0x00000000c0037124                src_delete
                0x00000000c0037179                src_process
                0x00000000c0037341                src_callback_read
                0x00000000c0037533                src_set_ratio
                0x00000000c003759b                src_get_channels
                0x00000000c00375d7                src_reset
                0x00000000c003763f                src_get_name
                0x00000000c00376a0                src_get_description
                0x00000000c0037701                src_get_version
                0x00000000c0037707                src_is_valid_ratio
                0x00000000c0037739                src_error
                0x00000000c0037751                src_strerror
                0x00000000c003782e                src_short_to_float_array
                0x00000000c0037877                src_float_to_short_array
                0x00000000c0037919                src_int_to_float_array
                0x00000000c0037963                src_float_to_int_array
                0x00000000c0037a72                src_new
                0x00000000c0037b33                src_callback_new
                0x00000000c0037bb7                src_simple
 .text          0x00000000c0037c11      0x70e hal/libresample/src_linear.32
                0x00000000c0038229                linear_get_name
                0x00000000c0038240                linear_get_description
                0x00000000c0038257                linear_set_converter
 .text          0x00000000c003831f     0x31b7 hal/libresample/src_sinc.32
                0x00000000c0039897                sinc_get_name
                0x00000000c00398c8                sinc_get_description
                0x00000000c00398fb                sinc_set_converter
 .text          0x00000000c003b4d6      0x68e hal/libresample/src_zoh.32
                0x00000000c003ba6e                zoh_get_name
                0x00000000c003ba85                zoh_get_description
                0x00000000c003ba9c                zoh_set_converter
 .text          0x00000000c003bb64      0xb85 acpica/osl.32
                0x00000000c003bb64                Subhandler
                0x00000000c003bb74                isblank
                0x00000000c003bb90                iscntrl
                0x00000000c003bbac                isdigit
                0x00000000c003bbc0                islower
                0x00000000c003bbd4                isspace
                0x00000000c003bbf8                isupper
                0x00000000c003bc0c                isalpha
                0x00000000c003bc34                isalnum
                0x00000000c003bc60                ispunct
                0x00000000c003bc98                isgraph
                0x00000000c003bcc4                isprint
                0x00000000c003bce8                isxdigit
                0x00000000c003bd10                AcpiOsInitialize
                0x00000000c003bd14                AcpiOsTerminate
                0x00000000c003bd18                AcpiOsGetRootPointer
                0x00000000c003bd44                AcpiOsPredefinedOverride
                0x00000000c003bd68                AcpiOsTableOverride
                0x00000000c003bd78                AcpiOsPhysicalTableOverride
                0x00000000c003bd8c                AcpiOsReadPort
                0x00000000c003bdd8                AcpiOsWritePort
                0x00000000c003be0c                AcpiOsGetTimer
                0x00000000c003be28                AcpiOsWaitEventsComplete
                0x00000000c003be3c                AcpiOsReadPciConfiguration
                0x00000000c003beb0                AcpiOsWritePciConfiguration
                0x00000000c003bf3c                AcpiOsSignal
                0x00000000c003bf70                AcpiOsReadMemory
                0x00000000c003c008                AcpiOsEnterSleep
                0x00000000c003c00c                AcpiOsWriteMemory
                0x00000000c003c08c                AcpiOsMapMemory
                0x00000000c003c14c                AcpiOsUnmapMemory
                0x00000000c003c150                AcpiOsGetPhysicalAddress
                0x00000000c003c178                AcpiOsAllocate
                0x00000000c003c180                AcpiOsFree
                0x00000000c003c188                AcpiOsReadable
                0x00000000c003c19c                AcpiOsWritable
                0x00000000c003c1b0                AcpiOsGetThreadId
                0x00000000c003c1b8                AcpiOsExecute
                0x00000000c003c1cc                AcpiOsSleep
                0x00000000c003c1ec                AcpiOsStall
                0x00000000c003c23c                AcpiOsCreateSemaphore
                0x00000000c003c26c                AcpiOsDeleteSemaphore
                0x00000000c003c280                AcpiOsWaitSemaphore
                0x00000000c003c328                AcpiOsSignalSemaphore
                0x00000000c003c354                AcpiOsCreateLock
                0x00000000c003c370                AcpiOsDeleteLock
                0x00000000c003c374                AcpiOsAcquireLock
                0x00000000c003c37c                AcpiOsReleaseLock
                0x00000000c003c384                AcpiOsInstallInterruptHandler
                0x00000000c003c3c4                AcpiOsRemoveInterruptHandler
                0x00000000c003c3d8                __i__int_str
                0x00000000c003c67c                __i_displayCharacter
                0x00000000c003c6a0                __i_displayString
                0x00000000c003c6e0                __i_internal_printf
                0x00000000c003c6e4                AcpiOsVprintf
                0x00000000c003c6e8                AcpiOsPrintf
 *fill*         0x00000000c003c6e9        0x3 
 .text          0x00000000c003c6ec      0x73b core/computer.32
                0x00000000c003c6ec                Computer::close(int, int, void*)
                0x00000000c003c730                Computer::Computer()
                0x00000000c003c730                Computer::Computer()
                0x00000000c003c88c                Computer::setBootMessage(char const*)
                0x00000000c003c890                Computer::start()
                0x00000000c003c9fc                firstTask()
                0x00000000c003ca0c                Computer::detectFeatures()
                0x00000000c003cbec                Computer::displayFeatures()
                0x00000000c003cbf0                Computer::rdmsr(unsigned int)
                0x00000000c003cc20                Computer::wrmsr(unsigned int, unsigned long long)
                0x00000000c003cc5c                Computer::nmiEnabled()
                0x00000000c003cc68                Computer::readCMOS(unsigned char)
                0x00000000c003cc84                Computer::enableNMI(bool)
                0x00000000c003cc9c                Computer::open(int, int, void*)
                0x00000000c003cd64                Computer::disableNMI()
                0x00000000c003cd74                Computer::writeCMOS(unsigned char, unsigned char)
                0x00000000c003cd94                Computer::handleNMI()
                0x00000000c003cdfc                Computer::setDiskActivityLight(int, bool)
 .text          0x00000000c003ce27      0xe65 core/elf.32
                0x00000000c003ce27                allocateMemoryForTask(Process*, File*, unsigned long, unsigned long, unsigned long)
                0x00000000c003d0a4                loadProgramIntoMemory(Process*, char const*)
                0x00000000c003d2c8                runtimeReferenceHelper()
                0x00000000c003d2db                getAddressOfKernelSymbol(char const*)
                0x00000000c003d32a                loadKernelSymbolTable(char const*)
                0x00000000c003d5f2                loadDriverIntoMemory(char const*, unsigned long)
                0x00000000c003dbb5                loadDLL(char const*)
                0x00000000c003dc7e                executeDLL(unsigned long, void*)
 .text          0x00000000c003dc8c      0x19f core/gdt.32
                0x00000000c003dc8c                GDTEntry::setBase(unsigned int)
                0x00000000c003dca8                GDTEntry::setLimit(unsigned int)
                0x00000000c003dcc8                GDT::GDT()
                0x00000000c003dcc8                GDT::GDT()
                0x00000000c003dcde                GDT::addEntry(GDTEntry)
                0x00000000c003dd00                GDT::getNumberOfEntries()
                0x00000000c003dd08                GDT::flush()
                0x00000000c003dd2a                GDT::setup()
 .text          0x00000000c003de2b       0x61 core/idle.32
                0x00000000c003de2b                idleFunction(void*)
 .text          0x00000000c003de8c      0x3dd core/idt.32
                0x00000000c003de8c                IDTEntry::IDTEntry(bool)
                0x00000000c003de8c                IDTEntry::IDTEntry(bool)
                0x00000000c003defa                IDTEntry::setOffset(unsigned int)
                0x00000000c003df0e                IDT::IDT()
                0x00000000c003df0e                IDT::IDT()
                0x00000000c003df10                IDT::getPointerToInvalidOpcodeEntryForF00F()
                0x00000000c003df18                IDT::addEntry(IDTEntry, int)
                0x00000000c003df32                IDT::addEntry(int, void (*)(), bool)
                0x00000000c003df6a                IDT::flush()
                0x00000000c003df84                IDT::setup()
 *fill*         0x00000000c003e269        0x3 
 .text          0x00000000c003e26c      0x560 core/kconsole.32
                0x00000000c003e26c                stringifyxWithBase(unsigned int, char*, int)
                0x00000000c003e2d4                logc(char)
                0x00000000c003e2f0                logs(char*)
                0x00000000c003e310                logWriteInt(unsigned int)
                0x00000000c003e330                logWriteIntBase(unsigned int, int)
                0x00000000c003e350                kprintf(char const*, ...)
                0x00000000c003e480                panic(char const*)
 .text          0x00000000c003e7cc      0x1d6 core/kheap.32
                0x00000000c003e7cc                sbrk
                0x00000000c003e8ad                mmap
                0x00000000c003e8c3                munmap
                0x00000000c003e8d9                liballoc_lock()
                0x00000000c003e8ea                liballoc_unlock()
                0x00000000c003e8fb                liballoc_alloc(int)
                0x00000000c003e916                liballoc_free(void*, int)
                0x00000000c003e934                realloc
                0x00000000c003e948                malloc
                0x00000000c003e958                free
                0x00000000c003e968                rfree
                0x00000000c003e978                calloc
 *fill*         0x00000000c003e9a2        0x2 
 .text          0x00000000c003e9a4      0x3a4 core/main.32
                0x00000000c003e9a4                hwTextMode_loadInData(VgaText*)
                0x00000000c003e9f0                hwTextMode_loadInTitle(VgaText*, char*)
                0x00000000c003ea34                hwTextMode_showCursor(VgaText*, bool)
                0x00000000c003ea8c                hwTextMode_update(VgaText*)
                0x00000000c003ea90                hwTextMode_updateCursor(VgaText*)
                0x00000000c003ead8                hwTextMode_disableBlink(VgaText*, bool)
                0x00000000c003eb14                hwTextMode_scrollScreen(VgaText*)
                0x00000000c003eb9c                hwTextMode_writeCharacter(VgaText*, char, VgaColour, VgaColour, int, int)
                0x00000000c003ebfc                setupTextMode()
                0x00000000c003ec50                kernel_main
 .text          0x00000000c003ed48      0x491 core/physmgr.32
                0x00000000c003ed48                PhysMem::allocateDMA(unsigned long)
                0x00000000c003edf4                PhysMem::freeDMA(unsigned long, unsigned long)
                0x00000000c003ee40                PhysMem::setPageState(unsigned long, bool)
                0x00000000c003ee74                PhysMem::getPageState(unsigned long)
                0x00000000c003ee90                PhysMem::freePage(unsigned long)
                0x00000000c003ef20                PhysMem::allocatePage()
                0x00000000c003efe4                PhysMem::allowSegmentToBeUsed(unsigned long, unsigned long)
                0x00000000c003f020                PhysMem::physicalMemorySetup(unsigned int)
 *fill*         0x00000000c003f1d9        0x3 
 .text          0x00000000c003f1dc      0x273 core/pipe.32
                0x00000000c003f1dc                Pipe::isAtty()
                0x00000000c003f1e0                Pipe::~Pipe()
                0x00000000c003f1e0                Pipe::~Pipe()
                0x00000000c003f204                Pipe::~Pipe()
                0x00000000c003f22c                Pipe::read(unsigned long long, void*, int*)
                0x00000000c003f320                Pipe::write(unsigned long long, void*, int*)
                0x00000000c003f3e8                Pipe::Pipe(int)
                0x00000000c003f3e8                Pipe::Pipe(int)
 *fill*         0x00000000c003f44f        0x1 
 .text          0x00000000c003f450     0x1132 core/prcssthr.32
                0x00000000c003f450                changeTSS
                0x00000000c003f47e                Process::addArgs(char**)
                0x00000000c003f4d8                Process::Process(char const*, Process*, char**)
                0x00000000c003f4d8                Process::Process(char const*, Process*, char**)
                0x00000000c003f690                Process::Process(bool, char const*, Process*, char**)
                0x00000000c003f690                Process::Process(bool, char const*, Process*, char**)
                0x00000000c003f813                disableIRQs()
                0x00000000c003f81b                getIRQNestingLevel()
                0x00000000c003f821                enableIRQs()
                0x00000000c003f830                lockScheduler()
                0x00000000c003f832                unlockScheduler()
                0x00000000c003f834                userModeEntryPoint(void*)
                0x00000000c003f857                lockStuff()
                0x00000000c003f863                taskStartupFunction
                0x00000000c003f86c                updateTimeUsed()
                0x00000000c003f8ca                switchToThread(ThreadControlBlock*)
                0x00000000c003f91a                Semaphore::Semaphore(int)
                0x00000000c003f91a                Semaphore::Semaphore(int)
                0x00000000c003f948                Mutex::Mutex()
                0x00000000c003f948                Mutex::Mutex()
                0x00000000c003f95a                Process::createThread(void (*)(void*), void*, int)
                0x00000000c003fa3e                Process::createUserThread()
                0x00000000c003fa5a                setupMultitasking(void (*)())
                0x00000000c003fb64                schedule()
                0x00000000c003fbe4                unlockStuff()
                0x00000000c003fc19                forkProcess(regs*)
                0x00000000c003fd88                Semaphore::tryAcquire()
                0x00000000c003fdb6                Semaphore::assertLocked(char const*)
                0x00000000c003fde9                blockTaskWithSchedulerLockAlreadyHeld(TaskState)
                0x00000000c003fe2b                blockTask(TaskState)
                0x00000000c003fe4c                waitTask(int, int*, int)
                0x00000000c003fe84                nanoSleepUntil(unsigned long long)
                0x00000000c003fed6                nanoSleep(unsigned long long)
                0x00000000c003feeb                sleep(unsigned long long)
                0x00000000c003ff08                Semaphore::acquire()
                0x00000000c003ff70                execveProcess(char const*, char* const*, char* const*)
                0x00000000c003fffe                taskReturned
                0x00000000c0040038                unblockTask(ThreadControlBlock*)
                0x00000000c00400e7                cleanupTerminatedTask(ThreadControlBlock*)
                0x00000000c0040384                cleanerTaskFunction(void*)
                0x00000000c0040414                terminateTask(int)
                0x00000000c0040496                Semaphore::release()
 *fill*         0x00000000c0040582        0x2 
 .text          0x00000000c0040584      0xec6 core/syscalls.32
                0x00000000c0040584                sysCallGetPID(regs*)
                0x00000000c0040590                sysCallSeekDir(regs*)
                0x00000000c0040598                sysCallTellDir(regs*)
                0x00000000c00405a0                sysCallVerify(regs*)
                0x00000000c00405ac                sysCallGetArgc(regs*)
                0x00000000c00405bc                sysFormatDisk(regs*)
                0x00000000c0040628                sysSetDiskVolumeLabel(regs*)
                0x00000000c0040670                sysGetDiskVolumeLabel(regs*)
                0x00000000c00406c4                sysShutdown(regs*)
                0x00000000c0040710                sysCallWrite(regs*)
                0x00000000c0040780                sysCallRead(regs*)
                0x00000000c00407f0                sysCallReadDir(regs*)
                0x00000000c0040860                sysCallIsATTY(regs*)
                0x00000000c00408b8                sysCallGetCwd(regs*)
                0x00000000c00408d8                sysCallSetCwd(regs*)
                0x00000000c00408f4                sysCallRealpath(regs*)
                0x00000000c0040938                sysCallOpen(regs*)
                0x00000000c0040a2c                sysCallSeek(regs*)
                0x00000000c0040a80                sysCallTell(regs*)
                0x00000000c0040ad0                sysCallSizeFromFilename(regs*)
                0x00000000c0040b4c                sysCallSize(regs*)
                0x00000000c0040ba0                sysCallClose(regs*)
                0x00000000c0040bf0                sysCallOpenDir(regs*)
                0x00000000c0040c60                sysCallMakeDir(regs*)
                0x00000000c0040cbc                sysCallCloseDir(regs*)
                0x00000000c0040d0c                sysCallWait(regs*)
                0x00000000c0040d28                sysCallFork(regs*)
                0x00000000c0040d44                sysCallExecve(regs*)
                0x00000000c0040d9c                sysCallRmdir(regs*)
                0x00000000c0040df0                sysCallUnlink(regs*)
                0x00000000c0040e44                sysCallGetArgv(regs*)
                0x00000000c0040e94                sysCallTTYName(regs*)
                0x00000000c0040f14                sysCallGetEnv(regs*)
                0x00000000c0040f6c                sysCallUSleep(regs*)
                0x00000000c0040f94                sysCallSpawn(regs*)
                0x00000000c0041008                sysAppSettings(regs*)
                0x00000000c004112c                sysSetFatAttrib(regs*)
                0x00000000c004118c                sysPanic(regs*)
                0x00000000c00411b4                sysPipe(regs*)
                0x00000000c00411fc                sysGetUnixTime(regs*)
                0x00000000c0041210                string_ends_with(char const*, char const*)
                0x00000000c0041259                setupSystemCalls()
                0x00000000c0041408                systemCall(regs*, void*)
 *fill*         0x00000000c004144a        0x2 
 .text          0x00000000c004144c      0xf53 core/terminal.32
                0x00000000c004144c                VgaText::isAtty()
                0x00000000c0041450                VgaText::~VgaText()
                0x00000000c0041450                VgaText::~VgaText()
                0x00000000c0041474                VgaText::~VgaText()
                0x00000000c004149e                VgaText::read(unsigned long long, void*, int*)
                0x00000000c00414be                setTerminalScrollLock(bool)
                0x00000000c00414bf                addToTerminalCycle(VgaText*)
                0x00000000c00414ec                installVgaTextImplementation()
                0x00000000c0041501                scrollTerminalScrollLock(int)
                0x00000000c0041502                VgaText::load()
                0x00000000c0041556                VgaText::updateCursor()
                0x00000000c0041570                VgaText::showCursor(bool)
                0x00000000c0041580                VgaText::disableBlink(bool)
                0x00000000c00415ba                VgaText::doANSI_SGR(int)
                0x00000000c0041646                VgaText::setDefaultBgColour(VgaColour)
                0x00000000c004165c                VgaText::setDefaultFgColour(VgaColour)
                0x00000000c0041672                VgaText::setDefaultColours(VgaColour, VgaColour)
                0x00000000c0041692                VgaText::combineColours(unsigned char, unsigned char)
                0x00000000c00416a4                VgaText::scrollScreen()
                0x00000000c0041738                VgaText::combineCharAndColour(char, unsigned char)
                0x00000000c004174a                VgaText::writeCharacter(char, VgaColour, VgaColour, int, int)
                0x00000000c00417aa                VgaText::getCursorX()
                0x00000000c00417b6                VgaText::getCursorY()
                0x00000000c00417c2                VgaText::setCursor(int, int)
                0x00000000c00417e0                VgaText::setCursorX(int)
                0x00000000c00417fc                VgaText::setCursorY(int)
                0x00000000c0041818                VgaText::incrementCursor(bool)
                0x00000000c0041880                VgaText::updateRAMUsageDisplay(int)
                0x00000000c00418da                VgaText::updateDiskUsage()
                0x00000000c0041a2c                VgaText::updateTitle()
                0x00000000c0041a72                VgaText::setTitleTextColour(VgaColour)