Archive member included to satisfy reference by file (symbol)

/cygdrive/d/Users/Alex/Desktop/Toolchain/Output/bin/../lib/gcc/i386-banana/8.1.0/libkgcc.a(_divdi3.o)
                              fs/fat/ff.32 (__divdi3)
/cygdrive/d/Users/Alex/Desktop/Toolchain/Output/bin/../lib/gcc/i386-banana/8.1.0/libkgcc.a(_moddi3.o)
                              thr/elf.32 (__moddi3)
/cygdrive/d/Users/Alex/Desktop/Toolchain/Output/bin/../lib/gcc/i386-banana/8.1.0/libkgcc.a(_udivdi3.o)
                              fs/fat/ff.32 (__udivdi3)
/cygdrive/d/Users/Alex/Desktop/Toolchain/Output/bin/../lib/gcc/i386-banana/8.1.0/libkgcc.a(_umoddi3.o)
                              core/pipe.32 (__umoddi3)
D:/Users/Alex/Desktop/Banana/kernel/libsoftfp.a(sfieeelib.o)
                              hal/sound/sndhw.32 (__addsf3)
D:/Users/Alex/Desktop/Banana/kernel/libsoftfp.a(dfieeelib.o)
                              hal/libresample/src_linear.32 (__adddf3)
D:/Users/Alex/Desktop/Banana/kernel/libsoftfp.a(sfdfcvt.o)
                              hal/libresample/samplerate.32 (__truncdfsf2)
D:/Users/Alex/Desktop/Banana/kernel/libk/libm32.a(s_fabs.c.o)
                              hal/libresample/samplerate.32 (fabs)
D:/Users/Alex/Desktop/Banana/kernel/libk/libm32.a(s_lrint.S.o)
                              hal/libresample/samplerate.32 (lrint)
D:/Users/Alex/Desktop/Banana/kernel/libk/libm32.a(s_lrintf.S.o)
                              hal/sound/sndhw.32 (lrintf)

Discarded input sections

 .comment       0x0000000000000000       0x12 /cygdrive/d/Users/Alex/Desktop/Toolchain/Output/bin/../lib/gcc/i386-banana/8.1.0/crtbegin.o
 .comment       0x0000000000000000       0x12 acpica/utclib.32
 .comment       0x0000000000000000       0x12 core/malloc.32
 .comment       0x0000000000000000       0x12 libk/string.32
 .comment       0x0000000000000000       0x12 fs/fat/diskio.32
 .comment       0x0000000000000000       0x12 fs/fat/ff.32
 .comment       0x0000000000000000       0x12 fs/fat/ffsystem.32
 .comment       0x0000000000000000       0x12 fs/fat/ffunicode.32
 .comment       0x0000000000000000       0x12 hal/libresample/samplerate.32
 .comment       0x0000000000000000       0x12 hal/libresample/src_linear.32
 .comment       0x0000000000000000       0x12 hal/libresample/src_sinc.32
 .comment       0x0000000000000000       0x12 hal/libresample/src_zoh.32
 .comment       0x0000000000000000       0x12 compat/inlines.32
 .group         0x0000000000000000       0x14 core/computer.32
 .group         0x0000000000000000        0xc core/computer.32
 .comment       0x0000000000000000       0x12 core/computer.32
 .comment       0x0000000000000000       0x12 core/gdt.32
 .group         0x0000000000000000        0xc core/idle.32
 .comment       0x0000000000000000       0x12 core/idle.32
 .comment       0x0000000000000000       0x12 core/idt.32
 .comment       0x0000000000000000       0x12 core/kheap.32
 .comment       0x0000000000000000       0x12 core/main.32
 .comment       0x0000000000000000       0x12 core/physmgr.32
 .group         0x0000000000000000        0xc core/pipe.32
 .comment       0x0000000000000000       0x12 core/pipe.32
 .group         0x0000000000000000        0xc core/terminal.32
 .comment       0x0000000000000000       0x12 core/terminal.32
 .comment       0x0000000000000000       0x12 core/tss.32
 .group         0x0000000000000000        0x8 core/unixfile.32
 .group         0x0000000000000000        0xc core/unixfile.32
 .group         0x0000000000000000        0xc core/unixfile.32
 .group         0x0000000000000000        0x8 core/unixfile.32
 .group         0x0000000000000000        0xc core/unixfile.32
 .group         0x0000000000000000        0x8 core/unixfile.32
 .group         0x0000000000000000        0xc core/unixfile.32
 .group         0x0000000000000000        0xc core/unixfile.32
 .comment       0x0000000000000000       0x12 core/unixfile.32
 .comment       0x0000000000000000       0x12 core/virtmgr.32
 .comment       0x0000000000000000       0x12 coreobjs/c++.32
 .comment       0x0000000000000000       0x12 dbg/kconsole.32
 .group         0x0000000000000000        0xc fs/vfs.32
 .group         0x0000000000000000        0xc fs/vfs.32
 .group         0x0000000000000000        0xc fs/vfs.32
 .comment       0x0000000000000000       0x12 fs/vfs.32
 .group         0x0000000000000000        0xc hal/bus.32
 .comment       0x0000000000000000       0x12 hal/bus.32
 .group         0x0000000000000000        0xc hal/buzzer.32
 .comment       0x0000000000000000       0x12 hal/buzzer.32
 .group         0x0000000000000000        0xc hal/clock.32
 .comment       0x0000000000000000       0x12 hal/clock.32
 .group         0x0000000000000000       0x14 hal/device.32
 .group         0x0000000000000000        0xc hal/device.32
 .group         0x0000000000000000        0xc hal/device.32
 .group         0x0000000000000000        0xc hal/device.32
 .group         0x0000000000000000        0xc hal/device.32
[...]
Memory Configuration

Name             Origin             Length             Attributes
*default*        0x0000000000000000 0xffffffffffffffff

Linker script and memory map

LOAD D:/Users/Alex/Desktop/Banana/kernel/boot.32
LOAD crti.32
LOAD /cygdrive/d/Users/Alex/Desktop/Toolchain/Output/bin/../lib/gcc/i386-banana/8.1.0/crtbegin.o
LOAD D:/Users/Alex/Desktop/Banana/kernel/morenasm.32
LOAD acpica/utclib.32
LOAD core/malloc.32
LOAD libk/string.32
LOAD fs/fat/diskio.32
LOAD fs/fat/ff.32
LOAD fs/fat/ffsystem.32
LOAD fs/fat/ffunicode.32
LOAD hal/libresample/samplerate.32
LOAD hal/libresample/src_linear.32
LOAD hal/libresample/src_sinc.32
LOAD hal/libresample/src_zoh.32
LOAD compat/inlines.32
LOAD core/computer.32
LOAD core/gdt.32
LOAD core/idle.32
LOAD core/idt.32
LOAD core/kheap.32
LOAD core/main.32
LOAD core/physmgr.32
LOAD core/pipe.32
LOAD core/terminal.32
LOAD core/tss.32
LOAD core/unixfile.32
LOAD core/virtmgr.32
LOAD coreobjs/c++.32
LOAD dbg/kconsole.32
LOAD fs/vfs.32
LOAD hal/bus.32
LOAD hal/buzzer.32
LOAD hal/clock.32
LOAD hal/device.32
LOAD hal/diskctrl.32
LOAD hal/diskphys.32
LOAD hal/fpu.32
LOAD hal/intctrl.32
LOAD hal/keybrd.32
LOAD hal/logidisk.32
LOAD hal/mouse.32
LOAD hal/partition.32
LOAD hal/serial.32
LOAD hal/timer.32
LOAD hal/vcache.32
LOAD hal/video.32
LOAD hw/acpi.32
LOAD hw/cpu.32
LOAD hw/ports.32
LOAD krnl/env.32
LOAD krnl/panic.32
LOAD net/ethernet.32
LOAD reg/registry.32
LOAD sys/sc_exit.32
LOAD sys/sc_getcwd.32
LOAD sys/sc_getpid.32
LOAD sys/sc_loaddll.32
LOAD sys/sc_read.32
LOAD sys/sc_sbrk.32
LOAD sys/sc_setcwd.32
LOAD sys/sc_write.32
LOAD sys/sc_yield.32
LOAD sys/syscalls.32
LOAD thr/elf.32
LOAD thr/prcssthr.32
LOAD vm86/vm8086.32
LOAD vm86/x87em.32
LOAD fs/fat/vfslink.32
LOAD fs/iso9660/vfslink.32
LOAD hal/sound/sndchannel.32
LOAD hal/sound/sndhw.32
LOAD hw/bus/isa.32
LOAD hw/bus/pci.32
LOAD hw/diskctrl/ide.32
LOAD hw/diskctrl/satabus.32
LOAD hw/diskphys/ata.32
LOAD hw/diskphys/atapi.32
LOAD hw/diskphys/sata.32
LOAD hw/fpu/avx.32
LOAD hw/fpu/mmx.32
LOAD hw/fpu/sse.32
LOAD hw/fpu/x87.32
LOAD hw/intctrl/apic.32
LOAD hw/intctrl/pic.32
LOAD hw/timer/apictimer.32
LOAD hw/timer/pit.32
LOAD hw/fpu/x86/avx.32
LOAD hw/fpu/x86/sse.32
LOAD hw/fpu/x86/x87.32
LOAD /cygdrive/d/Users/Alex/Desktop/Toolchain/Output/bin/../lib/gcc/i386-banana/8.1.0/crtend.o
LOAD crtn.32
LOAD /cygdrive/d/Users/Alex/Desktop/Toolchain/Output/bin/../lib/gcc/i386-banana/8.1.0/libkgcc.a
LOAD D:/Users/Alex/Desktop/Banana/kernel/libsoftfp.a
LOAD D:/Users/Alex/Desktop/Banana/kernel/libk/libm32.a
                0x00000000c0000000                . = 0xc0000000

.text           0x00000000c0000000    0x26f58
 *(.text)
 .text          0x00000000c0000000       0x41 D:/Users/Alex/Desktop/Banana/kernel/boot.32
                0x00000000c0000020                callGlobalConstructors
 .text          0x00000000c0000041        0x0 crti.32
 *fill*         0x00000000c0000041        0x3 
 .text          0x00000000c0000044      0x101 /cygdrive/d/Users/Alex/Desktop/Toolchain/Output/bin/../lib/gcc/i386-banana/8.1.0/crtbegin.o
 *fill*         0x00000000c0000145        0xb 
 .text          0x00000000c0000150      0x4a2 D:/Users/Alex/Desktop/Banana/kernel/morenasm.32
                0x00000000c0000150                prepareTramp
                0x00000000c0000169                voodooXADD
                0x00000000c0000234                doTPAUSE
                0x00000000c000023e                hasLegacyFPU
                0x00000000c0000263                is486
                0x00000000c0000299                detectCPUID
                0x00000000c00002af                goToVM86
                0x00000000c00002df                goToUsermode
                0x00000000c0000309                switchToThreadASMFirstTime
                0x00000000c0000317                switchToThreadASM
                0x00000000c000039f                asmQuickAcquireLock
                0x00000000c00003bd                asmQuickReleaseLock
                0x00000000c00003c9                asmAcquireLock
                0x00000000c00003ea                asmReleaseLock
                0x00000000c00003fd                loadGDT
                0x00000000c000041d                isr0
                0x00000000c000042d                isr1
                0x00000000c0000437                isr2
                0x00000000c0000441                isr3
                0x00000000c000044b                isr4
                0x00000000c0000455                isr5
                0x00000000c000045f                isr6
                0x00000000c0000469                isr7
                0x00000000c0000473                isr8
                0x00000000c000047b                isr9
                0x00000000c0000485                isr10
                0x00000000c000048d                isr11
                0x00000000c0000495                isr12
                0x00000000c000049d                isr13
                0x00000000c00004a5                isr14
                0x00000000c00004ad                isr15
                0x00000000c00004b7                isr16
                0x00000000c00004c1                isr17
                0x00000000c00004cb                isr18
                0x00000000c00004d5                irq3
                0x00000000c00004df                irq4
                0x00000000c00004e9                irq5
                0x00000000c00004f3                irq6
                0x00000000c00004fd                irq7
                0x00000000c0000507                irq8
                0x00000000c0000511                irq9
                0x00000000c000051b                irq10
                0x00000000c0000525                irq11
                0x00000000c000052f                irq12
                0x00000000c0000539                irq13
                0x00000000c0000543                irq14
                0x00000000c000054d                irq15
                0x00000000c0000557                irq1
                0x00000000c000055e                irq2
                0x00000000c0000565                isr96
                0x00000000c000056c                irq0
                0x00000000c0000571                syscall_common_stub
                0x00000000c0000571                int_common_stub
                0x00000000c00005a2                irq16
                0x00000000c00005ac                irq17
                0x00000000c00005b6                irq18
                0x00000000c00005c0                irq19
                0x00000000c00005ca                irq20
                0x00000000c00005d4                irq21
                0x00000000c00005de                irq22
                0x00000000c00005e8                irq23
 .text          0x00000000c00005f2      0x40f acpica/utclib.32
                0x00000000c00005f2                memcmp
                0x00000000c000061d                memmove
                0x00000000c0000655                memcpy
                0x00000000c000068b                memset
                0x00000000c00006a8                strlen
                0x00000000c00006b8                strpbrk
                0x00000000c00006db                strtok
                0x00000000c000072a                strcpy
                0x00000000c000074a                strncpy
                0x00000000c000077b                strcmp
                0x00000000c000079c                strchr
                0x00000000c00007b2                strncmp
                0x00000000c00007e1                strcat
                0x00000000c0000808                strncat
                0x00000000c0000842                strstr
                0x00000000c000087f                toupper
                0x00000000c0000893                tolower
                0x00000000c00008a7                simple_strtoul
 .text          0x00000000c0000a01      0xfbf core/malloc.32
                0x00000000c0000b6c                dlfree
                0x00000000c0000ec7                dlmalloc
                0x00000000c0001404                dlrealloc
                0x00000000c00015b9                dlmemalign
                0x00000000c00016dc                dlcalloc
                0x00000000c0001776                dlcfree
                0x00000000c000177b                dlindependent_calloc
                0x00000000c00017a0                dlindependent_comalloc
                0x00000000c00017b7                dlvalloc
                0x00000000c00017e2                dlpvalloc
                0x00000000c0001818                dlmalloc_trim
                0x00000000c0001825                dlmalloc_usable_size
                0x00000000c0001856                dlmallinfo
                0x00000000c0001925                dlmalloc_stats
                0x00000000c0001936                dlmallopt
 .text          0x00000000c00019c0        0x0 libk/string.32
 .text          0x00000000c00019c0       0x51 fs/fat/diskio.32
                0x00000000c00019c0                disk_status
                0x00000000c00019c3                disk_initialize
                0x00000000c00019c6                disk_read
                0x00000000c00019dc                disk_write
                0x00000000c00019f2                disk_ioctl
 .text          0x00000000c0001a11     0x6833 fs/fat/ff.32
                0x00000000c0004cdf                f_mount
                0x00000000c0004d41                f_open
                0x00000000c000517d                f_read
                0x00000000c00053fd                f_write
                0x00000000c00056b7                f_sync
                0x00000000c0005893                f_close
                0x00000000c00058c2                f_lseek
                0x00000000c0005d79                f_opendir
                0x00000000c0005e7b                f_closedir
                0x00000000c0005e9d                f_readdir
                0x00000000c0005f38                f_stat
                0x00000000c0005fc7                f_getfree
                0x00000000c0006192                f_truncate
                0x00000000c000628a                f_unlink
                0x00000000c000640d                f_mkdir
                0x00000000c0006639                f_rename
                0x00000000c000692c                f_chmod
                0x00000000c0006a0a                f_utime
                0x00000000c0006ae8                f_getlabel
                0x00000000c0006cd6                f_setlabel
                0x00000000c0006f43                f_forward
                0x00000000c0007121                f_mkfs
 .text          0x00000000c0008244       0x2d fs/fat/ffsystem.32
                0x00000000c0008244                ff_memalloc
                0x00000000c000825a                ff_memfree
 .text          0x00000000c0008271      0x253 fs/fat/ffunicode.32
                0x00000000c0008271                ff_uni2oem
                0x00000000c0008301                ff_oem2uni
                0x00000000c000836d                ff_wtoupper
 .text          0x00000000c00084c4      0x8fb hal/libresample/samplerate.32
                0x00000000c0008508                src_delete
                0x00000000c0008544                src_process
                0x00000000c00086fa                src_callback_read
                0x00000000c0008877                src_set_ratio
                0x00000000c00088e1                src_get_channels
                0x00000000c0008903                src_reset
                0x00000000c000894f                src_new
                0x00000000c00089dd                src_callback_new
                0x00000000c0008a3f                src_get_name
                0x00000000c0008a76                src_get_description
                0x00000000c0008aad                src_get_version
                0x00000000c0008ab3                src_is_valid_ratio
                0x00000000c0008b07                src_error
                0x00000000c0008b15                src_strerror
                0x00000000c0008b28                src_simple
                0x00000000c0008b7b                src_short_to_float_array
                0x00000000c0008be0                src_float_to_short_array
                0x00000000c0008c9f                src_int_to_float_array
                0x00000000c0008d02                src_float_to_int_array
 .text          0x00000000c0008dbf      0x8cb hal/libresample/src_linear.32
                0x00000000c00095e5                linear_get_name
                0x00000000c00095f4                linear_get_description
                0x00000000c0009603                linear_set_converter
 .text          0x00000000c000968a     0x447c hal/libresample/src_sinc.32
                0x00000000c000da1d                sinc_get_name
                0x00000000c000da30                sinc_get_description
                0x00000000c000da43                sinc_set_converter
 .text          0x00000000c000db06      0x77c hal/libresample/src_zoh.32
                0x00000000c000e1dd                zoh_get_name
                0x00000000c000e1ec                zoh_get_description
                0x00000000c000e1fb                zoh_set_converter
 .text          0x00000000c000e282       0x23 compat/inlines.32
                0x00000000c000e282                CPU::current()
                0x00000000c000e28f                operator new(unsigned long)
 *fill*         0x00000000c000e2a5        0x1 
 .text          0x00000000c000e2a6      0xa0b core/computer.32
                0x00000000c000e2a6                Computer::close(int, int, void*)
                0x00000000c000e2ea                Computer::Computer()
                0x00000000c000e2ea                Computer::Computer()
                0x00000000c000e446                Computer::setBootMessage(char const*)
                0x00000000c000e448                Computer::start()
                0x00000000c000e51e                firstTask()
                0x00000000c000e52c                Computer::detectFeatures()
                0x00000000c000e736                Computer::displayFeatures()
                0x00000000c000ea7c                Computer::rdmsr(unsigned int)
                0x00000000c000eaa8                Computer::wrmsr(unsigned int, unsigned long long)
                0x00000000c000eae0                Computer::nmiEnabled()
                0x00000000c000eaec                Computer::readCMOS(unsigned char)
                0x00000000c000eb06                Computer::enableNMI(bool)
                0x00000000c000eb1e                Computer::open(int, int, void*)
                0x00000000c000ebf4                Computer::disableNMI()
                0x00000000c000ec02                Computer::writeCMOS(unsigned char, unsigned char)
                0x00000000c000ec20                Computer::handleNMI()
                0x00000000c000ec86                Computer::setDiskActivityLight(int, bool)
 *fill*         0x00000000c000ecb1        0x1 
 .text          0x00000000c000ecb2      0x1b7 core/gdt.32
                0x00000000c000ecb2                GDTEntry::setBase(unsigned int)
                0x00000000c000ecce                GDTEntry::setLimit(unsigned int)
                0x00000000c000ecec                GDT::GDT()
                0x00000000c000ecec                GDT::GDT()
                0x00000000c000ed02                GDT::addEntry(GDTEntry)
                0x00000000c000ed3e                GDT::getNumberOfEntries()
                0x00000000c000ed46                GDT::flush()
                0x00000000c000ed68                GDT::setup()
 .text          0x00000000c000ee69       0x62 core/idle.32
                0x00000000c000ee69                idleFunction(void*)
 *fill*         0x00000000c000eecb        0x1 
 .text          0x00000000c000eecc      0x45f core/idt.32
                0x00000000c000eecc                IDTEntry::IDTEntry(bool)
                0x00000000c000eecc                IDTEntry::IDTEntry(bool)
                0x00000000c000ef3a                IDTEntry::setOffset(unsigned int)
                0x00000000c000ef4e                IDT::IDT()
                0x00000000c000ef4e                IDT::IDT()
                0x00000000c000ef50                IDT::getPointerToInvalidOpcodeEntryForF00F()
                0x00000000c000ef58                IDT::addEntry(IDTEntry, int)
                0x00000000c000ef72                IDT::addEntry(int, void (*)(), bool)
                0x00000000c000efaa                IDT::flush()
                0x00000000c000efc4                IDT::setup()
 .text          0x00000000c000f32b      0x203 core/kheap.32
                0x00000000c000f32b                sbrk
                0x00000000c000f439                mmap
                0x00000000c000f44f                munmap
                0x00000000c000f465                liballoc_lock()
                0x00000000c000f476                liballoc_unlock()
                0x00000000c000f487                liballoc_alloc(int)
                0x00000000c000f4a2                liballoc_free(void*, int)
                0x00000000c000f4c0                realloc
                0x00000000c000f4d4                malloc
                0x00000000c000f4e4                free
                0x00000000c000f4f4                rfree
                0x00000000c000f504                calloc
 .text          0x00000000c000f52e      0x2bd core/main.32
                0x00000000c000f52e                hwTextMode_loadInData(VgaText*)
                0x00000000c000f579                hwTextMode_loadInTitle(VgaText*, char*)
                0x00000000c000f5c0                hwTextMode_scrollScreen(VgaText*)
                0x00000000c000f64c                hwTextMode_writeCharacter(VgaText*, char, VgaColour, VgaColour, int, int)
                0x00000000c000f6ac                hwTextMode_showCursor(VgaText*, bool)
                0x00000000c000f700                hwTextMode_update(VgaText*)
                0x00000000c000f701                hwTextMode_updateCursor(VgaText*)
                0x00000000c000f749                hwTextMode_disableBlink(VgaText*, bool)
                0x00000000c000f785                setupTextMode()
                0x00000000c000f7de                kernel_main
 .text          0x00000000c000f7eb      0x54d core/physmgr.32
                0x00000000c000f7eb                Phys::allocateDMA(unsigned long)
                0x00000000c000f88e                Phys::freeDMA(unsigned long, unsigned long)
                0x00000000c000f8d6                Phys::setPageState(unsigned long, bool)
                0x00000000c000f908                Phys::getPageState(unsigned long)
                0x00000000c000f924                Phys::freePage(unsigned long)
                0x00000000c000f9ae                Phys::allocatePage()
                0x00000000c000fa76                Phys::allocateContiguousPages(int)
                0x00000000c000fad0                Phys::allowSegmentToBeUsed(unsigned long, unsigned long)
                0x00000000c000fb08                Phys::physicalMemorySetup(unsigned int)
 .text          0x00000000c000fd38      0x273 core/pipe.32
                0x00000000c000fd38                Pipe::isAtty()
                0x00000000c000fd3c                Pipe::~Pipe()
                0x00000000c000fd3c                Pipe::~Pipe()
                0x00000000c000fd60                Pipe::~Pipe()
                0x00000000c000fd88                Pipe::read(unsigned long long, void*, int*)
                0x00000000c000fe7c                Pipe::write(unsigned long long, void*, int*)
                0x00000000c000ff44                Pipe::Pipe(int)
                0x00000000c000ff44                Pipe::Pipe(int)
 *fill*         0x00000000c000ffab        0x1 
 .text          0x00000000c000ffac     0x101b core/terminal.32
                0x00000000c000ffac                VgaText::isAtty()
                0x00000000c000ffb0                VgaText::~VgaText()
                0x00000000c000ffb0                VgaText::~VgaText()
                0x00000000c000ffd4                VgaText::~VgaText()
                0x00000000c000fffe                VgaText::read(unsigned long long, void*, int*)
                0x00000000c001001e                setTerminalScrollLock(bool)
                0x00000000c001001f                addToTerminalCycle(VgaText*)
                0x00000000c001004c                installVgaTextImplementation()
                0x00000000c0010061                scrollTerminalScrollLock(int)
                0x00000000c0010062                VgaText::load()
                0x00000000c00100b6                VgaText::updateCursor()
                0x00000000c00100d0                VgaText::showCursor(bool)
                0x00000000c00100e0                VgaText::disableBlink(bool)
                0x00000000c001011a                VgaText::doANSI_SGR(int)
                0x00000000c00101a6                VgaText::setDefaultBgColour(VgaColour)
                0x00000000c00101bc                VgaText::setDefaultFgColour(VgaColour)
                0x00000000c00101d2                VgaText::setDefaultColours(VgaColour, VgaColour)
                0x00000000c00101f2                VgaText::combineColours(unsigned char, unsigned char)
                0x00000000c0010210                VgaText::scrollScreen()
                0x00000000c00102ac                VgaText::combineCharAndColour(char, unsigned char)
                0x00000000c00102be                VgaText::writeCharacter(char, VgaColour, VgaColour, int, int)
                0x00000000c001031e                VgaText::getCursorX()
                0x00000000c001032a                VgaText::getCursorY()
                0x00000000c0010336                VgaText::setCursor(int, int)
                0x00000000c0010354                VgaText::setCursorX(int)
                0x00000000c0010370                VgaText::setCursorY(int)
                0x00000000c001038c                VgaText::incrementCursor(bool)
                0x00000000c00103f4                VgaText::updateRAMUsageDisplay(int)
                0x00000000c0010474                VgaText::updateDiskUsage()
                0x00000000c0010656                VgaText::updateTitle()
                0x00000000c001069c                VgaText::setTitleTextColour(VgaColour)
                0x00000000c00106ac                VgaText::setTitleColour(VgaColour)
                0x00000000c00106bc                VgaText::setTitle(char*)
                0x00000000c00106e2                VgaText::decrementCursor(bool)
                0x00000000c001070a                VgaText::putchar(char, VgaColour, VgaColour)
                0x00000000c0010806                VgaText::isShowingCursor()
                0x00000000c0010812                VgaText::isBlinkDisabled()
                0x00000000c0010820                VgaText::setCursorHeight(int)
                0x00000000c001083e                VgaText::getCursorHeight()
                0x00000000c0010849                setActiveTerminal(VgaText*)
                0x00000000c00108fb                doTerminalCycle()
                0x00000000c0010918                VgaText::doUpdate()
                0x00000000c001092a                VgaText::puts(char const*, VgaColour, VgaColour)
                0x00000000c0010aea                VgaText::clearScreen()
                0x00000000c0010b4e                VgaText::putchar(char)
                0x00000000c0010c68                VgaText::puts(char const*)
                0x00000000c0010c8e                VgaText::putx(unsigned int)
                0x00000000c0010cd4                VgaText::VgaText(char const*)
                0x00000000c0010cd4                VgaText::VgaText(char const*)
                0x00000000c0010e66                VgaText::receiveKey(unsigned char)
                0x00000000c0010f4e                VgaText::write(unsigned long long, void*, int*)
                0x00000000c0010fa2                newTerminal(char*)
 *fill*         0x00000000c0010fc7        0x1 
 .text          0x00000000c0010fc8      0x1b3 core/tss.32
                0x00000000c0010fc8                TSS::TSS()
                0x00000000c0010fc8                TSS::TSS()
                0x00000000c0010fd6                TSS::setESP(unsigned long)
                0x00000000c0010fe8                TSS::flush()
                0x00000000c0011008                TSS::setup(unsigned long, unsigned long)
 *fill*         0x00000000c001117b        0x1 
 .text          0x00000000c001117c      0x4c2 core/unixfile.32
                0x00000000c001117c                ReservedFilename::read(unsigned long long, void*, int*)
                0x00000000c00111d2                ReservedFilename::isAtty()
                0x00000000c00111ee                ReservedFilename::write(unsigned long long, void*, int*)
                0x00000000c001124c                UnixFile::getFileDescriptor()
                0x00000000c0011254                UnixFile::UnixFile(int)
                0x00000000c0011254                UnixFile::UnixFile(int)
                0x00000000c0011404                ReservedFilename::ReservedFilename(int)
                0x00000000c0011404                ReservedFilename::ReservedFilename(int)
                0x00000000c0011436                UnixFile::~UnixFile()
                0x00000000c0011436                UnixFile::~UnixFile()
                0x00000000c00114ce                UnixFile::~UnixFile()
                0x00000000c00114f6                ReservedFilename::~ReservedFilename()
                0x00000000c00114f6                ReservedFilename::~ReservedFilename()
                0x00000000c001151a                ReservedFilename::~ReservedFilename()
                0x00000000c0011541                getFromFileDescriptor(int)
 .text          0x00000000c001163e      0xee3 core/virtmgr.32
                0x00000000c001163e                Virt::setPageState(unsigned long, Virt::VirtPageState)
                0x00000000c0011673                Virt::getPageState(unsigned long)
                0x00000000c0011697                Virt::allocateKernelVirtualPages(int)
                0x00000000c00117a8                Virt::virtualMemorySetup()
                0x00000000c0011827                Virt::getAKernelVAS()
                0x00000000c001182d                Virt::setupPageSwapping(int)
                0x00000000c001195c                VAS::VAS()
                0x00000000c001195c                VAS::VAS()
                0x00000000c001198c                VAS::VAS(VAS*)
                0x00000000c001198c                VAS::VAS(VAS*)
                0x00000000c00119b0                VAS::getForeignPageTableEntry(bool, unsigned long)
                0x00000000c00119dc                VAS::getPageTableEntry(unsigned long)
                0x00000000c00119fb                Virt::freeKernelVirtualPages(unsigned long)
                0x00000000c0011b1e                VAS::freeAllocatedPages(unsigned long)
                0x00000000c0011b42                VAS::virtualToPhysical(unsigned long)
                0x00000000c0011b5a                VAS::reflagRange(unsigned long, int, int, int)
                0x00000000c0011b9a                VAS::setToWriteCombining(unsigned long, int)
                0x00000000c0011bcc                VAS::mapOtherVASIn(bool, VAS*)
                0x00000000c0011bf6                VAS::~VAS()
                0x00000000c0011bf6                VAS::~VAS()
                0x00000000c0011d62                VAS::mapPage(unsigned long, unsigned long, int)
                0x00000000c0011e62                VAS::allocatePages(int, int)
                0x00000000c001203a                VAS::setCPUSpecific(unsigned long)
                0x00000000c0012056                VAS::mapRange(unsigned long, unsigned long, int, int)
                0x00000000c001211c                VAS::mapForeignPage(bool, VAS*, unsigned long, unsigned long, int)
                0x00000000c001220a                VAS::VAS(bool)
                0x00000000c001220a                VAS::VAS(bool)
                0x00000000c0012465                mapVASFirstTime
 .text          0x00000000c0012521       0x95 coreobjs/c++.32
                0x00000000c0012521                __cxa_atexit
                0x00000000c0012524                __cxa_finalize
                0x00000000c0012525                __stack_chk_fail
                0x00000000c0012591                __cxa_pure_virtual
                0x00000000c00125a2                operator new[](unsigned long)
                0x00000000c00125a7                operator delete(void*, unsigned long)
                0x00000000c00125ac                operator delete[](void*)
                0x00000000c00125b1                operator delete[](void*, unsigned long)
 .text          0x00000000c00125b6      0x1ef dbg/kconsole.32
                0x00000000c00125b6                Dbg::stringifyxWithBase(unsigned int, char*, int)
                0x00000000c0012617                Dbg::logc(char)
                0x00000000c001262e                Dbg::logs(char*)
                0x00000000c001264b                Dbg::logWriteInt(unsigned int)
                0x00000000c0012668                Dbg::logWriteIntBase(unsigned int, int)
                0x00000000c0012687                Dbg::kprintf(char const*, ...)
 *fill*         0x00000000c00127a5        0x1 
 .text          0x00000000c00127a6      0xb7c fs/vfs.32
                0x00000000c00127a6                File::read(unsigned long long, void*, int*)
                0x00000000c00127fe                File::write(unsigned long long, void*, int*)
                0x00000000c0012856                Directory::read(unsigned long long, void*, int*)
                0x00000000c00128ae                Directory::write(unsigned long long, void*, int*)
                0x00000000c00128dc                File::isAtty()
                0x00000000c00128e0                Directory::isAtty()
                0x00000000c00128e4                Filesystem::getlabel(LogicalDisk*, int, char*, unsigned int*)
                0x00000000c00128ea                Filesystem::setlabel(LogicalDisk*, int, char*)
                0x00000000c00128f0                File::~File()
                0x00000000c00128f0                File::~File()
                0x00000000c0012914                File::~File()
                0x00000000c001293e                Directory::~Directory()
                0x00000000c001293e                Directory::~Directory()
                0x00000000c0012962                Directory::~Directory()
                0x00000000c001298c                Filesystem::Filesystem()
                0x00000000c001298c                Filesystem::Filesystem()
                0x00000000c00129b0                Filesystem::~Filesystem()
                0x00000000c00129b0                Filesystem::~Filesystem()
                0x00000000c00129be                Filesystem::~Filesystem()
                0x00000000c00129e2                initVFS()
                0x00000000c0012a0c                standardiseFiles(char*, char const*, char const*)
                0x00000000c0012bb6                File::File(char const*, Process*)
                0x00000000c0012bb6                File::File(char const*, Process*)
                0x00000000c0012c1a                File::open(FileOpenMode)
                0x00000000c0012c78                File::close()
                0x00000000c0012cd8                File::seek(unsigned long long)
                0x00000000c0012d2e                File::tell(unsigned long long*)
                0x00000000c0012d7e                File::rewind()
                0x00000000c0012d92                File::unlink()
                0x00000000c0012dde                File::rename(char const*)
                0x00000000c0012e2c                File::chfatattr(unsigned char, unsigned char)
                0x00000000c0012e88                File::exists()
                0x00000000c0012ec6                File::stat(unsigned long long*, bool*)
                0x00000000c0012f27                getcwd(Process*, char*, int)
                0x00000000c0012f51                setcwd(Process*, char*)
                0x00000000c001308c                Directory::Directory(char const*, Process*)
                0x00000000c001308c                Directory::Directory(char const*, Process*)
                0x00000000c00130f0                Directory::open()
                0x00000000c001314c                Directory::close()
                0x00000000c00131ac                Directory::unlink()
                0x00000000c00131f8                Directory::rename(char const*)
                0x00000000c0013246                Directory::exists()
                0x00000000c0013284                Directory::read(dirent*)
                0x00000000c00132d0                Directory::create()
                0x00000000c001331c                Filesystem::chfatattr(char const*, unsigned char, unsigned char)
 .text          0x00000000c0013322       0x84 hal/bus.32
                0x00000000c0013322                Bus::Bus(char const*)
                0x00000000c0013322                Bus::Bus(char const*)
                0x00000000c0013358                Bus::~Bus()
                0x00000000c0013358                Bus::~Bus()
                0x00000000c001337c                Bus::~Bus()
 .text          0x00000000c00133a6      0x14e hal/buzzer.32
                0x00000000c00133a6                Buzzer::Buzzer(char const*)
                0x00000000c00133a6                Buzzer::Buzzer(char const*)
                0x00000000c00133ea                Buzzer::~Buzzer()
                0x00000000c00133ea                Buzzer::~Buzzer()
                0x00000000c001340e                Buzzer::~Buzzer()
                0x00000000c0013438                Buzzer::stop()
                0x00000000c001344b                beepThread(void*)
                0x00000000c0013486                Buzzer::beep(int, int, bool)
 .text          0x00000000c00134f4      0x42f hal/clock.32
                0x00000000c00134f4                loadClockSettings()
                0x00000000c001350e                Clock::Clock(char const*)
                0x00000000c001350e                Clock::Clock(char const*)
                0x00000000c0013544                Clock::~Clock()
                0x00000000c0013544                Clock::~Clock()
                0x00000000c0013568                Clock::~Clock()
                0x00000000c0013592                Clock::timeInSecondsLocal()
                0x00000000c00135da                Clock::setTimeInSecondsLocal(unsigned long long)
                0x00000000c0013633                datetimeToSeconds(datetime_t)
                0x00000000c001375a                Clock::setTimeInDatetimeLocal(datetime_t)
                0x00000000c00137ba                secondsToDatetime(unsigned long long)
                0x00000000c00138fe                Clock::timeInDatetimeLocal()
 *fill*         0x00000000c0013923        0x1 
 .text          0x00000000c0013924      0x4de hal/device.32
                0x00000000c0013924                Device::hibernate()
                0x00000000c0013926                Device::wake()
                0x00000000c0013928                Device::detect()
                0x00000000c001392a                Device::disableLegacy()
                0x00000000c001392c                Device::powerSaving(PowerSavingLevel)
                0x00000000c001392e                DriverlessDevice::close(int, int, void*)
                0x00000000c0013932                DriverlessDevice::detect()
                0x00000000c0013934                DriverlessDevice::open(int, int, void*)
                0x00000000c0013948                Device::~Device()
                0x00000000c0013948                Device::~Device()
                0x00000000c0013956                Device::~Device()
                0x00000000c001397e                Device::findAndLoadDriver()
                0x00000000c0013980                Device::preOpenPCI(PCIDeviceInfo)
                0x00000000c00139a6                Device::preOpenACPI(void*, char*, char*)
                0x00000000c00139fa                Device::addIRQHandler(int, void (*)(regs*, void*), bool, void*)
                0x00000000c0013a38                Device::removeIRQHandler(int, void (*)(regs*, void*), bool)
                0x00000000c0013a76                Device::addChild(Device*)
                0x00000000c0013aba                Device::removeAllChildren()
                0x00000000c0013b00                Device::hibernateAll()
                0x00000000c0013b30                Device::wakeAll()
                0x00000000c0013b60                Device::detectAll()
                0x00000000c0013b90                Device::disableLegacyAll()
                0x00000000c0013bc0                Device::loadDriversForAll()
                0x00000000c0013bec                Device::closeAll()
                0x00000000c0013c22                Device::powerSavingAll(PowerSavingLevel)
                0x00000000c0013c58                Device::setName(char const*)
                0x00000000c0013c66                Device::Device(char const*)
                0x00000000c0013c66                Device::Device(char const*)
                0x00000000c0013d62                Device::getName()
                0x00000000c0013d6c                DriverlessDevice::DriverlessDevice(char const*)
                0x00000000c0013d6c                DriverlessDevice::DriverlessDevice(char const*)
                0x00000000c0013d94                Device::addToLinkedList(LinkedList<Device>&, DeviceType)
                0x00000000c0013dd8                getDevicesOfType(DeviceType)
 .text          0x00000000c0013e02       0x84 hal/diskctrl.32
                0x00000000c0013e02                HardDiskController::HardDiskController(char const*)
                0x00000000c0013e02                HardDiskController::HardDiskController(char const*)
                0x00000000c0013e38                HardDiskController::~HardDiskController()
                0x00000000c0013e38                HardDiskController::~HardDiskController()
                0x00000000c0013e5c                HardDiskController::~HardDiskController()
 .text          0x00000000c0013e86       0xde hal/diskphys.32
                0x00000000c0013e86                PhysicalDisk::PhysicalDisk(char const*, int)
                0x00000000c0013e86                PhysicalDisk::PhysicalDisk(char const*, int)
                0x00000000c0013eee                PhysicalDisk::startCache()
                0x00000000c0013f16                PhysicalDisk::~PhysicalDisk()
                0x00000000c0013f16                PhysicalDisk::~PhysicalDisk()
                0x00000000c0013f3a                PhysicalDisk::~PhysicalDisk()
 .text          0x00000000c0013f64      0x13b hal/fpu.32
                0x00000000c0013f64                FPU::FPU(char const*)
                0x00000000c0013f64                FPU::FPU(char const*)
                0x00000000c0013f9a                FPU::~FPU()
                0x00000000c0013f9a                FPU::~FPU()
                0x00000000c0013fbe                FPU::~FPU()
                0x00000000c0013fe8                setupFPU()
 *fill*         0x00000000c001409f        0x1 
 .text          0x00000000c00140a0     0x12b1 hal/intctrl.32
                0x00000000c00140a0                InterruptController::uninstallISRHandler(int, void (*)(regs*, void*))
                0x00000000c00140d8                InterruptController::installISRHandler(int, void (*)(regs*, void*), void*)
                0x00000000c001412a                doubleFault(regs*, void*)
                0x00000000c0014144                InterruptController::installIRQHandler(int, void (*)(regs*, void*), bool, void*)
                0x00000000c00141e0                InterruptController::clearAllHandlers(int, bool)
                0x00000000c0014288                InterruptController::uninstallIRQHandler(int, void (*)(regs*, void*), bool)
                0x00000000c001430f                nmiHandler(regs*, void*)
                0x00000000c001431d                int_handler
                0x00000000c00143be                InterruptController::InterruptController(char const*)
                0x00000000c00143be                InterruptController::InterruptController(char const*)
                0x00000000c0014464                InterruptController::~InterruptController()
                0x00000000c0014464                InterruptController::~InterruptController()
                0x00000000c0014488                InterruptController::~InterruptController()
                0x00000000c00144b2                displayDebugInfo(regs*)
                0x00000000c00148b7                x87EmulHandler(regs*, void*)
                0x00000000c00148e6                gpFault(regs*, void*)
                0x00000000c001491f                pgFault(regs*, void*)
                0x00000000c0014936                otherISRHandler(regs*, void*)
                0x00000000c0014955                opcodeFault(regs*, void*)
                0x00000000c0014f14                displayProgramFault(char const*)
                0x00000000c0014f3c                setupInterruptController()
                0x00000000c0015304                InterruptController::convertLegacyIRQNumber(int)
 *fill*         0x00000000c0015351        0x1 
 .text          0x00000000c0015352      0x69a hal/keybrd.32
                0x00000000c0015352                startGUI(void*)
                0x00000000c00153ae                startGUIVESA(void*)
                0x00000000c001540a                sendKeyToTerminal(unsigned char)
                0x00000000c0015476                sendKeyboardToken(KeyboardToken)
                0x00000000c0015886                clearInternalKeybuffer(VgaText*)
                0x00000000c00158bb                readKeyboard(VgaText*, char*, unsigned long)
                0x00000000c0015962                Keyboard::Keyboard(char const*)
                0x00000000c0015962                Keyboard::Keyboard(char const*)
                0x00000000c001599e                Keyboard::~Keyboard()
                0x00000000c001599e                Keyboard::~Keyboard()
                0x00000000c00159c2                Keyboard::~Keyboard()
 .text          0x00000000c00159ec      0x400 hal/logidisk.32
                0x00000000c00159ec                LogicalDisk::close(int, int, void*)
                0x00000000c00159f0                LogicalDisk::~LogicalDisk()
                0x00000000c00159f0                LogicalDisk::~LogicalDisk()
                0x00000000c0015a14                LogicalDisk::~LogicalDisk()
                0x00000000c0015a3e                LogicalDisk::open(int, int, void*)
                0x00000000c0015a52                LogicalDisk::absoluteToRelative(unsigned long long)
                0x00000000c0015a8a                LogicalDisk::relativeToAbsolute(unsigned long long)
                0x00000000c0015ad0                LogicalDisk::LogicalDisk(char const*, PhysicalDisk*, unsigned long long, unsigned long long)
                0x00000000c0015ad0                LogicalDisk::LogicalDisk(char const*, PhysicalDisk*, unsigned long long, unsigned long long)
                0x00000000c0015b86                LogicalDisk::assignDriveLetter()
                0x00000000c0015c3c                LogicalDisk::mount()
                0x00000000c0015cae                LogicalDisk::unmount()
                0x00000000c0015cbe                LogicalDisk::unassignDriveLetter()
                0x00000000c0015d14                LogicalDisk::read(unsigned long long, int, void*)
                0x00000000c0015d80                LogicalDisk::write(unsigned long long, int, void*)
 .text          0x00000000c0015dec       0x84 hal/mouse.32
                0x00000000c0015dec                Mouse::Mouse(char const*)
                0x00000000c0015dec                Mouse::Mouse(char const*)
                0x00000000c0015e22                Mouse::~Mouse()
                0x00000000c0015e22                Mouse::~Mouse()
                0x00000000c0015e46                Mouse::~Mouse()
 .text          0x00000000c0015e70      0x339 hal/partition.32
                0x00000000c0015e70                makePartition(PhysicalDisk*, unsigned long long, unsigned long long)
                0x00000000c0015f18                createPartitionsForDisk(PhysicalDisk*)
 *fill*         0x00000000c00161a9        0x1 
 .text          0x00000000c00161aa       0x84 hal/serial.32
                0x00000000c00161aa                Serial::Serial(char const*)
                0x00000000c00161aa                Serial::Serial(char const*)
                0x00000000c00161e0                Serial::~Serial()
                0x00000000c00161e0                Serial::~Serial()
                0x00000000c0016204                Serial::~Serial()
 .text          0x00000000c001622e      0x2b8 hal/timer.32
                0x00000000c001622e                Timer::Timer(char const*)
                0x00000000c001622e                Timer::Timer(char const*)
                0x00000000c0016264                Timer::~Timer()
                0x00000000c0016264                Timer::~Timer()
                0x00000000c0016288                Timer::~Timer()
                0x00000000c00162b2                Timer::read()
                0x00000000c00162bd                timerHandler(unsigned long long)
                0x00000000c00163f4                setupTimer(int)
 .text          0x00000000c00164e6      0x2db hal/vcache.32
                0x00000000c00164e6                VCache::VCache(PhysicalDisk*)
                0x00000000c00164e6                VCache::VCache(PhysicalDisk*)
                0x00000000c00165e0                VCache::writeWriteBuffer()
                0x00000000c001661c                VCache::~VCache()
                0x00000000c001661c                VCache::~VCache()
                0x00000000c001665c                VCache::~VCache()
                0x00000000c0016684                VCache::write(unsigned long long, int, void*)
                0x00000000c0016768                VCache::read(unsigned long long, int, void*)
 *fill*         0x00000000c00167c1        0x1 
 .text          0x00000000c00167c2      0x4cd hal/video.32
                0x00000000c00167c2                Video::putrect(int, int, int, int, unsigned int)
                0x00000000c001680e                Video::bitblit(int, int, int, int, int, int, int, unsigned int*)
                0x00000000c001687e                Video::blit(unsigned int*, int, int, int, int)
                0x00000000c00168fc                Video::clearScreen(unsigned int)
                0x00000000c0016930                Video::putpixel(int, int, unsigned int)
                0x00000000c001693e                Video::Video(char const*)
                0x00000000c001693e                Video::Video(char const*)
                0x00000000c0016974                Video::~Video()
                0x00000000c0016974                Video::~Video()
                0x00000000c0016998                Video::~Video()
                0x00000000c00169c2                Video::isMonochrome()
                0x00000000c00169ce                Video::getWidth()
                0x00000000c00169da                Video::getHeight()
                0x00000000c00169e6                Video::drawCursor(int, int, unsigned char*, int)
                0x00000000c0016aa2                Video::tgaParse(unsigned char*, int, int*, int*)
                0x00000000c0016c24                Video::putTGA(int, int, unsigned char*, int)
 *fill*         0x00000000c0016c8f        0x1 
 .text          0x00000000c0016c90      0xe28 hw/acpi.32
                0x00000000c0016c90                ACPI::close(int, int, void*)
                0x00000000c0016d45                findRSDP()
                0x00000000c0016dcf                loadACPITables(unsigned char*)
                0x00000000c0016ff6                findRSDT(unsigned char*)
                0x00000000c0017114                findDataTable(unsigned char*, char*)
                0x00000000c00171b0                scanMADT()
                0x00000000c0017636                ACPI::ACPI()
                0x00000000c0017636                ACPI::ACPI()
                0x00000000c0017696                ACPI::getPCIIRQAssignment(unsigned char, unsigned short, unsigned char)
                0x00000000c0017778                ACPI::registerPCIIRQAssignment(void*, unsigned short, unsigned char, unsigned char)
                0x00000000c001787e                ACPI::setScreenBrightnessLevel(void*, int)
                0x00000000c0017884                ACPI::writeSimpleBootFlag(SimpleBootFlagTable*)
                0x00000000c00178cc                ACPI::open(int, int, void*)
                0x00000000c0017aa0                ACPI::sleep()
 .text          0x00000000c0017ab8     0x1715 hw/cpu.32
                0x00000000c0017ab8                CPU::close(int, int, void*)
                0x00000000c0017abc                CPU::lookupAMDName(unsigned char, unsigned char)
                0x00000000c0017c50                CPU::lookupIntelName(unsigned char, unsigned char)
                0x00000000c0017efe                CPU::AMD_K6_write_msr(unsigned int, unsigned int, unsigned int, CPU::REGS*)
                0x00000000c0017f1a                CPU::AMD_K6_read_msr(unsigned int, CPU::REGS*)
                0x00000000c0017f32                CPU::AMD_K6_writeback(int, int, int)
                0x00000000c0017fa6                CPU::cpuid(int, unsigned long*, unsigned long*, unsigned long*, unsigned long*)
                0x00000000c001802a                CPU::cpuidCheckEDX(unsigned int)
                0x00000000c0018058                CPU::cpuidCheckECX(unsigned int)
                0x00000000c0018086                CPU::cpuidCheckExtendedEBX(unsigned int)
                0x00000000c00180b4                CPU::cpuidCheckExtendedECX(unsigned int)
                0x00000000c00180e2                CPU::CPU()
                0x00000000c00180e2                CPU::CPU()
                0x00000000c0018170                CPU::displayFeatures()
                0x00000000c00183ec                CPU::detectFeatures()
                0x00000000c0018ddc                CPU::setupSMEP()
                0x00000000c0018de8                CPU::setupUMIP()
                0x00000000c0018df2                CPU::setupTSC()
                0x00000000c0018dfc                CPU::setupLargePages()
                0x00000000c0018e06                CPU::setupPAT()
                0x00000000c0018e42                CPU::setupMTRR()
                0x00000000c0018e44                CPU::setupGlobalPages()
                0x00000000c0018e4e                CPU::allowUsermodeDataAccess()
                0x00000000c0018e60                CPU::prohibitUsermodeDataAccess()
                0x00000000c0018e72                CPU::setupSMAP()
                0x00000000c0018e80                CPU::setupFeatures()
                0x00000000c0018f00                CPU::open(int, int, void*)
                0x00000000c0018fd2                CPU::decodeAddress(regs*, int*, bool*, unsigned char*)
 .text          0x00000000c00191cd        0x0 hw/ports.32
 *fill*         0x00000000c00191cd        0x1 
 .text          0x00000000c00191ce      0x5d3 krnl/env.32
                0x00000000c00191ce                EnvVarContainer::getEnv(char const*)
                0x00000000c001920c                EnvVarContainer::setEnv(char const*, char const*)
                0x00000000c00192d8                EnvVarContainer::deleteEnv(char const*)
                0x00000000c00192da                EnvVarContainer::loadFrom(char const*, char const*)
                0x00000000c00194d0                EnvVarContainer::__loadSystem()
                0x00000000c00194ea                EnvVarContainer::__loadUser()
                0x00000000c00194ec                EnvVarContainer::EnvVarContainer(Process*)
                0x00000000c00194ec                EnvVarContainer::EnvVarContainer(Process*)
                0x00000000c001950e                EnvVarContainer::~EnvVarContainer()
                0x00000000c001950e                EnvVarContainer::~EnvVarContainer()
                0x00000000c001953e                Krnl::getEnv(Process*, char const*)
                0x00000000c00195a3                Krnl::setEnvSystem(char const*, char const*)
                0x00000000c00195bd                Krnl::setEnvUser(char const*, char const*)
                0x00000000c00195dc                Krnl::setEnvProcess(Process*, char const*, char const*)
                0x00000000c00195ef                Krnl::deleteEnvSystem(char const*)
                0x00000000c00195f0                Krnl::deleteEnvUser(char const*)
                0x00000000c00195f1                Krnl::deleteEnvProcess(Process*, char const*)
                0x00000000c00195f2                Krnl::newProcessEnv(Process*)
                0x00000000c0019614                Krnl::copyProcessEnv(Process*, Process*)
                0x00000000c0019668                Krnl::loadSystemEnv()
                0x00000000c0019696                Krnl::loadUserEnv()
                0x00000000c00196bc                Krnl::flushEnv()
                0x00000000c00196bd                Krnl::getProcessTotalEnvCount(Process*)
                0x00000000c00196dd                Krnl::getProcessEnvPair(Process*, int)
 .text          0x00000000c00197a1      0x32c krnl/panic.32
                0x00000000c00197a1                Krnl::panic(char const*)
 .text          0x00000000c0019acd      0x3b6 net/ethernet.32
                0x00000000c0019acd                Net::switchEndian16(unsigned short)
                0x00000000c0019aee                Net::switchEndian32(unsigned int)
                0x00000000c0019b1d                Net::crc32Calc(unsigned char*, int)
                0x00000000c0019bae                Net::wrapEthernetFrame(Net::UnwrappedEthernetFrame, unsigned char*)
                0x00000000c0019cea                Net::unwrapEthernetFrame(unsigned char*, int)
 .text          0x00000000c0019e83      0x513 reg/registry.32
                0x00000000c0019e83                Reg::findLineFromLoadedData(char*, char*, char*)
                0x00000000c0019fdb                Reg::getLineFromRegistry(char*, char*, char*, char*)
                0x00000000c001a130                Reg::getLine(char*, char*, char*)
                0x00000000c001a167                Reg::readInt(char*, char*, int*)
                0x00000000c001a252                Reg::readString(char*, char*, char*, int)
                0x00000000c001a2d3                Reg::readBool(char*, char*, bool*)
                0x00000000c001a2f8                Reg::readBoolWithDefault(char*, char*, bool)
                0x00000000c001a324                Reg::readIntWithDefault(char*, char*, int)
                0x00000000c001a350                Reg::readStringWithDefault(char*, char*, char*, int, char*)
 .text          0x00000000c001a396       0x18 sys/sc_exit.32
                0x00000000c001a396                Sys::exit(regs*)
 .text          0x00000000c001a3ae       0x1f sys/sc_getcwd.32
                0x00000000c001a3ae                Sys::getCwd(regs*)
 .text          0x00000000c001a3cd        0xc sys/sc_getpid.32
                0x00000000c001a3cd                Sys::getPID(regs*)
 .text          0x00000000c001a3d9       0xa8 sys/sc_loaddll.32
                0x00000000c001a3d9                Sys::loadDLL(regs*)
 .text          0x00000000c001a481       0x68 sys/sc_read.32
                0x00000000c001a481                Sys::read(regs*)
 .text          0x00000000c001a4e9       0x55 sys/sc_sbrk.32
                0x00000000c001a4e9                Sys::sbrk(regs*)
 .text          0x00000000c001a53e       0x1c sys/sc_setcwd.32
                0x00000000c001a53e                Sys::setCwd(regs*)
 .text          0x00000000c001a55a       0x68 sys/sc_write.32
                0x00000000c001a55a                Sys::write(regs*)
 .text          0x00000000c001a5c2       0x3b sys/sc_yield.32
                0x00000000c001a5c2                Sys::yield(regs*)
 .text          0x00000000c001a5fd     0x100a sys/syscalls.32
                0x00000000c001a5fd                sysCallSeekDir(regs*)
                0x00000000c001a602                sysCallTellDir(regs*)
                0x00000000c001a607                sysCallVerify(regs*)
                0x00000000c001a611                sysCallGetArgc(regs*)
                0x00000000c001a621                sysFormatDisk(regs*)
                0x00000000c001a68b                sysSetDiskVolumeLabel(regs*)
                0x00000000c001a6d1                sysGetDiskVolumeLabel(regs*)
                0x00000000c001a722                sysShutdown(regs*)
                0x00000000c001a780                sysCallRealpath(regs*)
                0x00000000c001a7c3                sysCallReadDir(regs*)
                0x00000000c001a851                sysCallIsATTY(regs*)
                0x00000000c001a8ab                sysCallSeek(regs*)
                0x00000000c001a914                sysCallTell(regs*)
                0x00000000c001a991                sysCallSize(regs*)
                0x00000000c001aa14                sysCallSizeFromFilename(regs*)
                0x00000000c001aad4                sysCallClose(regs*)
                0x00000000c001ab5c                sysCallOpenDir(regs*)
                0x00000000c001abd1                sysCallCloseDir(regs*)
                0x00000000c001ac37                sysCallMakeDir(regs*)
                0x00000000c001aca7                sysCallWait(regs*)
                0x00000000c001acc1                sysCallNotImpl(regs*)
                0x00000000c001acdc                sysPanic(regs*)
                0x00000000c001ad02                sysCallRmdir(regs*)
                0x00000000c001ad66                sysCallUnlink(regs*)
                0x00000000c001adca                sysCallGetArgv(regs*)
                0x00000000c001ae16                sysCallTTYName(regs*)
                0x00000000c001ae99                sysCallUSleep(regs*)
                0x00000000c001aec0                sysCallSpawn(regs*)
                0x00000000c001af18                sysCallGetEnv(regs*)
                0x00000000c001afc5                sysAppSettings(regs*)
                0x00000000c001b0e4                sysSetFatAttrib(regs*)
                0x00000000c001b156                sysPipe(regs*)
                0x00000000c001b19b                sysGetUnixTime(regs*)
                0x00000000c001b1af                string_ends_with(char const*, char const*)
                0x00000000c001b1f7                sysCallOpen(regs*)
                0x00000000c001b40c                setupSystemCalls()
                0x00000000c001b5c5                systemCall(regs*, void*)
 .text          0x00000000c001b607     0x11ee thr/elf.32
                0x00000000c001b607                Thr::allocateMemoryForTask(Process*, File*, unsigned long, unsigned long, unsigned long)
                0x00000000c001b884                Thr::loadProgramIntoMemory(Process*, char const*)
                0x00000000c001ba9a                Thr::runtimeReferenceHelper()
                0x00000000c001baad                Thr::getAddressOfKernelSymbol(char const*)
                0x00000000c001bafc                Thr::loadKernelSymbolTable(char const*)
                0x00000000c001bdb8                Thr::loadDriverIntoMemory(char const*, unsigned long, bool)
                0x00000000c001c539                Thr::getDriverBaseFromAddress(unsigned long)
                0x00000000c001c56b                Thr::getDriverNameFromAddress(unsigned long)
                0x00000000c001c5a2                Thr::getDriverOffsetFromAddress(unsigned long)
                0x00000000c001c5bc                Thr::loadDLL(char const*, bool)
                0x00000000c001c7cb                Thr::executeDLL(unsigned long, void*)
 *fill*         0x00000000c001c7f5        0x1 
 .text          0x00000000c001c7f6     0x1056 thr/prcssthr.32
                0x00000000c001c7f6                changeTSS
                0x00000000c001c826                Process::addArgs(char**)
                0x00000000c001c880                Process::Process(char const*, Process*, char**)
                0x00000000c001c880                Process::Process(char const*, Process*, char**)
                0x00000000c001ca64                Process::Process(bool, char const*, Process*, char**)
                0x00000000c001ca64                Process::Process(bool, char const*, Process*, char**)
                0x00000000c001cc13                disableIRQs()
                0x00000000c001cc1b                getIRQNestingLevel()
                0x00000000c001cc21                enableIRQs()
                0x00000000c001cc30                lockScheduler()
                0x00000000c001cc32                unlockScheduler()
                0x00000000c001cc34                userModeEntryPoint(void*)
                0x00000000c001cc57                lockStuff()
                0x00000000c001cc63                taskStartupFunction
                0x00000000c001cc6c                updateTimeUsed()
                0x00000000c001ccd1                switchToThread(ThreadControlBlock*)
                0x00000000c001cd22                Semaphore::Semaphore(int)
                0x00000000c001cd22                Semaphore::Semaphore(int)
                0x00000000c001cd50                Mutex::Mutex()
                0x00000000c001cd50                Mutex::Mutex()
                0x00000000c001cd62                Process::createThread(void (*)(void*), void*, int)
                0x00000000c001ce46                Process::createUserThread()
                0x00000000c001ce62                setupMultitasking(void (*)())
                0x00000000c001cf6c                schedule()
                0x00000000c001cff1                unlockStuff()
                0x00000000c001d026                Semaphore::tryAcquire()
                0x00000000c001d054                Semaphore::assertLocked(char const*)
                0x00000000c001d084                blockTaskWithSchedulerLockAlreadyHeld(TaskState)
                0x00000000c001d0c6                blockTask(TaskState)
                0x00000000c001d0e7                waitTask(int, int*, int)
                0x00000000c001d129                nanoSleepUntil(unsigned long long)
                0x00000000c001d180                nanoSleep(unsigned long long)
                0x00000000c001d195                sleep(unsigned long long)
                0x00000000c001d1b2                Semaphore::acquire()
                0x00000000c001d21a                taskReturned
                0x00000000c001d248                unblockTask(ThreadControlBlock*)
                0x00000000c001d2f7                cleanupTerminatedTask(ThreadControlBlock*)
                0x00000000c001d5c0                cleanerTaskFunction(void*)
                0x00000000c001d673                terminateTask(int)
                0x00000000c001d753                Thr::terminateFromIRQ(int)
                0x00000000c001d760                Semaphore::release()
 .text          0x00000000c001d84c      0xc26 vm86/vm8086.32
                0x00000000c001d84c                Vm::inbv(unsigned short)
                0x00000000c001d85f                Vm::outbv(unsigned short, unsigned char)
                0x00000000c001d8b2                Vm::realToLinear(unsigned short, unsigned short)
                0x00000000c001d8c2                Vm::getSegment(unsigned int)
                0x00000000c001d8ca                Vm::getOffset(unsigned int)
                0x00000000c001d8cf                Vm::mainloop2()
                0x00000000c001d90a                Vm::mainVm8086Loop(void*)
                0x00000000c001d917                Vm::mainloop3(unsigned long)
                0x00000000c001d941                Vm::initialise8086()
                0x00000000c001d984                Vm::finish8086()
                0x00000000c001d9c9                Vm::getOutput8086(unsigned char*)
                0x00000000c001d9f3                Vm::start8086(char const*, unsigned short, unsigned short, unsigned short, unsigned short)
                0x00000000c001db43                Vm::doISR(regs*, int, unsigned char*, unsigned short, unsigned short)
                0x00000000c001dbcd                Vm::readByteFromReal(unsigned short, unsigned short)
                0x00000000c001dbde                Vm::readWordFromReal(unsigned short, unsigned short)
                0x00000000c001dbf0                Vm::readDwordFromReal(unsigned short, unsigned short)
                0x00000000c001dc01                Vm::writeByteFromReal(unsigned short, unsigned short, unsigned char)
                0x00000000c001dc16                Vm::writeWordFromReal(unsigned short, unsigned short, unsigned short)
                0x00000000c001dc2c                Vm::writeDwordFromReal(unsigned short, unsigned short, unsigned int)
                0x00000000c001dc41                Vm::faultHandler(regs*)
 .text          0x00000000c001e472      0xefd vm86/x87em.32
                0x00000000c001e472                Vm::fpuInternalTo32(unsigned long long)
                0x00000000c001e4cd                Vm::fpuInternalTo64(unsigned long long)
                0x00000000c001e4d6                Vm::fpu32ToInternal(unsigned int)
                0x00000000c001e51b                Vm::fpu64ToInternal(unsigned long long)
                0x00000000c001e524                Vm::fpuFloatToLong(unsigned long long)
                0x00000000c001e57f                Vm::fpuULongToFloat(unsigned long long)
                0x00000000c001e5b5                Vm::fpuLongToFloat(long long)
                0x00000000c001e60b                Vm::fpuGet0()
                0x00000000c001e610                Vm::fpuGet1()
                0x00000000c001e618                Vm::fpuGetPi()
                0x00000000c001e620                Vm::fpuGetLog2E()
                0x00000000c001e638                Vm::fpuGetLogE2()
                0x00000000c001e650                Vm::fpuGetLog210()
                0x00000000c001e668                Vm::fpuGetLog102()
                0x00000000c001e680                Vm::fpuIsSecondLarger(unsigned long long, unsigned long long)
                0x00000000c001e694                Vm::fpuAreEqual(unsigned long long, unsigned long long)
                0x00000000c001e6aa                Vm::fpuUnorderedCompare(unsigned long long, unsigned long long)
                0x00000000c001e6fd                Vm::fpuAdd(unsigned long long, unsigned long long)
                0x00000000c001e70e                Vm::fpuAbs(unsigned long long)
                0x00000000c001e717                Vm::fpuChs(unsigned long long)
                0x00000000c001e727                Vm::fpuSub(unsigned long long, unsigned long long)
                0x00000000c001e736                Vm::fpuMultiply(unsigned long long, unsigned long long)
                0x00000000c001e755                Vm::fpuDivide(unsigned long long, unsigned long long)
                0x00000000c001e771                Vm::fpuSquare(unsigned long long)
                0x00000000c001e787                Vm::fpuGetReg(int)
                0x00000000c001e7ca                Vm::fpuSetReg(int, unsigned long long)
                0x00000000c001e815                Vm::fpuPush(unsigned long long)
                0x00000000c001e872                Vm::fpuPop()
                0x00000000c001e8c4                Vm::x87Handler(regs*)
 *fill*         0x00000000c001f36f        0x1 
 .text          0x00000000c001f370     0x10ed fs/fat/vfslink.32
                0x00000000c001f370                FAT::getName()
                0x00000000c001f376                FAT::tell(void*, unsigned long long*)
                0x00000000c001f3aa                FAT::stat(void*, unsigned long long*)
                0x00000000c001f3de                FAT::~FAT()
                0x00000000c001f3de                FAT::~FAT()
                0x00000000c001f402                FAT::~FAT()
                0x00000000c001f42a                FAT::getlabel(LogicalDisk*, int, char*, unsigned int*)
                0x00000000c001f4c8                FAT::setlabel(LogicalDisk*, int, char*)
                0x00000000c001f582                FAT::format(LogicalDisk*, int, char const*, int)
                0x00000000c001f766                FAT::tryMount(LogicalDisk*, int)
                0x00000000c001f96c                FAT::readDir(void*, unsigned long, void*, int*)
                0x00000000c001fa72                FAT::read(void*, unsigned long, void*, int*)
                0x00000000c001facc                FAT::write(void*, unsigned long, void*, int*)
                0x00000000c001fb26                FAT::close(void*)
                0x00000000c001fb72                FAT::closeDir(void*)
                0x00000000c001fbbe                FAT::seek(void*, unsigned long long)
                0x00000000c001fc12                fatWrapperReadDisk
                0x00000000c001fc59                fatWrapperWriteDisk
                0x00000000c001fca0                fatWrapperIoctl
                0x00000000c001fda4                FAT::FAT()
                0x00000000c001fda4                FAT::FAT()
                0x00000000c001fdf6                FAT::fixFilepath(char*)
                0x00000000c001fe2e                FAT::open(char const*, void**, FileOpenMode)
                0x00000000c001ff56                FAT::openDir(char const*, void**)
                0x00000000c001fffc                FAT::stat(char const*, unsigned long long*, bool*)
                0x00000000c00200e6                FAT::unlink(char const*)
                0x00000000c0020160                FAT::chfatattr(char const*, unsigned char, unsigned char)
                0x00000000c00202b4                FAT::rename(char const*, char const*)
                0x00000000c0020378                FAT::mkdir(char const*)
                0x00000000c00203f2                FAT::exists(char const*)
 *fill*         0x00000000c002045d        0x1 
 .text          0x00000000c002045e      0xbdf fs/iso9660/vfslink.32
                0x00000000c002045e                ISO9660::format(LogicalDisk*, int, char const*, int)
                0x00000000c0020464                ISO9660::seek(void*, unsigned long long)
                0x00000000c0020494                ISO9660::tell(void*, unsigned long long*)
                0x00000000c00204b8                ISO9660::getName()
                0x00000000c00204be                ISO9660::stat(void*, unsigned long long*)
                0x00000000c00204e2                ISO9660::chfatattr(char const*, unsigned char, unsigned char)
                0x00000000c00204e8                ISO9660::unlink(char const*)
                0x00000000c00204ee                ISO9660::write(void*, unsigned long, void*, int*)
                0x00000000c00204f4                ISO9660::rename(char const*, char const*)
                0x00000000c00204fa                ISO9660::mkdir(char const*)
                0x00000000c0020500                ISO9660::close(void*)
                0x00000000c0020522                ISO9660::closeDir(void*)
                0x00000000c0020544                ISO9660::~ISO9660()
                0x00000000c0020544                ISO9660::~ISO9660()
                0x00000000c0020568                ISO9660::~ISO9660()
                0x00000000c002058f                __memmem(unsigned char*, int, unsigned char*, int)
                0x00000000c00205d1                readSectorFromCDROM(unsigned int, unsigned char*, char)
                0x00000000c0020638                ISO9660::tryMount(LogicalDisk*, int)
                0x00000000c0020688                ISO9660::read(void*, unsigned long, void*, int*)
                0x00000000c00208cc                ISO9660::readDir(void*, unsigned long, void*, int*)
                0x00000000c0020b59                readRoot(unsigned int*, unsigned int*, char)
                0x00000000c0020bae                readRecursively(char*, unsigned int, unsigned int, unsigned int*, unsigned int*, char, int*)
                0x00000000c0020d81                getFileData(char*, unsigned int*, unsigned int*, char, int*)
                0x00000000c0020e10                ISO9660::open(char const*, void**, FileOpenMode)
                0x00000000c0020eaa                ISO9660::exists(char const*)
                0x00000000c0020ece                ISO9660::stat(char const*, unsigned long long*, bool*)
                0x00000000c0020f62                ISO9660::openDir(char const*, void**)
                0x00000000c002101a                ISO9660::ISO9660()
                0x00000000c002101a                ISO9660::ISO9660()
 *fill*         0x00000000c002103d        0x1 
 .text          0x00000000c002103e      0x326 hal/sound/sndchannel.32
                0x00000000c002103e                SoundChannel::~SoundChannel()
                0x00000000c002103e                SoundChannel::~SoundChannel()
                0x00000000c002105a                SoundChannel::setSpeed(float)
                0x00000000c0021066                SoundChannel::getSpeed()
                0x00000000c002106e                SoundChannel::setVolume(int)
                0x00000000c002108a                SoundChannel::getVolume()
                0x00000000c0021092                SoundChannel::pause()
                0x00000000c002109c                SoundChannel::SoundChannel(int, int, int, int)
                0x00000000c002109c                SoundChannel::SoundChannel(int, int, int, int)
                0x00000000c00211f2                SoundChannel::play()
                0x00000000c00211fc                SoundChannel::paused()
                0x00000000c0021204                SoundChannel::getSampleRate()
                0x00000000c002120c                SoundChannel::getBits()
                0x00000000c0021214                SoundChannel::getBufferUsed()
                0x00000000c002121c                SoundChannel::getBufferSize()
                0x00000000c0021224                SoundChannel::unbuffer(float*, int, int)
                0x00000000c00212c4                SoundChannel::buffer8(unsigned char*, int)
 .text          0x00000000c0021364      0x3d5 hal/sound/sndhw.32
                0x00000000c0021364                SoundDevice::SoundDevice(char const*)
                0x00000000c0021364                SoundDevice::SoundDevice(char const*)
                0x00000000c00213d0                SoundDevice::~SoundDevice()
                0x00000000c00213d0                SoundDevice::~SoundDevice()
                0x00000000c002144a                SoundDevice::~SoundDevice()
                0x00000000c0021474                SoundDevice::getFreeChannelNum()
                0x00000000c002148e                SoundDevice::addChannel(SoundChannel*)
                0x00000000c00214fe                SoundDevice::removeChannel(int)
                0x00000000c0021530                SoundDevice::floatTo8(float*, unsigned char*, int)
                0x00000000c0021618                SoundDevice::getAudio(int, float*, float*)
 .text          0x00000000c0021739        0x0 hw/bus/isa.32
 *fill*         0x00000000c0021739        0x1 
 .text          0x00000000c002173a      0x6c3 hw/bus/pci.32
                0x00000000c002173a                PCI::open(int, int, void*)
                0x00000000c002174e                PCI::close(int, int, void*)
                0x00000000c0021752                PCI::PCI()
                0x00000000c0021752                PCI::PCI()
                0x00000000c00217d2                PCI::pciReadWord(unsigned char, unsigned char, unsigned char, unsigned char)
                0x00000000c002181a                PCI::getVendorID(unsigned char, unsigned char, unsigned char)
                0x00000000c002183c                PCI::getHeaderType(unsigned char, unsigned char, unsigned char)
                0x00000000c0021860                PCI::getClassCode(unsigned char, unsigned char, unsigned char)
                0x00000000c00218a4                PCI::getProgIF(unsigned char, unsigned char, unsigned char)
                0x00000000c00218c8                PCI::getRevisionID(unsigned char, unsigned char, unsigned char)
                0x00000000c00218ea                PCI::getInterruptNumber(unsigned char, unsigned char, unsigned char)
                0x00000000c002190c                PCI::getSecondaryBus(unsigned char, unsigned char, unsigned char)
                0x00000000c0021930                PCI::getBARAddress(unsigned char, unsigned char, unsigned char, unsigned char)
                0x00000000c0021990                PCI::pciWriteWord(unsigned char, unsigned char, unsigned char, unsigned char, unsigned short)
                0x00000000c00219fc                PCI::checkBus(unsigned char)
                0x00000000c0021a20                PCI::foundDevice(PCIDeviceInfo)
                0x00000000c0021b92                PCI::getDeviceData(unsigned char, unsigned char, unsigned char)
                0x00000000c0021d3e                PCI::checkDevice(unsigned char, unsigned char)
                0x00000000c0021daa                PCI::detect()
 *fill*         0x00000000c0021dfd        0x1 
 .text          0x00000000c0021dfe      0xc70 hw/diskctrl/ide.32
                0x00000000c0021dfe                IDE::close(int, int, void*)
                0x00000000c0021e02                IDE::IDE()
                0x00000000c0021e02                IDE::IDE()
                0x00000000c0021e36                IDE::prepareInterrupt(unsigned char)
                0x00000000c0021e48                selectDrive(unsigned char, unsigned char)
                0x00000000c0021e4a                IDE::getBase(unsigned char)
                0x00000000c0021e5c                IDE::write(unsigned char, unsigned char, unsigned char)
                0x00000000c0021f1c                IDE::read(unsigned char, unsigned char)
                0x00000000c0021fca                IDE::waitInterrupt(unsigned char)
                0x00000000c0022030                ideChannel0IRQHandler(regs*, void*)
                0x00000000c002204c                ideChannel1IRQHandler(regs*, void*)
                0x00000000c0022068                IDE::enableIRQs(unsigned char, bool)
                0x00000000c00220ae                IDE::open(int, int, void*)
                0x00000000c00224be                IDE::readBuffer(unsigned char, unsigned char, unsigned int, unsigned int)
                0x00000000c002258a                IDE::detect()
                0x00000000c0022872                IDE::printError(unsigned char, unsigned char, unsigned char)
                0x00000000c0022a08                IDE::polling(unsigned char, unsigned int)
 .text          0x00000000c0022a6e      0x37a hw/diskctrl/satabus.32
                0x00000000c0022a6e                SATABus::close(int, int, void*)
                0x00000000c0022a72                SATABus::detect()
                0x00000000c0022a74                SATABus::SATABus()
                0x00000000c0022a74                SATABus::SATABus()
                0x00000000c0022b20                SATABus::findCmdslot(SATABus::tagHBA_PORT volatile*)
                0x00000000c0022b68                SATABus::checkType(SATABus::tagHBA_PORT volatile*)
                0x00000000c0022bb0                SATABus::startCmd(SATABus::tagHBA_PORT volatile*)
                0x00000000c0022bd0                SATABus::stopCmd(SATABus::tagHBA_PORT volatile*)
                0x00000000c0022bfa                SATABus::portRebase(SATABus::tagHBA_PORT volatile*, int)
                0x00000000c0022d00                SATABus::probePort(SATABus::tagHBA_MEM volatile*)
                0x00000000c0022dc8                SATABus::open(int, int, void*)
 .text          0x00000000c0022de8      0x62b hw/diskphys/ata.32
                0x00000000c0022de8                ATA::close(int, int, void*)
                0x00000000c0022e0c                ATA::powerSaving(PowerSavingLevel)
                0x00000000c0022e0e                ATA::ATA()
                0x00000000c0022e0e                ATA::ATA()
                0x00000000c0022e3c                ATA::flush(bool)
                0x00000000c0022e86                ATA::readyForCommand()
                0x00000000c0022ed6                ATA::access(unsigned long long, int, void*, bool)
                0x00000000c0023254                ATA::read(unsigned long long, int, void*)
                0x00000000c00232bc                ATA::write(unsigned long long, int, void*)
                0x00000000c0023324                ATA::detectCHS()
                0x00000000c002334e                ATA::open(int, int, void*)
 *fill*         0x00000000c0023413        0x1 
 .text          0x00000000c0023414      0x5b3 hw/diskphys/atapi.32
                0x00000000c0023414                ATAPI::write(unsigned long long, int, void*)
                0x00000000c002341a                ATAPI::close(int, int, void*)
                0x00000000c002343e                ATAPI::ATAPI()
                0x00000000c002343e                ATAPI::ATAPI()
                0x00000000c002346c                ATAPI::readyForCommand()
                0x00000000c00234bc                ATAPI::sendPacket(unsigned char*, int, bool, unsigned short*, int)
                0x00000000c002377c                ATAPI::diskRemoved()
                0x00000000c0023798                ATAPI::eject()
                0x00000000c00237de                ATAPI::diskInserted()
                0x00000000c002380c                ATAPI::detectMedia()
                0x00000000c00238c8                ATAPI::open(int, int, void*)
                0x00000000c0023948                ATAPI::read(unsigned long long, int, void*)
 *fill*         0x00000000c00239c7        0x1 
 .text          0x00000000c00239c8      0x414 hw/diskphys/sata.32
                0x00000000c00239c8                SATA::close(int, int, void*)
                0x00000000c00239ec                SATA::powerSaving(PowerSavingLevel)
                0x00000000c00239ee                SATA::open(int, int, void*)
                0x00000000c0023a4a                SATA::SATA()
                0x00000000c0023a4a                SATA::SATA()
                0x00000000c0023a78                SATA::access(unsigned long long, int, void*, bool)
                0x00000000c0023d0c                SATA::read(unsigned long long, int, void*)
                0x00000000c0023d74                SATA::write(unsigned long long, int, void*)
 .text          0x00000000c0023ddc       0x8e hw/fpu/avx.32
                0x00000000c0023ddc                AVX::open(int, int, void*)
                0x00000000c0023dee                AVX::close(int, int, void*)
                0x00000000c0023e00                AVX::available()
                0x00000000c0023e12                AVX::save(void*)
                0x00000000c0023e2a                AVX::load(void*)
                0x00000000c0023e42                AVX::AVX()
                0x00000000c0023e42                AVX::AVX()
 .text          0x00000000c0023e6a       0x90 hw/fpu/mmx.32
                0x00000000c0023e6a                MMX::available()
                0x00000000c0023e7e                MMX::open(int, int, void*)
                0x00000000c0023e90                MMX::close(int, int, void*)
                0x00000000c0023ea2                MMX::save(void*)
                0x00000000c0023eba                MMX::load(void*)
                0x00000000c0023ed2                MMX::MMX()
                0x00000000c0023ed2                MMX::MMX()
 .text          0x00000000c0023efa       0x96 hw/fpu/sse.32
                0x00000000c0023efa                SSE::open(int, int, void*)
                0x00000000c0023f0c                SSE::close(int, int, void*)
                0x00000000c0023f1e                SSE::available()
                0x00000000c0023f38                SSE::save(void*)
                0x00000000c0023f50                SSE::load(void*)
                0x00000000c0023f68                SSE::SSE()
                0x00000000c0023f68                SSE::SSE()
 .text          0x00000000c0023f90       0x8e hw/fpu/x87.32
                0x00000000c0023f90                x87::open(int, int, void*)
                0x00000000c0023fa2                x87::close(int, int, void*)
                0x00000000c0023fb4                x87::available()
                0x00000000c0023fc6                x87::save(void*)
                0x00000000c0023fde                x87::load(void*)
                0x00000000c0023ff6                x87::x87()
                0x00000000c0023ff6                x87::x87()
 .text          0x00000000c002401e      0x71e hw/intctrl/apic.32
                0x00000000c002401e                APIC::disable()
                0x00000000c0024020                APIC::close(int, int, void*)
                0x00000000c0024042                IOAPIC::close(int, int, void*)
                0x00000000c0024048                APIC::io_wait()
                0x00000000c002404e                APIC::getBase()
                0x00000000c0024090                APIC::eoi(unsigned char)
                0x00000000c00240be                APIC::open(int, int, void*)
                0x00000000c002420c                IOAPIC::IOAPIC()
                0x00000000c002420c                IOAPIC::IOAPIC()
                0x00000000c0024234                APIC::APIC()
                0x00000000c0024234                APIC::APIC()
                0x00000000c0024310                IOAPIC::handlesGSIWithNumber(unsigned int)
                0x00000000c0024342                IOAPIC::read(int)
                0x00000000c002436a                IOAPIC::open(int, int, void*)
                0x00000000c0024460                IOAPIC::write(int, int)
                0x00000000c002448c                IOAPIC::redirect(unsigned char, unsigned long long, unsigned char, bool, bool)
                0x00000000c0024586                APIC::installIRQHandler(int, void (*)(regs*, void*), bool, void*)
 .text          0x00000000c002473c      0x3d3 hw/intctrl/pic.32
                0x00000000c002473c                PIC::disable()
                0x00000000c002476a                PIC::close(int, int, void*)
                0x00000000c002478c                PIC::PIC()
                0x00000000c002478c                PIC::PIC()
                0x00000000c0024862                PIC::ioWait()
                0x00000000c0024868                PIC::getIRQReg(int)
                0x00000000c00248d2                PIC::eoi(unsigned char)
                0x00000000c0024964                PIC::remap()
                0x00000000c0024ad0                PIC::open(int, int, void*)
 *fill*         0x00000000c0024b0f        0x1 
 .text          0x00000000c0024b10      0x25e hw/timer/apictimer.32
                0x00000000c0024b10                APICTimer::close(int, int, void*)
                0x00000000c0024b16                apicTimerHandler(regs*, void*)
                0x00000000c0024b44                APICTimer::write(int)
                0x00000000c0024c48                APICTimer::open(int, int, void*)
                0x00000000c0024d46                APICTimer::APICTimer()
                0x00000000c0024d46                APICTimer::APICTimer()
 .text          0x00000000c0024d6e      0x1a7 hw/timer/pit.32
                0x00000000c0024d6e                PIT::write(int)
                0x00000000c0024dec                pitHandler(regs*, void*)
                0x00000000c0024e18                PIT::open(int, int, void*)
                0x00000000c0024e66                PIT::close(int, int, void*)
                0x00000000c0024e96                PIT::PIT()
                0x00000000c0024e96                PIT::PIT()
 *fill*         0x00000000c0024f15        0xb 
 .text          0x00000000c0024f20       0x1e hw/fpu/x86/avx.32
                0x00000000c0024f20                avxDetect
                0x00000000c0024f26                avxSave
                0x00000000c0024f27                avxLoad
                0x00000000c0024f28                avxInit
                0x00000000c0024f29                avxClose
                0x00000000c0024f2a                wouldSheSayYes
 *fill*         0x00000000c0024f3e        0x2 
 .text          0x00000000c0024f40       0x35 hw/fpu/x86/sse.32
                0x00000000c0024f40                absolutelyNoChanceInHell
                0x00000000c0024f40                sseDetect
                0x00000000c0024f58                sseSave
                0x00000000c0024f5e                sseLoad
                0x00000000c0024f64                sseInit
                0x00000000c0024f74                sseClose
 *fill*         0x00000000c0024f75        0xb 
 .text          0x00000000c0024f80       0x47 hw/fpu/x86/x87.32
                0x00000000c0024f86                x87Detect
                0x00000000c0024fa1                x87Save
                0x00000000c0024fa7                x87Load
                0x00000000c0024fac                x87Init
                0x00000000c0024fc6                x87Close
 *fill*         0x00000000c0024fc7        0x1 
 .text          0x00000000c0024fc8       0x25 /cygdrive/d/Users/Alex/Desktop/Toolchain/Output/bin/../lib/gcc/i386-banana/8.1.0/crtend.o
 .text          0x00000000c0024fed        0x0 crtn.32
 *fill*         0x00000000c0024fed        0x3 
 .text          0x00000000c0024ff0      0x14b /cygdrive/d/Users/Alex/Desktop/Toolchain/Output/bin/../lib/gcc/i386-banana/8.1.0/libkgcc.a(_divdi3.o)
                0x00000000c0024ff0                __divdi3
 *fill*         0x00000000c002513b        0x1 
 .text          0x00000000c002513c      0x17e /cygdrive/d/Users/Alex/Desktop/Toolchain/Output/bin/../lib/gcc/i386-banana/8.1.0/libkgcc.a(_moddi3.o)
                0x00000000c002513c                __moddi3
 *fill*         0x00000000c00252ba        0x2 
 .text          0x00000000c00252bc       0xff /cygdrive/d/Users/Alex/Desktop/Toolchain/Output/bin/../lib/gcc/i386-banana/8.1.0/libkgcc.a(_udivdi3.o)
                0x00000000c00252bc                __udivdi3
 *fill*         0x00000000c00253bb        0x1 
 .text          0x00000000c00253bc      0x11a /cygdrive/d/Users/Alex/Desktop/Toolchain/Output/bin/../lib/gcc/i386-banana/8.1.0/libkgcc.a(_umoddi3.o)
                0x00000000c00253bc                __umoddi3
 .text          0x00000000c00254d6      0x96d D:/Users/Alex/Desktop/Banana/kernel/libsoftfp.a(sfieeelib.o)
                0x00000000c00254d6                __addsf3
                0x00000000c00257d8                __subsf3
                0x00000000c00257ec                __negsf2
                0x00000000c00257f9                __mulsf3
                0x00000000c00259bc                __divsf3
                0x00000000c0025be7                __floatsisf
                0x00000000c0025c5b                __floatunsisf
                0x00000000c0025c9d                __fixsfsi
                0x00000000c0025cff                __fixunssfsi
                0x00000000c0025d30                __cmpsf2
                0x00000000c0025dc5                __eqsf2
                0x00000000c0025e00                __nesf2
                0x00000000c0025e02                __gtsf2
                0x00000000c0025e3d                __gesf2
                0x00000000c0025e3f                __ltsf2
                0x00000000c0025e41                __lesf2
 .text          0x00000000c0025e43      0xf50 D:/Users/Alex/Desktop/Banana/kernel/libsoftfp.a(dfieeelib.o)
                0x00000000c0025e43                __adddf3
                0x00000000c0026494                __subdf3
                0x00000000c00264af                __negdf2
                0x00000000c00264c0                __muldf3
                0x00000000c00267a4                __divdf3
                0x00000000c0026b23                __floatsidf
                0x00000000c0026b7e                __floatunsidf
                0x00000000c0026bbc                __fixdfsi
                0x00000000c0026c29                __fixunsdfsi
                0x00000000c0026c65                __cmpdf2
                0x00000000c0026d53                __eqdf2
                0x00000000c0026d6f                __nedf2
                0x00000000c0026d71                __gtdf2
                0x00000000c0026d8d                __gedf2
                0x00000000c0026d8f                __ltdf2
                0x00000000c0026d91                __ledf2
 .text          0x00000000c0026d93      0x18d D:/Users/Alex/Desktop/Banana/kernel/libsoftfp.a(sfdfcvt.o)
                0x00000000c0026d93                __truncdfsf2
                0x00000000c0026eb7                __extendsfdf2
 .text          0x00000000c0026f20       0x1e D:/Users/Alex/Desktop/Banana/kernel/libk/libm32.a(s_fabs.c.o)
                0x00000000c0026f20                fabs
 *fill*         0x00000000c0026f3e        0x2 
 .text          0x00000000c0026f40        0xc D:/Users/Alex/Desktop/Banana/kernel/libk/libm32.a(s_lrint.S.o)
                0x00000000c0026f40                lrint
 .text          0x00000000c0026f4c        0xc D:/Users/Alex/Desktop/Banana/kernel/libk/libm32.a(s_lrintf.S.o)
                0x00000000c0026f4c                lrintf
 *(.gnu.linkonce.t*)

.iplt           0x00000000c0026f58        0x0
 .iplt          0x00000000c0026f58        0x0 D:/Users/Alex/Desktop/Banana/kernel/boot.32

.init           0x00000000c0026f58        0xf
 .init          0x00000000c0026f58        0x3 crti.32
                0x00000000c0026f58                _init
 .init          0x00000000c0026f5b        0x5 /cygdrive/d/Users/Alex/Desktop/Toolchain/Output/bin/../lib/gcc/i386-banana/8.1.0/crtbegin.o
 .init          0x00000000c0026f60        0x5 /cygdrive/d/Users/Alex/Desktop/Toolchain/Output/bin/../lib/gcc/i386-banana/8.1.0/crtend.o
 .init          0x00000000c0026f65        0x2 crtn.32

.fini           0x00000000c0026f67        0xa
 .fini          0x00000000c0026f67        0x3 crti.32
                0x00000000c0026f67                _fini
 .fini          0x00000000c0026f6a        0x5 /cygdrive/d/Users/Alex/Desktop/Toolchain/Output/bin/../lib/gcc/i386-banana/8.1.0/crtbegin.o