Archive member included to satisfy reference by file (symbol)

/cygdrive/d/Users/Alex/Desktop/Toolchain/Output/bin/../lib/gcc/i386-banana/8.1.0/libkgcc.a(_divdi3.o)
                              fs/fat/ff.32 (__divdi3)
/cygdrive/d/Users/Alex/Desktop/Toolchain/Output/bin/../lib/gcc/i386-banana/8.1.0/libkgcc.a(_moddi3.o)
                              compat/resolve.32 (__moddi3)
/cygdrive/d/Users/Alex/Desktop/Toolchain/Output/bin/../lib/gcc/i386-banana/8.1.0/libkgcc.a(_udivdi3.o)
                              fs/fat/ff.32 (__udivdi3)
/cygdrive/d/Users/Alex/Desktop/Toolchain/Output/bin/../lib/gcc/i386-banana/8.1.0/libkgcc.a(_umoddi3.o)
                              compat/resolve.32 (__umoddi3)
D:/Users/Alex/Desktop/Banana/kernel/libsoftfp.a(sfieeelib.o)
                              hal/libresample/src_linear.32 (__subsf3)
D:/Users/Alex/Desktop/Banana/kernel/libsoftfp.a(dfieeelib.o)
                              hal/libresample/src_linear.32 (__adddf3)
D:/Users/Alex/Desktop/Banana/kernel/libsoftfp.a(sfdfcvt.o)
                              hal/libresample/samplerate.32 (__truncdfsf2)
D:/Users/Alex/Desktop/Banana/kernel/libk/libm32.a(s_fabs.c.o)
                              hal/libresample/samplerate.32 (fabs)
D:/Users/Alex/Desktop/Banana/kernel/libk/libm32.a(s_lrint.S.o)
                              hal/libresample/samplerate.32 (lrint)
D:/Users/Alex/Desktop/Banana/kernel/libk/libm32.a(s_lrintf.S.o)
                              hal/sound/sndhw.32 (lrintf)

Discarded input sections

 .comment       0x0000000000000000       0x12 /cygdrive/d/Users/Alex/Desktop/Toolchain/Output/bin/../lib/gcc/i386-banana/8.1.0/crtbegin.o
 .comment       0x0000000000000000       0x12 acpica/utclib.32
 .comment       0x0000000000000000       0x12 core/malloc.32
 .comment       0x0000000000000000       0x12 libk/string.32
 .comment       0x0000000000000000       0x12 fs/fat/diskio.32
 .comment       0x0000000000000000       0x12 fs/fat/ff.32
 .comment       0x0000000000000000       0x12 fs/fat/ffsystem.32
 .comment       0x0000000000000000       0x12 fs/fat/ffunicode.32
 .comment       0x0000000000000000       0x12 hal/libresample/samplerate.32
 .comment       0x0000000000000000       0x12 hal/libresample/src_linear.32
 .comment       0x0000000000000000       0x12 hal/libresample/src_sinc.32
 .comment       0x0000000000000000       0x12 hal/libresample/src_zoh.32
 .comment       0x0000000000000000       0x12 compat/inlines.32
 .comment       0x0000000000000000       0x12 compat/resolve.32
 .group         0x0000000000000000       0x14 core/computer.32
 .group         0x0000000000000000        0xc core/computer.32
 .comment       0x0000000000000000       0x12 core/computer.32
 .comment       0x0000000000000000       0x12 core/gdt.32
 .group         0x0000000000000000        0xc core/idle.32
 .comment       0x0000000000000000       0x12 core/idle.32
 .comment       0x0000000000000000       0x12 core/idt.32
 .comment       0x0000000000000000       0x12 core/kheap.32
 .comment       0x0000000000000000       0x12 core/main.32
 .comment       0x0000000000000000       0x12 core/physmgr.32
 .group         0x0000000000000000        0xc core/pipe.32
 .comment       0x0000000000000000       0x12 core/pipe.32
 .group         0x0000000000000000        0xc core/terminal.32
 .comment       0x0000000000000000       0x12 core/terminal.32
 .comment       0x0000000000000000       0x12 core/tss.32
 .group         0x0000000000000000        0x8 core/unixfile.32
 .group         0x0000000000000000        0xc core/unixfile.32
 .group         0x0000000000000000        0xc core/unixfile.32
 .group         0x0000000000000000        0x8 core/unixfile.32
 .group         0x0000000000000000        0xc core/unixfile.32
 .group         0x0000000000000000        0x8 core/unixfile.32
 .group         0x0000000000000000        0xc core/unixfile.32
 .group         0x0000000000000000        0xc core/unixfile.32
 .comment       0x0000000000000000       0x12 core/unixfile.32
 .comment       0x0000000000000000       0x12 core/virtmgr.32
 .comment       0x0000000000000000       0x12 coreobjs/c++.32
 .comment       0x0000000000000000       0x12 dbg/kconsole.32
 .group         0x0000000000000000        0xc fs/vfs.32
 .group         0x0000000000000000        0xc fs/vfs.32
 .group         0x0000000000000000        0xc fs/vfs.32
 .comment       0x0000000000000000       0x12 fs/vfs.32
 .group         0x0000000000000000        0xc hal/bus.32
 .comment       0x0000000000000000       0x12 hal/bus.32
 .group         0x0000000000000000        0xc hal/buzzer.32
 .comment       0x0000000000000000       0x12 hal/buzzer.32
 .group         0x0000000000000000        0xc hal/clock.32
 .comment       0x0000000000000000       0x12 hal/clock.32
 .group         0x0000000000000000       0x14 hal/device.32
 .group         0x0000000000000000        0xc hal/device.32
 .group         0x0000000000000000        0xc hal/device.32
 .group         0x0000000000000000        0xc hal/device.32
[...]
Memory Configuration

Name             Origin             Length             Attributes
*default*        0x0000000000000000 0xffffffffffffffff

Linker script and memory map

LOAD D:/Users/Alex/Desktop/Banana/kernel/boot.32
LOAD crti.32
LOAD /cygdrive/d/Users/Alex/Desktop/Toolchain/Output/bin/../lib/gcc/i386-banana/8.1.0/crtbegin.o
LOAD D:/Users/Alex/Desktop/Banana/kernel/morenasm.32
LOAD acpica/utclib.32
LOAD core/malloc.32
LOAD libk/string.32
LOAD fs/fat/diskio.32
LOAD fs/fat/ff.32
LOAD fs/fat/ffsystem.32
LOAD fs/fat/ffunicode.32
LOAD hal/libresample/samplerate.32
LOAD hal/libresample/src_linear.32
LOAD hal/libresample/src_sinc.32
LOAD hal/libresample/src_zoh.32
LOAD compat/inlines.32
LOAD compat/resolve.32
LOAD core/computer.32
LOAD core/gdt.32
LOAD core/idle.32
LOAD core/idt.32
LOAD core/kheap.32
LOAD core/main.32
LOAD core/physmgr.32
LOAD core/pipe.32
LOAD core/terminal.32
LOAD core/tss.32
LOAD core/unixfile.32
LOAD core/virtmgr.32
LOAD coreobjs/c++.32
LOAD dbg/kconsole.32
LOAD fs/vfs.32
LOAD hal/bus.32
LOAD hal/buzzer.32
LOAD hal/clock.32
LOAD hal/device.32
LOAD hal/diskctrl.32
LOAD hal/diskphys.32
LOAD hal/fpu.32
LOAD hal/intctrl.32
LOAD hal/keybrd.32
LOAD hal/logidisk.32
LOAD hal/mouse.32
LOAD hal/partition.32
LOAD hal/serial.32
LOAD hal/timer.32
LOAD hal/vcache.32
LOAD hal/video.32
LOAD hw/acpi.32
LOAD hw/cpu.32
LOAD hw/ports.32
LOAD hw/smp.32
LOAD krnl/env.32
LOAD krnl/panic.32
LOAD net/ethernet.32
LOAD reg/registry.32
LOAD sys/sc_eject.32
LOAD sys/sc_exit.32
LOAD sys/sc_getcwd.32
LOAD sys/sc_getpid.32
LOAD sys/sc_getramdata.32
LOAD sys/sc_getvgaptr.32
LOAD sys/sc_loaddll.32
LOAD sys/sc_read.32
LOAD sys/sc_sbrk.32
LOAD sys/sc_setcwd.32
LOAD sys/sc_settime.32
LOAD sys/sc_timezone.32
LOAD sys/sc_write.32
LOAD sys/sc_wsbe.32
LOAD sys/sc_yield.32
LOAD sys/syscalls.32
LOAD thr/elf.32
LOAD thr/prcssthr.32
LOAD vm86/vm8086.32
LOAD vm86/x87em.32
LOAD fs/fat/vfslink.32
LOAD fs/iso9660/vfslink.32
LOAD hal/sound/sndchannel.32
LOAD hal/sound/sndhw.32
LOAD hw/bus/isa.32
LOAD hw/bus/pci.32
LOAD hw/diskctrl/ide.32
LOAD hw/diskctrl/satabus.32
LOAD hw/diskphys/ata.32
LOAD hw/diskphys/atapi.32
LOAD hw/diskphys/sata.32
LOAD hw/diskphys/satapi.32
LOAD hw/fpu/avx.32
LOAD hw/fpu/mmx.32
LOAD hw/fpu/sse.32
LOAD hw/fpu/x87.32
LOAD hw/intctrl/apic.32
LOAD hw/intctrl/pic.32
LOAD hw/timer/apictimer.32
LOAD hw/timer/pit.32
LOAD hw/fpu/x86/avx.32
LOAD hw/fpu/x86/sse.32
LOAD hw/fpu/x86/x87.32
LOAD /cygdrive/d/Users/Alex/Desktop/Toolchain/Output/bin/../lib/gcc/i386-banana/8.1.0/crtend.o
LOAD crtn.32
LOAD /cygdrive/d/Users/Alex/Desktop/Toolchain/Output/bin/../lib/gcc/i386-banana/8.1.0/libkgcc.a
LOAD D:/Users/Alex/Desktop/Banana/kernel/libsoftfp.a
LOAD D:/Users/Alex/Desktop/Banana/kernel/libk/libm32.a
                0x00000000c0000000                . = 0xc0000000

.text           0x00000000c0000000    0x28c48
 *(.text)
 .text          0x00000000c0000000       0x41 D:/Users/Alex/Desktop/Banana/kernel/boot.32
                0x00000000c0000020                callGlobalConstructors
 .text          0x00000000c0000041        0x0 crti.32
 *fill*         0x00000000c0000041        0x3 
 .text          0x00000000c0000044      0x101 /cygdrive/d/Users/Alex/Desktop/Toolchain/Output/bin/../lib/gcc/i386-banana/8.1.0/crtbegin.o
 *fill*         0x00000000c0000145        0xb 
 .text          0x00000000c0000150      0x4fb D:/Users/Alex/Desktop/Banana/kernel/morenasm.32
                0x00000000c0000150                manualPCIProbe
                0x00000000c000019b                prepareTramp
                0x00000000c00001b4                voodooXADD
                0x00000000c000027f                doTPAUSE
                0x00000000c0000289                hasLegacyFPU
                0x00000000c00002ae                is486
                0x00000000c00002e4                detectCPUID
                0x00000000c00002fa                goToVM86
                0x00000000c000032a                goToUsermode
                0x00000000c0000354                switchToThreadASMFirstTime
                0x00000000c0000362                switchToThreadASM
                0x00000000c00003f2                asmQuickAcquireLock
                0x00000000c0000410                asmQuickReleaseLock
                0x00000000c000041c                asmAcquireLock
                0x00000000c000043d                asmReleaseLock
                0x00000000c0000450                loadGDT
                0x00000000c0000470                isr0
                0x00000000c0000480                isr1
                0x00000000c000048a                isr2
                0x00000000c0000494                isr3
                0x00000000c000049e                isr4
                0x00000000c00004a8                isr5
                0x00000000c00004b2                isr6
                0x00000000c00004bc                isr7
                0x00000000c00004c6                isr8
                0x00000000c00004ce                isr9
                0x00000000c00004d8                isr10
                0x00000000c00004e0                isr11
                0x00000000c00004e8                isr12
                0x00000000c00004f0                isr13
                0x00000000c00004f8                isr14
                0x00000000c0000500                isr15
                0x00000000c000050a                isr16
                0x00000000c0000514                isr17
                0x00000000c000051e                isr18
                0x00000000c0000528                irq3
                0x00000000c0000532                irq4
                0x00000000c000053c                irq5
                0x00000000c0000546                irq6
                0x00000000c0000550                irq7
                0x00000000c000055a                irq8
                0x00000000c0000564                irq9
                0x00000000c000056e                irq10
                0x00000000c0000578                irq11
                0x00000000c0000582                irq12
                0x00000000c000058c                irq13
                0x00000000c0000596                irq14
                0x00000000c00005a0                irq15
                0x00000000c00005aa                irq1
                0x00000000c00005b1                irq2
                0x00000000c00005b8                isr96
                0x00000000c00005bf                irq0
                0x00000000c00005c4                syscall_common_stub
                0x00000000c00005c4                int_common_stub
                0x00000000c00005f6                irq16
                0x00000000c0000600                irq17
                0x00000000c000060a                irq18
                0x00000000c0000614                irq19
                0x00000000c000061e                irq20
                0x00000000c0000628                irq21
                0x00000000c0000632                irq22
                0x00000000c000063c                irq23
                0x00000000c0000646                memcpy
 *fill*         0x00000000c000064b        0x1 
 .text          0x00000000c000064c      0x5dd acpica/utclib.32
                0x00000000c000064c                memcmp
                0x00000000c0000688                memmove
                0x00000000c0000750                memset
                0x00000000c000076c                strlen
                0x00000000c0000784                strpbrk
                0x00000000c00007c0                strtok
                0x00000000c000080c                strcpy
                0x00000000c0000830                strncpy
                0x00000000c0000898                strcmp
                0x00000000c00008d8                strchr
                0x00000000c00008fc                strncmp
                0x00000000c000094c                strcat
                0x00000000c000097c                strncat
                0x00000000c00009b8                strstr
                0x00000000c0000a00                toupper
                0x00000000c0000a14                tolower
                0x00000000c0000a28                simple_strtoul
 .text          0x00000000c0000c29      0xfad core/malloc.32
                0x00000000c0000d94                dlfree
                0x00000000c00010ef                dlmalloc
                0x00000000c000162c                dlrealloc
                0x00000000c00017cf                dlmemalign
                0x00000000c00018f2                dlcalloc
                0x00000000c000198c                dlcfree
                0x00000000c0001991                dlindependent_calloc
                0x00000000c00019b6                dlindependent_comalloc
                0x00000000c00019cd                dlvalloc
                0x00000000c00019f8                dlpvalloc
                0x00000000c0001a2e                dlmalloc_trim
                0x00000000c0001a3b                dlmalloc_usable_size
                0x00000000c0001a6c                dlmallinfo
                0x00000000c0001b3b                dlmalloc_stats
                0x00000000c0001b4c                dlmallopt
 .text          0x00000000c0001bd6        0x0 libk/string.32
 .text          0x00000000c0001bd6       0x51 fs/fat/diskio.32
                0x00000000c0001bd6                disk_status
                0x00000000c0001bd9                disk_initialize
                0x00000000c0001bdc                disk_read
                0x00000000c0001bf2                disk_write
                0x00000000c0001c08                disk_ioctl
 .text          0x00000000c0001c27     0x6833 fs/fat/ff.32
                0x00000000c0004ef5                f_mount
                0x00000000c0004f57                f_open
                0x00000000c0005393                f_read
                0x00000000c0005613                f_write
                0x00000000c00058cd                f_sync
                0x00000000c0005aa9                f_close
                0x00000000c0005ad8                f_lseek
                0x00000000c0005f8f                f_opendir
                0x00000000c0006091                f_closedir
                0x00000000c00060b3                f_readdir
                0x00000000c000614e                f_stat
                0x00000000c00061dd                f_getfree
                0x00000000c00063a8                f_truncate
                0x00000000c00064a0                f_unlink
                0x00000000c0006623                f_mkdir
                0x00000000c000684f                f_rename
                0x00000000c0006b42                f_chmod
                0x00000000c0006c20                f_utime
                0x00000000c0006cfe                f_getlabel
                0x00000000c0006eec                f_setlabel
                0x00000000c0007159                f_forward
                0x00000000c0007337                f_mkfs
 .text          0x00000000c000845a       0x2d fs/fat/ffsystem.32
                0x00000000c000845a                ff_memalloc
                0x00000000c0008470                ff_memfree
 .text          0x00000000c0008487      0x253 fs/fat/ffunicode.32
                0x00000000c0008487                ff_uni2oem
                0x00000000c0008517                ff_oem2uni
                0x00000000c0008583                ff_wtoupper
 .text          0x00000000c00086da      0x8fb hal/libresample/samplerate.32
                0x00000000c000871e                src_delete
                0x00000000c000875a                src_process
                0x00000000c0008910                src_callback_read
                0x00000000c0008a8d                src_set_ratio
                0x00000000c0008af7                src_get_channels
                0x00000000c0008b19                src_reset
                0x00000000c0008b65                src_new
                0x00000000c0008bf3                src_callback_new
                0x00000000c0008c55                src_get_name
                0x00000000c0008c8c                src_get_description
                0x00000000c0008cc3                src_get_version
                0x00000000c0008cc9                src_is_valid_ratio
                0x00000000c0008d1d                src_error
                0x00000000c0008d2b                src_strerror
                0x00000000c0008d3e                src_simple
                0x00000000c0008d91                src_short_to_float_array
                0x00000000c0008df6                src_float_to_short_array
                0x00000000c0008eb5                src_int_to_float_array
                0x00000000c0008f18                src_float_to_int_array
 .text          0x00000000c0008fd5      0x8cb hal/libresample/src_linear.32
                0x00000000c00097fb                linear_get_name
                0x00000000c000980a                linear_get_description
                0x00000000c0009819                linear_set_converter
 .text          0x00000000c00098a0     0x447c hal/libresample/src_sinc.32
                0x00000000c000dc33                sinc_get_name
                0x00000000c000dc46                sinc_get_description
                0x00000000c000dc59                sinc_set_converter
 .text          0x00000000c000dd1c      0x77c hal/libresample/src_zoh.32
                0x00000000c000e3f3                zoh_get_name
                0x00000000c000e402                zoh_get_description
                0x00000000c000e411                zoh_set_converter
 .text          0x00000000c000e498       0xa7 compat/inlines.32
                0x00000000c000e498                CPU::current()
                0x00000000c000e4a4                operator new(unsigned long)
                0x00000000c000e4a9                operator delete(void*)
                0x00000000c000e4ae                disableIRQs()
                0x00000000c000e4b6                enableIRQs()
                0x00000000c000e4c5                lockScheduler()
                0x00000000c000e4cd                unlockScheduler()
                0x00000000c000e4dc                lockStuff()
                0x00000000c000e4ea                unlockStuff()
                0x00000000c000e524                Virt::getAKernelVAS()
                0x00000000c000e52a                __not_memcpy
 .text          0x00000000c000e53f      0x111 compat/resolve.32
                0x00000000c000e53f                Krnl::resolveCompatibilitySymbol(char*)
 .text          0x00000000c000e650      0x741 core/computer.32
                0x00000000c000e650                Computer::close(int, int, void*)
                0x00000000c000e694                Krnl::firstTask()
                0x00000000c000e7d6                Computer::Computer()
                0x00000000c000e7d6                Computer::Computer()
                0x00000000c000e932                Computer::setBootMessage(char const*)
                0x00000000c000e934                Computer::detectFeatures()
                0x00000000c000eb3e                Computer::displayFeatures()
                0x00000000c000eb40                Computer::rdmsr(unsigned int)
                0x00000000c000eb6c                Computer::wrmsr(unsigned int, unsigned long long)
                0x00000000c000eba4                Computer::nmiEnabled()
                0x00000000c000ebb0                Computer::readCMOS(unsigned char)
                0x00000000c000ebca                Computer::enableNMI(bool)
                0x00000000c000ebe2                Computer::open(int, int, void*)
                0x00000000c000ecd4                Computer::disableNMI()
                0x00000000c000ece2                Computer::writeCMOS(unsigned char, unsigned char)
                0x00000000c000ed00                Computer::handleNMI()
                0x00000000c000ed66                Computer::setDiskActivityLight(int, bool)
 *fill*         0x00000000c000ed91        0x1 
 .text          0x00000000c000ed92      0x1b7 core/gdt.32
                0x00000000c000ed92                GDTEntry::setBase(unsigned int)
                0x00000000c000edae                GDTEntry::setLimit(unsigned int)
                0x00000000c000edcc                GDT::GDT()
                0x00000000c000edcc                GDT::GDT()
                0x00000000c000ede2                GDT::addEntry(GDTEntry)
                0x00000000c000ee1e                GDT::getNumberOfEntries()
                0x00000000c000ee26                GDT::flush()
                0x00000000c000ee48                GDT::setup()
 .text          0x00000000c000ef49       0x6b core/idle.32
                0x00000000c000ef49                idleFunction(void*)
 .text          0x00000000c000efb4      0x45e core/idt.32
                0x00000000c000efb4                IDTEntry::IDTEntry(bool)
                0x00000000c000efb4                IDTEntry::IDTEntry(bool)
                0x00000000c000f022                IDTEntry::setOffset(unsigned int)
                0x00000000c000f036                IDT::IDT()
                0x00000000c000f036                IDT::IDT()
                0x00000000c000f038                IDT::getPointerToInvalidOpcodeEntryForF00F()
                0x00000000c000f040                IDT::addEntry(IDTEntry, int)
                0x00000000c000f05a                IDT::addEntry(int, void (*)(), bool)
                0x00000000c000f092                IDT::flush()
                0x00000000c000f0ac                IDT::setup()
 .text          0x00000000c000f412      0x1fe core/kheap.32
                0x00000000c000f412                sbrk
                0x00000000c000f51f                mmap
                0x00000000c000f535                munmap
                0x00000000c000f54b                liballoc_lock()
                0x00000000c000f558                liballoc_unlock()
                0x00000000c000f56c                liballoc_alloc(int)
                0x00000000c000f587                liballoc_free(void*, int)
                0x00000000c000f5a2                realloc
                0x00000000c000f5b6                malloc
                0x00000000c000f5c6                free
                0x00000000c000f5d6                rfree
                0x00000000c000f5e6                calloc
 .text          0x00000000c000f610      0x1b6 core/main.32
                0x00000000c000f610                Krnl::setBootMessage(char const*)
                0x00000000c000f67c                kernel_main
 .text          0x00000000c000f7c6      0x50d core/physmgr.32
                0x00000000c000f7c6                Phys::allocateDMA(unsigned long)
                0x00000000c000f869                Phys::freeDMA(unsigned long, unsigned long)
                0x00000000c000f8b1                Phys::setPageState(unsigned long, bool)
                0x00000000c000f8e3                Phys::getPageState(unsigned long)
                0x00000000c000f8ff                Phys::freePage(unsigned long)
                0x00000000c000f95a                Phys::allocatePage()
                0x00000000c000fa0f                Phys::allocateContiguousPages(int)
                0x00000000c000fa6b                Phys::allowSegmentToBeUsed(unsigned long, unsigned long)
                0x00000000c000faa3                Phys::physicalMemorySetup(unsigned int)
 *fill*         0x00000000c000fcd3        0x1 
 .text          0x00000000c000fcd4      0x273 core/pipe.32
                0x00000000c000fcd4                Pipe::isAtty()
                0x00000000c000fcd8                Pipe::~Pipe()
                0x00000000c000fcd8                Pipe::~Pipe()
                0x00000000c000fcfc                Pipe::~Pipe()
                0x00000000c000fd24                Pipe::read(unsigned long long, void*, int*)
                0x00000000c000fe20                Pipe::write(unsigned long long, void*, int*)
                0x00000000c000fee0                Pipe::Pipe(int)
                0x00000000c000fee0                Pipe::Pipe(int)
 *fill*         0x00000000c000ff47        0x1 
 .text          0x00000000c000ff48      0xb91 core/terminal.32
                0x00000000c000ff48                VgaText::isAtty()
                0x00000000c000ff4c                VgaText::~VgaText()
                0x00000000c000ff4c                VgaText::~VgaText()
                0x00000000c000ff70                VgaText::~VgaText()
                0x00000000c000ff9a                VgaText::read(unsigned long long, void*, int*)
                0x00000000c000ffba                setTerminalScrollLock(bool)
                0x00000000c000ffbb                addToTerminalCycle(VgaText*)
                0x00000000c000ffdc                installVgaTextImplementation()
                0x00000000c000fff1                scrollTerminalScrollLock(int)
                0x00000000c000fff2                VgaText::updateTitle()
                0x00000000c0010030                VgaText::load()
                0x00000000c001007e                VgaText::updateCursor()
                0x00000000c0010094                VgaText::doANSI_SGR(int)
                0x00000000c0010108                VgaText::setDefaultBgColour(VgaColour)
                0x00000000c0010118                VgaText::setDefaultFgColour(VgaColour)
                0x00000000c0010128                VgaText::setDefaultColours(VgaColour, VgaColour)
                0x00000000c0010148                VgaText::setTitleTextColour(VgaColour)
                0x00000000c0010158                VgaText::setTitleColour(VgaColour)
                0x00000000c0010168                VgaText::setTitle(char*)
                0x00000000c001018e                VgaText::combineColours(unsigned char, unsigned char)
                0x00000000c00101a0                VgaText::scrollScreen()
                0x00000000c0010234                VgaText::combineCharAndColour(char, unsigned char)
                0x00000000c0010246                VgaText::writeCharacter(char, VgaColour, VgaColour, int, int)
                0x00000000c00102a2                VgaText::getCursorX()
                0x00000000c00102aa                VgaText::getCursorY()
                0x00000000c00102b2                VgaText::setCursor(int, int)
                0x00000000c00102c9                setActiveTerminal(VgaText*)
                0x00000000c001032b                doTerminalCycle()
                0x00000000c0010346                VgaText::setCursorX(int)
                0x00000000c001035e                VgaText::setCursorY(int)
                0x00000000c0010376                VgaText::incrementCursor(bool)
                0x00000000c00103ca                VgaText::decrementCursor(bool)
                0x00000000c00103ec                VgaText::putchar(char, VgaColour, VgaColour)
                0x00000000c00104c4                VgaText::doUpdate()
                0x00000000c00104d2                VgaText::puts(char const*, VgaColour, VgaColour)
                0x00000000c001064a                VgaText::clearScreen()
                0x00000000c00106a4                VgaText::putchar(char)
                0x00000000c0010790                VgaText::putx(unsigned int)
                0x00000000c00107d6                VgaText::puts(char const*)
                0x00000000c00107fc                VgaText::VgaText(char const*)
                0x00000000c00107fc                VgaText::VgaText(char const*)
                0x00000000c0010978                VgaText::receiveKey(unsigned char)
                0x00000000c0010a60                VgaText::write(unsigned long long, void*, int*)
                0x00000000c0010ab4                newTerminal(char*)
 *fill*         0x00000000c0010ad9        0x1 
 .text          0x00000000c0010ada      0x1b3 core/tss.32
                0x00000000c0010ada                TSS::TSS()
                0x00000000c0010ada                TSS::TSS()
                0x00000000c0010ae8                TSS::setESP(unsigned long)
                0x00000000c0010afa                TSS::flush()
                0x00000000c0010b1a                TSS::setup(unsigned long, unsigned long)
 *fill*         0x00000000c0010c8d        0x1 
 .text          0x00000000c0010c8e      0x4c2 core/unixfile.32
                0x00000000c0010c8e                ReservedFilename::read(unsigned long long, void*, int*)
                0x00000000c0010ce4                ReservedFilename::isAtty()
                0x00000000c0010d00                ReservedFilename::write(unsigned long long, void*, int*)
                0x00000000c0010d5e                UnixFile::getFileDescriptor()
                0x00000000c0010d66                UnixFile::UnixFile(int)
                0x00000000c0010d66                UnixFile::UnixFile(int)
                0x00000000c0010f16                ReservedFilename::ReservedFilename(int)
                0x00000000c0010f16                ReservedFilename::ReservedFilename(int)
                0x00000000c0010f48                UnixFile::~UnixFile()
                0x00000000c0010f48                UnixFile::~UnixFile()
                0x00000000c0010fe0                UnixFile::~UnixFile()
                0x00000000c0011008                ReservedFilename::~ReservedFilename()
                0x00000000c0011008                ReservedFilename::~ReservedFilename()
                0x00000000c001102c                ReservedFilename::~ReservedFilename()
                0x00000000c0011053                getFromFileDescriptor(int)
 .text          0x00000000c0011150     0x12f9 core/virtmgr.32
                0x00000000c0011150                Virt::setPageState(unsigned long, Virt::VirtPageState)
                0x00000000c0011185                Virt::getPageState(unsigned long)
                0x00000000c00111a9                Virt::allocateKernelVirtualPages(int)
                0x00000000c00112ba                Virt::freeSwapfilePage(unsigned long)
                0x00000000c00112d8                Virt::swapIDToSector(unsigned long)
                0x00000000c00112ea                Virt::allocateSwapfilePage()
                0x00000000c0011368                Virt::virtualMemorySetup()
                0x00000000c00113e7                Virt::setupPageSwapping(int)
                0x00000000c00115b4                VAS::VAS()
                0x00000000c00115b4                VAS::VAS()
                0x00000000c00115f0                VAS::VAS(VAS*)
                0x00000000c00115f0                VAS::VAS(VAS*)
                0x00000000c001161e                VAS::getForeignPageTableEntry(bool, unsigned long)
                0x00000000c001164a                VAS::getPageTableEntry(unsigned long)
                0x00000000c0011669                Virt::freeKernelVirtualPages(unsigned long)
                0x00000000c001178c                VAS::freeAllocatedPages(unsigned long)
                0x00000000c00117b0                VAS::virtualToPhysical(unsigned long)
                0x00000000c00117c8                VAS::reflagRange(unsigned long, int, int, int)
                0x00000000c0011808                VAS::setToWriteCombining(unsigned long, int)
                0x00000000c001183a                VAS::mapOtherVASIn(bool, VAS*)
                0x00000000c0011864                VAS::~VAS()
                0x00000000c0011864                VAS::~VAS()
                0x00000000c00119e0                VAS::mapPage(unsigned long, unsigned long, int)
                0x00000000c0011ae2                VAS::allocatePages(int, int)
                0x00000000c0011cba                VAS::setCPUSpecific(unsigned long)
                0x00000000c0011cd6                VAS::mapRange(unsigned long, unsigned long, int, int)
                0x00000000c0011d9c                VAS::mapForeignPage(bool, VAS*, unsigned long, unsigned long, int)
                0x00000000c0011e8a                VAS::VAS(bool)
                0x00000000c0011e8a                VAS::VAS(bool)
                0x00000000c001210a                VAS::evict(unsigned long)
                0x00000000c00121cc                VAS::tryLoadBackOffDisk(unsigned long)
                0x00000000c00122dc                VAS::scanForEviction()
                0x00000000c001238d                mapVASFirstTime
 .text          0x00000000c0012449       0x95 coreobjs/c++.32
                0x00000000c0012449                __cxa_atexit
                0x00000000c001244c                __cxa_finalize
                0x00000000c001244d                __stack_chk_fail
                0x00000000c00124b9                __cxa_pure_virtual
                0x00000000c00124ca                operator new[](unsigned long)
                0x00000000c00124cf                operator delete(void*, unsigned long)
                0x00000000c00124d4                operator delete[](void*)
                0x00000000c00124d9                operator delete[](void*, unsigned long)
 .text          0x00000000c00124de      0x1ef dbg/kconsole.32
                0x00000000c00124de                Dbg::stringifyxWithBase(unsigned int, char*, int)
                0x00000000c001253f                Dbg::logc(char)
                0x00000000c0012556                Dbg::logs(char*)
                0x00000000c0012573                Dbg::logWriteInt(unsigned int)
                0x00000000c0012590                Dbg::logWriteIntBase(unsigned int, int)
                0x00000000c00125af                Dbg::kprintf(char const*, ...)
 *fill*         0x00000000c00126cd        0x1 
 .text          0x00000000c00126ce      0xb82 fs/vfs.32
                0x00000000c00126ce                File::read(unsigned long long, void*, int*)
                0x00000000c0012726                File::write(unsigned long long, void*, int*)
                0x00000000c001277e                Directory::read(unsigned long long, void*, int*)
                0x00000000c00127d6                Directory::write(unsigned long long, void*, int*)
                0x00000000c0012804                File::isAtty()
                0x00000000c0012808                Directory::isAtty()
                0x00000000c001280c                Filesystem::getlabel(LogicalDisk*, int, char*, unsigned int*)
                0x00000000c0012812                Filesystem::setlabel(LogicalDisk*, int, char*)
                0x00000000c0012818                Filesystem::getFileFirstSector(char const*)
                0x00000000c001281e                File::~File()
                0x00000000c001281e                File::~File()
                0x00000000c0012842                File::~File()
                0x00000000c001286c                Directory::~Directory()
                0x00000000c001286c                Directory::~Directory()
                0x00000000c0012890                Directory::~Directory()
                0x00000000c00128ba                Filesystem::Filesystem()
                0x00000000c00128ba                Filesystem::Filesystem()
                0x00000000c00128de                Filesystem::~Filesystem()
                0x00000000c00128de                Filesystem::~Filesystem()
                0x00000000c00128ec                Filesystem::~Filesystem()
                0x00000000c0012910                Fs::getcwd(Process*, char*, int)
                0x00000000c001293a                Fs::initVFS()
                0x00000000c0012964                Fs::standardiseFiles(char*, char const*, char const*)
                0x00000000c0012b0e                File::File(char const*, Process*)
                0x00000000c0012b0e                File::File(char const*, Process*)
                0x00000000c0012b72                File::open(FileOpenMode)
                0x00000000c0012bd0                File::close()
                0x00000000c0012c30                File::seek(unsigned long long)
                0x00000000c0012c86                File::tell(unsigned long long*)
                0x00000000c0012cd6                File::rewind()
                0x00000000c0012cea                File::unlink()
                0x00000000c0012d36                File::rename(char const*)
                0x00000000c0012d84                File::chfatattr(unsigned char, unsigned char)
                0x00000000c0012de0                File::exists()
                0x00000000c0012e1e                File::stat(unsigned long long*, bool*)
                0x00000000c0012e7f                Fs::setcwd(Process*, char*)
                0x00000000c0012fba                Directory::Directory(char const*, Process*)
                0x00000000c0012fba                Directory::Directory(char const*, Process*)
                0x00000000c001301e                Directory::open()
                0x00000000c001307a                Directory::close()
                0x00000000c00130da                Directory::unlink()
                0x00000000c0013126                Directory::rename(char const*)
                0x00000000c0013174                Directory::exists()
                0x00000000c00131b2                Directory::read(dirent*)
                0x00000000c00131fe                Directory::create()
                0x00000000c001324a                Filesystem::chfatattr(char const*, unsigned char, unsigned char)
 .text          0x00000000c0013250       0x84 hal/bus.32
                0x00000000c0013250                Bus::Bus(char const*)
                0x00000000c0013250                Bus::Bus(char const*)
                0x00000000c0013286                Bus::~Bus()
                0x00000000c0013286                Bus::~Bus()
                0x00000000c00132aa                Bus::~Bus()
 .text          0x00000000c00132d4      0x156 hal/buzzer.32
                0x00000000c00132d4                Buzzer::Buzzer(char const*)
                0x00000000c00132d4                Buzzer::Buzzer(char const*)
                0x00000000c0013318                Buzzer::~Buzzer()
                0x00000000c0013318                Buzzer::~Buzzer()
                0x00000000c001333c                Buzzer::~Buzzer()
                0x00000000c0013366                Buzzer::stop()
                0x00000000c0013379                beepThread(void*)
                0x00000000c00133bc                Buzzer::beep(int, int, bool)
 .text          0x00000000c001342a      0x467 hal/clock.32
                0x00000000c001342a                User::loadClockSettings(int)
                0x00000000c001347c                Clock::Clock(char const*)
                0x00000000c001347c                Clock::Clock(char const*)
                0x00000000c00134b2                Clock::~Clock()
                0x00000000c00134b2                Clock::~Clock()
                0x00000000c00134d6                Clock::~Clock()
                0x00000000c0013500                Clock::timeInSecondsLocal()
                0x00000000c0013548                Clock::setTimeInSecondsLocal(unsigned long long)
                0x00000000c00135a1                datetimeToSeconds(datetime_t)
                0x00000000c00136c8                Clock::setTimeInDatetimeLocal(datetime_t)
                0x00000000c0013728                secondsToDatetime(unsigned long long)
                0x00000000c001386c                Clock::timeInDatetimeLocal()
 *fill*         0x00000000c0013891        0x1 
 .text          0x00000000c0013892      0x504 hal/device.32
                0x00000000c0013892                Device::hibernate()
                0x00000000c0013894                Device::wake()
                0x00000000c0013896                Device::detect()
                0x00000000c0013898                Device::disableLegacy()
                0x00000000c001389a                Device::powerSaving(PowerSavingLevel)
                0x00000000c001389c                DriverlessDevice::close(int, int, void*)
                0x00000000c00138a0                DriverlessDevice::detect()
                0x00000000c00138a2                DriverlessDevice::open(int, int, void*)
                0x00000000c00138b6                Device::~Device()
                0x00000000c00138b6                Device::~Device()
                0x00000000c00138c4                Device::~Device()
                0x00000000c00138ec                Device::findAndLoadDriver()
                0x00000000c00138fa                Device::preOpenPCI(PCIDeviceInfo)
                0x00000000c0013920                Device::preOpenACPI(void*, char*, char*)
                0x00000000c0013960                Device::addIRQHandler(int, void (*)(regs*, void*), bool, void*)
                0x00000000c001399e                Device::getParent()
                0x00000000c00139aa                Device::removeIRQHandler(int, void (*)(regs*, void*), bool)
                0x00000000c00139e8                Device::addChild(Device*)
                0x00000000c0013a2c                Device::removeAllChildren()
                0x00000000c0013a72                Device::hibernateAll()
                0x00000000c0013aa2                Device::wakeAll()
                0x00000000c0013ad2                Device::detectAll()
                0x00000000c0013b02                Device::disableLegacyAll()
                0x00000000c0013b32                Device::loadDriversForAll()
                0x00000000c0013b72                Device::closeAll()
                0x00000000c0013ba8                Device::powerSavingAll(PowerSavingLevel)
                0x00000000c0013bde                Device::setName(char const*)
                0x00000000c0013bec                Device::Device(char const*)
                0x00000000c0013bec                Device::Device(char const*)
                0x00000000c0013ce8                Device::getName()
                0x00000000c0013cf2                DriverlessDevice::DriverlessDevice(char const*)
                0x00000000c0013cf2                DriverlessDevice::DriverlessDevice(char const*)
                0x00000000c0013d28                Device::addToLinkedList(LinkedList<Device>&, DeviceType)
                0x00000000c0013d6c                getDevicesOfType(DeviceType)
 .text          0x00000000c0013d96       0x84 hal/diskctrl.32
                0x00000000c0013d96                HardDiskController::HardDiskController(char const*)
                0x00000000c0013d96                HardDiskController::HardDiskController(char const*)
                0x00000000c0013dcc                HardDiskController::~HardDiskController()
                0x00000000c0013dcc                HardDiskController::~HardDiskController()
                0x00000000c0013df0                HardDiskController::~HardDiskController()
 .text          0x00000000c0013e1a       0xf2 hal/diskphys.32
                0x00000000c0013e1a                PhysicalDisk::eject()
                0x00000000c0013e2e                PhysicalDisk::PhysicalDisk(char const*, int)
                0x00000000c0013e2e                PhysicalDisk::PhysicalDisk(char const*, int)
                0x00000000c0013e96                PhysicalDisk::startCache()
                0x00000000c0013ebe                PhysicalDisk::~PhysicalDisk()
                0x00000000c0013ebe                PhysicalDisk::~PhysicalDisk()
                0x00000000c0013ee2                PhysicalDisk::~PhysicalDisk()
 .text          0x00000000c0013f0c      0x13b hal/fpu.32
                0x00000000c0013f0c                FPU::FPU(char const*)
                0x00000000c0013f0c                FPU::FPU(char const*)
                0x00000000c0013f42                FPU::~FPU()
                0x00000000c0013f42                FPU::~FPU()
                0x00000000c0013f66                FPU::~FPU()
                0x00000000c0013f90                setupFPU()
 *fill*         0x00000000c0014047        0x1 
 .text          0x00000000c0014048     0x1413 hal/intctrl.32
                0x00000000c0014048                InterruptController::uninstallISRHandler(int, void (*)(regs*, void*))
                0x00000000c0014080                InterruptController::installISRHandler(int, void (*)(regs*, void*), void*)
                0x00000000c00140d2                doubleFault(regs*, void*)
                0x00000000c00140ec                InterruptController::installIRQHandler(int, void (*)(regs*, void*), bool, void*)
                0x00000000c0014188                InterruptController::clearAllHandlers(int, bool)
                0x00000000c0014230                InterruptController::uninstallIRQHandler(int, void (*)(regs*, void*), bool)
                0x00000000c00142b7                nmiHandler(regs*, void*)
                0x00000000c00142c5                int_handler
                0x00000000c0014366                InterruptController::InterruptController(char const*)
                0x00000000c0014366                InterruptController::InterruptController(char const*)
                0x00000000c001440c                InterruptController::~InterruptController()
                0x00000000c001440c                InterruptController::~InterruptController()
                0x00000000c0014430                InterruptController::~InterruptController()
                0x00000000c001445a                displayDebugInfo(regs*)
                0x00000000c00148e9                x87EmulHandler(regs*, void*)
                0x00000000c001495c                gpFault(regs*, void*)
                0x00000000c0014995                pgFault(regs*, void*)
                0x00000000c00149ac                otherISRHandler(regs*, void*)
                0x00000000c00149cb                opcodeFault(regs*, void*)
                0x00000000c0014fe8                displayProgramFault(char const*)
                0x00000000c0015010                setupInterruptController()
                0x00000000c001540e                InterruptController::convertLegacyIRQNumber(int)
 *fill*         0x00000000c001545b        0x1 
 .text          0x00000000c001545c      0x794 hal/keybrd.32
                0x00000000c001545c                startGUI(void*)
                0x00000000c00154c8                startGUIVESA(void*)
                0x00000000c0015534                sendKeyToTerminal(unsigned char)
                0x00000000c00155f2                sendKeyboardToken(KeyboardToken)
                0x00000000c0015a2f                clearInternalKeybuffer(VgaText*)
                0x00000000c0015a64                readKeyboard(VgaText*, char*, unsigned long)
                0x00000000c0015b66                Keyboard::Keyboard(char const*)
                0x00000000c0015b66                Keyboard::Keyboard(char const*)
                0x00000000c0015ba2                Keyboard::~Keyboard()
                0x00000000c0015ba2                Keyboard::~Keyboard()
                0x00000000c0015bc6                Keyboard::~Keyboard()
 .text          0x00000000c0015bf0      0x414 hal/logidisk.32
                0x00000000c0015bf0                LogicalDisk::close(int, int, void*)
                0x00000000c0015bf4                LogicalDisk::~LogicalDisk()
                0x00000000c0015bf4                LogicalDisk::~LogicalDisk()
                0x00000000c0015c18                LogicalDisk::~LogicalDisk()
                0x00000000c0015c42                LogicalDisk::open(int, int, void*)
                0x00000000c0015c56                LogicalDisk::absoluteToRelative(unsigned long long)
                0x00000000c0015c8e                LogicalDisk::relativeToAbsolute(unsigned long long)
                0x00000000c0015cd4                LogicalDisk::LogicalDisk(char const*, PhysicalDisk*, unsigned long long, unsigned long long)
                0x00000000c0015cd4                LogicalDisk::LogicalDisk(char const*, PhysicalDisk*, unsigned long long, unsigned long long)
                0x00000000c0015d8a                LogicalDisk::assignDriveLetter()
                0x00000000c0015e40                LogicalDisk::mount()
                0x00000000c0015eb2                LogicalDisk::unmount()
                0x00000000c0015ec2                LogicalDisk::eject()
                0x00000000c0015ed6                LogicalDisk::unassignDriveLetter()
                0x00000000c0015f2c                LogicalDisk::read(unsigned long long, int, void*)
                0x00000000c0015f98                LogicalDisk::write(unsigned long long, int, void*)
 .text          0x00000000c0016004       0x84 hal/mouse.32
                0x00000000c0016004                Mouse::Mouse(char const*)
                0x00000000c0016004                Mouse::Mouse(char const*)
                0x00000000c001603a                Mouse::~Mouse()
                0x00000000c001603a                Mouse::~Mouse()
                0x00000000c001605e                Mouse::~Mouse()
 .text          0x00000000c0016088      0x339 hal/partition.32
                0x00000000c0016088                makePartition(PhysicalDisk*, unsigned long long, unsigned long long)
                0x00000000c0016130                createPartitionsForDisk(PhysicalDisk*)
 *fill*         0x00000000c00163c1        0x1 
 .text          0x00000000c00163c2       0x84 hal/serial.32
                0x00000000c00163c2                Serial::Serial(char const*)
                0x00000000c00163c2                Serial::Serial(char const*)
                0x00000000c00163f8                Serial::~Serial()
                0x00000000c00163f8                Serial::~Serial()
                0x00000000c001641c                Serial::~Serial()
 .text          0x00000000c0016446      0x2f3 hal/timer.32
                0x00000000c0016446                Timer::Timer(char const*)
                0x00000000c0016446                Timer::Timer(char const*)
                0x00000000c001647c                Timer::~Timer()
                0x00000000c001647c                Timer::~Timer()
                0x00000000c00164a0                Timer::~Timer()
                0x00000000c00164ca                Timer::read()
                0x00000000c00164d5                timerHandler(unsigned long long)
                0x00000000c0016647                setupTimer(int)
 *fill*         0x00000000c0016739        0x1 
 .text          0x00000000c001673a      0x409 hal/vcache.32
                0x00000000c001673a                VCache::VCache(PhysicalDisk*)
                0x00000000c001673a                VCache::VCache(PhysicalDisk*)
                0x00000000c00168a2                VCache::invalidateReadBuffer()
                0x00000000c00168b2                VCache::writeWriteBuffer()
                0x00000000c00168ee                VCache::~VCache()
                0x00000000c00168ee                VCache::~VCache()
                0x00000000c0016942                VCache::~VCache()
                0x00000000c001696a                VCache::write(unsigned long long, int, void*)
                0x00000000c0016a54                VCache::read(unsigned long long, int, void*)
 *fill*         0x00000000c0016b43        0x1 
 .text          0x00000000c0016b44      0x4cd hal/video.32
                0x00000000c0016b44                Video::putrect(int, int, int, int, unsigned int)
                0x00000000c0016b90                Video::bitblit(int, int, int, int, int, int, int, unsigned int*)
                0x00000000c0016c00                Video::blit(unsigned int*, int, int, int, int)
                0x00000000c0016c7e                Video::clearScreen(unsigned int)
                0x00000000c0016cb2                Video::putpixel(int, int, unsigned int)
                0x00000000c0016cc0                Video::Video(char const*)
                0x00000000c0016cc0                Video::Video(char const*)
                0x00000000c0016cf6                Video::~Video()
                0x00000000c0016cf6                Video::~Video()
                0x00000000c0016d1a                Video::~Video()
                0x00000000c0016d44                Video::isMonochrome()
                0x00000000c0016d50                Video::getWidth()
                0x00000000c0016d5c                Video::getHeight()
                0x00000000c0016d68                Video::drawCursor(int, int, unsigned char*, int)
                0x00000000c0016e24                Video::tgaParse(unsigned char*, int, int*, int*)
                0x00000000c0016fa6                Video::putTGA(int, int, unsigned char*, int)
 *fill*         0x00000000c0017011        0x1 
 .text          0x00000000c0017012     0x121b hw/acpi.32
                0x00000000c0017012                ACPI::close(int, int, void*)
                0x00000000c00170b7                findRSDP()
                0x00000000c0017151                loadACPITables(unsigned char*)
                0x00000000c00173a8                findRSDT(unsigned char*)
                0x00000000c00174f2                findDataTable(unsigned char*, char*)
                0x00000000c001758e                scanMADT()
                0x00000000c0017a14                ACPI::ACPI()
                0x00000000c0017a14                ACPI::ACPI()
                0x00000000c0017a68                ACPI::getPCIIRQAssignment(unsigned char, unsigned short, unsigned char)
                0x00000000c0017b4a                ACPI::registerPCIIRQAssignment(void*, unsigned short, unsigned char, unsigned char)
                0x00000000c0017c10                ACPI::setScreenBrightnessLevel(void*, int)
                0x00000000c0017c16                ACPI::detectPCI()
                0x00000000c0017e18                ACPI::writeSimpleBootFlag(SimpleBootFlagTable*)
                0x00000000c0017e60                ACPI::sleep()
                0x00000000c0017e78                ACPI::open(int, int, void*)
 *fill*         0x00000000c001822d        0x1 
 .text          0x00000000c001822e     0x1717 hw/cpu.32
                0x00000000c001822e                CPU::close(int, int, void*)
                0x00000000c0018232                CPU::lookupAMDName(unsigned char, unsigned char)
                0x00000000c00183c6                CPU::lookupIntelName(unsigned char, unsigned char)
                0x00000000c0018674                CPU::AMD_K6_write_msr(unsigned int, unsigned int, unsigned int, CPU::REGS*)
                0x00000000c0018690                CPU::AMD_K6_read_msr(unsigned int, CPU::REGS*)
                0x00000000c00186a8                CPU::AMD_K6_writeback(int, int, int)
                0x00000000c001871c                CPU::cpuid(int, unsigned long*, unsigned long*, unsigned long*, unsigned long*)
                0x00000000c00187a0                CPU::cpuidCheckEDX(unsigned int)
                0x00000000c00187ce                CPU::cpuidCheckECX(unsigned int)
                0x00000000c00187fc                CPU::cpuidCheckExtendedEBX(unsigned int)
                0x00000000c001882a                CPU::cpuidCheckExtendedECX(unsigned int)
                0x00000000c0018858                CPU::CPU()
                0x00000000c0018858                CPU::CPU()
                0x00000000c00188e6                CPU::displayFeatures()
                0x00000000c0018b62                CPU::detectFeatures()
                0x00000000c0019554                CPU::setupSMEP()
                0x00000000c0019560                CPU::setupUMIP()
                0x00000000c001956a                CPU::setupTSC()
                0x00000000c0019574                CPU::setupLargePages()
                0x00000000c001957e                CPU::setupPAT()
                0x00000000c00195ba                CPU::setupMTRR()
                0x00000000c00195bc                CPU::setupGlobalPages()
                0x00000000c00195c6                CPU::allowUsermodeDataAccess()
                0x00000000c00195d8                CPU::prohibitUsermodeDataAccess()
                0x00000000c00195ea                CPU::setupSMAP()
                0x00000000c00195f8                CPU::setupFeatures()
                0x00000000c0019678                CPU::open(int, int, void*)
                0x00000000c001974a                CPU::decodeAddress(regs*, int*, bool*, unsigned char*)
 .text          0x00000000c0019945        0x0 hw/ports.32
 .text          0x00000000c0019945      0x16a hw/smp.32
                0x00000000c0019945                Krnl::smpEntry()
                0x00000000c0019947                Krnl::startCPU(int)
                0x00000000c0019a90                Krnl::startCPUs()
 *fill*         0x00000000c0019aaf        0x1 
 .text          0x00000000c0019ab0      0x5cd krnl/env.32
                0x00000000c0019ab0                EnvVarContainer::getEnv(char const*)
                0x00000000c0019aee                EnvVarContainer::setEnv(char const*, char const*)
                0x00000000c0019bb0                EnvVarContainer::deleteEnv(char const*)
                0x00000000c0019bb2                EnvVarContainer::loadFrom(char const*, char const*)
                0x00000000c0019db4                EnvVarContainer::__loadSystem()
                0x00000000c0019dce                EnvVarContainer::__loadUser()
                0x00000000c0019dd0                EnvVarContainer::EnvVarContainer(Process*)
                0x00000000c0019dd0                EnvVarContainer::EnvVarContainer(Process*)
                0x00000000c0019df2                EnvVarContainer::~EnvVarContainer()
                0x00000000c0019df2                EnvVarContainer::~EnvVarContainer()
                0x00000000c0019e22                Krnl::getEnv(Process*, char const*)
                0x00000000c0019e87                Krnl::setEnvSystem(char const*, char const*)
                0x00000000c0019ea1                Krnl::setEnvUser(char const*, char const*)
                0x00000000c0019ec0                Krnl::setEnvProcess(Process*, char const*, char const*)
                0x00000000c0019ed3                Krnl::deleteEnvSystem(char const*)
                0x00000000c0019ed4                Krnl::deleteEnvUser(char const*)
                0x00000000c0019ed5                Krnl::deleteEnvProcess(Process*, char const*)
                0x00000000c0019ed6                Krnl::newProcessEnv(Process*)
                0x00000000c0019ef8                Krnl::copyProcessEnv(Process*, Process*)
                0x00000000c0019f44                Krnl::loadSystemEnv()
                0x00000000c0019f72                Krnl::loadUserEnv()
                0x00000000c0019f98                Krnl::flushEnv()
                0x00000000c0019f99                Krnl::getProcessTotalEnvCount(Process*)
                0x00000000c0019fb9                Krnl::getProcessEnvPair(Process*, int)
 .text          0x00000000c001a07d      0x39c krnl/panic.32
                0x00000000c001a07d                Krnl::panic(char const*)
 .text          0x00000000c001a419      0x57f net/ethernet.32
                0x00000000c001a419                Net::switchEndian16(unsigned short)
                0x00000000c001a43a                Net::switchEndian32(unsigned int)
                0x00000000c001a469                Net::crc32Calc(unsigned char*, int)
                0x00000000c001a4fa                Net::wrapEthernetFrame(Net::UnwrappedEthernetFrame, unsigned char*)
                0x00000000c001a70d                Net::unwrapEthernetFrame(unsigned char*, int)
 .text          0x00000000c001a998      0x50e reg/registry.32
                0x00000000c001a998                Reg::findLineFromLoadedData(char*, char*, char*)
                0x00000000c001aaf0                Reg::getLineFromRegistry(char*, char*, char*, char*)
                0x00000000c001ac45                Reg::getLine(char*, char*, char*)
                0x00000000c001ac7c                Reg::readInt(char*, char*, int*)
                0x00000000c001ad67                Reg::readString(char*, char*, char*, int)
                0x00000000c001ade8                Reg::readBool(char*, char*, bool*)
                0x00000000c001ae0d                Reg::readBoolWithDefault(char*, char*, bool)
                0x00000000c001ae39                Reg::readIntWithDefault(char*, char*, int)
                0x00000000c001ae65                Reg::readStringWithDefault(char*, char*, char*, int, char*)
 .text          0x00000000c001aea6       0x36 sys/sc_eject.32
                0x00000000c001aea6                Sys::eject(regs*)
 .text          0x00000000c001aedc       0x18 sys/sc_exit.32
                0x00000000c001aedc                Sys::exit(regs*)
 .text          0x00000000c001aef4       0x1f sys/sc_getcwd.32
                0x00000000c001aef4                Sys::getCwd(regs*)
 .text          0x00000000c001af13        0xc sys/sc_getpid.32
                0x00000000c001af13                Sys::getPID(regs*)
 .text          0x00000000c001af1f       0x17 sys/sc_getramdata.32
                0x00000000c001af1f                Sys::getRAMData(regs*)
 .text          0x00000000c001af36       0x84 sys/sc_getvgaptr.32
                0x00000000c001af36                Sys::getVGAPtr(regs*)
 .text          0x00000000c001afba       0xa8 sys/sc_loaddll.32
                0x00000000c001afba                Sys::loadDLL(regs*)
 .text          0x00000000c001b062       0x68 sys/sc_read.32
                0x00000000c001b062                Sys::read(regs*)
 .text          0x00000000c001b0ca       0x55 sys/sc_sbrk.32
                0x00000000c001b0ca                Sys::sbrk(regs*)
 .text          0x00000000c001b11f       0x1c sys/sc_setcwd.32
                0x00000000c001b11f                Sys::setCwd(regs*)
 .text          0x00000000c001b13b      0x128 sys/sc_settime.32
                0x00000000c001b13b                Sys::setTime(regs*)
 .text          0x00000000c001b263       0x4a sys/sc_timezone.32
                0x00000000c001b263                Sys::timezone(regs*)
 .text          0x00000000c001b2ad       0x68 sys/sc_write.32
                0x00000000c001b2ad                Sys::write(regs*)
 .text          0x00000000c001b315       0x62 sys/sc_wsbe.32
                0x00000000c001b315                Sys::wsbe(regs*)
 .text          0x00000000c001b377       0x46 sys/sc_yield.32
                0x00000000c001b377                Sys::yield(regs*)
 .text          0x00000000c001b3bd     0x1101 sys/syscalls.32
                0x00000000c001b3bd                sysCallSeekDir(regs*)
                0x00000000c001b3c2                sysCallTellDir(regs*)
                0x00000000c001b3c7                sysCallVerify(regs*)
                0x00000000c001b3d1                sysFormatDisk(regs*)
                0x00000000c001b43b                sysSetDiskVolumeLabel(regs*)
                0x00000000c001b481                sysGetDiskVolumeLabel(regs*)
                0x00000000c001b4d2                sysShutdown(regs*)
                0x00000000c001b530                sysCallRealpath(regs*)
                0x00000000c001b573                sysCallGetArgc(regs*)
                0x00000000c001b5a1                sysCallReadDir(regs*)
                0x00000000c001b62f                sysCallIsATTY(regs*)
                0x00000000c001b689                sysCallSeek(regs*)
                0x00000000c001b6f2                sysCallTell(regs*)
                0x00000000c001b76f                sysCallSize(regs*)
                0x00000000c001b7f2                sysCallSizeFromFilename(regs*)
                0x00000000c001b8b2                sysCallClose(regs*)
                0x00000000c001b93a                sysCallOpenDir(regs*)
                0x00000000c001b9af                sysCallCloseDir(regs*)
                0x00000000c001ba15                sysCallMakeDir(regs*)
                0x00000000c001ba85                sysCallWait(regs*)
                0x00000000c001ba9f                sysCallNotImpl(regs*)
                0x00000000c001baba                sysPanic(regs*)
                0x00000000c001bae0                sysCallRmdir(regs*)
                0x00000000c001bb44                sysCallUnlink(regs*)
                0x00000000c001bba8                sysCallGetArgv(regs*)
                0x00000000c001bbf4                sysCallTTYName(regs*)
                0x00000000c001bc77                sysCallUSleep(regs*)
                0x00000000c001bc9e                sysCallSpawn(regs*)
                0x00000000c001bd13                sysCallGetEnv(regs*)
                0x00000000c001be4b                sysAppSettings(regs*)
                0x00000000c001bf5f                sysSetFatAttrib(regs*)
                0x00000000c001bfd1                sysPipe(regs*)
                0x00000000c001c016                sysGetUnixTime(regs*)
                0x00000000c001c02a                string_ends_with(char const*, char const*)
                0x00000000c001c072                sysCallOpen(regs*)
                0x00000000c001c287                Sys::loadSyscalls()
                0x00000000c001c47c                Sys::systemCall(regs*, void*)
 .text          0x00000000c001c4be     0x11fd thr/elf.32
                0x00000000c001c4be                Thr::allocateMemoryForTask(Process*, File*, unsigned long, unsigned long, unsigned long)
                0x00000000c001c768                Thr::loadProgramIntoMemory(Process*, char const*)
                0x00000000c001c97e                Thr::runtimeReferenceHelper()
                0x00000000c001c991                Thr::getAddressOfKernelSymbol(char const*)
                0x00000000c001c9e0                Thr::loadKernelSymbolTable(char const*)
                0x00000000c001cc9e                Thr::loadDriverIntoMemory(char const*, unsigned long, bool)
                0x00000000c001d3d4                Thr::getDriverBaseFromAddress(unsigned long)
                0x00000000c001d406                Thr::getDriverNameFromAddress(unsigned long)
                0x00000000c001d43d                Thr::getDriverOffsetFromAddress(unsigned long)
                0x00000000c001d457                Thr::loadDLL(char const*, bool)
                0x00000000c001d682                Thr::executeDLL(unsigned long, void*)
 *fill*         0x00000000c001d6bb        0x1 
 .text          0x00000000c001d6bc     0x1315 thr/prcssthr.32
                0x00000000c001d6bc                userModeEntryPoint(void*)
                0x00000000c001d6e2                changeTSS
                0x00000000c001d712                switchToThread(ThreadControlBlock*)
                0x00000000c001d7bc                Process::addArgs(char**)
                0x00000000c001d816                Process::Process(char const*, Process*, char**)
                0x00000000c001d816                Process::Process(char const*, Process*, char**)
                0x00000000c001d9fa                Process::Process(bool, char const*, Process*, char**)
                0x00000000c001d9fa                Process::Process(bool, char const*, Process*, char**)
                0x00000000c001dba9                taskStartupFunction
                0x00000000c001dbb2                Semaphore::Semaphore(int)
                0x00000000c001dbb2                Semaphore::Semaphore(int)
                0x00000000c001dbe0                Mutex::Mutex()
                0x00000000c001dbe0                Mutex::Mutex()
                0x00000000c001dbf2                Process::createThread(void (*)(void*), void*, int)
                0x00000000c001dcf8                Process::createUserThread()
                0x00000000c001dd14                setupMultitasking(void (*)())
                0x00000000c001de36                schedule()
                0x00000000c001debc                Semaphore::tryAcquire()
                0x00000000c001df78                Semaphore::assertLocked(char const*)
                0x00000000c001dfe7                blockTaskWithSchedulerLockAlreadyHeld(TaskState)
                0x00000000c001e035                blockTask(TaskState)
                0x00000000c001e062                waitTask(int, int*, int)
                0x00000000c001e0a4                nanoSleepUntil(unsigned long long)
                0x00000000c001e139                nanoSleep(unsigned long long)
                0x00000000c001e151                sleep(unsigned long long)
                0x00000000c001e16e                Semaphore::acquire()
                0x00000000c001e210                taskReturned
                0x00000000c001e24b                Thr::processFromPID(int)
                0x00000000c001e2fa                unblockTask(ThreadControlBlock*)
                0x00000000c001e3a7                cleanupTerminatedTask(ThreadControlBlock*)
                0x00000000c001e670                cleanerTaskFunction(void*)
                0x00000000c001e769                terminateTask(int)
                0x00000000c001e89b                Thr::terminateFromIRQ(int)
                0x00000000c001e8a8                Semaphore::release()
 .text          0x00000000c001e9d1      0xada vm86/vm8086.32
                0x00000000c001e9d1                Vm::inbv(unsigned short)
                0x00000000c001e9e4                Vm::outbv(unsigned short, unsigned char)
                0x00000000c001ea1a                Vm::realToLinear(unsigned short, unsigned short)
                0x00000000c001ea2a                Vm::getSegment(unsigned int)
                0x00000000c001ea32                Vm::getOffset(unsigned int)
                0x00000000c001ea37                Vm::mainloop2()
                0x00000000c001ea71                Vm::mainVm8086Loop(void*)
                0x00000000c001ea81                Vm::mainloop3(unsigned long)
                0x00000000c001eaa7                Vm::initialise8086()
                0x00000000c001eaea                Vm::finish8086()
                0x00000000c001eb4b                Vm::getOutput8086(unsigned char*)
                0x00000000c001eb70                Vm::start8086(char const*, unsigned short, unsigned short, unsigned short, unsigned short)
                0x00000000c001ecd8                Vm::doISR(regs*, int, unsigned char*, unsigned short, unsigned short)
                0x00000000c001ed62                Vm::readByteFromReal(unsigned short, unsigned short)
                0x00000000c001ed73                Vm::readWordFromReal(unsigned short, unsigned short)
                0x00000000c001ed85                Vm::readDwordFromReal(unsigned short, unsigned short)
                0x00000000c001ed96                Vm::writeByteFromReal(unsigned short, unsigned short, unsigned char)
                0x00000000c001edab                Vm::writeWordFromReal(unsigned short, unsigned short, unsigned short)
                0x00000000c001edc1                Vm::writeDwordFromReal(unsigned short, unsigned short, unsigned int)
                0x00000000c001edd6                Vm::faultHandler(regs*)
 .text          0x00000000c001f4ab      0xefd vm86/x87em.32
                0x00000000c001f4ab                Vm::fpuInternalTo32(unsigned long long)
                0x00000000c001f506                Vm::fpuInternalTo64(unsigned long long)
                0x00000000c001f50f                Vm::fpu32ToInternal(unsigned int)
                0x00000000c001f554                Vm::fpu64ToInternal(unsigned long long)
                0x00000000c001f55d                Vm::fpuFloatToLong(unsigned long long)
                0x00000000c001f5b8                Vm::fpuULongToFloat(unsigned long long)
                0x00000000c001f5ee                Vm::fpuLongToFloat(long long)
                0x00000000c001f644                Vm::fpuGet0()
                0x00000000c001f649                Vm::fpuGet1()
                0x00000000c001f651                Vm::fpuGetPi()
                0x00000000c001f659                Vm::fpuGetLog2E()
                0x00000000c001f671                Vm::fpuGetLogE2()
                0x00000000c001f689                Vm::fpuGetLog210()
                0x00000000c001f6a1                Vm::fpuGetLog102()
                0x00000000c001f6b9                Vm::fpuIsSecondLarger(unsigned long long, unsigned long long)
                0x00000000c001f6cd                Vm::fpuAreEqual(unsigned long long, unsigned long long)
                0x00000000c001f6e3                Vm::fpuUnorderedCompare(unsigned long long, unsigned long long)
                0x00000000c001f736                Vm::fpuAdd(unsigned long long, unsigned long long)
                0x00000000c001f747                Vm::fpuAbs(unsigned long long)
                0x00000000c001f750                Vm::fpuChs(unsigned long long)
                0x00000000c001f760                Vm::fpuSub(unsigned long long, unsigned long long)
                0x00000000c001f76f                Vm::fpuMultiply(unsigned long long, unsigned long long)
                0x00000000c001f78e                Vm::fpuDivide(unsigned long long, unsigned long long)
                0x00000000c001f7aa                Vm::fpuSquare(unsigned long long)
                0x00000000c001f7c0                Vm::fpuGetReg(int)
                0x00000000c001f803                Vm::fpuSetReg(int, unsigned long long)
                0x00000000c001f84e                Vm::fpuPush(unsigned long long)
                0x00000000c001f8ab                Vm::fpuPop()
                0x00000000c001f8fd                Vm::x87Handler(regs*)
 .text          0x00000000c00203a8     0x1203 fs/fat/vfslink.32
                0x00000000c00203a8                FAT::getName()
                0x00000000c00203ae                FAT::tell(void*, unsigned long long*)
                0x00000000c00203e2                FAT::stat(void*, unsigned long long*)
                0x00000000c0020416                FAT::~FAT()
                0x00000000c0020416                FAT::~FAT()
                0x00000000c002043a                FAT::~FAT()
                0x00000000c0020462                FAT::getlabel(LogicalDisk*, int, char*, unsigned int*)
                0x00000000c0020500                FAT::setlabel(LogicalDisk*, int, char*)
                0x00000000c00205ba                FAT::format(LogicalDisk*, int, char const*, int)
                0x00000000c002079e                FAT::tryMount(LogicalDisk*, int)
                0x00000000c00209a4                FAT::getFileFirstSector(char const*)
                0x00000000c0020a66                FAT::readDir(void*, unsigned long, void*, int*)
                0x00000000c0020bc0                FAT::read(void*, unsigned long, void*, int*)
                0x00000000c0020c1a                FAT::write(void*, unsigned long, void*, int*)
                0x00000000c0020c74                FAT::close(void*)
                0x00000000c0020cc0                FAT::closeDir(void*)
                0x00000000c0020d0c                FAT::seek(void*, unsigned long long)
                0x00000000c0020d60                fatWrapperReadDisk
                0x00000000c0020da7                fatWrapperWriteDisk
                0x00000000c0020dee                fatWrapperIoctl
                0x00000000c0020ef2                FAT::FAT()
                0x00000000c0020ef2                FAT::FAT()
                0x00000000c0020f44                FAT::fixFilepath(char*)
                0x00000000c0020f7c                FAT::open(char const*, void**, FileOpenMode)
                0x00000000c00210a4                FAT::openDir(char const*, void**)
                0x00000000c002114a                FAT::stat(char const*, unsigned long long*, bool*)
                0x00000000c0021234                FAT::unlink(char const*)
                0x00000000c00212ae                FAT::chfatattr(char const*, unsigned char, unsigned char)
                0x00000000c0021402                FAT::rename(char const*, char const*)
                0x00000000c00214c6                FAT::mkdir(char const*)
                0x00000000c0021540                FAT::exists(char const*)
 *fill*         0x00000000c00215ab        0x1 
 .text          0x00000000c00215ac      0xba5 fs/iso9660/vfslink.32
                0x00000000c00215ac                ISO9660::format(LogicalDisk*, int, char const*, int)
                0x00000000c00215b2                ISO9660::seek(void*, unsigned long long)
                0x00000000c00215e2                ISO9660::tell(void*, unsigned long long*)
                0x00000000c0021606                ISO9660::getName()
                0x00000000c002160c                ISO9660::stat(void*, unsigned long long*)
                0x00000000c0021630                ISO9660::chfatattr(char const*, unsigned char, unsigned char)
                0x00000000c0021636                ISO9660::unlink(char const*)
                0x00000000c002163c                ISO9660::write(void*, unsigned long, void*, int*)
                0x00000000c0021642                ISO9660::rename(char const*, char const*)
                0x00000000c0021648                ISO9660::mkdir(char const*)
                0x00000000c002164e                ISO9660::close(void*)
                0x00000000c0021670                ISO9660::closeDir(void*)
                0x00000000c0021692                ISO9660::~ISO9660()
                0x00000000c0021692                ISO9660::~ISO9660()
                0x00000000c00216b6                ISO9660::~ISO9660()
                0x00000000c00216dd                __memmem(unsigned char*, int, unsigned char*, int)
                0x00000000c002171f                readSectorFromCDROM(unsigned int, unsigned char*, char)
                0x00000000c002177a                ISO9660::tryMount(LogicalDisk*, int)
                0x00000000c00217ca                ISO9660::read(void*, unsigned long, void*, int*)
                0x00000000c00219ce                ISO9660::readDir(void*, unsigned long, void*, int*)
                0x00000000c0021c48                readRoot(unsigned int*, unsigned int*, char)
                0x00000000c0021c9c                readRecursively(char*, unsigned int, unsigned int, unsigned int*, unsigned int*, char, int*)
                0x00000000c0021e6f                getFileData(char*, unsigned int*, unsigned int*, char, int*)
                0x00000000c0021efe                ISO9660::open(char const*, void**, FileOpenMode)
                0x00000000c0021fbe                ISO9660::exists(char const*)
                0x00000000c0021fe2                ISO9660::stat(char const*, unsigned long long*, bool*)
                0x00000000c0022076                ISO9660::openDir(char const*, void**)
                0x00000000c002212e                ISO9660::ISO9660()
                0x00000000c002212e                ISO9660::ISO9660()
 *fill*         0x00000000c0022151        0x1 
 .text          0x00000000c0022152      0x3a6 hal/sound/sndchannel.32
                0x00000000c0022152                SoundChannel::SoundChannel(int, int, int, int)
                0x00000000c0022152                SoundChannel::SoundChannel(int, int, int, int)
                0x00000000c002228c                SoundChannel::~SoundChannel()
                0x00000000c002228c                SoundChannel::~SoundChannel()
                0x00000000c00222a8                SoundChannel::getSampleRate()
                0x00000000c00222b0                SoundChannel::getBits()
                0x00000000c00222b8                SoundChannel::getBufferUsed()
                0x00000000c00222c0                SoundChannel::getBufferSize()
                0x00000000c00222c8                SoundChannel::unbuffer(float*, int, int)
                0x00000000c002235c                SoundChannel::buffer16(short*, int)
                0x00000000c0022458                SoundChannel::buffer8(unsigned char*, int)
 .text          0x00000000c00224f8      0x504 hal/sound/sndhw.32
                0x00000000c00224f8                SoundDevice::SoundDevice(char const*)
                0x00000000c00224f8                SoundDevice::SoundDevice(char const*)
                0x00000000c0022564                SoundDevice::~SoundDevice()
                0x00000000c0022564                SoundDevice::~SoundDevice()
                0x00000000c00225de                SoundDevice::~SoundDevice()
                0x00000000c0022608                SoundDevice::getFreeChannelNum()
                0x00000000c0022622                SoundDevice::addChannel(SoundChannel*)
                0x00000000c0022692                SoundDevice::removeChannel(int)
                0x00000000c00226c4                SoundDevice::floatTo16(float*, short*, int)
                0x00000000c00227b2                SoundDevice::floatTo8(float*, unsigned char*, int)
                0x00000000c002289a                SoundDevice::getAudio(int, float*, float*)
 .text          0x00000000c00229fc        0x0 hw/bus/isa.32
 .text          0x00000000c00229fc      0xbbb hw/bus/pci.32
                0x00000000c00229fc                PCI::open(int, int, void*)
                0x00000000c0022a1a                PCI::close(int, int, void*)
                0x00000000c0022a1e                PCI::PCI()
                0x00000000c0022a1e                PCI::PCI()
                0x00000000c0022ab4                PCI::readBAR8(unsigned int, int)
                0x00000000c0022ad0                PCI::readBAR16(unsigned int, int)
                0x00000000c0022aee                PCI::readBAR32(unsigned int, int)
                0x00000000c0022b0a                PCI::writeBAR8(unsigned int, unsigned char, int)
                0x00000000c0022b2a                PCI::writeBAR16(unsigned int, unsigned short, int)
                0x00000000c0022b6e                PCI::writeBAR32(unsigned int, unsigned int, int)
                0x00000000c0022b8e                PCI::legacyMechanism(unsigned char, unsigned char, unsigned char, unsigned char)
                0x00000000c0022bfc                PCI::pciReadWord(unsigned char, unsigned char, unsigned char, unsigned char)
                0x00000000c0022ca4                PCI::getVendorID(unsigned char, unsigned char, unsigned char)
                0x00000000c0022cc8                PCI::getHeaderType(unsigned char, unsigned char, unsigned char)
                0x00000000c0022cf0                PCI::getClassCode(unsigned char, unsigned char, unsigned char)
                0x00000000c0022d3a                PCI::getProgIF(unsigned char, unsigned char, unsigned char)
                0x00000000c0022d62                PCI::getRevisionID(unsigned char, unsigned char, unsigned char)
                0x00000000c0022d86                PCI::getInterruptNumber(unsigned char, unsigned char, unsigned char)
                0x00000000c0022daa                PCI::getSecondaryBus(unsigned char, unsigned char, unsigned char)
                0x00000000c0022dd2                PCI::getBARAddress(unsigned char, unsigned char, unsigned char, unsigned char)
                0x00000000c0022e36                PCI::pciWriteWord(unsigned char, unsigned char, unsigned char, unsigned char, unsigned short)
                0x00000000c0022f1e                PCI::pciDetailsToFilepath(PCIDeviceInfo, char*)
                0x00000000c00231aa                PCI::checkBus(unsigned char)
                0x00000000c00231ce                PCI::foundDevice(PCIDeviceInfo)
                0x00000000c0023340                PCI::getDeviceData(unsigned char, unsigned char, unsigned char)
                0x00000000c00234f8                PCI::checkDevice(unsigned char, unsigned char)
                0x00000000c0023564                PCI::detect()
 *fill*         0x00000000c00235b7        0x1 
 .text          0x00000000c00235b8      0xc9c hw/diskctrl/ide.32
                0x00000000c00235b8                IDE::close(int, int, void*)
                0x00000000c00235bc                IDE::IDE()
                0x00000000c00235bc                IDE::IDE()
                0x00000000c00235f0                IDE::prepareInterrupt(unsigned char)
                0x00000000c0023602                selectDrive(unsigned char, unsigned char)
                0x00000000c0023604                IDE::getBase(unsigned char)
                0x00000000c0023616                IDE::write(unsigned char, unsigned char, unsigned char)
                0x00000000c00236d6                IDE::read(unsigned char, unsigned char)
                0x00000000c0023784                IDE::waitInterrupt(unsigned char)
                0x00000000c00237ea                ideChannel0IRQHandler(regs*, void*)
                0x00000000c0023806                ideChannel1IRQHandler(regs*, void*)
                0x00000000c0023822                IDE::enableIRQs(unsigned char, bool)
                0x00000000c0023868                IDE::open(int, int, void*)
                0x00000000c0023ca4                IDE::readBuffer(unsigned char, unsigned char, unsigned int, unsigned int)
                0x00000000c0023d70                IDE::detect()
                0x00000000c0024058                IDE::printError(unsigned char, unsigned char, unsigned char)
                0x00000000c00241ee                IDE::polling(unsigned char, unsigned int)
 .text          0x00000000c0024254      0x390 hw/diskctrl/satabus.32
                0x00000000c0024254                SATABus::close(int, int, void*)
                0x00000000c0024258                SATABus::detect()
                0x00000000c002425a                SATABus::SATABus()
                0x00000000c002425a                SATABus::SATABus()
                0x00000000c0024306                SATABus::findCmdslot(SATABus::tagHBA_PORT volatile*)
                0x00000000c002434e                SATABus::checkType(SATABus::tagHBA_PORT volatile*)
                0x00000000c0024396                SATABus::startCmd(SATABus::tagHBA_PORT volatile*)
                0x00000000c00243b6                SATABus::stopCmd(SATABus::tagHBA_PORT volatile*)
                0x00000000c00243e0                SATABus::portRebase(SATABus::tagHBA_PORT volatile*, int)
                0x00000000c00244e6                SATABus::probePort(SATABus::tagHBA_MEM volatile*)
                0x00000000c00245c4                SATABus::open(int, int, void*)
 .text          0x00000000c00245e4      0x604 hw/diskphys/ata.32
                0x00000000c00245e4                ATA::close(int, int, void*)
                0x00000000c0024608                ATA::powerSaving(PowerSavingLevel)
                0x00000000c002460a                ATA::ATA()
                0x00000000c002460a                ATA::ATA()
                0x00000000c0024638                ATA::flush(bool)
                0x00000000c0024682                ATA::readyForCommand()
                0x00000000c00246d2                ATA::access(unsigned long long, int, void*, bool)
                0x00000000c0024a5a                ATA::read(unsigned long long, int, void*)
                0x00000000c0024aa6                ATA::write(unsigned long long, int, void*)
                0x00000000c0024af2                ATA::detectCHS()
                0x00000000c0024b1c                ATA::open(int, int, void*)
 .text          0x00000000c0024be8      0x5bd hw/diskphys/atapi.32
                0x00000000c0024be8                ATAPI::write(unsigned long long, int, void*)
                0x00000000c0024bee                ATAPI::close(int, int, void*)
                0x00000000c0024c12                ATAPI::ATAPI()
                0x00000000c0024c12                ATAPI::ATAPI()
                0x00000000c0024c40                ATAPI::readyForCommand()
                0x00000000c0024c90                ATAPI::sendPacket(unsigned char*, int, bool, unsigned short*, int)
                0x00000000c0024f50                ATAPI::diskRemoved()
                0x00000000c0024f6c                ATAPI::eject()
                0x00000000c0024fb4                ATAPI::diskInserted()
                0x00000000c0024fe2                ATAPI::detectMedia()
                0x00000000c002509e                ATAPI::open(int, int, void*)
                0x00000000c0025126                ATAPI::read(unsigned long long, int, void*)
 *fill*         0x00000000c00251a5        0x1 
 .text          0x00000000c00251a6      0x41c hw/diskphys/sata.32
                0x00000000c00251a6                SATA::close(int, int, void*)
                0x00000000c00251ca                SATA::powerSaving(PowerSavingLevel)
                0x00000000c00251cc                SATA::open(int, int, void*)
                0x00000000c0025276                SATA::SATA()
                0x00000000c0025276                SATA::SATA()
                0x00000000c00252a4                SATA::access(unsigned long long, int, void*, bool)
                0x00000000c002550a                SATA::read(unsigned long long, int, void*)
                0x00000000c0025556                SATA::write(unsigned long long, int, void*)
 .text          0x00000000c00255c2      0x4fe hw/diskphys/satapi.32
                0x00000000c00255c2                SATAPI::write(unsigned long long, int, void*)
                0x00000000c00255c8                SATAPI::close(int, int, void*)
                0x00000000c00255ec                SATAPI::SATAPI()
                0x00000000c00255ec                SATAPI::SATAPI()
                0x00000000c002561a                SATAPI::diskRemoved()
                0x00000000c0025636                SATAPI::diskInserted()
                0x00000000c0025664                SATAPI::sendPacket(unsigned char*, int, unsigned long long, unsigned short*, int)
                0x00000000c002586c                SATAPI::eject()
                0x00000000c00258b4                SATAPI::detectMedia()
                0x00000000c0025976                SATAPI::open(int, int, void*)
                0x00000000c0025a1e                SATAPI::read(unsigned long long, int, void*)
 .text          0x00000000c0025ac0       0x8e hw/fpu/avx.32
                0x00000000c0025ac0                AVX::open(int, int, void*)
                0x00000000c0025ad2                AVX::close(int, int, void*)
                0x00000000c0025ae4                AVX::available()
                0x00000000c0025af6                AVX::save(void*)
                0x00000000c0025b0e                AVX::load(void*)
                0x00000000c0025b26                AVX::AVX()
                0x00000000c0025b26                AVX::AVX()
 .text          0x00000000c0025b4e       0x90 hw/fpu/mmx.32
                0x00000000c0025b4e                MMX::available()
                0x00000000c0025b62                MMX::open(int, int, void*)
                0x00000000c0025b74                MMX::close(int, int, void*)
                0x00000000c0025b86                MMX::save(void*)
                0x00000000c0025b9e                MMX::load(void*)
                0x00000000c0025bb6                MMX::MMX()
                0x00000000c0025bb6                MMX::MMX()
 .text          0x00000000c0025bde       0x96 hw/fpu/sse.32
                0x00000000c0025bde                SSE::open(int, int, void*)
                0x00000000c0025bf0                SSE::close(int, int, void*)
                0x00000000c0025c02                SSE::available()
                0x00000000c0025c1c                SSE::save(void*)
                0x00000000c0025c34                SSE::load(void*)
                0x00000000c0025c4c                SSE::SSE()
                0x00000000c0025c4c                SSE::SSE()
 .text          0x00000000c0025c74       0x8e hw/fpu/x87.32
                0x00000000c0025c74                x87::open(int, int, void*)
                0x00000000c0025c86                x87::close(int, int, void*)
                0x00000000c0025c98                x87::available()
                0x00000000c0025caa                x87::save(void*)
                0x00000000c0025cc2                x87::load(void*)
                0x00000000c0025cda                x87::x87()
                0x00000000c0025cda                x87::x87()
 .text          0x00000000c0025d02      0x71e hw/intctrl/apic.32
                0x00000000c0025d02                APIC::disable()
                0x00000000c0025d04                APIC::close(int, int, void*)
                0x00000000c0025d26                IOAPIC::close(int, int, void*)
                0x00000000c0025d2c                APIC::io_wait()
                0x00000000c0025d32                APIC::getBase()
                0x00000000c0025d74                APIC::eoi(unsigned char)
                0x00000000c0025da2                APIC::open(int, int, void*)
                0x00000000c0025ef0                IOAPIC::IOAPIC()
                0x00000000c0025ef0                IOAPIC::IOAPIC()
                0x00000000c0025f18                APIC::APIC()
                0x00000000c0025f18                APIC::APIC()
                0x00000000c0025ff4                IOAPIC::handlesGSIWithNumber(unsigned int)
                0x00000000c0026026                IOAPIC::read(int)
                0x00000000c002604e                IOAPIC::open(int, int, void*)
                0x00000000c0026144                IOAPIC::write(int, int)
                0x00000000c0026170                IOAPIC::redirect(unsigned char, unsigned long long, unsigned char, bool, bool)
                0x00000000c002626a                APIC::installIRQHandler(int, void (*)(regs*, void*), bool, void*)
 .text          0x00000000c0026420      0x3d3 hw/intctrl/pic.32
                0x00000000c0026420                PIC::disable()
                0x00000000c002644e                PIC::close(int, int, void*)
                0x00000000c0026470                PIC::PIC()
                0x00000000c0026470                PIC::PIC()
                0x00000000c0026546                PIC::ioWait()
                0x00000000c002654c                PIC::getIRQReg(int)
                0x00000000c00265b6                PIC::eoi(unsigned char)
                0x00000000c0026648                PIC::remap()
                0x00000000c00267b4                PIC::open(int, int, void*)
 *fill*         0x00000000c00267f3        0x1 
 .text          0x00000000c00267f4      0x25e hw/timer/apictimer.32
                0x00000000c00267f4                APICTimer::close(int, int, void*)
                0x00000000c00267fa                apicTimerHandler(regs*, void*)
                0x00000000c0026828                APICTimer::write(int)
                0x00000000c002692c                APICTimer::open(int, int, void*)
                0x00000000c0026a2a                APICTimer::APICTimer()
                0x00000000c0026a2a                APICTimer::APICTimer()
 .text          0x00000000c0026a52      0x1a7 hw/timer/pit.32
                0x00000000c0026a52                PIT::write(int)
                0x00000000c0026ad0                pitHandler(regs*, void*)
                0x00000000c0026afc                PIT::open(int, int, void*)
                0x00000000c0026b4a                PIT::close(int, int, void*)
                0x00000000c0026b7a                PIT::PIT()
                0x00000000c0026b7a                PIT::PIT()
 *fill*         0x00000000c0026bf9        0x7 
 .text          0x00000000c0026c00       0x1e hw/fpu/x86/avx.32
                0x00000000c0026c00                avxDetect
                0x00000000c0026c06                avxSave
                0x00000000c0026c07                avxLoad
                0x00000000c0026c08                avxInit
                0x00000000c0026c09                avxClose
                0x00000000c0026c0a                wouldSheSayYes
 *fill*         0x00000000c0026c1e        0x2 
 .text          0x00000000c0026c20       0x35 hw/fpu/x86/sse.32
                0x00000000c0026c20                absolutelyNoChanceInHell
                0x00000000c0026c20                sseDetect
                0x00000000c0026c38                sseSave
                0x00000000c0026c3e                sseLoad
                0x00000000c0026c44                sseInit
                0x00000000c0026c54                sseClose
 *fill*         0x00000000c0026c55        0xb 
 .text          0x00000000c0026c60       0x4d hw/fpu/x86/x87.32
                0x00000000c0026c66                x87Detect
                0x00000000c0026c81                x87Save
                0x00000000c0026c8a                x87Load
                0x00000000c0026c92                x87Init
                0x00000000c0026cac                x87Close
 *fill*         0x00000000c0026cad        0x3 
 .text          0x00000000c0026cb0       0x25 /cygdrive/d/Users/Alex/Desktop/Toolchain/Output/bin/../lib/gcc/i386-banana/8.1.0/crtend.o
 .text          0x00000000c0026cd5        0x0 crtn.32
 *fill*         0x00000000c0026cd5        0x3 
 .text          0x00000000c0026cd8      0x14b /cygdrive/d/Users/Alex/Desktop/Toolchain/Output/bin/../lib/gcc/i386-banana/8.1.0/libkgcc.a(_divdi3.o)
                0x00000000c0026cd8                __divdi3
 *fill*         0x00000000c0026e23        0x1 
 .text          0x00000000c0026e24      0x17e /cygdrive/d/Users/Alex/Desktop/Toolchain/Output/bin/../lib/gcc/i386-banana/8.1.0/libkgcc.a(_moddi3.o)
                0x00000000c0026e24                __moddi3
 *fill*         0x00000000c0026fa2        0x2 
 .text          0x00000000c0026fa4       0xff /cygdrive/d/Users/Alex/Desktop/Toolchain/Output/bin/../lib/gcc/i386-banana/8.1.0/libkgcc.a(_udivdi3.o)
                0x00000000c0026fa4                __udivdi3
 *fill*         0x00000000c00270a3        0x1 
 .text          0x00000000c00270a4      0x11a /cygdrive/d/Users/Alex/Desktop/Toolchain/Output/bin/../lib/gcc/i386-banana/8.1.0/libkgcc.a(_umoddi3.o)
                0x00000000c00270a4                __umoddi3
 .text          0x00000000c00271be      0x96d D:/Users/Alex/Desktop/Banana/kernel/libsoftfp.a(sfieeelib.o)
                0x00000000c00271be                __addsf3
                0x00000000c00274c0                __subsf3
                0x00000000c00274d4                __negsf2
                0x00000000c00274e1                __mulsf3
                0x00000000c00276a4                __divsf3
                0x00000000c00278cf                __floatsisf
                0x00000000c0027943                __floatunsisf
                0x00000000c0027985                __fixsfsi
                0x00000000c00279e7                __fixunssfsi
                0x00000000c0027a18                __cmpsf2
                0x00000000c0027aad                __eqsf2
                0x00000000c0027ae8                __nesf2
                0x00000000c0027aea                __gtsf2
                0x00000000c0027b25                __gesf2
                0x00000000c0027b27                __ltsf2
                0x00000000c0027b29                __lesf2
 .text          0x00000000c0027b2b      0xf50 D:/Users/Alex/Desktop/Banana/kernel/libsoftfp.a(dfieeelib.o)
                0x00000000c0027b2b                __adddf3