Archive member included to satisfy reference by file (symbol)

/cygdrive/d/Users/Alex/Desktop/Toolchain/Output/bin/../lib/gcc/i386-banana/8.1.0/libgcc.a(_divdi3.o)
                              fs/fat/ff.32 (__divdi3)
/cygdrive/d/Users/Alex/Desktop/Toolchain/Output/bin/../lib/gcc/i386-banana/8.1.0/libgcc.a(_moddi3.o)
                              core/elf.32 (__moddi3)
/cygdrive/d/Users/Alex/Desktop/Toolchain/Output/bin/../lib/gcc/i386-banana/8.1.0/libgcc.a(_udivdi3.o)
                              fs/fat/ff.32 (__udivdi3)
/cygdrive/d/Users/Alex/Desktop/Toolchain/Output/bin/../lib/gcc/i386-banana/8.1.0/libgcc.a(_umoddi3.o)
                              core/elf.32 (__umoddi3)
D:/Users/Alex/Desktop/Banana/kernel/libk/libm32.a(s_fabs.c.o)
                              hal/libresample/samplerate.32 (fabs)
D:/Users/Alex/Desktop/Banana/kernel/libk/libm32.a(s_lrint.S.o)
                              hal/libresample/samplerate.32 (lrint)
D:/Users/Alex/Desktop/Banana/kernel/libk/libm32.a(s_lrintf.S.o)
                              hal/sound/sndhw.32 (lrintf)

Discarded input sections

 .comment       0x0000000000000000       0x12 /cygdrive/d/Users/Alex/Desktop/Toolchain/Output/bin/../lib/gcc/i386-banana/8.1.0/crtbegin.o
 .comment       0x0000000000000000       0x12 acpica/utclib.32
 .comment       0x0000000000000000       0x12 core/malloc.32
 .comment       0x0000000000000000       0x12 libk/string.32
 .comment       0x0000000000000000       0x12 fs/fat/diskio.32
 .comment       0x0000000000000000       0x12 fs/fat/ff.32
 .comment       0x0000000000000000       0x12 fs/fat/ffsystem.32
 .comment       0x0000000000000000       0x12 fs/fat/ffunicode.32
 .comment       0x0000000000000000       0x12 hal/libresample/samplerate.32
 .comment       0x0000000000000000       0x12 hal/libresample/src_linear.32
 .comment       0x0000000000000000       0x12 hal/libresample/src_sinc.32
 .comment       0x0000000000000000       0x12 hal/libresample/src_zoh.32
 .group         0x0000000000000000       0x14 core/computer.32
 .group         0x0000000000000000        0xc core/computer.32
 .comment       0x0000000000000000       0x12 core/computer.32
 .comment       0x0000000000000000       0x12 core/elf.32
 .comment       0x0000000000000000       0x12 core/gdt.32
 .group         0x0000000000000000        0xc core/idle.32
 .comment       0x0000000000000000       0x12 core/idle.32
 .comment       0x0000000000000000       0x12 core/idt.32
 .group         0x0000000000000000        0x8 core/kconsole.32
 .group         0x0000000000000000        0x8 core/kconsole.32
 .group         0x0000000000000000        0x8 core/kconsole.32
 .group         0x0000000000000000        0x8 core/kconsole.32
 .comment       0x0000000000000000       0x12 core/kconsole.32
 .group         0x0000000000000000        0x8 core/kheap.32
 .group         0x0000000000000000        0x8 core/kheap.32
 .text._ZN3CPU7readCR3Ev
                0x0000000000000000       0x12 core/kheap.32
 .comment       0x0000000000000000       0x12 core/kheap.32
 .comment       0x0000000000000000       0x12 core/main.32
 .comment       0x0000000000000000       0x12 core/physmgr.32
 .group         0x0000000000000000        0xc core/pipe.32
 .comment       0x0000000000000000       0x12 core/pipe.32
 .group         0x0000000000000000        0x8 core/prcssthr.32
 .group         0x0000000000000000        0x8 core/prcssthr.32
 .group         0x0000000000000000        0xc core/prcssthr.32
 .group         0x0000000000000000        0xc core/prcssthr.32
 .group         0x0000000000000000        0x8 core/prcssthr.32
 .group         0x0000000000000000        0xc core/prcssthr.32
 .group         0x0000000000000000        0x8 core/prcssthr.32
 .group         0x0000000000000000        0x8 core/prcssthr.32
 .comment       0x0000000000000000       0x12 core/prcssthr.32
 .comment       0x0000000000000000       0x12 core/syscalls.32
 .group         0x0000000000000000        0xc core/terminal.32
 .comment       0x0000000000000000       0x12 core/terminal.32
 .group         0x0000000000000000        0x8 core/tss.32
 .text._ZN3CPU7readCR3Ev
                0x0000000000000000       0x12 core/tss.32
 .comment       0x0000000000000000       0x12 core/tss.32
 .group         0x0000000000000000        0x8 core/unixfile.32
 .group         0x0000000000000000        0xc core/unixfile.32
 .group         0x0000000000000000        0x8 core/unixfile.32
 .group         0x0000000000000000        0xc core/unixfile.32
 .group         0x0000000000000000        0x8 core/unixfile.32
 .group         0x0000000000000000        0xc core/unixfile.32
 .group         0x0000000000000000        0xc core/unixfile.32
 .group         0x0000000000000000        0xc core/unixfile.32
 .comment       0x0000000000000000       0x12 core/unixfile.32
 .group         0x0000000000000000        0x8 core/virtmgr.32
 .group         0x0000000000000000        0x8 core/virtmgr.32
 .text._ZN3CPU7readCR3Ev
[...]
Memory Configuration

Name             Origin             Length             Attributes
*default*        0x0000000000000000 0xffffffffffffffff

Linker script and memory map

LOAD D:/Users/Alex/Desktop/Banana/kernel/boot.32
LOAD crti.32
LOAD /cygdrive/d/Users/Alex/Desktop/Toolchain/Output/bin/../lib/gcc/i386-banana/8.1.0/crtbegin.o
LOAD D:/Users/Alex/Desktop/Banana/kernel/morenasm.32
LOAD acpica/utclib.32
LOAD core/malloc.32
LOAD libk/string.32
LOAD fs/fat/diskio.32
LOAD fs/fat/ff.32
LOAD fs/fat/ffsystem.32
LOAD fs/fat/ffunicode.32
LOAD hal/libresample/samplerate.32
LOAD hal/libresample/src_linear.32
LOAD hal/libresample/src_sinc.32
LOAD hal/libresample/src_zoh.32
LOAD core/computer.32
LOAD core/elf.32
LOAD core/gdt.32
LOAD core/idle.32
LOAD core/idt.32
LOAD core/kconsole.32
LOAD core/kheap.32
LOAD core/main.32
LOAD core/physmgr.32
LOAD core/pipe.32
LOAD core/prcssthr.32
LOAD core/syscalls.32
LOAD core/terminal.32
LOAD core/tss.32
LOAD core/unixfile.32
LOAD core/virtmgr.32
LOAD coreobjs/c++.32
LOAD debugger/debug.32
LOAD fs/vfs.32
LOAD hal/bus.32
LOAD hal/buzzer.32
LOAD hal/clock.32
LOAD hal/device.32
LOAD hal/diskctrl.32
LOAD hal/diskphys.32
LOAD hal/fpu.32
LOAD hal/intctrl.32
LOAD hal/keybrd.32
LOAD hal/logidisk.32
LOAD hal/mouse.32
LOAD hal/partition.32
LOAD hal/timer.32
LOAD hal/vcache.32
LOAD hal/video.32
LOAD hw/acpi.32
LOAD hw/cpu.32
LOAD hw/ports.32
LOAD registry/registry.32
LOAD syscalls/sc_exit.32
LOAD syscalls/sc_read.32
LOAD syscalls/sc_sbrk.32
LOAD syscalls/sc_write.32
LOAD syscalls/sc_yield.32
LOAD vm86/vm8086.32
LOAD fs/fat/vfslink.32
LOAD fs/iso9660/vfslink.32
LOAD hal/sound/sndchannel.32
LOAD hal/sound/sndhw.32
LOAD hw/bus/isa.32
LOAD hw/bus/pci.32
LOAD hw/clock/rtc.32
LOAD hw/diskctrl/ide.32
LOAD hw/diskphys/ata.32
LOAD hw/diskphys/atapi.32
LOAD hw/fpu/avx.32
LOAD hw/fpu/mmx.32
LOAD hw/fpu/sse.32
LOAD hw/fpu/x87.32
LOAD hw/intctrl/apic.32
LOAD hw/intctrl/pic.32
LOAD hw/timer/apictimer.32
LOAD hw/timer/pit.32
LOAD hw/fpu/x86/avx.32
LOAD hw/fpu/x86/sse.32
LOAD hw/fpu/x86/x87.32
LOAD /cygdrive/d/Users/Alex/Desktop/Toolchain/Output/bin/../lib/gcc/i386-banana/8.1.0/crtend.o
LOAD crtn.32
LOAD /cygdrive/d/Users/Alex/Desktop/Toolchain/Output/bin/../lib/gcc/i386-banana/8.1.0/libgcc.a
LOAD D:/Users/Alex/Desktop/Banana/kernel/libk/libm32.a
                0x00000000c0000000                . = 0xc0000000

.text           0x00000000c0000000    0x1e918
 *(.text)
 .text          0x00000000c0000000       0x41 D:/Users/Alex/Desktop/Banana/kernel/boot.32
                0x00000000c0000020                callGlobalConstructors
 .text          0x00000000c0000041        0x0 crti.32
 *fill*         0x00000000c0000041        0x3 
 .text          0x00000000c0000044      0x101 /cygdrive/d/Users/Alex/Desktop/Toolchain/Output/bin/../lib/gcc/i386-banana/8.1.0/crtbegin.o
 *fill*         0x00000000c0000145        0xb 
 .text          0x00000000c0000150      0x44c D:/Users/Alex/Desktop/Banana/kernel/morenasm.32
                0x00000000c0000150                doTPAUSE
                0x00000000c000015a                hasLegacyFPU
                0x00000000c000017f                is486
                0x00000000c00001e2                goToVM86
                0x00000000c0000213                goToUsermode
                0x00000000c000023e                switchToThreadASMFirstTime
                0x00000000c000024c                switchToThreadASM
                0x00000000c00002ec                detectCPUID
                0x00000000c0000302                asmQuickAcquireLock
                0x00000000c0000320                asmQuickReleaseLock
                0x00000000c000032c                asmAcquireLock
                0x00000000c000034d                asmReleaseLock
                0x00000000c0000360                loadGDT
                0x00000000c0000380                isr0
                0x00000000c0000390                isr1
                0x00000000c000039a                isr2
                0x00000000c00003a4                isr3
                0x00000000c00003ae                isr4
                0x00000000c00003b8                isr5
                0x00000000c00003c2                isr6
                0x00000000c00003cc                isr7
                0x00000000c00003d6                isr8
                0x00000000c00003de                isr9
                0x00000000c00003e8                isr10
                0x00000000c00003f0                isr11
                0x00000000c00003f8                isr12
                0x00000000c0000400                isr13
                0x00000000c0000408                isr14
                0x00000000c0000410                isr15
                0x00000000c000041a                isr16
                0x00000000c0000424                isr17
                0x00000000c000042e                isr18
                0x00000000c0000438                isr96
                0x00000000c0000442                irq0
                0x00000000c000044c                irq1
                0x00000000c0000456                irq2
                0x00000000c0000460                irq3
                0x00000000c000046a                irq4
                0x00000000c0000474                irq5
                0x00000000c000047e                irq6
                0x00000000c0000488                irq7
                0x00000000c0000492                irq8
                0x00000000c000049c                irq9
                0x00000000c00004a6                irq10
                0x00000000c00004b0                irq11
                0x00000000c00004ba                irq12
                0x00000000c00004c4                irq13
                0x00000000c00004ce                irq14
                0x00000000c00004d8                irq15
                0x00000000c00004e2                irq16
                0x00000000c00004ec                irq17
                0x00000000c00004f6                irq18
                0x00000000c0000500                irq19
                0x00000000c000050a                irq20
                0x00000000c0000514                irq21
                0x00000000c000051e                irq22
                0x00000000c0000528                irq23
                0x00000000c0000532                int_common_stub
                0x00000000c0000562                syscall_common_stub
 .text          0x00000000c000059c      0x6ff acpica/utclib.32
                0x00000000c000059c                memcmp
                0x00000000c00005f4                memmove
                0x00000000c0000661                memcpy
                0x00000000c00006d8                memset
                0x00000000c0000701                strlen
                0x00000000c0000724                strpbrk
                0x00000000c0000766                strtok
                0x00000000c00007f4                strcpy
                0x00000000c0000826                strncpy
                0x00000000c000087a                strcmp
                0x00000000c00008bc                strchr
                0x00000000c00008e5                strncmp
                0x00000000c0000941                strcat
                0x00000000c0000982                strncat
                0x00000000c00009de                strstr
                0x00000000c0000a31                toupper
                0x00000000c0000a57                tolower
                0x00000000c0000a7d                simple_strtoul
 .text          0x00000000c0000c9b      0xfbf core/malloc.32
                0x00000000c0000e06                dlfree
                0x00000000c0001161                dlmalloc
                0x00000000c000169e                dlrealloc
                0x00000000c0001853                dlmemalign
                0x00000000c0001976                dlcalloc
                0x00000000c0001a10                dlcfree
                0x00000000c0001a15                dlindependent_calloc
                0x00000000c0001a3a                dlindependent_comalloc
                0x00000000c0001a51                dlvalloc
                0x00000000c0001a7c                dlpvalloc
                0x00000000c0001ab2                dlmalloc_trim
                0x00000000c0001abf                dlmalloc_usable_size
                0x00000000c0001af0                dlmallinfo
                0x00000000c0001bbf                dlmalloc_stats
                0x00000000c0001bd0                dlmallopt
 .text          0x00000000c0001c5a        0x0 libk/string.32
 .text          0x00000000c0001c5a       0x51 fs/fat/diskio.32
                0x00000000c0001c5a                disk_status
                0x00000000c0001c5d                disk_initialize
                0x00000000c0001c60                disk_read
                0x00000000c0001c76                disk_write
                0x00000000c0001c8c                disk_ioctl
 .text          0x00000000c0001cab     0x6833 fs/fat/ff.32
                0x00000000c0004f79                f_mount
                0x00000000c0004fdb                f_open
                0x00000000c0005417                f_read
                0x00000000c0005697                f_write
                0x00000000c0005951                f_sync
                0x00000000c0005b2d                f_close
                0x00000000c0005b5c                f_lseek
                0x00000000c0006013                f_opendir
                0x00000000c0006115                f_closedir
                0x00000000c0006137                f_readdir
                0x00000000c00061d2                f_stat
                0x00000000c0006261                f_getfree
                0x00000000c000642c                f_truncate
                0x00000000c0006524                f_unlink
                0x00000000c00066a7                f_mkdir
                0x00000000c00068d3                f_rename
                0x00000000c0006bc6                f_chmod
                0x00000000c0006ca4                f_utime
                0x00000000c0006d82                f_getlabel
                0x00000000c0006f70                f_setlabel
                0x00000000c00071dd                f_forward
                0x00000000c00073bb                f_mkfs
 .text          0x00000000c00084de       0x2d fs/fat/ffsystem.32
                0x00000000c00084de                ff_memalloc
                0x00000000c00084f4                ff_memfree
 .text          0x00000000c000850b      0x253 fs/fat/ffunicode.32
                0x00000000c000850b                ff_uni2oem
                0x00000000c000859b                ff_oem2uni
                0x00000000c0008607                ff_wtoupper
 .text          0x00000000c000875e      0x70e hal/libresample/samplerate.32
                0x00000000c00087e6                src_delete
                0x00000000c0008822                src_process
                0x00000000c000894a                src_callback_read
                0x00000000c0008aab                src_set_ratio
                0x00000000c0008b02                src_get_channels
                0x00000000c0008b24                src_reset
                0x00000000c0008b68                src_new
                0x00000000c0008bf6                src_callback_new
                0x00000000c0008c58                src_get_name
                0x00000000c0008c8f                src_get_description
                0x00000000c0008cc6                src_get_version
                0x00000000c0008ccc                src_is_valid_ratio
                0x00000000c0008ce6                src_error
                0x00000000c0008cf4                src_strerror
                0x00000000c0008d07                src_simple
                0x00000000c0008d5a                src_short_to_float_array
                0x00000000c0008d80                src_float_to_short_array
                0x00000000c0008de4                src_int_to_float_array
                0x00000000c0008e0a                src_float_to_int_array
 .text          0x00000000c0008e6c      0x3fd hal/libresample/src_linear.32
                0x00000000c00091c4                linear_get_name
                0x00000000c00091d3                linear_get_description
                0x00000000c00091e2                linear_set_converter
 .text          0x00000000c0009269     0x1b46 hal/libresample/src_sinc.32
                0x00000000c000abbf                sinc_get_name
                0x00000000c000abd2                sinc_get_description
                0x00000000c000abe5                sinc_set_converter
 .text          0x00000000c000adaf      0x3d3 hal/libresample/src_zoh.32
                0x00000000c000b0dd                zoh_get_name
                0x00000000c000b0ec                zoh_get_description
                0x00000000c000b0fb                zoh_set_converter
 .text          0x00000000c000b182      0x68d core/computer.32
                0x00000000c000b182                Computer::close(int, int, void*)
                0x00000000c000b1c6                Computer::Computer()
                0x00000000c000b1c6                Computer::Computer()
                0x00000000c000b322                Computer::setBootMessage(char const*)
                0x00000000c000b324                Computer::start()
                0x00000000c000b3fe                firstTask()
                0x00000000c000b40c                Computer::detectFeatures()
                0x00000000c000b5e6                Computer::displayFeatures()
                0x00000000c000b5e8                Computer::rdmsr(unsigned int)
                0x00000000c000b614                Computer::wrmsr(unsigned int, unsigned long long)
                0x00000000c000b64c                Computer::nmiEnabled()
                0x00000000c000b658                Computer::readCMOS(unsigned char)
                0x00000000c000b672                Computer::enableNMI(bool)
                0x00000000c000b68a                Computer::open(int, int, void*)
                0x00000000c000b752                Computer::disableNMI()
                0x00000000c000b760                Computer::writeCMOS(unsigned char, unsigned char)
                0x00000000c000b77e                Computer::handleNMI()
                0x00000000c000b7e4                Computer::setDiskActivityLight(int, bool)
 .text          0x00000000c000b80f      0xf46 core/elf.32
                0x00000000c000b80f                allocateMemoryForTask(Process*, File*, unsigned long, unsigned long, unsigned long)
                0x00000000c000ba8c                loadProgramIntoMemory(Process*, char const*)
                0x00000000c000bca2                runtimeReferenceHelper()
                0x00000000c000bcb5                getAddressOfKernelSymbol(char const*)
                0x00000000c000bd04                loadKernelSymbolTable(char const*)
                0x00000000c000bfc5                loadDriverIntoMemory(char const*, unsigned long)
                0x00000000c000c67e                loadDLL(char const*)
                0x00000000c000c747                executeDLL(unsigned long, void*)
 *fill*         0x00000000c000c755        0x1 
 .text          0x00000000c000c756      0x1b7 core/gdt.32
                0x00000000c000c756                GDTEntry::setBase(unsigned int)
                0x00000000c000c772                GDTEntry::setLimit(unsigned int)
                0x00000000c000c790                GDT::GDT()
                0x00000000c000c790                GDT::GDT()
                0x00000000c000c7a6                GDT::addEntry(GDTEntry)
                0x00000000c000c7e2                GDT::getNumberOfEntries()
                0x00000000c000c7ea                GDT::flush()
                0x00000000c000c80c                GDT::setup()
 .text          0x00000000c000c90d       0x61 core/idle.32
                0x00000000c000c90d                idleFunction(void*)
 .text          0x00000000c000c96e      0x45f core/idt.32
                0x00000000c000c96e                IDTEntry::IDTEntry(bool)
                0x00000000c000c96e                IDTEntry::IDTEntry(bool)
                0x00000000c000c9dc                IDTEntry::setOffset(unsigned int)
                0x00000000c000c9f0                IDT::IDT()
                0x00000000c000c9f0                IDT::IDT()
                0x00000000c000c9f2                IDT::getPointerToInvalidOpcodeEntryForF00F()
                0x00000000c000c9fa                IDT::addEntry(IDTEntry, int)
                0x00000000c000ca14                IDT::addEntry(int, void (*)(), bool)
                0x00000000c000ca4c                IDT::flush()
                0x00000000c000ca66                IDT::setup()
 .text          0x00000000c000cdcd      0x519 core/kconsole.32
                0x00000000c000cdcd                stringifyxWithBase(unsigned int, char*, int)
                0x00000000c000ce2e                logc(char)
                0x00000000c000ce45                logs(char*)
                0x00000000c000ce62                logWriteInt(unsigned int)
                0x00000000c000ce7f                logWriteIntBase(unsigned int, int)
                0x00000000c000ce9e                kprintf(char const*, ...)
                0x00000000c000cfbc                panic(char const*)
 .text          0x00000000c000d2e6      0x20d core/kheap.32
                0x00000000c000d2e6                sbrk
                0x00000000c000d3fe                mmap
                0x00000000c000d414                munmap
                0x00000000c000d42a                liballoc_lock()
                0x00000000c000d43b                liballoc_unlock()
                0x00000000c000d44c                liballoc_alloc(int)
                0x00000000c000d467                liballoc_free(void*, int)
                0x00000000c000d485                realloc
                0x00000000c000d499                malloc
                0x00000000c000d4a9                free
                0x00000000c000d4b9                rfree
                0x00000000c000d4c9                calloc
 .text          0x00000000c000d4f3      0x38d core/main.32
                0x00000000c000d4f3                hwTextMode_loadInData(VgaText*)
                0x00000000c000d538                hwTextMode_loadInTitle(VgaText*, char*)
                0x00000000c000d57a                hwTextMode_showCursor(VgaText*, bool)
                0x00000000c000d5ce                hwTextMode_update(VgaText*)
                0x00000000c000d5cf                hwTextMode_updateCursor(VgaText*)
                0x00000000c000d617                hwTextMode_disableBlink(VgaText*, bool)
                0x00000000c000d653                hwTextMode_scrollScreen(VgaText*)
                0x00000000c000d6d9                hwTextMode_writeCharacter(VgaText*, char, VgaColour, VgaColour, int, int)
                0x00000000c000d737                setupTextMode()
                0x00000000c000d788                kernel_main
 .text          0x00000000c000d880      0x46c core/physmgr.32
                0x00000000c000d880                Phys::allocateDMA(unsigned long)
                0x00000000c000d923                Phys::freeDMA(unsigned long, unsigned long)
                0x00000000c000d96b                Phys::setPageState(unsigned long, bool)
                0x00000000c000d99d                Phys::getPageState(unsigned long)
                0x00000000c000d9b9                Phys::freePage(unsigned long)
                0x00000000c000da43                Phys::allocatePage()
                0x00000000c000daff                Phys::allowSegmentToBeUsed(unsigned long, unsigned long)
                0x00000000c000db37                Phys::physicalMemorySetup(unsigned int)
 .text          0x00000000c000dcec      0x273 core/pipe.32
                0x00000000c000dcec                Pipe::isAtty()
                0x00000000c000dcf0                Pipe::~Pipe()
                0x00000000c000dcf0                Pipe::~Pipe()
                0x00000000c000dd14                Pipe::~Pipe()
                0x00000000c000dd3c                Pipe::read(unsigned long long, void*, int*)
                0x00000000c000de30                Pipe::write(unsigned long long, void*, int*)
                0x00000000c000def8                Pipe::Pipe(int)
                0x00000000c000def8                Pipe::Pipe(int)
 *fill*         0x00000000c000df5f        0x1 
 .text          0x00000000c000df60     0x1154 core/prcssthr.32
                0x00000000c000df60                changeTSS
                0x00000000c000df8e                Process::addArgs(char**)
                0x00000000c000dfe8                Process::Process(char const*, Process*, char**)
                0x00000000c000dfe8                Process::Process(char const*, Process*, char**)
                0x00000000c000e1a0                Process::Process(bool, char const*, Process*, char**)
                0x00000000c000e1a0                Process::Process(bool, char const*, Process*, char**)
                0x00000000c000e323                disableIRQs()
                0x00000000c000e32b                getIRQNestingLevel()
                0x00000000c000e331                enableIRQs()
                0x00000000c000e340                lockScheduler()
                0x00000000c000e342                unlockScheduler()
                0x00000000c000e344                userModeEntryPoint(void*)
                0x00000000c000e367                lockStuff()
                0x00000000c000e373                taskStartupFunction
                0x00000000c000e37c                updateTimeUsed()
                0x00000000c000e3da                switchToThread(ThreadControlBlock*)
                0x00000000c000e42a                Semaphore::Semaphore(int)
                0x00000000c000e42a                Semaphore::Semaphore(int)
                0x00000000c000e458                Mutex::Mutex()
                0x00000000c000e458                Mutex::Mutex()
                0x00000000c000e46a                Process::createThread(void (*)(void*), void*, int)
                0x00000000c000e54e                Process::createUserThread()
                0x00000000c000e56a                setupMultitasking(void (*)())
                0x00000000c000e674                schedule()
                0x00000000c000e6f9                unlockStuff()
                0x00000000c000e72e                forkProcess(regs*)
                0x00000000c000e89c                Semaphore::tryAcquire()
                0x00000000c000e8ca                Semaphore::assertLocked(char const*)
                0x00000000c000e8fd                blockTaskWithSchedulerLockAlreadyHeld(TaskState)
                0x00000000c000e93f                blockTask(TaskState)
                0x00000000c000e960                waitTask(int, int*, int)
                0x00000000c000e9a2                nanoSleepUntil(unsigned long long)
                0x00000000c000e9f9                nanoSleep(unsigned long long)
                0x00000000c000ea0e                sleep(unsigned long long)
                0x00000000c000ea2c                Semaphore::acquire()
                0x00000000c000ea94                execveProcess(char const*, char* const*, char* const*)
                0x00000000c000eb22                taskReturned
                0x00000000c000eb64                unblockTask(ThreadControlBlock*)
                0x00000000c000ec13                cleanupTerminatedTask(ThreadControlBlock*)
                0x00000000c000eeb0                cleanerTaskFunction(void*)
                0x00000000c000ef40                terminateTask(int)
                0x00000000c000efc8                Semaphore::release()
 .text          0x00000000c000f0b4      0xd8a core/syscalls.32
                0x00000000c000f0b4                sysCallGetPID(regs*)
                0x00000000c000f0c0                sysCallSeekDir(regs*)
                0x00000000c000f0c5                sysCallTellDir(regs*)
                0x00000000c000f0ca                sysCallVerify(regs*)
                0x00000000c000f0d4                sysCallGetArgc(regs*)
                0x00000000c000f0e4                sysFormatDisk(regs*)
                0x00000000c000f14e                sysSetDiskVolumeLabel(regs*)
                0x00000000c000f194                sysGetDiskVolumeLabel(regs*)
                0x00000000c000f1e5                sysShutdown(regs*)
                0x00000000c000f22d                sysCallGetCwd(regs*)
                0x00000000c000f24c                sysCallSetCwd(regs*)
                0x00000000c000f268                sysCallRealpath(regs*)
                0x00000000c000f2ab                sysCallOpen(regs*)
                0x00000000c000f39b                sysCallReadDir(regs*)
                0x00000000c000f40a                sysCallIsATTY(regs*)
                0x00000000c000f45d                sysCallSeek(regs*)
                0x00000000c000f4ae                sysCallTell(regs*)
                0x00000000c000f4fa                sysCallSizeFromFilename(regs*)
                0x00000000c000f573                sysCallSize(regs*)
                0x00000000c000f5c5                sysCallClose(regs*)
                0x00000000c000f613                sysCallOpenDir(regs*)
                0x00000000c000f680                sysCallMakeDir(regs*)
                0x00000000c000f6d9                sysCallCloseDir(regs*)
                0x00000000c000f727                sysCallWait(regs*)
                0x00000000c000f741                sysCallFork(regs*)
                0x00000000c000f75d                sysCallExecve(regs*)
                0x00000000c000f7b2                sysCallRmdir(regs*)
                0x00000000c000f804                sysCallUnlink(regs*)
                0x00000000c000f856                sysCallGetArgv(regs*)
                0x00000000c000f8a2                sysCallTTYName(regs*)
                0x00000000c000f91e                sysCallGetEnv(regs*)
                0x00000000c000f970                sysCallUSleep(regs*)
                0x00000000c000f997                sysCallSpawn(regs*)
                0x00000000c000fa07                sysAppSettings(regs*)
                0x00000000c000fb26                sysSetFatAttrib(regs*)
                0x00000000c000fb86                sysPanic(regs*)
                0x00000000c000fbac                sysPipe(regs*)
                0x00000000c000fbf1                sysGetUnixTime(regs*)
                0x00000000c000fc05                string_ends_with(char const*, char const*)
                0x00000000c000fc4d                setupSystemCalls()
                0x00000000c000fdfc                systemCall(regs*, void*)
 .text          0x00000000c000fe3e      0xf65 core/terminal.32
                0x00000000c000fe3e                VgaText::isAtty()
                0x00000000c000fe42                VgaText::~VgaText()
                0x00000000c000fe42                VgaText::~VgaText()
                0x00000000c000fe66                VgaText::~VgaText()
                0x00000000c000fe90                VgaText::read(unsigned long long, void*, int*)
                0x00000000c000feb0                setTerminalScrollLock(bool)
                0x00000000c000feb1                addToTerminalCycle(VgaText*)
                0x00000000c000fede                installVgaTextImplementation()
                0x00000000c000fef3                scrollTerminalScrollLock(int)
                0x00000000c000fef4                VgaText::load()
                0x00000000c000ff48                VgaText::updateCursor()
                0x00000000c000ff62                VgaText::showCursor(bool)
                0x00000000c000ff72                VgaText::disableBlink(bool)
                0x00000000c000ffac                VgaText::doANSI_SGR(int)
                0x00000000c0010038                VgaText::setDefaultBgColour(VgaColour)
                0x00000000c001004e                VgaText::setDefaultFgColour(VgaColour)
                0x00000000c0010064                VgaText::setDefaultColours(VgaColour, VgaColour)
                0x00000000c0010084                VgaText::combineColours(unsigned char, unsigned char)
                0x00000000c0010096                VgaText::scrollScreen()
                0x00000000c001012a                VgaText::combineCharAndColour(char, unsigned char)
                0x00000000c001013c                VgaText::writeCharacter(char, VgaColour, VgaColour, int, int)
                0x00000000c001019c                VgaText::getCursorX()
                0x00000000c00101a8                VgaText::getCursorY()
                0x00000000c00101b4                VgaText::setCursor(int, int)
                0x00000000c00101d2                VgaText::setCursorX(int)
                0x00000000c00101ee                VgaText::setCursorY(int)
                0x00000000c001020a                VgaText::incrementCursor(bool)
                0x00000000c0010272                VgaText::updateRAMUsageDisplay(int)
                0x00000000c00102cc                VgaText::updateDiskUsage()
                0x00000000c0010432                VgaText::updateTitle()
                0x00000000c0010478                VgaText::setTitleTextColour(VgaColour)
                0x00000000c0010488                VgaText::setTitleColour(VgaColour)
                0x00000000c0010498                VgaText::setTitle(char*)
                0x00000000c00104be                VgaText::decrementCursor(bool)
                0x00000000c00104e6                VgaText::putchar(char, VgaColour, VgaColour)
                0x00000000c00105e2                VgaText::isShowingCursor()
                0x00000000c00105ee                VgaText::isBlinkDisabled()
                0x00000000c00105fc                VgaText::setCursorHeight(int)
                0x00000000c001061a                VgaText::getCursorHeight()
                0x00000000c0010625                setActiveTerminal(VgaText*)
                0x00000000c00106d7                doTerminalCycle()
                0x00000000c00106f4                VgaText::doUpdate()
                0x00000000c0010706                VgaText::puts(char const*, VgaColour, VgaColour)
                0x00000000c00108c6                VgaText::clearScreen()
                0x00000000c001092a                VgaText::putchar(char)
                0x00000000c0010a44                VgaText::puts(char const*)
                0x00000000c0010a6a                VgaText::putx(unsigned int)
                0x00000000c0010ab0                VgaText::VgaText(char const*)
                0x00000000c0010ab0                VgaText::VgaText(char const*)
                0x00000000c0010c42                VgaText::receiveKey(unsigned char)
                0x00000000c0010d2a                VgaText::write(unsigned long long, void*, int*)
                0x00000000c0010d7e                newTerminal(char*)
 *fill*         0x00000000c0010da3        0x1 
 .text          0x00000000c0010da4      0x18f core/tss.32
                0x00000000c0010da4                TSS::TSS()
                0x00000000c0010da4                TSS::TSS()
                0x00000000c0010db2                TSS::setESP(unsigned long)
                0x00000000c0010dc4                TSS::flush()
                0x00000000c0010de4                TSS::setup(unsigned long, unsigned long)
 *fill*         0x00000000c0010f33        0x1 
 .text          0x00000000c0010f34      0x32f core/unixfile.32
                0x00000000c0010f34                ReservedFilename::isAtty()
                0x00000000c0010f4a                ReservedFilename::read(unsigned long long, void*, int*)
                0x00000000c0010fdc                ReservedFilename::write(unsigned long long, void*, int*)
                0x00000000c0011072                UnixFile::getFileDescriptor()
                0x00000000c001107a                UnixFile::UnixFile(int)
                0x00000000c001107a                UnixFile::UnixFile(int)
                0x00000000c00110b6                ReservedFilename::ReservedFilename(int)
                0x00000000c00110b6                ReservedFilename::ReservedFilename(int)
                0x00000000c00110de                UnixFile::~UnixFile()
                0x00000000c00110de                UnixFile::~UnixFile()
                0x00000000c0011164                UnixFile::~UnixFile()
                0x00000000c001118c                ReservedFilename::~ReservedFilename()
                0x00000000c001118c                ReservedFilename::~ReservedFilename()
                0x00000000c00111b0                ReservedFilename::~ReservedFilename()
                0x00000000c00111d7                getFromFileDescriptor(int)
 *fill*         0x00000000c0011263        0x1 
 .text          0x00000000c0011264     0x1175 core/virtmgr.32
                0x00000000c0011264                Virt::setPageState(unsigned long, Virt::VirtPageState)
                0x00000000c0011299                Virt::getPageState(unsigned long)
                0x00000000c00112bd                Virt::allocateKernelVirtualPages(int)
                0x00000000c00113ce                Virt::virtualMemorySetup()
                0x00000000c001144d                Virt::getAKernelVAS()
                0x00000000c0011453                Virt::setupPageSwapping(int)
                0x00000000c0011578                VAS::VAS()
                0x00000000c0011578                VAS::VAS()
                0x00000000c00115a8                VAS::getForeignPageTableEntry(bool, unsigned long)
                0x00000000c00115d4                VAS::getPageTableEntry(unsigned long)
                0x00000000c00115f3                Virt::freeKernelVirtualPages(unsigned long)
                0x00000000c0011716                VAS::freeAllocatedPages(unsigned long)
                0x00000000c001173a                VAS::virtualToPhysical(unsigned long)
                0x00000000c0011752                VAS::mapOtherVASIn(bool, VAS*)
                0x00000000c0011788                VAS::~VAS()
                0x00000000c0011788                VAS::~VAS()
                0x00000000c00118f4                VAS::mapPage(unsigned long, unsigned long, int)
                0x00000000c00119f4                VAS::allocatePages(int, int)
                0x00000000c0011bc4                VAS::setCPUSpecific(unsigned long)
                0x00000000c0011be0                VAS::mapRange(unsigned long, unsigned long, int, int)
                0x00000000c0011caa                VAS::VAS(VAS*)
                0x00000000c0011caa                VAS::VAS(VAS*)
                0x00000000c0011ff4                VAS::mapForeignPage(bool, VAS*, unsigned long, unsigned long, int)
                0x00000000c00120e2                VAS::VAS(bool)
                0x00000000c00120e2                VAS::VAS(bool)
                0x00000000c0012312                mapVASFirstTime
 .text          0x00000000c00123d9       0x93 coreobjs/c++.32
                0x00000000c00123d9                __cxa_atexit
                0x00000000c00123dc                __cxa_finalize
                0x00000000c00123dd                __stack_chk_fail
                0x00000000c001243d                __cxa_pure_virtual
                0x00000000c001244e                operator new(unsigned long)
                0x00000000c0012453                operator new[](unsigned long)
                0x00000000c0012458                operator delete(void*)
                0x00000000c001245d                operator delete(void*, unsigned long)
                0x00000000c0012462                operator delete[](void*)
                0x00000000c0012467                operator delete[](void*, unsigned long)
 .text          0x00000000c001246c        0x0 debugger/debug.32
 .text          0x00000000c001246c      0xb68 fs/vfs.32
                0x00000000c001246c                File::read(unsigned long long, void*, int*)
                0x00000000c00124c4                File::write(unsigned long long, void*, int*)
                0x00000000c001251c                Directory::read(unsigned long long, void*, int*)
                0x00000000c0012574                Directory::write(unsigned long long, void*, int*)
                0x00000000c00125a2                File::isAtty()
                0x00000000c00125a6                Directory::isAtty()
                0x00000000c00125aa                Filesystem::getlabel(LogicalDisk*, int, char*, unsigned int*)
                0x00000000c00125b0                Filesystem::setlabel(LogicalDisk*, int, char*)
                0x00000000c00125b6                File::~File()
                0x00000000c00125b6                File::~File()
                0x00000000c00125da                File::~File()
                0x00000000c0012604                Directory::~Directory()
                0x00000000c0012604                Directory::~Directory()
                0x00000000c0012628                Directory::~Directory()
                0x00000000c0012652                Filesystem::Filesystem()
                0x00000000c0012652                Filesystem::Filesystem()
                0x00000000c0012676                Filesystem::~Filesystem()
                0x00000000c0012676                Filesystem::~Filesystem()
                0x00000000c0012684                Filesystem::~Filesystem()
                0x00000000c00126a8                initVFS()
                0x00000000c00126d2                standardiseFiles(char*, char const*, char const*)
                0x00000000c001287c                File::File(char const*, Process*)
                0x00000000c001287c                File::File(char const*, Process*)
                0x00000000c00128e0                File::open(FileOpenMode)
                0x00000000c001293e                File::close()
                0x00000000c001299e                File::seek(unsigned long long)
                0x00000000c00129f4                File::tell(unsigned long long*)
                0x00000000c0012a44                File::rewind()
                0x00000000c0012a58                File::unlink()
                0x00000000c0012aa4                File::rename(char const*)
                0x00000000c0012af2                File::chfatattr(unsigned char, unsigned char)
                0x00000000c0012b4e                File::exists()
                0x00000000c0012b8c                File::stat(unsigned long long*, bool*)
                0x00000000c0012bed                getcwd(Process*, char*, int)
                0x00000000c0012c17                setcwd(Process*, char*)
                0x00000000c0012d3e                Directory::Directory(char const*, Process*)
                0x00000000c0012d3e                Directory::Directory(char const*, Process*)
                0x00000000c0012da2                Directory::open()
                0x00000000c0012dfe                Directory::close()
                0x00000000c0012e5e                Directory::unlink()
                0x00000000c0012eaa                Directory::rename(char const*)
                0x00000000c0012ef8                Directory::exists()
                0x00000000c0012f36                Directory::read(dirent*)
                0x00000000c0012f82                Directory::create()
                0x00000000c0012fce                Filesystem::chfatattr(char const*, unsigned char, unsigned char)
 .text          0x00000000c0012fd4       0x84 hal/bus.32
                0x00000000c0012fd4                Bus::Bus(char const*)
                0x00000000c0012fd4                Bus::Bus(char const*)
                0x00000000c001300a                Bus::~Bus()
                0x00000000c001300a                Bus::~Bus()
                0x00000000c001302e                Bus::~Bus()
 .text          0x00000000c0013058      0x14e hal/buzzer.32
                0x00000000c0013058                Buzzer::Buzzer(char const*)
                0x00000000c0013058                Buzzer::Buzzer(char const*)
                0x00000000c001309c                Buzzer::~Buzzer()
                0x00000000c001309c                Buzzer::~Buzzer()
                0x00000000c00130c0                Buzzer::~Buzzer()
                0x00000000c00130ea                Buzzer::stop()
                0x00000000c00130fd                beepThread(void*)
                0x00000000c0013138                Buzzer::beep(int, int, bool)
 .text          0x00000000c00131a6      0x42f hal/clock.32
                0x00000000c00131a6                loadClockSettings()
                0x00000000c00131c0                Clock::Clock(char const*)
                0x00000000c00131c0                Clock::Clock(char const*)
                0x00000000c00131f6                Clock::~Clock()
                0x00000000c00131f6                Clock::~Clock()
                0x00000000c001321a                Clock::~Clock()
                0x00000000c0013244                Clock::timeInSecondsLocal()
                0x00000000c001328c                Clock::setTimeInSecondsLocal(unsigned long long)
                0x00000000c00132e5                datetimeToSeconds(datetime_t)
                0x00000000c001340c                Clock::setTimeInDatetimeLocal(datetime_t)
                0x00000000c001346c                secondsToDatetime(unsigned long long)
                0x00000000c00135b0                Clock::timeInDatetimeLocal()
 *fill*         0x00000000c00135d5        0x1 
 .text          0x00000000c00135d6      0x504 hal/device.32
                0x00000000c00135d6                Device::hibernate()
                0x00000000c00135d8                Device::wake()
                0x00000000c00135da                Device::detect()
                0x00000000c00135dc                Device::disableLegacy()
                0x00000000c00135de                Device::powerSaving(PowerSavingLevel)
                0x00000000c00135e0                DriverlessDevice::close(int, int, void*)
                0x00000000c00135e4                DriverlessDevice::detect()
                0x00000000c00135e6                DriverlessDevice::open(int, int, void*)
                0x00000000c00135fa                Device::~Device()
                0x00000000c00135fa                Device::~Device()
                0x00000000c0013608                Device::~Device()
                0x00000000c0013630                Device::findAndLoadDriver()
                0x00000000c0013632                Device::preOpenPCI(PCIDeviceInfo)
                0x00000000c0013658                Device::preOpenACPI(void*, char*, char*)
                0x00000000c00136ac                Device::addIRQHandler(int, void (*)(regs*, void*), bool, void*)
                0x00000000c001370a                Device::removeIRQHandler(int, void (*)(regs*, void*), bool)
                0x00000000c0013758                Device::addChild(Device*)
                0x00000000c001379c                Device::removeAllChildren()
                0x00000000c00137e2                Device::hibernateAll()
                0x00000000c0013812                Device::wakeAll()
                0x00000000c0013842                Device::detectAll()
                0x00000000c0013872                Device::disableLegacyAll()
                0x00000000c00138a2                Device::loadDriversForAll()
                0x00000000c00138ce                Device::closeAll()
                0x00000000c0013904                Device::powerSavingAll(PowerSavingLevel)
                0x00000000c001393a                Device::setName(char const*)
                0x00000000c0013948                Device::Device(char const*)
                0x00000000c0013948                Device::Device(char const*)
                0x00000000c0013a3a                Device::getName()
                0x00000000c0013a44                DriverlessDevice::DriverlessDevice(char const*)
                0x00000000c0013a44                DriverlessDevice::DriverlessDevice(char const*)
                0x00000000c0013a6c                Device::addToLinkedList(LinkedList<Device>&, DeviceType)
                0x00000000c0013ab0                getDevicesOfType(DeviceType)
 .text          0x00000000c0013ada       0x84 hal/diskctrl.32
                0x00000000c0013ada                HardDiskController::HardDiskController(char const*)
                0x00000000c0013ada                HardDiskController::HardDiskController(char const*)
                0x00000000c0013b10                HardDiskController::~HardDiskController()
                0x00000000c0013b10                HardDiskController::~HardDiskController()
                0x00000000c0013b34                HardDiskController::~HardDiskController()
 .text          0x00000000c0013b5e       0xde hal/diskphys.32
                0x00000000c0013b5e                PhysicalDisk::PhysicalDisk(char const*, int)
                0x00000000c0013b5e                PhysicalDisk::PhysicalDisk(char const*, int)
                0x00000000c0013bc6                PhysicalDisk::startCache()
                0x00000000c0013bee                PhysicalDisk::~PhysicalDisk()
                0x00000000c0013bee                PhysicalDisk::~PhysicalDisk()
                0x00000000c0013c12                PhysicalDisk::~PhysicalDisk()
 .text          0x00000000c0013c3c      0x128 hal/fpu.32
                0x00000000c0013c3c                FPU::FPU(char const*)
                0x00000000c0013c3c                FPU::FPU(char const*)
                0x00000000c0013c72                FPU::~FPU()
                0x00000000c0013c72                FPU::~FPU()
                0x00000000c0013c96                FPU::~FPU()
                0x00000000c0013cc0                setupFPU()
 .text          0x00000000c0013d64      0xb89 hal/intctrl.32
                0x00000000c0013d64                InterruptController::uninstallISRHandler(int, void (*)(regs*, void*))
                0x00000000c0013d9c                InterruptController::installISRHandler(int, void (*)(regs*, void*), void*)
                0x00000000c0013dee                doubleFault(regs*, void*)
                0x00000000c0013dfc                InterruptController::installIRQHandler(int, void (*)(regs*, void*), bool, void*)
                0x00000000c0013e98                InterruptController::clearAllHandlers(int, bool)
                0x00000000c0013f40                InterruptController::uninstallIRQHandler(int, void (*)(regs*, void*), bool)
                0x00000000c0013fc7                nmiHandler(regs*, void*)
                0x00000000c0013fd5                int_handler
                0x00000000c0014070                InterruptController::InterruptController(char const*)
                0x00000000c0014070                InterruptController::InterruptController(char const*)
                0x00000000c0014116                InterruptController::~InterruptController()
                0x00000000c0014116                InterruptController::~InterruptController()
                0x00000000c001413a                InterruptController::~InterruptController()
                0x00000000c0014164                displayDebugInfo(regs*)
                0x00000000c0014546                gpFault(regs*, void*)
                0x00000000c001457f                pgFault(regs*, void*)
                0x00000000c0014596                otherISRHandler(regs*, void*)
                0x00000000c00145b5                opcodeFault(regs*, void*)
                0x00000000c001461f                displayProgramFault(char const*)
                0x00000000c0014648                InterruptController::convertLegacyIRQNumber(int)
                0x00000000c0014692                setupInterruptController()
 *fill*         0x00000000c00148ed        0x1 
 .text          0x00000000c00148ee      0x604 hal/keybrd.32
                0x00000000c00148ee                startGUI(void*)
                0x00000000c001495c                sendKeyToTerminal(unsigned char)
                0x00000000c00149c8                sendKeyboardToken(KeyboardToken)
                0x00000000c0014da3                clearInternalKeybuffer(VgaText*)
                0x00000000c0014dd8                readKeyboard(VgaText*, char*, unsigned long)
                0x00000000c0014e68                Keyboard::Keyboard(char const*)
                0x00000000c0014e68                Keyboard::Keyboard(char const*)
                0x00000000c0014ea4                Keyboard::~Keyboard()
                0x00000000c0014ea4                Keyboard::~Keyboard()
                0x00000000c0014ec8                Keyboard::~Keyboard()
 .text          0x00000000c0014ef2      0x400 hal/logidisk.32
                0x00000000c0014ef2                LogicalDisk::close(int, int, void*)
                0x00000000c0014ef6                LogicalDisk::~LogicalDisk()
                0x00000000c0014ef6                LogicalDisk::~LogicalDisk()
                0x00000000c0014f1a                LogicalDisk::~LogicalDisk()
                0x00000000c0014f44                LogicalDisk::open(int, int, void*)
                0x00000000c0014f58                LogicalDisk::absoluteToRelative(unsigned long long)
                0x00000000c0014f90                LogicalDisk::relativeToAbsolute(unsigned long long)
                0x00000000c0014fd6                LogicalDisk::LogicalDisk(char const*, PhysicalDisk*, unsigned long long, unsigned long long)
                0x00000000c0014fd6                LogicalDisk::LogicalDisk(char const*, PhysicalDisk*, unsigned long long, unsigned long long)
                0x00000000c001508c                LogicalDisk::assignDriveLetter()
                0x00000000c0015142                LogicalDisk::mount()
                0x00000000c00151b4                LogicalDisk::unmount()
                0x00000000c00151c4                LogicalDisk::unassignDriveLetter()
                0x00000000c001521a                LogicalDisk::read(unsigned long long, int, void*)
                0x00000000c0015286                LogicalDisk::write(unsigned long long, int, void*)
 .text          0x00000000c00152f2       0x84 hal/mouse.32
                0x00000000c00152f2                Mouse::Mouse(char const*)
                0x00000000c00152f2                Mouse::Mouse(char const*)
                0x00000000c0015328                Mouse::~Mouse()
                0x00000000c0015328                Mouse::~Mouse()
                0x00000000c001534c                Mouse::~Mouse()
 .text          0x00000000c0015376      0x339 hal/partition.32
                0x00000000c0015376                makePartition(PhysicalDisk*, unsigned long long, unsigned long long)
                0x00000000c001541e                createPartitionsForDisk(PhysicalDisk*)
 *fill*         0x00000000c00156af        0x1 
 .text          0x00000000c00156b0      0x2e7 hal/timer.32
                0x00000000c00156b0                Timer::Timer(char const*)
                0x00000000c00156b0                Timer::Timer(char const*)
                0x00000000c00156e6                Timer::~Timer()
                0x00000000c00156e6                Timer::~Timer()
                0x00000000c001570a                Timer::~Timer()
                0x00000000c0015734                Timer::read()
                0x00000000c001573f                timerHandler(unsigned long long)
                0x00000000c0015876                setupTimer(int)
 *fill*         0x00000000c0015997        0x1 
 .text          0x00000000c0015998      0x2d1 hal/vcache.32
                0x00000000c0015998                VCache::VCache(PhysicalDisk*)
                0x00000000c0015998                VCache::VCache(PhysicalDisk*)
                0x00000000c0015a88                VCache::writeWriteBuffer()
                0x00000000c0015ac4                VCache::~VCache()
                0x00000000c0015ac4                VCache::~VCache()
                0x00000000c0015b04                VCache::~VCache()
                0x00000000c0015b2c                VCache::write(unsigned long long, int, void*)
                0x00000000c0015c10                VCache::read(unsigned long long, int, void*)
 *fill*         0x00000000c0015c69        0x1 
 .text          0x00000000c0015c6a      0x26d hal/video.32
                0x00000000c0015c6a                Video::putrect(int, int, int, int, unsigned int)
                0x00000000c0015cb4                Video::blit(unsigned int*, int, int, int, int)
                0x00000000c0015d32                Video::clearScreen(unsigned int)
                0x00000000c0015d66                Video::putpixel(int, int, unsigned int)
                0x00000000c0015d74                Video::Video(char const*)
                0x00000000c0015d74                Video::Video(char const*)
                0x00000000c0015daa                Video::~Video()
                0x00000000c0015daa                Video::~Video()
                0x00000000c0015dce                Video::~Video()
                0x00000000c0015df8                Video::isMonochrome()
                0x00000000c0015e04                Video::getWidth()
                0x00000000c0015e10                Video::getHeight()
                0x00000000c0015e1c                Video::drawCursor(int, int, unsigned char*, int)
 *fill*         0x00000000c0015ed7        0x1 
 .text          0x00000000c0015ed8      0xc56 hw/acpi.32
                0x00000000c0015ed8                ACPI::close(int, int, void*)
                0x00000000c0015f8d                findRSDP()
                0x00000000c0016017                loadACPITables(unsigned char*)
                0x00000000c001623e                findRSDT(unsigned char*)
                0x00000000c001635c                findDataTable(unsigned char*, char*)
                0x00000000c00163f8                scanMADT()
                0x00000000c001678c                ACPI::ACPI()
                0x00000000c001678c                ACPI::ACPI()
                0x00000000c00167ec                ACPI::getPCIIRQAssignment(unsigned char, unsigned short, unsigned char)
                0x00000000c00168ce                ACPI::registerPCIIRQAssignment(void*, unsigned short, unsigned char, unsigned char)
                0x00000000c0016994                ACPI::setScreenBrightnessLevel(void*, int)
                0x00000000c001699a                ACPI::writeSimpleBootFlag(SimpleBootFlagTable*)
                0x00000000c00169e2                ACPI::open(int, int, void*)
                0x00000000c0016b16                ACPI::sleep()
 .text          0x00000000c0016b2e     0x132c hw/cpu.32
                0x00000000c0016b2e                CPU::close(int, int, void*)
                0x00000000c0016b31                lookupAMDCPUName(unsigned char, unsigned char)
                0x00000000c0016cc5                lookupIntelCPUName(unsigned char, unsigned char)
                0x00000000c0016f73                AMD_K6_write_msr(unsigned int, unsigned int, unsigned int, REGS*)
                0x00000000c0016f8f                AMD_K6_read_msr(unsigned int, REGS*)
                0x00000000c0016fa7                AMD_K6_writeback(int, int, int)
                0x00000000c001701a                cpuid(int, unsigned long*, unsigned long*, unsigned long*, unsigned long*)
                0x00000000c001709d                cpuidCheckEDX(unsigned int)
                0x00000000c00170ca                cpuidCheckECX(unsigned int)
                0x00000000c00170f7                cpuidCheckExtendedEBX(unsigned int)
                0x00000000c0017124                cpuidCheckExtendedECX(unsigned int)
                0x00000000c0017151                getCPUNumber()
                0x00000000c0017154                thisCPU()
                0x00000000c0017168                CPU::CPU()
                0x00000000c0017168                CPU::CPU()
                0x00000000c00171f6                CPU::displayFeatures()
                0x00000000c00171f8                CPU::detectFeatures()
                0x00000000c0017bea                CPU::setupSMEP()
                0x00000000c0017c04                CPU::setupUMIP()
                0x00000000c0017c1c                CPU::setupTSC()
                0x00000000c0017c34                CPU::setupLargePages()
                0x00000000c0017c4c                CPU::setupPAT()
                0x00000000c0017c88                CPU::setupMTRR()
                0x00000000c0017c8a                CPU::setupGlobalPages()
                0x00000000c0017ca0                CPU::allowUsermodeDataAccess()
                0x00000000c0017cb2                CPU::prohibitUsermodeDataAccess()
                0x00000000c0017cc4                CPU::setupSMAP()
                0x00000000c0017cea                CPU::setupFeatures()
                0x00000000c0017d8c                CPU::open(int, int, void*)
 .text          0x00000000c0017e5a        0x0 hw/ports.32
 .text          0x00000000c0017e5a      0x503 registry/registry.32
                0x00000000c0017e5a                Reg::findLineFromLoadedData(char*, char*, char*)
                0x00000000c0017fb2                Reg::getLineFromRegistry(char*, char*, char*, char*)
                0x00000000c0018111                Reg::getLine(char*, char*, char*)
                0x00000000c0018148                Reg::readInt(char*, char*, int*)
                0x00000000c0018233                Reg::readString(char*, char*, char*, int)
                0x00000000c00182b4                Reg::readBool(char*, char*, bool*)
                0x00000000c00182d9                Reg::readBoolWithDefault(char*, char*, bool)
                0x00000000c0018305                Reg::readIntWithDefault(char*, char*, int)
                0x00000000c0018331                Reg::readStringWithDefault(char*, char*, char*, int, char*)
 .text          0x00000000c001835d       0x18 syscalls/sc_exit.32
                0x00000000c001835d                Sys::exit(regs*)
 .text          0x00000000c0018375       0x68 syscalls/sc_read.32
                0x00000000c0018375                Sys::read(regs*)
 .text          0x00000000c00183dd       0x55 syscalls/sc_sbrk.32
                0x00000000c00183dd                Sys::sbrk(regs*)
 .text          0x00000000c0018432       0x68 syscalls/sc_write.32
                0x00000000c0018432                Sys::write(regs*)
 .text          0x00000000c001849a       0x1a syscalls/sc_yield.32
                0x00000000c001849a                Sys::yield(regs*)
 .text          0x00000000c00184b4      0x8bf vm86/vm8086.32
                0x00000000c00184b4                vm8086EntryPoint(void*)
                0x00000000c00184df                inbv(unsigned short)
                0x00000000c00184e5                outbv(unsigned short, unsigned char)
                0x00000000c00184ef                realToLinear(unsigned short, unsigned short)
                0x00000000c00184ff                getSegment(unsigned int)
                0x00000000c0018507                getOffset(unsigned int)
                0x00000000c001850c                loadVM8086FileAsThread(Process*, char const*, unsigned short, unsigned short, unsigned short, unsigned short)
                0x00000000c001863b                vm8086DoISR(regs*, int, unsigned char*, unsigned short, unsigned short)
                0x00000000c00186c5                readByteFromReal(unsigned short, unsigned short)
                0x00000000c00186d6                readWordFromReal(unsigned short, unsigned short)
                0x00000000c00186e8                readDwordFromReal(unsigned short, unsigned short)
                0x00000000c00186f9                writeByteFromReal(unsigned short, unsigned short, unsigned char)
                0x00000000c001870e                writeWordFromReal(unsigned short, unsigned short, unsigned short)
                0x00000000c0018724                writeDwordFromReal(unsigned short, unsigned short, unsigned int)
                0x00000000c0018739                vm8086FaultHandler(regs*)
 *fill*         0x00000000c0018d73        0x1 
 .text          0x00000000c0018d74     0x1088 fs/fat/vfslink.32
                0x00000000c0018d74                FAT::getName()
                0x00000000c0018d7a                FAT::tell(void*, unsigned long long*)
                0x00000000c0018dae                FAT::stat(void*, unsigned long long*)
                0x00000000c0018de2                FAT::exists(char const*)
                0x00000000c0018de6                FAT::~FAT()
                0x00000000c0018de6                FAT::~FAT()
                0x00000000c0018e0a                FAT::~FAT()
                0x00000000c0018e32                FAT::getlabel(LogicalDisk*, int, char*, unsigned int*)
                0x00000000c0018ed0                FAT::setlabel(LogicalDisk*, int, char*)
                0x00000000c0018f8a                FAT::format(LogicalDisk*, int, char const*, int)
                0x00000000c001916e                FAT::tryMount(LogicalDisk*, int)
                0x00000000c0019374                FAT::readDir(void*, unsigned long, void*, int*)
                0x00000000c001947c                FAT::read(void*, unsigned long, void*, int*)
                0x00000000c00194d6                FAT::write(void*, unsigned long, void*, int*)
                0x00000000c0019530                FAT::close(void*)
                0x00000000c001957c                FAT::closeDir(void*)
                0x00000000c00195c8                FAT::seek(void*, unsigned long long)
                0x00000000c001961c                fatWrapperReadDisk
                0x00000000c0019663                fatWrapperWriteDisk
                0x00000000c00196aa                fatWrapperIoctl
                0x00000000c00197ae                FAT::FAT()
                0x00000000c00197ae                FAT::FAT()
                0x00000000c0019800                FAT::fixFilepath(char*)
                0x00000000c0019838                FAT::open(char const*, void**, FileOpenMode)
                0x00000000c0019960                FAT::openDir(char const*, void**)
                0x00000000c0019a06                FAT::stat(char const*, unsigned long long*, bool*)
                0x00000000c0019af0                FAT::unlink(char const*)
                0x00000000c0019b6a                FAT::chfatattr(char const*, unsigned char, unsigned char)
                0x00000000c0019cbe                FAT::rename(char const*, char const*)
                0x00000000c0019d82                FAT::mkdir(char const*)
 .text          0x00000000c0019dfc      0xbdf fs/iso9660/vfslink.32
                0x00000000c0019dfc                ISO9660::format(LogicalDisk*, int, char const*, int)
                0x00000000c0019e02                ISO9660::seek(void*, unsigned long long)
                0x00000000c0019e32                ISO9660::tell(void*, unsigned long long*)
                0x00000000c0019e56                ISO9660::getName()
                0x00000000c0019e5c                ISO9660::stat(void*, unsigned long long*)
                0x00000000c0019e80                ISO9660::chfatattr(char const*, unsigned char, unsigned char)
                0x00000000c0019e86                ISO9660::unlink(char const*)
                0x00000000c0019e8c                ISO9660::write(void*, unsigned long, void*, int*)
                0x00000000c0019e92                ISO9660::rename(char const*, char const*)
                0x00000000c0019e98                ISO9660::mkdir(char const*)
                0x00000000c0019e9e                ISO9660::close(void*)
                0x00000000c0019ec0                ISO9660::closeDir(void*)
                0x00000000c0019ee2                ISO9660::~ISO9660()
                0x00000000c0019ee2                ISO9660::~ISO9660()
                0x00000000c0019f06                ISO9660::~ISO9660()
                0x00000000c0019f2d                __memmem(unsigned char*, int, unsigned char*, int)
                0x00000000c0019f6f                readSectorFromCDROM(unsigned int, unsigned char*, char)
                0x00000000c0019fd6                ISO9660::tryMount(LogicalDisk*, int)
                0x00000000c001a026                ISO9660::read(void*, unsigned long, void*, int*)
                0x00000000c001a26a                ISO9660::readDir(void*, unsigned long, void*, int*)
                0x00000000c001a4f8                readRoot(unsigned int*, unsigned int*, char)
                0x00000000c001a54d                readRecursively(char*, unsigned int, unsigned int, unsigned int*, unsigned int*, char, int*)
                0x00000000c001a720                getFileData(char*, unsigned int*, unsigned int*, char, int*)
                0x00000000c001a7ae                ISO9660::open(char const*, void**, FileOpenMode)
                0x00000000c001a848                ISO9660::exists(char const*)
                0x00000000c001a86c                ISO9660::stat(char const*, unsigned long long*, bool*)
                0x00000000c001a900                ISO9660::openDir(char const*, void**)
                0x00000000c001a9b8                ISO9660::ISO9660()
                0x00000000c001a9b8                ISO9660::ISO9660()
 *fill*         0x00000000c001a9db        0x1 
 .text          0x00000000c001a9dc      0x244 hal/sound/sndchannel.32
                0x00000000c001a9dc                SoundChannel::~SoundChannel()
                0x00000000c001a9dc                SoundChannel::~SoundChannel()
                0x00000000c001a9f8                SoundChannel::setSpeed(float)
                0x00000000c001aa04                SoundChannel::getSpeed()
                0x00000000c001aa0c                SoundChannel::setVolume(int)
                0x00000000c001aa28                SoundChannel::getVolume()
                0x00000000c001aa30                SoundChannel::pause()
                0x00000000c001aa3a                SoundChannel::SoundChannel(int, int, int, int)
                0x00000000c001aa3a                SoundChannel::SoundChannel(int, int, int, int)
                0x00000000c001ab30                SoundChannel::play()
                0x00000000c001ab3a                SoundChannel::paused()
                0x00000000c001ab42                SoundChannel::getSampleRate()
                0x00000000c001ab4a                SoundChannel::getBits()
                0x00000000c001ab52                SoundChannel::getBufferUsed()
                0x00000000c001ab5a                SoundChannel::getBufferSize()
                0x00000000c001ab62                SoundChannel::unbuffer(float*, int, int)
                0x00000000c001abd4                SoundChannel::buffer8(unsigned char*, int)
 .text          0x00000000c001ac20      0x317 hal/sound/sndhw.32
                0x00000000c001ac20                SoundDevice::SoundDevice(char const*)
                0x00000000c001ac20                SoundDevice::SoundDevice(char const*)
                0x00000000c001ac8c                SoundDevice::~SoundDevice()
                0x00000000c001ac8c                SoundDevice::~SoundDevice()
                0x00000000c001ad06                SoundDevice::~SoundDevice()
                0x00000000c001ad30                SoundDevice::getFreeChannelNum()
                0x00000000c001ad4a                SoundDevice::addChannel(SoundChannel*)
                0x00000000c001adba                SoundDevice::removeChannel(int)
                0x00000000c001adec                SoundDevice::floatTo8(float*, unsigned char*, int)
                0x00000000c001ae58                SoundDevice::getAudio(int, float*, float*)
 .text          0x00000000c001af37        0x0 hw/bus/isa.32
 *fill*         0x00000000c001af37        0x1 
 .text          0x00000000c001af38      0x6e5 hw/bus/pci.32
                0x00000000c001af38                PCI::open(int, int, void*)
                0x00000000c001af4c                PCI::close(int, int, void*)
                0x00000000c001af50                PCI::PCI()
                0x00000000c001af50                PCI::PCI()
                0x00000000c001afd0                PCI::pciReadWord(unsigned char, unsigned char, unsigned char, unsigned char)
                0x00000000c001b018                PCI::getVendorID(unsigned char, unsigned char, unsigned char)
                0x00000000c001b03a                PCI::getHeaderType(unsigned char, unsigned char, unsigned char)
                0x00000000c001b05e                PCI::getClassCode(unsigned char, unsigned char, unsigned char)
                0x00000000c001b0a2                PCI::getProgIF(unsigned char, unsigned char, unsigned char)
                0x00000000c001b0c6                PCI::getRevisionID(unsigned char, unsigned char, unsigned char)
                0x00000000c001b0e8                PCI::getInterruptNumber(unsigned char, unsigned char, unsigned char)
                0x00000000c001b10a                PCI::getSecondaryBus(unsigned char, unsigned char, unsigned char)
                0x00000000c001b12e                PCI::getBARAddress(unsigned char, unsigned char, unsigned char, unsigned char)
                0x00000000c001b18e                PCI::pciWriteWord(unsigned char, unsigned char, unsigned char, unsigned char, unsigned short)
                0x00000000c001b1fa                PCI::checkBus(unsigned char)
                0x00000000c001b21e                PCI::foundDevice(PCIDeviceInfo)
                0x00000000c001b38e                PCI::getDeviceData(unsigned char, unsigned char, unsigned char)
                0x00000000c001b55e                PCI::checkDevice(unsigned char, unsigned char)
                0x00000000c001b5ca                PCI::detect()
 *fill*         0x00000000c001b61d        0x1 
 .text          0x00000000c001b61e      0x4b9 hw/clock/rtc.32
                0x00000000c001b61e                RTC::open(int, int, void*)
                0x00000000c001b622                RTC::close(int, int, void*)
                0x00000000c001b626                RTC::timeInSecondsUTC()
                0x00000000c001b638                RTC::setTimeInDatetimeUTC(datetime_t)
                0x00000000c001b63c                RTC::timeInDatetimeUTC()
                0x00000000c001b662                RTC::setTimeInSecondsUTC(unsigned long long)
                0x00000000c001b6a0                RTC::~RTC()
                0x00000000c001b6a0                RTC::~RTC()
                0x00000000c001b6c4                RTC::~RTC()
                0x00000000c001b6ee                RTC::get_update_in_progress_flag()
                0x00000000c001b706                RTC::completeRTCRefresh()
                0x00000000c001b9f2                rtcIRQHandler(regs*, void*)
                0x00000000c001ba38                RTC::RTC()
                0x00000000c001ba38                RTC::RTC()
 *fill*         0x00000000c001bad7        0x1 
 .text          0x00000000c001bad8      0xc70 hw/diskctrl/ide.32
                0x00000000c001bad8                IDE::close(int, int, void*)
                0x00000000c001badc                IDE::IDE()
                0x00000000c001badc                IDE::IDE()
                0x00000000c001bb10                IDE::prepareInterrupt(unsigned char)
                0x00000000c001bb22                selectDrive(unsigned char, unsigned char)
                0x00000000c001bb24                IDE::getBase(unsigned char)
                0x00000000c001bb36                IDE::write(unsigned char, unsigned char, unsigned char)
                0x00000000c001bbf6                IDE::read(unsigned char, unsigned char)
                0x00000000c001bca4                IDE::waitInterrupt(unsigned char)
                0x00000000c001bd0a                ideChannel0IRQHandler(regs*, void*)
                0x00000000c001bd26                ideChannel1IRQHandler(regs*, void*)
                0x00000000c001bd42                IDE::enableIRQs(unsigned char, bool)
                0x00000000c001bd88                IDE::open(int, int, void*)
                0x00000000c001c198                IDE::readBuffer(unsigned char, unsigned char, unsigned int, unsigned int)
                0x00000000c001c264                IDE::detect()
                0x00000000c001c54c                IDE::printError(unsigned char, unsigned char, unsigned char)
                0x00000000c001c6e2                IDE::polling(unsigned char, unsigned int)
 .text          0x00000000c001c748      0x62b hw/diskphys/ata.32
                0x00000000c001c748                ATA::close(int, int, void*)
                0x00000000c001c76c                ATA::powerSaving(PowerSavingLevel)
                0x00000000c001c76e                ATA::ATA()
                0x00000000c001c76e                ATA::ATA()
                0x00000000c001c79c                ATA::flush(bool)
                0x00000000c001c7e6                ATA::readyForCommand()
                0x00000000c001c836                ATA::access(unsigned long long, int, void*, bool)
                0x00000000c001cbb4                ATA::read(unsigned long long, int, void*)
                0x00000000c001cc1c                ATA::write(unsigned long long, int, void*)
                0x00000000c001cc84                ATA::detectCHS()
                0x00000000c001ccae                ATA::open(int, int, void*)
 *fill*         0x00000000c001cd73        0x1 
 .text          0x00000000c001cd74      0x5b3 hw/diskphys/atapi.32
                0x00000000c001cd74                ATAPI::write(unsigned long long, int, void*)
                0x00000000c001cd7a                ATAPI::close(int, int, void*)
                0x00000000c001cd9e                ATAPI::ATAPI()
                0x00000000c001cd9e                ATAPI::ATAPI()
                0x00000000c001cdcc                ATAPI::readyForCommand()
                0x00000000c001ce1c                ATAPI::sendPacket(unsigned char*, int, bool, unsigned short*, int)
                0x00000000c001d0dc                ATAPI::diskRemoved()
                0x00000000c001d0f8                ATAPI::eject()
                0x00000000c001d13e                ATAPI::diskInserted()
                0x00000000c001d16c                ATAPI::detectMedia()
                0x00000000c001d228                ATAPI::open(int, int, void*)
                0x00000000c001d2a8                ATAPI::read(unsigned long long, int, void*)
 *fill*         0x00000000c001d327        0x1 
 .text          0x00000000c001d328       0x8e hw/fpu/avx.32
                0x00000000c001d328                AVX::open(int, int, void*)
                0x00000000c001d33a                AVX::close(int, int, void*)
                0x00000000c001d34c                AVX::available()
                0x00000000c001d35e                AVX::save(void*)
                0x00000000c001d376                AVX::load(void*)
                0x00000000c001d38e                AVX::AVX()
                0x00000000c001d38e                AVX::AVX()
 .text          0x00000000c001d3b6       0x90 hw/fpu/mmx.32
                0x00000000c001d3b6                MMX::available()
                0x00000000c001d3ca                MMX::open(int, int, void*)
                0x00000000c001d3dc                MMX::close(int, int, void*)
                0x00000000c001d3ee                MMX::save(void*)
                0x00000000c001d406                MMX::load(void*)
                0x00000000c001d41e                MMX::MMX()
                0x00000000c001d41e                MMX::MMX()
 .text          0x00000000c001d446       0x96 hw/fpu/sse.32
                0x00000000c001d446                SSE::open(int, int, void*)
                0x00000000c001d458                SSE::close(int, int, void*)
                0x00000000c001d46a                SSE::available()
                0x00000000c001d484                SSE::save(void*)
                0x00000000c001d49c                SSE::load(void*)
                0x00000000c001d4b4                SSE::SSE()
                0x00000000c001d4b4                SSE::SSE()
 .text          0x00000000c001d4dc       0x8e hw/fpu/x87.32
                0x00000000c001d4dc                x87::open(int, int, void*)
                0x00000000c001d4ee                x87::close(int, int, void*)
                0x00000000c001d500                x87::available()
                0x00000000c001d512                x87::save(void*)
                0x00000000c001d52a                x87::load(void*)
                0x00000000c001d542                x87::x87()
                0x00000000c001d542                x87::x87()
 .text          0x00000000c001d56a      0x5f3 hw/intctrl/apic.32
                0x00000000c001d56a                APIC::disable()
                0x00000000c001d56c                APIC::close(int, int, void*)
                0x00000000c001d58e                IOAPIC::close(int, int, void*)
                0x00000000c001d594                APIC::io_wait()
                0x00000000c001d59a                APIC::getBase()
                0x00000000c001d5dc                APIC::eoi(unsigned char)
                0x00000000c001d60a                APIC::open(int, int, void*)
                0x00000000c001d6c4                IOAPIC::IOAPIC()
                0x00000000c001d6c4                IOAPIC::IOAPIC()
                0x00000000c001d6ec                APIC::APIC()
                0x00000000c001d6ec                APIC::APIC()
                0x00000000c001d7bc                IOAPIC::handlesGSIWithNumber(unsigned int)
                0x00000000c001d7ee                IOAPIC::read(int)
                0x00000000c001d816                IOAPIC::open(int, int, void*)
                0x00000000c001d90c                IOAPIC::write(int, int)
                0x00000000c001d938                IOAPIC::redirect(unsigned char, unsigned long long, unsigned char)
                0x00000000c001d9f2                APIC::installIRQHandler(int, void (*)(regs*, void*), bool, void*)
 *fill*         0x00000000c001db5d        0x1 
 .text          0x00000000c001db5e      0x3d3 hw/intctrl/pic.32
                0x00000000c001db5e                PIC::disable()
                0x00000000c001db8c                PIC::close(int, int, void*)
                0x00000000c001dbae                PIC::PIC()
                0x00000000c001dbae                PIC::PIC()
                0x00000000c001dc84                PIC::ioWait()
                0x00000000c001dc8a                PIC::getIRQReg(int)
                0x00000000c001dcf4                PIC::eoi(unsigned char)
                0x00000000c001dd86                PIC::remap()
                0x00000000c001def2                PIC::open(int, int, void*)
 *fill*         0x00000000c001df31        0x1 
 .text          0x00000000c001df32      0x252 hw/timer/apictimer.32
                0x00000000c001df32                APICTimer::close(int, int, void*)
                0x00000000c001df38                apicTimerHandler(regs*, void*)
                0x00000000c001df66                APICTimer::write(int)
                0x00000000c001e064                APICTimer::open(int, int, void*)
                0x00000000c001e15c                APICTimer::APICTimer()
                0x00000000c001e15c                APICTimer::APICTimer()
 .text          0x00000000c001e184      0x1a7 hw/timer/pit.32
                0x00000000c001e184                PIT::write(int)
                0x00000000c001e202                pitHandler(regs*, void*)
                0x00000000c001e22e                PIT::open(int, int, void*)
                0x00000000c001e27c                PIT::close(int, int, void*)
                0x00000000c001e2ac                PIT::PIT()
                0x00000000c001e2ac                PIT::PIT()
 *fill*         0x00000000c001e32b        0x5 
 .text          0x00000000c001e330        0xa hw/fpu/x86/avx.32
                0x00000000c001e330                avxDetect
                0x00000000c001e336                avxSave
                0x00000000c001e337                avxLoad
                0x00000000c001e338                avxInit
                0x00000000c001e339                avxClose
 *fill*         0x00000000c001e33a        0x6 
 .text          0x00000000c001e340       0x38 hw/fpu/x86/sse.32
                0x00000000c001e340                sseDetect
                0x00000000c001e35b                sseSave
                0x00000000c001e361                sseLoad
                0x00000000c001e367                sseInit
                0x00000000c001e377                sseClose
 *fill*         0x00000000c001e378        0x8 
 .text          0x00000000c001e380       0x47 hw/fpu/x86/x87.32
                0x00000000c001e386                x87Detect
                0x00000000c001e3a1                x87Save
                0x00000000c001e3a7                x87Load
                0x00000000c001e3ac                x87Init
                0x00000000c001e3c6                x87Close
 *fill*         0x00000000c001e3c7        0x1 
 .text          0x00000000c001e3c8       0x25 /cygdrive/d/Users/Alex/Desktop/Toolchain/Output/bin/../lib/gcc/i386-banana/8.1.0/crtend.o
 .text          0x00000000c001e3ed        0x0 crtn.32
 *fill*         0x00000000c001e3ed        0x3 
 .text          0x00000000c001e3f0      0x14b /cygdrive/d/Users/Alex/Desktop/Toolchain/Output/bin/../lib/gcc/i386-banana/8.1.0/libgcc.a(_divdi3.o)
                0x00000000c001e3f0                __divdi3
 *fill*         0x00000000c001e53b        0x1 
 .text          0x00000000c001e53c      0x17e /cygdrive/d/Users/Alex/Desktop/Toolchain/Output/bin/../lib/gcc/i386-banana/8.1.0/libgcc.a(_moddi3.o)
                0x00000000c001e53c                __moddi3
 *fill*         0x00000000c001e6ba        0x2 
 .text          0x00000000c001e6bc       0xff /cygdrive/d/Users/Alex/Desktop/Toolchain/Output/bin/../lib/gcc/i386-banana/8.1.0/libgcc.a(_udivdi3.o)
                0x00000000c001e6bc                __udivdi3
 *fill*         0x00000000c001e7bb        0x1 
 .text          0x00000000c001e7bc      0x11a /cygdrive/d/Users/Alex/Desktop/Toolchain/Output/bin/../lib/gcc/i386-banana/8.1.0/libgcc.a(_umoddi3.o)
                0x00000000c001e7bc                __umoddi3
 *fill*         0x00000000c001e8d6        0xa 
 .text          0x00000000c001e8e0       0x1e D:/Users/Alex/Desktop/Banana/kernel/libk/libm32.a(s_fabs.c.o)
                0x00000000c001e8e0                fabs
 *fill*         0x00000000c001e8fe        0x2 
 .text          0x00000000c001e900        0xc D:/Users/Alex/Desktop/Banana/kernel/libk/libm32.a(s_lrint.S.o)
                0x00000000c001e900                lrint
 .text          0x00000000c001e90c        0xc D:/Users/Alex/Desktop/Banana/kernel/libk/libm32.a(s_lrintf.S.o)
                0x00000000c001e90c                lrintf
 *(.gnu.linkonce.t*)

.iplt           0x00000000c001e918        0x0
 .iplt          0x00000000c001e918        0x0 D:/Users/Alex/Desktop/Banana/kernel/boot.32

.init           0x00000000c001e918        0xf
 .init          0x00000000c001e918        0x3 crti.32
                0x00000000c001e918                _init
 .init          0x00000000c001e91b        0x5 /cygdrive/d/Users/Alex/Desktop/Toolchain/Output/bin/../lib/gcc/i386-banana/8.1.0/crtbegin.o
 .init          0x00000000c001e920        0x5 /cygdrive/d/Users/Alex/Desktop/Toolchain/Output/bin/../lib/gcc/i386-banana/8.1.0/crtend.o
 .init          0x00000000c001e925        0x2 crtn.32

.fini           0x00000000c001e927        0xa
 .fini          0x00000000c001e927        0x3 crti.32
                0x00000000c001e927                _fini
 .fini          0x00000000c001e92a        0x5 /cygdrive/d/Users/Alex/Desktop/Toolchain/Output/bin/../lib/gcc/i386-banana/8.1.0/crtbegin.o
 .fini          0x00000000c001e92f        0x2 crtn.32

.text._ZN8ComputerD2Ev
                0x00000000c001e932       0x23
 .text._ZN8ComputerD2Ev
                0x00000000c001e932       0x23 core/computer.32
                0x00000000c001e932                Computer::~Computer()
                0x00000000c001e932                Computer::~Computer()

.text._ZN8ComputerD0Ev
                0x00000000c001e956       0x2a
 .text._ZN8ComputerD0Ev
                0x00000000c001e956       0x2a core/computer.32
                0x00000000c001e956                Computer::~Computer()

.text._Z10idleCommonv
                0x00000000c001e980       0x15
 .text._Z10idleCommonv
                0x00000000c001e980       0x15 core/idle.32
                0x00000000c001e980                idleCommon()

.text._ZN3CPU7readCR0Ev
                0x00000000c001e995       0x12
 .text._ZN3CPU7readCR0Ev
                0x00000000c001e995       0x12 core/kconsole.32
                0x00000000c001e995                CPU::readCR0()

.text._ZN3CPU7readCR2Ev
                0x00000000c001e9a7       0x12
 .text._ZN3CPU7readCR2Ev
                0x00000000c001e9a7       0x12 core/kconsole.32
                0x00000000c001e9a7                CPU::readCR2()

.text._ZN3CPU7readCR3Ev
                0x00000000c001e9b9       0x12
 .text._ZN3CPU7readCR3Ev
                0x00000000c001e9b9       0x12 core/kconsole.32
                0x00000000c001e9b9                CPU::readCR3()

.text._ZN3CPU7readCR4Ev
                0x00000000c001e9cb       0x12
 .text._ZN3CPU7readCR4Ev
                0x00000000c001e9cb       0x12 core/kconsole.32
                0x00000000c001e9cb                CPU::readCR4()

.text._ZN3CPU8writeCR3Em
                0x00000000c001e9dd        0x9
 .text._ZN3CPU8writeCR3Em
                0x00000000c001e9dd        0x9 core/kheap.32
                0x00000000c001e9dd                CPU::writeCR3(unsigned long)

.text._ZN10LinkedListIV18ThreadControlBlockED2Ev
                0x00000000c001e9e6        0x2
 .text._ZN10LinkedListIV18ThreadControlBlockED2Ev
                0x00000000c001e9e6        0x2 core/prcssthr.32
                0x00000000c001e9e6                LinkedList<ThreadControlBlock volatile>::~LinkedList()
                0x00000000c001e9e6                LinkedList<ThreadControlBlock volatile>::~LinkedList()

.text._ZN18ThreadControlBlockC2Ev
                0x00000000c001e9e8       0x3e
 .text._ZN18ThreadControlBlockC2Ev
                0x00000000c001e9e8       0x3e core/prcssthr.32
                0x00000000c001e9e8                ThreadControlBlock::ThreadControlBlock()
                0x00000000c001e9e8                ThreadControlBlock::ThreadControlBlock()

.text._ZN10LinkedListIV18ThreadControlBlockEC2Ev
                0x00000000c001ea26       0x58
 .text._ZN10LinkedListIV18ThreadControlBlockEC2Ev
                0x00000000c001ea26       0x58 core/prcssthr.32
                0x00000000c001ea26                LinkedList<ThreadControlBlock volatile>::LinkedList()
                0x00000000c001ea26                LinkedList<ThreadControlBlock volatile>::LinkedList()

.text._ZN10LinkedListIV18ThreadControlBlockE10addElementEPS1_
                0x00000000c001ea7e       0xd3
 .text._ZN10LinkedListIV18ThreadControlBlockE10addElementEPS1_
                0x00000000c001ea7e       0xd3 core/prcssthr.32
                0x00000000c001ea7e                LinkedList<ThreadControlBlock volatile>::addElement(ThreadControlBlock volatile*)

.text._ZN10LinkedListIV18ThreadControlBlockE7isEmptyEv
                0x00000000c001eb52       0x1c
 .text._ZN10LinkedListIV18ThreadControlBlockE7isEmptyEv
                0x00000000c001eb52       0x1c core/prcssthr.32
                0x00000000c001eb52                LinkedList<ThreadControlBlock volatile>::isEmpty()

.text._ZN10LinkedListIV18ThreadControlBlockE11removeFirstEv
                0x00000000c001eb6e       0xae
 .text._ZN10LinkedListIV18ThreadControlBlockE11removeFirstEv
                0x00000000c001eb6e       0xae core/prcssthr.32
                0x00000000c001eb6e                LinkedList<ThreadControlBlock volatile>::removeFirst()

.text._ZN10LinkedListIV18ThreadControlBlockE15getFirstElementEv
                0x00000000c001ec1c        0x7
 .text._ZN10LinkedListIV18ThreadControlBlockE15getFirstElementEv
                0x00000000c001ec1c        0x7 core/prcssthr.32
                0x00000000c001ec1c                LinkedList<ThreadControlBlock volatile>::getFirstElement()

.text._ZN10LinkedListIV18ThreadControlBlockE7getNextEPS1_
                0x00000000c001ec24        0x8
 .text._ZN10LinkedListIV18ThreadControlBlockE7getNextEPS1_
                0x00000000c001ec24        0x8 core/prcssthr.32
                0x00000000c001ec24                LinkedList<ThreadControlBlock volatile>::getNext(ThreadControlBlock volatile*)

.text._ZN10LinkedListI8UnixFileED2Ev
                0x00000000c001ec2c        0x2
 .text._ZN10LinkedListI8UnixFileED2Ev
                0x00000000c001ec2c        0x2 core/unixfile.32
                0x00000000c001ec2c                LinkedList<UnixFile>::~LinkedList()
                0x00000000c001ec2c                LinkedList<UnixFile>::~LinkedList()

.text._ZN10LinkedListI8UnixFileEC2Ev
                0x00000000c001ec2e       0x58
 .text._ZN10LinkedListI8UnixFileEC2Ev
                0x00000000c001ec2e       0x58 core/unixfile.32
                0x00000000c001ec2e                LinkedList<UnixFile>::LinkedList()
                0x00000000c001ec2e                LinkedList<UnixFile>::LinkedList()

.text._ZN10LinkedListI8UnixFileE15getFirstElementEv
                0x00000000c001ec86        0x7
 .text._ZN10LinkedListI8UnixFileE15getFirstElementEv
                0x00000000c001ec86        0x7 core/unixfile.32
                0x00000000c001ec86                LinkedList<UnixFile>::getFirstElement()

.text._ZN10LinkedListI8UnixFileE11removeFirstEv
                0x00000000c001ec8e       0xa1
 .text._ZN10LinkedListI8UnixFileE11removeFirstEv
                0x00000000c001ec8e       0xa1 core/unixfile.32
                0x00000000c001ec8e                LinkedList<UnixFile>::removeFirst()

.text._ZN10LinkedListI8UnixFileE7getNextEPS0_
                0x00000000c001ed30        0x8
 .text._ZN10LinkedListI8UnixFileE7getNextEPS0_
                0x00000000c001ed30        0x8 core/unixfile.32
                0x00000000c001ed30                LinkedList<UnixFile>::getNext(UnixFile*)

.text._ZN10LinkedListI8UnixFileE10addElementEPS0_
                0x00000000c001ed38      0x130
 .text._ZN10LinkedListI8UnixFileE10addElementEPS0_
                0x00000000c001ed38      0x130 core/unixfile.32
                0x00000000c001ed38                LinkedList<UnixFile>::addElement(UnixFile*)

.text._ZN16DriverlessDeviceD2Ev
                0x00000000c001ee68       0x1a
 .text._ZN16DriverlessDeviceD2Ev
                0x00000000c001ee68       0x1a hal/device.32
                0x00000000c001ee68                DriverlessDevice::~DriverlessDevice()
                0x00000000c001ee68                DriverlessDevice::~DriverlessDevice()

.text._ZN16DriverlessDeviceD0Ev
                0x00000000c001ee82       0x2a
 .text._ZN16DriverlessDeviceD0Ev
                0x00000000c001ee82       0x2a hal/device.32
                0x00000000c001ee82                DriverlessDevice::~DriverlessDevice()

.text._ZN10LinkedListI6DeviceE10addElementEPS0_
                0x00000000c001eeac       0xdc
 .text._ZN10LinkedListI6DeviceE10addElementEPS0_
                0x00000000c001eeac       0xdc hal/device.32
                0x00000000c001eeac                LinkedList<Device>::addElement(Device*)

.text._ZN10LinkedListI6DeviceEC2Ev
                0x00000000c001ef88       0x58
 .text._ZN10LinkedListI6DeviceEC2Ev
                0x00000000c001ef88       0x58 hal/device.32
                0x00000000c001ef88                LinkedList<Device>::LinkedList()
                0x00000000c001ef88                LinkedList<Device>::LinkedList()

.text._ZN3CPU7readDR0Ev
                0x00000000c001efe0       0x12
 .text._ZN3CPU7readDR0Ev
                0x00000000c001efe0       0x12 hal/intctrl.32
                0x00000000c001efe0                CPU::readDR0()

.text._ZN3CPU7readDR1Ev
                0x00000000c001eff2       0x12
 .text._ZN3CPU7readDR1Ev
                0x00000000c001eff2       0x12 hal/intctrl.32
                0x00000000c001eff2                CPU::readDR1()

.text._ZN3CPU7readDR2Ev
                0x00000000c001f004       0x12
 .text._ZN3CPU7readDR2Ev
                0x00000000c001f004       0x12 hal/intctrl.32
                0x00000000c001f004                CPU::readDR2()

.text._ZN3CPU7readDR3Ev
                0x00000000c001f016       0x12
 .text._ZN3CPU7readDR3Ev
                0x00000000c001f016       0x12 hal/intctrl.32
                0x00000000c001f016                CPU::readDR3()

.text._ZN3CPU7readDR6Ev
                0x00000000c001f028       0x12
 .text._ZN3CPU7readDR6Ev
                0x00000000c001f028       0x12 hal/intctrl.32
                0x00000000c001f028                CPU::readDR6()

.text._ZN3CPU7readDR7Ev
                0x00000000c001f03a       0x12
 .text._ZN3CPU7readDR7Ev
                0x00000000c001f03a       0x12 hal/intctrl.32
                0x00000000c001f03a                CPU::readDR7()

.text._ZN4ACPID2Ev
                0x00000000c001f04c       0x23
 .text._ZN4ACPID2Ev
                0x00000000c001f04c       0x23 hw/acpi.32
                0x00000000c001f04c                ACPI::~ACPI()
                0x00000000c001f04c                ACPI::~ACPI()

.text._ZN4ACPID0Ev
                0x00000000c001f070       0x2a
 .text._ZN4ACPID0Ev
                0x00000000c001f070       0x2a hw/acpi.32
                0x00000000c001f070                ACPI::~ACPI()

.text._ZN3CPUD2Ev
                0x00000000c001f09a       0x23
 .text._ZN3CPUD2Ev
                0x00000000c001f09a       0x23 hw/cpu.32
                0x00000000c001f09a                CPU::~CPU()
                0x00000000c001f09a                CPU::~CPU()

.text._ZN3CPUD0Ev
                0x00000000c001f0be       0x2a
 .text._ZN3CPUD0Ev
                0x00000000c001f0be       0x2a hw/cpu.32
                0x00000000c001f0be                CPU::~CPU()

.text._ZN3CPU8writeDR7Em
                0x00000000c001f0e8        0x9
 .text._ZN3CPU8writeDR7Em
                0x00000000c001f0e8        0x9 hw/cpu.32
                0x00000000c001f0e8                CPU::writeDR7(unsigned long)

.text._ZN3CPU8writeCR4Em
                0x00000000c001f0f1        0x9
 .text._ZN3CPU8writeCR4Em
                0x00000000c001f0f1        0x9 hw/cpu.32
                0x00000000c001f0f1                CPU::writeCR4(unsigned long)

.text._ZN3PCID2Ev
                0x00000000c001f0fa       0x23
 .text._ZN3PCID2Ev
                0x00000000c001f0fa       0x23 hw/bus/pci.32
                0x00000000c001f0fa                PCI::~PCI()