Archive member included to satisfy reference by file (symbol)

/cygdrive/d/Users/Alex/Desktop/Toolchain/Output/bin/../lib/gcc/i386-banana/8.1.0/libkgcc.a(_divdi3.o)
                              krnl/resolve.32 (__divdi3)
/cygdrive/d/Users/Alex/Desktop/Toolchain/Output/bin/../lib/gcc/i386-banana/8.1.0/libkgcc.a(_moddi3.o)
                              krnl/resolve.32 (__moddi3)
/cygdrive/d/Users/Alex/Desktop/Toolchain/Output/bin/../lib/gcc/i386-banana/8.1.0/libkgcc.a(_udivdi3.o)
                              hal/clock.32 (__udivdi3)
/cygdrive/d/Users/Alex/Desktop/Toolchain/Output/bin/../lib/gcc/i386-banana/8.1.0/libkgcc.a(_umoddi3.o)
                              core/pipe.32 (__umoddi3)

Allocating common symbols
Common symbol       size              file

current_iphdr_src   0x4               net/core/ipv4/ip.32
netif_list          0x4               net/core/netif.32
tcp_active_pcbs     0x4               net/core/tcp.32
udp_pcbs            0x4               net/core/udp.32
current_netif       0x4               net/core/ipv4/ip.32
tcp_ticks           0x4               net/core/tcp.32
tcp_listen_pcbs     0x4               net/core/tcp.32
current_iphdr_dest  0x4               net/core/ipv4/ip.32
tcp_tmp_pcb         0x4               net/core/tcp.32
tcp_input_pcb       0x4               net/core/tcp_in.32
dcache              0x40              fs/iso9660/iso9660.32
current_header      0x4               net/core/ipv4/ip.32
tcp_bound_pcbs      0x4               net/core/tcp.32
cdDriveLetter       0x1               fs/iso9660/iso9660.32
tcp_tw_pcbs         0x4               net/core/tcp.32
lwip_stats          0x150             net/core/stats.32
netif_default       0x4               net/core/netif.32
ram_heap            0x64d             net/core/mem.32
icache              0x40              fs/iso9660/iso9660.32

Discarded input sections

 .comment       0x0000000000000000       0x12 /cygdrive/d/Users/Alex/Desktop/Toolchain/Output/bin/../lib/gcc/i386-banana/8.1.0/crtbegin.o
 .comment       0x0000000000000000       0x12 acpica/utclib.32
 .comment       0x0000000000000000       0x12 arch/cc.32
 .comment       0x0000000000000000       0x12 core/malloc.32
 .comment       0x0000000000000000       0x12 libk/ctype.32
 .comment       0x0000000000000000       0x12 libk/string.32
 .comment       0x0000000000000000       0x12 fs/fat/diskio.32
 .comment       0x0000000000000000       0x12 fs/fat/ff.32
 .comment       0x0000000000000000       0x12 fs/fat/ffsystem.32
 .comment       0x0000000000000000       0x12 fs/fat/ffunicode.32
 .comment       0x0000000000000000       0x12 fs/iso9660/iso9660.32
 .comment       0x0000000000000000       0x12 net/core/def.32
 .comment       0x0000000000000000       0x12 net/core/dhcp.32
 .comment       0x0000000000000000       0x12 net/core/dns.32
 .comment       0x0000000000000000       0x12 net/core/init.32
 .comment       0x0000000000000000       0x12 net/core/mem.32
 .comment       0x0000000000000000       0x12 net/core/memp.32
 .comment       0x0000000000000000       0x12 net/core/netif.32
 .comment       0x0000000000000000       0x12 net/core/pbuf.32
 .comment       0x0000000000000000       0x12 net/core/raw.32
 .comment       0x0000000000000000       0x12 net/core/stats.32
 .comment       0x0000000000000000       0x12 net/core/sys.32
 .comment       0x0000000000000000       0x12 net/core/tcp.32
 .comment       0x0000000000000000       0x12 net/core/tcp_in.32
 .comment       0x0000000000000000       0x12 net/core/tcp_out.32
 .comment       0x0000000000000000       0x12 net/core/timers.32
 .comment       0x0000000000000000       0x12 net/core/udp.32
 .comment       0x0000000000000000       0x12 net/netif/etharp.32
 .comment       0x0000000000000000       0x12 net/netif/ethernetif.32
 .comment       0x0000000000000000       0x12 net/netif/slipif.32
 .comment       0x0000000000000000       0x12 net/core/ipv4/autoip.32
 .comment       0x0000000000000000       0x12 net/core/ipv4/icmp.32
 .comment       0x0000000000000000       0x12 net/core/ipv4/igmp.32
 .comment       0x0000000000000000       0x12 net/core/ipv4/inet.32
 .comment       0x0000000000000000       0x12 net/core/ipv4/inet_chksum.32
 .comment       0x0000000000000000       0x12 net/core/ipv4/ip.32
 .comment       0x0000000000000000       0x12 net/core/ipv4/ip_addr.32
 .comment       0x0000000000000000       0x12 net/core/ipv4/ip_frag.32
 .comment       0x0000000000000000       0x12 net/core/snmp/asn1_dec.32
 .comment       0x0000000000000000       0x12 net/core/snmp/asn1_enc.32
 .comment       0x0000000000000000       0x12 net/core/snmp/mib2.32
 .comment       0x0000000000000000       0x12 net/core/snmp/mib_structs.32
 .comment       0x0000000000000000       0x12 net/core/snmp/msg_in.32
 .comment       0x0000000000000000       0x12 net/core/snmp/msg_out.32
 .comment       0x0000000000000000       0x12 net/netif/ppp/auth.32
 .comment       0x0000000000000000       0x12 net/netif/ppp/chap.32
[...]
Memory Configuration

Name             Origin             Length             Attributes
*default*        0x0000000000000000 0xffffffffffffffff

Linker script and memory map

LOAD D:/Users/Alex/Desktop/Banana/kernel/boot.32
LOAD crti.32
LOAD /cygdrive/d/Users/Alex/Desktop/Toolchain/Output/bin/../lib/gcc/i386-banana/8.1.0/crtbegin.o
LOAD D:/Users/Alex/Desktop/Banana/kernel/morenasm.32
LOAD acpica/utclib.32
LOAD arch/cc.32
LOAD core/malloc.32
LOAD libk/ctype.32
LOAD libk/string.32
LOAD fs/fat/diskio.32
LOAD fs/fat/ff.32
LOAD fs/fat/ffsystem.32
LOAD fs/fat/ffunicode.32
LOAD fs/iso9660/iso9660.32
LOAD net/core/def.32
LOAD net/core/dhcp.32
LOAD net/core/dns.32
LOAD net/core/init.32
LOAD net/core/mem.32
LOAD net/core/memp.32
LOAD net/core/netif.32
LOAD net/core/pbuf.32
LOAD net/core/raw.32
LOAD net/core/stats.32
LOAD net/core/sys.32
LOAD net/core/tcp.32
LOAD net/core/tcp_in.32
LOAD net/core/tcp_out.32
LOAD net/core/timers.32
LOAD net/core/udp.32
LOAD net/netif/etharp.32
LOAD net/netif/ethernetif.32
LOAD net/netif/slipif.32
LOAD net/core/ipv4/autoip.32
LOAD net/core/ipv4/icmp.32
LOAD net/core/ipv4/igmp.32
LOAD net/core/ipv4/inet.32
LOAD net/core/ipv4/inet_chksum.32
LOAD net/core/ipv4/ip.32
LOAD net/core/ipv4/ip_addr.32
LOAD net/core/ipv4/ip_frag.32
LOAD net/core/snmp/asn1_dec.32
LOAD net/core/snmp/asn1_enc.32
LOAD net/core/snmp/mib2.32
LOAD net/core/snmp/mib_structs.32
LOAD net/core/snmp/msg_in.32
LOAD net/core/snmp/msg_out.32
LOAD net/netif/ppp/auth.32
LOAD net/netif/ppp/chap.32
LOAD net/netif/ppp/chpms.32
LOAD net/netif/ppp/fsm.32
LOAD net/netif/ppp/ipcp.32
LOAD net/netif/ppp/lcp.32
LOAD net/netif/ppp/magic.32
LOAD net/netif/ppp/md5.32
LOAD net/netif/ppp/pap.32
LOAD net/netif/ppp/ppp.32
LOAD net/netif/ppp/ppp_oe.32
LOAD net/netif/ppp/randm.32
LOAD net/netif/ppp/vj.32
LOAD core/computer.32
LOAD core/gdt.32
LOAD core/idle.32
LOAD core/idt.32
LOAD core/kheap.32
LOAD core/main.32
LOAD core/physmgr.32
LOAD core/pipe.32
LOAD core/terminal.32
LOAD core/tss.32
LOAD core/unixfile.32
LOAD core/virtmgr.32
LOAD coreobjs/c++.32
LOAD dbg/kconsole.32
LOAD dbg/usban.32
LOAD fs/symlink.32
LOAD fs/vfs.32
LOAD hal/bus.32
LOAD hal/buzzer.32
LOAD hal/clock.32
LOAD hal/device.32
LOAD hal/diskctrl.32
LOAD hal/diskphys.32
LOAD hal/fpu.32
LOAD hal/intctrl.32
LOAD hal/keybrd.32
LOAD hal/logidisk.32
LOAD hal/mouse.32
LOAD hal/nic.32
LOAD hal/partition.32
LOAD hal/serial.32
LOAD hal/timer.32
LOAD hal/vcache.32
LOAD hal/video.32
LOAD hw/acpi.32
LOAD hw/cpu.32
LOAD krnl/atexit.32
LOAD krnl/bootmsg.32
LOAD krnl/cdefs.32
LOAD krnl/compat.32
LOAD krnl/crc32.32
LOAD krnl/env.32
LOAD krnl/inlines.32
LOAD krnl/panic.32
LOAD krnl/powctrl.32
LOAD krnl/random.32
LOAD krnl/resolve.32
LOAD krnl/signal.32
LOAD krnl/syscalls.32
LOAD net/ethernet.32
LOAD reg/cm.32
LOAD reg/registry.32
LOAD sys/eject.32
LOAD sys/exit.32
LOAD sys/getcwd.32
LOAD sys/getpid.32
LOAD sys/getramdata.32
LOAD sys/getvgaptr.32
LOAD sys/kill.32
LOAD sys/loaddll.32
LOAD sys/read.32
LOAD sys/registersignal.32
LOAD sys/registry.32
LOAD sys/sbrk.32
LOAD sys/setcwd.32
LOAD sys/settime.32
LOAD sys/symlink.32
LOAD sys/timezone.32
LOAD sys/truncate.32
LOAD sys/write.32
LOAD sys/wsbe.32
LOAD sys/yield.32
LOAD thr/elf.32
LOAD thr/prcssthr.32
LOAD vm86/vm8086.32
LOAD arch/i386/hal.32
LOAD arch/i386/pic.32
LOAD arch/i386/rtc.32
LOAD arch/i386/vga.32
LOAD fs/fat/vfslink.32
LOAD fs/iso9660/helper.32
LOAD fs/iso9660/vfslink.32
LOAD hal/sound/sndcard.32
LOAD hal/sound/sndport.32
LOAD hw/bus/isa.32
LOAD hw/bus/pci.32
LOAD hw/diskctrl/ide.32
LOAD hw/diskctrl/satabus.32
LOAD hw/diskphys/ata.32
LOAD hw/diskphys/atapi.32
LOAD hw/diskphys/sata.32
LOAD hw/diskphys/satapi.32
LOAD hw/intctrl/apic.32
LOAD hw/timer/apictimer.32
LOAD hw/timer/pit.32
LOAD arch/i386/avx.32
LOAD arch/i386/interrupt.32
LOAD arch/i386/rdrand.32
LOAD arch/i386/sse.32
LOAD arch/i386/x87.32
LOAD /cygdrive/d/Users/Alex/Desktop/Toolchain/Output/bin/../lib/gcc/i386-banana/8.1.0/crtend.o
LOAD crtn.32
LOAD /cygdrive/d/Users/Alex/Desktop/Toolchain/Output/bin/../lib/gcc/i386-banana/8.1.0/libkgcc.a
LOAD D:/Users/Alex/Desktop/Banana/kernel/libsoftfp.a
LOAD D:/Users/Alex/Desktop/Banana/kernel/libk/libm32.a
                0x00000000c0000000                . = 0xc0000000

.text           0x00000000c0000000    0x2e21a
 *(.text)
 .text          0x00000000c0000000       0x20 D:/Users/Alex/Desktop/Banana/kernel/boot.32
 .text          0x00000000c0000020        0x0 crti.32
 .text          0x00000000c0000020      0x101 /cygdrive/d/Users/Alex/Desktop/Toolchain/Output/bin/../lib/gcc/i386-banana/8.1.0/crtbegin.o
 *fill*         0x00000000c0000121        0xf 
 .text          0x00000000c0000130      0x24f D:/Users/Alex/Desktop/Banana/kernel/morenasm.32
                0x00000000c0000130                manualPCIProbe
                0x00000000c000017b                prepareTramp
                0x00000000c0000194                doTPAUSE
                0x00000000c000019e                hasLegacyFPU
                0x00000000c00001c3                is486
                0x00000000c00001f9                detectCPUID
                0x00000000c000020f                goToVM86
                0x00000000c000023f                goToUsermode
                0x00000000c0000269                switchToThreadASMFirstTime
                0x00000000c0000277                switchToThreadASM
                0x00000000c00002fc                asmQuickAcquireLock
                0x00000000c000031a                asmQuickReleaseLock
                0x00000000c0000326                asmAcquireLock
                0x00000000c0000347                asmReleaseLock
                0x00000000c000035a                loadGDT
                0x00000000c000037a                memcpy
 *fill*         0x00000000c000037f        0x1 
 .text          0x00000000c0000380      0x868 acpica/utclib.32
                0x00000000c0000380                memcmp
                0x00000000c00003d0                memmove
                0x00000000c00004f0                memset
                0x00000000c0000570                strlen
                0x00000000c00005a0                strpbrk
                0x00000000c00005f0                strtok
                0x00000000c0000640                strcpy
                0x00000000c0000680                strncpy
                0x00000000c0000750                strcmp
                0x00000000c00007a0                strchr
                0x00000000c00007e0                strncmp
                0x00000000c0000840                strcat
                0x00000000c0000870                strncat
                0x00000000c00008d0                strstr
                0x00000000c0000930                toupper
                0x00000000c0000950                tolower
                0x00000000c0000970                simple_strtoul
 .text          0x00000000c0000be8       0x53 arch/cc.32
                0x00000000c0000be8                LWIP_PLATFORM_HTONS
                0x00000000c0000c0c                LWIP_PLATFORM_HTONL
 .text          0x00000000c0000c3b      0xfaa core/malloc.32
                0x00000000c0000da6                dlfree
                0x00000000c00010fe                dlmalloc
                0x00000000c000163b                dlrealloc
                0x00000000c00017de                dlmemalign
                0x00000000c0001901                dlcalloc
                0x00000000c000199b                dlcfree
                0x00000000c00019a0                dlindependent_calloc
                0x00000000c00019c5                dlindependent_comalloc
                0x00000000c00019dc                dlvalloc
                0x00000000c0001a07                dlpvalloc
                0x00000000c0001a3d                dlmalloc_trim
                0x00000000c0001a4a                dlmalloc_usable_size
                0x00000000c0001a7b                dlmallinfo
                0x00000000c0001b4a                dlmalloc_stats
                0x00000000c0001b5b                dlmallopt
 *fill*         0x00000000c0001be5        0x3 
 .text          0x00000000c0001be8      0x1f2 libk/ctype.32
                0x00000000c0001be8                isblank
                0x00000000c0001c08                iscntrl
                0x00000000c0001c28                isdigit
                0x00000000c0001c44                islower
                0x00000000c0001c60                isspace
                0x00000000c0001c88                isupper
                0x00000000c0001ca4                isalpha
                0x00000000c0001cd4                isalnum
                0x00000000c0001d04                ispunct
                0x00000000c0001d44                isgraph
                0x00000000c0001d74                isprint
                0x00000000c0001d9c                isxdigit
 .text          0x00000000c0001dda        0x0 libk/string.32
 .text          0x00000000c0001dda       0x51 fs/fat/diskio.32
                0x00000000c0001dda                disk_status
                0x00000000c0001ddd                disk_initialize
                0x00000000c0001de0                disk_read
                0x00000000c0001df6                disk_write
                0x00000000c0001e0c                disk_ioctl
 .text          0x00000000c0001e2b     0x3e46 fs/fat/ff.32
                0x00000000c0003c4c                f_mount
                0x00000000c0003cae                f_open
                0x00000000c0003f71                f_read
                0x00000000c0004170                f_write
                0x00000000c00043b8                f_sync
                0x00000000c000447d                f_close
                0x00000000c00044ac                f_lseek
                0x00000000c000465d                f_opendir
                0x00000000c0004728                f_closedir
                0x00000000c000474a                f_readdir
                0x00000000c00047dc                f_stat
                0x00000000c000485b                f_getfree
                0x00000000c0004964                f_truncate
                0x00000000c0004a4e                f_unlink
                0x00000000c0004b70                f_mkdir
                0x00000000c0004d0b                f_rename
                0x00000000c0004ec3                f_chmod
                0x00000000c0004f73                f_utime
                0x00000000c0005023                f_getlabel
                0x00000000c0005174                f_setlabel
                0x00000000c0005304                f_expand
                0x00000000c0005471                f_mkfs
 *fill*         0x00000000c0005c71        0x3 
 .text          0x00000000c0005c74       0x2f fs/fat/ffsystem.32
                0x00000000c0005c74                ff_memalloc
                0x00000000c0005c8c                ff_memfree
 *fill*         0x00000000c0005ca3        0x1 
 .text          0x00000000c0005ca4      0x2dc fs/fat/ffunicode.32
                0x00000000c0005ca4                ff_uni2oem
                0x00000000c0005d44                ff_oem2uni
                0x00000000c0005dbc                ff_wtoupper
 .text          0x00000000c0005f80      0xd32 fs/iso9660/iso9660.32
                0x00000000c00061cb                isoReadDiscSector
                0x00000000c0006266                strnicmp
                0x00000000c0006515                stricmp
                0x00000000c0006561                iso_open
                0x00000000c00065eb                iso_close
                0x00000000c0006609                iso_read
                0x00000000c000671f                iso_seek
                0x00000000c00067a3                iso_tell
                0x00000000c00067d4                iso_total
                0x00000000c00067ff                fn_postprocess
                0x00000000c0006826                iso_readdir
                0x00000000c0006a7d                iso_reset
                0x00000000c0006a9a                init_percd
                0x00000000c0006b94                iso_ioctl
                0x00000000c0006bac                fs_iso9660_init
                0x00000000c0006c42                fs_iso9660_shutdown
 .text          0x00000000c0006cb2        0x0 net/core/def.32
 .text          0x00000000c0006cb2        0x0 net/core/dhcp.32
 .text          0x00000000c0006cb2        0x0 net/core/dns.32
 *fill*         0x00000000c0006cb2        0x2 
 .text          0x00000000c0006cb4       0x2b net/core/init.32
                0x00000000c0006cb4                lwip_init
 *fill*         0x00000000c0006cdf        0x1 
 .text          0x00000000c0006ce0      0x9ec net/core/mem.32
                0x00000000c0006e74                mem_init
                0x00000000c0006f1c                mem_free
                0x00000000c0007040                mem_trim
                0x00000000c000734c                mem_malloc
                0x00000000c0007668                mem_calloc
 .text          0x00000000c00076cc      0x2e8 net/core/memp.32
                0x00000000c00076cc                memp_init
                0x00000000c0007810                memp_malloc
                0x00000000c000793c                memp_free
 .text          0x00000000c00079b4      0x4ba net/core/netif.32
                0x00000000c00079b4                netif_init
                0x00000000c00079b8                netif_find
                0x00000000c0007a50                netif_set_ipaddr
                0x00000000c0007b48                netif_set_gw
                0x00000000c0007b6c                netif_set_netmask
                0x00000000c0007b90                netif_set_addr
                0x00000000c0007bd4                netif_add
                0x00000000c0007ca0                netif_set_default
                0x00000000c0007cac                netif_set_up
                0x00000000c0007d10                netif_set_down
                0x00000000c0007d38                netif_remove
                0x00000000c0007de4                netif_set_link_up
                0x00000000c0007e48                netif_set_link_down
 *fill*         0x00000000c0007e6e        0x2 
 .text          0x00000000c0007e70     0x16ac net/core/pbuf.32
                0x00000000c0007f38                pbuf_alloced_custom
                0x00000000c000805c                pbuf_header
                0x00000000c00081f8                pbuf_free
                0x00000000c00083d0                pbuf_alloc
                0x00000000c00087c8                pbuf_realloc
                0x00000000c00089cc                pbuf_clen
                0x00000000c0008a00                pbuf_ref
                0x00000000c0008a30                pbuf_cat
                0x00000000c0008b10                pbuf_chain
                0x00000000c0008b3c                pbuf_dechain
                0x00000000c0008c30                pbuf_copy
                0x00000000c0008e98                pbuf_copy_partial
                0x00000000c000903c                pbuf_take
                0x00000000c00091bc                pbuf_coalesce
                0x00000000c0009250                pbuf_get_at
                0x00000000c00092e8                pbuf_memcmp
                0x00000000c00093f4                pbuf_memfind
                0x00000000c00094a8                pbuf_strstr
 .text          0x00000000c000951c      0x3e4 net/core/raw.32
                0x00000000c000951c                raw_input
                0x00000000c0009628                raw_bind
                0x00000000c000964c                raw_connect
                0x00000000c0009670                raw_recv
                0x00000000c0009688                raw_sendto
                0x00000000c00097f4                raw_send
                0x00000000c0009818                raw_remove
                0x00000000c0009898                raw_new
 .text          0x00000000c0009900        0x2 net/core/stats.32
                0x00000000c0009900                stats_init
 *fill*         0x00000000c0009902        0x2 
 .text          0x00000000c0009904       0x55 net/core/sys.32
                0x00000000c0009904                sys_msleep
 *fill*         0x00000000c0009959        0x3 
 .text          0x00000000c000995c     0x1dec net/core/tcp.32
                0x00000000c000996c                tcp_listen_with_backlog
                0x00000000c0009b1c                tcp_update_rcv_ann_wnd
                0x00000000c0009bf8                tcp_recved
                0x00000000c0009d40                tcp_bind
                0x00000000c0009e70                tcp_seg_free
                0x00000000c0009eb4                tcp_segs_free
                0x00000000c0009eec                tcp_setprio
                0x00000000c0009f08                tcp_seg_copy
                0x00000000c0009f5c                tcp_arg
                0x00000000c0009f6c                tcp_recv
                0x00000000c0009f7c                tcp_sent
                0x00000000c0009f8c                tcp_err
                0x00000000c0009f9c                tcp_accept
                0x00000000c0009fac                tcp_poll
                0x00000000c0009fd4                tcp_pcb_purge
                0x00000000c000a0b8                tcp_slowtmr
                0x00000000c000a83c                tcp_pcb_remove
                0x00000000c000ace4                tcp_close
                0x00000000c000ad20                tcp_recv_null
                0x00000000c000ad84                tcp_fasttmr
                0x00000000c000aea8                tcp_tmr
                0x00000000c000aed8                tcp_shutdown
                0x00000000c000af84                tcp_abandon
                0x00000000c000b118                tcp_abort
                0x00000000c000b284                tcp_next_iss
                0x00000000c000b29c                tcp_alloc
                0x00000000c000b448                tcp_new
                0x00000000c000b45c                tcp_eff_send_mss
                0x00000000c000b4cc                tcp_connect
                0x00000000c000b73c                tcp_debug_state_str
 .text          0x00000000c000b748     0x3131 net/core/tcp_in.32
                0x00000000c000dda8                tcp_input
 *fill*         0x00000000c000e879        0x3 
 .text          0x00000000c000e87c     0x1f81 net/core/tcp_out.32
                0x00000000c000edec                tcp_write
                0x00000000c000f68c                tcp_enqueue_flags
                0x00000000c000f978                tcp_send_fin
                0x00000000c000fa18                tcp_send_empty_ack
                0x00000000c000fd28                tcp_output
                0x00000000c00101b4                tcp_rst
                0x00000000c0010328                tcp_rexmit_rto
                0x00000000c00103b8                tcp_rexmit
                0x00000000c0010480                tcp_rexmit_fast
                0x00000000c0010564                tcp_keepalive
                0x00000000c001062c                tcp_zero_window_probe
 *fill*         0x00000000c00107fd        0x3 
 .text          0x00000000c0010800      0x44d net/core/timers.32
                0x00000000c0010800                sys_timeout
                0x00000000c00109b8                tcp_timer_needed
                0x00000000c0010a4c                sys_timeouts_init
                0x00000000c0010a84                sys_untimeout
                0x00000000c0010b50                sys_timeouts_mbox_fetch
 *fill*         0x00000000c0010c4d        0x3 
 .text          0x00000000c0010c50      0xae8 net/core/udp.32
                0x00000000c0010c50                udp_input
                0x00000000c00110c4                udp_bind
                0x00000000c0011244                udp_sendto_if
                0x00000000c00114c4                udp_sendto
                0x00000000c0011528                udp_send
                0x00000000c0011554                udp_connect
                0x00000000c0011634                udp_disconnect
                0x00000000c0011660                udp_recv
                0x00000000c0011678                udp_remove
                0x00000000c00116f8                udp_new
 .text          0x00000000c0011738     0x1204 net/netif/etharp.32
                0x00000000c0011790                etharp_tmr
                0x00000000c0011d60                etharp_find_addr
                0x00000000c00122c0                etharp_request
                0x00000000c00122fc                etharp_query
                0x00000000c0012638                etharp_output
                0x00000000c00127f8                ethernet_input
 .text          0x00000000c001293c        0x0 net/netif/ethernetif.32
 .text          0x00000000c001293c        0x0 net/netif/slipif.32
 .text          0x00000000c001293c        0x0 net/core/ipv4/autoip.32
 .text          0x00000000c001293c      0x5dd net/core/ipv4/icmp.32
                0x00000000c001293c                icmp_input
                0x00000000c0012ed4                icmp_dest_unreach
                0x00000000c0012ef8                icmp_time_exceeded
 .text          0x00000000c0012f19        0x0 net/core/ipv4/igmp.32
 .text          0x00000000c0012f19        0x0 net/core/ipv4/inet.32
 *fill*         0x00000000c0012f19        0x3 
 .text          0x00000000c0012f1c      0x582 net/core/ipv4/inet_chksum.32
                0x00000000c0013014                inet_chksum_pseudo
                0x00000000c00131a4                inet_chksum_pseudo_partial
                0x00000000c0013394                inet_chksum
                0x00000000c00133bc                inet_chksum_pbuf
 *fill*         0x00000000c001349e        0x2 
 .text          0x00000000c00134a0      0x84c net/core/ipv4/ip.32
                0x00000000c00134a0                ip_route
                0x00000000c0013534                ip_input
                0x00000000c0013978                ip_output_if
                0x00000000c0013c48                ip_output
 .text          0x00000000c0013cec      0x5ac net/core/ipv4/ip_addr.32
                0x00000000c0013cec                ip4_addr_isbroadcast
                0x00000000c0013d74                ip4_addr_netmask_valid
                0x00000000c0013dd8                ipaddr_aton
                0x00000000c0014108                ipaddr_addr
                0x00000000c0014138                ipaddr_ntoa_r
                0x00000000c0014284                ipaddr_ntoa
 .text          0x00000000c0014298     0x1161 net/core/ipv4/ip_frag.32
                0x00000000c00144fc                ip_reass_tmr
                0x00000000c0014b8c                ip_reass
                0x00000000c001504c                ip_frag
 .text          0x00000000c00153f9        0x0 net/core/snmp/asn1_dec.32
 .text          0x00000000c00153f9        0x0 net/core/snmp/asn1_enc.32
 .text          0x00000000c00153f9        0x0 net/core/snmp/mib2.32
 .text          0x00000000c00153f9        0x0 net/core/snmp/mib_structs.32
 .text          0x00000000c00153f9        0x0 net/core/snmp/msg_in.32
 .text          0x00000000c00153f9        0x0 net/core/snmp/msg_out.32
 .text          0x00000000c00153f9        0x0 net/netif/ppp/auth.32
 .text          0x00000000c00153f9        0x0 net/netif/ppp/chap.32
 .text          0x00000000c00153f9        0x0 net/netif/ppp/chpms.32
 .text          0x00000000c00153f9        0x0 net/netif/ppp/fsm.32
 .text          0x00000000c00153f9        0x0 net/netif/ppp/ipcp.32
 .text          0x00000000c00153f9        0x0 net/netif/ppp/lcp.32
 .text          0x00000000c00153f9        0x0 net/netif/ppp/magic.32
 .text          0x00000000c00153f9        0x0 net/netif/ppp/md5.32
 .text          0x00000000c00153f9        0x0 net/netif/ppp/pap.32
 .text          0x00000000c00153f9        0x0 net/netif/ppp/ppp.32
 .text          0x00000000c00153f9        0x0 net/netif/ppp/ppp_oe.32
 .text          0x00000000c00153f9        0x0 net/netif/ppp/randm.32
 .text          0x00000000c00153f9        0x0 net/netif/ppp/vj.32
 *fill*         0x00000000c00153f9        0x1 
 .text          0x00000000c00153fa      0x6c7 core/computer.32
                0x00000000c00153fa                Computer::close(int, int, void*)
                0x00000000c0015448                Krnl::firstTask()
                0x00000000c0015586                Computer::Computer()
                0x00000000c0015586                Computer::Computer()
                0x00000000c0015636                Computer::setBootMessage(char const*)
                0x00000000c0015638                Computer::detectFeatures()
                0x00000000c001585e                Computer::displayFeatures()
                0x00000000c0015860                Computer::rdmsr(unsigned int)
                0x00000000c001588c                Computer::wrmsr(unsigned int, unsigned long long)
                0x00000000c00158c8                Computer::shutdown()
                0x00000000c00158e0                Computer::restart()
                0x00000000c00158f8                Computer::sleep()
                0x00000000c001590c                Computer::nmiEnabled()
                0x00000000c0015918                Computer::readCMOS(unsigned char)
                0x00000000c0015936                Computer::enableNMI(bool)
                0x00000000c001594e                Computer::open(int, int, void*)
                0x00000000c0015a22                Computer::disableNMI()
                0x00000000c0015a32                Computer::writeCMOS(unsigned char, unsigned char)
                0x00000000c0015a56                Computer::handleNMI()
 *fill*         0x00000000c0015ac1        0x1 
 .text          0x00000000c0015ac2      0x1db core/gdt.32
                0x00000000c0015ac2                GDTEntry::setBase(unsigned int)
                0x00000000c0015ade                GDTEntry::setLimit(unsigned int)
                0x00000000c0015afc                GDT::GDT()
                0x00000000c0015afc                GDT::GDT()
                0x00000000c0015b12                GDT::addEntry(GDTEntry)
                0x00000000c0015b34                GDT::getNumberOfEntries()
                0x00000000c0015b3c                GDT::flush()
                0x00000000c0015b5e                GDT::setup()
 .text          0x00000000c0015c9d       0x1d core/idle.32
                0x00000000c0015c9d                idleFunction(void*)
 *fill*         0x00000000c0015cba        0x2 
 .text          0x00000000c0015cbc      0x46c core/idt.32
                0x00000000c0015cbc                IDTEntry::IDTEntry(bool)
                0x00000000c0015cbc                IDTEntry::IDTEntry(bool)
                0x00000000c0015d36                IDTEntry::setOffset(unsigned int)
                0x00000000c0015d4c                IDT::IDT()
                0x00000000c0015d4c                IDT::IDT()
                0x00000000c0015d4e                IDT::getPointerToInvalidOpcodeEntryForF00F()
                0x00000000c0015d56                IDT::addEntry(IDTEntry, int)
                0x00000000c0015d70                IDT::addEntry(int, void (*)(), bool)
                0x00000000c0015da8                IDT::flush()
                0x00000000c0015dc2                IDT::setup()
 .text          0x00000000c0016128      0x188 core/kheap.32
                0x00000000c0016128                sbrk
                0x00000000c00161bf                mmap
                0x00000000c00161d5                munmap
                0x00000000c00161eb                liballoc_lock()
                0x00000000c00161f9                liballoc_unlock()
                0x00000000c001620f                liballoc_alloc(int)
                0x00000000c0016227                liballoc_free(void*, int)
                0x00000000c0016242                realloc
                0x00000000c0016256                malloc
                0x00000000c0016266                free
                0x00000000c0016276                rfree
                0x00000000c0016286                calloc
 .text          0x00000000c00162b0       0xc7 core/main.32
                0x00000000c00162b0                KeEntryPoint
 .text          0x00000000c0016377      0x644 core/physmgr.32
                0x00000000c0016377                Phys::allocateDMA(unsigned long)
                0x00000000c001645f                Phys::freeDMA(unsigned long, unsigned long)
                0x00000000c001649a                Phys::setPageState(unsigned long, bool)
                0x00000000c00164da                Phys::getPageState(unsigned long)
                0x00000000c00164f6                Phys::freePage(unsigned long)
                0x00000000c001655f                Phys::allocatePage()
                0x00000000c001662e                Phys::allocateContiguousPages(int)
                0x00000000c0016695                Phys::allowSegmentToBeUsed(unsigned long, unsigned long)
                0x00000000c00166cd                Phys::physicalMemorySetup(unsigned int)
 *fill*         0x00000000c00169bb        0x1 
 .text          0x00000000c00169bc      0x273 core/pipe.32
                0x00000000c00169bc                Pipe::isAtty()
                0x00000000c00169c0                Pipe::~Pipe()
                0x00000000c00169c0                Pipe::~Pipe()
                0x00000000c00169e4                Pipe::~Pipe()
                0x00000000c0016a0c                Pipe::write(unsigned long long, void*, int*)
                0x00000000c0016acc                Pipe::read(unsigned long long, void*, int*)
                0x00000000c0016bc8                Pipe::Pipe(int)
                0x00000000c0016bc8                Pipe::Pipe(int)
 *fill*         0x00000000c0016c2f        0x1 
 .text          0x00000000c0016c30      0xab3 core/terminal.32
                0x00000000c0016c30                VgaText::isAtty()
                0x00000000c0016c34                VgaText::~VgaText()
                0x00000000c0016c34                VgaText::~VgaText()
                0x00000000c0016c58                VgaText::~VgaText()
                0x00000000c0016c82                VgaText::read(unsigned long long, void*, int*)
                0x00000000c0016ca2                setTerminalScrollLock(bool)
                0x00000000c0016ca3                doTerminalCycle()
                0x00000000c0016ca4                addToTerminalCycle(VgaText*)
                0x00000000c0016ca5                scrollTerminalScrollLock(int)
                0x00000000c0016ca6                VgaText::updateTitle()
                0x00000000c0016ca8                VgaText::load()
                0x00000000c0016caa                VgaText::updateCursor()
                0x00000000c0016cc0                VgaText::doANSI_SGR(int)
                0x00000000c0016d34                VgaText::setDefaultBgColour(VgaColour)
                0x00000000c0016d44                VgaText::setDefaultFgColour(VgaColour)
                0x00000000c0016d54                VgaText::setDefaultColours(VgaColour, VgaColour)
                0x00000000c0016d74                VgaText::setTitleTextColour(VgaColour)
                0x00000000c0016d80                VgaText::setTitleColour(VgaColour)
                0x00000000c0016d8c                VgaText::setTitle(char*)
                0x00000000c0016d8e                VgaText::combineColours(unsigned char, unsigned char)
                0x00000000c0016da0                VgaText::scrollScreen()
                0x00000000c0016e32                VgaText::combineCharAndColour(char, unsigned char)
                0x00000000c0016e42                VgaText::writeCharacter(char, VgaColour, VgaColour, int, int)
                0x00000000c0016ed2                VgaText::getCursorX()
                0x00000000c0016eda                VgaText::getCursorY()
                0x00000000c0016ee2                VgaText::setCursor(int, int)
                0x00000000c0016ef9                setActiveTerminal(VgaText*)
                0x00000000c0016f44                VgaText::clearScreen()
                0x00000000c0016f92                VgaText::setCursorX(int)
                0x00000000c0016faa                VgaText::setCursorY(int)
                0x00000000c0016fc2                VgaText::incrementCursor(bool)
                0x00000000c0017016                VgaText::decrementCursor(bool)
                0x00000000c0017038                VgaText::putchar(char, VgaColour, VgaColour)
                0x00000000c0017108                VgaText::putchar(char)
                0x00000000c0017200                VgaText::putx(unsigned int)
                0x00000000c0017246                VgaText::puts(char const*)
                0x00000000c001726c                VgaText::write(unsigned long long, void*, int*)
                0x00000000c00172b8                VgaText::puts(char const*, VgaColour, VgaColour)
                0x00000000c0017406                VgaText::VgaText(char const*)
                0x00000000c0017406                VgaText::VgaText(char const*)
                0x00000000c0017556                VgaText::receiveKey(unsigned char)
                0x00000000c00176e2                VgaText::doUpdate()
 *fill*         0x00000000c00176e3        0x1 
 .text          0x00000000c00176e4      0x1a1 core/tss.32
                0x00000000c00176e4                TSS::TSS()
                0x00000000c00176e4                TSS::TSS()
                0x00000000c00176f4                TSS::setESP(unsigned long)
                0x00000000c0017708                TSS::flush()
                0x00000000c0017728                TSS::setup(unsigned long, unsigned long)
 *fill*         0x00000000c0017885        0x1 
 .text          0x00000000c0017886      0x4ca core/unixfile.32
                0x00000000c0017886                ReservedFilename::read(unsigned long long, void*, int*)
                0x00000000c00178dc                ReservedFilename::isAtty()
                0x00000000c00178f8                ReservedFilename::write(unsigned long long, void*, int*)
                0x00000000c0017956                UnixFile::getFileDescriptor()
                0x00000000c001795e                UnixFile::UnixFile(int)
                0x00000000c001795e                UnixFile::UnixFile(int)
                0x00000000c0017b12                ReservedFilename::ReservedFilename(int)
                0x00000000c0017b12                ReservedFilename::ReservedFilename(int)
                0x00000000c0017b44                UnixFile::~UnixFile()
                0x00000000c0017b44                UnixFile::~UnixFile()
                0x00000000c0017be0                UnixFile::~UnixFile()
                0x00000000c0017c08                ReservedFilename::~ReservedFilename()
                0x00000000c0017c08                ReservedFilename::~ReservedFilename()
                0x00000000c0017c2c                ReservedFilename::~ReservedFilename()
                0x00000000c0017c53                KeGetFileFromDescriptor(int)
 .text          0x00000000c0017d50     0x1218 core/virtmgr.32
                0x00000000c0017d50                Virt::setPageState(unsigned long, Virt::VirtPageState)
                0x00000000c0017d8a                Virt::getPageState(unsigned long)
                0x00000000c0017dad                Virt::allocateKernelVirtualPages(int)
                0x00000000c0017ed2                Virt::freeSwapfilePage(unsigned long)
                0x00000000c0017ef5                Virt::swapIDToSector(unsigned long)
                0x00000000c0017f0b                Virt::allocateSwapfilePage()
                0x00000000c0017f8b                Virt::virtualMemorySetup()
                0x00000000c0017fdc                Virt::setupPageSwapping(int)
                0x00000000c001804e                VAS::setCPUSpecific(unsigned long)
                0x00000000c0018050                VAS::VAS(VAS*)
                0x00000000c0018050                VAS::VAS(VAS*)
                0x00000000c001807e                VAS::getForeignPageTableEntry(bool, unsigned long)
                0x00000000c00180ac                VAS::getPageTableEntry(unsigned long)
                0x00000000c00180cb                Virt::freeKernelVirtualPages(unsigned long)
                0x00000000c0018208                VAS::freeAllocatedPages(unsigned long)
                0x00000000c001822c                VAS::virtualToPhysical(unsigned long)
                0x00000000c0018246                VAS::reflagRange(unsigned long, int, unsigned long, unsigned long)
                0x00000000c0018288                VAS::VAS()
                0x00000000c0018288                VAS::VAS()
                0x00000000c00182f2                VAS::setToWriteCombining(unsigned long, int)
                0x00000000c0018326                VAS::mapOtherVASIn(bool, VAS*)
                0x00000000c0018352                VAS::~VAS()
                0x00000000c0018352                VAS::~VAS()
                0x00000000c00184c0                VAS::mapPage(unsigned long, unsigned long, int)
                0x00000000c00185c4                VAS::allocatePages(int, int)
                0x00000000c00186ba                VAS::mapRange(unsigned long, unsigned long, int, int)
                0x00000000c0018712                VAS::mapForeignPage(bool, VAS*, unsigned long, unsigned long, int)
                0x00000000c0018808                VAS::VAS(bool)
                0x00000000c0018808                VAS::VAS(bool)
                0x00000000c0018a52                VAS::evict(unsigned long)
                0x00000000c0018b30                VAS::tryLoadBackOffDisk(unsigned long)
                0x00000000c0018cca                VAS::allocateSharedMemoryWithKernel(unsigned long, unsigned long*)
                0x00000000c0018d3e                VAS::freeSharedMemoryWithKernel(unsigned long, unsigned long)
                0x00000000c0018d6a                VAS::scanForEviction()
                0x00000000c0018e6d                mapVASFirstTime
 .text          0x00000000c0018f68       0x5f coreobjs/c++.32
                0x00000000c0018f68                __cxa_atexit
                0x00000000c0018f6b                __cxa_finalize
                0x00000000c0018f6c                __stack_chk_fail
                0x00000000c0018fa2                __cxa_pure_virtual
                0x00000000c0018fb3                operator new[](unsigned long)
                0x00000000c0018fb8                operator delete(void*, unsigned long)
                0x00000000c0018fbd                operator delete[](void*)
                0x00000000c0018fc2                operator delete[](void*, unsigned long)
 .text          0x00000000c0018fc7      0x254 dbg/kconsole.32
                0x00000000c0018fc7                Dbg::stringifyxWithBase(unsigned int, char*, int)
                0x00000000c0019067                Dbg::logc(char)
                0x00000000c0019087                Dbg::logs(char*)
                0x00000000c00190a6                Dbg::logWriteInt(unsigned int)
                0x00000000c00190c4                Dbg::logWriteIntBase(unsigned int, int)
                0x00000000c00190e5                Dbg::kprintf(char const*, ...)
 *fill*         0x00000000c001921b        0x1 
 .text          0x00000000c001921c      0x2d4 dbg/usban.32
                0x00000000c001921c                KiUbsanPrintDetails(char const*, void*)
                0x00000000c0019288                __ubsan_handle_type_mismatch_v1
                0x00000000c0019364                __ubsan_handle_pointer_overflow
                0x00000000c0019390                __ubsan_handle_out_of_bounds
                0x00000000c00193bc                __ubsan_handle_add_overflow
                0x00000000c00193e8                __ubsan_handle_load_invalid_value
                0x00000000c0019414                __ubsan_handle_divrem_overflow
                0x00000000c0019440                __ubsan_handle_mul_overflow
                0x00000000c001946c                __ubsan_handle_sub_overflow
                0x00000000c0019498                __ubsan_handle_shift_out_of_bounds
                0x00000000c00194c4                __ubsan_handle_negate_overflow
 .text          0x00000000c00194f0      0x86d fs/symlink.32
                0x00000000c001963f                KiDeinitialiseSymlinks(void*)
                0x00000000c00196d2                KeRegisterSymlink(char const*, unsigned long long)
                0x00000000c0019764                KeInitialiseSymlinks()
                0x00000000c00198d8                KiIsSymlinkRegistered(char const*)
                0x00000000c0019a5c                KeDereferenceSymlink(char const*, char*)
                0x00000000c0019c03                KeCreateSymlink(char const*, char const*)
 *fill*         0x00000000c0019d5d        0x1 
 .text          0x00000000c0019d5e      0xd68 fs/vfs.32
                0x00000000c0019d5e                File::read(unsigned long long, void*, int*)
                0x00000000c0019db6                File::write(unsigned long long, void*, int*)
                0x00000000c0019e0e                Directory::read(unsigned long long, void*, int*)
                0x00000000c0019e66                Directory::write(unsigned long long, void*, int*)
                0x00000000c0019e94                File::isAtty()
                0x00000000c0019e98                Directory::isAtty()
                0x00000000c0019e9c                Filesystem::getlabel(LogicalDisk*, int, char*, unsigned int*)
                0x00000000c0019ea2                Filesystem::setlabel(LogicalDisk*, int, char*)
                0x00000000c0019ea8                Filesystem::allocateSwapfile(char const*, int)
                0x00000000c0019eae                File::~File()
                0x00000000c0019eae                File::~File()
                0x00000000c0019ed2                File::~File()
                0x00000000c0019efc                Directory::~Directory()
                0x00000000c0019efc                Directory::~Directory()
                0x00000000c0019f20                Directory::~Directory()
                0x00000000c0019f4a                Filesystem::Filesystem()
                0x00000000c0019f4a                Filesystem::Filesystem()
                0x00000000c0019f6e                Filesystem::~Filesystem()
                0x00000000c0019f6e                Filesystem::~Filesystem()
                0x00000000c0019f7c                Filesystem::~Filesystem()
                0x00000000c0019fa0                Fs::getcwd(Process*, char*, int)
                0x00000000c0019fca                Fs::initVFS()
                0x00000000c0019ff4                Fs::standardiseFiles(char*, char const*, char const*, bool)
                0x00000000c001a20e                File::File(char const*, Process*, bool)
                0x00000000c001a20e                File::File(char const*, Process*, bool)
                0x00000000c001a2ec                File::File(char const*, Process*)
                0x00000000c001a2ec                File::File(char const*, Process*)
                0x00000000c001a30a                File::open(FileOpenMode)
                0x00000000c001a368                File::close()
                0x00000000c001a3c8                File::seek(unsigned long long)
                0x00000000c001a41e                File::truncate(unsigned long long)
                0x00000000c001a474                File::tell(unsigned long long*)
                0x00000000c001a4c4                File::rewind()
                0x00000000c001a4d8                File::unlink()
                0x00000000c001a524                File::rename(char const*)
                0x00000000c001a572                File::chfatattr(unsigned char, unsigned char)
                0x00000000c001a5ce                File::exists()
                0x00000000c001a60c                File::stat(unsigned long long*, bool*)
                0x00000000c001a66d                Fs::setcwd(Process*, char*)
                0x00000000c001a7cc                Directory::Directory(char const*, Process*)
                0x00000000c001a7cc                Directory::Directory(char const*, Process*)
                0x00000000c001a894                Directory::open()
                0x00000000c001a8f0                Directory::close()
                0x00000000c001a950                Directory::unlink()
                0x00000000c001a99c                Directory::rename(char const*)
                0x00000000c001a9ea                Directory::exists()
                0x00000000c001aa28                Directory::read(dirent*)
                0x00000000c001aa74                Directory::create()
                0x00000000c001aac0                Filesystem::chfatattr(char const*, unsigned char, unsigned char)
 *fill*         0x00000000c001aac6        0x2 
 .text          0x00000000c001aac8       0x86 hal/bus.32
                0x00000000c001aac8                Bus::Bus(char const*)
                0x00000000c001aac8                Bus::Bus(char const*)
                0x00000000c001ab00                Bus::~Bus()
                0x00000000c001ab00                Bus::~Bus()
                0x00000000c001ab24                Bus::~Bus()
 .text          0x00000000c001ab4e       0x96 hal/buzzer.32
                0x00000000c001ab4e                beepThread(void*)
                0x00000000c001ab8b                Krnl::beep(int, int, bool)
 .text          0x00000000c001abe4      0x45f hal/clock.32
                0x00000000c001abe4                User::loadClockSettings(int)
                0x00000000c001ac36                Clock::Clock(char const*)
                0x00000000c001ac36                Clock::Clock(char const*)
                0x00000000c001ac6c                Clock::~Clock()
                0x00000000c001ac6c                Clock::~Clock()
                0x00000000c001ac90                Clock::~Clock()
                0x00000000c001acba                Clock::timeInSecondsLocal()
                0x00000000c001ad02                Clock::setTimeInSecondsLocal(unsigned long long)
                0x00000000c001ad5b                datetimeToSeconds(datetime_t)
                0x00000000c001ae7a                Clock::setTimeInDatetimeLocal(datetime_t)
                0x00000000c001aeda                secondsToDatetime(unsigned long long)
                0x00000000c001b01e                Clock::timeInDatetimeLocal()
 *fill*         0x00000000c001b043        0x1 
 .text          0x00000000c001b044      0x47a hal/device.32
                0x00000000c001b044                Device::hibernate()
                0x00000000c001b046                Device::wake()
                0x00000000c001b048                Device::detect()
                0x00000000c001b04a                Device::disableLegacy()
                0x00000000c001b04c                Device::powerSaving(PowerSavingLevel)
                0x00000000c001b04e                DriverlessDevice::close(int, int, void*)
                0x00000000c001b052                DriverlessDevice::detect()
                0x00000000c001b054                DriverlessDevice::open(int, int, void*)
                0x00000000c001b068                Device::~Device()
                0x00000000c001b068                Device::~Device()
                0x00000000c001b076                Device::~Device()
                0x00000000c001b09e                Device::findAndLoadDriver()
                0x00000000c001b0ac                Device::preOpenPCI(PCIDeviceInfo)
                0x00000000c001b0d2                Device::preOpenACPI(void*, char*, char*)
                0x00000000c001b112                Device::addIRQHandler(int, void (*)(regs*, void*), bool, void*)
                0x00000000c001b13c                Device::getParent()
                0x00000000c001b148                Device::removeIRQHandler(int, void (*)(regs*, void*), bool)
                0x00000000c001b166                Device::addChild(Device*)
                0x00000000c001b1aa                Device::removeAllChildren()
                0x00000000c001b1f0                Device::hibernateAll()
                0x00000000c001b220                Device::wakeAll()
                0x00000000c001b250                Device::detectAll()
                0x00000000c001b280                Device::disableLegacyAll()
                0x00000000c001b282                Device::loadDriversForAll()
                0x00000000c001b284                Device::powerSavingAll(PowerSavingLevel)
                0x00000000c001b2ba                Device::setName(char const*)
                0x00000000c001b2c8                Device::Device(char const*)
                0x00000000c001b2c8                Device::Device(char const*)
                0x00000000c001b3c4                Device::getName()
                0x00000000c001b3ce                Device::closeAll()
                0x00000000c001b41a                DriverlessDevice::DriverlessDevice(char const*)
                0x00000000c001b41a                DriverlessDevice::DriverlessDevice(char const*)
                0x00000000c001b450                Device::addToLinkedList(LinkedList<Device>&, DeviceType)
                0x00000000c001b494                getDevicesOfType(DeviceType)
 *fill*         0x00000000c001b4be        0x2 
 .text          0x00000000c001b4c0       0x86 hal/diskctrl.32
                0x00000000c001b4c0                HardDiskController::HardDiskController(char const*)
                0x00000000c001b4c0                HardDiskController::HardDiskController(char const*)
                0x00000000c001b4f8                HardDiskController::~HardDiskController()
                0x00000000c001b4f8                HardDiskController::~HardDiskController()
                0x00000000c001b51c                HardDiskController::~HardDiskController()
 .text          0x00000000c001b546       0xe2 hal/diskphys.32
                0x00000000c001b546                PhysicalDisk::eject()
                0x00000000c001b54a                PhysicalDisk::PhysicalDisk(char const*, int)
                0x00000000c001b54a                PhysicalDisk::PhysicalDisk(char const*, int)
                0x00000000c001b5b2                PhysicalDisk::startCache()
                0x00000000c001b5da                PhysicalDisk::~PhysicalDisk()
                0x00000000c001b5da                PhysicalDisk::~PhysicalDisk()
                0x00000000c001b5fe                PhysicalDisk::~PhysicalDisk()
 .text          0x00000000c001b628        0x0 hal/fpu.32
 .text          0x00000000c001b628      0x359 hal/intctrl.32
                0x00000000c001b628                int_handler
                0x00000000c001b6b2                installISRHandler(int, void (*)(regs*, void*), void*)
                0x00000000c001b6fc                installIRQHandler(int, void (*)(regs*, void*), bool, void*)
                0x00000000c001b830                uninstallISRHandler(int, void (*)(regs*, void*))
                0x00000000c001b864                uninstallIRQHandler(int, void (*)(regs*, void*), bool)
                0x00000000c001b8e2                setupINTS()
                0x00000000c001b93f                convertLegacyIRQNumber(int)
 *fill*         0x00000000c001b981        0x1 
 .text          0x00000000c001b982      0x8be hal/keybrd.32
                0x00000000c001b982                startGUI(void*)
                0x00000000c001b9f0                startGUIVESA(void*)
                0x00000000c001ba5e                sendKeyToTerminal(unsigned char)
                0x00000000c001bb39                sendKeyboardToken(KeyboardToken)
                0x00000000c001c023                clearInternalKeybuffer(VgaText*)
                0x00000000c001c058                readKeyboard(VgaText*, char*, unsigned long)
                0x00000000c001c1b6                Keyboard::Keyboard(char const*)
                0x00000000c001c1b6                Keyboard::Keyboard(char const*)
                0x00000000c001c1f2                Keyboard::~Keyboard()
                0x00000000c001c1f2                Keyboard::~Keyboard()
                0x00000000c001c216                Keyboard::~Keyboard()
 .text          0x00000000c001c240      0x3f8 hal/logidisk.32
                0x00000000c001c240                LogicalDisk::close(int, int, void*)
                0x00000000c001c244                LogicalDisk::~LogicalDisk()
                0x00000000c001c244                LogicalDisk::~LogicalDisk()
                0x00000000c001c268                LogicalDisk::~LogicalDisk()
                0x00000000c001c292                LogicalDisk::open(int, int, void*)
                0x00000000c001c2a6                LogicalDisk::absoluteToRelative(unsigned long long)
                0x00000000c001c2de                LogicalDisk::relativeToAbsolute(unsigned long long)
                0x00000000c001c324                LogicalDisk::LogicalDisk(char const*, PhysicalDisk*, unsigned long long, unsigned long long)
                0x00000000c001c324                LogicalDisk::LogicalDisk(char const*, PhysicalDisk*, unsigned long long, unsigned long long)
                0x00000000c001c3e4                LogicalDisk::assignDriveLetter()
                0x00000000c001c49e                LogicalDisk::mount()
                0x00000000c001c4e6                LogicalDisk::unmount()
                0x00000000c001c4f6                LogicalDisk::eject()
                0x00000000c001c50a                LogicalDisk::unassignDriveLetter()
                0x00000000c001c560                LogicalDisk::read(unsigned long long, int, void*)
                0x00000000c001c5cc                LogicalDisk::write(unsigned long long, int, void*)
 .text          0x00000000c001c638       0x86 hal/mouse.32
                0x00000000c001c638                Mouse::Mouse(char const*)
                0x00000000c001c638                Mouse::Mouse(char const*)
                0x00000000c001c670                Mouse::~Mouse()
                0x00000000c001c670                Mouse::~Mouse()
                0x00000000c001c694                Mouse::~Mouse()
 .text          0x00000000c001c6be       0x90 hal/nic.32
                0x00000000c001c6be                NIC::getMAC()
                0x00000000c001c6c4                NIC::write(int, unsigned char*, int*)
                0x00000000c001c6ca                NIC::NIC(char const*)
                0x00000000c001c6ca                NIC::NIC(char const*)
                0x00000000c001c700                NIC::~NIC()
                0x00000000c001c700                NIC::~NIC()
                0x00000000c001c724                NIC::~NIC()
 .text          0x00000000c001c74e      0x33b hal/partition.32
                0x00000000c001c74e                makePartition(PhysicalDisk*, unsigned long long, unsigned long long)
                0x00000000c001c7f6                createPartitionsForDisk(PhysicalDisk*)
 *fill*         0x00000000c001ca89        0x3 
 .text          0x00000000c001ca8c       0x86 hal/serial.32
                0x00000000c001ca8c                Serial::Serial(char const*)
                0x00000000c001ca8c                Serial::Serial(char const*)
                0x00000000c001cac4                Serial::~Serial()
                0x00000000c001cac4                Serial::~Serial()
                0x00000000c001cae8                Serial::~Serial()
 *fill*         0x00000000c001cb12        0x2 
 .text          0x00000000c001cb14      0x234 hal/timer.32
                0x00000000c001cb14                Timer::Timer(char const*)
                0x00000000c001cb14                Timer::Timer(char const*)
                0x00000000c001cb4c                Timer::~Timer()
                0x00000000c001cb4c                Timer::~Timer()
                0x00000000c001cb70                Timer::~Timer()
                0x00000000c001cb9a                Timer::read()
                0x00000000c001cba5                setupTimer(int)
                0x00000000c001cbe0                timerHandler(unsigned int)
 .text          0x00000000c001cd48      0x444 hal/vcache.32
                0x00000000c001cd48                VCache::VCache(PhysicalDisk*)
                0x00000000c001cd48                VCache::VCache(PhysicalDisk*)
                0x00000000c001ceb8                VCache::invalidateReadBuffer()
                0x00000000c001cec8                VCache::writeWriteBuffer()
                0x00000000c001cf14                VCache::~VCache()
                0x00000000c001cf14                VCache::~VCache()
                0x00000000c001cf6c                VCache::~VCache()
                0x00000000c001cf94                VCache::write(unsigned long long, int, void*)
                0x00000000c001d082                VCache::read(unsigned long long, int, void*)
 .text          0x00000000c001d18c      0x4c7 hal/video.32
                0x00000000c001d18c                Video::putrect(int, int, int, int, unsigned int)
                0x00000000c001d1d8                Video::bitblit(int, int, int, int, int, int, int, unsigned int*)
                0x00000000c001d248                Video::blit(unsigned int*, int, int, int, int)
                0x00000000c001d2c6                Video::clearScreen(unsigned int)
                0x00000000c001d2fa                Video::putpixel(int, int, unsigned int)
                0x00000000c001d308                Video::readPixelApprox(int, int)
                0x00000000c001d31c                Video::Video(char const*)
                0x00000000c001d31c                Video::Video(char const*)
                0x00000000c001d352                Video::~Video()
                0x00000000c001d352                Video::~Video()
                0x00000000c001d376                Video::~Video()
                0x00000000c001d3a0                Video::isMonochrome()
                0x00000000c001d3ac                Video::getWidth()
                0x00000000c001d3b8                Video::getHeight()
                0x00000000c001d3c4                Video::drawCursor(int, int, unsigned int*, int)
                0x00000000c001d480                Video::tgaParse(unsigned char*, int, int*, int*)
                0x00000000c001d5e8                Video::putTGA(int, int, unsigned char*, int)
 *fill*         0x00000000c001d653        0x1 
 .text          0x00000000c001d654     0x1413 hw/acpi.32
                0x00000000c001d654                ACPI::close(int, int, void*)
                0x00000000c001d790                findRSDP()
                0x00000000c001d828                loadACPITables(unsigned char*)
                0x00000000c001da94                findRSDT(unsigned char*)
                0x00000000c001dbec                findDataTable(unsigned char*, char*)
                0x00000000c001dc6c                scanMADT()
                0x00000000c001e124                ACPI::ACPI()
                0x00000000c001e124                ACPI::ACPI()
                0x00000000c001e178                ACPI::getPCIIRQAssignment(unsigned char, unsigned short, unsigned char)
                0x00000000c001e274                ACPI::registerPCIIRQAssignment(void*, unsigned short, unsigned char, unsigned char)
                0x00000000c001e340                ACPI::setScreenBrightnessLevel(void*, int)
                0x00000000c001e348                ACPI::detectPCI()
                0x00000000c001e568                ACPI::writeSimpleBootFlag(SimpleBootFlagTable*)
                0x00000000c001e5b0                ACPI::sleep()
                0x00000000c001e5cc                ACPI::open(int, int, void*)
 *fill*         0x00000000c001ea67        0x1 
 .text          0x00000000c001ea68      0xbc5 hw/cpu.32
                0x00000000c001ea68                CPU::close(int, int, void*)
                0x00000000c001ea6c                CPU::AMD_K6_write_msr(unsigned int, unsigned int, unsigned int, CPU::REGS*)
                0x00000000c001ea88                CPU::AMD_K6_read_msr(unsigned int, CPU::REGS*)
                0x00000000c001eaa0                CPU::AMD_K6_writeback(int, int, int)
                0x00000000c001eb14                CPU::cpuid(int, unsigned long*, unsigned long*, unsigned long*, unsigned long*)
                0x00000000c001eb98                CPU::cpuidCheckEDX(unsigned int)
                0x00000000c001ebc6                CPU::cpuidCheckECX(unsigned int)
                0x00000000c001ebf4                CPU::cpuidCheckExtendedEBX(unsigned int)
                0x00000000c001ec22                CPU::cpuidCheckExtendedECX(unsigned int)
                0x00000000c001ec50                CPU::CPU()
                0x00000000c001ec50                CPU::CPU()
                0x00000000c001ecde                CPU::displayFeatures()
                0x00000000c001ece0                CPU::detectFeatures()
                0x00000000c001f3b4                CPU::setupSMEP()
                0x00000000c001f3c0                CPU::setupUMIP()
                0x00000000c001f3ca                CPU::setupTSC()
                0x00000000c001f3d4                CPU::setupLargePages()
                0x00000000c001f3de                CPU::setupPAT()
                0x00000000c001f41a                CPU::setupMTRR()
                0x00000000c001f41c                CPU::setupGlobalPages()
                0x00000000c001f426                CPU::allowUsermodeDataAccess()
                0x00000000c001f438                CPU::prohibitUsermodeDataAccess()
                0x00000000c001f44a                CPU::setupSMAP()
                0x00000000c001f458                CPU::setupFeatures()
                0x00000000c001f524                CPU::open(int, int, void*)
 .text          0x00000000c001f62d       0xb6 krnl/atexit.32
                0x00000000c001f62d                KeInitialiseAtexit()
                0x00000000c001f64c                KeRegisterAtexit(void (*)(void*), void*)
                0x00000000c001f680                KeExecuteAtexit()
 .text          0x00000000c001f6e3       0xdf krnl/bootmsg.32
                0x00000000c001f6e3                KeDisplaySplashScreen()
                0x00000000c001f75f                KeSetBootMessage(char const*)
 *fill*         0x00000000c001f7c2        0x2 
 .text          0x00000000c001f7c4       0x48 krnl/cdefs.32
                0x00000000c001f7c4                CUnlockScheduler
                0x00000000c001f7e0                CLockScheduler
                0x00000000c001f7f0                CPrintf
 .text          0x00000000c001f80c       0x1d krnl/compat.32
                0x00000000c001f80c                Krnl::handlePowerButton()
                0x00000000c001f81c                Krnl::handleSleepButton()
 .text          0x00000000c001f829       0x2b krnl/crc32.32
                0x00000000c001f829                KeCalculateCRC32(unsigned char*, int)
 .text          0x00000000c001f854      0x5bf krnl/env.32
                0x00000000c001f854                EnvVarContainer::getEnv(char const*)
                0x00000000c001f892                EnvVarContainer::setEnv(char const*, char const*)
                0x00000000c001f954                EnvVarContainer::deleteEnv(char const*)
                0x00000000c001f956                EnvVarContainer::loadFrom(char const*, char const*)
                0x00000000c001fb7a                EnvVarContainer::__loadSystem()
                0x00000000c001fb94                EnvVarContainer::__loadUser()
                0x00000000c001fb96                EnvVarContainer::EnvVarContainer(Process*)
                0x00000000c001fb96                EnvVarContainer::EnvVarContainer(Process*)
                0x00000000c001fbb8                EnvVarContainer::~EnvVarContainer()
                0x00000000c001fbb8                EnvVarContainer::~EnvVarContainer()
                0x00000000c001fbe8                KeGetEnv(Process*, char const*)
                0x00000000c001fc4d                KeSetEnvSystem(char const*, char const*)
                0x00000000c001fc67                KeSetEnvUser(char const*, char const*)
                0x00000000c001fc86                KeSetEnvProcess(Process*, char const*, char const*)
                0x00000000c001fc99                KeDeleteEnvSystem(char const*)
                0x00000000c001fc9a                KeDeleteEnvUser(char const*)
                0x00000000c001fc9b                KeDeleteEnvProcess(Process*, char const*)
                0x00000000c001fc9c                KeNewProcessEnv(Process*)
                0x00000000c001fcbe                KeCopyProcessEnv(Process*, Process*)
                0x00000000c001fd0a                KeLoadSystemEnv()
                0x00000000c001fd38                KeLoadUserEnv()
                0x00000000c001fd5e                KeFlushEnv()
                0x00000000c001fd5f                KeGetProcessTotalEnvCount(Process*)
                0x00000000c001fd7f                KeGetProcessEnvPair(Process*, int)
 .text          0x00000000c001fe13       0x94 krnl/inlines.32
                0x00000000c001fe13                CPU::current()
                0x00000000c001fe1f                operator new(unsigned long)
                0x00000000c001fe24                operator delete(void*)
                0x00000000c001fe29                disableIRQs()
                0x00000000c001fe2b                enableIRQs()
                0x00000000c001fe2d                lockScheduler()
                0x00000000c001fe35                unlockScheduler()
                0x00000000c001fe44                lockStuff()
                0x00000000c001fe52                unlockStuff()
                0x00000000c001fe8c                Virt::getAKernelVAS()
                0x00000000c001fe92                __not_memcpy
 .text          0x00000000c001fea7        0xc krnl/panic.32
                0x00000000c001fea7                KePanic(char const*)
 .text          0x00000000c001feb3      0x142 krnl/powctrl.32
                0x00000000c001feb3                KePowerThread(void*)
                0x00000000c001fee1                KeChangePowerSettings(PowerSettings)
                0x00000000c001fef7                KeUserIOReceived()
                0x00000000c001ff02                KeHandlePowerButton()
                0x00000000c001ff37                KeHandleSleepButton()
                0x00000000c001ff6c                KeSetupPowerManager()
 .text          0x00000000c001fff5       0x9d krnl/random.32
                0x00000000c001fff5                KeRand()
                0x00000000c0020037                KeSeedRand(unsigned int)
                0x00000000c0020060                KeInitRand()
 *fill*         0x00000000c0020092        0x2 
 .text          0x00000000c0020094      0x1bc krnl/resolve.32
                0x00000000c0020094                KeResolveCompatibilitySymbol(char*)
 .text          0x00000000c0020250      0x322 krnl/signal.32
                0x00000000c0020250                KiSigKill(int)
                0x00000000c0020264                KiDefaultSignalHandlerIgnore(int)
                0x00000000c0020265                KiDefaultSignalHandlerPause(int)
                0x00000000c0020291                KiDefaultSignalHandlerResume(int)
                0x00000000c00202bd                KeDeinitSignals(SigHandlerBlock*)
                0x00000000c00202c2                KeInitSignals()
                0x00000000c0020314                KeRegisterSignalHandler(SigHandlerBlock*, int, void (*)(int), unsigned int, int)
                0x00000000c002034a                KeRaiseSignal(SigHandlerBlock*, int)
                0x00000000c00203c7                KeCheckSignal(SigHandlerBlock*, int*)
                0x00000000c00204be                KiCheckSignalZ
                0x00000000c0020500                KeCompleteSignal(SigHandlerBlock*, int)
                0x00000000c002053b                KiFinishSignalZ
 .text          0x00000000c0020572      0xe10 krnl/syscalls.32
                0x00000000c0020572                SysSeekDir(regs*)
                0x00000000c0020577                SysTellDir(regs*)
                0x00000000c002057c                SysVerify(regs*)
                0x00000000c0020586                SysGetArgc(regs*)
                0x00000000c002059a                SysTTYName(regs*)
                0x00000000c00205a2                SysFormatDisk(regs*)
                0x00000000c0020619                SysSetDiskVolumeLabel(regs*)
                0x00000000c002066d                SysGetDiskVolumeLabel(regs*)
                0x00000000c00206c6                SysShutdown(regs*)
                0x00000000c0020724                SysRealpath(regs*)
                0x00000000c0020768                SysReadDir(regs*)
                0x00000000c00207e8                SysIsATTY(regs*)
                0x00000000c0020842                SysSeek(regs*)
                0x00000000c0020899                SysTell(regs*)
                0x00000000c0020906                SysSize(regs*)
                0x00000000c0020979                SysSizeFromFilename(regs*)
                0x00000000c0020aaa                SysSizeFromFilenameNoSymlink(regs*)
                0x00000000c0020bdb                SysClose(regs*)
                0x00000000c0020c3b                SysOpenDir(regs*)
                0x00000000c0020cb8                SysMakeDir(regs*)
                0x00000000c0020d26                SysCloseDir(regs*)
                0x00000000c0020d7a                SysWait(regs*)
                0x00000000c0020d9b                SysNotImpl(regs*)
                0x00000000c0020db6                SysPanic(regs*)
                0x00000000c0020dd1                SysRmdir(regs*)
                0x00000000c0020e36                SysUnlink(regs*)
                0x00000000c0020e9b                SysGetArgv(regs*)
                0x00000000c0020ee8                SysUSleep(regs*)
                0x00000000c0020f11                SysSpawn(regs*)
                0x00000000c0020f84                SysGetEnv(regs*)
                0x00000000c0021035                SysSetFatAttrib(regs*)
                0x00000000c00210a8                SysPipe(regs*)
                0x00000000c00210ed                SysGetUnixTime(regs*)
                0x00000000c0021101                string_ends_with(char const*, char const*)
                0x00000000c0021149                SysOpen(regs*)
                0x00000000c0021340                KeSystemCall(regs*, void*)
 *fill*         0x00000000c0021382        0x2 
 .text          0x00000000c0021384      0x159 net/ethernet.32
                0x00000000c0021384                KeSwitchEndian16(unsigned short)
                0x00000000c00213a8                KeSwitchEndian32(unsigned int)
                0x00000000c00213d8                EthernetCRC32(unsigned char*, int)
                0x00000000c002147c                EthernetReceivedPacket(EthernetUnwrappedFrame*, unsigned short)
 .text          0x00000000c00214dd      0xd56 reg/cm.32
                0x00000000c00214dd                CmOpen(char const*)
                0x00000000c00215fb                CmClose(Reghive_Tag*)
                0x00000000c0021611                CmReadExtent(Reghive_Tag*, int, unsigned char*)
                0x00000000c002164d                CmGetString(Reghive_Tag*, int, char*)
                0x00000000c00216c4                CmEnterDirectory(Reghive_Tag*, int)
                0x00000000c0021703                CmGetNext(Reghive_Tag*, int)
                0x00000000c0021735                CmWriteExtent(Reghive_Tag*, int, unsigned char*)
                0x00000000c0021771                CmFreeExtent(Reghive_Tag*, int)
                0x00000000c0021799                CmUpdateHeader(Reghive_Tag*)
                0x00000000c00217ba                CmExpand(Reghive_Tag*, int)
                0x00000000c0021835                CmFindUnusedExtent(Reghive_Tag*)
                0x00000000c00218bb                CmCreateExtent(Reghive_Tag*, int, int, unsigned char*)
                0x00000000c00219af                CmSetString(Reghive_Tag*, int, char const*)
                0x00000000c0021aeb                CmGetMatch(char*, char*, bool, bool*)
                0x00000000c0021b4c                CmAddShift(unsigned int*, int*, unsigned char, int)
                0x00000000c0021b7c                CmGetShift(unsigned int*, int*, int, bool*)
                0x00000000c0021bb3                CmGetInteger(Reghive_Tag*, int, unsigned long long*)
                0x00000000c0021bdd                CmSetInteger(Reghive_Tag*, int, unsigned long long)
                0x00000000c0021c1d                CmConvertFromInternalFilename(unsigned char const*, char*)
                0x00000000c0021cc1                CmGetNameAndTypeFromExtent(Reghive_Tag*, int, char*)
                0x00000000c0021cef                CmConvertToInternalFilename(char const*, unsigned char*)
                0x00000000c0021e8d                CmCreateString(Reghive_Tag*, int, char const*)
                0x00000000c0021eda                CmFindInDirectory(Reghive_Tag*, int, char const*)
                0x00000000c0021f54                CmCreateInteger(Reghive_Tag*, int, char const*, unsigned long long, int)
                0x00000000c0021fa7                CmCreateDirectory(Reghive_Tag*, int, char const*)
                0x00000000c002206b                zStrtok(char*, char const*)
                0x00000000c00220dd                CmFindObjectFromPath(Reghive_Tag*, char const*)
                0x00000000c002215e                CmDisplayTree(Reghive_Tag*, int, int)
                0x00000000c0022201                CmSplitFinalSlashInPlace(char*)
 .text          0x00000000c0022233      0x52a reg/registry.32
                0x00000000c0022233                Reg::findLineFromLoadedData(char*, char*, char*)
                0x00000000c00223a4                Reg::getLineFromRegistry(char*, char*, char*, char*)
                0x00000000c00224f9                Reg::getLine(char*, char*, char*)
                0x00000000c0022530                Reg::readInt(char*, char*, int*)
                0x00000000c002261e                Reg::readString(char*, char*, char*, int)
                0x00000000c002269f                Reg::readBool(char*, char*, bool*)
                0x00000000c00226c4                Reg::readBoolWithDefault(char*, char*, bool)
                0x00000000c00226f0                Reg::readIntWithDefault(char*, char*, int)
                0x00000000c002271c                Reg::readStringWithDefault(char*, char*, char*, int, char*)
 .text          0x00000000c002275d       0x36 sys/eject.32
                0x00000000c002275d                SysEject(regs*)
 .text          0x00000000c0022793       0x18 sys/exit.32
                0x00000000c0022793                SysExit(regs*)
 .text          0x00000000c00227ab       0x1f sys/getcwd.32
                0x00000000c00227ab                SysGetCwd(regs*)
 .text          0x00000000c00227ca        0xc sys/getpid.32
                0x00000000c00227ca                SysGetPID(regs*)
 .text          0x00000000c00227d6       0x1a sys/getramdata.32
                0x00000000c00227d6                SysGetRAMData(regs*)
 .text          0x00000000c00227f0       0x82 sys/getvgaptr.32
                0x00000000c00227f0                SysGetVGAPtr(regs*)
 *fill*         0x00000000c0022872        0x2 
 .text          0x00000000c0022874       0xb9 sys/kill.32
                0x00000000c0022874                SysKill(regs*)
 .text          0x00000000c002292d       0xa8 sys/loaddll.32
                0x00000000c002292d                SysLoadDLL(regs*)
 .text          0x00000000c00229d5       0x68 sys/read.32
                0x00000000c00229d5                SysRead(regs*)
 .text          0x00000000c0022a3d       0x29 sys/registersignal.32
                0x00000000c0022a3d                SysRegisterSignal(regs*)
 .text          0x00000000c0022a66      0x19c sys/registry.32
                0x00000000c0022a66                SysRegistryGetTypeFromPath(regs*)
                0x00000000c0022add                SysRegistryReadExtent(regs*)
                0x00000000c0022b25                SysRegistryPathToExtentLookup(regs*)
                0x00000000c0022b4d                SysRegistryEnterDirectory(regs*)
                0x00000000c0022b75                SysRegistryGetNext(regs*)
                0x00000000c0022b9d                SysRegistryGetNameAndTypeFromExtent(regs*)
                0x00000000c0022bd7                SysRegistryOpen(regs*)
                0x00000000c0022beb                SysRegistryClose(regs*)
 .text          0x00000000c0022c02       0x55 sys/sbrk.32
                0x00000000c0022c02                SysSbrk(regs*)
 .text          0x00000000c0022c57       0x1c sys/setcwd.32
                0x00000000c0022c57                SysSetCwd(regs*)
 .text          0x00000000c0022c73       0x96 sys/settime.32
                0x00000000c0022c73                SysSetTime(regs*)
 .text          0x00000000c0022d09       0x73 sys/symlink.32
                0x00000000c0022d09                SysSymlink(regs*)
 .text          0x00000000c0022d7c       0x4a sys/timezone.32
                0x00000000c0022d7c                SysTimezone(regs*)
 .text          0x00000000c0022dc6       0xfc sys/truncate.32
                0x00000000c0022dc6                SysTruncate(regs*)
 .text          0x00000000c0022ec2       0x68 sys/write.32
                0x00000000c0022ec2                SysWrite(regs*)
 .text          0x00000000c0022f2a       0x62 sys/wsbe.32
                0x00000000c0022f2a                SysWsbe(regs*)
 .text          0x00000000c0022f8c       0x25 sys/yield.32
                0x00000000c0022f8c                SysYield(regs*)
 .text          0x00000000c0022fb1     0x11e6 thr/elf.32
                0x00000000c0022fb1                Thr::allocateMemoryForTask(Process*, File*, unsigned long, unsigned long, unsigned long)
                0x00000000c002323f                Thr::loadProgramIntoMemory(Process*, char const*)
                0x00000000c0023451                Thr::runtimeReferenceHelper()
                0x00000000c0023464                Thr::getAddressOfKernelSymbol(char const*)
                0x00000000c00234b3                Thr::loadKernelSymbolTable(char const*)
                0x00000000c0023771                Thr::loadDriverIntoMemory(char const*, unsigned long, bool)
                0x00000000c0023eaa                Thr::getDriverBaseFromAddress(unsigned long)
                0x00000000c0023edc                Thr::getDriverNameFromAddress(unsigned long)
                0x00000000c0023f13                Thr::getDriverOffsetFromAddress(unsigned long)
                0x00000000c0023f2d                Thr::loadDLL(char const*, bool)
                0x00000000c002415e                Thr::executeDLL(unsigned long, void*)
 *fill*         0x00000000c0024197        0x1 
 .text          0x00000000c0024198     0x13d9 thr/prcssthr.32
                0x00000000c0024198                userModeEntryPoint(void*)
                0x00000000c00241c0                changeTSS
                0x00000000c00241f0                switchToThread(ThreadControlBlock*)
                0x00000000c00242a0                Process::addArgs(char**)
                0x00000000c002430c                Process::Process(char const*, Process*, char**)
                0x00000000c002430c                Process::Process(char const*, Process*, char**)
                0x00000000c0024518                Process::Process(bool, char const*, Process*, char**)
                0x00000000c0024518                Process::Process(bool, char const*, Process*, char**)
                0x00000000c00246ec                taskStartupFunction
                0x00000000c00246f8                Semaphore::Semaphore(int)
                0x00000000c00246f8                Semaphore::Semaphore(int)
                0x00000000c0024728                Mutex::Mutex()
                0x00000000c0024728                Mutex::Mutex()
                0x00000000c002473c                Process::createThread(void (*)(void*), void*, int)
                0x00000000c0024848                Process::createUserThread()
                0x00000000c0024868                setupMultitasking(void (*)())
                0x00000000c002498c                schedule()
                0x00000000c0024a20                Semaphore::tryAcquire()
                0x00000000c0024af4                Semaphore::assertLocked(char const*)
                0x00000000c0024b78                blockTaskWithSchedulerLockAlreadyHeld(TaskState)
                0x00000000c0024ba0                blockTask(TaskState)
                0x00000000c0024bd8                waitTask(int, int*, int)
                0x00000000c0024c1c                milliTenthSleepUntil(unsigned int)
                0x00000000c0024cbc                milliTenthSleep(unsigned int)
                0x00000000c0024cd0                sleep(unsigned int)
                0x00000000c0024cec                Semaphore::acquire()
                0x00000000c0024db4                taskReturned
                0x00000000c0024df8                Thr::processFromPID(int)
                0x00000000c0024ea4                unblockTask(ThreadControlBlock*)
                0x00000000c0024f50                cleanupTerminatedTask(ThreadControlBlock*)
                0x00000000c0025224                cleanerTaskFunction(void*)
                0x00000000c002532c                terminateTask(int)
                0x00000000c0025418                Thr::terminateFromIRQ(int)
                0x00000000c0025428                Semaphore::release()
 .text          0x00000000c0025571      0xc27 vm86/vm8086.32
                0x00000000c0025571                Vm::inbv(unsigned short)
                0x00000000c0025584                Vm::outbv(unsigned short, unsigned char)
                0x00000000c00255ba                Vm::realToLinear(unsigned short, unsigned short)
                0x00000000c00255ca                Vm::getSegment(unsigned int)
                0x00000000c00255d2                Vm::getOffset(unsigned int)
                0x00000000c00255d7                Vm::mainloop2()
                0x00000000c0025611                Vm::mainVm8086Loop(void*)
                0x00000000c0025621                Vm::mainloop3(unsigned long)
                0x00000000c0025647                Vm::initialise8086()
                0x00000000c002568a                Vm::finish8086()
                0x00000000c00256eb                Vm::getOutput8086(unsigned char*)
                0x00000000c0025710                Vm::start8086FromBuffer(unsigned char*, int, unsigned short, unsigned short, unsigned short, unsigned short)
                0x00000000c00257c9                Vm::start8086(char const*, unsigned short, unsigned short, unsigned short, unsigned short)
                0x00000000c0025967                Vm::doISR(regs*, int, unsigned char*, unsigned short, unsigned short)
                0x00000000c0025a00                Vm::readByteFromReal(unsigned short, unsigned short)
                0x00000000c0025a11                Vm::readWordFromReal(unsigned short, unsigned short)
                0x00000000c0025a23                Vm::readDwordFromReal(unsigned short, unsigned short)
                0x00000000c0025a34                Vm::writeByteFromReal(unsigned short, unsigned short, unsigned char)
                0x00000000c0025a49                Vm::writeWordFromReal(unsigned short, unsigned short, unsigned short)
                0x00000000c0025a5f                Vm::writeDwordFromReal(unsigned short, unsigned short, unsigned int)
                0x00000000c0025a74                Vm::faultHandler(regs*)
 .text          0x00000000c0026198      0xaf0 arch/i386/hal.32
                0x00000000c0026198                noCopro(unsigned long)
                0x00000000c0026199                nmiHandler(regs*, void*)
                0x00000000c00261b2                doubleFault(regs*, void*)
                0x00000000c00261cb                displayDebugInfo(regs*)
                0x00000000c0026550                HalSystemIdle()
                0x00000000c00265cc                displayProgramFault(char const*)
                0x00000000c0026618                gpFault(regs*, void*)
                0x00000000c002667f                pgFault(regs*, void*)
                0x00000000c0026708                otherISRHandler(regs*, void*)
                0x00000000c002673c                opcodeFault(regs*, void*)
                0x00000000c00267bf                i386SaveCoprocessor(void*)
                0x00000000c00267d3                i386LoadCoprocessor(void*)
                0x00000000c00267e7                x87EmulHandler(regs*, void*)
                0x00000000c0026884                HalInitialiseCoprocessor()
                0x00000000c0026932                HalPanic(char const*)
                0x00000000c0026a46                HalQueryPerformanceCounter()
                0x00000000c0026a61                HalInitialise()
                0x00000000c0026c17                HalMakeBeep(int)
                0x00000000c0026c51                HalGetRand()
                0x00000000c0026c54                HalEndOfInterrupt(int)
                0x00000000c0026c85                HalRestart()
                0x00000000c0026c86                HalShutdown()
                0x00000000c0026c87                HalSleep()
 .text          0x00000000c0026c88      0x2dc arch/i386/pic.32
                0x00000000c0026c88                picIoWait()
                0x00000000c0026c90                picDisable()
                0x00000000c0026cc4                picGetIRQReg(int)
                0x00000000c0026d40                picOpen()
                0x00000000c0026ec4                picEOI(int)
 .text          0x00000000c0026f64      0x674 arch/i386/rtc.32
                0x00000000c0026f64                RTC::open(int, int, void*)
                0x00000000c0026f68                RTC::close(int, int, void*)
                0x00000000c0026f6c                RTC::timeInSecondsUTC()
                0x00000000c0026f7e                RTC::timeInDatetimeUTC()
                0x00000000c0026fa4                RTC::setTimeInSecondsUTC(unsigned long long)
                0x00000000c0026fe2                RTC::~RTC()
                0x00000000c0026fe2                RTC::~RTC()
                0x00000000c0027006                RTC::~RTC()
                0x00000000c0027030                RTC::get_update_in_progress_flag()
                0x00000000c002704a                RTC::completeRTCRefresh()
                0x00000000c002732a                RTC::setTimeInDatetimeUTC(datetime_t)
                0x00000000c00274d8                rtcIRQHandler(regs*, void*)
                0x00000000c002751e                RTC::RTC()
                0x00000000c002751e                RTC::RTC()
 .text          0x00000000c00275d8      0x1f4 arch/i386/vga.32
                0x00000000c00275d8                HalConsoleScroll(int, int)
                0x00000000c00276e0                HalConsoleWriteCharacter(char, int, int, int, int)
                0x00000000c0027744                HalConsoleCursorUpdate(int, int)
 .text          0x00000000c00277cc     0x14cf fs/fat/vfslink.32
                0x00000000c00277cc                FAT::getName()
                0x00000000c00277d4                FAT::tell(void*, unsigned long long*)
                0x00000000c0027810                FAT::stat(void*, unsigned long long*)
                0x00000000c002784c                FAT::~FAT()
                0x00000000c002784c                FAT::~FAT()
                0x00000000c0027870                FAT::~FAT()
                0x00000000c0027898                FAT::getlabel(LogicalDisk*, int, char*, unsigned int*)
                0x00000000c002793c                FAT::setlabel(LogicalDisk*, int, char*)
                0x00000000c0027a00                FAT::format(LogicalDisk*, int, char const*, int)
                0x00000000c0027be4                FAT::tryMount(LogicalDisk*, int)
                0x00000000c0027e00                FAT::allocateSwapfile(char const*, int)
                0x00000000c0027fc0                FAT::readDir(void*, unsigned long, void*, int*)
                0x00000000c0028130                FAT::read(void*, unsigned long, void*, int*)
                0x00000000c0028190                FAT::write(void*, unsigned long, void*, int*)
                0x00000000c00281f0                FAT::close(void*)
                0x00000000c0028244                FAT::closeDir(void*)
                0x00000000c0028298                FAT::truncate(void*, unsigned long long)
                0x00000000c0028304                FAT::seek(void*, unsigned long long)
                0x00000000c002835c                fatWrapperReadDisk
                0x00000000c002839c                fatWrapperWriteDisk
                0x00000000c00283dc                fatWrapperIoctl
                0x00000000c00284f8                FAT::FAT()
                0x00000000c00284f8                FAT::FAT()
                0x00000000c0028550                FAT::fixFilepath(char*)
                0x00000000c0028590                FAT::open(char const*, void**, FileOpenMode)
                0x00000000c0028704                FAT::openDir(char const*, void**)
                0x00000000c00287b4                FAT::stat(char const*, unsigned long long*, bool*)
                0x00000000c00288ac                FAT::unlink(char const*)
                0x00000000c002892c                FAT::chfatattr(char const*, unsigned char, unsigned char)
                0x00000000c0028ae0                FAT::rename(char const*, char const*)
                0x00000000c0028bac                FAT::mkdir(char const*)
                0x00000000c0028c2c                FAT::exists(char const*)
 *fill*         0x00000000c0028c9b        0x1 
 .text          0x00000000c0028c9c       0x94 fs/iso9660/helper.32
                0x00000000c0028c9c                isoReadDiscSectorHelper
                0x00000000c0028cf8                iso_kprintf
                0x00000000c0028d14                iso_kprintfd
 .text          0x00000000c0028d30      0x71c fs/iso9660/vfslink.32
                0x00000000c0028d30                ISO9660::format(LogicalDisk*, int, char const*, int)
                0x00000000c0028d36                ISO9660::truncate(void*, unsigned long long)
                0x00000000c0028d3c                ISO9660::getName()
                0x00000000c0028d42                ISO9660::closeDir(void*)
                0x00000000c0028d4c                ISO9660::chfatattr(char const*, unsigned char, unsigned char)
                0x00000000c0028d52                ISO9660::unlink(char const*)
                0x00000000c0028d58                ISO9660::write(void*, unsigned long, void*, int*)
                0x00000000c0028d5e                ISO9660::rename(char const*, char const*)
                0x00000000c0028d64                ISO9660::mkdir(char const*)
                0x00000000c0028d6a                ISO9660::~ISO9660()
                0x00000000c0028d6a                ISO9660::~ISO9660()
                0x00000000c0028d8e                ISO9660::~ISO9660()
                0x00000000c0028db6                ISO9660::exists(char const*)
                0x00000000c0028dca                ISO9660::open(char const*, void**, FileOpenMode)
                0x00000000c0028eb0                ISO9660::read(void*, unsigned long, void*, int*)
                0x00000000c0028ef8                ISO9660::seek(void*, unsigned long long)
                0x00000000c0028f3a                ISO9660::tell(void*, unsigned long long*)
                0x00000000c0028f78                ISO9660::stat(void*, unsigned long long*)
                0x00000000c0028fca                ISO9660::stat(char const*, unsigned long long*, bool*)
                0x00000000c002910c                ISO9660::close(void*)
                0x00000000c002913c                ISO9660::openDir(char const*, void**)
                0x00000000c0029216                ISO9660::readDir(void*, unsigned long, void*, int*)
                0x00000000c0029333                readSectorFromCDROM(unsigned int, unsigned char*, char)
                0x00000000c00293b2                ISO9660::tryMount(LogicalDisk*, int)
                0x00000000c0029424                ISO9660::ISO9660()
                0x00000000c0029424                ISO9660::ISO9660()
 .text          0x00000000c002944c      0x26c hal/sound/sndcard.32
                0x00000000c002944c                SoundCard::beginPlayback()
                0x00000000c002945a                SoundCard::stopPlayback()
                0x00000000c0029468                SoundCard::SoundCard(char const*)
                0x00000000c0029468                SoundCard::SoundCard(char const*)
                0x00000000c0029506                SoundCard::~SoundCard()
                0x00000000c0029506                SoundCard::~SoundCard()
                0x00000000c002952a                SoundCard::~SoundCard()
                0x00000000c0029554                SoundCard::configureRates(int, int, int)
                0x00000000c0029584                SoundCard::getSamples16(int, short*)
                0x00000000c00295e0                SoundCard::getSamples32(int, int*)
                0x00000000c0029666                SoundCard::addChannel(SoundPort*)
                0x00000000c00296a4                SoundCard::removeChannel(int)
 .text          0x00000000c00296b8      0x38a hal/sound/sndport.32
                0x00000000c00296b8                SoundPort::SoundPort(int, int, int, int)
                0x00000000c00296b8                SoundPort::SoundPort(int, int, int, int)
                0x00000000c0029744                SoundPort::~SoundPort()
                0x00000000c0029744                SoundPort::~SoundPort()
                0x00000000c0029778                SoundPort::unpause()
                0x00000000c0029784                SoundPort::pause()
                0x00000000c0029790                SoundPort::getBufferUsed()
                0x00000000c0029798                SoundPort::getBufferSize()
                0x00000000c00297a0                SoundPort::buffer16(short*, int)
                0x00000000c002982c                SoundPort::buffer32(int*, int)
                0x00000000c00298b8                SoundPort::unbufferAndAdd16(int, short*, SoundCard*)