Archive member included to satisfy reference by file (symbol)

/cygdrive/d/Users/Alex/Desktop/Toolchain/Output/bin/../lib/gcc/i386-banana/8.1.0/libkgcc.a(_divdi3.o)
                              krnl/resolve.32 (__divdi3)
/cygdrive/d/Users/Alex/Desktop/Toolchain/Output/bin/../lib/gcc/i386-banana/8.1.0/libkgcc.a(_moddi3.o)
                              krnl/resolve.32 (__moddi3)
/cygdrive/d/Users/Alex/Desktop/Toolchain/Output/bin/../lib/gcc/i386-banana/8.1.0/libkgcc.a(_udivdi3.o)
                              hal/clock.32 (__udivdi3)
/cygdrive/d/Users/Alex/Desktop/Toolchain/Output/bin/../lib/gcc/i386-banana/8.1.0/libkgcc.a(_umoddi3.o)
                              core/pipe.32 (__umoddi3)

Allocating common symbols
Common symbol       size              file

dcache              0x40              fs/iso9660/iso9660.32
cdDriveLetter       0x1               fs/iso9660/iso9660.32
icache              0x40              fs/iso9660/iso9660.32

Discarded input sections

 .comment       0x0000000000000000       0x12 /cygdrive/d/Users/Alex/Desktop/Toolchain/Output/bin/../lib/gcc/i386-banana/8.1.0/crtbegin.o
 .comment       0x0000000000000000       0x12 acpica/utclib.32
 .comment       0x0000000000000000       0x12 core/malloc.32
 .comment       0x0000000000000000       0x12 libk/ctype.32
 .comment       0x0000000000000000       0x12 libk/string.32
 .comment       0x0000000000000000       0x12 fs/fat/diskio.32
 .comment       0x0000000000000000       0x12 fs/fat/ff.32
 .comment       0x0000000000000000       0x12 fs/fat/ffsystem.32
 .comment       0x0000000000000000       0x12 fs/fat/ffunicode.32
 .comment       0x0000000000000000       0x12 fs/iso9660/iso9660.32
 .group         0x0000000000000000       0x14 core/computer.32
 .group         0x0000000000000000        0xc core/computer.32
 .comment       0x0000000000000000       0x12 core/computer.32
 .comment       0x0000000000000000       0x12 core/gdt.32
 .group         0x0000000000000000        0xc core/idle.32
 .comment       0x0000000000000000       0x12 core/idle.32
 .comment       0x0000000000000000       0x12 core/idt.32
 .comment       0x0000000000000000       0x12 core/kheap.32
 .comment       0x0000000000000000       0x12 core/main.32
 .comment       0x0000000000000000       0x12 core/physmgr.32
 .group         0x0000000000000000        0xc core/pipe.32
 .comment       0x0000000000000000       0x12 core/pipe.32
 .group         0x0000000000000000        0xc core/terminal.32
 .comment       0x0000000000000000       0x12 core/terminal.32
 .comment       0x0000000000000000       0x12 core/tss.32
 .group         0x0000000000000000        0x8 core/unixfile.32
 .group         0x0000000000000000        0x8 core/unixfile.32
 .group         0x0000000000000000        0xc core/unixfile.32
 .group         0x0000000000000000        0x8 core/unixfile.32
 .group         0x0000000000000000        0xc core/unixfile.32
 .group         0x0000000000000000        0x8 core/unixfile.32
 .group         0x0000000000000000        0xc core/unixfile.32
 .group         0x0000000000000000        0xc core/unixfile.32
 .comment       0x0000000000000000       0x12 core/unixfile.32
 .comment       0x0000000000000000       0x12 core/virtmgr.32
 .comment       0x0000000000000000       0x12 coreobjs/c++.32
 .comment       0x0000000000000000       0x12 dbg/kconsole.32
 .comment       0x0000000000000000       0x12 dbg/usban.32
 .comment       0x0000000000000000       0x12 fs/symlink.32
 .group         0x0000000000000000        0xc fs/vfs.32
 .group         0x0000000000000000        0xc fs/vfs.32
 .group         0x0000000000000000        0xc fs/vfs.32
 .comment       0x0000000000000000       0x12 fs/vfs.32
 .group         0x0000000000000000        0xc hal/bus.32
 .comment       0x0000000000000000       0x12 hal/bus.32
 .comment       0x0000000000000000       0x12 hal/buzzer.32
 .group         0x0000000000000000        0xc hal/clock.32
 .comment       0x0000000000000000       0x12 hal/clock.32
 .group         0x0000000000000000       0x14 hal/device.32
 .group         0x0000000000000000        0xc hal/device.32
 .group         0x0000000000000000        0x8 hal/device.32
 .group         0x0000000000000000        0xc hal/device.32
 .group         0x0000000000000000        0xc hal/device.32
 .comment       0x0000000000000000       0x12 hal/device.32
 .group         0x0000000000000000        0xc hal/diskctrl.32
 .comment       0x0000000000000000       0x12 hal/diskctrl.32
 .group         0x0000000000000000        0xc hal/diskphys.32
 .comment       0x0000000000000000       0x12 hal/diskphys.32
 .comment       0x0000000000000000       0x12 hal/fpu.32
 .comment       0x0000000000000000       0x12 hal/intctrl.32
 .group         0x0000000000000000        0xc hal/keybrd.32
 .comment       0x0000000000000000       0x12 hal/keybrd.32
 .group         0x0000000000000000        0xc hal/logidisk.32
 .comment       0x0000000000000000       0x12 hal/logidisk.32
[...]
Memory Configuration

Name             Origin             Length             Attributes
*default*        0x0000000000000000 0xffffffffffffffff

Linker script and memory map

LOAD D:/Users/Alex/Desktop/Banana/kernel/boot.32
LOAD crti.32
LOAD /cygdrive/d/Users/Alex/Desktop/Toolchain/Output/bin/../lib/gcc/i386-banana/8.1.0/crtbegin.o
LOAD D:/Users/Alex/Desktop/Banana/kernel/morenasm.32
LOAD acpica/utclib.32
LOAD core/malloc.32
LOAD libk/ctype.32
LOAD libk/string.32
LOAD fs/fat/diskio.32
LOAD fs/fat/ff.32
LOAD fs/fat/ffsystem.32
LOAD fs/fat/ffunicode.32
LOAD fs/iso9660/iso9660.32
LOAD core/computer.32
LOAD core/gdt.32
LOAD core/idle.32
LOAD core/idt.32
LOAD core/kheap.32
LOAD core/main.32
LOAD core/physmgr.32
LOAD core/pipe.32
LOAD core/terminal.32
LOAD core/tss.32
LOAD core/unixfile.32
LOAD core/virtmgr.32
LOAD coreobjs/c++.32
LOAD dbg/kconsole.32
LOAD dbg/usban.32
LOAD fs/symlink.32
LOAD fs/vfs.32
LOAD hal/bus.32
LOAD hal/buzzer.32
LOAD hal/clock.32
LOAD hal/device.32
LOAD hal/diskctrl.32
LOAD hal/diskphys.32
LOAD hal/fpu.32
LOAD hal/intctrl.32
LOAD hal/keybrd.32
LOAD hal/logidisk.32
LOAD hal/mouse.32
LOAD hal/nic.32
LOAD hal/partition.32
LOAD hal/serial.32
LOAD hal/timer.32
LOAD hal/vcache.32
LOAD hal/video.32
LOAD hw/acpi.32
LOAD hw/cpu.32
LOAD krnl/atexit.32
LOAD krnl/bootmsg.32
LOAD krnl/compat.32
LOAD krnl/env.32
LOAD krnl/inlines.32
LOAD krnl/panic.32
LOAD krnl/powctrl.32
LOAD krnl/random.32
LOAD krnl/resolve.32
LOAD krnl/signal.32
LOAD krnl/syscalls.32
LOAD net/ethernet.32
LOAD reg/cm.32
LOAD reg/registry.32
LOAD sys/eject.32
LOAD sys/exit.32
LOAD sys/getcwd.32
LOAD sys/getpid.32
LOAD sys/getramdata.32
LOAD sys/getvgaptr.32
LOAD sys/kill.32
LOAD sys/loaddll.32
LOAD sys/read.32
LOAD sys/registersignal.32
LOAD sys/registry.32
LOAD sys/sbrk.32
LOAD sys/setcwd.32
LOAD sys/settime.32
LOAD sys/symlink.32
LOAD sys/timezone.32
LOAD sys/truncate.32
LOAD sys/write.32
LOAD sys/wsbe.32
LOAD sys/yield.32
LOAD thr/elf.32
LOAD thr/prcssthr.32
LOAD vm86/vm8086.32
LOAD arch/i386/hal.32
LOAD arch/i386/pic.32
LOAD arch/i386/rtc.32
LOAD arch/i386/vga.32
LOAD fs/fat/vfslink.32
LOAD fs/iso9660/helper.32
LOAD fs/iso9660/vfslink.32
LOAD hal/sound/sndcard.32
LOAD hal/sound/sndport.32
LOAD hw/bus/isa.32
LOAD hw/bus/pci.32
LOAD hw/diskctrl/ide.32
LOAD hw/diskctrl/satabus.32
LOAD hw/diskphys/ata.32
LOAD hw/diskphys/atapi.32
LOAD hw/diskphys/sata.32
LOAD hw/diskphys/satapi.32
LOAD hw/intctrl/apic.32
LOAD hw/timer/apictimer.32
LOAD hw/timer/pit.32
LOAD arch/i386/avx.32
LOAD arch/i386/interrupt.32
LOAD arch/i386/rdrand.32
LOAD arch/i386/sse.32
LOAD arch/i386/x87.32
LOAD /cygdrive/d/Users/Alex/Desktop/Toolchain/Output/bin/../lib/gcc/i386-banana/8.1.0/crtend.o
LOAD crtn.32
LOAD /cygdrive/d/Users/Alex/Desktop/Toolchain/Output/bin/../lib/gcc/i386-banana/8.1.0/libkgcc.a
LOAD D:/Users/Alex/Desktop/Banana/kernel/libsoftfp.a
LOAD D:/Users/Alex/Desktop/Banana/kernel/libk/libm32.a
                0x00000000c0000000                . = 0xc0000000

.text           0x00000000c0000000    0x1f66a
 *(.text)
 .text          0x00000000c0000000       0x20 D:/Users/Alex/Desktop/Banana/kernel/boot.32
 .text          0x00000000c0000020        0x0 crti.32
 .text          0x00000000c0000020      0x101 /cygdrive/d/Users/Alex/Desktop/Toolchain/Output/bin/../lib/gcc/i386-banana/8.1.0/crtbegin.o
 *fill*         0x00000000c0000121        0xf 
 .text          0x00000000c0000130      0x24f D:/Users/Alex/Desktop/Banana/kernel/morenasm.32
                0x00000000c0000130                manualPCIProbe
                0x00000000c000017b                prepareTramp
                0x00000000c0000194                doTPAUSE
                0x00000000c000019e                hasLegacyFPU
                0x00000000c00001c3                is486
                0x00000000c00001f9                detectCPUID
                0x00000000c000020f                goToVM86
                0x00000000c000023f                goToUsermode
                0x00000000c0000269                switchToThreadASMFirstTime
                0x00000000c0000277                switchToThreadASM
                0x00000000c00002fc                asmQuickAcquireLock
                0x00000000c000031a                asmQuickReleaseLock
                0x00000000c0000326                asmAcquireLock
                0x00000000c0000347                asmReleaseLock
                0x00000000c000035a                loadGDT
                0x00000000c000037a                memcpy
 *fill*         0x00000000c000037f        0x1 
 .text          0x00000000c0000380      0x868 acpica/utclib.32
                0x00000000c0000380                memcmp
                0x00000000c00003d0                memmove
                0x00000000c00004f0                memset
                0x00000000c0000570                strlen
                0x00000000c00005a0                strpbrk
                0x00000000c00005f0                strtok
                0x00000000c0000640                strcpy
                0x00000000c0000680                strncpy
                0x00000000c0000750                strcmp
                0x00000000c00007a0                strchr
                0x00000000c00007e0                strncmp
                0x00000000c0000840                strcat
                0x00000000c0000870                strncat
                0x00000000c00008d0                strstr
                0x00000000c0000930                toupper
                0x00000000c0000950                tolower
                0x00000000c0000970                simple_strtoul
 .text          0x00000000c0000be8      0xfaa core/malloc.32
                0x00000000c0000d53                dlfree
                0x00000000c00010ab                dlmalloc
                0x00000000c00015e8                dlrealloc
                0x00000000c000178b                dlmemalign
                0x00000000c00018ae                dlcalloc
                0x00000000c0001948                dlcfree
                0x00000000c000194d                dlindependent_calloc
                0x00000000c0001972                dlindependent_comalloc
                0x00000000c0001989                dlvalloc
                0x00000000c00019b4                dlpvalloc
                0x00000000c00019ea                dlmalloc_trim
                0x00000000c00019f7                dlmalloc_usable_size
                0x00000000c0001a28                dlmallinfo
                0x00000000c0001af7                dlmalloc_stats
                0x00000000c0001b08                dlmallopt
 *fill*         0x00000000c0001b92        0x2 
 .text          0x00000000c0001b94      0x1f2 libk/ctype.32
                0x00000000c0001b94                isblank
                0x00000000c0001bb4                iscntrl
                0x00000000c0001bd4                isdigit
                0x00000000c0001bf0                islower
                0x00000000c0001c0c                isspace
                0x00000000c0001c34                isupper
                0x00000000c0001c50                isalpha
                0x00000000c0001c80                isalnum
                0x00000000c0001cb0                ispunct
                0x00000000c0001cf0                isgraph
                0x00000000c0001d20                isprint
                0x00000000c0001d48                isxdigit
 .text          0x00000000c0001d86        0x0 libk/string.32
 .text          0x00000000c0001d86       0x51 fs/fat/diskio.32
                0x00000000c0001d86                disk_status
                0x00000000c0001d89                disk_initialize
                0x00000000c0001d8c                disk_read
                0x00000000c0001da2                disk_write
                0x00000000c0001db8                disk_ioctl
 .text          0x00000000c0001dd7     0x3e46 fs/fat/ff.32
                0x00000000c0003bf8                f_mount
                0x00000000c0003c5a                f_open
                0x00000000c0003f1d                f_read
                0x00000000c000411c                f_write
                0x00000000c0004364                f_sync
                0x00000000c0004429                f_close
                0x00000000c0004458                f_lseek
                0x00000000c0004609                f_opendir
                0x00000000c00046d4                f_closedir
                0x00000000c00046f6                f_readdir
                0x00000000c0004788                f_stat
                0x00000000c0004807                f_getfree
                0x00000000c0004910                f_truncate
                0x00000000c00049fa                f_unlink
                0x00000000c0004b1c                f_mkdir
                0x00000000c0004cb7                f_rename
                0x00000000c0004e6f                f_chmod
                0x00000000c0004f1f                f_utime
                0x00000000c0004fcf                f_getlabel
                0x00000000c0005120                f_setlabel
                0x00000000c00052b0                f_expand
                0x00000000c000541d                f_mkfs
 *fill*         0x00000000c0005c1d        0x3 
 .text          0x00000000c0005c20       0x2f fs/fat/ffsystem.32
                0x00000000c0005c20                ff_memalloc
                0x00000000c0005c38                ff_memfree
 *fill*         0x00000000c0005c4f        0x1 
 .text          0x00000000c0005c50      0x2dc fs/fat/ffunicode.32
                0x00000000c0005c50                ff_uni2oem
                0x00000000c0005cf0                ff_oem2uni
                0x00000000c0005d68                ff_wtoupper
 .text          0x00000000c0005f2c      0xd32 fs/iso9660/iso9660.32
                0x00000000c0006177                isoReadDiscSector
                0x00000000c0006212                strnicmp
                0x00000000c00064c1                stricmp
                0x00000000c000650d                iso_open
                0x00000000c0006597                iso_close
                0x00000000c00065b5                iso_read
                0x00000000c00066cb                iso_seek
                0x00000000c000674f                iso_tell
                0x00000000c0006780                iso_total
                0x00000000c00067ab                fn_postprocess
                0x00000000c00067d2                iso_readdir
                0x00000000c0006a29                iso_reset
                0x00000000c0006a46                init_percd
                0x00000000c0006b40                iso_ioctl
                0x00000000c0006b58                fs_iso9660_init
                0x00000000c0006bee                fs_iso9660_shutdown
 .text          0x00000000c0006c5e      0x6c3 core/computer.32
                0x00000000c0006c5e                Computer::close(int, int, void*)
                0x00000000c0006ca8                Krnl::firstTask()
                0x00000000c0006de6                Computer::Computer()
                0x00000000c0006de6                Computer::Computer()
                0x00000000c0006e96                Computer::setBootMessage(char const*)
                0x00000000c0006e98                Computer::detectFeatures()
                0x00000000c00070be                Computer::displayFeatures()
                0x00000000c00070c0                Computer::rdmsr(unsigned int)
                0x00000000c00070ec                Computer::wrmsr(unsigned int, unsigned long long)
                0x00000000c0007128                Computer::shutdown()
                0x00000000c0007140                Computer::restart()
                0x00000000c0007158                Computer::sleep()
                0x00000000c000716c                Computer::nmiEnabled()
                0x00000000c0007178                Computer::readCMOS(unsigned char)
                0x00000000c0007196                Computer::enableNMI(bool)
                0x00000000c00071ae                Computer::open(int, int, void*)
                0x00000000c0007282                Computer::disableNMI()
                0x00000000c0007292                Computer::writeCMOS(unsigned char, unsigned char)
                0x00000000c00072b6                Computer::handleNMI()
 *fill*         0x00000000c0007321        0x1 
 .text          0x00000000c0007322      0x1db core/gdt.32
                0x00000000c0007322                GDTEntry::setBase(unsigned int)
                0x00000000c000733e                GDTEntry::setLimit(unsigned int)
                0x00000000c000735c                GDT::GDT()
                0x00000000c000735c                GDT::GDT()
                0x00000000c0007372                GDT::addEntry(GDTEntry)
                0x00000000c0007394                GDT::getNumberOfEntries()
                0x00000000c000739c                GDT::flush()
                0x00000000c00073be                GDT::setup()
 .text          0x00000000c00074fd       0x1d core/idle.32
                0x00000000c00074fd                idleFunction(void*)
 *fill*         0x00000000c000751a        0x2 
 .text          0x00000000c000751c      0x46c core/idt.32
                0x00000000c000751c                IDTEntry::IDTEntry(bool)
                0x00000000c000751c                IDTEntry::IDTEntry(bool)
                0x00000000c0007596                IDTEntry::setOffset(unsigned int)
                0x00000000c00075ac                IDT::IDT()
                0x00000000c00075ac                IDT::IDT()
                0x00000000c00075ae                IDT::getPointerToInvalidOpcodeEntryForF00F()
                0x00000000c00075b6                IDT::addEntry(IDTEntry, int)
                0x00000000c00075d0                IDT::addEntry(int, void (*)(), bool)
                0x00000000c0007608                IDT::flush()
                0x00000000c0007622                IDT::setup()
 .text          0x00000000c0007988      0x188 core/kheap.32
                0x00000000c0007988                sbrk
                0x00000000c0007a1f                mmap
                0x00000000c0007a35                munmap
                0x00000000c0007a4b                liballoc_lock()
                0x00000000c0007a59                liballoc_unlock()
                0x00000000c0007a6f                liballoc_alloc(int)
                0x00000000c0007a87                liballoc_free(void*, int)
                0x00000000c0007aa2                realloc
                0x00000000c0007ab6                malloc
                0x00000000c0007ac6                free
                0x00000000c0007ad6                rfree
                0x00000000c0007ae6                calloc
 .text          0x00000000c0007b10       0xc7 core/main.32
                0x00000000c0007b10                KeEntryPoint
 .text          0x00000000c0007bd7      0x644 core/physmgr.32
                0x00000000c0007bd7                Phys::allocateDMA(unsigned long)
                0x00000000c0007cbf                Phys::freeDMA(unsigned long, unsigned long)
                0x00000000c0007cfa                Phys::setPageState(unsigned long, bool)
                0x00000000c0007d3a                Phys::getPageState(unsigned long)
                0x00000000c0007d56                Phys::freePage(unsigned long)
                0x00000000c0007dbf                Phys::allocatePage()
                0x00000000c0007e8e                Phys::allocateContiguousPages(int)
                0x00000000c0007ef5                Phys::allowSegmentToBeUsed(unsigned long, unsigned long)
                0x00000000c0007f2d                Phys::physicalMemorySetup(unsigned int)
 *fill*         0x00000000c000821b        0x1 
 .text          0x00000000c000821c      0x273 core/pipe.32
                0x00000000c000821c                Pipe::isAtty()
                0x00000000c0008220                Pipe::~Pipe()
                0x00000000c0008220                Pipe::~Pipe()
                0x00000000c0008244                Pipe::~Pipe()
                0x00000000c000826c                Pipe::write(unsigned long long, void*, int*)
                0x00000000c000832c                Pipe::read(unsigned long long, void*, int*)
                0x00000000c0008428                Pipe::Pipe(int)
                0x00000000c0008428                Pipe::Pipe(int)
 *fill*         0x00000000c000848f        0x1 
 .text          0x00000000c0008490      0xab3 core/terminal.32
                0x00000000c0008490                VgaText::isAtty()
                0x00000000c0008494                VgaText::~VgaText()
                0x00000000c0008494                VgaText::~VgaText()
                0x00000000c00084b8                VgaText::~VgaText()
                0x00000000c00084e2                VgaText::read(unsigned long long, void*, int*)
                0x00000000c0008502                setTerminalScrollLock(bool)
                0x00000000c0008503                doTerminalCycle()
                0x00000000c0008504                addToTerminalCycle(VgaText*)
                0x00000000c0008505                scrollTerminalScrollLock(int)
                0x00000000c0008506                VgaText::updateTitle()
                0x00000000c0008508                VgaText::load()
                0x00000000c000850a                VgaText::updateCursor()
                0x00000000c0008520                VgaText::doANSI_SGR(int)
                0x00000000c0008594                VgaText::setDefaultBgColour(VgaColour)
                0x00000000c00085a4                VgaText::setDefaultFgColour(VgaColour)
                0x00000000c00085b4                VgaText::setDefaultColours(VgaColour, VgaColour)
                0x00000000c00085d4                VgaText::setTitleTextColour(VgaColour)
                0x00000000c00085e0                VgaText::setTitleColour(VgaColour)
                0x00000000c00085ec                VgaText::setTitle(char*)
                0x00000000c00085ee                VgaText::combineColours(unsigned char, unsigned char)
                0x00000000c0008600                VgaText::scrollScreen()
                0x00000000c0008692                VgaText::combineCharAndColour(char, unsigned char)
                0x00000000c00086a2                VgaText::writeCharacter(char, VgaColour, VgaColour, int, int)
                0x00000000c0008732                VgaText::getCursorX()
                0x00000000c000873a                VgaText::getCursorY()
                0x00000000c0008742                VgaText::setCursor(int, int)
                0x00000000c0008759                setActiveTerminal(VgaText*)
                0x00000000c00087a4                VgaText::clearScreen()
                0x00000000c00087f2                VgaText::setCursorX(int)
                0x00000000c000880a                VgaText::setCursorY(int)
                0x00000000c0008822                VgaText::incrementCursor(bool)
                0x00000000c0008876                VgaText::decrementCursor(bool)
                0x00000000c0008898                VgaText::putchar(char, VgaColour, VgaColour)
                0x00000000c0008968                VgaText::putchar(char)
                0x00000000c0008a60                VgaText::putx(unsigned int)
                0x00000000c0008aa6                VgaText::puts(char const*)
                0x00000000c0008acc                VgaText::write(unsigned long long, void*, int*)
                0x00000000c0008b18                VgaText::puts(char const*, VgaColour, VgaColour)
                0x00000000c0008c66                VgaText::VgaText(char const*)
                0x00000000c0008c66                VgaText::VgaText(char const*)
                0x00000000c0008db6                VgaText::receiveKey(unsigned char)
                0x00000000c0008f42                VgaText::doUpdate()
 *fill*         0x00000000c0008f43        0x1 
 .text          0x00000000c0008f44      0x1a1 core/tss.32
                0x00000000c0008f44                TSS::TSS()
                0x00000000c0008f44                TSS::TSS()
                0x00000000c0008f54                TSS::setESP(unsigned long)
                0x00000000c0008f68                TSS::flush()
                0x00000000c0008f88                TSS::setup(unsigned long, unsigned long)
 *fill*         0x00000000c00090e5        0x1 
 .text          0x00000000c00090e6      0x4ca core/unixfile.32
                0x00000000c00090e6                ReservedFilename::read(unsigned long long, void*, int*)
                0x00000000c000913c                ReservedFilename::isAtty()
                0x00000000c0009158                ReservedFilename::write(unsigned long long, void*, int*)
                0x00000000c00091b6                UnixFile::getFileDescriptor()
                0x00000000c00091be                UnixFile::UnixFile(int)
                0x00000000c00091be                UnixFile::UnixFile(int)
                0x00000000c0009372                ReservedFilename::ReservedFilename(int)
                0x00000000c0009372                ReservedFilename::ReservedFilename(int)
                0x00000000c00093a4                UnixFile::~UnixFile()
                0x00000000c00093a4                UnixFile::~UnixFile()
                0x00000000c0009440                UnixFile::~UnixFile()
                0x00000000c0009468                ReservedFilename::~ReservedFilename()
                0x00000000c0009468                ReservedFilename::~ReservedFilename()
                0x00000000c000948c                ReservedFilename::~ReservedFilename()
                0x00000000c00094b3                KeGetFileFromDescriptor(int)
 .text          0x00000000c00095b0     0x1218 core/virtmgr.32
                0x00000000c00095b0                Virt::setPageState(unsigned long, Virt::VirtPageState)
                0x00000000c00095ea                Virt::getPageState(unsigned long)
                0x00000000c000960d                Virt::allocateKernelVirtualPages(int)
                0x00000000c0009732                Virt::freeSwapfilePage(unsigned long)
                0x00000000c0009755                Virt::swapIDToSector(unsigned long)
                0x00000000c000976b                Virt::allocateSwapfilePage()
                0x00000000c00097eb                Virt::virtualMemorySetup()
                0x00000000c000983c                Virt::setupPageSwapping(int)
                0x00000000c00098ae                VAS::setCPUSpecific(unsigned long)
                0x00000000c00098b0                VAS::VAS(VAS*)
                0x00000000c00098b0                VAS::VAS(VAS*)
                0x00000000c00098de                VAS::getForeignPageTableEntry(bool, unsigned long)
                0x00000000c000990c                VAS::getPageTableEntry(unsigned long)
                0x00000000c000992b                Virt::freeKernelVirtualPages(unsigned long)
                0x00000000c0009a68                VAS::freeAllocatedPages(unsigned long)
                0x00000000c0009a8c                VAS::virtualToPhysical(unsigned long)
                0x00000000c0009aa6                VAS::reflagRange(unsigned long, int, unsigned long, unsigned long)
                0x00000000c0009ae8                VAS::VAS()
                0x00000000c0009ae8                VAS::VAS()
                0x00000000c0009b52                VAS::setToWriteCombining(unsigned long, int)
                0x00000000c0009b86                VAS::mapOtherVASIn(bool, VAS*)
                0x00000000c0009bb2                VAS::~VAS()
                0x00000000c0009bb2                VAS::~VAS()
                0x00000000c0009d20                VAS::mapPage(unsigned long, unsigned long, int)
                0x00000000c0009e24                VAS::allocatePages(int, int)
                0x00000000c0009f1a                VAS::mapRange(unsigned long, unsigned long, int, int)
                0x00000000c0009f72                VAS::mapForeignPage(bool, VAS*, unsigned long, unsigned long, int)
                0x00000000c000a068                VAS::VAS(bool)
                0x00000000c000a068                VAS::VAS(bool)
                0x00000000c000a2b2                VAS::evict(unsigned long)
                0x00000000c000a390                VAS::tryLoadBackOffDisk(unsigned long)
                0x00000000c000a52a                VAS::allocateSharedMemoryWithKernel(unsigned long, unsigned long*)
                0x00000000c000a59e                VAS::freeSharedMemoryWithKernel(unsigned long, unsigned long)
                0x00000000c000a5ca                VAS::scanForEviction()
                0x00000000c000a6cd                mapVASFirstTime
 .text          0x00000000c000a7c8       0x5f coreobjs/c++.32
                0x00000000c000a7c8                __cxa_atexit
                0x00000000c000a7cb                __cxa_finalize
                0x00000000c000a7cc                __stack_chk_fail
                0x00000000c000a802                __cxa_pure_virtual
                0x00000000c000a813                operator new[](unsigned long)
                0x00000000c000a818                operator delete(void*, unsigned long)
                0x00000000c000a81d                operator delete[](void*)
                0x00000000c000a822                operator delete[](void*, unsigned long)
 .text          0x00000000c000a827      0x254 dbg/kconsole.32
                0x00000000c000a827                Dbg::stringifyxWithBase(unsigned int, char*, int)
                0x00000000c000a8c7                Dbg::logc(char)
                0x00000000c000a8e7                Dbg::logs(char*)
                0x00000000c000a906                Dbg::logWriteInt(unsigned int)
                0x00000000c000a924                Dbg::logWriteIntBase(unsigned int, int)
                0x00000000c000a945                Dbg::kprintf(char const*, ...)
 *fill*         0x00000000c000aa7b        0x1 
 .text          0x00000000c000aa7c      0x2d4 dbg/usban.32
                0x00000000c000aa7c                KiUbsanPrintDetails(char const*, void*)
                0x00000000c000aae8                __ubsan_handle_type_mismatch_v1
                0x00000000c000abc4                __ubsan_handle_pointer_overflow
                0x00000000c000abf0                __ubsan_handle_out_of_bounds
                0x00000000c000ac1c                __ubsan_handle_add_overflow
                0x00000000c000ac48                __ubsan_handle_load_invalid_value
                0x00000000c000ac74                __ubsan_handle_divrem_overflow
                0x00000000c000aca0                __ubsan_handle_mul_overflow
                0x00000000c000accc                __ubsan_handle_sub_overflow
                0x00000000c000acf8                __ubsan_handle_shift_out_of_bounds
                0x00000000c000ad24                __ubsan_handle_negate_overflow
 .text          0x00000000c000ad50      0x608 fs/symlink.32
                0x00000000c000ad50                KiCreateSymlinkID()
                0x00000000c000adbd                KiFlushSymlinkChanges()
                0x00000000c000ae90                KiDeinitialiseSymlinks(void*)
                0x00000000c000ae95                KeRegisterSymlink(char const*, unsigned long long)
                0x00000000c000af04                KiIsSymlinkRegistered(char const*)
                0x00000000c000af4b                KeDereferenceSymlink(char const*, char*)
                0x00000000c000b166                KeCreateSymlink(char const*, char const*)
                0x00000000c000b2a2                KeInitialiseSymlinks()
 .text          0x00000000c000b358      0xd58 fs/vfs.32
                0x00000000c000b358                File::read(unsigned long long, void*, int*)
                0x00000000c000b3b0                File::write(unsigned long long, void*, int*)
                0x00000000c000b408                Directory::read(unsigned long long, void*, int*)
                0x00000000c000b460                Directory::write(unsigned long long, void*, int*)
                0x00000000c000b48e                File::isAtty()
                0x00000000c000b492                Directory::isAtty()
                0x00000000c000b496                Filesystem::getlabel(LogicalDisk*, int, char*, unsigned int*)
                0x00000000c000b49c                Filesystem::setlabel(LogicalDisk*, int, char*)
                0x00000000c000b4a2                Filesystem::allocateSwapfile(char const*, int)
                0x00000000c000b4a8                File::~File()
                0x00000000c000b4a8                File::~File()
                0x00000000c000b4cc                File::~File()
                0x00000000c000b4f6                Directory::~Directory()
                0x00000000c000b4f6                Directory::~Directory()
                0x00000000c000b51a                Directory::~Directory()
                0x00000000c000b544                Filesystem::Filesystem()
                0x00000000c000b544                Filesystem::Filesystem()
                0x00000000c000b568                Filesystem::~Filesystem()
                0x00000000c000b568                Filesystem::~Filesystem()
                0x00000000c000b576                Filesystem::~Filesystem()
                0x00000000c000b59a                Fs::getcwd(Process*, char*, int)
                0x00000000c000b5c4                Fs::initVFS()
                0x00000000c000b5ee                Fs::standardiseFiles(char*, char const*, char const*, bool)
                0x00000000c000b7f8                File::File(char const*, Process*, bool)
                0x00000000c000b7f8                File::File(char const*, Process*, bool)
                0x00000000c000b8d6                File::File(char const*, Process*)
                0x00000000c000b8d6                File::File(char const*, Process*)
                0x00000000c000b8f4                File::open(FileOpenMode)
                0x00000000c000b952                File::close()
                0x00000000c000b9b2                File::seek(unsigned long long)
                0x00000000c000ba08                File::truncate(unsigned long long)
                0x00000000c000ba5e                File::tell(unsigned long long*)
                0x00000000c000baae                File::rewind()
                0x00000000c000bac2                File::unlink()
                0x00000000c000bb0e                File::rename(char const*)
                0x00000000c000bb5c                File::chfatattr(unsigned char, unsigned char)
                0x00000000c000bbb8                File::exists()
                0x00000000c000bbf6                File::stat(unsigned long long*, bool*)
                0x00000000c000bc57                Fs::setcwd(Process*, char*)
                0x00000000c000bdb6                Directory::Directory(char const*, Process*)
                0x00000000c000bdb6                Directory::Directory(char const*, Process*)
                0x00000000c000be7e                Directory::open()
                0x00000000c000beda                Directory::close()
                0x00000000c000bf3a                Directory::unlink()
                0x00000000c000bf86                Directory::rename(char const*)
                0x00000000c000bfd4                Directory::exists()
                0x00000000c000c012                Directory::read(dirent*)
                0x00000000c000c05e                Directory::create()
                0x00000000c000c0aa                Filesystem::chfatattr(char const*, unsigned char, unsigned char)
 .text          0x00000000c000c0b0       0x86 hal/bus.32
                0x00000000c000c0b0                Bus::Bus(char const*)
                0x00000000c000c0b0                Bus::Bus(char const*)
                0x00000000c000c0e8                Bus::~Bus()
                0x00000000c000c0e8                Bus::~Bus()
                0x00000000c000c10c                Bus::~Bus()
 .text          0x00000000c000c136       0x96 hal/buzzer.32
                0x00000000c000c136                beepThread(void*)
                0x00000000c000c173                Krnl::beep(int, int, bool)
 .text          0x00000000c000c1cc      0x45f hal/clock.32
                0x00000000c000c1cc                User::loadClockSettings(int)
                0x00000000c000c21e                Clock::Clock(char const*)
                0x00000000c000c21e                Clock::Clock(char const*)
                0x00000000c000c254                Clock::~Clock()
                0x00000000c000c254                Clock::~Clock()
                0x00000000c000c278                Clock::~Clock()
                0x00000000c000c2a2                Clock::timeInSecondsLocal()
                0x00000000c000c2ea                Clock::setTimeInSecondsLocal(unsigned long long)
                0x00000000c000c343                datetimeToSeconds(datetime_t)
                0x00000000c000c462                Clock::setTimeInDatetimeLocal(datetime_t)
                0x00000000c000c4c2                secondsToDatetime(unsigned long long)
                0x00000000c000c606                Clock::timeInDatetimeLocal()
 *fill*         0x00000000c000c62b        0x1 
 .text          0x00000000c000c62c      0x464 hal/device.32
                0x00000000c000c62c                Device::hibernate()
                0x00000000c000c62e                Device::wake()
                0x00000000c000c630                Device::detect()
                0x00000000c000c632                Device::disableLegacy()
                0x00000000c000c634                Device::powerSaving(PowerSavingLevel)
                0x00000000c000c636                DriverlessDevice::close(int, int, void*)
                0x00000000c000c63a                DriverlessDevice::detect()
                0x00000000c000c63c                DriverlessDevice::open(int, int, void*)
                0x00000000c000c650                Device::~Device()
                0x00000000c000c650                Device::~Device()
                0x00000000c000c65e                Device::~Device()
                0x00000000c000c686                Device::findAndLoadDriver()
                0x00000000c000c694                Device::preOpenPCI(PCIDeviceInfo)
                0x00000000c000c6ba                Device::preOpenACPI(void*, char*, char*)
                0x00000000c000c6fa                Device::addIRQHandler(int, void (*)(regs*, void*), bool, void*)
                0x00000000c000c724                Device::getParent()
                0x00000000c000c730                Device::removeIRQHandler(int, void (*)(regs*, void*), bool)
                0x00000000c000c74e                Device::addChild(Device*)
                0x00000000c000c792                Device::removeAllChildren()
                0x00000000c000c7d8                Device::hibernateAll()
                0x00000000c000c808                Device::wakeAll()
                0x00000000c000c838                Device::detectAll()
                0x00000000c000c868                Device::disableLegacyAll()
                0x00000000c000c86a                Device::loadDriversForAll()
                0x00000000c000c86c                Device::closeAll()
                0x00000000c000c8a2                Device::powerSavingAll(PowerSavingLevel)
                0x00000000c000c8d8                Device::setName(char const*)
                0x00000000c000c8e6                Device::Device(char const*)
                0x00000000c000c8e6                Device::Device(char const*)
                0x00000000c000c9e2                Device::getName()
                0x00000000c000c9ec                DriverlessDevice::DriverlessDevice(char const*)
                0x00000000c000c9ec                DriverlessDevice::DriverlessDevice(char const*)
                0x00000000c000ca22                Device::addToLinkedList(LinkedList<Device>&, DeviceType)
                0x00000000c000ca66                getDevicesOfType(DeviceType)
 .text          0x00000000c000ca90       0x86 hal/diskctrl.32
                0x00000000c000ca90                HardDiskController::HardDiskController(char const*)
                0x00000000c000ca90                HardDiskController::HardDiskController(char const*)
                0x00000000c000cac8                HardDiskController::~HardDiskController()
                0x00000000c000cac8                HardDiskController::~HardDiskController()
                0x00000000c000caec                HardDiskController::~HardDiskController()
 .text          0x00000000c000cb16       0xe2 hal/diskphys.32
                0x00000000c000cb16                PhysicalDisk::eject()
                0x00000000c000cb1a                PhysicalDisk::PhysicalDisk(char const*, int)
                0x00000000c000cb1a                PhysicalDisk::PhysicalDisk(char const*, int)
                0x00000000c000cb82                PhysicalDisk::startCache()
                0x00000000c000cbaa                PhysicalDisk::~PhysicalDisk()
                0x00000000c000cbaa                PhysicalDisk::~PhysicalDisk()
                0x00000000c000cbce                PhysicalDisk::~PhysicalDisk()
 .text          0x00000000c000cbf8        0x0 hal/fpu.32
 .text          0x00000000c000cbf8      0x359 hal/intctrl.32
                0x00000000c000cbf8                int_handler
                0x00000000c000cc82                installISRHandler(int, void (*)(regs*, void*), void*)
                0x00000000c000cccc                installIRQHandler(int, void (*)(regs*, void*), bool, void*)
                0x00000000c000ce00                uninstallISRHandler(int, void (*)(regs*, void*))
                0x00000000c000ce34                uninstallIRQHandler(int, void (*)(regs*, void*), bool)
                0x00000000c000ceb2                setupINTS()
                0x00000000c000cf0f                convertLegacyIRQNumber(int)
 *fill*         0x00000000c000cf51        0x1 
 .text          0x00000000c000cf52      0x8be hal/keybrd.32
                0x00000000c000cf52                startGUI(void*)
                0x00000000c000cfc0                startGUIVESA(void*)
                0x00000000c000d02e                sendKeyToTerminal(unsigned char)
                0x00000000c000d109                sendKeyboardToken(KeyboardToken)
                0x00000000c000d5f3                clearInternalKeybuffer(VgaText*)
                0x00000000c000d628                readKeyboard(VgaText*, char*, unsigned long)
                0x00000000c000d786                Keyboard::Keyboard(char const*)
                0x00000000c000d786                Keyboard::Keyboard(char const*)
                0x00000000c000d7c2                Keyboard::~Keyboard()
                0x00000000c000d7c2                Keyboard::~Keyboard()
                0x00000000c000d7e6                Keyboard::~Keyboard()
 .text          0x00000000c000d810      0x3f8 hal/logidisk.32
                0x00000000c000d810                LogicalDisk::close(int, int, void*)
                0x00000000c000d814                LogicalDisk::~LogicalDisk()
                0x00000000c000d814                LogicalDisk::~LogicalDisk()
                0x00000000c000d838                LogicalDisk::~LogicalDisk()
                0x00000000c000d862                LogicalDisk::open(int, int, void*)
                0x00000000c000d876                LogicalDisk::absoluteToRelative(unsigned long long)
                0x00000000c000d8ae                LogicalDisk::relativeToAbsolute(unsigned long long)
                0x00000000c000d8f4                LogicalDisk::LogicalDisk(char const*, PhysicalDisk*, unsigned long long, unsigned long long)
                0x00000000c000d8f4                LogicalDisk::LogicalDisk(char const*, PhysicalDisk*, unsigned long long, unsigned long long)
                0x00000000c000d9b4                LogicalDisk::assignDriveLetter()
                0x00000000c000da6e                LogicalDisk::mount()
                0x00000000c000dab6                LogicalDisk::unmount()
                0x00000000c000dac6                LogicalDisk::eject()
                0x00000000c000dada                LogicalDisk::unassignDriveLetter()
                0x00000000c000db30                LogicalDisk::read(unsigned long long, int, void*)
                0x00000000c000db9c                LogicalDisk::write(unsigned long long, int, void*)
 .text          0x00000000c000dc08       0x86 hal/mouse.32
                0x00000000c000dc08                Mouse::Mouse(char const*)
                0x00000000c000dc08                Mouse::Mouse(char const*)
                0x00000000c000dc40                Mouse::~Mouse()
                0x00000000c000dc40                Mouse::~Mouse()
                0x00000000c000dc64                Mouse::~Mouse()
 .text          0x00000000c000dc8e       0x90 hal/nic.32
                0x00000000c000dc8e                NIC::getMAC()
                0x00000000c000dc94                NIC::write(int, unsigned char*, int*)
                0x00000000c000dc9a                NIC::NIC(char const*)
                0x00000000c000dc9a                NIC::NIC(char const*)
                0x00000000c000dcd0                NIC::~NIC()
                0x00000000c000dcd0                NIC::~NIC()
                0x00000000c000dcf4                NIC::~NIC()
 .text          0x00000000c000dd1e      0x33b hal/partition.32
                0x00000000c000dd1e                makePartition(PhysicalDisk*, unsigned long long, unsigned long long)
                0x00000000c000ddc6                createPartitionsForDisk(PhysicalDisk*)
 *fill*         0x00000000c000e059        0x3 
 .text          0x00000000c000e05c       0x86 hal/serial.32
                0x00000000c000e05c                Serial::Serial(char const*)
                0x00000000c000e05c                Serial::Serial(char const*)
                0x00000000c000e094                Serial::~Serial()
                0x00000000c000e094                Serial::~Serial()
                0x00000000c000e0b8                Serial::~Serial()
 *fill*         0x00000000c000e0e2        0x2 
 .text          0x00000000c000e0e4      0x234 hal/timer.32
                0x00000000c000e0e4                Timer::Timer(char const*)
                0x00000000c000e0e4                Timer::Timer(char const*)
                0x00000000c000e11c                Timer::~Timer()
                0x00000000c000e11c                Timer::~Timer()
                0x00000000c000e140                Timer::~Timer()
                0x00000000c000e16a                Timer::read()
                0x00000000c000e175                setupTimer(int)
                0x00000000c000e1b0                timerHandler(unsigned int)
 .text          0x00000000c000e318      0x444 hal/vcache.32
                0x00000000c000e318                VCache::VCache(PhysicalDisk*)
                0x00000000c000e318                VCache::VCache(PhysicalDisk*)
                0x00000000c000e488                VCache::invalidateReadBuffer()
                0x00000000c000e498                VCache::writeWriteBuffer()
                0x00000000c000e4e4                VCache::~VCache()
                0x00000000c000e4e4                VCache::~VCache()
                0x00000000c000e53c                VCache::~VCache()
                0x00000000c000e564                VCache::write(unsigned long long, int, void*)
                0x00000000c000e652                VCache::read(unsigned long long, int, void*)
 .text          0x00000000c000e75c      0x4c7 hal/video.32
                0x00000000c000e75c                Video::putrect(int, int, int, int, unsigned int)
                0x00000000c000e7a8                Video::bitblit(int, int, int, int, int, int, int, unsigned int*)
                0x00000000c000e818                Video::blit(unsigned int*, int, int, int, int)
                0x00000000c000e896                Video::clearScreen(unsigned int)
                0x00000000c000e8ca                Video::putpixel(int, int, unsigned int)
                0x00000000c000e8d8                Video::readPixelApprox(int, int)
                0x00000000c000e8ec                Video::Video(char const*)
                0x00000000c000e8ec                Video::Video(char const*)
                0x00000000c000e922                Video::~Video()
                0x00000000c000e922                Video::~Video()
                0x00000000c000e946                Video::~Video()
                0x00000000c000e970                Video::isMonochrome()
                0x00000000c000e97c                Video::getWidth()
                0x00000000c000e988                Video::getHeight()
                0x00000000c000e994                Video::drawCursor(int, int, unsigned int*, int)
                0x00000000c000ea50                Video::tgaParse(unsigned char*, int, int*, int*)
                0x00000000c000ebb8                Video::putTGA(int, int, unsigned char*, int)
 *fill*         0x00000000c000ec23        0x1 
 .text          0x00000000c000ec24     0x138b hw/acpi.32
                0x00000000c000ec24                ACPI::close(int, int, void*)
                0x00000000c000ecd8                findRSDP()
                0x00000000c000ed70                loadACPITables(unsigned char*)
                0x00000000c000efdc                findRSDT(unsigned char*)
                0x00000000c000f134                findDataTable(unsigned char*, char*)
                0x00000000c000f1b4                scanMADT()
                0x00000000c000f66c                ACPI::ACPI()
                0x00000000c000f66c                ACPI::ACPI()
                0x00000000c000f6c0                ACPI::getPCIIRQAssignment(unsigned char, unsigned short, unsigned char)
                0x00000000c000f7bc                ACPI::registerPCIIRQAssignment(void*, unsigned short, unsigned char, unsigned char)
                0x00000000c000f888                ACPI::setScreenBrightnessLevel(void*, int)
                0x00000000c000f890                ACPI::detectPCI()
                0x00000000c000fab0                ACPI::writeSimpleBootFlag(SimpleBootFlagTable*)
                0x00000000c000faf8                ACPI::sleep()
                0x00000000c000fb14                ACPI::open(int, int, void*)
 *fill*         0x00000000c000ffaf        0x1 
 .text          0x00000000c000ffb0      0xbc5 hw/cpu.32
                0x00000000c000ffb0                CPU::close(int, int, void*)
                0x00000000c000ffb4                CPU::AMD_K6_write_msr(unsigned int, unsigned int, unsigned int, CPU::REGS*)
                0x00000000c000ffd0                CPU::AMD_K6_read_msr(unsigned int, CPU::REGS*)
                0x00000000c000ffe8                CPU::AMD_K6_writeback(int, int, int)
                0x00000000c001005c                CPU::cpuid(int, unsigned long*, unsigned long*, unsigned long*, unsigned long*)
                0x00000000c00100e0                CPU::cpuidCheckEDX(unsigned int)
                0x00000000c001010e                CPU::cpuidCheckECX(unsigned int)
                0x00000000c001013c                CPU::cpuidCheckExtendedEBX(unsigned int)
                0x00000000c001016a                CPU::cpuidCheckExtendedECX(unsigned int)
                0x00000000c0010198                CPU::CPU()
                0x00000000c0010198                CPU::CPU()
                0x00000000c0010226                CPU::displayFeatures()
                0x00000000c0010228                CPU::detectFeatures()
                0x00000000c00108fc                CPU::setupSMEP()
                0x00000000c0010908                CPU::setupUMIP()
                0x00000000c0010912                CPU::setupTSC()
                0x00000000c001091c                CPU::setupLargePages()
                0x00000000c0010926                CPU::setupPAT()
                0x00000000c0010962                CPU::setupMTRR()
                0x00000000c0010964                CPU::setupGlobalPages()
                0x00000000c001096e                CPU::allowUsermodeDataAccess()
                0x00000000c0010980                CPU::prohibitUsermodeDataAccess()
                0x00000000c0010992                CPU::setupSMAP()
                0x00000000c00109a0                CPU::setupFeatures()
                0x00000000c0010a6c                CPU::open(int, int, void*)
 .text          0x00000000c0010b75       0xb6 krnl/atexit.32
                0x00000000c0010b75                KeInitialiseAtexit()
                0x00000000c0010b94                KeRegisterAtexit(void (*)(void*), void*)
                0x00000000c0010bc8                KeExecuteAtexit()
 .text          0x00000000c0010c2b       0xdf krnl/bootmsg.32
                0x00000000c0010c2b                KeDisplaySplashScreen()
                0x00000000c0010ca7                KeSetBootMessage(char const*)
 *fill*         0x00000000c0010d0a        0x2 
 .text          0x00000000c0010d0c       0x1d krnl/compat.32
                0x00000000c0010d0c                Krnl::handlePowerButton()
                0x00000000c0010d1c                Krnl::handleSleepButton()
 *fill*         0x00000000c0010d29        0x1 
 .text          0x00000000c0010d2a      0x5bf krnl/env.32
                0x00000000c0010d2a                EnvVarContainer::getEnv(char const*)
                0x00000000c0010d68                EnvVarContainer::setEnv(char const*, char const*)
                0x00000000c0010e2a                EnvVarContainer::deleteEnv(char const*)
                0x00000000c0010e2c                EnvVarContainer::loadFrom(char const*, char const*)
                0x00000000c0011050                EnvVarContainer::__loadSystem()
                0x00000000c001106a                EnvVarContainer::__loadUser()
                0x00000000c001106c                EnvVarContainer::EnvVarContainer(Process*)
                0x00000000c001106c                EnvVarContainer::EnvVarContainer(Process*)
                0x00000000c001108e                EnvVarContainer::~EnvVarContainer()
                0x00000000c001108e                EnvVarContainer::~EnvVarContainer()
                0x00000000c00110be                KeGetEnv(Process*, char const*)
                0x00000000c0011123                KeSetEnvSystem(char const*, char const*)
                0x00000000c001113d                KeSetEnvUser(char const*, char const*)
                0x00000000c001115c                KeSetEnvProcess(Process*, char const*, char const*)
                0x00000000c001116f                KeDeleteEnvSystem(char const*)
                0x00000000c0011170                KeDeleteEnvUser(char const*)
                0x00000000c0011171                KeDeleteEnvProcess(Process*, char const*)
                0x00000000c0011172                KeNewProcessEnv(Process*)
                0x00000000c0011194                KeCopyProcessEnv(Process*, Process*)
                0x00000000c00111e0                KeLoadSystemEnv()
                0x00000000c001120e                KeLoadUserEnv()
                0x00000000c0011234                KeFlushEnv()
                0x00000000c0011235                KeGetProcessTotalEnvCount(Process*)
                0x00000000c0011255                KeGetProcessEnvPair(Process*, int)
 .text          0x00000000c00112e9       0x94 krnl/inlines.32
                0x00000000c00112e9                CPU::current()
                0x00000000c00112f5                operator new(unsigned long)
                0x00000000c00112fa                operator delete(void*)
                0x00000000c00112ff                disableIRQs()
                0x00000000c0011301                enableIRQs()
                0x00000000c0011303                lockScheduler()
                0x00000000c001130b                unlockScheduler()
                0x00000000c001131a                lockStuff()
                0x00000000c0011328                unlockStuff()
                0x00000000c0011362                Virt::getAKernelVAS()
                0x00000000c0011368                __not_memcpy
 .text          0x00000000c001137d        0xc krnl/panic.32
                0x00000000c001137d                KePanic(char const*)
 .text          0x00000000c0011389      0x142 krnl/powctrl.32
                0x00000000c0011389                KePowerThread(void*)
                0x00000000c00113b7                KeChangePowerSettings(PowerSettings)
                0x00000000c00113cd                KeUserIOReceived()
                0x00000000c00113d8                KeHandlePowerButton()
                0x00000000c001140d                KeHandleSleepButton()
                0x00000000c0011442                KeSetupPowerManager()
 .text          0x00000000c00114cb       0x9d krnl/random.32
                0x00000000c00114cb                KeRand()
                0x00000000c001150d                KeSeedRand(unsigned int)
                0x00000000c0011536                KeInitRand()
 .text          0x00000000c0011568      0x1bc krnl/resolve.32
                0x00000000c0011568                KeResolveCompatibilitySymbol(char*)
 .text          0x00000000c0011724      0x322 krnl/signal.32
                0x00000000c0011724                KiSigKill(int)
                0x00000000c0011738                KiDefaultSignalHandlerIgnore(int)
                0x00000000c0011739                KiDefaultSignalHandlerPause(int)
                0x00000000c0011765                KiDefaultSignalHandlerResume(int)
                0x00000000c0011791                KeDeinitSignals(SigHandlerBlock*)
                0x00000000c0011796                KeInitSignals()
                0x00000000c00117e8                KeRegisterSignalHandler(SigHandlerBlock*, int, void (*)(int), unsigned int, int)
                0x00000000c001181e                KeRaiseSignal(SigHandlerBlock*, int)
                0x00000000c001189b                KeCheckSignal(SigHandlerBlock*, int*)
                0x00000000c0011992                KiCheckSignalZ
                0x00000000c00119d4                KeCompleteSignal(SigHandlerBlock*, int)
                0x00000000c0011a0f                KiFinishSignalZ
 .text          0x00000000c0011a46      0xdd6 krnl/syscalls.32
                0x00000000c0011a46                SysSeekDir(regs*)
                0x00000000c0011a4b                SysTellDir(regs*)
                0x00000000c0011a50                SysVerify(regs*)
                0x00000000c0011a5a                SysGetArgc(regs*)
                0x00000000c0011a6e                SysTTYName(regs*)
                0x00000000c0011a76                SysFormatDisk(regs*)
                0x00000000c0011aed                SysSetDiskVolumeLabel(regs*)
                0x00000000c0011b41                SysGetDiskVolumeLabel(regs*)
                0x00000000c0011b9a                SysShutdown(regs*)
                0x00000000c0011bf8                SysRealpath(regs*)
                0x00000000c0011c3c                SysReadDir(regs*)
                0x00000000c0011cbc                SysIsATTY(regs*)
                0x00000000c0011d16                SysSeek(regs*)
                0x00000000c0011d6d                SysTell(regs*)
                0x00000000c0011dda                SysSize(regs*)
                0x00000000c0011e4d                SysSizeFromFilename(regs*)
                0x00000000c0011f61                SysSizeFromFilenameNoSymlink(regs*)
                0x00000000c0012075                SysClose(regs*)
                0x00000000c00120d5                SysOpenDir(regs*)
                0x00000000c0012152                SysMakeDir(regs*)
                0x00000000c00121c0                SysCloseDir(regs*)
                0x00000000c0012214                SysWait(regs*)
                0x00000000c0012235                SysNotImpl(regs*)
                0x00000000c0012250                SysPanic(regs*)
                0x00000000c001226b                SysRmdir(regs*)
                0x00000000c00122d0                SysUnlink(regs*)
                0x00000000c0012335                SysGetArgv(regs*)
                0x00000000c0012382                SysUSleep(regs*)
                0x00000000c00123ab                SysSpawn(regs*)
                0x00000000c001241e                SysGetEnv(regs*)
                0x00000000c00124cf                SysSetFatAttrib(regs*)
                0x00000000c0012542                SysPipe(regs*)
                0x00000000c0012587                SysGetUnixTime(regs*)
                0x00000000c001259b                string_ends_with(char const*, char const*)
                0x00000000c00125e3                SysOpen(regs*)
                0x00000000c00127da                KeSystemCall(regs*, void*)
 .text          0x00000000c001281c      0x159 net/ethernet.32
                0x00000000c001281c                KeSwitchEndian16(unsigned short)
                0x00000000c0012840                KeSwitchEndian32(unsigned int)
                0x00000000c0012870                EthernetCRC32(unsigned char*, int)
                0x00000000c0012914                EthernetReceivedPacket(EthernetUnwrappedFrame*, unsigned short)
 .text          0x00000000c0012975      0xd56 reg/cm.32
                0x00000000c0012975                CmOpen(char const*)
                0x00000000c0012a93                CmClose(Reghive_Tag*)
                0x00000000c0012aa9                CmReadExtent(Reghive_Tag*, int, unsigned char*)
                0x00000000c0012ae5                CmGetString(Reghive_Tag*, int, char*)
                0x00000000c0012b5c                CmEnterDirectory(Reghive_Tag*, int)
                0x00000000c0012b9b                CmGetNext(Reghive_Tag*, int)
                0x00000000c0012bcd                CmWriteExtent(Reghive_Tag*, int, unsigned char*)
                0x00000000c0012c09                CmFreeExtent(Reghive_Tag*, int)
                0x00000000c0012c31                CmUpdateHeader(Reghive_Tag*)
                0x00000000c0012c52                CmExpand(Reghive_Tag*, int)
                0x00000000c0012ccd                CmFindUnusedExtent(Reghive_Tag*)
                0x00000000c0012d53                CmCreateExtent(Reghive_Tag*, int, int, unsigned char*)
                0x00000000c0012e47                CmSetString(Reghive_Tag*, int, char const*)
                0x00000000c0012f83                CmGetMatch(char*, char*, bool, bool*)
                0x00000000c0012fe4                CmAddShift(unsigned int*, int*, unsigned char, int)
                0x00000000c0013014                CmGetShift(unsigned int*, int*, int, bool*)
                0x00000000c001304b                CmGetInteger(Reghive_Tag*, int, unsigned long long*)
                0x00000000c0013075                CmSetInteger(Reghive_Tag*, int, unsigned long long)
                0x00000000c00130b5                CmConvertFromInternalFilename(unsigned char const*, char*)
                0x00000000c0013159                CmGetNameAndTypeFromExtent(Reghive_Tag*, int, char*)
                0x00000000c0013187                CmConvertToInternalFilename(char const*, unsigned char*)
                0x00000000c0013325                CmCreateString(Reghive_Tag*, int, char const*)
                0x00000000c0013372                CmFindInDirectory(Reghive_Tag*, int, char const*)
                0x00000000c00133ec                CmCreateInteger(Reghive_Tag*, int, char const*, unsigned long long, int)
                0x00000000c001343f                CmCreateDirectory(Reghive_Tag*, int, char const*)
                0x00000000c0013503                zStrtok(char*, char const*)
                0x00000000c0013575                CmFindObjectFromPath(Reghive_Tag*, char const*)
                0x00000000c00135f6                CmDisplayTree(Reghive_Tag*, int, int)
                0x00000000c0013699                CmSplitFinalSlashInPlace(char*)
 .text          0x00000000c00136cb      0x52a reg/registry.32
                0x00000000c00136cb                Reg::findLineFromLoadedData(char*, char*, char*)
                0x00000000c001383c                Reg::getLineFromRegistry(char*, char*, char*, char*)
                0x00000000c0013991                Reg::getLine(char*, char*, char*)
                0x00000000c00139c8                Reg::readInt(char*, char*, int*)
                0x00000000c0013ab6                Reg::readString(char*, char*, char*, int)
                0x00000000c0013b37                Reg::readBool(char*, char*, bool*)
                0x00000000c0013b5c                Reg::readBoolWithDefault(char*, char*, bool)
                0x00000000c0013b88                Reg::readIntWithDefault(char*, char*, int)
                0x00000000c0013bb4                Reg::readStringWithDefault(char*, char*, char*, int, char*)
 .text          0x00000000c0013bf5       0x36 sys/eject.32
                0x00000000c0013bf5                SysEject(regs*)
 .text          0x00000000c0013c2b       0x18 sys/exit.32
                0x00000000c0013c2b                SysExit(regs*)
 .text          0x00000000c0013c43       0x1f sys/getcwd.32
                0x00000000c0013c43                SysGetCwd(regs*)
 .text          0x00000000c0013c62        0xc sys/getpid.32
                0x00000000c0013c62                SysGetPID(regs*)
 .text          0x00000000c0013c6e       0x1a sys/getramdata.32
                0x00000000c0013c6e                SysGetRAMData(regs*)
 .text          0x00000000c0013c88       0x82 sys/getvgaptr.32
                0x00000000c0013c88                SysGetVGAPtr(regs*)
 *fill*         0x00000000c0013d0a        0x2 
 .text          0x00000000c0013d0c       0xb9 sys/kill.32
                0x00000000c0013d0c                SysKill(regs*)
 .text          0x00000000c0013dc5       0xa8 sys/loaddll.32
                0x00000000c0013dc5                SysLoadDLL(regs*)
 .text          0x00000000c0013e6d       0x68 sys/read.32
                0x00000000c0013e6d                SysRead(regs*)
 .text          0x00000000c0013ed5       0x29 sys/registersignal.32
                0x00000000c0013ed5                SysRegisterSignal(regs*)
 .text          0x00000000c0013efe      0x19c sys/registry.32
                0x00000000c0013efe                SysRegistryGetTypeFromPath(regs*)
                0x00000000c0013f75                SysRegistryReadExtent(regs*)
                0x00000000c0013fbd                SysRegistryPathToExtentLookup(regs*)
                0x00000000c0013fe5                SysRegistryEnterDirectory(regs*)
                0x00000000c001400d                SysRegistryGetNext(regs*)
                0x00000000c0014035                SysRegistryGetNameAndTypeFromExtent(regs*)
                0x00000000c001406f                SysRegistryOpen(regs*)
                0x00000000c0014083                SysRegistryClose(regs*)
 .text          0x00000000c001409a       0x55 sys/sbrk.32
                0x00000000c001409a                SysSbrk(regs*)
 .text          0x00000000c00140ef       0x1c sys/setcwd.32
                0x00000000c00140ef                SysSetCwd(regs*)
 .text          0x00000000c001410b       0x96 sys/settime.32
                0x00000000c001410b                SysSetTime(regs*)
 .text          0x00000000c00141a1       0x2d sys/symlink.32
                0x00000000c00141a1                SysSymlink(regs*)
 .text          0x00000000c00141ce       0x4a sys/timezone.32
                0x00000000c00141ce                SysTimezone(regs*)
 .text          0x00000000c0014218       0xfc sys/truncate.32
                0x00000000c0014218                SysTruncate(regs*)
 .text          0x00000000c0014314       0x68 sys/write.32
                0x00000000c0014314                SysWrite(regs*)
 .text          0x00000000c001437c       0x62 sys/wsbe.32
                0x00000000c001437c                SysWsbe(regs*)
 .text          0x00000000c00143de       0x25 sys/yield.32
                0x00000000c00143de                SysYield(regs*)
 .text          0x00000000c0014403     0x11e6 thr/elf.32
                0x00000000c0014403                Thr::allocateMemoryForTask(Process*, File*, unsigned long, unsigned long, unsigned long)
                0x00000000c0014691                Thr::loadProgramIntoMemory(Process*, char const*)
                0x00000000c00148a3                Thr::runtimeReferenceHelper()
                0x00000000c00148b6                Thr::getAddressOfKernelSymbol(char const*)
                0x00000000c0014905                Thr::loadKernelSymbolTable(char const*)
                0x00000000c0014bc3                Thr::loadDriverIntoMemory(char const*, unsigned long, bool)
                0x00000000c00152fc                Thr::getDriverBaseFromAddress(unsigned long)
                0x00000000c001532e                Thr::getDriverNameFromAddress(unsigned long)
                0x00000000c0015365                Thr::getDriverOffsetFromAddress(unsigned long)
                0x00000000c001537f                Thr::loadDLL(char const*, bool)
                0x00000000c00155b0                Thr::executeDLL(unsigned long, void*)
 *fill*         0x00000000c00155e9        0x3 
 .text          0x00000000c00155ec     0x13d9 thr/prcssthr.32
                0x00000000c00155ec                userModeEntryPoint(void*)
                0x00000000c0015614                changeTSS
                0x00000000c0015644                switchToThread(ThreadControlBlock*)
                0x00000000c00156f4                Process::addArgs(char**)
                0x00000000c0015760                Process::Process(char const*, Process*, char**)
                0x00000000c0015760                Process::Process(char const*, Process*, char**)
                0x00000000c001596c                Process::Process(bool, char const*, Process*, char**)
                0x00000000c001596c                Process::Process(bool, char const*, Process*, char**)
                0x00000000c0015b40                taskStartupFunction
                0x00000000c0015b4c                Semaphore::Semaphore(int)
                0x00000000c0015b4c                Semaphore::Semaphore(int)
                0x00000000c0015b7c                Mutex::Mutex()
                0x00000000c0015b7c                Mutex::Mutex()
                0x00000000c0015b90                Process::createThread(void (*)(void*), void*, int)
                0x00000000c0015c9c                Process::createUserThread()
                0x00000000c0015cbc                setupMultitasking(void (*)())
                0x00000000c0015de0                schedule()
                0x00000000c0015e74                Semaphore::tryAcquire()
                0x00000000c0015f48                Semaphore::assertLocked(char const*)
                0x00000000c0015fcc                blockTaskWithSchedulerLockAlreadyHeld(TaskState)
                0x00000000c0015ff4                blockTask(TaskState)
                0x00000000c001602c                waitTask(int, int*, int)
                0x00000000c0016070                milliTenthSleepUntil(unsigned int)
                0x00000000c0016110                milliTenthSleep(unsigned int)
                0x00000000c0016124                sleep(unsigned int)
                0x00000000c0016140                Semaphore::acquire()
                0x00000000c0016208                taskReturned
                0x00000000c001624c                Thr::processFromPID(int)
                0x00000000c00162f8                unblockTask(ThreadControlBlock*)
                0x00000000c00163a4                cleanupTerminatedTask(ThreadControlBlock*)
                0x00000000c0016678                cleanerTaskFunction(void*)
                0x00000000c0016780                terminateTask(int)
                0x00000000c001686c                Thr::terminateFromIRQ(int)
                0x00000000c001687c                Semaphore::release()
 .text          0x00000000c00169c5      0xc27 vm86/vm8086.32
                0x00000000c00169c5                Vm::inbv(unsigned short)
                0x00000000c00169d8                Vm::outbv(unsigned short, unsigned char)
                0x00000000c0016a0e                Vm::realToLinear(unsigned short, unsigned short)
                0x00000000c0016a1e                Vm::getSegment(unsigned int)
                0x00000000c0016a26                Vm::getOffset(unsigned int)
                0x00000000c0016a2b                Vm::mainloop2()
                0x00000000c0016a65                Vm::mainVm8086Loop(void*)
                0x00000000c0016a75                Vm::mainloop3(unsigned long)
                0x00000000c0016a9b                Vm::initialise8086()
                0x00000000c0016ade                Vm::finish8086()
                0x00000000c0016b3f                Vm::getOutput8086(unsigned char*)
                0x00000000c0016b64                Vm::start8086FromBuffer(unsigned char*, int, unsigned short, unsigned short, unsigned short, unsigned short)
                0x00000000c0016c1d                Vm::start8086(char const*, unsigned short, unsigned short, unsigned short, unsigned short)
                0x00000000c0016dbb                Vm::doISR(regs*, int, unsigned char*, unsigned short, unsigned short)
                0x00000000c0016e54                Vm::readByteFromReal(unsigned short, unsigned short)
                0x00000000c0016e65                Vm::readWordFromReal(unsigned short, unsigned short)
                0x00000000c0016e77                Vm::readDwordFromReal(unsigned short, unsigned short)
                0x00000000c0016e88                Vm::writeByteFromReal(unsigned short, unsigned short, unsigned char)
                0x00000000c0016e9d                Vm::writeWordFromReal(unsigned short, unsigned short, unsigned short)
                0x00000000c0016eb3                Vm::writeDwordFromReal(unsigned short, unsigned short, unsigned int)
                0x00000000c0016ec8                Vm::faultHandler(regs*)
 .text          0x00000000c00175ec      0xaf0 arch/i386/hal.32
                0x00000000c00175ec                noCopro(unsigned long)
                0x00000000c00175ed                nmiHandler(regs*, void*)
                0x00000000c0017606                doubleFault(regs*, void*)
                0x00000000c001761f                displayDebugInfo(regs*)
                0x00000000c00179a4                HalSystemIdle()
                0x00000000c0017a20                displayProgramFault(char const*)
                0x00000000c0017a6c                gpFault(regs*, void*)
                0x00000000c0017ad3                pgFault(regs*, void*)
                0x00000000c0017b5c                otherISRHandler(regs*, void*)
                0x00000000c0017b90                opcodeFault(regs*, void*)
                0x00000000c0017c13                i386SaveCoprocessor(void*)
                0x00000000c0017c27                i386LoadCoprocessor(void*)
                0x00000000c0017c3b                x87EmulHandler(regs*, void*)
                0x00000000c0017cd8                HalInitialiseCoprocessor()
                0x00000000c0017d86                HalPanic(char const*)
                0x00000000c0017e9a                HalQueryPerformanceCounter()
                0x00000000c0017eb5                HalInitialise()
                0x00000000c001806b                HalMakeBeep(int)
                0x00000000c00180a5                HalGetRand()
                0x00000000c00180a8                HalEndOfInterrupt(int)
                0x00000000c00180d9                HalRestart()
                0x00000000c00180da                HalShutdown()
                0x00000000c00180db                HalSleep()
 .text          0x00000000c00180dc      0x2dc arch/i386/pic.32
                0x00000000c00180dc                picIoWait()
                0x00000000c00180e4                picDisable()
                0x00000000c0018118                picGetIRQReg(int)
                0x00000000c0018194                picOpen()
                0x00000000c0018318                picEOI(int)
 .text          0x00000000c00183b8      0x674 arch/i386/rtc.32
                0x00000000c00183b8                RTC::open(int, int, void*)
                0x00000000c00183bc                RTC::close(int, int, void*)
                0x00000000c00183c0                RTC::timeInSecondsUTC()
                0x00000000c00183d2                RTC::timeInDatetimeUTC()
                0x00000000c00183f8                RTC::setTimeInSecondsUTC(unsigned long long)
                0x00000000c0018436                RTC::~RTC()
                0x00000000c0018436                RTC::~RTC()
                0x00000000c001845a                RTC::~RTC()
                0x00000000c0018484                RTC::get_update_in_progress_flag()
                0x00000000c001849e                RTC::completeRTCRefresh()
                0x00000000c001877e                RTC::setTimeInDatetimeUTC(datetime_t)
                0x00000000c001892c                rtcIRQHandler(regs*, void*)
                0x00000000c0018972                RTC::RTC()
                0x00000000c0018972                RTC::RTC()
 .text          0x00000000c0018a2c      0x1f4 arch/i386/vga.32
                0x00000000c0018a2c                HalConsoleScroll(int, int)
                0x00000000c0018b34                HalConsoleWriteCharacter(char, int, int, int, int)
                0x00000000c0018b98                HalConsoleCursorUpdate(int, int)
 .text          0x00000000c0018c20     0x14cf fs/fat/vfslink.32
                0x00000000c0018c20                FAT::getName()
                0x00000000c0018c28                FAT::tell(void*, unsigned long long*)
                0x00000000c0018c64                FAT::stat(void*, unsigned long long*)
                0x00000000c0018ca0                FAT::~FAT()
                0x00000000c0018ca0                FAT::~FAT()
                0x00000000c0018cc4                FAT::~FAT()
                0x00000000c0018cec                FAT::getlabel(LogicalDisk*, int, char*, unsigned int*)
                0x00000000c0018d90                FAT::setlabel(LogicalDisk*, int, char*)
                0x00000000c0018e54                FAT::format(LogicalDisk*, int, char const*, int)
                0x00000000c0019038                FAT::tryMount(LogicalDisk*, int)
                0x00000000c0019254                FAT::allocateSwapfile(char const*, int)
                0x00000000c0019414                FAT::readDir(void*, unsigned long, void*, int*)
                0x00000000c0019584                FAT::read(void*, unsigned long, void*, int*)
                0x00000000c00195e4                FAT::write(void*, unsigned long, void*, int*)
                0x00000000c0019644                FAT::close(void*)
                0x00000000c0019698                FAT::closeDir(void*)
                0x00000000c00196ec                FAT::truncate(void*, unsigned long long)
                0x00000000c0019758                FAT::seek(void*, unsigned long long)
                0x00000000c00197b0                fatWrapperReadDisk
                0x00000000c00197f0                fatWrapperWriteDisk
                0x00000000c0019830                fatWrapperIoctl
                0x00000000c001994c                FAT::FAT()
                0x00000000c001994c                FAT::FAT()
                0x00000000c00199a4                FAT::fixFilepath(char*)
                0x00000000c00199e4                FAT::open(char const*, void**, FileOpenMode)
                0x00000000c0019b58                FAT::openDir(char const*, void**)
                0x00000000c0019c08                FAT::stat(char const*, unsigned long long*, bool*)
                0x00000000c0019d00                FAT::unlink(char const*)
                0x00000000c0019d80                FAT::chfatattr(char const*, unsigned char, unsigned char)
                0x00000000c0019f34                FAT::rename(char const*, char const*)
                0x00000000c001a000                FAT::mkdir(char const*)
                0x00000000c001a080                FAT::exists(char const*)
 *fill*         0x00000000c001a0ef        0x1 
 .text          0x00000000c001a0f0       0x94 fs/iso9660/helper.32
                0x00000000c001a0f0                isoReadDiscSectorHelper
                0x00000000c001a14c                iso_kprintf
                0x00000000c001a168                iso_kprintfd
 .text          0x00000000c001a184      0x71c fs/iso9660/vfslink.32
                0x00000000c001a184                ISO9660::format(LogicalDisk*, int, char const*, int)
                0x00000000c001a18a                ISO9660::truncate(void*, unsigned long long)
                0x00000000c001a190                ISO9660::getName()
                0x00000000c001a196                ISO9660::closeDir(void*)
                0x00000000c001a1a0                ISO9660::chfatattr(char const*, unsigned char, unsigned char)
                0x00000000c001a1a6                ISO9660::unlink(char const*)
                0x00000000c001a1ac                ISO9660::write(void*, unsigned long, void*, int*)
                0x00000000c001a1b2                ISO9660::rename(char const*, char const*)
                0x00000000c001a1b8                ISO9660::mkdir(char const*)
                0x00000000c001a1be                ISO9660::~ISO9660()
                0x00000000c001a1be                ISO9660::~ISO9660()
                0x00000000c001a1e2                ISO9660::~ISO9660()
                0x00000000c001a20a                ISO9660::exists(char const*)
                0x00000000c001a21e                ISO9660::open(char const*, void**, FileOpenMode)
                0x00000000c001a304                ISO9660::read(void*, unsigned long, void*, int*)
                0x00000000c001a34c                ISO9660::seek(void*, unsigned long long)
                0x00000000c001a38e                ISO9660::tell(void*, unsigned long long*)
                0x00000000c001a3cc                ISO9660::stat(void*, unsigned long long*)
                0x00000000c001a41e                ISO9660::stat(char const*, unsigned long long*, bool*)
                0x00000000c001a560                ISO9660::close(void*)
                0x00000000c001a590                ISO9660::openDir(char const*, void**)
                0x00000000c001a66a                ISO9660::readDir(void*, unsigned long, void*, int*)
                0x00000000c001a787                readSectorFromCDROM(unsigned int, unsigned char*, char)
                0x00000000c001a806                ISO9660::tryMount(LogicalDisk*, int)
                0x00000000c001a878                ISO9660::ISO9660()
                0x00000000c001a878                ISO9660::ISO9660()
 .text          0x00000000c001a8a0      0x26c hal/sound/sndcard.32
                0x00000000c001a8a0                SoundCard::beginPlayback()
                0x00000000c001a8ae                SoundCard::stopPlayback()
                0x00000000c001a8bc                SoundCard::SoundCard(char const*)
                0x00000000c001a8bc                SoundCard::SoundCard(char const*)
                0x00000000c001a95a                SoundCard::~SoundCard()
                0x00000000c001a95a                SoundCard::~SoundCard()
                0x00000000c001a97e                SoundCard::~SoundCard()
                0x00000000c001a9a8                SoundCard::configureRates(int, int, int)
                0x00000000c001a9d8                SoundCard::getSamples16(int, short*)
                0x00000000c001aa34                SoundCard::getSamples32(int, int*)
                0x00000000c001aaba                SoundCard::addChannel(SoundPort*)
                0x00000000c001aaf8                SoundCard::removeChannel(int)
 .text          0x00000000c001ab0c      0x38a hal/sound/sndport.32
                0x00000000c001ab0c                SoundPort::SoundPort(int, int, int, int)
                0x00000000c001ab0c                SoundPort::SoundPort(int, int, int, int)
                0x00000000c001ab98                SoundPort::~SoundPort()
                0x00000000c001ab98                SoundPort::~SoundPort()
                0x00000000c001abcc                SoundPort::unpause()
                0x00000000c001abd8                SoundPort::pause()
                0x00000000c001abe4                SoundPort::getBufferUsed()
                0x00000000c001abec                SoundPort::getBufferSize()
                0x00000000c001abf4                SoundPort::buffer16(short*, int)
                0x00000000c001ac80                SoundPort::buffer32(int*, int)
                0x00000000c001ad0c                SoundPort::unbufferAndAdd16(int, short*, SoundCard*)
                0x00000000c001add8                SoundPort::unbufferAndAdd32(int, int*, SoundCard*)
 .text          0x00000000c001ae96        0x0 hw/bus/isa.32
 .text          0x00000000c001ae96      0xbb7 hw/bus/pci.32
                0x00000000c001ae96                PCI::open(int, int, void*)
                0x00000000c001aeb4                PCI::close(int, int, void*)
                0x00000000c001aeb8                PCI::PCI()
                0x00000000c001aeb8                PCI::PCI()
                0x00000000c001af50                PCI::readBAR8(unsigned int, int)
                0x00000000c001af6c                PCI::readBAR16(unsigned int, int)
                0x00000000c001af8a                PCI::readBAR32(unsigned int, int)
                0x00000000c001afa6                PCI::writeBAR8(unsigned int, unsigned char, int)
                0x00000000c001afc6                PCI::writeBAR16(unsigned int, unsigned short, int)
                0x00000000c001afe8                PCI::writeBAR32(unsigned int, unsigned int, int)
                0x00000000c001b008                PCI::legacyMechanism(unsigned char, unsigned char, unsigned char, unsigned char)
                0x00000000c001b07e                PCI::pciReadWord(unsigned char, unsigned char, unsigned char, unsigned char)
                0x00000000c001b128                PCI::getVendorID(unsigned char, unsigned char, unsigned char)
                0x00000000c001b14c                PCI::getHeaderType(unsigned char, unsigned char, unsigned char)
                0x00000000c001b174                PCI::getClassCode(unsigned char, unsigned char, unsigned char)
                0x00000000c001b1be                PCI::getProgIF(unsigned char, unsigned char, unsigned char)
                0x00000000c001b1e6                PCI::getRevisionID(unsigned char, unsigned char, unsigned char)
                0x00000000c001b20a                PCI::getInterruptNumber(unsigned char, unsigned char, unsigned char)
                0x00000000c001b22e                PCI::getSecondaryBus(unsigned char, unsigned char, unsigned char)
                0x00000000c001b256                PCI::getBARAddress(unsigned char, unsigned char, unsigned char, unsigned char)
                0x00000000c001b2ba                PCI::pciWriteWord(unsigned char, unsigned char, unsigned char, unsigned char, unsigned short)
                0x00000000c001b3a2                PCI::pciDetailsToFilepath(PCIDeviceInfo, char*)
                0x00000000c001b668                PCI::checkBus(unsigned char)
                0x00000000c001b68c                PCI::foundDevice(PCIDeviceInfo)
                0x00000000c001b806                PCI::getDeviceData(unsigned char, unsigned char, unsigned char)
                0x00000000c001b982                PCI::checkDevice(unsigned char, unsigned char)
                0x00000000c001b9f4                PCI::detect()
 *fill*         0x00000000c001ba4d        0x1 
 .text          0x00000000c001ba4e      0xb9a hw/diskctrl/ide.32
                0x00000000c001ba4e                IDE::close(int, int, void*)
                0x00000000c001ba52                IDE::IDE()
                0x00000000c001ba52                IDE::IDE()
                0x00000000c001ba86                IDE::prepareInterrupt(unsigned char)
                0x00000000c001ba98                selectDrive(unsigned char, unsigned char)
                0x00000000c001ba9a                IDE::getBase(unsigned char)
                0x00000000c001baac                IDE::write(unsigned char, unsigned char, unsigned char)
                0x00000000c001bb6c                IDE::read(unsigned char, unsigned char)
                0x00000000c001bc1a                IDE::waitInterrupt(unsigned char)
                0x00000000c001bc7c                ideChannel0IRQHandler(regs*, void*)
                0x00000000c001bc98                ideChannel1IRQHandler(regs*, void*)
                0x00000000c001bcb4                IDE::enableIRQs(unsigned char, bool)
                0x00000000c001bcfe                IDE::open(int, int, void*)
                0x00000000c001c13c                IDE::readBuffer(unsigned char, unsigned char, unsigned int, unsigned int)
                0x00000000c001c20c                IDE::detect()
                0x00000000c001c4da                IDE::printError(unsigned char, unsigned char, unsigned char)
                0x00000000c001c594                IDE::polling(unsigned char, unsigned int)
 .text          0x00000000c001c5e8      0x32a hw/diskctrl/satabus.32
                0x00000000c001c5e8                SATABus::close(int, int, void*)
                0x00000000c001c5ec                SATABus::detect()
                0x00000000c001c5ee                SATABus::SATABus()
                0x00000000c001c5ee                SATABus::SATABus()
                0x00000000c001c674                SATABus::findCmdslot(SATABus::tagHBA_PORT volatile*)
                0x00000000c001c6a6                SATABus::checkType(SATABus::tagHBA_PORT volatile*)
                0x00000000c001c6ee                SATABus::startCmd(SATABus::tagHBA_PORT volatile*)
                0x00000000c001c70e                SATABus::stopCmd(SATABus::tagHBA_PORT volatile*)
                0x00000000c001c738                SATABus::portRebase(SATABus::tagHBA_PORT volatile*, int)
                0x00000000c001c848                SATABus::probePort(SATABus::tagHBA_MEM volatile*)
                0x00000000c001c8f2                SATABus::open(int, int, void*)
 .text          0x00000000c001c912      0x93f hw/diskphys/ata.32
                0x00000000c001c912                ATA::close(int, int, void*)
                0x00000000c001c936                ATA::powerSaving(PowerSavingLevel)
                0x00000000c001c938                ATA::ATA()
                0x00000000c001c938                ATA::ATA()
                0x00000000c001c966                ATA::flush(bool)
                0x00000000c001c9b4                ATA::readyForCommand()
                0x00000000c001ca00                ATA::access(unsigned long long, int, void*, bool)
                0x00000000c001cd96                ATA::detectCHS()
                0x00000000c001cdc0                ATA::open(int, int, void*)
                0x00000000c001ce8c                combineCharAndColour(char, unsigned char)
                0x00000000c001ce9d                combineColours(unsigned char, unsigned char)
                0x00000000c001ceaa                ATA::read(unsigned long long, int, void*)
                0x00000000c001d080                ATA::write(unsigned long long, int, void*)
 *fill*         0x00000000c001d251        0x1 
 .text          0x00000000c001d252      0x618 hw/diskphys/atapi.32
                0x00000000c001d252                ATAPI::write(unsigned long long, int, void*)
                0x00000000c001d258                ATAPI::close(int, int, void*)
                0x00000000c001d27c                ATAPI::ATAPI()
                0x00000000c001d27c                ATAPI::ATAPI()
                0x00000000c001d2aa                ATAPI::readyForCommand()
                0x00000000c001d2fc                ATAPI::sendPacket(unsigned char*, int, bool, unsigned short*, int)
                0x00000000c001d5c4                ATAPI::diskRemoved()
                0x00000000c001d5fe                ATAPI::eject()
                0x00000000c001d646                ATAPI::diskInserted()
                0x00000000c001d652                ATAPI::detectMedia()
                0x00000000c001d710                ATAPI::open(int, int, void*)
                0x00000000c001d7f0                ATAPI::read(unsigned long long, int, void*)
 .text          0x00000000c001d86a      0x807 hw/diskphys/sata.32
                0x00000000c001d86a                SATA::close(int, int, void*)
                0x00000000c001d88e                SATA::powerSaving(PowerSavingLevel)
                0x00000000c001d890                SATA::open(int, int, void*)
                0x00000000c001d93a                SATA::SATA()
                0x00000000c001d93a                SATA::SATA()
                0x00000000c001d968                SATA::access(unsigned long long, int, void*, bool)
                0x00000000c001dbbc                SATA::read(unsigned long long, int, void*)
                0x00000000c001de0c                SATA::write(unsigned long long, int, void*)
 *fill*         0x00000000c001e071        0x1 
 .text          0x00000000c001e072      0x5d0 hw/diskphys/satapi.32
                0x00000000c001e072                SATAPI::write(unsigned long long, int, void*)
                0x00000000c001e078                SATAPI::close(int, int, void*)
                0x00000000c001e09c                SATAPI::SATAPI()
                0x00000000c001e09c                SATAPI::SATAPI()
                0x00000000c001e0ca                SATAPI::diskRemoved()
                0x00000000c001e0cc                SATAPI::diskInserted()
                0x00000000c001e0e8                SATAPI::sendPacket(unsigned char*, int, unsigned long long, unsigned short*, int)
                0x00000000c001e3c6                SATAPI::eject()
                0x00000000c001e402                SATAPI::detectMedia()
                0x00000000c001e458                SATAPI::open(int, int, void*)
                0x00000000c001e558                SATAPI::read(unsigned long long, int, void*)
 .text          0x00000000c001e642      0x45b hw/intctrl/apic.32
                0x00000000c001e642                IOAPIC::close(int, int, void*)
                0x00000000c001e648                apicGetBase()
                0x00000000c001e68e                IOAPIC::IOAPIC()
                0x00000000c001e68e                IOAPIC::IOAPIC()
                0x00000000c001e6b6                apicOpen()
                0x00000000c001e832                IOAPIC::handlesGSIWithNumber(unsigned int)
                0x00000000c001e864                IOAPIC::read(int)
                0x00000000c001e88c                IOAPIC::open(int, int, void*)
                0x00000000c001e972                IOAPIC::write(int, int)
                0x00000000c001e99e                IOAPIC::redirect(unsigned char, unsigned long long, unsigned char, bool, bool)
 *fill*         0x00000000c001ea9d        0x3 
 .text          0x00000000c001eaa0       0xf0 hw/timer/apictimer.32
                0x00000000c001eaa0                APICTimer::close(int, int, void*)
                0x00000000c001eaa8                apicTimerHandler(regs*, void*)
                0x00000000c001ead0                APICTimer::open(int, int, void*)
                0x00000000c001eb40                APICTimer::write(int)
                0x00000000c001eb68                APICTimer::APICTimer()
                0x00000000c001eb68                APICTimer::APICTimer()
 .text          0x00000000c001eb90      0x1ad hw/timer/pit.32
                0x00000000c001eb90                PIT::write(int)
                0x00000000c001ec14                pitHandler(regs*, void*)
                0x00000000c001ec3c                PIT::open(int, int, void*)
                0x00000000c001ec8c                PIT::close(int, int, void*)
                0x00000000c001ecbc                PIT::PIT()
                0x00000000c001ecbc                PIT::PIT()
 *fill*         0x00000000c001ed3d        0x3 
 .text          0x00000000c001ed40       0x83 arch/i386/avx.32
                0x00000000c001ed40                avxDetect
                0x00000000c001ed6a                avxSave
                0x00000000c001ed7b                avxLoad
                0x00000000c001ed8c                avxInit
                0x00000000c001edae                avxClose
                0x00000000c001edaf                wouldSheSayYes
 *fill*         0x00000000c001edc3        0xd 
 .text          0x00000000c001edd0      0x2ec arch/i386/interrupt.32
                0x00000000c001edd0                isr0
                0x00000000c001ede0                isr1
                0x00000000c001edea                isr2
                0x00000000c001edf4                isr3
                0x00000000c001edfe                isr4
                0x00000000c001ee08                isr5
                0x00000000c001ee12                isr6
                0x00000000c001ee1c                isr7
                0x00000000c001ee26                isr8
                0x00000000c001ee2e                isr9
                0x00000000c001ee38                isr10
                0x00000000c001ee40                isr11
                0x00000000c001ee48                isr12
                0x00000000c001ee50                isr13
                0x00000000c001ee6a                isr14
                0x00000000c001ee72                isr15
                0x00000000c001ee7c                isr16
                0x00000000c001ee86                isr17
                0x00000000c001ee90                isr18
                0x00000000c001ee9a                irq3
                0x00000000c001eea4                irq4
                0x00000000c001eeae                irq5
                0x00000000c001eeb8                irq6
                0x00000000c001eec2                irq7
                0x00000000c001eecc                irq8
                0x00000000c001eed6                irq9
                0x00000000c001eee0                irq10
                0x00000000c001eeea                irq11
                0x00000000c001eef4                irq12
                0x00000000c001eefe                irq13
                0x00000000c001ef08                irq14
                0x00000000c001ef12                irq15
                0x00000000c001ef1c                irq1
                0x00000000c001ef23                irq2
                0x00000000c001ef2a                isr96