Archive member included to satisfy reference by file (symbol)

/cygdrive/d/Users/Alex/Desktop/Toolchain/Output/bin/../lib/gcc/i386-banana/8.1.0/libkgcc.a(_divdi3.o)
                              fs/fat/ff.32 (__divdi3)
/cygdrive/d/Users/Alex/Desktop/Toolchain/Output/bin/../lib/gcc/i386-banana/8.1.0/libkgcc.a(_moddi3.o)
                              compat/resolve.32 (__moddi3)
/cygdrive/d/Users/Alex/Desktop/Toolchain/Output/bin/../lib/gcc/i386-banana/8.1.0/libkgcc.a(_udivdi3.o)
                              fs/fat/ff.32 (__udivdi3)
/cygdrive/d/Users/Alex/Desktop/Toolchain/Output/bin/../lib/gcc/i386-banana/8.1.0/libkgcc.a(_umoddi3.o)
                              compat/resolve.32 (__umoddi3)
D:/Users/Alex/Desktop/Banana/kernel/libsoftfp.a(sfieeelib.o)
                              hal/libresample/src_linear.32 (__subsf3)
D:/Users/Alex/Desktop/Banana/kernel/libsoftfp.a(dfieeelib.o)
                              hal/libresample/src_linear.32 (__adddf3)
D:/Users/Alex/Desktop/Banana/kernel/libsoftfp.a(sfdfcvt.o)
                              hal/libresample/samplerate.32 (__truncdfsf2)
D:/Users/Alex/Desktop/Banana/kernel/libk/libm32.a(s_fabs.c.o)
                              hal/libresample/samplerate.32 (fabs)
D:/Users/Alex/Desktop/Banana/kernel/libk/libm32.a(s_lrint.S.o)
                              hal/libresample/samplerate.32 (lrint)
D:/Users/Alex/Desktop/Banana/kernel/libk/libm32.a(s_lrintf.S.o)
                              hal/sound/sndhw.32 (lrintf)

Discarded input sections

 .comment       0x0000000000000000       0x12 /cygdrive/d/Users/Alex/Desktop/Toolchain/Output/bin/../lib/gcc/i386-banana/8.1.0/crtbegin.o
 .comment       0x0000000000000000       0x12 acpica/utclib.32
 .comment       0x0000000000000000       0x12 core/malloc.32
 .comment       0x0000000000000000       0x12 libk/string.32
 .comment       0x0000000000000000       0x12 fs/fat/diskio.32
 .comment       0x0000000000000000       0x12 fs/fat/ff.32
 .comment       0x0000000000000000       0x12 fs/fat/ffsystem.32
 .comment       0x0000000000000000       0x12 fs/fat/ffunicode.32
 .comment       0x0000000000000000       0x12 hal/libresample/samplerate.32
 .comment       0x0000000000000000       0x12 hal/libresample/src_linear.32
 .comment       0x0000000000000000       0x12 hal/libresample/src_sinc.32
 .comment       0x0000000000000000       0x12 hal/libresample/src_zoh.32
 .comment       0x0000000000000000       0x12 compat/inlines.32
 .comment       0x0000000000000000       0x12 compat/resolve.32
 .group         0x0000000000000000       0x14 core/computer.32
 .group         0x0000000000000000        0xc core/computer.32
 .comment       0x0000000000000000       0x12 core/computer.32
 .comment       0x0000000000000000       0x12 core/gdt.32
 .group         0x0000000000000000        0xc core/idle.32
 .comment       0x0000000000000000       0x12 core/idle.32
 .comment       0x0000000000000000       0x12 core/idt.32
 .comment       0x0000000000000000       0x12 core/kheap.32
 .comment       0x0000000000000000       0x12 core/main.32
 .comment       0x0000000000000000       0x12 core/physmgr.32
 .group         0x0000000000000000        0xc core/pipe.32
 .comment       0x0000000000000000       0x12 core/pipe.32
 .group         0x0000000000000000        0xc core/terminal.32
 .comment       0x0000000000000000       0x12 core/terminal.32
 .comment       0x0000000000000000       0x12 core/tss.32
 .group         0x0000000000000000        0x8 core/unixfile.32
 .group         0x0000000000000000        0x8 core/unixfile.32
 .group         0x0000000000000000        0xc core/unixfile.32
 .group         0x0000000000000000        0x8 core/unixfile.32
 .group         0x0000000000000000        0xc core/unixfile.32
 .group         0x0000000000000000        0x8 core/unixfile.32
 .group         0x0000000000000000        0xc core/unixfile.32
 .group         0x0000000000000000        0xc core/unixfile.32
 .comment       0x0000000000000000       0x12 core/unixfile.32
 .comment       0x0000000000000000       0x12 core/virtmgr.32
 .comment       0x0000000000000000       0x12 coreobjs/c++.32
 .comment       0x0000000000000000       0x12 dbg/kconsole.32
 .group         0x0000000000000000        0xc fs/vfs.32
 .group         0x0000000000000000        0xc fs/vfs.32
 .group         0x0000000000000000        0xc fs/vfs.32
 .comment       0x0000000000000000       0x12 fs/vfs.32
 .group         0x0000000000000000        0xc hal/bus.32
 .comment       0x0000000000000000       0x12 hal/bus.32
 .group         0x0000000000000000        0xc hal/buzzer.32
 .comment       0x0000000000000000       0x12 hal/buzzer.32
 .group         0x0000000000000000        0xc hal/clock.32
 .comment       0x0000000000000000       0x12 hal/clock.32
 .group         0x0000000000000000       0x14 hal/device.32
 .group         0x0000000000000000        0xc hal/device.32
 .group         0x0000000000000000        0x8 hal/device.32
 .group         0x0000000000000000        0xc hal/device.32
[...]
Memory Configuration

Name             Origin             Length             Attributes
*default*        0x0000000000000000 0xffffffffffffffff

Linker script and memory map

LOAD D:/Users/Alex/Desktop/Banana/kernel/boot.32
LOAD crti.32
LOAD /cygdrive/d/Users/Alex/Desktop/Toolchain/Output/bin/../lib/gcc/i386-banana/8.1.0/crtbegin.o
LOAD D:/Users/Alex/Desktop/Banana/kernel/morenasm.32
LOAD acpica/utclib.32
LOAD core/malloc.32
LOAD libk/string.32
LOAD fs/fat/diskio.32
LOAD fs/fat/ff.32
LOAD fs/fat/ffsystem.32
LOAD fs/fat/ffunicode.32
LOAD hal/libresample/samplerate.32
LOAD hal/libresample/src_linear.32
LOAD hal/libresample/src_sinc.32
LOAD hal/libresample/src_zoh.32
LOAD compat/inlines.32
LOAD compat/resolve.32
LOAD core/computer.32
LOAD core/gdt.32
LOAD core/idle.32
LOAD core/idt.32
LOAD core/kheap.32
LOAD core/main.32
LOAD core/physmgr.32
LOAD core/pipe.32
LOAD core/terminal.32
LOAD core/tss.32
LOAD core/unixfile.32
LOAD core/virtmgr.32
LOAD coreobjs/c++.32
LOAD dbg/kconsole.32
LOAD fs/vfs.32
LOAD hal/bus.32
LOAD hal/buzzer.32
LOAD hal/clock.32
LOAD hal/device.32
LOAD hal/diskctrl.32
LOAD hal/diskphys.32
LOAD hal/fpu.32
LOAD hal/intctrl.32
LOAD hal/keybrd.32
LOAD hal/logidisk.32
LOAD hal/mouse.32
LOAD hal/partition.32
LOAD hal/serial.32
LOAD hal/timer.32
LOAD hal/vcache.32
LOAD hal/video.32
LOAD hw/acpi.32
LOAD hw/cpu.32
LOAD hw/ports.32
LOAD hw/smp.32
LOAD krnl/env.32
LOAD krnl/panic.32
LOAD net/ethernet.32
LOAD reg/registry.32
LOAD sys/sc_eject.32
LOAD sys/sc_exit.32
LOAD sys/sc_getcwd.32
LOAD sys/sc_getpid.32
LOAD sys/sc_getramdata.32
LOAD sys/sc_getvgaptr.32
LOAD sys/sc_loaddll.32
LOAD sys/sc_read.32
LOAD sys/sc_sbrk.32
LOAD sys/sc_setcwd.32
LOAD sys/sc_settime.32
LOAD sys/sc_timezone.32
LOAD sys/sc_write.32
LOAD sys/sc_wsbe.32
LOAD sys/sc_yield.32
LOAD sys/syscalls.32
LOAD thr/elf.32
LOAD thr/prcssthr.32
LOAD vm86/vm8086.32
LOAD vm86/x87em.32
LOAD fs/fat/vfslink.32
LOAD fs/iso9660/vfslink.32
LOAD hal/sound/sndchannel.32
LOAD hal/sound/sndhw.32
LOAD hw/bus/isa.32
LOAD hw/bus/pci.32
LOAD hw/diskctrl/ide.32
LOAD hw/diskctrl/satabus.32
LOAD hw/diskphys/ata.32
LOAD hw/diskphys/atapi.32
LOAD hw/diskphys/sata.32
LOAD hw/diskphys/satapi.32
LOAD hw/fpu/avx.32
LOAD hw/fpu/mmx.32
LOAD hw/fpu/sse.32
LOAD hw/fpu/x87.32
LOAD hw/intctrl/apic.32
LOAD hw/intctrl/pic.32
LOAD hw/timer/apictimer.32
LOAD hw/timer/pit.32
LOAD hw/fpu/x86/avx.32
LOAD hw/fpu/x86/sse.32
LOAD hw/fpu/x86/x87.32
LOAD /cygdrive/d/Users/Alex/Desktop/Toolchain/Output/bin/../lib/gcc/i386-banana/8.1.0/crtend.o
LOAD crtn.32
LOAD /cygdrive/d/Users/Alex/Desktop/Toolchain/Output/bin/../lib/gcc/i386-banana/8.1.0/libkgcc.a
LOAD D:/Users/Alex/Desktop/Banana/kernel/libsoftfp.a
LOAD D:/Users/Alex/Desktop/Banana/kernel/libk/libm32.a
                0x00000000c0000000                . = 0xc0000000

.text           0x00000000c0000000    0x288c8
 *(.text)
 .text          0x00000000c0000000       0x41 D:/Users/Alex/Desktop/Banana/kernel/boot.32
                0x00000000c0000020                callGlobalConstructors
 .text          0x00000000c0000041        0x0 crti.32
 *fill*         0x00000000c0000041        0x3 
 .text          0x00000000c0000044      0x101 /cygdrive/d/Users/Alex/Desktop/Toolchain/Output/bin/../lib/gcc/i386-banana/8.1.0/crtbegin.o
 *fill*         0x00000000c0000145        0xb 
 .text          0x00000000c0000150      0x4fb D:/Users/Alex/Desktop/Banana/kernel/morenasm.32
                0x00000000c0000150                manualPCIProbe
                0x00000000c000019b                prepareTramp
                0x00000000c00001b4                voodooXADD
                0x00000000c000027f                doTPAUSE
                0x00000000c0000289                hasLegacyFPU
                0x00000000c00002ae                is486
                0x00000000c00002e4                detectCPUID
                0x00000000c00002fa                goToVM86
                0x00000000c000032a                goToUsermode
                0x00000000c0000354                switchToThreadASMFirstTime
                0x00000000c0000362                switchToThreadASM
                0x00000000c00003f2                asmQuickAcquireLock
                0x00000000c0000410                asmQuickReleaseLock
                0x00000000c000041c                asmAcquireLock
                0x00000000c000043d                asmReleaseLock
                0x00000000c0000450                loadGDT
                0x00000000c0000470                isr0
                0x00000000c0000480                isr1
                0x00000000c000048a                isr2
                0x00000000c0000494                isr3
                0x00000000c000049e                isr4
                0x00000000c00004a8                isr5
                0x00000000c00004b2                isr6
                0x00000000c00004bc                isr7
                0x00000000c00004c6                isr8
                0x00000000c00004ce                isr9
                0x00000000c00004d8                isr10
                0x00000000c00004e0                isr11
                0x00000000c00004e8                isr12
                0x00000000c00004f0                isr13
                0x00000000c00004f8                isr14
                0x00000000c0000500                isr15
                0x00000000c000050a                isr16
                0x00000000c0000514                isr17
                0x00000000c000051e                isr18
                0x00000000c0000528                irq3
                0x00000000c0000532                irq4
                0x00000000c000053c                irq5
                0x00000000c0000546                irq6
                0x00000000c0000550                irq7
                0x00000000c000055a                irq8
                0x00000000c0000564                irq9
                0x00000000c000056e                irq10
                0x00000000c0000578                irq11
                0x00000000c0000582                irq12
                0x00000000c000058c                irq13
                0x00000000c0000596                irq14
                0x00000000c00005a0                irq15
                0x00000000c00005aa                irq1
                0x00000000c00005b1                irq2
                0x00000000c00005b8                isr96
                0x00000000c00005bf                irq0
                0x00000000c00005c4                syscall_common_stub
                0x00000000c00005c4                int_common_stub
                0x00000000c00005f6                irq16
                0x00000000c0000600                irq17
                0x00000000c000060a                irq18
                0x00000000c0000614                irq19
                0x00000000c000061e                irq20
                0x00000000c0000628                irq21
                0x00000000c0000632                irq22
                0x00000000c000063c                irq23
                0x00000000c0000646                memcpy
 *fill*         0x00000000c000064b        0x1 
 .text          0x00000000c000064c      0x5dd acpica/utclib.32
                0x00000000c000064c                memcmp
                0x00000000c0000688                memmove
                0x00000000c0000750                memset
                0x00000000c000076c                strlen
                0x00000000c0000784                strpbrk
                0x00000000c00007c0                strtok
                0x00000000c000080c                strcpy
                0x00000000c0000830                strncpy
                0x00000000c0000898                strcmp
                0x00000000c00008d8                strchr
                0x00000000c00008fc                strncmp
                0x00000000c000094c                strcat
                0x00000000c000097c                strncat
                0x00000000c00009b8                strstr
                0x00000000c0000a00                toupper
                0x00000000c0000a14                tolower
                0x00000000c0000a28                simple_strtoul
 .text          0x00000000c0000c29      0xfad core/malloc.32
                0x00000000c0000d94                dlfree
                0x00000000c00010ef                dlmalloc
                0x00000000c000162c                dlrealloc
                0x00000000c00017cf                dlmemalign
                0x00000000c00018f2                dlcalloc
                0x00000000c000198c                dlcfree
                0x00000000c0001991                dlindependent_calloc
                0x00000000c00019b6                dlindependent_comalloc
                0x00000000c00019cd                dlvalloc
                0x00000000c00019f8                dlpvalloc
                0x00000000c0001a2e                dlmalloc_trim
                0x00000000c0001a3b                dlmalloc_usable_size
                0x00000000c0001a6c                dlmallinfo
                0x00000000c0001b3b                dlmalloc_stats
                0x00000000c0001b4c                dlmallopt
 .text          0x00000000c0001bd6        0x0 libk/string.32
 .text          0x00000000c0001bd6       0x51 fs/fat/diskio.32
                0x00000000c0001bd6                disk_status
                0x00000000c0001bd9                disk_initialize
                0x00000000c0001bdc                disk_read
                0x00000000c0001bf2                disk_write
                0x00000000c0001c08                disk_ioctl
 .text          0x00000000c0001c27     0x6a69 fs/fat/ff.32
                0x00000000c0004ef5                f_mount
                0x00000000c0004f57                f_open
                0x00000000c0005393                f_read
                0x00000000c0005613                f_write
                0x00000000c00058cd                f_sync
                0x00000000c0005aa9                f_close
                0x00000000c0005ad8                f_lseek
                0x00000000c0005f8f                f_opendir
                0x00000000c0006091                f_closedir
                0x00000000c00060b3                f_readdir
                0x00000000c000614e                f_stat
                0x00000000c00061dd                f_getfree
                0x00000000c00063a8                f_truncate
                0x00000000c00064a0                f_unlink
                0x00000000c0006623                f_mkdir
                0x00000000c000684f                f_rename
                0x00000000c0006b42                f_chmod
                0x00000000c0006c20                f_utime
                0x00000000c0006cfe                f_getlabel
                0x00000000c0006eec                f_setlabel
                0x00000000c0007159                f_expand
                0x00000000c000738f                f_forward
                0x00000000c000756d                f_mkfs
 .text          0x00000000c0008690       0x2d fs/fat/ffsystem.32
                0x00000000c0008690                ff_memalloc
                0x00000000c00086a6                ff_memfree
 .text          0x00000000c00086bd      0x253 fs/fat/ffunicode.32
                0x00000000c00086bd                ff_uni2oem
                0x00000000c000874d                ff_oem2uni
                0x00000000c00087b9                ff_wtoupper
 .text          0x00000000c0008910      0x8fb hal/libresample/samplerate.32
                0x00000000c0008954                src_delete
                0x00000000c0008990                src_process
                0x00000000c0008b46                src_callback_read
                0x00000000c0008cc3                src_set_ratio
                0x00000000c0008d2d                src_get_channels
                0x00000000c0008d4f                src_reset
                0x00000000c0008d9b                src_new
                0x00000000c0008e29                src_callback_new
                0x00000000c0008e8b                src_get_name
                0x00000000c0008ec2                src_get_description
                0x00000000c0008ef9                src_get_version
                0x00000000c0008eff                src_is_valid_ratio
                0x00000000c0008f53                src_error
                0x00000000c0008f61                src_strerror
                0x00000000c0008f74                src_simple
                0x00000000c0008fc7                src_short_to_float_array
                0x00000000c000902c                src_float_to_short_array
                0x00000000c00090eb                src_int_to_float_array
                0x00000000c000914e                src_float_to_int_array
 .text          0x00000000c000920b      0x8cb hal/libresample/src_linear.32
                0x00000000c0009a31                linear_get_name
                0x00000000c0009a40                linear_get_description
                0x00000000c0009a4f                linear_set_converter
 .text          0x00000000c0009ad6     0x447c hal/libresample/src_sinc.32
                0x00000000c000de69                sinc_get_name
                0x00000000c000de7c                sinc_get_description
                0x00000000c000de8f                sinc_set_converter
 .text          0x00000000c000df52      0x77c hal/libresample/src_zoh.32
                0x00000000c000e629                zoh_get_name
                0x00000000c000e638                zoh_get_description
                0x00000000c000e647                zoh_set_converter
 .text          0x00000000c000e6ce       0xa7 compat/inlines.32
                0x00000000c000e6ce                CPU::current()
                0x00000000c000e6da                operator new(unsigned long)
                0x00000000c000e6df                operator delete(void*)
                0x00000000c000e6e4                disableIRQs()
                0x00000000c000e6ec                enableIRQs()
                0x00000000c000e6fb                lockScheduler()
                0x00000000c000e703                unlockScheduler()
                0x00000000c000e712                lockStuff()
                0x00000000c000e720                unlockStuff()
                0x00000000c000e75a                Virt::getAKernelVAS()
                0x00000000c000e760                __not_memcpy
 .text          0x00000000c000e775      0x111 compat/resolve.32
                0x00000000c000e775                Krnl::resolveCompatibilitySymbol(char*)
 .text          0x00000000c000e886      0x79b core/computer.32
                0x00000000c000e886                Computer::close(int, int, void*)
                0x00000000c000e8ca                Krnl::firstTask()
                0x00000000c000ea18                Computer::Computer()
                0x00000000c000ea18                Computer::Computer()
                0x00000000c000eb74                Computer::setBootMessage(char const*)
                0x00000000c000eb76                Computer::detectFeatures()
                0x00000000c000ed80                Computer::displayFeatures()
                0x00000000c000ed82                Computer::rdmsr(unsigned int)
                0x00000000c000edae                Computer::wrmsr(unsigned int, unsigned long long)
                0x00000000c000ede6                Computer::nmiEnabled()
                0x00000000c000edf2                Computer::readCMOS(unsigned char)
                0x00000000c000ee0c                Computer::enableNMI(bool)
                0x00000000c000ee24                Computer::open(int, int, void*)
                0x00000000c000ef64                Computer::disableNMI()
                0x00000000c000ef72                Computer::writeCMOS(unsigned char, unsigned char)
                0x00000000c000ef90                Computer::handleNMI()
                0x00000000c000eff6                Computer::setDiskActivityLight(int, bool)
 *fill*         0x00000000c000f021        0x1 
 .text          0x00000000c000f022      0x19d core/gdt.32
                0x00000000c000f022                GDTEntry::setBase(unsigned int)
                0x00000000c000f03e                GDTEntry::setLimit(unsigned int)
                0x00000000c000f05c                GDT::GDT()
                0x00000000c000f05c                GDT::GDT()
                0x00000000c000f072                GDT::addEntry(GDTEntry)
                0x00000000c000f094                GDT::getNumberOfEntries()
                0x00000000c000f09c                GDT::flush()
                0x00000000c000f0be                GDT::setup()
 .text          0x00000000c000f1bf       0x6b core/idle.32
                0x00000000c000f1bf                idleFunction(void*)
 .text          0x00000000c000f22a      0x45e core/idt.32
                0x00000000c000f22a                IDTEntry::IDTEntry(bool)
                0x00000000c000f22a                IDTEntry::IDTEntry(bool)
                0x00000000c000f298                IDTEntry::setOffset(unsigned int)
                0x00000000c000f2ac                IDT::IDT()
                0x00000000c000f2ac                IDT::IDT()
                0x00000000c000f2ae                IDT::getPointerToInvalidOpcodeEntryForF00F()
                0x00000000c000f2b6                IDT::addEntry(IDTEntry, int)
                0x00000000c000f2d0                IDT::addEntry(int, void (*)(), bool)
                0x00000000c000f308                IDT::flush()
                0x00000000c000f322                IDT::setup()
 .text          0x00000000c000f688      0x1fb core/kheap.32
                0x00000000c000f688                sbrk
                0x00000000c000f795                mmap
                0x00000000c000f7ab                munmap
                0x00000000c000f7c1                liballoc_lock()
                0x00000000c000f7ce                liballoc_unlock()
                0x00000000c000f7e2                liballoc_alloc(int)
                0x00000000c000f7fa                liballoc_free(void*, int)
                0x00000000c000f815                realloc
                0x00000000c000f829                malloc
                0x00000000c000f839                free
                0x00000000c000f849                rfree
                0x00000000c000f859                calloc
 .text          0x00000000c000f883      0x1b6 core/main.32
                0x00000000c000f883                Krnl::setBootMessage(char const*)
                0x00000000c000f8ef                kernel_main
 .text          0x00000000c000fa39      0x5b5 core/physmgr.32
                0x00000000c000fa39                Phys::allocateDMA(unsigned long)
                0x00000000c000fb07                Phys::freeDMA(unsigned long, unsigned long)
                0x00000000c000fb66                Phys::setPageState(unsigned long, bool)
                0x00000000c000fb98                Phys::getPageState(unsigned long)
                0x00000000c000fbb4                Phys::freePage(unsigned long)
                0x00000000c000fc25                Phys::allocatePage()
                0x00000000c000fd1d                Phys::allocateContiguousPages(int)
                0x00000000c000fd79                Phys::allowSegmentToBeUsed(unsigned long, unsigned long)
                0x00000000c000fdb1                Phys::physicalMemorySetup(unsigned int)
 .text          0x00000000c000ffee      0x273 core/pipe.32
                0x00000000c000ffee                Pipe::isAtty()
                0x00000000c000fff2                Pipe::~Pipe()
                0x00000000c000fff2                Pipe::~Pipe()
                0x00000000c0010016                Pipe::~Pipe()
                0x00000000c001003e                Pipe::read(unsigned long long, void*, int*)
                0x00000000c001013a                Pipe::write(unsigned long long, void*, int*)
                0x00000000c00101fa                Pipe::Pipe(int)
                0x00000000c00101fa                Pipe::Pipe(int)
 *fill*         0x00000000c0010261        0x1 
 .text          0x00000000c0010262      0xb93 core/terminal.32
                0x00000000c0010262                VgaText::isAtty()
                0x00000000c0010266                VgaText::~VgaText()
                0x00000000c0010266                VgaText::~VgaText()
                0x00000000c001028a                VgaText::~VgaText()
                0x00000000c00102b4                VgaText::read(unsigned long long, void*, int*)
                0x00000000c00102d4                setTerminalScrollLock(bool)
                0x00000000c00102d5                addToTerminalCycle(VgaText*)
                0x00000000c00102f6                installVgaTextImplementation()
                0x00000000c001030b                scrollTerminalScrollLock(int)
                0x00000000c001030c                VgaText::updateTitle()
                0x00000000c001034a                VgaText::load()
                0x00000000c0010398                VgaText::updateCursor()
                0x00000000c00103ae                VgaText::doANSI_SGR(int)
                0x00000000c0010422                VgaText::setDefaultBgColour(VgaColour)
                0x00000000c0010432                VgaText::setDefaultFgColour(VgaColour)
                0x00000000c0010442                VgaText::setDefaultColours(VgaColour, VgaColour)
                0x00000000c0010462                VgaText::setTitleTextColour(VgaColour)
                0x00000000c0010472                VgaText::setTitleColour(VgaColour)
                0x00000000c0010482                VgaText::setTitle(char*)
                0x00000000c00104a8                VgaText::combineColours(unsigned char, unsigned char)
                0x00000000c00104ba                VgaText::scrollScreen()
                0x00000000c001054e                VgaText::combineCharAndColour(char, unsigned char)
                0x00000000c0010560                VgaText::writeCharacter(char, VgaColour, VgaColour, int, int)
                0x00000000c00105bc                VgaText::getCursorX()
                0x00000000c00105c4                VgaText::getCursorY()
                0x00000000c00105cc                VgaText::setCursor(int, int)
                0x00000000c00105e3                setActiveTerminal(VgaText*)
                0x00000000c0010645                doTerminalCycle()
                0x00000000c0010660                VgaText::setCursorX(int)
                0x00000000c0010678                VgaText::setCursorY(int)
                0x00000000c0010690                VgaText::incrementCursor(bool)
                0x00000000c00106e4                VgaText::decrementCursor(bool)
                0x00000000c0010706                VgaText::putchar(char, VgaColour, VgaColour)
                0x00000000c00107de                VgaText::doUpdate()
                0x00000000c00107ec                VgaText::puts(char const*, VgaColour, VgaColour)
                0x00000000c0010964                VgaText::clearScreen()
                0x00000000c00109be                VgaText::putchar(char)
                0x00000000c0010aaa                VgaText::putx(unsigned int)
                0x00000000c0010af0                VgaText::puts(char const*)
                0x00000000c0010b16                VgaText::VgaText(char const*)
                0x00000000c0010b16                VgaText::VgaText(char const*)
                0x00000000c0010c94                VgaText::receiveKey(unsigned char)
                0x00000000c0010d7c                VgaText::write(unsigned long long, void*, int*)
                0x00000000c0010dd0                newTerminal(char*)
 *fill*         0x00000000c0010df5        0x1 
 .text          0x00000000c0010df6      0x19d core/tss.32
                0x00000000c0010df6                TSS::TSS()
                0x00000000c0010df6                TSS::TSS()
                0x00000000c0010e04                TSS::setESP(unsigned long)
                0x00000000c0010e16                TSS::flush()
                0x00000000c0010e36                TSS::setup(unsigned long, unsigned long)
 *fill*         0x00000000c0010f93        0x1 
 .text          0x00000000c0010f94      0x4c2 core/unixfile.32
                0x00000000c0010f94                ReservedFilename::read(unsigned long long, void*, int*)
                0x00000000c0010fea                ReservedFilename::isAtty()
                0x00000000c0011006                ReservedFilename::write(unsigned long long, void*, int*)
                0x00000000c0011064                UnixFile::getFileDescriptor()
                0x00000000c001106c                UnixFile::UnixFile(int)
                0x00000000c001106c                UnixFile::UnixFile(int)
                0x00000000c001121c                ReservedFilename::ReservedFilename(int)
                0x00000000c001121c                ReservedFilename::ReservedFilename(int)
                0x00000000c001124e                UnixFile::~UnixFile()
                0x00000000c001124e                UnixFile::~UnixFile()
                0x00000000c00112e6                UnixFile::~UnixFile()
                0x00000000c001130e                ReservedFilename::~ReservedFilename()
                0x00000000c001130e                ReservedFilename::~ReservedFilename()
                0x00000000c0011332                ReservedFilename::~ReservedFilename()
                0x00000000c0011359                getFromFileDescriptor(int)
 .text          0x00000000c0011456     0x12cd core/virtmgr.32
                0x00000000c0011456                Virt::setPageState(unsigned long, Virt::VirtPageState)
                0x00000000c001148b                Virt::getPageState(unsigned long)
                0x00000000c00114af                Virt::allocateKernelVirtualPages(int)
                0x00000000c00115c0                Virt::freeSwapfilePage(unsigned long)
                0x00000000c00115de                Virt::swapIDToSector(unsigned long)
                0x00000000c00115f0                Virt::allocateSwapfilePage()
                0x00000000c001166e                Virt::virtualMemorySetup()
                0x00000000c00116b9                Virt::setupPageSwapping(int)
                0x00000000c001172a                VAS::VAS()
                0x00000000c001172a                VAS::VAS()
                0x00000000c0011766                VAS::VAS(VAS*)
                0x00000000c0011766                VAS::VAS(VAS*)
                0x00000000c0011794                VAS::getForeignPageTableEntry(bool, unsigned long)
                0x00000000c00117c0                VAS::getPageTableEntry(unsigned long)
                0x00000000c00117df                Virt::freeKernelVirtualPages(unsigned long)
                0x00000000c0011902                VAS::freeAllocatedPages(unsigned long)
                0x00000000c0011926                VAS::virtualToPhysical(unsigned long)
                0x00000000c001193e                VAS::reflagRange(unsigned long, int, int, int)
                0x00000000c001197e                VAS::setToWriteCombining(unsigned long, int)
                0x00000000c00119b0                VAS::mapOtherVASIn(bool, VAS*)
                0x00000000c00119da                VAS::~VAS()
                0x00000000c00119da                VAS::~VAS()
                0x00000000c0011b56                VAS::mapPage(unsigned long, unsigned long, int)
                0x00000000c0011c58                VAS::allocatePages(int, int)
                0x00000000c0011e30                VAS::setCPUSpecific(unsigned long)
                0x00000000c0011e4c                VAS::mapRange(unsigned long, unsigned long, int, int)
                0x00000000c0011f12                VAS::mapForeignPage(bool, VAS*, unsigned long, unsigned long, int)
                0x00000000c0012000                VAS::VAS(bool)
                0x00000000c0012000                VAS::VAS(bool)
                0x00000000c0012280                VAS::evict(unsigned long)
                0x00000000c0012388                VAS::tryLoadBackOffDisk(unsigned long)
                0x00000000c0012510                VAS::scanForEviction()
                0x00000000c00125f7                mapVASFirstTime
 .text          0x00000000c0012723       0x95 coreobjs/c++.32
                0x00000000c0012723                __cxa_atexit
                0x00000000c0012726                __cxa_finalize
                0x00000000c0012727                __stack_chk_fail
                0x00000000c0012793                __cxa_pure_virtual
                0x00000000c00127a4                operator new[](unsigned long)
                0x00000000c00127a9                operator delete(void*, unsigned long)
                0x00000000c00127ae                operator delete[](void*)
                0x00000000c00127b3                operator delete[](void*, unsigned long)
 .text          0x00000000c00127b8      0x1e7 dbg/kconsole.32
                0x00000000c00127b8                Dbg::stringifyxWithBase(unsigned int, char*, int)
                0x00000000c0012811                Dbg::logc(char)
                0x00000000c0012828                Dbg::logs(char*)
                0x00000000c0012845                Dbg::logWriteInt(unsigned int)
                0x00000000c0012862                Dbg::logWriteIntBase(unsigned int, int)
                0x00000000c0012881                Dbg::kprintf(char const*, ...)
 *fill*         0x00000000c001299f        0x1 
 .text          0x00000000c00129a0      0xb82 fs/vfs.32
                0x00000000c00129a0                File::read(unsigned long long, void*, int*)
                0x00000000c00129f8                File::write(unsigned long long, void*, int*)
                0x00000000c0012a50                Directory::read(unsigned long long, void*, int*)
                0x00000000c0012aa8                Directory::write(unsigned long long, void*, int*)
                0x00000000c0012ad6                File::isAtty()
                0x00000000c0012ada                Directory::isAtty()
                0x00000000c0012ade                Filesystem::getlabel(LogicalDisk*, int, char*, unsigned int*)
                0x00000000c0012ae4                Filesystem::setlabel(LogicalDisk*, int, char*)
                0x00000000c0012aea                Filesystem::allocateSwapfile(char const*, int)
                0x00000000c0012af0                File::~File()
                0x00000000c0012af0                File::~File()
                0x00000000c0012b14                File::~File()
                0x00000000c0012b3e                Directory::~Directory()
                0x00000000c0012b3e                Directory::~Directory()
                0x00000000c0012b62                Directory::~Directory()
                0x00000000c0012b8c                Filesystem::Filesystem()
                0x00000000c0012b8c                Filesystem::Filesystem()
                0x00000000c0012bb0                Filesystem::~Filesystem()
                0x00000000c0012bb0                Filesystem::~Filesystem()
                0x00000000c0012bbe                Filesystem::~Filesystem()
                0x00000000c0012be2                Fs::getcwd(Process*, char*, int)
                0x00000000c0012c0c                Fs::initVFS()
                0x00000000c0012c36                Fs::standardiseFiles(char*, char const*, char const*)
                0x00000000c0012de0                File::File(char const*, Process*)
                0x00000000c0012de0                File::File(char const*, Process*)
                0x00000000c0012e44                File::open(FileOpenMode)
                0x00000000c0012ea2                File::close()
                0x00000000c0012f02                File::seek(unsigned long long)
                0x00000000c0012f58                File::tell(unsigned long long*)
                0x00000000c0012fa8                File::rewind()
                0x00000000c0012fbc                File::unlink()
                0x00000000c0013008                File::rename(char const*)
                0x00000000c0013056                File::chfatattr(unsigned char, unsigned char)
                0x00000000c00130b2                File::exists()
                0x00000000c00130f0                File::stat(unsigned long long*, bool*)
                0x00000000c0013151                Fs::setcwd(Process*, char*)
                0x00000000c001328c                Directory::Directory(char const*, Process*)
                0x00000000c001328c                Directory::Directory(char const*, Process*)
                0x00000000c00132f0                Directory::open()
                0x00000000c001334c                Directory::close()
                0x00000000c00133ac                Directory::unlink()
                0x00000000c00133f8                Directory::rename(char const*)
                0x00000000c0013446                Directory::exists()
                0x00000000c0013484                Directory::read(dirent*)
                0x00000000c00134d0                Directory::create()
                0x00000000c001351c                Filesystem::chfatattr(char const*, unsigned char, unsigned char)
 .text          0x00000000c0013522       0x84 hal/bus.32
                0x00000000c0013522                Bus::Bus(char const*)
                0x00000000c0013522                Bus::Bus(char const*)
                0x00000000c0013558                Bus::~Bus()
                0x00000000c0013558                Bus::~Bus()
                0x00000000c001357c                Bus::~Bus()
 .text          0x00000000c00135a6      0x156 hal/buzzer.32
                0x00000000c00135a6                Buzzer::Buzzer(char const*)
                0x00000000c00135a6                Buzzer::Buzzer(char const*)
                0x00000000c00135ea                Buzzer::~Buzzer()
                0x00000000c00135ea                Buzzer::~Buzzer()
                0x00000000c001360e                Buzzer::~Buzzer()
                0x00000000c0013638                Buzzer::stop()
                0x00000000c001364b                beepThread(void*)
                0x00000000c001368e                Buzzer::beep(int, int, bool)
 .text          0x00000000c00136fc      0x467 hal/clock.32
                0x00000000c00136fc                User::loadClockSettings(int)
                0x00000000c001374e                Clock::Clock(char const*)
                0x00000000c001374e                Clock::Clock(char const*)
                0x00000000c0013784                Clock::~Clock()
                0x00000000c0013784                Clock::~Clock()
                0x00000000c00137a8                Clock::~Clock()
                0x00000000c00137d2                Clock::timeInSecondsLocal()
                0x00000000c001381a                Clock::setTimeInSecondsLocal(unsigned long long)
                0x00000000c0013873                datetimeToSeconds(datetime_t)
                0x00000000c001399a                Clock::setTimeInDatetimeLocal(datetime_t)
                0x00000000c00139fa                secondsToDatetime(unsigned long long)
                0x00000000c0013b3e                Clock::timeInDatetimeLocal()
 *fill*         0x00000000c0013b63        0x1 
 .text          0x00000000c0013b64      0x504 hal/device.32
                0x00000000c0013b64                Device::hibernate()
                0x00000000c0013b66                Device::wake()
                0x00000000c0013b68                Device::detect()
                0x00000000c0013b6a                Device::disableLegacy()
                0x00000000c0013b6c                Device::powerSaving(PowerSavingLevel)
                0x00000000c0013b6e                DriverlessDevice::close(int, int, void*)
                0x00000000c0013b72                DriverlessDevice::detect()
                0x00000000c0013b74                DriverlessDevice::open(int, int, void*)
                0x00000000c0013b88                Device::~Device()
                0x00000000c0013b88                Device::~Device()
                0x00000000c0013b96                Device::~Device()
                0x00000000c0013bbe                Device::findAndLoadDriver()
                0x00000000c0013bcc                Device::preOpenPCI(PCIDeviceInfo)
                0x00000000c0013bf2                Device::preOpenACPI(void*, char*, char*)
                0x00000000c0013c32                Device::addIRQHandler(int, void (*)(regs*, void*), bool, void*)
                0x00000000c0013c70                Device::getParent()
                0x00000000c0013c7c                Device::removeIRQHandler(int, void (*)(regs*, void*), bool)
                0x00000000c0013cba                Device::addChild(Device*)
                0x00000000c0013cfe                Device::removeAllChildren()
                0x00000000c0013d44                Device::hibernateAll()
                0x00000000c0013d74                Device::wakeAll()
                0x00000000c0013da4                Device::detectAll()
                0x00000000c0013dd4                Device::disableLegacyAll()
                0x00000000c0013e04                Device::loadDriversForAll()
                0x00000000c0013e44                Device::closeAll()
                0x00000000c0013e7a                Device::powerSavingAll(PowerSavingLevel)
                0x00000000c0013eb0                Device::setName(char const*)
                0x00000000c0013ebe                Device::Device(char const*)
                0x00000000c0013ebe                Device::Device(char const*)
                0x00000000c0013fba                Device::getName()
                0x00000000c0013fc4                DriverlessDevice::DriverlessDevice(char const*)
                0x00000000c0013fc4                DriverlessDevice::DriverlessDevice(char const*)
                0x00000000c0013ffa                Device::addToLinkedList(LinkedList<Device>&, DeviceType)
                0x00000000c001403e                getDevicesOfType(DeviceType)
 .text          0x00000000c0014068       0x84 hal/diskctrl.32
                0x00000000c0014068                HardDiskController::HardDiskController(char const*)
                0x00000000c0014068                HardDiskController::HardDiskController(char const*)
                0x00000000c001409e                HardDiskController::~HardDiskController()
                0x00000000c001409e                HardDiskController::~HardDiskController()
                0x00000000c00140c2                HardDiskController::~HardDiskController()
 .text          0x00000000c00140ec       0xe2 hal/diskphys.32
                0x00000000c00140ec                PhysicalDisk::eject()
                0x00000000c00140f0                PhysicalDisk::PhysicalDisk(char const*, int)
                0x00000000c00140f0                PhysicalDisk::PhysicalDisk(char const*, int)
                0x00000000c0014158                PhysicalDisk::startCache()
                0x00000000c0014180                PhysicalDisk::~PhysicalDisk()
                0x00000000c0014180                PhysicalDisk::~PhysicalDisk()
                0x00000000c00141a4                PhysicalDisk::~PhysicalDisk()
 .text          0x00000000c00141ce      0x13b hal/fpu.32
                0x00000000c00141ce                FPU::FPU(char const*)
                0x00000000c00141ce                FPU::FPU(char const*)
                0x00000000c0014204                FPU::~FPU()
                0x00000000c0014204                FPU::~FPU()
                0x00000000c0014228                FPU::~FPU()
                0x00000000c0014252                setupFPU()
 *fill*         0x00000000c0014309        0x1 
 .text          0x00000000c001430a     0x143b hal/intctrl.32
                0x00000000c001430a                InterruptController::uninstallISRHandler(int, void (*)(regs*, void*))
                0x00000000c0014342                InterruptController::installISRHandler(int, void (*)(regs*, void*), void*)
                0x00000000c0014394                doubleFault(regs*, void*)
                0x00000000c00143ae                InterruptController::installIRQHandler(int, void (*)(regs*, void*), bool, void*)
                0x00000000c001444a                InterruptController::clearAllHandlers(int, bool)
                0x00000000c00144f2                InterruptController::uninstallIRQHandler(int, void (*)(regs*, void*), bool)
                0x00000000c0014579                nmiHandler(regs*, void*)
                0x00000000c0014587                int_handler
                0x00000000c0014628                InterruptController::InterruptController(char const*)
                0x00000000c0014628                InterruptController::InterruptController(char const*)
                0x00000000c00146ce                InterruptController::~InterruptController()
                0x00000000c00146ce                InterruptController::~InterruptController()
                0x00000000c00146f2                InterruptController::~InterruptController()
                0x00000000c001471c                displayDebugInfo(regs*)
                0x00000000c0014bab                x87EmulHandler(regs*, void*)
                0x00000000c0014c1e                gpFault(regs*, void*)
                0x00000000c0014c57                pgFault(regs*, void*)
                0x00000000c0014ca6                otherISRHandler(regs*, void*)
                0x00000000c0014cc5                opcodeFault(regs*, void*)
                0x00000000c00152e2                displayProgramFault(char const*)
                0x00000000c001530a                setupInterruptController()
                0x00000000c00156f8                InterruptController::convertLegacyIRQNumber(int)
 *fill*         0x00000000c0015745        0x1 
 .text          0x00000000c0015746      0x784 hal/keybrd.32
                0x00000000c0015746                startGUI(void*)
                0x00000000c00157b2                startGUIVESA(void*)
                0x00000000c001581e                sendKeyToTerminal(unsigned char)
                0x00000000c00158dc                sendKeyboardToken(KeyboardToken)
                0x00000000c0015d19                clearInternalKeybuffer(VgaText*)
                0x00000000c0015d4e                readKeyboard(VgaText*, char*, unsigned long)
                0x00000000c0015e40                Keyboard::Keyboard(char const*)
                0x00000000c0015e40                Keyboard::Keyboard(char const*)
                0x00000000c0015e7c                Keyboard::~Keyboard()
                0x00000000c0015e7c                Keyboard::~Keyboard()
                0x00000000c0015ea0                Keyboard::~Keyboard()
 .text          0x00000000c0015eca      0x3ea hal/logidisk.32
                0x00000000c0015eca                LogicalDisk::close(int, int, void*)
                0x00000000c0015ece                LogicalDisk::~LogicalDisk()
                0x00000000c0015ece                LogicalDisk::~LogicalDisk()
                0x00000000c0015ef2                LogicalDisk::~LogicalDisk()
                0x00000000c0015f1c                LogicalDisk::open(int, int, void*)
                0x00000000c0015f30                LogicalDisk::absoluteToRelative(unsigned long long)
                0x00000000c0015f68                LogicalDisk::relativeToAbsolute(unsigned long long)
                0x00000000c0015fae                LogicalDisk::LogicalDisk(char const*, PhysicalDisk*, unsigned long long, unsigned long long)
                0x00000000c0015fae                LogicalDisk::LogicalDisk(char const*, PhysicalDisk*, unsigned long long, unsigned long long)
                0x00000000c0016064                LogicalDisk::assignDriveLetter()
                0x00000000c001611a                LogicalDisk::mount()
                0x00000000c0016162                LogicalDisk::unmount()
                0x00000000c0016172                LogicalDisk::eject()
                0x00000000c0016186                LogicalDisk::unassignDriveLetter()
                0x00000000c00161dc                LogicalDisk::read(unsigned long long, int, void*)
                0x00000000c0016248                LogicalDisk::write(unsigned long long, int, void*)
 .text          0x00000000c00162b4       0x84 hal/mouse.32
                0x00000000c00162b4                Mouse::Mouse(char const*)
                0x00000000c00162b4                Mouse::Mouse(char const*)
                0x00000000c00162ea                Mouse::~Mouse()
                0x00000000c00162ea                Mouse::~Mouse()
                0x00000000c001630e                Mouse::~Mouse()
 .text          0x00000000c0016338      0x339 hal/partition.32
                0x00000000c0016338                makePartition(PhysicalDisk*, unsigned long long, unsigned long long)
                0x00000000c00163e0                createPartitionsForDisk(PhysicalDisk*)
 *fill*         0x00000000c0016671        0x1 
 .text          0x00000000c0016672       0x84 hal/serial.32
                0x00000000c0016672                Serial::Serial(char const*)
                0x00000000c0016672                Serial::Serial(char const*)
                0x00000000c00166a8                Serial::~Serial()
                0x00000000c00166a8                Serial::~Serial()
                0x00000000c00166cc                Serial::~Serial()
 .text          0x00000000c00166f6      0x2f3 hal/timer.32
                0x00000000c00166f6                Timer::Timer(char const*)
                0x00000000c00166f6                Timer::Timer(char const*)
                0x00000000c001672c                Timer::~Timer()
                0x00000000c001672c                Timer::~Timer()
                0x00000000c0016750                Timer::~Timer()
                0x00000000c001677a                Timer::read()
                0x00000000c0016785                timerHandler(unsigned long long)
                0x00000000c00168f7                setupTimer(int)
 *fill*         0x00000000c00169e9        0x1 
 .text          0x00000000c00169ea      0x484 hal/vcache.32
                0x00000000c00169ea                VCache::VCache(PhysicalDisk*)
                0x00000000c00169ea                VCache::VCache(PhysicalDisk*)
                0x00000000c0016b52                VCache::invalidateReadBuffer()
                0x00000000c0016b62                VCache::writeWriteBuffer()
                0x00000000c0016bae                VCache::~VCache()
                0x00000000c0016bae                VCache::~VCache()
                0x00000000c0016c02                VCache::~VCache()
                0x00000000c0016c2a                VCache::write(unsigned long long, int, void*)
                0x00000000c0016d54                VCache::read(unsigned long long, int, void*)
 .text          0x00000000c0016e6e      0x4b3 hal/video.32
                0x00000000c0016e6e                Video::putrect(int, int, int, int, unsigned int)
                0x00000000c0016eba                Video::bitblit(int, int, int, int, int, int, int, unsigned int*)
                0x00000000c0016f2a                Video::blit(unsigned int*, int, int, int, int)
                0x00000000c0016fa8                Video::clearScreen(unsigned int)
                0x00000000c0016fdc                Video::putpixel(int, int, unsigned int)
                0x00000000c0016fea                Video::Video(char const*)
                0x00000000c0016fea                Video::Video(char const*)
                0x00000000c0017020                Video::~Video()
                0x00000000c0017020                Video::~Video()
                0x00000000c0017044                Video::~Video()
                0x00000000c001706e                Video::isMonochrome()
                0x00000000c001707a                Video::getWidth()
                0x00000000c0017086                Video::getHeight()
                0x00000000c0017092                Video::drawCursor(int, int, unsigned char*, int)
                0x00000000c001714e                Video::tgaParse(unsigned char*, int, int*, int*)
                0x00000000c00172b6                Video::putTGA(int, int, unsigned char*, int)
 *fill*         0x00000000c0017321        0x1 
 .text          0x00000000c0017322     0x12bb hw/acpi.32
                0x00000000c0017322                ACPI::close(int, int, void*)
                0x00000000c00173c7                findRSDP()
                0x00000000c0017494                loadACPITables(unsigned char*)
                0x00000000c00176eb                findRSDT(unsigned char*)
                0x00000000c00178a5                findDataTable(unsigned char*, char*)
                0x00000000c0017917                scanMADT()
                0x00000000c0017dc4                ACPI::ACPI()
                0x00000000c0017dc4                ACPI::ACPI()
                0x00000000c0017e18                ACPI::getPCIIRQAssignment(unsigned char, unsigned short, unsigned char)
                0x00000000c0017efa                ACPI::registerPCIIRQAssignment(void*, unsigned short, unsigned char, unsigned char)
                0x00000000c0017fc0                ACPI::setScreenBrightnessLevel(void*, int)
                0x00000000c0017fc6                ACPI::detectPCI()
                0x00000000c00181c8                ACPI::writeSimpleBootFlag(SimpleBootFlagTable*)
                0x00000000c0018210                ACPI::sleep()
                0x00000000c0018228                ACPI::open(int, int, void*)
 *fill*         0x00000000c00185dd        0x1 
 .text          0x00000000c00185de     0x1525 hw/cpu.32
                0x00000000c00185de                CPU::close(int, int, void*)
                0x00000000c00185e2                CPU::lookupAMDName(unsigned char, unsigned char)
                0x00000000c0018776                CPU::lookupIntelName(unsigned char, unsigned char)
                0x00000000c0018a24                CPU::AMD_K6_write_msr(unsigned int, unsigned int, unsigned int, CPU::REGS*)
                0x00000000c0018a40                CPU::AMD_K6_read_msr(unsigned int, CPU::REGS*)
                0x00000000c0018a58                CPU::AMD_K6_writeback(int, int, int)
                0x00000000c0018acc                CPU::cpuid(int, unsigned long*, unsigned long*, unsigned long*, unsigned long*)
                0x00000000c0018b50                CPU::cpuidCheckEDX(unsigned int)
                0x00000000c0018b7e                CPU::cpuidCheckECX(unsigned int)
                0x00000000c0018bac                CPU::cpuidCheckExtendedEBX(unsigned int)
                0x00000000c0018bda                CPU::cpuidCheckExtendedECX(unsigned int)
                0x00000000c0018c08                CPU::CPU()
                0x00000000c0018c08                CPU::CPU()
                0x00000000c0018c96                CPU::displayFeatures()
                0x00000000c0018c98                CPU::detectFeatures()
                0x00000000c001968a                CPU::setupSMEP()
                0x00000000c0019696                CPU::setupUMIP()
                0x00000000c00196a0                CPU::setupTSC()
                0x00000000c00196aa                CPU::setupLargePages()
                0x00000000c00196b4                CPU::setupPAT()
                0x00000000c00196f0                CPU::setupMTRR()
                0x00000000c00196f2                CPU::setupGlobalPages()
                0x00000000c00196fc                CPU::allowUsermodeDataAccess()
                0x00000000c001970e                CPU::prohibitUsermodeDataAccess()
                0x00000000c0019720                CPU::setupSMAP()
                0x00000000c001972e                CPU::setupFeatures()
                0x00000000c00197ae                CPU::open(int, int, void*)
                0x00000000c0019908                CPU::decodeAddress(regs*, int*, bool*, unsigned char*)
 .text          0x00000000c0019b03        0x0 hw/ports.32
 .text          0x00000000c0019b03      0x16a hw/smp.32
                0x00000000c0019b03                Krnl::smpEntry()
                0x00000000c0019b05                Krnl::startCPU(int)
                0x00000000c0019c4e                Krnl::startCPUs()
 *fill*         0x00000000c0019c6d        0x1 
 .text          0x00000000c0019c6e      0x581 krnl/env.32
                0x00000000c0019c6e                EnvVarContainer::getEnv(char const*)
                0x00000000c0019cac                EnvVarContainer::setEnv(char const*, char const*)
                0x00000000c0019d6e                EnvVarContainer::deleteEnv(char const*)
                0x00000000c0019d70                EnvVarContainer::loadFrom(char const*, char const*)
                0x00000000c0019f56                EnvVarContainer::__loadSystem()
                0x00000000c0019f70                EnvVarContainer::__loadUser()
                0x00000000c0019f72                EnvVarContainer::EnvVarContainer(Process*)
                0x00000000c0019f72                EnvVarContainer::EnvVarContainer(Process*)
                0x00000000c0019f94                EnvVarContainer::~EnvVarContainer()
                0x00000000c0019f94                EnvVarContainer::~EnvVarContainer()
                0x00000000c0019fc4                Krnl::getEnv(Process*, char const*)
                0x00000000c001a029                Krnl::setEnvSystem(char const*, char const*)
                0x00000000c001a043                Krnl::setEnvUser(char const*, char const*)
                0x00000000c001a062                Krnl::setEnvProcess(Process*, char const*, char const*)
                0x00000000c001a075                Krnl::deleteEnvSystem(char const*)
                0x00000000c001a076                Krnl::deleteEnvUser(char const*)
                0x00000000c001a077                Krnl::deleteEnvProcess(Process*, char const*)
                0x00000000c001a078                Krnl::newProcessEnv(Process*)
                0x00000000c001a09a                Krnl::copyProcessEnv(Process*, Process*)
                0x00000000c001a0e6                Krnl::loadSystemEnv()
                0x00000000c001a114                Krnl::loadUserEnv()
                0x00000000c001a13a                Krnl::flushEnv()
                0x00000000c001a13b                Krnl::getProcessTotalEnvCount(Process*)
                0x00000000c001a15b                Krnl::getProcessEnvPair(Process*, int)
 .text          0x00000000c001a1ef      0x39c krnl/panic.32
                0x00000000c001a1ef                Krnl::panic(char const*)
 .text          0x00000000c001a58b      0x57f net/ethernet.32
                0x00000000c001a58b                Net::switchEndian16(unsigned short)
                0x00000000c001a5ac                Net::switchEndian32(unsigned int)
                0x00000000c001a5db                Net::crc32Calc(unsigned char*, int)
                0x00000000c001a66c                Net::wrapEthernetFrame(Net::UnwrappedEthernetFrame, unsigned char*)
                0x00000000c001a87f                Net::unwrapEthernetFrame(unsigned char*, int)
 .text          0x00000000c001ab0a      0x50e reg/registry.32
                0x00000000c001ab0a                Reg::findLineFromLoadedData(char*, char*, char*)
                0x00000000c001ac62                Reg::getLineFromRegistry(char*, char*, char*, char*)
                0x00000000c001adb7                Reg::getLine(char*, char*, char*)
                0x00000000c001adee                Reg::readInt(char*, char*, int*)
                0x00000000c001aed9                Reg::readString(char*, char*, char*, int)
                0x00000000c001af5a                Reg::readBool(char*, char*, bool*)
                0x00000000c001af7f                Reg::readBoolWithDefault(char*, char*, bool)
                0x00000000c001afab                Reg::readIntWithDefault(char*, char*, int)
                0x00000000c001afd7                Reg::readStringWithDefault(char*, char*, char*, int, char*)
 .text          0x00000000c001b018       0x36 sys/sc_eject.32
                0x00000000c001b018                Sys::eject(regs*)
 .text          0x00000000c001b04e       0x18 sys/sc_exit.32
                0x00000000c001b04e                Sys::exit(regs*)
 .text          0x00000000c001b066       0x1f sys/sc_getcwd.32
                0x00000000c001b066                Sys::getCwd(regs*)
 .text          0x00000000c001b085        0xc sys/sc_getpid.32
                0x00000000c001b085                Sys::getPID(regs*)
 .text          0x00000000c001b091       0x1a sys/sc_getramdata.32
                0x00000000c001b091                Sys::getRAMData(regs*)
 .text          0x00000000c001b0ab       0x84 sys/sc_getvgaptr.32
                0x00000000c001b0ab                Sys::getVGAPtr(regs*)
 .text          0x00000000c001b12f       0xa8 sys/sc_loaddll.32
                0x00000000c001b12f                Sys::loadDLL(regs*)
 .text          0x00000000c001b1d7       0x68 sys/sc_read.32
                0x00000000c001b1d7                Sys::read(regs*)
 .text          0x00000000c001b23f       0x55 sys/sc_sbrk.32
                0x00000000c001b23f                Sys::sbrk(regs*)
 .text          0x00000000c001b294       0x1c sys/sc_setcwd.32
                0x00000000c001b294                Sys::setCwd(regs*)
 .text          0x00000000c001b2b0       0x95 sys/sc_settime.32
                0x00000000c001b2b0                Sys::setTime(regs*)
 .text          0x00000000c001b345       0x4a sys/sc_timezone.32
                0x00000000c001b345                Sys::timezone(regs*)
 .text          0x00000000c001b38f       0x68 sys/sc_write.32
                0x00000000c001b38f                Sys::write(regs*)
 .text          0x00000000c001b3f7       0x62 sys/sc_wsbe.32
                0x00000000c001b3f7                Sys::wsbe(regs*)
 .text          0x00000000c001b459       0x46 sys/sc_yield.32
                0x00000000c001b459                Sys::yield(regs*)
 .text          0x00000000c001b49f      0xf84 sys/syscalls.32
                0x00000000c001b49f                sysCallSeekDir(regs*)
                0x00000000c001b4a4                sysCallTellDir(regs*)
                0x00000000c001b4a9                sysCallVerify(regs*)
                0x00000000c001b4b3                sysCallGetArgc(regs*)
                0x00000000c001b4c3                sysFormatDisk(regs*)
                0x00000000c001b52d                sysSetDiskVolumeLabel(regs*)
                0x00000000c001b573                sysGetDiskVolumeLabel(regs*)
                0x00000000c001b5c4                sysShutdown(regs*)
                0x00000000c001b622                sysCallRealpath(regs*)
                0x00000000c001b665                sysCallReadDir(regs*)
                0x00000000c001b6e4                sysCallIsATTY(regs*)
                0x00000000c001b73e                sysCallSeek(regs*)
                0x00000000c001b795                sysCallTell(regs*)
                0x00000000c001b801                sysCallSize(regs*)
                0x00000000c001b873                sysCallSizeFromFilename(regs*)
                0x00000000c001b922                sysCallClose(regs*)
                0x00000000c001b982                sysCallOpenDir(regs*)
                0x00000000c001b9f7                sysCallCloseDir(regs*)
                0x00000000c001ba4b                sysCallMakeDir(regs*)
                0x00000000c001babb                sysCallWait(regs*)
                0x00000000c001bad5                sysCallNotImpl(regs*)
                0x00000000c001baf0                sysPanic(regs*)
                0x00000000c001bb0a                sysCallRmdir(regs*)
                0x00000000c001bb6e                sysCallUnlink(regs*)
                0x00000000c001bbd2                sysCallGetArgv(regs*)
                0x00000000c001bc1e                sysCallTTYName(regs*)
                0x00000000c001bca1                sysCallUSleep(regs*)
                0x00000000c001bcc8                sysCallSpawn(regs*)
                0x00000000c001bd30                sysCallGetEnv(regs*)
                0x00000000c001bddd                sysAppSettings(regs*)
                0x00000000c001bef1                sysSetFatAttrib(regs*)
                0x00000000c001bf63                sysPipe(regs*)
                0x00000000c001bfa8                sysGetUnixTime(regs*)
                0x00000000c001bfbc                string_ends_with(char const*, char const*)
                0x00000000c001c004                sysCallOpen(regs*)
                0x00000000c001c1ec                Sys::loadSyscalls()
                0x00000000c001c3e1                Sys::systemCall(regs*, void*)
 .text          0x00000000c001c423     0x1203 thr/elf.32
                0x00000000c001c423                Thr::allocateMemoryForTask(Process*, File*, unsigned long, unsigned long, unsigned long)
                0x00000000c001c6cd                Thr::loadProgramIntoMemory(Process*, char const*)
                0x00000000c001c8e3                Thr::runtimeReferenceHelper()
                0x00000000c001c8f6                Thr::getAddressOfKernelSymbol(char const*)
                0x00000000c001c945                Thr::loadKernelSymbolTable(char const*)
                0x00000000c001cc03                Thr::loadDriverIntoMemory(char const*, unsigned long, bool)
                0x00000000c001d339                Thr::getDriverBaseFromAddress(unsigned long)
                0x00000000c001d36b                Thr::getDriverNameFromAddress(unsigned long)
                0x00000000c001d3a2                Thr::getDriverOffsetFromAddress(unsigned long)
                0x00000000c001d3bc                Thr::loadDLL(char const*, bool)
                0x00000000c001d5ed                Thr::executeDLL(unsigned long, void*)
 .text          0x00000000c001d626     0x11ff thr/prcssthr.32
                0x00000000c001d626                userModeEntryPoint(void*)
                0x00000000c001d64c                changeTSS
                0x00000000c001d67c                switchToThread(ThreadControlBlock*)
                0x00000000c001d726                Process::addArgs(char**)
                0x00000000c001d780                Process::Process(char const*, Process*, char**)
                0x00000000c001d780                Process::Process(char const*, Process*, char**)
                0x00000000c001d964                Process::Process(bool, char const*, Process*, char**)
                0x00000000c001d964                Process::Process(bool, char const*, Process*, char**)
                0x00000000c001db13                taskStartupFunction
                0x00000000c001db1c                Semaphore::Semaphore(int)
                0x00000000c001db1c                Semaphore::Semaphore(int)
                0x00000000c001db4a                Mutex::Mutex()
                0x00000000c001db4a                Mutex::Mutex()
                0x00000000c001db5c                Process::createThread(void (*)(void*), void*, int)
                0x00000000c001dc62                Process::createUserThread()
                0x00000000c001dc7e                setupMultitasking(void (*)())
                0x00000000c001dd81                schedule()
                0x00000000c001de06                Semaphore::tryAcquire()
                0x00000000c001dec2                Semaphore::assertLocked(char const*)
                0x00000000c001df31                blockTaskWithSchedulerLockAlreadyHeld(TaskState)
                0x00000000c001df57                blockTask(TaskState)
                0x00000000c001df84                waitTask(int, int*, int)
                0x00000000c001dfc6                nanoSleepUntil(unsigned long long)
                0x00000000c001e05b                nanoSleep(unsigned long long)
                0x00000000c001e073                sleep(unsigned long long)
                0x00000000c001e090                Semaphore::acquire()
                0x00000000c001e141                taskReturned
                0x00000000c001e17c                Thr::processFromPID(int)
                0x00000000c001e213                unblockTask(ThreadControlBlock*)
                0x00000000c001e2a8                cleanupTerminatedTask(ThreadControlBlock*)
                0x00000000c001e54f                cleanerTaskFunction(void*)
                0x00000000c001e630                terminateTask(int)
                0x00000000c001e6ef                Thr::terminateFromIRQ(int)
                0x00000000c001e6fc                Semaphore::release()
 .text          0x00000000c001e825      0xada vm86/vm8086.32
                0x00000000c001e825                Vm::inbv(unsigned short)
                0x00000000c001e838                Vm::outbv(unsigned short, unsigned char)
                0x00000000c001e86e                Vm::realToLinear(unsigned short, unsigned short)
                0x00000000c001e87e                Vm::getSegment(unsigned int)
                0x00000000c001e886                Vm::getOffset(unsigned int)
                0x00000000c001e88b                Vm::mainloop2()
                0x00000000c001e8c5                Vm::mainVm8086Loop(void*)
                0x00000000c001e8d5                Vm::mainloop3(unsigned long)
                0x00000000c001e8fb                Vm::initialise8086()
                0x00000000c001e93e                Vm::finish8086()
                0x00000000c001e99f                Vm::getOutput8086(unsigned char*)
                0x00000000c001e9c4                Vm::start8086(char const*, unsigned short, unsigned short, unsigned short, unsigned short)
                0x00000000c001eb2c                Vm::doISR(regs*, int, unsigned char*, unsigned short, unsigned short)
                0x00000000c001ebb6                Vm::readByteFromReal(unsigned short, unsigned short)
                0x00000000c001ebc7                Vm::readWordFromReal(unsigned short, unsigned short)
                0x00000000c001ebd9                Vm::readDwordFromReal(unsigned short, unsigned short)
                0x00000000c001ebea                Vm::writeByteFromReal(unsigned short, unsigned short, unsigned char)
                0x00000000c001ebff                Vm::writeWordFromReal(unsigned short, unsigned short, unsigned short)
                0x00000000c001ec15                Vm::writeDwordFromReal(unsigned short, unsigned short, unsigned int)
                0x00000000c001ec2a                Vm::faultHandler(regs*)
 .text          0x00000000c001f2ff      0xefd vm86/x87em.32
                0x00000000c001f2ff                Vm::fpuInternalTo32(unsigned long long)
                0x00000000c001f35a                Vm::fpuInternalTo64(unsigned long long)
                0x00000000c001f363                Vm::fpu32ToInternal(unsigned int)
                0x00000000c001f3a8                Vm::fpu64ToInternal(unsigned long long)
                0x00000000c001f3b1                Vm::fpuFloatToLong(unsigned long long)
                0x00000000c001f40c                Vm::fpuULongToFloat(unsigned long long)
                0x00000000c001f442                Vm::fpuLongToFloat(long long)
                0x00000000c001f498                Vm::fpuGet0()
                0x00000000c001f49d                Vm::fpuGet1()
                0x00000000c001f4a5                Vm::fpuGetPi()
                0x00000000c001f4ad                Vm::fpuGetLog2E()
                0x00000000c001f4c5                Vm::fpuGetLogE2()
                0x00000000c001f4dd                Vm::fpuGetLog210()
                0x00000000c001f4f5                Vm::fpuGetLog102()
                0x00000000c001f50d                Vm::fpuIsSecondLarger(unsigned long long, unsigned long long)
                0x00000000c001f521                Vm::fpuAreEqual(unsigned long long, unsigned long long)
                0x00000000c001f537                Vm::fpuUnorderedCompare(unsigned long long, unsigned long long)
                0x00000000c001f58a                Vm::fpuAdd(unsigned long long, unsigned long long)
                0x00000000c001f59b                Vm::fpuAbs(unsigned long long)
                0x00000000c001f5a4                Vm::fpuChs(unsigned long long)
                0x00000000c001f5b4                Vm::fpuSub(unsigned long long, unsigned long long)
                0x00000000c001f5c3                Vm::fpuMultiply(unsigned long long, unsigned long long)
                0x00000000c001f5e2                Vm::fpuDivide(unsigned long long, unsigned long long)
                0x00000000c001f5fe                Vm::fpuSquare(unsigned long long)
                0x00000000c001f614                Vm::fpuGetReg(int)
                0x00000000c001f657                Vm::fpuSetReg(int, unsigned long long)
                0x00000000c001f6a2                Vm::fpuPush(unsigned long long)
                0x00000000c001f6ff                Vm::fpuPop()
                0x00000000c001f751                Vm::x87Handler(regs*)
 .text          0x00000000c00201fc     0x1287 fs/fat/vfslink.32
                0x00000000c00201fc                FAT::getName()
                0x00000000c0020202                FAT::tell(void*, unsigned long long*)
                0x00000000c0020236                FAT::stat(void*, unsigned long long*)
                0x00000000c002026a                FAT::~FAT()
                0x00000000c002026a                FAT::~FAT()
                0x00000000c002028e                FAT::~FAT()
                0x00000000c00202b6                FAT::getlabel(LogicalDisk*, int, char*, unsigned int*)
                0x00000000c0020354                FAT::setlabel(LogicalDisk*, int, char*)
                0x00000000c002040e                FAT::format(LogicalDisk*, int, char const*, int)
                0x00000000c00205cc                FAT::tryMount(LogicalDisk*, int)
                0x00000000c00207d2                FAT::allocateSwapfile(char const*, int)
                0x00000000c002093e                FAT::readDir(void*, unsigned long, void*, int*)
                0x00000000c0020a98                FAT::read(void*, unsigned long, void*, int*)
                0x00000000c0020af2                FAT::write(void*, unsigned long, void*, int*)
                0x00000000c0020b4c                FAT::close(void*)
                0x00000000c0020b98                FAT::closeDir(void*)
                0x00000000c0020be4                FAT::seek(void*, unsigned long long)
                0x00000000c0020c38                fatWrapperReadDisk
                0x00000000c0020c7f                fatWrapperWriteDisk
                0x00000000c0020cc6                fatWrapperIoctl
                0x00000000c0020dca                FAT::FAT()
                0x00000000c0020dca                FAT::FAT()
                0x00000000c0020e1c                FAT::fixFilepath(char*)
                0x00000000c0020e54                FAT::open(char const*, void**, FileOpenMode)
                0x00000000c0020f7c                FAT::openDir(char const*, void**)
                0x00000000c0021022                FAT::stat(char const*, unsigned long long*, bool*)
                0x00000000c002110c                FAT::unlink(char const*)
                0x00000000c0021186                FAT::chfatattr(char const*, unsigned char, unsigned char)
                0x00000000c00212da                FAT::rename(char const*, char const*)
                0x00000000c002139e                FAT::mkdir(char const*)
                0x00000000c0021418                FAT::exists(char const*)
 *fill*         0x00000000c0021483        0x1 
 .text          0x00000000c0021484      0xb75 fs/iso9660/vfslink.32
                0x00000000c0021484                ISO9660::format(LogicalDisk*, int, char const*, int)
                0x00000000c002148a                ISO9660::seek(void*, unsigned long long)
                0x00000000c00214ba                ISO9660::tell(void*, unsigned long long*)
                0x00000000c00214de                ISO9660::getName()
                0x00000000c00214e4                ISO9660::stat(void*, unsigned long long*)
                0x00000000c0021508                ISO9660::chfatattr(char const*, unsigned char, unsigned char)
                0x00000000c002150e                ISO9660::unlink(char const*)
                0x00000000c0021514                ISO9660::write(void*, unsigned long, void*, int*)
                0x00000000c002151a                ISO9660::rename(char const*, char const*)
                0x00000000c0021520                ISO9660::mkdir(char const*)
                0x00000000c0021526                ISO9660::close(void*)
                0x00000000c0021548                ISO9660::closeDir(void*)
                0x00000000c002156a                ISO9660::~ISO9660()
                0x00000000c002156a                ISO9660::~ISO9660()
                0x00000000c002158e                ISO9660::~ISO9660()
                0x00000000c00215b5                __memmem(unsigned char*, int, unsigned char*, int)
                0x00000000c00215f7                readSectorFromCDROM(unsigned int, unsigned char*, char)
                0x00000000c0021652                ISO9660::tryMount(LogicalDisk*, int)
                0x00000000c00216a2                ISO9660::read(void*, unsigned long, void*, int*)
                0x00000000c00218a6                ISO9660::readDir(void*, unsigned long, void*, int*)
                0x00000000c0021b20                readRoot(unsigned int*, unsigned int*, char)
                0x00000000c0021b74                readRecursively(char*, unsigned int, unsigned int, unsigned int*, unsigned int*, char, int*)
                0x00000000c0021d47                getFileData(char*, unsigned int*, unsigned int*, char, int*)
                0x00000000c0021dd6                ISO9660::open(char const*, void**, FileOpenMode)
                0x00000000c0021e84                ISO9660::exists(char const*)
                0x00000000c0021ea8                ISO9660::stat(char const*, unsigned long long*, bool*)
                0x00000000c0021f3c                ISO9660::openDir(char const*, void**)
                0x00000000c0021fd6                ISO9660::ISO9660()
                0x00000000c0021fd6                ISO9660::ISO9660()
 *fill*         0x00000000c0021ff9        0x1 
 .text          0x00000000c0021ffa      0x396 hal/sound/sndchannel.32
                0x00000000c0021ffa                SoundChannel::SoundChannel(int, int, int, int)
                0x00000000c0021ffa                SoundChannel::SoundChannel(int, int, int, int)
                0x00000000c0022124                SoundChannel::~SoundChannel()
                0x00000000c0022124                SoundChannel::~SoundChannel()
                0x00000000c0022140                SoundChannel::getSampleRate()
                0x00000000c0022148                SoundChannel::getBits()
                0x00000000c0022150                SoundChannel::getBufferUsed()
                0x00000000c0022158                SoundChannel::getBufferSize()
                0x00000000c0022160                SoundChannel::unbuffer(float*, int, int)
                0x00000000c00221f4                SoundChannel::buffer16(short*, int)
                0x00000000c00222f0                SoundChannel::buffer8(unsigned char*, int)
 .text          0x00000000c0022390      0x43e hal/sound/sndhw.32
                0x00000000c0022390                SoundDevice::SoundDevice(char const*)
                0x00000000c0022390                SoundDevice::SoundDevice(char const*)
                0x00000000c00223fc                SoundDevice::~SoundDevice()
                0x00000000c00223fc                SoundDevice::~SoundDevice()
                0x00000000c0022476                SoundDevice::~SoundDevice()
                0x00000000c00224a0                SoundDevice::getFreeChannelNum()
                0x00000000c00224ba                SoundDevice::addChannel(SoundChannel*)
                0x00000000c002252a                SoundDevice::removeChannel(int)
                0x00000000c002255c                SoundDevice::floatTo16(float*, short*, int)
                0x00000000c002264a                SoundDevice::floatTo8(float*, unsigned char*, int)
                0x00000000c0022732                SoundDevice::getAudio(int, float*, float*)
 .text          0x00000000c00227ce        0x0 hw/bus/isa.32
 .text          0x00000000c00227ce      0xb87 hw/bus/pci.32
                0x00000000c00227ce                PCI::open(int, int, void*)
                0x00000000c00227ec                PCI::close(int, int, void*)
                0x00000000c00227f0                PCI::PCI()
                0x00000000c00227f0                PCI::PCI()
                0x00000000c0022886                PCI::readBAR8(unsigned int, int)
                0x00000000c00228a2                PCI::readBAR16(unsigned int, int)
                0x00000000c00228c0                PCI::readBAR32(unsigned int, int)
                0x00000000c00228dc                PCI::writeBAR8(unsigned int, unsigned char, int)
                0x00000000c00228fc                PCI::writeBAR16(unsigned int, unsigned short, int)
                0x00000000c002291e                PCI::writeBAR32(unsigned int, unsigned int, int)
                0x00000000c002293e                PCI::legacyMechanism(unsigned char, unsigned char, unsigned char, unsigned char)
                0x00000000c00229ac                PCI::pciReadWord(unsigned char, unsigned char, unsigned char, unsigned char)
                0x00000000c0022a54                PCI::getVendorID(unsigned char, unsigned char, unsigned char)
                0x00000000c0022a78                PCI::getHeaderType(unsigned char, unsigned char, unsigned char)
                0x00000000c0022aa0                PCI::getClassCode(unsigned char, unsigned char, unsigned char)
                0x00000000c0022aea                PCI::getProgIF(unsigned char, unsigned char, unsigned char)
                0x00000000c0022b12                PCI::getRevisionID(unsigned char, unsigned char, unsigned char)
                0x00000000c0022b36                PCI::getInterruptNumber(unsigned char, unsigned char, unsigned char)
                0x00000000c0022b5a                PCI::getSecondaryBus(unsigned char, unsigned char, unsigned char)
                0x00000000c0022b82                PCI::getBARAddress(unsigned char, unsigned char, unsigned char, unsigned char)
                0x00000000c0022be6                PCI::pciWriteWord(unsigned char, unsigned char, unsigned char, unsigned char, unsigned short)
                0x00000000c0022cce                PCI::pciDetailsToFilepath(PCIDeviceInfo, char*)
                0x00000000c0022f48                PCI::checkBus(unsigned char)
                0x00000000c0022f6c                PCI::foundDevice(PCIDeviceInfo)
                0x00000000c00230de                PCI::getDeviceData(unsigned char, unsigned char, unsigned char)
                0x00000000c0023296                PCI::checkDevice(unsigned char, unsigned char)
                0x00000000c0023302                PCI::detect()
 *fill*         0x00000000c0023355        0x1 
 .text          0x00000000c0023356      0xb54 hw/diskctrl/ide.32
                0x00000000c0023356                IDE::close(int, int, void*)
                0x00000000c002335a                IDE::IDE()
                0x00000000c002335a                IDE::IDE()
                0x00000000c002338e                IDE::prepareInterrupt(unsigned char)
                0x00000000c00233a0                selectDrive(unsigned char, unsigned char)
                0x00000000c00233a2                IDE::getBase(unsigned char)
                0x00000000c00233b4                IDE::write(unsigned char, unsigned char, unsigned char)
                0x00000000c0023474                IDE::read(unsigned char, unsigned char)
                0x00000000c0023522                IDE::waitInterrupt(unsigned char)
                0x00000000c0023588                ideChannel0IRQHandler(regs*, void*)
                0x00000000c00235a4                ideChannel1IRQHandler(regs*, void*)
                0x00000000c00235c0                IDE::enableIRQs(unsigned char, bool)
                0x00000000c0023606                IDE::open(int, int, void*)
                0x00000000c0023a14                IDE::readBuffer(unsigned char, unsigned char, unsigned int, unsigned int)
                0x00000000c0023ae0                IDE::detect()
                0x00000000c0023da6                IDE::printError(unsigned char, unsigned char, unsigned char)
                0x00000000c0023e56                IDE::polling(unsigned char, unsigned int)
 .text          0x00000000c0023eaa      0x336 hw/diskctrl/satabus.32
                0x00000000c0023eaa                SATABus::close(int, int, void*)
                0x00000000c0023eae                SATABus::detect()
                0x00000000c0023eb0                SATABus::SATABus()
                0x00000000c0023eb0                SATABus::SATABus()
                0x00000000c0023f36                SATABus::findCmdslot(SATABus::tagHBA_PORT volatile*)
                0x00000000c0023f7e                SATABus::checkType(SATABus::tagHBA_PORT volatile*)
                0x00000000c0023fc6                SATABus::startCmd(SATABus::tagHBA_PORT volatile*)
                0x00000000c0023fe6                SATABus::stopCmd(SATABus::tagHBA_PORT volatile*)
                0x00000000c0024010                SATABus::portRebase(SATABus::tagHBA_PORT volatile*, int)
                0x00000000c0024116                SATABus::probePort(SATABus::tagHBA_MEM volatile*)
                0x00000000c00241c0                SATABus::open(int, int, void*)
 .text          0x00000000c00241e0      0x688 hw/diskphys/ata.32
                0x00000000c00241e0                ATA::close(int, int, void*)
                0x00000000c0024204                ATA::powerSaving(PowerSavingLevel)
                0x00000000c0024206                ATA::ATA()
                0x00000000c0024206                ATA::ATA()
                0x00000000c0024234                ATA::flush(bool)
                0x00000000c002427e                ATA::readyForCommand()
                0x00000000c00242ce                ATA::access(unsigned long long, int, void*, bool)
                0x00000000c00246c4                ATA::read(unsigned long long, int, void*)
                0x00000000c0024710                ATA::write(unsigned long long, int, void*)
                0x00000000c0024772                ATA::detectCHS()
                0x00000000c002479c                ATA::open(int, int, void*)
 .text          0x00000000c0024868      0x5bd hw/diskphys/atapi.32
                0x00000000c0024868                ATAPI::write(unsigned long long, int, void*)
                0x00000000c002486e                ATAPI::close(int, int, void*)
                0x00000000c0024892                ATAPI::ATAPI()
                0x00000000c0024892                ATAPI::ATAPI()
                0x00000000c00248c0                ATAPI::readyForCommand()
                0x00000000c0024910                ATAPI::sendPacket(unsigned char*, int, bool, unsigned short*, int)
                0x00000000c0024bd0                ATAPI::diskRemoved()
                0x00000000c0024bec                ATAPI::eject()
                0x00000000c0024c34                ATAPI::diskInserted()
                0x00000000c0024c62                ATAPI::detectMedia()
                0x00000000c0024d1e                ATAPI::open(int, int, void*)
                0x00000000c0024da6                ATAPI::read(unsigned long long, int, void*)
 *fill*         0x00000000c0024e25        0x1 
 .text          0x00000000c0024e26      0x41c hw/diskphys/sata.32
                0x00000000c0024e26                SATA::close(int, int, void*)
                0x00000000c0024e4a                SATA::powerSaving(PowerSavingLevel)
                0x00000000c0024e4c                SATA::open(int, int, void*)
                0x00000000c0024ef6                SATA::SATA()
                0x00000000c0024ef6                SATA::SATA()
                0x00000000c0024f24                SATA::access(unsigned long long, int, void*, bool)
                0x00000000c002518a                SATA::read(unsigned long long, int, void*)
                0x00000000c00251d6                SATA::write(unsigned long long, int, void*)
 .text          0x00000000c0025242      0x4fe hw/diskphys/satapi.32
                0x00000000c0025242                SATAPI::write(unsigned long long, int, void*)
                0x00000000c0025248                SATAPI::close(int, int, void*)
                0x00000000c002526c                SATAPI::SATAPI()
                0x00000000c002526c                SATAPI::SATAPI()
                0x00000000c002529a                SATAPI::diskRemoved()
                0x00000000c00252b6                SATAPI::diskInserted()
                0x00000000c00252e4                SATAPI::sendPacket(unsigned char*, int, unsigned long long, unsigned short*, int)
                0x00000000c00254ec                SATAPI::eject()
                0x00000000c0025534                SATAPI::detectMedia()
                0x00000000c00255f6                SATAPI::open(int, int, void*)
                0x00000000c002569e                SATAPI::read(unsigned long long, int, void*)
 .text          0x00000000c0025740       0x8e hw/fpu/avx.32
                0x00000000c0025740                AVX::open(int, int, void*)
                0x00000000c0025752                AVX::close(int, int, void*)
                0x00000000c0025764                AVX::available()
                0x00000000c0025776                AVX::save(void*)
                0x00000000c002578e                AVX::load(void*)
                0x00000000c00257a6                AVX::AVX()
                0x00000000c00257a6                AVX::AVX()
 .text          0x00000000c00257ce       0x90 hw/fpu/mmx.32
                0x00000000c00257ce                MMX::available()
                0x00000000c00257e2                MMX::open(int, int, void*)
                0x00000000c00257f4                MMX::close(int, int, void*)
                0x00000000c0025806                MMX::save(void*)
                0x00000000c002581e                MMX::load(void*)
                0x00000000c0025836                MMX::MMX()
                0x00000000c0025836                MMX::MMX()
 .text          0x00000000c002585e       0x96 hw/fpu/sse.32
                0x00000000c002585e                SSE::open(int, int, void*)
                0x00000000c0025870                SSE::close(int, int, void*)
                0x00000000c0025882                SSE::available()
                0x00000000c002589c                SSE::save(void*)
                0x00000000c00258b4                SSE::load(void*)
                0x00000000c00258cc                SSE::SSE()
                0x00000000c00258cc                SSE::SSE()
 .text          0x00000000c00258f4       0x8e hw/fpu/x87.32
                0x00000000c00258f4                x87::open(int, int, void*)
                0x00000000c0025906                x87::close(int, int, void*)
                0x00000000c0025918                x87::available()
                0x00000000c002592a                x87::save(void*)
                0x00000000c0025942                x87::load(void*)
                0x00000000c002595a                x87::x87()
                0x00000000c002595a                x87::x87()
 .text          0x00000000c0025982      0x71e hw/intctrl/apic.32
                0x00000000c0025982                APIC::disable()
                0x00000000c0025984                APIC::close(int, int, void*)
                0x00000000c00259a6                IOAPIC::close(int, int, void*)
                0x00000000c00259ac                APIC::io_wait()
                0x00000000c00259b2                APIC::getBase()
                0x00000000c00259f4                APIC::eoi(unsigned char)
                0x00000000c0025a22                APIC::open(int, int, void*)
                0x00000000c0025b70                IOAPIC::IOAPIC()
                0x00000000c0025b70                IOAPIC::IOAPIC()
                0x00000000c0025b98                APIC::APIC()
                0x00000000c0025b98                APIC::APIC()
                0x00000000c0025c74                IOAPIC::handlesGSIWithNumber(unsigned int)
                0x00000000c0025ca6                IOAPIC::read(int)
                0x00000000c0025cce                IOAPIC::open(int, int, void*)
                0x00000000c0025dc4                IOAPIC::write(int, int)
                0x00000000c0025df0                IOAPIC::redirect(unsigned char, unsigned long long, unsigned char, bool, bool)
                0x00000000c0025eea                APIC::installIRQHandler(int, void (*)(regs*, void*), bool, void*)
 .text          0x00000000c00260a0      0x3d3 hw/intctrl/pic.32
                0x00000000c00260a0                PIC::disable()
                0x00000000c00260ce                PIC::close(int, int, void*)
                0x00000000c00260f0                PIC::PIC()
                0x00000000c00260f0                PIC::PIC()
                0x00000000c00261c6                PIC::ioWait()
                0x00000000c00261cc                PIC::getIRQReg(int)
                0x00000000c0026236                PIC::eoi(unsigned char)
                0x00000000c00262c8                PIC::remap()
                0x00000000c0026434                PIC::open(int, int, void*)
 *fill*         0x00000000c0026473        0x1 
 .text          0x00000000c0026474      0x25e hw/timer/apictimer.32
                0x00000000c0026474                APICTimer::close(int, int, void*)
                0x00000000c002647a                apicTimerHandler(regs*, void*)
                0x00000000c00264a8                APICTimer::write(int)
                0x00000000c00265ac                APICTimer::open(int, int, void*)
                0x00000000c00266aa                APICTimer::APICTimer()
                0x00000000c00266aa                APICTimer::APICTimer()
 .text          0x00000000c00266d2      0x1a7 hw/timer/pit.32
                0x00000000c00266d2                PIT::write(int)
                0x00000000c0026750                pitHandler(regs*, void*)
                0x00000000c002677c                PIT::open(int, int, void*)
                0x00000000c00267ca                PIT::close(int, int, void*)
                0x00000000c00267fa                PIT::PIT()
                0x00000000c00267fa                PIT::PIT()
 *fill*         0x00000000c0026879        0x7 
 .text          0x00000000c0026880       0x1e hw/fpu/x86/avx.32
                0x00000000c0026880                avxDetect
                0x00000000c0026886                avxSave
                0x00000000c0026887                avxLoad
                0x00000000c0026888                avxInit
                0x00000000c0026889                avxClose
                0x00000000c002688a                wouldSheSayYes
 *fill*         0x00000000c002689e        0x2 
 .text          0x00000000c00268a0       0x35 hw/fpu/x86/sse.32
                0x00000000c00268a0                absolutelyNoChanceInHell
                0x00000000c00268a0                sseDetect
                0x00000000c00268b8                sseSave
                0x00000000c00268be                sseLoad
                0x00000000c00268c4                sseInit
                0x00000000c00268d4                sseClose
 *fill*         0x00000000c00268d5        0xb 
 .text          0x00000000c00268e0       0x4d hw/fpu/x86/x87.32
                0x00000000c00268e6                x87Detect
                0x00000000c0026901                x87Save
                0x00000000c002690a                x87Load
                0x00000000c0026912                x87Init
                0x00000000c002692c                x87Close
 *fill*         0x00000000c002692d        0x3 
 .text          0x00000000c0026930       0x25 /cygdrive/d/Users/Alex/Desktop/Toolchain/Output/bin/../lib/gcc/i386-banana/8.1.0/crtend.o
 .text          0x00000000c0026955        0x0 crtn.32
 *fill*         0x00000000c0026955        0x3 
 .text          0x00000000c0026958      0x14b /cygdrive/d/Users/Alex/Desktop/Toolchain/Output/bin/../lib/gcc/i386-banana/8.1.0/libkgcc.a(_divdi3.o)
                0x00000000c0026958                __divdi3
 *fill*         0x00000000c0026aa3        0x1 
 .text          0x00000000c0026aa4      0x17e /cygdrive/d/Users/Alex/Desktop/Toolchain/Output/bin/../lib/gcc/i386-banana/8.1.0/libkgcc.a(_moddi3.o)
                0x00000000c0026aa4                __moddi3
 *fill*         0x00000000c0026c22        0x2 
 .text          0x00000000c0026c24       0xff /cygdrive/d/Users/Alex/Desktop/Toolchain/Output/bin/../lib/gcc/i386-banana/8.1.0/libkgcc.a(_udivdi3.o)
                0x00000000c0026c24                __udivdi3
 *fill*         0x00000000c0026d23        0x1 
 .text          0x00000000c0026d24      0x11a /cygdrive/d/Users/Alex/Desktop/Toolchain/Output/bin/../lib/gcc/i386-banana/8.1.0/libkgcc.a(_umoddi3.o)
                0x00000000c0026d24                __umoddi3
 .text          0x00000000c0026e3e      0x96d D:/Users/Alex/Desktop/Banana/kernel/libsoftfp.a(sfieeelib.o)
                0x00000000c0026e3e                __addsf3
                0x00000000c0027140                __subsf3
                0x00000000c0027154                __negsf2
                0x00000000c0027161                __mulsf3
                0x00000000c0027324                __divsf3
                0x00000000c002754f                __floatsisf
                0x00000000c00275c3                __floatunsisf
                0x00000000c0027605                __fixsfsi
                0x00000000c0027667                __fixunssfsi
                0x00000000c0027698                __cmpsf2
                0x00000000c002772d                __eqsf2
                0x00000000c0027768                __nesf2
                0x00000000c002776a                __gtsf2
                0x00000000c00277a5                __gesf2
                0x00000000c00277a7                __ltsf2
                0x00000000c00277a9                __lesf2
 .text          0x00000000c00277ab      0xf50 D:/Users/Alex/Desktop/Banana/kernel/libsoftfp.a(dfieeelib.o)
                0x00000000c00277ab                __adddf3
                0x00000000c0027dfc                __subdf3