Archive member included to satisfy reference by file (symbol)

/cygdrive/d/Users/Alex/Desktop/Toolchain/Output/bin/../lib/gcc/i386-banana/8.1.0/libgcc.a(_divdi3.o)
                              fs/fat/ff.32 (__divdi3)
/cygdrive/d/Users/Alex/Desktop/Toolchain/Output/bin/../lib/gcc/i386-banana/8.1.0/libgcc.a(_moddi3.o)
                              core/elf.32 (__moddi3)
/cygdrive/d/Users/Alex/Desktop/Toolchain/Output/bin/../lib/gcc/i386-banana/8.1.0/libgcc.a(_divmoddi4.o)
                              acpica/osl.32 (__divmoddi4)
/cygdrive/d/Users/Alex/Desktop/Toolchain/Output/bin/../lib/gcc/i386-banana/8.1.0/libgcc.a(_udivdi3.o)
                              acpica/utmath.32 (__udivdi3)
/cygdrive/d/Users/Alex/Desktop/Toolchain/Output/bin/../lib/gcc/i386-banana/8.1.0/libgcc.a(_umoddi3.o)
                              acpica/utmath.32 (__umoddi3)
D:/Users/Alex/Desktop/Banana/kernel/libk/libm32.a(s_fabs.c.o)
                              hal/libresample/samplerate.32 (fabs)
D:/Users/Alex/Desktop/Banana/kernel/libk/libm32.a(s_lrint.S.o)
                              hal/libresample/samplerate.32 (lrint)
D:/Users/Alex/Desktop/Banana/kernel/libk/libm32.a(s_lrintf.S.o)
                              hal/sound/sndhw.32 (lrintf)

Allocating common symbols
Common symbol       size              file

AcpiGbl_StateCache  0x4               acpica/utglobal.32
AcpiGbl_OwnerIdMask
                    0x200             acpica/utglobal.32
AcpiGbl_StepToNextCall
                    0x1               acpica/utglobal.32
AcpiGbl_RootTableList
                    0x10              acpica/utglobal.32
AcpiGbl_FadtGpeDevice
                    0x4               acpica/utglobal.32
AcpiGbl_GpeXruptListHead
                    0x4               acpica/utglobal.32
AcpiGbl_GlobalLockHandle
                    0x2               acpica/utglobal.32
AcpiGbl_RootNodeStruct
                    0x1c              acpica/utglobal.32
AcpiGbl_FACS        0x4               acpica/utglobal.32
AcpiGbl_AllGpesInitialized
                    0x1               acpica/utglobal.32
AcpiGbl_GlobalLockMutex
                    0x4               acpica/utglobal.32
AcpiGbl_IntegerByteWidth
                    0x1               acpica/utglobal.32
AcpiGbl_Pm1EnableRegisterSave
                    0x2               acpica/utglobal.32
AcpiGbl_NsLookupCount
                    0x4               acpica/utglobal.32
AcpiCurrentGpeCount
                    0x4               acpica/utglobal.32
AcpiGbl_IntegerBitWidth
                    0x1               acpica/utglobal.32
AcpiGbl_NamespaceCache
                    0x4               acpica/utglobal.32
AcpiGbl_TableHandler
                    0x4               acpica/utglobal.32
AcpiGbl_HardwareLock
                    0x4               acpica/utglobal.32
AcpiGbl_FixedEventHandlers
                    0x28              acpica/utglobal.32
AcpiSciCount        0x4               acpica/utglobal.32
AcpiGbl_DSDT        0x4               acpica/utglobal.32
AcpiGbl_GlobalNotify
                    0x10              acpica/utglobal.32
AcpiGbl_GlobalLockSemaphore
                    0x4               acpica/utglobal.32
AcpiGbl_SystemAwakeAndRunning
                    0x1               acpica/utglobal.32
AcpiGbl_InterfaceHandler
                    0x4               acpica/utglobal.32
AcpiGbl_EventsInitialized
                    0x1               acpica/utglobal.32
AcpiGbl_SupportedInterfaces
                    0x4               acpica/utglobal.32
AcpiGbl_GpeLock     0x4               acpica/utglobal.32
AcpiGbl_SleepTypeB  0x1               acpica/utglobal.32
AcpiGbl_InitHandler
                    0x4               acpica/utglobal.32
AcpiGbl_GlobalLockAcquired
                    0x1               acpica/utglobal.32
AcpiGbl_XPm1bEnable
                    0xc               acpica/utglobal.32
AcpiGbl_OriginalDsdtHeader
                    0x24              acpica/utglobal.32
AcpiGbl_ReferenceCountLock
                    0x4               acpica/utglobal.32
AcpiGpeCount        0x4               acpica/utglobal.32
AcpiGbl_TableHandlerContext
                    0x4               acpica/utglobal.32
AcpiGbl_XPm1aStatus
                    0xc               acpica/utglobal.32
AcpiGbl_OriginalMode
                    0x4               acpica/utglobal.32
AcpiGbl_CmSingleStep
                    0x1               acpica/utglobal.32
AcpiGbl_GlobalEventHandlerContext
                    0x4               acpica/utglobal.32
AcpiGbl_PsFindCount
                    0x4               acpica/utglobal.32
AcpiFixedEventCount
                    0x14              acpica/utglobal.32
AcpiGbl_AcpiHardwarePresent
                    0x1               acpica/utglobal.32
AcpiGbl_MutexInfo   0x60              acpica/utglobal.32
AcpiGbl_RootNode    0x4               acpica/utglobal.32
AcpiGbl_AddressRangeList
                    0x8               acpica/utglobal.32
AcpiGbl_FADT        0x114             acpica/utglobal.32
AcpiGbl_IntegerNybbleWidth
[...]
Memory Configuration

Name             Origin             Length             Attributes
*default*        0x0000000000000000 0xffffffffffffffff

Linker script and memory map

LOAD D:/Users/Alex/Desktop/Banana/kernel/boot.32
LOAD crti.32
LOAD /cygdrive/d/Users/Alex/Desktop/Toolchain/Output/bin/../lib/gcc/i386-banana/8.1.0/crtbegin.o
LOAD D:/Users/Alex/Desktop/Banana/kernel/morenasm.32
LOAD acpica/dsargs.32
LOAD acpica/dscontrol.32
LOAD acpica/dsdebug.32
LOAD acpica/dsfield.32
LOAD acpica/dsinit.32
LOAD acpica/dsmethod.32
LOAD acpica/dsmthdat.32
LOAD acpica/dsobject.32
LOAD acpica/dsopcode.32
LOAD acpica/dspkginit.32
LOAD acpica/dsutils.32
LOAD acpica/dswexec.32
LOAD acpica/dswload.32
LOAD acpica/dswload2.32
LOAD acpica/dswscope.32
LOAD acpica/dswstate.32
LOAD acpica/evevent.32
LOAD acpica/evglock.32
LOAD acpica/evgpe.32
LOAD acpica/evgpeblk.32
LOAD acpica/evgpeinit.32
LOAD acpica/evgpeutil.32
LOAD acpica/evhandler.32
LOAD acpica/evmisc.32
LOAD acpica/evregion.32
LOAD acpica/evrgnini.32
LOAD acpica/evsci.32
LOAD acpica/evxface.32
LOAD acpica/evxfevnt.32
LOAD acpica/evxfgpe.32
LOAD acpica/evxfregn.32
LOAD acpica/exconcat.32
LOAD acpica/exconfig.32
LOAD acpica/exconvrt.32
LOAD acpica/excreate.32
LOAD acpica/exdebug.32
LOAD acpica/exdump.32
LOAD acpica/exfield.32
LOAD acpica/exfldio.32
LOAD acpica/exmisc.32
LOAD acpica/exmutex.32
LOAD acpica/exnames.32
LOAD acpica/exoparg1.32
LOAD acpica/exoparg2.32
LOAD acpica/exoparg3.32
LOAD acpica/exoparg6.32
LOAD acpica/exprep.32
LOAD acpica/exregion.32
LOAD acpica/exresnte.32
LOAD acpica/exresolv.32
LOAD acpica/exresop.32
LOAD acpica/exserial.32
LOAD acpica/exstore.32
LOAD acpica/exstoren.32
LOAD acpica/exstorob.32
LOAD acpica/exsystem.32
LOAD acpica/extrace.32
LOAD acpica/exutils.32
LOAD acpica/hwacpi.32
LOAD acpica/hwesleep.32
LOAD acpica/hwgpe.32
LOAD acpica/hwpci.32
LOAD acpica/hwregs.32
LOAD acpica/hwsleep.32
LOAD acpica/hwtimer.32
LOAD acpica/hwvalid.32
LOAD acpica/hwxface.32
LOAD acpica/hwxfsleep.32
LOAD acpica/nsaccess.32
LOAD acpica/nsalloc.32
LOAD acpica/nsarguments.32
LOAD acpica/nsconvert.32
LOAD acpica/nsdump.32
LOAD acpica/nsdumpdv.32
LOAD acpica/nseval.32
LOAD acpica/nsinit.32
LOAD acpica/nsload.32
LOAD acpica/nsnames.32
LOAD acpica/nsobject.32
LOAD acpica/nsparse.32
LOAD acpica/nspredef.32
LOAD acpica/nsprepkg.32
LOAD acpica/nsrepair.32
LOAD acpica/nsrepair2.32
LOAD acpica/nssearch.32
LOAD acpica/nsutils.32
LOAD acpica/nswalk.32
LOAD acpica/nsxfeval.32
LOAD acpica/nsxfname.32
LOAD acpica/nsxfobj.32
LOAD acpica/psargs.32
LOAD acpica/psloop.32
LOAD acpica/psobject.32
LOAD acpica/psopcode.32
LOAD acpica/psopinfo.32
LOAD acpica/psparse.32
LOAD acpica/psscope.32
LOAD acpica/pstree.32
LOAD acpica/psutils.32
LOAD acpica/pswalk.32
LOAD acpica/psxface.32
LOAD acpica/rsaddr.32
LOAD acpica/rscalc.32
LOAD acpica/rscreate.32
LOAD acpica/rsdump.32
LOAD acpica/rsdumpinfo.32
LOAD acpica/rsinfo.32
LOAD acpica/rsio.32
LOAD acpica/rsirq.32
LOAD acpica/rslist.32
LOAD acpica/rsmemory.32
LOAD acpica/rsmisc.32
LOAD acpica/rsserial.32
LOAD acpica/rsutils.32
LOAD acpica/rsxface.32
LOAD acpica/tbdata.32
LOAD acpica/tbfadt.32
LOAD acpica/tbfind.32
LOAD acpica/tbinstal.32
LOAD acpica/tbprint.32
LOAD acpica/tbutils.32
LOAD acpica/tbxface.32
LOAD acpica/tbxfload.32
LOAD acpica/tbxfroot.32
LOAD acpica/utaddress.32
LOAD acpica/utalloc.32
LOAD acpica/utascii.32
LOAD acpica/utbuffer.32
LOAD acpica/utcache.32
LOAD acpica/utclib.32
LOAD acpica/utcopy.32
LOAD acpica/utdebug.32
LOAD acpica/utdecode.32
LOAD acpica/utdelete.32
LOAD acpica/uterror.32
LOAD acpica/uteval.32
LOAD acpica/utexcep.32
LOAD acpica/utglobal.32
LOAD acpica/uthex.32
LOAD acpica/utids.32
LOAD acpica/utinit.32
LOAD acpica/utlock.32
LOAD acpica/utmath.32
LOAD acpica/utmisc.32
LOAD acpica/utmutex.32
LOAD acpica/utnonansi.32
LOAD acpica/utobject.32
LOAD acpica/utosi.32
LOAD acpica/utownerid.32
LOAD acpica/utpredef.32
LOAD acpica/utprint.32
LOAD acpica/utresdecode.32
LOAD acpica/utresrc.32
LOAD acpica/utstate.32
LOAD acpica/utstring.32
LOAD acpica/utstrsuppt.32
LOAD acpica/utstrtoul64.32
LOAD acpica/uttrack.32
LOAD acpica/utuuid.32
LOAD acpica/utxface.32
LOAD acpica/utxferror.32
LOAD acpica/utxfinit.32
LOAD acpica/utxfmutex.32
LOAD core/malloc.32
LOAD libk/string.32
LOAD fs/fat/diskio.32
LOAD fs/fat/ff.32
LOAD fs/fat/ffsystem.32
LOAD fs/fat/ffunicode.32
LOAD hal/libresample/samplerate.32
LOAD hal/libresample/src_linear.32
LOAD hal/libresample/src_sinc.32
LOAD hal/libresample/src_zoh.32
LOAD acpica/osl.32
LOAD core/computer.32
LOAD core/elf.32
LOAD core/gdt.32
LOAD core/idle.32
LOAD core/idt.32
LOAD core/kconsole.32
LOAD core/kheap.32
LOAD core/main.32
LOAD core/physmgr.32
LOAD core/pipe.32
LOAD core/prcssthr.32
LOAD core/syscalls.32
LOAD core/terminal.32
LOAD core/tss.32
LOAD core/unixfile.32
LOAD core/virtmgr.32
LOAD coreobjs/c++.32
LOAD debugger/debug.32
LOAD fs/vfs.32
LOAD hal/bus.32
LOAD hal/buzzer.32
LOAD hal/clock.32
LOAD hal/device.32
LOAD hal/diskctrl.32
LOAD hal/diskphys.32
LOAD hal/fpu.32
LOAD hal/intctrl.32
LOAD hal/keybrd.32
LOAD hal/logidisk.32
LOAD hal/partition.32
LOAD hal/timer.32
LOAD hal/vcache.32
LOAD hw/acpi.32
LOAD hw/cpu.32
LOAD hw/ports.32
LOAD registry/registry.32
LOAD syscalls/sc_exit.32
LOAD syscalls/sc_sbrk.32
LOAD syscalls/sc_yield.32
LOAD vm86/vm8086.32
LOAD fs/fat/vfslink.32
LOAD fs/iso9660/vfslink.32
LOAD hal/sound/sndchannel.32
LOAD hal/sound/sndhw.32
LOAD hw/audio/sb16.32
LOAD hw/bus/isa.32
LOAD hw/bus/pci.32
LOAD hw/bus/ps2.32
LOAD hw/bus/ps2port.32
LOAD hw/buzzer/pcspk.32
LOAD hw/clock/rtc.32
LOAD hw/diskctrl/ide.32
LOAD hw/diskphys/ata.32
LOAD hw/diskphys/atapi.32
LOAD hw/dma/isadma.32
LOAD hw/fpu/avx.32
LOAD hw/fpu/mmx.32
LOAD hw/fpu/sse.32
LOAD hw/fpu/x87.32
LOAD hw/intctrl/apic.32
LOAD hw/intctrl/pic.32
LOAD hw/keybrd/ps2key.32
LOAD hw/timer/apictimer.32
LOAD hw/timer/pit.32
LOAD hw/fpu/x86/avx.32
LOAD hw/fpu/x86/sse.32
LOAD hw/fpu/x86/x87.32
LOAD /cygdrive/d/Users/Alex/Desktop/Toolchain/Output/bin/../lib/gcc/i386-banana/8.1.0/crtend.o
LOAD crtn.32
LOAD /cygdrive/d/Users/Alex/Desktop/Toolchain/Output/bin/../lib/gcc/i386-banana/8.1.0/libgcc.a
LOAD D:/Users/Alex/Desktop/Banana/kernel/libk/libm32.a
                0x00000000c0000000                . = 0xc0000000

.text           0x00000000c0000000    0x4e218
 *(.text)
 .text          0x00000000c0000000       0x39 D:/Users/Alex/Desktop/Banana/kernel/boot.32
                0x00000000c000001e                callGlobalConstructors
 .text          0x00000000c0000039        0x0 crti.32
 *fill*         0x00000000c0000039        0x3 
 .text          0x00000000c000003c      0x101 /cygdrive/d/Users/Alex/Desktop/Toolchain/Output/bin/../lib/gcc/i386-banana/8.1.0/crtbegin.o
 *fill*         0x00000000c000013d        0x3 
 .text          0x00000000c0000140      0x445 D:/Users/Alex/Desktop/Banana/kernel/morenasm.32
                0x00000000c0000140                doTPAUSE
                0x00000000c000014a                hasLegacyFPU
                0x00000000c000016f                is486
                0x00000000c00001d2                goToVM86
                0x00000000c0000203                goToUsermode
                0x00000000c000022e                switchToThreadASMFirstTime
                0x00000000c000023c                switchToThreadASM
                0x00000000c00002d4                detectCPUID
                0x00000000c00002ea                asmQuickAcquireLock
                0x00000000c0000308                asmQuickReleaseLock
                0x00000000c0000314                asmAcquireLock
                0x00000000c0000335                asmReleaseLock
                0x00000000c0000348                loadGDT
                0x00000000c0000368                isr0
                0x00000000c0000378                isr1
                0x00000000c0000382                isr2
                0x00000000c000038c                isr3
                0x00000000c0000396                isr4
                0x00000000c00003a0                isr5
                0x00000000c00003aa                isr6
                0x00000000c00003b4                isr7
                0x00000000c00003be                isr8
                0x00000000c00003c8                isr9
                0x00000000c00003d2                isr10
                0x00000000c00003da                isr11
                0x00000000c00003e2                isr12
                0x00000000c00003ea                isr13
                0x00000000c00003f2                isr14
                0x00000000c00003fa                isr15
                0x00000000c0000404                isr16
                0x00000000c000040e                isr17
                0x00000000c0000418                isr18
                0x00000000c0000422                isr96
                0x00000000c000042c                irq0
                0x00000000c0000436                irq1
                0x00000000c0000440                irq2
                0x00000000c000044a                irq3
                0x00000000c0000454                irq4
                0x00000000c000045e                irq5
                0x00000000c0000468                irq6
                0x00000000c0000472                irq7
                0x00000000c000047c                irq8
                0x00000000c0000486                irq9
                0x00000000c0000490                irq10
                0x00000000c000049a                irq11
                0x00000000c00004a4                irq12
                0x00000000c00004ae                irq13
                0x00000000c00004b8                irq14
                0x00000000c00004c2                irq15
                0x00000000c00004cc                irq16
                0x00000000c00004d6                irq17
                0x00000000c00004e0                irq18
                0x00000000c00004ea                irq19
                0x00000000c00004f4                irq20
                0x00000000c00004fe                irq21
                0x00000000c0000508                irq22
                0x00000000c0000512                irq23
                0x00000000c000051c                int_common_stub
                0x00000000c000054c                syscall_common_stub
 .text          0x00000000c0000585      0x3da acpica/dsargs.32
                0x00000000c0000714                AcpiDsGetBufferFieldArguments
                0x00000000c0000773                AcpiDsGetBankFieldArguments
                0x00000000c00007d2                AcpiDsGetBufferArguments
                0x00000000c0000843                AcpiDsGetPackageArguments
                0x00000000c00008b4                AcpiDsGetRegionArguments
 .text          0x00000000c000095f      0x47a acpica/dscontrol.32
                0x00000000c0000961                AcpiDsExecBeginControlOp
                0x00000000c0000a91                AcpiDsExecEndControlOp
 .text          0x00000000c0000dd9        0x2 acpica/dsdebug.32
                0x00000000c0000dd9                AcpiDsDumpMethodStack
 .text          0x00000000c0000ddb      0x9f6 acpica/dsfield.32
                0x00000000c0000ddb                AcpiDsCreateBufferField
                0x00000000c00012d1                AcpiDsCreateField
                0x00000000c00013db                AcpiDsInitFieldObjects
                0x00000000c000157c                AcpiDsCreateBankField
                0x00000000c00016b0                AcpiDsCreateIndexField
 .text          0x00000000c00017d1      0x22d acpica/dsinit.32
                0x00000000c000194c                AcpiDsInitializeObjects
 .text          0x00000000c00019fe      0x9d7 acpica/dsmethod.32
                0x00000000c0001a4d                AcpiDsAutoSerializeMethod
                0x00000000c0001b56                AcpiDsMethodError
                0x00000000c0001cb2                AcpiDsBeginMethodExecution
                0x00000000c0001f55                AcpiDsRestartControlMethod
                0x00000000c0001ff4                AcpiDsTerminateControlMethod
                0x00000000c00021d8                AcpiDsCallControlMethod
 .text          0x00000000c00023d5      0x743 acpica/dsmthdat.32
                0x00000000c00023d5                AcpiDsMethodDataInit
                0x00000000c00025be                AcpiDsMethodDataDeleteAll
                0x00000000c000268b                AcpiDsMethodDataGetNode
                0x00000000c00027c6                AcpiDsMethodDataInitArgs
                0x00000000c000283d                AcpiDsMethodDataGetValue
                0x00000000c00029cc                AcpiDsStoreObjectToLocal
 .text          0x00000000c0002b18      0x736 acpica/dsobject.32
                0x00000000c0002b18                AcpiDsBuildInternalBufferObj
                0x00000000c0002c81                AcpiDsInitObjectFromOp
                0x00000000c0003016                AcpiDsBuildInternalObject
                0x00000000c00031b8                AcpiDsCreateNode
 .text          0x00000000c000324e      0xa93 acpica/dsopcode.32
                0x00000000c000324e                AcpiDsInitializeRegion
                0x00000000c0003561                AcpiDsEvalBufferFieldOperands
                0x00000000c00036d2                AcpiDsEvalRegionOperands
                0x00000000c0003877                AcpiDsEvalTableRegionOperands
                0x00000000c0003a31                AcpiDsEvalDataObjectOperands
                0x00000000c0003be5                AcpiDsEvalBankFieldOperands
 .text          0x00000000c0003ce1      0x597 acpica/dspkginit.32
                0x00000000c0003eb3                AcpiDsInitPackageElement
                0x00000000c0003f1f                AcpiDsBuildInternalPackageObj
 .text          0x00000000c0004278      0x956 acpica/dsutils.32
                0x00000000c000427a                AcpiDsClearImplicitReturn
                0x00000000c00042bd                AcpiDsDoImplicitReturn
                0x00000000c000432d                AcpiDsIsResultUsed
                0x00000000c00044bf                AcpiDsDeleteResultIfNotUsed
                0x00000000c0004537                AcpiDsResolveOperands
                0x00000000c0004593                AcpiDsClearOperands
                0x00000000c00045e7                AcpiDsCreateOperand
                0x00000000c0004952                AcpiDsCreateOperands
                0x00000000c0004a42                AcpiDsEvaluateNamePath
 .text          0x00000000c0004bce      0xa84 acpica/dswexec.32
                0x00000000c0004bd6                AcpiDsGetPredicateValue
                0x00000000c0004df2                AcpiDsExecBeginOp
                0x00000000c0004fef                AcpiDsExecEndOp
 .text          0x00000000c0005652      0x6f7 acpica/dswload.32
                0x00000000c0005652                AcpiDsLoad1BeginOp
                0x00000000c00059bb                AcpiDsLoad1EndOp
                0x00000000c0005c79                AcpiDsInitCallbacks
 .text          0x00000000c0005d49      0x901 acpica/dswload2.32
                0x00000000c0005d49                AcpiDsLoad2BeginOp
                0x00000000c00061b8                AcpiDsLoad2EndOp
 .text          0x00000000c000664a      0x161 acpica/dswscope.32
                0x00000000c000664a                AcpiDsScopeStackClear
                0x00000000c000668a                AcpiDsScopeStackPush
                0x00000000c0006751                AcpiDsScopeStackPop
 .text          0x00000000c00067ab      0x8f5 acpica/dswstate.32
                0x00000000c000683b                AcpiDsResultPush
                0x00000000c0006a0e                AcpiDsResultPop
                0x00000000c0006b40                AcpiDsObjStackPush
                0x00000000c0006bbf                AcpiDsObjStackPop
                0x00000000c0006c41                AcpiDsObjStackPopAndDelete
                0x00000000c0006cc0                AcpiDsGetCurrentWalkState
                0x00000000c0006cd8                AcpiDsPushWalkState
                0x00000000c0006cf2                AcpiDsPopWalkState
                0x00000000c0006d17                AcpiDsCreateWalkState
                0x00000000c0006dac                AcpiDsInitAmlWalk
                0x00000000c0006f78                AcpiDsDeleteWalkState
 .text          0x00000000c00070a0      0x307 acpica/evevent.32
                0x00000000c00070a0                AcpiEvInstallXruptHandlers
                0x00000000c000719e                AcpiEvInitializeEvents
                0x00000000c00072bf                AcpiEvFixedEventDetect
 .text          0x00000000c00073a7      0x2d8 acpica/evglock.32
                0x00000000c0007428                AcpiEvInitGlobalLockHandler
                0x00000000c00074b4                AcpiEvRemoveGlobalLockHandler
                0x00000000c00074ec                AcpiEvAcquireGlobalLock
                0x00000000c00075fa                AcpiEvReleaseGlobalLock
 .text          0x00000000c000767f      0x960 acpica/evgpe.32
                0x00000000c000767f                AcpiEvUpdateGpeEnableMask
                0x00000000c00076ed                AcpiEvEnableGpe
                0x00000000c000770b                AcpiEvMaskGpe
                0x00000000c00077dd                AcpiEvAddGpeReference
                0x00000000c0007870                AcpiEvRemoveGpeReference
                0x00000000c00078eb                AcpiEvLowGetGpeInfo
                0x00000000c000794c                AcpiEvGetGpeEventInfo
                0x00000000c00079d4                AcpiEvFinishGpe
                0x00000000c0007b93                AcpiEvGpeDispatch
                0x00000000c0007d05                AcpiEvDetectGpe
                0x00000000c0007e92                AcpiEvGpeDetect
 .text          0x00000000c0007fdf      0x726 acpica/evgpeblk.32
                0x00000000c00080a9                AcpiEvDeleteGpeBlock
                0x00000000c0008425                AcpiEvCreateGpeBlock
                0x00000000c000859a                AcpiEvInitializeGpeBlock
 .text          0x00000000c0008705      0x48d acpica/evgpeinit.32
                0x00000000c0008705                AcpiEvMatchGpeMethod
                0x00000000c000889c                AcpiEvGpeInitialize
                0x00000000c0008a9e                AcpiEvUpdateGpes
 .text          0x00000000c0008b92      0x407 acpica/evgpeutil.32
                0x00000000c0008b92                AcpiEvWalkGpeList
                0x00000000c0008c31                AcpiEvGetGpeDevice
                0x00000000c0008c92                AcpiEvGetGpeXruptBlock
                0x00000000c0008dc1                AcpiEvDeleteGpeXrupt
                0x00000000c0008e8b                AcpiEvDeleteGpeHandlers
 .text          0x00000000c0008f99      0x4a5 acpica/evhandler.32
                0x00000000c0008f99                AcpiEvHasDefaultHandler
                0x00000000c0008ff9                AcpiEvFindRegionHandler
                0x00000000c000912f                AcpiEvInstallSpaceHandler
                0x00000000c00093b4                AcpiEvInstallRegionHandlers
 .text          0x00000000c000943e      0x32c acpica/evmisc.32
                0x00000000c00094e5                AcpiEvIsNotifyObject
                0x00000000c000950b                AcpiEvQueueNotifyRequest
                0x00000000c000961b                AcpiEvTerminate
 .text          0x00000000c000976a      0x9c7 acpica/evregion.32
                0x00000000c000976a                AcpiEvAddressSpaceDispatch
                0x00000000c0009a6b                AcpiEvAttachRegion
                0x00000000c0009abb                AcpiEvExecuteRegMethod
                0x00000000c0009ca2                AcpiEvDetachRegion
                0x00000000c000a03c                AcpiEvExecuteRegMethods
                0x00000000c000a0a8                AcpiEvInitializeOpRegions
 .text          0x00000000c000a131      0x535 acpica/evrgnini.32
                0x00000000c000a131                AcpiEvSystemMemoryRegionSetup
                0x00000000c000a1de                AcpiEvIoSpaceRegionSetup
                0x00000000c000a201                AcpiEvIsPciRootBridge
                0x00000000c000a2cc                AcpiEvPciConfigRegionSetup
                0x00000000c000a52d                AcpiEvPciBarRegionSetup
                0x00000000c000a533                AcpiEvCmosRegionSetup
                0x00000000c000a539                AcpiEvDefaultRegionSetup
                0x00000000c000a55c                AcpiEvInitializeRegion
 .text          0x00000000c000a666      0x1a4 acpica/evsci.32
                0x00000000c000a666                AcpiEvSciDispatch
                0x00000000c000a722                AcpiEvGpeXruptHandler
                0x00000000c000a74b                AcpiEvInstallSciHandler
                0x00000000c000a781                AcpiEvRemoveAllSciHandlers
 .text          0x00000000c000a80a      0xcf1 acpica/evxface.32
                0x00000000c000a80a                AcpiInstallNotifyHandler
                0x00000000c000aa65                AcpiRemoveNotifyHandler
                0x00000000c000ac89                AcpiInstallExceptionHandler
                0x00000000c000acd6                AcpiInstallSciHandler
                0x00000000c000adc4                AcpiRemoveSciHandler
                0x00000000c000aea9                AcpiInstallGlobalEventHandler
                0x00000000c000af0b                AcpiInstallFixedEventHandler
                0x00000000c000afe6                AcpiRemoveFixedEventHandler
                0x00000000c000b27e                AcpiInstallGpeHandler
                0x00000000c000b2a8                AcpiInstallGpeRawHandler
                0x00000000c000b2d2                AcpiRemoveGpeHandler
                0x00000000c000b462                AcpiAcquireGlobalLock
                0x00000000c000b4c1                AcpiReleaseGlobalLock
 .text          0x00000000c000b4fb      0x38d acpica/evxfevnt.32
                0x00000000c000b4fb                AcpiEnable
                0x00000000c000b56d                AcpiDisable
                0x00000000c000b5ce                AcpiEnableEvent
                0x00000000c000b69c                AcpiDisableEvent
                0x00000000c000b769                AcpiClearEvent
                0x00000000c000b7be                AcpiGetEventStatus
 .text          0x00000000c000b888      0xa22 acpica/evxfgpe.32
                0x00000000c000b888                AcpiUpdateAllGpes
                0x00000000c000b913                AcpiEnableGpe
                0x00000000c000b993                AcpiDisableGpe
                0x00000000c000b9f8                AcpiSetGpe
                0x00000000c000baa3                AcpiMaskGpe
                0x00000000c000bb15                AcpiMarkGpeForWake
                0x00000000c000bb81                AcpiSetupGpeForWake
                0x00000000c000bd07                AcpiSetGpeWakeMask
                0x00000000c000be11                AcpiClearGpe
                0x00000000c000be7f                AcpiGetGpeStatus
                0x00000000c000bef0                AcpiDispatchGpe
                0x00000000c000bf0b                AcpiFinishGpe
                0x00000000c000bf72                AcpiDisableAllGpes
                0x00000000c000bfad                AcpiEnableAllRuntimeGpes
                0x00000000c000bfe8                AcpiEnableAllWakeupGpes
                0x00000000c000c023                AcpiInstallGpeBlock
                0x00000000c000c173                AcpiRemoveGpeBlock
                0x00000000c000c23c                AcpiGetGpeDevice
 .text          0x00000000c000c2aa      0x1f7 acpica/evxfregn.32
                0x00000000c000c2aa                AcpiInstallAddressSpaceHandler
                0x00000000c000c350                AcpiRemoveAddressSpaceHandler
 .text          0x00000000c000c4a1      0x4fd acpica/exconcat.32
                0x00000000c000c53e                AcpiExDoConcatenate
                0x00000000c000c89c                AcpiExConcatTemplate
 .text          0x00000000c000c99e      0x62b acpica/exconfig.32
                0x00000000c000ca61                AcpiExUnloadTable
                0x00000000c000cb18                AcpiExLoadTableOp
                0x00000000c000cd39                AcpiExLoadOp
 .text          0x00000000c000cfc9      0x74e acpica/exconvrt.32
                0x00000000c000cfc9                AcpiExConvertToInteger
                0x00000000c000d128                AcpiExConvertToBuffer
                0x00000000c000d386                AcpiExConvertToString
                0x00000000c000d5d0                AcpiExConvertToTargetType
 .text          0x00000000c000d717      0x52a acpica/excreate.32
                0x00000000c000d717                AcpiExCreateAlias
                0x00000000c000d799                AcpiExCreateEvent
                0x00000000c000d81c                AcpiExCreateMutex
                0x00000000c000d8c9                AcpiExCreateRegion
                0x00000000c000da29                AcpiExCreateProcessor
                0x00000000c000dad2                AcpiExCreatePowerResource
                0x00000000c000db66                AcpiExCreateMethod
 .text          0x00000000c000dc41      0x557 acpica/exdebug.32
                0x00000000c000dc41                AcpiExDoDebugObject
 .text          0x00000000c000e198        0x0 acpica/exdump.32
 .text          0x00000000c000e198      0x4d5 acpica/exfield.32
                0x00000000c000e198                AcpiExGetProtocolBufferLength
                0x00000000c000e1ec                AcpiExReadDataFromField
                0x00000000c000e413                AcpiExWriteDataToField
 .text          0x00000000c000e66d      0xed6 acpica/exfldio.32
                0x00000000c000e8b0                AcpiExAccessRegion
                0x00000000c000ea42                AcpiExInsertIntoField
                0x00000000c000f019                AcpiExWriteWithUpdateRule
                0x00000000c000f20b                AcpiExExtractFromField
 .text          0x00000000c000f543      0x664 acpica/exmisc.32
                0x00000000c000f543                AcpiExGetObjectReference
                0x00000000c000f63e                AcpiExDoMathOp
                0x00000000c000f80f                AcpiExDoLogicalNumericOp
                0x00000000c000f913                AcpiExDoLogicalOp
 .text          0x00000000c000fba7      0x5d0 acpica/exmutex.32
                0x00000000c000fba7                AcpiExUnlinkMutex
                0x00000000c000fc4d                AcpiExAcquireMutexObject
                0x00000000c000fd22                AcpiExAcquireMutex
                0x00000000c000fe69                AcpiExReleaseMutexObject
                0x00000000c000ff08                AcpiExReleaseMutex
                0x00000000c00100e5                AcpiExReleaseAllMutexes
 .text          0x00000000c0010177      0x457 acpica/exnames.32
                0x00000000c001034f                AcpiExGetNameString
 .text          0x00000000c00105ce     0x1142 acpica/exoparg1.32
                0x00000000c00105ce                AcpiExOpcode_0A_0T_1R
                0x00000000c0010684                AcpiExOpcode_1A_0T_0R
                0x00000000c0010786                AcpiExOpcode_1A_1T_0R
                0x00000000c0010800                AcpiExOpcode_1A_1T_1R
                0x00000000c0010fd0                AcpiExOpcode_1A_0T_1R
 .text          0x00000000c0011710      0x8df acpica/exoparg2.32
                0x00000000c0011710                AcpiExOpcode_2A_0T_0R
                0x00000000c00117e1                AcpiExOpcode_2A_2T_1R
                0x00000000c0011961                AcpiExOpcode_2A_1T_1R
                0x00000000c0011e0e                AcpiExOpcode_2A_0T_1R
 .text          0x00000000c0011fef      0x33c acpica/exoparg3.32
                0x00000000c0011fef                AcpiExOpcode_3A_0T_0R
                0x00000000c00120ee                AcpiExOpcode_3A_1T_1R
 .text          0x00000000c001232b      0x36c acpica/exoparg6.32
                0x00000000c0012438                AcpiExOpcode_6A_0T_1R
 .text          0x00000000c0012697      0x53f acpica/exprep.32
                0x00000000c0012751                AcpiExPrepCommonFieldObject
                0x00000000c00127e9                AcpiExPrepFieldValue
 .text          0x00000000c0012bd6      0x4b7 acpica/exregion.32
                0x00000000c0012bd6                AcpiExSystemMemorySpaceHandler
                0x00000000c0012edb                AcpiExSystemIoSpaceHandler
                0x00000000c0012f58                AcpiExPciConfigSpaceHandler
                0x00000000c0012fe9                AcpiExCmosSpaceHandler
                0x00000000c0013007                AcpiExPciBarSpaceHandler
                0x00000000c0013025                AcpiExDataTableSpaceHandler
 .text          0x00000000c001308d      0x360 acpica/exresnte.32
                0x00000000c001308d                AcpiExResolveNodeToValue
 .text          0x00000000c00133ed      0x61b acpica/exresolv.32
                0x00000000c001362e                AcpiExResolveToValue
                0x00000000c00136ee                AcpiExResolveMultiple
 .text          0x00000000c0013a08      0x7cc acpica/exresop.32
                0x00000000c0013a95                AcpiExResolveOperands
 .text          0x00000000c00141d4      0x3a2 acpica/exserial.32
                0x00000000c00141d4                AcpiExReadGpio
                0x00000000c001421e                AcpiExWriteGpio
                0x00000000c0014282                AcpiExReadSerialBus
                0x00000000c00143da                AcpiExWriteSerialBus
 .text          0x00000000c0014576      0x588 acpica/exstore.32
                0x00000000c001478d                AcpiExStoreObjectToNode
                0x00000000c001497c                AcpiExStore
 .text          0x00000000c0014afe      0x296 acpica/exstoren.32
                0x00000000c0014afe                AcpiExResolveObject
                0x00000000c0014c1c                AcpiExStoreObjectToObject
 .text          0x00000000c0014d94      0x202 acpica/exstorob.32
                0x00000000c0014d94                AcpiExStoreBufferToBuffer
                0x00000000c0014e8b                AcpiExStoreStringToString
 .text          0x00000000c0014f96      0x206 acpica/exsystem.32
                0x00000000c0014f96                AcpiExSystemWaitSemaphore
                0x00000000c0014ff0                AcpiExSystemWaitMutex
                0x00000000c001504a                AcpiExSystemDoStall
                0x00000000c0015096                AcpiExSystemDoSleep
                0x00000000c00150ea                AcpiExSystemSignalEvent
                0x00000000c0015119                AcpiExSystemWaitEvent
                0x00000000c0015153                AcpiExSystemResetEvent
 .text          0x00000000c001519c      0x1ec acpica/extrace.32
                0x00000000c0015207                AcpiExTracePoint
                0x00000000c0015216                AcpiExStartTraceMethod
                0x00000000c00152cd                AcpiExStopTraceMethod
                0x00000000c0015358                AcpiExStartTraceOpcode
                0x00000000c0015370                AcpiExStopTraceOpcode
 .text          0x00000000c0015388      0x525 acpica/exutils.32
                0x00000000c0015388                AcpiExEnterInterpreter
                0x00000000c00153f2                AcpiExExitInterpreter
                0x00000000c001545c                AcpiExTruncateFor32bitTable
                0x00000000c00154c2                AcpiExAcquireGlobalLock
                0x00000000c0015519                AcpiExReleaseGlobalLock
                0x00000000c00155f1                AcpiExEisaIdToString
                0x00000000c0015712                AcpiExIntegerToString
                0x00000000c001578b                AcpiExPciClsToString
                0x00000000c0015880                AcpiIsValidSpaceId
 .text          0x00000000c00158ad      0x1ae acpica/hwacpi.32
                0x00000000c00158ad                AcpiHwGetMode
                0x00000000c0015909                AcpiHwSetMode
 .text          0x00000000c0015a5b      0x1d2 acpica/hwesleep.32
                0x00000000c0015a5b                AcpiHwExecuteSleepMethod
                0x00000000c0015ac7                AcpiHwExtendedSleep
                0x00000000c0015b8f                AcpiHwExtendedWakePrep
                0x00000000c0015bd2                AcpiHwExtendedWake
 .text          0x00000000c0015c2d      0x55c acpica/hwgpe.32
                0x00000000c0015c2d                AcpiHwGetGpeRegisterBit
                0x00000000c0015c57                AcpiHwLowSetGpe
                0x00000000c0015d8e                AcpiHwClearGpe
                0x00000000c0015ddc                AcpiHwGetGpeStatus
                0x00000000c0015f7f                AcpiHwDisableGpeBlock
                0x00000000c0015fdb                AcpiHwEnableRuntimeGpeBlock
                0x00000000c00160c8                AcpiHwClearGpeBlock
                0x00000000c0016129                AcpiHwDisableAllGpes
                0x00000000c0016149                AcpiHwEnableAllRuntimeGpes
                0x00000000c0016169                AcpiHwEnableAllWakeupGpes
 .text          0x00000000c0016189      0x338 acpica/hwpci.32
                0x00000000c0016467                AcpiHwDerivePciId
 .text          0x00000000c00164c1      0xbfa acpica/hwregs.32
                0x00000000c00166de                AcpiHwValidateRegister
                0x00000000c001681f                AcpiHwRead
                0x00000000c0016a15                AcpiHwWrite
                0x00000000c0016bc5                AcpiHwGetBitRegisterInfo
                0x00000000c0016bff                AcpiHwWritePm1Control
                0x00000000c0016d17                AcpiHwRegisterRead
                0x00000000c0016ec6                AcpiHwRegisterWrite
                0x00000000c001704e                AcpiHwClearAcpiStatus
 .text          0x00000000c00170bb      0x2a5 acpica/hwsleep.32
                0x00000000c00170bb                AcpiHwLegacySleep
                0x00000000c001722f                AcpiHwLegacyWakePrep
                0x00000000c00172cd                AcpiHwLegacyWake
 .text          0x00000000c0017360      0x120 acpica/hwtimer.32
                0x00000000c0017360                AcpiGetTimerResolution
                0x00000000c0017389                AcpiGetTimer
                0x00000000c00173d4                AcpiGetTimerDuration
 .text          0x00000000c0017480      0x331 acpica/hwvalid.32
                0x00000000c00175e9                AcpiHwReadPort
                0x00000000c00176db                AcpiHwWritePort
 .text          0x00000000c00177b1      0x47c acpica/hwxface.32
                0x00000000c00177b1                AcpiReset
                0x00000000c0017849                AcpiRead
                0x00000000c0017868                AcpiWrite
                0x00000000c0017896                AcpiReadBitRegister
                0x00000000c0017910                AcpiWriteBitRegister
                0x00000000c0017a30                AcpiGetSleepTypeData
 .text          0x00000000c0017c2d      0x1fa acpica/hwxfsleep.32
                0x00000000c0017c5e                AcpiSetFirmwareWakingVector
                0x00000000c0017c9d                AcpiEnterSleepStateS4bios
                0x00000000c0017d21                AcpiEnterSleepStatePrep
                0x00000000c0017dbb                AcpiEnterSleepState
                0x00000000c0017e09                AcpiLeaveSleepStatePrep
                0x00000000c0017e18                AcpiLeaveSleepState
 .text          0x00000000c0017e27      0x7cd acpica/nsaccess.32
                0x00000000c0017e27                AcpiNsRootInitialize
                0x00000000c001819e                AcpiNsLookup
 .text          0x00000000c00185f4      0x44a acpica/nsalloc.32
                0x00000000c00185f4                AcpiNsCreateNode
                0x00000000c0018630                AcpiNsDeleteNode
                0x00000000c00186cc                AcpiNsRemoveNode
                0x00000000c0018735                AcpiNsInstallNode
                0x00000000c00187e9                AcpiNsDeleteChildren
                0x00000000c001885d                AcpiNsDeleteNamespaceSubtree
                0x00000000c0018913                AcpiNsDeleteNamespaceByOwner
 .text          0x00000000c0018a3e      0x3ca acpica/nsarguments.32
                0x00000000c0018a3e                AcpiNsCheckArgumentTypes
                0x00000000c0018b46                AcpiNsCheckAcpiCompliance
                0x00000000c0018c99                AcpiNsCheckArgumentCount
 .text          0x00000000c0018e08      0x5e2 acpica/nsconvert.32
                0x00000000c0018e08                AcpiNsConvertToInteger
                0x00000000c0018f1f                AcpiNsConvertToString
                0x00000000c0019022                AcpiNsConvertToBuffer
                0x00000000c001917b                AcpiNsConvertToUnicode
                0x00000000c001923f                AcpiNsConvertToResource
                0x00000000c00192f3                AcpiNsConvertToReference
 .text          0x00000000c00193ea        0x0 acpica/nsdump.32
 .text          0x00000000c00193ea        0x0 acpica/nsdumpdv.32
 .text          0x00000000c00193ea      0x38e acpica/nseval.32
                0x00000000c00193ea                AcpiNsEvaluate
 .text          0x00000000c0019778      0x6b7 acpica/nsinit.32
                0x00000000c0019991                AcpiNsInitializeObjects
                0x00000000c00199f2                AcpiNsInitializeDevices
                0x00000000c0019bbc                AcpiNsInitOnePackage
 .text          0x00000000c0019e2f       0xdb acpica/nsload.32
                0x00000000c0019e2f                AcpiNsLoadTable
 .text          0x00000000c0019f0a      0x592 acpica/nsnames.32
                0x00000000c0019f0a                AcpiNsHandleToName
                0x00000000c0019f7d                AcpiNsBuildNormalizedPath
                0x00000000c001a0d6                AcpiNsGetPathnameLength
                0x00000000c001a12d                AcpiNsHandleToPathname
                0x00000000c001a1bb                AcpiNsGetNormalizedPathname
                0x00000000c001a23e                AcpiNsGetExternalPathname
                0x00000000c001a352                AcpiNsBuildPrefixedPathname
 .text          0x00000000c001a49c      0x45a acpica/nsobject.32
                0x00000000c001a49c                AcpiNsDetachObject
                0x00000000c001a588                AcpiNsAttachObject
                0x00000000c001a6f6                AcpiNsGetAttachedObject
                0x00000000c001a75e                AcpiNsGetSecondaryObject
                0x00000000c001a794                AcpiNsAttachData
                0x00000000c001a832                AcpiNsDetachData
                0x00000000c001a8aa                AcpiNsGetAttachedData
 .text          0x00000000c001a8f6      0x359 acpica/nsparse.32
                0x00000000c001a8f6                AcpiNsExecuteTable
                0x00000000c001aaa0                AcpiNsOneCompleteParse
                0x00000000c001ac30                AcpiNsParseTable
 .text          0x00000000c001ac4f      0x3b5 acpica/nspredef.32
                0x00000000c001ad1c                AcpiNsCheckObjectType
                0x00000000c001aeed                AcpiNsCheckReturnValue
 .text          0x00000000c001b004      0x9d3 acpica/nsprepkg.32
                0x00000000c001b54c                AcpiNsCheckPackage
 .text          0x00000000c001b9d7      0x47e acpica/nsrepair.32
                0x00000000c001ba3b                AcpiNsRepairNullElement
                0x00000000c001baf4                AcpiNsRemoveNullElements
                0x00000000c001bb88                AcpiNsWrapWithPackage
                0x00000000c001bbd6                AcpiNsSimpleRepair
 .text          0x00000000c001be55      0x9f8 acpica/nsrepair2.32
                0x00000000c001c235                AcpiNsComplexRepairs
 .text          0x00000000c001c84d      0x27a acpica/nssearch.32
                0x00000000c001c84d                AcpiNsSearchOneScope
                0x00000000c001c915                AcpiNsSearchAndEnter
 .text          0x00000000c001cac7      0x819 acpica/nsutils.32
                0x00000000c001cac7                AcpiNsPrintNodePathname
                0x00000000c001cb47                AcpiNsGetType
                0x00000000c001cb7f                AcpiNsLocal
                0x00000000c001cbcd                AcpiNsGetInternalNameLength
                0x00000000c001cca6                AcpiNsBuildInternalName
                0x00000000c001ce4d                AcpiNsInternalizeName
                0x00000000c001cee0                AcpiNsExternalizeName
                0x00000000c001d124                AcpiNsValidateHandle
                0x00000000c001d150                AcpiNsTerminate
                0x00000000c001d1a1                AcpiNsOpensScope
                0x00000000c001d1e0                AcpiNsGetNodeUnlocked
                0x00000000c001d296                AcpiNsGetNode
 .text          0x00000000c001d2e0      0x264 acpica/nswalk.32
                0x00000000c001d2e0                AcpiNsGetNextNode
                0x00000000c001d2f9                AcpiNsGetNextNodeTyped
                0x00000000c001d34e                AcpiNsWalkNamespace
 .text          0x00000000c001d544      0x94e acpica/nsxfeval.32
                0x00000000c001d7b0                AcpiEvaluateObject
                0x00000000c001da69                AcpiEvaluateObjectTyped
                0x00000000c001dbe1                AcpiWalkNamespace
                0x00000000c001dc9f                AcpiGetDevices
                0x00000000c001dd12                AcpiAttachData
                0x00000000c001dd95                AcpiDetachData
                0x00000000c001de0f                AcpiGetData
 .text          0x00000000c001de92      0x7f2 acpica/nsxfname.32
                0x00000000c001de92                AcpiGetHandle
                0x00000000c001df49                AcpiGetName
                0x00000000c001e029                AcpiGetObjectInfo
                0x00000000c001e440                AcpiInstallMethod
 .text          0x00000000c001e684      0x1f1 acpica/nsxfobj.32
                0x00000000c001e684                AcpiGetType
                0x00000000c001e716                AcpiGetParent
                0x00000000c001e7a4                AcpiGetNextObject
 .text          0x00000000c001e875      0xb9c acpica/psargs.32
                0x00000000c001e8f0                AcpiPsGetNextPackageEnd
                0x00000000c001e917                AcpiPsGetNextNamestring
                0x00000000c001e99d                AcpiPsGetNextNamepath
                0x00000000c001ebdf                AcpiPsGetNextSimpleArg
                0x00000000c001f0f1                AcpiPsGetNextArg
 .text          0x00000000c001f411      0x8ef acpica/psloop.32
                0x00000000c001f634                AcpiPsParseLoop
 .text          0x00000000c001fd00      0xb0d acpica/psobject.32
                0x00000000c001fe45                AcpiPsBuildNamedOp
                0x00000000c0020007                AcpiPsCreateOp
                0x00000000c0020266                AcpiPsCompleteOp
                0x00000000c002067e                AcpiPsCompleteFinalOp
 .text          0x00000000c002080d        0x0 acpica/psopcode.32
 .text          0x00000000c002080d       0x97 acpica/psopinfo.32
                0x00000000c002080d                AcpiPsGetOpcodeInfo
                0x00000000c0020877                AcpiPsGetOpcodeName
                0x00000000c002088b                AcpiPsGetArgumentCount
 .text          0x00000000c00208a4      0x936 acpica/psparse.32
                0x00000000c00208a4                AcpiPsGetOpcodeSize
                0x00000000c00208be                AcpiPsPeekOpcode
                0x00000000c0020900                AcpiPsCompleteThisOp
                0x00000000c0020c16                AcpiPsNextParseState
                0x00000000c0020d6e                AcpiPsParseAml
 .text          0x00000000c00211da      0x1f4 acpica/psscope.32
                0x00000000c00211da                AcpiPsGetParentScope
                0x00000000c00211e8                AcpiPsHasCompletedScope
                0x00000000c002121c                AcpiPsInitScope
                0x00000000c0021282                AcpiPsPushScope
                0x00000000c0021305                AcpiPsPopScope
                0x00000000c002138d                AcpiPsCleanupScope
 .text          0x00000000c00213ce      0x218 acpica/pstree.32
                0x00000000c00213ce                AcpiPsGetArg
                0x00000000c0021446                AcpiPsAppendArg
                0x00000000c002151c                AcpiPsGetDepthNext
 .text          0x00000000c00215e6      0x1cc acpica/psutils.32
                0x00000000c00215e6                AcpiPsInitOp
                0x00000000c0021607                AcpiPsAllocOp
                0x00000000c00216d1                AcpiPsCreateScopeOp
                0x00000000c0021706                AcpiPsFreeOp
                0x00000000c0021749                AcpiPsIsLeadingChar
                0x00000000c002176f                AcpiPsGetName
                0x00000000c0021791                AcpiPsSetName
 .text          0x00000000c00217b2       0x99 acpica/pswalk.32
                0x00000000c00217b2                AcpiPsDeleteParseTree
 .text          0x00000000c002184b      0x4a2 acpica/psxface.32
                0x00000000c002184b                AcpiDebugTrace
                0x00000000c00218a5                AcpiPsExecuteTable
                0x00000000c0021a80                AcpiPsExecuteMethod
 .text          0x00000000c0021ced       0xf7 acpica/rsaddr.32
                0x00000000c0021ced                AcpiRsGetAddressCommon
                0x00000000c0021d75                AcpiRsSetAddressCommon
 .text          0x00000000c0021de4      0x7f5 acpica/rscalc.32
                0x00000000c0021e5a                AcpiRsGetAmlLength
                0x00000000c0022114                AcpiRsGetListLength
                0x00000000c00224b0                AcpiRsGetPciRoutingTableLength
 .text          0x00000000c00225d9      0x567 acpica/rscreate.32
                0x00000000c00225d9                AcpiBufferToResource
                0x00000000c0022694                AcpiRsCreateResourceList
                0x00000000c0022730                AcpiRsCreatePciRoutingTable
                0x00000000c0022ab7                AcpiRsCreateAmlResources
 .text          0x00000000c0022b40        0x0 acpica/rsdump.32
 .text          0x00000000c0022b40        0x0 acpica/rsdumpinfo.32
 .text          0x00000000c0022b40        0x0 acpica/rsinfo.32
 .text          0x00000000c0022b40        0x0 acpica/rsio.32
 .text          0x00000000c0022b40        0x0 acpica/rsirq.32
 .text          0x00000000c0022b40      0x2a0 acpica/rslist.32
                0x00000000c0022b40                AcpiRsConvertAmlToResources
                0x00000000c0022c54                AcpiRsConvertResourcesToAml
 .text          0x00000000c0022de0        0x0 acpica/rsmemory.32
 .text          0x00000000c0022de0      0xd8c acpica/rsmisc.32
                0x00000000c0022de0                AcpiRsConvertAmlToResource
                0x00000000c002356b                AcpiRsConvertResourceToAml
 .text          0x00000000c0023b6c        0x0 acpica/rsserial.32
 .text          0x00000000c0023b6c      0x61c acpica/rsutils.32
                0x00000000c0023b6c                AcpiRsDecodeBitmask
                0x00000000c0023bba                AcpiRsEncodeBitmask
                0x00000000c0023c0b                AcpiRsMoveData
                0x00000000c0023ce3                AcpiRsSetResourceLength
                0x00000000c0023d3b                AcpiRsSetResourceHeader
                0x00000000c0023db2                AcpiRsGetResourceSource
                0x00000000c0023e8b                AcpiRsSetResourceSource
                0x00000000c0023ef0                AcpiRsGetPrtMethodData
                0x00000000c0023f43                AcpiRsGetCrsMethodData
                0x00000000c0023f96                AcpiRsGetPrsMethodData
                0x00000000c0023fe9                AcpiRsGetAeiMethodData
                0x00000000c002403c                AcpiRsGetMethodData
                0x00000000c002408d                AcpiRsSetSrsMethodData
 .text          0x00000000c0024188      0x698 acpica/rsxface.32
                0x00000000c00242c7                AcpiGetIrqRoutingTable
                0x00000000c002430a                AcpiGetCurrentResources
                0x00000000c002434d                AcpiGetPossibleResources
                0x00000000c0024390                AcpiSetCurrentResources
                0x00000000c00243f3                AcpiGetEventResources
                0x00000000c0024436                AcpiResourceToAddress64
                0x00000000c0024657                AcpiWalkResourceBuffer
                0x00000000c0024715                AcpiWalkResources
                0x00000000c00247ca                AcpiGetVendorResource
 .text          0x00000000c0024820      0xd8f acpica/tbdata.32
                0x00000000c0024820                AcpiTbInitTableDescriptor
                0x00000000c002487f                AcpiTbAcquireTable
                0x00000000c0024907                AcpiTbReleaseTable
                0x00000000c00249e3                AcpiTbAcquireTempTable
                0x00000000c0024aaa                AcpiTbValidateTable
                0x00000000c0024afa                AcpiTbInvalidateTable
                0x00000000c0024b3d                AcpiTbReleaseTempTable
                0x00000000c0024b54                AcpiTbValidateTempTable
                0x00000000c0024c39                AcpiTbVerifyTempTable
                0x00000000c0024dff                AcpiTbResizeRootTableList
                0x00000000c0024fb1                AcpiTbGetNextTableDescriptor
                0x00000000c002502e                AcpiTbTerminate
                0x00000000c00250ce                AcpiTbDeleteNamespaceByOwner
                0x00000000c0025187                AcpiTbAllocateOwnerId
                0x00000000c00251ef                AcpiTbReleaseOwnerId
                0x00000000c002525b                AcpiTbGetOwnerId
                0x00000000c00252c1                AcpiTbIsTableLoaded
                0x00000000c0025325                AcpiTbSetTableLoadedFlag
                0x00000000c00253f1                AcpiTbNotifyTable
                0x00000000c002541d                AcpiTbLoadTable
                0x00000000c00254a6                AcpiTbInstallAndLoadTable
                0x00000000c002551b                AcpiTbUnloadTable
 .text          0x00000000c00255af      0x8f3 acpica/tbfadt.32
                0x00000000c0025cd1                AcpiTbCreateLocalFadt
                0x00000000c0025d74                AcpiTbParseFadt
 .text          0x00000000c0025ea2      0x27a acpica/tbfind.32
                0x00000000c0025ea2                AcpiTbFindTable
 .text          0x00000000c002611c      0x47b acpica/tbinstal.32
                0x00000000c002611c                AcpiTbUninstallTable
                0x00000000c0026189                AcpiTbOverrideTable
                0x00000000c002630f                AcpiTbInstallTableWithOverride
                0x00000000c00263ef                AcpiTbInstallStandardTable
 .text          0x00000000c0026597      0x2ae acpica/tbprint.32
                0x00000000c002663b                AcpiTbPrintTableHeader
                0x00000000c0026793                AcpiTbChecksum
                0x00000000c00267c5                AcpiTbVerifyChecksum
 .text          0x00000000c0026845      0x609 acpica/tbutils.32
                0x00000000c0026845                AcpiTbInitializeFacs
                0x00000000c00268e9                AcpiTbCheckDsdtHeader
                0x00000000c0026973                AcpiTbCopyDsdt
                0x00000000c0026ad8                AcpiTbParseRootTable
                0x00000000c0026d6a                AcpiTbGetTable
                0x00000000c0026de9                AcpiTbPutTable
 .text          0x00000000c0026e4e      0x62b acpica/tbxface.32
                0x00000000c0026e4e                AcpiAllocateRootTable
                0x00000000c0026e6a                AcpiInitializeTables
                0x00000000c0026f34                AcpiReallocateRootTable
                0x00000000c002707e                AcpiGetTableHeader
                0x00000000c00271fe                AcpiGetTable
                0x00000000c00272bf                AcpiPutTable
                0x00000000c0027341                AcpiGetTableByIndex
                0x00000000c00273c1                AcpiInstallTableHandler
                0x00000000c0027423                AcpiRemoveTableHandler
 .text          0x00000000c0027479      0x519 acpica/tbxfload.32
                0x00000000c0027479                AcpiTbLoadNamespace
                0x00000000c002771b                AcpiLoadTables
                0x00000000c00277a0                AcpiInstallTable
                0x00000000c00277f0                AcpiLoadTable
                0x00000000c0027851                AcpiUnloadParentTable
                0x00000000c0027969                AcpiUnloadTable
 .text          0x00000000c0027992      0x2e0 acpica/tbxfroot.32
                0x00000000c0027992                AcpiTbGetRsdpLength
                0x00000000c00279d2                AcpiTbValidateRsdp
                0x00000000c0027a40                AcpiTbScanMemoryForRsdp
                0x00000000c0027a88                AcpiFindRootPointer
 .text          0x00000000c0027c72      0x31c acpica/utaddress.32
                0x00000000c0027c72                AcpiUtAddAddressRange
                0x00000000c0027d1c                AcpiUtRemoveAddressRange
                0x00000000c0027da3                AcpiUtCheckAddressRange
                0x00000000c0027f34                AcpiUtDeleteAddressLists
 .text          0x00000000c0027f8e      0x28d acpica/utalloc.32
                0x00000000c0027f8e                AcpiOsAllocateZeroed
                0x00000000c0027fc3                AcpiUtCreateCaches
                0x00000000c0028087                AcpiUtDeleteCaches
                0x00000000c002811b                AcpiUtValidateBuffer
                0x00000000c0028167                AcpiUtInitializeBuffer
 .text          0x00000000c002821b       0xeb acpica/utascii.32
                0x00000000c002821b                AcpiUtValidNameChar
                0x00000000c002825d                AcpiUtValidNameseg
                0x00000000c002829d                AcpiUtCheckAndRepairAscii
 .text          0x00000000c0028306      0x2b9 acpica/utbuffer.32
                0x00000000c0028306                AcpiUtDumpBuffer
                0x00000000c0028587                AcpiUtDebugDumpBuffer
 .text          0x00000000c00285bf      0x2d4 acpica/utcache.32
                0x00000000c00285bf                AcpiOsCreateCache
                0x00000000c0028647                AcpiOsPurgeCache
                0x00000000c00286c7                AcpiOsDeleteCache
                0x00000000c00286fe                AcpiOsReleaseObject
                0x00000000c00287b1                AcpiOsAcquireObject
 .text          0x00000000c0028893      0x6ff acpica/utclib.32
                0x00000000c0028893                memcmp
                0x00000000c00288eb                memmove
                0x00000000c0028958                memcpy
                0x00000000c00289cf                memset
                0x00000000c00289f8                strlen
                0x00000000c0028a1b                strpbrk
                0x00000000c0028a5d                strtok
                0x00000000c0028aeb                strcpy
                0x00000000c0028b1d                strncpy
                0x00000000c0028b71                strcmp
                0x00000000c0028bb3                strchr
                0x00000000c0028bdc                strncmp
                0x00000000c0028c38                strcat
                0x00000000c0028c79                strncat
                0x00000000c0028cd5                strstr
                0x00000000c0028d28                toupper
                0x00000000c0028d4e                tolower
                0x00000000c0028d74                simple_strtoul
 .text          0x00000000c0028f92      0xaf8 acpica/utcopy.32
                0x00000000c00292ef                AcpiUtCopyIobjectToEobject
                0x00000000c0029521                AcpiUtCopyEobjectToIobject
                0x00000000c00299ef                AcpiUtCopyIobjectToIobject
 .text          0x00000000c0029a8a        0x0 acpica/utdebug.32
 .text          0x00000000c0029a8a      0x1db acpica/utdecode.32
                0x00000000c0029a8a                AcpiUtGetRegionName
                0x00000000c0029ad8                AcpiUtGetEventName
                0x00000000c0029af4                AcpiUtGetTypeName
                0x00000000c0029b10                AcpiUtGetObjectTypeName
                0x00000000c0029b55                AcpiUtGetNodeName
                0x00000000c0029bb0                AcpiUtGetDescriptorName
                0x00000000c0029be3                AcpiUtGetReferenceName
                0x00000000c0029c38                AcpiUtGetMutexName
                0x00000000c0029c54                AcpiUtValidObjectType
 .text          0x00000000c0029c65      0x83c acpica/utdelete.32
                0x00000000c0029c65                AcpiUtRemoveReference
                0x00000000c002a19c                AcpiUtUpdateObjectReference
                0x00000000c002a433                AcpiUtAddReference
                0x00000000c002a464                AcpiUtDeleteInternalObjectList
 .text          0x00000000c002a4a1      0x28c acpica/uterror.32
                0x00000000c002a4a1                AcpiUtPredefinedWarning
                0x00000000c002a501                AcpiUtPredefinedInfo
                0x00000000c002a561                AcpiUtPredefinedBiosError
                0x00000000c002a5c1                AcpiUtPrefixedNamespaceError
                0x00000000c002a692                AcpiUtMethodError
 .text          0x00000000c002a72d      0x323 acpica/uteval.32
                0x00000000c002a72d                AcpiUtEvaluateObject
                0x00000000c002a908                AcpiUtEvaluateNumericObject
                0x00000000c002a955                AcpiUtExecute_STA
                0x00000000c002a9b9                AcpiUtExecutePowerMethods
 .text          0x00000000c002aa50      0x124 acpica/utexcep.32
                0x00000000c002aa50                AcpiUtValidateException
                0x00000000c002ab32                AcpiFormatException
 .text          0x00000000c002ab74        0x0 acpica/utglobal.32
 .text          0x00000000c002ab74       0xea acpica/uthex.32
                0x00000000c002ab74                AcpiUtHexToAsciiChar
                0x00000000c002abc0                AcpiUtAsciiCharToHex
                0x00000000c002abe7                AcpiUtAsciiToHexByte
 .text          0x00000000c002ac5e      0x4eb acpica/utids.32
                0x00000000c002ac5e                AcpiUtExecute_HID
                0x00000000c002ad3e                AcpiUtExecute_UID
                0x00000000c002ae1e                AcpiUtExecute_CID
                0x00000000c002b017                AcpiUtExecute_CLS
 .text          0x00000000c002b149      0x344 acpica/utinit.32
                0x00000000c002b1d1                AcpiUtInitGlobals
                0x00000000c002b430                AcpiUtSubsystemShutdown
 .text          0x00000000c002b48d      0x1c7 acpica/utlock.32
                0x00000000c002b48d                AcpiUtCreateRwLock
                0x00000000c002b4dc                AcpiUtDeleteRwLock
                0x00000000c002b525                AcpiUtAcquireReadLock
                0x00000000c002b5a0                AcpiUtReleaseReadLock
                0x00000000c002b612                AcpiUtAcquireWriteLock
                0x00000000c002b638                AcpiUtReleaseWriteLock
 .text          0x00000000c002b654      0x210 acpica/utmath.32
                0x00000000c002b654                AcpiUtShortMultiply
                0x00000000c002b69f                AcpiUtShortShiftLeft
                0x00000000c002b6e8                AcpiUtShortShiftRight
                0x00000000c002b731                AcpiUtShortDivide
                0x00000000c002b7c2                AcpiUtDivide
 .text          0x00000000c002b864      0x2ca acpica/utmisc.32
                0x00000000c002b864                AcpiUtIsPciRootBridge
                0x00000000c002b8a0                AcpiUtDwordByteSwap
                0x00000000c002b8c9                AcpiUtSetIntegerWidth
                0x00000000c002b90a                AcpiUtCreateUpdateStateAndPush
                0x00000000c002b95f                AcpiUtWalkPackageTree
 .text          0x00000000c002bb2e      0x371 acpica/utmutex.32
                0x00000000c002bb99                AcpiUtMutexInitialize
                0x00000000c002bcbb                AcpiUtMutexTerminate
                0x00000000c002bd38                AcpiUtAcquireMutex
                0x00000000c002bdf3                AcpiUtReleaseMutex
 .text          0x00000000c002be9f       0xd0 acpica/utnonansi.32
                0x00000000c002be9f                AcpiUtStrlwr
                0x00000000c002bedf                AcpiUtStrupr
                0x00000000c002bf1f                AcpiUtStricmp
 .text          0x00000000c002bf6f      0x5ff acpica/utobject.32
                0x00000000c002bf6f                AcpiUtValidInternalObject
                0x00000000c002bf93                AcpiUtAllocateObjectDescDbg
                0x00000000c002bfdc                AcpiUtDeleteObjectDesc
                0x00000000c002c031                AcpiUtCreateInternalObjectDbg
                0x00000000c002c0d3                AcpiUtCreatePackageObject
                0x00000000c002c147                AcpiUtCreateIntegerObject
                0x00000000c002c193                AcpiUtCreateBufferObject
                0x00000000c002c23a                AcpiUtCreateStringObject
                0x00000000c002c525                AcpiUtGetObjectSize
 .text          0x00000000c002c56e      0x4f3 acpica/utosi.32
                0x00000000c002c56e                AcpiUtInitializeInterfaces
                0x00000000c002c5f8                AcpiUtInterfaceTerminate
                0x00000000c002c6c9                AcpiUtInstallInterface
                0x00000000c002c762                AcpiUtRemoveInterface
                0x00000000c002c838                AcpiUtUpdateInterfaces
                0x00000000c002c8c9                AcpiUtGetInterface
                0x00000000c002c90c                AcpiUtOsiImplementation
 .text          0x00000000c002ca61      0x246 acpica/utownerid.32
                0x00000000c002ca61                AcpiUtAllocateOwnerId
                0x00000000c002cbc5                AcpiUtReleaseOwnerId
 .text          0x00000000c002cca7       0xfd acpica/utpredef.32
                0x00000000c002cca7                AcpiUtGetNextPredefinedMethod
                0x00000000c002ccd1                AcpiUtMatchPredefinedMethod
                0x00000000c002cd24                AcpiUtGetExpectedReturnTypes
 .text          0x00000000c002cda4      0x9ed acpica/utprint.32
                0x00000000c002cece                AcpiUtScanNumber
                0x00000000c002cf51                AcpiUtPrintNumber
                0x00000000c002d227                vsnprintf
                0x00000000c002d740                snprintf
                0x00000000c002d769                sprintf
 .text          0x00000000c002d791        0x0 acpica/utresdecode.32
 .text          0x00000000c002d791      0x3ad acpica/utresrc.32
                0x00000000c002d791                AcpiUtGetResourceType
                0x00000000c002d7ae                AcpiUtGetResourceLength
                0x00000000c002d7e1                AcpiUtValidateResource
                0x00000000c002d974                AcpiUtGetResourceHeaderLength
                0x00000000c002d988                AcpiUtGetDescriptorLength
                0x00000000c002d9b5                AcpiUtWalkAmlResources
                0x00000000c002daf4                AcpiUtGetResourceEndTag
 .text          0x00000000c002db3e      0x1ce acpica/utstate.32
                0x00000000c002db3e                AcpiUtPushGenericState
                0x00000000c002db56                AcpiUtPopGenericState
                0x00000000c002db79                AcpiUtCreateGenericState
                0x00000000c002dba5                AcpiUtCreateThreadState
                0x00000000c002dc2b                AcpiUtCreateUpdateState
                0x00000000c002dc6c                AcpiUtCreatePkgState
                0x00000000c002dcb8                AcpiUtCreateControlState
                0x00000000c002dce8                AcpiUtDeleteGenericState
 .text          0x00000000c002dd0c      0x264 acpica/utstring.32
                0x00000000c002dd0c                AcpiUtPrintString
                0x00000000c002ded5                AcpiUtRepairName
 .text          0x00000000c002df70      0x425 acpica/utstrsuppt.32
                0x00000000c002df70                AcpiUtRemoveLeadingZeros
                0x00000000c002df96                AcpiUtRemoveWhitespace
                0x00000000c002dfcb                AcpiUtRemoveHexPrefix
                0x00000000c002e008                AcpiUtDetectHexPrefix
                0x00000000c002e036                AcpiUtDetectOctalPrefix
                0x00000000c002e21b                AcpiUtConvertOctalString
                0x00000000c002e295                AcpiUtConvertDecimalString
                0x00000000c002e318                AcpiUtConvertHexString
 .text          0x00000000c002e395      0x238 acpica/utstrtoul64.32
                0x00000000c002e395                AcpiUtStrtoul64
                0x00000000c002e4a7                AcpiUtImplicitStrtoul64
                0x00000000c002e523                AcpiUtExplicitStrtoul64
 .text          0x00000000c002e5cd        0x0 acpica/uttrack.32
 .text          0x00000000c002e5cd        0x0 acpica/utuuid.32
 .text          0x00000000c002e5cd      0x641 acpica/utxface.32
                0x00000000c002e5cd                AcpiTerminate
                0x00000000c002e5ea                AcpiSubsystemStatus
                0x00000000c002e602                AcpiGetSystemInfo
                0x00000000c002e6b8                AcpiGetStatistics
                0x00000000c002e70e                AcpiInstallInitializationHandler
                0x00000000c002e73d                AcpiPurgeCachedObjects
                0x00000000c002e78e                AcpiInstallInterface
                0x00000000c002e84f                AcpiRemoveInterface
                0x00000000c002e8c3                AcpiInstallInterfaceHandler
                0x00000000c002e927                AcpiUpdateInterfaces
                0x00000000c002e984                AcpiCheckAddressRange
                0x00000000c002e9f4                AcpiDecodePldBuffer
 .text          0x00000000c002ec0e      0x245 acpica/utxferror.32
                0x00000000c002ec0e                AcpiError
                0x00000000c002ec57                AcpiException
                0x00000000c002ecc7                AcpiWarning
                0x00000000c002ed10                AcpiInfo
                0x00000000c002ed51                AcpiBiosError
                0x00000000c002ed9a                AcpiBiosException
                0x00000000c002ee0a                AcpiBiosWarning
 .text          0x00000000c002ee53      0x218 acpica/utxfinit.32
                0x00000000c002ee53                AcpiInitializeSubsystem
                0x00000000c002ef51                AcpiEnableSubsystem
                0x00000000c002f01c                AcpiInitializeObjects
 .text          0x00000000c002f06b      0x129 acpica/utxfmutex.32
                0x00000000c002f0ff                AcpiAcquireMutex
                0x00000000c002f150                AcpiReleaseMutex
 .text          0x00000000c002f194      0xf4f core/malloc.32
                0x00000000c002f305                dlfree
                0x00000000c002f3f5                dlmalloc
                0x00000000c002fb42                dlrealloc
                0x00000000c002fcf7                dlmemalign
                0x00000000c002fe1a                dlcalloc
                0x00000000c002feb4                dlcfree
                0x00000000c002feb9                dlindependent_calloc
                0x00000000c002fede                dlindependent_comalloc
                0x00000000c002fef5                dlvalloc
                0x00000000c002ff1b                dlpvalloc
                0x00000000c002ff4c                dlmalloc_trim
                0x00000000c002ff54                dlmalloc_usable_size
                0x00000000c002ff85                dlmallinfo
                0x00000000c003004d                dlmalloc_stats
                0x00000000c003005e                dlmallopt
 .text          0x00000000c00300e3        0x0 libk/string.32
 .text          0x00000000c00300e3       0x51 fs/fat/diskio.32
                0x00000000c00300e3                disk_status
                0x00000000c00300e6                disk_initialize
                0x00000000c00300e9                disk_read
                0x00000000c00300ff                disk_write
                0x00000000c0030115                disk_ioctl
 .text          0x00000000c0030134     0x66ce fs/fat/ff.32
                0x00000000c0032dda                f_mount
                0x00000000c0032e3c                f_open
                0x00000000c0033292                f_read
                0x00000000c00334e4                f_write
                0x00000000c0033773                f_sync
                0x00000000c0033978                f_close
                0x00000000c00339a7                f_lseek
                0x00000000c0033e85                f_opendir
                0x00000000c0033f87                f_closedir
                0x00000000c0033fa9                f_readdir
                0x00000000c0034044                f_stat
                0x00000000c00340d3                f_getfree
                0x00000000c003428e                f_truncate
                0x00000000c0034386                f_unlink
                0x00000000c0034509                f_mkdir
                0x00000000c0034717                f_rename
                0x00000000c00349f3                f_chmod
                0x00000000c0034ad1                f_utime
                0x00000000c0034baf                f_getlabel
                0x00000000c0034d4e                f_setlabel
                0x00000000c0034f9e                f_forward
                0x00000000c0035175                f_mkfs
 .text          0x00000000c0036802        0xa fs/fat/ffsystem.32
                0x00000000c0036802                ff_memalloc
                0x00000000c0036807                ff_memfree
 .text          0x00000000c003680c      0x147 fs/fat/ffunicode.32
                0x00000000c003680c                ff_uni2oem
                0x00000000c0036856                ff_oem2uni
                0x00000000c0036883                ff_wtoupper
 .text          0x00000000c0036953      0x71d hal/libresample/samplerate.32
                0x00000000c0036953                src_delete
                0x00000000c003698f                src_process
                0x00000000c0036ad8                src_callback_read
                0x00000000c0036c61                src_set_ratio
                0x00000000c0036cc1                src_get_channels
                0x00000000c0036ce3                src_reset
                0x00000000c0036d27                src_new
                0x00000000c0036dec                src_callback_new
                0x00000000c0036e4e                src_get_name
                0x00000000c0036e85                src_get_description
                0x00000000c0036ebc                src_get_version
                0x00000000c0036ec2                src_is_valid_ratio
                0x00000000c0036eea                src_error
                0x00000000c0036ef8                src_strerror
                0x00000000c0036f0b                src_simple
                0x00000000c0036f5e                src_short_to_float_array
                0x00000000c0036f84                src_float_to_short_array
                0x00000000c0036fe8                src_int_to_float_array
                0x00000000c003700e                src_float_to_int_array
 .text          0x00000000c0037070      0x3c9 hal/libresample/src_linear.32
                0x00000000c0037394                linear_get_name
                0x00000000c00373a3                linear_get_description
                0x00000000c00373b2                linear_set_converter
 .text          0x00000000c0037439     0x1a92 hal/libresample/src_sinc.32
                0x00000000c0038cdb                sinc_get_name
                0x00000000c0038cee                sinc_get_description
                0x00000000c0038d01                sinc_set_converter
 .text          0x00000000c0038ecb      0x397 hal/libresample/src_zoh.32
                0x00000000c00391bd                zoh_get_name
                0x00000000c00391cc                zoh_get_description
                0x00000000c00391db                zoh_set_converter
 .text          0x00000000c0039262      0xa5c acpica/osl.32
                0x00000000c0039262                Subhandler
                0x00000000c003926f                isalnum
                0x00000000c0039295                isalpha
                0x00000000c00392a9                isblank
                0x00000000c00392c1                iscntrl
                0x00000000c00392d9                isdigit
                0x00000000c00392ea                islower
                0x00000000c00392fb                ispunct
                0x00000000c0039334                isgraph
                0x00000000c0039363                isprint
                0x00000000c0039381                isspace
                0x00000000c00393a2                isupper
                0x00000000c00393b3                isxdigit
                0x00000000c00393d5                AcpiOsInitialize
                0x00000000c00393d8                AcpiOsTerminate
                0x00000000c00393db                AcpiOsGetRootPointer
                0x00000000c0039404                AcpiOsPredefinedOverride
                0x00000000c0039423                AcpiOsTableOverride
                0x00000000c0039430                AcpiOsPhysicalTableOverride
                0x00000000c0039444                AcpiOsReadPort
                0x00000000c0039486                AcpiOsWritePort
                0x00000000c00394b4                AcpiOsGetTimer
                0x00000000c00394d0                AcpiOsWaitEventsComplete
                0x00000000c00394e1                AcpiOsReadPciConfiguration
                0x00000000c0039552                AcpiOsWritePciConfiguration
                0x00000000c00395cd                AcpiOsSignal
                0x00000000c00395fc                AcpiOsReadMemory
                0x00000000c0039680                AcpiOsEnterSleep
                0x00000000c0039683                AcpiOsWriteMemory
                0x00000000c00396e4                AcpiOsMapMemory
                0x00000000c00397a0                AcpiOsUnmapMemory
                0x00000000c00397a1                AcpiOsGetPhysicalAddress
                0x00000000c00397c9                AcpiOsAllocate
                0x00000000c00397ce                AcpiOsFree
                0x00000000c00397d3                AcpiOsReadable
                0x00000000c00397e6                AcpiOsWritable
                0x00000000c00397f9                AcpiOsGetThreadId
                0x00000000c0039801                AcpiOsExecute
                0x00000000c0039814                AcpiOsSleep
                0x00000000c0039834                AcpiOsStall
                0x00000000c0039881                AcpiOsCreateSemaphore
                0x00000000c00398ae                AcpiOsDeleteSemaphore
                0x00000000c00398c2                AcpiOsWaitSemaphore
                0x00000000c003994c                AcpiOsSignalSemaphore
                0x00000000c0039972                AcpiOsCreateLock
                0x00000000c003998e                AcpiOsDeleteLock
                0x00000000c003998f                AcpiOsAcquireLock
                0x00000000c0039994                AcpiOsReleaseLock
                0x00000000c0039999                AcpiOsInstallInterruptHandler
                0x00000000c00399d9                AcpiOsRemoveInterruptHandler
                0x00000000c00399ec                __i__int_str
                0x00000000c0039c4b                __i_displayCharacter
                0x00000000c0039c6a                __i_displayString
                0x00000000c0039cb9                __i_internal_printf
                0x00000000c0039cbc                AcpiOsVprintf
                0x00000000c0039cbd                AcpiOsPrintf
 .text          0x00000000c0039cbe      0x65d core/computer.32
                0x00000000c0039cbe                Computer::close(int, int, void*)
                0x00000000c0039d02                Computer::Computer()
                0x00000000c0039d02                Computer::Computer()
                0x00000000c0039d90                Computer::setBootMessage(char const*)
                0x00000000c0039d92                Computer::start()
                0x00000000c0039eff                firstTask()
                0x00000000c0039f0e                Computer::detectFeatures()
                0x00000000c003a0e8                Computer::open(int, int, void*)
                0x00000000c003a1b0                Computer::displayFeatures()
                0x00000000c003a1b2                Computer::rdmsr(unsigned int)
                0x00000000c003a1de                Computer::wrmsr(unsigned int, unsigned long long)
                0x00000000c003a216                Computer::nmiEnabled()
                0x00000000c003a222                Computer::enableNMI(bool)
                0x00000000c003a240                Computer::disableNMI()
                0x00000000c003a252                Computer::readCMOS(unsigned char)
                0x00000000c003a26c                Computer::writeCMOS(unsigned char, unsigned char)
                0x00000000c003a28a                Computer::handleNMI()
                0x00000000c003a2f0                Computer::setDiskActivityLight(int, bool)
 .text          0x00000000c003a31b      0xe6e core/elf.32
                0x00000000c003a31b                allocateMemoryForTask(Process*, File*, unsigned long, unsigned long, unsigned long)
                0x00000000c003a5a5                loadProgramIntoMemory(Process*, char const*)
                0x00000000c003a7ca                runtimeReferenceHelper()
                0x00000000c003a7dd                getAddressOfKernelSymbol(char const*)
                0x00000000c003a82c                loadKernelSymbolTable(char const*)
                0x00000000c003aaf0                loadDriverIntoMemory(char const*, unsigned long)
                0x00000000c003b0b2                loadDLL(char const*)
                0x00000000c003b17b                executeDLL(unsigned long, void*)
 *fill*         0x00000000c003b189        0x1 
 .text          0x00000000c003b18a      0x117 core/gdt.32
                0x00000000c003b18a                GDTEntry::setBase(unsigned int)
                0x00000000c003b1a6                GDTEntry::setLimit(unsigned int)
                0x00000000c003b1c4                GDT::GDT()
                0x00000000c003b1c4                GDT::GDT()
                0x00000000c003b1d0                GDT::addEntry(GDTEntry)
                0x00000000c003b20c                GDT::getNumberOfEntries()
                0x00000000c003b214                GDT::flush()
                0x00000000c003b236                GDT::setup()
 .text          0x00000000c003b2a1       0x75 core/idle.32
                0x00000000c003b2a1                idleFunction(void*)
 .text          0x00000000c003b316      0x427 core/idt.32
                0x00000000c003b316                IDTEntry::IDTEntry(bool)
                0x00000000c003b316                IDTEntry::IDTEntry(bool)
                0x00000000c003b342                IDTEntry::setOffset(unsigned int)
                0x00000000c003b356                IDT::IDT()
                0x00000000c003b356                IDT::IDT()
                0x00000000c003b358                IDT::getPointerToInvalidOpcodeEntryForF00F()
                0x00000000c003b360                IDT::addEntry(IDTEntry, int)
                0x00000000c003b37a                IDT::addEntry(int, void (*)(), bool)
                0x00000000c003b3bc                IDT::flush()
                0x00000000c003b3d6                IDT::setup()
 .text          0x00000000c003b73d      0x665 core/kconsole.32
                0x00000000c003b73d                stringifyxWithBase(unsigned int, char*, int)
                0x00000000c003b79e                logc(char)
                0x00000000c003b7b5                logs(char*)
                0x00000000c003b7e3                logWriteInt(unsigned int)
                0x00000000c003b874                logWriteIntBase(unsigned int, int)
                0x00000000c003b8fa                kprintf(char const*, ...)
                0x00000000c003ba58                panic(char const*)
 .text          0x00000000c003bda2      0x1e4 core/kheap.32
                0x00000000c003bda2                sbrk
                0x00000000c003be91                mmap
                0x00000000c003bea7                munmap
                0x00000000c003bebd                liballoc_lock()
                0x00000000c003bece                liballoc_unlock()
                0x00000000c003bedf                liballoc_alloc(int)
                0x00000000c003befa                liballoc_free(void*, int)
                0x00000000c003bf18                realloc
                0x00000000c003bf2c                malloc
                0x00000000c003bf3c                free
                0x00000000c003bf4c                rfree
                0x00000000c003bf5c                calloc
 .text          0x00000000c003bf86      0x3d8 core/main.32
                0x00000000c003bf86                hwTextMode_loadInData(VgaText*)
                0x00000000c003bfcb                hwTextMode_loadInTitle(VgaText*, char*)
                0x00000000c003c00d                hwTextMode_update(VgaText*)
                0x00000000c003c00e                hwTextMode_updateCursor(VgaText*)
                0x00000000c003c056                hwTextMode_scrollScreen(VgaText*)
                0x00000000c003c0dc                hwTextMode_writeCharacter(VgaText*, char, VgaColour, VgaColour, int, int)
                0x00000000c003c13a                hwTextMode_showCursor(VgaText*, bool)
                0x00000000c003c18e                hwTextMode_disableBlink(VgaText*, bool)
                0x00000000c003c1ca                setupTextMode()
                0x00000000c003c21b                kernel_main
 .text          0x00000000c003c35e      0x510 core/physmgr.32
                0x00000000c003c35e                PhysMem::allocateDMA(unsigned long)
                0x00000000c003c401                PhysMem::freeDMA(unsigned long, unsigned long)
                0x00000000c003c449                PhysMem::setPageState(unsigned long, bool)
                0x00000000c003c47b                PhysMem::getPageState(unsigned long)
                0x00000000c003c497                PhysMem::freePage(unsigned long)
                0x00000000c003c543                PhysMem::allocatePage()
                0x00000000c003c621                PhysMem::allowSegmentToBeUsed(unsigned long, unsigned long)
                0x00000000c003c66c                PhysMem::physicalMemorySetup(unsigned int)
 .text          0x00000000c003c86e      0x235 core/pipe.32
                0x00000000c003c86e                Pipe::isAtty()
                0x00000000c003c872                Pipe::~Pipe()
                0x00000000c003c872                Pipe::~Pipe()
                0x00000000c003c882                Pipe::~Pipe()
                0x00000000c003c8a6                Pipe::read(unsigned long long, void*, int*)
                0x00000000c003c99a                Pipe::write(unsigned long long, void*, int*)
                0x00000000c003ca62                Pipe::Pipe(int)
                0x00000000c003ca62                Pipe::Pipe(int)
 *fill*         0x00000000c003caa3        0x1 
 .text          0x00000000c003caa4     0x16ac core/prcssthr.32
                0x00000000c003caa4                userModeEntryPoint(void*)
                0x00000000c003caca                changeTSS
                0x00000000c003caf8                Process::createThread(void (*)(void*), void*, int)
                0x00000000c003cc58                Process::createUserThread()
                0x00000000c003cc74                Process::addArgs(char**)
                0x00000000c003ccce                Process::Process(char const*, Process*, char**)
                0x00000000c003ccce                Process::Process(char const*, Process*, char**)
                0x00000000c003ce20                Process::Process(bool, char const*, Process*, char**)
                0x00000000c003ce20                Process::Process(bool, char const*, Process*, char**)
                0x00000000c003cf5a                setupMultitasking(void (*)())
                0x00000000c003d0fb                disableIRQs()
                0x00000000c003d103                getIRQNestingLevel()
                0x00000000c003d109                enableIRQs()
                0x00000000c003d118                lockScheduler()
                0x00000000c003d11a                unlockScheduler()
                0x00000000c003d129                lockStuff()
                0x00000000c003d137                taskStartupFunction
                0x00000000c003d140                updateTimeUsed()
                0x00000000c003d1d4                switchToThread(ThreadControlBlock*)
                0x00000000c003d1ef                schedule()
                0x00000000c003d3dc                unlockStuff()
                0x00000000c003d418                forkProcess(regs*)
                0x00000000c003d619                blockTaskWithSchedulerLockAlreadyHeld(TaskState)
                0x00000000c003d667                blockTask(TaskState)
                0x00000000c003d694                waitTask(int, int*, int)
                0x00000000c003d7a5                execveProcess(char const*, char* const*, char* const*)
                0x00000000c003d851                unblockTask(ThreadControlBlock*)
                0x00000000c003d93c                cleanupTerminatedTask(ThreadControlBlock*)
                0x00000000c003dcf5                cleanerTaskFunction(void*)
                0x00000000c003de1b                terminateTask(int)
                0x00000000c003df26                nanoSleepUntil(unsigned long long)
                0x00000000c003df44                nanoSleep(unsigned long long)
                0x00000000c003df70                sleep(unsigned long long)
                0x00000000c003dfa7                taskReturned
                0x00000000c003dfee                Semaphore::Semaphore(int)
                0x00000000c003dfee                Semaphore::Semaphore(int)
                0x00000000c003e00e                Semaphore::tryAcquire()
                0x00000000c003e044                Semaphore::assertLocked(char const*)
                0x00000000c003e080                Semaphore::acquire()
                0x00000000c003e0f0                Semaphore::release()
                0x00000000c003e130                Mutex::Mutex()
                0x00000000c003e130                Mutex::Mutex()
 .text          0x00000000c003e150      0xe16 core/syscalls.32
                0x00000000c003e150                sysCallGetPID(regs*)
                0x00000000c003e15c                sysCallSeekDir(regs*)
                0x00000000c003e161                sysCallVerify(regs*)
                0x00000000c003e16b                sysCallGetArgc(regs*)
                0x00000000c003e17b                sysFormatDisk(regs*)
                0x00000000c003e1e5                sysSetDiskVolumeLabel(regs*)
                0x00000000c003e22b                sysGetDiskVolumeLabel(regs*)
                0x00000000c003e27c                sysCallWrite(regs*)
                0x00000000c003e2ea                sysCallRead(regs*)
                0x00000000c003e358                sysCallReadDir(regs*)
                0x00000000c003e3c7                sysCallIsATTY(regs*)
                0x00000000c003e41a                sysCallGetCwd(regs*)
                0x00000000c003e439                sysCallSetCwd(regs*)
                0x00000000c003e455                sysCallRealpath(regs*)
                0x00000000c003e498                sysCallSeek(regs*)
                0x00000000c003e4e9                sysCallTell(regs*)
                0x00000000c003e535                sysCallSizeFromFilename(regs*)
                0x00000000c003e5ae                sysCallSize(regs*)
                0x00000000c003e600                sysCallClose(regs*)
                0x00000000c003e64e                sysCallMakeDir(regs*)
                0x00000000c003e6a7                sysCallCloseDir(regs*)
                0x00000000c003e6f5                sysCallWait(regs*)
                0x00000000c003e70f                sysCallFork(regs*)
                0x00000000c003e72b                sysCallExecve(regs*)
                0x00000000c003e780                sysCallRmdir(regs*)
                0x00000000c003e7d2                sysCallUnlink(regs*)
                0x00000000c003e7d4                sysCallGetArgv(regs*)
                0x00000000c003e820                sysCallUSleep(regs*)
                0x00000000c003e847                sysAppSettings(regs*)
                0x00000000c003e966                sysSetFatAttrib(regs*)
                0x00000000c003e9c6                sysPanic(regs*)
                0x00000000c003e9ec                sysPipe(regs*)
                0x00000000c003ea31                sysGetUnixTime(regs*)
                0x00000000c003ea45                sysShutdown(regs*)
                0x00000000c003ea8d                sysCallOpen(regs*)
                0x00000000c003eb7d                sysCallOpenDir(regs*)
                0x00000000c003ebea                sysCallTTYName(regs*)
                0x00000000c003ec66                sysCallGetEnv(regs*)
                0x00000000c003ecb8                sysCallSpawn(regs*)
                0x00000000c003ed28                sysCallTellDir(regs*)
                0x00000000c003ed2d                string_ends_with(char const*, char const*)
                0x00000000c003ed75                setupSystemCalls()
                0x00000000c003ef24                systemCall(regs*, void*)
 .text          0x00000000c003ef66      0xe4b core/terminal.32
                0x00000000c003ef66                VgaText::isAtty()
                0x00000000c003ef6a                VgaText::~VgaText()
                0x00000000c003ef6a                VgaText::~VgaText()
                0x00000000c003ef7a                VgaText::~VgaText()
                0x00000000c003efa0                VgaText::read(unsigned long long, void*, int*)
                0x00000000c003efc0                setTerminalScrollLock(bool)
                0x00000000c003efc1                addToTerminalCycle(VgaText*)
                0x00000000c003efee                installVgaTextImplementation()
                0x00000000c003f003                scrollTerminalScrollLock(int)
                0x00000000c003f004                VgaText::load()
                0x00000000c003f058                VgaText::writeCharacter(char, VgaColour, VgaColour, int, int)
                0x00000000c003f0ac                VgaText::updateCursor()
                0x00000000c003f0c6                VgaText::scrollScreen()
                0x00000000c003f158                VgaText::showCursor(bool)
                0x00000000c003f168                VgaText::disableBlink(bool)
                0x00000000c003f1a2                setActiveTerminal(VgaText*)
                0x00000000c003f237                doTerminalCycle()
                0x00000000c003f254                VgaText::doANSI_SGR(int)
                0x00000000c003f2e0                VgaText::setDefaultBgColour(VgaColour)
                0x00000000c003f2f6                VgaText::setDefaultFgColour(VgaColour)
                0x00000000c003f30c                VgaText::setDefaultColours(VgaColour, VgaColour)
                0x00000000c003f332                VgaText::combineColours(unsigned char, unsigned char)
                0x00000000c003f344                VgaText::combineCharAndColour(char, unsigned char)
                0x00000000c003f356                VgaText::getCursorX()
                0x00000000c003f362                VgaText::getCursorY()
                0x00000000c003f36e                VgaText::setCursor(int, int)
                0x00000000c003f38c                VgaText::setCursorX(int)
                0x00000000c003f3a0                VgaText::setCursorY(int)
                0x00000000c003f3b4                VgaText::incrementCursor(bool)
                0x00000000c003f41c                VgaText::updateRAMUsageDisplay(int)
                0x00000000c003f452                VgaText::updateDiskUsage()
                0x00000000c003f58a                VgaText::updateTitle()
                0x00000000c003f5d0                VgaText::setTitleTextColour(VgaColour)
                0x00000000c003f5e0                VgaText::setTitleColour(VgaColour)