Archive member included to satisfy reference by file (symbol)

/cygdrive/d/Users/Alex/Desktop/Toolchain/Output/bin/../lib/gcc/i386-banana/8.1.0/libkgcc.a(_divdi3.o)
                              fs/fat/ff.32 (__divdi3)
/cygdrive/d/Users/Alex/Desktop/Toolchain/Output/bin/../lib/gcc/i386-banana/8.1.0/libkgcc.a(_moddi3.o)
                              compat/resolve.32 (__moddi3)
/cygdrive/d/Users/Alex/Desktop/Toolchain/Output/bin/../lib/gcc/i386-banana/8.1.0/libkgcc.a(_udivdi3.o)
                              fs/fat/ff.32 (__udivdi3)
/cygdrive/d/Users/Alex/Desktop/Toolchain/Output/bin/../lib/gcc/i386-banana/8.1.0/libkgcc.a(_umoddi3.o)
                              compat/resolve.32 (__umoddi3)
D:/Users/Alex/Desktop/Banana/kernel/libsoftfp.a(sfieeelib.o)
                              hal/sound/sndhw.32 (__addsf3)
D:/Users/Alex/Desktop/Banana/kernel/libsoftfp.a(dfieeelib.o)
                              hal/libresample/src_linear.32 (__adddf3)
D:/Users/Alex/Desktop/Banana/kernel/libsoftfp.a(sfdfcvt.o)
                              hal/libresample/samplerate.32 (__truncdfsf2)
D:/Users/Alex/Desktop/Banana/kernel/libk/libm32.a(s_fabs.c.o)
                              hal/libresample/samplerate.32 (fabs)
D:/Users/Alex/Desktop/Banana/kernel/libk/libm32.a(s_lrint.S.o)
                              hal/libresample/samplerate.32 (lrint)
D:/Users/Alex/Desktop/Banana/kernel/libk/libm32.a(s_lrintf.S.o)
                              hal/sound/sndhw.32 (lrintf)

Discarded input sections

 .comment       0x0000000000000000       0x12 /cygdrive/d/Users/Alex/Desktop/Toolchain/Output/bin/../lib/gcc/i386-banana/8.1.0/crtbegin.o
 .comment       0x0000000000000000       0x12 acpica/utclib.32
 .comment       0x0000000000000000       0x12 core/malloc.32
 .comment       0x0000000000000000       0x12 libk/string.32
 .comment       0x0000000000000000       0x12 fs/fat/diskio.32
 .comment       0x0000000000000000       0x12 fs/fat/ff.32
 .comment       0x0000000000000000       0x12 fs/fat/ffsystem.32
 .comment       0x0000000000000000       0x12 fs/fat/ffunicode.32
 .comment       0x0000000000000000       0x12 hal/libresample/samplerate.32
 .comment       0x0000000000000000       0x12 hal/libresample/src_linear.32
 .comment       0x0000000000000000       0x12 hal/libresample/src_sinc.32
 .comment       0x0000000000000000       0x12 hal/libresample/src_zoh.32
 .comment       0x0000000000000000       0x12 compat/inlines.32
 .comment       0x0000000000000000       0x12 compat/resolve.32
 .group         0x0000000000000000       0x14 core/computer.32
 .group         0x0000000000000000        0xc core/computer.32
 .comment       0x0000000000000000       0x12 core/computer.32
 .comment       0x0000000000000000       0x12 core/gdt.32
 .group         0x0000000000000000        0xc core/idle.32
 .comment       0x0000000000000000       0x12 core/idle.32
 .comment       0x0000000000000000       0x12 core/idt.32
 .comment       0x0000000000000000       0x12 core/kheap.32
 .comment       0x0000000000000000       0x12 core/main.32
 .comment       0x0000000000000000       0x12 core/physmgr.32
 .group         0x0000000000000000        0xc core/pipe.32
 .comment       0x0000000000000000       0x12 core/pipe.32
 .group         0x0000000000000000        0xc core/terminal.32
 .comment       0x0000000000000000       0x12 core/terminal.32
 .comment       0x0000000000000000       0x12 core/tss.32
 .group         0x0000000000000000        0x8 core/unixfile.32
 .group         0x0000000000000000        0xc core/unixfile.32
 .group         0x0000000000000000        0xc core/unixfile.32
 .group         0x0000000000000000        0x8 core/unixfile.32
 .group         0x0000000000000000        0xc core/unixfile.32
 .group         0x0000000000000000        0x8 core/unixfile.32
 .group         0x0000000000000000        0xc core/unixfile.32
 .group         0x0000000000000000        0xc core/unixfile.32
 .comment       0x0000000000000000       0x12 core/unixfile.32
 .comment       0x0000000000000000       0x12 core/virtmgr.32
 .comment       0x0000000000000000       0x12 coreobjs/c++.32
 .comment       0x0000000000000000       0x12 dbg/kconsole.32
 .group         0x0000000000000000        0xc fs/vfs.32
 .group         0x0000000000000000        0xc fs/vfs.32
 .group         0x0000000000000000        0xc fs/vfs.32
 .comment       0x0000000000000000       0x12 fs/vfs.32
 .group         0x0000000000000000        0xc hal/bus.32
 .comment       0x0000000000000000       0x12 hal/bus.32
 .group         0x0000000000000000        0xc hal/buzzer.32
 .comment       0x0000000000000000       0x12 hal/buzzer.32
 .group         0x0000000000000000        0xc hal/clock.32
 .comment       0x0000000000000000       0x12 hal/clock.32
 .group         0x0000000000000000       0x14 hal/device.32
 .group         0x0000000000000000        0xc hal/device.32
 .group         0x0000000000000000        0xc hal/device.32
 .group         0x0000000000000000        0xc hal/device.32
[...]
Memory Configuration

Name             Origin             Length             Attributes
*default*        0x0000000000000000 0xffffffffffffffff

Linker script and memory map

LOAD D:/Users/Alex/Desktop/Banana/kernel/boot.32
LOAD crti.32
LOAD /cygdrive/d/Users/Alex/Desktop/Toolchain/Output/bin/../lib/gcc/i386-banana/8.1.0/crtbegin.o
LOAD D:/Users/Alex/Desktop/Banana/kernel/morenasm.32
LOAD acpica/utclib.32
LOAD core/malloc.32
LOAD libk/string.32
LOAD fs/fat/diskio.32
LOAD fs/fat/ff.32
LOAD fs/fat/ffsystem.32
LOAD fs/fat/ffunicode.32
LOAD hal/libresample/samplerate.32
LOAD hal/libresample/src_linear.32
LOAD hal/libresample/src_sinc.32
LOAD hal/libresample/src_zoh.32
LOAD compat/inlines.32
LOAD compat/resolve.32
LOAD core/computer.32
LOAD core/gdt.32
LOAD core/idle.32
LOAD core/idt.32
LOAD core/kheap.32
LOAD core/main.32
LOAD core/physmgr.32
LOAD core/pipe.32
LOAD core/terminal.32
LOAD core/tss.32
LOAD core/unixfile.32
LOAD core/virtmgr.32
LOAD coreobjs/c++.32
LOAD dbg/kconsole.32
LOAD fs/vfs.32
LOAD hal/bus.32
LOAD hal/buzzer.32
LOAD hal/clock.32
LOAD hal/device.32
LOAD hal/diskctrl.32
LOAD hal/diskphys.32
LOAD hal/fpu.32
LOAD hal/intctrl.32
LOAD hal/keybrd.32
LOAD hal/logidisk.32
LOAD hal/mouse.32
LOAD hal/partition.32
LOAD hal/serial.32
LOAD hal/timer.32
LOAD hal/vcache.32
LOAD hal/video.32
LOAD hw/acpi.32
LOAD hw/cpu.32
LOAD hw/ports.32
LOAD hw/smp.32
LOAD krnl/env.32
LOAD krnl/panic.32
LOAD net/ethernet.32
LOAD reg/registry.32
LOAD sys/sc_eject.32
LOAD sys/sc_exit.32
LOAD sys/sc_getcwd.32
LOAD sys/sc_getpid.32
LOAD sys/sc_getramdata.32
LOAD sys/sc_getvgaptr.32
LOAD sys/sc_loaddll.32
LOAD sys/sc_read.32
LOAD sys/sc_sbrk.32
LOAD sys/sc_setcwd.32
LOAD sys/sc_settime.32
LOAD sys/sc_timezone.32
LOAD sys/sc_write.32
LOAD sys/sc_wsbe.32
LOAD sys/sc_yield.32
LOAD sys/syscalls.32
LOAD thr/elf.32
LOAD thr/prcssthr.32
LOAD vm86/vm8086.32
LOAD vm86/x87em.32
LOAD fs/fat/vfslink.32
LOAD fs/iso9660/vfslink.32
LOAD hal/sound/sndchannel.32
LOAD hal/sound/sndhw.32
LOAD hw/bus/isa.32
LOAD hw/bus/pci.32
LOAD hw/diskctrl/ide.32
LOAD hw/diskctrl/satabus.32
LOAD hw/diskphys/ata.32
LOAD hw/diskphys/atapi.32
LOAD hw/diskphys/sata.32
LOAD hw/diskphys/satapi.32
LOAD hw/fpu/avx.32
LOAD hw/fpu/mmx.32
LOAD hw/fpu/sse.32
LOAD hw/fpu/x87.32
LOAD hw/intctrl/apic.32
LOAD hw/intctrl/pic.32
LOAD hw/timer/apictimer.32
LOAD hw/timer/pit.32
LOAD hw/fpu/x86/avx.32
LOAD hw/fpu/x86/sse.32
LOAD hw/fpu/x86/x87.32
LOAD /cygdrive/d/Users/Alex/Desktop/Toolchain/Output/bin/../lib/gcc/i386-banana/8.1.0/crtend.o
LOAD crtn.32
LOAD /cygdrive/d/Users/Alex/Desktop/Toolchain/Output/bin/../lib/gcc/i386-banana/8.1.0/libkgcc.a
LOAD D:/Users/Alex/Desktop/Banana/kernel/libsoftfp.a
LOAD D:/Users/Alex/Desktop/Banana/kernel/libk/libm32.a
                0x00000000c0000000                . = 0xc0000000

.text           0x00000000c0000000    0x29508
 *(.text)
 .text          0x00000000c0000000       0x41 D:/Users/Alex/Desktop/Banana/kernel/boot.32
                0x00000000c0000020                callGlobalConstructors
 .text          0x00000000c0000041        0x0 crti.32
 *fill*         0x00000000c0000041        0x3 
 .text          0x00000000c0000044      0x101 /cygdrive/d/Users/Alex/Desktop/Toolchain/Output/bin/../lib/gcc/i386-banana/8.1.0/crtbegin.o
 *fill*         0x00000000c0000145        0xb 
 .text          0x00000000c0000150      0x4fb D:/Users/Alex/Desktop/Banana/kernel/morenasm.32
                0x00000000c0000150                manualPCIProbe
                0x00000000c000019b                prepareTramp
                0x00000000c00001b4                voodooXADD
                0x00000000c000027f                doTPAUSE
                0x00000000c0000289                hasLegacyFPU
                0x00000000c00002ae                is486
                0x00000000c00002e4                detectCPUID
                0x00000000c00002fa                goToVM86
                0x00000000c000032a                goToUsermode
                0x00000000c0000354                switchToThreadASMFirstTime
                0x00000000c0000362                switchToThreadASM
                0x00000000c00003f2                asmQuickAcquireLock
                0x00000000c0000410                asmQuickReleaseLock
                0x00000000c000041c                asmAcquireLock
                0x00000000c000043d                asmReleaseLock
                0x00000000c0000450                loadGDT
                0x00000000c0000470                isr0
                0x00000000c0000480                isr1
                0x00000000c000048a                isr2
                0x00000000c0000494                isr3
                0x00000000c000049e                isr4
                0x00000000c00004a8                isr5
                0x00000000c00004b2                isr6
                0x00000000c00004bc                isr7
                0x00000000c00004c6                isr8
                0x00000000c00004ce                isr9
                0x00000000c00004d8                isr10
                0x00000000c00004e0                isr11
                0x00000000c00004e8                isr12
                0x00000000c00004f0                isr13
                0x00000000c00004f8                isr14
                0x00000000c0000500                isr15
                0x00000000c000050a                isr16
                0x00000000c0000514                isr17
                0x00000000c000051e                isr18
                0x00000000c0000528                irq3
                0x00000000c0000532                irq4
                0x00000000c000053c                irq5
                0x00000000c0000546                irq6
                0x00000000c0000550                irq7
                0x00000000c000055a                irq8
                0x00000000c0000564                irq9
                0x00000000c000056e                irq10
                0x00000000c0000578                irq11
                0x00000000c0000582                irq12
                0x00000000c000058c                irq13
                0x00000000c0000596                irq14
                0x00000000c00005a0                irq15
                0x00000000c00005aa                irq1
                0x00000000c00005b1                irq2
                0x00000000c00005b8                isr96
                0x00000000c00005bf                irq0
                0x00000000c00005c4                syscall_common_stub
                0x00000000c00005c4                int_common_stub
                0x00000000c00005f6                irq16
                0x00000000c0000600                irq17
                0x00000000c000060a                irq18
                0x00000000c0000614                irq19
                0x00000000c000061e                irq20
                0x00000000c0000628                irq21
                0x00000000c0000632                irq22
                0x00000000c000063c                irq23
                0x00000000c0000646                memcpy
 *fill*         0x00000000c000064b        0x1 
 .text          0x00000000c000064c      0x5dd acpica/utclib.32
                0x00000000c000064c                memcmp
                0x00000000c0000688                memmove
                0x00000000c0000750                memset
                0x00000000c000076c                strlen
                0x00000000c0000784                strpbrk
                0x00000000c00007c0                strtok
                0x00000000c000080c                strcpy
                0x00000000c0000830                strncpy
                0x00000000c0000898                strcmp
                0x00000000c00008d8                strchr
                0x00000000c00008fc                strncmp
                0x00000000c000094c                strcat
                0x00000000c000097c                strncat
                0x00000000c00009b8                strstr
                0x00000000c0000a00                toupper
                0x00000000c0000a14                tolower
                0x00000000c0000a28                simple_strtoul
 .text          0x00000000c0000c29      0xfad core/malloc.32
                0x00000000c0000d94                dlfree
                0x00000000c00010ef                dlmalloc
                0x00000000c000162c                dlrealloc
                0x00000000c00017cf                dlmemalign
                0x00000000c00018f2                dlcalloc
                0x00000000c000198c                dlcfree
                0x00000000c0001991                dlindependent_calloc
                0x00000000c00019b6                dlindependent_comalloc
                0x00000000c00019cd                dlvalloc
                0x00000000c00019f8                dlpvalloc
                0x00000000c0001a2e                dlmalloc_trim
                0x00000000c0001a3b                dlmalloc_usable_size
                0x00000000c0001a6c                dlmallinfo
                0x00000000c0001b3b                dlmalloc_stats
                0x00000000c0001b4c                dlmallopt
 .text          0x00000000c0001bd6        0x0 libk/string.32
 .text          0x00000000c0001bd6       0x51 fs/fat/diskio.32
                0x00000000c0001bd6                disk_status
                0x00000000c0001bd9                disk_initialize
                0x00000000c0001bdc                disk_read
                0x00000000c0001bf2                disk_write
                0x00000000c0001c08                disk_ioctl
 .text          0x00000000c0001c27     0x6833 fs/fat/ff.32
                0x00000000c0004ef5                f_mount
                0x00000000c0004f57                f_open
                0x00000000c0005393                f_read
                0x00000000c0005613                f_write
                0x00000000c00058cd                f_sync
                0x00000000c0005aa9                f_close
                0x00000000c0005ad8                f_lseek
                0x00000000c0005f8f                f_opendir
                0x00000000c0006091                f_closedir
                0x00000000c00060b3                f_readdir
                0x00000000c000614e                f_stat
                0x00000000c00061dd                f_getfree
                0x00000000c00063a8                f_truncate
                0x00000000c00064a0                f_unlink
                0x00000000c0006623                f_mkdir
                0x00000000c000684f                f_rename
                0x00000000c0006b42                f_chmod
                0x00000000c0006c20                f_utime
                0x00000000c0006cfe                f_getlabel
                0x00000000c0006eec                f_setlabel
                0x00000000c0007159                f_forward
                0x00000000c0007337                f_mkfs
 .text          0x00000000c000845a       0x2d fs/fat/ffsystem.32
                0x00000000c000845a                ff_memalloc
                0x00000000c0008470                ff_memfree
 .text          0x00000000c0008487      0x253 fs/fat/ffunicode.32
                0x00000000c0008487                ff_uni2oem
                0x00000000c0008517                ff_oem2uni
                0x00000000c0008583                ff_wtoupper
 .text          0x00000000c00086da      0x8fb hal/libresample/samplerate.32
                0x00000000c000871e                src_delete
                0x00000000c000875a                src_process
                0x00000000c0008910                src_callback_read
                0x00000000c0008a8d                src_set_ratio
                0x00000000c0008af7                src_get_channels
                0x00000000c0008b19                src_reset
                0x00000000c0008b65                src_new
                0x00000000c0008bf3                src_callback_new
                0x00000000c0008c55                src_get_name
                0x00000000c0008c8c                src_get_description
                0x00000000c0008cc3                src_get_version
                0x00000000c0008cc9                src_is_valid_ratio
                0x00000000c0008d1d                src_error
                0x00000000c0008d2b                src_strerror
                0x00000000c0008d3e                src_simple
                0x00000000c0008d91                src_short_to_float_array
                0x00000000c0008df6                src_float_to_short_array
                0x00000000c0008eb5                src_int_to_float_array
                0x00000000c0008f18                src_float_to_int_array
 .text          0x00000000c0008fd5      0x8cb hal/libresample/src_linear.32
                0x00000000c00097fb                linear_get_name
                0x00000000c000980a                linear_get_description
                0x00000000c0009819                linear_set_converter
 .text          0x00000000c00098a0     0x447c hal/libresample/src_sinc.32
                0x00000000c000dc33                sinc_get_name
                0x00000000c000dc46                sinc_get_description
                0x00000000c000dc59                sinc_set_converter
 .text          0x00000000c000dd1c      0x77c hal/libresample/src_zoh.32
                0x00000000c000e3f3                zoh_get_name
                0x00000000c000e402                zoh_get_description
                0x00000000c000e411                zoh_set_converter
 .text          0x00000000c000e498       0xa7 compat/inlines.32
                0x00000000c000e498                CPU::current()
                0x00000000c000e4a4                operator new(unsigned long)
                0x00000000c000e4a9                operator delete(void*)
                0x00000000c000e4ae                disableIRQs()
                0x00000000c000e4b6                enableIRQs()
                0x00000000c000e4c5                lockScheduler()
                0x00000000c000e4cd                unlockScheduler()
                0x00000000c000e4dc                lockStuff()
                0x00000000c000e4ea                unlockStuff()
                0x00000000c000e524                Virt::getAKernelVAS()
                0x00000000c000e52a                __not_memcpy
 .text          0x00000000c000e53f      0x111 compat/resolve.32
                0x00000000c000e53f                Krnl::resolveCompatibilitySymbol(char*)
 .text          0x00000000c000e650      0xa17 core/computer.32
                0x00000000c000e650                Computer::close(int, int, void*)
                0x00000000c000e694                Krnl::firstTask()
                0x00000000c000e784                Computer::Computer()
                0x00000000c000e784                Computer::Computer()
                0x00000000c000e8e0                Computer::setBootMessage(char const*)
                0x00000000c000e8e2                Computer::detectFeatures()
                0x00000000c000eaec                Computer::displayFeatures()
                0x00000000c000ee32                Computer::rdmsr(unsigned int)
                0x00000000c000ee5e                Computer::wrmsr(unsigned int, unsigned long long)
                0x00000000c000ee96                Computer::nmiEnabled()
                0x00000000c000eea2                Computer::readCMOS(unsigned char)
                0x00000000c000eebc                Computer::enableNMI(bool)
                0x00000000c000eed4                Computer::open(int, int, void*)
                0x00000000c000efaa                Computer::disableNMI()
                0x00000000c000efb8                Computer::writeCMOS(unsigned char, unsigned char)
                0x00000000c000efd6                Computer::handleNMI()
                0x00000000c000f03c                Computer::setDiskActivityLight(int, bool)
 *fill*         0x00000000c000f067        0x1 
 .text          0x00000000c000f068      0x1b7 core/gdt.32
                0x00000000c000f068                GDTEntry::setBase(unsigned int)
                0x00000000c000f084                GDTEntry::setLimit(unsigned int)
                0x00000000c000f0a2                GDT::GDT()
                0x00000000c000f0a2                GDT::GDT()
                0x00000000c000f0b8                GDT::addEntry(GDTEntry)
                0x00000000c000f0f4                GDT::getNumberOfEntries()
                0x00000000c000f0fc                GDT::flush()
                0x00000000c000f11e                GDT::setup()
 .text          0x00000000c000f21f       0x6b core/idle.32
                0x00000000c000f21f                idleFunction(void*)
 .text          0x00000000c000f28a      0x45e core/idt.32
                0x00000000c000f28a                IDTEntry::IDTEntry(bool)
                0x00000000c000f28a                IDTEntry::IDTEntry(bool)
                0x00000000c000f2f8                IDTEntry::setOffset(unsigned int)
                0x00000000c000f30c                IDT::IDT()
                0x00000000c000f30c                IDT::IDT()
                0x00000000c000f30e                IDT::getPointerToInvalidOpcodeEntryForF00F()
                0x00000000c000f316                IDT::addEntry(IDTEntry, int)
                0x00000000c000f330                IDT::addEntry(int, void (*)(), bool)
                0x00000000c000f368                IDT::flush()
                0x00000000c000f382                IDT::setup()
 .text          0x00000000c000f6e8      0x1fe core/kheap.32
                0x00000000c000f6e8                sbrk
                0x00000000c000f7f5                mmap
                0x00000000c000f80b                munmap
                0x00000000c000f821                liballoc_lock()
                0x00000000c000f82e                liballoc_unlock()
                0x00000000c000f842                liballoc_alloc(int)
                0x00000000c000f85d                liballoc_free(void*, int)
                0x00000000c000f878                realloc
                0x00000000c000f88c                malloc
                0x00000000c000f89c                free
                0x00000000c000f8ac                rfree
                0x00000000c000f8bc                calloc
 .text          0x00000000c000f8e6      0x44f core/main.32
                0x00000000c000f8e6                hwTextMode_loadInData(VgaText*)
                0x00000000c000f92b                hwTextMode_loadInTitle(VgaText*, char*)
                0x00000000c000f997                hwTextMode_showCursor(VgaText*, bool)
                0x00000000c000f9f2                hwTextMode_update(VgaText*)
                0x00000000c000f9f3                hwTextMode_updateCursor(VgaText*)
                0x00000000c000fa3b                hwTextMode_disableBlink(VgaText*, bool)
                0x00000000c000fa81                hwTextMode_scrollScreen(VgaText*)
                0x00000000c000fb22                hwTextMode_writeCharacter(VgaText*, char, VgaColour, VgaColour, int, int)
                0x00000000c000fba1                setupTextMode()
                0x00000000c000fc11                kernel_main
 .text          0x00000000c000fd35      0x56c core/physmgr.32
                0x00000000c000fd35                Phys::allocateDMA(unsigned long)
                0x00000000c000fdd8                Phys::freeDMA(unsigned long, unsigned long)
                0x00000000c000fe20                Phys::setPageState(unsigned long, bool)
                0x00000000c000fe52                Phys::getPageState(unsigned long)
                0x00000000c000fe6e                Phys::freePage(unsigned long)
                0x00000000c000fef8                Phys::allocatePage()
                0x00000000c000ffdd                Phys::allocateContiguousPages(int)
                0x00000000c0010039                Phys::allowSegmentToBeUsed(unsigned long, unsigned long)
                0x00000000c0010071                Phys::physicalMemorySetup(unsigned int)
 *fill*         0x00000000c00102a1        0x1 
 .text          0x00000000c00102a2      0x273 core/pipe.32
                0x00000000c00102a2                Pipe::isAtty()
                0x00000000c00102a6                Pipe::~Pipe()
                0x00000000c00102a6                Pipe::~Pipe()
                0x00000000c00102ca                Pipe::~Pipe()
                0x00000000c00102f2                Pipe::read(unsigned long long, void*, int*)
                0x00000000c00103ee                Pipe::write(unsigned long long, void*, int*)
                0x00000000c00104ae                Pipe::Pipe(int)
                0x00000000c00104ae                Pipe::Pipe(int)
 *fill*         0x00000000c0010515        0x1 
 .text          0x00000000c0010516      0xe4b core/terminal.32
                0x00000000c0010516                VgaText::isAtty()
                0x00000000c001051a                VgaText::~VgaText()
                0x00000000c001051a                VgaText::~VgaText()
                0x00000000c001053e                VgaText::~VgaText()
                0x00000000c0010568                VgaText::read(unsigned long long, void*, int*)
                0x00000000c0010588                setTerminalScrollLock(bool)
                0x00000000c0010589                addToTerminalCycle(VgaText*)
                0x00000000c00105aa                installVgaTextImplementation()
                0x00000000c00105bf                scrollTerminalScrollLock(int)
                0x00000000c00105c0                VgaText::load()
                0x00000000c001060e                VgaText::updateCursor()
                0x00000000c0010624                VgaText::showCursor(bool)
                0x00000000c0010630                VgaText::disableBlink(bool)
                0x00000000c0010664                VgaText::doANSI_SGR(int)
                0x00000000c00106d8                VgaText::setDefaultBgColour(VgaColour)
                0x00000000c00106e8                VgaText::setDefaultFgColour(VgaColour)
                0x00000000c00106f8                VgaText::setDefaultColours(VgaColour, VgaColour)
                0x00000000c0010718                VgaText::combineColours(unsigned char, unsigned char)
                0x00000000c001072a                VgaText::scrollScreen()
                0x00000000c00107be                VgaText::combineCharAndColour(char, unsigned char)
                0x00000000c00107d0                VgaText::writeCharacter(char, VgaColour, VgaColour, int, int)
                0x00000000c001082c                VgaText::getCursorX()
                0x00000000c0010834                VgaText::getCursorY()
                0x00000000c001083c                VgaText::setCursor(int, int)
                0x00000000c0010854                VgaText::setCursorX(int)
                0x00000000c001086c                VgaText::setCursorY(int)
                0x00000000c0010884                VgaText::incrementCursor(bool)
                0x00000000c00108d8                VgaText::updateRAMUsageDisplay(int)
                0x00000000c001093c                VgaText::updateDiskUsage()
                0x00000000c0010aa6                VgaText::updateTitle()
                0x00000000c0010aea                VgaText::setTitleTextColour(VgaColour)
                0x00000000c0010af8                VgaText::setTitleColour(VgaColour)
                0x00000000c0010b06                VgaText::setTitle(char*)
                0x00000000c0010b2c                VgaText::decrementCursor(bool)
                0x00000000c0010b4e                VgaText::putchar(char, VgaColour, VgaColour)
                0x00000000c0010c26                VgaText::isShowingCursor()
                0x00000000c0010c2e                VgaText::isBlinkDisabled()
                0x00000000c0010c3a                VgaText::setCursorHeight(int)
                0x00000000c0010c52                VgaText::getCursorHeight()
                0x00000000c0010c5a                setActiveTerminal(VgaText*)
                0x00000000c0010d00                doTerminalCycle()
                0x00000000c0010d1a                VgaText::doUpdate()
                0x00000000c0010d28                VgaText::puts(char const*, VgaColour, VgaColour)
                0x00000000c0010ea0                VgaText::clearScreen()
                0x00000000c0010efa                VgaText::putchar(char)
                0x00000000c0010fe6                VgaText::puts(char const*)
                0x00000000c001100c                VgaText::putx(unsigned int)
                0x00000000c0011052                VgaText::VgaText(char const*)
                0x00000000c0011052                VgaText::VgaText(char const*)
                0x00000000c0011200                VgaText::receiveKey(unsigned char)
                0x00000000c00112e8                VgaText::write(unsigned long long, void*, int*)
                0x00000000c001133c                newTerminal(char*)
 *fill*         0x00000000c0011361        0x1 
 .text          0x00000000c0011362      0x1b3 core/tss.32
                0x00000000c0011362                TSS::TSS()
                0x00000000c0011362                TSS::TSS()
                0x00000000c0011370                TSS::setESP(unsigned long)
                0x00000000c0011382                TSS::flush()
                0x00000000c00113a2                TSS::setup(unsigned long, unsigned long)
 *fill*         0x00000000c0011515        0x1 
 .text          0x00000000c0011516      0x4c2 core/unixfile.32
                0x00000000c0011516                ReservedFilename::read(unsigned long long, void*, int*)
                0x00000000c001156c                ReservedFilename::isAtty()
                0x00000000c0011588                ReservedFilename::write(unsigned long long, void*, int*)
                0x00000000c00115e6                UnixFile::getFileDescriptor()
                0x00000000c00115ee                UnixFile::UnixFile(int)
                0x00000000c00115ee                UnixFile::UnixFile(int)
                0x00000000c001179e                ReservedFilename::ReservedFilename(int)
                0x00000000c001179e                ReservedFilename::ReservedFilename(int)
                0x00000000c00117d0                UnixFile::~UnixFile()
                0x00000000c00117d0                UnixFile::~UnixFile()
                0x00000000c0011868                UnixFile::~UnixFile()
                0x00000000c0011890                ReservedFilename::~ReservedFilename()
                0x00000000c0011890                ReservedFilename::~ReservedFilename()
                0x00000000c00118b4                ReservedFilename::~ReservedFilename()
                0x00000000c00118db                getFromFileDescriptor(int)
 .text          0x00000000c00119d8     0x1313 core/virtmgr.32
                0x00000000c00119d8                Virt::setPageState(unsigned long, Virt::VirtPageState)
                0x00000000c0011a0d                Virt::getPageState(unsigned long)
                0x00000000c0011a31                Virt::allocateKernelVirtualPages(int)
                0x00000000c0011b42                Virt::freeSwapfilePage(unsigned long)
                0x00000000c0011b60                Virt::swapIDToSector(unsigned long)
                0x00000000c0011b72                Virt::allocateSwapfilePage()
                0x00000000c0011bf0                Virt::virtualMemorySetup()
                0x00000000c0011c6f                Virt::swappingSetup()
                0x00000000c0011c70                Virt::setupPageSwapping(int)
                0x00000000c0011e3c                VAS::VAS()
                0x00000000c0011e3c                VAS::VAS()
                0x00000000c0011e78                VAS::VAS(VAS*)
                0x00000000c0011e78                VAS::VAS(VAS*)
                0x00000000c0011ea6                VAS::getForeignPageTableEntry(bool, unsigned long)
                0x00000000c0011ed2                VAS::getPageTableEntry(unsigned long)
                0x00000000c0011ef1                Virt::freeKernelVirtualPages(unsigned long)
                0x00000000c0012014                VAS::freeAllocatedPages(unsigned long)
                0x00000000c0012038                VAS::virtualToPhysical(unsigned long)
                0x00000000c0012050                VAS::reflagRange(unsigned long, int, int, int)
                0x00000000c0012090                VAS::setToWriteCombining(unsigned long, int)
                0x00000000c00120c2                VAS::mapOtherVASIn(bool, VAS*)
                0x00000000c00120ec                VAS::~VAS()
                0x00000000c00120ec                VAS::~VAS()
                0x00000000c0012268                VAS::mapPage(unsigned long, unsigned long, int)
                0x00000000c001236a                VAS::allocatePages(int, int)
                0x00000000c0012542                VAS::setCPUSpecific(unsigned long)
                0x00000000c001255e                VAS::mapRange(unsigned long, unsigned long, int, int)
                0x00000000c0012624                VAS::mapForeignPage(bool, VAS*, unsigned long, unsigned long, int)
                0x00000000c0012712                VAS::VAS(bool)
                0x00000000c0012712                VAS::VAS(bool)
                0x00000000c0012992                VAS::evict(unsigned long)
                0x00000000c0012a54                VAS::tryLoadBackOffDisk(unsigned long)
                0x00000000c0012b7e                VAS::scanForEviction()
                0x00000000c0012c2f                mapVASFirstTime
 .text          0x00000000c0012ceb       0x95 coreobjs/c++.32
                0x00000000c0012ceb                __cxa_atexit
                0x00000000c0012cee                __cxa_finalize
                0x00000000c0012cef                __stack_chk_fail
                0x00000000c0012d5b                __cxa_pure_virtual
                0x00000000c0012d6c                operator new[](unsigned long)
                0x00000000c0012d71                operator delete(void*, unsigned long)
                0x00000000c0012d76                operator delete[](void*)
                0x00000000c0012d7b                operator delete[](void*, unsigned long)
 .text          0x00000000c0012d80      0x1ef dbg/kconsole.32
                0x00000000c0012d80                Dbg::stringifyxWithBase(unsigned int, char*, int)
                0x00000000c0012de1                Dbg::logc(char)
                0x00000000c0012df8                Dbg::logs(char*)
                0x00000000c0012e15                Dbg::logWriteInt(unsigned int)
                0x00000000c0012e32                Dbg::logWriteIntBase(unsigned int, int)
                0x00000000c0012e51                Dbg::kprintf(char const*, ...)
 *fill*         0x00000000c0012f6f        0x1 
 .text          0x00000000c0012f70      0xb82 fs/vfs.32
                0x00000000c0012f70                File::read(unsigned long long, void*, int*)
                0x00000000c0012fc8                File::write(unsigned long long, void*, int*)
                0x00000000c0013020                Directory::read(unsigned long long, void*, int*)
                0x00000000c0013078                Directory::write(unsigned long long, void*, int*)
                0x00000000c00130a6                File::isAtty()
                0x00000000c00130aa                Directory::isAtty()
                0x00000000c00130ae                Filesystem::getlabel(LogicalDisk*, int, char*, unsigned int*)
                0x00000000c00130b4                Filesystem::setlabel(LogicalDisk*, int, char*)
                0x00000000c00130ba                Filesystem::getFileFirstSector(char const*)
                0x00000000c00130c0                File::~File()
                0x00000000c00130c0                File::~File()
                0x00000000c00130e4                File::~File()
                0x00000000c001310e                Directory::~Directory()
                0x00000000c001310e                Directory::~Directory()
                0x00000000c0013132                Directory::~Directory()
                0x00000000c001315c                Filesystem::Filesystem()
                0x00000000c001315c                Filesystem::Filesystem()
                0x00000000c0013180                Filesystem::~Filesystem()
                0x00000000c0013180                Filesystem::~Filesystem()
                0x00000000c001318e                Filesystem::~Filesystem()
                0x00000000c00131b2                Fs::getcwd(Process*, char*, int)
                0x00000000c00131dc                Fs::initVFS()
                0x00000000c0013206                Fs::standardiseFiles(char*, char const*, char const*)
                0x00000000c00133b0                File::File(char const*, Process*)
                0x00000000c00133b0                File::File(char const*, Process*)
                0x00000000c0013414                File::open(FileOpenMode)
                0x00000000c0013472                File::close()
                0x00000000c00134d2                File::seek(unsigned long long)
                0x00000000c0013528                File::tell(unsigned long long*)
                0x00000000c0013578                File::rewind()
                0x00000000c001358c                File::unlink()
                0x00000000c00135d8                File::rename(char const*)
                0x00000000c0013626                File::chfatattr(unsigned char, unsigned char)
                0x00000000c0013682                File::exists()
                0x00000000c00136c0                File::stat(unsigned long long*, bool*)
                0x00000000c0013721                Fs::setcwd(Process*, char*)
                0x00000000c001385c                Directory::Directory(char const*, Process*)
                0x00000000c001385c                Directory::Directory(char const*, Process*)
                0x00000000c00138c0                Directory::open()
                0x00000000c001391c                Directory::close()
                0x00000000c001397c                Directory::unlink()
                0x00000000c00139c8                Directory::rename(char const*)
                0x00000000c0013a16                Directory::exists()
                0x00000000c0013a54                Directory::read(dirent*)
                0x00000000c0013aa0                Directory::create()
                0x00000000c0013aec                Filesystem::chfatattr(char const*, unsigned char, unsigned char)
 .text          0x00000000c0013af2       0x84 hal/bus.32
                0x00000000c0013af2                Bus::Bus(char const*)
                0x00000000c0013af2                Bus::Bus(char const*)
                0x00000000c0013b28                Bus::~Bus()
                0x00000000c0013b28                Bus::~Bus()
                0x00000000c0013b4c                Bus::~Bus()
 .text          0x00000000c0013b76      0x156 hal/buzzer.32
                0x00000000c0013b76                Buzzer::Buzzer(char const*)
                0x00000000c0013b76                Buzzer::Buzzer(char const*)
                0x00000000c0013bba                Buzzer::~Buzzer()
                0x00000000c0013bba                Buzzer::~Buzzer()
                0x00000000c0013bde                Buzzer::~Buzzer()
                0x00000000c0013c08                Buzzer::stop()
                0x00000000c0013c1b                beepThread(void*)
                0x00000000c0013c5e                Buzzer::beep(int, int, bool)
 .text          0x00000000c0013ccc      0x467 hal/clock.32
                0x00000000c0013ccc                User::loadClockSettings(int)
                0x00000000c0013d1e                Clock::Clock(char const*)
                0x00000000c0013d1e                Clock::Clock(char const*)
                0x00000000c0013d54                Clock::~Clock()
                0x00000000c0013d54                Clock::~Clock()
                0x00000000c0013d78                Clock::~Clock()
                0x00000000c0013da2                Clock::timeInSecondsLocal()
                0x00000000c0013dea                Clock::setTimeInSecondsLocal(unsigned long long)
                0x00000000c0013e43                datetimeToSeconds(datetime_t)
                0x00000000c0013f6a                Clock::setTimeInDatetimeLocal(datetime_t)
                0x00000000c0013fca                secondsToDatetime(unsigned long long)
                0x00000000c001410e                Clock::timeInDatetimeLocal()
 *fill*         0x00000000c0014133        0x1 
 .text          0x00000000c0014134      0x504 hal/device.32
                0x00000000c0014134                Device::hibernate()
                0x00000000c0014136                Device::wake()
                0x00000000c0014138                Device::detect()
                0x00000000c001413a                Device::disableLegacy()
                0x00000000c001413c                Device::powerSaving(PowerSavingLevel)
                0x00000000c001413e                DriverlessDevice::close(int, int, void*)
                0x00000000c0014142                DriverlessDevice::detect()
                0x00000000c0014144                DriverlessDevice::open(int, int, void*)
                0x00000000c0014158                Device::~Device()
                0x00000000c0014158                Device::~Device()
                0x00000000c0014166                Device::~Device()
                0x00000000c001418e                Device::findAndLoadDriver()
                0x00000000c001419c                Device::preOpenPCI(PCIDeviceInfo)
                0x00000000c00141c2                Device::preOpenACPI(void*, char*, char*)
                0x00000000c0014202                Device::addIRQHandler(int, void (*)(regs*, void*), bool, void*)
                0x00000000c0014240                Device::getParent()
                0x00000000c001424c                Device::removeIRQHandler(int, void (*)(regs*, void*), bool)
                0x00000000c001428a                Device::addChild(Device*)
                0x00000000c00142ce                Device::removeAllChildren()
                0x00000000c0014314                Device::hibernateAll()
                0x00000000c0014344                Device::wakeAll()
                0x00000000c0014374                Device::detectAll()
                0x00000000c00143a4                Device::disableLegacyAll()
                0x00000000c00143d4                Device::loadDriversForAll()
                0x00000000c0014414                Device::closeAll()
                0x00000000c001444a                Device::powerSavingAll(PowerSavingLevel)
                0x00000000c0014480                Device::setName(char const*)
                0x00000000c001448e                Device::Device(char const*)
                0x00000000c001448e                Device::Device(char const*)
                0x00000000c001458a                Device::getName()
                0x00000000c0014594                DriverlessDevice::DriverlessDevice(char const*)
                0x00000000c0014594                DriverlessDevice::DriverlessDevice(char const*)
                0x00000000c00145ca                Device::addToLinkedList(LinkedList<Device>&, DeviceType)
                0x00000000c001460e                getDevicesOfType(DeviceType)
 .text          0x00000000c0014638       0x84 hal/diskctrl.32
                0x00000000c0014638                HardDiskController::HardDiskController(char const*)
                0x00000000c0014638                HardDiskController::HardDiskController(char const*)
                0x00000000c001466e                HardDiskController::~HardDiskController()
                0x00000000c001466e                HardDiskController::~HardDiskController()
                0x00000000c0014692                HardDiskController::~HardDiskController()
 .text          0x00000000c00146bc       0xf2 hal/diskphys.32
                0x00000000c00146bc                PhysicalDisk::eject()
                0x00000000c00146d0                PhysicalDisk::PhysicalDisk(char const*, int)
                0x00000000c00146d0                PhysicalDisk::PhysicalDisk(char const*, int)
                0x00000000c0014738                PhysicalDisk::startCache()
                0x00000000c0014760                PhysicalDisk::~PhysicalDisk()
                0x00000000c0014760                PhysicalDisk::~PhysicalDisk()
                0x00000000c0014784                PhysicalDisk::~PhysicalDisk()
 .text          0x00000000c00147ae      0x13b hal/fpu.32
                0x00000000c00147ae                FPU::FPU(char const*)
                0x00000000c00147ae                FPU::FPU(char const*)
                0x00000000c00147e4                FPU::~FPU()
                0x00000000c00147e4                FPU::~FPU()
                0x00000000c0014808                FPU::~FPU()
                0x00000000c0014832                setupFPU()
 *fill*         0x00000000c00148e9        0x1 
 .text          0x00000000c00148ea     0x1439 hal/intctrl.32
                0x00000000c00148ea                InterruptController::uninstallISRHandler(int, void (*)(regs*, void*))
                0x00000000c0014922                InterruptController::installISRHandler(int, void (*)(regs*, void*), void*)
                0x00000000c0014974                doubleFault(regs*, void*)
                0x00000000c001498e                InterruptController::installIRQHandler(int, void (*)(regs*, void*), bool, void*)
                0x00000000c0014a2a                InterruptController::clearAllHandlers(int, bool)
                0x00000000c0014ad2                InterruptController::uninstallIRQHandler(int, void (*)(regs*, void*), bool)
                0x00000000c0014b59                nmiHandler(regs*, void*)
                0x00000000c0014b67                int_handler
                0x00000000c0014c08                InterruptController::InterruptController(char const*)
                0x00000000c0014c08                InterruptController::InterruptController(char const*)
                0x00000000c0014cae                InterruptController::~InterruptController()
                0x00000000c0014cae                InterruptController::~InterruptController()
                0x00000000c0014cd2                InterruptController::~InterruptController()
                0x00000000c0014cfc                displayDebugInfo(regs*)
                0x00000000c001518b                x87EmulHandler(regs*, void*)
                0x00000000c00151fe                gpFault(regs*, void*)
                0x00000000c0015237                pgFault(regs*, void*)
                0x00000000c0015273                otherISRHandler(regs*, void*)
                0x00000000c0015292                opcodeFault(regs*, void*)
                0x00000000c00158af                displayProgramFault(char const*)
                0x00000000c00158d7                setupInterruptController()
                0x00000000c0015cd6                InterruptController::convertLegacyIRQNumber(int)
 *fill*         0x00000000c0015d23        0x1 
 .text          0x00000000c0015d24      0x794 hal/keybrd.32
                0x00000000c0015d24                startGUI(void*)
                0x00000000c0015d90                startGUIVESA(void*)
                0x00000000c0015dfc                sendKeyToTerminal(unsigned char)
                0x00000000c0015eba                sendKeyboardToken(KeyboardToken)
                0x00000000c00162f7                clearInternalKeybuffer(VgaText*)
                0x00000000c001632c                readKeyboard(VgaText*, char*, unsigned long)
                0x00000000c001642e                Keyboard::Keyboard(char const*)
                0x00000000c001642e                Keyboard::Keyboard(char const*)
                0x00000000c001646a                Keyboard::~Keyboard()
                0x00000000c001646a                Keyboard::~Keyboard()
                0x00000000c001648e                Keyboard::~Keyboard()
 .text          0x00000000c00164b8      0x414 hal/logidisk.32
                0x00000000c00164b8                LogicalDisk::close(int, int, void*)
                0x00000000c00164bc                LogicalDisk::~LogicalDisk()
                0x00000000c00164bc                LogicalDisk::~LogicalDisk()
                0x00000000c00164e0                LogicalDisk::~LogicalDisk()
                0x00000000c001650a                LogicalDisk::open(int, int, void*)
                0x00000000c001651e                LogicalDisk::absoluteToRelative(unsigned long long)
                0x00000000c0016556                LogicalDisk::relativeToAbsolute(unsigned long long)
                0x00000000c001659c                LogicalDisk::LogicalDisk(char const*, PhysicalDisk*, unsigned long long, unsigned long long)
                0x00000000c001659c                LogicalDisk::LogicalDisk(char const*, PhysicalDisk*, unsigned long long, unsigned long long)
                0x00000000c0016652                LogicalDisk::assignDriveLetter()
                0x00000000c0016708                LogicalDisk::mount()
                0x00000000c001677a                LogicalDisk::unmount()
                0x00000000c001678a                LogicalDisk::eject()
                0x00000000c001679e                LogicalDisk::unassignDriveLetter()
                0x00000000c00167f4                LogicalDisk::read(unsigned long long, int, void*)
                0x00000000c0016860                LogicalDisk::write(unsigned long long, int, void*)
 .text          0x00000000c00168cc       0x84 hal/mouse.32
                0x00000000c00168cc                Mouse::Mouse(char const*)
                0x00000000c00168cc                Mouse::Mouse(char const*)
                0x00000000c0016902                Mouse::~Mouse()
                0x00000000c0016902                Mouse::~Mouse()
                0x00000000c0016926                Mouse::~Mouse()
 .text          0x00000000c0016950      0x359 hal/partition.32
                0x00000000c0016950                makePartition(PhysicalDisk*, unsigned long long, unsigned long long)
                0x00000000c0016a18                createPartitionsForDisk(PhysicalDisk*)
 *fill*         0x00000000c0016ca9        0x1 
 .text          0x00000000c0016caa       0x84 hal/serial.32
                0x00000000c0016caa                Serial::Serial(char const*)
                0x00000000c0016caa                Serial::Serial(char const*)
                0x00000000c0016ce0                Serial::~Serial()
                0x00000000c0016ce0                Serial::~Serial()
                0x00000000c0016d04                Serial::~Serial()
 .text          0x00000000c0016d2e      0x2f3 hal/timer.32
                0x00000000c0016d2e                Timer::Timer(char const*)
                0x00000000c0016d2e                Timer::Timer(char const*)
                0x00000000c0016d64                Timer::~Timer()
                0x00000000c0016d64                Timer::~Timer()
                0x00000000c0016d88                Timer::~Timer()
                0x00000000c0016db2                Timer::read()
                0x00000000c0016dbd                timerHandler(unsigned long long)
                0x00000000c0016f2f                setupTimer(int)
 *fill*         0x00000000c0017021        0x1 
 .text          0x00000000c0017022      0x409 hal/vcache.32
                0x00000000c0017022                VCache::VCache(PhysicalDisk*)
                0x00000000c0017022                VCache::VCache(PhysicalDisk*)
                0x00000000c001718a                VCache::invalidateReadBuffer()
                0x00000000c001719a                VCache::writeWriteBuffer()
                0x00000000c00171d6                VCache::~VCache()
                0x00000000c00171d6                VCache::~VCache()
                0x00000000c001722a                VCache::~VCache()
                0x00000000c0017252                VCache::write(unsigned long long, int, void*)
                0x00000000c001733c                VCache::read(unsigned long long, int, void*)
 *fill*         0x00000000c001742b        0x1 
 .text          0x00000000c001742c      0x4cd hal/video.32
                0x00000000c001742c                Video::putrect(int, int, int, int, unsigned int)
                0x00000000c0017478                Video::bitblit(int, int, int, int, int, int, int, unsigned int*)
                0x00000000c00174e8                Video::blit(unsigned int*, int, int, int, int)
                0x00000000c0017566                Video::clearScreen(unsigned int)
                0x00000000c001759a                Video::putpixel(int, int, unsigned int)
                0x00000000c00175a8                Video::Video(char const*)
                0x00000000c00175a8                Video::Video(char const*)
                0x00000000c00175de                Video::~Video()
                0x00000000c00175de                Video::~Video()
                0x00000000c0017602                Video::~Video()
                0x00000000c001762c                Video::isMonochrome()
                0x00000000c0017638                Video::getWidth()
                0x00000000c0017644                Video::getHeight()
                0x00000000c0017650                Video::drawCursor(int, int, unsigned char*, int)
                0x00000000c001770c                Video::tgaParse(unsigned char*, int, int*, int*)
                0x00000000c001788e                Video::putTGA(int, int, unsigned char*, int)
 *fill*         0x00000000c00178f9        0x1 
 .text          0x00000000c00178fa     0x1275 hw/acpi.32
                0x00000000c00178fa                ACPI::close(int, int, void*)
                0x00000000c00179af                findRSDP()
                0x00000000c0017a49                loadACPITables(unsigned char*)
                0x00000000c0017ca0                findRSDT(unsigned char*)
                0x00000000c0017dea                findDataTable(unsigned char*, char*)
                0x00000000c0017e86                scanMADT()
                0x00000000c001830c                ACPI::ACPI()
                0x00000000c001830c                ACPI::ACPI()
                0x00000000c0018376                ACPI::getPCIIRQAssignment(unsigned char, unsigned short, unsigned char)
                0x00000000c0018458                ACPI::registerPCIIRQAssignment(void*, unsigned short, unsigned char, unsigned char)
                0x00000000c001851e                ACPI::setScreenBrightnessLevel(void*, int)
                0x00000000c0018524                ACPI::writeSimpleBootFlag(SimpleBootFlagTable*)
                0x00000000c001856c                ACPI::sleep()
                0x00000000c0018584                ACPI::open(int, int, void*)
 *fill*         0x00000000c0018b6f        0x1 
 .text          0x00000000c0018b70     0x1717 hw/cpu.32
                0x00000000c0018b70                CPU::close(int, int, void*)
                0x00000000c0018b74                CPU::lookupAMDName(unsigned char, unsigned char)
                0x00000000c0018d08                CPU::lookupIntelName(unsigned char, unsigned char)
                0x00000000c0018fb6                CPU::AMD_K6_write_msr(unsigned int, unsigned int, unsigned int, CPU::REGS*)
                0x00000000c0018fd2                CPU::AMD_K6_read_msr(unsigned int, CPU::REGS*)
                0x00000000c0018fea                CPU::AMD_K6_writeback(int, int, int)
                0x00000000c001905e                CPU::cpuid(int, unsigned long*, unsigned long*, unsigned long*, unsigned long*)
                0x00000000c00190e2                CPU::cpuidCheckEDX(unsigned int)
                0x00000000c0019110                CPU::cpuidCheckECX(unsigned int)
                0x00000000c001913e                CPU::cpuidCheckExtendedEBX(unsigned int)
                0x00000000c001916c                CPU::cpuidCheckExtendedECX(unsigned int)
                0x00000000c001919a                CPU::CPU()
                0x00000000c001919a                CPU::CPU()
                0x00000000c0019228                CPU::displayFeatures()
                0x00000000c00194a4                CPU::detectFeatures()
                0x00000000c0019e96                CPU::setupSMEP()
                0x00000000c0019ea2                CPU::setupUMIP()
                0x00000000c0019eac                CPU::setupTSC()
                0x00000000c0019eb6                CPU::setupLargePages()
                0x00000000c0019ec0                CPU::setupPAT()
                0x00000000c0019efc                CPU::setupMTRR()
                0x00000000c0019efe                CPU::setupGlobalPages()
                0x00000000c0019f08                CPU::allowUsermodeDataAccess()
                0x00000000c0019f1a                CPU::prohibitUsermodeDataAccess()
                0x00000000c0019f2c                CPU::setupSMAP()
                0x00000000c0019f3a                CPU::setupFeatures()
                0x00000000c0019fba                CPU::open(int, int, void*)
                0x00000000c001a08c                CPU::decodeAddress(regs*, int*, bool*, unsigned char*)
 .text          0x00000000c001a287        0x0 hw/ports.32
 .text          0x00000000c001a287      0x16a hw/smp.32
                0x00000000c001a287                Krnl::smpEntry()
                0x00000000c001a289                Krnl::startCPU(int)
                0x00000000c001a3d2                Krnl::startCPUs()
 *fill*         0x00000000c001a3f1        0x1 
 .text          0x00000000c001a3f2      0x5cd krnl/env.32
                0x00000000c001a3f2                EnvVarContainer::getEnv(char const*)
                0x00000000c001a430                EnvVarContainer::setEnv(char const*, char const*)
                0x00000000c001a4f2                EnvVarContainer::deleteEnv(char const*)
                0x00000000c001a4f4                EnvVarContainer::loadFrom(char const*, char const*)
                0x00000000c001a6f6                EnvVarContainer::__loadSystem()
                0x00000000c001a710                EnvVarContainer::__loadUser()
                0x00000000c001a712                EnvVarContainer::EnvVarContainer(Process*)
                0x00000000c001a712                EnvVarContainer::EnvVarContainer(Process*)
                0x00000000c001a734                EnvVarContainer::~EnvVarContainer()
                0x00000000c001a734                EnvVarContainer::~EnvVarContainer()
                0x00000000c001a764                Krnl::getEnv(Process*, char const*)
                0x00000000c001a7c9                Krnl::setEnvSystem(char const*, char const*)
                0x00000000c001a7e3                Krnl::setEnvUser(char const*, char const*)
                0x00000000c001a802                Krnl::setEnvProcess(Process*, char const*, char const*)
                0x00000000c001a815                Krnl::deleteEnvSystem(char const*)
                0x00000000c001a816                Krnl::deleteEnvUser(char const*)
                0x00000000c001a817                Krnl::deleteEnvProcess(Process*, char const*)
                0x00000000c001a818                Krnl::newProcessEnv(Process*)
                0x00000000c001a83a                Krnl::copyProcessEnv(Process*, Process*)
                0x00000000c001a886                Krnl::loadSystemEnv()
                0x00000000c001a8b4                Krnl::loadUserEnv()
                0x00000000c001a8da                Krnl::flushEnv()
                0x00000000c001a8db                Krnl::getProcessTotalEnvCount(Process*)
                0x00000000c001a8fb                Krnl::getProcessEnvPair(Process*, int)
 .text          0x00000000c001a9bf      0x396 krnl/panic.32
                0x00000000c001a9bf                Krnl::panic(char const*)
 .text          0x00000000c001ad55      0x57f net/ethernet.32
                0x00000000c001ad55                Net::switchEndian16(unsigned short)
                0x00000000c001ad76                Net::switchEndian32(unsigned int)
                0x00000000c001ada5                Net::crc32Calc(unsigned char*, int)
                0x00000000c001ae36                Net::wrapEthernetFrame(Net::UnwrappedEthernetFrame, unsigned char*)
                0x00000000c001b049                Net::unwrapEthernetFrame(unsigned char*, int)
 .text          0x00000000c001b2d4      0x50e reg/registry.32
                0x00000000c001b2d4                Reg::findLineFromLoadedData(char*, char*, char*)
                0x00000000c001b42c                Reg::getLineFromRegistry(char*, char*, char*, char*)
                0x00000000c001b581                Reg::getLine(char*, char*, char*)
                0x00000000c001b5b8                Reg::readInt(char*, char*, int*)
                0x00000000c001b6a3                Reg::readString(char*, char*, char*, int)
                0x00000000c001b724                Reg::readBool(char*, char*, bool*)
                0x00000000c001b749                Reg::readBoolWithDefault(char*, char*, bool)
                0x00000000c001b775                Reg::readIntWithDefault(char*, char*, int)
                0x00000000c001b7a1                Reg::readStringWithDefault(char*, char*, char*, int, char*)
 .text          0x00000000c001b7e2       0x36 sys/sc_eject.32
                0x00000000c001b7e2                Sys::eject(regs*)
 .text          0x00000000c001b818       0x18 sys/sc_exit.32
                0x00000000c001b818                Sys::exit(regs*)
 .text          0x00000000c001b830       0x1f sys/sc_getcwd.32
                0x00000000c001b830                Sys::getCwd(regs*)
 .text          0x00000000c001b84f        0xc sys/sc_getpid.32
                0x00000000c001b84f                Sys::getPID(regs*)
 .text          0x00000000c001b85b       0x17 sys/sc_getramdata.32
                0x00000000c001b85b                Sys::getRAMData(regs*)
 .text          0x00000000c001b872       0x84 sys/sc_getvgaptr.32
                0x00000000c001b872                Sys::getVGAPtr(regs*)
 .text          0x00000000c001b8f6       0xa8 sys/sc_loaddll.32
                0x00000000c001b8f6                Sys::loadDLL(regs*)
 .text          0x00000000c001b99e       0x68 sys/sc_read.32
                0x00000000c001b99e                Sys::read(regs*)
 .text          0x00000000c001ba06       0x55 sys/sc_sbrk.32
                0x00000000c001ba06                Sys::sbrk(regs*)
 .text          0x00000000c001ba5b       0x1c sys/sc_setcwd.32
                0x00000000c001ba5b                Sys::setCwd(regs*)
 .text          0x00000000c001ba77      0x128 sys/sc_settime.32
                0x00000000c001ba77                Sys::setTime(regs*)
 .text          0x00000000c001bb9f       0x4a sys/sc_timezone.32
                0x00000000c001bb9f                Sys::timezone(regs*)
 .text          0x00000000c001bbe9       0x68 sys/sc_write.32
                0x00000000c001bbe9                Sys::write(regs*)
 .text          0x00000000c001bc51       0x62 sys/sc_wsbe.32
                0x00000000c001bc51                Sys::wsbe(regs*)
 .text          0x00000000c001bcb3       0x46 sys/sc_yield.32
                0x00000000c001bcb3                Sys::yield(regs*)
 .text          0x00000000c001bcf9     0x1101 sys/syscalls.32
                0x00000000c001bcf9                sysCallSeekDir(regs*)
                0x00000000c001bcfe                sysCallTellDir(regs*)
                0x00000000c001bd03                sysCallVerify(regs*)
                0x00000000c001bd0d                sysFormatDisk(regs*)
                0x00000000c001bd77                sysSetDiskVolumeLabel(regs*)
                0x00000000c001bdbd                sysGetDiskVolumeLabel(regs*)
                0x00000000c001be0e                sysShutdown(regs*)
                0x00000000c001be6c                sysCallRealpath(regs*)
                0x00000000c001beaf                sysCallGetArgc(regs*)
                0x00000000c001bedd                sysCallReadDir(regs*)
                0x00000000c001bf6b                sysCallIsATTY(regs*)
                0x00000000c001bfc5                sysCallSeek(regs*)
                0x00000000c001c02e                sysCallTell(regs*)
                0x00000000c001c0ab                sysCallSize(regs*)
                0x00000000c001c12e                sysCallSizeFromFilename(regs*)
                0x00000000c001c1ee                sysCallClose(regs*)
                0x00000000c001c276                sysCallOpenDir(regs*)
                0x00000000c001c2eb                sysCallCloseDir(regs*)
                0x00000000c001c351                sysCallMakeDir(regs*)
                0x00000000c001c3c1                sysCallWait(regs*)
                0x00000000c001c3db                sysCallNotImpl(regs*)
                0x00000000c001c3f6                sysPanic(regs*)
                0x00000000c001c41c                sysCallRmdir(regs*)
                0x00000000c001c480                sysCallUnlink(regs*)
                0x00000000c001c4e4                sysCallGetArgv(regs*)
                0x00000000c001c530                sysCallTTYName(regs*)
                0x00000000c001c5b3                sysCallUSleep(regs*)
                0x00000000c001c5da                sysCallSpawn(regs*)
                0x00000000c001c64f                sysCallGetEnv(regs*)
                0x00000000c001c787                sysAppSettings(regs*)
                0x00000000c001c89b                sysSetFatAttrib(regs*)
                0x00000000c001c90d                sysPipe(regs*)
                0x00000000c001c952                sysGetUnixTime(regs*)
                0x00000000c001c966                string_ends_with(char const*, char const*)
                0x00000000c001c9ae                sysCallOpen(regs*)
                0x00000000c001cbc3                Sys::loadSyscalls()
                0x00000000c001cdb8                Sys::systemCall(regs*, void*)
 .text          0x00000000c001cdfa     0x11fd thr/elf.32
                0x00000000c001cdfa                Thr::allocateMemoryForTask(Process*, File*, unsigned long, unsigned long, unsigned long)
                0x00000000c001d0a4                Thr::loadProgramIntoMemory(Process*, char const*)
                0x00000000c001d2ba                Thr::runtimeReferenceHelper()
                0x00000000c001d2cd                Thr::getAddressOfKernelSymbol(char const*)
                0x00000000c001d31c                Thr::loadKernelSymbolTable(char const*)
                0x00000000c001d5da                Thr::loadDriverIntoMemory(char const*, unsigned long, bool)
                0x00000000c001dd10                Thr::getDriverBaseFromAddress(unsigned long)
                0x00000000c001dd42                Thr::getDriverNameFromAddress(unsigned long)
                0x00000000c001dd79                Thr::getDriverOffsetFromAddress(unsigned long)
                0x00000000c001dd93                Thr::loadDLL(char const*, bool)
                0x00000000c001dfbe                Thr::executeDLL(unsigned long, void*)
 *fill*         0x00000000c001dff7        0x1 
 .text          0x00000000c001dff8     0x1315 thr/prcssthr.32
                0x00000000c001dff8                userModeEntryPoint(void*)
                0x00000000c001e01e                changeTSS
                0x00000000c001e04e                switchToThread(ThreadControlBlock*)
                0x00000000c001e0f8                Process::addArgs(char**)
                0x00000000c001e152                Process::Process(char const*, Process*, char**)
                0x00000000c001e152                Process::Process(char const*, Process*, char**)
                0x00000000c001e336                Process::Process(bool, char const*, Process*, char**)
                0x00000000c001e336                Process::Process(bool, char const*, Process*, char**)
                0x00000000c001e4e5                taskStartupFunction
                0x00000000c001e4ee                Semaphore::Semaphore(int)
                0x00000000c001e4ee                Semaphore::Semaphore(int)
                0x00000000c001e51c                Mutex::Mutex()
                0x00000000c001e51c                Mutex::Mutex()
                0x00000000c001e52e                Process::createThread(void (*)(void*), void*, int)
                0x00000000c001e634                Process::createUserThread()
                0x00000000c001e650                setupMultitasking(void (*)())
                0x00000000c001e772                schedule()
                0x00000000c001e7f8                Semaphore::tryAcquire()
                0x00000000c001e8b4                Semaphore::assertLocked(char const*)
                0x00000000c001e923                blockTaskWithSchedulerLockAlreadyHeld(TaskState)
                0x00000000c001e971                blockTask(TaskState)
                0x00000000c001e99e                waitTask(int, int*, int)
                0x00000000c001e9e0                nanoSleepUntil(unsigned long long)
                0x00000000c001ea75                nanoSleep(unsigned long long)
                0x00000000c001ea8d                sleep(unsigned long long)
                0x00000000c001eaaa                Semaphore::acquire()
                0x00000000c001eb4c                taskReturned
                0x00000000c001eb87                Thr::processFromPID(int)
                0x00000000c001ec36                unblockTask(ThreadControlBlock*)
                0x00000000c001ece3                cleanupTerminatedTask(ThreadControlBlock*)
                0x00000000c001efac                cleanerTaskFunction(void*)
                0x00000000c001f0a5                terminateTask(int)
                0x00000000c001f1d7                Thr::terminateFromIRQ(int)
                0x00000000c001f1e4                Semaphore::release()
 .text          0x00000000c001f30d      0xc53 vm86/vm8086.32
                0x00000000c001f30d                Vm::inbv(unsigned short)
                0x00000000c001f320                Vm::outbv(unsigned short, unsigned char)
                0x00000000c001f373                Vm::realToLinear(unsigned short, unsigned short)
                0x00000000c001f383                Vm::getSegment(unsigned int)
                0x00000000c001f38b                Vm::getOffset(unsigned int)
                0x00000000c001f390                Vm::mainloop2()
                0x00000000c001f3ca                Vm::mainVm8086Loop(void*)
                0x00000000c001f3da                Vm::mainloop3(unsigned long)
                0x00000000c001f400                Vm::initialise8086()
                0x00000000c001f443                Vm::finish8086()
                0x00000000c001f4a4                Vm::getOutput8086(unsigned char*)
                0x00000000c001f4c9                Vm::start8086(char const*, unsigned short, unsigned short, unsigned short, unsigned short)
                0x00000000c001f631                Vm::doISR(regs*, int, unsigned char*, unsigned short, unsigned short)
                0x00000000c001f6bb                Vm::readByteFromReal(unsigned short, unsigned short)
                0x00000000c001f6cc                Vm::readWordFromReal(unsigned short, unsigned short)
                0x00000000c001f6de                Vm::readDwordFromReal(unsigned short, unsigned short)
                0x00000000c001f6ef                Vm::writeByteFromReal(unsigned short, unsigned short, unsigned char)
                0x00000000c001f704                Vm::writeWordFromReal(unsigned short, unsigned short, unsigned short)
                0x00000000c001f71a                Vm::writeDwordFromReal(unsigned short, unsigned short, unsigned int)
                0x00000000c001f72f                Vm::faultHandler(regs*)
 .text          0x00000000c001ff60      0xefd vm86/x87em.32
                0x00000000c001ff60                Vm::fpuInternalTo32(unsigned long long)
                0x00000000c001ffbb                Vm::fpuInternalTo64(unsigned long long)
                0x00000000c001ffc4                Vm::fpu32ToInternal(unsigned int)
                0x00000000c0020009                Vm::fpu64ToInternal(unsigned long long)
                0x00000000c0020012                Vm::fpuFloatToLong(unsigned long long)
                0x00000000c002006d                Vm::fpuULongToFloat(unsigned long long)
                0x00000000c00200a3                Vm::fpuLongToFloat(long long)
                0x00000000c00200f9                Vm::fpuGet0()
                0x00000000c00200fe                Vm::fpuGet1()
                0x00000000c0020106                Vm::fpuGetPi()
                0x00000000c002010e                Vm::fpuGetLog2E()
                0x00000000c0020126                Vm::fpuGetLogE2()
                0x00000000c002013e                Vm::fpuGetLog210()
                0x00000000c0020156                Vm::fpuGetLog102()
                0x00000000c002016e                Vm::fpuIsSecondLarger(unsigned long long, unsigned long long)
                0x00000000c0020182                Vm::fpuAreEqual(unsigned long long, unsigned long long)
                0x00000000c0020198                Vm::fpuUnorderedCompare(unsigned long long, unsigned long long)
                0x00000000c00201eb                Vm::fpuAdd(unsigned long long, unsigned long long)
                0x00000000c00201fc                Vm::fpuAbs(unsigned long long)
                0x00000000c0020205                Vm::fpuChs(unsigned long long)
                0x00000000c0020215                Vm::fpuSub(unsigned long long, unsigned long long)
                0x00000000c0020224                Vm::fpuMultiply(unsigned long long, unsigned long long)
                0x00000000c0020243                Vm::fpuDivide(unsigned long long, unsigned long long)
                0x00000000c002025f                Vm::fpuSquare(unsigned long long)
                0x00000000c0020275                Vm::fpuGetReg(int)
                0x00000000c00202b8                Vm::fpuSetReg(int, unsigned long long)
                0x00000000c0020303                Vm::fpuPush(unsigned long long)
                0x00000000c0020360                Vm::fpuPop()
                0x00000000c00203b2                Vm::x87Handler(regs*)
 *fill*         0x00000000c0020e5d        0x1 
 .text          0x00000000c0020e5e     0x1203 fs/fat/vfslink.32
                0x00000000c0020e5e                FAT::getName()
                0x00000000c0020e64                FAT::tell(void*, unsigned long long*)
                0x00000000c0020e98                FAT::stat(void*, unsigned long long*)
                0x00000000c0020ecc                FAT::~FAT()
                0x00000000c0020ecc                FAT::~FAT()
                0x00000000c0020ef0                FAT::~FAT()
                0x00000000c0020f18                FAT::getlabel(LogicalDisk*, int, char*, unsigned int*)
                0x00000000c0020fb6                FAT::setlabel(LogicalDisk*, int, char*)
                0x00000000c0021070                FAT::format(LogicalDisk*, int, char const*, int)
                0x00000000c0021254                FAT::tryMount(LogicalDisk*, int)
                0x00000000c002145a                FAT::getFileFirstSector(char const*)
                0x00000000c002151c                FAT::readDir(void*, unsigned long, void*, int*)
                0x00000000c0021676                FAT::read(void*, unsigned long, void*, int*)
                0x00000000c00216d0                FAT::write(void*, unsigned long, void*, int*)
                0x00000000c002172a                FAT::close(void*)
                0x00000000c0021776                FAT::closeDir(void*)
                0x00000000c00217c2                FAT::seek(void*, unsigned long long)
                0x00000000c0021816                fatWrapperReadDisk
                0x00000000c002185d                fatWrapperWriteDisk
                0x00000000c00218a4                fatWrapperIoctl
                0x00000000c00219a8                FAT::FAT()
                0x00000000c00219a8                FAT::FAT()
                0x00000000c00219fa                FAT::fixFilepath(char*)
                0x00000000c0021a32                FAT::open(char const*, void**, FileOpenMode)
                0x00000000c0021b5a                FAT::openDir(char const*, void**)
                0x00000000c0021c00                FAT::stat(char const*, unsigned long long*, bool*)
                0x00000000c0021cea                FAT::unlink(char const*)
                0x00000000c0021d64                FAT::chfatattr(char const*, unsigned char, unsigned char)
                0x00000000c0021eb8                FAT::rename(char const*, char const*)
                0x00000000c0021f7c                FAT::mkdir(char const*)
                0x00000000c0021ff6                FAT::exists(char const*)
 *fill*         0x00000000c0022061        0x1 
 .text          0x00000000c0022062      0xba5 fs/iso9660/vfslink.32
                0x00000000c0022062                ISO9660::format(LogicalDisk*, int, char const*, int)
                0x00000000c0022068                ISO9660::seek(void*, unsigned long long)
                0x00000000c0022098                ISO9660::tell(void*, unsigned long long*)
                0x00000000c00220bc                ISO9660::getName()
                0x00000000c00220c2                ISO9660::stat(void*, unsigned long long*)
                0x00000000c00220e6                ISO9660::chfatattr(char const*, unsigned char, unsigned char)
                0x00000000c00220ec                ISO9660::unlink(char const*)
                0x00000000c00220f2                ISO9660::write(void*, unsigned long, void*, int*)
                0x00000000c00220f8                ISO9660::rename(char const*, char const*)
                0x00000000c00220fe                ISO9660::mkdir(char const*)
                0x00000000c0022104                ISO9660::close(void*)
                0x00000000c0022126                ISO9660::closeDir(void*)
                0x00000000c0022148                ISO9660::~ISO9660()
                0x00000000c0022148                ISO9660::~ISO9660()
                0x00000000c002216c                ISO9660::~ISO9660()
                0x00000000c0022193                __memmem(unsigned char*, int, unsigned char*, int)
                0x00000000c00221d5                readSectorFromCDROM(unsigned int, unsigned char*, char)
                0x00000000c0022230                ISO9660::tryMount(LogicalDisk*, int)
                0x00000000c0022280                ISO9660::read(void*, unsigned long, void*, int*)
                0x00000000c0022484                ISO9660::readDir(void*, unsigned long, void*, int*)
                0x00000000c00226fe                readRoot(unsigned int*, unsigned int*, char)
                0x00000000c0022752                readRecursively(char*, unsigned int, unsigned int, unsigned int*, unsigned int*, char, int*)
                0x00000000c0022925                getFileData(char*, unsigned int*, unsigned int*, char, int*)
                0x00000000c00229b4                ISO9660::open(char const*, void**, FileOpenMode)
                0x00000000c0022a74                ISO9660::exists(char const*)
                0x00000000c0022a98                ISO9660::stat(char const*, unsigned long long*, bool*)
                0x00000000c0022b2c                ISO9660::openDir(char const*, void**)
                0x00000000c0022be4                ISO9660::ISO9660()
                0x00000000c0022be4                ISO9660::ISO9660()
 *fill*         0x00000000c0022c07        0x1 
 .text          0x00000000c0022c08      0x33a hal/sound/sndchannel.32
                0x00000000c0022c08                SoundChannel::~SoundChannel()
                0x00000000c0022c08                SoundChannel::~SoundChannel()
                0x00000000c0022c24                SoundChannel::setSpeed(float)
                0x00000000c0022c30                SoundChannel::getSpeed()
                0x00000000c0022c38                SoundChannel::setVolume(int)
                0x00000000c0022c54                SoundChannel::getVolume()
                0x00000000c0022c5c                SoundChannel::pause()
                0x00000000c0022c66                SoundChannel::SoundChannel(int, int, int, int)
                0x00000000c0022c66                SoundChannel::SoundChannel(int, int, int, int)
                0x00000000c0022dbc                SoundChannel::play()
                0x00000000c0022dc6                SoundChannel::paused()
                0x00000000c0022dce                SoundChannel::getSampleRate()
                0x00000000c0022dd6                SoundChannel::getBits()
                0x00000000c0022dde                SoundChannel::getBufferUsed()
                0x00000000c0022de6                SoundChannel::getBufferSize()
                0x00000000c0022dee                SoundChannel::unbuffer(float*, int, int)
                0x00000000c0022e8e                SoundChannel::buffer16(unsigned short*, int)
                0x00000000c0022ea2                SoundChannel::buffer8(unsigned char*, int)
 .text          0x00000000c0022f42      0x4c3 hal/sound/sndhw.32
                0x00000000c0022f42                SoundDevice::SoundDevice(char const*)
                0x00000000c0022f42                SoundDevice::SoundDevice(char const*)
                0x00000000c0022fae                SoundDevice::~SoundDevice()
                0x00000000c0022fae                SoundDevice::~SoundDevice()
                0x00000000c0023028                SoundDevice::~SoundDevice()
                0x00000000c0023052                SoundDevice::getFreeChannelNum()
                0x00000000c002306c                SoundDevice::addChannel(SoundChannel*)
                0x00000000c00230dc                SoundDevice::removeChannel(int)
                0x00000000c002310e                SoundDevice::floatTo16(float*, unsigned short*, int)
                0x00000000c00231fc                SoundDevice::floatTo8(float*, unsigned char*, int)
                0x00000000c00232e4                SoundDevice::getAudio(int, float*, float*)
 .text          0x00000000c0023405        0x0 hw/bus/isa.32
 *fill*         0x00000000c0023405        0x1 
 .text          0x00000000c0023406      0xa31 hw/bus/pci.32
                0x00000000c0023406                PCI::open(int, int, void*)
                0x00000000c002341a                PCI::close(int, int, void*)
                0x00000000c002341e                PCI::PCI()
                0x00000000c002341e                PCI::PCI()
                0x00000000c00234a6                PCI::readBAR8(unsigned int, int)
                0x00000000c00234c2                PCI::readBAR16(unsigned int, int)
                0x00000000c00234e0                PCI::readBAR32(unsigned int, int)
                0x00000000c00234fc                PCI::writeBAR8(unsigned int, unsigned char, int)
                0x00000000c002351c                PCI::writeBAR16(unsigned int, unsigned short, int)
                0x00000000c0023560                PCI::writeBAR32(unsigned int, unsigned int, int)
                0x00000000c0023580                PCI::pciReadWord(unsigned char, unsigned char, unsigned char, unsigned char)
                0x00000000c00235c8                PCI::getVendorID(unsigned char, unsigned char, unsigned char)
                0x00000000c00235ea                PCI::getHeaderType(unsigned char, unsigned char, unsigned char)
                0x00000000c002360e                PCI::getClassCode(unsigned char, unsigned char, unsigned char)
                0x00000000c0023652                PCI::getProgIF(unsigned char, unsigned char, unsigned char)
                0x00000000c0023676                PCI::getRevisionID(unsigned char, unsigned char, unsigned char)
                0x00000000c0023698                PCI::getInterruptNumber(unsigned char, unsigned char, unsigned char)
                0x00000000c00236ba                PCI::getSecondaryBus(unsigned char, unsigned char, unsigned char)
                0x00000000c00236de                PCI::getBARAddress(unsigned char, unsigned char, unsigned char, unsigned char)
                0x00000000c002373e                PCI::pciWriteWord(unsigned char, unsigned char, unsigned char, unsigned char, unsigned short)
                0x00000000c00237aa                PCI::pciDetailsToFilepath(PCIDeviceInfo, char*)
                0x00000000c0023a36                PCI::checkBus(unsigned char)
                0x00000000c0023a5a                PCI::foundDevice(PCIDeviceInfo)
                0x00000000c0023bcc                PCI::getDeviceData(unsigned char, unsigned char, unsigned char)
                0x00000000c0023d78                PCI::checkDevice(unsigned char, unsigned char)
                0x00000000c0023de4                PCI::detect()
 *fill*         0x00000000c0023e37        0x1 
 .text          0x00000000c0023e38      0xc70 hw/diskctrl/ide.32
                0x00000000c0023e38                IDE::close(int, int, void*)
                0x00000000c0023e3c                IDE::IDE()
                0x00000000c0023e3c                IDE::IDE()
                0x00000000c0023e70                IDE::prepareInterrupt(unsigned char)
                0x00000000c0023e82                selectDrive(unsigned char, unsigned char)
                0x00000000c0023e84                IDE::getBase(unsigned char)
                0x00000000c0023e96                IDE::write(unsigned char, unsigned char, unsigned char)
                0x00000000c0023f56                IDE::read(unsigned char, unsigned char)
                0x00000000c0024004                IDE::waitInterrupt(unsigned char)
                0x00000000c002406a                ideChannel0IRQHandler(regs*, void*)
                0x00000000c0024086                ideChannel1IRQHandler(regs*, void*)
                0x00000000c00240a2                IDE::enableIRQs(unsigned char, bool)
                0x00000000c00240e8                IDE::open(int, int, void*)
                0x00000000c00244f8                IDE::readBuffer(unsigned char, unsigned char, unsigned int, unsigned int)
                0x00000000c00245c4                IDE::detect()
                0x00000000c00248ac                IDE::printError(unsigned char, unsigned char, unsigned char)
                0x00000000c0024a42                IDE::polling(unsigned char, unsigned int)
 .text          0x00000000c0024aa8      0x390 hw/diskctrl/satabus.32
                0x00000000c0024aa8                SATABus::close(int, int, void*)
                0x00000000c0024aac                SATABus::detect()
                0x00000000c0024aae                SATABus::SATABus()
                0x00000000c0024aae                SATABus::SATABus()
                0x00000000c0024b5a                SATABus::findCmdslot(SATABus::tagHBA_PORT volatile*)
                0x00000000c0024ba2                SATABus::checkType(SATABus::tagHBA_PORT volatile*)
                0x00000000c0024bea                SATABus::startCmd(SATABus::tagHBA_PORT volatile*)
                0x00000000c0024c0a                SATABus::stopCmd(SATABus::tagHBA_PORT volatile*)
                0x00000000c0024c34                SATABus::portRebase(SATABus::tagHBA_PORT volatile*, int)
                0x00000000c0024d3a                SATABus::probePort(SATABus::tagHBA_MEM volatile*)
                0x00000000c0024e18                SATABus::open(int, int, void*)
 .text          0x00000000c0024e38      0x63c hw/diskphys/ata.32
                0x00000000c0024e38                ATA::close(int, int, void*)
                0x00000000c0024e5c                ATA::powerSaving(PowerSavingLevel)
                0x00000000c0024e5e                ATA::ATA()
                0x00000000c0024e5e                ATA::ATA()
                0x00000000c0024e8c                ATA::flush(bool)
                0x00000000c0024ed6                ATA::readyForCommand()
                0x00000000c0024f26                ATA::access(unsigned long long, int, void*, bool)
                0x00000000c00252ae                ATA::read(unsigned long long, int, void*)
                0x00000000c0025316                ATA::write(unsigned long long, int, void*)
                0x00000000c002537e                ATA::detectCHS()
                0x00000000c00253a8                ATA::open(int, int, void*)
 .text          0x00000000c0025474      0x5bd hw/diskphys/atapi.32
                0x00000000c0025474                ATAPI::write(unsigned long long, int, void*)
                0x00000000c002547a                ATAPI::close(int, int, void*)
                0x00000000c002549e                ATAPI::ATAPI()
                0x00000000c002549e                ATAPI::ATAPI()
                0x00000000c00254cc                ATAPI::readyForCommand()
                0x00000000c002551c                ATAPI::sendPacket(unsigned char*, int, bool, unsigned short*, int)
                0x00000000c00257dc                ATAPI::diskRemoved()
                0x00000000c00257f8                ATAPI::eject()
                0x00000000c0025840                ATAPI::diskInserted()
                0x00000000c002586e                ATAPI::detectMedia()
                0x00000000c002592a                ATAPI::open(int, int, void*)
                0x00000000c00259b2                ATAPI::read(unsigned long long, int, void*)
 *fill*         0x00000000c0025a31        0x1 
 .text          0x00000000c0025a32      0x451 hw/diskphys/sata.32
                0x00000000c0025a32                SATA::close(int, int, void*)
                0x00000000c0025a56                SATA::powerSaving(PowerSavingLevel)
                0x00000000c0025a58                SATA::open(int, int, void*)
                0x00000000c0025b02                SATA::SATA()
                0x00000000c0025b02                SATA::SATA()
                0x00000000c0025b30                SATA::access(unsigned long long, int, void*, bool)
                0x00000000c0025d96                SATA::read(unsigned long long, int, void*)
                0x00000000c0025dfe                SATA::write(unsigned long long, int, void*)
 *fill*         0x00000000c0025e83        0x1 
 .text          0x00000000c0025e84      0x4fe hw/diskphys/satapi.32
                0x00000000c0025e84                SATAPI::write(unsigned long long, int, void*)
                0x00000000c0025e8a                SATAPI::close(int, int, void*)
                0x00000000c0025eae                SATAPI::SATAPI()
                0x00000000c0025eae                SATAPI::SATAPI()
                0x00000000c0025edc                SATAPI::diskRemoved()
                0x00000000c0025ef8                SATAPI::diskInserted()
                0x00000000c0025f26                SATAPI::sendPacket(unsigned char*, int, unsigned long long, unsigned short*, int)
                0x00000000c002612e                SATAPI::eject()
                0x00000000c0026176                SATAPI::detectMedia()
                0x00000000c0026238                SATAPI::open(int, int, void*)
                0x00000000c00262e0                SATAPI::read(unsigned long long, int, void*)
 .text          0x00000000c0026382       0x8e hw/fpu/avx.32
                0x00000000c0026382                AVX::open(int, int, void*)
                0x00000000c0026394                AVX::close(int, int, void*)
                0x00000000c00263a6                AVX::available()
                0x00000000c00263b8                AVX::save(void*)
                0x00000000c00263d0                AVX::load(void*)
                0x00000000c00263e8                AVX::AVX()
                0x00000000c00263e8                AVX::AVX()
 .text          0x00000000c0026410       0x90 hw/fpu/mmx.32
                0x00000000c0026410                MMX::available()
                0x00000000c0026424                MMX::open(int, int, void*)
                0x00000000c0026436                MMX::close(int, int, void*)
                0x00000000c0026448                MMX::save(void*)
                0x00000000c0026460                MMX::load(void*)
                0x00000000c0026478                MMX::MMX()
                0x00000000c0026478                MMX::MMX()
 .text          0x00000000c00264a0       0x96 hw/fpu/sse.32
                0x00000000c00264a0                SSE::open(int, int, void*)
                0x00000000c00264b2                SSE::close(int, int, void*)
                0x00000000c00264c4                SSE::available()
                0x00000000c00264de                SSE::save(void*)
                0x00000000c00264f6                SSE::load(void*)
                0x00000000c002650e                SSE::SSE()
                0x00000000c002650e                SSE::SSE()
 .text          0x00000000c0026536       0x8e hw/fpu/x87.32
                0x00000000c0026536                x87::open(int, int, void*)
                0x00000000c0026548                x87::close(int, int, void*)
                0x00000000c002655a                x87::available()
                0x00000000c002656c                x87::save(void*)
                0x00000000c0026584                x87::load(void*)
                0x00000000c002659c                x87::x87()
                0x00000000c002659c                x87::x87()
 .text          0x00000000c00265c4      0x71e hw/intctrl/apic.32
                0x00000000c00265c4                APIC::disable()
                0x00000000c00265c6                APIC::close(int, int, void*)
                0x00000000c00265e8                IOAPIC::close(int, int, void*)
                0x00000000c00265ee                APIC::io_wait()
                0x00000000c00265f4                APIC::getBase()
                0x00000000c0026636                APIC::eoi(unsigned char)
                0x00000000c0026664                APIC::open(int, int, void*)
                0x00000000c00267b2                IOAPIC::IOAPIC()
                0x00000000c00267b2                IOAPIC::IOAPIC()
                0x00000000c00267da                APIC::APIC()
                0x00000000c00267da                APIC::APIC()
                0x00000000c00268b6                IOAPIC::handlesGSIWithNumber(unsigned int)
                0x00000000c00268e8                IOAPIC::read(int)
                0x00000000c0026910                IOAPIC::open(int, int, void*)
                0x00000000c0026a06                IOAPIC::write(int, int)
                0x00000000c0026a32                IOAPIC::redirect(unsigned char, unsigned long long, unsigned char, bool, bool)
                0x00000000c0026b2c                APIC::installIRQHandler(int, void (*)(regs*, void*), bool, void*)
 .text          0x00000000c0026ce2      0x3d3 hw/intctrl/pic.32
                0x00000000c0026ce2                PIC::disable()
                0x00000000c0026d10                PIC::close(int, int, void*)
                0x00000000c0026d32                PIC::PIC()
                0x00000000c0026d32                PIC::PIC()
                0x00000000c0026e08                PIC::ioWait()
                0x00000000c0026e0e                PIC::getIRQReg(int)
                0x00000000c0026e78                PIC::eoi(unsigned char)
                0x00000000c0026f0a                PIC::remap()
                0x00000000c0027076                PIC::open(int, int, void*)
 *fill*         0x00000000c00270b5        0x1 
 .text          0x00000000c00270b6      0x25e hw/timer/apictimer.32
                0x00000000c00270b6                APICTimer::close(int, int, void*)
                0x00000000c00270bc                apicTimerHandler(regs*, void*)
                0x00000000c00270ea                APICTimer::write(int)
                0x00000000c00271ee                APICTimer::open(int, int, void*)
                0x00000000c00272ec                APICTimer::APICTimer()
                0x00000000c00272ec                APICTimer::APICTimer()
 .text          0x00000000c0027314      0x1a7 hw/timer/pit.32
                0x00000000c0027314                PIT::write(int)
                0x00000000c0027392                pitHandler(regs*, void*)
                0x00000000c00273be                PIT::open(int, int, void*)
                0x00000000c002740c                PIT::close(int, int, void*)
                0x00000000c002743c                PIT::PIT()
                0x00000000c002743c                PIT::PIT()
 *fill*         0x00000000c00274bb        0x5 
 .text          0x00000000c00274c0       0x1e hw/fpu/x86/avx.32
                0x00000000c00274c0                avxDetect
                0x00000000c00274c6                avxSave
                0x00000000c00274c7                avxLoad
                0x00000000c00274c8                avxInit
                0x00000000c00274c9                avxClose
                0x00000000c00274ca                wouldSheSayYes
 *fill*         0x00000000c00274de        0x2 
 .text          0x00000000c00274e0       0x35 hw/fpu/x86/sse.32
                0x00000000c00274e0                absolutelyNoChanceInHell
                0x00000000c00274e0                sseDetect
                0x00000000c00274f8                sseSave
                0x00000000c00274fe                sseLoad
                0x00000000c0027504                sseInit
                0x00000000c0027514                sseClose
 *fill*         0x00000000c0027515        0xb 
 .text          0x00000000c0027520       0x4d hw/fpu/x86/x87.32
                0x00000000c0027526                x87Detect
                0x00000000c0027541                x87Save
                0x00000000c002754a                x87Load
                0x00000000c0027552                x87Init
                0x00000000c002756c                x87Close
 *fill*         0x00000000c002756d        0x3 
 .text          0x00000000c0027570       0x25 /cygdrive/d/Users/Alex/Desktop/Toolchain/Output/bin/../lib/gcc/i386-banana/8.1.0/crtend.o
 .text          0x00000000c0027595        0x0 crtn.32
 *fill*         0x00000000c0027595        0x3 
 .text          0x00000000c0027598      0x14b /cygdrive/d/Users/Alex/Desktop/Toolchain/Output/bin/../lib/gcc/i386-banana/8.1.0/libkgcc.a(_divdi3.o)
                0x00000000c0027598                __divdi3
 *fill*         0x00000000c00276e3        0x1 