Archive member included to satisfy reference by file (symbol)

/cygdrive/c/Users/Alex/Toolchain/Output/bin/../lib/gcc/i386-banana/8.1.0/libkgcc.a(_divdi3.o)
                              krnl/resolve.32 (__divdi3)
/cygdrive/c/Users/Alex/Toolchain/Output/bin/../lib/gcc/i386-banana/8.1.0/libkgcc.a(_moddi3.o)
                              krnl/resolve.32 (__moddi3)
/cygdrive/c/Users/Alex/Toolchain/Output/bin/../lib/gcc/i386-banana/8.1.0/libkgcc.a(_udivdi3.o)
                              hal/clock.32 (__udivdi3)
/cygdrive/c/Users/Alex/Toolchain/Output/bin/../lib/gcc/i386-banana/8.1.0/libkgcc.a(_umoddi3.o)
                              hal/clock.32 (__umoddi3)

Allocating common symbols
Common symbol       size              file

dcache              0x40              fs/iso9660/iso9660.32
cdDriveLetter       0x1               fs/iso9660/iso9660.32
icache              0x40              fs/iso9660/iso9660.32

Discarded input sections

 .comment       0x0000000000000000       0x12 /cygdrive/c/Users/Alex/Toolchain/Output/bin/../lib/gcc/i386-banana/8.1.0/crtbegin.o
 .comment       0x0000000000000000       0x12 acpica/utclib.32
 .comment       0x0000000000000000       0x12 krnl/malloc.32
 .comment       0x0000000000000000       0x12 libk/ctype.32
 .comment       0x0000000000000000       0x12 libk/string.32
 .comment       0x0000000000000000       0x12 arch/i386/cc.32
 .comment       0x0000000000000000       0x12 fs/fat/diskio.32
 .comment       0x0000000000000000       0x12 fs/fat/ff.32
 .comment       0x0000000000000000       0x12 fs/fat/ffsystem.32
 .comment       0x0000000000000000       0x12 fs/fat/ffunicode.32
 .comment       0x0000000000000000       0x12 fs/iso9660/iso9660.32
 .comment       0x0000000000000000       0x12 dbg/kconsole.32
 .comment       0x0000000000000000       0x12 dbg/usban.32
 .comment       0x0000000000000000       0x12 fs/symlink.32
 .group         0x0000000000000000        0xc fs/vfs.32
 .group         0x0000000000000000        0xc fs/vfs.32
 .group         0x0000000000000000        0xc fs/vfs.32
 .comment       0x0000000000000000       0x12 fs/vfs.32
 .group         0x0000000000000000        0xc hal/bus.32
 .comment       0x0000000000000000       0x12 hal/bus.32
 .comment       0x0000000000000000       0x12 hal/buzzer.32
 .group         0x0000000000000000        0xc hal/clock.32
 .comment       0x0000000000000000       0x12 hal/clock.32
 .group         0x0000000000000000       0x14 hal/device.32
 .group         0x0000000000000000        0xc hal/device.32
 .group         0x0000000000000000        0x8 hal/device.32
 .group         0x0000000000000000        0xc hal/device.32
 .group         0x0000000000000000        0xc hal/device.32
 .comment       0x0000000000000000       0x12 hal/device.32
 .group         0x0000000000000000        0xc hal/diskctrl.32
 .comment       0x0000000000000000       0x12 hal/diskctrl.32
 .group         0x0000000000000000        0xc hal/diskphys.32
 .comment       0x0000000000000000       0x12 hal/diskphys.32
 .comment       0x0000000000000000       0x12 hal/fpu.32
 .comment       0x0000000000000000       0x12 hal/intctrl.32
 .group         0x0000000000000000        0xc hal/keybrd.32
 .comment       0x0000000000000000       0x12 hal/keybrd.32
 .group         0x0000000000000000        0xc hal/logidisk.32
 .comment       0x0000000000000000       0x12 hal/logidisk.32
 .group         0x0000000000000000        0xc hal/mouse.32
 .comment       0x0000000000000000       0x12 hal/mouse.32
 .group         0x0000000000000000        0xc hal/nic.32
 .comment       0x0000000000000000       0x12 hal/nic.32
 .comment       0x0000000000000000       0x12 hal/partition.32
 .group         0x0000000000000000        0xc hal/serial.32
 .comment       0x0000000000000000       0x12 hal/serial.32
 .group         0x0000000000000000        0x8 hal/timer.32
 .group         0x0000000000000000        0x8 hal/timer.32
 .group         0x0000000000000000        0xc hal/timer.32
 .group         0x0000000000000000        0xc hal/timer.32
 .group         0x0000000000000000        0xc hal/timer.32
 .comment       0x0000000000000000       0x12 hal/timer.32
 .group         0x0000000000000000        0xc hal/vcache.32
 .comment       0x0000000000000000       0x12 hal/vcache.32
 .group         0x0000000000000000        0xc hal/video.32
 .comment       0x0000000000000000       0x12 hal/video.32
 .group         0x0000000000000000       0x14 hw/acpi.32
 .group         0x0000000000000000        0x8 hw/acpi.32
 .group         0x0000000000000000        0x8 hw/acpi.32
 .group         0x0000000000000000        0x8 hw/acpi.32
 .group         0x0000000000000000        0xc hw/acpi.32
 .group         0x0000000000000000        0xc hw/acpi.32
 .comment       0x0000000000000000       0x12 hw/acpi.32
 .comment       0x0000000000000000       0x12 krnl/atexit.32
 .comment       0x0000000000000000       0x12 krnl/bootmsg.32
 .comment       0x0000000000000000       0x12 krnl/c++.32
[...]
Memory Configuration

Name             Origin             Length             Attributes
*default*        0x0000000000000000 0xffffffffffffffff

Linker script and memory map

LOAD C:/Users/Alex/Desktop/Banana/kernel/boot.32
LOAD crti.32
LOAD /cygdrive/c/Users/Alex/Toolchain/Output/bin/../lib/gcc/i386-banana/8.1.0/crtbegin.o
LOAD C:/Users/Alex/Desktop/Banana/kernel/morenasm.32
LOAD acpica/utclib.32
LOAD krnl/malloc.32
LOAD libk/ctype.32
LOAD libk/string.32
LOAD arch/i386/cc.32
LOAD fs/fat/diskio.32
LOAD fs/fat/ff.32
LOAD fs/fat/ffsystem.32
LOAD fs/fat/ffunicode.32
LOAD fs/iso9660/iso9660.32
LOAD dbg/kconsole.32
LOAD dbg/usban.32
LOAD fs/symlink.32
LOAD fs/vfs.32
LOAD hal/bus.32
LOAD hal/buzzer.32
LOAD hal/clock.32
LOAD hal/device.32
LOAD hal/diskctrl.32
LOAD hal/diskphys.32
LOAD hal/fpu.32
LOAD hal/intctrl.32
LOAD hal/keybrd.32
LOAD hal/logidisk.32
LOAD hal/mouse.32
LOAD hal/nic.32
LOAD hal/partition.32
LOAD hal/serial.32
LOAD hal/timer.32
LOAD hal/vcache.32
LOAD hal/video.32
LOAD hw/acpi.32
LOAD krnl/atexit.32
LOAD krnl/bootmsg.32
LOAD krnl/c++.32
LOAD krnl/cdefs.32
LOAD krnl/cm.32
LOAD krnl/compat.32
LOAD krnl/computer.32
LOAD krnl/crc32.32
LOAD krnl/env.32
LOAD krnl/fault.32
LOAD krnl/gdt.32
LOAD krnl/idle.32
LOAD krnl/idt.32
LOAD krnl/inlines.32
LOAD krnl/kheap.32
LOAD krnl/mailbox.32
LOAD krnl/main.32
LOAD krnl/mutex.32
LOAD krnl/panic.32
LOAD krnl/physmgr.32
LOAD krnl/pipe.32
LOAD krnl/powctrl.32
LOAD krnl/random.32
LOAD krnl/resolve.32
LOAD krnl/semaphore.32
LOAD krnl/signal.32
LOAD krnl/syscalls.32
LOAD krnl/terminal.32
LOAD krnl/tss.32
LOAD krnl/unixfile.32
LOAD krnl/virtmgr.32
LOAD sys/eject.32
LOAD sys/exit.32
LOAD sys/getcwd.32
LOAD sys/getpid.32
LOAD sys/getramdata.32
LOAD sys/getvgaptr.32
LOAD sys/kill.32
LOAD sys/loaddll.32
LOAD sys/read.32
LOAD sys/registersignal.32
LOAD sys/registry.32
LOAD sys/sbrk.32
LOAD sys/setcwd.32
LOAD sys/settime.32
LOAD sys/symlink.32
LOAD sys/timezone.32
LOAD sys/truncate.32
LOAD sys/write.32
LOAD sys/wsbe.32
LOAD sys/yield.32
LOAD thr/elf.32
LOAD thr/exec.32
LOAD thr/prcssthr.32
LOAD vm86/vm8086.32
LOAD arch/i386/cpu.32
LOAD arch/i386/hal.32
LOAD arch/i386/intctrl.32
LOAD arch/i386/pic.32
LOAD arch/i386/rtc.32
LOAD arch/i386/vga.32
LOAD fs/fat/vfslink.32
LOAD fs/iso9660/helper.32
LOAD fs/iso9660/vfslink.32
LOAD hal/sound/sndcard.32
LOAD hal/sound/sndport.32
LOAD hw/bus/isa.32
LOAD hw/bus/pci.32
LOAD hw/diskctrl/ide.32
LOAD hw/diskctrl/satabus.32
LOAD hw/diskphys/ata.32
LOAD hw/diskphys/atapi.32
LOAD hw/diskphys/sata.32
LOAD hw/diskphys/satapi.32
LOAD hw/intctrl/apic.32
LOAD hw/timer/apictimer.32
LOAD hw/timer/pit.32
LOAD arch/i386/avx.32
LOAD arch/i386/interrupt.32
LOAD arch/i386/rdrand.32
LOAD arch/i386/sse.32
LOAD arch/i386/x87.32
LOAD /cygdrive/c/Users/Alex/Toolchain/Output/bin/../lib/gcc/i386-banana/8.1.0/crtend.o
LOAD crtn.32
LOAD /cygdrive/c/Users/Alex/Toolchain/Output/bin/../lib/gcc/i386-banana/8.1.0/libkgcc.a
LOAD C:/Users/Alex/Desktop/Banana/kernel/libsoftfp.a
LOAD C:/Users/Alex/Desktop/Banana/kernel/libk/libm32.a
                0x00000000c0000000                . = 0xc0000000

.text           0x00000000c0000000    0x2003a
 *(.text)
 .text          0x00000000c0000000       0x20 C:/Users/Alex/Desktop/Banana/kernel/boot.32
 .text          0x00000000c0000020        0x0 crti.32
 .text          0x00000000c0000020      0x101 /cygdrive/c/Users/Alex/Toolchain/Output/bin/../lib/gcc/i386-banana/8.1.0/crtbegin.o
 *fill*         0x00000000c0000121        0xf 
 .text          0x00000000c0000130      0x24f C:/Users/Alex/Desktop/Banana/kernel/morenasm.32
                0x00000000c0000130                manualPCIProbe
                0x00000000c000017b                prepareTramp
                0x00000000c0000194                doTPAUSE
                0x00000000c000019e                hasLegacyFPU
                0x00000000c00001c3                is486
                0x00000000c00001f9                detectCPUID
                0x00000000c000020f                goToVM86
                0x00000000c000023f                goToUsermode
                0x00000000c0000269                switchToThreadASMFirstTime
                0x00000000c0000277                switchToThreadASM
                0x00000000c00002fc                asmQuickAcquireLock
                0x00000000c000031a                asmQuickReleaseLock
                0x00000000c0000326                asmAcquireLock
                0x00000000c0000347                asmReleaseLock
                0x00000000c000035a                loadGDT
                0x00000000c000037a                memcpy
 *fill*         0x00000000c000037f        0x1 
 .text          0x00000000c0000380      0x868 acpica/utclib.32
                0x00000000c0000380                memcmp
                0x00000000c00003d0                memmove
                0x00000000c00004f0                memset
                0x00000000c0000570                strlen
                0x00000000c00005a0                strpbrk
                0x00000000c00005f0                strtok
                0x00000000c0000640                strcpy
                0x00000000c0000680                strncpy
                0x00000000c0000750                strcmp
                0x00000000c00007a0                strchr
                0x00000000c00007e0                strncmp
                0x00000000c0000840                strcat
                0x00000000c0000870                strncat
                0x00000000c00008d0                strstr
                0x00000000c0000930                toupper
                0x00000000c0000950                tolower
                0x00000000c0000970                simple_strtoul
 .text          0x00000000c0000be8     0x1140 krnl/malloc.32
                0x00000000c0000d53                dlfree
                0x00000000c000121a                dlmalloc
                0x00000000c0001757                dlrealloc
                0x00000000c0001934                dlmemalign
                0x00000000c0001a57                dlcalloc
                0x00000000c0001ae8                dlcfree
                0x00000000c0001aed                dlindependent_calloc
                0x00000000c0001b12                dlindependent_comalloc
                0x00000000c0001b29                dlvalloc
                0x00000000c0001b54                dlpvalloc
                0x00000000c0001b8a                dlmalloc_trim
                0x00000000c0001b97                dlmalloc_usable_size
                0x00000000c0001bc8                dlmallinfo
                0x00000000c0001c97                dlmalloc_stats
                0x00000000c0001ca8                dlmallopt
 .text          0x00000000c0001d28      0x1f2 libk/ctype.32
                0x00000000c0001d28                isblank
                0x00000000c0001d48                iscntrl
                0x00000000c0001d68                isdigit
                0x00000000c0001d84                islower
                0x00000000c0001da0                isspace
                0x00000000c0001dc8                isupper
                0x00000000c0001de4                isalpha
                0x00000000c0001e14                isalnum
                0x00000000c0001e44                ispunct
                0x00000000c0001e84                isgraph
                0x00000000c0001eb4                isprint
                0x00000000c0001edc                isxdigit
 .text          0x00000000c0001f1a        0x0 libk/string.32
 *fill*         0x00000000c0001f1a        0x2 
 .text          0x00000000c0001f1c       0x53 arch/i386/cc.32
                0x00000000c0001f1c                LWIP_PLATFORM_HTONS
                0x00000000c0001f40                LWIP_PLATFORM_HTONL
 .text          0x00000000c0001f6f       0x51 fs/fat/diskio.32
                0x00000000c0001f6f                disk_status
                0x00000000c0001f72                disk_initialize
                0x00000000c0001f75                disk_read
                0x00000000c0001f8b                disk_write
                0x00000000c0001fa1                disk_ioctl
 .text          0x00000000c0001fc0     0x3e46 fs/fat/ff.32
                0x00000000c0003de1                f_mount
                0x00000000c0003e43                f_open
                0x00000000c0004106                f_read
                0x00000000c0004305                f_write
                0x00000000c000454d                f_sync
                0x00000000c0004612                f_close
                0x00000000c0004641                f_lseek
                0x00000000c00047f2                f_opendir
                0x00000000c00048bd                f_closedir
                0x00000000c00048df                f_readdir
                0x00000000c0004971                f_stat
                0x00000000c00049f0                f_getfree
                0x00000000c0004af9                f_truncate
                0x00000000c0004be3                f_unlink
                0x00000000c0004d05                f_mkdir
                0x00000000c0004ea0                f_rename
                0x00000000c0005058                f_chmod
                0x00000000c0005108                f_utime
                0x00000000c00051b8                f_getlabel
                0x00000000c0005309                f_setlabel
                0x00000000c0005499                f_expand
                0x00000000c0005606                f_mkfs
 *fill*         0x00000000c0005e06        0x2 
 .text          0x00000000c0005e08       0x2f fs/fat/ffsystem.32
                0x00000000c0005e08                ff_memalloc
                0x00000000c0005e20                ff_memfree
 *fill*         0x00000000c0005e37        0x1 
 .text          0x00000000c0005e38      0x2dc fs/fat/ffunicode.32
                0x00000000c0005e38                ff_uni2oem
                0x00000000c0005ed8                ff_oem2uni
                0x00000000c0005f50                ff_wtoupper
 .text          0x00000000c0006114      0xd32 fs/iso9660/iso9660.32
                0x00000000c000635f                isoReadDiscSector
                0x00000000c00063fa                strnicmp
                0x00000000c00066a9                stricmp
                0x00000000c00066f5                iso_open
                0x00000000c000677f                iso_close
                0x00000000c000679d                iso_read
                0x00000000c00068b3                iso_seek
                0x00000000c0006937                iso_tell
                0x00000000c0006968                iso_total
                0x00000000c0006993                fn_postprocess
                0x00000000c00069ba                iso_readdir
                0x00000000c0006c11                iso_reset
                0x00000000c0006c2e                init_percd
                0x00000000c0006d28                iso_ioctl
                0x00000000c0006d40                fs_iso9660_init
                0x00000000c0006dd6                fs_iso9660_shutdown
 .text          0x00000000c0006e46      0x254 dbg/kconsole.32
                0x00000000c0006e46                Dbg::stringifyxWithBase(unsigned int, char*, int)
                0x00000000c0006ee6                Dbg::logc(char)
                0x00000000c0006f06                Dbg::logs(char*)
                0x00000000c0006f25                Dbg::logWriteInt(unsigned int)
                0x00000000c0006f43                Dbg::logWriteIntBase(unsigned int, int)
                0x00000000c0006f64                Dbg::kprintf(char const*, ...)
 *fill*         0x00000000c000709a        0x2 
 .text          0x00000000c000709c      0x2d4 dbg/usban.32
                0x00000000c000709c                KiUbsanPrintDetails(char const*, void*)
                0x00000000c0007108                __ubsan_handle_type_mismatch_v1
                0x00000000c00071e4                __ubsan_handle_pointer_overflow
                0x00000000c0007210                __ubsan_handle_out_of_bounds
                0x00000000c000723c                __ubsan_handle_add_overflow
                0x00000000c0007268                __ubsan_handle_load_invalid_value
                0x00000000c0007294                __ubsan_handle_divrem_overflow
                0x00000000c00072c0                __ubsan_handle_mul_overflow
                0x00000000c00072ec                __ubsan_handle_sub_overflow
                0x00000000c0007318                __ubsan_handle_shift_out_of_bounds
                0x00000000c0007344                __ubsan_handle_negate_overflow
 .text          0x00000000c0007370      0x814 fs/symlink.32
                0x00000000c00074bf                KiDeinitialiseSymlinks(void*)
                0x00000000c0007552                KeRegisterSymlink(char const*, unsigned long long)
                0x00000000c00075d5                KeInitialiseSymlinks()
                0x00000000c0007737                KiIsSymlinkRegistered(char const*)
                0x00000000c00078a1                KeDereferenceSymlink(char const*, char*)
                0x00000000c0007a48                KeCreateSymlink(char const*, char const*)
 .text          0x00000000c0007b84      0xd68 fs/vfs.32
                0x00000000c0007b84                File::read(unsigned long long, void*, int*)
                0x00000000c0007bdc                File::write(unsigned long long, void*, int*)
                0x00000000c0007c34                Directory::read(unsigned long long, void*, int*)
                0x00000000c0007c8c                Directory::write(unsigned long long, void*, int*)
                0x00000000c0007cba                File::isAtty()
                0x00000000c0007cbe                Directory::isAtty()
                0x00000000c0007cc2                Filesystem::getlabel(LogicalDisk*, int, char*, unsigned int*)
                0x00000000c0007cc8                Filesystem::setlabel(LogicalDisk*, int, char*)
                0x00000000c0007cce                Filesystem::allocateSwapfile(char const*, int)
                0x00000000c0007cd4                File::~File()
                0x00000000c0007cd4                File::~File()
                0x00000000c0007cf8                File::~File()
                0x00000000c0007d22                Directory::~Directory()
                0x00000000c0007d22                Directory::~Directory()
                0x00000000c0007d46                Directory::~Directory()
                0x00000000c0007d70                Filesystem::Filesystem()
                0x00000000c0007d70                Filesystem::Filesystem()
                0x00000000c0007d94                Filesystem::~Filesystem()
                0x00000000c0007d94                Filesystem::~Filesystem()
                0x00000000c0007da2                Filesystem::~Filesystem()
                0x00000000c0007dc6                Fs::getcwd(Process*, char*, int)
                0x00000000c0007df0                Fs::initVFS()
                0x00000000c0007e1a                Fs::standardiseFiles(char*, char const*, char const*, bool)
                0x00000000c0008034                File::File(char const*, Process*, bool)
                0x00000000c0008034                File::File(char const*, Process*, bool)
                0x00000000c0008112                File::File(char const*, Process*)
                0x00000000c0008112                File::File(char const*, Process*)
                0x00000000c0008130                File::open(FileOpenMode)
                0x00000000c000818e                File::close()
                0x00000000c00081ee                File::seek(unsigned long long)
                0x00000000c0008244                File::truncate(unsigned long long)
                0x00000000c000829a                File::tell(unsigned long long*)
                0x00000000c00082ea                File::rewind()
                0x00000000c00082fe                File::unlink()
                0x00000000c000834a                File::rename(char const*)
                0x00000000c0008398                File::chfatattr(unsigned char, unsigned char)
                0x00000000c00083f4                File::exists()
                0x00000000c0008432                File::stat(unsigned long long*, bool*)
                0x00000000c0008493                Fs::setcwd(Process*, char*)
                0x00000000c00085f2                Directory::Directory(char const*, Process*)
                0x00000000c00085f2                Directory::Directory(char const*, Process*)
                0x00000000c00086ba                Directory::open()
                0x00000000c0008716                Directory::close()
                0x00000000c0008776                Directory::unlink()
                0x00000000c00087c2                Directory::rename(char const*)
                0x00000000c0008810                Directory::exists()
                0x00000000c000884e                Directory::read(dirent*)
                0x00000000c000889a                Directory::create()
                0x00000000c00088e6                Filesystem::chfatattr(char const*, unsigned char, unsigned char)
 .text          0x00000000c00088ec       0x86 hal/bus.32
                0x00000000c00088ec                Bus::Bus(char const*)
                0x00000000c00088ec                Bus::Bus(char const*)
                0x00000000c0008924                Bus::~Bus()
                0x00000000c0008924                Bus::~Bus()
                0x00000000c0008948                Bus::~Bus()
 .text          0x00000000c0008972       0x96 hal/buzzer.32
                0x00000000c0008972                beepThread(void*)
                0x00000000c00089af                Krnl::beep(int, int, bool)
 .text          0x00000000c0008a08      0x513 hal/clock.32
                0x00000000c0008a08                User::loadClockSettings()
                0x00000000c0008b0e                Clock::Clock(char const*)
                0x00000000c0008b0e                Clock::Clock(char const*)
                0x00000000c0008b44                Clock::~Clock()
                0x00000000c0008b44                Clock::~Clock()
                0x00000000c0008b68                Clock::~Clock()
                0x00000000c0008b92                Clock::timeInSecondsLocal()
                0x00000000c0008bda                Clock::setTimeInSecondsLocal(unsigned long long)
                0x00000000c0008c33                datetimeToSeconds(datetime_t)
                0x00000000c0008d52                Clock::setTimeInDatetimeLocal(datetime_t)
                0x00000000c0008db2                secondsToDatetime(unsigned long long)
                0x00000000c0008ef6                Clock::timeInDatetimeLocal()
 *fill*         0x00000000c0008f1b        0x1 
 .text          0x00000000c0008f1c      0x47a hal/device.32
                0x00000000c0008f1c                Device::hibernate()
                0x00000000c0008f1e                Device::wake()
                0x00000000c0008f20                Device::detect()
                0x00000000c0008f22                Device::disableLegacy()
                0x00000000c0008f24                Device::powerSaving(PowerSavingLevel)
                0x00000000c0008f26                DriverlessDevice::close(int, int, void*)
                0x00000000c0008f2a                DriverlessDevice::detect()
                0x00000000c0008f2c                DriverlessDevice::open(int, int, void*)
                0x00000000c0008f40                Device::~Device()
                0x00000000c0008f40                Device::~Device()
                0x00000000c0008f4e                Device::~Device()
                0x00000000c0008f76                Device::findAndLoadDriver()
                0x00000000c0008f84                Device::preOpenPCI(PCIDeviceInfo)
                0x00000000c0008faa                Device::preOpenACPI(void*, char*, char*)
                0x00000000c0008fea                Device::addIRQHandler(int, void (*)(regs*, void*), bool, void*)
                0x00000000c0009014                Device::getParent()
                0x00000000c0009020                Device::removeIRQHandler(int, void (*)(regs*, void*), bool)
                0x00000000c000903e                Device::addChild(Device*)
                0x00000000c0009082                Device::removeAllChildren()
                0x00000000c00090c8                Device::hibernateAll()
                0x00000000c00090f8                Device::wakeAll()
                0x00000000c0009128                Device::detectAll()
                0x00000000c0009158                Device::disableLegacyAll()
                0x00000000c000915a                Device::loadDriversForAll()
                0x00000000c000915c                Device::powerSavingAll(PowerSavingLevel)
                0x00000000c0009192                Device::setName(char const*)
                0x00000000c00091a0                Device::Device(char const*)
                0x00000000c00091a0                Device::Device(char const*)
                0x00000000c000929c                Device::getName()
                0x00000000c00092a6                Device::closeAll()
                0x00000000c00092f2                DriverlessDevice::DriverlessDevice(char const*)
                0x00000000c00092f2                DriverlessDevice::DriverlessDevice(char const*)
                0x00000000c0009328                Device::addToLinkedList(LinkedList<Device>&, DeviceType)
                0x00000000c000936c                getDevicesOfType(DeviceType)
 *fill*         0x00000000c0009396        0x2 
 .text          0x00000000c0009398       0x86 hal/diskctrl.32
                0x00000000c0009398                HardDiskController::HardDiskController(char const*)
                0x00000000c0009398                HardDiskController::HardDiskController(char const*)
                0x00000000c00093d0                HardDiskController::~HardDiskController()
                0x00000000c00093d0                HardDiskController::~HardDiskController()
                0x00000000c00093f4                HardDiskController::~HardDiskController()
 .text          0x00000000c000941e       0xe2 hal/diskphys.32
                0x00000000c000941e                PhysicalDisk::eject()
                0x00000000c0009422                PhysicalDisk::PhysicalDisk(char const*, int)
                0x00000000c0009422                PhysicalDisk::PhysicalDisk(char const*, int)
                0x00000000c000948a                PhysicalDisk::startCache()
                0x00000000c00094b2                PhysicalDisk::~PhysicalDisk()
                0x00000000c00094b2                PhysicalDisk::~PhysicalDisk()
                0x00000000c00094d6                PhysicalDisk::~PhysicalDisk()
 .text          0x00000000c0009500        0x0 hal/fpu.32
 .text          0x00000000c0009500        0x0 hal/intctrl.32
 .text          0x00000000c0009500      0x8bc hal/keybrd.32
                0x00000000c0009500                startGUI(void*)
                0x00000000c000956a                startGUIVESA(void*)
                0x00000000c00095d4                sendKeyToTerminal(unsigned char)
                0x00000000c00096af                sendKeyboardToken(KeyboardToken)
                0x00000000c0009b6b                clearInternalKeybuffer(VgaText*)
                0x00000000c0009ba0                readKeyboard(VgaText*, char*, unsigned long)
                0x00000000c0009d32                Keyboard::Keyboard(char const*)
                0x00000000c0009d32                Keyboard::Keyboard(char const*)
                0x00000000c0009d6e                Keyboard::~Keyboard()
                0x00000000c0009d6e                Keyboard::~Keyboard()
                0x00000000c0009d92                Keyboard::~Keyboard()
 .text          0x00000000c0009dbc      0x3f8 hal/logidisk.32
                0x00000000c0009dbc                LogicalDisk::close(int, int, void*)
                0x00000000c0009dc0                LogicalDisk::~LogicalDisk()
                0x00000000c0009dc0                LogicalDisk::~LogicalDisk()
                0x00000000c0009de4                LogicalDisk::~LogicalDisk()
                0x00000000c0009e0e                LogicalDisk::open(int, int, void*)
                0x00000000c0009e22                LogicalDisk::absoluteToRelative(unsigned long long)
                0x00000000c0009e5a                LogicalDisk::relativeToAbsolute(unsigned long long)
                0x00000000c0009ea0                LogicalDisk::LogicalDisk(char const*, PhysicalDisk*, unsigned long long, unsigned long long)
                0x00000000c0009ea0                LogicalDisk::LogicalDisk(char const*, PhysicalDisk*, unsigned long long, unsigned long long)
                0x00000000c0009f60                LogicalDisk::assignDriveLetter()
                0x00000000c000a01a                LogicalDisk::mount()
                0x00000000c000a062                LogicalDisk::unmount()
                0x00000000c000a072                LogicalDisk::eject()
                0x00000000c000a086                LogicalDisk::unassignDriveLetter()
                0x00000000c000a0dc                LogicalDisk::read(unsigned long long, int, void*)
                0x00000000c000a148                LogicalDisk::write(unsigned long long, int, void*)
 .text          0x00000000c000a1b4       0x86 hal/mouse.32
                0x00000000c000a1b4                Mouse::Mouse(char const*)
                0x00000000c000a1b4                Mouse::Mouse(char const*)
                0x00000000c000a1ec                Mouse::~Mouse()
                0x00000000c000a1ec                Mouse::~Mouse()
                0x00000000c000a210                Mouse::~Mouse()
 .text          0x00000000c000a23a       0x90 hal/nic.32
                0x00000000c000a23a                NIC::getMAC()
                0x00000000c000a240                NIC::write(int, unsigned char*, int*)
                0x00000000c000a246                NIC::NIC(char const*)
                0x00000000c000a246                NIC::NIC(char const*)
                0x00000000c000a27c                NIC::~NIC()
                0x00000000c000a27c                NIC::~NIC()
                0x00000000c000a2a0                NIC::~NIC()
 .text          0x00000000c000a2ca      0x33b hal/partition.32
                0x00000000c000a2ca                makePartition(PhysicalDisk*, unsigned long long, unsigned long long)
                0x00000000c000a372                createPartitionsForDisk(PhysicalDisk*)
 *fill*         0x00000000c000a605        0x3 
 .text          0x00000000c000a608       0x86 hal/serial.32
                0x00000000c000a608                Serial::Serial(char const*)
                0x00000000c000a608                Serial::Serial(char const*)
                0x00000000c000a640                Serial::~Serial()
                0x00000000c000a640                Serial::~Serial()
                0x00000000c000a664                Serial::~Serial()
 *fill*         0x00000000c000a68e        0x2 
 .text          0x00000000c000a690      0x230 hal/timer.32
                0x00000000c000a690                Timer::Timer(char const*)
                0x00000000c000a690                Timer::Timer(char const*)
                0x00000000c000a6c8                Timer::~Timer()
                0x00000000c000a6c8                Timer::~Timer()
                0x00000000c000a6ec                Timer::~Timer()
                0x00000000c000a716                Timer::read()
                0x00000000c000a721                setupTimer(int)
                0x00000000c000a75c                timerHandler(unsigned int)
 .text          0x00000000c000a8c0      0x444 hal/vcache.32
                0x00000000c000a8c0                VCache::VCache(PhysicalDisk*)
                0x00000000c000a8c0                VCache::VCache(PhysicalDisk*)
                0x00000000c000aa30                VCache::invalidateReadBuffer()
                0x00000000c000aa40                VCache::writeWriteBuffer()
                0x00000000c000aa8c                VCache::~VCache()
                0x00000000c000aa8c                VCache::~VCache()
                0x00000000c000aae4                VCache::~VCache()
                0x00000000c000ab0c                VCache::write(unsigned long long, int, void*)
                0x00000000c000ac00                VCache::read(unsigned long long, int, void*)
 .text          0x00000000c000ad04      0x70e hal/video.32
                0x00000000c000ad04                Video::putrect(int, int, int, int, unsigned int)
                0x00000000c000ad50                Video::bitblit(int, int, int, int, int, int, int, unsigned int*)
                0x00000000c000adc0                Video::blit(unsigned int*, int, int, int, int)
                0x00000000c000ae3e                Video::clearScreen(unsigned int)
                0x00000000c000ae72                Video::putpixel(int, int, unsigned int)
                0x00000000c000ae80                Video::readPixelApprox(int, int)
                0x00000000c000ae94                Video::Video(char const*)
                0x00000000c000ae94                Video::Video(char const*)
                0x00000000c000aeca                Video::~Video()
                0x00000000c000aeca                Video::~Video()
                0x00000000c000aeee                Video::~Video()
                0x00000000c000af18                Video::isMonochrome()
                0x00000000c000af24                Video::getWidth()
                0x00000000c000af30                Video::getHeight()
                0x00000000c000af3c                Video::drawCursor(int, int, unsigned int*, int)
                0x00000000c000aff8                Video::tgaParse(unsigned char*, int, int*, int*)
                0x00000000c000b3a2                Video::putTGA(int, int, unsigned char*, int)
 *fill*         0x00000000c000b412        0x2 
 .text          0x00000000c000b414     0x114f hw/acpi.32
                0x00000000c000b414                ACPI::close(int, int, void*)
                0x00000000c000b41c                loadACPITables(unsigned char*)
                0x00000000c000b67c                findRSDT(unsigned char*)
                0x00000000c000b7c8                findDataTable(unsigned char*, char*)
                0x00000000c000b83c                scanMADT()
                0x00000000c000bc94                ACPI::ACPI()
                0x00000000c000bc94                ACPI::ACPI()
                0x00000000c000bce8                ACPI::getPCIIRQAssignment(unsigned char, unsigned short, unsigned char)
                0x00000000c000bde4                ACPI::registerPCIIRQAssignment(void*, unsigned short, unsigned char, unsigned char)
                0x00000000c000beb0                ACPI::setScreenBrightnessLevel(void*, int)
                0x00000000c000beb8                ACPI::detectPCI()
                0x00000000c000c0c4                ACPI::writeSimpleBootFlag(SimpleBootFlagTable*)
                0x00000000c000c0dc                ACPI::open(int, int, void*)
 .text          0x00000000c000c563       0xb6 krnl/atexit.32
                0x00000000c000c563                KeInitialiseAtexit()
                0x00000000c000c582                KeRegisterAtexit(void (*)(void*), void*)
                0x00000000c000c5b6                KeExecuteAtexit()
 .text          0x00000000c000c619       0x9f krnl/bootmsg.32
                0x00000000c000c619                KeDisplaySplashScreen()
                0x00000000c000c648                KeSetBootMessage(char const*)
 .text          0x00000000c000c6b8       0x5f krnl/c++.32
                0x00000000c000c6b8                __cxa_atexit
                0x00000000c000c6bb                __cxa_finalize
                0x00000000c000c6bc                __stack_chk_fail
                0x00000000c000c6f2                __cxa_pure_virtual
                0x00000000c000c703                operator new[](unsigned long)
                0x00000000c000c708                operator delete(void*, unsigned long)
                0x00000000c000c70d                operator delete[](void*)
                0x00000000c000c712                operator delete[](void*, unsigned long)
 *fill*         0x00000000c000c717        0x1 
 .text          0x00000000c000c718       0x48 krnl/cdefs.32
                0x00000000c000c718                CUnlockScheduler
                0x00000000c000c734                CLockScheduler
                0x00000000c000c744                CPrintf
 .text          0x00000000c000c760      0xd56 krnl/cm.32
                0x00000000c000c760                CmOpen(char const*)
                0x00000000c000c87e                CmClose(Reghive_Tag*)
                0x00000000c000c894                CmReadExtent(Reghive_Tag*, int, unsigned char*)
                0x00000000c000c8d0                CmGetString(Reghive_Tag*, int, char*)
                0x00000000c000c947                CmEnterDirectory(Reghive_Tag*, int)
                0x00000000c000c986                CmGetNext(Reghive_Tag*, int)
                0x00000000c000c9b8                CmWriteExtent(Reghive_Tag*, int, unsigned char*)
                0x00000000c000c9f4                CmFreeExtent(Reghive_Tag*, int)
                0x00000000c000ca1c                CmUpdateHeader(Reghive_Tag*)
                0x00000000c000ca3d                CmExpand(Reghive_Tag*, int)
                0x00000000c000cab8                CmFindUnusedExtent(Reghive_Tag*)
                0x00000000c000cb3e                CmCreateExtent(Reghive_Tag*, int, int, unsigned char*)
                0x00000000c000cc32                CmSetString(Reghive_Tag*, int, char const*)
                0x00000000c000cd6e                CmGetMatch(char*, char*, bool, bool*)
                0x00000000c000cdcf                CmAddShift(unsigned int*, int*, unsigned char, int)
                0x00000000c000cdff                CmGetShift(unsigned int*, int*, int, bool*)
                0x00000000c000ce36                CmGetInteger(Reghive_Tag*, int, unsigned long long*)
                0x00000000c000ce60                CmSetInteger(Reghive_Tag*, int, unsigned long long)
                0x00000000c000cea0                CmConvertFromInternalFilename(unsigned char const*, char*)
                0x00000000c000cf44                CmGetNameAndTypeFromExtent(Reghive_Tag*, int, char*)
                0x00000000c000cf72                CmConvertToInternalFilename(char const*, unsigned char*)
                0x00000000c000d110                CmCreateString(Reghive_Tag*, int, char const*)
                0x00000000c000d15d                CmFindInDirectory(Reghive_Tag*, int, char const*)
                0x00000000c000d1d7                CmCreateInteger(Reghive_Tag*, int, char const*, unsigned long long, int)
                0x00000000c000d22a                CmCreateDirectory(Reghive_Tag*, int, char const*)
                0x00000000c000d2ee                zStrtok(char*, char const*)
                0x00000000c000d360                CmFindObjectFromPath(Reghive_Tag*, char const*)
                0x00000000c000d3e1                CmDisplayTree(Reghive_Tag*, int, int)
                0x00000000c000d484                CmSplitFinalSlashInPlace(char*)
 *fill*         0x00000000c000d4b6        0x2 
 .text          0x00000000c000d4b8       0x1d krnl/compat.32
                0x00000000c000d4b8                Krnl::handlePowerButton()
                0x00000000c000d4c8                Krnl::handleSleepButton()
 *fill*         0x00000000c000d4d5        0x1 
 .text          0x00000000c000d4d6      0x2a7 krnl/computer.32
                0x00000000c000d4d6                Computer::close(int, int, void*)
                0x00000000c000d4dc                Computer::open(int, int, void*)
                0x00000000c000d5a7                KeFirstTask()
                0x00000000c000d6c8                Computer::Computer()
                0x00000000c000d6c8                Computer::Computer()
                0x00000000c000d70c                KePrepareShutdown()
                0x00000000c000d72c                KeShutdown()
                0x00000000c000d750                KeSleep()
                0x00000000c000d75c                KeRestart()
 .text          0x00000000c000d77d       0x2b krnl/crc32.32
                0x00000000c000d77d                KeCalculateCRC32(unsigned char*, int)
 .text          0x00000000c000d7a8      0x5bf krnl/env.32
                0x00000000c000d7a8                EnvVarContainer::getEnv(char const*)
                0x00000000c000d7e6                EnvVarContainer::setEnv(char const*, char const*)
                0x00000000c000d8a8                EnvVarContainer::deleteEnv(char const*)
                0x00000000c000d8aa                EnvVarContainer::loadFrom(char const*, char const*)
                0x00000000c000dace                EnvVarContainer::__loadSystem()
                0x00000000c000dae8                EnvVarContainer::__loadUser()
                0x00000000c000daea                EnvVarContainer::EnvVarContainer(Process*)
                0x00000000c000daea                EnvVarContainer::EnvVarContainer(Process*)
                0x00000000c000db0c                EnvVarContainer::~EnvVarContainer()
                0x00000000c000db0c                EnvVarContainer::~EnvVarContainer()
                0x00000000c000db3c                KeGetEnv(Process*, char const*)
                0x00000000c000dba1                KeSetEnvSystem(char const*, char const*)
                0x00000000c000dbbb                KeSetEnvUser(char const*, char const*)
                0x00000000c000dbda                KeSetEnvProcess(Process*, char const*, char const*)
                0x00000000c000dbed                KeDeleteEnvSystem(char const*)
                0x00000000c000dbee                KeDeleteEnvUser(char const*)
                0x00000000c000dbef                KeDeleteEnvProcess(Process*, char const*)
                0x00000000c000dbf0                KeNewProcessEnv(Process*)
                0x00000000c000dc12                KeCopyProcessEnv(Process*, Process*)
                0x00000000c000dc5e                KeLoadSystemEnv()
                0x00000000c000dc8c                KeLoadUserEnv()
                0x00000000c000dcb2                KeFlushEnv()
                0x00000000c000dcb3                KeGetProcessTotalEnvCount(Process*)
                0x00000000c000dcd3                KeGetProcessEnvPair(Process*, int)
 *fill*         0x00000000c000dd67        0x1 
 .text          0x00000000c000dd68      0x351 krnl/fault.32
                0x00000000c000dd68                KeSetupInterrupts()
                0x00000000c000dde0                int_handler
                0x00000000c000df10                KeDisplayProgramFault(char const*)
                0x00000000c000df60                KeGeneralProtectionFault(void*, void*)
                0x00000000c000dfb4                KePageFault(void*, void*)
                0x00000000c000e008                KeNonMaskableInterrupt(void*, void*)
                0x00000000c000e018                KeOtherFault(void*, void*)
                0x00000000c000e04c                KeOpcodeFault(void*, void*)
                0x00000000c000e0a0                KeDoubleFault(void*, void*)
 *fill*         0x00000000c000e0b9        0x1 
 .text          0x00000000c000e0ba      0x1db krnl/gdt.32
                0x00000000c000e0ba                GDTEntry::setBase(unsigned int)
                0x00000000c000e0d6                GDTEntry::setLimit(unsigned int)
                0x00000000c000e0f4                GDT::GDT()
                0x00000000c000e0f4                GDT::GDT()
                0x00000000c000e10a                GDT::addEntry(GDTEntry)
                0x00000000c000e12c                GDT::getNumberOfEntries()
                0x00000000c000e134                GDT::flush()
                0x00000000c000e156                GDT::setup()
 .text          0x00000000c000e295       0x1d krnl/idle.32
                0x00000000c000e295                idleFunction(void*)
 *fill*         0x00000000c000e2b2        0x2 
 .text          0x00000000c000e2b4      0x46c krnl/idt.32
                0x00000000c000e2b4                IDTEntry::IDTEntry(bool)
                0x00000000c000e2b4                IDTEntry::IDTEntry(bool)
                0x00000000c000e32e                IDTEntry::setOffset(unsigned int)
                0x00000000c000e344                IDT::IDT()
                0x00000000c000e344                IDT::IDT()
                0x00000000c000e346                IDT::getPointerToInvalidOpcodeEntryForF00F()
                0x00000000c000e34e                IDT::addEntry(IDTEntry, int)
                0x00000000c000e368                IDT::addEntry(int, void (*)(), bool)
                0x00000000c000e3a0                IDT::flush()
                0x00000000c000e3ba                IDT::setup()
 .text          0x00000000c000e720       0x94 krnl/inlines.32
                0x00000000c000e720                CPU::current()
                0x00000000c000e72c                operator new(unsigned long)
                0x00000000c000e731                operator delete(void*)
                0x00000000c000e736                disableIRQs()
                0x00000000c000e738                enableIRQs()
                0x00000000c000e73a                lockScheduler()
                0x00000000c000e742                unlockScheduler()
                0x00000000c000e751                lockStuff()
                0x00000000c000e75f                unlockStuff()
                0x00000000c000e799                Virt::getAKernelVAS()
                0x00000000c000e79f                __not_memcpy
 .text          0x00000000c000e7b4      0x205 krnl/kheap.32
                0x00000000c000e7b4                sbrk
                0x00000000c000e84b                sbrk_thunk
                0x00000000c000e881                mmap
                0x00000000c000e8df                munmap
                0x00000000c000e8f4                liballoc_lock()
                0x00000000c000e902                liballoc_unlock()
                0x00000000c000e918                liballoc_alloc(int)
                0x00000000c000e930                liballoc_free(void*, int)
                0x00000000c000e94b                realloc
                0x00000000c000e95f                malloc
                0x00000000c000e96f                free
                0x00000000c000e97f                rfree
                0x00000000c000e98f                calloc
 *fill*         0x00000000c000e9b9        0x3 
 .text          0x00000000c000e9bc      0x1e3 krnl/mailbox.32
                0x00000000c000e9bc                KeMailboxTryPost(Mailbox*, void*)
                0x00000000c000ea20                KeMailboxTryGet(Mailbox*, void**)
                0x00000000c000ea84                KeMailboxCreate()
                0x00000000c000eab8                KeMailboxPost(Mailbox*, void*)
                0x00000000c000eb20                KeMailboxGet(Mailbox*, void**)
                0x00000000c000eb88                KeMailboxDestroy(Mailbox*)
 .text          0x00000000c000eb9f       0xfc krnl/main.32
                0x00000000c000eb9f                KeEntryPoint
 *fill*         0x00000000c000ec9b        0x1 
 .text          0x00000000c000ec9c       0x1a krnl/mutex.32
                0x00000000c000ec9c                Mutex::Mutex()
                0x00000000c000ec9c                Mutex::Mutex()
 .text          0x00000000c000ecb6        0xc krnl/panic.32
                0x00000000c000ecb6                KePanic(char const*)
 .text          0x00000000c000ecc2      0x644 krnl/physmgr.32
                0x00000000c000ecc2                Phys::allocateDMA(unsigned long)
                0x00000000c000edaa                Phys::freeDMA(unsigned long, unsigned long)
                0x00000000c000ede5                Phys::setPageState(unsigned long, bool)
                0x00000000c000ee25                Phys::getPageState(unsigned long)
                0x00000000c000ee41                Phys::freePage(unsigned long)
                0x00000000c000eeaa                Phys::allocatePage()
                0x00000000c000ef79                Phys::allocateContiguousPages(int)
                0x00000000c000efe0                Phys::allowSegmentToBeUsed(unsigned long, unsigned long)
                0x00000000c000f018                Phys::physicalMemorySetup(unsigned int)
 .text          0x00000000c000f306      0x273 krnl/pipe.32
                0x00000000c000f306                Pipe::isAtty()
                0x00000000c000f30a                Pipe::~Pipe()
                0x00000000c000f30a                Pipe::~Pipe()
                0x00000000c000f32e                Pipe::~Pipe()
                0x00000000c000f356                Pipe::write(unsigned long long, void*, int*)
                0x00000000c000f416                Pipe::read(unsigned long long, void*, int*)
                0x00000000c000f512                Pipe::Pipe(int)
                0x00000000c000f512                Pipe::Pipe(int)
 .text          0x00000000c000f579      0x108 krnl/powctrl.32
                0x00000000c000f579                KePowerThread(void*)
                0x00000000c000f5a7                KeChangePowerSettings(PowerSettings)
                0x00000000c000f5bd                KeUserIOReceived()
                0x00000000c000f5c8                KeHandlePowerButton()
                0x00000000c000f5e0                KeHandleSleepButton()
                0x00000000c000f5f8                KeSetupPowerManager()
 .text          0x00000000c000f681       0x9d krnl/random.32
                0x00000000c000f681                KeRand()
                0x00000000c000f6c3                KeSeedRand(unsigned int)
                0x00000000c000f6ec                KeInitRand()
 *fill*         0x00000000c000f71e        0x2 
 .text          0x00000000c000f720      0x1bc krnl/resolve.32
                0x00000000c000f720                KeResolveCompatibilitySymbol(char*)
 .text          0x00000000c000f8dc      0x415 krnl/semaphore.32
                0x00000000c000f8dc                Semaphore::Semaphore(int)
                0x00000000c000f8dc                Semaphore::Semaphore(int)
                0x00000000c000f90c                Semaphore::tryAcquire()
                0x00000000c000f9e8                Semaphore::assertLocked(char const*)
                0x00000000c000fa78                Semaphore::acquire(int)
                0x00000000c000fc20                Semaphore::acquire()
                0x00000000c000fc3c                Semaphore::release()
 .text          0x00000000c000fcf1      0x322 krnl/signal.32
                0x00000000c000fcf1                KiSigKill(int)
                0x00000000c000fd05                KiDefaultSignalHandlerIgnore(int)
                0x00000000c000fd06                KiDefaultSignalHandlerPause(int)
                0x00000000c000fd32                KiDefaultSignalHandlerResume(int)
                0x00000000c000fd5e                KeDeinitSignals(SigHandlerBlock*)
                0x00000000c000fd63                KeInitSignals()
                0x00000000c000fdb5                KeRegisterSignalHandler(SigHandlerBlock*, int, void (*)(int), unsigned int, int)
                0x00000000c000fdeb                KeRaiseSignal(SigHandlerBlock*, int)
                0x00000000c000fe68                KeCheckSignal(SigHandlerBlock*, int*)
                0x00000000c000ff5f                KiCheckSignalZ
                0x00000000c000ffa1                KeCompleteSignal(SigHandlerBlock*, int)
                0x00000000c000ffdc                KiFinishSignalZ
 .text          0x00000000c0010013      0xe1d krnl/syscalls.32
                0x00000000c0010013                SysSeekDir(regs*)
                0x00000000c0010018                SysTellDir(regs*)
                0x00000000c001001d                SysVerify(regs*)
                0x00000000c0010027                SysGetArgc(regs*)
                0x00000000c001003b                SysTTYName(regs*)
                0x00000000c0010043                SysFormatDisk(regs*)
                0x00000000c00100ba                SysSetDiskVolumeLabel(regs*)
                0x00000000c001010e                SysGetDiskVolumeLabel(regs*)
                0x00000000c0010167                SysShutdown(regs*)
                0x00000000c00101c5                SysRealpath(regs*)
                0x00000000c0010209                SysReadDir(regs*)
                0x00000000c0010289                SysIsATTY(regs*)
                0x00000000c00102e3                SysSeek(regs*)
                0x00000000c001033a                SysTell(regs*)
                0x00000000c00103a7                SysSize(regs*)
                0x00000000c001041a                SysSizeFromFilename(regs*)
                0x00000000c001054b                SysSizeFromFilenameNoSymlink(regs*)
                0x00000000c001067c                SysClose(regs*)
                0x00000000c00106dc                SysOpenDir(regs*)
                0x00000000c0010759                SysMakeDir(regs*)
                0x00000000c00107c7                SysCloseDir(regs*)
                0x00000000c001081b                SysWait(regs*)
                0x00000000c001083c                SysNotImpl(regs*)
                0x00000000c0010857                SysPanic(regs*)
                0x00000000c0010872                SysRmdir(regs*)
                0x00000000c00108d7                SysUnlink(regs*)
                0x00000000c001093c                SysGetArgv(regs*)
                0x00000000c0010989                SysUSleep(regs*)
                0x00000000c00109b2                SysSpawn(regs*)
                0x00000000c0010a25                SysGetEnv(regs*)
                0x00000000c0010ad6                SysSetFatAttrib(regs*)
                0x00000000c0010b49                SysPipe(regs*)
                0x00000000c0010b8e                SysGetUnixTime(regs*)
                0x00000000c0010ba2                string_ends_with(char const*, char const*)
                0x00000000c0010bea                SysOpen(regs*)
                0x00000000c0010de1                KeSystemCall(regs*, void*)
 .text          0x00000000c0010e30      0xab3 krnl/terminal.32
                0x00000000c0010e30                VgaText::isAtty()
                0x00000000c0010e34                VgaText::~VgaText()
                0x00000000c0010e34                VgaText::~VgaText()
                0x00000000c0010e58                VgaText::~VgaText()
                0x00000000c0010e82                VgaText::read(unsigned long long, void*, int*)
                0x00000000c0010ea2                setTerminalScrollLock(bool)
                0x00000000c0010ea3                doTerminalCycle()
                0x00000000c0010ea4                addToTerminalCycle(VgaText*)
                0x00000000c0010ea5                scrollTerminalScrollLock(int)
                0x00000000c0010ea6                VgaText::updateTitle()
                0x00000000c0010ea8                VgaText::load()
                0x00000000c0010eaa                VgaText::updateCursor()
                0x00000000c0010ec0                VgaText::doANSI_SGR(int)
                0x00000000c0010f34                VgaText::setDefaultBgColour(VgaColour)
                0x00000000c0010f44                VgaText::setDefaultFgColour(VgaColour)
                0x00000000c0010f54                VgaText::setDefaultColours(VgaColour, VgaColour)
                0x00000000c0010f74                VgaText::setTitleTextColour(VgaColour)
                0x00000000c0010f80                VgaText::setTitleColour(VgaColour)
                0x00000000c0010f8c                VgaText::setTitle(char*)
                0x00000000c0010f8e                VgaText::combineColours(unsigned char, unsigned char)
                0x00000000c0010fa0                VgaText::scrollScreen()
                0x00000000c0011032                VgaText::combineCharAndColour(char, unsigned char)
                0x00000000c0011042                VgaText::writeCharacter(char, VgaColour, VgaColour, int, int)
                0x00000000c00110d2                VgaText::getCursorX()
                0x00000000c00110da                VgaText::getCursorY()
                0x00000000c00110e2                VgaText::setCursor(int, int)
                0x00000000c00110f9                setActiveTerminal(VgaText*)
                0x00000000c0011144                VgaText::clearScreen()
                0x00000000c0011192                VgaText::setCursorX(int)
                0x00000000c00111aa                VgaText::setCursorY(int)
                0x00000000c00111c2                VgaText::incrementCursor(bool)
                0x00000000c0011216                VgaText::decrementCursor(bool)
                0x00000000c0011238                VgaText::putchar(char, VgaColour, VgaColour)
                0x00000000c0011308                VgaText::putchar(char)
                0x00000000c0011400                VgaText::putx(unsigned int)
                0x00000000c0011446                VgaText::puts(char const*)
                0x00000000c001146c                VgaText::write(unsigned long long, void*, int*)
                0x00000000c00114b8                VgaText::puts(char const*, VgaColour, VgaColour)
                0x00000000c0011606                VgaText::VgaText(char const*)
                0x00000000c0011606                VgaText::VgaText(char const*)
                0x00000000c0011756                VgaText::receiveKey(unsigned char)
                0x00000000c00118e2                VgaText::doUpdate()
 *fill*         0x00000000c00118e3        0x1 
 .text          0x00000000c00118e4      0x1b8 krnl/tss.32
                0x00000000c00118e4                TSS::TSS()
                0x00000000c00118e4                TSS::TSS()
                0x00000000c00118f4                TSS::setESP(unsigned long)
                0x00000000c0011908                TSS::flush()
                0x00000000c0011928                TSS::setup(unsigned long, unsigned long)
 .text          0x00000000c0011a9c      0x4ca krnl/unixfile.32
                0x00000000c0011a9c                ReservedFilename::read(unsigned long long, void*, int*)
                0x00000000c0011af2                ReservedFilename::isAtty()
                0x00000000c0011b0e                ReservedFilename::write(unsigned long long, void*, int*)
                0x00000000c0011b6c                UnixFile::getFileDescriptor()
                0x00000000c0011b74                UnixFile::UnixFile(int)
                0x00000000c0011b74                UnixFile::UnixFile(int)
                0x00000000c0011d28                ReservedFilename::ReservedFilename(int)
                0x00000000c0011d28                ReservedFilename::ReservedFilename(int)
                0x00000000c0011d5a                UnixFile::~UnixFile()
                0x00000000c0011d5a                UnixFile::~UnixFile()
                0x00000000c0011df6                UnixFile::~UnixFile()
                0x00000000c0011e1e                ReservedFilename::~ReservedFilename()
                0x00000000c0011e1e                ReservedFilename::~ReservedFilename()
                0x00000000c0011e42                ReservedFilename::~ReservedFilename()
                0x00000000c0011e69                KeGetFileFromDescriptor(int)
 .text          0x00000000c0011f66     0x118a krnl/virtmgr.32
                0x00000000c0011f66                Virt::setPageState(unsigned long, Virt::VirtPageState)
                0x00000000c0011fa0                Virt::getPageState(unsigned long)
                0x00000000c0011fc3                Virt::allocateKernelVirtualPages(int)
                0x00000000c00120e8                Virt::freeSwapfilePage(unsigned long)
                0x00000000c001210b                Virt::swapIDToSector(unsigned long)
                0x00000000c0012121                Virt::allocateSwapfilePage()
                0x00000000c00121a1                Virt::virtualMemorySetup()
                0x00000000c00121f2                Virt::setupPageSwapping(int)
                0x00000000c0012264                VAS::setCPUSpecific(unsigned long)
                0x00000000c0012266                VAS::VAS(VAS*)
                0x00000000c0012266                VAS::VAS(VAS*)
                0x00000000c001227e                VAS::getForeignPageTableEntry(bool, unsigned long)
                0x00000000c00122ac                VAS::getPageTableEntry(unsigned long)
                0x00000000c00122cb                Virt::freeKernelVirtualPages(unsigned long)
                0x00000000c0012408                VAS::freeAllocatedPages(unsigned long)
                0x00000000c001242c                VAS::virtualToPhysical(unsigned long)
                0x00000000c0012446                VAS::reflagRange(unsigned long, int, unsigned long, unsigned long)
                0x00000000c0012488                VAS::VAS()
                0x00000000c0012488                VAS::VAS()
                0x00000000c00124f2                VAS::setToWriteCombining(unsigned long, int)
                0x00000000c0012512                VAS::mapOtherVASIn(bool, VAS*)
                0x00000000c001253e                VAS::~VAS()
                0x00000000c001253e                VAS::~VAS()
                0x00000000c00126ac                VAS::mapPage(unsigned long, unsigned long, int)
                0x00000000c00127b0                VAS::allocatePages(int, int)
                0x00000000c0012896                VAS::mapRange(unsigned long, unsigned long, int, int)
                0x00000000c00128ee                VAS::mapForeignPage(bool, VAS*, unsigned long, unsigned long, int)
                0x00000000c00129e4                VAS::VAS(bool)
                0x00000000c00129e4                VAS::VAS(bool)
                0x00000000c0012bcc                VAS::evict(unsigned long)
                0x00000000c0012caa                VAS::tryLoadBackOffDisk(unsigned long)
                0x00000000c0012e52                VAS::allocateSharedMemoryWithKernel(unsigned long, unsigned long*)
                0x00000000c0012ec6                VAS::freeSharedMemoryWithKernel(unsigned long, unsigned long)
                0x00000000c0012ef2                VAS::scanForEviction()
                0x00000000c0012ff5                mapVASFirstTime
 .text          0x00000000c00130f0       0x36 sys/eject.32
                0x00000000c00130f0                SysEject(regs*)
 .text          0x00000000c0013126       0x18 sys/exit.32
                0x00000000c0013126                SysExit(regs*)
 .text          0x00000000c001313e       0x1f sys/getcwd.32
                0x00000000c001313e                SysGetCwd(regs*)
 .text          0x00000000c001315d        0xc sys/getpid.32
                0x00000000c001315d                SysGetPID(regs*)
 .text          0x00000000c0013169       0x1a sys/getramdata.32
                0x00000000c0013169                SysGetRAMData(regs*)
 .text          0x00000000c0013183       0x82 sys/getvgaptr.32
                0x00000000c0013183                SysGetVGAPtr(regs*)
 *fill*         0x00000000c0013205        0x3 
 .text          0x00000000c0013208       0xb9 sys/kill.32
                0x00000000c0013208                SysKill(regs*)
 .text          0x00000000c00132c1       0xa8 sys/loaddll.32
                0x00000000c00132c1                SysLoadDLL(regs*)
 .text          0x00000000c0013369       0x68 sys/read.32
                0x00000000c0013369                SysRead(regs*)
 .text          0x00000000c00133d1       0x29 sys/registersignal.32
                0x00000000c00133d1                SysRegisterSignal(regs*)
 .text          0x00000000c00133fa      0x1cc sys/registry.32
                0x00000000c00133fa                SysRegistryGetTypeFromPath(regs*)
                0x00000000c001343e                SysRegistryReadExtent(regs*)
                0x00000000c0013486                SysRegistryPathToExtentLookup(regs*)
                0x00000000c001349d                SysRegistryEnterDirectory(regs*)
                0x00000000c00134b4                SysRegistryGetNext(regs*)
                0x00000000c00134cb                SysRegistryGetNameAndTypeFromExtent(regs*)
                0x00000000c0013505                SysRegistryOpen(regs*)
                0x00000000c0013519                SysRegistryClose(regs*)
                0x00000000c0013530                SysRegistryEasyReadString(regs*)
                0x00000000c001357c                SysRegistryEasyReadInteger(regs*)
 .text          0x00000000c00135c6       0x55 sys/sbrk.32
                0x00000000c00135c6                SysSbrk(regs*)
 .text          0x00000000c001361b       0x1c sys/setcwd.32
                0x00000000c001361b                SysSetCwd(regs*)
 .text          0x00000000c0013637       0x96 sys/settime.32
                0x00000000c0013637                SysSetTime(regs*)
 .text          0x00000000c00136cd       0x73 sys/symlink.32
                0x00000000c00136cd                SysSymlink(regs*)
 .text          0x00000000c0013740       0x3f sys/timezone.32
                0x00000000c0013740                SysTimezone(regs*)
 .text          0x00000000c001377f       0xfc sys/truncate.32
                0x00000000c001377f                SysTruncate(regs*)
 .text          0x00000000c001387b       0x68 sys/write.32
                0x00000000c001387b                SysWrite(regs*)
 .text          0x00000000c00138e3       0x9d sys/wsbe.32
                0x00000000c00138e3                SysWsbe(regs*)
 .text          0x00000000c0013980       0x25 sys/yield.32
                0x00000000c0013980                SysYield(regs*)
 .text          0x00000000c00139a5     0x1207 thr/elf.32
                0x00000000c00139a5                Thr::allocateMemoryForTask(Process*, File*, unsigned long, unsigned long, unsigned long)
                0x00000000c0013c33                Thr::loadProgramIntoMemory(Process*, char const*)
                0x00000000c0013e45                Thr::runtimeReferenceHelper()
                0x00000000c0013e58                Thr::getAddressOfKernelSymbol(char const*)
                0x00000000c0013ea7                Thr::loadKernelSymbolTable(char const*)
                0x00000000c0014165                Thr::loadDriverIntoMemory(char const*, unsigned long, bool)
                0x00000000c001489e                Thr::getDriverBaseFromAddress(unsigned long)
                0x00000000c00148d0                Thr::getDriverNameFromAddress(unsigned long)
                0x00000000c0014907                Thr::getDriverOffsetFromAddress(unsigned long)
                0x00000000c0014921                Thr::loadDLL(char const*, bool)
                0x00000000c0014b73                Thr::executeDLL(unsigned long, void*)
 .text          0x00000000c0014bac       0x5a thr/exec.32
                0x00000000c0014bac                KeProcessExec(Process*, char const*)
 *fill*         0x00000000c0014c06        0x2 
 .text          0x00000000c0014c08     0x1131 thr/prcssthr.32
                0x00000000c0014c08                userModeEntryPoint(void*)
                0x00000000c0014c30                changeTSS
                0x00000000c0014c60                switchToThread(ThreadControlBlock*)
                0x00000000c0014d10                Process::addArgs(char**)
                0x00000000c0014d7c                Process::Process(char const*, Process*, char**)
                0x00000000c0014d7c                Process::Process(char const*, Process*, char**)
                0x00000000c0014f88                Process::Process(bool, char const*, Process*, char**)
                0x00000000c0014f88                Process::Process(bool, char const*, Process*, char**)
                0x00000000c001515c                taskStartupFunction
                0x00000000c0015168                KeDisablePreemption()
                0x00000000c0015190                KeRestorePreemption()
                0x00000000c00151b0                Process::createThread(void (*)(void*), void*, int)
                0x00000000c00152bc                Process::createUserThread()
                0x00000000c00152dc                setupMultitasking(void (*)())
                0x00000000c0015400                schedule()
                0x00000000c0015494                blockTaskWithSchedulerLockAlreadyHeld(TaskState)
                0x00000000c00154bc                blockTask(TaskState)
                0x00000000c00154f4                waitTask(int, int*, int)
                0x00000000c0015538                milliTenthSleepUntil(unsigned int)
                0x00000000c00155d8                milliTenthSleep(unsigned int)
                0x00000000c00155ec                sleep(unsigned int)
                0x00000000c0015608                taskReturned
                0x00000000c001564c                Thr::processFromPID(int)
                0x00000000c00156f8                unblockTask(ThreadControlBlock*)
                0x00000000c00157a4                cleanupTerminatedTask(ThreadControlBlock*)
                0x00000000c0015a78                cleanerTaskFunction(void*)
                0x00000000c0015b80                terminateTask(int)
                0x00000000c0015c6c                Thr::terminateFromIRQ(int)
 .text          0x00000000c0015d39      0xd00 vm86/vm8086.32
                0x00000000c0015d39                Vm::inbv(unsigned short)
                0x00000000c0015d4c                Vm::outbv(unsigned short, unsigned char)
                0x00000000c0015d82                Vm::realToLinear(unsigned short, unsigned short)
                0x00000000c0015d92                Vm::getSegment(unsigned int)
                0x00000000c0015d9a                Vm::getOffset(unsigned int)
                0x00000000c0015d9f                Vm::mainloop2()
                0x00000000c0015dd9                Vm::mainVm8086Loop(void*)
                0x00000000c0015de9                Vm::mainloop3(unsigned long)
                0x00000000c0015e0f                Vm::initialise8086()
                0x00000000c0015e52                Vm::resetConventionalMemory8086()
                0x00000000c0015e53                Vm::finish8086()
                0x00000000c0015eb4                Vm::getOutput8086(unsigned char*)
                0x00000000c0015ed9                Vm::start8086FromBuffer(unsigned char*, int, unsigned short, unsigned short, unsigned short, unsigned short)
                0x00000000c0016000                Vm::start8086(char const*, unsigned short, unsigned short, unsigned short, unsigned short)
                0x00000000c0016208                Vm::doISR(regs*, int, unsigned char*, unsigned short, unsigned short)
                0x00000000c00162a1                Vm::readByteFromReal(unsigned short, unsigned short)
                0x00000000c00162b2                Vm::readWordFromReal(unsigned short, unsigned short)
                0x00000000c00162c4                Vm::readDwordFromReal(unsigned short, unsigned short)
                0x00000000c00162d5                Vm::writeByteFromReal(unsigned short, unsigned short, unsigned char)
                0x00000000c00162ea                Vm::writeWordFromReal(unsigned short, unsigned short, unsigned short)
                0x00000000c0016300                Vm::writeDwordFromReal(unsigned short, unsigned short, unsigned int)
                0x00000000c0016315                Vm::faultHandler(regs*)
 *fill*         0x00000000c0016a39        0x1 
 .text          0x00000000c0016a3a      0xc03 arch/i386/cpu.32
                0x00000000c0016a3a                CPU::close(int, int, void*)
                0x00000000c0016a3d                AMD_K6_write_msr(unsigned int, unsigned int, unsigned int, REGS*)
                0x00000000c0016a59                AMD_K6_read_msr(unsigned int, REGS*)
                0x00000000c0016a71                AMD_K6_writeback(int, int, int)
                0x00000000c0016ae4                cpuid(int, unsigned long*, unsigned long*, unsigned long*, unsigned long*)
                0x00000000c0016b67                cpuidCheckEDX(unsigned int)
                0x00000000c0016b94                cpuidCheckECX(unsigned int)
                0x00000000c0016bc1                cpuidCheckExtendedEBX(unsigned int)
                0x00000000c0016bee                cpuidCheckExtendedECX(unsigned int)
                0x00000000c0016c1c                CPU::CPU()
                0x00000000c0016c1c                CPU::CPU()
                0x00000000c0016cba                CPU::detectFeatures()
                0x00000000c001738e                CPU::setupSMEP()
                0x00000000c001739a                CPU::setupUMIP()
                0x00000000c00173a4                CPU::setupTSC()
                0x00000000c00173ae                CPU::setupLargePages()
                0x00000000c00173b8                CPU::setupPAT()
                0x00000000c00173ea                CPU::setupMTRR()
                0x00000000c00173ec                CPU::setupGlobalPages()
                0x00000000c00173f6                CPU::allowUsermodeDataAccess()
                0x00000000c0017404                CPU::prohibitUsermodeDataAccess()
                0x00000000c0017412                CPU::setupSMAP()
                0x00000000c0017420                CPU::setupFeatures()
                0x00000000c00174ec                CPU::open(int, int, void*)
 .text          0x00000000c001763d      0xfa4 arch/i386/hal.32
                0x00000000c001763d                noCopro(unsigned long)
                0x00000000c001763e                x86ReadCMOS(unsigned char)
                0x00000000c0017692                x86WriteCMOS(unsigned char, unsigned char)
                0x00000000c00176f2                HalDetectFeatures()
                0x00000000c0017b13                HalEnableNMI()
                0x00000000c0017b26                HalDisableNMI()
                0x00000000c0017b39                HalGetNMIState()
                0x00000000c0017b3f                x86rdmsr(unsigned int)
                0x00000000c0017b7d                x86wrmsr(unsigned int, unsigned long long)
                0x00000000c0017bc2                HalHandleGeneralProtectionFault(void*, void*)
                0x00000000c0017bd8                HalFindRSDP()
                0x00000000c0017c6d                HalHandlePageFault(void*, void*)
                0x00000000c0017c9c                HalHandleOpcodeFault(void*, void*)
                0x00000000c0017cea                HalDisplayDebugInfo(void*)
                0x00000000c0018078                HalReceivedNMI()
                0x00000000c0018113                HalSystemIdle()
                0x00000000c0018172                i386SaveCoprocessor(void*)
                0x00000000c0018186                i386LoadCoprocessor(void*)
                0x00000000c001819a                x87EmulHandler(regs*, void*)
                0x00000000c0018237                HalInitialiseCoprocessor()
                0x00000000c00182c0                HalPanic(char const*)
                0x00000000c00183d4                HalQueryPerformanceCounter()
                0x00000000c00183e4                HalInitialise()
                0x00000000c0018576                HalMakeBeep(int)
                0x00000000c00185b0                HalGetRand()
                0x00000000c00185b3                HalEndOfInterrupt(int)
                0x00000000c00185de                HalRestart()
                0x00000000c00185df                HalShutdown()
                0x00000000c00185e0                HalSleep()
 .text          0x00000000c00185e1      0x261 arch/i386/intctrl.32
                0x00000000c00185e1                convertLegacyIRQNumber(int)
                0x00000000c001861d                HalInstallISRHandler(int, void (*)(regs*, void*), void*)
                0x00000000c0018667                HalInstallIRQHandler(int, void (*)(regs*, void*), bool, void*)
                0x00000000c0018795                HalUninstallISRHandler(int, void (*)(regs*, void*))
                0x00000000c00187c9                HalUninstallIRQHandler(int, void (*)(regs*, void*), bool)
 *fill*         0x00000000c0018842        0x2 
 .text          0x00000000c0018844      0x2dc arch/i386/pic.32
                0x00000000c0018844                picIoWait()
                0x00000000c001884c                picDisable()
                0x00000000c0018880                picGetIRQReg(int)
                0x00000000c00188fc                picOpen()
                0x00000000c0018a80                picEOI(int)
 .text          0x00000000c0018b20      0x5f8 arch/i386/rtc.32
                0x00000000c0018b20                RTC::open(int, int, void*)
                0x00000000c0018b24                RTC::close(int, int, void*)
                0x00000000c0018b28                RTC::timeInSecondsUTC()
                0x00000000c0018b3a                RTC::timeInDatetimeUTC()
                0x00000000c0018b60                RTC::setTimeInSecondsUTC(unsigned long long)
                0x00000000c0018b9e                RTC::~RTC()
                0x00000000c0018b9e                RTC::~RTC()
                0x00000000c0018bc2                RTC::~RTC()
                0x00000000c0018bec                RTC::get_update_in_progress_flag()
                0x00000000c0018c00                RTC::completeRTCRefresh()
                0x00000000c0018eb4                RTC::setTimeInDatetimeUTC(datetime_t)
                0x00000000c001902a                rtcIRQHandler(regs*, void*)
                0x00000000c001906a                RTC::RTC()
                0x00000000c001906a                RTC::RTC()
 .text          0x00000000c0019118      0x1f4 arch/i386/vga.32
                0x00000000c0019118                HalConsoleScroll(int, int)
                0x00000000c0019220                HalConsoleWriteCharacter(char, int, int, int, int)
                0x00000000c0019284                HalConsoleCursorUpdate(int, int)
 .text          0x00000000c001930c     0x14cf fs/fat/vfslink.32
                0x00000000c001930c                FAT::getName()
                0x00000000c0019314                FAT::tell(void*, unsigned long long*)
                0x00000000c0019350                FAT::stat(void*, unsigned long long*)
                0x00000000c001938c                FAT::~FAT()
                0x00000000c001938c                FAT::~FAT()
                0x00000000c00193b0                FAT::~FAT()
                0x00000000c00193d8                FAT::getlabel(LogicalDisk*, int, char*, unsigned int*)
                0x00000000c001947c                FAT::setlabel(LogicalDisk*, int, char*)
                0x00000000c0019540                FAT::format(LogicalDisk*, int, char const*, int)
                0x00000000c0019724                FAT::tryMount(LogicalDisk*, int)
                0x00000000c0019940                FAT::allocateSwapfile(char const*, int)
                0x00000000c0019b00                FAT::readDir(void*, unsigned long, void*, int*)
                0x00000000c0019c70                FAT::read(void*, unsigned long, void*, int*)
                0x00000000c0019cd0                FAT::write(void*, unsigned long, void*, int*)
                0x00000000c0019d30                FAT::close(void*)
                0x00000000c0019d84                FAT::closeDir(void*)
                0x00000000c0019dd8                FAT::truncate(void*, unsigned long long)
                0x00000000c0019e44                FAT::seek(void*, unsigned long long)
                0x00000000c0019e9c                fatWrapperReadDisk
                0x00000000c0019edc                fatWrapperWriteDisk
                0x00000000c0019f1c                fatWrapperIoctl
                0x00000000c001a038                FAT::FAT()
                0x00000000c001a038                FAT::FAT()
                0x00000000c001a090                FAT::fixFilepath(char*)
                0x00000000c001a0d0                FAT::open(char const*, void**, FileOpenMode)
                0x00000000c001a244                FAT::openDir(char const*, void**)
                0x00000000c001a2f4                FAT::stat(char const*, unsigned long long*, bool*)
                0x00000000c001a3ec                FAT::unlink(char const*)
                0x00000000c001a46c                FAT::chfatattr(char const*, unsigned char, unsigned char)
                0x00000000c001a620                FAT::rename(char const*, char const*)
                0x00000000c001a6ec                FAT::mkdir(char const*)
                0x00000000c001a76c                FAT::exists(char const*)
 *fill*         0x00000000c001a7db        0x1 
 .text          0x00000000c001a7dc       0x94 fs/iso9660/helper.32
                0x00000000c001a7dc                isoReadDiscSectorHelper
                0x00000000c001a838                iso_kprintf
                0x00000000c001a854                iso_kprintfd
 .text          0x00000000c001a870      0x71c fs/iso9660/vfslink.32
                0x00000000c001a870                ISO9660::format(LogicalDisk*, int, char const*, int)
                0x00000000c001a876                ISO9660::truncate(void*, unsigned long long)
                0x00000000c001a87c                ISO9660::getName()
                0x00000000c001a882                ISO9660::closeDir(void*)
                0x00000000c001a88c                ISO9660::chfatattr(char const*, unsigned char, unsigned char)
                0x00000000c001a892                ISO9660::unlink(char const*)
                0x00000000c001a898                ISO9660::write(void*, unsigned long, void*, int*)
                0x00000000c001a89e                ISO9660::rename(char const*, char const*)
                0x00000000c001a8a4                ISO9660::mkdir(char const*)
                0x00000000c001a8aa                ISO9660::~ISO9660()
                0x00000000c001a8aa                ISO9660::~ISO9660()
                0x00000000c001a8ce                ISO9660::~ISO9660()
                0x00000000c001a8f6                ISO9660::exists(char const*)
                0x00000000c001a90a                ISO9660::open(char const*, void**, FileOpenMode)
                0x00000000c001a9f0                ISO9660::read(void*, unsigned long, void*, int*)
                0x00000000c001aa38                ISO9660::seek(void*, unsigned long long)
                0x00000000c001aa7a                ISO9660::tell(void*, unsigned long long*)
                0x00000000c001aab8                ISO9660::stat(void*, unsigned long long*)
                0x00000000c001ab0a                ISO9660::stat(char const*, unsigned long long*, bool*)
                0x00000000c001ac4c                ISO9660::close(void*)
                0x00000000c001ac7c                ISO9660::openDir(char const*, void**)
                0x00000000c001ad56                ISO9660::readDir(void*, unsigned long, void*, int*)
                0x00000000c001ae73                readSectorFromCDROM(unsigned int, unsigned char*, char)
                0x00000000c001aef2                ISO9660::tryMount(LogicalDisk*, int)
                0x00000000c001af64                ISO9660::ISO9660()
                0x00000000c001af64                ISO9660::ISO9660()
 .text          0x00000000c001af8c      0x26c hal/sound/sndcard.32
                0x00000000c001af8c                SoundCard::beginPlayback()
                0x00000000c001af9a                SoundCard::stopPlayback()
                0x00000000c001afa8                SoundCard::SoundCard(char const*)
                0x00000000c001afa8                SoundCard::SoundCard(char const*)
                0x00000000c001b046                SoundCard::~SoundCard()
                0x00000000c001b046                SoundCard::~SoundCard()
                0x00000000c001b06a                SoundCard::~SoundCard()
                0x00000000c001b094                SoundCard::configureRates(int, int, int)
                0x00000000c001b0c4                SoundCard::getSamples16(int, short*)
                0x00000000c001b120                SoundCard::getSamples32(int, int*)
                0x00000000c001b1a6                SoundCard::addChannel(SoundPort*)
                0x00000000c001b1e4                SoundCard::removeChannel(int)
 .text          0x00000000c001b1f8      0x38a hal/sound/sndport.32
                0x00000000c001b1f8                SoundPort::SoundPort(int, int, int, int)
                0x00000000c001b1f8                SoundPort::SoundPort(int, int, int, int)
                0x00000000c001b284                SoundPort::~SoundPort()
                0x00000000c001b284                SoundPort::~SoundPort()
                0x00000000c001b2b8                SoundPort::unpause()
                0x00000000c001b2c4                SoundPort::pause()
                0x00000000c001b2d0                SoundPort::getBufferUsed()
                0x00000000c001b2d8                SoundPort::getBufferSize()
                0x00000000c001b2e0                SoundPort::buffer16(short*, int)
                0x00000000c001b36c                SoundPort::buffer32(int*, int)
                0x00000000c001b3f8                SoundPort::unbufferAndAdd16(int, short*, SoundCard*)
                0x00000000c001b4c4                SoundPort::unbufferAndAdd32(int, int*, SoundCard*)
 .text          0x00000000c001b582        0x0 hw/bus/isa.32
 .text          0x00000000c001b582      0xc23 hw/bus/pci.32
                0x00000000c001b582                PCI::open(int, int, void*)
                0x00000000c001b5a0                PCI::close(int, int, void*)
                0x00000000c001b5a4                PCI::PCI()
                0x00000000c001b5a4                PCI::PCI()
                0x00000000c001b63c                PCI::readBAR8(unsigned int, int)
                0x00000000c001b658                PCI::readBAR16(unsigned int, int)
                0x00000000c001b676                PCI::readBAR32(unsigned int, int)
                0x00000000c001b692                PCI::writeBAR8(unsigned int, unsigned char, int)
                0x00000000c001b6b2                PCI::writeBAR16(unsigned int, unsigned short, int)
                0x00000000c001b6d4                PCI::writeBAR32(unsigned int, unsigned int, int)
                0x00000000c001b6f4                PCI::legacyMechanism(unsigned char, unsigned char, unsigned char, unsigned char)
                0x00000000c001b76a                PCI::pciReadWord(unsigned char, unsigned char, unsigned char, unsigned char)
                0x00000000c001b814                PCI::getVendorID(unsigned char, unsigned char, unsigned char)
                0x00000000c001b838                PCI::getHeaderType(unsigned char, unsigned char, unsigned char)
                0x00000000c001b860                PCI::getClassCode(unsigned char, unsigned char, unsigned char)
                0x00000000c001b8aa                PCI::getProgIF(unsigned char, unsigned char, unsigned char)
                0x00000000c001b8d2                PCI::getRevisionID(unsigned char, unsigned char, unsigned char)
                0x00000000c001b8f6                PCI::getInterruptNumber(unsigned char, unsigned char, unsigned char)
                0x00000000c001b91a                PCI::getSecondaryBus(unsigned char, unsigned char, unsigned char)
                0x00000000c001b942                PCI::getBARAddress(unsigned char, unsigned char, unsigned char, unsigned char)
                0x00000000c001b9a6                PCI::pciWriteWord(unsigned char, unsigned char, unsigned char, unsigned char, unsigned short)
                0x00000000c001ba8e                PCI::pciDetailsToFilepath(PCIDeviceInfo, char*)
                0x00000000c001bd54                PCI::checkBus(unsigned char)
                0x00000000c001bd78                PCI::foundDevice(PCIDeviceInfo)
                0x00000000c001bf5e                PCI::getDeviceData(unsigned char, unsigned char, unsigned char)
                0x00000000c001c0da                PCI::checkDevice(unsigned char, unsigned char)
                0x00000000c001c14c                PCI::detect()
 *fill*         0x00000000c001c1a5        0x1 
 .text          0x00000000c001c1a6      0xdbc hw/diskctrl/ide.32
                0x00000000c001c1a6                IDE::close(int, int, void*)
                0x00000000c001c1aa                IDE::IDE()
                0x00000000c001c1aa                IDE::IDE()
                0x00000000c001c1de                IDE::prepareInterrupt(unsigned char)
                0x00000000c001c1f0                selectDrive(unsigned char, unsigned char)
                0x00000000c001c1f2                IDE::getBase(unsigned char)
                0x00000000c001c204                IDE::write(unsigned char, unsigned char, unsigned char)
                0x00000000c001c2c4                IDE::read(unsigned char, unsigned char)
                0x00000000c001c372                IDE::waitInterrupt(unsigned char)
                0x00000000c001c3d4                ideChannel0IRQHandler(regs*, void*)
                0x00000000c001c3f0                ideChannel1IRQHandler(regs*, void*)
                0x00000000c001c40c                IDE::enableIRQs(unsigned char, bool)
                0x00000000c001c456                IDE::open(int, int, void*)
                0x00000000c001c942                IDE::readBuffer(unsigned char, unsigned char, unsigned int, unsigned int)
                0x00000000c001ca12                IDE::detect()
                0x00000000c001ce54                IDE::printError(unsigned char, unsigned char, unsigned char)
                0x00000000c001cf0e                IDE::polling(unsigned char, unsigned int)
 .text          0x00000000c001cf62      0x33d hw/diskctrl/satabus.32
                0x00000000c001cf62                SATABus::close(int, int, void*)
                0x00000000c001cf66                SATABus::detect()
                0x00000000c001cf68                SATABus::SATABus()
                0x00000000c001cf68                SATABus::SATABus()
                0x00000000c001cfee                SATABus::findCmdslot(SATABus::tagHBA_PORT volatile*)
                0x00000000c001d020                SATABus::checkType(SATABus::tagHBA_PORT volatile*)
                0x00000000c001d068                SATABus::startCmd(SATABus::tagHBA_PORT volatile*)
                0x00000000c001d088                SATABus::stopCmd(SATABus::tagHBA_PORT volatile*)
                0x00000000c001d0b2                SATABus::portRebase(SATABus::tagHBA_PORT volatile*, int)
                0x00000000c001d1c2                SATABus::probePort(SATABus::tagHBA_MEM volatile*)
                0x00000000c001d26c                SATABus::open(int, int, void*)
 *fill*         0x00000000c001d29f        0x1 
 .text          0x00000000c001d2a0      0x987 hw/diskphys/ata.32
                0x00000000c001d2a0                ATA::close(int, int, void*)
                0x00000000c001d2c4                ATA::powerSaving(PowerSavingLevel)
                0x00000000c001d2c6                ATA::ATA()
                0x00000000c001d2c6                ATA::ATA()
                0x00000000c001d2f4                ATA::flush(bool)
                0x00000000c001d342                ATA::readyForCommand()
                0x00000000c001d38e                ATA::access(unsigned long long, int, void*, bool)
                0x00000000c001d76c                ATA::detectCHS()
                0x00000000c001d796                ATA::open(int, int, void*)
                0x00000000c001d862                combineCharAndColour(char, unsigned char)
                0x00000000c001d873                combineColours(unsigned char, unsigned char)
                0x00000000c001d880                ATA::read(unsigned long long, int, void*)
                0x00000000c001da56                ATA::write(unsigned long long, int, void*)
 *fill*         0x00000000c001dc27        0x1 
 .text          0x00000000c001dc28      0x618 hw/diskphys/atapi.32
                0x00000000c001dc28                ATAPI::write(unsigned long long, int, void*)
                0x00000000c001dc2e                ATAPI::close(int, int, void*)
                0x00000000c001dc52                ATAPI::ATAPI()
                0x00000000c001dc52                ATAPI::ATAPI()
                0x00000000c001dc80                ATAPI::readyForCommand()
                0x00000000c001dcd2                ATAPI::sendPacket(unsigned char*, int, bool, unsigned short*, int)
                0x00000000c001df9a                ATAPI::diskRemoved()
                0x00000000c001dfd4                ATAPI::eject()
                0x00000000c001e01c                ATAPI::diskInserted()
                0x00000000c001e028                ATAPI::detectMedia()
                0x00000000c001e0e6                ATAPI::open(int, int, void*)
                0x00000000c001e1c6                ATAPI::read(unsigned long long, int, void*)
 .text          0x00000000c001e240      0x849 hw/diskphys/sata.32
                0x00000000c001e240                SATA::close(int, int, void*)
                0x00000000c001e264                SATA::powerSaving(PowerSavingLevel)
                0x00000000c001e266                SATA::open(int, int, void*)
                0x00000000c001e31e                SATA::SATA()
                0x00000000c001e31e                SATA::SATA()
                0x00000000c001e34c                SATA::access(unsigned long long, int, void*, bool)
                0x00000000c001e5d4                SATA::read(unsigned long long, int, void*)
                0x00000000c001e824                SATA::write(unsigned long long, int, void*)
 *fill*         0x00000000c001ea89        0x1 
 .text          0x00000000c001ea8a      0x5d0 hw/diskphys/satapi.32
                0x00000000c001ea8a                SATAPI::write(unsigned long long, int, void*)
                0x00000000c001ea90                SATAPI::close(int, int, void*)
                0x00000000c001eab4                SATAPI::SATAPI()
                0x00000000c001eab4                SATAPI::SATAPI()
                0x00000000c001eae2                SATAPI::diskRemoved()
                0x00000000c001eae4                SATAPI::diskInserted()
                0x00000000c001eb00                SATAPI::sendPacket(unsigned char*, int, unsigned long long, unsigned short*, int)
                0x00000000c001edde                SATAPI::eject()
                0x00000000c001ee1a                SATAPI::detectMedia()
                0x00000000c001ee70                SATAPI::open(int, int, void*)
                0x00000000c001ef70                SATAPI::read(unsigned long long, int, void*)
 .text          0x00000000c001f05a      0x433 hw/intctrl/apic.32
                0x00000000c001f05a                IOAPIC::close(int, int, void*)
                0x00000000c001f060                apicGetBase()
                0x00000000c001f07e                IOAPIC::IOAPIC()
                0x00000000c001f07e                IOAPIC::IOAPIC()
                0x00000000c001f0a6                apicOpen()
                0x00000000c001f222                IOAPIC::handlesGSIWithNumber(unsigned int)
                0x00000000c001f254                IOAPIC::read(int)
                0x00000000c001f27c                IOAPIC::open(int, int, void*)
                0x00000000c001f362                IOAPIC::write(int, int)
                0x00000000c001f38e                IOAPIC::redirect(unsigned char, unsigned long long, unsigned char, bool, bool)
 *fill*         0x00000000c001f48d        0x3 
 .text          0x00000000c001f490       0xf0 hw/timer/apictimer.32
                0x00000000c001f490                APICTimer::close(int, int, void*)
                0x00000000c001f498                apicTimerHandler(regs*, void*)
                0x00000000c001f4c0                APICTimer::open(int, int, void*)
                0x00000000c001f530                APICTimer::write(int)
                0x00000000c001f558                APICTimer::APICTimer()
                0x00000000c001f558                APICTimer::APICTimer()
 .text          0x00000000c001f580      0x1ad hw/timer/pit.32
                0x00000000c001f580                PIT::write(int)
                0x00000000c001f604                pitHandler(regs*, void*)
                0x00000000c001f62c                PIT::open(int, int, void*)
                0x00000000c001f67c                PIT::close(int, int, void*)
                0x00000000c001f6ac                PIT::PIT()
                0x00000000c001f6ac                PIT::PIT()
 *fill*         0x00000000c001f72d        0x3 
 .text          0x00000000c001f730       0x6f arch/i386/avx.32
                0x00000000c001f730                avxDetect
                0x00000000c001f75a                avxSave
                0x00000000c001f76b                avxLoad
                0x00000000c001f77c                avxInit
                0x00000000c001f79e                avxClose
 *fill*         0x00000000c001f79f        0x1 
 .text          0x00000000c001f7a0      0x2ec arch/i386/interrupt.32
                0x00000000c001f7a0                isr0
                0x00000000c001f7b0                isr1
                0x00000000c001f7ba                isr2
                0x00000000c001f7c4                isr3
                0x00000000c001f7ce                isr4
                0x00000000c001f7d8                isr5
                0x00000000c001f7e2                isr6
                0x00000000c001f7ec                isr7
                0x00000000c001f7f6                isr8
                0x00000000c001f7fe                isr9
                0x00000000c001f808                isr10
                0x00000000c001f810                isr11
                0x00000000c001f818                isr12
                0x00000000c001f820                isr13
                0x00000000c001f83a                isr14
                0x00000000c001f842                isr15
                0x00000000c001f84c                isr16
                0x00000000c001f856                isr17
                0x00000000c001f860                isr18
                0x00000000c001f86a                irq3
                0x00000000c001f874                irq4