Archive member included to satisfy reference by file (symbol)

/cygdrive/d/Users/Alex/Desktop/Toolchain/Output/bin/../lib/gcc/i386-banana/8.1.0/libkgcc.a(_divdi3.o)
                              krnl/resolve.32 (__divdi3)
/cygdrive/d/Users/Alex/Desktop/Toolchain/Output/bin/../lib/gcc/i386-banana/8.1.0/libkgcc.a(_moddi3.o)
                              krnl/resolve.32 (__moddi3)
/cygdrive/d/Users/Alex/Desktop/Toolchain/Output/bin/../lib/gcc/i386-banana/8.1.0/libkgcc.a(_udivdi3.o)
                              hal/clock.32 (__udivdi3)
/cygdrive/d/Users/Alex/Desktop/Toolchain/Output/bin/../lib/gcc/i386-banana/8.1.0/libkgcc.a(_umoddi3.o)
                              core/pipe.32 (__umoddi3)

Allocating common symbols
Common symbol       size              file

dcache              0x40              fs/iso9660/iso9660.32
cdDriveLetter       0x1               fs/iso9660/iso9660.32
icache              0x40              fs/iso9660/iso9660.32

Discarded input sections

 .comment       0x0000000000000000       0x12 /cygdrive/d/Users/Alex/Desktop/Toolchain/Output/bin/../lib/gcc/i386-banana/8.1.0/crtbegin.o
 .comment       0x0000000000000000       0x12 acpica/utclib.32
 .comment       0x0000000000000000       0x12 core/malloc.32
 .comment       0x0000000000000000       0x12 libk/ctype.32
 .comment       0x0000000000000000       0x12 libk/string.32
 .comment       0x0000000000000000       0x12 fs/fat/diskio.32
 .comment       0x0000000000000000       0x12 fs/fat/ff.32
 .comment       0x0000000000000000       0x12 fs/fat/ffsystem.32
 .comment       0x0000000000000000       0x12 fs/fat/ffunicode.32
 .comment       0x0000000000000000       0x12 fs/iso9660/iso9660.32
 .group         0x0000000000000000       0x14 core/computer.32
 .group         0x0000000000000000        0xc core/computer.32
 .comment       0x0000000000000000       0x12 core/computer.32
 .comment       0x0000000000000000       0x12 core/gdt.32
 .group         0x0000000000000000        0xc core/idle.32
 .comment       0x0000000000000000       0x12 core/idle.32
 .comment       0x0000000000000000       0x12 core/idt.32
 .comment       0x0000000000000000       0x12 core/kheap.32
 .comment       0x0000000000000000       0x12 core/main.32
 .comment       0x0000000000000000       0x12 core/physmgr.32
 .group         0x0000000000000000        0xc core/pipe.32
 .comment       0x0000000000000000       0x12 core/pipe.32
 .group         0x0000000000000000        0xc core/terminal.32
 .comment       0x0000000000000000       0x12 core/terminal.32
 .comment       0x0000000000000000       0x12 core/tss.32
 .group         0x0000000000000000        0xc core/unixfile.32
 .group         0x0000000000000000        0xc core/unixfile.32
 .group         0x0000000000000000        0xc core/unixfile.32
 .group         0x0000000000000000        0xc core/unixfile.32
 .group         0x0000000000000000        0xc core/unixfile.32
 .group         0x0000000000000000        0xc core/unixfile.32
 .group         0x0000000000000000        0xc core/unixfile.32
 .group         0x0000000000000000        0xc core/unixfile.32
 .comment       0x0000000000000000       0x12 core/unixfile.32
 .comment       0x0000000000000000       0x12 core/virtmgr.32
 .comment       0x0000000000000000       0x12 coreobjs/c++.32
 .comment       0x0000000000000000       0x12 dbg/kconsole.32
 .comment       0x0000000000000000       0x12 dbg/usban.32
 .group         0x0000000000000000        0xc fs/vfs.32
 .group         0x0000000000000000        0xc fs/vfs.32
 .group         0x0000000000000000        0xc fs/vfs.32
 .comment       0x0000000000000000       0x12 fs/vfs.32
 .group         0x0000000000000000        0xc hal/bus.32
 .comment       0x0000000000000000       0x12 hal/bus.32
 .comment       0x0000000000000000       0x12 hal/buzzer.32
 .group         0x0000000000000000        0xc hal/clock.32
 .comment       0x0000000000000000       0x12 hal/clock.32
 .group         0x0000000000000000       0x14 hal/device.32
 .group         0x0000000000000000        0xc hal/device.32
 .group         0x0000000000000000        0xc hal/device.32
 .group         0x0000000000000000        0xc hal/device.32
 .group         0x0000000000000000        0xc hal/device.32
 .comment       0x0000000000000000       0x12 hal/device.32
 .group         0x0000000000000000        0xc hal/diskctrl.32
 .comment       0x0000000000000000       0x12 hal/diskctrl.32
 .group         0x0000000000000000        0xc hal/diskphys.32
 .comment       0x0000000000000000       0x12 hal/diskphys.32
 .comment       0x0000000000000000       0x12 hal/fpu.32
 .comment       0x0000000000000000       0x12 hal/intctrl.32
 .group         0x0000000000000000        0xc hal/keybrd.32
 .comment       0x0000000000000000       0x12 hal/keybrd.32
 .group         0x0000000000000000        0xc hal/logidisk.32
 .comment       0x0000000000000000       0x12 hal/logidisk.32
 .group         0x0000000000000000        0xc hal/mouse.32
[...]
Memory Configuration

Name             Origin             Length             Attributes
*default*        0x0000000000000000 0xffffffffffffffff

Linker script and memory map

LOAD D:/Users/Alex/Desktop/Banana/kernel/boot.32
LOAD crti.32
LOAD /cygdrive/d/Users/Alex/Desktop/Toolchain/Output/bin/../lib/gcc/i386-banana/8.1.0/crtbegin.o
LOAD D:/Users/Alex/Desktop/Banana/kernel/morenasm.32
LOAD acpica/utclib.32
LOAD core/malloc.32
LOAD libk/ctype.32
LOAD libk/string.32
LOAD fs/fat/diskio.32
LOAD fs/fat/ff.32
LOAD fs/fat/ffsystem.32
LOAD fs/fat/ffunicode.32
LOAD fs/iso9660/iso9660.32
LOAD core/computer.32
LOAD core/gdt.32
LOAD core/idle.32
LOAD core/idt.32
LOAD core/kheap.32
LOAD core/main.32
LOAD core/physmgr.32
LOAD core/pipe.32
LOAD core/terminal.32
LOAD core/tss.32
LOAD core/unixfile.32
LOAD core/virtmgr.32
LOAD coreobjs/c++.32
LOAD dbg/kconsole.32
LOAD dbg/usban.32
LOAD fs/vfs.32
LOAD hal/bus.32
LOAD hal/buzzer.32
LOAD hal/clock.32
LOAD hal/device.32
LOAD hal/diskctrl.32
LOAD hal/diskphys.32
LOAD hal/fpu.32
LOAD hal/intctrl.32
LOAD hal/keybrd.32
LOAD hal/logidisk.32
LOAD hal/mouse.32
LOAD hal/nic.32
LOAD hal/partition.32
LOAD hal/serial.32
LOAD hal/timer.32
LOAD hal/vcache.32
LOAD hal/video.32
LOAD hw/acpi.32
LOAD hw/cpu.32
LOAD krnl/bootmsg.32
LOAD krnl/env.32
LOAD krnl/inlines.32
LOAD krnl/panic.32
LOAD krnl/powctrl.32
LOAD krnl/random.32
LOAD krnl/resolve.32
LOAD krnl/signal.32
LOAD krnl/syscalls.32
LOAD net/ethernet.32
LOAD reg/cm.32
LOAD reg/registry.32
LOAD sys/eject.32
LOAD sys/exit.32
LOAD sys/getcwd.32
LOAD sys/getpid.32
LOAD sys/getramdata.32
LOAD sys/getvgaptr.32
LOAD sys/kill.32
LOAD sys/loaddll.32
LOAD sys/read.32
LOAD sys/registersignal.32
LOAD sys/registry.32
LOAD sys/sbrk.32
LOAD sys/setcwd.32
LOAD sys/settime.32
LOAD sys/timezone.32
LOAD sys/write.32
LOAD sys/wsbe.32
LOAD sys/yield.32
LOAD thr/elf.32
LOAD thr/prcssthr.32
LOAD vm86/vm8086.32
LOAD arch/i386/hal.32
LOAD arch/i386/pic.32
LOAD arch/i386/rtc.32
LOAD arch/i386/vga.32
LOAD fs/fat/vfslink.32
LOAD fs/iso9660/helper.32
LOAD fs/iso9660/vfslink.32
LOAD hal/sound/sndcard.32
LOAD hal/sound/sndport.32
LOAD hw/bus/isa.32
LOAD hw/bus/pci.32
LOAD hw/diskctrl/ide.32
LOAD hw/diskctrl/satabus.32
LOAD hw/diskphys/ata.32
LOAD hw/diskphys/atapi.32
LOAD hw/diskphys/sata.32
LOAD hw/diskphys/satapi.32
LOAD hw/intctrl/apic.32
LOAD hw/timer/apictimer.32
LOAD hw/timer/pit.32
LOAD arch/i386/avx.32
LOAD arch/i386/interrupt.32
LOAD arch/i386/rdrand.32
LOAD arch/i386/sse.32
LOAD arch/i386/x87.32
LOAD /cygdrive/d/Users/Alex/Desktop/Toolchain/Output/bin/../lib/gcc/i386-banana/8.1.0/crtend.o
LOAD crtn.32
LOAD /cygdrive/d/Users/Alex/Desktop/Toolchain/Output/bin/../lib/gcc/i386-banana/8.1.0/libkgcc.a
LOAD D:/Users/Alex/Desktop/Banana/kernel/libsoftfp.a
LOAD D:/Users/Alex/Desktop/Banana/kernel/libk/libm32.a
                0x00000000c0000000                . = 0xc0000000

.text           0x00000000c0000000    0x709ca
 *(.text)
 .text          0x00000000c0000000       0x20 D:/Users/Alex/Desktop/Banana/kernel/boot.32
 .text          0x00000000c0000020        0x0 crti.32
 .text          0x00000000c0000020      0x101 /cygdrive/d/Users/Alex/Desktop/Toolchain/Output/bin/../lib/gcc/i386-banana/8.1.0/crtbegin.o
 *fill*         0x00000000c0000121        0xf 
 .text          0x00000000c0000130      0x24f D:/Users/Alex/Desktop/Banana/kernel/morenasm.32
                0x00000000c0000130                manualPCIProbe
                0x00000000c000017b                prepareTramp
                0x00000000c0000194                doTPAUSE
                0x00000000c000019e                hasLegacyFPU
                0x00000000c00001c3                is486
                0x00000000c00001f9                detectCPUID
                0x00000000c000020f                goToVM86
                0x00000000c000023f                goToUsermode
                0x00000000c0000269                switchToThreadASMFirstTime
                0x00000000c0000277                switchToThreadASM
                0x00000000c00002fc                asmQuickAcquireLock
                0x00000000c000031a                asmQuickReleaseLock
                0x00000000c0000326                asmAcquireLock
                0x00000000c0000347                asmReleaseLock
                0x00000000c000035a                loadGDT
                0x00000000c000037a                memcpy
 *fill*         0x00000000c000037f        0x1 
 .text          0x00000000c0000380     0x1d37 acpica/utclib.32
                0x00000000c0000380                memcmp
                0x00000000c0000520                memmove
                0x00000000c00007a0                memset
                0x00000000c0000830                strlen
                0x00000000c00008d0                strpbrk
                0x00000000c0000a50                strtok
                0x00000000c0000b70                strcpy
                0x00000000c0000cb0                strncpy
                0x00000000c0000ff0                strcmp
                0x00000000c0001190                strchr
                0x00000000c0001240                strncmp
                0x00000000c0001430                strcat
                0x00000000c0001590                strncat
                0x00000000c0001770                strstr
                0x00000000c0001800                toupper
                0x00000000c0001890                tolower
                0x00000000c0001920                simple_strtoul
 .text          0x00000000c00020b7     0x4f41 core/malloc.32
                0x00000000c0002bae                dlfree
                0x00000000c0003b72                dlmalloc
                0x00000000c00056d7                dlrealloc
                0x00000000c0006202                dlmemalign
                0x00000000c00066d2                dlcalloc
                0x00000000c00069c0                dlcfree
                0x00000000c00069c5                dlindependent_calloc
                0x00000000c00069ea                dlindependent_comalloc
                0x00000000c0006a01                dlvalloc
                0x00000000c0006a2c                dlpvalloc
                0x00000000c0006a62                dlmalloc_trim
                0x00000000c0006a75                dlmalloc_usable_size
                0x00000000c0006b9d                dlmallinfo
                0x00000000c0006f58                dlmalloc_stats
                0x00000000c0006f6c                dlmallopt
 .text          0x00000000c0006ff8      0x1f2 libk/ctype.32
                0x00000000c0006ff8                isblank
                0x00000000c0007018                iscntrl
                0x00000000c0007038                isdigit
                0x00000000c0007054                islower
                0x00000000c0007070                isspace
                0x00000000c0007098                isupper
                0x00000000c00070b4                isalpha
                0x00000000c00070e4                isalnum
                0x00000000c0007114                ispunct
                0x00000000c0007154                isgraph
                0x00000000c0007184                isprint
                0x00000000c00071ac                isxdigit
 .text          0x00000000c00071ea        0x0 libk/string.32
 .text          0x00000000c00071ea      0x1c8 fs/fat/diskio.32
                0x00000000c00071ea                disk_status
                0x00000000c00071ed                disk_initialize
                0x00000000c00071f0                disk_read
                0x00000000c000728b                disk_write
                0x00000000c0007326                disk_ioctl
 .text          0x00000000c00073b2     0xc2a5 fs/fat/ff.32
                0x00000000c000dbe3                f_mount
                0x00000000c000dd5d                f_open
                0x00000000c000e4f6                f_read
                0x00000000c000ee43                f_write
                0x00000000c000f954                f_sync
                0x00000000c000fca6                f_close
                0x00000000c000fd0f                f_lseek
                0x00000000c0010515                f_opendir
                0x00000000c0010721                f_closedir
                0x00000000c001077d                f_readdir
                0x00000000c0010865                f_stat
                0x00000000c0010919                f_getfree
                0x00000000c0010cd6                f_truncate
                0x00000000c00110a3                f_unlink
                0x00000000c00111f0                f_mkdir
                0x00000000c0011623                f_rename
                0x00000000c0011946                f_chmod
                0x00000000c0011a9e                f_utime
                0x00000000c0011c3c                f_getlabel
                0x00000000c0011f6e                f_setlabel
                0x00000000c00122dd                f_expand
                0x00000000c0012745                f_mkfs
 *fill*         0x00000000c0013657        0x1 
 .text          0x00000000c0013658       0x2f fs/fat/ffsystem.32
                0x00000000c0013658                ff_memalloc
                0x00000000c0013670                ff_memfree
 *fill*         0x00000000c0013687        0x1 
 .text          0x00000000c0013688      0x4ea fs/fat/ffunicode.32
                0x00000000c0013688                ff_uni2oem
                0x00000000c0013790                ff_oem2uni
                0x00000000c001386c                ff_wtoupper
 .text          0x00000000c0013b72     0x4b94 fs/iso9660/iso9660.32
                0x00000000c00148a6                isoReadDiscSector
                0x00000000c0014aaf                strnicmp
                0x00000000c00151b6                stricmp
                0x00000000c0015286                iso_open
                0x00000000c0015605                iso_close
                0x00000000c0015693                iso_read
                0x00000000c0015e6b                iso_seek
                0x00000000c00164af                iso_tell
                0x00000000c0016650                iso_total
                0x00000000c00167ed                fn_postprocess
                0x00000000c0016877                iso_readdir
                0x00000000c0017fa4                iso_reset
                0x00000000c0017fc1                init_percd
                0x00000000c0018393                iso_ioctl
                0x00000000c00183ab                fs_iso9660_init
                0x00000000c00185de                fs_iso9660_shutdown
 *fill*         0x00000000c0018706        0x2 
 .text          0x00000000c0018708     0x1cd6 core/computer.32
                0x00000000c0018708                Computer::close(int, int, void*)
                0x00000000c00188c4                Krnl::firstTask()
                0x00000000c0018c10                Computer::Computer()
                0x00000000c0018c10                Computer::Computer()
                0x00000000c00190e0                Computer::setBootMessage(char const*)
                0x00000000c00190e4                Computer::detectFeatures()
                0x00000000c0019b28                Computer::displayFeatures()
                0x00000000c0019b2c                Computer::rdmsr(unsigned int)
                0x00000000c0019ba4                Computer::wrmsr(unsigned int, unsigned long long)
                0x00000000c0019c24                Computer::shutdown()
                0x00000000c0019cbc                Computer::restart()
                0x00000000c0019d54                Computer::sleep()
                0x00000000c0019dd4                Computer::nmiEnabled()
                0x00000000c0019e18                Computer::readCMOS(unsigned char)
                0x00000000c0019e78                Computer::enableNMI(bool)
                0x00000000c0019f14                Computer::open(int, int, void*)
                0x00000000c001a2c8                Computer::disableNMI()
                0x00000000c001a300                Computer::writeCMOS(unsigned char, unsigned char)
                0x00000000c001a368                Computer::handleNMI()
 .text          0x00000000c001a3de      0x50f core/gdt.32
                0x00000000c001a3de                GDTEntry::setBase(unsigned int)
                0x00000000c001a46e                GDTEntry::setLimit(unsigned int)
                0x00000000c001a4dc                GDT::GDT()
                0x00000000c001a4dc                GDT::GDT()
                0x00000000c001a562                GDT::addEntry(GDTEntry)
                0x00000000c001a63e                GDT::getNumberOfEntries()
                0x00000000c001a666                GDT::flush()
                0x00000000c001a6d4                GDT::setup()
 .text          0x00000000c001a8ed       0x38 core/idle.32
                0x00000000c001a8ed                idleFunction(void*)
 *fill*         0x00000000c001a925        0x3 
 .text          0x00000000c001a928      0xcf0 core/idt.32
                0x00000000c001a928                IDTEntry::IDTEntry(bool)
                0x00000000c001a928                IDTEntry::IDTEntry(bool)
                0x00000000c001ab94                IDTEntry::setOffset(unsigned int)
                0x00000000c001abf8                IDT::IDT()
                0x00000000c001abf8                IDT::IDT()
                0x00000000c001ac2a                IDT::getPointerToInvalidOpcodeEntryForF00F()
                0x00000000c001ac6a                IDT::addEntry(IDTEntry, int)
                0x00000000c001acd0                IDT::addEntry(int, void (*)(), bool)
                0x00000000c001ad2c                IDT::flush()
                0x00000000c001ad6a                IDT::setup()
 .text          0x00000000c001b618      0x2a5 core/kheap.32
                0x00000000c001b618                sbrk
                0x00000000c001b734                mmap
                0x00000000c001b74a                munmap
                0x00000000c001b760                liballoc_lock()
                0x00000000c001b79a                liballoc_unlock()
                0x00000000c001b7d8                liballoc_alloc(int)
                0x00000000c001b812                liballoc_free(void*, int)
                0x00000000c001b84f                realloc
                0x00000000c001b863                malloc
                0x00000000c001b873                free
                0x00000000c001b883                rfree
                0x00000000c001b893                calloc
 .text          0x00000000c001b8bd      0x134 core/main.32
                0x00000000c001b8bd                KeEntryPoint
 .text          0x00000000c001b9f1      0xd3a core/physmgr.32
                0x00000000c001b9f1                Phys::allocateDMA(unsigned long)
                0x00000000c001bcdf                Phys::freeDMA(unsigned long, unsigned long)
                0x00000000c001bd95                Phys::setPageState(unsigned long, bool)
                0x00000000c001bed2                Phys::getPageState(unsigned long)
                0x00000000c001bf31                Phys::freePage(unsigned long)
                0x00000000c001bfbf                Phys::allocatePage()
                0x00000000c001c187                Phys::allocateContiguousPages(int)
                0x00000000c001c276                Phys::allowSegmentToBeUsed(unsigned long, unsigned long)
                0x00000000c001c2b8                Phys::physicalMemorySetup(unsigned int)
 *fill*         0x00000000c001c72b        0x1 
 .text          0x00000000c001c72c      0xaa5 core/pipe.32
                0x00000000c001c72c                Pipe::isAtty()
                0x00000000c001c730                Pipe::~Pipe()
                0x00000000c001c730                Pipe::~Pipe()
                0x00000000c001c800                Pipe::~Pipe()
                0x00000000c001c828                Pipe::write(unsigned long long, void*, int*)
                0x00000000c001cb90                Pipe::read(unsigned long long, void*, int*)
                0x00000000c001cf6a                Pipe::Pipe(int)
                0x00000000c001cf6a                Pipe::Pipe(int)
 *fill*         0x00000000c001d1d1        0x1 
 .text          0x00000000c001d1d2     0x3031 core/terminal.32
                0x00000000c001d1d2                VgaText::isAtty()
                0x00000000c001d1d6                VgaText::~VgaText()
                0x00000000c001d1d6                VgaText::~VgaText()
                0x00000000c001d2a6                VgaText::~VgaText()
                0x00000000c001d2d0                VgaText::read(unsigned long long, void*, int*)
                0x00000000c001d310                setTerminalScrollLock(bool)
                0x00000000c001d311                doTerminalCycle()
                0x00000000c001d312                addToTerminalCycle(VgaText*)
                0x00000000c001d313                scrollTerminalScrollLock(int)
                0x00000000c001d314                VgaText::updateTitle()
                0x00000000c001d316                VgaText::load()
                0x00000000c001d318                VgaText::updateCursor()
                0x00000000c001d364                VgaText::doANSI_SGR(int)
                0x00000000c001d7d8                VgaText::setDefaultBgColour(VgaColour)
                0x00000000c001d850                VgaText::setDefaultFgColour(VgaColour)
                0x00000000c001d8c8                VgaText::setDefaultColours(VgaColour, VgaColour)
                0x00000000c001d926                VgaText::setTitleTextColour(VgaColour)
                0x00000000c001d984                VgaText::setTitleColour(VgaColour)
                0x00000000c001d9e2                VgaText::setTitle(char*)
                0x00000000c001da06                VgaText::combineColours(unsigned char, unsigned char)
                0x00000000c001da1a                VgaText::scrollScreen()
                0x00000000c001dd90                VgaText::combineCharAndColour(char, unsigned char)
                0x00000000c001dda0                VgaText::writeCharacter(char, VgaColour, VgaColour, int, int)
                0x00000000c001dea4                VgaText::getCursorX()
                0x00000000c001dee6                VgaText::getCursorY()
                0x00000000c001df28                VgaText::setCursor(int, int)
                0x00000000c001dfc4                setActiveTerminal(VgaText*)
                0x00000000c001e058                VgaText::clearScreen()
                0x00000000c001e174                VgaText::setCursorX(int)
                0x00000000c001e1c0                VgaText::setCursorY(int)
                0x00000000c001e20c                VgaText::incrementCursor(bool)
                0x00000000c001e40e                VgaText::decrementCursor(bool)
                0x00000000c001e4da                VgaText::putchar(char, VgaColour, VgaColour)
                0x00000000c001e816                VgaText::putchar(char)
                0x00000000c001edf4                VgaText::putx(unsigned int)
                0x00000000c001eea2                VgaText::puts(char const*)
                0x00000000c001ef12                VgaText::write(unsigned long long, void*, int*)
                0x00000000c001f078                VgaText::puts(char const*, VgaColour, VgaColour)
                0x00000000c001f708                VgaText::VgaText(char const*)
                0x00000000c001f708                VgaText::VgaText(char const*)
                0x00000000c001fd96                VgaText::receiveKey(unsigned char)
                0x00000000c0020202                VgaText::doUpdate()
 *fill*         0x00000000c0020203        0x1 
 .text          0x00000000c0020204      0xc60 core/tss.32
                0x00000000c0020204                TSS::TSS()
                0x00000000c0020204                TSS::TSS()
                0x00000000c002028c                TSS::setESP(unsigned long)
                0x00000000c0020330                TSS::flush()
                0x00000000c0020378                TSS::setup(unsigned long, unsigned long)
 .text          0x00000000c0020e64     0x11bd core/unixfile.32
                0x00000000c0020e64                ReservedFilename::read(unsigned long long, void*, int*)
                0x00000000c002112a                ReservedFilename::isAtty()
                0x00000000c0021228                ReservedFilename::write(unsigned long long, void*, int*)
                0x00000000c00214f2                UnixFile::getFileDescriptor()
                0x00000000c0021534                UnixFile::UnixFile(int)
                0x00000000c0021534                UnixFile::UnixFile(int)
                0x00000000c0021a3c                ReservedFilename::ReservedFilename(int)
                0x00000000c0021a3c                ReservedFilename::ReservedFilename(int)
                0x00000000c0021b7c                UnixFile::~UnixFile()
                0x00000000c0021b7c                UnixFile::~UnixFile()
                0x00000000c0021d00                UnixFile::~UnixFile()
                0x00000000c0021d28                ReservedFilename::~ReservedFilename()
                0x00000000c0021d28                ReservedFilename::~ReservedFilename()
                0x00000000c0021e0c                ReservedFilename::~ReservedFilename()
                0x00000000c0021e33                KeGetFileFromDescriptor(int)
 *fill*         0x00000000c0022021        0x1 
 .text          0x00000000c0022022     0x3c89 core/virtmgr.32
                0x00000000c0022022                Virt::setPageState(unsigned long, Virt::VirtPageState)
                0x00000000c0022109                Virt::getPageState(unsigned long)
                0x00000000c00221af                Virt::allocateKernelVirtualPages(int)
                0x00000000c0022321                Virt::freeSwapfilePage(unsigned long)
                0x00000000c00223ac                Virt::swapIDToSector(unsigned long)
                0x00000000c00223c2                Virt::allocateSwapfilePage()
                0x00000000c0022579                Virt::virtualMemorySetup()
                0x00000000c00225dc                Virt::setupPageSwapping(int)
                0x00000000c0022804                VAS::VAS(VAS*)
                0x00000000c0022804                VAS::VAS(VAS*)
                0x00000000c00228de                VAS::getForeignPageTableEntry(bool, unsigned long)
                0x00000000c002292e                VAS::getPageTableEntry(unsigned long)
                0x00000000c002296d                Virt::freeKernelVirtualPages(unsigned long)
                0x00000000c0022b94                VAS::freeAllocatedPages(unsigned long)
                0x00000000c0022bf0                VAS::virtualToPhysical(unsigned long)
                0x00000000c0022c52                VAS::reflagRange(unsigned long, int, int, int)
                0x00000000c0022d38                VAS::VAS()
                0x00000000c0022d38                VAS::VAS()
                0x00000000c0022f24                VAS::setToWriteCombining(unsigned long, int)
                0x00000000c0023018                VAS::mapOtherVASIn(bool, VAS*)
                0x00000000c0023126                VAS::~VAS()
                0x00000000c0023126                VAS::~VAS()
                0x00000000c0023624                VAS::mapPage(unsigned long, unsigned long, int)
                0x00000000c002395c                VAS::allocatePages(int, int)
                0x00000000c0023cac                VAS::setCPUSpecific(unsigned long)
                0x00000000c0023ce6                VAS::mapRange(unsigned long, unsigned long, int, int)
                0x00000000c0023d78                VAS::mapForeignPage(bool, VAS*, unsigned long, unsigned long, int)
                0x00000000c0023fd6                VAS::VAS(bool)
                0x00000000c0023fd6                VAS::VAS(bool)
                0x00000000c0024c4c                VAS::evict(unsigned long)
                0x00000000c0024fbe                VAS::tryLoadBackOffDisk(unsigned long)
                0x00000000c002552a                VAS::scanForEviction()
                0x00000000c00259d2                mapVASFirstTime
 .text          0x00000000c0025cab       0x5f coreobjs/c++.32
                0x00000000c0025cab                __cxa_atexit
                0x00000000c0025cae                __cxa_finalize
                0x00000000c0025caf                __stack_chk_fail
                0x00000000c0025ce5                __cxa_pure_virtual
                0x00000000c0025cf6                operator new[](unsigned long)
                0x00000000c0025cfb                operator delete(void*, unsigned long)
                0x00000000c0025d00                operator delete[](void*)
                0x00000000c0025d05                operator delete[](void*, unsigned long)
 .text          0x00000000c0025d0a      0x623 dbg/kconsole.32
                0x00000000c0025d0a                Dbg::stringifyxWithBase(unsigned int, char*, int)
                0x00000000c0025f24                Dbg::logc(char)
                0x00000000c0025f44                Dbg::logs(char*)
                0x00000000c0025fd3                Dbg::logWriteInt(unsigned int)
                0x00000000c0025ff3                Dbg::logWriteIntBase(unsigned int, int)
                0x00000000c0026016                Dbg::kprintf(char const*, ...)
 *fill*         0x00000000c002632d        0x3 
 .text          0x00000000c0026330      0x398 dbg/usban.32
                0x00000000c0026330                KiUbsanPrintDetails(char const*, void*)
                0x00000000c0026460                __ubsan_handle_type_mismatch_v1
                0x00000000c002653c                __ubsan_handle_pointer_overflow
                0x00000000c0026568                __ubsan_handle_out_of_bounds
                0x00000000c0026594                __ubsan_handle_add_overflow
                0x00000000c00265c0                __ubsan_handle_load_invalid_value
                0x00000000c00265ec                __ubsan_handle_divrem_overflow
                0x00000000c0026618                __ubsan_handle_mul_overflow
                0x00000000c0026644                __ubsan_handle_sub_overflow
                0x00000000c0026670                __ubsan_handle_shift_out_of_bounds
                0x00000000c002669c                __ubsan_handle_negate_overflow
 .text          0x00000000c00266c8     0x7506 fs/vfs.32
                0x00000000c00266c8                File::isAtty()
                0x00000000c00266cc                Directory::isAtty()
                0x00000000c00266d0                Filesystem::getlabel(LogicalDisk*, int, char*, unsigned int*)
                0x00000000c00266d6                Filesystem::setlabel(LogicalDisk*, int, char*)
                0x00000000c00266dc                Filesystem::allocateSwapfile(char const*, int)
                0x00000000c00266e2                File::~File()
                0x00000000c00266e2                File::~File()
                0x00000000c00267b2                File::~File()
                0x00000000c00267dc                Directory::~Directory()
                0x00000000c00267dc                Directory::~Directory()
                0x00000000c00268ac                Directory::~Directory()
                0x00000000c00268d6                Directory::write(unsigned long long, void*, int*)
                0x00000000c0026a86                File::read(unsigned long long, void*, int*)
                0x00000000c0026edc                File::write(unsigned long long, void*, int*)
                0x00000000c0027332                Directory::read(unsigned long long, void*, int*)
                0x00000000c0027788                Filesystem::Filesystem()
                0x00000000c0027788                Filesystem::Filesystem()
                0x00000000c0027860                Filesystem::~Filesystem()
                0x00000000c0027860                Filesystem::~Filesystem()
                0x00000000c00278de                Filesystem::~Filesystem()
                0x00000000c0027905                Fs::getcwd(Process*, char*, int)
                0x00000000c0027a40                Fs::initVFS()
                0x00000000c0027a6a                Fs::standardiseFiles(char*, char const*, char const*)
                0x00000000c00288c0                File::File(char const*, Process*)
                0x00000000c00288c0                File::File(char const*, Process*)
                0x00000000c0028e4e                File::open(FileOpenMode)
                0x00000000c00292b2                File::close()
                0x00000000c0029704                File::seek(unsigned long long)
                0x00000000c0029b3a                File::tell(unsigned long long*)
                0x00000000c0029f5e                File::rewind()
                0x00000000c0029f90                File::unlink()
                0x00000000c002a3a4                File::rename(char const*)
                0x00000000c002a7a8                File::chfatattr(unsigned char, unsigned char)
                0x00000000c002abca                File::exists()
                0x00000000c002af5e                File::stat(unsigned long long*, bool*)
                0x00000000c002b5d8                Fs::setcwd(Process*, char*)
                0x00000000c002bb90                Directory::Directory(char const*, Process*)
                0x00000000c002bb90                Directory::Directory(char const*, Process*)
                0x00000000c002c11e                Directory::open()
                0x00000000c002c592                Directory::close()
                0x00000000c002c9e4                Directory::unlink()
                0x00000000c002cdf8                Directory::rename(char const*)
                0x00000000c002d1fc                Directory::exists()
                0x00000000c002d590                Directory::read(dirent*)
                0x00000000c002d7b4                Directory::create()
                0x00000000c002dbc8                Filesystem::chfatattr(char const*, unsigned char, unsigned char)
 *fill*         0x00000000c002dbce        0x2 
 .text          0x00000000c002dbd0      0x252 hal/bus.32
                0x00000000c002dbd0                Bus::Bus(char const*)
                0x00000000c002dbd0                Bus::Bus(char const*)
                0x00000000c002dd14                Bus::~Bus()
                0x00000000c002dd14                Bus::~Bus()
                0x00000000c002ddf8                Bus::~Bus()
 .text          0x00000000c002de22       0xee hal/buzzer.32
                0x00000000c002de22                beepThread(void*)
                0x00000000c002de8e                Krnl::beep(int, int, bool)
 .text          0x00000000c002df10      0xad8 hal/clock.32
                0x00000000c002df10                User::loadClockSettings(int)
                0x00000000c002dffc                Clock::Clock(char const*)
                0x00000000c002dffc                Clock::Clock(char const*)
                0x00000000c002e126                Clock::~Clock()
                0x00000000c002e126                Clock::~Clock()
                0x00000000c002e1f6                Clock::~Clock()
                0x00000000c002e220                Clock::timeInSecondsLocal()
                0x00000000c002e370                Clock::setTimeInSecondsLocal(unsigned long long)
                0x00000000c002e4b9                datetimeToSeconds(datetime_t)
                0x00000000c002e6b2                Clock::setTimeInDatetimeLocal(datetime_t)
                0x00000000c002e832                secondsToDatetime(unsigned long long)
                0x00000000c002e9a6                Clock::timeInDatetimeLocal()
 .text          0x00000000c002e9e8     0x167b hal/device.32
                0x00000000c002e9e8                Device::hibernate()
                0x00000000c002e9ea                Device::wake()
                0x00000000c002e9ec                Device::detect()
                0x00000000c002e9ee                Device::disableLegacy()
                0x00000000c002e9f0                Device::powerSaving(PowerSavingLevel)
                0x00000000c002e9f2                DriverlessDevice::close(int, int, void*)
                0x00000000c002e9f6                DriverlessDevice::detect()
                0x00000000c002e9f8                DriverlessDevice::open(int, int, void*)
                0x00000000c002ea0c                Device::~Device()
                0x00000000c002ea0c                Device::~Device()
                0x00000000c002ea8a                Device::~Device()
                0x00000000c002eab4                Device::findAndLoadDriver()
                0x00000000c002eac2                Device::preOpenPCI(PCIDeviceInfo)
                0x00000000c002eb5c                Device::preOpenACPI(void*, char*, char*)
                0x00000000c002ec6e                Device::addIRQHandler(int, void (*)(regs*, void*), bool, void*)
                0x00000000c002ec98                Device::getParent()
                0x00000000c002ece2                Device::removeIRQHandler(int, void (*)(regs*, void*), bool)
                0x00000000c002ed00                Device::addChild(Device*)
                0x00000000c002ee9c                Device::removeAllChildren()
                0x00000000c002f060                Device::hibernateAll()
                0x00000000c002f1b4                Device::wakeAll()
                0x00000000c002f308                Device::detectAll()
                0x00000000c002f45c                Device::disableLegacyAll()
                0x00000000c002f45e                Device::loadDriversForAll()
                0x00000000c002f460                Device::closeAll()
                0x00000000c002f5b8                Device::powerSavingAll(PowerSavingLevel)
                0x00000000c002f718                Device::setName(char const*)
                0x00000000c002f76a                Device::Device(char const*)
                0x00000000c002f76a                Device::Device(char const*)
                0x00000000c002fd5a                Device::getName()
                0x00000000c002fd9e                DriverlessDevice::DriverlessDevice(char const*)
                0x00000000c002fd9e                DriverlessDevice::DriverlessDevice(char const*)
                0x00000000c002fec8                Device::addToLinkedList(LinkedList<Device>&, DeviceType)
                0x00000000c0030003                getDevicesOfType(DeviceType)
 *fill*         0x00000000c0030063        0x1 
 .text          0x00000000c0030064      0x252 hal/diskctrl.32
                0x00000000c0030064                HardDiskController::HardDiskController(char const*)
                0x00000000c0030064                HardDiskController::HardDiskController(char const*)
                0x00000000c00301a8                HardDiskController::~HardDiskController()
                0x00000000c00301a8                HardDiskController::~HardDiskController()
                0x00000000c003028c                HardDiskController::~HardDiskController()
 .text          0x00000000c00302b6      0x3f8 hal/diskphys.32
                0x00000000c00302b6                PhysicalDisk::eject()
                0x00000000c00302ba                PhysicalDisk::PhysicalDisk(char const*, int)
                0x00000000c00302ba                PhysicalDisk::PhysicalDisk(char const*, int)
                0x00000000c003053a                PhysicalDisk::startCache()
                0x00000000c00305b4                PhysicalDisk::~PhysicalDisk()
                0x00000000c00305b4                PhysicalDisk::~PhysicalDisk()
                0x00000000c0030684                PhysicalDisk::~PhysicalDisk()
 .text          0x00000000c00306ae        0x0 hal/fpu.32
 .text          0x00000000c00306ae     0x1907 hal/intctrl.32
                0x00000000c00306ae                int_handler
                0x00000000c0030ac2                installISRHandler(int, void (*)(regs*, void*), void*)
                0x00000000c0030d7f                installIRQHandler(int, void (*)(regs*, void*), bool, void*)
                0x00000000c0031528                uninstallISRHandler(int, void (*)(regs*, void*))
                0x00000000c0031827                uninstallIRQHandler(int, void (*)(regs*, void*), bool)
                0x00000000c0031c59                setupINTS()
                0x00000000c0031e82                convertLegacyIRQNumber(int)
 *fill*         0x00000000c0031fb5        0x1 
 .text          0x00000000c0031fb6     0x12a0 hal/keybrd.32
                0x00000000c0031fb6                startGUI(void*)
                0x00000000c003203d                startGUIVESA(void*)
                0x00000000c00320c4                sendKeyToTerminal(unsigned char)
                0x00000000c003225f                sendKeyboardToken(KeyboardToken)
                0x00000000c0032a8c                clearInternalKeybuffer(VgaText*)
                0x00000000c0032b54                readKeyboard(VgaText*, char*, unsigned long)
                0x00000000c003302a                Keyboard::Keyboard(char const*)
                0x00000000c003302a                Keyboard::Keyboard(char const*)
                0x00000000c003315c                Keyboard::~Keyboard()
                0x00000000c003315c                Keyboard::~Keyboard()
                0x00000000c003322c                Keyboard::~Keyboard()
 .text          0x00000000c0033256      0xf99 hal/logidisk.32
                0x00000000c0033256                LogicalDisk::close(int, int, void*)
                0x00000000c003325a                LogicalDisk::~LogicalDisk()
                0x00000000c003325a                LogicalDisk::~LogicalDisk()
                0x00000000c003332a                LogicalDisk::~LogicalDisk()
                0x00000000c0033354                LogicalDisk::open(int, int, void*)
                0x00000000c0033368                LogicalDisk::absoluteToRelative(unsigned long long)
                0x00000000c003343e                LogicalDisk::relativeToAbsolute(unsigned long long)
                0x00000000c00334d0                LogicalDisk::LogicalDisk(char const*, PhysicalDisk*, unsigned long long, unsigned long long)
                0x00000000c00334d0                LogicalDisk::LogicalDisk(char const*, PhysicalDisk*, unsigned long long, unsigned long long)
                0x00000000c0033884                LogicalDisk::assignDriveLetter()
                0x00000000c0033ae8                LogicalDisk::mount()
                0x00000000c0033c4e                LogicalDisk::unmount()
                0x00000000c0033c9c                LogicalDisk::eject()
                0x00000000c0033d54                LogicalDisk::unassignDriveLetter()
                0x00000000c0033edc                LogicalDisk::read(unsigned long long, int, void*)
                0x00000000c0034066                LogicalDisk::write(unsigned long long, int, void*)
 *fill*         0x00000000c00341ef        0x1 
 .text          0x00000000c00341f0      0x252 hal/mouse.32
                0x00000000c00341f0                Mouse::Mouse(char const*)
                0x00000000c00341f0                Mouse::Mouse(char const*)
                0x00000000c0034334                Mouse::~Mouse()
                0x00000000c0034334                Mouse::~Mouse()
                0x00000000c0034418                Mouse::~Mouse()
 .text          0x00000000c0034442      0x230 hal/nic.32
                0x00000000c0034442                NIC::getMAC()
                0x00000000c0034448                NIC::write(int, unsigned char*, int*)
                0x00000000c003444e                NIC::NIC(char const*)
                0x00000000c003444e                NIC::NIC(char const*)
                0x00000000c0034578                NIC::~NIC()
                0x00000000c0034578                NIC::~NIC()
                0x00000000c0034648                NIC::~NIC()
 .text          0x00000000c0034672      0xe6c hal/partition.32
                0x00000000c0034672                makePartition(PhysicalDisk*, unsigned long long, unsigned long long)
                0x00000000c00347dc                createPartitionsForDisk(PhysicalDisk*)
 *fill*         0x00000000c00354de        0x2 
 .text          0x00000000c00354e0      0x252 hal/serial.32
                0x00000000c00354e0                Serial::Serial(char const*)
                0x00000000c00354e0                Serial::Serial(char const*)
                0x00000000c0035624                Serial::~Serial()
                0x00000000c0035624                Serial::~Serial()
                0x00000000c0035708                Serial::~Serial()
 *fill*         0x00000000c0035732        0x2 
 .text          0x00000000c0035734      0x7a4 hal/timer.32
                0x00000000c0035734                Timer::Timer(char const*)
                0x00000000c0035734                Timer::Timer(char const*)
                0x00000000c0035878                Timer::~Timer()
                0x00000000c0035878                Timer::~Timer()
                0x00000000c003595c                Timer::~Timer()
                0x00000000c0035986                Timer::read()
                0x00000000c00359d3                setupTimer(int)
                0x00000000c0035ac1                timerHandler(unsigned int)
 .text          0x00000000c0035ed8     0x1a4c hal/vcache.32
                0x00000000c0035ed8                VCache::VCache(PhysicalDisk*)
                0x00000000c0035ed8                VCache::VCache(PhysicalDisk*)
                0x00000000c003687e                VCache::invalidateReadBuffer()
                0x00000000c003691a                VCache::writeWriteBuffer()
                0x00000000c0036b1c                VCache::~VCache()
                0x00000000c0036b1c                VCache::~VCache()
                0x00000000c0036cf8                VCache::~VCache()
                0x00000000c0036d20                VCache::write(unsigned long long, int, void*)
                0x00000000c00372ee                VCache::read(unsigned long long, int, void*)
 .text          0x00000000c0037924     0x123e hal/video.32
                0x00000000c0037924                Video::putpixel(int, int, unsigned int)
                0x00000000c0037932                Video::readPixelApprox(int, int)
                0x00000000c0037946                Video::putrect(int, int, int, int, unsigned int)
                0x00000000c0037a6e                Video::bitblit(int, int, int, int, int, int, int, unsigned int*)
                0x00000000c0037c7e                Video::blit(unsigned int*, int, int, int, int)
                0x00000000c0037e84                Video::clearScreen(unsigned int)
                0x00000000c0037fba                Video::Video(char const*)
                0x00000000c0037fba                Video::Video(char const*)
                0x00000000c00380e4                Video::~Video()
                0x00000000c00380e4                Video::~Video()
                0x00000000c00381b4                Video::~Video()
                0x00000000c00381de                Video::isMonochrome()
                0x00000000c0038228                Video::getWidth()
                0x00000000c0038272                Video::getHeight()
                0x00000000c00382bc                Video::drawCursor(int, int, unsigned int*, int)
                0x00000000c003856a                Video::tgaParse(unsigned char*, int, int*, int*)
                0x00000000c00389b4                Video::putTGA(int, int, unsigned char*, int)
 *fill*         0x00000000c0038b62        0x2 
 .text          0x00000000c0038b64     0x3d8f hw/acpi.32
                0x00000000c0038b64                ACPI::close(int, int, void*)
                0x00000000c0038c18                findRSDP()
                0x00000000c0038d6c                loadACPITables(unsigned char*)
                0x00000000c0039634                findRSDT(unsigned char*)
                0x00000000c003981c                findDataTable(unsigned char*, char*)
                0x00000000c0039a28                scanMADT()
                0x00000000c003af60                ACPI::ACPI()
                0x00000000c003af60                ACPI::ACPI()
                0x00000000c003b164                ACPI::getPCIIRQAssignment(unsigned char, unsigned short, unsigned char)
                0x00000000c003b538                ACPI::registerPCIIRQAssignment(void*, unsigned short, unsigned char, unsigned char)
                0x00000000c003ba6c                ACPI::setScreenBrightnessLevel(void*, int)
                0x00000000c003ba74                ACPI::detectPCI()
                0x00000000c003bfac                ACPI::writeSimpleBootFlag(SimpleBootFlagTable*)
                0x00000000c003c080                ACPI::sleep()
                0x00000000c003c09c                ACPI::open(int, int, void*)
 *fill*         0x00000000c003c8f3        0x1 
 .text          0x00000000c003c8f4     0x21ab hw/cpu.32
                0x00000000c003c8f4                CPU::close(int, int, void*)
                0x00000000c003c8f8                CPU::AMD_K6_write_msr(unsigned int, unsigned int, unsigned int, CPU::REGS*)
                0x00000000c003c914                CPU::AMD_K6_read_msr(unsigned int, CPU::REGS*)
                0x00000000c003c92c                CPU::AMD_K6_writeback(int, int, int)
                0x00000000c003c9a0                CPU::cpuid(int, unsigned long*, unsigned long*, unsigned long*, unsigned long*)
                0x00000000c003cb1e                CPU::cpuidCheckEDX(unsigned int)
                0x00000000c003cb4c                CPU::cpuidCheckECX(unsigned int)
                0x00000000c003cb7a                CPU::cpuidCheckExtendedEBX(unsigned int)
                0x00000000c003cba8                CPU::cpuidCheckExtendedECX(unsigned int)
                0x00000000c003cbd6                CPU::CPU()
                0x00000000c003cbd6                CPU::CPU()
                0x00000000c003cf24                CPU::displayFeatures()
                0x00000000c003cf26                CPU::detectFeatures()
                0x00000000c003e288                CPU::setupSMEP()
                0x00000000c003e294                CPU::setupUMIP()
                0x00000000c003e29e                CPU::setupTSC()
                0x00000000c003e2a8                CPU::setupLargePages()
                0x00000000c003e2b2                CPU::setupPAT()
                0x00000000c003e362                CPU::setupMTRR()
                0x00000000c003e364                CPU::setupGlobalPages()
                0x00000000c003e36e                CPU::allowUsermodeDataAccess()
                0x00000000c003e3be                CPU::prohibitUsermodeDataAccess()
                0x00000000c003e40e                CPU::setupSMAP()
                0x00000000c003e448                CPU::setupFeatures()
                0x00000000c003e6e0                CPU::open(int, int, void*)
 .text          0x00000000c003ea9f      0x501 krnl/bootmsg.32
                0x00000000c003ea9f                KeDisplaySplashScreen()
                0x00000000c003ee32                KeSetBootMessage(char const*)
 .text          0x00000000c003efa0     0x1760 krnl/env.32
                0x00000000c003efa0                EnvVarContainer::getEnv(char const*)
                0x00000000c003f0f8                EnvVarContainer::setEnv(char const*, char const*)
                0x00000000c003f2c0                EnvVarContainer::deleteEnv(char const*)
                0x00000000c003f2c2                EnvVarContainer::loadFrom(char const*, char const*)
                0x00000000c003f8ee                EnvVarContainer::__loadSystem()
                0x00000000c003f926                EnvVarContainer::__loadUser()
                0x00000000c003f928                EnvVarContainer::EnvVarContainer(Process*)
                0x00000000c003f928                EnvVarContainer::EnvVarContainer(Process*)
                0x00000000c003fa1e                EnvVarContainer::~EnvVarContainer()
                0x00000000c003fa1e                EnvVarContainer::~EnvVarContainer()
                0x00000000c003fb20                KeGetEnv(Process*, char const*)
                0x00000000c003fc00                KeSetEnvSystem(char const*, char const*)
                0x00000000c003fc37                KeSetEnvUser(char const*, char const*)
                0x00000000c003fc71                KeSetEnvProcess(Process*, char const*, char const*)
                0x00000000c003fce6                KeDeleteEnvSystem(char const*)
                0x00000000c003fd06                KeDeleteEnvUser(char const*)
                0x00000000c003fd26                KeDeleteEnvProcess(Process*, char const*)
                0x00000000c003fd84                KeNewProcessEnv(Process*)
                0x00000000c003fdbf                KeCopyProcessEnv(Process*, Process*)
                0x00000000c003ff58                KeLoadSystemEnv()
                0x00000000c003ffbe                KeLoadUserEnv()
                0x00000000c004001b                KeFlushEnv()
                0x00000000c004001c                KeGetProcessTotalEnvCount(Process*)
                0x00000000c0040191                KeGetProcessEnvPair(Process*, int)
 .text          0x00000000c0040700      0x193 krnl/inlines.32
                0x00000000c0040700                CPU::current()
                0x00000000c004074c                operator new(unsigned long)
                0x00000000c0040751                operator delete(void*)
                0x00000000c0040756                disableIRQs()
                0x00000000c0040758                enableIRQs()
                0x00000000c004075a                lockScheduler()
                0x00000000c0040787                unlockScheduler()
                0x00000000c00407b8                lockStuff()
                0x00000000c0040808                unlockStuff()
                0x00000000c0040878                Virt::getAKernelVAS()
                0x00000000c004087e                __not_memcpy
 .text          0x00000000c0040893        0xc krnl/panic.32
                0x00000000c0040893                KePanic(char const*)
 .text          0x00000000c004089f      0x1fd krnl/powctrl.32
                0x00000000c004089f                KePowerThread(void*)
                0x00000000c0040904                KeChangePowerSettings(PowerSettings)
                0x00000000c004091a                KeUserIOReceived()
                0x00000000c0040925                KeHandlePowerButton()
                0x00000000c0040990                KeHandleSleepButton()
                0x00000000c00409fb                KeSetupPowerManager()
 .text          0x00000000c0040a9c       0x9d krnl/random.32
                0x00000000c0040a9c                KeRand()
                0x00000000c0040ade                KeSeedRand(unsigned int)
                0x00000000c0040b07                KeInitRand()
 *fill*         0x00000000c0040b39        0x3 
 .text          0x00000000c0040b3c      0x1bc krnl/resolve.32
                0x00000000c0040b3c                KeResolveCompatibilitySymbol(char*)
 .text          0x00000000c0040cf8      0xe2f krnl/signal.32
                0x00000000c0040cf8                KiSigKill(int)
                0x00000000c0040d0c                KiDefaultSignalHandlerIgnore(int)
                0x00000000c0040d0d                KiDefaultSignalHandlerPause(int)
                0x00000000c0040d39                KiDefaultSignalHandlerResume(int)
                0x00000000c0040d65                KeDeinitSignals(SigHandlerBlock*)
                0x00000000c0040d6a                KeInitSignals()
                0x00000000c0040e94                KeRegisterSignalHandler(SigHandlerBlock*, int, void (*)(int), unsigned int, int)
                0x00000000c004100b                KeRaiseSignal(SigHandlerBlock*, int)
                0x00000000c0041198                KeCheckSignal(SigHandlerBlock*, int*)
                0x00000000c004179e                KiCheckSignalZ
                0x00000000c00418fe                KeCompleteSignal(SigHandlerBlock*, int)
                0x00000000c00419ff                KiFinishSignalZ
 .text          0x00000000c0041b27     0x4829 krnl/syscalls.32
                0x00000000c0041b27                SysSeekDir(regs*)
                0x00000000c0041b2c                SysTellDir(regs*)
                0x00000000c0041b31                SysTTYName(regs*)
                0x00000000c0041b39                SysNotImpl(regs*)
                0x00000000c0041b54                SysVerify(regs*)
                0x00000000c0041b9b                SysGetArgc(regs*)
                0x00000000c0041c20                SysFormatDisk(regs*)
                0x00000000c0041f54                SysSetDiskVolumeLabel(regs*)
                0x00000000c0042622                SysGetDiskVolumeLabel(regs*)
                0x00000000c0042d42                SysShutdown(regs*)
                0x00000000c0042f5d                SysRealpath(regs*)
                0x00000000c00430f5                SysReadDir(regs*)
                0x00000000c0043324                SysIsATTY(regs*)
                0x00000000c004351d                SysSeek(regs*)
                0x00000000c0043693                SysTell(regs*)
                0x00000000c0043891                SysSize(regs*)
                0x00000000c0043a94                SysClose(regs*)
                0x00000000c0043c73                SysCloseDir(regs*)
                0x00000000c0043dee                SysWait(regs*)
                0x00000000c0043e80                SysPanic(regs*)
                0x00000000c0043ed5                SysGetArgv(regs*)
                0x00000000c004418e                SysUSleep(regs*)
                0x00000000c004422a                SysGetEnv(regs*)
                0x00000000c0044432                SysGetUnixTime(regs*)
                0x00000000c00444a5                SysSizeFromFilename(regs*)
                0x00000000c00447b8                SysOpenDir(regs*)
                0x00000000c00449e2                SysMakeDir(regs*)
                0x00000000c0044b9a                SysRmdir(regs*)
                0x00000000c0044d55                SysUnlink(regs*)
                0x00000000c0044f10                SysSetFatAttrib(regs*)
                0x00000000c004515b                SysPipe(regs*)
                0x00000000c0045318                SysSpawn(regs*)
                0x00000000c00454f9                string_ends_with(char const*, char const*)
                0x00000000c004557f                SysOpen(regs*)
                0x00000000c00461a6                KeSystemCall(regs*, void*)
 .text          0x00000000c0046350      0x2cd net/ethernet.32
                0x00000000c0046350                KeSwitchEndian16(unsigned short)
                0x00000000c00463a4                KeSwitchEndian32(unsigned int)
                0x00000000c00463d8                EthernetCRC32(unsigned char*, int)
                0x00000000c0046524                EthernetReceivedPacket(EthernetUnwrappedFrame*, unsigned short)
 .text          0x00000000c004661d     0x238f reg/cm.32
                0x00000000c004661d                CmOpen(char const*)
                0x00000000c00469bc                CmClose(Reghive_Tag*)
                0x00000000c0046a2d                CmReadExtent(Reghive_Tag*, int, unsigned char*)
                0x00000000c0046b48                CmGetString(Reghive_Tag*, int, char*)
                0x00000000c0046cdd                CmEnterDirectory(Reghive_Tag*, int)
                0x00000000c0046d1c                CmGetNext(Reghive_Tag*, int)
                0x00000000c0046d4e                CmWriteExtent(Reghive_Tag*, int, unsigned char*)
                0x00000000c0046e69                CmFreeExtent(Reghive_Tag*, int)
                0x00000000c0046e91                CmUpdateHeader(Reghive_Tag*)
                0x00000000c0046f01                CmExpand(Reghive_Tag*, int)
                0x00000000c004707e                CmFindUnusedExtent(Reghive_Tag*)
                0x00000000c004722f                CmCreateExtent(Reghive_Tag*, int, int, unsigned char*)
                0x00000000c0047323                CmSetString(Reghive_Tag*, int, char const*)
                0x00000000c00477ef                CmGetMatch(char*, char*, bool, bool*)
                0x00000000c00478e3                CmAddShift(unsigned int*, int*, unsigned char, int)
                0x00000000c00479dd                CmGetShift(unsigned int*, int*, int, bool*)
                0x00000000c0047b29                CmGetInteger(Reghive_Tag*, int, unsigned long long*)
                0x00000000c0047b75                CmSetInteger(Reghive_Tag*, int, unsigned long long)
                0x00000000c0047bb5                CmConvertFromInternalFilename(unsigned char const*, char*)
                0x00000000c0047dee                CmGetNameAndTypeFromExtent(Reghive_Tag*, int, char*)
                0x00000000c0047e1c                CmConvertToInternalFilename(char const*, unsigned char*)
                0x00000000c00483c7                CmCreateString(Reghive_Tag*, int, char const*)
                0x00000000c0048414                CmFindInDirectory(Reghive_Tag*, int, char const*)
                0x00000000c004848e                CmCreateInteger(Reghive_Tag*, int, char const*, unsigned long long, int)
                0x00000000c00484e1                CmCreateDirectory(Reghive_Tag*, int, char const*)
                0x00000000c00485a5                zStrtok(char*, char const*)
                0x00000000c0048786                CmFindObjectFromPath(Reghive_Tag*, char const*)
                0x00000000c0048807                CmDisplayTree(Reghive_Tag*, int, int)
                0x00000000c00488e2                CmSplitFinalSlashInPlace(char*)
 .text          0x00000000c00489ac     0x1267 reg/registry.32
                0x00000000c00489ac                Reg::findLineFromLoadedData(char*, char*, char*)
                0x00000000c0048ddd                Reg::getLineFromRegistry(char*, char*, char*, char*)
                0x00000000c0049182                Reg::getLine(char*, char*, char*)
                0x00000000c00491b9                Reg::readInt(char*, char*, int*)
                0x00000000c0049879                Reg::readString(char*, char*, char*, int)
                0x00000000c0049afd                Reg::readBool(char*, char*, bool*)
                0x00000000c0049b48                Reg::readBoolWithDefault(char*, char*, bool)
                0x00000000c0049b8f                Reg::readIntWithDefault(char*, char*, int)
                0x00000000c0049bbb                Reg::readStringWithDefault(char*, char*, char*, int, char*)
 .text          0x00000000c0049c13      0x172 sys/eject.32
                0x00000000c0049c13                SysEject(regs*)
 .text          0x00000000c0049d85       0x4e sys/exit.32
                0x00000000c0049d85                SysExit(regs*)
 .text          0x00000000c0049dd3       0x9d sys/getcwd.32
                0x00000000c0049dd3                SysGetCwd(regs*)
 .text          0x00000000c0049e70       0x57 sys/getpid.32
                0x00000000c0049e70                SysGetPID(regs*)
 .text          0x00000000c0049ec7       0x86 sys/getramdata.32
                0x00000000c0049ec7                SysGetRAMData(regs*)
 .text          0x00000000c0049f4d      0x23f sys/getvgaptr.32
                0x00000000c0049f4d                SysGetVGAPtr(regs*)
 .text          0x00000000c004a18c      0x330 sys/kill.32
                0x00000000c004a18c                SysKill(regs*)
 .text          0x00000000c004a4bc      0x21f sys/loaddll.32
                0x00000000c004a4bc                SysLoadDLL(regs*)
 .text          0x00000000c004a6db      0x1e6 sys/read.32
                0x00000000c004a6db                SysRead(regs*)
 .text          0x00000000c004a8c1       0xdc sys/registersignal.32
                0x00000000c004a8c1                SysRegisterSignal(regs*)
 .text          0x00000000c004a99d      0x4e1 sys/registry.32
                0x00000000c004a99d                SysRegistryGetTypeFromPath(regs*)
                0x00000000c004aa94                SysRegistryReadExtent(regs*)
                0x00000000c004ab92                SysRegistryPathToExtentLookup(regs*)
                0x00000000c004ac23                SysRegistryEnterDirectory(regs*)
                0x00000000c004acb4                SysRegistryGetNext(regs*)
                0x00000000c004ad45                SysRegistryGetNameAndTypeFromExtent(regs*)
                0x00000000c004ade7                SysRegistryOpen(regs*)
                0x00000000c004ae31                SysRegistryClose(regs*)
 .text          0x00000000c004ae7e      0x18c sys/sbrk.32
                0x00000000c004ae7e                SysSbrk(regs*)
 .text          0x00000000c004b00a       0x80 sys/setcwd.32
                0x00000000c004b00a                SysSetCwd(regs*)
 .text          0x00000000c004b08a      0x206 sys/settime.32
                0x00000000c004b08a                SysSetTime(regs*)
 .text          0x00000000c004b290       0x99 sys/timezone.32
                0x00000000c004b290                SysTimezone(regs*)
 .text          0x00000000c004b329      0x1e6 sys/write.32
                0x00000000c004b329                SysWrite(regs*)
 .text          0x00000000c004b50f      0x166 sys/wsbe.32
                0x00000000c004b50f                SysWsbe(regs*)
 .text          0x00000000c004b675       0x5e sys/yield.32
                0x00000000c004b675                SysYield(regs*)
 .text          0x00000000c004b6d3     0x46e7 thr/elf.32
                0x00000000c004b6d3                Thr::allocateMemoryForTask(Process*, File*, unsigned long, unsigned long, unsigned long)
                0x00000000c004bdb1                Thr::loadProgramIntoMemory(Process*, char const*)
                0x00000000c004c616                Thr::runtimeReferenceHelper()
                0x00000000c004c629                Thr::getAddressOfKernelSymbol(char const*)
                0x00000000c004c8ca                Thr::loadKernelSymbolTable(char const*)
                0x00000000c004d354                Thr::loadDriverIntoMemory(char const*, unsigned long, bool)
                0x00000000c004f3ee                Thr::getDriverBaseFromAddress(unsigned long)
                0x00000000c004f5f9                Thr::getDriverNameFromAddress(unsigned long)
                0x00000000c004f7ff                Thr::getDriverOffsetFromAddress(unsigned long)
                0x00000000c004f821                Thr::loadDLL(char const*, bool)
                0x00000000c004fd81                Thr::executeDLL(unsigned long, void*)
 *fill*         0x00000000c004fdba        0x2 
 .text          0x00000000c004fdbc     0x4ced thr/prcssthr.32
                0x00000000c004fdbc                userModeEntryPoint(void*)
                0x00000000c004fe84                changeTSS
                0x00000000c004ffc0                switchToThread(ThreadControlBlock*)
                0x00000000c00501ac                Process::addArgs(char**)
                0x00000000c00505b8                Process::Process(char const*, Process*, char**)
                0x00000000c00505b8                Process::Process(char const*, Process*, char**)
                0x00000000c0050e24                Process::Process(bool, char const*, Process*, char**)
                0x00000000c0050e24                Process::Process(bool, char const*, Process*, char**)
                0x00000000c0051618                taskStartupFunction
                0x00000000c0051660                Semaphore::Semaphore(int)
                0x00000000c0051660                Semaphore::Semaphore(int)
                0x00000000c00517c8                Mutex::Mutex()
                0x00000000c00517c8                Mutex::Mutex()
                0x00000000c0051858                Process::createThread(void (*)(void*), void*, int)
                0x00000000c0051ee0                Process::createUserThread()
                0x00000000c0051f18                setupMultitasking(void (*)())
                0x00000000c0052134                schedule()
                0x00000000c0052240                Semaphore::tryAcquire()
                0x00000000c00524e8                Semaphore::assertLocked(char const*)
                0x00000000c005265c                blockTaskWithSchedulerLockAlreadyHeld(TaskState)
                0x00000000c00526dc                blockTask(TaskState)
                0x00000000c0052788                waitTask(int, int*, int)
                0x00000000c0052930                milliTenthSleepUntil(unsigned int)
                0x00000000c0052aa0                milliTenthSleep(unsigned int)
                0x00000000c0052ab4                sleep(unsigned int)
                0x00000000c0052ad0                Semaphore::acquire()
                0x00000000c0052e60                taskReturned
                0x00000000c0052ee8                Thr::processFromPID(int)
                0x00000000c005306c                unblockTask(ThreadControlBlock*)
                0x00000000c00531c0                cleanupTerminatedTask(ThreadControlBlock*)
                0x00000000c00541fc                cleanerTaskFunction(void*)
                0x00000000c0054458                terminateTask(int)
                0x00000000c0054740                Thr::terminateFromIRQ(int)
                0x00000000c0054750                Semaphore::release()
 .text          0x00000000c0054aa9     0x2eff vm86/vm8086.32
                0x00000000c0054aa9                Vm::inbv(unsigned short)
                0x00000000c0054abc                Vm::outbv(unsigned short, unsigned char)
                0x00000000c0054b83                Vm::realToLinear(unsigned short, unsigned short)
                0x00000000c0054b93                Vm::getSegment(unsigned int)
                0x00000000c0054b9b                Vm::getOffset(unsigned int)
                0x00000000c0054ba0                Vm::mainloop2()
                0x00000000c0054c2d                Vm::mainVm8086Loop(void*)
                0x00000000c0054c62                Vm::mainloop3(unsigned long)
                0x00000000c0054cae                Vm::initialise8086()
                0x00000000c0054d58                Vm::finish8086()
                0x00000000c0054e1d                Vm::getOutput8086(unsigned char*)
                0x00000000c0054e42                Vm::start8086FromBuffer(unsigned char*, int, unsigned short, unsigned short, unsigned short, unsigned short)
                0x00000000c0055003                Vm::start8086(char const*, unsigned short, unsigned short, unsigned short, unsigned short)
                0x00000000c00553dd                Vm::doISR(regs*, int, unsigned char*, unsigned short, unsigned short)
                0x00000000c0055725                Vm::readByteFromReal(unsigned short, unsigned short)
                0x00000000c0055752                Vm::readWordFromReal(unsigned short, unsigned short)
                0x00000000c0055784                Vm::readDwordFromReal(unsigned short, unsigned short)
                0x00000000c00557b5                Vm::writeByteFromReal(unsigned short, unsigned short, unsigned char)
                0x00000000c00557e6                Vm::writeWordFromReal(unsigned short, unsigned short, unsigned short)
                0x00000000c005581a                Vm::writeDwordFromReal(unsigned short, unsigned short, unsigned int)
                0x00000000c005584f                Vm::faultHandler(regs*)
 .text          0x00000000c00579a8     0x20ed arch/i386/hal.32
                0x00000000c00579a8                noCopro(unsigned long)
                0x00000000c00579a9                nmiHandler(regs*, void*)
                0x00000000c00579e3                doubleFault(regs*, void*)
                0x00000000c00579fc                displayDebugInfo(regs*)
                0x00000000c00589c1                HalSystemIdle()
                0x00000000c0058b02                displayProgramFault(char const*)
                0x00000000c0058c82                gpFault(regs*, void*)
                0x00000000c0058ce9                pgFault(regs*, void*)
                0x00000000c0058e5e                otherISRHandler(regs*, void*)
                0x00000000c0058e92                opcodeFault(regs*, void*)
                0x00000000c0059069                i386SaveCoprocessor(void*)
                0x00000000c005907d                i386LoadCoprocessor(void*)
                0x00000000c0059091                x87EmulHandler(regs*, void*)
                0x00000000c00591d6                HalInitialiseCoprocessor()
                0x00000000c00592df                HalPanic(char const*)
                0x00000000c0059562                HalQueryPerformanceCounter()
                0x00000000c00595f4                HalInitialise()
                0x00000000c00599c6                HalMakeBeep(int)
                0x00000000c0059a00                HalGetRand()
                0x00000000c0059a03                HalEndOfInterrupt(int)
                0x00000000c0059a92                HalRestart()
                0x00000000c0059a93                HalShutdown()
                0x00000000c0059a94                HalSleep()
 *fill*         0x00000000c0059a95        0x3 
 .text          0x00000000c0059a98      0x30c arch/i386/pic.32
                0x00000000c0059a98                picIoWait()
                0x00000000c0059aa0                picDisable()
                0x00000000c0059ad4                picGetIRQReg(int)
                0x00000000c0059b7c                picOpen()
                0x00000000c0059d00                picEOI(int)
 .text          0x00000000c0059da4      0xdd9 arch/i386/rtc.32
                0x00000000c0059da4                RTC::open(int, int, void*)
                0x00000000c0059da8                RTC::close(int, int, void*)
                0x00000000c0059dac                RTC::~RTC()
                0x00000000c0059dac                RTC::~RTC()
                0x00000000c0059e7c                RTC::~RTC()
                0x00000000c0059ea6                RTC::timeInSecondsUTC()
                0x00000000c0059ef6                RTC::timeInDatetimeUTC()
                0x00000000c0059f8c                RTC::setTimeInSecondsUTC(unsigned long long)
                0x00000000c005a03a                RTC::get_update_in_progress_flag()
                0x00000000c005a072                RTC::completeRTCRefresh()
                0x00000000c005a540                RTC::setTimeInDatetimeUTC(datetime_t)
                0x00000000c005a81c                rtcIRQHandler(regs*, void*)
                0x00000000c005a8fa                RTC::RTC()
                0x00000000c005a8fa                RTC::RTC()
 *fill*         0x00000000c005ab7d        0x3 
 .text          0x00000000c005ab80      0x590 arch/i386/vga.32
                0x00000000c005ab80                HalConsoleScroll(int, int)
                0x00000000c005af2c                HalConsoleWriteCharacter(char, int, int, int, int)
                0x00000000c005b088                HalConsoleCursorUpdate(int, int)
 .text          0x00000000c005b110     0x30f7 fs/fat/vfslink.32
                0x00000000c005b110                FAT::getName()
                0x00000000c005b118                FAT::tell(void*, unsigned long long*)
                0x00000000c005b1dc                FAT::stat(void*, unsigned long long*)
                0x00000000c005b2a0                FAT::~FAT()
                0x00000000c005b2a0                FAT::~FAT()
                0x00000000c005b384                FAT::~FAT()
                0x00000000c005b3ac                FAT::getlabel(LogicalDisk*, int, char*, unsigned int*)
                0x00000000c005b730                FAT::setlabel(LogicalDisk*, int, char*)
                0x00000000c005bad0                FAT::format(LogicalDisk*, int, char const*, int)
                0x00000000c005bf98                FAT::tryMount(LogicalDisk*, int)
                0x00000000c005c480                FAT::allocateSwapfile(char const*, int)
                0x00000000c005c9a0                FAT::readDir(void*, unsigned long, void*, int*)
                0x00000000c005cb40                FAT::read(void*, unsigned long, void*, int*)
                0x00000000c005cbd0                FAT::write(void*, unsigned long, void*, int*)
                0x00000000c005cc60                FAT::close(void*)
                0x00000000c005ccb4                FAT::closeDir(void*)
                0x00000000c005cd08                FAT::seek(void*, unsigned long long)
                0x00000000c005cd60                fatWrapperReadDisk
                0x00000000c005ce68                fatWrapperWriteDisk
                0x00000000c005cf70                fatWrapperIoctl
                0x00000000c005d4f0                FAT::FAT()
                0x00000000c005d4f0                FAT::FAT()
                0x00000000c005d6b8                FAT::fixFilepath(char*)
                0x00000000c005d84c                FAT::open(char const*, void**, FileOpenMode)
                0x00000000c005da48                FAT::openDir(char const*, void**)
                0x00000000c005db84                FAT::stat(char const*, unsigned long long*, bool*)
                0x00000000c005dd00                FAT::unlink(char const*)
                0x00000000c005ddb0                FAT::chfatattr(char const*, unsigned char, unsigned char)
                0x00000000c005df90                FAT::rename(char const*, char const*)
                0x00000000c005e0b8                FAT::mkdir(char const*)
                0x00000000c005e168                FAT::exists(char const*)
 *fill*         0x00000000c005e207        0x1 
 .text          0x00000000c005e208      0x198 fs/iso9660/helper.32
                0x00000000c005e208                isoReadDiscSectorHelper
                0x00000000c005e368                iso_kprintf
                0x00000000c005e384                iso_kprintfd
 .text          0x00000000c005e3a0     0x14a6 fs/iso9660/vfslink.32
                0x00000000c005e3a0                ISO9660::format(LogicalDisk*, int, char const*, int)
                0x00000000c005e3a6                ISO9660::getName()
                0x00000000c005e3ac                ISO9660::chfatattr(char const*, unsigned char, unsigned char)
                0x00000000c005e3b2                ISO9660::unlink(char const*)
                0x00000000c005e3b8                ISO9660::write(void*, unsigned long, void*, int*)
                0x00000000c005e3be                ISO9660::rename(char const*, char const*)
                0x00000000c005e3c4                ISO9660::mkdir(char const*)
                0x00000000c005e3ca                ISO9660::~ISO9660()
                0x00000000c005e3ca                ISO9660::~ISO9660()
                0x00000000c005e49a                ISO9660::~ISO9660()
                0x00000000c005e4c2                ISO9660::exists(char const*)
                0x00000000c005e4d6                ISO9660::seek(void*, unsigned long long)
                0x00000000c005e518                ISO9660::close(void*)
                0x00000000c005e548                ISO9660::closeDir(void*)
                0x00000000c005e5d4                ISO9660::read(void*, unsigned long, void*, int*)
                0x00000000c005e636                ISO9660::tell(void*, unsigned long long*)
                0x00000000c005e69e                ISO9660::stat(void*, unsigned long long*)
                0x00000000c005e70a                ISO9660::readDir(void*, unsigned long, void*, int*)
                0x00000000c005e95e                ISO9660::open(char const*, void**, FileOpenMode)
                0x00000000c005ed26                ISO9660::stat(char const*, unsigned long long*, bool*)
                0x00000000c005f166                ISO9660::openDir(char const*, void**)
                0x00000000c005f5ca                readSectorFromCDROM(unsigned int, unsigned char*, char)
                0x00000000c005f6ea                ISO9660::tryMount(LogicalDisk*, int)
                0x00000000c005f772                ISO9660::ISO9660()
                0x00000000c005f772                ISO9660::ISO9660()
 .text          0x00000000c005f846      0xb96 hal/sound/sndcard.32
                0x00000000c005f846                SoundCard::beginPlayback()
                0x00000000c005f854                SoundCard::stopPlayback()
                0x00000000c005f862                SoundCard::SoundCard(char const*)
                0x00000000c005f862                SoundCard::SoundCard(char const*)
                0x00000000c005fbea                SoundCard::~SoundCard()
                0x00000000c005fbea                SoundCard::~SoundCard()
                0x00000000c005fcba                SoundCard::~SoundCard()
                0x00000000c005fce4                SoundCard::configureRates(int, int, int)
                0x00000000c005fde2                SoundCard::getSamples16(int, short*)
                0x00000000c005ff8a                SoundCard::getSamples32(int, int*)
                0x00000000c00602a2                SoundCard::addChannel(SoundPort*)
                0x00000000c006036c                SoundCard::removeChannel(int)
 .text          0x00000000c00603dc     0x1c81 hal/sound/sndport.32
                0x00000000c00603dc                SoundPort::SoundPort(int, int, int, int)
                0x00000000c00603dc                SoundPort::SoundPort(int, int, int, int)
                0x00000000c0060778                SoundPort::~SoundPort()
                0x00000000c0060778                SoundPort::~SoundPort()
                0x00000000c00608c0                SoundPort::unpause()
                0x00000000c0060910                SoundPort::pause()
                0x00000000c0060960                SoundPort::getBufferUsed()
                0x00000000c00609ac                SoundPort::getBufferSize()
                0x00000000c00609f8                SoundPort::buffer16(short*, int)
                0x00000000c0060f68                SoundPort::buffer32(int*, int)
                0x00000000c00614c8                SoundPort::unbufferAndAdd16(int, short*, SoundCard*)
                0x00000000c0061a20                SoundPort::unbufferAndAdd32(int, int*, SoundCard*)
 .text          0x00000000c006205d        0x0 hw/bus/isa.32
 *fill*         0x00000000c006205d        0x1 
 .text          0x00000000c006205e     0x243f hw/bus/pci.32
                0x00000000c006205e                PCI::close(int, int, void*)
                0x00000000c0062062                PCI::open(int, int, void*)
                0x00000000c0062122                PCI::PCI()
                0x00000000c0062122                PCI::PCI()
                0x00000000c00624f4                PCI::readBAR8(unsigned int, int)
                0x00000000c006252e                PCI::readBAR16(unsigned int, int)
                0x00000000c006256e                PCI::readBAR32(unsigned int, int)
                0x00000000c00625ac                PCI::writeBAR8(unsigned int, unsigned char, int)
                0x00000000c00625f0                PCI::writeBAR16(unsigned int, unsigned short, int)
                0x00000000c0062632                PCI::writeBAR32(unsigned int, unsigned int, int)
                0x00000000c0062676                PCI::legacyMechanism(unsigned char, unsigned char, unsigned char, unsigned char)
                0x00000000c00626ec                PCI::pciReadWord(unsigned char, unsigned char, unsigned char, unsigned char)
                0x00000000c0062824                PCI::getVendorID(unsigned char, unsigned char, unsigned char)
                0x00000000c006287a                PCI::getHeaderType(unsigned char, unsigned char, unsigned char)
                0x00000000c00628d2                PCI::getClassCode(unsigned char, unsigned char, unsigned char)
                0x00000000c0062966                PCI::getProgIF(unsigned char, unsigned char, unsigned char)
                0x00000000c00629be                PCI::getRevisionID(unsigned char, unsigned char, unsigned char)
                0x00000000c0062a14                PCI::getInterruptNumber(unsigned char, unsigned char, unsigned char)
                0x00000000c0062a6a                PCI::getSecondaryBus(unsigned char, unsigned char, unsigned char)
                0x00000000c0062ac2                PCI::getBARAddress(unsigned char, unsigned char, unsigned char, unsigned char)
                0x00000000c0062b74                PCI::pciWriteWord(unsigned char, unsigned char, unsigned char, unsigned char, unsigned short)
                0x00000000c0062ce0                PCI::pciDetailsToFilepath(PCIDeviceInfo, char*)
                0x00000000c0063786                PCI::checkBus(unsigned char)
                0x00000000c00637c6                PCI::foundDevice(PCIDeviceInfo)
                0x00000000c0063d64                PCI::getDeviceData(unsigned char, unsigned char, unsigned char)
                0x00000000c00642e2                PCI::checkDevice(unsigned char, unsigned char)
                0x00000000c00643dc                PCI::detect()
 *fill*         0x00000000c006449d        0x1 
 .text          0x00000000c006449e     0x33da hw/diskctrl/ide.32
                0x00000000c006449e                IDE::close(int, int, void*)
                0x00000000c00644a2                IDE::IDE()
                0x00000000c00644a2                IDE::IDE()
                0x00000000c00645ca                IDE::prepareInterrupt(unsigned char)
                0x00000000c006462b                selectDrive(unsigned char, unsigned char)
                0x00000000c006462c                IDE::getBase(unsigned char)
                0x00000000c006468e                IDE::write(unsigned char, unsigned char, unsigned char)
                0x00000000c0064964                IDE::read(unsigned char, unsigned char)
                0x00000000c0064c2c                IDE::waitInterrupt(unsigned char)
                0x00000000c0064d51                ideChannel0IRQHandler(regs*, void*)
                0x00000000c0064dc0                ideChannel1IRQHandler(regs*, void*)
                0x00000000c0064e30                IDE::enableIRQs(unsigned char, bool)
                0x00000000c0064f46                IDE::open(int, int, void*)
                0x00000000c00665dc                IDE::readBuffer(unsigned char, unsigned char, unsigned int, unsigned int)
                0x00000000c00668ce                IDE::detect()
                0x00000000c00676c2                IDE::printError(unsigned char, unsigned char, unsigned char)
                0x00000000c00677f2                IDE::polling(unsigned char, unsigned int)
 .text          0x00000000c0067878      0xf7b hw/diskctrl/satabus.32
                0x00000000c0067878                SATABus::close(int, int, void*)
                0x00000000c006787c                SATABus::detect()
                0x00000000c006787e                SATABus::SATABus()
                0x00000000c006787e                SATABus::SATABus()
                0x00000000c0067af4                SATABus::findCmdslot(SATABus::tagHBA_PORT volatile*)
                0x00000000c0067be8                SATABus::checkType(SATABus::tagHBA_PORT volatile*)
                0x00000000c0067c82                SATABus::startCmd(SATABus::tagHBA_PORT volatile*)
                0x00000000c0067d0e                SATABus::stopCmd(SATABus::tagHBA_PORT volatile*)
                0x00000000c0067dbc                SATABus::portRebase(SATABus::tagHBA_PORT volatile*, int)
                0x00000000c00683f4                SATABus::probePort(SATABus::tagHBA_MEM volatile*)
                0x00000000c0068748                SATABus::open(int, int, void*)
 *fill*         0x00000000c00687f3        0x1 
 .text          0x00000000c00687f4     0x195e hw/diskphys/ata.32
                0x00000000c00687f4                ATA::powerSaving(PowerSavingLevel)
                0x00000000c00687f6                ATA::close(int, int, void*)
                0x00000000c006889a                ATA::ATA()
                0x00000000c006889a                ATA::ATA()
                0x00000000c0068974                ATA::flush(bool)
                0x00000000c0068aa2                ATA::readyForCommand()
                0x00000000c0068b9a                ATA::access(unsigned long long, int, void*, bool)
                0x00000000c0069744                ATA::detectCHS()
                0x00000000c006983e                ATA::open(int, int, void*)
                0x00000000c0069d45                combineCharAndColour(char, unsigned char)
                0x00000000c0069d56                combineColours(unsigned char, unsigned char)
                0x00000000c0069d64                ATA::read(unsigned long long, int, void*)
                0x00000000c0069f5a                ATA::write(unsigned long long, int, void*)
 .text          0x00000000c006a152     0x1731 hw/diskphys/atapi.32
                0x00000000c006a152                ATAPI::write(unsigned long long, int, void*)
                0x00000000c006a158                ATAPI::close(int, int, void*)
                0x00000000c006a1fc                ATAPI::ATAPI()
                0x00000000c006a1fc                ATAPI::ATAPI()
                0x00000000c006a2d6                ATAPI::readyForCommand()
                0x00000000c006a3d4                ATAPI::sendPacket(unsigned char*, int, bool, unsigned short*, int)
                0x00000000c006aeb0                ATAPI::diskRemoved()
                0x00000000c006afe6                ATAPI::eject()
                0x00000000c006b062                ATAPI::diskInserted()
                0x00000000c006b0ae                ATAPI::detectMedia()
                0x00000000c006b2a4                ATAPI::open(int, int, void*)
                0x00000000c006b746                ATAPI::read(unsigned long long, int, void*)
 *fill*         0x00000000c006b883        0x1 
 .text          0x00000000c006b884     0x131b hw/diskphys/sata.32
                0x00000000c006b884                SATA::powerSaving(PowerSavingLevel)
                0x00000000c006b886                SATA::close(int, int, void*)
                0x00000000c006b92a                SATA::open(int, int, void*)
                0x00000000c006bb84                SATA::SATA()
                0x00000000c006bb84                SATA::SATA()
                0x00000000c006bc5e                SATA::access(unsigned long long, int, void*, bool)
                0x00000000c006c66e                SATA::read(unsigned long long, int, void*)
                0x00000000c006c8ea                SATA::write(unsigned long long, int, void*)
 *fill*         0x00000000c006cb9f        0x1 
 .text          0x00000000c006cba0     0x16c5 hw/diskphys/satapi.32
                0x00000000c006cba0                SATAPI::write(unsigned long long, int, void*)
                0x00000000c006cba6                SATAPI::close(int, int, void*)
                0x00000000c006cc4a                SATAPI::SATAPI()
                0x00000000c006cc4a                SATAPI::SATAPI()
                0x00000000c006cd24                SATAPI::diskRemoved()
                0x00000000c006cd26                SATAPI::diskInserted()
                0x00000000c006cd7e                SATAPI::sendPacket(unsigned char*, int, unsigned long long, unsigned short*, int)
                0x00000000c006d91a                SATAPI::eject()
                0x00000000c006d9d2                SATAPI::detectMedia()
                0x00000000c006dc72                SATAPI::open(int, int, void*)
                0x00000000c006dfda                SATAPI::read(unsigned long long, int, void*)
 *fill*         0x00000000c006e265        0x1 
 .text          0x00000000c006e266     0x128b hw/intctrl/apic.32
                0x00000000c006e266                IOAPIC::close(int, int, void*)
                0x00000000c006e26c                apicGetBase()
                0x00000000c006e31a                IOAPIC::IOAPIC()
                0x00000000c006e31a                IOAPIC::IOAPIC()
                0x00000000c006e3ee                apicOpen()
                0x00000000c006e9e6                IOAPIC::handlesGSIWithNumber(unsigned int)
                0x00000000c006eaf8                IOAPIC::read(int)
                0x00000000c006ebcc                IOAPIC::open(int, int, void*)
                0x00000000c006f1f8                IOAPIC::write(int, int)
                0x00000000c006f2d4                IOAPIC::redirect(unsigned char, unsigned long long, unsigned char, bool, bool)
 *fill*         0x00000000c006f4f1        0x3 
 .text          0x00000000c006f4f4      0x45c hw/timer/apictimer.32
                0x00000000c006f4f4                APICTimer::close(int, int, void*)
                0x00000000c006f4fc                apicTimerHandler(regs*, void*)
                0x00000000c006f568                APICTimer::open(int, int, void*)
                0x00000000c006f7f0                APICTimer::write(int)
                0x00000000c006f868                APICTimer::APICTimer()
                0x00000000c006f868                APICTimer::APICTimer()
 .text          0x00000000c006f950      0x741 hw/timer/pit.32
                0x00000000c006f950                PIT::write(int)
                0x00000000c006fa4c                pitHandler(regs*, void*)
                0x00000000c006fa9c                PIT::open(int, int, void*)
                0x00000000c006fc14                PIT::close(int, int, void*)
                0x00000000c006fce0                PIT::PIT()
                0x00000000c006fce0                PIT::PIT()
 *fill*         0x00000000c0070091        0xf 
 .text          0x00000000c00700a0       0x83 arch/i386/avx.32
                0x00000000c00700a0                avxDetect
                0x00000000c00700ca                avxSave
                0x00000000c00700db                avxLoad
                0x00000000c00700ec                avxInit
                0x00000000c007010e                avxClose
                0x00000000c007010f                wouldSheSayYes
 *fill*         0x00000000c0070123        0xd 
 .text          0x00000000c0070130      0x2ec arch/i386/interrupt.32
                0x00000000c0070130                isr0
                0x00000000c0070140                isr1
                0x00000000c007014a                isr2
                0x00000000c0070154                isr3
                0x00000000c007015e                isr4
                0x00000000c0070168                isr5
                0x00000000c0070172                isr6
                0x00000000c007017c                isr7
                0x00000000c0070186                isr8
                0x00000000c007018e                isr9
                0x00000000c0070198                isr10
                0x00000000c00701a0                isr11
                0x00000000c00701a8                isr12
                0x00000000c00701b0                isr13
                0x00000000c00701ca                isr14
                0x00000000c00701d2                isr15
                0x00000000c00701dc                isr16
                0x00000000c00701e6                isr17
                0x00000000c00701f0                isr18
                0x00000000c00701fa                irq3
                0x00000000c0070204                irq4
                0x00000000c007020e                irq5
                0x00000000c0070218                irq6
                0x00000000c0070222                irq7
                0x00000000c007022c                irq8
                0x00000000c0070236                irq9
                0x00000000c0070240                irq10
                0x00000000c007024a                irq11
                0x00000000c0070254                irq12
                0x00000000c007025e                irq13
                0x00000000c0070268                irq14
                0x00000000c0070272                irq15
                0x00000000c007027c                irq1
                0x00000000c0070283                irq2
                0x00000000c007028a                isr96
                0x00000000c0070291                irq0
                0x00000000c0070296                int_common_stub
                0x00000000c00702c8                syscall_common_stub
                0x00000000c00703cc                irq16
                0x00000000c00703d6                irq17
                0x00000000c00703e0                irq18
                0x00000000c00703ea                irq19
                0x00000000c00703f4                irq20
                0x00000000c00703fe                irq21
                0x00000000c0070408                irq22
                0x00000000c0070412                irq23
 *fill*         0x00000000c007041c        0x4 
 .text          0x00000000c0070420       0x10 arch/i386/rdrand.32
                0x00000000c0070420                i386GetRDRAND
 .text          0x00000000c0070430       0x39 arch/i386/sse.32
                0x00000000c0070430                absolutelyNoChanceInHell
                0x00000000c0070430                sseDetect
                0x00000000c0070448                sseSave
                0x00000000c0070450                sseLoad
                0x00000000c0070458                sseInit
                0x00000000c0070468                sseClose
 *fill*         0x00000000c0070469        0x7 
 .text          0x00000000c0070470       0x49 arch/i386/x87.32
                0x00000000c0070476                x87Detect
                0x00000000c0070491                x87Save
                0x00000000c0070498                x87Load
                0x00000000c007049f                x87Init
                0x00000000c00704b8                x87Close
 *fill*         0x00000000c00704b9        0x3 
 .text          0x00000000c00704bc       0x25 /cygdrive/d/Users/Alex/Desktop/Toolchain/Output/bin/../lib/gcc/i386-banana/8.1.0/crtend.o
 .text          0x00000000c00704e1        0x0 crtn.32
 *fill*         0x00000000c00704e1        0x3 
 .text          0x00000000c00704e4      0x14b /cygdrive/d/Users/Alex/Desktop/Toolchain/Output/bin/../lib/gcc/i386-banana/8.1.0/libkgcc.a(_divdi3.o)
                0x00000000c00704e4                __divdi3
 *fill*         0x00000000c007062f        0x1 