Archive member included to satisfy reference by file (symbol)

/cygdrive/d/Users/Alex/Desktop/Toolchain/Output/bin/../lib/gcc/i386-banana/8.1.0/libkgcc.a(_divdi3.o)
                              krnl/resolve.32 (__divdi3)
/cygdrive/d/Users/Alex/Desktop/Toolchain/Output/bin/../lib/gcc/i386-banana/8.1.0/libkgcc.a(_moddi3.o)
                              krnl/resolve.32 (__moddi3)
/cygdrive/d/Users/Alex/Desktop/Toolchain/Output/bin/../lib/gcc/i386-banana/8.1.0/libkgcc.a(_udivdi3.o)
                              hal/clock.32 (__udivdi3)
/cygdrive/d/Users/Alex/Desktop/Toolchain/Output/bin/../lib/gcc/i386-banana/8.1.0/libkgcc.a(_umoddi3.o)
                              core/pipe.32 (__umoddi3)

Allocating common symbols
Common symbol       size              file

dcache              0x40              fs/iso9660/iso9660.32
cdDriveLetter       0x1               fs/iso9660/iso9660.32
icache              0x40              fs/iso9660/iso9660.32

Discarded input sections

 .comment       0x0000000000000000       0x12 /cygdrive/d/Users/Alex/Desktop/Toolchain/Output/bin/../lib/gcc/i386-banana/8.1.0/crtbegin.o
 .comment       0x0000000000000000       0x12 acpica/utclib.32
 .comment       0x0000000000000000       0x12 core/malloc.32
 .comment       0x0000000000000000       0x12 libk/ctype.32
 .comment       0x0000000000000000       0x12 libk/string.32
 .comment       0x0000000000000000       0x12 fs/fat/diskio.32
 .comment       0x0000000000000000       0x12 fs/fat/ff.32
 .comment       0x0000000000000000       0x12 fs/fat/ffsystem.32
 .comment       0x0000000000000000       0x12 fs/fat/ffunicode.32
 .comment       0x0000000000000000       0x12 fs/iso9660/iso9660.32
 .group         0x0000000000000000       0x14 core/computer.32
 .group         0x0000000000000000        0xc core/computer.32
 .comment       0x0000000000000000       0x12 core/computer.32
 .comment       0x0000000000000000       0x12 core/gdt.32
 .group         0x0000000000000000        0xc core/idle.32
 .comment       0x0000000000000000       0x12 core/idle.32
 .comment       0x0000000000000000       0x12 core/idt.32
 .comment       0x0000000000000000       0x12 core/kheap.32
 .comment       0x0000000000000000       0x12 core/main.32
 .comment       0x0000000000000000       0x12 core/physmgr.32
 .group         0x0000000000000000        0xc core/pipe.32
 .comment       0x0000000000000000       0x12 core/pipe.32
 .group         0x0000000000000000        0xc core/terminal.32
 .comment       0x0000000000000000       0x12 core/terminal.32
 .comment       0x0000000000000000       0x12 core/tss.32
 .group         0x0000000000000000        0x8 core/unixfile.32
 .group         0x0000000000000000        0x8 core/unixfile.32
 .group         0x0000000000000000        0xc core/unixfile.32
 .group         0x0000000000000000        0x8 core/unixfile.32
 .group         0x0000000000000000        0xc core/unixfile.32
 .group         0x0000000000000000        0x8 core/unixfile.32
 .group         0x0000000000000000        0xc core/unixfile.32
 .group         0x0000000000000000        0xc core/unixfile.32
 .comment       0x0000000000000000       0x12 core/unixfile.32
 .comment       0x0000000000000000       0x12 core/virtmgr.32
 .comment       0x0000000000000000       0x12 coreobjs/c++.32
 .comment       0x0000000000000000       0x12 dbg/kconsole.32
 .group         0x0000000000000000        0xc fs/vfs.32
 .group         0x0000000000000000        0xc fs/vfs.32
 .group         0x0000000000000000        0xc fs/vfs.32
 .comment       0x0000000000000000       0x12 fs/vfs.32
 .group         0x0000000000000000        0xc hal/bus.32
 .comment       0x0000000000000000       0x12 hal/bus.32
 .comment       0x0000000000000000       0x12 hal/buzzer.32
 .group         0x0000000000000000        0xc hal/clock.32
 .comment       0x0000000000000000       0x12 hal/clock.32
 .group         0x0000000000000000       0x14 hal/device.32
 .group         0x0000000000000000        0xc hal/device.32
 .group         0x0000000000000000        0x8 hal/device.32
 .group         0x0000000000000000        0xc hal/device.32
 .group         0x0000000000000000        0xc hal/device.32
 .comment       0x0000000000000000       0x12 hal/device.32
 .group         0x0000000000000000        0xc hal/diskctrl.32
 .comment       0x0000000000000000       0x12 hal/diskctrl.32
 .group         0x0000000000000000        0xc hal/diskphys.32
 .comment       0x0000000000000000       0x12 hal/diskphys.32
 .comment       0x0000000000000000       0x12 hal/fpu.32
 .comment       0x0000000000000000       0x12 hal/intctrl.32
 .group         0x0000000000000000        0xc hal/keybrd.32
 .comment       0x0000000000000000       0x12 hal/keybrd.32
 .group         0x0000000000000000        0xc hal/logidisk.32
 .comment       0x0000000000000000       0x12 hal/logidisk.32
 .group         0x0000000000000000        0xc hal/mouse.32
 .comment       0x0000000000000000       0x12 hal/mouse.32
 .group         0x0000000000000000        0xc hal/nic.32
[...]
Memory Configuration

Name             Origin             Length             Attributes
*default*        0x0000000000000000 0xffffffffffffffff

Linker script and memory map

LOAD D:/Users/Alex/Desktop/Banana/kernel/boot.32
LOAD crti.32
LOAD /cygdrive/d/Users/Alex/Desktop/Toolchain/Output/bin/../lib/gcc/i386-banana/8.1.0/crtbegin.o
LOAD D:/Users/Alex/Desktop/Banana/kernel/morenasm.32
LOAD acpica/utclib.32
LOAD core/malloc.32
LOAD libk/ctype.32
LOAD libk/string.32
LOAD fs/fat/diskio.32
LOAD fs/fat/ff.32
LOAD fs/fat/ffsystem.32
LOAD fs/fat/ffunicode.32
LOAD fs/iso9660/iso9660.32
LOAD core/computer.32
LOAD core/gdt.32
LOAD core/idle.32
LOAD core/idt.32
LOAD core/kheap.32
LOAD core/main.32
LOAD core/physmgr.32
LOAD core/pipe.32
LOAD core/terminal.32
LOAD core/tss.32
LOAD core/unixfile.32
LOAD core/virtmgr.32
LOAD coreobjs/c++.32
LOAD dbg/kconsole.32
LOAD fs/vfs.32
LOAD hal/bus.32
LOAD hal/buzzer.32
LOAD hal/clock.32
LOAD hal/device.32
LOAD hal/diskctrl.32
LOAD hal/diskphys.32
LOAD hal/fpu.32
LOAD hal/intctrl.32
LOAD hal/keybrd.32
LOAD hal/logidisk.32
LOAD hal/mouse.32
LOAD hal/nic.32
LOAD hal/partition.32
LOAD hal/serial.32
LOAD hal/timer.32
LOAD hal/vcache.32
LOAD hal/video.32
LOAD hw/acpi.32
LOAD hw/cpu.32
LOAD krnl/bootmsg.32
LOAD krnl/env.32
LOAD krnl/inlines.32
LOAD krnl/panic.32
LOAD krnl/powctrl.32
LOAD krnl/random.32
LOAD krnl/resolve.32
LOAD krnl/signal.32
LOAD krnl/syscalls.32
LOAD net/ethernet.32
LOAD reg/cm.32
LOAD reg/registry.32
LOAD sys/eject.32
LOAD sys/exit.32
LOAD sys/getcwd.32
LOAD sys/getpid.32
LOAD sys/getramdata.32
LOAD sys/getvgaptr.32
LOAD sys/kill.32
LOAD sys/loaddll.32
LOAD sys/read.32
LOAD sys/registersignal.32
LOAD sys/registry.32
LOAD sys/sbrk.32
LOAD sys/setcwd.32
LOAD sys/settime.32
LOAD sys/timezone.32
LOAD sys/write.32
LOAD sys/wsbe.32
LOAD sys/yield.32
LOAD thr/elf.32
LOAD thr/prcssthr.32
LOAD vm86/vm8086.32
LOAD arch/i386/hal.32
LOAD arch/i386/pic.32
LOAD arch/i386/rtc.32
LOAD arch/i386/vga.32
LOAD fs/fat/vfslink.32
LOAD fs/iso9660/helper.32
LOAD fs/iso9660/vfslink.32
LOAD hal/sound/sndcard.32
LOAD hal/sound/sndport.32
LOAD hw/bus/isa.32
LOAD hw/bus/pci.32
LOAD hw/diskctrl/ide.32
LOAD hw/diskctrl/satabus.32
LOAD hw/diskphys/ata.32
LOAD hw/diskphys/atapi.32
LOAD hw/diskphys/sata.32
LOAD hw/diskphys/satapi.32
LOAD hw/intctrl/apic.32
LOAD hw/timer/apictimer.32
LOAD hw/timer/pit.32
LOAD arch/i386/avx.32
LOAD arch/i386/interrupt.32
LOAD arch/i386/rdrand.32
LOAD arch/i386/sse.32
LOAD arch/i386/x87.32
LOAD /cygdrive/d/Users/Alex/Desktop/Toolchain/Output/bin/../lib/gcc/i386-banana/8.1.0/crtend.o
LOAD crtn.32
LOAD /cygdrive/d/Users/Alex/Desktop/Toolchain/Output/bin/../lib/gcc/i386-banana/8.1.0/libkgcc.a
LOAD D:/Users/Alex/Desktop/Banana/kernel/libsoftfp.a
LOAD D:/Users/Alex/Desktop/Banana/kernel/libk/libm32.a
                0x00000000c0000000                . = 0xc0000000

.text           0x00000000c0000000    0x1e7ea
 *(.text)
 .text          0x00000000c0000000       0x20 D:/Users/Alex/Desktop/Banana/kernel/boot.32
 .text          0x00000000c0000020        0x0 crti.32
 .text          0x00000000c0000020      0x101 /cygdrive/d/Users/Alex/Desktop/Toolchain/Output/bin/../lib/gcc/i386-banana/8.1.0/crtbegin.o
 *fill*         0x00000000c0000121        0xf 
 .text          0x00000000c0000130      0x24f D:/Users/Alex/Desktop/Banana/kernel/morenasm.32
                0x00000000c0000130                manualPCIProbe
                0x00000000c000017b                prepareTramp
                0x00000000c0000194                doTPAUSE
                0x00000000c000019e                hasLegacyFPU
                0x00000000c00001c3                is486
                0x00000000c00001f9                detectCPUID
                0x00000000c000020f                goToVM86
                0x00000000c000023f                goToUsermode
                0x00000000c0000269                switchToThreadASMFirstTime
                0x00000000c0000277                switchToThreadASM
                0x00000000c00002fc                asmQuickAcquireLock
                0x00000000c000031a                asmQuickReleaseLock
                0x00000000c0000326                asmAcquireLock
                0x00000000c0000347                asmReleaseLock
                0x00000000c000035a                loadGDT
                0x00000000c000037a                memcpy
 *fill*         0x00000000c000037f        0x1 
 .text          0x00000000c0000380      0x87b acpica/utclib.32
                0x00000000c0000380                memcmp
                0x00000000c00003d0                memmove
                0x00000000c00004e0                memset
                0x00000000c0000560                strlen
                0x00000000c0000590                strpbrk
                0x00000000c00005e0                strtok
                0x00000000c0000630                strcpy
                0x00000000c0000670                strncpy
                0x00000000c0000740                strcmp
                0x00000000c0000790                strchr
                0x00000000c00007d0                strncmp
                0x00000000c0000830                strcat
                0x00000000c0000860                strncat
                0x00000000c00008c0                strstr
                0x00000000c0000920                toupper
                0x00000000c0000940                tolower
                0x00000000c0000960                simple_strtoul
 .text          0x00000000c0000bfb      0xfb0 core/malloc.32
                0x00000000c0000d66                dlfree
                0x00000000c00010c4                dlmalloc
                0x00000000c0001601                dlrealloc
                0x00000000c00017a4                dlmemalign
                0x00000000c00018c7                dlcalloc
                0x00000000c0001961                dlcfree
                0x00000000c0001966                dlindependent_calloc
                0x00000000c000198b                dlindependent_comalloc
                0x00000000c00019a2                dlvalloc
                0x00000000c00019cd                dlpvalloc
                0x00000000c0001a03                dlmalloc_trim
                0x00000000c0001a10                dlmalloc_usable_size
                0x00000000c0001a41                dlmallinfo
                0x00000000c0001b10                dlmalloc_stats
                0x00000000c0001b21                dlmallopt
 *fill*         0x00000000c0001bab        0x1 
 .text          0x00000000c0001bac      0x1f2 libk/ctype.32
                0x00000000c0001bac                isblank
                0x00000000c0001bcc                iscntrl
                0x00000000c0001bec                isdigit
                0x00000000c0001c08                islower
                0x00000000c0001c24                isspace
                0x00000000c0001c4c                isupper
                0x00000000c0001c68                isalpha
                0x00000000c0001c98                isalnum
                0x00000000c0001cc8                ispunct
                0x00000000c0001d08                isgraph
                0x00000000c0001d38                isprint
                0x00000000c0001d60                isxdigit
 .text          0x00000000c0001d9e        0x0 libk/string.32
 .text          0x00000000c0001d9e       0x51 fs/fat/diskio.32
                0x00000000c0001d9e                disk_status
                0x00000000c0001da1                disk_initialize
                0x00000000c0001da4                disk_read
                0x00000000c0001dba                disk_write
                0x00000000c0001dd0                disk_ioctl
 .text          0x00000000c0001def     0x3e3d fs/fat/ff.32
                0x00000000c0003c03                f_mount
                0x00000000c0003c65                f_open
                0x00000000c0003f28                f_read
                0x00000000c0004127                f_write
                0x00000000c000436f                f_sync
                0x00000000c0004434                f_close
                0x00000000c0004463                f_lseek
                0x00000000c0004614                f_opendir
                0x00000000c00046df                f_closedir
                0x00000000c0004701                f_readdir
                0x00000000c0004793                f_stat
                0x00000000c0004812                f_getfree
                0x00000000c000491b                f_truncate
                0x00000000c0004a05                f_unlink
                0x00000000c0004b25                f_mkdir
                0x00000000c0004cc0                f_rename
                0x00000000c0004e78                f_chmod
                0x00000000c0004f28                f_utime
                0x00000000c0004fd8                f_getlabel
                0x00000000c000512f                f_setlabel
                0x00000000c00052bf                f_expand
                0x00000000c000542c                f_mkfs
 .text          0x00000000c0005c2c       0x2f fs/fat/ffsystem.32
                0x00000000c0005c2c                ff_memalloc
                0x00000000c0005c44                ff_memfree
 *fill*         0x00000000c0005c5b        0x1 
 .text          0x00000000c0005c5c      0x2d4 fs/fat/ffunicode.32
                0x00000000c0005c5c                ff_uni2oem
                0x00000000c0005cf8                ff_oem2uni
                0x00000000c0005d70                ff_wtoupper
 .text          0x00000000c0005f30      0xd23 fs/iso9660/iso9660.32
                0x00000000c000617b                isoReadDiscSector
                0x00000000c0006216                strnicmp
                0x00000000c00064b6                stricmp
                0x00000000c0006502                iso_open
                0x00000000c000658c                iso_close
                0x00000000c00065aa                iso_read
                0x00000000c00066c0                iso_seek
                0x00000000c0006744                iso_tell
                0x00000000c0006775                iso_total
                0x00000000c00067a0                fn_postprocess
                0x00000000c00067c7                iso_readdir
                0x00000000c0006a1e                iso_reset
                0x00000000c0006a3b                init_percd
                0x00000000c0006b35                iso_ioctl
                0x00000000c0006b4d                fs_iso9660_init
                0x00000000c0006be3                fs_iso9660_shutdown
 *fill*         0x00000000c0006c53        0x1 
 .text          0x00000000c0006c54      0x6a7 core/computer.32
                0x00000000c0006c54                Computer::close(int, int, void*)
                0x00000000c0006c99                Krnl::firstTask()
                0x00000000c0006dd4                Computer::Computer()
                0x00000000c0006dd4                Computer::Computer()
                0x00000000c0006e84                Computer::setBootMessage(char const*)
                0x00000000c0006e86                Computer::detectFeatures()
                0x00000000c00070ac                Computer::displayFeatures()
                0x00000000c00070ae                Computer::rdmsr(unsigned int)
                0x00000000c00070da                Computer::wrmsr(unsigned int, unsigned long long)
                0x00000000c0007116                Computer::shutdown()
                0x00000000c000712e                Computer::restart()
                0x00000000c0007146                Computer::sleep()
                0x00000000c000715a                Computer::nmiEnabled()
                0x00000000c0007166                Computer::readCMOS(unsigned char)
                0x00000000c0007182                Computer::enableNMI(bool)
                0x00000000c000719a                Computer::open(int, int, void*)
                0x00000000c000725c                Computer::disableNMI()
                0x00000000c000726c                Computer::writeCMOS(unsigned char, unsigned char)
                0x00000000c0007290                Computer::handleNMI()
 *fill*         0x00000000c00072fb        0x1 
 .text          0x00000000c00072fc      0x1db core/gdt.32
                0x00000000c00072fc                GDTEntry::setBase(unsigned int)
                0x00000000c0007318                GDTEntry::setLimit(unsigned int)
                0x00000000c0007336                GDT::GDT()
                0x00000000c0007336                GDT::GDT()
                0x00000000c000734c                GDT::addEntry(GDTEntry)
                0x00000000c000736e                GDT::getNumberOfEntries()
                0x00000000c0007376                GDT::flush()
                0x00000000c0007398                GDT::setup()
 .text          0x00000000c00074d7       0x1d core/idle.32
                0x00000000c00074d7                idleFunction(void*)
 .text          0x00000000c00074f4      0x46c core/idt.32
                0x00000000c00074f4                IDTEntry::IDTEntry(bool)
                0x00000000c00074f4                IDTEntry::IDTEntry(bool)
                0x00000000c000756e                IDTEntry::setOffset(unsigned int)
                0x00000000c0007584                IDT::IDT()
                0x00000000c0007584                IDT::IDT()
                0x00000000c0007586                IDT::getPointerToInvalidOpcodeEntryForF00F()
                0x00000000c000758e                IDT::addEntry(IDTEntry, int)
                0x00000000c00075a8                IDT::addEntry(int, void (*)(), bool)
                0x00000000c00075e0                IDT::flush()
                0x00000000c00075fa                IDT::setup()
 .text          0x00000000c0007960      0x186 core/kheap.32
                0x00000000c0007960                sbrk
                0x00000000c00079f5                mmap
                0x00000000c0007a0b                munmap
                0x00000000c0007a21                liballoc_lock()
                0x00000000c0007a2f                liballoc_unlock()
                0x00000000c0007a45                liballoc_alloc(int)
                0x00000000c0007a5d                liballoc_free(void*, int)
                0x00000000c0007a78                realloc
                0x00000000c0007a8c                malloc
                0x00000000c0007a9c                free
                0x00000000c0007aac                rfree
                0x00000000c0007abc                calloc
 .text          0x00000000c0007ae6       0xc3 core/main.32
                0x00000000c0007ae6                KeEntryPoint
 .text          0x00000000c0007ba9      0x651 core/physmgr.32
                0x00000000c0007ba9                Phys::allocateDMA(unsigned long)
                0x00000000c0007c91                Phys::freeDMA(unsigned long, unsigned long)
                0x00000000c0007ccc                Phys::setPageState(unsigned long, bool)
                0x00000000c0007d0c                Phys::getPageState(unsigned long)
                0x00000000c0007d28                Phys::freePage(unsigned long)
                0x00000000c0007d91                Phys::allocatePage()
                0x00000000c0007e60                Phys::allocateContiguousPages(int)
                0x00000000c0007ec7                Phys::allowSegmentToBeUsed(unsigned long, unsigned long)
                0x00000000c0007eff                Phys::physicalMemorySetup(unsigned int)
 .text          0x00000000c00081fa      0x273 core/pipe.32
                0x00000000c00081fa                Pipe::isAtty()
                0x00000000c00081fe                Pipe::~Pipe()
                0x00000000c00081fe                Pipe::~Pipe()
                0x00000000c0008222                Pipe::~Pipe()
                0x00000000c000824a                Pipe::write(unsigned long long, void*, int*)
                0x00000000c000830a                Pipe::read(unsigned long long, void*, int*)
                0x00000000c0008406                Pipe::Pipe(int)
                0x00000000c0008406                Pipe::Pipe(int)
 *fill*         0x00000000c000846d        0x1 
 .text          0x00000000c000846e      0xaba core/terminal.32
                0x00000000c000846e                VgaText::isAtty()
                0x00000000c0008472                VgaText::~VgaText()
                0x00000000c0008472                VgaText::~VgaText()
                0x00000000c0008496                VgaText::~VgaText()
                0x00000000c00084c0                VgaText::read(unsigned long long, void*, int*)
                0x00000000c00084e0                setTerminalScrollLock(bool)
                0x00000000c00084e1                doTerminalCycle()
                0x00000000c00084e2                addToTerminalCycle(VgaText*)
                0x00000000c00084e3                scrollTerminalScrollLock(int)
                0x00000000c00084e4                VgaText::updateTitle()
                0x00000000c00084e6                VgaText::load()
                0x00000000c00084e8                VgaText::updateCursor()
                0x00000000c00084fe                VgaText::doANSI_SGR(int)
                0x00000000c0008572                VgaText::setDefaultBgColour(VgaColour)
                0x00000000c0008582                VgaText::setDefaultFgColour(VgaColour)
                0x00000000c0008592                VgaText::setDefaultColours(VgaColour, VgaColour)
                0x00000000c00085b2                VgaText::setTitleTextColour(VgaColour)
                0x00000000c00085be                VgaText::setTitleColour(VgaColour)
                0x00000000c00085ca                VgaText::setTitle(char*)
                0x00000000c00085cc                VgaText::combineColours(unsigned char, unsigned char)
                0x00000000c00085de                VgaText::scrollScreen()
                0x00000000c0008670                VgaText::combineCharAndColour(char, unsigned char)
                0x00000000c0008680                VgaText::writeCharacter(char, VgaColour, VgaColour, int, int)
                0x00000000c0008710                VgaText::getCursorX()
                0x00000000c0008718                VgaText::getCursorY()
                0x00000000c0008720                VgaText::setCursor(int, int)
                0x00000000c0008737                setActiveTerminal(VgaText*)
                0x00000000c0008782                VgaText::clearScreen()
                0x00000000c00087d0                VgaText::setCursorX(int)
                0x00000000c00087e8                VgaText::setCursorY(int)
                0x00000000c0008800                VgaText::incrementCursor(bool)
                0x00000000c0008854                VgaText::decrementCursor(bool)
                0x00000000c0008876                VgaText::putchar(char, VgaColour, VgaColour)
                0x00000000c0008946                VgaText::putchar(char)
                0x00000000c0008a3e                VgaText::putx(unsigned int)
                0x00000000c0008a84                VgaText::puts(char const*)
                0x00000000c0008aaa                VgaText::write(unsigned long long, void*, int*)
                0x00000000c0008af6                VgaText::puts(char const*, VgaColour, VgaColour)
                0x00000000c0008c44                VgaText::VgaText(char const*)
                0x00000000c0008c44                VgaText::VgaText(char const*)
                0x00000000c0008d94                VgaText::receiveKey(unsigned char)
                0x00000000c0008f02                VgaText::doUpdate()
                0x00000000c0008f03                newTerminal(char*)
 .text          0x00000000c0008f28      0x1a1 core/tss.32
                0x00000000c0008f28                TSS::TSS()
                0x00000000c0008f28                TSS::TSS()
                0x00000000c0008f38                TSS::setESP(unsigned long)
                0x00000000c0008f4c                TSS::flush()
                0x00000000c0008f6c                TSS::setup(unsigned long, unsigned long)
 *fill*         0x00000000c00090c9        0x1 
 .text          0x00000000c00090ca      0x4ca core/unixfile.32
                0x00000000c00090ca                ReservedFilename::read(unsigned long long, void*, int*)
                0x00000000c0009120                ReservedFilename::isAtty()
                0x00000000c000913c                ReservedFilename::write(unsigned long long, void*, int*)
                0x00000000c000919a                UnixFile::getFileDescriptor()
                0x00000000c00091a2                UnixFile::UnixFile(int)
                0x00000000c00091a2                UnixFile::UnixFile(int)
                0x00000000c0009356                ReservedFilename::ReservedFilename(int)
                0x00000000c0009356                ReservedFilename::ReservedFilename(int)
                0x00000000c0009388                UnixFile::~UnixFile()
                0x00000000c0009388                UnixFile::~UnixFile()
                0x00000000c0009424                UnixFile::~UnixFile()
                0x00000000c000944c                ReservedFilename::~ReservedFilename()
                0x00000000c000944c                ReservedFilename::~ReservedFilename()
                0x00000000c0009470                ReservedFilename::~ReservedFilename()
                0x00000000c0009497                getFromFileDescriptor(int)
 .text          0x00000000c0009594     0x1273 core/virtmgr.32
                0x00000000c0009594                Virt::setPageState(unsigned long, Virt::VirtPageState)
                0x00000000c00095ce                Virt::getPageState(unsigned long)
                0x00000000c00095f1                Virt::allocateKernelVirtualPages(int)
                0x00000000c0009716                Virt::freeSwapfilePage(unsigned long)
                0x00000000c0009739                Virt::swapIDToSector(unsigned long)
                0x00000000c000974f                Virt::allocateSwapfilePage()
                0x00000000c00097cf                Virt::virtualMemorySetup()
                0x00000000c0009820                Virt::setupPageSwapping(int)
                0x00000000c0009892                VAS::VAS(VAS*)
                0x00000000c0009892                VAS::VAS(VAS*)
                0x00000000c00098c0                VAS::getForeignPageTableEntry(bool, unsigned long)
                0x00000000c00098ee                VAS::getPageTableEntry(unsigned long)
                0x00000000c000990d                Virt::freeKernelVirtualPages(unsigned long)
                0x00000000c0009a20                VAS::freeAllocatedPages(unsigned long)
                0x00000000c0009a44                VAS::virtualToPhysical(unsigned long)
                0x00000000c0009a5e                VAS::reflagRange(unsigned long, int, int, int)
                0x00000000c0009aa2                VAS::VAS()
                0x00000000c0009aa2                VAS::VAS()
                0x00000000c0009b0c                VAS::setToWriteCombining(unsigned long, int)
                0x00000000c0009b40                VAS::mapOtherVASIn(bool, VAS*)
                0x00000000c0009b6c                VAS::~VAS()
                0x00000000c0009b6c                VAS::~VAS()
                0x00000000c0009cda                VAS::mapPage(unsigned long, unsigned long, int)
                0x00000000c0009de0                VAS::allocatePages(int, int)
                0x00000000c0009fd0                VAS::setCPUSpecific(unsigned long)
                0x00000000c0009fee                VAS::mapRange(unsigned long, unsigned long, int, int)
                0x00000000c000a0c4                VAS::mapForeignPage(bool, VAS*, unsigned long, unsigned long, int)
                0x00000000c000a1ba                VAS::VAS(bool)
                0x00000000c000a1ba                VAS::VAS(bool)
                0x00000000c000a44c                VAS::evict(unsigned long)
                0x00000000c000a518                VAS::tryLoadBackOffDisk(unsigned long)
                0x00000000c000a626                VAS::scanForEviction()
                0x00000000c000a70c                mapVASFirstTime
 .text          0x00000000c000a807       0x5f coreobjs/c++.32
                0x00000000c000a807                __cxa_atexit
                0x00000000c000a80a                __cxa_finalize
                0x00000000c000a80b                __stack_chk_fail
                0x00000000c000a841                __cxa_pure_virtual
                0x00000000c000a852                operator new[](unsigned long)
                0x00000000c000a857                operator delete(void*, unsigned long)
                0x00000000c000a85c                operator delete[](void*)
                0x00000000c000a861                operator delete[](void*, unsigned long)
 .text          0x00000000c000a866      0x223 dbg/kconsole.32
                0x00000000c000a866                Dbg::stringifyxWithBase(unsigned int, char*, int)
                0x00000000c000a8d5                Dbg::logc(char)
                0x00000000c000a8f5                Dbg::logs(char*)
                0x00000000c000a914                Dbg::logWriteInt(unsigned int)
                0x00000000c000a932                Dbg::logWriteIntBase(unsigned int, int)
                0x00000000c000a953                Dbg::kprintf(char const*, ...)
 *fill*         0x00000000c000aa89        0x1 
 .text          0x00000000c000aa8a      0xc60 fs/vfs.32
                0x00000000c000aa8a                File::read(unsigned long long, void*, int*)
                0x00000000c000aae2                File::write(unsigned long long, void*, int*)
                0x00000000c000ab3a                Directory::read(unsigned long long, void*, int*)
                0x00000000c000ab92                Directory::write(unsigned long long, void*, int*)
                0x00000000c000abc0                File::isAtty()
                0x00000000c000abc4                Directory::isAtty()
                0x00000000c000abc8                Filesystem::getlabel(LogicalDisk*, int, char*, unsigned int*)
                0x00000000c000abce                Filesystem::setlabel(LogicalDisk*, int, char*)
                0x00000000c000abd4                Filesystem::allocateSwapfile(char const*, int)
                0x00000000c000abda                File::~File()
                0x00000000c000abda                File::~File()
                0x00000000c000abfe                File::~File()
                0x00000000c000ac28                Directory::~Directory()
                0x00000000c000ac28                Directory::~Directory()
                0x00000000c000ac4c                Directory::~Directory()
                0x00000000c000ac76                Filesystem::Filesystem()
                0x00000000c000ac76                Filesystem::Filesystem()
                0x00000000c000ac9a                Filesystem::~Filesystem()
                0x00000000c000ac9a                Filesystem::~Filesystem()
                0x00000000c000aca8                Filesystem::~Filesystem()
                0x00000000c000accc                Fs::getcwd(Process*, char*, int)
                0x00000000c000acf6                Fs::initVFS()
                0x00000000c000ad20                Fs::standardiseFiles(char*, char const*, char const*)
                0x00000000c000aed6                File::File(char const*, Process*)
                0x00000000c000aed6                File::File(char const*, Process*)
                0x00000000c000af92                File::open(FileOpenMode)
                0x00000000c000aff0                File::close()
                0x00000000c000b050                File::seek(unsigned long long)
                0x00000000c000b0a6                File::tell(unsigned long long*)
                0x00000000c000b0f6                File::rewind()
                0x00000000c000b10a                File::unlink()
                0x00000000c000b156                File::rename(char const*)
                0x00000000c000b1a4                File::chfatattr(unsigned char, unsigned char)
                0x00000000c000b200                File::exists()
                0x00000000c000b23e                File::stat(unsigned long long*, bool*)
                0x00000000c000b29f                Fs::setcwd(Process*, char*)
                0x00000000c000b3fc                Directory::Directory(char const*, Process*)
                0x00000000c000b3fc                Directory::Directory(char const*, Process*)
                0x00000000c000b4b8                Directory::open()
                0x00000000c000b514                Directory::close()
                0x00000000c000b574                Directory::unlink()
                0x00000000c000b5c0                Directory::rename(char const*)
                0x00000000c000b60e                Directory::exists()
                0x00000000c000b64c                Directory::read(dirent*)
                0x00000000c000b698                Directory::create()
                0x00000000c000b6e4                Filesystem::chfatattr(char const*, unsigned char, unsigned char)
 *fill*         0x00000000c000b6ea        0x2 
 .text          0x00000000c000b6ec       0x86 hal/bus.32
                0x00000000c000b6ec                Bus::Bus(char const*)
                0x00000000c000b6ec                Bus::Bus(char const*)
                0x00000000c000b724                Bus::~Bus()
                0x00000000c000b724                Bus::~Bus()
                0x00000000c000b748                Bus::~Bus()
 .text          0x00000000c000b772       0x96 hal/buzzer.32
                0x00000000c000b772                beepThread(void*)
                0x00000000c000b7af                Krnl::beep(int, int, bool)
 .text          0x00000000c000b808      0x45f hal/clock.32
                0x00000000c000b808                User::loadClockSettings(int)
                0x00000000c000b85a                Clock::Clock(char const*)
                0x00000000c000b85a                Clock::Clock(char const*)
                0x00000000c000b890                Clock::~Clock()
                0x00000000c000b890                Clock::~Clock()
                0x00000000c000b8b4                Clock::~Clock()
                0x00000000c000b8de                Clock::timeInSecondsLocal()
                0x00000000c000b926                Clock::setTimeInSecondsLocal(unsigned long long)
                0x00000000c000b97f                datetimeToSeconds(datetime_t)
                0x00000000c000ba9e                Clock::setTimeInDatetimeLocal(datetime_t)
                0x00000000c000bafe                secondsToDatetime(unsigned long long)
                0x00000000c000bc42                Clock::timeInDatetimeLocal()
 *fill*         0x00000000c000bc67        0x1 
 .text          0x00000000c000bc68      0x460 hal/device.32
                0x00000000c000bc68                Device::hibernate()
                0x00000000c000bc6a                Device::wake()
                0x00000000c000bc6c                Device::detect()
                0x00000000c000bc6e                Device::disableLegacy()
                0x00000000c000bc70                Device::powerSaving(PowerSavingLevel)
                0x00000000c000bc72                DriverlessDevice::close(int, int, void*)
                0x00000000c000bc76                DriverlessDevice::detect()
                0x00000000c000bc78                DriverlessDevice::open(int, int, void*)
                0x00000000c000bc8c                Device::~Device()
                0x00000000c000bc8c                Device::~Device()
                0x00000000c000bc9a                Device::~Device()
                0x00000000c000bcc2                Device::findAndLoadDriver()
                0x00000000c000bcd0                Device::preOpenPCI(PCIDeviceInfo)
                0x00000000c000bcf2                Device::preOpenACPI(void*, char*, char*)
                0x00000000c000bd32                Device::addIRQHandler(int, void (*)(regs*, void*), bool, void*)
                0x00000000c000bd5c                Device::getParent()
                0x00000000c000bd68                Device::removeIRQHandler(int, void (*)(regs*, void*), bool)
                0x00000000c000bd86                Device::addChild(Device*)
                0x00000000c000bdca                Device::removeAllChildren()
                0x00000000c000be10                Device::hibernateAll()
                0x00000000c000be40                Device::wakeAll()
                0x00000000c000be70                Device::detectAll()
                0x00000000c000bea0                Device::disableLegacyAll()
                0x00000000c000bea2                Device::loadDriversForAll()
                0x00000000c000bea4                Device::closeAll()
                0x00000000c000beda                Device::powerSavingAll(PowerSavingLevel)
                0x00000000c000bf10                Device::setName(char const*)
                0x00000000c000bf1e                Device::Device(char const*)
                0x00000000c000bf1e                Device::Device(char const*)
                0x00000000c000c01a                Device::getName()
                0x00000000c000c024                DriverlessDevice::DriverlessDevice(char const*)
                0x00000000c000c024                DriverlessDevice::DriverlessDevice(char const*)
                0x00000000c000c05a                Device::addToLinkedList(LinkedList<Device>&, DeviceType)
                0x00000000c000c09e                getDevicesOfType(DeviceType)
 .text          0x00000000c000c0c8       0x86 hal/diskctrl.32
                0x00000000c000c0c8                HardDiskController::HardDiskController(char const*)
                0x00000000c000c0c8                HardDiskController::HardDiskController(char const*)
                0x00000000c000c100                HardDiskController::~HardDiskController()
                0x00000000c000c100                HardDiskController::~HardDiskController()
                0x00000000c000c124                HardDiskController::~HardDiskController()
 .text          0x00000000c000c14e       0xe2 hal/diskphys.32
                0x00000000c000c14e                PhysicalDisk::eject()
                0x00000000c000c152                PhysicalDisk::PhysicalDisk(char const*, int)
                0x00000000c000c152                PhysicalDisk::PhysicalDisk(char const*, int)
                0x00000000c000c1ba                PhysicalDisk::startCache()
                0x00000000c000c1e2                PhysicalDisk::~PhysicalDisk()
                0x00000000c000c1e2                PhysicalDisk::~PhysicalDisk()
                0x00000000c000c206                PhysicalDisk::~PhysicalDisk()
 .text          0x00000000c000c230        0x0 hal/fpu.32
 .text          0x00000000c000c230      0x368 hal/intctrl.32
                0x00000000c000c230                int_handler
                0x00000000c000c2ba                installISRHandler(int, void (*)(regs*, void*), void*)
                0x00000000c000c304                installIRQHandler(int, void (*)(regs*, void*), bool, void*)
                0x00000000c000c447                uninstallISRHandler(int, void (*)(regs*, void*))
                0x00000000c000c47b                uninstallIRQHandler(int, void (*)(regs*, void*), bool)
                0x00000000c000c4f9                setupINTS()
                0x00000000c000c556                convertLegacyIRQNumber(int)
 .text          0x00000000c000c598      0x8be hal/keybrd.32
                0x00000000c000c598                startGUI(void*)
                0x00000000c000c606                startGUIVESA(void*)
                0x00000000c000c674                sendKeyToTerminal(unsigned char)
                0x00000000c000c74f                sendKeyboardToken(KeyboardToken)
                0x00000000c000cc39                clearInternalKeybuffer(VgaText*)
                0x00000000c000cc6e                readKeyboard(VgaText*, char*, unsigned long)
                0x00000000c000cdcc                Keyboard::Keyboard(char const*)
                0x00000000c000cdcc                Keyboard::Keyboard(char const*)
                0x00000000c000ce08                Keyboard::~Keyboard()
                0x00000000c000ce08                Keyboard::~Keyboard()
                0x00000000c000ce2c                Keyboard::~Keyboard()
 .text          0x00000000c000ce56      0x3f8 hal/logidisk.32
                0x00000000c000ce56                LogicalDisk::close(int, int, void*)
                0x00000000c000ce5a                LogicalDisk::~LogicalDisk()
                0x00000000c000ce5a                LogicalDisk::~LogicalDisk()
                0x00000000c000ce7e                LogicalDisk::~LogicalDisk()
                0x00000000c000cea8                LogicalDisk::open(int, int, void*)
                0x00000000c000cebc                LogicalDisk::absoluteToRelative(unsigned long long)
                0x00000000c000cef4                LogicalDisk::relativeToAbsolute(unsigned long long)
                0x00000000c000cf3a                LogicalDisk::LogicalDisk(char const*, PhysicalDisk*, unsigned long long, unsigned long long)
                0x00000000c000cf3a                LogicalDisk::LogicalDisk(char const*, PhysicalDisk*, unsigned long long, unsigned long long)
                0x00000000c000cffa                LogicalDisk::assignDriveLetter()
                0x00000000c000d0b4                LogicalDisk::mount()
                0x00000000c000d0fc                LogicalDisk::unmount()
                0x00000000c000d10c                LogicalDisk::eject()
                0x00000000c000d120                LogicalDisk::unassignDriveLetter()
                0x00000000c000d176                LogicalDisk::read(unsigned long long, int, void*)
                0x00000000c000d1e2                LogicalDisk::write(unsigned long long, int, void*)
 *fill*         0x00000000c000d24e        0x2 
 .text          0x00000000c000d250       0x86 hal/mouse.32
                0x00000000c000d250                Mouse::Mouse(char const*)
                0x00000000c000d250                Mouse::Mouse(char const*)
                0x00000000c000d288                Mouse::~Mouse()
                0x00000000c000d288                Mouse::~Mouse()
                0x00000000c000d2ac                Mouse::~Mouse()
 .text          0x00000000c000d2d6       0x90 hal/nic.32
                0x00000000c000d2d6                NIC::getMAC()
                0x00000000c000d2dc                NIC::write(int, unsigned char*, int*)
                0x00000000c000d2e2                NIC::NIC(char const*)
                0x00000000c000d2e2                NIC::NIC(char const*)
                0x00000000c000d318                NIC::~NIC()
                0x00000000c000d318                NIC::~NIC()
                0x00000000c000d33c                NIC::~NIC()
 .text          0x00000000c000d366      0x33b hal/partition.32
                0x00000000c000d366                makePartition(PhysicalDisk*, unsigned long long, unsigned long long)
                0x00000000c000d40e                createPartitionsForDisk(PhysicalDisk*)
 *fill*         0x00000000c000d6a1        0x3 
 .text          0x00000000c000d6a4       0x86 hal/serial.32
                0x00000000c000d6a4                Serial::Serial(char const*)
                0x00000000c000d6a4                Serial::Serial(char const*)
                0x00000000c000d6dc                Serial::~Serial()
                0x00000000c000d6dc                Serial::~Serial()
                0x00000000c000d700                Serial::~Serial()
 *fill*         0x00000000c000d72a        0x2 
 .text          0x00000000c000d72c      0x234 hal/timer.32
                0x00000000c000d72c                Timer::Timer(char const*)
                0x00000000c000d72c                Timer::Timer(char const*)
                0x00000000c000d764                Timer::~Timer()
                0x00000000c000d764                Timer::~Timer()
                0x00000000c000d788                Timer::~Timer()
                0x00000000c000d7b2                Timer::read()
                0x00000000c000d7bd                setupTimer(int)
                0x00000000c000d7f8                timerHandler(unsigned int)
 .text          0x00000000c000d960      0x444 hal/vcache.32
                0x00000000c000d960                VCache::VCache(PhysicalDisk*)
                0x00000000c000d960                VCache::VCache(PhysicalDisk*)
                0x00000000c000dad0                VCache::invalidateReadBuffer()
                0x00000000c000dae0                VCache::writeWriteBuffer()
                0x00000000c000db2c                VCache::~VCache()
                0x00000000c000db2c                VCache::~VCache()
                0x00000000c000db84                VCache::~VCache()
                0x00000000c000dbac                VCache::write(unsigned long long, int, void*)
                0x00000000c000dc9a                VCache::read(unsigned long long, int, void*)
 .text          0x00000000c000dda4      0x4c7 hal/video.32
                0x00000000c000dda4                Video::putrect(int, int, int, int, unsigned int)
                0x00000000c000ddf0                Video::bitblit(int, int, int, int, int, int, int, unsigned int*)
                0x00000000c000de60                Video::blit(unsigned int*, int, int, int, int)
                0x00000000c000dede                Video::clearScreen(unsigned int)
                0x00000000c000df12                Video::putpixel(int, int, unsigned int)
                0x00000000c000df20                Video::readPixelApprox(int, int)
                0x00000000c000df34                Video::Video(char const*)
                0x00000000c000df34                Video::Video(char const*)
                0x00000000c000df6a                Video::~Video()
                0x00000000c000df6a                Video::~Video()
                0x00000000c000df8e                Video::~Video()
                0x00000000c000dfb8                Video::isMonochrome()
                0x00000000c000dfc4                Video::getWidth()
                0x00000000c000dfd0                Video::getHeight()
                0x00000000c000dfdc                Video::drawCursor(int, int, unsigned int*, int)
                0x00000000c000e098                Video::tgaParse(unsigned char*, int, int*, int*)
                0x00000000c000e200                Video::putTGA(int, int, unsigned char*, int)
 *fill*         0x00000000c000e26b        0x1 
 .text          0x00000000c000e26c     0x133b hw/acpi.32
                0x00000000c000e26c                ACPI::close(int, int, void*)
                0x00000000c000e320                findRSDP()
                0x00000000c000e3b8                loadACPITables(unsigned char*)
                0x00000000c000e624                findRSDT(unsigned char*)
                0x00000000c000e77c                findDataTable(unsigned char*, char*)
                0x00000000c000e7fc                scanMADT()
                0x00000000c000ecb4                ACPI::ACPI()
                0x00000000c000ecb4                ACPI::ACPI()
                0x00000000c000ed08                ACPI::getPCIIRQAssignment(unsigned char, unsigned short, unsigned char)
                0x00000000c000ee04                ACPI::registerPCIIRQAssignment(void*, unsigned short, unsigned char, unsigned char)
                0x00000000c000eed0                ACPI::setScreenBrightnessLevel(void*, int)
                0x00000000c000eed8                ACPI::detectPCI()
                0x00000000c000f0f8                ACPI::writeSimpleBootFlag(SimpleBootFlagTable*)
                0x00000000c000f140                ACPI::sleep()
                0x00000000c000f15c                ACPI::open(int, int, void*)
 *fill*         0x00000000c000f5a7        0x1 
 .text          0x00000000c000f5a8      0xba5 hw/cpu.32
                0x00000000c000f5a8                CPU::close(int, int, void*)
                0x00000000c000f5ac                CPU::AMD_K6_write_msr(unsigned int, unsigned int, unsigned int, CPU::REGS*)
                0x00000000c000f5c8                CPU::AMD_K6_read_msr(unsigned int, CPU::REGS*)
                0x00000000c000f5e0                CPU::AMD_K6_writeback(int, int, int)
                0x00000000c000f654                CPU::cpuid(int, unsigned long*, unsigned long*, unsigned long*, unsigned long*)
                0x00000000c000f6d8                CPU::cpuidCheckEDX(unsigned int)
                0x00000000c000f706                CPU::cpuidCheckECX(unsigned int)
                0x00000000c000f734                CPU::cpuidCheckExtendedEBX(unsigned int)
                0x00000000c000f762                CPU::cpuidCheckExtendedECX(unsigned int)
                0x00000000c000f790                CPU::CPU()
                0x00000000c000f790                CPU::CPU()
                0x00000000c000f81e                CPU::displayFeatures()
                0x00000000c000f820                CPU::detectFeatures()
                0x00000000c000fef4                CPU::setupSMEP()
                0x00000000c000ff00                CPU::setupUMIP()
                0x00000000c000ff0a                CPU::setupTSC()
                0x00000000c000ff14                CPU::setupLargePages()
                0x00000000c000ff1e                CPU::setupPAT()
                0x00000000c000ff5a                CPU::setupMTRR()
                0x00000000c000ff5c                CPU::setupGlobalPages()
                0x00000000c000ff66                CPU::allowUsermodeDataAccess()
                0x00000000c000ff78                CPU::prohibitUsermodeDataAccess()
                0x00000000c000ff8a                CPU::setupSMAP()
                0x00000000c000ff98                CPU::setupFeatures()
                0x00000000c0010064                CPU::open(int, int, void*)
 .text          0x00000000c001014d       0xd8 krnl/bootmsg.32
                0x00000000c001014d                KeDisplaySplashScreen()
                0x00000000c00101c2                KeSetBootMessage(char const*)
 *fill*         0x00000000c0010225        0x1 
 .text          0x00000000c0010226      0x585 krnl/env.32
                0x00000000c0010226                EnvVarContainer::getEnv(char const*)
                0x00000000c0010264                EnvVarContainer::setEnv(char const*, char const*)
                0x00000000c0010326                EnvVarContainer::deleteEnv(char const*)
                0x00000000c0010328                EnvVarContainer::loadFrom(char const*, char const*)
                0x00000000c0010512                EnvVarContainer::__loadSystem()
                0x00000000c001052c                EnvVarContainer::__loadUser()
                0x00000000c001052e                EnvVarContainer::EnvVarContainer(Process*)
                0x00000000c001052e                EnvVarContainer::EnvVarContainer(Process*)
                0x00000000c0010550                EnvVarContainer::~EnvVarContainer()
                0x00000000c0010550                EnvVarContainer::~EnvVarContainer()
                0x00000000c0010580                Krnl::getEnv(Process*, char const*)
                0x00000000c00105e5                Krnl::setEnvSystem(char const*, char const*)
                0x00000000c00105ff                Krnl::setEnvUser(char const*, char const*)
                0x00000000c001061e                Krnl::setEnvProcess(Process*, char const*, char const*)
                0x00000000c0010631                Krnl::deleteEnvSystem(char const*)
                0x00000000c0010632                Krnl::deleteEnvUser(char const*)
                0x00000000c0010633                Krnl::deleteEnvProcess(Process*, char const*)
                0x00000000c0010634                Krnl::newProcessEnv(Process*)
                0x00000000c0010656                Krnl::copyProcessEnv(Process*, Process*)
                0x00000000c00106a2                Krnl::loadSystemEnv()
                0x00000000c00106d0                Krnl::loadUserEnv()
                0x00000000c00106f6                Krnl::flushEnv()
                0x00000000c00106f7                Krnl::getProcessTotalEnvCount(Process*)
                0x00000000c0010717                Krnl::getProcessEnvPair(Process*, int)
 .text          0x00000000c00107ab       0x94 krnl/inlines.32
                0x00000000c00107ab                CPU::current()
                0x00000000c00107b7                operator new(unsigned long)
                0x00000000c00107bc                operator delete(void*)
                0x00000000c00107c1                disableIRQs()
                0x00000000c00107c3                enableIRQs()
                0x00000000c00107c5                lockScheduler()
                0x00000000c00107cd                unlockScheduler()
                0x00000000c00107dc                lockStuff()
                0x00000000c00107ea                unlockStuff()
                0x00000000c0010824                Virt::getAKernelVAS()
                0x00000000c001082a                __not_memcpy
 .text          0x00000000c001083f        0xc krnl/panic.32
                0x00000000c001083f                KePanic(char const*)
 .text          0x00000000c001084b      0x142 krnl/powctrl.32
                0x00000000c001084b                Krnl::powerThread(void*)
                0x00000000c0010879                Krnl::changePowerSettings(Krnl::PowerSettings)
                0x00000000c001088f                Krnl::userIOReceived()
                0x00000000c001089a                Krnl::handlePowerButton()
                0x00000000c00108cf                Krnl::handleSleepButton()
                0x00000000c0010904                Krnl::setupPowerManager()
 .text          0x00000000c001098d       0x9d krnl/random.32
                0x00000000c001098d                KeRand()
                0x00000000c00109cf                KeSeedRand(unsigned int)
                0x00000000c00109f8                KeInitRand()
 *fill*         0x00000000c0010a2a        0x2 
 .text          0x00000000c0010a2c      0x1bc krnl/resolve.32
                0x00000000c0010a2c                KeResolveCompatibilitySymbol(char*)
 .text          0x00000000c0010be8      0x313 krnl/signal.32
                0x00000000c0010be8                KiSigKill(int)
                0x00000000c0010bfc                KiDefaultSignalHandlerIgnore(int)
                0x00000000c0010bfd                KiDefaultSignalHandlerPause(int)
                0x00000000c0010c29                KiDefaultSignalHandlerResume(int)
                0x00000000c0010c55                KeDeinitSignals(SigHandlerBlock*)
                0x00000000c0010c5a                KeInitSignals()
                0x00000000c0010ca5                KeRegisterSignalHandler(SigHandlerBlock*, int, void (*)(int), unsigned int, int)
                0x00000000c0010cdb                KeRaiseSignal(SigHandlerBlock*, int)
                0x00000000c0010d58                KeCheckSignal(SigHandlerBlock*, int*)
                0x00000000c0010e47                KiCheckSignalZ
                0x00000000c0010e89                KeCompleteSignal(SigHandlerBlock*, int)
                0x00000000c0010ec4                KiFinishSignalZ
 .text          0x00000000c0010efb      0xc95 krnl/syscalls.32
                0x00000000c0010efb                SysSeekDir(regs*)
                0x00000000c0010f00                SysTellDir(regs*)
                0x00000000c0010f05                SysVerify(regs*)
                0x00000000c0010f0f                SysGetArgc(regs*)
                0x00000000c0010f23                SysTTYName(regs*)
                0x00000000c0010f2b                SysFormatDisk(regs*)
                0x00000000c0010f92                SysSetDiskVolumeLabel(regs*)
                0x00000000c0010fe6                SysGetDiskVolumeLabel(regs*)
                0x00000000c001103f                SysShutdown(regs*)
                0x00000000c00110cc                SysRealpath(regs*)
                0x00000000c001111b                SysReadDir(regs*)
                0x00000000c001119b                SysIsATTY(regs*)
                0x00000000c00111f5                SysSeek(regs*)
                0x00000000c001124f                SysTell(regs*)
                0x00000000c00112bc                SysSize(regs*)
                0x00000000c001132f                SysSizeFromFilename(regs*)
                0x00000000c00113e0                SysClose(regs*)
                0x00000000c0011440                SysOpenDir(regs*)
                0x00000000c00114bd                SysMakeDir(regs*)
                0x00000000c001152b                SysCloseDir(regs*)
                0x00000000c001157a                SysWait(regs*)
                0x00000000c001159b                SysNotImpl(regs*)
                0x00000000c00115b6                SysPanic(regs*)
                0x00000000c00115d1                SysRmdir(regs*)
                0x00000000c0011636                SysUnlink(regs*)
                0x00000000c001169b                SysGetArgv(regs*)
                0x00000000c00116e8                SysUSleep(regs*)
                0x00000000c0011711                SysSpawn(regs*)
                0x00000000c0011782                SysGetEnv(regs*)
                0x00000000c0011837                SysSetFatAttrib(regs*)
                0x00000000c00118aa                SysPipe(regs*)
                0x00000000c00118ef                SysGetUnixTime(regs*)
                0x00000000c0011903                string_ends_with(char const*, char const*)
                0x00000000c001194e                SysOpen(regs*)
                0x00000000c0011b4e                KeSystemCall(regs*, void*)
 .text          0x00000000c0011b90      0x159 net/ethernet.32
                0x00000000c0011b90                KeSwitchEndian16(unsigned short)
                0x00000000c0011bb4                KeSwitchEndian32(unsigned int)
                0x00000000c0011be4                EthernetCRC32(unsigned char*, int)
                0x00000000c0011c88                EthernetReceivedPacket(EthernetUnwrappedFrame*, unsigned short)
 .text          0x00000000c0011ce9      0xd56 reg/cm.32
                0x00000000c0011ce9                CmOpen(char const*)
                0x00000000c0011e07                CmClose(Reghive_Tag*)
                0x00000000c0011e1d                CmReadExtent(Reghive_Tag*, int, unsigned char*)
                0x00000000c0011e59                CmGetString(Reghive_Tag*, int, char*)
                0x00000000c0011ed0                CmEnterDirectory(Reghive_Tag*, int)
                0x00000000c0011f0f                CmGetNext(Reghive_Tag*, int)
                0x00000000c0011f41                CmWriteExtent(Reghive_Tag*, int, unsigned char*)
                0x00000000c0011f7d                CmFreeExtent(Reghive_Tag*, int)
                0x00000000c0011fa5                CmUpdateHeader(Reghive_Tag*)
                0x00000000c0011fc6                CmExpand(Reghive_Tag*, int)
                0x00000000c0012041                CmFindUnusedExtent(Reghive_Tag*)
                0x00000000c00120c7                CmCreateExtent(Reghive_Tag*, int, int, unsigned char*)
                0x00000000c00121bb                CmSetString(Reghive_Tag*, int, char const*)
                0x00000000c00122f7                CmGetMatch(char*, char*, bool, bool*)
                0x00000000c0012358                CmAddShift(unsigned int*, int*, unsigned char, int)
                0x00000000c0012388                CmGetShift(unsigned int*, int*, int, bool*)
                0x00000000c00123bf                CmGetInteger(Reghive_Tag*, int, unsigned long long*)
                0x00000000c00123e9                CmSetInteger(Reghive_Tag*, int, unsigned long long)
                0x00000000c0012429                CmConvertFromInternalFilename(unsigned char const*, char*)
                0x00000000c00124cd                CmGetNameAndTypeFromExtent(Reghive_Tag*, int, char*)
                0x00000000c00124fb                CmConvertToInternalFilename(char const*, unsigned char*)
                0x00000000c0012699                CmCreateString(Reghive_Tag*, int, char const*)
                0x00000000c00126e6                CmFindInDirectory(Reghive_Tag*, int, char const*)
                0x00000000c0012760                CmCreateInteger(Reghive_Tag*, int, char const*, unsigned long long, int)
                0x00000000c00127b3                CmCreateDirectory(Reghive_Tag*, int, char const*)
                0x00000000c0012877                zStrtok(char*, char const*)
                0x00000000c00128e9                CmFindObjectFromPath(Reghive_Tag*, char const*)
                0x00000000c001296a                CmDisplayTree(Reghive_Tag*, int, int)
                0x00000000c0012a0d                CmSplitFinalSlashInPlace(char*)
 .text          0x00000000c0012a3f      0x547 reg/registry.32
                0x00000000c0012a3f                Reg::findLineFromLoadedData(char*, char*, char*)
                0x00000000c0012bcd                Reg::getLineFromRegistry(char*, char*, char*, char*)
                0x00000000c0012d22                Reg::getLine(char*, char*, char*)
                0x00000000c0012d59                Reg::readInt(char*, char*, int*)
                0x00000000c0012e47                Reg::readString(char*, char*, char*, int)
                0x00000000c0012ec8                Reg::readBool(char*, char*, bool*)
                0x00000000c0012eed                Reg::readBoolWithDefault(char*, char*, bool)
                0x00000000c0012f19                Reg::readIntWithDefault(char*, char*, int)
                0x00000000c0012f45                Reg::readStringWithDefault(char*, char*, char*, int, char*)
 .text          0x00000000c0012f86       0x36 sys/eject.32
                0x00000000c0012f86                SysEject(regs*)
 .text          0x00000000c0012fbc       0x18 sys/exit.32
                0x00000000c0012fbc                SysExit(regs*)
 .text          0x00000000c0012fd4       0x1f sys/getcwd.32
                0x00000000c0012fd4                SysGetCwd(regs*)
 .text          0x00000000c0012ff3        0xc sys/getpid.32
                0x00000000c0012ff3                SysGetPID(regs*)
 .text          0x00000000c0012fff       0x1a sys/getramdata.32
                0x00000000c0012fff                SysGetRAMData(regs*)
 .text          0x00000000c0013019       0x82 sys/getvgaptr.32
                0x00000000c0013019                SysGetVGAPtr(regs*)
 *fill*         0x00000000c001309b        0x1 
 .text          0x00000000c001309c       0xb9 sys/kill.32
                0x00000000c001309c                SysKill(regs*)
 .text          0x00000000c0013155       0xa8 sys/loaddll.32
                0x00000000c0013155                SysLoadDLL(regs*)
 .text          0x00000000c00131fd       0x68 sys/read.32
                0x00000000c00131fd                SysRead(regs*)
 .text          0x00000000c0013265       0x29 sys/registersignal.32
                0x00000000c0013265                SysRegisterSignal(regs*)
 .text          0x00000000c001328e      0x19c sys/registry.32
                0x00000000c001328e                SysRegistryGetTypeFromPath(regs*)
                0x00000000c0013305                SysRegistryReadExtent(regs*)
                0x00000000c001334d                SysRegistryPathToExtentLookup(regs*)
                0x00000000c0013375                SysRegistryEnterDirectory(regs*)
                0x00000000c001339d                SysRegistryGetNext(regs*)
                0x00000000c00133c5                SysRegistryGetNameAndTypeFromExtent(regs*)
                0x00000000c00133ff                SysRegistryOpen(regs*)
                0x00000000c0013413                SysRegistryClose(regs*)
 .text          0x00000000c001342a       0x55 sys/sbrk.32
                0x00000000c001342a                SysSbrk(regs*)
 .text          0x00000000c001347f       0x1c sys/setcwd.32
                0x00000000c001347f                SysSetCwd(regs*)
 .text          0x00000000c001349b       0x96 sys/settime.32
                0x00000000c001349b                SysSetTime(regs*)
 .text          0x00000000c0013531       0x4a sys/timezone.32
                0x00000000c0013531                SysTimezone(regs*)
 .text          0x00000000c001357b       0x68 sys/write.32
                0x00000000c001357b                SysWrite(regs*)
 .text          0x00000000c00135e3       0x62 sys/wsbe.32
                0x00000000c00135e3                SysWsbe(regs*)
 .text          0x00000000c0013645       0x25 sys/yield.32
                0x00000000c0013645                SysYield(regs*)
 .text          0x00000000c001366a     0x11e8 thr/elf.32
                0x00000000c001366a                Thr::allocateMemoryForTask(Process*, File*, unsigned long, unsigned long, unsigned long)
                0x00000000c00138f0                Thr::loadProgramIntoMemory(Process*, char const*)
                0x00000000c0013b02                Thr::runtimeReferenceHelper()
                0x00000000c0013b15                Thr::getAddressOfKernelSymbol(char const*)
                0x00000000c0013b64                Thr::loadKernelSymbolTable(char const*)
                0x00000000c0013e22                Thr::loadDriverIntoMemory(char const*, unsigned long, bool)
                0x00000000c001455c                Thr::getDriverBaseFromAddress(unsigned long)
                0x00000000c001458e                Thr::getDriverNameFromAddress(unsigned long)
                0x00000000c00145c5                Thr::getDriverOffsetFromAddress(unsigned long)
                0x00000000c00145df                Thr::loadDLL(char const*, bool)
                0x00000000c0014819                Thr::executeDLL(unsigned long, void*)
 *fill*         0x00000000c0014852        0x2 
 .text          0x00000000c0014854     0x13bd thr/prcssthr.32
                0x00000000c0014854                userModeEntryPoint(void*)
                0x00000000c001487c                changeTSS
                0x00000000c00148ac                switchToThread(ThreadControlBlock*)
                0x00000000c001495c                Process::addArgs(char**)
                0x00000000c00149c8                Process::Process(char const*, Process*, char**)
                0x00000000c00149c8                Process::Process(char const*, Process*, char**)
                0x00000000c0014bd0                Process::Process(bool, char const*, Process*, char**)
                0x00000000c0014bd0                Process::Process(bool, char const*, Process*, char**)
                0x00000000c0014da4                taskStartupFunction
                0x00000000c0014db0                Semaphore::Semaphore(int)
                0x00000000c0014db0                Semaphore::Semaphore(int)
                0x00000000c0014de0                Mutex::Mutex()
                0x00000000c0014de0                Mutex::Mutex()
                0x00000000c0014df4                Process::createThread(void (*)(void*), void*, int)
                0x00000000c0014efc                Process::createUserThread()
                0x00000000c0014f1c                setupMultitasking(void (*)())
                0x00000000c0015040                schedule()
                0x00000000c00150d4                Semaphore::tryAcquire()
                0x00000000c0015194                Semaphore::assertLocked(char const*)
                0x00000000c0015218                blockTaskWithSchedulerLockAlreadyHeld(TaskState)
                0x00000000c0015240                blockTask(TaskState)
                0x00000000c0015278                waitTask(int, int*, int)
                0x00000000c00152bc                milliTenthSleepUntil(unsigned int)
                0x00000000c001535c                milliTenthSleep(unsigned int)
                0x00000000c0015370                sleep(unsigned int)
                0x00000000c001538c                Semaphore::acquire()
                0x00000000c0015454                taskReturned
                0x00000000c0015498                Thr::processFromPID(int)
                0x00000000c0015544                unblockTask(ThreadControlBlock*)
                0x00000000c00155f0                cleanupTerminatedTask(ThreadControlBlock*)
                0x00000000c00158c4                cleanerTaskFunction(void*)
                0x00000000c00159cc                terminateTask(int)
                0x00000000c0015ab8                Thr::terminateFromIRQ(int)
                0x00000000c0015ac8                Semaphore::release()
 .text          0x00000000c0015c11      0xbe8 vm86/vm8086.32
                0x00000000c0015c11                Vm::inbv(unsigned short)
                0x00000000c0015c24                Vm::outbv(unsigned short, unsigned char)
                0x00000000c0015c5a                Vm::realToLinear(unsigned short, unsigned short)
                0x00000000c0015c6a                Vm::getSegment(unsigned int)
                0x00000000c0015c72                Vm::getOffset(unsigned int)
                0x00000000c0015c77                Vm::mainloop2()
                0x00000000c0015cb1                Vm::mainVm8086Loop(void*)
                0x00000000c0015cc1                Vm::mainloop3(unsigned long)
                0x00000000c0015ce7                Vm::initialise8086()
                0x00000000c0015d2a                Vm::finish8086()
                0x00000000c0015d8b                Vm::getOutput8086(unsigned char*)
                0x00000000c0015db0                Vm::start8086FromBuffer(unsigned char*, int, unsigned short, unsigned short, unsigned short, unsigned short)
                0x00000000c0015e69                Vm::start8086(char const*, unsigned short, unsigned short, unsigned short, unsigned short)
                0x00000000c0015ff8                Vm::doISR(regs*, int, unsigned char*, unsigned short, unsigned short)
                0x00000000c0016081                Vm::readByteFromReal(unsigned short, unsigned short)
                0x00000000c0016092                Vm::readWordFromReal(unsigned short, unsigned short)
                0x00000000c00160a4                Vm::readDwordFromReal(unsigned short, unsigned short)
                0x00000000c00160b5                Vm::writeByteFromReal(unsigned short, unsigned short, unsigned char)
                0x00000000c00160ca                Vm::writeWordFromReal(unsigned short, unsigned short, unsigned short)
                0x00000000c00160e0                Vm::writeDwordFromReal(unsigned short, unsigned short, unsigned int)
                0x00000000c00160f5                Vm::faultHandler(regs*)
 .text          0x00000000c00167f9      0xaac arch/i386/hal.32
                0x00000000c00167f9                noCopro(unsigned long)
                0x00000000c00167fa                nmiHandler(regs*, void*)
                0x00000000c0016813                doubleFault(regs*, void*)
                0x00000000c001682c                displayDebugInfo(regs*)
                0x00000000c0016b88                HalSystemIdle()
                0x00000000c0016c04                displayProgramFault(char const*)
                0x00000000c0016c50                gpFault(regs*, void*)
                0x00000000c0016cb7                pgFault(regs*, void*)
                0x00000000c0016d40                otherISRHandler(regs*, void*)
                0x00000000c0016d74                opcodeFault(regs*, void*)
                0x00000000c0016df7                i386SaveCoprocessor(void*)
                0x00000000c0016e0b                i386LoadCoprocessor(void*)
                0x00000000c0016e1f                x87EmulHandler(regs*, void*)
                0x00000000c0016ebc                HalInitialiseCoprocessor()
                0x00000000c0016f6a                HalPanic(char const*)
                0x00000000c0017063                HalQueryPerformanceCounter()
                0x00000000c001707e                HalInitialise()
                0x00000000c0017234                HalMakeBeep(int)
                0x00000000c001726e                HalGetRand()
                0x00000000c0017271                HalEndOfInterrupt(int)
                0x00000000c00172a2                HalRestart()
                0x00000000c00172a3                HalShutdown()
                0x00000000c00172a4                HalSleep()
 *fill*         0x00000000c00172a5        0x3 
 .text          0x00000000c00172a8      0x2dc arch/i386/pic.32
                0x00000000c00172a8                picIoWait()
                0x00000000c00172b0                picDisable()
                0x00000000c00172e4                picGetIRQReg(int)
                0x00000000c0017360                picOpen()
                0x00000000c00174e4                picEOI(int)
 .text          0x00000000c0017584      0x664 arch/i386/rtc.32
                0x00000000c0017584                RTC::open(int, int, void*)
                0x00000000c0017588                RTC::close(int, int, void*)
                0x00000000c001758c                RTC::timeInSecondsUTC()
                0x00000000c001759e                RTC::timeInDatetimeUTC()
                0x00000000c00175c4                RTC::setTimeInSecondsUTC(unsigned long long)
                0x00000000c0017602                RTC::~RTC()
                0x00000000c0017602                RTC::~RTC()
                0x00000000c0017626                RTC::~RTC()
                0x00000000c0017650                RTC::get_update_in_progress_flag()
                0x00000000c001766a                RTC::completeRTCRefresh()
                0x00000000c001793a                RTC::setTimeInDatetimeUTC(datetime_t)
                0x00000000c0017ae8                rtcIRQHandler(regs*, void*)
                0x00000000c0017b2e                RTC::RTC()
                0x00000000c0017b2e                RTC::RTC()
 .text          0x00000000c0017be8      0x1f4 arch/i386/vga.32
                0x00000000c0017be8                HalConsoleScroll(int, int)
                0x00000000c0017cf0                HalConsoleWriteCharacter(char, int, int, int, int)
                0x00000000c0017d54                HalConsoleCursorUpdate(int, int)
 .text          0x00000000c0017ddc     0x1463 fs/fat/vfslink.32
                0x00000000c0017ddc                FAT::getName()
                0x00000000c0017de4                FAT::tell(void*, unsigned long long*)
                0x00000000c0017e20                FAT::stat(void*, unsigned long long*)
                0x00000000c0017e5c                FAT::~FAT()
                0x00000000c0017e5c                FAT::~FAT()
                0x00000000c0017e80                FAT::~FAT()
                0x00000000c0017ea8                FAT::getlabel(LogicalDisk*, int, char*, unsigned int*)
                0x00000000c0017f4c                FAT::setlabel(LogicalDisk*, int, char*)
                0x00000000c0018010                FAT::format(LogicalDisk*, int, char const*, int)
                0x00000000c00181f4                FAT::tryMount(LogicalDisk*, int)
                0x00000000c0018410                FAT::allocateSwapfile(char const*, int)
                0x00000000c00185d0                FAT::readDir(void*, unsigned long, void*, int*)
                0x00000000c0018740                FAT::read(void*, unsigned long, void*, int*)
                0x00000000c00187a0                FAT::write(void*, unsigned long, void*, int*)
                0x00000000c0018800                FAT::close(void*)
                0x00000000c0018854                FAT::closeDir(void*)
                0x00000000c00188a8                FAT::seek(void*, unsigned long long)
                0x00000000c0018900                fatWrapperReadDisk
                0x00000000c0018940                fatWrapperWriteDisk
                0x00000000c0018980                fatWrapperIoctl
                0x00000000c0018a9c                FAT::FAT()
                0x00000000c0018a9c                FAT::FAT()
                0x00000000c0018af4                FAT::fixFilepath(char*)
                0x00000000c0018b34                FAT::open(char const*, void**, FileOpenMode)
                0x00000000c0018ca8                FAT::openDir(char const*, void**)
                0x00000000c0018d58                FAT::stat(char const*, unsigned long long*, bool*)
                0x00000000c0018e50                FAT::unlink(char const*)
                0x00000000c0018ed0                FAT::chfatattr(char const*, unsigned char, unsigned char)
                0x00000000c0019084                FAT::rename(char const*, char const*)
                0x00000000c0019150                FAT::mkdir(char const*)
                0x00000000c00191d0                FAT::exists(char const*)
 *fill*         0x00000000c001923f        0x1 
 .text          0x00000000c0019240       0x94 fs/iso9660/helper.32
                0x00000000c0019240                isoReadDiscSectorHelper
                0x00000000c001929c                iso_kprintf
                0x00000000c00192b8                iso_kprintfd
 .text          0x00000000c00192d4      0x716 fs/iso9660/vfslink.32
                0x00000000c00192d4                ISO9660::format(LogicalDisk*, int, char const*, int)
                0x00000000c00192da                ISO9660::getName()
                0x00000000c00192e0                ISO9660::closeDir(void*)
                0x00000000c00192ea                ISO9660::chfatattr(char const*, unsigned char, unsigned char)
                0x00000000c00192f0                ISO9660::unlink(char const*)
                0x00000000c00192f6                ISO9660::write(void*, unsigned long, void*, int*)
                0x00000000c00192fc                ISO9660::rename(char const*, char const*)
                0x00000000c0019302                ISO9660::mkdir(char const*)
                0x00000000c0019308                ISO9660::~ISO9660()
                0x00000000c0019308                ISO9660::~ISO9660()
                0x00000000c001932c                ISO9660::~ISO9660()
                0x00000000c0019354                ISO9660::exists(char const*)
                0x00000000c0019368                ISO9660::open(char const*, void**, FileOpenMode)
                0x00000000c001944e                ISO9660::read(void*, unsigned long, void*, int*)
                0x00000000c0019496                ISO9660::seek(void*, unsigned long long)
                0x00000000c00194d8                ISO9660::tell(void*, unsigned long long*)
                0x00000000c0019516                ISO9660::stat(void*, unsigned long long*)
                0x00000000c0019568                ISO9660::stat(char const*, unsigned long long*, bool*)
                0x00000000c00196aa                ISO9660::close(void*)
                0x00000000c00196da                ISO9660::openDir(char const*, void**)
                0x00000000c00197b4                ISO9660::readDir(void*, unsigned long, void*, int*)
                0x00000000c00198d1                readSectorFromCDROM(unsigned int, unsigned char*, char)
                0x00000000c0019950                ISO9660::tryMount(LogicalDisk*, int)
                0x00000000c00199c2                ISO9660::ISO9660()
                0x00000000c00199c2                ISO9660::ISO9660()
 .text          0x00000000c00199ea      0x26c hal/sound/sndcard.32
                0x00000000c00199ea                SoundCard::beginPlayback()
                0x00000000c00199f8                SoundCard::stopPlayback()
                0x00000000c0019a06                SoundCard::SoundCard(char const*)
                0x00000000c0019a06                SoundCard::SoundCard(char const*)
                0x00000000c0019aa4                SoundCard::~SoundCard()
                0x00000000c0019aa4                SoundCard::~SoundCard()
                0x00000000c0019ac8                SoundCard::~SoundCard()
                0x00000000c0019af2                SoundCard::configureRates(int, int, int)
                0x00000000c0019b22                SoundCard::getSamples16(int, short*)
                0x00000000c0019b7e                SoundCard::getSamples32(int, int*)
                0x00000000c0019c04                SoundCard::addChannel(SoundPort*)
                0x00000000c0019c42                SoundCard::removeChannel(int)
 *fill*         0x00000000c0019c56        0x2 
 .text          0x00000000c0019c58      0x38e hal/sound/sndport.32
                0x00000000c0019c58                SoundPort::SoundPort(int, int, int, int)
                0x00000000c0019c58                SoundPort::SoundPort(int, int, int, int)
                0x00000000c0019ce4                SoundPort::~SoundPort()
                0x00000000c0019ce4                SoundPort::~SoundPort()
                0x00000000c0019d18                SoundPort::unpause()
                0x00000000c0019d24                SoundPort::pause()
                0x00000000c0019d30                SoundPort::getBufferUsed()
                0x00000000c0019d38                SoundPort::getBufferSize()
                0x00000000c0019d40                SoundPort::buffer16(short*, int)
                0x00000000c0019dcc                SoundPort::buffer32(int*, int)
                0x00000000c0019e58                SoundPort::unbufferAndAdd16(int, short*, SoundCard*)
                0x00000000c0019f28                SoundPort::unbufferAndAdd32(int, int*, SoundCard*)
 .text          0x00000000c0019fe6        0x0 hw/bus/isa.32
 .text          0x00000000c0019fe6      0xbb7 hw/bus/pci.32
                0x00000000c0019fe6                PCI::open(int, int, void*)
                0x00000000c001a004                PCI::close(int, int, void*)
                0x00000000c001a008                PCI::PCI()
                0x00000000c001a008                PCI::PCI()
                0x00000000c001a0a0                PCI::readBAR8(unsigned int, int)
                0x00000000c001a0bc                PCI::readBAR16(unsigned int, int)
                0x00000000c001a0da                PCI::readBAR32(unsigned int, int)
                0x00000000c001a0f6                PCI::writeBAR8(unsigned int, unsigned char, int)
                0x00000000c001a116                PCI::writeBAR16(unsigned int, unsigned short, int)
                0x00000000c001a138                PCI::writeBAR32(unsigned int, unsigned int, int)
                0x00000000c001a158                PCI::legacyMechanism(unsigned char, unsigned char, unsigned char, unsigned char)
                0x00000000c001a1ce                PCI::pciReadWord(unsigned char, unsigned char, unsigned char, unsigned char)
                0x00000000c001a278                PCI::getVendorID(unsigned char, unsigned char, unsigned char)
                0x00000000c001a29c                PCI::getHeaderType(unsigned char, unsigned char, unsigned char)
                0x00000000c001a2c4                PCI::getClassCode(unsigned char, unsigned char, unsigned char)
                0x00000000c001a30e                PCI::getProgIF(unsigned char, unsigned char, unsigned char)
                0x00000000c001a336                PCI::getRevisionID(unsigned char, unsigned char, unsigned char)
                0x00000000c001a35a                PCI::getInterruptNumber(unsigned char, unsigned char, unsigned char)
                0x00000000c001a37e                PCI::getSecondaryBus(unsigned char, unsigned char, unsigned char)
                0x00000000c001a3a6                PCI::getBARAddress(unsigned char, unsigned char, unsigned char, unsigned char)
                0x00000000c001a40a                PCI::pciWriteWord(unsigned char, unsigned char, unsigned char, unsigned char, unsigned short)
                0x00000000c001a4f2                PCI::pciDetailsToFilepath(PCIDeviceInfo, char*)
                0x00000000c001a7b8                PCI::checkBus(unsigned char)
                0x00000000c001a7dc                PCI::foundDevice(PCIDeviceInfo)
                0x00000000c001a956                PCI::getDeviceData(unsigned char, unsigned char, unsigned char)
                0x00000000c001aad2                PCI::checkDevice(unsigned char, unsigned char)
                0x00000000c001ab44                PCI::detect()
 *fill*         0x00000000c001ab9d        0x1 
 .text          0x00000000c001ab9e      0xb90 hw/diskctrl/ide.32
                0x00000000c001ab9e                IDE::close(int, int, void*)
                0x00000000c001aba2                IDE::IDE()
                0x00000000c001aba2                IDE::IDE()
                0x00000000c001abd6                IDE::prepareInterrupt(unsigned char)
                0x00000000c001abe8                selectDrive(unsigned char, unsigned char)
                0x00000000c001abea                IDE::getBase(unsigned char)
                0x00000000c001abfc                IDE::write(unsigned char, unsigned char, unsigned char)
                0x00000000c001acbc                IDE::read(unsigned char, unsigned char)
                0x00000000c001ad6a                IDE::waitInterrupt(unsigned char)
                0x00000000c001adcc                ideChannel0IRQHandler(regs*, void*)
                0x00000000c001ade8                ideChannel1IRQHandler(regs*, void*)
                0x00000000c001ae04                IDE::enableIRQs(unsigned char, bool)
                0x00000000c001ae4e                IDE::open(int, int, void*)
                0x00000000c001b28a                IDE::readBuffer(unsigned char, unsigned char, unsigned int, unsigned int)
                0x00000000c001b35a                IDE::detect()
                0x00000000c001b620                IDE::printError(unsigned char, unsigned char, unsigned char)
                0x00000000c001b6da                IDE::polling(unsigned char, unsigned int)
 .text          0x00000000c001b72e      0x32a hw/diskctrl/satabus.32
                0x00000000c001b72e                SATABus::close(int, int, void*)
                0x00000000c001b732                SATABus::detect()
                0x00000000c001b734                SATABus::SATABus()
                0x00000000c001b734                SATABus::SATABus()
                0x00000000c001b7ba                SATABus::findCmdslot(SATABus::tagHBA_PORT volatile*)
                0x00000000c001b7ec                SATABus::checkType(SATABus::tagHBA_PORT volatile*)
                0x00000000c001b834                SATABus::startCmd(SATABus::tagHBA_PORT volatile*)
                0x00000000c001b854                SATABus::stopCmd(SATABus::tagHBA_PORT volatile*)
                0x00000000c001b87e                SATABus::portRebase(SATABus::tagHBA_PORT volatile*, int)
                0x00000000c001b98e                SATABus::probePort(SATABus::tagHBA_MEM volatile*)
                0x00000000c001ba38                SATABus::open(int, int, void*)
 .text          0x00000000c001ba58      0x96f hw/diskphys/ata.32
                0x00000000c001ba58                ATA::close(int, int, void*)
                0x00000000c001ba7c                ATA::powerSaving(PowerSavingLevel)
                0x00000000c001ba7e                ATA::ATA()
                0x00000000c001ba7e                ATA::ATA()
                0x00000000c001baac                ATA::flush(bool)
                0x00000000c001bafa                ATA::readyForCommand()
                0x00000000c001bb46                ATA::access(unsigned long long, int, void*, bool)
                0x00000000c001bf0c                ATA::detectCHS()
                0x00000000c001bf36                ATA::open(int, int, void*)
                0x00000000c001c002                combineCharAndColour(char, unsigned char)
                0x00000000c001c013                combineColours(unsigned char, unsigned char)
                0x00000000c001c020                ATA::read(unsigned long long, int, void*)
                0x00000000c001c1f6                ATA::write(unsigned long long, int, void*)
 *fill*         0x00000000c001c3c7        0x1 
 .text          0x00000000c001c3c8      0x61a hw/diskphys/atapi.32
                0x00000000c001c3c8                ATAPI::write(unsigned long long, int, void*)
                0x00000000c001c3ce                ATAPI::close(int, int, void*)
                0x00000000c001c3f2                ATAPI::ATAPI()
                0x00000000c001c3f2                ATAPI::ATAPI()
                0x00000000c001c420                ATAPI::readyForCommand()
                0x00000000c001c472                ATAPI::sendPacket(unsigned char*, int, bool, unsigned short*, int)
                0x00000000c001c73a                ATAPI::diskRemoved()
                0x00000000c001c774                ATAPI::eject()
                0x00000000c001c7bc                ATAPI::diskInserted()
                0x00000000c001c7c8                ATAPI::detectMedia()
                0x00000000c001c888                ATAPI::open(int, int, void*)
                0x00000000c001c968                ATAPI::read(unsigned long long, int, void*)
 .text          0x00000000c001c9e2      0x807 hw/diskphys/sata.32
                0x00000000c001c9e2                SATA::close(int, int, void*)
                0x00000000c001ca06                SATA::powerSaving(PowerSavingLevel)
                0x00000000c001ca08                SATA::open(int, int, void*)
                0x00000000c001cab2                SATA::SATA()
                0x00000000c001cab2                SATA::SATA()
                0x00000000c001cae0                SATA::access(unsigned long long, int, void*, bool)
                0x00000000c001cd34                SATA::read(unsigned long long, int, void*)
                0x00000000c001cf84                SATA::write(unsigned long long, int, void*)
 *fill*         0x00000000c001d1e9        0x1 
 .text          0x00000000c001d1ea      0x5d0 hw/diskphys/satapi.32
                0x00000000c001d1ea                SATAPI::write(unsigned long long, int, void*)
                0x00000000c001d1f0                SATAPI::close(int, int, void*)
                0x00000000c001d214                SATAPI::SATAPI()
                0x00000000c001d214                SATAPI::SATAPI()
                0x00000000c001d242                SATAPI::diskRemoved()
                0x00000000c001d244                SATAPI::diskInserted()
                0x00000000c001d260                SATAPI::sendPacket(unsigned char*, int, unsigned long long, unsigned short*, int)
                0x00000000c001d53e                SATAPI::eject()
                0x00000000c001d57a                SATAPI::detectMedia()
                0x00000000c001d5d0                SATAPI::open(int, int, void*)
                0x00000000c001d6d0                SATAPI::read(unsigned long long, int, void*)
 .text          0x00000000c001d7ba      0x45b hw/intctrl/apic.32
                0x00000000c001d7ba                IOAPIC::close(int, int, void*)
                0x00000000c001d7c0                apicGetBase()
                0x00000000c001d806                IOAPIC::IOAPIC()
                0x00000000c001d806                IOAPIC::IOAPIC()
                0x00000000c001d82e                apicOpen()
                0x00000000c001d9aa                IOAPIC::handlesGSIWithNumber(unsigned int)
                0x00000000c001d9dc                IOAPIC::read(int)
                0x00000000c001da04                IOAPIC::open(int, int, void*)
                0x00000000c001daea                IOAPIC::write(int, int)
                0x00000000c001db16                IOAPIC::redirect(unsigned char, unsigned long long, unsigned char, bool, bool)
 *fill*         0x00000000c001dc15        0x3 
 .text          0x00000000c001dc18       0xf0 hw/timer/apictimer.32
                0x00000000c001dc18                APICTimer::close(int, int, void*)
                0x00000000c001dc20                apicTimerHandler(regs*, void*)
                0x00000000c001dc48                APICTimer::open(int, int, void*)
                0x00000000c001dcb8                APICTimer::write(int)
                0x00000000c001dce0                APICTimer::APICTimer()
                0x00000000c001dce0                APICTimer::APICTimer()
 .text          0x00000000c001dd08      0x1ad hw/timer/pit.32
                0x00000000c001dd08                PIT::write(int)
                0x00000000c001dd8c                pitHandler(regs*, void*)
                0x00000000c001ddb4                PIT::open(int, int, void*)
                0x00000000c001de04                PIT::close(int, int, void*)
                0x00000000c001de34                PIT::PIT()
                0x00000000c001de34                PIT::PIT()
 *fill*         0x00000000c001deb5        0xb 
 .text          0x00000000c001dec0       0x83 arch/i386/avx.32
                0x00000000c001dec0                avxDetect
                0x00000000c001deea                avxSave
                0x00000000c001defb                avxLoad
                0x00000000c001df0c                avxInit
                0x00000000c001df2e                avxClose
                0x00000000c001df2f                wouldSheSayYes
 *fill*         0x00000000c001df43        0xd 
 .text          0x00000000c001df50      0x2ec arch/i386/interrupt.32
                0x00000000c001df50                isr0
                0x00000000c001df60                isr1
                0x00000000c001df6a                isr2
                0x00000000c001df74                isr3
                0x00000000c001df7e                isr4
                0x00000000c001df88                isr5
                0x00000000c001df92                isr6
                0x00000000c001df9c                isr7
                0x00000000c001dfa6                isr8
                0x00000000c001dfae                isr9
                0x00000000c001dfb8                isr10
                0x00000000c001dfc0                isr11
                0x00000000c001dfc8                isr12
                0x00000000c001dfd0                isr13
                0x00000000c001dfea                isr14
                0x00000000c001dff2                isr15
                0x00000000c001dffc                isr16
                0x00000000c001e006                isr17
                0x00000000c001e010                isr18
                0x00000000c001e01a                irq3
                0x00000000c001e024                irq4
                0x00000000c001e02e                irq5
                0x00000000c001e038                irq6
                0x00000000c001e042                irq7
                0x00000000c001e04c                irq8
                0x00000000c001e056                irq9
                0x00000000c001e060                irq10
                0x00000000c001e06a                irq11
                0x00000000c001e074                irq12
                0x00000000c001e07e                irq13
                0x00000000c001e088                irq14
                0x00000000c001e092                irq15
                0x00000000c001e09c                irq1
                0x00000000c001e0a3                irq2
                0x00000000c001e0aa                isr96
                0x00000000c001e0b1                irq0
                0x00000000c001e0b6                int_common_stub
                0x00000000c001e0e8                syscall_common_stub
                0x00000000c001e1ec                irq16
                0x00000000c001e1f6                irq17
                0x00000000c001e200                irq18
                0x00000000c001e20a                irq19
                0x00000000c001e214                irq20
                0x00000000c001e21e                irq21
                0x00000000c001e228                irq22
                0x00000000c001e232                irq23
 *fill*         0x00000000c001e23c        0x4 
 .text          0x00000000c001e240       0x10 arch/i386/rdrand.32
                0x00000000c001e240                i386GetRDRAND
 .text          0x00000000c001e250       0x39 arch/i386/sse.32
                0x00000000c001e250                absolutelyNoChanceInHell
                0x00000000c001e250                sseDetect
                0x00000000c001e268                sseSave
                0x00000000c001e270                sseLoad
                0x00000000c001e278                sseInit
                0x00000000c001e288                sseClose
 *fill*         0x00000000c001e289        0x7 
 .text          0x00000000c001e290       0x49 arch/i386/x87.32
                0x00000000c001e296                x87Detect
                0x00000000c001e2b1                x87Save
                0x00000000c001e2b8                x87Load
                0x00000000c001e2bf                x87Init
                0x00000000c001e2d8                x87Close
 *fill*         0x00000000c001e2d9        0x3 
 .text          0x00000000c001e2dc       0x25 /cygdrive/d/Users/Alex/Desktop/Toolchain/Output/bin/../lib/gcc/i386-banana/8.1.0/crtend.o
 .text          0x00000000c001e301        0x0 crtn.32
 *fill*         0x00000000c001e301        0x3 
 .text          0x00000000c001e304      0x14b /cygdrive/d/Users/Alex/Desktop/Toolchain/Output/bin/../lib/gcc/i386-banana/8.1.0/libkgcc.a(_divdi3.o)
                0x00000000c001e304                __divdi3
 *fill*         0x00000000c001e44f        0x1 
 .text          0x00000000c001e450      0x17e /cygdrive/d/Users/Alex/Desktop/Toolchain/Output/bin/../lib/gcc/i386-banana/8.1.0/libkgcc.a(_moddi3.o)
                0x00000000c001e450                __moddi3
 *fill*         0x00000000c001e5ce        0x2 
 .text          0x00000000c001e5d0       0xff /cygdrive/d/Users/Alex/Desktop/Toolchain/Output/bin/../lib/gcc/i386-banana/8.1.0/libkgcc.a(_udivdi3.o)
                0x00000000c001e5d0                __udivdi3
 *fill*         0x00000000c001e6cf        0x1 
 .text          0x00000000c001e6d0      0x11a /cygdrive/d/Users/Alex/Desktop/Toolchain/Output/bin/../lib/gcc/i386-banana/8.1.0/libkgcc.a(_umoddi3.o)
                0x00000000c001e6d0                __umoddi3
 *(.gnu.linkonce.t*)

.iplt           0x00000000c001e7f0        0x0
 .iplt          0x00000000c001e7f0        0x0 D:/Users/Alex/Desktop/Banana/kernel/boot.32

.init           0x00000000c001e7ea        0xf
 .init          0x00000000c001e7ea        0x3 crti.32
                0x00000000c001e7ea                _init