Archive member included to satisfy reference by file (symbol)

/cygdrive/d/Users/Alex/Desktop/Toolchain/Output/bin/../lib/gcc/i386-banana/8.1.0/libkgcc.a(_divdi3.o)
                              fs/fat/ff.32 (__divdi3)
/cygdrive/d/Users/Alex/Desktop/Toolchain/Output/bin/../lib/gcc/i386-banana/8.1.0/libkgcc.a(_moddi3.o)
                              compat/resolve.32 (__moddi3)
/cygdrive/d/Users/Alex/Desktop/Toolchain/Output/bin/../lib/gcc/i386-banana/8.1.0/libkgcc.a(_udivdi3.o)
                              fs/fat/ff.32 (__udivdi3)
/cygdrive/d/Users/Alex/Desktop/Toolchain/Output/bin/../lib/gcc/i386-banana/8.1.0/libkgcc.a(_umoddi3.o)
                              compat/resolve.32 (__umoddi3)
D:/Users/Alex/Desktop/Banana/kernel/libsoftfp.a(sfieeelib.o)
                              hal/sound/sndhw.32 (__addsf3)
D:/Users/Alex/Desktop/Banana/kernel/libsoftfp.a(dfieeelib.o)
                              hal/libresample/src_linear.32 (__adddf3)
D:/Users/Alex/Desktop/Banana/kernel/libsoftfp.a(sfdfcvt.o)
                              hal/libresample/samplerate.32 (__truncdfsf2)
D:/Users/Alex/Desktop/Banana/kernel/libk/libm32.a(s_fabs.c.o)
                              hal/libresample/samplerate.32 (fabs)
D:/Users/Alex/Desktop/Banana/kernel/libk/libm32.a(s_lrint.S.o)
                              hal/libresample/samplerate.32 (lrint)
D:/Users/Alex/Desktop/Banana/kernel/libk/libm32.a(s_lrintf.S.o)
                              hal/sound/sndhw.32 (lrintf)

Discarded input sections

 .comment       0x0000000000000000       0x12 /cygdrive/d/Users/Alex/Desktop/Toolchain/Output/bin/../lib/gcc/i386-banana/8.1.0/crtbegin.o
 .comment       0x0000000000000000       0x12 acpica/utclib.32
 .comment       0x0000000000000000       0x12 core/malloc.32
 .comment       0x0000000000000000       0x12 libk/string.32
 .comment       0x0000000000000000       0x12 fs/fat/diskio.32
 .comment       0x0000000000000000       0x12 fs/fat/ff.32
 .comment       0x0000000000000000       0x12 fs/fat/ffsystem.32
 .comment       0x0000000000000000       0x12 fs/fat/ffunicode.32
 .comment       0x0000000000000000       0x12 hal/libresample/samplerate.32
 .comment       0x0000000000000000       0x12 hal/libresample/src_linear.32
 .comment       0x0000000000000000       0x12 hal/libresample/src_sinc.32
 .comment       0x0000000000000000       0x12 hal/libresample/src_zoh.32
 .comment       0x0000000000000000       0x12 compat/inlines.32
 .comment       0x0000000000000000       0x12 compat/resolve.32
 .group         0x0000000000000000       0x14 core/computer.32
 .group         0x0000000000000000        0xc core/computer.32
 .comment       0x0000000000000000       0x12 core/computer.32
 .comment       0x0000000000000000       0x12 core/gdt.32
 .group         0x0000000000000000        0xc core/idle.32
 .comment       0x0000000000000000       0x12 core/idle.32
 .comment       0x0000000000000000       0x12 core/idt.32
 .comment       0x0000000000000000       0x12 core/kheap.32
 .comment       0x0000000000000000       0x12 core/main.32
 .comment       0x0000000000000000       0x12 core/physmgr.32
 .group         0x0000000000000000        0xc core/pipe.32
 .comment       0x0000000000000000       0x12 core/pipe.32
 .group         0x0000000000000000        0xc core/terminal.32
 .comment       0x0000000000000000       0x12 core/terminal.32
 .comment       0x0000000000000000       0x12 core/tss.32
 .group         0x0000000000000000        0x8 core/unixfile.32
 .group         0x0000000000000000        0xc core/unixfile.32
 .group         0x0000000000000000        0xc core/unixfile.32
 .group         0x0000000000000000        0x8 core/unixfile.32
 .group         0x0000000000000000        0xc core/unixfile.32
 .group         0x0000000000000000        0x8 core/unixfile.32
 .group         0x0000000000000000        0xc core/unixfile.32
 .group         0x0000000000000000        0xc core/unixfile.32
 .comment       0x0000000000000000       0x12 core/unixfile.32
 .comment       0x0000000000000000       0x12 core/virtmgr.32
 .comment       0x0000000000000000       0x12 coreobjs/c++.32
 .comment       0x0000000000000000       0x12 dbg/kconsole.32
 .group         0x0000000000000000        0xc fs/vfs.32
 .group         0x0000000000000000        0xc fs/vfs.32
 .group         0x0000000000000000        0xc fs/vfs.32
 .comment       0x0000000000000000       0x12 fs/vfs.32
 .group         0x0000000000000000        0xc hal/bus.32
 .comment       0x0000000000000000       0x12 hal/bus.32
 .group         0x0000000000000000        0xc hal/buzzer.32
 .comment       0x0000000000000000       0x12 hal/buzzer.32
 .group         0x0000000000000000        0xc hal/clock.32
 .comment       0x0000000000000000       0x12 hal/clock.32
 .group         0x0000000000000000       0x14 hal/device.32
 .group         0x0000000000000000        0xc hal/device.32
 .group         0x0000000000000000        0xc hal/device.32
 .group         0x0000000000000000        0xc hal/device.32
[...]
Memory Configuration

Name             Origin             Length             Attributes
*default*        0x0000000000000000 0xffffffffffffffff

Linker script and memory map

LOAD D:/Users/Alex/Desktop/Banana/kernel/boot.32
LOAD crti.32
LOAD /cygdrive/d/Users/Alex/Desktop/Toolchain/Output/bin/../lib/gcc/i386-banana/8.1.0/crtbegin.o
LOAD D:/Users/Alex/Desktop/Banana/kernel/morenasm.32
LOAD acpica/utclib.32
LOAD core/malloc.32
LOAD libk/string.32
LOAD fs/fat/diskio.32
LOAD fs/fat/ff.32
LOAD fs/fat/ffsystem.32
LOAD fs/fat/ffunicode.32
LOAD hal/libresample/samplerate.32
LOAD hal/libresample/src_linear.32
LOAD hal/libresample/src_sinc.32
LOAD hal/libresample/src_zoh.32
LOAD compat/inlines.32
LOAD compat/resolve.32
LOAD core/computer.32
LOAD core/gdt.32
LOAD core/idle.32
LOAD core/idt.32
LOAD core/kheap.32
LOAD core/main.32
LOAD core/physmgr.32
LOAD core/pipe.32
LOAD core/terminal.32
LOAD core/tss.32
LOAD core/unixfile.32
LOAD core/virtmgr.32
LOAD coreobjs/c++.32
LOAD dbg/kconsole.32
LOAD fs/vfs.32
LOAD hal/bus.32
LOAD hal/buzzer.32
LOAD hal/clock.32
LOAD hal/device.32
LOAD hal/diskctrl.32
LOAD hal/diskphys.32
LOAD hal/fpu.32
LOAD hal/intctrl.32
LOAD hal/keybrd.32
LOAD hal/logidisk.32
LOAD hal/mouse.32
LOAD hal/partition.32
LOAD hal/serial.32
LOAD hal/timer.32
LOAD hal/vcache.32
LOAD hal/video.32
LOAD hw/acpi.32
LOAD hw/cpu.32
LOAD hw/ports.32
LOAD hw/smp.32
LOAD krnl/env.32
LOAD krnl/panic.32
LOAD net/ethernet.32
LOAD reg/registry.32
LOAD sys/sc_eject.32
LOAD sys/sc_exit.32
LOAD sys/sc_getcwd.32
LOAD sys/sc_getpid.32
LOAD sys/sc_getramdata.32
LOAD sys/sc_loaddll.32
LOAD sys/sc_read.32
LOAD sys/sc_sbrk.32
LOAD sys/sc_setcwd.32
LOAD sys/sc_settime.32
LOAD sys/sc_timezone.32
LOAD sys/sc_write.32
LOAD sys/sc_wsbe.32
LOAD sys/sc_yield.32
LOAD sys/syscalls.32
LOAD thr/elf.32
LOAD thr/prcssthr.32
LOAD vm86/vm8086.32
LOAD vm86/x87em.32
LOAD fs/fat/vfslink.32
LOAD fs/iso9660/vfslink.32
LOAD hal/sound/sndchannel.32
LOAD hal/sound/sndhw.32
LOAD hw/bus/isa.32
LOAD hw/bus/pci.32
LOAD hw/diskctrl/ide.32
LOAD hw/diskctrl/satabus.32
LOAD hw/diskphys/ata.32
LOAD hw/diskphys/atapi.32
LOAD hw/diskphys/sata.32
LOAD hw/diskphys/satapi.32
LOAD hw/fpu/avx.32
LOAD hw/fpu/mmx.32
LOAD hw/fpu/sse.32
LOAD hw/fpu/x87.32
LOAD hw/intctrl/apic.32
LOAD hw/intctrl/pic.32
LOAD hw/timer/apictimer.32
LOAD hw/timer/pit.32
LOAD hw/fpu/x86/avx.32
LOAD hw/fpu/x86/sse.32
LOAD hw/fpu/x86/x87.32
LOAD /cygdrive/d/Users/Alex/Desktop/Toolchain/Output/bin/../lib/gcc/i386-banana/8.1.0/crtend.o
LOAD crtn.32
LOAD /cygdrive/d/Users/Alex/Desktop/Toolchain/Output/bin/../lib/gcc/i386-banana/8.1.0/libkgcc.a
LOAD D:/Users/Alex/Desktop/Banana/kernel/libsoftfp.a
LOAD D:/Users/Alex/Desktop/Banana/kernel/libk/libm32.a
                0x00000000c0000000                . = 0xc0000000

.text           0x00000000c0000000    0x28608
 *(.text)
 .text          0x00000000c0000000       0x41 D:/Users/Alex/Desktop/Banana/kernel/boot.32
                0x00000000c0000020                callGlobalConstructors
 .text          0x00000000c0000041        0x0 crti.32
 *fill*         0x00000000c0000041        0x3 
 .text          0x00000000c0000044      0x101 /cygdrive/d/Users/Alex/Desktop/Toolchain/Output/bin/../lib/gcc/i386-banana/8.1.0/crtbegin.o
 *fill*         0x00000000c0000145        0xb 
 .text          0x00000000c0000150      0x4ed D:/Users/Alex/Desktop/Banana/kernel/morenasm.32
                0x00000000c0000150                manualPCIProbe
                0x00000000c000019b                prepareTramp
                0x00000000c00001b4                voodooXADD
                0x00000000c000027f                doTPAUSE
                0x00000000c0000289                hasLegacyFPU
                0x00000000c00002ae                is486
                0x00000000c00002e4                detectCPUID
                0x00000000c00002fa                goToVM86
                0x00000000c000032a                goToUsermode
                0x00000000c0000354                switchToThreadASMFirstTime
                0x00000000c0000362                switchToThreadASM
                0x00000000c00003ea                asmQuickAcquireLock
                0x00000000c0000408                asmQuickReleaseLock
                0x00000000c0000414                asmAcquireLock
                0x00000000c0000435                asmReleaseLock
                0x00000000c0000448                loadGDT
                0x00000000c0000468                isr0
                0x00000000c0000478                isr1
                0x00000000c0000482                isr2
                0x00000000c000048c                isr3
                0x00000000c0000496                isr4
                0x00000000c00004a0                isr5
                0x00000000c00004aa                isr6
                0x00000000c00004b4                isr7
                0x00000000c00004be                isr8
                0x00000000c00004c6                isr9
                0x00000000c00004d0                isr10
                0x00000000c00004d8                isr11
                0x00000000c00004e0                isr12
                0x00000000c00004e8                isr13
                0x00000000c00004f0                isr14
                0x00000000c00004f8                isr15
                0x00000000c0000502                isr16
                0x00000000c000050c                isr17
                0x00000000c0000516                isr18
                0x00000000c0000520                irq3
                0x00000000c000052a                irq4
                0x00000000c0000534                irq5
                0x00000000c000053e                irq6
                0x00000000c0000548                irq7
                0x00000000c0000552                irq8
                0x00000000c000055c                irq9
                0x00000000c0000566                irq10
                0x00000000c0000570                irq11
                0x00000000c000057a                irq12
                0x00000000c0000584                irq13
                0x00000000c000058e                irq14
                0x00000000c0000598                irq15
                0x00000000c00005a2                irq1
                0x00000000c00005a9                irq2
                0x00000000c00005b0                isr96
                0x00000000c00005b7                irq0
                0x00000000c00005bc                int_common_stub
                0x00000000c00005bc                syscall_common_stub
                0x00000000c00005ed                irq16
                0x00000000c00005f7                irq17
                0x00000000c0000601                irq18
                0x00000000c000060b                irq19
                0x00000000c0000615                irq20
                0x00000000c000061f                irq21
                0x00000000c0000629                irq22
                0x00000000c0000633                irq23
 *fill*         0x00000000c000063d        0x3 
 .text          0x00000000c0000640      0x611 acpica/utclib.32
                0x00000000c0000640                memcmp
                0x00000000c000067c                memmove
                0x00000000c0000744                memcpy
                0x00000000c0000778                memset
                0x00000000c0000794                strlen
                0x00000000c00007ac                strpbrk
                0x00000000c00007e8                strtok
                0x00000000c0000834                strcpy
                0x00000000c0000858                strncpy
                0x00000000c00008c0                strcmp
                0x00000000c0000900                strchr
                0x00000000c0000924                strncmp
                0x00000000c0000974                strcat
                0x00000000c00009a4                strncat
                0x00000000c00009e0                strstr
                0x00000000c0000a28                toupper
                0x00000000c0000a3c                tolower
                0x00000000c0000a50                simple_strtoul
 .text          0x00000000c0000c51      0xfbf core/malloc.32
                0x00000000c0000dbc                dlfree
                0x00000000c0001117                dlmalloc
                0x00000000c0001654                dlrealloc
                0x00000000c0001809                dlmemalign
                0x00000000c000192c                dlcalloc
                0x00000000c00019c6                dlcfree
                0x00000000c00019cb                dlindependent_calloc
                0x00000000c00019f0                dlindependent_comalloc
                0x00000000c0001a07                dlvalloc
                0x00000000c0001a32                dlpvalloc
                0x00000000c0001a68                dlmalloc_trim
                0x00000000c0001a75                dlmalloc_usable_size
                0x00000000c0001aa6                dlmallinfo
                0x00000000c0001b75                dlmalloc_stats
                0x00000000c0001b86                dlmallopt
 .text          0x00000000c0001c10        0x0 libk/string.32
 .text          0x00000000c0001c10       0x51 fs/fat/diskio.32
                0x00000000c0001c10                disk_status
                0x00000000c0001c13                disk_initialize
                0x00000000c0001c16                disk_read
                0x00000000c0001c2c                disk_write
                0x00000000c0001c42                disk_ioctl
 .text          0x00000000c0001c61     0x6833 fs/fat/ff.32
                0x00000000c0004f2f                f_mount
                0x00000000c0004f91                f_open
                0x00000000c00053cd                f_read
                0x00000000c000564d                f_write
                0x00000000c0005907                f_sync
                0x00000000c0005ae3                f_close
                0x00000000c0005b12                f_lseek
                0x00000000c0005fc9                f_opendir
                0x00000000c00060cb                f_closedir
                0x00000000c00060ed                f_readdir
                0x00000000c0006188                f_stat
                0x00000000c0006217                f_getfree
                0x00000000c00063e2                f_truncate
                0x00000000c00064da                f_unlink
                0x00000000c000665d                f_mkdir
                0x00000000c0006889                f_rename
                0x00000000c0006b7c                f_chmod
                0x00000000c0006c5a                f_utime
                0x00000000c0006d38                f_getlabel
                0x00000000c0006f26                f_setlabel
                0x00000000c0007193                f_forward
                0x00000000c0007371                f_mkfs
 .text          0x00000000c0008494       0x2d fs/fat/ffsystem.32
                0x00000000c0008494                ff_memalloc
                0x00000000c00084aa                ff_memfree
 .text          0x00000000c00084c1      0x253 fs/fat/ffunicode.32
                0x00000000c00084c1                ff_uni2oem
                0x00000000c0008551                ff_oem2uni
                0x00000000c00085bd                ff_wtoupper
 .text          0x00000000c0008714      0x8fb hal/libresample/samplerate.32
                0x00000000c0008758                src_delete
                0x00000000c0008794                src_process
                0x00000000c000894a                src_callback_read
                0x00000000c0008ac7                src_set_ratio
                0x00000000c0008b31                src_get_channels
                0x00000000c0008b53                src_reset
                0x00000000c0008b9f                src_new
                0x00000000c0008c2d                src_callback_new
                0x00000000c0008c8f                src_get_name
                0x00000000c0008cc6                src_get_description
                0x00000000c0008cfd                src_get_version
                0x00000000c0008d03                src_is_valid_ratio
                0x00000000c0008d57                src_error
                0x00000000c0008d65                src_strerror
                0x00000000c0008d78                src_simple
                0x00000000c0008dcb                src_short_to_float_array
                0x00000000c0008e30                src_float_to_short_array
                0x00000000c0008eef                src_int_to_float_array
                0x00000000c0008f52                src_float_to_int_array
 .text          0x00000000c000900f      0x8cb hal/libresample/src_linear.32
                0x00000000c0009835                linear_get_name
                0x00000000c0009844                linear_get_description
                0x00000000c0009853                linear_set_converter
 .text          0x00000000c00098da     0x447c hal/libresample/src_sinc.32
                0x00000000c000dc6d                sinc_get_name
                0x00000000c000dc80                sinc_get_description
                0x00000000c000dc93                sinc_set_converter
 .text          0x00000000c000dd56      0x77c hal/libresample/src_zoh.32
                0x00000000c000e42d                zoh_get_name
                0x00000000c000e43c                zoh_get_description
                0x00000000c000e44b                zoh_set_converter
 .text          0x00000000c000e4d2       0x23 compat/inlines.32
                0x00000000c000e4d2                CPU::current()
                0x00000000c000e4df                operator new(unsigned long)
 .text          0x00000000c000e4f5      0x111 compat/resolve.32
                0x00000000c000e4f5                Krnl::resolveCompatibilitySymbol(char*)
 .text          0x00000000c000e606      0xa17 core/computer.32
                0x00000000c000e606                Computer::close(int, int, void*)
                0x00000000c000e64a                Krnl::firstTask()
                0x00000000c000e73a                Computer::Computer()
                0x00000000c000e73a                Computer::Computer()
                0x00000000c000e896                Computer::setBootMessage(char const*)
                0x00000000c000e898                Computer::detectFeatures()
                0x00000000c000eaa2                Computer::displayFeatures()
                0x00000000c000ede8                Computer::rdmsr(unsigned int)
                0x00000000c000ee14                Computer::wrmsr(unsigned int, unsigned long long)
                0x00000000c000ee4c                Computer::nmiEnabled()
                0x00000000c000ee58                Computer::readCMOS(unsigned char)
                0x00000000c000ee72                Computer::enableNMI(bool)
                0x00000000c000ee8a                Computer::open(int, int, void*)
                0x00000000c000ef60                Computer::disableNMI()
                0x00000000c000ef6e                Computer::writeCMOS(unsigned char, unsigned char)
                0x00000000c000ef8c                Computer::handleNMI()
                0x00000000c000eff2                Computer::setDiskActivityLight(int, bool)
 *fill*         0x00000000c000f01d        0x1 
 .text          0x00000000c000f01e      0x1b7 core/gdt.32
                0x00000000c000f01e                GDTEntry::setBase(unsigned int)
                0x00000000c000f03a                GDTEntry::setLimit(unsigned int)
                0x00000000c000f058                GDT::GDT()
                0x00000000c000f058                GDT::GDT()
                0x00000000c000f06e                GDT::addEntry(GDTEntry)
                0x00000000c000f0aa                GDT::getNumberOfEntries()
                0x00000000c000f0b2                GDT::flush()
                0x00000000c000f0d4                GDT::setup()
 .text          0x00000000c000f1d5       0x62 core/idle.32
                0x00000000c000f1d5                idleFunction(void*)
 *fill*         0x00000000c000f237        0x1 
 .text          0x00000000c000f238      0x45f core/idt.32
                0x00000000c000f238                IDTEntry::IDTEntry(bool)
                0x00000000c000f238                IDTEntry::IDTEntry(bool)
                0x00000000c000f2a6                IDTEntry::setOffset(unsigned int)
                0x00000000c000f2ba                IDT::IDT()
                0x00000000c000f2ba                IDT::IDT()
                0x00000000c000f2bc                IDT::getPointerToInvalidOpcodeEntryForF00F()
                0x00000000c000f2c4                IDT::addEntry(IDTEntry, int)
                0x00000000c000f2de                IDT::addEntry(int, void (*)(), bool)
                0x00000000c000f316                IDT::flush()
                0x00000000c000f330                IDT::setup()
 .text          0x00000000c000f697      0x203 core/kheap.32
                0x00000000c000f697                sbrk
                0x00000000c000f7a5                mmap
                0x00000000c000f7bb                munmap
                0x00000000c000f7d1                liballoc_lock()
                0x00000000c000f7e2                liballoc_unlock()
                0x00000000c000f7f3                liballoc_alloc(int)
                0x00000000c000f80e                liballoc_free(void*, int)
                0x00000000c000f82c                realloc
                0x00000000c000f840                malloc
                0x00000000c000f850                free
                0x00000000c000f860                rfree
                0x00000000c000f870                calloc
 .text          0x00000000c000f89a      0x480 core/main.32
                0x00000000c000f89a                hwTextMode_loadInData(VgaText*)
                0x00000000c000f8e5                hwTextMode_loadInTitle(VgaText*, char*)
                0x00000000c000f963                hwTextMode_showCursor(VgaText*, bool)
                0x00000000c000f9c1                hwTextMode_update(VgaText*)
                0x00000000c000f9c2                hwTextMode_updateCursor(VgaText*)
                0x00000000c000fa13                hwTextMode_disableBlink(VgaText*, bool)
                0x00000000c000fa59                hwTextMode_scrollScreen(VgaText*)
                0x00000000c000fb06                hwTextMode_writeCharacter(VgaText*, char, VgaColour, VgaColour, int, int)
                0x00000000c000fb88                setupTextMode()
                0x00000000c000fbf8                kernel_main
 .text          0x00000000c000fd1a      0x56a core/physmgr.32
                0x00000000c000fd1a                Phys::allocateDMA(unsigned long)
                0x00000000c000fdbd                Phys::freeDMA(unsigned long, unsigned long)
                0x00000000c000fe05                Phys::setPageState(unsigned long, bool)
                0x00000000c000fe37                Phys::getPageState(unsigned long)
                0x00000000c000fe53                Phys::freePage(unsigned long)
                0x00000000c000fedd                Phys::allocatePage()
                0x00000000c000ffc2                Phys::allocateContiguousPages(int)
                0x00000000c001001c                Phys::allowSegmentToBeUsed(unsigned long, unsigned long)
                0x00000000c0010054                Phys::physicalMemorySetup(unsigned int)
 .text          0x00000000c0010284      0x273 core/pipe.32
                0x00000000c0010284                Pipe::isAtty()
                0x00000000c0010288                Pipe::~Pipe()
                0x00000000c0010288                Pipe::~Pipe()
                0x00000000c00102ac                Pipe::~Pipe()
                0x00000000c00102d4                Pipe::read(unsigned long long, void*, int*)
                0x00000000c00103c8                Pipe::write(unsigned long long, void*, int*)
                0x00000000c0010490                Pipe::Pipe(int)
                0x00000000c0010490                Pipe::Pipe(int)
 *fill*         0x00000000c00104f7        0x1 
 .text          0x00000000c00104f8      0xf73 core/terminal.32
                0x00000000c00104f8                VgaText::isAtty()
                0x00000000c00104fc                VgaText::~VgaText()
                0x00000000c00104fc                VgaText::~VgaText()
                0x00000000c0010520                VgaText::~VgaText()
                0x00000000c001054a                VgaText::read(unsigned long long, void*, int*)
                0x00000000c001056a                setTerminalScrollLock(bool)
                0x00000000c001056b                addToTerminalCycle(VgaText*)
                0x00000000c0010598                installVgaTextImplementation()
                0x00000000c00105ad                scrollTerminalScrollLock(int)
                0x00000000c00105ae                VgaText::load()
                0x00000000c0010602                VgaText::updateCursor()
                0x00000000c001061c                VgaText::showCursor(bool)
                0x00000000c001062c                VgaText::disableBlink(bool)
                0x00000000c0010666                VgaText::doANSI_SGR(int)
                0x00000000c00106f2                VgaText::setDefaultBgColour(VgaColour)
                0x00000000c0010708                VgaText::setDefaultFgColour(VgaColour)
                0x00000000c001071e                VgaText::setDefaultColours(VgaColour, VgaColour)
                0x00000000c001073e                VgaText::combineColours(unsigned char, unsigned char)
                0x00000000c0010750                VgaText::scrollScreen()
                0x00000000c00107e4                VgaText::combineCharAndColour(char, unsigned char)
                0x00000000c00107f6                VgaText::writeCharacter(char, VgaColour, VgaColour, int, int)
                0x00000000c0010856                VgaText::getCursorX()
                0x00000000c0010862                VgaText::getCursorY()
                0x00000000c001086e                VgaText::setCursor(int, int)
                0x00000000c001088c                VgaText::setCursorX(int)
                0x00000000c00108a8                VgaText::setCursorY(int)
                0x00000000c00108c4                VgaText::incrementCursor(bool)
                0x00000000c001092c                VgaText::updateRAMUsageDisplay(int)
                0x00000000c0010990                VgaText::updateDiskUsage()
                0x00000000c0010afa                VgaText::updateTitle()
                0x00000000c0010b40                VgaText::setTitleTextColour(VgaColour)
                0x00000000c0010b50                VgaText::setTitleColour(VgaColour)
                0x00000000c0010b60                VgaText::setTitle(char*)
                0x00000000c0010b86                VgaText::decrementCursor(bool)
                0x00000000c0010bae                VgaText::putchar(char, VgaColour, VgaColour)
                0x00000000c0010caa                VgaText::isShowingCursor()
                0x00000000c0010cb6                VgaText::isBlinkDisabled()
                0x00000000c0010cc4                VgaText::setCursorHeight(int)
                0x00000000c0010ce2                VgaText::getCursorHeight()
                0x00000000c0010ced                setActiveTerminal(VgaText*)
                0x00000000c0010d9f                doTerminalCycle()
                0x00000000c0010dbc                VgaText::doUpdate()
                0x00000000c0010dce                VgaText::puts(char const*, VgaColour, VgaColour)
                0x00000000c0010f8e                VgaText::clearScreen()
                0x00000000c0010ff2                VgaText::putchar(char)
                0x00000000c001110c                VgaText::puts(char const*)
                0x00000000c0011132                VgaText::putx(unsigned int)
                0x00000000c0011178                VgaText::VgaText(char const*)
                0x00000000c0011178                VgaText::VgaText(char const*)
                0x00000000c001130a                VgaText::receiveKey(unsigned char)
                0x00000000c00113f2                VgaText::write(unsigned long long, void*, int*)
                0x00000000c0011446                newTerminal(char*)
 *fill*         0x00000000c001146b        0x1 
 .text          0x00000000c001146c      0x1b3 core/tss.32
                0x00000000c001146c                TSS::TSS()
                0x00000000c001146c                TSS::TSS()
                0x00000000c001147a                TSS::setESP(unsigned long)
                0x00000000c001148c                TSS::flush()
                0x00000000c00114ac                TSS::setup(unsigned long, unsigned long)
 *fill*         0x00000000c001161f        0x1 
 .text          0x00000000c0011620      0x4c2 core/unixfile.32
                0x00000000c0011620                ReservedFilename::read(unsigned long long, void*, int*)
                0x00000000c0011676                ReservedFilename::isAtty()
                0x00000000c0011692                ReservedFilename::write(unsigned long long, void*, int*)
                0x00000000c00116f0                UnixFile::getFileDescriptor()
                0x00000000c00116f8                UnixFile::UnixFile(int)
                0x00000000c00116f8                UnixFile::UnixFile(int)
                0x00000000c00118a8                ReservedFilename::ReservedFilename(int)
                0x00000000c00118a8                ReservedFilename::ReservedFilename(int)
                0x00000000c00118da                UnixFile::~UnixFile()
                0x00000000c00118da                UnixFile::~UnixFile()
                0x00000000c0011972                UnixFile::~UnixFile()
                0x00000000c001199a                ReservedFilename::~ReservedFilename()
                0x00000000c001199a                ReservedFilename::~ReservedFilename()
                0x00000000c00119be                ReservedFilename::~ReservedFilename()
                0x00000000c00119e5                getFromFileDescriptor(int)
 .text          0x00000000c0011ae2     0x124a core/virtmgr.32
                0x00000000c0011ae2                Virt::swappingSetup()
                0x00000000c0011c68                Virt::setPageState(unsigned long, Virt::VirtPageState)
                0x00000000c0011c9d                Virt::getPageState(unsigned long)
                0x00000000c0011cc1                Virt::allocateKernelVirtualPages(int)
                0x00000000c0011dd2                Virt::freeSwapfilePage(unsigned long)
                0x00000000c0011df0                Virt::swapIDToSector(unsigned long)
                0x00000000c0011e02                Virt::allocateSwapfilePage()
                0x00000000c0011e80                Virt::virtualMemorySetup()
                0x00000000c0011eff                Virt::getAKernelVAS()
                0x00000000c0011f06                VAS::VAS()
                0x00000000c0011f06                VAS::VAS()
                0x00000000c0011f42                VAS::VAS(VAS*)
                0x00000000c0011f42                VAS::VAS(VAS*)
                0x00000000c0011f70                VAS::getForeignPageTableEntry(bool, unsigned long)
                0x00000000c0011f9c                VAS::getPageTableEntry(unsigned long)
                0x00000000c0011fbb                Virt::freeKernelVirtualPages(unsigned long)
                0x00000000c00120de                VAS::freeAllocatedPages(unsigned long)
                0x00000000c0012102                VAS::virtualToPhysical(unsigned long)
                0x00000000c001211a                VAS::reflagRange(unsigned long, int, int, int)
                0x00000000c001215a                VAS::setToWriteCombining(unsigned long, int)
                0x00000000c001218c                VAS::mapOtherVASIn(bool, VAS*)
                0x00000000c00121b6                VAS::~VAS()
                0x00000000c00121b6                VAS::~VAS()
                0x00000000c0012322                VAS::mapPage(unsigned long, unsigned long, int)
                0x00000000c0012422                VAS::allocatePages(int, int)
                0x00000000c00125fa                VAS::setCPUSpecific(unsigned long)
                0x00000000c0012616                VAS::mapRange(unsigned long, unsigned long, int, int)
                0x00000000c00126dc                VAS::mapForeignPage(bool, VAS*, unsigned long, unsigned long, int)
                0x00000000c00127ca                VAS::VAS(bool)
                0x00000000c00127ca                VAS::VAS(bool)
                0x00000000c0012a30                VAS::evict(unsigned long)
                0x00000000c0012ab8                VAS::tryLoadBackOffDisk(unsigned long)
                0x00000000c0012b8e                VAS::scanForEviction()
                0x00000000c0012c70                mapVASFirstTime
 .text          0x00000000c0012d2c       0x95 coreobjs/c++.32
                0x00000000c0012d2c                __cxa_atexit
                0x00000000c0012d2f                __cxa_finalize
                0x00000000c0012d30                __stack_chk_fail
                0x00000000c0012d9c                __cxa_pure_virtual
                0x00000000c0012dad                operator new[](unsigned long)
                0x00000000c0012db2                operator delete(void*, unsigned long)
                0x00000000c0012db7                operator delete[](void*)
                0x00000000c0012dbc                operator delete[](void*, unsigned long)
 .text          0x00000000c0012dc1      0x1ef dbg/kconsole.32
                0x00000000c0012dc1                Dbg::stringifyxWithBase(unsigned int, char*, int)
                0x00000000c0012e22                Dbg::logc(char)
                0x00000000c0012e39                Dbg::logs(char*)
                0x00000000c0012e56                Dbg::logWriteInt(unsigned int)
                0x00000000c0012e73                Dbg::logWriteIntBase(unsigned int, int)
                0x00000000c0012e92                Dbg::kprintf(char const*, ...)
 .text          0x00000000c0012fb0      0xb7c fs/vfs.32
                0x00000000c0012fb0                File::read(unsigned long long, void*, int*)
                0x00000000c0013008                File::write(unsigned long long, void*, int*)
                0x00000000c0013060                Directory::read(unsigned long long, void*, int*)
                0x00000000c00130b8                Directory::write(unsigned long long, void*, int*)
                0x00000000c00130e6                File::isAtty()
                0x00000000c00130ea                Directory::isAtty()
                0x00000000c00130ee                Filesystem::getlabel(LogicalDisk*, int, char*, unsigned int*)
                0x00000000c00130f4                Filesystem::setlabel(LogicalDisk*, int, char*)
                0x00000000c00130fa                File::~File()
                0x00000000c00130fa                File::~File()
                0x00000000c001311e                File::~File()
                0x00000000c0013148                Directory::~Directory()
                0x00000000c0013148                Directory::~Directory()
                0x00000000c001316c                Directory::~Directory()
                0x00000000c0013196                Filesystem::Filesystem()
                0x00000000c0013196                Filesystem::Filesystem()
                0x00000000c00131ba                Filesystem::~Filesystem()
                0x00000000c00131ba                Filesystem::~Filesystem()
                0x00000000c00131c8                Filesystem::~Filesystem()
                0x00000000c00131ec                Fs::getcwd(Process*, char*, int)
                0x00000000c0013216                Fs::initVFS()
                0x00000000c0013240                Fs::standardiseFiles(char*, char const*, char const*)
                0x00000000c00133ea                File::File(char const*, Process*)
                0x00000000c00133ea                File::File(char const*, Process*)
                0x00000000c001344e                File::open(FileOpenMode)
                0x00000000c00134ac                File::close()
                0x00000000c001350c                File::seek(unsigned long long)
                0x00000000c0013562                File::tell(unsigned long long*)
                0x00000000c00135b2                File::rewind()
                0x00000000c00135c6                File::unlink()
                0x00000000c0013612                File::rename(char const*)
                0x00000000c0013660                File::chfatattr(unsigned char, unsigned char)
                0x00000000c00136bc                File::exists()
                0x00000000c00136fa                File::stat(unsigned long long*, bool*)
                0x00000000c001375b                Fs::setcwd(Process*, char*)
                0x00000000c0013896                Directory::Directory(char const*, Process*)
                0x00000000c0013896                Directory::Directory(char const*, Process*)
                0x00000000c00138fa                Directory::open()
                0x00000000c0013956                Directory::close()
                0x00000000c00139b6                Directory::unlink()
                0x00000000c0013a02                Directory::rename(char const*)
                0x00000000c0013a50                Directory::exists()
                0x00000000c0013a8e                Directory::read(dirent*)
                0x00000000c0013ada                Directory::create()
                0x00000000c0013b26                Filesystem::chfatattr(char const*, unsigned char, unsigned char)
 .text          0x00000000c0013b2c       0x84 hal/bus.32
                0x00000000c0013b2c                Bus::Bus(char const*)
                0x00000000c0013b2c                Bus::Bus(char const*)
                0x00000000c0013b62                Bus::~Bus()
                0x00000000c0013b62                Bus::~Bus()
                0x00000000c0013b86                Bus::~Bus()
 .text          0x00000000c0013bb0      0x14e hal/buzzer.32
                0x00000000c0013bb0                Buzzer::Buzzer(char const*)
                0x00000000c0013bb0                Buzzer::Buzzer(char const*)
                0x00000000c0013bf4                Buzzer::~Buzzer()
                0x00000000c0013bf4                Buzzer::~Buzzer()
                0x00000000c0013c18                Buzzer::~Buzzer()
                0x00000000c0013c42                Buzzer::stop()
                0x00000000c0013c55                beepThread(void*)
                0x00000000c0013c90                Buzzer::beep(int, int, bool)
 .text          0x00000000c0013cfe      0x467 hal/clock.32
                0x00000000c0013cfe                User::loadClockSettings(int)
                0x00000000c0013d50                Clock::Clock(char const*)
                0x00000000c0013d50                Clock::Clock(char const*)
                0x00000000c0013d86                Clock::~Clock()
                0x00000000c0013d86                Clock::~Clock()
                0x00000000c0013daa                Clock::~Clock()
                0x00000000c0013dd4                Clock::timeInSecondsLocal()
                0x00000000c0013e1c                Clock::setTimeInSecondsLocal(unsigned long long)
                0x00000000c0013e75                datetimeToSeconds(datetime_t)
                0x00000000c0013f9c                Clock::setTimeInDatetimeLocal(datetime_t)
                0x00000000c0013ffc                secondsToDatetime(unsigned long long)
                0x00000000c0014140                Clock::timeInDatetimeLocal()
 *fill*         0x00000000c0014165        0x1 
 .text          0x00000000c0014166      0x4de hal/device.32
                0x00000000c0014166                Device::hibernate()
                0x00000000c0014168                Device::wake()
                0x00000000c001416a                Device::detect()
                0x00000000c001416c                Device::disableLegacy()
                0x00000000c001416e                Device::powerSaving(PowerSavingLevel)
                0x00000000c0014170                DriverlessDevice::close(int, int, void*)
                0x00000000c0014174                DriverlessDevice::detect()
                0x00000000c0014176                DriverlessDevice::open(int, int, void*)
                0x00000000c001418a                Device::~Device()
                0x00000000c001418a                Device::~Device()
                0x00000000c0014198                Device::~Device()
                0x00000000c00141c0                Device::findAndLoadDriver()
                0x00000000c00141c2                Device::preOpenPCI(PCIDeviceInfo)
                0x00000000c00141e8                Device::preOpenACPI(void*, char*, char*)
                0x00000000c001423c                Device::addIRQHandler(int, void (*)(regs*, void*), bool, void*)
                0x00000000c001427a                Device::removeIRQHandler(int, void (*)(regs*, void*), bool)
                0x00000000c00142b8                Device::addChild(Device*)
                0x00000000c00142fc                Device::removeAllChildren()
                0x00000000c0014342                Device::hibernateAll()
                0x00000000c0014372                Device::wakeAll()
                0x00000000c00143a2                Device::detectAll()
                0x00000000c00143d2                Device::disableLegacyAll()
                0x00000000c0014402                Device::loadDriversForAll()
                0x00000000c001442e                Device::closeAll()
                0x00000000c0014464                Device::powerSavingAll(PowerSavingLevel)
                0x00000000c001449a                Device::setName(char const*)
                0x00000000c00144a8                Device::Device(char const*)
                0x00000000c00144a8                Device::Device(char const*)
                0x00000000c00145a4                Device::getName()
                0x00000000c00145ae                DriverlessDevice::DriverlessDevice(char const*)
                0x00000000c00145ae                DriverlessDevice::DriverlessDevice(char const*)
                0x00000000c00145d6                Device::addToLinkedList(LinkedList<Device>&, DeviceType)
                0x00000000c001461a                getDevicesOfType(DeviceType)
 .text          0x00000000c0014644       0x84 hal/diskctrl.32
                0x00000000c0014644                HardDiskController::HardDiskController(char const*)
                0x00000000c0014644                HardDiskController::HardDiskController(char const*)
                0x00000000c001467a                HardDiskController::~HardDiskController()
                0x00000000c001467a                HardDiskController::~HardDiskController()
                0x00000000c001469e                HardDiskController::~HardDiskController()
 .text          0x00000000c00146c8       0xf2 hal/diskphys.32
                0x00000000c00146c8                PhysicalDisk::eject()
                0x00000000c00146dc                PhysicalDisk::PhysicalDisk(char const*, int)
                0x00000000c00146dc                PhysicalDisk::PhysicalDisk(char const*, int)
                0x00000000c0014744                PhysicalDisk::startCache()
                0x00000000c001476c                PhysicalDisk::~PhysicalDisk()
                0x00000000c001476c                PhysicalDisk::~PhysicalDisk()
                0x00000000c0014790                PhysicalDisk::~PhysicalDisk()
 .text          0x00000000c00147ba      0x13b hal/fpu.32
                0x00000000c00147ba                FPU::FPU(char const*)
                0x00000000c00147ba                FPU::FPU(char const*)
                0x00000000c00147f0                FPU::~FPU()
                0x00000000c00147f0                FPU::~FPU()
                0x00000000c0014814                FPU::~FPU()
                0x00000000c001483e                setupFPU()
 *fill*         0x00000000c00148f5        0x1 
 .text          0x00000000c00148f6     0x13dd hal/intctrl.32
                0x00000000c00148f6                InterruptController::uninstallISRHandler(int, void (*)(regs*, void*))
                0x00000000c001492e                InterruptController::installISRHandler(int, void (*)(regs*, void*), void*)
                0x00000000c0014980                doubleFault(regs*, void*)
                0x00000000c001499a                InterruptController::installIRQHandler(int, void (*)(regs*, void*), bool, void*)
                0x00000000c0014a36                InterruptController::clearAllHandlers(int, bool)
                0x00000000c0014ade                InterruptController::uninstallIRQHandler(int, void (*)(regs*, void*), bool)
                0x00000000c0014b65                nmiHandler(regs*, void*)
                0x00000000c0014b73                int_handler
                0x00000000c0014c14                InterruptController::InterruptController(char const*)
                0x00000000c0014c14                InterruptController::InterruptController(char const*)
                0x00000000c0014cba                InterruptController::~InterruptController()
                0x00000000c0014cba                InterruptController::~InterruptController()
                0x00000000c0014cde                InterruptController::~InterruptController()
                0x00000000c0014d08                displayDebugInfo(regs*)
                0x00000000c0015197                x87EmulHandler(regs*, void*)
                0x00000000c00151c6                gpFault(regs*, void*)
                0x00000000c00151ff                pgFault(regs*, void*)
                0x00000000c001523b                otherISRHandler(regs*, void*)
                0x00000000c001525a                opcodeFault(regs*, void*)
                0x00000000c0015860                displayProgramFault(char const*)
                0x00000000c0015888                setupInterruptController()
                0x00000000c0015c86                InterruptController::convertLegacyIRQNumber(int)
 *fill*         0x00000000c0015cd3        0x1 
 .text          0x00000000c0015cd4      0x6c8 hal/keybrd.32
                0x00000000c0015cd4                startGUI(void*)
                0x00000000c0015d30                startGUIVESA(void*)
                0x00000000c0015d8c                sendKeyToTerminal(unsigned char)
                0x00000000c0015df8                sendKeyboardToken(KeyboardToken)
                0x00000000c0016235                clearInternalKeybuffer(VgaText*)
                0x00000000c001626a                readKeyboard(VgaText*, char*, unsigned long)
                0x00000000c0016312                Keyboard::Keyboard(char const*)
                0x00000000c0016312                Keyboard::Keyboard(char const*)
                0x00000000c001634e                Keyboard::~Keyboard()
                0x00000000c001634e                Keyboard::~Keyboard()
                0x00000000c0016372                Keyboard::~Keyboard()
 .text          0x00000000c001639c      0x414 hal/logidisk.32
                0x00000000c001639c                LogicalDisk::close(int, int, void*)
                0x00000000c00163a0                LogicalDisk::~LogicalDisk()
                0x00000000c00163a0                LogicalDisk::~LogicalDisk()
                0x00000000c00163c4                LogicalDisk::~LogicalDisk()
                0x00000000c00163ee                LogicalDisk::open(int, int, void*)
                0x00000000c0016402                LogicalDisk::absoluteToRelative(unsigned long long)
                0x00000000c001643a                LogicalDisk::relativeToAbsolute(unsigned long long)
                0x00000000c0016480                LogicalDisk::LogicalDisk(char const*, PhysicalDisk*, unsigned long long, unsigned long long)
                0x00000000c0016480                LogicalDisk::LogicalDisk(char const*, PhysicalDisk*, unsigned long long, unsigned long long)
                0x00000000c0016536                LogicalDisk::assignDriveLetter()
                0x00000000c00165ec                LogicalDisk::mount()
                0x00000000c001665e                LogicalDisk::unmount()
                0x00000000c001666e                LogicalDisk::eject()
                0x00000000c0016682                LogicalDisk::unassignDriveLetter()
                0x00000000c00166d8                LogicalDisk::read(unsigned long long, int, void*)
                0x00000000c0016744                LogicalDisk::write(unsigned long long, int, void*)
 .text          0x00000000c00167b0       0x84 hal/mouse.32
                0x00000000c00167b0                Mouse::Mouse(char const*)
                0x00000000c00167b0                Mouse::Mouse(char const*)
                0x00000000c00167e6                Mouse::~Mouse()
                0x00000000c00167e6                Mouse::~Mouse()
                0x00000000c001680a                Mouse::~Mouse()
 .text          0x00000000c0016834      0x34d hal/partition.32
                0x00000000c0016834                makePartition(PhysicalDisk*, unsigned long long, unsigned long long)
                0x00000000c00168f0                createPartitionsForDisk(PhysicalDisk*)
 *fill*         0x00000000c0016b81        0x1 
 .text          0x00000000c0016b82       0x84 hal/serial.32
                0x00000000c0016b82                Serial::Serial(char const*)
                0x00000000c0016b82                Serial::Serial(char const*)
                0x00000000c0016bb8                Serial::~Serial()
                0x00000000c0016bb8                Serial::~Serial()
                0x00000000c0016bdc                Serial::~Serial()
 .text          0x00000000c0016c06      0x2b8 hal/timer.32
                0x00000000c0016c06                Timer::Timer(char const*)
                0x00000000c0016c06                Timer::Timer(char const*)
                0x00000000c0016c3c                Timer::~Timer()
                0x00000000c0016c3c                Timer::~Timer()
                0x00000000c0016c60                Timer::~Timer()
                0x00000000c0016c8a                Timer::read()
                0x00000000c0016c95                timerHandler(unsigned long long)
                0x00000000c0016dcc                setupTimer(int)
 .text          0x00000000c0016ebe      0x425 hal/vcache.32
                0x00000000c0016ebe                VCache::VCache(PhysicalDisk*)
                0x00000000c0016ebe                VCache::VCache(PhysicalDisk*)
                0x00000000c0017026                VCache::invalidateReadBuffer()
                0x00000000c0017036                VCache::writeWriteBuffer()
                0x00000000c0017072                VCache::~VCache()
                0x00000000c0017072                VCache::~VCache()
                0x00000000c00170c6                VCache::~VCache()
                0x00000000c00170ee                VCache::write(unsigned long long, int, void*)
                0x00000000c00171e4                VCache::read(unsigned long long, int, void*)
 *fill*         0x00000000c00172e3        0x1 
 .text          0x00000000c00172e4      0x4cd hal/video.32
                0x00000000c00172e4                Video::putrect(int, int, int, int, unsigned int)
                0x00000000c0017330                Video::bitblit(int, int, int, int, int, int, int, unsigned int*)
                0x00000000c00173a0                Video::blit(unsigned int*, int, int, int, int)
                0x00000000c001741e                Video::clearScreen(unsigned int)
                0x00000000c0017452                Video::putpixel(int, int, unsigned int)
                0x00000000c0017460                Video::Video(char const*)
                0x00000000c0017460                Video::Video(char const*)
                0x00000000c0017496                Video::~Video()
                0x00000000c0017496                Video::~Video()
                0x00000000c00174ba                Video::~Video()
                0x00000000c00174e4                Video::isMonochrome()
                0x00000000c00174f0                Video::getWidth()
                0x00000000c00174fc                Video::getHeight()
                0x00000000c0017508                Video::drawCursor(int, int, unsigned char*, int)
                0x00000000c00175c4                Video::tgaParse(unsigned char*, int, int*, int*)
                0x00000000c0017746                Video::putTGA(int, int, unsigned char*, int)
 *fill*         0x00000000c00177b1        0x1 
 .text          0x00000000c00177b2      0xf68 hw/acpi.32
                0x00000000c00177b2                ACPI::close(int, int, void*)
                0x00000000c0017867                findRSDP()
                0x00000000c00178f1                loadACPITables(unsigned char*)
                0x00000000c0017b18                findRSDT(unsigned char*)
                0x00000000c0017c36                findDataTable(unsigned char*, char*)
                0x00000000c0017cd2                scanMADT()
                0x00000000c0018158                ACPI::ACPI()
                0x00000000c0018158                ACPI::ACPI()
                0x00000000c00181c2                ACPI::getPCIIRQAssignment(unsigned char, unsigned short, unsigned char)
                0x00000000c00182a4                ACPI::registerPCIIRQAssignment(void*, unsigned short, unsigned char, unsigned char)
                0x00000000c001836a                ACPI::setScreenBrightnessLevel(void*, int)
                0x00000000c0018370                ACPI::writeSimpleBootFlag(SimpleBootFlagTable*)
                0x00000000c00183b8                ACPI::open(int, int, void*)
                0x00000000c0018702                ACPI::sleep()
 .text          0x00000000c001871a     0x1715 hw/cpu.32
                0x00000000c001871a                CPU::close(int, int, void*)
                0x00000000c001871e                CPU::lookupAMDName(unsigned char, unsigned char)
                0x00000000c00188b2                CPU::lookupIntelName(unsigned char, unsigned char)
                0x00000000c0018b60                CPU::AMD_K6_write_msr(unsigned int, unsigned int, unsigned int, CPU::REGS*)
                0x00000000c0018b7c                CPU::AMD_K6_read_msr(unsigned int, CPU::REGS*)
                0x00000000c0018b94                CPU::AMD_K6_writeback(int, int, int)
                0x00000000c0018c08                CPU::cpuid(int, unsigned long*, unsigned long*, unsigned long*, unsigned long*)
                0x00000000c0018c8c                CPU::cpuidCheckEDX(unsigned int)
                0x00000000c0018cba                CPU::cpuidCheckECX(unsigned int)
                0x00000000c0018ce8                CPU::cpuidCheckExtendedEBX(unsigned int)
                0x00000000c0018d16                CPU::cpuidCheckExtendedECX(unsigned int)
                0x00000000c0018d44                CPU::CPU()
                0x00000000c0018d44                CPU::CPU()
                0x00000000c0018dd2                CPU::displayFeatures()
                0x00000000c001904e                CPU::detectFeatures()
                0x00000000c0019a3e                CPU::setupSMEP()
                0x00000000c0019a4a                CPU::setupUMIP()
                0x00000000c0019a54                CPU::setupTSC()
                0x00000000c0019a5e                CPU::setupLargePages()
                0x00000000c0019a68                CPU::setupPAT()
                0x00000000c0019aa4                CPU::setupMTRR()
                0x00000000c0019aa6                CPU::setupGlobalPages()
                0x00000000c0019ab0                CPU::allowUsermodeDataAccess()
                0x00000000c0019ac2                CPU::prohibitUsermodeDataAccess()
                0x00000000c0019ad4                CPU::setupSMAP()
                0x00000000c0019ae2                CPU::setupFeatures()
                0x00000000c0019b62                CPU::open(int, int, void*)
                0x00000000c0019c34                CPU::decodeAddress(regs*, int*, bool*, unsigned char*)
 .text          0x00000000c0019e2f        0x0 hw/ports.32
 .text          0x00000000c0019e2f      0x16a hw/smp.32
                0x00000000c0019e2f                Krnl::smpEntry()
                0x00000000c0019e31                Krnl::startCPU(int)
                0x00000000c0019f7a                Krnl::startCPUs()
 *fill*         0x00000000c0019f99        0x1 
 .text          0x00000000c0019f9a      0x5d3 krnl/env.32
                0x00000000c0019f9a                EnvVarContainer::getEnv(char const*)
                0x00000000c0019fd8                EnvVarContainer::setEnv(char const*, char const*)
                0x00000000c001a0a4                EnvVarContainer::deleteEnv(char const*)
                0x00000000c001a0a6                EnvVarContainer::loadFrom(char const*, char const*)
                0x00000000c001a29c                EnvVarContainer::__loadSystem()
                0x00000000c001a2b6                EnvVarContainer::__loadUser()
                0x00000000c001a2b8                EnvVarContainer::EnvVarContainer(Process*)
                0x00000000c001a2b8                EnvVarContainer::EnvVarContainer(Process*)
                0x00000000c001a2da                EnvVarContainer::~EnvVarContainer()
                0x00000000c001a2da                EnvVarContainer::~EnvVarContainer()
                0x00000000c001a30a                Krnl::getEnv(Process*, char const*)
                0x00000000c001a36f                Krnl::setEnvSystem(char const*, char const*)
                0x00000000c001a389                Krnl::setEnvUser(char const*, char const*)
                0x00000000c001a3a8                Krnl::setEnvProcess(Process*, char const*, char const*)
                0x00000000c001a3bb                Krnl::deleteEnvSystem(char const*)
                0x00000000c001a3bc                Krnl::deleteEnvUser(char const*)
                0x00000000c001a3bd                Krnl::deleteEnvProcess(Process*, char const*)
                0x00000000c001a3be                Krnl::newProcessEnv(Process*)
                0x00000000c001a3e0                Krnl::copyProcessEnv(Process*, Process*)
                0x00000000c001a434                Krnl::loadSystemEnv()
                0x00000000c001a462                Krnl::loadUserEnv()
                0x00000000c001a488                Krnl::flushEnv()
                0x00000000c001a489                Krnl::getProcessTotalEnvCount(Process*)
                0x00000000c001a4a9                Krnl::getProcessEnvPair(Process*, int)
 .text          0x00000000c001a56d      0x396 krnl/panic.32
                0x00000000c001a56d                Krnl::panic(char const*)
 .text          0x00000000c001a903      0x3b6 net/ethernet.32
                0x00000000c001a903                Net::switchEndian16(unsigned short)
                0x00000000c001a924                Net::switchEndian32(unsigned int)
                0x00000000c001a953                Net::crc32Calc(unsigned char*, int)
                0x00000000c001a9e4                Net::wrapEthernetFrame(Net::UnwrappedEthernetFrame, unsigned char*)
                0x00000000c001ab20                Net::unwrapEthernetFrame(unsigned char*, int)
 .text          0x00000000c001acb9      0x513 reg/registry.32
                0x00000000c001acb9                Reg::findLineFromLoadedData(char*, char*, char*)
                0x00000000c001ae11                Reg::getLineFromRegistry(char*, char*, char*, char*)
                0x00000000c001af66                Reg::getLine(char*, char*, char*)
                0x00000000c001af9d                Reg::readInt(char*, char*, int*)
                0x00000000c001b088                Reg::readString(char*, char*, char*, int)
                0x00000000c001b109                Reg::readBool(char*, char*, bool*)
                0x00000000c001b12e                Reg::readBoolWithDefault(char*, char*, bool)
                0x00000000c001b15a                Reg::readIntWithDefault(char*, char*, int)
                0x00000000c001b186                Reg::readStringWithDefault(char*, char*, char*, int, char*)
 .text          0x00000000c001b1cc       0x36 sys/sc_eject.32
                0x00000000c001b1cc                Sys::eject(regs*)
 .text          0x00000000c001b202       0x18 sys/sc_exit.32
                0x00000000c001b202                Sys::exit(regs*)
 .text          0x00000000c001b21a       0x1f sys/sc_getcwd.32
                0x00000000c001b21a                Sys::getCwd(regs*)
 .text          0x00000000c001b239        0xc sys/sc_getpid.32
                0x00000000c001b239                Sys::getPID(regs*)
 .text          0x00000000c001b245       0x17 sys/sc_getramdata.32
                0x00000000c001b245                Sys::getRAMData(regs*)
 .text          0x00000000c001b25c       0xa8 sys/sc_loaddll.32
                0x00000000c001b25c                Sys::loadDLL(regs*)
 .text          0x00000000c001b304       0x68 sys/sc_read.32
                0x00000000c001b304                Sys::read(regs*)
 .text          0x00000000c001b36c       0x55 sys/sc_sbrk.32
                0x00000000c001b36c                Sys::sbrk(regs*)
 .text          0x00000000c001b3c1       0x1c sys/sc_setcwd.32
                0x00000000c001b3c1                Sys::setCwd(regs*)
 .text          0x00000000c001b3dd      0x128 sys/sc_settime.32
                0x00000000c001b3dd                Sys::setTime(regs*)
 .text          0x00000000c001b505       0x4a sys/sc_timezone.32
                0x00000000c001b505                Sys::timezone(regs*)
 .text          0x00000000c001b54f       0x68 sys/sc_write.32
                0x00000000c001b54f                Sys::write(regs*)
 .text          0x00000000c001b5b7       0x62 sys/sc_wsbe.32
                0x00000000c001b5b7                Sys::wsbe(regs*)
 .text          0x00000000c001b619       0x3b sys/sc_yield.32
                0x00000000c001b619                Sys::yield(regs*)
 .text          0x00000000c001b654     0x10e5 sys/syscalls.32
                0x00000000c001b654                sysCallSeekDir(regs*)
                0x00000000c001b659                sysCallTellDir(regs*)
                0x00000000c001b65e                sysCallVerify(regs*)
                0x00000000c001b668                sysFormatDisk(regs*)
                0x00000000c001b6d2                sysSetDiskVolumeLabel(regs*)
                0x00000000c001b718                sysGetDiskVolumeLabel(regs*)
                0x00000000c001b769                sysShutdown(regs*)
                0x00000000c001b7c7                sysCallRealpath(regs*)
                0x00000000c001b80a                sysCallGetArgc(regs*)
                0x00000000c001b838                sysCallReadDir(regs*)
                0x00000000c001b8c6                sysCallIsATTY(regs*)
                0x00000000c001b920                sysCallSeek(regs*)
                0x00000000c001b989                sysCallTell(regs*)
                0x00000000c001ba06                sysCallSize(regs*)
                0x00000000c001ba89                sysCallSizeFromFilename(regs*)
                0x00000000c001bb49                sysCallClose(regs*)
                0x00000000c001bbd1                sysCallOpenDir(regs*)
                0x00000000c001bc46                sysCallCloseDir(regs*)
                0x00000000c001bcac                sysCallMakeDir(regs*)
                0x00000000c001bd1c                sysCallWait(regs*)
                0x00000000c001bd36                sysCallNotImpl(regs*)
                0x00000000c001bd51                sysPanic(regs*)
                0x00000000c001bd77                sysCallRmdir(regs*)
                0x00000000c001bddb                sysCallUnlink(regs*)
                0x00000000c001be3f                sysCallGetArgv(regs*)
                0x00000000c001be8b                sysCallTTYName(regs*)
                0x00000000c001bf0e                sysCallUSleep(regs*)
                0x00000000c001bf35                sysCallSpawn(regs*)
                0x00000000c001bf8d                sysCallGetEnv(regs*)
                0x00000000c001c0c5                sysAppSettings(regs*)
                0x00000000c001c1e4                sysSetFatAttrib(regs*)
                0x00000000c001c256                sysPipe(regs*)
                0x00000000c001c29b                sysGetUnixTime(regs*)
                0x00000000c001c2af                string_ends_with(char const*, char const*)
                0x00000000c001c2f7                sysCallOpen(regs*)
                0x00000000c001c50c                Sys::loadSyscalls()
                0x00000000c001c6f7                Sys::systemCall(regs*, void*)
 .text          0x00000000c001c739     0x11ef thr/elf.32
                0x00000000c001c739                Thr::allocateMemoryForTask(Process*, File*, unsigned long, unsigned long, unsigned long)
                0x00000000c001c9cb                Thr::loadProgramIntoMemory(Process*, char const*)
                0x00000000c001cbe1                Thr::runtimeReferenceHelper()
                0x00000000c001cbf4                Thr::getAddressOfKernelSymbol(char const*)
                0x00000000c001cc43                Thr::loadKernelSymbolTable(char const*)
                0x00000000c001cf01                Thr::loadDriverIntoMemory(char const*, unsigned long, bool)
                0x00000000c001d61d                Thr::getDriverBaseFromAddress(unsigned long)
                0x00000000c001d64f                Thr::getDriverNameFromAddress(unsigned long)
                0x00000000c001d686                Thr::getDriverOffsetFromAddress(unsigned long)
                0x00000000c001d6a0                Thr::loadDLL(char const*, bool)
                0x00000000c001d8ef                Thr::executeDLL(unsigned long, void*)
 .text          0x00000000c001d928     0x105a thr/prcssthr.32
                0x00000000c001d928                changeTSS
                0x00000000c001d958                Process::addArgs(char**)
                0x00000000c001d9b2                Process::Process(char const*, Process*, char**)
                0x00000000c001d9b2                Process::Process(char const*, Process*, char**)
                0x00000000c001db98                Process::Process(bool, char const*, Process*, char**)
                0x00000000c001db98                Process::Process(bool, char const*, Process*, char**)
                0x00000000c001dd4a                disableIRQs()
                0x00000000c001dd52                getIRQNestingLevel()
                0x00000000c001dd58                enableIRQs()
                0x00000000c001dd67                lockScheduler()
                0x00000000c001dd69                unlockScheduler()
                0x00000000c001dd6b                userModeEntryPoint(void*)
                0x00000000c001dd8e                lockStuff()
                0x00000000c001dd9a                taskStartupFunction
                0x00000000c001dda3                updateTimeUsed()
                0x00000000c001de08                switchToThread(ThreadControlBlock*)
                0x00000000c001de58                Semaphore::Semaphore(int)
                0x00000000c001de58                Semaphore::Semaphore(int)
                0x00000000c001de86                Mutex::Mutex()
                0x00000000c001de86                Mutex::Mutex()
                0x00000000c001de98                Process::createThread(void (*)(void*), void*, int)
                0x00000000c001df7c                Process::createUserThread()
                0x00000000c001df98                setupMultitasking(void (*)())
                0x00000000c001e0a2                schedule()
                0x00000000c001e127                unlockStuff()
                0x00000000c001e15c                Semaphore::tryAcquire()
                0x00000000c001e18a                Semaphore::assertLocked(char const*)
                0x00000000c001e1ba                blockTaskWithSchedulerLockAlreadyHeld(TaskState)
                0x00000000c001e1fc                blockTask(TaskState)
                0x00000000c001e21d                waitTask(int, int*, int)
                0x00000000c001e25f                nanoSleepUntil(unsigned long long)
                0x00000000c001e2b6                nanoSleep(unsigned long long)
                0x00000000c001e2cb                sleep(unsigned long long)
                0x00000000c001e2e8                Semaphore::acquire()
                0x00000000c001e350                taskReturned
                0x00000000c001e37e                unblockTask(ThreadControlBlock*)
                0x00000000c001e42d                cleanupTerminatedTask(ThreadControlBlock*)
                0x00000000c001e6f7                cleanerTaskFunction(void*)
                0x00000000c001e7aa                terminateTask(int)
                0x00000000c001e88a                Thr::terminateFromIRQ(int)
                0x00000000c001e896                Semaphore::release()
 .text          0x00000000c001e982      0xc26 vm86/vm8086.32
                0x00000000c001e982                Vm::inbv(unsigned short)
                0x00000000c001e995                Vm::outbv(unsigned short, unsigned char)
                0x00000000c001e9e8                Vm::realToLinear(unsigned short, unsigned short)
                0x00000000c001e9f8                Vm::getSegment(unsigned int)
                0x00000000c001ea00                Vm::getOffset(unsigned int)
                0x00000000c001ea05                Vm::mainloop2()
                0x00000000c001ea40                Vm::mainVm8086Loop(void*)
                0x00000000c001ea4d                Vm::mainloop3(unsigned long)
                0x00000000c001ea77                Vm::initialise8086()
                0x00000000c001eaba                Vm::finish8086()
                0x00000000c001eaff                Vm::getOutput8086(unsigned char*)
                0x00000000c001eb29                Vm::start8086(char const*, unsigned short, unsigned short, unsigned short, unsigned short)
                0x00000000c001ec79                Vm::doISR(regs*, int, unsigned char*, unsigned short, unsigned short)
                0x00000000c001ed03                Vm::readByteFromReal(unsigned short, unsigned short)
                0x00000000c001ed14                Vm::readWordFromReal(unsigned short, unsigned short)
                0x00000000c001ed26                Vm::readDwordFromReal(unsigned short, unsigned short)
                0x00000000c001ed37                Vm::writeByteFromReal(unsigned short, unsigned short, unsigned char)
                0x00000000c001ed4c                Vm::writeWordFromReal(unsigned short, unsigned short, unsigned short)
                0x00000000c001ed62                Vm::writeDwordFromReal(unsigned short, unsigned short, unsigned int)
                0x00000000c001ed77                Vm::faultHandler(regs*)
 .text          0x00000000c001f5a8      0xf2b vm86/x87em.32
                0x00000000c001f5a8                Vm::x87Save(void*)
                0x00000000c001f5bf                Vm::x87Load(void*)
                0x00000000c001f5d6                Vm::fpuInternalTo32(unsigned long long)
                0x00000000c001f631                Vm::fpuInternalTo64(unsigned long long)
                0x00000000c001f63a                Vm::fpu32ToInternal(unsigned int)
                0x00000000c001f67f                Vm::fpu64ToInternal(unsigned long long)
                0x00000000c001f688                Vm::fpuFloatToLong(unsigned long long)
                0x00000000c001f6e3                Vm::fpuULongToFloat(unsigned long long)
                0x00000000c001f719                Vm::fpuLongToFloat(long long)
                0x00000000c001f76f                Vm::fpuGet0()
                0x00000000c001f774                Vm::fpuGet1()
                0x00000000c001f77c                Vm::fpuGetPi()
                0x00000000c001f784                Vm::fpuGetLog2E()
                0x00000000c001f79c                Vm::fpuGetLogE2()
                0x00000000c001f7b4                Vm::fpuGetLog210()
                0x00000000c001f7cc                Vm::fpuGetLog102()
                0x00000000c001f7e4                Vm::fpuIsSecondLarger(unsigned long long, unsigned long long)
                0x00000000c001f7f8                Vm::fpuAreEqual(unsigned long long, unsigned long long)
                0x00000000c001f80e                Vm::fpuUnorderedCompare(unsigned long long, unsigned long long)
                0x00000000c001f861                Vm::fpuAdd(unsigned long long, unsigned long long)
                0x00000000c001f872                Vm::fpuAbs(unsigned long long)
                0x00000000c001f87b                Vm::fpuChs(unsigned long long)
                0x00000000c001f88b                Vm::fpuSub(unsigned long long, unsigned long long)
                0x00000000c001f89a                Vm::fpuMultiply(unsigned long long, unsigned long long)
                0x00000000c001f8b9                Vm::fpuDivide(unsigned long long, unsigned long long)
                0x00000000c001f8d5                Vm::fpuSquare(unsigned long long)
                0x00000000c001f8eb                Vm::fpuGetReg(int)
                0x00000000c001f92e                Vm::fpuSetReg(int, unsigned long long)
                0x00000000c001f979                Vm::fpuPush(unsigned long long)
                0x00000000c001f9d6                Vm::fpuPop()
                0x00000000c001fa28                Vm::x87Handler(regs*)
 *fill*         0x00000000c00204d3        0x1 
 .text          0x00000000c00204d4     0x10ed fs/fat/vfslink.32
                0x00000000c00204d4                FAT::getName()
                0x00000000c00204da                FAT::tell(void*, unsigned long long*)
                0x00000000c002050e                FAT::stat(void*, unsigned long long*)
                0x00000000c0020542                FAT::~FAT()
                0x00000000c0020542                FAT::~FAT()
                0x00000000c0020566                FAT::~FAT()
                0x00000000c002058e                FAT::getlabel(LogicalDisk*, int, char*, unsigned int*)
                0x00000000c002062c                FAT::setlabel(LogicalDisk*, int, char*)
                0x00000000c00206e6                FAT::format(LogicalDisk*, int, char const*, int)
                0x00000000c00208ca                FAT::tryMount(LogicalDisk*, int)
                0x00000000c0020ad0                FAT::readDir(void*, unsigned long, void*, int*)
                0x00000000c0020bd6                FAT::read(void*, unsigned long, void*, int*)
                0x00000000c0020c30                FAT::write(void*, unsigned long, void*, int*)
                0x00000000c0020c8a                FAT::close(void*)
                0x00000000c0020cd6                FAT::closeDir(void*)
                0x00000000c0020d22                FAT::seek(void*, unsigned long long)
                0x00000000c0020d76                fatWrapperReadDisk
                0x00000000c0020dbd                fatWrapperWriteDisk
                0x00000000c0020e04                fatWrapperIoctl
                0x00000000c0020f08                FAT::FAT()
                0x00000000c0020f08                FAT::FAT()
                0x00000000c0020f5a                FAT::fixFilepath(char*)
                0x00000000c0020f92                FAT::open(char const*, void**, FileOpenMode)
                0x00000000c00210ba                FAT::openDir(char const*, void**)
                0x00000000c0021160                FAT::stat(char const*, unsigned long long*, bool*)
                0x00000000c002124a                FAT::unlink(char const*)
                0x00000000c00212c4                FAT::chfatattr(char const*, unsigned char, unsigned char)
                0x00000000c0021418                FAT::rename(char const*, char const*)
                0x00000000c00214dc                FAT::mkdir(char const*)
                0x00000000c0021556                FAT::exists(char const*)
 *fill*         0x00000000c00215c1        0x1 
 .text          0x00000000c00215c2      0xbc1 fs/iso9660/vfslink.32
                0x00000000c00215c2                ISO9660::format(LogicalDisk*, int, char const*, int)
                0x00000000c00215c8                ISO9660::seek(void*, unsigned long long)
                0x00000000c00215f8                ISO9660::tell(void*, unsigned long long*)
                0x00000000c002161c                ISO9660::getName()
                0x00000000c0021622                ISO9660::stat(void*, unsigned long long*)
                0x00000000c0021646                ISO9660::chfatattr(char const*, unsigned char, unsigned char)
                0x00000000c002164c                ISO9660::unlink(char const*)
                0x00000000c0021652                ISO9660::write(void*, unsigned long, void*, int*)
                0x00000000c0021658                ISO9660::rename(char const*, char const*)
                0x00000000c002165e                ISO9660::mkdir(char const*)
                0x00000000c0021664                ISO9660::close(void*)
                0x00000000c0021686                ISO9660::closeDir(void*)
                0x00000000c00216a8                ISO9660::~ISO9660()
                0x00000000c00216a8                ISO9660::~ISO9660()
                0x00000000c00216cc                ISO9660::~ISO9660()
                0x00000000c00216f3                __memmem(unsigned char*, int, unsigned char*, int)
                0x00000000c0021735                readSectorFromCDROM(unsigned int, unsigned char*, char)
                0x00000000c002179c                ISO9660::tryMount(LogicalDisk*, int)
                0x00000000c00217ec                ISO9660::read(void*, unsigned long, void*, int*)
                0x00000000c00219ec                ISO9660::readDir(void*, unsigned long, void*, int*)
                0x00000000c0021c79                readRoot(unsigned int*, unsigned int*, char)
                0x00000000c0021cce                readRecursively(char*, unsigned int, unsigned int, unsigned int*, unsigned int*, char, int*)
                0x00000000c0021ea1                getFileData(char*, unsigned int*, unsigned int*, char, int*)
                0x00000000c0021f30                ISO9660::open(char const*, void**, FileOpenMode)
                0x00000000c0021ff0                ISO9660::exists(char const*)
                0x00000000c0022014                ISO9660::stat(char const*, unsigned long long*, bool*)
                0x00000000c00220a8                ISO9660::openDir(char const*, void**)
                0x00000000c0022160                ISO9660::ISO9660()
                0x00000000c0022160                ISO9660::ISO9660()
 *fill*         0x00000000c0022183        0x1 
 .text          0x00000000c0022184      0x326 hal/sound/sndchannel.32
                0x00000000c0022184                SoundChannel::~SoundChannel()
                0x00000000c0022184                SoundChannel::~SoundChannel()
                0x00000000c00221a0                SoundChannel::setSpeed(float)
                0x00000000c00221ac                SoundChannel::getSpeed()
                0x00000000c00221b4                SoundChannel::setVolume(int)
                0x00000000c00221d0                SoundChannel::getVolume()
                0x00000000c00221d8                SoundChannel::pause()
                0x00000000c00221e2                SoundChannel::SoundChannel(int, int, int, int)
                0x00000000c00221e2                SoundChannel::SoundChannel(int, int, int, int)
                0x00000000c0022338                SoundChannel::play()
                0x00000000c0022342                SoundChannel::paused()
                0x00000000c002234a                SoundChannel::getSampleRate()
                0x00000000c0022352                SoundChannel::getBits()
                0x00000000c002235a                SoundChannel::getBufferUsed()
                0x00000000c0022362                SoundChannel::getBufferSize()
                0x00000000c002236a                SoundChannel::unbuffer(float*, int, int)
                0x00000000c002240a                SoundChannel::buffer8(unsigned char*, int)
 .text          0x00000000c00224aa      0x3d5 hal/sound/sndhw.32
                0x00000000c00224aa                SoundDevice::SoundDevice(char const*)
                0x00000000c00224aa                SoundDevice::SoundDevice(char const*)
                0x00000000c0022516                SoundDevice::~SoundDevice()
                0x00000000c0022516                SoundDevice::~SoundDevice()
                0x00000000c0022590                SoundDevice::~SoundDevice()
                0x00000000c00225ba                SoundDevice::getFreeChannelNum()
                0x00000000c00225d4                SoundDevice::addChannel(SoundChannel*)
                0x00000000c0022644                SoundDevice::removeChannel(int)
                0x00000000c0022676                SoundDevice::floatTo8(float*, unsigned char*, int)
                0x00000000c002275e                SoundDevice::getAudio(int, float*, float*)
 .text          0x00000000c002287f        0x0 hw/bus/isa.32
 *fill*         0x00000000c002287f        0x1 
 .text          0x00000000c0022880      0x6c3 hw/bus/pci.32
                0x00000000c0022880                PCI::open(int, int, void*)
                0x00000000c0022894                PCI::close(int, int, void*)
                0x00000000c0022898                PCI::PCI()
                0x00000000c0022898                PCI::PCI()
                0x00000000c0022918                PCI::pciReadWord(unsigned char, unsigned char, unsigned char, unsigned char)
                0x00000000c0022960                PCI::getVendorID(unsigned char, unsigned char, unsigned char)
                0x00000000c0022982                PCI::getHeaderType(unsigned char, unsigned char, unsigned char)
                0x00000000c00229a6                PCI::getClassCode(unsigned char, unsigned char, unsigned char)
                0x00000000c00229ea                PCI::getProgIF(unsigned char, unsigned char, unsigned char)
                0x00000000c0022a0e                PCI::getRevisionID(unsigned char, unsigned char, unsigned char)
                0x00000000c0022a30                PCI::getInterruptNumber(unsigned char, unsigned char, unsigned char)
                0x00000000c0022a52                PCI::getSecondaryBus(unsigned char, unsigned char, unsigned char)
                0x00000000c0022a76                PCI::getBARAddress(unsigned char, unsigned char, unsigned char, unsigned char)
                0x00000000c0022ad6                PCI::pciWriteWord(unsigned char, unsigned char, unsigned char, unsigned char, unsigned short)
                0x00000000c0022b42                PCI::checkBus(unsigned char)
                0x00000000c0022b66                PCI::foundDevice(PCIDeviceInfo)
                0x00000000c0022cd8                PCI::getDeviceData(unsigned char, unsigned char, unsigned char)
                0x00000000c0022e84                PCI::checkDevice(unsigned char, unsigned char)
                0x00000000c0022ef0                PCI::detect()
 *fill*         0x00000000c0022f43        0x1 
 .text          0x00000000c0022f44      0xc70 hw/diskctrl/ide.32
                0x00000000c0022f44                IDE::close(int, int, void*)
                0x00000000c0022f48                IDE::IDE()
                0x00000000c0022f48                IDE::IDE()
                0x00000000c0022f7c                IDE::prepareInterrupt(unsigned char)
                0x00000000c0022f8e                selectDrive(unsigned char, unsigned char)
                0x00000000c0022f90                IDE::getBase(unsigned char)
                0x00000000c0022fa2                IDE::write(unsigned char, unsigned char, unsigned char)
                0x00000000c0023062                IDE::read(unsigned char, unsigned char)
                0x00000000c0023110                IDE::waitInterrupt(unsigned char)
                0x00000000c0023176                ideChannel0IRQHandler(regs*, void*)
                0x00000000c0023192                ideChannel1IRQHandler(regs*, void*)
                0x00000000c00231ae                IDE::enableIRQs(unsigned char, bool)
                0x00000000c00231f4                IDE::open(int, int, void*)
                0x00000000c0023604                IDE::readBuffer(unsigned char, unsigned char, unsigned int, unsigned int)
                0x00000000c00236d0                IDE::detect()
                0x00000000c00239b8                IDE::printError(unsigned char, unsigned char, unsigned char)
                0x00000000c0023b4e                IDE::polling(unsigned char, unsigned int)
 .text          0x00000000c0023bb4      0x390 hw/diskctrl/satabus.32
                0x00000000c0023bb4                SATABus::close(int, int, void*)
                0x00000000c0023bb8                SATABus::detect()
                0x00000000c0023bba                SATABus::SATABus()
                0x00000000c0023bba                SATABus::SATABus()
                0x00000000c0023c66                SATABus::findCmdslot(SATABus::tagHBA_PORT volatile*)
                0x00000000c0023cae                SATABus::checkType(SATABus::tagHBA_PORT volatile*)
                0x00000000c0023cf6                SATABus::startCmd(SATABus::tagHBA_PORT volatile*)
                0x00000000c0023d16                SATABus::stopCmd(SATABus::tagHBA_PORT volatile*)
                0x00000000c0023d40                SATABus::portRebase(SATABus::tagHBA_PORT volatile*, int)
                0x00000000c0023e46                SATABus::probePort(SATABus::tagHBA_MEM volatile*)
                0x00000000c0023f24                SATABus::open(int, int, void*)
 .text          0x00000000c0023f44      0x63c hw/diskphys/ata.32
                0x00000000c0023f44                ATA::close(int, int, void*)
                0x00000000c0023f68                ATA::powerSaving(PowerSavingLevel)
                0x00000000c0023f6a                ATA::ATA()
                0x00000000c0023f6a                ATA::ATA()
                0x00000000c0023f98                ATA::flush(bool)
                0x00000000c0023fe2                ATA::readyForCommand()
                0x00000000c0024032                ATA::access(unsigned long long, int, void*, bool)
                0x00000000c00243ba                ATA::read(unsigned long long, int, void*)
                0x00000000c0024422                ATA::write(unsigned long long, int, void*)
                0x00000000c002448a                ATA::detectCHS()
                0x00000000c00244b4                ATA::open(int, int, void*)
 .text          0x00000000c0024580      0x5bd hw/diskphys/atapi.32
                0x00000000c0024580                ATAPI::write(unsigned long long, int, void*)
                0x00000000c0024586                ATAPI::close(int, int, void*)
                0x00000000c00245aa                ATAPI::ATAPI()
                0x00000000c00245aa                ATAPI::ATAPI()
                0x00000000c00245d8                ATAPI::readyForCommand()
                0x00000000c0024628                ATAPI::sendPacket(unsigned char*, int, bool, unsigned short*, int)
                0x00000000c00248e8                ATAPI::diskRemoved()
                0x00000000c0024904                ATAPI::eject()
                0x00000000c002494c                ATAPI::diskInserted()
                0x00000000c002497a                ATAPI::detectMedia()
                0x00000000c0024a36                ATAPI::open(int, int, void*)
                0x00000000c0024abe                ATAPI::read(unsigned long long, int, void*)
 *fill*         0x00000000c0024b3d        0x1 
 .text          0x00000000c0024b3e      0x455 hw/diskphys/sata.32
                0x00000000c0024b3e                SATA::close(int, int, void*)
                0x00000000c0024b62                SATA::powerSaving(PowerSavingLevel)
                0x00000000c0024b64                SATA::open(int, int, void*)
                0x00000000c0024c12                SATA::SATA()
                0x00000000c0024c12                SATA::SATA()
                0x00000000c0024c40                SATA::access(unsigned long long, int, void*, bool)
                0x00000000c0024ea6                SATA::read(unsigned long long, int, void*)
                0x00000000c0024f0e                SATA::write(unsigned long long, int, void*)
 *fill*         0x00000000c0024f93        0x1 
 .text          0x00000000c0024f94      0x500 hw/diskphys/satapi.32
                0x00000000c0024f94                SATAPI::write(unsigned long long, int, void*)
                0x00000000c0024f9a                SATAPI::close(int, int, void*)
                0x00000000c0024fbe                SATAPI::SATAPI()
                0x00000000c0024fbe                SATAPI::SATAPI()
                0x00000000c0024fec                SATAPI::diskRemoved()
                0x00000000c0025008                SATAPI::diskInserted()
                0x00000000c0025036                SATAPI::sendPacket(unsigned char*, int, unsigned long long, unsigned short*, int)
                0x00000000c002523a                SATAPI::eject()
                0x00000000c0025282                SATAPI::detectMedia()
                0x00000000c0025344                SATAPI::open(int, int, void*)
                0x00000000c00253f2                SATAPI::read(unsigned long long, int, void*)
 .text          0x00000000c0025494       0x8e hw/fpu/avx.32
                0x00000000c0025494                AVX::open(int, int, void*)
                0x00000000c00254a6                AVX::close(int, int, void*)
                0x00000000c00254b8                AVX::available()
                0x00000000c00254ca                AVX::save(void*)
                0x00000000c00254e2                AVX::load(void*)
                0x00000000c00254fa                AVX::AVX()
                0x00000000c00254fa                AVX::AVX()
 .text          0x00000000c0025522       0x90 hw/fpu/mmx.32
                0x00000000c0025522                MMX::available()
                0x00000000c0025536                MMX::open(int, int, void*)
                0x00000000c0025548                MMX::close(int, int, void*)
                0x00000000c002555a                MMX::save(void*)
                0x00000000c0025572                MMX::load(void*)
                0x00000000c002558a                MMX::MMX()
                0x00000000c002558a                MMX::MMX()
 .text          0x00000000c00255b2       0x96 hw/fpu/sse.32
                0x00000000c00255b2                SSE::open(int, int, void*)
                0x00000000c00255c4                SSE::close(int, int, void*)
                0x00000000c00255d6                SSE::available()
                0x00000000c00255f0                SSE::save(void*)
                0x00000000c0025608                SSE::load(void*)
                0x00000000c0025620                SSE::SSE()
                0x00000000c0025620                SSE::SSE()
 .text          0x00000000c0025648       0x8e hw/fpu/x87.32
                0x00000000c0025648                x87::open(int, int, void*)
                0x00000000c002565a                x87::close(int, int, void*)
                0x00000000c002566c                x87::available()
                0x00000000c002567e                x87::save(void*)
                0x00000000c0025696                x87::load(void*)
                0x00000000c00256ae                x87::x87()
                0x00000000c00256ae                x87::x87()
 .text          0x00000000c00256d6      0x71e hw/intctrl/apic.32
                0x00000000c00256d6                APIC::disable()
                0x00000000c00256d8                APIC::close(int, int, void*)
                0x00000000c00256fa                IOAPIC::close(int, int, void*)
                0x00000000c0025700                APIC::io_wait()
                0x00000000c0025706                APIC::getBase()
                0x00000000c0025748                APIC::eoi(unsigned char)
                0x00000000c0025776                APIC::open(int, int, void*)
                0x00000000c00258c4                IOAPIC::IOAPIC()
                0x00000000c00258c4                IOAPIC::IOAPIC()
                0x00000000c00258ec                APIC::APIC()
                0x00000000c00258ec                APIC::APIC()
                0x00000000c00259c8                IOAPIC::handlesGSIWithNumber(unsigned int)
                0x00000000c00259fa                IOAPIC::read(int)
                0x00000000c0025a22                IOAPIC::open(int, int, void*)
                0x00000000c0025b18                IOAPIC::write(int, int)
                0x00000000c0025b44                IOAPIC::redirect(unsigned char, unsigned long long, unsigned char, bool, bool)
                0x00000000c0025c3e                APIC::installIRQHandler(int, void (*)(regs*, void*), bool, void*)
 .text          0x00000000c0025df4      0x3d3 hw/intctrl/pic.32
                0x00000000c0025df4                PIC::disable()
                0x00000000c0025e22                PIC::close(int, int, void*)
                0x00000000c0025e44                PIC::PIC()
                0x00000000c0025e44                PIC::PIC()
                0x00000000c0025f1a                PIC::ioWait()
                0x00000000c0025f20                PIC::getIRQReg(int)
                0x00000000c0025f8a                PIC::eoi(unsigned char)
                0x00000000c002601c                PIC::remap()
                0x00000000c0026188                PIC::open(int, int, void*)
 *fill*         0x00000000c00261c7        0x1 
 .text          0x00000000c00261c8      0x25e hw/timer/apictimer.32
                0x00000000c00261c8                APICTimer::close(int, int, void*)
                0x00000000c00261ce                apicTimerHandler(regs*, void*)
                0x00000000c00261fc                APICTimer::write(int)
                0x00000000c0026300                APICTimer::open(int, int, void*)
                0x00000000c00263fe                APICTimer::APICTimer()
                0x00000000c00263fe                APICTimer::APICTimer()
 .text          0x00000000c0026426      0x1a7 hw/timer/pit.32
                0x00000000c0026426                PIT::write(int)
                0x00000000c00264a4                pitHandler(regs*, void*)
                0x00000000c00264d0                PIT::open(int, int, void*)
                0x00000000c002651e                PIT::close(int, int, void*)
                0x00000000c002654e                PIT::PIT()
                0x00000000c002654e                PIT::PIT()
 *fill*         0x00000000c00265cd        0x3 
 .text          0x00000000c00265d0       0x1e hw/fpu/x86/avx.32
                0x00000000c00265d0                avxDetect
                0x00000000c00265d6                avxSave
                0x00000000c00265d7                avxLoad
                0x00000000c00265d8                avxInit
                0x00000000c00265d9                avxClose
                0x00000000c00265da                wouldSheSayYes
 *fill*         0x00000000c00265ee        0x2 
 .text          0x00000000c00265f0       0x35 hw/fpu/x86/sse.32
                0x00000000c00265f0                absolutelyNoChanceInHell
                0x00000000c00265f0                sseDetect
                0x00000000c0026608                sseSave
                0x00000000c002660e                sseLoad
                0x00000000c0026614                sseInit
                0x00000000c0026624                sseClose
 *fill*         0x00000000c0026625        0xb 
 .text          0x00000000c0026630       0x47 hw/fpu/x86/x87.32
                0x00000000c0026636                x87Detect
                0x00000000c0026651                x87Save
                0x00000000c0026657                x87Load
                0x00000000c002665c                x87Init
                0x00000000c0026676                x87Close
 *fill*         0x00000000c0026677        0x1 
 .text          0x00000000c0026678       0x25 /cygdrive/d/Users/Alex/Desktop/Toolchain/Output/bin/../lib/gcc/i386-banana/8.1.0/crtend.o
 .text          0x00000000c002669d        0x0 crtn.32
 *fill*         0x00000000c002669d        0x3 
 .text          0x00000000c00266a0      0x14b /cygdrive/d/Users/Alex/Desktop/Toolchain/Output/bin/../lib/gcc/i386-banana/8.1.0/libkgcc.a(_divdi3.o)
                0x00000000c00266a0                __divdi3
 *fill*         0x00000000c00267eb        0x1 
 .text          0x00000000c00267ec      0x17e /cygdrive/d/Users/Alex/Desktop/Toolchain/Output/bin/../lib/gcc/i386-banana/8.1.0/libkgcc.a(_moddi3.o)
                0x00000000c00267ec                __moddi3
 *fill*         0x00000000c002696a        0x2 
 .text          0x00000000c002696c       0xff /cygdrive/d/Users/Alex/Desktop/Toolchain/Output/bin/../lib/gcc/i386-banana/8.1.0/libkgcc.a(_udivdi3.o)
                0x00000000c002696c                __udivdi3
 *fill*         0x00000000c0026a6b        0x1 
 .text          0x00000000c0026a6c      0x11a /cygdrive/d/Users/Alex/Desktop/Toolchain/Output/bin/../lib/gcc/i386-banana/8.1.0/libkgcc.a(_umoddi3.o)
                0x00000000c0026a6c                __umoddi3
 .text          0x00000000c0026b86      0x96d D:/Users/Alex/Desktop/Banana/kernel/libsoftfp.a(sfieeelib.o)
                0x00000000c0026b86                __addsf3
                0x00000000c0026e88                __subsf3
                0x00000000c0026e9c                __negsf2
                0x00000000c0026ea9                __mulsf3
                0x00000000c002706c                __divsf3
                0x00000000c0027297                __floatsisf
                0x00000000c002730b                __floatunsisf
                0x00000000c002734d                __fixsfsi
                0x00000000c00273af                __fixunssfsi
                0x00000000c00273e0                __cmpsf2
                0x00000000c0027475                __eqsf2