Archive member included to satisfy reference by file (symbol)

/cygdrive/d/Users/Alex/Desktop/Toolchain/Output/bin/../lib/gcc/i386-banana/8.1.0/libkgcc.a(_divdi3.o)
                              krnl/resolve.32 (__divdi3)
/cygdrive/d/Users/Alex/Desktop/Toolchain/Output/bin/../lib/gcc/i386-banana/8.1.0/libkgcc.a(_moddi3.o)
                              krnl/resolve.32 (__moddi3)
/cygdrive/d/Users/Alex/Desktop/Toolchain/Output/bin/../lib/gcc/i386-banana/8.1.0/libkgcc.a(_udivdi3.o)
                              hal/clock.32 (__udivdi3)
/cygdrive/d/Users/Alex/Desktop/Toolchain/Output/bin/../lib/gcc/i386-banana/8.1.0/libkgcc.a(_umoddi3.o)
                              core/pipe.32 (__umoddi3)

Allocating common symbols
Common symbol       size              file

dcache              0x40              fs/iso9660/iso9660.32
cdDriveLetter       0x1               fs/iso9660/iso9660.32
icache              0x40              fs/iso9660/iso9660.32

Discarded input sections

 .comment       0x0000000000000000       0x12 /cygdrive/d/Users/Alex/Desktop/Toolchain/Output/bin/../lib/gcc/i386-banana/8.1.0/crtbegin.o
 .comment       0x0000000000000000       0x12 acpica/utclib.32
 .comment       0x0000000000000000       0x12 core/malloc.32
 .comment       0x0000000000000000       0x12 libk/ctype.32
 .comment       0x0000000000000000       0x12 libk/string.32
 .comment       0x0000000000000000       0x12 fs/fat/diskio.32
 .comment       0x0000000000000000       0x12 fs/fat/ff.32
 .comment       0x0000000000000000       0x12 fs/fat/ffsystem.32
 .comment       0x0000000000000000       0x12 fs/fat/ffunicode.32
 .comment       0x0000000000000000       0x12 fs/iso9660/iso9660.32
 .group         0x0000000000000000       0x14 core/computer.32
 .group         0x0000000000000000        0xc core/computer.32
 .comment       0x0000000000000000       0x12 core/computer.32
 .comment       0x0000000000000000       0x12 core/gdt.32
 .group         0x0000000000000000        0xc core/idle.32
 .comment       0x0000000000000000       0x12 core/idle.32
 .comment       0x0000000000000000       0x12 core/idt.32
 .comment       0x0000000000000000       0x12 core/kheap.32
 .comment       0x0000000000000000       0x12 core/main.32
 .comment       0x0000000000000000       0x12 core/physmgr.32
 .group         0x0000000000000000        0xc core/pipe.32
 .comment       0x0000000000000000       0x12 core/pipe.32
 .group         0x0000000000000000        0xc core/terminal.32
 .comment       0x0000000000000000       0x12 core/terminal.32
 .comment       0x0000000000000000       0x12 core/tss.32
 .group         0x0000000000000000        0x8 core/unixfile.32
 .group         0x0000000000000000        0x8 core/unixfile.32
 .group         0x0000000000000000        0xc core/unixfile.32
 .group         0x0000000000000000        0x8 core/unixfile.32
 .group         0x0000000000000000        0xc core/unixfile.32
 .group         0x0000000000000000        0x8 core/unixfile.32
 .group         0x0000000000000000        0xc core/unixfile.32
 .group         0x0000000000000000        0xc core/unixfile.32
 .comment       0x0000000000000000       0x12 core/unixfile.32
 .comment       0x0000000000000000       0x12 core/virtmgr.32
 .comment       0x0000000000000000       0x12 coreobjs/c++.32
 .comment       0x0000000000000000       0x12 dbg/kconsole.32
 .group         0x0000000000000000        0xc fs/vfs.32
 .group         0x0000000000000000        0xc fs/vfs.32
 .group         0x0000000000000000        0xc fs/vfs.32
 .comment       0x0000000000000000       0x12 fs/vfs.32
 .group         0x0000000000000000        0xc hal/bus.32
 .comment       0x0000000000000000       0x12 hal/bus.32
 .comment       0x0000000000000000       0x12 hal/buzzer.32
 .group         0x0000000000000000        0xc hal/clock.32
 .comment       0x0000000000000000       0x12 hal/clock.32
 .group         0x0000000000000000       0x14 hal/device.32
 .group         0x0000000000000000        0xc hal/device.32
 .group         0x0000000000000000        0x8 hal/device.32
 .group         0x0000000000000000        0xc hal/device.32
 .group         0x0000000000000000        0xc hal/device.32
 .comment       0x0000000000000000       0x12 hal/device.32
 .group         0x0000000000000000        0xc hal/diskctrl.32
 .comment       0x0000000000000000       0x12 hal/diskctrl.32
 .group         0x0000000000000000        0xc hal/diskphys.32
 .comment       0x0000000000000000       0x12 hal/diskphys.32
 .comment       0x0000000000000000       0x12 hal/fpu.32
 .comment       0x0000000000000000       0x12 hal/intctrl.32
 .group         0x0000000000000000        0xc hal/keybrd.32
 .comment       0x0000000000000000       0x12 hal/keybrd.32
 .group         0x0000000000000000        0xc hal/logidisk.32
 .comment       0x0000000000000000       0x12 hal/logidisk.32
 .group         0x0000000000000000        0xc hal/mouse.32
 .comment       0x0000000000000000       0x12 hal/mouse.32
[...]
Memory Configuration

Name             Origin             Length             Attributes
*default*        0x0000000000000000 0xffffffffffffffff

Linker script and memory map

LOAD D:/Users/Alex/Desktop/Banana/kernel/boot.32
LOAD crti.32
LOAD /cygdrive/d/Users/Alex/Desktop/Toolchain/Output/bin/../lib/gcc/i386-banana/8.1.0/crtbegin.o
LOAD D:/Users/Alex/Desktop/Banana/kernel/morenasm.32
LOAD acpica/utclib.32
LOAD core/malloc.32
LOAD libk/ctype.32
LOAD libk/string.32
LOAD fs/fat/diskio.32
LOAD fs/fat/ff.32
LOAD fs/fat/ffsystem.32
LOAD fs/fat/ffunicode.32
LOAD fs/iso9660/iso9660.32
LOAD core/computer.32
LOAD core/gdt.32
LOAD core/idle.32
LOAD core/idt.32
LOAD core/kheap.32
LOAD core/main.32
LOAD core/physmgr.32
LOAD core/pipe.32
LOAD core/terminal.32
LOAD core/tss.32
LOAD core/unixfile.32
LOAD core/virtmgr.32
LOAD coreobjs/c++.32
LOAD dbg/kconsole.32
LOAD fs/vfs.32
LOAD hal/bus.32
LOAD hal/buzzer.32
LOAD hal/clock.32
LOAD hal/device.32
LOAD hal/diskctrl.32
LOAD hal/diskphys.32
LOAD hal/fpu.32
LOAD hal/intctrl.32
LOAD hal/keybrd.32
LOAD hal/logidisk.32
LOAD hal/mouse.32
LOAD hal/partition.32
LOAD hal/serial.32
LOAD hal/timer.32
LOAD hal/vcache.32
LOAD hal/video.32
LOAD hw/acpi.32
LOAD hw/cpu.32
LOAD krnl/bootmsg.32
LOAD krnl/env.32
LOAD krnl/inlines.32
LOAD krnl/panic.32
LOAD krnl/powctrl.32
LOAD krnl/resolve.32
LOAD krnl/syscalls.32
LOAD reg/registry.32
LOAD sys/eject.32
LOAD sys/exit.32
LOAD sys/getcwd.32
LOAD sys/getpid.32
LOAD sys/getramdata.32
LOAD sys/getvgaptr.32
LOAD sys/loaddll.32
LOAD sys/read.32
LOAD sys/sbrk.32
LOAD sys/setcwd.32
LOAD sys/settime.32
LOAD sys/timezone.32
LOAD sys/write.32
LOAD sys/wsbe.32
LOAD sys/yield.32
LOAD thr/elf.32
LOAD thr/prcssthr.32
LOAD vm86/vm8086.32
LOAD arch/i386/hal.32
LOAD arch/i386/pic.32
LOAD arch/i386/rtc.32
LOAD arch/i386/vga.32
LOAD fs/fat/vfslink.32
LOAD fs/iso9660/helper.32
LOAD fs/iso9660/vfslink.32
LOAD hal/sound/sndcard.32
LOAD hal/sound/sndport.32
LOAD hw/bus/isa.32
LOAD hw/bus/pci.32
LOAD hw/diskctrl/ide.32
LOAD hw/diskctrl/satabus.32
LOAD hw/diskphys/ata.32
LOAD hw/diskphys/atapi.32
LOAD hw/diskphys/sata.32
LOAD hw/diskphys/satapi.32
LOAD hw/intctrl/apic.32
LOAD hw/timer/apictimer.32
LOAD hw/timer/pit.32
LOAD arch/i386/avx.32
LOAD arch/i386/interrupt.32
LOAD arch/i386/rdrand.32
LOAD arch/i386/sse.32
LOAD arch/i386/x87.32
LOAD /cygdrive/d/Users/Alex/Desktop/Toolchain/Output/bin/../lib/gcc/i386-banana/8.1.0/crtend.o
LOAD crtn.32
LOAD /cygdrive/d/Users/Alex/Desktop/Toolchain/Output/bin/../lib/gcc/i386-banana/8.1.0/libkgcc.a
LOAD D:/Users/Alex/Desktop/Banana/kernel/libsoftfp.a
LOAD D:/Users/Alex/Desktop/Banana/kernel/libk/libm32.a
                0x00000000c0000000                . = 0xc0000000

.text           0x00000000c0000000    0x1beca
 *(.text)
 .text          0x00000000c0000000       0x20 D:/Users/Alex/Desktop/Banana/kernel/boot.32
 .text          0x00000000c0000020        0x0 crti.32
 .text          0x00000000c0000020      0x101 /cygdrive/d/Users/Alex/Desktop/Toolchain/Output/bin/../lib/gcc/i386-banana/8.1.0/crtbegin.o
 *fill*         0x00000000c0000121        0xf 
 .text          0x00000000c0000130      0x252 D:/Users/Alex/Desktop/Banana/kernel/morenasm.32
                0x00000000c0000130                manualPCIProbe
                0x00000000c000017b                prepareTramp
                0x00000000c0000194                doTPAUSE
                0x00000000c000019e                hasLegacyFPU
                0x00000000c00001c3                is486
                0x00000000c00001f9                detectCPUID
                0x00000000c000020f                goToVM86
                0x00000000c000023f                goToUsermode
                0x00000000c0000269                switchToThreadASMFirstTime
                0x00000000c0000277                switchToThreadASM
                0x00000000c00002ff                asmQuickAcquireLock
                0x00000000c000031d                asmQuickReleaseLock
                0x00000000c0000329                asmAcquireLock
                0x00000000c000034a                asmReleaseLock
                0x00000000c000035d                loadGDT
                0x00000000c000037d                memcpy
 *fill*         0x00000000c0000382        0xe 
 .text          0x00000000c0000390      0x79e acpica/utclib.32
                0x00000000c0000390                memcmp
                0x00000000c00003e0                memmove
                0x00000000c00004d0                memset
                0x00000000c0000540                strlen
                0x00000000c0000570                strpbrk
                0x00000000c00005b0                strtok
                0x00000000c0000600                strcpy
                0x00000000c0000630                strncpy
                0x00000000c00006e0                strcmp
                0x00000000c0000730                strchr
                0x00000000c0000760                strncmp
                0x00000000c00007c0                strcat
                0x00000000c00007f0                strncat
                0x00000000c0000850                strstr
                0x00000000c00008b0                toupper
                0x00000000c00008d0                tolower
                0x00000000c00008f0                simple_strtoul
 .text          0x00000000c0000b2e      0xfad core/malloc.32
                0x00000000c0000c99                dlfree
                0x00000000c0000ff4                dlmalloc
                0x00000000c0001531                dlrealloc
                0x00000000c00016d4                dlmemalign
                0x00000000c00017f7                dlcalloc
                0x00000000c0001891                dlcfree
                0x00000000c0001896                dlindependent_calloc
                0x00000000c00018bb                dlindependent_comalloc
                0x00000000c00018d2                dlvalloc
                0x00000000c00018fd                dlpvalloc
                0x00000000c0001933                dlmalloc_trim
                0x00000000c0001940                dlmalloc_usable_size
                0x00000000c0001971                dlmallinfo
                0x00000000c0001a40                dlmalloc_stats
                0x00000000c0001a51                dlmallopt
 *fill*         0x00000000c0001adb        0x1 
 .text          0x00000000c0001adc      0x1f2 libk/ctype.32
                0x00000000c0001adc                isblank
                0x00000000c0001afc                iscntrl
                0x00000000c0001b1c                isdigit
                0x00000000c0001b38                islower
                0x00000000c0001b54                isspace
                0x00000000c0001b7c                isupper
                0x00000000c0001b98                isalpha
                0x00000000c0001bc8                isalnum
                0x00000000c0001bf8                ispunct
                0x00000000c0001c38                isgraph
                0x00000000c0001c68                isprint
                0x00000000c0001c90                isxdigit
 .text          0x00000000c0001cce        0x0 libk/string.32
 .text          0x00000000c0001cce       0x51 fs/fat/diskio.32
                0x00000000c0001cce                disk_status
                0x00000000c0001cd1                disk_initialize
                0x00000000c0001cd4                disk_read
                0x00000000c0001cea                disk_write
                0x00000000c0001d00                disk_ioctl
 .text          0x00000000c0001d1f     0x3d4b fs/fat/ff.32
                0x00000000c0003abb                f_mount
                0x00000000c0003b1d                f_open
                0x00000000c0003de8                f_read
                0x00000000c0003fe7                f_write
                0x00000000c000421b                f_sync
                0x00000000c00042d0                f_close
                0x00000000c00042ff                f_lseek
                0x00000000c00044a6                f_opendir
                0x00000000c0004571                f_closedir
                0x00000000c0004593                f_readdir
                0x00000000c0004625                f_stat
                0x00000000c00046a4                f_getfree
                0x00000000c00047a6                f_truncate
                0x00000000c000488a                f_unlink
                0x00000000c00049ac                f_mkdir
                0x00000000c0004b47                f_rename
                0x00000000c0004cfd                f_chmod
                0x00000000c0004da6                f_utime
                0x00000000c0004e54                f_getlabel
                0x00000000c0004fa5                f_setlabel
                0x00000000c0005135                f_expand
                0x00000000c0005295                f_mkfs
 *fill*         0x00000000c0005a6a        0x2 
 .text          0x00000000c0005a6c       0x2f fs/fat/ffsystem.32
                0x00000000c0005a6c                ff_memalloc
                0x00000000c0005a84                ff_memfree
 *fill*         0x00000000c0005a9b        0x1 
 .text          0x00000000c0005a9c      0x2a8 fs/fat/ffunicode.32
                0x00000000c0005a9c                ff_uni2oem
                0x00000000c0005b3c                ff_oem2uni
                0x00000000c0005bb4                ff_wtoupper
 .text          0x00000000c0005d44      0xc76 fs/iso9660/iso9660.32
                0x00000000c0005f63                isoReadDiscSector
                0x00000000c0005ffe                strnicmp
                0x00000000c00062b1                stricmp
                0x00000000c00062fd                iso_open
                0x00000000c0006387                iso_close
                0x00000000c00063a5                iso_read
                0x00000000c00064bb                iso_seek
                0x00000000c000653f                iso_tell
                0x00000000c0006570                iso_total
                0x00000000c000659b                fn_postprocess
                0x00000000c00065c1                iso_readdir
                0x00000000c00067b2                iso_reset
                0x00000000c00067bf                init_percd
                0x00000000c00068b9                iso_ioctl
                0x00000000c00068c1                fs_iso9660_init
                0x00000000c000694a                fs_iso9660_shutdown
 .text          0x00000000c00069ba      0x685 core/computer.32
                0x00000000c00069ba                Computer::close(int, int, void*)
                0x00000000c00069ff                Krnl::firstTask()
                0x00000000c0006b32                Computer::Computer()
                0x00000000c0006b32                Computer::Computer()
                0x00000000c0006be4                Computer::setBootMessage(char const*)
                0x00000000c0006be6                Computer::detectFeatures()
                0x00000000c0006df0                Computer::displayFeatures()
                0x00000000c0006df2                Computer::rdmsr(unsigned int)
                0x00000000c0006e1e                Computer::wrmsr(unsigned int, unsigned long long)
                0x00000000c0006e56                Computer::shutdown()
                0x00000000c0006e6e                Computer::restart()
                0x00000000c0006e86                Computer::sleep()
                0x00000000c0006e9a                Computer::nmiEnabled()
                0x00000000c0006ea6                Computer::readCMOS(unsigned char)
                0x00000000c0006ec0                Computer::enableNMI(bool)
                0x00000000c0006ed8                Computer::open(int, int, void*)
                0x00000000c0006fac                Computer::disableNMI()
                0x00000000c0006fbc                Computer::writeCMOS(unsigned char, unsigned char)
                0x00000000c0006fda                Computer::handleNMI()
 *fill*         0x00000000c000703f        0x1 
 .text          0x00000000c0007040      0x1cf core/gdt.32
                0x00000000c0007040                GDTEntry::setBase(unsigned int)
                0x00000000c000705c                GDTEntry::setLimit(unsigned int)
                0x00000000c000707a                GDT::GDT()
                0x00000000c000707a                GDT::GDT()
                0x00000000c0007090                GDT::addEntry(GDTEntry)
                0x00000000c00070b2                GDT::getNumberOfEntries()
                0x00000000c00070ba                GDT::flush()
                0x00000000c00070dc                GDT::setup()
 .text          0x00000000c000720f       0x1d core/idle.32
                0x00000000c000720f                idleFunction(void*)
 .text          0x00000000c000722c      0x464 core/idt.32
                0x00000000c000722c                IDTEntry::IDTEntry(bool)
                0x00000000c000722c                IDTEntry::IDTEntry(bool)
                0x00000000c000729e                IDTEntry::setOffset(unsigned int)
                0x00000000c00072b4                IDT::IDT()
                0x00000000c00072b4                IDT::IDT()
                0x00000000c00072b6                IDT::getPointerToInvalidOpcodeEntryForF00F()
                0x00000000c00072be                IDT::addEntry(IDTEntry, int)
                0x00000000c00072d8                IDT::addEntry(int, void (*)(), bool)
                0x00000000c0007310                IDT::flush()
                0x00000000c000732a                IDT::setup()
 .text          0x00000000c0007690      0x183 core/kheap.32
                0x00000000c0007690                sbrk
                0x00000000c0007725                mmap
                0x00000000c000773b                munmap
                0x00000000c0007751                liballoc_lock()
                0x00000000c000775e                liballoc_unlock()
                0x00000000c0007772                liballoc_alloc(int)
                0x00000000c000778a                liballoc_free(void*, int)
                0x00000000c00077a5                realloc
                0x00000000c00077b9                malloc
                0x00000000c00077c9                free
                0x00000000c00077d9                rfree
                0x00000000c00077e9                calloc
 .text          0x00000000c0007813       0xc3 core/main.32
                0x00000000c0007813                KeEntryPoint
 .text          0x00000000c00078d6      0x5dc core/physmgr.32
                0x00000000c00078d6                Phys::allocateDMA(unsigned long)
                0x00000000c00079ad                Phys::freeDMA(unsigned long, unsigned long)
                0x00000000c00079e0                Phys::setPageState(unsigned long, bool)
                0x00000000c0007a12                Phys::getPageState(unsigned long)
                0x00000000c0007a33                Phys::freePage(unsigned long)
                0x00000000c0007a95                Phys::allocatePage()
                0x00000000c0007b53                Phys::allocateContiguousPages(int)
                0x00000000c0007baf                Phys::allowSegmentToBeUsed(unsigned long, unsigned long)
                0x00000000c0007be7                Phys::physicalMemorySetup(unsigned int)
 .text          0x00000000c0007eb2      0x273 core/pipe.32
                0x00000000c0007eb2                Pipe::isAtty()
                0x00000000c0007eb6                Pipe::~Pipe()
                0x00000000c0007eb6                Pipe::~Pipe()
                0x00000000c0007eda                Pipe::~Pipe()
                0x00000000c0007f02                Pipe::write(unsigned long long, void*, int*)
                0x00000000c0007fc2                Pipe::read(unsigned long long, void*, int*)
                0x00000000c00080be                Pipe::Pipe(int)
                0x00000000c00080be                Pipe::Pipe(int)
 *fill*         0x00000000c0008125        0x1 
 .text          0x00000000c0008126      0xaa8 core/terminal.32
                0x00000000c0008126                VgaText::isAtty()
                0x00000000c000812a                VgaText::~VgaText()
                0x00000000c000812a                VgaText::~VgaText()
                0x00000000c000814e                VgaText::~VgaText()
                0x00000000c0008178                VgaText::read(unsigned long long, void*, int*)
                0x00000000c0008198                setTerminalScrollLock(bool)
                0x00000000c0008199                doTerminalCycle()
                0x00000000c000819a                addToTerminalCycle(VgaText*)
                0x00000000c000819b                scrollTerminalScrollLock(int)
                0x00000000c000819c                VgaText::updateTitle()
                0x00000000c000819e                VgaText::load()
                0x00000000c00081a0                VgaText::updateCursor()
                0x00000000c00081b6                VgaText::doANSI_SGR(int)
                0x00000000c000822a                VgaText::setDefaultBgColour(VgaColour)
                0x00000000c000823a                VgaText::setDefaultFgColour(VgaColour)
                0x00000000c000824a                VgaText::setDefaultColours(VgaColour, VgaColour)
                0x00000000c000826a                VgaText::setTitleTextColour(VgaColour)
                0x00000000c0008276                VgaText::setTitleColour(VgaColour)
                0x00000000c0008282                VgaText::setTitle(char*)
                0x00000000c0008284                VgaText::combineColours(unsigned char, unsigned char)
                0x00000000c0008296                VgaText::scrollScreen()
                0x00000000c000832e                VgaText::combineCharAndColour(char, unsigned char)
                0x00000000c0008340                VgaText::writeCharacter(char, VgaColour, VgaColour, int, int)
                0x00000000c00083d0                VgaText::getCursorX()
                0x00000000c00083d8                VgaText::getCursorY()
                0x00000000c00083e0                VgaText::setCursor(int, int)
                0x00000000c00083f7                setActiveTerminal(VgaText*)
                0x00000000c0008442                VgaText::clearScreen()
                0x00000000c0008490                VgaText::setCursorX(int)
                0x00000000c00084a8                VgaText::setCursorY(int)
                0x00000000c00084c0                VgaText::incrementCursor(bool)
                0x00000000c0008514                VgaText::decrementCursor(bool)
                0x00000000c0008536                VgaText::putchar(char, VgaColour, VgaColour)
                0x00000000c0008604                VgaText::putchar(char)
                0x00000000c00086f0                VgaText::putx(unsigned int)
                0x00000000c0008736                VgaText::puts(char const*)
                0x00000000c000875c                VgaText::write(unsigned long long, void*, int*)
                0x00000000c00087a8                VgaText::puts(char const*, VgaColour, VgaColour)
                0x00000000c00088fa                VgaText::VgaText(char const*)
                0x00000000c00088fa                VgaText::VgaText(char const*)
                0x00000000c0008a4e                VgaText::receiveKey(unsigned char)
                0x00000000c0008ba8                VgaText::doUpdate()
                0x00000000c0008ba9                newTerminal(char*)
 *fill*         0x00000000c0008bce        0x2 
 .text          0x00000000c0008bd0      0x1a1 core/tss.32
                0x00000000c0008bd0                TSS::TSS()
                0x00000000c0008bd0                TSS::TSS()
                0x00000000c0008be0                TSS::setESP(unsigned long)
                0x00000000c0008bf4                TSS::flush()
                0x00000000c0008c14                TSS::setup(unsigned long, unsigned long)
 *fill*         0x00000000c0008d71        0x1 
 .text          0x00000000c0008d72      0x4c2 core/unixfile.32
                0x00000000c0008d72                ReservedFilename::read(unsigned long long, void*, int*)
                0x00000000c0008dc8                ReservedFilename::isAtty()
                0x00000000c0008de4                ReservedFilename::write(unsigned long long, void*, int*)
                0x00000000c0008e42                UnixFile::getFileDescriptor()
                0x00000000c0008e4a                UnixFile::UnixFile(int)
                0x00000000c0008e4a                UnixFile::UnixFile(int)
                0x00000000c0008ffa                ReservedFilename::ReservedFilename(int)
                0x00000000c0008ffa                ReservedFilename::ReservedFilename(int)
                0x00000000c000902c                UnixFile::~UnixFile()
                0x00000000c000902c                UnixFile::~UnixFile()
                0x00000000c00090c4                UnixFile::~UnixFile()
                0x00000000c00090ec                ReservedFilename::~ReservedFilename()
                0x00000000c00090ec                ReservedFilename::~ReservedFilename()
                0x00000000c0009110                ReservedFilename::~ReservedFilename()
                0x00000000c0009137                getFromFileDescriptor(int)
 .text          0x00000000c0009234     0x1166 core/virtmgr.32
                0x00000000c0009234                Virt::setPageState(unsigned long, Virt::VirtPageState)
                0x00000000c0009269                Virt::getPageState(unsigned long)
                0x00000000c000928d                Virt::allocateKernelVirtualPages(int)
                0x00000000c000939e                Virt::freeSwapfilePage(unsigned long)
                0x00000000c00093bc                Virt::swapIDToSector(unsigned long)
                0x00000000c00093ce                Virt::allocateSwapfilePage()
                0x00000000c000944c                Virt::virtualMemorySetup()
                0x00000000c0009497                Virt::setupPageSwapping(int)
                0x00000000c0009508                VAS::VAS()
                0x00000000c0009508                VAS::VAS()
                0x00000000c0009544                VAS::VAS(VAS*)
                0x00000000c0009544                VAS::VAS(VAS*)
                0x00000000c0009572                VAS::getForeignPageTableEntry(bool, unsigned long)
                0x00000000c000959e                VAS::getPageTableEntry(unsigned long)
                0x00000000c00095bd                Virt::freeKernelVirtualPages(unsigned long)
                0x00000000c00096e2                VAS::freeAllocatedPages(unsigned long)
                0x00000000c0009706                VAS::virtualToPhysical(unsigned long)
                0x00000000c0009720                VAS::reflagRange(unsigned long, int, int, int)
                0x00000000c0009760                VAS::setToWriteCombining(unsigned long, int)
                0x00000000c0009794                VAS::mapOtherVASIn(bool, VAS*)
                0x00000000c00097be                VAS::~VAS()
                0x00000000c00097be                VAS::~VAS()
                0x00000000c0009922                VAS::mapPage(unsigned long, unsigned long, int)
                0x00000000c0009a26                VAS::allocatePages(int, int)
                0x00000000c0009bfe                VAS::setCPUSpecific(unsigned long)
                0x00000000c0009c1c                VAS::mapRange(unsigned long, unsigned long, int, int)
                0x00000000c0009ce2                VAS::mapForeignPage(bool, VAS*, unsigned long, unsigned long, int)
                0x00000000c0009dd0                VAS::VAS(bool)
                0x00000000c0009dd0                VAS::VAS(bool)
                0x00000000c000a050                VAS::evict(unsigned long)
                0x00000000c000a112                VAS::tryLoadBackOffDisk(unsigned long)
                0x00000000c000a200                VAS::scanForEviction()
                0x00000000c000a2e0                mapVASFirstTime
 .text          0x00000000c000a39a       0x5f coreobjs/c++.32
                0x00000000c000a39a                __cxa_atexit
                0x00000000c000a39d                __cxa_finalize
                0x00000000c000a39e                __stack_chk_fail
                0x00000000c000a3d4                __cxa_pure_virtual
                0x00000000c000a3e5                operator new[](unsigned long)
                0x00000000c000a3ea                operator delete(void*, unsigned long)
                0x00000000c000a3ef                operator delete[](void*)
                0x00000000c000a3f4                operator delete[](void*, unsigned long)
 .text          0x00000000c000a3f9      0x21c dbg/kconsole.32
                0x00000000c000a3f9                Dbg::stringifyxWithBase(unsigned int, char*, int)
                0x00000000c000a464                Dbg::logc(char)
                0x00000000c000a484                Dbg::logs(char*)
                0x00000000c000a4a1                Dbg::logWriteInt(unsigned int)
                0x00000000c000a4bf                Dbg::logWriteIntBase(unsigned int, int)
                0x00000000c000a4e0                Dbg::kprintf(char const*, ...)
 *fill*         0x00000000c000a615        0x1 
 .text          0x00000000c000a616      0xc5c fs/vfs.32
                0x00000000c000a616                File::read(unsigned long long, void*, int*)
                0x00000000c000a66e                File::write(unsigned long long, void*, int*)
                0x00000000c000a6c6                Directory::read(unsigned long long, void*, int*)
                0x00000000c000a71e                Directory::write(unsigned long long, void*, int*)
                0x00000000c000a74c                File::isAtty()
                0x00000000c000a750                Directory::isAtty()
                0x00000000c000a754                Filesystem::getlabel(LogicalDisk*, int, char*, unsigned int*)
                0x00000000c000a75a                Filesystem::setlabel(LogicalDisk*, int, char*)
                0x00000000c000a760                Filesystem::allocateSwapfile(char const*, int)
                0x00000000c000a766                File::~File()
                0x00000000c000a766                File::~File()
                0x00000000c000a78a                File::~File()
                0x00000000c000a7b4                Directory::~Directory()
                0x00000000c000a7b4                Directory::~Directory()
                0x00000000c000a7d8                Directory::~Directory()
                0x00000000c000a802                Filesystem::Filesystem()
                0x00000000c000a802                Filesystem::Filesystem()
                0x00000000c000a826                Filesystem::~Filesystem()
                0x00000000c000a826                Filesystem::~Filesystem()
                0x00000000c000a834                Filesystem::~Filesystem()
                0x00000000c000a858                Fs::getcwd(Process*, char*, int)
                0x00000000c000a882                Fs::initVFS()
                0x00000000c000a8ac                Fs::standardiseFiles(char*, char const*, char const*)
                0x00000000c000aa56                File::File(char const*, Process*)
                0x00000000c000aa56                File::File(char const*, Process*)
                0x00000000c000ab16                File::open(FileOpenMode)
                0x00000000c000ab74                File::close()
                0x00000000c000abd4                File::seek(unsigned long long)
                0x00000000c000ac2a                File::tell(unsigned long long*)
                0x00000000c000ac7a                File::rewind()
                0x00000000c000ac8e                File::unlink()
                0x00000000c000acda                File::rename(char const*)
                0x00000000c000ad28                File::chfatattr(unsigned char, unsigned char)
                0x00000000c000ad84                File::exists()
                0x00000000c000adc2                File::stat(unsigned long long*, bool*)
                0x00000000c000ae23                Fs::setcwd(Process*, char*)
                0x00000000c000af80                Directory::Directory(char const*, Process*)
                0x00000000c000af80                Directory::Directory(char const*, Process*)
                0x00000000c000b040                Directory::open()
                0x00000000c000b09c                Directory::close()
                0x00000000c000b0fc                Directory::unlink()
                0x00000000c000b148                Directory::rename(char const*)
                0x00000000c000b196                Directory::exists()
                0x00000000c000b1d4                Directory::read(dirent*)
                0x00000000c000b220                Directory::create()
                0x00000000c000b26c                Filesystem::chfatattr(char const*, unsigned char, unsigned char)
 *fill*         0x00000000c000b272        0x2 
 .text          0x00000000c000b274       0x86 hal/bus.32
                0x00000000c000b274                Bus::Bus(char const*)
                0x00000000c000b274                Bus::Bus(char const*)
                0x00000000c000b2ac                Bus::~Bus()
                0x00000000c000b2ac                Bus::~Bus()
                0x00000000c000b2d0                Bus::~Bus()
 .text          0x00000000c000b2fa       0x96 hal/buzzer.32
                0x00000000c000b2fa                beepThread(void*)
                0x00000000c000b337                Krnl::beep(int, int, bool)
 .text          0x00000000c000b390      0x46d hal/clock.32
                0x00000000c000b390                User::loadClockSettings(int)
                0x00000000c000b3e2                Clock::Clock(char const*)
                0x00000000c000b3e2                Clock::Clock(char const*)
                0x00000000c000b418                Clock::~Clock()
                0x00000000c000b418                Clock::~Clock()
                0x00000000c000b43c                Clock::~Clock()
                0x00000000c000b466                Clock::timeInSecondsLocal()
                0x00000000c000b4ae                Clock::setTimeInSecondsLocal(unsigned long long)
                0x00000000c000b507                datetimeToSeconds(datetime_t)
                0x00000000c000b634                Clock::setTimeInDatetimeLocal(datetime_t)
                0x00000000c000b694                secondsToDatetime(unsigned long long)
                0x00000000c000b7d8                Clock::timeInDatetimeLocal()
 *fill*         0x00000000c000b7fd        0x1 
 .text          0x00000000c000b7fe      0x464 hal/device.32
                0x00000000c000b7fe                Device::hibernate()
                0x00000000c000b800                Device::wake()
                0x00000000c000b802                Device::detect()
                0x00000000c000b804                Device::disableLegacy()
                0x00000000c000b806                Device::powerSaving(PowerSavingLevel)
                0x00000000c000b808                DriverlessDevice::close(int, int, void*)
                0x00000000c000b80c                DriverlessDevice::detect()
                0x00000000c000b80e                DriverlessDevice::open(int, int, void*)
                0x00000000c000b822                Device::~Device()
                0x00000000c000b822                Device::~Device()
                0x00000000c000b830                Device::~Device()
                0x00000000c000b858                Device::findAndLoadDriver()
                0x00000000c000b866                Device::preOpenPCI(PCIDeviceInfo)
                0x00000000c000b88c                Device::preOpenACPI(void*, char*, char*)
                0x00000000c000b8cc                Device::addIRQHandler(int, void (*)(regs*, void*), bool, void*)
                0x00000000c000b8f6                Device::getParent()
                0x00000000c000b902                Device::removeIRQHandler(int, void (*)(regs*, void*), bool)
                0x00000000c000b920                Device::addChild(Device*)
                0x00000000c000b964                Device::removeAllChildren()
                0x00000000c000b9aa                Device::hibernateAll()
                0x00000000c000b9da                Device::wakeAll()
                0x00000000c000ba0a                Device::detectAll()
                0x00000000c000ba3a                Device::disableLegacyAll()
                0x00000000c000ba3c                Device::loadDriversForAll()
                0x00000000c000ba3e                Device::closeAll()
                0x00000000c000ba74                Device::powerSavingAll(PowerSavingLevel)
                0x00000000c000baaa                Device::setName(char const*)
                0x00000000c000bab8                Device::Device(char const*)
                0x00000000c000bab8                Device::Device(char const*)
                0x00000000c000bbb4                Device::getName()
                0x00000000c000bbbe                DriverlessDevice::DriverlessDevice(char const*)
                0x00000000c000bbbe                DriverlessDevice::DriverlessDevice(char const*)
                0x00000000c000bbf4                Device::addToLinkedList(LinkedList<Device>&, DeviceType)
                0x00000000c000bc38                getDevicesOfType(DeviceType)
 *fill*         0x00000000c000bc62        0x2 
 .text          0x00000000c000bc64       0x86 hal/diskctrl.32
                0x00000000c000bc64                HardDiskController::HardDiskController(char const*)
                0x00000000c000bc64                HardDiskController::HardDiskController(char const*)
                0x00000000c000bc9c                HardDiskController::~HardDiskController()
                0x00000000c000bc9c                HardDiskController::~HardDiskController()
                0x00000000c000bcc0                HardDiskController::~HardDiskController()
 .text          0x00000000c000bcea       0xe2 hal/diskphys.32
                0x00000000c000bcea                PhysicalDisk::eject()
                0x00000000c000bcee                PhysicalDisk::PhysicalDisk(char const*, int)
                0x00000000c000bcee                PhysicalDisk::PhysicalDisk(char const*, int)
                0x00000000c000bd56                PhysicalDisk::startCache()
                0x00000000c000bd7e                PhysicalDisk::~PhysicalDisk()
                0x00000000c000bd7e                PhysicalDisk::~PhysicalDisk()
                0x00000000c000bda2                PhysicalDisk::~PhysicalDisk()
 .text          0x00000000c000bdcc        0x0 hal/fpu.32
 .text          0x00000000c000bdcc      0x35d hal/intctrl.32
                0x00000000c000bdcc                int_handler
                0x00000000c000be54                installISRHandler(int, void (*)(regs*, void*), void*)
                0x00000000c000be9c                installIRQHandler(int, void (*)(regs*, void*), bool, void*)
                0x00000000c000bfd4                uninstallISRHandler(int, void (*)(regs*, void*))
                0x00000000c000c008                uninstallIRQHandler(int, void (*)(regs*, void*), bool)
                0x00000000c000c087                setupINTS()
                0x00000000c000c0e4                convertLegacyIRQNumber(int)
 *fill*         0x00000000c000c129        0x1 
 .text          0x00000000c000c12a      0x7a6 hal/keybrd.32
                0x00000000c000c12a                startGUI(void*)
                0x00000000c000c196                startGUIVESA(void*)
                0x00000000c000c202                sendKeyToTerminal(unsigned char)
                0x00000000c000c2c5                sendKeyboardToken(KeyboardToken)
                0x00000000c000c720                clearInternalKeybuffer(VgaText*)
                0x00000000c000c755                readKeyboard(VgaText*, char*, unsigned long)
                0x00000000c000c846                Keyboard::Keyboard(char const*)
                0x00000000c000c846                Keyboard::Keyboard(char const*)
                0x00000000c000c882                Keyboard::~Keyboard()
                0x00000000c000c882                Keyboard::~Keyboard()
                0x00000000c000c8a6                Keyboard::~Keyboard()
 .text          0x00000000c000c8d0      0x3ea hal/logidisk.32
                0x00000000c000c8d0                LogicalDisk::close(int, int, void*)
                0x00000000c000c8d4                LogicalDisk::~LogicalDisk()
                0x00000000c000c8d4                LogicalDisk::~LogicalDisk()
                0x00000000c000c8f8                LogicalDisk::~LogicalDisk()
                0x00000000c000c922                LogicalDisk::open(int, int, void*)
                0x00000000c000c936                LogicalDisk::absoluteToRelative(unsigned long long)
                0x00000000c000c96e                LogicalDisk::relativeToAbsolute(unsigned long long)
                0x00000000c000c9b4                LogicalDisk::LogicalDisk(char const*, PhysicalDisk*, unsigned long long, unsigned long long)
                0x00000000c000c9b4                LogicalDisk::LogicalDisk(char const*, PhysicalDisk*, unsigned long long, unsigned long long)
                0x00000000c000ca6a                LogicalDisk::assignDriveLetter()
                0x00000000c000cb20                LogicalDisk::mount()
                0x00000000c000cb68                LogicalDisk::unmount()
                0x00000000c000cb78                LogicalDisk::eject()
                0x00000000c000cb8c                LogicalDisk::unassignDriveLetter()
                0x00000000c000cbe2                LogicalDisk::read(unsigned long long, int, void*)
                0x00000000c000cc4e                LogicalDisk::write(unsigned long long, int, void*)
 *fill*         0x00000000c000ccba        0x2 
 .text          0x00000000c000ccbc       0x86 hal/mouse.32
                0x00000000c000ccbc                Mouse::Mouse(char const*)
                0x00000000c000ccbc                Mouse::Mouse(char const*)
                0x00000000c000ccf4                Mouse::~Mouse()
                0x00000000c000ccf4                Mouse::~Mouse()
                0x00000000c000cd18                Mouse::~Mouse()
 .text          0x00000000c000cd42      0x339 hal/partition.32
                0x00000000c000cd42                makePartition(PhysicalDisk*, unsigned long long, unsigned long long)
                0x00000000c000cdea                createPartitionsForDisk(PhysicalDisk*)
 *fill*         0x00000000c000d07b        0x1 
 .text          0x00000000c000d07c       0x86 hal/serial.32
                0x00000000c000d07c                Serial::Serial(char const*)
                0x00000000c000d07c                Serial::Serial(char const*)
                0x00000000c000d0b4                Serial::~Serial()
                0x00000000c000d0b4                Serial::~Serial()
                0x00000000c000d0d8                Serial::~Serial()
 *fill*         0x00000000c000d102        0x2 
 .text          0x00000000c000d104      0x234 hal/timer.32
                0x00000000c000d104                Timer::Timer(char const*)
                0x00000000c000d104                Timer::Timer(char const*)
                0x00000000c000d13c                Timer::~Timer()
                0x00000000c000d13c                Timer::~Timer()
                0x00000000c000d160                Timer::~Timer()
                0x00000000c000d18a                Timer::read()
                0x00000000c000d195                setupTimer(int)
                0x00000000c000d1d0                timerHandler(unsigned int)
 .text          0x00000000c000d338      0x3ee hal/vcache.32
                0x00000000c000d338                VCache::VCache(PhysicalDisk*)
                0x00000000c000d338                VCache::VCache(PhysicalDisk*)
                0x00000000c000d4a0                VCache::invalidateReadBuffer()
                0x00000000c000d4b0                VCache::writeWriteBuffer()
                0x00000000c000d4fc                VCache::~VCache()
                0x00000000c000d4fc                VCache::~VCache()
                0x00000000c000d550                VCache::~VCache()
                0x00000000c000d578                VCache::write(unsigned long long, int, void*)
                0x00000000c000d68e                VCache::read(unsigned long long, int, void*)
 .text          0x00000000c000d726      0x4b3 hal/video.32
                0x00000000c000d726                Video::putrect(int, int, int, int, unsigned int)
                0x00000000c000d772                Video::bitblit(int, int, int, int, int, int, int, unsigned int*)
                0x00000000c000d7e2                Video::blit(unsigned int*, int, int, int, int)
                0x00000000c000d860                Video::clearScreen(unsigned int)
                0x00000000c000d894                Video::putpixel(int, int, unsigned int)
                0x00000000c000d8a2                Video::Video(char const*)
                0x00000000c000d8a2                Video::Video(char const*)
                0x00000000c000d8d8                Video::~Video()
                0x00000000c000d8d8                Video::~Video()
                0x00000000c000d8fc                Video::~Video()
                0x00000000c000d926                Video::isMonochrome()
                0x00000000c000d932                Video::getWidth()
                0x00000000c000d93e                Video::getHeight()
                0x00000000c000d94a                Video::drawCursor(int, int, unsigned char*, int)
                0x00000000c000da06                Video::tgaParse(unsigned char*, int, int*, int*)
                0x00000000c000db6e                Video::putTGA(int, int, unsigned char*, int)
 *fill*         0x00000000c000dbd9        0x3 
 .text          0x00000000c000dbdc     0x1307 hw/acpi.32
                0x00000000c000dbdc                ACPI::close(int, int, void*)
                0x00000000c000dc94                findRSDP()
                0x00000000c000dd24                loadACPITables(unsigned char*)
                0x00000000c000df88                findRSDT(unsigned char*)
                0x00000000c000e0d8                findDataTable(unsigned char*, char*)
                0x00000000c000e150                scanMADT()
                0x00000000c000e624                ACPI::ACPI()
                0x00000000c000e624                ACPI::ACPI()
                0x00000000c000e678                ACPI::getPCIIRQAssignment(unsigned char, unsigned short, unsigned char)
                0x00000000c000e760                ACPI::registerPCIIRQAssignment(void*, unsigned short, unsigned char, unsigned char)
                0x00000000c000e828                ACPI::setScreenBrightnessLevel(void*, int)
                0x00000000c000e830                ACPI::detectPCI()
                0x00000000c000ea38                ACPI::writeSimpleBootFlag(SimpleBootFlagTable*)
                0x00000000c000ea8c                ACPI::sleep()
                0x00000000c000eaa8                ACPI::open(int, int, void*)
 *fill*         0x00000000c000eee3        0x1 
 .text          0x00000000c000eee4      0xb95 hw/cpu.32
                0x00000000c000eee4                CPU::close(int, int, void*)
                0x00000000c000eee8                CPU::AMD_K6_write_msr(unsigned int, unsigned int, unsigned int, CPU::REGS*)
                0x00000000c000ef04                CPU::AMD_K6_read_msr(unsigned int, CPU::REGS*)
                0x00000000c000ef1c                CPU::AMD_K6_writeback(int, int, int)
                0x00000000c000ef90                CPU::cpuid(int, unsigned long*, unsigned long*, unsigned long*, unsigned long*)
                0x00000000c000f014                CPU::cpuidCheckEDX(unsigned int)
                0x00000000c000f042                CPU::cpuidCheckECX(unsigned int)
                0x00000000c000f070                CPU::cpuidCheckExtendedEBX(unsigned int)
                0x00000000c000f09e                CPU::cpuidCheckExtendedECX(unsigned int)
                0x00000000c000f0cc                CPU::CPU()
                0x00000000c000f0cc                CPU::CPU()
                0x00000000c000f15a                CPU::displayFeatures()
                0x00000000c000f15c                CPU::detectFeatures()
                0x00000000c000f820                CPU::setupSMEP()
                0x00000000c000f82c                CPU::setupUMIP()
                0x00000000c000f836                CPU::setupTSC()
                0x00000000c000f840                CPU::setupLargePages()
                0x00000000c000f84a                CPU::setupPAT()
                0x00000000c000f886                CPU::setupMTRR()
                0x00000000c000f888                CPU::setupGlobalPages()
                0x00000000c000f892                CPU::allowUsermodeDataAccess()
                0x00000000c000f8a4                CPU::prohibitUsermodeDataAccess()
                0x00000000c000f8b6                CPU::setupSMAP()
                0x00000000c000f8c4                CPU::setupFeatures()
                0x00000000c000f990                CPU::open(int, int, void*)
 .text          0x00000000c000fa79       0xd1 krnl/bootmsg.32
                0x00000000c000fa79                KeDisplaySplashScreen()
                0x00000000c000fae7                KeSetBootMessage(char const*)
 .text          0x00000000c000fb4a      0x581 krnl/env.32
                0x00000000c000fb4a                EnvVarContainer::getEnv(char const*)
                0x00000000c000fb88                EnvVarContainer::setEnv(char const*, char const*)
                0x00000000c000fc4a                EnvVarContainer::deleteEnv(char const*)
                0x00000000c000fc4c                EnvVarContainer::loadFrom(char const*, char const*)
                0x00000000c000fe32                EnvVarContainer::__loadSystem()
                0x00000000c000fe4c                EnvVarContainer::__loadUser()
                0x00000000c000fe4e                EnvVarContainer::EnvVarContainer(Process*)
                0x00000000c000fe4e                EnvVarContainer::EnvVarContainer(Process*)
                0x00000000c000fe70                EnvVarContainer::~EnvVarContainer()
                0x00000000c000fe70                EnvVarContainer::~EnvVarContainer()
                0x00000000c000fea0                Krnl::getEnv(Process*, char const*)
                0x00000000c000ff05                Krnl::setEnvSystem(char const*, char const*)
                0x00000000c000ff1f                Krnl::setEnvUser(char const*, char const*)
                0x00000000c000ff3e                Krnl::setEnvProcess(Process*, char const*, char const*)
                0x00000000c000ff51                Krnl::deleteEnvSystem(char const*)
                0x00000000c000ff52                Krnl::deleteEnvUser(char const*)
                0x00000000c000ff53                Krnl::deleteEnvProcess(Process*, char const*)
                0x00000000c000ff54                Krnl::newProcessEnv(Process*)
                0x00000000c000ff76                Krnl::copyProcessEnv(Process*, Process*)
                0x00000000c000ffc2                Krnl::loadSystemEnv()
                0x00000000c000fff0                Krnl::loadUserEnv()
                0x00000000c0010016                Krnl::flushEnv()
                0x00000000c0010017                Krnl::getProcessTotalEnvCount(Process*)
                0x00000000c0010037                Krnl::getProcessEnvPair(Process*, int)
 .text          0x00000000c00100cb       0x94 krnl/inlines.32
                0x00000000c00100cb                CPU::current()
                0x00000000c00100d7                operator new(unsigned long)
                0x00000000c00100dc                operator delete(void*)
                0x00000000c00100e1                disableIRQs()
                0x00000000c00100e3                enableIRQs()
                0x00000000c00100e5                lockScheduler()
                0x00000000c00100ed                unlockScheduler()
                0x00000000c00100fc                lockStuff()
                0x00000000c001010a                unlockStuff()
                0x00000000c0010144                Virt::getAKernelVAS()
                0x00000000c001014a                __not_memcpy
 .text          0x00000000c001015f        0xc krnl/panic.32
                0x00000000c001015f                KePanic(char const*)
 .text          0x00000000c001016b      0x142 krnl/powctrl.32
                0x00000000c001016b                Krnl::powerThread(void*)
                0x00000000c0010199                Krnl::changePowerSettings(Krnl::PowerSettings)
                0x00000000c00101af                Krnl::userIOReceived()
                0x00000000c00101ba                Krnl::handlePowerButton()
                0x00000000c00101ef                Krnl::handleSleepButton()
                0x00000000c0010224                Krnl::setupPowerManager()
 *fill*         0x00000000c00102ad        0x3 
 .text          0x00000000c00102b0      0x190 krnl/resolve.32
                0x00000000c00102b0                KeResolveCompatibilitySymbol(char*)
 .text          0x00000000c0010440      0xc72 krnl/syscalls.32
                0x00000000c0010440                SysSeekDir(regs*)
                0x00000000c0010445                SysTellDir(regs*)
                0x00000000c001044a                SysVerify(regs*)
                0x00000000c0010454                SysGetArgc(regs*)
                0x00000000c0010464                SysTTYName(regs*)
                0x00000000c001046c                SysFormatDisk(regs*)
                0x00000000c00104d9                SysSetDiskVolumeLabel(regs*)
                0x00000000c0010523                SysGetDiskVolumeLabel(regs*)
                0x00000000c0010578                SysShutdown(regs*)
                0x00000000c00105d6                SysRealpath(regs*)
                0x00000000c0010619                SysReadDir(regs*)
                0x00000000c0010699                SysIsATTY(regs*)
                0x00000000c00106f5                SysSeek(regs*)
                0x00000000c001074e                SysTell(regs*)
                0x00000000c00107bd                SysSize(regs*)
                0x00000000c0010832                SysSizeFromFilename(regs*)
                0x00000000c00108e5                SysClose(regs*)
                0x00000000c0010945                SysOpenDir(regs*)
                0x00000000c00109bc                SysCloseDir(regs*)
                0x00000000c0010a10                SysMakeDir(regs*)
                0x00000000c0010a82                SysWait(regs*)
                0x00000000c0010a9f                SysNotImpl(regs*)
                0x00000000c0010aba                SysPanic(regs*)
                0x00000000c0010ad5                SysRmdir(regs*)
                0x00000000c0010b3c                SysUnlink(regs*)
                0x00000000c0010ba3                SysGetArgv(regs*)
                0x00000000c0010bf0                SysUSleep(regs*)
                0x00000000c0010c19                SysSpawn(regs*)
                0x00000000c0010c82                SysGetEnv(regs*)
                0x00000000c0010d31                SysSetFatAttrib(regs*)
                0x00000000c0010da8                SysPipe(regs*)
                0x00000000c0010ded                SysGetUnixTime(regs*)
                0x00000000c0010e01                string_ends_with(char const*, char const*)
                0x00000000c0010e4b                SysOpen(regs*)
                0x00000000c001103f                KeSystemCall(regs*, void*)
 .text          0x00000000c00110b2      0x50e reg/registry.32
                0x00000000c00110b2                Reg::findLineFromLoadedData(char*, char*, char*)
                0x00000000c001120a                Reg::getLineFromRegistry(char*, char*, char*, char*)
                0x00000000c001135f                Reg::getLine(char*, char*, char*)
                0x00000000c0011396                Reg::readInt(char*, char*, int*)
                0x00000000c0011481                Reg::readString(char*, char*, char*, int)
                0x00000000c0011502                Reg::readBool(char*, char*, bool*)
                0x00000000c0011527                Reg::readBoolWithDefault(char*, char*, bool)
                0x00000000c0011553                Reg::readIntWithDefault(char*, char*, int)
                0x00000000c001157f                Reg::readStringWithDefault(char*, char*, char*, int, char*)
 .text          0x00000000c00115c0       0x36 sys/eject.32
                0x00000000c00115c0                SysEject(regs*)
 .text          0x00000000c00115f6       0x18 sys/exit.32
                0x00000000c00115f6                SysExit(regs*)
 .text          0x00000000c001160e       0x1f sys/getcwd.32
                0x00000000c001160e                SysGetCwd(regs*)
 .text          0x00000000c001162d        0xc sys/getpid.32
                0x00000000c001162d                SysGetPID(regs*)
 .text          0x00000000c0011639       0x1a sys/getramdata.32
                0x00000000c0011639                SysGetRAMData(regs*)
 .text          0x00000000c0011653       0x82 sys/getvgaptr.32
                0x00000000c0011653                SysGetVGAPtr(regs*)
 .text          0x00000000c00116d5       0xa8 sys/loaddll.32
                0x00000000c00116d5                SysLoadDLL(regs*)
 .text          0x00000000c001177d       0x68 sys/read.32
                0x00000000c001177d                SysRead(regs*)
 .text          0x00000000c00117e5       0x55 sys/sbrk.32
                0x00000000c00117e5                SysSbrk(regs*)
 .text          0x00000000c001183a       0x1c sys/setcwd.32
                0x00000000c001183a                SysSetCwd(regs*)
 .text          0x00000000c0011856       0x95 sys/settime.32
                0x00000000c0011856                SysSetTime(regs*)
 .text          0x00000000c00118eb       0x4a sys/timezone.32
                0x00000000c00118eb                SysTimezone(regs*)
 .text          0x00000000c0011935       0x68 sys/write.32
                0x00000000c0011935                SysWrite(regs*)
 .text          0x00000000c001199d       0x62 sys/wsbe.32
                0x00000000c001199d                SysWsbe(regs*)
 .text          0x00000000c00119ff       0x25 sys/yield.32
                0x00000000c00119ff                SysYield(regs*)
 .text          0x00000000c0011a24     0x11e5 thr/elf.32
                0x00000000c0011a24                Thr::allocateMemoryForTask(Process*, File*, unsigned long, unsigned long, unsigned long)
                0x00000000c0011cb0                Thr::loadProgramIntoMemory(Process*, char const*)
                0x00000000c0011ec6                Thr::runtimeReferenceHelper()
                0x00000000c0011ed9                Thr::getAddressOfKernelSymbol(char const*)
                0x00000000c0011f28                Thr::loadKernelSymbolTable(char const*)
                0x00000000c00121e6                Thr::loadDriverIntoMemory(char const*, unsigned long, bool)
                0x00000000c001291c                Thr::getDriverBaseFromAddress(unsigned long)
                0x00000000c001294e                Thr::getDriverNameFromAddress(unsigned long)
                0x00000000c0012985                Thr::getDriverOffsetFromAddress(unsigned long)
                0x00000000c001299f                Thr::loadDLL(char const*, bool)
                0x00000000c0012bd0                Thr::executeDLL(unsigned long, void*)
 *fill*         0x00000000c0012c09        0x3 
 .text          0x00000000c0012c0c     0x12dd thr/prcssthr.32
                0x00000000c0012c0c                userModeEntryPoint(void*)
                0x00000000c0012c34                changeTSS
                0x00000000c0012c64                switchToThread(ThreadControlBlock*)
                0x00000000c0012d18                Process::addArgs(char**)
                0x00000000c0012d78                Process::Process(char const*, Process*, char**)
                0x00000000c0012d78                Process::Process(char const*, Process*, char**)
                0x00000000c0012f74                Process::Process(bool, char const*, Process*, char**)
                0x00000000c0012f74                Process::Process(bool, char const*, Process*, char**)
                0x00000000c001313c                taskStartupFunction
                0x00000000c0013148                Semaphore::Semaphore(int)
                0x00000000c0013148                Semaphore::Semaphore(int)
                0x00000000c0013178                Mutex::Mutex()
                0x00000000c0013178                Mutex::Mutex()
                0x00000000c001318c                Process::createThread(void (*)(void*), void*, int)
                0x00000000c0013284                Process::createUserThread()
                0x00000000c00132a4                setupMultitasking(void (*)())
                0x00000000c00133ac                schedule()
                0x00000000c001343c                Semaphore::tryAcquire()
                0x00000000c0013508                Semaphore::assertLocked(char const*)
                0x00000000c0013580                blockTaskWithSchedulerLockAlreadyHeld(TaskState)
                0x00000000c00135a8                blockTask(TaskState)
                0x00000000c00135d8                waitTask(int, int*, int)
                0x00000000c001361c                milliTenthSleepUntil(unsigned int)
                0x00000000c00136ac                milliTenthSleep(unsigned int)
                0x00000000c00136bc                sleep(unsigned int)
                0x00000000c00136d8                Semaphore::acquire()
                0x00000000c0013794                taskReturned
                0x00000000c00137d0                Thr::processFromPID(int)
                0x00000000c0013870                unblockTask(ThreadControlBlock*)
                0x00000000c0013914                cleanupTerminatedTask(ThreadControlBlock*)
                0x00000000c0013be0                cleanerTaskFunction(void*)
                0x00000000c0013cd0                terminateTask(int)
                0x00000000c0013d9c                Thr::terminateFromIRQ(int)
                0x00000000c0013dac                Semaphore::release()
 .text          0x00000000c0013ee9      0xb93 vm86/vm8086.32
                0x00000000c0013ee9                Vm::inbv(unsigned short)
                0x00000000c0013efc                Vm::outbv(unsigned short, unsigned char)
                0x00000000c0013f32                Vm::realToLinear(unsigned short, unsigned short)
                0x00000000c0013f42                Vm::getSegment(unsigned int)
                0x00000000c0013f4a                Vm::getOffset(unsigned int)
                0x00000000c0013f4f                Vm::mainloop2()
                0x00000000c0013f89                Vm::mainVm8086Loop(void*)
                0x00000000c0013f99                Vm::mainloop3(unsigned long)
                0x00000000c0013fbf                Vm::initialise8086()
                0x00000000c0014002                Vm::finish8086()
                0x00000000c0014063                Vm::getOutput8086(unsigned char*)
                0x00000000c0014088                Vm::start8086FromBuffer(unsigned char*, int, unsigned short, unsigned short, unsigned short, unsigned short)
                0x00000000c0014141                Vm::start8086(char const*, unsigned short, unsigned short, unsigned short, unsigned short)
                0x00000000c00142a9                Vm::doISR(regs*, int, unsigned char*, unsigned short, unsigned short)
                0x00000000c0014333                Vm::readByteFromReal(unsigned short, unsigned short)
                0x00000000c0014344                Vm::readWordFromReal(unsigned short, unsigned short)
                0x00000000c0014356                Vm::readDwordFromReal(unsigned short, unsigned short)
                0x00000000c0014367                Vm::writeByteFromReal(unsigned short, unsigned short, unsigned char)
                0x00000000c001437c                Vm::writeWordFromReal(unsigned short, unsigned short, unsigned short)
                0x00000000c0014392                Vm::writeDwordFromReal(unsigned short, unsigned short, unsigned int)
                0x00000000c00143a7                Vm::faultHandler(regs*)
 .text          0x00000000c0014a7c      0xa53 arch/i386/hal.32
                0x00000000c0014a7c                noCopro(unsigned long)
                0x00000000c0014a7d                nmiHandler(regs*, void*)
                0x00000000c0014a96                doubleFault(regs*, void*)
                0x00000000c0014aaf                displayDebugInfo(regs*)
                0x00000000c0014dd0                HalSystemIdle()
                0x00000000c0014e46                displayProgramFault(char const*)
                0x00000000c0014e92                gpFault(regs*, void*)
                0x00000000c0014ef7                pgFault(regs*, void*)
                0x00000000c0014f7d                otherISRHandler(regs*, void*)
                0x00000000c0014fb1                opcodeFault(regs*, void*)
                0x00000000c0015031                i386SaveCoprocessor(void*)
                0x00000000c0015045                i386LoadCoprocessor(void*)
                0x00000000c0015059                x87EmulHandler(regs*, void*)
                0x00000000c00150f6                HalInitialiseCoprocessor()
                0x00000000c00151a4                HalPanic(char const*)
                0x00000000c001529d                HalQueryPerformanceCounter()
                0x00000000c00152b8                HalInitialise()
                0x00000000c001545e                HalMakeBeep(int)
                0x00000000c0015498                HalGetRand()
                0x00000000c001549b                HalEndOfInterrupt(int)
                0x00000000c00154cc                HalRestart()
                0x00000000c00154cd                HalShutdown()
                0x00000000c00154ce                HalSleep()
 *fill*         0x00000000c00154cf        0x1 
 .text          0x00000000c00154d0      0x2f4 arch/i386/pic.32
                0x00000000c00154d0                picIoWait()
                0x00000000c00154d8                picDisable()
                0x00000000c001550c                picGetIRQReg(int)
                0x00000000c0015590                picOpen()
                0x00000000c0015720                picEOI(int)
 .text          0x00000000c00157c4      0x64d arch/i386/rtc.32
                0x00000000c00157c4                RTC::open(int, int, void*)
                0x00000000c00157c8                RTC::close(int, int, void*)
                0x00000000c00157cc                RTC::timeInSecondsUTC()
                0x00000000c00157de                RTC::timeInDatetimeUTC()
                0x00000000c0015804                RTC::setTimeInSecondsUTC(unsigned long long)
                0x00000000c0015842                RTC::~RTC()
                0x00000000c0015842                RTC::~RTC()
                0x00000000c0015866                RTC::~RTC()
                0x00000000c0015890                RTC::get_update_in_progress_flag()
                0x00000000c00158a8                RTC::completeRTCRefresh()
                0x00000000c0015b60                RTC::setTimeInDatetimeUTC(datetime_t)
                0x00000000c0015d13                rtcIRQHandler(regs*, void*)
                0x00000000c0015d58                RTC::RTC()
                0x00000000c0015d58                RTC::RTC()
 *fill*         0x00000000c0015e11        0x3 
 .text          0x00000000c0015e14      0x203 arch/i386/vga.32
                0x00000000c0015e14                HalConsoleScroll(int, int)
                0x00000000c0015f1c                HalConsoleWriteCharacter(char, int, int, int, int)
                0x00000000c0015f88                HalConsoleCursorUpdate(int, int)
 *fill*         0x00000000c0016017        0x1 
 .text          0x00000000c0016018     0x13e7 fs/fat/vfslink.32
                0x00000000c0016018                FAT::getName()
                0x00000000c0016020                FAT::tell(void*, unsigned long long*)
                0x00000000c001605c                FAT::stat(void*, unsigned long long*)
                0x00000000c0016098                FAT::~FAT()
                0x00000000c0016098                FAT::~FAT()
                0x00000000c00160bc                FAT::~FAT()
                0x00000000c00160e4                FAT::getlabel(LogicalDisk*, int, char*, unsigned int*)
                0x00000000c0016188                FAT::setlabel(LogicalDisk*, int, char*)
                0x00000000c001624c                FAT::format(LogicalDisk*, int, char const*, int)
                0x00000000c0016420                FAT::tryMount(LogicalDisk*, int)
                0x00000000c0016638                FAT::allocateSwapfile(char const*, int)
                0x00000000c00167f8                FAT::readDir(void*, unsigned long, void*, int*)
                0x00000000c0016964                FAT::read(void*, unsigned long, void*, int*)
                0x00000000c00169c4                FAT::write(void*, unsigned long, void*, int*)
                0x00000000c0016a24                FAT::close(void*)
                0x00000000c0016a78                FAT::closeDir(void*)
                0x00000000c0016acc                FAT::seek(void*, unsigned long long)
                0x00000000c0016b24                fatWrapperReadDisk
                0x00000000c0016b68                fatWrapperWriteDisk
                0x00000000c0016bac                fatWrapperIoctl
                0x00000000c0016cc8                FAT::FAT()
                0x00000000c0016cc8                FAT::FAT()
                0x00000000c0016d1c                FAT::fixFilepath(char*)
                0x00000000c0016d58                FAT::open(char const*, void**, FileOpenMode)
                0x00000000c0016e90                FAT::openDir(char const*, void**)
                0x00000000c0016f40                FAT::stat(char const*, unsigned long long*, bool*)
                0x00000000c0017038                FAT::unlink(char const*)
                0x00000000c00170b8                FAT::chfatattr(char const*, unsigned char, unsigned char)
                0x00000000c0017244                FAT::rename(char const*, char const*)
                0x00000000c0017310                FAT::mkdir(char const*)
                0x00000000c0017390                FAT::exists(char const*)
 *fill*         0x00000000c00173ff        0x1 
 .text          0x00000000c0017400       0xc6 fs/iso9660/helper.32
                0x00000000c0017400                isoReadDiscSectorHelper
                0x00000000c001745c                iso_kprintf
                0x00000000c001747c                iso_kprintfd
 .text          0x00000000c00174c6      0x586 fs/iso9660/vfslink.32
                0x00000000c00174c6                ISO9660::format(LogicalDisk*, int, char const*, int)
                0x00000000c00174cc                ISO9660::getName()
                0x00000000c00174d2                ISO9660::closeDir(void*)
                0x00000000c00174dc                ISO9660::chfatattr(char const*, unsigned char, unsigned char)
                0x00000000c00174e2                ISO9660::unlink(char const*)
                0x00000000c00174e8                ISO9660::write(void*, unsigned long, void*, int*)
                0x00000000c00174ee                ISO9660::rename(char const*, char const*)
                0x00000000c00174f4                ISO9660::mkdir(char const*)
                0x00000000c00174fa                ISO9660::~ISO9660()
                0x00000000c00174fa                ISO9660::~ISO9660()
                0x00000000c001751e                ISO9660::~ISO9660()
                0x00000000c0017546                ISO9660::exists(char const*)
                0x00000000c001755a                ISO9660::open(char const*, void**, FileOpenMode)
                0x00000000c00175fa                ISO9660::openDir(char const*, void**)
                0x00000000c001768a                ISO9660::read(void*, unsigned long, void*, int*)
                0x00000000c00176ca                ISO9660::seek(void*, unsigned long long)
                0x00000000c0017702                ISO9660::tell(void*, unsigned long long*)
                0x00000000c0017738                ISO9660::stat(void*, unsigned long long*)
                0x00000000c0017772                ISO9660::stat(char const*, unsigned long long*, bool*)
                0x00000000c0017844                ISO9660::close(void*)
                0x00000000c001786a                ISO9660::readDir(void*, unsigned long, void*, int*)
                0x00000000c0017937                readSectorFromCDROM(unsigned int, unsigned char*, char)
                0x00000000c00179b2                ISO9660::tryMount(LogicalDisk*, int)
                0x00000000c0017a24                ISO9660::ISO9660()
                0x00000000c0017a24                ISO9660::ISO9660()
 .text          0x00000000c0017a4c      0x26c hal/sound/sndcard.32
                0x00000000c0017a4c                SoundCard::beginPlayback()
                0x00000000c0017a5a                SoundCard::stopPlayback()
                0x00000000c0017a68                SoundCard::SoundCard(char const*)
                0x00000000c0017a68                SoundCard::SoundCard(char const*)
                0x00000000c0017b06                SoundCard::~SoundCard()
                0x00000000c0017b06                SoundCard::~SoundCard()
                0x00000000c0017b2a                SoundCard::~SoundCard()
                0x00000000c0017b54                SoundCard::configureRates(int, int, int)
                0x00000000c0017b84                SoundCard::getSamples16(int, short*)
                0x00000000c0017be0                SoundCard::getSamples32(int, int*)
                0x00000000c0017c66                SoundCard::addChannel(SoundPort*)
                0x00000000c0017ca4                SoundCard::removeChannel(int)
 .text          0x00000000c0017cb8      0x377 hal/sound/sndport.32
                0x00000000c0017cb8                SoundPort::SoundPort(int, int, int, int)
                0x00000000c0017cb8                SoundPort::SoundPort(int, int, int, int)
                0x00000000c0017d44                SoundPort::~SoundPort()
                0x00000000c0017d44                SoundPort::~SoundPort()
                0x00000000c0017d78                SoundPort::unpause()
                0x00000000c0017d84                SoundPort::pause()
                0x00000000c0017d90                SoundPort::getBufferUsed()
                0x00000000c0017d98                SoundPort::getBufferSize()
                0x00000000c0017da0                SoundPort::buffer16(short*, int)
                0x00000000c0017e2c                SoundPort::buffer32(int*, int)
                0x00000000c0017eb4                SoundPort::unbufferAndAdd16(int, short*, SoundCard*)
                0x00000000c0017f78                SoundPort::unbufferAndAdd32(int, int*, SoundCard*)
 .text          0x00000000c001802f        0x0 hw/bus/isa.32
 *fill*         0x00000000c001802f        0x1 
 .text          0x00000000c0018030      0xb49 hw/bus/pci.32
                0x00000000c0018030                PCI::open(int, int, void*)
                0x00000000c001804e                PCI::close(int, int, void*)
                0x00000000c0018052                PCI::PCI()
                0x00000000c0018052                PCI::PCI()
                0x00000000c00180ec                PCI::readBAR8(unsigned int, int)
                0x00000000c0018108                PCI::readBAR16(unsigned int, int)
                0x00000000c0018126                PCI::readBAR32(unsigned int, int)
                0x00000000c0018142                PCI::writeBAR8(unsigned int, unsigned char, int)
                0x00000000c0018162                PCI::writeBAR16(unsigned int, unsigned short, int)
                0x00000000c0018184                PCI::writeBAR32(unsigned int, unsigned int, int)
                0x00000000c00181a4                PCI::legacyMechanism(unsigned char, unsigned char, unsigned char, unsigned char)
                0x00000000c0018212                PCI::pciReadWord(unsigned char, unsigned char, unsigned char, unsigned char)
                0x00000000c00182ba                PCI::getVendorID(unsigned char, unsigned char, unsigned char)
                0x00000000c00182de                PCI::getHeaderType(unsigned char, unsigned char, unsigned char)
                0x00000000c0018306                PCI::getClassCode(unsigned char, unsigned char, unsigned char)
                0x00000000c0018350                PCI::getProgIF(unsigned char, unsigned char, unsigned char)
                0x00000000c0018378                PCI::getRevisionID(unsigned char, unsigned char, unsigned char)
                0x00000000c001839c                PCI::getInterruptNumber(unsigned char, unsigned char, unsigned char)
                0x00000000c00183c0                PCI::getSecondaryBus(unsigned char, unsigned char, unsigned char)
                0x00000000c00183e8                PCI::getBARAddress(unsigned char, unsigned char, unsigned char, unsigned char)
                0x00000000c001844c                PCI::pciWriteWord(unsigned char, unsigned char, unsigned char, unsigned char, unsigned short)
                0x00000000c0018534                PCI::pciDetailsToFilepath(PCIDeviceInfo, char*)
                0x00000000c00187ae                PCI::checkBus(unsigned char)
                0x00000000c00187d4                PCI::foundDevice(PCIDeviceInfo)
                0x00000000c0018946                PCI::getDeviceData(unsigned char, unsigned char, unsigned char)
                0x00000000c0018aba                PCI::checkDevice(unsigned char, unsigned char)
                0x00000000c0018b26                PCI::detect()
 *fill*         0x00000000c0018b79        0x1 
 .text          0x00000000c0018b7a      0xb5a hw/diskctrl/ide.32
                0x00000000c0018b7a                IDE::close(int, int, void*)
                0x00000000c0018b7e                IDE::IDE()
                0x00000000c0018b7e                IDE::IDE()
                0x00000000c0018bb2                IDE::prepareInterrupt(unsigned char)
                0x00000000c0018bc4                selectDrive(unsigned char, unsigned char)
                0x00000000c0018bc6                IDE::getBase(unsigned char)
                0x00000000c0018bd8                IDE::write(unsigned char, unsigned char, unsigned char)
                0x00000000c0018c98                IDE::read(unsigned char, unsigned char)
                0x00000000c0018d46                IDE::waitInterrupt(unsigned char)
                0x00000000c0018dae                ideChannel0IRQHandler(regs*, void*)
                0x00000000c0018dca                ideChannel1IRQHandler(regs*, void*)
                0x00000000c0018de6                IDE::enableIRQs(unsigned char, bool)
                0x00000000c0018e2c                IDE::open(int, int, void*)
                0x00000000c001923a                IDE::readBuffer(unsigned char, unsigned char, unsigned int, unsigned int)
                0x00000000c0019306                IDE::detect()
                0x00000000c00195c6                IDE::printError(unsigned char, unsigned char, unsigned char)
                0x00000000c0019676                IDE::polling(unsigned char, unsigned int)
 .text          0x00000000c00196d4      0x32a hw/diskctrl/satabus.32
                0x00000000c00196d4                SATABus::close(int, int, void*)
                0x00000000c00196d8                SATABus::detect()
                0x00000000c00196da                SATABus::SATABus()
                0x00000000c00196da                SATABus::SATABus()
                0x00000000c0019760                SATABus::findCmdslot(SATABus::tagHBA_PORT volatile*)
                0x00000000c0019792                SATABus::checkType(SATABus::tagHBA_PORT volatile*)
                0x00000000c00197da                SATABus::startCmd(SATABus::tagHBA_PORT volatile*)
                0x00000000c00197fa                SATABus::stopCmd(SATABus::tagHBA_PORT volatile*)
                0x00000000c0019824                SATABus::portRebase(SATABus::tagHBA_PORT volatile*, int)
                0x00000000c0019934                SATABus::probePort(SATABus::tagHBA_MEM volatile*)
                0x00000000c00199de                SATABus::open(int, int, void*)
 .text          0x00000000c00199fe      0x5f4 hw/diskphys/ata.32
                0x00000000c00199fe                ATA::close(int, int, void*)
                0x00000000c0019a22                ATA::powerSaving(PowerSavingLevel)
                0x00000000c0019a24                ATA::ATA()
                0x00000000c0019a24                ATA::ATA()
                0x00000000c0019a52                ATA::flush(bool)
                0x00000000c0019a9c                ATA::readyForCommand()
                0x00000000c0019ae8                ATA::access(unsigned long long, int, void*, bool)
                0x00000000c0019e64                ATA::read(unsigned long long, int, void*)
                0x00000000c0019eb0                ATA::write(unsigned long long, int, void*)
                0x00000000c0019efc                ATA::detectCHS()
                0x00000000c0019f26                ATA::open(int, int, void*)
 .text          0x00000000c0019ff2      0x60e hw/diskphys/atapi.32
                0x00000000c0019ff2                ATAPI::write(unsigned long long, int, void*)
                0x00000000c0019ff8                ATAPI::close(int, int, void*)
                0x00000000c001a01c                ATAPI::ATAPI()
                0x00000000c001a01c                ATAPI::ATAPI()
                0x00000000c001a04a                ATAPI::readyForCommand()
                0x00000000c001a09c                ATAPI::sendPacket(unsigned char*, int, bool, unsigned short*, int)
                0x00000000c001a35c                ATAPI::diskRemoved()
                0x00000000c001a396                ATAPI::eject()
                0x00000000c001a3de                ATAPI::diskInserted()
                0x00000000c001a3ea                ATAPI::detectMedia()
                0x00000000c001a4a6                ATAPI::open(int, int, void*)
                0x00000000c001a586                ATAPI::read(unsigned long long, int, void*)
 .text          0x00000000c001a600      0x402 hw/diskphys/sata.32
                0x00000000c001a600                SATA::close(int, int, void*)
                0x00000000c001a624                SATA::powerSaving(PowerSavingLevel)
                0x00000000c001a626                SATA::open(int, int, void*)
                0x00000000c001a6d0                SATA::SATA()
                0x00000000c001a6d0                SATA::SATA()
                0x00000000c001a6fe                SATA::access(unsigned long long, int, void*, bool)
                0x00000000c001a94a                SATA::read(unsigned long long, int, void*)
                0x00000000c001a996                SATA::write(unsigned long long, int, void*)
 .text          0x00000000c001aa02      0x5af hw/diskphys/satapi.32
                0x00000000c001aa02                SATAPI::write(unsigned long long, int, void*)
                0x00000000c001aa08                SATAPI::close(int, int, void*)
                0x00000000c001aa2c                SATAPI::SATAPI()
                0x00000000c001aa2c                SATAPI::SATAPI()
                0x00000000c001aa5a                SATAPI::diskRemoved()
                0x00000000c001aa5c                SATAPI::diskInserted()
                0x00000000c001aa78                SATAPI::sendPacket(unsigned char*, int, unsigned long long, unsigned short*, int)
                0x00000000c001ad58                SATAPI::eject()
                0x00000000c001ad94                SATAPI::detectMedia()
                0x00000000c001adba                SATAPI::open(int, int, void*)
                0x00000000c001aeba                SATAPI::read(unsigned long long, int, void*)
 *fill*         0x00000000c001afb1        0x1 
 .text          0x00000000c001afb2      0x455 hw/intctrl/apic.32
                0x00000000c001afb2                IOAPIC::close(int, int, void*)
                0x00000000c001afb8                apicGetBase()
                0x00000000c001affa                IOAPIC::IOAPIC()
                0x00000000c001affa                IOAPIC::IOAPIC()
                0x00000000c001b022                apicOpen()
                0x00000000c001b188                IOAPIC::handlesGSIWithNumber(unsigned int)
                0x00000000c001b1ba                IOAPIC::read(int)
                0x00000000c001b1e2                IOAPIC::open(int, int, void*)
                0x00000000c001b2d6                IOAPIC::write(int, int)
                0x00000000c001b302                IOAPIC::redirect(unsigned char, unsigned long long, unsigned char, bool, bool)
 *fill*         0x00000000c001b407        0x1 
 .text          0x00000000c001b408       0xf0 hw/timer/apictimer.32
                0x00000000c001b408                APICTimer::close(int, int, void*)
                0x00000000c001b410                apicTimerHandler(regs*, void*)
                0x00000000c001b438                APICTimer::open(int, int, void*)
                0x00000000c001b4a8                APICTimer::write(int)
                0x00000000c001b4d0                APICTimer::APICTimer()
                0x00000000c001b4d0                APICTimer::APICTimer()
 .text          0x00000000c001b4f8      0x1aa hw/timer/pit.32
                0x00000000c001b4f8                PIT::write(int)
                0x00000000c001b57c                pitHandler(regs*, void*)
                0x00000000c001b5a0                PIT::open(int, int, void*)
                0x00000000c001b5f0                PIT::close(int, int, void*)
                0x00000000c001b620                PIT::PIT()
                0x00000000c001b620                PIT::PIT()
 *fill*         0x00000000c001b6a2        0xe 
 .text          0x00000000c001b6b0       0x83 arch/i386/avx.32
                0x00000000c001b6b0                avxDetect
                0x00000000c001b6da                avxSave
                0x00000000c001b6eb                avxLoad
                0x00000000c001b6fc                avxInit
                0x00000000c001b71e                avxClose
                0x00000000c001b71f                wouldSheSayYes
 *fill*         0x00000000c001b733        0xd 
 .text          0x00000000c001b740      0x1d6 arch/i386/interrupt.32
                0x00000000c001b740                isr0
                0x00000000c001b750                isr1
                0x00000000c001b75a                isr2
                0x00000000c001b764                isr3
                0x00000000c001b76e                isr4
                0x00000000c001b778                isr5
                0x00000000c001b782                isr6
                0x00000000c001b78c                isr7
                0x00000000c001b796                isr8
                0x00000000c001b79e                isr9
                0x00000000c001b7a8                isr10
                0x00000000c001b7b0                isr11
                0x00000000c001b7b8                isr12
                0x00000000c001b7c0                isr13
                0x00000000c001b7c8                isr14
                0x00000000c001b7d0                isr15
                0x00000000c001b7da                isr16
                0x00000000c001b7e4                isr17
                0x00000000c001b7ee                isr18
                0x00000000c001b7f8                irq3
                0x00000000c001b802                irq4
                0x00000000c001b80c                irq5
                0x00000000c001b816                irq6
                0x00000000c001b820                irq7
                0x00000000c001b82a                irq8
                0x00000000c001b834                irq9
                0x00000000c001b83e                irq10
                0x00000000c001b848                irq11
                0x00000000c001b852                irq12
                0x00000000c001b85c                irq13
                0x00000000c001b866                irq14
                0x00000000c001b870                irq15
                0x00000000c001b87a                irq1
                0x00000000c001b881                irq2
                0x00000000c001b888                isr96
                0x00000000c001b88f                irq0
                0x00000000c001b894                int_common_stub
                0x00000000c001b894                syscall_common_stub
                0x00000000c001b8c6                irq16
                0x00000000c001b8d0                irq17
                0x00000000c001b8da                irq18
                0x00000000c001b8e4                irq19
                0x00000000c001b8ee                irq20
                0x00000000c001b8f8                irq21
                0x00000000c001b902                irq22
                0x00000000c001b90c                irq23
 *fill*         0x00000000c001b916        0xa 
 .text          0x00000000c001b920       0x10 arch/i386/rdrand.32
                0x00000000c001b920                i386GetRDRAND
 .text          0x00000000c001b930       0x39 arch/i386/sse.32
                0x00000000c001b930                absolutelyNoChanceInHell
                0x00000000c001b930                sseDetect
                0x00000000c001b948                sseSave
                0x00000000c001b950                sseLoad
                0x00000000c001b958                sseInit
                0x00000000c001b968                sseClose
 *fill*         0x00000000c001b969        0x7 
 .text          0x00000000c001b970       0x49 arch/i386/x87.32
                0x00000000c001b976                x87Detect
                0x00000000c001b991                x87Save
                0x00000000c001b998                x87Load
                0x00000000c001b99f                x87Init
                0x00000000c001b9b8                x87Close
 *fill*         0x00000000c001b9b9        0x3 
 .text          0x00000000c001b9bc       0x25 /cygdrive/d/Users/Alex/Desktop/Toolchain/Output/bin/../lib/gcc/i386-banana/8.1.0/crtend.o
 .text          0x00000000c001b9e1        0x0 crtn.32
 *fill*         0x00000000c001b9e1        0x3 
 .text          0x00000000c001b9e4      0x14b /cygdrive/d/Users/Alex/Desktop/Toolchain/Output/bin/../lib/gcc/i386-banana/8.1.0/libkgcc.a(_divdi3.o)
                0x00000000c001b9e4                __divdi3
 *fill*         0x00000000c001bb2f        0x1 
 .text          0x00000000c001bb30      0x17e /cygdrive/d/Users/Alex/Desktop/Toolchain/Output/bin/../lib/gcc/i386-banana/8.1.0/libkgcc.a(_moddi3.o)
                0x00000000c001bb30                __moddi3
 *fill*         0x00000000c001bcae        0x2 
 .text          0x00000000c001bcb0       0xff /cygdrive/d/Users/Alex/Desktop/Toolchain/Output/bin/../lib/gcc/i386-banana/8.1.0/libkgcc.a(_udivdi3.o)
                0x00000000c001bcb0                __udivdi3
 *fill*         0x00000000c001bdaf        0x1 
 .text          0x00000000c001bdb0      0x11a /cygdrive/d/Users/Alex/Desktop/Toolchain/Output/bin/../lib/gcc/i386-banana/8.1.0/libkgcc.a(_umoddi3.o)
                0x00000000c001bdb0                __umoddi3
 *(.gnu.linkonce.t*)

.iplt           0x00000000c001bed0        0x0
 .iplt          0x00000000c001bed0        0x0 D:/Users/Alex/Desktop/Banana/kernel/boot.32

.init           0x00000000c001beca        0xf
 .init          0x00000000c001beca        0x3 crti.32
                0x00000000c001beca                _init
 .init          0x00000000c001becd        0x5 /cygdrive/d/Users/Alex/Desktop/Toolchain/Output/bin/../lib/gcc/i386-banana/8.1.0/crtbegin.o
 .init          0x00000000c001bed2        0x5 /cygdrive/d/Users/Alex/Desktop/Toolchain/Output/bin/../lib/gcc/i386-banana/8.1.0/crtend.o
 .init          0x00000000c001bed7        0x2 crtn.32

.fini           0x00000000c001bed9        0xa
 .fini          0x00000000c001bed9        0x3 crti.32
                0x00000000c001bed9                _fini
 .fini          0x00000000c001bedc        0x5 /cygdrive/d/Users/Alex/Desktop/Toolchain/Output/bin/../lib/gcc/i386-banana/8.1.0/crtbegin.o
 .fini          0x00000000c001bee1        0x2 crtn.32

.text._ZN8ComputerD2Ev
                0x00000000c001bee4       0x23
 .text._ZN8ComputerD2Ev
                0x00000000c001bee4       0x23 core/computer.32
                0x00000000c001bee4                Computer::~Computer()
                0x00000000c001bee4                Computer::~Computer()

.text._ZN8ComputerD0Ev
                0x00000000c001bf08       0x2a
 .text._ZN8ComputerD0Ev
                0x00000000c001bf08       0x2a core/computer.32
                0x00000000c001bf08                Computer::~Computer()

.text._Z10idleCommonv
                0x00000000c001bf32       0x21
 .text._Z10idleCommonv
                0x00000000c001bf32       0x21 core/idle.32
                0x00000000c001bf32                idleCommon()

.text._ZN10LinkedListI8UnixFileED2Ev
                0x00000000c001bf54        0x2
 .text._ZN10LinkedListI8UnixFileED2Ev
                0x00000000c001bf54        0x2 core/unixfile.32
                0x00000000c001bf54                LinkedList<UnixFile>::~LinkedList()
                0x00000000c001bf54                LinkedList<UnixFile>::~LinkedList()

.text._ZN10LinkedListI8UnixFileEC2Ev
                0x00000000c001bf56       0x42
 .text._ZN10LinkedListI8UnixFileEC2Ev
                0x00000000c001bf56       0x42 core/unixfile.32
                0x00000000c001bf56                LinkedList<UnixFile>::LinkedList()
                0x00000000c001bf56                LinkedList<UnixFile>::LinkedList()

.text._ZN10LinkedListI8UnixFileE10addElementEPS0_
                0x00000000c001bf98       0xd3
 .text._ZN10LinkedListI8UnixFileE10addElementEPS0_
                0x00000000c001bf98       0xd3 core/unixfile.32
                0x00000000c001bf98                LinkedList<UnixFile>::addElement(UnixFile*)

.text._ZN10LinkedListI8UnixFileE15getFirstElementEv
                0x00000000c001c06c        0x7
 .text._ZN10LinkedListI8UnixFileE15getFirstElementEv
                0x00000000c001c06c        0x7 core/unixfile.32
                0x00000000c001c06c                LinkedList<UnixFile>::getFirstElement()

.text._ZN10LinkedListI8UnixFileE11removeFirstEv
                0x00000000c001c074       0xa1
 .text._ZN10LinkedListI8UnixFileE11removeFirstEv
                0x00000000c001c074       0xa1 core/unixfile.32
                0x00000000c001c074                LinkedList<UnixFile>::removeFirst()

.text._ZN10LinkedListI8UnixFileE7getNextEPS0_
                0x00000000c001c116        0x8
 .text._ZN10LinkedListI8UnixFileE7getNextEPS0_
                0x00000000c001c116        0x8 core/unixfile.32
                0x00000000c001c116                LinkedList<UnixFile>::getNext(UnixFile*)

.text._ZN16DriverlessDeviceD2Ev
                0x00000000c001c11e       0x1a
 .text._ZN16DriverlessDeviceD2Ev
                0x00000000c001c11e       0x1a hal/device.32
                0x00000000c001c11e                DriverlessDevice::~DriverlessDevice()
                0x00000000c001c11e                DriverlessDevice::~DriverlessDevice()

.text._ZN16DriverlessDeviceD0Ev
                0x00000000c001c138       0x2a
 .text._ZN16DriverlessDeviceD0Ev
                0x00000000c001c138       0x2a hal/device.32
                0x00000000c001c138                DriverlessDevice::~DriverlessDevice()

.text._ZN10LinkedListI6DeviceE10addElementEPS0_
                0x00000000c001c162       0xdc
 .text._ZN10LinkedListI6DeviceE10addElementEPS0_
                0x00000000c001c162       0xdc hal/device.32
                0x00000000c001c162                LinkedList<Device>::addElement(Device*)

.text._ZN10LinkedListI6DeviceEC2Ev
                0x00000000c001c23e       0x42
 .text._ZN10LinkedListI6DeviceEC2Ev
                0x00000000c001c23e       0x42 hal/device.32
                0x00000000c001c23e                LinkedList<Device>::LinkedList()
                0x00000000c001c23e                LinkedList<Device>::LinkedList()

.text._ZN10LinkedListIV18ThreadControlBlockE7isEmptyEv
                0x00000000c001c280       0x1c
 .text._ZN10LinkedListIV18ThreadControlBlockE7isEmptyEv
                0x00000000c001c280       0x1c hal/timer.32
                0x00000000c001c280                LinkedList<ThreadControlBlock volatile>::isEmpty()

.text._ZN10LinkedListIV18ThreadControlBlockE15getFirstElementEv
                0x00000000c001c29c        0x7
 .text._ZN10LinkedListIV18ThreadControlBlockE15getFirstElementEv
                0x00000000c001c29c        0x7 hal/timer.32
                0x00000000c001c29c                LinkedList<ThreadControlBlock volatile>::getFirstElement()

.text._ZN10LinkedListIV18ThreadControlBlockE11removeFirstEv
                0x00000000c001c2a4       0xb8
 .text._ZN10LinkedListIV18ThreadControlBlockE11removeFirstEv
                0x00000000c001c2a4       0xb8 hal/timer.32
                0x00000000c001c2a4                LinkedList<ThreadControlBlock volatile>::removeFirst()

.text._ZN10LinkedListIV18ThreadControlBlockE10addElementEPS1_
                0x00000000c001c35c       0xda
 .text._ZN10LinkedListIV18ThreadControlBlockE10addElementEPS1_
                0x00000000c001c35c       0xda hal/timer.32
                0x00000000c001c35c                LinkedList<ThreadControlBlock volatile>::addElement(ThreadControlBlock volatile*)

.text._ZN4ACPID2Ev
                0x00000000c001c438       0x23
 .text._ZN4ACPID2Ev
                0x00000000c001c438       0x23 hw/acpi.32
                0x00000000c001c438                ACPI::~ACPI()
                0x00000000c001c438                ACPI::~ACPI()

.text._ZN4ACPID0Ev
                0x00000000c001c45c       0x2a
 .text._ZN4ACPID0Ev
                0x00000000c001c45c       0x2a hw/acpi.32