Archive member included to satisfy reference by file (symbol)

/cygdrive/d/Users/Alex/Desktop/Toolchain/Output/bin/../lib/gcc/i386-banana/8.1.0/libkgcc.a(_divdi3.o)
                              fs/fat/ff.32 (__divdi3)
/cygdrive/d/Users/Alex/Desktop/Toolchain/Output/bin/../lib/gcc/i386-banana/8.1.0/libkgcc.a(_moddi3.o)
                              compat/resolve.32 (__moddi3)
/cygdrive/d/Users/Alex/Desktop/Toolchain/Output/bin/../lib/gcc/i386-banana/8.1.0/libkgcc.a(_udivdi3.o)
                              fs/fat/ff.32 (__udivdi3)
/cygdrive/d/Users/Alex/Desktop/Toolchain/Output/bin/../lib/gcc/i386-banana/8.1.0/libkgcc.a(_umoddi3.o)
                              compat/resolve.32 (__umoddi3)
D:/Users/Alex/Desktop/Banana/kernel/libsoftfp.a(sfieeelib.o)
                              hal/sound/sndhw.32 (__addsf3)
D:/Users/Alex/Desktop/Banana/kernel/libsoftfp.a(dfieeelib.o)
                              hal/libresample/src_linear.32 (__adddf3)
D:/Users/Alex/Desktop/Banana/kernel/libsoftfp.a(sfdfcvt.o)
                              hal/libresample/samplerate.32 (__truncdfsf2)
D:/Users/Alex/Desktop/Banana/kernel/libk/libm32.a(s_fabs.c.o)
                              hal/libresample/samplerate.32 (fabs)
D:/Users/Alex/Desktop/Banana/kernel/libk/libm32.a(s_lrint.S.o)
                              hal/libresample/samplerate.32 (lrint)
D:/Users/Alex/Desktop/Banana/kernel/libk/libm32.a(s_lrintf.S.o)
                              hal/sound/sndhw.32 (lrintf)

Discarded input sections

 .comment       0x0000000000000000       0x12 /cygdrive/d/Users/Alex/Desktop/Toolchain/Output/bin/../lib/gcc/i386-banana/8.1.0/crtbegin.o
 .comment       0x0000000000000000       0x12 acpica/utclib.32
 .comment       0x0000000000000000       0x12 core/malloc.32
 .comment       0x0000000000000000       0x12 libk/string.32
 .comment       0x0000000000000000       0x12 fs/fat/diskio.32
 .comment       0x0000000000000000       0x12 fs/fat/ff.32
 .comment       0x0000000000000000       0x12 fs/fat/ffsystem.32
 .comment       0x0000000000000000       0x12 fs/fat/ffunicode.32
 .comment       0x0000000000000000       0x12 hal/libresample/samplerate.32
 .comment       0x0000000000000000       0x12 hal/libresample/src_linear.32
 .comment       0x0000000000000000       0x12 hal/libresample/src_sinc.32
 .comment       0x0000000000000000       0x12 hal/libresample/src_zoh.32
 .comment       0x0000000000000000       0x12 compat/inlines.32
 .comment       0x0000000000000000       0x12 compat/resolve.32
 .group         0x0000000000000000       0x14 core/computer.32
 .group         0x0000000000000000        0xc core/computer.32
 .comment       0x0000000000000000       0x12 core/computer.32
 .comment       0x0000000000000000       0x12 core/gdt.32
 .group         0x0000000000000000        0xc core/idle.32
 .comment       0x0000000000000000       0x12 core/idle.32
 .comment       0x0000000000000000       0x12 core/idt.32
 .comment       0x0000000000000000       0x12 core/kheap.32
 .comment       0x0000000000000000       0x12 core/main.32
 .comment       0x0000000000000000       0x12 core/physmgr.32
 .group         0x0000000000000000        0xc core/pipe.32
 .comment       0x0000000000000000       0x12 core/pipe.32
 .group         0x0000000000000000        0xc core/terminal.32
 .comment       0x0000000000000000       0x12 core/terminal.32
 .comment       0x0000000000000000       0x12 core/tss.32
 .group         0x0000000000000000        0x8 core/unixfile.32
 .group         0x0000000000000000        0xc core/unixfile.32
 .group         0x0000000000000000        0xc core/unixfile.32
 .group         0x0000000000000000        0x8 core/unixfile.32
 .group         0x0000000000000000        0xc core/unixfile.32
 .group         0x0000000000000000        0x8 core/unixfile.32
 .group         0x0000000000000000        0xc core/unixfile.32
 .group         0x0000000000000000        0xc core/unixfile.32
 .comment       0x0000000000000000       0x12 core/unixfile.32
 .comment       0x0000000000000000       0x12 core/virtmgr.32
 .comment       0x0000000000000000       0x12 coreobjs/c++.32
 .comment       0x0000000000000000       0x12 dbg/kconsole.32
 .group         0x0000000000000000        0xc fs/vfs.32
 .group         0x0000000000000000        0xc fs/vfs.32
 .group         0x0000000000000000        0xc fs/vfs.32
 .comment       0x0000000000000000       0x12 fs/vfs.32
 .group         0x0000000000000000        0xc hal/bus.32
 .comment       0x0000000000000000       0x12 hal/bus.32
 .group         0x0000000000000000        0xc hal/buzzer.32
 .comment       0x0000000000000000       0x12 hal/buzzer.32
 .group         0x0000000000000000        0xc hal/clock.32
 .comment       0x0000000000000000       0x12 hal/clock.32
 .group         0x0000000000000000       0x14 hal/device.32
 .group         0x0000000000000000        0xc hal/device.32
 .group         0x0000000000000000        0xc hal/device.32
 .group         0x0000000000000000        0xc hal/device.32
[...]
Memory Configuration

Name             Origin             Length             Attributes
*default*        0x0000000000000000 0xffffffffffffffff

Linker script and memory map

LOAD D:/Users/Alex/Desktop/Banana/kernel/boot.32
LOAD crti.32
LOAD /cygdrive/d/Users/Alex/Desktop/Toolchain/Output/bin/../lib/gcc/i386-banana/8.1.0/crtbegin.o
LOAD D:/Users/Alex/Desktop/Banana/kernel/morenasm.32
LOAD acpica/utclib.32
LOAD core/malloc.32
LOAD libk/string.32
LOAD fs/fat/diskio.32
LOAD fs/fat/ff.32
LOAD fs/fat/ffsystem.32
LOAD fs/fat/ffunicode.32
LOAD hal/libresample/samplerate.32
LOAD hal/libresample/src_linear.32
LOAD hal/libresample/src_sinc.32
LOAD hal/libresample/src_zoh.32
LOAD compat/inlines.32
LOAD compat/resolve.32
LOAD core/computer.32
LOAD core/gdt.32
LOAD core/idle.32
LOAD core/idt.32
LOAD core/kheap.32
LOAD core/main.32
LOAD core/physmgr.32
LOAD core/pipe.32
LOAD core/terminal.32
LOAD core/tss.32
LOAD core/unixfile.32
LOAD core/virtmgr.32
LOAD coreobjs/c++.32
LOAD dbg/kconsole.32
LOAD fs/vfs.32
LOAD hal/bus.32
LOAD hal/buzzer.32
LOAD hal/clock.32
LOAD hal/device.32
LOAD hal/diskctrl.32
LOAD hal/diskphys.32
LOAD hal/fpu.32
LOAD hal/intctrl.32
LOAD hal/keybrd.32
LOAD hal/logidisk.32
LOAD hal/mouse.32
LOAD hal/partition.32
LOAD hal/serial.32
LOAD hal/timer.32
LOAD hal/vcache.32
LOAD hal/video.32
LOAD hw/acpi.32
LOAD hw/cpu.32
LOAD hw/ports.32
LOAD hw/smp.32
LOAD krnl/env.32
LOAD krnl/panic.32
LOAD net/ethernet.32
LOAD reg/registry.32
LOAD sys/sc_eject.32
LOAD sys/sc_exit.32
LOAD sys/sc_getcwd.32
LOAD sys/sc_getpid.32
LOAD sys/sc_getramdata.32
LOAD sys/sc_loaddll.32
LOAD sys/sc_read.32
LOAD sys/sc_sbrk.32
LOAD sys/sc_setcwd.32
LOAD sys/sc_settime.32
LOAD sys/sc_timezone.32
LOAD sys/sc_write.32
LOAD sys/sc_wsbe.32
LOAD sys/sc_yield.32
LOAD sys/syscalls.32
LOAD thr/elf.32
LOAD thr/prcssthr.32
LOAD vm86/vm8086.32
LOAD vm86/x87em.32
LOAD fs/fat/vfslink.32
LOAD fs/iso9660/vfslink.32
LOAD hal/sound/sndchannel.32
LOAD hal/sound/sndhw.32
LOAD hw/bus/isa.32
LOAD hw/bus/pci.32
LOAD hw/diskctrl/ide.32
LOAD hw/diskctrl/satabus.32
LOAD hw/diskphys/ata.32
LOAD hw/diskphys/atapi.32
LOAD hw/diskphys/sata.32
LOAD hw/diskphys/satapi.32
LOAD hw/fpu/avx.32
LOAD hw/fpu/mmx.32
LOAD hw/fpu/sse.32
LOAD hw/fpu/x87.32
LOAD hw/intctrl/apic.32
LOAD hw/intctrl/pic.32
LOAD hw/timer/apictimer.32
LOAD hw/timer/pit.32
LOAD hw/fpu/x86/avx.32
LOAD hw/fpu/x86/sse.32
LOAD hw/fpu/x86/x87.32
LOAD /cygdrive/d/Users/Alex/Desktop/Toolchain/Output/bin/../lib/gcc/i386-banana/8.1.0/crtend.o
LOAD crtn.32
LOAD /cygdrive/d/Users/Alex/Desktop/Toolchain/Output/bin/../lib/gcc/i386-banana/8.1.0/libkgcc.a
LOAD D:/Users/Alex/Desktop/Banana/kernel/libsoftfp.a
LOAD D:/Users/Alex/Desktop/Banana/kernel/libk/libm32.a
                0x00000000c0000000                . = 0xc0000000

.text           0x00000000c0000000    0x28688
 *(.text)
 .text          0x00000000c0000000       0x41 D:/Users/Alex/Desktop/Banana/kernel/boot.32
                0x00000000c0000020                callGlobalConstructors
 .text          0x00000000c0000041        0x0 crti.32
 *fill*         0x00000000c0000041        0x3 
 .text          0x00000000c0000044      0x101 /cygdrive/d/Users/Alex/Desktop/Toolchain/Output/bin/../lib/gcc/i386-banana/8.1.0/crtbegin.o
 *fill*         0x00000000c0000145        0xb 
 .text          0x00000000c0000150      0x4ed D:/Users/Alex/Desktop/Banana/kernel/morenasm.32
                0x00000000c0000150                manualPCIProbe
                0x00000000c000019b                prepareTramp
                0x00000000c00001b4                voodooXADD
                0x00000000c000027f                doTPAUSE
                0x00000000c0000289                hasLegacyFPU
                0x00000000c00002ae                is486
                0x00000000c00002e4                detectCPUID
                0x00000000c00002fa                goToVM86
                0x00000000c000032a                goToUsermode
                0x00000000c0000354                switchToThreadASMFirstTime
                0x00000000c0000362                switchToThreadASM
                0x00000000c00003ea                asmQuickAcquireLock
                0x00000000c0000408                asmQuickReleaseLock
                0x00000000c0000414                asmAcquireLock
                0x00000000c0000435                asmReleaseLock
                0x00000000c0000448                loadGDT
                0x00000000c0000468                isr0
                0x00000000c0000478                isr1
                0x00000000c0000482                isr2
                0x00000000c000048c                isr3
                0x00000000c0000496                isr4
                0x00000000c00004a0                isr5
                0x00000000c00004aa                isr6
                0x00000000c00004b4                isr7
                0x00000000c00004be                isr8
                0x00000000c00004c6                isr9
                0x00000000c00004d0                isr10
                0x00000000c00004d8                isr11
                0x00000000c00004e0                isr12
                0x00000000c00004e8                isr13
                0x00000000c00004f0                isr14
                0x00000000c00004f8                isr15
                0x00000000c0000502                isr16
                0x00000000c000050c                isr17
                0x00000000c0000516                isr18
                0x00000000c0000520                irq3
                0x00000000c000052a                irq4
                0x00000000c0000534                irq5
                0x00000000c000053e                irq6
                0x00000000c0000548                irq7
                0x00000000c0000552                irq8
                0x00000000c000055c                irq9
                0x00000000c0000566                irq10
                0x00000000c0000570                irq11
                0x00000000c000057a                irq12
                0x00000000c0000584                irq13
                0x00000000c000058e                irq14
                0x00000000c0000598                irq15
                0x00000000c00005a2                irq1
                0x00000000c00005a9                irq2
                0x00000000c00005b0                isr96
                0x00000000c00005b7                irq0
                0x00000000c00005bc                int_common_stub
                0x00000000c00005bc                syscall_common_stub
                0x00000000c00005ed                irq16
                0x00000000c00005f7                irq17
                0x00000000c0000601                irq18
                0x00000000c000060b                irq19
                0x00000000c0000615                irq20
                0x00000000c000061f                irq21
                0x00000000c0000629                irq22
                0x00000000c0000633                irq23
 *fill*         0x00000000c000063d        0x3 
 .text          0x00000000c0000640      0x611 acpica/utclib.32
                0x00000000c0000640                memcmp
                0x00000000c000067c                memmove
                0x00000000c0000744                memcpy
                0x00000000c0000778                memset
                0x00000000c0000794                strlen
                0x00000000c00007ac                strpbrk
                0x00000000c00007e8                strtok
                0x00000000c0000834                strcpy
                0x00000000c0000858                strncpy
                0x00000000c00008c0                strcmp
                0x00000000c0000900                strchr
                0x00000000c0000924                strncmp
                0x00000000c0000974                strcat
                0x00000000c00009a4                strncat
                0x00000000c00009e0                strstr
                0x00000000c0000a28                toupper
                0x00000000c0000a3c                tolower
                0x00000000c0000a50                simple_strtoul
 .text          0x00000000c0000c51      0xfbf core/malloc.32
                0x00000000c0000dbc                dlfree
                0x00000000c0001117                dlmalloc
                0x00000000c0001654                dlrealloc
                0x00000000c0001809                dlmemalign
                0x00000000c000192c                dlcalloc
                0x00000000c00019c6                dlcfree
                0x00000000c00019cb                dlindependent_calloc
                0x00000000c00019f0                dlindependent_comalloc
                0x00000000c0001a07                dlvalloc
                0x00000000c0001a32                dlpvalloc
                0x00000000c0001a68                dlmalloc_trim
                0x00000000c0001a75                dlmalloc_usable_size
                0x00000000c0001aa6                dlmallinfo
                0x00000000c0001b75                dlmalloc_stats
                0x00000000c0001b86                dlmallopt
 .text          0x00000000c0001c10        0x0 libk/string.32
 .text          0x00000000c0001c10       0x51 fs/fat/diskio.32
                0x00000000c0001c10                disk_status
                0x00000000c0001c13                disk_initialize
                0x00000000c0001c16                disk_read
                0x00000000c0001c2c                disk_write
                0x00000000c0001c42                disk_ioctl
 .text          0x00000000c0001c61     0x6833 fs/fat/ff.32
                0x00000000c0004f2f                f_mount
                0x00000000c0004f91                f_open
                0x00000000c00053cd                f_read
                0x00000000c000564d                f_write
                0x00000000c0005907                f_sync
                0x00000000c0005ae3                f_close
                0x00000000c0005b12                f_lseek
                0x00000000c0005fc9                f_opendir
                0x00000000c00060cb                f_closedir
                0x00000000c00060ed                f_readdir
                0x00000000c0006188                f_stat
                0x00000000c0006217                f_getfree
                0x00000000c00063e2                f_truncate
                0x00000000c00064da                f_unlink
                0x00000000c000665d                f_mkdir
                0x00000000c0006889                f_rename
                0x00000000c0006b7c                f_chmod
                0x00000000c0006c5a                f_utime
                0x00000000c0006d38                f_getlabel
                0x00000000c0006f26                f_setlabel
                0x00000000c0007193                f_forward
                0x00000000c0007371                f_mkfs
 .text          0x00000000c0008494       0x2d fs/fat/ffsystem.32
                0x00000000c0008494                ff_memalloc
                0x00000000c00084aa                ff_memfree
 .text          0x00000000c00084c1      0x253 fs/fat/ffunicode.32
                0x00000000c00084c1                ff_uni2oem
                0x00000000c0008551                ff_oem2uni
                0x00000000c00085bd                ff_wtoupper
 .text          0x00000000c0008714      0x8fb hal/libresample/samplerate.32
                0x00000000c0008758                src_delete
                0x00000000c0008794                src_process
                0x00000000c000894a                src_callback_read
                0x00000000c0008ac7                src_set_ratio
                0x00000000c0008b31                src_get_channels
                0x00000000c0008b53                src_reset
                0x00000000c0008b9f                src_new
                0x00000000c0008c2d                src_callback_new
                0x00000000c0008c8f                src_get_name
                0x00000000c0008cc6                src_get_description
                0x00000000c0008cfd                src_get_version
                0x00000000c0008d03                src_is_valid_ratio
                0x00000000c0008d57                src_error
                0x00000000c0008d65                src_strerror
                0x00000000c0008d78                src_simple
                0x00000000c0008dcb                src_short_to_float_array
                0x00000000c0008e30                src_float_to_short_array
                0x00000000c0008eef                src_int_to_float_array
                0x00000000c0008f52                src_float_to_int_array
 .text          0x00000000c000900f      0x8cb hal/libresample/src_linear.32
                0x00000000c0009835                linear_get_name
                0x00000000c0009844                linear_get_description
                0x00000000c0009853                linear_set_converter
 .text          0x00000000c00098da     0x447c hal/libresample/src_sinc.32
                0x00000000c000dc6d                sinc_get_name
                0x00000000c000dc80                sinc_get_description
                0x00000000c000dc93                sinc_set_converter
 .text          0x00000000c000dd56      0x77c hal/libresample/src_zoh.32
                0x00000000c000e42d                zoh_get_name
                0x00000000c000e43c                zoh_get_description
                0x00000000c000e44b                zoh_set_converter
 .text          0x00000000c000e4d2       0x23 compat/inlines.32
                0x00000000c000e4d2                CPU::current()
                0x00000000c000e4df                operator new(unsigned long)
 .text          0x00000000c000e4f5      0x111 compat/resolve.32
                0x00000000c000e4f5                Krnl::resolveCompatibilitySymbol(char*)
 .text          0x00000000c000e606      0xa17 core/computer.32
                0x00000000c000e606                Computer::close(int, int, void*)
                0x00000000c000e64a                Krnl::firstTask()
                0x00000000c000e73a                Computer::Computer()
                0x00000000c000e73a                Computer::Computer()
                0x00000000c000e896                Computer::setBootMessage(char const*)
                0x00000000c000e898                Computer::detectFeatures()
                0x00000000c000eaa2                Computer::displayFeatures()
                0x00000000c000ede8                Computer::rdmsr(unsigned int)
                0x00000000c000ee14                Computer::wrmsr(unsigned int, unsigned long long)
                0x00000000c000ee4c                Computer::nmiEnabled()
                0x00000000c000ee58                Computer::readCMOS(unsigned char)
                0x00000000c000ee72                Computer::enableNMI(bool)
                0x00000000c000ee8a                Computer::open(int, int, void*)
                0x00000000c000ef60                Computer::disableNMI()
                0x00000000c000ef6e                Computer::writeCMOS(unsigned char, unsigned char)
                0x00000000c000ef8c                Computer::handleNMI()
                0x00000000c000eff2                Computer::setDiskActivityLight(int, bool)
 *fill*         0x00000000c000f01d        0x1 
 .text          0x00000000c000f01e      0x1b7 core/gdt.32
                0x00000000c000f01e                GDTEntry::setBase(unsigned int)
                0x00000000c000f03a                GDTEntry::setLimit(unsigned int)
                0x00000000c000f058                GDT::GDT()
                0x00000000c000f058                GDT::GDT()
                0x00000000c000f06e                GDT::addEntry(GDTEntry)
                0x00000000c000f0aa                GDT::getNumberOfEntries()
                0x00000000c000f0b2                GDT::flush()
                0x00000000c000f0d4                GDT::setup()
 .text          0x00000000c000f1d5       0x62 core/idle.32
                0x00000000c000f1d5                idleFunction(void*)
 *fill*         0x00000000c000f237        0x1 
 .text          0x00000000c000f238      0x45f core/idt.32
                0x00000000c000f238                IDTEntry::IDTEntry(bool)
                0x00000000c000f238                IDTEntry::IDTEntry(bool)
                0x00000000c000f2a6                IDTEntry::setOffset(unsigned int)
                0x00000000c000f2ba                IDT::IDT()
                0x00000000c000f2ba                IDT::IDT()
                0x00000000c000f2bc                IDT::getPointerToInvalidOpcodeEntryForF00F()
                0x00000000c000f2c4                IDT::addEntry(IDTEntry, int)
                0x00000000c000f2de                IDT::addEntry(int, void (*)(), bool)
                0x00000000c000f316                IDT::flush()
                0x00000000c000f330                IDT::setup()
 .text          0x00000000c000f697      0x206 core/kheap.32
                0x00000000c000f697                sbrk
                0x00000000c000f7a5                mmap
                0x00000000c000f7bb                munmap
                0x00000000c000f7d1                liballoc_lock()
                0x00000000c000f7e2                liballoc_unlock()
                0x00000000c000f7f3                liballoc_alloc(int)
                0x00000000c000f811                liballoc_free(void*, int)
                0x00000000c000f82f                realloc
                0x00000000c000f843                malloc
                0x00000000c000f853                free
                0x00000000c000f863                rfree
                0x00000000c000f873                calloc
 .text          0x00000000c000f89d      0x485 core/main.32
                0x00000000c000f89d                hwTextMode_loadInData(VgaText*)
                0x00000000c000f8e8                hwTextMode_loadInTitle(VgaText*, char*)
                0x00000000c000f966                hwTextMode_showCursor(VgaText*, bool)
                0x00000000c000f9c4                hwTextMode_update(VgaText*)
                0x00000000c000f9c5                hwTextMode_updateCursor(VgaText*)
                0x00000000c000fa16                hwTextMode_disableBlink(VgaText*, bool)
                0x00000000c000fa5c                hwTextMode_scrollScreen(VgaText*)
                0x00000000c000fb09                hwTextMode_writeCharacter(VgaText*, char, VgaColour, VgaColour, int, int)
                0x00000000c000fb8b                setupTextMode()
                0x00000000c000fbfb                kernel_main
 .text          0x00000000c000fd22      0x56a core/physmgr.32
                0x00000000c000fd22                Phys::allocateDMA(unsigned long)
                0x00000000c000fdc5                Phys::freeDMA(unsigned long, unsigned long)
                0x00000000c000fe0d                Phys::setPageState(unsigned long, bool)
                0x00000000c000fe3f                Phys::getPageState(unsigned long)
                0x00000000c000fe5b                Phys::freePage(unsigned long)
                0x00000000c000fee5                Phys::allocatePage()
                0x00000000c000ffca                Phys::allocateContiguousPages(int)
                0x00000000c0010024                Phys::allowSegmentToBeUsed(unsigned long, unsigned long)
                0x00000000c001005c                Phys::physicalMemorySetup(unsigned int)
 .text          0x00000000c001028c      0x273 core/pipe.32
                0x00000000c001028c                Pipe::isAtty()
                0x00000000c0010290                Pipe::~Pipe()
                0x00000000c0010290                Pipe::~Pipe()
                0x00000000c00102b4                Pipe::~Pipe()
                0x00000000c00102dc                Pipe::read(unsigned long long, void*, int*)
                0x00000000c00103d0                Pipe::write(unsigned long long, void*, int*)
                0x00000000c0010498                Pipe::Pipe(int)
                0x00000000c0010498                Pipe::Pipe(int)
 *fill*         0x00000000c00104ff        0x1 
 .text          0x00000000c0010500      0xf73 core/terminal.32
                0x00000000c0010500                VgaText::isAtty()
                0x00000000c0010504                VgaText::~VgaText()
                0x00000000c0010504                VgaText::~VgaText()
                0x00000000c0010528                VgaText::~VgaText()
                0x00000000c0010552                VgaText::read(unsigned long long, void*, int*)
                0x00000000c0010572                setTerminalScrollLock(bool)
                0x00000000c0010573                addToTerminalCycle(VgaText*)
                0x00000000c00105a0                installVgaTextImplementation()
                0x00000000c00105b5                scrollTerminalScrollLock(int)
                0x00000000c00105b6                VgaText::load()
                0x00000000c001060a                VgaText::updateCursor()
                0x00000000c0010624                VgaText::showCursor(bool)
                0x00000000c0010634                VgaText::disableBlink(bool)
                0x00000000c001066e                VgaText::doANSI_SGR(int)
                0x00000000c00106fa                VgaText::setDefaultBgColour(VgaColour)
                0x00000000c0010710                VgaText::setDefaultFgColour(VgaColour)
                0x00000000c0010726                VgaText::setDefaultColours(VgaColour, VgaColour)
                0x00000000c0010746                VgaText::combineColours(unsigned char, unsigned char)
                0x00000000c0010758                VgaText::scrollScreen()
                0x00000000c00107ec                VgaText::combineCharAndColour(char, unsigned char)
                0x00000000c00107fe                VgaText::writeCharacter(char, VgaColour, VgaColour, int, int)
                0x00000000c001085e                VgaText::getCursorX()
                0x00000000c001086a                VgaText::getCursorY()
                0x00000000c0010876                VgaText::setCursor(int, int)
                0x00000000c0010894                VgaText::setCursorX(int)
                0x00000000c00108b0                VgaText::setCursorY(int)
                0x00000000c00108cc                VgaText::incrementCursor(bool)
                0x00000000c0010934                VgaText::updateRAMUsageDisplay(int)
                0x00000000c0010998                VgaText::updateDiskUsage()
                0x00000000c0010b02                VgaText::updateTitle()
                0x00000000c0010b48                VgaText::setTitleTextColour(VgaColour)
                0x00000000c0010b58                VgaText::setTitleColour(VgaColour)
                0x00000000c0010b68                VgaText::setTitle(char*)
                0x00000000c0010b8e                VgaText::decrementCursor(bool)
                0x00000000c0010bb6                VgaText::putchar(char, VgaColour, VgaColour)
                0x00000000c0010cb2                VgaText::isShowingCursor()
                0x00000000c0010cbe                VgaText::isBlinkDisabled()
                0x00000000c0010ccc                VgaText::setCursorHeight(int)
                0x00000000c0010cea                VgaText::getCursorHeight()
                0x00000000c0010cf5                setActiveTerminal(VgaText*)
                0x00000000c0010da7                doTerminalCycle()
                0x00000000c0010dc4                VgaText::doUpdate()
                0x00000000c0010dd6                VgaText::puts(char const*, VgaColour, VgaColour)
                0x00000000c0010f96                VgaText::clearScreen()
                0x00000000c0010ffa                VgaText::putchar(char)
                0x00000000c0011114                VgaText::puts(char const*)
                0x00000000c001113a                VgaText::putx(unsigned int)
                0x00000000c0011180                VgaText::VgaText(char const*)
                0x00000000c0011180                VgaText::VgaText(char const*)
                0x00000000c0011312                VgaText::receiveKey(unsigned char)
                0x00000000c00113fa                VgaText::write(unsigned long long, void*, int*)
                0x00000000c001144e                newTerminal(char*)
 *fill*         0x00000000c0011473        0x1 
 .text          0x00000000c0011474      0x1b3 core/tss.32
                0x00000000c0011474                TSS::TSS()
                0x00000000c0011474                TSS::TSS()
                0x00000000c0011482                TSS::setESP(unsigned long)
                0x00000000c0011494                TSS::flush()
                0x00000000c00114b4                TSS::setup(unsigned long, unsigned long)
 *fill*         0x00000000c0011627        0x1 
 .text          0x00000000c0011628      0x4c2 core/unixfile.32
                0x00000000c0011628                ReservedFilename::read(unsigned long long, void*, int*)
                0x00000000c001167e                ReservedFilename::isAtty()
                0x00000000c001169a                ReservedFilename::write(unsigned long long, void*, int*)
                0x00000000c00116f8                UnixFile::getFileDescriptor()
                0x00000000c0011700                UnixFile::UnixFile(int)
                0x00000000c0011700                UnixFile::UnixFile(int)
                0x00000000c00118b0                ReservedFilename::ReservedFilename(int)
                0x00000000c00118b0                ReservedFilename::ReservedFilename(int)
                0x00000000c00118e2                UnixFile::~UnixFile()
                0x00000000c00118e2                UnixFile::~UnixFile()
                0x00000000c001197a                UnixFile::~UnixFile()
                0x00000000c00119a2                ReservedFilename::~ReservedFilename()
                0x00000000c00119a2                ReservedFilename::~ReservedFilename()
                0x00000000c00119c6                ReservedFilename::~ReservedFilename()
                0x00000000c00119ed                getFromFileDescriptor(int)
 .text          0x00000000c0011aea     0x1324 core/virtmgr.32
                0x00000000c0011aea                Virt::setPageState(unsigned long, Virt::VirtPageState)
                0x00000000c0011b1f                Virt::getPageState(unsigned long)
                0x00000000c0011b43                Virt::allocateKernelVirtualPages(int)
                0x00000000c0011c54                Virt::freeSwapfilePage(unsigned long)
                0x00000000c0011c72                Virt::swapIDToSector(unsigned long)
                0x00000000c0011c84                Virt::allocateSwapfilePage()
                0x00000000c0011d02                Virt::virtualMemorySetup()
                0x00000000c0011d81                Virt::swappingSetup()
                0x00000000c0011dde                Virt::getAKernelVAS()
                0x00000000c0011de4                Virt::setupPageSwapping(int)
                0x00000000c0011f14                VAS::VAS()
                0x00000000c0011f14                VAS::VAS()
                0x00000000c0011f50                VAS::VAS(VAS*)
                0x00000000c0011f50                VAS::VAS(VAS*)
                0x00000000c0011f7e                VAS::getForeignPageTableEntry(bool, unsigned long)
                0x00000000c0011faa                VAS::getPageTableEntry(unsigned long)
                0x00000000c0011fc9                Virt::freeKernelVirtualPages(unsigned long)
                0x00000000c00120ec                VAS::freeAllocatedPages(unsigned long)
                0x00000000c0012110                VAS::virtualToPhysical(unsigned long)
                0x00000000c0012128                VAS::reflagRange(unsigned long, int, int, int)
                0x00000000c0012168                VAS::setToWriteCombining(unsigned long, int)
                0x00000000c001219a                VAS::mapOtherVASIn(bool, VAS*)
                0x00000000c00121c4                VAS::~VAS()
                0x00000000c00121c4                VAS::~VAS()
                0x00000000c0012330                VAS::mapPage(unsigned long, unsigned long, int)
                0x00000000c0012430                VAS::allocatePages(int, int)
                0x00000000c0012608                VAS::setCPUSpecific(unsigned long)
                0x00000000c0012624                VAS::mapRange(unsigned long, unsigned long, int, int)
                0x00000000c00126ea                VAS::mapForeignPage(bool, VAS*, unsigned long, unsigned long, int)
                0x00000000c00127d8                VAS::VAS(bool)
                0x00000000c00127d8                VAS::VAS(bool)
                0x00000000c0012a3e                VAS::evict(unsigned long)
                0x00000000c0012ada                VAS::tryLoadBackOffDisk(unsigned long)
                0x00000000c0012cba                VAS::scanForEviction()
                0x00000000c0012d52                mapVASFirstTime
 .text          0x00000000c0012e0e       0x95 coreobjs/c++.32
                0x00000000c0012e0e                __cxa_atexit
                0x00000000c0012e11                __cxa_finalize
                0x00000000c0012e12                __stack_chk_fail
                0x00000000c0012e7e                __cxa_pure_virtual
                0x00000000c0012e8f                operator new[](unsigned long)
                0x00000000c0012e94                operator delete(void*, unsigned long)
                0x00000000c0012e99                operator delete[](void*)
                0x00000000c0012e9e                operator delete[](void*, unsigned long)
 .text          0x00000000c0012ea3      0x1ef dbg/kconsole.32
                0x00000000c0012ea3                Dbg::stringifyxWithBase(unsigned int, char*, int)
                0x00000000c0012f04                Dbg::logc(char)
                0x00000000c0012f1b                Dbg::logs(char*)
                0x00000000c0012f38                Dbg::logWriteInt(unsigned int)
                0x00000000c0012f55                Dbg::logWriteIntBase(unsigned int, int)
                0x00000000c0012f74                Dbg::kprintf(char const*, ...)
 .text          0x00000000c0013092      0xb7c fs/vfs.32
                0x00000000c0013092                File::read(unsigned long long, void*, int*)
                0x00000000c00130ea                File::write(unsigned long long, void*, int*)
                0x00000000c0013142                Directory::read(unsigned long long, void*, int*)
                0x00000000c001319a                Directory::write(unsigned long long, void*, int*)
                0x00000000c00131c8                File::isAtty()
                0x00000000c00131cc                Directory::isAtty()
                0x00000000c00131d0                Filesystem::getlabel(LogicalDisk*, int, char*, unsigned int*)
                0x00000000c00131d6                Filesystem::setlabel(LogicalDisk*, int, char*)
                0x00000000c00131dc                File::~File()
                0x00000000c00131dc                File::~File()
                0x00000000c0013200                File::~File()
                0x00000000c001322a                Directory::~Directory()
                0x00000000c001322a                Directory::~Directory()
                0x00000000c001324e                Directory::~Directory()
                0x00000000c0013278                Filesystem::Filesystem()
                0x00000000c0013278                Filesystem::Filesystem()
                0x00000000c001329c                Filesystem::~Filesystem()
                0x00000000c001329c                Filesystem::~Filesystem()
                0x00000000c00132aa                Filesystem::~Filesystem()
                0x00000000c00132ce                Fs::getcwd(Process*, char*, int)
                0x00000000c00132f8                Fs::initVFS()
                0x00000000c0013322                Fs::standardiseFiles(char*, char const*, char const*)
                0x00000000c00134cc                File::File(char const*, Process*)
                0x00000000c00134cc                File::File(char const*, Process*)
                0x00000000c0013530                File::open(FileOpenMode)
                0x00000000c001358e                File::close()
                0x00000000c00135ee                File::seek(unsigned long long)
                0x00000000c0013644                File::tell(unsigned long long*)
                0x00000000c0013694                File::rewind()
                0x00000000c00136a8                File::unlink()
                0x00000000c00136f4                File::rename(char const*)
                0x00000000c0013742                File::chfatattr(unsigned char, unsigned char)
                0x00000000c001379e                File::exists()
                0x00000000c00137dc                File::stat(unsigned long long*, bool*)
                0x00000000c001383d                Fs::setcwd(Process*, char*)
                0x00000000c0013978                Directory::Directory(char const*, Process*)
                0x00000000c0013978                Directory::Directory(char const*, Process*)
                0x00000000c00139dc                Directory::open()
                0x00000000c0013a38                Directory::close()
                0x00000000c0013a98                Directory::unlink()
                0x00000000c0013ae4                Directory::rename(char const*)
                0x00000000c0013b32                Directory::exists()
                0x00000000c0013b70                Directory::read(dirent*)
                0x00000000c0013bbc                Directory::create()
                0x00000000c0013c08                Filesystem::chfatattr(char const*, unsigned char, unsigned char)
 .text          0x00000000c0013c0e       0x84 hal/bus.32
                0x00000000c0013c0e                Bus::Bus(char const*)
                0x00000000c0013c0e                Bus::Bus(char const*)
                0x00000000c0013c44                Bus::~Bus()
                0x00000000c0013c44                Bus::~Bus()
                0x00000000c0013c68                Bus::~Bus()
 .text          0x00000000c0013c92      0x14e hal/buzzer.32
                0x00000000c0013c92                Buzzer::Buzzer(char const*)
                0x00000000c0013c92                Buzzer::Buzzer(char const*)
                0x00000000c0013cd6                Buzzer::~Buzzer()
                0x00000000c0013cd6                Buzzer::~Buzzer()
                0x00000000c0013cfa                Buzzer::~Buzzer()
                0x00000000c0013d24                Buzzer::stop()
                0x00000000c0013d37                beepThread(void*)
                0x00000000c0013d72                Buzzer::beep(int, int, bool)
 .text          0x00000000c0013de0      0x467 hal/clock.32
                0x00000000c0013de0                User::loadClockSettings(int)
                0x00000000c0013e32                Clock::Clock(char const*)
                0x00000000c0013e32                Clock::Clock(char const*)
                0x00000000c0013e68                Clock::~Clock()
                0x00000000c0013e68                Clock::~Clock()
                0x00000000c0013e8c                Clock::~Clock()
                0x00000000c0013eb6                Clock::timeInSecondsLocal()
                0x00000000c0013efe                Clock::setTimeInSecondsLocal(unsigned long long)
                0x00000000c0013f57                datetimeToSeconds(datetime_t)
                0x00000000c001407e                Clock::setTimeInDatetimeLocal(datetime_t)
                0x00000000c00140de                secondsToDatetime(unsigned long long)
                0x00000000c0014222                Clock::timeInDatetimeLocal()
 *fill*         0x00000000c0014247        0x1 
 .text          0x00000000c0014248      0x4de hal/device.32
                0x00000000c0014248                Device::hibernate()
                0x00000000c001424a                Device::wake()
                0x00000000c001424c                Device::detect()
                0x00000000c001424e                Device::disableLegacy()
                0x00000000c0014250                Device::powerSaving(PowerSavingLevel)
                0x00000000c0014252                DriverlessDevice::close(int, int, void*)
                0x00000000c0014256                DriverlessDevice::detect()
                0x00000000c0014258                DriverlessDevice::open(int, int, void*)
                0x00000000c001426c                Device::~Device()
                0x00000000c001426c                Device::~Device()
                0x00000000c001427a                Device::~Device()
                0x00000000c00142a2                Device::findAndLoadDriver()
                0x00000000c00142a4                Device::preOpenPCI(PCIDeviceInfo)
                0x00000000c00142ca                Device::preOpenACPI(void*, char*, char*)
                0x00000000c001431e                Device::addIRQHandler(int, void (*)(regs*, void*), bool, void*)
                0x00000000c001435c                Device::removeIRQHandler(int, void (*)(regs*, void*), bool)
                0x00000000c001439a                Device::addChild(Device*)
                0x00000000c00143de                Device::removeAllChildren()
                0x00000000c0014424                Device::hibernateAll()
                0x00000000c0014454                Device::wakeAll()
                0x00000000c0014484                Device::detectAll()
                0x00000000c00144b4                Device::disableLegacyAll()
                0x00000000c00144e4                Device::loadDriversForAll()
                0x00000000c0014510                Device::closeAll()
                0x00000000c0014546                Device::powerSavingAll(PowerSavingLevel)
                0x00000000c001457c                Device::setName(char const*)
                0x00000000c001458a                Device::Device(char const*)
                0x00000000c001458a                Device::Device(char const*)
                0x00000000c0014686                Device::getName()
                0x00000000c0014690                DriverlessDevice::DriverlessDevice(char const*)
                0x00000000c0014690                DriverlessDevice::DriverlessDevice(char const*)
                0x00000000c00146b8                Device::addToLinkedList(LinkedList<Device>&, DeviceType)
                0x00000000c00146fc                getDevicesOfType(DeviceType)
 .text          0x00000000c0014726       0x84 hal/diskctrl.32
                0x00000000c0014726                HardDiskController::HardDiskController(char const*)
                0x00000000c0014726                HardDiskController::HardDiskController(char const*)
                0x00000000c001475c                HardDiskController::~HardDiskController()
                0x00000000c001475c                HardDiskController::~HardDiskController()
                0x00000000c0014780                HardDiskController::~HardDiskController()
 .text          0x00000000c00147aa       0xf2 hal/diskphys.32
                0x00000000c00147aa                PhysicalDisk::eject()
                0x00000000c00147be                PhysicalDisk::PhysicalDisk(char const*, int)
                0x00000000c00147be                PhysicalDisk::PhysicalDisk(char const*, int)
                0x00000000c0014826                PhysicalDisk::startCache()
                0x00000000c001484e                PhysicalDisk::~PhysicalDisk()
                0x00000000c001484e                PhysicalDisk::~PhysicalDisk()
                0x00000000c0014872                PhysicalDisk::~PhysicalDisk()
 .text          0x00000000c001489c      0x13b hal/fpu.32
                0x00000000c001489c                FPU::FPU(char const*)
                0x00000000c001489c                FPU::FPU(char const*)
                0x00000000c00148d2                FPU::~FPU()
                0x00000000c00148d2                FPU::~FPU()
                0x00000000c00148f6                FPU::~FPU()
                0x00000000c0014920                setupFPU()
 *fill*         0x00000000c00149d7        0x1 
 .text          0x00000000c00149d8     0x13b3 hal/intctrl.32
                0x00000000c00149d8                InterruptController::uninstallISRHandler(int, void (*)(regs*, void*))
                0x00000000c0014a10                InterruptController::installISRHandler(int, void (*)(regs*, void*), void*)
                0x00000000c0014a62                doubleFault(regs*, void*)
                0x00000000c0014a7c                InterruptController::installIRQHandler(int, void (*)(regs*, void*), bool, void*)
                0x00000000c0014b18                InterruptController::clearAllHandlers(int, bool)
                0x00000000c0014bc0                InterruptController::uninstallIRQHandler(int, void (*)(regs*, void*), bool)
                0x00000000c0014c47                nmiHandler(regs*, void*)
                0x00000000c0014c55                int_handler
                0x00000000c0014cf6                InterruptController::InterruptController(char const*)
                0x00000000c0014cf6                InterruptController::InterruptController(char const*)
                0x00000000c0014d9c                InterruptController::~InterruptController()
                0x00000000c0014d9c                InterruptController::~InterruptController()
                0x00000000c0014dc0                InterruptController::~InterruptController()
                0x00000000c0014dea                displayDebugInfo(regs*)
                0x00000000c0015279                x87EmulHandler(regs*, void*)
                0x00000000c00152a8                gpFault(regs*, void*)
                0x00000000c00152e1                pgFault(regs*, void*)
                0x00000000c0015329                otherISRHandler(regs*, void*)
                0x00000000c0015348                opcodeFault(regs*, void*)
                0x00000000c001594e                displayProgramFault(char const*)
                0x00000000c0015976                setupInterruptController()
                0x00000000c0015d3e                InterruptController::convertLegacyIRQNumber(int)
 *fill*         0x00000000c0015d8b        0x1 
 .text          0x00000000c0015d8c      0x6c8 hal/keybrd.32
                0x00000000c0015d8c                startGUI(void*)
                0x00000000c0015de8                startGUIVESA(void*)
                0x00000000c0015e44                sendKeyToTerminal(unsigned char)
                0x00000000c0015eb0                sendKeyboardToken(KeyboardToken)
                0x00000000c00162ed                clearInternalKeybuffer(VgaText*)
                0x00000000c0016322                readKeyboard(VgaText*, char*, unsigned long)
                0x00000000c00163ca                Keyboard::Keyboard(char const*)
                0x00000000c00163ca                Keyboard::Keyboard(char const*)
                0x00000000c0016406                Keyboard::~Keyboard()
                0x00000000c0016406                Keyboard::~Keyboard()
                0x00000000c001642a                Keyboard::~Keyboard()
 .text          0x00000000c0016454      0x414 hal/logidisk.32
                0x00000000c0016454                LogicalDisk::close(int, int, void*)
                0x00000000c0016458                LogicalDisk::~LogicalDisk()
                0x00000000c0016458                LogicalDisk::~LogicalDisk()
                0x00000000c001647c                LogicalDisk::~LogicalDisk()
                0x00000000c00164a6                LogicalDisk::open(int, int, void*)
                0x00000000c00164ba                LogicalDisk::absoluteToRelative(unsigned long long)
                0x00000000c00164f2                LogicalDisk::relativeToAbsolute(unsigned long long)
                0x00000000c0016538                LogicalDisk::LogicalDisk(char const*, PhysicalDisk*, unsigned long long, unsigned long long)
                0x00000000c0016538                LogicalDisk::LogicalDisk(char const*, PhysicalDisk*, unsigned long long, unsigned long long)
                0x00000000c00165ee                LogicalDisk::assignDriveLetter()
                0x00000000c00166a4                LogicalDisk::mount()
                0x00000000c0016716                LogicalDisk::unmount()
                0x00000000c0016726                LogicalDisk::eject()
                0x00000000c001673a                LogicalDisk::unassignDriveLetter()
                0x00000000c0016790                LogicalDisk::read(unsigned long long, int, void*)
                0x00000000c00167fc                LogicalDisk::write(unsigned long long, int, void*)
 .text          0x00000000c0016868       0x84 hal/mouse.32
                0x00000000c0016868                Mouse::Mouse(char const*)
                0x00000000c0016868                Mouse::Mouse(char const*)
                0x00000000c001689e                Mouse::~Mouse()
                0x00000000c001689e                Mouse::~Mouse()
                0x00000000c00168c2                Mouse::~Mouse()
 .text          0x00000000c00168ec      0x34d hal/partition.32
                0x00000000c00168ec                makePartition(PhysicalDisk*, unsigned long long, unsigned long long)
                0x00000000c00169a8                createPartitionsForDisk(PhysicalDisk*)
 *fill*         0x00000000c0016c39        0x1 
 .text          0x00000000c0016c3a       0x84 hal/serial.32
                0x00000000c0016c3a                Serial::Serial(char const*)
                0x00000000c0016c3a                Serial::Serial(char const*)
                0x00000000c0016c70                Serial::~Serial()
                0x00000000c0016c70                Serial::~Serial()
                0x00000000c0016c94                Serial::~Serial()
 .text          0x00000000c0016cbe      0x2b8 hal/timer.32
                0x00000000c0016cbe                Timer::Timer(char const*)
                0x00000000c0016cbe                Timer::Timer(char const*)
                0x00000000c0016cf4                Timer::~Timer()
                0x00000000c0016cf4                Timer::~Timer()
                0x00000000c0016d18                Timer::~Timer()
                0x00000000c0016d42                Timer::read()
                0x00000000c0016d4d                timerHandler(unsigned long long)
                0x00000000c0016e84                setupTimer(int)
 .text          0x00000000c0016f76      0x425 hal/vcache.32
                0x00000000c0016f76                VCache::VCache(PhysicalDisk*)
                0x00000000c0016f76                VCache::VCache(PhysicalDisk*)
                0x00000000c00170de                VCache::invalidateReadBuffer()
                0x00000000c00170ee                VCache::writeWriteBuffer()
                0x00000000c001712a                VCache::~VCache()
                0x00000000c001712a                VCache::~VCache()
                0x00000000c001717e                VCache::~VCache()
                0x00000000c00171a6                VCache::write(unsigned long long, int, void*)
                0x00000000c001729c                VCache::read(unsigned long long, int, void*)
 *fill*         0x00000000c001739b        0x1 
 .text          0x00000000c001739c      0x4cd hal/video.32
                0x00000000c001739c                Video::putrect(int, int, int, int, unsigned int)
                0x00000000c00173e8                Video::bitblit(int, int, int, int, int, int, int, unsigned int*)
                0x00000000c0017458                Video::blit(unsigned int*, int, int, int, int)
                0x00000000c00174d6                Video::clearScreen(unsigned int)
                0x00000000c001750a                Video::putpixel(int, int, unsigned int)
                0x00000000c0017518                Video::Video(char const*)
                0x00000000c0017518                Video::Video(char const*)
                0x00000000c001754e                Video::~Video()
                0x00000000c001754e                Video::~Video()
                0x00000000c0017572                Video::~Video()
                0x00000000c001759c                Video::isMonochrome()
                0x00000000c00175a8                Video::getWidth()
                0x00000000c00175b4                Video::getHeight()
                0x00000000c00175c0                Video::drawCursor(int, int, unsigned char*, int)
                0x00000000c001767c                Video::tgaParse(unsigned char*, int, int*, int*)
                0x00000000c00177fe                Video::putTGA(int, int, unsigned char*, int)
 *fill*         0x00000000c0017869        0x1 
 .text          0x00000000c001786a      0xf64 hw/acpi.32
                0x00000000c001786a                ACPI::close(int, int, void*)
                0x00000000c001791f                findRSDP()
                0x00000000c00179a9                loadACPITables(unsigned char*)
                0x00000000c0017bd0                findRSDT(unsigned char*)
                0x00000000c0017cee                findDataTable(unsigned char*, char*)
                0x00000000c0017d8a                scanMADT()
                0x00000000c0018210                ACPI::ACPI()
                0x00000000c0018210                ACPI::ACPI()
                0x00000000c001827a                ACPI::getPCIIRQAssignment(unsigned char, unsigned short, unsigned char)
                0x00000000c001835c                ACPI::registerPCIIRQAssignment(void*, unsigned short, unsigned char, unsigned char)
                0x00000000c0018422                ACPI::setScreenBrightnessLevel(void*, int)
                0x00000000c0018428                ACPI::writeSimpleBootFlag(SimpleBootFlagTable*)
                0x00000000c0018470                ACPI::open(int, int, void*)
                0x00000000c00187b6                ACPI::sleep()
 .text          0x00000000c00187ce     0x1715 hw/cpu.32
                0x00000000c00187ce                CPU::close(int, int, void*)
                0x00000000c00187d2                CPU::lookupAMDName(unsigned char, unsigned char)
                0x00000000c0018966                CPU::lookupIntelName(unsigned char, unsigned char)
                0x00000000c0018c14                CPU::AMD_K6_write_msr(unsigned int, unsigned int, unsigned int, CPU::REGS*)
                0x00000000c0018c30                CPU::AMD_K6_read_msr(unsigned int, CPU::REGS*)
                0x00000000c0018c48                CPU::AMD_K6_writeback(int, int, int)
                0x00000000c0018cbc                CPU::cpuid(int, unsigned long*, unsigned long*, unsigned long*, unsigned long*)
                0x00000000c0018d40                CPU::cpuidCheckEDX(unsigned int)
                0x00000000c0018d6e                CPU::cpuidCheckECX(unsigned int)
                0x00000000c0018d9c                CPU::cpuidCheckExtendedEBX(unsigned int)
                0x00000000c0018dca                CPU::cpuidCheckExtendedECX(unsigned int)
                0x00000000c0018df8                CPU::CPU()
                0x00000000c0018df8                CPU::CPU()
                0x00000000c0018e86                CPU::displayFeatures()
                0x00000000c0019102                CPU::detectFeatures()
                0x00000000c0019af2                CPU::setupSMEP()
                0x00000000c0019afe                CPU::setupUMIP()
                0x00000000c0019b08                CPU::setupTSC()
                0x00000000c0019b12                CPU::setupLargePages()
                0x00000000c0019b1c                CPU::setupPAT()
                0x00000000c0019b58                CPU::setupMTRR()
                0x00000000c0019b5a                CPU::setupGlobalPages()
                0x00000000c0019b64                CPU::allowUsermodeDataAccess()
                0x00000000c0019b76                CPU::prohibitUsermodeDataAccess()
                0x00000000c0019b88                CPU::setupSMAP()
                0x00000000c0019b96                CPU::setupFeatures()
                0x00000000c0019c16                CPU::open(int, int, void*)
                0x00000000c0019ce8                CPU::decodeAddress(regs*, int*, bool*, unsigned char*)
 .text          0x00000000c0019ee3        0x0 hw/ports.32
 .text          0x00000000c0019ee3      0x16a hw/smp.32
                0x00000000c0019ee3                Krnl::smpEntry()
                0x00000000c0019ee5                Krnl::startCPU(int)
                0x00000000c001a02e                Krnl::startCPUs()
 *fill*         0x00000000c001a04d        0x1 
 .text          0x00000000c001a04e      0x5d3 krnl/env.32
                0x00000000c001a04e                EnvVarContainer::getEnv(char const*)
                0x00000000c001a08c                EnvVarContainer::setEnv(char const*, char const*)
                0x00000000c001a158                EnvVarContainer::deleteEnv(char const*)
                0x00000000c001a15a                EnvVarContainer::loadFrom(char const*, char const*)
                0x00000000c001a350                EnvVarContainer::__loadSystem()
                0x00000000c001a36a                EnvVarContainer::__loadUser()
                0x00000000c001a36c                EnvVarContainer::EnvVarContainer(Process*)
                0x00000000c001a36c                EnvVarContainer::EnvVarContainer(Process*)
                0x00000000c001a38e                EnvVarContainer::~EnvVarContainer()
                0x00000000c001a38e                EnvVarContainer::~EnvVarContainer()
                0x00000000c001a3be                Krnl::getEnv(Process*, char const*)
                0x00000000c001a423                Krnl::setEnvSystem(char const*, char const*)
                0x00000000c001a43d                Krnl::setEnvUser(char const*, char const*)
                0x00000000c001a45c                Krnl::setEnvProcess(Process*, char const*, char const*)
                0x00000000c001a46f                Krnl::deleteEnvSystem(char const*)
                0x00000000c001a470                Krnl::deleteEnvUser(char const*)
                0x00000000c001a471                Krnl::deleteEnvProcess(Process*, char const*)
                0x00000000c001a472                Krnl::newProcessEnv(Process*)
                0x00000000c001a494                Krnl::copyProcessEnv(Process*, Process*)
                0x00000000c001a4e8                Krnl::loadSystemEnv()
                0x00000000c001a516                Krnl::loadUserEnv()
                0x00000000c001a53c                Krnl::flushEnv()
                0x00000000c001a53d                Krnl::getProcessTotalEnvCount(Process*)
                0x00000000c001a55d                Krnl::getProcessEnvPair(Process*, int)
 .text          0x00000000c001a621      0x396 krnl/panic.32
                0x00000000c001a621                Krnl::panic(char const*)
 .text          0x00000000c001a9b7      0x3b6 net/ethernet.32
                0x00000000c001a9b7                Net::switchEndian16(unsigned short)
                0x00000000c001a9d8                Net::switchEndian32(unsigned int)
                0x00000000c001aa07                Net::crc32Calc(unsigned char*, int)
                0x00000000c001aa98                Net::wrapEthernetFrame(Net::UnwrappedEthernetFrame, unsigned char*)
                0x00000000c001abd4                Net::unwrapEthernetFrame(unsigned char*, int)
 .text          0x00000000c001ad6d      0x513 reg/registry.32
                0x00000000c001ad6d                Reg::findLineFromLoadedData(char*, char*, char*)
                0x00000000c001aec5                Reg::getLineFromRegistry(char*, char*, char*, char*)
                0x00000000c001b01a                Reg::getLine(char*, char*, char*)
                0x00000000c001b051                Reg::readInt(char*, char*, int*)
                0x00000000c001b13c                Reg::readString(char*, char*, char*, int)
                0x00000000c001b1bd                Reg::readBool(char*, char*, bool*)
                0x00000000c001b1e2                Reg::readBoolWithDefault(char*, char*, bool)
                0x00000000c001b20e                Reg::readIntWithDefault(char*, char*, int)
                0x00000000c001b23a                Reg::readStringWithDefault(char*, char*, char*, int, char*)
 .text          0x00000000c001b280       0x36 sys/sc_eject.32
                0x00000000c001b280                Sys::eject(regs*)
 .text          0x00000000c001b2b6       0x18 sys/sc_exit.32
                0x00000000c001b2b6                Sys::exit(regs*)
 .text          0x00000000c001b2ce       0x1f sys/sc_getcwd.32
                0x00000000c001b2ce                Sys::getCwd(regs*)
 .text          0x00000000c001b2ed        0xc sys/sc_getpid.32
                0x00000000c001b2ed                Sys::getPID(regs*)
 .text          0x00000000c001b2f9       0x17 sys/sc_getramdata.32
                0x00000000c001b2f9                Sys::getRAMData(regs*)
 .text          0x00000000c001b310       0xa8 sys/sc_loaddll.32
                0x00000000c001b310                Sys::loadDLL(regs*)
 .text          0x00000000c001b3b8       0x68 sys/sc_read.32
                0x00000000c001b3b8                Sys::read(regs*)
 .text          0x00000000c001b420       0x55 sys/sc_sbrk.32
                0x00000000c001b420                Sys::sbrk(regs*)
 .text          0x00000000c001b475       0x1c sys/sc_setcwd.32
                0x00000000c001b475                Sys::setCwd(regs*)
 .text          0x00000000c001b491      0x128 sys/sc_settime.32
                0x00000000c001b491                Sys::setTime(regs*)
 .text          0x00000000c001b5b9       0x4a sys/sc_timezone.32
                0x00000000c001b5b9                Sys::timezone(regs*)
 .text          0x00000000c001b603       0x68 sys/sc_write.32
                0x00000000c001b603                Sys::write(regs*)
 .text          0x00000000c001b66b       0x62 sys/sc_wsbe.32
                0x00000000c001b66b                Sys::wsbe(regs*)
 .text          0x00000000c001b6cd       0x3b sys/sc_yield.32
                0x00000000c001b6cd                Sys::yield(regs*)
 .text          0x00000000c001b708     0x10e5 sys/syscalls.32
                0x00000000c001b708                sysCallSeekDir(regs*)
                0x00000000c001b70d                sysCallTellDir(regs*)
                0x00000000c001b712                sysCallVerify(regs*)
                0x00000000c001b71c                sysFormatDisk(regs*)
                0x00000000c001b786                sysSetDiskVolumeLabel(regs*)
                0x00000000c001b7cc                sysGetDiskVolumeLabel(regs*)
                0x00000000c001b81d                sysShutdown(regs*)
                0x00000000c001b87b                sysCallRealpath(regs*)
                0x00000000c001b8be                sysCallGetArgc(regs*)
                0x00000000c001b8ec                sysCallReadDir(regs*)
                0x00000000c001b97a                sysCallIsATTY(regs*)
                0x00000000c001b9d4                sysCallSeek(regs*)
                0x00000000c001ba3d                sysCallTell(regs*)
                0x00000000c001baba                sysCallSize(regs*)
                0x00000000c001bb3d                sysCallSizeFromFilename(regs*)
                0x00000000c001bbfd                sysCallClose(regs*)
                0x00000000c001bc85                sysCallOpenDir(regs*)
                0x00000000c001bcfa                sysCallCloseDir(regs*)
                0x00000000c001bd60                sysCallMakeDir(regs*)
                0x00000000c001bdd0                sysCallWait(regs*)
                0x00000000c001bdea                sysCallNotImpl(regs*)
                0x00000000c001be05                sysPanic(regs*)
                0x00000000c001be2b                sysCallRmdir(regs*)
                0x00000000c001be8f                sysCallUnlink(regs*)
                0x00000000c001bef3                sysCallGetArgv(regs*)
                0x00000000c001bf3f                sysCallTTYName(regs*)
                0x00000000c001bfc2                sysCallUSleep(regs*)
                0x00000000c001bfe9                sysCallSpawn(regs*)
                0x00000000c001c041                sysCallGetEnv(regs*)
                0x00000000c001c179                sysAppSettings(regs*)
                0x00000000c001c298                sysSetFatAttrib(regs*)
                0x00000000c001c30a                sysPipe(regs*)
                0x00000000c001c34f                sysGetUnixTime(regs*)
                0x00000000c001c363                string_ends_with(char const*, char const*)
                0x00000000c001c3ab                sysCallOpen(regs*)
                0x00000000c001c5c0                Sys::loadSyscalls()
                0x00000000c001c7ab                Sys::systemCall(regs*, void*)
 .text          0x00000000c001c7ed     0x11ef thr/elf.32
                0x00000000c001c7ed                Thr::allocateMemoryForTask(Process*, File*, unsigned long, unsigned long, unsigned long)
                0x00000000c001ca7f                Thr::loadProgramIntoMemory(Process*, char const*)
                0x00000000c001cc95                Thr::runtimeReferenceHelper()
                0x00000000c001cca8                Thr::getAddressOfKernelSymbol(char const*)
                0x00000000c001ccf7                Thr::loadKernelSymbolTable(char const*)
                0x00000000c001cfb5                Thr::loadDriverIntoMemory(char const*, unsigned long, bool)
                0x00000000c001d6d1                Thr::getDriverBaseFromAddress(unsigned long)
                0x00000000c001d703                Thr::getDriverNameFromAddress(unsigned long)
                0x00000000c001d73a                Thr::getDriverOffsetFromAddress(unsigned long)
                0x00000000c001d754                Thr::loadDLL(char const*, bool)
                0x00000000c001d9a3                Thr::executeDLL(unsigned long, void*)
 .text          0x00000000c001d9dc     0x1056 thr/prcssthr.32
                0x00000000c001d9dc                changeTSS
                0x00000000c001da0c                Process::addArgs(char**)
                0x00000000c001da66                Process::Process(char const*, Process*, char**)
                0x00000000c001da66                Process::Process(char const*, Process*, char**)
                0x00000000c001dc4a                Process::Process(bool, char const*, Process*, char**)
                0x00000000c001dc4a                Process::Process(bool, char const*, Process*, char**)
                0x00000000c001ddf9                disableIRQs()
                0x00000000c001de01                getIRQNestingLevel()
                0x00000000c001de07                enableIRQs()
                0x00000000c001de16                lockScheduler()
                0x00000000c001de18                unlockScheduler()
                0x00000000c001de1a                userModeEntryPoint(void*)
                0x00000000c001de3d                lockStuff()
                0x00000000c001de49                taskStartupFunction
                0x00000000c001de52                updateTimeUsed()
                0x00000000c001deb7                switchToThread(ThreadControlBlock*)
                0x00000000c001df08                Semaphore::Semaphore(int)
                0x00000000c001df08                Semaphore::Semaphore(int)
                0x00000000c001df36                Mutex::Mutex()
                0x00000000c001df36                Mutex::Mutex()
                0x00000000c001df48                Process::createThread(void (*)(void*), void*, int)
                0x00000000c001e02c                Process::createUserThread()
                0x00000000c001e048                setupMultitasking(void (*)())
                0x00000000c001e152                schedule()
                0x00000000c001e1d7                unlockStuff()
                0x00000000c001e20c                Semaphore::tryAcquire()
                0x00000000c001e23a                Semaphore::assertLocked(char const*)
                0x00000000c001e26a                blockTaskWithSchedulerLockAlreadyHeld(TaskState)
                0x00000000c001e2ac                blockTask(TaskState)
                0x00000000c001e2cd                waitTask(int, int*, int)
                0x00000000c001e30f                nanoSleepUntil(unsigned long long)
                0x00000000c001e366                nanoSleep(unsigned long long)
                0x00000000c001e37b                sleep(unsigned long long)
                0x00000000c001e398                Semaphore::acquire()
                0x00000000c001e400                taskReturned
                0x00000000c001e42e                unblockTask(ThreadControlBlock*)
                0x00000000c001e4dd                cleanupTerminatedTask(ThreadControlBlock*)
                0x00000000c001e7a6                cleanerTaskFunction(void*)
                0x00000000c001e859                terminateTask(int)
                0x00000000c001e939                Thr::terminateFromIRQ(int)
                0x00000000c001e946                Semaphore::release()
 .text          0x00000000c001ea32      0xc26 vm86/vm8086.32
                0x00000000c001ea32                Vm::inbv(unsigned short)
                0x00000000c001ea45                Vm::outbv(unsigned short, unsigned char)
                0x00000000c001ea98                Vm::realToLinear(unsigned short, unsigned short)
                0x00000000c001eaa8                Vm::getSegment(unsigned int)
                0x00000000c001eab0                Vm::getOffset(unsigned int)
                0x00000000c001eab5                Vm::mainloop2()
                0x00000000c001eaf0                Vm::mainVm8086Loop(void*)
                0x00000000c001eafd                Vm::mainloop3(unsigned long)
                0x00000000c001eb27                Vm::initialise8086()
                0x00000000c001eb6a                Vm::finish8086()
                0x00000000c001ebaf                Vm::getOutput8086(unsigned char*)
                0x00000000c001ebd9                Vm::start8086(char const*, unsigned short, unsigned short, unsigned short, unsigned short)
                0x00000000c001ed29                Vm::doISR(regs*, int, unsigned char*, unsigned short, unsigned short)
                0x00000000c001edb3                Vm::readByteFromReal(unsigned short, unsigned short)
                0x00000000c001edc4                Vm::readWordFromReal(unsigned short, unsigned short)
                0x00000000c001edd6                Vm::readDwordFromReal(unsigned short, unsigned short)
                0x00000000c001ede7                Vm::writeByteFromReal(unsigned short, unsigned short, unsigned char)
                0x00000000c001edfc                Vm::writeWordFromReal(unsigned short, unsigned short, unsigned short)
                0x00000000c001ee12                Vm::writeDwordFromReal(unsigned short, unsigned short, unsigned int)
                0x00000000c001ee27                Vm::faultHandler(regs*)
 .text          0x00000000c001f658      0xefd vm86/x87em.32
                0x00000000c001f658                Vm::fpuInternalTo32(unsigned long long)
                0x00000000c001f6b3                Vm::fpuInternalTo64(unsigned long long)
                0x00000000c001f6bc                Vm::fpu32ToInternal(unsigned int)
                0x00000000c001f701                Vm::fpu64ToInternal(unsigned long long)
                0x00000000c001f70a                Vm::fpuFloatToLong(unsigned long long)
                0x00000000c001f765                Vm::fpuULongToFloat(unsigned long long)
                0x00000000c001f79b                Vm::fpuLongToFloat(long long)
                0x00000000c001f7f1                Vm::fpuGet0()
                0x00000000c001f7f6                Vm::fpuGet1()
                0x00000000c001f7fe                Vm::fpuGetPi()
                0x00000000c001f806                Vm::fpuGetLog2E()
                0x00000000c001f81e                Vm::fpuGetLogE2()
                0x00000000c001f836                Vm::fpuGetLog210()
                0x00000000c001f84e                Vm::fpuGetLog102()
                0x00000000c001f866                Vm::fpuIsSecondLarger(unsigned long long, unsigned long long)
                0x00000000c001f87a                Vm::fpuAreEqual(unsigned long long, unsigned long long)
                0x00000000c001f890                Vm::fpuUnorderedCompare(unsigned long long, unsigned long long)
                0x00000000c001f8e3                Vm::fpuAdd(unsigned long long, unsigned long long)
                0x00000000c001f8f4                Vm::fpuAbs(unsigned long long)
                0x00000000c001f8fd                Vm::fpuChs(unsigned long long)
                0x00000000c001f90d                Vm::fpuSub(unsigned long long, unsigned long long)
                0x00000000c001f91c                Vm::fpuMultiply(unsigned long long, unsigned long long)
                0x00000000c001f93b                Vm::fpuDivide(unsigned long long, unsigned long long)
                0x00000000c001f957                Vm::fpuSquare(unsigned long long)
                0x00000000c001f96d                Vm::fpuGetReg(int)
                0x00000000c001f9b0                Vm::fpuSetReg(int, unsigned long long)
                0x00000000c001f9fb                Vm::fpuPush(unsigned long long)
                0x00000000c001fa58                Vm::fpuPop()
                0x00000000c001faaa                Vm::x87Handler(regs*)
 *fill*         0x00000000c0020555        0x1 
 .text          0x00000000c0020556     0x10ed fs/fat/vfslink.32
                0x00000000c0020556                FAT::getName()
                0x00000000c002055c                FAT::tell(void*, unsigned long long*)
                0x00000000c0020590                FAT::stat(void*, unsigned long long*)
                0x00000000c00205c4                FAT::~FAT()
                0x00000000c00205c4                FAT::~FAT()
                0x00000000c00205e8                FAT::~FAT()
                0x00000000c0020610                FAT::getlabel(LogicalDisk*, int, char*, unsigned int*)
                0x00000000c00206ae                FAT::setlabel(LogicalDisk*, int, char*)
                0x00000000c0020768                FAT::format(LogicalDisk*, int, char const*, int)
                0x00000000c002094c                FAT::tryMount(LogicalDisk*, int)
                0x00000000c0020b52                FAT::readDir(void*, unsigned long, void*, int*)
                0x00000000c0020c58                FAT::read(void*, unsigned long, void*, int*)
                0x00000000c0020cb2                FAT::write(void*, unsigned long, void*, int*)
                0x00000000c0020d0c                FAT::close(void*)
                0x00000000c0020d58                FAT::closeDir(void*)
                0x00000000c0020da4                FAT::seek(void*, unsigned long long)
                0x00000000c0020df8                fatWrapperReadDisk
                0x00000000c0020e3f                fatWrapperWriteDisk
                0x00000000c0020e86                fatWrapperIoctl
                0x00000000c0020f8a                FAT::FAT()
                0x00000000c0020f8a                FAT::FAT()
                0x00000000c0020fdc                FAT::fixFilepath(char*)
                0x00000000c0021014                FAT::open(char const*, void**, FileOpenMode)
                0x00000000c002113c                FAT::openDir(char const*, void**)
                0x00000000c00211e2                FAT::stat(char const*, unsigned long long*, bool*)
                0x00000000c00212cc                FAT::unlink(char const*)
                0x00000000c0021346                FAT::chfatattr(char const*, unsigned char, unsigned char)
                0x00000000c002149a                FAT::rename(char const*, char const*)
                0x00000000c002155e                FAT::mkdir(char const*)
                0x00000000c00215d8                FAT::exists(char const*)
 *fill*         0x00000000c0021643        0x1 
 .text          0x00000000c0021644      0xbc1 fs/iso9660/vfslink.32
                0x00000000c0021644                ISO9660::format(LogicalDisk*, int, char const*, int)
                0x00000000c002164a                ISO9660::seek(void*, unsigned long long)
                0x00000000c002167a                ISO9660::tell(void*, unsigned long long*)
                0x00000000c002169e                ISO9660::getName()
                0x00000000c00216a4                ISO9660::stat(void*, unsigned long long*)
                0x00000000c00216c8                ISO9660::chfatattr(char const*, unsigned char, unsigned char)
                0x00000000c00216ce                ISO9660::unlink(char const*)
                0x00000000c00216d4                ISO9660::write(void*, unsigned long, void*, int*)
                0x00000000c00216da                ISO9660::rename(char const*, char const*)
                0x00000000c00216e0                ISO9660::mkdir(char const*)
                0x00000000c00216e6                ISO9660::close(void*)
                0x00000000c0021708                ISO9660::closeDir(void*)
                0x00000000c002172a                ISO9660::~ISO9660()
                0x00000000c002172a                ISO9660::~ISO9660()
                0x00000000c002174e                ISO9660::~ISO9660()
                0x00000000c0021775                __memmem(unsigned char*, int, unsigned char*, int)
                0x00000000c00217b7                readSectorFromCDROM(unsigned int, unsigned char*, char)
                0x00000000c002181e                ISO9660::tryMount(LogicalDisk*, int)
                0x00000000c002186e                ISO9660::read(void*, unsigned long, void*, int*)
                0x00000000c0021a6e                ISO9660::readDir(void*, unsigned long, void*, int*)
                0x00000000c0021cfb                readRoot(unsigned int*, unsigned int*, char)
                0x00000000c0021d50                readRecursively(char*, unsigned int, unsigned int, unsigned int*, unsigned int*, char, int*)
                0x00000000c0021f23                getFileData(char*, unsigned int*, unsigned int*, char, int*)
                0x00000000c0021fb2                ISO9660::open(char const*, void**, FileOpenMode)
                0x00000000c0022072                ISO9660::exists(char const*)
                0x00000000c0022096                ISO9660::stat(char const*, unsigned long long*, bool*)
                0x00000000c002212a                ISO9660::openDir(char const*, void**)
                0x00000000c00221e2                ISO9660::ISO9660()
                0x00000000c00221e2                ISO9660::ISO9660()
 *fill*         0x00000000c0022205        0x1 
 .text          0x00000000c0022206      0x326 hal/sound/sndchannel.32
                0x00000000c0022206                SoundChannel::~SoundChannel()
                0x00000000c0022206                SoundChannel::~SoundChannel()
                0x00000000c0022222                SoundChannel::setSpeed(float)
                0x00000000c002222e                SoundChannel::getSpeed()
                0x00000000c0022236                SoundChannel::setVolume(int)
                0x00000000c0022252                SoundChannel::getVolume()
                0x00000000c002225a                SoundChannel::pause()
                0x00000000c0022264                SoundChannel::SoundChannel(int, int, int, int)
                0x00000000c0022264                SoundChannel::SoundChannel(int, int, int, int)
                0x00000000c00223ba                SoundChannel::play()
                0x00000000c00223c4                SoundChannel::paused()
                0x00000000c00223cc                SoundChannel::getSampleRate()
                0x00000000c00223d4                SoundChannel::getBits()
                0x00000000c00223dc                SoundChannel::getBufferUsed()
                0x00000000c00223e4                SoundChannel::getBufferSize()
                0x00000000c00223ec                SoundChannel::unbuffer(float*, int, int)
                0x00000000c002248c                SoundChannel::buffer8(unsigned char*, int)
 .text          0x00000000c002252c      0x3d5 hal/sound/sndhw.32
                0x00000000c002252c                SoundDevice::SoundDevice(char const*)
                0x00000000c002252c                SoundDevice::SoundDevice(char const*)
                0x00000000c0022598                SoundDevice::~SoundDevice()
                0x00000000c0022598                SoundDevice::~SoundDevice()
                0x00000000c0022612                SoundDevice::~SoundDevice()
                0x00000000c002263c                SoundDevice::getFreeChannelNum()
                0x00000000c0022656                SoundDevice::addChannel(SoundChannel*)
                0x00000000c00226c6                SoundDevice::removeChannel(int)
                0x00000000c00226f8                SoundDevice::floatTo8(float*, unsigned char*, int)
                0x00000000c00227e0                SoundDevice::getAudio(int, float*, float*)
 .text          0x00000000c0022901        0x0 hw/bus/isa.32
 *fill*         0x00000000c0022901        0x1 
 .text          0x00000000c0022902      0x6c3 hw/bus/pci.32
                0x00000000c0022902                PCI::open(int, int, void*)
                0x00000000c0022916                PCI::close(int, int, void*)
                0x00000000c002291a                PCI::PCI()
                0x00000000c002291a                PCI::PCI()
                0x00000000c002299a                PCI::pciReadWord(unsigned char, unsigned char, unsigned char, unsigned char)
                0x00000000c00229e2                PCI::getVendorID(unsigned char, unsigned char, unsigned char)
                0x00000000c0022a04                PCI::getHeaderType(unsigned char, unsigned char, unsigned char)
                0x00000000c0022a28                PCI::getClassCode(unsigned char, unsigned char, unsigned char)
                0x00000000c0022a6c                PCI::getProgIF(unsigned char, unsigned char, unsigned char)
                0x00000000c0022a90                PCI::getRevisionID(unsigned char, unsigned char, unsigned char)
                0x00000000c0022ab2                PCI::getInterruptNumber(unsigned char, unsigned char, unsigned char)
                0x00000000c0022ad4                PCI::getSecondaryBus(unsigned char, unsigned char, unsigned char)
                0x00000000c0022af8                PCI::getBARAddress(unsigned char, unsigned char, unsigned char, unsigned char)
                0x00000000c0022b58                PCI::pciWriteWord(unsigned char, unsigned char, unsigned char, unsigned char, unsigned short)
                0x00000000c0022bc4                PCI::checkBus(unsigned char)
                0x00000000c0022be8                PCI::foundDevice(PCIDeviceInfo)
                0x00000000c0022d5a                PCI::getDeviceData(unsigned char, unsigned char, unsigned char)
                0x00000000c0022f06                PCI::checkDevice(unsigned char, unsigned char)
                0x00000000c0022f72                PCI::detect()
 *fill*         0x00000000c0022fc5        0x1 
 .text          0x00000000c0022fc6      0xc70 hw/diskctrl/ide.32
                0x00000000c0022fc6                IDE::close(int, int, void*)
                0x00000000c0022fca                IDE::IDE()
                0x00000000c0022fca                IDE::IDE()
                0x00000000c0022ffe                IDE::prepareInterrupt(unsigned char)
                0x00000000c0023010                selectDrive(unsigned char, unsigned char)
                0x00000000c0023012                IDE::getBase(unsigned char)
                0x00000000c0023024                IDE::write(unsigned char, unsigned char, unsigned char)
                0x00000000c00230e4                IDE::read(unsigned char, unsigned char)
                0x00000000c0023192                IDE::waitInterrupt(unsigned char)
                0x00000000c00231f8                ideChannel0IRQHandler(regs*, void*)
                0x00000000c0023214                ideChannel1IRQHandler(regs*, void*)
                0x00000000c0023230                IDE::enableIRQs(unsigned char, bool)
                0x00000000c0023276                IDE::open(int, int, void*)
                0x00000000c0023686                IDE::readBuffer(unsigned char, unsigned char, unsigned int, unsigned int)
                0x00000000c0023752                IDE::detect()
                0x00000000c0023a3a                IDE::printError(unsigned char, unsigned char, unsigned char)
                0x00000000c0023bd0                IDE::polling(unsigned char, unsigned int)
 .text          0x00000000c0023c36      0x390 hw/diskctrl/satabus.32
                0x00000000c0023c36                SATABus::close(int, int, void*)
                0x00000000c0023c3a                SATABus::detect()
                0x00000000c0023c3c                SATABus::SATABus()
                0x00000000c0023c3c                SATABus::SATABus()
                0x00000000c0023ce8                SATABus::findCmdslot(SATABus::tagHBA_PORT volatile*)
                0x00000000c0023d30                SATABus::checkType(SATABus::tagHBA_PORT volatile*)
                0x00000000c0023d78                SATABus::startCmd(SATABus::tagHBA_PORT volatile*)
                0x00000000c0023d98                SATABus::stopCmd(SATABus::tagHBA_PORT volatile*)
                0x00000000c0023dc2                SATABus::portRebase(SATABus::tagHBA_PORT volatile*, int)
                0x00000000c0023ec8                SATABus::probePort(SATABus::tagHBA_MEM volatile*)
                0x00000000c0023fa6                SATABus::open(int, int, void*)
 .text          0x00000000c0023fc6      0x63c hw/diskphys/ata.32
                0x00000000c0023fc6                ATA::close(int, int, void*)
                0x00000000c0023fea                ATA::powerSaving(PowerSavingLevel)
                0x00000000c0023fec                ATA::ATA()
                0x00000000c0023fec                ATA::ATA()
                0x00000000c002401a                ATA::flush(bool)
                0x00000000c0024064                ATA::readyForCommand()
                0x00000000c00240b4                ATA::access(unsigned long long, int, void*, bool)
                0x00000000c002443c                ATA::read(unsigned long long, int, void*)
                0x00000000c00244a4                ATA::write(unsigned long long, int, void*)
                0x00000000c002450c                ATA::detectCHS()
                0x00000000c0024536                ATA::open(int, int, void*)
 .text          0x00000000c0024602      0x5bd hw/diskphys/atapi.32
                0x00000000c0024602                ATAPI::write(unsigned long long, int, void*)
                0x00000000c0024608                ATAPI::close(int, int, void*)
                0x00000000c002462c                ATAPI::ATAPI()
                0x00000000c002462c                ATAPI::ATAPI()
                0x00000000c002465a                ATAPI::readyForCommand()
                0x00000000c00246aa                ATAPI::sendPacket(unsigned char*, int, bool, unsigned short*, int)
                0x00000000c002496a                ATAPI::diskRemoved()
                0x00000000c0024986                ATAPI::eject()
                0x00000000c00249ce                ATAPI::diskInserted()
                0x00000000c00249fc                ATAPI::detectMedia()
                0x00000000c0024ab8                ATAPI::open(int, int, void*)
                0x00000000c0024b40                ATAPI::read(unsigned long long, int, void*)
 *fill*         0x00000000c0024bbf        0x1 
 .text          0x00000000c0024bc0      0x455 hw/diskphys/sata.32
                0x00000000c0024bc0                SATA::close(int, int, void*)
                0x00000000c0024be4                SATA::powerSaving(PowerSavingLevel)
                0x00000000c0024be6                SATA::open(int, int, void*)
                0x00000000c0024c94                SATA::SATA()
                0x00000000c0024c94                SATA::SATA()
                0x00000000c0024cc2                SATA::access(unsigned long long, int, void*, bool)
                0x00000000c0024f28                SATA::read(unsigned long long, int, void*)
                0x00000000c0024f90                SATA::write(unsigned long long, int, void*)
 *fill*         0x00000000c0025015        0x1 
 .text          0x00000000c0025016      0x500 hw/diskphys/satapi.32
                0x00000000c0025016                SATAPI::write(unsigned long long, int, void*)
                0x00000000c002501c                SATAPI::close(int, int, void*)
                0x00000000c0025040                SATAPI::SATAPI()
                0x00000000c0025040                SATAPI::SATAPI()
                0x00000000c002506e                SATAPI::diskRemoved()
                0x00000000c002508a                SATAPI::diskInserted()
                0x00000000c00250b8                SATAPI::sendPacket(unsigned char*, int, unsigned long long, unsigned short*, int)
                0x00000000c00252bc                SATAPI::eject()
                0x00000000c0025304                SATAPI::detectMedia()
                0x00000000c00253c6                SATAPI::open(int, int, void*)
                0x00000000c0025474                SATAPI::read(unsigned long long, int, void*)
 .text          0x00000000c0025516       0x8e hw/fpu/avx.32
                0x00000000c0025516                AVX::open(int, int, void*)
                0x00000000c0025528                AVX::close(int, int, void*)
                0x00000000c002553a                AVX::available()
                0x00000000c002554c                AVX::save(void*)
                0x00000000c0025564                AVX::load(void*)
                0x00000000c002557c                AVX::AVX()
                0x00000000c002557c                AVX::AVX()
 .text          0x00000000c00255a4       0x90 hw/fpu/mmx.32
                0x00000000c00255a4                MMX::available()
                0x00000000c00255b8                MMX::open(int, int, void*)
                0x00000000c00255ca                MMX::close(int, int, void*)
                0x00000000c00255dc                MMX::save(void*)
                0x00000000c00255f4                MMX::load(void*)
                0x00000000c002560c                MMX::MMX()
                0x00000000c002560c                MMX::MMX()
 .text          0x00000000c0025634       0x96 hw/fpu/sse.32
                0x00000000c0025634                SSE::open(int, int, void*)
                0x00000000c0025646                SSE::close(int, int, void*)
                0x00000000c0025658                SSE::available()
                0x00000000c0025672                SSE::save(void*)
                0x00000000c002568a                SSE::load(void*)
                0x00000000c00256a2                SSE::SSE()
                0x00000000c00256a2                SSE::SSE()
 .text          0x00000000c00256ca       0x8e hw/fpu/x87.32
                0x00000000c00256ca                x87::open(int, int, void*)
                0x00000000c00256dc                x87::close(int, int, void*)
                0x00000000c00256ee                x87::available()
                0x00000000c0025700                x87::save(void*)
                0x00000000c0025718                x87::load(void*)
                0x00000000c0025730                x87::x87()
                0x00000000c0025730                x87::x87()
 .text          0x00000000c0025758      0x71e hw/intctrl/apic.32
                0x00000000c0025758                APIC::disable()
                0x00000000c002575a                APIC::close(int, int, void*)
                0x00000000c002577c                IOAPIC::close(int, int, void*)
                0x00000000c0025782                APIC::io_wait()
                0x00000000c0025788                APIC::getBase()
                0x00000000c00257ca                APIC::eoi(unsigned char)
                0x00000000c00257f8                APIC::open(int, int, void*)
                0x00000000c0025946                IOAPIC::IOAPIC()
                0x00000000c0025946                IOAPIC::IOAPIC()
                0x00000000c002596e                APIC::APIC()
                0x00000000c002596e                APIC::APIC()
                0x00000000c0025a4a                IOAPIC::handlesGSIWithNumber(unsigned int)
                0x00000000c0025a7c                IOAPIC::read(int)
                0x00000000c0025aa4                IOAPIC::open(int, int, void*)
                0x00000000c0025b9a                IOAPIC::write(int, int)
                0x00000000c0025bc6                IOAPIC::redirect(unsigned char, unsigned long long, unsigned char, bool, bool)
                0x00000000c0025cc0                APIC::installIRQHandler(int, void (*)(regs*, void*), bool, void*)
 .text          0x00000000c0025e76      0x3d3 hw/intctrl/pic.32
                0x00000000c0025e76                PIC::disable()
                0x00000000c0025ea4                PIC::close(int, int, void*)
                0x00000000c0025ec6                PIC::PIC()
                0x00000000c0025ec6                PIC::PIC()
                0x00000000c0025f9c                PIC::ioWait()
                0x00000000c0025fa2                PIC::getIRQReg(int)
                0x00000000c002600c                PIC::eoi(unsigned char)
                0x00000000c002609e                PIC::remap()
                0x00000000c002620a                PIC::open(int, int, void*)
 *fill*         0x00000000c0026249        0x1 
 .text          0x00000000c002624a      0x25e hw/timer/apictimer.32
                0x00000000c002624a                APICTimer::close(int, int, void*)
                0x00000000c0026250                apicTimerHandler(regs*, void*)
                0x00000000c002627e                APICTimer::write(int)
                0x00000000c0026382                APICTimer::open(int, int, void*)
                0x00000000c0026480                APICTimer::APICTimer()
                0x00000000c0026480                APICTimer::APICTimer()
 .text          0x00000000c00264a8      0x1a7 hw/timer/pit.32
                0x00000000c00264a8                PIT::write(int)
                0x00000000c0026526                pitHandler(regs*, void*)
                0x00000000c0026552                PIT::open(int, int, void*)
                0x00000000c00265a0                PIT::close(int, int, void*)
                0x00000000c00265d0                PIT::PIT()
                0x00000000c00265d0                PIT::PIT()
 *fill*         0x00000000c002664f        0x1 
 .text          0x00000000c0026650       0x1e hw/fpu/x86/avx.32
                0x00000000c0026650                avxDetect
                0x00000000c0026656                avxSave
                0x00000000c0026657                avxLoad
                0x00000000c0026658                avxInit
                0x00000000c0026659                avxClose
                0x00000000c002665a                wouldSheSayYes
 *fill*         0x00000000c002666e        0x2 
 .text          0x00000000c0026670       0x35 hw/fpu/x86/sse.32
                0x00000000c0026670                absolutelyNoChanceInHell
                0x00000000c0026670                sseDetect
                0x00000000c0026688                sseSave
                0x00000000c002668e                sseLoad
                0x00000000c0026694                sseInit
                0x00000000c00266a4                sseClose
 *fill*         0x00000000c00266a5        0xb 
 .text          0x00000000c00266b0       0x47 hw/fpu/x86/x87.32
                0x00000000c00266b6                x87Detect
                0x00000000c00266d1                x87Save
                0x00000000c00266d7                x87Load
                0x00000000c00266dc                x87Init
                0x00000000c00266f6                x87Close
 *fill*         0x00000000c00266f7        0x1 
 .text          0x00000000c00266f8       0x25 /cygdrive/d/Users/Alex/Desktop/Toolchain/Output/bin/../lib/gcc/i386-banana/8.1.0/crtend.o
 .text          0x00000000c002671d        0x0 crtn.32
 *fill*         0x00000000c002671d        0x3 
 .text          0x00000000c0026720      0x14b /cygdrive/d/Users/Alex/Desktop/Toolchain/Output/bin/../lib/gcc/i386-banana/8.1.0/libkgcc.a(_divdi3.o)
                0x00000000c0026720                __divdi3
 *fill*         0x00000000c002686b        0x1 
 .text          0x00000000c002686c      0x17e /cygdrive/d/Users/Alex/Desktop/Toolchain/Output/bin/../lib/gcc/i386-banana/8.1.0/libkgcc.a(_moddi3.o)
                0x00000000c002686c                __moddi3
 *fill*         0x00000000c00269ea        0x2 
 .text          0x00000000c00269ec       0xff /cygdrive/d/Users/Alex/Desktop/Toolchain/Output/bin/../lib/gcc/i386-banana/8.1.0/libkgcc.a(_udivdi3.o)
                0x00000000c00269ec                __udivdi3
 *fill*         0x00000000c0026aeb        0x1 
 .text          0x00000000c0026aec      0x11a /cygdrive/d/Users/Alex/Desktop/Toolchain/Output/bin/../lib/gcc/i386-banana/8.1.0/libkgcc.a(_umoddi3.o)
                0x00000000c0026aec                __umoddi3
 .text          0x00000000c0026c06      0x96d D:/Users/Alex/Desktop/Banana/kernel/libsoftfp.a(sfieeelib.o)
                0x00000000c0026c06                __addsf3
                0x00000000c0026f08                __subsf3
                0x00000000c0026f1c                __negsf2
                0x00000000c0026f29                __mulsf3
                0x00000000c00270ec                __divsf3
                0x00000000c0027317                __floatsisf
                0x00000000c002738b                __floatunsisf
                0x00000000c00273cd                __fixsfsi
                0x00000000c002742f                __fixunssfsi
                0x00000000c0027460                __cmpsf2
                0x00000000c00274f5                __eqsf2
                0x00000000c0027530                __nesf2