Archive member included to satisfy reference by file (symbol)

/cygdrive/d/Users/Alex/Desktop/Toolchain/Output/bin/../lib/gcc/i386-banana/8.1.0/libkgcc.a(_divdi3.o)
                              fs/fat/ff.32 (__divdi3)
/cygdrive/d/Users/Alex/Desktop/Toolchain/Output/bin/../lib/gcc/i386-banana/8.1.0/libkgcc.a(_moddi3.o)
                              compat/resolve.32 (__moddi3)
/cygdrive/d/Users/Alex/Desktop/Toolchain/Output/bin/../lib/gcc/i386-banana/8.1.0/libkgcc.a(_udivdi3.o)
                              fs/fat/ff.32 (__udivdi3)
/cygdrive/d/Users/Alex/Desktop/Toolchain/Output/bin/../lib/gcc/i386-banana/8.1.0/libkgcc.a(_umoddi3.o)
                              compat/resolve.32 (__umoddi3)
D:/Users/Alex/Desktop/Banana/kernel/libsoftfp.a(sfieeelib.o)
                              hal/sound/sndhw.32 (__addsf3)
D:/Users/Alex/Desktop/Banana/kernel/libsoftfp.a(dfieeelib.o)
                              hal/libresample/src_linear.32 (__adddf3)
D:/Users/Alex/Desktop/Banana/kernel/libsoftfp.a(sfdfcvt.o)
                              hal/libresample/samplerate.32 (__truncdfsf2)
D:/Users/Alex/Desktop/Banana/kernel/libk/libm32.a(s_fabs.c.o)
                              hal/libresample/samplerate.32 (fabs)
D:/Users/Alex/Desktop/Banana/kernel/libk/libm32.a(s_lrint.S.o)
                              hal/libresample/samplerate.32 (lrint)
D:/Users/Alex/Desktop/Banana/kernel/libk/libm32.a(s_lrintf.S.o)
                              hal/sound/sndhw.32 (lrintf)

Discarded input sections

 .comment       0x0000000000000000       0x12 /cygdrive/d/Users/Alex/Desktop/Toolchain/Output/bin/../lib/gcc/i386-banana/8.1.0/crtbegin.o
 .comment       0x0000000000000000       0x12 acpica/utclib.32
 .comment       0x0000000000000000       0x12 core/malloc.32
 .comment       0x0000000000000000       0x12 libk/string.32
 .comment       0x0000000000000000       0x12 fs/fat/diskio.32
 .comment       0x0000000000000000       0x12 fs/fat/ff.32
 .comment       0x0000000000000000       0x12 fs/fat/ffsystem.32
 .comment       0x0000000000000000       0x12 fs/fat/ffunicode.32
 .comment       0x0000000000000000       0x12 hal/libresample/samplerate.32
 .comment       0x0000000000000000       0x12 hal/libresample/src_linear.32
 .comment       0x0000000000000000       0x12 hal/libresample/src_sinc.32
 .comment       0x0000000000000000       0x12 hal/libresample/src_zoh.32
 .comment       0x0000000000000000       0x12 compat/inlines.32
 .comment       0x0000000000000000       0x12 compat/resolve.32
 .group         0x0000000000000000       0x14 core/computer.32
 .group         0x0000000000000000        0xc core/computer.32
 .comment       0x0000000000000000       0x12 core/computer.32
 .comment       0x0000000000000000       0x12 core/gdt.32
 .group         0x0000000000000000        0xc core/idle.32
 .comment       0x0000000000000000       0x12 core/idle.32
 .comment       0x0000000000000000       0x12 core/idt.32
 .comment       0x0000000000000000       0x12 core/kheap.32
 .comment       0x0000000000000000       0x12 core/main.32
 .comment       0x0000000000000000       0x12 core/physmgr.32
 .group         0x0000000000000000        0xc core/pipe.32
 .comment       0x0000000000000000       0x12 core/pipe.32
 .group         0x0000000000000000        0xc core/terminal.32
 .comment       0x0000000000000000       0x12 core/terminal.32
 .comment       0x0000000000000000       0x12 core/tss.32
 .group         0x0000000000000000        0x8 core/unixfile.32
 .group         0x0000000000000000        0xc core/unixfile.32
 .group         0x0000000000000000        0xc core/unixfile.32
 .group         0x0000000000000000        0x8 core/unixfile.32
 .group         0x0000000000000000        0xc core/unixfile.32
 .group         0x0000000000000000        0x8 core/unixfile.32
 .group         0x0000000000000000        0xc core/unixfile.32
 .group         0x0000000000000000        0xc core/unixfile.32
 .comment       0x0000000000000000       0x12 core/unixfile.32
 .comment       0x0000000000000000       0x12 core/virtmgr.32
 .comment       0x0000000000000000       0x12 coreobjs/c++.32
 .comment       0x0000000000000000       0x12 dbg/kconsole.32
 .group         0x0000000000000000        0xc fs/vfs.32
 .group         0x0000000000000000        0xc fs/vfs.32
 .group         0x0000000000000000        0xc fs/vfs.32
 .comment       0x0000000000000000       0x12 fs/vfs.32
 .group         0x0000000000000000        0xc hal/bus.32
 .comment       0x0000000000000000       0x12 hal/bus.32
 .group         0x0000000000000000        0xc hal/buzzer.32
 .comment       0x0000000000000000       0x12 hal/buzzer.32
 .group         0x0000000000000000        0xc hal/clock.32
 .comment       0x0000000000000000       0x12 hal/clock.32
 .group         0x0000000000000000       0x14 hal/device.32
 .group         0x0000000000000000        0xc hal/device.32
 .group         0x0000000000000000        0xc hal/device.32
 .group         0x0000000000000000        0xc hal/device.32
[...]
Memory Configuration

Name             Origin             Length             Attributes
*default*        0x0000000000000000 0xffffffffffffffff

Linker script and memory map

LOAD D:/Users/Alex/Desktop/Banana/kernel/boot.32
LOAD crti.32
LOAD /cygdrive/d/Users/Alex/Desktop/Toolchain/Output/bin/../lib/gcc/i386-banana/8.1.0/crtbegin.o
LOAD D:/Users/Alex/Desktop/Banana/kernel/morenasm.32
LOAD acpica/utclib.32
LOAD core/malloc.32
LOAD libk/string.32
LOAD fs/fat/diskio.32
LOAD fs/fat/ff.32
LOAD fs/fat/ffsystem.32
LOAD fs/fat/ffunicode.32
LOAD hal/libresample/samplerate.32
LOAD hal/libresample/src_linear.32
LOAD hal/libresample/src_sinc.32
LOAD hal/libresample/src_zoh.32
LOAD compat/inlines.32
LOAD compat/resolve.32
LOAD core/computer.32
LOAD core/gdt.32
LOAD core/idle.32
LOAD core/idt.32
LOAD core/kheap.32
LOAD core/main.32
LOAD core/physmgr.32
LOAD core/pipe.32
LOAD core/terminal.32
LOAD core/tss.32
LOAD core/unixfile.32
LOAD core/virtmgr.32
LOAD coreobjs/c++.32
LOAD dbg/kconsole.32
LOAD fs/vfs.32
LOAD hal/bus.32
LOAD hal/buzzer.32
LOAD hal/clock.32
LOAD hal/device.32
LOAD hal/diskctrl.32
LOAD hal/diskphys.32
LOAD hal/fpu.32
LOAD hal/intctrl.32
LOAD hal/keybrd.32
LOAD hal/logidisk.32
LOAD hal/mouse.32
LOAD hal/partition.32
LOAD hal/serial.32
LOAD hal/timer.32
LOAD hal/vcache.32
LOAD hal/video.32
LOAD hw/acpi.32
LOAD hw/cpu.32
LOAD hw/ports.32
LOAD hw/smp.32
LOAD krnl/env.32
LOAD krnl/panic.32
LOAD net/ethernet.32
LOAD reg/registry.32
LOAD sys/sc_eject.32
LOAD sys/sc_exit.32
LOAD sys/sc_getcwd.32
LOAD sys/sc_getpid.32
LOAD sys/sc_getramdata.32
LOAD sys/sc_loaddll.32
LOAD sys/sc_read.32
LOAD sys/sc_sbrk.32
LOAD sys/sc_setcwd.32
LOAD sys/sc_settime.32
LOAD sys/sc_timezone.32
LOAD sys/sc_write.32
LOAD sys/sc_wsbe.32
LOAD sys/sc_yield.32
LOAD sys/syscalls.32
LOAD thr/elf.32
LOAD thr/prcssthr.32
LOAD vm86/vm8086.32
LOAD vm86/x87em.32
LOAD fs/fat/vfslink.32
LOAD fs/iso9660/vfslink.32
LOAD hal/sound/sndchannel.32
LOAD hal/sound/sndhw.32
LOAD hw/bus/isa.32
LOAD hw/bus/pci.32
LOAD hw/diskctrl/ide.32
LOAD hw/diskctrl/satabus.32
LOAD hw/diskphys/ata.32
LOAD hw/diskphys/atapi.32
LOAD hw/diskphys/sata.32
LOAD hw/diskphys/satapi.32
LOAD hw/fpu/avx.32
LOAD hw/fpu/mmx.32
LOAD hw/fpu/sse.32
LOAD hw/fpu/x87.32
LOAD hw/intctrl/apic.32
LOAD hw/intctrl/pic.32
LOAD hw/timer/apictimer.32
LOAD hw/timer/pit.32
LOAD hw/fpu/x86/avx.32
LOAD hw/fpu/x86/sse.32
LOAD hw/fpu/x86/x87.32
LOAD /cygdrive/d/Users/Alex/Desktop/Toolchain/Output/bin/../lib/gcc/i386-banana/8.1.0/crtend.o
LOAD crtn.32
LOAD /cygdrive/d/Users/Alex/Desktop/Toolchain/Output/bin/../lib/gcc/i386-banana/8.1.0/libkgcc.a
LOAD D:/Users/Alex/Desktop/Banana/kernel/libsoftfp.a
LOAD D:/Users/Alex/Desktop/Banana/kernel/libk/libm32.a
                0x00000000c0000000                . = 0xc0000000

.text           0x00000000c0000000    0x285e8
 *(.text)
 .text          0x00000000c0000000       0x41 D:/Users/Alex/Desktop/Banana/kernel/boot.32
                0x00000000c0000020                callGlobalConstructors
 .text          0x00000000c0000041        0x0 crti.32
 *fill*         0x00000000c0000041        0x3 
 .text          0x00000000c0000044      0x101 /cygdrive/d/Users/Alex/Desktop/Toolchain/Output/bin/../lib/gcc/i386-banana/8.1.0/crtbegin.o
 *fill*         0x00000000c0000145        0xb 
 .text          0x00000000c0000150      0x4ed D:/Users/Alex/Desktop/Banana/kernel/morenasm.32
                0x00000000c0000150                manualPCIProbe
                0x00000000c000019b                prepareTramp
                0x00000000c00001b4                voodooXADD
                0x00000000c000027f                doTPAUSE
                0x00000000c0000289                hasLegacyFPU
                0x00000000c00002ae                is486
                0x00000000c00002e4                detectCPUID
                0x00000000c00002fa                goToVM86
                0x00000000c000032a                goToUsermode
                0x00000000c0000354                switchToThreadASMFirstTime
                0x00000000c0000362                switchToThreadASM
                0x00000000c00003ea                asmQuickAcquireLock
                0x00000000c0000408                asmQuickReleaseLock
                0x00000000c0000414                asmAcquireLock
                0x00000000c0000435                asmReleaseLock
                0x00000000c0000448                loadGDT
                0x00000000c0000468                isr0
                0x00000000c0000478                isr1
                0x00000000c0000482                isr2
                0x00000000c000048c                isr3
                0x00000000c0000496                isr4
                0x00000000c00004a0                isr5
                0x00000000c00004aa                isr6
                0x00000000c00004b4                isr7
                0x00000000c00004be                isr8
                0x00000000c00004c6                isr9
                0x00000000c00004d0                isr10
                0x00000000c00004d8                isr11
                0x00000000c00004e0                isr12
                0x00000000c00004e8                isr13
                0x00000000c00004f0                isr14
                0x00000000c00004f8                isr15
                0x00000000c0000502                isr16
                0x00000000c000050c                isr17
                0x00000000c0000516                isr18
                0x00000000c0000520                irq3
                0x00000000c000052a                irq4
                0x00000000c0000534                irq5
                0x00000000c000053e                irq6
                0x00000000c0000548                irq7
                0x00000000c0000552                irq8
                0x00000000c000055c                irq9
                0x00000000c0000566                irq10
                0x00000000c0000570                irq11
                0x00000000c000057a                irq12
                0x00000000c0000584                irq13
                0x00000000c000058e                irq14
                0x00000000c0000598                irq15
                0x00000000c00005a2                irq1
                0x00000000c00005a9                irq2
                0x00000000c00005b0                isr96
                0x00000000c00005b7                irq0
                0x00000000c00005bc                int_common_stub
                0x00000000c00005bc                syscall_common_stub
                0x00000000c00005ed                irq16
                0x00000000c00005f7                irq17
                0x00000000c0000601                irq18
                0x00000000c000060b                irq19
                0x00000000c0000615                irq20
                0x00000000c000061f                irq21
                0x00000000c0000629                irq22
                0x00000000c0000633                irq23
 *fill*         0x00000000c000063d        0x3 
 .text          0x00000000c0000640      0x611 acpica/utclib.32
                0x00000000c0000640                memcmp
                0x00000000c000067c                memmove
                0x00000000c0000744                memcpy
                0x00000000c0000778                memset
                0x00000000c0000794                strlen
                0x00000000c00007ac                strpbrk
                0x00000000c00007e8                strtok
                0x00000000c0000834                strcpy
                0x00000000c0000858                strncpy
                0x00000000c00008c0                strcmp
                0x00000000c0000900                strchr
                0x00000000c0000924                strncmp
                0x00000000c0000974                strcat
                0x00000000c00009a4                strncat
                0x00000000c00009e0                strstr
                0x00000000c0000a28                toupper
                0x00000000c0000a3c                tolower
                0x00000000c0000a50                simple_strtoul
 .text          0x00000000c0000c51      0xfbf core/malloc.32
                0x00000000c0000dbc                dlfree
                0x00000000c0001117                dlmalloc
                0x00000000c0001654                dlrealloc
                0x00000000c0001809                dlmemalign
                0x00000000c000192c                dlcalloc
                0x00000000c00019c6                dlcfree
                0x00000000c00019cb                dlindependent_calloc
                0x00000000c00019f0                dlindependent_comalloc
                0x00000000c0001a07                dlvalloc
                0x00000000c0001a32                dlpvalloc
                0x00000000c0001a68                dlmalloc_trim
                0x00000000c0001a75                dlmalloc_usable_size
                0x00000000c0001aa6                dlmallinfo
                0x00000000c0001b75                dlmalloc_stats
                0x00000000c0001b86                dlmallopt
 .text          0x00000000c0001c10        0x0 libk/string.32
 .text          0x00000000c0001c10       0x51 fs/fat/diskio.32
                0x00000000c0001c10                disk_status
                0x00000000c0001c13                disk_initialize
                0x00000000c0001c16                disk_read
                0x00000000c0001c2c                disk_write
                0x00000000c0001c42                disk_ioctl
 .text          0x00000000c0001c61     0x6833 fs/fat/ff.32
                0x00000000c0004f2f                f_mount
                0x00000000c0004f91                f_open
                0x00000000c00053cd                f_read
                0x00000000c000564d                f_write
                0x00000000c0005907                f_sync
                0x00000000c0005ae3                f_close
                0x00000000c0005b12                f_lseek
                0x00000000c0005fc9                f_opendir
                0x00000000c00060cb                f_closedir
                0x00000000c00060ed                f_readdir
                0x00000000c0006188                f_stat
                0x00000000c0006217                f_getfree
                0x00000000c00063e2                f_truncate
                0x00000000c00064da                f_unlink
                0x00000000c000665d                f_mkdir
                0x00000000c0006889                f_rename
                0x00000000c0006b7c                f_chmod
                0x00000000c0006c5a                f_utime
                0x00000000c0006d38                f_getlabel
                0x00000000c0006f26                f_setlabel
                0x00000000c0007193                f_forward
                0x00000000c0007371                f_mkfs
 .text          0x00000000c0008494       0x2d fs/fat/ffsystem.32
                0x00000000c0008494                ff_memalloc
                0x00000000c00084aa                ff_memfree
 .text          0x00000000c00084c1      0x253 fs/fat/ffunicode.32
                0x00000000c00084c1                ff_uni2oem
                0x00000000c0008551                ff_oem2uni
                0x00000000c00085bd                ff_wtoupper
 .text          0x00000000c0008714      0x8fb hal/libresample/samplerate.32
                0x00000000c0008758                src_delete
                0x00000000c0008794                src_process
                0x00000000c000894a                src_callback_read
                0x00000000c0008ac7                src_set_ratio
                0x00000000c0008b31                src_get_channels
                0x00000000c0008b53                src_reset
                0x00000000c0008b9f                src_new
                0x00000000c0008c2d                src_callback_new
                0x00000000c0008c8f                src_get_name
                0x00000000c0008cc6                src_get_description
                0x00000000c0008cfd                src_get_version
                0x00000000c0008d03                src_is_valid_ratio
                0x00000000c0008d57                src_error
                0x00000000c0008d65                src_strerror
                0x00000000c0008d78                src_simple
                0x00000000c0008dcb                src_short_to_float_array
                0x00000000c0008e30                src_float_to_short_array
                0x00000000c0008eef                src_int_to_float_array
                0x00000000c0008f52                src_float_to_int_array
 .text          0x00000000c000900f      0x8cb hal/libresample/src_linear.32
                0x00000000c0009835                linear_get_name
                0x00000000c0009844                linear_get_description
                0x00000000c0009853                linear_set_converter
 .text          0x00000000c00098da     0x447c hal/libresample/src_sinc.32
                0x00000000c000dc6d                sinc_get_name
                0x00000000c000dc80                sinc_get_description
                0x00000000c000dc93                sinc_set_converter
 .text          0x00000000c000dd56      0x77c hal/libresample/src_zoh.32
                0x00000000c000e42d                zoh_get_name
                0x00000000c000e43c                zoh_get_description
                0x00000000c000e44b                zoh_set_converter
 .text          0x00000000c000e4d2       0x23 compat/inlines.32
                0x00000000c000e4d2                CPU::current()
                0x00000000c000e4df                operator new(unsigned long)
 .text          0x00000000c000e4f5      0x111 compat/resolve.32
                0x00000000c000e4f5                Krnl::resolveCompatibilitySymbol(char*)
 .text          0x00000000c000e606      0xa17 core/computer.32
                0x00000000c000e606                Computer::close(int, int, void*)
                0x00000000c000e64a                Krnl::firstTask()
                0x00000000c000e73a                Computer::Computer()
                0x00000000c000e73a                Computer::Computer()
                0x00000000c000e896                Computer::setBootMessage(char const*)
                0x00000000c000e898                Computer::detectFeatures()
                0x00000000c000eaa2                Computer::displayFeatures()
                0x00000000c000ede8                Computer::rdmsr(unsigned int)
                0x00000000c000ee14                Computer::wrmsr(unsigned int, unsigned long long)
                0x00000000c000ee4c                Computer::nmiEnabled()
                0x00000000c000ee58                Computer::readCMOS(unsigned char)
                0x00000000c000ee72                Computer::enableNMI(bool)
                0x00000000c000ee8a                Computer::open(int, int, void*)
                0x00000000c000ef60                Computer::disableNMI()
                0x00000000c000ef6e                Computer::writeCMOS(unsigned char, unsigned char)
                0x00000000c000ef8c                Computer::handleNMI()
                0x00000000c000eff2                Computer::setDiskActivityLight(int, bool)
 *fill*         0x00000000c000f01d        0x1 
 .text          0x00000000c000f01e      0x1b7 core/gdt.32
                0x00000000c000f01e                GDTEntry::setBase(unsigned int)
                0x00000000c000f03a                GDTEntry::setLimit(unsigned int)
                0x00000000c000f058                GDT::GDT()
                0x00000000c000f058                GDT::GDT()
                0x00000000c000f06e                GDT::addEntry(GDTEntry)
                0x00000000c000f0aa                GDT::getNumberOfEntries()
                0x00000000c000f0b2                GDT::flush()
                0x00000000c000f0d4                GDT::setup()
 .text          0x00000000c000f1d5       0x62 core/idle.32
                0x00000000c000f1d5                idleFunction(void*)
 *fill*         0x00000000c000f237        0x1 
 .text          0x00000000c000f238      0x45f core/idt.32
                0x00000000c000f238                IDTEntry::IDTEntry(bool)
                0x00000000c000f238                IDTEntry::IDTEntry(bool)
                0x00000000c000f2a6                IDTEntry::setOffset(unsigned int)
                0x00000000c000f2ba                IDT::IDT()
                0x00000000c000f2ba                IDT::IDT()
                0x00000000c000f2bc                IDT::getPointerToInvalidOpcodeEntryForF00F()
                0x00000000c000f2c4                IDT::addEntry(IDTEntry, int)
                0x00000000c000f2de                IDT::addEntry(int, void (*)(), bool)
                0x00000000c000f316                IDT::flush()
                0x00000000c000f330                IDT::setup()
 .text          0x00000000c000f697      0x206 core/kheap.32
                0x00000000c000f697                sbrk
                0x00000000c000f7a5                mmap
                0x00000000c000f7bb                munmap
                0x00000000c000f7d1                liballoc_lock()
                0x00000000c000f7e2                liballoc_unlock()
                0x00000000c000f7f3                liballoc_alloc(int)
                0x00000000c000f811                liballoc_free(void*, int)
                0x00000000c000f82f                realloc
                0x00000000c000f843                malloc
                0x00000000c000f853                free
                0x00000000c000f863                rfree
                0x00000000c000f873                calloc
 .text          0x00000000c000f89d      0x485 core/main.32
                0x00000000c000f89d                hwTextMode_loadInData(VgaText*)
                0x00000000c000f8e8                hwTextMode_loadInTitle(VgaText*, char*)
                0x00000000c000f966                hwTextMode_showCursor(VgaText*, bool)
                0x00000000c000f9c4                hwTextMode_update(VgaText*)
                0x00000000c000f9c5                hwTextMode_updateCursor(VgaText*)
                0x00000000c000fa16                hwTextMode_disableBlink(VgaText*, bool)
                0x00000000c000fa5c                hwTextMode_scrollScreen(VgaText*)
                0x00000000c000fb09                hwTextMode_writeCharacter(VgaText*, char, VgaColour, VgaColour, int, int)
                0x00000000c000fb8b                setupTextMode()
                0x00000000c000fbfb                kernel_main
 .text          0x00000000c000fd22      0x5a6 core/physmgr.32
                0x00000000c000fd22                Phys::allocateDMA(unsigned long)
                0x00000000c000fdc5                Phys::freeDMA(unsigned long, unsigned long)
                0x00000000c000fe0d                Phys::setPageState(unsigned long, bool)
                0x00000000c000fe3f                Phys::getPageState(unsigned long)
                0x00000000c000fe5b                Phys::freePage(unsigned long)
                0x00000000c000fee5                Phys::allocatePage()
                0x00000000c0010006                Phys::allocateContiguousPages(int)
                0x00000000c0010060                Phys::allowSegmentToBeUsed(unsigned long, unsigned long)
                0x00000000c0010098                Phys::physicalMemorySetup(unsigned int)
 .text          0x00000000c00102c8      0x273 core/pipe.32
                0x00000000c00102c8                Pipe::isAtty()
                0x00000000c00102cc                Pipe::~Pipe()
                0x00000000c00102cc                Pipe::~Pipe()
                0x00000000c00102f0                Pipe::~Pipe()
                0x00000000c0010318                Pipe::read(unsigned long long, void*, int*)
                0x00000000c001040c                Pipe::write(unsigned long long, void*, int*)
                0x00000000c00104d4                Pipe::Pipe(int)
                0x00000000c00104d4                Pipe::Pipe(int)
 *fill*         0x00000000c001053b        0x1 
 .text          0x00000000c001053c      0xf73 core/terminal.32
                0x00000000c001053c                VgaText::isAtty()
                0x00000000c0010540                VgaText::~VgaText()
                0x00000000c0010540                VgaText::~VgaText()
                0x00000000c0010564                VgaText::~VgaText()
                0x00000000c001058e                VgaText::read(unsigned long long, void*, int*)
                0x00000000c00105ae                setTerminalScrollLock(bool)
                0x00000000c00105af                addToTerminalCycle(VgaText*)
                0x00000000c00105dc                installVgaTextImplementation()
                0x00000000c00105f1                scrollTerminalScrollLock(int)
                0x00000000c00105f2                VgaText::load()
                0x00000000c0010646                VgaText::updateCursor()
                0x00000000c0010660                VgaText::showCursor(bool)
                0x00000000c0010670                VgaText::disableBlink(bool)
                0x00000000c00106aa                VgaText::doANSI_SGR(int)
                0x00000000c0010736                VgaText::setDefaultBgColour(VgaColour)
                0x00000000c001074c                VgaText::setDefaultFgColour(VgaColour)
                0x00000000c0010762                VgaText::setDefaultColours(VgaColour, VgaColour)
                0x00000000c0010782                VgaText::combineColours(unsigned char, unsigned char)
                0x00000000c0010794                VgaText::scrollScreen()
                0x00000000c0010828                VgaText::combineCharAndColour(char, unsigned char)
                0x00000000c001083a                VgaText::writeCharacter(char, VgaColour, VgaColour, int, int)
                0x00000000c001089a                VgaText::getCursorX()
                0x00000000c00108a6                VgaText::getCursorY()
                0x00000000c00108b2                VgaText::setCursor(int, int)
                0x00000000c00108d0                VgaText::setCursorX(int)
                0x00000000c00108ec                VgaText::setCursorY(int)
                0x00000000c0010908                VgaText::incrementCursor(bool)
                0x00000000c0010970                VgaText::updateRAMUsageDisplay(int)
                0x00000000c00109d4                VgaText::updateDiskUsage()
                0x00000000c0010b3e                VgaText::updateTitle()
                0x00000000c0010b84                VgaText::setTitleTextColour(VgaColour)
                0x00000000c0010b94                VgaText::setTitleColour(VgaColour)
                0x00000000c0010ba4                VgaText::setTitle(char*)
                0x00000000c0010bca                VgaText::decrementCursor(bool)
                0x00000000c0010bf2                VgaText::putchar(char, VgaColour, VgaColour)
                0x00000000c0010cee                VgaText::isShowingCursor()
                0x00000000c0010cfa                VgaText::isBlinkDisabled()
                0x00000000c0010d08                VgaText::setCursorHeight(int)
                0x00000000c0010d26                VgaText::getCursorHeight()
                0x00000000c0010d31                setActiveTerminal(VgaText*)
                0x00000000c0010de3                doTerminalCycle()
                0x00000000c0010e00                VgaText::doUpdate()
                0x00000000c0010e12                VgaText::puts(char const*, VgaColour, VgaColour)
                0x00000000c0010fd2                VgaText::clearScreen()
                0x00000000c0011036                VgaText::putchar(char)
                0x00000000c0011150                VgaText::puts(char const*)
                0x00000000c0011176                VgaText::putx(unsigned int)
                0x00000000c00111bc                VgaText::VgaText(char const*)
                0x00000000c00111bc                VgaText::VgaText(char const*)
                0x00000000c001134e                VgaText::receiveKey(unsigned char)
                0x00000000c0011436                VgaText::write(unsigned long long, void*, int*)
                0x00000000c001148a                newTerminal(char*)
 *fill*         0x00000000c00114af        0x1 
 .text          0x00000000c00114b0      0x1b3 core/tss.32
                0x00000000c00114b0                TSS::TSS()
                0x00000000c00114b0                TSS::TSS()
                0x00000000c00114be                TSS::setESP(unsigned long)
                0x00000000c00114d0                TSS::flush()
                0x00000000c00114f0                TSS::setup(unsigned long, unsigned long)
 *fill*         0x00000000c0011663        0x1 
 .text          0x00000000c0011664      0x4c2 core/unixfile.32
                0x00000000c0011664                ReservedFilename::read(unsigned long long, void*, int*)
                0x00000000c00116ba                ReservedFilename::isAtty()
                0x00000000c00116d6                ReservedFilename::write(unsigned long long, void*, int*)
                0x00000000c0011734                UnixFile::getFileDescriptor()
                0x00000000c001173c                UnixFile::UnixFile(int)
                0x00000000c001173c                UnixFile::UnixFile(int)
                0x00000000c00118ec                ReservedFilename::ReservedFilename(int)
                0x00000000c00118ec                ReservedFilename::ReservedFilename(int)
                0x00000000c001191e                UnixFile::~UnixFile()
                0x00000000c001191e                UnixFile::~UnixFile()
                0x00000000c00119b6                UnixFile::~UnixFile()
                0x00000000c00119de                ReservedFilename::~ReservedFilename()
                0x00000000c00119de                ReservedFilename::~ReservedFilename()
                0x00000000c0011a02                ReservedFilename::~ReservedFilename()
                0x00000000c0011a29                getFromFileDescriptor(int)
 .text          0x00000000c0011b26     0x1250 core/virtmgr.32
                0x00000000c0011b26                Virt::setPageState(unsigned long, Virt::VirtPageState)
                0x00000000c0011b5b                Virt::getPageState(unsigned long)
                0x00000000c0011b7f                Virt::allocateKernelVirtualPages(int)
                0x00000000c0011c90                Virt::freeSwapfilePage(unsigned long)
                0x00000000c0011cae                Virt::swapIDToSector(unsigned long)
                0x00000000c0011cc0                Virt::allocateSwapfilePage()
                0x00000000c0011d3e                Virt::virtualMemorySetup()
                0x00000000c0011dbd                Virt::swappingSetup()
                0x00000000c0011e1a                Virt::getAKernelVAS()
                0x00000000c0011e20                Virt::setupPageSwapping(int)
                0x00000000c0011f50                VAS::VAS()
                0x00000000c0011f50                VAS::VAS()
                0x00000000c0011f8c                VAS::VAS(VAS*)
                0x00000000c0011f8c                VAS::VAS(VAS*)
                0x00000000c0011fba                VAS::getForeignPageTableEntry(bool, unsigned long)
                0x00000000c0011fe6                VAS::getPageTableEntry(unsigned long)
                0x00000000c0012005                Virt::freeKernelVirtualPages(unsigned long)
                0x00000000c0012128                VAS::freeAllocatedPages(unsigned long)
                0x00000000c001214c                VAS::virtualToPhysical(unsigned long)
                0x00000000c0012164                VAS::reflagRange(unsigned long, int, int, int)
                0x00000000c00121a4                VAS::setToWriteCombining(unsigned long, int)
                0x00000000c00121d6                VAS::mapOtherVASIn(bool, VAS*)
                0x00000000c0012200                VAS::~VAS()
                0x00000000c0012200                VAS::~VAS()
                0x00000000c001236c                VAS::mapPage(unsigned long, unsigned long, int)
                0x00000000c001246c                VAS::allocatePages(int, int)
                0x00000000c0012644                VAS::setCPUSpecific(unsigned long)
                0x00000000c0012660                VAS::mapRange(unsigned long, unsigned long, int, int)
                0x00000000c0012726                VAS::mapForeignPage(bool, VAS*, unsigned long, unsigned long, int)
                0x00000000c0012814                VAS::VAS(bool)
                0x00000000c0012814                VAS::VAS(bool)
                0x00000000c0012a7a                VAS::evict(unsigned long)
                0x00000000c0012b02                VAS::tryLoadBackOffDisk(unsigned long)
                0x00000000c0012bd8                VAS::scanForEviction()
                0x00000000c0012cba                mapVASFirstTime
 .text          0x00000000c0012d76       0x95 coreobjs/c++.32
                0x00000000c0012d76                __cxa_atexit
                0x00000000c0012d79                __cxa_finalize
                0x00000000c0012d7a                __stack_chk_fail
                0x00000000c0012de6                __cxa_pure_virtual
                0x00000000c0012df7                operator new[](unsigned long)
                0x00000000c0012dfc                operator delete(void*, unsigned long)
                0x00000000c0012e01                operator delete[](void*)
                0x00000000c0012e06                operator delete[](void*, unsigned long)
 .text          0x00000000c0012e0b      0x1ef dbg/kconsole.32
                0x00000000c0012e0b                Dbg::stringifyxWithBase(unsigned int, char*, int)
                0x00000000c0012e6c                Dbg::logc(char)
                0x00000000c0012e83                Dbg::logs(char*)
                0x00000000c0012ea0                Dbg::logWriteInt(unsigned int)
                0x00000000c0012ebd                Dbg::logWriteIntBase(unsigned int, int)
                0x00000000c0012edc                Dbg::kprintf(char const*, ...)
 .text          0x00000000c0012ffa      0xb7c fs/vfs.32
                0x00000000c0012ffa                File::read(unsigned long long, void*, int*)
                0x00000000c0013052                File::write(unsigned long long, void*, int*)
                0x00000000c00130aa                Directory::read(unsigned long long, void*, int*)
                0x00000000c0013102                Directory::write(unsigned long long, void*, int*)
                0x00000000c0013130                File::isAtty()
                0x00000000c0013134                Directory::isAtty()
                0x00000000c0013138                Filesystem::getlabel(LogicalDisk*, int, char*, unsigned int*)
                0x00000000c001313e                Filesystem::setlabel(LogicalDisk*, int, char*)
                0x00000000c0013144                File::~File()
                0x00000000c0013144                File::~File()
                0x00000000c0013168                File::~File()
                0x00000000c0013192                Directory::~Directory()
                0x00000000c0013192                Directory::~Directory()
                0x00000000c00131b6                Directory::~Directory()
                0x00000000c00131e0                Filesystem::Filesystem()
                0x00000000c00131e0                Filesystem::Filesystem()
                0x00000000c0013204                Filesystem::~Filesystem()
                0x00000000c0013204                Filesystem::~Filesystem()
                0x00000000c0013212                Filesystem::~Filesystem()
                0x00000000c0013236                Fs::getcwd(Process*, char*, int)
                0x00000000c0013260                Fs::initVFS()
                0x00000000c001328a                Fs::standardiseFiles(char*, char const*, char const*)
                0x00000000c0013434                File::File(char const*, Process*)
                0x00000000c0013434                File::File(char const*, Process*)
                0x00000000c0013498                File::open(FileOpenMode)
                0x00000000c00134f6                File::close()
                0x00000000c0013556                File::seek(unsigned long long)
                0x00000000c00135ac                File::tell(unsigned long long*)
                0x00000000c00135fc                File::rewind()
                0x00000000c0013610                File::unlink()
                0x00000000c001365c                File::rename(char const*)
                0x00000000c00136aa                File::chfatattr(unsigned char, unsigned char)
                0x00000000c0013706                File::exists()
                0x00000000c0013744                File::stat(unsigned long long*, bool*)
                0x00000000c00137a5                Fs::setcwd(Process*, char*)
                0x00000000c00138e0                Directory::Directory(char const*, Process*)
                0x00000000c00138e0                Directory::Directory(char const*, Process*)
                0x00000000c0013944                Directory::open()
                0x00000000c00139a0                Directory::close()
                0x00000000c0013a00                Directory::unlink()
                0x00000000c0013a4c                Directory::rename(char const*)
                0x00000000c0013a9a                Directory::exists()
                0x00000000c0013ad8                Directory::read(dirent*)
                0x00000000c0013b24                Directory::create()
                0x00000000c0013b70                Filesystem::chfatattr(char const*, unsigned char, unsigned char)
 .text          0x00000000c0013b76       0x84 hal/bus.32
                0x00000000c0013b76                Bus::Bus(char const*)
                0x00000000c0013b76                Bus::Bus(char const*)
                0x00000000c0013bac                Bus::~Bus()
                0x00000000c0013bac                Bus::~Bus()
                0x00000000c0013bd0                Bus::~Bus()
 .text          0x00000000c0013bfa      0x14e hal/buzzer.32
                0x00000000c0013bfa                Buzzer::Buzzer(char const*)
                0x00000000c0013bfa                Buzzer::Buzzer(char const*)
                0x00000000c0013c3e                Buzzer::~Buzzer()
                0x00000000c0013c3e                Buzzer::~Buzzer()
                0x00000000c0013c62                Buzzer::~Buzzer()
                0x00000000c0013c8c                Buzzer::stop()
                0x00000000c0013c9f                beepThread(void*)
                0x00000000c0013cda                Buzzer::beep(int, int, bool)
 .text          0x00000000c0013d48      0x467 hal/clock.32
                0x00000000c0013d48                User::loadClockSettings(int)
                0x00000000c0013d9a                Clock::Clock(char const*)
                0x00000000c0013d9a                Clock::Clock(char const*)
                0x00000000c0013dd0                Clock::~Clock()
                0x00000000c0013dd0                Clock::~Clock()
                0x00000000c0013df4                Clock::~Clock()
                0x00000000c0013e1e                Clock::timeInSecondsLocal()
                0x00000000c0013e66                Clock::setTimeInSecondsLocal(unsigned long long)
                0x00000000c0013ebf                datetimeToSeconds(datetime_t)
                0x00000000c0013fe6                Clock::setTimeInDatetimeLocal(datetime_t)
                0x00000000c0014046                secondsToDatetime(unsigned long long)
                0x00000000c001418a                Clock::timeInDatetimeLocal()
 *fill*         0x00000000c00141af        0x1 
 .text          0x00000000c00141b0      0x4de hal/device.32
                0x00000000c00141b0                Device::hibernate()
                0x00000000c00141b2                Device::wake()
                0x00000000c00141b4                Device::detect()
                0x00000000c00141b6                Device::disableLegacy()
                0x00000000c00141b8                Device::powerSaving(PowerSavingLevel)
                0x00000000c00141ba                DriverlessDevice::close(int, int, void*)
                0x00000000c00141be                DriverlessDevice::detect()
                0x00000000c00141c0                DriverlessDevice::open(int, int, void*)
                0x00000000c00141d4                Device::~Device()
                0x00000000c00141d4                Device::~Device()
                0x00000000c00141e2                Device::~Device()
                0x00000000c001420a                Device::findAndLoadDriver()
                0x00000000c001420c                Device::preOpenPCI(PCIDeviceInfo)
                0x00000000c0014232                Device::preOpenACPI(void*, char*, char*)
                0x00000000c0014286                Device::addIRQHandler(int, void (*)(regs*, void*), bool, void*)
                0x00000000c00142c4                Device::removeIRQHandler(int, void (*)(regs*, void*), bool)
                0x00000000c0014302                Device::addChild(Device*)
                0x00000000c0014346                Device::removeAllChildren()
                0x00000000c001438c                Device::hibernateAll()
                0x00000000c00143bc                Device::wakeAll()
                0x00000000c00143ec                Device::detectAll()
                0x00000000c001441c                Device::disableLegacyAll()
                0x00000000c001444c                Device::loadDriversForAll()
                0x00000000c0014478                Device::closeAll()
                0x00000000c00144ae                Device::powerSavingAll(PowerSavingLevel)
                0x00000000c00144e4                Device::setName(char const*)
                0x00000000c00144f2                Device::Device(char const*)
                0x00000000c00144f2                Device::Device(char const*)
                0x00000000c00145ee                Device::getName()
                0x00000000c00145f8                DriverlessDevice::DriverlessDevice(char const*)
                0x00000000c00145f8                DriverlessDevice::DriverlessDevice(char const*)
                0x00000000c0014620                Device::addToLinkedList(LinkedList<Device>&, DeviceType)
                0x00000000c0014664                getDevicesOfType(DeviceType)
 .text          0x00000000c001468e       0x84 hal/diskctrl.32
                0x00000000c001468e                HardDiskController::HardDiskController(char const*)
                0x00000000c001468e                HardDiskController::HardDiskController(char const*)
                0x00000000c00146c4                HardDiskController::~HardDiskController()
                0x00000000c00146c4                HardDiskController::~HardDiskController()
                0x00000000c00146e8                HardDiskController::~HardDiskController()
 .text          0x00000000c0014712       0xf2 hal/diskphys.32
                0x00000000c0014712                PhysicalDisk::eject()
                0x00000000c0014726                PhysicalDisk::PhysicalDisk(char const*, int)
                0x00000000c0014726                PhysicalDisk::PhysicalDisk(char const*, int)
                0x00000000c001478e                PhysicalDisk::startCache()
                0x00000000c00147b6                PhysicalDisk::~PhysicalDisk()
                0x00000000c00147b6                PhysicalDisk::~PhysicalDisk()
                0x00000000c00147da                PhysicalDisk::~PhysicalDisk()
 .text          0x00000000c0014804      0x13b hal/fpu.32
                0x00000000c0014804                FPU::FPU(char const*)
                0x00000000c0014804                FPU::FPU(char const*)
                0x00000000c001483a                FPU::~FPU()
                0x00000000c001483a                FPU::~FPU()
                0x00000000c001485e                FPU::~FPU()
                0x00000000c0014888                setupFPU()
 *fill*         0x00000000c001493f        0x1 
 .text          0x00000000c0014940     0x13a7 hal/intctrl.32
                0x00000000c0014940                InterruptController::uninstallISRHandler(int, void (*)(regs*, void*))
                0x00000000c0014978                InterruptController::installISRHandler(int, void (*)(regs*, void*), void*)
                0x00000000c00149ca                doubleFault(regs*, void*)
                0x00000000c00149e4                InterruptController::installIRQHandler(int, void (*)(regs*, void*), bool, void*)
                0x00000000c0014a80                InterruptController::clearAllHandlers(int, bool)
                0x00000000c0014b28                InterruptController::uninstallIRQHandler(int, void (*)(regs*, void*), bool)
                0x00000000c0014baf                nmiHandler(regs*, void*)
                0x00000000c0014bbd                int_handler
                0x00000000c0014c5e                InterruptController::InterruptController(char const*)
                0x00000000c0014c5e                InterruptController::InterruptController(char const*)
                0x00000000c0014d04                InterruptController::~InterruptController()
                0x00000000c0014d04                InterruptController::~InterruptController()
                0x00000000c0014d28                InterruptController::~InterruptController()
                0x00000000c0014d52                displayDebugInfo(regs*)
                0x00000000c00151e1                x87EmulHandler(regs*, void*)
                0x00000000c0015210                gpFault(regs*, void*)
                0x00000000c0015249                pgFault(regs*, void*)
                0x00000000c0015285                otherISRHandler(regs*, void*)
                0x00000000c00152a4                opcodeFault(regs*, void*)
                0x00000000c00158aa                displayProgramFault(char const*)
                0x00000000c00158d2                setupInterruptController()
                0x00000000c0015c9a                InterruptController::convertLegacyIRQNumber(int)
 *fill*         0x00000000c0015ce7        0x1 
 .text          0x00000000c0015ce8      0x6c8 hal/keybrd.32
                0x00000000c0015ce8                startGUI(void*)
                0x00000000c0015d44                startGUIVESA(void*)
                0x00000000c0015da0                sendKeyToTerminal(unsigned char)
                0x00000000c0015e0c                sendKeyboardToken(KeyboardToken)
                0x00000000c0016249                clearInternalKeybuffer(VgaText*)
                0x00000000c001627e                readKeyboard(VgaText*, char*, unsigned long)
                0x00000000c0016326                Keyboard::Keyboard(char const*)
                0x00000000c0016326                Keyboard::Keyboard(char const*)
                0x00000000c0016362                Keyboard::~Keyboard()
                0x00000000c0016362                Keyboard::~Keyboard()
                0x00000000c0016386                Keyboard::~Keyboard()
 .text          0x00000000c00163b0      0x414 hal/logidisk.32
                0x00000000c00163b0                LogicalDisk::close(int, int, void*)
                0x00000000c00163b4                LogicalDisk::~LogicalDisk()
                0x00000000c00163b4                LogicalDisk::~LogicalDisk()
                0x00000000c00163d8                LogicalDisk::~LogicalDisk()
                0x00000000c0016402                LogicalDisk::open(int, int, void*)
                0x00000000c0016416                LogicalDisk::absoluteToRelative(unsigned long long)
                0x00000000c001644e                LogicalDisk::relativeToAbsolute(unsigned long long)
                0x00000000c0016494                LogicalDisk::LogicalDisk(char const*, PhysicalDisk*, unsigned long long, unsigned long long)
                0x00000000c0016494                LogicalDisk::LogicalDisk(char const*, PhysicalDisk*, unsigned long long, unsigned long long)
                0x00000000c001654a                LogicalDisk::assignDriveLetter()
                0x00000000c0016600                LogicalDisk::mount()
                0x00000000c0016672                LogicalDisk::unmount()
                0x00000000c0016682                LogicalDisk::eject()
                0x00000000c0016696                LogicalDisk::unassignDriveLetter()
                0x00000000c00166ec                LogicalDisk::read(unsigned long long, int, void*)
                0x00000000c0016758                LogicalDisk::write(unsigned long long, int, void*)
 .text          0x00000000c00167c4       0x84 hal/mouse.32
                0x00000000c00167c4                Mouse::Mouse(char const*)
                0x00000000c00167c4                Mouse::Mouse(char const*)
                0x00000000c00167fa                Mouse::~Mouse()
                0x00000000c00167fa                Mouse::~Mouse()
                0x00000000c001681e                Mouse::~Mouse()
 .text          0x00000000c0016848      0x34d hal/partition.32
                0x00000000c0016848                makePartition(PhysicalDisk*, unsigned long long, unsigned long long)
                0x00000000c0016904                createPartitionsForDisk(PhysicalDisk*)
 *fill*         0x00000000c0016b95        0x1 
 .text          0x00000000c0016b96       0x84 hal/serial.32
                0x00000000c0016b96                Serial::Serial(char const*)
                0x00000000c0016b96                Serial::Serial(char const*)
                0x00000000c0016bcc                Serial::~Serial()
                0x00000000c0016bcc                Serial::~Serial()
                0x00000000c0016bf0                Serial::~Serial()
 .text          0x00000000c0016c1a      0x2b8 hal/timer.32
                0x00000000c0016c1a                Timer::Timer(char const*)
                0x00000000c0016c1a                Timer::Timer(char const*)
                0x00000000c0016c50                Timer::~Timer()
                0x00000000c0016c50                Timer::~Timer()
                0x00000000c0016c74                Timer::~Timer()
                0x00000000c0016c9e                Timer::read()
                0x00000000c0016ca9                timerHandler(unsigned long long)
                0x00000000c0016de0                setupTimer(int)
 .text          0x00000000c0016ed2      0x425 hal/vcache.32
                0x00000000c0016ed2                VCache::VCache(PhysicalDisk*)
                0x00000000c0016ed2                VCache::VCache(PhysicalDisk*)
                0x00000000c001703a                VCache::invalidateReadBuffer()
                0x00000000c001704a                VCache::writeWriteBuffer()
                0x00000000c0017086                VCache::~VCache()
                0x00000000c0017086                VCache::~VCache()
                0x00000000c00170da                VCache::~VCache()
                0x00000000c0017102                VCache::write(unsigned long long, int, void*)
                0x00000000c00171f8                VCache::read(unsigned long long, int, void*)
 *fill*         0x00000000c00172f7        0x1 
 .text          0x00000000c00172f8      0x4cd hal/video.32
                0x00000000c00172f8                Video::putrect(int, int, int, int, unsigned int)
                0x00000000c0017344                Video::bitblit(int, int, int, int, int, int, int, unsigned int*)
                0x00000000c00173b4                Video::blit(unsigned int*, int, int, int, int)
                0x00000000c0017432                Video::clearScreen(unsigned int)
                0x00000000c0017466                Video::putpixel(int, int, unsigned int)
                0x00000000c0017474                Video::Video(char const*)
                0x00000000c0017474                Video::Video(char const*)
                0x00000000c00174aa                Video::~Video()
                0x00000000c00174aa                Video::~Video()
                0x00000000c00174ce                Video::~Video()
                0x00000000c00174f8                Video::isMonochrome()
                0x00000000c0017504                Video::getWidth()
                0x00000000c0017510                Video::getHeight()
                0x00000000c001751c                Video::drawCursor(int, int, unsigned char*, int)
                0x00000000c00175d8                Video::tgaParse(unsigned char*, int, int*, int*)
                0x00000000c001775a                Video::putTGA(int, int, unsigned char*, int)
 *fill*         0x00000000c00177c5        0x1 
 .text          0x00000000c00177c6      0xf64 hw/acpi.32
                0x00000000c00177c6                ACPI::close(int, int, void*)
                0x00000000c001787b                findRSDP()
                0x00000000c0017905                loadACPITables(unsigned char*)
                0x00000000c0017b2c                findRSDT(unsigned char*)
                0x00000000c0017c4a                findDataTable(unsigned char*, char*)
                0x00000000c0017ce6                scanMADT()
                0x00000000c001816c                ACPI::ACPI()
                0x00000000c001816c                ACPI::ACPI()
                0x00000000c00181d6                ACPI::getPCIIRQAssignment(unsigned char, unsigned short, unsigned char)
                0x00000000c00182b8                ACPI::registerPCIIRQAssignment(void*, unsigned short, unsigned char, unsigned char)
                0x00000000c001837e                ACPI::setScreenBrightnessLevel(void*, int)
                0x00000000c0018384                ACPI::writeSimpleBootFlag(SimpleBootFlagTable*)
                0x00000000c00183cc                ACPI::open(int, int, void*)
                0x00000000c0018712                ACPI::sleep()
 .text          0x00000000c001872a     0x1715 hw/cpu.32
                0x00000000c001872a                CPU::close(int, int, void*)
                0x00000000c001872e                CPU::lookupAMDName(unsigned char, unsigned char)
                0x00000000c00188c2                CPU::lookupIntelName(unsigned char, unsigned char)
                0x00000000c0018b70                CPU::AMD_K6_write_msr(unsigned int, unsigned int, unsigned int, CPU::REGS*)
                0x00000000c0018b8c                CPU::AMD_K6_read_msr(unsigned int, CPU::REGS*)
                0x00000000c0018ba4                CPU::AMD_K6_writeback(int, int, int)
                0x00000000c0018c18                CPU::cpuid(int, unsigned long*, unsigned long*, unsigned long*, unsigned long*)
                0x00000000c0018c9c                CPU::cpuidCheckEDX(unsigned int)
                0x00000000c0018cca                CPU::cpuidCheckECX(unsigned int)
                0x00000000c0018cf8                CPU::cpuidCheckExtendedEBX(unsigned int)
                0x00000000c0018d26                CPU::cpuidCheckExtendedECX(unsigned int)
                0x00000000c0018d54                CPU::CPU()
                0x00000000c0018d54                CPU::CPU()
                0x00000000c0018de2                CPU::displayFeatures()
                0x00000000c001905e                CPU::detectFeatures()
                0x00000000c0019a4e                CPU::setupSMEP()
                0x00000000c0019a5a                CPU::setupUMIP()
                0x00000000c0019a64                CPU::setupTSC()
                0x00000000c0019a6e                CPU::setupLargePages()
                0x00000000c0019a78                CPU::setupPAT()
                0x00000000c0019ab4                CPU::setupMTRR()
                0x00000000c0019ab6                CPU::setupGlobalPages()
                0x00000000c0019ac0                CPU::allowUsermodeDataAccess()
                0x00000000c0019ad2                CPU::prohibitUsermodeDataAccess()
                0x00000000c0019ae4                CPU::setupSMAP()
                0x00000000c0019af2                CPU::setupFeatures()
                0x00000000c0019b72                CPU::open(int, int, void*)
                0x00000000c0019c44                CPU::decodeAddress(regs*, int*, bool*, unsigned char*)
 .text          0x00000000c0019e3f        0x0 hw/ports.32
 .text          0x00000000c0019e3f      0x16a hw/smp.32
                0x00000000c0019e3f                Krnl::smpEntry()
                0x00000000c0019e41                Krnl::startCPU(int)
                0x00000000c0019f8a                Krnl::startCPUs()
 *fill*         0x00000000c0019fa9        0x1 
 .text          0x00000000c0019faa      0x5d3 krnl/env.32
                0x00000000c0019faa                EnvVarContainer::getEnv(char const*)
                0x00000000c0019fe8                EnvVarContainer::setEnv(char const*, char const*)
                0x00000000c001a0b4                EnvVarContainer::deleteEnv(char const*)
                0x00000000c001a0b6                EnvVarContainer::loadFrom(char const*, char const*)
                0x00000000c001a2ac                EnvVarContainer::__loadSystem()
                0x00000000c001a2c6                EnvVarContainer::__loadUser()
                0x00000000c001a2c8                EnvVarContainer::EnvVarContainer(Process*)
                0x00000000c001a2c8                EnvVarContainer::EnvVarContainer(Process*)
                0x00000000c001a2ea                EnvVarContainer::~EnvVarContainer()
                0x00000000c001a2ea                EnvVarContainer::~EnvVarContainer()
                0x00000000c001a31a                Krnl::getEnv(Process*, char const*)
                0x00000000c001a37f                Krnl::setEnvSystem(char const*, char const*)
                0x00000000c001a399                Krnl::setEnvUser(char const*, char const*)
                0x00000000c001a3b8                Krnl::setEnvProcess(Process*, char const*, char const*)
                0x00000000c001a3cb                Krnl::deleteEnvSystem(char const*)
                0x00000000c001a3cc                Krnl::deleteEnvUser(char const*)
                0x00000000c001a3cd                Krnl::deleteEnvProcess(Process*, char const*)
                0x00000000c001a3ce                Krnl::newProcessEnv(Process*)
                0x00000000c001a3f0                Krnl::copyProcessEnv(Process*, Process*)
                0x00000000c001a444                Krnl::loadSystemEnv()
                0x00000000c001a472                Krnl::loadUserEnv()
                0x00000000c001a498                Krnl::flushEnv()
                0x00000000c001a499                Krnl::getProcessTotalEnvCount(Process*)
                0x00000000c001a4b9                Krnl::getProcessEnvPair(Process*, int)
 .text          0x00000000c001a57d      0x396 krnl/panic.32
                0x00000000c001a57d                Krnl::panic(char const*)
 .text          0x00000000c001a913      0x3b6 net/ethernet.32
                0x00000000c001a913                Net::switchEndian16(unsigned short)
                0x00000000c001a934                Net::switchEndian32(unsigned int)
                0x00000000c001a963                Net::crc32Calc(unsigned char*, int)
                0x00000000c001a9f4                Net::wrapEthernetFrame(Net::UnwrappedEthernetFrame, unsigned char*)
                0x00000000c001ab30                Net::unwrapEthernetFrame(unsigned char*, int)
 .text          0x00000000c001acc9      0x513 reg/registry.32
                0x00000000c001acc9                Reg::findLineFromLoadedData(char*, char*, char*)
                0x00000000c001ae21                Reg::getLineFromRegistry(char*, char*, char*, char*)
                0x00000000c001af76                Reg::getLine(char*, char*, char*)
                0x00000000c001afad                Reg::readInt(char*, char*, int*)
                0x00000000c001b098                Reg::readString(char*, char*, char*, int)
                0x00000000c001b119                Reg::readBool(char*, char*, bool*)
                0x00000000c001b13e                Reg::readBoolWithDefault(char*, char*, bool)
                0x00000000c001b16a                Reg::readIntWithDefault(char*, char*, int)
                0x00000000c001b196                Reg::readStringWithDefault(char*, char*, char*, int, char*)
 .text          0x00000000c001b1dc       0x36 sys/sc_eject.32
                0x00000000c001b1dc                Sys::eject(regs*)
 .text          0x00000000c001b212       0x18 sys/sc_exit.32
                0x00000000c001b212                Sys::exit(regs*)
 .text          0x00000000c001b22a       0x1f sys/sc_getcwd.32
                0x00000000c001b22a                Sys::getCwd(regs*)
 .text          0x00000000c001b249        0xc sys/sc_getpid.32
                0x00000000c001b249                Sys::getPID(regs*)
 .text          0x00000000c001b255       0x17 sys/sc_getramdata.32
                0x00000000c001b255                Sys::getRAMData(regs*)
 .text          0x00000000c001b26c       0xa8 sys/sc_loaddll.32
                0x00000000c001b26c                Sys::loadDLL(regs*)
 .text          0x00000000c001b314       0x68 sys/sc_read.32
                0x00000000c001b314                Sys::read(regs*)
 .text          0x00000000c001b37c       0x55 sys/sc_sbrk.32
                0x00000000c001b37c                Sys::sbrk(regs*)
 .text          0x00000000c001b3d1       0x1c sys/sc_setcwd.32
                0x00000000c001b3d1                Sys::setCwd(regs*)
 .text          0x00000000c001b3ed      0x128 sys/sc_settime.32
                0x00000000c001b3ed                Sys::setTime(regs*)
 .text          0x00000000c001b515       0x4a sys/sc_timezone.32
                0x00000000c001b515                Sys::timezone(regs*)
 .text          0x00000000c001b55f       0x68 sys/sc_write.32
                0x00000000c001b55f                Sys::write(regs*)
 .text          0x00000000c001b5c7       0x62 sys/sc_wsbe.32
                0x00000000c001b5c7                Sys::wsbe(regs*)
 .text          0x00000000c001b629       0x3b sys/sc_yield.32
                0x00000000c001b629                Sys::yield(regs*)
 .text          0x00000000c001b664     0x10e5 sys/syscalls.32
                0x00000000c001b664                sysCallSeekDir(regs*)
                0x00000000c001b669                sysCallTellDir(regs*)
                0x00000000c001b66e                sysCallVerify(regs*)
                0x00000000c001b678                sysFormatDisk(regs*)
                0x00000000c001b6e2                sysSetDiskVolumeLabel(regs*)
                0x00000000c001b728                sysGetDiskVolumeLabel(regs*)
                0x00000000c001b779                sysShutdown(regs*)
                0x00000000c001b7d7                sysCallRealpath(regs*)
                0x00000000c001b81a                sysCallGetArgc(regs*)
                0x00000000c001b848                sysCallReadDir(regs*)
                0x00000000c001b8d6                sysCallIsATTY(regs*)
                0x00000000c001b930                sysCallSeek(regs*)
                0x00000000c001b999                sysCallTell(regs*)
                0x00000000c001ba16                sysCallSize(regs*)
                0x00000000c001ba99                sysCallSizeFromFilename(regs*)
                0x00000000c001bb59                sysCallClose(regs*)
                0x00000000c001bbe1                sysCallOpenDir(regs*)
                0x00000000c001bc56                sysCallCloseDir(regs*)
                0x00000000c001bcbc                sysCallMakeDir(regs*)
                0x00000000c001bd2c                sysCallWait(regs*)
                0x00000000c001bd46                sysCallNotImpl(regs*)
                0x00000000c001bd61                sysPanic(regs*)
                0x00000000c001bd87                sysCallRmdir(regs*)
                0x00000000c001bdeb                sysCallUnlink(regs*)
                0x00000000c001be4f                sysCallGetArgv(regs*)
                0x00000000c001be9b                sysCallTTYName(regs*)
                0x00000000c001bf1e                sysCallUSleep(regs*)
                0x00000000c001bf45                sysCallSpawn(regs*)
                0x00000000c001bf9d                sysCallGetEnv(regs*)
                0x00000000c001c0d5                sysAppSettings(regs*)
                0x00000000c001c1f4                sysSetFatAttrib(regs*)
                0x00000000c001c266                sysPipe(regs*)
                0x00000000c001c2ab                sysGetUnixTime(regs*)
                0x00000000c001c2bf                string_ends_with(char const*, char const*)
                0x00000000c001c307                sysCallOpen(regs*)
                0x00000000c001c51c                Sys::loadSyscalls()
                0x00000000c001c707                Sys::systemCall(regs*, void*)
 .text          0x00000000c001c749     0x11ef thr/elf.32
                0x00000000c001c749                Thr::allocateMemoryForTask(Process*, File*, unsigned long, unsigned long, unsigned long)
                0x00000000c001c9db                Thr::loadProgramIntoMemory(Process*, char const*)
                0x00000000c001cbf1                Thr::runtimeReferenceHelper()
                0x00000000c001cc04                Thr::getAddressOfKernelSymbol(char const*)
                0x00000000c001cc53                Thr::loadKernelSymbolTable(char const*)
                0x00000000c001cf11                Thr::loadDriverIntoMemory(char const*, unsigned long, bool)
                0x00000000c001d62d                Thr::getDriverBaseFromAddress(unsigned long)
                0x00000000c001d65f                Thr::getDriverNameFromAddress(unsigned long)
                0x00000000c001d696                Thr::getDriverOffsetFromAddress(unsigned long)
                0x00000000c001d6b0                Thr::loadDLL(char const*, bool)
                0x00000000c001d8ff                Thr::executeDLL(unsigned long, void*)
 .text          0x00000000c001d938     0x1056 thr/prcssthr.32
                0x00000000c001d938                changeTSS
                0x00000000c001d968                Process::addArgs(char**)
                0x00000000c001d9c2                Process::Process(char const*, Process*, char**)
                0x00000000c001d9c2                Process::Process(char const*, Process*, char**)
                0x00000000c001dba6                Process::Process(bool, char const*, Process*, char**)
                0x00000000c001dba6                Process::Process(bool, char const*, Process*, char**)
                0x00000000c001dd55                disableIRQs()
                0x00000000c001dd5d                getIRQNestingLevel()
                0x00000000c001dd63                enableIRQs()
                0x00000000c001dd72                lockScheduler()
                0x00000000c001dd74                unlockScheduler()
                0x00000000c001dd76                userModeEntryPoint(void*)
                0x00000000c001dd99                lockStuff()
                0x00000000c001dda5                taskStartupFunction
                0x00000000c001ddae                updateTimeUsed()
                0x00000000c001de13                switchToThread(ThreadControlBlock*)
                0x00000000c001de64                Semaphore::Semaphore(int)
                0x00000000c001de64                Semaphore::Semaphore(int)
                0x00000000c001de92                Mutex::Mutex()
                0x00000000c001de92                Mutex::Mutex()
                0x00000000c001dea4                Process::createThread(void (*)(void*), void*, int)
                0x00000000c001df88                Process::createUserThread()
                0x00000000c001dfa4                setupMultitasking(void (*)())
                0x00000000c001e0ae                schedule()
                0x00000000c001e133                unlockStuff()
                0x00000000c001e168                Semaphore::tryAcquire()
                0x00000000c001e196                Semaphore::assertLocked(char const*)
                0x00000000c001e1c6                blockTaskWithSchedulerLockAlreadyHeld(TaskState)
                0x00000000c001e208                blockTask(TaskState)
                0x00000000c001e229                waitTask(int, int*, int)
                0x00000000c001e26b                nanoSleepUntil(unsigned long long)
                0x00000000c001e2c2                nanoSleep(unsigned long long)
                0x00000000c001e2d7                sleep(unsigned long long)
                0x00000000c001e2f4                Semaphore::acquire()
                0x00000000c001e35c                taskReturned
                0x00000000c001e38a                unblockTask(ThreadControlBlock*)
                0x00000000c001e439                cleanupTerminatedTask(ThreadControlBlock*)
                0x00000000c001e702                cleanerTaskFunction(void*)
                0x00000000c001e7b5                terminateTask(int)
                0x00000000c001e895                Thr::terminateFromIRQ(int)
                0x00000000c001e8a2                Semaphore::release()
 .text          0x00000000c001e98e      0xc26 vm86/vm8086.32
                0x00000000c001e98e                Vm::inbv(unsigned short)
                0x00000000c001e9a1                Vm::outbv(unsigned short, unsigned char)
                0x00000000c001e9f4                Vm::realToLinear(unsigned short, unsigned short)
                0x00000000c001ea04                Vm::getSegment(unsigned int)
                0x00000000c001ea0c                Vm::getOffset(unsigned int)
                0x00000000c001ea11                Vm::mainloop2()
                0x00000000c001ea4c                Vm::mainVm8086Loop(void*)
                0x00000000c001ea59                Vm::mainloop3(unsigned long)
                0x00000000c001ea83                Vm::initialise8086()
                0x00000000c001eac6                Vm::finish8086()
                0x00000000c001eb0b                Vm::getOutput8086(unsigned char*)
                0x00000000c001eb35                Vm::start8086(char const*, unsigned short, unsigned short, unsigned short, unsigned short)
                0x00000000c001ec85                Vm::doISR(regs*, int, unsigned char*, unsigned short, unsigned short)
                0x00000000c001ed0f                Vm::readByteFromReal(unsigned short, unsigned short)
                0x00000000c001ed20                Vm::readWordFromReal(unsigned short, unsigned short)
                0x00000000c001ed32                Vm::readDwordFromReal(unsigned short, unsigned short)
                0x00000000c001ed43                Vm::writeByteFromReal(unsigned short, unsigned short, unsigned char)
                0x00000000c001ed58                Vm::writeWordFromReal(unsigned short, unsigned short, unsigned short)
                0x00000000c001ed6e                Vm::writeDwordFromReal(unsigned short, unsigned short, unsigned int)
                0x00000000c001ed83                Vm::faultHandler(regs*)
 .text          0x00000000c001f5b4      0xefd vm86/x87em.32
                0x00000000c001f5b4                Vm::fpuInternalTo32(unsigned long long)
                0x00000000c001f60f                Vm::fpuInternalTo64(unsigned long long)
                0x00000000c001f618                Vm::fpu32ToInternal(unsigned int)
                0x00000000c001f65d                Vm::fpu64ToInternal(unsigned long long)
                0x00000000c001f666                Vm::fpuFloatToLong(unsigned long long)
                0x00000000c001f6c1                Vm::fpuULongToFloat(unsigned long long)
                0x00000000c001f6f7                Vm::fpuLongToFloat(long long)
                0x00000000c001f74d                Vm::fpuGet0()
                0x00000000c001f752                Vm::fpuGet1()
                0x00000000c001f75a                Vm::fpuGetPi()
                0x00000000c001f762                Vm::fpuGetLog2E()
                0x00000000c001f77a                Vm::fpuGetLogE2()
                0x00000000c001f792                Vm::fpuGetLog210()
                0x00000000c001f7aa                Vm::fpuGetLog102()
                0x00000000c001f7c2                Vm::fpuIsSecondLarger(unsigned long long, unsigned long long)
                0x00000000c001f7d6                Vm::fpuAreEqual(unsigned long long, unsigned long long)
                0x00000000c001f7ec                Vm::fpuUnorderedCompare(unsigned long long, unsigned long long)
                0x00000000c001f83f                Vm::fpuAdd(unsigned long long, unsigned long long)
                0x00000000c001f850                Vm::fpuAbs(unsigned long long)
                0x00000000c001f859                Vm::fpuChs(unsigned long long)
                0x00000000c001f869                Vm::fpuSub(unsigned long long, unsigned long long)
                0x00000000c001f878                Vm::fpuMultiply(unsigned long long, unsigned long long)
                0x00000000c001f897                Vm::fpuDivide(unsigned long long, unsigned long long)
                0x00000000c001f8b3                Vm::fpuSquare(unsigned long long)
                0x00000000c001f8c9                Vm::fpuGetReg(int)
                0x00000000c001f90c                Vm::fpuSetReg(int, unsigned long long)
                0x00000000c001f957                Vm::fpuPush(unsigned long long)
                0x00000000c001f9b4                Vm::fpuPop()
                0x00000000c001fa06                Vm::x87Handler(regs*)
 *fill*         0x00000000c00204b1        0x1 
 .text          0x00000000c00204b2     0x10ed fs/fat/vfslink.32
                0x00000000c00204b2                FAT::getName()
                0x00000000c00204b8                FAT::tell(void*, unsigned long long*)
                0x00000000c00204ec                FAT::stat(void*, unsigned long long*)
                0x00000000c0020520                FAT::~FAT()
                0x00000000c0020520                FAT::~FAT()
                0x00000000c0020544                FAT::~FAT()
                0x00000000c002056c                FAT::getlabel(LogicalDisk*, int, char*, unsigned int*)
                0x00000000c002060a                FAT::setlabel(LogicalDisk*, int, char*)
                0x00000000c00206c4                FAT::format(LogicalDisk*, int, char const*, int)
                0x00000000c00208a8                FAT::tryMount(LogicalDisk*, int)
                0x00000000c0020aae                FAT::readDir(void*, unsigned long, void*, int*)
                0x00000000c0020bb4                FAT::read(void*, unsigned long, void*, int*)
                0x00000000c0020c0e                FAT::write(void*, unsigned long, void*, int*)
                0x00000000c0020c68                FAT::close(void*)
                0x00000000c0020cb4                FAT::closeDir(void*)
                0x00000000c0020d00                FAT::seek(void*, unsigned long long)
                0x00000000c0020d54                fatWrapperReadDisk
                0x00000000c0020d9b                fatWrapperWriteDisk
                0x00000000c0020de2                fatWrapperIoctl
                0x00000000c0020ee6                FAT::FAT()
                0x00000000c0020ee6                FAT::FAT()
                0x00000000c0020f38                FAT::fixFilepath(char*)
                0x00000000c0020f70                FAT::open(char const*, void**, FileOpenMode)
                0x00000000c0021098                FAT::openDir(char const*, void**)
                0x00000000c002113e                FAT::stat(char const*, unsigned long long*, bool*)
                0x00000000c0021228                FAT::unlink(char const*)
                0x00000000c00212a2                FAT::chfatattr(char const*, unsigned char, unsigned char)
                0x00000000c00213f6                FAT::rename(char const*, char const*)
                0x00000000c00214ba                FAT::mkdir(char const*)
                0x00000000c0021534                FAT::exists(char const*)
 *fill*         0x00000000c002159f        0x1 
 .text          0x00000000c00215a0      0xbc1 fs/iso9660/vfslink.32
                0x00000000c00215a0                ISO9660::format(LogicalDisk*, int, char const*, int)
                0x00000000c00215a6                ISO9660::seek(void*, unsigned long long)
                0x00000000c00215d6                ISO9660::tell(void*, unsigned long long*)
                0x00000000c00215fa                ISO9660::getName()
                0x00000000c0021600                ISO9660::stat(void*, unsigned long long*)
                0x00000000c0021624                ISO9660::chfatattr(char const*, unsigned char, unsigned char)
                0x00000000c002162a                ISO9660::unlink(char const*)
                0x00000000c0021630                ISO9660::write(void*, unsigned long, void*, int*)
                0x00000000c0021636                ISO9660::rename(char const*, char const*)
                0x00000000c002163c                ISO9660::mkdir(char const*)
                0x00000000c0021642                ISO9660::close(void*)
                0x00000000c0021664                ISO9660::closeDir(void*)
                0x00000000c0021686                ISO9660::~ISO9660()
                0x00000000c0021686                ISO9660::~ISO9660()
                0x00000000c00216aa                ISO9660::~ISO9660()
                0x00000000c00216d1                __memmem(unsigned char*, int, unsigned char*, int)
                0x00000000c0021713                readSectorFromCDROM(unsigned int, unsigned char*, char)
                0x00000000c002177a                ISO9660::tryMount(LogicalDisk*, int)
                0x00000000c00217ca                ISO9660::read(void*, unsigned long, void*, int*)
                0x00000000c00219ca                ISO9660::readDir(void*, unsigned long, void*, int*)
                0x00000000c0021c57                readRoot(unsigned int*, unsigned int*, char)
                0x00000000c0021cac                readRecursively(char*, unsigned int, unsigned int, unsigned int*, unsigned int*, char, int*)
                0x00000000c0021e7f                getFileData(char*, unsigned int*, unsigned int*, char, int*)
                0x00000000c0021f0e                ISO9660::open(char const*, void**, FileOpenMode)
                0x00000000c0021fce                ISO9660::exists(char const*)
                0x00000000c0021ff2                ISO9660::stat(char const*, unsigned long long*, bool*)
                0x00000000c0022086                ISO9660::openDir(char const*, void**)
                0x00000000c002213e                ISO9660::ISO9660()
                0x00000000c002213e                ISO9660::ISO9660()
 *fill*         0x00000000c0022161        0x1 
 .text          0x00000000c0022162      0x326 hal/sound/sndchannel.32
                0x00000000c0022162                SoundChannel::~SoundChannel()
                0x00000000c0022162                SoundChannel::~SoundChannel()
                0x00000000c002217e                SoundChannel::setSpeed(float)
                0x00000000c002218a                SoundChannel::getSpeed()
                0x00000000c0022192                SoundChannel::setVolume(int)
                0x00000000c00221ae                SoundChannel::getVolume()
                0x00000000c00221b6                SoundChannel::pause()
                0x00000000c00221c0                SoundChannel::SoundChannel(int, int, int, int)
                0x00000000c00221c0                SoundChannel::SoundChannel(int, int, int, int)
                0x00000000c0022316                SoundChannel::play()
                0x00000000c0022320                SoundChannel::paused()
                0x00000000c0022328                SoundChannel::getSampleRate()
                0x00000000c0022330                SoundChannel::getBits()
                0x00000000c0022338                SoundChannel::getBufferUsed()
                0x00000000c0022340                SoundChannel::getBufferSize()
                0x00000000c0022348                SoundChannel::unbuffer(float*, int, int)
                0x00000000c00223e8                SoundChannel::buffer8(unsigned char*, int)
 .text          0x00000000c0022488      0x3d5 hal/sound/sndhw.32
                0x00000000c0022488                SoundDevice::SoundDevice(char const*)
                0x00000000c0022488                SoundDevice::SoundDevice(char const*)
                0x00000000c00224f4                SoundDevice::~SoundDevice()
                0x00000000c00224f4                SoundDevice::~SoundDevice()
                0x00000000c002256e                SoundDevice::~SoundDevice()
                0x00000000c0022598                SoundDevice::getFreeChannelNum()
                0x00000000c00225b2                SoundDevice::addChannel(SoundChannel*)
                0x00000000c0022622                SoundDevice::removeChannel(int)
                0x00000000c0022654                SoundDevice::floatTo8(float*, unsigned char*, int)
                0x00000000c002273c                SoundDevice::getAudio(int, float*, float*)
 .text          0x00000000c002285d        0x0 hw/bus/isa.32
 *fill*         0x00000000c002285d        0x1 
 .text          0x00000000c002285e      0x6c3 hw/bus/pci.32
                0x00000000c002285e                PCI::open(int, int, void*)
                0x00000000c0022872                PCI::close(int, int, void*)
                0x00000000c0022876                PCI::PCI()
                0x00000000c0022876                PCI::PCI()
                0x00000000c00228f6                PCI::pciReadWord(unsigned char, unsigned char, unsigned char, unsigned char)
                0x00000000c002293e                PCI::getVendorID(unsigned char, unsigned char, unsigned char)
                0x00000000c0022960                PCI::getHeaderType(unsigned char, unsigned char, unsigned char)
                0x00000000c0022984                PCI::getClassCode(unsigned char, unsigned char, unsigned char)
                0x00000000c00229c8                PCI::getProgIF(unsigned char, unsigned char, unsigned char)
                0x00000000c00229ec                PCI::getRevisionID(unsigned char, unsigned char, unsigned char)
                0x00000000c0022a0e                PCI::getInterruptNumber(unsigned char, unsigned char, unsigned char)
                0x00000000c0022a30                PCI::getSecondaryBus(unsigned char, unsigned char, unsigned char)
                0x00000000c0022a54                PCI::getBARAddress(unsigned char, unsigned char, unsigned char, unsigned char)
                0x00000000c0022ab4                PCI::pciWriteWord(unsigned char, unsigned char, unsigned char, unsigned char, unsigned short)
                0x00000000c0022b20                PCI::checkBus(unsigned char)
                0x00000000c0022b44                PCI::foundDevice(PCIDeviceInfo)
                0x00000000c0022cb6                PCI::getDeviceData(unsigned char, unsigned char, unsigned char)
                0x00000000c0022e62                PCI::checkDevice(unsigned char, unsigned char)
                0x00000000c0022ece                PCI::detect()
 *fill*         0x00000000c0022f21        0x1 
 .text          0x00000000c0022f22      0xc70 hw/diskctrl/ide.32
                0x00000000c0022f22                IDE::close(int, int, void*)
                0x00000000c0022f26                IDE::IDE()
                0x00000000c0022f26                IDE::IDE()
                0x00000000c0022f5a                IDE::prepareInterrupt(unsigned char)
                0x00000000c0022f6c                selectDrive(unsigned char, unsigned char)
                0x00000000c0022f6e                IDE::getBase(unsigned char)
                0x00000000c0022f80                IDE::write(unsigned char, unsigned char, unsigned char)
                0x00000000c0023040                IDE::read(unsigned char, unsigned char)
                0x00000000c00230ee                IDE::waitInterrupt(unsigned char)
                0x00000000c0023154                ideChannel0IRQHandler(regs*, void*)
                0x00000000c0023170                ideChannel1IRQHandler(regs*, void*)
                0x00000000c002318c                IDE::enableIRQs(unsigned char, bool)
                0x00000000c00231d2                IDE::open(int, int, void*)
                0x00000000c00235e2                IDE::readBuffer(unsigned char, unsigned char, unsigned int, unsigned int)
                0x00000000c00236ae                IDE::detect()
                0x00000000c0023996                IDE::printError(unsigned char, unsigned char, unsigned char)
                0x00000000c0023b2c                IDE::polling(unsigned char, unsigned int)
 .text          0x00000000c0023b92      0x390 hw/diskctrl/satabus.32
                0x00000000c0023b92                SATABus::close(int, int, void*)
                0x00000000c0023b96                SATABus::detect()
                0x00000000c0023b98                SATABus::SATABus()
                0x00000000c0023b98                SATABus::SATABus()
                0x00000000c0023c44                SATABus::findCmdslot(SATABus::tagHBA_PORT volatile*)
                0x00000000c0023c8c                SATABus::checkType(SATABus::tagHBA_PORT volatile*)
                0x00000000c0023cd4                SATABus::startCmd(SATABus::tagHBA_PORT volatile*)
                0x00000000c0023cf4                SATABus::stopCmd(SATABus::tagHBA_PORT volatile*)
                0x00000000c0023d1e                SATABus::portRebase(SATABus::tagHBA_PORT volatile*, int)
                0x00000000c0023e24                SATABus::probePort(SATABus::tagHBA_MEM volatile*)
                0x00000000c0023f02                SATABus::open(int, int, void*)
 .text          0x00000000c0023f22      0x63c hw/diskphys/ata.32
                0x00000000c0023f22                ATA::close(int, int, void*)
                0x00000000c0023f46                ATA::powerSaving(PowerSavingLevel)
                0x00000000c0023f48                ATA::ATA()
                0x00000000c0023f48                ATA::ATA()
                0x00000000c0023f76                ATA::flush(bool)
                0x00000000c0023fc0                ATA::readyForCommand()
                0x00000000c0024010                ATA::access(unsigned long long, int, void*, bool)
                0x00000000c0024398                ATA::read(unsigned long long, int, void*)
                0x00000000c0024400                ATA::write(unsigned long long, int, void*)
                0x00000000c0024468                ATA::detectCHS()
                0x00000000c0024492                ATA::open(int, int, void*)
 .text          0x00000000c002455e      0x5bd hw/diskphys/atapi.32
                0x00000000c002455e                ATAPI::write(unsigned long long, int, void*)
                0x00000000c0024564                ATAPI::close(int, int, void*)
                0x00000000c0024588                ATAPI::ATAPI()
                0x00000000c0024588                ATAPI::ATAPI()
                0x00000000c00245b6                ATAPI::readyForCommand()
                0x00000000c0024606                ATAPI::sendPacket(unsigned char*, int, bool, unsigned short*, int)
                0x00000000c00248c6                ATAPI::diskRemoved()
                0x00000000c00248e2                ATAPI::eject()
                0x00000000c002492a                ATAPI::diskInserted()
                0x00000000c0024958                ATAPI::detectMedia()
                0x00000000c0024a14                ATAPI::open(int, int, void*)
                0x00000000c0024a9c                ATAPI::read(unsigned long long, int, void*)
 *fill*         0x00000000c0024b1b        0x1 
 .text          0x00000000c0024b1c      0x455 hw/diskphys/sata.32
                0x00000000c0024b1c                SATA::close(int, int, void*)
                0x00000000c0024b40                SATA::powerSaving(PowerSavingLevel)
                0x00000000c0024b42                SATA::open(int, int, void*)
                0x00000000c0024bf0                SATA::SATA()
                0x00000000c0024bf0                SATA::SATA()
                0x00000000c0024c1e                SATA::access(unsigned long long, int, void*, bool)
                0x00000000c0024e84                SATA::read(unsigned long long, int, void*)
                0x00000000c0024eec                SATA::write(unsigned long long, int, void*)
 *fill*         0x00000000c0024f71        0x1 
 .text          0x00000000c0024f72      0x500 hw/diskphys/satapi.32
                0x00000000c0024f72                SATAPI::write(unsigned long long, int, void*)
                0x00000000c0024f78                SATAPI::close(int, int, void*)
                0x00000000c0024f9c                SATAPI::SATAPI()
                0x00000000c0024f9c                SATAPI::SATAPI()
                0x00000000c0024fca                SATAPI::diskRemoved()
                0x00000000c0024fe6                SATAPI::diskInserted()
                0x00000000c0025014                SATAPI::sendPacket(unsigned char*, int, unsigned long long, unsigned short*, int)
                0x00000000c0025218                SATAPI::eject()
                0x00000000c0025260                SATAPI::detectMedia()
                0x00000000c0025322                SATAPI::open(int, int, void*)
                0x00000000c00253d0                SATAPI::read(unsigned long long, int, void*)
 .text          0x00000000c0025472       0x8e hw/fpu/avx.32
                0x00000000c0025472                AVX::open(int, int, void*)
                0x00000000c0025484                AVX::close(int, int, void*)
                0x00000000c0025496                AVX::available()
                0x00000000c00254a8                AVX::save(void*)
                0x00000000c00254c0                AVX::load(void*)
                0x00000000c00254d8                AVX::AVX()
                0x00000000c00254d8                AVX::AVX()
 .text          0x00000000c0025500       0x90 hw/fpu/mmx.32
                0x00000000c0025500                MMX::available()
                0x00000000c0025514                MMX::open(int, int, void*)
                0x00000000c0025526                MMX::close(int, int, void*)
                0x00000000c0025538                MMX::save(void*)
                0x00000000c0025550                MMX::load(void*)
                0x00000000c0025568                MMX::MMX()
                0x00000000c0025568                MMX::MMX()
 .text          0x00000000c0025590       0x96 hw/fpu/sse.32
                0x00000000c0025590                SSE::open(int, int, void*)
                0x00000000c00255a2                SSE::close(int, int, void*)
                0x00000000c00255b4                SSE::available()
                0x00000000c00255ce                SSE::save(void*)
                0x00000000c00255e6                SSE::load(void*)
                0x00000000c00255fe                SSE::SSE()
                0x00000000c00255fe                SSE::SSE()
 .text          0x00000000c0025626       0x8e hw/fpu/x87.32
                0x00000000c0025626                x87::open(int, int, void*)
                0x00000000c0025638                x87::close(int, int, void*)
                0x00000000c002564a                x87::available()
                0x00000000c002565c                x87::save(void*)
                0x00000000c0025674                x87::load(void*)
                0x00000000c002568c                x87::x87()
                0x00000000c002568c                x87::x87()
 .text          0x00000000c00256b4      0x71e hw/intctrl/apic.32
                0x00000000c00256b4                APIC::disable()
                0x00000000c00256b6                APIC::close(int, int, void*)
                0x00000000c00256d8                IOAPIC::close(int, int, void*)
                0x00000000c00256de                APIC::io_wait()
                0x00000000c00256e4                APIC::getBase()
                0x00000000c0025726                APIC::eoi(unsigned char)
                0x00000000c0025754                APIC::open(int, int, void*)
                0x00000000c00258a2                IOAPIC::IOAPIC()
                0x00000000c00258a2                IOAPIC::IOAPIC()
                0x00000000c00258ca                APIC::APIC()
                0x00000000c00258ca                APIC::APIC()
                0x00000000c00259a6                IOAPIC::handlesGSIWithNumber(unsigned int)
                0x00000000c00259d8                IOAPIC::read(int)
                0x00000000c0025a00                IOAPIC::open(int, int, void*)
                0x00000000c0025af6                IOAPIC::write(int, int)
                0x00000000c0025b22                IOAPIC::redirect(unsigned char, unsigned long long, unsigned char, bool, bool)
                0x00000000c0025c1c                APIC::installIRQHandler(int, void (*)(regs*, void*), bool, void*)
 .text          0x00000000c0025dd2      0x3d3 hw/intctrl/pic.32
                0x00000000c0025dd2                PIC::disable()
                0x00000000c0025e00                PIC::close(int, int, void*)
                0x00000000c0025e22                PIC::PIC()
                0x00000000c0025e22                PIC::PIC()
                0x00000000c0025ef8                PIC::ioWait()
                0x00000000c0025efe                PIC::getIRQReg(int)
                0x00000000c0025f68                PIC::eoi(unsigned char)
                0x00000000c0025ffa                PIC::remap()
                0x00000000c0026166                PIC::open(int, int, void*)
 *fill*         0x00000000c00261a5        0x1 
 .text          0x00000000c00261a6      0x25e hw/timer/apictimer.32
                0x00000000c00261a6                APICTimer::close(int, int, void*)
                0x00000000c00261ac                apicTimerHandler(regs*, void*)
                0x00000000c00261da                APICTimer::write(int)
                0x00000000c00262de                APICTimer::open(int, int, void*)
                0x00000000c00263dc                APICTimer::APICTimer()
                0x00000000c00263dc                APICTimer::APICTimer()
 .text          0x00000000c0026404      0x1a7 hw/timer/pit.32
                0x00000000c0026404                PIT::write(int)
                0x00000000c0026482                pitHandler(regs*, void*)
                0x00000000c00264ae                PIT::open(int, int, void*)
                0x00000000c00264fc                PIT::close(int, int, void*)
                0x00000000c002652c                PIT::PIT()
                0x00000000c002652c                PIT::PIT()
 *fill*         0x00000000c00265ab        0x5 
 .text          0x00000000c00265b0       0x1e hw/fpu/x86/avx.32
                0x00000000c00265b0                avxDetect
                0x00000000c00265b6                avxSave
                0x00000000c00265b7                avxLoad
                0x00000000c00265b8                avxInit
                0x00000000c00265b9                avxClose
                0x00000000c00265ba                wouldSheSayYes
 *fill*         0x00000000c00265ce        0x2 
 .text          0x00000000c00265d0       0x35 hw/fpu/x86/sse.32
                0x00000000c00265d0                absolutelyNoChanceInHell
                0x00000000c00265d0                sseDetect
                0x00000000c00265e8                sseSave
                0x00000000c00265ee                sseLoad
                0x00000000c00265f4                sseInit
                0x00000000c0026604                sseClose
 *fill*         0x00000000c0026605        0xb 
 .text          0x00000000c0026610       0x47 hw/fpu/x86/x87.32
                0x00000000c0026616                x87Detect
                0x00000000c0026631                x87Save
                0x00000000c0026637                x87Load
                0x00000000c002663c                x87Init
                0x00000000c0026656                x87Close
 *fill*         0x00000000c0026657        0x1 
 .text          0x00000000c0026658       0x25 /cygdrive/d/Users/Alex/Desktop/Toolchain/Output/bin/../lib/gcc/i386-banana/8.1.0/crtend.o
 .text          0x00000000c002667d        0x0 crtn.32
 *fill*         0x00000000c002667d        0x3 
 .text          0x00000000c0026680      0x14b /cygdrive/d/Users/Alex/Desktop/Toolchain/Output/bin/../lib/gcc/i386-banana/8.1.0/libkgcc.a(_divdi3.o)
                0x00000000c0026680                __divdi3
 *fill*         0x00000000c00267cb        0x1 
 .text          0x00000000c00267cc      0x17e /cygdrive/d/Users/Alex/Desktop/Toolchain/Output/bin/../lib/gcc/i386-banana/8.1.0/libkgcc.a(_moddi3.o)
                0x00000000c00267cc                __moddi3
 *fill*         0x00000000c002694a        0x2 
 .text          0x00000000c002694c       0xff /cygdrive/d/Users/Alex/Desktop/Toolchain/Output/bin/../lib/gcc/i386-banana/8.1.0/libkgcc.a(_udivdi3.o)
                0x00000000c002694c                __udivdi3
 *fill*         0x00000000c0026a4b        0x1 
 .text          0x00000000c0026a4c      0x11a /cygdrive/d/Users/Alex/Desktop/Toolchain/Output/bin/../lib/gcc/i386-banana/8.1.0/libkgcc.a(_umoddi3.o)
                0x00000000c0026a4c                __umoddi3
 .text          0x00000000c0026b66      0x96d D:/Users/Alex/Desktop/Banana/kernel/libsoftfp.a(sfieeelib.o)
                0x00000000c0026b66                __addsf3
                0x00000000c0026e68                __subsf3
                0x00000000c0026e7c                __negsf2
                0x00000000c0026e89                __mulsf3
                0x00000000c002704c                __divsf3
                0x00000000c0027277                __floatsisf
                0x00000000c00272eb                __floatunsisf
                0x00000000c002732d                __fixsfsi
                0x00000000c002738f                __fixunssfsi
                0x00000000c00273c0                __cmpsf2
                0x00000000c0027455                __eqsf2
                0x00000000c0027490                __nesf2