Archive member included to satisfy reference by file (symbol)

/cygdrive/d/Users/Alex/Desktop/Toolchain/Output/bin/../lib/gcc/i386-banana/8.1.0/libgcc.a(_divdi3.o)
                              fs/fat/ff.32 (__divdi3)
/cygdrive/d/Users/Alex/Desktop/Toolchain/Output/bin/../lib/gcc/i386-banana/8.1.0/libgcc.a(_moddi3.o)
                              thr/elf.32 (__moddi3)
/cygdrive/d/Users/Alex/Desktop/Toolchain/Output/bin/../lib/gcc/i386-banana/8.1.0/libgcc.a(_udivdi3.o)
                              fs/fat/ff.32 (__udivdi3)
/cygdrive/d/Users/Alex/Desktop/Toolchain/Output/bin/../lib/gcc/i386-banana/8.1.0/libgcc.a(_umoddi3.o)
                              core/pipe.32 (__umoddi3)
D:/Users/Alex/Desktop/Banana/kernel/libk/libm32.a(s_fabs.c.o)
                              hal/libresample/samplerate.32 (fabs)
D:/Users/Alex/Desktop/Banana/kernel/libk/libm32.a(s_lrint.S.o)
                              hal/libresample/samplerate.32 (lrint)
D:/Users/Alex/Desktop/Banana/kernel/libk/libm32.a(s_lrintf.S.o)
                              hal/sound/sndhw.32 (lrintf)

Discarded input sections

 .comment       0x0000000000000000       0x12 /cygdrive/d/Users/Alex/Desktop/Toolchain/Output/bin/../lib/gcc/i386-banana/8.1.0/crtbegin.o
 .comment       0x0000000000000000       0x12 acpica/utclib.32
 .comment       0x0000000000000000       0x12 core/malloc.32
 .comment       0x0000000000000000       0x12 libk/string.32
 .comment       0x0000000000000000       0x12 fs/fat/diskio.32
 .comment       0x0000000000000000       0x12 fs/fat/ff.32
 .comment       0x0000000000000000       0x12 fs/fat/ffsystem.32
 .comment       0x0000000000000000       0x12 fs/fat/ffunicode.32
 .comment       0x0000000000000000       0x12 hal/libresample/samplerate.32
 .comment       0x0000000000000000       0x12 hal/libresample/src_linear.32
 .comment       0x0000000000000000       0x12 hal/libresample/src_sinc.32
 .comment       0x0000000000000000       0x12 hal/libresample/src_zoh.32
 .group         0x0000000000000000       0x14 core/computer.32
 .group         0x0000000000000000        0xc core/computer.32
 .comment       0x0000000000000000       0x12 core/computer.32
 .comment       0x0000000000000000       0x12 core/gdt.32
 .group         0x0000000000000000        0xc core/idle.32
 .comment       0x0000000000000000       0x12 core/idle.32
 .comment       0x0000000000000000       0x12 core/idt.32
 .group         0x0000000000000000        0x8 core/kheap.32
 .group         0x0000000000000000        0x8 core/kheap.32
 .comment       0x0000000000000000       0x12 core/kheap.32
 .comment       0x0000000000000000       0x12 core/main.32
 .comment       0x0000000000000000       0x12 core/physmgr.32
 .group         0x0000000000000000        0xc core/pipe.32
 .comment       0x0000000000000000       0x12 core/pipe.32
 .group         0x0000000000000000        0xc core/terminal.32
 .comment       0x0000000000000000       0x12 core/terminal.32
 .group         0x0000000000000000        0x8 core/tss.32
 .text._ZN3CPU7readCR3Ev
                0x0000000000000000       0x12 core/tss.32
 .comment       0x0000000000000000       0x12 core/tss.32
 .group         0x0000000000000000        0x8 core/unixfile.32
 .group         0x0000000000000000        0xc core/unixfile.32
 .group         0x0000000000000000        0xc core/unixfile.32
 .group         0x0000000000000000        0x8 core/unixfile.32
 .group         0x0000000000000000        0xc core/unixfile.32
 .group         0x0000000000000000        0x8 core/unixfile.32
 .group         0x0000000000000000        0xc core/unixfile.32
 .group         0x0000000000000000        0xc core/unixfile.32
 .comment       0x0000000000000000       0x12 core/unixfile.32
 .group         0x0000000000000000        0x8 core/virtmgr.32
 .group         0x0000000000000000        0x8 core/virtmgr.32
 .text._ZN3CPU7readCR3Ev
                0x0000000000000000       0x12 core/virtmgr.32
 .text._ZN3CPU8writeCR3Em
                0x0000000000000000        0x9 core/virtmgr.32
 .comment       0x0000000000000000       0x12 core/virtmgr.32
 .comment       0x0000000000000000       0x12 coreobjs/c++.32
 .comment       0x0000000000000000       0x12 dbg/kconsole.32
 .group         0x0000000000000000        0xc fs/vfs.32
 .group         0x0000000000000000        0xc fs/vfs.32
 .group         0x0000000000000000        0xc fs/vfs.32
 .comment       0x0000000000000000       0x12 fs/vfs.32
 .group         0x0000000000000000        0xc hal/bus.32
 .comment       0x0000000000000000       0x12 hal/bus.32
 .group         0x0000000000000000        0xc hal/buzzer.32
 .comment       0x0000000000000000       0x12 hal/buzzer.32
 .group         0x0000000000000000        0xc hal/clock.32
 .comment       0x0000000000000000       0x12 hal/clock.32
 .group         0x0000000000000000       0x14 hal/device.32
 .group         0x0000000000000000        0xc hal/device.32
 .group         0x0000000000000000        0xc hal/device.32
[...]
Memory Configuration

Name             Origin             Length             Attributes
*default*        0x0000000000000000 0xffffffffffffffff

Linker script and memory map

LOAD D:/Users/Alex/Desktop/Banana/kernel/boot.32
LOAD crti.32
LOAD /cygdrive/d/Users/Alex/Desktop/Toolchain/Output/bin/../lib/gcc/i386-banana/8.1.0/crtbegin.o
LOAD D:/Users/Alex/Desktop/Banana/kernel/morenasm.32
LOAD acpica/utclib.32
LOAD core/malloc.32
LOAD libk/string.32
LOAD fs/fat/diskio.32
LOAD fs/fat/ff.32
LOAD fs/fat/ffsystem.32
LOAD fs/fat/ffunicode.32
LOAD hal/libresample/samplerate.32
LOAD hal/libresample/src_linear.32
LOAD hal/libresample/src_sinc.32
LOAD hal/libresample/src_zoh.32
LOAD core/computer.32
LOAD core/gdt.32
LOAD core/idle.32
LOAD core/idt.32
LOAD core/kheap.32
LOAD core/main.32
LOAD core/physmgr.32
LOAD core/pipe.32
LOAD core/terminal.32
LOAD core/tss.32
LOAD core/unixfile.32
LOAD core/virtmgr.32
LOAD coreobjs/c++.32
LOAD dbg/kconsole.32
LOAD fs/vfs.32
LOAD hal/bus.32
LOAD hal/buzzer.32
LOAD hal/clock.32
LOAD hal/device.32
LOAD hal/diskctrl.32
LOAD hal/diskphys.32
LOAD hal/fpu.32
LOAD hal/intctrl.32
LOAD hal/keybrd.32
LOAD hal/logidisk.32
LOAD hal/mouse.32
LOAD hal/partition.32
LOAD hal/timer.32
LOAD hal/vcache.32
LOAD hal/video.32
LOAD hw/acpi.32
LOAD hw/cpu.32
LOAD hw/ports.32
LOAD krnl/panic.32
LOAD reg/registry.32
LOAD sys/sc_exit.32
LOAD sys/sc_loaddll.32
LOAD sys/sc_read.32
LOAD sys/sc_sbrk.32
LOAD sys/sc_write.32
LOAD sys/sc_yield.32
LOAD sys/syscalls.32
LOAD thr/elf.32
LOAD thr/prcssthr.32
LOAD vm86/vm8086.32
LOAD fs/fat/vfslink.32
LOAD fs/iso9660/vfslink.32
LOAD hal/sound/sndchannel.32
LOAD hal/sound/sndhw.32
LOAD hw/bus/isa.32
LOAD hw/bus/pci.32
LOAD hw/diskctrl/ide.32
LOAD hw/diskphys/ata.32
LOAD hw/diskphys/atapi.32
LOAD hw/fpu/avx.32
LOAD hw/fpu/mmx.32
LOAD hw/fpu/sse.32
LOAD hw/fpu/x87.32
LOAD hw/intctrl/apic.32
LOAD hw/intctrl/pic.32
LOAD hw/timer/apictimer.32
LOAD hw/timer/pit.32
LOAD hw/fpu/x86/avx.32
LOAD hw/fpu/x86/sse.32
LOAD hw/fpu/x86/x87.32
LOAD /cygdrive/d/Users/Alex/Desktop/Toolchain/Output/bin/../lib/gcc/i386-banana/8.1.0/crtend.o
LOAD crtn.32
LOAD /cygdrive/d/Users/Alex/Desktop/Toolchain/Output/bin/../lib/gcc/i386-banana/8.1.0/libgcc.a
LOAD D:/Users/Alex/Desktop/Banana/kernel/libk/libm32.a
                0x00000000c0000000                . = 0xc0000000

.text           0x00000000c0000000    0x1f758
 *(.text)
 .text          0x00000000c0000000       0x41 D:/Users/Alex/Desktop/Banana/kernel/boot.32
                0x00000000c0000020                callGlobalConstructors
 .text          0x00000000c0000041        0x0 crti.32
 *fill*         0x00000000c0000041        0x3 
 .text          0x00000000c0000044      0x101 /cygdrive/d/Users/Alex/Desktop/Toolchain/Output/bin/../lib/gcc/i386-banana/8.1.0/crtbegin.o
 *fill*         0x00000000c0000145        0xb 
 .text          0x00000000c0000150      0x4cc D:/Users/Alex/Desktop/Banana/kernel/morenasm.32
                0x00000000c0000150                voodooXADD
                0x00000000c00001f8                doTPAUSE
                0x00000000c0000202                hasLegacyFPU
                0x00000000c0000227                is486
                0x00000000c000025d                goToVM86
                0x00000000c000028e                goToUsermode
                0x00000000c00002be                switchToThreadASMFirstTime
                0x00000000c00002cc                switchToThreadASM
                0x00000000c000036c                detectCPUID
                0x00000000c0000382                asmQuickAcquireLock
                0x00000000c00003a0                asmQuickReleaseLock
                0x00000000c00003ac                asmAcquireLock
                0x00000000c00003cd                asmReleaseLock
                0x00000000c00003e0                loadGDT
                0x00000000c0000400                isr0
                0x00000000c0000410                isr1
                0x00000000c000041a                isr2
                0x00000000c0000424                isr3
                0x00000000c000042e                isr4
                0x00000000c0000438                isr5
                0x00000000c0000442                isr6
                0x00000000c000044c                isr7
                0x00000000c0000456                isr8
                0x00000000c000045e                isr9
                0x00000000c0000468                isr10
                0x00000000c0000470                isr11
                0x00000000c0000478                isr12
                0x00000000c0000480                isr13
                0x00000000c0000488                isr14
                0x00000000c0000490                isr15
                0x00000000c000049a                isr16
                0x00000000c00004a4                isr17
                0x00000000c00004ae                isr18
                0x00000000c00004b8                isr96
                0x00000000c00004c2                irq0
                0x00000000c00004cc                irq1
                0x00000000c00004d6                irq2
                0x00000000c00004e0                irq3
                0x00000000c00004ea                irq4
                0x00000000c00004f4                irq5
                0x00000000c00004fe                irq6
                0x00000000c0000508                irq7
                0x00000000c0000512                irq8
                0x00000000c000051c                irq9
                0x00000000c0000526                irq10
                0x00000000c0000530                irq11
                0x00000000c000053a                irq12
                0x00000000c0000544                irq13
                0x00000000c000054e                irq14
                0x00000000c0000558                irq15
                0x00000000c0000562                irq16
                0x00000000c000056c                irq17
                0x00000000c0000576                irq18
                0x00000000c0000580                irq19
                0x00000000c000058a                irq20
                0x00000000c0000594                irq21
                0x00000000c000059e                irq22
                0x00000000c00005a8                irq23
                0x00000000c00005b2                int_common_stub
                0x00000000c00005e2                syscall_common_stub
 .text          0x00000000c000061c      0x411 acpica/utclib.32
                0x00000000c000061c                memcmp
                0x00000000c0000647                memmove
                0x00000000c000067f                memcpy
                0x00000000c00006b5                memset
                0x00000000c00006d2                strlen
                0x00000000c00006e2                strpbrk
                0x00000000c0000705                strtok
                0x00000000c0000754                strcpy
                0x00000000c0000774                strncpy
                0x00000000c00007a5                strcmp
                0x00000000c00007c6                strchr
                0x00000000c00007dc                strncmp
                0x00000000c000080b                strcat
                0x00000000c0000832                strncat
                0x00000000c000086c                strstr
                0x00000000c00008a9                toupper
                0x00000000c00008bd                tolower
                0x00000000c00008d1                simple_strtoul
 .text          0x00000000c0000a2d      0xfc2 core/malloc.32
                0x00000000c0000b98                dlfree
                0x00000000c0000ef6                dlmalloc
                0x00000000c0001433                dlrealloc
                0x00000000c00015e8                dlmemalign
                0x00000000c000170b                dlcalloc
                0x00000000c00017a5                dlcfree
                0x00000000c00017aa                dlindependent_calloc
                0x00000000c00017cf                dlindependent_comalloc
                0x00000000c00017e6                dlvalloc
                0x00000000c0001811                dlpvalloc
                0x00000000c0001847                dlmalloc_trim
                0x00000000c0001854                dlmalloc_usable_size
                0x00000000c0001885                dlmallinfo
                0x00000000c0001954                dlmalloc_stats
                0x00000000c0001965                dlmallopt
 .text          0x00000000c00019ef        0x0 libk/string.32
 .text          0x00000000c00019ef       0x51 fs/fat/diskio.32
                0x00000000c00019ef                disk_status
                0x00000000c00019f2                disk_initialize
                0x00000000c00019f5                disk_read
                0x00000000c0001a0b                disk_write
                0x00000000c0001a21                disk_ioctl
 .text          0x00000000c0001a40     0x67e6 fs/fat/ff.32
                0x00000000c0004cf6                f_mount
                0x00000000c0004d58                f_open
                0x00000000c0005194                f_read
                0x00000000c0005414                f_write
                0x00000000c00056ce                f_sync
                0x00000000c00058aa                f_close
                0x00000000c00058d9                f_lseek
                0x00000000c0005d3e                f_opendir
                0x00000000c0005e40                f_closedir
                0x00000000c0005e62                f_readdir
                0x00000000c0005efd                f_stat
                0x00000000c0005f8c                f_getfree
                0x00000000c0006174                f_truncate
                0x00000000c000626c                f_unlink
                0x00000000c00063ed                f_mkdir
                0x00000000c0006619                f_rename
                0x00000000c000690c                f_chmod
                0x00000000c00069ea                f_utime
                0x00000000c0006ac8                f_getlabel
                0x00000000c0006cbc                f_setlabel
                0x00000000c0006f29                f_forward
                0x00000000c0007107                f_mkfs
 .text          0x00000000c0008226       0x2d fs/fat/ffsystem.32
                0x00000000c0008226                ff_memalloc
                0x00000000c000823c                ff_memfree
 .text          0x00000000c0008253      0x280 fs/fat/ffunicode.32
                0x00000000c0008253                ff_uni2oem
                0x00000000c00082e9                ff_oem2uni
                0x00000000c0008358                ff_wtoupper
 .text          0x00000000c00084d3      0x70e hal/libresample/samplerate.32
                0x00000000c000855b                src_delete
                0x00000000c0008597                src_process
                0x00000000c00086bf                src_callback_read
                0x00000000c0008820                src_set_ratio
                0x00000000c0008877                src_get_channels
                0x00000000c0008899                src_reset
                0x00000000c00088dd                src_new
                0x00000000c000896b                src_callback_new
                0x00000000c00089cd                src_get_name
                0x00000000c0008a04                src_get_description
                0x00000000c0008a3b                src_get_version
                0x00000000c0008a41                src_is_valid_ratio
                0x00000000c0008a5b                src_error
                0x00000000c0008a69                src_strerror
                0x00000000c0008a7c                src_simple
                0x00000000c0008acf                src_short_to_float_array
                0x00000000c0008af5                src_float_to_short_array
                0x00000000c0008b59                src_int_to_float_array
                0x00000000c0008b7f                src_float_to_int_array
 .text          0x00000000c0008be1      0x3f9 hal/libresample/src_linear.32
                0x00000000c0008f35                linear_get_name
                0x00000000c0008f44                linear_get_description
                0x00000000c0008f53                linear_set_converter
 .text          0x00000000c0008fda     0x1a31 hal/libresample/src_sinc.32
                0x00000000c000a922                sinc_get_name
                0x00000000c000a935                sinc_get_description
                0x00000000c000a948                sinc_set_converter
 .text          0x00000000c000aa0b      0x3cf hal/libresample/src_zoh.32
                0x00000000c000ad35                zoh_get_name
                0x00000000c000ad44                zoh_get_description
                0x00000000c000ad53                zoh_set_converter
 .text          0x00000000c000adda      0x9d0 core/computer.32
                0x00000000c000adda                Computer::close(int, int, void*)
                0x00000000c000ae20                Computer::Computer()
                0x00000000c000ae20                Computer::Computer()
                0x00000000c000af86                Computer::setBootMessage(char const*)
                0x00000000c000af88                Computer::start()
                0x00000000c000b08b                firstTask()
                0x00000000c000b09a                Computer::detectFeatures()
                0x00000000c000b294                Computer::displayFeatures()
                0x00000000c000b570                Computer::rdmsr(unsigned int)
                0x00000000c000b59c                Computer::wrmsr(unsigned int, unsigned long long)
                0x00000000c000b5d4                Computer::nmiEnabled()
                0x00000000c000b5e0                Computer::readCMOS(unsigned char)
                0x00000000c000b5fc                Computer::enableNMI(bool)
                0x00000000c000b614                Computer::open(int, int, void*)
                0x00000000c000b6e8                Computer::disableNMI()
                0x00000000c000b6f8                Computer::writeCMOS(unsigned char, unsigned char)
                0x00000000c000b718                Computer::handleNMI()
                0x00000000c000b77e                Computer::setDiskActivityLight(int, bool)
 .text          0x00000000c000b7aa      0x1b7 core/gdt.32
                0x00000000c000b7aa                GDTEntry::setBase(unsigned int)
                0x00000000c000b7c6                GDTEntry::setLimit(unsigned int)
                0x00000000c000b7e4                GDT::GDT()
                0x00000000c000b7e4                GDT::GDT()
                0x00000000c000b7fa                GDT::addEntry(GDTEntry)
                0x00000000c000b836                GDT::getNumberOfEntries()
                0x00000000c000b83e                GDT::flush()
                0x00000000c000b860                GDT::setup()
 .text          0x00000000c000b961       0x61 core/idle.32
                0x00000000c000b961                idleFunction(void*)
 .text          0x00000000c000b9c2      0x45f core/idt.32
                0x00000000c000b9c2                IDTEntry::IDTEntry(bool)
                0x00000000c000b9c2                IDTEntry::IDTEntry(bool)
                0x00000000c000ba30                IDTEntry::setOffset(unsigned int)
                0x00000000c000ba44                IDT::IDT()
                0x00000000c000ba44                IDT::IDT()
                0x00000000c000ba46                IDT::getPointerToInvalidOpcodeEntryForF00F()
                0x00000000c000ba4e                IDT::addEntry(IDTEntry, int)
                0x00000000c000ba68                IDT::addEntry(int, void (*)(), bool)
                0x00000000c000baa0                IDT::flush()
                0x00000000c000baba                IDT::setup()
 .text          0x00000000c000be21      0x20c core/kheap.32
                0x00000000c000be21                sbrk
                0x00000000c000bf38                mmap
                0x00000000c000bf4e                munmap
                0x00000000c000bf64                liballoc_lock()
                0x00000000c000bf75                liballoc_unlock()
                0x00000000c000bf86                liballoc_alloc(int)
                0x00000000c000bfa1                liballoc_free(void*, int)
                0x00000000c000bfbf                realloc
                0x00000000c000bfd3                malloc
                0x00000000c000bfe3                free
                0x00000000c000bff3                rfree
                0x00000000c000c003                calloc
 .text          0x00000000c000c02d      0x3a9 core/main.32
                0x00000000c000c02d                hwTextMode_loadInData(VgaText*)
                0x00000000c000c072                hwTextMode_loadInTitle(VgaText*, char*)
                0x00000000c000c0bc                hwTextMode_showCursor(VgaText*, bool)
                0x00000000c000c110                hwTextMode_update(VgaText*)
                0x00000000c000c111                hwTextMode_updateCursor(VgaText*)
                0x00000000c000c15f                hwTextMode_disableBlink(VgaText*, bool)
                0x00000000c000c19b                hwTextMode_scrollScreen(VgaText*)
                0x00000000c000c227                hwTextMode_writeCharacter(VgaText*, char, VgaColour, VgaColour, int, int)
                0x00000000c000c28d                setupTextMode()
                0x00000000c000c2de                kernel_main
 .text          0x00000000c000c3d6      0x504 core/physmgr.32
                0x00000000c000c3d6                Phys::allocateDMA(unsigned long)
                0x00000000c000c47a                Phys::freeDMA(unsigned long, unsigned long)
                0x00000000c000c4c2                Phys::setPageState(unsigned long, bool)
                0x00000000c000c4fb                Phys::getPageState(unsigned long)
                0x00000000c000c51c                Phys::freePage(unsigned long)
                0x00000000c000c5a9                Phys::allocatePage()
                0x00000000c000c675                Phys::allowSegmentToBeUsed(unsigned long, unsigned long)
                0x00000000c000c6ad                Phys::physicalMemorySetup(unsigned int)
 .text          0x00000000c000c8da      0x273 core/pipe.32
                0x00000000c000c8da                Pipe::isAtty()
                0x00000000c000c8de                Pipe::~Pipe()
                0x00000000c000c8de                Pipe::~Pipe()
                0x00000000c000c902                Pipe::~Pipe()
                0x00000000c000c92a                Pipe::read(unsigned long long, void*, int*)
                0x00000000c000ca1e                Pipe::write(unsigned long long, void*, int*)
                0x00000000c000cae6                Pipe::Pipe(int)
                0x00000000c000cae6                Pipe::Pipe(int)
 *fill*         0x00000000c000cb4d        0x1 
 .text          0x00000000c000cb4e      0xf67 core/terminal.32
                0x00000000c000cb4e                VgaText::isAtty()
                0x00000000c000cb52                VgaText::~VgaText()
                0x00000000c000cb52                VgaText::~VgaText()
                0x00000000c000cb76                VgaText::~VgaText()
                0x00000000c000cba0                VgaText::read(unsigned long long, void*, int*)
                0x00000000c000cbc0                setTerminalScrollLock(bool)
                0x00000000c000cbc1                addToTerminalCycle(VgaText*)
                0x00000000c000cbee                installVgaTextImplementation()
                0x00000000c000cc03                scrollTerminalScrollLock(int)
                0x00000000c000cc04                VgaText::load()
                0x00000000c000cc58                VgaText::updateCursor()
                0x00000000c000cc72                VgaText::showCursor(bool)
                0x00000000c000cc82                VgaText::disableBlink(bool)
                0x00000000c000ccbc                VgaText::doANSI_SGR(int)
                0x00000000c000cd48                VgaText::setDefaultBgColour(VgaColour)
                0x00000000c000cd5e                VgaText::setDefaultFgColour(VgaColour)
                0x00000000c000cd74                VgaText::setDefaultColours(VgaColour, VgaColour)
                0x00000000c000cd94                VgaText::combineColours(unsigned char, unsigned char)
                0x00000000c000cda6                VgaText::scrollScreen()
                0x00000000c000ce3a                VgaText::combineCharAndColour(char, unsigned char)
                0x00000000c000ce4c                VgaText::writeCharacter(char, VgaColour, VgaColour, int, int)
                0x00000000c000ceac                VgaText::getCursorX()
                0x00000000c000ceb8                VgaText::getCursorY()
                0x00000000c000cec4                VgaText::setCursor(int, int)
                0x00000000c000cee2                VgaText::setCursorX(int)
                0x00000000c000cefe                VgaText::setCursorY(int)
                0x00000000c000cf1a                VgaText::incrementCursor(bool)
                0x00000000c000cf82                VgaText::updateRAMUsageDisplay(int)
                0x00000000c000cfdc                VgaText::updateDiskUsage()
                0x00000000c000d142                VgaText::updateTitle()
                0x00000000c000d188                VgaText::setTitleTextColour(VgaColour)
                0x00000000c000d198                VgaText::setTitleColour(VgaColour)
                0x00000000c000d1a8                VgaText::setTitle(char*)
                0x00000000c000d1ce                VgaText::decrementCursor(bool)
                0x00000000c000d1f6                VgaText::putchar(char, VgaColour, VgaColour)
                0x00000000c000d2f2                VgaText::isShowingCursor()
                0x00000000c000d2fe                VgaText::isBlinkDisabled()
                0x00000000c000d30c                VgaText::setCursorHeight(int)
                0x00000000c000d32a                VgaText::getCursorHeight()
                0x00000000c000d335                setActiveTerminal(VgaText*)
                0x00000000c000d3e7                doTerminalCycle()
                0x00000000c000d404                VgaText::doUpdate()
                0x00000000c000d416                VgaText::puts(char const*, VgaColour, VgaColour)
                0x00000000c000d5d8                VgaText::clearScreen()
                0x00000000c000d63c                VgaText::putchar(char)
                0x00000000c000d756                VgaText::puts(char const*)
                0x00000000c000d77c                VgaText::putx(unsigned int)
                0x00000000c000d7c2                VgaText::VgaText(char const*)
                0x00000000c000d7c2                VgaText::VgaText(char const*)
                0x00000000c000d954                VgaText::receiveKey(unsigned char)
                0x00000000c000da3c                VgaText::write(unsigned long long, void*, int*)
                0x00000000c000da90                newTerminal(char*)
 *fill*         0x00000000c000dab5        0x1 
 .text          0x00000000c000dab6      0x18f core/tss.32
                0x00000000c000dab6                TSS::TSS()
                0x00000000c000dab6                TSS::TSS()
                0x00000000c000dac4                TSS::setESP(unsigned long)
                0x00000000c000dad6                TSS::flush()
                0x00000000c000daf6                TSS::setup(unsigned long, unsigned long)
 *fill*         0x00000000c000dc45        0x1 
 .text          0x00000000c000dc46      0x545 core/unixfile.32
                0x00000000c000dc46                ReservedFilename::read(unsigned long long, void*, int*)
                0x00000000c000dcdc                ReservedFilename::isAtty()
                0x00000000c000dd12                ReservedFilename::write(unsigned long long, void*, int*)
                0x00000000c000ddac                UnixFile::getFileDescriptor()
                0x00000000c000ddb4                UnixFile::UnixFile(int)
                0x00000000c000ddb4                UnixFile::UnixFile(int)
                0x00000000c000df24                ReservedFilename::ReservedFilename(int)
                0x00000000c000df24                ReservedFilename::ReservedFilename(int)
                0x00000000c000df56                UnixFile::~UnixFile()
                0x00000000c000df56                UnixFile::~UnixFile()
                0x00000000c000dfee                UnixFile::~UnixFile()
                0x00000000c000e016                ReservedFilename::~ReservedFilename()
                0x00000000c000e016                ReservedFilename::~ReservedFilename()
                0x00000000c000e03a                ReservedFilename::~ReservedFilename()
                0x00000000c000e061                getFromFileDescriptor(int)
 *fill*         0x00000000c000e18b        0x1 
 .text          0x00000000c000e18c      0xecf core/virtmgr.32
                0x00000000c000e18c                Virt::setPageState(unsigned long, Virt::VirtPageState)
                0x00000000c000e1c3                Virt::getPageState(unsigned long)
                0x00000000c000e1ea                Virt::allocateKernelVirtualPages(int)
                0x00000000c000e2fb                Virt::virtualMemorySetup()
                0x00000000c000e377                Virt::getAKernelVAS()
                0x00000000c000e37d                Virt::setupPageSwapping(int)
                0x00000000c000e498                VAS::VAS()
                0x00000000c000e498                VAS::VAS()
                0x00000000c000e4c8                VAS::VAS(VAS*)
                0x00000000c000e4c8                VAS::VAS(VAS*)
                0x00000000c000e4ec                VAS::getForeignPageTableEntry(bool, unsigned long)
                0x00000000c000e518                VAS::getPageTableEntry(unsigned long)
                0x00000000c000e537                Virt::freeKernelVirtualPages(unsigned long)
                0x00000000c000e658                VAS::freeAllocatedPages(unsigned long)
                0x00000000c000e67c                VAS::virtualToPhysical(unsigned long)
                0x00000000c000e696                VAS::reflagRange(unsigned long, int, int, int)
                0x00000000c000e6da                VAS::setToWriteCombining(unsigned long, int)
                0x00000000c000e714                VAS::mapOtherVASIn(bool, VAS*)
                0x00000000c000e74a                VAS::~VAS()
                0x00000000c000e74a                VAS::~VAS()
                0x00000000c000e8b6                VAS::mapPage(unsigned long, unsigned long, int)
                0x00000000c000e9b8                VAS::allocatePages(int, int)
                0x00000000c000eb8a                VAS::setCPUSpecific(unsigned long)
                0x00000000c000eba8                VAS::mapRange(unsigned long, unsigned long, int, int)
                0x00000000c000ec72                VAS::mapForeignPage(bool, VAS*, unsigned long, unsigned long, int)
                0x00000000c000ed64                VAS::VAS(bool)
                0x00000000c000ed64                VAS::VAS(bool)
                0x00000000c000ef94                mapVASFirstTime
 .text          0x00000000c000f05b       0x93 coreobjs/c++.32
                0x00000000c000f05b                __cxa_atexit
                0x00000000c000f05e                __cxa_finalize
                0x00000000c000f05f                __stack_chk_fail
                0x00000000c000f0bf                __cxa_pure_virtual
                0x00000000c000f0d0                operator new(unsigned long)
                0x00000000c000f0d5                operator new[](unsigned long)
                0x00000000c000f0da                operator delete(void*)
                0x00000000c000f0df                operator delete(void*, unsigned long)
                0x00000000c000f0e4                operator delete[](void*)
                0x00000000c000f0e9                operator delete[](void*, unsigned long)
 .text          0x00000000c000f0ee      0x23d dbg/kconsole.32
                0x00000000c000f0ee                Dbg::stringifyxWithBase(unsigned int, char*, int)
                0x00000000c000f192                Dbg::logc(char)
                0x00000000c000f1a9                Dbg::logs(char*)
                0x00000000c000f1c6                Dbg::logWriteInt(unsigned int)
                0x00000000c000f1e4                Dbg::logWriteIntBase(unsigned int, int)
                0x00000000c000f205                Dbg::kprintf(char const*, ...)
 *fill*         0x00000000c000f32b        0x1 
 .text          0x00000000c000f32c      0xb68 fs/vfs.32
                0x00000000c000f32c                File::read(unsigned long long, void*, int*)
                0x00000000c000f384                File::write(unsigned long long, void*, int*)
                0x00000000c000f3dc                Directory::read(unsigned long long, void*, int*)
                0x00000000c000f434                Directory::write(unsigned long long, void*, int*)
                0x00000000c000f462                File::isAtty()
                0x00000000c000f466                Directory::isAtty()
                0x00000000c000f46a                Filesystem::getlabel(LogicalDisk*, int, char*, unsigned int*)
                0x00000000c000f470                Filesystem::setlabel(LogicalDisk*, int, char*)
                0x00000000c000f476                File::~File()
                0x00000000c000f476                File::~File()
                0x00000000c000f49a                File::~File()
                0x00000000c000f4c4                Directory::~Directory()
                0x00000000c000f4c4                Directory::~Directory()
                0x00000000c000f4e8                Directory::~Directory()
                0x00000000c000f512                Filesystem::Filesystem()
                0x00000000c000f512                Filesystem::Filesystem()
                0x00000000c000f536                Filesystem::~Filesystem()
                0x00000000c000f536                Filesystem::~Filesystem()
                0x00000000c000f544                Filesystem::~Filesystem()
                0x00000000c000f568                initVFS()
                0x00000000c000f592                standardiseFiles(char*, char const*, char const*)
                0x00000000c000f73c                File::File(char const*, Process*)
                0x00000000c000f73c                File::File(char const*, Process*)
                0x00000000c000f7a0                File::open(FileOpenMode)
                0x00000000c000f7fe                File::close()
                0x00000000c000f85e                File::seek(unsigned long long)
                0x00000000c000f8b4                File::tell(unsigned long long*)
                0x00000000c000f904                File::rewind()
                0x00000000c000f918                File::unlink()
                0x00000000c000f964                File::rename(char const*)
                0x00000000c000f9b2                File::chfatattr(unsigned char, unsigned char)
                0x00000000c000fa0e                File::exists()
                0x00000000c000fa4c                File::stat(unsigned long long*, bool*)
                0x00000000c000faad                getcwd(Process*, char*, int)
                0x00000000c000fad7                setcwd(Process*, char*)
                0x00000000c000fbfe                Directory::Directory(char const*, Process*)
                0x00000000c000fbfe                Directory::Directory(char const*, Process*)
                0x00000000c000fc62                Directory::open()
                0x00000000c000fcbe                Directory::close()
                0x00000000c000fd1e                Directory::unlink()
                0x00000000c000fd6a                Directory::rename(char const*)
                0x00000000c000fdb8                Directory::exists()
                0x00000000c000fdf6                Directory::read(dirent*)
                0x00000000c000fe42                Directory::create()
                0x00000000c000fe8e                Filesystem::chfatattr(char const*, unsigned char, unsigned char)
 .text          0x00000000c000fe94       0x84 hal/bus.32
                0x00000000c000fe94                Bus::Bus(char const*)
                0x00000000c000fe94                Bus::Bus(char const*)
                0x00000000c000feca                Bus::~Bus()
                0x00000000c000feca                Bus::~Bus()
                0x00000000c000feee                Bus::~Bus()
 .text          0x00000000c000ff18      0x14e hal/buzzer.32
                0x00000000c000ff18                Buzzer::Buzzer(char const*)
                0x00000000c000ff18                Buzzer::Buzzer(char const*)
                0x00000000c000ff5c                Buzzer::~Buzzer()
                0x00000000c000ff5c                Buzzer::~Buzzer()
                0x00000000c000ff80                Buzzer::~Buzzer()
                0x00000000c000ffaa                Buzzer::stop()
                0x00000000c000ffbd                beepThread(void*)
                0x00000000c000fff8                Buzzer::beep(int, int, bool)
 .text          0x00000000c0010066      0x435 hal/clock.32
                0x00000000c0010066                loadClockSettings()
                0x00000000c0010080                Clock::Clock(char const*)
                0x00000000c0010080                Clock::Clock(char const*)
                0x00000000c00100b6                Clock::~Clock()
                0x00000000c00100b6                Clock::~Clock()
                0x00000000c00100da                Clock::~Clock()
                0x00000000c0010104                Clock::timeInSecondsLocal()
                0x00000000c001014c                Clock::setTimeInSecondsLocal(unsigned long long)
                0x00000000c00101a5                datetimeToSeconds(datetime_t)
                0x00000000c00102d2                Clock::setTimeInDatetimeLocal(datetime_t)
                0x00000000c0010332                secondsToDatetime(unsigned long long)
                0x00000000c0010476                Clock::timeInDatetimeLocal()
 *fill*         0x00000000c001049b        0x1 
 .text          0x00000000c001049c      0x500 hal/device.32
                0x00000000c001049c                Device::hibernate()
                0x00000000c001049e                Device::wake()
                0x00000000c00104a0                Device::detect()
                0x00000000c00104a2                Device::disableLegacy()
                0x00000000c00104a4                Device::powerSaving(PowerSavingLevel)
                0x00000000c00104a6                DriverlessDevice::close(int, int, void*)
                0x00000000c00104aa                DriverlessDevice::detect()
                0x00000000c00104ac                DriverlessDevice::open(int, int, void*)
                0x00000000c00104c0                Device::~Device()
                0x00000000c00104c0                Device::~Device()
                0x00000000c00104ce                Device::~Device()
                0x00000000c00104f6                Device::findAndLoadDriver()
                0x00000000c00104f8                Device::preOpenPCI(PCIDeviceInfo)
                0x00000000c001051a                Device::preOpenACPI(void*, char*, char*)
                0x00000000c001056e                Device::addIRQHandler(int, void (*)(regs*, void*), bool, void*)
                0x00000000c00105cc                Device::removeIRQHandler(int, void (*)(regs*, void*), bool)
                0x00000000c001061a                Device::addChild(Device*)
                0x00000000c001065e                Device::removeAllChildren()
                0x00000000c00106a4                Device::hibernateAll()
                0x00000000c00106d4                Device::wakeAll()
                0x00000000c0010704                Device::detectAll()
                0x00000000c0010734                Device::disableLegacyAll()
                0x00000000c0010764                Device::loadDriversForAll()
                0x00000000c0010790                Device::closeAll()
                0x00000000c00107c6                Device::powerSavingAll(PowerSavingLevel)
                0x00000000c00107fc                Device::setName(char const*)
                0x00000000c001080a                Device::Device(char const*)
                0x00000000c001080a                Device::Device(char const*)
                0x00000000c00108fc                Device::getName()
                0x00000000c0010906                DriverlessDevice::DriverlessDevice(char const*)
                0x00000000c0010906                DriverlessDevice::DriverlessDevice(char const*)
                0x00000000c001092e                Device::addToLinkedList(LinkedList<Device>&, DeviceType)
                0x00000000c0010972                getDevicesOfType(DeviceType)
 .text          0x00000000c001099c       0x84 hal/diskctrl.32
                0x00000000c001099c                HardDiskController::HardDiskController(char const*)
                0x00000000c001099c                HardDiskController::HardDiskController(char const*)
                0x00000000c00109d2                HardDiskController::~HardDiskController()
                0x00000000c00109d2                HardDiskController::~HardDiskController()
                0x00000000c00109f6                HardDiskController::~HardDiskController()
 .text          0x00000000c0010a20       0xde hal/diskphys.32
                0x00000000c0010a20                PhysicalDisk::PhysicalDisk(char const*, int)
                0x00000000c0010a20                PhysicalDisk::PhysicalDisk(char const*, int)
                0x00000000c0010a88                PhysicalDisk::startCache()
                0x00000000c0010ab0                PhysicalDisk::~PhysicalDisk()
                0x00000000c0010ab0                PhysicalDisk::~PhysicalDisk()
                0x00000000c0010ad4                PhysicalDisk::~PhysicalDisk()
 .text          0x00000000c0010afe      0x142 hal/fpu.32
                0x00000000c0010afe                FPU::FPU(char const*)
                0x00000000c0010afe                FPU::FPU(char const*)
                0x00000000c0010b34                FPU::~FPU()
                0x00000000c0010b34                FPU::~FPU()
                0x00000000c0010b58                FPU::~FPU()
                0x00000000c0010b82                setupFPU()
 .text          0x00000000c0010c40     0x12db hal/intctrl.32
                0x00000000c0010c40                InterruptController::uninstallISRHandler(int, void (*)(regs*, void*))
                0x00000000c0010c78                InterruptController::installISRHandler(int, void (*)(regs*, void*), void*)
                0x00000000c0010cca                doubleFault(regs*, void*)
                0x00000000c0010ce4                InterruptController::installIRQHandler(int, void (*)(regs*, void*), bool, void*)
                0x00000000c0010d80                InterruptController::clearAllHandlers(int, bool)
                0x00000000c0010e28                InterruptController::uninstallIRQHandler(int, void (*)(regs*, void*), bool)
                0x00000000c0010eaf                nmiHandler(regs*, void*)
                0x00000000c0010ebd                int_handler
                0x00000000c0010f58                InterruptController::InterruptController(char const*)
                0x00000000c0010f58                InterruptController::InterruptController(char const*)
                0x00000000c0010ffe                InterruptController::~InterruptController()
                0x00000000c0010ffe                InterruptController::~InterruptController()
                0x00000000c0011022                InterruptController::~InterruptController()
                0x00000000c001104c                displayDebugInfo(regs*)
                0x00000000c0011463                x87EmulHandler(regs*, void*)
                0x00000000c00114c6                gpFault(regs*, void*)
                0x00000000c00114ff                pgFault(regs*, void*)
                0x00000000c0011516                otherISRHandler(regs*, void*)
                0x00000000c0011535                opcodeFault(regs*, void*)
                0x00000000c0011aee                displayProgramFault(char const*)
                0x00000000c0011b16                setupInterruptController()
                0x00000000c0011ece                InterruptController::convertLegacyIRQNumber(int)
 *fill*         0x00000000c0011f1b        0x1 
 .text          0x00000000c0011f1c      0x61c hal/keybrd.32
                0x00000000c0011f1c                startGUI(void*)
                0x00000000c0011f8e                sendKeyToTerminal(unsigned char)
                0x00000000c0011fff                sendKeyboardToken(KeyboardToken)
                0x00000000c00123e8                clearInternalKeybuffer(VgaText*)
                0x00000000c001241d                readKeyboard(VgaText*, char*, unsigned long)
                0x00000000c00124ae                Keyboard::Keyboard(char const*)
                0x00000000c00124ae                Keyboard::Keyboard(char const*)
                0x00000000c00124ea                Keyboard::~Keyboard()
                0x00000000c00124ea                Keyboard::~Keyboard()
                0x00000000c001250e                Keyboard::~Keyboard()
 .text          0x00000000c0012538      0x400 hal/logidisk.32
                0x00000000c0012538                LogicalDisk::close(int, int, void*)
                0x00000000c001253c                LogicalDisk::~LogicalDisk()
                0x00000000c001253c                LogicalDisk::~LogicalDisk()
                0x00000000c0012560                LogicalDisk::~LogicalDisk()
                0x00000000c001258a                LogicalDisk::open(int, int, void*)
                0x00000000c001259e                LogicalDisk::absoluteToRelative(unsigned long long)
                0x00000000c00125d6                LogicalDisk::relativeToAbsolute(unsigned long long)
                0x00000000c001261c                LogicalDisk::LogicalDisk(char const*, PhysicalDisk*, unsigned long long, unsigned long long)
                0x00000000c001261c                LogicalDisk::LogicalDisk(char const*, PhysicalDisk*, unsigned long long, unsigned long long)
                0x00000000c00126d2                LogicalDisk::assignDriveLetter()
                0x00000000c0012788                LogicalDisk::mount()
                0x00000000c00127fa                LogicalDisk::unmount()
                0x00000000c001280a                LogicalDisk::unassignDriveLetter()
                0x00000000c0012860                LogicalDisk::read(unsigned long long, int, void*)
                0x00000000c00128cc                LogicalDisk::write(unsigned long long, int, void*)
 .text          0x00000000c0012938       0x84 hal/mouse.32
                0x00000000c0012938                Mouse::Mouse(char const*)
                0x00000000c0012938                Mouse::Mouse(char const*)
                0x00000000c001296e                Mouse::~Mouse()
                0x00000000c001296e                Mouse::~Mouse()
                0x00000000c0012992                Mouse::~Mouse()
 .text          0x00000000c00129bc      0x339 hal/partition.32
                0x00000000c00129bc                makePartition(PhysicalDisk*, unsigned long long, unsigned long long)
                0x00000000c0012a64                createPartitionsForDisk(PhysicalDisk*)
 *fill*         0x00000000c0012cf5        0x1 
 .text          0x00000000c0012cf6      0x2e7 hal/timer.32
                0x00000000c0012cf6                Timer::Timer(char const*)
                0x00000000c0012cf6                Timer::Timer(char const*)
                0x00000000c0012d2c                Timer::~Timer()
                0x00000000c0012d2c                Timer::~Timer()
                0x00000000c0012d50                Timer::~Timer()
                0x00000000c0012d7a                Timer::read()
                0x00000000c0012d85                timerHandler(unsigned long long)
                0x00000000c0012ebc                setupTimer(int)
 *fill*         0x00000000c0012fdd        0x1 
 .text          0x00000000c0012fde      0x2d1 hal/vcache.32
                0x00000000c0012fde                VCache::VCache(PhysicalDisk*)
                0x00000000c0012fde                VCache::VCache(PhysicalDisk*)
                0x00000000c00130ce                VCache::writeWriteBuffer()
                0x00000000c001310a                VCache::~VCache()
                0x00000000c001310a                VCache::~VCache()
                0x00000000c001314a                VCache::~VCache()
                0x00000000c0013172                VCache::write(unsigned long long, int, void*)
                0x00000000c0013256                VCache::read(unsigned long long, int, void*)
 *fill*         0x00000000c00132af        0x1 
 .text          0x00000000c00132b0      0x26d hal/video.32
                0x00000000c00132b0                Video::putrect(int, int, int, int, unsigned int)
                0x00000000c00132fa                Video::blit(unsigned int*, int, int, int, int)
                0x00000000c0013378                Video::clearScreen(unsigned int)
                0x00000000c00133ac                Video::putpixel(int, int, unsigned int)
                0x00000000c00133ba                Video::Video(char const*)
                0x00000000c00133ba                Video::Video(char const*)
                0x00000000c00133f0                Video::~Video()
                0x00000000c00133f0                Video::~Video()
                0x00000000c0013414                Video::~Video()
                0x00000000c001343e                Video::isMonochrome()
                0x00000000c001344a                Video::getWidth()
                0x00000000c0013456                Video::getHeight()
                0x00000000c0013462                Video::drawCursor(int, int, unsigned char*, int)
 *fill*         0x00000000c001351d        0x1 
 .text          0x00000000c001351e      0xd68 hw/acpi.32
                0x00000000c001351e                ACPI::close(int, int, void*)
                0x00000000c00135d7                findRSDP()
                0x00000000c0013661                loadACPITables(unsigned char*)
                0x00000000c0013888                findRSDT(unsigned char*)
                0x00000000c00139a6                findDataTable(unsigned char*, char*)
                0x00000000c0013a42                scanMADT()
                0x00000000c0013dfe                ACPI::ACPI()
                0x00000000c0013dfe                ACPI::ACPI()
                0x00000000c0013e5e                ACPI::getPCIIRQAssignment(unsigned char, unsigned short, unsigned char)
                0x00000000c0013f40                ACPI::registerPCIIRQAssignment(void*, unsigned short, unsigned char, unsigned char)
                0x00000000c0014050                ACPI::setScreenBrightnessLevel(void*, int)
                0x00000000c0014056                ACPI::writeSimpleBootFlag(SimpleBootFlagTable*)
                0x00000000c00140a8                ACPI::open(int, int, void*)
                0x00000000c001426e                ACPI::sleep()
 .text          0x00000000c0014286     0x17ae hw/cpu.32
                0x00000000c0014286                CPU::close(int, int, void*)
                0x00000000c0014289                lookupAMDCPUName(unsigned char, unsigned char)
                0x00000000c001442e                lookupIntelCPUName(unsigned char, unsigned char)
                0x00000000c00146e7                AMD_K6_write_msr(unsigned int, unsigned int, unsigned int, REGS*)
                0x00000000c0014703                AMD_K6_read_msr(unsigned int, REGS*)
                0x00000000c001471b                AMD_K6_writeback(int, int, int)
                0x00000000c001478e                cpuid(int, unsigned long*, unsigned long*, unsigned long*, unsigned long*)
                0x00000000c0014811                cpuidCheckEDX(unsigned int)
                0x00000000c001483e                cpuidCheckECX(unsigned int)
                0x00000000c001486b                cpuidCheckExtendedEBX(unsigned int)
                0x00000000c0014898                cpuidCheckExtendedECX(unsigned int)
                0x00000000c00148c5                getCPUNumber()
                0x00000000c00148c8                thisCPU()
                0x00000000c00148dc                CPU::CPU()
                0x00000000c00148dc                CPU::CPU()
                0x00000000c001496a                CPU::displayFeatures()
                0x00000000c0014be6                CPU::detectFeatures()
                0x00000000c00155bc                CPU::setupSMEP()
                0x00000000c00155d6                CPU::setupUMIP()
                0x00000000c00155ee                CPU::setupTSC()
                0x00000000c0015606                CPU::setupLargePages()
                0x00000000c001561e                CPU::setupPAT()
                0x00000000c001565a                CPU::setupMTRR()
                0x00000000c001565c                CPU::setupGlobalPages()
                0x00000000c0015672                CPU::allowUsermodeDataAccess()
                0x00000000c0015684                CPU::prohibitUsermodeDataAccess()
                0x00000000c0015696                CPU::setupSMAP()
                0x00000000c00156bc                CPU::setupFeatures()
                0x00000000c001575e                CPU::open(int, int, void*)
                0x00000000c0015834                CPU::decodeAddress(regs*, int*, bool*, unsigned char*)
 .text          0x00000000c0015a34        0x0 hw/ports.32
 .text          0x00000000c0015a34      0x354 krnl/panic.32
                0x00000000c0015a34                Krnl::panic(char const*)
 .text          0x00000000c0015d88      0x511 reg/registry.32
                0x00000000c0015d88                Reg::findLineFromLoadedData(char*, char*, char*)
                0x00000000c0015eef                Reg::getLineFromRegistry(char*, char*, char*, char*)
                0x00000000c001604e                Reg::getLine(char*, char*, char*)
                0x00000000c0016085                Reg::readInt(char*, char*, int*)
                0x00000000c001616f                Reg::readString(char*, char*, char*, int)
                0x00000000c00161f0                Reg::readBool(char*, char*, bool*)
                0x00000000c0016215                Reg::readBoolWithDefault(char*, char*, bool)
                0x00000000c0016241                Reg::readIntWithDefault(char*, char*, int)
                0x00000000c001626d                Reg::readStringWithDefault(char*, char*, char*, int, char*)
 .text          0x00000000c0016299       0x18 sys/sc_exit.32
                0x00000000c0016299                Sys::exit(regs*)
 .text          0x00000000c00162b1       0x95 sys/sc_loaddll.32
                0x00000000c00162b1                Sys::loadDLL(regs*)
 .text          0x00000000c0016346       0x68 sys/sc_read.32
                0x00000000c0016346                Sys::read(regs*)
 .text          0x00000000c00163ae       0x55 sys/sc_sbrk.32
                0x00000000c00163ae                Sys::sbrk(regs*)
 .text          0x00000000c0016403       0x83 sys/sc_write.32
                0x00000000c0016403                Sys::write(regs*)
 .text          0x00000000c0016486       0x1a sys/sc_yield.32
                0x00000000c0016486                Sys::yield(regs*)
 .text          0x00000000c00164a0      0xfe6 sys/syscalls.32
                0x00000000c00164a0                sysCallGetPID(regs*)
                0x00000000c00164b0                sysCallSeekDir(regs*)
                0x00000000c00164b5                sysCallTellDir(regs*)
                0x00000000c00164ba                sysCallVerify(regs*)
                0x00000000c00164c4                sysCallFork(regs*)
                0x00000000c00164cb                sysCallExecve(regs*)
                0x00000000c00164d2                sysCallGetArgc(regs*)
                0x00000000c00164e6                sysFormatDisk(regs*)
                0x00000000c0016549                sysSetDiskVolumeLabel(regs*)
                0x00000000c0016591                sysGetDiskVolumeLabel(regs*)
                0x00000000c00165e4                sysShutdown(regs*)
                0x00000000c001665f                sysCallGetCwd(regs*)
                0x00000000c0016685                sysCallSetCwd(regs*)
                0x00000000c00166a7                sysCallRealpath(regs*)
                0x00000000c00166f4                sysCallReadDir(regs*)
                0x00000000c0016787                sysCallIsATTY(regs*)
                0x00000000c00167df                sysCallSeek(regs*)
                0x00000000c0016845                sysCallTell(regs*)
                0x00000000c00168c0                sysCallSizeFromFilename(regs*)
                0x00000000c001696e                sysCallSize(regs*)
                0x00000000c00169ef                sysCallClose(regs*)
                0x00000000c0016a72                sysCallOpenDir(regs*)
                0x00000000c0016add                sysCallMakeDir(regs*)
                0x00000000c0016b38                sysCallCloseDir(regs*)
                0x00000000c0016b99                sysCallWait(regs*)
                0x00000000c0016bba                sysCallRmdir(regs*)
                0x00000000c0016c0d                sysCallUnlink(regs*)
                0x00000000c0016c60                sysCallGetArgv(regs*)
                0x00000000c0016cac                sysCallTTYName(regs*)
                0x00000000c0016d2d                sysCallGetEnv(regs*)
                0x00000000c0016d84                sysCallUSleep(regs*)
                0x00000000c0016dc6                sysCallSpawn(regs*)
                0x00000000c0016e25                sysAppSettings(regs*)
                0x00000000c0016f4a                sysSetFatAttrib(regs*)
                0x00000000c0016fad                sysPanic(regs*)
                0x00000000c0016fd4                sysPipe(regs*)
                0x00000000c0017019                sysGetUnixTime(regs*)
                0x00000000c001702d                string_ends_with(char const*, char const*)
                0x00000000c0017077                sysCallOpen(regs*)
                0x00000000c001728b                setupSystemCalls()
                0x00000000c0017444                systemCall(regs*, void*)
 .text          0x00000000c0017486     0x11c1 thr/elf.32
                0x00000000c0017486                Thr::allocateMemoryForTask(Process*, File*, unsigned long, unsigned long, unsigned long)
                0x00000000c00176fd                Thr::loadProgramIntoMemory(Process*, char const*)
                0x00000000c0017913                Thr::runtimeReferenceHelper()
                0x00000000c0017926                Thr::getAddressOfKernelSymbol(char const*)
                0x00000000c0017975                Thr::loadKernelSymbolTable(char const*)
                0x00000000c0017c36                Thr::loadDriverIntoMemory(char const*, unsigned long, bool)
                0x00000000c00183d4                Thr::getDriverBaseFromAddress(unsigned long)
                0x00000000c0018406                Thr::getDriverNameFromAddress(unsigned long)
                0x00000000c001843d                Thr::getDriverOffsetFromAddress(unsigned long)
                0x00000000c0018457                Thr::loadDLL(char const*, bool)
                0x00000000c001861d                Thr::executeDLL(unsigned long, void*)
 *fill*         0x00000000c0018647        0x1 
 .text          0x00000000c0018648     0x1002 thr/prcssthr.32
                0x00000000c0018648                changeTSS
                0x00000000c0018676                Process::addArgs(char**)
                0x00000000c00186d8                Process::Process(char const*, Process*, char**)
                0x00000000c00186d8                Process::Process(char const*, Process*, char**)
                0x00000000c0018894                Process::Process(bool, char const*, Process*, char**)
                0x00000000c0018894                Process::Process(bool, char const*, Process*, char**)
                0x00000000c0018a1b                disableIRQs()
                0x00000000c0018a28                getIRQNestingLevel()
                0x00000000c0018a2e                enableIRQs()
                0x00000000c0018a3d                lockScheduler()
                0x00000000c0018a3f                unlockScheduler()
                0x00000000c0018a41                userModeEntryPoint(void*)
                0x00000000c0018a64                lockStuff()
                0x00000000c0018a75                taskStartupFunction
                0x00000000c0018a7e                updateTimeUsed()
                0x00000000c0018adc                switchToThread(ThreadControlBlock*)
                0x00000000c0018b32                Semaphore::Semaphore(int)
                0x00000000c0018b32                Semaphore::Semaphore(int)
                0x00000000c0018b60                Mutex::Mutex()
                0x00000000c0018b60                Mutex::Mutex()
                0x00000000c0018b72                Process::createThread(void (*)(void*), void*, int)
                0x00000000c0018c54                Process::createUserThread()
                0x00000000c0018c71                setupMultitasking(void (*)())
                0x00000000c0018d86                schedule()
                0x00000000c0018e0b                unlockStuff()
                0x00000000c0018e40                Semaphore::tryAcquire()
                0x00000000c0018e6e                Semaphore::assertLocked(char const*)
                0x00000000c0018e9e                blockTaskWithSchedulerLockAlreadyHeld(TaskState)
                0x00000000c0018edf                blockTask(TaskState)
                0x00000000c0018f00                waitTask(int, int*, int)
                0x00000000c0018f42                nanoSleepUntil(unsigned long long)
                0x00000000c0018f9b                nanoSleep(unsigned long long)
                0x00000000c0018fb0                sleep(unsigned long long)
                0x00000000c0018fce                Semaphore::acquire()
                0x00000000c0019033                taskReturned
                0x00000000c0019061                unblockTask(ThreadControlBlock*)
                0x00000000c001910e                cleanupTerminatedTask(ThreadControlBlock*)
                0x00000000c00193b7                cleanerTaskFunction(void*)
                0x00000000c001946a                terminateTask(int)
                0x00000000c001954c                Thr::terminateFromIRQ(int)
                0x00000000c001955a                Semaphore::release()
 .text          0x00000000c001964a      0x8bf vm86/vm8086.32
                0x00000000c001964a                Vm::vm8086EntryPoint(void*)
                0x00000000c0019675                Vm::inbv(unsigned short)
                0x00000000c001967b                Vm::outbv(unsigned short, unsigned char)
                0x00000000c0019685                Vm::realToLinear(unsigned short, unsigned short)
                0x00000000c0019695                Vm::getSegment(unsigned int)
                0x00000000c001969d                Vm::getOffset(unsigned int)
                0x00000000c00196a2                Vm::loadFileAsThread(Process*, char const*, unsigned short, unsigned short, unsigned short, unsigned short)
                0x00000000c00197d1                Vm::doISR(regs*, int, unsigned char*, unsigned short, unsigned short)
                0x00000000c001985b                Vm::readByteFromReal(unsigned short, unsigned short)
                0x00000000c001986c                Vm::readWordFromReal(unsigned short, unsigned short)
                0x00000000c001987e                Vm::readDwordFromReal(unsigned short, unsigned short)
                0x00000000c001988f                Vm::writeByteFromReal(unsigned short, unsigned short, unsigned char)
                0x00000000c00198a4                Vm::writeWordFromReal(unsigned short, unsigned short, unsigned short)
                0x00000000c00198ba                Vm::writeDwordFromReal(unsigned short, unsigned short, unsigned int)
                0x00000000c00198cf                Vm::faultHandler(regs*)
 *fill*         0x00000000c0019f09        0x1 
 .text          0x00000000c0019f0a     0x112f fs/fat/vfslink.32
                0x00000000c0019f0a                FAT::getName()
                0x00000000c0019f10                FAT::tell(void*, unsigned long long*)
                0x00000000c0019f44                FAT::stat(void*, unsigned long long*)
                0x00000000c0019f78                FAT::~FAT()
                0x00000000c0019f78                FAT::~FAT()
                0x00000000c0019f9c                FAT::~FAT()
                0x00000000c0019fc4                FAT::getlabel(LogicalDisk*, int, char*, unsigned int*)
                0x00000000c001a062                FAT::setlabel(LogicalDisk*, int, char*)
                0x00000000c001a11c                FAT::format(LogicalDisk*, int, char const*, int)
                0x00000000c001a300                FAT::tryMount(LogicalDisk*, int)
                0x00000000c001a506                FAT::readDir(void*, unsigned long, void*, int*)
                0x00000000c001a60e                FAT::read(void*, unsigned long, void*, int*)
                0x00000000c001a668                FAT::write(void*, unsigned long, void*, int*)
                0x00000000c001a6c2                FAT::close(void*)
                0x00000000c001a70e                FAT::closeDir(void*)
                0x00000000c001a75a                FAT::seek(void*, unsigned long long)
                0x00000000c001a7ae                fatWrapperReadDisk
                0x00000000c001a7f9                fatWrapperWriteDisk
                0x00000000c001a844                fatWrapperIoctl
                0x00000000c001a954                FAT::FAT()
                0x00000000c001a954                FAT::FAT()
                0x00000000c001a9a6                FAT::fixFilepath(char*)
                0x00000000c001a9de                FAT::open(char const*, void**, FileOpenMode)
                0x00000000c001ab0a                FAT::openDir(char const*, void**)
                0x00000000c001abb0                FAT::stat(char const*, unsigned long long*, bool*)
                0x00000000c001ac9c                FAT::unlink(char const*)
                0x00000000c001ad16                FAT::chfatattr(char const*, unsigned char, unsigned char)
                0x00000000c001ae90                FAT::rename(char const*, char const*)
                0x00000000c001af54                FAT::mkdir(char const*)
                0x00000000c001afce                FAT::exists(char const*)
 *fill*         0x00000000c001b039        0x1 
 .text          0x00000000c001b03a      0xbdd fs/iso9660/vfslink.32
                0x00000000c001b03a                ISO9660::format(LogicalDisk*, int, char const*, int)
                0x00000000c001b040                ISO9660::seek(void*, unsigned long long)
                0x00000000c001b070                ISO9660::tell(void*, unsigned long long*)
                0x00000000c001b094                ISO9660::getName()
                0x00000000c001b09a                ISO9660::stat(void*, unsigned long long*)
                0x00000000c001b0be                ISO9660::chfatattr(char const*, unsigned char, unsigned char)
                0x00000000c001b0c4                ISO9660::unlink(char const*)
                0x00000000c001b0ca                ISO9660::write(void*, unsigned long, void*, int*)
                0x00000000c001b0d0                ISO9660::rename(char const*, char const*)
                0x00000000c001b0d6                ISO9660::mkdir(char const*)
                0x00000000c001b0dc                ISO9660::close(void*)
                0x00000000c001b0fe                ISO9660::closeDir(void*)
                0x00000000c001b120                ISO9660::~ISO9660()
                0x00000000c001b120                ISO9660::~ISO9660()
                0x00000000c001b144                ISO9660::~ISO9660()
                0x00000000c001b16b                __memmem(unsigned char*, int, unsigned char*, int)
                0x00000000c001b1ad                readSectorFromCDROM(unsigned int, unsigned char*, char)
                0x00000000c001b214                ISO9660::tryMount(LogicalDisk*, int)
                0x00000000c001b264                ISO9660::read(void*, unsigned long, void*, int*)
                0x00000000c001b4a8                ISO9660::readDir(void*, unsigned long, void*, int*)
                0x00000000c001b733                readRoot(unsigned int*, unsigned int*, char)
                0x00000000c001b788                readRecursively(char*, unsigned int, unsigned int, unsigned int*, unsigned int*, char, int*)
                0x00000000c001b95b                getFileData(char*, unsigned int*, unsigned int*, char, int*)
                0x00000000c001b9ea                ISO9660::open(char const*, void**, FileOpenMode)
                0x00000000c001ba84                ISO9660::exists(char const*)
                0x00000000c001baa8                ISO9660::stat(char const*, unsigned long long*, bool*)
                0x00000000c001bb3c                ISO9660::openDir(char const*, void**)
                0x00000000c001bbf4                ISO9660::ISO9660()
                0x00000000c001bbf4                ISO9660::ISO9660()
 *fill*         0x00000000c001bc17        0x1 
 .text          0x00000000c001bc18      0x248 hal/sound/sndchannel.32
                0x00000000c001bc18                SoundChannel::~SoundChannel()
                0x00000000c001bc18                SoundChannel::~SoundChannel()
                0x00000000c001bc34                SoundChannel::setSpeed(float)
                0x00000000c001bc40                SoundChannel::getSpeed()
                0x00000000c001bc48                SoundChannel::setVolume(int)
                0x00000000c001bc64                SoundChannel::getVolume()
                0x00000000c001bc6c                SoundChannel::pause()
                0x00000000c001bc76                SoundChannel::SoundChannel(int, int, int, int)
                0x00000000c001bc76                SoundChannel::SoundChannel(int, int, int, int)
                0x00000000c001bd70                SoundChannel::play()
                0x00000000c001bd7a                SoundChannel::paused()
                0x00000000c001bd82                SoundChannel::getSampleRate()
                0x00000000c001bd8a                SoundChannel::getBits()
                0x00000000c001bd92                SoundChannel::getBufferUsed()
                0x00000000c001bd9a                SoundChannel::getBufferSize()
                0x00000000c001bda2                SoundChannel::unbuffer(float*, int, int)
                0x00000000c001be14                SoundChannel::buffer8(unsigned char*, int)
 .text          0x00000000c001be60      0x30f hal/sound/sndhw.32
                0x00000000c001be60                SoundDevice::SoundDevice(char const*)
                0x00000000c001be60                SoundDevice::SoundDevice(char const*)
                0x00000000c001becc                SoundDevice::~SoundDevice()
                0x00000000c001becc                SoundDevice::~SoundDevice()
                0x00000000c001bf46                SoundDevice::~SoundDevice()
                0x00000000c001bf70                SoundDevice::getFreeChannelNum()
                0x00000000c001bf8a                SoundDevice::addChannel(SoundChannel*)
                0x00000000c001bffa                SoundDevice::removeChannel(int)
                0x00000000c001c02c                SoundDevice::floatTo8(float*, unsigned char*, int)
                0x00000000c001c098                SoundDevice::getAudio(int, float*, float*)
 .text          0x00000000c001c16f        0x0 hw/bus/isa.32
 *fill*         0x00000000c001c16f        0x1 
 .text          0x00000000c001c170      0x6e9 hw/bus/pci.32
                0x00000000c001c170                PCI::open(int, int, void*)
                0x00000000c001c184                PCI::close(int, int, void*)
                0x00000000c001c188                PCI::PCI()
                0x00000000c001c188                PCI::PCI()
                0x00000000c001c20a                PCI::pciReadWord(unsigned char, unsigned char, unsigned char, unsigned char)
                0x00000000c001c252                PCI::getVendorID(unsigned char, unsigned char, unsigned char)
                0x00000000c001c274                PCI::getHeaderType(unsigned char, unsigned char, unsigned char)
                0x00000000c001c298                PCI::getClassCode(unsigned char, unsigned char, unsigned char)
                0x00000000c001c2dc                PCI::getProgIF(unsigned char, unsigned char, unsigned char)
                0x00000000c001c300                PCI::getRevisionID(unsigned char, unsigned char, unsigned char)
                0x00000000c001c322                PCI::getInterruptNumber(unsigned char, unsigned char, unsigned char)
                0x00000000c001c344                PCI::getSecondaryBus(unsigned char, unsigned char, unsigned char)
                0x00000000c001c368                PCI::getBARAddress(unsigned char, unsigned char, unsigned char, unsigned char)
                0x00000000c001c3c8                PCI::pciWriteWord(unsigned char, unsigned char, unsigned char, unsigned char, unsigned short)
                0x00000000c001c434                PCI::checkBus(unsigned char)
                0x00000000c001c45a                PCI::foundDevice(PCIDeviceInfo)
                0x00000000c001c5ca                PCI::getDeviceData(unsigned char, unsigned char, unsigned char)
                0x00000000c001c79a                PCI::checkDevice(unsigned char, unsigned char)
                0x00000000c001c806                PCI::detect()
 *fill*         0x00000000c001c859        0x1 
 .text          0x00000000c001c85a      0xc84 hw/diskctrl/ide.32
                0x00000000c001c85a                IDE::close(int, int, void*)
                0x00000000c001c85e                IDE::IDE()
                0x00000000c001c85e                IDE::IDE()
                0x00000000c001c892                IDE::prepareInterrupt(unsigned char)
                0x00000000c001c8a4                selectDrive(unsigned char, unsigned char)
                0x00000000c001c8a6                IDE::getBase(unsigned char)
                0x00000000c001c8b8                IDE::write(unsigned char, unsigned char, unsigned char)
                0x00000000c001c978                IDE::read(unsigned char, unsigned char)
                0x00000000c001ca26                IDE::waitInterrupt(unsigned char)
                0x00000000c001ca92                ideChannel0IRQHandler(regs*, void*)
                0x00000000c001caae                ideChannel1IRQHandler(regs*, void*)
                0x00000000c001caca                IDE::enableIRQs(unsigned char, bool)
                0x00000000c001cb10                IDE::open(int, int, void*)
                0x00000000c001cf22                IDE::readBuffer(unsigned char, unsigned char, unsigned int, unsigned int)
                0x00000000c001cfee                IDE::detect()
                0x00000000c001d2d8                IDE::printError(unsigned char, unsigned char, unsigned char)
                0x00000000c001d46e                IDE::polling(unsigned char, unsigned int)
 .text          0x00000000c001d4de      0x64f hw/diskphys/ata.32
                0x00000000c001d4de                ATA::close(int, int, void*)
                0x00000000c001d502                ATA::powerSaving(PowerSavingLevel)
                0x00000000c001d504                ATA::ATA()
                0x00000000c001d504                ATA::ATA()
                0x00000000c001d532                ATA::flush(bool)
                0x00000000c001d57c                ATA::readyForCommand()
                0x00000000c001d5cc                ATA::access(unsigned long long, int, void*, bool)
                0x00000000c001d96e                ATA::read(unsigned long long, int, void*)
                0x00000000c001d9d6                ATA::write(unsigned long long, int, void*)
                0x00000000c001da3e                ATA::detectCHS()
                0x00000000c001da68                ATA::open(int, int, void*)
 *fill*         0x00000000c001db2d        0x1 
 .text          0x00000000c001db2e      0x5ae hw/diskphys/atapi.32
                0x00000000c001db2e                ATAPI::write(unsigned long long, int, void*)
                0x00000000c001db34                ATAPI::close(int, int, void*)
                0x00000000c001db58                ATAPI::ATAPI()
                0x00000000c001db58                ATAPI::ATAPI()
                0x00000000c001db86                ATAPI::readyForCommand()
                0x00000000c001dbd6                ATAPI::sendPacket(unsigned char*, int, bool, unsigned short*, int)
                0x00000000c001de96                ATAPI::diskRemoved()
                0x00000000c001deb2                ATAPI::eject()
                0x00000000c001def8                ATAPI::diskInserted()
                0x00000000c001df26                ATAPI::detectMedia()
                0x00000000c001dfe2                ATAPI::open(int, int, void*)
                0x00000000c001e062                ATAPI::read(unsigned long long, int, void*)
 .text          0x00000000c001e0dc       0x8e hw/fpu/avx.32
                0x00000000c001e0dc                AVX::open(int, int, void*)
                0x00000000c001e0ee                AVX::close(int, int, void*)
                0x00000000c001e100                AVX::available()
                0x00000000c001e112                AVX::save(void*)
                0x00000000c001e12a                AVX::load(void*)
                0x00000000c001e142                AVX::AVX()
                0x00000000c001e142                AVX::AVX()
 .text          0x00000000c001e16a       0x90 hw/fpu/mmx.32
                0x00000000c001e16a                MMX::available()
                0x00000000c001e17e                MMX::open(int, int, void*)
                0x00000000c001e190                MMX::close(int, int, void*)
                0x00000000c001e1a2                MMX::save(void*)
                0x00000000c001e1ba                MMX::load(void*)
                0x00000000c001e1d2                MMX::MMX()
                0x00000000c001e1d2                MMX::MMX()
 .text          0x00000000c001e1fa       0x96 hw/fpu/sse.32
                0x00000000c001e1fa                SSE::open(int, int, void*)
                0x00000000c001e20c                SSE::close(int, int, void*)
                0x00000000c001e21e                SSE::available()
                0x00000000c001e238                SSE::save(void*)
                0x00000000c001e250                SSE::load(void*)
                0x00000000c001e268                SSE::SSE()
                0x00000000c001e268                SSE::SSE()
 .text          0x00000000c001e290       0x8e hw/fpu/x87.32
                0x00000000c001e290                x87::open(int, int, void*)
                0x00000000c001e2a2                x87::close(int, int, void*)
                0x00000000c001e2b4                x87::available()
                0x00000000c001e2c6                x87::save(void*)
                0x00000000c001e2de                x87::load(void*)
                0x00000000c001e2f6                x87::x87()
                0x00000000c001e2f6                x87::x87()
 .text          0x00000000c001e31e      0x63b hw/intctrl/apic.32
                0x00000000c001e31e                APIC::disable()
                0x00000000c001e320                APIC::close(int, int, void*)
                0x00000000c001e342                IOAPIC::close(int, int, void*)
                0x00000000c001e348                APIC::io_wait()
                0x00000000c001e34e                APIC::getBase()
                0x00000000c001e390                APIC::eoi(unsigned char)
                0x00000000c001e3be                APIC::open(int, int, void*)
                0x00000000c001e488                IOAPIC::IOAPIC()
                0x00000000c001e488                IOAPIC::IOAPIC()
                0x00000000c001e4b0                APIC::APIC()
                0x00000000c001e4b0                APIC::APIC()
                0x00000000c001e58c                IOAPIC::handlesGSIWithNumber(unsigned int)
                0x00000000c001e5be                IOAPIC::read(int)
                0x00000000c001e5e6                IOAPIC::open(int, int, void*)
                0x00000000c001e6ee                IOAPIC::write(int, int)
                0x00000000c001e71a                IOAPIC::redirect(unsigned char, unsigned long long, unsigned char)
                0x00000000c001e7e0                APIC::installIRQHandler(int, void (*)(regs*, void*), bool, void*)
 *fill*         0x00000000c001e959        0x1 
 .text          0x00000000c001e95a      0x3f3 hw/intctrl/pic.32
                0x00000000c001e95a                PIC::disable()
                0x00000000c001e988                PIC::close(int, int, void*)
                0x00000000c001e9aa                PIC::PIC()
                0x00000000c001e9aa                PIC::PIC()
                0x00000000c001ea86                PIC::ioWait()
                0x00000000c001ea8c                PIC::getIRQReg(int)
                0x00000000c001eafe                PIC::eoi(unsigned char)
                0x00000000c001eb96                PIC::remap()
                0x00000000c001ed0e                PIC::open(int, int, void*)
 *fill*         0x00000000c001ed4d        0x1 
 .text          0x00000000c001ed4e      0x264 hw/timer/apictimer.32
                0x00000000c001ed4e                APICTimer::close(int, int, void*)
                0x00000000c001ed54                apicTimerHandler(regs*, void*)
                0x00000000c001ed86                APICTimer::write(int)
                0x00000000c001ee84                APICTimer::open(int, int, void*)
                0x00000000c001ef8a                APICTimer::APICTimer()
                0x00000000c001ef8a                APICTimer::APICTimer()
 .text          0x00000000c001efb2      0x1b6 hw/timer/pit.32
                0x00000000c001efb2                PIT::write(int)
                0x00000000c001f038                pitHandler(regs*, void*)
                0x00000000c001f068                PIT::open(int, int, void*)
                0x00000000c001f0b6                PIT::close(int, int, void*)
                0x00000000c001f0e6                PIT::PIT()
                0x00000000c001f0e6                PIT::PIT()
 *fill*         0x00000000c001f168        0x8 
 .text          0x00000000c001f170        0xa hw/fpu/x86/avx.32
                0x00000000c001f170                avxDetect
                0x00000000c001f176                avxSave
                0x00000000c001f177                avxLoad
                0x00000000c001f178                avxInit
                0x00000000c001f179                avxClose
 *fill*         0x00000000c001f17a        0x6 
 .text          0x00000000c001f180       0x38 hw/fpu/x86/sse.32
                0x00000000c001f180                sseDetect
                0x00000000c001f19b                sseSave
                0x00000000c001f1a1                sseLoad
                0x00000000c001f1a7                sseInit
                0x00000000c001f1b7                sseClose
 *fill*         0x00000000c001f1b8        0x8 
 .text          0x00000000c001f1c0       0x47 hw/fpu/x86/x87.32
                0x00000000c001f1c6                x87Detect
                0x00000000c001f1e1                x87Save
                0x00000000c001f1e7                x87Load
                0x00000000c001f1ec                x87Init
                0x00000000c001f206                x87Close
 *fill*         0x00000000c001f207        0x1 
 .text          0x00000000c001f208       0x25 /cygdrive/d/Users/Alex/Desktop/Toolchain/Output/bin/../lib/gcc/i386-banana/8.1.0/crtend.o
 .text          0x00000000c001f22d        0x0 crtn.32
 *fill*         0x00000000c001f22d        0x3 
 .text          0x00000000c001f230      0x14b /cygdrive/d/Users/Alex/Desktop/Toolchain/Output/bin/../lib/gcc/i386-banana/8.1.0/libgcc.a(_divdi3.o)
                0x00000000c001f230                __divdi3
 *fill*         0x00000000c001f37b        0x1 
 .text          0x00000000c001f37c      0x17e /cygdrive/d/Users/Alex/Desktop/Toolchain/Output/bin/../lib/gcc/i386-banana/8.1.0/libgcc.a(_moddi3.o)
                0x00000000c001f37c                __moddi3
 *fill*         0x00000000c001f4fa        0x2 
 .text          0x00000000c001f4fc       0xff /cygdrive/d/Users/Alex/Desktop/Toolchain/Output/bin/../lib/gcc/i386-banana/8.1.0/libgcc.a(_udivdi3.o)
                0x00000000c001f4fc                __udivdi3
 *fill*         0x00000000c001f5fb        0x1 
 .text          0x00000000c001f5fc      0x11a /cygdrive/d/Users/Alex/Desktop/Toolchain/Output/bin/../lib/gcc/i386-banana/8.1.0/libgcc.a(_umoddi3.o)
                0x00000000c001f5fc                __umoddi3
 *fill*         0x00000000c001f716        0xa 
 .text          0x00000000c001f720       0x1e D:/Users/Alex/Desktop/Banana/kernel/libk/libm32.a(s_fabs.c.o)
                0x00000000c001f720                fabs
 *fill*         0x00000000c001f73e        0x2 
 .text          0x00000000c001f740        0xc D:/Users/Alex/Desktop/Banana/kernel/libk/libm32.a(s_lrint.S.o)
                0x00000000c001f740                lrint
 .text          0x00000000c001f74c        0xc D:/Users/Alex/Desktop/Banana/kernel/libk/libm32.a(s_lrintf.S.o)
                0x00000000c001f74c                lrintf
 *(.gnu.linkonce.t*)

.iplt           0x00000000c001f758        0x0
 .iplt          0x00000000c001f758        0x0 D:/Users/Alex/Desktop/Banana/kernel/boot.32

.init           0x00000000c001f758        0xf
 .init          0x00000000c001f758        0x3 crti.32
                0x00000000c001f758                _init
 .init          0x00000000c001f75b        0x5 /cygdrive/d/Users/Alex/Desktop/Toolchain/Output/bin/../lib/gcc/i386-banana/8.1.0/crtbegin.o
 .init          0x00000000c001f760        0x5 /cygdrive/d/Users/Alex/Desktop/Toolchain/Output/bin/../lib/gcc/i386-banana/8.1.0/crtend.o
 .init          0x00000000c001f765        0x2 crtn.32

.fini           0x00000000c001f767        0xa
 .fini          0x00000000c001f767        0x3 crti.32
                0x00000000c001f767                _fini
 .fini          0x00000000c001f76a        0x5 /cygdrive/d/Users/Alex/Desktop/Toolchain/Output/bin/../lib/gcc/i386-banana/8.1.0/crtbegin.o
 .fini          0x00000000c001f76f        0x2 crtn.32

.text._ZN8ComputerD2Ev
                0x00000000c001f772       0x23
 .text._ZN8ComputerD2Ev
                0x00000000c001f772       0x23 core/computer.32
                0x00000000c001f772                Computer::~Computer()
                0x00000000c001f772                Computer::~Computer()

.text._ZN8ComputerD0Ev
                0x00000000c001f796       0x2a
 .text._ZN8ComputerD0Ev
                0x00000000c001f796       0x2a core/computer.32
                0x00000000c001f796                Computer::~Computer()

.text._Z10idleCommonv
                0x00000000c001f7c0       0x15
 .text._Z10idleCommonv
                0x00000000c001f7c0       0x15 core/idle.32
                0x00000000c001f7c0                idleCommon()

.text._ZN3CPU7readCR3Ev
                0x00000000c001f7d5       0x12
 .text._ZN3CPU7readCR3Ev
                0x00000000c001f7d5       0x12 core/kheap.32
                0x00000000c001f7d5                CPU::readCR3()

.text._ZN3CPU8writeCR3Em
                0x00000000c001f7e7        0x9
 .text._ZN3CPU8writeCR3Em
                0x00000000c001f7e7        0x9 core/kheap.32
                0x00000000c001f7e7                CPU::writeCR3(unsigned long)

.text._ZN10LinkedListI8UnixFileED2Ev
                0x00000000c001f7f0        0x2
 .text._ZN10LinkedListI8UnixFileED2Ev
                0x00000000c001f7f0        0x2 core/unixfile.32
                0x00000000c001f7f0                LinkedList<UnixFile>::~LinkedList()
                0x00000000c001f7f0                LinkedList<UnixFile>::~LinkedList()

.text._ZN10LinkedListI8UnixFileEC2Ev
                0x00000000c001f7f2       0x58
 .text._ZN10LinkedListI8UnixFileEC2Ev
                0x00000000c001f7f2       0x58 core/unixfile.32
                0x00000000c001f7f2                LinkedList<UnixFile>::LinkedList()
                0x00000000c001f7f2                LinkedList<UnixFile>::LinkedList()

.text._ZN10LinkedListI8UnixFileE10addElementEPS0_
                0x00000000c001f84a       0xd3
 .text._ZN10LinkedListI8UnixFileE10addElementEPS0_
                0x00000000c001f84a       0xd3 core/unixfile.32
                0x00000000c001f84a                LinkedList<UnixFile>::addElement(UnixFile*)

.text._ZN10LinkedListI8UnixFileE15getFirstElementEv
                0x00000000c001f91e        0x7
 .text._ZN10LinkedListI8UnixFileE15getFirstElementEv
                0x00000000c001f91e        0x7 core/unixfile.32
                0x00000000c001f91e                LinkedList<UnixFile>::getFirstElement()

.text._ZN10LinkedListI8UnixFileE11removeFirstEv
                0x00000000c001f926       0xa1
 .text._ZN10LinkedListI8UnixFileE11removeFirstEv
                0x00000000c001f926       0xa1 core/unixfile.32
                0x00000000c001f926                LinkedList<UnixFile>::removeFirst()

.text._ZN10LinkedListI8UnixFileE7getNextEPS0_
                0x00000000c001f9c8        0x8
 .text._ZN10LinkedListI8UnixFileE7getNextEPS0_
                0x00000000c001f9c8        0x8 core/unixfile.32
                0x00000000c001f9c8                LinkedList<UnixFile>::getNext(UnixFile*)

.text._ZN16DriverlessDeviceD2Ev
                0x00000000c001f9d0       0x1a
 .text._ZN16DriverlessDeviceD2Ev
                0x00000000c001f9d0       0x1a hal/device.32
                0x00000000c001f9d0                DriverlessDevice::~DriverlessDevice()
                0x00000000c001f9d0                DriverlessDevice::~DriverlessDevice()

.text._ZN16DriverlessDeviceD0Ev
                0x00000000c001f9ea       0x2a
 .text._ZN16DriverlessDeviceD0Ev
                0x00000000c001f9ea       0x2a hal/device.32
                0x00000000c001f9ea                DriverlessDevice::~DriverlessDevice()

.text._ZN10LinkedListI6DeviceE10addElementEPS0_
                0x00000000c001fa14       0xdc
 .text._ZN10LinkedListI6DeviceE10addElementEPS0_
                0x00000000c001fa14       0xdc hal/device.32
                0x00000000c001fa14                LinkedList<Device>::addElement(Device*)

.text._ZN10LinkedListI6DeviceEC2Ev
                0x00000000c001faf0       0x58
 .text._ZN10LinkedListI6DeviceEC2Ev
                0x00000000c001faf0       0x58 hal/device.32
                0x00000000c001faf0                LinkedList<Device>::LinkedList()
                0x00000000c001faf0                LinkedList<Device>::LinkedList()

.text._ZN3CPU7readCR0Ev
                0x00000000c001fb48       0x12
 .text._ZN3CPU7readCR0Ev
                0x00000000c001fb48       0x12 hal/fpu.32
                0x00000000c001fb48                CPU::readCR0()

.text._ZN3CPU8writeCR0Em
                0x00000000c001fb5a        0x9
 .text._ZN3CPU8writeCR0Em
                0x00000000c001fb5a        0x9 hal/fpu.32
                0x00000000c001fb5a                CPU::writeCR0(unsigned long)

.text._ZN3CPU7readDR0Ev
                0x00000000c001fb63       0x12
 .text._ZN3CPU7readDR0Ev
                0x00000000c001fb63       0x12 hal/intctrl.32
                0x00000000c001fb63                CPU::readDR0()

.text._ZN3CPU7readDR1Ev
                0x00000000c001fb75       0x12
 .text._ZN3CPU7readDR1Ev
                0x00000000c001fb75       0x12 hal/intctrl.32
                0x00000000c001fb75                CPU::readDR1()

.text._ZN3CPU7readDR2Ev
                0x00000000c001fb87       0x12
 .text._ZN3CPU7readDR2Ev
                0x00000000c001fb87       0x12 hal/intctrl.32
                0x00000000c001fb87                CPU::readDR2()

.text._ZN3CPU7readDR3Ev
                0x00000000c001fb99       0x12
 .text._ZN3CPU7readDR3Ev
                0x00000000c001fb99       0x12 hal/intctrl.32
                0x00000000c001fb99                CPU::readDR3()

.text._ZN3CPU7readDR6Ev
                0x00000000c001fbab       0x12
 .text._ZN3CPU7readDR6Ev
                0x00000000c001fbab       0x12 hal/intctrl.32
                0x00000000c001fbab                CPU::readDR6()

.text._ZN3CPU7readDR7Ev
                0x00000000c001fbbd       0x12
 .text._ZN3CPU7readDR7Ev
                0x00000000c001fbbd       0x12 hal/intctrl.32
                0x00000000c001fbbd                CPU::readDR7()

.text._ZN10LinkedListIV18ThreadControlBlockE15getFirstElementEv
                0x00000000c001fbd0        0x7
 .text._ZN10LinkedListIV18ThreadControlBlockE15getFirstElementEv
                0x00000000c001fbd0        0x7 hal/timer.32
                0x00000000c001fbd0                LinkedList<ThreadControlBlock volatile>::getFirstElement()

.text._ZN10LinkedListIV18ThreadControlBlockE7isEmptyEv
                0x00000000c001fbd8       0x1c
 .text._ZN10LinkedListIV18ThreadControlBlockE7isEmptyEv
                0x00000000c001fbd8       0x1c hal/timer.32
                0x00000000c001fbd8                LinkedList<ThreadControlBlock volatile>::isEmpty()

.text._ZN10LinkedListIV18ThreadControlBlockE11removeFirstEv
                0x00000000c001fbf4       0xae
 .text._ZN10LinkedListIV18ThreadControlBlockE11removeFirstEv
                0x00000000c001fbf4       0xae hal/timer.32
                0x00000000c001fbf4                LinkedList<ThreadControlBlock volatile>::removeFirst()

.text._ZN10LinkedListIV18ThreadControlBlockE10addElementEPS1_
                0x00000000c001fca2       0xd3
 .text._ZN10LinkedListIV18ThreadControlBlockE10addElementEPS1_
                0x00000000c001fca2       0xd3 hal/timer.32
                0x00000000c001fca2                LinkedList<ThreadControlBlock volatile>::addElement(ThreadControlBlock volatile*)

.text._ZN4ACPID2Ev
                0x00000000c001fd76       0x23
 .text._ZN4ACPID2Ev
                0x00000000c001fd76       0x23 hw/acpi.32
                0x00000000c001fd76                ACPI::~ACPI()
                0x00000000c001fd76                ACPI::~ACPI()

.text._ZN4ACPID0Ev
                0x00000000c001fd9a       0x2a
 .text._ZN4ACPID0Ev
                0x00000000c001fd9a       0x2a hw/acpi.32
                0x00000000c001fd9a                ACPI::~ACPI()

.text._ZN3CPUD2Ev
                0x00000000c001fdc4       0x23
 .text._ZN3CPUD2Ev
                0x00000000c001fdc4       0x23 hw/cpu.32
                0x00000000c001fdc4                CPU::~CPU()
                0x00000000c001fdc4                CPU::~CPU()

.text._ZN3CPUD0Ev
                0x00000000c001fde8       0x2a
 .text._ZN3CPUD0Ev
                0x00000000c001fde8       0x2a hw/cpu.32
                0x00000000c001fde8                CPU::~CPU()

.text._ZN3CPU7readCR4Ev
                0x00000000c001fe12       0x12
 .text._ZN3CPU7readCR4Ev
                0x00000000c001fe12       0x12 hw/cpu.32
                0x00000000c001fe12                CPU::readCR4()

.text._ZN3CPU8writeDR7Em
                0x00000000c001fe24        0x9
 .text._ZN3CPU8writeDR7Em
                0x00000000c001fe24        0x9 hw/cpu.32
                0x00000000c001fe24                CPU::writeDR7(unsigned long)

.text._ZN3CPU8writeCR4Em
                0x00000000c001fe2d        0x9
 .text._ZN3CPU8writeCR4Em
                0x00000000c001fe2d        0x9 hw/cpu.32
                0x00000000c001fe2d                CPU::writeCR4(unsigned long)

.text._ZN3CPU7readCR2Ev
                0x00000000c001fe36       0x12
 .text._ZN3CPU7readCR2Ev
                0x00000000c001fe36       0x12 krnl/panic.32
                0x00000000c001fe36                CPU::readCR2()

.text._ZN10LinkedListIV18ThreadControlBlockED2Ev
                0x00000000c001fe48        0x2
 .text._ZN10LinkedListIV18ThreadControlBlockED2Ev
                0x00000000c001fe48        0x2 thr/prcssthr.32
                0x00000000c001fe48                LinkedList<ThreadControlBlock volatile>::~LinkedList()
                0x00000000c001fe48                LinkedList<ThreadControlBlock volatile>::~LinkedList()

.text._ZN18ThreadControlBlockC2Ev
                0x00000000c001fe4a       0x3e
 .text._ZN18ThreadControlBlockC2Ev
                0x00000000c001fe4a       0x3e thr/prcssthr.32
                0x00000000c001fe4a                ThreadControlBlock::ThreadControlBlock()
                0x00000000c001fe4a                ThreadControlBlock::ThreadControlBlock()

.text._ZN10LinkedListIV18ThreadControlBlockEC2Ev
                0x00000000c001fe88       0x58
 .text._ZN10LinkedListIV18ThreadControlBlockEC2Ev
                0x00000000c001fe88       0x58 thr/prcssthr.32
                0x00000000c001fe88                LinkedList<ThreadControlBlock volatile>::LinkedList()
                0x00000000c001fe88                LinkedList<ThreadControlBlock volatile>::LinkedList()

.text._ZN10LinkedListIV18ThreadControlBlockE7getNextEPS1_
                0x00000000c001fee0        0x8
 .text._ZN10LinkedListIV18ThreadControlBlockE7getNextEPS1_
                0x00000000c001fee0        0x8 thr/prcssthr.32
                0x00000000c001fee0                LinkedList<ThreadControlBlock volatile>::getNext(ThreadControlBlock volatile*)

.text._ZN3PCID2Ev
                0x00000000c001fee8       0x23
 .text._ZN3PCID2Ev
                0x00000000c001fee8       0x23 hw/bus/pci.32
                0x00000000c001fee8                PCI::~PCI()
                0x00000000c001fee8                PCI::~PCI()

.text._ZN3PCID0Ev