Archive member included to satisfy reference by file (symbol)

/cygdrive/d/Users/Alex/Desktop/Toolchain/Output/bin/../lib/gcc/i386-banana/8.1.0/libkgcc.a(_divdi3.o)
                              krnl/resolve.32 (__divdi3)
/cygdrive/d/Users/Alex/Desktop/Toolchain/Output/bin/../lib/gcc/i386-banana/8.1.0/libkgcc.a(_moddi3.o)
                              krnl/resolve.32 (__moddi3)
/cygdrive/d/Users/Alex/Desktop/Toolchain/Output/bin/../lib/gcc/i386-banana/8.1.0/libkgcc.a(_udivdi3.o)
                              hal/clock.32 (__udivdi3)
/cygdrive/d/Users/Alex/Desktop/Toolchain/Output/bin/../lib/gcc/i386-banana/8.1.0/libkgcc.a(_umoddi3.o)
                              hal/clock.32 (__umoddi3)

Allocating common symbols
Common symbol       size              file

dcache              0x40              fs/iso9660/iso9660.32
cdDriveLetter       0x1               fs/iso9660/iso9660.32
icache              0x40              fs/iso9660/iso9660.32

Discarded input sections

 .comment       0x0000000000000000       0x12 /cygdrive/d/Users/Alex/Desktop/Toolchain/Output/bin/../lib/gcc/i386-banana/8.1.0/crtbegin.o
 .comment       0x0000000000000000       0x12 acpica/utclib.32
 .comment       0x0000000000000000       0x12 krnl/malloc.32
 .comment       0x0000000000000000       0x12 libk/ctype.32
 .comment       0x0000000000000000       0x12 libk/string.32
 .comment       0x0000000000000000       0x12 arch/i386/cc.32
 .comment       0x0000000000000000       0x12 fs/fat/diskio.32
 .comment       0x0000000000000000       0x12 fs/fat/ff.32
 .comment       0x0000000000000000       0x12 fs/fat/ffsystem.32
 .comment       0x0000000000000000       0x12 fs/fat/ffunicode.32
 .comment       0x0000000000000000       0x12 fs/iso9660/iso9660.32
 .comment       0x0000000000000000       0x12 dbg/kconsole.32
 .comment       0x0000000000000000       0x12 dbg/usban.32
 .comment       0x0000000000000000       0x12 fs/symlink.32
 .group         0x0000000000000000        0xc fs/vfs.32
 .group         0x0000000000000000        0xc fs/vfs.32
 .group         0x0000000000000000        0xc fs/vfs.32
 .comment       0x0000000000000000       0x12 fs/vfs.32
 .group         0x0000000000000000        0xc hal/bus.32
 .comment       0x0000000000000000       0x12 hal/bus.32
 .comment       0x0000000000000000       0x12 hal/buzzer.32
 .group         0x0000000000000000        0xc hal/clock.32
 .comment       0x0000000000000000       0x12 hal/clock.32
 .group         0x0000000000000000       0x14 hal/device.32
 .group         0x0000000000000000        0xc hal/device.32
 .group         0x0000000000000000        0x8 hal/device.32
 .group         0x0000000000000000        0xc hal/device.32
 .group         0x0000000000000000        0xc hal/device.32
 .comment       0x0000000000000000       0x12 hal/device.32
 .group         0x0000000000000000        0xc hal/diskctrl.32
 .comment       0x0000000000000000       0x12 hal/diskctrl.32
 .group         0x0000000000000000        0xc hal/diskphys.32
 .comment       0x0000000000000000       0x12 hal/diskphys.32
 .comment       0x0000000000000000       0x12 hal/fpu.32
 .comment       0x0000000000000000       0x12 hal/intctrl.32
 .group         0x0000000000000000        0xc hal/keybrd.32
 .comment       0x0000000000000000       0x12 hal/keybrd.32
 .group         0x0000000000000000        0xc hal/logidisk.32
 .comment       0x0000000000000000       0x12 hal/logidisk.32
 .group         0x0000000000000000        0xc hal/mouse.32
 .comment       0x0000000000000000       0x12 hal/mouse.32
 .group         0x0000000000000000        0xc hal/nic.32
 .comment       0x0000000000000000       0x12 hal/nic.32
 .comment       0x0000000000000000       0x12 hal/partition.32
 .group         0x0000000000000000        0xc hal/serial.32
 .comment       0x0000000000000000       0x12 hal/serial.32
 .group         0x0000000000000000        0x8 hal/timer.32
 .group         0x0000000000000000        0x8 hal/timer.32
 .group         0x0000000000000000        0xc hal/timer.32
 .group         0x0000000000000000        0xc hal/timer.32
 .group         0x0000000000000000        0xc hal/timer.32
 .comment       0x0000000000000000       0x12 hal/timer.32
 .group         0x0000000000000000        0xc hal/vcache.32
 .comment       0x0000000000000000       0x12 hal/vcache.32
 .group         0x0000000000000000        0xc hal/video.32
 .comment       0x0000000000000000       0x12 hal/video.32
 .group         0x0000000000000000       0x14 hw/acpi.32
 .group         0x0000000000000000        0x8 hw/acpi.32
 .group         0x0000000000000000        0x8 hw/acpi.32
 .group         0x0000000000000000        0x8 hw/acpi.32
 .group         0x0000000000000000        0xc hw/acpi.32
 .group         0x0000000000000000        0xc hw/acpi.32
 .comment       0x0000000000000000       0x12 hw/acpi.32
 .group         0x0000000000000000       0x14 hw/cpu.32
 .group         0x0000000000000000        0xc hw/cpu.32
 .comment       0x0000000000000000       0x12 hw/cpu.32
[...]
Memory Configuration

Name             Origin             Length             Attributes
*default*        0x0000000000000000 0xffffffffffffffff

Linker script and memory map

LOAD D:/Users/Alex/Desktop/Banana/kernel/boot.32
LOAD crti.32
LOAD /cygdrive/d/Users/Alex/Desktop/Toolchain/Output/bin/../lib/gcc/i386-banana/8.1.0/crtbegin.o
LOAD D:/Users/Alex/Desktop/Banana/kernel/morenasm.32
LOAD acpica/utclib.32
LOAD krnl/malloc.32
LOAD libk/ctype.32
LOAD libk/string.32
LOAD arch/i386/cc.32
LOAD fs/fat/diskio.32
LOAD fs/fat/ff.32
LOAD fs/fat/ffsystem.32
LOAD fs/fat/ffunicode.32
LOAD fs/iso9660/iso9660.32
LOAD dbg/kconsole.32
LOAD dbg/usban.32
LOAD fs/symlink.32
LOAD fs/vfs.32
LOAD hal/bus.32
LOAD hal/buzzer.32
LOAD hal/clock.32
LOAD hal/device.32
LOAD hal/diskctrl.32
LOAD hal/diskphys.32
LOAD hal/fpu.32
LOAD hal/intctrl.32
LOAD hal/keybrd.32
LOAD hal/logidisk.32
LOAD hal/mouse.32
LOAD hal/nic.32
LOAD hal/partition.32
LOAD hal/serial.32
LOAD hal/timer.32
LOAD hal/vcache.32
LOAD hal/video.32
LOAD hw/acpi.32
LOAD hw/cpu.32
LOAD krnl/atexit.32
LOAD krnl/bootmsg.32
LOAD krnl/c++.32
LOAD krnl/cdefs.32
LOAD krnl/cm.32
LOAD krnl/compat.32
LOAD krnl/computer.32
LOAD krnl/crc32.32
LOAD krnl/env.32
LOAD krnl/gdt.32
LOAD krnl/idle.32
LOAD krnl/idt.32
LOAD krnl/inlines.32
LOAD krnl/kheap.32
LOAD krnl/mailbox.32
LOAD krnl/main.32
LOAD krnl/mutex.32
LOAD krnl/panic.32
LOAD krnl/physmgr.32
LOAD krnl/pipe.32
LOAD krnl/powctrl.32
LOAD krnl/random.32
LOAD krnl/resolve.32
LOAD krnl/semaphore.32
LOAD krnl/signal.32
LOAD krnl/syscalls.32
LOAD krnl/terminal.32
LOAD krnl/tss.32
LOAD krnl/unixfile.32
LOAD krnl/virtmgr.32
LOAD sys/eject.32
LOAD sys/exit.32
LOAD sys/getcwd.32
LOAD sys/getpid.32
LOAD sys/getramdata.32
LOAD sys/getvgaptr.32
LOAD sys/kill.32
LOAD sys/loaddll.32
LOAD sys/read.32
LOAD sys/registersignal.32
LOAD sys/registry.32
LOAD sys/sbrk.32
LOAD sys/setcwd.32
LOAD sys/settime.32
LOAD sys/symlink.32
LOAD sys/timezone.32
LOAD sys/truncate.32
LOAD sys/write.32
LOAD sys/wsbe.32
LOAD sys/yield.32
LOAD thr/elf.32
LOAD thr/exec.32
LOAD thr/prcssthr.32
LOAD vm86/vm8086.32
LOAD arch/i386/hal.32
LOAD arch/i386/pic.32
LOAD arch/i386/rtc.32
LOAD arch/i386/vga.32
LOAD fs/fat/vfslink.32
LOAD fs/iso9660/helper.32
LOAD fs/iso9660/vfslink.32
LOAD hal/sound/sndcard.32
LOAD hal/sound/sndport.32
LOAD hw/bus/isa.32
LOAD hw/bus/pci.32
LOAD hw/diskctrl/ide.32
LOAD hw/diskctrl/satabus.32
LOAD hw/diskphys/ata.32
LOAD hw/diskphys/atapi.32
LOAD hw/diskphys/sata.32
LOAD hw/diskphys/satapi.32
LOAD hw/intctrl/apic.32
LOAD hw/timer/apictimer.32
LOAD hw/timer/pit.32
LOAD arch/i386/avx.32
LOAD arch/i386/interrupt.32
LOAD arch/i386/rdrand.32
LOAD arch/i386/sse.32
LOAD arch/i386/x87.32
LOAD /cygdrive/d/Users/Alex/Desktop/Toolchain/Output/bin/../lib/gcc/i386-banana/8.1.0/crtend.o
LOAD crtn.32
LOAD /cygdrive/d/Users/Alex/Desktop/Toolchain/Output/bin/../lib/gcc/i386-banana/8.1.0/libkgcc.a
LOAD D:/Users/Alex/Desktop/Banana/kernel/libsoftfp.a
LOAD D:/Users/Alex/Desktop/Banana/kernel/libk/libm32.a
                0x00000000c0000000                . = 0xc0000000

.text           0x00000000c0000000    0x1ff3a
 *(.text)
 .text          0x00000000c0000000       0x20 D:/Users/Alex/Desktop/Banana/kernel/boot.32
 .text          0x00000000c0000020        0x0 crti.32
 .text          0x00000000c0000020      0x101 /cygdrive/d/Users/Alex/Desktop/Toolchain/Output/bin/../lib/gcc/i386-banana/8.1.0/crtbegin.o
 *fill*         0x00000000c0000121        0xf 
 .text          0x00000000c0000130      0x24f D:/Users/Alex/Desktop/Banana/kernel/morenasm.32
                0x00000000c0000130                manualPCIProbe
                0x00000000c000017b                prepareTramp
                0x00000000c0000194                doTPAUSE
                0x00000000c000019e                hasLegacyFPU
                0x00000000c00001c3                is486
                0x00000000c00001f9                detectCPUID
                0x00000000c000020f                goToVM86
                0x00000000c000023f                goToUsermode
                0x00000000c0000269                switchToThreadASMFirstTime
                0x00000000c0000277                switchToThreadASM
                0x00000000c00002fc                asmQuickAcquireLock
                0x00000000c000031a                asmQuickReleaseLock
                0x00000000c0000326                asmAcquireLock
                0x00000000c0000347                asmReleaseLock
                0x00000000c000035a                loadGDT
                0x00000000c000037a                memcpy
 *fill*         0x00000000c000037f        0x1 
 .text          0x00000000c0000380      0x868 acpica/utclib.32
                0x00000000c0000380                memcmp
                0x00000000c00003d0                memmove
                0x00000000c00004f0                memset
                0x00000000c0000570                strlen
                0x00000000c00005a0                strpbrk
                0x00000000c00005f0                strtok
                0x00000000c0000640                strcpy
                0x00000000c0000680                strncpy
                0x00000000c0000750                strcmp
                0x00000000c00007a0                strchr
                0x00000000c00007e0                strncmp
                0x00000000c0000840                strcat
                0x00000000c0000870                strncat
                0x00000000c00008d0                strstr
                0x00000000c0000930                toupper
                0x00000000c0000950                tolower
                0x00000000c0000970                simple_strtoul
 .text          0x00000000c0000be8     0x1140 krnl/malloc.32
                0x00000000c0000d53                dlfree
                0x00000000c000121a                dlmalloc
                0x00000000c0001757                dlrealloc
                0x00000000c0001934                dlmemalign
                0x00000000c0001a57                dlcalloc
                0x00000000c0001ae8                dlcfree
                0x00000000c0001aed                dlindependent_calloc
                0x00000000c0001b12                dlindependent_comalloc
                0x00000000c0001b29                dlvalloc
                0x00000000c0001b54                dlpvalloc
                0x00000000c0001b8a                dlmalloc_trim
                0x00000000c0001b97                dlmalloc_usable_size
                0x00000000c0001bc8                dlmallinfo
                0x00000000c0001c97                dlmalloc_stats
                0x00000000c0001ca8                dlmallopt
 .text          0x00000000c0001d28      0x1f2 libk/ctype.32
                0x00000000c0001d28                isblank
                0x00000000c0001d48                iscntrl
                0x00000000c0001d68                isdigit
                0x00000000c0001d84                islower
                0x00000000c0001da0                isspace
                0x00000000c0001dc8                isupper
                0x00000000c0001de4                isalpha
                0x00000000c0001e14                isalnum
                0x00000000c0001e44                ispunct
                0x00000000c0001e84                isgraph
                0x00000000c0001eb4                isprint
                0x00000000c0001edc                isxdigit
 .text          0x00000000c0001f1a        0x0 libk/string.32
 *fill*         0x00000000c0001f1a        0x2 
 .text          0x00000000c0001f1c       0x53 arch/i386/cc.32
                0x00000000c0001f1c                LWIP_PLATFORM_HTONS
                0x00000000c0001f40                LWIP_PLATFORM_HTONL
 .text          0x00000000c0001f6f       0x51 fs/fat/diskio.32
                0x00000000c0001f6f                disk_status
                0x00000000c0001f72                disk_initialize
                0x00000000c0001f75                disk_read
                0x00000000c0001f8b                disk_write
                0x00000000c0001fa1                disk_ioctl
 .text          0x00000000c0001fc0     0x3e46 fs/fat/ff.32
                0x00000000c0003de1                f_mount
                0x00000000c0003e43                f_open
                0x00000000c0004106                f_read
                0x00000000c0004305                f_write
                0x00000000c000454d                f_sync
                0x00000000c0004612                f_close
                0x00000000c0004641                f_lseek
                0x00000000c00047f2                f_opendir
                0x00000000c00048bd                f_closedir
                0x00000000c00048df                f_readdir
                0x00000000c0004971                f_stat
                0x00000000c00049f0                f_getfree
                0x00000000c0004af9                f_truncate
                0x00000000c0004be3                f_unlink
                0x00000000c0004d05                f_mkdir
                0x00000000c0004ea0                f_rename
                0x00000000c0005058                f_chmod
                0x00000000c0005108                f_utime
                0x00000000c00051b8                f_getlabel
                0x00000000c0005309                f_setlabel
                0x00000000c0005499                f_expand
                0x00000000c0005606                f_mkfs
 *fill*         0x00000000c0005e06        0x2 
 .text          0x00000000c0005e08       0x2f fs/fat/ffsystem.32
                0x00000000c0005e08                ff_memalloc
                0x00000000c0005e20                ff_memfree
 *fill*         0x00000000c0005e37        0x1 
 .text          0x00000000c0005e38      0x2dc fs/fat/ffunicode.32
                0x00000000c0005e38                ff_uni2oem
                0x00000000c0005ed8                ff_oem2uni
                0x00000000c0005f50                ff_wtoupper
 .text          0x00000000c0006114      0xd32 fs/iso9660/iso9660.32
                0x00000000c000635f                isoReadDiscSector
                0x00000000c00063fa                strnicmp
                0x00000000c00066a9                stricmp
                0x00000000c00066f5                iso_open
                0x00000000c000677f                iso_close
                0x00000000c000679d                iso_read
                0x00000000c00068b3                iso_seek
                0x00000000c0006937                iso_tell
                0x00000000c0006968                iso_total
                0x00000000c0006993                fn_postprocess
                0x00000000c00069ba                iso_readdir
                0x00000000c0006c11                iso_reset
                0x00000000c0006c2e                init_percd
                0x00000000c0006d28                iso_ioctl
                0x00000000c0006d40                fs_iso9660_init
                0x00000000c0006dd6                fs_iso9660_shutdown
 .text          0x00000000c0006e46      0x254 dbg/kconsole.32
                0x00000000c0006e46                Dbg::stringifyxWithBase(unsigned int, char*, int)
                0x00000000c0006ee6                Dbg::logc(char)
                0x00000000c0006f06                Dbg::logs(char*)
                0x00000000c0006f25                Dbg::logWriteInt(unsigned int)
                0x00000000c0006f43                Dbg::logWriteIntBase(unsigned int, int)
                0x00000000c0006f64                Dbg::kprintf(char const*, ...)
 *fill*         0x00000000c000709a        0x2 
 .text          0x00000000c000709c      0x2d4 dbg/usban.32
                0x00000000c000709c                KiUbsanPrintDetails(char const*, void*)
                0x00000000c0007108                __ubsan_handle_type_mismatch_v1
                0x00000000c00071e4                __ubsan_handle_pointer_overflow
                0x00000000c0007210                __ubsan_handle_out_of_bounds
                0x00000000c000723c                __ubsan_handle_add_overflow
                0x00000000c0007268                __ubsan_handle_load_invalid_value
                0x00000000c0007294                __ubsan_handle_divrem_overflow
                0x00000000c00072c0                __ubsan_handle_mul_overflow
                0x00000000c00072ec                __ubsan_handle_sub_overflow
                0x00000000c0007318                __ubsan_handle_shift_out_of_bounds
                0x00000000c0007344                __ubsan_handle_negate_overflow
 .text          0x00000000c0007370      0x814 fs/symlink.32
                0x00000000c00074bf                KiDeinitialiseSymlinks(void*)
                0x00000000c0007552                KeRegisterSymlink(char const*, unsigned long long)
                0x00000000c00075d5                KeInitialiseSymlinks()
                0x00000000c0007737                KiIsSymlinkRegistered(char const*)
                0x00000000c00078a1                KeDereferenceSymlink(char const*, char*)
                0x00000000c0007a48                KeCreateSymlink(char const*, char const*)
 .text          0x00000000c0007b84      0xd68 fs/vfs.32
                0x00000000c0007b84                File::read(unsigned long long, void*, int*)
                0x00000000c0007bdc                File::write(unsigned long long, void*, int*)
                0x00000000c0007c34                Directory::read(unsigned long long, void*, int*)
                0x00000000c0007c8c                Directory::write(unsigned long long, void*, int*)
                0x00000000c0007cba                File::isAtty()
                0x00000000c0007cbe                Directory::isAtty()
                0x00000000c0007cc2                Filesystem::getlabel(LogicalDisk*, int, char*, unsigned int*)
                0x00000000c0007cc8                Filesystem::setlabel(LogicalDisk*, int, char*)
                0x00000000c0007cce                Filesystem::allocateSwapfile(char const*, int)
                0x00000000c0007cd4                File::~File()
                0x00000000c0007cd4                File::~File()
                0x00000000c0007cf8                File::~File()
                0x00000000c0007d22                Directory::~Directory()
                0x00000000c0007d22                Directory::~Directory()
                0x00000000c0007d46                Directory::~Directory()
                0x00000000c0007d70                Filesystem::Filesystem()
                0x00000000c0007d70                Filesystem::Filesystem()
                0x00000000c0007d94                Filesystem::~Filesystem()
                0x00000000c0007d94                Filesystem::~Filesystem()
                0x00000000c0007da2                Filesystem::~Filesystem()
                0x00000000c0007dc6                Fs::getcwd(Process*, char*, int)
                0x00000000c0007df0                Fs::initVFS()
                0x00000000c0007e1a                Fs::standardiseFiles(char*, char const*, char const*, bool)
                0x00000000c0008034                File::File(char const*, Process*, bool)
                0x00000000c0008034                File::File(char const*, Process*, bool)
                0x00000000c0008112                File::File(char const*, Process*)
                0x00000000c0008112                File::File(char const*, Process*)
                0x00000000c0008130                File::open(FileOpenMode)
                0x00000000c000818e                File::close()
                0x00000000c00081ee                File::seek(unsigned long long)
                0x00000000c0008244                File::truncate(unsigned long long)
                0x00000000c000829a                File::tell(unsigned long long*)
                0x00000000c00082ea                File::rewind()
                0x00000000c00082fe                File::unlink()
                0x00000000c000834a                File::rename(char const*)
                0x00000000c0008398                File::chfatattr(unsigned char, unsigned char)
                0x00000000c00083f4                File::exists()
                0x00000000c0008432                File::stat(unsigned long long*, bool*)
                0x00000000c0008493                Fs::setcwd(Process*, char*)
                0x00000000c00085f2                Directory::Directory(char const*, Process*)
                0x00000000c00085f2                Directory::Directory(char const*, Process*)
                0x00000000c00086ba                Directory::open()
                0x00000000c0008716                Directory::close()
                0x00000000c0008776                Directory::unlink()
                0x00000000c00087c2                Directory::rename(char const*)
                0x00000000c0008810                Directory::exists()
                0x00000000c000884e                Directory::read(dirent*)
                0x00000000c000889a                Directory::create()
                0x00000000c00088e6                Filesystem::chfatattr(char const*, unsigned char, unsigned char)
 .text          0x00000000c00088ec       0x86 hal/bus.32
                0x00000000c00088ec                Bus::Bus(char const*)
                0x00000000c00088ec                Bus::Bus(char const*)
                0x00000000c0008924                Bus::~Bus()
                0x00000000c0008924                Bus::~Bus()
                0x00000000c0008948                Bus::~Bus()
 .text          0x00000000c0008972       0x96 hal/buzzer.32
                0x00000000c0008972                beepThread(void*)
                0x00000000c00089af                Krnl::beep(int, int, bool)
 .text          0x00000000c0008a08      0x513 hal/clock.32
                0x00000000c0008a08                User::loadClockSettings()
                0x00000000c0008b0e                Clock::Clock(char const*)
                0x00000000c0008b0e                Clock::Clock(char const*)
                0x00000000c0008b44                Clock::~Clock()
                0x00000000c0008b44                Clock::~Clock()
                0x00000000c0008b68                Clock::~Clock()
                0x00000000c0008b92                Clock::timeInSecondsLocal()
                0x00000000c0008bda                Clock::setTimeInSecondsLocal(unsigned long long)
                0x00000000c0008c33                datetimeToSeconds(datetime_t)
                0x00000000c0008d52                Clock::setTimeInDatetimeLocal(datetime_t)
                0x00000000c0008db2                secondsToDatetime(unsigned long long)
                0x00000000c0008ef6                Clock::timeInDatetimeLocal()
 *fill*         0x00000000c0008f1b        0x1 
 .text          0x00000000c0008f1c      0x47a hal/device.32
                0x00000000c0008f1c                Device::hibernate()
                0x00000000c0008f1e                Device::wake()
                0x00000000c0008f20                Device::detect()
                0x00000000c0008f22                Device::disableLegacy()
                0x00000000c0008f24                Device::powerSaving(PowerSavingLevel)
                0x00000000c0008f26                DriverlessDevice::close(int, int, void*)
                0x00000000c0008f2a                DriverlessDevice::detect()
                0x00000000c0008f2c                DriverlessDevice::open(int, int, void*)
                0x00000000c0008f40                Device::~Device()
                0x00000000c0008f40                Device::~Device()
                0x00000000c0008f4e                Device::~Device()
                0x00000000c0008f76                Device::findAndLoadDriver()
                0x00000000c0008f84                Device::preOpenPCI(PCIDeviceInfo)
                0x00000000c0008faa                Device::preOpenACPI(void*, char*, char*)
                0x00000000c0008fea                Device::addIRQHandler(int, void (*)(regs*, void*), bool, void*)
                0x00000000c0009014                Device::getParent()
                0x00000000c0009020                Device::removeIRQHandler(int, void (*)(regs*, void*), bool)
                0x00000000c000903e                Device::addChild(Device*)
                0x00000000c0009082                Device::removeAllChildren()
                0x00000000c00090c8                Device::hibernateAll()
                0x00000000c00090f8                Device::wakeAll()
                0x00000000c0009128                Device::detectAll()
                0x00000000c0009158                Device::disableLegacyAll()
                0x00000000c000915a                Device::loadDriversForAll()
                0x00000000c000915c                Device::powerSavingAll(PowerSavingLevel)
                0x00000000c0009192                Device::setName(char const*)
                0x00000000c00091a0                Device::Device(char const*)
                0x00000000c00091a0                Device::Device(char const*)
                0x00000000c000929c                Device::getName()
                0x00000000c00092a6                Device::closeAll()
                0x00000000c00092f2                DriverlessDevice::DriverlessDevice(char const*)
                0x00000000c00092f2                DriverlessDevice::DriverlessDevice(char const*)
                0x00000000c0009328                Device::addToLinkedList(LinkedList<Device>&, DeviceType)
                0x00000000c000936c                getDevicesOfType(DeviceType)
 *fill*         0x00000000c0009396        0x2 
 .text          0x00000000c0009398       0x86 hal/diskctrl.32
                0x00000000c0009398                HardDiskController::HardDiskController(char const*)
                0x00000000c0009398                HardDiskController::HardDiskController(char const*)
                0x00000000c00093d0                HardDiskController::~HardDiskController()
                0x00000000c00093d0                HardDiskController::~HardDiskController()
                0x00000000c00093f4                HardDiskController::~HardDiskController()
 .text          0x00000000c000941e       0xe2 hal/diskphys.32
                0x00000000c000941e                PhysicalDisk::eject()
                0x00000000c0009422                PhysicalDisk::PhysicalDisk(char const*, int)
                0x00000000c0009422                PhysicalDisk::PhysicalDisk(char const*, int)
                0x00000000c000948a                PhysicalDisk::startCache()
                0x00000000c00094b2                PhysicalDisk::~PhysicalDisk()
                0x00000000c00094b2                PhysicalDisk::~PhysicalDisk()
                0x00000000c00094d6                PhysicalDisk::~PhysicalDisk()
 .text          0x00000000c0009500        0x0 hal/fpu.32
 .text          0x00000000c0009500      0x359 hal/intctrl.32
                0x00000000c0009500                int_handler
                0x00000000c000958a                installISRHandler(int, void (*)(regs*, void*), void*)
                0x00000000c00095d4                installIRQHandler(int, void (*)(regs*, void*), bool, void*)
                0x00000000c0009708                uninstallISRHandler(int, void (*)(regs*, void*))
                0x00000000c000973c                uninstallIRQHandler(int, void (*)(regs*, void*), bool)
                0x00000000c00097ba                setupINTS()
                0x00000000c0009817                convertLegacyIRQNumber(int)
 *fill*         0x00000000c0009859        0x1 
 .text          0x00000000c000985a      0x8bc hal/keybrd.32
                0x00000000c000985a                startGUI(void*)
                0x00000000c00098c4                startGUIVESA(void*)
                0x00000000c000992e                sendKeyToTerminal(unsigned char)
                0x00000000c0009a09                sendKeyboardToken(KeyboardToken)
                0x00000000c0009ec5                clearInternalKeybuffer(VgaText*)
                0x00000000c0009efa                readKeyboard(VgaText*, char*, unsigned long)
                0x00000000c000a08c                Keyboard::Keyboard(char const*)
                0x00000000c000a08c                Keyboard::Keyboard(char const*)
                0x00000000c000a0c8                Keyboard::~Keyboard()
                0x00000000c000a0c8                Keyboard::~Keyboard()
                0x00000000c000a0ec                Keyboard::~Keyboard()
 .text          0x00000000c000a116      0x3f8 hal/logidisk.32
                0x00000000c000a116                LogicalDisk::close(int, int, void*)
                0x00000000c000a11a                LogicalDisk::~LogicalDisk()
                0x00000000c000a11a                LogicalDisk::~LogicalDisk()
                0x00000000c000a13e                LogicalDisk::~LogicalDisk()
                0x00000000c000a168                LogicalDisk::open(int, int, void*)
                0x00000000c000a17c                LogicalDisk::absoluteToRelative(unsigned long long)
                0x00000000c000a1b4                LogicalDisk::relativeToAbsolute(unsigned long long)
                0x00000000c000a1fa                LogicalDisk::LogicalDisk(char const*, PhysicalDisk*, unsigned long long, unsigned long long)
                0x00000000c000a1fa                LogicalDisk::LogicalDisk(char const*, PhysicalDisk*, unsigned long long, unsigned long long)
                0x00000000c000a2ba                LogicalDisk::assignDriveLetter()
                0x00000000c000a374                LogicalDisk::mount()
                0x00000000c000a3bc                LogicalDisk::unmount()
                0x00000000c000a3cc                LogicalDisk::eject()
                0x00000000c000a3e0                LogicalDisk::unassignDriveLetter()
                0x00000000c000a436                LogicalDisk::read(unsigned long long, int, void*)
                0x00000000c000a4a2                LogicalDisk::write(unsigned long long, int, void*)
 *fill*         0x00000000c000a50e        0x2 
 .text          0x00000000c000a510       0x86 hal/mouse.32
                0x00000000c000a510                Mouse::Mouse(char const*)
                0x00000000c000a510                Mouse::Mouse(char const*)
                0x00000000c000a548                Mouse::~Mouse()
                0x00000000c000a548                Mouse::~Mouse()
                0x00000000c000a56c                Mouse::~Mouse()
 .text          0x00000000c000a596       0x90 hal/nic.32
                0x00000000c000a596                NIC::getMAC()
                0x00000000c000a59c                NIC::write(int, unsigned char*, int*)
                0x00000000c000a5a2                NIC::NIC(char const*)
                0x00000000c000a5a2                NIC::NIC(char const*)
                0x00000000c000a5d8                NIC::~NIC()
                0x00000000c000a5d8                NIC::~NIC()
                0x00000000c000a5fc                NIC::~NIC()
 .text          0x00000000c000a626      0x33b hal/partition.32
                0x00000000c000a626                makePartition(PhysicalDisk*, unsigned long long, unsigned long long)
                0x00000000c000a6ce                createPartitionsForDisk(PhysicalDisk*)
 *fill*         0x00000000c000a961        0x3 
 .text          0x00000000c000a964       0x86 hal/serial.32
                0x00000000c000a964                Serial::Serial(char const*)
                0x00000000c000a964                Serial::Serial(char const*)
                0x00000000c000a99c                Serial::~Serial()
                0x00000000c000a99c                Serial::~Serial()
                0x00000000c000a9c0                Serial::~Serial()
 *fill*         0x00000000c000a9ea        0x2 
 .text          0x00000000c000a9ec      0x230 hal/timer.32
                0x00000000c000a9ec                Timer::Timer(char const*)
                0x00000000c000a9ec                Timer::Timer(char const*)
                0x00000000c000aa24                Timer::~Timer()
                0x00000000c000aa24                Timer::~Timer()
                0x00000000c000aa48                Timer::~Timer()
                0x00000000c000aa72                Timer::read()
                0x00000000c000aa7d                setupTimer(int)
                0x00000000c000aab8                timerHandler(unsigned int)
 .text          0x00000000c000ac1c      0x444 hal/vcache.32
                0x00000000c000ac1c                VCache::VCache(PhysicalDisk*)
                0x00000000c000ac1c                VCache::VCache(PhysicalDisk*)
                0x00000000c000ad8c                VCache::invalidateReadBuffer()
                0x00000000c000ad9c                VCache::writeWriteBuffer()
                0x00000000c000ade8                VCache::~VCache()
                0x00000000c000ade8                VCache::~VCache()
                0x00000000c000ae40                VCache::~VCache()
                0x00000000c000ae68                VCache::write(unsigned long long, int, void*)
                0x00000000c000af5c                VCache::read(unsigned long long, int, void*)
 .text          0x00000000c000b060      0x70e hal/video.32
                0x00000000c000b060                Video::putrect(int, int, int, int, unsigned int)
                0x00000000c000b0ac                Video::bitblit(int, int, int, int, int, int, int, unsigned int*)
                0x00000000c000b11c                Video::blit(unsigned int*, int, int, int, int)
                0x00000000c000b19a                Video::clearScreen(unsigned int)
                0x00000000c000b1ce                Video::putpixel(int, int, unsigned int)
                0x00000000c000b1dc                Video::readPixelApprox(int, int)
                0x00000000c000b1f0                Video::Video(char const*)
                0x00000000c000b1f0                Video::Video(char const*)
                0x00000000c000b226                Video::~Video()
                0x00000000c000b226                Video::~Video()
                0x00000000c000b24a                Video::~Video()
                0x00000000c000b274                Video::isMonochrome()
                0x00000000c000b280                Video::getWidth()
                0x00000000c000b28c                Video::getHeight()
                0x00000000c000b298                Video::drawCursor(int, int, unsigned int*, int)
                0x00000000c000b354                Video::tgaParse(unsigned char*, int, int*, int*)
                0x00000000c000b6fe                Video::putTGA(int, int, unsigned char*, int)
 *fill*         0x00000000c000b76e        0x2 
 .text          0x00000000c000b770     0x12cb hw/acpi.32
                0x00000000c000b770                ACPI::close(int, int, void*)
                0x00000000c000b778                findRSDP()
                0x00000000c000b810                loadACPITables(unsigned char*)
                0x00000000c000ba7c                findRSDT(unsigned char*)
                0x00000000c000bbd4                findDataTable(unsigned char*, char*)
                0x00000000c000bc54                scanMADT()
                0x00000000c000c10c                ACPI::ACPI()
                0x00000000c000c10c                ACPI::ACPI()
                0x00000000c000c160                ACPI::getPCIIRQAssignment(unsigned char, unsigned short, unsigned char)
                0x00000000c000c25c                ACPI::registerPCIIRQAssignment(void*, unsigned short, unsigned char, unsigned char)
                0x00000000c000c328                ACPI::setScreenBrightnessLevel(void*, int)
                0x00000000c000c330                ACPI::detectPCI()
                0x00000000c000c550                ACPI::writeSimpleBootFlag(SimpleBootFlagTable*)
                0x00000000c000c598                ACPI::sleep()
                0x00000000c000c5b4                ACPI::open(int, int, void*)
 *fill*         0x00000000c000ca3b        0x1 
 .text          0x00000000c000ca3c      0xb83 hw/cpu.32
                0x00000000c000ca3c                CPU::close(int, int, void*)
                0x00000000c000ca40                CPU::AMD_K6_write_msr(unsigned int, unsigned int, unsigned int, CPU::REGS*)
                0x00000000c000ca5c                CPU::AMD_K6_read_msr(unsigned int, CPU::REGS*)
                0x00000000c000ca74                CPU::AMD_K6_writeback(int, int, int)
                0x00000000c000cae8                CPU::cpuid(int, unsigned long*, unsigned long*, unsigned long*, unsigned long*)
                0x00000000c000cb6c                CPU::cpuidCheckEDX(unsigned int)
                0x00000000c000cb9a                CPU::cpuidCheckECX(unsigned int)
                0x00000000c000cbc8                CPU::cpuidCheckExtendedEBX(unsigned int)
                0x00000000c000cbf6                CPU::cpuidCheckExtendedECX(unsigned int)
                0x00000000c000cc24                CPU::CPU()
                0x00000000c000cc24                CPU::CPU()
                0x00000000c000ccb2                CPU::displayFeatures()
                0x00000000c000ccb4                CPU::detectFeatures()
                0x00000000c000d388                CPU::setupSMEP()
                0x00000000c000d394                CPU::setupUMIP()
                0x00000000c000d39e                CPU::setupTSC()
                0x00000000c000d3a8                CPU::setupLargePages()
                0x00000000c000d3b2                CPU::setupPAT()
                0x00000000c000d3b4                CPU::setupMTRR()
                0x00000000c000d3b6                CPU::setupGlobalPages()
                0x00000000c000d3c0                CPU::allowUsermodeDataAccess()
                0x00000000c000d3d2                CPU::prohibitUsermodeDataAccess()
                0x00000000c000d3e4                CPU::setupSMAP()
                0x00000000c000d3f2                CPU::setupFeatures()
                0x00000000c000d4b6                CPU::open(int, int, void*)
 .text          0x00000000c000d5bf       0xb6 krnl/atexit.32
                0x00000000c000d5bf                KeInitialiseAtexit()
                0x00000000c000d5de                KeRegisterAtexit(void (*)(void*), void*)
                0x00000000c000d612                KeExecuteAtexit()
 .text          0x00000000c000d675       0x92 krnl/bootmsg.32
                0x00000000c000d675                KeDisplaySplashScreen()
                0x00000000c000d6a4                KeSetBootMessage(char const*)
 .text          0x00000000c000d707       0x5f krnl/c++.32
                0x00000000c000d707                __cxa_atexit
                0x00000000c000d70a                __cxa_finalize
                0x00000000c000d70b                __stack_chk_fail
                0x00000000c000d741                __cxa_pure_virtual
                0x00000000c000d752                operator new[](unsigned long)
                0x00000000c000d757                operator delete(void*, unsigned long)
                0x00000000c000d75c                operator delete[](void*)
                0x00000000c000d761                operator delete[](void*, unsigned long)
 *fill*         0x00000000c000d766        0x2 
 .text          0x00000000c000d768       0x48 krnl/cdefs.32
                0x00000000c000d768                CUnlockScheduler
                0x00000000c000d784                CLockScheduler
                0x00000000c000d794                CPrintf
 .text          0x00000000c000d7b0      0xd56 krnl/cm.32
                0x00000000c000d7b0                CmOpen(char const*)
                0x00000000c000d8ce                CmClose(Reghive_Tag*)
                0x00000000c000d8e4                CmReadExtent(Reghive_Tag*, int, unsigned char*)
                0x00000000c000d920                CmGetString(Reghive_Tag*, int, char*)
                0x00000000c000d997                CmEnterDirectory(Reghive_Tag*, int)
                0x00000000c000d9d6                CmGetNext(Reghive_Tag*, int)
                0x00000000c000da08                CmWriteExtent(Reghive_Tag*, int, unsigned char*)
                0x00000000c000da44                CmFreeExtent(Reghive_Tag*, int)
                0x00000000c000da6c                CmUpdateHeader(Reghive_Tag*)
                0x00000000c000da8d                CmExpand(Reghive_Tag*, int)
                0x00000000c000db08                CmFindUnusedExtent(Reghive_Tag*)
                0x00000000c000db8e                CmCreateExtent(Reghive_Tag*, int, int, unsigned char*)
                0x00000000c000dc82                CmSetString(Reghive_Tag*, int, char const*)
                0x00000000c000ddbe                CmGetMatch(char*, char*, bool, bool*)
                0x00000000c000de1f                CmAddShift(unsigned int*, int*, unsigned char, int)
                0x00000000c000de4f                CmGetShift(unsigned int*, int*, int, bool*)
                0x00000000c000de86                CmGetInteger(Reghive_Tag*, int, unsigned long long*)
                0x00000000c000deb0                CmSetInteger(Reghive_Tag*, int, unsigned long long)
                0x00000000c000def0                CmConvertFromInternalFilename(unsigned char const*, char*)
                0x00000000c000df94                CmGetNameAndTypeFromExtent(Reghive_Tag*, int, char*)
                0x00000000c000dfc2                CmConvertToInternalFilename(char const*, unsigned char*)
                0x00000000c000e160                CmCreateString(Reghive_Tag*, int, char const*)
                0x00000000c000e1ad                CmFindInDirectory(Reghive_Tag*, int, char const*)
                0x00000000c000e227                CmCreateInteger(Reghive_Tag*, int, char const*, unsigned long long, int)
                0x00000000c000e27a                CmCreateDirectory(Reghive_Tag*, int, char const*)
                0x00000000c000e33e                zStrtok(char*, char const*)
                0x00000000c000e3b0                CmFindObjectFromPath(Reghive_Tag*, char const*)
                0x00000000c000e431                CmDisplayTree(Reghive_Tag*, int, int)
                0x00000000c000e4d4                CmSplitFinalSlashInPlace(char*)
 *fill*         0x00000000c000e506        0x2 
 .text          0x00000000c000e508       0x1d krnl/compat.32
                0x00000000c000e508                Krnl::handlePowerButton()
                0x00000000c000e518                Krnl::handleSleepButton()
 *fill*         0x00000000c000e525        0x1 
 .text          0x00000000c000e526      0x631 krnl/computer.32
                0x00000000c000e526                Computer::close(int, int, void*)
                0x00000000c000e52c                KeFirstTask()
                0x00000000c000e64e                Computer::Computer()
                0x00000000c000e64e                Computer::Computer()
                0x00000000c000e6fe                Computer::detectFeatures()
                0x00000000c000e924                KePrepareShutdown()
                0x00000000c000e944                KeShutdown()
                0x00000000c000e968                KeSleep()
                0x00000000c000e980                KeRestart()
                0x00000000c000e9a2                Computer::nmiEnabled()
                0x00000000c000e9ae                Computer::readCMOS(unsigned char)
                0x00000000c000e9cc                Computer::enableNMI(bool)
                0x00000000c000e9e4                Computer::open(int, int, void*)
                0x00000000c000eab8                Computer::disableNMI()
                0x00000000c000eac8                Computer::writeCMOS(unsigned char, unsigned char)
                0x00000000c000eaec                Computer::handleNMI()
 .text          0x00000000c000eb57       0x2b krnl/crc32.32
                0x00000000c000eb57                KeCalculateCRC32(unsigned char*, int)
 .text          0x00000000c000eb82      0x5bf krnl/env.32
                0x00000000c000eb82                EnvVarContainer::getEnv(char const*)
                0x00000000c000ebc0                EnvVarContainer::setEnv(char const*, char const*)
                0x00000000c000ec82                EnvVarContainer::deleteEnv(char const*)
                0x00000000c000ec84                EnvVarContainer::loadFrom(char const*, char const*)
                0x00000000c000eea8                EnvVarContainer::__loadSystem()
                0x00000000c000eec2                EnvVarContainer::__loadUser()
                0x00000000c000eec4                EnvVarContainer::EnvVarContainer(Process*)
                0x00000000c000eec4                EnvVarContainer::EnvVarContainer(Process*)
                0x00000000c000eee6                EnvVarContainer::~EnvVarContainer()
                0x00000000c000eee6                EnvVarContainer::~EnvVarContainer()
                0x00000000c000ef16                KeGetEnv(Process*, char const*)
                0x00000000c000ef7b                KeSetEnvSystem(char const*, char const*)
                0x00000000c000ef95                KeSetEnvUser(char const*, char const*)
                0x00000000c000efb4                KeSetEnvProcess(Process*, char const*, char const*)
                0x00000000c000efc7                KeDeleteEnvSystem(char const*)
                0x00000000c000efc8                KeDeleteEnvUser(char const*)
                0x00000000c000efc9                KeDeleteEnvProcess(Process*, char const*)
                0x00000000c000efca                KeNewProcessEnv(Process*)
                0x00000000c000efec                KeCopyProcessEnv(Process*, Process*)
                0x00000000c000f038                KeLoadSystemEnv()
                0x00000000c000f066                KeLoadUserEnv()
                0x00000000c000f08c                KeFlushEnv()
                0x00000000c000f08d                KeGetProcessTotalEnvCount(Process*)
                0x00000000c000f0ad                KeGetProcessEnvPair(Process*, int)
 *fill*         0x00000000c000f141        0x1 
 .text          0x00000000c000f142      0x1db krnl/gdt.32
                0x00000000c000f142                GDTEntry::setBase(unsigned int)
                0x00000000c000f15e                GDTEntry::setLimit(unsigned int)
                0x00000000c000f17c                GDT::GDT()
                0x00000000c000f17c                GDT::GDT()
                0x00000000c000f192                GDT::addEntry(GDTEntry)
                0x00000000c000f1b4                GDT::getNumberOfEntries()
                0x00000000c000f1bc                GDT::flush()
                0x00000000c000f1de                GDT::setup()
 .text          0x00000000c000f31d       0x1d krnl/idle.32
                0x00000000c000f31d                idleFunction(void*)
 *fill*         0x00000000c000f33a        0x2 
 .text          0x00000000c000f33c      0x46c krnl/idt.32
                0x00000000c000f33c                IDTEntry::IDTEntry(bool)
                0x00000000c000f33c                IDTEntry::IDTEntry(bool)
                0x00000000c000f3b6                IDTEntry::setOffset(unsigned int)
                0x00000000c000f3cc                IDT::IDT()
                0x00000000c000f3cc                IDT::IDT()
                0x00000000c000f3ce                IDT::getPointerToInvalidOpcodeEntryForF00F()
                0x00000000c000f3d6                IDT::addEntry(IDTEntry, int)
                0x00000000c000f3f0                IDT::addEntry(int, void (*)(), bool)
                0x00000000c000f428                IDT::flush()
                0x00000000c000f442                IDT::setup()
 .text          0x00000000c000f7a8       0x94 krnl/inlines.32
                0x00000000c000f7a8                CPU::current()
                0x00000000c000f7b4                operator new(unsigned long)
                0x00000000c000f7b9                operator delete(void*)
                0x00000000c000f7be                disableIRQs()
                0x00000000c000f7c0                enableIRQs()
                0x00000000c000f7c2                lockScheduler()
                0x00000000c000f7ca                unlockScheduler()
                0x00000000c000f7d9                lockStuff()
                0x00000000c000f7e7                unlockStuff()
                0x00000000c000f821                Virt::getAKernelVAS()
                0x00000000c000f827                __not_memcpy
 .text          0x00000000c000f83c      0x205 krnl/kheap.32
                0x00000000c000f83c                sbrk
                0x00000000c000f8d3                sbrk_thunk
                0x00000000c000f909                mmap
                0x00000000c000f967                munmap
                0x00000000c000f97c                liballoc_lock()
                0x00000000c000f98a                liballoc_unlock()
                0x00000000c000f9a0                liballoc_alloc(int)
                0x00000000c000f9b8                liballoc_free(void*, int)
                0x00000000c000f9d3                realloc
                0x00000000c000f9e7                malloc
                0x00000000c000f9f7                free
                0x00000000c000fa07                rfree
                0x00000000c000fa17                calloc
 *fill*         0x00000000c000fa41        0x3 
 .text          0x00000000c000fa44      0x1e3 krnl/mailbox.32
                0x00000000c000fa44                KeMailboxTryPost(Mailbox*, void*)
                0x00000000c000faa8                KeMailboxTryGet(Mailbox*, void**)
                0x00000000c000fb0c                KeMailboxCreate()
                0x00000000c000fb40                KeMailboxPost(Mailbox*, void*)
                0x00000000c000fba8                KeMailboxGet(Mailbox*, void**)
                0x00000000c000fc10                KeMailboxDestroy(Mailbox*)
 .text          0x00000000c000fc27       0xc7 krnl/main.32
                0x00000000c000fc27                KeEntryPoint
 *fill*         0x00000000c000fcee        0x2 
 .text          0x00000000c000fcf0       0x1a krnl/mutex.32
                0x00000000c000fcf0                Mutex::Mutex()
                0x00000000c000fcf0                Mutex::Mutex()
 .text          0x00000000c000fd0a        0xc krnl/panic.32
                0x00000000c000fd0a                KePanic(char const*)
 .text          0x00000000c000fd16      0x644 krnl/physmgr.32
                0x00000000c000fd16                Phys::allocateDMA(unsigned long)
                0x00000000c000fdfe                Phys::freeDMA(unsigned long, unsigned long)
                0x00000000c000fe39                Phys::setPageState(unsigned long, bool)
                0x00000000c000fe79                Phys::getPageState(unsigned long)
                0x00000000c000fe95                Phys::freePage(unsigned long)
                0x00000000c000fefe                Phys::allocatePage()
                0x00000000c000ffcd                Phys::allocateContiguousPages(int)
                0x00000000c0010034                Phys::allowSegmentToBeUsed(unsigned long, unsigned long)
                0x00000000c001006c                Phys::physicalMemorySetup(unsigned int)
 .text          0x00000000c001035a      0x273 krnl/pipe.32
                0x00000000c001035a                Pipe::isAtty()
                0x00000000c001035e                Pipe::~Pipe()
                0x00000000c001035e                Pipe::~Pipe()
                0x00000000c0010382                Pipe::~Pipe()
                0x00000000c00103aa                Pipe::write(unsigned long long, void*, int*)
                0x00000000c001046a                Pipe::read(unsigned long long, void*, int*)
                0x00000000c0010566                Pipe::Pipe(int)
                0x00000000c0010566                Pipe::Pipe(int)
 .text          0x00000000c00105cd      0x108 krnl/powctrl.32
                0x00000000c00105cd                KePowerThread(void*)
                0x00000000c00105fb                KeChangePowerSettings(PowerSettings)
                0x00000000c0010611                KeUserIOReceived()
                0x00000000c001061c                KeHandlePowerButton()
                0x00000000c0010634                KeHandleSleepButton()
                0x00000000c001064c                KeSetupPowerManager()
 .text          0x00000000c00106d5       0x9d krnl/random.32
                0x00000000c00106d5                KeRand()
                0x00000000c0010717                KeSeedRand(unsigned int)
                0x00000000c0010740                KeInitRand()
 *fill*         0x00000000c0010772        0x2 
 .text          0x00000000c0010774      0x1bc krnl/resolve.32
                0x00000000c0010774                KeResolveCompatibilitySymbol(char*)
 .text          0x00000000c0010930      0x415 krnl/semaphore.32
                0x00000000c0010930                Semaphore::Semaphore(int)
                0x00000000c0010930                Semaphore::Semaphore(int)
                0x00000000c0010960                Semaphore::tryAcquire()
                0x00000000c0010a3c                Semaphore::assertLocked(char const*)
                0x00000000c0010acc                Semaphore::acquire(int)
                0x00000000c0010c74                Semaphore::acquire()
                0x00000000c0010c90                Semaphore::release()
 .text          0x00000000c0010d45      0x322 krnl/signal.32
                0x00000000c0010d45                KiSigKill(int)
                0x00000000c0010d59                KiDefaultSignalHandlerIgnore(int)
                0x00000000c0010d5a                KiDefaultSignalHandlerPause(int)
                0x00000000c0010d86                KiDefaultSignalHandlerResume(int)
                0x00000000c0010db2                KeDeinitSignals(SigHandlerBlock*)
                0x00000000c0010db7                KeInitSignals()
                0x00000000c0010e09                KeRegisterSignalHandler(SigHandlerBlock*, int, void (*)(int), unsigned int, int)
                0x00000000c0010e3f                KeRaiseSignal(SigHandlerBlock*, int)
                0x00000000c0010ebc                KeCheckSignal(SigHandlerBlock*, int*)
                0x00000000c0010fb3                KiCheckSignalZ
                0x00000000c0010ff5                KeCompleteSignal(SigHandlerBlock*, int)
                0x00000000c0011030                KiFinishSignalZ
 .text          0x00000000c0011067      0xe1d krnl/syscalls.32
                0x00000000c0011067                SysSeekDir(regs*)
                0x00000000c001106c                SysTellDir(regs*)
                0x00000000c0011071                SysVerify(regs*)
                0x00000000c001107b                SysGetArgc(regs*)
                0x00000000c001108f                SysTTYName(regs*)
                0x00000000c0011097                SysFormatDisk(regs*)
                0x00000000c001110e                SysSetDiskVolumeLabel(regs*)
                0x00000000c0011162                SysGetDiskVolumeLabel(regs*)
                0x00000000c00111bb                SysShutdown(regs*)
                0x00000000c0011219                SysRealpath(regs*)
                0x00000000c001125d                SysReadDir(regs*)
                0x00000000c00112dd                SysIsATTY(regs*)
                0x00000000c0011337                SysSeek(regs*)
                0x00000000c001138e                SysTell(regs*)
                0x00000000c00113fb                SysSize(regs*)
                0x00000000c001146e                SysSizeFromFilename(regs*)
                0x00000000c001159f                SysSizeFromFilenameNoSymlink(regs*)
                0x00000000c00116d0                SysClose(regs*)
                0x00000000c0011730                SysOpenDir(regs*)
                0x00000000c00117ad                SysMakeDir(regs*)
                0x00000000c001181b                SysCloseDir(regs*)
                0x00000000c001186f                SysWait(regs*)
                0x00000000c0011890                SysNotImpl(regs*)
                0x00000000c00118ab                SysPanic(regs*)
                0x00000000c00118c6                SysRmdir(regs*)
                0x00000000c001192b                SysUnlink(regs*)
                0x00000000c0011990                SysGetArgv(regs*)
                0x00000000c00119dd                SysUSleep(regs*)
                0x00000000c0011a06                SysSpawn(regs*)
                0x00000000c0011a79                SysGetEnv(regs*)
                0x00000000c0011b2a                SysSetFatAttrib(regs*)
                0x00000000c0011b9d                SysPipe(regs*)
                0x00000000c0011be2                SysGetUnixTime(regs*)
                0x00000000c0011bf6                string_ends_with(char const*, char const*)
                0x00000000c0011c3e                SysOpen(regs*)
                0x00000000c0011e35                KeSystemCall(regs*, void*)
 .text          0x00000000c0011e84      0xab3 krnl/terminal.32
                0x00000000c0011e84                VgaText::isAtty()
                0x00000000c0011e88                VgaText::~VgaText()
                0x00000000c0011e88                VgaText::~VgaText()
                0x00000000c0011eac                VgaText::~VgaText()
                0x00000000c0011ed6                VgaText::read(unsigned long long, void*, int*)
                0x00000000c0011ef6                setTerminalScrollLock(bool)
                0x00000000c0011ef7                doTerminalCycle()
                0x00000000c0011ef8                addToTerminalCycle(VgaText*)
                0x00000000c0011ef9                scrollTerminalScrollLock(int)
                0x00000000c0011efa                VgaText::updateTitle()
                0x00000000c0011efc                VgaText::load()
                0x00000000c0011efe                VgaText::updateCursor()
                0x00000000c0011f14                VgaText::doANSI_SGR(int)
                0x00000000c0011f88                VgaText::setDefaultBgColour(VgaColour)
                0x00000000c0011f98                VgaText::setDefaultFgColour(VgaColour)
                0x00000000c0011fa8                VgaText::setDefaultColours(VgaColour, VgaColour)
                0x00000000c0011fc8                VgaText::setTitleTextColour(VgaColour)
                0x00000000c0011fd4                VgaText::setTitleColour(VgaColour)
                0x00000000c0011fe0                VgaText::setTitle(char*)
                0x00000000c0011fe2                VgaText::combineColours(unsigned char, unsigned char)
                0x00000000c0011ff4                VgaText::scrollScreen()
                0x00000000c0012086                VgaText::combineCharAndColour(char, unsigned char)
                0x00000000c0012096                VgaText::writeCharacter(char, VgaColour, VgaColour, int, int)
                0x00000000c0012126                VgaText::getCursorX()
                0x00000000c001212e                VgaText::getCursorY()
                0x00000000c0012136                VgaText::setCursor(int, int)
                0x00000000c001214d                setActiveTerminal(VgaText*)
                0x00000000c0012198                VgaText::clearScreen()
                0x00000000c00121e6                VgaText::setCursorX(int)
                0x00000000c00121fe                VgaText::setCursorY(int)
                0x00000000c0012216                VgaText::incrementCursor(bool)
                0x00000000c001226a                VgaText::decrementCursor(bool)
                0x00000000c001228c                VgaText::putchar(char, VgaColour, VgaColour)
                0x00000000c001235c                VgaText::putchar(char)
                0x00000000c0012454                VgaText::putx(unsigned int)
                0x00000000c001249a                VgaText::puts(char const*)
                0x00000000c00124c0                VgaText::write(unsigned long long, void*, int*)
                0x00000000c001250c                VgaText::puts(char const*, VgaColour, VgaColour)
                0x00000000c001265a                VgaText::VgaText(char const*)
                0x00000000c001265a                VgaText::VgaText(char const*)
                0x00000000c00127aa                VgaText::receiveKey(unsigned char)
                0x00000000c0012936                VgaText::doUpdate()
 *fill*         0x00000000c0012937        0x1 
 .text          0x00000000c0012938      0x1a1 krnl/tss.32
                0x00000000c0012938                TSS::TSS()
                0x00000000c0012938                TSS::TSS()
                0x00000000c0012948                TSS::setESP(unsigned long)
                0x00000000c001295c                TSS::flush()
                0x00000000c001297c                TSS::setup(unsigned long, unsigned long)
 *fill*         0x00000000c0012ad9        0x1 
 .text          0x00000000c0012ada      0x4ca krnl/unixfile.32
                0x00000000c0012ada                ReservedFilename::read(unsigned long long, void*, int*)
                0x00000000c0012b30                ReservedFilename::isAtty()
                0x00000000c0012b4c                ReservedFilename::write(unsigned long long, void*, int*)
                0x00000000c0012baa                UnixFile::getFileDescriptor()
                0x00000000c0012bb2                UnixFile::UnixFile(int)
                0x00000000c0012bb2                UnixFile::UnixFile(int)
                0x00000000c0012d66                ReservedFilename::ReservedFilename(int)
                0x00000000c0012d66                ReservedFilename::ReservedFilename(int)
                0x00000000c0012d98                UnixFile::~UnixFile()
                0x00000000c0012d98                UnixFile::~UnixFile()
                0x00000000c0012e34                UnixFile::~UnixFile()
                0x00000000c0012e5c                ReservedFilename::~ReservedFilename()
                0x00000000c0012e5c                ReservedFilename::~ReservedFilename()
                0x00000000c0012e80                ReservedFilename::~ReservedFilename()
                0x00000000c0012ea7                KeGetFileFromDescriptor(int)
 .text          0x00000000c0012fa4     0x1210 krnl/virtmgr.32
                0x00000000c0012fa4                Virt::setPageState(unsigned long, Virt::VirtPageState)
                0x00000000c0012fde                Virt::getPageState(unsigned long)
                0x00000000c0013001                Virt::allocateKernelVirtualPages(int)
                0x00000000c0013126                Virt::freeSwapfilePage(unsigned long)
                0x00000000c0013149                Virt::swapIDToSector(unsigned long)
                0x00000000c001315f                Virt::allocateSwapfilePage()
                0x00000000c00131df                Virt::virtualMemorySetup()
                0x00000000c0013230                Virt::setupPageSwapping(int)
                0x00000000c00132a2                VAS::setCPUSpecific(unsigned long)
                0x00000000c00132a4                VAS::VAS(VAS*)
                0x00000000c00132a4                VAS::VAS(VAS*)
                0x00000000c00132bc                VAS::getForeignPageTableEntry(bool, unsigned long)
                0x00000000c00132ea                VAS::getPageTableEntry(unsigned long)
                0x00000000c0013309                Virt::freeKernelVirtualPages(unsigned long)
                0x00000000c0013446                VAS::freeAllocatedPages(unsigned long)
                0x00000000c001346a                VAS::virtualToPhysical(unsigned long)
                0x00000000c0013484                VAS::reflagRange(unsigned long, int, unsigned long, unsigned long)
                0x00000000c00134c6                VAS::VAS()
                0x00000000c00134c6                VAS::VAS()
                0x00000000c0013530                VAS::setToWriteCombining(unsigned long, int)
                0x00000000c0013564                VAS::mapOtherVASIn(bool, VAS*)
                0x00000000c0013590                VAS::~VAS()
                0x00000000c0013590                VAS::~VAS()
                0x00000000c00136fe                VAS::mapPage(unsigned long, unsigned long, int)
                0x00000000c0013802                VAS::allocatePages(int, int)
                0x00000000c00138f8                VAS::mapRange(unsigned long, unsigned long, int, int)
                0x00000000c0013950                VAS::mapForeignPage(bool, VAS*, unsigned long, unsigned long, int)
                0x00000000c0013a46                VAS::VAS(bool)
                0x00000000c0013a46                VAS::VAS(bool)
                0x00000000c0013c90                VAS::evict(unsigned long)
                0x00000000c0013d6e                VAS::tryLoadBackOffDisk(unsigned long)
                0x00000000c0013f16                VAS::allocateSharedMemoryWithKernel(unsigned long, unsigned long*)
                0x00000000c0013f8a                VAS::freeSharedMemoryWithKernel(unsigned long, unsigned long)
                0x00000000c0013fb6                VAS::scanForEviction()
                0x00000000c00140b9                mapVASFirstTime
 .text          0x00000000c00141b4       0x36 sys/eject.32
                0x00000000c00141b4                SysEject(regs*)
 .text          0x00000000c00141ea       0x18 sys/exit.32
                0x00000000c00141ea                SysExit(regs*)
 .text          0x00000000c0014202       0x1f sys/getcwd.32
                0x00000000c0014202                SysGetCwd(regs*)
 .text          0x00000000c0014221        0xc sys/getpid.32
                0x00000000c0014221                SysGetPID(regs*)
 .text          0x00000000c001422d       0x1a sys/getramdata.32
                0x00000000c001422d                SysGetRAMData(regs*)
 .text          0x00000000c0014247       0x82 sys/getvgaptr.32
                0x00000000c0014247                SysGetVGAPtr(regs*)
 *fill*         0x00000000c00142c9        0x3 
 .text          0x00000000c00142cc       0xb9 sys/kill.32
                0x00000000c00142cc                SysKill(regs*)
 .text          0x00000000c0014385       0xa8 sys/loaddll.32
                0x00000000c0014385                SysLoadDLL(regs*)
 .text          0x00000000c001442d       0x68 sys/read.32
                0x00000000c001442d                SysRead(regs*)
 .text          0x00000000c0014495       0x29 sys/registersignal.32
                0x00000000c0014495                SysRegisterSignal(regs*)
 .text          0x00000000c00144be      0x1cc sys/registry.32
                0x00000000c00144be                SysRegistryGetTypeFromPath(regs*)
                0x00000000c0014502                SysRegistryReadExtent(regs*)
                0x00000000c001454a                SysRegistryPathToExtentLookup(regs*)
                0x00000000c0014561                SysRegistryEnterDirectory(regs*)
                0x00000000c0014578                SysRegistryGetNext(regs*)
                0x00000000c001458f                SysRegistryGetNameAndTypeFromExtent(regs*)
                0x00000000c00145c9                SysRegistryOpen(regs*)
                0x00000000c00145dd                SysRegistryClose(regs*)
                0x00000000c00145f4                SysRegistryEasyReadString(regs*)
                0x00000000c0014640                SysRegistryEasyReadInteger(regs*)
 .text          0x00000000c001468a       0x55 sys/sbrk.32
                0x00000000c001468a                SysSbrk(regs*)
 .text          0x00000000c00146df       0x1c sys/setcwd.32
                0x00000000c00146df                SysSetCwd(regs*)
 .text          0x00000000c00146fb       0x96 sys/settime.32
                0x00000000c00146fb                SysSetTime(regs*)
 .text          0x00000000c0014791       0x73 sys/symlink.32
                0x00000000c0014791                SysSymlink(regs*)
 .text          0x00000000c0014804       0x3f sys/timezone.32
                0x00000000c0014804                SysTimezone(regs*)
 .text          0x00000000c0014843       0xfc sys/truncate.32
                0x00000000c0014843                SysTruncate(regs*)
 .text          0x00000000c001493f       0x68 sys/write.32
                0x00000000c001493f                SysWrite(regs*)
 .text          0x00000000c00149a7       0x9d sys/wsbe.32
                0x00000000c00149a7                SysWsbe(regs*)
 .text          0x00000000c0014a44       0x25 sys/yield.32
                0x00000000c0014a44                SysYield(regs*)
 .text          0x00000000c0014a69     0x1207 thr/elf.32
                0x00000000c0014a69                Thr::allocateMemoryForTask(Process*, File*, unsigned long, unsigned long, unsigned long)
                0x00000000c0014cf7                Thr::loadProgramIntoMemory(Process*, char const*)
                0x00000000c0014f09                Thr::runtimeReferenceHelper()
                0x00000000c0014f1c                Thr::getAddressOfKernelSymbol(char const*)
                0x00000000c0014f6b                Thr::loadKernelSymbolTable(char const*)
                0x00000000c0015229                Thr::loadDriverIntoMemory(char const*, unsigned long, bool)
                0x00000000c0015962                Thr::getDriverBaseFromAddress(unsigned long)
                0x00000000c0015994                Thr::getDriverNameFromAddress(unsigned long)
                0x00000000c00159cb                Thr::getDriverOffsetFromAddress(unsigned long)
                0x00000000c00159e5                Thr::loadDLL(char const*, bool)
                0x00000000c0015c37                Thr::executeDLL(unsigned long, void*)
 .text          0x00000000c0015c70       0x5a thr/exec.32
                0x00000000c0015c70                KeProcessExec(Process*, char const*)
 *fill*         0x00000000c0015cca        0x2 
 .text          0x00000000c0015ccc     0x1131 thr/prcssthr.32
                0x00000000c0015ccc                userModeEntryPoint(void*)
                0x00000000c0015cf4                changeTSS
                0x00000000c0015d24                switchToThread(ThreadControlBlock*)
                0x00000000c0015dd4                Process::addArgs(char**)
                0x00000000c0015e40                Process::Process(char const*, Process*, char**)
                0x00000000c0015e40                Process::Process(char const*, Process*, char**)
                0x00000000c001604c                Process::Process(bool, char const*, Process*, char**)
                0x00000000c001604c                Process::Process(bool, char const*, Process*, char**)
                0x00000000c0016220                taskStartupFunction
                0x00000000c001622c                KeDisablePreemption()
                0x00000000c0016254                KeRestorePreemption()
                0x00000000c0016274                Process::createThread(void (*)(void*), void*, int)
                0x00000000c0016380                Process::createUserThread()
                0x00000000c00163a0                setupMultitasking(void (*)())
                0x00000000c00164c4                schedule()
                0x00000000c0016558                blockTaskWithSchedulerLockAlreadyHeld(TaskState)
                0x00000000c0016580                blockTask(TaskState)
                0x00000000c00165b8                waitTask(int, int*, int)
                0x00000000c00165fc                milliTenthSleepUntil(unsigned int)
                0x00000000c001669c                milliTenthSleep(unsigned int)
                0x00000000c00166b0                sleep(unsigned int)
                0x00000000c00166cc                taskReturned
                0x00000000c0016710                Thr::processFromPID(int)
                0x00000000c00167bc                unblockTask(ThreadControlBlock*)
                0x00000000c0016868                cleanupTerminatedTask(ThreadControlBlock*)
                0x00000000c0016b3c                cleanerTaskFunction(void*)
                0x00000000c0016c44                terminateTask(int)
                0x00000000c0016d30                Thr::terminateFromIRQ(int)
 .text          0x00000000c0016dfd      0xd00 vm86/vm8086.32
                0x00000000c0016dfd                Vm::inbv(unsigned short)
                0x00000000c0016e10                Vm::outbv(unsigned short, unsigned char)
                0x00000000c0016e46                Vm::realToLinear(unsigned short, unsigned short)
                0x00000000c0016e56                Vm::getSegment(unsigned int)
                0x00000000c0016e5e                Vm::getOffset(unsigned int)
                0x00000000c0016e63                Vm::mainloop2()
                0x00000000c0016e9d                Vm::mainVm8086Loop(void*)
                0x00000000c0016ead                Vm::mainloop3(unsigned long)
                0x00000000c0016ed3                Vm::initialise8086()
                0x00000000c0016f16                Vm::resetConventionalMemory8086()
                0x00000000c0016f17                Vm::finish8086()
                0x00000000c0016f78                Vm::getOutput8086(unsigned char*)
                0x00000000c0016f9d                Vm::start8086FromBuffer(unsigned char*, int, unsigned short, unsigned short, unsigned short, unsigned short)
                0x00000000c00170c4                Vm::start8086(char const*, unsigned short, unsigned short, unsigned short, unsigned short)
                0x00000000c00172cc                Vm::doISR(regs*, int, unsigned char*, unsigned short, unsigned short)
                0x00000000c0017365                Vm::readByteFromReal(unsigned short, unsigned short)
                0x00000000c0017376                Vm::readWordFromReal(unsigned short, unsigned short)
                0x00000000c0017388                Vm::readDwordFromReal(unsigned short, unsigned short)
                0x00000000c0017399                Vm::writeByteFromReal(unsigned short, unsigned short, unsigned char)
                0x00000000c00173ae                Vm::writeWordFromReal(unsigned short, unsigned short, unsigned short)
                0x00000000c00173c4                Vm::writeDwordFromReal(unsigned short, unsigned short, unsigned int)
                0x00000000c00173d9                Vm::faultHandler(regs*)
 .text          0x00000000c0017afd      0xb4b arch/i386/hal.32
                0x00000000c0017afd                noCopro(unsigned long)
                0x00000000c0017afe                doubleFault(regs*, void*)
                0x00000000c0017b17                nmiHandler(regs*, void*)
                0x00000000c0017b30                x86rdmsr(unsigned int)
                0x00000000c0017b74                x86wrmsr(unsigned int, unsigned long long)
                0x00000000c0017bbf                displayDebugInfo(regs*)
                0x00000000c0017f44                HalSystemIdle()
                0x00000000c0017fb7                displayProgramFault(char const*)
                0x00000000c0018003                gpFault(regs*, void*)
                0x00000000c001806a                pgFault(regs*, void*)
                0x00000000c00180f3                otherISRHandler(regs*, void*)
                0x00000000c0018127                opcodeFault(regs*, void*)
                0x00000000c00181aa                i386SaveCoprocessor(void*)
                0x00000000c00181be                i386LoadCoprocessor(void*)
                0x00000000c00181d2                x87EmulHandler(regs*, void*)
                0x00000000c001826f                HalInitialiseCoprocessor()
                0x00000000c00182f8                HalPanic(char const*)
                0x00000000c001840c                HalQueryPerformanceCounter()
                0x00000000c0018427                HalInitialise()
                0x00000000c00185dd                HalMakeBeep(int)
                0x00000000c0018617                HalGetRand()
                0x00000000c001861a                HalEndOfInterrupt(int)
                0x00000000c0018645                HalRestart()
                0x00000000c0018646                HalShutdown()
                0x00000000c0018647                HalSleep()
 .text          0x00000000c0018648      0x2dc arch/i386/pic.32
                0x00000000c0018648                picIoWait()
                0x00000000c0018650                picDisable()
                0x00000000c0018684                picGetIRQReg(int)
                0x00000000c0018700                picOpen()
                0x00000000c0018884                picEOI(int)
 .text          0x00000000c0018924      0x674 arch/i386/rtc.32
                0x00000000c0018924                RTC::open(int, int, void*)
                0x00000000c0018928                RTC::close(int, int, void*)
                0x00000000c001892c                RTC::timeInSecondsUTC()
                0x00000000c001893e                RTC::timeInDatetimeUTC()
                0x00000000c0018964                RTC::setTimeInSecondsUTC(unsigned long long)
                0x00000000c00189a2                RTC::~RTC()
                0x00000000c00189a2                RTC::~RTC()
                0x00000000c00189c6                RTC::~RTC()
                0x00000000c00189f0                RTC::get_update_in_progress_flag()
                0x00000000c0018a0a                RTC::completeRTCRefresh()
                0x00000000c0018cea                RTC::setTimeInDatetimeUTC(datetime_t)
                0x00000000c0018e98                rtcIRQHandler(regs*, void*)
                0x00000000c0018ede                RTC::RTC()
                0x00000000c0018ede                RTC::RTC()
 .text          0x00000000c0018f98      0x1f4 arch/i386/vga.32
                0x00000000c0018f98                HalConsoleScroll(int, int)
                0x00000000c00190a0                HalConsoleWriteCharacter(char, int, int, int, int)
                0x00000000c0019104                HalConsoleCursorUpdate(int, int)
 .text          0x00000000c001918c     0x14cf fs/fat/vfslink.32
                0x00000000c001918c                FAT::getName()
                0x00000000c0019194                FAT::tell(void*, unsigned long long*)
                0x00000000c00191d0                FAT::stat(void*, unsigned long long*)
                0x00000000c001920c                FAT::~FAT()
                0x00000000c001920c                FAT::~FAT()
                0x00000000c0019230                FAT::~FAT()
                0x00000000c0019258                FAT::getlabel(LogicalDisk*, int, char*, unsigned int*)
                0x00000000c00192fc                FAT::setlabel(LogicalDisk*, int, char*)
                0x00000000c00193c0                FAT::format(LogicalDisk*, int, char const*, int)
                0x00000000c00195a4                FAT::tryMount(LogicalDisk*, int)
                0x00000000c00197c0                FAT::allocateSwapfile(char const*, int)
                0x00000000c0019980                FAT::readDir(void*, unsigned long, void*, int*)
                0x00000000c0019af0                FAT::read(void*, unsigned long, void*, int*)
                0x00000000c0019b50                FAT::write(void*, unsigned long, void*, int*)
                0x00000000c0019bb0                FAT::close(void*)
                0x00000000c0019c04                FAT::closeDir(void*)
                0x00000000c0019c58                FAT::truncate(void*, unsigned long long)
                0x00000000c0019cc4                FAT::seek(void*, unsigned long long)
                0x00000000c0019d1c                fatWrapperReadDisk
                0x00000000c0019d5c                fatWrapperWriteDisk
                0x00000000c0019d9c                fatWrapperIoctl
                0x00000000c0019eb8                FAT::FAT()
                0x00000000c0019eb8                FAT::FAT()
                0x00000000c0019f10                FAT::fixFilepath(char*)
                0x00000000c0019f50                FAT::open(char const*, void**, FileOpenMode)
                0x00000000c001a0c4                FAT::openDir(char const*, void**)
                0x00000000c001a174                FAT::stat(char const*, unsigned long long*, bool*)
                0x00000000c001a26c                FAT::unlink(char const*)
                0x00000000c001a2ec                FAT::chfatattr(char const*, unsigned char, unsigned char)
                0x00000000c001a4a0                FAT::rename(char const*, char const*)
                0x00000000c001a56c                FAT::mkdir(char const*)
                0x00000000c001a5ec                FAT::exists(char const*)
 *fill*         0x00000000c001a65b        0x1 
 .text          0x00000000c001a65c       0x94 fs/iso9660/helper.32
                0x00000000c001a65c                isoReadDiscSectorHelper
                0x00000000c001a6b8                iso_kprintf
                0x00000000c001a6d4                iso_kprintfd
 .text          0x00000000c001a6f0      0x71c fs/iso9660/vfslink.32
                0x00000000c001a6f0                ISO9660::format(LogicalDisk*, int, char const*, int)
                0x00000000c001a6f6                ISO9660::truncate(void*, unsigned long long)
                0x00000000c001a6fc                ISO9660::getName()
                0x00000000c001a702                ISO9660::closeDir(void*)
                0x00000000c001a70c                ISO9660::chfatattr(char const*, unsigned char, unsigned char)
                0x00000000c001a712                ISO9660::unlink(char const*)
                0x00000000c001a718                ISO9660::write(void*, unsigned long, void*, int*)
                0x00000000c001a71e                ISO9660::rename(char const*, char const*)
                0x00000000c001a724                ISO9660::mkdir(char const*)
                0x00000000c001a72a                ISO9660::~ISO9660()
                0x00000000c001a72a                ISO9660::~ISO9660()
                0x00000000c001a74e                ISO9660::~ISO9660()
                0x00000000c001a776                ISO9660::exists(char const*)
                0x00000000c001a78a                ISO9660::open(char const*, void**, FileOpenMode)
                0x00000000c001a870                ISO9660::read(void*, unsigned long, void*, int*)
                0x00000000c001a8b8                ISO9660::seek(void*, unsigned long long)
                0x00000000c001a8fa                ISO9660::tell(void*, unsigned long long*)
                0x00000000c001a938                ISO9660::stat(void*, unsigned long long*)
                0x00000000c001a98a                ISO9660::stat(char const*, unsigned long long*, bool*)
                0x00000000c001aacc                ISO9660::close(void*)
                0x00000000c001aafc                ISO9660::openDir(char const*, void**)
                0x00000000c001abd6                ISO9660::readDir(void*, unsigned long, void*, int*)
                0x00000000c001acf3                readSectorFromCDROM(unsigned int, unsigned char*, char)
                0x00000000c001ad72                ISO9660::tryMount(LogicalDisk*, int)
                0x00000000c001ade4                ISO9660::ISO9660()
                0x00000000c001ade4                ISO9660::ISO9660()
 .text          0x00000000c001ae0c      0x26c hal/sound/sndcard.32
                0x00000000c001ae0c                SoundCard::beginPlayback()
                0x00000000c001ae1a                SoundCard::stopPlayback()
                0x00000000c001ae28                SoundCard::SoundCard(char const*)
                0x00000000c001ae28                SoundCard::SoundCard(char const*)
                0x00000000c001aec6                SoundCard::~SoundCard()
                0x00000000c001aec6                SoundCard::~SoundCard()
                0x00000000c001aeea                SoundCard::~SoundCard()
                0x00000000c001af14                SoundCard::configureRates(int, int, int)
                0x00000000c001af44                SoundCard::getSamples16(int, short*)
                0x00000000c001afa0                SoundCard::getSamples32(int, int*)
                0x00000000c001b026                SoundCard::addChannel(SoundPort*)
                0x00000000c001b064                SoundCard::removeChannel(int)
 .text          0x00000000c001b078      0x38a hal/sound/sndport.32
                0x00000000c001b078                SoundPort::SoundPort(int, int, int, int)
                0x00000000c001b078                SoundPort::SoundPort(int, int, int, int)
                0x00000000c001b104                SoundPort::~SoundPort()
                0x00000000c001b104                SoundPort::~SoundPort()
                0x00000000c001b138                SoundPort::unpause()
                0x00000000c001b144                SoundPort::pause()
                0x00000000c001b150                SoundPort::getBufferUsed()
                0x00000000c001b158                SoundPort::getBufferSize()
                0x00000000c001b160                SoundPort::buffer16(short*, int)
                0x00000000c001b1ec                SoundPort::buffer32(int*, int)
                0x00000000c001b278                SoundPort::unbufferAndAdd16(int, short*, SoundCard*)
                0x00000000c001b344                SoundPort::unbufferAndAdd32(int, int*, SoundCard*)
 .text          0x00000000c001b402        0x0 hw/bus/isa.32
 .text          0x00000000c001b402      0xc23 hw/bus/pci.32
                0x00000000c001b402                PCI::open(int, int, void*)
                0x00000000c001b420                PCI::close(int, int, void*)
                0x00000000c001b424                PCI::PCI()
                0x00000000c001b424                PCI::PCI()
                0x00000000c001b4bc                PCI::readBAR8(unsigned int, int)
                0x00000000c001b4d8                PCI::readBAR16(unsigned int, int)
                0x00000000c001b4f6                PCI::readBAR32(unsigned int, int)
                0x00000000c001b512                PCI::writeBAR8(unsigned int, unsigned char, int)
                0x00000000c001b532                PCI::writeBAR16(unsigned int, unsigned short, int)
                0x00000000c001b554                PCI::writeBAR32(unsigned int, unsigned int, int)
                0x00000000c001b574                PCI::legacyMechanism(unsigned char, unsigned char, unsigned char, unsigned char)
                0x00000000c001b5ea                PCI::pciReadWord(unsigned char, unsigned char, unsigned char, unsigned char)
                0x00000000c001b694                PCI::getVendorID(unsigned char, unsigned char, unsigned char)
                0x00000000c001b6b8                PCI::getHeaderType(unsigned char, unsigned char, unsigned char)
                0x00000000c001b6e0                PCI::getClassCode(unsigned char, unsigned char, unsigned char)
                0x00000000c001b72a                PCI::getProgIF(unsigned char, unsigned char, unsigned char)
                0x00000000c001b752                PCI::getRevisionID(unsigned char, unsigned char, unsigned char)
                0x00000000c001b776                PCI::getInterruptNumber(unsigned char, unsigned char, unsigned char)
                0x00000000c001b79a                PCI::getSecondaryBus(unsigned char, unsigned char, unsigned char)
                0x00000000c001b7c2                PCI::getBARAddress(unsigned char, unsigned char, unsigned char, unsigned char)
                0x00000000c001b826                PCI::pciWriteWord(unsigned char, unsigned char, unsigned char, unsigned char, unsigned short)
                0x00000000c001b90e                PCI::pciDetailsToFilepath(PCIDeviceInfo, char*)
                0x00000000c001bbd4                PCI::checkBus(unsigned char)
                0x00000000c001bbf8                PCI::foundDevice(PCIDeviceInfo)
                0x00000000c001bdde                PCI::getDeviceData(unsigned char, unsigned char, unsigned char)
                0x00000000c001bf5a                PCI::checkDevice(unsigned char, unsigned char)
                0x00000000c001bfcc                PCI::detect()
 *fill*         0x00000000c001c025        0x1 
 .text          0x00000000c001c026      0xe16 hw/diskctrl/ide.32
                0x00000000c001c026                IDE::close(int, int, void*)
                0x00000000c001c02a                IDE::IDE()
                0x00000000c001c02a                IDE::IDE()
                0x00000000c001c05e                IDE::prepareInterrupt(unsigned char)
                0x00000000c001c070                selectDrive(unsigned char, unsigned char)
                0x00000000c001c072                IDE::getBase(unsigned char)
                0x00000000c001c084                IDE::write(unsigned char, unsigned char, unsigned char)
                0x00000000c001c144                IDE::read(unsigned char, unsigned char)
                0x00000000c001c1f2                IDE::waitInterrupt(unsigned char)
                0x00000000c001c254                ideChannel0IRQHandler(regs*, void*)
                0x00000000c001c270                ideChannel1IRQHandler(regs*, void*)
                0x00000000c001c28c                IDE::enableIRQs(unsigned char, bool)
                0x00000000c001c2d6                IDE::open(int, int, void*)
                0x00000000c001c81c                IDE::readBuffer(unsigned char, unsigned char, unsigned int, unsigned int)
                0x00000000c001c8ec                IDE::detect()
                0x00000000c001cd2e                IDE::printError(unsigned char, unsigned char, unsigned char)
                0x00000000c001cde8                IDE::polling(unsigned char, unsigned int)
 .text          0x00000000c001ce3c      0x33d hw/diskctrl/satabus.32
                0x00000000c001ce3c                SATABus::close(int, int, void*)
                0x00000000c001ce40                SATABus::detect()
                0x00000000c001ce42                SATABus::SATABus()
                0x00000000c001ce42                SATABus::SATABus()
                0x00000000c001cec8                SATABus::findCmdslot(SATABus::tagHBA_PORT volatile*)
                0x00000000c001cefa                SATABus::checkType(SATABus::tagHBA_PORT volatile*)
                0x00000000c001cf42                SATABus::startCmd(SATABus::tagHBA_PORT volatile*)
                0x00000000c001cf62                SATABus::stopCmd(SATABus::tagHBA_PORT volatile*)
                0x00000000c001cf8c                SATABus::portRebase(SATABus::tagHBA_PORT volatile*, int)
                0x00000000c001d09c                SATABus::probePort(SATABus::tagHBA_MEM volatile*)
                0x00000000c001d146                SATABus::open(int, int, void*)
 *fill*         0x00000000c001d179        0x1 
 .text          0x00000000c001d17a      0x987 hw/diskphys/ata.32
                0x00000000c001d17a                ATA::close(int, int, void*)
                0x00000000c001d19e                ATA::powerSaving(PowerSavingLevel)
                0x00000000c001d1a0                ATA::ATA()
                0x00000000c001d1a0                ATA::ATA()
                0x00000000c001d1ce                ATA::flush(bool)
                0x00000000c001d21c                ATA::readyForCommand()
                0x00000000c001d268                ATA::access(unsigned long long, int, void*, bool)
                0x00000000c001d646                ATA::detectCHS()
                0x00000000c001d670                ATA::open(int, int, void*)
                0x00000000c001d73c                combineCharAndColour(char, unsigned char)
                0x00000000c001d74d                combineColours(unsigned char, unsigned char)
                0x00000000c001d75a                ATA::read(unsigned long long, int, void*)
                0x00000000c001d930                ATA::write(unsigned long long, int, void*)
 *fill*         0x00000000c001db01        0x1 
 .text          0x00000000c001db02      0x618 hw/diskphys/atapi.32
                0x00000000c001db02                ATAPI::write(unsigned long long, int, void*)
                0x00000000c001db08                ATAPI::close(int, int, void*)
                0x00000000c001db2c                ATAPI::ATAPI()
                0x00000000c001db2c                ATAPI::ATAPI()
                0x00000000c001db5a                ATAPI::readyForCommand()
                0x00000000c001dbac                ATAPI::sendPacket(unsigned char*, int, bool, unsigned short*, int)
                0x00000000c001de74                ATAPI::diskRemoved()
                0x00000000c001deae                ATAPI::eject()
                0x00000000c001def6                ATAPI::diskInserted()
                0x00000000c001df02                ATAPI::detectMedia()
                0x00000000c001dfc0                ATAPI::open(int, int, void*)
                0x00000000c001e0a0                ATAPI::read(unsigned long long, int, void*)
 .text          0x00000000c001e11a      0x849 hw/diskphys/sata.32
                0x00000000c001e11a                SATA::close(int, int, void*)
                0x00000000c001e13e                SATA::powerSaving(PowerSavingLevel)
                0x00000000c001e140                SATA::open(int, int, void*)
                0x00000000c001e1f8                SATA::SATA()
                0x00000000c001e1f8                SATA::SATA()
                0x00000000c001e226                SATA::access(unsigned long long, int, void*, bool)
                0x00000000c001e4ae                SATA::read(unsigned long long, int, void*)
                0x00000000c001e6fe                SATA::write(unsigned long long, int, void*)
 *fill*         0x00000000c001e963        0x1 
 .text          0x00000000c001e964      0x5d0 hw/diskphys/satapi.32
                0x00000000c001e964                SATAPI::write(unsigned long long, int, void*)
                0x00000000c001e96a                SATAPI::close(int, int, void*)
                0x00000000c001e98e                SATAPI::SATAPI()
                0x00000000c001e98e                SATAPI::SATAPI()
                0x00000000c001e9bc                SATAPI::diskRemoved()
                0x00000000c001e9be                SATAPI::diskInserted()
                0x00000000c001e9da                SATAPI::sendPacket(unsigned char*, int, unsigned long long, unsigned short*, int)
                0x00000000c001ecb8                SATAPI::eject()
                0x00000000c001ecf4                SATAPI::detectMedia()
                0x00000000c001ed4a                SATAPI::open(int, int, void*)
                0x00000000c001ee4a                SATAPI::read(unsigned long long, int, void*)
 .text          0x00000000c001ef34      0x44f hw/intctrl/apic.32
                0x00000000c001ef34                IOAPIC::close(int, int, void*)
                0x00000000c001ef3a                apicGetBase()
                0x00000000c001ef74                IOAPIC::IOAPIC()
                0x00000000c001ef74                IOAPIC::IOAPIC()
                0x00000000c001ef9c                apicOpen()
                0x00000000c001f118                IOAPIC::handlesGSIWithNumber(unsigned int)
                0x00000000c001f14a                IOAPIC::read(int)
                0x00000000c001f172                IOAPIC::open(int, int, void*)
                0x00000000c001f258                IOAPIC::write(int, int)
                0x00000000c001f284                IOAPIC::redirect(unsigned char, unsigned long long, unsigned char, bool, bool)
 *fill*         0x00000000c001f383        0x1 
 .text          0x00000000c001f384       0xf0 hw/timer/apictimer.32
                0x00000000c001f384                APICTimer::close(int, int, void*)
                0x00000000c001f38c                apicTimerHandler(regs*, void*)
                0x00000000c001f3b4                APICTimer::open(int, int, void*)
                0x00000000c001f424                APICTimer::write(int)
                0x00000000c001f44c                APICTimer::APICTimer()
                0x00000000c001f44c                APICTimer::APICTimer()
 .text          0x00000000c001f474      0x1ad hw/timer/pit.32
                0x00000000c001f474                PIT::write(int)
                0x00000000c001f4f8                pitHandler(regs*, void*)
                0x00000000c001f520                PIT::open(int, int, void*)
                0x00000000c001f570                PIT::close(int, int, void*)
                0x00000000c001f5a0                PIT::PIT()
                0x00000000c001f5a0                PIT::PIT()
 *fill*         0x00000000c001f621        0xf 
 .text          0x00000000c001f630       0x6f arch/i386/avx.32
                0x00000000c001f630                avxDetect
                0x00000000c001f65a                avxSave
                0x00000000c001f66b                avxLoad
                0x00000000c001f67c                avxInit
                0x00000000c001f69e                avxClose
 *fill*         0x00000000c001f69f        0x1 
 .text          0x00000000c001f6a0      0x2ec arch/i386/interrupt.32
                0x00000000c001f6a0                isr0
                0x00000000c001f6b0                isr1
                0x00000000c001f6ba                isr2
                0x00000000c001f6c4                isr3
                0x00000000c001f6ce                isr4
                0x00000000c001f6d8                isr5
                0x00000000c001f6e2                isr6
                0x00000000c001f6ec                isr7
                0x00000000c001f6f6                isr8
                0x00000000c001f6fe                isr9
                0x00000000c001f708                isr10
                0x00000000c001f710                isr11
                0x00000000c001f718                isr12
                0x00000000c001f720                isr13
                0x00000000c001f73a                isr14
                0x00000000c001f742                isr15
                0x00000000c001f74c                isr16
                0x00000000c001f756                isr17
                0x00000000c001f760                isr18
                0x00000000c001f76a                irq3
                0x00000000c001f774                irq4
                0x00000000c001f77e                irq5
                0x00000000c001f788                irq6
                0x00000000c001f792                irq7
                0x00000000c001f79c                irq8