Archive member included to satisfy reference by file (symbol)

/cygdrive/d/Users/Alex/Desktop/Toolchain/Output/bin/../lib/gcc/i386-banana/8.1.0/libkgcc.a(_divdi3.o)
                              krnl/resolve.32 (__divdi3)
/cygdrive/d/Users/Alex/Desktop/Toolchain/Output/bin/../lib/gcc/i386-banana/8.1.0/libkgcc.a(_moddi3.o)
                              krnl/resolve.32 (__moddi3)
/cygdrive/d/Users/Alex/Desktop/Toolchain/Output/bin/../lib/gcc/i386-banana/8.1.0/libkgcc.a(_udivdi3.o)
                              hal/clock.32 (__udivdi3)
/cygdrive/d/Users/Alex/Desktop/Toolchain/Output/bin/../lib/gcc/i386-banana/8.1.0/libkgcc.a(_umoddi3.o)
                              core/pipe.32 (__umoddi3)

Allocating common symbols
Common symbol       size              file

dcache              0x40              fs/iso9660/iso9660.32
cdDriveLetter       0x1               fs/iso9660/iso9660.32
icache              0x40              fs/iso9660/iso9660.32

Discarded input sections

 .comment       0x0000000000000000       0x12 /cygdrive/d/Users/Alex/Desktop/Toolchain/Output/bin/../lib/gcc/i386-banana/8.1.0/crtbegin.o
 .comment       0x0000000000000000       0x12 acpica/utclib.32
 .comment       0x0000000000000000       0x12 core/malloc.32
 .comment       0x0000000000000000       0x12 libk/ctype.32
 .comment       0x0000000000000000       0x12 libk/string.32
 .comment       0x0000000000000000       0x12 fs/fat/diskio.32
 .comment       0x0000000000000000       0x12 fs/fat/ff.32
 .comment       0x0000000000000000       0x12 fs/fat/ffsystem.32
 .comment       0x0000000000000000       0x12 fs/fat/ffunicode.32
 .comment       0x0000000000000000       0x12 fs/iso9660/iso9660.32
 .group         0x0000000000000000       0x14 core/computer.32
 .group         0x0000000000000000        0xc core/computer.32
 .comment       0x0000000000000000       0x12 core/computer.32
 .comment       0x0000000000000000       0x12 core/gdt.32
 .group         0x0000000000000000        0xc core/idle.32
 .comment       0x0000000000000000       0x12 core/idle.32
 .comment       0x0000000000000000       0x12 core/idt.32
 .comment       0x0000000000000000       0x12 core/kheap.32
 .comment       0x0000000000000000       0x12 core/main.32
 .comment       0x0000000000000000       0x12 core/physmgr.32
 .group         0x0000000000000000        0xc core/pipe.32
 .comment       0x0000000000000000       0x12 core/pipe.32
 .group         0x0000000000000000        0xc core/terminal.32
 .comment       0x0000000000000000       0x12 core/terminal.32
 .comment       0x0000000000000000       0x12 core/tss.32
 .group         0x0000000000000000        0x8 core/unixfile.32
 .group         0x0000000000000000        0x8 core/unixfile.32
 .group         0x0000000000000000        0xc core/unixfile.32
 .group         0x0000000000000000        0x8 core/unixfile.32
 .group         0x0000000000000000        0xc core/unixfile.32
 .group         0x0000000000000000        0x8 core/unixfile.32
 .group         0x0000000000000000        0xc core/unixfile.32
 .group         0x0000000000000000        0xc core/unixfile.32
 .comment       0x0000000000000000       0x12 core/unixfile.32
 .comment       0x0000000000000000       0x12 core/virtmgr.32
 .comment       0x0000000000000000       0x12 coreobjs/c++.32
 .comment       0x0000000000000000       0x12 dbg/kconsole.32
 .group         0x0000000000000000        0xc fs/vfs.32
 .group         0x0000000000000000        0xc fs/vfs.32
 .group         0x0000000000000000        0xc fs/vfs.32
 .comment       0x0000000000000000       0x12 fs/vfs.32
 .group         0x0000000000000000        0xc hal/bus.32
 .comment       0x0000000000000000       0x12 hal/bus.32
 .comment       0x0000000000000000       0x12 hal/buzzer.32
 .group         0x0000000000000000        0xc hal/clock.32
 .comment       0x0000000000000000       0x12 hal/clock.32
 .group         0x0000000000000000       0x14 hal/device.32
 .group         0x0000000000000000        0xc hal/device.32
 .group         0x0000000000000000        0x8 hal/device.32
 .group         0x0000000000000000        0xc hal/device.32
 .group         0x0000000000000000        0xc hal/device.32
 .comment       0x0000000000000000       0x12 hal/device.32
 .group         0x0000000000000000        0xc hal/diskctrl.32
 .comment       0x0000000000000000       0x12 hal/diskctrl.32
 .group         0x0000000000000000        0xc hal/diskphys.32
 .comment       0x0000000000000000       0x12 hal/diskphys.32
 .comment       0x0000000000000000       0x12 hal/fpu.32
 .comment       0x0000000000000000       0x12 hal/intctrl.32
 .group         0x0000000000000000        0xc hal/keybrd.32
 .comment       0x0000000000000000       0x12 hal/keybrd.32
 .group         0x0000000000000000        0xc hal/logidisk.32
 .comment       0x0000000000000000       0x12 hal/logidisk.32
 .group         0x0000000000000000        0xc hal/mouse.32
 .comment       0x0000000000000000       0x12 hal/mouse.32
 .group         0x0000000000000000        0xc hal/nic.32
[...]
Memory Configuration

Name             Origin             Length             Attributes
*default*        0x0000000000000000 0xffffffffffffffff

Linker script and memory map

LOAD D:/Users/Alex/Desktop/Banana/kernel/boot.32
LOAD crti.32
LOAD /cygdrive/d/Users/Alex/Desktop/Toolchain/Output/bin/../lib/gcc/i386-banana/8.1.0/crtbegin.o
LOAD D:/Users/Alex/Desktop/Banana/kernel/morenasm.32
LOAD acpica/utclib.32
LOAD core/malloc.32
LOAD libk/ctype.32
LOAD libk/string.32
LOAD fs/fat/diskio.32
LOAD fs/fat/ff.32
LOAD fs/fat/ffsystem.32
LOAD fs/fat/ffunicode.32
LOAD fs/iso9660/iso9660.32
LOAD core/computer.32
LOAD core/gdt.32
LOAD core/idle.32
LOAD core/idt.32
LOAD core/kheap.32
LOAD core/main.32
LOAD core/physmgr.32
LOAD core/pipe.32
LOAD core/terminal.32
LOAD core/tss.32
LOAD core/unixfile.32
LOAD core/virtmgr.32
LOAD coreobjs/c++.32
LOAD dbg/kconsole.32
LOAD fs/vfs.32
LOAD hal/bus.32
LOAD hal/buzzer.32
LOAD hal/clock.32
LOAD hal/device.32
LOAD hal/diskctrl.32
LOAD hal/diskphys.32
LOAD hal/fpu.32
LOAD hal/intctrl.32
LOAD hal/keybrd.32
LOAD hal/logidisk.32
LOAD hal/mouse.32
LOAD hal/nic.32
LOAD hal/partition.32
LOAD hal/serial.32
LOAD hal/timer.32
LOAD hal/vcache.32
LOAD hal/video.32
LOAD hw/acpi.32
LOAD hw/cpu.32
LOAD krnl/bootmsg.32
LOAD krnl/env.32
LOAD krnl/inlines.32
LOAD krnl/panic.32
LOAD krnl/powctrl.32
LOAD krnl/random.32
LOAD krnl/resolve.32
LOAD krnl/signal.32
LOAD krnl/syscalls.32
LOAD net/ethernet.32
LOAD reg/cm.32
LOAD reg/registry.32
LOAD sys/eject.32
LOAD sys/exit.32
LOAD sys/getcwd.32
LOAD sys/getpid.32
LOAD sys/getramdata.32
LOAD sys/getvgaptr.32
LOAD sys/kill.32
LOAD sys/loaddll.32
LOAD sys/read.32
LOAD sys/registersignal.32
LOAD sys/registry.32
LOAD sys/sbrk.32
LOAD sys/setcwd.32
LOAD sys/settime.32
LOAD sys/timezone.32
LOAD sys/write.32
LOAD sys/wsbe.32
LOAD sys/yield.32
LOAD thr/elf.32
LOAD thr/prcssthr.32
LOAD vm86/vm8086.32
LOAD arch/i386/hal.32
LOAD arch/i386/pic.32
LOAD arch/i386/rtc.32
LOAD arch/i386/vga.32
LOAD fs/fat/vfslink.32
LOAD fs/iso9660/helper.32
LOAD fs/iso9660/vfslink.32
LOAD hal/sound/sndcard.32
LOAD hal/sound/sndport.32
LOAD hw/bus/isa.32
LOAD hw/bus/pci.32
LOAD hw/diskctrl/ide.32
LOAD hw/diskctrl/satabus.32
LOAD hw/diskphys/ata.32
LOAD hw/diskphys/atapi.32
LOAD hw/diskphys/sata.32
LOAD hw/diskphys/satapi.32
LOAD hw/intctrl/apic.32
LOAD hw/timer/apictimer.32
LOAD hw/timer/pit.32
LOAD arch/i386/avx.32
LOAD arch/i386/interrupt.32
LOAD arch/i386/rdrand.32
LOAD arch/i386/sse.32
LOAD arch/i386/x87.32
LOAD /cygdrive/d/Users/Alex/Desktop/Toolchain/Output/bin/../lib/gcc/i386-banana/8.1.0/crtend.o
LOAD crtn.32
LOAD /cygdrive/d/Users/Alex/Desktop/Toolchain/Output/bin/../lib/gcc/i386-banana/8.1.0/libkgcc.a
LOAD D:/Users/Alex/Desktop/Banana/kernel/libsoftfp.a
LOAD D:/Users/Alex/Desktop/Banana/kernel/libk/libm32.a
                0x00000000c0000000                . = 0xc0000000

.text           0x00000000c0000000    0x1e88a
 *(.text)
 .text          0x00000000c0000000       0x20 D:/Users/Alex/Desktop/Banana/kernel/boot.32
 .text          0x00000000c0000020        0x0 crti.32
 .text          0x00000000c0000020      0x101 /cygdrive/d/Users/Alex/Desktop/Toolchain/Output/bin/../lib/gcc/i386-banana/8.1.0/crtbegin.o
 *fill*         0x00000000c0000121        0xf 
 .text          0x00000000c0000130      0x24f D:/Users/Alex/Desktop/Banana/kernel/morenasm.32
                0x00000000c0000130                manualPCIProbe
                0x00000000c000017b                prepareTramp
                0x00000000c0000194                doTPAUSE
                0x00000000c000019e                hasLegacyFPU
                0x00000000c00001c3                is486
                0x00000000c00001f9                detectCPUID
                0x00000000c000020f                goToVM86
                0x00000000c000023f                goToUsermode
                0x00000000c0000269                switchToThreadASMFirstTime
                0x00000000c0000277                switchToThreadASM
                0x00000000c00002fc                asmQuickAcquireLock
                0x00000000c000031a                asmQuickReleaseLock
                0x00000000c0000326                asmAcquireLock
                0x00000000c0000347                asmReleaseLock
                0x00000000c000035a                loadGDT
                0x00000000c000037a                memcpy
 *fill*         0x00000000c000037f        0x1 
 .text          0x00000000c0000380      0x868 acpica/utclib.32
                0x00000000c0000380                memcmp
                0x00000000c00003d0                memmove
                0x00000000c00004f0                memset
                0x00000000c0000570                strlen
                0x00000000c00005a0                strpbrk
                0x00000000c00005f0                strtok
                0x00000000c0000640                strcpy
                0x00000000c0000680                strncpy
                0x00000000c0000750                strcmp
                0x00000000c00007a0                strchr
                0x00000000c00007e0                strncmp
                0x00000000c0000840                strcat
                0x00000000c0000870                strncat
                0x00000000c00008d0                strstr
                0x00000000c0000930                toupper
                0x00000000c0000950                tolower
                0x00000000c0000970                simple_strtoul
 .text          0x00000000c0000be8      0xfaa core/malloc.32
                0x00000000c0000d53                dlfree
                0x00000000c00010ab                dlmalloc
                0x00000000c00015e8                dlrealloc
                0x00000000c000178b                dlmemalign
                0x00000000c00018ae                dlcalloc
                0x00000000c0001948                dlcfree
                0x00000000c000194d                dlindependent_calloc
                0x00000000c0001972                dlindependent_comalloc
                0x00000000c0001989                dlvalloc
                0x00000000c00019b4                dlpvalloc
                0x00000000c00019ea                dlmalloc_trim
                0x00000000c00019f7                dlmalloc_usable_size
                0x00000000c0001a28                dlmallinfo
                0x00000000c0001af7                dlmalloc_stats
                0x00000000c0001b08                dlmallopt
 *fill*         0x00000000c0001b92        0x2 
 .text          0x00000000c0001b94      0x1f2 libk/ctype.32
                0x00000000c0001b94                isblank
                0x00000000c0001bb4                iscntrl
                0x00000000c0001bd4                isdigit
                0x00000000c0001bf0                islower
                0x00000000c0001c0c                isspace
                0x00000000c0001c34                isupper
                0x00000000c0001c50                isalpha
                0x00000000c0001c80                isalnum
                0x00000000c0001cb0                ispunct
                0x00000000c0001cf0                isgraph
                0x00000000c0001d20                isprint
                0x00000000c0001d48                isxdigit
 .text          0x00000000c0001d86        0x0 libk/string.32
 .text          0x00000000c0001d86       0x51 fs/fat/diskio.32
                0x00000000c0001d86                disk_status
                0x00000000c0001d89                disk_initialize
                0x00000000c0001d8c                disk_read
                0x00000000c0001da2                disk_write
                0x00000000c0001db8                disk_ioctl
 .text          0x00000000c0001dd7     0x3e46 fs/fat/ff.32
                0x00000000c0003bf8                f_mount
                0x00000000c0003c5a                f_open
                0x00000000c0003f1d                f_read
                0x00000000c000411c                f_write
                0x00000000c0004364                f_sync
                0x00000000c0004429                f_close
                0x00000000c0004458                f_lseek
                0x00000000c0004609                f_opendir
                0x00000000c00046d4                f_closedir
                0x00000000c00046f6                f_readdir
                0x00000000c0004788                f_stat
                0x00000000c0004807                f_getfree
                0x00000000c0004910                f_truncate
                0x00000000c00049fa                f_unlink
                0x00000000c0004b1c                f_mkdir
                0x00000000c0004cb7                f_rename
                0x00000000c0004e6f                f_chmod
                0x00000000c0004f1f                f_utime
                0x00000000c0004fcf                f_getlabel
                0x00000000c0005120                f_setlabel
                0x00000000c00052b0                f_expand
                0x00000000c000541d                f_mkfs
 *fill*         0x00000000c0005c1d        0x3 
 .text          0x00000000c0005c20       0x2f fs/fat/ffsystem.32
                0x00000000c0005c20                ff_memalloc
                0x00000000c0005c38                ff_memfree
 *fill*         0x00000000c0005c4f        0x1 
 .text          0x00000000c0005c50      0x2dc fs/fat/ffunicode.32
                0x00000000c0005c50                ff_uni2oem
                0x00000000c0005cf0                ff_oem2uni
                0x00000000c0005d68                ff_wtoupper
 .text          0x00000000c0005f2c      0xd32 fs/iso9660/iso9660.32
                0x00000000c0006177                isoReadDiscSector
                0x00000000c0006212                strnicmp
                0x00000000c00064c1                stricmp
                0x00000000c000650d                iso_open
                0x00000000c0006597                iso_close
                0x00000000c00065b5                iso_read
                0x00000000c00066cb                iso_seek
                0x00000000c000674f                iso_tell
                0x00000000c0006780                iso_total
                0x00000000c00067ab                fn_postprocess
                0x00000000c00067d2                iso_readdir
                0x00000000c0006a29                iso_reset
                0x00000000c0006a46                init_percd
                0x00000000c0006b40                iso_ioctl
                0x00000000c0006b58                fs_iso9660_init
                0x00000000c0006bee                fs_iso9660_shutdown
 .text          0x00000000c0006c5e      0x6bb core/computer.32
                0x00000000c0006c5e                Computer::close(int, int, void*)
                0x00000000c0006ca3                Krnl::firstTask()
                0x00000000c0006dde                Computer::Computer()
                0x00000000c0006dde                Computer::Computer()
                0x00000000c0006e8e                Computer::setBootMessage(char const*)
                0x00000000c0006e90                Computer::detectFeatures()
                0x00000000c00070b6                Computer::displayFeatures()
                0x00000000c00070b8                Computer::rdmsr(unsigned int)
                0x00000000c00070e4                Computer::wrmsr(unsigned int, unsigned long long)
                0x00000000c0007120                Computer::shutdown()
                0x00000000c0007138                Computer::restart()
                0x00000000c0007150                Computer::sleep()
                0x00000000c0007164                Computer::nmiEnabled()
                0x00000000c0007170                Computer::readCMOS(unsigned char)
                0x00000000c000718e                Computer::enableNMI(bool)
                0x00000000c00071a6                Computer::open(int, int, void*)
                0x00000000c000727a                Computer::disableNMI()
                0x00000000c000728a                Computer::writeCMOS(unsigned char, unsigned char)
                0x00000000c00072ae                Computer::handleNMI()
 *fill*         0x00000000c0007319        0x1 
 .text          0x00000000c000731a      0x1db core/gdt.32
                0x00000000c000731a                GDTEntry::setBase(unsigned int)
                0x00000000c0007336                GDTEntry::setLimit(unsigned int)
                0x00000000c0007354                GDT::GDT()
                0x00000000c0007354                GDT::GDT()
                0x00000000c000736a                GDT::addEntry(GDTEntry)
                0x00000000c000738c                GDT::getNumberOfEntries()
                0x00000000c0007394                GDT::flush()
                0x00000000c00073b6                GDT::setup()
 .text          0x00000000c00074f5       0x1d core/idle.32
                0x00000000c00074f5                idleFunction(void*)
 *fill*         0x00000000c0007512        0x2 
 .text          0x00000000c0007514      0x46c core/idt.32
                0x00000000c0007514                IDTEntry::IDTEntry(bool)
                0x00000000c0007514                IDTEntry::IDTEntry(bool)
                0x00000000c000758e                IDTEntry::setOffset(unsigned int)
                0x00000000c00075a4                IDT::IDT()
                0x00000000c00075a4                IDT::IDT()
                0x00000000c00075a6                IDT::getPointerToInvalidOpcodeEntryForF00F()
                0x00000000c00075ae                IDT::addEntry(IDTEntry, int)
                0x00000000c00075c8                IDT::addEntry(int, void (*)(), bool)
                0x00000000c0007600                IDT::flush()
                0x00000000c000761a                IDT::setup()
 .text          0x00000000c0007980      0x188 core/kheap.32
                0x00000000c0007980                sbrk
                0x00000000c0007a17                mmap
                0x00000000c0007a2d                munmap
                0x00000000c0007a43                liballoc_lock()
                0x00000000c0007a51                liballoc_unlock()
                0x00000000c0007a67                liballoc_alloc(int)
                0x00000000c0007a7f                liballoc_free(void*, int)
                0x00000000c0007a9a                realloc
                0x00000000c0007aae                malloc
                0x00000000c0007abe                free
                0x00000000c0007ace                rfree
                0x00000000c0007ade                calloc
 .text          0x00000000c0007b08       0xc3 core/main.32
                0x00000000c0007b08                KeEntryPoint
 .text          0x00000000c0007bcb      0x63a core/physmgr.32
                0x00000000c0007bcb                Phys::allocateDMA(unsigned long)
                0x00000000c0007cb3                Phys::freeDMA(unsigned long, unsigned long)
                0x00000000c0007cee                Phys::setPageState(unsigned long, bool)
                0x00000000c0007d2e                Phys::getPageState(unsigned long)
                0x00000000c0007d4a                Phys::freePage(unsigned long)
                0x00000000c0007db3                Phys::allocatePage()
                0x00000000c0007e82                Phys::allocateContiguousPages(int)
                0x00000000c0007ee9                Phys::allowSegmentToBeUsed(unsigned long, unsigned long)
                0x00000000c0007f21                Phys::physicalMemorySetup(unsigned int)
 *fill*         0x00000000c0008205        0x1 
 .text          0x00000000c0008206      0x273 core/pipe.32
                0x00000000c0008206                Pipe::isAtty()
                0x00000000c000820a                Pipe::~Pipe()
                0x00000000c000820a                Pipe::~Pipe()
                0x00000000c000822e                Pipe::~Pipe()
                0x00000000c0008256                Pipe::write(unsigned long long, void*, int*)
                0x00000000c0008316                Pipe::read(unsigned long long, void*, int*)
                0x00000000c0008412                Pipe::Pipe(int)
                0x00000000c0008412                Pipe::Pipe(int)
 *fill*         0x00000000c0008479        0x1 
 .text          0x00000000c000847a      0xad8 core/terminal.32
                0x00000000c000847a                VgaText::isAtty()
                0x00000000c000847e                VgaText::~VgaText()
                0x00000000c000847e                VgaText::~VgaText()
                0x00000000c00084a2                VgaText::~VgaText()
                0x00000000c00084cc                VgaText::read(unsigned long long, void*, int*)
                0x00000000c00084ec                setTerminalScrollLock(bool)
                0x00000000c00084ed                doTerminalCycle()
                0x00000000c00084ee                addToTerminalCycle(VgaText*)
                0x00000000c00084ef                scrollTerminalScrollLock(int)
                0x00000000c00084f0                VgaText::updateTitle()
                0x00000000c00084f2                VgaText::load()
                0x00000000c00084f4                VgaText::updateCursor()
                0x00000000c000850a                VgaText::doANSI_SGR(int)
                0x00000000c000857e                VgaText::setDefaultBgColour(VgaColour)
                0x00000000c000858e                VgaText::setDefaultFgColour(VgaColour)
                0x00000000c000859e                VgaText::setDefaultColours(VgaColour, VgaColour)
                0x00000000c00085be                VgaText::setTitleTextColour(VgaColour)
                0x00000000c00085ca                VgaText::setTitleColour(VgaColour)
                0x00000000c00085d6                VgaText::setTitle(char*)
                0x00000000c00085d8                VgaText::combineColours(unsigned char, unsigned char)
                0x00000000c00085ea                VgaText::scrollScreen()
                0x00000000c000867c                VgaText::combineCharAndColour(char, unsigned char)
                0x00000000c000868c                VgaText::writeCharacter(char, VgaColour, VgaColour, int, int)
                0x00000000c000871c                VgaText::getCursorX()
                0x00000000c0008724                VgaText::getCursorY()
                0x00000000c000872c                VgaText::setCursor(int, int)
                0x00000000c0008743                setActiveTerminal(VgaText*)
                0x00000000c000878e                VgaText::clearScreen()
                0x00000000c00087dc                VgaText::setCursorX(int)
                0x00000000c00087f4                VgaText::setCursorY(int)
                0x00000000c000880c                VgaText::incrementCursor(bool)
                0x00000000c0008860                VgaText::decrementCursor(bool)
                0x00000000c0008882                VgaText::putchar(char, VgaColour, VgaColour)
                0x00000000c0008952                VgaText::putchar(char)
                0x00000000c0008a4a                VgaText::putx(unsigned int)
                0x00000000c0008a90                VgaText::puts(char const*)
                0x00000000c0008ab6                VgaText::write(unsigned long long, void*, int*)
                0x00000000c0008b02                VgaText::puts(char const*, VgaColour, VgaColour)
                0x00000000c0008c50                VgaText::VgaText(char const*)
                0x00000000c0008c50                VgaText::VgaText(char const*)
                0x00000000c0008da0                VgaText::receiveKey(unsigned char)
                0x00000000c0008f2c                VgaText::doUpdate()
                0x00000000c0008f2d                newTerminal(char*)
 *fill*         0x00000000c0008f52        0x2 
 .text          0x00000000c0008f54      0x1a1 core/tss.32
                0x00000000c0008f54                TSS::TSS()
                0x00000000c0008f54                TSS::TSS()
                0x00000000c0008f64                TSS::setESP(unsigned long)
                0x00000000c0008f78                TSS::flush()
                0x00000000c0008f98                TSS::setup(unsigned long, unsigned long)
 *fill*         0x00000000c00090f5        0x1 
 .text          0x00000000c00090f6      0x4ca core/unixfile.32
                0x00000000c00090f6                ReservedFilename::read(unsigned long long, void*, int*)
                0x00000000c000914c                ReservedFilename::isAtty()
                0x00000000c0009168                ReservedFilename::write(unsigned long long, void*, int*)
                0x00000000c00091c6                UnixFile::getFileDescriptor()
                0x00000000c00091ce                UnixFile::UnixFile(int)
                0x00000000c00091ce                UnixFile::UnixFile(int)
                0x00000000c0009382                ReservedFilename::ReservedFilename(int)
                0x00000000c0009382                ReservedFilename::ReservedFilename(int)
                0x00000000c00093b4                UnixFile::~UnixFile()
                0x00000000c00093b4                UnixFile::~UnixFile()
                0x00000000c0009450                UnixFile::~UnixFile()
                0x00000000c0009478                ReservedFilename::~ReservedFilename()
                0x00000000c0009478                ReservedFilename::~ReservedFilename()
                0x00000000c000949c                ReservedFilename::~ReservedFilename()
                0x00000000c00094c3                getFromFileDescriptor(int)
 .text          0x00000000c00095c0     0x12ba core/virtmgr.32
                0x00000000c00095c0                Virt::setPageState(unsigned long, Virt::VirtPageState)
                0x00000000c00095fa                Virt::getPageState(unsigned long)
                0x00000000c000961d                Virt::allocateKernelVirtualPages(int)
                0x00000000c0009742                Virt::freeSwapfilePage(unsigned long)
                0x00000000c0009765                Virt::swapIDToSector(unsigned long)
                0x00000000c000977b                Virt::allocateSwapfilePage()
                0x00000000c00097fb                Virt::virtualMemorySetup()
                0x00000000c000984c                Virt::setupPageSwapping(int)
                0x00000000c00098be                VAS::VAS(VAS*)
                0x00000000c00098be                VAS::VAS(VAS*)
                0x00000000c00098ec                VAS::getForeignPageTableEntry(bool, unsigned long)
                0x00000000c000991a                VAS::getPageTableEntry(unsigned long)
                0x00000000c0009939                Virt::freeKernelVirtualPages(unsigned long)
                0x00000000c0009a4c                VAS::freeAllocatedPages(unsigned long)
                0x00000000c0009a70                VAS::virtualToPhysical(unsigned long)
                0x00000000c0009a8a                VAS::reflagRange(unsigned long, int, int, int)
                0x00000000c0009acc                VAS::VAS()
                0x00000000c0009acc                VAS::VAS()
                0x00000000c0009b36                VAS::setToWriteCombining(unsigned long, int)
                0x00000000c0009b6a                VAS::mapOtherVASIn(bool, VAS*)
                0x00000000c0009b96                VAS::~VAS()
                0x00000000c0009b96                VAS::~VAS()
                0x00000000c0009d04                VAS::mapPage(unsigned long, unsigned long, int)
                0x00000000c0009e0a                VAS::allocatePages(int, int)
                0x00000000c0009ffa                VAS::setCPUSpecific(unsigned long)
                0x00000000c000a018                VAS::mapRange(unsigned long, unsigned long, int, int)
                0x00000000c000a0ee                VAS::mapForeignPage(bool, VAS*, unsigned long, unsigned long, int)
                0x00000000c000a1e4                VAS::VAS(bool)
                0x00000000c000a1e4                VAS::VAS(bool)
                0x00000000c000a476                VAS::evict(unsigned long)
                0x00000000c000a554                VAS::tryLoadBackOffDisk(unsigned long)
                0x00000000c000a67c                VAS::scanForEviction()
                0x00000000c000a77f                mapVASFirstTime
 .text          0x00000000c000a87a       0x5f coreobjs/c++.32
                0x00000000c000a87a                __cxa_atexit
                0x00000000c000a87d                __cxa_finalize
                0x00000000c000a87e                __stack_chk_fail
                0x00000000c000a8b4                __cxa_pure_virtual
                0x00000000c000a8c5                operator new[](unsigned long)
                0x00000000c000a8ca                operator delete(void*, unsigned long)
                0x00000000c000a8cf                operator delete[](void*)
                0x00000000c000a8d4                operator delete[](void*, unsigned long)
 .text          0x00000000c000a8d9      0x254 dbg/kconsole.32
                0x00000000c000a8d9                Dbg::stringifyxWithBase(unsigned int, char*, int)
                0x00000000c000a979                Dbg::logc(char)
                0x00000000c000a999                Dbg::logs(char*)
                0x00000000c000a9b8                Dbg::logWriteInt(unsigned int)
                0x00000000c000a9d6                Dbg::logWriteIntBase(unsigned int, int)
                0x00000000c000a9f7                Dbg::kprintf(char const*, ...)
 *fill*         0x00000000c000ab2d        0x1 
 .text          0x00000000c000ab2e      0xc60 fs/vfs.32
                0x00000000c000ab2e                File::read(unsigned long long, void*, int*)
                0x00000000c000ab86                File::write(unsigned long long, void*, int*)
                0x00000000c000abde                Directory::read(unsigned long long, void*, int*)
                0x00000000c000ac36                Directory::write(unsigned long long, void*, int*)
                0x00000000c000ac64                File::isAtty()
                0x00000000c000ac68                Directory::isAtty()
                0x00000000c000ac6c                Filesystem::getlabel(LogicalDisk*, int, char*, unsigned int*)
                0x00000000c000ac72                Filesystem::setlabel(LogicalDisk*, int, char*)
                0x00000000c000ac78                Filesystem::allocateSwapfile(char const*, int)
                0x00000000c000ac7e                File::~File()
                0x00000000c000ac7e                File::~File()
                0x00000000c000aca2                File::~File()
                0x00000000c000accc                Directory::~Directory()
                0x00000000c000accc                Directory::~Directory()
                0x00000000c000acf0                Directory::~Directory()
                0x00000000c000ad1a                Filesystem::Filesystem()
                0x00000000c000ad1a                Filesystem::Filesystem()
                0x00000000c000ad3e                Filesystem::~Filesystem()
                0x00000000c000ad3e                Filesystem::~Filesystem()
                0x00000000c000ad4c                Filesystem::~Filesystem()
                0x00000000c000ad70                Fs::getcwd(Process*, char*, int)
                0x00000000c000ad9a                Fs::initVFS()
                0x00000000c000adc4                Fs::standardiseFiles(char*, char const*, char const*)
                0x00000000c000af7a                File::File(char const*, Process*)
                0x00000000c000af7a                File::File(char const*, Process*)
                0x00000000c000b036                File::open(FileOpenMode)
                0x00000000c000b094                File::close()
                0x00000000c000b0f4                File::seek(unsigned long long)
                0x00000000c000b14a                File::tell(unsigned long long*)
                0x00000000c000b19a                File::rewind()
                0x00000000c000b1ae                File::unlink()
                0x00000000c000b1fa                File::rename(char const*)
                0x00000000c000b248                File::chfatattr(unsigned char, unsigned char)
                0x00000000c000b2a4                File::exists()
                0x00000000c000b2e2                File::stat(unsigned long long*, bool*)
                0x00000000c000b343                Fs::setcwd(Process*, char*)
                0x00000000c000b4a0                Directory::Directory(char const*, Process*)
                0x00000000c000b4a0                Directory::Directory(char const*, Process*)
                0x00000000c000b55c                Directory::open()
                0x00000000c000b5b8                Directory::close()
                0x00000000c000b618                Directory::unlink()
                0x00000000c000b664                Directory::rename(char const*)
                0x00000000c000b6b2                Directory::exists()
                0x00000000c000b6f0                Directory::read(dirent*)
                0x00000000c000b73c                Directory::create()
                0x00000000c000b788                Filesystem::chfatattr(char const*, unsigned char, unsigned char)
 *fill*         0x00000000c000b78e        0x2 
 .text          0x00000000c000b790       0x86 hal/bus.32
                0x00000000c000b790                Bus::Bus(char const*)
                0x00000000c000b790                Bus::Bus(char const*)
                0x00000000c000b7c8                Bus::~Bus()
                0x00000000c000b7c8                Bus::~Bus()
                0x00000000c000b7ec                Bus::~Bus()
 .text          0x00000000c000b816       0x96 hal/buzzer.32
                0x00000000c000b816                beepThread(void*)
                0x00000000c000b853                Krnl::beep(int, int, bool)
 .text          0x00000000c000b8ac      0x45f hal/clock.32
                0x00000000c000b8ac                User::loadClockSettings(int)
                0x00000000c000b8fe                Clock::Clock(char const*)
                0x00000000c000b8fe                Clock::Clock(char const*)
                0x00000000c000b934                Clock::~Clock()
                0x00000000c000b934                Clock::~Clock()
                0x00000000c000b958                Clock::~Clock()
                0x00000000c000b982                Clock::timeInSecondsLocal()
                0x00000000c000b9ca                Clock::setTimeInSecondsLocal(unsigned long long)
                0x00000000c000ba23                datetimeToSeconds(datetime_t)
                0x00000000c000bb42                Clock::setTimeInDatetimeLocal(datetime_t)
                0x00000000c000bba2                secondsToDatetime(unsigned long long)
                0x00000000c000bce6                Clock::timeInDatetimeLocal()
 *fill*         0x00000000c000bd0b        0x1 
 .text          0x00000000c000bd0c      0x464 hal/device.32
                0x00000000c000bd0c                Device::hibernate()
                0x00000000c000bd0e                Device::wake()
                0x00000000c000bd10                Device::detect()
                0x00000000c000bd12                Device::disableLegacy()
                0x00000000c000bd14                Device::powerSaving(PowerSavingLevel)
                0x00000000c000bd16                DriverlessDevice::close(int, int, void*)
                0x00000000c000bd1a                DriverlessDevice::detect()
                0x00000000c000bd1c                DriverlessDevice::open(int, int, void*)
                0x00000000c000bd30                Device::~Device()
                0x00000000c000bd30                Device::~Device()
                0x00000000c000bd3e                Device::~Device()
                0x00000000c000bd66                Device::findAndLoadDriver()
                0x00000000c000bd74                Device::preOpenPCI(PCIDeviceInfo)
                0x00000000c000bd9a                Device::preOpenACPI(void*, char*, char*)
                0x00000000c000bdda                Device::addIRQHandler(int, void (*)(regs*, void*), bool, void*)
                0x00000000c000be04                Device::getParent()
                0x00000000c000be10                Device::removeIRQHandler(int, void (*)(regs*, void*), bool)
                0x00000000c000be2e                Device::addChild(Device*)
                0x00000000c000be72                Device::removeAllChildren()
                0x00000000c000beb8                Device::hibernateAll()
                0x00000000c000bee8                Device::wakeAll()
                0x00000000c000bf18                Device::detectAll()
                0x00000000c000bf48                Device::disableLegacyAll()
                0x00000000c000bf4a                Device::loadDriversForAll()
                0x00000000c000bf4c                Device::closeAll()
                0x00000000c000bf82                Device::powerSavingAll(PowerSavingLevel)
                0x00000000c000bfb8                Device::setName(char const*)
                0x00000000c000bfc6                Device::Device(char const*)
                0x00000000c000bfc6                Device::Device(char const*)
                0x00000000c000c0c2                Device::getName()
                0x00000000c000c0cc                DriverlessDevice::DriverlessDevice(char const*)
                0x00000000c000c0cc                DriverlessDevice::DriverlessDevice(char const*)
                0x00000000c000c102                Device::addToLinkedList(LinkedList<Device>&, DeviceType)
                0x00000000c000c146                getDevicesOfType(DeviceType)
 .text          0x00000000c000c170       0x86 hal/diskctrl.32
                0x00000000c000c170                HardDiskController::HardDiskController(char const*)
                0x00000000c000c170                HardDiskController::HardDiskController(char const*)
                0x00000000c000c1a8                HardDiskController::~HardDiskController()
                0x00000000c000c1a8                HardDiskController::~HardDiskController()
                0x00000000c000c1cc                HardDiskController::~HardDiskController()
 .text          0x00000000c000c1f6       0xe2 hal/diskphys.32
                0x00000000c000c1f6                PhysicalDisk::eject()
                0x00000000c000c1fa                PhysicalDisk::PhysicalDisk(char const*, int)
                0x00000000c000c1fa                PhysicalDisk::PhysicalDisk(char const*, int)
                0x00000000c000c262                PhysicalDisk::startCache()
                0x00000000c000c28a                PhysicalDisk::~PhysicalDisk()
                0x00000000c000c28a                PhysicalDisk::~PhysicalDisk()
                0x00000000c000c2ae                PhysicalDisk::~PhysicalDisk()
 .text          0x00000000c000c2d8        0x0 hal/fpu.32
 .text          0x00000000c000c2d8      0x359 hal/intctrl.32
                0x00000000c000c2d8                int_handler
                0x00000000c000c362                installISRHandler(int, void (*)(regs*, void*), void*)
                0x00000000c000c3ac                installIRQHandler(int, void (*)(regs*, void*), bool, void*)
                0x00000000c000c4e0                uninstallISRHandler(int, void (*)(regs*, void*))
                0x00000000c000c514                uninstallIRQHandler(int, void (*)(regs*, void*), bool)
                0x00000000c000c592                setupINTS()
                0x00000000c000c5ef                convertLegacyIRQNumber(int)
 *fill*         0x00000000c000c631        0x1 
 .text          0x00000000c000c632      0x8be hal/keybrd.32
                0x00000000c000c632                startGUI(void*)
                0x00000000c000c6a0                startGUIVESA(void*)
                0x00000000c000c70e                sendKeyToTerminal(unsigned char)
                0x00000000c000c7e9                sendKeyboardToken(KeyboardToken)
                0x00000000c000ccd3                clearInternalKeybuffer(VgaText*)
                0x00000000c000cd08                readKeyboard(VgaText*, char*, unsigned long)
                0x00000000c000ce66                Keyboard::Keyboard(char const*)
                0x00000000c000ce66                Keyboard::Keyboard(char const*)
                0x00000000c000cea2                Keyboard::~Keyboard()
                0x00000000c000cea2                Keyboard::~Keyboard()
                0x00000000c000cec6                Keyboard::~Keyboard()
 .text          0x00000000c000cef0      0x3f8 hal/logidisk.32
                0x00000000c000cef0                LogicalDisk::close(int, int, void*)
                0x00000000c000cef4                LogicalDisk::~LogicalDisk()
                0x00000000c000cef4                LogicalDisk::~LogicalDisk()
                0x00000000c000cf18                LogicalDisk::~LogicalDisk()
                0x00000000c000cf42                LogicalDisk::open(int, int, void*)
                0x00000000c000cf56                LogicalDisk::absoluteToRelative(unsigned long long)
                0x00000000c000cf8e                LogicalDisk::relativeToAbsolute(unsigned long long)
                0x00000000c000cfd4                LogicalDisk::LogicalDisk(char const*, PhysicalDisk*, unsigned long long, unsigned long long)
                0x00000000c000cfd4                LogicalDisk::LogicalDisk(char const*, PhysicalDisk*, unsigned long long, unsigned long long)
                0x00000000c000d094                LogicalDisk::assignDriveLetter()
                0x00000000c000d14e                LogicalDisk::mount()
                0x00000000c000d196                LogicalDisk::unmount()
                0x00000000c000d1a6                LogicalDisk::eject()
                0x00000000c000d1ba                LogicalDisk::unassignDriveLetter()
                0x00000000c000d210                LogicalDisk::read(unsigned long long, int, void*)
                0x00000000c000d27c                LogicalDisk::write(unsigned long long, int, void*)
 .text          0x00000000c000d2e8       0x86 hal/mouse.32
                0x00000000c000d2e8                Mouse::Mouse(char const*)
                0x00000000c000d2e8                Mouse::Mouse(char const*)
                0x00000000c000d320                Mouse::~Mouse()
                0x00000000c000d320                Mouse::~Mouse()
                0x00000000c000d344                Mouse::~Mouse()
 .text          0x00000000c000d36e       0x90 hal/nic.32
                0x00000000c000d36e                NIC::getMAC()
                0x00000000c000d374                NIC::write(int, unsigned char*, int*)
                0x00000000c000d37a                NIC::NIC(char const*)
                0x00000000c000d37a                NIC::NIC(char const*)
                0x00000000c000d3b0                NIC::~NIC()
                0x00000000c000d3b0                NIC::~NIC()
                0x00000000c000d3d4                NIC::~NIC()
 .text          0x00000000c000d3fe      0x33b hal/partition.32
                0x00000000c000d3fe                makePartition(PhysicalDisk*, unsigned long long, unsigned long long)
                0x00000000c000d4a6                createPartitionsForDisk(PhysicalDisk*)
 *fill*         0x00000000c000d739        0x3 
 .text          0x00000000c000d73c       0x86 hal/serial.32
                0x00000000c000d73c                Serial::Serial(char const*)
                0x00000000c000d73c                Serial::Serial(char const*)
                0x00000000c000d774                Serial::~Serial()
                0x00000000c000d774                Serial::~Serial()
                0x00000000c000d798                Serial::~Serial()
 *fill*         0x00000000c000d7c2        0x2 
 .text          0x00000000c000d7c4      0x234 hal/timer.32
                0x00000000c000d7c4                Timer::Timer(char const*)
                0x00000000c000d7c4                Timer::Timer(char const*)
                0x00000000c000d7fc                Timer::~Timer()
                0x00000000c000d7fc                Timer::~Timer()
                0x00000000c000d820                Timer::~Timer()
                0x00000000c000d84a                Timer::read()
                0x00000000c000d855                setupTimer(int)
                0x00000000c000d890                timerHandler(unsigned int)
 .text          0x00000000c000d9f8      0x444 hal/vcache.32
                0x00000000c000d9f8                VCache::VCache(PhysicalDisk*)
                0x00000000c000d9f8                VCache::VCache(PhysicalDisk*)
                0x00000000c000db68                VCache::invalidateReadBuffer()
                0x00000000c000db78                VCache::writeWriteBuffer()
                0x00000000c000dbc4                VCache::~VCache()
                0x00000000c000dbc4                VCache::~VCache()
                0x00000000c000dc1c                VCache::~VCache()
                0x00000000c000dc44                VCache::write(unsigned long long, int, void*)
                0x00000000c000dd32                VCache::read(unsigned long long, int, void*)
 .text          0x00000000c000de3c      0x4c7 hal/video.32
                0x00000000c000de3c                Video::putrect(int, int, int, int, unsigned int)
                0x00000000c000de88                Video::bitblit(int, int, int, int, int, int, int, unsigned int*)
                0x00000000c000def8                Video::blit(unsigned int*, int, int, int, int)
                0x00000000c000df76                Video::clearScreen(unsigned int)
                0x00000000c000dfaa                Video::putpixel(int, int, unsigned int)
                0x00000000c000dfb8                Video::readPixelApprox(int, int)
                0x00000000c000dfcc                Video::Video(char const*)
                0x00000000c000dfcc                Video::Video(char const*)
                0x00000000c000e002                Video::~Video()
                0x00000000c000e002                Video::~Video()
                0x00000000c000e026                Video::~Video()
                0x00000000c000e050                Video::isMonochrome()
                0x00000000c000e05c                Video::getWidth()
                0x00000000c000e068                Video::getHeight()
                0x00000000c000e074                Video::drawCursor(int, int, unsigned int*, int)
                0x00000000c000e130                Video::tgaParse(unsigned char*, int, int*, int*)
                0x00000000c000e298                Video::putTGA(int, int, unsigned char*, int)
 *fill*         0x00000000c000e303        0x1 
 .text          0x00000000c000e304     0x138b hw/acpi.32
                0x00000000c000e304                ACPI::close(int, int, void*)
                0x00000000c000e3b8                findRSDP()
                0x00000000c000e450                loadACPITables(unsigned char*)
                0x00000000c000e6bc                findRSDT(unsigned char*)
                0x00000000c000e814                findDataTable(unsigned char*, char*)
                0x00000000c000e894                scanMADT()
                0x00000000c000ed4c                ACPI::ACPI()
                0x00000000c000ed4c                ACPI::ACPI()
                0x00000000c000eda0                ACPI::getPCIIRQAssignment(unsigned char, unsigned short, unsigned char)
                0x00000000c000ee9c                ACPI::registerPCIIRQAssignment(void*, unsigned short, unsigned char, unsigned char)
                0x00000000c000ef68                ACPI::setScreenBrightnessLevel(void*, int)
                0x00000000c000ef70                ACPI::detectPCI()
                0x00000000c000f190                ACPI::writeSimpleBootFlag(SimpleBootFlagTable*)
                0x00000000c000f1d8                ACPI::sleep()
                0x00000000c000f1f4                ACPI::open(int, int, void*)
 *fill*         0x00000000c000f68f        0x1 
 .text          0x00000000c000f690      0xba5 hw/cpu.32
                0x00000000c000f690                CPU::close(int, int, void*)
                0x00000000c000f694                CPU::AMD_K6_write_msr(unsigned int, unsigned int, unsigned int, CPU::REGS*)
                0x00000000c000f6b0                CPU::AMD_K6_read_msr(unsigned int, CPU::REGS*)
                0x00000000c000f6c8                CPU::AMD_K6_writeback(int, int, int)
                0x00000000c000f73c                CPU::cpuid(int, unsigned long*, unsigned long*, unsigned long*, unsigned long*)
                0x00000000c000f7c0                CPU::cpuidCheckEDX(unsigned int)
                0x00000000c000f7ee                CPU::cpuidCheckECX(unsigned int)
                0x00000000c000f81c                CPU::cpuidCheckExtendedEBX(unsigned int)
                0x00000000c000f84a                CPU::cpuidCheckExtendedECX(unsigned int)
                0x00000000c000f878                CPU::CPU()
                0x00000000c000f878                CPU::CPU()
                0x00000000c000f906                CPU::displayFeatures()
                0x00000000c000f908                CPU::detectFeatures()
                0x00000000c000ffdc                CPU::setupSMEP()
                0x00000000c000ffe8                CPU::setupUMIP()
                0x00000000c000fff2                CPU::setupTSC()
                0x00000000c000fffc                CPU::setupLargePages()
                0x00000000c0010006                CPU::setupPAT()
                0x00000000c0010042                CPU::setupMTRR()
                0x00000000c0010044                CPU::setupGlobalPages()
                0x00000000c001004e                CPU::allowUsermodeDataAccess()
                0x00000000c0010060                CPU::prohibitUsermodeDataAccess()
                0x00000000c0010072                CPU::setupSMAP()
                0x00000000c0010080                CPU::setupFeatures()
                0x00000000c001014c                CPU::open(int, int, void*)
 .text          0x00000000c0010235       0xd8 krnl/bootmsg.32
                0x00000000c0010235                KeDisplaySplashScreen()
                0x00000000c00102aa                KeSetBootMessage(char const*)
 *fill*         0x00000000c001030d        0x1 
 .text          0x00000000c001030e      0x585 krnl/env.32
                0x00000000c001030e                EnvVarContainer::getEnv(char const*)
                0x00000000c001034c                EnvVarContainer::setEnv(char const*, char const*)
                0x00000000c001040e                EnvVarContainer::deleteEnv(char const*)
                0x00000000c0010410                EnvVarContainer::loadFrom(char const*, char const*)
                0x00000000c00105fa                EnvVarContainer::__loadSystem()
                0x00000000c0010614                EnvVarContainer::__loadUser()
                0x00000000c0010616                EnvVarContainer::EnvVarContainer(Process*)
                0x00000000c0010616                EnvVarContainer::EnvVarContainer(Process*)
                0x00000000c0010638                EnvVarContainer::~EnvVarContainer()
                0x00000000c0010638                EnvVarContainer::~EnvVarContainer()
                0x00000000c0010668                Krnl::getEnv(Process*, char const*)
                0x00000000c00106cd                Krnl::setEnvSystem(char const*, char const*)
                0x00000000c00106e7                Krnl::setEnvUser(char const*, char const*)
                0x00000000c0010706                Krnl::setEnvProcess(Process*, char const*, char const*)
                0x00000000c0010719                Krnl::deleteEnvSystem(char const*)
                0x00000000c001071a                Krnl::deleteEnvUser(char const*)
                0x00000000c001071b                Krnl::deleteEnvProcess(Process*, char const*)
                0x00000000c001071c                Krnl::newProcessEnv(Process*)
                0x00000000c001073e                Krnl::copyProcessEnv(Process*, Process*)
                0x00000000c001078a                Krnl::loadSystemEnv()
                0x00000000c00107b8                Krnl::loadUserEnv()
                0x00000000c00107de                Krnl::flushEnv()
                0x00000000c00107df                Krnl::getProcessTotalEnvCount(Process*)
                0x00000000c00107ff                Krnl::getProcessEnvPair(Process*, int)
 .text          0x00000000c0010893       0x94 krnl/inlines.32
                0x00000000c0010893                CPU::current()
                0x00000000c001089f                operator new(unsigned long)
                0x00000000c00108a4                operator delete(void*)
                0x00000000c00108a9                disableIRQs()
                0x00000000c00108ab                enableIRQs()
                0x00000000c00108ad                lockScheduler()
                0x00000000c00108b5                unlockScheduler()
                0x00000000c00108c4                lockStuff()
                0x00000000c00108d2                unlockStuff()
                0x00000000c001090c                Virt::getAKernelVAS()
                0x00000000c0010912                __not_memcpy
 .text          0x00000000c0010927        0xc krnl/panic.32
                0x00000000c0010927                KePanic(char const*)
 .text          0x00000000c0010933      0x142 krnl/powctrl.32
                0x00000000c0010933                Krnl::powerThread(void*)
                0x00000000c0010961                Krnl::changePowerSettings(Krnl::PowerSettings)
                0x00000000c0010977                Krnl::userIOReceived()
                0x00000000c0010982                Krnl::handlePowerButton()
                0x00000000c00109b7                Krnl::handleSleepButton()
                0x00000000c00109ec                Krnl::setupPowerManager()
 .text          0x00000000c0010a75       0x9d krnl/random.32
                0x00000000c0010a75                KeRand()
                0x00000000c0010ab7                KeSeedRand(unsigned int)
                0x00000000c0010ae0                KeInitRand()
 *fill*         0x00000000c0010b12        0x2 
 .text          0x00000000c0010b14      0x1bc krnl/resolve.32
                0x00000000c0010b14                KeResolveCompatibilitySymbol(char*)
 .text          0x00000000c0010cd0      0x313 krnl/signal.32
                0x00000000c0010cd0                KiSigKill(int)
                0x00000000c0010ce4                KiDefaultSignalHandlerIgnore(int)
                0x00000000c0010ce5                KiDefaultSignalHandlerPause(int)
                0x00000000c0010d11                KiDefaultSignalHandlerResume(int)
                0x00000000c0010d3d                KeDeinitSignals(SigHandlerBlock*)
                0x00000000c0010d42                KeInitSignals()
                0x00000000c0010d8d                KeRegisterSignalHandler(SigHandlerBlock*, int, void (*)(int), unsigned int, int)
                0x00000000c0010dc3                KeRaiseSignal(SigHandlerBlock*, int)
                0x00000000c0010e40                KeCheckSignal(SigHandlerBlock*, int*)
                0x00000000c0010f2f                KiCheckSignalZ
                0x00000000c0010f71                KeCompleteSignal(SigHandlerBlock*, int)
                0x00000000c0010fac                KiFinishSignalZ
 .text          0x00000000c0010fe3      0xc61 krnl/syscalls.32
                0x00000000c0010fe3                SysSeekDir(regs*)
                0x00000000c0010fe8                SysTellDir(regs*)
                0x00000000c0010fed                SysVerify(regs*)
                0x00000000c0010ff7                SysGetArgc(regs*)
                0x00000000c001100b                SysTTYName(regs*)
                0x00000000c0011013                SysFormatDisk(regs*)
                0x00000000c001108a                SysSetDiskVolumeLabel(regs*)
                0x00000000c00110de                SysGetDiskVolumeLabel(regs*)
                0x00000000c0011137                SysShutdown(regs*)
                0x00000000c0011195                SysRealpath(regs*)
                0x00000000c00111da                SysReadDir(regs*)
                0x00000000c001125a                SysIsATTY(regs*)
                0x00000000c00112b4                SysSeek(regs*)
                0x00000000c001130b                SysTell(regs*)
                0x00000000c0011378                SysSize(regs*)
                0x00000000c00113eb                SysSizeFromFilename(regs*)
                0x00000000c001149c                SysClose(regs*)
                0x00000000c00114fc                SysOpenDir(regs*)
                0x00000000c0011579                SysMakeDir(regs*)
                0x00000000c00115e7                SysCloseDir(regs*)
                0x00000000c001163b                SysWait(regs*)
                0x00000000c001165c                SysNotImpl(regs*)
                0x00000000c0011677                SysPanic(regs*)
                0x00000000c0011692                SysRmdir(regs*)
                0x00000000c00116f7                SysUnlink(regs*)
                0x00000000c001175c                SysGetArgv(regs*)
                0x00000000c00117a9                SysUSleep(regs*)
                0x00000000c00117d2                SysSpawn(regs*)
                0x00000000c0011845                SysGetEnv(regs*)
                0x00000000c00118f6                SysSetFatAttrib(regs*)
                0x00000000c0011969                SysPipe(regs*)
                0x00000000c00119ae                SysGetUnixTime(regs*)
                0x00000000c00119c2                string_ends_with(char const*, char const*)
                0x00000000c0011a0a                SysOpen(regs*)
                0x00000000c0011c02                KeSystemCall(regs*, void*)
 .text          0x00000000c0011c44      0x159 net/ethernet.32
                0x00000000c0011c44                KeSwitchEndian16(unsigned short)
                0x00000000c0011c68                KeSwitchEndian32(unsigned int)
                0x00000000c0011c98                EthernetCRC32(unsigned char*, int)
                0x00000000c0011d3c                EthernetReceivedPacket(EthernetUnwrappedFrame*, unsigned short)
 .text          0x00000000c0011d9d      0xd56 reg/cm.32
                0x00000000c0011d9d                CmOpen(char const*)
                0x00000000c0011ebb                CmClose(Reghive_Tag*)
                0x00000000c0011ed1                CmReadExtent(Reghive_Tag*, int, unsigned char*)
                0x00000000c0011f0d                CmGetString(Reghive_Tag*, int, char*)
                0x00000000c0011f84                CmEnterDirectory(Reghive_Tag*, int)
                0x00000000c0011fc3                CmGetNext(Reghive_Tag*, int)
                0x00000000c0011ff5                CmWriteExtent(Reghive_Tag*, int, unsigned char*)
                0x00000000c0012031                CmFreeExtent(Reghive_Tag*, int)
                0x00000000c0012059                CmUpdateHeader(Reghive_Tag*)
                0x00000000c001207a                CmExpand(Reghive_Tag*, int)
                0x00000000c00120f5                CmFindUnusedExtent(Reghive_Tag*)
                0x00000000c001217b                CmCreateExtent(Reghive_Tag*, int, int, unsigned char*)
                0x00000000c001226f                CmSetString(Reghive_Tag*, int, char const*)
                0x00000000c00123ab                CmGetMatch(char*, char*, bool, bool*)
                0x00000000c001240c                CmAddShift(unsigned int*, int*, unsigned char, int)
                0x00000000c001243c                CmGetShift(unsigned int*, int*, int, bool*)
                0x00000000c0012473                CmGetInteger(Reghive_Tag*, int, unsigned long long*)
                0x00000000c001249d                CmSetInteger(Reghive_Tag*, int, unsigned long long)
                0x00000000c00124dd                CmConvertFromInternalFilename(unsigned char const*, char*)
                0x00000000c0012581                CmGetNameAndTypeFromExtent(Reghive_Tag*, int, char*)
                0x00000000c00125af                CmConvertToInternalFilename(char const*, unsigned char*)
                0x00000000c001274d                CmCreateString(Reghive_Tag*, int, char const*)
                0x00000000c001279a                CmFindInDirectory(Reghive_Tag*, int, char const*)
                0x00000000c0012814                CmCreateInteger(Reghive_Tag*, int, char const*, unsigned long long, int)
                0x00000000c0012867                CmCreateDirectory(Reghive_Tag*, int, char const*)
                0x00000000c001292b                zStrtok(char*, char const*)
                0x00000000c001299d                CmFindObjectFromPath(Reghive_Tag*, char const*)
                0x00000000c0012a1e                CmDisplayTree(Reghive_Tag*, int, int)
                0x00000000c0012ac1                CmSplitFinalSlashInPlace(char*)
 .text          0x00000000c0012af3      0x52a reg/registry.32
                0x00000000c0012af3                Reg::findLineFromLoadedData(char*, char*, char*)
                0x00000000c0012c64                Reg::getLineFromRegistry(char*, char*, char*, char*)
                0x00000000c0012db9                Reg::getLine(char*, char*, char*)
                0x00000000c0012df0                Reg::readInt(char*, char*, int*)
                0x00000000c0012ede                Reg::readString(char*, char*, char*, int)
                0x00000000c0012f5f                Reg::readBool(char*, char*, bool*)
                0x00000000c0012f84                Reg::readBoolWithDefault(char*, char*, bool)
                0x00000000c0012fb0                Reg::readIntWithDefault(char*, char*, int)
                0x00000000c0012fdc                Reg::readStringWithDefault(char*, char*, char*, int, char*)
 .text          0x00000000c001301d       0x36 sys/eject.32
                0x00000000c001301d                SysEject(regs*)
 .text          0x00000000c0013053       0x18 sys/exit.32
                0x00000000c0013053                SysExit(regs*)
 .text          0x00000000c001306b       0x1f sys/getcwd.32
                0x00000000c001306b                SysGetCwd(regs*)
 .text          0x00000000c001308a        0xc sys/getpid.32
                0x00000000c001308a                SysGetPID(regs*)
 .text          0x00000000c0013096       0x1a sys/getramdata.32
                0x00000000c0013096                SysGetRAMData(regs*)
 .text          0x00000000c00130b0       0x82 sys/getvgaptr.32
                0x00000000c00130b0                SysGetVGAPtr(regs*)
 *fill*         0x00000000c0013132        0x2 
 .text          0x00000000c0013134       0xb9 sys/kill.32
                0x00000000c0013134                SysKill(regs*)
 .text          0x00000000c00131ed       0xa8 sys/loaddll.32
                0x00000000c00131ed                SysLoadDLL(regs*)
 .text          0x00000000c0013295       0x68 sys/read.32
                0x00000000c0013295                SysRead(regs*)
 .text          0x00000000c00132fd       0x29 sys/registersignal.32
                0x00000000c00132fd                SysRegisterSignal(regs*)
 .text          0x00000000c0013326      0x19c sys/registry.32
                0x00000000c0013326                SysRegistryGetTypeFromPath(regs*)
                0x00000000c001339d                SysRegistryReadExtent(regs*)
                0x00000000c00133e5                SysRegistryPathToExtentLookup(regs*)
                0x00000000c001340d                SysRegistryEnterDirectory(regs*)
                0x00000000c0013435                SysRegistryGetNext(regs*)
                0x00000000c001345d                SysRegistryGetNameAndTypeFromExtent(regs*)
                0x00000000c0013497                SysRegistryOpen(regs*)
                0x00000000c00134ab                SysRegistryClose(regs*)
 .text          0x00000000c00134c2       0x55 sys/sbrk.32
                0x00000000c00134c2                SysSbrk(regs*)
 .text          0x00000000c0013517       0x1c sys/setcwd.32
                0x00000000c0013517                SysSetCwd(regs*)
 .text          0x00000000c0013533       0x96 sys/settime.32
                0x00000000c0013533                SysSetTime(regs*)
 .text          0x00000000c00135c9       0x4a sys/timezone.32
                0x00000000c00135c9                SysTimezone(regs*)
 .text          0x00000000c0013613       0x68 sys/write.32
                0x00000000c0013613                SysWrite(regs*)
 .text          0x00000000c001367b       0x62 sys/wsbe.32
                0x00000000c001367b                SysWsbe(regs*)
 .text          0x00000000c00136dd       0x25 sys/yield.32
                0x00000000c00136dd                SysYield(regs*)
 .text          0x00000000c0013702     0x11e6 thr/elf.32
                0x00000000c0013702                Thr::allocateMemoryForTask(Process*, File*, unsigned long, unsigned long, unsigned long)
                0x00000000c0013990                Thr::loadProgramIntoMemory(Process*, char const*)
                0x00000000c0013ba2                Thr::runtimeReferenceHelper()
                0x00000000c0013bb5                Thr::getAddressOfKernelSymbol(char const*)
                0x00000000c0013c04                Thr::loadKernelSymbolTable(char const*)
                0x00000000c0013ec2                Thr::loadDriverIntoMemory(char const*, unsigned long, bool)
                0x00000000c00145fb                Thr::getDriverBaseFromAddress(unsigned long)
                0x00000000c001462d                Thr::getDriverNameFromAddress(unsigned long)
                0x00000000c0014664                Thr::getDriverOffsetFromAddress(unsigned long)
                0x00000000c001467e                Thr::loadDLL(char const*, bool)
                0x00000000c00148af                Thr::executeDLL(unsigned long, void*)
 .text          0x00000000c00148e8     0x13d9 thr/prcssthr.32
                0x00000000c00148e8                userModeEntryPoint(void*)
                0x00000000c0014910                changeTSS
                0x00000000c0014940                switchToThread(ThreadControlBlock*)
                0x00000000c00149f0                Process::addArgs(char**)
                0x00000000c0014a5c                Process::Process(char const*, Process*, char**)
                0x00000000c0014a5c                Process::Process(char const*, Process*, char**)
                0x00000000c0014c68                Process::Process(bool, char const*, Process*, char**)
                0x00000000c0014c68                Process::Process(bool, char const*, Process*, char**)
                0x00000000c0014e3c                taskStartupFunction
                0x00000000c0014e48                Semaphore::Semaphore(int)
                0x00000000c0014e48                Semaphore::Semaphore(int)
                0x00000000c0014e78                Mutex::Mutex()
                0x00000000c0014e78                Mutex::Mutex()
                0x00000000c0014e8c                Process::createThread(void (*)(void*), void*, int)
                0x00000000c0014f98                Process::createUserThread()
                0x00000000c0014fb8                setupMultitasking(void (*)())
                0x00000000c00150dc                schedule()
                0x00000000c0015170                Semaphore::tryAcquire()
                0x00000000c0015244                Semaphore::assertLocked(char const*)
                0x00000000c00152c8                blockTaskWithSchedulerLockAlreadyHeld(TaskState)
                0x00000000c00152f0                blockTask(TaskState)
                0x00000000c0015328                waitTask(int, int*, int)
                0x00000000c001536c                milliTenthSleepUntil(unsigned int)
                0x00000000c001540c                milliTenthSleep(unsigned int)
                0x00000000c0015420                sleep(unsigned int)
                0x00000000c001543c                Semaphore::acquire()
                0x00000000c0015504                taskReturned
                0x00000000c0015548                Thr::processFromPID(int)
                0x00000000c00155f4                unblockTask(ThreadControlBlock*)
                0x00000000c00156a0                cleanupTerminatedTask(ThreadControlBlock*)
                0x00000000c0015974                cleanerTaskFunction(void*)
                0x00000000c0015a7c                terminateTask(int)
                0x00000000c0015b68                Thr::terminateFromIRQ(int)
                0x00000000c0015b78                Semaphore::release()
 .text          0x00000000c0015cc1      0xbe8 vm86/vm8086.32
                0x00000000c0015cc1                Vm::inbv(unsigned short)
                0x00000000c0015cd4                Vm::outbv(unsigned short, unsigned char)
                0x00000000c0015d0a                Vm::realToLinear(unsigned short, unsigned short)
                0x00000000c0015d1a                Vm::getSegment(unsigned int)
                0x00000000c0015d22                Vm::getOffset(unsigned int)
                0x00000000c0015d27                Vm::mainloop2()
                0x00000000c0015d61                Vm::mainVm8086Loop(void*)
                0x00000000c0015d71                Vm::mainloop3(unsigned long)
                0x00000000c0015d97                Vm::initialise8086()
                0x00000000c0015dda                Vm::finish8086()
                0x00000000c0015e3b                Vm::getOutput8086(unsigned char*)
                0x00000000c0015e60                Vm::start8086FromBuffer(unsigned char*, int, unsigned short, unsigned short, unsigned short, unsigned short)
                0x00000000c0015f19                Vm::start8086(char const*, unsigned short, unsigned short, unsigned short, unsigned short)
                0x00000000c00160a8                Vm::doISR(regs*, int, unsigned char*, unsigned short, unsigned short)
                0x00000000c0016131                Vm::readByteFromReal(unsigned short, unsigned short)
                0x00000000c0016142                Vm::readWordFromReal(unsigned short, unsigned short)
                0x00000000c0016154                Vm::readDwordFromReal(unsigned short, unsigned short)
                0x00000000c0016165                Vm::writeByteFromReal(unsigned short, unsigned short, unsigned char)
                0x00000000c001617a                Vm::writeWordFromReal(unsigned short, unsigned short, unsigned short)
                0x00000000c0016190                Vm::writeDwordFromReal(unsigned short, unsigned short, unsigned int)
                0x00000000c00161a5                Vm::faultHandler(regs*)
 .text          0x00000000c00168a9      0xabf arch/i386/hal.32
                0x00000000c00168a9                noCopro(unsigned long)
                0x00000000c00168aa                nmiHandler(regs*, void*)
                0x00000000c00168c3                doubleFault(regs*, void*)
                0x00000000c00168dc                displayDebugInfo(regs*)
                0x00000000c0016c38                HalSystemIdle()
                0x00000000c0016cb4                displayProgramFault(char const*)
                0x00000000c0016d00                gpFault(regs*, void*)
                0x00000000c0016d67                pgFault(regs*, void*)
                0x00000000c0016df0                otherISRHandler(regs*, void*)
                0x00000000c0016e24                opcodeFault(regs*, void*)
                0x00000000c0016ea7                i386SaveCoprocessor(void*)
                0x00000000c0016ebb                i386LoadCoprocessor(void*)
                0x00000000c0016ecf                x87EmulHandler(regs*, void*)
                0x00000000c0016f6c                HalInitialiseCoprocessor()
                0x00000000c001701a                HalPanic(char const*)
                0x00000000c0017126                HalQueryPerformanceCounter()
                0x00000000c0017141                HalInitialise()
                0x00000000c00172f7                HalMakeBeep(int)
                0x00000000c0017331                HalGetRand()
                0x00000000c0017334                HalEndOfInterrupt(int)
                0x00000000c0017365                HalRestart()
                0x00000000c0017366                HalShutdown()
                0x00000000c0017367                HalSleep()
 .text          0x00000000c0017368      0x2dc arch/i386/pic.32
                0x00000000c0017368                picIoWait()
                0x00000000c0017370                picDisable()
                0x00000000c00173a4                picGetIRQReg(int)
                0x00000000c0017420                picOpen()
                0x00000000c00175a4                picEOI(int)
 .text          0x00000000c0017644      0x674 arch/i386/rtc.32
                0x00000000c0017644                RTC::open(int, int, void*)
                0x00000000c0017648                RTC::close(int, int, void*)
                0x00000000c001764c                RTC::timeInSecondsUTC()
                0x00000000c001765e                RTC::timeInDatetimeUTC()
                0x00000000c0017684                RTC::setTimeInSecondsUTC(unsigned long long)
                0x00000000c00176c2                RTC::~RTC()
                0x00000000c00176c2                RTC::~RTC()
                0x00000000c00176e6                RTC::~RTC()
                0x00000000c0017710                RTC::get_update_in_progress_flag()
                0x00000000c001772a                RTC::completeRTCRefresh()
                0x00000000c0017a0a                RTC::setTimeInDatetimeUTC(datetime_t)
                0x00000000c0017bb8                rtcIRQHandler(regs*, void*)
                0x00000000c0017bfe                RTC::RTC()
                0x00000000c0017bfe                RTC::RTC()
 .text          0x00000000c0017cb8      0x1f4 arch/i386/vga.32
                0x00000000c0017cb8                HalConsoleScroll(int, int)
                0x00000000c0017dc0                HalConsoleWriteCharacter(char, int, int, int, int)
                0x00000000c0017e24                HalConsoleCursorUpdate(int, int)
 .text          0x00000000c0017eac     0x1463 fs/fat/vfslink.32
                0x00000000c0017eac                FAT::getName()
                0x00000000c0017eb4                FAT::tell(void*, unsigned long long*)
                0x00000000c0017ef0                FAT::stat(void*, unsigned long long*)
                0x00000000c0017f2c                FAT::~FAT()
                0x00000000c0017f2c                FAT::~FAT()
                0x00000000c0017f50                FAT::~FAT()
                0x00000000c0017f78                FAT::getlabel(LogicalDisk*, int, char*, unsigned int*)
                0x00000000c001801c                FAT::setlabel(LogicalDisk*, int, char*)
                0x00000000c00180e0                FAT::format(LogicalDisk*, int, char const*, int)
                0x00000000c00182c4                FAT::tryMount(LogicalDisk*, int)
                0x00000000c00184e0                FAT::allocateSwapfile(char const*, int)
                0x00000000c00186a0                FAT::readDir(void*, unsigned long, void*, int*)
                0x00000000c0018810                FAT::read(void*, unsigned long, void*, int*)
                0x00000000c0018870                FAT::write(void*, unsigned long, void*, int*)
                0x00000000c00188d0                FAT::close(void*)
                0x00000000c0018924                FAT::closeDir(void*)
                0x00000000c0018978                FAT::seek(void*, unsigned long long)
                0x00000000c00189d0                fatWrapperReadDisk
                0x00000000c0018a10                fatWrapperWriteDisk
                0x00000000c0018a50                fatWrapperIoctl
                0x00000000c0018b6c                FAT::FAT()
                0x00000000c0018b6c                FAT::FAT()
                0x00000000c0018bc4                FAT::fixFilepath(char*)
                0x00000000c0018c04                FAT::open(char const*, void**, FileOpenMode)
                0x00000000c0018d78                FAT::openDir(char const*, void**)
                0x00000000c0018e28                FAT::stat(char const*, unsigned long long*, bool*)
                0x00000000c0018f20                FAT::unlink(char const*)
                0x00000000c0018fa0                FAT::chfatattr(char const*, unsigned char, unsigned char)
                0x00000000c0019154                FAT::rename(char const*, char const*)
                0x00000000c0019220                FAT::mkdir(char const*)
                0x00000000c00192a0                FAT::exists(char const*)
 *fill*         0x00000000c001930f        0x1 
 .text          0x00000000c0019310       0x94 fs/iso9660/helper.32
                0x00000000c0019310                isoReadDiscSectorHelper
                0x00000000c001936c                iso_kprintf
                0x00000000c0019388                iso_kprintfd
 .text          0x00000000c00193a4      0x716 fs/iso9660/vfslink.32
                0x00000000c00193a4                ISO9660::format(LogicalDisk*, int, char const*, int)
                0x00000000c00193aa                ISO9660::getName()
                0x00000000c00193b0                ISO9660::closeDir(void*)
                0x00000000c00193ba                ISO9660::chfatattr(char const*, unsigned char, unsigned char)
                0x00000000c00193c0                ISO9660::unlink(char const*)
                0x00000000c00193c6                ISO9660::write(void*, unsigned long, void*, int*)
                0x00000000c00193cc                ISO9660::rename(char const*, char const*)
                0x00000000c00193d2                ISO9660::mkdir(char const*)
                0x00000000c00193d8                ISO9660::~ISO9660()
                0x00000000c00193d8                ISO9660::~ISO9660()
                0x00000000c00193fc                ISO9660::~ISO9660()
                0x00000000c0019424                ISO9660::exists(char const*)
                0x00000000c0019438                ISO9660::open(char const*, void**, FileOpenMode)
                0x00000000c001951e                ISO9660::read(void*, unsigned long, void*, int*)
                0x00000000c0019566                ISO9660::seek(void*, unsigned long long)
                0x00000000c00195a8                ISO9660::tell(void*, unsigned long long*)
                0x00000000c00195e6                ISO9660::stat(void*, unsigned long long*)
                0x00000000c0019638                ISO9660::stat(char const*, unsigned long long*, bool*)
                0x00000000c001977a                ISO9660::close(void*)
                0x00000000c00197aa                ISO9660::openDir(char const*, void**)
                0x00000000c0019884                ISO9660::readDir(void*, unsigned long, void*, int*)
                0x00000000c00199a1                readSectorFromCDROM(unsigned int, unsigned char*, char)
                0x00000000c0019a20                ISO9660::tryMount(LogicalDisk*, int)
                0x00000000c0019a92                ISO9660::ISO9660()
                0x00000000c0019a92                ISO9660::ISO9660()
 .text          0x00000000c0019aba      0x26c hal/sound/sndcard.32
                0x00000000c0019aba                SoundCard::beginPlayback()
                0x00000000c0019ac8                SoundCard::stopPlayback()
                0x00000000c0019ad6                SoundCard::SoundCard(char const*)
                0x00000000c0019ad6                SoundCard::SoundCard(char const*)
                0x00000000c0019b74                SoundCard::~SoundCard()
                0x00000000c0019b74                SoundCard::~SoundCard()
                0x00000000c0019b98                SoundCard::~SoundCard()
                0x00000000c0019bc2                SoundCard::configureRates(int, int, int)
                0x00000000c0019bf2                SoundCard::getSamples16(int, short*)
                0x00000000c0019c4e                SoundCard::getSamples32(int, int*)
                0x00000000c0019cd4                SoundCard::addChannel(SoundPort*)
                0x00000000c0019d12                SoundCard::removeChannel(int)
 *fill*         0x00000000c0019d26        0x2 
 .text          0x00000000c0019d28      0x38a hal/sound/sndport.32
                0x00000000c0019d28                SoundPort::SoundPort(int, int, int, int)
                0x00000000c0019d28                SoundPort::SoundPort(int, int, int, int)
                0x00000000c0019db4                SoundPort::~SoundPort()
                0x00000000c0019db4                SoundPort::~SoundPort()
                0x00000000c0019de8                SoundPort::unpause()
                0x00000000c0019df4                SoundPort::pause()
                0x00000000c0019e00                SoundPort::getBufferUsed()
                0x00000000c0019e08                SoundPort::getBufferSize()
                0x00000000c0019e10                SoundPort::buffer16(short*, int)
                0x00000000c0019e9c                SoundPort::buffer32(int*, int)
                0x00000000c0019f28                SoundPort::unbufferAndAdd16(int, short*, SoundCard*)
                0x00000000c0019ff4                SoundPort::unbufferAndAdd32(int, int*, SoundCard*)
 .text          0x00000000c001a0b2        0x0 hw/bus/isa.32
 .text          0x00000000c001a0b2      0xbb7 hw/bus/pci.32
                0x00000000c001a0b2                PCI::open(int, int, void*)
                0x00000000c001a0d0                PCI::close(int, int, void*)
                0x00000000c001a0d4                PCI::PCI()
                0x00000000c001a0d4                PCI::PCI()
                0x00000000c001a16c                PCI::readBAR8(unsigned int, int)
                0x00000000c001a188                PCI::readBAR16(unsigned int, int)
                0x00000000c001a1a6                PCI::readBAR32(unsigned int, int)
                0x00000000c001a1c2                PCI::writeBAR8(unsigned int, unsigned char, int)
                0x00000000c001a1e2                PCI::writeBAR16(unsigned int, unsigned short, int)
                0x00000000c001a204                PCI::writeBAR32(unsigned int, unsigned int, int)
                0x00000000c001a224                PCI::legacyMechanism(unsigned char, unsigned char, unsigned char, unsigned char)
                0x00000000c001a29a                PCI::pciReadWord(unsigned char, unsigned char, unsigned char, unsigned char)
                0x00000000c001a344                PCI::getVendorID(unsigned char, unsigned char, unsigned char)
                0x00000000c001a368                PCI::getHeaderType(unsigned char, unsigned char, unsigned char)
                0x00000000c001a390                PCI::getClassCode(unsigned char, unsigned char, unsigned char)
                0x00000000c001a3da                PCI::getProgIF(unsigned char, unsigned char, unsigned char)
                0x00000000c001a402                PCI::getRevisionID(unsigned char, unsigned char, unsigned char)
                0x00000000c001a426                PCI::getInterruptNumber(unsigned char, unsigned char, unsigned char)
                0x00000000c001a44a                PCI::getSecondaryBus(unsigned char, unsigned char, unsigned char)
                0x00000000c001a472                PCI::getBARAddress(unsigned char, unsigned char, unsigned char, unsigned char)
                0x00000000c001a4d6                PCI::pciWriteWord(unsigned char, unsigned char, unsigned char, unsigned char, unsigned short)
                0x00000000c001a5be                PCI::pciDetailsToFilepath(PCIDeviceInfo, char*)
                0x00000000c001a884                PCI::checkBus(unsigned char)
                0x00000000c001a8a8                PCI::foundDevice(PCIDeviceInfo)
                0x00000000c001aa22                PCI::getDeviceData(unsigned char, unsigned char, unsigned char)
                0x00000000c001ab9e                PCI::checkDevice(unsigned char, unsigned char)
                0x00000000c001ac10                PCI::detect()
 *fill*         0x00000000c001ac69        0x1 
 .text          0x00000000c001ac6a      0xb9a hw/diskctrl/ide.32
                0x00000000c001ac6a                IDE::close(int, int, void*)
                0x00000000c001ac6e                IDE::IDE()
                0x00000000c001ac6e                IDE::IDE()
                0x00000000c001aca2                IDE::prepareInterrupt(unsigned char)
                0x00000000c001acb4                selectDrive(unsigned char, unsigned char)
                0x00000000c001acb6                IDE::getBase(unsigned char)
                0x00000000c001acc8                IDE::write(unsigned char, unsigned char, unsigned char)
                0x00000000c001ad88                IDE::read(unsigned char, unsigned char)
                0x00000000c001ae36                IDE::waitInterrupt(unsigned char)
                0x00000000c001ae98                ideChannel0IRQHandler(regs*, void*)
                0x00000000c001aeb4                ideChannel1IRQHandler(regs*, void*)
                0x00000000c001aed0                IDE::enableIRQs(unsigned char, bool)
                0x00000000c001af1a                IDE::open(int, int, void*)
                0x00000000c001b358                IDE::readBuffer(unsigned char, unsigned char, unsigned int, unsigned int)
                0x00000000c001b428                IDE::detect()
                0x00000000c001b6f6                IDE::printError(unsigned char, unsigned char, unsigned char)
                0x00000000c001b7b0                IDE::polling(unsigned char, unsigned int)
 .text          0x00000000c001b804      0x32a hw/diskctrl/satabus.32
                0x00000000c001b804                SATABus::close(int, int, void*)
                0x00000000c001b808                SATABus::detect()
                0x00000000c001b80a                SATABus::SATABus()
                0x00000000c001b80a                SATABus::SATABus()
                0x00000000c001b890                SATABus::findCmdslot(SATABus::tagHBA_PORT volatile*)
                0x00000000c001b8c2                SATABus::checkType(SATABus::tagHBA_PORT volatile*)
                0x00000000c001b90a                SATABus::startCmd(SATABus::tagHBA_PORT volatile*)
                0x00000000c001b92a                SATABus::stopCmd(SATABus::tagHBA_PORT volatile*)
                0x00000000c001b954                SATABus::portRebase(SATABus::tagHBA_PORT volatile*, int)
                0x00000000c001ba64                SATABus::probePort(SATABus::tagHBA_MEM volatile*)
                0x00000000c001bb0e                SATABus::open(int, int, void*)
 .text          0x00000000c001bb2e      0x93f hw/diskphys/ata.32
                0x00000000c001bb2e                ATA::close(int, int, void*)
                0x00000000c001bb52                ATA::powerSaving(PowerSavingLevel)
                0x00000000c001bb54                ATA::ATA()
                0x00000000c001bb54                ATA::ATA()
                0x00000000c001bb82                ATA::flush(bool)
                0x00000000c001bbd0                ATA::readyForCommand()
                0x00000000c001bc1c                ATA::access(unsigned long long, int, void*, bool)
                0x00000000c001bfb2                ATA::detectCHS()
                0x00000000c001bfdc                ATA::open(int, int, void*)
                0x00000000c001c0a8                combineCharAndColour(char, unsigned char)
                0x00000000c001c0b9                combineColours(unsigned char, unsigned char)
                0x00000000c001c0c6                ATA::read(unsigned long long, int, void*)
                0x00000000c001c29c                ATA::write(unsigned long long, int, void*)
 *fill*         0x00000000c001c46d        0x1 
 .text          0x00000000c001c46e      0x618 hw/diskphys/atapi.32
                0x00000000c001c46e                ATAPI::write(unsigned long long, int, void*)
                0x00000000c001c474                ATAPI::close(int, int, void*)
                0x00000000c001c498                ATAPI::ATAPI()
                0x00000000c001c498                ATAPI::ATAPI()
                0x00000000c001c4c6                ATAPI::readyForCommand()
                0x00000000c001c518                ATAPI::sendPacket(unsigned char*, int, bool, unsigned short*, int)
                0x00000000c001c7e0                ATAPI::diskRemoved()
                0x00000000c001c81a                ATAPI::eject()
                0x00000000c001c862                ATAPI::diskInserted()
                0x00000000c001c86e                ATAPI::detectMedia()
                0x00000000c001c92c                ATAPI::open(int, int, void*)
                0x00000000c001ca0c                ATAPI::read(unsigned long long, int, void*)
 .text          0x00000000c001ca86      0x807 hw/diskphys/sata.32
                0x00000000c001ca86                SATA::close(int, int, void*)
                0x00000000c001caaa                SATA::powerSaving(PowerSavingLevel)
                0x00000000c001caac                SATA::open(int, int, void*)
                0x00000000c001cb56                SATA::SATA()
                0x00000000c001cb56                SATA::SATA()
                0x00000000c001cb84                SATA::access(unsigned long long, int, void*, bool)
                0x00000000c001cdd8                SATA::read(unsigned long long, int, void*)
                0x00000000c001d028                SATA::write(unsigned long long, int, void*)
 *fill*         0x00000000c001d28d        0x1 
 .text          0x00000000c001d28e      0x5d0 hw/diskphys/satapi.32
                0x00000000c001d28e                SATAPI::write(unsigned long long, int, void*)
                0x00000000c001d294                SATAPI::close(int, int, void*)
                0x00000000c001d2b8                SATAPI::SATAPI()
                0x00000000c001d2b8                SATAPI::SATAPI()
                0x00000000c001d2e6                SATAPI::diskRemoved()
                0x00000000c001d2e8                SATAPI::diskInserted()
                0x00000000c001d304                SATAPI::sendPacket(unsigned char*, int, unsigned long long, unsigned short*, int)
                0x00000000c001d5e2                SATAPI::eject()
                0x00000000c001d61e                SATAPI::detectMedia()
                0x00000000c001d674                SATAPI::open(int, int, void*)
                0x00000000c001d774                SATAPI::read(unsigned long long, int, void*)
 .text          0x00000000c001d85e      0x45b hw/intctrl/apic.32
                0x00000000c001d85e                IOAPIC::close(int, int, void*)
                0x00000000c001d864                apicGetBase()
                0x00000000c001d8aa                IOAPIC::IOAPIC()
                0x00000000c001d8aa                IOAPIC::IOAPIC()
                0x00000000c001d8d2                apicOpen()
                0x00000000c001da4e                IOAPIC::handlesGSIWithNumber(unsigned int)
                0x00000000c001da80                IOAPIC::read(int)
                0x00000000c001daa8                IOAPIC::open(int, int, void*)
                0x00000000c001db8e                IOAPIC::write(int, int)
                0x00000000c001dbba                IOAPIC::redirect(unsigned char, unsigned long long, unsigned char, bool, bool)
 *fill*         0x00000000c001dcb9        0x3 
 .text          0x00000000c001dcbc       0xf0 hw/timer/apictimer.32
                0x00000000c001dcbc                APICTimer::close(int, int, void*)
                0x00000000c001dcc4                apicTimerHandler(regs*, void*)
                0x00000000c001dcec                APICTimer::open(int, int, void*)
                0x00000000c001dd5c                APICTimer::write(int)
                0x00000000c001dd84                APICTimer::APICTimer()
                0x00000000c001dd84                APICTimer::APICTimer()
 .text          0x00000000c001ddac      0x1ad hw/timer/pit.32
                0x00000000c001ddac                PIT::write(int)
                0x00000000c001de30                pitHandler(regs*, void*)
                0x00000000c001de58                PIT::open(int, int, void*)
                0x00000000c001dea8                PIT::close(int, int, void*)
                0x00000000c001ded8                PIT::PIT()
                0x00000000c001ded8                PIT::PIT()
 *fill*         0x00000000c001df59        0x7 
 .text          0x00000000c001df60       0x83 arch/i386/avx.32
                0x00000000c001df60                avxDetect
                0x00000000c001df8a                avxSave
                0x00000000c001df9b                avxLoad
                0x00000000c001dfac                avxInit
                0x00000000c001dfce                avxClose
                0x00000000c001dfcf                wouldSheSayYes
 *fill*         0x00000000c001dfe3        0xd 
 .text          0x00000000c001dff0      0x2ec arch/i386/interrupt.32
                0x00000000c001dff0                isr0
                0x00000000c001e000                isr1
                0x00000000c001e00a                isr2
                0x00000000c001e014                isr3
                0x00000000c001e01e                isr4
                0x00000000c001e028                isr5
                0x00000000c001e032                isr6
                0x00000000c001e03c                isr7
                0x00000000c001e046                isr8
                0x00000000c001e04e                isr9
                0x00000000c001e058                isr10
                0x00000000c001e060                isr11
                0x00000000c001e068                isr12
                0x00000000c001e070                isr13
                0x00000000c001e08a                isr14
                0x00000000c001e092                isr15
                0x00000000c001e09c                isr16
                0x00000000c001e0a6                isr17
                0x00000000c001e0b0                isr18
                0x00000000c001e0ba                irq3
                0x00000000c001e0c4                irq4
                0x00000000c001e0ce                irq5
                0x00000000c001e0d8                irq6
                0x00000000c001e0e2                irq7
                0x00000000c001e0ec                irq8
                0x00000000c001e0f6                irq9
                0x00000000c001e100                irq10
                0x00000000c001e10a                irq11
                0x00000000c001e114                irq12
                0x00000000c001e11e                irq13
                0x00000000c001e128                irq14
                0x00000000c001e132                irq15
                0x00000000c001e13c                irq1
                0x00000000c001e143                irq2
                0x00000000c001e14a                isr96
                0x00000000c001e151                irq0
                0x00000000c001e156                int_common_stub
                0x00000000c001e188                syscall_common_stub
                0x00000000c001e28c                irq16
                0x00000000c001e296                irq17
                0x00000000c001e2a0                irq18
                0x00000000c001e2aa                irq19
                0x00000000c001e2b4                irq20
                0x00000000c001e2be                irq21
                0x00000000c001e2c8                irq22
                0x00000000c001e2d2                irq23
 *fill*         0x00000000c001e2dc        0x4 
 .text          0x00000000c001e2e0       0x10 arch/i386/rdrand.32
                0x00000000c001e2e0                i386GetRDRAND
 .text          0x00000000c001e2f0       0x39 arch/i386/sse.32
                0x00000000c001e2f0                absolutelyNoChanceInHell
                0x00000000c001e2f0                sseDetect
                0x00000000c001e308                sseSave
                0x00000000c001e310                sseLoad
                0x00000000c001e318                sseInit
                0x00000000c001e328                sseClose
 *fill*         0x00000000c001e329        0x7 
 .text          0x00000000c001e330       0x49 arch/i386/x87.32
                0x00000000c001e336                x87Detect
                0x00000000c001e351                x87Save
                0x00000000c001e358                x87Load
                0x00000000c001e35f                x87Init
                0x00000000c001e378                x87Close
 *fill*         0x00000000c001e379        0x3 
 .text          0x00000000c001e37c       0x25 /cygdrive/d/Users/Alex/Desktop/Toolchain/Output/bin/../lib/gcc/i386-banana/8.1.0/crtend.o
 .text          0x00000000c001e3a1        0x0 crtn.32
 *fill*         0x00000000c001e3a1        0x3 
 .text          0x00000000c001e3a4      0x14b /cygdrive/d/Users/Alex/Desktop/Toolchain/Output/bin/../lib/gcc/i386-banana/8.1.0/libkgcc.a(_divdi3.o)
                0x00000000c001e3a4                __divdi3
 *fill*         0x00000000c001e4ef        0x1 
 .text          0x00000000c001e4f0      0x17e /cygdrive/d/Users/Alex/Desktop/Toolchain/Output/bin/../lib/gcc/i386-banana/8.1.0/libkgcc.a(_moddi3.o)
                0x00000000c001e4f0                __moddi3
 *fill*         0x00000000c001e66e        0x2 
 .text          0x00000000c001e670       0xff /cygdrive/d/Users/Alex/Desktop/Toolchain/Output/bin/../lib/gcc/i386-banana/8.1.0/libkgcc.a(_udivdi3.o)
                0x00000000c001e670                __udivdi3
 *fill*         0x00000000c001e76f        0x1 
 .text          0x00000000c001e770      0x11a /cygdrive/d/Users/Alex/Desktop/Toolchain/Output/bin/../lib/gcc/i386-banana/8.1.0/libkgcc.a(_umoddi3.o)
                0x00000000c001e770                __umoddi3
 *(.gnu.linkonce.t*)

.iplt           0x00000000c001e890        0x0
 .iplt          0x00000000c001e890        0x0 D:/Users/Alex/Desktop/Banana/kernel/boot.32

.init           0x00000000c001e88a        0xf
 .init          0x00000000c001e88a        0x3 crti.32