Archive member included to satisfy reference by file (symbol)

/cygdrive/d/Users/Alex/Desktop/Toolchain/Output/bin/../lib/gcc/i386-banana/8.1.0/libkgcc.a(_divdi3.o)
                              krnl/resolve.32 (__divdi3)
/cygdrive/d/Users/Alex/Desktop/Toolchain/Output/bin/../lib/gcc/i386-banana/8.1.0/libkgcc.a(_moddi3.o)
                              krnl/resolve.32 (__moddi3)
/cygdrive/d/Users/Alex/Desktop/Toolchain/Output/bin/../lib/gcc/i386-banana/8.1.0/libkgcc.a(_udivdi3.o)
                              hal/clock.32 (__udivdi3)
/cygdrive/d/Users/Alex/Desktop/Toolchain/Output/bin/../lib/gcc/i386-banana/8.1.0/libkgcc.a(_umoddi3.o)
                              core/pipe.32 (__umoddi3)

Allocating common symbols
Common symbol       size              file

dcache              0x40              fs/iso9660/iso9660.32
cdDriveLetter       0x1               fs/iso9660/iso9660.32
icache              0x40              fs/iso9660/iso9660.32

Discarded input sections

 .comment       0x0000000000000000       0x12 /cygdrive/d/Users/Alex/Desktop/Toolchain/Output/bin/../lib/gcc/i386-banana/8.1.0/crtbegin.o
 .comment       0x0000000000000000       0x12 acpica/utclib.32
 .comment       0x0000000000000000       0x12 core/malloc.32
 .comment       0x0000000000000000       0x12 libk/ctype.32
 .comment       0x0000000000000000       0x12 libk/string.32
 .comment       0x0000000000000000       0x12 fs/fat/diskio.32
 .comment       0x0000000000000000       0x12 fs/fat/ff.32
 .comment       0x0000000000000000       0x12 fs/fat/ffsystem.32
 .comment       0x0000000000000000       0x12 fs/fat/ffunicode.32
 .comment       0x0000000000000000       0x12 fs/iso9660/iso9660.32
 .group         0x0000000000000000       0x14 core/computer.32
 .group         0x0000000000000000        0xc core/computer.32
 .comment       0x0000000000000000       0x12 core/computer.32
 .comment       0x0000000000000000       0x12 core/gdt.32
 .group         0x0000000000000000        0xc core/idle.32
 .comment       0x0000000000000000       0x12 core/idle.32
 .comment       0x0000000000000000       0x12 core/idt.32
 .comment       0x0000000000000000       0x12 core/kheap.32
 .comment       0x0000000000000000       0x12 core/main.32
 .comment       0x0000000000000000       0x12 core/physmgr.32
 .group         0x0000000000000000        0xc core/pipe.32
 .comment       0x0000000000000000       0x12 core/pipe.32
 .group         0x0000000000000000        0xc core/terminal.32
 .comment       0x0000000000000000       0x12 core/terminal.32
 .comment       0x0000000000000000       0x12 core/tss.32
 .group         0x0000000000000000        0xc core/unixfile.32
 .group         0x0000000000000000        0xc core/unixfile.32
 .group         0x0000000000000000        0xc core/unixfile.32
 .group         0x0000000000000000        0xc core/unixfile.32
 .group         0x0000000000000000        0xc core/unixfile.32
 .group         0x0000000000000000        0xc core/unixfile.32
 .group         0x0000000000000000        0xc core/unixfile.32
 .group         0x0000000000000000        0xc core/unixfile.32
 .comment       0x0000000000000000       0x12 core/unixfile.32
 .comment       0x0000000000000000       0x12 core/virtmgr.32
 .comment       0x0000000000000000       0x12 coreobjs/c++.32
 .comment       0x0000000000000000       0x12 dbg/kconsole.32
 .group         0x0000000000000000        0xc fs/vfs.32
 .group         0x0000000000000000        0xc fs/vfs.32
 .group         0x0000000000000000        0xc fs/vfs.32
 .comment       0x0000000000000000       0x12 fs/vfs.32
 .group         0x0000000000000000        0xc hal/bus.32
 .comment       0x0000000000000000       0x12 hal/bus.32
 .comment       0x0000000000000000       0x12 hal/buzzer.32
 .group         0x0000000000000000        0xc hal/clock.32
 .comment       0x0000000000000000       0x12 hal/clock.32
 .group         0x0000000000000000       0x14 hal/device.32
 .group         0x0000000000000000        0xc hal/device.32
 .group         0x0000000000000000        0xc hal/device.32
 .group         0x0000000000000000        0xc hal/device.32
 .group         0x0000000000000000        0xc hal/device.32
 .comment       0x0000000000000000       0x12 hal/device.32
 .group         0x0000000000000000        0xc hal/diskctrl.32
 .comment       0x0000000000000000       0x12 hal/diskctrl.32
 .group         0x0000000000000000        0xc hal/diskphys.32
 .comment       0x0000000000000000       0x12 hal/diskphys.32
 .comment       0x0000000000000000       0x12 hal/fpu.32
 .comment       0x0000000000000000       0x12 hal/intctrl.32
 .group         0x0000000000000000        0xc hal/keybrd.32
 .comment       0x0000000000000000       0x12 hal/keybrd.32
 .group         0x0000000000000000        0xc hal/logidisk.32
 .comment       0x0000000000000000       0x12 hal/logidisk.32
 .group         0x0000000000000000        0xc hal/mouse.32
 .comment       0x0000000000000000       0x12 hal/mouse.32
 .group         0x0000000000000000        0xc hal/nic.32
[...]
Memory Configuration

Name             Origin             Length             Attributes
*default*        0x0000000000000000 0xffffffffffffffff

Linker script and memory map

LOAD D:/Users/Alex/Desktop/Banana/kernel/boot.32
LOAD crti.32
LOAD /cygdrive/d/Users/Alex/Desktop/Toolchain/Output/bin/../lib/gcc/i386-banana/8.1.0/crtbegin.o
LOAD D:/Users/Alex/Desktop/Banana/kernel/morenasm.32
LOAD acpica/utclib.32
LOAD core/malloc.32
LOAD libk/ctype.32
LOAD libk/string.32
LOAD fs/fat/diskio.32
LOAD fs/fat/ff.32
LOAD fs/fat/ffsystem.32
LOAD fs/fat/ffunicode.32
LOAD fs/iso9660/iso9660.32
LOAD core/computer.32
LOAD core/gdt.32
LOAD core/idle.32
LOAD core/idt.32
LOAD core/kheap.32
LOAD core/main.32
LOAD core/physmgr.32
LOAD core/pipe.32
LOAD core/terminal.32
LOAD core/tss.32
LOAD core/unixfile.32
LOAD core/virtmgr.32
LOAD coreobjs/c++.32
LOAD dbg/kconsole.32
LOAD fs/vfs.32
LOAD hal/bus.32
LOAD hal/buzzer.32
LOAD hal/clock.32
LOAD hal/device.32
LOAD hal/diskctrl.32
LOAD hal/diskphys.32
LOAD hal/fpu.32
LOAD hal/intctrl.32
LOAD hal/keybrd.32
LOAD hal/logidisk.32
LOAD hal/mouse.32
LOAD hal/nic.32
LOAD hal/partition.32
LOAD hal/serial.32
LOAD hal/timer.32
LOAD hal/vcache.32
LOAD hal/video.32
LOAD hw/acpi.32
LOAD hw/cpu.32
LOAD krnl/bootmsg.32
LOAD krnl/env.32
LOAD krnl/inlines.32
LOAD krnl/panic.32
LOAD krnl/powctrl.32
LOAD krnl/random.32
LOAD krnl/resolve.32
LOAD krnl/signal.32
LOAD krnl/syscalls.32
LOAD net/ethernet.32
LOAD reg/cm.32
LOAD reg/registry.32
LOAD sys/eject.32
LOAD sys/exit.32
LOAD sys/getcwd.32
LOAD sys/getpid.32
LOAD sys/getramdata.32
LOAD sys/getvgaptr.32
LOAD sys/kill.32
LOAD sys/loaddll.32
LOAD sys/read.32
LOAD sys/registersignal.32
LOAD sys/registry.32
LOAD sys/sbrk.32
LOAD sys/setcwd.32
LOAD sys/settime.32
LOAD sys/timezone.32
LOAD sys/write.32
LOAD sys/wsbe.32
LOAD sys/yield.32
LOAD thr/elf.32
LOAD thr/prcssthr.32
LOAD vm86/vm8086.32
LOAD arch/i386/hal.32
LOAD arch/i386/pic.32
LOAD arch/i386/rtc.32
LOAD arch/i386/vga.32
LOAD fs/fat/vfslink.32
LOAD fs/iso9660/helper.32
LOAD fs/iso9660/vfslink.32
LOAD hal/sound/sndcard.32
LOAD hal/sound/sndport.32
LOAD hw/bus/isa.32
LOAD hw/bus/pci.32
LOAD hw/diskctrl/ide.32
LOAD hw/diskctrl/satabus.32
LOAD hw/diskphys/ata.32
LOAD hw/diskphys/atapi.32
LOAD hw/diskphys/sata.32
LOAD hw/diskphys/satapi.32
LOAD hw/intctrl/apic.32
LOAD hw/timer/apictimer.32
LOAD hw/timer/pit.32
LOAD arch/i386/avx.32
LOAD arch/i386/interrupt.32
LOAD arch/i386/rdrand.32
LOAD arch/i386/sse.32
LOAD arch/i386/x87.32
LOAD /cygdrive/d/Users/Alex/Desktop/Toolchain/Output/bin/../lib/gcc/i386-banana/8.1.0/crtend.o
LOAD crtn.32
LOAD /cygdrive/d/Users/Alex/Desktop/Toolchain/Output/bin/../lib/gcc/i386-banana/8.1.0/libkgcc.a
LOAD D:/Users/Alex/Desktop/Banana/kernel/libsoftfp.a
LOAD D:/Users/Alex/Desktop/Banana/kernel/libk/libm32.a
                0x00000000c0000000                . = 0xc0000000

.text           0x00000000c0000000    0x7017a
 *(.text)
 .text          0x00000000c0000000       0x20 D:/Users/Alex/Desktop/Banana/kernel/boot.32
 .text          0x00000000c0000020        0x0 crti.32
 .text          0x00000000c0000020      0x101 /cygdrive/d/Users/Alex/Desktop/Toolchain/Output/bin/../lib/gcc/i386-banana/8.1.0/crtbegin.o
 *fill*         0x00000000c0000121        0xf 
 .text          0x00000000c0000130      0x24f D:/Users/Alex/Desktop/Banana/kernel/morenasm.32
                0x00000000c0000130                manualPCIProbe
                0x00000000c000017b                prepareTramp
                0x00000000c0000194                doTPAUSE
                0x00000000c000019e                hasLegacyFPU
                0x00000000c00001c3                is486
                0x00000000c00001f9                detectCPUID
                0x00000000c000020f                goToVM86
                0x00000000c000023f                goToUsermode
                0x00000000c0000269                switchToThreadASMFirstTime
                0x00000000c0000277                switchToThreadASM
                0x00000000c00002fc                asmQuickAcquireLock
                0x00000000c000031a                asmQuickReleaseLock
                0x00000000c0000326                asmAcquireLock
                0x00000000c0000347                asmReleaseLock
                0x00000000c000035a                loadGDT
                0x00000000c000037a                memcpy
 *fill*         0x00000000c000037f        0x1 
 .text          0x00000000c0000380     0x1d37 acpica/utclib.32
                0x00000000c0000380                memcmp
                0x00000000c0000520                memmove
                0x00000000c00007a0                memset
                0x00000000c0000830                strlen
                0x00000000c00008d0                strpbrk
                0x00000000c0000a50                strtok
                0x00000000c0000b70                strcpy
                0x00000000c0000cb0                strncpy
                0x00000000c0000ff0                strcmp
                0x00000000c0001190                strchr
                0x00000000c0001240                strncmp
                0x00000000c0001430                strcat
                0x00000000c0001590                strncat
                0x00000000c0001770                strstr
                0x00000000c0001800                toupper
                0x00000000c0001890                tolower
                0x00000000c0001920                simple_strtoul
 .text          0x00000000c00020b7     0x4f41 core/malloc.32
                0x00000000c0002bae                dlfree
                0x00000000c0003b72                dlmalloc
                0x00000000c00056d7                dlrealloc
                0x00000000c0006202                dlmemalign
                0x00000000c00066d2                dlcalloc
                0x00000000c00069c0                dlcfree
                0x00000000c00069c5                dlindependent_calloc
                0x00000000c00069ea                dlindependent_comalloc
                0x00000000c0006a01                dlvalloc
                0x00000000c0006a2c                dlpvalloc
                0x00000000c0006a62                dlmalloc_trim
                0x00000000c0006a75                dlmalloc_usable_size
                0x00000000c0006b9d                dlmallinfo
                0x00000000c0006f58                dlmalloc_stats
                0x00000000c0006f6c                dlmallopt
 .text          0x00000000c0006ff8      0x1f2 libk/ctype.32
                0x00000000c0006ff8                isblank
                0x00000000c0007018                iscntrl
                0x00000000c0007038                isdigit
                0x00000000c0007054                islower
                0x00000000c0007070                isspace
                0x00000000c0007098                isupper
                0x00000000c00070b4                isalpha
                0x00000000c00070e4                isalnum
                0x00000000c0007114                ispunct
                0x00000000c0007154                isgraph
                0x00000000c0007184                isprint
                0x00000000c00071ac                isxdigit
 .text          0x00000000c00071ea        0x0 libk/string.32
 .text          0x00000000c00071ea      0x1c8 fs/fat/diskio.32
                0x00000000c00071ea                disk_status
                0x00000000c00071ed                disk_initialize
                0x00000000c00071f0                disk_read
                0x00000000c000728b                disk_write
                0x00000000c0007326                disk_ioctl
 .text          0x00000000c00073b2     0xc2a5 fs/fat/ff.32
                0x00000000c000dbe3                f_mount
                0x00000000c000dd5d                f_open
                0x00000000c000e4f6                f_read
                0x00000000c000ee43                f_write
                0x00000000c000f954                f_sync
                0x00000000c000fca6                f_close
                0x00000000c000fd0f                f_lseek
                0x00000000c0010515                f_opendir
                0x00000000c0010721                f_closedir
                0x00000000c001077d                f_readdir
                0x00000000c0010865                f_stat
                0x00000000c0010919                f_getfree
                0x00000000c0010cd6                f_truncate
                0x00000000c00110a3                f_unlink
                0x00000000c00111f0                f_mkdir
                0x00000000c0011623                f_rename
                0x00000000c0011946                f_chmod
                0x00000000c0011a9e                f_utime
                0x00000000c0011c3c                f_getlabel
                0x00000000c0011f6e                f_setlabel
                0x00000000c00122dd                f_expand
                0x00000000c0012745                f_mkfs
 *fill*         0x00000000c0013657        0x1 
 .text          0x00000000c0013658       0x2f fs/fat/ffsystem.32
                0x00000000c0013658                ff_memalloc
                0x00000000c0013670                ff_memfree
 *fill*         0x00000000c0013687        0x1 
 .text          0x00000000c0013688      0x4ea fs/fat/ffunicode.32
                0x00000000c0013688                ff_uni2oem
                0x00000000c0013790                ff_oem2uni
                0x00000000c001386c                ff_wtoupper
 .text          0x00000000c0013b72     0x4b94 fs/iso9660/iso9660.32
                0x00000000c00148a6                isoReadDiscSector
                0x00000000c0014aaf                strnicmp
                0x00000000c00151b6                stricmp
                0x00000000c0015286                iso_open
                0x00000000c0015605                iso_close
                0x00000000c0015693                iso_read
                0x00000000c0015e6b                iso_seek
                0x00000000c00164af                iso_tell
                0x00000000c0016650                iso_total
                0x00000000c00167ed                fn_postprocess
                0x00000000c0016877                iso_readdir
                0x00000000c0017fa4                iso_reset
                0x00000000c0017fc1                init_percd
                0x00000000c0018393                iso_ioctl
                0x00000000c00183ab                fs_iso9660_init
                0x00000000c00185de                fs_iso9660_shutdown
 *fill*         0x00000000c0018706        0x2 
 .text          0x00000000c0018708     0x1cd6 core/computer.32
                0x00000000c0018708                Computer::close(int, int, void*)
                0x00000000c00188c4                Krnl::firstTask()
                0x00000000c0018c10                Computer::Computer()
                0x00000000c0018c10                Computer::Computer()
                0x00000000c00190e0                Computer::setBootMessage(char const*)
                0x00000000c00190e4                Computer::detectFeatures()
                0x00000000c0019b28                Computer::displayFeatures()
                0x00000000c0019b2c                Computer::rdmsr(unsigned int)
                0x00000000c0019ba4                Computer::wrmsr(unsigned int, unsigned long long)
                0x00000000c0019c24                Computer::shutdown()
                0x00000000c0019cbc                Computer::restart()
                0x00000000c0019d54                Computer::sleep()
                0x00000000c0019dd4                Computer::nmiEnabled()
                0x00000000c0019e18                Computer::readCMOS(unsigned char)
                0x00000000c0019e78                Computer::enableNMI(bool)
                0x00000000c0019f14                Computer::open(int, int, void*)
                0x00000000c001a2c8                Computer::disableNMI()
                0x00000000c001a300                Computer::writeCMOS(unsigned char, unsigned char)
                0x00000000c001a368                Computer::handleNMI()
 .text          0x00000000c001a3de      0x50f core/gdt.32
                0x00000000c001a3de                GDTEntry::setBase(unsigned int)
                0x00000000c001a46e                GDTEntry::setLimit(unsigned int)
                0x00000000c001a4dc                GDT::GDT()
                0x00000000c001a4dc                GDT::GDT()
                0x00000000c001a562                GDT::addEntry(GDTEntry)
                0x00000000c001a63e                GDT::getNumberOfEntries()
                0x00000000c001a666                GDT::flush()
                0x00000000c001a6d4                GDT::setup()
 .text          0x00000000c001a8ed       0x38 core/idle.32
                0x00000000c001a8ed                idleFunction(void*)
 *fill*         0x00000000c001a925        0x3 
 .text          0x00000000c001a928      0xcf0 core/idt.32
                0x00000000c001a928                IDTEntry::IDTEntry(bool)
                0x00000000c001a928                IDTEntry::IDTEntry(bool)
                0x00000000c001ab94                IDTEntry::setOffset(unsigned int)
                0x00000000c001abf8                IDT::IDT()
                0x00000000c001abf8                IDT::IDT()
                0x00000000c001ac2a                IDT::getPointerToInvalidOpcodeEntryForF00F()
                0x00000000c001ac6a                IDT::addEntry(IDTEntry, int)
                0x00000000c001acd0                IDT::addEntry(int, void (*)(), bool)
                0x00000000c001ad2c                IDT::flush()
                0x00000000c001ad6a                IDT::setup()
 .text          0x00000000c001b618      0x2a5 core/kheap.32
                0x00000000c001b618                sbrk
                0x00000000c001b734                mmap
                0x00000000c001b74a                munmap
                0x00000000c001b760                liballoc_lock()
                0x00000000c001b79a                liballoc_unlock()
                0x00000000c001b7d8                liballoc_alloc(int)
                0x00000000c001b812                liballoc_free(void*, int)
                0x00000000c001b84f                realloc
                0x00000000c001b863                malloc
                0x00000000c001b873                free
                0x00000000c001b883                rfree
                0x00000000c001b893                calloc
 .text          0x00000000c001b8bd      0x135 core/main.32
                0x00000000c001b8bd                KeEntryPoint
 .text          0x00000000c001b9f2      0xd45 core/physmgr.32
                0x00000000c001b9f2                Phys::allocateDMA(unsigned long)
                0x00000000c001bce0                Phys::freeDMA(unsigned long, unsigned long)
                0x00000000c001bd96                Phys::setPageState(unsigned long, bool)
                0x00000000c001bed3                Phys::getPageState(unsigned long)
                0x00000000c001bf32                Phys::freePage(unsigned long)
                0x00000000c001bfc0                Phys::allocatePage()
                0x00000000c001c188                Phys::allocateContiguousPages(int)
                0x00000000c001c277                Phys::allowSegmentToBeUsed(unsigned long, unsigned long)
                0x00000000c001c2b9                Phys::physicalMemorySetup(unsigned int)
 *fill*         0x00000000c001c737        0x1 
 .text          0x00000000c001c738      0xaa5 core/pipe.32
                0x00000000c001c738                Pipe::isAtty()
                0x00000000c001c73c                Pipe::~Pipe()
                0x00000000c001c73c                Pipe::~Pipe()
                0x00000000c001c80c                Pipe::~Pipe()
                0x00000000c001c834                Pipe::write(unsigned long long, void*, int*)
                0x00000000c001cb9c                Pipe::read(unsigned long long, void*, int*)
                0x00000000c001cf76                Pipe::Pipe(int)
                0x00000000c001cf76                Pipe::Pipe(int)
 *fill*         0x00000000c001d1dd        0x1 
 .text          0x00000000c001d1de     0x306f core/terminal.32
                0x00000000c001d1de                VgaText::isAtty()
                0x00000000c001d1e2                VgaText::~VgaText()
                0x00000000c001d1e2                VgaText::~VgaText()
                0x00000000c001d2b2                VgaText::~VgaText()
                0x00000000c001d2dc                VgaText::read(unsigned long long, void*, int*)
                0x00000000c001d31c                setTerminalScrollLock(bool)
                0x00000000c001d31d                doTerminalCycle()
                0x00000000c001d31e                addToTerminalCycle(VgaText*)
                0x00000000c001d31f                scrollTerminalScrollLock(int)
                0x00000000c001d320                VgaText::updateTitle()
                0x00000000c001d322                VgaText::load()
                0x00000000c001d324                VgaText::updateCursor()
                0x00000000c001d370                VgaText::doANSI_SGR(int)
                0x00000000c001d7e4                VgaText::setDefaultBgColour(VgaColour)
                0x00000000c001d85c                VgaText::setDefaultFgColour(VgaColour)
                0x00000000c001d8d4                VgaText::setDefaultColours(VgaColour, VgaColour)
                0x00000000c001d932                VgaText::setTitleTextColour(VgaColour)
                0x00000000c001d990                VgaText::setTitleColour(VgaColour)
                0x00000000c001d9ee                VgaText::setTitle(char*)
                0x00000000c001da12                VgaText::combineColours(unsigned char, unsigned char)
                0x00000000c001da26                VgaText::scrollScreen()
                0x00000000c001dd9c                VgaText::combineCharAndColour(char, unsigned char)
                0x00000000c001ddac                VgaText::writeCharacter(char, VgaColour, VgaColour, int, int)
                0x00000000c001deb0                VgaText::getCursorX()
                0x00000000c001def2                VgaText::getCursorY()
                0x00000000c001df34                VgaText::setCursor(int, int)
                0x00000000c001dfd0                setActiveTerminal(VgaText*)
                0x00000000c001e064                VgaText::clearScreen()
                0x00000000c001e180                VgaText::setCursorX(int)
                0x00000000c001e1cc                VgaText::setCursorY(int)
                0x00000000c001e218                VgaText::incrementCursor(bool)
                0x00000000c001e41a                VgaText::decrementCursor(bool)
                0x00000000c001e4e6                VgaText::putchar(char, VgaColour, VgaColour)
                0x00000000c001e822                VgaText::putchar(char)
                0x00000000c001ee00                VgaText::putx(unsigned int)
                0x00000000c001eeae                VgaText::puts(char const*)
                0x00000000c001ef1e                VgaText::write(unsigned long long, void*, int*)
                0x00000000c001f084                VgaText::puts(char const*, VgaColour, VgaColour)
                0x00000000c001f714                VgaText::VgaText(char const*)
                0x00000000c001f714                VgaText::VgaText(char const*)
                0x00000000c001fda2                VgaText::receiveKey(unsigned char)
                0x00000000c002020e                VgaText::doUpdate()
                0x00000000c002020f                newTerminal(char*)
 *fill*         0x00000000c002024d        0x3 
 .text          0x00000000c0020250      0xc60 core/tss.32
                0x00000000c0020250                TSS::TSS()
                0x00000000c0020250                TSS::TSS()
                0x00000000c00202d8                TSS::setESP(unsigned long)
                0x00000000c002037c                TSS::flush()
                0x00000000c00203c4                TSS::setup(unsigned long, unsigned long)
 .text          0x00000000c0020eb0     0x11bd core/unixfile.32
                0x00000000c0020eb0                ReservedFilename::read(unsigned long long, void*, int*)
                0x00000000c0021176                ReservedFilename::isAtty()
                0x00000000c0021274                ReservedFilename::write(unsigned long long, void*, int*)
                0x00000000c002153e                UnixFile::getFileDescriptor()
                0x00000000c0021580                UnixFile::UnixFile(int)
                0x00000000c0021580                UnixFile::UnixFile(int)
                0x00000000c0021a88                ReservedFilename::ReservedFilename(int)
                0x00000000c0021a88                ReservedFilename::ReservedFilename(int)
                0x00000000c0021bc8                UnixFile::~UnixFile()
                0x00000000c0021bc8                UnixFile::~UnixFile()
                0x00000000c0021d4c                UnixFile::~UnixFile()
                0x00000000c0021d74                ReservedFilename::~ReservedFilename()
                0x00000000c0021d74                ReservedFilename::~ReservedFilename()
                0x00000000c0021e58                ReservedFilename::~ReservedFilename()
                0x00000000c0021e7f                getFromFileDescriptor(int)
 *fill*         0x00000000c002206d        0x1 
 .text          0x00000000c002206e     0x3e09 core/virtmgr.32
                0x00000000c002206e                Virt::setPageState(unsigned long, Virt::VirtPageState)
                0x00000000c0022155                Virt::getPageState(unsigned long)
                0x00000000c00221fb                Virt::allocateKernelVirtualPages(int)
                0x00000000c002236d                Virt::freeSwapfilePage(unsigned long)
                0x00000000c00223f8                Virt::swapIDToSector(unsigned long)
                0x00000000c002240e                Virt::allocateSwapfilePage()
                0x00000000c00225c5                Virt::virtualMemorySetup()
                0x00000000c0022628                Virt::setupPageSwapping(int)
                0x00000000c0022850                VAS::VAS(VAS*)
                0x00000000c0022850                VAS::VAS(VAS*)
                0x00000000c002292a                VAS::getForeignPageTableEntry(bool, unsigned long)
                0x00000000c002297a                VAS::getPageTableEntry(unsigned long)
                0x00000000c00229b9                Virt::freeKernelVirtualPages(unsigned long)
                0x00000000c0022be0                VAS::freeAllocatedPages(unsigned long)
                0x00000000c0022c3c                VAS::virtualToPhysical(unsigned long)
                0x00000000c0022c9e                VAS::reflagRange(unsigned long, int, int, int)
                0x00000000c0022d84                VAS::VAS()
                0x00000000c0022d84                VAS::VAS()
                0x00000000c0022f70                VAS::setToWriteCombining(unsigned long, int)
                0x00000000c0023064                VAS::mapOtherVASIn(bool, VAS*)
                0x00000000c0023172                VAS::~VAS()
                0x00000000c0023172                VAS::~VAS()
                0x00000000c0023670                VAS::mapPage(unsigned long, unsigned long, int)
                0x00000000c00239a8                VAS::allocatePages(int, int)
                0x00000000c0023ea8                VAS::setCPUSpecific(unsigned long)
                0x00000000c0023ee2                VAS::mapRange(unsigned long, unsigned long, int, int)
                0x00000000c00240c4                VAS::mapForeignPage(bool, VAS*, unsigned long, unsigned long, int)
                0x00000000c0024322                VAS::VAS(bool)
                0x00000000c0024322                VAS::VAS(bool)
                0x00000000c0024f98                VAS::evict(unsigned long)
                0x00000000c002530a                VAS::tryLoadBackOffDisk(unsigned long)
                0x00000000c00256f6                VAS::scanForEviction()
                0x00000000c0025b9e                mapVASFirstTime
 .text          0x00000000c0025e77       0x5f coreobjs/c++.32
                0x00000000c0025e77                __cxa_atexit
                0x00000000c0025e7a                __cxa_finalize
                0x00000000c0025e7b                __stack_chk_fail
                0x00000000c0025eb1                __cxa_pure_virtual
                0x00000000c0025ec2                operator new[](unsigned long)
                0x00000000c0025ec7                operator delete(void*, unsigned long)
                0x00000000c0025ecc                operator delete[](void*)
                0x00000000c0025ed1                operator delete[](void*, unsigned long)
 .text          0x00000000c0025ed6      0x623 dbg/kconsole.32
                0x00000000c0025ed6                Dbg::stringifyxWithBase(unsigned int, char*, int)
                0x00000000c00260f0                Dbg::logc(char)
                0x00000000c0026110                Dbg::logs(char*)
                0x00000000c002619f                Dbg::logWriteInt(unsigned int)
                0x00000000c00261bf                Dbg::logWriteIntBase(unsigned int, int)
                0x00000000c00261e2                Dbg::kprintf(char const*, ...)
 *fill*         0x00000000c00264f9        0x1 
 .text          0x00000000c00264fa     0x7506 fs/vfs.32
                0x00000000c00264fa                File::isAtty()
                0x00000000c00264fe                Directory::isAtty()
                0x00000000c0026502                Filesystem::getlabel(LogicalDisk*, int, char*, unsigned int*)
                0x00000000c0026508                Filesystem::setlabel(LogicalDisk*, int, char*)
                0x00000000c002650e                Filesystem::allocateSwapfile(char const*, int)
                0x00000000c0026514                File::~File()
                0x00000000c0026514                File::~File()
                0x00000000c00265e4                File::~File()
                0x00000000c002660e                Directory::~Directory()
                0x00000000c002660e                Directory::~Directory()
                0x00000000c00266de                Directory::~Directory()
                0x00000000c0026708                Directory::write(unsigned long long, void*, int*)
                0x00000000c00268b8                File::read(unsigned long long, void*, int*)
                0x00000000c0026d0e                File::write(unsigned long long, void*, int*)
                0x00000000c0027164                Directory::read(unsigned long long, void*, int*)
                0x00000000c00275ba                Filesystem::Filesystem()
                0x00000000c00275ba                Filesystem::Filesystem()
                0x00000000c0027692                Filesystem::~Filesystem()
                0x00000000c0027692                Filesystem::~Filesystem()
                0x00000000c0027710                Filesystem::~Filesystem()
                0x00000000c0027737                Fs::getcwd(Process*, char*, int)
                0x00000000c0027872                Fs::initVFS()
                0x00000000c002789c                Fs::standardiseFiles(char*, char const*, char const*)
                0x00000000c00286f2                File::File(char const*, Process*)
                0x00000000c00286f2                File::File(char const*, Process*)
                0x00000000c0028c80                File::open(FileOpenMode)
                0x00000000c00290e4                File::close()
                0x00000000c0029536                File::seek(unsigned long long)
                0x00000000c002996c                File::tell(unsigned long long*)
                0x00000000c0029d90                File::rewind()
                0x00000000c0029dc2                File::unlink()
                0x00000000c002a1d6                File::rename(char const*)
                0x00000000c002a5da                File::chfatattr(unsigned char, unsigned char)
                0x00000000c002a9fc                File::exists()
                0x00000000c002ad90                File::stat(unsigned long long*, bool*)
                0x00000000c002b40a                Fs::setcwd(Process*, char*)
                0x00000000c002b9c2                Directory::Directory(char const*, Process*)
                0x00000000c002b9c2                Directory::Directory(char const*, Process*)
                0x00000000c002bf50                Directory::open()
                0x00000000c002c3c4                Directory::close()
                0x00000000c002c816                Directory::unlink()
                0x00000000c002cc2a                Directory::rename(char const*)
                0x00000000c002d02e                Directory::exists()
                0x00000000c002d3c2                Directory::read(dirent*)
                0x00000000c002d5e6                Directory::create()
                0x00000000c002d9fa                Filesystem::chfatattr(char const*, unsigned char, unsigned char)
 .text          0x00000000c002da00      0x252 hal/bus.32
                0x00000000c002da00                Bus::Bus(char const*)
                0x00000000c002da00                Bus::Bus(char const*)
                0x00000000c002db44                Bus::~Bus()
                0x00000000c002db44                Bus::~Bus()
                0x00000000c002dc28                Bus::~Bus()
 .text          0x00000000c002dc52       0xee hal/buzzer.32
                0x00000000c002dc52                beepThread(void*)
                0x00000000c002dcbe                Krnl::beep(int, int, bool)
 .text          0x00000000c002dd40      0xad8 hal/clock.32
                0x00000000c002dd40                User::loadClockSettings(int)
                0x00000000c002de2c                Clock::Clock(char const*)
                0x00000000c002de2c                Clock::Clock(char const*)
                0x00000000c002df56                Clock::~Clock()
                0x00000000c002df56                Clock::~Clock()
                0x00000000c002e026                Clock::~Clock()
                0x00000000c002e050                Clock::timeInSecondsLocal()
                0x00000000c002e1a0                Clock::setTimeInSecondsLocal(unsigned long long)
                0x00000000c002e2e9                datetimeToSeconds(datetime_t)
                0x00000000c002e4e2                Clock::setTimeInDatetimeLocal(datetime_t)
                0x00000000c002e662                secondsToDatetime(unsigned long long)
                0x00000000c002e7d6                Clock::timeInDatetimeLocal()
 .text          0x00000000c002e818     0x167b hal/device.32
                0x00000000c002e818                Device::hibernate()
                0x00000000c002e81a                Device::wake()
                0x00000000c002e81c                Device::detect()
                0x00000000c002e81e                Device::disableLegacy()
                0x00000000c002e820                Device::powerSaving(PowerSavingLevel)
                0x00000000c002e822                DriverlessDevice::close(int, int, void*)
                0x00000000c002e826                DriverlessDevice::detect()
                0x00000000c002e828                DriverlessDevice::open(int, int, void*)
                0x00000000c002e83c                Device::~Device()
                0x00000000c002e83c                Device::~Device()
                0x00000000c002e8ba                Device::~Device()
                0x00000000c002e8e4                Device::findAndLoadDriver()
                0x00000000c002e8f2                Device::preOpenPCI(PCIDeviceInfo)
                0x00000000c002e98c                Device::preOpenACPI(void*, char*, char*)
                0x00000000c002ea9e                Device::addIRQHandler(int, void (*)(regs*, void*), bool, void*)
                0x00000000c002eac8                Device::getParent()
                0x00000000c002eb12                Device::removeIRQHandler(int, void (*)(regs*, void*), bool)
                0x00000000c002eb30                Device::addChild(Device*)
                0x00000000c002eccc                Device::removeAllChildren()
                0x00000000c002ee90                Device::hibernateAll()
                0x00000000c002efe4                Device::wakeAll()
                0x00000000c002f138                Device::detectAll()
                0x00000000c002f28c                Device::disableLegacyAll()
                0x00000000c002f28e                Device::loadDriversForAll()
                0x00000000c002f290                Device::closeAll()
                0x00000000c002f3e8                Device::powerSavingAll(PowerSavingLevel)
                0x00000000c002f548                Device::setName(char const*)
                0x00000000c002f59a                Device::Device(char const*)
                0x00000000c002f59a                Device::Device(char const*)
                0x00000000c002fb8a                Device::getName()
                0x00000000c002fbce                DriverlessDevice::DriverlessDevice(char const*)
                0x00000000c002fbce                DriverlessDevice::DriverlessDevice(char const*)
                0x00000000c002fcf8                Device::addToLinkedList(LinkedList<Device>&, DeviceType)
                0x00000000c002fe33                getDevicesOfType(DeviceType)
 *fill*         0x00000000c002fe93        0x1 
 .text          0x00000000c002fe94      0x252 hal/diskctrl.32
                0x00000000c002fe94                HardDiskController::HardDiskController(char const*)
                0x00000000c002fe94                HardDiskController::HardDiskController(char const*)
                0x00000000c002ffd8                HardDiskController::~HardDiskController()
                0x00000000c002ffd8                HardDiskController::~HardDiskController()
                0x00000000c00300bc                HardDiskController::~HardDiskController()
 .text          0x00000000c00300e6      0x3f8 hal/diskphys.32
                0x00000000c00300e6                PhysicalDisk::eject()
                0x00000000c00300ea                PhysicalDisk::PhysicalDisk(char const*, int)
                0x00000000c00300ea                PhysicalDisk::PhysicalDisk(char const*, int)
                0x00000000c003036a                PhysicalDisk::startCache()
                0x00000000c00303e4                PhysicalDisk::~PhysicalDisk()
                0x00000000c00303e4                PhysicalDisk::~PhysicalDisk()
                0x00000000c00304b4                PhysicalDisk::~PhysicalDisk()
 .text          0x00000000c00304de        0x0 hal/fpu.32
 .text          0x00000000c00304de     0x1907 hal/intctrl.32
                0x00000000c00304de                int_handler
                0x00000000c00308f2                installISRHandler(int, void (*)(regs*, void*), void*)
                0x00000000c0030baf                installIRQHandler(int, void (*)(regs*, void*), bool, void*)
                0x00000000c0031358                uninstallISRHandler(int, void (*)(regs*, void*))
                0x00000000c0031657                uninstallIRQHandler(int, void (*)(regs*, void*), bool)
                0x00000000c0031a89                setupINTS()
                0x00000000c0031cb2                convertLegacyIRQNumber(int)
 *fill*         0x00000000c0031de5        0x1 
 .text          0x00000000c0031de6     0x12a0 hal/keybrd.32
                0x00000000c0031de6                startGUI(void*)
                0x00000000c0031e6d                startGUIVESA(void*)
                0x00000000c0031ef4                sendKeyToTerminal(unsigned char)
                0x00000000c003208f                sendKeyboardToken(KeyboardToken)
                0x00000000c00328bc                clearInternalKeybuffer(VgaText*)
                0x00000000c0032984                readKeyboard(VgaText*, char*, unsigned long)
                0x00000000c0032e5a                Keyboard::Keyboard(char const*)
                0x00000000c0032e5a                Keyboard::Keyboard(char const*)
                0x00000000c0032f8c                Keyboard::~Keyboard()
                0x00000000c0032f8c                Keyboard::~Keyboard()
                0x00000000c003305c                Keyboard::~Keyboard()
 .text          0x00000000c0033086      0xf99 hal/logidisk.32
                0x00000000c0033086                LogicalDisk::close(int, int, void*)
                0x00000000c003308a                LogicalDisk::~LogicalDisk()
                0x00000000c003308a                LogicalDisk::~LogicalDisk()
                0x00000000c003315a                LogicalDisk::~LogicalDisk()
                0x00000000c0033184                LogicalDisk::open(int, int, void*)
                0x00000000c0033198                LogicalDisk::absoluteToRelative(unsigned long long)
                0x00000000c003326e                LogicalDisk::relativeToAbsolute(unsigned long long)
                0x00000000c0033300                LogicalDisk::LogicalDisk(char const*, PhysicalDisk*, unsigned long long, unsigned long long)
                0x00000000c0033300                LogicalDisk::LogicalDisk(char const*, PhysicalDisk*, unsigned long long, unsigned long long)
                0x00000000c00336b4                LogicalDisk::assignDriveLetter()
                0x00000000c0033918                LogicalDisk::mount()
                0x00000000c0033a7e                LogicalDisk::unmount()
                0x00000000c0033acc                LogicalDisk::eject()
                0x00000000c0033b84                LogicalDisk::unassignDriveLetter()
                0x00000000c0033d0c                LogicalDisk::read(unsigned long long, int, void*)
                0x00000000c0033e96                LogicalDisk::write(unsigned long long, int, void*)
 *fill*         0x00000000c003401f        0x1 
 .text          0x00000000c0034020      0x252 hal/mouse.32
                0x00000000c0034020                Mouse::Mouse(char const*)
                0x00000000c0034020                Mouse::Mouse(char const*)
                0x00000000c0034164                Mouse::~Mouse()
                0x00000000c0034164                Mouse::~Mouse()
                0x00000000c0034248                Mouse::~Mouse()
 .text          0x00000000c0034272      0x230 hal/nic.32
                0x00000000c0034272                NIC::getMAC()
                0x00000000c0034278                NIC::write(int, unsigned char*, int*)
                0x00000000c003427e                NIC::NIC(char const*)
                0x00000000c003427e                NIC::NIC(char const*)
                0x00000000c00343a8                NIC::~NIC()
                0x00000000c00343a8                NIC::~NIC()
                0x00000000c0034478                NIC::~NIC()
 .text          0x00000000c00344a2      0xe6c hal/partition.32
                0x00000000c00344a2                makePartition(PhysicalDisk*, unsigned long long, unsigned long long)
                0x00000000c003460c                createPartitionsForDisk(PhysicalDisk*)
 *fill*         0x00000000c003530e        0x2 
 .text          0x00000000c0035310      0x252 hal/serial.32
                0x00000000c0035310                Serial::Serial(char const*)
                0x00000000c0035310                Serial::Serial(char const*)
                0x00000000c0035454                Serial::~Serial()
                0x00000000c0035454                Serial::~Serial()
                0x00000000c0035538                Serial::~Serial()
 *fill*         0x00000000c0035562        0x2 
 .text          0x00000000c0035564      0x7a4 hal/timer.32
                0x00000000c0035564                Timer::Timer(char const*)
                0x00000000c0035564                Timer::Timer(char const*)
                0x00000000c00356a8                Timer::~Timer()
                0x00000000c00356a8                Timer::~Timer()
                0x00000000c003578c                Timer::~Timer()
                0x00000000c00357b6                Timer::read()
                0x00000000c0035803                setupTimer(int)
                0x00000000c00358f1                timerHandler(unsigned int)
 .text          0x00000000c0035d08     0x1a4c hal/vcache.32
                0x00000000c0035d08                VCache::VCache(PhysicalDisk*)
                0x00000000c0035d08                VCache::VCache(PhysicalDisk*)
                0x00000000c00366ae                VCache::invalidateReadBuffer()
                0x00000000c003674a                VCache::writeWriteBuffer()
                0x00000000c003694c                VCache::~VCache()
                0x00000000c003694c                VCache::~VCache()
                0x00000000c0036b28                VCache::~VCache()
                0x00000000c0036b50                VCache::write(unsigned long long, int, void*)
                0x00000000c003711e                VCache::read(unsigned long long, int, void*)
 .text          0x00000000c0037754     0x123e hal/video.32
                0x00000000c0037754                Video::putpixel(int, int, unsigned int)
                0x00000000c0037762                Video::readPixelApprox(int, int)
                0x00000000c0037776                Video::putrect(int, int, int, int, unsigned int)
                0x00000000c003789e                Video::bitblit(int, int, int, int, int, int, int, unsigned int*)
                0x00000000c0037aae                Video::blit(unsigned int*, int, int, int, int)
                0x00000000c0037cb4                Video::clearScreen(unsigned int)
                0x00000000c0037dea                Video::Video(char const*)
                0x00000000c0037dea                Video::Video(char const*)
                0x00000000c0037f14                Video::~Video()
                0x00000000c0037f14                Video::~Video()
                0x00000000c0037fe4                Video::~Video()
                0x00000000c003800e                Video::isMonochrome()
                0x00000000c0038058                Video::getWidth()
                0x00000000c00380a2                Video::getHeight()
                0x00000000c00380ec                Video::drawCursor(int, int, unsigned int*, int)
                0x00000000c003839a                Video::tgaParse(unsigned char*, int, int*, int*)
                0x00000000c00387e4                Video::putTGA(int, int, unsigned char*, int)
 *fill*         0x00000000c0038992        0x2 
 .text          0x00000000c0038994     0x3d8f hw/acpi.32
                0x00000000c0038994                ACPI::close(int, int, void*)
                0x00000000c0038a48                findRSDP()
                0x00000000c0038b9c                loadACPITables(unsigned char*)
                0x00000000c0039464                findRSDT(unsigned char*)
                0x00000000c003964c                findDataTable(unsigned char*, char*)
                0x00000000c0039858                scanMADT()
                0x00000000c003ad90                ACPI::ACPI()
                0x00000000c003ad90                ACPI::ACPI()
                0x00000000c003af94                ACPI::getPCIIRQAssignment(unsigned char, unsigned short, unsigned char)
                0x00000000c003b368                ACPI::registerPCIIRQAssignment(void*, unsigned short, unsigned char, unsigned char)
                0x00000000c003b89c                ACPI::setScreenBrightnessLevel(void*, int)
                0x00000000c003b8a4                ACPI::detectPCI()
                0x00000000c003bddc                ACPI::writeSimpleBootFlag(SimpleBootFlagTable*)
                0x00000000c003beb0                ACPI::sleep()
                0x00000000c003becc                ACPI::open(int, int, void*)
 *fill*         0x00000000c003c723        0x1 
 .text          0x00000000c003c724     0x2198 hw/cpu.32
                0x00000000c003c724                CPU::close(int, int, void*)
                0x00000000c003c728                CPU::AMD_K6_write_msr(unsigned int, unsigned int, unsigned int, CPU::REGS*)
                0x00000000c003c744                CPU::AMD_K6_read_msr(unsigned int, CPU::REGS*)
                0x00000000c003c75c                CPU::AMD_K6_writeback(int, int, int)
                0x00000000c003c7d0                CPU::cpuid(int, unsigned long*, unsigned long*, unsigned long*, unsigned long*)
                0x00000000c003c94e                CPU::cpuidCheckEDX(unsigned int)
                0x00000000c003c97c                CPU::cpuidCheckECX(unsigned int)
                0x00000000c003c9aa                CPU::cpuidCheckExtendedEBX(unsigned int)
                0x00000000c003c9d8                CPU::cpuidCheckExtendedECX(unsigned int)
                0x00000000c003ca06                CPU::CPU()
                0x00000000c003ca06                CPU::CPU()
                0x00000000c003cd54                CPU::displayFeatures()
                0x00000000c003cd56                CPU::detectFeatures()
                0x00000000c003e0b8                CPU::setupSMEP()
                0x00000000c003e0c4                CPU::setupUMIP()
                0x00000000c003e0ce                CPU::setupTSC()
                0x00000000c003e0d8                CPU::setupLargePages()
                0x00000000c003e0e2                CPU::setupPAT()
                0x00000000c003e192                CPU::setupMTRR()
                0x00000000c003e194                CPU::setupGlobalPages()
                0x00000000c003e19e                CPU::allowUsermodeDataAccess()
                0x00000000c003e1ee                CPU::prohibitUsermodeDataAccess()
                0x00000000c003e23e                CPU::setupSMAP()
                0x00000000c003e278                CPU::setupFeatures()
                0x00000000c003e510                CPU::open(int, int, void*)
 .text          0x00000000c003e8bc      0x557 krnl/bootmsg.32
                0x00000000c003e8bc                KeDisplaySplashScreen()
                0x00000000c003eca5                KeSetBootMessage(char const*)
 *fill*         0x00000000c003ee13        0x1 
 .text          0x00000000c003ee14     0x175a krnl/env.32
                0x00000000c003ee14                EnvVarContainer::getEnv(char const*)
                0x00000000c003ef6c                EnvVarContainer::setEnv(char const*, char const*)
                0x00000000c003f134                EnvVarContainer::deleteEnv(char const*)
                0x00000000c003f136                EnvVarContainer::loadFrom(char const*, char const*)
                0x00000000c003f75c                EnvVarContainer::__loadSystem()
                0x00000000c003f794                EnvVarContainer::__loadUser()
                0x00000000c003f796                EnvVarContainer::EnvVarContainer(Process*)
                0x00000000c003f796                EnvVarContainer::EnvVarContainer(Process*)
                0x00000000c003f88c                EnvVarContainer::~EnvVarContainer()
                0x00000000c003f88c                EnvVarContainer::~EnvVarContainer()
                0x00000000c003f98e                Krnl::getEnv(Process*, char const*)
                0x00000000c003fa6e                Krnl::setEnvSystem(char const*, char const*)
                0x00000000c003faa5                Krnl::setEnvUser(char const*, char const*)
                0x00000000c003fadf                Krnl::setEnvProcess(Process*, char const*, char const*)
                0x00000000c003fb54                Krnl::deleteEnvSystem(char const*)
                0x00000000c003fb74                Krnl::deleteEnvUser(char const*)
                0x00000000c003fb94                Krnl::deleteEnvProcess(Process*, char const*)
                0x00000000c003fbf2                Krnl::newProcessEnv(Process*)
                0x00000000c003fc2d                Krnl::copyProcessEnv(Process*, Process*)
                0x00000000c003fdc6                Krnl::loadSystemEnv()
                0x00000000c003fe2c                Krnl::loadUserEnv()
                0x00000000c003fe89                Krnl::flushEnv()
                0x00000000c003fe8a                Krnl::getProcessTotalEnvCount(Process*)
                0x00000000c003ffff                Krnl::getProcessEnvPair(Process*, int)
 .text          0x00000000c004056e      0x193 krnl/inlines.32
                0x00000000c004056e                CPU::current()
                0x00000000c00405ba                operator new(unsigned long)
                0x00000000c00405bf                operator delete(void*)
                0x00000000c00405c4                disableIRQs()
                0x00000000c00405c6                enableIRQs()
                0x00000000c00405c8                lockScheduler()
                0x00000000c00405f5                unlockScheduler()
                0x00000000c0040626                lockStuff()
                0x00000000c0040676                unlockStuff()
                0x00000000c00406e6                Virt::getAKernelVAS()
                0x00000000c00406ec                __not_memcpy
 .text          0x00000000c0040701        0xc krnl/panic.32
                0x00000000c0040701                KePanic(char const*)
 .text          0x00000000c004070d      0x1fd krnl/powctrl.32
                0x00000000c004070d                Krnl::powerThread(void*)
                0x00000000c0040772                Krnl::changePowerSettings(Krnl::PowerSettings)
                0x00000000c0040788                Krnl::userIOReceived()
                0x00000000c0040793                Krnl::handlePowerButton()
                0x00000000c00407fe                Krnl::handleSleepButton()
                0x00000000c0040869                Krnl::setupPowerManager()
 .text          0x00000000c004090a       0x9d krnl/random.32
                0x00000000c004090a                KeRand()
                0x00000000c004094c                KeSeedRand(unsigned int)
                0x00000000c0040975                KeInitRand()
 *fill*         0x00000000c00409a7        0x1 
 .text          0x00000000c00409a8      0x1bc krnl/resolve.32
                0x00000000c00409a8                KeResolveCompatibilitySymbol(char*)
 .text          0x00000000c0040b64      0xde7 krnl/signal.32
                0x00000000c0040b64                KiSigKill(int)
                0x00000000c0040b78                KiDefaultSignalHandlerIgnore(int)
                0x00000000c0040b79                KiDefaultSignalHandlerPause(int)
                0x00000000c0040ba5                KiDefaultSignalHandlerResume(int)
                0x00000000c0040bd1                KeDeinitSignals(SigHandlerBlock*)
                0x00000000c0040bd6                KeInitSignals()
                0x00000000c0040cc2                KeRegisterSignalHandler(SigHandlerBlock*, int, void (*)(int), unsigned int, int)
                0x00000000c0040e39                KeRaiseSignal(SigHandlerBlock*, int)
                0x00000000c0040fc6                KeCheckSignal(SigHandlerBlock*, int*)
                0x00000000c00415c2                KiCheckSignalZ
                0x00000000c0041722                KeCompleteSignal(SigHandlerBlock*, int)
                0x00000000c0041823                KiFinishSignalZ
 .text          0x00000000c004194b     0x4829 krnl/syscalls.32
                0x00000000c004194b                SysSeekDir(regs*)
                0x00000000c0041950                SysTellDir(regs*)
                0x00000000c0041955                SysTTYName(regs*)
                0x00000000c004195d                SysNotImpl(regs*)
                0x00000000c0041978                SysVerify(regs*)
                0x00000000c00419bf                SysGetArgc(regs*)
                0x00000000c0041a44                SysFormatDisk(regs*)
                0x00000000c0041d78                SysSetDiskVolumeLabel(regs*)
                0x00000000c0042446                SysGetDiskVolumeLabel(regs*)
                0x00000000c0042b66                SysShutdown(regs*)
                0x00000000c0042d81                SysRealpath(regs*)
                0x00000000c0042f19                SysReadDir(regs*)
                0x00000000c0043148                SysIsATTY(regs*)
                0x00000000c0043341                SysSeek(regs*)
                0x00000000c00434b7                SysTell(regs*)
                0x00000000c00436b5                SysSize(regs*)
                0x00000000c00438b8                SysClose(regs*)
                0x00000000c0043a97                SysCloseDir(regs*)
                0x00000000c0043c12                SysWait(regs*)
                0x00000000c0043ca4                SysPanic(regs*)
                0x00000000c0043cf9                SysGetArgv(regs*)
                0x00000000c0043fb2                SysUSleep(regs*)
                0x00000000c004404e                SysGetEnv(regs*)
                0x00000000c0044256                SysGetUnixTime(regs*)
                0x00000000c00442c9                SysSizeFromFilename(regs*)
                0x00000000c00445dc                SysOpenDir(regs*)
                0x00000000c0044806                SysMakeDir(regs*)
                0x00000000c00449be                SysRmdir(regs*)
                0x00000000c0044b79                SysUnlink(regs*)
                0x00000000c0044d34                SysSetFatAttrib(regs*)
                0x00000000c0044f7f                SysPipe(regs*)
                0x00000000c004513c                SysSpawn(regs*)
                0x00000000c004531d                string_ends_with(char const*, char const*)
                0x00000000c00453a3                SysOpen(regs*)
                0x00000000c0045fca                KeSystemCall(regs*, void*)
 .text          0x00000000c0046174      0x2cd net/ethernet.32
                0x00000000c0046174                KeSwitchEndian16(unsigned short)
                0x00000000c00461c8                KeSwitchEndian32(unsigned int)
                0x00000000c00461fc                EthernetCRC32(unsigned char*, int)
                0x00000000c0046348                EthernetReceivedPacket(EthernetUnwrappedFrame*, unsigned short)
 .text          0x00000000c0046441     0x238f reg/cm.32
                0x00000000c0046441                CmOpen(char const*)
                0x00000000c00467e0                CmClose(Reghive_Tag*)
                0x00000000c0046851                CmReadExtent(Reghive_Tag*, int, unsigned char*)
                0x00000000c004696c                CmGetString(Reghive_Tag*, int, char*)
                0x00000000c0046b01                CmEnterDirectory(Reghive_Tag*, int)
                0x00000000c0046b40                CmGetNext(Reghive_Tag*, int)
                0x00000000c0046b72                CmWriteExtent(Reghive_Tag*, int, unsigned char*)
                0x00000000c0046c8d                CmFreeExtent(Reghive_Tag*, int)
                0x00000000c0046cb5                CmUpdateHeader(Reghive_Tag*)
                0x00000000c0046d25                CmExpand(Reghive_Tag*, int)
                0x00000000c0046ea2                CmFindUnusedExtent(Reghive_Tag*)
                0x00000000c0047053                CmCreateExtent(Reghive_Tag*, int, int, unsigned char*)
                0x00000000c0047147                CmSetString(Reghive_Tag*, int, char const*)
                0x00000000c0047613                CmGetMatch(char*, char*, bool, bool*)
                0x00000000c0047707                CmAddShift(unsigned int*, int*, unsigned char, int)
                0x00000000c0047801                CmGetShift(unsigned int*, int*, int, bool*)
                0x00000000c004794d                CmGetInteger(Reghive_Tag*, int, unsigned long long*)
                0x00000000c0047999                CmSetInteger(Reghive_Tag*, int, unsigned long long)
                0x00000000c00479d9                CmConvertFromInternalFilename(unsigned char const*, char*)
                0x00000000c0047c12                CmGetNameAndTypeFromExtent(Reghive_Tag*, int, char*)
                0x00000000c0047c40                CmConvertToInternalFilename(char const*, unsigned char*)
                0x00000000c00481eb                CmCreateString(Reghive_Tag*, int, char const*)
                0x00000000c0048238                CmFindInDirectory(Reghive_Tag*, int, char const*)
                0x00000000c00482b2                CmCreateInteger(Reghive_Tag*, int, char const*, unsigned long long, int)
                0x00000000c0048305                CmCreateDirectory(Reghive_Tag*, int, char const*)
                0x00000000c00483c9                zStrtok(char*, char const*)
                0x00000000c00485aa                CmFindObjectFromPath(Reghive_Tag*, char const*)
                0x00000000c004862b                CmDisplayTree(Reghive_Tag*, int, int)
                0x00000000c0048706                CmSplitFinalSlashInPlace(char*)
 .text          0x00000000c00487d0     0x1267 reg/registry.32
                0x00000000c00487d0                Reg::findLineFromLoadedData(char*, char*, char*)
                0x00000000c0048c01                Reg::getLineFromRegistry(char*, char*, char*, char*)
                0x00000000c0048fa6                Reg::getLine(char*, char*, char*)
                0x00000000c0048fdd                Reg::readInt(char*, char*, int*)
                0x00000000c004969d                Reg::readString(char*, char*, char*, int)
                0x00000000c0049921                Reg::readBool(char*, char*, bool*)
                0x00000000c004996c                Reg::readBoolWithDefault(char*, char*, bool)
                0x00000000c00499b3                Reg::readIntWithDefault(char*, char*, int)
                0x00000000c00499df                Reg::readStringWithDefault(char*, char*, char*, int, char*)
 .text          0x00000000c0049a37      0x172 sys/eject.32
                0x00000000c0049a37                SysEject(regs*)
 .text          0x00000000c0049ba9       0x4e sys/exit.32
                0x00000000c0049ba9                SysExit(regs*)
 .text          0x00000000c0049bf7       0x9d sys/getcwd.32
                0x00000000c0049bf7                SysGetCwd(regs*)
 .text          0x00000000c0049c94       0x57 sys/getpid.32
                0x00000000c0049c94                SysGetPID(regs*)
 .text          0x00000000c0049ceb       0x86 sys/getramdata.32
                0x00000000c0049ceb                SysGetRAMData(regs*)
 .text          0x00000000c0049d71      0x23f sys/getvgaptr.32
                0x00000000c0049d71                SysGetVGAPtr(regs*)
 .text          0x00000000c0049fb0      0x330 sys/kill.32
                0x00000000c0049fb0                SysKill(regs*)
 .text          0x00000000c004a2e0      0x21f sys/loaddll.32
                0x00000000c004a2e0                SysLoadDLL(regs*)
 .text          0x00000000c004a4ff      0x1e6 sys/read.32
                0x00000000c004a4ff                SysRead(regs*)
 .text          0x00000000c004a6e5       0xdc sys/registersignal.32
                0x00000000c004a6e5                SysRegisterSignal(regs*)
 .text          0x00000000c004a7c1      0x4e1 sys/registry.32
                0x00000000c004a7c1                SysRegistryGetTypeFromPath(regs*)
                0x00000000c004a8b8                SysRegistryReadExtent(regs*)
                0x00000000c004a9b6                SysRegistryPathToExtentLookup(regs*)
                0x00000000c004aa47                SysRegistryEnterDirectory(regs*)
                0x00000000c004aad8                SysRegistryGetNext(regs*)
                0x00000000c004ab69                SysRegistryGetNameAndTypeFromExtent(regs*)
                0x00000000c004ac0b                SysRegistryOpen(regs*)
                0x00000000c004ac55                SysRegistryClose(regs*)
 .text          0x00000000c004aca2      0x18c sys/sbrk.32
                0x00000000c004aca2                SysSbrk(regs*)
 .text          0x00000000c004ae2e       0x80 sys/setcwd.32
                0x00000000c004ae2e                SysSetCwd(regs*)
 .text          0x00000000c004aeae      0x206 sys/settime.32
                0x00000000c004aeae                SysSetTime(regs*)
 .text          0x00000000c004b0b4       0x99 sys/timezone.32
                0x00000000c004b0b4                SysTimezone(regs*)
 .text          0x00000000c004b14d      0x1e6 sys/write.32
                0x00000000c004b14d                SysWrite(regs*)
 .text          0x00000000c004b333      0x166 sys/wsbe.32
                0x00000000c004b333                SysWsbe(regs*)
 .text          0x00000000c004b499       0x5e sys/yield.32
                0x00000000c004b499                SysYield(regs*)
 .text          0x00000000c004b4f7     0x425b thr/elf.32
                0x00000000c004b4f7                Thr::allocateMemoryForTask(Process*, File*, unsigned long, unsigned long, unsigned long)
                0x00000000c004bbd5                Thr::loadProgramIntoMemory(Process*, char const*)
                0x00000000c004c43a                Thr::runtimeReferenceHelper()
                0x00000000c004c44d                Thr::getAddressOfKernelSymbol(char const*)
                0x00000000c004c6ee                Thr::loadKernelSymbolTable(char const*)
                0x00000000c004d178                Thr::loadDriverIntoMemory(char const*, unsigned long, bool)
                0x00000000c004ed86                Thr::getDriverBaseFromAddress(unsigned long)
                0x00000000c004ef91                Thr::getDriverNameFromAddress(unsigned long)
                0x00000000c004f197                Thr::getDriverOffsetFromAddress(unsigned long)
                0x00000000c004f1b9                Thr::loadDLL(char const*, bool)
                0x00000000c004f719                Thr::executeDLL(unsigned long, void*)
 *fill*         0x00000000c004f752        0x2 
 .text          0x00000000c004f754     0x4ced thr/prcssthr.32
                0x00000000c004f754                userModeEntryPoint(void*)
                0x00000000c004f81c                changeTSS
                0x00000000c004f958                switchToThread(ThreadControlBlock*)
                0x00000000c004fb44                Process::addArgs(char**)
                0x00000000c004ff50                Process::Process(char const*, Process*, char**)
                0x00000000c004ff50                Process::Process(char const*, Process*, char**)
                0x00000000c00507bc                Process::Process(bool, char const*, Process*, char**)
                0x00000000c00507bc                Process::Process(bool, char const*, Process*, char**)
                0x00000000c0050fb0                taskStartupFunction
                0x00000000c0050ff8                Semaphore::Semaphore(int)
                0x00000000c0050ff8                Semaphore::Semaphore(int)
                0x00000000c0051160                Mutex::Mutex()
                0x00000000c0051160                Mutex::Mutex()
                0x00000000c00511f0                Process::createThread(void (*)(void*), void*, int)
                0x00000000c0051878                Process::createUserThread()
                0x00000000c00518b0                setupMultitasking(void (*)())
                0x00000000c0051acc                schedule()
                0x00000000c0051bd8                Semaphore::tryAcquire()
                0x00000000c0051e80                Semaphore::assertLocked(char const*)
                0x00000000c0051ff4                blockTaskWithSchedulerLockAlreadyHeld(TaskState)
                0x00000000c0052074                blockTask(TaskState)
                0x00000000c0052120                waitTask(int, int*, int)
                0x00000000c00522c8                milliTenthSleepUntil(unsigned int)
                0x00000000c0052438                milliTenthSleep(unsigned int)
                0x00000000c005244c                sleep(unsigned int)
                0x00000000c0052468                Semaphore::acquire()
                0x00000000c00527f8                taskReturned
                0x00000000c0052880                Thr::processFromPID(int)
                0x00000000c0052a04                unblockTask(ThreadControlBlock*)
                0x00000000c0052b58                cleanupTerminatedTask(ThreadControlBlock*)
                0x00000000c0053b94                cleanerTaskFunction(void*)
                0x00000000c0053df0                terminateTask(int)
                0x00000000c00540d8                Thr::terminateFromIRQ(int)
                0x00000000c00540e8                Semaphore::release()
 .text          0x00000000c0054441     0x2e23 vm86/vm8086.32
                0x00000000c0054441                Vm::inbv(unsigned short)
                0x00000000c0054454                Vm::outbv(unsigned short, unsigned char)
                0x00000000c005451b                Vm::realToLinear(unsigned short, unsigned short)
                0x00000000c005452b                Vm::getSegment(unsigned int)
                0x00000000c0054533                Vm::getOffset(unsigned int)
                0x00000000c0054538                Vm::mainloop2()
                0x00000000c00545c5                Vm::mainVm8086Loop(void*)
                0x00000000c00545fa                Vm::mainloop3(unsigned long)
                0x00000000c0054646                Vm::initialise8086()
                0x00000000c00546f0                Vm::finish8086()
                0x00000000c00547b5                Vm::getOutput8086(unsigned char*)
                0x00000000c00547da                Vm::start8086FromBuffer(unsigned char*, int, unsigned short, unsigned short, unsigned short, unsigned short)
                0x00000000c005499b                Vm::start8086(char const*, unsigned short, unsigned short, unsigned short, unsigned short)
                0x00000000c0054d75                Vm::doISR(regs*, int, unsigned char*, unsigned short, unsigned short)
                0x00000000c005505e                Vm::readByteFromReal(unsigned short, unsigned short)
                0x00000000c005508b                Vm::readWordFromReal(unsigned short, unsigned short)
                0x00000000c00550bd                Vm::readDwordFromReal(unsigned short, unsigned short)
                0x00000000c00550ee                Vm::writeByteFromReal(unsigned short, unsigned short, unsigned char)
                0x00000000c005511f                Vm::writeWordFromReal(unsigned short, unsigned short, unsigned short)
                0x00000000c0055153                Vm::writeDwordFromReal(unsigned short, unsigned short, unsigned int)
                0x00000000c0055188                Vm::faultHandler(regs*)
 .text          0x00000000c0057264     0x1fe7 arch/i386/hal.32
                0x00000000c0057264                noCopro(unsigned long)
                0x00000000c0057265                nmiHandler(regs*, void*)
                0x00000000c005729f                doubleFault(regs*, void*)
                0x00000000c00572b8                displayDebugInfo(regs*)
                0x00000000c005817b                HalSystemIdle()
                0x00000000c00582bc                displayProgramFault(char const*)
                0x00000000c005843c                gpFault(regs*, void*)
                0x00000000c00584a3                pgFault(regs*, void*)
                0x00000000c0058618                otherISRHandler(regs*, void*)
                0x00000000c005864c                opcodeFault(regs*, void*)
                0x00000000c0058823                i386SaveCoprocessor(void*)
                0x00000000c0058837                i386LoadCoprocessor(void*)
                0x00000000c005884b                x87EmulHandler(regs*, void*)
                0x00000000c0058990                HalInitialiseCoprocessor()
                0x00000000c0058a99                HalPanic(char const*)
                0x00000000c0058d18                HalQueryPerformanceCounter()
                0x00000000c0058daa                HalInitialise()
                0x00000000c005917c                HalMakeBeep(int)
                0x00000000c00591b6                HalGetRand()
                0x00000000c00591b9                HalEndOfInterrupt(int)
                0x00000000c0059248                HalRestart()
                0x00000000c0059249                HalShutdown()
                0x00000000c005924a                HalSleep()
 *fill*         0x00000000c005924b        0x1 
 .text          0x00000000c005924c      0x30c arch/i386/pic.32
                0x00000000c005924c                picIoWait()
                0x00000000c0059254                picDisable()
                0x00000000c0059288                picGetIRQReg(int)
                0x00000000c0059330                picOpen()
                0x00000000c00594b4                picEOI(int)
 .text          0x00000000c0059558      0xdd9 arch/i386/rtc.32
                0x00000000c0059558                RTC::open(int, int, void*)
                0x00000000c005955c                RTC::close(int, int, void*)
                0x00000000c0059560                RTC::~RTC()
                0x00000000c0059560                RTC::~RTC()
                0x00000000c0059630                RTC::~RTC()
                0x00000000c005965a                RTC::timeInSecondsUTC()
                0x00000000c00596aa                RTC::timeInDatetimeUTC()
                0x00000000c0059740                RTC::setTimeInSecondsUTC(unsigned long long)
                0x00000000c00597ee                RTC::get_update_in_progress_flag()
                0x00000000c0059826                RTC::completeRTCRefresh()
                0x00000000c0059cf4                RTC::setTimeInDatetimeUTC(datetime_t)
                0x00000000c0059fd0                rtcIRQHandler(regs*, void*)
                0x00000000c005a0ae                RTC::RTC()
                0x00000000c005a0ae                RTC::RTC()
 *fill*         0x00000000c005a331        0x3 
 .text          0x00000000c005a334      0x590 arch/i386/vga.32
                0x00000000c005a334                HalConsoleScroll(int, int)
                0x00000000c005a6e0                HalConsoleWriteCharacter(char, int, int, int, int)
                0x00000000c005a83c                HalConsoleCursorUpdate(int, int)
 .text          0x00000000c005a8c4     0x30f7 fs/fat/vfslink.32
                0x00000000c005a8c4                FAT::getName()
                0x00000000c005a8cc                FAT::tell(void*, unsigned long long*)
                0x00000000c005a990                FAT::stat(void*, unsigned long long*)
                0x00000000c005aa54                FAT::~FAT()
                0x00000000c005aa54                FAT::~FAT()
                0x00000000c005ab38                FAT::~FAT()
                0x00000000c005ab60                FAT::getlabel(LogicalDisk*, int, char*, unsigned int*)
                0x00000000c005aee4                FAT::setlabel(LogicalDisk*, int, char*)
                0x00000000c005b284                FAT::format(LogicalDisk*, int, char const*, int)
                0x00000000c005b74c                FAT::tryMount(LogicalDisk*, int)
                0x00000000c005bc34                FAT::allocateSwapfile(char const*, int)
                0x00000000c005c154                FAT::readDir(void*, unsigned long, void*, int*)
                0x00000000c005c2f4                FAT::read(void*, unsigned long, void*, int*)
                0x00000000c005c384                FAT::write(void*, unsigned long, void*, int*)
                0x00000000c005c414                FAT::close(void*)
                0x00000000c005c468                FAT::closeDir(void*)
                0x00000000c005c4bc                FAT::seek(void*, unsigned long long)
                0x00000000c005c514                fatWrapperReadDisk
                0x00000000c005c61c                fatWrapperWriteDisk
                0x00000000c005c724                fatWrapperIoctl
                0x00000000c005cca4                FAT::FAT()
                0x00000000c005cca4                FAT::FAT()
                0x00000000c005ce6c                FAT::fixFilepath(char*)
                0x00000000c005d000                FAT::open(char const*, void**, FileOpenMode)
                0x00000000c005d1fc                FAT::openDir(char const*, void**)
                0x00000000c005d338                FAT::stat(char const*, unsigned long long*, bool*)
                0x00000000c005d4b4                FAT::unlink(char const*)
                0x00000000c005d564                FAT::chfatattr(char const*, unsigned char, unsigned char)
                0x00000000c005d744                FAT::rename(char const*, char const*)
                0x00000000c005d86c                FAT::mkdir(char const*)
                0x00000000c005d91c                FAT::exists(char const*)
 *fill*         0x00000000c005d9bb        0x1 
 .text          0x00000000c005d9bc      0x198 fs/iso9660/helper.32
                0x00000000c005d9bc                isoReadDiscSectorHelper
                0x00000000c005db1c                iso_kprintf
                0x00000000c005db38                iso_kprintfd
 .text          0x00000000c005db54     0x14a6 fs/iso9660/vfslink.32
                0x00000000c005db54                ISO9660::format(LogicalDisk*, int, char const*, int)
                0x00000000c005db5a                ISO9660::getName()
                0x00000000c005db60                ISO9660::chfatattr(char const*, unsigned char, unsigned char)
                0x00000000c005db66                ISO9660::unlink(char const*)
                0x00000000c005db6c                ISO9660::write(void*, unsigned long, void*, int*)
                0x00000000c005db72                ISO9660::rename(char const*, char const*)
                0x00000000c005db78                ISO9660::mkdir(char const*)
                0x00000000c005db7e                ISO9660::~ISO9660()
                0x00000000c005db7e                ISO9660::~ISO9660()
                0x00000000c005dc4e                ISO9660::~ISO9660()
                0x00000000c005dc76                ISO9660::exists(char const*)
                0x00000000c005dc8a                ISO9660::seek(void*, unsigned long long)
                0x00000000c005dccc                ISO9660::close(void*)
                0x00000000c005dcfc                ISO9660::closeDir(void*)
                0x00000000c005dd88                ISO9660::read(void*, unsigned long, void*, int*)
                0x00000000c005ddea                ISO9660::tell(void*, unsigned long long*)
                0x00000000c005de52                ISO9660::stat(void*, unsigned long long*)
                0x00000000c005debe                ISO9660::readDir(void*, unsigned long, void*, int*)
                0x00000000c005e112                ISO9660::open(char const*, void**, FileOpenMode)
                0x00000000c005e4da                ISO9660::stat(char const*, unsigned long long*, bool*)
                0x00000000c005e91a                ISO9660::openDir(char const*, void**)
                0x00000000c005ed7e                readSectorFromCDROM(unsigned int, unsigned char*, char)
                0x00000000c005ee9e                ISO9660::tryMount(LogicalDisk*, int)
                0x00000000c005ef26                ISO9660::ISO9660()
                0x00000000c005ef26                ISO9660::ISO9660()
 .text          0x00000000c005effa      0xb96 hal/sound/sndcard.32
                0x00000000c005effa                SoundCard::beginPlayback()
                0x00000000c005f008                SoundCard::stopPlayback()
                0x00000000c005f016                SoundCard::SoundCard(char const*)
                0x00000000c005f016                SoundCard::SoundCard(char const*)
                0x00000000c005f39e                SoundCard::~SoundCard()
                0x00000000c005f39e                SoundCard::~SoundCard()
                0x00000000c005f46e                SoundCard::~SoundCard()
                0x00000000c005f498                SoundCard::configureRates(int, int, int)
                0x00000000c005f596                SoundCard::getSamples16(int, short*)
                0x00000000c005f73e                SoundCard::getSamples32(int, int*)
                0x00000000c005fa56                SoundCard::addChannel(SoundPort*)
                0x00000000c005fb20                SoundCard::removeChannel(int)
 .text          0x00000000c005fb90     0x1c81 hal/sound/sndport.32
                0x00000000c005fb90                SoundPort::SoundPort(int, int, int, int)
                0x00000000c005fb90                SoundPort::SoundPort(int, int, int, int)
                0x00000000c005ff2c                SoundPort::~SoundPort()
                0x00000000c005ff2c                SoundPort::~SoundPort()
                0x00000000c0060074                SoundPort::unpause()
                0x00000000c00600c4                SoundPort::pause()
                0x00000000c0060114                SoundPort::getBufferUsed()
                0x00000000c0060160                SoundPort::getBufferSize()
                0x00000000c00601ac                SoundPort::buffer16(short*, int)
                0x00000000c006071c                SoundPort::buffer32(int*, int)
                0x00000000c0060c7c                SoundPort::unbufferAndAdd16(int, short*, SoundCard*)
                0x00000000c00611d4                SoundPort::unbufferAndAdd32(int, int*, SoundCard*)
 .text          0x00000000c0061811        0x0 hw/bus/isa.32
 *fill*         0x00000000c0061811        0x1 
 .text          0x00000000c0061812     0x243f hw/bus/pci.32
                0x00000000c0061812                PCI::close(int, int, void*)
                0x00000000c0061816                PCI::open(int, int, void*)
                0x00000000c00618d6                PCI::PCI()
                0x00000000c00618d6                PCI::PCI()
                0x00000000c0061ca8                PCI::readBAR8(unsigned int, int)
                0x00000000c0061ce2                PCI::readBAR16(unsigned int, int)
                0x00000000c0061d22                PCI::readBAR32(unsigned int, int)
                0x00000000c0061d60                PCI::writeBAR8(unsigned int, unsigned char, int)
                0x00000000c0061da4                PCI::writeBAR16(unsigned int, unsigned short, int)
                0x00000000c0061de6                PCI::writeBAR32(unsigned int, unsigned int, int)
                0x00000000c0061e2a                PCI::legacyMechanism(unsigned char, unsigned char, unsigned char, unsigned char)
                0x00000000c0061ea0                PCI::pciReadWord(unsigned char, unsigned char, unsigned char, unsigned char)
                0x00000000c0061fd8                PCI::getVendorID(unsigned char, unsigned char, unsigned char)
                0x00000000c006202e                PCI::getHeaderType(unsigned char, unsigned char, unsigned char)
                0x00000000c0062086                PCI::getClassCode(unsigned char, unsigned char, unsigned char)
                0x00000000c006211a                PCI::getProgIF(unsigned char, unsigned char, unsigned char)
                0x00000000c0062172                PCI::getRevisionID(unsigned char, unsigned char, unsigned char)
                0x00000000c00621c8                PCI::getInterruptNumber(unsigned char, unsigned char, unsigned char)
                0x00000000c006221e                PCI::getSecondaryBus(unsigned char, unsigned char, unsigned char)
                0x00000000c0062276                PCI::getBARAddress(unsigned char, unsigned char, unsigned char, unsigned char)
                0x00000000c0062328                PCI::pciWriteWord(unsigned char, unsigned char, unsigned char, unsigned char, unsigned short)
                0x00000000c0062494                PCI::pciDetailsToFilepath(PCIDeviceInfo, char*)
                0x00000000c0062f3a                PCI::checkBus(unsigned char)
                0x00000000c0062f7a                PCI::foundDevice(PCIDeviceInfo)
                0x00000000c0063518                PCI::getDeviceData(unsigned char, unsigned char, unsigned char)
                0x00000000c0063a96                PCI::checkDevice(unsigned char, unsigned char)
                0x00000000c0063b90                PCI::detect()
 *fill*         0x00000000c0063c51        0x1 
 .text          0x00000000c0063c52     0x33da hw/diskctrl/ide.32
                0x00000000c0063c52                IDE::close(int, int, void*)
                0x00000000c0063c56                IDE::IDE()
                0x00000000c0063c56                IDE::IDE()
                0x00000000c0063d7e                IDE::prepareInterrupt(unsigned char)
                0x00000000c0063ddf                selectDrive(unsigned char, unsigned char)
                0x00000000c0063de0                IDE::getBase(unsigned char)
                0x00000000c0063e42                IDE::write(unsigned char, unsigned char, unsigned char)
                0x00000000c0064118                IDE::read(unsigned char, unsigned char)
                0x00000000c00643e0                IDE::waitInterrupt(unsigned char)
                0x00000000c0064505                ideChannel0IRQHandler(regs*, void*)
                0x00000000c0064574                ideChannel1IRQHandler(regs*, void*)
                0x00000000c00645e4                IDE::enableIRQs(unsigned char, bool)
                0x00000000c00646fa                IDE::open(int, int, void*)
                0x00000000c0065d90                IDE::readBuffer(unsigned char, unsigned char, unsigned int, unsigned int)
                0x00000000c0066082                IDE::detect()
                0x00000000c0066e76                IDE::printError(unsigned char, unsigned char, unsigned char)
                0x00000000c0066fa6                IDE::polling(unsigned char, unsigned int)
 .text          0x00000000c006702c      0xf7b hw/diskctrl/satabus.32
                0x00000000c006702c                SATABus::close(int, int, void*)
                0x00000000c0067030                SATABus::detect()
                0x00000000c0067032                SATABus::SATABus()
                0x00000000c0067032                SATABus::SATABus()
                0x00000000c00672a8                SATABus::findCmdslot(SATABus::tagHBA_PORT volatile*)
                0x00000000c006739c                SATABus::checkType(SATABus::tagHBA_PORT volatile*)
                0x00000000c0067436                SATABus::startCmd(SATABus::tagHBA_PORT volatile*)
                0x00000000c00674c2                SATABus::stopCmd(SATABus::tagHBA_PORT volatile*)
                0x00000000c0067570                SATABus::portRebase(SATABus::tagHBA_PORT volatile*, int)
                0x00000000c0067ba8                SATABus::probePort(SATABus::tagHBA_MEM volatile*)
                0x00000000c0067efc                SATABus::open(int, int, void*)
 *fill*         0x00000000c0067fa7        0x1 
 .text          0x00000000c0067fa8     0x195e hw/diskphys/ata.32
                0x00000000c0067fa8                ATA::powerSaving(PowerSavingLevel)
                0x00000000c0067faa                ATA::close(int, int, void*)
                0x00000000c006804e                ATA::ATA()
                0x00000000c006804e                ATA::ATA()
                0x00000000c0068128                ATA::flush(bool)
                0x00000000c0068256                ATA::readyForCommand()
                0x00000000c006834e                ATA::access(unsigned long long, int, void*, bool)
                0x00000000c0068ef8                ATA::detectCHS()
                0x00000000c0068ff2                ATA::open(int, int, void*)
                0x00000000c00694f9                combineCharAndColour(char, unsigned char)
                0x00000000c006950a                combineColours(unsigned char, unsigned char)
                0x00000000c0069518                ATA::read(unsigned long long, int, void*)
                0x00000000c006970e                ATA::write(unsigned long long, int, void*)
 .text          0x00000000c0069906     0x1731 hw/diskphys/atapi.32
                0x00000000c0069906                ATAPI::write(unsigned long long, int, void*)
                0x00000000c006990c                ATAPI::close(int, int, void*)
                0x00000000c00699b0                ATAPI::ATAPI()
                0x00000000c00699b0                ATAPI::ATAPI()
                0x00000000c0069a8a                ATAPI::readyForCommand()
                0x00000000c0069b88                ATAPI::sendPacket(unsigned char*, int, bool, unsigned short*, int)
                0x00000000c006a664                ATAPI::diskRemoved()
                0x00000000c006a79a                ATAPI::eject()
                0x00000000c006a816                ATAPI::diskInserted()
                0x00000000c006a862                ATAPI::detectMedia()
                0x00000000c006aa58                ATAPI::open(int, int, void*)
                0x00000000c006aefa                ATAPI::read(unsigned long long, int, void*)
 *fill*         0x00000000c006b037        0x1 
 .text          0x00000000c006b038     0x131b hw/diskphys/sata.32
                0x00000000c006b038                SATA::powerSaving(PowerSavingLevel)
                0x00000000c006b03a                SATA::close(int, int, void*)
                0x00000000c006b0de                SATA::open(int, int, void*)
                0x00000000c006b338                SATA::SATA()
                0x00000000c006b338                SATA::SATA()
                0x00000000c006b412                SATA::access(unsigned long long, int, void*, bool)
                0x00000000c006be22                SATA::read(unsigned long long, int, void*)
                0x00000000c006c09e                SATA::write(unsigned long long, int, void*)
 *fill*         0x00000000c006c353        0x1 
 .text          0x00000000c006c354     0x16c5 hw/diskphys/satapi.32
                0x00000000c006c354                SATAPI::write(unsigned long long, int, void*)
                0x00000000c006c35a                SATAPI::close(int, int, void*)
                0x00000000c006c3fe                SATAPI::SATAPI()
                0x00000000c006c3fe                SATAPI::SATAPI()
                0x00000000c006c4d8                SATAPI::diskRemoved()
                0x00000000c006c4da                SATAPI::diskInserted()
                0x00000000c006c532                SATAPI::sendPacket(unsigned char*, int, unsigned long long, unsigned short*, int)
                0x00000000c006d0ce                SATAPI::eject()
                0x00000000c006d186                SATAPI::detectMedia()
                0x00000000c006d426                SATAPI::open(int, int, void*)
                0x00000000c006d78e                SATAPI::read(unsigned long long, int, void*)
 *fill*         0x00000000c006da19        0x1 
 .text          0x00000000c006da1a     0x128b hw/intctrl/apic.32
                0x00000000c006da1a                IOAPIC::close(int, int, void*)
                0x00000000c006da20                apicGetBase()
                0x00000000c006dace                IOAPIC::IOAPIC()
                0x00000000c006dace                IOAPIC::IOAPIC()
                0x00000000c006dba2                apicOpen()
                0x00000000c006e19a                IOAPIC::handlesGSIWithNumber(unsigned int)
                0x00000000c006e2ac                IOAPIC::read(int)
                0x00000000c006e380                IOAPIC::open(int, int, void*)
                0x00000000c006e9ac                IOAPIC::write(int, int)
                0x00000000c006ea88                IOAPIC::redirect(unsigned char, unsigned long long, unsigned char, bool, bool)
 *fill*         0x00000000c006eca5        0x3 
 .text          0x00000000c006eca8      0x45c hw/timer/apictimer.32
                0x00000000c006eca8                APICTimer::close(int, int, void*)
                0x00000000c006ecb0                apicTimerHandler(regs*, void*)
                0x00000000c006ed1c                APICTimer::open(int, int, void*)
                0x00000000c006efa4                APICTimer::write(int)
                0x00000000c006f01c                APICTimer::APICTimer()
                0x00000000c006f01c                APICTimer::APICTimer()
 .text          0x00000000c006f104      0x741 hw/timer/pit.32
                0x00000000c006f104                PIT::write(int)
                0x00000000c006f200                pitHandler(regs*, void*)
                0x00000000c006f250                PIT::open(int, int, void*)
                0x00000000c006f3c8                PIT::close(int, int, void*)
                0x00000000c006f494                PIT::PIT()
                0x00000000c006f494                PIT::PIT()
 *fill*         0x00000000c006f845        0xb 
 .text          0x00000000c006f850       0x83 arch/i386/avx.32
                0x00000000c006f850                avxDetect
                0x00000000c006f87a                avxSave
                0x00000000c006f88b                avxLoad
                0x00000000c006f89c                avxInit
                0x00000000c006f8be                avxClose
                0x00000000c006f8bf                wouldSheSayYes
 *fill*         0x00000000c006f8d3        0xd 
 .text          0x00000000c006f8e0      0x2ec arch/i386/interrupt.32
                0x00000000c006f8e0                isr0
                0x00000000c006f8f0                isr1
                0x00000000c006f8fa                isr2
                0x00000000c006f904                isr3
                0x00000000c006f90e                isr4
                0x00000000c006f918                isr5
                0x00000000c006f922                isr6
                0x00000000c006f92c                isr7
                0x00000000c006f936                isr8
                0x00000000c006f93e                isr9
                0x00000000c006f948                isr10
                0x00000000c006f950                isr11
                0x00000000c006f958                isr12
                0x00000000c006f960                isr13
                0x00000000c006f97a                isr14
                0x00000000c006f982                isr15
                0x00000000c006f98c                isr16
                0x00000000c006f996                isr17
                0x00000000c006f9a0                isr18
                0x00000000c006f9aa                irq3
                0x00000000c006f9b4                irq4
                0x00000000c006f9be                irq5
                0x00000000c006f9c8                irq6
                0x00000000c006f9d2                irq7
                0x00000000c006f9dc                irq8
                0x00000000c006f9e6                irq9
                0x00000000c006f9f0                irq10
                0x00000000c006f9fa                irq11
                0x00000000c006fa04                irq12
                0x00000000c006fa0e                irq13
                0x00000000c006fa18                irq14
                0x00000000c006fa22                irq15
                0x00000000c006fa2c                irq1
                0x00000000c006fa33                irq2
                0x00000000c006fa3a                isr96
                0x00000000c006fa41                irq0
                0x00000000c006fa46                int_common_stub
                0x00000000c006fa78                syscall_common_stub
                0x00000000c006fb7c                irq16
                0x00000000c006fb86                irq17
                0x00000000c006fb90                irq18
                0x00000000c006fb9a                irq19
                0x00000000c006fba4                irq20
                0x00000000c006fbae                irq21
                0x00000000c006fbb8                irq22
                0x00000000c006fbc2                irq23
 *fill*         0x00000000c006fbcc        0x4 
 .text          0x00000000c006fbd0       0x10 arch/i386/rdrand.32
                0x00000000c006fbd0                i386GetRDRAND
 .text          0x00000000c006fbe0       0x39 arch/i386/sse.32
                0x00000000c006fbe0                absolutelyNoChanceInHell
                0x00000000c006fbe0                sseDetect
                0x00000000c006fbf8                sseSave
                0x00000000c006fc00                sseLoad
                0x00000000c006fc08                sseInit
                0x00000000c006fc18                sseClose
 *fill*         0x00000000c006fc19        0x7 
 .text          0x00000000c006fc20       0x49 arch/i386/x87.32
                0x00000000c006fc26                x87Detect
                0x00000000c006fc41                x87Save
                0x00000000c006fc48                x87Load
                0x00000000c006fc4f                x87Init
                0x00000000c006fc68                x87Close
 *fill*         0x00000000c006fc69        0x3 
 .text          0x00000000c006fc6c       0x25 /cygdrive/d/Users/Alex/Desktop/Toolchain/Output/bin/../lib/gcc/i386-banana/8.1.0/crtend.o
 .text          0x00000000c006fc91        0x0 crtn.32
 *fill*         0x00000000c006fc91        0x3 
 .text          0x00000000c006fc94      0x14b /cygdrive/d/Users/Alex/Desktop/Toolchain/Output/bin/../lib/gcc/i386-banana/8.1.0/libkgcc.a(_divdi3.o)
                0x00000000c006fc94                __divdi3
 *fill*         0x00000000c006fddf        0x1 
 .text          0x00000000c006fde0      0x17e /cygdrive/d/Users/Alex/Desktop/Toolchain/Output/bin/../lib/gcc/i386-banana/8.1.0/libkgcc.a(_moddi3.o)
                0x00000000c006fde0                __moddi3
 *fill*         0x00000000c006ff5e        0x2 
 .text          0x00000000c006ff60       0xff /cygdrive/d/Users/Alex/Desktop/Toolchain/Output/bin/../lib/gcc/i386-banana/8.1.0/libkgcc.a(_udivdi3.o)
                0x00000000c006ff60                __udivdi3
 *fill*         0x00000000c007005f        0x1 
 .text          0x00000000c0070060      0x11a /cygdrive/d/Users/Alex/Desktop/Toolchain/Output/bin/../lib/gcc/i386-banana/8.1.0/libkgcc.a(_umoddi3.o)
                0x00000000c0070060                __umoddi3
 *(.gnu.linkonce.t*)

.iplt           0x00000000c0070180        0x0
 .iplt          0x00000000c0070180        0x0 D:/Users/Alex/Desktop/Banana/kernel/boot.32
