Archive member included to satisfy reference by file (symbol)

/cygdrive/d/Users/Alex/Desktop/Toolchain/Output/bin/../lib/gcc/i386-banana/8.1.0/libkgcc.a(_divdi3.o)
                              fs/fat/ff.32 (__divdi3)
/cygdrive/d/Users/Alex/Desktop/Toolchain/Output/bin/../lib/gcc/i386-banana/8.1.0/libkgcc.a(_moddi3.o)
                              compat/resolve.32 (__moddi3)
/cygdrive/d/Users/Alex/Desktop/Toolchain/Output/bin/../lib/gcc/i386-banana/8.1.0/libkgcc.a(_udivdi3.o)
                              fs/fat/ff.32 (__udivdi3)
/cygdrive/d/Users/Alex/Desktop/Toolchain/Output/bin/../lib/gcc/i386-banana/8.1.0/libkgcc.a(_umoddi3.o)
                              compat/resolve.32 (__umoddi3)
D:/Users/Alex/Desktop/Banana/kernel/libsoftfp.a(sfieeelib.o)
                              hal/sound/sndhw.32 (__addsf3)
D:/Users/Alex/Desktop/Banana/kernel/libsoftfp.a(dfieeelib.o)
                              hal/libresample/src_linear.32 (__adddf3)
D:/Users/Alex/Desktop/Banana/kernel/libsoftfp.a(sfdfcvt.o)
                              hal/libresample/samplerate.32 (__truncdfsf2)
D:/Users/Alex/Desktop/Banana/kernel/libk/libm32.a(s_fabs.c.o)
                              hal/libresample/samplerate.32 (fabs)
D:/Users/Alex/Desktop/Banana/kernel/libk/libm32.a(s_lrint.S.o)
                              hal/libresample/samplerate.32 (lrint)
D:/Users/Alex/Desktop/Banana/kernel/libk/libm32.a(s_lrintf.S.o)
                              hal/sound/sndhw.32 (lrintf)

Discarded input sections

 .comment       0x0000000000000000       0x12 /cygdrive/d/Users/Alex/Desktop/Toolchain/Output/bin/../lib/gcc/i386-banana/8.1.0/crtbegin.o
 .comment       0x0000000000000000       0x12 acpica/utclib.32
 .comment       0x0000000000000000       0x12 core/malloc.32
 .comment       0x0000000000000000       0x12 libk/string.32
 .comment       0x0000000000000000       0x12 fs/fat/diskio.32
 .comment       0x0000000000000000       0x12 fs/fat/ff.32
 .comment       0x0000000000000000       0x12 fs/fat/ffsystem.32
 .comment       0x0000000000000000       0x12 fs/fat/ffunicode.32
 .comment       0x0000000000000000       0x12 hal/libresample/samplerate.32
 .comment       0x0000000000000000       0x12 hal/libresample/src_linear.32
 .comment       0x0000000000000000       0x12 hal/libresample/src_sinc.32
 .comment       0x0000000000000000       0x12 hal/libresample/src_zoh.32
 .comment       0x0000000000000000       0x12 compat/inlines.32
 .comment       0x0000000000000000       0x12 compat/resolve.32
 .group         0x0000000000000000       0x14 core/computer.32
 .group         0x0000000000000000        0xc core/computer.32
 .comment       0x0000000000000000       0x12 core/computer.32
 .comment       0x0000000000000000       0x12 core/gdt.32
 .group         0x0000000000000000        0xc core/idle.32
 .comment       0x0000000000000000       0x12 core/idle.32
 .comment       0x0000000000000000       0x12 core/idt.32
 .comment       0x0000000000000000       0x12 core/kheap.32
 .comment       0x0000000000000000       0x12 core/main.32
 .comment       0x0000000000000000       0x12 core/physmgr.32
 .group         0x0000000000000000        0xc core/pipe.32
 .comment       0x0000000000000000       0x12 core/pipe.32
 .group         0x0000000000000000        0xc core/terminal.32
 .comment       0x0000000000000000       0x12 core/terminal.32
 .comment       0x0000000000000000       0x12 core/tss.32
 .group         0x0000000000000000        0x8 core/unixfile.32
 .group         0x0000000000000000        0xc core/unixfile.32
 .group         0x0000000000000000        0xc core/unixfile.32
 .group         0x0000000000000000        0x8 core/unixfile.32
 .group         0x0000000000000000        0xc core/unixfile.32
 .group         0x0000000000000000        0x8 core/unixfile.32
 .group         0x0000000000000000        0xc core/unixfile.32
 .group         0x0000000000000000        0xc core/unixfile.32
 .comment       0x0000000000000000       0x12 core/unixfile.32
 .comment       0x0000000000000000       0x12 core/virtmgr.32
 .comment       0x0000000000000000       0x12 coreobjs/c++.32
 .comment       0x0000000000000000       0x12 dbg/kconsole.32
 .group         0x0000000000000000        0xc fs/vfs.32
 .group         0x0000000000000000        0xc fs/vfs.32
 .group         0x0000000000000000        0xc fs/vfs.32
 .comment       0x0000000000000000       0x12 fs/vfs.32
 .group         0x0000000000000000        0xc hal/bus.32
 .comment       0x0000000000000000       0x12 hal/bus.32
 .group         0x0000000000000000        0xc hal/buzzer.32
 .comment       0x0000000000000000       0x12 hal/buzzer.32
 .group         0x0000000000000000        0xc hal/clock.32
 .comment       0x0000000000000000       0x12 hal/clock.32
 .group         0x0000000000000000       0x14 hal/device.32
 .group         0x0000000000000000        0xc hal/device.32
 .group         0x0000000000000000        0xc hal/device.32
 .group         0x0000000000000000        0xc hal/device.32
[...]
Memory Configuration

Name             Origin             Length             Attributes
*default*        0x0000000000000000 0xffffffffffffffff

Linker script and memory map

LOAD D:/Users/Alex/Desktop/Banana/kernel/boot.32
LOAD crti.32
LOAD /cygdrive/d/Users/Alex/Desktop/Toolchain/Output/bin/../lib/gcc/i386-banana/8.1.0/crtbegin.o
LOAD D:/Users/Alex/Desktop/Banana/kernel/morenasm.32
LOAD acpica/utclib.32
LOAD core/malloc.32
LOAD libk/string.32
LOAD fs/fat/diskio.32
LOAD fs/fat/ff.32
LOAD fs/fat/ffsystem.32
LOAD fs/fat/ffunicode.32
LOAD hal/libresample/samplerate.32
LOAD hal/libresample/src_linear.32
LOAD hal/libresample/src_sinc.32
LOAD hal/libresample/src_zoh.32
LOAD compat/inlines.32
LOAD compat/resolve.32
LOAD core/computer.32
LOAD core/gdt.32
LOAD core/idle.32
LOAD core/idt.32
LOAD core/kheap.32
LOAD core/main.32
LOAD core/physmgr.32
LOAD core/pipe.32
LOAD core/terminal.32
LOAD core/tss.32
LOAD core/unixfile.32
LOAD core/virtmgr.32
LOAD coreobjs/c++.32
LOAD dbg/kconsole.32
LOAD fs/vfs.32
LOAD hal/bus.32
LOAD hal/buzzer.32
LOAD hal/clock.32
LOAD hal/device.32
LOAD hal/diskctrl.32
LOAD hal/diskphys.32
LOAD hal/fpu.32
LOAD hal/intctrl.32
LOAD hal/keybrd.32
LOAD hal/logidisk.32
LOAD hal/mouse.32
LOAD hal/partition.32
LOAD hal/serial.32
LOAD hal/timer.32
LOAD hal/vcache.32
LOAD hal/video.32
LOAD hw/acpi.32
LOAD hw/cpu.32
LOAD hw/ports.32
LOAD hw/smp.32
LOAD krnl/env.32
LOAD krnl/panic.32
LOAD net/ethernet.32
LOAD reg/registry.32
LOAD sys/sc_eject.32
LOAD sys/sc_exit.32
LOAD sys/sc_getcwd.32
LOAD sys/sc_getpid.32
LOAD sys/sc_getramdata.32
LOAD sys/sc_loaddll.32
LOAD sys/sc_read.32
LOAD sys/sc_sbrk.32
LOAD sys/sc_setcwd.32
LOAD sys/sc_settime.32
LOAD sys/sc_timezone.32
LOAD sys/sc_write.32
LOAD sys/sc_wsbe.32
LOAD sys/sc_yield.32
LOAD sys/syscalls.32
LOAD thr/elf.32
LOAD thr/prcssthr.32
LOAD vm86/vm8086.32
LOAD vm86/x87em.32
LOAD fs/fat/vfslink.32
LOAD fs/iso9660/vfslink.32
LOAD hal/sound/sndchannel.32
LOAD hal/sound/sndhw.32
LOAD hw/bus/isa.32
LOAD hw/bus/pci.32
LOAD hw/diskctrl/ide.32
LOAD hw/diskctrl/satabus.32
LOAD hw/diskphys/ata.32
LOAD hw/diskphys/atapi.32
LOAD hw/diskphys/sata.32
LOAD hw/diskphys/satapi.32
LOAD hw/fpu/avx.32
LOAD hw/fpu/mmx.32
LOAD hw/fpu/sse.32
LOAD hw/fpu/x87.32
LOAD hw/intctrl/apic.32
LOAD hw/intctrl/pic.32
LOAD hw/timer/apictimer.32
LOAD hw/timer/pit.32
LOAD hw/fpu/x86/avx.32
LOAD hw/fpu/x86/sse.32
LOAD hw/fpu/x86/x87.32
LOAD /cygdrive/d/Users/Alex/Desktop/Toolchain/Output/bin/../lib/gcc/i386-banana/8.1.0/crtend.o
LOAD crtn.32
LOAD /cygdrive/d/Users/Alex/Desktop/Toolchain/Output/bin/../lib/gcc/i386-banana/8.1.0/libkgcc.a
LOAD D:/Users/Alex/Desktop/Banana/kernel/libsoftfp.a
LOAD D:/Users/Alex/Desktop/Banana/kernel/libk/libm32.a
                0x00000000c0000000                . = 0xc0000000

.text           0x00000000c0000000    0x28718
 *(.text)
 .text          0x00000000c0000000       0x41 D:/Users/Alex/Desktop/Banana/kernel/boot.32
                0x00000000c0000020                callGlobalConstructors
 .text          0x00000000c0000041        0x0 crti.32
 *fill*         0x00000000c0000041        0x3 
 .text          0x00000000c0000044      0x101 /cygdrive/d/Users/Alex/Desktop/Toolchain/Output/bin/../lib/gcc/i386-banana/8.1.0/crtbegin.o
 *fill*         0x00000000c0000145        0xb 
 .text          0x00000000c0000150      0x4ed D:/Users/Alex/Desktop/Banana/kernel/morenasm.32
                0x00000000c0000150                manualPCIProbe
                0x00000000c000019b                prepareTramp
                0x00000000c00001b4                voodooXADD
                0x00000000c000027f                doTPAUSE
                0x00000000c0000289                hasLegacyFPU
                0x00000000c00002ae                is486
                0x00000000c00002e4                detectCPUID
                0x00000000c00002fa                goToVM86
                0x00000000c000032a                goToUsermode
                0x00000000c0000354                switchToThreadASMFirstTime
                0x00000000c0000362                switchToThreadASM
                0x00000000c00003ea                asmQuickAcquireLock
                0x00000000c0000408                asmQuickReleaseLock
                0x00000000c0000414                asmAcquireLock
                0x00000000c0000435                asmReleaseLock
                0x00000000c0000448                loadGDT
                0x00000000c0000468                isr0
                0x00000000c0000478                isr1
                0x00000000c0000482                isr2
                0x00000000c000048c                isr3
                0x00000000c0000496                isr4
                0x00000000c00004a0                isr5
                0x00000000c00004aa                isr6
                0x00000000c00004b4                isr7
                0x00000000c00004be                isr8
                0x00000000c00004c6                isr9
                0x00000000c00004d0                isr10
                0x00000000c00004d8                isr11
                0x00000000c00004e0                isr12
                0x00000000c00004e8                isr13
                0x00000000c00004f0                isr14
                0x00000000c00004f8                isr15
                0x00000000c0000502                isr16
                0x00000000c000050c                isr17
                0x00000000c0000516                isr18
                0x00000000c0000520                irq3
                0x00000000c000052a                irq4
                0x00000000c0000534                irq5
                0x00000000c000053e                irq6
                0x00000000c0000548                irq7
                0x00000000c0000552                irq8
                0x00000000c000055c                irq9
                0x00000000c0000566                irq10
                0x00000000c0000570                irq11
                0x00000000c000057a                irq12
                0x00000000c0000584                irq13
                0x00000000c000058e                irq14
                0x00000000c0000598                irq15
                0x00000000c00005a2                irq1
                0x00000000c00005a9                irq2
                0x00000000c00005b0                isr96
                0x00000000c00005b7                irq0
                0x00000000c00005bc                int_common_stub
                0x00000000c00005bc                syscall_common_stub
                0x00000000c00005ed                irq16
                0x00000000c00005f7                irq17
                0x00000000c0000601                irq18
                0x00000000c000060b                irq19
                0x00000000c0000615                irq20
                0x00000000c000061f                irq21
                0x00000000c0000629                irq22
                0x00000000c0000633                irq23
 *fill*         0x00000000c000063d        0x3 
 .text          0x00000000c0000640      0x611 acpica/utclib.32
                0x00000000c0000640                memcmp
                0x00000000c000067c                memmove
                0x00000000c0000744                memcpy
                0x00000000c0000778                memset
                0x00000000c0000794                strlen
                0x00000000c00007ac                strpbrk
                0x00000000c00007e8                strtok
                0x00000000c0000834                strcpy
                0x00000000c0000858                strncpy
                0x00000000c00008c0                strcmp
                0x00000000c0000900                strchr
                0x00000000c0000924                strncmp
                0x00000000c0000974                strcat
                0x00000000c00009a4                strncat
                0x00000000c00009e0                strstr
                0x00000000c0000a28                toupper
                0x00000000c0000a3c                tolower
                0x00000000c0000a50                simple_strtoul
 .text          0x00000000c0000c51      0xfbf core/malloc.32
                0x00000000c0000dbc                dlfree
                0x00000000c0001117                dlmalloc
                0x00000000c0001654                dlrealloc
                0x00000000c0001809                dlmemalign
                0x00000000c000192c                dlcalloc
                0x00000000c00019c6                dlcfree
                0x00000000c00019cb                dlindependent_calloc
                0x00000000c00019f0                dlindependent_comalloc
                0x00000000c0001a07                dlvalloc
                0x00000000c0001a32                dlpvalloc
                0x00000000c0001a68                dlmalloc_trim
                0x00000000c0001a75                dlmalloc_usable_size
                0x00000000c0001aa6                dlmallinfo
                0x00000000c0001b75                dlmalloc_stats
                0x00000000c0001b86                dlmallopt
 .text          0x00000000c0001c10        0x0 libk/string.32
 .text          0x00000000c0001c10       0x51 fs/fat/diskio.32
                0x00000000c0001c10                disk_status
                0x00000000c0001c13                disk_initialize
                0x00000000c0001c16                disk_read
                0x00000000c0001c2c                disk_write
                0x00000000c0001c42                disk_ioctl
 .text          0x00000000c0001c61     0x6833 fs/fat/ff.32
                0x00000000c0004f2f                f_mount
                0x00000000c0004f91                f_open
                0x00000000c00053cd                f_read
                0x00000000c000564d                f_write
                0x00000000c0005907                f_sync
                0x00000000c0005ae3                f_close
                0x00000000c0005b12                f_lseek
                0x00000000c0005fc9                f_opendir
                0x00000000c00060cb                f_closedir
                0x00000000c00060ed                f_readdir
                0x00000000c0006188                f_stat
                0x00000000c0006217                f_getfree
                0x00000000c00063e2                f_truncate
                0x00000000c00064da                f_unlink
                0x00000000c000665d                f_mkdir
                0x00000000c0006889                f_rename
                0x00000000c0006b7c                f_chmod
                0x00000000c0006c5a                f_utime
                0x00000000c0006d38                f_getlabel
                0x00000000c0006f26                f_setlabel
                0x00000000c0007193                f_forward
                0x00000000c0007371                f_mkfs
 .text          0x00000000c0008494       0x2d fs/fat/ffsystem.32
                0x00000000c0008494                ff_memalloc
                0x00000000c00084aa                ff_memfree
 .text          0x00000000c00084c1      0x253 fs/fat/ffunicode.32
                0x00000000c00084c1                ff_uni2oem
                0x00000000c0008551                ff_oem2uni
                0x00000000c00085bd                ff_wtoupper
 .text          0x00000000c0008714      0x8fb hal/libresample/samplerate.32
                0x00000000c0008758                src_delete
                0x00000000c0008794                src_process
                0x00000000c000894a                src_callback_read
                0x00000000c0008ac7                src_set_ratio
                0x00000000c0008b31                src_get_channels
                0x00000000c0008b53                src_reset
                0x00000000c0008b9f                src_new
                0x00000000c0008c2d                src_callback_new
                0x00000000c0008c8f                src_get_name
                0x00000000c0008cc6                src_get_description
                0x00000000c0008cfd                src_get_version
                0x00000000c0008d03                src_is_valid_ratio
                0x00000000c0008d57                src_error
                0x00000000c0008d65                src_strerror
                0x00000000c0008d78                src_simple
                0x00000000c0008dcb                src_short_to_float_array
                0x00000000c0008e30                src_float_to_short_array
                0x00000000c0008eef                src_int_to_float_array
                0x00000000c0008f52                src_float_to_int_array
 .text          0x00000000c000900f      0x8cb hal/libresample/src_linear.32
                0x00000000c0009835                linear_get_name
                0x00000000c0009844                linear_get_description
                0x00000000c0009853                linear_set_converter
 .text          0x00000000c00098da     0x447c hal/libresample/src_sinc.32
                0x00000000c000dc6d                sinc_get_name
                0x00000000c000dc80                sinc_get_description
                0x00000000c000dc93                sinc_set_converter
 .text          0x00000000c000dd56      0x77c hal/libresample/src_zoh.32
                0x00000000c000e42d                zoh_get_name
                0x00000000c000e43c                zoh_get_description
                0x00000000c000e44b                zoh_set_converter
 .text          0x00000000c000e4d2       0x23 compat/inlines.32
                0x00000000c000e4d2                CPU::current()
                0x00000000c000e4df                operator new(unsigned long)
 .text          0x00000000c000e4f5      0x111 compat/resolve.32
                0x00000000c000e4f5                Krnl::resolveCompatibilitySymbol(char*)
 .text          0x00000000c000e606      0xab9 core/computer.32
                0x00000000c000e606                Computer::close(int, int, void*)
                0x00000000c000e64a                swapper(void*)
                0x00000000c000e6d3                Krnl::firstTask()
                0x00000000c000e7dc                Computer::Computer()
                0x00000000c000e7dc                Computer::Computer()
                0x00000000c000e938                Computer::setBootMessage(char const*)
                0x00000000c000e93a                Computer::detectFeatures()
                0x00000000c000eb44                Computer::displayFeatures()
                0x00000000c000ee8a                Computer::rdmsr(unsigned int)
                0x00000000c000eeb6                Computer::wrmsr(unsigned int, unsigned long long)
                0x00000000c000eeee                Computer::nmiEnabled()
                0x00000000c000eefa                Computer::readCMOS(unsigned char)
                0x00000000c000ef14                Computer::enableNMI(bool)
                0x00000000c000ef2c                Computer::open(int, int, void*)
                0x00000000c000f002                Computer::disableNMI()
                0x00000000c000f010                Computer::writeCMOS(unsigned char, unsigned char)
                0x00000000c000f02e                Computer::handleNMI()
                0x00000000c000f094                Computer::setDiskActivityLight(int, bool)
 *fill*         0x00000000c000f0bf        0x1 
 .text          0x00000000c000f0c0      0x1b7 core/gdt.32
                0x00000000c000f0c0                GDTEntry::setBase(unsigned int)
                0x00000000c000f0dc                GDTEntry::setLimit(unsigned int)
                0x00000000c000f0fa                GDT::GDT()
                0x00000000c000f0fa                GDT::GDT()
                0x00000000c000f110                GDT::addEntry(GDTEntry)
                0x00000000c000f14c                GDT::getNumberOfEntries()
                0x00000000c000f154                GDT::flush()
                0x00000000c000f176                GDT::setup()
 .text          0x00000000c000f277       0x62 core/idle.32
                0x00000000c000f277                idleFunction(void*)
 *fill*         0x00000000c000f2d9        0x1 
 .text          0x00000000c000f2da      0x45f core/idt.32
                0x00000000c000f2da                IDTEntry::IDTEntry(bool)
                0x00000000c000f2da                IDTEntry::IDTEntry(bool)
                0x00000000c000f348                IDTEntry::setOffset(unsigned int)
                0x00000000c000f35c                IDT::IDT()
                0x00000000c000f35c                IDT::IDT()
                0x00000000c000f35e                IDT::getPointerToInvalidOpcodeEntryForF00F()
                0x00000000c000f366                IDT::addEntry(IDTEntry, int)
                0x00000000c000f380                IDT::addEntry(int, void (*)(), bool)
                0x00000000c000f3b8                IDT::flush()
                0x00000000c000f3d2                IDT::setup()
 .text          0x00000000c000f739      0x203 core/kheap.32
                0x00000000c000f739                sbrk
                0x00000000c000f847                mmap
                0x00000000c000f85d                munmap
                0x00000000c000f873                liballoc_lock()
                0x00000000c000f884                liballoc_unlock()
                0x00000000c000f895                liballoc_alloc(int)
                0x00000000c000f8b0                liballoc_free(void*, int)
                0x00000000c000f8ce                realloc
                0x00000000c000f8e2                malloc
                0x00000000c000f8f2                free
                0x00000000c000f902                rfree
                0x00000000c000f912                calloc
 .text          0x00000000c000f93c      0x485 core/main.32
                0x00000000c000f93c                hwTextMode_loadInData(VgaText*)
                0x00000000c000f987                hwTextMode_loadInTitle(VgaText*, char*)
                0x00000000c000fa05                hwTextMode_showCursor(VgaText*, bool)
                0x00000000c000fa63                hwTextMode_update(VgaText*)
                0x00000000c000fa64                hwTextMode_updateCursor(VgaText*)
                0x00000000c000fab5                hwTextMode_disableBlink(VgaText*, bool)
                0x00000000c000fafb                hwTextMode_scrollScreen(VgaText*)
                0x00000000c000fba8                hwTextMode_writeCharacter(VgaText*, char, VgaColour, VgaColour, int, int)
                0x00000000c000fc2a                setupTextMode()
                0x00000000c000fc9a                kernel_main
 .text          0x00000000c000fdc1      0x588 core/physmgr.32
                0x00000000c000fdc1                Phys::allocateDMA(unsigned long)
                0x00000000c000fe64                Phys::freeDMA(unsigned long, unsigned long)
                0x00000000c000feac                Phys::setPageState(unsigned long, bool)
                0x00000000c000fede                Phys::getPageState(unsigned long)
                0x00000000c000fefa                Phys::freePage(unsigned long)
                0x00000000c000ff84                Phys::allocatePage()
                0x00000000c0010087                Phys::allocateContiguousPages(int)
                0x00000000c00100e1                Phys::allowSegmentToBeUsed(unsigned long, unsigned long)
                0x00000000c0010119                Phys::physicalMemorySetup(unsigned int)
 *fill*         0x00000000c0010349        0x1 
 .text          0x00000000c001034a      0x273 core/pipe.32
                0x00000000c001034a                Pipe::isAtty()
                0x00000000c001034e                Pipe::~Pipe()
                0x00000000c001034e                Pipe::~Pipe()
                0x00000000c0010372                Pipe::~Pipe()
                0x00000000c001039a                Pipe::read(unsigned long long, void*, int*)
                0x00000000c001048e                Pipe::write(unsigned long long, void*, int*)
                0x00000000c0010556                Pipe::Pipe(int)
                0x00000000c0010556                Pipe::Pipe(int)
 *fill*         0x00000000c00105bd        0x1 
 .text          0x00000000c00105be      0xf73 core/terminal.32
                0x00000000c00105be                VgaText::isAtty()
                0x00000000c00105c2                VgaText::~VgaText()
                0x00000000c00105c2                VgaText::~VgaText()
                0x00000000c00105e6                VgaText::~VgaText()
                0x00000000c0010610                VgaText::read(unsigned long long, void*, int*)
                0x00000000c0010630                setTerminalScrollLock(bool)
                0x00000000c0010631                addToTerminalCycle(VgaText*)
                0x00000000c001065e                installVgaTextImplementation()
                0x00000000c0010673                scrollTerminalScrollLock(int)
                0x00000000c0010674                VgaText::load()
                0x00000000c00106c8                VgaText::updateCursor()
                0x00000000c00106e2                VgaText::showCursor(bool)
                0x00000000c00106f2                VgaText::disableBlink(bool)
                0x00000000c001072c                VgaText::doANSI_SGR(int)
                0x00000000c00107b8                VgaText::setDefaultBgColour(VgaColour)
                0x00000000c00107ce                VgaText::setDefaultFgColour(VgaColour)
                0x00000000c00107e4                VgaText::setDefaultColours(VgaColour, VgaColour)
                0x00000000c0010804                VgaText::combineColours(unsigned char, unsigned char)
                0x00000000c0010816                VgaText::scrollScreen()
                0x00000000c00108aa                VgaText::combineCharAndColour(char, unsigned char)
                0x00000000c00108bc                VgaText::writeCharacter(char, VgaColour, VgaColour, int, int)
                0x00000000c001091c                VgaText::getCursorX()
                0x00000000c0010928                VgaText::getCursorY()
                0x00000000c0010934                VgaText::setCursor(int, int)
                0x00000000c0010952                VgaText::setCursorX(int)
                0x00000000c001096e                VgaText::setCursorY(int)
                0x00000000c001098a                VgaText::incrementCursor(bool)
                0x00000000c00109f2                VgaText::updateRAMUsageDisplay(int)
                0x00000000c0010a56                VgaText::updateDiskUsage()
                0x00000000c0010bc0                VgaText::updateTitle()
                0x00000000c0010c06                VgaText::setTitleTextColour(VgaColour)
                0x00000000c0010c16                VgaText::setTitleColour(VgaColour)
                0x00000000c0010c26                VgaText::setTitle(char*)
                0x00000000c0010c4c                VgaText::decrementCursor(bool)
                0x00000000c0010c74                VgaText::putchar(char, VgaColour, VgaColour)
                0x00000000c0010d70                VgaText::isShowingCursor()
                0x00000000c0010d7c                VgaText::isBlinkDisabled()
                0x00000000c0010d8a                VgaText::setCursorHeight(int)
                0x00000000c0010da8                VgaText::getCursorHeight()
                0x00000000c0010db3                setActiveTerminal(VgaText*)
                0x00000000c0010e65                doTerminalCycle()
                0x00000000c0010e82                VgaText::doUpdate()
                0x00000000c0010e94                VgaText::puts(char const*, VgaColour, VgaColour)
                0x00000000c0011054                VgaText::clearScreen()
                0x00000000c00110b8                VgaText::putchar(char)
                0x00000000c00111d2                VgaText::puts(char const*)
                0x00000000c00111f8                VgaText::putx(unsigned int)
                0x00000000c001123e                VgaText::VgaText(char const*)
                0x00000000c001123e                VgaText::VgaText(char const*)
                0x00000000c00113d0                VgaText::receiveKey(unsigned char)
                0x00000000c00114b8                VgaText::write(unsigned long long, void*, int*)
                0x00000000c001150c                newTerminal(char*)
 *fill*         0x00000000c0011531        0x1 
 .text          0x00000000c0011532      0x1b3 core/tss.32
                0x00000000c0011532                TSS::TSS()
                0x00000000c0011532                TSS::TSS()
                0x00000000c0011540                TSS::setESP(unsigned long)
                0x00000000c0011552                TSS::flush()
                0x00000000c0011572                TSS::setup(unsigned long, unsigned long)
 *fill*         0x00000000c00116e5        0x1 
 .text          0x00000000c00116e6      0x4c2 core/unixfile.32
                0x00000000c00116e6                ReservedFilename::read(unsigned long long, void*, int*)
                0x00000000c001173c                ReservedFilename::isAtty()
                0x00000000c0011758                ReservedFilename::write(unsigned long long, void*, int*)
                0x00000000c00117b6                UnixFile::getFileDescriptor()
                0x00000000c00117be                UnixFile::UnixFile(int)
                0x00000000c00117be                UnixFile::UnixFile(int)
                0x00000000c001196e                ReservedFilename::ReservedFilename(int)
                0x00000000c001196e                ReservedFilename::ReservedFilename(int)
                0x00000000c00119a0                UnixFile::~UnixFile()
                0x00000000c00119a0                UnixFile::~UnixFile()
                0x00000000c0011a38                UnixFile::~UnixFile()
                0x00000000c0011a60                ReservedFilename::~ReservedFilename()
                0x00000000c0011a60                ReservedFilename::~ReservedFilename()
                0x00000000c0011a84                ReservedFilename::~ReservedFilename()
                0x00000000c0011aab                getFromFileDescriptor(int)
 .text          0x00000000c0011ba8     0x12b3 core/virtmgr.32
                0x00000000c0011ba8                Virt::setPageState(unsigned long, Virt::VirtPageState)
                0x00000000c0011bdd                Virt::getPageState(unsigned long)
                0x00000000c0011c01                Virt::allocateKernelVirtualPages(int)
                0x00000000c0011d12                Virt::freeSwapfilePage(unsigned long)
                0x00000000c0011d30                Virt::swapIDToSector(unsigned long)
                0x00000000c0011d42                Virt::allocateSwapfilePage()
                0x00000000c0011dc0                Virt::virtualMemorySetup()
                0x00000000c0011e3f                Virt::swappingSetup()
                0x00000000c0011e9c                Virt::getAKernelVAS()
                0x00000000c0011ea2                Virt::setupPageSwapping(int)
                0x00000000c0011fd2                VAS::VAS()
                0x00000000c0011fd2                VAS::VAS()
                0x00000000c0012002                VAS::VAS(VAS*)
                0x00000000c0012002                VAS::VAS(VAS*)
                0x00000000c0012026                VAS::getForeignPageTableEntry(bool, unsigned long)
                0x00000000c0012052                VAS::getPageTableEntry(unsigned long)
                0x00000000c0012071                Virt::freeKernelVirtualPages(unsigned long)
                0x00000000c0012194                VAS::freeAllocatedPages(unsigned long)
                0x00000000c00121b8                VAS::virtualToPhysical(unsigned long)
                0x00000000c00121d0                VAS::reflagRange(unsigned long, int, int, int)
                0x00000000c0012210                VAS::setToWriteCombining(unsigned long, int)
                0x00000000c0012242                VAS::mapOtherVASIn(bool, VAS*)
                0x00000000c001226c                VAS::~VAS()
                0x00000000c001226c                VAS::~VAS()
                0x00000000c00123d8                VAS::mapPage(unsigned long, unsigned long, int)
                0x00000000c00124d8                VAS::allocatePages(int, int)
                0x00000000c00126b0                VAS::setCPUSpecific(unsigned long)
                0x00000000c00126cc                VAS::mapRange(unsigned long, unsigned long, int, int)
                0x00000000c0012792                VAS::mapForeignPage(bool, VAS*, unsigned long, unsigned long, int)
                0x00000000c0012880                VAS::VAS(bool)
                0x00000000c0012880                VAS::VAS(bool)
                0x00000000c0012adc                VAS::evict(unsigned long)
                0x00000000c0012b74                VAS::tryLoadBackOffDisk(unsigned long)
                0x00000000c0012c9e                VAS::scanForEviction(int, int)
                0x00000000c0012d9f                mapVASFirstTime
 .text          0x00000000c0012e5b       0x95 coreobjs/c++.32
                0x00000000c0012e5b                __cxa_atexit
                0x00000000c0012e5e                __cxa_finalize
                0x00000000c0012e5f                __stack_chk_fail
                0x00000000c0012ecb                __cxa_pure_virtual
                0x00000000c0012edc                operator new[](unsigned long)
                0x00000000c0012ee1                operator delete(void*, unsigned long)
                0x00000000c0012ee6                operator delete[](void*)
                0x00000000c0012eeb                operator delete[](void*, unsigned long)
 .text          0x00000000c0012ef0      0x1ef dbg/kconsole.32
                0x00000000c0012ef0                Dbg::stringifyxWithBase(unsigned int, char*, int)
                0x00000000c0012f51                Dbg::logc(char)
                0x00000000c0012f68                Dbg::logs(char*)
                0x00000000c0012f85                Dbg::logWriteInt(unsigned int)
                0x00000000c0012fa2                Dbg::logWriteIntBase(unsigned int, int)
                0x00000000c0012fc1                Dbg::kprintf(char const*, ...)
 *fill*         0x00000000c00130df        0x1 
 .text          0x00000000c00130e0      0xb7c fs/vfs.32
                0x00000000c00130e0                File::read(unsigned long long, void*, int*)
                0x00000000c0013138                File::write(unsigned long long, void*, int*)
                0x00000000c0013190                Directory::read(unsigned long long, void*, int*)
                0x00000000c00131e8                Directory::write(unsigned long long, void*, int*)
                0x00000000c0013216                File::isAtty()
                0x00000000c001321a                Directory::isAtty()
                0x00000000c001321e                Filesystem::getlabel(LogicalDisk*, int, char*, unsigned int*)
                0x00000000c0013224                Filesystem::setlabel(LogicalDisk*, int, char*)
                0x00000000c001322a                File::~File()
                0x00000000c001322a                File::~File()
                0x00000000c001324e                File::~File()
                0x00000000c0013278                Directory::~Directory()
                0x00000000c0013278                Directory::~Directory()
                0x00000000c001329c                Directory::~Directory()
                0x00000000c00132c6                Filesystem::Filesystem()
                0x00000000c00132c6                Filesystem::Filesystem()
                0x00000000c00132ea                Filesystem::~Filesystem()
                0x00000000c00132ea                Filesystem::~Filesystem()
                0x00000000c00132f8                Filesystem::~Filesystem()
                0x00000000c001331c                Fs::getcwd(Process*, char*, int)
                0x00000000c0013346                Fs::initVFS()
                0x00000000c0013370                Fs::standardiseFiles(char*, char const*, char const*)
                0x00000000c001351a                File::File(char const*, Process*)
                0x00000000c001351a                File::File(char const*, Process*)
                0x00000000c001357e                File::open(FileOpenMode)
                0x00000000c00135dc                File::close()
                0x00000000c001363c                File::seek(unsigned long long)
                0x00000000c0013692                File::tell(unsigned long long*)
                0x00000000c00136e2                File::rewind()
                0x00000000c00136f6                File::unlink()
                0x00000000c0013742                File::rename(char const*)
                0x00000000c0013790                File::chfatattr(unsigned char, unsigned char)
                0x00000000c00137ec                File::exists()
                0x00000000c001382a                File::stat(unsigned long long*, bool*)
                0x00000000c001388b                Fs::setcwd(Process*, char*)
                0x00000000c00139c6                Directory::Directory(char const*, Process*)
                0x00000000c00139c6                Directory::Directory(char const*, Process*)
                0x00000000c0013a2a                Directory::open()
                0x00000000c0013a86                Directory::close()
                0x00000000c0013ae6                Directory::unlink()
                0x00000000c0013b32                Directory::rename(char const*)
                0x00000000c0013b80                Directory::exists()
                0x00000000c0013bbe                Directory::read(dirent*)
                0x00000000c0013c0a                Directory::create()
                0x00000000c0013c56                Filesystem::chfatattr(char const*, unsigned char, unsigned char)
 .text          0x00000000c0013c5c       0x84 hal/bus.32
                0x00000000c0013c5c                Bus::Bus(char const*)
                0x00000000c0013c5c                Bus::Bus(char const*)
                0x00000000c0013c92                Bus::~Bus()
                0x00000000c0013c92                Bus::~Bus()
                0x00000000c0013cb6                Bus::~Bus()
 .text          0x00000000c0013ce0      0x14e hal/buzzer.32
                0x00000000c0013ce0                Buzzer::Buzzer(char const*)
                0x00000000c0013ce0                Buzzer::Buzzer(char const*)
                0x00000000c0013d24                Buzzer::~Buzzer()
                0x00000000c0013d24                Buzzer::~Buzzer()
                0x00000000c0013d48                Buzzer::~Buzzer()
                0x00000000c0013d72                Buzzer::stop()
                0x00000000c0013d85                beepThread(void*)
                0x00000000c0013dc0                Buzzer::beep(int, int, bool)
 .text          0x00000000c0013e2e      0x467 hal/clock.32
                0x00000000c0013e2e                User::loadClockSettings(int)
                0x00000000c0013e80                Clock::Clock(char const*)
                0x00000000c0013e80                Clock::Clock(char const*)
                0x00000000c0013eb6                Clock::~Clock()
                0x00000000c0013eb6                Clock::~Clock()
                0x00000000c0013eda                Clock::~Clock()
                0x00000000c0013f04                Clock::timeInSecondsLocal()
                0x00000000c0013f4c                Clock::setTimeInSecondsLocal(unsigned long long)
                0x00000000c0013fa5                datetimeToSeconds(datetime_t)
                0x00000000c00140cc                Clock::setTimeInDatetimeLocal(datetime_t)
                0x00000000c001412c                secondsToDatetime(unsigned long long)
                0x00000000c0014270                Clock::timeInDatetimeLocal()
 *fill*         0x00000000c0014295        0x1 
 .text          0x00000000c0014296      0x4de hal/device.32
                0x00000000c0014296                Device::hibernate()
                0x00000000c0014298                Device::wake()
                0x00000000c001429a                Device::detect()
                0x00000000c001429c                Device::disableLegacy()
                0x00000000c001429e                Device::powerSaving(PowerSavingLevel)
                0x00000000c00142a0                DriverlessDevice::close(int, int, void*)
                0x00000000c00142a4                DriverlessDevice::detect()
                0x00000000c00142a6                DriverlessDevice::open(int, int, void*)
                0x00000000c00142ba                Device::~Device()
                0x00000000c00142ba                Device::~Device()
                0x00000000c00142c8                Device::~Device()
                0x00000000c00142f0                Device::findAndLoadDriver()
                0x00000000c00142f2                Device::preOpenPCI(PCIDeviceInfo)
                0x00000000c0014318                Device::preOpenACPI(void*, char*, char*)
                0x00000000c001436c                Device::addIRQHandler(int, void (*)(regs*, void*), bool, void*)
                0x00000000c00143aa                Device::removeIRQHandler(int, void (*)(regs*, void*), bool)
                0x00000000c00143e8                Device::addChild(Device*)
                0x00000000c001442c                Device::removeAllChildren()
                0x00000000c0014472                Device::hibernateAll()
                0x00000000c00144a2                Device::wakeAll()
                0x00000000c00144d2                Device::detectAll()
                0x00000000c0014502                Device::disableLegacyAll()
                0x00000000c0014532                Device::loadDriversForAll()
                0x00000000c001455e                Device::closeAll()
                0x00000000c0014594                Device::powerSavingAll(PowerSavingLevel)
                0x00000000c00145ca                Device::setName(char const*)
                0x00000000c00145d8                Device::Device(char const*)
                0x00000000c00145d8                Device::Device(char const*)
                0x00000000c00146d4                Device::getName()
                0x00000000c00146de                DriverlessDevice::DriverlessDevice(char const*)
                0x00000000c00146de                DriverlessDevice::DriverlessDevice(char const*)
                0x00000000c0014706                Device::addToLinkedList(LinkedList<Device>&, DeviceType)
                0x00000000c001474a                getDevicesOfType(DeviceType)
 .text          0x00000000c0014774       0x84 hal/diskctrl.32
                0x00000000c0014774                HardDiskController::HardDiskController(char const*)
                0x00000000c0014774                HardDiskController::HardDiskController(char const*)
                0x00000000c00147aa                HardDiskController::~HardDiskController()
                0x00000000c00147aa                HardDiskController::~HardDiskController()
                0x00000000c00147ce                HardDiskController::~HardDiskController()
 .text          0x00000000c00147f8       0xf2 hal/diskphys.32
                0x00000000c00147f8                PhysicalDisk::eject()
                0x00000000c001480c                PhysicalDisk::PhysicalDisk(char const*, int)
                0x00000000c001480c                PhysicalDisk::PhysicalDisk(char const*, int)
                0x00000000c0014874                PhysicalDisk::startCache()
                0x00000000c001489c                PhysicalDisk::~PhysicalDisk()
                0x00000000c001489c                PhysicalDisk::~PhysicalDisk()
                0x00000000c00148c0                PhysicalDisk::~PhysicalDisk()
 .text          0x00000000c00148ea      0x13b hal/fpu.32
                0x00000000c00148ea                FPU::FPU(char const*)
                0x00000000c00148ea                FPU::FPU(char const*)
                0x00000000c0014920                FPU::~FPU()
                0x00000000c0014920                FPU::~FPU()
                0x00000000c0014944                FPU::~FPU()
                0x00000000c001496e                setupFPU()
 *fill*         0x00000000c0014a25        0x1 
 .text          0x00000000c0014a26     0x13b7 hal/intctrl.32
                0x00000000c0014a26                InterruptController::uninstallISRHandler(int, void (*)(regs*, void*))
                0x00000000c0014a5e                InterruptController::installISRHandler(int, void (*)(regs*, void*), void*)
                0x00000000c0014ab0                doubleFault(regs*, void*)
                0x00000000c0014aca                InterruptController::installIRQHandler(int, void (*)(regs*, void*), bool, void*)
                0x00000000c0014b66                InterruptController::clearAllHandlers(int, bool)
                0x00000000c0014c0e                InterruptController::uninstallIRQHandler(int, void (*)(regs*, void*), bool)
                0x00000000c0014c95                nmiHandler(regs*, void*)
                0x00000000c0014ca3                int_handler
                0x00000000c0014d44                InterruptController::InterruptController(char const*)
                0x00000000c0014d44                InterruptController::InterruptController(char const*)
                0x00000000c0014dea                InterruptController::~InterruptController()
                0x00000000c0014dea                InterruptController::~InterruptController()
                0x00000000c0014e0e                InterruptController::~InterruptController()
                0x00000000c0014e38                displayDebugInfo(regs*)
                0x00000000c00152c7                x87EmulHandler(regs*, void*)
                0x00000000c00152f6                gpFault(regs*, void*)
                0x00000000c001532f                pgFault(regs*, void*)
                0x00000000c001537b                otherISRHandler(regs*, void*)
                0x00000000c001539a                opcodeFault(regs*, void*)
                0x00000000c00159a0                displayProgramFault(char const*)
                0x00000000c00159c8                setupInterruptController()
                0x00000000c0015d90                InterruptController::convertLegacyIRQNumber(int)
 *fill*         0x00000000c0015ddd        0x1 
 .text          0x00000000c0015dde      0x6c8 hal/keybrd.32
                0x00000000c0015dde                startGUI(void*)
                0x00000000c0015e3a                startGUIVESA(void*)
                0x00000000c0015e96                sendKeyToTerminal(unsigned char)
                0x00000000c0015f02                sendKeyboardToken(KeyboardToken)
                0x00000000c001633f                clearInternalKeybuffer(VgaText*)
                0x00000000c0016374                readKeyboard(VgaText*, char*, unsigned long)
                0x00000000c001641c                Keyboard::Keyboard(char const*)
                0x00000000c001641c                Keyboard::Keyboard(char const*)
                0x00000000c0016458                Keyboard::~Keyboard()
                0x00000000c0016458                Keyboard::~Keyboard()
                0x00000000c001647c                Keyboard::~Keyboard()
 .text          0x00000000c00164a6      0x414 hal/logidisk.32
                0x00000000c00164a6                LogicalDisk::close(int, int, void*)
                0x00000000c00164aa                LogicalDisk::~LogicalDisk()
                0x00000000c00164aa                LogicalDisk::~LogicalDisk()
                0x00000000c00164ce                LogicalDisk::~LogicalDisk()
                0x00000000c00164f8                LogicalDisk::open(int, int, void*)
                0x00000000c001650c                LogicalDisk::absoluteToRelative(unsigned long long)
                0x00000000c0016544                LogicalDisk::relativeToAbsolute(unsigned long long)
                0x00000000c001658a                LogicalDisk::LogicalDisk(char const*, PhysicalDisk*, unsigned long long, unsigned long long)
                0x00000000c001658a                LogicalDisk::LogicalDisk(char const*, PhysicalDisk*, unsigned long long, unsigned long long)
                0x00000000c0016640                LogicalDisk::assignDriveLetter()
                0x00000000c00166f6                LogicalDisk::mount()
                0x00000000c0016768                LogicalDisk::unmount()
                0x00000000c0016778                LogicalDisk::eject()
                0x00000000c001678c                LogicalDisk::unassignDriveLetter()
                0x00000000c00167e2                LogicalDisk::read(unsigned long long, int, void*)
                0x00000000c001684e                LogicalDisk::write(unsigned long long, int, void*)
 .text          0x00000000c00168ba       0x84 hal/mouse.32
                0x00000000c00168ba                Mouse::Mouse(char const*)
                0x00000000c00168ba                Mouse::Mouse(char const*)
                0x00000000c00168f0                Mouse::~Mouse()
                0x00000000c00168f0                Mouse::~Mouse()
                0x00000000c0016914                Mouse::~Mouse()
 .text          0x00000000c001693e      0x34d hal/partition.32
                0x00000000c001693e                makePartition(PhysicalDisk*, unsigned long long, unsigned long long)
                0x00000000c00169fa                createPartitionsForDisk(PhysicalDisk*)
 *fill*         0x00000000c0016c8b        0x1 
 .text          0x00000000c0016c8c       0x84 hal/serial.32
                0x00000000c0016c8c                Serial::Serial(char const*)
                0x00000000c0016c8c                Serial::Serial(char const*)
                0x00000000c0016cc2                Serial::~Serial()
                0x00000000c0016cc2                Serial::~Serial()
                0x00000000c0016ce6                Serial::~Serial()
 .text          0x00000000c0016d10      0x2b8 hal/timer.32
                0x00000000c0016d10                Timer::Timer(char const*)
                0x00000000c0016d10                Timer::Timer(char const*)
                0x00000000c0016d46                Timer::~Timer()
                0x00000000c0016d46                Timer::~Timer()
                0x00000000c0016d6a                Timer::~Timer()
                0x00000000c0016d94                Timer::read()
                0x00000000c0016d9f                timerHandler(unsigned long long)
                0x00000000c0016ed6                setupTimer(int)
 .text          0x00000000c0016fc8      0x425 hal/vcache.32
                0x00000000c0016fc8                VCache::VCache(PhysicalDisk*)
                0x00000000c0016fc8                VCache::VCache(PhysicalDisk*)
                0x00000000c0017130                VCache::invalidateReadBuffer()
                0x00000000c0017140                VCache::writeWriteBuffer()
                0x00000000c001717c                VCache::~VCache()
                0x00000000c001717c                VCache::~VCache()
                0x00000000c00171d0                VCache::~VCache()
                0x00000000c00171f8                VCache::write(unsigned long long, int, void*)
                0x00000000c00172ee                VCache::read(unsigned long long, int, void*)
 *fill*         0x00000000c00173ed        0x1 
 .text          0x00000000c00173ee      0x4cd hal/video.32
                0x00000000c00173ee                Video::putrect(int, int, int, int, unsigned int)
                0x00000000c001743a                Video::bitblit(int, int, int, int, int, int, int, unsigned int*)
                0x00000000c00174aa                Video::blit(unsigned int*, int, int, int, int)
                0x00000000c0017528                Video::clearScreen(unsigned int)
                0x00000000c001755c                Video::putpixel(int, int, unsigned int)
                0x00000000c001756a                Video::Video(char const*)
                0x00000000c001756a                Video::Video(char const*)
                0x00000000c00175a0                Video::~Video()
                0x00000000c00175a0                Video::~Video()
                0x00000000c00175c4                Video::~Video()
                0x00000000c00175ee                Video::isMonochrome()
                0x00000000c00175fa                Video::getWidth()
                0x00000000c0017606                Video::getHeight()
                0x00000000c0017612                Video::drawCursor(int, int, unsigned char*, int)
                0x00000000c00176ce                Video::tgaParse(unsigned char*, int, int*, int*)
                0x00000000c0017850                Video::putTGA(int, int, unsigned char*, int)
 *fill*         0x00000000c00178bb        0x1 
 .text          0x00000000c00178bc      0xf64 hw/acpi.32
                0x00000000c00178bc                ACPI::close(int, int, void*)
                0x00000000c0017971                findRSDP()
                0x00000000c00179fb                loadACPITables(unsigned char*)
                0x00000000c0017c22                findRSDT(unsigned char*)
                0x00000000c0017d40                findDataTable(unsigned char*, char*)
                0x00000000c0017ddc                scanMADT()
                0x00000000c0018262                ACPI::ACPI()
                0x00000000c0018262                ACPI::ACPI()
                0x00000000c00182cc                ACPI::getPCIIRQAssignment(unsigned char, unsigned short, unsigned char)
                0x00000000c00183ae                ACPI::registerPCIIRQAssignment(void*, unsigned short, unsigned char, unsigned char)
                0x00000000c0018474                ACPI::setScreenBrightnessLevel(void*, int)
                0x00000000c001847a                ACPI::writeSimpleBootFlag(SimpleBootFlagTable*)
                0x00000000c00184c2                ACPI::open(int, int, void*)
                0x00000000c0018808                ACPI::sleep()
 .text          0x00000000c0018820     0x1715 hw/cpu.32
                0x00000000c0018820                CPU::close(int, int, void*)
                0x00000000c0018824                CPU::lookupAMDName(unsigned char, unsigned char)
                0x00000000c00189b8                CPU::lookupIntelName(unsigned char, unsigned char)
                0x00000000c0018c66                CPU::AMD_K6_write_msr(unsigned int, unsigned int, unsigned int, CPU::REGS*)
                0x00000000c0018c82                CPU::AMD_K6_read_msr(unsigned int, CPU::REGS*)
                0x00000000c0018c9a                CPU::AMD_K6_writeback(int, int, int)
                0x00000000c0018d0e                CPU::cpuid(int, unsigned long*, unsigned long*, unsigned long*, unsigned long*)
                0x00000000c0018d92                CPU::cpuidCheckEDX(unsigned int)
                0x00000000c0018dc0                CPU::cpuidCheckECX(unsigned int)
                0x00000000c0018dee                CPU::cpuidCheckExtendedEBX(unsigned int)
                0x00000000c0018e1c                CPU::cpuidCheckExtendedECX(unsigned int)
                0x00000000c0018e4a                CPU::CPU()
                0x00000000c0018e4a                CPU::CPU()
                0x00000000c0018ed8                CPU::displayFeatures()
                0x00000000c0019154                CPU::detectFeatures()
                0x00000000c0019b44                CPU::setupSMEP()
                0x00000000c0019b50                CPU::setupUMIP()
                0x00000000c0019b5a                CPU::setupTSC()
                0x00000000c0019b64                CPU::setupLargePages()
                0x00000000c0019b6e                CPU::setupPAT()
                0x00000000c0019baa                CPU::setupMTRR()
                0x00000000c0019bac                CPU::setupGlobalPages()
                0x00000000c0019bb6                CPU::allowUsermodeDataAccess()
                0x00000000c0019bc8                CPU::prohibitUsermodeDataAccess()
                0x00000000c0019bda                CPU::setupSMAP()
                0x00000000c0019be8                CPU::setupFeatures()
                0x00000000c0019c68                CPU::open(int, int, void*)
                0x00000000c0019d3a                CPU::decodeAddress(regs*, int*, bool*, unsigned char*)
 .text          0x00000000c0019f35        0x0 hw/ports.32
 .text          0x00000000c0019f35      0x16a hw/smp.32
                0x00000000c0019f35                Krnl::smpEntry()
                0x00000000c0019f37                Krnl::startCPU(int)
                0x00000000c001a080                Krnl::startCPUs()
 *fill*         0x00000000c001a09f        0x1 
 .text          0x00000000c001a0a0      0x5d3 krnl/env.32
                0x00000000c001a0a0                EnvVarContainer::getEnv(char const*)
                0x00000000c001a0de                EnvVarContainer::setEnv(char const*, char const*)
                0x00000000c001a1aa                EnvVarContainer::deleteEnv(char const*)
                0x00000000c001a1ac                EnvVarContainer::loadFrom(char const*, char const*)
                0x00000000c001a3a2                EnvVarContainer::__loadSystem()
                0x00000000c001a3bc                EnvVarContainer::__loadUser()
                0x00000000c001a3be                EnvVarContainer::EnvVarContainer(Process*)
                0x00000000c001a3be                EnvVarContainer::EnvVarContainer(Process*)
                0x00000000c001a3e0                EnvVarContainer::~EnvVarContainer()
                0x00000000c001a3e0                EnvVarContainer::~EnvVarContainer()
                0x00000000c001a410                Krnl::getEnv(Process*, char const*)
                0x00000000c001a475                Krnl::setEnvSystem(char const*, char const*)
                0x00000000c001a48f                Krnl::setEnvUser(char const*, char const*)
                0x00000000c001a4ae                Krnl::setEnvProcess(Process*, char const*, char const*)
                0x00000000c001a4c1                Krnl::deleteEnvSystem(char const*)
                0x00000000c001a4c2                Krnl::deleteEnvUser(char const*)
                0x00000000c001a4c3                Krnl::deleteEnvProcess(Process*, char const*)
                0x00000000c001a4c4                Krnl::newProcessEnv(Process*)
                0x00000000c001a4e6                Krnl::copyProcessEnv(Process*, Process*)
                0x00000000c001a53a                Krnl::loadSystemEnv()
                0x00000000c001a568                Krnl::loadUserEnv()
                0x00000000c001a58e                Krnl::flushEnv()
                0x00000000c001a58f                Krnl::getProcessTotalEnvCount(Process*)
                0x00000000c001a5af                Krnl::getProcessEnvPair(Process*, int)
 .text          0x00000000c001a673      0x396 krnl/panic.32
                0x00000000c001a673                Krnl::panic(char const*)
 .text          0x00000000c001aa09      0x3b6 net/ethernet.32
                0x00000000c001aa09                Net::switchEndian16(unsigned short)
                0x00000000c001aa2a                Net::switchEndian32(unsigned int)
                0x00000000c001aa59                Net::crc32Calc(unsigned char*, int)
                0x00000000c001aaea                Net::wrapEthernetFrame(Net::UnwrappedEthernetFrame, unsigned char*)
                0x00000000c001ac26                Net::unwrapEthernetFrame(unsigned char*, int)
 .text          0x00000000c001adbf      0x513 reg/registry.32
                0x00000000c001adbf                Reg::findLineFromLoadedData(char*, char*, char*)
                0x00000000c001af17                Reg::getLineFromRegistry(char*, char*, char*, char*)
                0x00000000c001b06c                Reg::getLine(char*, char*, char*)
                0x00000000c001b0a3                Reg::readInt(char*, char*, int*)
                0x00000000c001b18e                Reg::readString(char*, char*, char*, int)
                0x00000000c001b20f                Reg::readBool(char*, char*, bool*)
                0x00000000c001b234                Reg::readBoolWithDefault(char*, char*, bool)
                0x00000000c001b260                Reg::readIntWithDefault(char*, char*, int)
                0x00000000c001b28c                Reg::readStringWithDefault(char*, char*, char*, int, char*)
 .text          0x00000000c001b2d2       0x36 sys/sc_eject.32
                0x00000000c001b2d2                Sys::eject(regs*)
 .text          0x00000000c001b308       0x18 sys/sc_exit.32
                0x00000000c001b308                Sys::exit(regs*)
 .text          0x00000000c001b320       0x1f sys/sc_getcwd.32
                0x00000000c001b320                Sys::getCwd(regs*)
 .text          0x00000000c001b33f        0xc sys/sc_getpid.32
                0x00000000c001b33f                Sys::getPID(regs*)
 .text          0x00000000c001b34b       0x17 sys/sc_getramdata.32
                0x00000000c001b34b                Sys::getRAMData(regs*)
 .text          0x00000000c001b362       0xa8 sys/sc_loaddll.32
                0x00000000c001b362                Sys::loadDLL(regs*)
 .text          0x00000000c001b40a       0x68 sys/sc_read.32
                0x00000000c001b40a                Sys::read(regs*)
 .text          0x00000000c001b472       0x9f sys/sc_sbrk.32
                0x00000000c001b472                Sys::sbrk(regs*)
 .text          0x00000000c001b511       0x1c sys/sc_setcwd.32
                0x00000000c001b511                Sys::setCwd(regs*)
 .text          0x00000000c001b52d      0x128 sys/sc_settime.32
                0x00000000c001b52d                Sys::setTime(regs*)
 .text          0x00000000c001b655       0x4a sys/sc_timezone.32
                0x00000000c001b655                Sys::timezone(regs*)
 .text          0x00000000c001b69f       0x68 sys/sc_write.32
                0x00000000c001b69f                Sys::write(regs*)
 .text          0x00000000c001b707       0x62 sys/sc_wsbe.32
                0x00000000c001b707                Sys::wsbe(regs*)
 .text          0x00000000c001b769       0x3b sys/sc_yield.32
                0x00000000c001b769                Sys::yield(regs*)
 .text          0x00000000c001b7a4     0x10e5 sys/syscalls.32
                0x00000000c001b7a4                sysCallSeekDir(regs*)
                0x00000000c001b7a9                sysCallTellDir(regs*)
                0x00000000c001b7ae                sysCallVerify(regs*)
                0x00000000c001b7b8                sysFormatDisk(regs*)
                0x00000000c001b822                sysSetDiskVolumeLabel(regs*)
                0x00000000c001b868                sysGetDiskVolumeLabel(regs*)
                0x00000000c001b8b9                sysShutdown(regs*)
                0x00000000c001b917                sysCallRealpath(regs*)
                0x00000000c001b95a                sysCallGetArgc(regs*)
                0x00000000c001b988                sysCallReadDir(regs*)
                0x00000000c001ba16                sysCallIsATTY(regs*)
                0x00000000c001ba70                sysCallSeek(regs*)
                0x00000000c001bad9                sysCallTell(regs*)
                0x00000000c001bb56                sysCallSize(regs*)
                0x00000000c001bbd9                sysCallSizeFromFilename(regs*)
                0x00000000c001bc99                sysCallClose(regs*)
                0x00000000c001bd21                sysCallOpenDir(regs*)
                0x00000000c001bd96                sysCallCloseDir(regs*)
                0x00000000c001bdfc                sysCallMakeDir(regs*)
                0x00000000c001be6c                sysCallWait(regs*)
                0x00000000c001be86                sysCallNotImpl(regs*)
                0x00000000c001bea1                sysPanic(regs*)
                0x00000000c001bec7                sysCallRmdir(regs*)
                0x00000000c001bf2b                sysCallUnlink(regs*)
                0x00000000c001bf8f                sysCallGetArgv(regs*)
                0x00000000c001bfdb                sysCallTTYName(regs*)
                0x00000000c001c05e                sysCallUSleep(regs*)
                0x00000000c001c085                sysCallSpawn(regs*)
                0x00000000c001c0dd                sysCallGetEnv(regs*)
                0x00000000c001c215                sysAppSettings(regs*)
                0x00000000c001c334                sysSetFatAttrib(regs*)
                0x00000000c001c3a6                sysPipe(regs*)
                0x00000000c001c3eb                sysGetUnixTime(regs*)
                0x00000000c001c3ff                string_ends_with(char const*, char const*)
                0x00000000c001c447                sysCallOpen(regs*)
                0x00000000c001c65c                Sys::loadSyscalls()
                0x00000000c001c847                Sys::systemCall(regs*, void*)
 .text          0x00000000c001c889     0x11d4 thr/elf.32
                0x00000000c001c889                Thr::allocateMemoryForTask(Process*, File*, unsigned long, unsigned long, unsigned long)
                0x00000000c001cb1b                Thr::loadProgramIntoMemory(Process*, char const*)
                0x00000000c001cd31                Thr::runtimeReferenceHelper()
                0x00000000c001cd44                Thr::getAddressOfKernelSymbol(char const*)
                0x00000000c001cd93                Thr::loadKernelSymbolTable(char const*)
                0x00000000c001d051                Thr::loadDriverIntoMemory(char const*, unsigned long, bool)
                0x00000000c001d76d                Thr::getDriverBaseFromAddress(unsigned long)
                0x00000000c001d79f                Thr::getDriverNameFromAddress(unsigned long)
                0x00000000c001d7d6                Thr::getDriverOffsetFromAddress(unsigned long)
                0x00000000c001d7f0                Thr::loadDLL(char const*, bool)
                0x00000000c001da24                Thr::executeDLL(unsigned long, void*)
 *fill*         0x00000000c001da5d        0x1 
 .text          0x00000000c001da5e     0x1056 thr/prcssthr.32
                0x00000000c001da5e                changeTSS
                0x00000000c001da8e                Process::addArgs(char**)
                0x00000000c001dae8                Process::Process(char const*, Process*, char**)
                0x00000000c001dae8                Process::Process(char const*, Process*, char**)
                0x00000000c001dccc                Process::Process(bool, char const*, Process*, char**)
                0x00000000c001dccc                Process::Process(bool, char const*, Process*, char**)
                0x00000000c001de7b                disableIRQs()
                0x00000000c001de83                getIRQNestingLevel()
                0x00000000c001de89                enableIRQs()
                0x00000000c001de98                lockScheduler()
                0x00000000c001de9a                unlockScheduler()
                0x00000000c001de9c                userModeEntryPoint(void*)
                0x00000000c001debf                lockStuff()
                0x00000000c001decb                taskStartupFunction
                0x00000000c001ded4                updateTimeUsed()
                0x00000000c001df39                switchToThread(ThreadControlBlock*)
                0x00000000c001df8a                Semaphore::Semaphore(int)
                0x00000000c001df8a                Semaphore::Semaphore(int)
                0x00000000c001dfb8                Mutex::Mutex()
                0x00000000c001dfb8                Mutex::Mutex()
                0x00000000c001dfca                Process::createThread(void (*)(void*), void*, int)
                0x00000000c001e0ae                Process::createUserThread()
                0x00000000c001e0ca                setupMultitasking(void (*)())
                0x00000000c001e1d4                schedule()
                0x00000000c001e259                unlockStuff()
                0x00000000c001e28e                Semaphore::tryAcquire()
                0x00000000c001e2bc                Semaphore::assertLocked(char const*)
                0x00000000c001e2ec                blockTaskWithSchedulerLockAlreadyHeld(TaskState)
                0x00000000c001e32e                blockTask(TaskState)
                0x00000000c001e34f                waitTask(int, int*, int)
                0x00000000c001e391                nanoSleepUntil(unsigned long long)
                0x00000000c001e3e8                nanoSleep(unsigned long long)
                0x00000000c001e3fd                sleep(unsigned long long)
                0x00000000c001e41a                Semaphore::acquire()
                0x00000000c001e482                taskReturned
                0x00000000c001e4b0                unblockTask(ThreadControlBlock*)
                0x00000000c001e55f                cleanupTerminatedTask(ThreadControlBlock*)
                0x00000000c001e828                cleanerTaskFunction(void*)
                0x00000000c001e8db                terminateTask(int)
                0x00000000c001e9bb                Thr::terminateFromIRQ(int)
                0x00000000c001e9c8                Semaphore::release()
 .text          0x00000000c001eab4      0xc26 vm86/vm8086.32
                0x00000000c001eab4                Vm::inbv(unsigned short)
                0x00000000c001eac7                Vm::outbv(unsigned short, unsigned char)
                0x00000000c001eb1a                Vm::realToLinear(unsigned short, unsigned short)
                0x00000000c001eb2a                Vm::getSegment(unsigned int)
                0x00000000c001eb32                Vm::getOffset(unsigned int)
                0x00000000c001eb37                Vm::mainloop2()
                0x00000000c001eb72                Vm::mainVm8086Loop(void*)
                0x00000000c001eb7f                Vm::mainloop3(unsigned long)
                0x00000000c001eba9                Vm::initialise8086()
                0x00000000c001ebec                Vm::finish8086()
                0x00000000c001ec31                Vm::getOutput8086(unsigned char*)
                0x00000000c001ec5b                Vm::start8086(char const*, unsigned short, unsigned short, unsigned short, unsigned short)
                0x00000000c001edab                Vm::doISR(regs*, int, unsigned char*, unsigned short, unsigned short)
                0x00000000c001ee35                Vm::readByteFromReal(unsigned short, unsigned short)
                0x00000000c001ee46                Vm::readWordFromReal(unsigned short, unsigned short)
                0x00000000c001ee58                Vm::readDwordFromReal(unsigned short, unsigned short)
                0x00000000c001ee69                Vm::writeByteFromReal(unsigned short, unsigned short, unsigned char)
                0x00000000c001ee7e                Vm::writeWordFromReal(unsigned short, unsigned short, unsigned short)
                0x00000000c001ee94                Vm::writeDwordFromReal(unsigned short, unsigned short, unsigned int)
                0x00000000c001eea9                Vm::faultHandler(regs*)
 .text          0x00000000c001f6da      0xefd vm86/x87em.32
                0x00000000c001f6da                Vm::fpuInternalTo32(unsigned long long)
                0x00000000c001f735                Vm::fpuInternalTo64(unsigned long long)
                0x00000000c001f73e                Vm::fpu32ToInternal(unsigned int)
                0x00000000c001f783                Vm::fpu64ToInternal(unsigned long long)
                0x00000000c001f78c                Vm::fpuFloatToLong(unsigned long long)
                0x00000000c001f7e7                Vm::fpuULongToFloat(unsigned long long)
                0x00000000c001f81d                Vm::fpuLongToFloat(long long)
                0x00000000c001f873                Vm::fpuGet0()
                0x00000000c001f878                Vm::fpuGet1()
                0x00000000c001f880                Vm::fpuGetPi()
                0x00000000c001f888                Vm::fpuGetLog2E()
                0x00000000c001f8a0                Vm::fpuGetLogE2()
                0x00000000c001f8b8                Vm::fpuGetLog210()
                0x00000000c001f8d0                Vm::fpuGetLog102()
                0x00000000c001f8e8                Vm::fpuIsSecondLarger(unsigned long long, unsigned long long)
                0x00000000c001f8fc                Vm::fpuAreEqual(unsigned long long, unsigned long long)
                0x00000000c001f912                Vm::fpuUnorderedCompare(unsigned long long, unsigned long long)
                0x00000000c001f965                Vm::fpuAdd(unsigned long long, unsigned long long)
                0x00000000c001f976                Vm::fpuAbs(unsigned long long)
                0x00000000c001f97f                Vm::fpuChs(unsigned long long)
                0x00000000c001f98f                Vm::fpuSub(unsigned long long, unsigned long long)
                0x00000000c001f99e                Vm::fpuMultiply(unsigned long long, unsigned long long)
                0x00000000c001f9bd                Vm::fpuDivide(unsigned long long, unsigned long long)
                0x00000000c001f9d9                Vm::fpuSquare(unsigned long long)
                0x00000000c001f9ef                Vm::fpuGetReg(int)
                0x00000000c001fa32                Vm::fpuSetReg(int, unsigned long long)
                0x00000000c001fa7d                Vm::fpuPush(unsigned long long)
                0x00000000c001fada                Vm::fpuPop()
                0x00000000c001fb2c                Vm::x87Handler(regs*)
 *fill*         0x00000000c00205d7        0x1 
 .text          0x00000000c00205d8     0x10ed fs/fat/vfslink.32
                0x00000000c00205d8                FAT::getName()
                0x00000000c00205de                FAT::tell(void*, unsigned long long*)
                0x00000000c0020612                FAT::stat(void*, unsigned long long*)
                0x00000000c0020646                FAT::~FAT()
                0x00000000c0020646                FAT::~FAT()
                0x00000000c002066a                FAT::~FAT()
                0x00000000c0020692                FAT::getlabel(LogicalDisk*, int, char*, unsigned int*)
                0x00000000c0020730                FAT::setlabel(LogicalDisk*, int, char*)
                0x00000000c00207ea                FAT::format(LogicalDisk*, int, char const*, int)
                0x00000000c00209ce                FAT::tryMount(LogicalDisk*, int)
                0x00000000c0020bd4                FAT::readDir(void*, unsigned long, void*, int*)
                0x00000000c0020cda                FAT::read(void*, unsigned long, void*, int*)
                0x00000000c0020d34                FAT::write(void*, unsigned long, void*, int*)
                0x00000000c0020d8e                FAT::close(void*)
                0x00000000c0020dda                FAT::closeDir(void*)
                0x00000000c0020e26                FAT::seek(void*, unsigned long long)
                0x00000000c0020e7a                fatWrapperReadDisk
                0x00000000c0020ec1                fatWrapperWriteDisk
                0x00000000c0020f08                fatWrapperIoctl
                0x00000000c002100c                FAT::FAT()
                0x00000000c002100c                FAT::FAT()
                0x00000000c002105e                FAT::fixFilepath(char*)
                0x00000000c0021096                FAT::open(char const*, void**, FileOpenMode)
                0x00000000c00211be                FAT::openDir(char const*, void**)
                0x00000000c0021264                FAT::stat(char const*, unsigned long long*, bool*)
                0x00000000c002134e                FAT::unlink(char const*)
                0x00000000c00213c8                FAT::chfatattr(char const*, unsigned char, unsigned char)
                0x00000000c002151c                FAT::rename(char const*, char const*)
                0x00000000c00215e0                FAT::mkdir(char const*)
                0x00000000c002165a                FAT::exists(char const*)
 *fill*         0x00000000c00216c5        0x1 
 .text          0x00000000c00216c6      0xbc1 fs/iso9660/vfslink.32
                0x00000000c00216c6                ISO9660::format(LogicalDisk*, int, char const*, int)
                0x00000000c00216cc                ISO9660::seek(void*, unsigned long long)
                0x00000000c00216fc                ISO9660::tell(void*, unsigned long long*)
                0x00000000c0021720                ISO9660::getName()
                0x00000000c0021726                ISO9660::stat(void*, unsigned long long*)
                0x00000000c002174a                ISO9660::chfatattr(char const*, unsigned char, unsigned char)
                0x00000000c0021750                ISO9660::unlink(char const*)
                0x00000000c0021756                ISO9660::write(void*, unsigned long, void*, int*)
                0x00000000c002175c                ISO9660::rename(char const*, char const*)
                0x00000000c0021762                ISO9660::mkdir(char const*)
                0x00000000c0021768                ISO9660::close(void*)
                0x00000000c002178a                ISO9660::closeDir(void*)
                0x00000000c00217ac                ISO9660::~ISO9660()
                0x00000000c00217ac                ISO9660::~ISO9660()
                0x00000000c00217d0                ISO9660::~ISO9660()
                0x00000000c00217f7                __memmem(unsigned char*, int, unsigned char*, int)
                0x00000000c0021839                readSectorFromCDROM(unsigned int, unsigned char*, char)
                0x00000000c00218a0                ISO9660::tryMount(LogicalDisk*, int)
                0x00000000c00218f0                ISO9660::read(void*, unsigned long, void*, int*)
                0x00000000c0021af0                ISO9660::readDir(void*, unsigned long, void*, int*)
                0x00000000c0021d7d                readRoot(unsigned int*, unsigned int*, char)
                0x00000000c0021dd2                readRecursively(char*, unsigned int, unsigned int, unsigned int*, unsigned int*, char, int*)
                0x00000000c0021fa5                getFileData(char*, unsigned int*, unsigned int*, char, int*)
                0x00000000c0022034                ISO9660::open(char const*, void**, FileOpenMode)
                0x00000000c00220f4                ISO9660::exists(char const*)
                0x00000000c0022118                ISO9660::stat(char const*, unsigned long long*, bool*)
                0x00000000c00221ac                ISO9660::openDir(char const*, void**)
                0x00000000c0022264                ISO9660::ISO9660()
                0x00000000c0022264                ISO9660::ISO9660()
 *fill*         0x00000000c0022287        0x1 
 .text          0x00000000c0022288      0x326 hal/sound/sndchannel.32
                0x00000000c0022288                SoundChannel::~SoundChannel()
                0x00000000c0022288                SoundChannel::~SoundChannel()
                0x00000000c00222a4                SoundChannel::setSpeed(float)
                0x00000000c00222b0                SoundChannel::getSpeed()
                0x00000000c00222b8                SoundChannel::setVolume(int)
                0x00000000c00222d4                SoundChannel::getVolume()
                0x00000000c00222dc                SoundChannel::pause()
                0x00000000c00222e6                SoundChannel::SoundChannel(int, int, int, int)
                0x00000000c00222e6                SoundChannel::SoundChannel(int, int, int, int)
                0x00000000c002243c                SoundChannel::play()
                0x00000000c0022446                SoundChannel::paused()
                0x00000000c002244e                SoundChannel::getSampleRate()
                0x00000000c0022456                SoundChannel::getBits()
                0x00000000c002245e                SoundChannel::getBufferUsed()
                0x00000000c0022466                SoundChannel::getBufferSize()
                0x00000000c002246e                SoundChannel::unbuffer(float*, int, int)
                0x00000000c002250e                SoundChannel::buffer8(unsigned char*, int)
 .text          0x00000000c00225ae      0x3d5 hal/sound/sndhw.32
                0x00000000c00225ae                SoundDevice::SoundDevice(char const*)
                0x00000000c00225ae                SoundDevice::SoundDevice(char const*)
                0x00000000c002261a                SoundDevice::~SoundDevice()
                0x00000000c002261a                SoundDevice::~SoundDevice()
                0x00000000c0022694                SoundDevice::~SoundDevice()
                0x00000000c00226be                SoundDevice::getFreeChannelNum()
                0x00000000c00226d8                SoundDevice::addChannel(SoundChannel*)
                0x00000000c0022748                SoundDevice::removeChannel(int)
                0x00000000c002277a                SoundDevice::floatTo8(float*, unsigned char*, int)
                0x00000000c0022862                SoundDevice::getAudio(int, float*, float*)
 .text          0x00000000c0022983        0x0 hw/bus/isa.32
 *fill*         0x00000000c0022983        0x1 
 .text          0x00000000c0022984      0x6c3 hw/bus/pci.32
                0x00000000c0022984                PCI::open(int, int, void*)
                0x00000000c0022998                PCI::close(int, int, void*)
                0x00000000c002299c                PCI::PCI()
                0x00000000c002299c                PCI::PCI()
                0x00000000c0022a1c                PCI::pciReadWord(unsigned char, unsigned char, unsigned char, unsigned char)
                0x00000000c0022a64                PCI::getVendorID(unsigned char, unsigned char, unsigned char)
                0x00000000c0022a86                PCI::getHeaderType(unsigned char, unsigned char, unsigned char)
                0x00000000c0022aaa                PCI::getClassCode(unsigned char, unsigned char, unsigned char)
                0x00000000c0022aee                PCI::getProgIF(unsigned char, unsigned char, unsigned char)
                0x00000000c0022b12                PCI::getRevisionID(unsigned char, unsigned char, unsigned char)
                0x00000000c0022b34                PCI::getInterruptNumber(unsigned char, unsigned char, unsigned char)
                0x00000000c0022b56                PCI::getSecondaryBus(unsigned char, unsigned char, unsigned char)
                0x00000000c0022b7a                PCI::getBARAddress(unsigned char, unsigned char, unsigned char, unsigned char)
                0x00000000c0022bda                PCI::pciWriteWord(unsigned char, unsigned char, unsigned char, unsigned char, unsigned short)
                0x00000000c0022c46                PCI::checkBus(unsigned char)
                0x00000000c0022c6a                PCI::foundDevice(PCIDeviceInfo)
                0x00000000c0022ddc                PCI::getDeviceData(unsigned char, unsigned char, unsigned char)
                0x00000000c0022f88                PCI::checkDevice(unsigned char, unsigned char)
                0x00000000c0022ff4                PCI::detect()
 *fill*         0x00000000c0023047        0x1 
 .text          0x00000000c0023048      0xc70 hw/diskctrl/ide.32
                0x00000000c0023048                IDE::close(int, int, void*)
                0x00000000c002304c                IDE::IDE()
                0x00000000c002304c                IDE::IDE()
                0x00000000c0023080                IDE::prepareInterrupt(unsigned char)
                0x00000000c0023092                selectDrive(unsigned char, unsigned char)
                0x00000000c0023094                IDE::getBase(unsigned char)
                0x00000000c00230a6                IDE::write(unsigned char, unsigned char, unsigned char)
                0x00000000c0023166                IDE::read(unsigned char, unsigned char)
                0x00000000c0023214                IDE::waitInterrupt(unsigned char)
                0x00000000c002327a                ideChannel0IRQHandler(regs*, void*)
                0x00000000c0023296                ideChannel1IRQHandler(regs*, void*)
                0x00000000c00232b2                IDE::enableIRQs(unsigned char, bool)
                0x00000000c00232f8                IDE::open(int, int, void*)
                0x00000000c0023708                IDE::readBuffer(unsigned char, unsigned char, unsigned int, unsigned int)
                0x00000000c00237d4                IDE::detect()
                0x00000000c0023abc                IDE::printError(unsigned char, unsigned char, unsigned char)
                0x00000000c0023c52                IDE::polling(unsigned char, unsigned int)
 .text          0x00000000c0023cb8      0x390 hw/diskctrl/satabus.32
                0x00000000c0023cb8                SATABus::close(int, int, void*)
                0x00000000c0023cbc                SATABus::detect()
                0x00000000c0023cbe                SATABus::SATABus()
                0x00000000c0023cbe                SATABus::SATABus()
                0x00000000c0023d6a                SATABus::findCmdslot(SATABus::tagHBA_PORT volatile*)
                0x00000000c0023db2                SATABus::checkType(SATABus::tagHBA_PORT volatile*)
                0x00000000c0023dfa                SATABus::startCmd(SATABus::tagHBA_PORT volatile*)
                0x00000000c0023e1a                SATABus::stopCmd(SATABus::tagHBA_PORT volatile*)
                0x00000000c0023e44                SATABus::portRebase(SATABus::tagHBA_PORT volatile*, int)
                0x00000000c0023f4a                SATABus::probePort(SATABus::tagHBA_MEM volatile*)
                0x00000000c0024028                SATABus::open(int, int, void*)
 .text          0x00000000c0024048      0x63c hw/diskphys/ata.32
                0x00000000c0024048                ATA::close(int, int, void*)
                0x00000000c002406c                ATA::powerSaving(PowerSavingLevel)
                0x00000000c002406e                ATA::ATA()
                0x00000000c002406e                ATA::ATA()
                0x00000000c002409c                ATA::flush(bool)
                0x00000000c00240e6                ATA::readyForCommand()
                0x00000000c0024136                ATA::access(unsigned long long, int, void*, bool)
                0x00000000c00244be                ATA::read(unsigned long long, int, void*)
                0x00000000c0024526                ATA::write(unsigned long long, int, void*)
                0x00000000c002458e                ATA::detectCHS()
                0x00000000c00245b8                ATA::open(int, int, void*)
 .text          0x00000000c0024684      0x5bd hw/diskphys/atapi.32
                0x00000000c0024684                ATAPI::write(unsigned long long, int, void*)
                0x00000000c002468a                ATAPI::close(int, int, void*)
                0x00000000c00246ae                ATAPI::ATAPI()
                0x00000000c00246ae                ATAPI::ATAPI()
                0x00000000c00246dc                ATAPI::readyForCommand()
                0x00000000c002472c                ATAPI::sendPacket(unsigned char*, int, bool, unsigned short*, int)
                0x00000000c00249ec                ATAPI::diskRemoved()
                0x00000000c0024a08                ATAPI::eject()
                0x00000000c0024a50                ATAPI::diskInserted()
                0x00000000c0024a7e                ATAPI::detectMedia()
                0x00000000c0024b3a                ATAPI::open(int, int, void*)
                0x00000000c0024bc2                ATAPI::read(unsigned long long, int, void*)
 *fill*         0x00000000c0024c41        0x1 
 .text          0x00000000c0024c42      0x455 hw/diskphys/sata.32
                0x00000000c0024c42                SATA::close(int, int, void*)
                0x00000000c0024c66                SATA::powerSaving(PowerSavingLevel)
                0x00000000c0024c68                SATA::open(int, int, void*)
                0x00000000c0024d16                SATA::SATA()
                0x00000000c0024d16                SATA::SATA()
                0x00000000c0024d44                SATA::access(unsigned long long, int, void*, bool)
                0x00000000c0024faa                SATA::read(unsigned long long, int, void*)
                0x00000000c0025012                SATA::write(unsigned long long, int, void*)
 *fill*         0x00000000c0025097        0x1 
 .text          0x00000000c0025098      0x500 hw/diskphys/satapi.32
                0x00000000c0025098                SATAPI::write(unsigned long long, int, void*)
                0x00000000c002509e                SATAPI::close(int, int, void*)
                0x00000000c00250c2                SATAPI::SATAPI()
                0x00000000c00250c2                SATAPI::SATAPI()
                0x00000000c00250f0                SATAPI::diskRemoved()
                0x00000000c002510c                SATAPI::diskInserted()
                0x00000000c002513a                SATAPI::sendPacket(unsigned char*, int, unsigned long long, unsigned short*, int)
                0x00000000c002533e                SATAPI::eject()
                0x00000000c0025386                SATAPI::detectMedia()
                0x00000000c0025448                SATAPI::open(int, int, void*)
                0x00000000c00254f6                SATAPI::read(unsigned long long, int, void*)
 .text          0x00000000c0025598       0x8e hw/fpu/avx.32
                0x00000000c0025598                AVX::open(int, int, void*)
                0x00000000c00255aa                AVX::close(int, int, void*)
                0x00000000c00255bc                AVX::available()
                0x00000000c00255ce                AVX::save(void*)
                0x00000000c00255e6                AVX::load(void*)
                0x00000000c00255fe                AVX::AVX()
                0x00000000c00255fe                AVX::AVX()
 .text          0x00000000c0025626       0x90 hw/fpu/mmx.32
                0x00000000c0025626                MMX::available()
                0x00000000c002563a                MMX::open(int, int, void*)
                0x00000000c002564c                MMX::close(int, int, void*)
                0x00000000c002565e                MMX::save(void*)
                0x00000000c0025676                MMX::load(void*)
                0x00000000c002568e                MMX::MMX()
                0x00000000c002568e                MMX::MMX()
 .text          0x00000000c00256b6       0x96 hw/fpu/sse.32
                0x00000000c00256b6                SSE::open(int, int, void*)
                0x00000000c00256c8                SSE::close(int, int, void*)
                0x00000000c00256da                SSE::available()
                0x00000000c00256f4                SSE::save(void*)
                0x00000000c002570c                SSE::load(void*)
                0x00000000c0025724                SSE::SSE()
                0x00000000c0025724                SSE::SSE()
 .text          0x00000000c002574c       0x8e hw/fpu/x87.32
                0x00000000c002574c                x87::open(int, int, void*)
                0x00000000c002575e                x87::close(int, int, void*)
                0x00000000c0025770                x87::available()
                0x00000000c0025782                x87::save(void*)
                0x00000000c002579a                x87::load(void*)
                0x00000000c00257b2                x87::x87()
                0x00000000c00257b2                x87::x87()
 .text          0x00000000c00257da      0x71e hw/intctrl/apic.32
                0x00000000c00257da                APIC::disable()
                0x00000000c00257dc                APIC::close(int, int, void*)
                0x00000000c00257fe                IOAPIC::close(int, int, void*)
                0x00000000c0025804                APIC::io_wait()
                0x00000000c002580a                APIC::getBase()
                0x00000000c002584c                APIC::eoi(unsigned char)
                0x00000000c002587a                APIC::open(int, int, void*)
                0x00000000c00259c8                IOAPIC::IOAPIC()
                0x00000000c00259c8                IOAPIC::IOAPIC()
                0x00000000c00259f0                APIC::APIC()
                0x00000000c00259f0                APIC::APIC()
                0x00000000c0025acc                IOAPIC::handlesGSIWithNumber(unsigned int)
                0x00000000c0025afe                IOAPIC::read(int)
                0x00000000c0025b26                IOAPIC::open(int, int, void*)
                0x00000000c0025c1c                IOAPIC::write(int, int)
                0x00000000c0025c48                IOAPIC::redirect(unsigned char, unsigned long long, unsigned char, bool, bool)
                0x00000000c0025d42                APIC::installIRQHandler(int, void (*)(regs*, void*), bool, void*)
 .text          0x00000000c0025ef8      0x3d3 hw/intctrl/pic.32
                0x00000000c0025ef8                PIC::disable()
                0x00000000c0025f26                PIC::close(int, int, void*)
                0x00000000c0025f48                PIC::PIC()
                0x00000000c0025f48                PIC::PIC()
                0x00000000c002601e                PIC::ioWait()
                0x00000000c0026024                PIC::getIRQReg(int)
                0x00000000c002608e                PIC::eoi(unsigned char)
                0x00000000c0026120                PIC::remap()
                0x00000000c002628c                PIC::open(int, int, void*)
 *fill*         0x00000000c00262cb        0x1 
 .text          0x00000000c00262cc      0x25e hw/timer/apictimer.32
                0x00000000c00262cc                APICTimer::close(int, int, void*)
                0x00000000c00262d2                apicTimerHandler(regs*, void*)
                0x00000000c0026300                APICTimer::write(int)
                0x00000000c0026404                APICTimer::open(int, int, void*)
                0x00000000c0026502                APICTimer::APICTimer()
                0x00000000c0026502                APICTimer::APICTimer()
 .text          0x00000000c002652a      0x1a7 hw/timer/pit.32
                0x00000000c002652a                PIT::write(int)
                0x00000000c00265a8                pitHandler(regs*, void*)
                0x00000000c00265d4                PIT::open(int, int, void*)
                0x00000000c0026622                PIT::close(int, int, void*)
                0x00000000c0026652                PIT::PIT()
                0x00000000c0026652                PIT::PIT()
 *fill*         0x00000000c00266d1        0xf 
 .text          0x00000000c00266e0       0x1e hw/fpu/x86/avx.32
                0x00000000c00266e0                avxDetect
                0x00000000c00266e6                avxSave
                0x00000000c00266e7                avxLoad
                0x00000000c00266e8                avxInit
                0x00000000c00266e9                avxClose
                0x00000000c00266ea                wouldSheSayYes
 *fill*         0x00000000c00266fe        0x2 
 .text          0x00000000c0026700       0x35 hw/fpu/x86/sse.32
                0x00000000c0026700                absolutelyNoChanceInHell
                0x00000000c0026700                sseDetect
                0x00000000c0026718                sseSave
                0x00000000c002671e                sseLoad
                0x00000000c0026724                sseInit
                0x00000000c0026734                sseClose
 *fill*         0x00000000c0026735        0xb 
 .text          0x00000000c0026740       0x47 hw/fpu/x86/x87.32
                0x00000000c0026746                x87Detect
                0x00000000c0026761                x87Save
                0x00000000c0026767                x87Load
                0x00000000c002676c                x87Init
                0x00000000c0026786                x87Close
 *fill*         0x00000000c0026787        0x1 
 .text          0x00000000c0026788       0x25 /cygdrive/d/Users/Alex/Desktop/Toolchain/Output/bin/../lib/gcc/i386-banana/8.1.0/crtend.o
 .text          0x00000000c00267ad        0x0 crtn.32
 *fill*         0x00000000c00267ad        0x3 
 .text          0x00000000c00267b0      0x14b /cygdrive/d/Users/Alex/Desktop/Toolchain/Output/bin/../lib/gcc/i386-banana/8.1.0/libkgcc.a(_divdi3.o)
                0x00000000c00267b0                __divdi3
 *fill*         0x00000000c00268fb        0x1 
 .text          0x00000000c00268fc      0x17e /cygdrive/d/Users/Alex/Desktop/Toolchain/Output/bin/../lib/gcc/i386-banana/8.1.0/libkgcc.a(_moddi3.o)
                0x00000000c00268fc                __moddi3
 *fill*         0x00000000c0026a7a        0x2 
 .text          0x00000000c0026a7c       0xff /cygdrive/d/Users/Alex/Desktop/Toolchain/Output/bin/../lib/gcc/i386-banana/8.1.0/libkgcc.a(_udivdi3.o)
                0x00000000c0026a7c                __udivdi3
 *fill*         0x00000000c0026b7b        0x1 
 .text          0x00000000c0026b7c      0x11a /cygdrive/d/Users/Alex/Desktop/Toolchain/Output/bin/../lib/gcc/i386-banana/8.1.0/libkgcc.a(_umoddi3.o)
                0x00000000c0026b7c                __umoddi3
 .text          0x00000000c0026c96      0x96d D:/Users/Alex/Desktop/Banana/kernel/libsoftfp.a(sfieeelib.o)
                0x00000000c0026c96                __addsf3
                0x00000000c0026f98                __subsf3
                0x00000000c0026fac                __negsf2
                0x00000000c0026fb9                __mulsf3
                0x00000000c002717c                __divsf3
                0x00000000c00273a7                __floatsisf
                0x00000000c002741b                __floatunsisf
                0x00000000c002745d                __fixsfsi
                0x00000000c00274bf                __fixunssfsi