Archive member included to satisfy reference by file (symbol)

/cygdrive/d/Users/Alex/Desktop/Toolchain/Output/bin/../lib/gcc/i386-banana/8.1.0/libkgcc.a(_divdi3.o)
                              fs/fat/ff.32 (__divdi3)
/cygdrive/d/Users/Alex/Desktop/Toolchain/Output/bin/../lib/gcc/i386-banana/8.1.0/libkgcc.a(_moddi3.o)
                              compat/resolve.32 (__moddi3)
/cygdrive/d/Users/Alex/Desktop/Toolchain/Output/bin/../lib/gcc/i386-banana/8.1.0/libkgcc.a(_udivdi3.o)
                              fs/fat/ff.32 (__udivdi3)
/cygdrive/d/Users/Alex/Desktop/Toolchain/Output/bin/../lib/gcc/i386-banana/8.1.0/libkgcc.a(_umoddi3.o)
                              compat/resolve.32 (__umoddi3)
D:/Users/Alex/Desktop/Banana/kernel/libsoftfp.a(sfieeelib.o)
                              hal/sound/sndhw.32 (__addsf3)
D:/Users/Alex/Desktop/Banana/kernel/libsoftfp.a(dfieeelib.o)
                              hal/libresample/src_linear.32 (__adddf3)
D:/Users/Alex/Desktop/Banana/kernel/libsoftfp.a(sfdfcvt.o)
                              hal/libresample/samplerate.32 (__truncdfsf2)
D:/Users/Alex/Desktop/Banana/kernel/libk/libm32.a(s_fabs.c.o)
                              hal/libresample/samplerate.32 (fabs)
D:/Users/Alex/Desktop/Banana/kernel/libk/libm32.a(s_lrint.S.o)
                              hal/libresample/samplerate.32 (lrint)
D:/Users/Alex/Desktop/Banana/kernel/libk/libm32.a(s_lrintf.S.o)
                              hal/sound/sndhw.32 (lrintf)

Discarded input sections

 .comment       0x0000000000000000       0x12 /cygdrive/d/Users/Alex/Desktop/Toolchain/Output/bin/../lib/gcc/i386-banana/8.1.0/crtbegin.o
 .comment       0x0000000000000000       0x12 acpica/utclib.32
 .comment       0x0000000000000000       0x12 core/malloc.32
 .comment       0x0000000000000000       0x12 libk/string.32
 .comment       0x0000000000000000       0x12 fs/fat/diskio.32
 .comment       0x0000000000000000       0x12 fs/fat/ff.32
 .comment       0x0000000000000000       0x12 fs/fat/ffsystem.32
 .comment       0x0000000000000000       0x12 fs/fat/ffunicode.32
 .comment       0x0000000000000000       0x12 hal/libresample/samplerate.32
 .comment       0x0000000000000000       0x12 hal/libresample/src_linear.32
 .comment       0x0000000000000000       0x12 hal/libresample/src_sinc.32
 .comment       0x0000000000000000       0x12 hal/libresample/src_zoh.32
 .comment       0x0000000000000000       0x12 compat/inlines.32
 .comment       0x0000000000000000       0x12 compat/resolve.32
 .group         0x0000000000000000       0x14 core/computer.32
 .group         0x0000000000000000        0xc core/computer.32
 .comment       0x0000000000000000       0x12 core/computer.32
 .comment       0x0000000000000000       0x12 core/gdt.32
 .group         0x0000000000000000        0xc core/idle.32
 .comment       0x0000000000000000       0x12 core/idle.32
 .comment       0x0000000000000000       0x12 core/idt.32
 .comment       0x0000000000000000       0x12 core/kheap.32
 .comment       0x0000000000000000       0x12 core/main.32
 .comment       0x0000000000000000       0x12 core/physmgr.32
 .group         0x0000000000000000        0xc core/pipe.32
 .comment       0x0000000000000000       0x12 core/pipe.32
 .group         0x0000000000000000        0xc core/terminal.32
 .comment       0x0000000000000000       0x12 core/terminal.32
 .comment       0x0000000000000000       0x12 core/tss.32
 .group         0x0000000000000000        0x8 core/unixfile.32
 .group         0x0000000000000000        0xc core/unixfile.32
 .group         0x0000000000000000        0xc core/unixfile.32
 .group         0x0000000000000000        0x8 core/unixfile.32
 .group         0x0000000000000000        0xc core/unixfile.32
 .group         0x0000000000000000        0x8 core/unixfile.32
 .group         0x0000000000000000        0xc core/unixfile.32
 .group         0x0000000000000000        0xc core/unixfile.32
 .comment       0x0000000000000000       0x12 core/unixfile.32
 .comment       0x0000000000000000       0x12 core/virtmgr.32
 .comment       0x0000000000000000       0x12 coreobjs/c++.32
 .comment       0x0000000000000000       0x12 dbg/kconsole.32
 .group         0x0000000000000000        0xc fs/vfs.32
 .group         0x0000000000000000        0xc fs/vfs.32
 .group         0x0000000000000000        0xc fs/vfs.32
 .comment       0x0000000000000000       0x12 fs/vfs.32
 .group         0x0000000000000000        0xc hal/bus.32
 .comment       0x0000000000000000       0x12 hal/bus.32
 .group         0x0000000000000000        0xc hal/buzzer.32
 .comment       0x0000000000000000       0x12 hal/buzzer.32
 .group         0x0000000000000000        0xc hal/clock.32
 .comment       0x0000000000000000       0x12 hal/clock.32
 .group         0x0000000000000000       0x14 hal/device.32
 .group         0x0000000000000000        0xc hal/device.32
 .group         0x0000000000000000        0xc hal/device.32
 .group         0x0000000000000000        0xc hal/device.32
[...]
Memory Configuration

Name             Origin             Length             Attributes
*default*        0x0000000000000000 0xffffffffffffffff

Linker script and memory map

LOAD D:/Users/Alex/Desktop/Banana/kernel/boot.32
LOAD crti.32
LOAD /cygdrive/d/Users/Alex/Desktop/Toolchain/Output/bin/../lib/gcc/i386-banana/8.1.0/crtbegin.o
LOAD D:/Users/Alex/Desktop/Banana/kernel/morenasm.32
LOAD acpica/utclib.32
LOAD core/malloc.32
LOAD libk/string.32
LOAD fs/fat/diskio.32
LOAD fs/fat/ff.32
LOAD fs/fat/ffsystem.32
LOAD fs/fat/ffunicode.32
LOAD hal/libresample/samplerate.32
LOAD hal/libresample/src_linear.32
LOAD hal/libresample/src_sinc.32
LOAD hal/libresample/src_zoh.32
LOAD compat/inlines.32
LOAD compat/resolve.32
LOAD core/computer.32
LOAD core/gdt.32
LOAD core/idle.32
LOAD core/idt.32
LOAD core/kheap.32
LOAD core/main.32
LOAD core/physmgr.32
LOAD core/pipe.32
LOAD core/terminal.32
LOAD core/tss.32
LOAD core/unixfile.32
LOAD core/virtmgr.32
LOAD coreobjs/c++.32
LOAD dbg/kconsole.32
LOAD fs/vfs.32
LOAD hal/bus.32
LOAD hal/buzzer.32
LOAD hal/clock.32
LOAD hal/device.32
LOAD hal/diskctrl.32
LOAD hal/diskphys.32
LOAD hal/fpu.32
LOAD hal/intctrl.32
LOAD hal/keybrd.32
LOAD hal/logidisk.32
LOAD hal/mouse.32
LOAD hal/partition.32
LOAD hal/serial.32
LOAD hal/timer.32
LOAD hal/vcache.32
LOAD hal/video.32
LOAD hw/acpi.32
LOAD hw/cpu.32
LOAD hw/ports.32
LOAD hw/smp.32
LOAD krnl/env.32
LOAD krnl/panic.32
LOAD net/ethernet.32
LOAD reg/registry.32
LOAD sys/sc_eject.32
LOAD sys/sc_exit.32
LOAD sys/sc_getcwd.32
LOAD sys/sc_getpid.32
LOAD sys/sc_getramdata.32
LOAD sys/sc_loaddll.32
LOAD sys/sc_read.32
LOAD sys/sc_sbrk.32
LOAD sys/sc_setcwd.32
LOAD sys/sc_settime.32
LOAD sys/sc_timezone.32
LOAD sys/sc_write.32
LOAD sys/sc_wsbe.32
LOAD sys/sc_yield.32
LOAD sys/syscalls.32
LOAD thr/elf.32
LOAD thr/prcssthr.32
LOAD vm86/vm8086.32
LOAD vm86/x87em.32
LOAD fs/fat/vfslink.32
LOAD fs/iso9660/vfslink.32
LOAD hal/sound/sndchannel.32
LOAD hal/sound/sndhw.32
LOAD hw/bus/isa.32
LOAD hw/bus/pci.32
LOAD hw/diskctrl/ide.32
LOAD hw/diskctrl/satabus.32
LOAD hw/diskphys/ata.32
LOAD hw/diskphys/atapi.32
LOAD hw/diskphys/sata.32
LOAD hw/diskphys/satapi.32
LOAD hw/fpu/avx.32
LOAD hw/fpu/mmx.32
LOAD hw/fpu/sse.32
LOAD hw/fpu/x87.32
LOAD hw/intctrl/apic.32
LOAD hw/intctrl/pic.32
LOAD hw/timer/apictimer.32
LOAD hw/timer/pit.32
LOAD hw/fpu/x86/avx.32
LOAD hw/fpu/x86/sse.32
LOAD hw/fpu/x86/x87.32
LOAD /cygdrive/d/Users/Alex/Desktop/Toolchain/Output/bin/../lib/gcc/i386-banana/8.1.0/crtend.o
LOAD crtn.32
LOAD /cygdrive/d/Users/Alex/Desktop/Toolchain/Output/bin/../lib/gcc/i386-banana/8.1.0/libkgcc.a
LOAD D:/Users/Alex/Desktop/Banana/kernel/libsoftfp.a
LOAD D:/Users/Alex/Desktop/Banana/kernel/libk/libm32.a
                0x00000000c0000000                . = 0xc0000000

.text           0x00000000c0000000    0x28648
 *(.text)
 .text          0x00000000c0000000       0x41 D:/Users/Alex/Desktop/Banana/kernel/boot.32
                0x00000000c0000020                callGlobalConstructors
 .text          0x00000000c0000041        0x0 crti.32
 *fill*         0x00000000c0000041        0x3 
 .text          0x00000000c0000044      0x101 /cygdrive/d/Users/Alex/Desktop/Toolchain/Output/bin/../lib/gcc/i386-banana/8.1.0/crtbegin.o
 *fill*         0x00000000c0000145        0xb 
 .text          0x00000000c0000150      0x4ed D:/Users/Alex/Desktop/Banana/kernel/morenasm.32
                0x00000000c0000150                manualPCIProbe
                0x00000000c000019b                prepareTramp
                0x00000000c00001b4                voodooXADD
                0x00000000c000027f                doTPAUSE
                0x00000000c0000289                hasLegacyFPU
                0x00000000c00002ae                is486
                0x00000000c00002e4                detectCPUID
                0x00000000c00002fa                goToVM86
                0x00000000c000032a                goToUsermode
                0x00000000c0000354                switchToThreadASMFirstTime
                0x00000000c0000362                switchToThreadASM
                0x00000000c00003ea                asmQuickAcquireLock
                0x00000000c0000408                asmQuickReleaseLock
                0x00000000c0000414                asmAcquireLock
                0x00000000c0000435                asmReleaseLock
                0x00000000c0000448                loadGDT
                0x00000000c0000468                isr0
                0x00000000c0000478                isr1
                0x00000000c0000482                isr2
                0x00000000c000048c                isr3
                0x00000000c0000496                isr4
                0x00000000c00004a0                isr5
                0x00000000c00004aa                isr6
                0x00000000c00004b4                isr7
                0x00000000c00004be                isr8
                0x00000000c00004c6                isr9
                0x00000000c00004d0                isr10
                0x00000000c00004d8                isr11
                0x00000000c00004e0                isr12
                0x00000000c00004e8                isr13
                0x00000000c00004f0                isr14
                0x00000000c00004f8                isr15
                0x00000000c0000502                isr16
                0x00000000c000050c                isr17
                0x00000000c0000516                isr18
                0x00000000c0000520                irq3
                0x00000000c000052a                irq4
                0x00000000c0000534                irq5
                0x00000000c000053e                irq6
                0x00000000c0000548                irq7
                0x00000000c0000552                irq8
                0x00000000c000055c                irq9
                0x00000000c0000566                irq10
                0x00000000c0000570                irq11
                0x00000000c000057a                irq12
                0x00000000c0000584                irq13
                0x00000000c000058e                irq14
                0x00000000c0000598                irq15
                0x00000000c00005a2                irq1
                0x00000000c00005a9                irq2
                0x00000000c00005b0                isr96
                0x00000000c00005b7                irq0
                0x00000000c00005bc                int_common_stub
                0x00000000c00005bc                syscall_common_stub
                0x00000000c00005ed                irq16
                0x00000000c00005f7                irq17
                0x00000000c0000601                irq18
                0x00000000c000060b                irq19
                0x00000000c0000615                irq20
                0x00000000c000061f                irq21
                0x00000000c0000629                irq22
                0x00000000c0000633                irq23
 *fill*         0x00000000c000063d        0x3 
 .text          0x00000000c0000640      0x611 acpica/utclib.32
                0x00000000c0000640                memcmp
                0x00000000c000067c                memmove
                0x00000000c0000744                memcpy
                0x00000000c0000778                memset
                0x00000000c0000794                strlen
                0x00000000c00007ac                strpbrk
                0x00000000c00007e8                strtok
                0x00000000c0000834                strcpy
                0x00000000c0000858                strncpy
                0x00000000c00008c0                strcmp
                0x00000000c0000900                strchr
                0x00000000c0000924                strncmp
                0x00000000c0000974                strcat
                0x00000000c00009a4                strncat
                0x00000000c00009e0                strstr
                0x00000000c0000a28                toupper
                0x00000000c0000a3c                tolower
                0x00000000c0000a50                simple_strtoul
 .text          0x00000000c0000c51      0xfbf core/malloc.32
                0x00000000c0000dbc                dlfree
                0x00000000c0001117                dlmalloc
                0x00000000c0001654                dlrealloc
                0x00000000c0001809                dlmemalign
                0x00000000c000192c                dlcalloc
                0x00000000c00019c6                dlcfree
                0x00000000c00019cb                dlindependent_calloc
                0x00000000c00019f0                dlindependent_comalloc
                0x00000000c0001a07                dlvalloc
                0x00000000c0001a32                dlpvalloc
                0x00000000c0001a68                dlmalloc_trim
                0x00000000c0001a75                dlmalloc_usable_size
                0x00000000c0001aa6                dlmallinfo
                0x00000000c0001b75                dlmalloc_stats
                0x00000000c0001b86                dlmallopt
 .text          0x00000000c0001c10        0x0 libk/string.32
 .text          0x00000000c0001c10       0x51 fs/fat/diskio.32
                0x00000000c0001c10                disk_status
                0x00000000c0001c13                disk_initialize
                0x00000000c0001c16                disk_read
                0x00000000c0001c2c                disk_write
                0x00000000c0001c42                disk_ioctl
 .text          0x00000000c0001c61     0x6833 fs/fat/ff.32
                0x00000000c0004f2f                f_mount
                0x00000000c0004f91                f_open
                0x00000000c00053cd                f_read
                0x00000000c000564d                f_write
                0x00000000c0005907                f_sync
                0x00000000c0005ae3                f_close
                0x00000000c0005b12                f_lseek
                0x00000000c0005fc9                f_opendir
                0x00000000c00060cb                f_closedir
                0x00000000c00060ed                f_readdir
                0x00000000c0006188                f_stat
                0x00000000c0006217                f_getfree
                0x00000000c00063e2                f_truncate
                0x00000000c00064da                f_unlink
                0x00000000c000665d                f_mkdir
                0x00000000c0006889                f_rename
                0x00000000c0006b7c                f_chmod
                0x00000000c0006c5a                f_utime
                0x00000000c0006d38                f_getlabel
                0x00000000c0006f26                f_setlabel
                0x00000000c0007193                f_forward
                0x00000000c0007371                f_mkfs
 .text          0x00000000c0008494       0x2d fs/fat/ffsystem.32
                0x00000000c0008494                ff_memalloc
                0x00000000c00084aa                ff_memfree
 .text          0x00000000c00084c1      0x253 fs/fat/ffunicode.32
                0x00000000c00084c1                ff_uni2oem
                0x00000000c0008551                ff_oem2uni
                0x00000000c00085bd                ff_wtoupper
 .text          0x00000000c0008714      0x8fb hal/libresample/samplerate.32
                0x00000000c0008758                src_delete
                0x00000000c0008794                src_process
                0x00000000c000894a                src_callback_read
                0x00000000c0008ac7                src_set_ratio
                0x00000000c0008b31                src_get_channels
                0x00000000c0008b53                src_reset
                0x00000000c0008b9f                src_new
                0x00000000c0008c2d                src_callback_new
                0x00000000c0008c8f                src_get_name
                0x00000000c0008cc6                src_get_description
                0x00000000c0008cfd                src_get_version
                0x00000000c0008d03                src_is_valid_ratio
                0x00000000c0008d57                src_error
                0x00000000c0008d65                src_strerror
                0x00000000c0008d78                src_simple
                0x00000000c0008dcb                src_short_to_float_array
                0x00000000c0008e30                src_float_to_short_array
                0x00000000c0008eef                src_int_to_float_array
                0x00000000c0008f52                src_float_to_int_array
 .text          0x00000000c000900f      0x8cb hal/libresample/src_linear.32
                0x00000000c0009835                linear_get_name
                0x00000000c0009844                linear_get_description
                0x00000000c0009853                linear_set_converter
 .text          0x00000000c00098da     0x447c hal/libresample/src_sinc.32
                0x00000000c000dc6d                sinc_get_name
                0x00000000c000dc80                sinc_get_description
                0x00000000c000dc93                sinc_set_converter
 .text          0x00000000c000dd56      0x77c hal/libresample/src_zoh.32
                0x00000000c000e42d                zoh_get_name
                0x00000000c000e43c                zoh_get_description
                0x00000000c000e44b                zoh_set_converter
 .text          0x00000000c000e4d2       0x23 compat/inlines.32
                0x00000000c000e4d2                CPU::current()
                0x00000000c000e4df                operator new(unsigned long)
 .text          0x00000000c000e4f5      0x111 compat/resolve.32
                0x00000000c000e4f5                Krnl::resolveCompatibilitySymbol(char*)
 .text          0x00000000c000e606      0xa17 core/computer.32
                0x00000000c000e606                Computer::close(int, int, void*)
                0x00000000c000e64a                Krnl::firstTask()
                0x00000000c000e73a                Computer::Computer()
                0x00000000c000e73a                Computer::Computer()
                0x00000000c000e896                Computer::setBootMessage(char const*)
                0x00000000c000e898                Computer::detectFeatures()
                0x00000000c000eaa2                Computer::displayFeatures()
                0x00000000c000ede8                Computer::rdmsr(unsigned int)
                0x00000000c000ee14                Computer::wrmsr(unsigned int, unsigned long long)
                0x00000000c000ee4c                Computer::nmiEnabled()
                0x00000000c000ee58                Computer::readCMOS(unsigned char)
                0x00000000c000ee72                Computer::enableNMI(bool)
                0x00000000c000ee8a                Computer::open(int, int, void*)
                0x00000000c000ef60                Computer::disableNMI()
                0x00000000c000ef6e                Computer::writeCMOS(unsigned char, unsigned char)
                0x00000000c000ef8c                Computer::handleNMI()
                0x00000000c000eff2                Computer::setDiskActivityLight(int, bool)
 *fill*         0x00000000c000f01d        0x1 
 .text          0x00000000c000f01e      0x1b7 core/gdt.32
                0x00000000c000f01e                GDTEntry::setBase(unsigned int)
                0x00000000c000f03a                GDTEntry::setLimit(unsigned int)
                0x00000000c000f058                GDT::GDT()
                0x00000000c000f058                GDT::GDT()
                0x00000000c000f06e                GDT::addEntry(GDTEntry)
                0x00000000c000f0aa                GDT::getNumberOfEntries()
                0x00000000c000f0b2                GDT::flush()
                0x00000000c000f0d4                GDT::setup()
 .text          0x00000000c000f1d5       0x62 core/idle.32
                0x00000000c000f1d5                idleFunction(void*)
 *fill*         0x00000000c000f237        0x1 
 .text          0x00000000c000f238      0x45f core/idt.32
                0x00000000c000f238                IDTEntry::IDTEntry(bool)
                0x00000000c000f238                IDTEntry::IDTEntry(bool)
                0x00000000c000f2a6                IDTEntry::setOffset(unsigned int)
                0x00000000c000f2ba                IDT::IDT()
                0x00000000c000f2ba                IDT::IDT()
                0x00000000c000f2bc                IDT::getPointerToInvalidOpcodeEntryForF00F()
                0x00000000c000f2c4                IDT::addEntry(IDTEntry, int)
                0x00000000c000f2de                IDT::addEntry(int, void (*)(), bool)
                0x00000000c000f316                IDT::flush()
                0x00000000c000f330                IDT::setup()
 .text          0x00000000c000f697      0x206 core/kheap.32
                0x00000000c000f697                sbrk
                0x00000000c000f7a5                mmap
                0x00000000c000f7bb                munmap
                0x00000000c000f7d1                liballoc_lock()
                0x00000000c000f7e2                liballoc_unlock()
                0x00000000c000f7f3                liballoc_alloc(int)
                0x00000000c000f811                liballoc_free(void*, int)
                0x00000000c000f82f                realloc
                0x00000000c000f843                malloc
                0x00000000c000f853                free
                0x00000000c000f863                rfree
                0x00000000c000f873                calloc
 .text          0x00000000c000f89d      0x485 core/main.32
                0x00000000c000f89d                hwTextMode_loadInData(VgaText*)
                0x00000000c000f8e8                hwTextMode_loadInTitle(VgaText*, char*)
                0x00000000c000f966                hwTextMode_showCursor(VgaText*, bool)
                0x00000000c000f9c4                hwTextMode_update(VgaText*)
                0x00000000c000f9c5                hwTextMode_updateCursor(VgaText*)
                0x00000000c000fa16                hwTextMode_disableBlink(VgaText*, bool)
                0x00000000c000fa5c                hwTextMode_scrollScreen(VgaText*)
                0x00000000c000fb09                hwTextMode_writeCharacter(VgaText*, char, VgaColour, VgaColour, int, int)
                0x00000000c000fb8b                setupTextMode()
                0x00000000c000fbfb                kernel_main
 .text          0x00000000c000fd22      0x5a6 core/physmgr.32
                0x00000000c000fd22                Phys::allocateDMA(unsigned long)
                0x00000000c000fdc5                Phys::freeDMA(unsigned long, unsigned long)
                0x00000000c000fe0d                Phys::setPageState(unsigned long, bool)
                0x00000000c000fe3f                Phys::getPageState(unsigned long)
                0x00000000c000fe5b                Phys::freePage(unsigned long)
                0x00000000c000fee5                Phys::allocatePage()
                0x00000000c0010006                Phys::allocateContiguousPages(int)
                0x00000000c0010060                Phys::allowSegmentToBeUsed(unsigned long, unsigned long)
                0x00000000c0010098                Phys::physicalMemorySetup(unsigned int)
 .text          0x00000000c00102c8      0x273 core/pipe.32
                0x00000000c00102c8                Pipe::isAtty()
                0x00000000c00102cc                Pipe::~Pipe()
                0x00000000c00102cc                Pipe::~Pipe()
                0x00000000c00102f0                Pipe::~Pipe()
                0x00000000c0010318                Pipe::read(unsigned long long, void*, int*)
                0x00000000c001040c                Pipe::write(unsigned long long, void*, int*)
                0x00000000c00104d4                Pipe::Pipe(int)
                0x00000000c00104d4                Pipe::Pipe(int)
 *fill*         0x00000000c001053b        0x1 
 .text          0x00000000c001053c      0xf73 core/terminal.32
                0x00000000c001053c                VgaText::isAtty()
                0x00000000c0010540                VgaText::~VgaText()
                0x00000000c0010540                VgaText::~VgaText()
                0x00000000c0010564                VgaText::~VgaText()
                0x00000000c001058e                VgaText::read(unsigned long long, void*, int*)
                0x00000000c00105ae                setTerminalScrollLock(bool)
                0x00000000c00105af                addToTerminalCycle(VgaText*)
                0x00000000c00105dc                installVgaTextImplementation()
                0x00000000c00105f1                scrollTerminalScrollLock(int)
                0x00000000c00105f2                VgaText::load()
                0x00000000c0010646                VgaText::updateCursor()
                0x00000000c0010660                VgaText::showCursor(bool)
                0x00000000c0010670                VgaText::disableBlink(bool)
                0x00000000c00106aa                VgaText::doANSI_SGR(int)
                0x00000000c0010736                VgaText::setDefaultBgColour(VgaColour)
                0x00000000c001074c                VgaText::setDefaultFgColour(VgaColour)
                0x00000000c0010762                VgaText::setDefaultColours(VgaColour, VgaColour)
                0x00000000c0010782                VgaText::combineColours(unsigned char, unsigned char)
                0x00000000c0010794                VgaText::scrollScreen()
                0x00000000c0010828                VgaText::combineCharAndColour(char, unsigned char)
                0x00000000c001083a                VgaText::writeCharacter(char, VgaColour, VgaColour, int, int)
                0x00000000c001089a                VgaText::getCursorX()
                0x00000000c00108a6                VgaText::getCursorY()
                0x00000000c00108b2                VgaText::setCursor(int, int)
                0x00000000c00108d0                VgaText::setCursorX(int)
                0x00000000c00108ec                VgaText::setCursorY(int)
                0x00000000c0010908                VgaText::incrementCursor(bool)
                0x00000000c0010970                VgaText::updateRAMUsageDisplay(int)
                0x00000000c00109d4                VgaText::updateDiskUsage()
                0x00000000c0010b3e                VgaText::updateTitle()
                0x00000000c0010b84                VgaText::setTitleTextColour(VgaColour)
                0x00000000c0010b94                VgaText::setTitleColour(VgaColour)
                0x00000000c0010ba4                VgaText::setTitle(char*)
                0x00000000c0010bca                VgaText::decrementCursor(bool)
                0x00000000c0010bf2                VgaText::putchar(char, VgaColour, VgaColour)
                0x00000000c0010cee                VgaText::isShowingCursor()
                0x00000000c0010cfa                VgaText::isBlinkDisabled()
                0x00000000c0010d08                VgaText::setCursorHeight(int)
                0x00000000c0010d26                VgaText::getCursorHeight()
                0x00000000c0010d31                setActiveTerminal(VgaText*)
                0x00000000c0010de3                doTerminalCycle()
                0x00000000c0010e00                VgaText::doUpdate()
                0x00000000c0010e12                VgaText::puts(char const*, VgaColour, VgaColour)
                0x00000000c0010fd2                VgaText::clearScreen()
                0x00000000c0011036                VgaText::putchar(char)
                0x00000000c0011150                VgaText::puts(char const*)
                0x00000000c0011176                VgaText::putx(unsigned int)
                0x00000000c00111bc                VgaText::VgaText(char const*)
                0x00000000c00111bc                VgaText::VgaText(char const*)
                0x00000000c001134e                VgaText::receiveKey(unsigned char)
                0x00000000c0011436                VgaText::write(unsigned long long, void*, int*)
                0x00000000c001148a                newTerminal(char*)
 *fill*         0x00000000c00114af        0x1 
 .text          0x00000000c00114b0      0x1b3 core/tss.32
                0x00000000c00114b0                TSS::TSS()
                0x00000000c00114b0                TSS::TSS()
                0x00000000c00114be                TSS::setESP(unsigned long)
                0x00000000c00114d0                TSS::flush()
                0x00000000c00114f0                TSS::setup(unsigned long, unsigned long)
 *fill*         0x00000000c0011663        0x1 
 .text          0x00000000c0011664      0x4c2 core/unixfile.32
                0x00000000c0011664                ReservedFilename::read(unsigned long long, void*, int*)
                0x00000000c00116ba                ReservedFilename::isAtty()
                0x00000000c00116d6                ReservedFilename::write(unsigned long long, void*, int*)
                0x00000000c0011734                UnixFile::getFileDescriptor()
                0x00000000c001173c                UnixFile::UnixFile(int)
                0x00000000c001173c                UnixFile::UnixFile(int)
                0x00000000c00118ec                ReservedFilename::ReservedFilename(int)
                0x00000000c00118ec                ReservedFilename::ReservedFilename(int)
                0x00000000c001191e                UnixFile::~UnixFile()
                0x00000000c001191e                UnixFile::~UnixFile()
                0x00000000c00119b6                UnixFile::~UnixFile()
                0x00000000c00119de                ReservedFilename::~ReservedFilename()
                0x00000000c00119de                ReservedFilename::~ReservedFilename()
                0x00000000c0011a02                ReservedFilename::~ReservedFilename()
                0x00000000c0011a29                getFromFileDescriptor(int)
 .text          0x00000000c0011b26     0x1294 core/virtmgr.32
                0x00000000c0011b26                Virt::setPageState(unsigned long, Virt::VirtPageState)
                0x00000000c0011b5b                Virt::getPageState(unsigned long)
                0x00000000c0011b7f                Virt::allocateKernelVirtualPages(int)
                0x00000000c0011c90                Virt::freeSwapfilePage(unsigned long)
                0x00000000c0011cae                Virt::swapIDToSector(unsigned long)
                0x00000000c0011cc0                Virt::allocateSwapfilePage()
                0x00000000c0011d3e                Virt::virtualMemorySetup()
                0x00000000c0011dbd                Virt::swappingSetup()
                0x00000000c0011e1a                Virt::getAKernelVAS()
                0x00000000c0011e20                Virt::setupPageSwapping(int)
                0x00000000c0011f50                VAS::VAS()
                0x00000000c0011f50                VAS::VAS()
                0x00000000c0011f8c                VAS::VAS(VAS*)
                0x00000000c0011f8c                VAS::VAS(VAS*)
                0x00000000c0011fba                VAS::getForeignPageTableEntry(bool, unsigned long)
                0x00000000c0011fe6                VAS::getPageTableEntry(unsigned long)
                0x00000000c0012005                Virt::freeKernelVirtualPages(unsigned long)
                0x00000000c0012128                VAS::freeAllocatedPages(unsigned long)
                0x00000000c001214c                VAS::virtualToPhysical(unsigned long)
                0x00000000c0012164                VAS::reflagRange(unsigned long, int, int, int)
                0x00000000c00121a4                VAS::setToWriteCombining(unsigned long, int)
                0x00000000c00121d6                VAS::mapOtherVASIn(bool, VAS*)
                0x00000000c0012200                VAS::~VAS()
                0x00000000c0012200                VAS::~VAS()
                0x00000000c001236c                VAS::mapPage(unsigned long, unsigned long, int)
                0x00000000c001246c                VAS::allocatePages(int, int)
                0x00000000c0012644                VAS::setCPUSpecific(unsigned long)
                0x00000000c0012660                VAS::mapRange(unsigned long, unsigned long, int, int)
                0x00000000c0012726                VAS::mapForeignPage(bool, VAS*, unsigned long, unsigned long, int)
                0x00000000c0012814                VAS::VAS(bool)
                0x00000000c0012814                VAS::VAS(bool)
                0x00000000c0012a7a                VAS::evict(unsigned long)
                0x00000000c0012b16                VAS::tryLoadBackOffDisk(unsigned long)
                0x00000000c0012c1c                VAS::scanForEviction()
                0x00000000c0012cfe                mapVASFirstTime
 .text          0x00000000c0012dba       0x95 coreobjs/c++.32
                0x00000000c0012dba                __cxa_atexit
                0x00000000c0012dbd                __cxa_finalize
                0x00000000c0012dbe                __stack_chk_fail
                0x00000000c0012e2a                __cxa_pure_virtual
                0x00000000c0012e3b                operator new[](unsigned long)
                0x00000000c0012e40                operator delete(void*, unsigned long)
                0x00000000c0012e45                operator delete[](void*)
                0x00000000c0012e4a                operator delete[](void*, unsigned long)
 .text          0x00000000c0012e4f      0x1ef dbg/kconsole.32
                0x00000000c0012e4f                Dbg::stringifyxWithBase(unsigned int, char*, int)
                0x00000000c0012eb0                Dbg::logc(char)
                0x00000000c0012ec7                Dbg::logs(char*)
                0x00000000c0012ee4                Dbg::logWriteInt(unsigned int)
                0x00000000c0012f01                Dbg::logWriteIntBase(unsigned int, int)
                0x00000000c0012f20                Dbg::kprintf(char const*, ...)
 .text          0x00000000c001303e      0xb7c fs/vfs.32
                0x00000000c001303e                File::read(unsigned long long, void*, int*)
                0x00000000c0013096                File::write(unsigned long long, void*, int*)
                0x00000000c00130ee                Directory::read(unsigned long long, void*, int*)
                0x00000000c0013146                Directory::write(unsigned long long, void*, int*)
                0x00000000c0013174                File::isAtty()
                0x00000000c0013178                Directory::isAtty()
                0x00000000c001317c                Filesystem::getlabel(LogicalDisk*, int, char*, unsigned int*)
                0x00000000c0013182                Filesystem::setlabel(LogicalDisk*, int, char*)
                0x00000000c0013188                File::~File()
                0x00000000c0013188                File::~File()
                0x00000000c00131ac                File::~File()
                0x00000000c00131d6                Directory::~Directory()
                0x00000000c00131d6                Directory::~Directory()
                0x00000000c00131fa                Directory::~Directory()
                0x00000000c0013224                Filesystem::Filesystem()
                0x00000000c0013224                Filesystem::Filesystem()
                0x00000000c0013248                Filesystem::~Filesystem()
                0x00000000c0013248                Filesystem::~Filesystem()
                0x00000000c0013256                Filesystem::~Filesystem()
                0x00000000c001327a                Fs::getcwd(Process*, char*, int)
                0x00000000c00132a4                Fs::initVFS()
                0x00000000c00132ce                Fs::standardiseFiles(char*, char const*, char const*)
                0x00000000c0013478                File::File(char const*, Process*)
                0x00000000c0013478                File::File(char const*, Process*)
                0x00000000c00134dc                File::open(FileOpenMode)
                0x00000000c001353a                File::close()
                0x00000000c001359a                File::seek(unsigned long long)
                0x00000000c00135f0                File::tell(unsigned long long*)
                0x00000000c0013640                File::rewind()
                0x00000000c0013654                File::unlink()
                0x00000000c00136a0                File::rename(char const*)
                0x00000000c00136ee                File::chfatattr(unsigned char, unsigned char)
                0x00000000c001374a                File::exists()
                0x00000000c0013788                File::stat(unsigned long long*, bool*)
                0x00000000c00137e9                Fs::setcwd(Process*, char*)
                0x00000000c0013924                Directory::Directory(char const*, Process*)
                0x00000000c0013924                Directory::Directory(char const*, Process*)
                0x00000000c0013988                Directory::open()
                0x00000000c00139e4                Directory::close()
                0x00000000c0013a44                Directory::unlink()
                0x00000000c0013a90                Directory::rename(char const*)
                0x00000000c0013ade                Directory::exists()
                0x00000000c0013b1c                Directory::read(dirent*)
                0x00000000c0013b68                Directory::create()
                0x00000000c0013bb4                Filesystem::chfatattr(char const*, unsigned char, unsigned char)
 .text          0x00000000c0013bba       0x84 hal/bus.32
                0x00000000c0013bba                Bus::Bus(char const*)
                0x00000000c0013bba                Bus::Bus(char const*)
                0x00000000c0013bf0                Bus::~Bus()
                0x00000000c0013bf0                Bus::~Bus()
                0x00000000c0013c14                Bus::~Bus()
 .text          0x00000000c0013c3e      0x14e hal/buzzer.32
                0x00000000c0013c3e                Buzzer::Buzzer(char const*)
                0x00000000c0013c3e                Buzzer::Buzzer(char const*)
                0x00000000c0013c82                Buzzer::~Buzzer()
                0x00000000c0013c82                Buzzer::~Buzzer()
                0x00000000c0013ca6                Buzzer::~Buzzer()
                0x00000000c0013cd0                Buzzer::stop()
                0x00000000c0013ce3                beepThread(void*)
                0x00000000c0013d1e                Buzzer::beep(int, int, bool)
 .text          0x00000000c0013d8c      0x467 hal/clock.32
                0x00000000c0013d8c                User::loadClockSettings(int)
                0x00000000c0013dde                Clock::Clock(char const*)
                0x00000000c0013dde                Clock::Clock(char const*)
                0x00000000c0013e14                Clock::~Clock()
                0x00000000c0013e14                Clock::~Clock()
                0x00000000c0013e38                Clock::~Clock()
                0x00000000c0013e62                Clock::timeInSecondsLocal()
                0x00000000c0013eaa                Clock::setTimeInSecondsLocal(unsigned long long)
                0x00000000c0013f03                datetimeToSeconds(datetime_t)
                0x00000000c001402a                Clock::setTimeInDatetimeLocal(datetime_t)
                0x00000000c001408a                secondsToDatetime(unsigned long long)
                0x00000000c00141ce                Clock::timeInDatetimeLocal()
 *fill*         0x00000000c00141f3        0x1 
 .text          0x00000000c00141f4      0x4de hal/device.32
                0x00000000c00141f4                Device::hibernate()
                0x00000000c00141f6                Device::wake()
                0x00000000c00141f8                Device::detect()
                0x00000000c00141fa                Device::disableLegacy()
                0x00000000c00141fc                Device::powerSaving(PowerSavingLevel)
                0x00000000c00141fe                DriverlessDevice::close(int, int, void*)
                0x00000000c0014202                DriverlessDevice::detect()
                0x00000000c0014204                DriverlessDevice::open(int, int, void*)
                0x00000000c0014218                Device::~Device()
                0x00000000c0014218                Device::~Device()
                0x00000000c0014226                Device::~Device()
                0x00000000c001424e                Device::findAndLoadDriver()
                0x00000000c0014250                Device::preOpenPCI(PCIDeviceInfo)
                0x00000000c0014276                Device::preOpenACPI(void*, char*, char*)
                0x00000000c00142ca                Device::addIRQHandler(int, void (*)(regs*, void*), bool, void*)
                0x00000000c0014308                Device::removeIRQHandler(int, void (*)(regs*, void*), bool)
                0x00000000c0014346                Device::addChild(Device*)
                0x00000000c001438a                Device::removeAllChildren()
                0x00000000c00143d0                Device::hibernateAll()
                0x00000000c0014400                Device::wakeAll()
                0x00000000c0014430                Device::detectAll()
                0x00000000c0014460                Device::disableLegacyAll()
                0x00000000c0014490                Device::loadDriversForAll()
                0x00000000c00144bc                Device::closeAll()
                0x00000000c00144f2                Device::powerSavingAll(PowerSavingLevel)
                0x00000000c0014528                Device::setName(char const*)
                0x00000000c0014536                Device::Device(char const*)
                0x00000000c0014536                Device::Device(char const*)
                0x00000000c0014632                Device::getName()
                0x00000000c001463c                DriverlessDevice::DriverlessDevice(char const*)
                0x00000000c001463c                DriverlessDevice::DriverlessDevice(char const*)
                0x00000000c0014664                Device::addToLinkedList(LinkedList<Device>&, DeviceType)
                0x00000000c00146a8                getDevicesOfType(DeviceType)
 .text          0x00000000c00146d2       0x84 hal/diskctrl.32
                0x00000000c00146d2                HardDiskController::HardDiskController(char const*)
                0x00000000c00146d2                HardDiskController::HardDiskController(char const*)
                0x00000000c0014708                HardDiskController::~HardDiskController()
                0x00000000c0014708                HardDiskController::~HardDiskController()
                0x00000000c001472c                HardDiskController::~HardDiskController()
 .text          0x00000000c0014756       0xf2 hal/diskphys.32
                0x00000000c0014756                PhysicalDisk::eject()
                0x00000000c001476a                PhysicalDisk::PhysicalDisk(char const*, int)
                0x00000000c001476a                PhysicalDisk::PhysicalDisk(char const*, int)
                0x00000000c00147d2                PhysicalDisk::startCache()
                0x00000000c00147fa                PhysicalDisk::~PhysicalDisk()
                0x00000000c00147fa                PhysicalDisk::~PhysicalDisk()
                0x00000000c001481e                PhysicalDisk::~PhysicalDisk()
 .text          0x00000000c0014848      0x13b hal/fpu.32
                0x00000000c0014848                FPU::FPU(char const*)
                0x00000000c0014848                FPU::FPU(char const*)
                0x00000000c001487e                FPU::~FPU()
                0x00000000c001487e                FPU::~FPU()
                0x00000000c00148a2                FPU::~FPU()
                0x00000000c00148cc                setupFPU()
 *fill*         0x00000000c0014983        0x1 
 .text          0x00000000c0014984     0x13c3 hal/intctrl.32
                0x00000000c0014984                InterruptController::uninstallISRHandler(int, void (*)(regs*, void*))
                0x00000000c00149bc                InterruptController::installISRHandler(int, void (*)(regs*, void*), void*)
                0x00000000c0014a0e                doubleFault(regs*, void*)
                0x00000000c0014a28                InterruptController::installIRQHandler(int, void (*)(regs*, void*), bool, void*)
                0x00000000c0014ac4                InterruptController::clearAllHandlers(int, bool)
                0x00000000c0014b6c                InterruptController::uninstallIRQHandler(int, void (*)(regs*, void*), bool)
                0x00000000c0014bf3                nmiHandler(regs*, void*)
                0x00000000c0014c01                int_handler
                0x00000000c0014ca2                InterruptController::InterruptController(char const*)
                0x00000000c0014ca2                InterruptController::InterruptController(char const*)
                0x00000000c0014d48                InterruptController::~InterruptController()
                0x00000000c0014d48                InterruptController::~InterruptController()
                0x00000000c0014d6c                InterruptController::~InterruptController()
                0x00000000c0014d96                displayDebugInfo(regs*)
                0x00000000c0015225                x87EmulHandler(regs*, void*)
                0x00000000c0015254                gpFault(regs*, void*)
                0x00000000c001528d                pgFault(regs*, void*)
                0x00000000c00152e5                otherISRHandler(regs*, void*)
                0x00000000c0015304                opcodeFault(regs*, void*)
                0x00000000c001590a                displayProgramFault(char const*)
                0x00000000c0015932                setupInterruptController()
                0x00000000c0015cfa                InterruptController::convertLegacyIRQNumber(int)
 *fill*         0x00000000c0015d47        0x1 
 .text          0x00000000c0015d48      0x6c8 hal/keybrd.32
                0x00000000c0015d48                startGUI(void*)
                0x00000000c0015da4                startGUIVESA(void*)
                0x00000000c0015e00                sendKeyToTerminal(unsigned char)
                0x00000000c0015e6c                sendKeyboardToken(KeyboardToken)
                0x00000000c00162a9                clearInternalKeybuffer(VgaText*)
                0x00000000c00162de                readKeyboard(VgaText*, char*, unsigned long)
                0x00000000c0016386                Keyboard::Keyboard(char const*)
                0x00000000c0016386                Keyboard::Keyboard(char const*)
                0x00000000c00163c2                Keyboard::~Keyboard()
                0x00000000c00163c2                Keyboard::~Keyboard()
                0x00000000c00163e6                Keyboard::~Keyboard()
 .text          0x00000000c0016410      0x414 hal/logidisk.32
                0x00000000c0016410                LogicalDisk::close(int, int, void*)
                0x00000000c0016414                LogicalDisk::~LogicalDisk()
                0x00000000c0016414                LogicalDisk::~LogicalDisk()
                0x00000000c0016438                LogicalDisk::~LogicalDisk()
                0x00000000c0016462                LogicalDisk::open(int, int, void*)
                0x00000000c0016476                LogicalDisk::absoluteToRelative(unsigned long long)
                0x00000000c00164ae                LogicalDisk::relativeToAbsolute(unsigned long long)
                0x00000000c00164f4                LogicalDisk::LogicalDisk(char const*, PhysicalDisk*, unsigned long long, unsigned long long)
                0x00000000c00164f4                LogicalDisk::LogicalDisk(char const*, PhysicalDisk*, unsigned long long, unsigned long long)
                0x00000000c00165aa                LogicalDisk::assignDriveLetter()
                0x00000000c0016660                LogicalDisk::mount()
                0x00000000c00166d2                LogicalDisk::unmount()
                0x00000000c00166e2                LogicalDisk::eject()
                0x00000000c00166f6                LogicalDisk::unassignDriveLetter()
                0x00000000c001674c                LogicalDisk::read(unsigned long long, int, void*)
                0x00000000c00167b8                LogicalDisk::write(unsigned long long, int, void*)
 .text          0x00000000c0016824       0x84 hal/mouse.32
                0x00000000c0016824                Mouse::Mouse(char const*)
                0x00000000c0016824                Mouse::Mouse(char const*)
                0x00000000c001685a                Mouse::~Mouse()
                0x00000000c001685a                Mouse::~Mouse()
                0x00000000c001687e                Mouse::~Mouse()
 .text          0x00000000c00168a8      0x34d hal/partition.32
                0x00000000c00168a8                makePartition(PhysicalDisk*, unsigned long long, unsigned long long)
                0x00000000c0016964                createPartitionsForDisk(PhysicalDisk*)
 *fill*         0x00000000c0016bf5        0x1 
 .text          0x00000000c0016bf6       0x84 hal/serial.32
                0x00000000c0016bf6                Serial::Serial(char const*)
                0x00000000c0016bf6                Serial::Serial(char const*)
                0x00000000c0016c2c                Serial::~Serial()
                0x00000000c0016c2c                Serial::~Serial()
                0x00000000c0016c50                Serial::~Serial()
 .text          0x00000000c0016c7a      0x2b8 hal/timer.32
                0x00000000c0016c7a                Timer::Timer(char const*)
                0x00000000c0016c7a                Timer::Timer(char const*)
                0x00000000c0016cb0                Timer::~Timer()
                0x00000000c0016cb0                Timer::~Timer()
                0x00000000c0016cd4                Timer::~Timer()
                0x00000000c0016cfe                Timer::read()
                0x00000000c0016d09                timerHandler(unsigned long long)
                0x00000000c0016e40                setupTimer(int)
 .text          0x00000000c0016f32      0x425 hal/vcache.32
                0x00000000c0016f32                VCache::VCache(PhysicalDisk*)
                0x00000000c0016f32                VCache::VCache(PhysicalDisk*)
                0x00000000c001709a                VCache::invalidateReadBuffer()
                0x00000000c00170aa                VCache::writeWriteBuffer()
                0x00000000c00170e6                VCache::~VCache()
                0x00000000c00170e6                VCache::~VCache()
                0x00000000c001713a                VCache::~VCache()
                0x00000000c0017162                VCache::write(unsigned long long, int, void*)
                0x00000000c0017258                VCache::read(unsigned long long, int, void*)
 *fill*         0x00000000c0017357        0x1 
 .text          0x00000000c0017358      0x4cd hal/video.32
                0x00000000c0017358                Video::putrect(int, int, int, int, unsigned int)
                0x00000000c00173a4                Video::bitblit(int, int, int, int, int, int, int, unsigned int*)
                0x00000000c0017414                Video::blit(unsigned int*, int, int, int, int)
                0x00000000c0017492                Video::clearScreen(unsigned int)
                0x00000000c00174c6                Video::putpixel(int, int, unsigned int)
                0x00000000c00174d4                Video::Video(char const*)
                0x00000000c00174d4                Video::Video(char const*)
                0x00000000c001750a                Video::~Video()
                0x00000000c001750a                Video::~Video()
                0x00000000c001752e                Video::~Video()
                0x00000000c0017558                Video::isMonochrome()
                0x00000000c0017564                Video::getWidth()
                0x00000000c0017570                Video::getHeight()
                0x00000000c001757c                Video::drawCursor(int, int, unsigned char*, int)
                0x00000000c0017638                Video::tgaParse(unsigned char*, int, int*, int*)
                0x00000000c00177ba                Video::putTGA(int, int, unsigned char*, int)
 *fill*         0x00000000c0017825        0x1 
 .text          0x00000000c0017826      0xf64 hw/acpi.32
                0x00000000c0017826                ACPI::close(int, int, void*)
                0x00000000c00178db                findRSDP()
                0x00000000c0017965                loadACPITables(unsigned char*)
                0x00000000c0017b8c                findRSDT(unsigned char*)
                0x00000000c0017caa                findDataTable(unsigned char*, char*)
                0x00000000c0017d46                scanMADT()
                0x00000000c00181cc                ACPI::ACPI()
                0x00000000c00181cc                ACPI::ACPI()
                0x00000000c0018236                ACPI::getPCIIRQAssignment(unsigned char, unsigned short, unsigned char)
                0x00000000c0018318                ACPI::registerPCIIRQAssignment(void*, unsigned short, unsigned char, unsigned char)
                0x00000000c00183de                ACPI::setScreenBrightnessLevel(void*, int)
                0x00000000c00183e4                ACPI::writeSimpleBootFlag(SimpleBootFlagTable*)
                0x00000000c001842c                ACPI::open(int, int, void*)
                0x00000000c0018772                ACPI::sleep()
 .text          0x00000000c001878a     0x1715 hw/cpu.32
                0x00000000c001878a                CPU::close(int, int, void*)
                0x00000000c001878e                CPU::lookupAMDName(unsigned char, unsigned char)
                0x00000000c0018922                CPU::lookupIntelName(unsigned char, unsigned char)
                0x00000000c0018bd0                CPU::AMD_K6_write_msr(unsigned int, unsigned int, unsigned int, CPU::REGS*)
                0x00000000c0018bec                CPU::AMD_K6_read_msr(unsigned int, CPU::REGS*)
                0x00000000c0018c04                CPU::AMD_K6_writeback(int, int, int)
                0x00000000c0018c78                CPU::cpuid(int, unsigned long*, unsigned long*, unsigned long*, unsigned long*)
                0x00000000c0018cfc                CPU::cpuidCheckEDX(unsigned int)
                0x00000000c0018d2a                CPU::cpuidCheckECX(unsigned int)
                0x00000000c0018d58                CPU::cpuidCheckExtendedEBX(unsigned int)
                0x00000000c0018d86                CPU::cpuidCheckExtendedECX(unsigned int)
                0x00000000c0018db4                CPU::CPU()
                0x00000000c0018db4                CPU::CPU()
                0x00000000c0018e42                CPU::displayFeatures()
                0x00000000c00190be                CPU::detectFeatures()
                0x00000000c0019aae                CPU::setupSMEP()
                0x00000000c0019aba                CPU::setupUMIP()
                0x00000000c0019ac4                CPU::setupTSC()
                0x00000000c0019ace                CPU::setupLargePages()
                0x00000000c0019ad8                CPU::setupPAT()
                0x00000000c0019b14                CPU::setupMTRR()
                0x00000000c0019b16                CPU::setupGlobalPages()
                0x00000000c0019b20                CPU::allowUsermodeDataAccess()
                0x00000000c0019b32                CPU::prohibitUsermodeDataAccess()
                0x00000000c0019b44                CPU::setupSMAP()
                0x00000000c0019b52                CPU::setupFeatures()
                0x00000000c0019bd2                CPU::open(int, int, void*)
                0x00000000c0019ca4                CPU::decodeAddress(regs*, int*, bool*, unsigned char*)
 .text          0x00000000c0019e9f        0x0 hw/ports.32
 .text          0x00000000c0019e9f      0x16a hw/smp.32
                0x00000000c0019e9f                Krnl::smpEntry()
                0x00000000c0019ea1                Krnl::startCPU(int)
                0x00000000c0019fea                Krnl::startCPUs()
 *fill*         0x00000000c001a009        0x1 
 .text          0x00000000c001a00a      0x5d3 krnl/env.32
                0x00000000c001a00a                EnvVarContainer::getEnv(char const*)
                0x00000000c001a048                EnvVarContainer::setEnv(char const*, char const*)
                0x00000000c001a114                EnvVarContainer::deleteEnv(char const*)
                0x00000000c001a116                EnvVarContainer::loadFrom(char const*, char const*)
                0x00000000c001a30c                EnvVarContainer::__loadSystem()
                0x00000000c001a326                EnvVarContainer::__loadUser()
                0x00000000c001a328                EnvVarContainer::EnvVarContainer(Process*)
                0x00000000c001a328                EnvVarContainer::EnvVarContainer(Process*)
                0x00000000c001a34a                EnvVarContainer::~EnvVarContainer()
                0x00000000c001a34a                EnvVarContainer::~EnvVarContainer()
                0x00000000c001a37a                Krnl::getEnv(Process*, char const*)
                0x00000000c001a3df                Krnl::setEnvSystem(char const*, char const*)
                0x00000000c001a3f9                Krnl::setEnvUser(char const*, char const*)
                0x00000000c001a418                Krnl::setEnvProcess(Process*, char const*, char const*)
                0x00000000c001a42b                Krnl::deleteEnvSystem(char const*)
                0x00000000c001a42c                Krnl::deleteEnvUser(char const*)
                0x00000000c001a42d                Krnl::deleteEnvProcess(Process*, char const*)
                0x00000000c001a42e                Krnl::newProcessEnv(Process*)
                0x00000000c001a450                Krnl::copyProcessEnv(Process*, Process*)
                0x00000000c001a4a4                Krnl::loadSystemEnv()
                0x00000000c001a4d2                Krnl::loadUserEnv()
                0x00000000c001a4f8                Krnl::flushEnv()
                0x00000000c001a4f9                Krnl::getProcessTotalEnvCount(Process*)
                0x00000000c001a519                Krnl::getProcessEnvPair(Process*, int)
 .text          0x00000000c001a5dd      0x396 krnl/panic.32
                0x00000000c001a5dd                Krnl::panic(char const*)
 .text          0x00000000c001a973      0x3b6 net/ethernet.32
                0x00000000c001a973                Net::switchEndian16(unsigned short)
                0x00000000c001a994                Net::switchEndian32(unsigned int)
                0x00000000c001a9c3                Net::crc32Calc(unsigned char*, int)
                0x00000000c001aa54                Net::wrapEthernetFrame(Net::UnwrappedEthernetFrame, unsigned char*)
                0x00000000c001ab90                Net::unwrapEthernetFrame(unsigned char*, int)
 .text          0x00000000c001ad29      0x513 reg/registry.32
                0x00000000c001ad29                Reg::findLineFromLoadedData(char*, char*, char*)
                0x00000000c001ae81                Reg::getLineFromRegistry(char*, char*, char*, char*)
                0x00000000c001afd6                Reg::getLine(char*, char*, char*)
                0x00000000c001b00d                Reg::readInt(char*, char*, int*)
                0x00000000c001b0f8                Reg::readString(char*, char*, char*, int)
                0x00000000c001b179                Reg::readBool(char*, char*, bool*)
                0x00000000c001b19e                Reg::readBoolWithDefault(char*, char*, bool)
                0x00000000c001b1ca                Reg::readIntWithDefault(char*, char*, int)
                0x00000000c001b1f6                Reg::readStringWithDefault(char*, char*, char*, int, char*)
 .text          0x00000000c001b23c       0x36 sys/sc_eject.32
                0x00000000c001b23c                Sys::eject(regs*)
 .text          0x00000000c001b272       0x18 sys/sc_exit.32
                0x00000000c001b272                Sys::exit(regs*)
 .text          0x00000000c001b28a       0x1f sys/sc_getcwd.32
                0x00000000c001b28a                Sys::getCwd(regs*)
 .text          0x00000000c001b2a9        0xc sys/sc_getpid.32
                0x00000000c001b2a9                Sys::getPID(regs*)
 .text          0x00000000c001b2b5       0x17 sys/sc_getramdata.32
                0x00000000c001b2b5                Sys::getRAMData(regs*)
 .text          0x00000000c001b2cc       0xa8 sys/sc_loaddll.32
                0x00000000c001b2cc                Sys::loadDLL(regs*)
 .text          0x00000000c001b374       0x68 sys/sc_read.32
                0x00000000c001b374                Sys::read(regs*)
 .text          0x00000000c001b3dc       0x55 sys/sc_sbrk.32
                0x00000000c001b3dc                Sys::sbrk(regs*)
 .text          0x00000000c001b431       0x1c sys/sc_setcwd.32
                0x00000000c001b431                Sys::setCwd(regs*)
 .text          0x00000000c001b44d      0x128 sys/sc_settime.32
                0x00000000c001b44d                Sys::setTime(regs*)
 .text          0x00000000c001b575       0x4a sys/sc_timezone.32
                0x00000000c001b575                Sys::timezone(regs*)
 .text          0x00000000c001b5bf       0x68 sys/sc_write.32
                0x00000000c001b5bf                Sys::write(regs*)
 .text          0x00000000c001b627       0x62 sys/sc_wsbe.32
                0x00000000c001b627                Sys::wsbe(regs*)
 .text          0x00000000c001b689       0x3b sys/sc_yield.32
                0x00000000c001b689                Sys::yield(regs*)
 .text          0x00000000c001b6c4     0x10e5 sys/syscalls.32
                0x00000000c001b6c4                sysCallSeekDir(regs*)
                0x00000000c001b6c9                sysCallTellDir(regs*)
                0x00000000c001b6ce                sysCallVerify(regs*)
                0x00000000c001b6d8                sysFormatDisk(regs*)
                0x00000000c001b742                sysSetDiskVolumeLabel(regs*)
                0x00000000c001b788                sysGetDiskVolumeLabel(regs*)
                0x00000000c001b7d9                sysShutdown(regs*)
                0x00000000c001b837                sysCallRealpath(regs*)
                0x00000000c001b87a                sysCallGetArgc(regs*)
                0x00000000c001b8a8                sysCallReadDir(regs*)
                0x00000000c001b936                sysCallIsATTY(regs*)
                0x00000000c001b990                sysCallSeek(regs*)
                0x00000000c001b9f9                sysCallTell(regs*)
                0x00000000c001ba76                sysCallSize(regs*)
                0x00000000c001baf9                sysCallSizeFromFilename(regs*)
                0x00000000c001bbb9                sysCallClose(regs*)
                0x00000000c001bc41                sysCallOpenDir(regs*)
                0x00000000c001bcb6                sysCallCloseDir(regs*)
                0x00000000c001bd1c                sysCallMakeDir(regs*)
                0x00000000c001bd8c                sysCallWait(regs*)
                0x00000000c001bda6                sysCallNotImpl(regs*)
                0x00000000c001bdc1                sysPanic(regs*)
                0x00000000c001bde7                sysCallRmdir(regs*)
                0x00000000c001be4b                sysCallUnlink(regs*)
                0x00000000c001beaf                sysCallGetArgv(regs*)
                0x00000000c001befb                sysCallTTYName(regs*)
                0x00000000c001bf7e                sysCallUSleep(regs*)
                0x00000000c001bfa5                sysCallSpawn(regs*)
                0x00000000c001bffd                sysCallGetEnv(regs*)
                0x00000000c001c135                sysAppSettings(regs*)
                0x00000000c001c254                sysSetFatAttrib(regs*)
                0x00000000c001c2c6                sysPipe(regs*)
                0x00000000c001c30b                sysGetUnixTime(regs*)
                0x00000000c001c31f                string_ends_with(char const*, char const*)
                0x00000000c001c367                sysCallOpen(regs*)
                0x00000000c001c57c                Sys::loadSyscalls()
                0x00000000c001c767                Sys::systemCall(regs*, void*)
 .text          0x00000000c001c7a9     0x11ef thr/elf.32
                0x00000000c001c7a9                Thr::allocateMemoryForTask(Process*, File*, unsigned long, unsigned long, unsigned long)
                0x00000000c001ca3b                Thr::loadProgramIntoMemory(Process*, char const*)
                0x00000000c001cc51                Thr::runtimeReferenceHelper()
                0x00000000c001cc64                Thr::getAddressOfKernelSymbol(char const*)
                0x00000000c001ccb3                Thr::loadKernelSymbolTable(char const*)
                0x00000000c001cf71                Thr::loadDriverIntoMemory(char const*, unsigned long, bool)
                0x00000000c001d68d                Thr::getDriverBaseFromAddress(unsigned long)
                0x00000000c001d6bf                Thr::getDriverNameFromAddress(unsigned long)
                0x00000000c001d6f6                Thr::getDriverOffsetFromAddress(unsigned long)
                0x00000000c001d710                Thr::loadDLL(char const*, bool)
                0x00000000c001d95f                Thr::executeDLL(unsigned long, void*)
 .text          0x00000000c001d998     0x1056 thr/prcssthr.32
                0x00000000c001d998                changeTSS
                0x00000000c001d9c8                Process::addArgs(char**)
                0x00000000c001da22                Process::Process(char const*, Process*, char**)
                0x00000000c001da22                Process::Process(char const*, Process*, char**)
                0x00000000c001dc06                Process::Process(bool, char const*, Process*, char**)
                0x00000000c001dc06                Process::Process(bool, char const*, Process*, char**)
                0x00000000c001ddb5                disableIRQs()
                0x00000000c001ddbd                getIRQNestingLevel()
                0x00000000c001ddc3                enableIRQs()
                0x00000000c001ddd2                lockScheduler()
                0x00000000c001ddd4                unlockScheduler()
                0x00000000c001ddd6                userModeEntryPoint(void*)
                0x00000000c001ddf9                lockStuff()
                0x00000000c001de05                taskStartupFunction
                0x00000000c001de0e                updateTimeUsed()
                0x00000000c001de73                switchToThread(ThreadControlBlock*)
                0x00000000c001dec4                Semaphore::Semaphore(int)
                0x00000000c001dec4                Semaphore::Semaphore(int)
                0x00000000c001def2                Mutex::Mutex()
                0x00000000c001def2                Mutex::Mutex()
                0x00000000c001df04                Process::createThread(void (*)(void*), void*, int)
                0x00000000c001dfe8                Process::createUserThread()
                0x00000000c001e004                setupMultitasking(void (*)())
                0x00000000c001e10e                schedule()
                0x00000000c001e193                unlockStuff()
                0x00000000c001e1c8                Semaphore::tryAcquire()
                0x00000000c001e1f6                Semaphore::assertLocked(char const*)
                0x00000000c001e226                blockTaskWithSchedulerLockAlreadyHeld(TaskState)
                0x00000000c001e268                blockTask(TaskState)
                0x00000000c001e289                waitTask(int, int*, int)
                0x00000000c001e2cb                nanoSleepUntil(unsigned long long)
                0x00000000c001e322                nanoSleep(unsigned long long)
                0x00000000c001e337                sleep(unsigned long long)
                0x00000000c001e354                Semaphore::acquire()
                0x00000000c001e3bc                taskReturned
                0x00000000c001e3ea                unblockTask(ThreadControlBlock*)
                0x00000000c001e499                cleanupTerminatedTask(ThreadControlBlock*)
                0x00000000c001e762                cleanerTaskFunction(void*)
                0x00000000c001e815                terminateTask(int)
                0x00000000c001e8f5                Thr::terminateFromIRQ(int)
                0x00000000c001e902                Semaphore::release()
 .text          0x00000000c001e9ee      0xc26 vm86/vm8086.32
                0x00000000c001e9ee                Vm::inbv(unsigned short)
                0x00000000c001ea01                Vm::outbv(unsigned short, unsigned char)
                0x00000000c001ea54                Vm::realToLinear(unsigned short, unsigned short)
                0x00000000c001ea64                Vm::getSegment(unsigned int)
                0x00000000c001ea6c                Vm::getOffset(unsigned int)
                0x00000000c001ea71                Vm::mainloop2()
                0x00000000c001eaac                Vm::mainVm8086Loop(void*)
                0x00000000c001eab9                Vm::mainloop3(unsigned long)
                0x00000000c001eae3                Vm::initialise8086()
                0x00000000c001eb26                Vm::finish8086()
                0x00000000c001eb6b                Vm::getOutput8086(unsigned char*)
                0x00000000c001eb95                Vm::start8086(char const*, unsigned short, unsigned short, unsigned short, unsigned short)
                0x00000000c001ece5                Vm::doISR(regs*, int, unsigned char*, unsigned short, unsigned short)
                0x00000000c001ed6f                Vm::readByteFromReal(unsigned short, unsigned short)
                0x00000000c001ed80                Vm::readWordFromReal(unsigned short, unsigned short)
                0x00000000c001ed92                Vm::readDwordFromReal(unsigned short, unsigned short)
                0x00000000c001eda3                Vm::writeByteFromReal(unsigned short, unsigned short, unsigned char)
                0x00000000c001edb8                Vm::writeWordFromReal(unsigned short, unsigned short, unsigned short)
                0x00000000c001edce                Vm::writeDwordFromReal(unsigned short, unsigned short, unsigned int)
                0x00000000c001ede3                Vm::faultHandler(regs*)
 .text          0x00000000c001f614      0xefd vm86/x87em.32
                0x00000000c001f614                Vm::fpuInternalTo32(unsigned long long)
                0x00000000c001f66f                Vm::fpuInternalTo64(unsigned long long)
                0x00000000c001f678                Vm::fpu32ToInternal(unsigned int)
                0x00000000c001f6bd                Vm::fpu64ToInternal(unsigned long long)
                0x00000000c001f6c6                Vm::fpuFloatToLong(unsigned long long)
                0x00000000c001f721                Vm::fpuULongToFloat(unsigned long long)
                0x00000000c001f757                Vm::fpuLongToFloat(long long)
                0x00000000c001f7ad                Vm::fpuGet0()
                0x00000000c001f7b2                Vm::fpuGet1()
                0x00000000c001f7ba                Vm::fpuGetPi()
                0x00000000c001f7c2                Vm::fpuGetLog2E()
                0x00000000c001f7da                Vm::fpuGetLogE2()
                0x00000000c001f7f2                Vm::fpuGetLog210()
                0x00000000c001f80a                Vm::fpuGetLog102()
                0x00000000c001f822                Vm::fpuIsSecondLarger(unsigned long long, unsigned long long)
                0x00000000c001f836                Vm::fpuAreEqual(unsigned long long, unsigned long long)
                0x00000000c001f84c                Vm::fpuUnorderedCompare(unsigned long long, unsigned long long)
                0x00000000c001f89f                Vm::fpuAdd(unsigned long long, unsigned long long)
                0x00000000c001f8b0                Vm::fpuAbs(unsigned long long)
                0x00000000c001f8b9                Vm::fpuChs(unsigned long long)
                0x00000000c001f8c9                Vm::fpuSub(unsigned long long, unsigned long long)
                0x00000000c001f8d8                Vm::fpuMultiply(unsigned long long, unsigned long long)
                0x00000000c001f8f7                Vm::fpuDivide(unsigned long long, unsigned long long)
                0x00000000c001f913                Vm::fpuSquare(unsigned long long)
                0x00000000c001f929                Vm::fpuGetReg(int)
                0x00000000c001f96c                Vm::fpuSetReg(int, unsigned long long)
                0x00000000c001f9b7                Vm::fpuPush(unsigned long long)
                0x00000000c001fa14                Vm::fpuPop()
                0x00000000c001fa66                Vm::x87Handler(regs*)
 *fill*         0x00000000c0020511        0x1 
 .text          0x00000000c0020512     0x10ed fs/fat/vfslink.32
                0x00000000c0020512                FAT::getName()
                0x00000000c0020518                FAT::tell(void*, unsigned long long*)
                0x00000000c002054c                FAT::stat(void*, unsigned long long*)
                0x00000000c0020580                FAT::~FAT()
                0x00000000c0020580                FAT::~FAT()
                0x00000000c00205a4                FAT::~FAT()
                0x00000000c00205cc                FAT::getlabel(LogicalDisk*, int, char*, unsigned int*)
                0x00000000c002066a                FAT::setlabel(LogicalDisk*, int, char*)
                0x00000000c0020724                FAT::format(LogicalDisk*, int, char const*, int)
                0x00000000c0020908                FAT::tryMount(LogicalDisk*, int)
                0x00000000c0020b0e                FAT::readDir(void*, unsigned long, void*, int*)
                0x00000000c0020c14                FAT::read(void*, unsigned long, void*, int*)
                0x00000000c0020c6e                FAT::write(void*, unsigned long, void*, int*)
                0x00000000c0020cc8                FAT::close(void*)
                0x00000000c0020d14                FAT::closeDir(void*)
                0x00000000c0020d60                FAT::seek(void*, unsigned long long)
                0x00000000c0020db4                fatWrapperReadDisk
                0x00000000c0020dfb                fatWrapperWriteDisk
                0x00000000c0020e42                fatWrapperIoctl
                0x00000000c0020f46                FAT::FAT()
                0x00000000c0020f46                FAT::FAT()
                0x00000000c0020f98                FAT::fixFilepath(char*)
                0x00000000c0020fd0                FAT::open(char const*, void**, FileOpenMode)
                0x00000000c00210f8                FAT::openDir(char const*, void**)
                0x00000000c002119e                FAT::stat(char const*, unsigned long long*, bool*)
                0x00000000c0021288                FAT::unlink(char const*)
                0x00000000c0021302                FAT::chfatattr(char const*, unsigned char, unsigned char)
                0x00000000c0021456                FAT::rename(char const*, char const*)
                0x00000000c002151a                FAT::mkdir(char const*)
                0x00000000c0021594                FAT::exists(char const*)
 *fill*         0x00000000c00215ff        0x1 
 .text          0x00000000c0021600      0xbc1 fs/iso9660/vfslink.32
                0x00000000c0021600                ISO9660::format(LogicalDisk*, int, char const*, int)
                0x00000000c0021606                ISO9660::seek(void*, unsigned long long)
                0x00000000c0021636                ISO9660::tell(void*, unsigned long long*)
                0x00000000c002165a                ISO9660::getName()
                0x00000000c0021660                ISO9660::stat(void*, unsigned long long*)
                0x00000000c0021684                ISO9660::chfatattr(char const*, unsigned char, unsigned char)
                0x00000000c002168a                ISO9660::unlink(char const*)
                0x00000000c0021690                ISO9660::write(void*, unsigned long, void*, int*)
                0x00000000c0021696                ISO9660::rename(char const*, char const*)
                0x00000000c002169c                ISO9660::mkdir(char const*)
                0x00000000c00216a2                ISO9660::close(void*)
                0x00000000c00216c4                ISO9660::closeDir(void*)
                0x00000000c00216e6                ISO9660::~ISO9660()
                0x00000000c00216e6                ISO9660::~ISO9660()
                0x00000000c002170a                ISO9660::~ISO9660()
                0x00000000c0021731                __memmem(unsigned char*, int, unsigned char*, int)
                0x00000000c0021773                readSectorFromCDROM(unsigned int, unsigned char*, char)
                0x00000000c00217da                ISO9660::tryMount(LogicalDisk*, int)
                0x00000000c002182a                ISO9660::read(void*, unsigned long, void*, int*)
                0x00000000c0021a2a                ISO9660::readDir(void*, unsigned long, void*, int*)
                0x00000000c0021cb7                readRoot(unsigned int*, unsigned int*, char)
                0x00000000c0021d0c                readRecursively(char*, unsigned int, unsigned int, unsigned int*, unsigned int*, char, int*)
                0x00000000c0021edf                getFileData(char*, unsigned int*, unsigned int*, char, int*)
                0x00000000c0021f6e                ISO9660::open(char const*, void**, FileOpenMode)
                0x00000000c002202e                ISO9660::exists(char const*)
                0x00000000c0022052                ISO9660::stat(char const*, unsigned long long*, bool*)
                0x00000000c00220e6                ISO9660::openDir(char const*, void**)
                0x00000000c002219e                ISO9660::ISO9660()
                0x00000000c002219e                ISO9660::ISO9660()
 *fill*         0x00000000c00221c1        0x1 
 .text          0x00000000c00221c2      0x326 hal/sound/sndchannel.32
                0x00000000c00221c2                SoundChannel::~SoundChannel()
                0x00000000c00221c2                SoundChannel::~SoundChannel()
                0x00000000c00221de                SoundChannel::setSpeed(float)
                0x00000000c00221ea                SoundChannel::getSpeed()
                0x00000000c00221f2                SoundChannel::setVolume(int)
                0x00000000c002220e                SoundChannel::getVolume()
                0x00000000c0022216                SoundChannel::pause()
                0x00000000c0022220                SoundChannel::SoundChannel(int, int, int, int)
                0x00000000c0022220                SoundChannel::SoundChannel(int, int, int, int)
                0x00000000c0022376                SoundChannel::play()
                0x00000000c0022380                SoundChannel::paused()
                0x00000000c0022388                SoundChannel::getSampleRate()
                0x00000000c0022390                SoundChannel::getBits()
                0x00000000c0022398                SoundChannel::getBufferUsed()
                0x00000000c00223a0                SoundChannel::getBufferSize()
                0x00000000c00223a8                SoundChannel::unbuffer(float*, int, int)
                0x00000000c0022448                SoundChannel::buffer8(unsigned char*, int)
 .text          0x00000000c00224e8      0x3d5 hal/sound/sndhw.32
                0x00000000c00224e8                SoundDevice::SoundDevice(char const*)
                0x00000000c00224e8                SoundDevice::SoundDevice(char const*)
                0x00000000c0022554                SoundDevice::~SoundDevice()
                0x00000000c0022554                SoundDevice::~SoundDevice()
                0x00000000c00225ce                SoundDevice::~SoundDevice()
                0x00000000c00225f8                SoundDevice::getFreeChannelNum()
                0x00000000c0022612                SoundDevice::addChannel(SoundChannel*)
                0x00000000c0022682                SoundDevice::removeChannel(int)
                0x00000000c00226b4                SoundDevice::floatTo8(float*, unsigned char*, int)
                0x00000000c002279c                SoundDevice::getAudio(int, float*, float*)
 .text          0x00000000c00228bd        0x0 hw/bus/isa.32
 *fill*         0x00000000c00228bd        0x1 
 .text          0x00000000c00228be      0x6c3 hw/bus/pci.32
                0x00000000c00228be                PCI::open(int, int, void*)
                0x00000000c00228d2                PCI::close(int, int, void*)
                0x00000000c00228d6                PCI::PCI()
                0x00000000c00228d6                PCI::PCI()
                0x00000000c0022956                PCI::pciReadWord(unsigned char, unsigned char, unsigned char, unsigned char)
                0x00000000c002299e                PCI::getVendorID(unsigned char, unsigned char, unsigned char)
                0x00000000c00229c0                PCI::getHeaderType(unsigned char, unsigned char, unsigned char)
                0x00000000c00229e4                PCI::getClassCode(unsigned char, unsigned char, unsigned char)
                0x00000000c0022a28                PCI::getProgIF(unsigned char, unsigned char, unsigned char)
                0x00000000c0022a4c                PCI::getRevisionID(unsigned char, unsigned char, unsigned char)
                0x00000000c0022a6e                PCI::getInterruptNumber(unsigned char, unsigned char, unsigned char)
                0x00000000c0022a90                PCI::getSecondaryBus(unsigned char, unsigned char, unsigned char)
                0x00000000c0022ab4                PCI::getBARAddress(unsigned char, unsigned char, unsigned char, unsigned char)
                0x00000000c0022b14                PCI::pciWriteWord(unsigned char, unsigned char, unsigned char, unsigned char, unsigned short)
                0x00000000c0022b80                PCI::checkBus(unsigned char)
                0x00000000c0022ba4                PCI::foundDevice(PCIDeviceInfo)
                0x00000000c0022d16                PCI::getDeviceData(unsigned char, unsigned char, unsigned char)
                0x00000000c0022ec2                PCI::checkDevice(unsigned char, unsigned char)
                0x00000000c0022f2e                PCI::detect()
 *fill*         0x00000000c0022f81        0x1 
 .text          0x00000000c0022f82      0xc70 hw/diskctrl/ide.32
                0x00000000c0022f82                IDE::close(int, int, void*)
                0x00000000c0022f86                IDE::IDE()
                0x00000000c0022f86                IDE::IDE()
                0x00000000c0022fba                IDE::prepareInterrupt(unsigned char)
                0x00000000c0022fcc                selectDrive(unsigned char, unsigned char)
                0x00000000c0022fce                IDE::getBase(unsigned char)
                0x00000000c0022fe0                IDE::write(unsigned char, unsigned char, unsigned char)
                0x00000000c00230a0                IDE::read(unsigned char, unsigned char)
                0x00000000c002314e                IDE::waitInterrupt(unsigned char)
                0x00000000c00231b4                ideChannel0IRQHandler(regs*, void*)
                0x00000000c00231d0                ideChannel1IRQHandler(regs*, void*)
                0x00000000c00231ec                IDE::enableIRQs(unsigned char, bool)
                0x00000000c0023232                IDE::open(int, int, void*)
                0x00000000c0023642                IDE::readBuffer(unsigned char, unsigned char, unsigned int, unsigned int)
                0x00000000c002370e                IDE::detect()
                0x00000000c00239f6                IDE::printError(unsigned char, unsigned char, unsigned char)
                0x00000000c0023b8c                IDE::polling(unsigned char, unsigned int)
 .text          0x00000000c0023bf2      0x390 hw/diskctrl/satabus.32
                0x00000000c0023bf2                SATABus::close(int, int, void*)
                0x00000000c0023bf6                SATABus::detect()
                0x00000000c0023bf8                SATABus::SATABus()
                0x00000000c0023bf8                SATABus::SATABus()
                0x00000000c0023ca4                SATABus::findCmdslot(SATABus::tagHBA_PORT volatile*)
                0x00000000c0023cec                SATABus::checkType(SATABus::tagHBA_PORT volatile*)
                0x00000000c0023d34                SATABus::startCmd(SATABus::tagHBA_PORT volatile*)
                0x00000000c0023d54                SATABus::stopCmd(SATABus::tagHBA_PORT volatile*)
                0x00000000c0023d7e                SATABus::portRebase(SATABus::tagHBA_PORT volatile*, int)
                0x00000000c0023e84                SATABus::probePort(SATABus::tagHBA_MEM volatile*)
                0x00000000c0023f62                SATABus::open(int, int, void*)
 .text          0x00000000c0023f82      0x63c hw/diskphys/ata.32
                0x00000000c0023f82                ATA::close(int, int, void*)
                0x00000000c0023fa6                ATA::powerSaving(PowerSavingLevel)
                0x00000000c0023fa8                ATA::ATA()
                0x00000000c0023fa8                ATA::ATA()
                0x00000000c0023fd6                ATA::flush(bool)
                0x00000000c0024020                ATA::readyForCommand()
                0x00000000c0024070                ATA::access(unsigned long long, int, void*, bool)
                0x00000000c00243f8                ATA::read(unsigned long long, int, void*)
                0x00000000c0024460                ATA::write(unsigned long long, int, void*)
                0x00000000c00244c8                ATA::detectCHS()
                0x00000000c00244f2                ATA::open(int, int, void*)
 .text          0x00000000c00245be      0x5bd hw/diskphys/atapi.32
                0x00000000c00245be                ATAPI::write(unsigned long long, int, void*)
                0x00000000c00245c4                ATAPI::close(int, int, void*)
                0x00000000c00245e8                ATAPI::ATAPI()
                0x00000000c00245e8                ATAPI::ATAPI()
                0x00000000c0024616                ATAPI::readyForCommand()
                0x00000000c0024666                ATAPI::sendPacket(unsigned char*, int, bool, unsigned short*, int)
                0x00000000c0024926                ATAPI::diskRemoved()
                0x00000000c0024942                ATAPI::eject()
                0x00000000c002498a                ATAPI::diskInserted()
                0x00000000c00249b8                ATAPI::detectMedia()
                0x00000000c0024a74                ATAPI::open(int, int, void*)
                0x00000000c0024afc                ATAPI::read(unsigned long long, int, void*)
 *fill*         0x00000000c0024b7b        0x1 
 .text          0x00000000c0024b7c      0x455 hw/diskphys/sata.32
                0x00000000c0024b7c                SATA::close(int, int, void*)
                0x00000000c0024ba0                SATA::powerSaving(PowerSavingLevel)
                0x00000000c0024ba2                SATA::open(int, int, void*)
                0x00000000c0024c50                SATA::SATA()
                0x00000000c0024c50                SATA::SATA()
                0x00000000c0024c7e                SATA::access(unsigned long long, int, void*, bool)
                0x00000000c0024ee4                SATA::read(unsigned long long, int, void*)
                0x00000000c0024f4c                SATA::write(unsigned long long, int, void*)
 *fill*         0x00000000c0024fd1        0x1 
 .text          0x00000000c0024fd2      0x500 hw/diskphys/satapi.32
                0x00000000c0024fd2                SATAPI::write(unsigned long long, int, void*)
                0x00000000c0024fd8                SATAPI::close(int, int, void*)
                0x00000000c0024ffc                SATAPI::SATAPI()
                0x00000000c0024ffc                SATAPI::SATAPI()
                0x00000000c002502a                SATAPI::diskRemoved()
                0x00000000c0025046                SATAPI::diskInserted()
                0x00000000c0025074                SATAPI::sendPacket(unsigned char*, int, unsigned long long, unsigned short*, int)
                0x00000000c0025278                SATAPI::eject()
                0x00000000c00252c0                SATAPI::detectMedia()
                0x00000000c0025382                SATAPI::open(int, int, void*)
                0x00000000c0025430                SATAPI::read(unsigned long long, int, void*)
 .text          0x00000000c00254d2       0x8e hw/fpu/avx.32
                0x00000000c00254d2                AVX::open(int, int, void*)
                0x00000000c00254e4                AVX::close(int, int, void*)
                0x00000000c00254f6                AVX::available()
                0x00000000c0025508                AVX::save(void*)
                0x00000000c0025520                AVX::load(void*)
                0x00000000c0025538                AVX::AVX()
                0x00000000c0025538                AVX::AVX()
 .text          0x00000000c0025560       0x90 hw/fpu/mmx.32
                0x00000000c0025560                MMX::available()
                0x00000000c0025574                MMX::open(int, int, void*)
                0x00000000c0025586                MMX::close(int, int, void*)
                0x00000000c0025598                MMX::save(void*)
                0x00000000c00255b0                MMX::load(void*)
                0x00000000c00255c8                MMX::MMX()
                0x00000000c00255c8                MMX::MMX()
 .text          0x00000000c00255f0       0x96 hw/fpu/sse.32
                0x00000000c00255f0                SSE::open(int, int, void*)
                0x00000000c0025602                SSE::close(int, int, void*)
                0x00000000c0025614                SSE::available()
                0x00000000c002562e                SSE::save(void*)
                0x00000000c0025646                SSE::load(void*)
                0x00000000c002565e                SSE::SSE()
                0x00000000c002565e                SSE::SSE()
 .text          0x00000000c0025686       0x8e hw/fpu/x87.32
                0x00000000c0025686                x87::open(int, int, void*)
                0x00000000c0025698                x87::close(int, int, void*)
                0x00000000c00256aa                x87::available()
                0x00000000c00256bc                x87::save(void*)
                0x00000000c00256d4                x87::load(void*)
                0x00000000c00256ec                x87::x87()
                0x00000000c00256ec                x87::x87()
 .text          0x00000000c0025714      0x71e hw/intctrl/apic.32
                0x00000000c0025714                APIC::disable()
                0x00000000c0025716                APIC::close(int, int, void*)
                0x00000000c0025738                IOAPIC::close(int, int, void*)
                0x00000000c002573e                APIC::io_wait()
                0x00000000c0025744                APIC::getBase()
                0x00000000c0025786                APIC::eoi(unsigned char)
                0x00000000c00257b4                APIC::open(int, int, void*)
                0x00000000c0025902                IOAPIC::IOAPIC()
                0x00000000c0025902                IOAPIC::IOAPIC()
                0x00000000c002592a                APIC::APIC()
                0x00000000c002592a                APIC::APIC()
                0x00000000c0025a06                IOAPIC::handlesGSIWithNumber(unsigned int)
                0x00000000c0025a38                IOAPIC::read(int)
                0x00000000c0025a60                IOAPIC::open(int, int, void*)
                0x00000000c0025b56                IOAPIC::write(int, int)
                0x00000000c0025b82                IOAPIC::redirect(unsigned char, unsigned long long, unsigned char, bool, bool)
                0x00000000c0025c7c                APIC::installIRQHandler(int, void (*)(regs*, void*), bool, void*)
 .text          0x00000000c0025e32      0x3d3 hw/intctrl/pic.32
                0x00000000c0025e32                PIC::disable()
                0x00000000c0025e60                PIC::close(int, int, void*)
                0x00000000c0025e82                PIC::PIC()
                0x00000000c0025e82                PIC::PIC()
                0x00000000c0025f58                PIC::ioWait()
                0x00000000c0025f5e                PIC::getIRQReg(int)
                0x00000000c0025fc8                PIC::eoi(unsigned char)
                0x00000000c002605a                PIC::remap()
                0x00000000c00261c6                PIC::open(int, int, void*)
 *fill*         0x00000000c0026205        0x1 
 .text          0x00000000c0026206      0x25e hw/timer/apictimer.32
                0x00000000c0026206                APICTimer::close(int, int, void*)
                0x00000000c002620c                apicTimerHandler(regs*, void*)
                0x00000000c002623a                APICTimer::write(int)
                0x00000000c002633e                APICTimer::open(int, int, void*)
                0x00000000c002643c                APICTimer::APICTimer()
                0x00000000c002643c                APICTimer::APICTimer()
 .text          0x00000000c0026464      0x1a7 hw/timer/pit.32
                0x00000000c0026464                PIT::write(int)
                0x00000000c00264e2                pitHandler(regs*, void*)
                0x00000000c002650e                PIT::open(int, int, void*)
                0x00000000c002655c                PIT::close(int, int, void*)
                0x00000000c002658c                PIT::PIT()
                0x00000000c002658c                PIT::PIT()
 *fill*         0x00000000c002660b        0x5 
 .text          0x00000000c0026610       0x1e hw/fpu/x86/avx.32
                0x00000000c0026610                avxDetect
                0x00000000c0026616                avxSave
                0x00000000c0026617                avxLoad
                0x00000000c0026618                avxInit
                0x00000000c0026619                avxClose
                0x00000000c002661a                wouldSheSayYes
 *fill*         0x00000000c002662e        0x2 
 .text          0x00000000c0026630       0x35 hw/fpu/x86/sse.32
                0x00000000c0026630                absolutelyNoChanceInHell
                0x00000000c0026630                sseDetect
                0x00000000c0026648                sseSave
                0x00000000c002664e                sseLoad
                0x00000000c0026654                sseInit
                0x00000000c0026664                sseClose
 *fill*         0x00000000c0026665        0xb 
 .text          0x00000000c0026670       0x47 hw/fpu/x86/x87.32
                0x00000000c0026676                x87Detect
                0x00000000c0026691                x87Save
                0x00000000c0026697                x87Load
                0x00000000c002669c                x87Init
                0x00000000c00266b6                x87Close
 *fill*         0x00000000c00266b7        0x1 
 .text          0x00000000c00266b8       0x25 /cygdrive/d/Users/Alex/Desktop/Toolchain/Output/bin/../lib/gcc/i386-banana/8.1.0/crtend.o
 .text          0x00000000c00266dd        0x0 crtn.32
 *fill*         0x00000000c00266dd        0x3 
 .text          0x00000000c00266e0      0x14b /cygdrive/d/Users/Alex/Desktop/Toolchain/Output/bin/../lib/gcc/i386-banana/8.1.0/libkgcc.a(_divdi3.o)
                0x00000000c00266e0                __divdi3
 *fill*         0x00000000c002682b        0x1 
 .text          0x00000000c002682c      0x17e /cygdrive/d/Users/Alex/Desktop/Toolchain/Output/bin/../lib/gcc/i386-banana/8.1.0/libkgcc.a(_moddi3.o)
                0x00000000c002682c                __moddi3
 *fill*         0x00000000c00269aa        0x2 
 .text          0x00000000c00269ac       0xff /cygdrive/d/Users/Alex/Desktop/Toolchain/Output/bin/../lib/gcc/i386-banana/8.1.0/libkgcc.a(_udivdi3.o)
                0x00000000c00269ac                __udivdi3
 *fill*         0x00000000c0026aab        0x1 
 .text          0x00000000c0026aac      0x11a /cygdrive/d/Users/Alex/Desktop/Toolchain/Output/bin/../lib/gcc/i386-banana/8.1.0/libkgcc.a(_umoddi3.o)
                0x00000000c0026aac                __umoddi3
 .text          0x00000000c0026bc6      0x96d D:/Users/Alex/Desktop/Banana/kernel/libsoftfp.a(sfieeelib.o)
                0x00000000c0026bc6                __addsf3
                0x00000000c0026ec8                __subsf3
                0x00000000c0026edc                __negsf2
                0x00000000c0026ee9                __mulsf3
                0x00000000c00270ac                __divsf3
                0x00000000c00272d7                __floatsisf
                0x00000000c002734b                __floatunsisf
                0x00000000c002738d                __fixsfsi
                0x00000000c00273ef                __fixunssfsi
                0x00000000c0027420                __cmpsf2
                0x00000000c00274b5                __eqsf2
                0x00000000c00274f0                __nesf2