Archive member included to satisfy reference by file (symbol)

/cygdrive/d/Users/Alex/Desktop/Toolchain/Output/bin/../lib/gcc/i386-banana/8.1.0/libkgcc.a(_divdi3.o)
                              fs/fat/ff.32 (__divdi3)
/cygdrive/d/Users/Alex/Desktop/Toolchain/Output/bin/../lib/gcc/i386-banana/8.1.0/libkgcc.a(_moddi3.o)
                              compat/resolve.32 (__moddi3)
/cygdrive/d/Users/Alex/Desktop/Toolchain/Output/bin/../lib/gcc/i386-banana/8.1.0/libkgcc.a(_udivdi3.o)
                              fs/fat/ff.32 (__udivdi3)
/cygdrive/d/Users/Alex/Desktop/Toolchain/Output/bin/../lib/gcc/i386-banana/8.1.0/libkgcc.a(_umoddi3.o)
                              compat/resolve.32 (__umoddi3)

Discarded input sections

 .comment       0x0000000000000000       0x12 /cygdrive/d/Users/Alex/Desktop/Toolchain/Output/bin/../lib/gcc/i386-banana/8.1.0/crtbegin.o
 .comment       0x0000000000000000       0x12 acpica/utclib.32
 .comment       0x0000000000000000       0x12 core/malloc.32
 .comment       0x0000000000000000       0x12 libk/string.32
 .comment       0x0000000000000000       0x12 fs/fat/diskio.32
 .comment       0x0000000000000000       0x12 fs/fat/ff.32
 .comment       0x0000000000000000       0x12 fs/fat/ffsystem.32
 .comment       0x0000000000000000       0x12 fs/fat/ffunicode.32
 .comment       0x0000000000000000       0x12 compat/inlines.32
 .comment       0x0000000000000000       0x12 compat/resolve.32
 .group         0x0000000000000000       0x14 core/computer.32
 .group         0x0000000000000000        0xc core/computer.32
 .comment       0x0000000000000000       0x12 core/computer.32
 .comment       0x0000000000000000       0x12 core/gdt.32
 .group         0x0000000000000000        0xc core/idle.32
 .comment       0x0000000000000000       0x12 core/idle.32
 .comment       0x0000000000000000       0x12 core/idt.32
 .comment       0x0000000000000000       0x12 core/kheap.32
 .comment       0x0000000000000000       0x12 core/main.32
 .comment       0x0000000000000000       0x12 core/physmgr.32
 .group         0x0000000000000000        0xc core/pipe.32
 .comment       0x0000000000000000       0x12 core/pipe.32
 .group         0x0000000000000000        0xc core/terminal.32
 .comment       0x0000000000000000       0x12 core/terminal.32
 .comment       0x0000000000000000       0x12 core/tss.32
 .group         0x0000000000000000        0x8 core/unixfile.32
 .group         0x0000000000000000        0x8 core/unixfile.32
 .group         0x0000000000000000        0xc core/unixfile.32
 .group         0x0000000000000000        0x8 core/unixfile.32
 .group         0x0000000000000000        0xc core/unixfile.32
 .group         0x0000000000000000        0x8 core/unixfile.32
 .group         0x0000000000000000        0xc core/unixfile.32
 .group         0x0000000000000000        0xc core/unixfile.32
 .comment       0x0000000000000000       0x12 core/unixfile.32
 .comment       0x0000000000000000       0x12 core/virtmgr.32
 .comment       0x0000000000000000       0x12 coreobjs/c++.32
 .comment       0x0000000000000000       0x12 dbg/kconsole.32
 .group         0x0000000000000000        0xc fs/vfs.32
 .group         0x0000000000000000        0xc fs/vfs.32
 .group         0x0000000000000000        0xc fs/vfs.32
 .comment       0x0000000000000000       0x12 fs/vfs.32
 .group         0x0000000000000000        0xc hal/bus.32
 .comment       0x0000000000000000       0x12 hal/bus.32
 .comment       0x0000000000000000       0x12 hal/buzzer.32
 .group         0x0000000000000000        0xc hal/clock.32
 .comment       0x0000000000000000       0x12 hal/clock.32
 .group         0x0000000000000000       0x14 hal/device.32
 .group         0x0000000000000000        0xc hal/device.32
 .group         0x0000000000000000        0x8 hal/device.32
 .group         0x0000000000000000        0xc hal/device.32
 .group         0x0000000000000000        0xc hal/device.32
 .comment       0x0000000000000000       0x12 hal/device.32
 .group         0x0000000000000000        0xc hal/diskctrl.32
 .comment       0x0000000000000000       0x12 hal/diskctrl.32
 .group         0x0000000000000000        0xc hal/diskphys.32
 .comment       0x0000000000000000       0x12 hal/diskphys.32
 .comment       0x0000000000000000       0x12 hal/fpu.32
 .comment       0x0000000000000000       0x12 hal/intctrl.32
 .group         0x0000000000000000        0xc hal/keybrd.32
 .comment       0x0000000000000000       0x12 hal/keybrd.32
 .group         0x0000000000000000        0xc hal/logidisk.32
 .comment       0x0000000000000000       0x12 hal/logidisk.32
 .group         0x0000000000000000        0xc hal/mouse.32
 .comment       0x0000000000000000       0x12 hal/mouse.32
 .comment       0x0000000000000000       0x12 hal/partition.32
 .group         0x0000000000000000        0xc hal/serial.32
 .comment       0x0000000000000000       0x12 hal/serial.32
 .group         0x0000000000000000        0x8 hal/timer.32
 .group         0x0000000000000000        0x8 hal/timer.32
[...]
Memory Configuration

Name             Origin             Length             Attributes
*default*        0x0000000000000000 0xffffffffffffffff

Linker script and memory map

LOAD D:/Users/Alex/Desktop/Banana/kernel/boot.32
LOAD crti.32
LOAD /cygdrive/d/Users/Alex/Desktop/Toolchain/Output/bin/../lib/gcc/i386-banana/8.1.0/crtbegin.o
LOAD D:/Users/Alex/Desktop/Banana/kernel/morenasm.32
LOAD acpica/utclib.32
LOAD core/malloc.32
LOAD libk/string.32
LOAD fs/fat/diskio.32
LOAD fs/fat/ff.32
LOAD fs/fat/ffsystem.32
LOAD fs/fat/ffunicode.32
LOAD compat/inlines.32
LOAD compat/resolve.32
LOAD core/computer.32
LOAD core/gdt.32
LOAD core/idle.32
LOAD core/idt.32
LOAD core/kheap.32
LOAD core/main.32
LOAD core/physmgr.32
LOAD core/pipe.32
LOAD core/terminal.32
LOAD core/tss.32
LOAD core/unixfile.32
LOAD core/virtmgr.32
LOAD coreobjs/c++.32
LOAD dbg/kconsole.32
LOAD fs/vfs.32
LOAD hal/bus.32
LOAD hal/buzzer.32
LOAD hal/clock.32
LOAD hal/device.32
LOAD hal/diskctrl.32
LOAD hal/diskphys.32
LOAD hal/fpu.32
LOAD hal/intctrl.32
LOAD hal/keybrd.32
LOAD hal/logidisk.32
LOAD hal/mouse.32
LOAD hal/partition.32
LOAD hal/serial.32
LOAD hal/timer.32
LOAD hal/vcache.32
LOAD hal/video.32
LOAD hw/acpi.32
LOAD hw/cpu.32
LOAD hw/smp.32
LOAD krnl/env.32
LOAD krnl/panic.32
LOAD krnl/powctrl.32
LOAD reg/registry.32
LOAD sys/sc_eject.32
LOAD sys/sc_exit.32
LOAD sys/sc_getcwd.32
LOAD sys/sc_getpid.32
LOAD sys/sc_getramdata.32
LOAD sys/sc_getvgaptr.32
LOAD sys/sc_loaddll.32
LOAD sys/sc_read.32
LOAD sys/sc_sbrk.32
LOAD sys/sc_setcwd.32
LOAD sys/sc_settime.32
LOAD sys/sc_timezone.32
LOAD sys/sc_write.32
LOAD sys/sc_wsbe.32
LOAD sys/sc_yield.32
LOAD sys/syscalls.32
LOAD thr/elf.32
LOAD thr/prcssthr.32
LOAD vm86/vm8086.32
LOAD vm86/x87em.32
LOAD arch/i386/hal.32
LOAD arch/i386/pic.32
LOAD fs/fat/vfslink.32
LOAD fs/iso9660/vfslink.32
LOAD hal/sound/sndcard.32
LOAD hal/sound/sndport.32
LOAD hw/bus/isa.32
LOAD hw/bus/pci.32
LOAD hw/diskctrl/ide.32
LOAD hw/diskctrl/satabus.32
LOAD hw/diskphys/ata.32
LOAD hw/diskphys/atapi.32
LOAD hw/diskphys/sata.32
LOAD hw/diskphys/satapi.32
LOAD hw/intctrl/apic.32
LOAD hw/timer/apictimer.32
LOAD hw/timer/pit.32
LOAD arch/i386/avx.32
LOAD arch/i386/rdrand.32
LOAD arch/i386/sse.32
LOAD arch/i386/x87.32
LOAD /cygdrive/d/Users/Alex/Desktop/Toolchain/Output/bin/../lib/gcc/i386-banana/8.1.0/crtend.o
LOAD crtn.32
LOAD /cygdrive/d/Users/Alex/Desktop/Toolchain/Output/bin/../lib/gcc/i386-banana/8.1.0/libkgcc.a
LOAD D:/Users/Alex/Desktop/Banana/kernel/libsoftfp.a
LOAD D:/Users/Alex/Desktop/Banana/kernel/libk/libm32.a
                0x00000000c0000000                . = 0xc0000000

.text           0x00000000c0000000    0x2155a
 *(.text)
 .text          0x00000000c0000000       0x41 D:/Users/Alex/Desktop/Banana/kernel/boot.32
                0x00000000c0000020                callGlobalConstructors
 .text          0x00000000c0000041        0x0 crti.32
 *fill*         0x00000000c0000041        0x3 
 .text          0x00000000c0000044      0x101 /cygdrive/d/Users/Alex/Desktop/Toolchain/Output/bin/../lib/gcc/i386-banana/8.1.0/crtbegin.o
 *fill*         0x00000000c0000145        0xb 
 .text          0x00000000c0000150      0x428 D:/Users/Alex/Desktop/Banana/kernel/morenasm.32
                0x00000000c0000150                manualPCIProbe
                0x00000000c000019b                prepareTramp
                0x00000000c00001b4                doTPAUSE
                0x00000000c00001be                hasLegacyFPU
                0x00000000c00001e3                is486
                0x00000000c0000219                detectCPUID
                0x00000000c000022f                goToVM86
                0x00000000c000025f                goToUsermode
                0x00000000c0000289                switchToThreadASMFirstTime
                0x00000000c0000297                switchToThreadASM
                0x00000000c000031f                asmQuickAcquireLock
                0x00000000c000033d                asmQuickReleaseLock
                0x00000000c0000349                asmAcquireLock
                0x00000000c000036a                asmReleaseLock
                0x00000000c000037d                loadGDT
                0x00000000c000039d                isr0
                0x00000000c00003ad                isr1
                0x00000000c00003b7                isr2
                0x00000000c00003c1                isr3
                0x00000000c00003cb                isr4
                0x00000000c00003d5                isr5
                0x00000000c00003df                isr6
                0x00000000c00003e9                isr7
                0x00000000c00003f3                isr8
                0x00000000c00003fb                isr9
                0x00000000c0000405                isr10
                0x00000000c000040d                isr11
                0x00000000c0000415                isr12
                0x00000000c000041d                isr13
                0x00000000c0000425                isr14
                0x00000000c000042d                isr15
                0x00000000c0000437                isr16
                0x00000000c0000441                isr17
                0x00000000c000044b                isr18
                0x00000000c0000455                irq3
                0x00000000c000045f                irq4
                0x00000000c0000469                irq5
                0x00000000c0000473                irq6
                0x00000000c000047d                irq7
                0x00000000c0000487                irq8
                0x00000000c0000491                irq9
                0x00000000c000049b                irq10
                0x00000000c00004a5                irq11
                0x00000000c00004af                irq12
                0x00000000c00004b9                irq13
                0x00000000c00004c3                irq14
                0x00000000c00004cd                irq15
                0x00000000c00004d7                irq1
                0x00000000c00004de                irq2
                0x00000000c00004e5                isr96
                0x00000000c00004ec                irq0
                0x00000000c00004f1                int_common_stub
                0x00000000c00004f1                syscall_common_stub
                0x00000000c0000523                irq16
                0x00000000c000052d                irq17
                0x00000000c0000537                irq18
                0x00000000c0000541                irq19
                0x00000000c000054b                irq20
                0x00000000c0000555                irq21
                0x00000000c000055f                irq22
                0x00000000c0000569                irq23
                0x00000000c0000573                memcpy
 .text          0x00000000c0000578      0x5dd acpica/utclib.32
                0x00000000c0000578                memcmp
                0x00000000c00005b4                memmove
                0x00000000c000067c                memset
                0x00000000c0000698                strlen
                0x00000000c00006b0                strpbrk
                0x00000000c00006ec                strtok
                0x00000000c0000738                strcpy
                0x00000000c000075c                strncpy
                0x00000000c00007c4                strcmp
                0x00000000c0000804                strchr
                0x00000000c0000828                strncmp
                0x00000000c0000878                strcat
                0x00000000c00008a8                strncat
                0x00000000c00008e4                strstr
                0x00000000c000092c                toupper
                0x00000000c0000940                tolower
                0x00000000c0000954                simple_strtoul
 .text          0x00000000c0000b55      0xfad core/malloc.32
                0x00000000c0000cc0                dlfree
                0x00000000c000101b                dlmalloc
                0x00000000c0001558                dlrealloc
                0x00000000c00016fb                dlmemalign
                0x00000000c000181e                dlcalloc
                0x00000000c00018b8                dlcfree
                0x00000000c00018bd                dlindependent_calloc
                0x00000000c00018e2                dlindependent_comalloc
                0x00000000c00018f9                dlvalloc
                0x00000000c0001924                dlpvalloc
                0x00000000c000195a                dlmalloc_trim
                0x00000000c0001967                dlmalloc_usable_size
                0x00000000c0001998                dlmallinfo
                0x00000000c0001a67                dlmalloc_stats
                0x00000000c0001a78                dlmallopt
 .text          0x00000000c0001b02        0x0 libk/string.32
 .text          0x00000000c0001b02       0x51 fs/fat/diskio.32
                0x00000000c0001b02                disk_status
                0x00000000c0001b05                disk_initialize
                0x00000000c0001b08                disk_read
                0x00000000c0001b1e                disk_write
                0x00000000c0001b34                disk_ioctl
 .text          0x00000000c0001b53     0x6a69 fs/fat/ff.32
                0x00000000c0004e21                f_mount
                0x00000000c0004e83                f_open
                0x00000000c00052bf                f_read
                0x00000000c000553f                f_write
                0x00000000c00057f9                f_sync
                0x00000000c00059d5                f_close
                0x00000000c0005a04                f_lseek
                0x00000000c0005ebb                f_opendir
                0x00000000c0005fbd                f_closedir
                0x00000000c0005fdf                f_readdir
                0x00000000c000607a                f_stat
                0x00000000c0006109                f_getfree
                0x00000000c00062d4                f_truncate
                0x00000000c00063cc                f_unlink
                0x00000000c000654f                f_mkdir
                0x00000000c000677b                f_rename
                0x00000000c0006a6e                f_chmod
                0x00000000c0006b4c                f_utime
                0x00000000c0006c2a                f_getlabel
                0x00000000c0006e18                f_setlabel
                0x00000000c0007085                f_expand
                0x00000000c00072bb                f_forward
                0x00000000c0007499                f_mkfs
 .text          0x00000000c00085bc       0x2f fs/fat/ffsystem.32
                0x00000000c00085bc                ff_memalloc
                0x00000000c00085d4                ff_memfree
 *fill*         0x00000000c00085eb        0x1 
 .text          0x00000000c00085ec      0x274 fs/fat/ffunicode.32
                0x00000000c00085ec                ff_uni2oem
                0x00000000c0008684                ff_oem2uni
                0x00000000c00086f8                ff_wtoupper
 .text          0x00000000c0008860       0xa7 compat/inlines.32
                0x00000000c0008860                CPU::current()
                0x00000000c000886c                operator new(unsigned long)
                0x00000000c0008871                operator delete(void*)
                0x00000000c0008876                disableIRQs()
                0x00000000c000887e                enableIRQs()
                0x00000000c000888d                lockScheduler()
                0x00000000c0008895                unlockScheduler()
                0x00000000c00088a4                lockStuff()
                0x00000000c00088b2                unlockStuff()
                0x00000000c00088ec                Virt::getAKernelVAS()
                0x00000000c00088f2                __not_memcpy
 *fill*         0x00000000c0008907        0x1 
 .text          0x00000000c0008908      0x118 compat/resolve.32
                0x00000000c0008908                Krnl::resolveCompatibilitySymbol(char*)
 .text          0x00000000c0008a20      0xacf core/computer.32
                0x00000000c0008a20                Computer::close(int, int, void*)
                0x00000000c0008a64                Krnl::firstTask()
                0x00000000c0008bb8                Computer::Computer()
                0x00000000c0008bb8                Computer::Computer()
                0x00000000c0008d14                Computer::setBootMessage(char const*)
                0x00000000c0008d16                Computer::detectFeatures()
                0x00000000c0008f20                Computer::displayFeatures()
                0x00000000c0009266                Computer::rdmsr(unsigned int)
                0x00000000c0009292                Computer::wrmsr(unsigned int, unsigned long long)
                0x00000000c00092ca                Computer::shutdown()
                0x00000000c00092e2                Computer::restart()
                0x00000000c00092fa                Computer::sleep()
                0x00000000c000930e                Computer::nmiEnabled()
                0x00000000c000931a                Computer::readCMOS(unsigned char)
                0x00000000c0009334                Computer::enableNMI(bool)
                0x00000000c000934c                Computer::open(int, int, void*)
                0x00000000c0009432                Computer::disableNMI()
                0x00000000c0009440                Computer::writeCMOS(unsigned char, unsigned char)
                0x00000000c000945e                Computer::handleNMI()
                0x00000000c00094c4                Computer::setDiskActivityLight(int, bool)
 *fill*         0x00000000c00094ef        0x1 
 .text          0x00000000c00094f0      0x211 core/gdt.32
                0x00000000c00094f0                GDTEntry::setBase(unsigned int)
                0x00000000c000950c                GDTEntry::setLimit(unsigned int)
                0x00000000c000952a                GDT::GDT()
                0x00000000c000952a                GDT::GDT()
                0x00000000c0009540                GDT::addEntry(GDTEntry)
                0x00000000c0009562                GDT::getNumberOfEntries()
                0x00000000c000956a                GDT::flush()
                0x00000000c000958c                GDT::setup()
 .text          0x00000000c0009701       0x19 core/idle.32
                0x00000000c0009701                idleFunction(void*)
 *fill*         0x00000000c000971a        0x2 
 .text          0x00000000c000971c      0x464 core/idt.32
                0x00000000c000971c                IDTEntry::IDTEntry(bool)
                0x00000000c000971c                IDTEntry::IDTEntry(bool)
                0x00000000c000978e                IDTEntry::setOffset(unsigned int)
                0x00000000c00097a4                IDT::IDT()
                0x00000000c00097a4                IDT::IDT()
                0x00000000c00097a6                IDT::getPointerToInvalidOpcodeEntryForF00F()
                0x00000000c00097ae                IDT::addEntry(IDTEntry, int)
                0x00000000c00097c8                IDT::addEntry(int, void (*)(), bool)
                0x00000000c0009800                IDT::flush()
                0x00000000c000981a                IDT::setup()
 .text          0x00000000c0009b80      0x191 core/kheap.32
                0x00000000c0009b80                sbrk
                0x00000000c0009c23                mmap
                0x00000000c0009c39                munmap
                0x00000000c0009c4f                liballoc_lock()
                0x00000000c0009c5c                liballoc_unlock()
                0x00000000c0009c70                liballoc_alloc(int)
                0x00000000c0009c88                liballoc_free(void*, int)
                0x00000000c0009ca3                realloc
                0x00000000c0009cb7                malloc
                0x00000000c0009cc7                free
                0x00000000c0009cd7                rfree
                0x00000000c0009ce7                calloc
 .text          0x00000000c0009d11      0x437 core/main.32
                0x00000000c0009d11                Krnl::setBootMessage(char const*)
                0x00000000c0009d7d                kernel_main
 .text          0x00000000c000a148      0x668 core/physmgr.32
                0x00000000c000a148                Phys::allocateDMA(unsigned long)
                0x00000000c000a257                Phys::freeDMA(unsigned long, unsigned long)
                0x00000000c000a29d                Phys::setPageState(unsigned long, bool)
                0x00000000c000a2cf                Phys::getPageState(unsigned long)
                0x00000000c000a2eb                Phys::freePage(unsigned long)
                0x00000000c000a36e                Phys::allocatePage()
                0x00000000c000a459                Phys::allocateContiguousPages(int)
                0x00000000c000a4b5                Phys::allowSegmentToBeUsed(unsigned long, unsigned long)
                0x00000000c000a4ed                Phys::physicalMemorySetup(unsigned int)
 .text          0x00000000c000a7b0      0x273 core/pipe.32
                0x00000000c000a7b0                Pipe::isAtty()
                0x00000000c000a7b4                Pipe::~Pipe()
                0x00000000c000a7b4                Pipe::~Pipe()
                0x00000000c000a7d8                Pipe::~Pipe()
                0x00000000c000a800                Pipe::write(unsigned long long, void*, int*)
                0x00000000c000a8c0                Pipe::read(unsigned long long, void*, int*)
                0x00000000c000a9bc                Pipe::Pipe(int)
                0x00000000c000a9bc                Pipe::Pipe(int)
 *fill*         0x00000000c000aa23        0x1 
 .text          0x00000000c000aa24      0xb85 core/terminal.32
                0x00000000c000aa24                VgaText::isAtty()
                0x00000000c000aa28                VgaText::~VgaText()
                0x00000000c000aa28                VgaText::~VgaText()
                0x00000000c000aa4c                VgaText::~VgaText()
                0x00000000c000aa76                VgaText::read(unsigned long long, void*, int*)
                0x00000000c000aa96                setTerminalScrollLock(bool)
                0x00000000c000aa97                addToTerminalCycle(VgaText*)
                0x00000000c000aab8                installVgaTextImplementation()
                0x00000000c000aacd                scrollTerminalScrollLock(int)
                0x00000000c000aace                VgaText::updateTitle()
                0x00000000c000ab0c                VgaText::load()
                0x00000000c000ab5a                VgaText::updateCursor()
                0x00000000c000ab70                VgaText::doANSI_SGR(int)
                0x00000000c000abe4                VgaText::setDefaultBgColour(VgaColour)
                0x00000000c000abf4                VgaText::setDefaultFgColour(VgaColour)
                0x00000000c000ac04                VgaText::setDefaultColours(VgaColour, VgaColour)
                0x00000000c000ac24                VgaText::setTitleTextColour(VgaColour)
                0x00000000c000ac34                VgaText::setTitleColour(VgaColour)
                0x00000000c000ac44                VgaText::setTitle(char*)
                0x00000000c000ac6a                VgaText::combineColours(unsigned char, unsigned char)
                0x00000000c000ac7c                VgaText::scrollScreen()
                0x00000000c000ad10                VgaText::combineCharAndColour(char, unsigned char)
                0x00000000c000ad22                VgaText::writeCharacter(char, VgaColour, VgaColour, int, int)
                0x00000000c000ad7e                VgaText::getCursorX()
                0x00000000c000ad86                VgaText::getCursorY()
                0x00000000c000ad8e                VgaText::setCursor(int, int)
                0x00000000c000ada5                setActiveTerminal(VgaText*)
                0x00000000c000ae07                doTerminalCycle()
                0x00000000c000ae22                VgaText::setCursorX(int)
                0x00000000c000ae3a                VgaText::setCursorY(int)
                0x00000000c000ae52                VgaText::incrementCursor(bool)
                0x00000000c000aea6                VgaText::decrementCursor(bool)
                0x00000000c000aec8                VgaText::putchar(char, VgaColour, VgaColour)
                0x00000000c000af96                VgaText::doUpdate()
                0x00000000c000afa4                VgaText::puts(char const*, VgaColour, VgaColour)
                0x00000000c000b11c                VgaText::clearScreen()
                0x00000000c000b176                VgaText::putchar(char)
                0x00000000c000b262                VgaText::putx(unsigned int)
                0x00000000c000b2a8                VgaText::puts(char const*)
                0x00000000c000b2ce                VgaText::VgaText(char const*)
                0x00000000c000b2ce                VgaText::VgaText(char const*)
                0x00000000c000b44a                VgaText::receiveKey(unsigned char)
                0x00000000c000b530                VgaText::write(unsigned long long, void*, int*)
                0x00000000c000b584                newTerminal(char*)
 *fill*         0x00000000c000b5a9        0x3 
 .text          0x00000000c000b5ac      0x1a1 core/tss.32
                0x00000000c000b5ac                TSS::TSS()
                0x00000000c000b5ac                TSS::TSS()
                0x00000000c000b5bc                TSS::setESP(unsigned long)
                0x00000000c000b5d0                TSS::flush()
                0x00000000c000b5f0                TSS::setup(unsigned long, unsigned long)
 *fill*         0x00000000c000b74d        0x1 
 .text          0x00000000c000b74e      0x4c2 core/unixfile.32
                0x00000000c000b74e                ReservedFilename::read(unsigned long long, void*, int*)
                0x00000000c000b7a4                ReservedFilename::isAtty()
                0x00000000c000b7c0                ReservedFilename::write(unsigned long long, void*, int*)
                0x00000000c000b81e                UnixFile::getFileDescriptor()
                0x00000000c000b826                UnixFile::UnixFile(int)
                0x00000000c000b826                UnixFile::UnixFile(int)
                0x00000000c000b9d6                ReservedFilename::ReservedFilename(int)
                0x00000000c000b9d6                ReservedFilename::ReservedFilename(int)
                0x00000000c000ba08                UnixFile::~UnixFile()
                0x00000000c000ba08                UnixFile::~UnixFile()
                0x00000000c000baa0                UnixFile::~UnixFile()
                0x00000000c000bac8                ReservedFilename::~ReservedFilename()
                0x00000000c000bac8                ReservedFilename::~ReservedFilename()
                0x00000000c000baec                ReservedFilename::~ReservedFilename()
                0x00000000c000bb13                getFromFileDescriptor(int)
 .text          0x00000000c000bc10     0x124e core/virtmgr.32
                0x00000000c000bc10                Virt::setPageState(unsigned long, Virt::VirtPageState)
                0x00000000c000bc45                Virt::getPageState(unsigned long)
                0x00000000c000bc69                Virt::allocateKernelVirtualPages(int)
                0x00000000c000bd7a                Virt::freeSwapfilePage(unsigned long)
                0x00000000c000bd98                Virt::swapIDToSector(unsigned long)
                0x00000000c000bdaa                Virt::allocateSwapfilePage()
                0x00000000c000be28                Virt::virtualMemorySetup()
                0x00000000c000be73                Virt::setupPageSwapping(int)
                0x00000000c000bee4                VAS::VAS(VAS*)
                0x00000000c000bee4                VAS::VAS(VAS*)
                0x00000000c000bf12                VAS::getForeignPageTableEntry(bool, unsigned long)
                0x00000000c000bf3e                VAS::getPageTableEntry(unsigned long)
                0x00000000c000bf5d                Virt::freeKernelVirtualPages(unsigned long)
                0x00000000c000c080                VAS::freeAllocatedPages(unsigned long)
                0x00000000c000c0a4                VAS::virtualToPhysical(unsigned long)
                0x00000000c000c0bc                VAS::reflagRange(unsigned long, int, int, int)
                0x00000000c000c0fc                VAS::setToWriteCombining(unsigned long, int)
                0x00000000c000c12e                VAS::mapOtherVASIn(bool, VAS*)
                0x00000000c000c158                VAS::~VAS()
                0x00000000c000c158                VAS::~VAS()
                0x00000000c000c2d4                VAS::mapPage(unsigned long, unsigned long, int)
                0x00000000c000c3d8                VAS::allocatePages(int, int)
                0x00000000c000c5b0                VAS::setCPUSpecific(unsigned long)
                0x00000000c000c5cc                VAS::mapRange(unsigned long, unsigned long, int, int)
                0x00000000c000c692                VAS::mapForeignPage(bool, VAS*, unsigned long, unsigned long, int)
                0x00000000c000c780                VAS::VAS(bool)
                0x00000000c000c780                VAS::VAS(bool)
                0x00000000c000ca00                VAS::VAS()
                0x00000000c000ca00                VAS::VAS()
                0x00000000c000ca70                VAS::evict(unsigned long)
                0x00000000c000cb40                VAS::tryLoadBackOffDisk(unsigned long)
                0x00000000c000cc54                VAS::scanForEviction()
                0x00000000c000cd32                mapVASFirstTime
 .text          0x00000000c000ce5e       0x95 coreobjs/c++.32
                0x00000000c000ce5e                __cxa_atexit
                0x00000000c000ce61                __cxa_finalize
                0x00000000c000ce62                __stack_chk_fail
                0x00000000c000cece                __cxa_pure_virtual
                0x00000000c000cedf                operator new[](unsigned long)
                0x00000000c000cee4                operator delete(void*, unsigned long)
                0x00000000c000cee9                operator delete[](void*)
                0x00000000c000ceee                operator delete[](void*, unsigned long)
 .text          0x00000000c000cef3      0x1fc dbg/kconsole.32
                0x00000000c000cef3                Dbg::stringifyxWithBase(unsigned int, char*, int)
                0x00000000c000cf4c                Dbg::logc(char)
                0x00000000c000cf6c                Dbg::logs(char*)
                0x00000000c000cf89                Dbg::logWriteInt(unsigned int)
                0x00000000c000cfa6                Dbg::logWriteIntBase(unsigned int, int)
                0x00000000c000cfc5                Dbg::kprintf(char const*, ...)
 *fill*         0x00000000c000d0ef        0x1 
 .text          0x00000000c000d0f0      0xcac fs/vfs.32
                0x00000000c000d0f0                File::read(unsigned long long, void*, int*)
                0x00000000c000d148                File::write(unsigned long long, void*, int*)
                0x00000000c000d1a0                Directory::read(unsigned long long, void*, int*)
                0x00000000c000d1f8                Directory::write(unsigned long long, void*, int*)
                0x00000000c000d226                File::isAtty()
                0x00000000c000d22a                Directory::isAtty()
                0x00000000c000d22e                Filesystem::getlabel(LogicalDisk*, int, char*, unsigned int*)
                0x00000000c000d234                Filesystem::setlabel(LogicalDisk*, int, char*)
                0x00000000c000d23a                Filesystem::allocateSwapfile(char const*, int)
                0x00000000c000d240                File::~File()
                0x00000000c000d240                File::~File()
                0x00000000c000d264                File::~File()
                0x00000000c000d28e                Directory::~Directory()
                0x00000000c000d28e                Directory::~Directory()
                0x00000000c000d2b2                Directory::~Directory()
                0x00000000c000d2dc                Filesystem::Filesystem()
                0x00000000c000d2dc                Filesystem::Filesystem()
                0x00000000c000d300                Filesystem::~Filesystem()
                0x00000000c000d300                Filesystem::~Filesystem()
                0x00000000c000d30e                Filesystem::~Filesystem()
                0x00000000c000d332                Fs::getcwd(Process*, char*, int)
                0x00000000c000d35c                Fs::initVFS()
                0x00000000c000d386                Fs::standardiseFiles(char*, char const*, char const*)
                0x00000000c000d530                File::File(char const*, Process*)
                0x00000000c000d530                File::File(char const*, Process*)
                0x00000000c000d60a                File::open(FileOpenMode)
                0x00000000c000d668                File::close()
                0x00000000c000d6c8                File::seek(unsigned long long)
                0x00000000c000d71e                File::tell(unsigned long long*)
                0x00000000c000d76e                File::rewind()
                0x00000000c000d782                File::unlink()
                0x00000000c000d7ce                File::rename(char const*)
                0x00000000c000d81c                File::chfatattr(unsigned char, unsigned char)
                0x00000000c000d878                File::exists()
                0x00000000c000d8b6                File::stat(unsigned long long*, bool*)
                0x00000000c000d917                Fs::setcwd(Process*, char*)
                0x00000000c000da90                Directory::Directory(char const*, Process*)
                0x00000000c000da90                Directory::Directory(char const*, Process*)
                0x00000000c000db6a                Directory::open()
                0x00000000c000dbc6                Directory::close()
                0x00000000c000dc26                Directory::unlink()
                0x00000000c000dc72                Directory::rename(char const*)
                0x00000000c000dcc0                Directory::exists()
                0x00000000c000dcfe                Directory::read(dirent*)
                0x00000000c000dd4a                Directory::create()
                0x00000000c000dd96                Filesystem::chfatattr(char const*, unsigned char, unsigned char)
 .text          0x00000000c000dd9c       0x86 hal/bus.32
                0x00000000c000dd9c                Bus::Bus(char const*)
                0x00000000c000dd9c                Bus::Bus(char const*)
                0x00000000c000ddd4                Bus::~Bus()
                0x00000000c000ddd4                Bus::~Bus()
                0x00000000c000ddf8                Bus::~Bus()
 .text          0x00000000c000de22       0x96 hal/buzzer.32
                0x00000000c000de22                beepThread(void*)
                0x00000000c000de5f                Krnl::beep(int, int, bool)
 .text          0x00000000c000deb8      0x467 hal/clock.32
                0x00000000c000deb8                User::loadClockSettings(int)
                0x00000000c000df0a                Clock::Clock(char const*)
                0x00000000c000df0a                Clock::Clock(char const*)
                0x00000000c000df40                Clock::~Clock()
                0x00000000c000df40                Clock::~Clock()
                0x00000000c000df64                Clock::~Clock()
                0x00000000c000df8e                Clock::timeInSecondsLocal()
                0x00000000c000dfd6                Clock::setTimeInSecondsLocal(unsigned long long)
                0x00000000c000e02f                datetimeToSeconds(datetime_t)
                0x00000000c000e156                Clock::setTimeInDatetimeLocal(datetime_t)
                0x00000000c000e1b6                secondsToDatetime(unsigned long long)
                0x00000000c000e2fa                Clock::timeInDatetimeLocal()
 *fill*         0x00000000c000e31f        0x1 
 .text          0x00000000c000e320      0x4d0 hal/device.32
                0x00000000c000e320                Device::hibernate()
                0x00000000c000e322                Device::wake()
                0x00000000c000e324                Device::detect()
                0x00000000c000e326                Device::disableLegacy()
                0x00000000c000e328                Device::powerSaving(PowerSavingLevel)
                0x00000000c000e32a                DriverlessDevice::close(int, int, void*)
                0x00000000c000e32e                DriverlessDevice::detect()
                0x00000000c000e330                DriverlessDevice::open(int, int, void*)
                0x00000000c000e344                Device::~Device()
                0x00000000c000e344                Device::~Device()
                0x00000000c000e352                Device::~Device()
                0x00000000c000e37a                Device::findAndLoadDriver()
                0x00000000c000e388                Device::preOpenPCI(PCIDeviceInfo)
                0x00000000c000e3ae                Device::preOpenACPI(void*, char*, char*)
                0x00000000c000e3ee                Device::addIRQHandler(int, void (*)(regs*, void*), bool, void*)
                0x00000000c000e418                Device::getParent()
                0x00000000c000e424                Device::removeIRQHandler(int, void (*)(regs*, void*), bool)
                0x00000000c000e442                Device::addChild(Device*)
                0x00000000c000e486                Device::removeAllChildren()
                0x00000000c000e4cc                Device::hibernateAll()
                0x00000000c000e4fc                Device::wakeAll()
                0x00000000c000e52c                Device::detectAll()
                0x00000000c000e55c                Device::disableLegacyAll()
                0x00000000c000e58c                Device::loadDriversForAll()
                0x00000000c000e5cc                Device::closeAll()
                0x00000000c000e602                Device::powerSavingAll(PowerSavingLevel)
                0x00000000c000e638                Device::setName(char const*)
                0x00000000c000e646                Device::Device(char const*)
                0x00000000c000e646                Device::Device(char const*)
                0x00000000c000e742                Device::getName()
                0x00000000c000e74c                DriverlessDevice::DriverlessDevice(char const*)
                0x00000000c000e74c                DriverlessDevice::DriverlessDevice(char const*)
                0x00000000c000e782                Device::addToLinkedList(LinkedList<Device>&, DeviceType)
                0x00000000c000e7c6                getDevicesOfType(DeviceType)
 .text          0x00000000c000e7f0       0x86 hal/diskctrl.32
                0x00000000c000e7f0                HardDiskController::HardDiskController(char const*)
                0x00000000c000e7f0                HardDiskController::HardDiskController(char const*)
                0x00000000c000e828                HardDiskController::~HardDiskController()
                0x00000000c000e828                HardDiskController::~HardDiskController()
                0x00000000c000e84c                HardDiskController::~HardDiskController()
 .text          0x00000000c000e876       0xe2 hal/diskphys.32
                0x00000000c000e876                PhysicalDisk::eject()
                0x00000000c000e87a                PhysicalDisk::PhysicalDisk(char const*, int)
                0x00000000c000e87a                PhysicalDisk::PhysicalDisk(char const*, int)
                0x00000000c000e8e2                PhysicalDisk::startCache()
                0x00000000c000e90a                PhysicalDisk::~PhysicalDisk()
                0x00000000c000e90a                PhysicalDisk::~PhysicalDisk()
                0x00000000c000e92e                PhysicalDisk::~PhysicalDisk()
 .text          0x00000000c000e958        0x0 hal/fpu.32
 .text          0x00000000c000e958      0x34c hal/intctrl.32
                0x00000000c000e958                int_handler
                0x00000000c000e9e0                installISRHandler(int, void (*)(regs*, void*), void*)
                0x00000000c000ea28                installIRQHandler(int, void (*)(regs*, void*), bool, void*)
                0x00000000c000eb53                uninstallISRHandler(int, void (*)(regs*, void*))
                0x00000000c000eb87                uninstallIRQHandler(int, void (*)(regs*, void*), bool)
                0x00000000c000ec05                setupINTS()
                0x00000000c000ec62                convertLegacyIRQNumber(int)
 .text          0x00000000c000eca4      0x778 hal/keybrd.32
                0x00000000c000eca4                startGUI(void*)
                0x00000000c000ed10                startGUIVESA(void*)
                0x00000000c000ed7c                sendKeyToTerminal(unsigned char)
                0x00000000c000ee3a                sendKeyboardToken(KeyboardToken)
                0x00000000c000f26c                clearInternalKeybuffer(VgaText*)
                0x00000000c000f2a1                readKeyboard(VgaText*, char*, unsigned long)
                0x00000000c000f392                Keyboard::Keyboard(char const*)
                0x00000000c000f392                Keyboard::Keyboard(char const*)
                0x00000000c000f3ce                Keyboard::~Keyboard()
                0x00000000c000f3ce                Keyboard::~Keyboard()
                0x00000000c000f3f2                Keyboard::~Keyboard()
 .text          0x00000000c000f41c      0x42a hal/logidisk.32
                0x00000000c000f41c                LogicalDisk::close(int, int, void*)
                0x00000000c000f420                LogicalDisk::~LogicalDisk()
                0x00000000c000f420                LogicalDisk::~LogicalDisk()
                0x00000000c000f444                LogicalDisk::~LogicalDisk()
                0x00000000c000f46e                LogicalDisk::open(int, int, void*)
                0x00000000c000f482                LogicalDisk::absoluteToRelative(unsigned long long)
                0x00000000c000f4ba                LogicalDisk::relativeToAbsolute(unsigned long long)
                0x00000000c000f500                LogicalDisk::LogicalDisk(char const*, PhysicalDisk*, unsigned long long, unsigned long long)
                0x00000000c000f500                LogicalDisk::LogicalDisk(char const*, PhysicalDisk*, unsigned long long, unsigned long long)
                0x00000000c000f5b6                LogicalDisk::assignDriveLetter()
                0x00000000c000f66c                LogicalDisk::mount()
                0x00000000c000f6f4                LogicalDisk::unmount()
                0x00000000c000f704                LogicalDisk::eject()
                0x00000000c000f718                LogicalDisk::unassignDriveLetter()
                0x00000000c000f76e                LogicalDisk::read(unsigned long long, int, void*)
                0x00000000c000f7da                LogicalDisk::write(unsigned long long, int, void*)
 *fill*         0x00000000c000f846        0x2 
 .text          0x00000000c000f848       0x86 hal/mouse.32
                0x00000000c000f848                Mouse::Mouse(char const*)
                0x00000000c000f848                Mouse::Mouse(char const*)
                0x00000000c000f880                Mouse::~Mouse()
                0x00000000c000f880                Mouse::~Mouse()
                0x00000000c000f8a4                Mouse::~Mouse()
 .text          0x00000000c000f8ce      0x339 hal/partition.32
                0x00000000c000f8ce                makePartition(PhysicalDisk*, unsigned long long, unsigned long long)
                0x00000000c000f976                createPartitionsForDisk(PhysicalDisk*)
 *fill*         0x00000000c000fc07        0x1 
 .text          0x00000000c000fc08       0x86 hal/serial.32
                0x00000000c000fc08                Serial::Serial(char const*)
                0x00000000c000fc08                Serial::Serial(char const*)
                0x00000000c000fc40                Serial::~Serial()
                0x00000000c000fc40                Serial::~Serial()
                0x00000000c000fc64                Serial::~Serial()
 *fill*         0x00000000c000fc8e        0x2 
 .text          0x00000000c000fc90      0x234 hal/timer.32
                0x00000000c000fc90                Timer::Timer(char const*)
                0x00000000c000fc90                Timer::Timer(char const*)
                0x00000000c000fcc8                Timer::~Timer()
                0x00000000c000fcc8                Timer::~Timer()
                0x00000000c000fcec                Timer::~Timer()
                0x00000000c000fd16                Timer::read()
                0x00000000c000fd21                setupTimer(int)
                0x00000000c000fd5c                timerHandler(unsigned int)
 .text          0x00000000c000fec4      0x43e hal/vcache.32
                0x00000000c000fec4                VCache::VCache(PhysicalDisk*)
                0x00000000c000fec4                VCache::VCache(PhysicalDisk*)
                0x00000000c001002c                VCache::invalidateReadBuffer()
                0x00000000c001003c                VCache::writeWriteBuffer()
                0x00000000c0010088                VCache::~VCache()
                0x00000000c0010088                VCache::~VCache()
                0x00000000c00100dc                VCache::~VCache()
                0x00000000c0010104                VCache::write(unsigned long long, int, void*)
                0x00000000c00101fe                VCache::read(unsigned long long, int, void*)
 .text          0x00000000c0010302      0x4b3 hal/video.32
                0x00000000c0010302                Video::putrect(int, int, int, int, unsigned int)
                0x00000000c001034e                Video::bitblit(int, int, int, int, int, int, int, unsigned int*)
                0x00000000c00103be                Video::blit(unsigned int*, int, int, int, int)
                0x00000000c001043c                Video::clearScreen(unsigned int)
                0x00000000c0010470                Video::putpixel(int, int, unsigned int)
                0x00000000c001047e                Video::Video(char const*)
                0x00000000c001047e                Video::Video(char const*)
                0x00000000c00104b4                Video::~Video()
                0x00000000c00104b4                Video::~Video()
                0x00000000c00104d8                Video::~Video()
                0x00000000c0010502                Video::isMonochrome()
                0x00000000c001050e                Video::getWidth()
                0x00000000c001051a                Video::getHeight()
                0x00000000c0010526                Video::drawCursor(int, int, unsigned char*, int)
                0x00000000c00105e2                Video::tgaParse(unsigned char*, int, int*, int*)
                0x00000000c001074a                Video::putTGA(int, int, unsigned char*, int)
 *fill*         0x00000000c00107b5        0x3 
 .text          0x00000000c00107b8     0x1707 hw/acpi.32
                0x00000000c00107b8                ACPI::close(int, int, void*)
                0x00000000c001086c                findRSDP()
                0x00000000c0010940                loadACPITables(unsigned char*)
                0x00000000c0010ba4                findRSDT(unsigned char*)
                0x00000000c0010d64                findDataTable(unsigned char*, char*)
                0x00000000c0010ddc                scanMADT()
                0x00000000c00112b8                ACPI::ACPI()
                0x00000000c00112b8                ACPI::ACPI()
                0x00000000c001131c                ACPI::getPCIIRQAssignment(unsigned char, unsigned short, unsigned char)
                0x00000000c0011404                ACPI::registerPCIIRQAssignment(void*, unsigned short, unsigned char, unsigned char)
                0x00000000c00114cc                ACPI::setScreenBrightnessLevel(void*, int)
                0x00000000c00114d4                ACPI::detectPCI()
                0x00000000c00119b8                ACPI::writeSimpleBootFlag(SimpleBootFlagTable*)
                0x00000000c0011a00                ACPI::sleep()
                0x00000000c0011a3c                ACPI::open(int, int, void*)
 *fill*         0x00000000c0011ebf        0x1 
 .text          0x00000000c0011ec0      0xdcb hw/cpu.32
                0x00000000c0011ec0                CPU::close(int, int, void*)
                0x00000000c0011ec4                CPU::AMD_K6_write_msr(unsigned int, unsigned int, unsigned int, CPU::REGS*)
                0x00000000c0011ee0                CPU::AMD_K6_read_msr(unsigned int, CPU::REGS*)
                0x00000000c0011ef8                CPU::AMD_K6_writeback(int, int, int)
                0x00000000c0011f6c                CPU::cpuid(int, unsigned long*, unsigned long*, unsigned long*, unsigned long*)
                0x00000000c0011ff0                CPU::cpuidCheckEDX(unsigned int)
                0x00000000c001201e                CPU::cpuidCheckECX(unsigned int)
                0x00000000c001204c                CPU::cpuidCheckExtendedEBX(unsigned int)
                0x00000000c001207a                CPU::cpuidCheckExtendedECX(unsigned int)
                0x00000000c00120a8                CPU::CPU()
                0x00000000c00120a8                CPU::CPU()
                0x00000000c0012136                CPU::displayFeatures()
                0x00000000c0012138                CPU::detectFeatures()
                0x00000000c001280e                CPU::setupSMEP()
                0x00000000c001281a                CPU::setupUMIP()
                0x00000000c0012824                CPU::setupTSC()
                0x00000000c001282e                CPU::setupLargePages()
                0x00000000c0012838                CPU::setupPAT()
                0x00000000c0012874                CPU::setupMTRR()
                0x00000000c0012876                CPU::setupGlobalPages()
                0x00000000c0012880                CPU::allowUsermodeDataAccess()
                0x00000000c0012892                CPU::prohibitUsermodeDataAccess()
                0x00000000c00128a4                CPU::setupSMAP()
                0x00000000c00128b2                CPU::setupFeatures()
                0x00000000c001297e                CPU::open(int, int, void*)
                0x00000000c0012a90                CPU::decodeAddress(regs*, int*, bool*, unsigned char*)
 .text          0x00000000c0012c8b      0x16a hw/smp.32
                0x00000000c0012c8b                Krnl::smpEntry()
                0x00000000c0012c8d                Krnl::startCPU(int)
                0x00000000c0012dd6                Krnl::startCPUs()
 *fill*         0x00000000c0012df5        0x1 
 .text          0x00000000c0012df6      0x581 krnl/env.32
                0x00000000c0012df6                EnvVarContainer::getEnv(char const*)
                0x00000000c0012e34                EnvVarContainer::setEnv(char const*, char const*)
                0x00000000c0012ef6                EnvVarContainer::deleteEnv(char const*)
                0x00000000c0012ef8                EnvVarContainer::loadFrom(char const*, char const*)
                0x00000000c00130de                EnvVarContainer::__loadSystem()
                0x00000000c00130f8                EnvVarContainer::__loadUser()
                0x00000000c00130fa                EnvVarContainer::EnvVarContainer(Process*)
                0x00000000c00130fa                EnvVarContainer::EnvVarContainer(Process*)
                0x00000000c001311c                EnvVarContainer::~EnvVarContainer()
                0x00000000c001311c                EnvVarContainer::~EnvVarContainer()
                0x00000000c001314c                Krnl::getEnv(Process*, char const*)
                0x00000000c00131b1                Krnl::setEnvSystem(char const*, char const*)
                0x00000000c00131cb                Krnl::setEnvUser(char const*, char const*)
                0x00000000c00131ea                Krnl::setEnvProcess(Process*, char const*, char const*)
                0x00000000c00131fd                Krnl::deleteEnvSystem(char const*)
                0x00000000c00131fe                Krnl::deleteEnvUser(char const*)
                0x00000000c00131ff                Krnl::deleteEnvProcess(Process*, char const*)
                0x00000000c0013200                Krnl::newProcessEnv(Process*)
                0x00000000c0013222                Krnl::copyProcessEnv(Process*, Process*)
                0x00000000c001326e                Krnl::loadSystemEnv()
                0x00000000c001329c                Krnl::loadUserEnv()
                0x00000000c00132c2                Krnl::flushEnv()
                0x00000000c00132c3                Krnl::getProcessTotalEnvCount(Process*)
                0x00000000c00132e3                Krnl::getProcessEnvPair(Process*, int)
 .text          0x00000000c0013377      0x243 krnl/panic.32
                0x00000000c0013377                Krnl::panic(char const*)
 .text          0x00000000c00135ba      0x194 krnl/powctrl.32
                0x00000000c00135ba                Krnl::powerThread(void*)
                0x00000000c001363a                Krnl::changePowerSettings(Krnl::PowerSettings)
                0x00000000c0013650                Krnl::userIOReceived()
                0x00000000c001365b                Krnl::handlePowerButton()
                0x00000000c0013690                Krnl::handleSleepButton()
                0x00000000c00136c5                Krnl::setupPowerManager()
 .text          0x00000000c001374e      0x50e reg/registry.32
                0x00000000c001374e                Reg::findLineFromLoadedData(char*, char*, char*)
                0x00000000c00138a6                Reg::getLineFromRegistry(char*, char*, char*, char*)
                0x00000000c00139fb                Reg::getLine(char*, char*, char*)
                0x00000000c0013a32                Reg::readInt(char*, char*, int*)
                0x00000000c0013b1d                Reg::readString(char*, char*, char*, int)
                0x00000000c0013b9e                Reg::readBool(char*, char*, bool*)
                0x00000000c0013bc3                Reg::readBoolWithDefault(char*, char*, bool)
                0x00000000c0013bef                Reg::readIntWithDefault(char*, char*, int)
                0x00000000c0013c1b                Reg::readStringWithDefault(char*, char*, char*, int, char*)
 .text          0x00000000c0013c5c       0x36 sys/sc_eject.32
                0x00000000c0013c5c                Sys::eject(regs*)
 .text          0x00000000c0013c92       0x18 sys/sc_exit.32
                0x00000000c0013c92                Sys::exit(regs*)
 .text          0x00000000c0013caa       0x1f sys/sc_getcwd.32
                0x00000000c0013caa                Sys::getCwd(regs*)
 .text          0x00000000c0013cc9        0xc sys/sc_getpid.32
                0x00000000c0013cc9                Sys::getPID(regs*)
 .text          0x00000000c0013cd5       0x1a sys/sc_getramdata.32
                0x00000000c0013cd5                Sys::getRAMData(regs*)
 .text          0x00000000c0013cef       0x84 sys/sc_getvgaptr.32
                0x00000000c0013cef                Sys::getVGAPtr(regs*)
 .text          0x00000000c0013d73       0xa8 sys/sc_loaddll.32
                0x00000000c0013d73                Sys::loadDLL(regs*)
 .text          0x00000000c0013e1b       0x68 sys/sc_read.32
                0x00000000c0013e1b                Sys::read(regs*)
 .text          0x00000000c0013e83       0x55 sys/sc_sbrk.32
                0x00000000c0013e83                Sys::sbrk(regs*)
 .text          0x00000000c0013ed8       0x1c sys/sc_setcwd.32
                0x00000000c0013ed8                Sys::setCwd(regs*)
 .text          0x00000000c0013ef4       0x95 sys/sc_settime.32
                0x00000000c0013ef4                Sys::setTime(regs*)
 .text          0x00000000c0013f89       0x4a sys/sc_timezone.32
                0x00000000c0013f89                Sys::timezone(regs*)
 .text          0x00000000c0013fd3       0x68 sys/sc_write.32
                0x00000000c0013fd3                Sys::write(regs*)
 .text          0x00000000c001403b       0x62 sys/sc_wsbe.32
                0x00000000c001403b                Sys::wsbe(regs*)
 .text          0x00000000c001409d       0x38 sys/sc_yield.32
                0x00000000c001409d                Sys::yield(regs*)
 .text          0x00000000c00140d5      0xf8e sys/syscalls.32
                0x00000000c00140d5                sysCallSeekDir(regs*)
                0x00000000c00140da                sysCallTellDir(regs*)
                0x00000000c00140df                sysCallVerify(regs*)
                0x00000000c00140e9                sysCallGetArgc(regs*)
                0x00000000c00140f9                sysFormatDisk(regs*)
                0x00000000c0014163                sysSetDiskVolumeLabel(regs*)
                0x00000000c00141ad                sysGetDiskVolumeLabel(regs*)
                0x00000000c0014202                sysShutdown(regs*)
                0x00000000c0014260                sysCallRealpath(regs*)
                0x00000000c00142a3                sysCallReadDir(regs*)
                0x00000000c0014322                sysCallIsATTY(regs*)
                0x00000000c001437c                sysCallSeek(regs*)
                0x00000000c00143d3                sysCallTell(regs*)
                0x00000000c001443f                sysCallSize(regs*)
                0x00000000c00144b1                sysCallSizeFromFilename(regs*)
                0x00000000c0014560                sysCallClose(regs*)
                0x00000000c00145c0                sysCallOpenDir(regs*)
                0x00000000c0014635                sysCallCloseDir(regs*)
                0x00000000c0014689                sysCallMakeDir(regs*)
                0x00000000c00146f9                sysCallWait(regs*)
                0x00000000c0014713                sysCallNotImpl(regs*)
                0x00000000c001472e                sysPanic(regs*)
                0x00000000c0014748                sysCallRmdir(regs*)
                0x00000000c00147ac                sysCallUnlink(regs*)
                0x00000000c0014810                sysCallGetArgv(regs*)
                0x00000000c001485c                sysCallTTYName(regs*)
                0x00000000c00148df                sysCallUSleep(regs*)
                0x00000000c0014908                sysCallSpawn(regs*)
                0x00000000c0014970                sysCallGetEnv(regs*)
                0x00000000c0014a1d                sysAppSettings(regs*)
                0x00000000c0014b31                sysSetFatAttrib(regs*)
                0x00000000c0014ba3                sysPipe(regs*)
                0x00000000c0014be8                sysGetUnixTime(regs*)
                0x00000000c0014bfc                string_ends_with(char const*, char const*)
                0x00000000c0014c44                sysCallOpen(regs*)
                0x00000000c0014e2c                Sys::loadSyscalls()
                0x00000000c0015021                Sys::systemCall(regs*, void*)
 .text          0x00000000c0015063     0x1203 thr/elf.32
                0x00000000c0015063                Thr::allocateMemoryForTask(Process*, File*, unsigned long, unsigned long, unsigned long)
                0x00000000c001530d                Thr::loadProgramIntoMemory(Process*, char const*)
                0x00000000c0015523                Thr::runtimeReferenceHelper()
                0x00000000c0015536                Thr::getAddressOfKernelSymbol(char const*)
                0x00000000c0015585                Thr::loadKernelSymbolTable(char const*)
                0x00000000c0015843                Thr::loadDriverIntoMemory(char const*, unsigned long, bool)
                0x00000000c0015f79                Thr::getDriverBaseFromAddress(unsigned long)
                0x00000000c0015fab                Thr::getDriverNameFromAddress(unsigned long)
                0x00000000c0015fe2                Thr::getDriverOffsetFromAddress(unsigned long)
                0x00000000c0015ffc                Thr::loadDLL(char const*, bool)
                0x00000000c001622d                Thr::executeDLL(unsigned long, void*)
 *fill*         0x00000000c0016266        0x2 
 .text          0x00000000c0016268     0x12a1 thr/prcssthr.32
                0x00000000c0016268                userModeEntryPoint(void*)
                0x00000000c0016290                changeTSS
                0x00000000c00162c0                switchToThread(ThreadControlBlock*)
                0x00000000c001636c                Process::addArgs(char**)
                0x00000000c00163cc                Process::Process(char const*, Process*, char**)
                0x00000000c00163cc                Process::Process(char const*, Process*, char**)
                0x00000000c00165b8                Process::Process(bool, char const*, Process*, char**)
                0x00000000c00165b8                Process::Process(bool, char const*, Process*, char**)
                0x00000000c0016770                taskStartupFunction
                0x00000000c001677c                Semaphore::Semaphore(int)
                0x00000000c001677c                Semaphore::Semaphore(int)
                0x00000000c00167ac                Mutex::Mutex()
                0x00000000c00167ac                Mutex::Mutex()
                0x00000000c00167c0                Process::createThread(void (*)(void*), void*, int)
                0x00000000c00168b8                Process::createUserThread()
                0x00000000c00168d4                setupMultitasking(void (*)())
                0x00000000c00169dc                schedule()
                0x00000000c0016a68                Semaphore::tryAcquire()
                0x00000000c0016b34                Semaphore::assertLocked(char const*)
                0x00000000c0016bac                blockTaskWithSchedulerLockAlreadyHeld(TaskState)
                0x00000000c0016bd4                blockTask(TaskState)
                0x00000000c0016c04                waitTask(int, int*, int)
                0x00000000c0016c48                milliTenthSleepUntil(unsigned int)
                0x00000000c0016cd4                milliTenthSleep(unsigned int)
                0x00000000c0016ce4                sleep(unsigned int)
                0x00000000c0016d00                Semaphore::acquire()
                0x00000000c0016dbc                taskReturned
                0x00000000c0016df8                Thr::processFromPID(int)
                0x00000000c0016e98                unblockTask(ThreadControlBlock*)
                0x00000000c0016f3c                cleanupTerminatedTask(ThreadControlBlock*)
                0x00000000c0017204                cleanerTaskFunction(void*)
                0x00000000c00172f4                terminateTask(int)
                0x00000000c00173c0                Thr::terminateFromIRQ(int)
                0x00000000c00173cc                Semaphore::release()
 .text          0x00000000c0017509      0xb93 vm86/vm8086.32
                0x00000000c0017509                Vm::inbv(unsigned short)
                0x00000000c001751c                Vm::outbv(unsigned short, unsigned char)
                0x00000000c0017552                Vm::realToLinear(unsigned short, unsigned short)
                0x00000000c0017562                Vm::getSegment(unsigned int)
                0x00000000c001756a                Vm::getOffset(unsigned int)
                0x00000000c001756f                Vm::mainloop2()
                0x00000000c00175a9                Vm::mainVm8086Loop(void*)
                0x00000000c00175b9                Vm::mainloop3(unsigned long)
                0x00000000c00175df                Vm::initialise8086()
                0x00000000c0017622                Vm::finish8086()
                0x00000000c0017683                Vm::getOutput8086(unsigned char*)
                0x00000000c00176a8                Vm::start8086FromBuffer(unsigned char*, int, unsigned short, unsigned short, unsigned short, unsigned short)
                0x00000000c0017761                Vm::start8086(char const*, unsigned short, unsigned short, unsigned short, unsigned short)
                0x00000000c00178c9                Vm::doISR(regs*, int, unsigned char*, unsigned short, unsigned short)
                0x00000000c0017953                Vm::readByteFromReal(unsigned short, unsigned short)
                0x00000000c0017964                Vm::readWordFromReal(unsigned short, unsigned short)
                0x00000000c0017976                Vm::readDwordFromReal(unsigned short, unsigned short)
                0x00000000c0017987                Vm::writeByteFromReal(unsigned short, unsigned short, unsigned char)
                0x00000000c001799c                Vm::writeWordFromReal(unsigned short, unsigned short, unsigned short)
                0x00000000c00179b2                Vm::writeDwordFromReal(unsigned short, unsigned short, unsigned int)
                0x00000000c00179c7                Vm::faultHandler(regs*)
 .text          0x00000000c001809c      0xfcd vm86/x87em.32
                0x00000000c001809c                Vm::fpuInternalTo32(unsigned long long)
                0x00000000c00180fa                Vm::fpuInternalTo64(unsigned long long)
                0x00000000c0018103                Vm::fpu32ToInternal(unsigned int)
                0x00000000c0018148                Vm::fpu64ToInternal(unsigned long long)
                0x00000000c0018151                Vm::fpuFloatToLong(unsigned long long)
                0x00000000c00181b0                Vm::fpuULongToFloat(unsigned long long)
                0x00000000c00181ec                Vm::fpuLongToFloat(long long)
                0x00000000c001824b                Vm::fpuGet0()
                0x00000000c0018250                Vm::fpuGet1()
                0x00000000c0018258                Vm::fpuGetPi()
                0x00000000c0018260                Vm::fpuGetLog2E()
                0x00000000c0018278                Vm::fpuGetLogE2()
                0x00000000c0018290                Vm::fpuGetLog210()
                0x00000000c00182a8                Vm::fpuGetLog102()
                0x00000000c00182c0                Vm::fpuIsSecondLarger(unsigned long long, unsigned long long)
                0x00000000c00182d4                Vm::fpuAreEqual(unsigned long long, unsigned long long)
                0x00000000c00182ea                Vm::fpuUnorderedCompare(unsigned long long, unsigned long long)
                0x00000000c0018340                Vm::fpuAdd(unsigned long long, unsigned long long)
                0x00000000c0018351                Vm::fpuAbs(unsigned long long)
                0x00000000c001835a                Vm::fpuChs(unsigned long long)
                0x00000000c001836a                Vm::fpuSub(unsigned long long, unsigned long long)
                0x00000000c0018379                Vm::fpuMultiply(unsigned long long, unsigned long long)
                0x00000000c0018398                Vm::fpuDivide(unsigned long long, unsigned long long)
                0x00000000c00183b4                Vm::fpuSquare(unsigned long long)
                0x00000000c00183ca                Vm::fpuGetReg(int)
                0x00000000c001840d                Vm::fpuSetReg(int, unsigned long long)
                0x00000000c0018459                Vm::fpuPush(unsigned long long)
                0x00000000c00184b7                Vm::fpuPop()
                0x00000000c001850a                Vm::x87Handler(regs*)
 .text          0x00000000c0019069     0x1034 arch/i386/hal.32
                0x00000000c0019069                Hal::noCopro(unsigned long)
                0x00000000c001906a                Hal::noTSC()
                0x00000000c001906f                Hal::readTSC()
                0x00000000c0019072                nmiHandler(regs*, void*)
                0x00000000c001908b                doubleFault(regs*, void*)
                0x00000000c00190a4                displayDebugInfo(regs*)
                0x00000000c00196f8                displayProgramFault(char const*)
                0x00000000c0019735                gpFault(regs*, void*)
                0x00000000c00197aa                pgFault(regs*, void*)
                0x00000000c0019834                otherISRHandler(regs*, void*)
                0x00000000c0019888                opcodeFault(regs*, void*)
                0x00000000c0019c82                i386SaveCoprocessor(void*)
                0x00000000c0019c96                i386LoadCoprocessor(void*)
                0x00000000c0019caa                x87EmulHandler(regs*, void*)
                0x00000000c0019d6a                Hal::initialiseCoprocessor()
                0x00000000c0019e4c                Hal::panic(char const*)
                0x00000000c0019e51                Hal::initialise()
                0x00000000c001a02f                Hal::makeBeep(int)
                0x00000000c001a069                Hal::getRand()
                0x00000000c001a06c                Hal::endOfInterrupt(int)
 *fill*         0x00000000c001a09d        0x3 
 .text          0x00000000c001a0a0      0x2dc arch/i386/pic.32
                0x00000000c001a0a0                picIoWait()
                0x00000000c001a0a8                picDisable()
                0x00000000c001a0dc                picGetIRQReg(int)
                0x00000000c001a158                picOpen()
                0x00000000c001a2dc                picEOI(int)
 .text          0x00000000c001a37c     0x13b7 fs/fat/vfslink.32
                0x00000000c001a37c                FAT::getName()
                0x00000000c001a384                FAT::tell(void*, unsigned long long*)
                0x00000000c001a3c0                FAT::stat(void*, unsigned long long*)
                0x00000000c001a3fc                FAT::~FAT()
                0x00000000c001a3fc                FAT::~FAT()
                0x00000000c001a420                FAT::~FAT()
                0x00000000c001a448                FAT::getlabel(LogicalDisk*, int, char*, unsigned int*)
                0x00000000c001a4ec                FAT::setlabel(LogicalDisk*, int, char*)
                0x00000000c001a5b0                FAT::format(LogicalDisk*, int, char const*, int)
                0x00000000c001a784                FAT::tryMount(LogicalDisk*, int)
                0x00000000c001a99c                FAT::allocateSwapfile(char const*, int)
                0x00000000c001ab58                FAT::readDir(void*, unsigned long, void*, int*)
                0x00000000c001acc4                FAT::read(void*, unsigned long, void*, int*)
                0x00000000c001ad24                FAT::write(void*, unsigned long, void*, int*)
                0x00000000c001ad84                FAT::close(void*)
                0x00000000c001add8                FAT::closeDir(void*)
                0x00000000c001ae2c                FAT::seek(void*, unsigned long long)
                0x00000000c001ae88                fatWrapperReadDisk
                0x00000000c001aed0                fatWrapperWriteDisk
                0x00000000c001af18                fatWrapperIoctl
                0x00000000c001b028                FAT::FAT()
                0x00000000c001b028                FAT::FAT()
                0x00000000c001b07c                FAT::fixFilepath(char*)
                0x00000000c001b0b8                FAT::open(char const*, void**, FileOpenMode)
                0x00000000c001b1ec                FAT::openDir(char const*, void**)
                0x00000000c001b29c                FAT::stat(char const*, unsigned long long*, bool*)
                0x00000000c001b390                FAT::unlink(char const*)
                0x00000000c001b410                FAT::chfatattr(char const*, unsigned char, unsigned char)
                0x00000000c001b578                FAT::rename(char const*, char const*)
                0x00000000c001b644                FAT::mkdir(char const*)
                0x00000000c001b6c4                FAT::exists(char const*)
 *fill*         0x00000000c001b733        0x1 
 .text          0x00000000c001b734      0xba7 fs/iso9660/vfslink.32
                0x00000000c001b734                ISO9660::format(LogicalDisk*, int, char const*, int)
                0x00000000c001b73a                ISO9660::seek(void*, unsigned long long)
                0x00000000c001b76a                ISO9660::tell(void*, unsigned long long*)
                0x00000000c001b78e                ISO9660::getName()
                0x00000000c001b794                ISO9660::stat(void*, unsigned long long*)
                0x00000000c001b7b8                ISO9660::chfatattr(char const*, unsigned char, unsigned char)
                0x00000000c001b7be                ISO9660::unlink(char const*)
                0x00000000c001b7c4                ISO9660::write(void*, unsigned long, void*, int*)
                0x00000000c001b7ca                ISO9660::rename(char const*, char const*)
                0x00000000c001b7d0                ISO9660::mkdir(char const*)
                0x00000000c001b7d6                ISO9660::close(void*)
                0x00000000c001b7f8                ISO9660::closeDir(void*)
                0x00000000c001b81a                ISO9660::~ISO9660()
                0x00000000c001b81a                ISO9660::~ISO9660()
                0x00000000c001b83e                ISO9660::~ISO9660()
                0x00000000c001b865                __memmem(unsigned char*, int, unsigned char*, int)
                0x00000000c001b8a7                readSectorFromCDROM(unsigned int, unsigned char*, char)
                0x00000000c001b922                ISO9660::tryMount(LogicalDisk*, int)
                0x00000000c001b982                ISO9660::read(void*, unsigned long, void*, int*)
                0x00000000c001bb86                ISO9660::readDir(void*, unsigned long, void*, int*)
                0x00000000c001be00                readRoot(unsigned int*, unsigned int*, char)
                0x00000000c001be54                readRecursively(char*, unsigned int, unsigned int, unsigned int*, unsigned int*, char, int*)
                0x00000000c001c02a                getFileData(char*, unsigned int*, unsigned int*, char, int*)
                0x00000000c001c0b8                ISO9660::open(char const*, void**, FileOpenMode)
                0x00000000c001c166                ISO9660::exists(char const*)
                0x00000000c001c18a                ISO9660::stat(char const*, unsigned long long*, bool*)
                0x00000000c001c21e                ISO9660::openDir(char const*, void**)
                0x00000000c001c2b8                ISO9660::ISO9660()
                0x00000000c001c2b8                ISO9660::ISO9660()
 *fill*         0x00000000c001c2db        0x1 
 .text          0x00000000c001c2dc      0x298 hal/sound/sndcard.32
                0x00000000c001c2dc                SoundCard::beginPlayback()
                0x00000000c001c2ea                SoundCard::stopPlayback()
                0x00000000c001c2f8                SoundCard::SoundCard(char const*)
                0x00000000c001c2f8                SoundCard::SoundCard(char const*)
                0x00000000c001c396                SoundCard::~SoundCard()
                0x00000000c001c396                SoundCard::~SoundCard()
                0x00000000c001c3ba                SoundCard::~SoundCard()
                0x00000000c001c3e4                SoundCard::configureRates(int, int, int)
                0x00000000c001c414                SoundCard::getSamples16(int, short*)
                0x00000000c001c47e                SoundCard::getSamples32(int, int*)
                0x00000000c001c504                SoundCard::addChannel(SoundPort*)
                0x00000000c001c560                SoundCard::removeChannel(int)
 .text          0x00000000c001c574      0x3fb hal/sound/sndport.32
                0x00000000c001c574                SoundPort::SoundPort(int, int, int, int)
                0x00000000c001c574                SoundPort::SoundPort(int, int, int, int)
                0x00000000c001c600                SoundPort::~SoundPort()
                0x00000000c001c600                SoundPort::~SoundPort()
                0x00000000c001c634                SoundPort::unpause()
                0x00000000c001c640                SoundPort::pause()
                0x00000000c001c64c                SoundPort::getBufferUsed()
                0x00000000c001c654                SoundPort::getBufferSize()
                0x00000000c001c65c                SoundPort::buffer16(short*, int)
                0x00000000c001c710                SoundPort::buffer32(int*, int)
                0x00000000c001c7bc                SoundPort::unbufferAndAdd16(int, short*, SoundCard*)
                0x00000000c001c8b8                SoundPort::unbufferAndAdd32(int, int*, SoundCard*)
 .text          0x00000000c001c96f        0x0 hw/bus/isa.32
 *fill*         0x00000000c001c96f        0x1 
 .text          0x00000000c001c970     0x1187 hw/bus/pci.32
                0x00000000c001c970                PCI::open(int, int, void*)
                0x00000000c001c98e                PCI::close(int, int, void*)
                0x00000000c001c992                PCI::PCI()
                0x00000000c001c992                PCI::PCI()
                0x00000000c001ca28                PCI::readBAR8(unsigned int, int)
                0x00000000c001ca44                PCI::readBAR16(unsigned int, int)
                0x00000000c001ca62                PCI::readBAR32(unsigned int, int)
                0x00000000c001ca7e                PCI::writeBAR8(unsigned int, unsigned char, int)
                0x00000000c001ca9e                PCI::writeBAR16(unsigned int, unsigned short, int)
                0x00000000c001cac0                PCI::writeBAR32(unsigned int, unsigned int, int)
                0x00000000c001cae0                PCI::legacyMechanism(unsigned char, unsigned char, unsigned char, unsigned char)
                0x00000000c001cb4e                PCI::pciReadWord(unsigned char, unsigned char, unsigned char, unsigned char)
                0x00000000c001cbf6                PCI::getVendorID(unsigned char, unsigned char, unsigned char)
                0x00000000c001cc1a                PCI::getHeaderType(unsigned char, unsigned char, unsigned char)
                0x00000000c001cc42                PCI::getClassCode(unsigned char, unsigned char, unsigned char)
                0x00000000c001cc8c                PCI::getProgIF(unsigned char, unsigned char, unsigned char)
                0x00000000c001ccb4                PCI::getRevisionID(unsigned char, unsigned char, unsigned char)
                0x00000000c001ccd8                PCI::getInterruptNumber(unsigned char, unsigned char, unsigned char)
                0x00000000c001ccfc                PCI::getSecondaryBus(unsigned char, unsigned char, unsigned char)
                0x00000000c001cd24                PCI::getBARAddress(unsigned char, unsigned char, unsigned char, unsigned char)
                0x00000000c001cd88                PCI::pciWriteWord(unsigned char, unsigned char, unsigned char, unsigned char, unsigned short)
                0x00000000c001ce70                PCI::pciDetailsToFilepath(PCIDeviceInfo, char*)
                0x00000000c001d262                PCI::checkBus(unsigned char)
                0x00000000c001d286                PCI::foundDevice(PCIDeviceInfo)
                0x00000000c001d6c6                PCI::getDeviceData(unsigned char, unsigned char, unsigned char)
                0x00000000c001da38                PCI::checkDevice(unsigned char, unsigned char)
                0x00000000c001daa4                PCI::detect()
 *fill*         0x00000000c001daf7        0x1 
 .text          0x00000000c001daf8      0xb66 hw/diskctrl/ide.32
                0x00000000c001daf8                IDE::close(int, int, void*)
                0x00000000c001dafc                IDE::IDE()
                0x00000000c001dafc                IDE::IDE()
                0x00000000c001db30                IDE::prepareInterrupt(unsigned char)
                0x00000000c001db42                selectDrive(unsigned char, unsigned char)
                0x00000000c001db44                IDE::getBase(unsigned char)
                0x00000000c001db56                IDE::write(unsigned char, unsigned char, unsigned char)
                0x00000000c001dc16                IDE::read(unsigned char, unsigned char)
                0x00000000c001dcc4                IDE::waitInterrupt(unsigned char)
                0x00000000c001dd26                ideChannel0IRQHandler(regs*, void*)
                0x00000000c001dd42                ideChannel1IRQHandler(regs*, void*)
                0x00000000c001dd5e                IDE::enableIRQs(unsigned char, bool)
                0x00000000c001dda4                IDE::open(int, int, void*)
                0x00000000c001e1ce                IDE::readBuffer(unsigned char, unsigned char, unsigned int, unsigned int)
                0x00000000c001e29a                IDE::detect()
                0x00000000c001e55a                IDE::printError(unsigned char, unsigned char, unsigned char)
                0x00000000c001e60a                IDE::polling(unsigned char, unsigned int)
 .text          0x00000000c001e65e      0x46c hw/diskctrl/satabus.32
                0x00000000c001e65e                SATABus::close(int, int, void*)
                0x00000000c001e662                SATABus::detect()
                0x00000000c001e664                SATABus::SATABus()
                0x00000000c001e664                SATABus::SATABus()
                0x00000000c001e6ea                SATABus::findCmdslot(SATABus::tagHBA_PORT volatile*)
                0x00000000c001e71c                SATABus::checkType(SATABus::tagHBA_PORT volatile*)
                0x00000000c001e764                SATABus::startCmd(SATABus::tagHBA_PORT volatile*)
                0x00000000c001e784                SATABus::stopCmd(SATABus::tagHBA_PORT volatile*)
                0x00000000c001e7ae                SATABus::portRebase(SATABus::tagHBA_PORT volatile*, int)
                0x00000000c001e8b4                SATABus::probePort(SATABus::tagHBA_MEM volatile*)
                0x00000000c001ea96                SATABus::open(int, int, void*)
 .text          0x00000000c001eaca      0x684 hw/diskphys/ata.32
                0x00000000c001eaca                ATA::close(int, int, void*)
                0x00000000c001eaee                ATA::powerSaving(PowerSavingLevel)
                0x00000000c001eaf0                ATA::ATA()
                0x00000000c001eaf0                ATA::ATA()
                0x00000000c001eb1e                ATA::flush(bool)
                0x00000000c001eb68                ATA::readyForCommand()
                0x00000000c001ebb4                ATA::access(unsigned long long, int, void*, bool)
                0x00000000c001efaa                ATA::read(unsigned long long, int, void*)
                0x00000000c001eff6                ATA::write(unsigned long long, int, void*)
                0x00000000c001f058                ATA::detectCHS()
                0x00000000c001f082                ATA::open(int, int, void*)
 .text          0x00000000c001f14e      0x645 hw/diskphys/atapi.32
                0x00000000c001f14e                ATAPI::write(unsigned long long, int, void*)
                0x00000000c001f154                ATAPI::close(int, int, void*)
                0x00000000c001f178                ATAPI::ATAPI()
                0x00000000c001f178                ATAPI::ATAPI()
                0x00000000c001f1a6                ATAPI::readyForCommand()
                0x00000000c001f1f8                ATAPI::sendPacket(unsigned char*, int, bool, unsigned short*, int)
                0x00000000c001f4b8                ATAPI::diskRemoved()
                0x00000000c001f514                ATAPI::eject()
                0x00000000c001f55c                ATAPI::diskInserted()
                0x00000000c001f578                ATAPI::detectMedia()
                0x00000000c001f634                ATAPI::open(int, int, void*)
                0x00000000c001f714                ATAPI::read(unsigned long long, int, void*)
 *fill*         0x00000000c001f793        0x1 
 .text          0x00000000c001f794      0xa68 hw/diskphys/sata.32
                0x00000000c001f794                SATA::close(int, int, void*)
                0x00000000c001f7b8                SATA::powerSaving(PowerSavingLevel)
                0x00000000c001f7ba                SATA::open(int, int, void*)
                0x00000000c001f9b0                SATA::SATA()
                0x00000000c001f9b0                SATA::SATA()
                0x00000000c001f9de                SATA::access(unsigned long long, int, void*, bool)
                0x00000000c001ffd6                SATA::read(unsigned long long, int, void*)
                0x00000000c00200d6                SATA::write(unsigned long long, int, void*)
 .text          0x00000000c00201fc      0x642 hw/diskphys/satapi.32
                0x00000000c00201fc                SATAPI::write(unsigned long long, int, void*)
                0x00000000c0020202                SATAPI::close(int, int, void*)
                0x00000000c0020226                SATAPI::SATAPI()
                0x00000000c0020226                SATAPI::SATAPI()
                0x00000000c0020254                SATAPI::diskRemoved()
                0x00000000c0020256                SATAPI::diskInserted()
                0x00000000c0020272                SATAPI::sendPacket(unsigned char*, int, unsigned long long, unsigned short*, int)
                0x00000000c0020500                SATAPI::eject()
                0x00000000c002053c                SATAPI::detectMedia()
                0x00000000c0020666                SATAPI::open(int, int, void*)
                0x00000000c0020766                SATAPI::read(unsigned long long, int, void*)
 .text          0x00000000c002083e      0x43f hw/intctrl/apic.32
                0x00000000c002083e                IOAPIC::close(int, int, void*)
                0x00000000c0020844                apicGetBase()
                0x00000000c0020886                IOAPIC::IOAPIC()
                0x00000000c0020886                IOAPIC::IOAPIC()
                0x00000000c00208ae                apicOpen()
                0x00000000c0020a08                IOAPIC::handlesGSIWithNumber(unsigned int)
                0x00000000c0020a3a                IOAPIC::read(int)
                0x00000000c0020a62                IOAPIC::open(int, int, void*)
                0x00000000c0020b58                IOAPIC::write(int, int)
                0x00000000c0020b84                IOAPIC::redirect(unsigned char, unsigned long long, unsigned char, bool, bool)
 *fill*         0x00000000c0020c7d        0x3 
 .text          0x00000000c0020c80       0xf0 hw/timer/apictimer.32
                0x00000000c0020c80                APICTimer::close(int, int, void*)
                0x00000000c0020c88                apicTimerHandler(regs*, void*)
                0x00000000c0020cb0                APICTimer::open(int, int, void*)
                0x00000000c0020d20                APICTimer::write(int)
                0x00000000c0020d48                APICTimer::APICTimer()
                0x00000000c0020d48                APICTimer::APICTimer()
 .text          0x00000000c0020d70      0x1a3 hw/timer/pit.32
                0x00000000c0020d70                PIT::write(int)
                0x00000000c0020df0                pitHandler(regs*, void*)
                0x00000000c0020e14                PIT::open(int, int, void*)
                0x00000000c0020e64                PIT::close(int, int, void*)
                0x00000000c0020e94                PIT::PIT()
                0x00000000c0020e94                PIT::PIT()
 *fill*         0x00000000c0020f13        0xd 
 .text          0x00000000c0020f20       0x83 arch/i386/avx.32
                0x00000000c0020f20                avxDetect
                0x00000000c0020f4a                avxSave
                0x00000000c0020f5b                avxLoad
                0x00000000c0020f6c                avxInit
                0x00000000c0020f8e                avxClose
                0x00000000c0020f8f                wouldSheSayYes
 *fill*         0x00000000c0020fa3        0xd 
 .text          0x00000000c0020fb0       0x10 arch/i386/rdrand.32
                0x00000000c0020fb0                i386GetRDRAND
 .text          0x00000000c0020fc0       0x39 arch/i386/sse.32
                0x00000000c0020fc0                absolutelyNoChanceInHell
                0x00000000c0020fc0                sseDetect
                0x00000000c0020fd8                sseSave
                0x00000000c0020fe0                sseLoad
                0x00000000c0020fe8                sseInit
                0x00000000c0020ff8                sseClose
 *fill*         0x00000000c0020ff9        0x7 
 .text          0x00000000c0021000       0x49 arch/i386/x87.32
                0x00000000c0021006                x87Detect
                0x00000000c0021021                x87Save
                0x00000000c0021028                x87Load
                0x00000000c002102f                x87Init
                0x00000000c0021048                x87Close
 *fill*         0x00000000c0021049        0x3 
 .text          0x00000000c002104c       0x25 /cygdrive/d/Users/Alex/Desktop/Toolchain/Output/bin/../lib/gcc/i386-banana/8.1.0/crtend.o
 .text          0x00000000c0021071        0x0 crtn.32
 *fill*         0x00000000c0021071        0x3 
 .text          0x00000000c0021074      0x14b /cygdrive/d/Users/Alex/Desktop/Toolchain/Output/bin/../lib/gcc/i386-banana/8.1.0/libkgcc.a(_divdi3.o)
                0x00000000c0021074                __divdi3
 *fill*         0x00000000c00211bf        0x1 
 .text          0x00000000c00211c0      0x17e /cygdrive/d/Users/Alex/Desktop/Toolchain/Output/bin/../lib/gcc/i386-banana/8.1.0/libkgcc.a(_moddi3.o)
                0x00000000c00211c0                __moddi3
 *fill*         0x00000000c002133e        0x2 
 .text          0x00000000c0021340       0xff /cygdrive/d/Users/Alex/Desktop/Toolchain/Output/bin/../lib/gcc/i386-banana/8.1.0/libkgcc.a(_udivdi3.o)
                0x00000000c0021340                __udivdi3
 *fill*         0x00000000c002143f        0x1 
 .text          0x00000000c0021440      0x11a /cygdrive/d/Users/Alex/Desktop/Toolchain/Output/bin/../lib/gcc/i386-banana/8.1.0/libkgcc.a(_umoddi3.o)
                0x00000000c0021440                __umoddi3
 *(.gnu.linkonce.t*)

.iplt           0x00000000c0021560        0x0
 .iplt          0x00000000c0021560        0x0 D:/Users/Alex/Desktop/Banana/kernel/boot.32

.init           0x00000000c002155a        0xf
 .init          0x00000000c002155a        0x3 crti.32
                0x00000000c002155a                _init
 .init          0x00000000c002155d        0x5 /cygdrive/d/Users/Alex/Desktop/Toolchain/Output/bin/../lib/gcc/i386-banana/8.1.0/crtbegin.o
 .init          0x00000000c0021562        0x5 /cygdrive/d/Users/Alex/Desktop/Toolchain/Output/bin/../lib/gcc/i386-banana/8.1.0/crtend.o
 .init          0x00000000c0021567        0x2 crtn.32

.fini           0x00000000c0021569        0xa
 .fini          0x00000000c0021569        0x3 crti.32
                0x00000000c0021569                _fini
 .fini          0x00000000c002156c        0x5 /cygdrive/d/Users/Alex/Desktop/Toolchain/Output/bin/../lib/gcc/i386-banana/8.1.0/crtbegin.o
 .fini          0x00000000c0021571        0x2 crtn.32

.text._ZN8ComputerD2Ev
                0x00000000c0021574       0x23
 .text._ZN8ComputerD2Ev
                0x00000000c0021574       0x23 core/computer.32
                0x00000000c0021574                Computer::~Computer()
                0x00000000c0021574                Computer::~Computer()

.text._ZN8ComputerD0Ev
                0x00000000c0021598       0x2a
 .text._ZN8ComputerD0Ev
                0x00000000c0021598       0x2a core/computer.32
                0x00000000c0021598                Computer::~Computer()

.text._Z10idleCommonv
                0x00000000c00215c2       0x21
 .text._Z10idleCommonv
                0x00000000c00215c2       0x21 core/idle.32
                0x00000000c00215c2                idleCommon()

.text._ZN10LinkedListI8UnixFileED2Ev
                0x00000000c00215e4        0x2
 .text._ZN10LinkedListI8UnixFileED2Ev
                0x00000000c00215e4        0x2 core/unixfile.32
                0x00000000c00215e4                LinkedList<UnixFile>::~LinkedList()
                0x00000000c00215e4                LinkedList<UnixFile>::~LinkedList()

.text._ZN10LinkedListI8UnixFileEC2Ev
                0x00000000c00215e6       0x42
 .text._ZN10LinkedListI8UnixFileEC2Ev
                0x00000000c00215e6       0x42 core/unixfile.32
                0x00000000c00215e6                LinkedList<UnixFile>::LinkedList()
                0x00000000c00215e6                LinkedList<UnixFile>::LinkedList()

.text._ZN10LinkedListI8UnixFileE10addElementEPS0_
                0x00000000c0021628       0xd3
 .text._ZN10LinkedListI8UnixFileE10addElementEPS0_
                0x00000000c0021628       0xd3 core/unixfile.32
                0x00000000c0021628                LinkedList<UnixFile>::addElement(UnixFile*)

.text._ZN10LinkedListI8UnixFileE15getFirstElementEv
                0x00000000c00216fc        0x7
 .text._ZN10LinkedListI8UnixFileE15getFirstElementEv
                0x00000000c00216fc        0x7 core/unixfile.32
                0x00000000c00216fc                LinkedList<UnixFile>::getFirstElement()

.text._ZN10LinkedListI8UnixFileE11removeFirstEv
                0x00000000c0021704       0xa1
 .text._ZN10LinkedListI8UnixFileE11removeFirstEv
                0x00000000c0021704       0xa1 core/unixfile.32
                0x00000000c0021704                LinkedList<UnixFile>::removeFirst()

.text._ZN10LinkedListI8UnixFileE7getNextEPS0_
                0x00000000c00217a6        0x8
 .text._ZN10LinkedListI8UnixFileE7getNextEPS0_
                0x00000000c00217a6        0x8 core/unixfile.32
                0x00000000c00217a6                LinkedList<UnixFile>::getNext(UnixFile*)

.text._ZN16DriverlessDeviceD2Ev
                0x00000000c00217ae       0x1a
 .text._ZN16DriverlessDeviceD2Ev
                0x00000000c00217ae       0x1a hal/device.32
                0x00000000c00217ae                DriverlessDevice::~DriverlessDevice()
                0x00000000c00217ae                DriverlessDevice::~DriverlessDevice()

.text._ZN16DriverlessDeviceD0Ev
                0x00000000c00217c8       0x2a
 .text._ZN16DriverlessDeviceD0Ev
                0x00000000c00217c8       0x2a hal/device.32
                0x00000000c00217c8                DriverlessDevice::~DriverlessDevice()

.text._ZN10LinkedListI6DeviceE10addElementEPS0_
                0x00000000c00217f2       0xdc
 .text._ZN10LinkedListI6DeviceE10addElementEPS0_
                0x00000000c00217f2       0xdc hal/device.32
                0x00000000c00217f2                LinkedList<Device>::addElement(Device*)

.text._ZN10LinkedListI6DeviceEC2Ev
                0x00000000c00218ce       0x42
 .text._ZN10LinkedListI6DeviceEC2Ev
                0x00000000c00218ce       0x42 hal/device.32
                0x00000000c00218ce                LinkedList<Device>::LinkedList()
                0x00000000c00218ce                LinkedList<Device>::LinkedList()

.text._ZN10LinkedListIV18ThreadControlBlockE7isEmptyEv
                0x00000000c0021910       0x1c
 .text._ZN10LinkedListIV18ThreadControlBlockE7isEmptyEv
                0x00000000c0021910       0x1c hal/timer.32
                0x00000000c0021910                LinkedList<ThreadControlBlock volatile>::isEmpty()

.text._ZN10LinkedListIV18ThreadControlBlockE15getFirstElementEv
                0x00000000c002192c        0x7
 .text._ZN10LinkedListIV18ThreadControlBlockE15getFirstElementEv
                0x00000000c002192c        0x7 hal/timer.32
                0x00000000c002192c                LinkedList<ThreadControlBlock volatile>::getFirstElement()

.text._ZN10LinkedListIV18ThreadControlBlockE11removeFirstEv
                0x00000000c0021934       0xb8
 .text._ZN10LinkedListIV18ThreadControlBlockE11removeFirstEv
                0x00000000c0021934       0xb8 hal/timer.32
                0x00000000c0021934                LinkedList<ThreadControlBlock volatile>::removeFirst()

.text._ZN10LinkedListIV18ThreadControlBlockE10addElementEPS1_
                0x00000000c00219ec       0xda
 .text._ZN10LinkedListIV18ThreadControlBlockE10addElementEPS1_
                0x00000000c00219ec       0xda hal/timer.32
                0x00000000c00219ec                LinkedList<ThreadControlBlock volatile>::addElement(ThreadControlBlock volatile*)

.text._ZN4ACPID2Ev
                0x00000000c0021ac8       0x23
 .text._ZN4ACPID2Ev
                0x00000000c0021ac8       0x23 hw/acpi.32
                0x00000000c0021ac8                ACPI::~ACPI()
                0x00000000c0021ac8                ACPI::~ACPI()

.text._ZN4ACPID0Ev
                0x00000000c0021aec       0x2a
 .text._ZN4ACPID0Ev
                0x00000000c0021aec       0x2a hw/acpi.32
                0x00000000c0021aec                ACPI::~ACPI()

.text._ZN10LinkedListI6DeviceED2Ev
                0x00000000c0021b18        0x2
 .text._ZN10LinkedListI6DeviceED2Ev
                0x00000000c0021b18        0x2 hw/acpi.32