Archive member included to satisfy reference by file (symbol)

/cygdrive/d/Users/Alex/Desktop/Toolchain/Output/bin/../lib/gcc/i386-banana/8.1.0/libgcc.a(_divdi3.o)
                              fs/fat/ff.32 (__divdi3)
/cygdrive/d/Users/Alex/Desktop/Toolchain/Output/bin/../lib/gcc/i386-banana/8.1.0/libgcc.a(_moddi3.o)
                              thr/elf.32 (__moddi3)
/cygdrive/d/Users/Alex/Desktop/Toolchain/Output/bin/../lib/gcc/i386-banana/8.1.0/libgcc.a(_udivdi3.o)
                              fs/fat/ff.32 (__udivdi3)
/cygdrive/d/Users/Alex/Desktop/Toolchain/Output/bin/../lib/gcc/i386-banana/8.1.0/libgcc.a(_umoddi3.o)
                              core/pipe.32 (__umoddi3)
D:/Users/Alex/Desktop/Banana/kernel/libk/libm32.a(s_fabs.c.o)
                              hal/libresample/samplerate.32 (fabs)
D:/Users/Alex/Desktop/Banana/kernel/libk/libm32.a(s_lrint.S.o)
                              hal/libresample/samplerate.32 (lrint)
D:/Users/Alex/Desktop/Banana/kernel/libk/libm32.a(s_lrintf.S.o)
                              hal/sound/sndhw.32 (lrintf)

Discarded input sections

 .comment       0x0000000000000000       0x12 /cygdrive/d/Users/Alex/Desktop/Toolchain/Output/bin/../lib/gcc/i386-banana/8.1.0/crtbegin.o
 .comment       0x0000000000000000       0x12 acpica/utclib.32
 .comment       0x0000000000000000       0x12 core/malloc.32
 .comment       0x0000000000000000       0x12 libk/string.32
 .comment       0x0000000000000000       0x12 fs/fat/diskio.32
 .comment       0x0000000000000000       0x12 fs/fat/ff.32
 .comment       0x0000000000000000       0x12 fs/fat/ffsystem.32
 .comment       0x0000000000000000       0x12 fs/fat/ffunicode.32
 .comment       0x0000000000000000       0x12 hal/libresample/samplerate.32
 .comment       0x0000000000000000       0x12 hal/libresample/src_linear.32
 .comment       0x0000000000000000       0x12 hal/libresample/src_sinc.32
 .comment       0x0000000000000000       0x12 hal/libresample/src_zoh.32
 .group         0x0000000000000000       0x14 core/computer.32
 .group         0x0000000000000000        0xc core/computer.32
 .comment       0x0000000000000000       0x12 core/computer.32
 .comment       0x0000000000000000       0x12 core/gdt.32
 .group         0x0000000000000000        0xc core/idle.32
 .comment       0x0000000000000000       0x12 core/idle.32
 .comment       0x0000000000000000       0x12 core/idt.32
 .group         0x0000000000000000        0x8 core/kheap.32
 .group         0x0000000000000000        0x8 core/kheap.32
 .comment       0x0000000000000000       0x12 core/kheap.32
 .comment       0x0000000000000000       0x12 core/main.32
 .comment       0x0000000000000000       0x12 core/physmgr.32
 .group         0x0000000000000000        0xc core/pipe.32
 .comment       0x0000000000000000       0x12 core/pipe.32
 .group         0x0000000000000000        0xc core/terminal.32
 .comment       0x0000000000000000       0x12 core/terminal.32
 .group         0x0000000000000000        0x8 core/tss.32
 .text._ZN3CPU7readCR3Ev
                0x0000000000000000       0x12 core/tss.32
 .comment       0x0000000000000000       0x12 core/tss.32
 .group         0x0000000000000000        0x8 core/unixfile.32
 .group         0x0000000000000000        0xc core/unixfile.32
 .group         0x0000000000000000        0xc core/unixfile.32
 .group         0x0000000000000000        0x8 core/unixfile.32
 .group         0x0000000000000000        0xc core/unixfile.32
 .group         0x0000000000000000        0x8 core/unixfile.32
 .group         0x0000000000000000        0xc core/unixfile.32
 .group         0x0000000000000000        0xc core/unixfile.32
 .comment       0x0000000000000000       0x12 core/unixfile.32
 .group         0x0000000000000000        0x8 core/virtmgr.32
 .group         0x0000000000000000        0x8 core/virtmgr.32
 .text._ZN3CPU7readCR3Ev
                0x0000000000000000       0x12 core/virtmgr.32
 .text._ZN3CPU8writeCR3Em
                0x0000000000000000        0x9 core/virtmgr.32
 .comment       0x0000000000000000       0x12 core/virtmgr.32
 .comment       0x0000000000000000       0x12 coreobjs/c++.32
 .comment       0x0000000000000000       0x12 dbg/kconsole.32
 .group         0x0000000000000000        0xc fs/vfs.32
 .group         0x0000000000000000        0xc fs/vfs.32
 .group         0x0000000000000000        0xc fs/vfs.32
 .comment       0x0000000000000000       0x12 fs/vfs.32
 .group         0x0000000000000000        0xc hal/bus.32
 .comment       0x0000000000000000       0x12 hal/bus.32
 .group         0x0000000000000000        0xc hal/buzzer.32
 .comment       0x0000000000000000       0x12 hal/buzzer.32
 .group         0x0000000000000000        0xc hal/clock.32
 .comment       0x0000000000000000       0x12 hal/clock.32
 .group         0x0000000000000000       0x14 hal/device.32
 .group         0x0000000000000000        0xc hal/device.32
 .group         0x0000000000000000        0xc hal/device.32
[...]
Memory Configuration

Name             Origin             Length             Attributes
*default*        0x0000000000000000 0xffffffffffffffff

Linker script and memory map

LOAD D:/Users/Alex/Desktop/Banana/kernel/boot.32
LOAD crti.32
LOAD /cygdrive/d/Users/Alex/Desktop/Toolchain/Output/bin/../lib/gcc/i386-banana/8.1.0/crtbegin.o
LOAD D:/Users/Alex/Desktop/Banana/kernel/morenasm.32
LOAD acpica/utclib.32
LOAD core/malloc.32
LOAD libk/string.32
LOAD fs/fat/diskio.32
LOAD fs/fat/ff.32
LOAD fs/fat/ffsystem.32
LOAD fs/fat/ffunicode.32
LOAD hal/libresample/samplerate.32
LOAD hal/libresample/src_linear.32
LOAD hal/libresample/src_sinc.32
LOAD hal/libresample/src_zoh.32
LOAD core/computer.32
LOAD core/gdt.32
LOAD core/idle.32
LOAD core/idt.32
LOAD core/kheap.32
LOAD core/main.32
LOAD core/physmgr.32
LOAD core/pipe.32
LOAD core/terminal.32
LOAD core/tss.32
LOAD core/unixfile.32
LOAD core/virtmgr.32
LOAD coreobjs/c++.32
LOAD dbg/kconsole.32
LOAD fs/vfs.32
LOAD hal/bus.32
LOAD hal/buzzer.32
LOAD hal/clock.32
LOAD hal/device.32
LOAD hal/diskctrl.32
LOAD hal/diskphys.32
LOAD hal/fpu.32
LOAD hal/intctrl.32
LOAD hal/keybrd.32
LOAD hal/logidisk.32
LOAD hal/mouse.32
LOAD hal/partition.32
LOAD hal/timer.32
LOAD hal/vcache.32
LOAD hal/video.32
LOAD hw/acpi.32
LOAD hw/cpu.32
LOAD hw/ports.32
LOAD krnl/panic.32
LOAD reg/registry.32
LOAD sys/sc_exit.32
LOAD sys/sc_loaddll.32
LOAD sys/sc_read.32
LOAD sys/sc_sbrk.32
LOAD sys/sc_write.32
LOAD sys/sc_yield.32
LOAD sys/syscalls.32
LOAD thr/elf.32
LOAD thr/prcssthr.32
LOAD vm86/vm8086.32
LOAD fs/fat/vfslink.32
LOAD fs/iso9660/vfslink.32
LOAD hal/sound/sndchannel.32
LOAD hal/sound/sndhw.32
LOAD hw/bus/isa.32
LOAD hw/bus/pci.32
LOAD hw/diskctrl/ide.32
LOAD hw/diskphys/ata.32
LOAD hw/diskphys/atapi.32
LOAD hw/fpu/avx.32
LOAD hw/fpu/mmx.32
LOAD hw/fpu/sse.32
LOAD hw/fpu/x87.32
LOAD hw/intctrl/apic.32
LOAD hw/intctrl/pic.32
LOAD hw/timer/apictimer.32
LOAD hw/timer/pit.32
LOAD hw/fpu/x86/avx.32
LOAD hw/fpu/x86/sse.32
LOAD hw/fpu/x86/x87.32
LOAD /cygdrive/d/Users/Alex/Desktop/Toolchain/Output/bin/../lib/gcc/i386-banana/8.1.0/crtend.o
LOAD crtn.32
LOAD /cygdrive/d/Users/Alex/Desktop/Toolchain/Output/bin/../lib/gcc/i386-banana/8.1.0/libgcc.a
LOAD D:/Users/Alex/Desktop/Banana/kernel/libk/libm32.a
                0x00000000c0000000                . = 0xc0000000

.text           0x00000000c0000000    0x1f768
 *(.text)
 .text          0x00000000c0000000       0x41 D:/Users/Alex/Desktop/Banana/kernel/boot.32
                0x00000000c0000020                callGlobalConstructors
 .text          0x00000000c0000041        0x0 crti.32
 *fill*         0x00000000c0000041        0x3 
 .text          0x00000000c0000044      0x101 /cygdrive/d/Users/Alex/Desktop/Toolchain/Output/bin/../lib/gcc/i386-banana/8.1.0/crtbegin.o
 *fill*         0x00000000c0000145        0xb 
 .text          0x00000000c0000150      0x4d6 D:/Users/Alex/Desktop/Banana/kernel/morenasm.32
                0x00000000c0000150                voodooXADD
                0x00000000c0000202                doTPAUSE
                0x00000000c000020c                hasLegacyFPU
                0x00000000c0000231                is486
                0x00000000c0000267                goToVM86
                0x00000000c0000298                goToUsermode
                0x00000000c00002c8                switchToThreadASMFirstTime
                0x00000000c00002d6                switchToThreadASM
                0x00000000c0000376                detectCPUID
                0x00000000c000038c                asmQuickAcquireLock
                0x00000000c00003aa                asmQuickReleaseLock
                0x00000000c00003b6                asmAcquireLock
                0x00000000c00003d7                asmReleaseLock
                0x00000000c00003ea                loadGDT
                0x00000000c000040a                isr0
                0x00000000c000041a                isr1
                0x00000000c0000424                isr2
                0x00000000c000042e                isr3
                0x00000000c0000438                isr4
                0x00000000c0000442                isr5
                0x00000000c000044c                isr6
                0x00000000c0000456                isr7
                0x00000000c0000460                isr8
                0x00000000c0000468                isr9
                0x00000000c0000472                isr10
                0x00000000c000047a                isr11
                0x00000000c0000482                isr12
                0x00000000c000048a                isr13
                0x00000000c0000492                isr14
                0x00000000c000049a                isr15
                0x00000000c00004a4                isr16
                0x00000000c00004ae                isr17
                0x00000000c00004b8                isr18
                0x00000000c00004c2                isr96
                0x00000000c00004cc                irq0
                0x00000000c00004d6                irq1
                0x00000000c00004e0                irq2
                0x00000000c00004ea                irq3
                0x00000000c00004f4                irq4
                0x00000000c00004fe                irq5
                0x00000000c0000508                irq6
                0x00000000c0000512                irq7
                0x00000000c000051c                irq8
                0x00000000c0000526                irq9
                0x00000000c0000530                irq10
                0x00000000c000053a                irq11
                0x00000000c0000544                irq12
                0x00000000c000054e                irq13
                0x00000000c0000558                irq14
                0x00000000c0000562                irq15
                0x00000000c000056c                irq16
                0x00000000c0000576                irq17
                0x00000000c0000580                irq18
                0x00000000c000058a                irq19
                0x00000000c0000594                irq20
                0x00000000c000059e                irq21
                0x00000000c00005a8                irq22
                0x00000000c00005b2                irq23
                0x00000000c00005bc                int_common_stub
                0x00000000c00005ec                syscall_common_stub
 .text          0x00000000c0000626      0x411 acpica/utclib.32
                0x00000000c0000626                memcmp
                0x00000000c0000651                memmove
                0x00000000c0000689                memcpy
                0x00000000c00006bf                memset
                0x00000000c00006dc                strlen
                0x00000000c00006ec                strpbrk
                0x00000000c000070f                strtok
                0x00000000c000075e                strcpy
                0x00000000c000077e                strncpy
                0x00000000c00007af                strcmp
                0x00000000c00007d0                strchr
                0x00000000c00007e6                strncmp
                0x00000000c0000815                strcat
                0x00000000c000083c                strncat
                0x00000000c0000876                strstr
                0x00000000c00008b3                toupper
                0x00000000c00008c7                tolower
                0x00000000c00008db                simple_strtoul
 .text          0x00000000c0000a37      0xfc2 core/malloc.32
                0x00000000c0000ba2                dlfree
                0x00000000c0000f00                dlmalloc
                0x00000000c000143d                dlrealloc
                0x00000000c00015f2                dlmemalign
                0x00000000c0001715                dlcalloc
                0x00000000c00017af                dlcfree
                0x00000000c00017b4                dlindependent_calloc
                0x00000000c00017d9                dlindependent_comalloc
                0x00000000c00017f0                dlvalloc
                0x00000000c000181b                dlpvalloc
                0x00000000c0001851                dlmalloc_trim
                0x00000000c000185e                dlmalloc_usable_size
                0x00000000c000188f                dlmallinfo
                0x00000000c000195e                dlmalloc_stats
                0x00000000c000196f                dlmallopt
 .text          0x00000000c00019f9        0x0 libk/string.32
 .text          0x00000000c00019f9       0x51 fs/fat/diskio.32
                0x00000000c00019f9                disk_status
                0x00000000c00019fc                disk_initialize
                0x00000000c00019ff                disk_read
                0x00000000c0001a15                disk_write
                0x00000000c0001a2b                disk_ioctl
 .text          0x00000000c0001a4a     0x67e6 fs/fat/ff.32
                0x00000000c0004d00                f_mount
                0x00000000c0004d62                f_open
                0x00000000c000519e                f_read
                0x00000000c000541e                f_write
                0x00000000c00056d8                f_sync
                0x00000000c00058b4                f_close
                0x00000000c00058e3                f_lseek
                0x00000000c0005d48                f_opendir
                0x00000000c0005e4a                f_closedir
                0x00000000c0005e6c                f_readdir
                0x00000000c0005f07                f_stat
                0x00000000c0005f96                f_getfree
                0x00000000c000617e                f_truncate
                0x00000000c0006276                f_unlink
                0x00000000c00063f7                f_mkdir
                0x00000000c0006623                f_rename
                0x00000000c0006916                f_chmod
                0x00000000c00069f4                f_utime
                0x00000000c0006ad2                f_getlabel
                0x00000000c0006cc6                f_setlabel
                0x00000000c0006f33                f_forward
                0x00000000c0007111                f_mkfs
 .text          0x00000000c0008230       0x2d fs/fat/ffsystem.32
                0x00000000c0008230                ff_memalloc
                0x00000000c0008246                ff_memfree
 .text          0x00000000c000825d      0x280 fs/fat/ffunicode.32
                0x00000000c000825d                ff_uni2oem
                0x00000000c00082f3                ff_oem2uni
                0x00000000c0008362                ff_wtoupper
 .text          0x00000000c00084dd      0x70e hal/libresample/samplerate.32
                0x00000000c0008565                src_delete
                0x00000000c00085a1                src_process
                0x00000000c00086c9                src_callback_read
                0x00000000c000882a                src_set_ratio
                0x00000000c0008881                src_get_channels
                0x00000000c00088a3                src_reset
                0x00000000c00088e7                src_new
                0x00000000c0008975                src_callback_new
                0x00000000c00089d7                src_get_name
                0x00000000c0008a0e                src_get_description
                0x00000000c0008a45                src_get_version
                0x00000000c0008a4b                src_is_valid_ratio
                0x00000000c0008a65                src_error
                0x00000000c0008a73                src_strerror
                0x00000000c0008a86                src_simple
                0x00000000c0008ad9                src_short_to_float_array
                0x00000000c0008aff                src_float_to_short_array
                0x00000000c0008b63                src_int_to_float_array
                0x00000000c0008b89                src_float_to_int_array
 .text          0x00000000c0008beb      0x3f9 hal/libresample/src_linear.32
                0x00000000c0008f3f                linear_get_name
                0x00000000c0008f4e                linear_get_description
                0x00000000c0008f5d                linear_set_converter
 .text          0x00000000c0008fe4     0x1a31 hal/libresample/src_sinc.32
                0x00000000c000a92c                sinc_get_name
                0x00000000c000a93f                sinc_get_description
                0x00000000c000a952                sinc_set_converter
 .text          0x00000000c000aa15      0x3cf hal/libresample/src_zoh.32
                0x00000000c000ad3f                zoh_get_name
                0x00000000c000ad4e                zoh_get_description
                0x00000000c000ad5d                zoh_set_converter
 .text          0x00000000c000ade4      0x9d0 core/computer.32
                0x00000000c000ade4                Computer::close(int, int, void*)
                0x00000000c000ae2a                Computer::Computer()
                0x00000000c000ae2a                Computer::Computer()
                0x00000000c000af90                Computer::setBootMessage(char const*)
                0x00000000c000af92                Computer::start()
                0x00000000c000b095                firstTask()
                0x00000000c000b0a4                Computer::detectFeatures()
                0x00000000c000b29e                Computer::displayFeatures()
                0x00000000c000b57a                Computer::rdmsr(unsigned int)
                0x00000000c000b5a6                Computer::wrmsr(unsigned int, unsigned long long)
                0x00000000c000b5de                Computer::nmiEnabled()
                0x00000000c000b5ea                Computer::readCMOS(unsigned char)
                0x00000000c000b606                Computer::enableNMI(bool)
                0x00000000c000b61e                Computer::open(int, int, void*)
                0x00000000c000b6f2                Computer::disableNMI()
                0x00000000c000b702                Computer::writeCMOS(unsigned char, unsigned char)
                0x00000000c000b722                Computer::handleNMI()
                0x00000000c000b788                Computer::setDiskActivityLight(int, bool)
 .text          0x00000000c000b7b4      0x1b7 core/gdt.32
                0x00000000c000b7b4                GDTEntry::setBase(unsigned int)
                0x00000000c000b7d0                GDTEntry::setLimit(unsigned int)
                0x00000000c000b7ee                GDT::GDT()
                0x00000000c000b7ee                GDT::GDT()
                0x00000000c000b804                GDT::addEntry(GDTEntry)
                0x00000000c000b840                GDT::getNumberOfEntries()
                0x00000000c000b848                GDT::flush()
                0x00000000c000b86a                GDT::setup()
 .text          0x00000000c000b96b       0x61 core/idle.32
                0x00000000c000b96b                idleFunction(void*)
 .text          0x00000000c000b9cc      0x45f core/idt.32
                0x00000000c000b9cc                IDTEntry::IDTEntry(bool)
                0x00000000c000b9cc                IDTEntry::IDTEntry(bool)
                0x00000000c000ba3a                IDTEntry::setOffset(unsigned int)
                0x00000000c000ba4e                IDT::IDT()
                0x00000000c000ba4e                IDT::IDT()
                0x00000000c000ba50                IDT::getPointerToInvalidOpcodeEntryForF00F()
                0x00000000c000ba58                IDT::addEntry(IDTEntry, int)
                0x00000000c000ba72                IDT::addEntry(int, void (*)(), bool)
                0x00000000c000baaa                IDT::flush()
                0x00000000c000bac4                IDT::setup()
 .text          0x00000000c000be2b      0x20c core/kheap.32
                0x00000000c000be2b                sbrk
                0x00000000c000bf42                mmap
                0x00000000c000bf58                munmap
                0x00000000c000bf6e                liballoc_lock()
                0x00000000c000bf7f                liballoc_unlock()
                0x00000000c000bf90                liballoc_alloc(int)
                0x00000000c000bfab                liballoc_free(void*, int)
                0x00000000c000bfc9                realloc
                0x00000000c000bfdd                malloc
                0x00000000c000bfed                free
                0x00000000c000bffd                rfree
                0x00000000c000c00d                calloc
 .text          0x00000000c000c037      0x3a9 core/main.32
                0x00000000c000c037                hwTextMode_loadInData(VgaText*)
                0x00000000c000c07c                hwTextMode_loadInTitle(VgaText*, char*)
                0x00000000c000c0c6                hwTextMode_showCursor(VgaText*, bool)
                0x00000000c000c11a                hwTextMode_update(VgaText*)
                0x00000000c000c11b                hwTextMode_updateCursor(VgaText*)
                0x00000000c000c169                hwTextMode_disableBlink(VgaText*, bool)
                0x00000000c000c1a5                hwTextMode_scrollScreen(VgaText*)
                0x00000000c000c231                hwTextMode_writeCharacter(VgaText*, char, VgaColour, VgaColour, int, int)
                0x00000000c000c297                setupTextMode()
                0x00000000c000c2e8                kernel_main
 .text          0x00000000c000c3e0      0x504 core/physmgr.32
                0x00000000c000c3e0                Phys::allocateDMA(unsigned long)
                0x00000000c000c484                Phys::freeDMA(unsigned long, unsigned long)
                0x00000000c000c4cc                Phys::setPageState(unsigned long, bool)
                0x00000000c000c505                Phys::getPageState(unsigned long)
                0x00000000c000c526                Phys::freePage(unsigned long)
                0x00000000c000c5b3                Phys::allocatePage()
                0x00000000c000c67f                Phys::allowSegmentToBeUsed(unsigned long, unsigned long)
                0x00000000c000c6b7                Phys::physicalMemorySetup(unsigned int)
 .text          0x00000000c000c8e4      0x273 core/pipe.32
                0x00000000c000c8e4                Pipe::isAtty()
                0x00000000c000c8e8                Pipe::~Pipe()
                0x00000000c000c8e8                Pipe::~Pipe()
                0x00000000c000c90c                Pipe::~Pipe()
                0x00000000c000c934                Pipe::read(unsigned long long, void*, int*)
                0x00000000c000ca28                Pipe::write(unsigned long long, void*, int*)
                0x00000000c000caf0                Pipe::Pipe(int)
                0x00000000c000caf0                Pipe::Pipe(int)
 *fill*         0x00000000c000cb57        0x1 
 .text          0x00000000c000cb58      0xf67 core/terminal.32
                0x00000000c000cb58                VgaText::isAtty()
                0x00000000c000cb5c                VgaText::~VgaText()
                0x00000000c000cb5c                VgaText::~VgaText()
                0x00000000c000cb80                VgaText::~VgaText()
                0x00000000c000cbaa                VgaText::read(unsigned long long, void*, int*)
                0x00000000c000cbca                setTerminalScrollLock(bool)
                0x00000000c000cbcb                addToTerminalCycle(VgaText*)
                0x00000000c000cbf8                installVgaTextImplementation()
                0x00000000c000cc0d                scrollTerminalScrollLock(int)
                0x00000000c000cc0e                VgaText::load()
                0x00000000c000cc62                VgaText::updateCursor()
                0x00000000c000cc7c                VgaText::showCursor(bool)
                0x00000000c000cc8c                VgaText::disableBlink(bool)
                0x00000000c000ccc6                VgaText::doANSI_SGR(int)
                0x00000000c000cd52                VgaText::setDefaultBgColour(VgaColour)
                0x00000000c000cd68                VgaText::setDefaultFgColour(VgaColour)
                0x00000000c000cd7e                VgaText::setDefaultColours(VgaColour, VgaColour)
                0x00000000c000cd9e                VgaText::combineColours(unsigned char, unsigned char)
                0x00000000c000cdb0                VgaText::scrollScreen()
                0x00000000c000ce44                VgaText::combineCharAndColour(char, unsigned char)
                0x00000000c000ce56                VgaText::writeCharacter(char, VgaColour, VgaColour, int, int)
                0x00000000c000ceb6                VgaText::getCursorX()
                0x00000000c000cec2                VgaText::getCursorY()
                0x00000000c000cece                VgaText::setCursor(int, int)
                0x00000000c000ceec                VgaText::setCursorX(int)
                0x00000000c000cf08                VgaText::setCursorY(int)
                0x00000000c000cf24                VgaText::incrementCursor(bool)
                0x00000000c000cf8c                VgaText::updateRAMUsageDisplay(int)
                0x00000000c000cfe6                VgaText::updateDiskUsage()
                0x00000000c000d14c                VgaText::updateTitle()
                0x00000000c000d192                VgaText::setTitleTextColour(VgaColour)
                0x00000000c000d1a2                VgaText::setTitleColour(VgaColour)
                0x00000000c000d1b2                VgaText::setTitle(char*)
                0x00000000c000d1d8                VgaText::decrementCursor(bool)
                0x00000000c000d200                VgaText::putchar(char, VgaColour, VgaColour)
                0x00000000c000d2fc                VgaText::isShowingCursor()
                0x00000000c000d308                VgaText::isBlinkDisabled()
                0x00000000c000d316                VgaText::setCursorHeight(int)
                0x00000000c000d334                VgaText::getCursorHeight()
                0x00000000c000d33f                setActiveTerminal(VgaText*)
                0x00000000c000d3f1                doTerminalCycle()
                0x00000000c000d40e                VgaText::doUpdate()
                0x00000000c000d420                VgaText::puts(char const*, VgaColour, VgaColour)
                0x00000000c000d5e2                VgaText::clearScreen()
                0x00000000c000d646                VgaText::putchar(char)
                0x00000000c000d760                VgaText::puts(char const*)
                0x00000000c000d786                VgaText::putx(unsigned int)
                0x00000000c000d7cc                VgaText::VgaText(char const*)
                0x00000000c000d7cc                VgaText::VgaText(char const*)
                0x00000000c000d95e                VgaText::receiveKey(unsigned char)
                0x00000000c000da46                VgaText::write(unsigned long long, void*, int*)
                0x00000000c000da9a                newTerminal(char*)
 *fill*         0x00000000c000dabf        0x1 
 .text          0x00000000c000dac0      0x18f core/tss.32
                0x00000000c000dac0                TSS::TSS()
                0x00000000c000dac0                TSS::TSS()
                0x00000000c000dace                TSS::setESP(unsigned long)
                0x00000000c000dae0                TSS::flush()
                0x00000000c000db00                TSS::setup(unsigned long, unsigned long)
 *fill*         0x00000000c000dc4f        0x1 
 .text          0x00000000c000dc50      0x545 core/unixfile.32
                0x00000000c000dc50                ReservedFilename::read(unsigned long long, void*, int*)
                0x00000000c000dce6                ReservedFilename::isAtty()
                0x00000000c000dd1c                ReservedFilename::write(unsigned long long, void*, int*)
                0x00000000c000ddb6                UnixFile::getFileDescriptor()
                0x00000000c000ddbe                UnixFile::UnixFile(int)
                0x00000000c000ddbe                UnixFile::UnixFile(int)
                0x00000000c000df2e                ReservedFilename::ReservedFilename(int)
                0x00000000c000df2e                ReservedFilename::ReservedFilename(int)
                0x00000000c000df60                UnixFile::~UnixFile()
                0x00000000c000df60                UnixFile::~UnixFile()
                0x00000000c000dff8                UnixFile::~UnixFile()
                0x00000000c000e020                ReservedFilename::~ReservedFilename()
                0x00000000c000e020                ReservedFilename::~ReservedFilename()
                0x00000000c000e044                ReservedFilename::~ReservedFilename()
                0x00000000c000e06b                getFromFileDescriptor(int)
 *fill*         0x00000000c000e195        0x1 
 .text          0x00000000c000e196      0xecf core/virtmgr.32
                0x00000000c000e196                Virt::setPageState(unsigned long, Virt::VirtPageState)
                0x00000000c000e1cd                Virt::getPageState(unsigned long)
                0x00000000c000e1f4                Virt::allocateKernelVirtualPages(int)
                0x00000000c000e305                Virt::virtualMemorySetup()
                0x00000000c000e381                Virt::getAKernelVAS()
                0x00000000c000e387                Virt::setupPageSwapping(int)
                0x00000000c000e4a2                VAS::VAS()
                0x00000000c000e4a2                VAS::VAS()
                0x00000000c000e4d2                VAS::VAS(VAS*)
                0x00000000c000e4d2                VAS::VAS(VAS*)
                0x00000000c000e4f6                VAS::getForeignPageTableEntry(bool, unsigned long)
                0x00000000c000e522                VAS::getPageTableEntry(unsigned long)
                0x00000000c000e541                Virt::freeKernelVirtualPages(unsigned long)
                0x00000000c000e662                VAS::freeAllocatedPages(unsigned long)
                0x00000000c000e686                VAS::virtualToPhysical(unsigned long)
                0x00000000c000e6a0                VAS::reflagRange(unsigned long, int, int, int)
                0x00000000c000e6e4                VAS::setToWriteCombining(unsigned long, int)
                0x00000000c000e71e                VAS::mapOtherVASIn(bool, VAS*)
                0x00000000c000e754                VAS::~VAS()
                0x00000000c000e754                VAS::~VAS()
                0x00000000c000e8c0                VAS::mapPage(unsigned long, unsigned long, int)
                0x00000000c000e9c2                VAS::allocatePages(int, int)
                0x00000000c000eb94                VAS::setCPUSpecific(unsigned long)
                0x00000000c000ebb2                VAS::mapRange(unsigned long, unsigned long, int, int)
                0x00000000c000ec7c                VAS::mapForeignPage(bool, VAS*, unsigned long, unsigned long, int)
                0x00000000c000ed6e                VAS::VAS(bool)
                0x00000000c000ed6e                VAS::VAS(bool)
                0x00000000c000ef9e                mapVASFirstTime
 .text          0x00000000c000f065       0x93 coreobjs/c++.32
                0x00000000c000f065                __cxa_atexit
                0x00000000c000f068                __cxa_finalize
                0x00000000c000f069                __stack_chk_fail
                0x00000000c000f0c9                __cxa_pure_virtual
                0x00000000c000f0da                operator new(unsigned long)
                0x00000000c000f0df                operator new[](unsigned long)
                0x00000000c000f0e4                operator delete(void*)
                0x00000000c000f0e9                operator delete(void*, unsigned long)
                0x00000000c000f0ee                operator delete[](void*)
                0x00000000c000f0f3                operator delete[](void*, unsigned long)
 .text          0x00000000c000f0f8      0x23d dbg/kconsole.32
                0x00000000c000f0f8                Dbg::stringifyxWithBase(unsigned int, char*, int)
                0x00000000c000f19c                Dbg::logc(char)
                0x00000000c000f1b3                Dbg::logs(char*)
                0x00000000c000f1d0                Dbg::logWriteInt(unsigned int)
                0x00000000c000f1ee                Dbg::logWriteIntBase(unsigned int, int)
                0x00000000c000f20f                Dbg::kprintf(char const*, ...)
 *fill*         0x00000000c000f335        0x1 
 .text          0x00000000c000f336      0xb68 fs/vfs.32
                0x00000000c000f336                File::read(unsigned long long, void*, int*)
                0x00000000c000f38e                File::write(unsigned long long, void*, int*)
                0x00000000c000f3e6                Directory::read(unsigned long long, void*, int*)
                0x00000000c000f43e                Directory::write(unsigned long long, void*, int*)
                0x00000000c000f46c                File::isAtty()
                0x00000000c000f470                Directory::isAtty()
                0x00000000c000f474                Filesystem::getlabel(LogicalDisk*, int, char*, unsigned int*)
                0x00000000c000f47a                Filesystem::setlabel(LogicalDisk*, int, char*)
                0x00000000c000f480                File::~File()
                0x00000000c000f480                File::~File()
                0x00000000c000f4a4                File::~File()
                0x00000000c000f4ce                Directory::~Directory()
                0x00000000c000f4ce                Directory::~Directory()
                0x00000000c000f4f2                Directory::~Directory()
                0x00000000c000f51c                Filesystem::Filesystem()
                0x00000000c000f51c                Filesystem::Filesystem()
                0x00000000c000f540                Filesystem::~Filesystem()
                0x00000000c000f540                Filesystem::~Filesystem()
                0x00000000c000f54e                Filesystem::~Filesystem()
                0x00000000c000f572                initVFS()
                0x00000000c000f59c                standardiseFiles(char*, char const*, char const*)
                0x00000000c000f746                File::File(char const*, Process*)
                0x00000000c000f746                File::File(char const*, Process*)
                0x00000000c000f7aa                File::open(FileOpenMode)
                0x00000000c000f808                File::close()
                0x00000000c000f868                File::seek(unsigned long long)
                0x00000000c000f8be                File::tell(unsigned long long*)
                0x00000000c000f90e                File::rewind()
                0x00000000c000f922                File::unlink()
                0x00000000c000f96e                File::rename(char const*)
                0x00000000c000f9bc                File::chfatattr(unsigned char, unsigned char)
                0x00000000c000fa18                File::exists()
                0x00000000c000fa56                File::stat(unsigned long long*, bool*)
                0x00000000c000fab7                getcwd(Process*, char*, int)
                0x00000000c000fae1                setcwd(Process*, char*)
                0x00000000c000fc08                Directory::Directory(char const*, Process*)
                0x00000000c000fc08                Directory::Directory(char const*, Process*)
                0x00000000c000fc6c                Directory::open()
                0x00000000c000fcc8                Directory::close()
                0x00000000c000fd28                Directory::unlink()
                0x00000000c000fd74                Directory::rename(char const*)
                0x00000000c000fdc2                Directory::exists()
                0x00000000c000fe00                Directory::read(dirent*)
                0x00000000c000fe4c                Directory::create()
                0x00000000c000fe98                Filesystem::chfatattr(char const*, unsigned char, unsigned char)
 .text          0x00000000c000fe9e       0x84 hal/bus.32
                0x00000000c000fe9e                Bus::Bus(char const*)
                0x00000000c000fe9e                Bus::Bus(char const*)
                0x00000000c000fed4                Bus::~Bus()
                0x00000000c000fed4                Bus::~Bus()
                0x00000000c000fef8                Bus::~Bus()
 .text          0x00000000c000ff22      0x14e hal/buzzer.32
                0x00000000c000ff22                Buzzer::Buzzer(char const*)
                0x00000000c000ff22                Buzzer::Buzzer(char const*)
                0x00000000c000ff66                Buzzer::~Buzzer()
                0x00000000c000ff66                Buzzer::~Buzzer()
                0x00000000c000ff8a                Buzzer::~Buzzer()
                0x00000000c000ffb4                Buzzer::stop()
                0x00000000c000ffc7                beepThread(void*)
                0x00000000c0010002                Buzzer::beep(int, int, bool)
 .text          0x00000000c0010070      0x435 hal/clock.32
                0x00000000c0010070                loadClockSettings()
                0x00000000c001008a                Clock::Clock(char const*)
                0x00000000c001008a                Clock::Clock(char const*)
                0x00000000c00100c0                Clock::~Clock()
                0x00000000c00100c0                Clock::~Clock()
                0x00000000c00100e4                Clock::~Clock()
                0x00000000c001010e                Clock::timeInSecondsLocal()
                0x00000000c0010156                Clock::setTimeInSecondsLocal(unsigned long long)
                0x00000000c00101af                datetimeToSeconds(datetime_t)
                0x00000000c00102dc                Clock::setTimeInDatetimeLocal(datetime_t)
                0x00000000c001033c                secondsToDatetime(unsigned long long)
                0x00000000c0010480                Clock::timeInDatetimeLocal()
 *fill*         0x00000000c00104a5        0x1 
 .text          0x00000000c00104a6      0x500 hal/device.32
                0x00000000c00104a6                Device::hibernate()
                0x00000000c00104a8                Device::wake()
                0x00000000c00104aa                Device::detect()
                0x00000000c00104ac                Device::disableLegacy()
                0x00000000c00104ae                Device::powerSaving(PowerSavingLevel)
                0x00000000c00104b0                DriverlessDevice::close(int, int, void*)
                0x00000000c00104b4                DriverlessDevice::detect()
                0x00000000c00104b6                DriverlessDevice::open(int, int, void*)
                0x00000000c00104ca                Device::~Device()
                0x00000000c00104ca                Device::~Device()
                0x00000000c00104d8                Device::~Device()
                0x00000000c0010500                Device::findAndLoadDriver()
                0x00000000c0010502                Device::preOpenPCI(PCIDeviceInfo)
                0x00000000c0010524                Device::preOpenACPI(void*, char*, char*)
                0x00000000c0010578                Device::addIRQHandler(int, void (*)(regs*, void*), bool, void*)
                0x00000000c00105d6                Device::removeIRQHandler(int, void (*)(regs*, void*), bool)
                0x00000000c0010624                Device::addChild(Device*)
                0x00000000c0010668                Device::removeAllChildren()
                0x00000000c00106ae                Device::hibernateAll()
                0x00000000c00106de                Device::wakeAll()
                0x00000000c001070e                Device::detectAll()
                0x00000000c001073e                Device::disableLegacyAll()
                0x00000000c001076e                Device::loadDriversForAll()
                0x00000000c001079a                Device::closeAll()
                0x00000000c00107d0                Device::powerSavingAll(PowerSavingLevel)
                0x00000000c0010806                Device::setName(char const*)
                0x00000000c0010814                Device::Device(char const*)
                0x00000000c0010814                Device::Device(char const*)
                0x00000000c0010906                Device::getName()
                0x00000000c0010910                DriverlessDevice::DriverlessDevice(char const*)
                0x00000000c0010910                DriverlessDevice::DriverlessDevice(char const*)
                0x00000000c0010938                Device::addToLinkedList(LinkedList<Device>&, DeviceType)
                0x00000000c001097c                getDevicesOfType(DeviceType)
 .text          0x00000000c00109a6       0x84 hal/diskctrl.32
                0x00000000c00109a6                HardDiskController::HardDiskController(char const*)
                0x00000000c00109a6                HardDiskController::HardDiskController(char const*)
                0x00000000c00109dc                HardDiskController::~HardDiskController()
                0x00000000c00109dc                HardDiskController::~HardDiskController()
                0x00000000c0010a00                HardDiskController::~HardDiskController()
 .text          0x00000000c0010a2a       0xde hal/diskphys.32
                0x00000000c0010a2a                PhysicalDisk::PhysicalDisk(char const*, int)
                0x00000000c0010a2a                PhysicalDisk::PhysicalDisk(char const*, int)
                0x00000000c0010a92                PhysicalDisk::startCache()
                0x00000000c0010aba                PhysicalDisk::~PhysicalDisk()
                0x00000000c0010aba                PhysicalDisk::~PhysicalDisk()
                0x00000000c0010ade                PhysicalDisk::~PhysicalDisk()
 .text          0x00000000c0010b08      0x142 hal/fpu.32
                0x00000000c0010b08                FPU::FPU(char const*)
                0x00000000c0010b08                FPU::FPU(char const*)
                0x00000000c0010b3e                FPU::~FPU()
                0x00000000c0010b3e                FPU::~FPU()
                0x00000000c0010b62                FPU::~FPU()
                0x00000000c0010b8c                setupFPU()
 .text          0x00000000c0010c4a     0x12db hal/intctrl.32
                0x00000000c0010c4a                InterruptController::uninstallISRHandler(int, void (*)(regs*, void*))
                0x00000000c0010c82                InterruptController::installISRHandler(int, void (*)(regs*, void*), void*)
                0x00000000c0010cd4                doubleFault(regs*, void*)
                0x00000000c0010cee                InterruptController::installIRQHandler(int, void (*)(regs*, void*), bool, void*)
                0x00000000c0010d8a                InterruptController::clearAllHandlers(int, bool)
                0x00000000c0010e32                InterruptController::uninstallIRQHandler(int, void (*)(regs*, void*), bool)
                0x00000000c0010eb9                nmiHandler(regs*, void*)
                0x00000000c0010ec7                int_handler
                0x00000000c0010f62                InterruptController::InterruptController(char const*)
                0x00000000c0010f62                InterruptController::InterruptController(char const*)
                0x00000000c0011008                InterruptController::~InterruptController()
                0x00000000c0011008                InterruptController::~InterruptController()
                0x00000000c001102c                InterruptController::~InterruptController()
                0x00000000c0011056                displayDebugInfo(regs*)
                0x00000000c001146d                x87EmulHandler(regs*, void*)
                0x00000000c00114d0                gpFault(regs*, void*)
                0x00000000c0011509                pgFault(regs*, void*)
                0x00000000c0011520                otherISRHandler(regs*, void*)
                0x00000000c001153f                opcodeFault(regs*, void*)
                0x00000000c0011af8                displayProgramFault(char const*)
                0x00000000c0011b20                setupInterruptController()
                0x00000000c0011ed8                InterruptController::convertLegacyIRQNumber(int)
 *fill*         0x00000000c0011f25        0x1 
 .text          0x00000000c0011f26      0x61c hal/keybrd.32
                0x00000000c0011f26                startGUI(void*)
                0x00000000c0011f98                sendKeyToTerminal(unsigned char)
                0x00000000c0012009                sendKeyboardToken(KeyboardToken)
                0x00000000c00123f2                clearInternalKeybuffer(VgaText*)
                0x00000000c0012427                readKeyboard(VgaText*, char*, unsigned long)
                0x00000000c00124b8                Keyboard::Keyboard(char const*)
                0x00000000c00124b8                Keyboard::Keyboard(char const*)
                0x00000000c00124f4                Keyboard::~Keyboard()
                0x00000000c00124f4                Keyboard::~Keyboard()
                0x00000000c0012518                Keyboard::~Keyboard()
 .text          0x00000000c0012542      0x400 hal/logidisk.32
                0x00000000c0012542                LogicalDisk::close(int, int, void*)
                0x00000000c0012546                LogicalDisk::~LogicalDisk()
                0x00000000c0012546                LogicalDisk::~LogicalDisk()
                0x00000000c001256a                LogicalDisk::~LogicalDisk()
                0x00000000c0012594                LogicalDisk::open(int, int, void*)
                0x00000000c00125a8                LogicalDisk::absoluteToRelative(unsigned long long)
                0x00000000c00125e0                LogicalDisk::relativeToAbsolute(unsigned long long)
                0x00000000c0012626                LogicalDisk::LogicalDisk(char const*, PhysicalDisk*, unsigned long long, unsigned long long)
                0x00000000c0012626                LogicalDisk::LogicalDisk(char const*, PhysicalDisk*, unsigned long long, unsigned long long)
                0x00000000c00126dc                LogicalDisk::assignDriveLetter()
                0x00000000c0012792                LogicalDisk::mount()
                0x00000000c0012804                LogicalDisk::unmount()
                0x00000000c0012814                LogicalDisk::unassignDriveLetter()
                0x00000000c001286a                LogicalDisk::read(unsigned long long, int, void*)
                0x00000000c00128d6                LogicalDisk::write(unsigned long long, int, void*)
 .text          0x00000000c0012942       0x84 hal/mouse.32
                0x00000000c0012942                Mouse::Mouse(char const*)
                0x00000000c0012942                Mouse::Mouse(char const*)
                0x00000000c0012978                Mouse::~Mouse()
                0x00000000c0012978                Mouse::~Mouse()
                0x00000000c001299c                Mouse::~Mouse()
 .text          0x00000000c00129c6      0x339 hal/partition.32
                0x00000000c00129c6                makePartition(PhysicalDisk*, unsigned long long, unsigned long long)
                0x00000000c0012a6e                createPartitionsForDisk(PhysicalDisk*)
 *fill*         0x00000000c0012cff        0x1 
 .text          0x00000000c0012d00      0x2e7 hal/timer.32
                0x00000000c0012d00                Timer::Timer(char const*)
                0x00000000c0012d00                Timer::Timer(char const*)
                0x00000000c0012d36                Timer::~Timer()
                0x00000000c0012d36                Timer::~Timer()
                0x00000000c0012d5a                Timer::~Timer()
                0x00000000c0012d84                Timer::read()
                0x00000000c0012d8f                timerHandler(unsigned long long)
                0x00000000c0012ec6                setupTimer(int)
 *fill*         0x00000000c0012fe7        0x1 
 .text          0x00000000c0012fe8      0x2d1 hal/vcache.32
                0x00000000c0012fe8                VCache::VCache(PhysicalDisk*)
                0x00000000c0012fe8                VCache::VCache(PhysicalDisk*)
                0x00000000c00130d8                VCache::writeWriteBuffer()
                0x00000000c0013114                VCache::~VCache()
                0x00000000c0013114                VCache::~VCache()
                0x00000000c0013154                VCache::~VCache()
                0x00000000c001317c                VCache::write(unsigned long long, int, void*)
                0x00000000c0013260                VCache::read(unsigned long long, int, void*)
 *fill*         0x00000000c00132b9        0x1 
 .text          0x00000000c00132ba      0x26d hal/video.32
                0x00000000c00132ba                Video::putrect(int, int, int, int, unsigned int)
                0x00000000c0013304                Video::blit(unsigned int*, int, int, int, int)
                0x00000000c0013382                Video::clearScreen(unsigned int)
                0x00000000c00133b6                Video::putpixel(int, int, unsigned int)
                0x00000000c00133c4                Video::Video(char const*)
                0x00000000c00133c4                Video::Video(char const*)
                0x00000000c00133fa                Video::~Video()
                0x00000000c00133fa                Video::~Video()
                0x00000000c001341e                Video::~Video()
                0x00000000c0013448                Video::isMonochrome()
                0x00000000c0013454                Video::getWidth()
                0x00000000c0013460                Video::getHeight()
                0x00000000c001346c                Video::drawCursor(int, int, unsigned char*, int)
 *fill*         0x00000000c0013527        0x1 
 .text          0x00000000c0013528      0xd68 hw/acpi.32
                0x00000000c0013528                ACPI::close(int, int, void*)
                0x00000000c00135e1                findRSDP()
                0x00000000c001366b                loadACPITables(unsigned char*)
                0x00000000c0013892                findRSDT(unsigned char*)
                0x00000000c00139b0                findDataTable(unsigned char*, char*)
                0x00000000c0013a4c                scanMADT()
                0x00000000c0013e08                ACPI::ACPI()
                0x00000000c0013e08                ACPI::ACPI()
                0x00000000c0013e68                ACPI::getPCIIRQAssignment(unsigned char, unsigned short, unsigned char)
                0x00000000c0013f4a                ACPI::registerPCIIRQAssignment(void*, unsigned short, unsigned char, unsigned char)
                0x00000000c001405a                ACPI::setScreenBrightnessLevel(void*, int)
                0x00000000c0014060                ACPI::writeSimpleBootFlag(SimpleBootFlagTable*)
                0x00000000c00140b2                ACPI::open(int, int, void*)
                0x00000000c0014278                ACPI::sleep()
 .text          0x00000000c0014290     0x17ae hw/cpu.32
                0x00000000c0014290                CPU::close(int, int, void*)
                0x00000000c0014293                lookupAMDCPUName(unsigned char, unsigned char)
                0x00000000c0014438                lookupIntelCPUName(unsigned char, unsigned char)
                0x00000000c00146f1                AMD_K6_write_msr(unsigned int, unsigned int, unsigned int, REGS*)
                0x00000000c001470d                AMD_K6_read_msr(unsigned int, REGS*)
                0x00000000c0014725                AMD_K6_writeback(int, int, int)
                0x00000000c0014798                cpuid(int, unsigned long*, unsigned long*, unsigned long*, unsigned long*)
                0x00000000c001481b                cpuidCheckEDX(unsigned int)
                0x00000000c0014848                cpuidCheckECX(unsigned int)
                0x00000000c0014875                cpuidCheckExtendedEBX(unsigned int)
                0x00000000c00148a2                cpuidCheckExtendedECX(unsigned int)
                0x00000000c00148cf                getCPUNumber()
                0x00000000c00148d2                thisCPU()
                0x00000000c00148e6                CPU::CPU()
                0x00000000c00148e6                CPU::CPU()
                0x00000000c0014974                CPU::displayFeatures()
                0x00000000c0014bf0                CPU::detectFeatures()
                0x00000000c00155c6                CPU::setupSMEP()
                0x00000000c00155e0                CPU::setupUMIP()
                0x00000000c00155f8                CPU::setupTSC()
                0x00000000c0015610                CPU::setupLargePages()
                0x00000000c0015628                CPU::setupPAT()
                0x00000000c0015664                CPU::setupMTRR()
                0x00000000c0015666                CPU::setupGlobalPages()
                0x00000000c001567c                CPU::allowUsermodeDataAccess()
                0x00000000c001568e                CPU::prohibitUsermodeDataAccess()
                0x00000000c00156a0                CPU::setupSMAP()
                0x00000000c00156c6                CPU::setupFeatures()
                0x00000000c0015768                CPU::open(int, int, void*)
                0x00000000c001583e                CPU::decodeAddress(regs*, int*, bool*, unsigned char*)
 .text          0x00000000c0015a3e        0x0 hw/ports.32
 .text          0x00000000c0015a3e      0x354 krnl/panic.32
                0x00000000c0015a3e                Krnl::panic(char const*)
 .text          0x00000000c0015d92      0x511 reg/registry.32
                0x00000000c0015d92                Reg::findLineFromLoadedData(char*, char*, char*)
                0x00000000c0015ef9                Reg::getLineFromRegistry(char*, char*, char*, char*)
                0x00000000c0016058                Reg::getLine(char*, char*, char*)
                0x00000000c001608f                Reg::readInt(char*, char*, int*)
                0x00000000c0016179                Reg::readString(char*, char*, char*, int)
                0x00000000c00161fa                Reg::readBool(char*, char*, bool*)
                0x00000000c001621f                Reg::readBoolWithDefault(char*, char*, bool)
                0x00000000c001624b                Reg::readIntWithDefault(char*, char*, int)
                0x00000000c0016277                Reg::readStringWithDefault(char*, char*, char*, int, char*)
 .text          0x00000000c00162a3       0x18 sys/sc_exit.32
                0x00000000c00162a3                Sys::exit(regs*)
 .text          0x00000000c00162bb       0x95 sys/sc_loaddll.32
                0x00000000c00162bb                Sys::loadDLL(regs*)
 .text          0x00000000c0016350       0x68 sys/sc_read.32
                0x00000000c0016350                Sys::read(regs*)
 .text          0x00000000c00163b8       0x55 sys/sc_sbrk.32
                0x00000000c00163b8                Sys::sbrk(regs*)
 .text          0x00000000c001640d       0x83 sys/sc_write.32
                0x00000000c001640d                Sys::write(regs*)
 .text          0x00000000c0016490       0x1a sys/sc_yield.32
                0x00000000c0016490                Sys::yield(regs*)
 .text          0x00000000c00164aa      0xfe6 sys/syscalls.32
                0x00000000c00164aa                sysCallGetPID(regs*)
                0x00000000c00164ba                sysCallSeekDir(regs*)
                0x00000000c00164bf                sysCallTellDir(regs*)
                0x00000000c00164c4                sysCallVerify(regs*)
                0x00000000c00164ce                sysCallFork(regs*)
                0x00000000c00164d5                sysCallExecve(regs*)
                0x00000000c00164dc                sysCallGetArgc(regs*)
                0x00000000c00164f0                sysFormatDisk(regs*)
                0x00000000c0016553                sysSetDiskVolumeLabel(regs*)
                0x00000000c001659b                sysGetDiskVolumeLabel(regs*)
                0x00000000c00165ee                sysShutdown(regs*)
                0x00000000c0016669                sysCallGetCwd(regs*)
                0x00000000c001668f                sysCallSetCwd(regs*)
                0x00000000c00166b1                sysCallRealpath(regs*)
                0x00000000c00166fe                sysCallReadDir(regs*)
                0x00000000c0016791                sysCallIsATTY(regs*)
                0x00000000c00167e9                sysCallSeek(regs*)
                0x00000000c001684f                sysCallTell(regs*)
                0x00000000c00168ca                sysCallSizeFromFilename(regs*)
                0x00000000c0016978                sysCallSize(regs*)
                0x00000000c00169f9                sysCallClose(regs*)
                0x00000000c0016a7c                sysCallOpenDir(regs*)
                0x00000000c0016ae7                sysCallMakeDir(regs*)
                0x00000000c0016b42                sysCallCloseDir(regs*)
                0x00000000c0016ba3                sysCallWait(regs*)
                0x00000000c0016bc4                sysCallRmdir(regs*)
                0x00000000c0016c17                sysCallUnlink(regs*)
                0x00000000c0016c6a                sysCallGetArgv(regs*)
                0x00000000c0016cb6                sysCallTTYName(regs*)
                0x00000000c0016d37                sysCallGetEnv(regs*)
                0x00000000c0016d8e                sysCallUSleep(regs*)
                0x00000000c0016dd0                sysCallSpawn(regs*)
                0x00000000c0016e2f                sysAppSettings(regs*)
                0x00000000c0016f54                sysSetFatAttrib(regs*)
                0x00000000c0016fb7                sysPanic(regs*)
                0x00000000c0016fde                sysPipe(regs*)
                0x00000000c0017023                sysGetUnixTime(regs*)
                0x00000000c0017037                string_ends_with(char const*, char const*)
                0x00000000c0017081                sysCallOpen(regs*)
                0x00000000c0017295                setupSystemCalls()
                0x00000000c001744e                systemCall(regs*, void*)
 .text          0x00000000c0017490     0x11c1 thr/elf.32
                0x00000000c0017490                Thr::allocateMemoryForTask(Process*, File*, unsigned long, unsigned long, unsigned long)
                0x00000000c0017707                Thr::loadProgramIntoMemory(Process*, char const*)
                0x00000000c001791d                Thr::runtimeReferenceHelper()
                0x00000000c0017930                Thr::getAddressOfKernelSymbol(char const*)
                0x00000000c001797f                Thr::loadKernelSymbolTable(char const*)
                0x00000000c0017c40                Thr::loadDriverIntoMemory(char const*, unsigned long, bool)
                0x00000000c00183de                Thr::getDriverBaseFromAddress(unsigned long)
                0x00000000c0018410                Thr::getDriverNameFromAddress(unsigned long)
                0x00000000c0018447                Thr::getDriverOffsetFromAddress(unsigned long)
                0x00000000c0018461                Thr::loadDLL(char const*, bool)
                0x00000000c0018627                Thr::executeDLL(unsigned long, void*)
 *fill*         0x00000000c0018651        0x1 
 .text          0x00000000c0018652     0x1002 thr/prcssthr.32
                0x00000000c0018652                changeTSS
                0x00000000c0018680                Process::addArgs(char**)
                0x00000000c00186e2                Process::Process(char const*, Process*, char**)
                0x00000000c00186e2                Process::Process(char const*, Process*, char**)
                0x00000000c001889e                Process::Process(bool, char const*, Process*, char**)
                0x00000000c001889e                Process::Process(bool, char const*, Process*, char**)
                0x00000000c0018a25                disableIRQs()
                0x00000000c0018a32                getIRQNestingLevel()
                0x00000000c0018a38                enableIRQs()
                0x00000000c0018a47                lockScheduler()
                0x00000000c0018a49                unlockScheduler()
                0x00000000c0018a4b                userModeEntryPoint(void*)
                0x00000000c0018a6e                lockStuff()
                0x00000000c0018a7f                taskStartupFunction
                0x00000000c0018a88                updateTimeUsed()
                0x00000000c0018ae6                switchToThread(ThreadControlBlock*)
                0x00000000c0018b3c                Semaphore::Semaphore(int)
                0x00000000c0018b3c                Semaphore::Semaphore(int)
                0x00000000c0018b6a                Mutex::Mutex()
                0x00000000c0018b6a                Mutex::Mutex()
                0x00000000c0018b7c                Process::createThread(void (*)(void*), void*, int)
                0x00000000c0018c5e                Process::createUserThread()
                0x00000000c0018c7b                setupMultitasking(void (*)())
                0x00000000c0018d90                schedule()
                0x00000000c0018e15                unlockStuff()
                0x00000000c0018e4a                Semaphore::tryAcquire()
                0x00000000c0018e78                Semaphore::assertLocked(char const*)
                0x00000000c0018ea8                blockTaskWithSchedulerLockAlreadyHeld(TaskState)
                0x00000000c0018ee9                blockTask(TaskState)
                0x00000000c0018f0a                waitTask(int, int*, int)
                0x00000000c0018f4c                nanoSleepUntil(unsigned long long)
                0x00000000c0018fa5                nanoSleep(unsigned long long)
                0x00000000c0018fba                sleep(unsigned long long)
                0x00000000c0018fd8                Semaphore::acquire()
                0x00000000c001903d                taskReturned
                0x00000000c001906b                unblockTask(ThreadControlBlock*)
                0x00000000c0019118                cleanupTerminatedTask(ThreadControlBlock*)
                0x00000000c00193c1                cleanerTaskFunction(void*)
                0x00000000c0019474                terminateTask(int)
                0x00000000c0019556                Thr::terminateFromIRQ(int)
                0x00000000c0019564                Semaphore::release()
 .text          0x00000000c0019654      0x8bf vm86/vm8086.32
                0x00000000c0019654                Vm::vm8086EntryPoint(void*)
                0x00000000c001967f                Vm::inbv(unsigned short)
                0x00000000c0019685                Vm::outbv(unsigned short, unsigned char)
                0x00000000c001968f                Vm::realToLinear(unsigned short, unsigned short)
                0x00000000c001969f                Vm::getSegment(unsigned int)
                0x00000000c00196a7                Vm::getOffset(unsigned int)
                0x00000000c00196ac                Vm::loadFileAsThread(Process*, char const*, unsigned short, unsigned short, unsigned short, unsigned short)
                0x00000000c00197db                Vm::doISR(regs*, int, unsigned char*, unsigned short, unsigned short)
                0x00000000c0019865                Vm::readByteFromReal(unsigned short, unsigned short)
                0x00000000c0019876                Vm::readWordFromReal(unsigned short, unsigned short)
                0x00000000c0019888                Vm::readDwordFromReal(unsigned short, unsigned short)
                0x00000000c0019899                Vm::writeByteFromReal(unsigned short, unsigned short, unsigned char)
                0x00000000c00198ae                Vm::writeWordFromReal(unsigned short, unsigned short, unsigned short)
                0x00000000c00198c4                Vm::writeDwordFromReal(unsigned short, unsigned short, unsigned int)
                0x00000000c00198d9                Vm::faultHandler(regs*)
 *fill*         0x00000000c0019f13        0x1 
 .text          0x00000000c0019f14     0x112f fs/fat/vfslink.32
                0x00000000c0019f14                FAT::getName()
                0x00000000c0019f1a                FAT::tell(void*, unsigned long long*)
                0x00000000c0019f4e                FAT::stat(void*, unsigned long long*)
                0x00000000c0019f82                FAT::~FAT()
                0x00000000c0019f82                FAT::~FAT()
                0x00000000c0019fa6                FAT::~FAT()
                0x00000000c0019fce                FAT::getlabel(LogicalDisk*, int, char*, unsigned int*)
                0x00000000c001a06c                FAT::setlabel(LogicalDisk*, int, char*)
                0x00000000c001a126                FAT::format(LogicalDisk*, int, char const*, int)
                0x00000000c001a30a                FAT::tryMount(LogicalDisk*, int)
                0x00000000c001a510                FAT::readDir(void*, unsigned long, void*, int*)
                0x00000000c001a618                FAT::read(void*, unsigned long, void*, int*)
                0x00000000c001a672                FAT::write(void*, unsigned long, void*, int*)
                0x00000000c001a6cc                FAT::close(void*)
                0x00000000c001a718                FAT::closeDir(void*)
                0x00000000c001a764                FAT::seek(void*, unsigned long long)
                0x00000000c001a7b8                fatWrapperReadDisk
                0x00000000c001a803                fatWrapperWriteDisk
                0x00000000c001a84e                fatWrapperIoctl
                0x00000000c001a95e                FAT::FAT()
                0x00000000c001a95e                FAT::FAT()
                0x00000000c001a9b0                FAT::fixFilepath(char*)
                0x00000000c001a9e8                FAT::open(char const*, void**, FileOpenMode)
                0x00000000c001ab14                FAT::openDir(char const*, void**)
                0x00000000c001abba                FAT::stat(char const*, unsigned long long*, bool*)
                0x00000000c001aca6                FAT::unlink(char const*)
                0x00000000c001ad20                FAT::chfatattr(char const*, unsigned char, unsigned char)
                0x00000000c001ae9a                FAT::rename(char const*, char const*)
                0x00000000c001af5e                FAT::mkdir(char const*)
                0x00000000c001afd8                FAT::exists(char const*)
 *fill*         0x00000000c001b043        0x1 
 .text          0x00000000c001b044      0xbdd fs/iso9660/vfslink.32
                0x00000000c001b044                ISO9660::format(LogicalDisk*, int, char const*, int)
                0x00000000c001b04a                ISO9660::seek(void*, unsigned long long)
                0x00000000c001b07a                ISO9660::tell(void*, unsigned long long*)
                0x00000000c001b09e                ISO9660::getName()
                0x00000000c001b0a4                ISO9660::stat(void*, unsigned long long*)
                0x00000000c001b0c8                ISO9660::chfatattr(char const*, unsigned char, unsigned char)
                0x00000000c001b0ce                ISO9660::unlink(char const*)
                0x00000000c001b0d4                ISO9660::write(void*, unsigned long, void*, int*)
                0x00000000c001b0da                ISO9660::rename(char const*, char const*)
                0x00000000c001b0e0                ISO9660::mkdir(char const*)
                0x00000000c001b0e6                ISO9660::close(void*)
                0x00000000c001b108                ISO9660::closeDir(void*)
                0x00000000c001b12a                ISO9660::~ISO9660()
                0x00000000c001b12a                ISO9660::~ISO9660()
                0x00000000c001b14e                ISO9660::~ISO9660()
                0x00000000c001b175                __memmem(unsigned char*, int, unsigned char*, int)
                0x00000000c001b1b7                readSectorFromCDROM(unsigned int, unsigned char*, char)
                0x00000000c001b21e                ISO9660::tryMount(LogicalDisk*, int)
                0x00000000c001b26e                ISO9660::read(void*, unsigned long, void*, int*)
                0x00000000c001b4b2                ISO9660::readDir(void*, unsigned long, void*, int*)
                0x00000000c001b73d                readRoot(unsigned int*, unsigned int*, char)
                0x00000000c001b792                readRecursively(char*, unsigned int, unsigned int, unsigned int*, unsigned int*, char, int*)
                0x00000000c001b965                getFileData(char*, unsigned int*, unsigned int*, char, int*)
                0x00000000c001b9f4                ISO9660::open(char const*, void**, FileOpenMode)
                0x00000000c001ba8e                ISO9660::exists(char const*)
                0x00000000c001bab2                ISO9660::stat(char const*, unsigned long long*, bool*)
                0x00000000c001bb46                ISO9660::openDir(char const*, void**)
                0x00000000c001bbfe                ISO9660::ISO9660()
                0x00000000c001bbfe                ISO9660::ISO9660()
 *fill*         0x00000000c001bc21        0x1 
 .text          0x00000000c001bc22      0x248 hal/sound/sndchannel.32
                0x00000000c001bc22                SoundChannel::~SoundChannel()
                0x00000000c001bc22                SoundChannel::~SoundChannel()
                0x00000000c001bc3e                SoundChannel::setSpeed(float)
                0x00000000c001bc4a                SoundChannel::getSpeed()
                0x00000000c001bc52                SoundChannel::setVolume(int)
                0x00000000c001bc6e                SoundChannel::getVolume()
                0x00000000c001bc76                SoundChannel::pause()
                0x00000000c001bc80                SoundChannel::SoundChannel(int, int, int, int)
                0x00000000c001bc80                SoundChannel::SoundChannel(int, int, int, int)
                0x00000000c001bd7a                SoundChannel::play()
                0x00000000c001bd84                SoundChannel::paused()
                0x00000000c001bd8c                SoundChannel::getSampleRate()
                0x00000000c001bd94                SoundChannel::getBits()
                0x00000000c001bd9c                SoundChannel::getBufferUsed()
                0x00000000c001bda4                SoundChannel::getBufferSize()
                0x00000000c001bdac                SoundChannel::unbuffer(float*, int, int)
                0x00000000c001be1e                SoundChannel::buffer8(unsigned char*, int)
 .text          0x00000000c001be6a      0x30f hal/sound/sndhw.32
                0x00000000c001be6a                SoundDevice::SoundDevice(char const*)
                0x00000000c001be6a                SoundDevice::SoundDevice(char const*)
                0x00000000c001bed6                SoundDevice::~SoundDevice()
                0x00000000c001bed6                SoundDevice::~SoundDevice()
                0x00000000c001bf50                SoundDevice::~SoundDevice()
                0x00000000c001bf7a                SoundDevice::getFreeChannelNum()
                0x00000000c001bf94                SoundDevice::addChannel(SoundChannel*)
                0x00000000c001c004                SoundDevice::removeChannel(int)
                0x00000000c001c036                SoundDevice::floatTo8(float*, unsigned char*, int)
                0x00000000c001c0a2                SoundDevice::getAudio(int, float*, float*)
 .text          0x00000000c001c179        0x0 hw/bus/isa.32
 *fill*         0x00000000c001c179        0x1 
 .text          0x00000000c001c17a      0x6e9 hw/bus/pci.32
                0x00000000c001c17a                PCI::open(int, int, void*)
                0x00000000c001c18e                PCI::close(int, int, void*)
                0x00000000c001c192                PCI::PCI()
                0x00000000c001c192                PCI::PCI()
                0x00000000c001c214                PCI::pciReadWord(unsigned char, unsigned char, unsigned char, unsigned char)
                0x00000000c001c25c                PCI::getVendorID(unsigned char, unsigned char, unsigned char)
                0x00000000c001c27e                PCI::getHeaderType(unsigned char, unsigned char, unsigned char)
                0x00000000c001c2a2                PCI::getClassCode(unsigned char, unsigned char, unsigned char)
                0x00000000c001c2e6                PCI::getProgIF(unsigned char, unsigned char, unsigned char)
                0x00000000c001c30a                PCI::getRevisionID(unsigned char, unsigned char, unsigned char)
                0x00000000c001c32c                PCI::getInterruptNumber(unsigned char, unsigned char, unsigned char)
                0x00000000c001c34e                PCI::getSecondaryBus(unsigned char, unsigned char, unsigned char)
                0x00000000c001c372                PCI::getBARAddress(unsigned char, unsigned char, unsigned char, unsigned char)
                0x00000000c001c3d2                PCI::pciWriteWord(unsigned char, unsigned char, unsigned char, unsigned char, unsigned short)
                0x00000000c001c43e                PCI::checkBus(unsigned char)
                0x00000000c001c464                PCI::foundDevice(PCIDeviceInfo)
                0x00000000c001c5d4                PCI::getDeviceData(unsigned char, unsigned char, unsigned char)
                0x00000000c001c7a4                PCI::checkDevice(unsigned char, unsigned char)
                0x00000000c001c810                PCI::detect()
 *fill*         0x00000000c001c863        0x1 
 .text          0x00000000c001c864      0xc84 hw/diskctrl/ide.32
                0x00000000c001c864                IDE::close(int, int, void*)
                0x00000000c001c868                IDE::IDE()
                0x00000000c001c868                IDE::IDE()
                0x00000000c001c89c                IDE::prepareInterrupt(unsigned char)
                0x00000000c001c8ae                selectDrive(unsigned char, unsigned char)
                0x00000000c001c8b0                IDE::getBase(unsigned char)
                0x00000000c001c8c2                IDE::write(unsigned char, unsigned char, unsigned char)
                0x00000000c001c982                IDE::read(unsigned char, unsigned char)
                0x00000000c001ca30                IDE::waitInterrupt(unsigned char)
                0x00000000c001ca9c                ideChannel0IRQHandler(regs*, void*)
                0x00000000c001cab8                ideChannel1IRQHandler(regs*, void*)
                0x00000000c001cad4                IDE::enableIRQs(unsigned char, bool)
                0x00000000c001cb1a                IDE::open(int, int, void*)
                0x00000000c001cf2c                IDE::readBuffer(unsigned char, unsigned char, unsigned int, unsigned int)
                0x00000000c001cff8                IDE::detect()
                0x00000000c001d2e2                IDE::printError(unsigned char, unsigned char, unsigned char)
                0x00000000c001d478                IDE::polling(unsigned char, unsigned int)
 .text          0x00000000c001d4e8      0x64f hw/diskphys/ata.32
                0x00000000c001d4e8                ATA::close(int, int, void*)
                0x00000000c001d50c                ATA::powerSaving(PowerSavingLevel)
                0x00000000c001d50e                ATA::ATA()
                0x00000000c001d50e                ATA::ATA()
                0x00000000c001d53c                ATA::flush(bool)
                0x00000000c001d586                ATA::readyForCommand()
                0x00000000c001d5d6                ATA::access(unsigned long long, int, void*, bool)
                0x00000000c001d978                ATA::read(unsigned long long, int, void*)
                0x00000000c001d9e0                ATA::write(unsigned long long, int, void*)
                0x00000000c001da48                ATA::detectCHS()
                0x00000000c001da72                ATA::open(int, int, void*)
 *fill*         0x00000000c001db37        0x1 
 .text          0x00000000c001db38      0x5ae hw/diskphys/atapi.32
                0x00000000c001db38                ATAPI::write(unsigned long long, int, void*)
                0x00000000c001db3e                ATAPI::close(int, int, void*)
                0x00000000c001db62                ATAPI::ATAPI()
                0x00000000c001db62                ATAPI::ATAPI()
                0x00000000c001db90                ATAPI::readyForCommand()
                0x00000000c001dbe0                ATAPI::sendPacket(unsigned char*, int, bool, unsigned short*, int)
                0x00000000c001dea0                ATAPI::diskRemoved()
                0x00000000c001debc                ATAPI::eject()
                0x00000000c001df02                ATAPI::diskInserted()
                0x00000000c001df30                ATAPI::detectMedia()
                0x00000000c001dfec                ATAPI::open(int, int, void*)
                0x00000000c001e06c                ATAPI::read(unsigned long long, int, void*)
 .text          0x00000000c001e0e6       0x8e hw/fpu/avx.32
                0x00000000c001e0e6                AVX::open(int, int, void*)
                0x00000000c001e0f8                AVX::close(int, int, void*)
                0x00000000c001e10a                AVX::available()
                0x00000000c001e11c                AVX::save(void*)
                0x00000000c001e134                AVX::load(void*)
                0x00000000c001e14c                AVX::AVX()
                0x00000000c001e14c                AVX::AVX()
 .text          0x00000000c001e174       0x90 hw/fpu/mmx.32
                0x00000000c001e174                MMX::available()
                0x00000000c001e188                MMX::open(int, int, void*)
                0x00000000c001e19a                MMX::close(int, int, void*)
                0x00000000c001e1ac                MMX::save(void*)
                0x00000000c001e1c4                MMX::load(void*)
                0x00000000c001e1dc                MMX::MMX()
                0x00000000c001e1dc                MMX::MMX()
 .text          0x00000000c001e204       0x96 hw/fpu/sse.32
                0x00000000c001e204                SSE::open(int, int, void*)
                0x00000000c001e216                SSE::close(int, int, void*)
                0x00000000c001e228                SSE::available()
                0x00000000c001e242                SSE::save(void*)
                0x00000000c001e25a                SSE::load(void*)
                0x00000000c001e272                SSE::SSE()
                0x00000000c001e272                SSE::SSE()
 .text          0x00000000c001e29a       0x8e hw/fpu/x87.32
                0x00000000c001e29a                x87::open(int, int, void*)
                0x00000000c001e2ac                x87::close(int, int, void*)
                0x00000000c001e2be                x87::available()
                0x00000000c001e2d0                x87::save(void*)
                0x00000000c001e2e8                x87::load(void*)
                0x00000000c001e300                x87::x87()
                0x00000000c001e300                x87::x87()
 .text          0x00000000c001e328      0x63b hw/intctrl/apic.32
                0x00000000c001e328                APIC::disable()
                0x00000000c001e32a                APIC::close(int, int, void*)
                0x00000000c001e34c                IOAPIC::close(int, int, void*)
                0x00000000c001e352                APIC::io_wait()
                0x00000000c001e358                APIC::getBase()
                0x00000000c001e39a                APIC::eoi(unsigned char)
                0x00000000c001e3c8                APIC::open(int, int, void*)
                0x00000000c001e492                IOAPIC::IOAPIC()
                0x00000000c001e492                IOAPIC::IOAPIC()
                0x00000000c001e4ba                APIC::APIC()
                0x00000000c001e4ba                APIC::APIC()
                0x00000000c001e596                IOAPIC::handlesGSIWithNumber(unsigned int)
                0x00000000c001e5c8                IOAPIC::read(int)
                0x00000000c001e5f0                IOAPIC::open(int, int, void*)
                0x00000000c001e6f8                IOAPIC::write(int, int)
                0x00000000c001e724                IOAPIC::redirect(unsigned char, unsigned long long, unsigned char)
                0x00000000c001e7ea                APIC::installIRQHandler(int, void (*)(regs*, void*), bool, void*)
 *fill*         0x00000000c001e963        0x1 
 .text          0x00000000c001e964      0x3f3 hw/intctrl/pic.32
                0x00000000c001e964                PIC::disable()
                0x00000000c001e992                PIC::close(int, int, void*)
                0x00000000c001e9b4                PIC::PIC()
                0x00000000c001e9b4                PIC::PIC()
                0x00000000c001ea90                PIC::ioWait()
                0x00000000c001ea96                PIC::getIRQReg(int)
                0x00000000c001eb08                PIC::eoi(unsigned char)
                0x00000000c001eba0                PIC::remap()
                0x00000000c001ed18                PIC::open(int, int, void*)
 *fill*         0x00000000c001ed57        0x1 
 .text          0x00000000c001ed58      0x264 hw/timer/apictimer.32
                0x00000000c001ed58                APICTimer::close(int, int, void*)
                0x00000000c001ed5e                apicTimerHandler(regs*, void*)
                0x00000000c001ed90                APICTimer::write(int)
                0x00000000c001ee8e                APICTimer::open(int, int, void*)
                0x00000000c001ef94                APICTimer::APICTimer()
                0x00000000c001ef94                APICTimer::APICTimer()
 .text          0x00000000c001efbc      0x1b6 hw/timer/pit.32
                0x00000000c001efbc                PIT::write(int)
                0x00000000c001f042                pitHandler(regs*, void*)
                0x00000000c001f072                PIT::open(int, int, void*)
                0x00000000c001f0c0                PIT::close(int, int, void*)
                0x00000000c001f0f0                PIT::PIT()
                0x00000000c001f0f0                PIT::PIT()
 *fill*         0x00000000c001f172        0xe 
 .text          0x00000000c001f180        0xa hw/fpu/x86/avx.32
                0x00000000c001f180                avxDetect
                0x00000000c001f186                avxSave
                0x00000000c001f187                avxLoad
                0x00000000c001f188                avxInit
                0x00000000c001f189                avxClose
 *fill*         0x00000000c001f18a        0x6 
 .text          0x00000000c001f190       0x38 hw/fpu/x86/sse.32
                0x00000000c001f190                sseDetect
                0x00000000c001f1ab                sseSave
                0x00000000c001f1b1                sseLoad
                0x00000000c001f1b7                sseInit
                0x00000000c001f1c7                sseClose
 *fill*         0x00000000c001f1c8        0x8 
 .text          0x00000000c001f1d0       0x47 hw/fpu/x86/x87.32
                0x00000000c001f1d6                x87Detect
                0x00000000c001f1f1                x87Save
                0x00000000c001f1f7                x87Load
                0x00000000c001f1fc                x87Init
                0x00000000c001f216                x87Close
 *fill*         0x00000000c001f217        0x1 
 .text          0x00000000c001f218       0x25 /cygdrive/d/Users/Alex/Desktop/Toolchain/Output/bin/../lib/gcc/i386-banana/8.1.0/crtend.o
 .text          0x00000000c001f23d        0x0 crtn.32
 *fill*         0x00000000c001f23d        0x3 
 .text          0x00000000c001f240      0x14b /cygdrive/d/Users/Alex/Desktop/Toolchain/Output/bin/../lib/gcc/i386-banana/8.1.0/libgcc.a(_divdi3.o)
                0x00000000c001f240                __divdi3
 *fill*         0x00000000c001f38b        0x1 
 .text          0x00000000c001f38c      0x17e /cygdrive/d/Users/Alex/Desktop/Toolchain/Output/bin/../lib/gcc/i386-banana/8.1.0/libgcc.a(_moddi3.o)
                0x00000000c001f38c                __moddi3
 *fill*         0x00000000c001f50a        0x2 
 .text          0x00000000c001f50c       0xff /cygdrive/d/Users/Alex/Desktop/Toolchain/Output/bin/../lib/gcc/i386-banana/8.1.0/libgcc.a(_udivdi3.o)
                0x00000000c001f50c                __udivdi3
 *fill*         0x00000000c001f60b        0x1 
 .text          0x00000000c001f60c      0x11a /cygdrive/d/Users/Alex/Desktop/Toolchain/Output/bin/../lib/gcc/i386-banana/8.1.0/libgcc.a(_umoddi3.o)
                0x00000000c001f60c                __umoddi3
 *fill*         0x00000000c001f726        0xa 
 .text          0x00000000c001f730       0x1e D:/Users/Alex/Desktop/Banana/kernel/libk/libm32.a(s_fabs.c.o)
                0x00000000c001f730                fabs
 *fill*         0x00000000c001f74e        0x2 
 .text          0x00000000c001f750        0xc D:/Users/Alex/Desktop/Banana/kernel/libk/libm32.a(s_lrint.S.o)
                0x00000000c001f750                lrint
 .text          0x00000000c001f75c        0xc D:/Users/Alex/Desktop/Banana/kernel/libk/libm32.a(s_lrintf.S.o)
                0x00000000c001f75c                lrintf
 *(.gnu.linkonce.t*)

.iplt           0x00000000c001f768        0x0
 .iplt          0x00000000c001f768        0x0 D:/Users/Alex/Desktop/Banana/kernel/boot.32

.init           0x00000000c001f768        0xf
 .init          0x00000000c001f768        0x3 crti.32
                0x00000000c001f768                _init
 .init          0x00000000c001f76b        0x5 /cygdrive/d/Users/Alex/Desktop/Toolchain/Output/bin/../lib/gcc/i386-banana/8.1.0/crtbegin.o
 .init          0x00000000c001f770        0x5 /cygdrive/d/Users/Alex/Desktop/Toolchain/Output/bin/../lib/gcc/i386-banana/8.1.0/crtend.o
 .init          0x00000000c001f775        0x2 crtn.32

.fini           0x00000000c001f777        0xa
 .fini          0x00000000c001f777        0x3 crti.32
                0x00000000c001f777                _fini
 .fini          0x00000000c001f77a        0x5 /cygdrive/d/Users/Alex/Desktop/Toolchain/Output/bin/../lib/gcc/i386-banana/8.1.0/crtbegin.o
 .fini          0x00000000c001f77f        0x2 crtn.32

.text._ZN8ComputerD2Ev
                0x00000000c001f782       0x23
 .text._ZN8ComputerD2Ev
                0x00000000c001f782       0x23 core/computer.32
                0x00000000c001f782                Computer::~Computer()
                0x00000000c001f782                Computer::~Computer()

.text._ZN8ComputerD0Ev
                0x00000000c001f7a6       0x2a
 .text._ZN8ComputerD0Ev
                0x00000000c001f7a6       0x2a core/computer.32
                0x00000000c001f7a6                Computer::~Computer()

.text._Z10idleCommonv
                0x00000000c001f7d0       0x15
 .text._Z10idleCommonv
                0x00000000c001f7d0       0x15 core/idle.32
                0x00000000c001f7d0                idleCommon()

.text._ZN3CPU7readCR3Ev
                0x00000000c001f7e5       0x12
 .text._ZN3CPU7readCR3Ev
                0x00000000c001f7e5       0x12 core/kheap.32
                0x00000000c001f7e5                CPU::readCR3()

.text._ZN3CPU8writeCR3Em
                0x00000000c001f7f7        0x9
 .text._ZN3CPU8writeCR3Em
                0x00000000c001f7f7        0x9 core/kheap.32
                0x00000000c001f7f7                CPU::writeCR3(unsigned long)

.text._ZN10LinkedListI8UnixFileED2Ev
                0x00000000c001f800        0x2
 .text._ZN10LinkedListI8UnixFileED2Ev
                0x00000000c001f800        0x2 core/unixfile.32
                0x00000000c001f800                LinkedList<UnixFile>::~LinkedList()
                0x00000000c001f800                LinkedList<UnixFile>::~LinkedList()

.text._ZN10LinkedListI8UnixFileEC2Ev
                0x00000000c001f802       0x58
 .text._ZN10LinkedListI8UnixFileEC2Ev
                0x00000000c001f802       0x58 core/unixfile.32
                0x00000000c001f802                LinkedList<UnixFile>::LinkedList()
                0x00000000c001f802                LinkedList<UnixFile>::LinkedList()

.text._ZN10LinkedListI8UnixFileE10addElementEPS0_
                0x00000000c001f85a       0xd3
 .text._ZN10LinkedListI8UnixFileE10addElementEPS0_
                0x00000000c001f85a       0xd3 core/unixfile.32
                0x00000000c001f85a                LinkedList<UnixFile>::addElement(UnixFile*)

.text._ZN10LinkedListI8UnixFileE15getFirstElementEv
                0x00000000c001f92e        0x7
 .text._ZN10LinkedListI8UnixFileE15getFirstElementEv
                0x00000000c001f92e        0x7 core/unixfile.32
                0x00000000c001f92e                LinkedList<UnixFile>::getFirstElement()

.text._ZN10LinkedListI8UnixFileE11removeFirstEv
                0x00000000c001f936       0xa1
 .text._ZN10LinkedListI8UnixFileE11removeFirstEv
                0x00000000c001f936       0xa1 core/unixfile.32
                0x00000000c001f936                LinkedList<UnixFile>::removeFirst()

.text._ZN10LinkedListI8UnixFileE7getNextEPS0_
                0x00000000c001f9d8        0x8
 .text._ZN10LinkedListI8UnixFileE7getNextEPS0_
                0x00000000c001f9d8        0x8 core/unixfile.32
                0x00000000c001f9d8                LinkedList<UnixFile>::getNext(UnixFile*)

.text._ZN16DriverlessDeviceD2Ev
                0x00000000c001f9e0       0x1a
 .text._ZN16DriverlessDeviceD2Ev
                0x00000000c001f9e0       0x1a hal/device.32
                0x00000000c001f9e0                DriverlessDevice::~DriverlessDevice()
                0x00000000c001f9e0                DriverlessDevice::~DriverlessDevice()

.text._ZN16DriverlessDeviceD0Ev
                0x00000000c001f9fa       0x2a
 .text._ZN16DriverlessDeviceD0Ev
                0x00000000c001f9fa       0x2a hal/device.32
                0x00000000c001f9fa                DriverlessDevice::~DriverlessDevice()

.text._ZN10LinkedListI6DeviceE10addElementEPS0_
                0x00000000c001fa24       0xdc
 .text._ZN10LinkedListI6DeviceE10addElementEPS0_
                0x00000000c001fa24       0xdc hal/device.32
                0x00000000c001fa24                LinkedList<Device>::addElement(Device*)

.text._ZN10LinkedListI6DeviceEC2Ev
                0x00000000c001fb00       0x58
 .text._ZN10LinkedListI6DeviceEC2Ev
                0x00000000c001fb00       0x58 hal/device.32
                0x00000000c001fb00                LinkedList<Device>::LinkedList()
                0x00000000c001fb00                LinkedList<Device>::LinkedList()

.text._ZN3CPU7readCR0Ev
                0x00000000c001fb58       0x12
 .text._ZN3CPU7readCR0Ev
                0x00000000c001fb58       0x12 hal/fpu.32
                0x00000000c001fb58                CPU::readCR0()

.text._ZN3CPU8writeCR0Em
                0x00000000c001fb6a        0x9
 .text._ZN3CPU8writeCR0Em
                0x00000000c001fb6a        0x9 hal/fpu.32
                0x00000000c001fb6a                CPU::writeCR0(unsigned long)

.text._ZN3CPU7readDR0Ev
                0x00000000c001fb73       0x12
 .text._ZN3CPU7readDR0Ev
                0x00000000c001fb73       0x12 hal/intctrl.32
                0x00000000c001fb73                CPU::readDR0()

.text._ZN3CPU7readDR1Ev
                0x00000000c001fb85       0x12
 .text._ZN3CPU7readDR1Ev
                0x00000000c001fb85       0x12 hal/intctrl.32
                0x00000000c001fb85                CPU::readDR1()

.text._ZN3CPU7readDR2Ev
                0x00000000c001fb97       0x12
 .text._ZN3CPU7readDR2Ev
                0x00000000c001fb97       0x12 hal/intctrl.32
                0x00000000c001fb97                CPU::readDR2()

.text._ZN3CPU7readDR3Ev
                0x00000000c001fba9       0x12
 .text._ZN3CPU7readDR3Ev
                0x00000000c001fba9       0x12 hal/intctrl.32
                0x00000000c001fba9                CPU::readDR3()

.text._ZN3CPU7readDR6Ev
                0x00000000c001fbbb       0x12
 .text._ZN3CPU7readDR6Ev
                0x00000000c001fbbb       0x12 hal/intctrl.32
                0x00000000c001fbbb                CPU::readDR6()

.text._ZN3CPU7readDR7Ev
                0x00000000c001fbcd       0x12
 .text._ZN3CPU7readDR7Ev
                0x00000000c001fbcd       0x12 hal/intctrl.32
                0x00000000c001fbcd                CPU::readDR7()

.text._ZN10LinkedListIV18ThreadControlBlockE15getFirstElementEv
                0x00000000c001fbe0        0x7
 .text._ZN10LinkedListIV18ThreadControlBlockE15getFirstElementEv
                0x00000000c001fbe0        0x7 hal/timer.32
                0x00000000c001fbe0                LinkedList<ThreadControlBlock volatile>::getFirstElement()

.text._ZN10LinkedListIV18ThreadControlBlockE7isEmptyEv
                0x00000000c001fbe8       0x1c
 .text._ZN10LinkedListIV18ThreadControlBlockE7isEmptyEv
                0x00000000c001fbe8       0x1c hal/timer.32
                0x00000000c001fbe8                LinkedList<ThreadControlBlock volatile>::isEmpty()

.text._ZN10LinkedListIV18ThreadControlBlockE11removeFirstEv
                0x00000000c001fc04       0xae
 .text._ZN10LinkedListIV18ThreadControlBlockE11removeFirstEv
                0x00000000c001fc04       0xae hal/timer.32
                0x00000000c001fc04                LinkedList<ThreadControlBlock volatile>::removeFirst()

.text._ZN10LinkedListIV18ThreadControlBlockE10addElementEPS1_
                0x00000000c001fcb2       0xd3
 .text._ZN10LinkedListIV18ThreadControlBlockE10addElementEPS1_
                0x00000000c001fcb2       0xd3 hal/timer.32
                0x00000000c001fcb2                LinkedList<ThreadControlBlock volatile>::addElement(ThreadControlBlock volatile*)

.text._ZN4ACPID2Ev
                0x00000000c001fd86       0x23
 .text._ZN4ACPID2Ev
                0x00000000c001fd86       0x23 hw/acpi.32
                0x00000000c001fd86                ACPI::~ACPI()
                0x00000000c001fd86                ACPI::~ACPI()

.text._ZN4ACPID0Ev
                0x00000000c001fdaa       0x2a
 .text._ZN4ACPID0Ev
                0x00000000c001fdaa       0x2a hw/acpi.32
                0x00000000c001fdaa                ACPI::~ACPI()

.text._ZN3CPUD2Ev
                0x00000000c001fdd4       0x23
 .text._ZN3CPUD2Ev
                0x00000000c001fdd4       0x23 hw/cpu.32
                0x00000000c001fdd4                CPU::~CPU()
                0x00000000c001fdd4                CPU::~CPU()

.text._ZN3CPUD0Ev
                0x00000000c001fdf8       0x2a
 .text._ZN3CPUD0Ev
                0x00000000c001fdf8       0x2a hw/cpu.32
                0x00000000c001fdf8                CPU::~CPU()

.text._ZN3CPU7readCR4Ev
                0x00000000c001fe22       0x12
 .text._ZN3CPU7readCR4Ev
                0x00000000c001fe22       0x12 hw/cpu.32
                0x00000000c001fe22                CPU::readCR4()

.text._ZN3CPU8writeDR7Em
                0x00000000c001fe34        0x9
 .text._ZN3CPU8writeDR7Em
                0x00000000c001fe34        0x9 hw/cpu.32
                0x00000000c001fe34                CPU::writeDR7(unsigned long)

.text._ZN3CPU8writeCR4Em
                0x00000000c001fe3d        0x9
 .text._ZN3CPU8writeCR4Em
                0x00000000c001fe3d        0x9 hw/cpu.32
                0x00000000c001fe3d                CPU::writeCR4(unsigned long)

.text._ZN3CPU7readCR2Ev
                0x00000000c001fe46       0x12
 .text._ZN3CPU7readCR2Ev
                0x00000000c001fe46       0x12 krnl/panic.32
                0x00000000c001fe46                CPU::readCR2()

.text._ZN10LinkedListIV18ThreadControlBlockED2Ev
                0x00000000c001fe58        0x2
 .text._ZN10LinkedListIV18ThreadControlBlockED2Ev
                0x00000000c001fe58        0x2 thr/prcssthr.32
                0x00000000c001fe58                LinkedList<ThreadControlBlock volatile>::~LinkedList()
                0x00000000c001fe58                LinkedList<ThreadControlBlock volatile>::~LinkedList()

.text._ZN18ThreadControlBlockC2Ev
                0x00000000c001fe5a       0x3e
 .text._ZN18ThreadControlBlockC2Ev
                0x00000000c001fe5a       0x3e thr/prcssthr.32
                0x00000000c001fe5a                ThreadControlBlock::ThreadControlBlock()
                0x00000000c001fe5a                ThreadControlBlock::ThreadControlBlock()

.text._ZN10LinkedListIV18ThreadControlBlockEC2Ev
                0x00000000c001fe98       0x58
 .text._ZN10LinkedListIV18ThreadControlBlockEC2Ev
                0x00000000c001fe98       0x58 thr/prcssthr.32
                0x00000000c001fe98                LinkedList<ThreadControlBlock volatile>::LinkedList()
                0x00000000c001fe98                LinkedList<ThreadControlBlock volatile>::LinkedList()

.text._ZN10LinkedListIV18ThreadControlBlockE7getNextEPS1_
                0x00000000c001fef0        0x8
 .text._ZN10LinkedListIV18ThreadControlBlockE7getNextEPS1_
                0x00000000c001fef0        0x8 thr/prcssthr.32
                0x00000000c001fef0                LinkedList<ThreadControlBlock volatile>::getNext(ThreadControlBlock volatile*)

.text._ZN3PCID2Ev
                0x00000000c001fef8       0x23
 .text._ZN3PCID2Ev
                0x00000000c001fef8       0x23 hw/bus/pci.32
                0x00000000c001fef8                PCI::~PCI()
                0x00000000c001fef8                PCI::~PCI()

.text._ZN3PCID0Ev