Archive member included to satisfy reference by file (symbol)

/cygdrive/d/Users/Alex/Desktop/Toolchain/Output/bin/../lib/gcc/i386-banana/8.1.0/libkgcc.a(_divdi3.o)
                              fs/fat/ff.32 (__divdi3)
/cygdrive/d/Users/Alex/Desktop/Toolchain/Output/bin/../lib/gcc/i386-banana/8.1.0/libkgcc.a(_moddi3.o)
                              compat/resolve.32 (__moddi3)
/cygdrive/d/Users/Alex/Desktop/Toolchain/Output/bin/../lib/gcc/i386-banana/8.1.0/libkgcc.a(_udivdi3.o)
                              fs/fat/ff.32 (__udivdi3)
/cygdrive/d/Users/Alex/Desktop/Toolchain/Output/bin/../lib/gcc/i386-banana/8.1.0/libkgcc.a(_umoddi3.o)
                              compat/resolve.32 (__umoddi3)
D:/Users/Alex/Desktop/Banana/kernel/libsoftfp.a(sfieeelib.o)
                              hal/sound/sndhw.32 (__addsf3)
D:/Users/Alex/Desktop/Banana/kernel/libsoftfp.a(dfieeelib.o)
                              hal/libresample/src_linear.32 (__adddf3)
D:/Users/Alex/Desktop/Banana/kernel/libsoftfp.a(sfdfcvt.o)
                              hal/libresample/samplerate.32 (__truncdfsf2)
D:/Users/Alex/Desktop/Banana/kernel/libk/libm32.a(s_fabs.c.o)
                              hal/libresample/samplerate.32 (fabs)
D:/Users/Alex/Desktop/Banana/kernel/libk/libm32.a(s_lrint.S.o)
                              hal/libresample/samplerate.32 (lrint)
D:/Users/Alex/Desktop/Banana/kernel/libk/libm32.a(s_lrintf.S.o)
                              hal/sound/sndhw.32 (lrintf)

Discarded input sections

 .comment       0x0000000000000000       0x12 /cygdrive/d/Users/Alex/Desktop/Toolchain/Output/bin/../lib/gcc/i386-banana/8.1.0/crtbegin.o
 .comment       0x0000000000000000       0x12 acpica/utclib.32
 .comment       0x0000000000000000       0x12 core/malloc.32
 .comment       0x0000000000000000       0x12 libk/string.32
 .comment       0x0000000000000000       0x12 fs/fat/diskio.32
 .comment       0x0000000000000000       0x12 fs/fat/ff.32
 .comment       0x0000000000000000       0x12 fs/fat/ffsystem.32
 .comment       0x0000000000000000       0x12 fs/fat/ffunicode.32
 .comment       0x0000000000000000       0x12 hal/libresample/samplerate.32
 .comment       0x0000000000000000       0x12 hal/libresample/src_linear.32
 .comment       0x0000000000000000       0x12 hal/libresample/src_sinc.32
 .comment       0x0000000000000000       0x12 hal/libresample/src_zoh.32
 .comment       0x0000000000000000       0x12 compat/inlines.32
 .comment       0x0000000000000000       0x12 compat/resolve.32
 .group         0x0000000000000000       0x14 core/computer.32
 .group         0x0000000000000000        0xc core/computer.32
 .comment       0x0000000000000000       0x12 core/computer.32
 .comment       0x0000000000000000       0x12 core/gdt.32
 .group         0x0000000000000000        0xc core/idle.32
 .comment       0x0000000000000000       0x12 core/idle.32
 .comment       0x0000000000000000       0x12 core/idt.32
 .comment       0x0000000000000000       0x12 core/kheap.32
 .comment       0x0000000000000000       0x12 core/main.32
 .comment       0x0000000000000000       0x12 core/physmgr.32
 .group         0x0000000000000000        0xc core/pipe.32
 .comment       0x0000000000000000       0x12 core/pipe.32
 .group         0x0000000000000000        0xc core/terminal.32
 .comment       0x0000000000000000       0x12 core/terminal.32
 .comment       0x0000000000000000       0x12 core/tss.32
 .group         0x0000000000000000        0x8 core/unixfile.32
 .group         0x0000000000000000        0xc core/unixfile.32
 .group         0x0000000000000000        0xc core/unixfile.32
 .group         0x0000000000000000        0x8 core/unixfile.32
 .group         0x0000000000000000        0xc core/unixfile.32
 .group         0x0000000000000000        0x8 core/unixfile.32
 .group         0x0000000000000000        0xc core/unixfile.32
 .group         0x0000000000000000        0xc core/unixfile.32
 .comment       0x0000000000000000       0x12 core/unixfile.32
 .comment       0x0000000000000000       0x12 core/virtmgr.32
 .comment       0x0000000000000000       0x12 coreobjs/c++.32
 .comment       0x0000000000000000       0x12 dbg/kconsole.32
 .group         0x0000000000000000        0xc fs/vfs.32
 .group         0x0000000000000000        0xc fs/vfs.32
 .group         0x0000000000000000        0xc fs/vfs.32
 .comment       0x0000000000000000       0x12 fs/vfs.32
 .group         0x0000000000000000        0xc hal/bus.32
 .comment       0x0000000000000000       0x12 hal/bus.32
 .group         0x0000000000000000        0xc hal/buzzer.32
 .comment       0x0000000000000000       0x12 hal/buzzer.32
 .group         0x0000000000000000        0xc hal/clock.32
 .comment       0x0000000000000000       0x12 hal/clock.32
 .group         0x0000000000000000       0x14 hal/device.32
 .group         0x0000000000000000        0xc hal/device.32
 .group         0x0000000000000000        0xc hal/device.32
 .group         0x0000000000000000        0xc hal/device.32
[...]
Memory Configuration

Name             Origin             Length             Attributes
*default*        0x0000000000000000 0xffffffffffffffff

Linker script and memory map

LOAD D:/Users/Alex/Desktop/Banana/kernel/boot.32
LOAD crti.32
LOAD /cygdrive/d/Users/Alex/Desktop/Toolchain/Output/bin/../lib/gcc/i386-banana/8.1.0/crtbegin.o
LOAD D:/Users/Alex/Desktop/Banana/kernel/morenasm.32
LOAD acpica/utclib.32
LOAD core/malloc.32
LOAD libk/string.32
LOAD fs/fat/diskio.32
LOAD fs/fat/ff.32
LOAD fs/fat/ffsystem.32
LOAD fs/fat/ffunicode.32
LOAD hal/libresample/samplerate.32
LOAD hal/libresample/src_linear.32
LOAD hal/libresample/src_sinc.32
LOAD hal/libresample/src_zoh.32
LOAD compat/inlines.32
LOAD compat/resolve.32
LOAD core/computer.32
LOAD core/gdt.32
LOAD core/idle.32
LOAD core/idt.32
LOAD core/kheap.32
LOAD core/main.32
LOAD core/physmgr.32
LOAD core/pipe.32
LOAD core/terminal.32
LOAD core/tss.32
LOAD core/unixfile.32
LOAD core/virtmgr.32
LOAD coreobjs/c++.32
LOAD dbg/kconsole.32
LOAD fs/vfs.32
LOAD hal/bus.32
LOAD hal/buzzer.32
LOAD hal/clock.32
LOAD hal/device.32
LOAD hal/diskctrl.32
LOAD hal/diskphys.32
LOAD hal/fpu.32
LOAD hal/intctrl.32
LOAD hal/keybrd.32
LOAD hal/logidisk.32
LOAD hal/mouse.32
LOAD hal/partition.32
LOAD hal/serial.32
LOAD hal/timer.32
LOAD hal/vcache.32
LOAD hal/video.32
LOAD hw/acpi.32
LOAD hw/cpu.32
LOAD hw/ports.32
LOAD hw/smp.32
LOAD krnl/env.32
LOAD krnl/panic.32
LOAD net/ethernet.32
LOAD reg/registry.32
LOAD sys/sc_eject.32
LOAD sys/sc_exit.32
LOAD sys/sc_getcwd.32
LOAD sys/sc_getpid.32
LOAD sys/sc_getramdata.32
LOAD sys/sc_loaddll.32
LOAD sys/sc_read.32
LOAD sys/sc_sbrk.32
LOAD sys/sc_setcwd.32
LOAD sys/sc_settime.32
LOAD sys/sc_timezone.32
LOAD sys/sc_write.32
LOAD sys/sc_wsbe.32
LOAD sys/sc_yield.32
LOAD sys/syscalls.32
LOAD thr/elf.32
LOAD thr/prcssthr.32
LOAD vm86/vm8086.32
LOAD vm86/x87em.32
LOAD fs/fat/vfslink.32
LOAD fs/iso9660/vfslink.32
LOAD hal/sound/sndchannel.32
LOAD hal/sound/sndhw.32
LOAD hw/bus/isa.32
LOAD hw/bus/pci.32
LOAD hw/diskctrl/ide.32
LOAD hw/diskctrl/satabus.32
LOAD hw/diskphys/ata.32
LOAD hw/diskphys/atapi.32
LOAD hw/diskphys/sata.32
LOAD hw/diskphys/satapi.32
LOAD hw/fpu/avx.32
LOAD hw/fpu/mmx.32
LOAD hw/fpu/sse.32
LOAD hw/fpu/x87.32
LOAD hw/intctrl/apic.32
LOAD hw/intctrl/pic.32
LOAD hw/timer/apictimer.32
LOAD hw/timer/pit.32
LOAD hw/fpu/x86/avx.32
LOAD hw/fpu/x86/sse.32
LOAD hw/fpu/x86/x87.32
LOAD /cygdrive/d/Users/Alex/Desktop/Toolchain/Output/bin/../lib/gcc/i386-banana/8.1.0/crtend.o
LOAD crtn.32
LOAD /cygdrive/d/Users/Alex/Desktop/Toolchain/Output/bin/../lib/gcc/i386-banana/8.1.0/libkgcc.a
LOAD D:/Users/Alex/Desktop/Banana/kernel/libsoftfp.a
LOAD D:/Users/Alex/Desktop/Banana/kernel/libk/libm32.a
                0x00000000c0000000                . = 0xc0000000

.text           0x00000000c0000000    0x28668
 *(.text)
 .text          0x00000000c0000000       0x41 D:/Users/Alex/Desktop/Banana/kernel/boot.32
                0x00000000c0000020                callGlobalConstructors
 .text          0x00000000c0000041        0x0 crti.32
 *fill*         0x00000000c0000041        0x3 
 .text          0x00000000c0000044      0x101 /cygdrive/d/Users/Alex/Desktop/Toolchain/Output/bin/../lib/gcc/i386-banana/8.1.0/crtbegin.o
 *fill*         0x00000000c0000145        0xb 
 .text          0x00000000c0000150      0x4ed D:/Users/Alex/Desktop/Banana/kernel/morenasm.32
                0x00000000c0000150                manualPCIProbe
                0x00000000c000019b                prepareTramp
                0x00000000c00001b4                voodooXADD
                0x00000000c000027f                doTPAUSE
                0x00000000c0000289                hasLegacyFPU
                0x00000000c00002ae                is486
                0x00000000c00002e4                detectCPUID
                0x00000000c00002fa                goToVM86
                0x00000000c000032a                goToUsermode
                0x00000000c0000354                switchToThreadASMFirstTime
                0x00000000c0000362                switchToThreadASM
                0x00000000c00003ea                asmQuickAcquireLock
                0x00000000c0000408                asmQuickReleaseLock
                0x00000000c0000414                asmAcquireLock
                0x00000000c0000435                asmReleaseLock
                0x00000000c0000448                loadGDT
                0x00000000c0000468                isr0
                0x00000000c0000478                isr1
                0x00000000c0000482                isr2
                0x00000000c000048c                isr3
                0x00000000c0000496                isr4
                0x00000000c00004a0                isr5
                0x00000000c00004aa                isr6
                0x00000000c00004b4                isr7
                0x00000000c00004be                isr8
                0x00000000c00004c6                isr9
                0x00000000c00004d0                isr10
                0x00000000c00004d8                isr11
                0x00000000c00004e0                isr12
                0x00000000c00004e8                isr13
                0x00000000c00004f0                isr14
                0x00000000c00004f8                isr15
                0x00000000c0000502                isr16
                0x00000000c000050c                isr17
                0x00000000c0000516                isr18
                0x00000000c0000520                irq3
                0x00000000c000052a                irq4
                0x00000000c0000534                irq5
                0x00000000c000053e                irq6
                0x00000000c0000548                irq7
                0x00000000c0000552                irq8
                0x00000000c000055c                irq9
                0x00000000c0000566                irq10
                0x00000000c0000570                irq11
                0x00000000c000057a                irq12
                0x00000000c0000584                irq13
                0x00000000c000058e                irq14
                0x00000000c0000598                irq15
                0x00000000c00005a2                irq1
                0x00000000c00005a9                irq2
                0x00000000c00005b0                isr96
                0x00000000c00005b7                irq0
                0x00000000c00005bc                int_common_stub
                0x00000000c00005bc                syscall_common_stub
                0x00000000c00005ed                irq16
                0x00000000c00005f7                irq17
                0x00000000c0000601                irq18
                0x00000000c000060b                irq19
                0x00000000c0000615                irq20
                0x00000000c000061f                irq21
                0x00000000c0000629                irq22
                0x00000000c0000633                irq23
 *fill*         0x00000000c000063d        0x3 
 .text          0x00000000c0000640      0x611 acpica/utclib.32
                0x00000000c0000640                memcmp
                0x00000000c000067c                memmove
                0x00000000c0000744                memcpy
                0x00000000c0000778                memset
                0x00000000c0000794                strlen
                0x00000000c00007ac                strpbrk
                0x00000000c00007e8                strtok
                0x00000000c0000834                strcpy
                0x00000000c0000858                strncpy
                0x00000000c00008c0                strcmp
                0x00000000c0000900                strchr
                0x00000000c0000924                strncmp
                0x00000000c0000974                strcat
                0x00000000c00009a4                strncat
                0x00000000c00009e0                strstr
                0x00000000c0000a28                toupper
                0x00000000c0000a3c                tolower
                0x00000000c0000a50                simple_strtoul
 .text          0x00000000c0000c51      0xfbf core/malloc.32
                0x00000000c0000dbc                dlfree
                0x00000000c0001117                dlmalloc
                0x00000000c0001654                dlrealloc
                0x00000000c0001809                dlmemalign
                0x00000000c000192c                dlcalloc
                0x00000000c00019c6                dlcfree
                0x00000000c00019cb                dlindependent_calloc
                0x00000000c00019f0                dlindependent_comalloc
                0x00000000c0001a07                dlvalloc
                0x00000000c0001a32                dlpvalloc
                0x00000000c0001a68                dlmalloc_trim
                0x00000000c0001a75                dlmalloc_usable_size
                0x00000000c0001aa6                dlmallinfo
                0x00000000c0001b75                dlmalloc_stats
                0x00000000c0001b86                dlmallopt
 .text          0x00000000c0001c10        0x0 libk/string.32
 .text          0x00000000c0001c10       0x51 fs/fat/diskio.32
                0x00000000c0001c10                disk_status
                0x00000000c0001c13                disk_initialize
                0x00000000c0001c16                disk_read
                0x00000000c0001c2c                disk_write
                0x00000000c0001c42                disk_ioctl
 .text          0x00000000c0001c61     0x6833 fs/fat/ff.32
                0x00000000c0004f2f                f_mount
                0x00000000c0004f91                f_open
                0x00000000c00053cd                f_read
                0x00000000c000564d                f_write
                0x00000000c0005907                f_sync
                0x00000000c0005ae3                f_close
                0x00000000c0005b12                f_lseek
                0x00000000c0005fc9                f_opendir
                0x00000000c00060cb                f_closedir
                0x00000000c00060ed                f_readdir
                0x00000000c0006188                f_stat
                0x00000000c0006217                f_getfree
                0x00000000c00063e2                f_truncate
                0x00000000c00064da                f_unlink
                0x00000000c000665d                f_mkdir
                0x00000000c0006889                f_rename
                0x00000000c0006b7c                f_chmod
                0x00000000c0006c5a                f_utime
                0x00000000c0006d38                f_getlabel
                0x00000000c0006f26                f_setlabel
                0x00000000c0007193                f_forward
                0x00000000c0007371                f_mkfs
 .text          0x00000000c0008494       0x2d fs/fat/ffsystem.32
                0x00000000c0008494                ff_memalloc
                0x00000000c00084aa                ff_memfree
 .text          0x00000000c00084c1      0x253 fs/fat/ffunicode.32
                0x00000000c00084c1                ff_uni2oem
                0x00000000c0008551                ff_oem2uni
                0x00000000c00085bd                ff_wtoupper
 .text          0x00000000c0008714      0x8fb hal/libresample/samplerate.32
                0x00000000c0008758                src_delete
                0x00000000c0008794                src_process
                0x00000000c000894a                src_callback_read
                0x00000000c0008ac7                src_set_ratio
                0x00000000c0008b31                src_get_channels
                0x00000000c0008b53                src_reset
                0x00000000c0008b9f                src_new
                0x00000000c0008c2d                src_callback_new
                0x00000000c0008c8f                src_get_name
                0x00000000c0008cc6                src_get_description
                0x00000000c0008cfd                src_get_version
                0x00000000c0008d03                src_is_valid_ratio
                0x00000000c0008d57                src_error
                0x00000000c0008d65                src_strerror
                0x00000000c0008d78                src_simple
                0x00000000c0008dcb                src_short_to_float_array
                0x00000000c0008e30                src_float_to_short_array
                0x00000000c0008eef                src_int_to_float_array
                0x00000000c0008f52                src_float_to_int_array
 .text          0x00000000c000900f      0x8cb hal/libresample/src_linear.32
                0x00000000c0009835                linear_get_name
                0x00000000c0009844                linear_get_description
                0x00000000c0009853                linear_set_converter
 .text          0x00000000c00098da     0x447c hal/libresample/src_sinc.32
                0x00000000c000dc6d                sinc_get_name
                0x00000000c000dc80                sinc_get_description
                0x00000000c000dc93                sinc_set_converter
 .text          0x00000000c000dd56      0x77c hal/libresample/src_zoh.32
                0x00000000c000e42d                zoh_get_name
                0x00000000c000e43c                zoh_get_description
                0x00000000c000e44b                zoh_set_converter
 .text          0x00000000c000e4d2       0x23 compat/inlines.32
                0x00000000c000e4d2                CPU::current()
                0x00000000c000e4df                operator new(unsigned long)
 .text          0x00000000c000e4f5      0x111 compat/resolve.32
                0x00000000c000e4f5                Krnl::resolveCompatibilitySymbol(char*)
 .text          0x00000000c000e606      0xa17 core/computer.32
                0x00000000c000e606                Computer::close(int, int, void*)
                0x00000000c000e64a                Krnl::firstTask()
                0x00000000c000e73a                Computer::Computer()
                0x00000000c000e73a                Computer::Computer()
                0x00000000c000e896                Computer::setBootMessage(char const*)
                0x00000000c000e898                Computer::detectFeatures()
                0x00000000c000eaa2                Computer::displayFeatures()
                0x00000000c000ede8                Computer::rdmsr(unsigned int)
                0x00000000c000ee14                Computer::wrmsr(unsigned int, unsigned long long)
                0x00000000c000ee4c                Computer::nmiEnabled()
                0x00000000c000ee58                Computer::readCMOS(unsigned char)
                0x00000000c000ee72                Computer::enableNMI(bool)
                0x00000000c000ee8a                Computer::open(int, int, void*)
                0x00000000c000ef60                Computer::disableNMI()
                0x00000000c000ef6e                Computer::writeCMOS(unsigned char, unsigned char)
                0x00000000c000ef8c                Computer::handleNMI()
                0x00000000c000eff2                Computer::setDiskActivityLight(int, bool)
 *fill*         0x00000000c000f01d        0x1 
 .text          0x00000000c000f01e      0x1b7 core/gdt.32
                0x00000000c000f01e                GDTEntry::setBase(unsigned int)
                0x00000000c000f03a                GDTEntry::setLimit(unsigned int)
                0x00000000c000f058                GDT::GDT()
                0x00000000c000f058                GDT::GDT()
                0x00000000c000f06e                GDT::addEntry(GDTEntry)
                0x00000000c000f0aa                GDT::getNumberOfEntries()
                0x00000000c000f0b2                GDT::flush()
                0x00000000c000f0d4                GDT::setup()
 .text          0x00000000c000f1d5       0x62 core/idle.32
                0x00000000c000f1d5                idleFunction(void*)
 *fill*         0x00000000c000f237        0x1 
 .text          0x00000000c000f238      0x45f core/idt.32
                0x00000000c000f238                IDTEntry::IDTEntry(bool)
                0x00000000c000f238                IDTEntry::IDTEntry(bool)
                0x00000000c000f2a6                IDTEntry::setOffset(unsigned int)
                0x00000000c000f2ba                IDT::IDT()
                0x00000000c000f2ba                IDT::IDT()
                0x00000000c000f2bc                IDT::getPointerToInvalidOpcodeEntryForF00F()
                0x00000000c000f2c4                IDT::addEntry(IDTEntry, int)
                0x00000000c000f2de                IDT::addEntry(int, void (*)(), bool)
                0x00000000c000f316                IDT::flush()
                0x00000000c000f330                IDT::setup()
 .text          0x00000000c000f697      0x203 core/kheap.32
                0x00000000c000f697                sbrk
                0x00000000c000f7a5                mmap
                0x00000000c000f7bb                munmap
                0x00000000c000f7d1                liballoc_lock()
                0x00000000c000f7e2                liballoc_unlock()
                0x00000000c000f7f3                liballoc_alloc(int)
                0x00000000c000f80e                liballoc_free(void*, int)
                0x00000000c000f82c                realloc
                0x00000000c000f840                malloc
                0x00000000c000f850                free
                0x00000000c000f860                rfree
                0x00000000c000f870                calloc
 .text          0x00000000c000f89a      0x485 core/main.32
                0x00000000c000f89a                hwTextMode_loadInData(VgaText*)
                0x00000000c000f8e5                hwTextMode_loadInTitle(VgaText*, char*)
                0x00000000c000f963                hwTextMode_showCursor(VgaText*, bool)
                0x00000000c000f9c1                hwTextMode_update(VgaText*)
                0x00000000c000f9c2                hwTextMode_updateCursor(VgaText*)
                0x00000000c000fa13                hwTextMode_disableBlink(VgaText*, bool)
                0x00000000c000fa59                hwTextMode_scrollScreen(VgaText*)
                0x00000000c000fb06                hwTextMode_writeCharacter(VgaText*, char, VgaColour, VgaColour, int, int)
                0x00000000c000fb88                setupTextMode()
                0x00000000c000fbf8                kernel_main
 .text          0x00000000c000fd1f      0x5c1 core/physmgr.32
                0x00000000c000fd1f                Phys::allocateDMA(unsigned long)
                0x00000000c000fdc2                Phys::freeDMA(unsigned long, unsigned long)
                0x00000000c000fe0a                Phys::setPageState(unsigned long, bool)
                0x00000000c000fe3c                Phys::getPageState(unsigned long)
                0x00000000c000fe58                Phys::freePage(unsigned long)
                0x00000000c000fee2                Phys::allocatePage()
                0x00000000c001001e                Phys::allocateContiguousPages(int)
                0x00000000c0010078                Phys::allowSegmentToBeUsed(unsigned long, unsigned long)
                0x00000000c00100b0                Phys::physicalMemorySetup(unsigned int)
 .text          0x00000000c00102e0      0x273 core/pipe.32
                0x00000000c00102e0                Pipe::isAtty()
                0x00000000c00102e4                Pipe::~Pipe()
                0x00000000c00102e4                Pipe::~Pipe()
                0x00000000c0010308                Pipe::~Pipe()
                0x00000000c0010330                Pipe::read(unsigned long long, void*, int*)
                0x00000000c0010424                Pipe::write(unsigned long long, void*, int*)
                0x00000000c00104ec                Pipe::Pipe(int)
                0x00000000c00104ec                Pipe::Pipe(int)
 *fill*         0x00000000c0010553        0x1 
 .text          0x00000000c0010554      0xf73 core/terminal.32
                0x00000000c0010554                VgaText::isAtty()
                0x00000000c0010558                VgaText::~VgaText()
                0x00000000c0010558                VgaText::~VgaText()
                0x00000000c001057c                VgaText::~VgaText()
                0x00000000c00105a6                VgaText::read(unsigned long long, void*, int*)
                0x00000000c00105c6                setTerminalScrollLock(bool)
                0x00000000c00105c7                addToTerminalCycle(VgaText*)
                0x00000000c00105f4                installVgaTextImplementation()
                0x00000000c0010609                scrollTerminalScrollLock(int)
                0x00000000c001060a                VgaText::load()
                0x00000000c001065e                VgaText::updateCursor()
                0x00000000c0010678                VgaText::showCursor(bool)
                0x00000000c0010688                VgaText::disableBlink(bool)
                0x00000000c00106c2                VgaText::doANSI_SGR(int)
                0x00000000c001074e                VgaText::setDefaultBgColour(VgaColour)
                0x00000000c0010764                VgaText::setDefaultFgColour(VgaColour)
                0x00000000c001077a                VgaText::setDefaultColours(VgaColour, VgaColour)
                0x00000000c001079a                VgaText::combineColours(unsigned char, unsigned char)
                0x00000000c00107ac                VgaText::scrollScreen()
                0x00000000c0010840                VgaText::combineCharAndColour(char, unsigned char)
                0x00000000c0010852                VgaText::writeCharacter(char, VgaColour, VgaColour, int, int)
                0x00000000c00108b2                VgaText::getCursorX()
                0x00000000c00108be                VgaText::getCursorY()
                0x00000000c00108ca                VgaText::setCursor(int, int)
                0x00000000c00108e8                VgaText::setCursorX(int)
                0x00000000c0010904                VgaText::setCursorY(int)
                0x00000000c0010920                VgaText::incrementCursor(bool)
                0x00000000c0010988                VgaText::updateRAMUsageDisplay(int)
                0x00000000c00109ec                VgaText::updateDiskUsage()
                0x00000000c0010b56                VgaText::updateTitle()
                0x00000000c0010b9c                VgaText::setTitleTextColour(VgaColour)
                0x00000000c0010bac                VgaText::setTitleColour(VgaColour)
                0x00000000c0010bbc                VgaText::setTitle(char*)
                0x00000000c0010be2                VgaText::decrementCursor(bool)
                0x00000000c0010c0a                VgaText::putchar(char, VgaColour, VgaColour)
                0x00000000c0010d06                VgaText::isShowingCursor()
                0x00000000c0010d12                VgaText::isBlinkDisabled()
                0x00000000c0010d20                VgaText::setCursorHeight(int)
                0x00000000c0010d3e                VgaText::getCursorHeight()
                0x00000000c0010d49                setActiveTerminal(VgaText*)
                0x00000000c0010dfb                doTerminalCycle()
                0x00000000c0010e18                VgaText::doUpdate()
                0x00000000c0010e2a                VgaText::puts(char const*, VgaColour, VgaColour)
                0x00000000c0010fea                VgaText::clearScreen()
                0x00000000c001104e                VgaText::putchar(char)
                0x00000000c0011168                VgaText::puts(char const*)
                0x00000000c001118e                VgaText::putx(unsigned int)
                0x00000000c00111d4                VgaText::VgaText(char const*)
                0x00000000c00111d4                VgaText::VgaText(char const*)
                0x00000000c0011366                VgaText::receiveKey(unsigned char)
                0x00000000c001144e                VgaText::write(unsigned long long, void*, int*)
                0x00000000c00114a2                newTerminal(char*)
 *fill*         0x00000000c00114c7        0x1 
 .text          0x00000000c00114c8      0x1b3 core/tss.32
                0x00000000c00114c8                TSS::TSS()
                0x00000000c00114c8                TSS::TSS()
                0x00000000c00114d6                TSS::setESP(unsigned long)
                0x00000000c00114e8                TSS::flush()
                0x00000000c0011508                TSS::setup(unsigned long, unsigned long)
 *fill*         0x00000000c001167b        0x1 
 .text          0x00000000c001167c      0x4c2 core/unixfile.32
                0x00000000c001167c                ReservedFilename::read(unsigned long long, void*, int*)
                0x00000000c00116d2                ReservedFilename::isAtty()
                0x00000000c00116ee                ReservedFilename::write(unsigned long long, void*, int*)
                0x00000000c001174c                UnixFile::getFileDescriptor()
                0x00000000c0011754                UnixFile::UnixFile(int)
                0x00000000c0011754                UnixFile::UnixFile(int)
                0x00000000c0011904                ReservedFilename::ReservedFilename(int)
                0x00000000c0011904                ReservedFilename::ReservedFilename(int)
                0x00000000c0011936                UnixFile::~UnixFile()
                0x00000000c0011936                UnixFile::~UnixFile()
                0x00000000c00119ce                UnixFile::~UnixFile()
                0x00000000c00119f6                ReservedFilename::~ReservedFilename()
                0x00000000c00119f6                ReservedFilename::~ReservedFilename()
                0x00000000c0011a1a                ReservedFilename::~ReservedFilename()
                0x00000000c0011a41                getFromFileDescriptor(int)
 .text          0x00000000c0011b3e     0x127b core/virtmgr.32
                0x00000000c0011b3e                Virt::setPageState(unsigned long, Virt::VirtPageState)
                0x00000000c0011b73                Virt::getPageState(unsigned long)
                0x00000000c0011b97                Virt::allocateKernelVirtualPages(int)
                0x00000000c0011ca8                Virt::freeSwapfilePage(unsigned long)
                0x00000000c0011cc6                Virt::swapIDToSector(unsigned long)
                0x00000000c0011cd8                Virt::allocateSwapfilePage()
                0x00000000c0011d56                Virt::virtualMemorySetup()
                0x00000000c0011dd5                Virt::swappingSetup()
                0x00000000c0011e32                Virt::getAKernelVAS()
                0x00000000c0011e38                Virt::setupPageSwapping(int)
                0x00000000c0011f68                VAS::VAS()
                0x00000000c0011f68                VAS::VAS()
                0x00000000c0011f98                VAS::VAS(VAS*)
                0x00000000c0011f98                VAS::VAS(VAS*)
                0x00000000c0011fbc                VAS::getForeignPageTableEntry(bool, unsigned long)
                0x00000000c0011fe8                VAS::getPageTableEntry(unsigned long)
                0x00000000c0012007                Virt::freeKernelVirtualPages(unsigned long)
                0x00000000c001212a                VAS::freeAllocatedPages(unsigned long)
                0x00000000c001214e                VAS::virtualToPhysical(unsigned long)
                0x00000000c0012166                VAS::reflagRange(unsigned long, int, int, int)
                0x00000000c00121a6                VAS::setToWriteCombining(unsigned long, int)
                0x00000000c00121d8                VAS::mapOtherVASIn(bool, VAS*)
                0x00000000c0012202                VAS::~VAS()
                0x00000000c0012202                VAS::~VAS()
                0x00000000c001236e                VAS::mapPage(unsigned long, unsigned long, int)
                0x00000000c001246e                VAS::allocatePages(int, int)
                0x00000000c0012646                VAS::setCPUSpecific(unsigned long)
                0x00000000c0012662                VAS::mapRange(unsigned long, unsigned long, int, int)
                0x00000000c0012728                VAS::mapForeignPage(bool, VAS*, unsigned long, unsigned long, int)
                0x00000000c0012816                VAS::VAS(bool)
                0x00000000c0012816                VAS::VAS(bool)
                0x00000000c0012a72                VAS::evict(unsigned long)
                0x00000000c0012b0a                VAS::tryLoadBackOffDisk(unsigned long)
                0x00000000c0012bfc                VAS::scanForEviction(int, int)
                0x00000000c0012cfd                mapVASFirstTime
 .text          0x00000000c0012db9       0x95 coreobjs/c++.32
                0x00000000c0012db9                __cxa_atexit
                0x00000000c0012dbc                __cxa_finalize
                0x00000000c0012dbd                __stack_chk_fail
                0x00000000c0012e29                __cxa_pure_virtual
                0x00000000c0012e3a                operator new[](unsigned long)
                0x00000000c0012e3f                operator delete(void*, unsigned long)
                0x00000000c0012e44                operator delete[](void*)
                0x00000000c0012e49                operator delete[](void*, unsigned long)
 .text          0x00000000c0012e4e      0x1ef dbg/kconsole.32
                0x00000000c0012e4e                Dbg::stringifyxWithBase(unsigned int, char*, int)
                0x00000000c0012eaf                Dbg::logc(char)
                0x00000000c0012ec6                Dbg::logs(char*)
                0x00000000c0012ee3                Dbg::logWriteInt(unsigned int)
                0x00000000c0012f00                Dbg::logWriteIntBase(unsigned int, int)
                0x00000000c0012f1f                Dbg::kprintf(char const*, ...)
 *fill*         0x00000000c001303d        0x1 
 .text          0x00000000c001303e      0xb7c fs/vfs.32
                0x00000000c001303e                File::read(unsigned long long, void*, int*)
                0x00000000c0013096                File::write(unsigned long long, void*, int*)
                0x00000000c00130ee                Directory::read(unsigned long long, void*, int*)
                0x00000000c0013146                Directory::write(unsigned long long, void*, int*)
                0x00000000c0013174                File::isAtty()
                0x00000000c0013178                Directory::isAtty()
                0x00000000c001317c                Filesystem::getlabel(LogicalDisk*, int, char*, unsigned int*)
                0x00000000c0013182                Filesystem::setlabel(LogicalDisk*, int, char*)
                0x00000000c0013188                File::~File()
                0x00000000c0013188                File::~File()
                0x00000000c00131ac                File::~File()
                0x00000000c00131d6                Directory::~Directory()
                0x00000000c00131d6                Directory::~Directory()
                0x00000000c00131fa                Directory::~Directory()
                0x00000000c0013224                Filesystem::Filesystem()
                0x00000000c0013224                Filesystem::Filesystem()
                0x00000000c0013248                Filesystem::~Filesystem()
                0x00000000c0013248                Filesystem::~Filesystem()
                0x00000000c0013256                Filesystem::~Filesystem()
                0x00000000c001327a                Fs::getcwd(Process*, char*, int)
                0x00000000c00132a4                Fs::initVFS()
                0x00000000c00132ce                Fs::standardiseFiles(char*, char const*, char const*)
                0x00000000c0013478                File::File(char const*, Process*)
                0x00000000c0013478                File::File(char const*, Process*)
                0x00000000c00134dc                File::open(FileOpenMode)
                0x00000000c001353a                File::close()
                0x00000000c001359a                File::seek(unsigned long long)
                0x00000000c00135f0                File::tell(unsigned long long*)
                0x00000000c0013640                File::rewind()
                0x00000000c0013654                File::unlink()
                0x00000000c00136a0                File::rename(char const*)
                0x00000000c00136ee                File::chfatattr(unsigned char, unsigned char)
                0x00000000c001374a                File::exists()
                0x00000000c0013788                File::stat(unsigned long long*, bool*)
                0x00000000c00137e9                Fs::setcwd(Process*, char*)
                0x00000000c0013924                Directory::Directory(char const*, Process*)
                0x00000000c0013924                Directory::Directory(char const*, Process*)
                0x00000000c0013988                Directory::open()
                0x00000000c00139e4                Directory::close()
                0x00000000c0013a44                Directory::unlink()
                0x00000000c0013a90                Directory::rename(char const*)
                0x00000000c0013ade                Directory::exists()
                0x00000000c0013b1c                Directory::read(dirent*)
                0x00000000c0013b68                Directory::create()
                0x00000000c0013bb4                Filesystem::chfatattr(char const*, unsigned char, unsigned char)
 .text          0x00000000c0013bba       0x84 hal/bus.32
                0x00000000c0013bba                Bus::Bus(char const*)
                0x00000000c0013bba                Bus::Bus(char const*)
                0x00000000c0013bf0                Bus::~Bus()
                0x00000000c0013bf0                Bus::~Bus()
                0x00000000c0013c14                Bus::~Bus()
 .text          0x00000000c0013c3e      0x14e hal/buzzer.32
                0x00000000c0013c3e                Buzzer::Buzzer(char const*)
                0x00000000c0013c3e                Buzzer::Buzzer(char const*)
                0x00000000c0013c82                Buzzer::~Buzzer()
                0x00000000c0013c82                Buzzer::~Buzzer()
                0x00000000c0013ca6                Buzzer::~Buzzer()
                0x00000000c0013cd0                Buzzer::stop()
                0x00000000c0013ce3                beepThread(void*)
                0x00000000c0013d1e                Buzzer::beep(int, int, bool)
 .text          0x00000000c0013d8c      0x467 hal/clock.32
                0x00000000c0013d8c                User::loadClockSettings(int)
                0x00000000c0013dde                Clock::Clock(char const*)
                0x00000000c0013dde                Clock::Clock(char const*)
                0x00000000c0013e14                Clock::~Clock()
                0x00000000c0013e14                Clock::~Clock()
                0x00000000c0013e38                Clock::~Clock()
                0x00000000c0013e62                Clock::timeInSecondsLocal()
                0x00000000c0013eaa                Clock::setTimeInSecondsLocal(unsigned long long)
                0x00000000c0013f03                datetimeToSeconds(datetime_t)
                0x00000000c001402a                Clock::setTimeInDatetimeLocal(datetime_t)
                0x00000000c001408a                secondsToDatetime(unsigned long long)
                0x00000000c00141ce                Clock::timeInDatetimeLocal()
 *fill*         0x00000000c00141f3        0x1 
 .text          0x00000000c00141f4      0x4de hal/device.32
                0x00000000c00141f4                Device::hibernate()
                0x00000000c00141f6                Device::wake()
                0x00000000c00141f8                Device::detect()
                0x00000000c00141fa                Device::disableLegacy()
                0x00000000c00141fc                Device::powerSaving(PowerSavingLevel)
                0x00000000c00141fe                DriverlessDevice::close(int, int, void*)
                0x00000000c0014202                DriverlessDevice::detect()
                0x00000000c0014204                DriverlessDevice::open(int, int, void*)
                0x00000000c0014218                Device::~Device()
                0x00000000c0014218                Device::~Device()
                0x00000000c0014226                Device::~Device()
                0x00000000c001424e                Device::findAndLoadDriver()
                0x00000000c0014250                Device::preOpenPCI(PCIDeviceInfo)
                0x00000000c0014276                Device::preOpenACPI(void*, char*, char*)
                0x00000000c00142ca                Device::addIRQHandler(int, void (*)(regs*, void*), bool, void*)
                0x00000000c0014308                Device::removeIRQHandler(int, void (*)(regs*, void*), bool)
                0x00000000c0014346                Device::addChild(Device*)
                0x00000000c001438a                Device::removeAllChildren()
                0x00000000c00143d0                Device::hibernateAll()
                0x00000000c0014400                Device::wakeAll()
                0x00000000c0014430                Device::detectAll()
                0x00000000c0014460                Device::disableLegacyAll()
                0x00000000c0014490                Device::loadDriversForAll()
                0x00000000c00144bc                Device::closeAll()
                0x00000000c00144f2                Device::powerSavingAll(PowerSavingLevel)
                0x00000000c0014528                Device::setName(char const*)
                0x00000000c0014536                Device::Device(char const*)
                0x00000000c0014536                Device::Device(char const*)
                0x00000000c0014632                Device::getName()
                0x00000000c001463c                DriverlessDevice::DriverlessDevice(char const*)
                0x00000000c001463c                DriverlessDevice::DriverlessDevice(char const*)
                0x00000000c0014664                Device::addToLinkedList(LinkedList<Device>&, DeviceType)
                0x00000000c00146a8                getDevicesOfType(DeviceType)
 .text          0x00000000c00146d2       0x84 hal/diskctrl.32
                0x00000000c00146d2                HardDiskController::HardDiskController(char const*)
                0x00000000c00146d2                HardDiskController::HardDiskController(char const*)
                0x00000000c0014708                HardDiskController::~HardDiskController()
                0x00000000c0014708                HardDiskController::~HardDiskController()
                0x00000000c001472c                HardDiskController::~HardDiskController()
 .text          0x00000000c0014756       0xf2 hal/diskphys.32
                0x00000000c0014756                PhysicalDisk::eject()
                0x00000000c001476a                PhysicalDisk::PhysicalDisk(char const*, int)
                0x00000000c001476a                PhysicalDisk::PhysicalDisk(char const*, int)
                0x00000000c00147d2                PhysicalDisk::startCache()
                0x00000000c00147fa                PhysicalDisk::~PhysicalDisk()
                0x00000000c00147fa                PhysicalDisk::~PhysicalDisk()
                0x00000000c001481e                PhysicalDisk::~PhysicalDisk()
 .text          0x00000000c0014848      0x13b hal/fpu.32
                0x00000000c0014848                FPU::FPU(char const*)
                0x00000000c0014848                FPU::FPU(char const*)
                0x00000000c001487e                FPU::~FPU()
                0x00000000c001487e                FPU::~FPU()
                0x00000000c00148a2                FPU::~FPU()
                0x00000000c00148cc                setupFPU()
 *fill*         0x00000000c0014983        0x1 
 .text          0x00000000c0014984     0x13b7 hal/intctrl.32
                0x00000000c0014984                InterruptController::uninstallISRHandler(int, void (*)(regs*, void*))
                0x00000000c00149bc                InterruptController::installISRHandler(int, void (*)(regs*, void*), void*)
                0x00000000c0014a0e                doubleFault(regs*, void*)
                0x00000000c0014a28                InterruptController::installIRQHandler(int, void (*)(regs*, void*), bool, void*)
                0x00000000c0014ac4                InterruptController::clearAllHandlers(int, bool)
                0x00000000c0014b6c                InterruptController::uninstallIRQHandler(int, void (*)(regs*, void*), bool)
                0x00000000c0014bf3                nmiHandler(regs*, void*)
                0x00000000c0014c01                int_handler
                0x00000000c0014ca2                InterruptController::InterruptController(char const*)
                0x00000000c0014ca2                InterruptController::InterruptController(char const*)
                0x00000000c0014d48                InterruptController::~InterruptController()
                0x00000000c0014d48                InterruptController::~InterruptController()
                0x00000000c0014d6c                InterruptController::~InterruptController()
                0x00000000c0014d96                displayDebugInfo(regs*)
                0x00000000c0015225                x87EmulHandler(regs*, void*)
                0x00000000c0015254                gpFault(regs*, void*)
                0x00000000c001528d                pgFault(regs*, void*)
                0x00000000c00152d9                otherISRHandler(regs*, void*)
                0x00000000c00152f8                opcodeFault(regs*, void*)
                0x00000000c00158fe                displayProgramFault(char const*)
                0x00000000c0015926                setupInterruptController()
                0x00000000c0015cee                InterruptController::convertLegacyIRQNumber(int)
 *fill*         0x00000000c0015d3b        0x1 
 .text          0x00000000c0015d3c      0x6c8 hal/keybrd.32
                0x00000000c0015d3c                startGUI(void*)
                0x00000000c0015d98                startGUIVESA(void*)
                0x00000000c0015df4                sendKeyToTerminal(unsigned char)
                0x00000000c0015e60                sendKeyboardToken(KeyboardToken)
                0x00000000c001629d                clearInternalKeybuffer(VgaText*)
                0x00000000c00162d2                readKeyboard(VgaText*, char*, unsigned long)
                0x00000000c001637a                Keyboard::Keyboard(char const*)
                0x00000000c001637a                Keyboard::Keyboard(char const*)
                0x00000000c00163b6                Keyboard::~Keyboard()
                0x00000000c00163b6                Keyboard::~Keyboard()
                0x00000000c00163da                Keyboard::~Keyboard()
 .text          0x00000000c0016404      0x414 hal/logidisk.32
                0x00000000c0016404                LogicalDisk::close(int, int, void*)
                0x00000000c0016408                LogicalDisk::~LogicalDisk()
                0x00000000c0016408                LogicalDisk::~LogicalDisk()
                0x00000000c001642c                LogicalDisk::~LogicalDisk()
                0x00000000c0016456                LogicalDisk::open(int, int, void*)
                0x00000000c001646a                LogicalDisk::absoluteToRelative(unsigned long long)
                0x00000000c00164a2                LogicalDisk::relativeToAbsolute(unsigned long long)
                0x00000000c00164e8                LogicalDisk::LogicalDisk(char const*, PhysicalDisk*, unsigned long long, unsigned long long)
                0x00000000c00164e8                LogicalDisk::LogicalDisk(char const*, PhysicalDisk*, unsigned long long, unsigned long long)
                0x00000000c001659e                LogicalDisk::assignDriveLetter()
                0x00000000c0016654                LogicalDisk::mount()
                0x00000000c00166c6                LogicalDisk::unmount()
                0x00000000c00166d6                LogicalDisk::eject()
                0x00000000c00166ea                LogicalDisk::unassignDriveLetter()
                0x00000000c0016740                LogicalDisk::read(unsigned long long, int, void*)
                0x00000000c00167ac                LogicalDisk::write(unsigned long long, int, void*)
 .text          0x00000000c0016818       0x84 hal/mouse.32
                0x00000000c0016818                Mouse::Mouse(char const*)
                0x00000000c0016818                Mouse::Mouse(char const*)
                0x00000000c001684e                Mouse::~Mouse()
                0x00000000c001684e                Mouse::~Mouse()
                0x00000000c0016872                Mouse::~Mouse()
 .text          0x00000000c001689c      0x34d hal/partition.32
                0x00000000c001689c                makePartition(PhysicalDisk*, unsigned long long, unsigned long long)
                0x00000000c0016958                createPartitionsForDisk(PhysicalDisk*)
 *fill*         0x00000000c0016be9        0x1 
 .text          0x00000000c0016bea       0x84 hal/serial.32
                0x00000000c0016bea                Serial::Serial(char const*)
                0x00000000c0016bea                Serial::Serial(char const*)
                0x00000000c0016c20                Serial::~Serial()
                0x00000000c0016c20                Serial::~Serial()
                0x00000000c0016c44                Serial::~Serial()
 .text          0x00000000c0016c6e      0x2b8 hal/timer.32
                0x00000000c0016c6e                Timer::Timer(char const*)
                0x00000000c0016c6e                Timer::Timer(char const*)
                0x00000000c0016ca4                Timer::~Timer()
                0x00000000c0016ca4                Timer::~Timer()
                0x00000000c0016cc8                Timer::~Timer()
                0x00000000c0016cf2                Timer::read()
                0x00000000c0016cfd                timerHandler(unsigned long long)
                0x00000000c0016e34                setupTimer(int)
 .text          0x00000000c0016f26      0x425 hal/vcache.32
                0x00000000c0016f26                VCache::VCache(PhysicalDisk*)
                0x00000000c0016f26                VCache::VCache(PhysicalDisk*)
                0x00000000c001708e                VCache::invalidateReadBuffer()
                0x00000000c001709e                VCache::writeWriteBuffer()
                0x00000000c00170da                VCache::~VCache()
                0x00000000c00170da                VCache::~VCache()
                0x00000000c001712e                VCache::~VCache()
                0x00000000c0017156                VCache::write(unsigned long long, int, void*)
                0x00000000c001724c                VCache::read(unsigned long long, int, void*)
 *fill*         0x00000000c001734b        0x1 
 .text          0x00000000c001734c      0x4cd hal/video.32
                0x00000000c001734c                Video::putrect(int, int, int, int, unsigned int)
                0x00000000c0017398                Video::bitblit(int, int, int, int, int, int, int, unsigned int*)
                0x00000000c0017408                Video::blit(unsigned int*, int, int, int, int)
                0x00000000c0017486                Video::clearScreen(unsigned int)
                0x00000000c00174ba                Video::putpixel(int, int, unsigned int)
                0x00000000c00174c8                Video::Video(char const*)
                0x00000000c00174c8                Video::Video(char const*)
                0x00000000c00174fe                Video::~Video()
                0x00000000c00174fe                Video::~Video()
                0x00000000c0017522                Video::~Video()
                0x00000000c001754c                Video::isMonochrome()
                0x00000000c0017558                Video::getWidth()
                0x00000000c0017564                Video::getHeight()
                0x00000000c0017570                Video::drawCursor(int, int, unsigned char*, int)
                0x00000000c001762c                Video::tgaParse(unsigned char*, int, int*, int*)
                0x00000000c00177ae                Video::putTGA(int, int, unsigned char*, int)
 *fill*         0x00000000c0017819        0x1 
 .text          0x00000000c001781a      0xf64 hw/acpi.32
                0x00000000c001781a                ACPI::close(int, int, void*)
                0x00000000c00178cf                findRSDP()
                0x00000000c0017959                loadACPITables(unsigned char*)
                0x00000000c0017b80                findRSDT(unsigned char*)
                0x00000000c0017c9e                findDataTable(unsigned char*, char*)
                0x00000000c0017d3a                scanMADT()
                0x00000000c00181c0                ACPI::ACPI()
                0x00000000c00181c0                ACPI::ACPI()
                0x00000000c001822a                ACPI::getPCIIRQAssignment(unsigned char, unsigned short, unsigned char)
                0x00000000c001830c                ACPI::registerPCIIRQAssignment(void*, unsigned short, unsigned char, unsigned char)
                0x00000000c00183d2                ACPI::setScreenBrightnessLevel(void*, int)
                0x00000000c00183d8                ACPI::writeSimpleBootFlag(SimpleBootFlagTable*)
                0x00000000c0018420                ACPI::open(int, int, void*)
                0x00000000c0018766                ACPI::sleep()
 .text          0x00000000c001877e     0x1715 hw/cpu.32
                0x00000000c001877e                CPU::close(int, int, void*)
                0x00000000c0018782                CPU::lookupAMDName(unsigned char, unsigned char)
                0x00000000c0018916                CPU::lookupIntelName(unsigned char, unsigned char)
                0x00000000c0018bc4                CPU::AMD_K6_write_msr(unsigned int, unsigned int, unsigned int, CPU::REGS*)
                0x00000000c0018be0                CPU::AMD_K6_read_msr(unsigned int, CPU::REGS*)
                0x00000000c0018bf8                CPU::AMD_K6_writeback(int, int, int)
                0x00000000c0018c6c                CPU::cpuid(int, unsigned long*, unsigned long*, unsigned long*, unsigned long*)
                0x00000000c0018cf0                CPU::cpuidCheckEDX(unsigned int)
                0x00000000c0018d1e                CPU::cpuidCheckECX(unsigned int)
                0x00000000c0018d4c                CPU::cpuidCheckExtendedEBX(unsigned int)
                0x00000000c0018d7a                CPU::cpuidCheckExtendedECX(unsigned int)
                0x00000000c0018da8                CPU::CPU()
                0x00000000c0018da8                CPU::CPU()
                0x00000000c0018e36                CPU::displayFeatures()
                0x00000000c00190b2                CPU::detectFeatures()
                0x00000000c0019aa2                CPU::setupSMEP()
                0x00000000c0019aae                CPU::setupUMIP()
                0x00000000c0019ab8                CPU::setupTSC()
                0x00000000c0019ac2                CPU::setupLargePages()
                0x00000000c0019acc                CPU::setupPAT()
                0x00000000c0019b08                CPU::setupMTRR()
                0x00000000c0019b0a                CPU::setupGlobalPages()
                0x00000000c0019b14                CPU::allowUsermodeDataAccess()
                0x00000000c0019b26                CPU::prohibitUsermodeDataAccess()
                0x00000000c0019b38                CPU::setupSMAP()
                0x00000000c0019b46                CPU::setupFeatures()
                0x00000000c0019bc6                CPU::open(int, int, void*)
                0x00000000c0019c98                CPU::decodeAddress(regs*, int*, bool*, unsigned char*)
 .text          0x00000000c0019e93        0x0 hw/ports.32
 .text          0x00000000c0019e93      0x16a hw/smp.32
                0x00000000c0019e93                Krnl::smpEntry()
                0x00000000c0019e95                Krnl::startCPU(int)
                0x00000000c0019fde                Krnl::startCPUs()
 *fill*         0x00000000c0019ffd        0x1 
 .text          0x00000000c0019ffe      0x5d3 krnl/env.32
                0x00000000c0019ffe                EnvVarContainer::getEnv(char const*)
                0x00000000c001a03c                EnvVarContainer::setEnv(char const*, char const*)
                0x00000000c001a108                EnvVarContainer::deleteEnv(char const*)
                0x00000000c001a10a                EnvVarContainer::loadFrom(char const*, char const*)
                0x00000000c001a300                EnvVarContainer::__loadSystem()
                0x00000000c001a31a                EnvVarContainer::__loadUser()
                0x00000000c001a31c                EnvVarContainer::EnvVarContainer(Process*)
                0x00000000c001a31c                EnvVarContainer::EnvVarContainer(Process*)
                0x00000000c001a33e                EnvVarContainer::~EnvVarContainer()
                0x00000000c001a33e                EnvVarContainer::~EnvVarContainer()
                0x00000000c001a36e                Krnl::getEnv(Process*, char const*)
                0x00000000c001a3d3                Krnl::setEnvSystem(char const*, char const*)
                0x00000000c001a3ed                Krnl::setEnvUser(char const*, char const*)
                0x00000000c001a40c                Krnl::setEnvProcess(Process*, char const*, char const*)
                0x00000000c001a41f                Krnl::deleteEnvSystem(char const*)
                0x00000000c001a420                Krnl::deleteEnvUser(char const*)
                0x00000000c001a421                Krnl::deleteEnvProcess(Process*, char const*)
                0x00000000c001a422                Krnl::newProcessEnv(Process*)
                0x00000000c001a444                Krnl::copyProcessEnv(Process*, Process*)
                0x00000000c001a498                Krnl::loadSystemEnv()
                0x00000000c001a4c6                Krnl::loadUserEnv()
                0x00000000c001a4ec                Krnl::flushEnv()
                0x00000000c001a4ed                Krnl::getProcessTotalEnvCount(Process*)
                0x00000000c001a50d                Krnl::getProcessEnvPair(Process*, int)
 .text          0x00000000c001a5d1      0x396 krnl/panic.32
                0x00000000c001a5d1                Krnl::panic(char const*)
 .text          0x00000000c001a967      0x3b6 net/ethernet.32
                0x00000000c001a967                Net::switchEndian16(unsigned short)
                0x00000000c001a988                Net::switchEndian32(unsigned int)
                0x00000000c001a9b7                Net::crc32Calc(unsigned char*, int)
                0x00000000c001aa48                Net::wrapEthernetFrame(Net::UnwrappedEthernetFrame, unsigned char*)
                0x00000000c001ab84                Net::unwrapEthernetFrame(unsigned char*, int)
 .text          0x00000000c001ad1d      0x513 reg/registry.32
                0x00000000c001ad1d                Reg::findLineFromLoadedData(char*, char*, char*)
                0x00000000c001ae75                Reg::getLineFromRegistry(char*, char*, char*, char*)
                0x00000000c001afca                Reg::getLine(char*, char*, char*)
                0x00000000c001b001                Reg::readInt(char*, char*, int*)
                0x00000000c001b0ec                Reg::readString(char*, char*, char*, int)
                0x00000000c001b16d                Reg::readBool(char*, char*, bool*)
                0x00000000c001b192                Reg::readBoolWithDefault(char*, char*, bool)
                0x00000000c001b1be                Reg::readIntWithDefault(char*, char*, int)
                0x00000000c001b1ea                Reg::readStringWithDefault(char*, char*, char*, int, char*)
 .text          0x00000000c001b230       0x36 sys/sc_eject.32
                0x00000000c001b230                Sys::eject(regs*)
 .text          0x00000000c001b266       0x18 sys/sc_exit.32
                0x00000000c001b266                Sys::exit(regs*)
 .text          0x00000000c001b27e       0x1f sys/sc_getcwd.32
                0x00000000c001b27e                Sys::getCwd(regs*)
 .text          0x00000000c001b29d        0xc sys/sc_getpid.32
                0x00000000c001b29d                Sys::getPID(regs*)
 .text          0x00000000c001b2a9       0x17 sys/sc_getramdata.32
                0x00000000c001b2a9                Sys::getRAMData(regs*)
 .text          0x00000000c001b2c0       0xa8 sys/sc_loaddll.32
                0x00000000c001b2c0                Sys::loadDLL(regs*)
 .text          0x00000000c001b368       0x68 sys/sc_read.32
                0x00000000c001b368                Sys::read(regs*)
 .text          0x00000000c001b3d0       0x9f sys/sc_sbrk.32
                0x00000000c001b3d0                Sys::sbrk(regs*)
 .text          0x00000000c001b46f       0x1c sys/sc_setcwd.32
                0x00000000c001b46f                Sys::setCwd(regs*)
 .text          0x00000000c001b48b      0x128 sys/sc_settime.32
                0x00000000c001b48b                Sys::setTime(regs*)
 .text          0x00000000c001b5b3       0x4a sys/sc_timezone.32
                0x00000000c001b5b3                Sys::timezone(regs*)
 .text          0x00000000c001b5fd       0x68 sys/sc_write.32
                0x00000000c001b5fd                Sys::write(regs*)
 .text          0x00000000c001b665       0x62 sys/sc_wsbe.32
                0x00000000c001b665                Sys::wsbe(regs*)
 .text          0x00000000c001b6c7       0x3b sys/sc_yield.32
                0x00000000c001b6c7                Sys::yield(regs*)
 .text          0x00000000c001b702     0x10e5 sys/syscalls.32
                0x00000000c001b702                sysCallSeekDir(regs*)
                0x00000000c001b707                sysCallTellDir(regs*)
                0x00000000c001b70c                sysCallVerify(regs*)
                0x00000000c001b716                sysFormatDisk(regs*)
                0x00000000c001b780                sysSetDiskVolumeLabel(regs*)
                0x00000000c001b7c6                sysGetDiskVolumeLabel(regs*)
                0x00000000c001b817                sysShutdown(regs*)
                0x00000000c001b875                sysCallRealpath(regs*)
                0x00000000c001b8b8                sysCallGetArgc(regs*)
                0x00000000c001b8e6                sysCallReadDir(regs*)
                0x00000000c001b974                sysCallIsATTY(regs*)
                0x00000000c001b9ce                sysCallSeek(regs*)
                0x00000000c001ba37                sysCallTell(regs*)
                0x00000000c001bab4                sysCallSize(regs*)
                0x00000000c001bb37                sysCallSizeFromFilename(regs*)
                0x00000000c001bbf7                sysCallClose(regs*)
                0x00000000c001bc7f                sysCallOpenDir(regs*)
                0x00000000c001bcf4                sysCallCloseDir(regs*)
                0x00000000c001bd5a                sysCallMakeDir(regs*)
                0x00000000c001bdca                sysCallWait(regs*)
                0x00000000c001bde4                sysCallNotImpl(regs*)
                0x00000000c001bdff                sysPanic(regs*)
                0x00000000c001be25                sysCallRmdir(regs*)
                0x00000000c001be89                sysCallUnlink(regs*)
                0x00000000c001beed                sysCallGetArgv(regs*)
                0x00000000c001bf39                sysCallTTYName(regs*)
                0x00000000c001bfbc                sysCallUSleep(regs*)
                0x00000000c001bfe3                sysCallSpawn(regs*)
                0x00000000c001c03b                sysCallGetEnv(regs*)
                0x00000000c001c173                sysAppSettings(regs*)
                0x00000000c001c292                sysSetFatAttrib(regs*)
                0x00000000c001c304                sysPipe(regs*)
                0x00000000c001c349                sysGetUnixTime(regs*)
                0x00000000c001c35d                string_ends_with(char const*, char const*)
                0x00000000c001c3a5                sysCallOpen(regs*)
                0x00000000c001c5ba                Sys::loadSyscalls()
                0x00000000c001c7a5                Sys::systemCall(regs*, void*)
 .text          0x00000000c001c7e7     0x11d4 thr/elf.32
                0x00000000c001c7e7                Thr::allocateMemoryForTask(Process*, File*, unsigned long, unsigned long, unsigned long)
                0x00000000c001ca79                Thr::loadProgramIntoMemory(Process*, char const*)
                0x00000000c001cc8f                Thr::runtimeReferenceHelper()
                0x00000000c001cca2                Thr::getAddressOfKernelSymbol(char const*)
                0x00000000c001ccf1                Thr::loadKernelSymbolTable(char const*)
                0x00000000c001cfaf                Thr::loadDriverIntoMemory(char const*, unsigned long, bool)
                0x00000000c001d6cb                Thr::getDriverBaseFromAddress(unsigned long)
                0x00000000c001d6fd                Thr::getDriverNameFromAddress(unsigned long)
                0x00000000c001d734                Thr::getDriverOffsetFromAddress(unsigned long)
                0x00000000c001d74e                Thr::loadDLL(char const*, bool)
                0x00000000c001d982                Thr::executeDLL(unsigned long, void*)
 *fill*         0x00000000c001d9bb        0x1 
 .text          0x00000000c001d9bc     0x1056 thr/prcssthr.32
                0x00000000c001d9bc                changeTSS
                0x00000000c001d9ec                Process::addArgs(char**)
                0x00000000c001da46                Process::Process(char const*, Process*, char**)
                0x00000000c001da46                Process::Process(char const*, Process*, char**)
                0x00000000c001dc2a                Process::Process(bool, char const*, Process*, char**)
                0x00000000c001dc2a                Process::Process(bool, char const*, Process*, char**)
                0x00000000c001ddd9                disableIRQs()
                0x00000000c001dde1                getIRQNestingLevel()
                0x00000000c001dde7                enableIRQs()
                0x00000000c001ddf6                lockScheduler()
                0x00000000c001ddf8                unlockScheduler()
                0x00000000c001ddfa                userModeEntryPoint(void*)
                0x00000000c001de1d                lockStuff()
                0x00000000c001de29                taskStartupFunction
                0x00000000c001de32                updateTimeUsed()
                0x00000000c001de97                switchToThread(ThreadControlBlock*)
                0x00000000c001dee8                Semaphore::Semaphore(int)
                0x00000000c001dee8                Semaphore::Semaphore(int)
                0x00000000c001df16                Mutex::Mutex()
                0x00000000c001df16                Mutex::Mutex()
                0x00000000c001df28                Process::createThread(void (*)(void*), void*, int)
                0x00000000c001e00c                Process::createUserThread()
                0x00000000c001e028                setupMultitasking(void (*)())
                0x00000000c001e132                schedule()
                0x00000000c001e1b7                unlockStuff()
                0x00000000c001e1ec                Semaphore::tryAcquire()
                0x00000000c001e21a                Semaphore::assertLocked(char const*)
                0x00000000c001e24a                blockTaskWithSchedulerLockAlreadyHeld(TaskState)
                0x00000000c001e28c                blockTask(TaskState)
                0x00000000c001e2ad                waitTask(int, int*, int)
                0x00000000c001e2ef                nanoSleepUntil(unsigned long long)
                0x00000000c001e346                nanoSleep(unsigned long long)
                0x00000000c001e35b                sleep(unsigned long long)
                0x00000000c001e378                Semaphore::acquire()
                0x00000000c001e3e0                taskReturned
                0x00000000c001e40e                unblockTask(ThreadControlBlock*)
                0x00000000c001e4bd                cleanupTerminatedTask(ThreadControlBlock*)
                0x00000000c001e786                cleanerTaskFunction(void*)
                0x00000000c001e839                terminateTask(int)
                0x00000000c001e919                Thr::terminateFromIRQ(int)
                0x00000000c001e926                Semaphore::release()
 .text          0x00000000c001ea12      0xc26 vm86/vm8086.32
                0x00000000c001ea12                Vm::inbv(unsigned short)
                0x00000000c001ea25                Vm::outbv(unsigned short, unsigned char)
                0x00000000c001ea78                Vm::realToLinear(unsigned short, unsigned short)
                0x00000000c001ea88                Vm::getSegment(unsigned int)
                0x00000000c001ea90                Vm::getOffset(unsigned int)
                0x00000000c001ea95                Vm::mainloop2()
                0x00000000c001ead0                Vm::mainVm8086Loop(void*)
                0x00000000c001eadd                Vm::mainloop3(unsigned long)
                0x00000000c001eb07                Vm::initialise8086()
                0x00000000c001eb4a                Vm::finish8086()
                0x00000000c001eb8f                Vm::getOutput8086(unsigned char*)
                0x00000000c001ebb9                Vm::start8086(char const*, unsigned short, unsigned short, unsigned short, unsigned short)
                0x00000000c001ed09                Vm::doISR(regs*, int, unsigned char*, unsigned short, unsigned short)
                0x00000000c001ed93                Vm::readByteFromReal(unsigned short, unsigned short)
                0x00000000c001eda4                Vm::readWordFromReal(unsigned short, unsigned short)
                0x00000000c001edb6                Vm::readDwordFromReal(unsigned short, unsigned short)
                0x00000000c001edc7                Vm::writeByteFromReal(unsigned short, unsigned short, unsigned char)
                0x00000000c001eddc                Vm::writeWordFromReal(unsigned short, unsigned short, unsigned short)
                0x00000000c001edf2                Vm::writeDwordFromReal(unsigned short, unsigned short, unsigned int)
                0x00000000c001ee07                Vm::faultHandler(regs*)
 .text          0x00000000c001f638      0xefd vm86/x87em.32
                0x00000000c001f638                Vm::fpuInternalTo32(unsigned long long)
                0x00000000c001f693                Vm::fpuInternalTo64(unsigned long long)
                0x00000000c001f69c                Vm::fpu32ToInternal(unsigned int)
                0x00000000c001f6e1                Vm::fpu64ToInternal(unsigned long long)
                0x00000000c001f6ea                Vm::fpuFloatToLong(unsigned long long)
                0x00000000c001f745                Vm::fpuULongToFloat(unsigned long long)
                0x00000000c001f77b                Vm::fpuLongToFloat(long long)
                0x00000000c001f7d1                Vm::fpuGet0()
                0x00000000c001f7d6                Vm::fpuGet1()
                0x00000000c001f7de                Vm::fpuGetPi()
                0x00000000c001f7e6                Vm::fpuGetLog2E()
                0x00000000c001f7fe                Vm::fpuGetLogE2()
                0x00000000c001f816                Vm::fpuGetLog210()
                0x00000000c001f82e                Vm::fpuGetLog102()
                0x00000000c001f846                Vm::fpuIsSecondLarger(unsigned long long, unsigned long long)
                0x00000000c001f85a                Vm::fpuAreEqual(unsigned long long, unsigned long long)
                0x00000000c001f870                Vm::fpuUnorderedCompare(unsigned long long, unsigned long long)
                0x00000000c001f8c3                Vm::fpuAdd(unsigned long long, unsigned long long)
                0x00000000c001f8d4                Vm::fpuAbs(unsigned long long)
                0x00000000c001f8dd                Vm::fpuChs(unsigned long long)
                0x00000000c001f8ed                Vm::fpuSub(unsigned long long, unsigned long long)
                0x00000000c001f8fc                Vm::fpuMultiply(unsigned long long, unsigned long long)
                0x00000000c001f91b                Vm::fpuDivide(unsigned long long, unsigned long long)
                0x00000000c001f937                Vm::fpuSquare(unsigned long long)
                0x00000000c001f94d                Vm::fpuGetReg(int)
                0x00000000c001f990                Vm::fpuSetReg(int, unsigned long long)
                0x00000000c001f9db                Vm::fpuPush(unsigned long long)
                0x00000000c001fa38                Vm::fpuPop()
                0x00000000c001fa8a                Vm::x87Handler(regs*)
 *fill*         0x00000000c0020535        0x1 
 .text          0x00000000c0020536     0x10ed fs/fat/vfslink.32
                0x00000000c0020536                FAT::getName()
                0x00000000c002053c                FAT::tell(void*, unsigned long long*)
                0x00000000c0020570                FAT::stat(void*, unsigned long long*)
                0x00000000c00205a4                FAT::~FAT()
                0x00000000c00205a4                FAT::~FAT()
                0x00000000c00205c8                FAT::~FAT()
                0x00000000c00205f0                FAT::getlabel(LogicalDisk*, int, char*, unsigned int*)
                0x00000000c002068e                FAT::setlabel(LogicalDisk*, int, char*)
                0x00000000c0020748                FAT::format(LogicalDisk*, int, char const*, int)
                0x00000000c002092c                FAT::tryMount(LogicalDisk*, int)
                0x00000000c0020b32                FAT::readDir(void*, unsigned long, void*, int*)
                0x00000000c0020c38                FAT::read(void*, unsigned long, void*, int*)
                0x00000000c0020c92                FAT::write(void*, unsigned long, void*, int*)
                0x00000000c0020cec                FAT::close(void*)
                0x00000000c0020d38                FAT::closeDir(void*)
                0x00000000c0020d84                FAT::seek(void*, unsigned long long)
                0x00000000c0020dd8                fatWrapperReadDisk
                0x00000000c0020e1f                fatWrapperWriteDisk
                0x00000000c0020e66                fatWrapperIoctl
                0x00000000c0020f6a                FAT::FAT()
                0x00000000c0020f6a                FAT::FAT()
                0x00000000c0020fbc                FAT::fixFilepath(char*)
                0x00000000c0020ff4                FAT::open(char const*, void**, FileOpenMode)
                0x00000000c002111c                FAT::openDir(char const*, void**)
                0x00000000c00211c2                FAT::stat(char const*, unsigned long long*, bool*)
                0x00000000c00212ac                FAT::unlink(char const*)
                0x00000000c0021326                FAT::chfatattr(char const*, unsigned char, unsigned char)
                0x00000000c002147a                FAT::rename(char const*, char const*)
                0x00000000c002153e                FAT::mkdir(char const*)
                0x00000000c00215b8                FAT::exists(char const*)
 *fill*         0x00000000c0021623        0x1 
 .text          0x00000000c0021624      0xbc1 fs/iso9660/vfslink.32
                0x00000000c0021624                ISO9660::format(LogicalDisk*, int, char const*, int)
                0x00000000c002162a                ISO9660::seek(void*, unsigned long long)
                0x00000000c002165a                ISO9660::tell(void*, unsigned long long*)
                0x00000000c002167e                ISO9660::getName()
                0x00000000c0021684                ISO9660::stat(void*, unsigned long long*)
                0x00000000c00216a8                ISO9660::chfatattr(char const*, unsigned char, unsigned char)
                0x00000000c00216ae                ISO9660::unlink(char const*)
                0x00000000c00216b4                ISO9660::write(void*, unsigned long, void*, int*)
                0x00000000c00216ba                ISO9660::rename(char const*, char const*)
                0x00000000c00216c0                ISO9660::mkdir(char const*)
                0x00000000c00216c6                ISO9660::close(void*)
                0x00000000c00216e8                ISO9660::closeDir(void*)
                0x00000000c002170a                ISO9660::~ISO9660()
                0x00000000c002170a                ISO9660::~ISO9660()
                0x00000000c002172e                ISO9660::~ISO9660()
                0x00000000c0021755                __memmem(unsigned char*, int, unsigned char*, int)
                0x00000000c0021797                readSectorFromCDROM(unsigned int, unsigned char*, char)
                0x00000000c00217fe                ISO9660::tryMount(LogicalDisk*, int)
                0x00000000c002184e                ISO9660::read(void*, unsigned long, void*, int*)
                0x00000000c0021a4e                ISO9660::readDir(void*, unsigned long, void*, int*)
                0x00000000c0021cdb                readRoot(unsigned int*, unsigned int*, char)
                0x00000000c0021d30                readRecursively(char*, unsigned int, unsigned int, unsigned int*, unsigned int*, char, int*)
                0x00000000c0021f03                getFileData(char*, unsigned int*, unsigned int*, char, int*)
                0x00000000c0021f92                ISO9660::open(char const*, void**, FileOpenMode)
                0x00000000c0022052                ISO9660::exists(char const*)
                0x00000000c0022076                ISO9660::stat(char const*, unsigned long long*, bool*)
                0x00000000c002210a                ISO9660::openDir(char const*, void**)
                0x00000000c00221c2                ISO9660::ISO9660()
                0x00000000c00221c2                ISO9660::ISO9660()
 *fill*         0x00000000c00221e5        0x1 
 .text          0x00000000c00221e6      0x326 hal/sound/sndchannel.32
                0x00000000c00221e6                SoundChannel::~SoundChannel()
                0x00000000c00221e6                SoundChannel::~SoundChannel()
                0x00000000c0022202                SoundChannel::setSpeed(float)
                0x00000000c002220e                SoundChannel::getSpeed()
                0x00000000c0022216                SoundChannel::setVolume(int)
                0x00000000c0022232                SoundChannel::getVolume()
                0x00000000c002223a                SoundChannel::pause()
                0x00000000c0022244                SoundChannel::SoundChannel(int, int, int, int)
                0x00000000c0022244                SoundChannel::SoundChannel(int, int, int, int)
                0x00000000c002239a                SoundChannel::play()
                0x00000000c00223a4                SoundChannel::paused()
                0x00000000c00223ac                SoundChannel::getSampleRate()
                0x00000000c00223b4                SoundChannel::getBits()
                0x00000000c00223bc                SoundChannel::getBufferUsed()
                0x00000000c00223c4                SoundChannel::getBufferSize()
                0x00000000c00223cc                SoundChannel::unbuffer(float*, int, int)
                0x00000000c002246c                SoundChannel::buffer8(unsigned char*, int)
 .text          0x00000000c002250c      0x3d5 hal/sound/sndhw.32
                0x00000000c002250c                SoundDevice::SoundDevice(char const*)
                0x00000000c002250c                SoundDevice::SoundDevice(char const*)
                0x00000000c0022578                SoundDevice::~SoundDevice()
                0x00000000c0022578                SoundDevice::~SoundDevice()
                0x00000000c00225f2                SoundDevice::~SoundDevice()
                0x00000000c002261c                SoundDevice::getFreeChannelNum()
                0x00000000c0022636                SoundDevice::addChannel(SoundChannel*)
                0x00000000c00226a6                SoundDevice::removeChannel(int)
                0x00000000c00226d8                SoundDevice::floatTo8(float*, unsigned char*, int)
                0x00000000c00227c0                SoundDevice::getAudio(int, float*, float*)
 .text          0x00000000c00228e1        0x0 hw/bus/isa.32
 *fill*         0x00000000c00228e1        0x1 
 .text          0x00000000c00228e2      0x6c3 hw/bus/pci.32
                0x00000000c00228e2                PCI::open(int, int, void*)
                0x00000000c00228f6                PCI::close(int, int, void*)
                0x00000000c00228fa                PCI::PCI()
                0x00000000c00228fa                PCI::PCI()
                0x00000000c002297a                PCI::pciReadWord(unsigned char, unsigned char, unsigned char, unsigned char)
                0x00000000c00229c2                PCI::getVendorID(unsigned char, unsigned char, unsigned char)
                0x00000000c00229e4                PCI::getHeaderType(unsigned char, unsigned char, unsigned char)
                0x00000000c0022a08                PCI::getClassCode(unsigned char, unsigned char, unsigned char)
                0x00000000c0022a4c                PCI::getProgIF(unsigned char, unsigned char, unsigned char)
                0x00000000c0022a70                PCI::getRevisionID(unsigned char, unsigned char, unsigned char)
                0x00000000c0022a92                PCI::getInterruptNumber(unsigned char, unsigned char, unsigned char)
                0x00000000c0022ab4                PCI::getSecondaryBus(unsigned char, unsigned char, unsigned char)
                0x00000000c0022ad8                PCI::getBARAddress(unsigned char, unsigned char, unsigned char, unsigned char)
                0x00000000c0022b38                PCI::pciWriteWord(unsigned char, unsigned char, unsigned char, unsigned char, unsigned short)
                0x00000000c0022ba4                PCI::checkBus(unsigned char)
                0x00000000c0022bc8                PCI::foundDevice(PCIDeviceInfo)
                0x00000000c0022d3a                PCI::getDeviceData(unsigned char, unsigned char, unsigned char)
                0x00000000c0022ee6                PCI::checkDevice(unsigned char, unsigned char)
                0x00000000c0022f52                PCI::detect()
 *fill*         0x00000000c0022fa5        0x1 
 .text          0x00000000c0022fa6      0xc70 hw/diskctrl/ide.32
                0x00000000c0022fa6                IDE::close(int, int, void*)
                0x00000000c0022faa                IDE::IDE()
                0x00000000c0022faa                IDE::IDE()
                0x00000000c0022fde                IDE::prepareInterrupt(unsigned char)
                0x00000000c0022ff0                selectDrive(unsigned char, unsigned char)
                0x00000000c0022ff2                IDE::getBase(unsigned char)
                0x00000000c0023004                IDE::write(unsigned char, unsigned char, unsigned char)
                0x00000000c00230c4                IDE::read(unsigned char, unsigned char)
                0x00000000c0023172                IDE::waitInterrupt(unsigned char)
                0x00000000c00231d8                ideChannel0IRQHandler(regs*, void*)
                0x00000000c00231f4                ideChannel1IRQHandler(regs*, void*)
                0x00000000c0023210                IDE::enableIRQs(unsigned char, bool)
                0x00000000c0023256                IDE::open(int, int, void*)
                0x00000000c0023666                IDE::readBuffer(unsigned char, unsigned char, unsigned int, unsigned int)
                0x00000000c0023732                IDE::detect()
                0x00000000c0023a1a                IDE::printError(unsigned char, unsigned char, unsigned char)
                0x00000000c0023bb0                IDE::polling(unsigned char, unsigned int)
 .text          0x00000000c0023c16      0x390 hw/diskctrl/satabus.32
                0x00000000c0023c16                SATABus::close(int, int, void*)
                0x00000000c0023c1a                SATABus::detect()
                0x00000000c0023c1c                SATABus::SATABus()
                0x00000000c0023c1c                SATABus::SATABus()
                0x00000000c0023cc8                SATABus::findCmdslot(SATABus::tagHBA_PORT volatile*)
                0x00000000c0023d10                SATABus::checkType(SATABus::tagHBA_PORT volatile*)
                0x00000000c0023d58                SATABus::startCmd(SATABus::tagHBA_PORT volatile*)
                0x00000000c0023d78                SATABus::stopCmd(SATABus::tagHBA_PORT volatile*)
                0x00000000c0023da2                SATABus::portRebase(SATABus::tagHBA_PORT volatile*, int)
                0x00000000c0023ea8                SATABus::probePort(SATABus::tagHBA_MEM volatile*)
                0x00000000c0023f86                SATABus::open(int, int, void*)
 .text          0x00000000c0023fa6      0x63c hw/diskphys/ata.32
                0x00000000c0023fa6                ATA::close(int, int, void*)
                0x00000000c0023fca                ATA::powerSaving(PowerSavingLevel)
                0x00000000c0023fcc                ATA::ATA()
                0x00000000c0023fcc                ATA::ATA()
                0x00000000c0023ffa                ATA::flush(bool)
                0x00000000c0024044                ATA::readyForCommand()
                0x00000000c0024094                ATA::access(unsigned long long, int, void*, bool)
                0x00000000c002441c                ATA::read(unsigned long long, int, void*)
                0x00000000c0024484                ATA::write(unsigned long long, int, void*)
                0x00000000c00244ec                ATA::detectCHS()
                0x00000000c0024516                ATA::open(int, int, void*)
 .text          0x00000000c00245e2      0x5bd hw/diskphys/atapi.32
                0x00000000c00245e2                ATAPI::write(unsigned long long, int, void*)
                0x00000000c00245e8                ATAPI::close(int, int, void*)
                0x00000000c002460c                ATAPI::ATAPI()
                0x00000000c002460c                ATAPI::ATAPI()
                0x00000000c002463a                ATAPI::readyForCommand()
                0x00000000c002468a                ATAPI::sendPacket(unsigned char*, int, bool, unsigned short*, int)
                0x00000000c002494a                ATAPI::diskRemoved()
                0x00000000c0024966                ATAPI::eject()
                0x00000000c00249ae                ATAPI::diskInserted()
                0x00000000c00249dc                ATAPI::detectMedia()
                0x00000000c0024a98                ATAPI::open(int, int, void*)
                0x00000000c0024b20                ATAPI::read(unsigned long long, int, void*)
 *fill*         0x00000000c0024b9f        0x1 
 .text          0x00000000c0024ba0      0x455 hw/diskphys/sata.32
                0x00000000c0024ba0                SATA::close(int, int, void*)
                0x00000000c0024bc4                SATA::powerSaving(PowerSavingLevel)
                0x00000000c0024bc6                SATA::open(int, int, void*)
                0x00000000c0024c74                SATA::SATA()
                0x00000000c0024c74                SATA::SATA()
                0x00000000c0024ca2                SATA::access(unsigned long long, int, void*, bool)
                0x00000000c0024f08                SATA::read(unsigned long long, int, void*)
                0x00000000c0024f70                SATA::write(unsigned long long, int, void*)
 *fill*         0x00000000c0024ff5        0x1 
 .text          0x00000000c0024ff6      0x500 hw/diskphys/satapi.32
                0x00000000c0024ff6                SATAPI::write(unsigned long long, int, void*)
                0x00000000c0024ffc                SATAPI::close(int, int, void*)
                0x00000000c0025020                SATAPI::SATAPI()
                0x00000000c0025020                SATAPI::SATAPI()
                0x00000000c002504e                SATAPI::diskRemoved()
                0x00000000c002506a                SATAPI::diskInserted()
                0x00000000c0025098                SATAPI::sendPacket(unsigned char*, int, unsigned long long, unsigned short*, int)
                0x00000000c002529c                SATAPI::eject()
                0x00000000c00252e4                SATAPI::detectMedia()
                0x00000000c00253a6                SATAPI::open(int, int, void*)
                0x00000000c0025454                SATAPI::read(unsigned long long, int, void*)
 .text          0x00000000c00254f6       0x8e hw/fpu/avx.32
                0x00000000c00254f6                AVX::open(int, int, void*)
                0x00000000c0025508                AVX::close(int, int, void*)
                0x00000000c002551a                AVX::available()
                0x00000000c002552c                AVX::save(void*)
                0x00000000c0025544                AVX::load(void*)
                0x00000000c002555c                AVX::AVX()
                0x00000000c002555c                AVX::AVX()
 .text          0x00000000c0025584       0x90 hw/fpu/mmx.32
                0x00000000c0025584                MMX::available()
                0x00000000c0025598                MMX::open(int, int, void*)
                0x00000000c00255aa                MMX::close(int, int, void*)
                0x00000000c00255bc                MMX::save(void*)
                0x00000000c00255d4                MMX::load(void*)
                0x00000000c00255ec                MMX::MMX()
                0x00000000c00255ec                MMX::MMX()
 .text          0x00000000c0025614       0x96 hw/fpu/sse.32
                0x00000000c0025614                SSE::open(int, int, void*)
                0x00000000c0025626                SSE::close(int, int, void*)
                0x00000000c0025638                SSE::available()
                0x00000000c0025652                SSE::save(void*)
                0x00000000c002566a                SSE::load(void*)
                0x00000000c0025682                SSE::SSE()
                0x00000000c0025682                SSE::SSE()
 .text          0x00000000c00256aa       0x8e hw/fpu/x87.32
                0x00000000c00256aa                x87::open(int, int, void*)
                0x00000000c00256bc                x87::close(int, int, void*)
                0x00000000c00256ce                x87::available()
                0x00000000c00256e0                x87::save(void*)
                0x00000000c00256f8                x87::load(void*)
                0x00000000c0025710                x87::x87()
                0x00000000c0025710                x87::x87()
 .text          0x00000000c0025738      0x71e hw/intctrl/apic.32
                0x00000000c0025738                APIC::disable()
                0x00000000c002573a                APIC::close(int, int, void*)
                0x00000000c002575c                IOAPIC::close(int, int, void*)
                0x00000000c0025762                APIC::io_wait()
                0x00000000c0025768                APIC::getBase()
                0x00000000c00257aa                APIC::eoi(unsigned char)
                0x00000000c00257d8                APIC::open(int, int, void*)
                0x00000000c0025926                IOAPIC::IOAPIC()
                0x00000000c0025926                IOAPIC::IOAPIC()
                0x00000000c002594e                APIC::APIC()
                0x00000000c002594e                APIC::APIC()
                0x00000000c0025a2a                IOAPIC::handlesGSIWithNumber(unsigned int)
                0x00000000c0025a5c                IOAPIC::read(int)
                0x00000000c0025a84                IOAPIC::open(int, int, void*)
                0x00000000c0025b7a                IOAPIC::write(int, int)
                0x00000000c0025ba6                IOAPIC::redirect(unsigned char, unsigned long long, unsigned char, bool, bool)
                0x00000000c0025ca0                APIC::installIRQHandler(int, void (*)(regs*, void*), bool, void*)
 .text          0x00000000c0025e56      0x3d3 hw/intctrl/pic.32
                0x00000000c0025e56                PIC::disable()
                0x00000000c0025e84                PIC::close(int, int, void*)
                0x00000000c0025ea6                PIC::PIC()
                0x00000000c0025ea6                PIC::PIC()
                0x00000000c0025f7c                PIC::ioWait()
                0x00000000c0025f82                PIC::getIRQReg(int)
                0x00000000c0025fec                PIC::eoi(unsigned char)
                0x00000000c002607e                PIC::remap()
                0x00000000c00261ea                PIC::open(int, int, void*)
 *fill*         0x00000000c0026229        0x1 
 .text          0x00000000c002622a      0x25e hw/timer/apictimer.32
                0x00000000c002622a                APICTimer::close(int, int, void*)
                0x00000000c0026230                apicTimerHandler(regs*, void*)
                0x00000000c002625e                APICTimer::write(int)
                0x00000000c0026362                APICTimer::open(int, int, void*)
                0x00000000c0026460                APICTimer::APICTimer()
                0x00000000c0026460                APICTimer::APICTimer()
 .text          0x00000000c0026488      0x1a7 hw/timer/pit.32
                0x00000000c0026488                PIT::write(int)
                0x00000000c0026506                pitHandler(regs*, void*)
                0x00000000c0026532                PIT::open(int, int, void*)
                0x00000000c0026580                PIT::close(int, int, void*)
                0x00000000c00265b0                PIT::PIT()
                0x00000000c00265b0                PIT::PIT()
 *fill*         0x00000000c002662f        0x1 
 .text          0x00000000c0026630       0x1e hw/fpu/x86/avx.32
                0x00000000c0026630                avxDetect
                0x00000000c0026636                avxSave
                0x00000000c0026637                avxLoad
                0x00000000c0026638                avxInit
                0x00000000c0026639                avxClose
                0x00000000c002663a                wouldSheSayYes
 *fill*         0x00000000c002664e        0x2 
 .text          0x00000000c0026650       0x35 hw/fpu/x86/sse.32
                0x00000000c0026650                absolutelyNoChanceInHell
                0x00000000c0026650                sseDetect
                0x00000000c0026668                sseSave
                0x00000000c002666e                sseLoad
                0x00000000c0026674                sseInit
                0x00000000c0026684                sseClose
 *fill*         0x00000000c0026685        0xb 
 .text          0x00000000c0026690       0x47 hw/fpu/x86/x87.32
                0x00000000c0026696                x87Detect
                0x00000000c00266b1                x87Save
                0x00000000c00266b7                x87Load
                0x00000000c00266bc                x87Init
                0x00000000c00266d6                x87Close
 *fill*         0x00000000c00266d7        0x1 
 .text          0x00000000c00266d8       0x25 /cygdrive/d/Users/Alex/Desktop/Toolchain/Output/bin/../lib/gcc/i386-banana/8.1.0/crtend.o
 .text          0x00000000c00266fd        0x0 crtn.32
 *fill*         0x00000000c00266fd        0x3 
 .text          0x00000000c0026700      0x14b /cygdrive/d/Users/Alex/Desktop/Toolchain/Output/bin/../lib/gcc/i386-banana/8.1.0/libkgcc.a(_divdi3.o)
                0x00000000c0026700                __divdi3
 *fill*         0x00000000c002684b        0x1 
 .text          0x00000000c002684c      0x17e /cygdrive/d/Users/Alex/Desktop/Toolchain/Output/bin/../lib/gcc/i386-banana/8.1.0/libkgcc.a(_moddi3.o)
                0x00000000c002684c                __moddi3
 *fill*         0x00000000c00269ca        0x2 
 .text          0x00000000c00269cc       0xff /cygdrive/d/Users/Alex/Desktop/Toolchain/Output/bin/../lib/gcc/i386-banana/8.1.0/libkgcc.a(_udivdi3.o)
                0x00000000c00269cc                __udivdi3
 *fill*         0x00000000c0026acb        0x1 
 .text          0x00000000c0026acc      0x11a /cygdrive/d/Users/Alex/Desktop/Toolchain/Output/bin/../lib/gcc/i386-banana/8.1.0/libkgcc.a(_umoddi3.o)
                0x00000000c0026acc                __umoddi3
 .text          0x00000000c0026be6      0x96d D:/Users/Alex/Desktop/Banana/kernel/libsoftfp.a(sfieeelib.o)
                0x00000000c0026be6                __addsf3
                0x00000000c0026ee8                __subsf3
                0x00000000c0026efc                __negsf2
                0x00000000c0026f09                __mulsf3
                0x00000000c00270cc                __divsf3
                0x00000000c00272f7                __floatsisf
                0x00000000c002736b                __floatunsisf
                0x00000000c00273ad                __fixsfsi
                0x00000000c002740f                __fixunssfsi
                0x00000000c0027440                __cmpsf2
                0x00000000c00274d5                __eqsf2