Archive member included to satisfy reference by file (symbol)

/cygdrive/d/Users/Alex/Desktop/Toolchain/Output/bin/../lib/gcc/i386-banana/8.1.0/libgcc.a(_divdi3.o)
                              fs/fat/ff.32 (__divdi3)
/cygdrive/d/Users/Alex/Desktop/Toolchain/Output/bin/../lib/gcc/i386-banana/8.1.0/libgcc.a(_moddi3.o)
                              core/elf.32 (__moddi3)
/cygdrive/d/Users/Alex/Desktop/Toolchain/Output/bin/../lib/gcc/i386-banana/8.1.0/libgcc.a(_udivdi3.o)
                              fs/fat/ff.32 (__udivdi3)
/cygdrive/d/Users/Alex/Desktop/Toolchain/Output/bin/../lib/gcc/i386-banana/8.1.0/libgcc.a(_umoddi3.o)
                              core/elf.32 (__umoddi3)
D:/Users/Alex/Desktop/Banana/kernel/libk/libm32.a(s_fabs.c.o)
                              hal/libresample/samplerate.32 (fabs)
D:/Users/Alex/Desktop/Banana/kernel/libk/libm32.a(s_lrint.S.o)
                              hal/libresample/samplerate.32 (lrint)
D:/Users/Alex/Desktop/Banana/kernel/libk/libm32.a(s_lrintf.S.o)
                              hal/sound/sndhw.32 (lrintf)

Discarded input sections

 .comment       0x0000000000000000       0x12 /cygdrive/d/Users/Alex/Desktop/Toolchain/Output/bin/../lib/gcc/i386-banana/8.1.0/crtbegin.o
 .comment       0x0000000000000000       0x12 acpica/utclib.32
 .comment       0x0000000000000000       0x12 core/malloc.32
 .comment       0x0000000000000000       0x12 libk/string.32
 .comment       0x0000000000000000       0x12 fs/fat/diskio.32
 .comment       0x0000000000000000       0x12 fs/fat/ff.32
 .comment       0x0000000000000000       0x12 fs/fat/ffsystem.32
 .comment       0x0000000000000000       0x12 fs/fat/ffunicode.32
 .comment       0x0000000000000000       0x12 hal/libresample/samplerate.32
 .comment       0x0000000000000000       0x12 hal/libresample/src_linear.32
 .comment       0x0000000000000000       0x12 hal/libresample/src_sinc.32
 .comment       0x0000000000000000       0x12 hal/libresample/src_zoh.32
 .group         0x0000000000000000       0x14 core/computer.32
 .group         0x0000000000000000        0xc core/computer.32
 .comment       0x0000000000000000       0x12 core/computer.32
 .comment       0x0000000000000000       0x12 core/elf.32
 .comment       0x0000000000000000       0x12 core/gdt.32
 .group         0x0000000000000000        0xc core/idle.32
 .comment       0x0000000000000000       0x12 core/idle.32
 .comment       0x0000000000000000       0x12 core/idt.32
 .group         0x0000000000000000        0x8 core/kconsole.32
 .group         0x0000000000000000        0x8 core/kconsole.32
 .group         0x0000000000000000        0x8 core/kconsole.32
 .group         0x0000000000000000        0x8 core/kconsole.32
 .comment       0x0000000000000000       0x12 core/kconsole.32
 .group         0x0000000000000000        0x8 core/kheap.32
 .group         0x0000000000000000        0x8 core/kheap.32
 .text._ZN3CPU7readCR3Ev
                0x0000000000000000       0x12 core/kheap.32
 .comment       0x0000000000000000       0x12 core/kheap.32
 .comment       0x0000000000000000       0x12 core/main.32
 .comment       0x0000000000000000       0x12 core/physmgr.32
 .group         0x0000000000000000        0xc core/pipe.32
 .comment       0x0000000000000000       0x12 core/pipe.32
 .group         0x0000000000000000        0x8 core/prcssthr.32
 .group         0x0000000000000000        0x8 core/prcssthr.32
 .group         0x0000000000000000        0xc core/prcssthr.32
 .group         0x0000000000000000        0xc core/prcssthr.32
 .group         0x0000000000000000        0x8 core/prcssthr.32
 .group         0x0000000000000000        0xc core/prcssthr.32
 .group         0x0000000000000000        0x8 core/prcssthr.32
 .group         0x0000000000000000        0x8 core/prcssthr.32
 .comment       0x0000000000000000       0x12 core/prcssthr.32
 .comment       0x0000000000000000       0x12 core/syscalls.32
 .group         0x0000000000000000        0xc core/terminal.32
 .comment       0x0000000000000000       0x12 core/terminal.32
 .group         0x0000000000000000        0x8 core/tss.32
 .text._ZN3CPU7readCR3Ev
                0x0000000000000000       0x12 core/tss.32
 .comment       0x0000000000000000       0x12 core/tss.32
 .group         0x0000000000000000        0x8 core/unixfile.32
 .group         0x0000000000000000        0xc core/unixfile.32
 .group         0x0000000000000000        0x8 core/unixfile.32
 .group         0x0000000000000000        0xc core/unixfile.32
 .group         0x0000000000000000        0x8 core/unixfile.32
 .group         0x0000000000000000        0xc core/unixfile.32
 .group         0x0000000000000000        0xc core/unixfile.32
 .group         0x0000000000000000        0xc core/unixfile.32
 .comment       0x0000000000000000       0x12 core/unixfile.32
 .group         0x0000000000000000        0x8 core/virtmgr.32
 .group         0x0000000000000000        0x8 core/virtmgr.32
 .text._ZN3CPU7readCR3Ev
[...]
Memory Configuration

Name             Origin             Length             Attributes
*default*        0x0000000000000000 0xffffffffffffffff

Linker script and memory map

LOAD D:/Users/Alex/Desktop/Banana/kernel/boot.32
LOAD crti.32
LOAD /cygdrive/d/Users/Alex/Desktop/Toolchain/Output/bin/../lib/gcc/i386-banana/8.1.0/crtbegin.o
LOAD D:/Users/Alex/Desktop/Banana/kernel/morenasm.32
LOAD acpica/utclib.32
LOAD core/malloc.32
LOAD libk/string.32
LOAD fs/fat/diskio.32
LOAD fs/fat/ff.32
LOAD fs/fat/ffsystem.32
LOAD fs/fat/ffunicode.32
LOAD hal/libresample/samplerate.32
LOAD hal/libresample/src_linear.32
LOAD hal/libresample/src_sinc.32
LOAD hal/libresample/src_zoh.32
LOAD core/computer.32
LOAD core/elf.32
LOAD core/gdt.32
LOAD core/idle.32
LOAD core/idt.32
LOAD core/kconsole.32
LOAD core/kheap.32
LOAD core/main.32
LOAD core/physmgr.32
LOAD core/pipe.32
LOAD core/prcssthr.32
LOAD core/syscalls.32
LOAD core/terminal.32
LOAD core/tss.32
LOAD core/unixfile.32
LOAD core/virtmgr.32
LOAD coreobjs/c++.32
LOAD debugger/debug.32
LOAD fs/vfs.32
LOAD hal/bus.32
LOAD hal/buzzer.32
LOAD hal/clock.32
LOAD hal/device.32
LOAD hal/diskctrl.32
LOAD hal/diskphys.32
LOAD hal/fpu.32
LOAD hal/intctrl.32
LOAD hal/keybrd.32
LOAD hal/logidisk.32
LOAD hal/mouse.32
LOAD hal/partition.32
LOAD hal/timer.32
LOAD hal/vcache.32
LOAD hal/video.32
LOAD hw/acpi.32
LOAD hw/cpu.32
LOAD hw/ports.32
LOAD registry/registry.32
LOAD syscalls/sc_exit.32
LOAD syscalls/sc_read.32
LOAD syscalls/sc_sbrk.32
LOAD syscalls/sc_write.32
LOAD syscalls/sc_yield.32
LOAD vm86/vm8086.32
LOAD fs/fat/vfslink.32
LOAD fs/iso9660/vfslink.32
LOAD hal/sound/sndchannel.32
LOAD hal/sound/sndhw.32
LOAD hw/bus/isa.32
LOAD hw/bus/pci.32
LOAD hw/diskctrl/ide.32
LOAD hw/diskphys/ata.32
LOAD hw/diskphys/atapi.32
LOAD hw/fpu/avx.32
LOAD hw/fpu/mmx.32
LOAD hw/fpu/sse.32
LOAD hw/fpu/x87.32
LOAD hw/intctrl/apic.32
LOAD hw/intctrl/pic.32
LOAD hw/timer/apictimer.32
LOAD hw/timer/pit.32
LOAD hw/fpu/x86/avx.32
LOAD hw/fpu/x86/sse.32
LOAD hw/fpu/x86/x87.32
LOAD /cygdrive/d/Users/Alex/Desktop/Toolchain/Output/bin/../lib/gcc/i386-banana/8.1.0/crtend.o
LOAD crtn.32
LOAD /cygdrive/d/Users/Alex/Desktop/Toolchain/Output/bin/../lib/gcc/i386-banana/8.1.0/libgcc.a
LOAD D:/Users/Alex/Desktop/Banana/kernel/libk/libm32.a
                0x00000000c0000000                . = 0xc0000000

.text           0x00000000c0000000    0x1e1b8
 *(.text)
 .text          0x00000000c0000000       0x41 D:/Users/Alex/Desktop/Banana/kernel/boot.32
                0x00000000c0000020                callGlobalConstructors
 .text          0x00000000c0000041        0x0 crti.32
 *fill*         0x00000000c0000041        0x3 
 .text          0x00000000c0000044      0x101 /cygdrive/d/Users/Alex/Desktop/Toolchain/Output/bin/../lib/gcc/i386-banana/8.1.0/crtbegin.o
 *fill*         0x00000000c0000145        0xb 
 .text          0x00000000c0000150      0x41f D:/Users/Alex/Desktop/Banana/kernel/morenasm.32
                0x00000000c0000150                doTPAUSE
                0x00000000c000015a                hasLegacyFPU
                0x00000000c000017f                is486
                0x00000000c00001b5                goToVM86
                0x00000000c00001e6                goToUsermode
                0x00000000c0000211                switchToThreadASMFirstTime
                0x00000000c000021f                switchToThreadASM
                0x00000000c00002bf                detectCPUID
                0x00000000c00002d5                asmQuickAcquireLock
                0x00000000c00002f3                asmQuickReleaseLock
                0x00000000c00002ff                asmAcquireLock
                0x00000000c0000320                asmReleaseLock
                0x00000000c0000333                loadGDT
                0x00000000c0000353                isr0
                0x00000000c0000363                isr1
                0x00000000c000036d                isr2
                0x00000000c0000377                isr3
                0x00000000c0000381                isr4
                0x00000000c000038b                isr5
                0x00000000c0000395                isr6
                0x00000000c000039f                isr7
                0x00000000c00003a9                isr8
                0x00000000c00003b1                isr9
                0x00000000c00003bb                isr10
                0x00000000c00003c3                isr11
                0x00000000c00003cb                isr12
                0x00000000c00003d3                isr13
                0x00000000c00003db                isr14
                0x00000000c00003e3                isr15
                0x00000000c00003ed                isr16
                0x00000000c00003f7                isr17
                0x00000000c0000401                isr18
                0x00000000c000040b                isr96
                0x00000000c0000415                irq0
                0x00000000c000041f                irq1
                0x00000000c0000429                irq2
                0x00000000c0000433                irq3
                0x00000000c000043d                irq4
                0x00000000c0000447                irq5
                0x00000000c0000451                irq6
                0x00000000c000045b                irq7
                0x00000000c0000465                irq8
                0x00000000c000046f                irq9
                0x00000000c0000479                irq10
                0x00000000c0000483                irq11
                0x00000000c000048d                irq12
                0x00000000c0000497                irq13
                0x00000000c00004a1                irq14
                0x00000000c00004ab                irq15
                0x00000000c00004b5                irq16
                0x00000000c00004bf                irq17
                0x00000000c00004c9                irq18
                0x00000000c00004d3                irq19
                0x00000000c00004dd                irq20
                0x00000000c00004e7                irq21
                0x00000000c00004f1                irq22
                0x00000000c00004fb                irq23
                0x00000000c0000505                int_common_stub
                0x00000000c0000535                syscall_common_stub
 .text          0x00000000c000056f      0x40f acpica/utclib.32
                0x00000000c000056f                memcmp
                0x00000000c000059a                memmove
                0x00000000c00005d2                memcpy
                0x00000000c0000608                memset
                0x00000000c0000625                strlen
                0x00000000c0000635                strpbrk
                0x00000000c0000658                strtok
                0x00000000c00006a7                strcpy
                0x00000000c00006c7                strncpy
                0x00000000c00006f8                strcmp
                0x00000000c0000719                strchr
                0x00000000c000072f                strncmp
                0x00000000c000075e                strcat
                0x00000000c0000785                strncat
                0x00000000c00007bf                strstr
                0x00000000c00007fc                toupper
                0x00000000c0000810                tolower
                0x00000000c0000824                simple_strtoul
 .text          0x00000000c000097e      0xfbf core/malloc.32
                0x00000000c0000ae9                dlfree
                0x00000000c0000e44                dlmalloc
                0x00000000c0001381                dlrealloc
                0x00000000c0001536                dlmemalign
                0x00000000c0001659                dlcalloc
                0x00000000c00016f3                dlcfree
                0x00000000c00016f8                dlindependent_calloc
                0x00000000c000171d                dlindependent_comalloc
                0x00000000c0001734                dlvalloc
                0x00000000c000175f                dlpvalloc
                0x00000000c0001795                dlmalloc_trim
                0x00000000c00017a2                dlmalloc_usable_size
                0x00000000c00017d3                dlmallinfo
                0x00000000c00018a2                dlmalloc_stats
                0x00000000c00018b3                dlmallopt
 .text          0x00000000c000193d        0x0 libk/string.32
 .text          0x00000000c000193d       0x51 fs/fat/diskio.32
                0x00000000c000193d                disk_status
                0x00000000c0001940                disk_initialize
                0x00000000c0001943                disk_read
                0x00000000c0001959                disk_write
                0x00000000c000196f                disk_ioctl
 .text          0x00000000c000198e     0x6833 fs/fat/ff.32
                0x00000000c0004c5c                f_mount
                0x00000000c0004cbe                f_open
                0x00000000c00050fa                f_read
                0x00000000c000537a                f_write
                0x00000000c0005634                f_sync
                0x00000000c0005810                f_close
                0x00000000c000583f                f_lseek
                0x00000000c0005cf6                f_opendir
                0x00000000c0005df8                f_closedir
                0x00000000c0005e1a                f_readdir
                0x00000000c0005eb5                f_stat
                0x00000000c0005f44                f_getfree
                0x00000000c000610f                f_truncate
                0x00000000c0006207                f_unlink
                0x00000000c000638a                f_mkdir
                0x00000000c00065b6                f_rename
                0x00000000c00068a9                f_chmod
                0x00000000c0006987                f_utime
                0x00000000c0006a65                f_getlabel
                0x00000000c0006c53                f_setlabel
                0x00000000c0006ec0                f_forward
                0x00000000c000709e                f_mkfs
 .text          0x00000000c00081c1       0x2d fs/fat/ffsystem.32
                0x00000000c00081c1                ff_memalloc
                0x00000000c00081d7                ff_memfree
 .text          0x00000000c00081ee      0x253 fs/fat/ffunicode.32
                0x00000000c00081ee                ff_uni2oem
                0x00000000c000827e                ff_oem2uni
                0x00000000c00082ea                ff_wtoupper
 .text          0x00000000c0008441      0x70e hal/libresample/samplerate.32
                0x00000000c00084c9                src_delete
                0x00000000c0008505                src_process
                0x00000000c000862d                src_callback_read
                0x00000000c000878e                src_set_ratio
                0x00000000c00087e5                src_get_channels
                0x00000000c0008807                src_reset
                0x00000000c000884b                src_new
                0x00000000c00088d9                src_callback_new
                0x00000000c000893b                src_get_name
                0x00000000c0008972                src_get_description
                0x00000000c00089a9                src_get_version
                0x00000000c00089af                src_is_valid_ratio
                0x00000000c00089c9                src_error
                0x00000000c00089d7                src_strerror
                0x00000000c00089ea                src_simple
                0x00000000c0008a3d                src_short_to_float_array
                0x00000000c0008a63                src_float_to_short_array
                0x00000000c0008ac7                src_int_to_float_array
                0x00000000c0008aed                src_float_to_int_array
 .text          0x00000000c0008b4f      0x3fd hal/libresample/src_linear.32
                0x00000000c0008ea7                linear_get_name
                0x00000000c0008eb6                linear_get_description
                0x00000000c0008ec5                linear_set_converter
 .text          0x00000000c0008f4c     0x1a3f hal/libresample/src_sinc.32
                0x00000000c000a8a2                sinc_get_name
                0x00000000c000a8b5                sinc_get_description
                0x00000000c000a8c8                sinc_set_converter
 .text          0x00000000c000a98b      0x3d3 hal/libresample/src_zoh.32
                0x00000000c000acb9                zoh_get_name
                0x00000000c000acc8                zoh_get_description
                0x00000000c000acd7                zoh_set_converter
 .text          0x00000000c000ad5e      0x68d core/computer.32
                0x00000000c000ad5e                Computer::close(int, int, void*)
                0x00000000c000ada2                Computer::Computer()
                0x00000000c000ada2                Computer::Computer()
                0x00000000c000aefe                Computer::setBootMessage(char const*)
                0x00000000c000af00                Computer::start()
                0x00000000c000afda                firstTask()
                0x00000000c000afe8                Computer::detectFeatures()
                0x00000000c000b1c2                Computer::displayFeatures()
                0x00000000c000b1c4                Computer::rdmsr(unsigned int)
                0x00000000c000b1f0                Computer::wrmsr(unsigned int, unsigned long long)
                0x00000000c000b228                Computer::nmiEnabled()
                0x00000000c000b234                Computer::readCMOS(unsigned char)
                0x00000000c000b24e                Computer::enableNMI(bool)
                0x00000000c000b266                Computer::open(int, int, void*)
                0x00000000c000b32e                Computer::disableNMI()
                0x00000000c000b33c                Computer::writeCMOS(unsigned char, unsigned char)
                0x00000000c000b35a                Computer::handleNMI()
                0x00000000c000b3c0                Computer::setDiskActivityLight(int, bool)
 .text          0x00000000c000b3eb     0x106a core/elf.32
                0x00000000c000b3eb                allocateMemoryForTask(Process*, File*, unsigned long, unsigned long, unsigned long)
                0x00000000c000b668                loadProgramIntoMemory(Process*, char const*)
                0x00000000c000b87e                runtimeReferenceHelper()
                0x00000000c000b891                getAddressOfKernelSymbol(char const*)
                0x00000000c000b8e0                loadKernelSymbolTable(char const*)
                0x00000000c000bba1                loadDriverIntoMemory(char const*, unsigned long)
                0x00000000c000c2a9                getDriverBaseFromAddress(unsigned long)
                0x00000000c000c2db                getDriverNameFromAddress(unsigned long)
                0x00000000c000c312                getDriverOffsetFromAddress(unsigned long)
                0x00000000c000c32c                loadDLL(char const*)
                0x00000000c000c447                executeDLL(unsigned long, void*)
 *fill*         0x00000000c000c455        0x1 
 .text          0x00000000c000c456      0x1b7 core/gdt.32
                0x00000000c000c456                GDTEntry::setBase(unsigned int)
                0x00000000c000c472                GDTEntry::setLimit(unsigned int)
                0x00000000c000c490                GDT::GDT()
                0x00000000c000c490                GDT::GDT()
                0x00000000c000c4a6                GDT::addEntry(GDTEntry)
                0x00000000c000c4e2                GDT::getNumberOfEntries()
                0x00000000c000c4ea                GDT::flush()
                0x00000000c000c50c                GDT::setup()
 .text          0x00000000c000c60d       0x61 core/idle.32
                0x00000000c000c60d                idleFunction(void*)
 .text          0x00000000c000c66e      0x45f core/idt.32
                0x00000000c000c66e                IDTEntry::IDTEntry(bool)
                0x00000000c000c66e                IDTEntry::IDTEntry(bool)
                0x00000000c000c6dc                IDTEntry::setOffset(unsigned int)
                0x00000000c000c6f0                IDT::IDT()
                0x00000000c000c6f0                IDT::IDT()
                0x00000000c000c6f2                IDT::getPointerToInvalidOpcodeEntryForF00F()
                0x00000000c000c6fa                IDT::addEntry(IDTEntry, int)
                0x00000000c000c714                IDT::addEntry(int, void (*)(), bool)
                0x00000000c000c74c                IDT::flush()
                0x00000000c000c766                IDT::setup()
 .text          0x00000000c000cacd      0x519 core/kconsole.32
                0x00000000c000cacd                stringifyxWithBase(unsigned int, char*, int)
                0x00000000c000cb2e                logc(char)
                0x00000000c000cb45                logs(char*)
                0x00000000c000cb62                logWriteInt(unsigned int)
                0x00000000c000cb7f                logWriteIntBase(unsigned int, int)
                0x00000000c000cb9e                kprintf(char const*, ...)
                0x00000000c000ccbc                panic(char const*)
 .text          0x00000000c000cfe6      0x20d core/kheap.32
                0x00000000c000cfe6                sbrk
                0x00000000c000d0fe                mmap
                0x00000000c000d114                munmap
                0x00000000c000d12a                liballoc_lock()
                0x00000000c000d13b                liballoc_unlock()
                0x00000000c000d14c                liballoc_alloc(int)
                0x00000000c000d167                liballoc_free(void*, int)
                0x00000000c000d185                realloc
                0x00000000c000d199                malloc
                0x00000000c000d1a9                free
                0x00000000c000d1b9                rfree
                0x00000000c000d1c9                calloc
 .text          0x00000000c000d1f3      0x38d core/main.32
                0x00000000c000d1f3                hwTextMode_loadInData(VgaText*)
                0x00000000c000d238                hwTextMode_loadInTitle(VgaText*, char*)
                0x00000000c000d27a                hwTextMode_showCursor(VgaText*, bool)
                0x00000000c000d2ce                hwTextMode_update(VgaText*)
                0x00000000c000d2cf                hwTextMode_updateCursor(VgaText*)
                0x00000000c000d317                hwTextMode_disableBlink(VgaText*, bool)
                0x00000000c000d353                hwTextMode_scrollScreen(VgaText*)
                0x00000000c000d3d9                hwTextMode_writeCharacter(VgaText*, char, VgaColour, VgaColour, int, int)
                0x00000000c000d437                setupTextMode()
                0x00000000c000d488                kernel_main
 .text          0x00000000c000d580      0x46c core/physmgr.32
                0x00000000c000d580                Phys::allocateDMA(unsigned long)
                0x00000000c000d623                Phys::freeDMA(unsigned long, unsigned long)
                0x00000000c000d66b                Phys::setPageState(unsigned long, bool)
                0x00000000c000d69d                Phys::getPageState(unsigned long)
                0x00000000c000d6b9                Phys::freePage(unsigned long)
                0x00000000c000d743                Phys::allocatePage()
                0x00000000c000d7ff                Phys::allowSegmentToBeUsed(unsigned long, unsigned long)
                0x00000000c000d837                Phys::physicalMemorySetup(unsigned int)
 .text          0x00000000c000d9ec      0x273 core/pipe.32
                0x00000000c000d9ec                Pipe::isAtty()
                0x00000000c000d9f0                Pipe::~Pipe()
                0x00000000c000d9f0                Pipe::~Pipe()
                0x00000000c000da14                Pipe::~Pipe()
                0x00000000c000da3c                Pipe::read(unsigned long long, void*, int*)
                0x00000000c000db30                Pipe::write(unsigned long long, void*, int*)
                0x00000000c000dbf8                Pipe::Pipe(int)
                0x00000000c000dbf8                Pipe::Pipe(int)
 *fill*         0x00000000c000dc5f        0x1 
 .text          0x00000000c000dc60     0x1154 core/prcssthr.32
                0x00000000c000dc60                changeTSS
                0x00000000c000dc8e                Process::addArgs(char**)
                0x00000000c000dce8                Process::Process(char const*, Process*, char**)
                0x00000000c000dce8                Process::Process(char const*, Process*, char**)
                0x00000000c000dea0                Process::Process(bool, char const*, Process*, char**)
                0x00000000c000dea0                Process::Process(bool, char const*, Process*, char**)
                0x00000000c000e023                disableIRQs()
                0x00000000c000e02b                getIRQNestingLevel()
                0x00000000c000e031                enableIRQs()
                0x00000000c000e040                lockScheduler()
                0x00000000c000e042                unlockScheduler()
                0x00000000c000e044                userModeEntryPoint(void*)
                0x00000000c000e067                lockStuff()
                0x00000000c000e073                taskStartupFunction
                0x00000000c000e07c                updateTimeUsed()
                0x00000000c000e0da                switchToThread(ThreadControlBlock*)
                0x00000000c000e12a                Semaphore::Semaphore(int)
                0x00000000c000e12a                Semaphore::Semaphore(int)
                0x00000000c000e158                Mutex::Mutex()
                0x00000000c000e158                Mutex::Mutex()
                0x00000000c000e16a                Process::createThread(void (*)(void*), void*, int)
                0x00000000c000e24e                Process::createUserThread()
                0x00000000c000e26a                setupMultitasking(void (*)())
                0x00000000c000e374                schedule()
                0x00000000c000e3f9                unlockStuff()
                0x00000000c000e42e                forkProcess(regs*)
                0x00000000c000e59c                Semaphore::tryAcquire()
                0x00000000c000e5ca                Semaphore::assertLocked(char const*)
                0x00000000c000e5fd                blockTaskWithSchedulerLockAlreadyHeld(TaskState)
                0x00000000c000e63f                blockTask(TaskState)
                0x00000000c000e660                waitTask(int, int*, int)
                0x00000000c000e6a2                nanoSleepUntil(unsigned long long)
                0x00000000c000e6f9                nanoSleep(unsigned long long)
                0x00000000c000e70e                sleep(unsigned long long)
                0x00000000c000e72c                Semaphore::acquire()
                0x00000000c000e794                execveProcess(char const*, char* const*, char* const*)
                0x00000000c000e822                taskReturned
                0x00000000c000e864                unblockTask(ThreadControlBlock*)
                0x00000000c000e913                cleanupTerminatedTask(ThreadControlBlock*)
                0x00000000c000ebb0                cleanerTaskFunction(void*)
                0x00000000c000ec40                terminateTask(int)
                0x00000000c000ecc8                Semaphore::release()
 .text          0x00000000c000edb4      0xd8a core/syscalls.32
                0x00000000c000edb4                sysCallGetPID(regs*)
                0x00000000c000edc0                sysCallSeekDir(regs*)
                0x00000000c000edc5                sysCallTellDir(regs*)
                0x00000000c000edca                sysCallVerify(regs*)
                0x00000000c000edd4                sysCallGetArgc(regs*)
                0x00000000c000ede4                sysFormatDisk(regs*)
                0x00000000c000ee4e                sysSetDiskVolumeLabel(regs*)
                0x00000000c000ee94                sysGetDiskVolumeLabel(regs*)
                0x00000000c000eee5                sysShutdown(regs*)
                0x00000000c000ef2d                sysCallGetCwd(regs*)
                0x00000000c000ef4c                sysCallSetCwd(regs*)
                0x00000000c000ef68                sysCallRealpath(regs*)
                0x00000000c000efab                sysCallOpen(regs*)
                0x00000000c000f09b                sysCallReadDir(regs*)
                0x00000000c000f10a                sysCallIsATTY(regs*)
                0x00000000c000f15d                sysCallSeek(regs*)
                0x00000000c000f1ae                sysCallTell(regs*)
                0x00000000c000f1fa                sysCallSizeFromFilename(regs*)
                0x00000000c000f273                sysCallSize(regs*)
                0x00000000c000f2c5                sysCallClose(regs*)
                0x00000000c000f313                sysCallOpenDir(regs*)
                0x00000000c000f380                sysCallMakeDir(regs*)
                0x00000000c000f3d9                sysCallCloseDir(regs*)
                0x00000000c000f427                sysCallWait(regs*)
                0x00000000c000f441                sysCallFork(regs*)
                0x00000000c000f45d                sysCallExecve(regs*)
                0x00000000c000f4b2                sysCallRmdir(regs*)
                0x00000000c000f504                sysCallUnlink(regs*)
                0x00000000c000f556                sysCallGetArgv(regs*)
                0x00000000c000f5a2                sysCallTTYName(regs*)
                0x00000000c000f61e                sysCallGetEnv(regs*)
                0x00000000c000f670                sysCallUSleep(regs*)
                0x00000000c000f697                sysCallSpawn(regs*)
                0x00000000c000f707                sysAppSettings(regs*)
                0x00000000c000f826                sysSetFatAttrib(regs*)
                0x00000000c000f886                sysPanic(regs*)
                0x00000000c000f8ac                sysPipe(regs*)
                0x00000000c000f8f1                sysGetUnixTime(regs*)
                0x00000000c000f905                string_ends_with(char const*, char const*)
                0x00000000c000f94d                setupSystemCalls()
                0x00000000c000fafc                systemCall(regs*, void*)
 .text          0x00000000c000fb3e      0xf65 core/terminal.32
                0x00000000c000fb3e                VgaText::isAtty()
                0x00000000c000fb42                VgaText::~VgaText()
                0x00000000c000fb42                VgaText::~VgaText()
                0x00000000c000fb66                VgaText::~VgaText()
                0x00000000c000fb90                VgaText::read(unsigned long long, void*, int*)
                0x00000000c000fbb0                setTerminalScrollLock(bool)
                0x00000000c000fbb1                addToTerminalCycle(VgaText*)
                0x00000000c000fbde                installVgaTextImplementation()
                0x00000000c000fbf3                scrollTerminalScrollLock(int)
                0x00000000c000fbf4                VgaText::load()
                0x00000000c000fc48                VgaText::updateCursor()
                0x00000000c000fc62                VgaText::showCursor(bool)
                0x00000000c000fc72                VgaText::disableBlink(bool)
                0x00000000c000fcac                VgaText::doANSI_SGR(int)
                0x00000000c000fd38                VgaText::setDefaultBgColour(VgaColour)
                0x00000000c000fd4e                VgaText::setDefaultFgColour(VgaColour)
                0x00000000c000fd64                VgaText::setDefaultColours(VgaColour, VgaColour)
                0x00000000c000fd84                VgaText::combineColours(unsigned char, unsigned char)
                0x00000000c000fd96                VgaText::scrollScreen()
                0x00000000c000fe2a                VgaText::combineCharAndColour(char, unsigned char)
                0x00000000c000fe3c                VgaText::writeCharacter(char, VgaColour, VgaColour, int, int)
                0x00000000c000fe9c                VgaText::getCursorX()
                0x00000000c000fea8                VgaText::getCursorY()
                0x00000000c000feb4                VgaText::setCursor(int, int)
                0x00000000c000fed2                VgaText::setCursorX(int)
                0x00000000c000feee                VgaText::setCursorY(int)
                0x00000000c000ff0a                VgaText::incrementCursor(bool)
                0x00000000c000ff72                VgaText::updateRAMUsageDisplay(int)
                0x00000000c000ffcc                VgaText::updateDiskUsage()
                0x00000000c0010132                VgaText::updateTitle()
                0x00000000c0010178                VgaText::setTitleTextColour(VgaColour)
                0x00000000c0010188                VgaText::setTitleColour(VgaColour)
                0x00000000c0010198                VgaText::setTitle(char*)
                0x00000000c00101be                VgaText::decrementCursor(bool)
                0x00000000c00101e6                VgaText::putchar(char, VgaColour, VgaColour)
                0x00000000c00102e2                VgaText::isShowingCursor()
                0x00000000c00102ee                VgaText::isBlinkDisabled()
                0x00000000c00102fc                VgaText::setCursorHeight(int)
                0x00000000c001031a                VgaText::getCursorHeight()
                0x00000000c0010325                setActiveTerminal(VgaText*)
                0x00000000c00103d7                doTerminalCycle()
                0x00000000c00103f4                VgaText::doUpdate()
                0x00000000c0010406                VgaText::puts(char const*, VgaColour, VgaColour)
                0x00000000c00105c6                VgaText::clearScreen()
                0x00000000c001062a                VgaText::putchar(char)
                0x00000000c0010744                VgaText::puts(char const*)
                0x00000000c001076a                VgaText::putx(unsigned int)
                0x00000000c00107b0                VgaText::VgaText(char const*)
                0x00000000c00107b0                VgaText::VgaText(char const*)
                0x00000000c0010942                VgaText::receiveKey(unsigned char)
                0x00000000c0010a2a                VgaText::write(unsigned long long, void*, int*)
                0x00000000c0010a7e                newTerminal(char*)
 *fill*         0x00000000c0010aa3        0x1 
 .text          0x00000000c0010aa4      0x18f core/tss.32
                0x00000000c0010aa4                TSS::TSS()
                0x00000000c0010aa4                TSS::TSS()
                0x00000000c0010ab2                TSS::setESP(unsigned long)
                0x00000000c0010ac4                TSS::flush()
                0x00000000c0010ae4                TSS::setup(unsigned long, unsigned long)
 *fill*         0x00000000c0010c33        0x1 
 .text          0x00000000c0010c34      0x32f core/unixfile.32
                0x00000000c0010c34                ReservedFilename::isAtty()
                0x00000000c0010c4a                ReservedFilename::read(unsigned long long, void*, int*)
                0x00000000c0010cdc                ReservedFilename::write(unsigned long long, void*, int*)
                0x00000000c0010d72                UnixFile::getFileDescriptor()
                0x00000000c0010d7a                UnixFile::UnixFile(int)
                0x00000000c0010d7a                UnixFile::UnixFile(int)
                0x00000000c0010db6                ReservedFilename::ReservedFilename(int)
                0x00000000c0010db6                ReservedFilename::ReservedFilename(int)
                0x00000000c0010dde                UnixFile::~UnixFile()
                0x00000000c0010dde                UnixFile::~UnixFile()
                0x00000000c0010e64                UnixFile::~UnixFile()
                0x00000000c0010e8c                ReservedFilename::~ReservedFilename()
                0x00000000c0010e8c                ReservedFilename::~ReservedFilename()
                0x00000000c0010eb0                ReservedFilename::~ReservedFilename()
                0x00000000c0010ed7                getFromFileDescriptor(int)
 *fill*         0x00000000c0010f63        0x1 
 .text          0x00000000c0010f64     0x1175 core/virtmgr.32
                0x00000000c0010f64                Virt::setPageState(unsigned long, Virt::VirtPageState)
                0x00000000c0010f99                Virt::getPageState(unsigned long)
                0x00000000c0010fbd                Virt::allocateKernelVirtualPages(int)
                0x00000000c00110ce                Virt::virtualMemorySetup()
                0x00000000c001114d                Virt::getAKernelVAS()
                0x00000000c0011153                Virt::setupPageSwapping(int)
                0x00000000c0011278                VAS::VAS()
                0x00000000c0011278                VAS::VAS()
                0x00000000c00112a8                VAS::getForeignPageTableEntry(bool, unsigned long)
                0x00000000c00112d4                VAS::getPageTableEntry(unsigned long)
                0x00000000c00112f3                Virt::freeKernelVirtualPages(unsigned long)
                0x00000000c0011416                VAS::freeAllocatedPages(unsigned long)
                0x00000000c001143a                VAS::virtualToPhysical(unsigned long)
                0x00000000c0011452                VAS::mapOtherVASIn(bool, VAS*)
                0x00000000c0011488                VAS::~VAS()
                0x00000000c0011488                VAS::~VAS()
                0x00000000c00115f4                VAS::mapPage(unsigned long, unsigned long, int)
                0x00000000c00116f4                VAS::allocatePages(int, int)
                0x00000000c00118c4                VAS::setCPUSpecific(unsigned long)
                0x00000000c00118e0                VAS::mapRange(unsigned long, unsigned long, int, int)
                0x00000000c00119aa                VAS::VAS(VAS*)
                0x00000000c00119aa                VAS::VAS(VAS*)
                0x00000000c0011cf4                VAS::mapForeignPage(bool, VAS*, unsigned long, unsigned long, int)
                0x00000000c0011de2                VAS::VAS(bool)
                0x00000000c0011de2                VAS::VAS(bool)
                0x00000000c0012012                mapVASFirstTime
 .text          0x00000000c00120d9       0x93 coreobjs/c++.32
                0x00000000c00120d9                __cxa_atexit
                0x00000000c00120dc                __cxa_finalize
                0x00000000c00120dd                __stack_chk_fail
                0x00000000c001213d                __cxa_pure_virtual
                0x00000000c001214e                operator new(unsigned long)
                0x00000000c0012153                operator new[](unsigned long)
                0x00000000c0012158                operator delete(void*)
                0x00000000c001215d                operator delete(void*, unsigned long)
                0x00000000c0012162                operator delete[](void*)
                0x00000000c0012167                operator delete[](void*, unsigned long)
 .text          0x00000000c001216c        0x0 debugger/debug.32
 .text          0x00000000c001216c      0xb68 fs/vfs.32
                0x00000000c001216c                File::read(unsigned long long, void*, int*)
                0x00000000c00121c4                File::write(unsigned long long, void*, int*)
                0x00000000c001221c                Directory::read(unsigned long long, void*, int*)
                0x00000000c0012274                Directory::write(unsigned long long, void*, int*)
                0x00000000c00122a2                File::isAtty()
                0x00000000c00122a6                Directory::isAtty()
                0x00000000c00122aa                Filesystem::getlabel(LogicalDisk*, int, char*, unsigned int*)
                0x00000000c00122b0                Filesystem::setlabel(LogicalDisk*, int, char*)
                0x00000000c00122b6                File::~File()
                0x00000000c00122b6                File::~File()
                0x00000000c00122da                File::~File()
                0x00000000c0012304                Directory::~Directory()
                0x00000000c0012304                Directory::~Directory()
                0x00000000c0012328                Directory::~Directory()
                0x00000000c0012352                Filesystem::Filesystem()
                0x00000000c0012352                Filesystem::Filesystem()
                0x00000000c0012376                Filesystem::~Filesystem()
                0x00000000c0012376                Filesystem::~Filesystem()
                0x00000000c0012384                Filesystem::~Filesystem()
                0x00000000c00123a8                initVFS()
                0x00000000c00123d2                standardiseFiles(char*, char const*, char const*)
                0x00000000c001257c                File::File(char const*, Process*)
                0x00000000c001257c                File::File(char const*, Process*)
                0x00000000c00125e0                File::open(FileOpenMode)
                0x00000000c001263e                File::close()
                0x00000000c001269e                File::seek(unsigned long long)
                0x00000000c00126f4                File::tell(unsigned long long*)
                0x00000000c0012744                File::rewind()
                0x00000000c0012758                File::unlink()
                0x00000000c00127a4                File::rename(char const*)
                0x00000000c00127f2                File::chfatattr(unsigned char, unsigned char)
                0x00000000c001284e                File::exists()
                0x00000000c001288c                File::stat(unsigned long long*, bool*)
                0x00000000c00128ed                getcwd(Process*, char*, int)
                0x00000000c0012917                setcwd(Process*, char*)
                0x00000000c0012a3e                Directory::Directory(char const*, Process*)
                0x00000000c0012a3e                Directory::Directory(char const*, Process*)
                0x00000000c0012aa2                Directory::open()
                0x00000000c0012afe                Directory::close()
                0x00000000c0012b5e                Directory::unlink()
                0x00000000c0012baa                Directory::rename(char const*)
                0x00000000c0012bf8                Directory::exists()
                0x00000000c0012c36                Directory::read(dirent*)
                0x00000000c0012c82                Directory::create()
                0x00000000c0012cce                Filesystem::chfatattr(char const*, unsigned char, unsigned char)
 .text          0x00000000c0012cd4       0x84 hal/bus.32
                0x00000000c0012cd4                Bus::Bus(char const*)
                0x00000000c0012cd4                Bus::Bus(char const*)
                0x00000000c0012d0a                Bus::~Bus()
                0x00000000c0012d0a                Bus::~Bus()
                0x00000000c0012d2e                Bus::~Bus()
 .text          0x00000000c0012d58      0x14e hal/buzzer.32
                0x00000000c0012d58                Buzzer::Buzzer(char const*)
                0x00000000c0012d58                Buzzer::Buzzer(char const*)
                0x00000000c0012d9c                Buzzer::~Buzzer()
                0x00000000c0012d9c                Buzzer::~Buzzer()
                0x00000000c0012dc0                Buzzer::~Buzzer()
                0x00000000c0012dea                Buzzer::stop()
                0x00000000c0012dfd                beepThread(void*)
                0x00000000c0012e38                Buzzer::beep(int, int, bool)
 .text          0x00000000c0012ea6      0x42f hal/clock.32
                0x00000000c0012ea6                loadClockSettings()
                0x00000000c0012ec0                Clock::Clock(char const*)
                0x00000000c0012ec0                Clock::Clock(char const*)
                0x00000000c0012ef6                Clock::~Clock()
                0x00000000c0012ef6                Clock::~Clock()
                0x00000000c0012f1a                Clock::~Clock()
                0x00000000c0012f44                Clock::timeInSecondsLocal()
                0x00000000c0012f8c                Clock::setTimeInSecondsLocal(unsigned long long)
                0x00000000c0012fe5                datetimeToSeconds(datetime_t)
                0x00000000c001310c                Clock::setTimeInDatetimeLocal(datetime_t)
                0x00000000c001316c                secondsToDatetime(unsigned long long)
                0x00000000c00132b0                Clock::timeInDatetimeLocal()
 *fill*         0x00000000c00132d5        0x1 
 .text          0x00000000c00132d6      0x504 hal/device.32
                0x00000000c00132d6                Device::hibernate()
                0x00000000c00132d8                Device::wake()
                0x00000000c00132da                Device::detect()
                0x00000000c00132dc                Device::disableLegacy()
                0x00000000c00132de                Device::powerSaving(PowerSavingLevel)
                0x00000000c00132e0                DriverlessDevice::close(int, int, void*)
                0x00000000c00132e4                DriverlessDevice::detect()
                0x00000000c00132e6                DriverlessDevice::open(int, int, void*)
                0x00000000c00132fa                Device::~Device()
                0x00000000c00132fa                Device::~Device()
                0x00000000c0013308                Device::~Device()
                0x00000000c0013330                Device::findAndLoadDriver()
                0x00000000c0013332                Device::preOpenPCI(PCIDeviceInfo)
                0x00000000c0013358                Device::preOpenACPI(void*, char*, char*)
                0x00000000c00133ac                Device::addIRQHandler(int, void (*)(regs*, void*), bool, void*)
                0x00000000c001340a                Device::removeIRQHandler(int, void (*)(regs*, void*), bool)
                0x00000000c0013458                Device::addChild(Device*)
                0x00000000c001349c                Device::removeAllChildren()
                0x00000000c00134e2                Device::hibernateAll()
                0x00000000c0013512                Device::wakeAll()
                0x00000000c0013542                Device::detectAll()
                0x00000000c0013572                Device::disableLegacyAll()
                0x00000000c00135a2                Device::loadDriversForAll()
                0x00000000c00135ce                Device::closeAll()
                0x00000000c0013604                Device::powerSavingAll(PowerSavingLevel)
                0x00000000c001363a                Device::setName(char const*)
                0x00000000c0013648                Device::Device(char const*)
                0x00000000c0013648                Device::Device(char const*)
                0x00000000c001373a                Device::getName()
                0x00000000c0013744                DriverlessDevice::DriverlessDevice(char const*)
                0x00000000c0013744                DriverlessDevice::DriverlessDevice(char const*)
                0x00000000c001376c                Device::addToLinkedList(LinkedList<Device>&, DeviceType)
                0x00000000c00137b0                getDevicesOfType(DeviceType)
 .text          0x00000000c00137da       0x84 hal/diskctrl.32
                0x00000000c00137da                HardDiskController::HardDiskController(char const*)
                0x00000000c00137da                HardDiskController::HardDiskController(char const*)
                0x00000000c0013810                HardDiskController::~HardDiskController()
                0x00000000c0013810                HardDiskController::~HardDiskController()
                0x00000000c0013834                HardDiskController::~HardDiskController()
 .text          0x00000000c001385e       0xde hal/diskphys.32
                0x00000000c001385e                PhysicalDisk::PhysicalDisk(char const*, int)
                0x00000000c001385e                PhysicalDisk::PhysicalDisk(char const*, int)
                0x00000000c00138c6                PhysicalDisk::startCache()
                0x00000000c00138ee                PhysicalDisk::~PhysicalDisk()
                0x00000000c00138ee                PhysicalDisk::~PhysicalDisk()
                0x00000000c0013912                PhysicalDisk::~PhysicalDisk()
 .text          0x00000000c001393c      0x128 hal/fpu.32
                0x00000000c001393c                FPU::FPU(char const*)
                0x00000000c001393c                FPU::FPU(char const*)
                0x00000000c0013972                FPU::~FPU()
                0x00000000c0013972                FPU::~FPU()
                0x00000000c0013996                FPU::~FPU()
                0x00000000c00139c0                setupFPU()
 .text          0x00000000c0013a64      0xb89 hal/intctrl.32
                0x00000000c0013a64                InterruptController::uninstallISRHandler(int, void (*)(regs*, void*))
                0x00000000c0013a9c                InterruptController::installISRHandler(int, void (*)(regs*, void*), void*)
                0x00000000c0013aee                doubleFault(regs*, void*)
                0x00000000c0013afc                InterruptController::installIRQHandler(int, void (*)(regs*, void*), bool, void*)
                0x00000000c0013b98                InterruptController::clearAllHandlers(int, bool)
                0x00000000c0013c40                InterruptController::uninstallIRQHandler(int, void (*)(regs*, void*), bool)
                0x00000000c0013cc7                nmiHandler(regs*, void*)
                0x00000000c0013cd5                int_handler
                0x00000000c0013d70                InterruptController::InterruptController(char const*)
                0x00000000c0013d70                InterruptController::InterruptController(char const*)
                0x00000000c0013e16                InterruptController::~InterruptController()
                0x00000000c0013e16                InterruptController::~InterruptController()
                0x00000000c0013e3a                InterruptController::~InterruptController()
                0x00000000c0013e64                displayDebugInfo(regs*)
                0x00000000c0014246                gpFault(regs*, void*)
                0x00000000c001427f                pgFault(regs*, void*)
                0x00000000c0014296                otherISRHandler(regs*, void*)
                0x00000000c00142b5                opcodeFault(regs*, void*)
                0x00000000c001431f                displayProgramFault(char const*)
                0x00000000c0014348                InterruptController::convertLegacyIRQNumber(int)
                0x00000000c0014392                setupInterruptController()
 *fill*         0x00000000c00145ed        0x1 
 .text          0x00000000c00145ee      0x604 hal/keybrd.32
                0x00000000c00145ee                startGUI(void*)
                0x00000000c001465c                sendKeyToTerminal(unsigned char)
                0x00000000c00146c8                sendKeyboardToken(KeyboardToken)
                0x00000000c0014aa3                clearInternalKeybuffer(VgaText*)
                0x00000000c0014ad8                readKeyboard(VgaText*, char*, unsigned long)
                0x00000000c0014b68                Keyboard::Keyboard(char const*)
                0x00000000c0014b68                Keyboard::Keyboard(char const*)
                0x00000000c0014ba4                Keyboard::~Keyboard()
                0x00000000c0014ba4                Keyboard::~Keyboard()
                0x00000000c0014bc8                Keyboard::~Keyboard()
 .text          0x00000000c0014bf2      0x400 hal/logidisk.32
                0x00000000c0014bf2                LogicalDisk::close(int, int, void*)
                0x00000000c0014bf6                LogicalDisk::~LogicalDisk()
                0x00000000c0014bf6                LogicalDisk::~LogicalDisk()
                0x00000000c0014c1a                LogicalDisk::~LogicalDisk()
                0x00000000c0014c44                LogicalDisk::open(int, int, void*)
                0x00000000c0014c58                LogicalDisk::absoluteToRelative(unsigned long long)
                0x00000000c0014c90                LogicalDisk::relativeToAbsolute(unsigned long long)
                0x00000000c0014cd6                LogicalDisk::LogicalDisk(char const*, PhysicalDisk*, unsigned long long, unsigned long long)
                0x00000000c0014cd6                LogicalDisk::LogicalDisk(char const*, PhysicalDisk*, unsigned long long, unsigned long long)
                0x00000000c0014d8c                LogicalDisk::assignDriveLetter()
                0x00000000c0014e42                LogicalDisk::mount()
                0x00000000c0014eb4                LogicalDisk::unmount()
                0x00000000c0014ec4                LogicalDisk::unassignDriveLetter()
                0x00000000c0014f1a                LogicalDisk::read(unsigned long long, int, void*)
                0x00000000c0014f86                LogicalDisk::write(unsigned long long, int, void*)
 .text          0x00000000c0014ff2       0x84 hal/mouse.32
                0x00000000c0014ff2                Mouse::Mouse(char const*)
                0x00000000c0014ff2                Mouse::Mouse(char const*)
                0x00000000c0015028                Mouse::~Mouse()
                0x00000000c0015028                Mouse::~Mouse()
                0x00000000c001504c                Mouse::~Mouse()
 .text          0x00000000c0015076      0x339 hal/partition.32
                0x00000000c0015076                makePartition(PhysicalDisk*, unsigned long long, unsigned long long)
                0x00000000c001511e                createPartitionsForDisk(PhysicalDisk*)
 *fill*         0x00000000c00153af        0x1 
 .text          0x00000000c00153b0      0x2e7 hal/timer.32
                0x00000000c00153b0                Timer::Timer(char const*)
                0x00000000c00153b0                Timer::Timer(char const*)
                0x00000000c00153e6                Timer::~Timer()
                0x00000000c00153e6                Timer::~Timer()
                0x00000000c001540a                Timer::~Timer()
                0x00000000c0015434                Timer::read()
                0x00000000c001543f                timerHandler(unsigned long long)
                0x00000000c0015576                setupTimer(int)
 *fill*         0x00000000c0015697        0x1 
 .text          0x00000000c0015698      0x2d1 hal/vcache.32
                0x00000000c0015698                VCache::VCache(PhysicalDisk*)
                0x00000000c0015698                VCache::VCache(PhysicalDisk*)
                0x00000000c0015788                VCache::writeWriteBuffer()
                0x00000000c00157c4                VCache::~VCache()
                0x00000000c00157c4                VCache::~VCache()
                0x00000000c0015804                VCache::~VCache()
                0x00000000c001582c                VCache::write(unsigned long long, int, void*)
                0x00000000c0015910                VCache::read(unsigned long long, int, void*)
 *fill*         0x00000000c0015969        0x1 
 .text          0x00000000c001596a      0x26d hal/video.32
                0x00000000c001596a                Video::putrect(int, int, int, int, unsigned int)
                0x00000000c00159b4                Video::blit(unsigned int*, int, int, int, int)
                0x00000000c0015a32                Video::clearScreen(unsigned int)
                0x00000000c0015a66                Video::putpixel(int, int, unsigned int)
                0x00000000c0015a74                Video::Video(char const*)
                0x00000000c0015a74                Video::Video(char const*)
                0x00000000c0015aaa                Video::~Video()
                0x00000000c0015aaa                Video::~Video()
                0x00000000c0015ace                Video::~Video()
                0x00000000c0015af8                Video::isMonochrome()
                0x00000000c0015b04                Video::getWidth()
                0x00000000c0015b10                Video::getHeight()
                0x00000000c0015b1c                Video::drawCursor(int, int, unsigned char*, int)
 *fill*         0x00000000c0015bd7        0x1 
 .text          0x00000000c0015bd8      0xca8 hw/acpi.32
                0x00000000c0015bd8                ACPI::close(int, int, void*)
                0x00000000c0015c8d                findRSDP()
                0x00000000c0015d17                loadACPITables(unsigned char*)
                0x00000000c0015f3e                findRSDT(unsigned char*)
                0x00000000c001605c                findDataTable(unsigned char*, char*)
                0x00000000c00160f8                scanMADT()
                0x00000000c001648c                ACPI::ACPI()
                0x00000000c001648c                ACPI::ACPI()
                0x00000000c00164ec                ACPI::getPCIIRQAssignment(unsigned char, unsigned short, unsigned char)
                0x00000000c00165ce                ACPI::registerPCIIRQAssignment(void*, unsigned short, unsigned char, unsigned char)
                0x00000000c00166d4                ACPI::setScreenBrightnessLevel(void*, int)
                0x00000000c00166da                ACPI::writeSimpleBootFlag(SimpleBootFlagTable*)
                0x00000000c0016722                ACPI::open(int, int, void*)
                0x00000000c0016868                ACPI::sleep()
 .text          0x00000000c0016880     0x132c hw/cpu.32
                0x00000000c0016880                CPU::close(int, int, void*)
                0x00000000c0016883                lookupAMDCPUName(unsigned char, unsigned char)
                0x00000000c0016a17                lookupIntelCPUName(unsigned char, unsigned char)
                0x00000000c0016cc5                AMD_K6_write_msr(unsigned int, unsigned int, unsigned int, REGS*)
                0x00000000c0016ce1                AMD_K6_read_msr(unsigned int, REGS*)
                0x00000000c0016cf9                AMD_K6_writeback(int, int, int)
                0x00000000c0016d6c                cpuid(int, unsigned long*, unsigned long*, unsigned long*, unsigned long*)
                0x00000000c0016def                cpuidCheckEDX(unsigned int)
                0x00000000c0016e1c                cpuidCheckECX(unsigned int)
                0x00000000c0016e49                cpuidCheckExtendedEBX(unsigned int)
                0x00000000c0016e76                cpuidCheckExtendedECX(unsigned int)
                0x00000000c0016ea3                getCPUNumber()
                0x00000000c0016ea6                thisCPU()
                0x00000000c0016eba                CPU::CPU()
                0x00000000c0016eba                CPU::CPU()
                0x00000000c0016f48                CPU::displayFeatures()
                0x00000000c0016f4a                CPU::detectFeatures()
                0x00000000c001793c                CPU::setupSMEP()
                0x00000000c0017956                CPU::setupUMIP()
                0x00000000c001796e                CPU::setupTSC()
                0x00000000c0017986                CPU::setupLargePages()
                0x00000000c001799e                CPU::setupPAT()
                0x00000000c00179da                CPU::setupMTRR()
                0x00000000c00179dc                CPU::setupGlobalPages()
                0x00000000c00179f2                CPU::allowUsermodeDataAccess()
                0x00000000c0017a04                CPU::prohibitUsermodeDataAccess()
                0x00000000c0017a16                CPU::setupSMAP()
                0x00000000c0017a3c                CPU::setupFeatures()
                0x00000000c0017ade                CPU::open(int, int, void*)
 .text          0x00000000c0017bac        0x0 hw/ports.32
 .text          0x00000000c0017bac      0x503 registry/registry.32
                0x00000000c0017bac                Reg::findLineFromLoadedData(char*, char*, char*)
                0x00000000c0017d04                Reg::getLineFromRegistry(char*, char*, char*, char*)
                0x00000000c0017e63                Reg::getLine(char*, char*, char*)
                0x00000000c0017e9a                Reg::readInt(char*, char*, int*)
                0x00000000c0017f85                Reg::readString(char*, char*, char*, int)
                0x00000000c0018006                Reg::readBool(char*, char*, bool*)
                0x00000000c001802b                Reg::readBoolWithDefault(char*, char*, bool)
                0x00000000c0018057                Reg::readIntWithDefault(char*, char*, int)
                0x00000000c0018083                Reg::readStringWithDefault(char*, char*, char*, int, char*)
 .text          0x00000000c00180af       0x18 syscalls/sc_exit.32
                0x00000000c00180af                Sys::exit(regs*)
 .text          0x00000000c00180c7       0x68 syscalls/sc_read.32
                0x00000000c00180c7                Sys::read(regs*)
 .text          0x00000000c001812f       0x55 syscalls/sc_sbrk.32
                0x00000000c001812f                Sys::sbrk(regs*)
 .text          0x00000000c0018184       0x68 syscalls/sc_write.32
                0x00000000c0018184                Sys::write(regs*)
 .text          0x00000000c00181ec       0x1a syscalls/sc_yield.32
                0x00000000c00181ec                Sys::yield(regs*)
 .text          0x00000000c0018206      0x8bf vm86/vm8086.32
                0x00000000c0018206                vm8086EntryPoint(void*)
                0x00000000c0018231                inbv(unsigned short)
                0x00000000c0018237                outbv(unsigned short, unsigned char)
                0x00000000c0018241                realToLinear(unsigned short, unsigned short)
                0x00000000c0018251                getSegment(unsigned int)
                0x00000000c0018259                getOffset(unsigned int)
                0x00000000c001825e                loadVM8086FileAsThread(Process*, char const*, unsigned short, unsigned short, unsigned short, unsigned short)
                0x00000000c001838d                vm8086DoISR(regs*, int, unsigned char*, unsigned short, unsigned short)
                0x00000000c0018417                readByteFromReal(unsigned short, unsigned short)
                0x00000000c0018428                readWordFromReal(unsigned short, unsigned short)
                0x00000000c001843a                readDwordFromReal(unsigned short, unsigned short)
                0x00000000c001844b                writeByteFromReal(unsigned short, unsigned short, unsigned char)
                0x00000000c0018460                writeWordFromReal(unsigned short, unsigned short, unsigned short)
                0x00000000c0018476                writeDwordFromReal(unsigned short, unsigned short, unsigned int)
                0x00000000c001848b                vm8086FaultHandler(regs*)
 *fill*         0x00000000c0018ac5        0x1 
 .text          0x00000000c0018ac6     0x1088 fs/fat/vfslink.32
                0x00000000c0018ac6                FAT::getName()
                0x00000000c0018acc                FAT::tell(void*, unsigned long long*)
                0x00000000c0018b00                FAT::stat(void*, unsigned long long*)
                0x00000000c0018b34                FAT::exists(char const*)
                0x00000000c0018b38                FAT::~FAT()
                0x00000000c0018b38                FAT::~FAT()
                0x00000000c0018b5c                FAT::~FAT()
                0x00000000c0018b84                FAT::getlabel(LogicalDisk*, int, char*, unsigned int*)
                0x00000000c0018c22                FAT::setlabel(LogicalDisk*, int, char*)
                0x00000000c0018cdc                FAT::format(LogicalDisk*, int, char const*, int)
                0x00000000c0018ec0                FAT::tryMount(LogicalDisk*, int)
                0x00000000c00190c6                FAT::readDir(void*, unsigned long, void*, int*)
                0x00000000c00191ce                FAT::read(void*, unsigned long, void*, int*)
                0x00000000c0019228                FAT::write(void*, unsigned long, void*, int*)
                0x00000000c0019282                FAT::close(void*)
                0x00000000c00192ce                FAT::closeDir(void*)
                0x00000000c001931a                FAT::seek(void*, unsigned long long)
                0x00000000c001936e                fatWrapperReadDisk
                0x00000000c00193b5                fatWrapperWriteDisk
                0x00000000c00193fc                fatWrapperIoctl
                0x00000000c0019500                FAT::FAT()
                0x00000000c0019500                FAT::FAT()
                0x00000000c0019552                FAT::fixFilepath(char*)
                0x00000000c001958a                FAT::open(char const*, void**, FileOpenMode)
                0x00000000c00196b2                FAT::openDir(char const*, void**)
                0x00000000c0019758                FAT::stat(char const*, unsigned long long*, bool*)
                0x00000000c0019842                FAT::unlink(char const*)
                0x00000000c00198bc                FAT::chfatattr(char const*, unsigned char, unsigned char)
                0x00000000c0019a10                FAT::rename(char const*, char const*)
                0x00000000c0019ad4                FAT::mkdir(char const*)
 .text          0x00000000c0019b4e      0xbdf fs/iso9660/vfslink.32
                0x00000000c0019b4e                ISO9660::format(LogicalDisk*, int, char const*, int)
                0x00000000c0019b54                ISO9660::seek(void*, unsigned long long)
                0x00000000c0019b84                ISO9660::tell(void*, unsigned long long*)
                0x00000000c0019ba8                ISO9660::getName()
                0x00000000c0019bae                ISO9660::stat(void*, unsigned long long*)
                0x00000000c0019bd2                ISO9660::chfatattr(char const*, unsigned char, unsigned char)
                0x00000000c0019bd8                ISO9660::unlink(char const*)
                0x00000000c0019bde                ISO9660::write(void*, unsigned long, void*, int*)
                0x00000000c0019be4                ISO9660::rename(char const*, char const*)
                0x00000000c0019bea                ISO9660::mkdir(char const*)
                0x00000000c0019bf0                ISO9660::close(void*)
                0x00000000c0019c12                ISO9660::closeDir(void*)
                0x00000000c0019c34                ISO9660::~ISO9660()
                0x00000000c0019c34                ISO9660::~ISO9660()
                0x00000000c0019c58                ISO9660::~ISO9660()
                0x00000000c0019c7f                __memmem(unsigned char*, int, unsigned char*, int)
                0x00000000c0019cc1                readSectorFromCDROM(unsigned int, unsigned char*, char)
                0x00000000c0019d28                ISO9660::tryMount(LogicalDisk*, int)
                0x00000000c0019d78                ISO9660::read(void*, unsigned long, void*, int*)
                0x00000000c0019fbc                ISO9660::readDir(void*, unsigned long, void*, int*)
                0x00000000c001a24a                readRoot(unsigned int*, unsigned int*, char)
                0x00000000c001a29f                readRecursively(char*, unsigned int, unsigned int, unsigned int*, unsigned int*, char, int*)
                0x00000000c001a472                getFileData(char*, unsigned int*, unsigned int*, char, int*)
                0x00000000c001a500                ISO9660::open(char const*, void**, FileOpenMode)
                0x00000000c001a59a                ISO9660::exists(char const*)
                0x00000000c001a5be                ISO9660::stat(char const*, unsigned long long*, bool*)
                0x00000000c001a652                ISO9660::openDir(char const*, void**)
                0x00000000c001a70a                ISO9660::ISO9660()
                0x00000000c001a70a                ISO9660::ISO9660()
 *fill*         0x00000000c001a72d        0x1 
 .text          0x00000000c001a72e      0x244 hal/sound/sndchannel.32
                0x00000000c001a72e                SoundChannel::~SoundChannel()
                0x00000000c001a72e                SoundChannel::~SoundChannel()
                0x00000000c001a74a                SoundChannel::setSpeed(float)
                0x00000000c001a756                SoundChannel::getSpeed()
                0x00000000c001a75e                SoundChannel::setVolume(int)
                0x00000000c001a77a                SoundChannel::getVolume()
                0x00000000c001a782                SoundChannel::pause()
                0x00000000c001a78c                SoundChannel::SoundChannel(int, int, int, int)
                0x00000000c001a78c                SoundChannel::SoundChannel(int, int, int, int)
                0x00000000c001a882                SoundChannel::play()
                0x00000000c001a88c                SoundChannel::paused()
                0x00000000c001a894                SoundChannel::getSampleRate()
                0x00000000c001a89c                SoundChannel::getBits()
                0x00000000c001a8a4                SoundChannel::getBufferUsed()
                0x00000000c001a8ac                SoundChannel::getBufferSize()
                0x00000000c001a8b4                SoundChannel::unbuffer(float*, int, int)
                0x00000000c001a926                SoundChannel::buffer8(unsigned char*, int)
 .text          0x00000000c001a972      0x317 hal/sound/sndhw.32
                0x00000000c001a972                SoundDevice::SoundDevice(char const*)
                0x00000000c001a972                SoundDevice::SoundDevice(char const*)
                0x00000000c001a9de                SoundDevice::~SoundDevice()
                0x00000000c001a9de                SoundDevice::~SoundDevice()
                0x00000000c001aa58                SoundDevice::~SoundDevice()
                0x00000000c001aa82                SoundDevice::getFreeChannelNum()
                0x00000000c001aa9c                SoundDevice::addChannel(SoundChannel*)
                0x00000000c001ab0c                SoundDevice::removeChannel(int)
                0x00000000c001ab3e                SoundDevice::floatTo8(float*, unsigned char*, int)
                0x00000000c001abaa                SoundDevice::getAudio(int, float*, float*)
 .text          0x00000000c001ac89        0x0 hw/bus/isa.32
 *fill*         0x00000000c001ac89        0x1 
 .text          0x00000000c001ac8a      0x6e5 hw/bus/pci.32
                0x00000000c001ac8a                PCI::open(int, int, void*)
                0x00000000c001ac9e                PCI::close(int, int, void*)
                0x00000000c001aca2                PCI::PCI()
                0x00000000c001aca2                PCI::PCI()
                0x00000000c001ad22                PCI::pciReadWord(unsigned char, unsigned char, unsigned char, unsigned char)
                0x00000000c001ad6a                PCI::getVendorID(unsigned char, unsigned char, unsigned char)
                0x00000000c001ad8c                PCI::getHeaderType(unsigned char, unsigned char, unsigned char)
                0x00000000c001adb0                PCI::getClassCode(unsigned char, unsigned char, unsigned char)
                0x00000000c001adf4                PCI::getProgIF(unsigned char, unsigned char, unsigned char)
                0x00000000c001ae18                PCI::getRevisionID(unsigned char, unsigned char, unsigned char)
                0x00000000c001ae3a                PCI::getInterruptNumber(unsigned char, unsigned char, unsigned char)
                0x00000000c001ae5c                PCI::getSecondaryBus(unsigned char, unsigned char, unsigned char)
                0x00000000c001ae80                PCI::getBARAddress(unsigned char, unsigned char, unsigned char, unsigned char)
                0x00000000c001aee0                PCI::pciWriteWord(unsigned char, unsigned char, unsigned char, unsigned char, unsigned short)
                0x00000000c001af4c                PCI::checkBus(unsigned char)
                0x00000000c001af70                PCI::foundDevice(PCIDeviceInfo)
                0x00000000c001b0e0                PCI::getDeviceData(unsigned char, unsigned char, unsigned char)
                0x00000000c001b2b0                PCI::checkDevice(unsigned char, unsigned char)
                0x00000000c001b31c                PCI::detect()
 *fill*         0x00000000c001b36f        0x1 
 .text          0x00000000c001b370      0xc70 hw/diskctrl/ide.32
                0x00000000c001b370                IDE::close(int, int, void*)
                0x00000000c001b374                IDE::IDE()
                0x00000000c001b374                IDE::IDE()
                0x00000000c001b3a8                IDE::prepareInterrupt(unsigned char)
                0x00000000c001b3ba                selectDrive(unsigned char, unsigned char)
                0x00000000c001b3bc                IDE::getBase(unsigned char)
                0x00000000c001b3ce                IDE::write(unsigned char, unsigned char, unsigned char)
                0x00000000c001b48e                IDE::read(unsigned char, unsigned char)
                0x00000000c001b53c                IDE::waitInterrupt(unsigned char)
                0x00000000c001b5a2                ideChannel0IRQHandler(regs*, void*)
                0x00000000c001b5be                ideChannel1IRQHandler(regs*, void*)
                0x00000000c001b5da                IDE::enableIRQs(unsigned char, bool)
                0x00000000c001b620                IDE::open(int, int, void*)
                0x00000000c001ba30                IDE::readBuffer(unsigned char, unsigned char, unsigned int, unsigned int)
                0x00000000c001bafc                IDE::detect()
                0x00000000c001bde4                IDE::printError(unsigned char, unsigned char, unsigned char)
                0x00000000c001bf7a                IDE::polling(unsigned char, unsigned int)
 .text          0x00000000c001bfe0      0x62b hw/diskphys/ata.32
                0x00000000c001bfe0                ATA::close(int, int, void*)
                0x00000000c001c004                ATA::powerSaving(PowerSavingLevel)
                0x00000000c001c006                ATA::ATA()
                0x00000000c001c006                ATA::ATA()
                0x00000000c001c034                ATA::flush(bool)
                0x00000000c001c07e                ATA::readyForCommand()
                0x00000000c001c0ce                ATA::access(unsigned long long, int, void*, bool)
                0x00000000c001c44c                ATA::read(unsigned long long, int, void*)
                0x00000000c001c4b4                ATA::write(unsigned long long, int, void*)
                0x00000000c001c51c                ATA::detectCHS()
                0x00000000c001c546                ATA::open(int, int, void*)
 *fill*         0x00000000c001c60b        0x1 
 .text          0x00000000c001c60c      0x5b3 hw/diskphys/atapi.32
                0x00000000c001c60c                ATAPI::write(unsigned long long, int, void*)
                0x00000000c001c612                ATAPI::close(int, int, void*)
                0x00000000c001c636                ATAPI::ATAPI()
                0x00000000c001c636                ATAPI::ATAPI()
                0x00000000c001c664                ATAPI::readyForCommand()
                0x00000000c001c6b4                ATAPI::sendPacket(unsigned char*, int, bool, unsigned short*, int)
                0x00000000c001c974                ATAPI::diskRemoved()
                0x00000000c001c990                ATAPI::eject()
                0x00000000c001c9d6                ATAPI::diskInserted()
                0x00000000c001ca04                ATAPI::detectMedia()
                0x00000000c001cac0                ATAPI::open(int, int, void*)
                0x00000000c001cb40                ATAPI::read(unsigned long long, int, void*)
 *fill*         0x00000000c001cbbf        0x1 
 .text          0x00000000c001cbc0       0x8e hw/fpu/avx.32
                0x00000000c001cbc0                AVX::open(int, int, void*)
                0x00000000c001cbd2                AVX::close(int, int, void*)
                0x00000000c001cbe4                AVX::available()
                0x00000000c001cbf6                AVX::save(void*)
                0x00000000c001cc0e                AVX::load(void*)
                0x00000000c001cc26                AVX::AVX()
                0x00000000c001cc26                AVX::AVX()
 .text          0x00000000c001cc4e       0x90 hw/fpu/mmx.32
                0x00000000c001cc4e                MMX::available()
                0x00000000c001cc62                MMX::open(int, int, void*)
                0x00000000c001cc74                MMX::close(int, int, void*)
                0x00000000c001cc86                MMX::save(void*)
                0x00000000c001cc9e                MMX::load(void*)
                0x00000000c001ccb6                MMX::MMX()
                0x00000000c001ccb6                MMX::MMX()
 .text          0x00000000c001ccde       0x96 hw/fpu/sse.32
                0x00000000c001ccde                SSE::open(int, int, void*)
                0x00000000c001ccf0                SSE::close(int, int, void*)
                0x00000000c001cd02                SSE::available()
                0x00000000c001cd1c                SSE::save(void*)
                0x00000000c001cd34                SSE::load(void*)
                0x00000000c001cd4c                SSE::SSE()
                0x00000000c001cd4c                SSE::SSE()
 .text          0x00000000c001cd74       0x8e hw/fpu/x87.32
                0x00000000c001cd74                x87::open(int, int, void*)
                0x00000000c001cd86                x87::close(int, int, void*)
                0x00000000c001cd98                x87::available()
                0x00000000c001cdaa                x87::save(void*)
                0x00000000c001cdc2                x87::load(void*)
                0x00000000c001cdda                x87::x87()
                0x00000000c001cdda                x87::x87()
 .text          0x00000000c001ce02      0x5f3 hw/intctrl/apic.32
                0x00000000c001ce02                APIC::disable()
                0x00000000c001ce04                APIC::close(int, int, void*)
                0x00000000c001ce26                IOAPIC::close(int, int, void*)
                0x00000000c001ce2c                APIC::io_wait()
                0x00000000c001ce32                APIC::getBase()
                0x00000000c001ce74                APIC::eoi(unsigned char)
                0x00000000c001cea2                APIC::open(int, int, void*)
                0x00000000c001cf5c                IOAPIC::IOAPIC()
                0x00000000c001cf5c                IOAPIC::IOAPIC()
                0x00000000c001cf84                APIC::APIC()
                0x00000000c001cf84                APIC::APIC()
                0x00000000c001d054                IOAPIC::handlesGSIWithNumber(unsigned int)
                0x00000000c001d086                IOAPIC::read(int)
                0x00000000c001d0ae                IOAPIC::open(int, int, void*)
                0x00000000c001d1a4                IOAPIC::write(int, int)
                0x00000000c001d1d0                IOAPIC::redirect(unsigned char, unsigned long long, unsigned char)
                0x00000000c001d28a                APIC::installIRQHandler(int, void (*)(regs*, void*), bool, void*)
 *fill*         0x00000000c001d3f5        0x1 
 .text          0x00000000c001d3f6      0x3d3 hw/intctrl/pic.32
                0x00000000c001d3f6                PIC::disable()
                0x00000000c001d424                PIC::close(int, int, void*)
                0x00000000c001d446                PIC::PIC()
                0x00000000c001d446                PIC::PIC()
                0x00000000c001d51c                PIC::ioWait()
                0x00000000c001d522                PIC::getIRQReg(int)
                0x00000000c001d58c                PIC::eoi(unsigned char)
                0x00000000c001d61e                PIC::remap()
                0x00000000c001d78a                PIC::open(int, int, void*)
 *fill*         0x00000000c001d7c9        0x1 
 .text          0x00000000c001d7ca      0x252 hw/timer/apictimer.32
                0x00000000c001d7ca                APICTimer::close(int, int, void*)
                0x00000000c001d7d0                apicTimerHandler(regs*, void*)
                0x00000000c001d7fe                APICTimer::write(int)
                0x00000000c001d8fc                APICTimer::open(int, int, void*)
                0x00000000c001d9f4                APICTimer::APICTimer()
                0x00000000c001d9f4                APICTimer::APICTimer()
 .text          0x00000000c001da1c      0x1a7 hw/timer/pit.32
                0x00000000c001da1c                PIT::write(int)
                0x00000000c001da9a                pitHandler(regs*, void*)
                0x00000000c001dac6                PIT::open(int, int, void*)
                0x00000000c001db14                PIT::close(int, int, void*)
                0x00000000c001db44                PIT::PIT()
                0x00000000c001db44                PIT::PIT()
 *fill*         0x00000000c001dbc3        0xd 
 .text          0x00000000c001dbd0        0xa hw/fpu/x86/avx.32
                0x00000000c001dbd0                avxDetect
                0x00000000c001dbd6                avxSave
                0x00000000c001dbd7                avxLoad
                0x00000000c001dbd8                avxInit
                0x00000000c001dbd9                avxClose
 *fill*         0x00000000c001dbda        0x6 
 .text          0x00000000c001dbe0       0x38 hw/fpu/x86/sse.32
                0x00000000c001dbe0                sseDetect
                0x00000000c001dbfb                sseSave
                0x00000000c001dc01                sseLoad
                0x00000000c001dc07                sseInit
                0x00000000c001dc17                sseClose
 *fill*         0x00000000c001dc18        0x8 
 .text          0x00000000c001dc20       0x47 hw/fpu/x86/x87.32
                0x00000000c001dc26                x87Detect
                0x00000000c001dc41                x87Save
                0x00000000c001dc47                x87Load
                0x00000000c001dc4c                x87Init
                0x00000000c001dc66                x87Close
 *fill*         0x00000000c001dc67        0x1 
 .text          0x00000000c001dc68       0x25 /cygdrive/d/Users/Alex/Desktop/Toolchain/Output/bin/../lib/gcc/i386-banana/8.1.0/crtend.o
 .text          0x00000000c001dc8d        0x0 crtn.32
 *fill*         0x00000000c001dc8d        0x3 
 .text          0x00000000c001dc90      0x14b /cygdrive/d/Users/Alex/Desktop/Toolchain/Output/bin/../lib/gcc/i386-banana/8.1.0/libgcc.a(_divdi3.o)
                0x00000000c001dc90                __divdi3
 *fill*         0x00000000c001dddb        0x1 
 .text          0x00000000c001dddc      0x17e /cygdrive/d/Users/Alex/Desktop/Toolchain/Output/bin/../lib/gcc/i386-banana/8.1.0/libgcc.a(_moddi3.o)
                0x00000000c001dddc                __moddi3
 *fill*         0x00000000c001df5a        0x2 
 .text          0x00000000c001df5c       0xff /cygdrive/d/Users/Alex/Desktop/Toolchain/Output/bin/../lib/gcc/i386-banana/8.1.0/libgcc.a(_udivdi3.o)
                0x00000000c001df5c                __udivdi3
 *fill*         0x00000000c001e05b        0x1 
 .text          0x00000000c001e05c      0x11a /cygdrive/d/Users/Alex/Desktop/Toolchain/Output/bin/../lib/gcc/i386-banana/8.1.0/libgcc.a(_umoddi3.o)
                0x00000000c001e05c                __umoddi3
 *fill*         0x00000000c001e176        0xa 
 .text          0x00000000c001e180       0x1e D:/Users/Alex/Desktop/Banana/kernel/libk/libm32.a(s_fabs.c.o)
                0x00000000c001e180                fabs
 *fill*         0x00000000c001e19e        0x2 
 .text          0x00000000c001e1a0        0xc D:/Users/Alex/Desktop/Banana/kernel/libk/libm32.a(s_lrint.S.o)
                0x00000000c001e1a0                lrint
 .text          0x00000000c001e1ac        0xc D:/Users/Alex/Desktop/Banana/kernel/libk/libm32.a(s_lrintf.S.o)
                0x00000000c001e1ac                lrintf
 *(.gnu.linkonce.t*)

.iplt           0x00000000c001e1b8        0x0
 .iplt          0x00000000c001e1b8        0x0 D:/Users/Alex/Desktop/Banana/kernel/boot.32

.init           0x00000000c001e1b8        0xf
 .init          0x00000000c001e1b8        0x3 crti.32
                0x00000000c001e1b8                _init
 .init          0x00000000c001e1bb        0x5 /cygdrive/d/Users/Alex/Desktop/Toolchain/Output/bin/../lib/gcc/i386-banana/8.1.0/crtbegin.o
 .init          0x00000000c001e1c0        0x5 /cygdrive/d/Users/Alex/Desktop/Toolchain/Output/bin/../lib/gcc/i386-banana/8.1.0/crtend.o
 .init          0x00000000c001e1c5        0x2 crtn.32

.fini           0x00000000c001e1c7        0xa
 .fini          0x00000000c001e1c7        0x3 crti.32
                0x00000000c001e1c7                _fini
 .fini          0x00000000c001e1ca        0x5 /cygdrive/d/Users/Alex/Desktop/Toolchain/Output/bin/../lib/gcc/i386-banana/8.1.0/crtbegin.o
 .fini          0x00000000c001e1cf        0x2 crtn.32

.text._ZN8ComputerD2Ev
                0x00000000c001e1d2       0x23
 .text._ZN8ComputerD2Ev
                0x00000000c001e1d2       0x23 core/computer.32
                0x00000000c001e1d2                Computer::~Computer()
                0x00000000c001e1d2                Computer::~Computer()

.text._ZN8ComputerD0Ev
                0x00000000c001e1f6       0x2a
 .text._ZN8ComputerD0Ev
                0x00000000c001e1f6       0x2a core/computer.32
                0x00000000c001e1f6                Computer::~Computer()

.text._Z10idleCommonv
                0x00000000c001e220       0x15
 .text._Z10idleCommonv
                0x00000000c001e220       0x15 core/idle.32
                0x00000000c001e220                idleCommon()

.text._ZN3CPU7readCR0Ev
                0x00000000c001e235       0x12
 .text._ZN3CPU7readCR0Ev
                0x00000000c001e235       0x12 core/kconsole.32
                0x00000000c001e235                CPU::readCR0()

.text._ZN3CPU7readCR2Ev
                0x00000000c001e247       0x12
 .text._ZN3CPU7readCR2Ev
                0x00000000c001e247       0x12 core/kconsole.32
                0x00000000c001e247                CPU::readCR2()

.text._ZN3CPU7readCR3Ev
                0x00000000c001e259       0x12
 .text._ZN3CPU7readCR3Ev
                0x00000000c001e259       0x12 core/kconsole.32
                0x00000000c001e259                CPU::readCR3()

.text._ZN3CPU7readCR4Ev
                0x00000000c001e26b       0x12
 .text._ZN3CPU7readCR4Ev
                0x00000000c001e26b       0x12 core/kconsole.32
                0x00000000c001e26b                CPU::readCR4()

.text._ZN3CPU8writeCR3Em
                0x00000000c001e27d        0x9
 .text._ZN3CPU8writeCR3Em
                0x00000000c001e27d        0x9 core/kheap.32
                0x00000000c001e27d                CPU::writeCR3(unsigned long)

.text._ZN10LinkedListIV18ThreadControlBlockED2Ev
                0x00000000c001e286        0x2
 .text._ZN10LinkedListIV18ThreadControlBlockED2Ev
                0x00000000c001e286        0x2 core/prcssthr.32
                0x00000000c001e286                LinkedList<ThreadControlBlock volatile>::~LinkedList()
                0x00000000c001e286                LinkedList<ThreadControlBlock volatile>::~LinkedList()

.text._ZN18ThreadControlBlockC2Ev
                0x00000000c001e288       0x3e
 .text._ZN18ThreadControlBlockC2Ev
                0x00000000c001e288       0x3e core/prcssthr.32
                0x00000000c001e288                ThreadControlBlock::ThreadControlBlock()
                0x00000000c001e288                ThreadControlBlock::ThreadControlBlock()

.text._ZN10LinkedListIV18ThreadControlBlockEC2Ev
                0x00000000c001e2c6       0x58
 .text._ZN10LinkedListIV18ThreadControlBlockEC2Ev
                0x00000000c001e2c6       0x58 core/prcssthr.32
                0x00000000c001e2c6                LinkedList<ThreadControlBlock volatile>::LinkedList()
                0x00000000c001e2c6                LinkedList<ThreadControlBlock volatile>::LinkedList()

.text._ZN10LinkedListIV18ThreadControlBlockE10addElementEPS1_
                0x00000000c001e31e       0xd3
 .text._ZN10LinkedListIV18ThreadControlBlockE10addElementEPS1_
                0x00000000c001e31e       0xd3 core/prcssthr.32
                0x00000000c001e31e                LinkedList<ThreadControlBlock volatile>::addElement(ThreadControlBlock volatile*)

.text._ZN10LinkedListIV18ThreadControlBlockE7isEmptyEv
                0x00000000c001e3f2       0x1c
 .text._ZN10LinkedListIV18ThreadControlBlockE7isEmptyEv
                0x00000000c001e3f2       0x1c core/prcssthr.32
                0x00000000c001e3f2                LinkedList<ThreadControlBlock volatile>::isEmpty()

.text._ZN10LinkedListIV18ThreadControlBlockE11removeFirstEv
                0x00000000c001e40e       0xae
 .text._ZN10LinkedListIV18ThreadControlBlockE11removeFirstEv
                0x00000000c001e40e       0xae core/prcssthr.32
                0x00000000c001e40e                LinkedList<ThreadControlBlock volatile>::removeFirst()

.text._ZN10LinkedListIV18ThreadControlBlockE15getFirstElementEv
                0x00000000c001e4bc        0x7
 .text._ZN10LinkedListIV18ThreadControlBlockE15getFirstElementEv
                0x00000000c001e4bc        0x7 core/prcssthr.32
                0x00000000c001e4bc                LinkedList<ThreadControlBlock volatile>::getFirstElement()

.text._ZN10LinkedListIV18ThreadControlBlockE7getNextEPS1_
                0x00000000c001e4c4        0x8
 .text._ZN10LinkedListIV18ThreadControlBlockE7getNextEPS1_
                0x00000000c001e4c4        0x8 core/prcssthr.32
                0x00000000c001e4c4                LinkedList<ThreadControlBlock volatile>::getNext(ThreadControlBlock volatile*)

.text._ZN10LinkedListI8UnixFileED2Ev
                0x00000000c001e4cc        0x2
 .text._ZN10LinkedListI8UnixFileED2Ev
                0x00000000c001e4cc        0x2 core/unixfile.32
                0x00000000c001e4cc                LinkedList<UnixFile>::~LinkedList()
                0x00000000c001e4cc                LinkedList<UnixFile>::~LinkedList()

.text._ZN10LinkedListI8UnixFileEC2Ev
                0x00000000c001e4ce       0x58
 .text._ZN10LinkedListI8UnixFileEC2Ev
                0x00000000c001e4ce       0x58 core/unixfile.32
                0x00000000c001e4ce                LinkedList<UnixFile>::LinkedList()
                0x00000000c001e4ce                LinkedList<UnixFile>::LinkedList()

.text._ZN10LinkedListI8UnixFileE15getFirstElementEv
                0x00000000c001e526        0x7
 .text._ZN10LinkedListI8UnixFileE15getFirstElementEv
                0x00000000c001e526        0x7 core/unixfile.32
                0x00000000c001e526                LinkedList<UnixFile>::getFirstElement()

.text._ZN10LinkedListI8UnixFileE11removeFirstEv
                0x00000000c001e52e       0xa1
 .text._ZN10LinkedListI8UnixFileE11removeFirstEv
                0x00000000c001e52e       0xa1 core/unixfile.32
                0x00000000c001e52e                LinkedList<UnixFile>::removeFirst()

.text._ZN10LinkedListI8UnixFileE7getNextEPS0_
                0x00000000c001e5d0        0x8
 .text._ZN10LinkedListI8UnixFileE7getNextEPS0_
                0x00000000c001e5d0        0x8 core/unixfile.32
                0x00000000c001e5d0                LinkedList<UnixFile>::getNext(UnixFile*)

.text._ZN10LinkedListI8UnixFileE10addElementEPS0_
                0x00000000c001e5d8      0x130
 .text._ZN10LinkedListI8UnixFileE10addElementEPS0_
                0x00000000c001e5d8      0x130 core/unixfile.32
                0x00000000c001e5d8                LinkedList<UnixFile>::addElement(UnixFile*)

.text._ZN16DriverlessDeviceD2Ev
                0x00000000c001e708       0x1a
 .text._ZN16DriverlessDeviceD2Ev
                0x00000000c001e708       0x1a hal/device.32
                0x00000000c001e708                DriverlessDevice::~DriverlessDevice()
                0x00000000c001e708                DriverlessDevice::~DriverlessDevice()

.text._ZN16DriverlessDeviceD0Ev
                0x00000000c001e722       0x2a
 .text._ZN16DriverlessDeviceD0Ev
                0x00000000c001e722       0x2a hal/device.32
                0x00000000c001e722                DriverlessDevice::~DriverlessDevice()

.text._ZN10LinkedListI6DeviceE10addElementEPS0_
                0x00000000c001e74c       0xdc
 .text._ZN10LinkedListI6DeviceE10addElementEPS0_
                0x00000000c001e74c       0xdc hal/device.32
                0x00000000c001e74c                LinkedList<Device>::addElement(Device*)

.text._ZN10LinkedListI6DeviceEC2Ev
                0x00000000c001e828       0x58
 .text._ZN10LinkedListI6DeviceEC2Ev
                0x00000000c001e828       0x58 hal/device.32
                0x00000000c001e828                LinkedList<Device>::LinkedList()
                0x00000000c001e828                LinkedList<Device>::LinkedList()

.text._ZN3CPU7readDR0Ev
                0x00000000c001e880       0x12
 .text._ZN3CPU7readDR0Ev
                0x00000000c001e880       0x12 hal/intctrl.32
                0x00000000c001e880                CPU::readDR0()

.text._ZN3CPU7readDR1Ev
                0x00000000c001e892       0x12
 .text._ZN3CPU7readDR1Ev
                0x00000000c001e892       0x12 hal/intctrl.32
                0x00000000c001e892                CPU::readDR1()

.text._ZN3CPU7readDR2Ev
                0x00000000c001e8a4       0x12
 .text._ZN3CPU7readDR2Ev
                0x00000000c001e8a4       0x12 hal/intctrl.32
                0x00000000c001e8a4                CPU::readDR2()

.text._ZN3CPU7readDR3Ev
                0x00000000c001e8b6       0x12
 .text._ZN3CPU7readDR3Ev
                0x00000000c001e8b6       0x12 hal/intctrl.32
                0x00000000c001e8b6                CPU::readDR3()

.text._ZN3CPU7readDR6Ev
                0x00000000c001e8c8       0x12
 .text._ZN3CPU7readDR6Ev
                0x00000000c001e8c8       0x12 hal/intctrl.32
                0x00000000c001e8c8                CPU::readDR6()

.text._ZN3CPU7readDR7Ev
                0x00000000c001e8da       0x12
 .text._ZN3CPU7readDR7Ev
                0x00000000c001e8da       0x12 hal/intctrl.32
                0x00000000c001e8da                CPU::readDR7()

.text._ZN4ACPID2Ev
                0x00000000c001e8ec       0x23
 .text._ZN4ACPID2Ev
                0x00000000c001e8ec       0x23 hw/acpi.32
                0x00000000c001e8ec                ACPI::~ACPI()
                0x00000000c001e8ec                ACPI::~ACPI()

.text._ZN4ACPID0Ev
                0x00000000c001e910       0x2a
 .text._ZN4ACPID0Ev
                0x00000000c001e910       0x2a hw/acpi.32
                0x00000000c001e910                ACPI::~ACPI()

.text._ZN3CPUD2Ev
                0x00000000c001e93a       0x23
 .text._ZN3CPUD2Ev
                0x00000000c001e93a       0x23 hw/cpu.32
                0x00000000c001e93a                CPU::~CPU()
                0x00000000c001e93a                CPU::~CPU()

.text._ZN3CPUD0Ev
                0x00000000c001e95e       0x2a
 .text._ZN3CPUD0Ev
                0x00000000c001e95e       0x2a hw/cpu.32
                0x00000000c001e95e                CPU::~CPU()

.text._ZN3CPU8writeDR7Em
                0x00000000c001e988        0x9
 .text._ZN3CPU8writeDR7Em
                0x00000000c001e988        0x9 hw/cpu.32
                0x00000000c001e988                CPU::writeDR7(unsigned long)

.text._ZN3CPU8writeCR4Em
                0x00000000c001e991        0x9
 .text._ZN3CPU8writeCR4Em
                0x00000000c001e991        0x9 hw/cpu.32
                0x00000000c001e991                CPU::writeCR4(unsigned long)

.text._ZN3PCID2Ev
                0x00000000c001e99a       0x23
 .text._ZN3PCID2Ev
                0x00000000c001e99a       0x23 hw/bus/pci.32
                0x00000000c001e99a                PCI::~PCI()
                0x00000000c001e99a                PCI::~PCI()

.text._ZN3PCID0Ev
                0x00000000c001e9be       0x2a
 .text._ZN3PCID0Ev
                0x00000000c001e9be       0x2a hw/bus/pci.32
                0x00000000c001e9be                PCI::~PCI()

.text._ZN3IDED2Ev
                0x00000000c001e9e8       0x23
 .text._ZN3IDED2Ev
                0x00000000c001e9e8       0x23 hw/diskctrl/ide.32
                0x00000000c001e9e8                IDE::~IDE()
                0x00000000c001e9e8                IDE::~IDE()

.text._ZN3IDED0Ev
                0x00000000c001ea0c       0x2a
 .text._ZN3IDED0Ev
                0x00000000c001ea0c       0x2a hw/diskctrl/ide.32
                0x00000000c001ea0c                IDE::~IDE()

.text._ZN3ATAD2Ev
                0x00000000c001ea36       0x23
 .text._ZN3ATAD2Ev