Archive member included to satisfy reference by file (symbol)

/cygdrive/d/Users/Alex/Desktop/Toolchain/Output/bin/../lib/gcc/i386-banana/8.1.0/libkgcc.a(_divdi3.o)
                              fs/fat/ff.32 (__divdi3)
/cygdrive/d/Users/Alex/Desktop/Toolchain/Output/bin/../lib/gcc/i386-banana/8.1.0/libkgcc.a(_moddi3.o)
                              compat/resolve.32 (__moddi3)
/cygdrive/d/Users/Alex/Desktop/Toolchain/Output/bin/../lib/gcc/i386-banana/8.1.0/libkgcc.a(_udivdi3.o)
                              fs/fat/ff.32 (__udivdi3)
/cygdrive/d/Users/Alex/Desktop/Toolchain/Output/bin/../lib/gcc/i386-banana/8.1.0/libkgcc.a(_umoddi3.o)
                              compat/resolve.32 (__umoddi3)
D:/Users/Alex/Desktop/Banana/kernel/libsoftfp.a(sfieeelib.o)
                              hal/sound/sndhw.32 (__addsf3)
D:/Users/Alex/Desktop/Banana/kernel/libsoftfp.a(dfieeelib.o)
                              hal/libresample/src_linear.32 (__adddf3)
D:/Users/Alex/Desktop/Banana/kernel/libsoftfp.a(sfdfcvt.o)
                              hal/libresample/samplerate.32 (__truncdfsf2)
D:/Users/Alex/Desktop/Banana/kernel/libk/libm32.a(s_fabs.c.o)
                              hal/libresample/samplerate.32 (fabs)
D:/Users/Alex/Desktop/Banana/kernel/libk/libm32.a(s_lrint.S.o)
                              hal/libresample/samplerate.32 (lrint)
D:/Users/Alex/Desktop/Banana/kernel/libk/libm32.a(s_lrintf.S.o)
                              hal/sound/sndhw.32 (lrintf)

Discarded input sections

 .comment       0x0000000000000000       0x12 /cygdrive/d/Users/Alex/Desktop/Toolchain/Output/bin/../lib/gcc/i386-banana/8.1.0/crtbegin.o
 .comment       0x0000000000000000       0x12 acpica/utclib.32
 .comment       0x0000000000000000       0x12 core/malloc.32
 .comment       0x0000000000000000       0x12 libk/string.32
 .comment       0x0000000000000000       0x12 fs/fat/diskio.32
 .comment       0x0000000000000000       0x12 fs/fat/ff.32
 .comment       0x0000000000000000       0x12 fs/fat/ffsystem.32
 .comment       0x0000000000000000       0x12 fs/fat/ffunicode.32
 .comment       0x0000000000000000       0x12 hal/libresample/samplerate.32
 .comment       0x0000000000000000       0x12 hal/libresample/src_linear.32
 .comment       0x0000000000000000       0x12 hal/libresample/src_sinc.32
 .comment       0x0000000000000000       0x12 hal/libresample/src_zoh.32
 .comment       0x0000000000000000       0x12 compat/inlines.32
 .comment       0x0000000000000000       0x12 compat/resolve.32
 .group         0x0000000000000000       0x14 core/computer.32
 .group         0x0000000000000000        0xc core/computer.32
 .comment       0x0000000000000000       0x12 core/computer.32
 .comment       0x0000000000000000       0x12 core/gdt.32
 .group         0x0000000000000000        0xc core/idle.32
 .comment       0x0000000000000000       0x12 core/idle.32
 .comment       0x0000000000000000       0x12 core/idt.32
 .comment       0x0000000000000000       0x12 core/kheap.32
 .comment       0x0000000000000000       0x12 core/main.32
 .comment       0x0000000000000000       0x12 core/physmgr.32
 .group         0x0000000000000000        0xc core/pipe.32
 .comment       0x0000000000000000       0x12 core/pipe.32
 .group         0x0000000000000000        0xc core/terminal.32
 .comment       0x0000000000000000       0x12 core/terminal.32
 .comment       0x0000000000000000       0x12 core/tss.32
 .group         0x0000000000000000        0x8 core/unixfile.32
 .group         0x0000000000000000        0xc core/unixfile.32
 .group         0x0000000000000000        0xc core/unixfile.32
 .group         0x0000000000000000        0x8 core/unixfile.32
 .group         0x0000000000000000        0xc core/unixfile.32
 .group         0x0000000000000000        0x8 core/unixfile.32
 .group         0x0000000000000000        0xc core/unixfile.32
 .group         0x0000000000000000        0xc core/unixfile.32
 .comment       0x0000000000000000       0x12 core/unixfile.32
 .comment       0x0000000000000000       0x12 core/virtmgr.32
 .comment       0x0000000000000000       0x12 coreobjs/c++.32
 .comment       0x0000000000000000       0x12 dbg/kconsole.32
 .group         0x0000000000000000        0xc fs/vfs.32
 .group         0x0000000000000000        0xc fs/vfs.32
 .group         0x0000000000000000        0xc fs/vfs.32
 .comment       0x0000000000000000       0x12 fs/vfs.32
 .group         0x0000000000000000        0xc hal/bus.32
 .comment       0x0000000000000000       0x12 hal/bus.32
 .group         0x0000000000000000        0xc hal/buzzer.32
 .comment       0x0000000000000000       0x12 hal/buzzer.32
 .group         0x0000000000000000        0xc hal/clock.32
 .comment       0x0000000000000000       0x12 hal/clock.32
 .group         0x0000000000000000       0x14 hal/device.32
 .group         0x0000000000000000        0xc hal/device.32
 .group         0x0000000000000000        0xc hal/device.32
 .group         0x0000000000000000        0xc hal/device.32
[...]
Memory Configuration

Name             Origin             Length             Attributes
*default*        0x0000000000000000 0xffffffffffffffff

Linker script and memory map

LOAD D:/Users/Alex/Desktop/Banana/kernel/boot.32
LOAD crti.32
LOAD /cygdrive/d/Users/Alex/Desktop/Toolchain/Output/bin/../lib/gcc/i386-banana/8.1.0/crtbegin.o
LOAD D:/Users/Alex/Desktop/Banana/kernel/morenasm.32
LOAD acpica/utclib.32
LOAD core/malloc.32
LOAD libk/string.32
LOAD fs/fat/diskio.32
LOAD fs/fat/ff.32
LOAD fs/fat/ffsystem.32
LOAD fs/fat/ffunicode.32
LOAD hal/libresample/samplerate.32
LOAD hal/libresample/src_linear.32
LOAD hal/libresample/src_sinc.32
LOAD hal/libresample/src_zoh.32
LOAD compat/inlines.32
LOAD compat/resolve.32
LOAD core/computer.32
LOAD core/gdt.32
LOAD core/idle.32
LOAD core/idt.32
LOAD core/kheap.32
LOAD core/main.32
LOAD core/physmgr.32
LOAD core/pipe.32
LOAD core/terminal.32
LOAD core/tss.32
LOAD core/unixfile.32
LOAD core/virtmgr.32
LOAD coreobjs/c++.32
LOAD dbg/kconsole.32
LOAD fs/vfs.32
LOAD hal/bus.32
LOAD hal/buzzer.32
LOAD hal/clock.32
LOAD hal/device.32
LOAD hal/diskctrl.32
LOAD hal/diskphys.32
LOAD hal/fpu.32
LOAD hal/intctrl.32
LOAD hal/keybrd.32
LOAD hal/logidisk.32
LOAD hal/mouse.32
LOAD hal/partition.32
LOAD hal/serial.32
LOAD hal/timer.32
LOAD hal/vcache.32
LOAD hal/video.32
LOAD hw/acpi.32
LOAD hw/cpu.32
LOAD hw/ports.32
LOAD hw/smp.32
LOAD krnl/env.32
LOAD krnl/panic.32
LOAD net/ethernet.32
LOAD reg/registry.32
LOAD sys/sc_eject.32
LOAD sys/sc_exit.32
LOAD sys/sc_getcwd.32
LOAD sys/sc_getpid.32
LOAD sys/sc_getramdata.32
LOAD sys/sc_getvgaptr.32
LOAD sys/sc_loaddll.32
LOAD sys/sc_read.32
LOAD sys/sc_sbrk.32
LOAD sys/sc_setcwd.32
LOAD sys/sc_settime.32
LOAD sys/sc_timezone.32
LOAD sys/sc_write.32
LOAD sys/sc_wsbe.32
LOAD sys/sc_yield.32
LOAD sys/syscalls.32
LOAD thr/elf.32
LOAD thr/prcssthr.32
LOAD vm86/vm8086.32
LOAD vm86/x87em.32
LOAD fs/fat/vfslink.32
LOAD fs/iso9660/vfslink.32
LOAD hal/sound/sndchannel.32
LOAD hal/sound/sndhw.32
LOAD hw/bus/isa.32
LOAD hw/bus/pci.32
LOAD hw/diskctrl/ide.32
LOAD hw/diskctrl/satabus.32
LOAD hw/diskphys/ata.32
LOAD hw/diskphys/atapi.32
LOAD hw/diskphys/sata.32
LOAD hw/diskphys/satapi.32
LOAD hw/fpu/avx.32
LOAD hw/fpu/mmx.32
LOAD hw/fpu/sse.32
LOAD hw/fpu/x87.32
LOAD hw/intctrl/apic.32
LOAD hw/intctrl/pic.32
LOAD hw/timer/apictimer.32
LOAD hw/timer/pit.32
LOAD hw/fpu/x86/avx.32
LOAD hw/fpu/x86/sse.32
LOAD hw/fpu/x86/x87.32
LOAD /cygdrive/d/Users/Alex/Desktop/Toolchain/Output/bin/../lib/gcc/i386-banana/8.1.0/crtend.o
LOAD crtn.32
LOAD /cygdrive/d/Users/Alex/Desktop/Toolchain/Output/bin/../lib/gcc/i386-banana/8.1.0/libkgcc.a
LOAD D:/Users/Alex/Desktop/Banana/kernel/libsoftfp.a
LOAD D:/Users/Alex/Desktop/Banana/kernel/libk/libm32.a
                0x00000000c0000000                . = 0xc0000000

.text           0x00000000c0000000    0x28e58
 *(.text)
 .text          0x00000000c0000000       0x41 D:/Users/Alex/Desktop/Banana/kernel/boot.32
                0x00000000c0000020                callGlobalConstructors
 .text          0x00000000c0000041        0x0 crti.32
 *fill*         0x00000000c0000041        0x3 
 .text          0x00000000c0000044      0x101 /cygdrive/d/Users/Alex/Desktop/Toolchain/Output/bin/../lib/gcc/i386-banana/8.1.0/crtbegin.o
 *fill*         0x00000000c0000145        0xb 
 .text          0x00000000c0000150      0x512 D:/Users/Alex/Desktop/Banana/kernel/morenasm.32
                0x00000000c0000150                manualPCIProbe
                0x00000000c000019b                prepareTramp
                0x00000000c00001b4                voodooXADD
                0x00000000c000027f                doTPAUSE
                0x00000000c0000289                hasLegacyFPU
                0x00000000c00002ae                is486
                0x00000000c00002e4                detectCPUID
                0x00000000c00002fa                goToVM86
                0x00000000c000032a                goToUsermode
                0x00000000c0000354                switchToThreadASMFirstTime
                0x00000000c0000362                switchToThreadASM
                0x00000000c00003f2                asmQuickAcquireLock
                0x00000000c0000410                asmQuickReleaseLock
                0x00000000c000041c                asmAcquireLock
                0x00000000c000043d                asmReleaseLock
                0x00000000c0000450                loadGDT
                0x00000000c0000470                isr0
                0x00000000c0000480                isr1
                0x00000000c000048a                isr2
                0x00000000c0000494                isr3
                0x00000000c000049e                isr4
                0x00000000c00004a8                isr5
                0x00000000c00004b2                isr6
                0x00000000c00004bc                isr7
                0x00000000c00004c6                isr8
                0x00000000c00004ce                isr9
                0x00000000c00004d8                isr10
                0x00000000c00004e0                isr11
                0x00000000c00004e8                isr12
                0x00000000c00004f0                isr13
                0x00000000c00004f8                isr14
                0x00000000c0000500                isr15
                0x00000000c000050a                isr16
                0x00000000c0000514                isr17
                0x00000000c000051e                isr18
                0x00000000c0000528                irq3
                0x00000000c0000532                irq4
                0x00000000c000053c                irq5
                0x00000000c0000546                irq6
                0x00000000c0000550                irq7
                0x00000000c000055a                irq8
                0x00000000c0000564                irq9
                0x00000000c000056e                irq10
                0x00000000c0000578                irq11
                0x00000000c0000582                irq12
                0x00000000c000058c                irq13
                0x00000000c0000596                irq14
                0x00000000c00005a0                irq15
                0x00000000c00005aa                irq1
                0x00000000c00005b1                irq2
                0x00000000c00005b8                isr96
                0x00000000c00005bf                irq0
                0x00000000c00005c4                int_common_stub
                0x00000000c00005c4                syscall_common_stub
                0x00000000c00005f5                irq16
                0x00000000c00005ff                irq17
                0x00000000c0000609                irq18
                0x00000000c0000613                irq19
                0x00000000c000061d                irq20
                0x00000000c0000627                irq21
                0x00000000c0000631                irq22
                0x00000000c000063b                irq23
                0x00000000c0000645                hexStrToInt
 *fill*         0x00000000c0000662        0x2 
 .text          0x00000000c0000664      0x611 acpica/utclib.32
                0x00000000c0000664                memcmp
                0x00000000c00006a0                memmove
                0x00000000c0000768                memcpy
                0x00000000c000079c                memset
                0x00000000c00007b8                strlen
                0x00000000c00007d0                strpbrk
                0x00000000c000080c                strtok
                0x00000000c0000858                strcpy
                0x00000000c000087c                strncpy
                0x00000000c00008e4                strcmp
                0x00000000c0000924                strchr
                0x00000000c0000948                strncmp
                0x00000000c0000998                strcat
                0x00000000c00009c8                strncat
                0x00000000c0000a04                strstr
                0x00000000c0000a4c                toupper
                0x00000000c0000a60                tolower
                0x00000000c0000a74                simple_strtoul
 .text          0x00000000c0000c75      0xfbf core/malloc.32
                0x00000000c0000de0                dlfree
                0x00000000c000113b                dlmalloc
                0x00000000c0001678                dlrealloc
                0x00000000c000182d                dlmemalign
                0x00000000c0001950                dlcalloc
                0x00000000c00019ea                dlcfree
                0x00000000c00019ef                dlindependent_calloc
                0x00000000c0001a14                dlindependent_comalloc
                0x00000000c0001a2b                dlvalloc
                0x00000000c0001a56                dlpvalloc
                0x00000000c0001a8c                dlmalloc_trim
                0x00000000c0001a99                dlmalloc_usable_size
                0x00000000c0001aca                dlmallinfo
                0x00000000c0001b99                dlmalloc_stats
                0x00000000c0001baa                dlmallopt
 .text          0x00000000c0001c34        0x0 libk/string.32
 .text          0x00000000c0001c34       0x51 fs/fat/diskio.32
                0x00000000c0001c34                disk_status
                0x00000000c0001c37                disk_initialize
                0x00000000c0001c3a                disk_read
                0x00000000c0001c50                disk_write
                0x00000000c0001c66                disk_ioctl
 .text          0x00000000c0001c85     0x6833 fs/fat/ff.32
                0x00000000c0004f53                f_mount
                0x00000000c0004fb5                f_open
                0x00000000c00053f1                f_read
                0x00000000c0005671                f_write
                0x00000000c000592b                f_sync
                0x00000000c0005b07                f_close
                0x00000000c0005b36                f_lseek
                0x00000000c0005fed                f_opendir
                0x00000000c00060ef                f_closedir
                0x00000000c0006111                f_readdir
                0x00000000c00061ac                f_stat
                0x00000000c000623b                f_getfree
                0x00000000c0006406                f_truncate
                0x00000000c00064fe                f_unlink
                0x00000000c0006681                f_mkdir
                0x00000000c00068ad                f_rename
                0x00000000c0006ba0                f_chmod
                0x00000000c0006c7e                f_utime
                0x00000000c0006d5c                f_getlabel
                0x00000000c0006f4a                f_setlabel
                0x00000000c00071b7                f_forward
                0x00000000c0007395                f_mkfs
 .text          0x00000000c00084b8       0x2d fs/fat/ffsystem.32
                0x00000000c00084b8                ff_memalloc
                0x00000000c00084ce                ff_memfree
 .text          0x00000000c00084e5      0x253 fs/fat/ffunicode.32
                0x00000000c00084e5                ff_uni2oem
                0x00000000c0008575                ff_oem2uni
                0x00000000c00085e1                ff_wtoupper
 .text          0x00000000c0008738      0x8fb hal/libresample/samplerate.32
                0x00000000c000877c                src_delete
                0x00000000c00087b8                src_process
                0x00000000c000896e                src_callback_read
                0x00000000c0008aeb                src_set_ratio
                0x00000000c0008b55                src_get_channels
                0x00000000c0008b77                src_reset
                0x00000000c0008bc3                src_new
                0x00000000c0008c51                src_callback_new
                0x00000000c0008cb3                src_get_name
                0x00000000c0008cea                src_get_description
                0x00000000c0008d21                src_get_version
                0x00000000c0008d27                src_is_valid_ratio
                0x00000000c0008d7b                src_error
                0x00000000c0008d89                src_strerror
                0x00000000c0008d9c                src_simple
                0x00000000c0008def                src_short_to_float_array
                0x00000000c0008e54                src_float_to_short_array
                0x00000000c0008f13                src_int_to_float_array
                0x00000000c0008f76                src_float_to_int_array
 .text          0x00000000c0009033      0x8cb hal/libresample/src_linear.32
                0x00000000c0009859                linear_get_name
                0x00000000c0009868                linear_get_description
                0x00000000c0009877                linear_set_converter
 .text          0x00000000c00098fe     0x447c hal/libresample/src_sinc.32
                0x00000000c000dc91                sinc_get_name
                0x00000000c000dca4                sinc_get_description
                0x00000000c000dcb7                sinc_set_converter
 .text          0x00000000c000dd7a      0x77c hal/libresample/src_zoh.32
                0x00000000c000e451                zoh_get_name
                0x00000000c000e460                zoh_get_description
                0x00000000c000e46f                zoh_set_converter
 .text          0x00000000c000e4f6       0xe6 compat/inlines.32
                0x00000000c000e4f6                CPU::current()
                0x00000000c000e503                operator new(unsigned long)
                0x00000000c000e519                operator delete(void*)
                0x00000000c000e530                disableIRQs()
                0x00000000c000e53e                enableIRQs()
                0x00000000c000e555                lockScheduler()
                0x00000000c000e563                unlockScheduler()
                0x00000000c000e57a                lockStuff()
                0x00000000c000e593                unlockStuff()
 .text          0x00000000c000e5dc      0x111 compat/resolve.32
                0x00000000c000e5dc                Krnl::resolveCompatibilitySymbol(char*)
 *fill*         0x00000000c000e6ed        0x1 
 .text          0x00000000c000e6ee      0xa17 core/computer.32
                0x00000000c000e6ee                Computer::close(int, int, void*)
                0x00000000c000e732                Krnl::firstTask()
                0x00000000c000e822                Computer::Computer()
                0x00000000c000e822                Computer::Computer()
                0x00000000c000e97e                Computer::setBootMessage(char const*)
                0x00000000c000e980                Computer::detectFeatures()
                0x00000000c000eb8a                Computer::displayFeatures()
                0x00000000c000eed0                Computer::rdmsr(unsigned int)
                0x00000000c000eefc                Computer::wrmsr(unsigned int, unsigned long long)
                0x00000000c000ef34                Computer::nmiEnabled()
                0x00000000c000ef40                Computer::readCMOS(unsigned char)
                0x00000000c000ef5a                Computer::enableNMI(bool)
                0x00000000c000ef72                Computer::open(int, int, void*)
                0x00000000c000f048                Computer::disableNMI()
                0x00000000c000f056                Computer::writeCMOS(unsigned char, unsigned char)
                0x00000000c000f074                Computer::handleNMI()
                0x00000000c000f0da                Computer::setDiskActivityLight(int, bool)
 *fill*         0x00000000c000f105        0x1 
 .text          0x00000000c000f106      0x1b7 core/gdt.32
                0x00000000c000f106                GDTEntry::setBase(unsigned int)
                0x00000000c000f122                GDTEntry::setLimit(unsigned int)
                0x00000000c000f140                GDT::GDT()
                0x00000000c000f140                GDT::GDT()
                0x00000000c000f156                GDT::addEntry(GDTEntry)
                0x00000000c000f192                GDT::getNumberOfEntries()
                0x00000000c000f19a                GDT::flush()
                0x00000000c000f1bc                GDT::setup()
 .text          0x00000000c000f2bd       0x6b core/idle.32
                0x00000000c000f2bd                idleFunction(void*)
 .text          0x00000000c000f328      0x45e core/idt.32
                0x00000000c000f328                IDTEntry::IDTEntry(bool)
                0x00000000c000f328                IDTEntry::IDTEntry(bool)
                0x00000000c000f396                IDTEntry::setOffset(unsigned int)
                0x00000000c000f3aa                IDT::IDT()
                0x00000000c000f3aa                IDT::IDT()
                0x00000000c000f3ac                IDT::getPointerToInvalidOpcodeEntryForF00F()
                0x00000000c000f3b4                IDT::addEntry(IDTEntry, int)
                0x00000000c000f3ce                IDT::addEntry(int, void (*)(), bool)
                0x00000000c000f406                IDT::flush()
                0x00000000c000f420                IDT::setup()
 .text          0x00000000c000f786      0x1fe core/kheap.32
                0x00000000c000f786                sbrk
                0x00000000c000f893                mmap
                0x00000000c000f8a9                munmap
                0x00000000c000f8bf                liballoc_lock()
                0x00000000c000f8cc                liballoc_unlock()
                0x00000000c000f8e0                liballoc_alloc(int)
                0x00000000c000f8fb                liballoc_free(void*, int)
                0x00000000c000f916                realloc
                0x00000000c000f92a                malloc
                0x00000000c000f93a                free
                0x00000000c000f94a                rfree
                0x00000000c000f95a                calloc
 .text          0x00000000c000f984      0x44f core/main.32
                0x00000000c000f984                hwTextMode_loadInData(VgaText*)
                0x00000000c000f9c9                hwTextMode_loadInTitle(VgaText*, char*)
                0x00000000c000fa35                hwTextMode_showCursor(VgaText*, bool)
                0x00000000c000fa90                hwTextMode_update(VgaText*)
                0x00000000c000fa91                hwTextMode_updateCursor(VgaText*)
                0x00000000c000fad9                hwTextMode_disableBlink(VgaText*, bool)
                0x00000000c000fb1f                hwTextMode_scrollScreen(VgaText*)
                0x00000000c000fbc0                hwTextMode_writeCharacter(VgaText*, char, VgaColour, VgaColour, int, int)
                0x00000000c000fc3f                setupTextMode()
                0x00000000c000fcaf                kernel_main
 .text          0x00000000c000fdd3      0x56c core/physmgr.32
                0x00000000c000fdd3                Phys::allocateDMA(unsigned long)
                0x00000000c000fe76                Phys::freeDMA(unsigned long, unsigned long)
                0x00000000c000febe                Phys::setPageState(unsigned long, bool)
                0x00000000c000fef0                Phys::getPageState(unsigned long)
                0x00000000c000ff0c                Phys::freePage(unsigned long)
                0x00000000c000ff96                Phys::allocatePage()
                0x00000000c001007b                Phys::allocateContiguousPages(int)
                0x00000000c00100d7                Phys::allowSegmentToBeUsed(unsigned long, unsigned long)
                0x00000000c001010f                Phys::physicalMemorySetup(unsigned int)
 *fill*         0x00000000c001033f        0x1 
 .text          0x00000000c0010340      0x27f core/pipe.32
                0x00000000c0010340                Pipe::isAtty()
                0x00000000c0010344                Pipe::~Pipe()
                0x00000000c0010344                Pipe::~Pipe()
                0x00000000c0010368                Pipe::~Pipe()
                0x00000000c0010390                Pipe::read(unsigned long long, void*, int*)
                0x00000000c0010490                Pipe::write(unsigned long long, void*, int*)
                0x00000000c0010558                Pipe::Pipe(int)
                0x00000000c0010558                Pipe::Pipe(int)
 *fill*         0x00000000c00105bf        0x1 
 .text          0x00000000c00105c0      0xe4b core/terminal.32
                0x00000000c00105c0                VgaText::isAtty()
                0x00000000c00105c4                VgaText::~VgaText()
                0x00000000c00105c4                VgaText::~VgaText()
                0x00000000c00105e8                VgaText::~VgaText()
                0x00000000c0010612                VgaText::read(unsigned long long, void*, int*)
                0x00000000c0010632                setTerminalScrollLock(bool)
                0x00000000c0010633                addToTerminalCycle(VgaText*)
                0x00000000c0010654                installVgaTextImplementation()
                0x00000000c0010669                scrollTerminalScrollLock(int)
                0x00000000c001066a                VgaText::load()
                0x00000000c00106b8                VgaText::updateCursor()
                0x00000000c00106ce                VgaText::showCursor(bool)
                0x00000000c00106da                VgaText::disableBlink(bool)
                0x00000000c001070e                VgaText::doANSI_SGR(int)
                0x00000000c0010782                VgaText::setDefaultBgColour(VgaColour)
                0x00000000c0010792                VgaText::setDefaultFgColour(VgaColour)
                0x00000000c00107a2                VgaText::setDefaultColours(VgaColour, VgaColour)
                0x00000000c00107c2                VgaText::combineColours(unsigned char, unsigned char)
                0x00000000c00107d4                VgaText::scrollScreen()
                0x00000000c0010868                VgaText::combineCharAndColour(char, unsigned char)
                0x00000000c001087a                VgaText::writeCharacter(char, VgaColour, VgaColour, int, int)
                0x00000000c00108d6                VgaText::getCursorX()
                0x00000000c00108de                VgaText::getCursorY()
                0x00000000c00108e6                VgaText::setCursor(int, int)
                0x00000000c00108fe                VgaText::setCursorX(int)
                0x00000000c0010916                VgaText::setCursorY(int)
                0x00000000c001092e                VgaText::incrementCursor(bool)
                0x00000000c0010982                VgaText::updateRAMUsageDisplay(int)
                0x00000000c00109e6                VgaText::updateDiskUsage()
                0x00000000c0010b50                VgaText::updateTitle()
                0x00000000c0010b94                VgaText::setTitleTextColour(VgaColour)
                0x00000000c0010ba2                VgaText::setTitleColour(VgaColour)
                0x00000000c0010bb0                VgaText::setTitle(char*)
                0x00000000c0010bd6                VgaText::decrementCursor(bool)
                0x00000000c0010bf8                VgaText::putchar(char, VgaColour, VgaColour)
                0x00000000c0010cd0                VgaText::isShowingCursor()
                0x00000000c0010cd8                VgaText::isBlinkDisabled()
                0x00000000c0010ce4                VgaText::setCursorHeight(int)
                0x00000000c0010cfc                VgaText::getCursorHeight()
                0x00000000c0010d04                setActiveTerminal(VgaText*)
                0x00000000c0010daa                doTerminalCycle()
                0x00000000c0010dc4                VgaText::doUpdate()
                0x00000000c0010dd2                VgaText::puts(char const*, VgaColour, VgaColour)
                0x00000000c0010f4a                VgaText::clearScreen()
                0x00000000c0010fa4                VgaText::putchar(char)
                0x00000000c0011090                VgaText::puts(char const*)
                0x00000000c00110b6                VgaText::putx(unsigned int)
                0x00000000c00110fc                VgaText::VgaText(char const*)
                0x00000000c00110fc                VgaText::VgaText(char const*)
                0x00000000c00112aa                VgaText::receiveKey(unsigned char)
                0x00000000c0011392                VgaText::write(unsigned long long, void*, int*)
                0x00000000c00113e6                newTerminal(char*)
 *fill*         0x00000000c001140b        0x1 
 .text          0x00000000c001140c      0x1b3 core/tss.32
                0x00000000c001140c                TSS::TSS()
                0x00000000c001140c                TSS::TSS()
                0x00000000c001141a                TSS::setESP(unsigned long)
                0x00000000c001142c                TSS::flush()
                0x00000000c001144c                TSS::setup(unsigned long, unsigned long)
 *fill*         0x00000000c00115bf        0x1 
 .text          0x00000000c00115c0      0x4c2 core/unixfile.32
                0x00000000c00115c0                ReservedFilename::read(unsigned long long, void*, int*)
                0x00000000c0011616                ReservedFilename::isAtty()
                0x00000000c0011632                ReservedFilename::write(unsigned long long, void*, int*)
                0x00000000c0011690                UnixFile::getFileDescriptor()
                0x00000000c0011698                UnixFile::UnixFile(int)
                0x00000000c0011698                UnixFile::UnixFile(int)
                0x00000000c0011848                ReservedFilename::ReservedFilename(int)
                0x00000000c0011848                ReservedFilename::ReservedFilename(int)
                0x00000000c001187a                UnixFile::~UnixFile()
                0x00000000c001187a                UnixFile::~UnixFile()
                0x00000000c0011912                UnixFile::~UnixFile()
                0x00000000c001193a                ReservedFilename::~ReservedFilename()
                0x00000000c001193a                ReservedFilename::~ReservedFilename()
                0x00000000c001195e                ReservedFilename::~ReservedFilename()
                0x00000000c0011985                getFromFileDescriptor(int)
 .text          0x00000000c0011a82     0x12f9 core/virtmgr.32
                0x00000000c0011a82                Virt::setPageState(unsigned long, Virt::VirtPageState)
                0x00000000c0011ab7                Virt::getPageState(unsigned long)
                0x00000000c0011adb                Virt::allocateKernelVirtualPages(int)
                0x00000000c0011bec                Virt::freeSwapfilePage(unsigned long)
                0x00000000c0011c0a                Virt::swapIDToSector(unsigned long)
                0x00000000c0011c1c                Virt::allocateSwapfilePage()
                0x00000000c0011c9a                Virt::virtualMemorySetup()
                0x00000000c0011d19                Virt::swappingSetup()
                0x00000000c0011d1a                Virt::setupPageSwapping(int)
                0x00000000c0011ee6                VAS::VAS()
                0x00000000c0011ee6                VAS::VAS()
                0x00000000c0011f22                VAS::VAS(VAS*)
                0x00000000c0011f22                VAS::VAS(VAS*)
                0x00000000c0011f50                VAS::getForeignPageTableEntry(bool, unsigned long)
                0x00000000c0011f7c                VAS::getPageTableEntry(unsigned long)
                0x00000000c0011f9b                Virt::freeKernelVirtualPages(unsigned long)
                0x00000000c00120be                VAS::freeAllocatedPages(unsigned long)
                0x00000000c00120e2                VAS::virtualToPhysical(unsigned long)
                0x00000000c00120fa                VAS::reflagRange(unsigned long, int, int, int)
                0x00000000c001213a                VAS::setToWriteCombining(unsigned long, int)
                0x00000000c001216c                VAS::mapOtherVASIn(bool, VAS*)
                0x00000000c0012196                VAS::~VAS()
                0x00000000c0012196                VAS::~VAS()
                0x00000000c0012312                VAS::mapPage(unsigned long, unsigned long, int)
                0x00000000c0012414                VAS::allocatePages(int, int)
                0x00000000c00125ec                VAS::setCPUSpecific(unsigned long)
                0x00000000c0012608                VAS::mapRange(unsigned long, unsigned long, int, int)
                0x00000000c00126ce                VAS::mapForeignPage(bool, VAS*, unsigned long, unsigned long, int)
                0x00000000c00127bc                VAS::VAS(bool)
                0x00000000c00127bc                VAS::VAS(bool)
                0x00000000c0012a3c                VAS::evict(unsigned long)
                0x00000000c0012afe                VAS::tryLoadBackOffDisk(unsigned long)
                0x00000000c0012c0e                VAS::scanForEviction()
                0x00000000c0012cbf                mapVASFirstTime
 .text          0x00000000c0012d7b       0x95 coreobjs/c++.32
                0x00000000c0012d7b                __cxa_atexit
                0x00000000c0012d7e                __cxa_finalize
                0x00000000c0012d7f                __stack_chk_fail
                0x00000000c0012deb                __cxa_pure_virtual
                0x00000000c0012dfc                operator new[](unsigned long)
                0x00000000c0012e01                operator delete(void*, unsigned long)
                0x00000000c0012e06                operator delete[](void*)
                0x00000000c0012e0b                operator delete[](void*, unsigned long)
 .text          0x00000000c0012e10      0x1ef dbg/kconsole.32
                0x00000000c0012e10                Dbg::stringifyxWithBase(unsigned int, char*, int)
                0x00000000c0012e71                Dbg::logc(char)
                0x00000000c0012e88                Dbg::logs(char*)
                0x00000000c0012ea5                Dbg::logWriteInt(unsigned int)
                0x00000000c0012ec2                Dbg::logWriteIntBase(unsigned int, int)
                0x00000000c0012ee1                Dbg::kprintf(char const*, ...)
 *fill*         0x00000000c0012fff        0x1 
 .text          0x00000000c0013000      0xb82 fs/vfs.32
                0x00000000c0013000                File::read(unsigned long long, void*, int*)
                0x00000000c0013058                File::write(unsigned long long, void*, int*)
                0x00000000c00130b0                Directory::read(unsigned long long, void*, int*)
                0x00000000c0013108                Directory::write(unsigned long long, void*, int*)
                0x00000000c0013136                File::isAtty()
                0x00000000c001313a                Directory::isAtty()
                0x00000000c001313e                Filesystem::getlabel(LogicalDisk*, int, char*, unsigned int*)
                0x00000000c0013144                Filesystem::setlabel(LogicalDisk*, int, char*)
                0x00000000c001314a                Filesystem::getFileFirstSector(char const*)
                0x00000000c0013150                File::~File()
                0x00000000c0013150                File::~File()
                0x00000000c0013174                File::~File()
                0x00000000c001319e                Directory::~Directory()
                0x00000000c001319e                Directory::~Directory()
                0x00000000c00131c2                Directory::~Directory()
                0x00000000c00131ec                Filesystem::Filesystem()
                0x00000000c00131ec                Filesystem::Filesystem()
                0x00000000c0013210                Filesystem::~Filesystem()
                0x00000000c0013210                Filesystem::~Filesystem()
                0x00000000c001321e                Filesystem::~Filesystem()
                0x00000000c0013242                Fs::getcwd(Process*, char*, int)
                0x00000000c001326c                Fs::initVFS()
                0x00000000c0013296                Fs::standardiseFiles(char*, char const*, char const*)
                0x00000000c0013440                File::File(char const*, Process*)
                0x00000000c0013440                File::File(char const*, Process*)
                0x00000000c00134a4                File::open(FileOpenMode)
                0x00000000c0013502                File::close()
                0x00000000c0013562                File::seek(unsigned long long)
                0x00000000c00135b8                File::tell(unsigned long long*)
                0x00000000c0013608                File::rewind()
                0x00000000c001361c                File::unlink()
                0x00000000c0013668                File::rename(char const*)
                0x00000000c00136b6                File::chfatattr(unsigned char, unsigned char)
                0x00000000c0013712                File::exists()
                0x00000000c0013750                File::stat(unsigned long long*, bool*)
                0x00000000c00137b1                Fs::setcwd(Process*, char*)
                0x00000000c00138ec                Directory::Directory(char const*, Process*)
                0x00000000c00138ec                Directory::Directory(char const*, Process*)
                0x00000000c0013950                Directory::open()
                0x00000000c00139ac                Directory::close()
                0x00000000c0013a0c                Directory::unlink()
                0x00000000c0013a58                Directory::rename(char const*)
                0x00000000c0013aa6                Directory::exists()
                0x00000000c0013ae4                Directory::read(dirent*)
                0x00000000c0013b30                Directory::create()
                0x00000000c0013b7c                Filesystem::chfatattr(char const*, unsigned char, unsigned char)
 .text          0x00000000c0013b82       0x84 hal/bus.32
                0x00000000c0013b82                Bus::Bus(char const*)
                0x00000000c0013b82                Bus::Bus(char const*)
                0x00000000c0013bb8                Bus::~Bus()
                0x00000000c0013bb8                Bus::~Bus()
                0x00000000c0013bdc                Bus::~Bus()
 .text          0x00000000c0013c06      0x156 hal/buzzer.32
                0x00000000c0013c06                Buzzer::Buzzer(char const*)
                0x00000000c0013c06                Buzzer::Buzzer(char const*)
                0x00000000c0013c4a                Buzzer::~Buzzer()
                0x00000000c0013c4a                Buzzer::~Buzzer()
                0x00000000c0013c6e                Buzzer::~Buzzer()
                0x00000000c0013c98                Buzzer::stop()
                0x00000000c0013cab                beepThread(void*)
                0x00000000c0013cee                Buzzer::beep(int, int, bool)
 .text          0x00000000c0013d5c      0x467 hal/clock.32
                0x00000000c0013d5c                User::loadClockSettings(int)
                0x00000000c0013dae                Clock::Clock(char const*)
                0x00000000c0013dae                Clock::Clock(char const*)
                0x00000000c0013de4                Clock::~Clock()
                0x00000000c0013de4                Clock::~Clock()
                0x00000000c0013e08                Clock::~Clock()
                0x00000000c0013e32                Clock::timeInSecondsLocal()
                0x00000000c0013e7a                Clock::setTimeInSecondsLocal(unsigned long long)
                0x00000000c0013ed3                datetimeToSeconds(datetime_t)
                0x00000000c0013ffa                Clock::setTimeInDatetimeLocal(datetime_t)
                0x00000000c001405a                secondsToDatetime(unsigned long long)
                0x00000000c001419e                Clock::timeInDatetimeLocal()
 *fill*         0x00000000c00141c3        0x1 
 .text          0x00000000c00141c4      0x4ec hal/device.32
                0x00000000c00141c4                Device::hibernate()
                0x00000000c00141c6                Device::wake()
                0x00000000c00141c8                Device::detect()
                0x00000000c00141ca                Device::disableLegacy()
                0x00000000c00141cc                Device::powerSaving(PowerSavingLevel)
                0x00000000c00141ce                DriverlessDevice::close(int, int, void*)
                0x00000000c00141d2                DriverlessDevice::detect()
                0x00000000c00141d4                DriverlessDevice::open(int, int, void*)
                0x00000000c00141e8                Device::~Device()
                0x00000000c00141e8                Device::~Device()
                0x00000000c00141f6                Device::~Device()
                0x00000000c001421e                Device::findAndLoadDriver()
                0x00000000c0014220                Device::preOpenPCI(PCIDeviceInfo)
                0x00000000c0014246                Device::preOpenACPI(void*, char*, char*)
                0x00000000c001429a                Device::addIRQHandler(int, void (*)(regs*, void*), bool, void*)
                0x00000000c00142d8                Device::removeIRQHandler(int, void (*)(regs*, void*), bool)
                0x00000000c0014316                Device::addChild(Device*)
                0x00000000c001435a                Device::removeAllChildren()
                0x00000000c00143a0                Device::hibernateAll()
                0x00000000c00143d0                Device::wakeAll()
                0x00000000c0014400                Device::detectAll()
                0x00000000c0014430                Device::disableLegacyAll()
                0x00000000c0014460                Device::loadDriversForAll()
                0x00000000c001448c                Device::closeAll()
                0x00000000c00144c2                Device::powerSavingAll(PowerSavingLevel)
                0x00000000c00144f8                Device::setName(char const*)
                0x00000000c0014506                Device::Device(char const*)
                0x00000000c0014506                Device::Device(char const*)
                0x00000000c0014602                Device::getName()
                0x00000000c001460c                DriverlessDevice::DriverlessDevice(char const*)
                0x00000000c001460c                DriverlessDevice::DriverlessDevice(char const*)
                0x00000000c0014642                Device::addToLinkedList(LinkedList<Device>&, DeviceType)
                0x00000000c0014686                getDevicesOfType(DeviceType)
 .text          0x00000000c00146b0       0x84 hal/diskctrl.32
                0x00000000c00146b0                HardDiskController::HardDiskController(char const*)
                0x00000000c00146b0                HardDiskController::HardDiskController(char const*)
                0x00000000c00146e6                HardDiskController::~HardDiskController()
                0x00000000c00146e6                HardDiskController::~HardDiskController()
                0x00000000c001470a                HardDiskController::~HardDiskController()
 .text          0x00000000c0014734       0xf2 hal/diskphys.32
                0x00000000c0014734                PhysicalDisk::eject()
                0x00000000c0014748                PhysicalDisk::PhysicalDisk(char const*, int)
                0x00000000c0014748                PhysicalDisk::PhysicalDisk(char const*, int)
                0x00000000c00147b0                PhysicalDisk::startCache()
                0x00000000c00147d8                PhysicalDisk::~PhysicalDisk()
                0x00000000c00147d8                PhysicalDisk::~PhysicalDisk()
                0x00000000c00147fc                PhysicalDisk::~PhysicalDisk()
 .text          0x00000000c0014826      0x13b hal/fpu.32
                0x00000000c0014826                FPU::FPU(char const*)
                0x00000000c0014826                FPU::FPU(char const*)
                0x00000000c001485c                FPU::~FPU()
                0x00000000c001485c                FPU::~FPU()
                0x00000000c0014880                FPU::~FPU()
                0x00000000c00148aa                setupFPU()
 *fill*         0x00000000c0014961        0x1 
 .text          0x00000000c0014962     0x1439 hal/intctrl.32
                0x00000000c0014962                InterruptController::uninstallISRHandler(int, void (*)(regs*, void*))
                0x00000000c001499a                InterruptController::installISRHandler(int, void (*)(regs*, void*), void*)
                0x00000000c00149ec                doubleFault(regs*, void*)
                0x00000000c0014a06                InterruptController::installIRQHandler(int, void (*)(regs*, void*), bool, void*)
                0x00000000c0014aa2                InterruptController::clearAllHandlers(int, bool)
                0x00000000c0014b4a                InterruptController::uninstallIRQHandler(int, void (*)(regs*, void*), bool)
                0x00000000c0014bd1                nmiHandler(regs*, void*)
                0x00000000c0014bdf                int_handler
                0x00000000c0014c80                InterruptController::InterruptController(char const*)
                0x00000000c0014c80                InterruptController::InterruptController(char const*)
                0x00000000c0014d26                InterruptController::~InterruptController()
                0x00000000c0014d26                InterruptController::~InterruptController()
                0x00000000c0014d4a                InterruptController::~InterruptController()
                0x00000000c0014d74                displayDebugInfo(regs*)
                0x00000000c0015203                x87EmulHandler(regs*, void*)
                0x00000000c0015276                gpFault(regs*, void*)
                0x00000000c00152af                pgFault(regs*, void*)
                0x00000000c00152eb                otherISRHandler(regs*, void*)
                0x00000000c001530a                opcodeFault(regs*, void*)
                0x00000000c0015927                displayProgramFault(char const*)
                0x00000000c001594f                setupInterruptController()
                0x00000000c0015d4e                InterruptController::convertLegacyIRQNumber(int)
 *fill*         0x00000000c0015d9b        0x1 
 .text          0x00000000c0015d9c      0x794 hal/keybrd.32
                0x00000000c0015d9c                startGUI(void*)
                0x00000000c0015e08                startGUIVESA(void*)
                0x00000000c0015e74                sendKeyToTerminal(unsigned char)
                0x00000000c0015f32                sendKeyboardToken(KeyboardToken)
                0x00000000c001636f                clearInternalKeybuffer(VgaText*)
                0x00000000c00163a4                readKeyboard(VgaText*, char*, unsigned long)
                0x00000000c00164a6                Keyboard::Keyboard(char const*)
                0x00000000c00164a6                Keyboard::Keyboard(char const*)
                0x00000000c00164e2                Keyboard::~Keyboard()
                0x00000000c00164e2                Keyboard::~Keyboard()
                0x00000000c0016506                Keyboard::~Keyboard()
 .text          0x00000000c0016530      0x414 hal/logidisk.32
                0x00000000c0016530                LogicalDisk::close(int, int, void*)
                0x00000000c0016534                LogicalDisk::~LogicalDisk()
                0x00000000c0016534                LogicalDisk::~LogicalDisk()
                0x00000000c0016558                LogicalDisk::~LogicalDisk()
                0x00000000c0016582                LogicalDisk::open(int, int, void*)
                0x00000000c0016596                LogicalDisk::absoluteToRelative(unsigned long long)
                0x00000000c00165ce                LogicalDisk::relativeToAbsolute(unsigned long long)
                0x00000000c0016614                LogicalDisk::LogicalDisk(char const*, PhysicalDisk*, unsigned long long, unsigned long long)
                0x00000000c0016614                LogicalDisk::LogicalDisk(char const*, PhysicalDisk*, unsigned long long, unsigned long long)
                0x00000000c00166ca                LogicalDisk::assignDriveLetter()
                0x00000000c0016780                LogicalDisk::mount()
                0x00000000c00167f2                LogicalDisk::unmount()
                0x00000000c0016802                LogicalDisk::eject()
                0x00000000c0016816                LogicalDisk::unassignDriveLetter()
                0x00000000c001686c                LogicalDisk::read(unsigned long long, int, void*)
                0x00000000c00168d8                LogicalDisk::write(unsigned long long, int, void*)
 .text          0x00000000c0016944       0x84 hal/mouse.32
                0x00000000c0016944                Mouse::Mouse(char const*)
                0x00000000c0016944                Mouse::Mouse(char const*)
                0x00000000c001697a                Mouse::~Mouse()
                0x00000000c001697a                Mouse::~Mouse()
                0x00000000c001699e                Mouse::~Mouse()
 .text          0x00000000c00169c8      0x359 hal/partition.32
                0x00000000c00169c8                makePartition(PhysicalDisk*, unsigned long long, unsigned long long)
                0x00000000c0016a90                createPartitionsForDisk(PhysicalDisk*)
 *fill*         0x00000000c0016d21        0x1 
 .text          0x00000000c0016d22       0x84 hal/serial.32
                0x00000000c0016d22                Serial::Serial(char const*)
                0x00000000c0016d22                Serial::Serial(char const*)
                0x00000000c0016d58                Serial::~Serial()
                0x00000000c0016d58                Serial::~Serial()
                0x00000000c0016d7c                Serial::~Serial()
 .text          0x00000000c0016da6      0x2f3 hal/timer.32
                0x00000000c0016da6                Timer::Timer(char const*)
                0x00000000c0016da6                Timer::Timer(char const*)
                0x00000000c0016ddc                Timer::~Timer()
                0x00000000c0016ddc                Timer::~Timer()
                0x00000000c0016e00                Timer::~Timer()
                0x00000000c0016e2a                Timer::read()
                0x00000000c0016e35                timerHandler(unsigned long long)
                0x00000000c0016fa7                setupTimer(int)
 *fill*         0x00000000c0017099        0x1 
 .text          0x00000000c001709a      0x425 hal/vcache.32
                0x00000000c001709a                VCache::VCache(PhysicalDisk*)
                0x00000000c001709a                VCache::VCache(PhysicalDisk*)
                0x00000000c0017202                VCache::invalidateReadBuffer()
                0x00000000c0017212                VCache::writeWriteBuffer()
                0x00000000c001724e                VCache::~VCache()
                0x00000000c001724e                VCache::~VCache()
                0x00000000c00172a2                VCache::~VCache()
                0x00000000c00172ca                VCache::write(unsigned long long, int, void*)
                0x00000000c00173c0                VCache::read(unsigned long long, int, void*)
 *fill*         0x00000000c00174bf        0x1 
 .text          0x00000000c00174c0      0x4cd hal/video.32
                0x00000000c00174c0                Video::putrect(int, int, int, int, unsigned int)
                0x00000000c001750c                Video::bitblit(int, int, int, int, int, int, int, unsigned int*)
                0x00000000c001757c                Video::blit(unsigned int*, int, int, int, int)
                0x00000000c00175fa                Video::clearScreen(unsigned int)
                0x00000000c001762e                Video::putpixel(int, int, unsigned int)
                0x00000000c001763c                Video::Video(char const*)
                0x00000000c001763c                Video::Video(char const*)
                0x00000000c0017672                Video::~Video()
                0x00000000c0017672                Video::~Video()
                0x00000000c0017696                Video::~Video()
                0x00000000c00176c0                Video::isMonochrome()
                0x00000000c00176cc                Video::getWidth()
                0x00000000c00176d8                Video::getHeight()
                0x00000000c00176e4                Video::drawCursor(int, int, unsigned char*, int)
                0x00000000c00177a0                Video::tgaParse(unsigned char*, int, int*, int*)
                0x00000000c0017922                Video::putTGA(int, int, unsigned char*, int)
 *fill*         0x00000000c001798d        0x1 
 .text          0x00000000c001798e     0x10bb hw/acpi.32
                0x00000000c001798e                ACPI::close(int, int, void*)
                0x00000000c0017a43                findRSDP()
                0x00000000c0017add                loadACPITables(unsigned char*)
                0x00000000c0017d02                findRSDT(unsigned char*)
                0x00000000c0017e1e                findDataTable(unsigned char*, char*)
                0x00000000c0017eba                scanMADT()
                0x00000000c0018340                ACPI::ACPI()
                0x00000000c0018340                ACPI::ACPI()
                0x00000000c00183aa                ACPI::getPCIIRQAssignment(unsigned char, unsigned short, unsigned char)
                0x00000000c001848c                ACPI::registerPCIIRQAssignment(void*, unsigned short, unsigned char, unsigned char)
                0x00000000c0018552                ACPI::setScreenBrightnessLevel(void*, int)
                0x00000000c0018558                ACPI::writeSimpleBootFlag(SimpleBootFlagTable*)
                0x00000000c00185a0                ACPI::sleep()
                0x00000000c00185b8                ACPI::open(int, int, void*)
 *fill*         0x00000000c0018a49        0x1 
 .text          0x00000000c0018a4a     0x1715 hw/cpu.32
                0x00000000c0018a4a                CPU::close(int, int, void*)
                0x00000000c0018a4e                CPU::lookupAMDName(unsigned char, unsigned char)
                0x00000000c0018be2                CPU::lookupIntelName(unsigned char, unsigned char)
                0x00000000c0018e90                CPU::AMD_K6_write_msr(unsigned int, unsigned int, unsigned int, CPU::REGS*)
                0x00000000c0018eac                CPU::AMD_K6_read_msr(unsigned int, CPU::REGS*)
                0x00000000c0018ec4                CPU::AMD_K6_writeback(int, int, int)
                0x00000000c0018f38                CPU::cpuid(int, unsigned long*, unsigned long*, unsigned long*, unsigned long*)
                0x00000000c0018fbc                CPU::cpuidCheckEDX(unsigned int)
                0x00000000c0018fea                CPU::cpuidCheckECX(unsigned int)
                0x00000000c0019018                CPU::cpuidCheckExtendedEBX(unsigned int)
                0x00000000c0019046                CPU::cpuidCheckExtendedECX(unsigned int)
                0x00000000c0019074                CPU::CPU()
                0x00000000c0019074                CPU::CPU()
                0x00000000c0019102                CPU::displayFeatures()
                0x00000000c001937e                CPU::detectFeatures()
                0x00000000c0019d6e                CPU::setupSMEP()
                0x00000000c0019d7a                CPU::setupUMIP()
                0x00000000c0019d84                CPU::setupTSC()
                0x00000000c0019d8e                CPU::setupLargePages()
                0x00000000c0019d98                CPU::setupPAT()
                0x00000000c0019dd4                CPU::setupMTRR()
                0x00000000c0019dd6                CPU::setupGlobalPages()
                0x00000000c0019de0                CPU::allowUsermodeDataAccess()
                0x00000000c0019df2                CPU::prohibitUsermodeDataAccess()
                0x00000000c0019e04                CPU::setupSMAP()
                0x00000000c0019e12                CPU::setupFeatures()
                0x00000000c0019e92                CPU::open(int, int, void*)
                0x00000000c0019f64                CPU::decodeAddress(regs*, int*, bool*, unsigned char*)
 .text          0x00000000c001a15f        0x0 hw/ports.32
 .text          0x00000000c001a15f      0x16a hw/smp.32
                0x00000000c001a15f                Krnl::smpEntry()
                0x00000000c001a161                Krnl::startCPU(int)
                0x00000000c001a2aa                Krnl::startCPUs()
 *fill*         0x00000000c001a2c9        0x1 
 .text          0x00000000c001a2ca      0x5d3 krnl/env.32
                0x00000000c001a2ca                EnvVarContainer::getEnv(char const*)
                0x00000000c001a308                EnvVarContainer::setEnv(char const*, char const*)
                0x00000000c001a3d4                EnvVarContainer::deleteEnv(char const*)
                0x00000000c001a3d6                EnvVarContainer::loadFrom(char const*, char const*)
                0x00000000c001a5cc                EnvVarContainer::__loadSystem()
                0x00000000c001a5e6                EnvVarContainer::__loadUser()
                0x00000000c001a5e8                EnvVarContainer::EnvVarContainer(Process*)
                0x00000000c001a5e8                EnvVarContainer::EnvVarContainer(Process*)
                0x00000000c001a60a                EnvVarContainer::~EnvVarContainer()
                0x00000000c001a60a                EnvVarContainer::~EnvVarContainer()
                0x00000000c001a63a                Krnl::getEnv(Process*, char const*)
                0x00000000c001a69f                Krnl::setEnvSystem(char const*, char const*)
                0x00000000c001a6b9                Krnl::setEnvUser(char const*, char const*)
                0x00000000c001a6d8                Krnl::setEnvProcess(Process*, char const*, char const*)
                0x00000000c001a6eb                Krnl::deleteEnvSystem(char const*)
                0x00000000c001a6ec                Krnl::deleteEnvUser(char const*)
                0x00000000c001a6ed                Krnl::deleteEnvProcess(Process*, char const*)
                0x00000000c001a6ee                Krnl::newProcessEnv(Process*)
                0x00000000c001a710                Krnl::copyProcessEnv(Process*, Process*)
                0x00000000c001a764                Krnl::loadSystemEnv()
                0x00000000c001a792                Krnl::loadUserEnv()
                0x00000000c001a7b8                Krnl::flushEnv()
                0x00000000c001a7b9                Krnl::getProcessTotalEnvCount(Process*)
                0x00000000c001a7d9                Krnl::getProcessEnvPair(Process*, int)
 .text          0x00000000c001a89d      0x396 krnl/panic.32
                0x00000000c001a89d                Krnl::panic(char const*)
 .text          0x00000000c001ac33      0x3b6 net/ethernet.32
                0x00000000c001ac33                Net::switchEndian16(unsigned short)
                0x00000000c001ac54                Net::switchEndian32(unsigned int)
                0x00000000c001ac83                Net::crc32Calc(unsigned char*, int)
                0x00000000c001ad14                Net::wrapEthernetFrame(Net::UnwrappedEthernetFrame, unsigned char*)
                0x00000000c001ae50                Net::unwrapEthernetFrame(unsigned char*, int)
 .text          0x00000000c001afe9      0x513 reg/registry.32
                0x00000000c001afe9                Reg::findLineFromLoadedData(char*, char*, char*)
                0x00000000c001b141                Reg::getLineFromRegistry(char*, char*, char*, char*)
                0x00000000c001b296                Reg::getLine(char*, char*, char*)
                0x00000000c001b2cd                Reg::readInt(char*, char*, int*)
                0x00000000c001b3b8                Reg::readString(char*, char*, char*, int)
                0x00000000c001b439                Reg::readBool(char*, char*, bool*)
                0x00000000c001b45e                Reg::readBoolWithDefault(char*, char*, bool)
                0x00000000c001b48a                Reg::readIntWithDefault(char*, char*, int)
                0x00000000c001b4b6                Reg::readStringWithDefault(char*, char*, char*, int, char*)
 .text          0x00000000c001b4fc       0x36 sys/sc_eject.32
                0x00000000c001b4fc                Sys::eject(regs*)
 .text          0x00000000c001b532       0x18 sys/sc_exit.32
                0x00000000c001b532                Sys::exit(regs*)
 .text          0x00000000c001b54a       0x1f sys/sc_getcwd.32
                0x00000000c001b54a                Sys::getCwd(regs*)
 .text          0x00000000c001b569        0xc sys/sc_getpid.32
                0x00000000c001b569                Sys::getPID(regs*)
 .text          0x00000000c001b575       0x17 sys/sc_getramdata.32
                0x00000000c001b575                Sys::getRAMData(regs*)
 .text          0x00000000c001b58c       0x82 sys/sc_getvgaptr.32
                0x00000000c001b58c                Sys::getVGAPtr(regs*)
 .text          0x00000000c001b60e       0xa8 sys/sc_loaddll.32
                0x00000000c001b60e                Sys::loadDLL(regs*)
 .text          0x00000000c001b6b6       0x68 sys/sc_read.32
                0x00000000c001b6b6                Sys::read(regs*)
 .text          0x00000000c001b71e       0x55 sys/sc_sbrk.32
                0x00000000c001b71e                Sys::sbrk(regs*)
 .text          0x00000000c001b773       0x1c sys/sc_setcwd.32
                0x00000000c001b773                Sys::setCwd(regs*)
 .text          0x00000000c001b78f      0x128 sys/sc_settime.32
                0x00000000c001b78f                Sys::setTime(regs*)
 .text          0x00000000c001b8b7       0x4a sys/sc_timezone.32
                0x00000000c001b8b7                Sys::timezone(regs*)
 .text          0x00000000c001b901       0x68 sys/sc_write.32
                0x00000000c001b901                Sys::write(regs*)
 .text          0x00000000c001b969       0x62 sys/sc_wsbe.32
                0x00000000c001b969                Sys::wsbe(regs*)
 .text          0x00000000c001b9cb       0x46 sys/sc_yield.32
                0x00000000c001b9cb                Sys::yield(regs*)
 .text          0x00000000c001ba11     0x110c sys/syscalls.32
                0x00000000c001ba11                sysCallSeekDir(regs*)
                0x00000000c001ba16                sysCallTellDir(regs*)
                0x00000000c001ba1b                sysCallVerify(regs*)
                0x00000000c001ba25                sysFormatDisk(regs*)
                0x00000000c001ba8f                sysSetDiskVolumeLabel(regs*)
                0x00000000c001bad5                sysGetDiskVolumeLabel(regs*)
                0x00000000c001bb26                sysShutdown(regs*)
                0x00000000c001bb84                sysCallRealpath(regs*)
                0x00000000c001bbc7                sysCallGetArgc(regs*)
                0x00000000c001bbf5                sysCallReadDir(regs*)
                0x00000000c001bc83                sysCallIsATTY(regs*)
                0x00000000c001bcdd                sysCallSeek(regs*)
                0x00000000c001bd46                sysCallTell(regs*)
                0x00000000c001bdc3                sysCallSize(regs*)
                0x00000000c001be46                sysCallSizeFromFilename(regs*)
                0x00000000c001bf06                sysCallClose(regs*)
                0x00000000c001bf8e                sysCallOpenDir(regs*)
                0x00000000c001c003                sysCallCloseDir(regs*)
                0x00000000c001c069                sysCallMakeDir(regs*)
                0x00000000c001c0d9                sysCallWait(regs*)
                0x00000000c001c0f3                sysCallNotImpl(regs*)
                0x00000000c001c10e                sysPanic(regs*)
                0x00000000c001c134                sysCallRmdir(regs*)
                0x00000000c001c198                sysCallUnlink(regs*)
                0x00000000c001c1fc                sysCallGetArgv(regs*)
                0x00000000c001c248                sysCallTTYName(regs*)
                0x00000000c001c2cb                sysCallUSleep(regs*)
                0x00000000c001c2f2                sysCallSpawn(regs*)
                0x00000000c001c367                sysCallGetEnv(regs*)
                0x00000000c001c49f                sysAppSettings(regs*)
                0x00000000c001c5be                sysSetFatAttrib(regs*)
                0x00000000c001c630                sysPipe(regs*)
                0x00000000c001c675                sysGetUnixTime(regs*)
                0x00000000c001c689                string_ends_with(char const*, char const*)
                0x00000000c001c6d1                sysCallOpen(regs*)
                0x00000000c001c8e6                Sys::loadSyscalls()
                0x00000000c001cadb                Sys::systemCall(regs*, void*)
 .text          0x00000000c001cb1d     0x11fd thr/elf.32
                0x00000000c001cb1d                Thr::allocateMemoryForTask(Process*, File*, unsigned long, unsigned long, unsigned long)
                0x00000000c001cdc7                Thr::loadProgramIntoMemory(Process*, char const*)
                0x00000000c001cfdd                Thr::runtimeReferenceHelper()
                0x00000000c001cff0                Thr::getAddressOfKernelSymbol(char const*)
                0x00000000c001d03f                Thr::loadKernelSymbolTable(char const*)
                0x00000000c001d2fd                Thr::loadDriverIntoMemory(char const*, unsigned long, bool)
                0x00000000c001da33                Thr::getDriverBaseFromAddress(unsigned long)
                0x00000000c001da65                Thr::getDriverNameFromAddress(unsigned long)
                0x00000000c001da9c                Thr::getDriverOffsetFromAddress(unsigned long)
                0x00000000c001dab6                Thr::loadDLL(char const*, bool)
                0x00000000c001dce1                Thr::executeDLL(unsigned long, void*)
 .text          0x00000000c001dd1a     0x1315 thr/prcssthr.32
                0x00000000c001dd1a                userModeEntryPoint(void*)
                0x00000000c001dd40                changeTSS
                0x00000000c001dd70                switchToThread(ThreadControlBlock*)
                0x00000000c001de1a                Process::addArgs(char**)
                0x00000000c001de74                Process::Process(char const*, Process*, char**)
                0x00000000c001de74                Process::Process(char const*, Process*, char**)
                0x00000000c001e058                Process::Process(bool, char const*, Process*, char**)
                0x00000000c001e058                Process::Process(bool, char const*, Process*, char**)
                0x00000000c001e207                taskStartupFunction
                0x00000000c001e210                Semaphore::Semaphore(int)
                0x00000000c001e210                Semaphore::Semaphore(int)
                0x00000000c001e23e                Mutex::Mutex()
                0x00000000c001e23e                Mutex::Mutex()
                0x00000000c001e250                Process::createThread(void (*)(void*), void*, int)
                0x00000000c001e356                Process::createUserThread()
                0x00000000c001e372                setupMultitasking(void (*)())
                0x00000000c001e494                schedule()
                0x00000000c001e51a                Semaphore::tryAcquire()
                0x00000000c001e5d6                Semaphore::assertLocked(char const*)
                0x00000000c001e645                blockTaskWithSchedulerLockAlreadyHeld(TaskState)
                0x00000000c001e693                blockTask(TaskState)
                0x00000000c001e6c0                waitTask(int, int*, int)
                0x00000000c001e702                nanoSleepUntil(unsigned long long)
                0x00000000c001e797                nanoSleep(unsigned long long)
                0x00000000c001e7af                sleep(unsigned long long)
                0x00000000c001e7cc                Semaphore::acquire()
                0x00000000c001e86e                taskReturned
                0x00000000c001e8a9                Thr::processFromPID(int)
                0x00000000c001e958                unblockTask(ThreadControlBlock*)
                0x00000000c001ea05                cleanupTerminatedTask(ThreadControlBlock*)
                0x00000000c001ecce                cleanerTaskFunction(void*)
                0x00000000c001edc7                terminateTask(int)
                0x00000000c001eef9                Thr::terminateFromIRQ(int)
                0x00000000c001ef06                Semaphore::release()
 .text          0x00000000c001f02f      0xc58 vm86/vm8086.32
                0x00000000c001f02f                Vm::inbv(unsigned short)
                0x00000000c001f042                Vm::outbv(unsigned short, unsigned char)
                0x00000000c001f095                Vm::realToLinear(unsigned short, unsigned short)
                0x00000000c001f0a5                Vm::getSegment(unsigned int)
                0x00000000c001f0ad                Vm::getOffset(unsigned int)
                0x00000000c001f0b2                Vm::mainloop2()
                0x00000000c001f0ec                Vm::mainVm8086Loop(void*)
                0x00000000c001f0fc                Vm::mainloop3(unsigned long)
                0x00000000c001f122                Vm::initialise8086()
                0x00000000c001f165                Vm::finish8086()
                0x00000000c001f1c6                Vm::getOutput8086(unsigned char*)
                0x00000000c001f1f0                Vm::start8086(char const*, unsigned short, unsigned short, unsigned short, unsigned short)
                0x00000000c001f358                Vm::doISR(regs*, int, unsigned char*, unsigned short, unsigned short)
                0x00000000c001f3e2                Vm::readByteFromReal(unsigned short, unsigned short)
                0x00000000c001f3f3                Vm::readWordFromReal(unsigned short, unsigned short)
                0x00000000c001f405                Vm::readDwordFromReal(unsigned short, unsigned short)
                0x00000000c001f416                Vm::writeByteFromReal(unsigned short, unsigned short, unsigned char)
                0x00000000c001f42b                Vm::writeWordFromReal(unsigned short, unsigned short, unsigned short)
                0x00000000c001f441                Vm::writeDwordFromReal(unsigned short, unsigned short, unsigned int)
                0x00000000c001f456                Vm::faultHandler(regs*)
 .text          0x00000000c001fc87      0xefd vm86/x87em.32
                0x00000000c001fc87                Vm::fpuInternalTo32(unsigned long long)
                0x00000000c001fce2                Vm::fpuInternalTo64(unsigned long long)
                0x00000000c001fceb                Vm::fpu32ToInternal(unsigned int)
                0x00000000c001fd30                Vm::fpu64ToInternal(unsigned long long)
                0x00000000c001fd39                Vm::fpuFloatToLong(unsigned long long)
                0x00000000c001fd94                Vm::fpuULongToFloat(unsigned long long)
                0x00000000c001fdca                Vm::fpuLongToFloat(long long)
                0x00000000c001fe20                Vm::fpuGet0()
                0x00000000c001fe25                Vm::fpuGet1()
                0x00000000c001fe2d                Vm::fpuGetPi()
                0x00000000c001fe35                Vm::fpuGetLog2E()
                0x00000000c001fe4d                Vm::fpuGetLogE2()
                0x00000000c001fe65                Vm::fpuGetLog210()
                0x00000000c001fe7d                Vm::fpuGetLog102()
                0x00000000c001fe95                Vm::fpuIsSecondLarger(unsigned long long, unsigned long long)
                0x00000000c001fea9                Vm::fpuAreEqual(unsigned long long, unsigned long long)
                0x00000000c001febf                Vm::fpuUnorderedCompare(unsigned long long, unsigned long long)
                0x00000000c001ff12                Vm::fpuAdd(unsigned long long, unsigned long long)
                0x00000000c001ff23                Vm::fpuAbs(unsigned long long)
                0x00000000c001ff2c                Vm::fpuChs(unsigned long long)
                0x00000000c001ff3c                Vm::fpuSub(unsigned long long, unsigned long long)
                0x00000000c001ff4b                Vm::fpuMultiply(unsigned long long, unsigned long long)
                0x00000000c001ff6a                Vm::fpuDivide(unsigned long long, unsigned long long)
                0x00000000c001ff86                Vm::fpuSquare(unsigned long long)
                0x00000000c001ff9c                Vm::fpuGetReg(int)
                0x00000000c001ffdf                Vm::fpuSetReg(int, unsigned long long)
                0x00000000c002002a                Vm::fpuPush(unsigned long long)
                0x00000000c0020087                Vm::fpuPop()
                0x00000000c00200d9                Vm::x87Handler(regs*)
 .text          0x00000000c0020b84     0x11af fs/fat/vfslink.32
                0x00000000c0020b84                FAT::getName()
                0x00000000c0020b8a                FAT::tell(void*, unsigned long long*)
                0x00000000c0020bbe                FAT::stat(void*, unsigned long long*)
                0x00000000c0020bf2                FAT::~FAT()
                0x00000000c0020bf2                FAT::~FAT()
                0x00000000c0020c16                FAT::~FAT()
                0x00000000c0020c3e                FAT::getlabel(LogicalDisk*, int, char*, unsigned int*)
                0x00000000c0020cdc                FAT::setlabel(LogicalDisk*, int, char*)
                0x00000000c0020d96                FAT::format(LogicalDisk*, int, char const*, int)
                0x00000000c0020f7a                FAT::tryMount(LogicalDisk*, int)
                0x00000000c0021180                FAT::getFileFirstSector(char const*)
                0x00000000c0021242                FAT::readDir(void*, unsigned long, void*, int*)
                0x00000000c0021348                FAT::read(void*, unsigned long, void*, int*)
                0x00000000c00213a2                FAT::write(void*, unsigned long, void*, int*)
                0x00000000c00213fc                FAT::close(void*)
                0x00000000c0021448                FAT::closeDir(void*)
                0x00000000c0021494                FAT::seek(void*, unsigned long long)
                0x00000000c00214e8                fatWrapperReadDisk
                0x00000000c002152f                fatWrapperWriteDisk
                0x00000000c0021576                fatWrapperIoctl
                0x00000000c002167a                FAT::FAT()
                0x00000000c002167a                FAT::FAT()
                0x00000000c00216cc                FAT::fixFilepath(char*)
                0x00000000c0021704                FAT::open(char const*, void**, FileOpenMode)
                0x00000000c002182c                FAT::openDir(char const*, void**)
                0x00000000c00218d2                FAT::stat(char const*, unsigned long long*, bool*)
                0x00000000c00219bc                FAT::unlink(char const*)
                0x00000000c0021a36                FAT::chfatattr(char const*, unsigned char, unsigned char)
                0x00000000c0021b8a                FAT::rename(char const*, char const*)
                0x00000000c0021c4e                FAT::mkdir(char const*)
                0x00000000c0021cc8                FAT::exists(char const*)
 *fill*         0x00000000c0021d33        0x1 
 .text          0x00000000c0021d34      0xbc1 fs/iso9660/vfslink.32
                0x00000000c0021d34                ISO9660::format(LogicalDisk*, int, char const*, int)
                0x00000000c0021d3a                ISO9660::seek(void*, unsigned long long)
                0x00000000c0021d6a                ISO9660::tell(void*, unsigned long long*)
                0x00000000c0021d8e                ISO9660::getName()
                0x00000000c0021d94                ISO9660::stat(void*, unsigned long long*)
                0x00000000c0021db8                ISO9660::chfatattr(char const*, unsigned char, unsigned char)
                0x00000000c0021dbe                ISO9660::unlink(char const*)
                0x00000000c0021dc4                ISO9660::write(void*, unsigned long, void*, int*)
                0x00000000c0021dca                ISO9660::rename(char const*, char const*)
                0x00000000c0021dd0                ISO9660::mkdir(char const*)
                0x00000000c0021dd6                ISO9660::close(void*)
                0x00000000c0021df8                ISO9660::closeDir(void*)
                0x00000000c0021e1a                ISO9660::~ISO9660()
                0x00000000c0021e1a                ISO9660::~ISO9660()
                0x00000000c0021e3e                ISO9660::~ISO9660()
                0x00000000c0021e65                __memmem(unsigned char*, int, unsigned char*, int)
                0x00000000c0021ea7                readSectorFromCDROM(unsigned int, unsigned char*, char)
                0x00000000c0021f0e                ISO9660::tryMount(LogicalDisk*, int)
                0x00000000c0021f5e                ISO9660::read(void*, unsigned long, void*, int*)
                0x00000000c002215e                ISO9660::readDir(void*, unsigned long, void*, int*)
                0x00000000c00223eb                readRoot(unsigned int*, unsigned int*, char)
                0x00000000c0022440                readRecursively(char*, unsigned int, unsigned int, unsigned int*, unsigned int*, char, int*)
                0x00000000c0022613                getFileData(char*, unsigned int*, unsigned int*, char, int*)
                0x00000000c00226a2                ISO9660::open(char const*, void**, FileOpenMode)
                0x00000000c0022762                ISO9660::exists(char const*)
                0x00000000c0022786                ISO9660::stat(char const*, unsigned long long*, bool*)
                0x00000000c002281a                ISO9660::openDir(char const*, void**)
                0x00000000c00228d2                ISO9660::ISO9660()
                0x00000000c00228d2                ISO9660::ISO9660()
 *fill*         0x00000000c00228f5        0x1 
 .text          0x00000000c00228f6      0x326 hal/sound/sndchannel.32
                0x00000000c00228f6                SoundChannel::~SoundChannel()
                0x00000000c00228f6                SoundChannel::~SoundChannel()
                0x00000000c0022912                SoundChannel::setSpeed(float)
                0x00000000c002291e                SoundChannel::getSpeed()
                0x00000000c0022926                SoundChannel::setVolume(int)
                0x00000000c0022942                SoundChannel::getVolume()
                0x00000000c002294a                SoundChannel::pause()
                0x00000000c0022954                SoundChannel::SoundChannel(int, int, int, int)
                0x00000000c0022954                SoundChannel::SoundChannel(int, int, int, int)
                0x00000000c0022aaa                SoundChannel::play()
                0x00000000c0022ab4                SoundChannel::paused()
                0x00000000c0022abc                SoundChannel::getSampleRate()
                0x00000000c0022ac4                SoundChannel::getBits()
                0x00000000c0022acc                SoundChannel::getBufferUsed()
                0x00000000c0022ad4                SoundChannel::getBufferSize()
                0x00000000c0022adc                SoundChannel::unbuffer(float*, int, int)
                0x00000000c0022b7c                SoundChannel::buffer8(unsigned char*, int)
 .text          0x00000000c0022c1c      0x3d5 hal/sound/sndhw.32
                0x00000000c0022c1c                SoundDevice::SoundDevice(char const*)
                0x00000000c0022c1c                SoundDevice::SoundDevice(char const*)
                0x00000000c0022c88                SoundDevice::~SoundDevice()
                0x00000000c0022c88                SoundDevice::~SoundDevice()
                0x00000000c0022d02                SoundDevice::~SoundDevice()
                0x00000000c0022d2c                SoundDevice::getFreeChannelNum()
                0x00000000c0022d46                SoundDevice::addChannel(SoundChannel*)
                0x00000000c0022db6                SoundDevice::removeChannel(int)
                0x00000000c0022de8                SoundDevice::floatTo8(float*, unsigned char*, int)
                0x00000000c0022ed0                SoundDevice::getAudio(int, float*, float*)
 .text          0x00000000c0022ff1        0x0 hw/bus/isa.32
 *fill*         0x00000000c0022ff1        0x1 
 .text          0x00000000c0022ff2      0x795 hw/bus/pci.32
                0x00000000c0022ff2                PCI::open(int, int, void*)
                0x00000000c0023006                PCI::close(int, int, void*)
                0x00000000c002300a                PCI::PCI()
                0x00000000c002300a                PCI::PCI()
                0x00000000c002308a                PCI::readBAR8(unsigned int, int)
                0x00000000c00230a6                PCI::readBAR16(unsigned int, int)
                0x00000000c00230c4                PCI::readBAR32(unsigned int, int)
                0x00000000c00230e0                PCI::writeBAR8(unsigned int, unsigned char, int)
                0x00000000c0023100                PCI::writeBAR16(unsigned int, unsigned short, int)
                0x00000000c0023122                PCI::writeBAR32(unsigned int, unsigned int, int)
                0x00000000c0023142                PCI::pciReadWord(unsigned char, unsigned char, unsigned char, unsigned char)
                0x00000000c002318a                PCI::getVendorID(unsigned char, unsigned char, unsigned char)
                0x00000000c00231ac                PCI::getHeaderType(unsigned char, unsigned char, unsigned char)
                0x00000000c00231d0                PCI::getClassCode(unsigned char, unsigned char, unsigned char)
                0x00000000c0023214                PCI::getProgIF(unsigned char, unsigned char, unsigned char)
                0x00000000c0023238                PCI::getRevisionID(unsigned char, unsigned char, unsigned char)
                0x00000000c002325a                PCI::getInterruptNumber(unsigned char, unsigned char, unsigned char)
                0x00000000c002327c                PCI::getSecondaryBus(unsigned char, unsigned char, unsigned char)
                0x00000000c00232a0                PCI::getBARAddress(unsigned char, unsigned char, unsigned char, unsigned char)
                0x00000000c0023300                PCI::pciWriteWord(unsigned char, unsigned char, unsigned char, unsigned char, unsigned short)
                0x00000000c002336c                PCI::pciDetailsToFilepath(PCIDeviceInfo)
                0x00000000c0023370                PCI::checkBus(unsigned char)
                0x00000000c0023394                PCI::foundDevice(PCIDeviceInfo)
                0x00000000c002351c                PCI::getDeviceData(unsigned char, unsigned char, unsigned char)
                0x00000000c00236c8                PCI::checkDevice(unsigned char, unsigned char)
                0x00000000c0023734                PCI::detect()
 *fill*         0x00000000c0023787        0x1 
 .text          0x00000000c0023788      0xc70 hw/diskctrl/ide.32
                0x00000000c0023788                IDE::close(int, int, void*)
                0x00000000c002378c                IDE::IDE()
                0x00000000c002378c                IDE::IDE()
                0x00000000c00237c0                IDE::prepareInterrupt(unsigned char)
                0x00000000c00237d2                selectDrive(unsigned char, unsigned char)
                0x00000000c00237d4                IDE::getBase(unsigned char)
                0x00000000c00237e6                IDE::write(unsigned char, unsigned char, unsigned char)
                0x00000000c00238a6                IDE::read(unsigned char, unsigned char)
                0x00000000c0023954                IDE::waitInterrupt(unsigned char)
                0x00000000c00239ba                ideChannel0IRQHandler(regs*, void*)
                0x00000000c00239d6                ideChannel1IRQHandler(regs*, void*)
                0x00000000c00239f2                IDE::enableIRQs(unsigned char, bool)
                0x00000000c0023a38                IDE::open(int, int, void*)
                0x00000000c0023e48                IDE::readBuffer(unsigned char, unsigned char, unsigned int, unsigned int)
                0x00000000c0023f14                IDE::detect()
                0x00000000c00241fc                IDE::printError(unsigned char, unsigned char, unsigned char)
                0x00000000c0024392                IDE::polling(unsigned char, unsigned int)
 .text          0x00000000c00243f8      0x390 hw/diskctrl/satabus.32
                0x00000000c00243f8                SATABus::close(int, int, void*)
                0x00000000c00243fc                SATABus::detect()
                0x00000000c00243fe                SATABus::SATABus()
                0x00000000c00243fe                SATABus::SATABus()
                0x00000000c00244aa                SATABus::findCmdslot(SATABus::tagHBA_PORT volatile*)
                0x00000000c00244f2                SATABus::checkType(SATABus::tagHBA_PORT volatile*)
                0x00000000c002453a                SATABus::startCmd(SATABus::tagHBA_PORT volatile*)
                0x00000000c002455a                SATABus::stopCmd(SATABus::tagHBA_PORT volatile*)
                0x00000000c0024584                SATABus::portRebase(SATABus::tagHBA_PORT volatile*, int)
                0x00000000c002468a                SATABus::probePort(SATABus::tagHBA_MEM volatile*)
                0x00000000c0024768                SATABus::open(int, int, void*)
 .text          0x00000000c0024788      0x63c hw/diskphys/ata.32
                0x00000000c0024788                ATA::close(int, int, void*)
                0x00000000c00247ac                ATA::powerSaving(PowerSavingLevel)
                0x00000000c00247ae                ATA::ATA()
                0x00000000c00247ae                ATA::ATA()
                0x00000000c00247dc                ATA::flush(bool)
                0x00000000c0024826                ATA::readyForCommand()
                0x00000000c0024876                ATA::access(unsigned long long, int, void*, bool)
                0x00000000c0024bfe                ATA::read(unsigned long long, int, void*)
                0x00000000c0024c66                ATA::write(unsigned long long, int, void*)
                0x00000000c0024cce                ATA::detectCHS()
                0x00000000c0024cf8                ATA::open(int, int, void*)
 .text          0x00000000c0024dc4      0x5bd hw/diskphys/atapi.32
                0x00000000c0024dc4                ATAPI::write(unsigned long long, int, void*)
                0x00000000c0024dca                ATAPI::close(int, int, void*)
                0x00000000c0024dee                ATAPI::ATAPI()
                0x00000000c0024dee                ATAPI::ATAPI()
                0x00000000c0024e1c                ATAPI::readyForCommand()
                0x00000000c0024e6c                ATAPI::sendPacket(unsigned char*, int, bool, unsigned short*, int)
                0x00000000c002512c                ATAPI::diskRemoved()
                0x00000000c0025148                ATAPI::eject()
                0x00000000c0025190                ATAPI::diskInserted()
                0x00000000c00251be                ATAPI::detectMedia()
                0x00000000c002527a                ATAPI::open(int, int, void*)
                0x00000000c0025302                ATAPI::read(unsigned long long, int, void*)
 *fill*         0x00000000c0025381        0x1 
 .text          0x00000000c0025382      0x451 hw/diskphys/sata.32
                0x00000000c0025382                SATA::close(int, int, void*)
                0x00000000c00253a6                SATA::powerSaving(PowerSavingLevel)
                0x00000000c00253a8                SATA::open(int, int, void*)
                0x00000000c0025452                SATA::SATA()
                0x00000000c0025452                SATA::SATA()
                0x00000000c0025480                SATA::access(unsigned long long, int, void*, bool)
                0x00000000c00256e6                SATA::read(unsigned long long, int, void*)
                0x00000000c002574e                SATA::write(unsigned long long, int, void*)
 *fill*         0x00000000c00257d3        0x1 
 .text          0x00000000c00257d4      0x4fa hw/diskphys/satapi.32
                0x00000000c00257d4                SATAPI::write(unsigned long long, int, void*)
                0x00000000c00257da                SATAPI::close(int, int, void*)
                0x00000000c00257fe                SATAPI::SATAPI()
                0x00000000c00257fe                SATAPI::SATAPI()
                0x00000000c002582c                SATAPI::diskRemoved()
                0x00000000c0025848                SATAPI::diskInserted()
                0x00000000c0025876                SATAPI::sendPacket(unsigned char*, int, unsigned long long, unsigned short*, int)
                0x00000000c0025a7a                SATAPI::eject()
                0x00000000c0025ac2                SATAPI::detectMedia()
                0x00000000c0025b84                SATAPI::open(int, int, void*)
                0x00000000c0025c2c                SATAPI::read(unsigned long long, int, void*)
 .text          0x00000000c0025cce       0x8e hw/fpu/avx.32
                0x00000000c0025cce                AVX::open(int, int, void*)
                0x00000000c0025ce0                AVX::close(int, int, void*)
                0x00000000c0025cf2                AVX::available()
                0x00000000c0025d04                AVX::save(void*)
                0x00000000c0025d1c                AVX::load(void*)
                0x00000000c0025d34                AVX::AVX()
                0x00000000c0025d34                AVX::AVX()
 .text          0x00000000c0025d5c       0x90 hw/fpu/mmx.32
                0x00000000c0025d5c                MMX::available()
                0x00000000c0025d70                MMX::open(int, int, void*)
                0x00000000c0025d82                MMX::close(int, int, void*)
                0x00000000c0025d94                MMX::save(void*)
                0x00000000c0025dac                MMX::load(void*)
                0x00000000c0025dc4                MMX::MMX()
                0x00000000c0025dc4                MMX::MMX()
 .text          0x00000000c0025dec       0x96 hw/fpu/sse.32
                0x00000000c0025dec                SSE::open(int, int, void*)
                0x00000000c0025dfe                SSE::close(int, int, void*)
                0x00000000c0025e10                SSE::available()
                0x00000000c0025e2a                SSE::save(void*)
                0x00000000c0025e42                SSE::load(void*)
                0x00000000c0025e5a                SSE::SSE()
                0x00000000c0025e5a                SSE::SSE()
 .text          0x00000000c0025e82       0x8e hw/fpu/x87.32
                0x00000000c0025e82                x87::open(int, int, void*)
                0x00000000c0025e94                x87::close(int, int, void*)
                0x00000000c0025ea6                x87::available()
                0x00000000c0025eb8                x87::save(void*)
                0x00000000c0025ed0                x87::load(void*)
                0x00000000c0025ee8                x87::x87()
                0x00000000c0025ee8                x87::x87()
 .text          0x00000000c0025f10      0x71e hw/intctrl/apic.32
                0x00000000c0025f10                APIC::disable()
                0x00000000c0025f12                APIC::close(int, int, void*)
                0x00000000c0025f34                IOAPIC::close(int, int, void*)
                0x00000000c0025f3a                APIC::io_wait()
                0x00000000c0025f40                APIC::getBase()
                0x00000000c0025f82                APIC::eoi(unsigned char)
                0x00000000c0025fb0                APIC::open(int, int, void*)
                0x00000000c00260fe                IOAPIC::IOAPIC()
                0x00000000c00260fe                IOAPIC::IOAPIC()
                0x00000000c0026126                APIC::APIC()
                0x00000000c0026126                APIC::APIC()
                0x00000000c0026202                IOAPIC::handlesGSIWithNumber(unsigned int)
                0x00000000c0026234                IOAPIC::read(int)
                0x00000000c002625c                IOAPIC::open(int, int, void*)
                0x00000000c0026352                IOAPIC::write(int, int)
                0x00000000c002637e                IOAPIC::redirect(unsigned char, unsigned long long, unsigned char, bool, bool)
                0x00000000c0026478                APIC::installIRQHandler(int, void (*)(regs*, void*), bool, void*)
 .text          0x00000000c002662e      0x3d3 hw/intctrl/pic.32
                0x00000000c002662e                PIC::disable()
                0x00000000c002665c                PIC::close(int, int, void*)
                0x00000000c002667e                PIC::PIC()
                0x00000000c002667e                PIC::PIC()
                0x00000000c0026754                PIC::ioWait()
                0x00000000c002675a                PIC::getIRQReg(int)
                0x00000000c00267c4                PIC::eoi(unsigned char)
                0x00000000c0026856                PIC::remap()
                0x00000000c00269c2                PIC::open(int, int, void*)
 *fill*         0x00000000c0026a01        0x1 
 .text          0x00000000c0026a02      0x25e hw/timer/apictimer.32
                0x00000000c0026a02                APICTimer::close(int, int, void*)
                0x00000000c0026a08                apicTimerHandler(regs*, void*)
                0x00000000c0026a36                APICTimer::write(int)
                0x00000000c0026b3a                APICTimer::open(int, int, void*)
                0x00000000c0026c38                APICTimer::APICTimer()
                0x00000000c0026c38                APICTimer::APICTimer()
 .text          0x00000000c0026c60      0x1a7 hw/timer/pit.32
                0x00000000c0026c60                PIT::write(int)
                0x00000000c0026cde                pitHandler(regs*, void*)
                0x00000000c0026d0a                PIT::open(int, int, void*)
                0x00000000c0026d58                PIT::close(int, int, void*)
                0x00000000c0026d88                PIT::PIT()
                0x00000000c0026d88                PIT::PIT()
 *fill*         0x00000000c0026e07        0x9 
 .text          0x00000000c0026e10       0x1e hw/fpu/x86/avx.32
                0x00000000c0026e10                avxDetect
                0x00000000c0026e16                avxSave
                0x00000000c0026e17                avxLoad
                0x00000000c0026e18                avxInit
                0x00000000c0026e19                avxClose
                0x00000000c0026e1a                wouldSheSayYes
 *fill*         0x00000000c0026e2e        0x2 
 .text          0x00000000c0026e30       0x35 hw/fpu/x86/sse.32
                0x00000000c0026e30                absolutelyNoChanceInHell
                0x00000000c0026e30                sseDetect
                0x00000000c0026e48                sseSave
                0x00000000c0026e4e                sseLoad
                0x00000000c0026e54                sseInit
                0x00000000c0026e64                sseClose
 *fill*         0x00000000c0026e65        0xb 
 .text          0x00000000c0026e70       0x4d hw/fpu/x86/x87.32
                0x00000000c0026e76                x87Detect
                0x00000000c0026e91                x87Save
                0x00000000c0026e9a                x87Load
                0x00000000c0026ea2                x87Init
                0x00000000c0026ebc                x87Close
 *fill*         0x00000000c0026ebd        0x3 
 .text          0x00000000c0026ec0       0x25 /cygdrive/d/Users/Alex/Desktop/Toolchain/Output/bin/../lib/gcc/i386-banana/8.1.0/crtend.o
 .text          0x00000000c0026ee5        0x0 crtn.32
 *fill*         0x00000000c0026ee5        0x3 
 .text          0x00000000c0026ee8      0x14b /cygdrive/d/Users/Alex/Desktop/Toolchain/Output/bin/../lib/gcc/i386-banana/8.1.0/libkgcc.a(_divdi3.o)
                0x00000000c0026ee8                __divdi3
 *fill*         0x00000000c0027033        0x1 
 .text          0x00000000c0027034      0x17e /cygdrive/d/Users/Alex/Desktop/Toolchain/Output/bin/../lib/gcc/i386-banana/8.1.0/libkgcc.a(_moddi3.o)
                0x00000000c0027034                __moddi3
 *fill*         0x00000000c00271b2        0x2 
 .text          0x00000000c00271b4       0xff /cygdrive/d/Users/Alex/Desktop/Toolchain/Output/bin/../lib/gcc/i386-banana/8.1.0/libkgcc.a(_udivdi3.o)
                0x00000000c00271b4                __udivdi3