Archive member included to satisfy reference by file (symbol)

/cygdrive/d/Users/Alex/Desktop/Toolchain/Output/bin/../lib/gcc/i386-banana/8.1.0/libkgcc.a(_divdi3.o)
                              fs/fat/ff.32 (__divdi3)
/cygdrive/d/Users/Alex/Desktop/Toolchain/Output/bin/../lib/gcc/i386-banana/8.1.0/libkgcc.a(_moddi3.o)
                              compat/resolve.32 (__moddi3)
/cygdrive/d/Users/Alex/Desktop/Toolchain/Output/bin/../lib/gcc/i386-banana/8.1.0/libkgcc.a(_udivdi3.o)
                              fs/fat/ff.32 (__udivdi3)
/cygdrive/d/Users/Alex/Desktop/Toolchain/Output/bin/../lib/gcc/i386-banana/8.1.0/libkgcc.a(_umoddi3.o)
                              compat/resolve.32 (__umoddi3)
D:/Users/Alex/Desktop/Banana/kernel/libsoftfp.a(sfieeelib.o)
                              hal/libresample/src_linear.32 (__subsf3)
D:/Users/Alex/Desktop/Banana/kernel/libsoftfp.a(dfieeelib.o)
                              hal/libresample/src_linear.32 (__adddf3)
D:/Users/Alex/Desktop/Banana/kernel/libsoftfp.a(sfdfcvt.o)
                              hal/libresample/samplerate.32 (__truncdfsf2)
D:/Users/Alex/Desktop/Banana/kernel/libk/libm32.a(s_fabs.c.o)
                              hal/libresample/samplerate.32 (fabs)
D:/Users/Alex/Desktop/Banana/kernel/libk/libm32.a(s_lrint.S.o)
                              hal/libresample/samplerate.32 (lrint)
D:/Users/Alex/Desktop/Banana/kernel/libk/libm32.a(s_lrintf.S.o)
                              hal/sound/sndhw.32 (lrintf)

Discarded input sections

 .comment       0x0000000000000000       0x12 /cygdrive/d/Users/Alex/Desktop/Toolchain/Output/bin/../lib/gcc/i386-banana/8.1.0/crtbegin.o
 .comment       0x0000000000000000       0x12 acpica/utclib.32
 .comment       0x0000000000000000       0x12 core/malloc.32
 .comment       0x0000000000000000       0x12 libk/string.32
 .comment       0x0000000000000000       0x12 fs/fat/diskio.32
 .comment       0x0000000000000000       0x12 fs/fat/ff.32
 .comment       0x0000000000000000       0x12 fs/fat/ffsystem.32
 .comment       0x0000000000000000       0x12 fs/fat/ffunicode.32
 .comment       0x0000000000000000       0x12 hal/libresample/samplerate.32
 .comment       0x0000000000000000       0x12 hal/libresample/src_linear.32
 .comment       0x0000000000000000       0x12 hal/libresample/src_sinc.32
 .comment       0x0000000000000000       0x12 hal/libresample/src_zoh.32
 .comment       0x0000000000000000       0x12 compat/inlines.32
 .comment       0x0000000000000000       0x12 compat/resolve.32
 .group         0x0000000000000000       0x14 core/computer.32
 .group         0x0000000000000000        0xc core/computer.32
 .comment       0x0000000000000000       0x12 core/computer.32
 .comment       0x0000000000000000       0x12 core/gdt.32
 .group         0x0000000000000000        0xc core/idle.32
 .comment       0x0000000000000000       0x12 core/idle.32
 .comment       0x0000000000000000       0x12 core/idt.32
 .comment       0x0000000000000000       0x12 core/kheap.32
 .comment       0x0000000000000000       0x12 core/main.32
 .comment       0x0000000000000000       0x12 core/physmgr.32
 .group         0x0000000000000000        0xc core/pipe.32
 .comment       0x0000000000000000       0x12 core/pipe.32
 .group         0x0000000000000000        0xc core/terminal.32
 .comment       0x0000000000000000       0x12 core/terminal.32
 .comment       0x0000000000000000       0x12 core/tss.32
 .group         0x0000000000000000        0x8 core/unixfile.32
 .group         0x0000000000000000        0x8 core/unixfile.32
 .group         0x0000000000000000        0xc core/unixfile.32
 .group         0x0000000000000000        0x8 core/unixfile.32
 .group         0x0000000000000000        0xc core/unixfile.32
 .group         0x0000000000000000        0x8 core/unixfile.32
 .group         0x0000000000000000        0xc core/unixfile.32
 .group         0x0000000000000000        0xc core/unixfile.32
 .comment       0x0000000000000000       0x12 core/unixfile.32
 .comment       0x0000000000000000       0x12 core/virtmgr.32
 .comment       0x0000000000000000       0x12 coreobjs/c++.32
 .comment       0x0000000000000000       0x12 dbg/kconsole.32
 .group         0x0000000000000000        0xc fs/vfs.32
 .group         0x0000000000000000        0xc fs/vfs.32
 .group         0x0000000000000000        0xc fs/vfs.32
 .comment       0x0000000000000000       0x12 fs/vfs.32
 .group         0x0000000000000000        0xc hal/bus.32
 .comment       0x0000000000000000       0x12 hal/bus.32
 .group         0x0000000000000000        0xc hal/buzzer.32
 .comment       0x0000000000000000       0x12 hal/buzzer.32
 .group         0x0000000000000000        0xc hal/clock.32
 .comment       0x0000000000000000       0x12 hal/clock.32
 .group         0x0000000000000000       0x14 hal/device.32
 .group         0x0000000000000000        0xc hal/device.32
 .group         0x0000000000000000        0x8 hal/device.32
 .group         0x0000000000000000        0xc hal/device.32
[...]
Memory Configuration

Name             Origin             Length             Attributes
*default*        0x0000000000000000 0xffffffffffffffff

Linker script and memory map

LOAD D:/Users/Alex/Desktop/Banana/kernel/boot.32
LOAD crti.32
LOAD /cygdrive/d/Users/Alex/Desktop/Toolchain/Output/bin/../lib/gcc/i386-banana/8.1.0/crtbegin.o
LOAD D:/Users/Alex/Desktop/Banana/kernel/morenasm.32
LOAD acpica/utclib.32
LOAD core/malloc.32
LOAD libk/string.32
LOAD fs/fat/diskio.32
LOAD fs/fat/ff.32
LOAD fs/fat/ffsystem.32
LOAD fs/fat/ffunicode.32
LOAD hal/libresample/samplerate.32
LOAD hal/libresample/src_linear.32
LOAD hal/libresample/src_sinc.32
LOAD hal/libresample/src_zoh.32
LOAD compat/inlines.32
LOAD compat/resolve.32
LOAD core/computer.32
LOAD core/gdt.32
LOAD core/idle.32
LOAD core/idt.32
LOAD core/kheap.32
LOAD core/main.32
LOAD core/physmgr.32
LOAD core/pipe.32
LOAD core/terminal.32
LOAD core/tss.32
LOAD core/unixfile.32
LOAD core/virtmgr.32
LOAD coreobjs/c++.32
LOAD dbg/kconsole.32
LOAD fs/vfs.32
LOAD hal/bus.32
LOAD hal/buzzer.32
LOAD hal/clock.32
LOAD hal/device.32
LOAD hal/diskctrl.32
LOAD hal/diskphys.32
LOAD hal/fpu.32
LOAD hal/intctrl.32
LOAD hal/keybrd.32
LOAD hal/logidisk.32
LOAD hal/mouse.32
LOAD hal/partition.32
LOAD hal/serial.32
LOAD hal/timer.32
LOAD hal/vcache.32
LOAD hal/video.32
LOAD hw/acpi.32
LOAD hw/cpu.32
LOAD hw/ports.32
LOAD hw/smp.32
LOAD krnl/env.32
LOAD krnl/panic.32
LOAD net/ethernet.32
LOAD reg/registry.32
LOAD sys/sc_eject.32
LOAD sys/sc_exit.32
LOAD sys/sc_getcwd.32
LOAD sys/sc_getpid.32
LOAD sys/sc_getramdata.32
LOAD sys/sc_getvgaptr.32
LOAD sys/sc_loaddll.32
LOAD sys/sc_read.32
LOAD sys/sc_sbrk.32
LOAD sys/sc_setcwd.32
LOAD sys/sc_settime.32
LOAD sys/sc_timezone.32
LOAD sys/sc_write.32
LOAD sys/sc_wsbe.32
LOAD sys/sc_yield.32
LOAD sys/syscalls.32
LOAD thr/elf.32
LOAD thr/prcssthr.32
LOAD vm86/vm8086.32
LOAD vm86/x87em.32
LOAD fs/fat/vfslink.32
LOAD fs/iso9660/vfslink.32
LOAD hal/sound/sndchannel.32
LOAD hal/sound/sndhw.32
LOAD hw/bus/isa.32
LOAD hw/bus/pci.32
LOAD hw/diskctrl/ide.32
LOAD hw/diskctrl/satabus.32
LOAD hw/diskphys/ata.32
LOAD hw/diskphys/atapi.32
LOAD hw/diskphys/sata.32
LOAD hw/diskphys/satapi.32
LOAD hw/fpu/avx.32
LOAD hw/fpu/mmx.32
LOAD hw/fpu/sse.32
LOAD hw/fpu/x87.32
LOAD hw/intctrl/apic.32
LOAD hw/intctrl/pic.32
LOAD hw/timer/apictimer.32
LOAD hw/timer/pit.32
LOAD hw/fpu/x86/avx.32
LOAD hw/fpu/x86/sse.32
LOAD hw/fpu/x86/x87.32
LOAD /cygdrive/d/Users/Alex/Desktop/Toolchain/Output/bin/../lib/gcc/i386-banana/8.1.0/crtend.o
LOAD crtn.32
LOAD /cygdrive/d/Users/Alex/Desktop/Toolchain/Output/bin/../lib/gcc/i386-banana/8.1.0/libkgcc.a
LOAD D:/Users/Alex/Desktop/Banana/kernel/libsoftfp.a
LOAD D:/Users/Alex/Desktop/Banana/kernel/libk/libm32.a
                0x00000000c0000000                . = 0xc0000000

.text           0x00000000c0000000    0x28548
 *(.text)
 .text          0x00000000c0000000       0x41 D:/Users/Alex/Desktop/Banana/kernel/boot.32
                0x00000000c0000020                callGlobalConstructors
 .text          0x00000000c0000041        0x0 crti.32
 *fill*         0x00000000c0000041        0x3 
 .text          0x00000000c0000044      0x101 /cygdrive/d/Users/Alex/Desktop/Toolchain/Output/bin/../lib/gcc/i386-banana/8.1.0/crtbegin.o
 *fill*         0x00000000c0000145        0xb 
 .text          0x00000000c0000150      0x4fb D:/Users/Alex/Desktop/Banana/kernel/morenasm.32
                0x00000000c0000150                manualPCIProbe
                0x00000000c000019b                prepareTramp
                0x00000000c00001b4                voodooXADD
                0x00000000c000027f                doTPAUSE
                0x00000000c0000289                hasLegacyFPU
                0x00000000c00002ae                is486
                0x00000000c00002e4                detectCPUID
                0x00000000c00002fa                goToVM86
                0x00000000c000032a                goToUsermode
                0x00000000c0000354                switchToThreadASMFirstTime
                0x00000000c0000362                switchToThreadASM
                0x00000000c00003f2                asmQuickAcquireLock
                0x00000000c0000410                asmQuickReleaseLock
                0x00000000c000041c                asmAcquireLock
                0x00000000c000043d                asmReleaseLock
                0x00000000c0000450                loadGDT
                0x00000000c0000470                isr0
                0x00000000c0000480                isr1
                0x00000000c000048a                isr2
                0x00000000c0000494                isr3
                0x00000000c000049e                isr4
                0x00000000c00004a8                isr5
                0x00000000c00004b2                isr6
                0x00000000c00004bc                isr7
                0x00000000c00004c6                isr8
                0x00000000c00004ce                isr9
                0x00000000c00004d8                isr10
                0x00000000c00004e0                isr11
                0x00000000c00004e8                isr12
                0x00000000c00004f0                isr13
                0x00000000c00004f8                isr14
                0x00000000c0000500                isr15
                0x00000000c000050a                isr16
                0x00000000c0000514                isr17
                0x00000000c000051e                isr18
                0x00000000c0000528                irq3
                0x00000000c0000532                irq4
                0x00000000c000053c                irq5
                0x00000000c0000546                irq6
                0x00000000c0000550                irq7
                0x00000000c000055a                irq8
                0x00000000c0000564                irq9
                0x00000000c000056e                irq10
                0x00000000c0000578                irq11
                0x00000000c0000582                irq12
                0x00000000c000058c                irq13
                0x00000000c0000596                irq14
                0x00000000c00005a0                irq15
                0x00000000c00005aa                irq1
                0x00000000c00005b1                irq2
                0x00000000c00005b8                isr96
                0x00000000c00005bf                irq0
                0x00000000c00005c4                syscall_common_stub
                0x00000000c00005c4                int_common_stub
                0x00000000c00005f6                irq16
                0x00000000c0000600                irq17
                0x00000000c000060a                irq18
                0x00000000c0000614                irq19
                0x00000000c000061e                irq20
                0x00000000c0000628                irq21
                0x00000000c0000632                irq22
                0x00000000c000063c                irq23
                0x00000000c0000646                memcpy
 *fill*         0x00000000c000064b        0x1 
 .text          0x00000000c000064c      0x5dd acpica/utclib.32
                0x00000000c000064c                memcmp
                0x00000000c0000688                memmove
                0x00000000c0000750                memset
                0x00000000c000076c                strlen
                0x00000000c0000784                strpbrk
                0x00000000c00007c0                strtok
                0x00000000c000080c                strcpy
                0x00000000c0000830                strncpy
                0x00000000c0000898                strcmp
                0x00000000c00008d8                strchr
                0x00000000c00008fc                strncmp
                0x00000000c000094c                strcat
                0x00000000c000097c                strncat
                0x00000000c00009b8                strstr
                0x00000000c0000a00                toupper
                0x00000000c0000a14                tolower
                0x00000000c0000a28                simple_strtoul
 .text          0x00000000c0000c29      0xfad core/malloc.32
                0x00000000c0000d94                dlfree
                0x00000000c00010ef                dlmalloc
                0x00000000c000162c                dlrealloc
                0x00000000c00017cf                dlmemalign
                0x00000000c00018f2                dlcalloc
                0x00000000c000198c                dlcfree
                0x00000000c0001991                dlindependent_calloc
                0x00000000c00019b6                dlindependent_comalloc
                0x00000000c00019cd                dlvalloc
                0x00000000c00019f8                dlpvalloc
                0x00000000c0001a2e                dlmalloc_trim
                0x00000000c0001a3b                dlmalloc_usable_size
                0x00000000c0001a6c                dlmallinfo
                0x00000000c0001b3b                dlmalloc_stats
                0x00000000c0001b4c                dlmallopt
 .text          0x00000000c0001bd6        0x0 libk/string.32
 .text          0x00000000c0001bd6       0x51 fs/fat/diskio.32
                0x00000000c0001bd6                disk_status
                0x00000000c0001bd9                disk_initialize
                0x00000000c0001bdc                disk_read
                0x00000000c0001bf2                disk_write
                0x00000000c0001c08                disk_ioctl
 .text          0x00000000c0001c27     0x6833 fs/fat/ff.32
                0x00000000c0004ef5                f_mount
                0x00000000c0004f57                f_open
                0x00000000c0005393                f_read
                0x00000000c0005613                f_write
                0x00000000c00058cd                f_sync
                0x00000000c0005aa9                f_close
                0x00000000c0005ad8                f_lseek
                0x00000000c0005f8f                f_opendir
                0x00000000c0006091                f_closedir
                0x00000000c00060b3                f_readdir
                0x00000000c000614e                f_stat
                0x00000000c00061dd                f_getfree
                0x00000000c00063a8                f_truncate
                0x00000000c00064a0                f_unlink
                0x00000000c0006623                f_mkdir
                0x00000000c000684f                f_rename
                0x00000000c0006b42                f_chmod
                0x00000000c0006c20                f_utime
                0x00000000c0006cfe                f_getlabel
                0x00000000c0006eec                f_setlabel
                0x00000000c0007159                f_forward
                0x00000000c0007337                f_mkfs
 .text          0x00000000c000845a       0x2d fs/fat/ffsystem.32
                0x00000000c000845a                ff_memalloc
                0x00000000c0008470                ff_memfree
 .text          0x00000000c0008487      0x253 fs/fat/ffunicode.32
                0x00000000c0008487                ff_uni2oem
                0x00000000c0008517                ff_oem2uni
                0x00000000c0008583                ff_wtoupper
 .text          0x00000000c00086da      0x8fb hal/libresample/samplerate.32
                0x00000000c000871e                src_delete
                0x00000000c000875a                src_process
                0x00000000c0008910                src_callback_read
                0x00000000c0008a8d                src_set_ratio
                0x00000000c0008af7                src_get_channels
                0x00000000c0008b19                src_reset
                0x00000000c0008b65                src_new
                0x00000000c0008bf3                src_callback_new
                0x00000000c0008c55                src_get_name
                0x00000000c0008c8c                src_get_description
                0x00000000c0008cc3                src_get_version
                0x00000000c0008cc9                src_is_valid_ratio
                0x00000000c0008d1d                src_error
                0x00000000c0008d2b                src_strerror
                0x00000000c0008d3e                src_simple
                0x00000000c0008d91                src_short_to_float_array
                0x00000000c0008df6                src_float_to_short_array
                0x00000000c0008eb5                src_int_to_float_array
                0x00000000c0008f18                src_float_to_int_array
 .text          0x00000000c0008fd5      0x8cb hal/libresample/src_linear.32
                0x00000000c00097fb                linear_get_name
                0x00000000c000980a                linear_get_description
                0x00000000c0009819                linear_set_converter
 .text          0x00000000c00098a0     0x447c hal/libresample/src_sinc.32
                0x00000000c000dc33                sinc_get_name
                0x00000000c000dc46                sinc_get_description
                0x00000000c000dc59                sinc_set_converter
 .text          0x00000000c000dd1c      0x77c hal/libresample/src_zoh.32
                0x00000000c000e3f3                zoh_get_name
                0x00000000c000e402                zoh_get_description
                0x00000000c000e411                zoh_set_converter
 .text          0x00000000c000e498       0xa7 compat/inlines.32
                0x00000000c000e498                CPU::current()
                0x00000000c000e4a4                operator new(unsigned long)
                0x00000000c000e4a9                operator delete(void*)
                0x00000000c000e4ae                disableIRQs()
                0x00000000c000e4b6                enableIRQs()
                0x00000000c000e4c5                lockScheduler()
                0x00000000c000e4cd                unlockScheduler()
                0x00000000c000e4dc                lockStuff()
                0x00000000c000e4ea                unlockStuff()
                0x00000000c000e524                Virt::getAKernelVAS()
                0x00000000c000e52a                __not_memcpy
 .text          0x00000000c000e53f      0x111 compat/resolve.32
                0x00000000c000e53f                Krnl::resolveCompatibilitySymbol(char*)
 .text          0x00000000c000e650      0x741 core/computer.32
                0x00000000c000e650                Computer::close(int, int, void*)
                0x00000000c000e694                Krnl::firstTask()
                0x00000000c000e7d6                Computer::Computer()
                0x00000000c000e7d6                Computer::Computer()
                0x00000000c000e932                Computer::setBootMessage(char const*)
                0x00000000c000e934                Computer::detectFeatures()
                0x00000000c000eb3e                Computer::displayFeatures()
                0x00000000c000eb40                Computer::rdmsr(unsigned int)
                0x00000000c000eb6c                Computer::wrmsr(unsigned int, unsigned long long)
                0x00000000c000eba4                Computer::nmiEnabled()
                0x00000000c000ebb0                Computer::readCMOS(unsigned char)
                0x00000000c000ebca                Computer::enableNMI(bool)
                0x00000000c000ebe2                Computer::open(int, int, void*)
                0x00000000c000ecd4                Computer::disableNMI()
                0x00000000c000ece2                Computer::writeCMOS(unsigned char, unsigned char)
                0x00000000c000ed00                Computer::handleNMI()
                0x00000000c000ed66                Computer::setDiskActivityLight(int, bool)
 *fill*         0x00000000c000ed91        0x1 
 .text          0x00000000c000ed92      0x19d core/gdt.32
                0x00000000c000ed92                GDTEntry::setBase(unsigned int)
                0x00000000c000edae                GDTEntry::setLimit(unsigned int)
                0x00000000c000edcc                GDT::GDT()
                0x00000000c000edcc                GDT::GDT()
                0x00000000c000ede2                GDT::addEntry(GDTEntry)
                0x00000000c000ee04                GDT::getNumberOfEntries()
                0x00000000c000ee0c                GDT::flush()
                0x00000000c000ee2e                GDT::setup()
 .text          0x00000000c000ef2f       0x6b core/idle.32
                0x00000000c000ef2f                idleFunction(void*)
 .text          0x00000000c000ef9a      0x45e core/idt.32
                0x00000000c000ef9a                IDTEntry::IDTEntry(bool)
                0x00000000c000ef9a                IDTEntry::IDTEntry(bool)
                0x00000000c000f008                IDTEntry::setOffset(unsigned int)
                0x00000000c000f01c                IDT::IDT()
                0x00000000c000f01c                IDT::IDT()
                0x00000000c000f01e                IDT::getPointerToInvalidOpcodeEntryForF00F()
                0x00000000c000f026                IDT::addEntry(IDTEntry, int)
                0x00000000c000f040                IDT::addEntry(int, void (*)(), bool)
                0x00000000c000f078                IDT::flush()
                0x00000000c000f092                IDT::setup()
 .text          0x00000000c000f3f8      0x1fb core/kheap.32
                0x00000000c000f3f8                sbrk
                0x00000000c000f505                mmap
                0x00000000c000f51b                munmap
                0x00000000c000f531                liballoc_lock()
                0x00000000c000f53e                liballoc_unlock()
                0x00000000c000f552                liballoc_alloc(int)
                0x00000000c000f56a                liballoc_free(void*, int)
                0x00000000c000f585                realloc
                0x00000000c000f599                malloc
                0x00000000c000f5a9                free
                0x00000000c000f5b9                rfree
                0x00000000c000f5c9                calloc
 .text          0x00000000c000f5f3      0x1b6 core/main.32
                0x00000000c000f5f3                Krnl::setBootMessage(char const*)
                0x00000000c000f65f                kernel_main
 .text          0x00000000c000f7a9      0x5b5 core/physmgr.32
                0x00000000c000f7a9                Phys::allocateDMA(unsigned long)
                0x00000000c000f877                Phys::freeDMA(unsigned long, unsigned long)
                0x00000000c000f8d6                Phys::setPageState(unsigned long, bool)
                0x00000000c000f908                Phys::getPageState(unsigned long)
                0x00000000c000f924                Phys::freePage(unsigned long)
                0x00000000c000f995                Phys::allocatePage()
                0x00000000c000fa8d                Phys::allocateContiguousPages(int)
                0x00000000c000fae9                Phys::allowSegmentToBeUsed(unsigned long, unsigned long)
                0x00000000c000fb21                Phys::physicalMemorySetup(unsigned int)
 .text          0x00000000c000fd5e      0x273 core/pipe.32
                0x00000000c000fd5e                Pipe::isAtty()
                0x00000000c000fd62                Pipe::~Pipe()
                0x00000000c000fd62                Pipe::~Pipe()
                0x00000000c000fd86                Pipe::~Pipe()
                0x00000000c000fdae                Pipe::read(unsigned long long, void*, int*)
                0x00000000c000feaa                Pipe::write(unsigned long long, void*, int*)
                0x00000000c000ff6a                Pipe::Pipe(int)
                0x00000000c000ff6a                Pipe::Pipe(int)
 *fill*         0x00000000c000ffd1        0x1 
 .text          0x00000000c000ffd2      0xb93 core/terminal.32
                0x00000000c000ffd2                VgaText::isAtty()
                0x00000000c000ffd6                VgaText::~VgaText()
                0x00000000c000ffd6                VgaText::~VgaText()
                0x00000000c000fffa                VgaText::~VgaText()
                0x00000000c0010024                VgaText::read(unsigned long long, void*, int*)
                0x00000000c0010044                setTerminalScrollLock(bool)
                0x00000000c0010045                addToTerminalCycle(VgaText*)
                0x00000000c0010066                installVgaTextImplementation()
                0x00000000c001007b                scrollTerminalScrollLock(int)
                0x00000000c001007c                VgaText::updateTitle()
                0x00000000c00100ba                VgaText::load()
                0x00000000c0010108                VgaText::updateCursor()
                0x00000000c001011e                VgaText::doANSI_SGR(int)
                0x00000000c0010192                VgaText::setDefaultBgColour(VgaColour)
                0x00000000c00101a2                VgaText::setDefaultFgColour(VgaColour)
                0x00000000c00101b2                VgaText::setDefaultColours(VgaColour, VgaColour)
                0x00000000c00101d2                VgaText::setTitleTextColour(VgaColour)
                0x00000000c00101e2                VgaText::setTitleColour(VgaColour)
                0x00000000c00101f2                VgaText::setTitle(char*)
                0x00000000c0010218                VgaText::combineColours(unsigned char, unsigned char)
                0x00000000c001022a                VgaText::scrollScreen()
                0x00000000c00102be                VgaText::combineCharAndColour(char, unsigned char)
                0x00000000c00102d0                VgaText::writeCharacter(char, VgaColour, VgaColour, int, int)
                0x00000000c001032c                VgaText::getCursorX()
                0x00000000c0010334                VgaText::getCursorY()
                0x00000000c001033c                VgaText::setCursor(int, int)
                0x00000000c0010353                setActiveTerminal(VgaText*)
                0x00000000c00103b5                doTerminalCycle()
                0x00000000c00103d0                VgaText::setCursorX(int)
                0x00000000c00103e8                VgaText::setCursorY(int)
                0x00000000c0010400                VgaText::incrementCursor(bool)
                0x00000000c0010454                VgaText::decrementCursor(bool)
                0x00000000c0010476                VgaText::putchar(char, VgaColour, VgaColour)
                0x00000000c001054e                VgaText::doUpdate()
                0x00000000c001055c                VgaText::puts(char const*, VgaColour, VgaColour)
                0x00000000c00106d4                VgaText::clearScreen()
                0x00000000c001072e                VgaText::putchar(char)
                0x00000000c001081a                VgaText::putx(unsigned int)
                0x00000000c0010860                VgaText::puts(char const*)
                0x00000000c0010886                VgaText::VgaText(char const*)
                0x00000000c0010886                VgaText::VgaText(char const*)
                0x00000000c0010a04                VgaText::receiveKey(unsigned char)
                0x00000000c0010aec                VgaText::write(unsigned long long, void*, int*)
                0x00000000c0010b40                newTerminal(char*)
 *fill*         0x00000000c0010b65        0x1 
 .text          0x00000000c0010b66      0x19d core/tss.32
                0x00000000c0010b66                TSS::TSS()
                0x00000000c0010b66                TSS::TSS()
                0x00000000c0010b74                TSS::setESP(unsigned long)
                0x00000000c0010b86                TSS::flush()
                0x00000000c0010ba6                TSS::setup(unsigned long, unsigned long)
 *fill*         0x00000000c0010d03        0x1 
 .text          0x00000000c0010d04      0x4c2 core/unixfile.32
                0x00000000c0010d04                ReservedFilename::read(unsigned long long, void*, int*)
                0x00000000c0010d5a                ReservedFilename::isAtty()
                0x00000000c0010d76                ReservedFilename::write(unsigned long long, void*, int*)
                0x00000000c0010dd4                UnixFile::getFileDescriptor()
                0x00000000c0010ddc                UnixFile::UnixFile(int)
                0x00000000c0010ddc                UnixFile::UnixFile(int)
                0x00000000c0010f8c                ReservedFilename::ReservedFilename(int)
                0x00000000c0010f8c                ReservedFilename::ReservedFilename(int)
                0x00000000c0010fbe                UnixFile::~UnixFile()
                0x00000000c0010fbe                UnixFile::~UnixFile()
                0x00000000c0011056                UnixFile::~UnixFile()
                0x00000000c001107e                ReservedFilename::~ReservedFilename()
                0x00000000c001107e                ReservedFilename::~ReservedFilename()
                0x00000000c00110a2                ReservedFilename::~ReservedFilename()
                0x00000000c00110c9                getFromFileDescriptor(int)
 .text          0x00000000c00111c6     0x14b7 core/virtmgr.32
                0x00000000c00111c6                Virt::setPageState(unsigned long, Virt::VirtPageState)
                0x00000000c00111fb                Virt::getPageState(unsigned long)
                0x00000000c001121f                Virt::allocateKernelVirtualPages(int)
                0x00000000c0011330                Virt::freeSwapfilePage(unsigned long)
                0x00000000c001134e                Virt::swapIDToSector(unsigned long)
                0x00000000c0011360                Virt::allocateSwapfilePage()
                0x00000000c00113de                Virt::virtualMemorySetup()
                0x00000000c0011429                Virt::setupPageSwapping(int)
                0x00000000c0011646                VAS::VAS()
                0x00000000c0011646                VAS::VAS()
                0x00000000c0011682                VAS::VAS(VAS*)
                0x00000000c0011682                VAS::VAS(VAS*)
                0x00000000c00116b0                VAS::getForeignPageTableEntry(bool, unsigned long)
                0x00000000c00116dc                VAS::getPageTableEntry(unsigned long)
                0x00000000c00116fb                Virt::freeKernelVirtualPages(unsigned long)
                0x00000000c001181e                VAS::freeAllocatedPages(unsigned long)
                0x00000000c0011842                VAS::virtualToPhysical(unsigned long)
                0x00000000c001185a                VAS::reflagRange(unsigned long, int, int, int)
                0x00000000c001189a                VAS::setToWriteCombining(unsigned long, int)
                0x00000000c00118cc                VAS::mapOtherVASIn(bool, VAS*)
                0x00000000c00118f6                VAS::~VAS()
                0x00000000c00118f6                VAS::~VAS()
                0x00000000c0011a72                VAS::mapPage(unsigned long, unsigned long, int)
                0x00000000c0011b74                VAS::allocatePages(int, int)
                0x00000000c0011d4c                VAS::setCPUSpecific(unsigned long)
                0x00000000c0011d68                VAS::mapRange(unsigned long, unsigned long, int, int)
                0x00000000c0011e2e                VAS::mapForeignPage(bool, VAS*, unsigned long, unsigned long, int)
                0x00000000c0011f1c                VAS::VAS(bool)
                0x00000000c0011f1c                VAS::VAS(bool)
                0x00000000c001219c                VAS::evict(unsigned long)
                0x00000000c00122e2                VAS::tryLoadBackOffDisk(unsigned long)
                0x00000000c001246a                VAS::scanForEviction()
                0x00000000c0012551                mapVASFirstTime
 .text          0x00000000c001267d       0x95 coreobjs/c++.32
                0x00000000c001267d                __cxa_atexit
                0x00000000c0012680                __cxa_finalize
                0x00000000c0012681                __stack_chk_fail
                0x00000000c00126ed                __cxa_pure_virtual
                0x00000000c00126fe                operator new[](unsigned long)
                0x00000000c0012703                operator delete(void*, unsigned long)
                0x00000000c0012708                operator delete[](void*)
                0x00000000c001270d                operator delete[](void*, unsigned long)
 .text          0x00000000c0012712      0x1e7 dbg/kconsole.32
                0x00000000c0012712                Dbg::stringifyxWithBase(unsigned int, char*, int)
                0x00000000c001276b                Dbg::logc(char)
                0x00000000c0012782                Dbg::logs(char*)
                0x00000000c001279f                Dbg::logWriteInt(unsigned int)
                0x00000000c00127bc                Dbg::logWriteIntBase(unsigned int, int)
                0x00000000c00127db                Dbg::kprintf(char const*, ...)
 *fill*         0x00000000c00128f9        0x1 
 .text          0x00000000c00128fa      0xb82 fs/vfs.32
                0x00000000c00128fa                File::read(unsigned long long, void*, int*)
                0x00000000c0012952                File::write(unsigned long long, void*, int*)
                0x00000000c00129aa                Directory::read(unsigned long long, void*, int*)
                0x00000000c0012a02                Directory::write(unsigned long long, void*, int*)
                0x00000000c0012a30                File::isAtty()
                0x00000000c0012a34                Directory::isAtty()
                0x00000000c0012a38                Filesystem::getlabel(LogicalDisk*, int, char*, unsigned int*)
                0x00000000c0012a3e                Filesystem::setlabel(LogicalDisk*, int, char*)
                0x00000000c0012a44                Filesystem::getFileFirstSector(char const*)
                0x00000000c0012a4a                File::~File()
                0x00000000c0012a4a                File::~File()
                0x00000000c0012a6e                File::~File()
                0x00000000c0012a98                Directory::~Directory()
                0x00000000c0012a98                Directory::~Directory()
                0x00000000c0012abc                Directory::~Directory()
                0x00000000c0012ae6                Filesystem::Filesystem()
                0x00000000c0012ae6                Filesystem::Filesystem()
                0x00000000c0012b0a                Filesystem::~Filesystem()
                0x00000000c0012b0a                Filesystem::~Filesystem()
                0x00000000c0012b18                Filesystem::~Filesystem()
                0x00000000c0012b3c                Fs::getcwd(Process*, char*, int)
                0x00000000c0012b66                Fs::initVFS()
                0x00000000c0012b90                Fs::standardiseFiles(char*, char const*, char const*)
                0x00000000c0012d3a                File::File(char const*, Process*)
                0x00000000c0012d3a                File::File(char const*, Process*)
                0x00000000c0012d9e                File::open(FileOpenMode)
                0x00000000c0012dfc                File::close()
                0x00000000c0012e5c                File::seek(unsigned long long)
                0x00000000c0012eb2                File::tell(unsigned long long*)
                0x00000000c0012f02                File::rewind()
                0x00000000c0012f16                File::unlink()
                0x00000000c0012f62                File::rename(char const*)
                0x00000000c0012fb0                File::chfatattr(unsigned char, unsigned char)
                0x00000000c001300c                File::exists()
                0x00000000c001304a                File::stat(unsigned long long*, bool*)
                0x00000000c00130ab                Fs::setcwd(Process*, char*)
                0x00000000c00131e6                Directory::Directory(char const*, Process*)
                0x00000000c00131e6                Directory::Directory(char const*, Process*)
                0x00000000c001324a                Directory::open()
                0x00000000c00132a6                Directory::close()
                0x00000000c0013306                Directory::unlink()
                0x00000000c0013352                Directory::rename(char const*)
                0x00000000c00133a0                Directory::exists()
                0x00000000c00133de                Directory::read(dirent*)
                0x00000000c001342a                Directory::create()
                0x00000000c0013476                Filesystem::chfatattr(char const*, unsigned char, unsigned char)
 .text          0x00000000c001347c       0x84 hal/bus.32
                0x00000000c001347c                Bus::Bus(char const*)
                0x00000000c001347c                Bus::Bus(char const*)
                0x00000000c00134b2                Bus::~Bus()
                0x00000000c00134b2                Bus::~Bus()
                0x00000000c00134d6                Bus::~Bus()
 .text          0x00000000c0013500      0x156 hal/buzzer.32
                0x00000000c0013500                Buzzer::Buzzer(char const*)
                0x00000000c0013500                Buzzer::Buzzer(char const*)
                0x00000000c0013544                Buzzer::~Buzzer()
                0x00000000c0013544                Buzzer::~Buzzer()
                0x00000000c0013568                Buzzer::~Buzzer()
                0x00000000c0013592                Buzzer::stop()
                0x00000000c00135a5                beepThread(void*)
                0x00000000c00135e8                Buzzer::beep(int, int, bool)
 .text          0x00000000c0013656      0x467 hal/clock.32
                0x00000000c0013656                User::loadClockSettings(int)
                0x00000000c00136a8                Clock::Clock(char const*)
                0x00000000c00136a8                Clock::Clock(char const*)
                0x00000000c00136de                Clock::~Clock()
                0x00000000c00136de                Clock::~Clock()
                0x00000000c0013702                Clock::~Clock()
                0x00000000c001372c                Clock::timeInSecondsLocal()
                0x00000000c0013774                Clock::setTimeInSecondsLocal(unsigned long long)
                0x00000000c00137cd                datetimeToSeconds(datetime_t)
                0x00000000c00138f4                Clock::setTimeInDatetimeLocal(datetime_t)
                0x00000000c0013954                secondsToDatetime(unsigned long long)
                0x00000000c0013a98                Clock::timeInDatetimeLocal()
 *fill*         0x00000000c0013abd        0x1 
 .text          0x00000000c0013abe      0x504 hal/device.32
                0x00000000c0013abe                Device::hibernate()
                0x00000000c0013ac0                Device::wake()
                0x00000000c0013ac2                Device::detect()
                0x00000000c0013ac4                Device::disableLegacy()
                0x00000000c0013ac6                Device::powerSaving(PowerSavingLevel)
                0x00000000c0013ac8                DriverlessDevice::close(int, int, void*)
                0x00000000c0013acc                DriverlessDevice::detect()
                0x00000000c0013ace                DriverlessDevice::open(int, int, void*)
                0x00000000c0013ae2                Device::~Device()
                0x00000000c0013ae2                Device::~Device()
                0x00000000c0013af0                Device::~Device()
                0x00000000c0013b18                Device::findAndLoadDriver()
                0x00000000c0013b26                Device::preOpenPCI(PCIDeviceInfo)
                0x00000000c0013b4c                Device::preOpenACPI(void*, char*, char*)
                0x00000000c0013b8c                Device::addIRQHandler(int, void (*)(regs*, void*), bool, void*)
                0x00000000c0013bca                Device::getParent()
                0x00000000c0013bd6                Device::removeIRQHandler(int, void (*)(regs*, void*), bool)
                0x00000000c0013c14                Device::addChild(Device*)
                0x00000000c0013c58                Device::removeAllChildren()
                0x00000000c0013c9e                Device::hibernateAll()
                0x00000000c0013cce                Device::wakeAll()
                0x00000000c0013cfe                Device::detectAll()
                0x00000000c0013d2e                Device::disableLegacyAll()
                0x00000000c0013d5e                Device::loadDriversForAll()
                0x00000000c0013d9e                Device::closeAll()
                0x00000000c0013dd4                Device::powerSavingAll(PowerSavingLevel)
                0x00000000c0013e0a                Device::setName(char const*)
                0x00000000c0013e18                Device::Device(char const*)
                0x00000000c0013e18                Device::Device(char const*)
                0x00000000c0013f14                Device::getName()
                0x00000000c0013f1e                DriverlessDevice::DriverlessDevice(char const*)
                0x00000000c0013f1e                DriverlessDevice::DriverlessDevice(char const*)
                0x00000000c0013f54                Device::addToLinkedList(LinkedList<Device>&, DeviceType)
                0x00000000c0013f98                getDevicesOfType(DeviceType)
 .text          0x00000000c0013fc2       0x84 hal/diskctrl.32
                0x00000000c0013fc2                HardDiskController::HardDiskController(char const*)
                0x00000000c0013fc2                HardDiskController::HardDiskController(char const*)
                0x00000000c0013ff8                HardDiskController::~HardDiskController()
                0x00000000c0013ff8                HardDiskController::~HardDiskController()
                0x00000000c001401c                HardDiskController::~HardDiskController()
 .text          0x00000000c0014046       0xe2 hal/diskphys.32
                0x00000000c0014046                PhysicalDisk::eject()
                0x00000000c001404a                PhysicalDisk::PhysicalDisk(char const*, int)
                0x00000000c001404a                PhysicalDisk::PhysicalDisk(char const*, int)
                0x00000000c00140b2                PhysicalDisk::startCache()
                0x00000000c00140da                PhysicalDisk::~PhysicalDisk()
                0x00000000c00140da                PhysicalDisk::~PhysicalDisk()
                0x00000000c00140fe                PhysicalDisk::~PhysicalDisk()
 .text          0x00000000c0014128      0x13b hal/fpu.32
                0x00000000c0014128                FPU::FPU(char const*)
                0x00000000c0014128                FPU::FPU(char const*)
                0x00000000c001415e                FPU::~FPU()
                0x00000000c001415e                FPU::~FPU()
                0x00000000c0014182                FPU::~FPU()
                0x00000000c00141ac                setupFPU()
 *fill*         0x00000000c0014263        0x1 
 .text          0x00000000c0014264     0x1435 hal/intctrl.32
                0x00000000c0014264                InterruptController::uninstallISRHandler(int, void (*)(regs*, void*))
                0x00000000c001429c                InterruptController::installISRHandler(int, void (*)(regs*, void*), void*)
                0x00000000c00142ee                doubleFault(regs*, void*)
                0x00000000c0014308                InterruptController::installIRQHandler(int, void (*)(regs*, void*), bool, void*)
                0x00000000c00143a4                InterruptController::clearAllHandlers(int, bool)
                0x00000000c001444c                InterruptController::uninstallIRQHandler(int, void (*)(regs*, void*), bool)
                0x00000000c00144d3                nmiHandler(regs*, void*)
                0x00000000c00144e1                int_handler
                0x00000000c0014582                InterruptController::InterruptController(char const*)
                0x00000000c0014582                InterruptController::InterruptController(char const*)
                0x00000000c0014628                InterruptController::~InterruptController()
                0x00000000c0014628                InterruptController::~InterruptController()
                0x00000000c001464c                InterruptController::~InterruptController()
                0x00000000c0014676                displayDebugInfo(regs*)
                0x00000000c0014b05                x87EmulHandler(regs*, void*)
                0x00000000c0014b78                gpFault(regs*, void*)
                0x00000000c0014bb1                pgFault(regs*, void*)
                0x00000000c0014bf9                otherISRHandler(regs*, void*)
                0x00000000c0014c18                opcodeFault(regs*, void*)
                0x00000000c0015235                displayProgramFault(char const*)
                0x00000000c001525d                setupInterruptController()
                0x00000000c001564c                InterruptController::convertLegacyIRQNumber(int)
 *fill*         0x00000000c0015699        0x1 
 .text          0x00000000c001569a      0x784 hal/keybrd.32
                0x00000000c001569a                startGUI(void*)
                0x00000000c0015706                startGUIVESA(void*)
                0x00000000c0015772                sendKeyToTerminal(unsigned char)
                0x00000000c0015830                sendKeyboardToken(KeyboardToken)
                0x00000000c0015c6d                clearInternalKeybuffer(VgaText*)
                0x00000000c0015ca2                readKeyboard(VgaText*, char*, unsigned long)
                0x00000000c0015d94                Keyboard::Keyboard(char const*)
                0x00000000c0015d94                Keyboard::Keyboard(char const*)
                0x00000000c0015dd0                Keyboard::~Keyboard()
                0x00000000c0015dd0                Keyboard::~Keyboard()
                0x00000000c0015df4                Keyboard::~Keyboard()
 .text          0x00000000c0015e1e      0x3ea hal/logidisk.32
                0x00000000c0015e1e                LogicalDisk::close(int, int, void*)
                0x00000000c0015e22                LogicalDisk::~LogicalDisk()
                0x00000000c0015e22                LogicalDisk::~LogicalDisk()
                0x00000000c0015e46                LogicalDisk::~LogicalDisk()
                0x00000000c0015e70                LogicalDisk::open(int, int, void*)
                0x00000000c0015e84                LogicalDisk::absoluteToRelative(unsigned long long)
                0x00000000c0015ebc                LogicalDisk::relativeToAbsolute(unsigned long long)
                0x00000000c0015f02                LogicalDisk::LogicalDisk(char const*, PhysicalDisk*, unsigned long long, unsigned long long)
                0x00000000c0015f02                LogicalDisk::LogicalDisk(char const*, PhysicalDisk*, unsigned long long, unsigned long long)
                0x00000000c0015fb8                LogicalDisk::assignDriveLetter()
                0x00000000c001606e                LogicalDisk::mount()
                0x00000000c00160b6                LogicalDisk::unmount()
                0x00000000c00160c6                LogicalDisk::eject()
                0x00000000c00160da                LogicalDisk::unassignDriveLetter()
                0x00000000c0016130                LogicalDisk::read(unsigned long long, int, void*)
                0x00000000c001619c                LogicalDisk::write(unsigned long long, int, void*)
 .text          0x00000000c0016208       0x84 hal/mouse.32
                0x00000000c0016208                Mouse::Mouse(char const*)
                0x00000000c0016208                Mouse::Mouse(char const*)
                0x00000000c001623e                Mouse::~Mouse()
                0x00000000c001623e                Mouse::~Mouse()
                0x00000000c0016262                Mouse::~Mouse()
 .text          0x00000000c001628c      0x339 hal/partition.32
                0x00000000c001628c                makePartition(PhysicalDisk*, unsigned long long, unsigned long long)
                0x00000000c0016334                createPartitionsForDisk(PhysicalDisk*)
 *fill*         0x00000000c00165c5        0x1 
 .text          0x00000000c00165c6       0x84 hal/serial.32
                0x00000000c00165c6                Serial::Serial(char const*)
                0x00000000c00165c6                Serial::Serial(char const*)
                0x00000000c00165fc                Serial::~Serial()
                0x00000000c00165fc                Serial::~Serial()
                0x00000000c0016620                Serial::~Serial()
 .text          0x00000000c001664a      0x2f3 hal/timer.32
                0x00000000c001664a                Timer::Timer(char const*)
                0x00000000c001664a                Timer::Timer(char const*)
                0x00000000c0016680                Timer::~Timer()
                0x00000000c0016680                Timer::~Timer()
                0x00000000c00166a4                Timer::~Timer()
                0x00000000c00166ce                Timer::read()
                0x00000000c00166d9                timerHandler(unsigned long long)
                0x00000000c001684b                setupTimer(int)
 *fill*         0x00000000c001693d        0x1 
 .text          0x00000000c001693e      0x409 hal/vcache.32
                0x00000000c001693e                VCache::VCache(PhysicalDisk*)
                0x00000000c001693e                VCache::VCache(PhysicalDisk*)
                0x00000000c0016aa6                VCache::invalidateReadBuffer()
                0x00000000c0016ab6                VCache::writeWriteBuffer()
                0x00000000c0016af2                VCache::~VCache()
                0x00000000c0016af2                VCache::~VCache()
                0x00000000c0016b46                VCache::~VCache()
                0x00000000c0016b6e                VCache::write(unsigned long long, int, void*)
                0x00000000c0016c58                VCache::read(unsigned long long, int, void*)
 *fill*         0x00000000c0016d47        0x1 
 .text          0x00000000c0016d48      0x4b3 hal/video.32
                0x00000000c0016d48                Video::putrect(int, int, int, int, unsigned int)
                0x00000000c0016d94                Video::bitblit(int, int, int, int, int, int, int, unsigned int*)
                0x00000000c0016e04                Video::blit(unsigned int*, int, int, int, int)
                0x00000000c0016e82                Video::clearScreen(unsigned int)
                0x00000000c0016eb6                Video::putpixel(int, int, unsigned int)
                0x00000000c0016ec4                Video::Video(char const*)
                0x00000000c0016ec4                Video::Video(char const*)
                0x00000000c0016efa                Video::~Video()
                0x00000000c0016efa                Video::~Video()
                0x00000000c0016f1e                Video::~Video()
                0x00000000c0016f48                Video::isMonochrome()
                0x00000000c0016f54                Video::getWidth()
                0x00000000c0016f60                Video::getHeight()
                0x00000000c0016f6c                Video::drawCursor(int, int, unsigned char*, int)
                0x00000000c0017028                Video::tgaParse(unsigned char*, int, int*, int*)
                0x00000000c0017190                Video::putTGA(int, int, unsigned char*, int)
 *fill*         0x00000000c00171fb        0x1 
 .text          0x00000000c00171fc     0x11c9 hw/acpi.32
                0x00000000c00171fc                ACPI::close(int, int, void*)
                0x00000000c00172a1                findRSDP()
                0x00000000c001732b                loadACPITables(unsigned char*)
                0x00000000c0017582                findRSDT(unsigned char*)
                0x00000000c00176cc                findDataTable(unsigned char*, char*)
                0x00000000c001773e                scanMADT()
                0x00000000c0017bac                ACPI::ACPI()
                0x00000000c0017bac                ACPI::ACPI()
                0x00000000c0017c00                ACPI::getPCIIRQAssignment(unsigned char, unsigned short, unsigned char)
                0x00000000c0017ce2                ACPI::registerPCIIRQAssignment(void*, unsigned short, unsigned char, unsigned char)
                0x00000000c0017da8                ACPI::setScreenBrightnessLevel(void*, int)
                0x00000000c0017dae                ACPI::detectPCI()
                0x00000000c0017fb0                ACPI::writeSimpleBootFlag(SimpleBootFlagTable*)
                0x00000000c0017ff8                ACPI::sleep()
                0x00000000c0018010                ACPI::open(int, int, void*)
 *fill*         0x00000000c00183c5        0x1 
 .text          0x00000000c00183c6     0x1495 hw/cpu.32
                0x00000000c00183c6                CPU::close(int, int, void*)
                0x00000000c00183ca                CPU::lookupAMDName(unsigned char, unsigned char)
                0x00000000c001855e                CPU::lookupIntelName(unsigned char, unsigned char)
                0x00000000c001880c                CPU::AMD_K6_write_msr(unsigned int, unsigned int, unsigned int, CPU::REGS*)
                0x00000000c0018828                CPU::AMD_K6_read_msr(unsigned int, CPU::REGS*)
                0x00000000c0018840                CPU::AMD_K6_writeback(int, int, int)
                0x00000000c00188b4                CPU::cpuid(int, unsigned long*, unsigned long*, unsigned long*, unsigned long*)
                0x00000000c0018938                CPU::cpuidCheckEDX(unsigned int)
                0x00000000c0018966                CPU::cpuidCheckECX(unsigned int)
                0x00000000c0018994                CPU::cpuidCheckExtendedEBX(unsigned int)
                0x00000000c00189c2                CPU::cpuidCheckExtendedECX(unsigned int)
                0x00000000c00189f0                CPU::CPU()
                0x00000000c00189f0                CPU::CPU()
                0x00000000c0018a7e                CPU::displayFeatures()
                0x00000000c0018a80                CPU::detectFeatures()
                0x00000000c0019472                CPU::setupSMEP()
                0x00000000c001947e                CPU::setupUMIP()
                0x00000000c0019488                CPU::setupTSC()
                0x00000000c0019492                CPU::setupLargePages()
                0x00000000c001949c                CPU::setupPAT()
                0x00000000c00194d8                CPU::setupMTRR()
                0x00000000c00194da                CPU::setupGlobalPages()
                0x00000000c00194e4                CPU::allowUsermodeDataAccess()
                0x00000000c00194f6                CPU::prohibitUsermodeDataAccess()
                0x00000000c0019508                CPU::setupSMAP()
                0x00000000c0019516                CPU::setupFeatures()
                0x00000000c0019596                CPU::open(int, int, void*)
                0x00000000c0019660                CPU::decodeAddress(regs*, int*, bool*, unsigned char*)
 .text          0x00000000c001985b        0x0 hw/ports.32
 .text          0x00000000c001985b      0x16a hw/smp.32
                0x00000000c001985b                Krnl::smpEntry()
                0x00000000c001985d                Krnl::startCPU(int)
                0x00000000c00199a6                Krnl::startCPUs()
 *fill*         0x00000000c00199c5        0x1 
 .text          0x00000000c00199c6      0x581 krnl/env.32
                0x00000000c00199c6                EnvVarContainer::getEnv(char const*)
                0x00000000c0019a04                EnvVarContainer::setEnv(char const*, char const*)
                0x00000000c0019ac6                EnvVarContainer::deleteEnv(char const*)
                0x00000000c0019ac8                EnvVarContainer::loadFrom(char const*, char const*)
                0x00000000c0019cae                EnvVarContainer::__loadSystem()
                0x00000000c0019cc8                EnvVarContainer::__loadUser()
                0x00000000c0019cca                EnvVarContainer::EnvVarContainer(Process*)
                0x00000000c0019cca                EnvVarContainer::EnvVarContainer(Process*)
                0x00000000c0019cec                EnvVarContainer::~EnvVarContainer()
                0x00000000c0019cec                EnvVarContainer::~EnvVarContainer()
                0x00000000c0019d1c                Krnl::getEnv(Process*, char const*)
                0x00000000c0019d81                Krnl::setEnvSystem(char const*, char const*)
                0x00000000c0019d9b                Krnl::setEnvUser(char const*, char const*)
                0x00000000c0019dba                Krnl::setEnvProcess(Process*, char const*, char const*)
                0x00000000c0019dcd                Krnl::deleteEnvSystem(char const*)
                0x00000000c0019dce                Krnl::deleteEnvUser(char const*)
                0x00000000c0019dcf                Krnl::deleteEnvProcess(Process*, char const*)
                0x00000000c0019dd0                Krnl::newProcessEnv(Process*)
                0x00000000c0019df2                Krnl::copyProcessEnv(Process*, Process*)
                0x00000000c0019e3e                Krnl::loadSystemEnv()
                0x00000000c0019e6c                Krnl::loadUserEnv()
                0x00000000c0019e92                Krnl::flushEnv()
                0x00000000c0019e93                Krnl::getProcessTotalEnvCount(Process*)
                0x00000000c0019eb3                Krnl::getProcessEnvPair(Process*, int)
 .text          0x00000000c0019f47      0x39c krnl/panic.32
                0x00000000c0019f47                Krnl::panic(char const*)
 .text          0x00000000c001a2e3      0x57f net/ethernet.32
                0x00000000c001a2e3                Net::switchEndian16(unsigned short)
                0x00000000c001a304                Net::switchEndian32(unsigned int)
                0x00000000c001a333                Net::crc32Calc(unsigned char*, int)
                0x00000000c001a3c4                Net::wrapEthernetFrame(Net::UnwrappedEthernetFrame, unsigned char*)
                0x00000000c001a5d7                Net::unwrapEthernetFrame(unsigned char*, int)
 .text          0x00000000c001a862      0x50e reg/registry.32
                0x00000000c001a862                Reg::findLineFromLoadedData(char*, char*, char*)
                0x00000000c001a9ba                Reg::getLineFromRegistry(char*, char*, char*, char*)
                0x00000000c001ab0f                Reg::getLine(char*, char*, char*)
                0x00000000c001ab46                Reg::readInt(char*, char*, int*)
                0x00000000c001ac31                Reg::readString(char*, char*, char*, int)
                0x00000000c001acb2                Reg::readBool(char*, char*, bool*)
                0x00000000c001acd7                Reg::readBoolWithDefault(char*, char*, bool)
                0x00000000c001ad03                Reg::readIntWithDefault(char*, char*, int)
                0x00000000c001ad2f                Reg::readStringWithDefault(char*, char*, char*, int, char*)
 .text          0x00000000c001ad70       0x36 sys/sc_eject.32
                0x00000000c001ad70                Sys::eject(regs*)
 .text          0x00000000c001ada6       0x18 sys/sc_exit.32
                0x00000000c001ada6                Sys::exit(regs*)
 .text          0x00000000c001adbe       0x1f sys/sc_getcwd.32
                0x00000000c001adbe                Sys::getCwd(regs*)
 .text          0x00000000c001addd        0xc sys/sc_getpid.32
                0x00000000c001addd                Sys::getPID(regs*)
 .text          0x00000000c001ade9       0x1a sys/sc_getramdata.32
                0x00000000c001ade9                Sys::getRAMData(regs*)
 .text          0x00000000c001ae03       0x84 sys/sc_getvgaptr.32
                0x00000000c001ae03                Sys::getVGAPtr(regs*)
 .text          0x00000000c001ae87       0xa8 sys/sc_loaddll.32
                0x00000000c001ae87                Sys::loadDLL(regs*)
 .text          0x00000000c001af2f       0x68 sys/sc_read.32
                0x00000000c001af2f                Sys::read(regs*)
 .text          0x00000000c001af97       0x55 sys/sc_sbrk.32
                0x00000000c001af97                Sys::sbrk(regs*)
 .text          0x00000000c001afec       0x1c sys/sc_setcwd.32
                0x00000000c001afec                Sys::setCwd(regs*)
 .text          0x00000000c001b008       0x95 sys/sc_settime.32
                0x00000000c001b008                Sys::setTime(regs*)
 .text          0x00000000c001b09d       0x4a sys/sc_timezone.32
                0x00000000c001b09d                Sys::timezone(regs*)
 .text          0x00000000c001b0e7       0x68 sys/sc_write.32
                0x00000000c001b0e7                Sys::write(regs*)
 .text          0x00000000c001b14f       0x62 sys/sc_wsbe.32
                0x00000000c001b14f                Sys::wsbe(regs*)
 .text          0x00000000c001b1b1       0x46 sys/sc_yield.32
                0x00000000c001b1b1                Sys::yield(regs*)
 .text          0x00000000c001b1f7      0xf84 sys/syscalls.32
                0x00000000c001b1f7                sysCallSeekDir(regs*)
                0x00000000c001b1fc                sysCallTellDir(regs*)
                0x00000000c001b201                sysCallVerify(regs*)
                0x00000000c001b20b                sysCallGetArgc(regs*)
                0x00000000c001b21b                sysFormatDisk(regs*)
                0x00000000c001b285                sysSetDiskVolumeLabel(regs*)
                0x00000000c001b2cb                sysGetDiskVolumeLabel(regs*)
                0x00000000c001b31c                sysShutdown(regs*)
                0x00000000c001b37a                sysCallRealpath(regs*)
                0x00000000c001b3bd                sysCallReadDir(regs*)
                0x00000000c001b43c                sysCallIsATTY(regs*)
                0x00000000c001b496                sysCallSeek(regs*)
                0x00000000c001b4ed                sysCallTell(regs*)
                0x00000000c001b559                sysCallSize(regs*)
                0x00000000c001b5cb                sysCallSizeFromFilename(regs*)
                0x00000000c001b67a                sysCallClose(regs*)
                0x00000000c001b6da                sysCallOpenDir(regs*)
                0x00000000c001b74f                sysCallCloseDir(regs*)
                0x00000000c001b7a3                sysCallMakeDir(regs*)
                0x00000000c001b813                sysCallWait(regs*)
                0x00000000c001b82d                sysCallNotImpl(regs*)
                0x00000000c001b848                sysPanic(regs*)
                0x00000000c001b862                sysCallRmdir(regs*)
                0x00000000c001b8c6                sysCallUnlink(regs*)
                0x00000000c001b92a                sysCallGetArgv(regs*)
                0x00000000c001b976                sysCallTTYName(regs*)
                0x00000000c001b9f9                sysCallUSleep(regs*)
                0x00000000c001ba20                sysCallSpawn(regs*)
                0x00000000c001ba88                sysCallGetEnv(regs*)
                0x00000000c001bb35                sysAppSettings(regs*)
                0x00000000c001bc49                sysSetFatAttrib(regs*)
                0x00000000c001bcbb                sysPipe(regs*)
                0x00000000c001bd00                sysGetUnixTime(regs*)
                0x00000000c001bd14                string_ends_with(char const*, char const*)
                0x00000000c001bd5c                sysCallOpen(regs*)
                0x00000000c001bf44                Sys::loadSyscalls()
                0x00000000c001c139                Sys::systemCall(regs*, void*)
 .text          0x00000000c001c17b     0x1203 thr/elf.32
                0x00000000c001c17b                Thr::allocateMemoryForTask(Process*, File*, unsigned long, unsigned long, unsigned long)
                0x00000000c001c425                Thr::loadProgramIntoMemory(Process*, char const*)
                0x00000000c001c63b                Thr::runtimeReferenceHelper()
                0x00000000c001c64e                Thr::getAddressOfKernelSymbol(char const*)
                0x00000000c001c69d                Thr::loadKernelSymbolTable(char const*)
                0x00000000c001c95b                Thr::loadDriverIntoMemory(char const*, unsigned long, bool)
                0x00000000c001d091                Thr::getDriverBaseFromAddress(unsigned long)
                0x00000000c001d0c3                Thr::getDriverNameFromAddress(unsigned long)
                0x00000000c001d0fa                Thr::getDriverOffsetFromAddress(unsigned long)
                0x00000000c001d114                Thr::loadDLL(char const*, bool)
                0x00000000c001d345                Thr::executeDLL(unsigned long, void*)
 .text          0x00000000c001d37e     0x11ef thr/prcssthr.32
                0x00000000c001d37e                userModeEntryPoint(void*)
                0x00000000c001d3a4                changeTSS
                0x00000000c001d3d4                switchToThread(ThreadControlBlock*)
                0x00000000c001d47e                Process::addArgs(char**)
                0x00000000c001d4d8                Process::Process(char const*, Process*, char**)
                0x00000000c001d4d8                Process::Process(char const*, Process*, char**)
                0x00000000c001d6bc                Process::Process(bool, char const*, Process*, char**)
                0x00000000c001d6bc                Process::Process(bool, char const*, Process*, char**)
                0x00000000c001d86b                taskStartupFunction
                0x00000000c001d874                Semaphore::Semaphore(int)
                0x00000000c001d874                Semaphore::Semaphore(int)
                0x00000000c001d8a2                Mutex::Mutex()
                0x00000000c001d8a2                Mutex::Mutex()
                0x00000000c001d8b4                Process::createThread(void (*)(void*), void*, int)
                0x00000000c001d9ba                Process::createUserThread()
                0x00000000c001d9d6                setupMultitasking(void (*)())
                0x00000000c001dad9                schedule()
                0x00000000c001db5e                Semaphore::tryAcquire()
                0x00000000c001dc1a                Semaphore::assertLocked(char const*)
                0x00000000c001dc89                blockTaskWithSchedulerLockAlreadyHeld(TaskState)
                0x00000000c001dcaf                blockTask(TaskState)
                0x00000000c001dcdc                waitTask(int, int*, int)
                0x00000000c001dd1e                nanoSleepUntil(unsigned long long)
                0x00000000c001ddb3                nanoSleep(unsigned long long)
                0x00000000c001ddcb                sleep(unsigned long long)
                0x00000000c001dde8                Semaphore::acquire()
                0x00000000c001de8a                taskReturned
                0x00000000c001dec5                Thr::processFromPID(int)
                0x00000000c001df5c                unblockTask(ThreadControlBlock*)
                0x00000000c001dff1                cleanupTerminatedTask(ThreadControlBlock*)
                0x00000000c001e298                cleanerTaskFunction(void*)
                0x00000000c001e379                terminateTask(int)
                0x00000000c001e438                Thr::terminateFromIRQ(int)
                0x00000000c001e444                Semaphore::release()
 .text          0x00000000c001e56d      0xada vm86/vm8086.32
                0x00000000c001e56d                Vm::inbv(unsigned short)
                0x00000000c001e580                Vm::outbv(unsigned short, unsigned char)
                0x00000000c001e5b6                Vm::realToLinear(unsigned short, unsigned short)
                0x00000000c001e5c6                Vm::getSegment(unsigned int)
                0x00000000c001e5ce                Vm::getOffset(unsigned int)
                0x00000000c001e5d3                Vm::mainloop2()
                0x00000000c001e60d                Vm::mainVm8086Loop(void*)
                0x00000000c001e61d                Vm::mainloop3(unsigned long)
                0x00000000c001e643                Vm::initialise8086()
                0x00000000c001e686                Vm::finish8086()
                0x00000000c001e6e7                Vm::getOutput8086(unsigned char*)
                0x00000000c001e70c                Vm::start8086(char const*, unsigned short, unsigned short, unsigned short, unsigned short)
                0x00000000c001e874                Vm::doISR(regs*, int, unsigned char*, unsigned short, unsigned short)
                0x00000000c001e8fe                Vm::readByteFromReal(unsigned short, unsigned short)
                0x00000000c001e90f                Vm::readWordFromReal(unsigned short, unsigned short)
                0x00000000c001e921                Vm::readDwordFromReal(unsigned short, unsigned short)
                0x00000000c001e932                Vm::writeByteFromReal(unsigned short, unsigned short, unsigned char)
                0x00000000c001e947                Vm::writeWordFromReal(unsigned short, unsigned short, unsigned short)
                0x00000000c001e95d                Vm::writeDwordFromReal(unsigned short, unsigned short, unsigned int)
                0x00000000c001e972                Vm::faultHandler(regs*)
 .text          0x00000000c001f047      0xefd vm86/x87em.32
                0x00000000c001f047                Vm::fpuInternalTo32(unsigned long long)
                0x00000000c001f0a2                Vm::fpuInternalTo64(unsigned long long)
                0x00000000c001f0ab                Vm::fpu32ToInternal(unsigned int)
                0x00000000c001f0f0                Vm::fpu64ToInternal(unsigned long long)
                0x00000000c001f0f9                Vm::fpuFloatToLong(unsigned long long)
                0x00000000c001f154                Vm::fpuULongToFloat(unsigned long long)
                0x00000000c001f18a                Vm::fpuLongToFloat(long long)
                0x00000000c001f1e0                Vm::fpuGet0()
                0x00000000c001f1e5                Vm::fpuGet1()
                0x00000000c001f1ed                Vm::fpuGetPi()
                0x00000000c001f1f5                Vm::fpuGetLog2E()
                0x00000000c001f20d                Vm::fpuGetLogE2()
                0x00000000c001f225                Vm::fpuGetLog210()
                0x00000000c001f23d                Vm::fpuGetLog102()
                0x00000000c001f255                Vm::fpuIsSecondLarger(unsigned long long, unsigned long long)
                0x00000000c001f269                Vm::fpuAreEqual(unsigned long long, unsigned long long)
                0x00000000c001f27f                Vm::fpuUnorderedCompare(unsigned long long, unsigned long long)
                0x00000000c001f2d2                Vm::fpuAdd(unsigned long long, unsigned long long)
                0x00000000c001f2e3                Vm::fpuAbs(unsigned long long)
                0x00000000c001f2ec                Vm::fpuChs(unsigned long long)
                0x00000000c001f2fc                Vm::fpuSub(unsigned long long, unsigned long long)
                0x00000000c001f30b                Vm::fpuMultiply(unsigned long long, unsigned long long)
                0x00000000c001f32a                Vm::fpuDivide(unsigned long long, unsigned long long)
                0x00000000c001f346                Vm::fpuSquare(unsigned long long)
                0x00000000c001f35c                Vm::fpuGetReg(int)
                0x00000000c001f39f                Vm::fpuSetReg(int, unsigned long long)
                0x00000000c001f3ea                Vm::fpuPush(unsigned long long)
                0x00000000c001f447                Vm::fpuPop()
                0x00000000c001f499                Vm::x87Handler(regs*)
 .text          0x00000000c001ff44     0x11c1 fs/fat/vfslink.32
                0x00000000c001ff44                FAT::getName()
                0x00000000c001ff4a                FAT::tell(void*, unsigned long long*)
                0x00000000c001ff7e                FAT::stat(void*, unsigned long long*)
                0x00000000c001ffb2                FAT::~FAT()
                0x00000000c001ffb2                FAT::~FAT()
                0x00000000c001ffd6                FAT::~FAT()
                0x00000000c001fffe                FAT::getlabel(LogicalDisk*, int, char*, unsigned int*)
                0x00000000c002009c                FAT::setlabel(LogicalDisk*, int, char*)
                0x00000000c0020156                FAT::format(LogicalDisk*, int, char const*, int)
                0x00000000c0020314                FAT::tryMount(LogicalDisk*, int)
                0x00000000c002051a                FAT::getFileFirstSector(char const*)
                0x00000000c00205c0                FAT::readDir(void*, unsigned long, void*, int*)
                0x00000000c002071a                FAT::read(void*, unsigned long, void*, int*)
                0x00000000c0020774                FAT::write(void*, unsigned long, void*, int*)
                0x00000000c00207ce                FAT::close(void*)
                0x00000000c002081a                FAT::closeDir(void*)
                0x00000000c0020866                FAT::seek(void*, unsigned long long)
                0x00000000c00208ba                fatWrapperReadDisk
                0x00000000c0020901                fatWrapperWriteDisk
                0x00000000c0020948                fatWrapperIoctl
                0x00000000c0020a4c                FAT::FAT()
                0x00000000c0020a4c                FAT::FAT()
                0x00000000c0020a9e                FAT::fixFilepath(char*)
                0x00000000c0020ad6                FAT::open(char const*, void**, FileOpenMode)
                0x00000000c0020bfe                FAT::openDir(char const*, void**)
                0x00000000c0020ca4                FAT::stat(char const*, unsigned long long*, bool*)
                0x00000000c0020d8e                FAT::unlink(char const*)
                0x00000000c0020e08                FAT::chfatattr(char const*, unsigned char, unsigned char)
                0x00000000c0020f5c                FAT::rename(char const*, char const*)
                0x00000000c0021020                FAT::mkdir(char const*)
                0x00000000c002109a                FAT::exists(char const*)
 *fill*         0x00000000c0021105        0x1 
 .text          0x00000000c0021106      0xb75 fs/iso9660/vfslink.32
                0x00000000c0021106                ISO9660::format(LogicalDisk*, int, char const*, int)
                0x00000000c002110c                ISO9660::seek(void*, unsigned long long)
                0x00000000c002113c                ISO9660::tell(void*, unsigned long long*)
                0x00000000c0021160                ISO9660::getName()
                0x00000000c0021166                ISO9660::stat(void*, unsigned long long*)
                0x00000000c002118a                ISO9660::chfatattr(char const*, unsigned char, unsigned char)
                0x00000000c0021190                ISO9660::unlink(char const*)
                0x00000000c0021196                ISO9660::write(void*, unsigned long, void*, int*)
                0x00000000c002119c                ISO9660::rename(char const*, char const*)
                0x00000000c00211a2                ISO9660::mkdir(char const*)
                0x00000000c00211a8                ISO9660::close(void*)
                0x00000000c00211ca                ISO9660::closeDir(void*)
                0x00000000c00211ec                ISO9660::~ISO9660()
                0x00000000c00211ec                ISO9660::~ISO9660()
                0x00000000c0021210                ISO9660::~ISO9660()
                0x00000000c0021237                __memmem(unsigned char*, int, unsigned char*, int)
                0x00000000c0021279                readSectorFromCDROM(unsigned int, unsigned char*, char)
                0x00000000c00212d4                ISO9660::tryMount(LogicalDisk*, int)
                0x00000000c0021324                ISO9660::read(void*, unsigned long, void*, int*)
                0x00000000c0021528                ISO9660::readDir(void*, unsigned long, void*, int*)
                0x00000000c00217a2                readRoot(unsigned int*, unsigned int*, char)
                0x00000000c00217f6                readRecursively(char*, unsigned int, unsigned int, unsigned int*, unsigned int*, char, int*)
                0x00000000c00219c9                getFileData(char*, unsigned int*, unsigned int*, char, int*)
                0x00000000c0021a58                ISO9660::open(char const*, void**, FileOpenMode)
                0x00000000c0021b06                ISO9660::exists(char const*)
                0x00000000c0021b2a                ISO9660::stat(char const*, unsigned long long*, bool*)
                0x00000000c0021bbe                ISO9660::openDir(char const*, void**)
                0x00000000c0021c58                ISO9660::ISO9660()
                0x00000000c0021c58                ISO9660::ISO9660()
 *fill*         0x00000000c0021c7b        0x1 
 .text          0x00000000c0021c7c      0x396 hal/sound/sndchannel.32
                0x00000000c0021c7c                SoundChannel::SoundChannel(int, int, int, int)
                0x00000000c0021c7c                SoundChannel::SoundChannel(int, int, int, int)
                0x00000000c0021da6                SoundChannel::~SoundChannel()
                0x00000000c0021da6                SoundChannel::~SoundChannel()
                0x00000000c0021dc2                SoundChannel::getSampleRate()
                0x00000000c0021dca                SoundChannel::getBits()
                0x00000000c0021dd2                SoundChannel::getBufferUsed()
                0x00000000c0021dda                SoundChannel::getBufferSize()
                0x00000000c0021de2                SoundChannel::unbuffer(float*, int, int)
                0x00000000c0021e76                SoundChannel::buffer16(short*, int)
                0x00000000c0021f72                SoundChannel::buffer8(unsigned char*, int)
 .text          0x00000000c0022012      0x43e hal/sound/sndhw.32
                0x00000000c0022012                SoundDevice::SoundDevice(char const*)
                0x00000000c0022012                SoundDevice::SoundDevice(char const*)
                0x00000000c002207e                SoundDevice::~SoundDevice()
                0x00000000c002207e                SoundDevice::~SoundDevice()
                0x00000000c00220f8                SoundDevice::~SoundDevice()
                0x00000000c0022122                SoundDevice::getFreeChannelNum()
                0x00000000c002213c                SoundDevice::addChannel(SoundChannel*)
                0x00000000c00221ac                SoundDevice::removeChannel(int)
                0x00000000c00221de                SoundDevice::floatTo16(float*, short*, int)
                0x00000000c00222cc                SoundDevice::floatTo8(float*, unsigned char*, int)
                0x00000000c00223b4                SoundDevice::getAudio(int, float*, float*)
 .text          0x00000000c0022450        0x0 hw/bus/isa.32
 .text          0x00000000c0022450      0xb87 hw/bus/pci.32
                0x00000000c0022450                PCI::open(int, int, void*)
                0x00000000c002246e                PCI::close(int, int, void*)
                0x00000000c0022472                PCI::PCI()
                0x00000000c0022472                PCI::PCI()
                0x00000000c0022508                PCI::readBAR8(unsigned int, int)
                0x00000000c0022524                PCI::readBAR16(unsigned int, int)
                0x00000000c0022542                PCI::readBAR32(unsigned int, int)
                0x00000000c002255e                PCI::writeBAR8(unsigned int, unsigned char, int)
                0x00000000c002257e                PCI::writeBAR16(unsigned int, unsigned short, int)
                0x00000000c00225a0                PCI::writeBAR32(unsigned int, unsigned int, int)
                0x00000000c00225c0                PCI::legacyMechanism(unsigned char, unsigned char, unsigned char, unsigned char)
                0x00000000c002262e                PCI::pciReadWord(unsigned char, unsigned char, unsigned char, unsigned char)
                0x00000000c00226d6                PCI::getVendorID(unsigned char, unsigned char, unsigned char)
                0x00000000c00226fa                PCI::getHeaderType(unsigned char, unsigned char, unsigned char)
                0x00000000c0022722                PCI::getClassCode(unsigned char, unsigned char, unsigned char)
                0x00000000c002276c                PCI::getProgIF(unsigned char, unsigned char, unsigned char)
                0x00000000c0022794                PCI::getRevisionID(unsigned char, unsigned char, unsigned char)
                0x00000000c00227b8                PCI::getInterruptNumber(unsigned char, unsigned char, unsigned char)
                0x00000000c00227dc                PCI::getSecondaryBus(unsigned char, unsigned char, unsigned char)
                0x00000000c0022804                PCI::getBARAddress(unsigned char, unsigned char, unsigned char, unsigned char)
                0x00000000c0022868                PCI::pciWriteWord(unsigned char, unsigned char, unsigned char, unsigned char, unsigned short)
                0x00000000c0022950                PCI::pciDetailsToFilepath(PCIDeviceInfo, char*)
                0x00000000c0022bca                PCI::checkBus(unsigned char)
                0x00000000c0022bee                PCI::foundDevice(PCIDeviceInfo)
                0x00000000c0022d60                PCI::getDeviceData(unsigned char, unsigned char, unsigned char)
                0x00000000c0022f18                PCI::checkDevice(unsigned char, unsigned char)
                0x00000000c0022f84                PCI::detect()
 *fill*         0x00000000c0022fd7        0x1 
 .text          0x00000000c0022fd8      0xb54 hw/diskctrl/ide.32
                0x00000000c0022fd8                IDE::close(int, int, void*)
                0x00000000c0022fdc                IDE::IDE()
                0x00000000c0022fdc                IDE::IDE()
                0x00000000c0023010                IDE::prepareInterrupt(unsigned char)
                0x00000000c0023022                selectDrive(unsigned char, unsigned char)
                0x00000000c0023024                IDE::getBase(unsigned char)
                0x00000000c0023036                IDE::write(unsigned char, unsigned char, unsigned char)
                0x00000000c00230f6                IDE::read(unsigned char, unsigned char)
                0x00000000c00231a4                IDE::waitInterrupt(unsigned char)
                0x00000000c002320a                ideChannel0IRQHandler(regs*, void*)
                0x00000000c0023226                ideChannel1IRQHandler(regs*, void*)
                0x00000000c0023242                IDE::enableIRQs(unsigned char, bool)
                0x00000000c0023288                IDE::open(int, int, void*)
                0x00000000c0023696                IDE::readBuffer(unsigned char, unsigned char, unsigned int, unsigned int)
                0x00000000c0023762                IDE::detect()
                0x00000000c0023a28                IDE::printError(unsigned char, unsigned char, unsigned char)
                0x00000000c0023ad8                IDE::polling(unsigned char, unsigned int)
 .text          0x00000000c0023b2c      0x336 hw/diskctrl/satabus.32
                0x00000000c0023b2c                SATABus::close(int, int, void*)
                0x00000000c0023b30                SATABus::detect()
                0x00000000c0023b32                SATABus::SATABus()
                0x00000000c0023b32                SATABus::SATABus()
                0x00000000c0023bb8                SATABus::findCmdslot(SATABus::tagHBA_PORT volatile*)
                0x00000000c0023c00                SATABus::checkType(SATABus::tagHBA_PORT volatile*)
                0x00000000c0023c48                SATABus::startCmd(SATABus::tagHBA_PORT volatile*)
                0x00000000c0023c68                SATABus::stopCmd(SATABus::tagHBA_PORT volatile*)
                0x00000000c0023c92                SATABus::portRebase(SATABus::tagHBA_PORT volatile*, int)
                0x00000000c0023d98                SATABus::probePort(SATABus::tagHBA_MEM volatile*)
                0x00000000c0023e42                SATABus::open(int, int, void*)
 .text          0x00000000c0023e62      0x688 hw/diskphys/ata.32
                0x00000000c0023e62                ATA::close(int, int, void*)
                0x00000000c0023e86                ATA::powerSaving(PowerSavingLevel)
                0x00000000c0023e88                ATA::ATA()
                0x00000000c0023e88                ATA::ATA()
                0x00000000c0023eb6                ATA::flush(bool)
                0x00000000c0023f00                ATA::readyForCommand()
                0x00000000c0023f50                ATA::access(unsigned long long, int, void*, bool)
                0x00000000c0024346                ATA::read(unsigned long long, int, void*)
                0x00000000c0024392                ATA::write(unsigned long long, int, void*)
                0x00000000c00243f4                ATA::detectCHS()
                0x00000000c002441e                ATA::open(int, int, void*)
 .text          0x00000000c00244ea      0x5bd hw/diskphys/atapi.32
                0x00000000c00244ea                ATAPI::write(unsigned long long, int, void*)
                0x00000000c00244f0                ATAPI::close(int, int, void*)
                0x00000000c0024514                ATAPI::ATAPI()
                0x00000000c0024514                ATAPI::ATAPI()
                0x00000000c0024542                ATAPI::readyForCommand()
                0x00000000c0024592                ATAPI::sendPacket(unsigned char*, int, bool, unsigned short*, int)
                0x00000000c0024852                ATAPI::diskRemoved()
                0x00000000c002486e                ATAPI::eject()
                0x00000000c00248b6                ATAPI::diskInserted()
                0x00000000c00248e4                ATAPI::detectMedia()
                0x00000000c00249a0                ATAPI::open(int, int, void*)
                0x00000000c0024a28                ATAPI::read(unsigned long long, int, void*)
 *fill*         0x00000000c0024aa7        0x1 
 .text          0x00000000c0024aa8      0x41c hw/diskphys/sata.32
                0x00000000c0024aa8                SATA::close(int, int, void*)
                0x00000000c0024acc                SATA::powerSaving(PowerSavingLevel)
                0x00000000c0024ace                SATA::open(int, int, void*)
                0x00000000c0024b78                SATA::SATA()
                0x00000000c0024b78                SATA::SATA()
                0x00000000c0024ba6                SATA::access(unsigned long long, int, void*, bool)
                0x00000000c0024e0c                SATA::read(unsigned long long, int, void*)
                0x00000000c0024e58                SATA::write(unsigned long long, int, void*)
 .text          0x00000000c0024ec4      0x4fe hw/diskphys/satapi.32
                0x00000000c0024ec4                SATAPI::write(unsigned long long, int, void*)
                0x00000000c0024eca                SATAPI::close(int, int, void*)
                0x00000000c0024eee                SATAPI::SATAPI()
                0x00000000c0024eee                SATAPI::SATAPI()
                0x00000000c0024f1c                SATAPI::diskRemoved()
                0x00000000c0024f38                SATAPI::diskInserted()
                0x00000000c0024f66                SATAPI::sendPacket(unsigned char*, int, unsigned long long, unsigned short*, int)
                0x00000000c002516e                SATAPI::eject()
                0x00000000c00251b6                SATAPI::detectMedia()
                0x00000000c0025278                SATAPI::open(int, int, void*)
                0x00000000c0025320                SATAPI::read(unsigned long long, int, void*)
 .text          0x00000000c00253c2       0x8e hw/fpu/avx.32
                0x00000000c00253c2                AVX::open(int, int, void*)
                0x00000000c00253d4                AVX::close(int, int, void*)
                0x00000000c00253e6                AVX::available()
                0x00000000c00253f8                AVX::save(void*)
                0x00000000c0025410                AVX::load(void*)
                0x00000000c0025428                AVX::AVX()
                0x00000000c0025428                AVX::AVX()
 .text          0x00000000c0025450       0x90 hw/fpu/mmx.32
                0x00000000c0025450                MMX::available()
                0x00000000c0025464                MMX::open(int, int, void*)
                0x00000000c0025476                MMX::close(int, int, void*)
                0x00000000c0025488                MMX::save(void*)
                0x00000000c00254a0                MMX::load(void*)
                0x00000000c00254b8                MMX::MMX()
                0x00000000c00254b8                MMX::MMX()
 .text          0x00000000c00254e0       0x96 hw/fpu/sse.32
                0x00000000c00254e0                SSE::open(int, int, void*)
                0x00000000c00254f2                SSE::close(int, int, void*)
                0x00000000c0025504                SSE::available()
                0x00000000c002551e                SSE::save(void*)
                0x00000000c0025536                SSE::load(void*)
                0x00000000c002554e                SSE::SSE()
                0x00000000c002554e                SSE::SSE()
 .text          0x00000000c0025576       0x8e hw/fpu/x87.32
                0x00000000c0025576                x87::open(int, int, void*)
                0x00000000c0025588                x87::close(int, int, void*)
                0x00000000c002559a                x87::available()
                0x00000000c00255ac                x87::save(void*)
                0x00000000c00255c4                x87::load(void*)
                0x00000000c00255dc                x87::x87()
                0x00000000c00255dc                x87::x87()
 .text          0x00000000c0025604      0x71e hw/intctrl/apic.32
                0x00000000c0025604                APIC::disable()
                0x00000000c0025606                APIC::close(int, int, void*)
                0x00000000c0025628                IOAPIC::close(int, int, void*)
                0x00000000c002562e                APIC::io_wait()
                0x00000000c0025634                APIC::getBase()
                0x00000000c0025676                APIC::eoi(unsigned char)
                0x00000000c00256a4                APIC::open(int, int, void*)
                0x00000000c00257f2                IOAPIC::IOAPIC()
                0x00000000c00257f2                IOAPIC::IOAPIC()
                0x00000000c002581a                APIC::APIC()
                0x00000000c002581a                APIC::APIC()
                0x00000000c00258f6                IOAPIC::handlesGSIWithNumber(unsigned int)
                0x00000000c0025928                IOAPIC::read(int)
                0x00000000c0025950                IOAPIC::open(int, int, void*)
                0x00000000c0025a46                IOAPIC::write(int, int)
                0x00000000c0025a72                IOAPIC::redirect(unsigned char, unsigned long long, unsigned char, bool, bool)
                0x00000000c0025b6c                APIC::installIRQHandler(int, void (*)(regs*, void*), bool, void*)
 .text          0x00000000c0025d22      0x3d3 hw/intctrl/pic.32
                0x00000000c0025d22                PIC::disable()
                0x00000000c0025d50                PIC::close(int, int, void*)
                0x00000000c0025d72                PIC::PIC()
                0x00000000c0025d72                PIC::PIC()
                0x00000000c0025e48                PIC::ioWait()
                0x00000000c0025e4e                PIC::getIRQReg(int)
                0x00000000c0025eb8                PIC::eoi(unsigned char)
                0x00000000c0025f4a                PIC::remap()
                0x00000000c00260b6                PIC::open(int, int, void*)
 *fill*         0x00000000c00260f5        0x1 
 .text          0x00000000c00260f6      0x25e hw/timer/apictimer.32
                0x00000000c00260f6                APICTimer::close(int, int, void*)
                0x00000000c00260fc                apicTimerHandler(regs*, void*)
                0x00000000c002612a                APICTimer::write(int)
                0x00000000c002622e                APICTimer::open(int, int, void*)
                0x00000000c002632c                APICTimer::APICTimer()
                0x00000000c002632c                APICTimer::APICTimer()
 .text          0x00000000c0026354      0x1a7 hw/timer/pit.32
                0x00000000c0026354                PIT::write(int)
                0x00000000c00263d2                pitHandler(regs*, void*)
                0x00000000c00263fe                PIT::open(int, int, void*)
                0x00000000c002644c                PIT::close(int, int, void*)
                0x00000000c002647c                PIT::PIT()
                0x00000000c002647c                PIT::PIT()
 *fill*         0x00000000c00264fb        0x5 
 .text          0x00000000c0026500       0x1e hw/fpu/x86/avx.32
                0x00000000c0026500                avxDetect
                0x00000000c0026506                avxSave
                0x00000000c0026507                avxLoad
                0x00000000c0026508                avxInit
                0x00000000c0026509                avxClose
                0x00000000c002650a                wouldSheSayYes
 *fill*         0x00000000c002651e        0x2 
 .text          0x00000000c0026520       0x35 hw/fpu/x86/sse.32
                0x00000000c0026520                absolutelyNoChanceInHell
                0x00000000c0026520                sseDetect
                0x00000000c0026538                sseSave
                0x00000000c002653e                sseLoad
                0x00000000c0026544                sseInit
                0x00000000c0026554                sseClose
 *fill*         0x00000000c0026555        0xb 
 .text          0x00000000c0026560       0x4d hw/fpu/x86/x87.32
                0x00000000c0026566                x87Detect
                0x00000000c0026581                x87Save
                0x00000000c002658a                x87Load
                0x00000000c0026592                x87Init
                0x00000000c00265ac                x87Close
 *fill*         0x00000000c00265ad        0x3 
 .text          0x00000000c00265b0       0x25 /cygdrive/d/Users/Alex/Desktop/Toolchain/Output/bin/../lib/gcc/i386-banana/8.1.0/crtend.o
 .text          0x00000000c00265d5        0x0 crtn.32
 *fill*         0x00000000c00265d5        0x3 
 .text          0x00000000c00265d8      0x14b /cygdrive/d/Users/Alex/Desktop/Toolchain/Output/bin/../lib/gcc/i386-banana/8.1.0/libkgcc.a(_divdi3.o)
                0x00000000c00265d8                __divdi3
 *fill*         0x00000000c0026723        0x1 
 .text          0x00000000c0026724      0x17e /cygdrive/d/Users/Alex/Desktop/Toolchain/Output/bin/../lib/gcc/i386-banana/8.1.0/libkgcc.a(_moddi3.o)
                0x00000000c0026724                __moddi3
 *fill*         0x00000000c00268a2        0x2 
 .text          0x00000000c00268a4       0xff /cygdrive/d/Users/Alex/Desktop/Toolchain/Output/bin/../lib/gcc/i386-banana/8.1.0/libkgcc.a(_udivdi3.o)
                0x00000000c00268a4                __udivdi3
 *fill*         0x00000000c00269a3        0x1 
 .text          0x00000000c00269a4      0x11a /cygdrive/d/Users/Alex/Desktop/Toolchain/Output/bin/../lib/gcc/i386-banana/8.1.0/libkgcc.a(_umoddi3.o)
                0x00000000c00269a4                __umoddi3
 .text          0x00000000c0026abe      0x96d D:/Users/Alex/Desktop/Banana/kernel/libsoftfp.a(sfieeelib.o)
                0x00000000c0026abe                __addsf3
                0x00000000c0026dc0                __subsf3
                0x00000000c0026dd4                __negsf2
                0x00000000c0026de1                __mulsf3
                0x00000000c0026fa4                __divsf3
                0x00000000c00271cf                __floatsisf
                0x00000000c0027243                __floatunsisf
                0x00000000c0027285                __fixsfsi
                0x00000000c00272e7                __fixunssfsi
                0x00000000c0027318                __cmpsf2
                0x00000000c00273ad                __eqsf2
                0x00000000c00273e8                __nesf2
                0x00000000c00273ea                __gtsf2
                0x00000000c0027425                __gesf2
                0x00000000c0027427                __ltsf2
                0x00000000c0027429                __lesf2
 .text          0x00000000c002742b      0xf50 D:/Users/Alex/Desktop/Banana/kernel/libsoftfp.a(dfieeelib.o)
                0x00000000c002742b                __adddf3
                0x00000000c0027a7c                __subdf3