Archive member included to satisfy reference by file (symbol)

/cygdrive/d/Users/Alex/Desktop/Toolchain/Output/bin/../lib/gcc/i386-banana/8.1.0/libkgcc.a(_divdi3.o)
                              fs/fat/ff.32 (__divdi3)
/cygdrive/d/Users/Alex/Desktop/Toolchain/Output/bin/../lib/gcc/i386-banana/8.1.0/libkgcc.a(_moddi3.o)
                              compat/resolve.32 (__moddi3)
/cygdrive/d/Users/Alex/Desktop/Toolchain/Output/bin/../lib/gcc/i386-banana/8.1.0/libkgcc.a(_udivdi3.o)
                              fs/fat/ff.32 (__udivdi3)
/cygdrive/d/Users/Alex/Desktop/Toolchain/Output/bin/../lib/gcc/i386-banana/8.1.0/libkgcc.a(_umoddi3.o)
                              compat/resolve.32 (__umoddi3)
D:/Users/Alex/Desktop/Banana/kernel/libsoftfp.a(sfieeelib.o)
                              hal/libresample/src_linear.32 (__subsf3)
D:/Users/Alex/Desktop/Banana/kernel/libsoftfp.a(dfieeelib.o)
                              hal/libresample/src_linear.32 (__adddf3)
D:/Users/Alex/Desktop/Banana/kernel/libsoftfp.a(sfdfcvt.o)
                              hal/libresample/samplerate.32 (__truncdfsf2)
D:/Users/Alex/Desktop/Banana/kernel/libk/libm32.a(s_fabs.c.o)
                              hal/libresample/samplerate.32 (fabs)
D:/Users/Alex/Desktop/Banana/kernel/libk/libm32.a(s_lrint.S.o)
                              hal/libresample/samplerate.32 (lrint)
D:/Users/Alex/Desktop/Banana/kernel/libk/libm32.a(s_lrintf.S.o)
                              hal/sound/sndhw.32 (lrintf)

Discarded input sections

 .comment       0x0000000000000000       0x12 /cygdrive/d/Users/Alex/Desktop/Toolchain/Output/bin/../lib/gcc/i386-banana/8.1.0/crtbegin.o
 .comment       0x0000000000000000       0x12 acpica/utclib.32
 .comment       0x0000000000000000       0x12 core/malloc.32
 .comment       0x0000000000000000       0x12 libk/string.32
 .comment       0x0000000000000000       0x12 fs/fat/diskio.32
 .comment       0x0000000000000000       0x12 fs/fat/ff.32
 .comment       0x0000000000000000       0x12 fs/fat/ffsystem.32
 .comment       0x0000000000000000       0x12 fs/fat/ffunicode.32
 .comment       0x0000000000000000       0x12 hal/libresample/samplerate.32
 .comment       0x0000000000000000       0x12 hal/libresample/src_linear.32
 .comment       0x0000000000000000       0x12 hal/libresample/src_sinc.32
 .comment       0x0000000000000000       0x12 hal/libresample/src_zoh.32
 .comment       0x0000000000000000       0x12 compat/inlines.32
 .comment       0x0000000000000000       0x12 compat/resolve.32
 .group         0x0000000000000000       0x14 core/computer.32
 .group         0x0000000000000000        0xc core/computer.32
 .comment       0x0000000000000000       0x12 core/computer.32
 .comment       0x0000000000000000       0x12 core/gdt.32
 .group         0x0000000000000000        0xc core/idle.32
 .comment       0x0000000000000000       0x12 core/idle.32
 .comment       0x0000000000000000       0x12 core/idt.32
 .comment       0x0000000000000000       0x12 core/kheap.32
 .comment       0x0000000000000000       0x12 core/main.32
 .comment       0x0000000000000000       0x12 core/physmgr.32
 .group         0x0000000000000000        0xc core/pipe.32
 .comment       0x0000000000000000       0x12 core/pipe.32
 .group         0x0000000000000000        0xc core/terminal.32
 .comment       0x0000000000000000       0x12 core/terminal.32
 .comment       0x0000000000000000       0x12 core/tss.32
 .group         0x0000000000000000        0x8 core/unixfile.32
 .group         0x0000000000000000        0x8 core/unixfile.32
 .group         0x0000000000000000        0xc core/unixfile.32
 .group         0x0000000000000000        0x8 core/unixfile.32
 .group         0x0000000000000000        0xc core/unixfile.32
 .group         0x0000000000000000        0x8 core/unixfile.32
 .group         0x0000000000000000        0xc core/unixfile.32
 .group         0x0000000000000000        0xc core/unixfile.32
 .comment       0x0000000000000000       0x12 core/unixfile.32
 .comment       0x0000000000000000       0x12 core/virtmgr.32
 .comment       0x0000000000000000       0x12 coreobjs/c++.32
 .comment       0x0000000000000000       0x12 dbg/kconsole.32
 .group         0x0000000000000000        0xc fs/vfs.32
 .group         0x0000000000000000        0xc fs/vfs.32
 .group         0x0000000000000000        0xc fs/vfs.32
 .comment       0x0000000000000000       0x12 fs/vfs.32
 .group         0x0000000000000000        0xc hal/bus.32
 .comment       0x0000000000000000       0x12 hal/bus.32
 .group         0x0000000000000000        0xc hal/buzzer.32
 .comment       0x0000000000000000       0x12 hal/buzzer.32
 .group         0x0000000000000000        0xc hal/clock.32
 .comment       0x0000000000000000       0x12 hal/clock.32
 .group         0x0000000000000000       0x14 hal/device.32
 .group         0x0000000000000000        0xc hal/device.32
 .group         0x0000000000000000        0x8 hal/device.32
 .group         0x0000000000000000        0xc hal/device.32
[...]
Memory Configuration

Name             Origin             Length             Attributes
*default*        0x0000000000000000 0xffffffffffffffff

Linker script and memory map

LOAD D:/Users/Alex/Desktop/Banana/kernel/boot.32
LOAD crti.32
LOAD /cygdrive/d/Users/Alex/Desktop/Toolchain/Output/bin/../lib/gcc/i386-banana/8.1.0/crtbegin.o
LOAD D:/Users/Alex/Desktop/Banana/kernel/morenasm.32
LOAD acpica/utclib.32
LOAD core/malloc.32
LOAD libk/string.32
LOAD fs/fat/diskio.32
LOAD fs/fat/ff.32
LOAD fs/fat/ffsystem.32
LOAD fs/fat/ffunicode.32
LOAD hal/libresample/samplerate.32
LOAD hal/libresample/src_linear.32
LOAD hal/libresample/src_sinc.32
LOAD hal/libresample/src_zoh.32
LOAD compat/inlines.32
LOAD compat/resolve.32
LOAD core/computer.32
LOAD core/gdt.32
LOAD core/idle.32
LOAD core/idt.32
LOAD core/kheap.32
LOAD core/main.32
LOAD core/physmgr.32
LOAD core/pipe.32
LOAD core/terminal.32
LOAD core/tss.32
LOAD core/unixfile.32
LOAD core/virtmgr.32
LOAD coreobjs/c++.32
LOAD dbg/kconsole.32
LOAD fs/vfs.32
LOAD hal/bus.32
LOAD hal/buzzer.32
LOAD hal/clock.32
LOAD hal/device.32
LOAD hal/diskctrl.32
LOAD hal/diskphys.32
LOAD hal/fpu.32
LOAD hal/intctrl.32
LOAD hal/keybrd.32
LOAD hal/logidisk.32
LOAD hal/mouse.32
LOAD hal/partition.32
LOAD hal/serial.32
LOAD hal/timer.32
LOAD hal/vcache.32
LOAD hal/video.32
LOAD hw/acpi.32
LOAD hw/cpu.32
LOAD hw/ports.32
LOAD hw/smp.32
LOAD krnl/env.32
LOAD krnl/panic.32
LOAD net/ethernet.32
LOAD reg/registry.32
LOAD sys/sc_eject.32
LOAD sys/sc_exit.32
LOAD sys/sc_getcwd.32
LOAD sys/sc_getpid.32
LOAD sys/sc_getramdata.32
LOAD sys/sc_getvgaptr.32
LOAD sys/sc_loaddll.32
LOAD sys/sc_read.32
LOAD sys/sc_sbrk.32
LOAD sys/sc_setcwd.32
LOAD sys/sc_settime.32
LOAD sys/sc_timezone.32
LOAD sys/sc_write.32
LOAD sys/sc_wsbe.32
LOAD sys/sc_yield.32
LOAD sys/syscalls.32
LOAD thr/elf.32
LOAD thr/prcssthr.32
LOAD vm86/vm8086.32
LOAD vm86/x87em.32
LOAD fs/fat/vfslink.32
LOAD fs/iso9660/vfslink.32
LOAD hal/sound/sndchannel.32
LOAD hal/sound/sndhw.32
LOAD hw/bus/isa.32
LOAD hw/bus/pci.32
LOAD hw/diskctrl/ide.32
LOAD hw/diskctrl/satabus.32
LOAD hw/diskphys/ata.32
LOAD hw/diskphys/atapi.32
LOAD hw/diskphys/sata.32
LOAD hw/diskphys/satapi.32
LOAD hw/fpu/avx.32
LOAD hw/fpu/mmx.32
LOAD hw/fpu/sse.32
LOAD hw/fpu/x87.32
LOAD hw/intctrl/apic.32
LOAD hw/intctrl/pic.32
LOAD hw/timer/apictimer.32
LOAD hw/timer/pit.32
LOAD hw/fpu/x86/avx.32
LOAD hw/fpu/x86/sse.32
LOAD hw/fpu/x86/x87.32
LOAD /cygdrive/d/Users/Alex/Desktop/Toolchain/Output/bin/../lib/gcc/i386-banana/8.1.0/crtend.o
LOAD crtn.32
LOAD /cygdrive/d/Users/Alex/Desktop/Toolchain/Output/bin/../lib/gcc/i386-banana/8.1.0/libkgcc.a
LOAD D:/Users/Alex/Desktop/Banana/kernel/libsoftfp.a
LOAD D:/Users/Alex/Desktop/Banana/kernel/libk/libm32.a
                0x00000000c0000000                . = 0xc0000000

.text           0x00000000c0000000    0x28528
 *(.text)
 .text          0x00000000c0000000       0x41 D:/Users/Alex/Desktop/Banana/kernel/boot.32
                0x00000000c0000020                callGlobalConstructors
 .text          0x00000000c0000041        0x0 crti.32
 *fill*         0x00000000c0000041        0x3 
 .text          0x00000000c0000044      0x101 /cygdrive/d/Users/Alex/Desktop/Toolchain/Output/bin/../lib/gcc/i386-banana/8.1.0/crtbegin.o
 *fill*         0x00000000c0000145        0xb 
 .text          0x00000000c0000150      0x4fb D:/Users/Alex/Desktop/Banana/kernel/morenasm.32
                0x00000000c0000150                manualPCIProbe
                0x00000000c000019b                prepareTramp
                0x00000000c00001b4                voodooXADD
                0x00000000c000027f                doTPAUSE
                0x00000000c0000289                hasLegacyFPU
                0x00000000c00002ae                is486
                0x00000000c00002e4                detectCPUID
                0x00000000c00002fa                goToVM86
                0x00000000c000032a                goToUsermode
                0x00000000c0000354                switchToThreadASMFirstTime
                0x00000000c0000362                switchToThreadASM
                0x00000000c00003f2                asmQuickAcquireLock
                0x00000000c0000410                asmQuickReleaseLock
                0x00000000c000041c                asmAcquireLock
                0x00000000c000043d                asmReleaseLock
                0x00000000c0000450                loadGDT
                0x00000000c0000470                isr0
                0x00000000c0000480                isr1
                0x00000000c000048a                isr2
                0x00000000c0000494                isr3
                0x00000000c000049e                isr4
                0x00000000c00004a8                isr5
                0x00000000c00004b2                isr6
                0x00000000c00004bc                isr7
                0x00000000c00004c6                isr8
                0x00000000c00004ce                isr9
                0x00000000c00004d8                isr10
                0x00000000c00004e0                isr11
                0x00000000c00004e8                isr12
                0x00000000c00004f0                isr13
                0x00000000c00004f8                isr14
                0x00000000c0000500                isr15
                0x00000000c000050a                isr16
                0x00000000c0000514                isr17
                0x00000000c000051e                isr18
                0x00000000c0000528                irq3
                0x00000000c0000532                irq4
                0x00000000c000053c                irq5
                0x00000000c0000546                irq6
                0x00000000c0000550                irq7
                0x00000000c000055a                irq8
                0x00000000c0000564                irq9
                0x00000000c000056e                irq10
                0x00000000c0000578                irq11
                0x00000000c0000582                irq12
                0x00000000c000058c                irq13
                0x00000000c0000596                irq14
                0x00000000c00005a0                irq15
                0x00000000c00005aa                irq1
                0x00000000c00005b1                irq2
                0x00000000c00005b8                isr96
                0x00000000c00005bf                irq0
                0x00000000c00005c4                syscall_common_stub
                0x00000000c00005c4                int_common_stub
                0x00000000c00005f6                irq16
                0x00000000c0000600                irq17
                0x00000000c000060a                irq18
                0x00000000c0000614                irq19
                0x00000000c000061e                irq20
                0x00000000c0000628                irq21
                0x00000000c0000632                irq22
                0x00000000c000063c                irq23
                0x00000000c0000646                memcpy
 *fill*         0x00000000c000064b        0x1 
 .text          0x00000000c000064c      0x5dd acpica/utclib.32
                0x00000000c000064c                memcmp
                0x00000000c0000688                memmove
                0x00000000c0000750                memset
                0x00000000c000076c                strlen
                0x00000000c0000784                strpbrk
                0x00000000c00007c0                strtok
                0x00000000c000080c                strcpy
                0x00000000c0000830                strncpy
                0x00000000c0000898                strcmp
                0x00000000c00008d8                strchr
                0x00000000c00008fc                strncmp
                0x00000000c000094c                strcat
                0x00000000c000097c                strncat
                0x00000000c00009b8                strstr
                0x00000000c0000a00                toupper
                0x00000000c0000a14                tolower
                0x00000000c0000a28                simple_strtoul
 .text          0x00000000c0000c29      0xfad core/malloc.32
                0x00000000c0000d94                dlfree
                0x00000000c00010ef                dlmalloc
                0x00000000c000162c                dlrealloc
                0x00000000c00017cf                dlmemalign
                0x00000000c00018f2                dlcalloc
                0x00000000c000198c                dlcfree
                0x00000000c0001991                dlindependent_calloc
                0x00000000c00019b6                dlindependent_comalloc
                0x00000000c00019cd                dlvalloc
                0x00000000c00019f8                dlpvalloc
                0x00000000c0001a2e                dlmalloc_trim
                0x00000000c0001a3b                dlmalloc_usable_size
                0x00000000c0001a6c                dlmallinfo
                0x00000000c0001b3b                dlmalloc_stats
                0x00000000c0001b4c                dlmallopt
 .text          0x00000000c0001bd6        0x0 libk/string.32
 .text          0x00000000c0001bd6       0x51 fs/fat/diskio.32
                0x00000000c0001bd6                disk_status
                0x00000000c0001bd9                disk_initialize
                0x00000000c0001bdc                disk_read
                0x00000000c0001bf2                disk_write
                0x00000000c0001c08                disk_ioctl
 .text          0x00000000c0001c27     0x6833 fs/fat/ff.32
                0x00000000c0004ef5                f_mount
                0x00000000c0004f57                f_open
                0x00000000c0005393                f_read
                0x00000000c0005613                f_write
                0x00000000c00058cd                f_sync
                0x00000000c0005aa9                f_close
                0x00000000c0005ad8                f_lseek
                0x00000000c0005f8f                f_opendir
                0x00000000c0006091                f_closedir
                0x00000000c00060b3                f_readdir
                0x00000000c000614e                f_stat
                0x00000000c00061dd                f_getfree
                0x00000000c00063a8                f_truncate
                0x00000000c00064a0                f_unlink
                0x00000000c0006623                f_mkdir
                0x00000000c000684f                f_rename
                0x00000000c0006b42                f_chmod
                0x00000000c0006c20                f_utime
                0x00000000c0006cfe                f_getlabel
                0x00000000c0006eec                f_setlabel
                0x00000000c0007159                f_forward
                0x00000000c0007337                f_mkfs
 .text          0x00000000c000845a       0x2d fs/fat/ffsystem.32
                0x00000000c000845a                ff_memalloc
                0x00000000c0008470                ff_memfree
 .text          0x00000000c0008487      0x253 fs/fat/ffunicode.32
                0x00000000c0008487                ff_uni2oem
                0x00000000c0008517                ff_oem2uni
                0x00000000c0008583                ff_wtoupper
 .text          0x00000000c00086da      0x8fb hal/libresample/samplerate.32
                0x00000000c000871e                src_delete
                0x00000000c000875a                src_process
                0x00000000c0008910                src_callback_read
                0x00000000c0008a8d                src_set_ratio
                0x00000000c0008af7                src_get_channels
                0x00000000c0008b19                src_reset
                0x00000000c0008b65                src_new
                0x00000000c0008bf3                src_callback_new
                0x00000000c0008c55                src_get_name
                0x00000000c0008c8c                src_get_description
                0x00000000c0008cc3                src_get_version
                0x00000000c0008cc9                src_is_valid_ratio
                0x00000000c0008d1d                src_error
                0x00000000c0008d2b                src_strerror
                0x00000000c0008d3e                src_simple
                0x00000000c0008d91                src_short_to_float_array
                0x00000000c0008df6                src_float_to_short_array
                0x00000000c0008eb5                src_int_to_float_array
                0x00000000c0008f18                src_float_to_int_array
 .text          0x00000000c0008fd5      0x8cb hal/libresample/src_linear.32
                0x00000000c00097fb                linear_get_name
                0x00000000c000980a                linear_get_description
                0x00000000c0009819                linear_set_converter
 .text          0x00000000c00098a0     0x447c hal/libresample/src_sinc.32
                0x00000000c000dc33                sinc_get_name
                0x00000000c000dc46                sinc_get_description
                0x00000000c000dc59                sinc_set_converter
 .text          0x00000000c000dd1c      0x77c hal/libresample/src_zoh.32
                0x00000000c000e3f3                zoh_get_name
                0x00000000c000e402                zoh_get_description
                0x00000000c000e411                zoh_set_converter
 .text          0x00000000c000e498       0xa7 compat/inlines.32
                0x00000000c000e498                CPU::current()
                0x00000000c000e4a4                operator new(unsigned long)
                0x00000000c000e4a9                operator delete(void*)
                0x00000000c000e4ae                disableIRQs()
                0x00000000c000e4b6                enableIRQs()
                0x00000000c000e4c5                lockScheduler()
                0x00000000c000e4cd                unlockScheduler()
                0x00000000c000e4dc                lockStuff()
                0x00000000c000e4ea                unlockStuff()
                0x00000000c000e524                Virt::getAKernelVAS()
                0x00000000c000e52a                __not_memcpy
 .text          0x00000000c000e53f      0x111 compat/resolve.32
                0x00000000c000e53f                Krnl::resolveCompatibilitySymbol(char*)
 .text          0x00000000c000e650      0x741 core/computer.32
                0x00000000c000e650                Computer::close(int, int, void*)
                0x00000000c000e694                Krnl::firstTask()
                0x00000000c000e7d6                Computer::Computer()
                0x00000000c000e7d6                Computer::Computer()
                0x00000000c000e932                Computer::setBootMessage(char const*)
                0x00000000c000e934                Computer::detectFeatures()
                0x00000000c000eb3e                Computer::displayFeatures()
                0x00000000c000eb40                Computer::rdmsr(unsigned int)
                0x00000000c000eb6c                Computer::wrmsr(unsigned int, unsigned long long)
                0x00000000c000eba4                Computer::nmiEnabled()
                0x00000000c000ebb0                Computer::readCMOS(unsigned char)
                0x00000000c000ebca                Computer::enableNMI(bool)
                0x00000000c000ebe2                Computer::open(int, int, void*)
                0x00000000c000ecd4                Computer::disableNMI()
                0x00000000c000ece2                Computer::writeCMOS(unsigned char, unsigned char)
                0x00000000c000ed00                Computer::handleNMI()
                0x00000000c000ed66                Computer::setDiskActivityLight(int, bool)
 *fill*         0x00000000c000ed91        0x1 
 .text          0x00000000c000ed92      0x19d core/gdt.32
                0x00000000c000ed92                GDTEntry::setBase(unsigned int)
                0x00000000c000edae                GDTEntry::setLimit(unsigned int)
                0x00000000c000edcc                GDT::GDT()
                0x00000000c000edcc                GDT::GDT()
                0x00000000c000ede2                GDT::addEntry(GDTEntry)
                0x00000000c000ee04                GDT::getNumberOfEntries()
                0x00000000c000ee0c                GDT::flush()
                0x00000000c000ee2e                GDT::setup()
 .text          0x00000000c000ef2f       0x6b core/idle.32
                0x00000000c000ef2f                idleFunction(void*)
 .text          0x00000000c000ef9a      0x45e core/idt.32
                0x00000000c000ef9a                IDTEntry::IDTEntry(bool)
                0x00000000c000ef9a                IDTEntry::IDTEntry(bool)
                0x00000000c000f008                IDTEntry::setOffset(unsigned int)
                0x00000000c000f01c                IDT::IDT()
                0x00000000c000f01c                IDT::IDT()
                0x00000000c000f01e                IDT::getPointerToInvalidOpcodeEntryForF00F()
                0x00000000c000f026                IDT::addEntry(IDTEntry, int)
                0x00000000c000f040                IDT::addEntry(int, void (*)(), bool)
                0x00000000c000f078                IDT::flush()
                0x00000000c000f092                IDT::setup()
 .text          0x00000000c000f3f8      0x1fb core/kheap.32
                0x00000000c000f3f8                sbrk
                0x00000000c000f505                mmap
                0x00000000c000f51b                munmap
                0x00000000c000f531                liballoc_lock()
                0x00000000c000f53e                liballoc_unlock()
                0x00000000c000f552                liballoc_alloc(int)
                0x00000000c000f56a                liballoc_free(void*, int)
                0x00000000c000f585                realloc
                0x00000000c000f599                malloc
                0x00000000c000f5a9                free
                0x00000000c000f5b9                rfree
                0x00000000c000f5c9                calloc
 .text          0x00000000c000f5f3      0x1b6 core/main.32
                0x00000000c000f5f3                Krnl::setBootMessage(char const*)
                0x00000000c000f65f                kernel_main
 .text          0x00000000c000f7a9      0x5b5 core/physmgr.32
                0x00000000c000f7a9                Phys::allocateDMA(unsigned long)
                0x00000000c000f877                Phys::freeDMA(unsigned long, unsigned long)
                0x00000000c000f8d6                Phys::setPageState(unsigned long, bool)
                0x00000000c000f908                Phys::getPageState(unsigned long)
                0x00000000c000f924                Phys::freePage(unsigned long)
                0x00000000c000f995                Phys::allocatePage()
                0x00000000c000fa8d                Phys::allocateContiguousPages(int)
                0x00000000c000fae9                Phys::allowSegmentToBeUsed(unsigned long, unsigned long)
                0x00000000c000fb21                Phys::physicalMemorySetup(unsigned int)
 .text          0x00000000c000fd5e      0x273 core/pipe.32
                0x00000000c000fd5e                Pipe::isAtty()
                0x00000000c000fd62                Pipe::~Pipe()
                0x00000000c000fd62                Pipe::~Pipe()
                0x00000000c000fd86                Pipe::~Pipe()
                0x00000000c000fdae                Pipe::read(unsigned long long, void*, int*)
                0x00000000c000feaa                Pipe::write(unsigned long long, void*, int*)
                0x00000000c000ff6a                Pipe::Pipe(int)
                0x00000000c000ff6a                Pipe::Pipe(int)
 *fill*         0x00000000c000ffd1        0x1 
 .text          0x00000000c000ffd2      0xb93 core/terminal.32
                0x00000000c000ffd2                VgaText::isAtty()
                0x00000000c000ffd6                VgaText::~VgaText()
                0x00000000c000ffd6                VgaText::~VgaText()
                0x00000000c000fffa                VgaText::~VgaText()
                0x00000000c0010024                VgaText::read(unsigned long long, void*, int*)
                0x00000000c0010044                setTerminalScrollLock(bool)
                0x00000000c0010045                addToTerminalCycle(VgaText*)
                0x00000000c0010066                installVgaTextImplementation()
                0x00000000c001007b                scrollTerminalScrollLock(int)
                0x00000000c001007c                VgaText::updateTitle()
                0x00000000c00100ba                VgaText::load()
                0x00000000c0010108                VgaText::updateCursor()
                0x00000000c001011e                VgaText::doANSI_SGR(int)
                0x00000000c0010192                VgaText::setDefaultBgColour(VgaColour)
                0x00000000c00101a2                VgaText::setDefaultFgColour(VgaColour)
                0x00000000c00101b2                VgaText::setDefaultColours(VgaColour, VgaColour)
                0x00000000c00101d2                VgaText::setTitleTextColour(VgaColour)
                0x00000000c00101e2                VgaText::setTitleColour(VgaColour)
                0x00000000c00101f2                VgaText::setTitle(char*)
                0x00000000c0010218                VgaText::combineColours(unsigned char, unsigned char)
                0x00000000c001022a                VgaText::scrollScreen()
                0x00000000c00102be                VgaText::combineCharAndColour(char, unsigned char)
                0x00000000c00102d0                VgaText::writeCharacter(char, VgaColour, VgaColour, int, int)
                0x00000000c001032c                VgaText::getCursorX()
                0x00000000c0010334                VgaText::getCursorY()
                0x00000000c001033c                VgaText::setCursor(int, int)
                0x00000000c0010353                setActiveTerminal(VgaText*)
                0x00000000c00103b5                doTerminalCycle()
                0x00000000c00103d0                VgaText::setCursorX(int)
                0x00000000c00103e8                VgaText::setCursorY(int)
                0x00000000c0010400                VgaText::incrementCursor(bool)
                0x00000000c0010454                VgaText::decrementCursor(bool)
                0x00000000c0010476                VgaText::putchar(char, VgaColour, VgaColour)
                0x00000000c001054e                VgaText::doUpdate()
                0x00000000c001055c                VgaText::puts(char const*, VgaColour, VgaColour)
                0x00000000c00106d4                VgaText::clearScreen()
                0x00000000c001072e                VgaText::putchar(char)
                0x00000000c001081a                VgaText::putx(unsigned int)
                0x00000000c0010860                VgaText::puts(char const*)
                0x00000000c0010886                VgaText::VgaText(char const*)
                0x00000000c0010886                VgaText::VgaText(char const*)
                0x00000000c0010a04                VgaText::receiveKey(unsigned char)
                0x00000000c0010aec                VgaText::write(unsigned long long, void*, int*)
                0x00000000c0010b40                newTerminal(char*)
 *fill*         0x00000000c0010b65        0x1 
 .text          0x00000000c0010b66      0x19d core/tss.32
                0x00000000c0010b66                TSS::TSS()
                0x00000000c0010b66                TSS::TSS()
                0x00000000c0010b74                TSS::setESP(unsigned long)
                0x00000000c0010b86                TSS::flush()
                0x00000000c0010ba6                TSS::setup(unsigned long, unsigned long)
 *fill*         0x00000000c0010d03        0x1 
 .text          0x00000000c0010d04      0x4c2 core/unixfile.32
                0x00000000c0010d04                ReservedFilename::read(unsigned long long, void*, int*)
                0x00000000c0010d5a                ReservedFilename::isAtty()
                0x00000000c0010d76                ReservedFilename::write(unsigned long long, void*, int*)
                0x00000000c0010dd4                UnixFile::getFileDescriptor()
                0x00000000c0010ddc                UnixFile::UnixFile(int)
                0x00000000c0010ddc                UnixFile::UnixFile(int)
                0x00000000c0010f8c                ReservedFilename::ReservedFilename(int)
                0x00000000c0010f8c                ReservedFilename::ReservedFilename(int)
                0x00000000c0010fbe                UnixFile::~UnixFile()
                0x00000000c0010fbe                UnixFile::~UnixFile()
                0x00000000c0011056                UnixFile::~UnixFile()
                0x00000000c001107e                ReservedFilename::~ReservedFilename()
                0x00000000c001107e                ReservedFilename::~ReservedFilename()
                0x00000000c00110a2                ReservedFilename::~ReservedFilename()
                0x00000000c00110c9                getFromFileDescriptor(int)
 .text          0x00000000c00111c6     0x12cd core/virtmgr.32
                0x00000000c00111c6                Virt::setPageState(unsigned long, Virt::VirtPageState)
                0x00000000c00111fb                Virt::getPageState(unsigned long)
                0x00000000c001121f                Virt::allocateKernelVirtualPages(int)
                0x00000000c0011330                Virt::freeSwapfilePage(unsigned long)
                0x00000000c001134e                Virt::swapIDToSector(unsigned long)
                0x00000000c0011360                Virt::allocateSwapfilePage()
                0x00000000c00113de                Virt::virtualMemorySetup()
                0x00000000c0011429                Virt::setupPageSwapping(int)
                0x00000000c001149a                VAS::VAS()
                0x00000000c001149a                VAS::VAS()
                0x00000000c00114d6                VAS::VAS(VAS*)
                0x00000000c00114d6                VAS::VAS(VAS*)
                0x00000000c0011504                VAS::getForeignPageTableEntry(bool, unsigned long)
                0x00000000c0011530                VAS::getPageTableEntry(unsigned long)
                0x00000000c001154f                Virt::freeKernelVirtualPages(unsigned long)
                0x00000000c0011672                VAS::freeAllocatedPages(unsigned long)
                0x00000000c0011696                VAS::virtualToPhysical(unsigned long)
                0x00000000c00116ae                VAS::reflagRange(unsigned long, int, int, int)
                0x00000000c00116ee                VAS::setToWriteCombining(unsigned long, int)
                0x00000000c0011720                VAS::mapOtherVASIn(bool, VAS*)
                0x00000000c001174a                VAS::~VAS()
                0x00000000c001174a                VAS::~VAS()
                0x00000000c00118c6                VAS::mapPage(unsigned long, unsigned long, int)
                0x00000000c00119c8                VAS::allocatePages(int, int)
                0x00000000c0011ba0                VAS::setCPUSpecific(unsigned long)
                0x00000000c0011bbc                VAS::mapRange(unsigned long, unsigned long, int, int)
                0x00000000c0011c82                VAS::mapForeignPage(bool, VAS*, unsigned long, unsigned long, int)
                0x00000000c0011d70                VAS::VAS(bool)
                0x00000000c0011d70                VAS::VAS(bool)
                0x00000000c0011ff0                VAS::evict(unsigned long)
                0x00000000c00120f8                VAS::tryLoadBackOffDisk(unsigned long)
                0x00000000c0012280                VAS::scanForEviction()
                0x00000000c0012367                mapVASFirstTime
 .text          0x00000000c0012493       0x95 coreobjs/c++.32
                0x00000000c0012493                __cxa_atexit
                0x00000000c0012496                __cxa_finalize
                0x00000000c0012497                __stack_chk_fail
                0x00000000c0012503                __cxa_pure_virtual
                0x00000000c0012514                operator new[](unsigned long)
                0x00000000c0012519                operator delete(void*, unsigned long)
                0x00000000c001251e                operator delete[](void*)
                0x00000000c0012523                operator delete[](void*, unsigned long)
 .text          0x00000000c0012528      0x1e7 dbg/kconsole.32
                0x00000000c0012528                Dbg::stringifyxWithBase(unsigned int, char*, int)
                0x00000000c0012581                Dbg::logc(char)
                0x00000000c0012598                Dbg::logs(char*)
                0x00000000c00125b5                Dbg::logWriteInt(unsigned int)
                0x00000000c00125d2                Dbg::logWriteIntBase(unsigned int, int)
                0x00000000c00125f1                Dbg::kprintf(char const*, ...)
 *fill*         0x00000000c001270f        0x1 
 .text          0x00000000c0012710      0xb82 fs/vfs.32
                0x00000000c0012710                File::read(unsigned long long, void*, int*)
                0x00000000c0012768                File::write(unsigned long long, void*, int*)
                0x00000000c00127c0                Directory::read(unsigned long long, void*, int*)
                0x00000000c0012818                Directory::write(unsigned long long, void*, int*)
                0x00000000c0012846                File::isAtty()
                0x00000000c001284a                Directory::isAtty()
                0x00000000c001284e                Filesystem::getlabel(LogicalDisk*, int, char*, unsigned int*)
                0x00000000c0012854                Filesystem::setlabel(LogicalDisk*, int, char*)
                0x00000000c001285a                Filesystem::allocateSwapfile(char const*, int)
                0x00000000c0012860                File::~File()
                0x00000000c0012860                File::~File()
                0x00000000c0012884                File::~File()
                0x00000000c00128ae                Directory::~Directory()
                0x00000000c00128ae                Directory::~Directory()
                0x00000000c00128d2                Directory::~Directory()
                0x00000000c00128fc                Filesystem::Filesystem()
                0x00000000c00128fc                Filesystem::Filesystem()
                0x00000000c0012920                Filesystem::~Filesystem()
                0x00000000c0012920                Filesystem::~Filesystem()
                0x00000000c001292e                Filesystem::~Filesystem()
                0x00000000c0012952                Fs::getcwd(Process*, char*, int)
                0x00000000c001297c                Fs::initVFS()
                0x00000000c00129a6                Fs::standardiseFiles(char*, char const*, char const*)
                0x00000000c0012b50                File::File(char const*, Process*)
                0x00000000c0012b50                File::File(char const*, Process*)
                0x00000000c0012bb4                File::open(FileOpenMode)
                0x00000000c0012c12                File::close()
                0x00000000c0012c72                File::seek(unsigned long long)
                0x00000000c0012cc8                File::tell(unsigned long long*)
                0x00000000c0012d18                File::rewind()
                0x00000000c0012d2c                File::unlink()
                0x00000000c0012d78                File::rename(char const*)
                0x00000000c0012dc6                File::chfatattr(unsigned char, unsigned char)
                0x00000000c0012e22                File::exists()
                0x00000000c0012e60                File::stat(unsigned long long*, bool*)
                0x00000000c0012ec1                Fs::setcwd(Process*, char*)
                0x00000000c0012ffc                Directory::Directory(char const*, Process*)
                0x00000000c0012ffc                Directory::Directory(char const*, Process*)
                0x00000000c0013060                Directory::open()
                0x00000000c00130bc                Directory::close()
                0x00000000c001311c                Directory::unlink()
                0x00000000c0013168                Directory::rename(char const*)
                0x00000000c00131b6                Directory::exists()
                0x00000000c00131f4                Directory::read(dirent*)
                0x00000000c0013240                Directory::create()
                0x00000000c001328c                Filesystem::chfatattr(char const*, unsigned char, unsigned char)
 .text          0x00000000c0013292       0x84 hal/bus.32
                0x00000000c0013292                Bus::Bus(char const*)
                0x00000000c0013292                Bus::Bus(char const*)
                0x00000000c00132c8                Bus::~Bus()
                0x00000000c00132c8                Bus::~Bus()
                0x00000000c00132ec                Bus::~Bus()
 .text          0x00000000c0013316      0x156 hal/buzzer.32
                0x00000000c0013316                Buzzer::Buzzer(char const*)
                0x00000000c0013316                Buzzer::Buzzer(char const*)
                0x00000000c001335a                Buzzer::~Buzzer()
                0x00000000c001335a                Buzzer::~Buzzer()
                0x00000000c001337e                Buzzer::~Buzzer()
                0x00000000c00133a8                Buzzer::stop()
                0x00000000c00133bb                beepThread(void*)
                0x00000000c00133fe                Buzzer::beep(int, int, bool)
 .text          0x00000000c001346c      0x467 hal/clock.32
                0x00000000c001346c                User::loadClockSettings(int)
                0x00000000c00134be                Clock::Clock(char const*)
                0x00000000c00134be                Clock::Clock(char const*)
                0x00000000c00134f4                Clock::~Clock()
                0x00000000c00134f4                Clock::~Clock()
                0x00000000c0013518                Clock::~Clock()
                0x00000000c0013542                Clock::timeInSecondsLocal()
                0x00000000c001358a                Clock::setTimeInSecondsLocal(unsigned long long)
                0x00000000c00135e3                datetimeToSeconds(datetime_t)
                0x00000000c001370a                Clock::setTimeInDatetimeLocal(datetime_t)
                0x00000000c001376a                secondsToDatetime(unsigned long long)
                0x00000000c00138ae                Clock::timeInDatetimeLocal()
 *fill*         0x00000000c00138d3        0x1 
 .text          0x00000000c00138d4      0x504 hal/device.32
                0x00000000c00138d4                Device::hibernate()
                0x00000000c00138d6                Device::wake()
                0x00000000c00138d8                Device::detect()
                0x00000000c00138da                Device::disableLegacy()
                0x00000000c00138dc                Device::powerSaving(PowerSavingLevel)
                0x00000000c00138de                DriverlessDevice::close(int, int, void*)
                0x00000000c00138e2                DriverlessDevice::detect()
                0x00000000c00138e4                DriverlessDevice::open(int, int, void*)
                0x00000000c00138f8                Device::~Device()
                0x00000000c00138f8                Device::~Device()
                0x00000000c0013906                Device::~Device()
                0x00000000c001392e                Device::findAndLoadDriver()
                0x00000000c001393c                Device::preOpenPCI(PCIDeviceInfo)
                0x00000000c0013962                Device::preOpenACPI(void*, char*, char*)
                0x00000000c00139a2                Device::addIRQHandler(int, void (*)(regs*, void*), bool, void*)
                0x00000000c00139e0                Device::getParent()
                0x00000000c00139ec                Device::removeIRQHandler(int, void (*)(regs*, void*), bool)
                0x00000000c0013a2a                Device::addChild(Device*)
                0x00000000c0013a6e                Device::removeAllChildren()
                0x00000000c0013ab4                Device::hibernateAll()
                0x00000000c0013ae4                Device::wakeAll()
                0x00000000c0013b14                Device::detectAll()
                0x00000000c0013b44                Device::disableLegacyAll()
                0x00000000c0013b74                Device::loadDriversForAll()
                0x00000000c0013bb4                Device::closeAll()
                0x00000000c0013bea                Device::powerSavingAll(PowerSavingLevel)
                0x00000000c0013c20                Device::setName(char const*)
                0x00000000c0013c2e                Device::Device(char const*)
                0x00000000c0013c2e                Device::Device(char const*)
                0x00000000c0013d2a                Device::getName()
                0x00000000c0013d34                DriverlessDevice::DriverlessDevice(char const*)
                0x00000000c0013d34                DriverlessDevice::DriverlessDevice(char const*)
                0x00000000c0013d6a                Device::addToLinkedList(LinkedList<Device>&, DeviceType)
                0x00000000c0013dae                getDevicesOfType(DeviceType)
 .text          0x00000000c0013dd8       0x84 hal/diskctrl.32
                0x00000000c0013dd8                HardDiskController::HardDiskController(char const*)
                0x00000000c0013dd8                HardDiskController::HardDiskController(char const*)
                0x00000000c0013e0e                HardDiskController::~HardDiskController()
                0x00000000c0013e0e                HardDiskController::~HardDiskController()
                0x00000000c0013e32                HardDiskController::~HardDiskController()
 .text          0x00000000c0013e5c       0xe2 hal/diskphys.32
                0x00000000c0013e5c                PhysicalDisk::eject()
                0x00000000c0013e60                PhysicalDisk::PhysicalDisk(char const*, int)
                0x00000000c0013e60                PhysicalDisk::PhysicalDisk(char const*, int)
                0x00000000c0013ec8                PhysicalDisk::startCache()
                0x00000000c0013ef0                PhysicalDisk::~PhysicalDisk()
                0x00000000c0013ef0                PhysicalDisk::~PhysicalDisk()
                0x00000000c0013f14                PhysicalDisk::~PhysicalDisk()
 .text          0x00000000c0013f3e      0x13b hal/fpu.32
                0x00000000c0013f3e                FPU::FPU(char const*)
                0x00000000c0013f3e                FPU::FPU(char const*)
                0x00000000c0013f74                FPU::~FPU()
                0x00000000c0013f74                FPU::~FPU()
                0x00000000c0013f98                FPU::~FPU()
                0x00000000c0013fc2                setupFPU()
 *fill*         0x00000000c0014079        0x1 
 .text          0x00000000c001407a     0x143b hal/intctrl.32
                0x00000000c001407a                InterruptController::uninstallISRHandler(int, void (*)(regs*, void*))
                0x00000000c00140b2                InterruptController::installISRHandler(int, void (*)(regs*, void*), void*)
                0x00000000c0014104                doubleFault(regs*, void*)
                0x00000000c001411e                InterruptController::installIRQHandler(int, void (*)(regs*, void*), bool, void*)
                0x00000000c00141ba                InterruptController::clearAllHandlers(int, bool)
                0x00000000c0014262                InterruptController::uninstallIRQHandler(int, void (*)(regs*, void*), bool)
                0x00000000c00142e9                nmiHandler(regs*, void*)
                0x00000000c00142f7                int_handler
                0x00000000c0014398                InterruptController::InterruptController(char const*)
                0x00000000c0014398                InterruptController::InterruptController(char const*)
                0x00000000c001443e                InterruptController::~InterruptController()
                0x00000000c001443e                InterruptController::~InterruptController()
                0x00000000c0014462                InterruptController::~InterruptController()
                0x00000000c001448c                displayDebugInfo(regs*)
                0x00000000c001491b                x87EmulHandler(regs*, void*)
                0x00000000c001498e                gpFault(regs*, void*)
                0x00000000c00149c7                pgFault(regs*, void*)
                0x00000000c0014a16                otherISRHandler(regs*, void*)
                0x00000000c0014a35                opcodeFault(regs*, void*)
                0x00000000c0015052                displayProgramFault(char const*)
                0x00000000c001507a                setupInterruptController()
                0x00000000c0015468                InterruptController::convertLegacyIRQNumber(int)
 *fill*         0x00000000c00154b5        0x1 
 .text          0x00000000c00154b6      0x784 hal/keybrd.32
                0x00000000c00154b6                startGUI(void*)
                0x00000000c0015522                startGUIVESA(void*)
                0x00000000c001558e                sendKeyToTerminal(unsigned char)
                0x00000000c001564c                sendKeyboardToken(KeyboardToken)
                0x00000000c0015a89                clearInternalKeybuffer(VgaText*)
                0x00000000c0015abe                readKeyboard(VgaText*, char*, unsigned long)
                0x00000000c0015bb0                Keyboard::Keyboard(char const*)
                0x00000000c0015bb0                Keyboard::Keyboard(char const*)
                0x00000000c0015bec                Keyboard::~Keyboard()
                0x00000000c0015bec                Keyboard::~Keyboard()
                0x00000000c0015c10                Keyboard::~Keyboard()
 .text          0x00000000c0015c3a      0x3ea hal/logidisk.32
                0x00000000c0015c3a                LogicalDisk::close(int, int, void*)
                0x00000000c0015c3e                LogicalDisk::~LogicalDisk()
                0x00000000c0015c3e                LogicalDisk::~LogicalDisk()
                0x00000000c0015c62                LogicalDisk::~LogicalDisk()
                0x00000000c0015c8c                LogicalDisk::open(int, int, void*)
                0x00000000c0015ca0                LogicalDisk::absoluteToRelative(unsigned long long)
                0x00000000c0015cd8                LogicalDisk::relativeToAbsolute(unsigned long long)
                0x00000000c0015d1e                LogicalDisk::LogicalDisk(char const*, PhysicalDisk*, unsigned long long, unsigned long long)
                0x00000000c0015d1e                LogicalDisk::LogicalDisk(char const*, PhysicalDisk*, unsigned long long, unsigned long long)
                0x00000000c0015dd4                LogicalDisk::assignDriveLetter()
                0x00000000c0015e8a                LogicalDisk::mount()
                0x00000000c0015ed2                LogicalDisk::unmount()
                0x00000000c0015ee2                LogicalDisk::eject()
                0x00000000c0015ef6                LogicalDisk::unassignDriveLetter()
                0x00000000c0015f4c                LogicalDisk::read(unsigned long long, int, void*)
                0x00000000c0015fb8                LogicalDisk::write(unsigned long long, int, void*)
 .text          0x00000000c0016024       0x84 hal/mouse.32
                0x00000000c0016024                Mouse::Mouse(char const*)
                0x00000000c0016024                Mouse::Mouse(char const*)
                0x00000000c001605a                Mouse::~Mouse()
                0x00000000c001605a                Mouse::~Mouse()
                0x00000000c001607e                Mouse::~Mouse()
 .text          0x00000000c00160a8      0x339 hal/partition.32
                0x00000000c00160a8                makePartition(PhysicalDisk*, unsigned long long, unsigned long long)
                0x00000000c0016150                createPartitionsForDisk(PhysicalDisk*)
 *fill*         0x00000000c00163e1        0x1 
 .text          0x00000000c00163e2       0x84 hal/serial.32
                0x00000000c00163e2                Serial::Serial(char const*)
                0x00000000c00163e2                Serial::Serial(char const*)
                0x00000000c0016418                Serial::~Serial()
                0x00000000c0016418                Serial::~Serial()
                0x00000000c001643c                Serial::~Serial()
 .text          0x00000000c0016466      0x2f3 hal/timer.32
                0x00000000c0016466                Timer::Timer(char const*)
                0x00000000c0016466                Timer::Timer(char const*)
                0x00000000c001649c                Timer::~Timer()
                0x00000000c001649c                Timer::~Timer()
                0x00000000c00164c0                Timer::~Timer()
                0x00000000c00164ea                Timer::read()
                0x00000000c00164f5                timerHandler(unsigned long long)
                0x00000000c0016667                setupTimer(int)
 *fill*         0x00000000c0016759        0x1 
 .text          0x00000000c001675a      0x484 hal/vcache.32
                0x00000000c001675a                VCache::VCache(PhysicalDisk*)
                0x00000000c001675a                VCache::VCache(PhysicalDisk*)
                0x00000000c00168c2                VCache::invalidateReadBuffer()
                0x00000000c00168d2                VCache::writeWriteBuffer()
                0x00000000c001691e                VCache::~VCache()
                0x00000000c001691e                VCache::~VCache()
                0x00000000c0016972                VCache::~VCache()
                0x00000000c001699a                VCache::write(unsigned long long, int, void*)
                0x00000000c0016ac4                VCache::read(unsigned long long, int, void*)
 .text          0x00000000c0016bde      0x4b3 hal/video.32
                0x00000000c0016bde                Video::putrect(int, int, int, int, unsigned int)
                0x00000000c0016c2a                Video::bitblit(int, int, int, int, int, int, int, unsigned int*)
                0x00000000c0016c9a                Video::blit(unsigned int*, int, int, int, int)
                0x00000000c0016d18                Video::clearScreen(unsigned int)
                0x00000000c0016d4c                Video::putpixel(int, int, unsigned int)
                0x00000000c0016d5a                Video::Video(char const*)
                0x00000000c0016d5a                Video::Video(char const*)
                0x00000000c0016d90                Video::~Video()
                0x00000000c0016d90                Video::~Video()
                0x00000000c0016db4                Video::~Video()
                0x00000000c0016dde                Video::isMonochrome()
                0x00000000c0016dea                Video::getWidth()
                0x00000000c0016df6                Video::getHeight()
                0x00000000c0016e02                Video::drawCursor(int, int, unsigned char*, int)
                0x00000000c0016ebe                Video::tgaParse(unsigned char*, int, int*, int*)
                0x00000000c0017026                Video::putTGA(int, int, unsigned char*, int)
 *fill*         0x00000000c0017091        0x1 
 .text          0x00000000c0017092     0x11c9 hw/acpi.32
                0x00000000c0017092                ACPI::close(int, int, void*)
                0x00000000c0017137                findRSDP()
                0x00000000c00171c1                loadACPITables(unsigned char*)
                0x00000000c0017418                findRSDT(unsigned char*)
                0x00000000c0017562                findDataTable(unsigned char*, char*)
                0x00000000c00175d4                scanMADT()
                0x00000000c0017a42                ACPI::ACPI()
                0x00000000c0017a42                ACPI::ACPI()
                0x00000000c0017a96                ACPI::getPCIIRQAssignment(unsigned char, unsigned short, unsigned char)
                0x00000000c0017b78                ACPI::registerPCIIRQAssignment(void*, unsigned short, unsigned char, unsigned char)
                0x00000000c0017c3e                ACPI::setScreenBrightnessLevel(void*, int)
                0x00000000c0017c44                ACPI::detectPCI()
                0x00000000c0017e46                ACPI::writeSimpleBootFlag(SimpleBootFlagTable*)
                0x00000000c0017e8e                ACPI::sleep()
                0x00000000c0017ea6                ACPI::open(int, int, void*)
 *fill*         0x00000000c001825b        0x1 
 .text          0x00000000c001825c     0x1495 hw/cpu.32
                0x00000000c001825c                CPU::close(int, int, void*)
                0x00000000c0018260                CPU::lookupAMDName(unsigned char, unsigned char)
                0x00000000c00183f4                CPU::lookupIntelName(unsigned char, unsigned char)
                0x00000000c00186a2                CPU::AMD_K6_write_msr(unsigned int, unsigned int, unsigned int, CPU::REGS*)
                0x00000000c00186be                CPU::AMD_K6_read_msr(unsigned int, CPU::REGS*)
                0x00000000c00186d6                CPU::AMD_K6_writeback(int, int, int)
                0x00000000c001874a                CPU::cpuid(int, unsigned long*, unsigned long*, unsigned long*, unsigned long*)
                0x00000000c00187ce                CPU::cpuidCheckEDX(unsigned int)
                0x00000000c00187fc                CPU::cpuidCheckECX(unsigned int)
                0x00000000c001882a                CPU::cpuidCheckExtendedEBX(unsigned int)
                0x00000000c0018858                CPU::cpuidCheckExtendedECX(unsigned int)
                0x00000000c0018886                CPU::CPU()
                0x00000000c0018886                CPU::CPU()
                0x00000000c0018914                CPU::displayFeatures()
                0x00000000c0018916                CPU::detectFeatures()
                0x00000000c0019308                CPU::setupSMEP()
                0x00000000c0019314                CPU::setupUMIP()
                0x00000000c001931e                CPU::setupTSC()
                0x00000000c0019328                CPU::setupLargePages()
                0x00000000c0019332                CPU::setupPAT()
                0x00000000c001936e                CPU::setupMTRR()
                0x00000000c0019370                CPU::setupGlobalPages()
                0x00000000c001937a                CPU::allowUsermodeDataAccess()
                0x00000000c001938c                CPU::prohibitUsermodeDataAccess()
                0x00000000c001939e                CPU::setupSMAP()
                0x00000000c00193ac                CPU::setupFeatures()
                0x00000000c001942c                CPU::open(int, int, void*)
                0x00000000c00194f6                CPU::decodeAddress(regs*, int*, bool*, unsigned char*)
 .text          0x00000000c00196f1        0x0 hw/ports.32
 .text          0x00000000c00196f1      0x16a hw/smp.32
                0x00000000c00196f1                Krnl::smpEntry()
                0x00000000c00196f3                Krnl::startCPU(int)
                0x00000000c001983c                Krnl::startCPUs()
 *fill*         0x00000000c001985b        0x1 
 .text          0x00000000c001985c      0x581 krnl/env.32
                0x00000000c001985c                EnvVarContainer::getEnv(char const*)
                0x00000000c001989a                EnvVarContainer::setEnv(char const*, char const*)
                0x00000000c001995c                EnvVarContainer::deleteEnv(char const*)
                0x00000000c001995e                EnvVarContainer::loadFrom(char const*, char const*)
                0x00000000c0019b44                EnvVarContainer::__loadSystem()
                0x00000000c0019b5e                EnvVarContainer::__loadUser()
                0x00000000c0019b60                EnvVarContainer::EnvVarContainer(Process*)
                0x00000000c0019b60                EnvVarContainer::EnvVarContainer(Process*)
                0x00000000c0019b82                EnvVarContainer::~EnvVarContainer()
                0x00000000c0019b82                EnvVarContainer::~EnvVarContainer()
                0x00000000c0019bb2                Krnl::getEnv(Process*, char const*)
                0x00000000c0019c17                Krnl::setEnvSystem(char const*, char const*)
                0x00000000c0019c31                Krnl::setEnvUser(char const*, char const*)
                0x00000000c0019c50                Krnl::setEnvProcess(Process*, char const*, char const*)
                0x00000000c0019c63                Krnl::deleteEnvSystem(char const*)
                0x00000000c0019c64                Krnl::deleteEnvUser(char const*)
                0x00000000c0019c65                Krnl::deleteEnvProcess(Process*, char const*)
                0x00000000c0019c66                Krnl::newProcessEnv(Process*)
                0x00000000c0019c88                Krnl::copyProcessEnv(Process*, Process*)
                0x00000000c0019cd4                Krnl::loadSystemEnv()
                0x00000000c0019d02                Krnl::loadUserEnv()
                0x00000000c0019d28                Krnl::flushEnv()
                0x00000000c0019d29                Krnl::getProcessTotalEnvCount(Process*)
                0x00000000c0019d49                Krnl::getProcessEnvPair(Process*, int)
 .text          0x00000000c0019ddd      0x39c krnl/panic.32
                0x00000000c0019ddd                Krnl::panic(char const*)
 .text          0x00000000c001a179      0x57f net/ethernet.32
                0x00000000c001a179                Net::switchEndian16(unsigned short)
                0x00000000c001a19a                Net::switchEndian32(unsigned int)
                0x00000000c001a1c9                Net::crc32Calc(unsigned char*, int)
                0x00000000c001a25a                Net::wrapEthernetFrame(Net::UnwrappedEthernetFrame, unsigned char*)
                0x00000000c001a46d                Net::unwrapEthernetFrame(unsigned char*, int)
 .text          0x00000000c001a6f8      0x50e reg/registry.32
                0x00000000c001a6f8                Reg::findLineFromLoadedData(char*, char*, char*)
                0x00000000c001a850                Reg::getLineFromRegistry(char*, char*, char*, char*)
                0x00000000c001a9a5                Reg::getLine(char*, char*, char*)
                0x00000000c001a9dc                Reg::readInt(char*, char*, int*)
                0x00000000c001aac7                Reg::readString(char*, char*, char*, int)
                0x00000000c001ab48                Reg::readBool(char*, char*, bool*)
                0x00000000c001ab6d                Reg::readBoolWithDefault(char*, char*, bool)
                0x00000000c001ab99                Reg::readIntWithDefault(char*, char*, int)
                0x00000000c001abc5                Reg::readStringWithDefault(char*, char*, char*, int, char*)
 .text          0x00000000c001ac06       0x36 sys/sc_eject.32
                0x00000000c001ac06                Sys::eject(regs*)
 .text          0x00000000c001ac3c       0x18 sys/sc_exit.32
                0x00000000c001ac3c                Sys::exit(regs*)
 .text          0x00000000c001ac54       0x1f sys/sc_getcwd.32
                0x00000000c001ac54                Sys::getCwd(regs*)
 .text          0x00000000c001ac73        0xc sys/sc_getpid.32
                0x00000000c001ac73                Sys::getPID(regs*)
 .text          0x00000000c001ac7f       0x1a sys/sc_getramdata.32
                0x00000000c001ac7f                Sys::getRAMData(regs*)
 .text          0x00000000c001ac99       0x84 sys/sc_getvgaptr.32
                0x00000000c001ac99                Sys::getVGAPtr(regs*)
 .text          0x00000000c001ad1d       0xa8 sys/sc_loaddll.32
                0x00000000c001ad1d                Sys::loadDLL(regs*)
 .text          0x00000000c001adc5       0x68 sys/sc_read.32
                0x00000000c001adc5                Sys::read(regs*)
 .text          0x00000000c001ae2d       0x55 sys/sc_sbrk.32
                0x00000000c001ae2d                Sys::sbrk(regs*)
 .text          0x00000000c001ae82       0x1c sys/sc_setcwd.32
                0x00000000c001ae82                Sys::setCwd(regs*)
 .text          0x00000000c001ae9e       0x95 sys/sc_settime.32
                0x00000000c001ae9e                Sys::setTime(regs*)
 .text          0x00000000c001af33       0x4a sys/sc_timezone.32
                0x00000000c001af33                Sys::timezone(regs*)
 .text          0x00000000c001af7d       0x68 sys/sc_write.32
                0x00000000c001af7d                Sys::write(regs*)
 .text          0x00000000c001afe5       0x62 sys/sc_wsbe.32
                0x00000000c001afe5                Sys::wsbe(regs*)
 .text          0x00000000c001b047       0x46 sys/sc_yield.32
                0x00000000c001b047                Sys::yield(regs*)
 .text          0x00000000c001b08d      0xf84 sys/syscalls.32
                0x00000000c001b08d                sysCallSeekDir(regs*)
                0x00000000c001b092                sysCallTellDir(regs*)
                0x00000000c001b097                sysCallVerify(regs*)
                0x00000000c001b0a1                sysCallGetArgc(regs*)
                0x00000000c001b0b1                sysFormatDisk(regs*)
                0x00000000c001b11b                sysSetDiskVolumeLabel(regs*)
                0x00000000c001b161                sysGetDiskVolumeLabel(regs*)
                0x00000000c001b1b2                sysShutdown(regs*)
                0x00000000c001b210                sysCallRealpath(regs*)
                0x00000000c001b253                sysCallReadDir(regs*)
                0x00000000c001b2d2                sysCallIsATTY(regs*)
                0x00000000c001b32c                sysCallSeek(regs*)
                0x00000000c001b383                sysCallTell(regs*)
                0x00000000c001b3ef                sysCallSize(regs*)
                0x00000000c001b461                sysCallSizeFromFilename(regs*)
                0x00000000c001b510                sysCallClose(regs*)
                0x00000000c001b570                sysCallOpenDir(regs*)
                0x00000000c001b5e5                sysCallCloseDir(regs*)
                0x00000000c001b639                sysCallMakeDir(regs*)
                0x00000000c001b6a9                sysCallWait(regs*)
                0x00000000c001b6c3                sysCallNotImpl(regs*)
                0x00000000c001b6de                sysPanic(regs*)
                0x00000000c001b6f8                sysCallRmdir(regs*)
                0x00000000c001b75c                sysCallUnlink(regs*)
                0x00000000c001b7c0                sysCallGetArgv(regs*)
                0x00000000c001b80c                sysCallTTYName(regs*)
                0x00000000c001b88f                sysCallUSleep(regs*)
                0x00000000c001b8b6                sysCallSpawn(regs*)
                0x00000000c001b91e                sysCallGetEnv(regs*)
                0x00000000c001b9cb                sysAppSettings(regs*)
                0x00000000c001badf                sysSetFatAttrib(regs*)
                0x00000000c001bb51                sysPipe(regs*)
                0x00000000c001bb96                sysGetUnixTime(regs*)
                0x00000000c001bbaa                string_ends_with(char const*, char const*)
                0x00000000c001bbf2                sysCallOpen(regs*)
                0x00000000c001bdda                Sys::loadSyscalls()
                0x00000000c001bfcf                Sys::systemCall(regs*, void*)
 .text          0x00000000c001c011     0x1203 thr/elf.32
                0x00000000c001c011                Thr::allocateMemoryForTask(Process*, File*, unsigned long, unsigned long, unsigned long)
                0x00000000c001c2bb                Thr::loadProgramIntoMemory(Process*, char const*)
                0x00000000c001c4d1                Thr::runtimeReferenceHelper()
                0x00000000c001c4e4                Thr::getAddressOfKernelSymbol(char const*)
                0x00000000c001c533                Thr::loadKernelSymbolTable(char const*)
                0x00000000c001c7f1                Thr::loadDriverIntoMemory(char const*, unsigned long, bool)
                0x00000000c001cf27                Thr::getDriverBaseFromAddress(unsigned long)
                0x00000000c001cf59                Thr::getDriverNameFromAddress(unsigned long)
                0x00000000c001cf90                Thr::getDriverOffsetFromAddress(unsigned long)
                0x00000000c001cfaa                Thr::loadDLL(char const*, bool)
                0x00000000c001d1db                Thr::executeDLL(unsigned long, void*)
 .text          0x00000000c001d214     0x11ff thr/prcssthr.32
                0x00000000c001d214                userModeEntryPoint(void*)
                0x00000000c001d23a                changeTSS
                0x00000000c001d26a                switchToThread(ThreadControlBlock*)
                0x00000000c001d314                Process::addArgs(char**)
                0x00000000c001d36e                Process::Process(char const*, Process*, char**)
                0x00000000c001d36e                Process::Process(char const*, Process*, char**)
                0x00000000c001d552                Process::Process(bool, char const*, Process*, char**)
                0x00000000c001d552                Process::Process(bool, char const*, Process*, char**)
                0x00000000c001d701                taskStartupFunction
                0x00000000c001d70a                Semaphore::Semaphore(int)
                0x00000000c001d70a                Semaphore::Semaphore(int)
                0x00000000c001d738                Mutex::Mutex()
                0x00000000c001d738                Mutex::Mutex()
                0x00000000c001d74a                Process::createThread(void (*)(void*), void*, int)
                0x00000000c001d850                Process::createUserThread()
                0x00000000c001d86c                setupMultitasking(void (*)())
                0x00000000c001d96f                schedule()
                0x00000000c001d9f4                Semaphore::tryAcquire()
                0x00000000c001dab0                Semaphore::assertLocked(char const*)
                0x00000000c001db1f                blockTaskWithSchedulerLockAlreadyHeld(TaskState)
                0x00000000c001db45                blockTask(TaskState)
                0x00000000c001db72                waitTask(int, int*, int)
                0x00000000c001dbb4                nanoSleepUntil(unsigned long long)
                0x00000000c001dc49                nanoSleep(unsigned long long)
                0x00000000c001dc61                sleep(unsigned long long)
                0x00000000c001dc7e                Semaphore::acquire()
                0x00000000c001dd2f                taskReturned
                0x00000000c001dd6a                Thr::processFromPID(int)
                0x00000000c001de01                unblockTask(ThreadControlBlock*)
                0x00000000c001de96                cleanupTerminatedTask(ThreadControlBlock*)
                0x00000000c001e13d                cleanerTaskFunction(void*)
                0x00000000c001e21e                terminateTask(int)
                0x00000000c001e2dd                Thr::terminateFromIRQ(int)
                0x00000000c001e2ea                Semaphore::release()
 .text          0x00000000c001e413      0xada vm86/vm8086.32
                0x00000000c001e413                Vm::inbv(unsigned short)
                0x00000000c001e426                Vm::outbv(unsigned short, unsigned char)
                0x00000000c001e45c                Vm::realToLinear(unsigned short, unsigned short)
                0x00000000c001e46c                Vm::getSegment(unsigned int)
                0x00000000c001e474                Vm::getOffset(unsigned int)
                0x00000000c001e479                Vm::mainloop2()
                0x00000000c001e4b3                Vm::mainVm8086Loop(void*)
                0x00000000c001e4c3                Vm::mainloop3(unsigned long)
                0x00000000c001e4e9                Vm::initialise8086()
                0x00000000c001e52c                Vm::finish8086()
                0x00000000c001e58d                Vm::getOutput8086(unsigned char*)
                0x00000000c001e5b2                Vm::start8086(char const*, unsigned short, unsigned short, unsigned short, unsigned short)
                0x00000000c001e71a                Vm::doISR(regs*, int, unsigned char*, unsigned short, unsigned short)
                0x00000000c001e7a4                Vm::readByteFromReal(unsigned short, unsigned short)
                0x00000000c001e7b5                Vm::readWordFromReal(unsigned short, unsigned short)
                0x00000000c001e7c7                Vm::readDwordFromReal(unsigned short, unsigned short)
                0x00000000c001e7d8                Vm::writeByteFromReal(unsigned short, unsigned short, unsigned char)
                0x00000000c001e7ed                Vm::writeWordFromReal(unsigned short, unsigned short, unsigned short)
                0x00000000c001e803                Vm::writeDwordFromReal(unsigned short, unsigned short, unsigned int)
                0x00000000c001e818                Vm::faultHandler(regs*)
 .text          0x00000000c001eeed      0xefd vm86/x87em.32
                0x00000000c001eeed                Vm::fpuInternalTo32(unsigned long long)
                0x00000000c001ef48                Vm::fpuInternalTo64(unsigned long long)
                0x00000000c001ef51                Vm::fpu32ToInternal(unsigned int)
                0x00000000c001ef96                Vm::fpu64ToInternal(unsigned long long)
                0x00000000c001ef9f                Vm::fpuFloatToLong(unsigned long long)
                0x00000000c001effa                Vm::fpuULongToFloat(unsigned long long)
                0x00000000c001f030                Vm::fpuLongToFloat(long long)
                0x00000000c001f086                Vm::fpuGet0()
                0x00000000c001f08b                Vm::fpuGet1()
                0x00000000c001f093                Vm::fpuGetPi()
                0x00000000c001f09b                Vm::fpuGetLog2E()
                0x00000000c001f0b3                Vm::fpuGetLogE2()
                0x00000000c001f0cb                Vm::fpuGetLog210()
                0x00000000c001f0e3                Vm::fpuGetLog102()
                0x00000000c001f0fb                Vm::fpuIsSecondLarger(unsigned long long, unsigned long long)
                0x00000000c001f10f                Vm::fpuAreEqual(unsigned long long, unsigned long long)
                0x00000000c001f125                Vm::fpuUnorderedCompare(unsigned long long, unsigned long long)
                0x00000000c001f178                Vm::fpuAdd(unsigned long long, unsigned long long)
                0x00000000c001f189                Vm::fpuAbs(unsigned long long)
                0x00000000c001f192                Vm::fpuChs(unsigned long long)
                0x00000000c001f1a2                Vm::fpuSub(unsigned long long, unsigned long long)
                0x00000000c001f1b1                Vm::fpuMultiply(unsigned long long, unsigned long long)
                0x00000000c001f1d0                Vm::fpuDivide(unsigned long long, unsigned long long)
                0x00000000c001f1ec                Vm::fpuSquare(unsigned long long)
                0x00000000c001f202                Vm::fpuGetReg(int)
                0x00000000c001f245                Vm::fpuSetReg(int, unsigned long long)
                0x00000000c001f290                Vm::fpuPush(unsigned long long)
                0x00000000c001f2ed                Vm::fpuPop()
                0x00000000c001f33f                Vm::x87Handler(regs*)
 .text          0x00000000c001fdea     0x12ff fs/fat/vfslink.32
                0x00000000c001fdea                FAT::getName()
                0x00000000c001fdf0                FAT::tell(void*, unsigned long long*)
                0x00000000c001fe24                FAT::stat(void*, unsigned long long*)
                0x00000000c001fe58                FAT::~FAT()
                0x00000000c001fe58                FAT::~FAT()
                0x00000000c001fe7c                FAT::~FAT()
                0x00000000c001fea4                FAT::getlabel(LogicalDisk*, int, char*, unsigned int*)
                0x00000000c001ff42                FAT::setlabel(LogicalDisk*, int, char*)
                0x00000000c001fffc                FAT::format(LogicalDisk*, int, char const*, int)
                0x00000000c00201ba                FAT::tryMount(LogicalDisk*, int)
                0x00000000c00203c0                FAT::allocateSwapfile(char const*, int)
                0x00000000c00205a4                FAT::readDir(void*, unsigned long, void*, int*)
                0x00000000c00206fe                FAT::read(void*, unsigned long, void*, int*)
                0x00000000c0020758                FAT::write(void*, unsigned long, void*, int*)
                0x00000000c00207b2                FAT::close(void*)
                0x00000000c00207fe                FAT::closeDir(void*)
                0x00000000c002084a                FAT::seek(void*, unsigned long long)
                0x00000000c002089e                fatWrapperReadDisk
                0x00000000c00208e5                fatWrapperWriteDisk
                0x00000000c002092c                fatWrapperIoctl
                0x00000000c0020a30                FAT::FAT()
                0x00000000c0020a30                FAT::FAT()
                0x00000000c0020a82                FAT::fixFilepath(char*)
                0x00000000c0020aba                FAT::open(char const*, void**, FileOpenMode)
                0x00000000c0020be2                FAT::openDir(char const*, void**)
                0x00000000c0020c88                FAT::stat(char const*, unsigned long long*, bool*)
                0x00000000c0020d72                FAT::unlink(char const*)
                0x00000000c0020dec                FAT::chfatattr(char const*, unsigned char, unsigned char)
                0x00000000c0020f40                FAT::rename(char const*, char const*)
                0x00000000c0021004                FAT::mkdir(char const*)
                0x00000000c002107e                FAT::exists(char const*)
 *fill*         0x00000000c00210e9        0x1 
 .text          0x00000000c00210ea      0xb75 fs/iso9660/vfslink.32
                0x00000000c00210ea                ISO9660::format(LogicalDisk*, int, char const*, int)
                0x00000000c00210f0                ISO9660::seek(void*, unsigned long long)
                0x00000000c0021120                ISO9660::tell(void*, unsigned long long*)
                0x00000000c0021144                ISO9660::getName()
                0x00000000c002114a                ISO9660::stat(void*, unsigned long long*)
                0x00000000c002116e                ISO9660::chfatattr(char const*, unsigned char, unsigned char)
                0x00000000c0021174                ISO9660::unlink(char const*)
                0x00000000c002117a                ISO9660::write(void*, unsigned long, void*, int*)
                0x00000000c0021180                ISO9660::rename(char const*, char const*)
                0x00000000c0021186                ISO9660::mkdir(char const*)
                0x00000000c002118c                ISO9660::close(void*)
                0x00000000c00211ae                ISO9660::closeDir(void*)
                0x00000000c00211d0                ISO9660::~ISO9660()
                0x00000000c00211d0                ISO9660::~ISO9660()
                0x00000000c00211f4                ISO9660::~ISO9660()
                0x00000000c002121b                __memmem(unsigned char*, int, unsigned char*, int)
                0x00000000c002125d                readSectorFromCDROM(unsigned int, unsigned char*, char)
                0x00000000c00212b8                ISO9660::tryMount(LogicalDisk*, int)
                0x00000000c0021308                ISO9660::read(void*, unsigned long, void*, int*)
                0x00000000c002150c                ISO9660::readDir(void*, unsigned long, void*, int*)
                0x00000000c0021786                readRoot(unsigned int*, unsigned int*, char)
                0x00000000c00217da                readRecursively(char*, unsigned int, unsigned int, unsigned int*, unsigned int*, char, int*)
                0x00000000c00219ad                getFileData(char*, unsigned int*, unsigned int*, char, int*)
                0x00000000c0021a3c                ISO9660::open(char const*, void**, FileOpenMode)
                0x00000000c0021aea                ISO9660::exists(char const*)
                0x00000000c0021b0e                ISO9660::stat(char const*, unsigned long long*, bool*)
                0x00000000c0021ba2                ISO9660::openDir(char const*, void**)
                0x00000000c0021c3c                ISO9660::ISO9660()
                0x00000000c0021c3c                ISO9660::ISO9660()
 *fill*         0x00000000c0021c5f        0x1 
 .text          0x00000000c0021c60      0x396 hal/sound/sndchannel.32
                0x00000000c0021c60                SoundChannel::SoundChannel(int, int, int, int)
                0x00000000c0021c60                SoundChannel::SoundChannel(int, int, int, int)
                0x00000000c0021d8a                SoundChannel::~SoundChannel()
                0x00000000c0021d8a                SoundChannel::~SoundChannel()
                0x00000000c0021da6                SoundChannel::getSampleRate()
                0x00000000c0021dae                SoundChannel::getBits()
                0x00000000c0021db6                SoundChannel::getBufferUsed()
                0x00000000c0021dbe                SoundChannel::getBufferSize()
                0x00000000c0021dc6                SoundChannel::unbuffer(float*, int, int)
                0x00000000c0021e5a                SoundChannel::buffer16(short*, int)
                0x00000000c0021f56                SoundChannel::buffer8(unsigned char*, int)
 .text          0x00000000c0021ff6      0x43e hal/sound/sndhw.32
                0x00000000c0021ff6                SoundDevice::SoundDevice(char const*)
                0x00000000c0021ff6                SoundDevice::SoundDevice(char const*)
                0x00000000c0022062                SoundDevice::~SoundDevice()
                0x00000000c0022062                SoundDevice::~SoundDevice()
                0x00000000c00220dc                SoundDevice::~SoundDevice()
                0x00000000c0022106                SoundDevice::getFreeChannelNum()
                0x00000000c0022120                SoundDevice::addChannel(SoundChannel*)
                0x00000000c0022190                SoundDevice::removeChannel(int)
                0x00000000c00221c2                SoundDevice::floatTo16(float*, short*, int)
                0x00000000c00222b0                SoundDevice::floatTo8(float*, unsigned char*, int)
                0x00000000c0022398                SoundDevice::getAudio(int, float*, float*)
 .text          0x00000000c0022434        0x0 hw/bus/isa.32
 .text          0x00000000c0022434      0xb87 hw/bus/pci.32
                0x00000000c0022434                PCI::open(int, int, void*)
                0x00000000c0022452                PCI::close(int, int, void*)
                0x00000000c0022456                PCI::PCI()
                0x00000000c0022456                PCI::PCI()
                0x00000000c00224ec                PCI::readBAR8(unsigned int, int)
                0x00000000c0022508                PCI::readBAR16(unsigned int, int)
                0x00000000c0022526                PCI::readBAR32(unsigned int, int)
                0x00000000c0022542                PCI::writeBAR8(unsigned int, unsigned char, int)
                0x00000000c0022562                PCI::writeBAR16(unsigned int, unsigned short, int)
                0x00000000c0022584                PCI::writeBAR32(unsigned int, unsigned int, int)
                0x00000000c00225a4                PCI::legacyMechanism(unsigned char, unsigned char, unsigned char, unsigned char)
                0x00000000c0022612                PCI::pciReadWord(unsigned char, unsigned char, unsigned char, unsigned char)
                0x00000000c00226ba                PCI::getVendorID(unsigned char, unsigned char, unsigned char)
                0x00000000c00226de                PCI::getHeaderType(unsigned char, unsigned char, unsigned char)
                0x00000000c0022706                PCI::getClassCode(unsigned char, unsigned char, unsigned char)
                0x00000000c0022750                PCI::getProgIF(unsigned char, unsigned char, unsigned char)
                0x00000000c0022778                PCI::getRevisionID(unsigned char, unsigned char, unsigned char)
                0x00000000c002279c                PCI::getInterruptNumber(unsigned char, unsigned char, unsigned char)
                0x00000000c00227c0                PCI::getSecondaryBus(unsigned char, unsigned char, unsigned char)
                0x00000000c00227e8                PCI::getBARAddress(unsigned char, unsigned char, unsigned char, unsigned char)
                0x00000000c002284c                PCI::pciWriteWord(unsigned char, unsigned char, unsigned char, unsigned char, unsigned short)
                0x00000000c0022934                PCI::pciDetailsToFilepath(PCIDeviceInfo, char*)
                0x00000000c0022bae                PCI::checkBus(unsigned char)
                0x00000000c0022bd2                PCI::foundDevice(PCIDeviceInfo)
                0x00000000c0022d44                PCI::getDeviceData(unsigned char, unsigned char, unsigned char)
                0x00000000c0022efc                PCI::checkDevice(unsigned char, unsigned char)
                0x00000000c0022f68                PCI::detect()
 *fill*         0x00000000c0022fbb        0x1 
 .text          0x00000000c0022fbc      0xb54 hw/diskctrl/ide.32
                0x00000000c0022fbc                IDE::close(int, int, void*)
                0x00000000c0022fc0                IDE::IDE()
                0x00000000c0022fc0                IDE::IDE()
                0x00000000c0022ff4                IDE::prepareInterrupt(unsigned char)
                0x00000000c0023006                selectDrive(unsigned char, unsigned char)
                0x00000000c0023008                IDE::getBase(unsigned char)
                0x00000000c002301a                IDE::write(unsigned char, unsigned char, unsigned char)
                0x00000000c00230da                IDE::read(unsigned char, unsigned char)
                0x00000000c0023188                IDE::waitInterrupt(unsigned char)
                0x00000000c00231ee                ideChannel0IRQHandler(regs*, void*)
                0x00000000c002320a                ideChannel1IRQHandler(regs*, void*)
                0x00000000c0023226                IDE::enableIRQs(unsigned char, bool)
                0x00000000c002326c                IDE::open(int, int, void*)
                0x00000000c002367a                IDE::readBuffer(unsigned char, unsigned char, unsigned int, unsigned int)
                0x00000000c0023746                IDE::detect()
                0x00000000c0023a0c                IDE::printError(unsigned char, unsigned char, unsigned char)
                0x00000000c0023abc                IDE::polling(unsigned char, unsigned int)
 .text          0x00000000c0023b10      0x336 hw/diskctrl/satabus.32
                0x00000000c0023b10                SATABus::close(int, int, void*)
                0x00000000c0023b14                SATABus::detect()
                0x00000000c0023b16                SATABus::SATABus()
                0x00000000c0023b16                SATABus::SATABus()
                0x00000000c0023b9c                SATABus::findCmdslot(SATABus::tagHBA_PORT volatile*)
                0x00000000c0023be4                SATABus::checkType(SATABus::tagHBA_PORT volatile*)
                0x00000000c0023c2c                SATABus::startCmd(SATABus::tagHBA_PORT volatile*)
                0x00000000c0023c4c                SATABus::stopCmd(SATABus::tagHBA_PORT volatile*)
                0x00000000c0023c76                SATABus::portRebase(SATABus::tagHBA_PORT volatile*, int)
                0x00000000c0023d7c                SATABus::probePort(SATABus::tagHBA_MEM volatile*)
                0x00000000c0023e26                SATABus::open(int, int, void*)
 .text          0x00000000c0023e46      0x688 hw/diskphys/ata.32
                0x00000000c0023e46                ATA::close(int, int, void*)
                0x00000000c0023e6a                ATA::powerSaving(PowerSavingLevel)
                0x00000000c0023e6c                ATA::ATA()
                0x00000000c0023e6c                ATA::ATA()
                0x00000000c0023e9a                ATA::flush(bool)
                0x00000000c0023ee4                ATA::readyForCommand()
                0x00000000c0023f34                ATA::access(unsigned long long, int, void*, bool)
                0x00000000c002432a                ATA::read(unsigned long long, int, void*)
                0x00000000c0024376                ATA::write(unsigned long long, int, void*)
                0x00000000c00243d8                ATA::detectCHS()
                0x00000000c0024402                ATA::open(int, int, void*)
 .text          0x00000000c00244ce      0x5bd hw/diskphys/atapi.32
                0x00000000c00244ce                ATAPI::write(unsigned long long, int, void*)
                0x00000000c00244d4                ATAPI::close(int, int, void*)
                0x00000000c00244f8                ATAPI::ATAPI()
                0x00000000c00244f8                ATAPI::ATAPI()
                0x00000000c0024526                ATAPI::readyForCommand()
                0x00000000c0024576                ATAPI::sendPacket(unsigned char*, int, bool, unsigned short*, int)
                0x00000000c0024836                ATAPI::diskRemoved()
                0x00000000c0024852                ATAPI::eject()
                0x00000000c002489a                ATAPI::diskInserted()
                0x00000000c00248c8                ATAPI::detectMedia()
                0x00000000c0024984                ATAPI::open(int, int, void*)
                0x00000000c0024a0c                ATAPI::read(unsigned long long, int, void*)
 *fill*         0x00000000c0024a8b        0x1 
 .text          0x00000000c0024a8c      0x41c hw/diskphys/sata.32
                0x00000000c0024a8c                SATA::close(int, int, void*)
                0x00000000c0024ab0                SATA::powerSaving(PowerSavingLevel)
                0x00000000c0024ab2                SATA::open(int, int, void*)
                0x00000000c0024b5c                SATA::SATA()
                0x00000000c0024b5c                SATA::SATA()
                0x00000000c0024b8a                SATA::access(unsigned long long, int, void*, bool)
                0x00000000c0024df0                SATA::read(unsigned long long, int, void*)
                0x00000000c0024e3c                SATA::write(unsigned long long, int, void*)
 .text          0x00000000c0024ea8      0x4fe hw/diskphys/satapi.32
                0x00000000c0024ea8                SATAPI::write(unsigned long long, int, void*)
                0x00000000c0024eae                SATAPI::close(int, int, void*)
                0x00000000c0024ed2                SATAPI::SATAPI()
                0x00000000c0024ed2                SATAPI::SATAPI()
                0x00000000c0024f00                SATAPI::diskRemoved()
                0x00000000c0024f1c                SATAPI::diskInserted()
                0x00000000c0024f4a                SATAPI::sendPacket(unsigned char*, int, unsigned long long, unsigned short*, int)
                0x00000000c0025152                SATAPI::eject()
                0x00000000c002519a                SATAPI::detectMedia()
                0x00000000c002525c                SATAPI::open(int, int, void*)
                0x00000000c0025304                SATAPI::read(unsigned long long, int, void*)
 .text          0x00000000c00253a6       0x8e hw/fpu/avx.32
                0x00000000c00253a6                AVX::open(int, int, void*)
                0x00000000c00253b8                AVX::close(int, int, void*)
                0x00000000c00253ca                AVX::available()
                0x00000000c00253dc                AVX::save(void*)
                0x00000000c00253f4                AVX::load(void*)
                0x00000000c002540c                AVX::AVX()
                0x00000000c002540c                AVX::AVX()
 .text          0x00000000c0025434       0x90 hw/fpu/mmx.32
                0x00000000c0025434                MMX::available()
                0x00000000c0025448                MMX::open(int, int, void*)
                0x00000000c002545a                MMX::close(int, int, void*)
                0x00000000c002546c                MMX::save(void*)
                0x00000000c0025484                MMX::load(void*)
                0x00000000c002549c                MMX::MMX()
                0x00000000c002549c                MMX::MMX()
 .text          0x00000000c00254c4       0x96 hw/fpu/sse.32
                0x00000000c00254c4                SSE::open(int, int, void*)
                0x00000000c00254d6                SSE::close(int, int, void*)
                0x00000000c00254e8                SSE::available()
                0x00000000c0025502                SSE::save(void*)
                0x00000000c002551a                SSE::load(void*)
                0x00000000c0025532                SSE::SSE()
                0x00000000c0025532                SSE::SSE()
 .text          0x00000000c002555a       0x8e hw/fpu/x87.32
                0x00000000c002555a                x87::open(int, int, void*)
                0x00000000c002556c                x87::close(int, int, void*)
                0x00000000c002557e                x87::available()
                0x00000000c0025590                x87::save(void*)
                0x00000000c00255a8                x87::load(void*)
                0x00000000c00255c0                x87::x87()
                0x00000000c00255c0                x87::x87()
 .text          0x00000000c00255e8      0x71e hw/intctrl/apic.32
                0x00000000c00255e8                APIC::disable()
                0x00000000c00255ea                APIC::close(int, int, void*)
                0x00000000c002560c                IOAPIC::close(int, int, void*)
                0x00000000c0025612                APIC::io_wait()
                0x00000000c0025618                APIC::getBase()
                0x00000000c002565a                APIC::eoi(unsigned char)
                0x00000000c0025688                APIC::open(int, int, void*)
                0x00000000c00257d6                IOAPIC::IOAPIC()
                0x00000000c00257d6                IOAPIC::IOAPIC()
                0x00000000c00257fe                APIC::APIC()
                0x00000000c00257fe                APIC::APIC()
                0x00000000c00258da                IOAPIC::handlesGSIWithNumber(unsigned int)
                0x00000000c002590c                IOAPIC::read(int)
                0x00000000c0025934                IOAPIC::open(int, int, void*)
                0x00000000c0025a2a                IOAPIC::write(int, int)
                0x00000000c0025a56                IOAPIC::redirect(unsigned char, unsigned long long, unsigned char, bool, bool)
                0x00000000c0025b50                APIC::installIRQHandler(int, void (*)(regs*, void*), bool, void*)
 .text          0x00000000c0025d06      0x3d3 hw/intctrl/pic.32
                0x00000000c0025d06                PIC::disable()
                0x00000000c0025d34                PIC::close(int, int, void*)
                0x00000000c0025d56                PIC::PIC()
                0x00000000c0025d56                PIC::PIC()
                0x00000000c0025e2c                PIC::ioWait()
                0x00000000c0025e32                PIC::getIRQReg(int)
                0x00000000c0025e9c                PIC::eoi(unsigned char)
                0x00000000c0025f2e                PIC::remap()
                0x00000000c002609a                PIC::open(int, int, void*)
 *fill*         0x00000000c00260d9        0x1 
 .text          0x00000000c00260da      0x25e hw/timer/apictimer.32
                0x00000000c00260da                APICTimer::close(int, int, void*)
                0x00000000c00260e0                apicTimerHandler(regs*, void*)
                0x00000000c002610e                APICTimer::write(int)
                0x00000000c0026212                APICTimer::open(int, int, void*)
                0x00000000c0026310                APICTimer::APICTimer()
                0x00000000c0026310                APICTimer::APICTimer()
 .text          0x00000000c0026338      0x1a7 hw/timer/pit.32
                0x00000000c0026338                PIT::write(int)
                0x00000000c00263b6                pitHandler(regs*, void*)
                0x00000000c00263e2                PIT::open(int, int, void*)
                0x00000000c0026430                PIT::close(int, int, void*)
                0x00000000c0026460                PIT::PIT()
                0x00000000c0026460                PIT::PIT()
 *fill*         0x00000000c00264df        0x1 
 .text          0x00000000c00264e0       0x1e hw/fpu/x86/avx.32
                0x00000000c00264e0                avxDetect
                0x00000000c00264e6                avxSave
                0x00000000c00264e7                avxLoad
                0x00000000c00264e8                avxInit
                0x00000000c00264e9                avxClose
                0x00000000c00264ea                wouldSheSayYes
 *fill*         0x00000000c00264fe        0x2 
 .text          0x00000000c0026500       0x35 hw/fpu/x86/sse.32
                0x00000000c0026500                absolutelyNoChanceInHell
                0x00000000c0026500                sseDetect
                0x00000000c0026518                sseSave
                0x00000000c002651e                sseLoad
                0x00000000c0026524                sseInit
                0x00000000c0026534                sseClose
 *fill*         0x00000000c0026535        0xb 
 .text          0x00000000c0026540       0x4d hw/fpu/x86/x87.32
                0x00000000c0026546                x87Detect
                0x00000000c0026561                x87Save
                0x00000000c002656a                x87Load
                0x00000000c0026572                x87Init
                0x00000000c002658c                x87Close
 *fill*         0x00000000c002658d        0x3 
 .text          0x00000000c0026590       0x25 /cygdrive/d/Users/Alex/Desktop/Toolchain/Output/bin/../lib/gcc/i386-banana/8.1.0/crtend.o
 .text          0x00000000c00265b5        0x0 crtn.32
 *fill*         0x00000000c00265b5        0x3 
 .text          0x00000000c00265b8      0x14b /cygdrive/d/Users/Alex/Desktop/Toolchain/Output/bin/../lib/gcc/i386-banana/8.1.0/libkgcc.a(_divdi3.o)
                0x00000000c00265b8                __divdi3
 *fill*         0x00000000c0026703        0x1 
 .text          0x00000000c0026704      0x17e /cygdrive/d/Users/Alex/Desktop/Toolchain/Output/bin/../lib/gcc/i386-banana/8.1.0/libkgcc.a(_moddi3.o)
                0x00000000c0026704                __moddi3
 *fill*         0x00000000c0026882        0x2 
 .text          0x00000000c0026884       0xff /cygdrive/d/Users/Alex/Desktop/Toolchain/Output/bin/../lib/gcc/i386-banana/8.1.0/libkgcc.a(_udivdi3.o)
                0x00000000c0026884                __udivdi3
 *fill*         0x00000000c0026983        0x1 
 .text          0x00000000c0026984      0x11a /cygdrive/d/Users/Alex/Desktop/Toolchain/Output/bin/../lib/gcc/i386-banana/8.1.0/libkgcc.a(_umoddi3.o)
                0x00000000c0026984                __umoddi3
 .text          0x00000000c0026a9e      0x96d D:/Users/Alex/Desktop/Banana/kernel/libsoftfp.a(sfieeelib.o)
                0x00000000c0026a9e                __addsf3
                0x00000000c0026da0                __subsf3
                0x00000000c0026db4                __negsf2
                0x00000000c0026dc1                __mulsf3
                0x00000000c0026f84                __divsf3
                0x00000000c00271af                __floatsisf
                0x00000000c0027223                __floatunsisf
                0x00000000c0027265                __fixsfsi
                0x00000000c00272c7                __fixunssfsi
                0x00000000c00272f8                __cmpsf2
                0x00000000c002738d                __eqsf2
                0x00000000c00273c8                __nesf2
                0x00000000c00273ca                __gtsf2
                0x00000000c0027405                __gesf2
                0x00000000c0027407                __ltsf2
                0x00000000c0027409                __lesf2
 .text          0x00000000c002740b      0xf50 D:/Users/Alex/Desktop/Banana/kernel/libsoftfp.a(dfieeelib.o)
                0x00000000c002740b                __adddf3
                0x00000000c0027a5c                __subdf3
                0x00000000c0027a77                __negdf2