Archive member included to satisfy reference by file (symbol)

/cygdrive/d/Users/Alex/Desktop/Toolchain/Output/bin/../lib/gcc/i386-banana/8.1.0/libkgcc.a(_divdi3.o)
                              krnl/resolve.32 (__divdi3)
/cygdrive/d/Users/Alex/Desktop/Toolchain/Output/bin/../lib/gcc/i386-banana/8.1.0/libkgcc.a(_moddi3.o)
                              krnl/resolve.32 (__moddi3)
/cygdrive/d/Users/Alex/Desktop/Toolchain/Output/bin/../lib/gcc/i386-banana/8.1.0/libkgcc.a(_udivdi3.o)
                              hal/clock.32 (__udivdi3)
/cygdrive/d/Users/Alex/Desktop/Toolchain/Output/bin/../lib/gcc/i386-banana/8.1.0/libkgcc.a(_umoddi3.o)
                              core/pipe.32 (__umoddi3)

Allocating common symbols
Common symbol       size              file

dcache              0x40              fs/iso9660/iso9660.32
cdDriveLetter       0x1               fs/iso9660/iso9660.32
icache              0x40              fs/iso9660/iso9660.32

Discarded input sections

 .comment       0x0000000000000000       0x12 /cygdrive/d/Users/Alex/Desktop/Toolchain/Output/bin/../lib/gcc/i386-banana/8.1.0/crtbegin.o
 .comment       0x0000000000000000       0x12 acpica/utclib.32
 .comment       0x0000000000000000       0x12 core/malloc.32
 .comment       0x0000000000000000       0x12 libk/ctype.32
 .comment       0x0000000000000000       0x12 libk/string.32
 .comment       0x0000000000000000       0x12 fs/fat/diskio.32
 .comment       0x0000000000000000       0x12 fs/fat/ff.32
 .comment       0x0000000000000000       0x12 fs/fat/ffsystem.32
 .comment       0x0000000000000000       0x12 fs/fat/ffunicode.32
 .comment       0x0000000000000000       0x12 fs/iso9660/iso9660.32
 .group         0x0000000000000000       0x14 core/computer.32
 .group         0x0000000000000000        0xc core/computer.32
 .comment       0x0000000000000000       0x12 core/computer.32
 .comment       0x0000000000000000       0x12 core/gdt.32
 .group         0x0000000000000000        0xc core/idle.32
 .comment       0x0000000000000000       0x12 core/idle.32
 .comment       0x0000000000000000       0x12 core/idt.32
 .comment       0x0000000000000000       0x12 core/kheap.32
 .comment       0x0000000000000000       0x12 core/main.32
 .comment       0x0000000000000000       0x12 core/physmgr.32
 .group         0x0000000000000000        0xc core/pipe.32
 .comment       0x0000000000000000       0x12 core/pipe.32
 .group         0x0000000000000000        0xc core/terminal.32
 .comment       0x0000000000000000       0x12 core/terminal.32
 .comment       0x0000000000000000       0x12 core/tss.32
 .group         0x0000000000000000        0x8 core/unixfile.32
 .group         0x0000000000000000        0x8 core/unixfile.32
 .group         0x0000000000000000        0xc core/unixfile.32
 .group         0x0000000000000000        0x8 core/unixfile.32
 .group         0x0000000000000000        0xc core/unixfile.32
 .group         0x0000000000000000        0x8 core/unixfile.32
 .group         0x0000000000000000        0xc core/unixfile.32
 .group         0x0000000000000000        0xc core/unixfile.32
 .comment       0x0000000000000000       0x12 core/unixfile.32
 .comment       0x0000000000000000       0x12 core/virtmgr.32
 .comment       0x0000000000000000       0x12 coreobjs/c++.32
 .comment       0x0000000000000000       0x12 dbg/kconsole.32
 .group         0x0000000000000000        0xc fs/vfs.32
 .group         0x0000000000000000        0xc fs/vfs.32
 .group         0x0000000000000000        0xc fs/vfs.32
 .comment       0x0000000000000000       0x12 fs/vfs.32
 .group         0x0000000000000000        0xc hal/bus.32
 .comment       0x0000000000000000       0x12 hal/bus.32
 .comment       0x0000000000000000       0x12 hal/buzzer.32
 .group         0x0000000000000000        0xc hal/clock.32
 .comment       0x0000000000000000       0x12 hal/clock.32
 .group         0x0000000000000000       0x14 hal/device.32
 .group         0x0000000000000000        0xc hal/device.32
 .group         0x0000000000000000        0x8 hal/device.32
 .group         0x0000000000000000        0xc hal/device.32
 .group         0x0000000000000000        0xc hal/device.32
 .comment       0x0000000000000000       0x12 hal/device.32
 .group         0x0000000000000000        0xc hal/diskctrl.32
 .comment       0x0000000000000000       0x12 hal/diskctrl.32
 .group         0x0000000000000000        0xc hal/diskphys.32
 .comment       0x0000000000000000       0x12 hal/diskphys.32
 .comment       0x0000000000000000       0x12 hal/fpu.32
 .comment       0x0000000000000000       0x12 hal/intctrl.32
 .group         0x0000000000000000        0xc hal/keybrd.32
 .comment       0x0000000000000000       0x12 hal/keybrd.32
 .group         0x0000000000000000        0xc hal/logidisk.32
 .comment       0x0000000000000000       0x12 hal/logidisk.32
 .group         0x0000000000000000        0xc hal/mouse.32
 .comment       0x0000000000000000       0x12 hal/mouse.32
[...]
Memory Configuration

Name             Origin             Length             Attributes
*default*        0x0000000000000000 0xffffffffffffffff

Linker script and memory map

LOAD D:/Users/Alex/Desktop/Banana/kernel/boot.32
LOAD crti.32
LOAD /cygdrive/d/Users/Alex/Desktop/Toolchain/Output/bin/../lib/gcc/i386-banana/8.1.0/crtbegin.o
LOAD D:/Users/Alex/Desktop/Banana/kernel/morenasm.32
LOAD acpica/utclib.32
LOAD core/malloc.32
LOAD libk/ctype.32
LOAD libk/string.32
LOAD fs/fat/diskio.32
LOAD fs/fat/ff.32
LOAD fs/fat/ffsystem.32
LOAD fs/fat/ffunicode.32
LOAD fs/iso9660/iso9660.32
LOAD core/computer.32
LOAD core/gdt.32
LOAD core/idle.32
LOAD core/idt.32
LOAD core/kheap.32
LOAD core/main.32
LOAD core/physmgr.32
LOAD core/pipe.32
LOAD core/terminal.32
LOAD core/tss.32
LOAD core/unixfile.32
LOAD core/virtmgr.32
LOAD coreobjs/c++.32
LOAD dbg/kconsole.32
LOAD fs/vfs.32
LOAD hal/bus.32
LOAD hal/buzzer.32
LOAD hal/clock.32
LOAD hal/device.32
LOAD hal/diskctrl.32
LOAD hal/diskphys.32
LOAD hal/fpu.32
LOAD hal/intctrl.32
LOAD hal/keybrd.32
LOAD hal/logidisk.32
LOAD hal/mouse.32
LOAD hal/partition.32
LOAD hal/serial.32
LOAD hal/timer.32
LOAD hal/vcache.32
LOAD hal/video.32
LOAD hw/acpi.32
LOAD hw/cpu.32
LOAD krnl/bootmsg.32
LOAD krnl/env.32
LOAD krnl/inlines.32
LOAD krnl/panic.32
LOAD krnl/powctrl.32
LOAD krnl/resolve.32
LOAD krnl/signal.32
LOAD krnl/syscalls.32
LOAD reg/registry.32
LOAD sys/eject.32
LOAD sys/exit.32
LOAD sys/getcwd.32
LOAD sys/getpid.32
LOAD sys/getramdata.32
LOAD sys/getvgaptr.32
LOAD sys/loaddll.32
LOAD sys/read.32
LOAD sys/registersignal.32
LOAD sys/sbrk.32
LOAD sys/setcwd.32
LOAD sys/settime.32
LOAD sys/timezone.32
LOAD sys/write.32
LOAD sys/wsbe.32
LOAD sys/yield.32
LOAD thr/elf.32
LOAD thr/prcssthr.32
LOAD vm86/vm8086.32
LOAD arch/i386/hal.32
LOAD arch/i386/pic.32
LOAD arch/i386/rtc.32
LOAD arch/i386/vga.32
LOAD fs/fat/vfslink.32
LOAD fs/iso9660/helper.32
LOAD fs/iso9660/vfslink.32
LOAD hal/sound/sndcard.32
LOAD hal/sound/sndport.32
LOAD hw/bus/isa.32
LOAD hw/bus/pci.32
LOAD hw/diskctrl/ide.32
LOAD hw/diskctrl/satabus.32
LOAD hw/diskphys/ata.32
LOAD hw/diskphys/atapi.32
LOAD hw/diskphys/sata.32
LOAD hw/diskphys/satapi.32
LOAD hw/intctrl/apic.32
LOAD hw/timer/apictimer.32
LOAD hw/timer/pit.32
LOAD arch/i386/avx.32
LOAD arch/i386/interrupt.32
LOAD arch/i386/rdrand.32
LOAD arch/i386/sse.32
LOAD arch/i386/x87.32
LOAD /cygdrive/d/Users/Alex/Desktop/Toolchain/Output/bin/../lib/gcc/i386-banana/8.1.0/crtend.o
LOAD crtn.32
LOAD /cygdrive/d/Users/Alex/Desktop/Toolchain/Output/bin/../lib/gcc/i386-banana/8.1.0/libkgcc.a
LOAD D:/Users/Alex/Desktop/Banana/kernel/libsoftfp.a
LOAD D:/Users/Alex/Desktop/Banana/kernel/libk/libm32.a
                0x00000000c0000000                . = 0xc0000000

.text           0x00000000c0000000    0x1cb2a
 *(.text)
 .text          0x00000000c0000000       0x20 D:/Users/Alex/Desktop/Banana/kernel/boot.32
 .text          0x00000000c0000020        0x0 crti.32
 .text          0x00000000c0000020      0x101 /cygdrive/d/Users/Alex/Desktop/Toolchain/Output/bin/../lib/gcc/i386-banana/8.1.0/crtbegin.o
 *fill*         0x00000000c0000121        0xf 
 .text          0x00000000c0000130      0x252 D:/Users/Alex/Desktop/Banana/kernel/morenasm.32
                0x00000000c0000130                manualPCIProbe
                0x00000000c000017b                prepareTramp
                0x00000000c0000194                doTPAUSE
                0x00000000c000019e                hasLegacyFPU
                0x00000000c00001c3                is486
                0x00000000c00001f9                detectCPUID
                0x00000000c000020f                goToVM86
                0x00000000c000023f                goToUsermode
                0x00000000c0000269                switchToThreadASMFirstTime
                0x00000000c0000277                switchToThreadASM
                0x00000000c00002ff                asmQuickAcquireLock
                0x00000000c000031d                asmQuickReleaseLock
                0x00000000c0000329                asmAcquireLock
                0x00000000c000034a                asmReleaseLock
                0x00000000c000035d                loadGDT
                0x00000000c000037d                memcpy
 *fill*         0x00000000c0000382        0xe 
 .text          0x00000000c0000390      0x79e acpica/utclib.32
                0x00000000c0000390                memcmp
                0x00000000c00003e0                memmove
                0x00000000c00004d0                memset
                0x00000000c0000540                strlen
                0x00000000c0000570                strpbrk
                0x00000000c00005b0                strtok
                0x00000000c0000600                strcpy
                0x00000000c0000630                strncpy
                0x00000000c00006e0                strcmp
                0x00000000c0000730                strchr
                0x00000000c0000760                strncmp
                0x00000000c00007c0                strcat
                0x00000000c00007f0                strncat
                0x00000000c0000850                strstr
                0x00000000c00008b0                toupper
                0x00000000c00008d0                tolower
                0x00000000c00008f0                simple_strtoul
 .text          0x00000000c0000b2e      0xfad core/malloc.32
                0x00000000c0000c99                dlfree
                0x00000000c0000ff4                dlmalloc
                0x00000000c0001531                dlrealloc
                0x00000000c00016d4                dlmemalign
                0x00000000c00017f7                dlcalloc
                0x00000000c0001891                dlcfree
                0x00000000c0001896                dlindependent_calloc
                0x00000000c00018bb                dlindependent_comalloc
                0x00000000c00018d2                dlvalloc
                0x00000000c00018fd                dlpvalloc
                0x00000000c0001933                dlmalloc_trim
                0x00000000c0001940                dlmalloc_usable_size
                0x00000000c0001971                dlmallinfo
                0x00000000c0001a40                dlmalloc_stats
                0x00000000c0001a51                dlmallopt
 *fill*         0x00000000c0001adb        0x1 
 .text          0x00000000c0001adc      0x1f2 libk/ctype.32
                0x00000000c0001adc                isblank
                0x00000000c0001afc                iscntrl
                0x00000000c0001b1c                isdigit
                0x00000000c0001b38                islower
                0x00000000c0001b54                isspace
                0x00000000c0001b7c                isupper
                0x00000000c0001b98                isalpha
                0x00000000c0001bc8                isalnum
                0x00000000c0001bf8                ispunct
                0x00000000c0001c38                isgraph
                0x00000000c0001c68                isprint
                0x00000000c0001c90                isxdigit
 .text          0x00000000c0001cce        0x0 libk/string.32
 .text          0x00000000c0001cce       0x51 fs/fat/diskio.32
                0x00000000c0001cce                disk_status
                0x00000000c0001cd1                disk_initialize
                0x00000000c0001cd4                disk_read
                0x00000000c0001cea                disk_write
                0x00000000c0001d00                disk_ioctl
 .text          0x00000000c0001d1f     0x3d4b fs/fat/ff.32
                0x00000000c0003abb                f_mount
                0x00000000c0003b1d                f_open
                0x00000000c0003de8                f_read
                0x00000000c0003fe7                f_write
                0x00000000c000421b                f_sync
                0x00000000c00042d0                f_close
                0x00000000c00042ff                f_lseek
                0x00000000c00044a6                f_opendir
                0x00000000c0004571                f_closedir
                0x00000000c0004593                f_readdir
                0x00000000c0004625                f_stat
                0x00000000c00046a4                f_getfree
                0x00000000c00047a6                f_truncate
                0x00000000c000488a                f_unlink
                0x00000000c00049ac                f_mkdir
                0x00000000c0004b47                f_rename
                0x00000000c0004cfd                f_chmod
                0x00000000c0004da6                f_utime
                0x00000000c0004e54                f_getlabel
                0x00000000c0004fa5                f_setlabel
                0x00000000c0005135                f_expand
                0x00000000c0005295                f_mkfs
 *fill*         0x00000000c0005a6a        0x2 
 .text          0x00000000c0005a6c       0x2f fs/fat/ffsystem.32
                0x00000000c0005a6c                ff_memalloc
                0x00000000c0005a84                ff_memfree
 *fill*         0x00000000c0005a9b        0x1 
 .text          0x00000000c0005a9c      0x2a8 fs/fat/ffunicode.32
                0x00000000c0005a9c                ff_uni2oem
                0x00000000c0005b3c                ff_oem2uni
                0x00000000c0005bb4                ff_wtoupper
 .text          0x00000000c0005d44      0xd2f fs/iso9660/iso9660.32
                0x00000000c0005f89                isoReadDiscSector
                0x00000000c0006024                strnicmp
                0x00000000c00062d7                stricmp
                0x00000000c0006323                iso_open
                0x00000000c00063ad                iso_close
                0x00000000c00063cb                iso_read
                0x00000000c00064e1                iso_seek
                0x00000000c0006565                iso_tell
                0x00000000c0006596                iso_total
                0x00000000c00065c1                fn_postprocess
                0x00000000c00065e7                iso_readdir
                0x00000000c000683e                iso_reset
                0x00000000c000685b                init_percd
                0x00000000c0006955                iso_ioctl
                0x00000000c000696d                fs_iso9660_init
                0x00000000c0006a03                fs_iso9660_shutdown
 *fill*         0x00000000c0006a73        0x1 
 .text          0x00000000c0006a74      0x685 core/computer.32
                0x00000000c0006a74                Computer::close(int, int, void*)
                0x00000000c0006ab9                Krnl::firstTask()
                0x00000000c0006bec                Computer::Computer()
                0x00000000c0006bec                Computer::Computer()
                0x00000000c0006c9e                Computer::setBootMessage(char const*)
                0x00000000c0006ca0                Computer::detectFeatures()
                0x00000000c0006eaa                Computer::displayFeatures()
                0x00000000c0006eac                Computer::rdmsr(unsigned int)
                0x00000000c0006ed8                Computer::wrmsr(unsigned int, unsigned long long)
                0x00000000c0006f10                Computer::shutdown()
                0x00000000c0006f28                Computer::restart()
                0x00000000c0006f40                Computer::sleep()
                0x00000000c0006f54                Computer::nmiEnabled()
                0x00000000c0006f60                Computer::readCMOS(unsigned char)
                0x00000000c0006f7a                Computer::enableNMI(bool)
                0x00000000c0006f92                Computer::open(int, int, void*)
                0x00000000c0007066                Computer::disableNMI()
                0x00000000c0007076                Computer::writeCMOS(unsigned char, unsigned char)
                0x00000000c0007094                Computer::handleNMI()
 *fill*         0x00000000c00070f9        0x1 
 .text          0x00000000c00070fa      0x1cf core/gdt.32
                0x00000000c00070fa                GDTEntry::setBase(unsigned int)
                0x00000000c0007116                GDTEntry::setLimit(unsigned int)
                0x00000000c0007134                GDT::GDT()
                0x00000000c0007134                GDT::GDT()
                0x00000000c000714a                GDT::addEntry(GDTEntry)
                0x00000000c000716c                GDT::getNumberOfEntries()
                0x00000000c0007174                GDT::flush()
                0x00000000c0007196                GDT::setup()
 .text          0x00000000c00072c9       0x1d core/idle.32
                0x00000000c00072c9                idleFunction(void*)
 *fill*         0x00000000c00072e6        0x2 
 .text          0x00000000c00072e8      0x464 core/idt.32
                0x00000000c00072e8                IDTEntry::IDTEntry(bool)
                0x00000000c00072e8                IDTEntry::IDTEntry(bool)
                0x00000000c000735a                IDTEntry::setOffset(unsigned int)
                0x00000000c0007370                IDT::IDT()
                0x00000000c0007370                IDT::IDT()
                0x00000000c0007372                IDT::getPointerToInvalidOpcodeEntryForF00F()
                0x00000000c000737a                IDT::addEntry(IDTEntry, int)
                0x00000000c0007394                IDT::addEntry(int, void (*)(), bool)
                0x00000000c00073cc                IDT::flush()
                0x00000000c00073e6                IDT::setup()
 .text          0x00000000c000774c      0x183 core/kheap.32
                0x00000000c000774c                sbrk
                0x00000000c00077e1                mmap
                0x00000000c00077f7                munmap
                0x00000000c000780d                liballoc_lock()
                0x00000000c000781a                liballoc_unlock()
                0x00000000c000782e                liballoc_alloc(int)
                0x00000000c0007846                liballoc_free(void*, int)
                0x00000000c0007861                realloc
                0x00000000c0007875                malloc
                0x00000000c0007885                free
                0x00000000c0007895                rfree
                0x00000000c00078a5                calloc
 .text          0x00000000c00078cf       0xc3 core/main.32
                0x00000000c00078cf                KeEntryPoint
 .text          0x00000000c0007992      0x5dc core/physmgr.32
                0x00000000c0007992                Phys::allocateDMA(unsigned long)
                0x00000000c0007a69                Phys::freeDMA(unsigned long, unsigned long)
                0x00000000c0007a9c                Phys::setPageState(unsigned long, bool)
                0x00000000c0007ace                Phys::getPageState(unsigned long)
                0x00000000c0007aef                Phys::freePage(unsigned long)
                0x00000000c0007b51                Phys::allocatePage()
                0x00000000c0007c0f                Phys::allocateContiguousPages(int)
                0x00000000c0007c6b                Phys::allowSegmentToBeUsed(unsigned long, unsigned long)
                0x00000000c0007ca3                Phys::physicalMemorySetup(unsigned int)
 .text          0x00000000c0007f6e      0x273 core/pipe.32
                0x00000000c0007f6e                Pipe::isAtty()
                0x00000000c0007f72                Pipe::~Pipe()
                0x00000000c0007f72                Pipe::~Pipe()
                0x00000000c0007f96                Pipe::~Pipe()
                0x00000000c0007fbe                Pipe::write(unsigned long long, void*, int*)
                0x00000000c000807e                Pipe::read(unsigned long long, void*, int*)
                0x00000000c000817a                Pipe::Pipe(int)
                0x00000000c000817a                Pipe::Pipe(int)
 *fill*         0x00000000c00081e1        0x1 
 .text          0x00000000c00081e2      0xab2 core/terminal.32
                0x00000000c00081e2                VgaText::isAtty()
                0x00000000c00081e6                VgaText::~VgaText()
                0x00000000c00081e6                VgaText::~VgaText()
                0x00000000c000820a                VgaText::~VgaText()
                0x00000000c0008234                VgaText::read(unsigned long long, void*, int*)
                0x00000000c0008254                setTerminalScrollLock(bool)
                0x00000000c0008255                doTerminalCycle()
                0x00000000c0008256                addToTerminalCycle(VgaText*)
                0x00000000c0008257                scrollTerminalScrollLock(int)
                0x00000000c0008258                VgaText::updateTitle()
                0x00000000c000825a                VgaText::load()
                0x00000000c000825c                VgaText::updateCursor()
                0x00000000c0008272                VgaText::doANSI_SGR(int)
                0x00000000c00082e6                VgaText::setDefaultBgColour(VgaColour)
                0x00000000c00082f6                VgaText::setDefaultFgColour(VgaColour)
                0x00000000c0008306                VgaText::setDefaultColours(VgaColour, VgaColour)
                0x00000000c0008326                VgaText::setTitleTextColour(VgaColour)
                0x00000000c0008332                VgaText::setTitleColour(VgaColour)
                0x00000000c000833e                VgaText::setTitle(char*)
                0x00000000c0008340                VgaText::combineColours(unsigned char, unsigned char)
                0x00000000c0008352                VgaText::scrollScreen()
                0x00000000c00083ea                VgaText::combineCharAndColour(char, unsigned char)
                0x00000000c00083fc                VgaText::writeCharacter(char, VgaColour, VgaColour, int, int)
                0x00000000c000848c                VgaText::getCursorX()
                0x00000000c0008494                VgaText::getCursorY()
                0x00000000c000849c                VgaText::setCursor(int, int)
                0x00000000c00084b3                setActiveTerminal(VgaText*)
                0x00000000c00084fe                VgaText::clearScreen()
                0x00000000c000854c                VgaText::setCursorX(int)
                0x00000000c0008564                VgaText::setCursorY(int)
                0x00000000c000857c                VgaText::incrementCursor(bool)
                0x00000000c00085d0                VgaText::decrementCursor(bool)
                0x00000000c00085f2                VgaText::putchar(char, VgaColour, VgaColour)
                0x00000000c00086c0                VgaText::putchar(char)
                0x00000000c00087ac                VgaText::putx(unsigned int)
                0x00000000c00087f2                VgaText::puts(char const*)
                0x00000000c0008818                VgaText::write(unsigned long long, void*, int*)
                0x00000000c0008864                VgaText::puts(char const*, VgaColour, VgaColour)
                0x00000000c00089b6                VgaText::VgaText(char const*)
                0x00000000c00089b6                VgaText::VgaText(char const*)
                0x00000000c0008b06                VgaText::receiveKey(unsigned char)
                0x00000000c0008c6e                VgaText::doUpdate()
                0x00000000c0008c6f                newTerminal(char*)
 .text          0x00000000c0008c94      0x1a1 core/tss.32
                0x00000000c0008c94                TSS::TSS()
                0x00000000c0008c94                TSS::TSS()
                0x00000000c0008ca4                TSS::setESP(unsigned long)
                0x00000000c0008cb8                TSS::flush()
                0x00000000c0008cd8                TSS::setup(unsigned long, unsigned long)
 *fill*         0x00000000c0008e35        0x1 
 .text          0x00000000c0008e36      0x4c2 core/unixfile.32
                0x00000000c0008e36                ReservedFilename::read(unsigned long long, void*, int*)
                0x00000000c0008e8c                ReservedFilename::isAtty()
                0x00000000c0008ea8                ReservedFilename::write(unsigned long long, void*, int*)
                0x00000000c0008f06                UnixFile::getFileDescriptor()
                0x00000000c0008f0e                UnixFile::UnixFile(int)
                0x00000000c0008f0e                UnixFile::UnixFile(int)
                0x00000000c00090be                ReservedFilename::ReservedFilename(int)
                0x00000000c00090be                ReservedFilename::ReservedFilename(int)
                0x00000000c00090f0                UnixFile::~UnixFile()
                0x00000000c00090f0                UnixFile::~UnixFile()
                0x00000000c0009188                UnixFile::~UnixFile()
                0x00000000c00091b0                ReservedFilename::~ReservedFilename()
                0x00000000c00091b0                ReservedFilename::~ReservedFilename()
                0x00000000c00091d4                ReservedFilename::~ReservedFilename()
                0x00000000c00091fb                getFromFileDescriptor(int)
 .text          0x00000000c00092f8     0x11d0 core/virtmgr.32
                0x00000000c00092f8                Virt::setPageState(unsigned long, Virt::VirtPageState)
                0x00000000c000932d                Virt::getPageState(unsigned long)
                0x00000000c0009351                Virt::allocateKernelVirtualPages(int)
                0x00000000c0009462                Virt::freeSwapfilePage(unsigned long)
                0x00000000c0009480                Virt::swapIDToSector(unsigned long)
                0x00000000c0009492                Virt::allocateSwapfilePage()
                0x00000000c0009510                Virt::virtualMemorySetup()
                0x00000000c000955b                Virt::setupPageSwapping(int)
                0x00000000c00095cc                VAS::VAS(VAS*)
                0x00000000c00095cc                VAS::VAS(VAS*)
                0x00000000c00095fa                VAS::getForeignPageTableEntry(bool, unsigned long)
                0x00000000c0009626                VAS::getPageTableEntry(unsigned long)
                0x00000000c0009645                Virt::freeKernelVirtualPages(unsigned long)
                0x00000000c000976a                VAS::freeAllocatedPages(unsigned long)
                0x00000000c000978e                VAS::virtualToPhysical(unsigned long)
                0x00000000c00097a8                VAS::reflagRange(unsigned long, int, int, int)
                0x00000000c00097e8                VAS::VAS()
                0x00000000c00097e8                VAS::VAS()
                0x00000000c0009852                VAS::setToWriteCombining(unsigned long, int)
                0x00000000c0009886                VAS::mapOtherVASIn(bool, VAS*)
                0x00000000c00098b0                VAS::~VAS()
                0x00000000c00098b0                VAS::~VAS()
                0x00000000c0009a14                VAS::mapPage(unsigned long, unsigned long, int)
                0x00000000c0009b18                VAS::allocatePages(int, int)
                0x00000000c0009cf0                VAS::setCPUSpecific(unsigned long)
                0x00000000c0009d0e                VAS::mapRange(unsigned long, unsigned long, int, int)
                0x00000000c0009dd4                VAS::mapForeignPage(bool, VAS*, unsigned long, unsigned long, int)
                0x00000000c0009ec2                VAS::VAS(bool)
                0x00000000c0009ec2                VAS::VAS(bool)
                0x00000000c000a142                VAS::evict(unsigned long)
                0x00000000c000a204                VAS::tryLoadBackOffDisk(unsigned long)
                0x00000000c000a2f2                VAS::scanForEviction()
                0x00000000c000a3d2                mapVASFirstTime
 .text          0x00000000c000a4c8       0x5f coreobjs/c++.32
                0x00000000c000a4c8                __cxa_atexit
                0x00000000c000a4cb                __cxa_finalize
                0x00000000c000a4cc                __stack_chk_fail
                0x00000000c000a502                __cxa_pure_virtual
                0x00000000c000a513                operator new[](unsigned long)
                0x00000000c000a518                operator delete(void*, unsigned long)
                0x00000000c000a51d                operator delete[](void*)
                0x00000000c000a522                operator delete[](void*, unsigned long)
 .text          0x00000000c000a527      0x21c dbg/kconsole.32
                0x00000000c000a527                Dbg::stringifyxWithBase(unsigned int, char*, int)
                0x00000000c000a592                Dbg::logc(char)
                0x00000000c000a5b2                Dbg::logs(char*)
                0x00000000c000a5cf                Dbg::logWriteInt(unsigned int)
                0x00000000c000a5ed                Dbg::logWriteIntBase(unsigned int, int)
                0x00000000c000a60e                Dbg::kprintf(char const*, ...)
 *fill*         0x00000000c000a743        0x1 
 .text          0x00000000c000a744      0xc5c fs/vfs.32
                0x00000000c000a744                File::read(unsigned long long, void*, int*)
                0x00000000c000a79c                File::write(unsigned long long, void*, int*)
                0x00000000c000a7f4                Directory::read(unsigned long long, void*, int*)
                0x00000000c000a84c                Directory::write(unsigned long long, void*, int*)
                0x00000000c000a87a                File::isAtty()
                0x00000000c000a87e                Directory::isAtty()
                0x00000000c000a882                Filesystem::getlabel(LogicalDisk*, int, char*, unsigned int*)
                0x00000000c000a888                Filesystem::setlabel(LogicalDisk*, int, char*)
                0x00000000c000a88e                Filesystem::allocateSwapfile(char const*, int)
                0x00000000c000a894                File::~File()
                0x00000000c000a894                File::~File()
                0x00000000c000a8b8                File::~File()
                0x00000000c000a8e2                Directory::~Directory()
                0x00000000c000a8e2                Directory::~Directory()
                0x00000000c000a906                Directory::~Directory()
                0x00000000c000a930                Filesystem::Filesystem()
                0x00000000c000a930                Filesystem::Filesystem()
                0x00000000c000a954                Filesystem::~Filesystem()
                0x00000000c000a954                Filesystem::~Filesystem()
                0x00000000c000a962                Filesystem::~Filesystem()
                0x00000000c000a986                Fs::getcwd(Process*, char*, int)
                0x00000000c000a9b0                Fs::initVFS()
                0x00000000c000a9da                Fs::standardiseFiles(char*, char const*, char const*)
                0x00000000c000ab84                File::File(char const*, Process*)
                0x00000000c000ab84                File::File(char const*, Process*)
                0x00000000c000ac44                File::open(FileOpenMode)
                0x00000000c000aca2                File::close()
                0x00000000c000ad02                File::seek(unsigned long long)
                0x00000000c000ad58                File::tell(unsigned long long*)
                0x00000000c000ada8                File::rewind()
                0x00000000c000adbc                File::unlink()
                0x00000000c000ae08                File::rename(char const*)
                0x00000000c000ae56                File::chfatattr(unsigned char, unsigned char)
                0x00000000c000aeb2                File::exists()
                0x00000000c000aef0                File::stat(unsigned long long*, bool*)
                0x00000000c000af51                Fs::setcwd(Process*, char*)
                0x00000000c000b0ae                Directory::Directory(char const*, Process*)
                0x00000000c000b0ae                Directory::Directory(char const*, Process*)
                0x00000000c000b16e                Directory::open()
                0x00000000c000b1ca                Directory::close()
                0x00000000c000b22a                Directory::unlink()
                0x00000000c000b276                Directory::rename(char const*)
                0x00000000c000b2c4                Directory::exists()
                0x00000000c000b302                Directory::read(dirent*)
                0x00000000c000b34e                Directory::create()
                0x00000000c000b39a                Filesystem::chfatattr(char const*, unsigned char, unsigned char)
 .text          0x00000000c000b3a0       0x86 hal/bus.32
                0x00000000c000b3a0                Bus::Bus(char const*)
                0x00000000c000b3a0                Bus::Bus(char const*)
                0x00000000c000b3d8                Bus::~Bus()
                0x00000000c000b3d8                Bus::~Bus()
                0x00000000c000b3fc                Bus::~Bus()
 .text          0x00000000c000b426       0x96 hal/buzzer.32
                0x00000000c000b426                beepThread(void*)
                0x00000000c000b463                Krnl::beep(int, int, bool)
 .text          0x00000000c000b4bc      0x46d hal/clock.32
                0x00000000c000b4bc                User::loadClockSettings(int)
                0x00000000c000b50e                Clock::Clock(char const*)
                0x00000000c000b50e                Clock::Clock(char const*)
                0x00000000c000b544                Clock::~Clock()
                0x00000000c000b544                Clock::~Clock()
                0x00000000c000b568                Clock::~Clock()
                0x00000000c000b592                Clock::timeInSecondsLocal()
                0x00000000c000b5da                Clock::setTimeInSecondsLocal(unsigned long long)
                0x00000000c000b633                datetimeToSeconds(datetime_t)
                0x00000000c000b760                Clock::setTimeInDatetimeLocal(datetime_t)
                0x00000000c000b7c0                secondsToDatetime(unsigned long long)
                0x00000000c000b904                Clock::timeInDatetimeLocal()
 *fill*         0x00000000c000b929        0x1 
 .text          0x00000000c000b92a      0x464 hal/device.32
                0x00000000c000b92a                Device::hibernate()
                0x00000000c000b92c                Device::wake()
                0x00000000c000b92e                Device::detect()
                0x00000000c000b930                Device::disableLegacy()
                0x00000000c000b932                Device::powerSaving(PowerSavingLevel)
                0x00000000c000b934                DriverlessDevice::close(int, int, void*)
                0x00000000c000b938                DriverlessDevice::detect()
                0x00000000c000b93a                DriverlessDevice::open(int, int, void*)
                0x00000000c000b94e                Device::~Device()
                0x00000000c000b94e                Device::~Device()
                0x00000000c000b95c                Device::~Device()
                0x00000000c000b984                Device::findAndLoadDriver()
                0x00000000c000b992                Device::preOpenPCI(PCIDeviceInfo)
                0x00000000c000b9b8                Device::preOpenACPI(void*, char*, char*)
                0x00000000c000b9f8                Device::addIRQHandler(int, void (*)(regs*, void*), bool, void*)
                0x00000000c000ba22                Device::getParent()
                0x00000000c000ba2e                Device::removeIRQHandler(int, void (*)(regs*, void*), bool)
                0x00000000c000ba4c                Device::addChild(Device*)
                0x00000000c000ba90                Device::removeAllChildren()
                0x00000000c000bad6                Device::hibernateAll()
                0x00000000c000bb06                Device::wakeAll()
                0x00000000c000bb36                Device::detectAll()
                0x00000000c000bb66                Device::disableLegacyAll()
                0x00000000c000bb68                Device::loadDriversForAll()
                0x00000000c000bb6a                Device::closeAll()
                0x00000000c000bba0                Device::powerSavingAll(PowerSavingLevel)
                0x00000000c000bbd6                Device::setName(char const*)
                0x00000000c000bbe4                Device::Device(char const*)
                0x00000000c000bbe4                Device::Device(char const*)
                0x00000000c000bce0                Device::getName()
                0x00000000c000bcea                DriverlessDevice::DriverlessDevice(char const*)
                0x00000000c000bcea                DriverlessDevice::DriverlessDevice(char const*)
                0x00000000c000bd20                Device::addToLinkedList(LinkedList<Device>&, DeviceType)
                0x00000000c000bd64                getDevicesOfType(DeviceType)
 *fill*         0x00000000c000bd8e        0x2 
 .text          0x00000000c000bd90       0x86 hal/diskctrl.32
                0x00000000c000bd90                HardDiskController::HardDiskController(char const*)
                0x00000000c000bd90                HardDiskController::HardDiskController(char const*)
                0x00000000c000bdc8                HardDiskController::~HardDiskController()
                0x00000000c000bdc8                HardDiskController::~HardDiskController()
                0x00000000c000bdec                HardDiskController::~HardDiskController()
 .text          0x00000000c000be16       0xe2 hal/diskphys.32
                0x00000000c000be16                PhysicalDisk::eject()
                0x00000000c000be1a                PhysicalDisk::PhysicalDisk(char const*, int)
                0x00000000c000be1a                PhysicalDisk::PhysicalDisk(char const*, int)
                0x00000000c000be82                PhysicalDisk::startCache()
                0x00000000c000beaa                PhysicalDisk::~PhysicalDisk()
                0x00000000c000beaa                PhysicalDisk::~PhysicalDisk()
                0x00000000c000bece                PhysicalDisk::~PhysicalDisk()
 .text          0x00000000c000bef8        0x0 hal/fpu.32
 .text          0x00000000c000bef8      0x35d hal/intctrl.32
                0x00000000c000bef8                int_handler
                0x00000000c000bf80                installISRHandler(int, void (*)(regs*, void*), void*)
                0x00000000c000bfc8                installIRQHandler(int, void (*)(regs*, void*), bool, void*)
                0x00000000c000c100                uninstallISRHandler(int, void (*)(regs*, void*))
                0x00000000c000c134                uninstallIRQHandler(int, void (*)(regs*, void*), bool)
                0x00000000c000c1b3                setupINTS()
                0x00000000c000c210                convertLegacyIRQNumber(int)
 *fill*         0x00000000c000c255        0x1 
 .text          0x00000000c000c256      0x7bc hal/keybrd.32
                0x00000000c000c256                startGUI(void*)
                0x00000000c000c2c2                startGUIVESA(void*)
                0x00000000c000c32e                sendKeyToTerminal(unsigned char)
                0x00000000c000c3f7                sendKeyboardToken(KeyboardToken)
                0x00000000c000c837                clearInternalKeybuffer(VgaText*)
                0x00000000c000c86c                readKeyboard(VgaText*, char*, unsigned long)
                0x00000000c000c988                Keyboard::Keyboard(char const*)
                0x00000000c000c988                Keyboard::Keyboard(char const*)
                0x00000000c000c9c4                Keyboard::~Keyboard()
                0x00000000c000c9c4                Keyboard::~Keyboard()
                0x00000000c000c9e8                Keyboard::~Keyboard()
 .text          0x00000000c000ca12      0x3f4 hal/logidisk.32
                0x00000000c000ca12                LogicalDisk::close(int, int, void*)
                0x00000000c000ca16                LogicalDisk::~LogicalDisk()
                0x00000000c000ca16                LogicalDisk::~LogicalDisk()
                0x00000000c000ca3a                LogicalDisk::~LogicalDisk()
                0x00000000c000ca64                LogicalDisk::open(int, int, void*)
                0x00000000c000ca78                LogicalDisk::absoluteToRelative(unsigned long long)
                0x00000000c000cab0                LogicalDisk::relativeToAbsolute(unsigned long long)
                0x00000000c000caf6                LogicalDisk::LogicalDisk(char const*, PhysicalDisk*, unsigned long long, unsigned long long)
                0x00000000c000caf6                LogicalDisk::LogicalDisk(char const*, PhysicalDisk*, unsigned long long, unsigned long long)
                0x00000000c000cbb6                LogicalDisk::assignDriveLetter()
                0x00000000c000cc6c                LogicalDisk::mount()
                0x00000000c000ccb4                LogicalDisk::unmount()
                0x00000000c000ccc4                LogicalDisk::eject()
                0x00000000c000ccd8                LogicalDisk::unassignDriveLetter()
                0x00000000c000cd2e                LogicalDisk::read(unsigned long long, int, void*)
                0x00000000c000cd9a                LogicalDisk::write(unsigned long long, int, void*)
 *fill*         0x00000000c000ce06        0x2 
 .text          0x00000000c000ce08       0x86 hal/mouse.32
                0x00000000c000ce08                Mouse::Mouse(char const*)
                0x00000000c000ce08                Mouse::Mouse(char const*)
                0x00000000c000ce40                Mouse::~Mouse()
                0x00000000c000ce40                Mouse::~Mouse()
                0x00000000c000ce64                Mouse::~Mouse()
 .text          0x00000000c000ce8e      0x339 hal/partition.32
                0x00000000c000ce8e                makePartition(PhysicalDisk*, unsigned long long, unsigned long long)
                0x00000000c000cf36                createPartitionsForDisk(PhysicalDisk*)
 *fill*         0x00000000c000d1c7        0x1 
 .text          0x00000000c000d1c8       0x86 hal/serial.32
                0x00000000c000d1c8                Serial::Serial(char const*)
                0x00000000c000d1c8                Serial::Serial(char const*)
                0x00000000c000d200                Serial::~Serial()
                0x00000000c000d200                Serial::~Serial()
                0x00000000c000d224                Serial::~Serial()
 *fill*         0x00000000c000d24e        0x2 
 .text          0x00000000c000d250      0x234 hal/timer.32
                0x00000000c000d250                Timer::Timer(char const*)
                0x00000000c000d250                Timer::Timer(char const*)
                0x00000000c000d288                Timer::~Timer()
                0x00000000c000d288                Timer::~Timer()
                0x00000000c000d2ac                Timer::~Timer()
                0x00000000c000d2d6                Timer::read()
                0x00000000c000d2e1                setupTimer(int)
                0x00000000c000d31c                timerHandler(unsigned int)
 .text          0x00000000c000d484      0x468 hal/vcache.32
                0x00000000c000d484                VCache::VCache(PhysicalDisk*)
                0x00000000c000d484                VCache::VCache(PhysicalDisk*)
                0x00000000c000d5f4                VCache::invalidateReadBuffer()
                0x00000000c000d604                VCache::writeWriteBuffer()
                0x00000000c000d650                VCache::~VCache()
                0x00000000c000d650                VCache::~VCache()
                0x00000000c000d6a4                VCache::~VCache()
                0x00000000c000d6cc                VCache::write(unsigned long long, int, void*)
                0x00000000c000d7e2                VCache::read(unsigned long long, int, void*)
 .text          0x00000000c000d8ec      0x4b3 hal/video.32
                0x00000000c000d8ec                Video::putrect(int, int, int, int, unsigned int)
                0x00000000c000d938                Video::bitblit(int, int, int, int, int, int, int, unsigned int*)
                0x00000000c000d9a8                Video::blit(unsigned int*, int, int, int, int)
                0x00000000c000da26                Video::clearScreen(unsigned int)
                0x00000000c000da5a                Video::putpixel(int, int, unsigned int)
                0x00000000c000da68                Video::Video(char const*)
                0x00000000c000da68                Video::Video(char const*)
                0x00000000c000da9e                Video::~Video()
                0x00000000c000da9e                Video::~Video()
                0x00000000c000dac2                Video::~Video()
                0x00000000c000daec                Video::isMonochrome()
                0x00000000c000daf8                Video::getWidth()
                0x00000000c000db04                Video::getHeight()
                0x00000000c000db10                Video::drawCursor(int, int, unsigned char*, int)
                0x00000000c000dbcc                Video::tgaParse(unsigned char*, int, int*, int*)
                0x00000000c000dd34                Video::putTGA(int, int, unsigned char*, int)
 *fill*         0x00000000c000dd9f        0x1 
 .text          0x00000000c000dda0     0x1307 hw/acpi.32
                0x00000000c000dda0                ACPI::close(int, int, void*)
                0x00000000c000de58                findRSDP()
                0x00000000c000dee8                loadACPITables(unsigned char*)
                0x00000000c000e14c                findRSDT(unsigned char*)
                0x00000000c000e29c                findDataTable(unsigned char*, char*)
                0x00000000c000e314                scanMADT()
                0x00000000c000e7e8                ACPI::ACPI()
                0x00000000c000e7e8                ACPI::ACPI()
                0x00000000c000e83c                ACPI::getPCIIRQAssignment(unsigned char, unsigned short, unsigned char)
                0x00000000c000e924                ACPI::registerPCIIRQAssignment(void*, unsigned short, unsigned char, unsigned char)
                0x00000000c000e9ec                ACPI::setScreenBrightnessLevel(void*, int)
                0x00000000c000e9f4                ACPI::detectPCI()
                0x00000000c000ebfc                ACPI::writeSimpleBootFlag(SimpleBootFlagTable*)
                0x00000000c000ec50                ACPI::sleep()
                0x00000000c000ec6c                ACPI::open(int, int, void*)
 *fill*         0x00000000c000f0a7        0x1 
 .text          0x00000000c000f0a8      0xb95 hw/cpu.32
                0x00000000c000f0a8                CPU::close(int, int, void*)
                0x00000000c000f0ac                CPU::AMD_K6_write_msr(unsigned int, unsigned int, unsigned int, CPU::REGS*)
                0x00000000c000f0c8                CPU::AMD_K6_read_msr(unsigned int, CPU::REGS*)
                0x00000000c000f0e0                CPU::AMD_K6_writeback(int, int, int)
                0x00000000c000f154                CPU::cpuid(int, unsigned long*, unsigned long*, unsigned long*, unsigned long*)
                0x00000000c000f1d8                CPU::cpuidCheckEDX(unsigned int)
                0x00000000c000f206                CPU::cpuidCheckECX(unsigned int)
                0x00000000c000f234                CPU::cpuidCheckExtendedEBX(unsigned int)
                0x00000000c000f262                CPU::cpuidCheckExtendedECX(unsigned int)
                0x00000000c000f290                CPU::CPU()
                0x00000000c000f290                CPU::CPU()
                0x00000000c000f31e                CPU::displayFeatures()
                0x00000000c000f320                CPU::detectFeatures()
                0x00000000c000f9e4                CPU::setupSMEP()
                0x00000000c000f9f0                CPU::setupUMIP()
                0x00000000c000f9fa                CPU::setupTSC()
                0x00000000c000fa04                CPU::setupLargePages()
                0x00000000c000fa0e                CPU::setupPAT()
                0x00000000c000fa4a                CPU::setupMTRR()
                0x00000000c000fa4c                CPU::setupGlobalPages()
                0x00000000c000fa56                CPU::allowUsermodeDataAccess()
                0x00000000c000fa68                CPU::prohibitUsermodeDataAccess()
                0x00000000c000fa7a                CPU::setupSMAP()
                0x00000000c000fa88                CPU::setupFeatures()
                0x00000000c000fb54                CPU::open(int, int, void*)
 .text          0x00000000c000fc3d       0xd1 krnl/bootmsg.32
                0x00000000c000fc3d                KeDisplaySplashScreen()
                0x00000000c000fcab                KeSetBootMessage(char const*)
 .text          0x00000000c000fd0e      0x581 krnl/env.32
                0x00000000c000fd0e                EnvVarContainer::getEnv(char const*)
                0x00000000c000fd4c                EnvVarContainer::setEnv(char const*, char const*)
                0x00000000c000fe0e                EnvVarContainer::deleteEnv(char const*)
                0x00000000c000fe10                EnvVarContainer::loadFrom(char const*, char const*)
                0x00000000c000fff6                EnvVarContainer::__loadSystem()
                0x00000000c0010010                EnvVarContainer::__loadUser()
                0x00000000c0010012                EnvVarContainer::EnvVarContainer(Process*)
                0x00000000c0010012                EnvVarContainer::EnvVarContainer(Process*)
                0x00000000c0010034                EnvVarContainer::~EnvVarContainer()
                0x00000000c0010034                EnvVarContainer::~EnvVarContainer()
                0x00000000c0010064                Krnl::getEnv(Process*, char const*)
                0x00000000c00100c9                Krnl::setEnvSystem(char const*, char const*)
                0x00000000c00100e3                Krnl::setEnvUser(char const*, char const*)
                0x00000000c0010102                Krnl::setEnvProcess(Process*, char const*, char const*)
                0x00000000c0010115                Krnl::deleteEnvSystem(char const*)
                0x00000000c0010116                Krnl::deleteEnvUser(char const*)
                0x00000000c0010117                Krnl::deleteEnvProcess(Process*, char const*)
                0x00000000c0010118                Krnl::newProcessEnv(Process*)
                0x00000000c001013a                Krnl::copyProcessEnv(Process*, Process*)
                0x00000000c0010186                Krnl::loadSystemEnv()
                0x00000000c00101b4                Krnl::loadUserEnv()
                0x00000000c00101da                Krnl::flushEnv()
                0x00000000c00101db                Krnl::getProcessTotalEnvCount(Process*)
                0x00000000c00101fb                Krnl::getProcessEnvPair(Process*, int)
 .text          0x00000000c001028f       0x94 krnl/inlines.32
                0x00000000c001028f                CPU::current()
                0x00000000c001029b                operator new(unsigned long)
                0x00000000c00102a0                operator delete(void*)
                0x00000000c00102a5                disableIRQs()
                0x00000000c00102a7                enableIRQs()
                0x00000000c00102a9                lockScheduler()
                0x00000000c00102b1                unlockScheduler()
                0x00000000c00102c0                lockStuff()
                0x00000000c00102ce                unlockStuff()
                0x00000000c0010308                Virt::getAKernelVAS()
                0x00000000c001030e                __not_memcpy
 .text          0x00000000c0010323        0xc krnl/panic.32
                0x00000000c0010323                KePanic(char const*)
 .text          0x00000000c001032f      0x142 krnl/powctrl.32
                0x00000000c001032f                Krnl::powerThread(void*)
                0x00000000c001035d                Krnl::changePowerSettings(Krnl::PowerSettings)
                0x00000000c0010373                Krnl::userIOReceived()
                0x00000000c001037e                Krnl::handlePowerButton()
                0x00000000c00103b3                Krnl::handleSleepButton()
                0x00000000c00103e8                Krnl::setupPowerManager()
 *fill*         0x00000000c0010471        0x3 
 .text          0x00000000c0010474      0x190 krnl/resolve.32
                0x00000000c0010474                KeResolveCompatibilitySymbol(char*)
 .text          0x00000000c0010604      0x2c3 krnl/signal.32
                0x00000000c0010604                KiSigKill(int)
                0x00000000c0010630                KiDefaultSignalHandlerIgnore(int)
                0x00000000c0010631                KiDefaultSignalHandlerPause(int)
                0x00000000c001065d                KiDefaultSignalHandlerResume(int)
                0x00000000c0010689                KeDeinitSignals(SigHandlerBlock*)
                0x00000000c001068e                KeInitSignals()
                0x00000000c00106d9                KeRegisterSignalHandler(SigHandlerBlock*, int, void (*)(int), unsigned int, int)
                0x00000000c001070f                KeRaiseSignal(SigHandlerBlock*, int)
                0x00000000c001078c                KeCheckSignal(SigHandlerBlock*)
                0x00000000c0010877                KiCheckSignalZ
                0x00000000c001088c                KeCompleteSignal(SigHandlerBlock*, int)
 .text          0x00000000c00108c7      0xc39 krnl/syscalls.32
                0x00000000c00108c7                SysSeekDir(regs*)
                0x00000000c00108cc                SysTellDir(regs*)
                0x00000000c00108d1                SysVerify(regs*)
                0x00000000c00108db                SysGetArgc(regs*)
                0x00000000c00108eb                SysTTYName(regs*)
                0x00000000c00108f3                SysFormatDisk(regs*)
                0x00000000c0010960                SysSetDiskVolumeLabel(regs*)
                0x00000000c00109aa                SysGetDiskVolumeLabel(regs*)
                0x00000000c00109ff                SysShutdown(regs*)
                0x00000000c0010a5d                SysRealpath(regs*)
                0x00000000c0010aa0                SysReadDir(regs*)
                0x00000000c0010b20                SysIsATTY(regs*)
                0x00000000c0010b7c                SysSeek(regs*)
                0x00000000c0010bd5                SysTell(regs*)
                0x00000000c0010c44                SysSize(regs*)
                0x00000000c0010cb9                SysSizeFromFilename(regs*)
                0x00000000c0010d6c                SysClose(regs*)
                0x00000000c0010dcc                SysOpenDir(regs*)
                0x00000000c0010e43                SysMakeDir(regs*)
                0x00000000c0010ead                SysCloseDir(regs*)
                0x00000000c0010f01                SysWait(regs*)
                0x00000000c0010f1e                SysNotImpl(regs*)
                0x00000000c0010f39                SysPanic(regs*)
                0x00000000c0010f54                SysRmdir(regs*)
                0x00000000c0010fbb                SysUnlink(regs*)
                0x00000000c0011022                SysGetArgv(regs*)
                0x00000000c001106f                SysUSleep(regs*)
                0x00000000c0011098                SysSpawn(regs*)
                0x00000000c0011101                SysGetEnv(regs*)
                0x00000000c00111b0                SysSetFatAttrib(regs*)
                0x00000000c0011227                SysPipe(regs*)
                0x00000000c001126c                SysGetUnixTime(regs*)
                0x00000000c0011280                string_ends_with(char const*, char const*)
                0x00000000c00112ca                SysOpen(regs*)
                0x00000000c00114be                KeSystemCall(regs*, void*)
 .text          0x00000000c0011500      0x50e reg/registry.32
                0x00000000c0011500                Reg::findLineFromLoadedData(char*, char*, char*)
                0x00000000c0011658                Reg::getLineFromRegistry(char*, char*, char*, char*)
                0x00000000c00117ad                Reg::getLine(char*, char*, char*)
                0x00000000c00117e4                Reg::readInt(char*, char*, int*)
                0x00000000c00118cf                Reg::readString(char*, char*, char*, int)
                0x00000000c0011950                Reg::readBool(char*, char*, bool*)
                0x00000000c0011975                Reg::readBoolWithDefault(char*, char*, bool)
                0x00000000c00119a1                Reg::readIntWithDefault(char*, char*, int)
                0x00000000c00119cd                Reg::readStringWithDefault(char*, char*, char*, int, char*)
 .text          0x00000000c0011a0e       0x36 sys/eject.32
                0x00000000c0011a0e                SysEject(regs*)
 .text          0x00000000c0011a44       0x18 sys/exit.32
                0x00000000c0011a44                SysExit(regs*)
 .text          0x00000000c0011a5c       0x1f sys/getcwd.32
                0x00000000c0011a5c                SysGetCwd(regs*)
 .text          0x00000000c0011a7b        0xc sys/getpid.32
                0x00000000c0011a7b                SysGetPID(regs*)
 .text          0x00000000c0011a87       0x1a sys/getramdata.32
                0x00000000c0011a87                SysGetRAMData(regs*)
 .text          0x00000000c0011aa1       0x82 sys/getvgaptr.32
                0x00000000c0011aa1                SysGetVGAPtr(regs*)
 .text          0x00000000c0011b23       0xa8 sys/loaddll.32
                0x00000000c0011b23                SysLoadDLL(regs*)
 .text          0x00000000c0011bcb       0x68 sys/read.32
                0x00000000c0011bcb                SysRead(regs*)
 .text          0x00000000c0011c33       0x29 sys/registersignal.32
                0x00000000c0011c33                SysRegisterSignal(regs*)
 .text          0x00000000c0011c5c       0x55 sys/sbrk.32
                0x00000000c0011c5c                SysSbrk(regs*)
 .text          0x00000000c0011cb1       0x1c sys/setcwd.32
                0x00000000c0011cb1                SysSetCwd(regs*)
 .text          0x00000000c0011ccd       0x95 sys/settime.32
                0x00000000c0011ccd                SysSetTime(regs*)
 .text          0x00000000c0011d62       0x4a sys/timezone.32
                0x00000000c0011d62                SysTimezone(regs*)
 .text          0x00000000c0011dac       0x68 sys/write.32
                0x00000000c0011dac                SysWrite(regs*)
 .text          0x00000000c0011e14       0x62 sys/wsbe.32
                0x00000000c0011e14                SysWsbe(regs*)
 .text          0x00000000c0011e76       0x25 sys/yield.32
                0x00000000c0011e76                SysYield(regs*)
 .text          0x00000000c0011e9b     0x11e5 thr/elf.32
                0x00000000c0011e9b                Thr::allocateMemoryForTask(Process*, File*, unsigned long, unsigned long, unsigned long)
                0x00000000c0012127                Thr::loadProgramIntoMemory(Process*, char const*)
                0x00000000c001233d                Thr::runtimeReferenceHelper()
                0x00000000c0012350                Thr::getAddressOfKernelSymbol(char const*)
                0x00000000c001239f                Thr::loadKernelSymbolTable(char const*)
                0x00000000c001265d                Thr::loadDriverIntoMemory(char const*, unsigned long, bool)
                0x00000000c0012d93                Thr::getDriverBaseFromAddress(unsigned long)
                0x00000000c0012dc5                Thr::getDriverNameFromAddress(unsigned long)
                0x00000000c0012dfc                Thr::getDriverOffsetFromAddress(unsigned long)
                0x00000000c0012e16                Thr::loadDLL(char const*, bool)
                0x00000000c0013047                Thr::executeDLL(unsigned long, void*)
 .text          0x00000000c0013080     0x12fd thr/prcssthr.32
                0x00000000c0013080                userModeEntryPoint(void*)
                0x00000000c00130a8                changeTSS
                0x00000000c00130d8                switchToThread(ThreadControlBlock*)
                0x00000000c001318c                Process::addArgs(char**)
                0x00000000c00131ec                Process::Process(char const*, Process*, char**)
                0x00000000c00131ec                Process::Process(char const*, Process*, char**)
                0x00000000c00133f8                Process::Process(bool, char const*, Process*, char**)
                0x00000000c00133f8                Process::Process(bool, char const*, Process*, char**)
                0x00000000c00135d0                taskStartupFunction
                0x00000000c00135dc                Semaphore::Semaphore(int)
                0x00000000c00135dc                Semaphore::Semaphore(int)
                0x00000000c001360c                Mutex::Mutex()
                0x00000000c001360c                Mutex::Mutex()
                0x00000000c0013620                Process::createThread(void (*)(void*), void*, int)
                0x00000000c0013718                Process::createUserThread()
                0x00000000c0013738                setupMultitasking(void (*)())
                0x00000000c0013840                schedule()
                0x00000000c00138d0                Semaphore::tryAcquire()
                0x00000000c001399c                Semaphore::assertLocked(char const*)
                0x00000000c0013a14                blockTaskWithSchedulerLockAlreadyHeld(TaskState)
                0x00000000c0013a3c                blockTask(TaskState)
                0x00000000c0013a6c                waitTask(int, int*, int)
                0x00000000c0013ab0                milliTenthSleepUntil(unsigned int)
                0x00000000c0013b40                milliTenthSleep(unsigned int)
                0x00000000c0013b50                sleep(unsigned int)
                0x00000000c0013b6c                Semaphore::acquire()
                0x00000000c0013c28                taskReturned
                0x00000000c0013c64                Thr::processFromPID(int)
                0x00000000c0013d04                unblockTask(ThreadControlBlock*)
                0x00000000c0013da8                cleanupTerminatedTask(ThreadControlBlock*)
                0x00000000c0014074                cleanerTaskFunction(void*)
                0x00000000c0014164                terminateTask(int)
                0x00000000c0014230                Thr::terminateFromIRQ(int)
                0x00000000c0014240                Semaphore::release()
 .text          0x00000000c001437d      0xb93 vm86/vm8086.32
                0x00000000c001437d                Vm::inbv(unsigned short)
                0x00000000c0014390                Vm::outbv(unsigned short, unsigned char)
                0x00000000c00143c6                Vm::realToLinear(unsigned short, unsigned short)
                0x00000000c00143d6                Vm::getSegment(unsigned int)
                0x00000000c00143de                Vm::getOffset(unsigned int)
                0x00000000c00143e3                Vm::mainloop2()
                0x00000000c001441d                Vm::mainVm8086Loop(void*)
                0x00000000c001442d                Vm::mainloop3(unsigned long)
                0x00000000c0014453                Vm::initialise8086()
                0x00000000c0014496                Vm::finish8086()
                0x00000000c00144f7                Vm::getOutput8086(unsigned char*)
                0x00000000c001451c                Vm::start8086FromBuffer(unsigned char*, int, unsigned short, unsigned short, unsigned short, unsigned short)
                0x00000000c00145d5                Vm::start8086(char const*, unsigned short, unsigned short, unsigned short, unsigned short)
                0x00000000c001473d                Vm::doISR(regs*, int, unsigned char*, unsigned short, unsigned short)
                0x00000000c00147c7                Vm::readByteFromReal(unsigned short, unsigned short)
                0x00000000c00147d8                Vm::readWordFromReal(unsigned short, unsigned short)
                0x00000000c00147ea                Vm::readDwordFromReal(unsigned short, unsigned short)
                0x00000000c00147fb                Vm::writeByteFromReal(unsigned short, unsigned short, unsigned char)
                0x00000000c0014810                Vm::writeWordFromReal(unsigned short, unsigned short, unsigned short)
                0x00000000c0014826                Vm::writeDwordFromReal(unsigned short, unsigned short, unsigned int)
                0x00000000c001483b                Vm::faultHandler(regs*)
 .text          0x00000000c0014f10      0xa53 arch/i386/hal.32
                0x00000000c0014f10                noCopro(unsigned long)
                0x00000000c0014f11                nmiHandler(regs*, void*)
                0x00000000c0014f2a                doubleFault(regs*, void*)
                0x00000000c0014f43                displayDebugInfo(regs*)
                0x00000000c0015264                HalSystemIdle()
                0x00000000c00152da                displayProgramFault(char const*)
                0x00000000c0015326                gpFault(regs*, void*)
                0x00000000c001538b                pgFault(regs*, void*)
                0x00000000c0015411                otherISRHandler(regs*, void*)
                0x00000000c0015445                opcodeFault(regs*, void*)
                0x00000000c00154c5                i386SaveCoprocessor(void*)
                0x00000000c00154d9                i386LoadCoprocessor(void*)
                0x00000000c00154ed                x87EmulHandler(regs*, void*)
                0x00000000c001558a                HalInitialiseCoprocessor()
                0x00000000c0015638                HalPanic(char const*)
                0x00000000c0015731                HalQueryPerformanceCounter()
                0x00000000c001574c                HalInitialise()
                0x00000000c00158f2                HalMakeBeep(int)
                0x00000000c001592c                HalGetRand()
                0x00000000c001592f                HalEndOfInterrupt(int)
                0x00000000c0015960                HalRestart()
                0x00000000c0015961                HalShutdown()
                0x00000000c0015962                HalSleep()
 *fill*         0x00000000c0015963        0x1 
 .text          0x00000000c0015964      0x2f4 arch/i386/pic.32
                0x00000000c0015964                picIoWait()
                0x00000000c001596c                picDisable()
                0x00000000c00159a0                picGetIRQReg(int)
                0x00000000c0015a24                picOpen()
                0x00000000c0015bb4                picEOI(int)
 .text          0x00000000c0015c58      0x64d arch/i386/rtc.32
                0x00000000c0015c58                RTC::open(int, int, void*)
                0x00000000c0015c5c                RTC::close(int, int, void*)
                0x00000000c0015c60                RTC::timeInSecondsUTC()
                0x00000000c0015c72                RTC::timeInDatetimeUTC()
                0x00000000c0015c98                RTC::setTimeInSecondsUTC(unsigned long long)
                0x00000000c0015cd6                RTC::~RTC()
                0x00000000c0015cd6                RTC::~RTC()
                0x00000000c0015cfa                RTC::~RTC()
                0x00000000c0015d24                RTC::get_update_in_progress_flag()
                0x00000000c0015d3c                RTC::completeRTCRefresh()
                0x00000000c0015ff4                RTC::setTimeInDatetimeUTC(datetime_t)
                0x00000000c00161a7                rtcIRQHandler(regs*, void*)
                0x00000000c00161ec                RTC::RTC()
                0x00000000c00161ec                RTC::RTC()
 *fill*         0x00000000c00162a5        0x3 
 .text          0x00000000c00162a8      0x203 arch/i386/vga.32
                0x00000000c00162a8                HalConsoleScroll(int, int)
                0x00000000c00163b0                HalConsoleWriteCharacter(char, int, int, int, int)
                0x00000000c001641c                HalConsoleCursorUpdate(int, int)
 *fill*         0x00000000c00164ab        0x1 
 .text          0x00000000c00164ac     0x13e7 fs/fat/vfslink.32
                0x00000000c00164ac                FAT::getName()
                0x00000000c00164b4                FAT::tell(void*, unsigned long long*)
                0x00000000c00164f0                FAT::stat(void*, unsigned long long*)
                0x00000000c001652c                FAT::~FAT()
                0x00000000c001652c                FAT::~FAT()
                0x00000000c0016550                FAT::~FAT()
                0x00000000c0016578                FAT::getlabel(LogicalDisk*, int, char*, unsigned int*)
                0x00000000c001661c                FAT::setlabel(LogicalDisk*, int, char*)
                0x00000000c00166e0                FAT::format(LogicalDisk*, int, char const*, int)
                0x00000000c00168b4                FAT::tryMount(LogicalDisk*, int)
                0x00000000c0016acc                FAT::allocateSwapfile(char const*, int)
                0x00000000c0016c8c                FAT::readDir(void*, unsigned long, void*, int*)
                0x00000000c0016df8                FAT::read(void*, unsigned long, void*, int*)
                0x00000000c0016e58                FAT::write(void*, unsigned long, void*, int*)
                0x00000000c0016eb8                FAT::close(void*)
                0x00000000c0016f0c                FAT::closeDir(void*)
                0x00000000c0016f60                FAT::seek(void*, unsigned long long)
                0x00000000c0016fb8                fatWrapperReadDisk
                0x00000000c0016ffc                fatWrapperWriteDisk
                0x00000000c0017040                fatWrapperIoctl
                0x00000000c001715c                FAT::FAT()
                0x00000000c001715c                FAT::FAT()
                0x00000000c00171b0                FAT::fixFilepath(char*)
                0x00000000c00171ec                FAT::open(char const*, void**, FileOpenMode)
                0x00000000c0017324                FAT::openDir(char const*, void**)
                0x00000000c00173d4                FAT::stat(char const*, unsigned long long*, bool*)
                0x00000000c00174cc                FAT::unlink(char const*)
                0x00000000c001754c                FAT::chfatattr(char const*, unsigned char, unsigned char)
                0x00000000c00176d8                FAT::rename(char const*, char const*)
                0x00000000c00177a4                FAT::mkdir(char const*)
                0x00000000c0017824                FAT::exists(char const*)
 *fill*         0x00000000c0017893        0x1 
 .text          0x00000000c0017894       0x94 fs/iso9660/helper.32
                0x00000000c0017894                isoReadDiscSectorHelper
                0x00000000c00178f0                iso_kprintf
                0x00000000c001790c                iso_kprintfd
 .text          0x00000000c0017928      0x5fa fs/iso9660/vfslink.32
                0x00000000c0017928                ISO9660::format(LogicalDisk*, int, char const*, int)
                0x00000000c001792e                ISO9660::getName()
                0x00000000c0017934                ISO9660::closeDir(void*)
                0x00000000c001793e                ISO9660::chfatattr(char const*, unsigned char, unsigned char)
                0x00000000c0017944                ISO9660::unlink(char const*)
                0x00000000c001794a                ISO9660::write(void*, unsigned long, void*, int*)
                0x00000000c0017950                ISO9660::rename(char const*, char const*)
                0x00000000c0017956                ISO9660::mkdir(char const*)
                0x00000000c001795c                ISO9660::~ISO9660()
                0x00000000c001795c                ISO9660::~ISO9660()
                0x00000000c0017980                ISO9660::~ISO9660()
                0x00000000c00179a8                ISO9660::exists(char const*)
                0x00000000c00179bc                ISO9660::open(char const*, void**, FileOpenMode)
                0x00000000c0017a40                ISO9660::read(void*, unsigned long, void*, int*)
                0x00000000c0017a88                ISO9660::seek(void*, unsigned long long)
                0x00000000c0017aca                ISO9660::tell(void*, unsigned long long*)
                0x00000000c0017b08                ISO9660::openDir(char const*, void**)
                0x00000000c0017bbe                ISO9660::stat(void*, unsigned long long*)
                0x00000000c0017c10                ISO9660::stat(char const*, unsigned long long*, bool*)
                0x00000000c0017cd8                ISO9660::close(void*)
                0x00000000c0017d08                ISO9660::readDir(void*, unsigned long, void*, int*)
                0x00000000c0017e0d                readSectorFromCDROM(unsigned int, unsigned char*, char)
                0x00000000c0017e88                ISO9660::tryMount(LogicalDisk*, int)
                0x00000000c0017efa                ISO9660::ISO9660()
                0x00000000c0017efa                ISO9660::ISO9660()
 .text          0x00000000c0017f22      0x26c hal/sound/sndcard.32
                0x00000000c0017f22                SoundCard::beginPlayback()
                0x00000000c0017f30                SoundCard::stopPlayback()
                0x00000000c0017f3e                SoundCard::SoundCard(char const*)
                0x00000000c0017f3e                SoundCard::SoundCard(char const*)
                0x00000000c0017fdc                SoundCard::~SoundCard()
                0x00000000c0017fdc                SoundCard::~SoundCard()
                0x00000000c0018000                SoundCard::~SoundCard()
                0x00000000c001802a                SoundCard::configureRates(int, int, int)
                0x00000000c001805a                SoundCard::getSamples16(int, short*)
                0x00000000c00180b6                SoundCard::getSamples32(int, int*)
                0x00000000c001813c                SoundCard::addChannel(SoundPort*)
                0x00000000c001817a                SoundCard::removeChannel(int)
 *fill*         0x00000000c001818e        0x2 
 .text          0x00000000c0018190      0x377 hal/sound/sndport.32
                0x00000000c0018190                SoundPort::SoundPort(int, int, int, int)
                0x00000000c0018190                SoundPort::SoundPort(int, int, int, int)
                0x00000000c001821c                SoundPort::~SoundPort()
                0x00000000c001821c                SoundPort::~SoundPort()
                0x00000000c0018250                SoundPort::unpause()
                0x00000000c001825c                SoundPort::pause()
                0x00000000c0018268                SoundPort::getBufferUsed()
                0x00000000c0018270                SoundPort::getBufferSize()
                0x00000000c0018278                SoundPort::buffer16(short*, int)
                0x00000000c0018304                SoundPort::buffer32(int*, int)
                0x00000000c001838c                SoundPort::unbufferAndAdd16(int, short*, SoundCard*)
                0x00000000c0018450                SoundPort::unbufferAndAdd32(int, int*, SoundCard*)
 .text          0x00000000c0018507        0x0 hw/bus/isa.32
 *fill*         0x00000000c0018507        0x1 
 .text          0x00000000c0018508      0xb49 hw/bus/pci.32
                0x00000000c0018508                PCI::open(int, int, void*)
                0x00000000c0018526                PCI::close(int, int, void*)
                0x00000000c001852a                PCI::PCI()
                0x00000000c001852a                PCI::PCI()
                0x00000000c00185c4                PCI::readBAR8(unsigned int, int)
                0x00000000c00185e0                PCI::readBAR16(unsigned int, int)
                0x00000000c00185fe                PCI::readBAR32(unsigned int, int)
                0x00000000c001861a                PCI::writeBAR8(unsigned int, unsigned char, int)
                0x00000000c001863a                PCI::writeBAR16(unsigned int, unsigned short, int)
                0x00000000c001865c                PCI::writeBAR32(unsigned int, unsigned int, int)
                0x00000000c001867c                PCI::legacyMechanism(unsigned char, unsigned char, unsigned char, unsigned char)
                0x00000000c00186ea                PCI::pciReadWord(unsigned char, unsigned char, unsigned char, unsigned char)
                0x00000000c0018792                PCI::getVendorID(unsigned char, unsigned char, unsigned char)
                0x00000000c00187b6                PCI::getHeaderType(unsigned char, unsigned char, unsigned char)
                0x00000000c00187de                PCI::getClassCode(unsigned char, unsigned char, unsigned char)
                0x00000000c0018828                PCI::getProgIF(unsigned char, unsigned char, unsigned char)
                0x00000000c0018850                PCI::getRevisionID(unsigned char, unsigned char, unsigned char)
                0x00000000c0018874                PCI::getInterruptNumber(unsigned char, unsigned char, unsigned char)
                0x00000000c0018898                PCI::getSecondaryBus(unsigned char, unsigned char, unsigned char)
                0x00000000c00188c0                PCI::getBARAddress(unsigned char, unsigned char, unsigned char, unsigned char)
                0x00000000c0018924                PCI::pciWriteWord(unsigned char, unsigned char, unsigned char, unsigned char, unsigned short)
                0x00000000c0018a0c                PCI::pciDetailsToFilepath(PCIDeviceInfo, char*)
                0x00000000c0018c86                PCI::checkBus(unsigned char)
                0x00000000c0018cac                PCI::foundDevice(PCIDeviceInfo)
                0x00000000c0018e1e                PCI::getDeviceData(unsigned char, unsigned char, unsigned char)
                0x00000000c0018f92                PCI::checkDevice(unsigned char, unsigned char)
                0x00000000c0018ffe                PCI::detect()
 *fill*         0x00000000c0019051        0x1 
 .text          0x00000000c0019052      0xb5a hw/diskctrl/ide.32
                0x00000000c0019052                IDE::close(int, int, void*)
                0x00000000c0019056                IDE::IDE()
                0x00000000c0019056                IDE::IDE()
                0x00000000c001908a                IDE::prepareInterrupt(unsigned char)
                0x00000000c001909c                selectDrive(unsigned char, unsigned char)
                0x00000000c001909e                IDE::getBase(unsigned char)
                0x00000000c00190b0                IDE::write(unsigned char, unsigned char, unsigned char)
                0x00000000c0019170                IDE::read(unsigned char, unsigned char)
                0x00000000c001921e                IDE::waitInterrupt(unsigned char)
                0x00000000c0019286                ideChannel0IRQHandler(regs*, void*)
                0x00000000c00192a2                ideChannel1IRQHandler(regs*, void*)
                0x00000000c00192be                IDE::enableIRQs(unsigned char, bool)
                0x00000000c0019304                IDE::open(int, int, void*)
                0x00000000c0019712                IDE::readBuffer(unsigned char, unsigned char, unsigned int, unsigned int)
                0x00000000c00197de                IDE::detect()
                0x00000000c0019a9e                IDE::printError(unsigned char, unsigned char, unsigned char)
                0x00000000c0019b4e                IDE::polling(unsigned char, unsigned int)
 .text          0x00000000c0019bac      0x32a hw/diskctrl/satabus.32
                0x00000000c0019bac                SATABus::close(int, int, void*)
                0x00000000c0019bb0                SATABus::detect()
                0x00000000c0019bb2                SATABus::SATABus()
                0x00000000c0019bb2                SATABus::SATABus()
                0x00000000c0019c38                SATABus::findCmdslot(SATABus::tagHBA_PORT volatile*)
                0x00000000c0019c6a                SATABus::checkType(SATABus::tagHBA_PORT volatile*)
                0x00000000c0019cb2                SATABus::startCmd(SATABus::tagHBA_PORT volatile*)
                0x00000000c0019cd2                SATABus::stopCmd(SATABus::tagHBA_PORT volatile*)
                0x00000000c0019cfc                SATABus::portRebase(SATABus::tagHBA_PORT volatile*, int)
                0x00000000c0019e0c                SATABus::probePort(SATABus::tagHBA_MEM volatile*)
                0x00000000c0019eb6                SATABus::open(int, int, void*)
 .text          0x00000000c0019ed6      0x921 hw/diskphys/ata.32
                0x00000000c0019ed6                ATA::close(int, int, void*)
                0x00000000c0019efa                ATA::powerSaving(PowerSavingLevel)
                0x00000000c0019efc                ATA::ATA()
                0x00000000c0019efc                ATA::ATA()
                0x00000000c0019f2a                ATA::flush(bool)
                0x00000000c0019f74                ATA::readyForCommand()
                0x00000000c0019fc0                ATA::access(unsigned long long, int, void*, bool)
                0x00000000c001a33c                ATA::detectCHS()
                0x00000000c001a366                ATA::open(int, int, void*)
                0x00000000c001a432                combineCharAndColour(char, unsigned char)
                0x00000000c001a443                combineColours(unsigned char, unsigned char)
                0x00000000c001a450                ATA::read(unsigned long long, int, void*)
                0x00000000c001a626                ATA::write(unsigned long long, int, void*)
 *fill*         0x00000000c001a7f7        0x1 
 .text          0x00000000c001a7f8      0x60e hw/diskphys/atapi.32
                0x00000000c001a7f8                ATAPI::write(unsigned long long, int, void*)
                0x00000000c001a7fe                ATAPI::close(int, int, void*)
                0x00000000c001a822                ATAPI::ATAPI()
                0x00000000c001a822                ATAPI::ATAPI()
                0x00000000c001a850                ATAPI::readyForCommand()
                0x00000000c001a8a2                ATAPI::sendPacket(unsigned char*, int, bool, unsigned short*, int)
                0x00000000c001ab62                ATAPI::diskRemoved()
                0x00000000c001ab9c                ATAPI::eject()
                0x00000000c001abe4                ATAPI::diskInserted()
                0x00000000c001abf0                ATAPI::detectMedia()
                0x00000000c001acac                ATAPI::open(int, int, void*)
                0x00000000c001ad8c                ATAPI::read(unsigned long long, int, void*)
 .text          0x00000000c001ae06      0x7ff hw/diskphys/sata.32
                0x00000000c001ae06                SATA::close(int, int, void*)
                0x00000000c001ae2a                SATA::powerSaving(PowerSavingLevel)
                0x00000000c001ae2c                SATA::open(int, int, void*)
                0x00000000c001aed6                SATA::SATA()
                0x00000000c001aed6                SATA::SATA()
                0x00000000c001af04                SATA::access(unsigned long long, int, void*, bool)
                0x00000000c001b150                SATA::read(unsigned long long, int, void*)
                0x00000000c001b3a0                SATA::write(unsigned long long, int, void*)
 *fill*         0x00000000c001b605        0x1 
 .text          0x00000000c001b606      0x5b6 hw/diskphys/satapi.32
                0x00000000c001b606                SATAPI::write(unsigned long long, int, void*)
                0x00000000c001b60c                SATAPI::close(int, int, void*)
                0x00000000c001b630                SATAPI::SATAPI()
                0x00000000c001b630                SATAPI::SATAPI()
                0x00000000c001b65e                SATAPI::diskRemoved()
                0x00000000c001b660                SATAPI::diskInserted()
                0x00000000c001b67c                SATAPI::sendPacket(unsigned char*, int, unsigned long long, unsigned short*, int)
                0x00000000c001b950                SATAPI::eject()
                0x00000000c001b98c                SATAPI::detectMedia()
                0x00000000c001b9d2                SATAPI::open(int, int, void*)
                0x00000000c001bad2                SATAPI::read(unsigned long long, int, void*)
 .text          0x00000000c001bbbc      0x455 hw/intctrl/apic.32
                0x00000000c001bbbc                IOAPIC::close(int, int, void*)
                0x00000000c001bbc2                apicGetBase()
                0x00000000c001bc04                IOAPIC::IOAPIC()
                0x00000000c001bc04                IOAPIC::IOAPIC()
                0x00000000c001bc2c                apicOpen()
                0x00000000c001bd92                IOAPIC::handlesGSIWithNumber(unsigned int)
                0x00000000c001bdc4                IOAPIC::read(int)
                0x00000000c001bdec                IOAPIC::open(int, int, void*)
                0x00000000c001bee0                IOAPIC::write(int, int)
                0x00000000c001bf0c                IOAPIC::redirect(unsigned char, unsigned long long, unsigned char, bool, bool)
 *fill*         0x00000000c001c011        0x3 
 .text          0x00000000c001c014       0xf0 hw/timer/apictimer.32
                0x00000000c001c014                APICTimer::close(int, int, void*)
                0x00000000c001c01c                apicTimerHandler(regs*, void*)
                0x00000000c001c044                APICTimer::open(int, int, void*)
                0x00000000c001c0b4                APICTimer::write(int)
                0x00000000c001c0dc                APICTimer::APICTimer()
                0x00000000c001c0dc                APICTimer::APICTimer()
 .text          0x00000000c001c104      0x1aa hw/timer/pit.32
                0x00000000c001c104                PIT::write(int)
                0x00000000c001c188                pitHandler(regs*, void*)
                0x00000000c001c1ac                PIT::open(int, int, void*)
                0x00000000c001c1fc                PIT::close(int, int, void*)
                0x00000000c001c22c                PIT::PIT()
                0x00000000c001c22c                PIT::PIT()
 *fill*         0x00000000c001c2ae        0x2 
 .text          0x00000000c001c2b0       0x83 arch/i386/avx.32
                0x00000000c001c2b0                avxDetect
                0x00000000c001c2da                avxSave
                0x00000000c001c2eb                avxLoad
                0x00000000c001c2fc                avxInit
                0x00000000c001c31e                avxClose
                0x00000000c001c31f                wouldSheSayYes
 *fill*         0x00000000c001c333        0xd 
 .text          0x00000000c001c340      0x231 arch/i386/interrupt.32
                0x00000000c001c340                isr0
                0x00000000c001c350                isr1
                0x00000000c001c35a                isr2
                0x00000000c001c364                isr3
                0x00000000c001c36e                isr4
                0x00000000c001c378                isr5
                0x00000000c001c382                isr6
                0x00000000c001c38c                isr7
                0x00000000c001c396                isr8
                0x00000000c001c39e                isr9
                0x00000000c001c3a8                isr10
                0x00000000c001c3b0                isr11
                0x00000000c001c3b8                isr12
                0x00000000c001c3c0                isr13
                0x00000000c001c3c8                isr14
                0x00000000c001c3d0                isr15
                0x00000000c001c3da                isr16
                0x00000000c001c3e4                isr17
                0x00000000c001c3ee                isr18
                0x00000000c001c3f8                irq3
                0x00000000c001c402                irq4
                0x00000000c001c40c                irq5
                0x00000000c001c416                irq6
                0x00000000c001c420                irq7
                0x00000000c001c42a                irq8
                0x00000000c001c434                irq9
                0x00000000c001c43e                irq10
                0x00000000c001c448                irq11
                0x00000000c001c452                irq12
                0x00000000c001c45c                irq13
                0x00000000c001c466                irq14
                0x00000000c001c470                irq15
                0x00000000c001c47a                irq1
                0x00000000c001c481                irq2
                0x00000000c001c488                isr96
                0x00000000c001c48f                irq0
                0x00000000c001c494                int_common_stub
                0x00000000c001c4c6                syscall_common_stub
                0x00000000c001c521                irq16
                0x00000000c001c52b                irq17
                0x00000000c001c535                irq18
                0x00000000c001c53f                irq19
                0x00000000c001c549                irq20
                0x00000000c001c553                irq21
                0x00000000c001c55d                irq22
                0x00000000c001c567                irq23
 *fill*         0x00000000c001c571        0xf 
 .text          0x00000000c001c580       0x10 arch/i386/rdrand.32
                0x00000000c001c580                i386GetRDRAND
 .text          0x00000000c001c590       0x39 arch/i386/sse.32
                0x00000000c001c590                absolutelyNoChanceInHell
                0x00000000c001c590                sseDetect
                0x00000000c001c5a8                sseSave
                0x00000000c001c5b0                sseLoad
                0x00000000c001c5b8                sseInit
                0x00000000c001c5c8                sseClose
 *fill*         0x00000000c001c5c9        0x7 
 .text          0x00000000c001c5d0       0x49 arch/i386/x87.32
                0x00000000c001c5d6                x87Detect
                0x00000000c001c5f1                x87Save
                0x00000000c001c5f8                x87Load
                0x00000000c001c5ff                x87Init
                0x00000000c001c618                x87Close
 *fill*         0x00000000c001c619        0x3 
 .text          0x00000000c001c61c       0x25 /cygdrive/d/Users/Alex/Desktop/Toolchain/Output/bin/../lib/gcc/i386-banana/8.1.0/crtend.o
 .text          0x00000000c001c641        0x0 crtn.32
 *fill*         0x00000000c001c641        0x3 
 .text          0x00000000c001c644      0x14b /cygdrive/d/Users/Alex/Desktop/Toolchain/Output/bin/../lib/gcc/i386-banana/8.1.0/libkgcc.a(_divdi3.o)
                0x00000000c001c644                __divdi3
 *fill*         0x00000000c001c78f        0x1 
 .text          0x00000000c001c790      0x17e /cygdrive/d/Users/Alex/Desktop/Toolchain/Output/bin/../lib/gcc/i386-banana/8.1.0/libkgcc.a(_moddi3.o)
                0x00000000c001c790                __moddi3
 *fill*         0x00000000c001c90e        0x2 
 .text          0x00000000c001c910       0xff /cygdrive/d/Users/Alex/Desktop/Toolchain/Output/bin/../lib/gcc/i386-banana/8.1.0/libkgcc.a(_udivdi3.o)
                0x00000000c001c910                __udivdi3
 *fill*         0x00000000c001ca0f        0x1 
 .text          0x00000000c001ca10      0x11a /cygdrive/d/Users/Alex/Desktop/Toolchain/Output/bin/../lib/gcc/i386-banana/8.1.0/libkgcc.a(_umoddi3.o)
                0x00000000c001ca10                __umoddi3
 *(.gnu.linkonce.t*)

.iplt           0x00000000c001cb30        0x0
 .iplt          0x00000000c001cb30        0x0 D:/Users/Alex/Desktop/Banana/kernel/boot.32

.init           0x00000000c001cb2a        0xf
 .init          0x00000000c001cb2a        0x3 crti.32
                0x00000000c001cb2a                _init
 .init          0x00000000c001cb2d        0x5 /cygdrive/d/Users/Alex/Desktop/Toolchain/Output/bin/../lib/gcc/i386-banana/8.1.0/crtbegin.o
 .init          0x00000000c001cb32        0x5 /cygdrive/d/Users/Alex/Desktop/Toolchain/Output/bin/../lib/gcc/i386-banana/8.1.0/crtend.o
 .init          0x00000000c001cb37        0x2 crtn.32

.fini           0x00000000c001cb39        0xa
 .fini          0x00000000c001cb39        0x3 crti.32
                0x00000000c001cb39                _fini
 .fini          0x00000000c001cb3c        0x5 /cygdrive/d/Users/Alex/Desktop/Toolchain/Output/bin/../lib/gcc/i386-banana/8.1.0/crtbegin.o
 .fini          0x00000000c001cb41        0x2 crtn.32

.text._ZN8ComputerD2Ev
                0x00000000c001cb44       0x23
 .text._ZN8ComputerD2Ev
                0x00000000c001cb44       0x23 core/computer.32
                0x00000000c001cb44                Computer::~Computer()
                0x00000000c001cb44                Computer::~Computer()

.text._ZN8ComputerD0Ev
                0x00000000c001cb68       0x2a
 .text._ZN8ComputerD0Ev
                0x00000000c001cb68       0x2a core/computer.32
                0x00000000c001cb68                Computer::~Computer()

.text._Z10idleCommonv
                0x00000000c001cb92       0x21
 .text._Z10idleCommonv
                0x00000000c001cb92       0x21 core/idle.32
                0x00000000c001cb92                idleCommon()

.text._ZN10LinkedListI8UnixFileED2Ev
                0x00000000c001cbb4        0x2
 .text._ZN10LinkedListI8UnixFileED2Ev
                0x00000000c001cbb4        0x2 core/unixfile.32
                0x00000000c001cbb4                LinkedList<UnixFile>::~LinkedList()
                0x00000000c001cbb4                LinkedList<UnixFile>::~LinkedList()

.text._ZN10LinkedListI8UnixFileEC2Ev
                0x00000000c001cbb6       0x42
 .text._ZN10LinkedListI8UnixFileEC2Ev
                0x00000000c001cbb6       0x42 core/unixfile.32
                0x00000000c001cbb6                LinkedList<UnixFile>::LinkedList()
                0x00000000c001cbb6                LinkedList<UnixFile>::LinkedList()

.text._ZN10LinkedListI8UnixFileE10addElementEPS0_
                0x00000000c001cbf8       0xd3
 .text._ZN10LinkedListI8UnixFileE10addElementEPS0_
                0x00000000c001cbf8       0xd3 core/unixfile.32
                0x00000000c001cbf8                LinkedList<UnixFile>::addElement(UnixFile*)

.text._ZN10LinkedListI8UnixFileE15getFirstElementEv
                0x00000000c001cccc        0x7
 .text._ZN10LinkedListI8UnixFileE15getFirstElementEv
                0x00000000c001cccc        0x7 core/unixfile.32
                0x00000000c001cccc                LinkedList<UnixFile>::getFirstElement()

.text._ZN10LinkedListI8UnixFileE11removeFirstEv
                0x00000000c001ccd4       0xa1
 .text._ZN10LinkedListI8UnixFileE11removeFirstEv
                0x00000000c001ccd4       0xa1 core/unixfile.32
                0x00000000c001ccd4                LinkedList<UnixFile>::removeFirst()

.text._ZN10LinkedListI8UnixFileE7getNextEPS0_
                0x00000000c001cd76        0x8
 .text._ZN10LinkedListI8UnixFileE7getNextEPS0_
                0x00000000c001cd76        0x8 core/unixfile.32
                0x00000000c001cd76                LinkedList<UnixFile>::getNext(UnixFile*)

.text._ZN16DriverlessDeviceD2Ev
                0x00000000c001cd7e       0x1a
 .text._ZN16DriverlessDeviceD2Ev
                0x00000000c001cd7e       0x1a hal/device.32
                0x00000000c001cd7e                DriverlessDevice::~DriverlessDevice()
                0x00000000c001cd7e                DriverlessDevice::~DriverlessDevice()

.text._ZN16DriverlessDeviceD0Ev
                0x00000000c001cd98       0x2a
 .text._ZN16DriverlessDeviceD0Ev
                0x00000000c001cd98       0x2a hal/device.32
                0x00000000c001cd98                DriverlessDevice::~DriverlessDevice()

.text._ZN10LinkedListI6DeviceE10addElementEPS0_
                0x00000000c001cdc2       0xdc
 .text._ZN10LinkedListI6DeviceE10addElementEPS0_
                0x00000000c001cdc2       0xdc hal/device.32
                0x00000000c001cdc2                LinkedList<Device>::addElement(Device*)

.text._ZN10LinkedListI6DeviceEC2Ev
                0x00000000c001ce9e       0x42
 .text._ZN10LinkedListI6DeviceEC2Ev
                0x00000000c001ce9e       0x42 hal/device.32
                0x00000000c001ce9e                LinkedList<Device>::LinkedList()
                0x00000000c001ce9e                LinkedList<Device>::LinkedList()

.text._ZN10LinkedListIV18ThreadControlBlockE7isEmptyEv
                0x00000000c001cee0       0x1c
 .text._ZN10LinkedListIV18ThreadControlBlockE7isEmptyEv
                0x00000000c001cee0       0x1c hal/timer.32
                0x00000000c001cee0                LinkedList<ThreadControlBlock volatile>::isEmpty()
