Archive member included to satisfy reference by file (symbol)

/cygdrive/d/Users/Alex/Desktop/Toolchain/Output/bin/../lib/gcc/i386-banana/8.1.0/libkgcc.a(_divdi3.o)
                              fs/fat/ff.32 (__divdi3)
/cygdrive/d/Users/Alex/Desktop/Toolchain/Output/bin/../lib/gcc/i386-banana/8.1.0/libkgcc.a(_moddi3.o)
                              thr/elf.32 (__moddi3)
/cygdrive/d/Users/Alex/Desktop/Toolchain/Output/bin/../lib/gcc/i386-banana/8.1.0/libkgcc.a(_udivdi3.o)
                              fs/fat/ff.32 (__udivdi3)
/cygdrive/d/Users/Alex/Desktop/Toolchain/Output/bin/../lib/gcc/i386-banana/8.1.0/libkgcc.a(_umoddi3.o)
                              core/pipe.32 (__umoddi3)
D:/Users/Alex/Desktop/Banana/kernel/libsoftfp.a(sfieeelib.o)
                              hal/sound/sndhw.32 (__addsf3)
D:/Users/Alex/Desktop/Banana/kernel/libsoftfp.a(dfieeelib.o)
                              hal/libresample/src_linear.32 (__adddf3)
D:/Users/Alex/Desktop/Banana/kernel/libsoftfp.a(sfdfcvt.o)
                              hal/libresample/samplerate.32 (__truncdfsf2)
D:/Users/Alex/Desktop/Banana/kernel/libk/libm32.a(s_fabs.c.o)
                              hal/libresample/samplerate.32 (fabs)
D:/Users/Alex/Desktop/Banana/kernel/libk/libm32.a(s_lrint.S.o)
                              hal/libresample/samplerate.32 (lrint)
D:/Users/Alex/Desktop/Banana/kernel/libk/libm32.a(s_lrintf.S.o)
                              hal/sound/sndhw.32 (lrintf)

Discarded input sections

 .comment       0x0000000000000000       0x12 /cygdrive/d/Users/Alex/Desktop/Toolchain/Output/bin/../lib/gcc/i386-banana/8.1.0/crtbegin.o
 .comment       0x0000000000000000       0x12 acpica/utclib.32
 .comment       0x0000000000000000       0x12 core/malloc.32
 .comment       0x0000000000000000       0x12 libk/string.32
 .comment       0x0000000000000000       0x12 fs/fat/diskio.32
 .comment       0x0000000000000000       0x12 fs/fat/ff.32
 .comment       0x0000000000000000       0x12 fs/fat/ffsystem.32
 .comment       0x0000000000000000       0x12 fs/fat/ffunicode.32
 .comment       0x0000000000000000       0x12 hal/libresample/samplerate.32
 .comment       0x0000000000000000       0x12 hal/libresample/src_linear.32
 .comment       0x0000000000000000       0x12 hal/libresample/src_sinc.32
 .comment       0x0000000000000000       0x12 hal/libresample/src_zoh.32
 .comment       0x0000000000000000       0x12 compat/inlines.32
 .group         0x0000000000000000       0x14 core/computer.32
 .group         0x0000000000000000        0xc core/computer.32
 .comment       0x0000000000000000       0x12 core/computer.32
 .comment       0x0000000000000000       0x12 core/gdt.32
 .group         0x0000000000000000        0xc core/idle.32
 .comment       0x0000000000000000       0x12 core/idle.32
 .comment       0x0000000000000000       0x12 core/idt.32
 .comment       0x0000000000000000       0x12 core/kheap.32
 .comment       0x0000000000000000       0x12 core/main.32
 .comment       0x0000000000000000       0x12 core/physmgr.32
 .group         0x0000000000000000        0xc core/pipe.32
 .comment       0x0000000000000000       0x12 core/pipe.32
 .group         0x0000000000000000        0xc core/terminal.32
 .comment       0x0000000000000000       0x12 core/terminal.32
 .comment       0x0000000000000000       0x12 core/tss.32
 .group         0x0000000000000000        0x8 core/unixfile.32
 .group         0x0000000000000000        0xc core/unixfile.32
 .group         0x0000000000000000        0xc core/unixfile.32
 .group         0x0000000000000000        0x8 core/unixfile.32
 .group         0x0000000000000000        0xc core/unixfile.32
 .group         0x0000000000000000        0x8 core/unixfile.32
 .group         0x0000000000000000        0xc core/unixfile.32
 .group         0x0000000000000000        0xc core/unixfile.32
 .comment       0x0000000000000000       0x12 core/unixfile.32
 .comment       0x0000000000000000       0x12 core/virtmgr.32
 .comment       0x0000000000000000       0x12 coreobjs/c++.32
 .comment       0x0000000000000000       0x12 dbg/kconsole.32
 .group         0x0000000000000000        0xc fs/vfs.32
 .group         0x0000000000000000        0xc fs/vfs.32
 .group         0x0000000000000000        0xc fs/vfs.32
 .comment       0x0000000000000000       0x12 fs/vfs.32
 .group         0x0000000000000000        0xc hal/bus.32
 .comment       0x0000000000000000       0x12 hal/bus.32
 .group         0x0000000000000000        0xc hal/buzzer.32
 .comment       0x0000000000000000       0x12 hal/buzzer.32
 .group         0x0000000000000000        0xc hal/clock.32
 .comment       0x0000000000000000       0x12 hal/clock.32
 .group         0x0000000000000000       0x14 hal/device.32
 .group         0x0000000000000000        0xc hal/device.32
 .group         0x0000000000000000        0xc hal/device.32
 .group         0x0000000000000000        0xc hal/device.32
 .group         0x0000000000000000        0xc hal/device.32
[...]
Memory Configuration

Name             Origin             Length             Attributes
*default*        0x0000000000000000 0xffffffffffffffff

Linker script and memory map

LOAD D:/Users/Alex/Desktop/Banana/kernel/boot.32
LOAD crti.32
LOAD /cygdrive/d/Users/Alex/Desktop/Toolchain/Output/bin/../lib/gcc/i386-banana/8.1.0/crtbegin.o
LOAD D:/Users/Alex/Desktop/Banana/kernel/morenasm.32
LOAD acpica/utclib.32
LOAD core/malloc.32
LOAD libk/string.32
LOAD fs/fat/diskio.32
LOAD fs/fat/ff.32
LOAD fs/fat/ffsystem.32
LOAD fs/fat/ffunicode.32
LOAD hal/libresample/samplerate.32
LOAD hal/libresample/src_linear.32
LOAD hal/libresample/src_sinc.32
LOAD hal/libresample/src_zoh.32
LOAD compat/inlines.32
LOAD core/computer.32
LOAD core/gdt.32
LOAD core/idle.32
LOAD core/idt.32
LOAD core/kheap.32
LOAD core/main.32
LOAD core/physmgr.32
LOAD core/pipe.32
LOAD core/terminal.32
LOAD core/tss.32
LOAD core/unixfile.32
LOAD core/virtmgr.32
LOAD coreobjs/c++.32
LOAD dbg/kconsole.32
LOAD fs/vfs.32
LOAD hal/bus.32
LOAD hal/buzzer.32
LOAD hal/clock.32
LOAD hal/device.32
LOAD hal/diskctrl.32
LOAD hal/diskphys.32
LOAD hal/fpu.32
LOAD hal/intctrl.32
LOAD hal/keybrd.32
LOAD hal/logidisk.32
LOAD hal/mouse.32
LOAD hal/partition.32
LOAD hal/serial.32
LOAD hal/timer.32
LOAD hal/vcache.32
LOAD hal/video.32
LOAD hw/acpi.32
LOAD hw/cpu.32
LOAD hw/ports.32
LOAD krnl/panic.32
LOAD reg/registry.32
LOAD sys/sc_exit.32
LOAD sys/sc_getcwd.32
LOAD sys/sc_getpid.32
LOAD sys/sc_loaddll.32
LOAD sys/sc_read.32
LOAD sys/sc_sbrk.32
LOAD sys/sc_setcwd.32
LOAD sys/sc_write.32
LOAD sys/sc_yield.32
LOAD sys/syscalls.32
LOAD thr/elf.32
LOAD thr/prcssthr.32
LOAD vm86/vm8086.32
LOAD vm86/x87em.32
LOAD fs/fat/vfslink.32
LOAD fs/iso9660/vfslink.32
LOAD hal/sound/sndchannel.32
LOAD hal/sound/sndhw.32
LOAD hw/bus/isa.32
LOAD hw/bus/pci.32
LOAD hw/diskctrl/ide.32
LOAD hw/diskctrl/satabus.32
LOAD hw/diskphys/ata.32
LOAD hw/diskphys/atapi.32
LOAD hw/diskphys/sata.32
LOAD hw/fpu/avx.32
LOAD hw/fpu/mmx.32
LOAD hw/fpu/sse.32
LOAD hw/fpu/x87.32
LOAD hw/intctrl/apic.32
LOAD hw/intctrl/pic.32
LOAD hw/timer/apictimer.32
LOAD hw/timer/pit.32
LOAD hw/fpu/x86/avx.32
LOAD hw/fpu/x86/sse.32
LOAD hw/fpu/x86/x87.32
LOAD /cygdrive/d/Users/Alex/Desktop/Toolchain/Output/bin/../lib/gcc/i386-banana/8.1.0/crtend.o
LOAD crtn.32
LOAD /cygdrive/d/Users/Alex/Desktop/Toolchain/Output/bin/../lib/gcc/i386-banana/8.1.0/libkgcc.a
LOAD D:/Users/Alex/Desktop/Banana/kernel/libsoftfp.a
LOAD D:/Users/Alex/Desktop/Banana/kernel/libk/libm32.a
                0x00000000c0000000                . = 0xc0000000

.text           0x00000000c0000000    0x264c8
 *(.text)
 .text          0x00000000c0000000       0x41 D:/Users/Alex/Desktop/Banana/kernel/boot.32
                0x00000000c0000020                callGlobalConstructors
 .text          0x00000000c0000041        0x0 crti.32
 *fill*         0x00000000c0000041        0x3 
 .text          0x00000000c0000044      0x101 /cygdrive/d/Users/Alex/Desktop/Toolchain/Output/bin/../lib/gcc/i386-banana/8.1.0/crtbegin.o
 *fill*         0x00000000c0000145        0xb 
 .text          0x00000000c0000150      0x492 D:/Users/Alex/Desktop/Banana/kernel/morenasm.32
                0x00000000c0000150                prepareTramp
                0x00000000c0000169                voodooXADD
                0x00000000c0000234                doTPAUSE
                0x00000000c000023e                hasLegacyFPU
                0x00000000c0000263                is486
                0x00000000c0000299                detectCPUID
                0x00000000c00002af                goToVM86
                0x00000000c00002df                goToUsermode
                0x00000000c0000309                switchToThreadASMFirstTime
                0x00000000c0000317                switchToThreadASM
                0x00000000c000039f                asmQuickAcquireLock
                0x00000000c00003bd                asmQuickReleaseLock
                0x00000000c00003c9                asmAcquireLock
                0x00000000c00003ea                asmReleaseLock
                0x00000000c00003fd                loadGDT
                0x00000000c000041d                isr0
                0x00000000c000042d                isr1
                0x00000000c0000437                isr2
                0x00000000c0000441                isr3
                0x00000000c000044b                isr4
                0x00000000c0000455                isr5
                0x00000000c000045f                isr6
                0x00000000c0000469                isr7
                0x00000000c0000473                isr8
                0x00000000c000047b                isr9
                0x00000000c0000485                isr10
                0x00000000c000048d                isr11
                0x00000000c0000495                isr12
                0x00000000c000049d                isr13
                0x00000000c00004a5                isr14
                0x00000000c00004ad                isr15
                0x00000000c00004b7                isr16
                0x00000000c00004c1                isr17
                0x00000000c00004cb                isr18
                0x00000000c00004d5                irq3
                0x00000000c00004df                irq4
                0x00000000c00004e9                irq5
                0x00000000c00004f3                irq6
                0x00000000c00004fd                irq7
                0x00000000c0000507                irq8
                0x00000000c0000511                irq9
                0x00000000c000051b                irq10
                0x00000000c0000525                irq11
                0x00000000c000052f                irq12
                0x00000000c0000539                irq13
                0x00000000c0000543                irq14
                0x00000000c000054d                irq15
                0x00000000c0000557                irq1
                0x00000000c000055e                irq2
                0x00000000c0000565                isr96
                0x00000000c000056c                irq0
                0x00000000c0000571                syscall_common_stub
                0x00000000c0000571                int_common_stub
                0x00000000c0000592                irq16
                0x00000000c000059c                irq17
                0x00000000c00005a6                irq18
                0x00000000c00005b0                irq19
                0x00000000c00005ba                irq20
                0x00000000c00005c4                irq21
                0x00000000c00005ce                irq22
                0x00000000c00005d8                irq23
 .text          0x00000000c00005e2      0x40f acpica/utclib.32
                0x00000000c00005e2                memcmp
                0x00000000c000060d                memmove
                0x00000000c0000645                memcpy
                0x00000000c000067b                memset
                0x00000000c0000698                strlen
                0x00000000c00006a8                strpbrk
                0x00000000c00006cb                strtok
                0x00000000c000071a                strcpy
                0x00000000c000073a                strncpy
                0x00000000c000076b                strcmp
                0x00000000c000078c                strchr
                0x00000000c00007a2                strncmp
                0x00000000c00007d1                strcat
                0x00000000c00007f8                strncat
                0x00000000c0000832                strstr
                0x00000000c000086f                toupper
                0x00000000c0000883                tolower
                0x00000000c0000897                simple_strtoul
 .text          0x00000000c00009f1      0xfbf core/malloc.32
                0x00000000c0000b5c                dlfree
                0x00000000c0000eb7                dlmalloc
                0x00000000c00013f4                dlrealloc
                0x00000000c00015a9                dlmemalign
                0x00000000c00016cc                dlcalloc
                0x00000000c0001766                dlcfree
                0x00000000c000176b                dlindependent_calloc
                0x00000000c0001790                dlindependent_comalloc
                0x00000000c00017a7                dlvalloc
                0x00000000c00017d2                dlpvalloc
                0x00000000c0001808                dlmalloc_trim
                0x00000000c0001815                dlmalloc_usable_size
                0x00000000c0001846                dlmallinfo
                0x00000000c0001915                dlmalloc_stats
                0x00000000c0001926                dlmallopt
 .text          0x00000000c00019b0        0x0 libk/string.32
 .text          0x00000000c00019b0       0x51 fs/fat/diskio.32
                0x00000000c00019b0                disk_status
                0x00000000c00019b3                disk_initialize
                0x00000000c00019b6                disk_read
                0x00000000c00019cc                disk_write
                0x00000000c00019e2                disk_ioctl
 .text          0x00000000c0001a01     0x6833 fs/fat/ff.32
                0x00000000c0004ccf                f_mount
                0x00000000c0004d31                f_open
                0x00000000c000516d                f_read
                0x00000000c00053ed                f_write
                0x00000000c00056a7                f_sync
                0x00000000c0005883                f_close
                0x00000000c00058b2                f_lseek
                0x00000000c0005d69                f_opendir
                0x00000000c0005e6b                f_closedir
                0x00000000c0005e8d                f_readdir
                0x00000000c0005f28                f_stat
                0x00000000c0005fb7                f_getfree
                0x00000000c0006182                f_truncate
                0x00000000c000627a                f_unlink
                0x00000000c00063fd                f_mkdir
                0x00000000c0006629                f_rename
                0x00000000c000691c                f_chmod
                0x00000000c00069fa                f_utime
                0x00000000c0006ad8                f_getlabel
                0x00000000c0006cc6                f_setlabel
                0x00000000c0006f33                f_forward
                0x00000000c0007111                f_mkfs
 .text          0x00000000c0008234       0x2d fs/fat/ffsystem.32
                0x00000000c0008234                ff_memalloc
                0x00000000c000824a                ff_memfree
 .text          0x00000000c0008261      0x253 fs/fat/ffunicode.32
                0x00000000c0008261                ff_uni2oem
                0x00000000c00082f1                ff_oem2uni
                0x00000000c000835d                ff_wtoupper
 .text          0x00000000c00084b4      0x8fb hal/libresample/samplerate.32
                0x00000000c00084f8                src_delete
                0x00000000c0008534                src_process
                0x00000000c00086ea                src_callback_read
                0x00000000c0008867                src_set_ratio
                0x00000000c00088d1                src_get_channels
                0x00000000c00088f3                src_reset
                0x00000000c000893f                src_new
                0x00000000c00089cd                src_callback_new
                0x00000000c0008a2f                src_get_name
                0x00000000c0008a66                src_get_description
                0x00000000c0008a9d                src_get_version
                0x00000000c0008aa3                src_is_valid_ratio
                0x00000000c0008af7                src_error
                0x00000000c0008b05                src_strerror
                0x00000000c0008b18                src_simple
                0x00000000c0008b6b                src_short_to_float_array
                0x00000000c0008bd0                src_float_to_short_array
                0x00000000c0008c8f                src_int_to_float_array
                0x00000000c0008cf2                src_float_to_int_array
 .text          0x00000000c0008daf      0x8cb hal/libresample/src_linear.32
                0x00000000c00095d5                linear_get_name
                0x00000000c00095e4                linear_get_description
                0x00000000c00095f3                linear_set_converter
 .text          0x00000000c000967a     0x447c hal/libresample/src_sinc.32
                0x00000000c000da0d                sinc_get_name
                0x00000000c000da20                sinc_get_description
                0x00000000c000da33                sinc_set_converter
 .text          0x00000000c000daf6      0x77c hal/libresample/src_zoh.32
                0x00000000c000e1cd                zoh_get_name
                0x00000000c000e1dc                zoh_get_description
                0x00000000c000e1eb                zoh_set_converter
 .text          0x00000000c000e272       0x23 compat/inlines.32
                0x00000000c000e272                CPU::current()
                0x00000000c000e27f                operator new(unsigned long)
 *fill*         0x00000000c000e295        0x1 
 .text          0x00000000c000e296      0xa07 core/computer.32
                0x00000000c000e296                Computer::close(int, int, void*)
                0x00000000c000e2da                Computer::Computer()
                0x00000000c000e2da                Computer::Computer()
                0x00000000c000e436                Computer::setBootMessage(char const*)
                0x00000000c000e438                Computer::start()
                0x00000000c000e509                firstTask()
                0x00000000c000e518                Computer::detectFeatures()
                0x00000000c000e722                Computer::displayFeatures()
                0x00000000c000ea68                Computer::rdmsr(unsigned int)
                0x00000000c000ea94                Computer::wrmsr(unsigned int, unsigned long long)
                0x00000000c000eacc                Computer::nmiEnabled()
                0x00000000c000ead8                Computer::readCMOS(unsigned char)
                0x00000000c000eaf2                Computer::enableNMI(bool)
                0x00000000c000eb0a                Computer::open(int, int, void*)
                0x00000000c000ebe0                Computer::disableNMI()
                0x00000000c000ebee                Computer::writeCMOS(unsigned char, unsigned char)
                0x00000000c000ec0c                Computer::handleNMI()
                0x00000000c000ec72                Computer::setDiskActivityLight(int, bool)
 *fill*         0x00000000c000ec9d        0x1 
 .text          0x00000000c000ec9e      0x1b7 core/gdt.32
                0x00000000c000ec9e                GDTEntry::setBase(unsigned int)
                0x00000000c000ecba                GDTEntry::setLimit(unsigned int)
                0x00000000c000ecd8                GDT::GDT()
                0x00000000c000ecd8                GDT::GDT()
                0x00000000c000ecee                GDT::addEntry(GDTEntry)
                0x00000000c000ed2a                GDT::getNumberOfEntries()
                0x00000000c000ed32                GDT::flush()
                0x00000000c000ed54                GDT::setup()
 .text          0x00000000c000ee55       0x62 core/idle.32
                0x00000000c000ee55                idleFunction(void*)
 *fill*         0x00000000c000eeb7        0x1 
 .text          0x00000000c000eeb8      0x45f core/idt.32
                0x00000000c000eeb8                IDTEntry::IDTEntry(bool)
                0x00000000c000eeb8                IDTEntry::IDTEntry(bool)
                0x00000000c000ef26                IDTEntry::setOffset(unsigned int)
                0x00000000c000ef3a                IDT::IDT()
                0x00000000c000ef3a                IDT::IDT()
                0x00000000c000ef3c                IDT::getPointerToInvalidOpcodeEntryForF00F()
                0x00000000c000ef44                IDT::addEntry(IDTEntry, int)
                0x00000000c000ef5e                IDT::addEntry(int, void (*)(), bool)
                0x00000000c000ef96                IDT::flush()
                0x00000000c000efb0                IDT::setup()
 .text          0x00000000c000f317      0x203 core/kheap.32
                0x00000000c000f317                sbrk
                0x00000000c000f425                mmap
                0x00000000c000f43b                munmap
                0x00000000c000f451                liballoc_lock()
                0x00000000c000f462                liballoc_unlock()
                0x00000000c000f473                liballoc_alloc(int)
                0x00000000c000f48e                liballoc_free(void*, int)
                0x00000000c000f4ac                realloc
                0x00000000c000f4c0                malloc
                0x00000000c000f4d0                free
                0x00000000c000f4e0                rfree
                0x00000000c000f4f0                calloc
 .text          0x00000000c000f51a      0x38d core/main.32
                0x00000000c000f51a                hwTextMode_loadInData(VgaText*)
                0x00000000c000f55f                hwTextMode_loadInTitle(VgaText*, char*)
                0x00000000c000f5a1                hwTextMode_showCursor(VgaText*, bool)
                0x00000000c000f5f5                hwTextMode_update(VgaText*)
                0x00000000c000f5f6                hwTextMode_updateCursor(VgaText*)
                0x00000000c000f63e                hwTextMode_disableBlink(VgaText*, bool)
                0x00000000c000f67a                hwTextMode_scrollScreen(VgaText*)
                0x00000000c000f700                hwTextMode_writeCharacter(VgaText*, char, VgaColour, VgaColour, int, int)
                0x00000000c000f75e                setupTextMode()
                0x00000000c000f7af                kernel_main
 .text          0x00000000c000f8a7      0x54d core/physmgr.32
                0x00000000c000f8a7                Phys::allocateDMA(unsigned long)
                0x00000000c000f94a                Phys::freeDMA(unsigned long, unsigned long)
                0x00000000c000f992                Phys::setPageState(unsigned long, bool)
                0x00000000c000f9c4                Phys::getPageState(unsigned long)
                0x00000000c000f9e0                Phys::freePage(unsigned long)
                0x00000000c000fa6a                Phys::allocatePage()
                0x00000000c000fb32                Phys::allocateContiguousPages(int)
                0x00000000c000fb8c                Phys::allowSegmentToBeUsed(unsigned long, unsigned long)
                0x00000000c000fbc4                Phys::physicalMemorySetup(unsigned int)
 .text          0x00000000c000fdf4      0x273 core/pipe.32
                0x00000000c000fdf4                Pipe::isAtty()
                0x00000000c000fdf8                Pipe::~Pipe()
                0x00000000c000fdf8                Pipe::~Pipe()
                0x00000000c000fe1c                Pipe::~Pipe()
                0x00000000c000fe44                Pipe::read(unsigned long long, void*, int*)
                0x00000000c000ff38                Pipe::write(unsigned long long, void*, int*)
                0x00000000c0010000                Pipe::Pipe(int)
                0x00000000c0010000                Pipe::Pipe(int)
 *fill*         0x00000000c0010067        0x1 
 .text          0x00000000c0010068      0xf65 core/terminal.32
                0x00000000c0010068                VgaText::isAtty()
                0x00000000c001006c                VgaText::~VgaText()
                0x00000000c001006c                VgaText::~VgaText()
                0x00000000c0010090                VgaText::~VgaText()
                0x00000000c00100ba                VgaText::read(unsigned long long, void*, int*)
                0x00000000c00100da                setTerminalScrollLock(bool)
                0x00000000c00100db                addToTerminalCycle(VgaText*)
                0x00000000c0010108                installVgaTextImplementation()
                0x00000000c001011d                scrollTerminalScrollLock(int)
                0x00000000c001011e                VgaText::load()
                0x00000000c0010172                VgaText::updateCursor()
                0x00000000c001018c                VgaText::showCursor(bool)
                0x00000000c001019c                VgaText::disableBlink(bool)
                0x00000000c00101d6                VgaText::doANSI_SGR(int)
                0x00000000c0010262                VgaText::setDefaultBgColour(VgaColour)
                0x00000000c0010278                VgaText::setDefaultFgColour(VgaColour)
                0x00000000c001028e                VgaText::setDefaultColours(VgaColour, VgaColour)
                0x00000000c00102ae                VgaText::combineColours(unsigned char, unsigned char)
                0x00000000c00102c0                VgaText::scrollScreen()
                0x00000000c0010354                VgaText::combineCharAndColour(char, unsigned char)
                0x00000000c0010366                VgaText::writeCharacter(char, VgaColour, VgaColour, int, int)
                0x00000000c00103c6                VgaText::getCursorX()
                0x00000000c00103d2                VgaText::getCursorY()
                0x00000000c00103de                VgaText::setCursor(int, int)
                0x00000000c00103fc                VgaText::setCursorX(int)
                0x00000000c0010418                VgaText::setCursorY(int)
                0x00000000c0010434                VgaText::incrementCursor(bool)
                0x00000000c001049c                VgaText::updateRAMUsageDisplay(int)
                0x00000000c00104f6                VgaText::updateDiskUsage()
                0x00000000c001065c                VgaText::updateTitle()
                0x00000000c00106a2                VgaText::setTitleTextColour(VgaColour)
                0x00000000c00106b2                VgaText::setTitleColour(VgaColour)
                0x00000000c00106c2                VgaText::setTitle(char*)
                0x00000000c00106e8                VgaText::decrementCursor(bool)
                0x00000000c0010710                VgaText::putchar(char, VgaColour, VgaColour)
                0x00000000c001080c                VgaText::isShowingCursor()
                0x00000000c0010818                VgaText::isBlinkDisabled()
                0x00000000c0010826                VgaText::setCursorHeight(int)
                0x00000000c0010844                VgaText::getCursorHeight()
                0x00000000c001084f                setActiveTerminal(VgaText*)
                0x00000000c0010901                doTerminalCycle()
                0x00000000c001091e                VgaText::doUpdate()
                0x00000000c0010930                VgaText::puts(char const*, VgaColour, VgaColour)
                0x00000000c0010af0                VgaText::clearScreen()
                0x00000000c0010b54                VgaText::putchar(char)
                0x00000000c0010c6e                VgaText::puts(char const*)
                0x00000000c0010c94                VgaText::putx(unsigned int)
                0x00000000c0010cda                VgaText::VgaText(char const*)
                0x00000000c0010cda                VgaText::VgaText(char const*)
                0x00000000c0010e6c                VgaText::receiveKey(unsigned char)
                0x00000000c0010f54                VgaText::write(unsigned long long, void*, int*)
                0x00000000c0010fa8                newTerminal(char*)
 *fill*         0x00000000c0010fcd        0x1 
 .text          0x00000000c0010fce      0x1b3 core/tss.32
                0x00000000c0010fce                TSS::TSS()
                0x00000000c0010fce                TSS::TSS()
                0x00000000c0010fdc                TSS::setESP(unsigned long)
                0x00000000c0010fee                TSS::flush()
                0x00000000c001100e                TSS::setup(unsigned long, unsigned long)
 *fill*         0x00000000c0011181        0x1 
 .text          0x00000000c0011182      0x4c2 core/unixfile.32
                0x00000000c0011182                ReservedFilename::read(unsigned long long, void*, int*)
                0x00000000c00111d8                ReservedFilename::isAtty()
                0x00000000c00111f4                ReservedFilename::write(unsigned long long, void*, int*)
                0x00000000c0011252                UnixFile::getFileDescriptor()
                0x00000000c001125a                UnixFile::UnixFile(int)
                0x00000000c001125a                UnixFile::UnixFile(int)
                0x00000000c001140a                ReservedFilename::ReservedFilename(int)
                0x00000000c001140a                ReservedFilename::ReservedFilename(int)
                0x00000000c001143c                UnixFile::~UnixFile()
                0x00000000c001143c                UnixFile::~UnixFile()
                0x00000000c00114d4                UnixFile::~UnixFile()
                0x00000000c00114fc                ReservedFilename::~ReservedFilename()
                0x00000000c00114fc                ReservedFilename::~ReservedFilename()
                0x00000000c0011520                ReservedFilename::~ReservedFilename()
                0x00000000c0011547                getFromFileDescriptor(int)
 .text          0x00000000c0011644      0xee3 core/virtmgr.32
                0x00000000c0011644                Virt::setPageState(unsigned long, Virt::VirtPageState)
                0x00000000c0011679                Virt::getPageState(unsigned long)
                0x00000000c001169d                Virt::allocateKernelVirtualPages(int)
                0x00000000c00117ae                Virt::virtualMemorySetup()
                0x00000000c001182d                Virt::getAKernelVAS()
                0x00000000c0011833                Virt::setupPageSwapping(int)
                0x00000000c0011962                VAS::VAS()
                0x00000000c0011962                VAS::VAS()
                0x00000000c0011992                VAS::VAS(VAS*)
                0x00000000c0011992                VAS::VAS(VAS*)
                0x00000000c00119b6                VAS::getForeignPageTableEntry(bool, unsigned long)
                0x00000000c00119e2                VAS::getPageTableEntry(unsigned long)
                0x00000000c0011a01                Virt::freeKernelVirtualPages(unsigned long)
                0x00000000c0011b24                VAS::freeAllocatedPages(unsigned long)
                0x00000000c0011b48                VAS::virtualToPhysical(unsigned long)
                0x00000000c0011b60                VAS::reflagRange(unsigned long, int, int, int)
                0x00000000c0011ba0                VAS::setToWriteCombining(unsigned long, int)
                0x00000000c0011bd2                VAS::mapOtherVASIn(bool, VAS*)
                0x00000000c0011bfc                VAS::~VAS()
                0x00000000c0011bfc                VAS::~VAS()
                0x00000000c0011d68                VAS::mapPage(unsigned long, unsigned long, int)
                0x00000000c0011e68                VAS::allocatePages(int, int)
                0x00000000c0012040                VAS::setCPUSpecific(unsigned long)
                0x00000000c001205c                VAS::mapRange(unsigned long, unsigned long, int, int)
                0x00000000c0012122                VAS::mapForeignPage(bool, VAS*, unsigned long, unsigned long, int)
                0x00000000c0012210                VAS::VAS(bool)
                0x00000000c0012210                VAS::VAS(bool)
                0x00000000c001246b                mapVASFirstTime
 .text          0x00000000c0012527       0x95 coreobjs/c++.32
                0x00000000c0012527                __cxa_atexit
                0x00000000c001252a                __cxa_finalize
                0x00000000c001252b                __stack_chk_fail
                0x00000000c0012597                __cxa_pure_virtual
                0x00000000c00125a8                operator new[](unsigned long)
                0x00000000c00125ad                operator delete(void*, unsigned long)
                0x00000000c00125b2                operator delete[](void*)
                0x00000000c00125b7                operator delete[](void*, unsigned long)
 .text          0x00000000c00125bc      0x1ef dbg/kconsole.32
                0x00000000c00125bc                Dbg::stringifyxWithBase(unsigned int, char*, int)
                0x00000000c001261d                Dbg::logc(char)
                0x00000000c0012634                Dbg::logs(char*)
                0x00000000c0012651                Dbg::logWriteInt(unsigned int)
                0x00000000c001266e                Dbg::logWriteIntBase(unsigned int, int)
                0x00000000c001268d                Dbg::kprintf(char const*, ...)
 *fill*         0x00000000c00127ab        0x1 
 .text          0x00000000c00127ac      0xb7c fs/vfs.32
                0x00000000c00127ac                File::read(unsigned long long, void*, int*)
                0x00000000c0012804                File::write(unsigned long long, void*, int*)
                0x00000000c001285c                Directory::read(unsigned long long, void*, int*)
                0x00000000c00128b4                Directory::write(unsigned long long, void*, int*)
                0x00000000c00128e2                File::isAtty()
                0x00000000c00128e6                Directory::isAtty()
                0x00000000c00128ea                Filesystem::getlabel(LogicalDisk*, int, char*, unsigned int*)
                0x00000000c00128f0                Filesystem::setlabel(LogicalDisk*, int, char*)
                0x00000000c00128f6                File::~File()
                0x00000000c00128f6                File::~File()
                0x00000000c001291a                File::~File()
                0x00000000c0012944                Directory::~Directory()
                0x00000000c0012944                Directory::~Directory()
                0x00000000c0012968                Directory::~Directory()
                0x00000000c0012992                Filesystem::Filesystem()
                0x00000000c0012992                Filesystem::Filesystem()
                0x00000000c00129b6                Filesystem::~Filesystem()
                0x00000000c00129b6                Filesystem::~Filesystem()
                0x00000000c00129c4                Filesystem::~Filesystem()
                0x00000000c00129e8                initVFS()
                0x00000000c0012a12                standardiseFiles(char*, char const*, char const*)
                0x00000000c0012bbc                File::File(char const*, Process*)
                0x00000000c0012bbc                File::File(char const*, Process*)
                0x00000000c0012c20                File::open(FileOpenMode)
                0x00000000c0012c7e                File::close()
                0x00000000c0012cde                File::seek(unsigned long long)
                0x00000000c0012d34                File::tell(unsigned long long*)
                0x00000000c0012d84                File::rewind()
                0x00000000c0012d98                File::unlink()
                0x00000000c0012de4                File::rename(char const*)
                0x00000000c0012e32                File::chfatattr(unsigned char, unsigned char)
                0x00000000c0012e8e                File::exists()
                0x00000000c0012ecc                File::stat(unsigned long long*, bool*)
                0x00000000c0012f2d                getcwd(Process*, char*, int)
                0x00000000c0012f57                setcwd(Process*, char*)
                0x00000000c0013092                Directory::Directory(char const*, Process*)
                0x00000000c0013092                Directory::Directory(char const*, Process*)
                0x00000000c00130f6                Directory::open()
                0x00000000c0013152                Directory::close()
                0x00000000c00131b2                Directory::unlink()
                0x00000000c00131fe                Directory::rename(char const*)
                0x00000000c001324c                Directory::exists()
                0x00000000c001328a                Directory::read(dirent*)
                0x00000000c00132d6                Directory::create()
                0x00000000c0013322                Filesystem::chfatattr(char const*, unsigned char, unsigned char)
 .text          0x00000000c0013328       0x84 hal/bus.32
                0x00000000c0013328                Bus::Bus(char const*)
                0x00000000c0013328                Bus::Bus(char const*)
                0x00000000c001335e                Bus::~Bus()
                0x00000000c001335e                Bus::~Bus()
                0x00000000c0013382                Bus::~Bus()
 .text          0x00000000c00133ac      0x14e hal/buzzer.32
                0x00000000c00133ac                Buzzer::Buzzer(char const*)
                0x00000000c00133ac                Buzzer::Buzzer(char const*)
                0x00000000c00133f0                Buzzer::~Buzzer()
                0x00000000c00133f0                Buzzer::~Buzzer()
                0x00000000c0013414                Buzzer::~Buzzer()
                0x00000000c001343e                Buzzer::stop()
                0x00000000c0013451                beepThread(void*)
                0x00000000c001348c                Buzzer::beep(int, int, bool)
 .text          0x00000000c00134fa      0x42f hal/clock.32
                0x00000000c00134fa                loadClockSettings()
                0x00000000c0013514                Clock::Clock(char const*)
                0x00000000c0013514                Clock::Clock(char const*)
                0x00000000c001354a                Clock::~Clock()
                0x00000000c001354a                Clock::~Clock()
                0x00000000c001356e                Clock::~Clock()
                0x00000000c0013598                Clock::timeInSecondsLocal()
                0x00000000c00135e0                Clock::setTimeInSecondsLocal(unsigned long long)
                0x00000000c0013639                datetimeToSeconds(datetime_t)
                0x00000000c0013760                Clock::setTimeInDatetimeLocal(datetime_t)
                0x00000000c00137c0                secondsToDatetime(unsigned long long)
                0x00000000c0013904                Clock::timeInDatetimeLocal()
 *fill*         0x00000000c0013929        0x1 
 .text          0x00000000c001392a      0x4de hal/device.32
                0x00000000c001392a                Device::hibernate()
                0x00000000c001392c                Device::wake()
                0x00000000c001392e                Device::detect()
                0x00000000c0013930                Device::disableLegacy()
                0x00000000c0013932                Device::powerSaving(PowerSavingLevel)
                0x00000000c0013934                DriverlessDevice::close(int, int, void*)
                0x00000000c0013938                DriverlessDevice::detect()
                0x00000000c001393a                DriverlessDevice::open(int, int, void*)
                0x00000000c001394e                Device::~Device()
                0x00000000c001394e                Device::~Device()
                0x00000000c001395c                Device::~Device()
                0x00000000c0013984                Device::findAndLoadDriver()
                0x00000000c0013986                Device::preOpenPCI(PCIDeviceInfo)
                0x00000000c00139ac                Device::preOpenACPI(void*, char*, char*)
                0x00000000c0013a00                Device::addIRQHandler(int, void (*)(regs*, void*), bool, void*)
                0x00000000c0013a3e                Device::removeIRQHandler(int, void (*)(regs*, void*), bool)
                0x00000000c0013a7c                Device::addChild(Device*)
                0x00000000c0013ac0                Device::removeAllChildren()
                0x00000000c0013b06                Device::hibernateAll()
                0x00000000c0013b36                Device::wakeAll()
                0x00000000c0013b66                Device::detectAll()
                0x00000000c0013b96                Device::disableLegacyAll()
                0x00000000c0013bc6                Device::loadDriversForAll()
                0x00000000c0013bf2                Device::closeAll()
                0x00000000c0013c28                Device::powerSavingAll(PowerSavingLevel)
                0x00000000c0013c5e                Device::setName(char const*)
                0x00000000c0013c6c                Device::Device(char const*)
                0x00000000c0013c6c                Device::Device(char const*)
                0x00000000c0013d68                Device::getName()
                0x00000000c0013d72                DriverlessDevice::DriverlessDevice(char const*)
                0x00000000c0013d72                DriverlessDevice::DriverlessDevice(char const*)
                0x00000000c0013d9a                Device::addToLinkedList(LinkedList<Device>&, DeviceType)
                0x00000000c0013dde                getDevicesOfType(DeviceType)
 .text          0x00000000c0013e08       0x84 hal/diskctrl.32
                0x00000000c0013e08                HardDiskController::HardDiskController(char const*)
                0x00000000c0013e08                HardDiskController::HardDiskController(char const*)
                0x00000000c0013e3e                HardDiskController::~HardDiskController()
                0x00000000c0013e3e                HardDiskController::~HardDiskController()
                0x00000000c0013e62                HardDiskController::~HardDiskController()
 .text          0x00000000c0013e8c       0xde hal/diskphys.32
                0x00000000c0013e8c                PhysicalDisk::PhysicalDisk(char const*, int)
                0x00000000c0013e8c                PhysicalDisk::PhysicalDisk(char const*, int)
                0x00000000c0013ef4                PhysicalDisk::startCache()
                0x00000000c0013f1c                PhysicalDisk::~PhysicalDisk()
                0x00000000c0013f1c                PhysicalDisk::~PhysicalDisk()
                0x00000000c0013f40                PhysicalDisk::~PhysicalDisk()
 .text          0x00000000c0013f6a      0x13b hal/fpu.32
                0x00000000c0013f6a                FPU::FPU(char const*)
                0x00000000c0013f6a                FPU::FPU(char const*)
                0x00000000c0013fa0                FPU::~FPU()
                0x00000000c0013fa0                FPU::~FPU()
                0x00000000c0013fc4                FPU::~FPU()
                0x00000000c0013fee                setupFPU()
 *fill*         0x00000000c00140a5        0x1 
 .text          0x00000000c00140a6     0x12b1 hal/intctrl.32
                0x00000000c00140a6                InterruptController::uninstallISRHandler(int, void (*)(regs*, void*))
                0x00000000c00140de                InterruptController::installISRHandler(int, void (*)(regs*, void*), void*)
                0x00000000c0014130                doubleFault(regs*, void*)
                0x00000000c001414a                InterruptController::installIRQHandler(int, void (*)(regs*, void*), bool, void*)
                0x00000000c00141e6                InterruptController::clearAllHandlers(int, bool)
                0x00000000c001428e                InterruptController::uninstallIRQHandler(int, void (*)(regs*, void*), bool)
                0x00000000c0014315                nmiHandler(regs*, void*)
                0x00000000c0014323                int_handler
                0x00000000c00143c4                InterruptController::InterruptController(char const*)
                0x00000000c00143c4                InterruptController::InterruptController(char const*)
                0x00000000c001446a                InterruptController::~InterruptController()
                0x00000000c001446a                InterruptController::~InterruptController()
                0x00000000c001448e                InterruptController::~InterruptController()
                0x00000000c00144b8                displayDebugInfo(regs*)
                0x00000000c00148bd                x87EmulHandler(regs*, void*)
                0x00000000c00148ec                gpFault(regs*, void*)
                0x00000000c0014925                pgFault(regs*, void*)
                0x00000000c001493c                otherISRHandler(regs*, void*)
                0x00000000c001495b                opcodeFault(regs*, void*)
                0x00000000c0014f1a                displayProgramFault(char const*)
                0x00000000c0014f42                setupInterruptController()
                0x00000000c001530a                InterruptController::convertLegacyIRQNumber(int)
 *fill*         0x00000000c0015357        0x1 
 .text          0x00000000c0015358      0x620 hal/keybrd.32
                0x00000000c0015358                startGUI(void*)
                0x00000000c00153ca                sendKeyToTerminal(unsigned char)
                0x00000000c0015436                sendKeyboardToken(KeyboardToken)
                0x00000000c0015811                clearInternalKeybuffer(VgaText*)
                0x00000000c0015846                readKeyboard(VgaText*, char*, unsigned long)
                0x00000000c00158ee                Keyboard::Keyboard(char const*)
                0x00000000c00158ee                Keyboard::Keyboard(char const*)
                0x00000000c001592a                Keyboard::~Keyboard()
                0x00000000c001592a                Keyboard::~Keyboard()
                0x00000000c001594e                Keyboard::~Keyboard()
 .text          0x00000000c0015978      0x400 hal/logidisk.32
                0x00000000c0015978                LogicalDisk::close(int, int, void*)
                0x00000000c001597c                LogicalDisk::~LogicalDisk()
                0x00000000c001597c                LogicalDisk::~LogicalDisk()
                0x00000000c00159a0                LogicalDisk::~LogicalDisk()
                0x00000000c00159ca                LogicalDisk::open(int, int, void*)
                0x00000000c00159de                LogicalDisk::absoluteToRelative(unsigned long long)
                0x00000000c0015a16                LogicalDisk::relativeToAbsolute(unsigned long long)
                0x00000000c0015a5c                LogicalDisk::LogicalDisk(char const*, PhysicalDisk*, unsigned long long, unsigned long long)
                0x00000000c0015a5c                LogicalDisk::LogicalDisk(char const*, PhysicalDisk*, unsigned long long, unsigned long long)
                0x00000000c0015b12                LogicalDisk::assignDriveLetter()
                0x00000000c0015bc8                LogicalDisk::mount()
                0x00000000c0015c3a                LogicalDisk::unmount()
                0x00000000c0015c4a                LogicalDisk::unassignDriveLetter()
                0x00000000c0015ca0                LogicalDisk::read(unsigned long long, int, void*)
                0x00000000c0015d0c                LogicalDisk::write(unsigned long long, int, void*)
 .text          0x00000000c0015d78       0x84 hal/mouse.32
                0x00000000c0015d78                Mouse::Mouse(char const*)
                0x00000000c0015d78                Mouse::Mouse(char const*)
                0x00000000c0015dae                Mouse::~Mouse()
                0x00000000c0015dae                Mouse::~Mouse()
                0x00000000c0015dd2                Mouse::~Mouse()
 .text          0x00000000c0015dfc      0x339 hal/partition.32
                0x00000000c0015dfc                makePartition(PhysicalDisk*, unsigned long long, unsigned long long)
                0x00000000c0015ea4                createPartitionsForDisk(PhysicalDisk*)
 *fill*         0x00000000c0016135        0x1 
 .text          0x00000000c0016136       0x84 hal/serial.32
                0x00000000c0016136                Serial::Serial(char const*)
                0x00000000c0016136                Serial::Serial(char const*)
                0x00000000c001616c                Serial::~Serial()
                0x00000000c001616c                Serial::~Serial()
                0x00000000c0016190                Serial::~Serial()
 .text          0x00000000c00161ba      0x2b8 hal/timer.32
                0x00000000c00161ba                Timer::Timer(char const*)
                0x00000000c00161ba                Timer::Timer(char const*)
                0x00000000c00161f0                Timer::~Timer()
                0x00000000c00161f0                Timer::~Timer()
                0x00000000c0016214                Timer::~Timer()
                0x00000000c001623e                Timer::read()
                0x00000000c0016249                timerHandler(unsigned long long)
                0x00000000c0016380                setupTimer(int)
 .text          0x00000000c0016472      0x2db hal/vcache.32
                0x00000000c0016472                VCache::VCache(PhysicalDisk*)
                0x00000000c0016472                VCache::VCache(PhysicalDisk*)
                0x00000000c001656c                VCache::writeWriteBuffer()
                0x00000000c00165a8                VCache::~VCache()
                0x00000000c00165a8                VCache::~VCache()
                0x00000000c00165e8                VCache::~VCache()
                0x00000000c0016610                VCache::write(unsigned long long, int, void*)
                0x00000000c00166f4                VCache::read(unsigned long long, int, void*)
 *fill*         0x00000000c001674d        0x1 
 .text          0x00000000c001674e      0x4cb hal/video.32
                0x00000000c001674e                Video::putrect(int, int, int, int, unsigned int)
                0x00000000c0016798                Video::bitblit(int, int, int, int, int, int, int, unsigned int*)
                0x00000000c0016808                Video::blit(unsigned int*, int, int, int, int)
                0x00000000c0016886                Video::clearScreen(unsigned int)
                0x00000000c00168ba                Video::putpixel(int, int, unsigned int)
                0x00000000c00168c8                Video::Video(char const*)
                0x00000000c00168c8                Video::Video(char const*)
                0x00000000c00168fe                Video::~Video()
                0x00000000c00168fe                Video::~Video()
                0x00000000c0016922                Video::~Video()
                0x00000000c001694c                Video::isMonochrome()
                0x00000000c0016958                Video::getWidth()
                0x00000000c0016964                Video::getHeight()
                0x00000000c0016970                Video::drawCursor(int, int, unsigned char*, int)
                0x00000000c0016a2c                Video::tgaParse(unsigned char*, int, int*, int*)
                0x00000000c0016bae                Video::putTGA(int, int, unsigned char*, int)
 *fill*         0x00000000c0016c19        0x1 
 .text          0x00000000c0016c1a      0xe28 hw/acpi.32
                0x00000000c0016c1a                ACPI::close(int, int, void*)
                0x00000000c0016ccf                findRSDP()
                0x00000000c0016d59                loadACPITables(unsigned char*)
                0x00000000c0016f80                findRSDT(unsigned char*)
                0x00000000c001709e                findDataTable(unsigned char*, char*)
                0x00000000c001713a                scanMADT()
                0x00000000c00175c0                ACPI::ACPI()
                0x00000000c00175c0                ACPI::ACPI()
                0x00000000c0017620                ACPI::getPCIIRQAssignment(unsigned char, unsigned short, unsigned char)
                0x00000000c0017702                ACPI::registerPCIIRQAssignment(void*, unsigned short, unsigned char, unsigned char)
                0x00000000c0017808                ACPI::setScreenBrightnessLevel(void*, int)
                0x00000000c001780e                ACPI::writeSimpleBootFlag(SimpleBootFlagTable*)
                0x00000000c0017856                ACPI::open(int, int, void*)
                0x00000000c0017a2a                ACPI::sleep()
 .text          0x00000000c0017a42     0x1715 hw/cpu.32
                0x00000000c0017a42                CPU::close(int, int, void*)
                0x00000000c0017a46                CPU::lookupAMDName(unsigned char, unsigned char)
                0x00000000c0017bda                CPU::lookupIntelName(unsigned char, unsigned char)
                0x00000000c0017e88                CPU::AMD_K6_write_msr(unsigned int, unsigned int, unsigned int, CPU::REGS*)
                0x00000000c0017ea4                CPU::AMD_K6_read_msr(unsigned int, CPU::REGS*)
                0x00000000c0017ebc                CPU::AMD_K6_writeback(int, int, int)
                0x00000000c0017f30                CPU::cpuid(int, unsigned long*, unsigned long*, unsigned long*, unsigned long*)
                0x00000000c0017fb4                CPU::cpuidCheckEDX(unsigned int)
                0x00000000c0017fe2                CPU::cpuidCheckECX(unsigned int)
                0x00000000c0018010                CPU::cpuidCheckExtendedEBX(unsigned int)
                0x00000000c001803e                CPU::cpuidCheckExtendedECX(unsigned int)
                0x00000000c001806c                CPU::CPU()
                0x00000000c001806c                CPU::CPU()
                0x00000000c00180fa                CPU::displayFeatures()
                0x00000000c0018376                CPU::detectFeatures()
                0x00000000c0018d66                CPU::setupSMEP()
                0x00000000c0018d72                CPU::setupUMIP()
                0x00000000c0018d7c                CPU::setupTSC()
                0x00000000c0018d86                CPU::setupLargePages()
                0x00000000c0018d90                CPU::setupPAT()
                0x00000000c0018dcc                CPU::setupMTRR()
                0x00000000c0018dce                CPU::setupGlobalPages()
                0x00000000c0018dd8                CPU::allowUsermodeDataAccess()
                0x00000000c0018dea                CPU::prohibitUsermodeDataAccess()
                0x00000000c0018dfc                CPU::setupSMAP()
                0x00000000c0018e0a                CPU::setupFeatures()
                0x00000000c0018e8a                CPU::open(int, int, void*)
                0x00000000c0018f5c                CPU::decodeAddress(regs*, int*, bool*, unsigned char*)
 .text          0x00000000c0019157        0x0 hw/ports.32
 .text          0x00000000c0019157      0x32c krnl/panic.32
                0x00000000c0019157                Krnl::panic(char const*)
 .text          0x00000000c0019483      0x513 reg/registry.32
                0x00000000c0019483                Reg::findLineFromLoadedData(char*, char*, char*)
                0x00000000c00195db                Reg::getLineFromRegistry(char*, char*, char*, char*)
                0x00000000c0019730                Reg::getLine(char*, char*, char*)
                0x00000000c0019767                Reg::readInt(char*, char*, int*)
                0x00000000c0019852                Reg::readString(char*, char*, char*, int)
                0x00000000c00198d3                Reg::readBool(char*, char*, bool*)
                0x00000000c00198f8                Reg::readBoolWithDefault(char*, char*, bool)
                0x00000000c0019924                Reg::readIntWithDefault(char*, char*, int)
                0x00000000c0019950                Reg::readStringWithDefault(char*, char*, char*, int, char*)
 .text          0x00000000c0019996       0x18 sys/sc_exit.32
                0x00000000c0019996                Sys::exit(regs*)
 .text          0x00000000c00199ae       0x1f sys/sc_getcwd.32
                0x00000000c00199ae                Sys::getCwd(regs*)
 .text          0x00000000c00199cd        0xc sys/sc_getpid.32
                0x00000000c00199cd                Sys::getPID(regs*)
 .text          0x00000000c00199d9       0xa8 sys/sc_loaddll.32
                0x00000000c00199d9                Sys::loadDLL(regs*)
 .text          0x00000000c0019a81       0x68 sys/sc_read.32
                0x00000000c0019a81                Sys::read(regs*)
 .text          0x00000000c0019ae9       0x55 sys/sc_sbrk.32
                0x00000000c0019ae9                Sys::sbrk(regs*)
 .text          0x00000000c0019b3e       0x1c sys/sc_setcwd.32
                0x00000000c0019b3e                Sys::setCwd(regs*)
 .text          0x00000000c0019b5a       0x68 sys/sc_write.32
                0x00000000c0019b5a                Sys::write(regs*)
 .text          0x00000000c0019bc2       0x3b sys/sc_yield.32
                0x00000000c0019bc2                Sys::yield(regs*)
 .text          0x00000000c0019bfd      0xfaf sys/syscalls.32
                0x00000000c0019bfd                sysCallSeekDir(regs*)
                0x00000000c0019c02                sysCallTellDir(regs*)
                0x00000000c0019c07                sysCallVerify(regs*)
                0x00000000c0019c11                sysCallGetArgc(regs*)
                0x00000000c0019c21                sysFormatDisk(regs*)
                0x00000000c0019c8b                sysSetDiskVolumeLabel(regs*)
                0x00000000c0019cd1                sysGetDiskVolumeLabel(regs*)
                0x00000000c0019d22                sysShutdown(regs*)
                0x00000000c0019d80                sysCallRealpath(regs*)
                0x00000000c0019dc3                sysCallReadDir(regs*)
                0x00000000c0019e51                sysCallIsATTY(regs*)
                0x00000000c0019eab                sysCallSeek(regs*)
                0x00000000c0019f14                sysCallTell(regs*)
                0x00000000c0019f91                sysCallSize(regs*)
                0x00000000c001a014                sysCallSizeFromFilename(regs*)
                0x00000000c001a0d4                sysCallClose(regs*)
                0x00000000c001a15c                sysCallOpenDir(regs*)
                0x00000000c001a1d1                sysCallCloseDir(regs*)
                0x00000000c001a237                sysCallMakeDir(regs*)
                0x00000000c001a2a7                sysCallWait(regs*)
                0x00000000c001a2c1                sysCallNotImpl(regs*)
                0x00000000c001a2dc                sysPanic(regs*)
                0x00000000c001a302                sysCallRmdir(regs*)
                0x00000000c001a366                sysCallUnlink(regs*)
                0x00000000c001a3ca                sysCallGetArgv(regs*)
                0x00000000c001a416                sysCallTTYName(regs*)
                0x00000000c001a499                sysCallGetEnv(regs*)
                0x00000000c001a4eb                sysCallUSleep(regs*)
                0x00000000c001a512                sysCallSpawn(regs*)
                0x00000000c001a56a                sysAppSettings(regs*)
                0x00000000c001a689                sysSetFatAttrib(regs*)
                0x00000000c001a6fb                sysPipe(regs*)
                0x00000000c001a740                sysGetUnixTime(regs*)
                0x00000000c001a754                string_ends_with(char const*, char const*)
                0x00000000c001a79c                sysCallOpen(regs*)
                0x00000000c001a9b1                setupSystemCalls()
                0x00000000c001ab6a                systemCall(regs*, void*)
 .text          0x00000000c001abac     0x11ee thr/elf.32
                0x00000000c001abac                Thr::allocateMemoryForTask(Process*, File*, unsigned long, unsigned long, unsigned long)
                0x00000000c001ae29                Thr::loadProgramIntoMemory(Process*, char const*)
                0x00000000c001b03f                Thr::runtimeReferenceHelper()
                0x00000000c001b052                Thr::getAddressOfKernelSymbol(char const*)
                0x00000000c001b0a1                Thr::loadKernelSymbolTable(char const*)
                0x00000000c001b35d                Thr::loadDriverIntoMemory(char const*, unsigned long, bool)
                0x00000000c001bade                Thr::getDriverBaseFromAddress(unsigned long)
                0x00000000c001bb10                Thr::getDriverNameFromAddress(unsigned long)
                0x00000000c001bb47                Thr::getDriverOffsetFromAddress(unsigned long)
                0x00000000c001bb61                Thr::loadDLL(char const*, bool)
                0x00000000c001bd70                Thr::executeDLL(unsigned long, void*)
 .text          0x00000000c001bd9a      0xff8 thr/prcssthr.32
                0x00000000c001bd9a                changeTSS
                0x00000000c001bdca                Process::addArgs(char**)
                0x00000000c001be24                Process::Process(char const*, Process*, char**)
                0x00000000c001be24                Process::Process(char const*, Process*, char**)
                0x00000000c001bfec                Process::Process(bool, char const*, Process*, char**)
                0x00000000c001bfec                Process::Process(bool, char const*, Process*, char**)
                0x00000000c001c180                disableIRQs()
                0x00000000c001c188                getIRQNestingLevel()
                0x00000000c001c18e                enableIRQs()
                0x00000000c001c19d                lockScheduler()
                0x00000000c001c19f                unlockScheduler()
                0x00000000c001c1a1                userModeEntryPoint(void*)
                0x00000000c001c1c4                lockStuff()
                0x00000000c001c1d0                taskStartupFunction
                0x00000000c001c1d9                updateTimeUsed()
                0x00000000c001c23e                switchToThread(ThreadControlBlock*)
                0x00000000c001c28e                Semaphore::Semaphore(int)
                0x00000000c001c28e                Semaphore::Semaphore(int)
                0x00000000c001c2bc                Mutex::Mutex()
                0x00000000c001c2bc                Mutex::Mutex()
                0x00000000c001c2ce                Process::createThread(void (*)(void*), void*, int)
                0x00000000c001c3b2                Process::createUserThread()
                0x00000000c001c3ce                setupMultitasking(void (*)())
                0x00000000c001c4d8                schedule()
                0x00000000c001c55d                unlockStuff()
                0x00000000c001c592                Semaphore::tryAcquire()
                0x00000000c001c5c0                Semaphore::assertLocked(char const*)
                0x00000000c001c5f0                blockTaskWithSchedulerLockAlreadyHeld(TaskState)
                0x00000000c001c632                blockTask(TaskState)
                0x00000000c001c653                waitTask(int, int*, int)
                0x00000000c001c695                nanoSleepUntil(unsigned long long)
                0x00000000c001c6ec                nanoSleep(unsigned long long)
                0x00000000c001c701                sleep(unsigned long long)
                0x00000000c001c71e                Semaphore::acquire()
                0x00000000c001c786                taskReturned
                0x00000000c001c7b4                unblockTask(ThreadControlBlock*)
                0x00000000c001c863                cleanupTerminatedTask(ThreadControlBlock*)
                0x00000000c001cb07                cleanerTaskFunction(void*)
                0x00000000c001cbba                terminateTask(int)
                0x00000000c001cc9a                Thr::terminateFromIRQ(int)
                0x00000000c001cca6                Semaphore::release()
 .text          0x00000000c001cd92      0xc55 vm86/vm8086.32
                0x00000000c001cd92                Vm::inbv(unsigned short)
                0x00000000c001cdb0                Vm::outbv(unsigned short, unsigned char)
                0x00000000c001cdda                Vm::realToLinear(unsigned short, unsigned short)
                0x00000000c001cdea                Vm::getSegment(unsigned int)
                0x00000000c001cdf2                Vm::getOffset(unsigned int)
                0x00000000c001cdf7                Vm::mainloop2()
                0x00000000c001ce4a                Vm::mainVm8086Loop(void*)
                0x00000000c001ce61                Vm::mainloop3(unsigned long)
                0x00000000c001ce9a                Vm::initialise8086()
                0x00000000c001cef2                Vm::finish8086()
                0x00000000c001cf5b                Vm::start8086(char const*, unsigned short, unsigned short, unsigned short, unsigned short)
                0x00000000c001d0c7                Vm::doISR(regs*, int, unsigned char*, unsigned short, unsigned short)
                0x00000000c001d151                Vm::readByteFromReal(unsigned short, unsigned short)
                0x00000000c001d162                Vm::readWordFromReal(unsigned short, unsigned short)
                0x00000000c001d174                Vm::readDwordFromReal(unsigned short, unsigned short)
                0x00000000c001d185                Vm::writeByteFromReal(unsigned short, unsigned short, unsigned char)
                0x00000000c001d19a                Vm::writeWordFromReal(unsigned short, unsigned short, unsigned short)
                0x00000000c001d1b0                Vm::writeDwordFromReal(unsigned short, unsigned short, unsigned int)
                0x00000000c001d1c5                Vm::faultHandler(regs*)
 .text          0x00000000c001d9e7      0xefd vm86/x87em.32
                0x00000000c001d9e7                Vm::fpuInternalTo32(unsigned long long)
                0x00000000c001da42                Vm::fpuInternalTo64(unsigned long long)
                0x00000000c001da4b                Vm::fpu32ToInternal(unsigned int)
                0x00000000c001da90                Vm::fpu64ToInternal(unsigned long long)
                0x00000000c001da99                Vm::fpuFloatToLong(unsigned long long)
                0x00000000c001daf4                Vm::fpuULongToFloat(unsigned long long)
                0x00000000c001db2a                Vm::fpuLongToFloat(long long)
                0x00000000c001db80                Vm::fpuGet0()
                0x00000000c001db85                Vm::fpuGet1()
                0x00000000c001db8d                Vm::fpuGetPi()
                0x00000000c001db95                Vm::fpuGetLog2E()
                0x00000000c001dbad                Vm::fpuGetLogE2()
                0x00000000c001dbc5                Vm::fpuGetLog210()
                0x00000000c001dbdd                Vm::fpuGetLog102()
                0x00000000c001dbf5                Vm::fpuIsSecondLarger(unsigned long long, unsigned long long)
                0x00000000c001dc09                Vm::fpuAreEqual(unsigned long long, unsigned long long)
                0x00000000c001dc1f                Vm::fpuUnorderedCompare(unsigned long long, unsigned long long)
                0x00000000c001dc72                Vm::fpuAdd(unsigned long long, unsigned long long)
                0x00000000c001dc83                Vm::fpuAbs(unsigned long long)
                0x00000000c001dc8c                Vm::fpuChs(unsigned long long)
                0x00000000c001dc9c                Vm::fpuSub(unsigned long long, unsigned long long)
                0x00000000c001dcab                Vm::fpuMultiply(unsigned long long, unsigned long long)
                0x00000000c001dcca                Vm::fpuDivide(unsigned long long, unsigned long long)
                0x00000000c001dce6                Vm::fpuSquare(unsigned long long)
                0x00000000c001dcfc                Vm::fpuGetReg(int)
                0x00000000c001dd3f                Vm::fpuSetReg(int, unsigned long long)
                0x00000000c001dd8a                Vm::fpuPush(unsigned long long)
                0x00000000c001dde7                Vm::fpuPop()
                0x00000000c001de39                Vm::x87Handler(regs*)
 .text          0x00000000c001e8e4     0x10ed fs/fat/vfslink.32
                0x00000000c001e8e4                FAT::getName()
                0x00000000c001e8ea                FAT::tell(void*, unsigned long long*)
                0x00000000c001e91e                FAT::stat(void*, unsigned long long*)
                0x00000000c001e952                FAT::~FAT()
                0x00000000c001e952                FAT::~FAT()
                0x00000000c001e976                FAT::~FAT()
                0x00000000c001e99e                FAT::getlabel(LogicalDisk*, int, char*, unsigned int*)
                0x00000000c001ea3c                FAT::setlabel(LogicalDisk*, int, char*)
                0x00000000c001eaf6                FAT::format(LogicalDisk*, int, char const*, int)
                0x00000000c001ecda                FAT::tryMount(LogicalDisk*, int)
                0x00000000c001eee0                FAT::readDir(void*, unsigned long, void*, int*)
                0x00000000c001efe6                FAT::read(void*, unsigned long, void*, int*)
                0x00000000c001f040                FAT::write(void*, unsigned long, void*, int*)
                0x00000000c001f09a                FAT::close(void*)
                0x00000000c001f0e6                FAT::closeDir(void*)
                0x00000000c001f132                FAT::seek(void*, unsigned long long)
                0x00000000c001f186                fatWrapperReadDisk
                0x00000000c001f1cd                fatWrapperWriteDisk
                0x00000000c001f214                fatWrapperIoctl
                0x00000000c001f318                FAT::FAT()
                0x00000000c001f318                FAT::FAT()
                0x00000000c001f36a                FAT::fixFilepath(char*)
                0x00000000c001f3a2                FAT::open(char const*, void**, FileOpenMode)
                0x00000000c001f4ca                FAT::openDir(char const*, void**)
                0x00000000c001f570                FAT::stat(char const*, unsigned long long*, bool*)
                0x00000000c001f65a                FAT::unlink(char const*)
                0x00000000c001f6d4                FAT::chfatattr(char const*, unsigned char, unsigned char)
                0x00000000c001f828                FAT::rename(char const*, char const*)
                0x00000000c001f8ec                FAT::mkdir(char const*)
                0x00000000c001f966                FAT::exists(char const*)
 *fill*         0x00000000c001f9d1        0x1 
 .text          0x00000000c001f9d2      0xbdf fs/iso9660/vfslink.32
                0x00000000c001f9d2                ISO9660::format(LogicalDisk*, int, char const*, int)
                0x00000000c001f9d8                ISO9660::seek(void*, unsigned long long)
                0x00000000c001fa08                ISO9660::tell(void*, unsigned long long*)
                0x00000000c001fa2c                ISO9660::getName()
                0x00000000c001fa32                ISO9660::stat(void*, unsigned long long*)
                0x00000000c001fa56                ISO9660::chfatattr(char const*, unsigned char, unsigned char)
                0x00000000c001fa5c                ISO9660::unlink(char const*)
                0x00000000c001fa62                ISO9660::write(void*, unsigned long, void*, int*)
                0x00000000c001fa68                ISO9660::rename(char const*, char const*)
                0x00000000c001fa6e                ISO9660::mkdir(char const*)
                0x00000000c001fa74                ISO9660::close(void*)
                0x00000000c001fa96                ISO9660::closeDir(void*)
                0x00000000c001fab8                ISO9660::~ISO9660()
                0x00000000c001fab8                ISO9660::~ISO9660()
                0x00000000c001fadc                ISO9660::~ISO9660()
                0x00000000c001fb03                __memmem(unsigned char*, int, unsigned char*, int)
                0x00000000c001fb45                readSectorFromCDROM(unsigned int, unsigned char*, char)
                0x00000000c001fbac                ISO9660::tryMount(LogicalDisk*, int)
                0x00000000c001fbfc                ISO9660::read(void*, unsigned long, void*, int*)
                0x00000000c001fe40                ISO9660::readDir(void*, unsigned long, void*, int*)
                0x00000000c00200cd                readRoot(unsigned int*, unsigned int*, char)
                0x00000000c0020122                readRecursively(char*, unsigned int, unsigned int, unsigned int*, unsigned int*, char, int*)
                0x00000000c00202f5                getFileData(char*, unsigned int*, unsigned int*, char, int*)
                0x00000000c0020384                ISO9660::open(char const*, void**, FileOpenMode)
                0x00000000c002041e                ISO9660::exists(char const*)
                0x00000000c0020442                ISO9660::stat(char const*, unsigned long long*, bool*)
                0x00000000c00204d6                ISO9660::openDir(char const*, void**)
                0x00000000c002058e                ISO9660::ISO9660()
                0x00000000c002058e                ISO9660::ISO9660()
 *fill*         0x00000000c00205b1        0x1 
 .text          0x00000000c00205b2      0x326 hal/sound/sndchannel.32
                0x00000000c00205b2                SoundChannel::~SoundChannel()
                0x00000000c00205b2                SoundChannel::~SoundChannel()
                0x00000000c00205ce                SoundChannel::setSpeed(float)
                0x00000000c00205da                SoundChannel::getSpeed()
                0x00000000c00205e2                SoundChannel::setVolume(int)
                0x00000000c00205fe                SoundChannel::getVolume()
                0x00000000c0020606                SoundChannel::pause()
                0x00000000c0020610                SoundChannel::SoundChannel(int, int, int, int)
                0x00000000c0020610                SoundChannel::SoundChannel(int, int, int, int)
                0x00000000c0020766                SoundChannel::play()
                0x00000000c0020770                SoundChannel::paused()
                0x00000000c0020778                SoundChannel::getSampleRate()
                0x00000000c0020780                SoundChannel::getBits()
                0x00000000c0020788                SoundChannel::getBufferUsed()
                0x00000000c0020790                SoundChannel::getBufferSize()
                0x00000000c0020798                SoundChannel::unbuffer(float*, int, int)
                0x00000000c0020838                SoundChannel::buffer8(unsigned char*, int)
 .text          0x00000000c00208d8      0x3d5 hal/sound/sndhw.32
                0x00000000c00208d8                SoundDevice::SoundDevice(char const*)
                0x00000000c00208d8                SoundDevice::SoundDevice(char const*)
                0x00000000c0020944                SoundDevice::~SoundDevice()
                0x00000000c0020944                SoundDevice::~SoundDevice()
                0x00000000c00209be                SoundDevice::~SoundDevice()
                0x00000000c00209e8                SoundDevice::getFreeChannelNum()
                0x00000000c0020a02                SoundDevice::addChannel(SoundChannel*)
                0x00000000c0020a72                SoundDevice::removeChannel(int)
                0x00000000c0020aa4                SoundDevice::floatTo8(float*, unsigned char*, int)
                0x00000000c0020b8c                SoundDevice::getAudio(int, float*, float*)
 .text          0x00000000c0020cad        0x0 hw/bus/isa.32
 *fill*         0x00000000c0020cad        0x1 
 .text          0x00000000c0020cae      0x6c3 hw/bus/pci.32
                0x00000000c0020cae                PCI::open(int, int, void*)
                0x00000000c0020cc2                PCI::close(int, int, void*)
                0x00000000c0020cc6                PCI::PCI()
                0x00000000c0020cc6                PCI::PCI()
                0x00000000c0020d46                PCI::pciReadWord(unsigned char, unsigned char, unsigned char, unsigned char)
                0x00000000c0020d8e                PCI::getVendorID(unsigned char, unsigned char, unsigned char)
                0x00000000c0020db0                PCI::getHeaderType(unsigned char, unsigned char, unsigned char)
                0x00000000c0020dd4                PCI::getClassCode(unsigned char, unsigned char, unsigned char)
                0x00000000c0020e18                PCI::getProgIF(unsigned char, unsigned char, unsigned char)
                0x00000000c0020e3c                PCI::getRevisionID(unsigned char, unsigned char, unsigned char)
                0x00000000c0020e5e                PCI::getInterruptNumber(unsigned char, unsigned char, unsigned char)
                0x00000000c0020e80                PCI::getSecondaryBus(unsigned char, unsigned char, unsigned char)
                0x00000000c0020ea4                PCI::getBARAddress(unsigned char, unsigned char, unsigned char, unsigned char)
                0x00000000c0020f04                PCI::pciWriteWord(unsigned char, unsigned char, unsigned char, unsigned char, unsigned short)
                0x00000000c0020f70                PCI::checkBus(unsigned char)
                0x00000000c0020f94                PCI::foundDevice(PCIDeviceInfo)
                0x00000000c0021106                PCI::getDeviceData(unsigned char, unsigned char, unsigned char)
                0x00000000c00212b2                PCI::checkDevice(unsigned char, unsigned char)
                0x00000000c002131e                PCI::detect()
 *fill*         0x00000000c0021371        0x1 
 .text          0x00000000c0021372      0xc70 hw/diskctrl/ide.32
                0x00000000c0021372                IDE::close(int, int, void*)
                0x00000000c0021376                IDE::IDE()
                0x00000000c0021376                IDE::IDE()
                0x00000000c00213aa                IDE::prepareInterrupt(unsigned char)
                0x00000000c00213bc                selectDrive(unsigned char, unsigned char)
                0x00000000c00213be                IDE::getBase(unsigned char)
                0x00000000c00213d0                IDE::write(unsigned char, unsigned char, unsigned char)
                0x00000000c0021490                IDE::read(unsigned char, unsigned char)
                0x00000000c002153e                IDE::waitInterrupt(unsigned char)
                0x00000000c00215a4                ideChannel0IRQHandler(regs*, void*)
                0x00000000c00215c0                ideChannel1IRQHandler(regs*, void*)
                0x00000000c00215dc                IDE::enableIRQs(unsigned char, bool)
                0x00000000c0021622                IDE::open(int, int, void*)
                0x00000000c0021a32                IDE::readBuffer(unsigned char, unsigned char, unsigned int, unsigned int)
                0x00000000c0021afe                IDE::detect()
                0x00000000c0021de6                IDE::printError(unsigned char, unsigned char, unsigned char)
                0x00000000c0021f7c                IDE::polling(unsigned char, unsigned int)
 .text          0x00000000c0021fe2      0x37a hw/diskctrl/satabus.32
                0x00000000c0021fe2                SATABus::close(int, int, void*)
                0x00000000c0021fe6                SATABus::detect()
                0x00000000c0021fe8                SATABus::SATABus()
                0x00000000c0021fe8                SATABus::SATABus()
                0x00000000c0022094                SATABus::findCmdslot(SATABus::tagHBA_PORT volatile*)
                0x00000000c00220dc                SATABus::checkType(SATABus::tagHBA_PORT volatile*)
                0x00000000c0022124                SATABus::startCmd(SATABus::tagHBA_PORT volatile*)
                0x00000000c0022144                SATABus::stopCmd(SATABus::tagHBA_PORT volatile*)
                0x00000000c002216e                SATABus::portRebase(SATABus::tagHBA_PORT volatile*, int)
                0x00000000c0022274                SATABus::probePort(SATABus::tagHBA_MEM volatile*)
                0x00000000c002233c                SATABus::open(int, int, void*)
 .text          0x00000000c002235c      0x62b hw/diskphys/ata.32
                0x00000000c002235c                ATA::close(int, int, void*)
                0x00000000c0022380                ATA::powerSaving(PowerSavingLevel)
                0x00000000c0022382                ATA::ATA()
                0x00000000c0022382                ATA::ATA()
                0x00000000c00223b0                ATA::flush(bool)
                0x00000000c00223fa                ATA::readyForCommand()
                0x00000000c002244a                ATA::access(unsigned long long, int, void*, bool)
                0x00000000c00227c8                ATA::read(unsigned long long, int, void*)
                0x00000000c0022830                ATA::write(unsigned long long, int, void*)
                0x00000000c0022898                ATA::detectCHS()
                0x00000000c00228c2                ATA::open(int, int, void*)
 *fill*         0x00000000c0022987        0x1 
 .text          0x00000000c0022988      0x5b3 hw/diskphys/atapi.32
                0x00000000c0022988                ATAPI::write(unsigned long long, int, void*)
                0x00000000c002298e                ATAPI::close(int, int, void*)
                0x00000000c00229b2                ATAPI::ATAPI()
                0x00000000c00229b2                ATAPI::ATAPI()
                0x00000000c00229e0                ATAPI::readyForCommand()
                0x00000000c0022a30                ATAPI::sendPacket(unsigned char*, int, bool, unsigned short*, int)
                0x00000000c0022cf0                ATAPI::diskRemoved()
                0x00000000c0022d0c                ATAPI::eject()
                0x00000000c0022d52                ATAPI::diskInserted()
                0x00000000c0022d80                ATAPI::detectMedia()
                0x00000000c0022e3c                ATAPI::open(int, int, void*)
                0x00000000c0022ebc                ATAPI::read(unsigned long long, int, void*)
 *fill*         0x00000000c0022f3b        0x1 
 .text          0x00000000c0022f3c      0x414 hw/diskphys/sata.32
                0x00000000c0022f3c                SATA::close(int, int, void*)
                0x00000000c0022f60                SATA::powerSaving(PowerSavingLevel)
                0x00000000c0022f62                SATA::open(int, int, void*)
                0x00000000c0022fbe                SATA::SATA()
                0x00000000c0022fbe                SATA::SATA()
                0x00000000c0022fec                SATA::access(unsigned long long, int, void*, bool)
                0x00000000c0023280                SATA::read(unsigned long long, int, void*)
                0x00000000c00232e8                SATA::write(unsigned long long, int, void*)
 .text          0x00000000c0023350       0x8e hw/fpu/avx.32
                0x00000000c0023350                AVX::open(int, int, void*)
                0x00000000c0023362                AVX::close(int, int, void*)
                0x00000000c0023374                AVX::available()
                0x00000000c0023386                AVX::save(void*)
                0x00000000c002339e                AVX::load(void*)
                0x00000000c00233b6                AVX::AVX()
                0x00000000c00233b6                AVX::AVX()
 .text          0x00000000c00233de       0x90 hw/fpu/mmx.32
                0x00000000c00233de                MMX::available()
                0x00000000c00233f2                MMX::open(int, int, void*)
                0x00000000c0023404                MMX::close(int, int, void*)
                0x00000000c0023416                MMX::save(void*)
                0x00000000c002342e                MMX::load(void*)
                0x00000000c0023446                MMX::MMX()
                0x00000000c0023446                MMX::MMX()
 .text          0x00000000c002346e       0x96 hw/fpu/sse.32
                0x00000000c002346e                SSE::open(int, int, void*)
                0x00000000c0023480                SSE::close(int, int, void*)
                0x00000000c0023492                SSE::available()
                0x00000000c00234ac                SSE::save(void*)
                0x00000000c00234c4                SSE::load(void*)
                0x00000000c00234dc                SSE::SSE()
                0x00000000c00234dc                SSE::SSE()
 .text          0x00000000c0023504       0x8e hw/fpu/x87.32
                0x00000000c0023504                x87::open(int, int, void*)
                0x00000000c0023516                x87::close(int, int, void*)
                0x00000000c0023528                x87::available()
                0x00000000c002353a                x87::save(void*)
                0x00000000c0023552                x87::load(void*)
                0x00000000c002356a                x87::x87()
                0x00000000c002356a                x87::x87()
 .text          0x00000000c0023592      0x71e hw/intctrl/apic.32
                0x00000000c0023592                APIC::disable()
                0x00000000c0023594                APIC::close(int, int, void*)
                0x00000000c00235b6                IOAPIC::close(int, int, void*)
                0x00000000c00235bc                APIC::io_wait()
                0x00000000c00235c2                APIC::getBase()
                0x00000000c0023604                APIC::eoi(unsigned char)
                0x00000000c0023632                APIC::open(int, int, void*)
                0x00000000c0023780                IOAPIC::IOAPIC()
                0x00000000c0023780                IOAPIC::IOAPIC()
                0x00000000c00237a8                APIC::APIC()
                0x00000000c00237a8                APIC::APIC()
                0x00000000c0023884                IOAPIC::handlesGSIWithNumber(unsigned int)
                0x00000000c00238b6                IOAPIC::read(int)
                0x00000000c00238de                IOAPIC::open(int, int, void*)
                0x00000000c00239d4                IOAPIC::write(int, int)
                0x00000000c0023a00                IOAPIC::redirect(unsigned char, unsigned long long, unsigned char, bool, bool)
                0x00000000c0023afa                APIC::installIRQHandler(int, void (*)(regs*, void*), bool, void*)
 .text          0x00000000c0023cb0      0x3d3 hw/intctrl/pic.32
                0x00000000c0023cb0                PIC::disable()
                0x00000000c0023cde                PIC::close(int, int, void*)
                0x00000000c0023d00                PIC::PIC()
                0x00000000c0023d00                PIC::PIC()
                0x00000000c0023dd6                PIC::ioWait()
                0x00000000c0023ddc                PIC::getIRQReg(int)
                0x00000000c0023e46                PIC::eoi(unsigned char)
                0x00000000c0023ed8                PIC::remap()
                0x00000000c0024044                PIC::open(int, int, void*)
 *fill*         0x00000000c0024083        0x1 
 .text          0x00000000c0024084      0x25e hw/timer/apictimer.32
                0x00000000c0024084                APICTimer::close(int, int, void*)
                0x00000000c002408a                apicTimerHandler(regs*, void*)
                0x00000000c00240b8                APICTimer::write(int)
                0x00000000c00241bc                APICTimer::open(int, int, void*)
                0x00000000c00242ba                APICTimer::APICTimer()
                0x00000000c00242ba                APICTimer::APICTimer()
 .text          0x00000000c00242e2      0x1a7 hw/timer/pit.32
                0x00000000c00242e2                PIT::write(int)
                0x00000000c0024360                pitHandler(regs*, void*)
                0x00000000c002438c                PIT::open(int, int, void*)
                0x00000000c00243da                PIT::close(int, int, void*)
                0x00000000c002440a                PIT::PIT()
                0x00000000c002440a                PIT::PIT()
 *fill*         0x00000000c0024489        0x7 
 .text          0x00000000c0024490       0x1e hw/fpu/x86/avx.32
                0x00000000c0024490                avxDetect
                0x00000000c0024496                avxSave
                0x00000000c0024497                avxLoad
                0x00000000c0024498                avxInit
                0x00000000c0024499                avxClose
                0x00000000c002449a                wouldSheSayYes
 *fill*         0x00000000c00244ae        0x2 
 .text          0x00000000c00244b0       0x35 hw/fpu/x86/sse.32
                0x00000000c00244b0                absolutelyNoChanceInHell
                0x00000000c00244b0                sseDetect
                0x00000000c00244c8                sseSave
                0x00000000c00244ce                sseLoad
                0x00000000c00244d4                sseInit
                0x00000000c00244e4                sseClose
 *fill*         0x00000000c00244e5        0xb 
 .text          0x00000000c00244f0       0x47 hw/fpu/x86/x87.32
                0x00000000c00244f6                x87Detect
                0x00000000c0024511                x87Save
                0x00000000c0024517                x87Load
                0x00000000c002451c                x87Init
                0x00000000c0024536                x87Close
 *fill*         0x00000000c0024537        0x1 
 .text          0x00000000c0024538       0x25 /cygdrive/d/Users/Alex/Desktop/Toolchain/Output/bin/../lib/gcc/i386-banana/8.1.0/crtend.o
 .text          0x00000000c002455d        0x0 crtn.32
 *fill*         0x00000000c002455d        0x3 
 .text          0x00000000c0024560      0x14b /cygdrive/d/Users/Alex/Desktop/Toolchain/Output/bin/../lib/gcc/i386-banana/8.1.0/libkgcc.a(_divdi3.o)
                0x00000000c0024560                __divdi3
 *fill*         0x00000000c00246ab        0x1 
 .text          0x00000000c00246ac      0x17e /cygdrive/d/Users/Alex/Desktop/Toolchain/Output/bin/../lib/gcc/i386-banana/8.1.0/libkgcc.a(_moddi3.o)
                0x00000000c00246ac                __moddi3
 *fill*         0x00000000c002482a        0x2 
 .text          0x00000000c002482c       0xff /cygdrive/d/Users/Alex/Desktop/Toolchain/Output/bin/../lib/gcc/i386-banana/8.1.0/libkgcc.a(_udivdi3.o)
                0x00000000c002482c                __udivdi3
 *fill*         0x00000000c002492b        0x1 
 .text          0x00000000c002492c      0x11a /cygdrive/d/Users/Alex/Desktop/Toolchain/Output/bin/../lib/gcc/i386-banana/8.1.0/libkgcc.a(_umoddi3.o)
                0x00000000c002492c                __umoddi3
 .text          0x00000000c0024a46      0x96d D:/Users/Alex/Desktop/Banana/kernel/libsoftfp.a(sfieeelib.o)
                0x00000000c0024a46                __addsf3
                0x00000000c0024d48                __subsf3
                0x00000000c0024d5c                __negsf2
                0x00000000c0024d69                __mulsf3
                0x00000000c0024f2c                __divsf3
                0x00000000c0025157                __floatsisf
                0x00000000c00251cb                __floatunsisf
                0x00000000c002520d                __fixsfsi
                0x00000000c002526f                __fixunssfsi
                0x00000000c00252a0                __cmpsf2
                0x00000000c0025335                __eqsf2
                0x00000000c0025370                __nesf2
                0x00000000c0025372                __gtsf2
                0x00000000c00253ad                __gesf2
                0x00000000c00253af                __ltsf2
                0x00000000c00253b1                __lesf2
 .text          0x00000000c00253b3      0xf50 D:/Users/Alex/Desktop/Banana/kernel/libsoftfp.a(dfieeelib.o)
                0x00000000c00253b3                __adddf3
                0x00000000c0025a04                __subdf3
                0x00000000c0025a1f                __negdf2
                0x00000000c0025a30                __muldf3
                0x00000000c0025d14                __divdf3
                0x00000000c0026093                __floatsidf
                0x00000000c00260ee                __floatunsidf
                0x00000000c002612c                __fixdfsi
                0x00000000c0026199                __fixunsdfsi
                0x00000000c00261d5                __cmpdf2
                0x00000000c00262c3                __eqdf2
                0x00000000c00262df                __nedf2
                0x00000000c00262e1                __gtdf2
                0x00000000c00262fd                __gedf2
                0x00000000c00262ff                __ltdf2
                0x00000000c0026301                __ledf2
 .text          0x00000000c0026303      0x18d D:/Users/Alex/Desktop/Banana/kernel/libsoftfp.a(sfdfcvt.o)
                0x00000000c0026303                __truncdfsf2
                0x00000000c0026427                __extendsfdf2
 .text          0x00000000c0026490       0x1e D:/Users/Alex/Desktop/Banana/kernel/libk/libm32.a(s_fabs.c.o)
                0x00000000c0026490                fabs
 *fill*         0x00000000c00264ae        0x2 
 .text          0x00000000c00264b0        0xc D:/Users/Alex/Desktop/Banana/kernel/libk/libm32.a(s_lrint.S.o)
                0x00000000c00264b0                lrint
 .text          0x00000000c00264bc        0xc D:/Users/Alex/Desktop/Banana/kernel/libk/libm32.a(s_lrintf.S.o)
                0x00000000c00264bc                lrintf
 *(.gnu.linkonce.t*)

.iplt           0x00000000c00264c8        0x0
 .iplt          0x00000000c00264c8        0x0 D:/Users/Alex/Desktop/Banana/kernel/boot.32

.init           0x00000000c00264c8        0xf
 .init          0x00000000c00264c8        0x3 crti.32
                0x00000000c00264c8                _init
 .init          0x00000000c00264cb        0x5 /cygdrive/d/Users/Alex/Desktop/Toolchain/Output/bin/../lib/gcc/i386-banana/8.1.0/crtbegin.o
 .init          0x00000000c00264d0        0x5 /cygdrive/d/Users/Alex/Desktop/Toolchain/Output/bin/../lib/gcc/i386-banana/8.1.0/crtend.o
 .init          0x00000000c00264d5        0x2 crtn.32

.fini           0x00000000c00264d7        0xa
 .fini          0x00000000c00264d7        0x3 crti.32
                0x00000000c00264d7                _fini
 .fini          0x00000000c00264da        0x5 /cygdrive/d/Users/Alex/Desktop/Toolchain/Output/bin/../lib/gcc/i386-banana/8.1.0/crtbegin.o
 .fini          0x00000000c00264df        0x2 crtn.32

.text._ZN8ComputerD2Ev
                0x00000000c00264e2       0x23
 .text._ZN8ComputerD2Ev
                0x00000000c00264e2       0x23 core/computer.32
                0x00000000c00264e2                Computer::~Computer()
                0x00000000c00264e2                Computer::~Computer()

.text._ZN8ComputerD0Ev
                0x00000000c0026506       0x2a
 .text._ZN8ComputerD0Ev
                0x00000000c0026506       0x2a core/computer.32
                0x00000000c0026506                Computer::~Computer()

.text._Z10idleCommonv
                0x00000000c0026530       0x15
 .text._Z10idleCommonv
                0x00000000c0026530       0x15 core/idle.32
                0x00000000c0026530                idleCommon()

.text._ZN10LinkedListI8UnixFileED2Ev
                0x00000000c0026546        0x2
 .text._ZN10LinkedListI8UnixFileED2Ev
                0x00000000c0026546        0x2 core/unixfile.32
                0x00000000c0026546                LinkedList<UnixFile>::~LinkedList()
                0x00000000c0026546                LinkedList<UnixFile>::~LinkedList()

.text._ZN10LinkedListI8UnixFileEC2Ev
                0x00000000c0026548       0x58
 .text._ZN10LinkedListI8UnixFileEC2Ev
                0x00000000c0026548       0x58 core/unixfile.32
                0x00000000c0026548                LinkedList<UnixFile>::LinkedList()
                0x00000000c0026548                LinkedList<UnixFile>::LinkedList()

.text._ZN10LinkedListI8UnixFileE10addElementEPS0_
                0x00000000c00265a0       0xd3
 .text._ZN10LinkedListI8UnixFileE10addElementEPS0_
                0x00000000c00265a0       0xd3 core/unixfile.32
                0x00000000c00265a0                LinkedList<UnixFile>::addElement(UnixFile*)

.text._ZN10LinkedListI8UnixFileE15getFirstElementEv
                0x00000000c0026674        0x7
 .text._ZN10LinkedListI8UnixFileE15getFirstElementEv
                0x00000000c0026674        0x7 core/unixfile.32
                0x00000000c0026674                LinkedList<UnixFile>::getFirstElement()

.text._ZN10LinkedListI8UnixFileE11removeFirstEv
                0x00000000c002667c       0xa1
 .text._ZN10LinkedListI8UnixFileE11removeFirstEv
                0x00000000c002667c       0xa1 core/unixfile.32
                0x00000000c002667c                LinkedList<UnixFile>::removeFirst()

.text._ZN10LinkedListI8UnixFileE7getNextEPS0_
                0x00000000c002671e        0x8
 .text._ZN10LinkedListI8UnixFileE7getNextEPS0_
                0x00000000c002671e        0x8 core/unixfile.32
                0x00000000c002671e                LinkedList<UnixFile>::getNext(UnixFile*)

.text._ZN16DriverlessDeviceD2Ev
                0x00000000c0026726       0x1a
 .text._ZN16DriverlessDeviceD2Ev
                0x00000000c0026726       0x1a hal/device.32
                0x00000000c0026726                DriverlessDevice::~DriverlessDevice()