Archive member included to satisfy reference by file (symbol)

/cygdrive/d/Users/Alex/Desktop/Toolchain/Output/bin/../lib/gcc/i386-banana/8.1.0/libkgcc.a(_divdi3.o)
                              fs/fat/ff.32 (__divdi3)
/cygdrive/d/Users/Alex/Desktop/Toolchain/Output/bin/../lib/gcc/i386-banana/8.1.0/libkgcc.a(_moddi3.o)
                              compat/resolve.32 (__moddi3)
/cygdrive/d/Users/Alex/Desktop/Toolchain/Output/bin/../lib/gcc/i386-banana/8.1.0/libkgcc.a(_udivdi3.o)
                              fs/fat/ff.32 (__udivdi3)
/cygdrive/d/Users/Alex/Desktop/Toolchain/Output/bin/../lib/gcc/i386-banana/8.1.0/libkgcc.a(_umoddi3.o)
                              compat/resolve.32 (__umoddi3)

Discarded input sections

 .comment       0x0000000000000000       0x12 /cygdrive/d/Users/Alex/Desktop/Toolchain/Output/bin/../lib/gcc/i386-banana/8.1.0/crtbegin.o
 .comment       0x0000000000000000       0x12 acpica/utclib.32
 .comment       0x0000000000000000       0x12 core/malloc.32
 .comment       0x0000000000000000       0x12 libk/string.32
 .comment       0x0000000000000000       0x12 fs/fat/diskio.32
 .comment       0x0000000000000000       0x12 fs/fat/ff.32
 .comment       0x0000000000000000       0x12 fs/fat/ffsystem.32
 .comment       0x0000000000000000       0x12 fs/fat/ffunicode.32
 .comment       0x0000000000000000       0x12 compat/inlines.32
 .comment       0x0000000000000000       0x12 compat/resolve.32
 .group         0x0000000000000000       0x14 core/computer.32
 .group         0x0000000000000000        0xc core/computer.32
 .comment       0x0000000000000000       0x12 core/computer.32
 .comment       0x0000000000000000       0x12 core/gdt.32
 .group         0x0000000000000000        0xc core/idle.32
 .comment       0x0000000000000000       0x12 core/idle.32
 .comment       0x0000000000000000       0x12 core/idt.32
 .comment       0x0000000000000000       0x12 core/kheap.32
 .comment       0x0000000000000000       0x12 core/main.32
 .comment       0x0000000000000000       0x12 core/physmgr.32
 .group         0x0000000000000000        0xc core/pipe.32
 .comment       0x0000000000000000       0x12 core/pipe.32
 .group         0x0000000000000000        0xc core/terminal.32
 .comment       0x0000000000000000       0x12 core/terminal.32
 .comment       0x0000000000000000       0x12 core/tss.32
 .group         0x0000000000000000        0x8 core/unixfile.32
 .group         0x0000000000000000        0x8 core/unixfile.32
 .group         0x0000000000000000        0xc core/unixfile.32
 .group         0x0000000000000000        0x8 core/unixfile.32
 .group         0x0000000000000000        0xc core/unixfile.32
 .group         0x0000000000000000        0x8 core/unixfile.32
 .group         0x0000000000000000        0xc core/unixfile.32
 .group         0x0000000000000000        0xc core/unixfile.32
 .comment       0x0000000000000000       0x12 core/unixfile.32
 .comment       0x0000000000000000       0x12 core/virtmgr.32
 .comment       0x0000000000000000       0x12 coreobjs/c++.32
 .comment       0x0000000000000000       0x12 dbg/kconsole.32
 .group         0x0000000000000000        0xc fs/vfs.32
 .group         0x0000000000000000        0xc fs/vfs.32
 .group         0x0000000000000000        0xc fs/vfs.32
 .comment       0x0000000000000000       0x12 fs/vfs.32
 .group         0x0000000000000000        0xc hal/bus.32
 .comment       0x0000000000000000       0x12 hal/bus.32
 .group         0x0000000000000000        0xc hal/buzzer.32
 .comment       0x0000000000000000       0x12 hal/buzzer.32
 .group         0x0000000000000000        0xc hal/clock.32
 .comment       0x0000000000000000       0x12 hal/clock.32
 .group         0x0000000000000000       0x14 hal/device.32
 .group         0x0000000000000000        0xc hal/device.32
 .group         0x0000000000000000        0x8 hal/device.32
 .group         0x0000000000000000        0xc hal/device.32
 .group         0x0000000000000000        0xc hal/device.32
 .comment       0x0000000000000000       0x12 hal/device.32
 .group         0x0000000000000000        0xc hal/diskctrl.32
 .comment       0x0000000000000000       0x12 hal/diskctrl.32
 .group         0x0000000000000000        0xc hal/diskphys.32
 .comment       0x0000000000000000       0x12 hal/diskphys.32
 .group         0x0000000000000000        0xc hal/fpu.32
 .comment       0x0000000000000000       0x12 hal/fpu.32
 .group         0x0000000000000000        0xc hal/intctrl.32
 .comment       0x0000000000000000       0x12 hal/intctrl.32
 .group         0x0000000000000000        0xc hal/keybrd.32
 .comment       0x0000000000000000       0x12 hal/keybrd.32
 .group         0x0000000000000000        0xc hal/logidisk.32
 .comment       0x0000000000000000       0x12 hal/logidisk.32
 .group         0x0000000000000000        0xc hal/mouse.32
 .comment       0x0000000000000000       0x12 hal/mouse.32
 .comment       0x0000000000000000       0x12 hal/partition.32
 .group         0x0000000000000000        0xc hal/serial.32
[...]
Memory Configuration

Name             Origin             Length             Attributes
*default*        0x0000000000000000 0xffffffffffffffff

Linker script and memory map

LOAD D:/Users/Alex/Desktop/Banana/kernel/boot.32
LOAD crti.32
LOAD /cygdrive/d/Users/Alex/Desktop/Toolchain/Output/bin/../lib/gcc/i386-banana/8.1.0/crtbegin.o
LOAD D:/Users/Alex/Desktop/Banana/kernel/morenasm.32
LOAD acpica/utclib.32
LOAD core/malloc.32
LOAD libk/string.32
LOAD fs/fat/diskio.32
LOAD fs/fat/ff.32
LOAD fs/fat/ffsystem.32
LOAD fs/fat/ffunicode.32
LOAD compat/inlines.32
LOAD compat/resolve.32
LOAD core/computer.32
LOAD core/gdt.32
LOAD core/idle.32
LOAD core/idt.32
LOAD core/kheap.32
LOAD core/main.32
LOAD core/physmgr.32
LOAD core/pipe.32
LOAD core/terminal.32
LOAD core/tss.32
LOAD core/unixfile.32
LOAD core/virtmgr.32
LOAD coreobjs/c++.32
LOAD dbg/kconsole.32
LOAD fs/vfs.32
LOAD hal/bus.32
LOAD hal/buzzer.32
LOAD hal/clock.32
LOAD hal/device.32
LOAD hal/diskctrl.32
LOAD hal/diskphys.32
LOAD hal/fpu.32
LOAD hal/intctrl.32
LOAD hal/keybrd.32
LOAD hal/logidisk.32
LOAD hal/mouse.32
LOAD hal/partition.32
LOAD hal/serial.32
LOAD hal/timer.32
LOAD hal/vcache.32
LOAD hal/video.32
LOAD hw/acpi.32
LOAD hw/cpu.32
LOAD hw/ports.32
LOAD hw/smp.32
LOAD krnl/env.32
LOAD krnl/panic.32
LOAD net/ethernet.32
LOAD reg/registry.32
LOAD sys/sc_eject.32
LOAD sys/sc_exit.32
LOAD sys/sc_getcwd.32
LOAD sys/sc_getpid.32
LOAD sys/sc_getramdata.32
LOAD sys/sc_getvgaptr.32
LOAD sys/sc_loaddll.32
LOAD sys/sc_read.32
LOAD sys/sc_sbrk.32
LOAD sys/sc_setcwd.32
LOAD sys/sc_settime.32
LOAD sys/sc_timezone.32
LOAD sys/sc_write.32
LOAD sys/sc_wsbe.32
LOAD sys/sc_yield.32
LOAD sys/syscalls.32
LOAD thr/elf.32
LOAD thr/prcssthr.32
LOAD vm86/vm8086.32
LOAD vm86/x87em.32
LOAD fs/fat/vfslink.32
LOAD fs/iso9660/vfslink.32
LOAD hal/sound/sndcard.32
LOAD hal/sound/sndport.32
LOAD hw/bus/isa.32
LOAD hw/bus/pci.32
LOAD hw/diskctrl/ide.32
LOAD hw/diskctrl/satabus.32
LOAD hw/diskphys/ata.32
LOAD hw/diskphys/atapi.32
LOAD hw/diskphys/sata.32
LOAD hw/diskphys/satapi.32
LOAD hw/fpu/avx.32
LOAD hw/fpu/mmx.32
LOAD hw/fpu/sse.32
LOAD hw/fpu/x87.32
LOAD hw/intctrl/apic.32
LOAD hw/intctrl/pic.32
LOAD hw/timer/apictimer.32
LOAD hw/timer/pit.32
LOAD hw/fpu/x86/avx.32
LOAD hw/fpu/x86/sse.32
LOAD hw/fpu/x86/x87.32
LOAD /cygdrive/d/Users/Alex/Desktop/Toolchain/Output/bin/../lib/gcc/i386-banana/8.1.0/crtend.o
LOAD crtn.32
LOAD /cygdrive/d/Users/Alex/Desktop/Toolchain/Output/bin/../lib/gcc/i386-banana/8.1.0/libkgcc.a
LOAD D:/Users/Alex/Desktop/Banana/kernel/libsoftfp.a
LOAD D:/Users/Alex/Desktop/Banana/kernel/libk/libm32.a
                0x00000000c0000000                . = 0xc0000000

.text           0x00000000c0000000    0x2262e
 *(.text)
 .text          0x00000000c0000000       0x41 D:/Users/Alex/Desktop/Banana/kernel/boot.32
                0x00000000c0000020                callGlobalConstructors
 .text          0x00000000c0000041        0x0 crti.32
 *fill*         0x00000000c0000041        0x3 
 .text          0x00000000c0000044      0x101 /cygdrive/d/Users/Alex/Desktop/Toolchain/Output/bin/../lib/gcc/i386-banana/8.1.0/crtbegin.o
 *fill*         0x00000000c0000145        0xb 
 .text          0x00000000c0000150      0x430 D:/Users/Alex/Desktop/Banana/kernel/morenasm.32
                0x00000000c0000150                manualPCIProbe
                0x00000000c000019b                prepareTramp
                0x00000000c00001b4                doTPAUSE
                0x00000000c00001be                hasLegacyFPU
                0x00000000c00001e3                is486
                0x00000000c0000219                detectCPUID
                0x00000000c000022f                goToVM86
                0x00000000c000025f                goToUsermode
                0x00000000c0000289                switchToThreadASMFirstTime
                0x00000000c0000297                switchToThreadASM
                0x00000000c0000327                asmQuickAcquireLock
                0x00000000c0000345                asmQuickReleaseLock
                0x00000000c0000351                asmAcquireLock
                0x00000000c0000372                asmReleaseLock
                0x00000000c0000385                loadGDT
                0x00000000c00003a5                isr0
                0x00000000c00003b5                isr1
                0x00000000c00003bf                isr2
                0x00000000c00003c9                isr3
                0x00000000c00003d3                isr4
                0x00000000c00003dd                isr5
                0x00000000c00003e7                isr6
                0x00000000c00003f1                isr7
                0x00000000c00003fb                isr8
                0x00000000c0000403                isr9
                0x00000000c000040d                isr10
                0x00000000c0000415                isr11
                0x00000000c000041d                isr12
                0x00000000c0000425                isr13
                0x00000000c000042d                isr14
                0x00000000c0000435                isr15
                0x00000000c000043f                isr16
                0x00000000c0000449                isr17
                0x00000000c0000453                isr18
                0x00000000c000045d                irq3
                0x00000000c0000467                irq4
                0x00000000c0000471                irq5
                0x00000000c000047b                irq6
                0x00000000c0000485                irq7
                0x00000000c000048f                irq8
                0x00000000c0000499                irq9
                0x00000000c00004a3                irq10
                0x00000000c00004ad                irq11
                0x00000000c00004b7                irq12
                0x00000000c00004c1                irq13
                0x00000000c00004cb                irq14
                0x00000000c00004d5                irq15
                0x00000000c00004df                irq1
                0x00000000c00004e6                irq2
                0x00000000c00004ed                isr96
                0x00000000c00004f4                irq0
                0x00000000c00004f9                int_common_stub
                0x00000000c00004f9                syscall_common_stub
                0x00000000c000052b                irq16
                0x00000000c0000535                irq17
                0x00000000c000053f                irq18
                0x00000000c0000549                irq19
                0x00000000c0000553                irq20
                0x00000000c000055d                irq21
                0x00000000c0000567                irq22
                0x00000000c0000571                irq23
                0x00000000c000057b                memcpy
 .text          0x00000000c0000580      0x5dd acpica/utclib.32
                0x00000000c0000580                memcmp
                0x00000000c00005bc                memmove
                0x00000000c0000684                memset
                0x00000000c00006a0                strlen
                0x00000000c00006b8                strpbrk
                0x00000000c00006f4                strtok
                0x00000000c0000740                strcpy
                0x00000000c0000764                strncpy
                0x00000000c00007cc                strcmp
                0x00000000c000080c                strchr
                0x00000000c0000830                strncmp
                0x00000000c0000880                strcat
                0x00000000c00008b0                strncat
                0x00000000c00008ec                strstr
                0x00000000c0000934                toupper
                0x00000000c0000948                tolower
                0x00000000c000095c                simple_strtoul
 .text          0x00000000c0000b5d      0xfad core/malloc.32
                0x00000000c0000cc8                dlfree
                0x00000000c0001023                dlmalloc
                0x00000000c0001560                dlrealloc
                0x00000000c0001703                dlmemalign
                0x00000000c0001826                dlcalloc
                0x00000000c00018c0                dlcfree
                0x00000000c00018c5                dlindependent_calloc
                0x00000000c00018ea                dlindependent_comalloc
                0x00000000c0001901                dlvalloc
                0x00000000c000192c                dlpvalloc
                0x00000000c0001962                dlmalloc_trim
                0x00000000c000196f                dlmalloc_usable_size
                0x00000000c00019a0                dlmallinfo
                0x00000000c0001a6f                dlmalloc_stats
                0x00000000c0001a80                dlmallopt
 .text          0x00000000c0001b0a        0x0 libk/string.32
 .text          0x00000000c0001b0a       0x51 fs/fat/diskio.32
                0x00000000c0001b0a                disk_status
                0x00000000c0001b0d                disk_initialize
                0x00000000c0001b10                disk_read
                0x00000000c0001b26                disk_write
                0x00000000c0001b3c                disk_ioctl
 .text          0x00000000c0001b5b     0x6a69 fs/fat/ff.32
                0x00000000c0004e29                f_mount
                0x00000000c0004e8b                f_open
                0x00000000c00052c7                f_read
                0x00000000c0005547                f_write
                0x00000000c0005801                f_sync
                0x00000000c00059dd                f_close
                0x00000000c0005a0c                f_lseek
                0x00000000c0005ec3                f_opendir
                0x00000000c0005fc5                f_closedir
                0x00000000c0005fe7                f_readdir
                0x00000000c0006082                f_stat
                0x00000000c0006111                f_getfree
                0x00000000c00062dc                f_truncate
                0x00000000c00063d4                f_unlink
                0x00000000c0006557                f_mkdir
                0x00000000c0006783                f_rename
                0x00000000c0006a76                f_chmod
                0x00000000c0006b54                f_utime
                0x00000000c0006c32                f_getlabel
                0x00000000c0006e20                f_setlabel
                0x00000000c000708d                f_expand
                0x00000000c00072c3                f_forward
                0x00000000c00074a1                f_mkfs
 .text          0x00000000c00085c4       0x2f fs/fat/ffsystem.32
                0x00000000c00085c4                ff_memalloc
                0x00000000c00085dc                ff_memfree
 *fill*         0x00000000c00085f3        0x1 
 .text          0x00000000c00085f4      0x274 fs/fat/ffunicode.32
                0x00000000c00085f4                ff_uni2oem
                0x00000000c000868c                ff_oem2uni
                0x00000000c0008700                ff_wtoupper
 .text          0x00000000c0008868       0xa7 compat/inlines.32
                0x00000000c0008868                CPU::current()
                0x00000000c0008874                operator new(unsigned long)
                0x00000000c0008879                operator delete(void*)
                0x00000000c000887e                disableIRQs()
                0x00000000c0008886                enableIRQs()
                0x00000000c0008895                lockScheduler()
                0x00000000c000889d                unlockScheduler()
                0x00000000c00088ac                lockStuff()
                0x00000000c00088ba                unlockStuff()
                0x00000000c00088f4                Virt::getAKernelVAS()
                0x00000000c00088fa                __not_memcpy
 *fill*         0x00000000c000890f        0x1 
 .text          0x00000000c0008910      0x118 compat/resolve.32
                0x00000000c0008910                Krnl::resolveCompatibilitySymbol(char*)
 .text          0x00000000c0008a28      0x83b core/computer.32
                0x00000000c0008a28                Computer::close(int, int, void*)
                0x00000000c0008a6c                Krnl::firstTask()
                0x00000000c0008bba                Computer::Computer()
                0x00000000c0008bba                Computer::Computer()
                0x00000000c0008d16                Computer::setBootMessage(char const*)
                0x00000000c0008d18                Computer::detectFeatures()
                0x00000000c0008f22                Computer::displayFeatures()
                0x00000000c0008f24                Computer::rdmsr(unsigned int)
                0x00000000c0008f50                Computer::wrmsr(unsigned int, unsigned long long)
                0x00000000c0008f88                Computer::shutdown()
                0x00000000c0008fa0                Computer::restart()
                0x00000000c0008fb8                Computer::sleep()
                0x00000000c0008fcc                Computer::nmiEnabled()
                0x00000000c0008fd8                Computer::readCMOS(unsigned char)
                0x00000000c0008ff2                Computer::enableNMI(bool)
                0x00000000c000900a                Computer::open(int, int, void*)
                0x00000000c00091a6                Computer::disableNMI()
                0x00000000c00091b4                Computer::writeCMOS(unsigned char, unsigned char)
                0x00000000c00091d2                Computer::handleNMI()
                0x00000000c0009238                Computer::setDiskActivityLight(int, bool)
 *fill*         0x00000000c0009263        0x1 
 .text          0x00000000c0009264      0x19d core/gdt.32
                0x00000000c0009264                GDTEntry::setBase(unsigned int)
                0x00000000c0009280                GDTEntry::setLimit(unsigned int)
                0x00000000c000929e                GDT::GDT()
                0x00000000c000929e                GDT::GDT()
                0x00000000c00092b4                GDT::addEntry(GDTEntry)
                0x00000000c00092d6                GDT::getNumberOfEntries()
                0x00000000c00092de                GDT::flush()
                0x00000000c0009300                GDT::setup()
 .text          0x00000000c0009401       0x6b core/idle.32
                0x00000000c0009401                idleFunction(void*)
 .text          0x00000000c000946c      0x464 core/idt.32
                0x00000000c000946c                IDTEntry::IDTEntry(bool)
                0x00000000c000946c                IDTEntry::IDTEntry(bool)
                0x00000000c00094de                IDTEntry::setOffset(unsigned int)
                0x00000000c00094f4                IDT::IDT()
                0x00000000c00094f4                IDT::IDT()
                0x00000000c00094f6                IDT::getPointerToInvalidOpcodeEntryForF00F()
                0x00000000c00094fe                IDT::addEntry(IDTEntry, int)
                0x00000000c0009518                IDT::addEntry(int, void (*)(), bool)
                0x00000000c0009550                IDT::flush()
                0x00000000c000956a                IDT::setup()
 .text          0x00000000c00098d0      0x191 core/kheap.32
                0x00000000c00098d0                sbrk
                0x00000000c0009973                mmap
                0x00000000c0009989                munmap
                0x00000000c000999f                liballoc_lock()
                0x00000000c00099ac                liballoc_unlock()
                0x00000000c00099c0                liballoc_alloc(int)
                0x00000000c00099d8                liballoc_free(void*, int)
                0x00000000c00099f3                realloc
                0x00000000c0009a07                malloc
                0x00000000c0009a17                free
                0x00000000c0009a27                rfree
                0x00000000c0009a37                calloc
 .text          0x00000000c0009a61      0x437 core/main.32
                0x00000000c0009a61                Krnl::setBootMessage(char const*)
                0x00000000c0009acd                kernel_main
 .text          0x00000000c0009e98      0x673 core/physmgr.32
                0x00000000c0009e98                Phys::allocateDMA(unsigned long)
                0x00000000c0009fa7                Phys::freeDMA(unsigned long, unsigned long)
                0x00000000c0009fed                Phys::setPageState(unsigned long, bool)
                0x00000000c000a01f                Phys::getPageState(unsigned long)
                0x00000000c000a03b                Phys::freePage(unsigned long)
                0x00000000c000a0be                Phys::allocatePage()
                0x00000000c000a1a9                Phys::allocateContiguousPages(int)
                0x00000000c000a205                Phys::allowSegmentToBeUsed(unsigned long, unsigned long)
                0x00000000c000a23d                Phys::physicalMemorySetup(unsigned int)
 *fill*         0x00000000c000a50b        0x1 
 .text          0x00000000c000a50c      0x273 core/pipe.32
                0x00000000c000a50c                Pipe::isAtty()
                0x00000000c000a510                Pipe::~Pipe()
                0x00000000c000a510                Pipe::~Pipe()
                0x00000000c000a534                Pipe::~Pipe()
                0x00000000c000a55c                Pipe::read(unsigned long long, void*, int*)
                0x00000000c000a658                Pipe::write(unsigned long long, void*, int*)
                0x00000000c000a718                Pipe::Pipe(int)
                0x00000000c000a718                Pipe::Pipe(int)
 *fill*         0x00000000c000a77f        0x1 
 .text          0x00000000c000a780      0xb93 core/terminal.32
                0x00000000c000a780                VgaText::isAtty()
                0x00000000c000a784                VgaText::~VgaText()
                0x00000000c000a784                VgaText::~VgaText()
                0x00000000c000a7a8                VgaText::~VgaText()
                0x00000000c000a7d2                VgaText::read(unsigned long long, void*, int*)
                0x00000000c000a7f2                setTerminalScrollLock(bool)
                0x00000000c000a7f3                addToTerminalCycle(VgaText*)
                0x00000000c000a814                installVgaTextImplementation()
                0x00000000c000a829                scrollTerminalScrollLock(int)
                0x00000000c000a82a                VgaText::updateTitle()
                0x00000000c000a868                VgaText::load()
                0x00000000c000a8b6                VgaText::updateCursor()
                0x00000000c000a8cc                VgaText::doANSI_SGR(int)
                0x00000000c000a940                VgaText::setDefaultBgColour(VgaColour)
                0x00000000c000a950                VgaText::setDefaultFgColour(VgaColour)
                0x00000000c000a960                VgaText::setDefaultColours(VgaColour, VgaColour)
                0x00000000c000a980                VgaText::setTitleTextColour(VgaColour)
                0x00000000c000a990                VgaText::setTitleColour(VgaColour)
                0x00000000c000a9a0                VgaText::setTitle(char*)
                0x00000000c000a9c6                VgaText::combineColours(unsigned char, unsigned char)
                0x00000000c000a9d8                VgaText::scrollScreen()
                0x00000000c000aa6c                VgaText::combineCharAndColour(char, unsigned char)
                0x00000000c000aa7e                VgaText::writeCharacter(char, VgaColour, VgaColour, int, int)
                0x00000000c000aada                VgaText::getCursorX()
                0x00000000c000aae2                VgaText::getCursorY()
                0x00000000c000aaea                VgaText::setCursor(int, int)
                0x00000000c000ab01                setActiveTerminal(VgaText*)
                0x00000000c000ab63                doTerminalCycle()
                0x00000000c000ab7e                VgaText::setCursorX(int)
                0x00000000c000ab96                VgaText::setCursorY(int)
                0x00000000c000abae                VgaText::incrementCursor(bool)
                0x00000000c000ac02                VgaText::decrementCursor(bool)
                0x00000000c000ac24                VgaText::putchar(char, VgaColour, VgaColour)
                0x00000000c000acfc                VgaText::doUpdate()
                0x00000000c000ad0a                VgaText::puts(char const*, VgaColour, VgaColour)
                0x00000000c000ae82                VgaText::clearScreen()
                0x00000000c000aedc                VgaText::putchar(char)
                0x00000000c000afc8                VgaText::putx(unsigned int)
                0x00000000c000b00e                VgaText::puts(char const*)
                0x00000000c000b034                VgaText::VgaText(char const*)
                0x00000000c000b034                VgaText::VgaText(char const*)
                0x00000000c000b1b2                VgaText::receiveKey(unsigned char)
                0x00000000c000b29a                VgaText::write(unsigned long long, void*, int*)
                0x00000000c000b2ee                newTerminal(char*)
 *fill*         0x00000000c000b313        0x1 
 .text          0x00000000c000b314      0x1a1 core/tss.32
                0x00000000c000b314                TSS::TSS()
                0x00000000c000b314                TSS::TSS()
                0x00000000c000b324                TSS::setESP(unsigned long)
                0x00000000c000b338                TSS::flush()
                0x00000000c000b358                TSS::setup(unsigned long, unsigned long)
 *fill*         0x00000000c000b4b5        0x1 
 .text          0x00000000c000b4b6      0x4c2 core/unixfile.32
                0x00000000c000b4b6                ReservedFilename::read(unsigned long long, void*, int*)
                0x00000000c000b50c                ReservedFilename::isAtty()
                0x00000000c000b528                ReservedFilename::write(unsigned long long, void*, int*)
                0x00000000c000b586                UnixFile::getFileDescriptor()
                0x00000000c000b58e                UnixFile::UnixFile(int)
                0x00000000c000b58e                UnixFile::UnixFile(int)
                0x00000000c000b73e                ReservedFilename::ReservedFilename(int)
                0x00000000c000b73e                ReservedFilename::ReservedFilename(int)
                0x00000000c000b770                UnixFile::~UnixFile()
                0x00000000c000b770                UnixFile::~UnixFile()
                0x00000000c000b808                UnixFile::~UnixFile()
                0x00000000c000b830                ReservedFilename::~ReservedFilename()
                0x00000000c000b830                ReservedFilename::~ReservedFilename()
                0x00000000c000b854                ReservedFilename::~ReservedFilename()
                0x00000000c000b87b                getFromFileDescriptor(int)
 .text          0x00000000c000b978     0x1218 core/virtmgr.32
                0x00000000c000b978                Virt::setPageState(unsigned long, Virt::VirtPageState)
                0x00000000c000b9ad                Virt::getPageState(unsigned long)
                0x00000000c000b9d1                Virt::allocateKernelVirtualPages(int)
                0x00000000c000bae2                Virt::freeSwapfilePage(unsigned long)
                0x00000000c000bb00                Virt::swapIDToSector(unsigned long)
                0x00000000c000bb12                Virt::allocateSwapfilePage()
                0x00000000c000bb90                Virt::virtualMemorySetup()
                0x00000000c000bbdb                Virt::setupPageSwapping(int)
                0x00000000c000bc4c                VAS::VAS()
                0x00000000c000bc4c                VAS::VAS()
                0x00000000c000bc88                VAS::VAS(VAS*)
                0x00000000c000bc88                VAS::VAS(VAS*)
                0x00000000c000bcb6                VAS::getForeignPageTableEntry(bool, unsigned long)
                0x00000000c000bce2                VAS::getPageTableEntry(unsigned long)
                0x00000000c000bd01                Virt::freeKernelVirtualPages(unsigned long)
                0x00000000c000be24                VAS::freeAllocatedPages(unsigned long)
                0x00000000c000be48                VAS::virtualToPhysical(unsigned long)
                0x00000000c000be60                VAS::reflagRange(unsigned long, int, int, int)
                0x00000000c000bea0                VAS::setToWriteCombining(unsigned long, int)
                0x00000000c000bed2                VAS::mapOtherVASIn(bool, VAS*)
                0x00000000c000befc                VAS::~VAS()
                0x00000000c000befc                VAS::~VAS()
                0x00000000c000c078                VAS::mapPage(unsigned long, unsigned long, int)
                0x00000000c000c17a                VAS::allocatePages(int, int)
                0x00000000c000c352                VAS::setCPUSpecific(unsigned long)
                0x00000000c000c36e                VAS::mapRange(unsigned long, unsigned long, int, int)
                0x00000000c000c434                VAS::mapForeignPage(bool, VAS*, unsigned long, unsigned long, int)
                0x00000000c000c522                VAS::VAS(bool)
                0x00000000c000c522                VAS::VAS(bool)
                0x00000000c000c7a2                VAS::evict(unsigned long)
                0x00000000c000c872                VAS::tryLoadBackOffDisk(unsigned long)
                0x00000000c000c986                VAS::scanForEviction()
                0x00000000c000ca64                mapVASFirstTime
 .text          0x00000000c000cb90       0x95 coreobjs/c++.32
                0x00000000c000cb90                __cxa_atexit
                0x00000000c000cb93                __cxa_finalize
                0x00000000c000cb94                __stack_chk_fail
                0x00000000c000cc00                __cxa_pure_virtual
                0x00000000c000cc11                operator new[](unsigned long)
                0x00000000c000cc16                operator delete(void*, unsigned long)
                0x00000000c000cc1b                operator delete[](void*)
                0x00000000c000cc20                operator delete[](void*, unsigned long)
 .text          0x00000000c000cc25      0x1fc dbg/kconsole.32
                0x00000000c000cc25                Dbg::stringifyxWithBase(unsigned int, char*, int)
                0x00000000c000cc7e                Dbg::logc(char)
                0x00000000c000cc9e                Dbg::logs(char*)
                0x00000000c000ccbb                Dbg::logWriteInt(unsigned int)
                0x00000000c000ccd8                Dbg::logWriteIntBase(unsigned int, int)
                0x00000000c000ccf7                Dbg::kprintf(char const*, ...)
 *fill*         0x00000000c000ce21        0x1 
 .text          0x00000000c000ce22      0xbc0 fs/vfs.32
                0x00000000c000ce22                File::read(unsigned long long, void*, int*)
                0x00000000c000ce7a                File::write(unsigned long long, void*, int*)
                0x00000000c000ced2                Directory::read(unsigned long long, void*, int*)
                0x00000000c000cf2a                Directory::write(unsigned long long, void*, int*)
                0x00000000c000cf58                File::isAtty()
                0x00000000c000cf5c                Directory::isAtty()
                0x00000000c000cf60                Filesystem::getlabel(LogicalDisk*, int, char*, unsigned int*)
                0x00000000c000cf66                Filesystem::setlabel(LogicalDisk*, int, char*)
                0x00000000c000cf6c                Filesystem::allocateSwapfile(char const*, int)
                0x00000000c000cf72                File::~File()
                0x00000000c000cf72                File::~File()
                0x00000000c000cf96                File::~File()
                0x00000000c000cfc0                Directory::~Directory()
                0x00000000c000cfc0                Directory::~Directory()
                0x00000000c000cfe4                Directory::~Directory()
                0x00000000c000d00e                Filesystem::Filesystem()
                0x00000000c000d00e                Filesystem::Filesystem()
                0x00000000c000d032                Filesystem::~Filesystem()
                0x00000000c000d032                Filesystem::~Filesystem()
                0x00000000c000d040                Filesystem::~Filesystem()
                0x00000000c000d064                Fs::getcwd(Process*, char*, int)
                0x00000000c000d08e                Fs::initVFS()
                0x00000000c000d0b8                Fs::standardiseFiles(char*, char const*, char const*)
                0x00000000c000d262                File::File(char const*, Process*)
                0x00000000c000d262                File::File(char const*, Process*)
                0x00000000c000d304                File::open(FileOpenMode)
                0x00000000c000d362                File::close()
                0x00000000c000d3c2                File::seek(unsigned long long)
                0x00000000c000d418                File::tell(unsigned long long*)
                0x00000000c000d468                File::rewind()
                0x00000000c000d47c                File::unlink()
                0x00000000c000d4c8                File::rename(char const*)
                0x00000000c000d516                File::chfatattr(unsigned char, unsigned char)
                0x00000000c000d572                File::exists()
                0x00000000c000d5b0                File::stat(unsigned long long*, bool*)
                0x00000000c000d611                Fs::setcwd(Process*, char*)
                0x00000000c000d74c                Directory::Directory(char const*, Process*)
                0x00000000c000d74c                Directory::Directory(char const*, Process*)
                0x00000000c000d7b0                Directory::open()
                0x00000000c000d80c                Directory::close()
                0x00000000c000d86c                Directory::unlink()
                0x00000000c000d8b8                Directory::rename(char const*)
                0x00000000c000d906                Directory::exists()
                0x00000000c000d944                Directory::read(dirent*)
                0x00000000c000d990                Directory::create()
                0x00000000c000d9dc                Filesystem::chfatattr(char const*, unsigned char, unsigned char)
 *fill*         0x00000000c000d9e2        0x2 
 .text          0x00000000c000d9e4       0x86 hal/bus.32
                0x00000000c000d9e4                Bus::Bus(char const*)
                0x00000000c000d9e4                Bus::Bus(char const*)
                0x00000000c000da1c                Bus::~Bus()
                0x00000000c000da1c                Bus::~Bus()
                0x00000000c000da40                Bus::~Bus()
 *fill*         0x00000000c000da6a        0x2 
 .text          0x00000000c000da6c      0x153 hal/buzzer.32
                0x00000000c000da6c                Buzzer::Buzzer(char const*)
                0x00000000c000da6c                Buzzer::Buzzer(char const*)
                0x00000000c000dab0                Buzzer::~Buzzer()
                0x00000000c000dab0                Buzzer::~Buzzer()
                0x00000000c000dad4                Buzzer::~Buzzer()
                0x00000000c000dafe                Buzzer::stop()
                0x00000000c000db11                beepThread(void*)
                0x00000000c000db52                Buzzer::beep(int, int, bool)
 *fill*         0x00000000c000dbbf        0x1 
 .text          0x00000000c000dbc0      0x467 hal/clock.32
                0x00000000c000dbc0                User::loadClockSettings(int)
                0x00000000c000dc12                Clock::Clock(char const*)
                0x00000000c000dc12                Clock::Clock(char const*)
                0x00000000c000dc48                Clock::~Clock()
                0x00000000c000dc48                Clock::~Clock()
                0x00000000c000dc6c                Clock::~Clock()
                0x00000000c000dc96                Clock::timeInSecondsLocal()
                0x00000000c000dcde                Clock::setTimeInSecondsLocal(unsigned long long)
                0x00000000c000dd37                datetimeToSeconds(datetime_t)
                0x00000000c000de5e                Clock::setTimeInDatetimeLocal(datetime_t)
                0x00000000c000debe                secondsToDatetime(unsigned long long)
                0x00000000c000e002                Clock::timeInDatetimeLocal()
 *fill*         0x00000000c000e027        0x1 
 .text          0x00000000c000e028      0x504 hal/device.32
                0x00000000c000e028                Device::hibernate()
                0x00000000c000e02a                Device::wake()
                0x00000000c000e02c                Device::detect()
                0x00000000c000e02e                Device::disableLegacy()
                0x00000000c000e030                Device::powerSaving(PowerSavingLevel)
                0x00000000c000e032                DriverlessDevice::close(int, int, void*)
                0x00000000c000e036                DriverlessDevice::detect()
                0x00000000c000e038                DriverlessDevice::open(int, int, void*)
                0x00000000c000e04c                Device::~Device()
                0x00000000c000e04c                Device::~Device()
                0x00000000c000e05a                Device::~Device()
                0x00000000c000e082                Device::findAndLoadDriver()
                0x00000000c000e090                Device::preOpenPCI(PCIDeviceInfo)
                0x00000000c000e0b6                Device::preOpenACPI(void*, char*, char*)
                0x00000000c000e0f6                Device::addIRQHandler(int, void (*)(regs*, void*), bool, void*)
                0x00000000c000e134                Device::getParent()
                0x00000000c000e140                Device::removeIRQHandler(int, void (*)(regs*, void*), bool)
                0x00000000c000e17e                Device::addChild(Device*)
                0x00000000c000e1c2                Device::removeAllChildren()
                0x00000000c000e208                Device::hibernateAll()
                0x00000000c000e238                Device::wakeAll()
                0x00000000c000e268                Device::detectAll()
                0x00000000c000e298                Device::disableLegacyAll()
                0x00000000c000e2c8                Device::loadDriversForAll()
                0x00000000c000e308                Device::closeAll()
                0x00000000c000e33e                Device::powerSavingAll(PowerSavingLevel)
                0x00000000c000e374                Device::setName(char const*)
                0x00000000c000e382                Device::Device(char const*)
                0x00000000c000e382                Device::Device(char const*)
                0x00000000c000e47e                Device::getName()
                0x00000000c000e488                DriverlessDevice::DriverlessDevice(char const*)
                0x00000000c000e488                DriverlessDevice::DriverlessDevice(char const*)
                0x00000000c000e4be                Device::addToLinkedList(LinkedList<Device>&, DeviceType)
                0x00000000c000e502                getDevicesOfType(DeviceType)
 .text          0x00000000c000e52c       0x86 hal/diskctrl.32
                0x00000000c000e52c                HardDiskController::HardDiskController(char const*)
                0x00000000c000e52c                HardDiskController::HardDiskController(char const*)
                0x00000000c000e564                HardDiskController::~HardDiskController()
                0x00000000c000e564                HardDiskController::~HardDiskController()
                0x00000000c000e588                HardDiskController::~HardDiskController()
 .text          0x00000000c000e5b2       0xe2 hal/diskphys.32
                0x00000000c000e5b2                PhysicalDisk::eject()
                0x00000000c000e5b6                PhysicalDisk::PhysicalDisk(char const*, int)
                0x00000000c000e5b6                PhysicalDisk::PhysicalDisk(char const*, int)
                0x00000000c000e61e                PhysicalDisk::startCache()
                0x00000000c000e646                PhysicalDisk::~PhysicalDisk()
                0x00000000c000e646                PhysicalDisk::~PhysicalDisk()
                0x00000000c000e66a                PhysicalDisk::~PhysicalDisk()
 .text          0x00000000c000e694      0x147 hal/fpu.32
                0x00000000c000e694                FPU::FPU(char const*)
                0x00000000c000e694                FPU::FPU(char const*)
                0x00000000c000e6cc                FPU::~FPU()
                0x00000000c000e6cc                FPU::~FPU()
                0x00000000c000e6f0                FPU::~FPU()
                0x00000000c000e71a                setupFPU()
 *fill*         0x00000000c000e7db        0x1 
 .text          0x00000000c000e7dc     0x11e1 hal/intctrl.32
                0x00000000c000e7dc                InterruptController::uninstallISRHandler(int, void (*)(regs*, void*))
                0x00000000c000e814                InterruptController::installISRHandler(int, void (*)(regs*, void*), void*)
                0x00000000c000e866                doubleFault(regs*, void*)
                0x00000000c000e880                InterruptController::installIRQHandler(int, void (*)(regs*, void*), bool, void*)
                0x00000000c000e91c                InterruptController::clearAllHandlers(int, bool)
                0x00000000c000e9c4                InterruptController::uninstallIRQHandler(int, void (*)(regs*, void*), bool)
                0x00000000c000ea4b                nmiHandler(regs*, void*)
                0x00000000c000ea59                int_handler
                0x00000000c000eafa                InterruptController::InterruptController(char const*)
                0x00000000c000eafa                InterruptController::InterruptController(char const*)
                0x00000000c000eba0                InterruptController::~InterruptController()
                0x00000000c000eba0                InterruptController::~InterruptController()
                0x00000000c000ebc4                InterruptController::~InterruptController()
                0x00000000c000ebee                displayDebugInfo(regs*)
                0x00000000c000f07d                x87EmulHandler(regs*, void*)
                0x00000000c000f0f0                gpFault(regs*, void*)
                0x00000000c000f129                pgFault(regs*, void*)
                0x00000000c000f178                otherISRHandler(regs*, void*)
                0x00000000c000f197                opcodeFault(regs*, void*)
                0x00000000c000f55a                displayProgramFault(char const*)
                0x00000000c000f582                setupInterruptController()
                0x00000000c000f970                InterruptController::convertLegacyIRQNumber(int)
 *fill*         0x00000000c000f9bd        0x1 
 .text          0x00000000c000f9be      0x784 hal/keybrd.32
                0x00000000c000f9be                startGUI(void*)
                0x00000000c000fa2a                startGUIVESA(void*)
                0x00000000c000fa96                sendKeyToTerminal(unsigned char)
                0x00000000c000fb54                sendKeyboardToken(KeyboardToken)
                0x00000000c000ff91                clearInternalKeybuffer(VgaText*)
                0x00000000c000ffc6                readKeyboard(VgaText*, char*, unsigned long)
                0x00000000c00100b8                Keyboard::Keyboard(char const*)
                0x00000000c00100b8                Keyboard::Keyboard(char const*)
                0x00000000c00100f4                Keyboard::~Keyboard()
                0x00000000c00100f4                Keyboard::~Keyboard()
                0x00000000c0010118                Keyboard::~Keyboard()
 .text          0x00000000c0010142      0x3ea hal/logidisk.32
                0x00000000c0010142                LogicalDisk::close(int, int, void*)
                0x00000000c0010146                LogicalDisk::~LogicalDisk()
                0x00000000c0010146                LogicalDisk::~LogicalDisk()
                0x00000000c001016a                LogicalDisk::~LogicalDisk()
                0x00000000c0010194                LogicalDisk::open(int, int, void*)
                0x00000000c00101a8                LogicalDisk::absoluteToRelative(unsigned long long)
                0x00000000c00101e0                LogicalDisk::relativeToAbsolute(unsigned long long)
                0x00000000c0010226                LogicalDisk::LogicalDisk(char const*, PhysicalDisk*, unsigned long long, unsigned long long)
                0x00000000c0010226                LogicalDisk::LogicalDisk(char const*, PhysicalDisk*, unsigned long long, unsigned long long)
                0x00000000c00102dc                LogicalDisk::assignDriveLetter()
                0x00000000c0010392                LogicalDisk::mount()
                0x00000000c00103da                LogicalDisk::unmount()
                0x00000000c00103ea                LogicalDisk::eject()
                0x00000000c00103fe                LogicalDisk::unassignDriveLetter()
                0x00000000c0010454                LogicalDisk::read(unsigned long long, int, void*)
                0x00000000c00104c0                LogicalDisk::write(unsigned long long, int, void*)
 .text          0x00000000c001052c       0x86 hal/mouse.32
                0x00000000c001052c                Mouse::Mouse(char const*)
                0x00000000c001052c                Mouse::Mouse(char const*)
                0x00000000c0010564                Mouse::~Mouse()
                0x00000000c0010564                Mouse::~Mouse()
                0x00000000c0010588                Mouse::~Mouse()
 .text          0x00000000c00105b2      0x339 hal/partition.32
                0x00000000c00105b2                makePartition(PhysicalDisk*, unsigned long long, unsigned long long)
                0x00000000c001065a                createPartitionsForDisk(PhysicalDisk*)
 *fill*         0x00000000c00108eb        0x1 
 .text          0x00000000c00108ec       0x86 hal/serial.32
                0x00000000c00108ec                Serial::Serial(char const*)
                0x00000000c00108ec                Serial::Serial(char const*)
                0x00000000c0010924                Serial::~Serial()
                0x00000000c0010924                Serial::~Serial()
                0x00000000c0010948                Serial::~Serial()
 *fill*         0x00000000c0010972        0x2 
 .text          0x00000000c0010974      0x2f2 hal/timer.32
                0x00000000c0010974                Timer::Timer(char const*)
                0x00000000c0010974                Timer::Timer(char const*)
                0x00000000c00109ac                Timer::~Timer()
                0x00000000c00109ac                Timer::~Timer()
                0x00000000c00109d0                Timer::~Timer()
                0x00000000c00109fa                Timer::read()
                0x00000000c0010a05                timerHandler(unsigned int)
                0x00000000c0010b6c                setupTimer(int)
 *fill*         0x00000000c0010c66        0x2 
 .text          0x00000000c0010c68      0x42e hal/vcache.32
                0x00000000c0010c68                VCache::VCache(PhysicalDisk*)
                0x00000000c0010c68                VCache::VCache(PhysicalDisk*)
                0x00000000c0010dd0                VCache::invalidateReadBuffer()
                0x00000000c0010de0                VCache::writeWriteBuffer()
                0x00000000c0010e1c                VCache::~VCache()
                0x00000000c0010e1c                VCache::~VCache()
                0x00000000c0010e70                VCache::~VCache()
                0x00000000c0010e98                VCache::write(unsigned long long, int, void*)
                0x00000000c0010f92                VCache::read(unsigned long long, int, void*)
 .text          0x00000000c0011096      0x4b3 hal/video.32
                0x00000000c0011096                Video::putrect(int, int, int, int, unsigned int)
                0x00000000c00110e2                Video::bitblit(int, int, int, int, int, int, int, unsigned int*)
                0x00000000c0011152                Video::blit(unsigned int*, int, int, int, int)
                0x00000000c00111d0                Video::clearScreen(unsigned int)
                0x00000000c0011204                Video::putpixel(int, int, unsigned int)
                0x00000000c0011212                Video::Video(char const*)
                0x00000000c0011212                Video::Video(char const*)
                0x00000000c0011248                Video::~Video()
                0x00000000c0011248                Video::~Video()
                0x00000000c001126c                Video::~Video()
                0x00000000c0011296                Video::isMonochrome()
                0x00000000c00112a2                Video::getWidth()
                0x00000000c00112ae                Video::getHeight()
                0x00000000c00112ba                Video::drawCursor(int, int, unsigned char*, int)
                0x00000000c0011376                Video::tgaParse(unsigned char*, int, int*, int*)
                0x00000000c00114de                Video::putTGA(int, int, unsigned char*, int)
 *fill*         0x00000000c0011549        0x3 
 .text          0x00000000c001154c     0x16e7 hw/acpi.32
                0x00000000c001154c                ACPI::close(int, int, void*)
                0x00000000c0011600                findRSDP()
                0x00000000c00116d4                loadACPITables(unsigned char*)
                0x00000000c0011938                findRSDT(unsigned char*)
                0x00000000c0011af8                findDataTable(unsigned char*, char*)
                0x00000000c0011b70                scanMADT()
                0x00000000c001204c                ACPI::ACPI()
                0x00000000c001204c                ACPI::ACPI()
                0x00000000c00120b0                ACPI::getPCIIRQAssignment(unsigned char, unsigned short, unsigned char)
                0x00000000c0012198                ACPI::registerPCIIRQAssignment(void*, unsigned short, unsigned char, unsigned char)
                0x00000000c0012260                ACPI::setScreenBrightnessLevel(void*, int)
                0x00000000c0012268                ACPI::detectPCI()
                0x00000000c001274c                ACPI::writeSimpleBootFlag(SimpleBootFlagTable*)
                0x00000000c0012794                ACPI::sleep()
                0x00000000c00127b0                ACPI::open(int, int, void*)
 *fill*         0x00000000c0012c33        0x1 
 .text          0x00000000c0012c34     0x1583 hw/cpu.32
                0x00000000c0012c34                CPU::close(int, int, void*)
                0x00000000c0012c38                CPU::lookupAMDName(unsigned char, unsigned char)
                0x00000000c0012dcc                CPU::lookupIntelName(unsigned char, unsigned char)
                0x00000000c001307a                CPU::AMD_K6_write_msr(unsigned int, unsigned int, unsigned int, CPU::REGS*)
                0x00000000c0013096                CPU::AMD_K6_read_msr(unsigned int, CPU::REGS*)
                0x00000000c00130ae                CPU::AMD_K6_writeback(int, int, int)
                0x00000000c0013122                CPU::cpuid(int, unsigned long*, unsigned long*, unsigned long*, unsigned long*)
                0x00000000c00131a6                CPU::cpuidCheckEDX(unsigned int)
                0x00000000c00131d4                CPU::cpuidCheckECX(unsigned int)
                0x00000000c0013202                CPU::cpuidCheckExtendedEBX(unsigned int)
                0x00000000c0013230                CPU::cpuidCheckExtendedECX(unsigned int)
                0x00000000c001325e                CPU::CPU()
                0x00000000c001325e                CPU::CPU()
                0x00000000c00132ec                CPU::displayFeatures()
                0x00000000c00132ee                CPU::detectFeatures()
                0x00000000c0013ce0                CPU::setupSMEP()
                0x00000000c0013cec                CPU::setupUMIP()
                0x00000000c0013cf6                CPU::setupTSC()
                0x00000000c0013d00                CPU::setupLargePages()
                0x00000000c0013d0a                CPU::setupPAT()
                0x00000000c0013d46                CPU::setupMTRR()
                0x00000000c0013d48                CPU::setupGlobalPages()
                0x00000000c0013d52                CPU::allowUsermodeDataAccess()
                0x00000000c0013d64                CPU::prohibitUsermodeDataAccess()
                0x00000000c0013d76                CPU::setupSMAP()
                0x00000000c0013d84                CPU::setupFeatures()
                0x00000000c0013e50                CPU::open(int, int, void*)
                0x00000000c0013fbc                CPU::decodeAddress(regs*, int*, bool*, unsigned char*)
 .text          0x00000000c00141b7        0x0 hw/ports.32
 .text          0x00000000c00141b7      0x16a hw/smp.32
                0x00000000c00141b7                Krnl::smpEntry()
                0x00000000c00141b9                Krnl::startCPU(int)
                0x00000000c0014302                Krnl::startCPUs()
 *fill*         0x00000000c0014321        0x1 
 .text          0x00000000c0014322      0x581 krnl/env.32
                0x00000000c0014322                EnvVarContainer::getEnv(char const*)
                0x00000000c0014360                EnvVarContainer::setEnv(char const*, char const*)
                0x00000000c0014422                EnvVarContainer::deleteEnv(char const*)
                0x00000000c0014424                EnvVarContainer::loadFrom(char const*, char const*)
                0x00000000c001460a                EnvVarContainer::__loadSystem()
                0x00000000c0014624                EnvVarContainer::__loadUser()
                0x00000000c0014626                EnvVarContainer::EnvVarContainer(Process*)
                0x00000000c0014626                EnvVarContainer::EnvVarContainer(Process*)
                0x00000000c0014648                EnvVarContainer::~EnvVarContainer()
                0x00000000c0014648                EnvVarContainer::~EnvVarContainer()
                0x00000000c0014678                Krnl::getEnv(Process*, char const*)
                0x00000000c00146dd                Krnl::setEnvSystem(char const*, char const*)
                0x00000000c00146f7                Krnl::setEnvUser(char const*, char const*)
                0x00000000c0014716                Krnl::setEnvProcess(Process*, char const*, char const*)
                0x00000000c0014729                Krnl::deleteEnvSystem(char const*)
                0x00000000c001472a                Krnl::deleteEnvUser(char const*)
                0x00000000c001472b                Krnl::deleteEnvProcess(Process*, char const*)
                0x00000000c001472c                Krnl::newProcessEnv(Process*)
                0x00000000c001474e                Krnl::copyProcessEnv(Process*, Process*)
                0x00000000c001479a                Krnl::loadSystemEnv()
                0x00000000c00147c8                Krnl::loadUserEnv()
                0x00000000c00147ee                Krnl::flushEnv()
                0x00000000c00147ef                Krnl::getProcessTotalEnvCount(Process*)
                0x00000000c001480f                Krnl::getProcessEnvPair(Process*, int)
 .text          0x00000000c00148a3      0x39c krnl/panic.32
                0x00000000c00148a3                Krnl::panic(char const*)
 *fill*         0x00000000c0014c3f        0x1 
 .text          0x00000000c0014c40      0x5a0 net/ethernet.32
                0x00000000c0014c40                Net::switchEndian16(unsigned short)
                0x00000000c0014c64                Net::switchEndian32(unsigned int)
                0x00000000c0014c94                Net::crc32Calc(unsigned char*, int)
                0x00000000c0014d38                Net::wrapEthernetFrame(Net::UnwrappedEthernetFrame, unsigned char*)
                0x00000000c0014f54                Net::unwrapEthernetFrame(unsigned char*, int)
 .text          0x00000000c00151e0      0x50e reg/registry.32
                0x00000000c00151e0                Reg::findLineFromLoadedData(char*, char*, char*)
                0x00000000c0015338                Reg::getLineFromRegistry(char*, char*, char*, char*)
                0x00000000c001548d                Reg::getLine(char*, char*, char*)
                0x00000000c00154c4                Reg::readInt(char*, char*, int*)
                0x00000000c00155af                Reg::readString(char*, char*, char*, int)
                0x00000000c0015630                Reg::readBool(char*, char*, bool*)
                0x00000000c0015655                Reg::readBoolWithDefault(char*, char*, bool)
                0x00000000c0015681                Reg::readIntWithDefault(char*, char*, int)
                0x00000000c00156ad                Reg::readStringWithDefault(char*, char*, char*, int, char*)
 .text          0x00000000c00156ee       0x36 sys/sc_eject.32
                0x00000000c00156ee                Sys::eject(regs*)
 .text          0x00000000c0015724       0x18 sys/sc_exit.32
                0x00000000c0015724                Sys::exit(regs*)
 .text          0x00000000c001573c       0x1f sys/sc_getcwd.32
                0x00000000c001573c                Sys::getCwd(regs*)
 .text          0x00000000c001575b        0xc sys/sc_getpid.32
                0x00000000c001575b                Sys::getPID(regs*)
 .text          0x00000000c0015767       0x1a sys/sc_getramdata.32
                0x00000000c0015767                Sys::getRAMData(regs*)
 .text          0x00000000c0015781       0x84 sys/sc_getvgaptr.32
                0x00000000c0015781                Sys::getVGAPtr(regs*)
 .text          0x00000000c0015805       0xa8 sys/sc_loaddll.32
                0x00000000c0015805                Sys::loadDLL(regs*)
 .text          0x00000000c00158ad       0x68 sys/sc_read.32
                0x00000000c00158ad                Sys::read(regs*)
 .text          0x00000000c0015915       0x55 sys/sc_sbrk.32
                0x00000000c0015915                Sys::sbrk(regs*)
 .text          0x00000000c001596a       0x1c sys/sc_setcwd.32
                0x00000000c001596a                Sys::setCwd(regs*)
 .text          0x00000000c0015986       0x95 sys/sc_settime.32
                0x00000000c0015986                Sys::setTime(regs*)
 .text          0x00000000c0015a1b       0x4a sys/sc_timezone.32
                0x00000000c0015a1b                Sys::timezone(regs*)
 .text          0x00000000c0015a65       0x68 sys/sc_write.32
                0x00000000c0015a65                Sys::write(regs*)
 .text          0x00000000c0015acd       0x62 sys/sc_wsbe.32
                0x00000000c0015acd                Sys::wsbe(regs*)
 .text          0x00000000c0015b2f       0x38 sys/sc_yield.32
                0x00000000c0015b2f                Sys::yield(regs*)
 .text          0x00000000c0015b67      0xf8e sys/syscalls.32
                0x00000000c0015b67                sysCallSeekDir(regs*)
                0x00000000c0015b6c                sysCallTellDir(regs*)
                0x00000000c0015b71                sysCallVerify(regs*)
                0x00000000c0015b7b                sysCallGetArgc(regs*)
                0x00000000c0015b8b                sysFormatDisk(regs*)
                0x00000000c0015bf5                sysSetDiskVolumeLabel(regs*)
                0x00000000c0015c3f                sysGetDiskVolumeLabel(regs*)
                0x00000000c0015c94                sysShutdown(regs*)
                0x00000000c0015cf2                sysCallRealpath(regs*)
                0x00000000c0015d35                sysCallReadDir(regs*)
                0x00000000c0015db4                sysCallIsATTY(regs*)
                0x00000000c0015e0e                sysCallSeek(regs*)
                0x00000000c0015e65                sysCallTell(regs*)
                0x00000000c0015ed1                sysCallSize(regs*)
                0x00000000c0015f43                sysCallSizeFromFilename(regs*)
                0x00000000c0015ff2                sysCallClose(regs*)
                0x00000000c0016052                sysCallOpenDir(regs*)
                0x00000000c00160c7                sysCallCloseDir(regs*)
                0x00000000c001611b                sysCallMakeDir(regs*)
                0x00000000c001618b                sysCallWait(regs*)
                0x00000000c00161a5                sysCallNotImpl(regs*)
                0x00000000c00161c0                sysPanic(regs*)
                0x00000000c00161da                sysCallRmdir(regs*)
                0x00000000c001623e                sysCallUnlink(regs*)
                0x00000000c00162a2                sysCallGetArgv(regs*)
                0x00000000c00162ee                sysCallTTYName(regs*)
                0x00000000c0016371                sysCallUSleep(regs*)
                0x00000000c001639a                sysCallSpawn(regs*)
                0x00000000c0016402                sysCallGetEnv(regs*)
                0x00000000c00164af                sysAppSettings(regs*)
                0x00000000c00165c3                sysSetFatAttrib(regs*)
                0x00000000c0016635                sysPipe(regs*)
                0x00000000c001667a                sysGetUnixTime(regs*)
                0x00000000c001668e                string_ends_with(char const*, char const*)
                0x00000000c00166d6                sysCallOpen(regs*)
                0x00000000c00168be                Sys::loadSyscalls()
                0x00000000c0016ab3                Sys::systemCall(regs*, void*)
 .text          0x00000000c0016af5     0x1203 thr/elf.32
                0x00000000c0016af5                Thr::allocateMemoryForTask(Process*, File*, unsigned long, unsigned long, unsigned long)
                0x00000000c0016d9f                Thr::loadProgramIntoMemory(Process*, char const*)
                0x00000000c0016fb5                Thr::runtimeReferenceHelper()
                0x00000000c0016fc8                Thr::getAddressOfKernelSymbol(char const*)
                0x00000000c0017017                Thr::loadKernelSymbolTable(char const*)
                0x00000000c00172d5                Thr::loadDriverIntoMemory(char const*, unsigned long, bool)
                0x00000000c0017a0b                Thr::getDriverBaseFromAddress(unsigned long)
                0x00000000c0017a3d                Thr::getDriverNameFromAddress(unsigned long)
                0x00000000c0017a74                Thr::getDriverOffsetFromAddress(unsigned long)
                0x00000000c0017a8e                Thr::loadDLL(char const*, bool)
                0x00000000c0017cbf                Thr::executeDLL(unsigned long, void*)
 .text          0x00000000c0017cf8     0x12a9 thr/prcssthr.32
                0x00000000c0017cf8                userModeEntryPoint(void*)
                0x00000000c0017d20                changeTSS
                0x00000000c0017d50                switchToThread(ThreadControlBlock*)
                0x00000000c0017e04                Process::addArgs(char**)
                0x00000000c0017e64                Process::Process(char const*, Process*, char**)
                0x00000000c0017e64                Process::Process(char const*, Process*, char**)
                0x00000000c0018050                Process::Process(bool, char const*, Process*, char**)
                0x00000000c0018050                Process::Process(bool, char const*, Process*, char**)
                0x00000000c0018208                taskStartupFunction
                0x00000000c0018214                Semaphore::Semaphore(int)
                0x00000000c0018214                Semaphore::Semaphore(int)
                0x00000000c0018244                Mutex::Mutex()
                0x00000000c0018244                Mutex::Mutex()
                0x00000000c0018258                Process::createThread(void (*)(void*), void*, int)
                0x00000000c0018350                Process::createUserThread()
                0x00000000c001836c                setupMultitasking(void (*)())
                0x00000000c0018474                schedule()
                0x00000000c0018500                Semaphore::tryAcquire()
                0x00000000c00185cc                Semaphore::assertLocked(char const*)
                0x00000000c0018644                blockTaskWithSchedulerLockAlreadyHeld(TaskState)
                0x00000000c001866c                blockTask(TaskState)
                0x00000000c001869c                waitTask(int, int*, int)
                0x00000000c00186e0                milliTenthSleepUntil(unsigned int)
                0x00000000c001876c                milliTenthSleep(unsigned int)
                0x00000000c001877c                sleep(unsigned int)
                0x00000000c0018798                Semaphore::acquire()
                0x00000000c0018854                taskReturned
                0x00000000c0018890                Thr::processFromPID(int)
                0x00000000c0018930                unblockTask(ThreadControlBlock*)
                0x00000000c00189d4                cleanupTerminatedTask(ThreadControlBlock*)
                0x00000000c0018c9c                cleanerTaskFunction(void*)
                0x00000000c0018d8c                terminateTask(int)
                0x00000000c0018e58                Thr::terminateFromIRQ(int)
                0x00000000c0018e64                Semaphore::release()
 .text          0x00000000c0018fa1      0xada vm86/vm8086.32
                0x00000000c0018fa1                Vm::inbv(unsigned short)
                0x00000000c0018fb4                Vm::outbv(unsigned short, unsigned char)
                0x00000000c0018fea                Vm::realToLinear(unsigned short, unsigned short)
                0x00000000c0018ffa                Vm::getSegment(unsigned int)
                0x00000000c0019002                Vm::getOffset(unsigned int)
                0x00000000c0019007                Vm::mainloop2()
                0x00000000c0019041                Vm::mainVm8086Loop(void*)
                0x00000000c0019051                Vm::mainloop3(unsigned long)
                0x00000000c0019077                Vm::initialise8086()
                0x00000000c00190ba                Vm::finish8086()
                0x00000000c001911b                Vm::getOutput8086(unsigned char*)
                0x00000000c0019140                Vm::start8086(char const*, unsigned short, unsigned short, unsigned short, unsigned short)
                0x00000000c00192a8                Vm::doISR(regs*, int, unsigned char*, unsigned short, unsigned short)
                0x00000000c0019332                Vm::readByteFromReal(unsigned short, unsigned short)
                0x00000000c0019343                Vm::readWordFromReal(unsigned short, unsigned short)
                0x00000000c0019355                Vm::readDwordFromReal(unsigned short, unsigned short)
                0x00000000c0019366                Vm::writeByteFromReal(unsigned short, unsigned short, unsigned char)
                0x00000000c001937b                Vm::writeWordFromReal(unsigned short, unsigned short, unsigned short)
                0x00000000c0019391                Vm::writeDwordFromReal(unsigned short, unsigned short, unsigned int)
                0x00000000c00193a6                Vm::faultHandler(regs*)
 *fill*         0x00000000c0019a7b        0x1 
 .text          0x00000000c0019a7c      0xfcd vm86/x87em.32
                0x00000000c0019a7c                Vm::fpuInternalTo32(unsigned long long)
                0x00000000c0019ada                Vm::fpuInternalTo64(unsigned long long)
                0x00000000c0019ae3                Vm::fpu32ToInternal(unsigned int)
                0x00000000c0019b28                Vm::fpu64ToInternal(unsigned long long)
                0x00000000c0019b31                Vm::fpuFloatToLong(unsigned long long)
                0x00000000c0019b90                Vm::fpuULongToFloat(unsigned long long)
                0x00000000c0019bcc                Vm::fpuLongToFloat(long long)
                0x00000000c0019c2b                Vm::fpuGet0()
                0x00000000c0019c30                Vm::fpuGet1()
                0x00000000c0019c38                Vm::fpuGetPi()
                0x00000000c0019c40                Vm::fpuGetLog2E()
                0x00000000c0019c58                Vm::fpuGetLogE2()
                0x00000000c0019c70                Vm::fpuGetLog210()
                0x00000000c0019c88                Vm::fpuGetLog102()
                0x00000000c0019ca0                Vm::fpuIsSecondLarger(unsigned long long, unsigned long long)
                0x00000000c0019cb4                Vm::fpuAreEqual(unsigned long long, unsigned long long)
                0x00000000c0019cca                Vm::fpuUnorderedCompare(unsigned long long, unsigned long long)
                0x00000000c0019d20                Vm::fpuAdd(unsigned long long, unsigned long long)
                0x00000000c0019d31                Vm::fpuAbs(unsigned long long)
                0x00000000c0019d3a                Vm::fpuChs(unsigned long long)
                0x00000000c0019d4a                Vm::fpuSub(unsigned long long, unsigned long long)
                0x00000000c0019d59                Vm::fpuMultiply(unsigned long long, unsigned long long)
                0x00000000c0019d78                Vm::fpuDivide(unsigned long long, unsigned long long)
                0x00000000c0019d94                Vm::fpuSquare(unsigned long long)
                0x00000000c0019daa                Vm::fpuGetReg(int)
                0x00000000c0019ded                Vm::fpuSetReg(int, unsigned long long)
                0x00000000c0019e39                Vm::fpuPush(unsigned long long)
                0x00000000c0019e97                Vm::fpuPop()
                0x00000000c0019eea                Vm::x87Handler(regs*)
 *fill*         0x00000000c001aa49        0x3 
 .text          0x00000000c001aa4c     0x13b7 fs/fat/vfslink.32
                0x00000000c001aa4c                FAT::getName()
                0x00000000c001aa54                FAT::tell(void*, unsigned long long*)
                0x00000000c001aa90                FAT::stat(void*, unsigned long long*)
                0x00000000c001aacc                FAT::~FAT()
                0x00000000c001aacc                FAT::~FAT()
                0x00000000c001aaf0                FAT::~FAT()
                0x00000000c001ab18                FAT::getlabel(LogicalDisk*, int, char*, unsigned int*)
                0x00000000c001abbc                FAT::setlabel(LogicalDisk*, int, char*)
                0x00000000c001ac80                FAT::format(LogicalDisk*, int, char const*, int)
                0x00000000c001ae54                FAT::tryMount(LogicalDisk*, int)
                0x00000000c001b06c                FAT::allocateSwapfile(char const*, int)
                0x00000000c001b228                FAT::readDir(void*, unsigned long, void*, int*)
                0x00000000c001b394                FAT::read(void*, unsigned long, void*, int*)
                0x00000000c001b3f4                FAT::write(void*, unsigned long, void*, int*)
                0x00000000c001b454                FAT::close(void*)
                0x00000000c001b4a8                FAT::closeDir(void*)
                0x00000000c001b4fc                FAT::seek(void*, unsigned long long)
                0x00000000c001b558                fatWrapperReadDisk
                0x00000000c001b5a0                fatWrapperWriteDisk
                0x00000000c001b5e8                fatWrapperIoctl
                0x00000000c001b6f8                FAT::FAT()
                0x00000000c001b6f8                FAT::FAT()
                0x00000000c001b74c                FAT::fixFilepath(char*)
                0x00000000c001b788                FAT::open(char const*, void**, FileOpenMode)
                0x00000000c001b8bc                FAT::openDir(char const*, void**)
                0x00000000c001b96c                FAT::stat(char const*, unsigned long long*, bool*)
                0x00000000c001ba60                FAT::unlink(char const*)
                0x00000000c001bae0                FAT::chfatattr(char const*, unsigned char, unsigned char)
                0x00000000c001bc48                FAT::rename(char const*, char const*)
                0x00000000c001bd14                FAT::mkdir(char const*)
                0x00000000c001bd94                FAT::exists(char const*)
 *fill*         0x00000000c001be03        0x1 
 .text          0x00000000c001be04      0xb75 fs/iso9660/vfslink.32
                0x00000000c001be04                ISO9660::format(LogicalDisk*, int, char const*, int)
                0x00000000c001be0a                ISO9660::seek(void*, unsigned long long)
                0x00000000c001be3a                ISO9660::tell(void*, unsigned long long*)
                0x00000000c001be5e                ISO9660::getName()
                0x00000000c001be64                ISO9660::stat(void*, unsigned long long*)
                0x00000000c001be88                ISO9660::chfatattr(char const*, unsigned char, unsigned char)
                0x00000000c001be8e                ISO9660::unlink(char const*)
                0x00000000c001be94                ISO9660::write(void*, unsigned long, void*, int*)
                0x00000000c001be9a                ISO9660::rename(char const*, char const*)
                0x00000000c001bea0                ISO9660::mkdir(char const*)
                0x00000000c001bea6                ISO9660::close(void*)
                0x00000000c001bec8                ISO9660::closeDir(void*)
                0x00000000c001beea                ISO9660::~ISO9660()
                0x00000000c001beea                ISO9660::~ISO9660()
                0x00000000c001bf0e                ISO9660::~ISO9660()
                0x00000000c001bf35                __memmem(unsigned char*, int, unsigned char*, int)
                0x00000000c001bf77                readSectorFromCDROM(unsigned int, unsigned char*, char)
                0x00000000c001bfd2                ISO9660::tryMount(LogicalDisk*, int)
                0x00000000c001c022                ISO9660::read(void*, unsigned long, void*, int*)
                0x00000000c001c226                ISO9660::readDir(void*, unsigned long, void*, int*)
                0x00000000c001c4a0                readRoot(unsigned int*, unsigned int*, char)
                0x00000000c001c4f4                readRecursively(char*, unsigned int, unsigned int, unsigned int*, unsigned int*, char, int*)
                0x00000000c001c6c7                getFileData(char*, unsigned int*, unsigned int*, char, int*)
                0x00000000c001c756                ISO9660::open(char const*, void**, FileOpenMode)
                0x00000000c001c804                ISO9660::exists(char const*)
                0x00000000c001c828                ISO9660::stat(char const*, unsigned long long*, bool*)
                0x00000000c001c8bc                ISO9660::openDir(char const*, void**)
                0x00000000c001c956                ISO9660::ISO9660()
                0x00000000c001c956                ISO9660::ISO9660()
 *fill*         0x00000000c001c979        0x1 
 .text          0x00000000c001c97a      0x298 hal/sound/sndcard.32
                0x00000000c001c97a                SoundCard::beginPlayback()
                0x00000000c001c988                SoundCard::stopPlayback()
                0x00000000c001c996                SoundCard::SoundCard(char const*)
                0x00000000c001c996                SoundCard::SoundCard(char const*)
                0x00000000c001ca34                SoundCard::~SoundCard()
                0x00000000c001ca34                SoundCard::~SoundCard()
                0x00000000c001ca58                SoundCard::~SoundCard()
                0x00000000c001ca82                SoundCard::configureRates(int, int, int)
                0x00000000c001cab2                SoundCard::getSamples16(int, short*)
                0x00000000c001cb1c                SoundCard::getSamples32(int, int*)
                0x00000000c001cba2                SoundCard::addChannel(SoundPort*)
                0x00000000c001cbfe                SoundCard::removeChannel(int)
 *fill*         0x00000000c001cc12        0x2 
 .text          0x00000000c001cc14      0x3fb hal/sound/sndport.32
                0x00000000c001cc14                SoundPort::SoundPort(int, int, int, int)
                0x00000000c001cc14                SoundPort::SoundPort(int, int, int, int)
                0x00000000c001cca0                SoundPort::~SoundPort()
                0x00000000c001cca0                SoundPort::~SoundPort()
                0x00000000c001ccd4                SoundPort::unpause()
                0x00000000c001cce0                SoundPort::pause()
                0x00000000c001ccec                SoundPort::getBufferUsed()
                0x00000000c001ccf4                SoundPort::getBufferSize()
                0x00000000c001ccfc                SoundPort::buffer16(short*, int)
                0x00000000c001cdb0                SoundPort::buffer32(int*, int)
                0x00000000c001ce5c                SoundPort::unbufferAndAdd16(int, short*, SoundCard*)
                0x00000000c001cf58                SoundPort::unbufferAndAdd32(int, int*, SoundCard*)
 .text          0x00000000c001d00f        0x0 hw/bus/isa.32
 *fill*         0x00000000c001d00f        0x1 
 .text          0x00000000c001d010     0x1187 hw/bus/pci.32
                0x00000000c001d010                PCI::open(int, int, void*)
                0x00000000c001d02e                PCI::close(int, int, void*)
                0x00000000c001d032                PCI::PCI()
                0x00000000c001d032                PCI::PCI()
                0x00000000c001d0c8                PCI::readBAR8(unsigned int, int)
                0x00000000c001d0e4                PCI::readBAR16(unsigned int, int)
                0x00000000c001d102                PCI::readBAR32(unsigned int, int)
                0x00000000c001d11e                PCI::writeBAR8(unsigned int, unsigned char, int)
                0x00000000c001d13e                PCI::writeBAR16(unsigned int, unsigned short, int)
                0x00000000c001d160                PCI::writeBAR32(unsigned int, unsigned int, int)
                0x00000000c001d180                PCI::legacyMechanism(unsigned char, unsigned char, unsigned char, unsigned char)
                0x00000000c001d1ee                PCI::pciReadWord(unsigned char, unsigned char, unsigned char, unsigned char)
                0x00000000c001d296                PCI::getVendorID(unsigned char, unsigned char, unsigned char)
                0x00000000c001d2ba                PCI::getHeaderType(unsigned char, unsigned char, unsigned char)
                0x00000000c001d2e2                PCI::getClassCode(unsigned char, unsigned char, unsigned char)
                0x00000000c001d32c                PCI::getProgIF(unsigned char, unsigned char, unsigned char)
                0x00000000c001d354                PCI::getRevisionID(unsigned char, unsigned char, unsigned char)
                0x00000000c001d378                PCI::getInterruptNumber(unsigned char, unsigned char, unsigned char)
                0x00000000c001d39c                PCI::getSecondaryBus(unsigned char, unsigned char, unsigned char)
                0x00000000c001d3c4                PCI::getBARAddress(unsigned char, unsigned char, unsigned char, unsigned char)
                0x00000000c001d428                PCI::pciWriteWord(unsigned char, unsigned char, unsigned char, unsigned char, unsigned short)
                0x00000000c001d510                PCI::pciDetailsToFilepath(PCIDeviceInfo, char*)
                0x00000000c001d902                PCI::checkBus(unsigned char)
                0x00000000c001d926                PCI::foundDevice(PCIDeviceInfo)
                0x00000000c001dd66                PCI::getDeviceData(unsigned char, unsigned char, unsigned char)
                0x00000000c001e0d8                PCI::checkDevice(unsigned char, unsigned char)
                0x00000000c001e144                PCI::detect()
 *fill*         0x00000000c001e197        0x1 
 .text          0x00000000c001e198      0xb4a hw/diskctrl/ide.32
                0x00000000c001e198                IDE::close(int, int, void*)
                0x00000000c001e19c                IDE::IDE()
                0x00000000c001e19c                IDE::IDE()
                0x00000000c001e1d0                IDE::prepareInterrupt(unsigned char)
                0x00000000c001e1e2                selectDrive(unsigned char, unsigned char)
                0x00000000c001e1e4                IDE::getBase(unsigned char)
                0x00000000c001e1f6                IDE::write(unsigned char, unsigned char, unsigned char)
                0x00000000c001e2b6                IDE::read(unsigned char, unsigned char)
                0x00000000c001e364                IDE::waitInterrupt(unsigned char)
                0x00000000c001e3c6                ideChannel0IRQHandler(regs*, void*)
                0x00000000c001e3e2                ideChannel1IRQHandler(regs*, void*)
                0x00000000c001e3fe                IDE::enableIRQs(unsigned char, bool)
                0x00000000c001e444                IDE::open(int, int, void*)
                0x00000000c001e852                IDE::readBuffer(unsigned char, unsigned char, unsigned int, unsigned int)
                0x00000000c001e91e                IDE::detect()
                0x00000000c001ebde                IDE::printError(unsigned char, unsigned char, unsigned char)
                0x00000000c001ec8e                IDE::polling(unsigned char, unsigned int)
 .text          0x00000000c001ece2      0x5ba hw/diskctrl/satabus.32
                0x00000000c001ece2                SATABus::close(int, int, void*)
                0x00000000c001ece6                SATABus::detect()
                0x00000000c001ece8                SATABus::SATABus()
                0x00000000c001ece8                SATABus::SATABus()
                0x00000000c001ed6e                SATABus::findCmdslot(SATABus::tagHBA_PORT volatile*)
                0x00000000c001ef02                SATABus::checkType(SATABus::tagHBA_PORT volatile*)
                0x00000000c001ef4a                SATABus::startCmd(SATABus::tagHBA_PORT volatile*)
                0x00000000c001ef6a                SATABus::stopCmd(SATABus::tagHBA_PORT volatile*)
                0x00000000c001ef94                SATABus::portRebase(SATABus::tagHBA_PORT volatile*, int)
                0x00000000c001f09a                SATABus::probePort(SATABus::tagHBA_MEM volatile*)
                0x00000000c001f27c                SATABus::open(int, int, void*)
 .text          0x00000000c001f29c      0x684 hw/diskphys/ata.32
                0x00000000c001f29c                ATA::close(int, int, void*)
                0x00000000c001f2c0                ATA::powerSaving(PowerSavingLevel)
                0x00000000c001f2c2                ATA::ATA()
                0x00000000c001f2c2                ATA::ATA()
                0x00000000c001f2f0                ATA::flush(bool)
                0x00000000c001f33a                ATA::readyForCommand()
                0x00000000c001f386                ATA::access(unsigned long long, int, void*, bool)
                0x00000000c001f77c                ATA::read(unsigned long long, int, void*)
                0x00000000c001f7c8                ATA::write(unsigned long long, int, void*)
                0x00000000c001f82a                ATA::detectCHS()
                0x00000000c001f854                ATA::open(int, int, void*)
 .text          0x00000000c001f920      0x5bf hw/diskphys/atapi.32
                0x00000000c001f920                ATAPI::write(unsigned long long, int, void*)
                0x00000000c001f926                ATAPI::close(int, int, void*)
                0x00000000c001f94a                ATAPI::ATAPI()
                0x00000000c001f94a                ATAPI::ATAPI()
                0x00000000c001f978                ATAPI::readyForCommand()
                0x00000000c001f9ca                ATAPI::sendPacket(unsigned char*, int, bool, unsigned short*, int)
                0x00000000c001fc8a                ATAPI::diskRemoved()
                0x00000000c001fca6                ATAPI::eject()
                0x00000000c001fcee                ATAPI::diskInserted()
                0x00000000c001fd1c                ATAPI::detectMedia()
                0x00000000c001fdd8                ATAPI::open(int, int, void*)
                0x00000000c001fe60                ATAPI::read(unsigned long long, int, void*)
 *fill*         0x00000000c001fedf        0x1 
 .text          0x00000000c001fee0      0xa68 hw/diskphys/sata.32
                0x00000000c001fee0                SATA::close(int, int, void*)
                0x00000000c001ff04                SATA::powerSaving(PowerSavingLevel)
                0x00000000c001ff06                SATA::open(int, int, void*)
                0x00000000c00200fc                SATA::SATA()
                0x00000000c00200fc                SATA::SATA()
                0x00000000c002012a                SATA::access(unsigned long long, int, void*, bool)
                0x00000000c0020722                SATA::read(unsigned long long, int, void*)
                0x00000000c0020822                SATA::write(unsigned long long, int, void*)
 .text          0x00000000c0020948      0x5f4 hw/diskphys/satapi.32
                0x00000000c0020948                SATAPI::write(unsigned long long, int, void*)
                0x00000000c002094e                SATAPI::close(int, int, void*)
                0x00000000c0020972                SATAPI::SATAPI()
                0x00000000c0020972                SATAPI::SATAPI()
                0x00000000c00209a0                SATAPI::diskRemoved()
                0x00000000c00209cc                SATAPI::diskInserted()
                0x00000000c00209e8                SATAPI::sendPacket(unsigned char*, int, unsigned long long, unsigned short*, int)
                0x00000000c0020c70                SATAPI::eject()
                0x00000000c0020cc8                SATAPI::detectMedia()
                0x00000000c0020daa                SATAPI::open(int, int, void*)
                0x00000000c0020e9a                SATAPI::read(unsigned long long, int, void*)
 .text          0x00000000c0020f3c       0x94 hw/fpu/avx.32
                0x00000000c0020f3c                AVX::open(int, int, void*)
                0x00000000c0020f50                AVX::close(int, int, void*)
                0x00000000c0020f64                AVX::available()
                0x00000000c0020f78                AVX::save(void*)
                0x00000000c0020f90                AVX::load(void*)
                0x00000000c0020fa8                AVX::AVX()
                0x00000000c0020fa8                AVX::AVX()
 .text          0x00000000c0020fd0       0x94 hw/fpu/mmx.32
                0x00000000c0020fd0                MMX::available()
                0x00000000c0020fe4                MMX::open(int, int, void*)
                0x00000000c0020ff8                MMX::close(int, int, void*)
                0x00000000c002100c                MMX::save(void*)
                0x00000000c0021024                MMX::load(void*)
                0x00000000c002103c                MMX::MMX()
                0x00000000c002103c                MMX::MMX()
 .text          0x00000000c0021064       0x9c hw/fpu/sse.32
                0x00000000c0021064                SSE::open(int, int, void*)
                0x00000000c0021078                SSE::close(int, int, void*)
                0x00000000c002108c                SSE::available()
                0x00000000c00210a8                SSE::save(void*)
                0x00000000c00210c0                SSE::load(void*)
                0x00000000c00210d8                SSE::SSE()
                0x00000000c00210d8                SSE::SSE()
 .text          0x00000000c0021100       0x94 hw/fpu/x87.32
                0x00000000c0021100                x87::open(int, int, void*)
                0x00000000c0021114                x87::close(int, int, void*)
                0x00000000c0021128                x87::available()
                0x00000000c002113c                x87::save(void*)
                0x00000000c0021154                x87::load(void*)
                0x00000000c002116c                x87::x87()
                0x00000000c002116c                x87::x87()
 .text          0x00000000c0021194      0x71e hw/intctrl/apic.32
                0x00000000c0021194                APIC::disable()
                0x00000000c0021196                APIC::close(int, int, void*)
                0x00000000c00211b8                IOAPIC::close(int, int, void*)
                0x00000000c00211be                APIC::io_wait()
                0x00000000c00211c4                APIC::getBase()
                0x00000000c0021206                APIC::eoi(unsigned char)
                0x00000000c0021234                APIC::open(int, int, void*)
                0x00000000c0021382                IOAPIC::IOAPIC()
                0x00000000c0021382                IOAPIC::IOAPIC()
                0x00000000c00213aa                APIC::APIC()
                0x00000000c00213aa                APIC::APIC()
                0x00000000c0021486                IOAPIC::handlesGSIWithNumber(unsigned int)
                0x00000000c00214b8                IOAPIC::read(int)
                0x00000000c00214e0                IOAPIC::open(int, int, void*)
                0x00000000c00215d6                IOAPIC::write(int, int)
                0x00000000c0021602                IOAPIC::redirect(unsigned char, unsigned long long, unsigned char, bool, bool)
                0x00000000c00216fc                APIC::installIRQHandler(int, void (*)(regs*, void*), bool, void*)
 .text          0x00000000c00218b2      0x3d3 hw/intctrl/pic.32
                0x00000000c00218b2                PIC::disable()
                0x00000000c00218e0                PIC::close(int, int, void*)
                0x00000000c0021902                PIC::PIC()
                0x00000000c0021902                PIC::PIC()
                0x00000000c00219d8                PIC::ioWait()
                0x00000000c00219de                PIC::getIRQReg(int)
                0x00000000c0021a48                PIC::eoi(unsigned char)
                0x00000000c0021ada                PIC::remap()
                0x00000000c0021c46                PIC::open(int, int, void*)
 *fill*         0x00000000c0021c85        0x3 
 .text          0x00000000c0021c88      0x240 hw/timer/apictimer.32
                0x00000000c0021c88                APICTimer::close(int, int, void*)
                0x00000000c0021c90                apicTimerHandler(regs*, void*)
                0x00000000c0021cb8                APICTimer::write(int)
                0x00000000c0021da0                APICTimer::open(int, int, void*)
                0x00000000c0021ea0                APICTimer::APICTimer()
                0x00000000c0021ea0                APICTimer::APICTimer()
 .text          0x00000000c0021ec8      0x1a3 hw/timer/pit.32
                0x00000000c0021ec8                PIT::write(int)
                0x00000000c0021f48                pitHandler(regs*, void*)
                0x00000000c0021f6c                PIT::open(int, int, void*)
                0x00000000c0021fbc                PIT::close(int, int, void*)
                0x00000000c0021fec                PIT::PIT()
                0x00000000c0021fec                PIT::PIT()
 *fill*         0x00000000c002206b        0x5 
 .text          0x00000000c0022070       0x1e hw/fpu/x86/avx.32
                0x00000000c0022070                avxDetect
                0x00000000c0022076                avxSave
                0x00000000c0022077                avxLoad
                0x00000000c0022078                avxInit
                0x00000000c0022079                avxClose
                0x00000000c002207a                wouldSheSayYes
 *fill*         0x00000000c002208e        0x2 
 .text          0x00000000c0022090       0x35 hw/fpu/x86/sse.32
                0x00000000c0022090                absolutelyNoChanceInHell
                0x00000000c0022090                sseDetect
                0x00000000c00220a8                sseSave
                0x00000000c00220ae                sseLoad
                0x00000000c00220b4                sseInit
                0x00000000c00220c4                sseClose
 *fill*         0x00000000c00220c5        0xb 
 .text          0x00000000c00220d0       0x4d hw/fpu/x86/x87.32
                0x00000000c00220d6                x87Detect
                0x00000000c00220f1                x87Save
                0x00000000c00220fa                x87Load
                0x00000000c0022102                x87Init
                0x00000000c002211c                x87Close
 *fill*         0x00000000c002211d        0x3 
 .text          0x00000000c0022120       0x25 /cygdrive/d/Users/Alex/Desktop/Toolchain/Output/bin/../lib/gcc/i386-banana/8.1.0/crtend.o
 .text          0x00000000c0022145        0x0 crtn.32
 *fill*         0x00000000c0022145        0x3 
 .text          0x00000000c0022148      0x14b /cygdrive/d/Users/Alex/Desktop/Toolchain/Output/bin/../lib/gcc/i386-banana/8.1.0/libkgcc.a(_divdi3.o)
                0x00000000c0022148                __divdi3
 *fill*         0x00000000c0022293        0x1 
 .text          0x00000000c0022294      0x17e /cygdrive/d/Users/Alex/Desktop/Toolchain/Output/bin/../lib/gcc/i386-banana/8.1.0/libkgcc.a(_moddi3.o)
                0x00000000c0022294                __moddi3
 *fill*         0x00000000c0022412        0x2 
 .text          0x00000000c0022414       0xff /cygdrive/d/Users/Alex/Desktop/Toolchain/Output/bin/../lib/gcc/i386-banana/8.1.0/libkgcc.a(_udivdi3.o)
                0x00000000c0022414                __udivdi3
 *fill*         0x00000000c0022513        0x1 
 .text          0x00000000c0022514      0x11a /cygdrive/d/Users/Alex/Desktop/Toolchain/Output/bin/../lib/gcc/i386-banana/8.1.0/libkgcc.a(_umoddi3.o)
                0x00000000c0022514                __umoddi3
 *(.gnu.linkonce.t*)

.iplt           0x00000000c0022630        0x0
 .iplt          0x00000000c0022630        0x0 D:/Users/Alex/Desktop/Banana/kernel/boot.32

.init           0x00000000c002262e        0xf
 .init          0x00000000c002262e        0x3 crti.32
                0x00000000c002262e                _init
 .init          0x00000000c0022631        0x5 /cygdrive/d/Users/Alex/Desktop/Toolchain/Output/bin/../lib/gcc/i386-banana/8.1.0/crtbegin.o
 .init          0x00000000c0022636        0x5 /cygdrive/d/Users/Alex/Desktop/Toolchain/Output/bin/../lib/gcc/i386-banana/8.1.0/crtend.o
 .init          0x00000000c002263b        0x2 crtn.32

.fini           0x00000000c002263d        0xa
 .fini          0x00000000c002263d        0x3 crti.32
                0x00000000c002263d                _fini
 .fini          0x00000000c0022640        0x5 /cygdrive/d/Users/Alex/Desktop/Toolchain/Output/bin/../lib/gcc/i386-banana/8.1.0/crtbegin.o
 .fini          0x00000000c0022645        0x2 crtn.32

.text._ZN8ComputerD2Ev
                0x00000000c0022648       0x23
 .text._ZN8ComputerD2Ev
                0x00000000c0022648       0x23 core/computer.32
                0x00000000c0022648                Computer::~Computer()
                0x00000000c0022648                Computer::~Computer()

.text._ZN8ComputerD0Ev
                0x00000000c002266c       0x2a
 .text._ZN8ComputerD0Ev
                0x00000000c002266c       0x2a core/computer.32
                0x00000000c002266c                Computer::~Computer()

.text._Z10idleCommonv
                0x00000000c0022696       0x21
 .text._Z10idleCommonv
                0x00000000c0022696       0x21 core/idle.32
                0x00000000c0022696                idleCommon()

.text._ZN10LinkedListI8UnixFileED2Ev
                0x00000000c00226b8        0x2
 .text._ZN10LinkedListI8UnixFileED2Ev
                0x00000000c00226b8        0x2 core/unixfile.32
                0x00000000c00226b8                LinkedList<UnixFile>::~LinkedList()
                0x00000000c00226b8                LinkedList<UnixFile>::~LinkedList()

.text._ZN10LinkedListI8UnixFileEC2Ev
                0x00000000c00226ba       0x42
 .text._ZN10LinkedListI8UnixFileEC2Ev
                0x00000000c00226ba       0x42 core/unixfile.32
                0x00000000c00226ba                LinkedList<UnixFile>::LinkedList()
                0x00000000c00226ba                LinkedList<UnixFile>::LinkedList()

.text._ZN10LinkedListI8UnixFileE10addElementEPS0_
                0x00000000c00226fc       0xd3
 .text._ZN10LinkedListI8UnixFileE10addElementEPS0_
                0x00000000c00226fc       0xd3 core/unixfile.32
                0x00000000c00226fc                LinkedList<UnixFile>::addElement(UnixFile*)

.text._ZN10LinkedListI8UnixFileE15getFirstElementEv
                0x00000000c00227d0        0x7