Archive member included to satisfy reference by file (symbol)

/cygdrive/d/Users/Alex/Desktop/Toolchain/Output/bin/../lib/gcc/i386-banana/8.1.0/libkgcc.a(_divdi3.o)
                              krnl/resolve.32 (__divdi3)
/cygdrive/d/Users/Alex/Desktop/Toolchain/Output/bin/../lib/gcc/i386-banana/8.1.0/libkgcc.a(_moddi3.o)
                              krnl/resolve.32 (__moddi3)
/cygdrive/d/Users/Alex/Desktop/Toolchain/Output/bin/../lib/gcc/i386-banana/8.1.0/libkgcc.a(_udivdi3.o)
                              hal/clock.32 (__udivdi3)
/cygdrive/d/Users/Alex/Desktop/Toolchain/Output/bin/../lib/gcc/i386-banana/8.1.0/libkgcc.a(_umoddi3.o)
                              core/pipe.32 (__umoddi3)

Allocating common symbols
Common symbol       size              file

dcache              0x40              fs/iso9660/iso9660.32
cdDriveLetter       0x1               fs/iso9660/iso9660.32
icache              0x40              fs/iso9660/iso9660.32

Discarded input sections

 .comment       0x0000000000000000       0x12 /cygdrive/d/Users/Alex/Desktop/Toolchain/Output/bin/../lib/gcc/i386-banana/8.1.0/crtbegin.o
 .comment       0x0000000000000000       0x12 acpica/utclib.32
 .comment       0x0000000000000000       0x12 core/malloc.32
 .comment       0x0000000000000000       0x12 libk/ctype.32
 .comment       0x0000000000000000       0x12 libk/string.32
 .comment       0x0000000000000000       0x12 fs/fat/diskio.32
 .comment       0x0000000000000000       0x12 fs/fat/ff.32
 .comment       0x0000000000000000       0x12 fs/fat/ffsystem.32
 .comment       0x0000000000000000       0x12 fs/fat/ffunicode.32
 .comment       0x0000000000000000       0x12 fs/iso9660/iso9660.32
 .group         0x0000000000000000       0x14 core/computer.32
 .group         0x0000000000000000        0xc core/computer.32
 .comment       0x0000000000000000       0x12 core/computer.32
 .comment       0x0000000000000000       0x12 core/gdt.32
 .group         0x0000000000000000        0xc core/idle.32
 .comment       0x0000000000000000       0x12 core/idle.32
 .comment       0x0000000000000000       0x12 core/idt.32
 .comment       0x0000000000000000       0x12 core/kheap.32
 .comment       0x0000000000000000       0x12 core/main.32
 .comment       0x0000000000000000       0x12 core/physmgr.32
 .group         0x0000000000000000        0xc core/pipe.32
 .comment       0x0000000000000000       0x12 core/pipe.32
 .group         0x0000000000000000        0xc core/terminal.32
 .comment       0x0000000000000000       0x12 core/terminal.32
 .comment       0x0000000000000000       0x12 core/tss.32
 .group         0x0000000000000000        0x8 core/unixfile.32
 .group         0x0000000000000000        0x8 core/unixfile.32
 .group         0x0000000000000000        0xc core/unixfile.32
 .group         0x0000000000000000        0x8 core/unixfile.32
 .group         0x0000000000000000        0xc core/unixfile.32
 .group         0x0000000000000000        0x8 core/unixfile.32
 .group         0x0000000000000000        0xc core/unixfile.32
 .group         0x0000000000000000        0xc core/unixfile.32
 .comment       0x0000000000000000       0x12 core/unixfile.32
 .comment       0x0000000000000000       0x12 core/virtmgr.32
 .comment       0x0000000000000000       0x12 coreobjs/c++.32
 .comment       0x0000000000000000       0x12 dbg/kconsole.32
 .group         0x0000000000000000        0xc fs/vfs.32
 .group         0x0000000000000000        0xc fs/vfs.32
 .group         0x0000000000000000        0xc fs/vfs.32
 .comment       0x0000000000000000       0x12 fs/vfs.32
 .group         0x0000000000000000        0xc hal/bus.32
 .comment       0x0000000000000000       0x12 hal/bus.32
 .comment       0x0000000000000000       0x12 hal/buzzer.32
 .group         0x0000000000000000        0xc hal/clock.32
 .comment       0x0000000000000000       0x12 hal/clock.32
 .group         0x0000000000000000       0x14 hal/device.32
 .group         0x0000000000000000        0xc hal/device.32
 .group         0x0000000000000000        0x8 hal/device.32
 .group         0x0000000000000000        0xc hal/device.32
 .group         0x0000000000000000        0xc hal/device.32
 .comment       0x0000000000000000       0x12 hal/device.32
 .group         0x0000000000000000        0xc hal/diskctrl.32
 .comment       0x0000000000000000       0x12 hal/diskctrl.32
 .group         0x0000000000000000        0xc hal/diskphys.32
 .comment       0x0000000000000000       0x12 hal/diskphys.32
 .comment       0x0000000000000000       0x12 hal/fpu.32
 .comment       0x0000000000000000       0x12 hal/intctrl.32
 .group         0x0000000000000000        0xc hal/keybrd.32
 .comment       0x0000000000000000       0x12 hal/keybrd.32
 .group         0x0000000000000000        0xc hal/logidisk.32
 .comment       0x0000000000000000       0x12 hal/logidisk.32
 .group         0x0000000000000000        0xc hal/mouse.32
 .comment       0x0000000000000000       0x12 hal/mouse.32
 .group         0x0000000000000000        0xc hal/nic.32
[...]
Memory Configuration

Name             Origin             Length             Attributes
*default*        0x0000000000000000 0xffffffffffffffff

Linker script and memory map

LOAD D:/Users/Alex/Desktop/Banana/kernel/boot.32
LOAD crti.32
LOAD /cygdrive/d/Users/Alex/Desktop/Toolchain/Output/bin/../lib/gcc/i386-banana/8.1.0/crtbegin.o
LOAD D:/Users/Alex/Desktop/Banana/kernel/morenasm.32
LOAD acpica/utclib.32
LOAD core/malloc.32
LOAD libk/ctype.32
LOAD libk/string.32
LOAD fs/fat/diskio.32
LOAD fs/fat/ff.32
LOAD fs/fat/ffsystem.32
LOAD fs/fat/ffunicode.32
LOAD fs/iso9660/iso9660.32
LOAD core/computer.32
LOAD core/gdt.32
LOAD core/idle.32
LOAD core/idt.32
LOAD core/kheap.32
LOAD core/main.32
LOAD core/physmgr.32
LOAD core/pipe.32
LOAD core/terminal.32
LOAD core/tss.32
LOAD core/unixfile.32
LOAD core/virtmgr.32
LOAD coreobjs/c++.32
LOAD dbg/kconsole.32
LOAD fs/vfs.32
LOAD hal/bus.32
LOAD hal/buzzer.32
LOAD hal/clock.32
LOAD hal/device.32
LOAD hal/diskctrl.32
LOAD hal/diskphys.32
LOAD hal/fpu.32
LOAD hal/intctrl.32
LOAD hal/keybrd.32
LOAD hal/logidisk.32
LOAD hal/mouse.32
LOAD hal/nic.32
LOAD hal/partition.32
LOAD hal/serial.32
LOAD hal/timer.32
LOAD hal/vcache.32
LOAD hal/video.32
LOAD hw/acpi.32
LOAD hw/cpu.32
LOAD krnl/bootmsg.32
LOAD krnl/env.32
LOAD krnl/inlines.32
LOAD krnl/panic.32
LOAD krnl/powctrl.32
LOAD krnl/resolve.32
LOAD krnl/signal.32
LOAD krnl/syscalls.32
LOAD reg/cm.32
LOAD reg/registry.32
LOAD sys/eject.32
LOAD sys/exit.32
LOAD sys/getcwd.32
LOAD sys/getpid.32
LOAD sys/getramdata.32
LOAD sys/getvgaptr.32
LOAD sys/loaddll.32
LOAD sys/read.32
LOAD sys/registersignal.32
LOAD sys/sbrk.32
LOAD sys/setcwd.32
LOAD sys/settime.32
LOAD sys/timezone.32
LOAD sys/write.32
LOAD sys/wsbe.32
LOAD sys/yield.32
LOAD thr/elf.32
LOAD thr/prcssthr.32
LOAD vm86/vm8086.32
LOAD arch/i386/hal.32
LOAD arch/i386/pic.32
LOAD arch/i386/rtc.32
LOAD arch/i386/vga.32
LOAD fs/fat/vfslink.32
LOAD fs/iso9660/helper.32
LOAD fs/iso9660/vfslink.32
LOAD hal/sound/sndcard.32
LOAD hal/sound/sndport.32
LOAD hw/bus/isa.32
LOAD hw/bus/pci.32
LOAD hw/diskctrl/ide.32
LOAD hw/diskctrl/satabus.32
LOAD hw/diskphys/ata.32
LOAD hw/diskphys/atapi.32
LOAD hw/diskphys/sata.32
LOAD hw/diskphys/satapi.32
LOAD hw/intctrl/apic.32
LOAD hw/timer/apictimer.32
LOAD hw/timer/pit.32
LOAD arch/i386/avx.32
LOAD arch/i386/interrupt.32
LOAD arch/i386/rdrand.32
LOAD arch/i386/sse.32
LOAD arch/i386/x87.32
LOAD /cygdrive/d/Users/Alex/Desktop/Toolchain/Output/bin/../lib/gcc/i386-banana/8.1.0/crtend.o
LOAD crtn.32
LOAD /cygdrive/d/Users/Alex/Desktop/Toolchain/Output/bin/../lib/gcc/i386-banana/8.1.0/libkgcc.a
LOAD D:/Users/Alex/Desktop/Banana/kernel/libsoftfp.a
LOAD D:/Users/Alex/Desktop/Banana/kernel/libk/libm32.a
                0x00000000c0000000                . = 0xc0000000

.text           0x00000000c0000000    0x1da7a
 *(.text)
 .text          0x00000000c0000000       0x20 D:/Users/Alex/Desktop/Banana/kernel/boot.32
 .text          0x00000000c0000020        0x0 crti.32
 .text          0x00000000c0000020      0x101 /cygdrive/d/Users/Alex/Desktop/Toolchain/Output/bin/../lib/gcc/i386-banana/8.1.0/crtbegin.o
 *fill*         0x00000000c0000121        0xf 
 .text          0x00000000c0000130      0x252 D:/Users/Alex/Desktop/Banana/kernel/morenasm.32
                0x00000000c0000130                manualPCIProbe
                0x00000000c000017b                prepareTramp
                0x00000000c0000194                doTPAUSE
                0x00000000c000019e                hasLegacyFPU
                0x00000000c00001c3                is486
                0x00000000c00001f9                detectCPUID
                0x00000000c000020f                goToVM86
                0x00000000c000023f                goToUsermode
                0x00000000c0000269                switchToThreadASMFirstTime
                0x00000000c0000277                switchToThreadASM
                0x00000000c00002ff                asmQuickAcquireLock
                0x00000000c000031d                asmQuickReleaseLock
                0x00000000c0000329                asmAcquireLock
                0x00000000c000034a                asmReleaseLock
                0x00000000c000035d                loadGDT
                0x00000000c000037d                memcpy
 *fill*         0x00000000c0000382        0xe 
 .text          0x00000000c0000390      0x79e acpica/utclib.32
                0x00000000c0000390                memcmp
                0x00000000c00003e0                memmove
                0x00000000c00004d0                memset
                0x00000000c0000540                strlen
                0x00000000c0000570                strpbrk
                0x00000000c00005b0                strtok
                0x00000000c0000600                strcpy
                0x00000000c0000630                strncpy
                0x00000000c00006e0                strcmp
                0x00000000c0000730                strchr
                0x00000000c0000760                strncmp
                0x00000000c00007c0                strcat
                0x00000000c00007f0                strncat
                0x00000000c0000850                strstr
                0x00000000c00008b0                toupper
                0x00000000c00008d0                tolower
                0x00000000c00008f0                simple_strtoul
 .text          0x00000000c0000b2e      0xfad core/malloc.32
                0x00000000c0000c99                dlfree
                0x00000000c0000ff4                dlmalloc
                0x00000000c0001531                dlrealloc
                0x00000000c00016d4                dlmemalign
                0x00000000c00017f7                dlcalloc
                0x00000000c0001891                dlcfree
                0x00000000c0001896                dlindependent_calloc
                0x00000000c00018bb                dlindependent_comalloc
                0x00000000c00018d2                dlvalloc
                0x00000000c00018fd                dlpvalloc
                0x00000000c0001933                dlmalloc_trim
                0x00000000c0001940                dlmalloc_usable_size
                0x00000000c0001971                dlmallinfo
                0x00000000c0001a40                dlmalloc_stats
                0x00000000c0001a51                dlmallopt
 *fill*         0x00000000c0001adb        0x1 
 .text          0x00000000c0001adc      0x1f2 libk/ctype.32
                0x00000000c0001adc                isblank
                0x00000000c0001afc                iscntrl
                0x00000000c0001b1c                isdigit
                0x00000000c0001b38                islower
                0x00000000c0001b54                isspace
                0x00000000c0001b7c                isupper
                0x00000000c0001b98                isalpha
                0x00000000c0001bc8                isalnum
                0x00000000c0001bf8                ispunct
                0x00000000c0001c38                isgraph
                0x00000000c0001c68                isprint
                0x00000000c0001c90                isxdigit
 .text          0x00000000c0001cce        0x0 libk/string.32
 .text          0x00000000c0001cce       0x51 fs/fat/diskio.32
                0x00000000c0001cce                disk_status
                0x00000000c0001cd1                disk_initialize
                0x00000000c0001cd4                disk_read
                0x00000000c0001cea                disk_write
                0x00000000c0001d00                disk_ioctl
 .text          0x00000000c0001d1f     0x3d4b fs/fat/ff.32
                0x00000000c0003abb                f_mount
                0x00000000c0003b1d                f_open
                0x00000000c0003de8                f_read
                0x00000000c0003fe7                f_write
                0x00000000c000421b                f_sync
                0x00000000c00042d0                f_close
                0x00000000c00042ff                f_lseek
                0x00000000c00044a6                f_opendir
                0x00000000c0004571                f_closedir
                0x00000000c0004593                f_readdir
                0x00000000c0004625                f_stat
                0x00000000c00046a4                f_getfree
                0x00000000c00047a6                f_truncate
                0x00000000c000488a                f_unlink
                0x00000000c00049ac                f_mkdir
                0x00000000c0004b47                f_rename
                0x00000000c0004cfd                f_chmod
                0x00000000c0004da6                f_utime
                0x00000000c0004e54                f_getlabel
                0x00000000c0004fa5                f_setlabel
                0x00000000c0005135                f_expand
                0x00000000c0005295                f_mkfs
 *fill*         0x00000000c0005a6a        0x2 
 .text          0x00000000c0005a6c       0x2f fs/fat/ffsystem.32
                0x00000000c0005a6c                ff_memalloc
                0x00000000c0005a84                ff_memfree
 *fill*         0x00000000c0005a9b        0x1 
 .text          0x00000000c0005a9c      0x2a8 fs/fat/ffunicode.32
                0x00000000c0005a9c                ff_uni2oem
                0x00000000c0005b3c                ff_oem2uni
                0x00000000c0005bb4                ff_wtoupper
 .text          0x00000000c0005d44      0xd2f fs/iso9660/iso9660.32
                0x00000000c0005f89                isoReadDiscSector
                0x00000000c0006024                strnicmp
                0x00000000c00062d7                stricmp
                0x00000000c0006323                iso_open
                0x00000000c00063ad                iso_close
                0x00000000c00063cb                iso_read
                0x00000000c00064e1                iso_seek
                0x00000000c0006565                iso_tell
                0x00000000c0006596                iso_total
                0x00000000c00065c1                fn_postprocess
                0x00000000c00065e7                iso_readdir
                0x00000000c000683e                iso_reset
                0x00000000c000685b                init_percd
                0x00000000c0006955                iso_ioctl
                0x00000000c000696d                fs_iso9660_init
                0x00000000c0006a03                fs_iso9660_shutdown
 *fill*         0x00000000c0006a73        0x1 
 .text          0x00000000c0006a74      0x685 core/computer.32
                0x00000000c0006a74                Computer::close(int, int, void*)
                0x00000000c0006ab9                Krnl::firstTask()
                0x00000000c0006bec                Computer::Computer()
                0x00000000c0006bec                Computer::Computer()
                0x00000000c0006c9e                Computer::setBootMessage(char const*)
                0x00000000c0006ca0                Computer::detectFeatures()
                0x00000000c0006eaa                Computer::displayFeatures()
                0x00000000c0006eac                Computer::rdmsr(unsigned int)
                0x00000000c0006ed8                Computer::wrmsr(unsigned int, unsigned long long)
                0x00000000c0006f10                Computer::shutdown()
                0x00000000c0006f28                Computer::restart()
                0x00000000c0006f40                Computer::sleep()
                0x00000000c0006f54                Computer::nmiEnabled()
                0x00000000c0006f60                Computer::readCMOS(unsigned char)
                0x00000000c0006f7a                Computer::enableNMI(bool)
                0x00000000c0006f92                Computer::open(int, int, void*)
                0x00000000c0007066                Computer::disableNMI()
                0x00000000c0007076                Computer::writeCMOS(unsigned char, unsigned char)
                0x00000000c0007094                Computer::handleNMI()
 *fill*         0x00000000c00070f9        0x1 
 .text          0x00000000c00070fa      0x1cf core/gdt.32
                0x00000000c00070fa                GDTEntry::setBase(unsigned int)
                0x00000000c0007116                GDTEntry::setLimit(unsigned int)
                0x00000000c0007134                GDT::GDT()
                0x00000000c0007134                GDT::GDT()
                0x00000000c000714a                GDT::addEntry(GDTEntry)
                0x00000000c000716c                GDT::getNumberOfEntries()
                0x00000000c0007174                GDT::flush()
                0x00000000c0007196                GDT::setup()
 .text          0x00000000c00072c9       0x1d core/idle.32
                0x00000000c00072c9                idleFunction(void*)
 *fill*         0x00000000c00072e6        0x2 
 .text          0x00000000c00072e8      0x464 core/idt.32
                0x00000000c00072e8                IDTEntry::IDTEntry(bool)
                0x00000000c00072e8                IDTEntry::IDTEntry(bool)
                0x00000000c000735a                IDTEntry::setOffset(unsigned int)
                0x00000000c0007370                IDT::IDT()
                0x00000000c0007370                IDT::IDT()
                0x00000000c0007372                IDT::getPointerToInvalidOpcodeEntryForF00F()
                0x00000000c000737a                IDT::addEntry(IDTEntry, int)
                0x00000000c0007394                IDT::addEntry(int, void (*)(), bool)
                0x00000000c00073cc                IDT::flush()
                0x00000000c00073e6                IDT::setup()
 .text          0x00000000c000774c      0x183 core/kheap.32
                0x00000000c000774c                sbrk
                0x00000000c00077e1                mmap
                0x00000000c00077f7                munmap
                0x00000000c000780d                liballoc_lock()
                0x00000000c000781a                liballoc_unlock()
                0x00000000c000782e                liballoc_alloc(int)
                0x00000000c0007846                liballoc_free(void*, int)
                0x00000000c0007861                realloc
                0x00000000c0007875                malloc
                0x00000000c0007885                free
                0x00000000c0007895                rfree
                0x00000000c00078a5                calloc
 .text          0x00000000c00078cf       0xc3 core/main.32
                0x00000000c00078cf                KeEntryPoint
 .text          0x00000000c0007992      0x5dc core/physmgr.32
                0x00000000c0007992                Phys::allocateDMA(unsigned long)
                0x00000000c0007a69                Phys::freeDMA(unsigned long, unsigned long)
                0x00000000c0007a9c                Phys::setPageState(unsigned long, bool)
                0x00000000c0007ace                Phys::getPageState(unsigned long)
                0x00000000c0007aef                Phys::freePage(unsigned long)
                0x00000000c0007b51                Phys::allocatePage()
                0x00000000c0007c0f                Phys::allocateContiguousPages(int)
                0x00000000c0007c6b                Phys::allowSegmentToBeUsed(unsigned long, unsigned long)
                0x00000000c0007ca3                Phys::physicalMemorySetup(unsigned int)
 .text          0x00000000c0007f6e      0x273 core/pipe.32
                0x00000000c0007f6e                Pipe::isAtty()
                0x00000000c0007f72                Pipe::~Pipe()
                0x00000000c0007f72                Pipe::~Pipe()
                0x00000000c0007f96                Pipe::~Pipe()
                0x00000000c0007fbe                Pipe::write(unsigned long long, void*, int*)
                0x00000000c000807e                Pipe::read(unsigned long long, void*, int*)
                0x00000000c000817a                Pipe::Pipe(int)
                0x00000000c000817a                Pipe::Pipe(int)
 *fill*         0x00000000c00081e1        0x1 
 .text          0x00000000c00081e2      0xaac core/terminal.32
                0x00000000c00081e2                VgaText::isAtty()
                0x00000000c00081e6                VgaText::~VgaText()
                0x00000000c00081e6                VgaText::~VgaText()
                0x00000000c000820a                VgaText::~VgaText()
                0x00000000c0008234                VgaText::read(unsigned long long, void*, int*)
                0x00000000c0008254                setTerminalScrollLock(bool)
                0x00000000c0008255                doTerminalCycle()
                0x00000000c0008256                addToTerminalCycle(VgaText*)
                0x00000000c0008257                scrollTerminalScrollLock(int)
                0x00000000c0008258                VgaText::updateTitle()
                0x00000000c000825a                VgaText::load()
                0x00000000c000825c                VgaText::updateCursor()
                0x00000000c0008272                VgaText::doANSI_SGR(int)
                0x00000000c00082e6                VgaText::setDefaultBgColour(VgaColour)
                0x00000000c00082f6                VgaText::setDefaultFgColour(VgaColour)
                0x00000000c0008306                VgaText::setDefaultColours(VgaColour, VgaColour)
                0x00000000c0008326                VgaText::setTitleTextColour(VgaColour)
                0x00000000c0008332                VgaText::setTitleColour(VgaColour)
                0x00000000c000833e                VgaText::setTitle(char*)
                0x00000000c0008340                VgaText::combineColours(unsigned char, unsigned char)
                0x00000000c0008352                VgaText::scrollScreen()
                0x00000000c00083e4                VgaText::combineCharAndColour(char, unsigned char)
                0x00000000c00083f6                VgaText::writeCharacter(char, VgaColour, VgaColour, int, int)
                0x00000000c0008486                VgaText::getCursorX()
                0x00000000c000848e                VgaText::getCursorY()
                0x00000000c0008496                VgaText::setCursor(int, int)
                0x00000000c00084ad                setActiveTerminal(VgaText*)
                0x00000000c00084f8                VgaText::clearScreen()
                0x00000000c0008546                VgaText::setCursorX(int)
                0x00000000c000855e                VgaText::setCursorY(int)
                0x00000000c0008576                VgaText::incrementCursor(bool)
                0x00000000c00085ca                VgaText::decrementCursor(bool)
                0x00000000c00085ec                VgaText::putchar(char, VgaColour, VgaColour)
                0x00000000c00086ba                VgaText::putchar(char)
                0x00000000c00087a6                VgaText::putx(unsigned int)
                0x00000000c00087ec                VgaText::puts(char const*)
                0x00000000c0008812                VgaText::write(unsigned long long, void*, int*)
                0x00000000c000885e                VgaText::puts(char const*, VgaColour, VgaColour)
                0x00000000c00089b0                VgaText::VgaText(char const*)
                0x00000000c00089b0                VgaText::VgaText(char const*)
                0x00000000c0008b00                VgaText::receiveKey(unsigned char)
                0x00000000c0008c68                VgaText::doUpdate()
                0x00000000c0008c69                newTerminal(char*)
 *fill*         0x00000000c0008c8e        0x2 
 .text          0x00000000c0008c90      0x1a1 core/tss.32
                0x00000000c0008c90                TSS::TSS()
                0x00000000c0008c90                TSS::TSS()
                0x00000000c0008ca0                TSS::setESP(unsigned long)
                0x00000000c0008cb4                TSS::flush()
                0x00000000c0008cd4                TSS::setup(unsigned long, unsigned long)
 *fill*         0x00000000c0008e31        0x1 
 .text          0x00000000c0008e32      0x4c2 core/unixfile.32
                0x00000000c0008e32                ReservedFilename::read(unsigned long long, void*, int*)
                0x00000000c0008e88                ReservedFilename::isAtty()
                0x00000000c0008ea4                ReservedFilename::write(unsigned long long, void*, int*)
                0x00000000c0008f02                UnixFile::getFileDescriptor()
                0x00000000c0008f0a                UnixFile::UnixFile(int)
                0x00000000c0008f0a                UnixFile::UnixFile(int)
                0x00000000c00090ba                ReservedFilename::ReservedFilename(int)
                0x00000000c00090ba                ReservedFilename::ReservedFilename(int)
                0x00000000c00090ec                UnixFile::~UnixFile()
                0x00000000c00090ec                UnixFile::~UnixFile()
                0x00000000c0009184                UnixFile::~UnixFile()
                0x00000000c00091ac                ReservedFilename::~ReservedFilename()
                0x00000000c00091ac                ReservedFilename::~ReservedFilename()
                0x00000000c00091d0                ReservedFilename::~ReservedFilename()
                0x00000000c00091f7                getFromFileDescriptor(int)
 .text          0x00000000c00092f4     0x11d0 core/virtmgr.32
                0x00000000c00092f4                Virt::setPageState(unsigned long, Virt::VirtPageState)
                0x00000000c0009329                Virt::getPageState(unsigned long)
                0x00000000c000934d                Virt::allocateKernelVirtualPages(int)
                0x00000000c000945e                Virt::freeSwapfilePage(unsigned long)
                0x00000000c000947c                Virt::swapIDToSector(unsigned long)
                0x00000000c000948e                Virt::allocateSwapfilePage()
                0x00000000c000950c                Virt::virtualMemorySetup()
                0x00000000c0009557                Virt::setupPageSwapping(int)
                0x00000000c00095c8                VAS::VAS(VAS*)
                0x00000000c00095c8                VAS::VAS(VAS*)
                0x00000000c00095f6                VAS::getForeignPageTableEntry(bool, unsigned long)
                0x00000000c0009622                VAS::getPageTableEntry(unsigned long)
                0x00000000c0009641                Virt::freeKernelVirtualPages(unsigned long)
                0x00000000c0009766                VAS::freeAllocatedPages(unsigned long)
                0x00000000c000978a                VAS::virtualToPhysical(unsigned long)
                0x00000000c00097a4                VAS::reflagRange(unsigned long, int, int, int)
                0x00000000c00097e4                VAS::VAS()
                0x00000000c00097e4                VAS::VAS()
                0x00000000c000984e                VAS::setToWriteCombining(unsigned long, int)
                0x00000000c0009882                VAS::mapOtherVASIn(bool, VAS*)
                0x00000000c00098ac                VAS::~VAS()
                0x00000000c00098ac                VAS::~VAS()
                0x00000000c0009a10                VAS::mapPage(unsigned long, unsigned long, int)
                0x00000000c0009b14                VAS::allocatePages(int, int)
                0x00000000c0009cec                VAS::setCPUSpecific(unsigned long)
                0x00000000c0009d0a                VAS::mapRange(unsigned long, unsigned long, int, int)
                0x00000000c0009dd0                VAS::mapForeignPage(bool, VAS*, unsigned long, unsigned long, int)
                0x00000000c0009ebe                VAS::VAS(bool)
                0x00000000c0009ebe                VAS::VAS(bool)
                0x00000000c000a13e                VAS::evict(unsigned long)
                0x00000000c000a200                VAS::tryLoadBackOffDisk(unsigned long)
                0x00000000c000a2ee                VAS::scanForEviction()
                0x00000000c000a3ce                mapVASFirstTime
 .text          0x00000000c000a4c4       0x5f coreobjs/c++.32
                0x00000000c000a4c4                __cxa_atexit
                0x00000000c000a4c7                __cxa_finalize
                0x00000000c000a4c8                __stack_chk_fail
                0x00000000c000a4fe                __cxa_pure_virtual
                0x00000000c000a50f                operator new[](unsigned long)
                0x00000000c000a514                operator delete(void*, unsigned long)
                0x00000000c000a519                operator delete[](void*)
                0x00000000c000a51e                operator delete[](void*, unsigned long)
 .text          0x00000000c000a523      0x21c dbg/kconsole.32
                0x00000000c000a523                Dbg::stringifyxWithBase(unsigned int, char*, int)
                0x00000000c000a58e                Dbg::logc(char)
                0x00000000c000a5ae                Dbg::logs(char*)
                0x00000000c000a5cb                Dbg::logWriteInt(unsigned int)
                0x00000000c000a5e9                Dbg::logWriteIntBase(unsigned int, int)
                0x00000000c000a60a                Dbg::kprintf(char const*, ...)
 *fill*         0x00000000c000a73f        0x1 
 .text          0x00000000c000a740      0xc5c fs/vfs.32
                0x00000000c000a740                File::read(unsigned long long, void*, int*)
                0x00000000c000a798                File::write(unsigned long long, void*, int*)
                0x00000000c000a7f0                Directory::read(unsigned long long, void*, int*)
                0x00000000c000a848                Directory::write(unsigned long long, void*, int*)
                0x00000000c000a876                File::isAtty()
                0x00000000c000a87a                Directory::isAtty()
                0x00000000c000a87e                Filesystem::getlabel(LogicalDisk*, int, char*, unsigned int*)
                0x00000000c000a884                Filesystem::setlabel(LogicalDisk*, int, char*)
                0x00000000c000a88a                Filesystem::allocateSwapfile(char const*, int)
                0x00000000c000a890                File::~File()
                0x00000000c000a890                File::~File()
                0x00000000c000a8b4                File::~File()
                0x00000000c000a8de                Directory::~Directory()
                0x00000000c000a8de                Directory::~Directory()
                0x00000000c000a902                Directory::~Directory()
                0x00000000c000a92c                Filesystem::Filesystem()
                0x00000000c000a92c                Filesystem::Filesystem()
                0x00000000c000a950                Filesystem::~Filesystem()
                0x00000000c000a950                Filesystem::~Filesystem()
                0x00000000c000a95e                Filesystem::~Filesystem()
                0x00000000c000a982                Fs::getcwd(Process*, char*, int)
                0x00000000c000a9ac                Fs::initVFS()
                0x00000000c000a9d6                Fs::standardiseFiles(char*, char const*, char const*)
                0x00000000c000ab80                File::File(char const*, Process*)
                0x00000000c000ab80                File::File(char const*, Process*)
                0x00000000c000ac40                File::open(FileOpenMode)
                0x00000000c000ac9e                File::close()
                0x00000000c000acfe                File::seek(unsigned long long)
                0x00000000c000ad54                File::tell(unsigned long long*)
                0x00000000c000ada4                File::rewind()
                0x00000000c000adb8                File::unlink()
                0x00000000c000ae04                File::rename(char const*)
                0x00000000c000ae52                File::chfatattr(unsigned char, unsigned char)
                0x00000000c000aeae                File::exists()
                0x00000000c000aeec                File::stat(unsigned long long*, bool*)
                0x00000000c000af4d                Fs::setcwd(Process*, char*)
                0x00000000c000b0aa                Directory::Directory(char const*, Process*)
                0x00000000c000b0aa                Directory::Directory(char const*, Process*)
                0x00000000c000b16a                Directory::open()
                0x00000000c000b1c6                Directory::close()
                0x00000000c000b226                Directory::unlink()
                0x00000000c000b272                Directory::rename(char const*)
                0x00000000c000b2c0                Directory::exists()
                0x00000000c000b2fe                Directory::read(dirent*)
                0x00000000c000b34a                Directory::create()
                0x00000000c000b396                Filesystem::chfatattr(char const*, unsigned char, unsigned char)
 .text          0x00000000c000b39c       0x86 hal/bus.32
                0x00000000c000b39c                Bus::Bus(char const*)
                0x00000000c000b39c                Bus::Bus(char const*)
                0x00000000c000b3d4                Bus::~Bus()
                0x00000000c000b3d4                Bus::~Bus()
                0x00000000c000b3f8                Bus::~Bus()
 .text          0x00000000c000b422       0x96 hal/buzzer.32
                0x00000000c000b422                beepThread(void*)
                0x00000000c000b45f                Krnl::beep(int, int, bool)
 .text          0x00000000c000b4b8      0x46d hal/clock.32
                0x00000000c000b4b8                User::loadClockSettings(int)
                0x00000000c000b50a                Clock::Clock(char const*)
                0x00000000c000b50a                Clock::Clock(char const*)
                0x00000000c000b540                Clock::~Clock()
                0x00000000c000b540                Clock::~Clock()
                0x00000000c000b564                Clock::~Clock()
                0x00000000c000b58e                Clock::timeInSecondsLocal()
                0x00000000c000b5d6                Clock::setTimeInSecondsLocal(unsigned long long)
                0x00000000c000b62f                datetimeToSeconds(datetime_t)
                0x00000000c000b75c                Clock::setTimeInDatetimeLocal(datetime_t)
                0x00000000c000b7bc                secondsToDatetime(unsigned long long)
                0x00000000c000b900                Clock::timeInDatetimeLocal()
 *fill*         0x00000000c000b925        0x1 
 .text          0x00000000c000b926      0x464 hal/device.32
                0x00000000c000b926                Device::hibernate()
                0x00000000c000b928                Device::wake()
                0x00000000c000b92a                Device::detect()
                0x00000000c000b92c                Device::disableLegacy()
                0x00000000c000b92e                Device::powerSaving(PowerSavingLevel)
                0x00000000c000b930                DriverlessDevice::close(int, int, void*)
                0x00000000c000b934                DriverlessDevice::detect()
                0x00000000c000b936                DriverlessDevice::open(int, int, void*)
                0x00000000c000b94a                Device::~Device()
                0x00000000c000b94a                Device::~Device()
                0x00000000c000b958                Device::~Device()
                0x00000000c000b980                Device::findAndLoadDriver()
                0x00000000c000b98e                Device::preOpenPCI(PCIDeviceInfo)
                0x00000000c000b9b4                Device::preOpenACPI(void*, char*, char*)
                0x00000000c000b9f4                Device::addIRQHandler(int, void (*)(regs*, void*), bool, void*)
                0x00000000c000ba1e                Device::getParent()
                0x00000000c000ba2a                Device::removeIRQHandler(int, void (*)(regs*, void*), bool)
                0x00000000c000ba48                Device::addChild(Device*)
                0x00000000c000ba8c                Device::removeAllChildren()
                0x00000000c000bad2                Device::hibernateAll()
                0x00000000c000bb02                Device::wakeAll()
                0x00000000c000bb32                Device::detectAll()
                0x00000000c000bb62                Device::disableLegacyAll()
                0x00000000c000bb64                Device::loadDriversForAll()
                0x00000000c000bb66                Device::closeAll()
                0x00000000c000bb9c                Device::powerSavingAll(PowerSavingLevel)
                0x00000000c000bbd2                Device::setName(char const*)
                0x00000000c000bbe0                Device::Device(char const*)
                0x00000000c000bbe0                Device::Device(char const*)
                0x00000000c000bcdc                Device::getName()
                0x00000000c000bce6                DriverlessDevice::DriverlessDevice(char const*)
                0x00000000c000bce6                DriverlessDevice::DriverlessDevice(char const*)
                0x00000000c000bd1c                Device::addToLinkedList(LinkedList<Device>&, DeviceType)
                0x00000000c000bd60                getDevicesOfType(DeviceType)
 *fill*         0x00000000c000bd8a        0x2 
 .text          0x00000000c000bd8c       0x86 hal/diskctrl.32
                0x00000000c000bd8c                HardDiskController::HardDiskController(char const*)
                0x00000000c000bd8c                HardDiskController::HardDiskController(char const*)
                0x00000000c000bdc4                HardDiskController::~HardDiskController()
                0x00000000c000bdc4                HardDiskController::~HardDiskController()
                0x00000000c000bde8                HardDiskController::~HardDiskController()
 .text          0x00000000c000be12       0xe2 hal/diskphys.32
                0x00000000c000be12                PhysicalDisk::eject()
                0x00000000c000be16                PhysicalDisk::PhysicalDisk(char const*, int)
                0x00000000c000be16                PhysicalDisk::PhysicalDisk(char const*, int)
                0x00000000c000be7e                PhysicalDisk::startCache()
                0x00000000c000bea6                PhysicalDisk::~PhysicalDisk()
                0x00000000c000bea6                PhysicalDisk::~PhysicalDisk()
                0x00000000c000beca                PhysicalDisk::~PhysicalDisk()
 .text          0x00000000c000bef4        0x0 hal/fpu.32
 .text          0x00000000c000bef4      0x35d hal/intctrl.32
                0x00000000c000bef4                int_handler
                0x00000000c000bf7c                installISRHandler(int, void (*)(regs*, void*), void*)
                0x00000000c000bfc4                installIRQHandler(int, void (*)(regs*, void*), bool, void*)
                0x00000000c000c0fc                uninstallISRHandler(int, void (*)(regs*, void*))
                0x00000000c000c130                uninstallIRQHandler(int, void (*)(regs*, void*), bool)
                0x00000000c000c1af                setupINTS()
                0x00000000c000c20c                convertLegacyIRQNumber(int)
 *fill*         0x00000000c000c251        0x1 
 .text          0x00000000c000c252      0x7bc hal/keybrd.32
                0x00000000c000c252                startGUI(void*)
                0x00000000c000c2be                startGUIVESA(void*)
                0x00000000c000c32a                sendKeyToTerminal(unsigned char)
                0x00000000c000c3f3                sendKeyboardToken(KeyboardToken)
                0x00000000c000c833                clearInternalKeybuffer(VgaText*)
                0x00000000c000c868                readKeyboard(VgaText*, char*, unsigned long)
                0x00000000c000c984                Keyboard::Keyboard(char const*)
                0x00000000c000c984                Keyboard::Keyboard(char const*)
                0x00000000c000c9c0                Keyboard::~Keyboard()
                0x00000000c000c9c0                Keyboard::~Keyboard()
                0x00000000c000c9e4                Keyboard::~Keyboard()
 .text          0x00000000c000ca0e      0x3f4 hal/logidisk.32
                0x00000000c000ca0e                LogicalDisk::close(int, int, void*)
                0x00000000c000ca12                LogicalDisk::~LogicalDisk()
                0x00000000c000ca12                LogicalDisk::~LogicalDisk()
                0x00000000c000ca36                LogicalDisk::~LogicalDisk()
                0x00000000c000ca60                LogicalDisk::open(int, int, void*)
                0x00000000c000ca74                LogicalDisk::absoluteToRelative(unsigned long long)
                0x00000000c000caac                LogicalDisk::relativeToAbsolute(unsigned long long)
                0x00000000c000caf2                LogicalDisk::LogicalDisk(char const*, PhysicalDisk*, unsigned long long, unsigned long long)
                0x00000000c000caf2                LogicalDisk::LogicalDisk(char const*, PhysicalDisk*, unsigned long long, unsigned long long)
                0x00000000c000cbb2                LogicalDisk::assignDriveLetter()
                0x00000000c000cc68                LogicalDisk::mount()
                0x00000000c000ccb0                LogicalDisk::unmount()
                0x00000000c000ccc0                LogicalDisk::eject()
                0x00000000c000ccd4                LogicalDisk::unassignDriveLetter()
                0x00000000c000cd2a                LogicalDisk::read(unsigned long long, int, void*)
                0x00000000c000cd96                LogicalDisk::write(unsigned long long, int, void*)
 *fill*         0x00000000c000ce02        0x2 
 .text          0x00000000c000ce04       0x86 hal/mouse.32
                0x00000000c000ce04                Mouse::Mouse(char const*)
                0x00000000c000ce04                Mouse::Mouse(char const*)
                0x00000000c000ce3c                Mouse::~Mouse()
                0x00000000c000ce3c                Mouse::~Mouse()
                0x00000000c000ce60                Mouse::~Mouse()
 .text          0x00000000c000ce8a       0x9a hal/nic.32
                0x00000000c000ce8a                NIC::getMAC()
                0x00000000c000ce90                NIC::havePackets()
                0x00000000c000ce94                NIC::write(int, unsigned char*, int*)
                0x00000000c000ce9a                NIC::read(int, unsigned char*, int*)
                0x00000000c000cea0                NIC::NIC(char const*)
                0x00000000c000cea0                NIC::NIC(char const*)
                0x00000000c000ced6                NIC::~NIC()
                0x00000000c000ced6                NIC::~NIC()
                0x00000000c000cefa                NIC::~NIC()
 .text          0x00000000c000cf24      0x339 hal/partition.32
                0x00000000c000cf24                makePartition(PhysicalDisk*, unsigned long long, unsigned long long)
                0x00000000c000cfcc                createPartitionsForDisk(PhysicalDisk*)
 *fill*         0x00000000c000d25d        0x3 
 .text          0x00000000c000d260       0x86 hal/serial.32
                0x00000000c000d260                Serial::Serial(char const*)
                0x00000000c000d260                Serial::Serial(char const*)
                0x00000000c000d298                Serial::~Serial()
                0x00000000c000d298                Serial::~Serial()
                0x00000000c000d2bc                Serial::~Serial()
 *fill*         0x00000000c000d2e6        0x2 
 .text          0x00000000c000d2e8      0x234 hal/timer.32
                0x00000000c000d2e8                Timer::Timer(char const*)
                0x00000000c000d2e8                Timer::Timer(char const*)
                0x00000000c000d320                Timer::~Timer()
                0x00000000c000d320                Timer::~Timer()
                0x00000000c000d344                Timer::~Timer()
                0x00000000c000d36e                Timer::read()
                0x00000000c000d379                setupTimer(int)
                0x00000000c000d3b4                timerHandler(unsigned int)
 .text          0x00000000c000d51c      0x440 hal/vcache.32
                0x00000000c000d51c                VCache::VCache(PhysicalDisk*)
                0x00000000c000d51c                VCache::VCache(PhysicalDisk*)
                0x00000000c000d68c                VCache::invalidateReadBuffer()
                0x00000000c000d69c                VCache::writeWriteBuffer()
                0x00000000c000d6e8                VCache::~VCache()
                0x00000000c000d6e8                VCache::~VCache()
                0x00000000c000d73c                VCache::~VCache()
                0x00000000c000d764                VCache::write(unsigned long long, int, void*)
                0x00000000c000d852                VCache::read(unsigned long long, int, void*)
 .text          0x00000000c000d95c      0x4c7 hal/video.32
                0x00000000c000d95c                Video::putrect(int, int, int, int, unsigned int)
                0x00000000c000d9a8                Video::bitblit(int, int, int, int, int, int, int, unsigned int*)
                0x00000000c000da18                Video::blit(unsigned int*, int, int, int, int)
                0x00000000c000da96                Video::clearScreen(unsigned int)
                0x00000000c000daca                Video::putpixel(int, int, unsigned int)
                0x00000000c000dad8                Video::readPixelApprox(int, int)
                0x00000000c000daec                Video::Video(char const*)
                0x00000000c000daec                Video::Video(char const*)
                0x00000000c000db22                Video::~Video()
                0x00000000c000db22                Video::~Video()
                0x00000000c000db46                Video::~Video()
                0x00000000c000db70                Video::isMonochrome()
                0x00000000c000db7c                Video::getWidth()
                0x00000000c000db88                Video::getHeight()
                0x00000000c000db94                Video::drawCursor(int, int, unsigned int*, int)
                0x00000000c000dc50                Video::tgaParse(unsigned char*, int, int*, int*)
                0x00000000c000ddb8                Video::putTGA(int, int, unsigned char*, int)
 *fill*         0x00000000c000de23        0x1 
 .text          0x00000000c000de24     0x1307 hw/acpi.32
                0x00000000c000de24                ACPI::close(int, int, void*)
                0x00000000c000dedc                findRSDP()
                0x00000000c000df6c                loadACPITables(unsigned char*)
                0x00000000c000e1d0                findRSDT(unsigned char*)
                0x00000000c000e320                findDataTable(unsigned char*, char*)
                0x00000000c000e398                scanMADT()
                0x00000000c000e86c                ACPI::ACPI()
                0x00000000c000e86c                ACPI::ACPI()
                0x00000000c000e8c0                ACPI::getPCIIRQAssignment(unsigned char, unsigned short, unsigned char)
                0x00000000c000e9a8                ACPI::registerPCIIRQAssignment(void*, unsigned short, unsigned char, unsigned char)
                0x00000000c000ea70                ACPI::setScreenBrightnessLevel(void*, int)
                0x00000000c000ea78                ACPI::detectPCI()
                0x00000000c000ec80                ACPI::writeSimpleBootFlag(SimpleBootFlagTable*)
                0x00000000c000ecd4                ACPI::sleep()
                0x00000000c000ecf0                ACPI::open(int, int, void*)
 *fill*         0x00000000c000f12b        0x1 
 .text          0x00000000c000f12c      0xb95 hw/cpu.32
                0x00000000c000f12c                CPU::close(int, int, void*)
                0x00000000c000f130                CPU::AMD_K6_write_msr(unsigned int, unsigned int, unsigned int, CPU::REGS*)
                0x00000000c000f14c                CPU::AMD_K6_read_msr(unsigned int, CPU::REGS*)
                0x00000000c000f164                CPU::AMD_K6_writeback(int, int, int)
                0x00000000c000f1d8                CPU::cpuid(int, unsigned long*, unsigned long*, unsigned long*, unsigned long*)
                0x00000000c000f25c                CPU::cpuidCheckEDX(unsigned int)
                0x00000000c000f28a                CPU::cpuidCheckECX(unsigned int)
                0x00000000c000f2b8                CPU::cpuidCheckExtendedEBX(unsigned int)
                0x00000000c000f2e6                CPU::cpuidCheckExtendedECX(unsigned int)
                0x00000000c000f314                CPU::CPU()
                0x00000000c000f314                CPU::CPU()
                0x00000000c000f3a2                CPU::displayFeatures()
                0x00000000c000f3a4                CPU::detectFeatures()
                0x00000000c000fa68                CPU::setupSMEP()
                0x00000000c000fa74                CPU::setupUMIP()
                0x00000000c000fa7e                CPU::setupTSC()
                0x00000000c000fa88                CPU::setupLargePages()
                0x00000000c000fa92                CPU::setupPAT()
                0x00000000c000face                CPU::setupMTRR()
                0x00000000c000fad0                CPU::setupGlobalPages()
                0x00000000c000fada                CPU::allowUsermodeDataAccess()
                0x00000000c000faec                CPU::prohibitUsermodeDataAccess()
                0x00000000c000fafe                CPU::setupSMAP()
                0x00000000c000fb0c                CPU::setupFeatures()
                0x00000000c000fbd8                CPU::open(int, int, void*)
 .text          0x00000000c000fcc1       0xd1 krnl/bootmsg.32
                0x00000000c000fcc1                KeDisplaySplashScreen()
                0x00000000c000fd2f                KeSetBootMessage(char const*)
 .text          0x00000000c000fd92      0x581 krnl/env.32
                0x00000000c000fd92                EnvVarContainer::getEnv(char const*)
                0x00000000c000fdd0                EnvVarContainer::setEnv(char const*, char const*)
                0x00000000c000fe92                EnvVarContainer::deleteEnv(char const*)
                0x00000000c000fe94                EnvVarContainer::loadFrom(char const*, char const*)
                0x00000000c001007a                EnvVarContainer::__loadSystem()
                0x00000000c0010094                EnvVarContainer::__loadUser()
                0x00000000c0010096                EnvVarContainer::EnvVarContainer(Process*)
                0x00000000c0010096                EnvVarContainer::EnvVarContainer(Process*)
                0x00000000c00100b8                EnvVarContainer::~EnvVarContainer()
                0x00000000c00100b8                EnvVarContainer::~EnvVarContainer()
                0x00000000c00100e8                Krnl::getEnv(Process*, char const*)
                0x00000000c001014d                Krnl::setEnvSystem(char const*, char const*)
                0x00000000c0010167                Krnl::setEnvUser(char const*, char const*)
                0x00000000c0010186                Krnl::setEnvProcess(Process*, char const*, char const*)
                0x00000000c0010199                Krnl::deleteEnvSystem(char const*)
                0x00000000c001019a                Krnl::deleteEnvUser(char const*)
                0x00000000c001019b                Krnl::deleteEnvProcess(Process*, char const*)
                0x00000000c001019c                Krnl::newProcessEnv(Process*)
                0x00000000c00101be                Krnl::copyProcessEnv(Process*, Process*)
                0x00000000c001020a                Krnl::loadSystemEnv()
                0x00000000c0010238                Krnl::loadUserEnv()
                0x00000000c001025e                Krnl::flushEnv()
                0x00000000c001025f                Krnl::getProcessTotalEnvCount(Process*)
                0x00000000c001027f                Krnl::getProcessEnvPair(Process*, int)
 .text          0x00000000c0010313       0x94 krnl/inlines.32
                0x00000000c0010313                CPU::current()
                0x00000000c001031f                operator new(unsigned long)
                0x00000000c0010324                operator delete(void*)
                0x00000000c0010329                disableIRQs()
                0x00000000c001032b                enableIRQs()
                0x00000000c001032d                lockScheduler()
                0x00000000c0010335                unlockScheduler()
                0x00000000c0010344                lockStuff()
                0x00000000c0010352                unlockStuff()
                0x00000000c001038c                Virt::getAKernelVAS()
                0x00000000c0010392                __not_memcpy
 .text          0x00000000c00103a7        0xc krnl/panic.32
                0x00000000c00103a7                KePanic(char const*)
 .text          0x00000000c00103b3      0x142 krnl/powctrl.32
                0x00000000c00103b3                Krnl::powerThread(void*)
                0x00000000c00103e1                Krnl::changePowerSettings(Krnl::PowerSettings)
                0x00000000c00103f7                Krnl::userIOReceived()
                0x00000000c0010402                Krnl::handlePowerButton()
                0x00000000c0010437                Krnl::handleSleepButton()
                0x00000000c001046c                Krnl::setupPowerManager()
 *fill*         0x00000000c00104f5        0x3 
 .text          0x00000000c00104f8      0x190 krnl/resolve.32
                0x00000000c00104f8                KeResolveCompatibilitySymbol(char*)
 .text          0x00000000c0010688      0x2c3 krnl/signal.32
                0x00000000c0010688                KiSigKill(int)
                0x00000000c00106b4                KiDefaultSignalHandlerIgnore(int)
                0x00000000c00106b5                KiDefaultSignalHandlerPause(int)
                0x00000000c00106e1                KiDefaultSignalHandlerResume(int)
                0x00000000c001070d                KeDeinitSignals(SigHandlerBlock*)
                0x00000000c0010712                KeInitSignals()
                0x00000000c001075d                KeRegisterSignalHandler(SigHandlerBlock*, int, void (*)(int), unsigned int, int)
                0x00000000c0010793                KeRaiseSignal(SigHandlerBlock*, int)
                0x00000000c0010810                KeCheckSignal(SigHandlerBlock*)
                0x00000000c00108fb                KiCheckSignalZ
                0x00000000c0010910                KeCompleteSignal(SigHandlerBlock*, int)
 .text          0x00000000c001094b      0xc39 krnl/syscalls.32
                0x00000000c001094b                SysSeekDir(regs*)
                0x00000000c0010950                SysTellDir(regs*)
                0x00000000c0010955                SysVerify(regs*)
                0x00000000c001095f                SysGetArgc(regs*)
                0x00000000c001096f                SysTTYName(regs*)
                0x00000000c0010977                SysFormatDisk(regs*)
                0x00000000c00109e4                SysSetDiskVolumeLabel(regs*)
                0x00000000c0010a2e                SysGetDiskVolumeLabel(regs*)
                0x00000000c0010a83                SysShutdown(regs*)
                0x00000000c0010ae1                SysRealpath(regs*)
                0x00000000c0010b24                SysReadDir(regs*)
                0x00000000c0010ba4                SysIsATTY(regs*)
                0x00000000c0010c00                SysSeek(regs*)
                0x00000000c0010c59                SysTell(regs*)
                0x00000000c0010cc8                SysSize(regs*)
                0x00000000c0010d3d                SysSizeFromFilename(regs*)
                0x00000000c0010df0                SysClose(regs*)
                0x00000000c0010e50                SysOpenDir(regs*)
                0x00000000c0010ec7                SysMakeDir(regs*)
                0x00000000c0010f31                SysCloseDir(regs*)
                0x00000000c0010f85                SysWait(regs*)
                0x00000000c0010fa2                SysNotImpl(regs*)
                0x00000000c0010fbd                SysPanic(regs*)
                0x00000000c0010fd8                SysRmdir(regs*)
                0x00000000c001103f                SysUnlink(regs*)
                0x00000000c00110a6                SysGetArgv(regs*)
                0x00000000c00110f3                SysUSleep(regs*)
                0x00000000c001111c                SysSpawn(regs*)
                0x00000000c0011185                SysGetEnv(regs*)
                0x00000000c0011234                SysSetFatAttrib(regs*)
                0x00000000c00112ab                SysPipe(regs*)
                0x00000000c00112f0                SysGetUnixTime(regs*)
                0x00000000c0011304                string_ends_with(char const*, char const*)
                0x00000000c001134e                SysOpen(regs*)
                0x00000000c0011542                KeSystemCall(regs*, void*)
 .text          0x00000000c0011584      0xd40 reg/cm.32
                0x00000000c0011584                CmOpen(char const*)
                0x00000000c00116a2                CmClose(Reghive_Tag*)
                0x00000000c00116b8                CmReadExtent(Reghive_Tag*, int, unsigned char*)
                0x00000000c0011726                CmGetString(Reghive_Tag*, int, char*)
                0x00000000c001179d                CmEnterDirectory(Reghive_Tag*, int)
                0x00000000c00117dc                CmGetNext(Reghive_Tag*, int)
                0x00000000c001180e                CmWriteExtent(Reghive_Tag*, int, unsigned char*)
                0x00000000c0011894                CmFreeExtent(Reghive_Tag*, int)
                0x00000000c00118bc                CmUpdateHeader(Reghive_Tag*)
                0x00000000c00118dd                CmExpand(Reghive_Tag*, int)
                0x00000000c0011958                CmFindUnusedExtent(Reghive_Tag*)
                0x00000000c00119de                CmCreateExtent(Reghive_Tag*, int, int, unsigned char*)
                0x00000000c0011ad2                CmSetString(Reghive_Tag*, int, char const*)
                0x00000000c0011c0e                CmGetMatch(char*, char*, bool, bool*)
                0x00000000c0011c6f                CmAddShift(unsigned int*, int*, unsigned char, int)
                0x00000000c0011c9f                CmGetShift(unsigned int*, int*, int, bool*)
                0x00000000c0011cd6                CmGetInteger(Reghive_Tag*, int, unsigned long long*)
                0x00000000c0011d00                CmSetInteger(Reghive_Tag*, int, unsigned long long)
                0x00000000c0011d40                CmConvertFromInternalFilename(unsigned char const*, char*)
                0x00000000c0011de4                CmGetNameAndTypeFromExtent(Reghive_Tag*, int, char*)
                0x00000000c0011e12                CmConvertToInternalFilename(char const*, unsigned char*)
                0x00000000c0011fb0                CmCreateString(Reghive_Tag*, int, char const*)
                0x00000000c0011ffd                CmFindInDirectory(Reghive_Tag*, int, char const*)
                0x00000000c0012077                CmCreateInteger(Reghive_Tag*, int, char const*, unsigned long long, int)
                0x00000000c00120ca                CmCreateDirectory(Reghive_Tag*, int, char const*)
                0x00000000c001216e                CmFindObjectFromPath(Reghive_Tag*, char const*)
                0x00000000c00121ef                CmDisplayTree(Reghive_Tag*, int, int)
                0x00000000c0012292                CmSplitFinalSlashInPlace(char*)
 .text          0x00000000c00122c4      0x50e reg/registry.32
                0x00000000c00122c4                Reg::findLineFromLoadedData(char*, char*, char*)
                0x00000000c001241c                Reg::getLineFromRegistry(char*, char*, char*, char*)
                0x00000000c0012571                Reg::getLine(char*, char*, char*)
                0x00000000c00125a8                Reg::readInt(char*, char*, int*)
                0x00000000c0012693                Reg::readString(char*, char*, char*, int)
                0x00000000c0012714                Reg::readBool(char*, char*, bool*)
                0x00000000c0012739                Reg::readBoolWithDefault(char*, char*, bool)
                0x00000000c0012765                Reg::readIntWithDefault(char*, char*, int)
                0x00000000c0012791                Reg::readStringWithDefault(char*, char*, char*, int, char*)
 .text          0x00000000c00127d2       0x36 sys/eject.32
                0x00000000c00127d2                SysEject(regs*)
 .text          0x00000000c0012808       0x18 sys/exit.32
                0x00000000c0012808                SysExit(regs*)
 .text          0x00000000c0012820       0x1f sys/getcwd.32
                0x00000000c0012820                SysGetCwd(regs*)
 .text          0x00000000c001283f        0xc sys/getpid.32
                0x00000000c001283f                SysGetPID(regs*)
 .text          0x00000000c001284b       0x1a sys/getramdata.32
                0x00000000c001284b                SysGetRAMData(regs*)
 .text          0x00000000c0012865       0x82 sys/getvgaptr.32
                0x00000000c0012865                SysGetVGAPtr(regs*)
 .text          0x00000000c00128e7       0xa8 sys/loaddll.32
                0x00000000c00128e7                SysLoadDLL(regs*)
 .text          0x00000000c001298f       0x68 sys/read.32
                0x00000000c001298f                SysRead(regs*)
 .text          0x00000000c00129f7       0x29 sys/registersignal.32
                0x00000000c00129f7                SysRegisterSignal(regs*)
 .text          0x00000000c0012a20       0x55 sys/sbrk.32
                0x00000000c0012a20                SysSbrk(regs*)
 .text          0x00000000c0012a75       0x1c sys/setcwd.32
                0x00000000c0012a75                SysSetCwd(regs*)
 .text          0x00000000c0012a91       0x95 sys/settime.32
                0x00000000c0012a91                SysSetTime(regs*)
 .text          0x00000000c0012b26       0x4a sys/timezone.32
                0x00000000c0012b26                SysTimezone(regs*)
 .text          0x00000000c0012b70       0x68 sys/write.32
                0x00000000c0012b70                SysWrite(regs*)
 .text          0x00000000c0012bd8       0x62 sys/wsbe.32
                0x00000000c0012bd8                SysWsbe(regs*)
 .text          0x00000000c0012c3a       0x25 sys/yield.32
                0x00000000c0012c3a                SysYield(regs*)
 .text          0x00000000c0012c5f     0x11e5 thr/elf.32
                0x00000000c0012c5f                Thr::allocateMemoryForTask(Process*, File*, unsigned long, unsigned long, unsigned long)
                0x00000000c0012eeb                Thr::loadProgramIntoMemory(Process*, char const*)
                0x00000000c0013101                Thr::runtimeReferenceHelper()
                0x00000000c0013114                Thr::getAddressOfKernelSymbol(char const*)
                0x00000000c0013163                Thr::loadKernelSymbolTable(char const*)
                0x00000000c0013421                Thr::loadDriverIntoMemory(char const*, unsigned long, bool)
                0x00000000c0013b57                Thr::getDriverBaseFromAddress(unsigned long)
                0x00000000c0013b89                Thr::getDriverNameFromAddress(unsigned long)
                0x00000000c0013bc0                Thr::getDriverOffsetFromAddress(unsigned long)
                0x00000000c0013bda                Thr::loadDLL(char const*, bool)
                0x00000000c0013e0b                Thr::executeDLL(unsigned long, void*)
 .text          0x00000000c0013e44     0x12fd thr/prcssthr.32
                0x00000000c0013e44                userModeEntryPoint(void*)
                0x00000000c0013e6c                changeTSS
                0x00000000c0013e9c                switchToThread(ThreadControlBlock*)
                0x00000000c0013f50                Process::addArgs(char**)
                0x00000000c0013fb0                Process::Process(char const*, Process*, char**)
                0x00000000c0013fb0                Process::Process(char const*, Process*, char**)
                0x00000000c00141bc                Process::Process(bool, char const*, Process*, char**)
                0x00000000c00141bc                Process::Process(bool, char const*, Process*, char**)
                0x00000000c0014394                taskStartupFunction
                0x00000000c00143a0                Semaphore::Semaphore(int)
                0x00000000c00143a0                Semaphore::Semaphore(int)
                0x00000000c00143d0                Mutex::Mutex()
                0x00000000c00143d0                Mutex::Mutex()
                0x00000000c00143e4                Process::createThread(void (*)(void*), void*, int)
                0x00000000c00144dc                Process::createUserThread()
                0x00000000c00144fc                setupMultitasking(void (*)())
                0x00000000c0014604                schedule()
                0x00000000c0014694                Semaphore::tryAcquire()
                0x00000000c0014760                Semaphore::assertLocked(char const*)
                0x00000000c00147d8                blockTaskWithSchedulerLockAlreadyHeld(TaskState)
                0x00000000c0014800                blockTask(TaskState)
                0x00000000c0014830                waitTask(int, int*, int)
                0x00000000c0014874                milliTenthSleepUntil(unsigned int)
                0x00000000c0014904                milliTenthSleep(unsigned int)
                0x00000000c0014914                sleep(unsigned int)
                0x00000000c0014930                Semaphore::acquire()
                0x00000000c00149ec                taskReturned
                0x00000000c0014a28                Thr::processFromPID(int)
                0x00000000c0014ac8                unblockTask(ThreadControlBlock*)
                0x00000000c0014b6c                cleanupTerminatedTask(ThreadControlBlock*)
                0x00000000c0014e38                cleanerTaskFunction(void*)
                0x00000000c0014f28                terminateTask(int)
                0x00000000c0014ff4                Thr::terminateFromIRQ(int)
                0x00000000c0015004                Semaphore::release()
 .text          0x00000000c0015141      0xb93 vm86/vm8086.32
                0x00000000c0015141                Vm::inbv(unsigned short)
                0x00000000c0015154                Vm::outbv(unsigned short, unsigned char)
                0x00000000c001518a                Vm::realToLinear(unsigned short, unsigned short)
                0x00000000c001519a                Vm::getSegment(unsigned int)
                0x00000000c00151a2                Vm::getOffset(unsigned int)
                0x00000000c00151a7                Vm::mainloop2()
                0x00000000c00151e1                Vm::mainVm8086Loop(void*)
                0x00000000c00151f1                Vm::mainloop3(unsigned long)
                0x00000000c0015217                Vm::initialise8086()
                0x00000000c001525a                Vm::finish8086()
                0x00000000c00152bb                Vm::getOutput8086(unsigned char*)
                0x00000000c00152e0                Vm::start8086FromBuffer(unsigned char*, int, unsigned short, unsigned short, unsigned short, unsigned short)
                0x00000000c0015399                Vm::start8086(char const*, unsigned short, unsigned short, unsigned short, unsigned short)
                0x00000000c0015501                Vm::doISR(regs*, int, unsigned char*, unsigned short, unsigned short)
                0x00000000c001558b                Vm::readByteFromReal(unsigned short, unsigned short)
                0x00000000c001559c                Vm::readWordFromReal(unsigned short, unsigned short)
                0x00000000c00155ae                Vm::readDwordFromReal(unsigned short, unsigned short)
                0x00000000c00155bf                Vm::writeByteFromReal(unsigned short, unsigned short, unsigned char)
                0x00000000c00155d4                Vm::writeWordFromReal(unsigned short, unsigned short, unsigned short)
                0x00000000c00155ea                Vm::writeDwordFromReal(unsigned short, unsigned short, unsigned int)
                0x00000000c00155ff                Vm::faultHandler(regs*)
 .text          0x00000000c0015cd4      0xa8e arch/i386/hal.32
                0x00000000c0015cd4                noCopro(unsigned long)
                0x00000000c0015cd5                nmiHandler(regs*, void*)
                0x00000000c0015cee                doubleFault(regs*, void*)
                0x00000000c0015d07                displayDebugInfo(regs*)
                0x00000000c0016063                HalSystemIdle()
                0x00000000c00160d9                displayProgramFault(char const*)
                0x00000000c0016125                gpFault(regs*, void*)
                0x00000000c001618a                pgFault(regs*, void*)
                0x00000000c0016210                otherISRHandler(regs*, void*)
                0x00000000c0016244                opcodeFault(regs*, void*)
                0x00000000c00162c4                i386SaveCoprocessor(void*)
                0x00000000c00162d8                i386LoadCoprocessor(void*)
                0x00000000c00162ec                x87EmulHandler(regs*, void*)
                0x00000000c0016389                HalInitialiseCoprocessor()
                0x00000000c0016437                HalPanic(char const*)
                0x00000000c0016530                HalQueryPerformanceCounter()
                0x00000000c001654b                HalInitialise()
                0x00000000c00166f1                HalMakeBeep(int)
                0x00000000c001672b                HalGetRand()
                0x00000000c001672e                HalEndOfInterrupt(int)
                0x00000000c001675f                HalRestart()
                0x00000000c0016760                HalShutdown()
                0x00000000c0016761                HalSleep()
 *fill*         0x00000000c0016762        0x2 
 .text          0x00000000c0016764      0x2f4 arch/i386/pic.32
                0x00000000c0016764                picIoWait()
                0x00000000c001676c                picDisable()
                0x00000000c00167a0                picGetIRQReg(int)
                0x00000000c0016824                picOpen()
                0x00000000c00169b4                picEOI(int)
 .text          0x00000000c0016a58      0x64d arch/i386/rtc.32
                0x00000000c0016a58                RTC::open(int, int, void*)
                0x00000000c0016a5c                RTC::close(int, int, void*)
                0x00000000c0016a60                RTC::timeInSecondsUTC()
                0x00000000c0016a72                RTC::timeInDatetimeUTC()
                0x00000000c0016a98                RTC::setTimeInSecondsUTC(unsigned long long)
                0x00000000c0016ad6                RTC::~RTC()
                0x00000000c0016ad6                RTC::~RTC()
                0x00000000c0016afa                RTC::~RTC()
                0x00000000c0016b24                RTC::get_update_in_progress_flag()
                0x00000000c0016b3c                RTC::completeRTCRefresh()
                0x00000000c0016df4                RTC::setTimeInDatetimeUTC(datetime_t)
                0x00000000c0016fa7                rtcIRQHandler(regs*, void*)
                0x00000000c0016fec                RTC::RTC()
                0x00000000c0016fec                RTC::RTC()
 *fill*         0x00000000c00170a5        0x3 
 .text          0x00000000c00170a8      0x203 arch/i386/vga.32
                0x00000000c00170a8                HalConsoleScroll(int, int)
                0x00000000c00171b0                HalConsoleWriteCharacter(char, int, int, int, int)
                0x00000000c001721c                HalConsoleCursorUpdate(int, int)
 *fill*         0x00000000c00172ab        0x1 
 .text          0x00000000c00172ac     0x13e7 fs/fat/vfslink.32
                0x00000000c00172ac                FAT::getName()
                0x00000000c00172b4                FAT::tell(void*, unsigned long long*)
                0x00000000c00172f0                FAT::stat(void*, unsigned long long*)
                0x00000000c001732c                FAT::~FAT()
                0x00000000c001732c                FAT::~FAT()
                0x00000000c0017350                FAT::~FAT()
                0x00000000c0017378                FAT::getlabel(LogicalDisk*, int, char*, unsigned int*)
                0x00000000c001741c                FAT::setlabel(LogicalDisk*, int, char*)
                0x00000000c00174e0                FAT::format(LogicalDisk*, int, char const*, int)
                0x00000000c00176b4                FAT::tryMount(LogicalDisk*, int)
                0x00000000c00178cc                FAT::allocateSwapfile(char const*, int)
                0x00000000c0017a8c                FAT::readDir(void*, unsigned long, void*, int*)
                0x00000000c0017bf8                FAT::read(void*, unsigned long, void*, int*)
                0x00000000c0017c58                FAT::write(void*, unsigned long, void*, int*)
                0x00000000c0017cb8                FAT::close(void*)
                0x00000000c0017d0c                FAT::closeDir(void*)
                0x00000000c0017d60                FAT::seek(void*, unsigned long long)
                0x00000000c0017db8                fatWrapperReadDisk
                0x00000000c0017dfc                fatWrapperWriteDisk
                0x00000000c0017e40                fatWrapperIoctl
                0x00000000c0017f5c                FAT::FAT()
                0x00000000c0017f5c                FAT::FAT()
                0x00000000c0017fb0                FAT::fixFilepath(char*)
                0x00000000c0017fec                FAT::open(char const*, void**, FileOpenMode)
                0x00000000c0018124                FAT::openDir(char const*, void**)
                0x00000000c00181d4                FAT::stat(char const*, unsigned long long*, bool*)
                0x00000000c00182cc                FAT::unlink(char const*)
                0x00000000c001834c                FAT::chfatattr(char const*, unsigned char, unsigned char)
                0x00000000c00184d8                FAT::rename(char const*, char const*)
                0x00000000c00185a4                FAT::mkdir(char const*)
                0x00000000c0018624                FAT::exists(char const*)
 *fill*         0x00000000c0018693        0x1 
 .text          0x00000000c0018694       0x94 fs/iso9660/helper.32
                0x00000000c0018694                isoReadDiscSectorHelper
                0x00000000c00186f0                iso_kprintf
                0x00000000c001870c                iso_kprintfd
 .text          0x00000000c0018728      0x6f8 fs/iso9660/vfslink.32
                0x00000000c0018728                ISO9660::format(LogicalDisk*, int, char const*, int)
                0x00000000c001872e                ISO9660::getName()
                0x00000000c0018734                ISO9660::closeDir(void*)
                0x00000000c001873e                ISO9660::chfatattr(char const*, unsigned char, unsigned char)
                0x00000000c0018744                ISO9660::unlink(char const*)
                0x00000000c001874a                ISO9660::write(void*, unsigned long, void*, int*)
                0x00000000c0018750                ISO9660::rename(char const*, char const*)
                0x00000000c0018756                ISO9660::mkdir(char const*)
                0x00000000c001875c                ISO9660::~ISO9660()
                0x00000000c001875c                ISO9660::~ISO9660()
                0x00000000c0018780                ISO9660::~ISO9660()
                0x00000000c00187a8                ISO9660::exists(char const*)
                0x00000000c00187bc                ISO9660::open(char const*, void**, FileOpenMode)
                0x00000000c001889a                ISO9660::read(void*, unsigned long, void*, int*)
                0x00000000c00188e2                ISO9660::seek(void*, unsigned long long)
                0x00000000c0018924                ISO9660::tell(void*, unsigned long long*)
                0x00000000c0018962                ISO9660::stat(void*, unsigned long long*)
                0x00000000c00189b4                ISO9660::stat(char const*, unsigned long long*, bool*)
                0x00000000c0018aec                ISO9660::close(void*)
                0x00000000c0018b1c                ISO9660::openDir(char const*, void**)
                0x00000000c0018bee                ISO9660::readDir(void*, unsigned long, void*, int*)
                0x00000000c0018d0b                readSectorFromCDROM(unsigned int, unsigned char*, char)
                0x00000000c0018d86                ISO9660::tryMount(LogicalDisk*, int)
                0x00000000c0018df8                ISO9660::ISO9660()
                0x00000000c0018df8                ISO9660::ISO9660()
 .text          0x00000000c0018e20      0x26c hal/sound/sndcard.32
                0x00000000c0018e20                SoundCard::beginPlayback()
                0x00000000c0018e2e                SoundCard::stopPlayback()
                0x00000000c0018e3c                SoundCard::SoundCard(char const*)
                0x00000000c0018e3c                SoundCard::SoundCard(char const*)
                0x00000000c0018eda                SoundCard::~SoundCard()
                0x00000000c0018eda                SoundCard::~SoundCard()
                0x00000000c0018efe                SoundCard::~SoundCard()
                0x00000000c0018f28                SoundCard::configureRates(int, int, int)
                0x00000000c0018f58                SoundCard::getSamples16(int, short*)
                0x00000000c0018fb4                SoundCard::getSamples32(int, int*)
                0x00000000c001903a                SoundCard::addChannel(SoundPort*)
                0x00000000c0019078                SoundCard::removeChannel(int)
 .text          0x00000000c001908c      0x377 hal/sound/sndport.32
                0x00000000c001908c                SoundPort::SoundPort(int, int, int, int)
                0x00000000c001908c                SoundPort::SoundPort(int, int, int, int)
                0x00000000c0019118                SoundPort::~SoundPort()
                0x00000000c0019118                SoundPort::~SoundPort()
                0x00000000c001914c                SoundPort::unpause()
                0x00000000c0019158                SoundPort::pause()
                0x00000000c0019164                SoundPort::getBufferUsed()
                0x00000000c001916c                SoundPort::getBufferSize()
                0x00000000c0019174                SoundPort::buffer16(short*, int)
                0x00000000c0019200                SoundPort::buffer32(int*, int)
                0x00000000c0019288                SoundPort::unbufferAndAdd16(int, short*, SoundCard*)
                0x00000000c001934c                SoundPort::unbufferAndAdd32(int, int*, SoundCard*)
 .text          0x00000000c0019403        0x0 hw/bus/isa.32
 *fill*         0x00000000c0019403        0x1 
 .text          0x00000000c0019404      0xb83 hw/bus/pci.32
                0x00000000c0019404                PCI::open(int, int, void*)
                0x00000000c0019422                PCI::close(int, int, void*)
                0x00000000c0019426                PCI::PCI()
                0x00000000c0019426                PCI::PCI()
                0x00000000c00194c0                PCI::readBAR8(unsigned int, int)
                0x00000000c00194dc                PCI::readBAR16(unsigned int, int)
                0x00000000c00194fa                PCI::readBAR32(unsigned int, int)
                0x00000000c0019516                PCI::writeBAR8(unsigned int, unsigned char, int)
                0x00000000c0019536                PCI::writeBAR16(unsigned int, unsigned short, int)
                0x00000000c0019558                PCI::writeBAR32(unsigned int, unsigned int, int)
                0x00000000c0019578                PCI::legacyMechanism(unsigned char, unsigned char, unsigned char, unsigned char)
                0x00000000c00195e6                PCI::pciReadWord(unsigned char, unsigned char, unsigned char, unsigned char)
                0x00000000c001968e                PCI::getVendorID(unsigned char, unsigned char, unsigned char)
                0x00000000c00196b2                PCI::getHeaderType(unsigned char, unsigned char, unsigned char)
                0x00000000c00196da                PCI::getClassCode(unsigned char, unsigned char, unsigned char)
                0x00000000c0019724                PCI::getProgIF(unsigned char, unsigned char, unsigned char)
                0x00000000c001974c                PCI::getRevisionID(unsigned char, unsigned char, unsigned char)
                0x00000000c0019770                PCI::getInterruptNumber(unsigned char, unsigned char, unsigned char)
                0x00000000c0019794                PCI::getSecondaryBus(unsigned char, unsigned char, unsigned char)
                0x00000000c00197bc                PCI::getBARAddress(unsigned char, unsigned char, unsigned char, unsigned char)
                0x00000000c0019820                PCI::pciWriteWord(unsigned char, unsigned char, unsigned char, unsigned char, unsigned short)
                0x00000000c0019908                PCI::pciDetailsToFilepath(PCIDeviceInfo, char*)
                0x00000000c0019bbc                PCI::checkBus(unsigned char)
                0x00000000c0019be2                PCI::foundDevice(PCIDeviceInfo)
                0x00000000c0019d54                PCI::getDeviceData(unsigned char, unsigned char, unsigned char)
                0x00000000c0019ec8                PCI::checkDevice(unsigned char, unsigned char)
                0x00000000c0019f34                PCI::detect()
 *fill*         0x00000000c0019f87        0x1 
 .text          0x00000000c0019f88      0xb5a hw/diskctrl/ide.32
                0x00000000c0019f88                IDE::close(int, int, void*)
                0x00000000c0019f8c                IDE::IDE()
                0x00000000c0019f8c                IDE::IDE()
                0x00000000c0019fc0                IDE::prepareInterrupt(unsigned char)
                0x00000000c0019fd2                selectDrive(unsigned char, unsigned char)
                0x00000000c0019fd4                IDE::getBase(unsigned char)
                0x00000000c0019fe6                IDE::write(unsigned char, unsigned char, unsigned char)
                0x00000000c001a0a6                IDE::read(unsigned char, unsigned char)
                0x00000000c001a154                IDE::waitInterrupt(unsigned char)
                0x00000000c001a1bc                ideChannel0IRQHandler(regs*, void*)
                0x00000000c001a1d8                ideChannel1IRQHandler(regs*, void*)
                0x00000000c001a1f4                IDE::enableIRQs(unsigned char, bool)
                0x00000000c001a23a                IDE::open(int, int, void*)
                0x00000000c001a648                IDE::readBuffer(unsigned char, unsigned char, unsigned int, unsigned int)
                0x00000000c001a714                IDE::detect()
                0x00000000c001a9d4                IDE::printError(unsigned char, unsigned char, unsigned char)
                0x00000000c001aa84                IDE::polling(unsigned char, unsigned int)
 .text          0x00000000c001aae2      0x32a hw/diskctrl/satabus.32
                0x00000000c001aae2                SATABus::close(int, int, void*)
                0x00000000c001aae6                SATABus::detect()
                0x00000000c001aae8                SATABus::SATABus()
                0x00000000c001aae8                SATABus::SATABus()
                0x00000000c001ab6e                SATABus::findCmdslot(SATABus::tagHBA_PORT volatile*)
                0x00000000c001aba0                SATABus::checkType(SATABus::tagHBA_PORT volatile*)
                0x00000000c001abe8                SATABus::startCmd(SATABus::tagHBA_PORT volatile*)
                0x00000000c001ac08                SATABus::stopCmd(SATABus::tagHBA_PORT volatile*)
                0x00000000c001ac32                SATABus::portRebase(SATABus::tagHBA_PORT volatile*, int)
                0x00000000c001ad42                SATABus::probePort(SATABus::tagHBA_MEM volatile*)
                0x00000000c001adec                SATABus::open(int, int, void*)
 .text          0x00000000c001ae0c      0x921 hw/diskphys/ata.32
                0x00000000c001ae0c                ATA::close(int, int, void*)
                0x00000000c001ae30                ATA::powerSaving(PowerSavingLevel)
                0x00000000c001ae32                ATA::ATA()
                0x00000000c001ae32                ATA::ATA()
                0x00000000c001ae60                ATA::flush(bool)
                0x00000000c001aeaa                ATA::readyForCommand()
                0x00000000c001aef6                ATA::access(unsigned long long, int, void*, bool)
                0x00000000c001b272                ATA::detectCHS()
                0x00000000c001b29c                ATA::open(int, int, void*)
                0x00000000c001b368                combineCharAndColour(char, unsigned char)
                0x00000000c001b379                combineColours(unsigned char, unsigned char)
                0x00000000c001b386                ATA::read(unsigned long long, int, void*)
                0x00000000c001b55c                ATA::write(unsigned long long, int, void*)
 *fill*         0x00000000c001b72d        0x1 
 .text          0x00000000c001b72e      0x60e hw/diskphys/atapi.32
                0x00000000c001b72e                ATAPI::write(unsigned long long, int, void*)
                0x00000000c001b734                ATAPI::close(int, int, void*)
                0x00000000c001b758                ATAPI::ATAPI()
                0x00000000c001b758                ATAPI::ATAPI()
                0x00000000c001b786                ATAPI::readyForCommand()
                0x00000000c001b7d8                ATAPI::sendPacket(unsigned char*, int, bool, unsigned short*, int)
                0x00000000c001ba98                ATAPI::diskRemoved()
                0x00000000c001bad2                ATAPI::eject()
                0x00000000c001bb1a                ATAPI::diskInserted()
                0x00000000c001bb26                ATAPI::detectMedia()
                0x00000000c001bbe2                ATAPI::open(int, int, void*)
                0x00000000c001bcc2                ATAPI::read(unsigned long long, int, void*)
 .text          0x00000000c001bd3c      0x7ff hw/diskphys/sata.32
                0x00000000c001bd3c                SATA::close(int, int, void*)
                0x00000000c001bd60                SATA::powerSaving(PowerSavingLevel)
                0x00000000c001bd62                SATA::open(int, int, void*)
                0x00000000c001be0c                SATA::SATA()
                0x00000000c001be0c                SATA::SATA()
                0x00000000c001be3a                SATA::access(unsigned long long, int, void*, bool)
                0x00000000c001c086                SATA::read(unsigned long long, int, void*)
                0x00000000c001c2d6                SATA::write(unsigned long long, int, void*)
 *fill*         0x00000000c001c53b        0x1 
 .text          0x00000000c001c53c      0x5c6 hw/diskphys/satapi.32
                0x00000000c001c53c                SATAPI::write(unsigned long long, int, void*)
                0x00000000c001c542                SATAPI::close(int, int, void*)
                0x00000000c001c566                SATAPI::SATAPI()
                0x00000000c001c566                SATAPI::SATAPI()
                0x00000000c001c594                SATAPI::diskRemoved()
                0x00000000c001c596                SATAPI::diskInserted()
                0x00000000c001c5b2                SATAPI::sendPacket(unsigned char*, int, unsigned long long, unsigned short*, int)
                0x00000000c001c886                SATAPI::eject()
                0x00000000c001c8c2                SATAPI::detectMedia()
                0x00000000c001c918                SATAPI::open(int, int, void*)
                0x00000000c001ca18                SATAPI::read(unsigned long long, int, void*)
 .text          0x00000000c001cb02      0x455 hw/intctrl/apic.32
                0x00000000c001cb02                IOAPIC::close(int, int, void*)
                0x00000000c001cb08                apicGetBase()
                0x00000000c001cb4a                IOAPIC::IOAPIC()
                0x00000000c001cb4a                IOAPIC::IOAPIC()
                0x00000000c001cb72                apicOpen()
                0x00000000c001ccd8                IOAPIC::handlesGSIWithNumber(unsigned int)
                0x00000000c001cd0a                IOAPIC::read(int)
                0x00000000c001cd32                IOAPIC::open(int, int, void*)
                0x00000000c001ce26                IOAPIC::write(int, int)
                0x00000000c001ce52                IOAPIC::redirect(unsigned char, unsigned long long, unsigned char, bool, bool)
 *fill*         0x00000000c001cf57        0x1 
 .text          0x00000000c001cf58       0xf0 hw/timer/apictimer.32
                0x00000000c001cf58                APICTimer::close(int, int, void*)
                0x00000000c001cf60                apicTimerHandler(regs*, void*)
                0x00000000c001cf88                APICTimer::open(int, int, void*)
                0x00000000c001cff8                APICTimer::write(int)
                0x00000000c001d020                APICTimer::APICTimer()
                0x00000000c001d020                APICTimer::APICTimer()
 .text          0x00000000c001d048      0x1aa hw/timer/pit.32
                0x00000000c001d048                PIT::write(int)
                0x00000000c001d0cc                pitHandler(regs*, void*)
                0x00000000c001d0f0                PIT::open(int, int, void*)
                0x00000000c001d140                PIT::close(int, int, void*)
                0x00000000c001d170                PIT::PIT()
                0x00000000c001d170                PIT::PIT()
 *fill*         0x00000000c001d1f2        0xe 
 .text          0x00000000c001d200       0x83 arch/i386/avx.32
                0x00000000c001d200                avxDetect
                0x00000000c001d22a                avxSave
                0x00000000c001d23b                avxLoad
                0x00000000c001d24c                avxInit
                0x00000000c001d26e                avxClose
                0x00000000c001d26f                wouldSheSayYes
 *fill*         0x00000000c001d283        0xd 
 .text          0x00000000c001d290      0x231 arch/i386/interrupt.32
                0x00000000c001d290                isr0
                0x00000000c001d2a0                isr1
                0x00000000c001d2aa                isr2
                0x00000000c001d2b4                isr3
                0x00000000c001d2be                isr4
                0x00000000c001d2c8                isr5
                0x00000000c001d2d2                isr6
                0x00000000c001d2dc                isr7
                0x00000000c001d2e6                isr8
                0x00000000c001d2ee                isr9
                0x00000000c001d2f8                isr10
                0x00000000c001d300                isr11
                0x00000000c001d308                isr12
                0x00000000c001d310                isr13
                0x00000000c001d318                isr14
                0x00000000c001d320                isr15
                0x00000000c001d32a                isr16
                0x00000000c001d334                isr17
                0x00000000c001d33e                isr18
                0x00000000c001d348                irq3
                0x00000000c001d352                irq4
                0x00000000c001d35c                irq5
                0x00000000c001d366                irq6
                0x00000000c001d370                irq7
                0x00000000c001d37a                irq8
                0x00000000c001d384                irq9
                0x00000000c001d38e                irq10
                0x00000000c001d398                irq11
                0x00000000c001d3a2                irq12
                0x00000000c001d3ac                irq13
                0x00000000c001d3b6                irq14
                0x00000000c001d3c0                irq15
                0x00000000c001d3ca                irq1
                0x00000000c001d3d1                irq2
                0x00000000c001d3d8                isr96
                0x00000000c001d3df                irq0
                0x00000000c001d3e4                int_common_stub
                0x00000000c001d416                syscall_common_stub
                0x00000000c001d471                irq16
                0x00000000c001d47b                irq17
                0x00000000c001d485                irq18
                0x00000000c001d48f                irq19
                0x00000000c001d499                irq20
                0x00000000c001d4a3                irq21
                0x00000000c001d4ad                irq22
                0x00000000c001d4b7                irq23
 *fill*         0x00000000c001d4c1        0xf 
 .text          0x00000000c001d4d0       0x10 arch/i386/rdrand.32
                0x00000000c001d4d0                i386GetRDRAND
 .text          0x00000000c001d4e0       0x39 arch/i386/sse.32
                0x00000000c001d4e0                absolutelyNoChanceInHell
                0x00000000c001d4e0                sseDetect
                0x00000000c001d4f8                sseSave
                0x00000000c001d500                sseLoad
                0x00000000c001d508                sseInit
                0x00000000c001d518                sseClose
 *fill*         0x00000000c001d519        0x7 
 .text          0x00000000c001d520       0x49 arch/i386/x87.32
                0x00000000c001d526                x87Detect
                0x00000000c001d541                x87Save
                0x00000000c001d548                x87Load
                0x00000000c001d54f                x87Init
                0x00000000c001d568                x87Close
 *fill*         0x00000000c001d569        0x3 
 .text          0x00000000c001d56c       0x25 /cygdrive/d/Users/Alex/Desktop/Toolchain/Output/bin/../lib/gcc/i386-banana/8.1.0/crtend.o
 .text          0x00000000c001d591        0x0 crtn.32
 *fill*         0x00000000c001d591        0x3 
 .text          0x00000000c001d594      0x14b /cygdrive/d/Users/Alex/Desktop/Toolchain/Output/bin/../lib/gcc/i386-banana/8.1.0/libkgcc.a(_divdi3.o)
                0x00000000c001d594                __divdi3
 *fill*         0x00000000c001d6df        0x1 
 .text          0x00000000c001d6e0      0x17e /cygdrive/d/Users/Alex/Desktop/Toolchain/Output/bin/../lib/gcc/i386-banana/8.1.0/libkgcc.a(_moddi3.o)
                0x00000000c001d6e0                __moddi3
 *fill*         0x00000000c001d85e        0x2 
 .text          0x00000000c001d860       0xff /cygdrive/d/Users/Alex/Desktop/Toolchain/Output/bin/../lib/gcc/i386-banana/8.1.0/libkgcc.a(_udivdi3.o)
                0x00000000c001d860                __udivdi3
 *fill*         0x00000000c001d95f        0x1 
 .text          0x00000000c001d960      0x11a /cygdrive/d/Users/Alex/Desktop/Toolchain/Output/bin/../lib/gcc/i386-banana/8.1.0/libkgcc.a(_umoddi3.o)
                0x00000000c001d960                __umoddi3
 *(.gnu.linkonce.t*)

.iplt           0x00000000c001da80        0x0
 .iplt          0x00000000c001da80        0x0 D:/Users/Alex/Desktop/Banana/kernel/boot.32

.init           0x00000000c001da7a        0xf
 .init          0x00000000c001da7a        0x3 crti.32
                0x00000000c001da7a                _init
 .init          0x00000000c001da7d        0x5 /cygdrive/d/Users/Alex/Desktop/Toolchain/Output/bin/../lib/gcc/i386-banana/8.1.0/crtbegin.o
 .init          0x00000000c001da82        0x5 /cygdrive/d/Users/Alex/Desktop/Toolchain/Output/bin/../lib/gcc/i386-banana/8.1.0/crtend.o
 .init          0x00000000c001da87        0x2 crtn.32

.fini           0x00000000c001da89        0xa
 .fini          0x00000000c001da89        0x3 crti.32
                0x00000000c001da89                _fini
 .fini          0x00000000c001da8c        0x5 /cygdrive/d/Users/Alex/Desktop/Toolchain/Output/bin/../lib/gcc/i386-banana/8.1.0/crtbegin.o
 .fini          0x00000000c001da91        0x2 crtn.32

.text._ZN8ComputerD2Ev
                0x00000000c001da94       0x23
 .text._ZN8ComputerD2Ev
                0x00000000c001da94       0x23 core/computer.32
                0x00000000c001da94                Computer::~Computer()
                0x00000000c001da94                Computer::~Computer()

.text._ZN8ComputerD0Ev
                0x00000000c001dab8       0x2a
 .text._ZN8ComputerD0Ev
                0x00000000c001dab8       0x2a core/computer.32
                0x00000000c001dab8                Computer::~Computer()

.text._Z10idleCommonv
                0x00000000c001dae2       0x21
 .text._Z10idleCommonv
                0x00000000c001dae2       0x21 core/idle.32
                0x00000000c001dae2                idleCommon()

.text._ZN10LinkedListI8UnixFileED2Ev