Archive member included to satisfy reference by file (symbol)

/cygdrive/d/Users/Alex/Desktop/Toolchain/Output/bin/../lib/gcc/i386-banana/8.1.0/libkgcc.a(_divdi3.o)
                              fs/fat/ff.32 (__divdi3)
/cygdrive/d/Users/Alex/Desktop/Toolchain/Output/bin/../lib/gcc/i386-banana/8.1.0/libkgcc.a(_moddi3.o)
                              compat/resolve.32 (__moddi3)
/cygdrive/d/Users/Alex/Desktop/Toolchain/Output/bin/../lib/gcc/i386-banana/8.1.0/libkgcc.a(_udivdi3.o)
                              fs/fat/ff.32 (__udivdi3)
/cygdrive/d/Users/Alex/Desktop/Toolchain/Output/bin/../lib/gcc/i386-banana/8.1.0/libkgcc.a(_umoddi3.o)
                              compat/resolve.32 (__umoddi3)
D:/Users/Alex/Desktop/Banana/kernel/libsoftfp.a(sfieeelib.o)
                              hal/sound/sndhw.32 (__addsf3)
D:/Users/Alex/Desktop/Banana/kernel/libsoftfp.a(dfieeelib.o)
                              hal/libresample/src_linear.32 (__adddf3)
D:/Users/Alex/Desktop/Banana/kernel/libsoftfp.a(sfdfcvt.o)
                              hal/libresample/samplerate.32 (__truncdfsf2)
D:/Users/Alex/Desktop/Banana/kernel/libk/libm32.a(s_fabs.c.o)
                              hal/libresample/samplerate.32 (fabs)
D:/Users/Alex/Desktop/Banana/kernel/libk/libm32.a(s_lrint.S.o)
                              hal/libresample/samplerate.32 (lrint)
D:/Users/Alex/Desktop/Banana/kernel/libk/libm32.a(s_lrintf.S.o)
                              hal/sound/sndhw.32 (lrintf)

Discarded input sections

 .comment       0x0000000000000000       0x12 /cygdrive/d/Users/Alex/Desktop/Toolchain/Output/bin/../lib/gcc/i386-banana/8.1.0/crtbegin.o
 .comment       0x0000000000000000       0x12 acpica/utclib.32
 .comment       0x0000000000000000       0x12 core/malloc.32
 .comment       0x0000000000000000       0x12 libk/string.32
 .comment       0x0000000000000000       0x12 fs/fat/diskio.32
 .comment       0x0000000000000000       0x12 fs/fat/ff.32
 .comment       0x0000000000000000       0x12 fs/fat/ffsystem.32
 .comment       0x0000000000000000       0x12 fs/fat/ffunicode.32
 .comment       0x0000000000000000       0x12 hal/libresample/samplerate.32
 .comment       0x0000000000000000       0x12 hal/libresample/src_linear.32
 .comment       0x0000000000000000       0x12 hal/libresample/src_sinc.32
 .comment       0x0000000000000000       0x12 hal/libresample/src_zoh.32
 .comment       0x0000000000000000       0x12 compat/inlines.32
 .comment       0x0000000000000000       0x12 compat/resolve.32
 .group         0x0000000000000000       0x14 core/computer.32
 .group         0x0000000000000000        0xc core/computer.32
 .comment       0x0000000000000000       0x12 core/computer.32
 .comment       0x0000000000000000       0x12 core/gdt.32
 .group         0x0000000000000000        0xc core/idle.32
 .comment       0x0000000000000000       0x12 core/idle.32
 .comment       0x0000000000000000       0x12 core/idt.32
 .comment       0x0000000000000000       0x12 core/kheap.32
 .comment       0x0000000000000000       0x12 core/main.32
 .comment       0x0000000000000000       0x12 core/physmgr.32
 .group         0x0000000000000000        0xc core/pipe.32
 .comment       0x0000000000000000       0x12 core/pipe.32
 .group         0x0000000000000000        0xc core/terminal.32
 .comment       0x0000000000000000       0x12 core/terminal.32
 .comment       0x0000000000000000       0x12 core/tss.32
 .group         0x0000000000000000        0x8 core/unixfile.32
 .group         0x0000000000000000        0xc core/unixfile.32
 .group         0x0000000000000000        0xc core/unixfile.32
 .group         0x0000000000000000        0x8 core/unixfile.32
 .group         0x0000000000000000        0xc core/unixfile.32
 .group         0x0000000000000000        0x8 core/unixfile.32
 .group         0x0000000000000000        0xc core/unixfile.32
 .group         0x0000000000000000        0xc core/unixfile.32
 .comment       0x0000000000000000       0x12 core/unixfile.32
 .comment       0x0000000000000000       0x12 core/virtmgr.32
 .comment       0x0000000000000000       0x12 coreobjs/c++.32
 .comment       0x0000000000000000       0x12 dbg/kconsole.32
 .group         0x0000000000000000        0xc fs/vfs.32
 .group         0x0000000000000000        0xc fs/vfs.32
 .group         0x0000000000000000        0xc fs/vfs.32
 .comment       0x0000000000000000       0x12 fs/vfs.32
 .group         0x0000000000000000        0xc hal/bus.32
 .comment       0x0000000000000000       0x12 hal/bus.32
 .group         0x0000000000000000        0xc hal/buzzer.32
 .comment       0x0000000000000000       0x12 hal/buzzer.32
 .group         0x0000000000000000        0xc hal/clock.32
 .comment       0x0000000000000000       0x12 hal/clock.32
 .group         0x0000000000000000       0x14 hal/device.32
 .group         0x0000000000000000        0xc hal/device.32
 .group         0x0000000000000000        0xc hal/device.32
 .group         0x0000000000000000        0xc hal/device.32
[...]
Memory Configuration

Name             Origin             Length             Attributes
*default*        0x0000000000000000 0xffffffffffffffff

Linker script and memory map

LOAD D:/Users/Alex/Desktop/Banana/kernel/boot.32
LOAD crti.32
LOAD /cygdrive/d/Users/Alex/Desktop/Toolchain/Output/bin/../lib/gcc/i386-banana/8.1.0/crtbegin.o
LOAD D:/Users/Alex/Desktop/Banana/kernel/morenasm.32
LOAD acpica/utclib.32
LOAD core/malloc.32
LOAD libk/string.32
LOAD fs/fat/diskio.32
LOAD fs/fat/ff.32
LOAD fs/fat/ffsystem.32
LOAD fs/fat/ffunicode.32
LOAD hal/libresample/samplerate.32
LOAD hal/libresample/src_linear.32
LOAD hal/libresample/src_sinc.32
LOAD hal/libresample/src_zoh.32
LOAD compat/inlines.32
LOAD compat/resolve.32
LOAD core/computer.32
LOAD core/gdt.32
LOAD core/idle.32
LOAD core/idt.32
LOAD core/kheap.32
LOAD core/main.32
LOAD core/physmgr.32
LOAD core/pipe.32
LOAD core/terminal.32
LOAD core/tss.32
LOAD core/unixfile.32
LOAD core/virtmgr.32
LOAD coreobjs/c++.32
LOAD dbg/kconsole.32
LOAD fs/vfs.32
LOAD hal/bus.32
LOAD hal/buzzer.32
LOAD hal/clock.32
LOAD hal/device.32
LOAD hal/diskctrl.32
LOAD hal/diskphys.32
LOAD hal/fpu.32
LOAD hal/intctrl.32
LOAD hal/keybrd.32
LOAD hal/logidisk.32
LOAD hal/mouse.32
LOAD hal/partition.32
LOAD hal/serial.32
LOAD hal/timer.32
LOAD hal/vcache.32
LOAD hal/video.32
LOAD hw/acpi.32
LOAD hw/cpu.32
LOAD hw/ports.32
LOAD hw/smp.32
LOAD krnl/env.32
LOAD krnl/panic.32
LOAD net/ethernet.32
LOAD reg/registry.32
LOAD sys/sc_eject.32
LOAD sys/sc_exit.32
LOAD sys/sc_getcwd.32
LOAD sys/sc_getpid.32
LOAD sys/sc_getramdata.32
LOAD sys/sc_loaddll.32
LOAD sys/sc_read.32
LOAD sys/sc_sbrk.32
LOAD sys/sc_setcwd.32
LOAD sys/sc_settime.32
LOAD sys/sc_timezone.32
LOAD sys/sc_write.32
LOAD sys/sc_wsbe.32
LOAD sys/sc_yield.32
LOAD sys/syscalls.32
LOAD thr/elf.32
LOAD thr/prcssthr.32
LOAD vm86/vm8086.32
LOAD vm86/x87em.32
LOAD fs/fat/vfslink.32
LOAD fs/iso9660/vfslink.32
LOAD hal/sound/sndchannel.32
LOAD hal/sound/sndhw.32
LOAD hw/bus/isa.32
LOAD hw/bus/pci.32
LOAD hw/diskctrl/ide.32
LOAD hw/diskctrl/satabus.32
LOAD hw/diskphys/ata.32
LOAD hw/diskphys/atapi.32
LOAD hw/diskphys/sata.32
LOAD hw/diskphys/satapi.32
LOAD hw/fpu/avx.32
LOAD hw/fpu/mmx.32
LOAD hw/fpu/sse.32
LOAD hw/fpu/x87.32
LOAD hw/intctrl/apic.32
LOAD hw/intctrl/pic.32
LOAD hw/timer/apictimer.32
LOAD hw/timer/pit.32
LOAD hw/fpu/x86/avx.32
LOAD hw/fpu/x86/sse.32
LOAD hw/fpu/x86/x87.32
LOAD /cygdrive/d/Users/Alex/Desktop/Toolchain/Output/bin/../lib/gcc/i386-banana/8.1.0/crtend.o
LOAD crtn.32
LOAD /cygdrive/d/Users/Alex/Desktop/Toolchain/Output/bin/../lib/gcc/i386-banana/8.1.0/libkgcc.a
LOAD D:/Users/Alex/Desktop/Banana/kernel/libsoftfp.a
LOAD D:/Users/Alex/Desktop/Banana/kernel/libk/libm32.a
                0x00000000c0000000                . = 0xc0000000

.text           0x00000000c0000000    0x286b8
 *(.text)
 .text          0x00000000c0000000       0x41 D:/Users/Alex/Desktop/Banana/kernel/boot.32
                0x00000000c0000020                callGlobalConstructors
 .text          0x00000000c0000041        0x0 crti.32
 *fill*         0x00000000c0000041        0x3 
 .text          0x00000000c0000044      0x101 /cygdrive/d/Users/Alex/Desktop/Toolchain/Output/bin/../lib/gcc/i386-banana/8.1.0/crtbegin.o
 *fill*         0x00000000c0000145        0xb 
 .text          0x00000000c0000150      0x4ed D:/Users/Alex/Desktop/Banana/kernel/morenasm.32
                0x00000000c0000150                manualPCIProbe
                0x00000000c000019b                prepareTramp
                0x00000000c00001b4                voodooXADD
                0x00000000c000027f                doTPAUSE
                0x00000000c0000289                hasLegacyFPU
                0x00000000c00002ae                is486
                0x00000000c00002e4                detectCPUID
                0x00000000c00002fa                goToVM86
                0x00000000c000032a                goToUsermode
                0x00000000c0000354                switchToThreadASMFirstTime
                0x00000000c0000362                switchToThreadASM
                0x00000000c00003ea                asmQuickAcquireLock
                0x00000000c0000408                asmQuickReleaseLock
                0x00000000c0000414                asmAcquireLock
                0x00000000c0000435                asmReleaseLock
                0x00000000c0000448                loadGDT
                0x00000000c0000468                isr0
                0x00000000c0000478                isr1
                0x00000000c0000482                isr2
                0x00000000c000048c                isr3
                0x00000000c0000496                isr4
                0x00000000c00004a0                isr5
                0x00000000c00004aa                isr6
                0x00000000c00004b4                isr7
                0x00000000c00004be                isr8
                0x00000000c00004c6                isr9
                0x00000000c00004d0                isr10
                0x00000000c00004d8                isr11
                0x00000000c00004e0                isr12
                0x00000000c00004e8                isr13
                0x00000000c00004f0                isr14
                0x00000000c00004f8                isr15
                0x00000000c0000502                isr16
                0x00000000c000050c                isr17
                0x00000000c0000516                isr18
                0x00000000c0000520                irq3
                0x00000000c000052a                irq4
                0x00000000c0000534                irq5
                0x00000000c000053e                irq6
                0x00000000c0000548                irq7
                0x00000000c0000552                irq8
                0x00000000c000055c                irq9
                0x00000000c0000566                irq10
                0x00000000c0000570                irq11
                0x00000000c000057a                irq12
                0x00000000c0000584                irq13
                0x00000000c000058e                irq14
                0x00000000c0000598                irq15
                0x00000000c00005a2                irq1
                0x00000000c00005a9                irq2
                0x00000000c00005b0                isr96
                0x00000000c00005b7                irq0
                0x00000000c00005bc                int_common_stub
                0x00000000c00005bc                syscall_common_stub
                0x00000000c00005ed                irq16
                0x00000000c00005f7                irq17
                0x00000000c0000601                irq18
                0x00000000c000060b                irq19
                0x00000000c0000615                irq20
                0x00000000c000061f                irq21
                0x00000000c0000629                irq22
                0x00000000c0000633                irq23
 *fill*         0x00000000c000063d        0x3 
 .text          0x00000000c0000640      0x611 acpica/utclib.32
                0x00000000c0000640                memcmp
                0x00000000c000067c                memmove
                0x00000000c0000744                memcpy
                0x00000000c0000778                memset
                0x00000000c0000794                strlen
                0x00000000c00007ac                strpbrk
                0x00000000c00007e8                strtok
                0x00000000c0000834                strcpy
                0x00000000c0000858                strncpy
                0x00000000c00008c0                strcmp
                0x00000000c0000900                strchr
                0x00000000c0000924                strncmp
                0x00000000c0000974                strcat
                0x00000000c00009a4                strncat
                0x00000000c00009e0                strstr
                0x00000000c0000a28                toupper
                0x00000000c0000a3c                tolower
                0x00000000c0000a50                simple_strtoul
 .text          0x00000000c0000c51      0xfbf core/malloc.32
                0x00000000c0000dbc                dlfree
                0x00000000c0001117                dlmalloc
                0x00000000c0001654                dlrealloc
                0x00000000c0001809                dlmemalign
                0x00000000c000192c                dlcalloc
                0x00000000c00019c6                dlcfree
                0x00000000c00019cb                dlindependent_calloc
                0x00000000c00019f0                dlindependent_comalloc
                0x00000000c0001a07                dlvalloc
                0x00000000c0001a32                dlpvalloc
                0x00000000c0001a68                dlmalloc_trim
                0x00000000c0001a75                dlmalloc_usable_size
                0x00000000c0001aa6                dlmallinfo
                0x00000000c0001b75                dlmalloc_stats
                0x00000000c0001b86                dlmallopt
 .text          0x00000000c0001c10        0x0 libk/string.32
 .text          0x00000000c0001c10       0x51 fs/fat/diskio.32
                0x00000000c0001c10                disk_status
                0x00000000c0001c13                disk_initialize
                0x00000000c0001c16                disk_read
                0x00000000c0001c2c                disk_write
                0x00000000c0001c42                disk_ioctl
 .text          0x00000000c0001c61     0x6833 fs/fat/ff.32
                0x00000000c0004f2f                f_mount
                0x00000000c0004f91                f_open
                0x00000000c00053cd                f_read
                0x00000000c000564d                f_write
                0x00000000c0005907                f_sync
                0x00000000c0005ae3                f_close
                0x00000000c0005b12                f_lseek
                0x00000000c0005fc9                f_opendir
                0x00000000c00060cb                f_closedir
                0x00000000c00060ed                f_readdir
                0x00000000c0006188                f_stat
                0x00000000c0006217                f_getfree
                0x00000000c00063e2                f_truncate
                0x00000000c00064da                f_unlink
                0x00000000c000665d                f_mkdir
                0x00000000c0006889                f_rename
                0x00000000c0006b7c                f_chmod
                0x00000000c0006c5a                f_utime
                0x00000000c0006d38                f_getlabel
                0x00000000c0006f26                f_setlabel
                0x00000000c0007193                f_forward
                0x00000000c0007371                f_mkfs
 .text          0x00000000c0008494       0x2d fs/fat/ffsystem.32
                0x00000000c0008494                ff_memalloc
                0x00000000c00084aa                ff_memfree
 .text          0x00000000c00084c1      0x253 fs/fat/ffunicode.32
                0x00000000c00084c1                ff_uni2oem
                0x00000000c0008551                ff_oem2uni
                0x00000000c00085bd                ff_wtoupper
 .text          0x00000000c0008714      0x8fb hal/libresample/samplerate.32
                0x00000000c0008758                src_delete
                0x00000000c0008794                src_process
                0x00000000c000894a                src_callback_read
                0x00000000c0008ac7                src_set_ratio
                0x00000000c0008b31                src_get_channels
                0x00000000c0008b53                src_reset
                0x00000000c0008b9f                src_new
                0x00000000c0008c2d                src_callback_new
                0x00000000c0008c8f                src_get_name
                0x00000000c0008cc6                src_get_description
                0x00000000c0008cfd                src_get_version
                0x00000000c0008d03                src_is_valid_ratio
                0x00000000c0008d57                src_error
                0x00000000c0008d65                src_strerror
                0x00000000c0008d78                src_simple
                0x00000000c0008dcb                src_short_to_float_array
                0x00000000c0008e30                src_float_to_short_array
                0x00000000c0008eef                src_int_to_float_array
                0x00000000c0008f52                src_float_to_int_array
 .text          0x00000000c000900f      0x8cb hal/libresample/src_linear.32
                0x00000000c0009835                linear_get_name
                0x00000000c0009844                linear_get_description
                0x00000000c0009853                linear_set_converter
 .text          0x00000000c00098da     0x447c hal/libresample/src_sinc.32
                0x00000000c000dc6d                sinc_get_name
                0x00000000c000dc80                sinc_get_description
                0x00000000c000dc93                sinc_set_converter
 .text          0x00000000c000dd56      0x77c hal/libresample/src_zoh.32
                0x00000000c000e42d                zoh_get_name
                0x00000000c000e43c                zoh_get_description
                0x00000000c000e44b                zoh_set_converter
 .text          0x00000000c000e4d2       0x23 compat/inlines.32
                0x00000000c000e4d2                CPU::current()
                0x00000000c000e4df                operator new(unsigned long)
 .text          0x00000000c000e4f5      0x111 compat/resolve.32
                0x00000000c000e4f5                Krnl::resolveCompatibilitySymbol(char*)
 .text          0x00000000c000e606      0xa17 core/computer.32
                0x00000000c000e606                Computer::close(int, int, void*)
                0x00000000c000e64a                Krnl::firstTask()
                0x00000000c000e73a                Computer::Computer()
                0x00000000c000e73a                Computer::Computer()
                0x00000000c000e896                Computer::setBootMessage(char const*)
                0x00000000c000e898                Computer::detectFeatures()
                0x00000000c000eaa2                Computer::displayFeatures()
                0x00000000c000ede8                Computer::rdmsr(unsigned int)
                0x00000000c000ee14                Computer::wrmsr(unsigned int, unsigned long long)
                0x00000000c000ee4c                Computer::nmiEnabled()
                0x00000000c000ee58                Computer::readCMOS(unsigned char)
                0x00000000c000ee72                Computer::enableNMI(bool)
                0x00000000c000ee8a                Computer::open(int, int, void*)
                0x00000000c000ef60                Computer::disableNMI()
                0x00000000c000ef6e                Computer::writeCMOS(unsigned char, unsigned char)
                0x00000000c000ef8c                Computer::handleNMI()
                0x00000000c000eff2                Computer::setDiskActivityLight(int, bool)
 *fill*         0x00000000c000f01d        0x1 
 .text          0x00000000c000f01e      0x1b7 core/gdt.32
                0x00000000c000f01e                GDTEntry::setBase(unsigned int)
                0x00000000c000f03a                GDTEntry::setLimit(unsigned int)
                0x00000000c000f058                GDT::GDT()
                0x00000000c000f058                GDT::GDT()
                0x00000000c000f06e                GDT::addEntry(GDTEntry)
                0x00000000c000f0aa                GDT::getNumberOfEntries()
                0x00000000c000f0b2                GDT::flush()
                0x00000000c000f0d4                GDT::setup()
 .text          0x00000000c000f1d5       0x62 core/idle.32
                0x00000000c000f1d5                idleFunction(void*)
 *fill*         0x00000000c000f237        0x1 
 .text          0x00000000c000f238      0x45f core/idt.32
                0x00000000c000f238                IDTEntry::IDTEntry(bool)
                0x00000000c000f238                IDTEntry::IDTEntry(bool)
                0x00000000c000f2a6                IDTEntry::setOffset(unsigned int)
                0x00000000c000f2ba                IDT::IDT()
                0x00000000c000f2ba                IDT::IDT()
                0x00000000c000f2bc                IDT::getPointerToInvalidOpcodeEntryForF00F()
                0x00000000c000f2c4                IDT::addEntry(IDTEntry, int)
                0x00000000c000f2de                IDT::addEntry(int, void (*)(), bool)
                0x00000000c000f316                IDT::flush()
                0x00000000c000f330                IDT::setup()
 .text          0x00000000c000f697      0x203 core/kheap.32
                0x00000000c000f697                sbrk
                0x00000000c000f7a5                mmap
                0x00000000c000f7bb                munmap
                0x00000000c000f7d1                liballoc_lock()
                0x00000000c000f7e2                liballoc_unlock()
                0x00000000c000f7f3                liballoc_alloc(int)
                0x00000000c000f80e                liballoc_free(void*, int)
                0x00000000c000f82c                realloc
                0x00000000c000f840                malloc
                0x00000000c000f850                free
                0x00000000c000f860                rfree
                0x00000000c000f870                calloc
 .text          0x00000000c000f89a      0x485 core/main.32
                0x00000000c000f89a                hwTextMode_loadInData(VgaText*)
                0x00000000c000f8e5                hwTextMode_loadInTitle(VgaText*, char*)
                0x00000000c000f963                hwTextMode_showCursor(VgaText*, bool)
                0x00000000c000f9c1                hwTextMode_update(VgaText*)
                0x00000000c000f9c2                hwTextMode_updateCursor(VgaText*)
                0x00000000c000fa13                hwTextMode_disableBlink(VgaText*, bool)
                0x00000000c000fa59                hwTextMode_scrollScreen(VgaText*)
                0x00000000c000fb06                hwTextMode_writeCharacter(VgaText*, char, VgaColour, VgaColour, int, int)
                0x00000000c000fb88                setupTextMode()
                0x00000000c000fbf8                kernel_main
 .text          0x00000000c000fd1f      0x5c8 core/physmgr.32
                0x00000000c000fd1f                Phys::allocateDMA(unsigned long)
                0x00000000c000fdc2                Phys::freeDMA(unsigned long, unsigned long)
                0x00000000c000fe0a                Phys::setPageState(unsigned long, bool)
                0x00000000c000fe3c                Phys::getPageState(unsigned long)
                0x00000000c000fe58                Phys::freePage(unsigned long)
                0x00000000c000fee2                Phys::allocatePage()
                0x00000000c0010025                Phys::allocateContiguousPages(int)
                0x00000000c001007f                Phys::allowSegmentToBeUsed(unsigned long, unsigned long)
                0x00000000c00100b7                Phys::physicalMemorySetup(unsigned int)
 *fill*         0x00000000c00102e7        0x1 
 .text          0x00000000c00102e8      0x273 core/pipe.32
                0x00000000c00102e8                Pipe::isAtty()
                0x00000000c00102ec                Pipe::~Pipe()
                0x00000000c00102ec                Pipe::~Pipe()
                0x00000000c0010310                Pipe::~Pipe()
                0x00000000c0010338                Pipe::read(unsigned long long, void*, int*)
                0x00000000c001042c                Pipe::write(unsigned long long, void*, int*)
                0x00000000c00104f4                Pipe::Pipe(int)
                0x00000000c00104f4                Pipe::Pipe(int)
 *fill*         0x00000000c001055b        0x1 
 .text          0x00000000c001055c      0xf73 core/terminal.32
                0x00000000c001055c                VgaText::isAtty()
                0x00000000c0010560                VgaText::~VgaText()
                0x00000000c0010560                VgaText::~VgaText()
                0x00000000c0010584                VgaText::~VgaText()
                0x00000000c00105ae                VgaText::read(unsigned long long, void*, int*)
                0x00000000c00105ce                setTerminalScrollLock(bool)
                0x00000000c00105cf                addToTerminalCycle(VgaText*)
                0x00000000c00105fc                installVgaTextImplementation()
                0x00000000c0010611                scrollTerminalScrollLock(int)
                0x00000000c0010612                VgaText::load()
                0x00000000c0010666                VgaText::updateCursor()
                0x00000000c0010680                VgaText::showCursor(bool)
                0x00000000c0010690                VgaText::disableBlink(bool)
                0x00000000c00106ca                VgaText::doANSI_SGR(int)
                0x00000000c0010756                VgaText::setDefaultBgColour(VgaColour)
                0x00000000c001076c                VgaText::setDefaultFgColour(VgaColour)
                0x00000000c0010782                VgaText::setDefaultColours(VgaColour, VgaColour)
                0x00000000c00107a2                VgaText::combineColours(unsigned char, unsigned char)
                0x00000000c00107b4                VgaText::scrollScreen()
                0x00000000c0010848                VgaText::combineCharAndColour(char, unsigned char)
                0x00000000c001085a                VgaText::writeCharacter(char, VgaColour, VgaColour, int, int)
                0x00000000c00108ba                VgaText::getCursorX()
                0x00000000c00108c6                VgaText::getCursorY()
                0x00000000c00108d2                VgaText::setCursor(int, int)
                0x00000000c00108f0                VgaText::setCursorX(int)
                0x00000000c001090c                VgaText::setCursorY(int)
                0x00000000c0010928                VgaText::incrementCursor(bool)
                0x00000000c0010990                VgaText::updateRAMUsageDisplay(int)
                0x00000000c00109f4                VgaText::updateDiskUsage()
                0x00000000c0010b5e                VgaText::updateTitle()
                0x00000000c0010ba4                VgaText::setTitleTextColour(VgaColour)
                0x00000000c0010bb4                VgaText::setTitleColour(VgaColour)
                0x00000000c0010bc4                VgaText::setTitle(char*)
                0x00000000c0010bea                VgaText::decrementCursor(bool)
                0x00000000c0010c12                VgaText::putchar(char, VgaColour, VgaColour)
                0x00000000c0010d0e                VgaText::isShowingCursor()
                0x00000000c0010d1a                VgaText::isBlinkDisabled()
                0x00000000c0010d28                VgaText::setCursorHeight(int)
                0x00000000c0010d46                VgaText::getCursorHeight()
                0x00000000c0010d51                setActiveTerminal(VgaText*)
                0x00000000c0010e03                doTerminalCycle()
                0x00000000c0010e20                VgaText::doUpdate()
                0x00000000c0010e32                VgaText::puts(char const*, VgaColour, VgaColour)
                0x00000000c0010ff2                VgaText::clearScreen()
                0x00000000c0011056                VgaText::putchar(char)
                0x00000000c0011170                VgaText::puts(char const*)
                0x00000000c0011196                VgaText::putx(unsigned int)
                0x00000000c00111dc                VgaText::VgaText(char const*)
                0x00000000c00111dc                VgaText::VgaText(char const*)
                0x00000000c001136e                VgaText::receiveKey(unsigned char)
                0x00000000c0011456                VgaText::write(unsigned long long, void*, int*)
                0x00000000c00114aa                newTerminal(char*)
 *fill*         0x00000000c00114cf        0x1 
 .text          0x00000000c00114d0      0x1b3 core/tss.32
                0x00000000c00114d0                TSS::TSS()
                0x00000000c00114d0                TSS::TSS()
                0x00000000c00114de                TSS::setESP(unsigned long)
                0x00000000c00114f0                TSS::flush()
                0x00000000c0011510                TSS::setup(unsigned long, unsigned long)
 *fill*         0x00000000c0011683        0x1 
 .text          0x00000000c0011684      0x4c2 core/unixfile.32
                0x00000000c0011684                ReservedFilename::read(unsigned long long, void*, int*)
                0x00000000c00116da                ReservedFilename::isAtty()
                0x00000000c00116f6                ReservedFilename::write(unsigned long long, void*, int*)
                0x00000000c0011754                UnixFile::getFileDescriptor()
                0x00000000c001175c                UnixFile::UnixFile(int)
                0x00000000c001175c                UnixFile::UnixFile(int)
                0x00000000c001190c                ReservedFilename::ReservedFilename(int)
                0x00000000c001190c                ReservedFilename::ReservedFilename(int)
                0x00000000c001193e                UnixFile::~UnixFile()
                0x00000000c001193e                UnixFile::~UnixFile()
                0x00000000c00119d6                UnixFile::~UnixFile()
                0x00000000c00119fe                ReservedFilename::~ReservedFilename()
                0x00000000c00119fe                ReservedFilename::~ReservedFilename()
                0x00000000c0011a22                ReservedFilename::~ReservedFilename()
                0x00000000c0011a49                getFromFileDescriptor(int)
 .text          0x00000000c0011b46     0x130e core/virtmgr.32
                0x00000000c0011b46                Virt::setPageState(unsigned long, Virt::VirtPageState)
                0x00000000c0011b7b                Virt::getPageState(unsigned long)
                0x00000000c0011b9f                Virt::allocateKernelVirtualPages(int)
                0x00000000c0011cb0                Virt::freeSwapfilePage(unsigned long)
                0x00000000c0011cce                Virt::swapIDToSector(unsigned long)
                0x00000000c0011ce0                Virt::allocateSwapfilePage()
                0x00000000c0011d5e                Virt::virtualMemorySetup()
                0x00000000c0011ddd                Virt::swappingSetup()
                0x00000000c0011e3a                Virt::getAKernelVAS()
                0x00000000c0011e40                Virt::setupPageSwapping(int)
                0x00000000c0011f70                VAS::VAS()
                0x00000000c0011f70                VAS::VAS()
                0x00000000c0011fa0                VAS::VAS(VAS*)
                0x00000000c0011fa0                VAS::VAS(VAS*)
                0x00000000c0011fc4                VAS::getForeignPageTableEntry(bool, unsigned long)
                0x00000000c0011ff0                VAS::getPageTableEntry(unsigned long)
                0x00000000c001200f                Virt::freeKernelVirtualPages(unsigned long)
                0x00000000c0012132                VAS::freeAllocatedPages(unsigned long)
                0x00000000c0012156                VAS::virtualToPhysical(unsigned long)
                0x00000000c001216e                VAS::reflagRange(unsigned long, int, int, int)
                0x00000000c00121ae                VAS::setToWriteCombining(unsigned long, int)
                0x00000000c00121e0                VAS::mapOtherVASIn(bool, VAS*)
                0x00000000c001220a                VAS::~VAS()
                0x00000000c001220a                VAS::~VAS()
                0x00000000c0012376                VAS::mapPage(unsigned long, unsigned long, int)
                0x00000000c0012476                VAS::allocatePages(int, int)
                0x00000000c001264e                VAS::setCPUSpecific(unsigned long)
                0x00000000c001266a                VAS::mapRange(unsigned long, unsigned long, int, int)
                0x00000000c0012730                VAS::mapForeignPage(bool, VAS*, unsigned long, unsigned long, int)
                0x00000000c001281e                VAS::VAS(bool)
                0x00000000c001281e                VAS::VAS(bool)
                0x00000000c0012a7a                VAS::evict(unsigned long)
                0x00000000c0012b60                VAS::tryLoadBackOffDisk(unsigned long)
                0x00000000c0012ce2                VAS::scanForEviction(int, int)
                0x00000000c0012d98                mapVASFirstTime
 .text          0x00000000c0012e54       0x95 coreobjs/c++.32
                0x00000000c0012e54                __cxa_atexit
                0x00000000c0012e57                __cxa_finalize
                0x00000000c0012e58                __stack_chk_fail
                0x00000000c0012ec4                __cxa_pure_virtual
                0x00000000c0012ed5                operator new[](unsigned long)
                0x00000000c0012eda                operator delete(void*, unsigned long)
                0x00000000c0012edf                operator delete[](void*)
                0x00000000c0012ee4                operator delete[](void*, unsigned long)
 .text          0x00000000c0012ee9      0x1ef dbg/kconsole.32
                0x00000000c0012ee9                Dbg::stringifyxWithBase(unsigned int, char*, int)
                0x00000000c0012f4a                Dbg::logc(char)
                0x00000000c0012f61                Dbg::logs(char*)
                0x00000000c0012f7e                Dbg::logWriteInt(unsigned int)
                0x00000000c0012f9b                Dbg::logWriteIntBase(unsigned int, int)
                0x00000000c0012fba                Dbg::kprintf(char const*, ...)
 .text          0x00000000c00130d8      0xb7c fs/vfs.32
                0x00000000c00130d8                File::read(unsigned long long, void*, int*)
                0x00000000c0013130                File::write(unsigned long long, void*, int*)
                0x00000000c0013188                Directory::read(unsigned long long, void*, int*)
                0x00000000c00131e0                Directory::write(unsigned long long, void*, int*)
                0x00000000c001320e                File::isAtty()
                0x00000000c0013212                Directory::isAtty()
                0x00000000c0013216                Filesystem::getlabel(LogicalDisk*, int, char*, unsigned int*)
                0x00000000c001321c                Filesystem::setlabel(LogicalDisk*, int, char*)
                0x00000000c0013222                File::~File()
                0x00000000c0013222                File::~File()
                0x00000000c0013246                File::~File()
                0x00000000c0013270                Directory::~Directory()
                0x00000000c0013270                Directory::~Directory()
                0x00000000c0013294                Directory::~Directory()
                0x00000000c00132be                Filesystem::Filesystem()
                0x00000000c00132be                Filesystem::Filesystem()
                0x00000000c00132e2                Filesystem::~Filesystem()
                0x00000000c00132e2                Filesystem::~Filesystem()
                0x00000000c00132f0                Filesystem::~Filesystem()
                0x00000000c0013314                Fs::getcwd(Process*, char*, int)
                0x00000000c001333e                Fs::initVFS()
                0x00000000c0013368                Fs::standardiseFiles(char*, char const*, char const*)
                0x00000000c0013512                File::File(char const*, Process*)
                0x00000000c0013512                File::File(char const*, Process*)
                0x00000000c0013576                File::open(FileOpenMode)
                0x00000000c00135d4                File::close()
                0x00000000c0013634                File::seek(unsigned long long)
                0x00000000c001368a                File::tell(unsigned long long*)
                0x00000000c00136da                File::rewind()
                0x00000000c00136ee                File::unlink()
                0x00000000c001373a                File::rename(char const*)
                0x00000000c0013788                File::chfatattr(unsigned char, unsigned char)
                0x00000000c00137e4                File::exists()
                0x00000000c0013822                File::stat(unsigned long long*, bool*)
                0x00000000c0013883                Fs::setcwd(Process*, char*)
                0x00000000c00139be                Directory::Directory(char const*, Process*)
                0x00000000c00139be                Directory::Directory(char const*, Process*)
                0x00000000c0013a22                Directory::open()
                0x00000000c0013a7e                Directory::close()
                0x00000000c0013ade                Directory::unlink()
                0x00000000c0013b2a                Directory::rename(char const*)
                0x00000000c0013b78                Directory::exists()
                0x00000000c0013bb6                Directory::read(dirent*)
                0x00000000c0013c02                Directory::create()
                0x00000000c0013c4e                Filesystem::chfatattr(char const*, unsigned char, unsigned char)
 .text          0x00000000c0013c54       0x84 hal/bus.32
                0x00000000c0013c54                Bus::Bus(char const*)
                0x00000000c0013c54                Bus::Bus(char const*)
                0x00000000c0013c8a                Bus::~Bus()
                0x00000000c0013c8a                Bus::~Bus()
                0x00000000c0013cae                Bus::~Bus()
 .text          0x00000000c0013cd8      0x14e hal/buzzer.32
                0x00000000c0013cd8                Buzzer::Buzzer(char const*)
                0x00000000c0013cd8                Buzzer::Buzzer(char const*)
                0x00000000c0013d1c                Buzzer::~Buzzer()
                0x00000000c0013d1c                Buzzer::~Buzzer()
                0x00000000c0013d40                Buzzer::~Buzzer()
                0x00000000c0013d6a                Buzzer::stop()
                0x00000000c0013d7d                beepThread(void*)
                0x00000000c0013db8                Buzzer::beep(int, int, bool)
 .text          0x00000000c0013e26      0x467 hal/clock.32
                0x00000000c0013e26                User::loadClockSettings(int)
                0x00000000c0013e78                Clock::Clock(char const*)
                0x00000000c0013e78                Clock::Clock(char const*)
                0x00000000c0013eae                Clock::~Clock()
                0x00000000c0013eae                Clock::~Clock()
                0x00000000c0013ed2                Clock::~Clock()
                0x00000000c0013efc                Clock::timeInSecondsLocal()
                0x00000000c0013f44                Clock::setTimeInSecondsLocal(unsigned long long)
                0x00000000c0013f9d                datetimeToSeconds(datetime_t)
                0x00000000c00140c4                Clock::setTimeInDatetimeLocal(datetime_t)
                0x00000000c0014124                secondsToDatetime(unsigned long long)
                0x00000000c0014268                Clock::timeInDatetimeLocal()
 *fill*         0x00000000c001428d        0x1 
 .text          0x00000000c001428e      0x4de hal/device.32
                0x00000000c001428e                Device::hibernate()
                0x00000000c0014290                Device::wake()
                0x00000000c0014292                Device::detect()
                0x00000000c0014294                Device::disableLegacy()
                0x00000000c0014296                Device::powerSaving(PowerSavingLevel)
                0x00000000c0014298                DriverlessDevice::close(int, int, void*)
                0x00000000c001429c                DriverlessDevice::detect()
                0x00000000c001429e                DriverlessDevice::open(int, int, void*)
                0x00000000c00142b2                Device::~Device()
                0x00000000c00142b2                Device::~Device()
                0x00000000c00142c0                Device::~Device()
                0x00000000c00142e8                Device::findAndLoadDriver()
                0x00000000c00142ea                Device::preOpenPCI(PCIDeviceInfo)
                0x00000000c0014310                Device::preOpenACPI(void*, char*, char*)
                0x00000000c0014364                Device::addIRQHandler(int, void (*)(regs*, void*), bool, void*)
                0x00000000c00143a2                Device::removeIRQHandler(int, void (*)(regs*, void*), bool)
                0x00000000c00143e0                Device::addChild(Device*)
                0x00000000c0014424                Device::removeAllChildren()
                0x00000000c001446a                Device::hibernateAll()
                0x00000000c001449a                Device::wakeAll()
                0x00000000c00144ca                Device::detectAll()
                0x00000000c00144fa                Device::disableLegacyAll()
                0x00000000c001452a                Device::loadDriversForAll()
                0x00000000c0014556                Device::closeAll()
                0x00000000c001458c                Device::powerSavingAll(PowerSavingLevel)
                0x00000000c00145c2                Device::setName(char const*)
                0x00000000c00145d0                Device::Device(char const*)
                0x00000000c00145d0                Device::Device(char const*)
                0x00000000c00146cc                Device::getName()
                0x00000000c00146d6                DriverlessDevice::DriverlessDevice(char const*)
                0x00000000c00146d6                DriverlessDevice::DriverlessDevice(char const*)
                0x00000000c00146fe                Device::addToLinkedList(LinkedList<Device>&, DeviceType)
                0x00000000c0014742                getDevicesOfType(DeviceType)
 .text          0x00000000c001476c       0x84 hal/diskctrl.32
                0x00000000c001476c                HardDiskController::HardDiskController(char const*)
                0x00000000c001476c                HardDiskController::HardDiskController(char const*)
                0x00000000c00147a2                HardDiskController::~HardDiskController()
                0x00000000c00147a2                HardDiskController::~HardDiskController()
                0x00000000c00147c6                HardDiskController::~HardDiskController()
 .text          0x00000000c00147f0       0xf2 hal/diskphys.32
                0x00000000c00147f0                PhysicalDisk::eject()
                0x00000000c0014804                PhysicalDisk::PhysicalDisk(char const*, int)
                0x00000000c0014804                PhysicalDisk::PhysicalDisk(char const*, int)
                0x00000000c001486c                PhysicalDisk::startCache()
                0x00000000c0014894                PhysicalDisk::~PhysicalDisk()
                0x00000000c0014894                PhysicalDisk::~PhysicalDisk()
                0x00000000c00148b8                PhysicalDisk::~PhysicalDisk()
 .text          0x00000000c00148e2      0x13b hal/fpu.32
                0x00000000c00148e2                FPU::FPU(char const*)
                0x00000000c00148e2                FPU::FPU(char const*)
                0x00000000c0014918                FPU::~FPU()
                0x00000000c0014918                FPU::~FPU()
                0x00000000c001493c                FPU::~FPU()
                0x00000000c0014966                setupFPU()
 *fill*         0x00000000c0014a1d        0x1 
 .text          0x00000000c0014a1e     0x13b7 hal/intctrl.32
                0x00000000c0014a1e                InterruptController::uninstallISRHandler(int, void (*)(regs*, void*))
                0x00000000c0014a56                InterruptController::installISRHandler(int, void (*)(regs*, void*), void*)
                0x00000000c0014aa8                doubleFault(regs*, void*)
                0x00000000c0014ac2                InterruptController::installIRQHandler(int, void (*)(regs*, void*), bool, void*)
                0x00000000c0014b5e                InterruptController::clearAllHandlers(int, bool)
                0x00000000c0014c06                InterruptController::uninstallIRQHandler(int, void (*)(regs*, void*), bool)
                0x00000000c0014c8d                nmiHandler(regs*, void*)
                0x00000000c0014c9b                int_handler
                0x00000000c0014d3c                InterruptController::InterruptController(char const*)
                0x00000000c0014d3c                InterruptController::InterruptController(char const*)
                0x00000000c0014de2                InterruptController::~InterruptController()
                0x00000000c0014de2                InterruptController::~InterruptController()
                0x00000000c0014e06                InterruptController::~InterruptController()
                0x00000000c0014e30                displayDebugInfo(regs*)
                0x00000000c00152bf                x87EmulHandler(regs*, void*)
                0x00000000c00152ee                gpFault(regs*, void*)
                0x00000000c0015327                pgFault(regs*, void*)
                0x00000000c0015373                otherISRHandler(regs*, void*)
                0x00000000c0015392                opcodeFault(regs*, void*)
                0x00000000c0015998                displayProgramFault(char const*)
                0x00000000c00159c0                setupInterruptController()
                0x00000000c0015d88                InterruptController::convertLegacyIRQNumber(int)
 *fill*         0x00000000c0015dd5        0x1 
 .text          0x00000000c0015dd6      0x6c8 hal/keybrd.32
                0x00000000c0015dd6                startGUI(void*)
                0x00000000c0015e32                startGUIVESA(void*)
                0x00000000c0015e8e                sendKeyToTerminal(unsigned char)
                0x00000000c0015efa                sendKeyboardToken(KeyboardToken)
                0x00000000c0016337                clearInternalKeybuffer(VgaText*)
                0x00000000c001636c                readKeyboard(VgaText*, char*, unsigned long)
                0x00000000c0016414                Keyboard::Keyboard(char const*)
                0x00000000c0016414                Keyboard::Keyboard(char const*)
                0x00000000c0016450                Keyboard::~Keyboard()
                0x00000000c0016450                Keyboard::~Keyboard()
                0x00000000c0016474                Keyboard::~Keyboard()
 .text          0x00000000c001649e      0x414 hal/logidisk.32
                0x00000000c001649e                LogicalDisk::close(int, int, void*)
                0x00000000c00164a2                LogicalDisk::~LogicalDisk()
                0x00000000c00164a2                LogicalDisk::~LogicalDisk()
                0x00000000c00164c6                LogicalDisk::~LogicalDisk()
                0x00000000c00164f0                LogicalDisk::open(int, int, void*)
                0x00000000c0016504                LogicalDisk::absoluteToRelative(unsigned long long)
                0x00000000c001653c                LogicalDisk::relativeToAbsolute(unsigned long long)
                0x00000000c0016582                LogicalDisk::LogicalDisk(char const*, PhysicalDisk*, unsigned long long, unsigned long long)
                0x00000000c0016582                LogicalDisk::LogicalDisk(char const*, PhysicalDisk*, unsigned long long, unsigned long long)
                0x00000000c0016638                LogicalDisk::assignDriveLetter()
                0x00000000c00166ee                LogicalDisk::mount()
                0x00000000c0016760                LogicalDisk::unmount()
                0x00000000c0016770                LogicalDisk::eject()
                0x00000000c0016784                LogicalDisk::unassignDriveLetter()
                0x00000000c00167da                LogicalDisk::read(unsigned long long, int, void*)
                0x00000000c0016846                LogicalDisk::write(unsigned long long, int, void*)
 .text          0x00000000c00168b2       0x84 hal/mouse.32
                0x00000000c00168b2                Mouse::Mouse(char const*)
                0x00000000c00168b2                Mouse::Mouse(char const*)
                0x00000000c00168e8                Mouse::~Mouse()
                0x00000000c00168e8                Mouse::~Mouse()
                0x00000000c001690c                Mouse::~Mouse()
 .text          0x00000000c0016936      0x34d hal/partition.32
                0x00000000c0016936                makePartition(PhysicalDisk*, unsigned long long, unsigned long long)
                0x00000000c00169f2                createPartitionsForDisk(PhysicalDisk*)
 *fill*         0x00000000c0016c83        0x1 
 .text          0x00000000c0016c84       0x84 hal/serial.32
                0x00000000c0016c84                Serial::Serial(char const*)
                0x00000000c0016c84                Serial::Serial(char const*)
                0x00000000c0016cba                Serial::~Serial()
                0x00000000c0016cba                Serial::~Serial()
                0x00000000c0016cde                Serial::~Serial()
 .text          0x00000000c0016d08      0x2b8 hal/timer.32
                0x00000000c0016d08                Timer::Timer(char const*)
                0x00000000c0016d08                Timer::Timer(char const*)
                0x00000000c0016d3e                Timer::~Timer()
                0x00000000c0016d3e                Timer::~Timer()
                0x00000000c0016d62                Timer::~Timer()
                0x00000000c0016d8c                Timer::read()
                0x00000000c0016d97                timerHandler(unsigned long long)
                0x00000000c0016ece                setupTimer(int)
 .text          0x00000000c0016fc0      0x425 hal/vcache.32
                0x00000000c0016fc0                VCache::VCache(PhysicalDisk*)
                0x00000000c0016fc0                VCache::VCache(PhysicalDisk*)
                0x00000000c0017128                VCache::invalidateReadBuffer()
                0x00000000c0017138                VCache::writeWriteBuffer()
                0x00000000c0017174                VCache::~VCache()
                0x00000000c0017174                VCache::~VCache()
                0x00000000c00171c8                VCache::~VCache()
                0x00000000c00171f0                VCache::write(unsigned long long, int, void*)
                0x00000000c00172e6                VCache::read(unsigned long long, int, void*)
 *fill*         0x00000000c00173e5        0x1 
 .text          0x00000000c00173e6      0x4cd hal/video.32
                0x00000000c00173e6                Video::putrect(int, int, int, int, unsigned int)
                0x00000000c0017432                Video::bitblit(int, int, int, int, int, int, int, unsigned int*)
                0x00000000c00174a2                Video::blit(unsigned int*, int, int, int, int)
                0x00000000c0017520                Video::clearScreen(unsigned int)
                0x00000000c0017554                Video::putpixel(int, int, unsigned int)
                0x00000000c0017562                Video::Video(char const*)
                0x00000000c0017562                Video::Video(char const*)
                0x00000000c0017598                Video::~Video()
                0x00000000c0017598                Video::~Video()
                0x00000000c00175bc                Video::~Video()
                0x00000000c00175e6                Video::isMonochrome()
                0x00000000c00175f2                Video::getWidth()
                0x00000000c00175fe                Video::getHeight()
                0x00000000c001760a                Video::drawCursor(int, int, unsigned char*, int)
                0x00000000c00176c6                Video::tgaParse(unsigned char*, int, int*, int*)
                0x00000000c0017848                Video::putTGA(int, int, unsigned char*, int)
 *fill*         0x00000000c00178b3        0x1 
 .text          0x00000000c00178b4      0xf64 hw/acpi.32
                0x00000000c00178b4                ACPI::close(int, int, void*)
                0x00000000c0017969                findRSDP()
                0x00000000c00179f3                loadACPITables(unsigned char*)
                0x00000000c0017c1a                findRSDT(unsigned char*)
                0x00000000c0017d38                findDataTable(unsigned char*, char*)
                0x00000000c0017dd4                scanMADT()
                0x00000000c001825a                ACPI::ACPI()
                0x00000000c001825a                ACPI::ACPI()
                0x00000000c00182c4                ACPI::getPCIIRQAssignment(unsigned char, unsigned short, unsigned char)
                0x00000000c00183a6                ACPI::registerPCIIRQAssignment(void*, unsigned short, unsigned char, unsigned char)
                0x00000000c001846c                ACPI::setScreenBrightnessLevel(void*, int)
                0x00000000c0018472                ACPI::writeSimpleBootFlag(SimpleBootFlagTable*)
                0x00000000c00184ba                ACPI::open(int, int, void*)
                0x00000000c0018800                ACPI::sleep()
 .text          0x00000000c0018818     0x1715 hw/cpu.32
                0x00000000c0018818                CPU::close(int, int, void*)
                0x00000000c001881c                CPU::lookupAMDName(unsigned char, unsigned char)
                0x00000000c00189b0                CPU::lookupIntelName(unsigned char, unsigned char)
                0x00000000c0018c5e                CPU::AMD_K6_write_msr(unsigned int, unsigned int, unsigned int, CPU::REGS*)
                0x00000000c0018c7a                CPU::AMD_K6_read_msr(unsigned int, CPU::REGS*)
                0x00000000c0018c92                CPU::AMD_K6_writeback(int, int, int)
                0x00000000c0018d06                CPU::cpuid(int, unsigned long*, unsigned long*, unsigned long*, unsigned long*)
                0x00000000c0018d8a                CPU::cpuidCheckEDX(unsigned int)
                0x00000000c0018db8                CPU::cpuidCheckECX(unsigned int)
                0x00000000c0018de6                CPU::cpuidCheckExtendedEBX(unsigned int)
                0x00000000c0018e14                CPU::cpuidCheckExtendedECX(unsigned int)
                0x00000000c0018e42                CPU::CPU()
                0x00000000c0018e42                CPU::CPU()
                0x00000000c0018ed0                CPU::displayFeatures()
                0x00000000c001914c                CPU::detectFeatures()
                0x00000000c0019b3c                CPU::setupSMEP()
                0x00000000c0019b48                CPU::setupUMIP()
                0x00000000c0019b52                CPU::setupTSC()
                0x00000000c0019b5c                CPU::setupLargePages()
                0x00000000c0019b66                CPU::setupPAT()
                0x00000000c0019ba2                CPU::setupMTRR()
                0x00000000c0019ba4                CPU::setupGlobalPages()
                0x00000000c0019bae                CPU::allowUsermodeDataAccess()
                0x00000000c0019bc0                CPU::prohibitUsermodeDataAccess()
                0x00000000c0019bd2                CPU::setupSMAP()
                0x00000000c0019be0                CPU::setupFeatures()
                0x00000000c0019c60                CPU::open(int, int, void*)
                0x00000000c0019d32                CPU::decodeAddress(regs*, int*, bool*, unsigned char*)
 .text          0x00000000c0019f2d        0x0 hw/ports.32
 .text          0x00000000c0019f2d      0x16a hw/smp.32
                0x00000000c0019f2d                Krnl::smpEntry()
                0x00000000c0019f2f                Krnl::startCPU(int)
                0x00000000c001a078                Krnl::startCPUs()
 *fill*         0x00000000c001a097        0x1 
 .text          0x00000000c001a098      0x5d3 krnl/env.32
                0x00000000c001a098                EnvVarContainer::getEnv(char const*)
                0x00000000c001a0d6                EnvVarContainer::setEnv(char const*, char const*)
                0x00000000c001a1a2                EnvVarContainer::deleteEnv(char const*)
                0x00000000c001a1a4                EnvVarContainer::loadFrom(char const*, char const*)
                0x00000000c001a39a                EnvVarContainer::__loadSystem()
                0x00000000c001a3b4                EnvVarContainer::__loadUser()
                0x00000000c001a3b6                EnvVarContainer::EnvVarContainer(Process*)
                0x00000000c001a3b6                EnvVarContainer::EnvVarContainer(Process*)
                0x00000000c001a3d8                EnvVarContainer::~EnvVarContainer()
                0x00000000c001a3d8                EnvVarContainer::~EnvVarContainer()
                0x00000000c001a408                Krnl::getEnv(Process*, char const*)
                0x00000000c001a46d                Krnl::setEnvSystem(char const*, char const*)
                0x00000000c001a487                Krnl::setEnvUser(char const*, char const*)
                0x00000000c001a4a6                Krnl::setEnvProcess(Process*, char const*, char const*)
                0x00000000c001a4b9                Krnl::deleteEnvSystem(char const*)
                0x00000000c001a4ba                Krnl::deleteEnvUser(char const*)
                0x00000000c001a4bb                Krnl::deleteEnvProcess(Process*, char const*)
                0x00000000c001a4bc                Krnl::newProcessEnv(Process*)
                0x00000000c001a4de                Krnl::copyProcessEnv(Process*, Process*)
                0x00000000c001a532                Krnl::loadSystemEnv()
                0x00000000c001a560                Krnl::loadUserEnv()
                0x00000000c001a586                Krnl::flushEnv()
                0x00000000c001a587                Krnl::getProcessTotalEnvCount(Process*)
                0x00000000c001a5a7                Krnl::getProcessEnvPair(Process*, int)
 .text          0x00000000c001a66b      0x396 krnl/panic.32
                0x00000000c001a66b                Krnl::panic(char const*)
 .text          0x00000000c001aa01      0x3b6 net/ethernet.32
                0x00000000c001aa01                Net::switchEndian16(unsigned short)
                0x00000000c001aa22                Net::switchEndian32(unsigned int)
                0x00000000c001aa51                Net::crc32Calc(unsigned char*, int)
                0x00000000c001aae2                Net::wrapEthernetFrame(Net::UnwrappedEthernetFrame, unsigned char*)
                0x00000000c001ac1e                Net::unwrapEthernetFrame(unsigned char*, int)
 .text          0x00000000c001adb7      0x513 reg/registry.32
                0x00000000c001adb7                Reg::findLineFromLoadedData(char*, char*, char*)
                0x00000000c001af0f                Reg::getLineFromRegistry(char*, char*, char*, char*)
                0x00000000c001b064                Reg::getLine(char*, char*, char*)
                0x00000000c001b09b                Reg::readInt(char*, char*, int*)
                0x00000000c001b186                Reg::readString(char*, char*, char*, int)
                0x00000000c001b207                Reg::readBool(char*, char*, bool*)
                0x00000000c001b22c                Reg::readBoolWithDefault(char*, char*, bool)
                0x00000000c001b258                Reg::readIntWithDefault(char*, char*, int)
                0x00000000c001b284                Reg::readStringWithDefault(char*, char*, char*, int, char*)
 .text          0x00000000c001b2ca       0x36 sys/sc_eject.32
                0x00000000c001b2ca                Sys::eject(regs*)
 .text          0x00000000c001b300       0x18 sys/sc_exit.32
                0x00000000c001b300                Sys::exit(regs*)
 .text          0x00000000c001b318       0x1f sys/sc_getcwd.32
                0x00000000c001b318                Sys::getCwd(regs*)
 .text          0x00000000c001b337        0xc sys/sc_getpid.32
                0x00000000c001b337                Sys::getPID(regs*)
 .text          0x00000000c001b343       0x17 sys/sc_getramdata.32
                0x00000000c001b343                Sys::getRAMData(regs*)
 .text          0x00000000c001b35a       0xa8 sys/sc_loaddll.32
                0x00000000c001b35a                Sys::loadDLL(regs*)
 .text          0x00000000c001b402       0x68 sys/sc_read.32
                0x00000000c001b402                Sys::read(regs*)
 .text          0x00000000c001b46a       0x55 sys/sc_sbrk.32
                0x00000000c001b46a                Sys::sbrk(regs*)
 .text          0x00000000c001b4bf       0x1c sys/sc_setcwd.32
                0x00000000c001b4bf                Sys::setCwd(regs*)
 .text          0x00000000c001b4db      0x128 sys/sc_settime.32
                0x00000000c001b4db                Sys::setTime(regs*)
 .text          0x00000000c001b603       0x4a sys/sc_timezone.32
                0x00000000c001b603                Sys::timezone(regs*)
 .text          0x00000000c001b64d       0x68 sys/sc_write.32
                0x00000000c001b64d                Sys::write(regs*)
 .text          0x00000000c001b6b5       0x62 sys/sc_wsbe.32
                0x00000000c001b6b5                Sys::wsbe(regs*)
 .text          0x00000000c001b717       0x3b sys/sc_yield.32
                0x00000000c001b717                Sys::yield(regs*)
 .text          0x00000000c001b752     0x10e5 sys/syscalls.32
                0x00000000c001b752                sysCallSeekDir(regs*)
                0x00000000c001b757                sysCallTellDir(regs*)
                0x00000000c001b75c                sysCallVerify(regs*)
                0x00000000c001b766                sysFormatDisk(regs*)
                0x00000000c001b7d0                sysSetDiskVolumeLabel(regs*)
                0x00000000c001b816                sysGetDiskVolumeLabel(regs*)
                0x00000000c001b867                sysShutdown(regs*)
                0x00000000c001b8c5                sysCallRealpath(regs*)
                0x00000000c001b908                sysCallGetArgc(regs*)
                0x00000000c001b936                sysCallReadDir(regs*)
                0x00000000c001b9c4                sysCallIsATTY(regs*)
                0x00000000c001ba1e                sysCallSeek(regs*)
                0x00000000c001ba87                sysCallTell(regs*)
                0x00000000c001bb04                sysCallSize(regs*)
                0x00000000c001bb87                sysCallSizeFromFilename(regs*)
                0x00000000c001bc47                sysCallClose(regs*)
                0x00000000c001bccf                sysCallOpenDir(regs*)
                0x00000000c001bd44                sysCallCloseDir(regs*)
                0x00000000c001bdaa                sysCallMakeDir(regs*)
                0x00000000c001be1a                sysCallWait(regs*)
                0x00000000c001be34                sysCallNotImpl(regs*)
                0x00000000c001be4f                sysPanic(regs*)
                0x00000000c001be75                sysCallRmdir(regs*)
                0x00000000c001bed9                sysCallUnlink(regs*)
                0x00000000c001bf3d                sysCallGetArgv(regs*)
                0x00000000c001bf89                sysCallTTYName(regs*)
                0x00000000c001c00c                sysCallUSleep(regs*)
                0x00000000c001c033                sysCallSpawn(regs*)
                0x00000000c001c08b                sysCallGetEnv(regs*)
                0x00000000c001c1c3                sysAppSettings(regs*)
                0x00000000c001c2e2                sysSetFatAttrib(regs*)
                0x00000000c001c354                sysPipe(regs*)
                0x00000000c001c399                sysGetUnixTime(regs*)
                0x00000000c001c3ad                string_ends_with(char const*, char const*)
                0x00000000c001c3f5                sysCallOpen(regs*)
                0x00000000c001c60a                Sys::loadSyscalls()
                0x00000000c001c7f5                Sys::systemCall(regs*, void*)
 .text          0x00000000c001c837     0x11d4 thr/elf.32
                0x00000000c001c837                Thr::allocateMemoryForTask(Process*, File*, unsigned long, unsigned long, unsigned long)
                0x00000000c001cac9                Thr::loadProgramIntoMemory(Process*, char const*)
                0x00000000c001ccdf                Thr::runtimeReferenceHelper()
                0x00000000c001ccf2                Thr::getAddressOfKernelSymbol(char const*)
                0x00000000c001cd41                Thr::loadKernelSymbolTable(char const*)
                0x00000000c001cfff                Thr::loadDriverIntoMemory(char const*, unsigned long, bool)
                0x00000000c001d71b                Thr::getDriverBaseFromAddress(unsigned long)
                0x00000000c001d74d                Thr::getDriverNameFromAddress(unsigned long)
                0x00000000c001d784                Thr::getDriverOffsetFromAddress(unsigned long)
                0x00000000c001d79e                Thr::loadDLL(char const*, bool)
                0x00000000c001d9d2                Thr::executeDLL(unsigned long, void*)
 *fill*         0x00000000c001da0b        0x1 
 .text          0x00000000c001da0c     0x1056 thr/prcssthr.32
                0x00000000c001da0c                changeTSS
                0x00000000c001da3c                Process::addArgs(char**)
                0x00000000c001da96                Process::Process(char const*, Process*, char**)
                0x00000000c001da96                Process::Process(char const*, Process*, char**)
                0x00000000c001dc7a                Process::Process(bool, char const*, Process*, char**)
                0x00000000c001dc7a                Process::Process(bool, char const*, Process*, char**)
                0x00000000c001de29                disableIRQs()
                0x00000000c001de31                getIRQNestingLevel()
                0x00000000c001de37                enableIRQs()
                0x00000000c001de46                lockScheduler()
                0x00000000c001de48                unlockScheduler()
                0x00000000c001de4a                userModeEntryPoint(void*)
                0x00000000c001de6d                lockStuff()
                0x00000000c001de79                taskStartupFunction
                0x00000000c001de82                updateTimeUsed()
                0x00000000c001dee7                switchToThread(ThreadControlBlock*)
                0x00000000c001df38                Semaphore::Semaphore(int)
                0x00000000c001df38                Semaphore::Semaphore(int)
                0x00000000c001df66                Mutex::Mutex()
                0x00000000c001df66                Mutex::Mutex()
                0x00000000c001df78                Process::createThread(void (*)(void*), void*, int)
                0x00000000c001e05c                Process::createUserThread()
                0x00000000c001e078                setupMultitasking(void (*)())
                0x00000000c001e182                schedule()
                0x00000000c001e207                unlockStuff()
                0x00000000c001e23c                Semaphore::tryAcquire()
                0x00000000c001e26a                Semaphore::assertLocked(char const*)
                0x00000000c001e29a                blockTaskWithSchedulerLockAlreadyHeld(TaskState)
                0x00000000c001e2dc                blockTask(TaskState)
                0x00000000c001e2fd                waitTask(int, int*, int)
                0x00000000c001e33f                nanoSleepUntil(unsigned long long)
                0x00000000c001e396                nanoSleep(unsigned long long)
                0x00000000c001e3ab                sleep(unsigned long long)
                0x00000000c001e3c8                Semaphore::acquire()
                0x00000000c001e430                taskReturned
                0x00000000c001e45e                unblockTask(ThreadControlBlock*)
                0x00000000c001e50d                cleanupTerminatedTask(ThreadControlBlock*)
                0x00000000c001e7d6                cleanerTaskFunction(void*)
                0x00000000c001e889                terminateTask(int)
                0x00000000c001e969                Thr::terminateFromIRQ(int)
                0x00000000c001e976                Semaphore::release()
 .text          0x00000000c001ea62      0xc26 vm86/vm8086.32
                0x00000000c001ea62                Vm::inbv(unsigned short)
                0x00000000c001ea75                Vm::outbv(unsigned short, unsigned char)
                0x00000000c001eac8                Vm::realToLinear(unsigned short, unsigned short)
                0x00000000c001ead8                Vm::getSegment(unsigned int)
                0x00000000c001eae0                Vm::getOffset(unsigned int)
                0x00000000c001eae5                Vm::mainloop2()
                0x00000000c001eb20                Vm::mainVm8086Loop(void*)
                0x00000000c001eb2d                Vm::mainloop3(unsigned long)
                0x00000000c001eb57                Vm::initialise8086()
                0x00000000c001eb9a                Vm::finish8086()
                0x00000000c001ebdf                Vm::getOutput8086(unsigned char*)
                0x00000000c001ec09                Vm::start8086(char const*, unsigned short, unsigned short, unsigned short, unsigned short)
                0x00000000c001ed59                Vm::doISR(regs*, int, unsigned char*, unsigned short, unsigned short)
                0x00000000c001ede3                Vm::readByteFromReal(unsigned short, unsigned short)
                0x00000000c001edf4                Vm::readWordFromReal(unsigned short, unsigned short)
                0x00000000c001ee06                Vm::readDwordFromReal(unsigned short, unsigned short)
                0x00000000c001ee17                Vm::writeByteFromReal(unsigned short, unsigned short, unsigned char)
                0x00000000c001ee2c                Vm::writeWordFromReal(unsigned short, unsigned short, unsigned short)
                0x00000000c001ee42                Vm::writeDwordFromReal(unsigned short, unsigned short, unsigned int)
                0x00000000c001ee57                Vm::faultHandler(regs*)
 .text          0x00000000c001f688      0xefd vm86/x87em.32
                0x00000000c001f688                Vm::fpuInternalTo32(unsigned long long)
                0x00000000c001f6e3                Vm::fpuInternalTo64(unsigned long long)
                0x00000000c001f6ec                Vm::fpu32ToInternal(unsigned int)
                0x00000000c001f731                Vm::fpu64ToInternal(unsigned long long)
                0x00000000c001f73a                Vm::fpuFloatToLong(unsigned long long)
                0x00000000c001f795                Vm::fpuULongToFloat(unsigned long long)
                0x00000000c001f7cb                Vm::fpuLongToFloat(long long)
                0x00000000c001f821                Vm::fpuGet0()
                0x00000000c001f826                Vm::fpuGet1()
                0x00000000c001f82e                Vm::fpuGetPi()
                0x00000000c001f836                Vm::fpuGetLog2E()
                0x00000000c001f84e                Vm::fpuGetLogE2()
                0x00000000c001f866                Vm::fpuGetLog210()
                0x00000000c001f87e                Vm::fpuGetLog102()
                0x00000000c001f896                Vm::fpuIsSecondLarger(unsigned long long, unsigned long long)
                0x00000000c001f8aa                Vm::fpuAreEqual(unsigned long long, unsigned long long)
                0x00000000c001f8c0                Vm::fpuUnorderedCompare(unsigned long long, unsigned long long)
                0x00000000c001f913                Vm::fpuAdd(unsigned long long, unsigned long long)
                0x00000000c001f924                Vm::fpuAbs(unsigned long long)
                0x00000000c001f92d                Vm::fpuChs(unsigned long long)
                0x00000000c001f93d                Vm::fpuSub(unsigned long long, unsigned long long)
                0x00000000c001f94c                Vm::fpuMultiply(unsigned long long, unsigned long long)
                0x00000000c001f96b                Vm::fpuDivide(unsigned long long, unsigned long long)
                0x00000000c001f987                Vm::fpuSquare(unsigned long long)
                0x00000000c001f99d                Vm::fpuGetReg(int)
                0x00000000c001f9e0                Vm::fpuSetReg(int, unsigned long long)
                0x00000000c001fa2b                Vm::fpuPush(unsigned long long)
                0x00000000c001fa88                Vm::fpuPop()
                0x00000000c001fada                Vm::x87Handler(regs*)
 *fill*         0x00000000c0020585        0x1 
 .text          0x00000000c0020586     0x10ed fs/fat/vfslink.32
                0x00000000c0020586                FAT::getName()
                0x00000000c002058c                FAT::tell(void*, unsigned long long*)
                0x00000000c00205c0                FAT::stat(void*, unsigned long long*)
                0x00000000c00205f4                FAT::~FAT()
                0x00000000c00205f4                FAT::~FAT()
                0x00000000c0020618                FAT::~FAT()
                0x00000000c0020640                FAT::getlabel(LogicalDisk*, int, char*, unsigned int*)
                0x00000000c00206de                FAT::setlabel(LogicalDisk*, int, char*)
                0x00000000c0020798                FAT::format(LogicalDisk*, int, char const*, int)
                0x00000000c002097c                FAT::tryMount(LogicalDisk*, int)
                0x00000000c0020b82                FAT::readDir(void*, unsigned long, void*, int*)
                0x00000000c0020c88                FAT::read(void*, unsigned long, void*, int*)
                0x00000000c0020ce2                FAT::write(void*, unsigned long, void*, int*)
                0x00000000c0020d3c                FAT::close(void*)
                0x00000000c0020d88                FAT::closeDir(void*)
                0x00000000c0020dd4                FAT::seek(void*, unsigned long long)
                0x00000000c0020e28                fatWrapperReadDisk
                0x00000000c0020e6f                fatWrapperWriteDisk
                0x00000000c0020eb6                fatWrapperIoctl
                0x00000000c0020fba                FAT::FAT()
                0x00000000c0020fba                FAT::FAT()
                0x00000000c002100c                FAT::fixFilepath(char*)
                0x00000000c0021044                FAT::open(char const*, void**, FileOpenMode)
                0x00000000c002116c                FAT::openDir(char const*, void**)
                0x00000000c0021212                FAT::stat(char const*, unsigned long long*, bool*)
                0x00000000c00212fc                FAT::unlink(char const*)
                0x00000000c0021376                FAT::chfatattr(char const*, unsigned char, unsigned char)
                0x00000000c00214ca                FAT::rename(char const*, char const*)
                0x00000000c002158e                FAT::mkdir(char const*)
                0x00000000c0021608                FAT::exists(char const*)
 *fill*         0x00000000c0021673        0x1 
 .text          0x00000000c0021674      0xbc1 fs/iso9660/vfslink.32
                0x00000000c0021674                ISO9660::format(LogicalDisk*, int, char const*, int)
                0x00000000c002167a                ISO9660::seek(void*, unsigned long long)
                0x00000000c00216aa                ISO9660::tell(void*, unsigned long long*)
                0x00000000c00216ce                ISO9660::getName()
                0x00000000c00216d4                ISO9660::stat(void*, unsigned long long*)
                0x00000000c00216f8                ISO9660::chfatattr(char const*, unsigned char, unsigned char)
                0x00000000c00216fe                ISO9660::unlink(char const*)
                0x00000000c0021704                ISO9660::write(void*, unsigned long, void*, int*)
                0x00000000c002170a                ISO9660::rename(char const*, char const*)
                0x00000000c0021710                ISO9660::mkdir(char const*)
                0x00000000c0021716                ISO9660::close(void*)
                0x00000000c0021738                ISO9660::closeDir(void*)
                0x00000000c002175a                ISO9660::~ISO9660()
                0x00000000c002175a                ISO9660::~ISO9660()
                0x00000000c002177e                ISO9660::~ISO9660()
                0x00000000c00217a5                __memmem(unsigned char*, int, unsigned char*, int)
                0x00000000c00217e7                readSectorFromCDROM(unsigned int, unsigned char*, char)
                0x00000000c002184e                ISO9660::tryMount(LogicalDisk*, int)
                0x00000000c002189e                ISO9660::read(void*, unsigned long, void*, int*)
                0x00000000c0021a9e                ISO9660::readDir(void*, unsigned long, void*, int*)
                0x00000000c0021d2b                readRoot(unsigned int*, unsigned int*, char)
                0x00000000c0021d80                readRecursively(char*, unsigned int, unsigned int, unsigned int*, unsigned int*, char, int*)
                0x00000000c0021f53                getFileData(char*, unsigned int*, unsigned int*, char, int*)
                0x00000000c0021fe2                ISO9660::open(char const*, void**, FileOpenMode)
                0x00000000c00220a2                ISO9660::exists(char const*)
                0x00000000c00220c6                ISO9660::stat(char const*, unsigned long long*, bool*)
                0x00000000c002215a                ISO9660::openDir(char const*, void**)
                0x00000000c0022212                ISO9660::ISO9660()
                0x00000000c0022212                ISO9660::ISO9660()
 *fill*         0x00000000c0022235        0x1 
 .text          0x00000000c0022236      0x326 hal/sound/sndchannel.32
                0x00000000c0022236                SoundChannel::~SoundChannel()
                0x00000000c0022236                SoundChannel::~SoundChannel()
                0x00000000c0022252                SoundChannel::setSpeed(float)
                0x00000000c002225e                SoundChannel::getSpeed()
                0x00000000c0022266                SoundChannel::setVolume(int)
                0x00000000c0022282                SoundChannel::getVolume()
                0x00000000c002228a                SoundChannel::pause()
                0x00000000c0022294                SoundChannel::SoundChannel(int, int, int, int)
                0x00000000c0022294                SoundChannel::SoundChannel(int, int, int, int)
                0x00000000c00223ea                SoundChannel::play()
                0x00000000c00223f4                SoundChannel::paused()
                0x00000000c00223fc                SoundChannel::getSampleRate()
                0x00000000c0022404                SoundChannel::getBits()
                0x00000000c002240c                SoundChannel::getBufferUsed()
                0x00000000c0022414                SoundChannel::getBufferSize()
                0x00000000c002241c                SoundChannel::unbuffer(float*, int, int)
                0x00000000c00224bc                SoundChannel::buffer8(unsigned char*, int)
 .text          0x00000000c002255c      0x3d5 hal/sound/sndhw.32
                0x00000000c002255c                SoundDevice::SoundDevice(char const*)
                0x00000000c002255c                SoundDevice::SoundDevice(char const*)
                0x00000000c00225c8                SoundDevice::~SoundDevice()
                0x00000000c00225c8                SoundDevice::~SoundDevice()
                0x00000000c0022642                SoundDevice::~SoundDevice()
                0x00000000c002266c                SoundDevice::getFreeChannelNum()
                0x00000000c0022686                SoundDevice::addChannel(SoundChannel*)
                0x00000000c00226f6                SoundDevice::removeChannel(int)
                0x00000000c0022728                SoundDevice::floatTo8(float*, unsigned char*, int)
                0x00000000c0022810                SoundDevice::getAudio(int, float*, float*)
 .text          0x00000000c0022931        0x0 hw/bus/isa.32
 *fill*         0x00000000c0022931        0x1 
 .text          0x00000000c0022932      0x6c3 hw/bus/pci.32
                0x00000000c0022932                PCI::open(int, int, void*)
                0x00000000c0022946                PCI::close(int, int, void*)
                0x00000000c002294a                PCI::PCI()
                0x00000000c002294a                PCI::PCI()
                0x00000000c00229ca                PCI::pciReadWord(unsigned char, unsigned char, unsigned char, unsigned char)
                0x00000000c0022a12                PCI::getVendorID(unsigned char, unsigned char, unsigned char)
                0x00000000c0022a34                PCI::getHeaderType(unsigned char, unsigned char, unsigned char)
                0x00000000c0022a58                PCI::getClassCode(unsigned char, unsigned char, unsigned char)
                0x00000000c0022a9c                PCI::getProgIF(unsigned char, unsigned char, unsigned char)
                0x00000000c0022ac0                PCI::getRevisionID(unsigned char, unsigned char, unsigned char)
                0x00000000c0022ae2                PCI::getInterruptNumber(unsigned char, unsigned char, unsigned char)
                0x00000000c0022b04                PCI::getSecondaryBus(unsigned char, unsigned char, unsigned char)
                0x00000000c0022b28                PCI::getBARAddress(unsigned char, unsigned char, unsigned char, unsigned char)
                0x00000000c0022b88                PCI::pciWriteWord(unsigned char, unsigned char, unsigned char, unsigned char, unsigned short)
                0x00000000c0022bf4                PCI::checkBus(unsigned char)
                0x00000000c0022c18                PCI::foundDevice(PCIDeviceInfo)
                0x00000000c0022d8a                PCI::getDeviceData(unsigned char, unsigned char, unsigned char)
                0x00000000c0022f36                PCI::checkDevice(unsigned char, unsigned char)
                0x00000000c0022fa2                PCI::detect()
 *fill*         0x00000000c0022ff5        0x1 
 .text          0x00000000c0022ff6      0xc70 hw/diskctrl/ide.32
                0x00000000c0022ff6                IDE::close(int, int, void*)
                0x00000000c0022ffa                IDE::IDE()
                0x00000000c0022ffa                IDE::IDE()
                0x00000000c002302e                IDE::prepareInterrupt(unsigned char)
                0x00000000c0023040                selectDrive(unsigned char, unsigned char)
                0x00000000c0023042                IDE::getBase(unsigned char)
                0x00000000c0023054                IDE::write(unsigned char, unsigned char, unsigned char)
                0x00000000c0023114                IDE::read(unsigned char, unsigned char)
                0x00000000c00231c2                IDE::waitInterrupt(unsigned char)
                0x00000000c0023228                ideChannel0IRQHandler(regs*, void*)
                0x00000000c0023244                ideChannel1IRQHandler(regs*, void*)
                0x00000000c0023260                IDE::enableIRQs(unsigned char, bool)
                0x00000000c00232a6                IDE::open(int, int, void*)
                0x00000000c00236b6                IDE::readBuffer(unsigned char, unsigned char, unsigned int, unsigned int)
                0x00000000c0023782                IDE::detect()
                0x00000000c0023a6a                IDE::printError(unsigned char, unsigned char, unsigned char)
                0x00000000c0023c00                IDE::polling(unsigned char, unsigned int)
 .text          0x00000000c0023c66      0x390 hw/diskctrl/satabus.32
                0x00000000c0023c66                SATABus::close(int, int, void*)
                0x00000000c0023c6a                SATABus::detect()
                0x00000000c0023c6c                SATABus::SATABus()
                0x00000000c0023c6c                SATABus::SATABus()
                0x00000000c0023d18                SATABus::findCmdslot(SATABus::tagHBA_PORT volatile*)
                0x00000000c0023d60                SATABus::checkType(SATABus::tagHBA_PORT volatile*)
                0x00000000c0023da8                SATABus::startCmd(SATABus::tagHBA_PORT volatile*)
                0x00000000c0023dc8                SATABus::stopCmd(SATABus::tagHBA_PORT volatile*)
                0x00000000c0023df2                SATABus::portRebase(SATABus::tagHBA_PORT volatile*, int)
                0x00000000c0023ef8                SATABus::probePort(SATABus::tagHBA_MEM volatile*)
                0x00000000c0023fd6                SATABus::open(int, int, void*)
 .text          0x00000000c0023ff6      0x63c hw/diskphys/ata.32
                0x00000000c0023ff6                ATA::close(int, int, void*)
                0x00000000c002401a                ATA::powerSaving(PowerSavingLevel)
                0x00000000c002401c                ATA::ATA()
                0x00000000c002401c                ATA::ATA()
                0x00000000c002404a                ATA::flush(bool)
                0x00000000c0024094                ATA::readyForCommand()
                0x00000000c00240e4                ATA::access(unsigned long long, int, void*, bool)
                0x00000000c002446c                ATA::read(unsigned long long, int, void*)
                0x00000000c00244d4                ATA::write(unsigned long long, int, void*)
                0x00000000c002453c                ATA::detectCHS()
                0x00000000c0024566                ATA::open(int, int, void*)
 .text          0x00000000c0024632      0x5bd hw/diskphys/atapi.32
                0x00000000c0024632                ATAPI::write(unsigned long long, int, void*)
                0x00000000c0024638                ATAPI::close(int, int, void*)
                0x00000000c002465c                ATAPI::ATAPI()
                0x00000000c002465c                ATAPI::ATAPI()
                0x00000000c002468a                ATAPI::readyForCommand()
                0x00000000c00246da                ATAPI::sendPacket(unsigned char*, int, bool, unsigned short*, int)
                0x00000000c002499a                ATAPI::diskRemoved()
                0x00000000c00249b6                ATAPI::eject()
                0x00000000c00249fe                ATAPI::diskInserted()
                0x00000000c0024a2c                ATAPI::detectMedia()
                0x00000000c0024ae8                ATAPI::open(int, int, void*)
                0x00000000c0024b70                ATAPI::read(unsigned long long, int, void*)
 *fill*         0x00000000c0024bef        0x1 
 .text          0x00000000c0024bf0      0x455 hw/diskphys/sata.32
                0x00000000c0024bf0                SATA::close(int, int, void*)
                0x00000000c0024c14                SATA::powerSaving(PowerSavingLevel)
                0x00000000c0024c16                SATA::open(int, int, void*)
                0x00000000c0024cc4                SATA::SATA()
                0x00000000c0024cc4                SATA::SATA()
                0x00000000c0024cf2                SATA::access(unsigned long long, int, void*, bool)
                0x00000000c0024f58                SATA::read(unsigned long long, int, void*)
                0x00000000c0024fc0                SATA::write(unsigned long long, int, void*)
 *fill*         0x00000000c0025045        0x1 
 .text          0x00000000c0025046      0x500 hw/diskphys/satapi.32
                0x00000000c0025046                SATAPI::write(unsigned long long, int, void*)
                0x00000000c002504c                SATAPI::close(int, int, void*)
                0x00000000c0025070                SATAPI::SATAPI()
                0x00000000c0025070                SATAPI::SATAPI()
                0x00000000c002509e                SATAPI::diskRemoved()
                0x00000000c00250ba                SATAPI::diskInserted()
                0x00000000c00250e8                SATAPI::sendPacket(unsigned char*, int, unsigned long long, unsigned short*, int)
                0x00000000c00252ec                SATAPI::eject()
                0x00000000c0025334                SATAPI::detectMedia()
                0x00000000c00253f6                SATAPI::open(int, int, void*)
                0x00000000c00254a4                SATAPI::read(unsigned long long, int, void*)
 .text          0x00000000c0025546       0x8e hw/fpu/avx.32
                0x00000000c0025546                AVX::open(int, int, void*)
                0x00000000c0025558                AVX::close(int, int, void*)
                0x00000000c002556a                AVX::available()
                0x00000000c002557c                AVX::save(void*)
                0x00000000c0025594                AVX::load(void*)
                0x00000000c00255ac                AVX::AVX()
                0x00000000c00255ac                AVX::AVX()
 .text          0x00000000c00255d4       0x90 hw/fpu/mmx.32
                0x00000000c00255d4                MMX::available()
                0x00000000c00255e8                MMX::open(int, int, void*)
                0x00000000c00255fa                MMX::close(int, int, void*)
                0x00000000c002560c                MMX::save(void*)
                0x00000000c0025624                MMX::load(void*)
                0x00000000c002563c                MMX::MMX()
                0x00000000c002563c                MMX::MMX()
 .text          0x00000000c0025664       0x96 hw/fpu/sse.32
                0x00000000c0025664                SSE::open(int, int, void*)
                0x00000000c0025676                SSE::close(int, int, void*)
                0x00000000c0025688                SSE::available()
                0x00000000c00256a2                SSE::save(void*)
                0x00000000c00256ba                SSE::load(void*)
                0x00000000c00256d2                SSE::SSE()
                0x00000000c00256d2                SSE::SSE()
 .text          0x00000000c00256fa       0x8e hw/fpu/x87.32
                0x00000000c00256fa                x87::open(int, int, void*)
                0x00000000c002570c                x87::close(int, int, void*)
                0x00000000c002571e                x87::available()
                0x00000000c0025730                x87::save(void*)
                0x00000000c0025748                x87::load(void*)
                0x00000000c0025760                x87::x87()
                0x00000000c0025760                x87::x87()
 .text          0x00000000c0025788      0x71e hw/intctrl/apic.32
                0x00000000c0025788                APIC::disable()
                0x00000000c002578a                APIC::close(int, int, void*)
                0x00000000c00257ac                IOAPIC::close(int, int, void*)
                0x00000000c00257b2                APIC::io_wait()
                0x00000000c00257b8                APIC::getBase()
                0x00000000c00257fa                APIC::eoi(unsigned char)
                0x00000000c0025828                APIC::open(int, int, void*)
                0x00000000c0025976                IOAPIC::IOAPIC()
                0x00000000c0025976                IOAPIC::IOAPIC()
                0x00000000c002599e                APIC::APIC()
                0x00000000c002599e                APIC::APIC()
                0x00000000c0025a7a                IOAPIC::handlesGSIWithNumber(unsigned int)
                0x00000000c0025aac                IOAPIC::read(int)
                0x00000000c0025ad4                IOAPIC::open(int, int, void*)
                0x00000000c0025bca                IOAPIC::write(int, int)
                0x00000000c0025bf6                IOAPIC::redirect(unsigned char, unsigned long long, unsigned char, bool, bool)
                0x00000000c0025cf0                APIC::installIRQHandler(int, void (*)(regs*, void*), bool, void*)
 .text          0x00000000c0025ea6      0x3d3 hw/intctrl/pic.32
                0x00000000c0025ea6                PIC::disable()
                0x00000000c0025ed4                PIC::close(int, int, void*)
                0x00000000c0025ef6                PIC::PIC()
                0x00000000c0025ef6                PIC::PIC()
                0x00000000c0025fcc                PIC::ioWait()
                0x00000000c0025fd2                PIC::getIRQReg(int)
                0x00000000c002603c                PIC::eoi(unsigned char)
                0x00000000c00260ce                PIC::remap()
                0x00000000c002623a                PIC::open(int, int, void*)
 *fill*         0x00000000c0026279        0x1 
 .text          0x00000000c002627a      0x25e hw/timer/apictimer.32
                0x00000000c002627a                APICTimer::close(int, int, void*)
                0x00000000c0026280                apicTimerHandler(regs*, void*)
                0x00000000c00262ae                APICTimer::write(int)
                0x00000000c00263b2                APICTimer::open(int, int, void*)
                0x00000000c00264b0                APICTimer::APICTimer()
                0x00000000c00264b0                APICTimer::APICTimer()
 .text          0x00000000c00264d8      0x1a7 hw/timer/pit.32
                0x00000000c00264d8                PIT::write(int)
                0x00000000c0026556                pitHandler(regs*, void*)
                0x00000000c0026582                PIT::open(int, int, void*)
                0x00000000c00265d0                PIT::close(int, int, void*)
                0x00000000c0026600                PIT::PIT()
                0x00000000c0026600                PIT::PIT()
 *fill*         0x00000000c002667f        0x1 
 .text          0x00000000c0026680       0x1e hw/fpu/x86/avx.32
                0x00000000c0026680                avxDetect
                0x00000000c0026686                avxSave
                0x00000000c0026687                avxLoad
                0x00000000c0026688                avxInit
                0x00000000c0026689                avxClose
                0x00000000c002668a                wouldSheSayYes
 *fill*         0x00000000c002669e        0x2 
 .text          0x00000000c00266a0       0x35 hw/fpu/x86/sse.32
                0x00000000c00266a0                absolutelyNoChanceInHell
                0x00000000c00266a0                sseDetect
                0x00000000c00266b8                sseSave
                0x00000000c00266be                sseLoad
                0x00000000c00266c4                sseInit
                0x00000000c00266d4                sseClose
 *fill*         0x00000000c00266d5        0xb 
 .text          0x00000000c00266e0       0x47 hw/fpu/x86/x87.32
                0x00000000c00266e6                x87Detect
                0x00000000c0026701                x87Save
                0x00000000c0026707                x87Load
                0x00000000c002670c                x87Init
                0x00000000c0026726                x87Close
 *fill*         0x00000000c0026727        0x1 
 .text          0x00000000c0026728       0x25 /cygdrive/d/Users/Alex/Desktop/Toolchain/Output/bin/../lib/gcc/i386-banana/8.1.0/crtend.o
 .text          0x00000000c002674d        0x0 crtn.32
 *fill*         0x00000000c002674d        0x3 
 .text          0x00000000c0026750      0x14b /cygdrive/d/Users/Alex/Desktop/Toolchain/Output/bin/../lib/gcc/i386-banana/8.1.0/libkgcc.a(_divdi3.o)
                0x00000000c0026750                __divdi3
 *fill*         0x00000000c002689b        0x1 
 .text          0x00000000c002689c      0x17e /cygdrive/d/Users/Alex/Desktop/Toolchain/Output/bin/../lib/gcc/i386-banana/8.1.0/libkgcc.a(_moddi3.o)
                0x00000000c002689c                __moddi3
 *fill*         0x00000000c0026a1a        0x2 
 .text          0x00000000c0026a1c       0xff /cygdrive/d/Users/Alex/Desktop/Toolchain/Output/bin/../lib/gcc/i386-banana/8.1.0/libkgcc.a(_udivdi3.o)
                0x00000000c0026a1c                __udivdi3
 *fill*         0x00000000c0026b1b        0x1 
 .text          0x00000000c0026b1c      0x11a /cygdrive/d/Users/Alex/Desktop/Toolchain/Output/bin/../lib/gcc/i386-banana/8.1.0/libkgcc.a(_umoddi3.o)
                0x00000000c0026b1c                __umoddi3
 .text          0x00000000c0026c36      0x96d D:/Users/Alex/Desktop/Banana/kernel/libsoftfp.a(sfieeelib.o)
                0x00000000c0026c36                __addsf3
                0x00000000c0026f38                __subsf3
                0x00000000c0026f4c                __negsf2
                0x00000000c0026f59                __mulsf3
                0x00000000c002711c                __divsf3
                0x00000000c0027347                __floatsisf
                0x00000000c00273bb                __floatunsisf
                0x00000000c00273fd                __fixsfsi
                0x00000000c002745f                __fixunssfsi
                0x00000000c0027490                __cmpsf2
                0x00000000c0027525                __eqsf2