Archive member included to satisfy reference by file (symbol)

/cygdrive/d/Users/Alex/Desktop/Toolchain/Output/bin/../lib/gcc/i386-banana/8.1.0/libkgcc.a(_divdi3.o)
                              fs/fat/ff.32 (__divdi3)
/cygdrive/d/Users/Alex/Desktop/Toolchain/Output/bin/../lib/gcc/i386-banana/8.1.0/libkgcc.a(_moddi3.o)
                              compat/resolve.32 (__moddi3)
/cygdrive/d/Users/Alex/Desktop/Toolchain/Output/bin/../lib/gcc/i386-banana/8.1.0/libkgcc.a(_udivdi3.o)
                              fs/fat/ff.32 (__udivdi3)
/cygdrive/d/Users/Alex/Desktop/Toolchain/Output/bin/../lib/gcc/i386-banana/8.1.0/libkgcc.a(_umoddi3.o)
                              compat/resolve.32 (__umoddi3)
D:/Users/Alex/Desktop/Banana/kernel/libsoftfp.a(sfieeelib.o)
                              hal/sound/sndhw.32 (__addsf3)
D:/Users/Alex/Desktop/Banana/kernel/libsoftfp.a(dfieeelib.o)
                              hal/libresample/src_linear.32 (__adddf3)
D:/Users/Alex/Desktop/Banana/kernel/libsoftfp.a(sfdfcvt.o)
                              hal/libresample/samplerate.32 (__truncdfsf2)
D:/Users/Alex/Desktop/Banana/kernel/libk/libm32.a(s_fabs.c.o)
                              hal/libresample/samplerate.32 (fabs)
D:/Users/Alex/Desktop/Banana/kernel/libk/libm32.a(s_lrint.S.o)
                              hal/libresample/samplerate.32 (lrint)
D:/Users/Alex/Desktop/Banana/kernel/libk/libm32.a(s_lrintf.S.o)
                              hal/sound/sndhw.32 (lrintf)

Discarded input sections

 .comment       0x0000000000000000       0x12 /cygdrive/d/Users/Alex/Desktop/Toolchain/Output/bin/../lib/gcc/i386-banana/8.1.0/crtbegin.o
 .comment       0x0000000000000000       0x12 acpica/utclib.32
 .comment       0x0000000000000000       0x12 core/malloc.32
 .comment       0x0000000000000000       0x12 libk/string.32
 .comment       0x0000000000000000       0x12 fs/fat/diskio.32
 .comment       0x0000000000000000       0x12 fs/fat/ff.32
 .comment       0x0000000000000000       0x12 fs/fat/ffsystem.32
 .comment       0x0000000000000000       0x12 fs/fat/ffunicode.32
 .comment       0x0000000000000000       0x12 hal/libresample/samplerate.32
 .comment       0x0000000000000000       0x12 hal/libresample/src_linear.32
 .comment       0x0000000000000000       0x12 hal/libresample/src_sinc.32
 .comment       0x0000000000000000       0x12 hal/libresample/src_zoh.32
 .comment       0x0000000000000000       0x12 compat/inlines.32
 .comment       0x0000000000000000       0x12 compat/resolve.32
 .group         0x0000000000000000       0x14 core/computer.32
 .group         0x0000000000000000        0xc core/computer.32
 .comment       0x0000000000000000       0x12 core/computer.32
 .comment       0x0000000000000000       0x12 core/gdt.32
 .group         0x0000000000000000        0xc core/idle.32
 .comment       0x0000000000000000       0x12 core/idle.32
 .comment       0x0000000000000000       0x12 core/idt.32
 .comment       0x0000000000000000       0x12 core/kheap.32
 .comment       0x0000000000000000       0x12 core/main.32
 .comment       0x0000000000000000       0x12 core/physmgr.32
 .group         0x0000000000000000        0xc core/pipe.32
 .comment       0x0000000000000000       0x12 core/pipe.32
 .group         0x0000000000000000        0xc core/terminal.32
 .comment       0x0000000000000000       0x12 core/terminal.32
 .comment       0x0000000000000000       0x12 core/tss.32
 .group         0x0000000000000000        0x8 core/unixfile.32
 .group         0x0000000000000000        0xc core/unixfile.32
 .group         0x0000000000000000        0xc core/unixfile.32
 .group         0x0000000000000000        0x8 core/unixfile.32
 .group         0x0000000000000000        0xc core/unixfile.32
 .group         0x0000000000000000        0x8 core/unixfile.32
 .group         0x0000000000000000        0xc core/unixfile.32
 .group         0x0000000000000000        0xc core/unixfile.32
 .comment       0x0000000000000000       0x12 core/unixfile.32
 .comment       0x0000000000000000       0x12 core/virtmgr.32
 .comment       0x0000000000000000       0x12 coreobjs/c++.32
 .comment       0x0000000000000000       0x12 dbg/kconsole.32
 .group         0x0000000000000000        0xc fs/vfs.32
 .group         0x0000000000000000        0xc fs/vfs.32
 .group         0x0000000000000000        0xc fs/vfs.32
 .comment       0x0000000000000000       0x12 fs/vfs.32
 .group         0x0000000000000000        0xc hal/bus.32
 .comment       0x0000000000000000       0x12 hal/bus.32
 .group         0x0000000000000000        0xc hal/buzzer.32
 .comment       0x0000000000000000       0x12 hal/buzzer.32
 .group         0x0000000000000000        0xc hal/clock.32
 .comment       0x0000000000000000       0x12 hal/clock.32
 .group         0x0000000000000000       0x14 hal/device.32
 .group         0x0000000000000000        0xc hal/device.32
 .group         0x0000000000000000        0xc hal/device.32
 .group         0x0000000000000000        0xc hal/device.32
[...]
Memory Configuration

Name             Origin             Length             Attributes
*default*        0x0000000000000000 0xffffffffffffffff

Linker script and memory map

LOAD D:/Users/Alex/Desktop/Banana/kernel/boot.32
LOAD crti.32
LOAD /cygdrive/d/Users/Alex/Desktop/Toolchain/Output/bin/../lib/gcc/i386-banana/8.1.0/crtbegin.o
LOAD D:/Users/Alex/Desktop/Banana/kernel/morenasm.32
LOAD acpica/utclib.32
LOAD core/malloc.32
LOAD libk/string.32
LOAD fs/fat/diskio.32
LOAD fs/fat/ff.32
LOAD fs/fat/ffsystem.32
LOAD fs/fat/ffunicode.32
LOAD hal/libresample/samplerate.32
LOAD hal/libresample/src_linear.32
LOAD hal/libresample/src_sinc.32
LOAD hal/libresample/src_zoh.32
LOAD compat/inlines.32
LOAD compat/resolve.32
LOAD core/computer.32
LOAD core/gdt.32
LOAD core/idle.32
LOAD core/idt.32
LOAD core/kheap.32
LOAD core/main.32
LOAD core/physmgr.32
LOAD core/pipe.32
LOAD core/terminal.32
LOAD core/tss.32
LOAD core/unixfile.32
LOAD core/virtmgr.32
LOAD coreobjs/c++.32
LOAD dbg/kconsole.32
LOAD fs/vfs.32
LOAD hal/bus.32
LOAD hal/buzzer.32
LOAD hal/clock.32
LOAD hal/device.32
LOAD hal/diskctrl.32
LOAD hal/diskphys.32
LOAD hal/fpu.32
LOAD hal/intctrl.32
LOAD hal/keybrd.32
LOAD hal/logidisk.32
LOAD hal/mouse.32
LOAD hal/partition.32
LOAD hal/serial.32
LOAD hal/timer.32
LOAD hal/vcache.32
LOAD hal/video.32
LOAD hw/acpi.32
LOAD hw/cpu.32
LOAD hw/ports.32
LOAD hw/smp.32
LOAD krnl/env.32
LOAD krnl/panic.32
LOAD net/ethernet.32
LOAD reg/registry.32
LOAD sys/sc_eject.32
LOAD sys/sc_exit.32
LOAD sys/sc_getcwd.32
LOAD sys/sc_getpid.32
LOAD sys/sc_loaddll.32
LOAD sys/sc_read.32
LOAD sys/sc_sbrk.32
LOAD sys/sc_setcwd.32
LOAD sys/sc_settime.32
LOAD sys/sc_timezone.32
LOAD sys/sc_write.32
LOAD sys/sc_yield.32
LOAD sys/syscalls.32
LOAD thr/elf.32
LOAD thr/prcssthr.32
LOAD vm86/vm8086.32
LOAD vm86/x87em.32
LOAD fs/fat/vfslink.32
LOAD fs/iso9660/vfslink.32
LOAD hal/sound/sndchannel.32
LOAD hal/sound/sndhw.32
LOAD hw/bus/isa.32
LOAD hw/bus/pci.32
LOAD hw/diskctrl/ide.32
LOAD hw/diskctrl/satabus.32
LOAD hw/diskphys/ata.32
LOAD hw/diskphys/atapi.32
LOAD hw/diskphys/sata.32
LOAD hw/diskphys/satapi.32
LOAD hw/fpu/avx.32
LOAD hw/fpu/mmx.32
LOAD hw/fpu/sse.32
LOAD hw/fpu/x87.32
LOAD hw/intctrl/apic.32
LOAD hw/intctrl/pic.32
LOAD hw/timer/apictimer.32
LOAD hw/timer/pit.32
LOAD hw/fpu/x86/avx.32
LOAD hw/fpu/x86/sse.32
LOAD hw/fpu/x86/x87.32
LOAD /cygdrive/d/Users/Alex/Desktop/Toolchain/Output/bin/../lib/gcc/i386-banana/8.1.0/crtend.o
LOAD crtn.32
LOAD /cygdrive/d/Users/Alex/Desktop/Toolchain/Output/bin/../lib/gcc/i386-banana/8.1.0/libkgcc.a
LOAD D:/Users/Alex/Desktop/Banana/kernel/libsoftfp.a
LOAD D:/Users/Alex/Desktop/Banana/kernel/libk/libm32.a
                0x00000000c0000000                . = 0xc0000000

.text           0x00000000c0000000    0x28048
 *(.text)
 .text          0x00000000c0000000       0x41 D:/Users/Alex/Desktop/Banana/kernel/boot.32
                0x00000000c0000020                callGlobalConstructors
 .text          0x00000000c0000041        0x0 crti.32
 *fill*         0x00000000c0000041        0x3 
 .text          0x00000000c0000044      0x101 /cygdrive/d/Users/Alex/Desktop/Toolchain/Output/bin/../lib/gcc/i386-banana/8.1.0/crtbegin.o
 *fill*         0x00000000c0000145        0xb 
 .text          0x00000000c0000150      0x4ed D:/Users/Alex/Desktop/Banana/kernel/morenasm.32
                0x00000000c0000150                manualPCIProbe
                0x00000000c000019b                prepareTramp
                0x00000000c00001b4                voodooXADD
                0x00000000c000027f                doTPAUSE
                0x00000000c0000289                hasLegacyFPU
                0x00000000c00002ae                is486
                0x00000000c00002e4                detectCPUID
                0x00000000c00002fa                goToVM86
                0x00000000c000032a                goToUsermode
                0x00000000c0000354                switchToThreadASMFirstTime
                0x00000000c0000362                switchToThreadASM
                0x00000000c00003ea                asmQuickAcquireLock
                0x00000000c0000408                asmQuickReleaseLock
                0x00000000c0000414                asmAcquireLock
                0x00000000c0000435                asmReleaseLock
                0x00000000c0000448                loadGDT
                0x00000000c0000468                isr0
                0x00000000c0000478                isr1
                0x00000000c0000482                isr2
                0x00000000c000048c                isr3
                0x00000000c0000496                isr4
                0x00000000c00004a0                isr5
                0x00000000c00004aa                isr6
                0x00000000c00004b4                isr7
                0x00000000c00004be                isr8
                0x00000000c00004c6                isr9
                0x00000000c00004d0                isr10
                0x00000000c00004d8                isr11
                0x00000000c00004e0                isr12
                0x00000000c00004e8                isr13
                0x00000000c00004f0                isr14
                0x00000000c00004f8                isr15
                0x00000000c0000502                isr16
                0x00000000c000050c                isr17
                0x00000000c0000516                isr18
                0x00000000c0000520                irq3
                0x00000000c000052a                irq4
                0x00000000c0000534                irq5
                0x00000000c000053e                irq6
                0x00000000c0000548                irq7
                0x00000000c0000552                irq8
                0x00000000c000055c                irq9
                0x00000000c0000566                irq10
                0x00000000c0000570                irq11
                0x00000000c000057a                irq12
                0x00000000c0000584                irq13
                0x00000000c000058e                irq14
                0x00000000c0000598                irq15
                0x00000000c00005a2                irq1
                0x00000000c00005a9                irq2
                0x00000000c00005b0                isr96
                0x00000000c00005b7                irq0
                0x00000000c00005bc                int_common_stub
                0x00000000c00005bc                syscall_common_stub
                0x00000000c00005ed                irq16
                0x00000000c00005f7                irq17
                0x00000000c0000601                irq18
                0x00000000c000060b                irq19
                0x00000000c0000615                irq20
                0x00000000c000061f                irq21
                0x00000000c0000629                irq22
                0x00000000c0000633                irq23
 *fill*         0x00000000c000063d        0x3 
 .text          0x00000000c0000640      0x611 acpica/utclib.32
                0x00000000c0000640                memcmp
                0x00000000c000067c                memmove
                0x00000000c0000744                memcpy
                0x00000000c0000778                memset
                0x00000000c0000794                strlen
                0x00000000c00007ac                strpbrk
                0x00000000c00007e8                strtok
                0x00000000c0000834                strcpy
                0x00000000c0000858                strncpy
                0x00000000c00008c0                strcmp
                0x00000000c0000900                strchr
                0x00000000c0000924                strncmp
                0x00000000c0000974                strcat
                0x00000000c00009a4                strncat
                0x00000000c00009e0                strstr
                0x00000000c0000a28                toupper
                0x00000000c0000a3c                tolower
                0x00000000c0000a50                simple_strtoul
 .text          0x00000000c0000c51      0xfbf core/malloc.32
                0x00000000c0000dbc                dlfree
                0x00000000c0001117                dlmalloc
                0x00000000c0001654                dlrealloc
                0x00000000c0001809                dlmemalign
                0x00000000c000192c                dlcalloc
                0x00000000c00019c6                dlcfree
                0x00000000c00019cb                dlindependent_calloc
                0x00000000c00019f0                dlindependent_comalloc
                0x00000000c0001a07                dlvalloc
                0x00000000c0001a32                dlpvalloc
                0x00000000c0001a68                dlmalloc_trim
                0x00000000c0001a75                dlmalloc_usable_size
                0x00000000c0001aa6                dlmallinfo
                0x00000000c0001b75                dlmalloc_stats
                0x00000000c0001b86                dlmallopt
 .text          0x00000000c0001c10        0x0 libk/string.32
 .text          0x00000000c0001c10       0x51 fs/fat/diskio.32
                0x00000000c0001c10                disk_status
                0x00000000c0001c13                disk_initialize
                0x00000000c0001c16                disk_read
                0x00000000c0001c2c                disk_write
                0x00000000c0001c42                disk_ioctl
 .text          0x00000000c0001c61     0x6833 fs/fat/ff.32
                0x00000000c0004f2f                f_mount
                0x00000000c0004f91                f_open
                0x00000000c00053cd                f_read
                0x00000000c000564d                f_write
                0x00000000c0005907                f_sync
                0x00000000c0005ae3                f_close
                0x00000000c0005b12                f_lseek
                0x00000000c0005fc9                f_opendir
                0x00000000c00060cb                f_closedir
                0x00000000c00060ed                f_readdir
                0x00000000c0006188                f_stat
                0x00000000c0006217                f_getfree
                0x00000000c00063e2                f_truncate
                0x00000000c00064da                f_unlink
                0x00000000c000665d                f_mkdir
                0x00000000c0006889                f_rename
                0x00000000c0006b7c                f_chmod
                0x00000000c0006c5a                f_utime
                0x00000000c0006d38                f_getlabel
                0x00000000c0006f26                f_setlabel
                0x00000000c0007193                f_forward
                0x00000000c0007371                f_mkfs
 .text          0x00000000c0008494       0x2d fs/fat/ffsystem.32
                0x00000000c0008494                ff_memalloc
                0x00000000c00084aa                ff_memfree
 .text          0x00000000c00084c1      0x253 fs/fat/ffunicode.32
                0x00000000c00084c1                ff_uni2oem
                0x00000000c0008551                ff_oem2uni
                0x00000000c00085bd                ff_wtoupper
 .text          0x00000000c0008714      0x8fb hal/libresample/samplerate.32
                0x00000000c0008758                src_delete
                0x00000000c0008794                src_process
                0x00000000c000894a                src_callback_read
                0x00000000c0008ac7                src_set_ratio
                0x00000000c0008b31                src_get_channels
                0x00000000c0008b53                src_reset
                0x00000000c0008b9f                src_new
                0x00000000c0008c2d                src_callback_new
                0x00000000c0008c8f                src_get_name
                0x00000000c0008cc6                src_get_description
                0x00000000c0008cfd                src_get_version
                0x00000000c0008d03                src_is_valid_ratio
                0x00000000c0008d57                src_error
                0x00000000c0008d65                src_strerror
                0x00000000c0008d78                src_simple
                0x00000000c0008dcb                src_short_to_float_array
                0x00000000c0008e30                src_float_to_short_array
                0x00000000c0008eef                src_int_to_float_array
                0x00000000c0008f52                src_float_to_int_array
 .text          0x00000000c000900f      0x8cb hal/libresample/src_linear.32
                0x00000000c0009835                linear_get_name
                0x00000000c0009844                linear_get_description
                0x00000000c0009853                linear_set_converter
 .text          0x00000000c00098da     0x447c hal/libresample/src_sinc.32
                0x00000000c000dc6d                sinc_get_name
                0x00000000c000dc80                sinc_get_description
                0x00000000c000dc93                sinc_set_converter
 .text          0x00000000c000dd56      0x77c hal/libresample/src_zoh.32
                0x00000000c000e42d                zoh_get_name
                0x00000000c000e43c                zoh_get_description
                0x00000000c000e44b                zoh_set_converter
 .text          0x00000000c000e4d2       0x23 compat/inlines.32
                0x00000000c000e4d2                CPU::current()
                0x00000000c000e4df                operator new(unsigned long)
 .text          0x00000000c000e4f5      0x111 compat/resolve.32
                0x00000000c000e4f5                Krnl::resolveCompatibilitySymbol(char*)
 .text          0x00000000c000e606      0xa17 core/computer.32
                0x00000000c000e606                Computer::close(int, int, void*)
                0x00000000c000e64a                Krnl::firstTask()
                0x00000000c000e73a                Computer::Computer()
                0x00000000c000e73a                Computer::Computer()
                0x00000000c000e896                Computer::setBootMessage(char const*)
                0x00000000c000e898                Computer::detectFeatures()
                0x00000000c000eaa2                Computer::displayFeatures()
                0x00000000c000ede8                Computer::rdmsr(unsigned int)
                0x00000000c000ee14                Computer::wrmsr(unsigned int, unsigned long long)
                0x00000000c000ee4c                Computer::nmiEnabled()
                0x00000000c000ee58                Computer::readCMOS(unsigned char)
                0x00000000c000ee72                Computer::enableNMI(bool)
                0x00000000c000ee8a                Computer::open(int, int, void*)
                0x00000000c000ef60                Computer::disableNMI()
                0x00000000c000ef6e                Computer::writeCMOS(unsigned char, unsigned char)
                0x00000000c000ef8c                Computer::handleNMI()
                0x00000000c000eff2                Computer::setDiskActivityLight(int, bool)
 *fill*         0x00000000c000f01d        0x1 
 .text          0x00000000c000f01e      0x1b7 core/gdt.32
                0x00000000c000f01e                GDTEntry::setBase(unsigned int)
                0x00000000c000f03a                GDTEntry::setLimit(unsigned int)
                0x00000000c000f058                GDT::GDT()
                0x00000000c000f058                GDT::GDT()
                0x00000000c000f06e                GDT::addEntry(GDTEntry)
                0x00000000c000f0aa                GDT::getNumberOfEntries()
                0x00000000c000f0b2                GDT::flush()
                0x00000000c000f0d4                GDT::setup()
 .text          0x00000000c000f1d5       0x62 core/idle.32
                0x00000000c000f1d5                idleFunction(void*)
 *fill*         0x00000000c000f237        0x1 
 .text          0x00000000c000f238      0x45f core/idt.32
                0x00000000c000f238                IDTEntry::IDTEntry(bool)
                0x00000000c000f238                IDTEntry::IDTEntry(bool)
                0x00000000c000f2a6                IDTEntry::setOffset(unsigned int)
                0x00000000c000f2ba                IDT::IDT()
                0x00000000c000f2ba                IDT::IDT()
                0x00000000c000f2bc                IDT::getPointerToInvalidOpcodeEntryForF00F()
                0x00000000c000f2c4                IDT::addEntry(IDTEntry, int)
                0x00000000c000f2de                IDT::addEntry(int, void (*)(), bool)
                0x00000000c000f316                IDT::flush()
                0x00000000c000f330                IDT::setup()
 .text          0x00000000c000f697      0x203 core/kheap.32
                0x00000000c000f697                sbrk
                0x00000000c000f7a5                mmap
                0x00000000c000f7bb                munmap
                0x00000000c000f7d1                liballoc_lock()
                0x00000000c000f7e2                liballoc_unlock()
                0x00000000c000f7f3                liballoc_alloc(int)
                0x00000000c000f80e                liballoc_free(void*, int)
                0x00000000c000f82c                realloc
                0x00000000c000f840                malloc
                0x00000000c000f850                free
                0x00000000c000f860                rfree
                0x00000000c000f870                calloc
 .text          0x00000000c000f89a      0x480 core/main.32
                0x00000000c000f89a                hwTextMode_loadInData(VgaText*)
                0x00000000c000f8e5                hwTextMode_loadInTitle(VgaText*, char*)
                0x00000000c000f963                hwTextMode_showCursor(VgaText*, bool)
                0x00000000c000f9c1                hwTextMode_update(VgaText*)
                0x00000000c000f9c2                hwTextMode_updateCursor(VgaText*)
                0x00000000c000fa13                hwTextMode_disableBlink(VgaText*, bool)
                0x00000000c000fa59                hwTextMode_scrollScreen(VgaText*)
                0x00000000c000fb06                hwTextMode_writeCharacter(VgaText*, char, VgaColour, VgaColour, int, int)
                0x00000000c000fb88                setupTextMode()
                0x00000000c000fbf8                kernel_main
 .text          0x00000000c000fd1a      0x54d core/physmgr.32
                0x00000000c000fd1a                Phys::allocateDMA(unsigned long)
                0x00000000c000fdbd                Phys::freeDMA(unsigned long, unsigned long)
                0x00000000c000fe05                Phys::setPageState(unsigned long, bool)
                0x00000000c000fe37                Phys::getPageState(unsigned long)
                0x00000000c000fe53                Phys::freePage(unsigned long)
                0x00000000c000fedd                Phys::allocatePage()
                0x00000000c000ffa5                Phys::allocateContiguousPages(int)
                0x00000000c000ffff                Phys::allowSegmentToBeUsed(unsigned long, unsigned long)
                0x00000000c0010037                Phys::physicalMemorySetup(unsigned int)
 *fill*         0x00000000c0010267        0x1 
 .text          0x00000000c0010268      0x273 core/pipe.32
                0x00000000c0010268                Pipe::isAtty()
                0x00000000c001026c                Pipe::~Pipe()
                0x00000000c001026c                Pipe::~Pipe()
                0x00000000c0010290                Pipe::~Pipe()
                0x00000000c00102b8                Pipe::read(unsigned long long, void*, int*)
                0x00000000c00103ac                Pipe::write(unsigned long long, void*, int*)
                0x00000000c0010474                Pipe::Pipe(int)
                0x00000000c0010474                Pipe::Pipe(int)
 *fill*         0x00000000c00104db        0x1 
 .text          0x00000000c00104dc      0xf73 core/terminal.32
                0x00000000c00104dc                VgaText::isAtty()
                0x00000000c00104e0                VgaText::~VgaText()
                0x00000000c00104e0                VgaText::~VgaText()
                0x00000000c0010504                VgaText::~VgaText()
                0x00000000c001052e                VgaText::read(unsigned long long, void*, int*)
                0x00000000c001054e                setTerminalScrollLock(bool)
                0x00000000c001054f                addToTerminalCycle(VgaText*)
                0x00000000c001057c                installVgaTextImplementation()
                0x00000000c0010591                scrollTerminalScrollLock(int)
                0x00000000c0010592                VgaText::load()
                0x00000000c00105e6                VgaText::updateCursor()
                0x00000000c0010600                VgaText::showCursor(bool)
                0x00000000c0010610                VgaText::disableBlink(bool)
                0x00000000c001064a                VgaText::doANSI_SGR(int)
                0x00000000c00106d6                VgaText::setDefaultBgColour(VgaColour)
                0x00000000c00106ec                VgaText::setDefaultFgColour(VgaColour)
                0x00000000c0010702                VgaText::setDefaultColours(VgaColour, VgaColour)
                0x00000000c0010722                VgaText::combineColours(unsigned char, unsigned char)
                0x00000000c0010734                VgaText::scrollScreen()
                0x00000000c00107c8                VgaText::combineCharAndColour(char, unsigned char)
                0x00000000c00107da                VgaText::writeCharacter(char, VgaColour, VgaColour, int, int)
                0x00000000c001083a                VgaText::getCursorX()
                0x00000000c0010846                VgaText::getCursorY()
                0x00000000c0010852                VgaText::setCursor(int, int)
                0x00000000c0010870                VgaText::setCursorX(int)
                0x00000000c001088c                VgaText::setCursorY(int)
                0x00000000c00108a8                VgaText::incrementCursor(bool)
                0x00000000c0010910                VgaText::updateRAMUsageDisplay(int)
                0x00000000c0010974                VgaText::updateDiskUsage()
                0x00000000c0010ade                VgaText::updateTitle()
                0x00000000c0010b24                VgaText::setTitleTextColour(VgaColour)
                0x00000000c0010b34                VgaText::setTitleColour(VgaColour)
                0x00000000c0010b44                VgaText::setTitle(char*)
                0x00000000c0010b6a                VgaText::decrementCursor(bool)
                0x00000000c0010b92                VgaText::putchar(char, VgaColour, VgaColour)
                0x00000000c0010c8e                VgaText::isShowingCursor()
                0x00000000c0010c9a                VgaText::isBlinkDisabled()
                0x00000000c0010ca8                VgaText::setCursorHeight(int)
                0x00000000c0010cc6                VgaText::getCursorHeight()
                0x00000000c0010cd1                setActiveTerminal(VgaText*)
                0x00000000c0010d83                doTerminalCycle()
                0x00000000c0010da0                VgaText::doUpdate()
                0x00000000c0010db2                VgaText::puts(char const*, VgaColour, VgaColour)
                0x00000000c0010f72                VgaText::clearScreen()
                0x00000000c0010fd6                VgaText::putchar(char)
                0x00000000c00110f0                VgaText::puts(char const*)
                0x00000000c0011116                VgaText::putx(unsigned int)
                0x00000000c001115c                VgaText::VgaText(char const*)
                0x00000000c001115c                VgaText::VgaText(char const*)
                0x00000000c00112ee                VgaText::receiveKey(unsigned char)
                0x00000000c00113d6                VgaText::write(unsigned long long, void*, int*)
                0x00000000c001142a                newTerminal(char*)
 *fill*         0x00000000c001144f        0x1 
 .text          0x00000000c0011450      0x1b3 core/tss.32
                0x00000000c0011450                TSS::TSS()
                0x00000000c0011450                TSS::TSS()
                0x00000000c001145e                TSS::setESP(unsigned long)
                0x00000000c0011470                TSS::flush()
                0x00000000c0011490                TSS::setup(unsigned long, unsigned long)
 *fill*         0x00000000c0011603        0x1 
 .text          0x00000000c0011604      0x4c2 core/unixfile.32
                0x00000000c0011604                ReservedFilename::read(unsigned long long, void*, int*)
                0x00000000c001165a                ReservedFilename::isAtty()
                0x00000000c0011676                ReservedFilename::write(unsigned long long, void*, int*)
                0x00000000c00116d4                UnixFile::getFileDescriptor()
                0x00000000c00116dc                UnixFile::UnixFile(int)
                0x00000000c00116dc                UnixFile::UnixFile(int)
                0x00000000c001188c                ReservedFilename::ReservedFilename(int)
                0x00000000c001188c                ReservedFilename::ReservedFilename(int)
                0x00000000c00118be                UnixFile::~UnixFile()
                0x00000000c00118be                UnixFile::~UnixFile()
                0x00000000c0011956                UnixFile::~UnixFile()
                0x00000000c001197e                ReservedFilename::~ReservedFilename()
                0x00000000c001197e                ReservedFilename::~ReservedFilename()
                0x00000000c00119a2                ReservedFilename::~ReservedFilename()
                0x00000000c00119c9                getFromFileDescriptor(int)
 .text          0x00000000c0011ac6      0xee3 core/virtmgr.32
                0x00000000c0011ac6                Virt::setPageState(unsigned long, Virt::VirtPageState)
                0x00000000c0011afb                Virt::getPageState(unsigned long)
                0x00000000c0011b1f                Virt::allocateKernelVirtualPages(int)
                0x00000000c0011c30                Virt::virtualMemorySetup()
                0x00000000c0011caf                Virt::getAKernelVAS()
                0x00000000c0011cb5                Virt::setupPageSwapping(int)
                0x00000000c0011de4                VAS::VAS()
                0x00000000c0011de4                VAS::VAS()
                0x00000000c0011e14                VAS::VAS(VAS*)
                0x00000000c0011e14                VAS::VAS(VAS*)
                0x00000000c0011e38                VAS::getForeignPageTableEntry(bool, unsigned long)
                0x00000000c0011e64                VAS::getPageTableEntry(unsigned long)
                0x00000000c0011e83                Virt::freeKernelVirtualPages(unsigned long)
                0x00000000c0011fa6                VAS::freeAllocatedPages(unsigned long)
                0x00000000c0011fca                VAS::virtualToPhysical(unsigned long)
                0x00000000c0011fe2                VAS::reflagRange(unsigned long, int, int, int)
                0x00000000c0012022                VAS::setToWriteCombining(unsigned long, int)
                0x00000000c0012054                VAS::mapOtherVASIn(bool, VAS*)
                0x00000000c001207e                VAS::~VAS()
                0x00000000c001207e                VAS::~VAS()
                0x00000000c00121ea                VAS::mapPage(unsigned long, unsigned long, int)
                0x00000000c00122ea                VAS::allocatePages(int, int)
                0x00000000c00124c2                VAS::setCPUSpecific(unsigned long)
                0x00000000c00124de                VAS::mapRange(unsigned long, unsigned long, int, int)
                0x00000000c00125a4                VAS::mapForeignPage(bool, VAS*, unsigned long, unsigned long, int)
                0x00000000c0012692                VAS::VAS(bool)
                0x00000000c0012692                VAS::VAS(bool)
                0x00000000c00128ed                mapVASFirstTime
 .text          0x00000000c00129a9       0x95 coreobjs/c++.32
                0x00000000c00129a9                __cxa_atexit
                0x00000000c00129ac                __cxa_finalize
                0x00000000c00129ad                __stack_chk_fail
                0x00000000c0012a19                __cxa_pure_virtual
                0x00000000c0012a2a                operator new[](unsigned long)
                0x00000000c0012a2f                operator delete(void*, unsigned long)
                0x00000000c0012a34                operator delete[](void*)
                0x00000000c0012a39                operator delete[](void*, unsigned long)
 .text          0x00000000c0012a3e      0x1ef dbg/kconsole.32
                0x00000000c0012a3e                Dbg::stringifyxWithBase(unsigned int, char*, int)
                0x00000000c0012a9f                Dbg::logc(char)
                0x00000000c0012ab6                Dbg::logs(char*)
                0x00000000c0012ad3                Dbg::logWriteInt(unsigned int)
                0x00000000c0012af0                Dbg::logWriteIntBase(unsigned int, int)
                0x00000000c0012b0f                Dbg::kprintf(char const*, ...)
 *fill*         0x00000000c0012c2d        0x1 
 .text          0x00000000c0012c2e      0xb7c fs/vfs.32
                0x00000000c0012c2e                File::read(unsigned long long, void*, int*)
                0x00000000c0012c86                File::write(unsigned long long, void*, int*)
                0x00000000c0012cde                Directory::read(unsigned long long, void*, int*)
                0x00000000c0012d36                Directory::write(unsigned long long, void*, int*)
                0x00000000c0012d64                File::isAtty()
                0x00000000c0012d68                Directory::isAtty()
                0x00000000c0012d6c                Filesystem::getlabel(LogicalDisk*, int, char*, unsigned int*)
                0x00000000c0012d72                Filesystem::setlabel(LogicalDisk*, int, char*)
                0x00000000c0012d78                File::~File()
                0x00000000c0012d78                File::~File()
                0x00000000c0012d9c                File::~File()
                0x00000000c0012dc6                Directory::~Directory()
                0x00000000c0012dc6                Directory::~Directory()
                0x00000000c0012dea                Directory::~Directory()
                0x00000000c0012e14                Filesystem::Filesystem()
                0x00000000c0012e14                Filesystem::Filesystem()
                0x00000000c0012e38                Filesystem::~Filesystem()
                0x00000000c0012e38                Filesystem::~Filesystem()
                0x00000000c0012e46                Filesystem::~Filesystem()
                0x00000000c0012e6a                Fs::getcwd(Process*, char*, int)
                0x00000000c0012e94                Fs::initVFS()
                0x00000000c0012ebe                Fs::standardiseFiles(char*, char const*, char const*)
                0x00000000c0013068                File::File(char const*, Process*)
                0x00000000c0013068                File::File(char const*, Process*)
                0x00000000c00130cc                File::open(FileOpenMode)
                0x00000000c001312a                File::close()
                0x00000000c001318a                File::seek(unsigned long long)
                0x00000000c00131e0                File::tell(unsigned long long*)
                0x00000000c0013230                File::rewind()
                0x00000000c0013244                File::unlink()
                0x00000000c0013290                File::rename(char const*)
                0x00000000c00132de                File::chfatattr(unsigned char, unsigned char)
                0x00000000c001333a                File::exists()
                0x00000000c0013378                File::stat(unsigned long long*, bool*)
                0x00000000c00133d9                Fs::setcwd(Process*, char*)
                0x00000000c0013514                Directory::Directory(char const*, Process*)
                0x00000000c0013514                Directory::Directory(char const*, Process*)
                0x00000000c0013578                Directory::open()
                0x00000000c00135d4                Directory::close()
                0x00000000c0013634                Directory::unlink()
                0x00000000c0013680                Directory::rename(char const*)
                0x00000000c00136ce                Directory::exists()
                0x00000000c001370c                Directory::read(dirent*)
                0x00000000c0013758                Directory::create()
                0x00000000c00137a4                Filesystem::chfatattr(char const*, unsigned char, unsigned char)
 .text          0x00000000c00137aa       0x84 hal/bus.32
                0x00000000c00137aa                Bus::Bus(char const*)
                0x00000000c00137aa                Bus::Bus(char const*)
                0x00000000c00137e0                Bus::~Bus()
                0x00000000c00137e0                Bus::~Bus()
                0x00000000c0013804                Bus::~Bus()
 .text          0x00000000c001382e      0x14e hal/buzzer.32
                0x00000000c001382e                Buzzer::Buzzer(char const*)
                0x00000000c001382e                Buzzer::Buzzer(char const*)
                0x00000000c0013872                Buzzer::~Buzzer()
                0x00000000c0013872                Buzzer::~Buzzer()
                0x00000000c0013896                Buzzer::~Buzzer()
                0x00000000c00138c0                Buzzer::stop()
                0x00000000c00138d3                beepThread(void*)
                0x00000000c001390e                Buzzer::beep(int, int, bool)
 .text          0x00000000c001397c      0x467 hal/clock.32
                0x00000000c001397c                User::loadClockSettings(int)
                0x00000000c00139ce                Clock::Clock(char const*)
                0x00000000c00139ce                Clock::Clock(char const*)
                0x00000000c0013a04                Clock::~Clock()
                0x00000000c0013a04                Clock::~Clock()
                0x00000000c0013a28                Clock::~Clock()
                0x00000000c0013a52                Clock::timeInSecondsLocal()
                0x00000000c0013a9a                Clock::setTimeInSecondsLocal(unsigned long long)
                0x00000000c0013af3                datetimeToSeconds(datetime_t)
                0x00000000c0013c1a                Clock::setTimeInDatetimeLocal(datetime_t)
                0x00000000c0013c7a                secondsToDatetime(unsigned long long)
                0x00000000c0013dbe                Clock::timeInDatetimeLocal()
 *fill*         0x00000000c0013de3        0x1 
 .text          0x00000000c0013de4      0x4de hal/device.32
                0x00000000c0013de4                Device::hibernate()
                0x00000000c0013de6                Device::wake()
                0x00000000c0013de8                Device::detect()
                0x00000000c0013dea                Device::disableLegacy()
                0x00000000c0013dec                Device::powerSaving(PowerSavingLevel)
                0x00000000c0013dee                DriverlessDevice::close(int, int, void*)
                0x00000000c0013df2                DriverlessDevice::detect()
                0x00000000c0013df4                DriverlessDevice::open(int, int, void*)
                0x00000000c0013e08                Device::~Device()
                0x00000000c0013e08                Device::~Device()
                0x00000000c0013e16                Device::~Device()
                0x00000000c0013e3e                Device::findAndLoadDriver()
                0x00000000c0013e40                Device::preOpenPCI(PCIDeviceInfo)
                0x00000000c0013e66                Device::preOpenACPI(void*, char*, char*)
                0x00000000c0013eba                Device::addIRQHandler(int, void (*)(regs*, void*), bool, void*)
                0x00000000c0013ef8                Device::removeIRQHandler(int, void (*)(regs*, void*), bool)
                0x00000000c0013f36                Device::addChild(Device*)
                0x00000000c0013f7a                Device::removeAllChildren()
                0x00000000c0013fc0                Device::hibernateAll()
                0x00000000c0013ff0                Device::wakeAll()
                0x00000000c0014020                Device::detectAll()
                0x00000000c0014050                Device::disableLegacyAll()
                0x00000000c0014080                Device::loadDriversForAll()
                0x00000000c00140ac                Device::closeAll()
                0x00000000c00140e2                Device::powerSavingAll(PowerSavingLevel)
                0x00000000c0014118                Device::setName(char const*)
                0x00000000c0014126                Device::Device(char const*)
                0x00000000c0014126                Device::Device(char const*)
                0x00000000c0014222                Device::getName()
                0x00000000c001422c                DriverlessDevice::DriverlessDevice(char const*)
                0x00000000c001422c                DriverlessDevice::DriverlessDevice(char const*)
                0x00000000c0014254                Device::addToLinkedList(LinkedList<Device>&, DeviceType)
                0x00000000c0014298                getDevicesOfType(DeviceType)
 .text          0x00000000c00142c2       0x84 hal/diskctrl.32
                0x00000000c00142c2                HardDiskController::HardDiskController(char const*)
                0x00000000c00142c2                HardDiskController::HardDiskController(char const*)
                0x00000000c00142f8                HardDiskController::~HardDiskController()
                0x00000000c00142f8                HardDiskController::~HardDiskController()
                0x00000000c001431c                HardDiskController::~HardDiskController()
 .text          0x00000000c0014346       0xf2 hal/diskphys.32
                0x00000000c0014346                PhysicalDisk::eject()
                0x00000000c001435a                PhysicalDisk::PhysicalDisk(char const*, int)
                0x00000000c001435a                PhysicalDisk::PhysicalDisk(char const*, int)
                0x00000000c00143c2                PhysicalDisk::startCache()
                0x00000000c00143ea                PhysicalDisk::~PhysicalDisk()
                0x00000000c00143ea                PhysicalDisk::~PhysicalDisk()
                0x00000000c001440e                PhysicalDisk::~PhysicalDisk()
 .text          0x00000000c0014438      0x13b hal/fpu.32
                0x00000000c0014438                FPU::FPU(char const*)
                0x00000000c0014438                FPU::FPU(char const*)
                0x00000000c001446e                FPU::~FPU()
                0x00000000c001446e                FPU::~FPU()
                0x00000000c0014492                FPU::~FPU()
                0x00000000c00144bc                setupFPU()
 *fill*         0x00000000c0014573        0x1 
 .text          0x00000000c0014574     0x1381 hal/intctrl.32
                0x00000000c0014574                InterruptController::uninstallISRHandler(int, void (*)(regs*, void*))
                0x00000000c00145ac                InterruptController::installISRHandler(int, void (*)(regs*, void*), void*)
                0x00000000c00145fe                doubleFault(regs*, void*)
                0x00000000c0014618                InterruptController::installIRQHandler(int, void (*)(regs*, void*), bool, void*)
                0x00000000c00146b4                InterruptController::clearAllHandlers(int, bool)
                0x00000000c001475c                InterruptController::uninstallIRQHandler(int, void (*)(regs*, void*), bool)
                0x00000000c00147e3                nmiHandler(regs*, void*)
                0x00000000c00147f1                int_handler
                0x00000000c0014892                InterruptController::InterruptController(char const*)
                0x00000000c0014892                InterruptController::InterruptController(char const*)
                0x00000000c0014938                InterruptController::~InterruptController()
                0x00000000c0014938                InterruptController::~InterruptController()
                0x00000000c001495c                InterruptController::~InterruptController()
                0x00000000c0014986                displayDebugInfo(regs*)
                0x00000000c0014e15                x87EmulHandler(regs*, void*)
                0x00000000c0014e44                gpFault(regs*, void*)
                0x00000000c0014e7d                pgFault(regs*, void*)
                0x00000000c0014e94                otherISRHandler(regs*, void*)
                0x00000000c0014eb3                opcodeFault(regs*, void*)
                0x00000000c00154b9                displayProgramFault(char const*)
                0x00000000c00154e1                setupInterruptController()
                0x00000000c00158a8                InterruptController::convertLegacyIRQNumber(int)
 *fill*         0x00000000c00158f5        0x1 
 .text          0x00000000c00158f6      0x69a hal/keybrd.32
                0x00000000c00158f6                startGUI(void*)
                0x00000000c0015952                startGUIVESA(void*)
                0x00000000c00159ae                sendKeyToTerminal(unsigned char)
                0x00000000c0015a1a                sendKeyboardToken(KeyboardToken)
                0x00000000c0015e2a                clearInternalKeybuffer(VgaText*)
                0x00000000c0015e5f                readKeyboard(VgaText*, char*, unsigned long)
                0x00000000c0015f06                Keyboard::Keyboard(char const*)
                0x00000000c0015f06                Keyboard::Keyboard(char const*)
                0x00000000c0015f42                Keyboard::~Keyboard()
                0x00000000c0015f42                Keyboard::~Keyboard()
                0x00000000c0015f66                Keyboard::~Keyboard()
 .text          0x00000000c0015f90      0x414 hal/logidisk.32
                0x00000000c0015f90                LogicalDisk::close(int, int, void*)
                0x00000000c0015f94                LogicalDisk::~LogicalDisk()
                0x00000000c0015f94                LogicalDisk::~LogicalDisk()
                0x00000000c0015fb8                LogicalDisk::~LogicalDisk()
                0x00000000c0015fe2                LogicalDisk::open(int, int, void*)
                0x00000000c0015ff6                LogicalDisk::absoluteToRelative(unsigned long long)
                0x00000000c001602e                LogicalDisk::relativeToAbsolute(unsigned long long)
                0x00000000c0016074                LogicalDisk::LogicalDisk(char const*, PhysicalDisk*, unsigned long long, unsigned long long)
                0x00000000c0016074                LogicalDisk::LogicalDisk(char const*, PhysicalDisk*, unsigned long long, unsigned long long)
                0x00000000c001612a                LogicalDisk::assignDriveLetter()
                0x00000000c00161e0                LogicalDisk::mount()
                0x00000000c0016252                LogicalDisk::unmount()
                0x00000000c0016262                LogicalDisk::eject()
                0x00000000c0016276                LogicalDisk::unassignDriveLetter()
                0x00000000c00162cc                LogicalDisk::read(unsigned long long, int, void*)
                0x00000000c0016338                LogicalDisk::write(unsigned long long, int, void*)
 .text          0x00000000c00163a4       0x84 hal/mouse.32
                0x00000000c00163a4                Mouse::Mouse(char const*)
                0x00000000c00163a4                Mouse::Mouse(char const*)
                0x00000000c00163da                Mouse::~Mouse()
                0x00000000c00163da                Mouse::~Mouse()
                0x00000000c00163fe                Mouse::~Mouse()
 .text          0x00000000c0016428      0x34d hal/partition.32
                0x00000000c0016428                makePartition(PhysicalDisk*, unsigned long long, unsigned long long)
                0x00000000c00164e4                createPartitionsForDisk(PhysicalDisk*)
 *fill*         0x00000000c0016775        0x1 
 .text          0x00000000c0016776       0x84 hal/serial.32
                0x00000000c0016776                Serial::Serial(char const*)
                0x00000000c0016776                Serial::Serial(char const*)
                0x00000000c00167ac                Serial::~Serial()
                0x00000000c00167ac                Serial::~Serial()
                0x00000000c00167d0                Serial::~Serial()
 .text          0x00000000c00167fa      0x2b8 hal/timer.32
                0x00000000c00167fa                Timer::Timer(char const*)
                0x00000000c00167fa                Timer::Timer(char const*)
                0x00000000c0016830                Timer::~Timer()
                0x00000000c0016830                Timer::~Timer()
                0x00000000c0016854                Timer::~Timer()
                0x00000000c001687e                Timer::read()
                0x00000000c0016889                timerHandler(unsigned long long)
                0x00000000c00169c0                setupTimer(int)
 .text          0x00000000c0016ab2      0x425 hal/vcache.32
                0x00000000c0016ab2                VCache::VCache(PhysicalDisk*)
                0x00000000c0016ab2                VCache::VCache(PhysicalDisk*)
                0x00000000c0016c1a                VCache::invalidateReadBuffer()
                0x00000000c0016c2a                VCache::writeWriteBuffer()
                0x00000000c0016c66                VCache::~VCache()
                0x00000000c0016c66                VCache::~VCache()
                0x00000000c0016cba                VCache::~VCache()
                0x00000000c0016ce2                VCache::write(unsigned long long, int, void*)
                0x00000000c0016dd8                VCache::read(unsigned long long, int, void*)
 *fill*         0x00000000c0016ed7        0x1 
 .text          0x00000000c0016ed8      0x4cd hal/video.32
                0x00000000c0016ed8                Video::putrect(int, int, int, int, unsigned int)
                0x00000000c0016f24                Video::bitblit(int, int, int, int, int, int, int, unsigned int*)
                0x00000000c0016f94                Video::blit(unsigned int*, int, int, int, int)
                0x00000000c0017012                Video::clearScreen(unsigned int)
                0x00000000c0017046                Video::putpixel(int, int, unsigned int)
                0x00000000c0017054                Video::Video(char const*)
                0x00000000c0017054                Video::Video(char const*)
                0x00000000c001708a                Video::~Video()
                0x00000000c001708a                Video::~Video()
                0x00000000c00170ae                Video::~Video()
                0x00000000c00170d8                Video::isMonochrome()
                0x00000000c00170e4                Video::getWidth()
                0x00000000c00170f0                Video::getHeight()
                0x00000000c00170fc                Video::drawCursor(int, int, unsigned char*, int)
                0x00000000c00171b8                Video::tgaParse(unsigned char*, int, int*, int*)
                0x00000000c001733a                Video::putTGA(int, int, unsigned char*, int)
 *fill*         0x00000000c00173a5        0x1 
 .text          0x00000000c00173a6      0xf64 hw/acpi.32
                0x00000000c00173a6                ACPI::close(int, int, void*)
                0x00000000c001745b                findRSDP()
                0x00000000c00174e5                loadACPITables(unsigned char*)
                0x00000000c001770c                findRSDT(unsigned char*)
                0x00000000c001782a                findDataTable(unsigned char*, char*)
                0x00000000c00178c6                scanMADT()
                0x00000000c0017d4c                ACPI::ACPI()
                0x00000000c0017d4c                ACPI::ACPI()
                0x00000000c0017db6                ACPI::getPCIIRQAssignment(unsigned char, unsigned short, unsigned char)
                0x00000000c0017e98                ACPI::registerPCIIRQAssignment(void*, unsigned short, unsigned char, unsigned char)
                0x00000000c0017f5e                ACPI::setScreenBrightnessLevel(void*, int)
                0x00000000c0017f64                ACPI::writeSimpleBootFlag(SimpleBootFlagTable*)
                0x00000000c0017fac                ACPI::open(int, int, void*)
                0x00000000c00182f2                ACPI::sleep()
 .text          0x00000000c001830a     0x1715 hw/cpu.32
                0x00000000c001830a                CPU::close(int, int, void*)
                0x00000000c001830e                CPU::lookupAMDName(unsigned char, unsigned char)
                0x00000000c00184a2                CPU::lookupIntelName(unsigned char, unsigned char)
                0x00000000c0018750                CPU::AMD_K6_write_msr(unsigned int, unsigned int, unsigned int, CPU::REGS*)
                0x00000000c001876c                CPU::AMD_K6_read_msr(unsigned int, CPU::REGS*)
                0x00000000c0018784                CPU::AMD_K6_writeback(int, int, int)
                0x00000000c00187f8                CPU::cpuid(int, unsigned long*, unsigned long*, unsigned long*, unsigned long*)
                0x00000000c001887c                CPU::cpuidCheckEDX(unsigned int)
                0x00000000c00188aa                CPU::cpuidCheckECX(unsigned int)
                0x00000000c00188d8                CPU::cpuidCheckExtendedEBX(unsigned int)
                0x00000000c0018906                CPU::cpuidCheckExtendedECX(unsigned int)
                0x00000000c0018934                CPU::CPU()
                0x00000000c0018934                CPU::CPU()
                0x00000000c00189c2                CPU::displayFeatures()
                0x00000000c0018c3e                CPU::detectFeatures()
                0x00000000c001962e                CPU::setupSMEP()
                0x00000000c001963a                CPU::setupUMIP()
                0x00000000c0019644                CPU::setupTSC()
                0x00000000c001964e                CPU::setupLargePages()
                0x00000000c0019658                CPU::setupPAT()
                0x00000000c0019694                CPU::setupMTRR()
                0x00000000c0019696                CPU::setupGlobalPages()
                0x00000000c00196a0                CPU::allowUsermodeDataAccess()
                0x00000000c00196b2                CPU::prohibitUsermodeDataAccess()
                0x00000000c00196c4                CPU::setupSMAP()
                0x00000000c00196d2                CPU::setupFeatures()
                0x00000000c0019752                CPU::open(int, int, void*)
                0x00000000c0019824                CPU::decodeAddress(regs*, int*, bool*, unsigned char*)
 .text          0x00000000c0019a1f        0x0 hw/ports.32
 .text          0x00000000c0019a1f      0x14a hw/smp.32
                0x00000000c0019a1f                Krnl::startCPU(int)
                0x00000000c0019b68                Krnl::startCPUs()
 *fill*         0x00000000c0019b69        0x1 
 .text          0x00000000c0019b6a      0x5d3 krnl/env.32
                0x00000000c0019b6a                EnvVarContainer::getEnv(char const*)
                0x00000000c0019ba8                EnvVarContainer::setEnv(char const*, char const*)
                0x00000000c0019c74                EnvVarContainer::deleteEnv(char const*)
                0x00000000c0019c76                EnvVarContainer::loadFrom(char const*, char const*)
                0x00000000c0019e6c                EnvVarContainer::__loadSystem()
                0x00000000c0019e86                EnvVarContainer::__loadUser()
                0x00000000c0019e88                EnvVarContainer::EnvVarContainer(Process*)
                0x00000000c0019e88                EnvVarContainer::EnvVarContainer(Process*)
                0x00000000c0019eaa                EnvVarContainer::~EnvVarContainer()
                0x00000000c0019eaa                EnvVarContainer::~EnvVarContainer()
                0x00000000c0019eda                Krnl::getEnv(Process*, char const*)
                0x00000000c0019f3f                Krnl::setEnvSystem(char const*, char const*)
                0x00000000c0019f59                Krnl::setEnvUser(char const*, char const*)
                0x00000000c0019f78                Krnl::setEnvProcess(Process*, char const*, char const*)
                0x00000000c0019f8b                Krnl::deleteEnvSystem(char const*)
                0x00000000c0019f8c                Krnl::deleteEnvUser(char const*)
                0x00000000c0019f8d                Krnl::deleteEnvProcess(Process*, char const*)
                0x00000000c0019f8e                Krnl::newProcessEnv(Process*)
                0x00000000c0019fb0                Krnl::copyProcessEnv(Process*, Process*)
                0x00000000c001a004                Krnl::loadSystemEnv()
                0x00000000c001a032                Krnl::loadUserEnv()
                0x00000000c001a058                Krnl::flushEnv()
                0x00000000c001a059                Krnl::getProcessTotalEnvCount(Process*)
                0x00000000c001a079                Krnl::getProcessEnvPair(Process*, int)
 .text          0x00000000c001a13d      0x396 krnl/panic.32
                0x00000000c001a13d                Krnl::panic(char const*)
 .text          0x00000000c001a4d3      0x3b6 net/ethernet.32
                0x00000000c001a4d3                Net::switchEndian16(unsigned short)
                0x00000000c001a4f4                Net::switchEndian32(unsigned int)
                0x00000000c001a523                Net::crc32Calc(unsigned char*, int)
                0x00000000c001a5b4                Net::wrapEthernetFrame(Net::UnwrappedEthernetFrame, unsigned char*)
                0x00000000c001a6f0                Net::unwrapEthernetFrame(unsigned char*, int)
 .text          0x00000000c001a889      0x513 reg/registry.32
                0x00000000c001a889                Reg::findLineFromLoadedData(char*, char*, char*)
                0x00000000c001a9e1                Reg::getLineFromRegistry(char*, char*, char*, char*)
                0x00000000c001ab36                Reg::getLine(char*, char*, char*)
                0x00000000c001ab6d                Reg::readInt(char*, char*, int*)
                0x00000000c001ac58                Reg::readString(char*, char*, char*, int)
                0x00000000c001acd9                Reg::readBool(char*, char*, bool*)
                0x00000000c001acfe                Reg::readBoolWithDefault(char*, char*, bool)
                0x00000000c001ad2a                Reg::readIntWithDefault(char*, char*, int)
                0x00000000c001ad56                Reg::readStringWithDefault(char*, char*, char*, int, char*)
 .text          0x00000000c001ad9c       0x36 sys/sc_eject.32
                0x00000000c001ad9c                Sys::eject(regs*)
 .text          0x00000000c001add2       0x18 sys/sc_exit.32
                0x00000000c001add2                Sys::exit(regs*)
 .text          0x00000000c001adea       0x1f sys/sc_getcwd.32
                0x00000000c001adea                Sys::getCwd(regs*)
 .text          0x00000000c001ae09        0xc sys/sc_getpid.32
                0x00000000c001ae09                Sys::getPID(regs*)
 .text          0x00000000c001ae15       0xa8 sys/sc_loaddll.32
                0x00000000c001ae15                Sys::loadDLL(regs*)
 .text          0x00000000c001aebd       0x68 sys/sc_read.32
                0x00000000c001aebd                Sys::read(regs*)
 .text          0x00000000c001af25       0x55 sys/sc_sbrk.32
                0x00000000c001af25                Sys::sbrk(regs*)
 .text          0x00000000c001af7a       0x1c sys/sc_setcwd.32
                0x00000000c001af7a                Sys::setCwd(regs*)
 .text          0x00000000c001af96      0x128 sys/sc_settime.32
                0x00000000c001af96                Sys::setTime(regs*)
 .text          0x00000000c001b0be       0x4a sys/sc_timezone.32
                0x00000000c001b0be                Sys::timezone(regs*)
 .text          0x00000000c001b108       0x68 sys/sc_write.32
                0x00000000c001b108                Sys::write(regs*)
 .text          0x00000000c001b170       0x3b sys/sc_yield.32
                0x00000000c001b170                Sys::yield(regs*)
 .text          0x00000000c001b1ab     0x1028 sys/syscalls.32
                0x00000000c001b1ab                sysCallSeekDir(regs*)
                0x00000000c001b1b0                sysCallTellDir(regs*)
                0x00000000c001b1b5                sysCallVerify(regs*)
                0x00000000c001b1bf                sysCallGetArgc(regs*)
                0x00000000c001b1cf                sysFormatDisk(regs*)
                0x00000000c001b239                sysSetDiskVolumeLabel(regs*)
                0x00000000c001b27f                sysGetDiskVolumeLabel(regs*)
                0x00000000c001b2d0                sysShutdown(regs*)
                0x00000000c001b32e                sysCallRealpath(regs*)
                0x00000000c001b371                sysCallReadDir(regs*)
                0x00000000c001b3ff                sysCallIsATTY(regs*)
                0x00000000c001b459                sysCallSeek(regs*)
                0x00000000c001b4c2                sysCallTell(regs*)
                0x00000000c001b53f                sysCallSize(regs*)
                0x00000000c001b5c2                sysCallSizeFromFilename(regs*)
                0x00000000c001b682                sysCallClose(regs*)
                0x00000000c001b70a                sysCallOpenDir(regs*)
                0x00000000c001b77f                sysCallCloseDir(regs*)
                0x00000000c001b7e5                sysCallMakeDir(regs*)
                0x00000000c001b855                sysCallWait(regs*)
                0x00000000c001b86f                sysCallNotImpl(regs*)
                0x00000000c001b88a                sysPanic(regs*)
                0x00000000c001b8b0                sysCallRmdir(regs*)
                0x00000000c001b914                sysCallUnlink(regs*)
                0x00000000c001b978                sysCallGetArgv(regs*)
                0x00000000c001b9c4                sysCallTTYName(regs*)
                0x00000000c001ba47                sysCallUSleep(regs*)
                0x00000000c001ba6e                sysCallSpawn(regs*)
                0x00000000c001bac6                sysCallGetEnv(regs*)
                0x00000000c001bb73                sysAppSettings(regs*)
                0x00000000c001bc92                sysSetFatAttrib(regs*)
                0x00000000c001bd04                sysPipe(regs*)
                0x00000000c001bd49                sysGetUnixTime(regs*)
                0x00000000c001bd5d                string_ends_with(char const*, char const*)
                0x00000000c001bda5                sysCallOpen(regs*)
                0x00000000c001bfba                Sys::loadSyscalls()
                0x00000000c001c191                Sys::systemCall(regs*, void*)
 .text          0x00000000c001c1d3     0x11bf thr/elf.32
                0x00000000c001c1d3                Thr::allocateMemoryForTask(Process*, File*, unsigned long, unsigned long, unsigned long)
                0x00000000c001c450                Thr::loadProgramIntoMemory(Process*, char const*)
                0x00000000c001c666                Thr::runtimeReferenceHelper()
                0x00000000c001c679                Thr::getAddressOfKernelSymbol(char const*)
                0x00000000c001c6c8                Thr::loadKernelSymbolTable(char const*)
                0x00000000c001c986                Thr::loadDriverIntoMemory(char const*, unsigned long, bool)
                0x00000000c001d0a2                Thr::getDriverBaseFromAddress(unsigned long)
                0x00000000c001d0d4                Thr::getDriverNameFromAddress(unsigned long)
                0x00000000c001d10b                Thr::getDriverOffsetFromAddress(unsigned long)
                0x00000000c001d125                Thr::loadDLL(char const*, bool)
                0x00000000c001d359                Thr::executeDLL(unsigned long, void*)
 .text          0x00000000c001d392     0x1056 thr/prcssthr.32
                0x00000000c001d392                changeTSS
                0x00000000c001d3c2                Process::addArgs(char**)
                0x00000000c001d41c                Process::Process(char const*, Process*, char**)
                0x00000000c001d41c                Process::Process(char const*, Process*, char**)
                0x00000000c001d600                Process::Process(bool, char const*, Process*, char**)
                0x00000000c001d600                Process::Process(bool, char const*, Process*, char**)
                0x00000000c001d7af                disableIRQs()
                0x00000000c001d7b7                getIRQNestingLevel()
                0x00000000c001d7bd                enableIRQs()
                0x00000000c001d7cc                lockScheduler()
                0x00000000c001d7ce                unlockScheduler()
                0x00000000c001d7d0                userModeEntryPoint(void*)
                0x00000000c001d7f3                lockStuff()
                0x00000000c001d7ff                taskStartupFunction
                0x00000000c001d808                updateTimeUsed()
                0x00000000c001d86d                switchToThread(ThreadControlBlock*)
                0x00000000c001d8be                Semaphore::Semaphore(int)
                0x00000000c001d8be                Semaphore::Semaphore(int)
                0x00000000c001d8ec                Mutex::Mutex()
                0x00000000c001d8ec                Mutex::Mutex()
                0x00000000c001d8fe                Process::createThread(void (*)(void*), void*, int)
                0x00000000c001d9e2                Process::createUserThread()
                0x00000000c001d9fe                setupMultitasking(void (*)())
                0x00000000c001db08                schedule()
                0x00000000c001db8d                unlockStuff()
                0x00000000c001dbc2                Semaphore::tryAcquire()
                0x00000000c001dbf0                Semaphore::assertLocked(char const*)
                0x00000000c001dc20                blockTaskWithSchedulerLockAlreadyHeld(TaskState)
                0x00000000c001dc62                blockTask(TaskState)
                0x00000000c001dc83                waitTask(int, int*, int)
                0x00000000c001dcc5                nanoSleepUntil(unsigned long long)
                0x00000000c001dd1c                nanoSleep(unsigned long long)
                0x00000000c001dd31                sleep(unsigned long long)
                0x00000000c001dd4e                Semaphore::acquire()
                0x00000000c001ddb6                taskReturned
                0x00000000c001dde4                unblockTask(ThreadControlBlock*)
                0x00000000c001de93                cleanupTerminatedTask(ThreadControlBlock*)
                0x00000000c001e15c                cleanerTaskFunction(void*)
                0x00000000c001e20f                terminateTask(int)
                0x00000000c001e2ef                Thr::terminateFromIRQ(int)
                0x00000000c001e2fc                Semaphore::release()
 .text          0x00000000c001e3e8      0xc26 vm86/vm8086.32
                0x00000000c001e3e8                Vm::inbv(unsigned short)
                0x00000000c001e3fb                Vm::outbv(unsigned short, unsigned char)
                0x00000000c001e44e                Vm::realToLinear(unsigned short, unsigned short)
                0x00000000c001e45e                Vm::getSegment(unsigned int)
                0x00000000c001e466                Vm::getOffset(unsigned int)
                0x00000000c001e46b                Vm::mainloop2()
                0x00000000c001e4a6                Vm::mainVm8086Loop(void*)
                0x00000000c001e4b3                Vm::mainloop3(unsigned long)
                0x00000000c001e4dd                Vm::initialise8086()
                0x00000000c001e520                Vm::finish8086()
                0x00000000c001e565                Vm::getOutput8086(unsigned char*)
                0x00000000c001e58f                Vm::start8086(char const*, unsigned short, unsigned short, unsigned short, unsigned short)
                0x00000000c001e6df                Vm::doISR(regs*, int, unsigned char*, unsigned short, unsigned short)
                0x00000000c001e769                Vm::readByteFromReal(unsigned short, unsigned short)
                0x00000000c001e77a                Vm::readWordFromReal(unsigned short, unsigned short)
                0x00000000c001e78c                Vm::readDwordFromReal(unsigned short, unsigned short)
                0x00000000c001e79d                Vm::writeByteFromReal(unsigned short, unsigned short, unsigned char)
                0x00000000c001e7b2                Vm::writeWordFromReal(unsigned short, unsigned short, unsigned short)
                0x00000000c001e7c8                Vm::writeDwordFromReal(unsigned short, unsigned short, unsigned int)
                0x00000000c001e7dd                Vm::faultHandler(regs*)
 .text          0x00000000c001f00e      0xefd vm86/x87em.32
                0x00000000c001f00e                Vm::fpuInternalTo32(unsigned long long)
                0x00000000c001f069                Vm::fpuInternalTo64(unsigned long long)
                0x00000000c001f072                Vm::fpu32ToInternal(unsigned int)
                0x00000000c001f0b7                Vm::fpu64ToInternal(unsigned long long)
                0x00000000c001f0c0                Vm::fpuFloatToLong(unsigned long long)
                0x00000000c001f11b                Vm::fpuULongToFloat(unsigned long long)
                0x00000000c001f151                Vm::fpuLongToFloat(long long)
                0x00000000c001f1a7                Vm::fpuGet0()
                0x00000000c001f1ac                Vm::fpuGet1()
                0x00000000c001f1b4                Vm::fpuGetPi()
                0x00000000c001f1bc                Vm::fpuGetLog2E()
                0x00000000c001f1d4                Vm::fpuGetLogE2()
                0x00000000c001f1ec                Vm::fpuGetLog210()
                0x00000000c001f204                Vm::fpuGetLog102()
                0x00000000c001f21c                Vm::fpuIsSecondLarger(unsigned long long, unsigned long long)
                0x00000000c001f230                Vm::fpuAreEqual(unsigned long long, unsigned long long)
                0x00000000c001f246                Vm::fpuUnorderedCompare(unsigned long long, unsigned long long)
                0x00000000c001f299                Vm::fpuAdd(unsigned long long, unsigned long long)
                0x00000000c001f2aa                Vm::fpuAbs(unsigned long long)
                0x00000000c001f2b3                Vm::fpuChs(unsigned long long)
                0x00000000c001f2c3                Vm::fpuSub(unsigned long long, unsigned long long)
                0x00000000c001f2d2                Vm::fpuMultiply(unsigned long long, unsigned long long)
                0x00000000c001f2f1                Vm::fpuDivide(unsigned long long, unsigned long long)
                0x00000000c001f30d                Vm::fpuSquare(unsigned long long)
                0x00000000c001f323                Vm::fpuGetReg(int)
                0x00000000c001f366                Vm::fpuSetReg(int, unsigned long long)
                0x00000000c001f3b1                Vm::fpuPush(unsigned long long)
                0x00000000c001f40e                Vm::fpuPop()
                0x00000000c001f460                Vm::x87Handler(regs*)
 *fill*         0x00000000c001ff0b        0x1 
 .text          0x00000000c001ff0c     0x10ed fs/fat/vfslink.32
                0x00000000c001ff0c                FAT::getName()
                0x00000000c001ff12                FAT::tell(void*, unsigned long long*)
                0x00000000c001ff46                FAT::stat(void*, unsigned long long*)
                0x00000000c001ff7a                FAT::~FAT()
                0x00000000c001ff7a                FAT::~FAT()
                0x00000000c001ff9e                FAT::~FAT()
                0x00000000c001ffc6                FAT::getlabel(LogicalDisk*, int, char*, unsigned int*)
                0x00000000c0020064                FAT::setlabel(LogicalDisk*, int, char*)
                0x00000000c002011e                FAT::format(LogicalDisk*, int, char const*, int)
                0x00000000c0020302                FAT::tryMount(LogicalDisk*, int)
                0x00000000c0020508                FAT::readDir(void*, unsigned long, void*, int*)
                0x00000000c002060e                FAT::read(void*, unsigned long, void*, int*)
                0x00000000c0020668                FAT::write(void*, unsigned long, void*, int*)
                0x00000000c00206c2                FAT::close(void*)
                0x00000000c002070e                FAT::closeDir(void*)
                0x00000000c002075a                FAT::seek(void*, unsigned long long)
                0x00000000c00207ae                fatWrapperReadDisk
                0x00000000c00207f5                fatWrapperWriteDisk
                0x00000000c002083c                fatWrapperIoctl
                0x00000000c0020940                FAT::FAT()
                0x00000000c0020940                FAT::FAT()
                0x00000000c0020992                FAT::fixFilepath(char*)
                0x00000000c00209ca                FAT::open(char const*, void**, FileOpenMode)
                0x00000000c0020af2                FAT::openDir(char const*, void**)
                0x00000000c0020b98                FAT::stat(char const*, unsigned long long*, bool*)
                0x00000000c0020c82                FAT::unlink(char const*)
                0x00000000c0020cfc                FAT::chfatattr(char const*, unsigned char, unsigned char)
                0x00000000c0020e50                FAT::rename(char const*, char const*)
                0x00000000c0020f14                FAT::mkdir(char const*)
                0x00000000c0020f8e                FAT::exists(char const*)
 *fill*         0x00000000c0020ff9        0x1 
 .text          0x00000000c0020ffa      0xbc1 fs/iso9660/vfslink.32
                0x00000000c0020ffa                ISO9660::format(LogicalDisk*, int, char const*, int)
                0x00000000c0021000                ISO9660::seek(void*, unsigned long long)
                0x00000000c0021030                ISO9660::tell(void*, unsigned long long*)
                0x00000000c0021054                ISO9660::getName()
                0x00000000c002105a                ISO9660::stat(void*, unsigned long long*)
                0x00000000c002107e                ISO9660::chfatattr(char const*, unsigned char, unsigned char)
                0x00000000c0021084                ISO9660::unlink(char const*)
                0x00000000c002108a                ISO9660::write(void*, unsigned long, void*, int*)
                0x00000000c0021090                ISO9660::rename(char const*, char const*)
                0x00000000c0021096                ISO9660::mkdir(char const*)
                0x00000000c002109c                ISO9660::close(void*)
                0x00000000c00210be                ISO9660::closeDir(void*)
                0x00000000c00210e0                ISO9660::~ISO9660()
                0x00000000c00210e0                ISO9660::~ISO9660()
                0x00000000c0021104                ISO9660::~ISO9660()
                0x00000000c002112b                __memmem(unsigned char*, int, unsigned char*, int)
                0x00000000c002116d                readSectorFromCDROM(unsigned int, unsigned char*, char)
                0x00000000c00211d4                ISO9660::tryMount(LogicalDisk*, int)
                0x00000000c0021224                ISO9660::read(void*, unsigned long, void*, int*)
                0x00000000c0021424                ISO9660::readDir(void*, unsigned long, void*, int*)
                0x00000000c00216b1                readRoot(unsigned int*, unsigned int*, char)
                0x00000000c0021706                readRecursively(char*, unsigned int, unsigned int, unsigned int*, unsigned int*, char, int*)
                0x00000000c00218d9                getFileData(char*, unsigned int*, unsigned int*, char, int*)
                0x00000000c0021968                ISO9660::open(char const*, void**, FileOpenMode)
                0x00000000c0021a28                ISO9660::exists(char const*)
                0x00000000c0021a4c                ISO9660::stat(char const*, unsigned long long*, bool*)
                0x00000000c0021ae0                ISO9660::openDir(char const*, void**)
                0x00000000c0021b98                ISO9660::ISO9660()
                0x00000000c0021b98                ISO9660::ISO9660()
 *fill*         0x00000000c0021bbb        0x1 
 .text          0x00000000c0021bbc      0x326 hal/sound/sndchannel.32
                0x00000000c0021bbc                SoundChannel::~SoundChannel()
                0x00000000c0021bbc                SoundChannel::~SoundChannel()
                0x00000000c0021bd8                SoundChannel::setSpeed(float)
                0x00000000c0021be4                SoundChannel::getSpeed()
                0x00000000c0021bec                SoundChannel::setVolume(int)
                0x00000000c0021c08                SoundChannel::getVolume()
                0x00000000c0021c10                SoundChannel::pause()
                0x00000000c0021c1a                SoundChannel::SoundChannel(int, int, int, int)
                0x00000000c0021c1a                SoundChannel::SoundChannel(int, int, int, int)
                0x00000000c0021d70                SoundChannel::play()
                0x00000000c0021d7a                SoundChannel::paused()
                0x00000000c0021d82                SoundChannel::getSampleRate()
                0x00000000c0021d8a                SoundChannel::getBits()
                0x00000000c0021d92                SoundChannel::getBufferUsed()
                0x00000000c0021d9a                SoundChannel::getBufferSize()
                0x00000000c0021da2                SoundChannel::unbuffer(float*, int, int)
                0x00000000c0021e42                SoundChannel::buffer8(unsigned char*, int)
 .text          0x00000000c0021ee2      0x3d5 hal/sound/sndhw.32
                0x00000000c0021ee2                SoundDevice::SoundDevice(char const*)
                0x00000000c0021ee2                SoundDevice::SoundDevice(char const*)
                0x00000000c0021f4e                SoundDevice::~SoundDevice()
                0x00000000c0021f4e                SoundDevice::~SoundDevice()
                0x00000000c0021fc8                SoundDevice::~SoundDevice()
                0x00000000c0021ff2                SoundDevice::getFreeChannelNum()
                0x00000000c002200c                SoundDevice::addChannel(SoundChannel*)
                0x00000000c002207c                SoundDevice::removeChannel(int)
                0x00000000c00220ae                SoundDevice::floatTo8(float*, unsigned char*, int)
                0x00000000c0022196                SoundDevice::getAudio(int, float*, float*)
 .text          0x00000000c00222b7        0x0 hw/bus/isa.32
 *fill*         0x00000000c00222b7        0x1 
 .text          0x00000000c00222b8      0x6c3 hw/bus/pci.32
                0x00000000c00222b8                PCI::open(int, int, void*)
                0x00000000c00222cc                PCI::close(int, int, void*)
                0x00000000c00222d0                PCI::PCI()
                0x00000000c00222d0                PCI::PCI()
                0x00000000c0022350                PCI::pciReadWord(unsigned char, unsigned char, unsigned char, unsigned char)
                0x00000000c0022398                PCI::getVendorID(unsigned char, unsigned char, unsigned char)
                0x00000000c00223ba                PCI::getHeaderType(unsigned char, unsigned char, unsigned char)
                0x00000000c00223de                PCI::getClassCode(unsigned char, unsigned char, unsigned char)
                0x00000000c0022422                PCI::getProgIF(unsigned char, unsigned char, unsigned char)
                0x00000000c0022446                PCI::getRevisionID(unsigned char, unsigned char, unsigned char)
                0x00000000c0022468                PCI::getInterruptNumber(unsigned char, unsigned char, unsigned char)
                0x00000000c002248a                PCI::getSecondaryBus(unsigned char, unsigned char, unsigned char)
                0x00000000c00224ae                PCI::getBARAddress(unsigned char, unsigned char, unsigned char, unsigned char)
                0x00000000c002250e                PCI::pciWriteWord(unsigned char, unsigned char, unsigned char, unsigned char, unsigned short)
                0x00000000c002257a                PCI::checkBus(unsigned char)
                0x00000000c002259e                PCI::foundDevice(PCIDeviceInfo)
                0x00000000c0022710                PCI::getDeviceData(unsigned char, unsigned char, unsigned char)
                0x00000000c00228bc                PCI::checkDevice(unsigned char, unsigned char)
                0x00000000c0022928                PCI::detect()
 *fill*         0x00000000c002297b        0x1 
 .text          0x00000000c002297c      0xc70 hw/diskctrl/ide.32
                0x00000000c002297c                IDE::close(int, int, void*)
                0x00000000c0022980                IDE::IDE()
                0x00000000c0022980                IDE::IDE()
                0x00000000c00229b4                IDE::prepareInterrupt(unsigned char)
                0x00000000c00229c6                selectDrive(unsigned char, unsigned char)
                0x00000000c00229c8                IDE::getBase(unsigned char)
                0x00000000c00229da                IDE::write(unsigned char, unsigned char, unsigned char)
                0x00000000c0022a9a                IDE::read(unsigned char, unsigned char)
                0x00000000c0022b48                IDE::waitInterrupt(unsigned char)
                0x00000000c0022bae                ideChannel0IRQHandler(regs*, void*)
                0x00000000c0022bca                ideChannel1IRQHandler(regs*, void*)
                0x00000000c0022be6                IDE::enableIRQs(unsigned char, bool)
                0x00000000c0022c2c                IDE::open(int, int, void*)
                0x00000000c002303c                IDE::readBuffer(unsigned char, unsigned char, unsigned int, unsigned int)
                0x00000000c0023108                IDE::detect()
                0x00000000c00233f0                IDE::printError(unsigned char, unsigned char, unsigned char)
                0x00000000c0023586                IDE::polling(unsigned char, unsigned int)
 .text          0x00000000c00235ec      0x390 hw/diskctrl/satabus.32
                0x00000000c00235ec                SATABus::close(int, int, void*)
                0x00000000c00235f0                SATABus::detect()
                0x00000000c00235f2                SATABus::SATABus()
                0x00000000c00235f2                SATABus::SATABus()
                0x00000000c002369e                SATABus::findCmdslot(SATABus::tagHBA_PORT volatile*)
                0x00000000c00236e6                SATABus::checkType(SATABus::tagHBA_PORT volatile*)
                0x00000000c002372e                SATABus::startCmd(SATABus::tagHBA_PORT volatile*)
                0x00000000c002374e                SATABus::stopCmd(SATABus::tagHBA_PORT volatile*)
                0x00000000c0023778                SATABus::portRebase(SATABus::tagHBA_PORT volatile*, int)
                0x00000000c002387e                SATABus::probePort(SATABus::tagHBA_MEM volatile*)
                0x00000000c002395c                SATABus::open(int, int, void*)
 .text          0x00000000c002397c      0x63c hw/diskphys/ata.32
                0x00000000c002397c                ATA::close(int, int, void*)
                0x00000000c00239a0                ATA::powerSaving(PowerSavingLevel)
                0x00000000c00239a2                ATA::ATA()
                0x00000000c00239a2                ATA::ATA()
                0x00000000c00239d0                ATA::flush(bool)
                0x00000000c0023a1a                ATA::readyForCommand()
                0x00000000c0023a6a                ATA::access(unsigned long long, int, void*, bool)
                0x00000000c0023df2                ATA::read(unsigned long long, int, void*)
                0x00000000c0023e5a                ATA::write(unsigned long long, int, void*)
                0x00000000c0023ec2                ATA::detectCHS()
                0x00000000c0023eec                ATA::open(int, int, void*)
 .text          0x00000000c0023fb8      0x5bd hw/diskphys/atapi.32
                0x00000000c0023fb8                ATAPI::write(unsigned long long, int, void*)
                0x00000000c0023fbe                ATAPI::close(int, int, void*)
                0x00000000c0023fe2                ATAPI::ATAPI()
                0x00000000c0023fe2                ATAPI::ATAPI()
                0x00000000c0024010                ATAPI::readyForCommand()
                0x00000000c0024060                ATAPI::sendPacket(unsigned char*, int, bool, unsigned short*, int)
                0x00000000c0024320                ATAPI::diskRemoved()
                0x00000000c002433c                ATAPI::eject()
                0x00000000c0024384                ATAPI::diskInserted()
                0x00000000c00243b2                ATAPI::detectMedia()
                0x00000000c002446e                ATAPI::open(int, int, void*)
                0x00000000c00244f6                ATAPI::read(unsigned long long, int, void*)
 *fill*         0x00000000c0024575        0x1 
 .text          0x00000000c0024576      0x455 hw/diskphys/sata.32
                0x00000000c0024576                SATA::close(int, int, void*)
                0x00000000c002459a                SATA::powerSaving(PowerSavingLevel)
                0x00000000c002459c                SATA::open(int, int, void*)
                0x00000000c002464a                SATA::SATA()
                0x00000000c002464a                SATA::SATA()
                0x00000000c0024678                SATA::access(unsigned long long, int, void*, bool)
                0x00000000c00248de                SATA::read(unsigned long long, int, void*)
                0x00000000c0024946                SATA::write(unsigned long long, int, void*)
 *fill*         0x00000000c00249cb        0x1 
 .text          0x00000000c00249cc      0x500 hw/diskphys/satapi.32
                0x00000000c00249cc                SATAPI::write(unsigned long long, int, void*)
                0x00000000c00249d2                SATAPI::close(int, int, void*)
                0x00000000c00249f6                SATAPI::SATAPI()
                0x00000000c00249f6                SATAPI::SATAPI()
                0x00000000c0024a24                SATAPI::diskRemoved()
                0x00000000c0024a40                SATAPI::diskInserted()
                0x00000000c0024a6e                SATAPI::sendPacket(unsigned char*, int, unsigned long long, unsigned short*, int)
                0x00000000c0024c72                SATAPI::eject()
                0x00000000c0024cba                SATAPI::detectMedia()
                0x00000000c0024d7c                SATAPI::open(int, int, void*)
                0x00000000c0024e2a                SATAPI::read(unsigned long long, int, void*)
 .text          0x00000000c0024ecc       0x8e hw/fpu/avx.32
                0x00000000c0024ecc                AVX::open(int, int, void*)
                0x00000000c0024ede                AVX::close(int, int, void*)
                0x00000000c0024ef0                AVX::available()
                0x00000000c0024f02                AVX::save(void*)
                0x00000000c0024f1a                AVX::load(void*)
                0x00000000c0024f32                AVX::AVX()
                0x00000000c0024f32                AVX::AVX()
 .text          0x00000000c0024f5a       0x90 hw/fpu/mmx.32
                0x00000000c0024f5a                MMX::available()
                0x00000000c0024f6e                MMX::open(int, int, void*)
                0x00000000c0024f80                MMX::close(int, int, void*)
                0x00000000c0024f92                MMX::save(void*)
                0x00000000c0024faa                MMX::load(void*)
                0x00000000c0024fc2                MMX::MMX()
                0x00000000c0024fc2                MMX::MMX()
 .text          0x00000000c0024fea       0x96 hw/fpu/sse.32
                0x00000000c0024fea                SSE::open(int, int, void*)
                0x00000000c0024ffc                SSE::close(int, int, void*)
                0x00000000c002500e                SSE::available()
                0x00000000c0025028                SSE::save(void*)
                0x00000000c0025040                SSE::load(void*)
                0x00000000c0025058                SSE::SSE()
                0x00000000c0025058                SSE::SSE()
 .text          0x00000000c0025080       0x8e hw/fpu/x87.32
                0x00000000c0025080                x87::open(int, int, void*)
                0x00000000c0025092                x87::close(int, int, void*)
                0x00000000c00250a4                x87::available()
                0x00000000c00250b6                x87::save(void*)
                0x00000000c00250ce                x87::load(void*)
                0x00000000c00250e6                x87::x87()
                0x00000000c00250e6                x87::x87()
 .text          0x00000000c002510e      0x71e hw/intctrl/apic.32
                0x00000000c002510e                APIC::disable()
                0x00000000c0025110                APIC::close(int, int, void*)
                0x00000000c0025132                IOAPIC::close(int, int, void*)
                0x00000000c0025138                APIC::io_wait()
                0x00000000c002513e                APIC::getBase()
                0x00000000c0025180                APIC::eoi(unsigned char)
                0x00000000c00251ae                APIC::open(int, int, void*)
                0x00000000c00252fc                IOAPIC::IOAPIC()
                0x00000000c00252fc                IOAPIC::IOAPIC()
                0x00000000c0025324                APIC::APIC()
                0x00000000c0025324                APIC::APIC()
                0x00000000c0025400                IOAPIC::handlesGSIWithNumber(unsigned int)
                0x00000000c0025432                IOAPIC::read(int)
                0x00000000c002545a                IOAPIC::open(int, int, void*)
                0x00000000c0025550                IOAPIC::write(int, int)
                0x00000000c002557c                IOAPIC::redirect(unsigned char, unsigned long long, unsigned char, bool, bool)
                0x00000000c0025676                APIC::installIRQHandler(int, void (*)(regs*, void*), bool, void*)
 .text          0x00000000c002582c      0x3d3 hw/intctrl/pic.32
                0x00000000c002582c                PIC::disable()
                0x00000000c002585a                PIC::close(int, int, void*)
                0x00000000c002587c                PIC::PIC()
                0x00000000c002587c                PIC::PIC()
                0x00000000c0025952                PIC::ioWait()
                0x00000000c0025958                PIC::getIRQReg(int)
                0x00000000c00259c2                PIC::eoi(unsigned char)
                0x00000000c0025a54                PIC::remap()
                0x00000000c0025bc0                PIC::open(int, int, void*)
 *fill*         0x00000000c0025bff        0x1 
 .text          0x00000000c0025c00      0x25e hw/timer/apictimer.32
                0x00000000c0025c00                APICTimer::close(int, int, void*)
                0x00000000c0025c06                apicTimerHandler(regs*, void*)
                0x00000000c0025c34                APICTimer::write(int)
                0x00000000c0025d38                APICTimer::open(int, int, void*)
                0x00000000c0025e36                APICTimer::APICTimer()
                0x00000000c0025e36                APICTimer::APICTimer()
 .text          0x00000000c0025e5e      0x1a7 hw/timer/pit.32
                0x00000000c0025e5e                PIT::write(int)
                0x00000000c0025edc                pitHandler(regs*, void*)
                0x00000000c0025f08                PIT::open(int, int, void*)
                0x00000000c0025f56                PIT::close(int, int, void*)
                0x00000000c0025f86                PIT::PIT()
                0x00000000c0025f86                PIT::PIT()
 *fill*         0x00000000c0026005        0xb 
 .text          0x00000000c0026010       0x1e hw/fpu/x86/avx.32
                0x00000000c0026010                avxDetect
                0x00000000c0026016                avxSave
                0x00000000c0026017                avxLoad
                0x00000000c0026018                avxInit
                0x00000000c0026019                avxClose
                0x00000000c002601a                wouldSheSayYes
 *fill*         0x00000000c002602e        0x2 
 .text          0x00000000c0026030       0x35 hw/fpu/x86/sse.32
                0x00000000c0026030                absolutelyNoChanceInHell
                0x00000000c0026030                sseDetect
                0x00000000c0026048                sseSave
                0x00000000c002604e                sseLoad
                0x00000000c0026054                sseInit
                0x00000000c0026064                sseClose
 *fill*         0x00000000c0026065        0xb 
 .text          0x00000000c0026070       0x47 hw/fpu/x86/x87.32
                0x00000000c0026076                x87Detect
                0x00000000c0026091                x87Save
                0x00000000c0026097                x87Load
                0x00000000c002609c                x87Init
                0x00000000c00260b6                x87Close
 *fill*         0x00000000c00260b7        0x1 
 .text          0x00000000c00260b8       0x25 /cygdrive/d/Users/Alex/Desktop/Toolchain/Output/bin/../lib/gcc/i386-banana/8.1.0/crtend.o
 .text          0x00000000c00260dd        0x0 crtn.32
 *fill*         0x00000000c00260dd        0x3 
 .text          0x00000000c00260e0      0x14b /cygdrive/d/Users/Alex/Desktop/Toolchain/Output/bin/../lib/gcc/i386-banana/8.1.0/libkgcc.a(_divdi3.o)
                0x00000000c00260e0                __divdi3
 *fill*         0x00000000c002622b        0x1 
 .text          0x00000000c002622c      0x17e /cygdrive/d/Users/Alex/Desktop/Toolchain/Output/bin/../lib/gcc/i386-banana/8.1.0/libkgcc.a(_moddi3.o)
                0x00000000c002622c                __moddi3
 *fill*         0x00000000c00263aa        0x2 
 .text          0x00000000c00263ac       0xff /cygdrive/d/Users/Alex/Desktop/Toolchain/Output/bin/../lib/gcc/i386-banana/8.1.0/libkgcc.a(_udivdi3.o)
                0x00000000c00263ac                __udivdi3
 *fill*         0x00000000c00264ab        0x1 
 .text          0x00000000c00264ac      0x11a /cygdrive/d/Users/Alex/Desktop/Toolchain/Output/bin/../lib/gcc/i386-banana/8.1.0/libkgcc.a(_umoddi3.o)
                0x00000000c00264ac                __umoddi3
 .text          0x00000000c00265c6      0x96d D:/Users/Alex/Desktop/Banana/kernel/libsoftfp.a(sfieeelib.o)
                0x00000000c00265c6                __addsf3
                0x00000000c00268c8                __subsf3
                0x00000000c00268dc                __negsf2
                0x00000000c00268e9                __mulsf3
                0x00000000c0026aac                __divsf3
                0x00000000c0026cd7                __floatsisf
                0x00000000c0026d4b                __floatunsisf
                0x00000000c0026d8d                __fixsfsi
                0x00000000c0026def                __fixunssfsi
                0x00000000c0026e20                __cmpsf2
                0x00000000c0026eb5                __eqsf2
                0x00000000c0026ef0                __nesf2
                0x00000000c0026ef2                __gtsf2
                0x00000000c0026f2d                __gesf2
                0x00000000c0026f2f                __ltsf2
                0x00000000c0026f31                __lesf2
 .text          0x00000000c0026f33      0xf50 D:/Users/Alex/Desktop/Banana/kernel/libsoftfp.a(dfieeelib.o)
                0x00000000c0026f33                __adddf3
                0x00000000c0027584                __subdf3
                0x00000000c002759f                __negdf2
                0x00000000c00275b0                __muldf3
                0x00000000c0027894                __divdf3
                0x00000000c0027c13                __floatsidf
                0x00000000c0027c6e                __floatunsidf
                0x00000000c0027cac                __fixdfsi
                0x00000000c0027d19                __fixunsdfsi