Archive member included to satisfy reference by file (symbol)

/cygdrive/d/Users/Alex/Desktop/Toolchain/Output/bin/../lib/gcc/i386-banana/8.1.0/libkgcc.a(_divdi3.o)
                              fs/fat/ff.32 (__divdi3)
/cygdrive/d/Users/Alex/Desktop/Toolchain/Output/bin/../lib/gcc/i386-banana/8.1.0/libkgcc.a(_moddi3.o)
                              compat/resolve.32 (__moddi3)
/cygdrive/d/Users/Alex/Desktop/Toolchain/Output/bin/../lib/gcc/i386-banana/8.1.0/libkgcc.a(_udivdi3.o)
                              fs/fat/ff.32 (__udivdi3)
/cygdrive/d/Users/Alex/Desktop/Toolchain/Output/bin/../lib/gcc/i386-banana/8.1.0/libkgcc.a(_umoddi3.o)
                              compat/resolve.32 (__umoddi3)
D:/Users/Alex/Desktop/Banana/kernel/libsoftfp.a(sfieeelib.o)
                              hal/sound/sndhw.32 (__addsf3)
D:/Users/Alex/Desktop/Banana/kernel/libsoftfp.a(dfieeelib.o)
                              hal/libresample/src_linear.32 (__adddf3)
D:/Users/Alex/Desktop/Banana/kernel/libsoftfp.a(sfdfcvt.o)
                              hal/libresample/samplerate.32 (__truncdfsf2)
D:/Users/Alex/Desktop/Banana/kernel/libk/libm32.a(s_fabs.c.o)
                              hal/libresample/samplerate.32 (fabs)
D:/Users/Alex/Desktop/Banana/kernel/libk/libm32.a(s_lrint.S.o)
                              hal/libresample/samplerate.32 (lrint)
D:/Users/Alex/Desktop/Banana/kernel/libk/libm32.a(s_lrintf.S.o)
                              hal/sound/sndhw.32 (lrintf)

Discarded input sections

 .comment       0x0000000000000000       0x12 /cygdrive/d/Users/Alex/Desktop/Toolchain/Output/bin/../lib/gcc/i386-banana/8.1.0/crtbegin.o
 .comment       0x0000000000000000       0x12 acpica/utclib.32
 .comment       0x0000000000000000       0x12 core/malloc.32
 .comment       0x0000000000000000       0x12 libk/string.32
 .comment       0x0000000000000000       0x12 fs/fat/diskio.32
 .comment       0x0000000000000000       0x12 fs/fat/ff.32
 .comment       0x0000000000000000       0x12 fs/fat/ffsystem.32
 .comment       0x0000000000000000       0x12 fs/fat/ffunicode.32
 .comment       0x0000000000000000       0x12 hal/libresample/samplerate.32
 .comment       0x0000000000000000       0x12 hal/libresample/src_linear.32
 .comment       0x0000000000000000       0x12 hal/libresample/src_sinc.32
 .comment       0x0000000000000000       0x12 hal/libresample/src_zoh.32
 .comment       0x0000000000000000       0x12 compat/inlines.32
 .comment       0x0000000000000000       0x12 compat/resolve.32
 .group         0x0000000000000000       0x14 core/computer.32
 .group         0x0000000000000000        0xc core/computer.32
 .comment       0x0000000000000000       0x12 core/computer.32
 .comment       0x0000000000000000       0x12 core/gdt.32
 .group         0x0000000000000000        0xc core/idle.32
 .comment       0x0000000000000000       0x12 core/idle.32
 .comment       0x0000000000000000       0x12 core/idt.32
 .comment       0x0000000000000000       0x12 core/kheap.32
 .comment       0x0000000000000000       0x12 core/main.32
 .comment       0x0000000000000000       0x12 core/physmgr.32
 .group         0x0000000000000000        0xc core/pipe.32
 .comment       0x0000000000000000       0x12 core/pipe.32
 .group         0x0000000000000000        0xc core/terminal.32
 .comment       0x0000000000000000       0x12 core/terminal.32
 .comment       0x0000000000000000       0x12 core/tss.32
 .group         0x0000000000000000        0x8 core/unixfile.32
 .group         0x0000000000000000        0xc core/unixfile.32
 .group         0x0000000000000000        0xc core/unixfile.32
 .group         0x0000000000000000        0x8 core/unixfile.32
 .group         0x0000000000000000        0xc core/unixfile.32
 .group         0x0000000000000000        0x8 core/unixfile.32
 .group         0x0000000000000000        0xc core/unixfile.32
 .group         0x0000000000000000        0xc core/unixfile.32
 .comment       0x0000000000000000       0x12 core/unixfile.32
 .comment       0x0000000000000000       0x12 core/virtmgr.32
 .comment       0x0000000000000000       0x12 coreobjs/c++.32
 .comment       0x0000000000000000       0x12 dbg/kconsole.32
 .group         0x0000000000000000        0xc fs/vfs.32
 .group         0x0000000000000000        0xc fs/vfs.32
 .group         0x0000000000000000        0xc fs/vfs.32
 .comment       0x0000000000000000       0x12 fs/vfs.32
 .group         0x0000000000000000        0xc hal/bus.32
 .comment       0x0000000000000000       0x12 hal/bus.32
 .group         0x0000000000000000        0xc hal/buzzer.32
 .comment       0x0000000000000000       0x12 hal/buzzer.32
 .group         0x0000000000000000        0xc hal/clock.32
 .comment       0x0000000000000000       0x12 hal/clock.32
 .group         0x0000000000000000       0x14 hal/device.32
 .group         0x0000000000000000        0xc hal/device.32
 .group         0x0000000000000000        0xc hal/device.32
 .group         0x0000000000000000        0xc hal/device.32
[...]
Memory Configuration

Name             Origin             Length             Attributes
*default*        0x0000000000000000 0xffffffffffffffff

Linker script and memory map

LOAD D:/Users/Alex/Desktop/Banana/kernel/boot.32
LOAD crti.32
LOAD /cygdrive/d/Users/Alex/Desktop/Toolchain/Output/bin/../lib/gcc/i386-banana/8.1.0/crtbegin.o
LOAD D:/Users/Alex/Desktop/Banana/kernel/morenasm.32
LOAD acpica/utclib.32
LOAD core/malloc.32
LOAD libk/string.32
LOAD fs/fat/diskio.32
LOAD fs/fat/ff.32
LOAD fs/fat/ffsystem.32
LOAD fs/fat/ffunicode.32
LOAD hal/libresample/samplerate.32
LOAD hal/libresample/src_linear.32
LOAD hal/libresample/src_sinc.32
LOAD hal/libresample/src_zoh.32
LOAD compat/inlines.32
LOAD compat/resolve.32
LOAD core/computer.32
LOAD core/gdt.32
LOAD core/idle.32
LOAD core/idt.32
LOAD core/kheap.32
LOAD core/main.32
LOAD core/physmgr.32
LOAD core/pipe.32
LOAD core/terminal.32
LOAD core/tss.32
LOAD core/unixfile.32
LOAD core/virtmgr.32
LOAD coreobjs/c++.32
LOAD dbg/kconsole.32
LOAD fs/vfs.32
LOAD hal/bus.32
LOAD hal/buzzer.32
LOAD hal/clock.32
LOAD hal/device.32
LOAD hal/diskctrl.32
LOAD hal/diskphys.32
LOAD hal/fpu.32
LOAD hal/intctrl.32
LOAD hal/keybrd.32
LOAD hal/logidisk.32
LOAD hal/mouse.32
LOAD hal/partition.32
LOAD hal/serial.32
LOAD hal/timer.32
LOAD hal/vcache.32
LOAD hal/video.32
LOAD hw/acpi.32
LOAD hw/cpu.32
LOAD hw/ports.32
LOAD hw/smp.32
LOAD krnl/env.32
LOAD krnl/panic.32
LOAD net/ethernet.32
LOAD reg/registry.32
LOAD sys/sc_eject.32
LOAD sys/sc_exit.32
LOAD sys/sc_getcwd.32
LOAD sys/sc_getpid.32
LOAD sys/sc_getramdata.32
LOAD sys/sc_getvgaptr.32
LOAD sys/sc_loaddll.32
LOAD sys/sc_read.32
LOAD sys/sc_sbrk.32
LOAD sys/sc_setcwd.32
LOAD sys/sc_settime.32
LOAD sys/sc_timezone.32
LOAD sys/sc_write.32
LOAD sys/sc_wsbe.32
LOAD sys/sc_yield.32
LOAD sys/syscalls.32
LOAD thr/elf.32
LOAD thr/prcssthr.32
LOAD vm86/vm8086.32
LOAD vm86/x87em.32
LOAD fs/fat/vfslink.32
LOAD fs/iso9660/vfslink.32
LOAD hal/sound/sndchannel.32
LOAD hal/sound/sndhw.32
LOAD hw/bus/isa.32
LOAD hw/bus/pci.32
LOAD hw/diskctrl/ide.32
LOAD hw/diskctrl/satabus.32
LOAD hw/diskphys/ata.32
LOAD hw/diskphys/atapi.32
LOAD hw/diskphys/sata.32
LOAD hw/diskphys/satapi.32
LOAD hw/fpu/avx.32
LOAD hw/fpu/mmx.32
LOAD hw/fpu/sse.32
LOAD hw/fpu/x87.32
LOAD hw/intctrl/apic.32
LOAD hw/intctrl/pic.32
LOAD hw/timer/apictimer.32
LOAD hw/timer/pit.32
LOAD hw/fpu/x86/avx.32
LOAD hw/fpu/x86/sse.32
LOAD hw/fpu/x86/x87.32
LOAD /cygdrive/d/Users/Alex/Desktop/Toolchain/Output/bin/../lib/gcc/i386-banana/8.1.0/crtend.o
LOAD crtn.32
LOAD /cygdrive/d/Users/Alex/Desktop/Toolchain/Output/bin/../lib/gcc/i386-banana/8.1.0/libkgcc.a
LOAD D:/Users/Alex/Desktop/Banana/kernel/libsoftfp.a
LOAD D:/Users/Alex/Desktop/Banana/kernel/libk/libm32.a
                0x00000000c0000000                . = 0xc0000000

.text           0x00000000c0000000    0x28e48
 *(.text)
 .text          0x00000000c0000000       0x41 D:/Users/Alex/Desktop/Banana/kernel/boot.32
                0x00000000c0000020                callGlobalConstructors
 .text          0x00000000c0000041        0x0 crti.32
 *fill*         0x00000000c0000041        0x3 
 .text          0x00000000c0000044      0x101 /cygdrive/d/Users/Alex/Desktop/Toolchain/Output/bin/../lib/gcc/i386-banana/8.1.0/crtbegin.o
 *fill*         0x00000000c0000145        0xb 
 .text          0x00000000c0000150      0x512 D:/Users/Alex/Desktop/Banana/kernel/morenasm.32
                0x00000000c0000150                manualPCIProbe
                0x00000000c000019b                prepareTramp
                0x00000000c00001b4                voodooXADD
                0x00000000c000027f                doTPAUSE
                0x00000000c0000289                hasLegacyFPU
                0x00000000c00002ae                is486
                0x00000000c00002e4                detectCPUID
                0x00000000c00002fa                goToVM86
                0x00000000c000032a                goToUsermode
                0x00000000c0000354                switchToThreadASMFirstTime
                0x00000000c0000362                switchToThreadASM
                0x00000000c00003f2                asmQuickAcquireLock
                0x00000000c0000410                asmQuickReleaseLock
                0x00000000c000041c                asmAcquireLock
                0x00000000c000043d                asmReleaseLock
                0x00000000c0000450                loadGDT
                0x00000000c0000470                isr0
                0x00000000c0000480                isr1
                0x00000000c000048a                isr2
                0x00000000c0000494                isr3
                0x00000000c000049e                isr4
                0x00000000c00004a8                isr5
                0x00000000c00004b2                isr6
                0x00000000c00004bc                isr7
                0x00000000c00004c6                isr8
                0x00000000c00004ce                isr9
                0x00000000c00004d8                isr10
                0x00000000c00004e0                isr11
                0x00000000c00004e8                isr12
                0x00000000c00004f0                isr13
                0x00000000c00004f8                isr14
                0x00000000c0000500                isr15
                0x00000000c000050a                isr16
                0x00000000c0000514                isr17
                0x00000000c000051e                isr18
                0x00000000c0000528                irq3
                0x00000000c0000532                irq4
                0x00000000c000053c                irq5
                0x00000000c0000546                irq6
                0x00000000c0000550                irq7
                0x00000000c000055a                irq8
                0x00000000c0000564                irq9
                0x00000000c000056e                irq10
                0x00000000c0000578                irq11
                0x00000000c0000582                irq12
                0x00000000c000058c                irq13
                0x00000000c0000596                irq14
                0x00000000c00005a0                irq15
                0x00000000c00005aa                irq1
                0x00000000c00005b1                irq2
                0x00000000c00005b8                isr96
                0x00000000c00005bf                irq0
                0x00000000c00005c4                int_common_stub
                0x00000000c00005c4                syscall_common_stub
                0x00000000c00005f5                irq16
                0x00000000c00005ff                irq17
                0x00000000c0000609                irq18
                0x00000000c0000613                irq19
                0x00000000c000061d                irq20
                0x00000000c0000627                irq21
                0x00000000c0000631                irq22
                0x00000000c000063b                irq23
                0x00000000c0000645                hexStrToInt
 *fill*         0x00000000c0000662        0x2 
 .text          0x00000000c0000664      0x5fd acpica/utclib.32
                0x00000000c0000664                memcmp
                0x00000000c00006a0                memmove
                0x00000000c0000768                memcpy
                0x00000000c0000788                memset
                0x00000000c00007a4                strlen
                0x00000000c00007bc                strpbrk
                0x00000000c00007f8                strtok
                0x00000000c0000844                strcpy
                0x00000000c0000868                strncpy
                0x00000000c00008d0                strcmp
                0x00000000c0000910                strchr
                0x00000000c0000934                strncmp
                0x00000000c0000984                strcat
                0x00000000c00009b4                strncat
                0x00000000c00009f0                strstr
                0x00000000c0000a38                toupper
                0x00000000c0000a4c                tolower
                0x00000000c0000a60                simple_strtoul
 .text          0x00000000c0000c61      0xfbf core/malloc.32
                0x00000000c0000dcc                dlfree
                0x00000000c0001127                dlmalloc
                0x00000000c0001664                dlrealloc
                0x00000000c0001819                dlmemalign
                0x00000000c000193c                dlcalloc
                0x00000000c00019d6                dlcfree
                0x00000000c00019db                dlindependent_calloc
                0x00000000c0001a00                dlindependent_comalloc
                0x00000000c0001a17                dlvalloc
                0x00000000c0001a42                dlpvalloc
                0x00000000c0001a78                dlmalloc_trim
                0x00000000c0001a85                dlmalloc_usable_size
                0x00000000c0001ab6                dlmallinfo
                0x00000000c0001b85                dlmalloc_stats
                0x00000000c0001b96                dlmallopt
 .text          0x00000000c0001c20        0x0 libk/string.32
 .text          0x00000000c0001c20       0x51 fs/fat/diskio.32
                0x00000000c0001c20                disk_status
                0x00000000c0001c23                disk_initialize
                0x00000000c0001c26                disk_read
                0x00000000c0001c3c                disk_write
                0x00000000c0001c52                disk_ioctl
 .text          0x00000000c0001c71     0x6833 fs/fat/ff.32
                0x00000000c0004f3f                f_mount
                0x00000000c0004fa1                f_open
                0x00000000c00053dd                f_read
                0x00000000c000565d                f_write
                0x00000000c0005917                f_sync
                0x00000000c0005af3                f_close
                0x00000000c0005b22                f_lseek
                0x00000000c0005fd9                f_opendir
                0x00000000c00060db                f_closedir
                0x00000000c00060fd                f_readdir
                0x00000000c0006198                f_stat
                0x00000000c0006227                f_getfree
                0x00000000c00063f2                f_truncate
                0x00000000c00064ea                f_unlink
                0x00000000c000666d                f_mkdir
                0x00000000c0006899                f_rename
                0x00000000c0006b8c                f_chmod
                0x00000000c0006c6a                f_utime
                0x00000000c0006d48                f_getlabel
                0x00000000c0006f36                f_setlabel
                0x00000000c00071a3                f_forward
                0x00000000c0007381                f_mkfs
 .text          0x00000000c00084a4       0x2d fs/fat/ffsystem.32
                0x00000000c00084a4                ff_memalloc
                0x00000000c00084ba                ff_memfree
 .text          0x00000000c00084d1      0x253 fs/fat/ffunicode.32
                0x00000000c00084d1                ff_uni2oem
                0x00000000c0008561                ff_oem2uni
                0x00000000c00085cd                ff_wtoupper
 .text          0x00000000c0008724      0x8fb hal/libresample/samplerate.32
                0x00000000c0008768                src_delete
                0x00000000c00087a4                src_process
                0x00000000c000895a                src_callback_read
                0x00000000c0008ad7                src_set_ratio
                0x00000000c0008b41                src_get_channels
                0x00000000c0008b63                src_reset
                0x00000000c0008baf                src_new
                0x00000000c0008c3d                src_callback_new
                0x00000000c0008c9f                src_get_name
                0x00000000c0008cd6                src_get_description
                0x00000000c0008d0d                src_get_version
                0x00000000c0008d13                src_is_valid_ratio
                0x00000000c0008d67                src_error
                0x00000000c0008d75                src_strerror
                0x00000000c0008d88                src_simple
                0x00000000c0008ddb                src_short_to_float_array
                0x00000000c0008e40                src_float_to_short_array
                0x00000000c0008eff                src_int_to_float_array
                0x00000000c0008f62                src_float_to_int_array
 .text          0x00000000c000901f      0x8cb hal/libresample/src_linear.32
                0x00000000c0009845                linear_get_name
                0x00000000c0009854                linear_get_description
                0x00000000c0009863                linear_set_converter
 .text          0x00000000c00098ea     0x447c hal/libresample/src_sinc.32
                0x00000000c000dc7d                sinc_get_name
                0x00000000c000dc90                sinc_get_description
                0x00000000c000dca3                sinc_set_converter
 .text          0x00000000c000dd66      0x77c hal/libresample/src_zoh.32
                0x00000000c000e43d                zoh_get_name
                0x00000000c000e44c                zoh_get_description
                0x00000000c000e45b                zoh_set_converter
 .text          0x00000000c000e4e2       0xed compat/inlines.32
                0x00000000c000e4e2                CPU::current()
                0x00000000c000e4ef                operator new(unsigned long)
                0x00000000c000e505                operator delete(void*)
                0x00000000c000e51c                disableIRQs()
                0x00000000c000e52a                enableIRQs()
                0x00000000c000e541                lockScheduler()
                0x00000000c000e54f                unlockScheduler()
                0x00000000c000e566                lockStuff()
                0x00000000c000e57f                unlockStuff()
                0x00000000c000e5c8                Virt::getAKernelVAS()
 .text          0x00000000c000e5cf      0x111 compat/resolve.32
                0x00000000c000e5cf                Krnl::resolveCompatibilitySymbol(char*)
 .text          0x00000000c000e6e0      0xa17 core/computer.32
                0x00000000c000e6e0                Computer::close(int, int, void*)
                0x00000000c000e724                Krnl::firstTask()
                0x00000000c000e814                Computer::Computer()
                0x00000000c000e814                Computer::Computer()
                0x00000000c000e970                Computer::setBootMessage(char const*)
                0x00000000c000e972                Computer::detectFeatures()
                0x00000000c000eb7c                Computer::displayFeatures()
                0x00000000c000eec2                Computer::rdmsr(unsigned int)
                0x00000000c000eeee                Computer::wrmsr(unsigned int, unsigned long long)
                0x00000000c000ef26                Computer::nmiEnabled()
                0x00000000c000ef32                Computer::readCMOS(unsigned char)
                0x00000000c000ef4c                Computer::enableNMI(bool)
                0x00000000c000ef64                Computer::open(int, int, void*)
                0x00000000c000f03a                Computer::disableNMI()
                0x00000000c000f048                Computer::writeCMOS(unsigned char, unsigned char)
                0x00000000c000f066                Computer::handleNMI()
                0x00000000c000f0cc                Computer::setDiskActivityLight(int, bool)
 *fill*         0x00000000c000f0f7        0x1 
 .text          0x00000000c000f0f8      0x1b7 core/gdt.32
                0x00000000c000f0f8                GDTEntry::setBase(unsigned int)
                0x00000000c000f114                GDTEntry::setLimit(unsigned int)
                0x00000000c000f132                GDT::GDT()
                0x00000000c000f132                GDT::GDT()
                0x00000000c000f148                GDT::addEntry(GDTEntry)
                0x00000000c000f184                GDT::getNumberOfEntries()
                0x00000000c000f18c                GDT::flush()
                0x00000000c000f1ae                GDT::setup()
 .text          0x00000000c000f2af       0x6b core/idle.32
                0x00000000c000f2af                idleFunction(void*)
 .text          0x00000000c000f31a      0x45e core/idt.32
                0x00000000c000f31a                IDTEntry::IDTEntry(bool)
                0x00000000c000f31a                IDTEntry::IDTEntry(bool)
                0x00000000c000f388                IDTEntry::setOffset(unsigned int)
                0x00000000c000f39c                IDT::IDT()
                0x00000000c000f39c                IDT::IDT()
                0x00000000c000f39e                IDT::getPointerToInvalidOpcodeEntryForF00F()
                0x00000000c000f3a6                IDT::addEntry(IDTEntry, int)
                0x00000000c000f3c0                IDT::addEntry(int, void (*)(), bool)
                0x00000000c000f3f8                IDT::flush()
                0x00000000c000f412                IDT::setup()
 .text          0x00000000c000f778      0x1fe core/kheap.32
                0x00000000c000f778                sbrk
                0x00000000c000f885                mmap
                0x00000000c000f89b                munmap
                0x00000000c000f8b1                liballoc_lock()
                0x00000000c000f8be                liballoc_unlock()
                0x00000000c000f8d2                liballoc_alloc(int)
                0x00000000c000f8ed                liballoc_free(void*, int)
                0x00000000c000f908                realloc
                0x00000000c000f91c                malloc
                0x00000000c000f92c                free
                0x00000000c000f93c                rfree
                0x00000000c000f94c                calloc
 .text          0x00000000c000f976      0x44f core/main.32
                0x00000000c000f976                hwTextMode_loadInData(VgaText*)
                0x00000000c000f9bb                hwTextMode_loadInTitle(VgaText*, char*)
                0x00000000c000fa27                hwTextMode_showCursor(VgaText*, bool)
                0x00000000c000fa82                hwTextMode_update(VgaText*)
                0x00000000c000fa83                hwTextMode_updateCursor(VgaText*)
                0x00000000c000facb                hwTextMode_disableBlink(VgaText*, bool)
                0x00000000c000fb11                hwTextMode_scrollScreen(VgaText*)
                0x00000000c000fbb2                hwTextMode_writeCharacter(VgaText*, char, VgaColour, VgaColour, int, int)
                0x00000000c000fc31                setupTextMode()
                0x00000000c000fca1                kernel_main
 .text          0x00000000c000fdc5      0x56c core/physmgr.32
                0x00000000c000fdc5                Phys::allocateDMA(unsigned long)
                0x00000000c000fe68                Phys::freeDMA(unsigned long, unsigned long)
                0x00000000c000feb0                Phys::setPageState(unsigned long, bool)
                0x00000000c000fee2                Phys::getPageState(unsigned long)
                0x00000000c000fefe                Phys::freePage(unsigned long)
                0x00000000c000ff88                Phys::allocatePage()
                0x00000000c001006d                Phys::allocateContiguousPages(int)
                0x00000000c00100c9                Phys::allowSegmentToBeUsed(unsigned long, unsigned long)
                0x00000000c0010101                Phys::physicalMemorySetup(unsigned int)
 *fill*         0x00000000c0010331        0x1 
 .text          0x00000000c0010332      0x27f core/pipe.32
                0x00000000c0010332                Pipe::isAtty()
                0x00000000c0010336                Pipe::~Pipe()
                0x00000000c0010336                Pipe::~Pipe()
                0x00000000c001035a                Pipe::~Pipe()
                0x00000000c0010382                Pipe::read(unsigned long long, void*, int*)
                0x00000000c0010482                Pipe::write(unsigned long long, void*, int*)
                0x00000000c001054a                Pipe::Pipe(int)
                0x00000000c001054a                Pipe::Pipe(int)
 *fill*         0x00000000c00105b1        0x1 
 .text          0x00000000c00105b2      0xe4b core/terminal.32
                0x00000000c00105b2                VgaText::isAtty()
                0x00000000c00105b6                VgaText::~VgaText()
                0x00000000c00105b6                VgaText::~VgaText()
                0x00000000c00105da                VgaText::~VgaText()
                0x00000000c0010604                VgaText::read(unsigned long long, void*, int*)
                0x00000000c0010624                setTerminalScrollLock(bool)
                0x00000000c0010625                addToTerminalCycle(VgaText*)
                0x00000000c0010646                installVgaTextImplementation()
                0x00000000c001065b                scrollTerminalScrollLock(int)
                0x00000000c001065c                VgaText::load()
                0x00000000c00106aa                VgaText::updateCursor()
                0x00000000c00106c0                VgaText::showCursor(bool)
                0x00000000c00106cc                VgaText::disableBlink(bool)
                0x00000000c0010700                VgaText::doANSI_SGR(int)
                0x00000000c0010774                VgaText::setDefaultBgColour(VgaColour)
                0x00000000c0010784                VgaText::setDefaultFgColour(VgaColour)
                0x00000000c0010794                VgaText::setDefaultColours(VgaColour, VgaColour)
                0x00000000c00107b4                VgaText::combineColours(unsigned char, unsigned char)
                0x00000000c00107c6                VgaText::scrollScreen()
                0x00000000c001085a                VgaText::combineCharAndColour(char, unsigned char)
                0x00000000c001086c                VgaText::writeCharacter(char, VgaColour, VgaColour, int, int)
                0x00000000c00108c8                VgaText::getCursorX()
                0x00000000c00108d0                VgaText::getCursorY()
                0x00000000c00108d8                VgaText::setCursor(int, int)
                0x00000000c00108f0                VgaText::setCursorX(int)
                0x00000000c0010908                VgaText::setCursorY(int)
                0x00000000c0010920                VgaText::incrementCursor(bool)
                0x00000000c0010974                VgaText::updateRAMUsageDisplay(int)
                0x00000000c00109d8                VgaText::updateDiskUsage()
                0x00000000c0010b42                VgaText::updateTitle()
                0x00000000c0010b86                VgaText::setTitleTextColour(VgaColour)
                0x00000000c0010b94                VgaText::setTitleColour(VgaColour)
                0x00000000c0010ba2                VgaText::setTitle(char*)
                0x00000000c0010bc8                VgaText::decrementCursor(bool)
                0x00000000c0010bea                VgaText::putchar(char, VgaColour, VgaColour)
                0x00000000c0010cc2                VgaText::isShowingCursor()
                0x00000000c0010cca                VgaText::isBlinkDisabled()
                0x00000000c0010cd6                VgaText::setCursorHeight(int)
                0x00000000c0010cee                VgaText::getCursorHeight()
                0x00000000c0010cf6                setActiveTerminal(VgaText*)
                0x00000000c0010d9c                doTerminalCycle()
                0x00000000c0010db6                VgaText::doUpdate()
                0x00000000c0010dc4                VgaText::puts(char const*, VgaColour, VgaColour)
                0x00000000c0010f3c                VgaText::clearScreen()
                0x00000000c0010f96                VgaText::putchar(char)
                0x00000000c0011082                VgaText::puts(char const*)
                0x00000000c00110a8                VgaText::putx(unsigned int)
                0x00000000c00110ee                VgaText::VgaText(char const*)
                0x00000000c00110ee                VgaText::VgaText(char const*)
                0x00000000c001129c                VgaText::receiveKey(unsigned char)
                0x00000000c0011384                VgaText::write(unsigned long long, void*, int*)
                0x00000000c00113d8                newTerminal(char*)
 *fill*         0x00000000c00113fd        0x1 
 .text          0x00000000c00113fe      0x1b3 core/tss.32
                0x00000000c00113fe                TSS::TSS()
                0x00000000c00113fe                TSS::TSS()
                0x00000000c001140c                TSS::setESP(unsigned long)
                0x00000000c001141e                TSS::flush()
                0x00000000c001143e                TSS::setup(unsigned long, unsigned long)
 *fill*         0x00000000c00115b1        0x1 
 .text          0x00000000c00115b2      0x4c2 core/unixfile.32
                0x00000000c00115b2                ReservedFilename::read(unsigned long long, void*, int*)
                0x00000000c0011608                ReservedFilename::isAtty()
                0x00000000c0011624                ReservedFilename::write(unsigned long long, void*, int*)
                0x00000000c0011682                UnixFile::getFileDescriptor()
                0x00000000c001168a                UnixFile::UnixFile(int)
                0x00000000c001168a                UnixFile::UnixFile(int)
                0x00000000c001183a                ReservedFilename::ReservedFilename(int)
                0x00000000c001183a                ReservedFilename::ReservedFilename(int)
                0x00000000c001186c                UnixFile::~UnixFile()
                0x00000000c001186c                UnixFile::~UnixFile()
                0x00000000c0011904                UnixFile::~UnixFile()
                0x00000000c001192c                ReservedFilename::~ReservedFilename()
                0x00000000c001192c                ReservedFilename::~ReservedFilename()
                0x00000000c0011950                ReservedFilename::~ReservedFilename()
                0x00000000c0011977                getFromFileDescriptor(int)
 .text          0x00000000c0011a74     0x12f9 core/virtmgr.32
                0x00000000c0011a74                Virt::setPageState(unsigned long, Virt::VirtPageState)
                0x00000000c0011aa9                Virt::getPageState(unsigned long)
                0x00000000c0011acd                Virt::allocateKernelVirtualPages(int)
                0x00000000c0011bde                Virt::freeSwapfilePage(unsigned long)
                0x00000000c0011bfc                Virt::swapIDToSector(unsigned long)
                0x00000000c0011c0e                Virt::allocateSwapfilePage()
                0x00000000c0011c8c                Virt::virtualMemorySetup()
                0x00000000c0011d0b                Virt::swappingSetup()
                0x00000000c0011d0c                Virt::setupPageSwapping(int)
                0x00000000c0011ed8                VAS::VAS()
                0x00000000c0011ed8                VAS::VAS()
                0x00000000c0011f14                VAS::VAS(VAS*)
                0x00000000c0011f14                VAS::VAS(VAS*)
                0x00000000c0011f42                VAS::getForeignPageTableEntry(bool, unsigned long)
                0x00000000c0011f6e                VAS::getPageTableEntry(unsigned long)
                0x00000000c0011f8d                Virt::freeKernelVirtualPages(unsigned long)
                0x00000000c00120b0                VAS::freeAllocatedPages(unsigned long)
                0x00000000c00120d4                VAS::virtualToPhysical(unsigned long)
                0x00000000c00120ec                VAS::reflagRange(unsigned long, int, int, int)
                0x00000000c001212c                VAS::setToWriteCombining(unsigned long, int)
                0x00000000c001215e                VAS::mapOtherVASIn(bool, VAS*)
                0x00000000c0012188                VAS::~VAS()
                0x00000000c0012188                VAS::~VAS()
                0x00000000c0012304                VAS::mapPage(unsigned long, unsigned long, int)
                0x00000000c0012406                VAS::allocatePages(int, int)
                0x00000000c00125de                VAS::setCPUSpecific(unsigned long)
                0x00000000c00125fa                VAS::mapRange(unsigned long, unsigned long, int, int)
                0x00000000c00126c0                VAS::mapForeignPage(bool, VAS*, unsigned long, unsigned long, int)
                0x00000000c00127ae                VAS::VAS(bool)
                0x00000000c00127ae                VAS::VAS(bool)
                0x00000000c0012a2e                VAS::evict(unsigned long)
                0x00000000c0012af0                VAS::tryLoadBackOffDisk(unsigned long)
                0x00000000c0012c00                VAS::scanForEviction()
                0x00000000c0012cb1                mapVASFirstTime
 .text          0x00000000c0012d6d       0x95 coreobjs/c++.32
                0x00000000c0012d6d                __cxa_atexit
                0x00000000c0012d70                __cxa_finalize
                0x00000000c0012d71                __stack_chk_fail
                0x00000000c0012ddd                __cxa_pure_virtual
                0x00000000c0012dee                operator new[](unsigned long)
                0x00000000c0012df3                operator delete(void*, unsigned long)
                0x00000000c0012df8                operator delete[](void*)
                0x00000000c0012dfd                operator delete[](void*, unsigned long)
 .text          0x00000000c0012e02      0x1ef dbg/kconsole.32
                0x00000000c0012e02                Dbg::stringifyxWithBase(unsigned int, char*, int)
                0x00000000c0012e63                Dbg::logc(char)
                0x00000000c0012e7a                Dbg::logs(char*)
                0x00000000c0012e97                Dbg::logWriteInt(unsigned int)
                0x00000000c0012eb4                Dbg::logWriteIntBase(unsigned int, int)
                0x00000000c0012ed3                Dbg::kprintf(char const*, ...)
 *fill*         0x00000000c0012ff1        0x1 
 .text          0x00000000c0012ff2      0xb82 fs/vfs.32
                0x00000000c0012ff2                File::read(unsigned long long, void*, int*)
                0x00000000c001304a                File::write(unsigned long long, void*, int*)
                0x00000000c00130a2                Directory::read(unsigned long long, void*, int*)
                0x00000000c00130fa                Directory::write(unsigned long long, void*, int*)
                0x00000000c0013128                File::isAtty()
                0x00000000c001312c                Directory::isAtty()
                0x00000000c0013130                Filesystem::getlabel(LogicalDisk*, int, char*, unsigned int*)
                0x00000000c0013136                Filesystem::setlabel(LogicalDisk*, int, char*)
                0x00000000c001313c                Filesystem::getFileFirstSector(char const*)
                0x00000000c0013142                File::~File()
                0x00000000c0013142                File::~File()
                0x00000000c0013166                File::~File()
                0x00000000c0013190                Directory::~Directory()
                0x00000000c0013190                Directory::~Directory()
                0x00000000c00131b4                Directory::~Directory()
                0x00000000c00131de                Filesystem::Filesystem()
                0x00000000c00131de                Filesystem::Filesystem()
                0x00000000c0013202                Filesystem::~Filesystem()
                0x00000000c0013202                Filesystem::~Filesystem()
                0x00000000c0013210                Filesystem::~Filesystem()
                0x00000000c0013234                Fs::getcwd(Process*, char*, int)
                0x00000000c001325e                Fs::initVFS()
                0x00000000c0013288                Fs::standardiseFiles(char*, char const*, char const*)
                0x00000000c0013432                File::File(char const*, Process*)
                0x00000000c0013432                File::File(char const*, Process*)
                0x00000000c0013496                File::open(FileOpenMode)
                0x00000000c00134f4                File::close()
                0x00000000c0013554                File::seek(unsigned long long)
                0x00000000c00135aa                File::tell(unsigned long long*)
                0x00000000c00135fa                File::rewind()
                0x00000000c001360e                File::unlink()
                0x00000000c001365a                File::rename(char const*)
                0x00000000c00136a8                File::chfatattr(unsigned char, unsigned char)
                0x00000000c0013704                File::exists()
                0x00000000c0013742                File::stat(unsigned long long*, bool*)
                0x00000000c00137a3                Fs::setcwd(Process*, char*)
                0x00000000c00138de                Directory::Directory(char const*, Process*)
                0x00000000c00138de                Directory::Directory(char const*, Process*)
                0x00000000c0013942                Directory::open()
                0x00000000c001399e                Directory::close()
                0x00000000c00139fe                Directory::unlink()
                0x00000000c0013a4a                Directory::rename(char const*)
                0x00000000c0013a98                Directory::exists()
                0x00000000c0013ad6                Directory::read(dirent*)
                0x00000000c0013b22                Directory::create()
                0x00000000c0013b6e                Filesystem::chfatattr(char const*, unsigned char, unsigned char)
 .text          0x00000000c0013b74       0x84 hal/bus.32
                0x00000000c0013b74                Bus::Bus(char const*)
                0x00000000c0013b74                Bus::Bus(char const*)
                0x00000000c0013baa                Bus::~Bus()
                0x00000000c0013baa                Bus::~Bus()
                0x00000000c0013bce                Bus::~Bus()
 .text          0x00000000c0013bf8      0x156 hal/buzzer.32
                0x00000000c0013bf8                Buzzer::Buzzer(char const*)
                0x00000000c0013bf8                Buzzer::Buzzer(char const*)
                0x00000000c0013c3c                Buzzer::~Buzzer()
                0x00000000c0013c3c                Buzzer::~Buzzer()
                0x00000000c0013c60                Buzzer::~Buzzer()
                0x00000000c0013c8a                Buzzer::stop()
                0x00000000c0013c9d                beepThread(void*)
                0x00000000c0013ce0                Buzzer::beep(int, int, bool)
 .text          0x00000000c0013d4e      0x467 hal/clock.32
                0x00000000c0013d4e                User::loadClockSettings(int)
                0x00000000c0013da0                Clock::Clock(char const*)
                0x00000000c0013da0                Clock::Clock(char const*)
                0x00000000c0013dd6                Clock::~Clock()
                0x00000000c0013dd6                Clock::~Clock()
                0x00000000c0013dfa                Clock::~Clock()
                0x00000000c0013e24                Clock::timeInSecondsLocal()
                0x00000000c0013e6c                Clock::setTimeInSecondsLocal(unsigned long long)
                0x00000000c0013ec5                datetimeToSeconds(datetime_t)
                0x00000000c0013fec                Clock::setTimeInDatetimeLocal(datetime_t)
                0x00000000c001404c                secondsToDatetime(unsigned long long)
                0x00000000c0014190                Clock::timeInDatetimeLocal()
 *fill*         0x00000000c00141b5        0x1 
 .text          0x00000000c00141b6      0x4ec hal/device.32
                0x00000000c00141b6                Device::hibernate()
                0x00000000c00141b8                Device::wake()
                0x00000000c00141ba                Device::detect()
                0x00000000c00141bc                Device::disableLegacy()
                0x00000000c00141be                Device::powerSaving(PowerSavingLevel)
                0x00000000c00141c0                DriverlessDevice::close(int, int, void*)
                0x00000000c00141c4                DriverlessDevice::detect()
                0x00000000c00141c6                DriverlessDevice::open(int, int, void*)
                0x00000000c00141da                Device::~Device()
                0x00000000c00141da                Device::~Device()
                0x00000000c00141e8                Device::~Device()
                0x00000000c0014210                Device::findAndLoadDriver()
                0x00000000c0014212                Device::preOpenPCI(PCIDeviceInfo)
                0x00000000c0014238                Device::preOpenACPI(void*, char*, char*)
                0x00000000c001428c                Device::addIRQHandler(int, void (*)(regs*, void*), bool, void*)
                0x00000000c00142ca                Device::removeIRQHandler(int, void (*)(regs*, void*), bool)
                0x00000000c0014308                Device::addChild(Device*)
                0x00000000c001434c                Device::removeAllChildren()
                0x00000000c0014392                Device::hibernateAll()
                0x00000000c00143c2                Device::wakeAll()
                0x00000000c00143f2                Device::detectAll()
                0x00000000c0014422                Device::disableLegacyAll()
                0x00000000c0014452                Device::loadDriversForAll()
                0x00000000c001447e                Device::closeAll()
                0x00000000c00144b4                Device::powerSavingAll(PowerSavingLevel)
                0x00000000c00144ea                Device::setName(char const*)
                0x00000000c00144f8                Device::Device(char const*)
                0x00000000c00144f8                Device::Device(char const*)
                0x00000000c00145f4                Device::getName()
                0x00000000c00145fe                DriverlessDevice::DriverlessDevice(char const*)
                0x00000000c00145fe                DriverlessDevice::DriverlessDevice(char const*)
                0x00000000c0014634                Device::addToLinkedList(LinkedList<Device>&, DeviceType)
                0x00000000c0014678                getDevicesOfType(DeviceType)
 .text          0x00000000c00146a2       0x84 hal/diskctrl.32
                0x00000000c00146a2                HardDiskController::HardDiskController(char const*)
                0x00000000c00146a2                HardDiskController::HardDiskController(char const*)
                0x00000000c00146d8                HardDiskController::~HardDiskController()
                0x00000000c00146d8                HardDiskController::~HardDiskController()
                0x00000000c00146fc                HardDiskController::~HardDiskController()
 .text          0x00000000c0014726       0xf2 hal/diskphys.32
                0x00000000c0014726                PhysicalDisk::eject()
                0x00000000c001473a                PhysicalDisk::PhysicalDisk(char const*, int)
                0x00000000c001473a                PhysicalDisk::PhysicalDisk(char const*, int)
                0x00000000c00147a2                PhysicalDisk::startCache()
                0x00000000c00147ca                PhysicalDisk::~PhysicalDisk()
                0x00000000c00147ca                PhysicalDisk::~PhysicalDisk()
                0x00000000c00147ee                PhysicalDisk::~PhysicalDisk()
 .text          0x00000000c0014818      0x13b hal/fpu.32
                0x00000000c0014818                FPU::FPU(char const*)
                0x00000000c0014818                FPU::FPU(char const*)
                0x00000000c001484e                FPU::~FPU()
                0x00000000c001484e                FPU::~FPU()
                0x00000000c0014872                FPU::~FPU()
                0x00000000c001489c                setupFPU()
 *fill*         0x00000000c0014953        0x1 
 .text          0x00000000c0014954     0x1439 hal/intctrl.32
                0x00000000c0014954                InterruptController::uninstallISRHandler(int, void (*)(regs*, void*))
                0x00000000c001498c                InterruptController::installISRHandler(int, void (*)(regs*, void*), void*)
                0x00000000c00149de                doubleFault(regs*, void*)
                0x00000000c00149f8                InterruptController::installIRQHandler(int, void (*)(regs*, void*), bool, void*)
                0x00000000c0014a94                InterruptController::clearAllHandlers(int, bool)
                0x00000000c0014b3c                InterruptController::uninstallIRQHandler(int, void (*)(regs*, void*), bool)
                0x00000000c0014bc3                nmiHandler(regs*, void*)
                0x00000000c0014bd1                int_handler
                0x00000000c0014c72                InterruptController::InterruptController(char const*)
                0x00000000c0014c72                InterruptController::InterruptController(char const*)
                0x00000000c0014d18                InterruptController::~InterruptController()
                0x00000000c0014d18                InterruptController::~InterruptController()
                0x00000000c0014d3c                InterruptController::~InterruptController()
                0x00000000c0014d66                displayDebugInfo(regs*)
                0x00000000c00151f5                x87EmulHandler(regs*, void*)
                0x00000000c0015268                gpFault(regs*, void*)
                0x00000000c00152a1                pgFault(regs*, void*)
                0x00000000c00152dd                otherISRHandler(regs*, void*)
                0x00000000c00152fc                opcodeFault(regs*, void*)
                0x00000000c0015919                displayProgramFault(char const*)
                0x00000000c0015941                setupInterruptController()
                0x00000000c0015d40                InterruptController::convertLegacyIRQNumber(int)
 *fill*         0x00000000c0015d8d        0x1 
 .text          0x00000000c0015d8e      0x794 hal/keybrd.32
                0x00000000c0015d8e                startGUI(void*)
                0x00000000c0015dfa                startGUIVESA(void*)
                0x00000000c0015e66                sendKeyToTerminal(unsigned char)
                0x00000000c0015f24                sendKeyboardToken(KeyboardToken)
                0x00000000c0016361                clearInternalKeybuffer(VgaText*)
                0x00000000c0016396                readKeyboard(VgaText*, char*, unsigned long)
                0x00000000c0016498                Keyboard::Keyboard(char const*)
                0x00000000c0016498                Keyboard::Keyboard(char const*)
                0x00000000c00164d4                Keyboard::~Keyboard()
                0x00000000c00164d4                Keyboard::~Keyboard()
                0x00000000c00164f8                Keyboard::~Keyboard()
 .text          0x00000000c0016522      0x414 hal/logidisk.32
                0x00000000c0016522                LogicalDisk::close(int, int, void*)
                0x00000000c0016526                LogicalDisk::~LogicalDisk()
                0x00000000c0016526                LogicalDisk::~LogicalDisk()
                0x00000000c001654a                LogicalDisk::~LogicalDisk()
                0x00000000c0016574                LogicalDisk::open(int, int, void*)
                0x00000000c0016588                LogicalDisk::absoluteToRelative(unsigned long long)
                0x00000000c00165c0                LogicalDisk::relativeToAbsolute(unsigned long long)
                0x00000000c0016606                LogicalDisk::LogicalDisk(char const*, PhysicalDisk*, unsigned long long, unsigned long long)
                0x00000000c0016606                LogicalDisk::LogicalDisk(char const*, PhysicalDisk*, unsigned long long, unsigned long long)
                0x00000000c00166bc                LogicalDisk::assignDriveLetter()
                0x00000000c0016772                LogicalDisk::mount()
                0x00000000c00167e4                LogicalDisk::unmount()
                0x00000000c00167f4                LogicalDisk::eject()
                0x00000000c0016808                LogicalDisk::unassignDriveLetter()
                0x00000000c001685e                LogicalDisk::read(unsigned long long, int, void*)
                0x00000000c00168ca                LogicalDisk::write(unsigned long long, int, void*)
 .text          0x00000000c0016936       0x84 hal/mouse.32
                0x00000000c0016936                Mouse::Mouse(char const*)
                0x00000000c0016936                Mouse::Mouse(char const*)
                0x00000000c001696c                Mouse::~Mouse()
                0x00000000c001696c                Mouse::~Mouse()
                0x00000000c0016990                Mouse::~Mouse()
 .text          0x00000000c00169ba      0x359 hal/partition.32
                0x00000000c00169ba                makePartition(PhysicalDisk*, unsigned long long, unsigned long long)
                0x00000000c0016a82                createPartitionsForDisk(PhysicalDisk*)
 *fill*         0x00000000c0016d13        0x1 
 .text          0x00000000c0016d14       0x84 hal/serial.32
                0x00000000c0016d14                Serial::Serial(char const*)
                0x00000000c0016d14                Serial::Serial(char const*)
                0x00000000c0016d4a                Serial::~Serial()
                0x00000000c0016d4a                Serial::~Serial()
                0x00000000c0016d6e                Serial::~Serial()
 .text          0x00000000c0016d98      0x2f3 hal/timer.32
                0x00000000c0016d98                Timer::Timer(char const*)
                0x00000000c0016d98                Timer::Timer(char const*)
                0x00000000c0016dce                Timer::~Timer()
                0x00000000c0016dce                Timer::~Timer()
                0x00000000c0016df2                Timer::~Timer()
                0x00000000c0016e1c                Timer::read()
                0x00000000c0016e27                timerHandler(unsigned long long)
                0x00000000c0016f99                setupTimer(int)
 *fill*         0x00000000c001708b        0x1 
 .text          0x00000000c001708c      0x425 hal/vcache.32
                0x00000000c001708c                VCache::VCache(PhysicalDisk*)
                0x00000000c001708c                VCache::VCache(PhysicalDisk*)
                0x00000000c00171f4                VCache::invalidateReadBuffer()
                0x00000000c0017204                VCache::writeWriteBuffer()
                0x00000000c0017240                VCache::~VCache()
                0x00000000c0017240                VCache::~VCache()
                0x00000000c0017294                VCache::~VCache()
                0x00000000c00172bc                VCache::write(unsigned long long, int, void*)
                0x00000000c00173b2                VCache::read(unsigned long long, int, void*)
 *fill*         0x00000000c00174b1        0x1 
 .text          0x00000000c00174b2      0x4cd hal/video.32
                0x00000000c00174b2                Video::putrect(int, int, int, int, unsigned int)
                0x00000000c00174fe                Video::bitblit(int, int, int, int, int, int, int, unsigned int*)
                0x00000000c001756e                Video::blit(unsigned int*, int, int, int, int)
                0x00000000c00175ec                Video::clearScreen(unsigned int)
                0x00000000c0017620                Video::putpixel(int, int, unsigned int)
                0x00000000c001762e                Video::Video(char const*)
                0x00000000c001762e                Video::Video(char const*)
                0x00000000c0017664                Video::~Video()
                0x00000000c0017664                Video::~Video()
                0x00000000c0017688                Video::~Video()
                0x00000000c00176b2                Video::isMonochrome()
                0x00000000c00176be                Video::getWidth()
                0x00000000c00176ca                Video::getHeight()
                0x00000000c00176d6                Video::drawCursor(int, int, unsigned char*, int)
                0x00000000c0017792                Video::tgaParse(unsigned char*, int, int*, int*)
                0x00000000c0017914                Video::putTGA(int, int, unsigned char*, int)
 *fill*         0x00000000c001797f        0x1 
 .text          0x00000000c0017980     0x10bb hw/acpi.32
                0x00000000c0017980                ACPI::close(int, int, void*)
                0x00000000c0017a35                findRSDP()
                0x00000000c0017acf                loadACPITables(unsigned char*)
                0x00000000c0017cf4                findRSDT(unsigned char*)
                0x00000000c0017e10                findDataTable(unsigned char*, char*)
                0x00000000c0017eac                scanMADT()
                0x00000000c0018332                ACPI::ACPI()
                0x00000000c0018332                ACPI::ACPI()
                0x00000000c001839c                ACPI::getPCIIRQAssignment(unsigned char, unsigned short, unsigned char)
                0x00000000c001847e                ACPI::registerPCIIRQAssignment(void*, unsigned short, unsigned char, unsigned char)
                0x00000000c0018544                ACPI::setScreenBrightnessLevel(void*, int)
                0x00000000c001854a                ACPI::writeSimpleBootFlag(SimpleBootFlagTable*)
                0x00000000c0018592                ACPI::sleep()
                0x00000000c00185aa                ACPI::open(int, int, void*)
 *fill*         0x00000000c0018a3b        0x1 
 .text          0x00000000c0018a3c     0x1715 hw/cpu.32
                0x00000000c0018a3c                CPU::close(int, int, void*)
                0x00000000c0018a40                CPU::lookupAMDName(unsigned char, unsigned char)
                0x00000000c0018bd4                CPU::lookupIntelName(unsigned char, unsigned char)
                0x00000000c0018e82                CPU::AMD_K6_write_msr(unsigned int, unsigned int, unsigned int, CPU::REGS*)
                0x00000000c0018e9e                CPU::AMD_K6_read_msr(unsigned int, CPU::REGS*)
                0x00000000c0018eb6                CPU::AMD_K6_writeback(int, int, int)
                0x00000000c0018f2a                CPU::cpuid(int, unsigned long*, unsigned long*, unsigned long*, unsigned long*)
                0x00000000c0018fae                CPU::cpuidCheckEDX(unsigned int)
                0x00000000c0018fdc                CPU::cpuidCheckECX(unsigned int)
                0x00000000c001900a                CPU::cpuidCheckExtendedEBX(unsigned int)
                0x00000000c0019038                CPU::cpuidCheckExtendedECX(unsigned int)
                0x00000000c0019066                CPU::CPU()
                0x00000000c0019066                CPU::CPU()
                0x00000000c00190f4                CPU::displayFeatures()
                0x00000000c0019370                CPU::detectFeatures()
                0x00000000c0019d60                CPU::setupSMEP()
                0x00000000c0019d6c                CPU::setupUMIP()
                0x00000000c0019d76                CPU::setupTSC()
                0x00000000c0019d80                CPU::setupLargePages()
                0x00000000c0019d8a                CPU::setupPAT()
                0x00000000c0019dc6                CPU::setupMTRR()
                0x00000000c0019dc8                CPU::setupGlobalPages()
                0x00000000c0019dd2                CPU::allowUsermodeDataAccess()
                0x00000000c0019de4                CPU::prohibitUsermodeDataAccess()
                0x00000000c0019df6                CPU::setupSMAP()
                0x00000000c0019e04                CPU::setupFeatures()
                0x00000000c0019e84                CPU::open(int, int, void*)
                0x00000000c0019f56                CPU::decodeAddress(regs*, int*, bool*, unsigned char*)
 .text          0x00000000c001a151        0x0 hw/ports.32
 .text          0x00000000c001a151      0x16a hw/smp.32
                0x00000000c001a151                Krnl::smpEntry()
                0x00000000c001a153                Krnl::startCPU(int)
                0x00000000c001a29c                Krnl::startCPUs()
 *fill*         0x00000000c001a2bb        0x1 
 .text          0x00000000c001a2bc      0x5d3 krnl/env.32
                0x00000000c001a2bc                EnvVarContainer::getEnv(char const*)
                0x00000000c001a2fa                EnvVarContainer::setEnv(char const*, char const*)
                0x00000000c001a3c6                EnvVarContainer::deleteEnv(char const*)
                0x00000000c001a3c8                EnvVarContainer::loadFrom(char const*, char const*)
                0x00000000c001a5be                EnvVarContainer::__loadSystem()
                0x00000000c001a5d8                EnvVarContainer::__loadUser()
                0x00000000c001a5da                EnvVarContainer::EnvVarContainer(Process*)
                0x00000000c001a5da                EnvVarContainer::EnvVarContainer(Process*)
                0x00000000c001a5fc                EnvVarContainer::~EnvVarContainer()
                0x00000000c001a5fc                EnvVarContainer::~EnvVarContainer()
                0x00000000c001a62c                Krnl::getEnv(Process*, char const*)
                0x00000000c001a691                Krnl::setEnvSystem(char const*, char const*)
                0x00000000c001a6ab                Krnl::setEnvUser(char const*, char const*)
                0x00000000c001a6ca                Krnl::setEnvProcess(Process*, char const*, char const*)
                0x00000000c001a6dd                Krnl::deleteEnvSystem(char const*)
                0x00000000c001a6de                Krnl::deleteEnvUser(char const*)
                0x00000000c001a6df                Krnl::deleteEnvProcess(Process*, char const*)
                0x00000000c001a6e0                Krnl::newProcessEnv(Process*)
                0x00000000c001a702                Krnl::copyProcessEnv(Process*, Process*)
                0x00000000c001a756                Krnl::loadSystemEnv()
                0x00000000c001a784                Krnl::loadUserEnv()
                0x00000000c001a7aa                Krnl::flushEnv()
                0x00000000c001a7ab                Krnl::getProcessTotalEnvCount(Process*)
                0x00000000c001a7cb                Krnl::getProcessEnvPair(Process*, int)
 .text          0x00000000c001a88f      0x396 krnl/panic.32
                0x00000000c001a88f                Krnl::panic(char const*)
 .text          0x00000000c001ac25      0x3b6 net/ethernet.32
                0x00000000c001ac25                Net::switchEndian16(unsigned short)
                0x00000000c001ac46                Net::switchEndian32(unsigned int)
                0x00000000c001ac75                Net::crc32Calc(unsigned char*, int)
                0x00000000c001ad06                Net::wrapEthernetFrame(Net::UnwrappedEthernetFrame, unsigned char*)
                0x00000000c001ae42                Net::unwrapEthernetFrame(unsigned char*, int)
 .text          0x00000000c001afdb      0x513 reg/registry.32
                0x00000000c001afdb                Reg::findLineFromLoadedData(char*, char*, char*)
                0x00000000c001b133                Reg::getLineFromRegistry(char*, char*, char*, char*)
                0x00000000c001b288                Reg::getLine(char*, char*, char*)
                0x00000000c001b2bf                Reg::readInt(char*, char*, int*)
                0x00000000c001b3aa                Reg::readString(char*, char*, char*, int)
                0x00000000c001b42b                Reg::readBool(char*, char*, bool*)
                0x00000000c001b450                Reg::readBoolWithDefault(char*, char*, bool)
                0x00000000c001b47c                Reg::readIntWithDefault(char*, char*, int)
                0x00000000c001b4a8                Reg::readStringWithDefault(char*, char*, char*, int, char*)
 .text          0x00000000c001b4ee       0x36 sys/sc_eject.32
                0x00000000c001b4ee                Sys::eject(regs*)
 .text          0x00000000c001b524       0x18 sys/sc_exit.32
                0x00000000c001b524                Sys::exit(regs*)
 .text          0x00000000c001b53c       0x1f sys/sc_getcwd.32
                0x00000000c001b53c                Sys::getCwd(regs*)
 .text          0x00000000c001b55b        0xc sys/sc_getpid.32
                0x00000000c001b55b                Sys::getPID(regs*)
 .text          0x00000000c001b567       0x17 sys/sc_getramdata.32
                0x00000000c001b567                Sys::getRAMData(regs*)
 .text          0x00000000c001b57e       0x82 sys/sc_getvgaptr.32
                0x00000000c001b57e                Sys::getVGAPtr(regs*)
 .text          0x00000000c001b600       0xa8 sys/sc_loaddll.32
                0x00000000c001b600                Sys::loadDLL(regs*)
 .text          0x00000000c001b6a8       0x68 sys/sc_read.32
                0x00000000c001b6a8                Sys::read(regs*)
 .text          0x00000000c001b710       0x55 sys/sc_sbrk.32
                0x00000000c001b710                Sys::sbrk(regs*)
 .text          0x00000000c001b765       0x1c sys/sc_setcwd.32
                0x00000000c001b765                Sys::setCwd(regs*)
 .text          0x00000000c001b781      0x128 sys/sc_settime.32
                0x00000000c001b781                Sys::setTime(regs*)
 .text          0x00000000c001b8a9       0x4a sys/sc_timezone.32
                0x00000000c001b8a9                Sys::timezone(regs*)
 .text          0x00000000c001b8f3       0x68 sys/sc_write.32
                0x00000000c001b8f3                Sys::write(regs*)
 .text          0x00000000c001b95b       0x62 sys/sc_wsbe.32
                0x00000000c001b95b                Sys::wsbe(regs*)
 .text          0x00000000c001b9bd       0x46 sys/sc_yield.32
                0x00000000c001b9bd                Sys::yield(regs*)
 .text          0x00000000c001ba03     0x110c sys/syscalls.32
                0x00000000c001ba03                sysCallSeekDir(regs*)
                0x00000000c001ba08                sysCallTellDir(regs*)
                0x00000000c001ba0d                sysCallVerify(regs*)
                0x00000000c001ba17                sysFormatDisk(regs*)
                0x00000000c001ba81                sysSetDiskVolumeLabel(regs*)
                0x00000000c001bac7                sysGetDiskVolumeLabel(regs*)
                0x00000000c001bb18                sysShutdown(regs*)
                0x00000000c001bb76                sysCallRealpath(regs*)
                0x00000000c001bbb9                sysCallGetArgc(regs*)
                0x00000000c001bbe7                sysCallReadDir(regs*)
                0x00000000c001bc75                sysCallIsATTY(regs*)
                0x00000000c001bccf                sysCallSeek(regs*)
                0x00000000c001bd38                sysCallTell(regs*)
                0x00000000c001bdb5                sysCallSize(regs*)
                0x00000000c001be38                sysCallSizeFromFilename(regs*)
                0x00000000c001bef8                sysCallClose(regs*)
                0x00000000c001bf80                sysCallOpenDir(regs*)
                0x00000000c001bff5                sysCallCloseDir(regs*)
                0x00000000c001c05b                sysCallMakeDir(regs*)
                0x00000000c001c0cb                sysCallWait(regs*)
                0x00000000c001c0e5                sysCallNotImpl(regs*)
                0x00000000c001c100                sysPanic(regs*)
                0x00000000c001c126                sysCallRmdir(regs*)
                0x00000000c001c18a                sysCallUnlink(regs*)
                0x00000000c001c1ee                sysCallGetArgv(regs*)
                0x00000000c001c23a                sysCallTTYName(regs*)
                0x00000000c001c2bd                sysCallUSleep(regs*)
                0x00000000c001c2e4                sysCallSpawn(regs*)
                0x00000000c001c359                sysCallGetEnv(regs*)
                0x00000000c001c491                sysAppSettings(regs*)
                0x00000000c001c5b0                sysSetFatAttrib(regs*)
                0x00000000c001c622                sysPipe(regs*)
                0x00000000c001c667                sysGetUnixTime(regs*)
                0x00000000c001c67b                string_ends_with(char const*, char const*)
                0x00000000c001c6c3                sysCallOpen(regs*)
                0x00000000c001c8d8                Sys::loadSyscalls()
                0x00000000c001cacd                Sys::systemCall(regs*, void*)
 .text          0x00000000c001cb0f     0x11fd thr/elf.32
                0x00000000c001cb0f                Thr::allocateMemoryForTask(Process*, File*, unsigned long, unsigned long, unsigned long)
                0x00000000c001cdb9                Thr::loadProgramIntoMemory(Process*, char const*)
                0x00000000c001cfcf                Thr::runtimeReferenceHelper()
                0x00000000c001cfe2                Thr::getAddressOfKernelSymbol(char const*)
                0x00000000c001d031                Thr::loadKernelSymbolTable(char const*)
                0x00000000c001d2ef                Thr::loadDriverIntoMemory(char const*, unsigned long, bool)
                0x00000000c001da25                Thr::getDriverBaseFromAddress(unsigned long)
                0x00000000c001da57                Thr::getDriverNameFromAddress(unsigned long)
                0x00000000c001da8e                Thr::getDriverOffsetFromAddress(unsigned long)
                0x00000000c001daa8                Thr::loadDLL(char const*, bool)
                0x00000000c001dcd3                Thr::executeDLL(unsigned long, void*)
 .text          0x00000000c001dd0c     0x1315 thr/prcssthr.32
                0x00000000c001dd0c                userModeEntryPoint(void*)
                0x00000000c001dd32                changeTSS
                0x00000000c001dd62                switchToThread(ThreadControlBlock*)
                0x00000000c001de0c                Process::addArgs(char**)
                0x00000000c001de66                Process::Process(char const*, Process*, char**)
                0x00000000c001de66                Process::Process(char const*, Process*, char**)
                0x00000000c001e04a                Process::Process(bool, char const*, Process*, char**)
                0x00000000c001e04a                Process::Process(bool, char const*, Process*, char**)
                0x00000000c001e1f9                taskStartupFunction
                0x00000000c001e202                Semaphore::Semaphore(int)
                0x00000000c001e202                Semaphore::Semaphore(int)
                0x00000000c001e230                Mutex::Mutex()
                0x00000000c001e230                Mutex::Mutex()
                0x00000000c001e242                Process::createThread(void (*)(void*), void*, int)
                0x00000000c001e348                Process::createUserThread()
                0x00000000c001e364                setupMultitasking(void (*)())
                0x00000000c001e486                schedule()
                0x00000000c001e50c                Semaphore::tryAcquire()
                0x00000000c001e5c8                Semaphore::assertLocked(char const*)
                0x00000000c001e637                blockTaskWithSchedulerLockAlreadyHeld(TaskState)
                0x00000000c001e685                blockTask(TaskState)
                0x00000000c001e6b2                waitTask(int, int*, int)
                0x00000000c001e6f4                nanoSleepUntil(unsigned long long)
                0x00000000c001e789                nanoSleep(unsigned long long)
                0x00000000c001e7a1                sleep(unsigned long long)
                0x00000000c001e7be                Semaphore::acquire()
                0x00000000c001e860                taskReturned
                0x00000000c001e89b                Thr::processFromPID(int)
                0x00000000c001e94a                unblockTask(ThreadControlBlock*)
                0x00000000c001e9f7                cleanupTerminatedTask(ThreadControlBlock*)
                0x00000000c001ecc0                cleanerTaskFunction(void*)
                0x00000000c001edb9                terminateTask(int)
                0x00000000c001eeeb                Thr::terminateFromIRQ(int)
                0x00000000c001eef8                Semaphore::release()
 .text          0x00000000c001f021      0xc58 vm86/vm8086.32
                0x00000000c001f021                Vm::inbv(unsigned short)
                0x00000000c001f034                Vm::outbv(unsigned short, unsigned char)
                0x00000000c001f087                Vm::realToLinear(unsigned short, unsigned short)
                0x00000000c001f097                Vm::getSegment(unsigned int)
                0x00000000c001f09f                Vm::getOffset(unsigned int)
                0x00000000c001f0a4                Vm::mainloop2()
                0x00000000c001f0de                Vm::mainVm8086Loop(void*)
                0x00000000c001f0ee                Vm::mainloop3(unsigned long)
                0x00000000c001f114                Vm::initialise8086()
                0x00000000c001f157                Vm::finish8086()
                0x00000000c001f1b8                Vm::getOutput8086(unsigned char*)
                0x00000000c001f1e2                Vm::start8086(char const*, unsigned short, unsigned short, unsigned short, unsigned short)
                0x00000000c001f34a                Vm::doISR(regs*, int, unsigned char*, unsigned short, unsigned short)
                0x00000000c001f3d4                Vm::readByteFromReal(unsigned short, unsigned short)
                0x00000000c001f3e5                Vm::readWordFromReal(unsigned short, unsigned short)
                0x00000000c001f3f7                Vm::readDwordFromReal(unsigned short, unsigned short)
                0x00000000c001f408                Vm::writeByteFromReal(unsigned short, unsigned short, unsigned char)
                0x00000000c001f41d                Vm::writeWordFromReal(unsigned short, unsigned short, unsigned short)
                0x00000000c001f433                Vm::writeDwordFromReal(unsigned short, unsigned short, unsigned int)
                0x00000000c001f448                Vm::faultHandler(regs*)
 .text          0x00000000c001fc79      0xefd vm86/x87em.32
                0x00000000c001fc79                Vm::fpuInternalTo32(unsigned long long)
                0x00000000c001fcd4                Vm::fpuInternalTo64(unsigned long long)
                0x00000000c001fcdd                Vm::fpu32ToInternal(unsigned int)
                0x00000000c001fd22                Vm::fpu64ToInternal(unsigned long long)
                0x00000000c001fd2b                Vm::fpuFloatToLong(unsigned long long)
                0x00000000c001fd86                Vm::fpuULongToFloat(unsigned long long)
                0x00000000c001fdbc                Vm::fpuLongToFloat(long long)
                0x00000000c001fe12                Vm::fpuGet0()
                0x00000000c001fe17                Vm::fpuGet1()
                0x00000000c001fe1f                Vm::fpuGetPi()
                0x00000000c001fe27                Vm::fpuGetLog2E()
                0x00000000c001fe3f                Vm::fpuGetLogE2()
                0x00000000c001fe57                Vm::fpuGetLog210()
                0x00000000c001fe6f                Vm::fpuGetLog102()
                0x00000000c001fe87                Vm::fpuIsSecondLarger(unsigned long long, unsigned long long)
                0x00000000c001fe9b                Vm::fpuAreEqual(unsigned long long, unsigned long long)
                0x00000000c001feb1                Vm::fpuUnorderedCompare(unsigned long long, unsigned long long)
                0x00000000c001ff04                Vm::fpuAdd(unsigned long long, unsigned long long)
                0x00000000c001ff15                Vm::fpuAbs(unsigned long long)
                0x00000000c001ff1e                Vm::fpuChs(unsigned long long)
                0x00000000c001ff2e                Vm::fpuSub(unsigned long long, unsigned long long)
                0x00000000c001ff3d                Vm::fpuMultiply(unsigned long long, unsigned long long)
                0x00000000c001ff5c                Vm::fpuDivide(unsigned long long, unsigned long long)
                0x00000000c001ff78                Vm::fpuSquare(unsigned long long)
                0x00000000c001ff8e                Vm::fpuGetReg(int)
                0x00000000c001ffd1                Vm::fpuSetReg(int, unsigned long long)
                0x00000000c002001c                Vm::fpuPush(unsigned long long)
                0x00000000c0020079                Vm::fpuPop()
                0x00000000c00200cb                Vm::x87Handler(regs*)
 .text          0x00000000c0020b76     0x11af fs/fat/vfslink.32
                0x00000000c0020b76                FAT::getName()
                0x00000000c0020b7c                FAT::tell(void*, unsigned long long*)
                0x00000000c0020bb0                FAT::stat(void*, unsigned long long*)
                0x00000000c0020be4                FAT::~FAT()
                0x00000000c0020be4                FAT::~FAT()
                0x00000000c0020c08                FAT::~FAT()
                0x00000000c0020c30                FAT::getlabel(LogicalDisk*, int, char*, unsigned int*)
                0x00000000c0020cce                FAT::setlabel(LogicalDisk*, int, char*)
                0x00000000c0020d88                FAT::format(LogicalDisk*, int, char const*, int)
                0x00000000c0020f6c                FAT::tryMount(LogicalDisk*, int)
                0x00000000c0021172                FAT::getFileFirstSector(char const*)
                0x00000000c0021234                FAT::readDir(void*, unsigned long, void*, int*)
                0x00000000c002133a                FAT::read(void*, unsigned long, void*, int*)
                0x00000000c0021394                FAT::write(void*, unsigned long, void*, int*)
                0x00000000c00213ee                FAT::close(void*)
                0x00000000c002143a                FAT::closeDir(void*)
                0x00000000c0021486                FAT::seek(void*, unsigned long long)
                0x00000000c00214da                fatWrapperReadDisk
                0x00000000c0021521                fatWrapperWriteDisk
                0x00000000c0021568                fatWrapperIoctl
                0x00000000c002166c                FAT::FAT()
                0x00000000c002166c                FAT::FAT()
                0x00000000c00216be                FAT::fixFilepath(char*)
                0x00000000c00216f6                FAT::open(char const*, void**, FileOpenMode)
                0x00000000c002181e                FAT::openDir(char const*, void**)
                0x00000000c00218c4                FAT::stat(char const*, unsigned long long*, bool*)
                0x00000000c00219ae                FAT::unlink(char const*)
                0x00000000c0021a28                FAT::chfatattr(char const*, unsigned char, unsigned char)
                0x00000000c0021b7c                FAT::rename(char const*, char const*)
                0x00000000c0021c40                FAT::mkdir(char const*)
                0x00000000c0021cba                FAT::exists(char const*)
 *fill*         0x00000000c0021d25        0x1 
 .text          0x00000000c0021d26      0xbc1 fs/iso9660/vfslink.32
                0x00000000c0021d26                ISO9660::format(LogicalDisk*, int, char const*, int)
                0x00000000c0021d2c                ISO9660::seek(void*, unsigned long long)
                0x00000000c0021d5c                ISO9660::tell(void*, unsigned long long*)
                0x00000000c0021d80                ISO9660::getName()
                0x00000000c0021d86                ISO9660::stat(void*, unsigned long long*)
                0x00000000c0021daa                ISO9660::chfatattr(char const*, unsigned char, unsigned char)
                0x00000000c0021db0                ISO9660::unlink(char const*)
                0x00000000c0021db6                ISO9660::write(void*, unsigned long, void*, int*)
                0x00000000c0021dbc                ISO9660::rename(char const*, char const*)
                0x00000000c0021dc2                ISO9660::mkdir(char const*)
                0x00000000c0021dc8                ISO9660::close(void*)
                0x00000000c0021dea                ISO9660::closeDir(void*)
                0x00000000c0021e0c                ISO9660::~ISO9660()
                0x00000000c0021e0c                ISO9660::~ISO9660()
                0x00000000c0021e30                ISO9660::~ISO9660()
                0x00000000c0021e57                __memmem(unsigned char*, int, unsigned char*, int)
                0x00000000c0021e99                readSectorFromCDROM(unsigned int, unsigned char*, char)
                0x00000000c0021f00                ISO9660::tryMount(LogicalDisk*, int)
                0x00000000c0021f50                ISO9660::read(void*, unsigned long, void*, int*)
                0x00000000c0022150                ISO9660::readDir(void*, unsigned long, void*, int*)
                0x00000000c00223dd                readRoot(unsigned int*, unsigned int*, char)
                0x00000000c0022432                readRecursively(char*, unsigned int, unsigned int, unsigned int*, unsigned int*, char, int*)
                0x00000000c0022605                getFileData(char*, unsigned int*, unsigned int*, char, int*)
                0x00000000c0022694                ISO9660::open(char const*, void**, FileOpenMode)
                0x00000000c0022754                ISO9660::exists(char const*)
                0x00000000c0022778                ISO9660::stat(char const*, unsigned long long*, bool*)
                0x00000000c002280c                ISO9660::openDir(char const*, void**)
                0x00000000c00228c4                ISO9660::ISO9660()
                0x00000000c00228c4                ISO9660::ISO9660()
 *fill*         0x00000000c00228e7        0x1 
 .text          0x00000000c00228e8      0x326 hal/sound/sndchannel.32
                0x00000000c00228e8                SoundChannel::~SoundChannel()
                0x00000000c00228e8                SoundChannel::~SoundChannel()
                0x00000000c0022904                SoundChannel::setSpeed(float)
                0x00000000c0022910                SoundChannel::getSpeed()
                0x00000000c0022918                SoundChannel::setVolume(int)
                0x00000000c0022934                SoundChannel::getVolume()
                0x00000000c002293c                SoundChannel::pause()
                0x00000000c0022946                SoundChannel::SoundChannel(int, int, int, int)
                0x00000000c0022946                SoundChannel::SoundChannel(int, int, int, int)
                0x00000000c0022a9c                SoundChannel::play()
                0x00000000c0022aa6                SoundChannel::paused()
                0x00000000c0022aae                SoundChannel::getSampleRate()
                0x00000000c0022ab6                SoundChannel::getBits()
                0x00000000c0022abe                SoundChannel::getBufferUsed()
                0x00000000c0022ac6                SoundChannel::getBufferSize()
                0x00000000c0022ace                SoundChannel::unbuffer(float*, int, int)
                0x00000000c0022b6e                SoundChannel::buffer8(unsigned char*, int)
 .text          0x00000000c0022c0e      0x3d5 hal/sound/sndhw.32
                0x00000000c0022c0e                SoundDevice::SoundDevice(char const*)
                0x00000000c0022c0e                SoundDevice::SoundDevice(char const*)
                0x00000000c0022c7a                SoundDevice::~SoundDevice()
                0x00000000c0022c7a                SoundDevice::~SoundDevice()
                0x00000000c0022cf4                SoundDevice::~SoundDevice()
                0x00000000c0022d1e                SoundDevice::getFreeChannelNum()
                0x00000000c0022d38                SoundDevice::addChannel(SoundChannel*)
                0x00000000c0022da8                SoundDevice::removeChannel(int)
                0x00000000c0022dda                SoundDevice::floatTo8(float*, unsigned char*, int)
                0x00000000c0022ec2                SoundDevice::getAudio(int, float*, float*)
 .text          0x00000000c0022fe3        0x0 hw/bus/isa.32
 *fill*         0x00000000c0022fe3        0x1 
 .text          0x00000000c0022fe4      0x795 hw/bus/pci.32
                0x00000000c0022fe4                PCI::open(int, int, void*)
                0x00000000c0022ff8                PCI::close(int, int, void*)
                0x00000000c0022ffc                PCI::PCI()
                0x00000000c0022ffc                PCI::PCI()
                0x00000000c002307c                PCI::readBAR8(unsigned int, int)
                0x00000000c0023098                PCI::readBAR16(unsigned int, int)
                0x00000000c00230b6                PCI::readBAR32(unsigned int, int)
                0x00000000c00230d2                PCI::writeBAR8(unsigned int, unsigned char, int)
                0x00000000c00230f2                PCI::writeBAR16(unsigned int, unsigned short, int)
                0x00000000c0023114                PCI::writeBAR32(unsigned int, unsigned int, int)
                0x00000000c0023134                PCI::pciReadWord(unsigned char, unsigned char, unsigned char, unsigned char)
                0x00000000c002317c                PCI::getVendorID(unsigned char, unsigned char, unsigned char)
                0x00000000c002319e                PCI::getHeaderType(unsigned char, unsigned char, unsigned char)
                0x00000000c00231c2                PCI::getClassCode(unsigned char, unsigned char, unsigned char)
                0x00000000c0023206                PCI::getProgIF(unsigned char, unsigned char, unsigned char)
                0x00000000c002322a                PCI::getRevisionID(unsigned char, unsigned char, unsigned char)
                0x00000000c002324c                PCI::getInterruptNumber(unsigned char, unsigned char, unsigned char)
                0x00000000c002326e                PCI::getSecondaryBus(unsigned char, unsigned char, unsigned char)
                0x00000000c0023292                PCI::getBARAddress(unsigned char, unsigned char, unsigned char, unsigned char)
                0x00000000c00232f2                PCI::pciWriteWord(unsigned char, unsigned char, unsigned char, unsigned char, unsigned short)
                0x00000000c002335e                PCI::pciDetailsToFilepath(PCIDeviceInfo)
                0x00000000c0023362                PCI::checkBus(unsigned char)
                0x00000000c0023386                PCI::foundDevice(PCIDeviceInfo)
                0x00000000c002350e                PCI::getDeviceData(unsigned char, unsigned char, unsigned char)
                0x00000000c00236ba                PCI::checkDevice(unsigned char, unsigned char)
                0x00000000c0023726                PCI::detect()
 *fill*         0x00000000c0023779        0x1 
 .text          0x00000000c002377a      0xc70 hw/diskctrl/ide.32
                0x00000000c002377a                IDE::close(int, int, void*)
                0x00000000c002377e                IDE::IDE()
                0x00000000c002377e                IDE::IDE()
                0x00000000c00237b2                IDE::prepareInterrupt(unsigned char)
                0x00000000c00237c4                selectDrive(unsigned char, unsigned char)
                0x00000000c00237c6                IDE::getBase(unsigned char)
                0x00000000c00237d8                IDE::write(unsigned char, unsigned char, unsigned char)
                0x00000000c0023898                IDE::read(unsigned char, unsigned char)
                0x00000000c0023946                IDE::waitInterrupt(unsigned char)
                0x00000000c00239ac                ideChannel0IRQHandler(regs*, void*)
                0x00000000c00239c8                ideChannel1IRQHandler(regs*, void*)
                0x00000000c00239e4                IDE::enableIRQs(unsigned char, bool)
                0x00000000c0023a2a                IDE::open(int, int, void*)
                0x00000000c0023e3a                IDE::readBuffer(unsigned char, unsigned char, unsigned int, unsigned int)
                0x00000000c0023f06                IDE::detect()
                0x00000000c00241ee                IDE::printError(unsigned char, unsigned char, unsigned char)
                0x00000000c0024384                IDE::polling(unsigned char, unsigned int)
 .text          0x00000000c00243ea      0x390 hw/diskctrl/satabus.32
                0x00000000c00243ea                SATABus::close(int, int, void*)
                0x00000000c00243ee                SATABus::detect()
                0x00000000c00243f0                SATABus::SATABus()
                0x00000000c00243f0                SATABus::SATABus()
                0x00000000c002449c                SATABus::findCmdslot(SATABus::tagHBA_PORT volatile*)
                0x00000000c00244e4                SATABus::checkType(SATABus::tagHBA_PORT volatile*)
                0x00000000c002452c                SATABus::startCmd(SATABus::tagHBA_PORT volatile*)
                0x00000000c002454c                SATABus::stopCmd(SATABus::tagHBA_PORT volatile*)
                0x00000000c0024576                SATABus::portRebase(SATABus::tagHBA_PORT volatile*, int)
                0x00000000c002467c                SATABus::probePort(SATABus::tagHBA_MEM volatile*)
                0x00000000c002475a                SATABus::open(int, int, void*)
 .text          0x00000000c002477a      0x63c hw/diskphys/ata.32
                0x00000000c002477a                ATA::close(int, int, void*)
                0x00000000c002479e                ATA::powerSaving(PowerSavingLevel)
                0x00000000c00247a0                ATA::ATA()
                0x00000000c00247a0                ATA::ATA()
                0x00000000c00247ce                ATA::flush(bool)
                0x00000000c0024818                ATA::readyForCommand()
                0x00000000c0024868                ATA::access(unsigned long long, int, void*, bool)
                0x00000000c0024bf0                ATA::read(unsigned long long, int, void*)
                0x00000000c0024c58                ATA::write(unsigned long long, int, void*)
                0x00000000c0024cc0                ATA::detectCHS()
                0x00000000c0024cea                ATA::open(int, int, void*)
 .text          0x00000000c0024db6      0x5bd hw/diskphys/atapi.32
                0x00000000c0024db6                ATAPI::write(unsigned long long, int, void*)
                0x00000000c0024dbc                ATAPI::close(int, int, void*)
                0x00000000c0024de0                ATAPI::ATAPI()
                0x00000000c0024de0                ATAPI::ATAPI()
                0x00000000c0024e0e                ATAPI::readyForCommand()
                0x00000000c0024e5e                ATAPI::sendPacket(unsigned char*, int, bool, unsigned short*, int)
                0x00000000c002511e                ATAPI::diskRemoved()
                0x00000000c002513a                ATAPI::eject()
                0x00000000c0025182                ATAPI::diskInserted()
                0x00000000c00251b0                ATAPI::detectMedia()
                0x00000000c002526c                ATAPI::open(int, int, void*)
                0x00000000c00252f4                ATAPI::read(unsigned long long, int, void*)
 *fill*         0x00000000c0025373        0x1 
 .text          0x00000000c0025374      0x451 hw/diskphys/sata.32
                0x00000000c0025374                SATA::close(int, int, void*)
                0x00000000c0025398                SATA::powerSaving(PowerSavingLevel)
                0x00000000c002539a                SATA::open(int, int, void*)
                0x00000000c0025444                SATA::SATA()
                0x00000000c0025444                SATA::SATA()
                0x00000000c0025472                SATA::access(unsigned long long, int, void*, bool)
                0x00000000c00256d8                SATA::read(unsigned long long, int, void*)
                0x00000000c0025740                SATA::write(unsigned long long, int, void*)
 *fill*         0x00000000c00257c5        0x1 
 .text          0x00000000c00257c6      0x4fa hw/diskphys/satapi.32
                0x00000000c00257c6                SATAPI::write(unsigned long long, int, void*)
                0x00000000c00257cc                SATAPI::close(int, int, void*)
                0x00000000c00257f0                SATAPI::SATAPI()
                0x00000000c00257f0                SATAPI::SATAPI()
                0x00000000c002581e                SATAPI::diskRemoved()
                0x00000000c002583a                SATAPI::diskInserted()
                0x00000000c0025868                SATAPI::sendPacket(unsigned char*, int, unsigned long long, unsigned short*, int)
                0x00000000c0025a6c                SATAPI::eject()
                0x00000000c0025ab4                SATAPI::detectMedia()
                0x00000000c0025b76                SATAPI::open(int, int, void*)
                0x00000000c0025c1e                SATAPI::read(unsigned long long, int, void*)
 .text          0x00000000c0025cc0       0x8e hw/fpu/avx.32
                0x00000000c0025cc0                AVX::open(int, int, void*)
                0x00000000c0025cd2                AVX::close(int, int, void*)
                0x00000000c0025ce4                AVX::available()
                0x00000000c0025cf6                AVX::save(void*)
                0x00000000c0025d0e                AVX::load(void*)
                0x00000000c0025d26                AVX::AVX()
                0x00000000c0025d26                AVX::AVX()
 .text          0x00000000c0025d4e       0x90 hw/fpu/mmx.32
                0x00000000c0025d4e                MMX::available()
                0x00000000c0025d62                MMX::open(int, int, void*)
                0x00000000c0025d74                MMX::close(int, int, void*)
                0x00000000c0025d86                MMX::save(void*)
                0x00000000c0025d9e                MMX::load(void*)
                0x00000000c0025db6                MMX::MMX()
                0x00000000c0025db6                MMX::MMX()
 .text          0x00000000c0025dde       0x96 hw/fpu/sse.32
                0x00000000c0025dde                SSE::open(int, int, void*)
                0x00000000c0025df0                SSE::close(int, int, void*)
                0x00000000c0025e02                SSE::available()
                0x00000000c0025e1c                SSE::save(void*)
                0x00000000c0025e34                SSE::load(void*)
                0x00000000c0025e4c                SSE::SSE()
                0x00000000c0025e4c                SSE::SSE()
 .text          0x00000000c0025e74       0x8e hw/fpu/x87.32
                0x00000000c0025e74                x87::open(int, int, void*)
                0x00000000c0025e86                x87::close(int, int, void*)
                0x00000000c0025e98                x87::available()
                0x00000000c0025eaa                x87::save(void*)
                0x00000000c0025ec2                x87::load(void*)
                0x00000000c0025eda                x87::x87()
                0x00000000c0025eda                x87::x87()
 .text          0x00000000c0025f02      0x71e hw/intctrl/apic.32
                0x00000000c0025f02                APIC::disable()
                0x00000000c0025f04                APIC::close(int, int, void*)
                0x00000000c0025f26                IOAPIC::close(int, int, void*)
                0x00000000c0025f2c                APIC::io_wait()
                0x00000000c0025f32                APIC::getBase()
                0x00000000c0025f74                APIC::eoi(unsigned char)
                0x00000000c0025fa2                APIC::open(int, int, void*)
                0x00000000c00260f0                IOAPIC::IOAPIC()
                0x00000000c00260f0                IOAPIC::IOAPIC()
                0x00000000c0026118                APIC::APIC()
                0x00000000c0026118                APIC::APIC()
                0x00000000c00261f4                IOAPIC::handlesGSIWithNumber(unsigned int)
                0x00000000c0026226                IOAPIC::read(int)
                0x00000000c002624e                IOAPIC::open(int, int, void*)
                0x00000000c0026344                IOAPIC::write(int, int)
                0x00000000c0026370                IOAPIC::redirect(unsigned char, unsigned long long, unsigned char, bool, bool)
                0x00000000c002646a                APIC::installIRQHandler(int, void (*)(regs*, void*), bool, void*)
 .text          0x00000000c0026620      0x3d3 hw/intctrl/pic.32
                0x00000000c0026620                PIC::disable()
                0x00000000c002664e                PIC::close(int, int, void*)
                0x00000000c0026670                PIC::PIC()
                0x00000000c0026670                PIC::PIC()
                0x00000000c0026746                PIC::ioWait()
                0x00000000c002674c                PIC::getIRQReg(int)
                0x00000000c00267b6                PIC::eoi(unsigned char)
                0x00000000c0026848                PIC::remap()
                0x00000000c00269b4                PIC::open(int, int, void*)
 *fill*         0x00000000c00269f3        0x1 
 .text          0x00000000c00269f4      0x25e hw/timer/apictimer.32
                0x00000000c00269f4                APICTimer::close(int, int, void*)
                0x00000000c00269fa                apicTimerHandler(regs*, void*)
                0x00000000c0026a28                APICTimer::write(int)
                0x00000000c0026b2c                APICTimer::open(int, int, void*)
                0x00000000c0026c2a                APICTimer::APICTimer()
                0x00000000c0026c2a                APICTimer::APICTimer()
 .text          0x00000000c0026c52      0x1a7 hw/timer/pit.32
                0x00000000c0026c52                PIT::write(int)
                0x00000000c0026cd0                pitHandler(regs*, void*)
                0x00000000c0026cfc                PIT::open(int, int, void*)
                0x00000000c0026d4a                PIT::close(int, int, void*)
                0x00000000c0026d7a                PIT::PIT()
                0x00000000c0026d7a                PIT::PIT()
 *fill*         0x00000000c0026df9        0x7 
 .text          0x00000000c0026e00       0x1e hw/fpu/x86/avx.32
                0x00000000c0026e00                avxDetect
                0x00000000c0026e06                avxSave
                0x00000000c0026e07                avxLoad
                0x00000000c0026e08                avxInit
                0x00000000c0026e09                avxClose
                0x00000000c0026e0a                wouldSheSayYes
 *fill*         0x00000000c0026e1e        0x2 
 .text          0x00000000c0026e20       0x35 hw/fpu/x86/sse.32
                0x00000000c0026e20                absolutelyNoChanceInHell
                0x00000000c0026e20                sseDetect
                0x00000000c0026e38                sseSave
                0x00000000c0026e3e                sseLoad
                0x00000000c0026e44                sseInit
                0x00000000c0026e54                sseClose
 *fill*         0x00000000c0026e55        0xb 
 .text          0x00000000c0026e60       0x4d hw/fpu/x86/x87.32
                0x00000000c0026e66                x87Detect
                0x00000000c0026e81                x87Save
                0x00000000c0026e8a                x87Load
                0x00000000c0026e92                x87Init
                0x00000000c0026eac                x87Close
 *fill*         0x00000000c0026ead        0x3 
 .text          0x00000000c0026eb0       0x25 /cygdrive/d/Users/Alex/Desktop/Toolchain/Output/bin/../lib/gcc/i386-banana/8.1.0/crtend.o
 .text          0x00000000c0026ed5        0x0 crtn.32
 *fill*         0x00000000c0026ed5        0x3 
 .text          0x00000000c0026ed8      0x14b /cygdrive/d/Users/Alex/Desktop/Toolchain/Output/bin/../lib/gcc/i386-banana/8.1.0/libkgcc.a(_divdi3.o)
                0x00000000c0026ed8                __divdi3
 *fill*         0x00000000c0027023        0x1 
 .text          0x00000000c0027024      0x17e /cygdrive/d/Users/Alex/Desktop/Toolchain/Output/bin/../lib/gcc/i386-banana/8.1.0/libkgcc.a(_moddi3.o)
                0x00000000c0027024                __moddi3
 *fill*         0x00000000c00271a2        0x2 
 .text          0x00000000c00271a4       0xff /cygdrive/d/Users/Alex/Desktop/Toolchain/Output/bin/../lib/gcc/i386-banana/8.1.0/libkgcc.a(_udivdi3.o)