Archive member included to satisfy reference by file (symbol)

/cygdrive/d/Users/Alex/Desktop/Toolchain/Output/bin/../lib/gcc/i386-banana/8.1.0/libkgcc.a(_divdi3.o)
                              krnl/resolve.32 (__divdi3)
/cygdrive/d/Users/Alex/Desktop/Toolchain/Output/bin/../lib/gcc/i386-banana/8.1.0/libkgcc.a(_moddi3.o)
                              krnl/resolve.32 (__moddi3)
/cygdrive/d/Users/Alex/Desktop/Toolchain/Output/bin/../lib/gcc/i386-banana/8.1.0/libkgcc.a(_udivdi3.o)
                              hal/clock.32 (__udivdi3)
/cygdrive/d/Users/Alex/Desktop/Toolchain/Output/bin/../lib/gcc/i386-banana/8.1.0/libkgcc.a(_umoddi3.o)
                              core/pipe.32 (__umoddi3)

Allocating common symbols
Common symbol       size              file

dcache              0x40              fs/iso9660/iso9660.32
cdDriveLetter       0x1               fs/iso9660/iso9660.32
icache              0x40              fs/iso9660/iso9660.32

Discarded input sections

 .comment       0x0000000000000000       0x12 /cygdrive/d/Users/Alex/Desktop/Toolchain/Output/bin/../lib/gcc/i386-banana/8.1.0/crtbegin.o
 .comment       0x0000000000000000       0x12 acpica/utclib.32
 .comment       0x0000000000000000       0x12 core/malloc.32
 .comment       0x0000000000000000       0x12 libk/ctype.32
 .comment       0x0000000000000000       0x12 libk/string.32
 .comment       0x0000000000000000       0x12 fs/fat/diskio.32
 .comment       0x0000000000000000       0x12 fs/fat/ff.32
 .comment       0x0000000000000000       0x12 fs/fat/ffsystem.32
 .comment       0x0000000000000000       0x12 fs/fat/ffunicode.32
 .comment       0x0000000000000000       0x12 fs/iso9660/iso9660.32
 .group         0x0000000000000000       0x14 core/computer.32
 .group         0x0000000000000000        0xc core/computer.32
 .comment       0x0000000000000000       0x12 core/computer.32
 .comment       0x0000000000000000       0x12 core/gdt.32
 .group         0x0000000000000000        0xc core/idle.32
 .comment       0x0000000000000000       0x12 core/idle.32
 .comment       0x0000000000000000       0x12 core/idt.32
 .comment       0x0000000000000000       0x12 core/kheap.32
 .comment       0x0000000000000000       0x12 core/main.32
 .comment       0x0000000000000000       0x12 core/physmgr.32
 .group         0x0000000000000000        0xc core/pipe.32
 .comment       0x0000000000000000       0x12 core/pipe.32
 .group         0x0000000000000000        0xc core/terminal.32
 .comment       0x0000000000000000       0x12 core/terminal.32
 .comment       0x0000000000000000       0x12 core/tss.32
 .group         0x0000000000000000        0x8 core/unixfile.32
 .group         0x0000000000000000        0x8 core/unixfile.32
 .group         0x0000000000000000        0xc core/unixfile.32
 .group         0x0000000000000000        0x8 core/unixfile.32
 .group         0x0000000000000000        0xc core/unixfile.32
 .group         0x0000000000000000        0x8 core/unixfile.32
 .group         0x0000000000000000        0xc core/unixfile.32
 .group         0x0000000000000000        0xc core/unixfile.32
 .comment       0x0000000000000000       0x12 core/unixfile.32
 .comment       0x0000000000000000       0x12 core/virtmgr.32
 .comment       0x0000000000000000       0x12 coreobjs/c++.32
 .comment       0x0000000000000000       0x12 dbg/kconsole.32
 .comment       0x0000000000000000       0x12 dbg/usban.32
 .comment       0x0000000000000000       0x12 fs/symlink.32
 .group         0x0000000000000000        0xc fs/vfs.32
 .group         0x0000000000000000        0xc fs/vfs.32
 .group         0x0000000000000000        0xc fs/vfs.32
 .comment       0x0000000000000000       0x12 fs/vfs.32
 .group         0x0000000000000000        0xc hal/bus.32
 .comment       0x0000000000000000       0x12 hal/bus.32
 .comment       0x0000000000000000       0x12 hal/buzzer.32
 .group         0x0000000000000000        0xc hal/clock.32
 .comment       0x0000000000000000       0x12 hal/clock.32
 .group         0x0000000000000000       0x14 hal/device.32
 .group         0x0000000000000000        0xc hal/device.32
 .group         0x0000000000000000        0x8 hal/device.32
 .group         0x0000000000000000        0xc hal/device.32
 .group         0x0000000000000000        0xc hal/device.32
 .comment       0x0000000000000000       0x12 hal/device.32
 .group         0x0000000000000000        0xc hal/diskctrl.32
 .comment       0x0000000000000000       0x12 hal/diskctrl.32
 .group         0x0000000000000000        0xc hal/diskphys.32
 .comment       0x0000000000000000       0x12 hal/diskphys.32
 .comment       0x0000000000000000       0x12 hal/fpu.32
 .comment       0x0000000000000000       0x12 hal/intctrl.32
 .group         0x0000000000000000        0xc hal/keybrd.32
 .comment       0x0000000000000000       0x12 hal/keybrd.32
 .group         0x0000000000000000        0xc hal/logidisk.32
 .comment       0x0000000000000000       0x12 hal/logidisk.32
[...]
Memory Configuration

Name             Origin             Length             Attributes
*default*        0x0000000000000000 0xffffffffffffffff

Linker script and memory map

LOAD D:/Users/Alex/Desktop/Banana/kernel/boot.32
LOAD crti.32
LOAD /cygdrive/d/Users/Alex/Desktop/Toolchain/Output/bin/../lib/gcc/i386-banana/8.1.0/crtbegin.o
LOAD D:/Users/Alex/Desktop/Banana/kernel/morenasm.32
LOAD acpica/utclib.32
LOAD core/malloc.32
LOAD libk/ctype.32
LOAD libk/string.32
LOAD fs/fat/diskio.32
LOAD fs/fat/ff.32
LOAD fs/fat/ffsystem.32
LOAD fs/fat/ffunicode.32
LOAD fs/iso9660/iso9660.32
LOAD core/computer.32
LOAD core/gdt.32
LOAD core/idle.32
LOAD core/idt.32
LOAD core/kheap.32
LOAD core/main.32
LOAD core/physmgr.32
LOAD core/pipe.32
LOAD core/terminal.32
LOAD core/tss.32
LOAD core/unixfile.32
LOAD core/virtmgr.32
LOAD coreobjs/c++.32
LOAD dbg/kconsole.32
LOAD dbg/usban.32
LOAD fs/symlink.32
LOAD fs/vfs.32
LOAD hal/bus.32
LOAD hal/buzzer.32
LOAD hal/clock.32
LOAD hal/device.32
LOAD hal/diskctrl.32
LOAD hal/diskphys.32
LOAD hal/fpu.32
LOAD hal/intctrl.32
LOAD hal/keybrd.32
LOAD hal/logidisk.32
LOAD hal/mouse.32
LOAD hal/nic.32
LOAD hal/partition.32
LOAD hal/serial.32
LOAD hal/timer.32
LOAD hal/vcache.32
LOAD hal/video.32
LOAD hw/acpi.32
LOAD hw/cpu.32
LOAD krnl/atexit.32
LOAD krnl/bootmsg.32
LOAD krnl/compat.32
LOAD krnl/env.32
LOAD krnl/inlines.32
LOAD krnl/panic.32
LOAD krnl/powctrl.32
LOAD krnl/random.32
LOAD krnl/resolve.32
LOAD krnl/signal.32
LOAD krnl/syscalls.32
LOAD net/ethernet.32
LOAD reg/cm.32
LOAD reg/registry.32
LOAD sys/eject.32
LOAD sys/exit.32
LOAD sys/getcwd.32
LOAD sys/getpid.32
LOAD sys/getramdata.32
LOAD sys/getvgaptr.32
LOAD sys/kill.32
LOAD sys/loaddll.32
LOAD sys/read.32
LOAD sys/registersignal.32
LOAD sys/registry.32
LOAD sys/sbrk.32
LOAD sys/setcwd.32
LOAD sys/settime.32
LOAD sys/timezone.32
LOAD sys/truncate.32
LOAD sys/write.32
LOAD sys/wsbe.32
LOAD sys/yield.32
LOAD thr/elf.32
LOAD thr/prcssthr.32
LOAD vm86/vm8086.32
LOAD arch/i386/hal.32
LOAD arch/i386/pic.32
LOAD arch/i386/rtc.32
LOAD arch/i386/vga.32
LOAD fs/fat/vfslink.32
LOAD fs/iso9660/helper.32
LOAD fs/iso9660/vfslink.32
LOAD hal/sound/sndcard.32
LOAD hal/sound/sndport.32
LOAD hw/bus/isa.32
LOAD hw/bus/pci.32
LOAD hw/diskctrl/ide.32
LOAD hw/diskctrl/satabus.32
LOAD hw/diskphys/ata.32
LOAD hw/diskphys/atapi.32
LOAD hw/diskphys/sata.32
LOAD hw/diskphys/satapi.32
LOAD hw/intctrl/apic.32
LOAD hw/timer/apictimer.32
LOAD hw/timer/pit.32
LOAD arch/i386/avx.32
LOAD arch/i386/interrupt.32
LOAD arch/i386/rdrand.32
LOAD arch/i386/sse.32
LOAD arch/i386/x87.32
LOAD /cygdrive/d/Users/Alex/Desktop/Toolchain/Output/bin/../lib/gcc/i386-banana/8.1.0/crtend.o
LOAD crtn.32
LOAD /cygdrive/d/Users/Alex/Desktop/Toolchain/Output/bin/../lib/gcc/i386-banana/8.1.0/libkgcc.a
LOAD D:/Users/Alex/Desktop/Banana/kernel/libsoftfp.a
LOAD D:/Users/Alex/Desktop/Banana/kernel/libk/libm32.a
                0x00000000c0000000                . = 0xc0000000

.text           0x00000000c0000000    0x1f3ca
 *(.text)
 .text          0x00000000c0000000       0x20 D:/Users/Alex/Desktop/Banana/kernel/boot.32
 .text          0x00000000c0000020        0x0 crti.32
 .text          0x00000000c0000020      0x101 /cygdrive/d/Users/Alex/Desktop/Toolchain/Output/bin/../lib/gcc/i386-banana/8.1.0/crtbegin.o
 *fill*         0x00000000c0000121        0xf 
 .text          0x00000000c0000130      0x24f D:/Users/Alex/Desktop/Banana/kernel/morenasm.32
                0x00000000c0000130                manualPCIProbe
                0x00000000c000017b                prepareTramp
                0x00000000c0000194                doTPAUSE
                0x00000000c000019e                hasLegacyFPU
                0x00000000c00001c3                is486
                0x00000000c00001f9                detectCPUID
                0x00000000c000020f                goToVM86
                0x00000000c000023f                goToUsermode
                0x00000000c0000269                switchToThreadASMFirstTime
                0x00000000c0000277                switchToThreadASM
                0x00000000c00002fc                asmQuickAcquireLock
                0x00000000c000031a                asmQuickReleaseLock
                0x00000000c0000326                asmAcquireLock
                0x00000000c0000347                asmReleaseLock
                0x00000000c000035a                loadGDT
                0x00000000c000037a                memcpy
 *fill*         0x00000000c000037f        0x1 
 .text          0x00000000c0000380      0x868 acpica/utclib.32
                0x00000000c0000380                memcmp
                0x00000000c00003d0                memmove
                0x00000000c00004f0                memset
                0x00000000c0000570                strlen
                0x00000000c00005a0                strpbrk
                0x00000000c00005f0                strtok
                0x00000000c0000640                strcpy
                0x00000000c0000680                strncpy
                0x00000000c0000750                strcmp
                0x00000000c00007a0                strchr
                0x00000000c00007e0                strncmp
                0x00000000c0000840                strcat
                0x00000000c0000870                strncat
                0x00000000c00008d0                strstr
                0x00000000c0000930                toupper
                0x00000000c0000950                tolower
                0x00000000c0000970                simple_strtoul
 .text          0x00000000c0000be8      0xfaa core/malloc.32
                0x00000000c0000d53                dlfree
                0x00000000c00010ab                dlmalloc
                0x00000000c00015e8                dlrealloc
                0x00000000c000178b                dlmemalign
                0x00000000c00018ae                dlcalloc
                0x00000000c0001948                dlcfree
                0x00000000c000194d                dlindependent_calloc
                0x00000000c0001972                dlindependent_comalloc
                0x00000000c0001989                dlvalloc
                0x00000000c00019b4                dlpvalloc
                0x00000000c00019ea                dlmalloc_trim
                0x00000000c00019f7                dlmalloc_usable_size
                0x00000000c0001a28                dlmallinfo
                0x00000000c0001af7                dlmalloc_stats
                0x00000000c0001b08                dlmallopt
 *fill*         0x00000000c0001b92        0x2 
 .text          0x00000000c0001b94      0x1f2 libk/ctype.32
                0x00000000c0001b94                isblank
                0x00000000c0001bb4                iscntrl
                0x00000000c0001bd4                isdigit
                0x00000000c0001bf0                islower
                0x00000000c0001c0c                isspace
                0x00000000c0001c34                isupper
                0x00000000c0001c50                isalpha
                0x00000000c0001c80                isalnum
                0x00000000c0001cb0                ispunct
                0x00000000c0001cf0                isgraph
                0x00000000c0001d20                isprint
                0x00000000c0001d48                isxdigit
 .text          0x00000000c0001d86        0x0 libk/string.32
 .text          0x00000000c0001d86       0x51 fs/fat/diskio.32
                0x00000000c0001d86                disk_status
                0x00000000c0001d89                disk_initialize
                0x00000000c0001d8c                disk_read
                0x00000000c0001da2                disk_write
                0x00000000c0001db8                disk_ioctl
 .text          0x00000000c0001dd7     0x3e46 fs/fat/ff.32
                0x00000000c0003bf8                f_mount
                0x00000000c0003c5a                f_open
                0x00000000c0003f1d                f_read
                0x00000000c000411c                f_write
                0x00000000c0004364                f_sync
                0x00000000c0004429                f_close
                0x00000000c0004458                f_lseek
                0x00000000c0004609                f_opendir
                0x00000000c00046d4                f_closedir
                0x00000000c00046f6                f_readdir
                0x00000000c0004788                f_stat
                0x00000000c0004807                f_getfree
                0x00000000c0004910                f_truncate
                0x00000000c00049fa                f_unlink
                0x00000000c0004b1c                f_mkdir
                0x00000000c0004cb7                f_rename
                0x00000000c0004e6f                f_chmod
                0x00000000c0004f1f                f_utime
                0x00000000c0004fcf                f_getlabel
                0x00000000c0005120                f_setlabel
                0x00000000c00052b0                f_expand
                0x00000000c000541d                f_mkfs
 *fill*         0x00000000c0005c1d        0x3 
 .text          0x00000000c0005c20       0x2f fs/fat/ffsystem.32
                0x00000000c0005c20                ff_memalloc
                0x00000000c0005c38                ff_memfree
 *fill*         0x00000000c0005c4f        0x1 
 .text          0x00000000c0005c50      0x2dc fs/fat/ffunicode.32
                0x00000000c0005c50                ff_uni2oem
                0x00000000c0005cf0                ff_oem2uni
                0x00000000c0005d68                ff_wtoupper
 .text          0x00000000c0005f2c      0xd32 fs/iso9660/iso9660.32
                0x00000000c0006177                isoReadDiscSector
                0x00000000c0006212                strnicmp
                0x00000000c00064c1                stricmp
                0x00000000c000650d                iso_open
                0x00000000c0006597                iso_close
                0x00000000c00065b5                iso_read
                0x00000000c00066cb                iso_seek
                0x00000000c000674f                iso_tell
                0x00000000c0006780                iso_total
                0x00000000c00067ab                fn_postprocess
                0x00000000c00067d2                iso_readdir
                0x00000000c0006a29                iso_reset
                0x00000000c0006a46                init_percd
                0x00000000c0006b40                iso_ioctl
                0x00000000c0006b58                fs_iso9660_init
                0x00000000c0006bee                fs_iso9660_shutdown
 .text          0x00000000c0006c5e      0x6c3 core/computer.32
                0x00000000c0006c5e                Computer::close(int, int, void*)
                0x00000000c0006ca8                Krnl::firstTask()
                0x00000000c0006de6                Computer::Computer()
                0x00000000c0006de6                Computer::Computer()
                0x00000000c0006e96                Computer::setBootMessage(char const*)
                0x00000000c0006e98                Computer::detectFeatures()
                0x00000000c00070be                Computer::displayFeatures()
                0x00000000c00070c0                Computer::rdmsr(unsigned int)
                0x00000000c00070ec                Computer::wrmsr(unsigned int, unsigned long long)
                0x00000000c0007128                Computer::shutdown()
                0x00000000c0007140                Computer::restart()
                0x00000000c0007158                Computer::sleep()
                0x00000000c000716c                Computer::nmiEnabled()
                0x00000000c0007178                Computer::readCMOS(unsigned char)
                0x00000000c0007196                Computer::enableNMI(bool)
                0x00000000c00071ae                Computer::open(int, int, void*)
                0x00000000c0007282                Computer::disableNMI()
                0x00000000c0007292                Computer::writeCMOS(unsigned char, unsigned char)
                0x00000000c00072b6                Computer::handleNMI()
 *fill*         0x00000000c0007321        0x1 
 .text          0x00000000c0007322      0x1db core/gdt.32
                0x00000000c0007322                GDTEntry::setBase(unsigned int)
                0x00000000c000733e                GDTEntry::setLimit(unsigned int)
                0x00000000c000735c                GDT::GDT()
                0x00000000c000735c                GDT::GDT()
                0x00000000c0007372                GDT::addEntry(GDTEntry)
                0x00000000c0007394                GDT::getNumberOfEntries()
                0x00000000c000739c                GDT::flush()
                0x00000000c00073be                GDT::setup()
 .text          0x00000000c00074fd       0x1d core/idle.32
                0x00000000c00074fd                idleFunction(void*)
 *fill*         0x00000000c000751a        0x2 
 .text          0x00000000c000751c      0x46c core/idt.32
                0x00000000c000751c                IDTEntry::IDTEntry(bool)
                0x00000000c000751c                IDTEntry::IDTEntry(bool)
                0x00000000c0007596                IDTEntry::setOffset(unsigned int)
                0x00000000c00075ac                IDT::IDT()
                0x00000000c00075ac                IDT::IDT()
                0x00000000c00075ae                IDT::getPointerToInvalidOpcodeEntryForF00F()
                0x00000000c00075b6                IDT::addEntry(IDTEntry, int)
                0x00000000c00075d0                IDT::addEntry(int, void (*)(), bool)
                0x00000000c0007608                IDT::flush()
                0x00000000c0007622                IDT::setup()
 .text          0x00000000c0007988      0x188 core/kheap.32
                0x00000000c0007988                sbrk
                0x00000000c0007a1f                mmap
                0x00000000c0007a35                munmap
                0x00000000c0007a4b                liballoc_lock()
                0x00000000c0007a59                liballoc_unlock()
                0x00000000c0007a6f                liballoc_alloc(int)
                0x00000000c0007a87                liballoc_free(void*, int)
                0x00000000c0007aa2                realloc
                0x00000000c0007ab6                malloc
                0x00000000c0007ac6                free
                0x00000000c0007ad6                rfree
                0x00000000c0007ae6                calloc
 .text          0x00000000c0007b10       0xc7 core/main.32
                0x00000000c0007b10                KeEntryPoint
 .text          0x00000000c0007bd7      0x644 core/physmgr.32
                0x00000000c0007bd7                Phys::allocateDMA(unsigned long)
                0x00000000c0007cbf                Phys::freeDMA(unsigned long, unsigned long)
                0x00000000c0007cfa                Phys::setPageState(unsigned long, bool)
                0x00000000c0007d3a                Phys::getPageState(unsigned long)
                0x00000000c0007d56                Phys::freePage(unsigned long)
                0x00000000c0007dbf                Phys::allocatePage()
                0x00000000c0007e8e                Phys::allocateContiguousPages(int)
                0x00000000c0007ef5                Phys::allowSegmentToBeUsed(unsigned long, unsigned long)
                0x00000000c0007f2d                Phys::physicalMemorySetup(unsigned int)
 *fill*         0x00000000c000821b        0x1 
 .text          0x00000000c000821c      0x273 core/pipe.32
                0x00000000c000821c                Pipe::isAtty()
                0x00000000c0008220                Pipe::~Pipe()
                0x00000000c0008220                Pipe::~Pipe()
                0x00000000c0008244                Pipe::~Pipe()
                0x00000000c000826c                Pipe::write(unsigned long long, void*, int*)
                0x00000000c000832c                Pipe::read(unsigned long long, void*, int*)
                0x00000000c0008428                Pipe::Pipe(int)
                0x00000000c0008428                Pipe::Pipe(int)
 *fill*         0x00000000c000848f        0x1 
 .text          0x00000000c0008490      0xab3 core/terminal.32
                0x00000000c0008490                VgaText::isAtty()
                0x00000000c0008494                VgaText::~VgaText()
                0x00000000c0008494                VgaText::~VgaText()
                0x00000000c00084b8                VgaText::~VgaText()
                0x00000000c00084e2                VgaText::read(unsigned long long, void*, int*)
                0x00000000c0008502                setTerminalScrollLock(bool)
                0x00000000c0008503                doTerminalCycle()
                0x00000000c0008504                addToTerminalCycle(VgaText*)
                0x00000000c0008505                scrollTerminalScrollLock(int)
                0x00000000c0008506                VgaText::updateTitle()
                0x00000000c0008508                VgaText::load()
                0x00000000c000850a                VgaText::updateCursor()
                0x00000000c0008520                VgaText::doANSI_SGR(int)
                0x00000000c0008594                VgaText::setDefaultBgColour(VgaColour)
                0x00000000c00085a4                VgaText::setDefaultFgColour(VgaColour)
                0x00000000c00085b4                VgaText::setDefaultColours(VgaColour, VgaColour)
                0x00000000c00085d4                VgaText::setTitleTextColour(VgaColour)
                0x00000000c00085e0                VgaText::setTitleColour(VgaColour)
                0x00000000c00085ec                VgaText::setTitle(char*)
                0x00000000c00085ee                VgaText::combineColours(unsigned char, unsigned char)
                0x00000000c0008600                VgaText::scrollScreen()
                0x00000000c0008692                VgaText::combineCharAndColour(char, unsigned char)
                0x00000000c00086a2                VgaText::writeCharacter(char, VgaColour, VgaColour, int, int)
                0x00000000c0008732                VgaText::getCursorX()
                0x00000000c000873a                VgaText::getCursorY()
                0x00000000c0008742                VgaText::setCursor(int, int)
                0x00000000c0008759                setActiveTerminal(VgaText*)
                0x00000000c00087a4                VgaText::clearScreen()
                0x00000000c00087f2                VgaText::setCursorX(int)
                0x00000000c000880a                VgaText::setCursorY(int)
                0x00000000c0008822                VgaText::incrementCursor(bool)
                0x00000000c0008876                VgaText::decrementCursor(bool)
                0x00000000c0008898                VgaText::putchar(char, VgaColour, VgaColour)
                0x00000000c0008968                VgaText::putchar(char)
                0x00000000c0008a60                VgaText::putx(unsigned int)
                0x00000000c0008aa6                VgaText::puts(char const*)
                0x00000000c0008acc                VgaText::write(unsigned long long, void*, int*)
                0x00000000c0008b18                VgaText::puts(char const*, VgaColour, VgaColour)
                0x00000000c0008c66                VgaText::VgaText(char const*)
                0x00000000c0008c66                VgaText::VgaText(char const*)
                0x00000000c0008db6                VgaText::receiveKey(unsigned char)
                0x00000000c0008f42                VgaText::doUpdate()
 *fill*         0x00000000c0008f43        0x1 
 .text          0x00000000c0008f44      0x1a1 core/tss.32
                0x00000000c0008f44                TSS::TSS()
                0x00000000c0008f44                TSS::TSS()
                0x00000000c0008f54                TSS::setESP(unsigned long)
                0x00000000c0008f68                TSS::flush()
                0x00000000c0008f88                TSS::setup(unsigned long, unsigned long)
 *fill*         0x00000000c00090e5        0x1 
 .text          0x00000000c00090e6      0x4ca core/unixfile.32
                0x00000000c00090e6                ReservedFilename::read(unsigned long long, void*, int*)
                0x00000000c000913c                ReservedFilename::isAtty()
                0x00000000c0009158                ReservedFilename::write(unsigned long long, void*, int*)
                0x00000000c00091b6                UnixFile::getFileDescriptor()
                0x00000000c00091be                UnixFile::UnixFile(int)
                0x00000000c00091be                UnixFile::UnixFile(int)
                0x00000000c0009372                ReservedFilename::ReservedFilename(int)
                0x00000000c0009372                ReservedFilename::ReservedFilename(int)
                0x00000000c00093a4                UnixFile::~UnixFile()
                0x00000000c00093a4                UnixFile::~UnixFile()
                0x00000000c0009440                UnixFile::~UnixFile()
                0x00000000c0009468                ReservedFilename::~ReservedFilename()
                0x00000000c0009468                ReservedFilename::~ReservedFilename()
                0x00000000c000948c                ReservedFilename::~ReservedFilename()
                0x00000000c00094b3                KeGetFileFromDescriptor(int)
 .text          0x00000000c00095b0     0x1218 core/virtmgr.32
                0x00000000c00095b0                Virt::setPageState(unsigned long, Virt::VirtPageState)
                0x00000000c00095ea                Virt::getPageState(unsigned long)
                0x00000000c000960d                Virt::allocateKernelVirtualPages(int)
                0x00000000c0009732                Virt::freeSwapfilePage(unsigned long)
                0x00000000c0009755                Virt::swapIDToSector(unsigned long)
                0x00000000c000976b                Virt::allocateSwapfilePage()
                0x00000000c00097eb                Virt::virtualMemorySetup()
                0x00000000c000983c                Virt::setupPageSwapping(int)
                0x00000000c00098ae                VAS::setCPUSpecific(unsigned long)
                0x00000000c00098b0                VAS::VAS(VAS*)
                0x00000000c00098b0                VAS::VAS(VAS*)
                0x00000000c00098de                VAS::getForeignPageTableEntry(bool, unsigned long)
                0x00000000c000990c                VAS::getPageTableEntry(unsigned long)
                0x00000000c000992b                Virt::freeKernelVirtualPages(unsigned long)
                0x00000000c0009a68                VAS::freeAllocatedPages(unsigned long)
                0x00000000c0009a8c                VAS::virtualToPhysical(unsigned long)
                0x00000000c0009aa6                VAS::reflagRange(unsigned long, int, unsigned long, unsigned long)
                0x00000000c0009ae8                VAS::VAS()
                0x00000000c0009ae8                VAS::VAS()
                0x00000000c0009b52                VAS::setToWriteCombining(unsigned long, int)
                0x00000000c0009b86                VAS::mapOtherVASIn(bool, VAS*)
                0x00000000c0009bb2                VAS::~VAS()
                0x00000000c0009bb2                VAS::~VAS()
                0x00000000c0009d20                VAS::mapPage(unsigned long, unsigned long, int)
                0x00000000c0009e24                VAS::allocatePages(int, int)
                0x00000000c0009f1a                VAS::mapRange(unsigned long, unsigned long, int, int)
                0x00000000c0009f72                VAS::mapForeignPage(bool, VAS*, unsigned long, unsigned long, int)
                0x00000000c000a068                VAS::VAS(bool)
                0x00000000c000a068                VAS::VAS(bool)
                0x00000000c000a2b2                VAS::evict(unsigned long)
                0x00000000c000a390                VAS::tryLoadBackOffDisk(unsigned long)
                0x00000000c000a52a                VAS::allocateSharedMemoryWithKernel(unsigned long, unsigned long*)
                0x00000000c000a59e                VAS::freeSharedMemoryWithKernel(unsigned long, unsigned long)
                0x00000000c000a5ca                VAS::scanForEviction()
                0x00000000c000a6cd                mapVASFirstTime
 .text          0x00000000c000a7c8       0x5f coreobjs/c++.32
                0x00000000c000a7c8                __cxa_atexit
                0x00000000c000a7cb                __cxa_finalize
                0x00000000c000a7cc                __stack_chk_fail
                0x00000000c000a802                __cxa_pure_virtual
                0x00000000c000a813                operator new[](unsigned long)
                0x00000000c000a818                operator delete(void*, unsigned long)
                0x00000000c000a81d                operator delete[](void*)
                0x00000000c000a822                operator delete[](void*, unsigned long)
 .text          0x00000000c000a827      0x254 dbg/kconsole.32
                0x00000000c000a827                Dbg::stringifyxWithBase(unsigned int, char*, int)
                0x00000000c000a8c7                Dbg::logc(char)
                0x00000000c000a8e7                Dbg::logs(char*)
                0x00000000c000a906                Dbg::logWriteInt(unsigned int)
                0x00000000c000a924                Dbg::logWriteIntBase(unsigned int, int)
                0x00000000c000a945                Dbg::kprintf(char const*, ...)
 *fill*         0x00000000c000aa7b        0x1 
 .text          0x00000000c000aa7c      0x2d4 dbg/usban.32
                0x00000000c000aa7c                KiUbsanPrintDetails(char const*, void*)
                0x00000000c000aae8                __ubsan_handle_type_mismatch_v1
                0x00000000c000abc4                __ubsan_handle_pointer_overflow
                0x00000000c000abf0                __ubsan_handle_out_of_bounds
                0x00000000c000ac1c                __ubsan_handle_add_overflow
                0x00000000c000ac48                __ubsan_handle_load_invalid_value
                0x00000000c000ac74                __ubsan_handle_divrem_overflow
                0x00000000c000aca0                __ubsan_handle_mul_overflow
                0x00000000c000accc                __ubsan_handle_sub_overflow
                0x00000000c000acf8                __ubsan_handle_shift_out_of_bounds
                0x00000000c000ad24                __ubsan_handle_negate_overflow
 .text          0x00000000c000ad50      0x5a5 fs/symlink.32
                0x00000000c000ad50                KiCreateSymlinkID()
                0x00000000c000adbd                KiFlushSymlinkChanges()
                0x00000000c000ae90                KiDeinitialiseSymlinks(void*)
                0x00000000c000ae95                KeRegisterSymlink(char const*, unsigned long long)
                0x00000000c000af04                KiIsSymlinkRegistered(char const*)
                0x00000000c000af4b                KeDereferenceSymlink(char const*, char*)
                0x00000000c000b102                KeCreateSymlink(char const*, char const*)
                0x00000000c000b23f                KeInitialiseSymlinks()
 *fill*         0x00000000c000b2f5        0x1 
 .text          0x00000000c000b2f6      0xcb6 fs/vfs.32
                0x00000000c000b2f6                File::read(unsigned long long, void*, int*)
                0x00000000c000b34e                File::write(unsigned long long, void*, int*)
                0x00000000c000b3a6                Directory::read(unsigned long long, void*, int*)
                0x00000000c000b3fe                Directory::write(unsigned long long, void*, int*)
                0x00000000c000b42c                File::isAtty()
                0x00000000c000b430                Directory::isAtty()
                0x00000000c000b434                Filesystem::getlabel(LogicalDisk*, int, char*, unsigned int*)
                0x00000000c000b43a                Filesystem::setlabel(LogicalDisk*, int, char*)
                0x00000000c000b440                Filesystem::allocateSwapfile(char const*, int)
                0x00000000c000b446                File::~File()
                0x00000000c000b446                File::~File()
                0x00000000c000b46a                File::~File()
                0x00000000c000b494                Directory::~Directory()
                0x00000000c000b494                Directory::~Directory()
                0x00000000c000b4b8                Directory::~Directory()
                0x00000000c000b4e2                Filesystem::Filesystem()
                0x00000000c000b4e2                Filesystem::Filesystem()
                0x00000000c000b506                Filesystem::~Filesystem()
                0x00000000c000b506                Filesystem::~Filesystem()
                0x00000000c000b514                Filesystem::~Filesystem()
                0x00000000c000b538                Fs::getcwd(Process*, char*, int)
                0x00000000c000b562                Fs::initVFS()
                0x00000000c000b58c                Fs::standardiseFiles(char*, char const*, char const*)
                0x00000000c000b742                File::File(char const*, Process*)
                0x00000000c000b742                File::File(char const*, Process*)
                0x00000000c000b7fe                File::open(FileOpenMode)
                0x00000000c000b85c                File::close()
                0x00000000c000b8bc                File::seek(unsigned long long)
                0x00000000c000b912                File::truncate(unsigned long long)
                0x00000000c000b968                File::tell(unsigned long long*)
                0x00000000c000b9b8                File::rewind()
                0x00000000c000b9cc                File::unlink()
                0x00000000c000ba18                File::rename(char const*)
                0x00000000c000ba66                File::chfatattr(unsigned char, unsigned char)
                0x00000000c000bac2                File::exists()
                0x00000000c000bb00                File::stat(unsigned long long*, bool*)
                0x00000000c000bb61                Fs::setcwd(Process*, char*)
                0x00000000c000bcbe                Directory::Directory(char const*, Process*)
                0x00000000c000bcbe                Directory::Directory(char const*, Process*)
                0x00000000c000bd7a                Directory::open()
                0x00000000c000bdd6                Directory::close()
                0x00000000c000be36                Directory::unlink()
                0x00000000c000be82                Directory::rename(char const*)
                0x00000000c000bed0                Directory::exists()
                0x00000000c000bf0e                Directory::read(dirent*)
                0x00000000c000bf5a                Directory::create()
                0x00000000c000bfa6                Filesystem::chfatattr(char const*, unsigned char, unsigned char)
 .text          0x00000000c000bfac       0x86 hal/bus.32
                0x00000000c000bfac                Bus::Bus(char const*)
                0x00000000c000bfac                Bus::Bus(char const*)
                0x00000000c000bfe4                Bus::~Bus()
                0x00000000c000bfe4                Bus::~Bus()
                0x00000000c000c008                Bus::~Bus()
 .text          0x00000000c000c032       0x96 hal/buzzer.32
                0x00000000c000c032                beepThread(void*)
                0x00000000c000c06f                Krnl::beep(int, int, bool)
 .text          0x00000000c000c0c8      0x45f hal/clock.32
                0x00000000c000c0c8                User::loadClockSettings(int)
                0x00000000c000c11a                Clock::Clock(char const*)
                0x00000000c000c11a                Clock::Clock(char const*)
                0x00000000c000c150                Clock::~Clock()
                0x00000000c000c150                Clock::~Clock()
                0x00000000c000c174                Clock::~Clock()
                0x00000000c000c19e                Clock::timeInSecondsLocal()
                0x00000000c000c1e6                Clock::setTimeInSecondsLocal(unsigned long long)
                0x00000000c000c23f                datetimeToSeconds(datetime_t)
                0x00000000c000c35e                Clock::setTimeInDatetimeLocal(datetime_t)
                0x00000000c000c3be                secondsToDatetime(unsigned long long)
                0x00000000c000c502                Clock::timeInDatetimeLocal()
 *fill*         0x00000000c000c527        0x1 
 .text          0x00000000c000c528      0x464 hal/device.32
                0x00000000c000c528                Device::hibernate()
                0x00000000c000c52a                Device::wake()
                0x00000000c000c52c                Device::detect()
                0x00000000c000c52e                Device::disableLegacy()
                0x00000000c000c530                Device::powerSaving(PowerSavingLevel)
                0x00000000c000c532                DriverlessDevice::close(int, int, void*)
                0x00000000c000c536                DriverlessDevice::detect()
                0x00000000c000c538                DriverlessDevice::open(int, int, void*)
                0x00000000c000c54c                Device::~Device()
                0x00000000c000c54c                Device::~Device()
                0x00000000c000c55a                Device::~Device()
                0x00000000c000c582                Device::findAndLoadDriver()
                0x00000000c000c590                Device::preOpenPCI(PCIDeviceInfo)
                0x00000000c000c5b6                Device::preOpenACPI(void*, char*, char*)
                0x00000000c000c5f6                Device::addIRQHandler(int, void (*)(regs*, void*), bool, void*)
                0x00000000c000c620                Device::getParent()
                0x00000000c000c62c                Device::removeIRQHandler(int, void (*)(regs*, void*), bool)
                0x00000000c000c64a                Device::addChild(Device*)
                0x00000000c000c68e                Device::removeAllChildren()
                0x00000000c000c6d4                Device::hibernateAll()
                0x00000000c000c704                Device::wakeAll()
                0x00000000c000c734                Device::detectAll()
                0x00000000c000c764                Device::disableLegacyAll()
                0x00000000c000c766                Device::loadDriversForAll()
                0x00000000c000c768                Device::closeAll()
                0x00000000c000c79e                Device::powerSavingAll(PowerSavingLevel)
                0x00000000c000c7d4                Device::setName(char const*)
                0x00000000c000c7e2                Device::Device(char const*)
                0x00000000c000c7e2                Device::Device(char const*)
                0x00000000c000c8de                Device::getName()
                0x00000000c000c8e8                DriverlessDevice::DriverlessDevice(char const*)
                0x00000000c000c8e8                DriverlessDevice::DriverlessDevice(char const*)
                0x00000000c000c91e                Device::addToLinkedList(LinkedList<Device>&, DeviceType)
                0x00000000c000c962                getDevicesOfType(DeviceType)
 .text          0x00000000c000c98c       0x86 hal/diskctrl.32
                0x00000000c000c98c                HardDiskController::HardDiskController(char const*)
                0x00000000c000c98c                HardDiskController::HardDiskController(char const*)
                0x00000000c000c9c4                HardDiskController::~HardDiskController()
                0x00000000c000c9c4                HardDiskController::~HardDiskController()
                0x00000000c000c9e8                HardDiskController::~HardDiskController()
 .text          0x00000000c000ca12       0xe2 hal/diskphys.32
                0x00000000c000ca12                PhysicalDisk::eject()
                0x00000000c000ca16                PhysicalDisk::PhysicalDisk(char const*, int)
                0x00000000c000ca16                PhysicalDisk::PhysicalDisk(char const*, int)
                0x00000000c000ca7e                PhysicalDisk::startCache()
                0x00000000c000caa6                PhysicalDisk::~PhysicalDisk()
                0x00000000c000caa6                PhysicalDisk::~PhysicalDisk()
                0x00000000c000caca                PhysicalDisk::~PhysicalDisk()
 .text          0x00000000c000caf4        0x0 hal/fpu.32
 .text          0x00000000c000caf4      0x359 hal/intctrl.32
                0x00000000c000caf4                int_handler
                0x00000000c000cb7e                installISRHandler(int, void (*)(regs*, void*), void*)
                0x00000000c000cbc8                installIRQHandler(int, void (*)(regs*, void*), bool, void*)
                0x00000000c000ccfc                uninstallISRHandler(int, void (*)(regs*, void*))
                0x00000000c000cd30                uninstallIRQHandler(int, void (*)(regs*, void*), bool)
                0x00000000c000cdae                setupINTS()
                0x00000000c000ce0b                convertLegacyIRQNumber(int)
 *fill*         0x00000000c000ce4d        0x1 
 .text          0x00000000c000ce4e      0x8be hal/keybrd.32
                0x00000000c000ce4e                startGUI(void*)
                0x00000000c000cebc                startGUIVESA(void*)
                0x00000000c000cf2a                sendKeyToTerminal(unsigned char)
                0x00000000c000d005                sendKeyboardToken(KeyboardToken)
                0x00000000c000d4ef                clearInternalKeybuffer(VgaText*)
                0x00000000c000d524                readKeyboard(VgaText*, char*, unsigned long)
                0x00000000c000d682                Keyboard::Keyboard(char const*)
                0x00000000c000d682                Keyboard::Keyboard(char const*)
                0x00000000c000d6be                Keyboard::~Keyboard()
                0x00000000c000d6be                Keyboard::~Keyboard()
                0x00000000c000d6e2                Keyboard::~Keyboard()
 .text          0x00000000c000d70c      0x3f8 hal/logidisk.32
                0x00000000c000d70c                LogicalDisk::close(int, int, void*)
                0x00000000c000d710                LogicalDisk::~LogicalDisk()
                0x00000000c000d710                LogicalDisk::~LogicalDisk()
                0x00000000c000d734                LogicalDisk::~LogicalDisk()
                0x00000000c000d75e                LogicalDisk::open(int, int, void*)
                0x00000000c000d772                LogicalDisk::absoluteToRelative(unsigned long long)
                0x00000000c000d7aa                LogicalDisk::relativeToAbsolute(unsigned long long)
                0x00000000c000d7f0                LogicalDisk::LogicalDisk(char const*, PhysicalDisk*, unsigned long long, unsigned long long)
                0x00000000c000d7f0                LogicalDisk::LogicalDisk(char const*, PhysicalDisk*, unsigned long long, unsigned long long)
                0x00000000c000d8b0                LogicalDisk::assignDriveLetter()
                0x00000000c000d96a                LogicalDisk::mount()
                0x00000000c000d9b2                LogicalDisk::unmount()
                0x00000000c000d9c2                LogicalDisk::eject()
                0x00000000c000d9d6                LogicalDisk::unassignDriveLetter()
                0x00000000c000da2c                LogicalDisk::read(unsigned long long, int, void*)
                0x00000000c000da98                LogicalDisk::write(unsigned long long, int, void*)
 .text          0x00000000c000db04       0x86 hal/mouse.32
                0x00000000c000db04                Mouse::Mouse(char const*)
                0x00000000c000db04                Mouse::Mouse(char const*)
                0x00000000c000db3c                Mouse::~Mouse()
                0x00000000c000db3c                Mouse::~Mouse()
                0x00000000c000db60                Mouse::~Mouse()
 .text          0x00000000c000db8a       0x90 hal/nic.32
                0x00000000c000db8a                NIC::getMAC()
                0x00000000c000db90                NIC::write(int, unsigned char*, int*)
                0x00000000c000db96                NIC::NIC(char const*)
                0x00000000c000db96                NIC::NIC(char const*)
                0x00000000c000dbcc                NIC::~NIC()
                0x00000000c000dbcc                NIC::~NIC()
                0x00000000c000dbf0                NIC::~NIC()
 .text          0x00000000c000dc1a      0x33b hal/partition.32
                0x00000000c000dc1a                makePartition(PhysicalDisk*, unsigned long long, unsigned long long)
                0x00000000c000dcc2                createPartitionsForDisk(PhysicalDisk*)
 *fill*         0x00000000c000df55        0x3 
 .text          0x00000000c000df58       0x86 hal/serial.32
                0x00000000c000df58                Serial::Serial(char const*)
                0x00000000c000df58                Serial::Serial(char const*)
                0x00000000c000df90                Serial::~Serial()
                0x00000000c000df90                Serial::~Serial()
                0x00000000c000dfb4                Serial::~Serial()
 *fill*         0x00000000c000dfde        0x2 
 .text          0x00000000c000dfe0      0x234 hal/timer.32
                0x00000000c000dfe0                Timer::Timer(char const*)
                0x00000000c000dfe0                Timer::Timer(char const*)
                0x00000000c000e018                Timer::~Timer()
                0x00000000c000e018                Timer::~Timer()
                0x00000000c000e03c                Timer::~Timer()
                0x00000000c000e066                Timer::read()
                0x00000000c000e071                setupTimer(int)
                0x00000000c000e0ac                timerHandler(unsigned int)
 .text          0x00000000c000e214      0x444 hal/vcache.32
                0x00000000c000e214                VCache::VCache(PhysicalDisk*)
                0x00000000c000e214                VCache::VCache(PhysicalDisk*)
                0x00000000c000e384                VCache::invalidateReadBuffer()
                0x00000000c000e394                VCache::writeWriteBuffer()
                0x00000000c000e3e0                VCache::~VCache()
                0x00000000c000e3e0                VCache::~VCache()
                0x00000000c000e438                VCache::~VCache()
                0x00000000c000e460                VCache::write(unsigned long long, int, void*)
                0x00000000c000e54e                VCache::read(unsigned long long, int, void*)
 .text          0x00000000c000e658      0x4c7 hal/video.32
                0x00000000c000e658                Video::putrect(int, int, int, int, unsigned int)
                0x00000000c000e6a4                Video::bitblit(int, int, int, int, int, int, int, unsigned int*)
                0x00000000c000e714                Video::blit(unsigned int*, int, int, int, int)
                0x00000000c000e792                Video::clearScreen(unsigned int)
                0x00000000c000e7c6                Video::putpixel(int, int, unsigned int)
                0x00000000c000e7d4                Video::readPixelApprox(int, int)
                0x00000000c000e7e8                Video::Video(char const*)
                0x00000000c000e7e8                Video::Video(char const*)
                0x00000000c000e81e                Video::~Video()
                0x00000000c000e81e                Video::~Video()
                0x00000000c000e842                Video::~Video()
                0x00000000c000e86c                Video::isMonochrome()
                0x00000000c000e878                Video::getWidth()
                0x00000000c000e884                Video::getHeight()
                0x00000000c000e890                Video::drawCursor(int, int, unsigned int*, int)
                0x00000000c000e94c                Video::tgaParse(unsigned char*, int, int*, int*)
                0x00000000c000eab4                Video::putTGA(int, int, unsigned char*, int)
 *fill*         0x00000000c000eb1f        0x1 
 .text          0x00000000c000eb20     0x138b hw/acpi.32
                0x00000000c000eb20                ACPI::close(int, int, void*)
                0x00000000c000ebd4                findRSDP()
                0x00000000c000ec6c                loadACPITables(unsigned char*)
                0x00000000c000eed8                findRSDT(unsigned char*)
                0x00000000c000f030                findDataTable(unsigned char*, char*)
                0x00000000c000f0b0                scanMADT()
                0x00000000c000f568                ACPI::ACPI()
                0x00000000c000f568                ACPI::ACPI()
                0x00000000c000f5bc                ACPI::getPCIIRQAssignment(unsigned char, unsigned short, unsigned char)
                0x00000000c000f6b8                ACPI::registerPCIIRQAssignment(void*, unsigned short, unsigned char, unsigned char)
                0x00000000c000f784                ACPI::setScreenBrightnessLevel(void*, int)
                0x00000000c000f78c                ACPI::detectPCI()
                0x00000000c000f9ac                ACPI::writeSimpleBootFlag(SimpleBootFlagTable*)
                0x00000000c000f9f4                ACPI::sleep()
                0x00000000c000fa10                ACPI::open(int, int, void*)
 *fill*         0x00000000c000feab        0x1 
 .text          0x00000000c000feac      0xbc5 hw/cpu.32
                0x00000000c000feac                CPU::close(int, int, void*)
                0x00000000c000feb0                CPU::AMD_K6_write_msr(unsigned int, unsigned int, unsigned int, CPU::REGS*)
                0x00000000c000fecc                CPU::AMD_K6_read_msr(unsigned int, CPU::REGS*)
                0x00000000c000fee4                CPU::AMD_K6_writeback(int, int, int)
                0x00000000c000ff58                CPU::cpuid(int, unsigned long*, unsigned long*, unsigned long*, unsigned long*)
                0x00000000c000ffdc                CPU::cpuidCheckEDX(unsigned int)
                0x00000000c001000a                CPU::cpuidCheckECX(unsigned int)
                0x00000000c0010038                CPU::cpuidCheckExtendedEBX(unsigned int)
                0x00000000c0010066                CPU::cpuidCheckExtendedECX(unsigned int)
                0x00000000c0010094                CPU::CPU()
                0x00000000c0010094                CPU::CPU()
                0x00000000c0010122                CPU::displayFeatures()
                0x00000000c0010124                CPU::detectFeatures()
                0x00000000c00107f8                CPU::setupSMEP()
                0x00000000c0010804                CPU::setupUMIP()
                0x00000000c001080e                CPU::setupTSC()
                0x00000000c0010818                CPU::setupLargePages()
                0x00000000c0010822                CPU::setupPAT()
                0x00000000c001085e                CPU::setupMTRR()
                0x00000000c0010860                CPU::setupGlobalPages()
                0x00000000c001086a                CPU::allowUsermodeDataAccess()
                0x00000000c001087c                CPU::prohibitUsermodeDataAccess()
                0x00000000c001088e                CPU::setupSMAP()
                0x00000000c001089c                CPU::setupFeatures()
                0x00000000c0010968                CPU::open(int, int, void*)
 .text          0x00000000c0010a71       0xb6 krnl/atexit.32
                0x00000000c0010a71                KeInitialiseAtexit()
                0x00000000c0010a90                KeRegisterAtexit(void (*)(void*), void*)
                0x00000000c0010ac4                KeExecuteAtexit()
 .text          0x00000000c0010b27       0xdf krnl/bootmsg.32
                0x00000000c0010b27                KeDisplaySplashScreen()
                0x00000000c0010ba3                KeSetBootMessage(char const*)
 *fill*         0x00000000c0010c06        0x2 
 .text          0x00000000c0010c08       0x1d krnl/compat.32
                0x00000000c0010c08                Krnl::handlePowerButton()
                0x00000000c0010c18                Krnl::handleSleepButton()
 *fill*         0x00000000c0010c25        0x1 
 .text          0x00000000c0010c26      0x5bf krnl/env.32
                0x00000000c0010c26                EnvVarContainer::getEnv(char const*)
                0x00000000c0010c64                EnvVarContainer::setEnv(char const*, char const*)
                0x00000000c0010d26                EnvVarContainer::deleteEnv(char const*)
                0x00000000c0010d28                EnvVarContainer::loadFrom(char const*, char const*)
                0x00000000c0010f4c                EnvVarContainer::__loadSystem()
                0x00000000c0010f66                EnvVarContainer::__loadUser()
                0x00000000c0010f68                EnvVarContainer::EnvVarContainer(Process*)
                0x00000000c0010f68                EnvVarContainer::EnvVarContainer(Process*)
                0x00000000c0010f8a                EnvVarContainer::~EnvVarContainer()
                0x00000000c0010f8a                EnvVarContainer::~EnvVarContainer()
                0x00000000c0010fba                KeGetEnv(Process*, char const*)
                0x00000000c001101f                KeSetEnvSystem(char const*, char const*)
                0x00000000c0011039                KeSetEnvUser(char const*, char const*)
                0x00000000c0011058                KeSetEnvProcess(Process*, char const*, char const*)
                0x00000000c001106b                KeDeleteEnvSystem(char const*)
                0x00000000c001106c                KeDeleteEnvUser(char const*)
                0x00000000c001106d                KeDeleteEnvProcess(Process*, char const*)
                0x00000000c001106e                KeNewProcessEnv(Process*)
                0x00000000c0011090                KeCopyProcessEnv(Process*, Process*)
                0x00000000c00110dc                KeLoadSystemEnv()
                0x00000000c001110a                KeLoadUserEnv()
                0x00000000c0011130                KeFlushEnv()
                0x00000000c0011131                KeGetProcessTotalEnvCount(Process*)
                0x00000000c0011151                KeGetProcessEnvPair(Process*, int)
 .text          0x00000000c00111e5       0x94 krnl/inlines.32
                0x00000000c00111e5                CPU::current()
                0x00000000c00111f1                operator new(unsigned long)
                0x00000000c00111f6                operator delete(void*)
                0x00000000c00111fb                disableIRQs()
                0x00000000c00111fd                enableIRQs()
                0x00000000c00111ff                lockScheduler()
                0x00000000c0011207                unlockScheduler()
                0x00000000c0011216                lockStuff()
                0x00000000c0011224                unlockStuff()
                0x00000000c001125e                Virt::getAKernelVAS()
                0x00000000c0011264                __not_memcpy
 .text          0x00000000c0011279        0xc krnl/panic.32
                0x00000000c0011279                KePanic(char const*)
 .text          0x00000000c0011285      0x142 krnl/powctrl.32
                0x00000000c0011285                KePowerThread(void*)
                0x00000000c00112b3                KeChangePowerSettings(PowerSettings)
                0x00000000c00112c9                KeUserIOReceived()
                0x00000000c00112d4                KeHandlePowerButton()
                0x00000000c0011309                KeHandleSleepButton()
                0x00000000c001133e                KeSetupPowerManager()
 .text          0x00000000c00113c7       0x9d krnl/random.32
                0x00000000c00113c7                KeRand()
                0x00000000c0011409                KeSeedRand(unsigned int)
                0x00000000c0011432                KeInitRand()
 .text          0x00000000c0011464      0x1bc krnl/resolve.32
                0x00000000c0011464                KeResolveCompatibilitySymbol(char*)
 .text          0x00000000c0011620      0x322 krnl/signal.32
                0x00000000c0011620                KiSigKill(int)
                0x00000000c0011634                KiDefaultSignalHandlerIgnore(int)
                0x00000000c0011635                KiDefaultSignalHandlerPause(int)
                0x00000000c0011661                KiDefaultSignalHandlerResume(int)
                0x00000000c001168d                KeDeinitSignals(SigHandlerBlock*)
                0x00000000c0011692                KeInitSignals()
                0x00000000c00116e4                KeRegisterSignalHandler(SigHandlerBlock*, int, void (*)(int), unsigned int, int)
                0x00000000c001171a                KeRaiseSignal(SigHandlerBlock*, int)
                0x00000000c0011797                KeCheckSignal(SigHandlerBlock*, int*)
                0x00000000c001188e                KiCheckSignalZ
                0x00000000c00118d0                KeCompleteSignal(SigHandlerBlock*, int)
                0x00000000c001190b                KiFinishSignalZ
 .text          0x00000000c0011942      0xc61 krnl/syscalls.32
                0x00000000c0011942                SysSeekDir(regs*)
                0x00000000c0011947                SysTellDir(regs*)
                0x00000000c001194c                SysVerify(regs*)
                0x00000000c0011956                SysGetArgc(regs*)
                0x00000000c001196a                SysTTYName(regs*)
                0x00000000c0011972                SysFormatDisk(regs*)
                0x00000000c00119e9                SysSetDiskVolumeLabel(regs*)
                0x00000000c0011a3d                SysGetDiskVolumeLabel(regs*)
                0x00000000c0011a96                SysShutdown(regs*)
                0x00000000c0011af4                SysRealpath(regs*)
                0x00000000c0011b39                SysReadDir(regs*)
                0x00000000c0011bb9                SysIsATTY(regs*)
                0x00000000c0011c13                SysSeek(regs*)
                0x00000000c0011c6a                SysTell(regs*)
                0x00000000c0011cd7                SysSize(regs*)
                0x00000000c0011d4a                SysSizeFromFilename(regs*)
                0x00000000c0011dfb                SysClose(regs*)
                0x00000000c0011e5b                SysOpenDir(regs*)
                0x00000000c0011ed8                SysMakeDir(regs*)
                0x00000000c0011f46                SysCloseDir(regs*)
                0x00000000c0011f9a                SysWait(regs*)
                0x00000000c0011fbb                SysNotImpl(regs*)
                0x00000000c0011fd6                SysPanic(regs*)
                0x00000000c0011ff1                SysRmdir(regs*)
                0x00000000c0012056                SysUnlink(regs*)
                0x00000000c00120bb                SysGetArgv(regs*)
                0x00000000c0012108                SysUSleep(regs*)
                0x00000000c0012131                SysSpawn(regs*)
                0x00000000c00121a4                SysGetEnv(regs*)
                0x00000000c0012255                SysSetFatAttrib(regs*)
                0x00000000c00122c8                SysPipe(regs*)
                0x00000000c001230d                SysGetUnixTime(regs*)
                0x00000000c0012321                string_ends_with(char const*, char const*)
                0x00000000c0012369                SysOpen(regs*)
                0x00000000c0012561                KeSystemCall(regs*, void*)
 *fill*         0x00000000c00125a3        0x1 
 .text          0x00000000c00125a4      0x159 net/ethernet.32
                0x00000000c00125a4                KeSwitchEndian16(unsigned short)
                0x00000000c00125c8                KeSwitchEndian32(unsigned int)
                0x00000000c00125f8                EthernetCRC32(unsigned char*, int)
                0x00000000c001269c                EthernetReceivedPacket(EthernetUnwrappedFrame*, unsigned short)
 .text          0x00000000c00126fd      0xd56 reg/cm.32
                0x00000000c00126fd                CmOpen(char const*)
                0x00000000c001281b                CmClose(Reghive_Tag*)
                0x00000000c0012831                CmReadExtent(Reghive_Tag*, int, unsigned char*)
                0x00000000c001286d                CmGetString(Reghive_Tag*, int, char*)
                0x00000000c00128e4                CmEnterDirectory(Reghive_Tag*, int)
                0x00000000c0012923                CmGetNext(Reghive_Tag*, int)
                0x00000000c0012955                CmWriteExtent(Reghive_Tag*, int, unsigned char*)
                0x00000000c0012991                CmFreeExtent(Reghive_Tag*, int)
                0x00000000c00129b9                CmUpdateHeader(Reghive_Tag*)
                0x00000000c00129da                CmExpand(Reghive_Tag*, int)
                0x00000000c0012a55                CmFindUnusedExtent(Reghive_Tag*)
                0x00000000c0012adb                CmCreateExtent(Reghive_Tag*, int, int, unsigned char*)
                0x00000000c0012bcf                CmSetString(Reghive_Tag*, int, char const*)
                0x00000000c0012d0b                CmGetMatch(char*, char*, bool, bool*)
                0x00000000c0012d6c                CmAddShift(unsigned int*, int*, unsigned char, int)
                0x00000000c0012d9c                CmGetShift(unsigned int*, int*, int, bool*)
                0x00000000c0012dd3                CmGetInteger(Reghive_Tag*, int, unsigned long long*)
                0x00000000c0012dfd                CmSetInteger(Reghive_Tag*, int, unsigned long long)
                0x00000000c0012e3d                CmConvertFromInternalFilename(unsigned char const*, char*)
                0x00000000c0012ee1                CmGetNameAndTypeFromExtent(Reghive_Tag*, int, char*)
                0x00000000c0012f0f                CmConvertToInternalFilename(char const*, unsigned char*)
                0x00000000c00130ad                CmCreateString(Reghive_Tag*, int, char const*)
                0x00000000c00130fa                CmFindInDirectory(Reghive_Tag*, int, char const*)
                0x00000000c0013174                CmCreateInteger(Reghive_Tag*, int, char const*, unsigned long long, int)
                0x00000000c00131c7                CmCreateDirectory(Reghive_Tag*, int, char const*)
                0x00000000c001328b                zStrtok(char*, char const*)
                0x00000000c00132fd                CmFindObjectFromPath(Reghive_Tag*, char const*)
                0x00000000c001337e                CmDisplayTree(Reghive_Tag*, int, int)
                0x00000000c0013421                CmSplitFinalSlashInPlace(char*)
 .text          0x00000000c0013453      0x52a reg/registry.32
                0x00000000c0013453                Reg::findLineFromLoadedData(char*, char*, char*)
                0x00000000c00135c4                Reg::getLineFromRegistry(char*, char*, char*, char*)
                0x00000000c0013719                Reg::getLine(char*, char*, char*)
                0x00000000c0013750                Reg::readInt(char*, char*, int*)
                0x00000000c001383e                Reg::readString(char*, char*, char*, int)
                0x00000000c00138bf                Reg::readBool(char*, char*, bool*)
                0x00000000c00138e4                Reg::readBoolWithDefault(char*, char*, bool)
                0x00000000c0013910                Reg::readIntWithDefault(char*, char*, int)
                0x00000000c001393c                Reg::readStringWithDefault(char*, char*, char*, int, char*)
 .text          0x00000000c001397d       0x36 sys/eject.32
                0x00000000c001397d                SysEject(regs*)
 .text          0x00000000c00139b3       0x18 sys/exit.32
                0x00000000c00139b3                SysExit(regs*)
 .text          0x00000000c00139cb       0x1f sys/getcwd.32
                0x00000000c00139cb                SysGetCwd(regs*)
 .text          0x00000000c00139ea        0xc sys/getpid.32
                0x00000000c00139ea                SysGetPID(regs*)
 .text          0x00000000c00139f6       0x1a sys/getramdata.32
                0x00000000c00139f6                SysGetRAMData(regs*)
 .text          0x00000000c0013a10       0x82 sys/getvgaptr.32
                0x00000000c0013a10                SysGetVGAPtr(regs*)
 *fill*         0x00000000c0013a92        0x2 
 .text          0x00000000c0013a94       0xb9 sys/kill.32
                0x00000000c0013a94                SysKill(regs*)
 .text          0x00000000c0013b4d       0xa8 sys/loaddll.32
                0x00000000c0013b4d                SysLoadDLL(regs*)
 .text          0x00000000c0013bf5       0x68 sys/read.32
                0x00000000c0013bf5                SysRead(regs*)
 .text          0x00000000c0013c5d       0x29 sys/registersignal.32
                0x00000000c0013c5d                SysRegisterSignal(regs*)
 .text          0x00000000c0013c86      0x19c sys/registry.32
                0x00000000c0013c86                SysRegistryGetTypeFromPath(regs*)
                0x00000000c0013cfd                SysRegistryReadExtent(regs*)
                0x00000000c0013d45                SysRegistryPathToExtentLookup(regs*)
                0x00000000c0013d6d                SysRegistryEnterDirectory(regs*)
                0x00000000c0013d95                SysRegistryGetNext(regs*)
                0x00000000c0013dbd                SysRegistryGetNameAndTypeFromExtent(regs*)
                0x00000000c0013df7                SysRegistryOpen(regs*)
                0x00000000c0013e0b                SysRegistryClose(regs*)
 .text          0x00000000c0013e22       0x55 sys/sbrk.32
                0x00000000c0013e22                SysSbrk(regs*)
 .text          0x00000000c0013e77       0x1c sys/setcwd.32
                0x00000000c0013e77                SysSetCwd(regs*)
 .text          0x00000000c0013e93       0x96 sys/settime.32
                0x00000000c0013e93                SysSetTime(regs*)
 .text          0x00000000c0013f29       0x4a sys/timezone.32
                0x00000000c0013f29                SysTimezone(regs*)
 .text          0x00000000c0013f73       0xfc sys/truncate.32
                0x00000000c0013f73                SysTruncate(regs*)
 .text          0x00000000c001406f       0x68 sys/write.32
                0x00000000c001406f                SysWrite(regs*)
 .text          0x00000000c00140d7       0x62 sys/wsbe.32
                0x00000000c00140d7                SysWsbe(regs*)
 .text          0x00000000c0014139       0x25 sys/yield.32
                0x00000000c0014139                SysYield(regs*)
 .text          0x00000000c001415e     0x11e6 thr/elf.32
                0x00000000c001415e                Thr::allocateMemoryForTask(Process*, File*, unsigned long, unsigned long, unsigned long)
                0x00000000c00143ec                Thr::loadProgramIntoMemory(Process*, char const*)
                0x00000000c00145fe                Thr::runtimeReferenceHelper()
                0x00000000c0014611                Thr::getAddressOfKernelSymbol(char const*)
                0x00000000c0014660                Thr::loadKernelSymbolTable(char const*)
                0x00000000c001491e                Thr::loadDriverIntoMemory(char const*, unsigned long, bool)
                0x00000000c0015057                Thr::getDriverBaseFromAddress(unsigned long)
                0x00000000c0015089                Thr::getDriverNameFromAddress(unsigned long)
                0x00000000c00150c0                Thr::getDriverOffsetFromAddress(unsigned long)
                0x00000000c00150da                Thr::loadDLL(char const*, bool)
                0x00000000c001530b                Thr::executeDLL(unsigned long, void*)
 .text          0x00000000c0015344     0x13d9 thr/prcssthr.32
                0x00000000c0015344                userModeEntryPoint(void*)
                0x00000000c001536c                changeTSS
                0x00000000c001539c                switchToThread(ThreadControlBlock*)
                0x00000000c001544c                Process::addArgs(char**)
                0x00000000c00154b8                Process::Process(char const*, Process*, char**)
                0x00000000c00154b8                Process::Process(char const*, Process*, char**)
                0x00000000c00156c4                Process::Process(bool, char const*, Process*, char**)
                0x00000000c00156c4                Process::Process(bool, char const*, Process*, char**)
                0x00000000c0015898                taskStartupFunction
                0x00000000c00158a4                Semaphore::Semaphore(int)
                0x00000000c00158a4                Semaphore::Semaphore(int)
                0x00000000c00158d4                Mutex::Mutex()
                0x00000000c00158d4                Mutex::Mutex()
                0x00000000c00158e8                Process::createThread(void (*)(void*), void*, int)
                0x00000000c00159f4                Process::createUserThread()
                0x00000000c0015a14                setupMultitasking(void (*)())
                0x00000000c0015b38                schedule()
                0x00000000c0015bcc                Semaphore::tryAcquire()
                0x00000000c0015ca0                Semaphore::assertLocked(char const*)
                0x00000000c0015d24                blockTaskWithSchedulerLockAlreadyHeld(TaskState)
                0x00000000c0015d4c                blockTask(TaskState)
                0x00000000c0015d84                waitTask(int, int*, int)
                0x00000000c0015dc8                milliTenthSleepUntil(unsigned int)
                0x00000000c0015e68                milliTenthSleep(unsigned int)
                0x00000000c0015e7c                sleep(unsigned int)
                0x00000000c0015e98                Semaphore::acquire()
                0x00000000c0015f60                taskReturned
                0x00000000c0015fa4                Thr::processFromPID(int)
                0x00000000c0016050                unblockTask(ThreadControlBlock*)
                0x00000000c00160fc                cleanupTerminatedTask(ThreadControlBlock*)
                0x00000000c00163d0                cleanerTaskFunction(void*)
                0x00000000c00164d8                terminateTask(int)
                0x00000000c00165c4                Thr::terminateFromIRQ(int)
                0x00000000c00165d4                Semaphore::release()
 .text          0x00000000c001671d      0xc27 vm86/vm8086.32
                0x00000000c001671d                Vm::inbv(unsigned short)
                0x00000000c0016730                Vm::outbv(unsigned short, unsigned char)
                0x00000000c0016766                Vm::realToLinear(unsigned short, unsigned short)
                0x00000000c0016776                Vm::getSegment(unsigned int)
                0x00000000c001677e                Vm::getOffset(unsigned int)
                0x00000000c0016783                Vm::mainloop2()
                0x00000000c00167bd                Vm::mainVm8086Loop(void*)
                0x00000000c00167cd                Vm::mainloop3(unsigned long)
                0x00000000c00167f3                Vm::initialise8086()
                0x00000000c0016836                Vm::finish8086()
                0x00000000c0016897                Vm::getOutput8086(unsigned char*)
                0x00000000c00168bc                Vm::start8086FromBuffer(unsigned char*, int, unsigned short, unsigned short, unsigned short, unsigned short)
                0x00000000c0016975                Vm::start8086(char const*, unsigned short, unsigned short, unsigned short, unsigned short)
                0x00000000c0016b13                Vm::doISR(regs*, int, unsigned char*, unsigned short, unsigned short)
                0x00000000c0016bac                Vm::readByteFromReal(unsigned short, unsigned short)
                0x00000000c0016bbd                Vm::readWordFromReal(unsigned short, unsigned short)
                0x00000000c0016bcf                Vm::readDwordFromReal(unsigned short, unsigned short)
                0x00000000c0016be0                Vm::writeByteFromReal(unsigned short, unsigned short, unsigned char)
                0x00000000c0016bf5                Vm::writeWordFromReal(unsigned short, unsigned short, unsigned short)
                0x00000000c0016c0b                Vm::writeDwordFromReal(unsigned short, unsigned short, unsigned int)
                0x00000000c0016c20                Vm::faultHandler(regs*)
 .text          0x00000000c0017344      0xaf0 arch/i386/hal.32
                0x00000000c0017344                noCopro(unsigned long)
                0x00000000c0017345                nmiHandler(regs*, void*)
                0x00000000c001735e                doubleFault(regs*, void*)
                0x00000000c0017377                displayDebugInfo(regs*)
                0x00000000c00176fc                HalSystemIdle()
                0x00000000c0017778                displayProgramFault(char const*)
                0x00000000c00177c4                gpFault(regs*, void*)
                0x00000000c001782b                pgFault(regs*, void*)
                0x00000000c00178b4                otherISRHandler(regs*, void*)
                0x00000000c00178e8                opcodeFault(regs*, void*)
                0x00000000c001796b                i386SaveCoprocessor(void*)
                0x00000000c001797f                i386LoadCoprocessor(void*)
                0x00000000c0017993                x87EmulHandler(regs*, void*)
                0x00000000c0017a30                HalInitialiseCoprocessor()
                0x00000000c0017ade                HalPanic(char const*)
                0x00000000c0017bf2                HalQueryPerformanceCounter()
                0x00000000c0017c0d                HalInitialise()
                0x00000000c0017dc3                HalMakeBeep(int)
                0x00000000c0017dfd                HalGetRand()
                0x00000000c0017e00                HalEndOfInterrupt(int)
                0x00000000c0017e31                HalRestart()
                0x00000000c0017e32                HalShutdown()
                0x00000000c0017e33                HalSleep()
 .text          0x00000000c0017e34      0x2dc arch/i386/pic.32
                0x00000000c0017e34                picIoWait()
                0x00000000c0017e3c                picDisable()
                0x00000000c0017e70                picGetIRQReg(int)
                0x00000000c0017eec                picOpen()
                0x00000000c0018070                picEOI(int)
 .text          0x00000000c0018110      0x674 arch/i386/rtc.32
                0x00000000c0018110                RTC::open(int, int, void*)
                0x00000000c0018114                RTC::close(int, int, void*)
                0x00000000c0018118                RTC::timeInSecondsUTC()
                0x00000000c001812a                RTC::timeInDatetimeUTC()
                0x00000000c0018150                RTC::setTimeInSecondsUTC(unsigned long long)
                0x00000000c001818e                RTC::~RTC()
                0x00000000c001818e                RTC::~RTC()
                0x00000000c00181b2                RTC::~RTC()
                0x00000000c00181dc                RTC::get_update_in_progress_flag()
                0x00000000c00181f6                RTC::completeRTCRefresh()
                0x00000000c00184d6                RTC::setTimeInDatetimeUTC(datetime_t)
                0x00000000c0018684                rtcIRQHandler(regs*, void*)
                0x00000000c00186ca                RTC::RTC()
                0x00000000c00186ca                RTC::RTC()
 .text          0x00000000c0018784      0x1f4 arch/i386/vga.32
                0x00000000c0018784                HalConsoleScroll(int, int)
                0x00000000c001888c                HalConsoleWriteCharacter(char, int, int, int, int)
                0x00000000c00188f0                HalConsoleCursorUpdate(int, int)
 .text          0x00000000c0018978     0x14cf fs/fat/vfslink.32
                0x00000000c0018978                FAT::getName()
                0x00000000c0018980                FAT::tell(void*, unsigned long long*)
                0x00000000c00189bc                FAT::stat(void*, unsigned long long*)
                0x00000000c00189f8                FAT::~FAT()
                0x00000000c00189f8                FAT::~FAT()
                0x00000000c0018a1c                FAT::~FAT()
                0x00000000c0018a44                FAT::getlabel(LogicalDisk*, int, char*, unsigned int*)
                0x00000000c0018ae8                FAT::setlabel(LogicalDisk*, int, char*)
                0x00000000c0018bac                FAT::format(LogicalDisk*, int, char const*, int)
                0x00000000c0018d90                FAT::tryMount(LogicalDisk*, int)
                0x00000000c0018fac                FAT::allocateSwapfile(char const*, int)
                0x00000000c001916c                FAT::readDir(void*, unsigned long, void*, int*)
                0x00000000c00192dc                FAT::read(void*, unsigned long, void*, int*)
                0x00000000c001933c                FAT::write(void*, unsigned long, void*, int*)
                0x00000000c001939c                FAT::close(void*)
                0x00000000c00193f0                FAT::closeDir(void*)
                0x00000000c0019444                FAT::truncate(void*, unsigned long long)
                0x00000000c00194b0                FAT::seek(void*, unsigned long long)
                0x00000000c0019508                fatWrapperReadDisk
                0x00000000c0019548                fatWrapperWriteDisk
                0x00000000c0019588                fatWrapperIoctl
                0x00000000c00196a4                FAT::FAT()
                0x00000000c00196a4                FAT::FAT()
                0x00000000c00196fc                FAT::fixFilepath(char*)
                0x00000000c001973c                FAT::open(char const*, void**, FileOpenMode)
                0x00000000c00198b0                FAT::openDir(char const*, void**)
                0x00000000c0019960                FAT::stat(char const*, unsigned long long*, bool*)
                0x00000000c0019a58                FAT::unlink(char const*)
                0x00000000c0019ad8                FAT::chfatattr(char const*, unsigned char, unsigned char)
                0x00000000c0019c8c                FAT::rename(char const*, char const*)
                0x00000000c0019d58                FAT::mkdir(char const*)
                0x00000000c0019dd8                FAT::exists(char const*)
 *fill*         0x00000000c0019e47        0x1 
 .text          0x00000000c0019e48       0x94 fs/iso9660/helper.32
                0x00000000c0019e48                isoReadDiscSectorHelper
                0x00000000c0019ea4                iso_kprintf
                0x00000000c0019ec0                iso_kprintfd
 .text          0x00000000c0019edc      0x71c fs/iso9660/vfslink.32
                0x00000000c0019edc                ISO9660::format(LogicalDisk*, int, char const*, int)
                0x00000000c0019ee2                ISO9660::truncate(void*, unsigned long long)
                0x00000000c0019ee8                ISO9660::getName()
                0x00000000c0019eee                ISO9660::closeDir(void*)
                0x00000000c0019ef8                ISO9660::chfatattr(char const*, unsigned char, unsigned char)
                0x00000000c0019efe                ISO9660::unlink(char const*)
                0x00000000c0019f04                ISO9660::write(void*, unsigned long, void*, int*)
                0x00000000c0019f0a                ISO9660::rename(char const*, char const*)
                0x00000000c0019f10                ISO9660::mkdir(char const*)
                0x00000000c0019f16                ISO9660::~ISO9660()
                0x00000000c0019f16                ISO9660::~ISO9660()
                0x00000000c0019f3a                ISO9660::~ISO9660()
                0x00000000c0019f62                ISO9660::exists(char const*)
                0x00000000c0019f76                ISO9660::open(char const*, void**, FileOpenMode)
                0x00000000c001a05c                ISO9660::read(void*, unsigned long, void*, int*)
                0x00000000c001a0a4                ISO9660::seek(void*, unsigned long long)
                0x00000000c001a0e6                ISO9660::tell(void*, unsigned long long*)
                0x00000000c001a124                ISO9660::stat(void*, unsigned long long*)
                0x00000000c001a176                ISO9660::stat(char const*, unsigned long long*, bool*)
                0x00000000c001a2b8                ISO9660::close(void*)
                0x00000000c001a2e8                ISO9660::openDir(char const*, void**)
                0x00000000c001a3c2                ISO9660::readDir(void*, unsigned long, void*, int*)
                0x00000000c001a4df                readSectorFromCDROM(unsigned int, unsigned char*, char)
                0x00000000c001a55e                ISO9660::tryMount(LogicalDisk*, int)
                0x00000000c001a5d0                ISO9660::ISO9660()
                0x00000000c001a5d0                ISO9660::ISO9660()
 .text          0x00000000c001a5f8      0x26c hal/sound/sndcard.32
                0x00000000c001a5f8                SoundCard::beginPlayback()
                0x00000000c001a606                SoundCard::stopPlayback()
                0x00000000c001a614                SoundCard::SoundCard(char const*)
                0x00000000c001a614                SoundCard::SoundCard(char const*)
                0x00000000c001a6b2                SoundCard::~SoundCard()
                0x00000000c001a6b2                SoundCard::~SoundCard()
                0x00000000c001a6d6                SoundCard::~SoundCard()
                0x00000000c001a700                SoundCard::configureRates(int, int, int)
                0x00000000c001a730                SoundCard::getSamples16(int, short*)
                0x00000000c001a78c                SoundCard::getSamples32(int, int*)
                0x00000000c001a812                SoundCard::addChannel(SoundPort*)
                0x00000000c001a850                SoundCard::removeChannel(int)
 .text          0x00000000c001a864      0x38a hal/sound/sndport.32
                0x00000000c001a864                SoundPort::SoundPort(int, int, int, int)
                0x00000000c001a864                SoundPort::SoundPort(int, int, int, int)
                0x00000000c001a8f0                SoundPort::~SoundPort()
                0x00000000c001a8f0                SoundPort::~SoundPort()
                0x00000000c001a924                SoundPort::unpause()
                0x00000000c001a930                SoundPort::pause()
                0x00000000c001a93c                SoundPort::getBufferUsed()
                0x00000000c001a944                SoundPort::getBufferSize()
                0x00000000c001a94c                SoundPort::buffer16(short*, int)
                0x00000000c001a9d8                SoundPort::buffer32(int*, int)
                0x00000000c001aa64                SoundPort::unbufferAndAdd16(int, short*, SoundCard*)
                0x00000000c001ab30                SoundPort::unbufferAndAdd32(int, int*, SoundCard*)
 .text          0x00000000c001abee        0x0 hw/bus/isa.32
 .text          0x00000000c001abee      0xbb7 hw/bus/pci.32
                0x00000000c001abee                PCI::open(int, int, void*)
                0x00000000c001ac0c                PCI::close(int, int, void*)
                0x00000000c001ac10                PCI::PCI()
                0x00000000c001ac10                PCI::PCI()
                0x00000000c001aca8                PCI::readBAR8(unsigned int, int)
                0x00000000c001acc4                PCI::readBAR16(unsigned int, int)
                0x00000000c001ace2                PCI::readBAR32(unsigned int, int)
                0x00000000c001acfe                PCI::writeBAR8(unsigned int, unsigned char, int)
                0x00000000c001ad1e                PCI::writeBAR16(unsigned int, unsigned short, int)
                0x00000000c001ad40                PCI::writeBAR32(unsigned int, unsigned int, int)
                0x00000000c001ad60                PCI::legacyMechanism(unsigned char, unsigned char, unsigned char, unsigned char)
                0x00000000c001add6                PCI::pciReadWord(unsigned char, unsigned char, unsigned char, unsigned char)
                0x00000000c001ae80                PCI::getVendorID(unsigned char, unsigned char, unsigned char)
                0x00000000c001aea4                PCI::getHeaderType(unsigned char, unsigned char, unsigned char)
                0x00000000c001aecc                PCI::getClassCode(unsigned char, unsigned char, unsigned char)
                0x00000000c001af16                PCI::getProgIF(unsigned char, unsigned char, unsigned char)
                0x00000000c001af3e                PCI::getRevisionID(unsigned char, unsigned char, unsigned char)
                0x00000000c001af62                PCI::getInterruptNumber(unsigned char, unsigned char, unsigned char)
                0x00000000c001af86                PCI::getSecondaryBus(unsigned char, unsigned char, unsigned char)
                0x00000000c001afae                PCI::getBARAddress(unsigned char, unsigned char, unsigned char, unsigned char)
                0x00000000c001b012                PCI::pciWriteWord(unsigned char, unsigned char, unsigned char, unsigned char, unsigned short)
                0x00000000c001b0fa                PCI::pciDetailsToFilepath(PCIDeviceInfo, char*)
                0x00000000c001b3c0                PCI::checkBus(unsigned char)
                0x00000000c001b3e4                PCI::foundDevice(PCIDeviceInfo)
                0x00000000c001b55e                PCI::getDeviceData(unsigned char, unsigned char, unsigned char)
                0x00000000c001b6da                PCI::checkDevice(unsigned char, unsigned char)
                0x00000000c001b74c                PCI::detect()
 *fill*         0x00000000c001b7a5        0x1 
 .text          0x00000000c001b7a6      0xb9a hw/diskctrl/ide.32
                0x00000000c001b7a6                IDE::close(int, int, void*)
                0x00000000c001b7aa                IDE::IDE()
                0x00000000c001b7aa                IDE::IDE()
                0x00000000c001b7de                IDE::prepareInterrupt(unsigned char)
                0x00000000c001b7f0                selectDrive(unsigned char, unsigned char)
                0x00000000c001b7f2                IDE::getBase(unsigned char)
                0x00000000c001b804                IDE::write(unsigned char, unsigned char, unsigned char)
                0x00000000c001b8c4                IDE::read(unsigned char, unsigned char)
                0x00000000c001b972                IDE::waitInterrupt(unsigned char)
                0x00000000c001b9d4                ideChannel0IRQHandler(regs*, void*)
                0x00000000c001b9f0                ideChannel1IRQHandler(regs*, void*)
                0x00000000c001ba0c                IDE::enableIRQs(unsigned char, bool)
                0x00000000c001ba56                IDE::open(int, int, void*)
                0x00000000c001be94                IDE::readBuffer(unsigned char, unsigned char, unsigned int, unsigned int)
                0x00000000c001bf64                IDE::detect()
                0x00000000c001c232                IDE::printError(unsigned char, unsigned char, unsigned char)
                0x00000000c001c2ec                IDE::polling(unsigned char, unsigned int)
 .text          0x00000000c001c340      0x32a hw/diskctrl/satabus.32
                0x00000000c001c340                SATABus::close(int, int, void*)
                0x00000000c001c344                SATABus::detect()
                0x00000000c001c346                SATABus::SATABus()
                0x00000000c001c346                SATABus::SATABus()
                0x00000000c001c3cc                SATABus::findCmdslot(SATABus::tagHBA_PORT volatile*)
                0x00000000c001c3fe                SATABus::checkType(SATABus::tagHBA_PORT volatile*)
                0x00000000c001c446                SATABus::startCmd(SATABus::tagHBA_PORT volatile*)
                0x00000000c001c466                SATABus::stopCmd(SATABus::tagHBA_PORT volatile*)
                0x00000000c001c490                SATABus::portRebase(SATABus::tagHBA_PORT volatile*, int)
                0x00000000c001c5a0                SATABus::probePort(SATABus::tagHBA_MEM volatile*)
                0x00000000c001c64a                SATABus::open(int, int, void*)
 .text          0x00000000c001c66a      0x93f hw/diskphys/ata.32
                0x00000000c001c66a                ATA::close(int, int, void*)
                0x00000000c001c68e                ATA::powerSaving(PowerSavingLevel)
                0x00000000c001c690                ATA::ATA()
                0x00000000c001c690                ATA::ATA()
                0x00000000c001c6be                ATA::flush(bool)
                0x00000000c001c70c                ATA::readyForCommand()
                0x00000000c001c758                ATA::access(unsigned long long, int, void*, bool)
                0x00000000c001caee                ATA::detectCHS()
                0x00000000c001cb18                ATA::open(int, int, void*)
                0x00000000c001cbe4                combineCharAndColour(char, unsigned char)
                0x00000000c001cbf5                combineColours(unsigned char, unsigned char)
                0x00000000c001cc02                ATA::read(unsigned long long, int, void*)
                0x00000000c001cdd8                ATA::write(unsigned long long, int, void*)
 *fill*         0x00000000c001cfa9        0x1 
 .text          0x00000000c001cfaa      0x618 hw/diskphys/atapi.32
                0x00000000c001cfaa                ATAPI::write(unsigned long long, int, void*)
                0x00000000c001cfb0                ATAPI::close(int, int, void*)
                0x00000000c001cfd4                ATAPI::ATAPI()
                0x00000000c001cfd4                ATAPI::ATAPI()
                0x00000000c001d002                ATAPI::readyForCommand()
                0x00000000c001d054                ATAPI::sendPacket(unsigned char*, int, bool, unsigned short*, int)
                0x00000000c001d31c                ATAPI::diskRemoved()
                0x00000000c001d356                ATAPI::eject()
                0x00000000c001d39e                ATAPI::diskInserted()
                0x00000000c001d3aa                ATAPI::detectMedia()
                0x00000000c001d468                ATAPI::open(int, int, void*)
                0x00000000c001d548                ATAPI::read(unsigned long long, int, void*)
 .text          0x00000000c001d5c2      0x807 hw/diskphys/sata.32
                0x00000000c001d5c2                SATA::close(int, int, void*)
                0x00000000c001d5e6                SATA::powerSaving(PowerSavingLevel)
                0x00000000c001d5e8                SATA::open(int, int, void*)
                0x00000000c001d692                SATA::SATA()
                0x00000000c001d692                SATA::SATA()
                0x00000000c001d6c0                SATA::access(unsigned long long, int, void*, bool)
                0x00000000c001d914                SATA::read(unsigned long long, int, void*)
                0x00000000c001db64                SATA::write(unsigned long long, int, void*)
 *fill*         0x00000000c001ddc9        0x1 
 .text          0x00000000c001ddca      0x5d0 hw/diskphys/satapi.32
                0x00000000c001ddca                SATAPI::write(unsigned long long, int, void*)
                0x00000000c001ddd0                SATAPI::close(int, int, void*)
                0x00000000c001ddf4                SATAPI::SATAPI()
                0x00000000c001ddf4                SATAPI::SATAPI()
                0x00000000c001de22                SATAPI::diskRemoved()
                0x00000000c001de24                SATAPI::diskInserted()
                0x00000000c001de40                SATAPI::sendPacket(unsigned char*, int, unsigned long long, unsigned short*, int)
                0x00000000c001e11e                SATAPI::eject()
                0x00000000c001e15a                SATAPI::detectMedia()
                0x00000000c001e1b0                SATAPI::open(int, int, void*)
                0x00000000c001e2b0                SATAPI::read(unsigned long long, int, void*)
 .text          0x00000000c001e39a      0x45b hw/intctrl/apic.32
                0x00000000c001e39a                IOAPIC::close(int, int, void*)
                0x00000000c001e3a0                apicGetBase()
                0x00000000c001e3e6                IOAPIC::IOAPIC()
                0x00000000c001e3e6                IOAPIC::IOAPIC()
                0x00000000c001e40e                apicOpen()
                0x00000000c001e58a                IOAPIC::handlesGSIWithNumber(unsigned int)
                0x00000000c001e5bc                IOAPIC::read(int)
                0x00000000c001e5e4                IOAPIC::open(int, int, void*)
                0x00000000c001e6ca                IOAPIC::write(int, int)
                0x00000000c001e6f6                IOAPIC::redirect(unsigned char, unsigned long long, unsigned char, bool, bool)
 *fill*         0x00000000c001e7f5        0x3 
 .text          0x00000000c001e7f8       0xf0 hw/timer/apictimer.32
                0x00000000c001e7f8                APICTimer::close(int, int, void*)
                0x00000000c001e800                apicTimerHandler(regs*, void*)
                0x00000000c001e828                APICTimer::open(int, int, void*)
                0x00000000c001e898                APICTimer::write(int)
                0x00000000c001e8c0                APICTimer::APICTimer()
                0x00000000c001e8c0                APICTimer::APICTimer()
 .text          0x00000000c001e8e8      0x1ad hw/timer/pit.32
                0x00000000c001e8e8                PIT::write(int)
                0x00000000c001e96c                pitHandler(regs*, void*)
                0x00000000c001e994                PIT::open(int, int, void*)
                0x00000000c001e9e4                PIT::close(int, int, void*)
                0x00000000c001ea14                PIT::PIT()
                0x00000000c001ea14                PIT::PIT()
 *fill*         0x00000000c001ea95        0xb 
 .text          0x00000000c001eaa0       0x83 arch/i386/avx.32
                0x00000000c001eaa0                avxDetect
                0x00000000c001eaca                avxSave
                0x00000000c001eadb                avxLoad
                0x00000000c001eaec                avxInit
                0x00000000c001eb0e                avxClose
                0x00000000c001eb0f                wouldSheSayYes
 *fill*         0x00000000c001eb23        0xd 
 .text          0x00000000c001eb30      0x2ec arch/i386/interrupt.32
                0x00000000c001eb30                isr0
                0x00000000c001eb40                isr1
                0x00000000c001eb4a                isr2
                0x00000000c001eb54                isr3
                0x00000000c001eb5e                isr4
                0x00000000c001eb68                isr5
                0x00000000c001eb72                isr6
                0x00000000c001eb7c                isr7
                0x00000000c001eb86                isr8
                0x00000000c001eb8e                isr9
                0x00000000c001eb98                isr10
                0x00000000c001eba0                isr11
                0x00000000c001eba8                isr12
                0x00000000c001ebb0                isr13
                0x00000000c001ebca                isr14
                0x00000000c001ebd2                isr15
                0x00000000c001ebdc                isr16
                0x00000000c001ebe6                isr17
                0x00000000c001ebf0                isr18
                0x00000000c001ebfa                irq3
                0x00000000c001ec04                irq4
                0x00000000c001ec0e                irq5
                0x00000000c001ec18                irq6
                0x00000000c001ec22                irq7
                0x00000000c001ec2c                irq8
                0x00000000c001ec36                irq9
                0x00000000c001ec40                irq10
                0x00000000c001ec4a                irq11
                0x00000000c001ec54                irq12
                0x00000000c001ec5e                irq13
                0x00000000c001ec68                irq14
                0x00000000c001ec72                irq15
                0x00000000c001ec7c                irq1
                0x00000000c001ec83                irq2
                0x00000000c001ec8a                isr96
                0x00000000c001ec91                irq0
                0x00000000c001ec96                int_common_stub
                0x00000000c001ecc8                syscall_common_stub
                0x00000000c001edcc                irq16
                0x00000000c001edd6                irq17
                0x00000000c001ede0                irq18
                0x00000000c001edea                irq19