Archive member included to satisfy reference by file (symbol)

/cygdrive/d/Users/Alex/Desktop/Toolchain/Output/bin/../lib/gcc/i386-banana/8.1.0/libkgcc.a(_divdi3.o)
                              fs/fat/ff.32 (__divdi3)
/cygdrive/d/Users/Alex/Desktop/Toolchain/Output/bin/../lib/gcc/i386-banana/8.1.0/libkgcc.a(_moddi3.o)
                              compat/resolve.32 (__moddi3)
/cygdrive/d/Users/Alex/Desktop/Toolchain/Output/bin/../lib/gcc/i386-banana/8.1.0/libkgcc.a(_udivdi3.o)
                              fs/fat/ff.32 (__udivdi3)
/cygdrive/d/Users/Alex/Desktop/Toolchain/Output/bin/../lib/gcc/i386-banana/8.1.0/libkgcc.a(_umoddi3.o)
                              compat/resolve.32 (__umoddi3)
D:/Users/Alex/Desktop/Banana/kernel/libsoftfp.a(sfieeelib.o)
                              hal/libresample/src_linear.32 (__subsf3)
D:/Users/Alex/Desktop/Banana/kernel/libsoftfp.a(dfieeelib.o)
                              hal/libresample/src_linear.32 (__adddf3)
D:/Users/Alex/Desktop/Banana/kernel/libsoftfp.a(sfdfcvt.o)
                              hal/libresample/samplerate.32 (__truncdfsf2)
D:/Users/Alex/Desktop/Banana/kernel/libk/libm32.a(s_fabs.c.o)
                              hal/libresample/samplerate.32 (fabs)
D:/Users/Alex/Desktop/Banana/kernel/libk/libm32.a(s_lrint.S.o)
                              hal/libresample/samplerate.32 (lrint)
D:/Users/Alex/Desktop/Banana/kernel/libk/libm32.a(s_lrintf.S.o)
                              hal/sound/sndhw.32 (lrintf)

Discarded input sections

 .comment       0x0000000000000000       0x12 /cygdrive/d/Users/Alex/Desktop/Toolchain/Output/bin/../lib/gcc/i386-banana/8.1.0/crtbegin.o
 .comment       0x0000000000000000       0x12 acpica/utclib.32
 .comment       0x0000000000000000       0x12 core/malloc.32
 .comment       0x0000000000000000       0x12 libk/string.32
 .comment       0x0000000000000000       0x12 fs/fat/diskio.32
 .comment       0x0000000000000000       0x12 fs/fat/ff.32
 .comment       0x0000000000000000       0x12 fs/fat/ffsystem.32
 .comment       0x0000000000000000       0x12 fs/fat/ffunicode.32
 .comment       0x0000000000000000       0x12 hal/libresample/samplerate.32
 .comment       0x0000000000000000       0x12 hal/libresample/src_linear.32
 .comment       0x0000000000000000       0x12 hal/libresample/src_sinc.32
 .comment       0x0000000000000000       0x12 hal/libresample/src_zoh.32
 .comment       0x0000000000000000       0x12 compat/inlines.32
 .comment       0x0000000000000000       0x12 compat/resolve.32
 .group         0x0000000000000000       0x14 core/computer.32
 .group         0x0000000000000000        0xc core/computer.32
 .comment       0x0000000000000000       0x12 core/computer.32
 .comment       0x0000000000000000       0x12 core/gdt.32
 .group         0x0000000000000000        0xc core/idle.32
 .comment       0x0000000000000000       0x12 core/idle.32
 .comment       0x0000000000000000       0x12 core/idt.32
 .comment       0x0000000000000000       0x12 core/kheap.32
 .comment       0x0000000000000000       0x12 core/main.32
 .comment       0x0000000000000000       0x12 core/physmgr.32
 .group         0x0000000000000000        0xc core/pipe.32
 .comment       0x0000000000000000       0x12 core/pipe.32
 .group         0x0000000000000000        0xc core/terminal.32
 .comment       0x0000000000000000       0x12 core/terminal.32
 .comment       0x0000000000000000       0x12 core/tss.32
 .group         0x0000000000000000        0x8 core/unixfile.32
 .group         0x0000000000000000        0x8 core/unixfile.32
 .group         0x0000000000000000        0xc core/unixfile.32
 .group         0x0000000000000000        0x8 core/unixfile.32
 .group         0x0000000000000000        0xc core/unixfile.32
 .group         0x0000000000000000        0x8 core/unixfile.32
 .group         0x0000000000000000        0xc core/unixfile.32
 .group         0x0000000000000000        0xc core/unixfile.32
 .comment       0x0000000000000000       0x12 core/unixfile.32
 .comment       0x0000000000000000       0x12 core/virtmgr.32
 .comment       0x0000000000000000       0x12 coreobjs/c++.32
 .comment       0x0000000000000000       0x12 dbg/kconsole.32
 .group         0x0000000000000000        0xc fs/vfs.32
 .group         0x0000000000000000        0xc fs/vfs.32
 .group         0x0000000000000000        0xc fs/vfs.32
 .comment       0x0000000000000000       0x12 fs/vfs.32
 .group         0x0000000000000000        0xc hal/bus.32
 .comment       0x0000000000000000       0x12 hal/bus.32
 .group         0x0000000000000000        0xc hal/buzzer.32
 .comment       0x0000000000000000       0x12 hal/buzzer.32
 .group         0x0000000000000000        0xc hal/clock.32
 .comment       0x0000000000000000       0x12 hal/clock.32
 .group         0x0000000000000000       0x14 hal/device.32
 .group         0x0000000000000000        0xc hal/device.32
 .group         0x0000000000000000        0x8 hal/device.32
 .group         0x0000000000000000        0xc hal/device.32
[...]
Memory Configuration

Name             Origin             Length             Attributes
*default*        0x0000000000000000 0xffffffffffffffff

Linker script and memory map

LOAD D:/Users/Alex/Desktop/Banana/kernel/boot.32
LOAD crti.32
LOAD /cygdrive/d/Users/Alex/Desktop/Toolchain/Output/bin/../lib/gcc/i386-banana/8.1.0/crtbegin.o
LOAD D:/Users/Alex/Desktop/Banana/kernel/morenasm.32
LOAD acpica/utclib.32
LOAD core/malloc.32
LOAD libk/string.32
LOAD fs/fat/diskio.32
LOAD fs/fat/ff.32
LOAD fs/fat/ffsystem.32
LOAD fs/fat/ffunicode.32
LOAD hal/libresample/samplerate.32
LOAD hal/libresample/src_linear.32
LOAD hal/libresample/src_sinc.32
LOAD hal/libresample/src_zoh.32
LOAD compat/inlines.32
LOAD compat/resolve.32
LOAD core/computer.32
LOAD core/gdt.32
LOAD core/idle.32
LOAD core/idt.32
LOAD core/kheap.32
LOAD core/main.32
LOAD core/physmgr.32
LOAD core/pipe.32
LOAD core/terminal.32
LOAD core/tss.32
LOAD core/unixfile.32
LOAD core/virtmgr.32
LOAD coreobjs/c++.32
LOAD dbg/kconsole.32
LOAD fs/vfs.32
LOAD hal/bus.32
LOAD hal/buzzer.32
LOAD hal/clock.32
LOAD hal/device.32
LOAD hal/diskctrl.32
LOAD hal/diskphys.32
LOAD hal/fpu.32
LOAD hal/intctrl.32
LOAD hal/keybrd.32
LOAD hal/logidisk.32
LOAD hal/mouse.32
LOAD hal/partition.32
LOAD hal/serial.32
LOAD hal/timer.32
LOAD hal/vcache.32
LOAD hal/video.32
LOAD hw/acpi.32
LOAD hw/cpu.32
LOAD hw/ports.32
LOAD hw/smp.32
LOAD krnl/env.32
LOAD krnl/panic.32
LOAD net/ethernet.32
LOAD reg/registry.32
LOAD sys/sc_eject.32
LOAD sys/sc_exit.32
LOAD sys/sc_getcwd.32
LOAD sys/sc_getpid.32
LOAD sys/sc_getramdata.32
LOAD sys/sc_getvgaptr.32
LOAD sys/sc_loaddll.32
LOAD sys/sc_read.32
LOAD sys/sc_sbrk.32
LOAD sys/sc_setcwd.32
LOAD sys/sc_settime.32
LOAD sys/sc_timezone.32
LOAD sys/sc_write.32
LOAD sys/sc_wsbe.32
LOAD sys/sc_yield.32
LOAD sys/syscalls.32
LOAD thr/elf.32
LOAD thr/prcssthr.32
LOAD vm86/vm8086.32
LOAD vm86/x87em.32
LOAD fs/fat/vfslink.32
LOAD fs/iso9660/vfslink.32
LOAD hal/sound/sndchannel.32
LOAD hal/sound/sndhw.32
LOAD hw/bus/isa.32
LOAD hw/bus/pci.32
LOAD hw/diskctrl/ide.32
LOAD hw/diskctrl/satabus.32
LOAD hw/diskphys/ata.32
LOAD hw/diskphys/atapi.32
LOAD hw/diskphys/sata.32
LOAD hw/diskphys/satapi.32
LOAD hw/fpu/avx.32
LOAD hw/fpu/mmx.32
LOAD hw/fpu/sse.32
LOAD hw/fpu/x87.32
LOAD hw/intctrl/apic.32
LOAD hw/intctrl/pic.32
LOAD hw/timer/apictimer.32
LOAD hw/timer/pit.32
LOAD hw/fpu/x86/avx.32
LOAD hw/fpu/x86/sse.32
LOAD hw/fpu/x86/x87.32
LOAD /cygdrive/d/Users/Alex/Desktop/Toolchain/Output/bin/../lib/gcc/i386-banana/8.1.0/crtend.o
LOAD crtn.32
LOAD /cygdrive/d/Users/Alex/Desktop/Toolchain/Output/bin/../lib/gcc/i386-banana/8.1.0/libkgcc.a
LOAD D:/Users/Alex/Desktop/Banana/kernel/libsoftfp.a
LOAD D:/Users/Alex/Desktop/Banana/kernel/libk/libm32.a
                0x00000000c0000000                . = 0xc0000000

.text           0x00000000c0000000    0x282a8
 *(.text)
 .text          0x00000000c0000000       0x41 D:/Users/Alex/Desktop/Banana/kernel/boot.32
                0x00000000c0000020                callGlobalConstructors
 .text          0x00000000c0000041        0x0 crti.32
 *fill*         0x00000000c0000041        0x3 
 .text          0x00000000c0000044      0x101 /cygdrive/d/Users/Alex/Desktop/Toolchain/Output/bin/../lib/gcc/i386-banana/8.1.0/crtbegin.o
 *fill*         0x00000000c0000145        0xb 
 .text          0x00000000c0000150      0x4fb D:/Users/Alex/Desktop/Banana/kernel/morenasm.32
                0x00000000c0000150                manualPCIProbe
                0x00000000c000019b                prepareTramp
                0x00000000c00001b4                voodooXADD
                0x00000000c000027f                doTPAUSE
                0x00000000c0000289                hasLegacyFPU
                0x00000000c00002ae                is486
                0x00000000c00002e4                detectCPUID
                0x00000000c00002fa                goToVM86
                0x00000000c000032a                goToUsermode
                0x00000000c0000354                switchToThreadASMFirstTime
                0x00000000c0000362                switchToThreadASM
                0x00000000c00003f2                asmQuickAcquireLock
                0x00000000c0000410                asmQuickReleaseLock
                0x00000000c000041c                asmAcquireLock
                0x00000000c000043d                asmReleaseLock
                0x00000000c0000450                loadGDT
                0x00000000c0000470                isr0
                0x00000000c0000480                isr1
                0x00000000c000048a                isr2
                0x00000000c0000494                isr3
                0x00000000c000049e                isr4
                0x00000000c00004a8                isr5
                0x00000000c00004b2                isr6
                0x00000000c00004bc                isr7
                0x00000000c00004c6                isr8
                0x00000000c00004ce                isr9
                0x00000000c00004d8                isr10
                0x00000000c00004e0                isr11
                0x00000000c00004e8                isr12
                0x00000000c00004f0                isr13
                0x00000000c00004f8                isr14
                0x00000000c0000500                isr15
                0x00000000c000050a                isr16
                0x00000000c0000514                isr17
                0x00000000c000051e                isr18
                0x00000000c0000528                irq3
                0x00000000c0000532                irq4
                0x00000000c000053c                irq5
                0x00000000c0000546                irq6
                0x00000000c0000550                irq7
                0x00000000c000055a                irq8
                0x00000000c0000564                irq9
                0x00000000c000056e                irq10
                0x00000000c0000578                irq11
                0x00000000c0000582                irq12
                0x00000000c000058c                irq13
                0x00000000c0000596                irq14
                0x00000000c00005a0                irq15
                0x00000000c00005aa                irq1
                0x00000000c00005b1                irq2
                0x00000000c00005b8                isr96
                0x00000000c00005bf                irq0
                0x00000000c00005c4                syscall_common_stub
                0x00000000c00005c4                int_common_stub
                0x00000000c00005f6                irq16
                0x00000000c0000600                irq17
                0x00000000c000060a                irq18
                0x00000000c0000614                irq19
                0x00000000c000061e                irq20
                0x00000000c0000628                irq21
                0x00000000c0000632                irq22
                0x00000000c000063c                irq23
                0x00000000c0000646                memcpy
 *fill*         0x00000000c000064b        0x1 
 .text          0x00000000c000064c      0x5dd acpica/utclib.32
                0x00000000c000064c                memcmp
                0x00000000c0000688                memmove
                0x00000000c0000750                memset
                0x00000000c000076c                strlen
                0x00000000c0000784                strpbrk
                0x00000000c00007c0                strtok
                0x00000000c000080c                strcpy
                0x00000000c0000830                strncpy
                0x00000000c0000898                strcmp
                0x00000000c00008d8                strchr
                0x00000000c00008fc                strncmp
                0x00000000c000094c                strcat
                0x00000000c000097c                strncat
                0x00000000c00009b8                strstr
                0x00000000c0000a00                toupper
                0x00000000c0000a14                tolower
                0x00000000c0000a28                simple_strtoul
 .text          0x00000000c0000c29      0xfad core/malloc.32
                0x00000000c0000d94                dlfree
                0x00000000c00010ef                dlmalloc
                0x00000000c000162c                dlrealloc
                0x00000000c00017cf                dlmemalign
                0x00000000c00018f2                dlcalloc
                0x00000000c000198c                dlcfree
                0x00000000c0001991                dlindependent_calloc
                0x00000000c00019b6                dlindependent_comalloc
                0x00000000c00019cd                dlvalloc
                0x00000000c00019f8                dlpvalloc
                0x00000000c0001a2e                dlmalloc_trim
                0x00000000c0001a3b                dlmalloc_usable_size
                0x00000000c0001a6c                dlmallinfo
                0x00000000c0001b3b                dlmalloc_stats
                0x00000000c0001b4c                dlmallopt
 .text          0x00000000c0001bd6        0x0 libk/string.32
 .text          0x00000000c0001bd6       0x51 fs/fat/diskio.32
                0x00000000c0001bd6                disk_status
                0x00000000c0001bd9                disk_initialize
                0x00000000c0001bdc                disk_read
                0x00000000c0001bf2                disk_write
                0x00000000c0001c08                disk_ioctl
 .text          0x00000000c0001c27     0x6833 fs/fat/ff.32
                0x00000000c0004ef5                f_mount
                0x00000000c0004f57                f_open
                0x00000000c0005393                f_read
                0x00000000c0005613                f_write
                0x00000000c00058cd                f_sync
                0x00000000c0005aa9                f_close
                0x00000000c0005ad8                f_lseek
                0x00000000c0005f8f                f_opendir
                0x00000000c0006091                f_closedir
                0x00000000c00060b3                f_readdir
                0x00000000c000614e                f_stat
                0x00000000c00061dd                f_getfree
                0x00000000c00063a8                f_truncate
                0x00000000c00064a0                f_unlink
                0x00000000c0006623                f_mkdir
                0x00000000c000684f                f_rename
                0x00000000c0006b42                f_chmod
                0x00000000c0006c20                f_utime
                0x00000000c0006cfe                f_getlabel
                0x00000000c0006eec                f_setlabel
                0x00000000c0007159                f_forward
                0x00000000c0007337                f_mkfs
 .text          0x00000000c000845a       0x2d fs/fat/ffsystem.32
                0x00000000c000845a                ff_memalloc
                0x00000000c0008470                ff_memfree
 .text          0x00000000c0008487      0x253 fs/fat/ffunicode.32
                0x00000000c0008487                ff_uni2oem
                0x00000000c0008517                ff_oem2uni
                0x00000000c0008583                ff_wtoupper
 .text          0x00000000c00086da      0x8fb hal/libresample/samplerate.32
                0x00000000c000871e                src_delete
                0x00000000c000875a                src_process
                0x00000000c0008910                src_callback_read
                0x00000000c0008a8d                src_set_ratio
                0x00000000c0008af7                src_get_channels
                0x00000000c0008b19                src_reset
                0x00000000c0008b65                src_new
                0x00000000c0008bf3                src_callback_new
                0x00000000c0008c55                src_get_name
                0x00000000c0008c8c                src_get_description
                0x00000000c0008cc3                src_get_version
                0x00000000c0008cc9                src_is_valid_ratio
                0x00000000c0008d1d                src_error
                0x00000000c0008d2b                src_strerror
                0x00000000c0008d3e                src_simple
                0x00000000c0008d91                src_short_to_float_array
                0x00000000c0008df6                src_float_to_short_array
                0x00000000c0008eb5                src_int_to_float_array
                0x00000000c0008f18                src_float_to_int_array
 .text          0x00000000c0008fd5      0x8cb hal/libresample/src_linear.32
                0x00000000c00097fb                linear_get_name
                0x00000000c000980a                linear_get_description
                0x00000000c0009819                linear_set_converter
 .text          0x00000000c00098a0     0x447c hal/libresample/src_sinc.32
                0x00000000c000dc33                sinc_get_name
                0x00000000c000dc46                sinc_get_description
                0x00000000c000dc59                sinc_set_converter
 .text          0x00000000c000dd1c      0x77c hal/libresample/src_zoh.32
                0x00000000c000e3f3                zoh_get_name
                0x00000000c000e402                zoh_get_description
                0x00000000c000e411                zoh_set_converter
 .text          0x00000000c000e498       0xa7 compat/inlines.32
                0x00000000c000e498                CPU::current()
                0x00000000c000e4a4                operator new(unsigned long)
                0x00000000c000e4a9                operator delete(void*)
                0x00000000c000e4ae                disableIRQs()
                0x00000000c000e4b6                enableIRQs()
                0x00000000c000e4c5                lockScheduler()
                0x00000000c000e4cd                unlockScheduler()
                0x00000000c000e4dc                lockStuff()
                0x00000000c000e4ea                unlockStuff()
                0x00000000c000e524                Virt::getAKernelVAS()
                0x00000000c000e52a                __not_memcpy
 .text          0x00000000c000e53f      0x111 compat/resolve.32
                0x00000000c000e53f                Krnl::resolveCompatibilitySymbol(char*)
 .text          0x00000000c000e650      0x741 core/computer.32
                0x00000000c000e650                Computer::close(int, int, void*)
                0x00000000c000e694                Krnl::firstTask()
                0x00000000c000e7d6                Computer::Computer()
                0x00000000c000e7d6                Computer::Computer()
                0x00000000c000e932                Computer::setBootMessage(char const*)
                0x00000000c000e934                Computer::detectFeatures()
                0x00000000c000eb3e                Computer::displayFeatures()
                0x00000000c000eb40                Computer::rdmsr(unsigned int)
                0x00000000c000eb6c                Computer::wrmsr(unsigned int, unsigned long long)
                0x00000000c000eba4                Computer::nmiEnabled()
                0x00000000c000ebb0                Computer::readCMOS(unsigned char)
                0x00000000c000ebca                Computer::enableNMI(bool)
                0x00000000c000ebe2                Computer::open(int, int, void*)
                0x00000000c000ecd4                Computer::disableNMI()
                0x00000000c000ece2                Computer::writeCMOS(unsigned char, unsigned char)
                0x00000000c000ed00                Computer::handleNMI()
                0x00000000c000ed66                Computer::setDiskActivityLight(int, bool)
 *fill*         0x00000000c000ed91        0x1 
 .text          0x00000000c000ed92      0x19d core/gdt.32
                0x00000000c000ed92                GDTEntry::setBase(unsigned int)
                0x00000000c000edae                GDTEntry::setLimit(unsigned int)
                0x00000000c000edcc                GDT::GDT()
                0x00000000c000edcc                GDT::GDT()
                0x00000000c000ede2                GDT::addEntry(GDTEntry)
                0x00000000c000ee04                GDT::getNumberOfEntries()
                0x00000000c000ee0c                GDT::flush()
                0x00000000c000ee2e                GDT::setup()
 .text          0x00000000c000ef2f       0x6b core/idle.32
                0x00000000c000ef2f                idleFunction(void*)
 .text          0x00000000c000ef9a      0x45e core/idt.32
                0x00000000c000ef9a                IDTEntry::IDTEntry(bool)
                0x00000000c000ef9a                IDTEntry::IDTEntry(bool)
                0x00000000c000f008                IDTEntry::setOffset(unsigned int)
                0x00000000c000f01c                IDT::IDT()
                0x00000000c000f01c                IDT::IDT()
                0x00000000c000f01e                IDT::getPointerToInvalidOpcodeEntryForF00F()
                0x00000000c000f026                IDT::addEntry(IDTEntry, int)
                0x00000000c000f040                IDT::addEntry(int, void (*)(), bool)
                0x00000000c000f078                IDT::flush()
                0x00000000c000f092                IDT::setup()
 .text          0x00000000c000f3f8      0x1fe core/kheap.32
                0x00000000c000f3f8                sbrk
                0x00000000c000f505                mmap
                0x00000000c000f51b                munmap
                0x00000000c000f531                liballoc_lock()
                0x00000000c000f53e                liballoc_unlock()
                0x00000000c000f552                liballoc_alloc(int)
                0x00000000c000f56d                liballoc_free(void*, int)
                0x00000000c000f588                realloc
                0x00000000c000f59c                malloc
                0x00000000c000f5ac                free
                0x00000000c000f5bc                rfree
                0x00000000c000f5cc                calloc
 .text          0x00000000c000f5f6      0x1b6 core/main.32
                0x00000000c000f5f6                Krnl::setBootMessage(char const*)
                0x00000000c000f662                kernel_main
 .text          0x00000000c000f7ac      0x55a core/physmgr.32
                0x00000000c000f7ac                Phys::allocateDMA(unsigned long)
                0x00000000c000f84f                Phys::freeDMA(unsigned long, unsigned long)
                0x00000000c000f897                Phys::setPageState(unsigned long, bool)
                0x00000000c000f8c9                Phys::getPageState(unsigned long)
                0x00000000c000f8e5                Phys::freePage(unsigned long)
                0x00000000c000f940                Phys::allocatePage()
                0x00000000c000fa0e                Phys::allocateContiguousPages(int)
                0x00000000c000fa6a                Phys::allowSegmentToBeUsed(unsigned long, unsigned long)
                0x00000000c000faa2                Phys::physicalMemorySetup(unsigned int)
 .text          0x00000000c000fd06      0x273 core/pipe.32
                0x00000000c000fd06                Pipe::isAtty()
                0x00000000c000fd0a                Pipe::~Pipe()
                0x00000000c000fd0a                Pipe::~Pipe()
                0x00000000c000fd2e                Pipe::~Pipe()
                0x00000000c000fd56                Pipe::read(unsigned long long, void*, int*)
                0x00000000c000fe52                Pipe::write(unsigned long long, void*, int*)
                0x00000000c000ff12                Pipe::Pipe(int)
                0x00000000c000ff12                Pipe::Pipe(int)
 *fill*         0x00000000c000ff79        0x1 
 .text          0x00000000c000ff7a      0xb91 core/terminal.32
                0x00000000c000ff7a                VgaText::isAtty()
                0x00000000c000ff7e                VgaText::~VgaText()
                0x00000000c000ff7e                VgaText::~VgaText()
                0x00000000c000ffa2                VgaText::~VgaText()
                0x00000000c000ffcc                VgaText::read(unsigned long long, void*, int*)
                0x00000000c000ffec                setTerminalScrollLock(bool)
                0x00000000c000ffed                addToTerminalCycle(VgaText*)
                0x00000000c001000e                installVgaTextImplementation()
                0x00000000c0010023                scrollTerminalScrollLock(int)
                0x00000000c0010024                VgaText::updateTitle()
                0x00000000c0010062                VgaText::load()
                0x00000000c00100b0                VgaText::updateCursor()
                0x00000000c00100c6                VgaText::doANSI_SGR(int)
                0x00000000c001013a                VgaText::setDefaultBgColour(VgaColour)
                0x00000000c001014a                VgaText::setDefaultFgColour(VgaColour)
                0x00000000c001015a                VgaText::setDefaultColours(VgaColour, VgaColour)
                0x00000000c001017a                VgaText::setTitleTextColour(VgaColour)
                0x00000000c001018a                VgaText::setTitleColour(VgaColour)
                0x00000000c001019a                VgaText::setTitle(char*)
                0x00000000c00101c0                VgaText::combineColours(unsigned char, unsigned char)
                0x00000000c00101d2                VgaText::scrollScreen()
                0x00000000c0010266                VgaText::combineCharAndColour(char, unsigned char)
                0x00000000c0010278                VgaText::writeCharacter(char, VgaColour, VgaColour, int, int)
                0x00000000c00102d4                VgaText::getCursorX()
                0x00000000c00102dc                VgaText::getCursorY()
                0x00000000c00102e4                VgaText::setCursor(int, int)
                0x00000000c00102fb                setActiveTerminal(VgaText*)
                0x00000000c001035d                doTerminalCycle()
                0x00000000c0010378                VgaText::setCursorX(int)
                0x00000000c0010390                VgaText::setCursorY(int)
                0x00000000c00103a8                VgaText::incrementCursor(bool)
                0x00000000c00103fc                VgaText::decrementCursor(bool)
                0x00000000c001041e                VgaText::putchar(char, VgaColour, VgaColour)
                0x00000000c00104f6                VgaText::doUpdate()
                0x00000000c0010504                VgaText::puts(char const*, VgaColour, VgaColour)
                0x00000000c001067c                VgaText::clearScreen()
                0x00000000c00106d6                VgaText::putchar(char)
                0x00000000c00107c2                VgaText::putx(unsigned int)
                0x00000000c0010808                VgaText::puts(char const*)
                0x00000000c001082e                VgaText::VgaText(char const*)
                0x00000000c001082e                VgaText::VgaText(char const*)
                0x00000000c00109aa                VgaText::receiveKey(unsigned char)
                0x00000000c0010a92                VgaText::write(unsigned long long, void*, int*)
                0x00000000c0010ae6                newTerminal(char*)
 *fill*         0x00000000c0010b0b        0x1 
 .text          0x00000000c0010b0c      0x19d core/tss.32
                0x00000000c0010b0c                TSS::TSS()
                0x00000000c0010b0c                TSS::TSS()
                0x00000000c0010b1a                TSS::setESP(unsigned long)
                0x00000000c0010b2c                TSS::flush()
                0x00000000c0010b4c                TSS::setup(unsigned long, unsigned long)
 *fill*         0x00000000c0010ca9        0x1 
 .text          0x00000000c0010caa      0x4c2 core/unixfile.32
                0x00000000c0010caa                ReservedFilename::read(unsigned long long, void*, int*)
                0x00000000c0010d00                ReservedFilename::isAtty()
                0x00000000c0010d1c                ReservedFilename::write(unsigned long long, void*, int*)
                0x00000000c0010d7a                UnixFile::getFileDescriptor()
                0x00000000c0010d82                UnixFile::UnixFile(int)
                0x00000000c0010d82                UnixFile::UnixFile(int)
                0x00000000c0010f32                ReservedFilename::ReservedFilename(int)
                0x00000000c0010f32                ReservedFilename::ReservedFilename(int)
                0x00000000c0010f64                UnixFile::~UnixFile()
                0x00000000c0010f64                UnixFile::~UnixFile()
                0x00000000c0010ffc                UnixFile::~UnixFile()
                0x00000000c0011024                ReservedFilename::~ReservedFilename()
                0x00000000c0011024                ReservedFilename::~ReservedFilename()
                0x00000000c0011048                ReservedFilename::~ReservedFilename()
                0x00000000c001106f                getFromFileDescriptor(int)
 .text          0x00000000c001116c     0x12f5 core/virtmgr.32
                0x00000000c001116c                Virt::setPageState(unsigned long, Virt::VirtPageState)
                0x00000000c00111a1                Virt::getPageState(unsigned long)
                0x00000000c00111c5                Virt::allocateKernelVirtualPages(int)
                0x00000000c00112d6                Virt::freeSwapfilePage(unsigned long)
                0x00000000c00112f4                Virt::swapIDToSector(unsigned long)
                0x00000000c0011306                Virt::allocateSwapfilePage()
                0x00000000c0011384                Virt::virtualMemorySetup()
                0x00000000c00113cf                Virt::setupPageSwapping(int)
                0x00000000c0011556                VAS::VAS()
                0x00000000c0011556                VAS::VAS()
                0x00000000c0011592                VAS::VAS(VAS*)
                0x00000000c0011592                VAS::VAS(VAS*)
                0x00000000c00115c0                VAS::getForeignPageTableEntry(bool, unsigned long)
                0x00000000c00115ec                VAS::getPageTableEntry(unsigned long)
                0x00000000c001160b                Virt::freeKernelVirtualPages(unsigned long)
                0x00000000c001172e                VAS::freeAllocatedPages(unsigned long)
                0x00000000c0011752                VAS::virtualToPhysical(unsigned long)
                0x00000000c001176a                VAS::reflagRange(unsigned long, int, int, int)
                0x00000000c00117aa                VAS::setToWriteCombining(unsigned long, int)
                0x00000000c00117dc                VAS::mapOtherVASIn(bool, VAS*)
                0x00000000c0011806                VAS::~VAS()
                0x00000000c0011806                VAS::~VAS()
                0x00000000c0011982                VAS::mapPage(unsigned long, unsigned long, int)
                0x00000000c0011a84                VAS::allocatePages(int, int)
                0x00000000c0011c5c                VAS::setCPUSpecific(unsigned long)
                0x00000000c0011c78                VAS::mapRange(unsigned long, unsigned long, int, int)
                0x00000000c0011d3e                VAS::mapForeignPage(bool, VAS*, unsigned long, unsigned long, int)
                0x00000000c0011e2c                VAS::VAS(bool)
                0x00000000c0011e2c                VAS::VAS(bool)
                0x00000000c00120ac                VAS::evict(unsigned long)
                0x00000000c001216e                VAS::tryLoadBackOffDisk(unsigned long)
                0x00000000c00122e2                VAS::scanForEviction()
                0x00000000c00123a5                mapVASFirstTime
 .text          0x00000000c0012461       0x95 coreobjs/c++.32
                0x00000000c0012461                __cxa_atexit
                0x00000000c0012464                __cxa_finalize
                0x00000000c0012465                __stack_chk_fail
                0x00000000c00124d1                __cxa_pure_virtual
                0x00000000c00124e2                operator new[](unsigned long)
                0x00000000c00124e7                operator delete(void*, unsigned long)
                0x00000000c00124ec                operator delete[](void*)
                0x00000000c00124f1                operator delete[](void*, unsigned long)
 .text          0x00000000c00124f6      0x1e7 dbg/kconsole.32
                0x00000000c00124f6                Dbg::stringifyxWithBase(unsigned int, char*, int)
                0x00000000c001254f                Dbg::logc(char)
                0x00000000c0012566                Dbg::logs(char*)
                0x00000000c0012583                Dbg::logWriteInt(unsigned int)
                0x00000000c00125a0                Dbg::logWriteIntBase(unsigned int, int)
                0x00000000c00125bf                Dbg::kprintf(char const*, ...)
 *fill*         0x00000000c00126dd        0x1 
 .text          0x00000000c00126de      0xb82 fs/vfs.32
                0x00000000c00126de                File::read(unsigned long long, void*, int*)
                0x00000000c0012736                File::write(unsigned long long, void*, int*)
                0x00000000c001278e                Directory::read(unsigned long long, void*, int*)
                0x00000000c00127e6                Directory::write(unsigned long long, void*, int*)
                0x00000000c0012814                File::isAtty()
                0x00000000c0012818                Directory::isAtty()
                0x00000000c001281c                Filesystem::getlabel(LogicalDisk*, int, char*, unsigned int*)
                0x00000000c0012822                Filesystem::setlabel(LogicalDisk*, int, char*)
                0x00000000c0012828                Filesystem::getFileFirstSector(char const*)
                0x00000000c001282e                File::~File()
                0x00000000c001282e                File::~File()
                0x00000000c0012852                File::~File()
                0x00000000c001287c                Directory::~Directory()
                0x00000000c001287c                Directory::~Directory()
                0x00000000c00128a0                Directory::~Directory()
                0x00000000c00128ca                Filesystem::Filesystem()
                0x00000000c00128ca                Filesystem::Filesystem()
                0x00000000c00128ee                Filesystem::~Filesystem()
                0x00000000c00128ee                Filesystem::~Filesystem()
                0x00000000c00128fc                Filesystem::~Filesystem()
                0x00000000c0012920                Fs::getcwd(Process*, char*, int)
                0x00000000c001294a                Fs::initVFS()
                0x00000000c0012974                Fs::standardiseFiles(char*, char const*, char const*)
                0x00000000c0012b1e                File::File(char const*, Process*)
                0x00000000c0012b1e                File::File(char const*, Process*)
                0x00000000c0012b82                File::open(FileOpenMode)
                0x00000000c0012be0                File::close()
                0x00000000c0012c40                File::seek(unsigned long long)
                0x00000000c0012c96                File::tell(unsigned long long*)
                0x00000000c0012ce6                File::rewind()
                0x00000000c0012cfa                File::unlink()
                0x00000000c0012d46                File::rename(char const*)
                0x00000000c0012d94                File::chfatattr(unsigned char, unsigned char)
                0x00000000c0012df0                File::exists()
                0x00000000c0012e2e                File::stat(unsigned long long*, bool*)
                0x00000000c0012e8f                Fs::setcwd(Process*, char*)
                0x00000000c0012fca                Directory::Directory(char const*, Process*)
                0x00000000c0012fca                Directory::Directory(char const*, Process*)
                0x00000000c001302e                Directory::open()
                0x00000000c001308a                Directory::close()
                0x00000000c00130ea                Directory::unlink()
                0x00000000c0013136                Directory::rename(char const*)
                0x00000000c0013184                Directory::exists()
                0x00000000c00131c2                Directory::read(dirent*)
                0x00000000c001320e                Directory::create()
                0x00000000c001325a                Filesystem::chfatattr(char const*, unsigned char, unsigned char)
 .text          0x00000000c0013260       0x84 hal/bus.32
                0x00000000c0013260                Bus::Bus(char const*)
                0x00000000c0013260                Bus::Bus(char const*)
                0x00000000c0013296                Bus::~Bus()
                0x00000000c0013296                Bus::~Bus()
                0x00000000c00132ba                Bus::~Bus()
 .text          0x00000000c00132e4      0x156 hal/buzzer.32
                0x00000000c00132e4                Buzzer::Buzzer(char const*)
                0x00000000c00132e4                Buzzer::Buzzer(char const*)
                0x00000000c0013328                Buzzer::~Buzzer()
                0x00000000c0013328                Buzzer::~Buzzer()
                0x00000000c001334c                Buzzer::~Buzzer()
                0x00000000c0013376                Buzzer::stop()
                0x00000000c0013389                beepThread(void*)
                0x00000000c00133cc                Buzzer::beep(int, int, bool)
 .text          0x00000000c001343a      0x467 hal/clock.32
                0x00000000c001343a                User::loadClockSettings(int)
                0x00000000c001348c                Clock::Clock(char const*)
                0x00000000c001348c                Clock::Clock(char const*)
                0x00000000c00134c2                Clock::~Clock()
                0x00000000c00134c2                Clock::~Clock()
                0x00000000c00134e6                Clock::~Clock()
                0x00000000c0013510                Clock::timeInSecondsLocal()
                0x00000000c0013558                Clock::setTimeInSecondsLocal(unsigned long long)
                0x00000000c00135b1                datetimeToSeconds(datetime_t)
                0x00000000c00136d8                Clock::setTimeInDatetimeLocal(datetime_t)
                0x00000000c0013738                secondsToDatetime(unsigned long long)
                0x00000000c001387c                Clock::timeInDatetimeLocal()
 *fill*         0x00000000c00138a1        0x1 
 .text          0x00000000c00138a2      0x504 hal/device.32
                0x00000000c00138a2                Device::hibernate()
                0x00000000c00138a4                Device::wake()
                0x00000000c00138a6                Device::detect()
                0x00000000c00138a8                Device::disableLegacy()
                0x00000000c00138aa                Device::powerSaving(PowerSavingLevel)
                0x00000000c00138ac                DriverlessDevice::close(int, int, void*)
                0x00000000c00138b0                DriverlessDevice::detect()
                0x00000000c00138b2                DriverlessDevice::open(int, int, void*)
                0x00000000c00138c6                Device::~Device()
                0x00000000c00138c6                Device::~Device()
                0x00000000c00138d4                Device::~Device()
                0x00000000c00138fc                Device::findAndLoadDriver()
                0x00000000c001390a                Device::preOpenPCI(PCIDeviceInfo)
                0x00000000c0013930                Device::preOpenACPI(void*, char*, char*)
                0x00000000c0013970                Device::addIRQHandler(int, void (*)(regs*, void*), bool, void*)
                0x00000000c00139ae                Device::getParent()
                0x00000000c00139ba                Device::removeIRQHandler(int, void (*)(regs*, void*), bool)
                0x00000000c00139f8                Device::addChild(Device*)
                0x00000000c0013a3c                Device::removeAllChildren()
                0x00000000c0013a82                Device::hibernateAll()
                0x00000000c0013ab2                Device::wakeAll()
                0x00000000c0013ae2                Device::detectAll()
                0x00000000c0013b12                Device::disableLegacyAll()
                0x00000000c0013b42                Device::loadDriversForAll()
                0x00000000c0013b82                Device::closeAll()
                0x00000000c0013bb8                Device::powerSavingAll(PowerSavingLevel)
                0x00000000c0013bee                Device::setName(char const*)
                0x00000000c0013bfc                Device::Device(char const*)
                0x00000000c0013bfc                Device::Device(char const*)
                0x00000000c0013cf8                Device::getName()
                0x00000000c0013d02                DriverlessDevice::DriverlessDevice(char const*)
                0x00000000c0013d02                DriverlessDevice::DriverlessDevice(char const*)
                0x00000000c0013d38                Device::addToLinkedList(LinkedList<Device>&, DeviceType)
                0x00000000c0013d7c                getDevicesOfType(DeviceType)
 .text          0x00000000c0013da6       0x84 hal/diskctrl.32
                0x00000000c0013da6                HardDiskController::HardDiskController(char const*)
                0x00000000c0013da6                HardDiskController::HardDiskController(char const*)
                0x00000000c0013ddc                HardDiskController::~HardDiskController()
                0x00000000c0013ddc                HardDiskController::~HardDiskController()
                0x00000000c0013e00                HardDiskController::~HardDiskController()
 .text          0x00000000c0013e2a       0xe2 hal/diskphys.32
                0x00000000c0013e2a                PhysicalDisk::eject()
                0x00000000c0013e2e                PhysicalDisk::PhysicalDisk(char const*, int)
                0x00000000c0013e2e                PhysicalDisk::PhysicalDisk(char const*, int)
                0x00000000c0013e96                PhysicalDisk::startCache()
                0x00000000c0013ebe                PhysicalDisk::~PhysicalDisk()
                0x00000000c0013ebe                PhysicalDisk::~PhysicalDisk()
                0x00000000c0013ee2                PhysicalDisk::~PhysicalDisk()
 .text          0x00000000c0013f0c      0x13b hal/fpu.32
                0x00000000c0013f0c                FPU::FPU(char const*)
                0x00000000c0013f0c                FPU::FPU(char const*)
                0x00000000c0013f42                FPU::~FPU()
                0x00000000c0013f42                FPU::~FPU()
                0x00000000c0013f66                FPU::~FPU()
                0x00000000c0013f90                setupFPU()
 *fill*         0x00000000c0014047        0x1 
 .text          0x00000000c0014048     0x1435 hal/intctrl.32
                0x00000000c0014048                InterruptController::uninstallISRHandler(int, void (*)(regs*, void*))
                0x00000000c0014080                InterruptController::installISRHandler(int, void (*)(regs*, void*), void*)
                0x00000000c00140d2                doubleFault(regs*, void*)
                0x00000000c00140ec                InterruptController::installIRQHandler(int, void (*)(regs*, void*), bool, void*)
                0x00000000c0014188                InterruptController::clearAllHandlers(int, bool)
                0x00000000c0014230                InterruptController::uninstallIRQHandler(int, void (*)(regs*, void*), bool)
                0x00000000c00142b7                nmiHandler(regs*, void*)
                0x00000000c00142c5                int_handler
                0x00000000c0014366                InterruptController::InterruptController(char const*)
                0x00000000c0014366                InterruptController::InterruptController(char const*)
                0x00000000c001440c                InterruptController::~InterruptController()
                0x00000000c001440c                InterruptController::~InterruptController()
                0x00000000c0014430                InterruptController::~InterruptController()
                0x00000000c001445a                displayDebugInfo(regs*)
                0x00000000c00148e9                x87EmulHandler(regs*, void*)
                0x00000000c001495c                gpFault(regs*, void*)
                0x00000000c0014995                pgFault(regs*, void*)
                0x00000000c00149dd                otherISRHandler(regs*, void*)
                0x00000000c00149fc                opcodeFault(regs*, void*)
                0x00000000c0015019                displayProgramFault(char const*)
                0x00000000c0015041                setupInterruptController()
                0x00000000c0015430                InterruptController::convertLegacyIRQNumber(int)
 *fill*         0x00000000c001547d        0x1 
 .text          0x00000000c001547e      0x784 hal/keybrd.32
                0x00000000c001547e                startGUI(void*)
                0x00000000c00154ea                startGUIVESA(void*)
                0x00000000c0015556                sendKeyToTerminal(unsigned char)
                0x00000000c0015614                sendKeyboardToken(KeyboardToken)
                0x00000000c0015a51                clearInternalKeybuffer(VgaText*)
                0x00000000c0015a86                readKeyboard(VgaText*, char*, unsigned long)
                0x00000000c0015b78                Keyboard::Keyboard(char const*)
                0x00000000c0015b78                Keyboard::Keyboard(char const*)
                0x00000000c0015bb4                Keyboard::~Keyboard()
                0x00000000c0015bb4                Keyboard::~Keyboard()
                0x00000000c0015bd8                Keyboard::~Keyboard()
 .text          0x00000000c0015c02      0x3ea hal/logidisk.32
                0x00000000c0015c02                LogicalDisk::close(int, int, void*)
                0x00000000c0015c06                LogicalDisk::~LogicalDisk()
                0x00000000c0015c06                LogicalDisk::~LogicalDisk()
                0x00000000c0015c2a                LogicalDisk::~LogicalDisk()
                0x00000000c0015c54                LogicalDisk::open(int, int, void*)
                0x00000000c0015c68                LogicalDisk::absoluteToRelative(unsigned long long)
                0x00000000c0015ca0                LogicalDisk::relativeToAbsolute(unsigned long long)
                0x00000000c0015ce6                LogicalDisk::LogicalDisk(char const*, PhysicalDisk*, unsigned long long, unsigned long long)
                0x00000000c0015ce6                LogicalDisk::LogicalDisk(char const*, PhysicalDisk*, unsigned long long, unsigned long long)
                0x00000000c0015d9c                LogicalDisk::assignDriveLetter()
                0x00000000c0015e52                LogicalDisk::mount()
                0x00000000c0015e9a                LogicalDisk::unmount()
                0x00000000c0015eaa                LogicalDisk::eject()
                0x00000000c0015ebe                LogicalDisk::unassignDriveLetter()
                0x00000000c0015f14                LogicalDisk::read(unsigned long long, int, void*)
                0x00000000c0015f80                LogicalDisk::write(unsigned long long, int, void*)
 .text          0x00000000c0015fec       0x84 hal/mouse.32
                0x00000000c0015fec                Mouse::Mouse(char const*)
                0x00000000c0015fec                Mouse::Mouse(char const*)
                0x00000000c0016022                Mouse::~Mouse()
                0x00000000c0016022                Mouse::~Mouse()
                0x00000000c0016046                Mouse::~Mouse()
 .text          0x00000000c0016070      0x339 hal/partition.32
                0x00000000c0016070                makePartition(PhysicalDisk*, unsigned long long, unsigned long long)
                0x00000000c0016118                createPartitionsForDisk(PhysicalDisk*)
 *fill*         0x00000000c00163a9        0x1 
 .text          0x00000000c00163aa       0x84 hal/serial.32
                0x00000000c00163aa                Serial::Serial(char const*)
                0x00000000c00163aa                Serial::Serial(char const*)
                0x00000000c00163e0                Serial::~Serial()
                0x00000000c00163e0                Serial::~Serial()
                0x00000000c0016404                Serial::~Serial()
 .text          0x00000000c001642e      0x2f3 hal/timer.32
                0x00000000c001642e                Timer::Timer(char const*)
                0x00000000c001642e                Timer::Timer(char const*)
                0x00000000c0016464                Timer::~Timer()
                0x00000000c0016464                Timer::~Timer()
                0x00000000c0016488                Timer::~Timer()
                0x00000000c00164b2                Timer::read()
                0x00000000c00164bd                timerHandler(unsigned long long)
                0x00000000c001662f                setupTimer(int)
 *fill*         0x00000000c0016721        0x1 
 .text          0x00000000c0016722      0x409 hal/vcache.32
                0x00000000c0016722                VCache::VCache(PhysicalDisk*)
                0x00000000c0016722                VCache::VCache(PhysicalDisk*)
                0x00000000c001688a                VCache::invalidateReadBuffer()
                0x00000000c001689a                VCache::writeWriteBuffer()
                0x00000000c00168d6                VCache::~VCache()
                0x00000000c00168d6                VCache::~VCache()
                0x00000000c001692a                VCache::~VCache()
                0x00000000c0016952                VCache::write(unsigned long long, int, void*)
                0x00000000c0016a3c                VCache::read(unsigned long long, int, void*)
 *fill*         0x00000000c0016b2b        0x1 
 .text          0x00000000c0016b2c      0x4b3 hal/video.32
                0x00000000c0016b2c                Video::putrect(int, int, int, int, unsigned int)
                0x00000000c0016b78                Video::bitblit(int, int, int, int, int, int, int, unsigned int*)
                0x00000000c0016be8                Video::blit(unsigned int*, int, int, int, int)
                0x00000000c0016c66                Video::clearScreen(unsigned int)
                0x00000000c0016c9a                Video::putpixel(int, int, unsigned int)
                0x00000000c0016ca8                Video::Video(char const*)
                0x00000000c0016ca8                Video::Video(char const*)
                0x00000000c0016cde                Video::~Video()
                0x00000000c0016cde                Video::~Video()
                0x00000000c0016d02                Video::~Video()
                0x00000000c0016d2c                Video::isMonochrome()
                0x00000000c0016d38                Video::getWidth()
                0x00000000c0016d44                Video::getHeight()
                0x00000000c0016d50                Video::drawCursor(int, int, unsigned char*, int)
                0x00000000c0016e0c                Video::tgaParse(unsigned char*, int, int*, int*)
                0x00000000c0016f74                Video::putTGA(int, int, unsigned char*, int)
 *fill*         0x00000000c0016fdf        0x1 
 .text          0x00000000c0016fe0     0x11c9 hw/acpi.32
                0x00000000c0016fe0                ACPI::close(int, int, void*)
                0x00000000c0017085                findRSDP()
                0x00000000c001710f                loadACPITables(unsigned char*)
                0x00000000c0017366                findRSDT(unsigned char*)
                0x00000000c00174b0                findDataTable(unsigned char*, char*)
                0x00000000c0017522                scanMADT()
                0x00000000c0017990                ACPI::ACPI()
                0x00000000c0017990                ACPI::ACPI()
                0x00000000c00179e4                ACPI::getPCIIRQAssignment(unsigned char, unsigned short, unsigned char)
                0x00000000c0017ac6                ACPI::registerPCIIRQAssignment(void*, unsigned short, unsigned char, unsigned char)
                0x00000000c0017b8c                ACPI::setScreenBrightnessLevel(void*, int)
                0x00000000c0017b92                ACPI::detectPCI()
                0x00000000c0017d94                ACPI::writeSimpleBootFlag(SimpleBootFlagTable*)
                0x00000000c0017ddc                ACPI::sleep()
                0x00000000c0017df4                ACPI::open(int, int, void*)
 *fill*         0x00000000c00181a9        0x1 
 .text          0x00000000c00181aa     0x1495 hw/cpu.32
                0x00000000c00181aa                CPU::close(int, int, void*)
                0x00000000c00181ae                CPU::lookupAMDName(unsigned char, unsigned char)
                0x00000000c0018342                CPU::lookupIntelName(unsigned char, unsigned char)
                0x00000000c00185f0                CPU::AMD_K6_write_msr(unsigned int, unsigned int, unsigned int, CPU::REGS*)
                0x00000000c001860c                CPU::AMD_K6_read_msr(unsigned int, CPU::REGS*)
                0x00000000c0018624                CPU::AMD_K6_writeback(int, int, int)
                0x00000000c0018698                CPU::cpuid(int, unsigned long*, unsigned long*, unsigned long*, unsigned long*)
                0x00000000c001871c                CPU::cpuidCheckEDX(unsigned int)
                0x00000000c001874a                CPU::cpuidCheckECX(unsigned int)
                0x00000000c0018778                CPU::cpuidCheckExtendedEBX(unsigned int)
                0x00000000c00187a6                CPU::cpuidCheckExtendedECX(unsigned int)
                0x00000000c00187d4                CPU::CPU()
                0x00000000c00187d4                CPU::CPU()
                0x00000000c0018862                CPU::displayFeatures()
                0x00000000c0018864                CPU::detectFeatures()
                0x00000000c0019256                CPU::setupSMEP()
                0x00000000c0019262                CPU::setupUMIP()
                0x00000000c001926c                CPU::setupTSC()
                0x00000000c0019276                CPU::setupLargePages()
                0x00000000c0019280                CPU::setupPAT()
                0x00000000c00192bc                CPU::setupMTRR()
                0x00000000c00192be                CPU::setupGlobalPages()
                0x00000000c00192c8                CPU::allowUsermodeDataAccess()
                0x00000000c00192da                CPU::prohibitUsermodeDataAccess()
                0x00000000c00192ec                CPU::setupSMAP()
                0x00000000c00192fa                CPU::setupFeatures()
                0x00000000c001937a                CPU::open(int, int, void*)
                0x00000000c0019444                CPU::decodeAddress(regs*, int*, bool*, unsigned char*)
 .text          0x00000000c001963f        0x0 hw/ports.32
 .text          0x00000000c001963f      0x16a hw/smp.32
                0x00000000c001963f                Krnl::smpEntry()
                0x00000000c0019641                Krnl::startCPU(int)
                0x00000000c001978a                Krnl::startCPUs()
 *fill*         0x00000000c00197a9        0x1 
 .text          0x00000000c00197aa      0x581 krnl/env.32
                0x00000000c00197aa                EnvVarContainer::getEnv(char const*)
                0x00000000c00197e8                EnvVarContainer::setEnv(char const*, char const*)
                0x00000000c00198aa                EnvVarContainer::deleteEnv(char const*)
                0x00000000c00198ac                EnvVarContainer::loadFrom(char const*, char const*)
                0x00000000c0019a92                EnvVarContainer::__loadSystem()
                0x00000000c0019aac                EnvVarContainer::__loadUser()
                0x00000000c0019aae                EnvVarContainer::EnvVarContainer(Process*)
                0x00000000c0019aae                EnvVarContainer::EnvVarContainer(Process*)
                0x00000000c0019ad0                EnvVarContainer::~EnvVarContainer()
                0x00000000c0019ad0                EnvVarContainer::~EnvVarContainer()
                0x00000000c0019b00                Krnl::getEnv(Process*, char const*)
                0x00000000c0019b65                Krnl::setEnvSystem(char const*, char const*)
                0x00000000c0019b7f                Krnl::setEnvUser(char const*, char const*)
                0x00000000c0019b9e                Krnl::setEnvProcess(Process*, char const*, char const*)
                0x00000000c0019bb1                Krnl::deleteEnvSystem(char const*)
                0x00000000c0019bb2                Krnl::deleteEnvUser(char const*)
                0x00000000c0019bb3                Krnl::deleteEnvProcess(Process*, char const*)
                0x00000000c0019bb4                Krnl::newProcessEnv(Process*)
                0x00000000c0019bd6                Krnl::copyProcessEnv(Process*, Process*)
                0x00000000c0019c22                Krnl::loadSystemEnv()
                0x00000000c0019c50                Krnl::loadUserEnv()
                0x00000000c0019c76                Krnl::flushEnv()
                0x00000000c0019c77                Krnl::getProcessTotalEnvCount(Process*)
                0x00000000c0019c97                Krnl::getProcessEnvPair(Process*, int)
 .text          0x00000000c0019d2b      0x39c krnl/panic.32
                0x00000000c0019d2b                Krnl::panic(char const*)
 .text          0x00000000c001a0c7      0x57f net/ethernet.32
                0x00000000c001a0c7                Net::switchEndian16(unsigned short)
                0x00000000c001a0e8                Net::switchEndian32(unsigned int)
                0x00000000c001a117                Net::crc32Calc(unsigned char*, int)
                0x00000000c001a1a8                Net::wrapEthernetFrame(Net::UnwrappedEthernetFrame, unsigned char*)
                0x00000000c001a3bb                Net::unwrapEthernetFrame(unsigned char*, int)
 .text          0x00000000c001a646      0x50e reg/registry.32
                0x00000000c001a646                Reg::findLineFromLoadedData(char*, char*, char*)
                0x00000000c001a79e                Reg::getLineFromRegistry(char*, char*, char*, char*)
                0x00000000c001a8f3                Reg::getLine(char*, char*, char*)
                0x00000000c001a92a                Reg::readInt(char*, char*, int*)
                0x00000000c001aa15                Reg::readString(char*, char*, char*, int)
                0x00000000c001aa96                Reg::readBool(char*, char*, bool*)
                0x00000000c001aabb                Reg::readBoolWithDefault(char*, char*, bool)
                0x00000000c001aae7                Reg::readIntWithDefault(char*, char*, int)
                0x00000000c001ab13                Reg::readStringWithDefault(char*, char*, char*, int, char*)
 .text          0x00000000c001ab54       0x36 sys/sc_eject.32
                0x00000000c001ab54                Sys::eject(regs*)
 .text          0x00000000c001ab8a       0x18 sys/sc_exit.32
                0x00000000c001ab8a                Sys::exit(regs*)
 .text          0x00000000c001aba2       0x1f sys/sc_getcwd.32
                0x00000000c001aba2                Sys::getCwd(regs*)
 .text          0x00000000c001abc1        0xc sys/sc_getpid.32
                0x00000000c001abc1                Sys::getPID(regs*)
 .text          0x00000000c001abcd       0x17 sys/sc_getramdata.32
                0x00000000c001abcd                Sys::getRAMData(regs*)
 .text          0x00000000c001abe4       0x84 sys/sc_getvgaptr.32
                0x00000000c001abe4                Sys::getVGAPtr(regs*)
 .text          0x00000000c001ac68       0xa8 sys/sc_loaddll.32
                0x00000000c001ac68                Sys::loadDLL(regs*)
 .text          0x00000000c001ad10       0x68 sys/sc_read.32
                0x00000000c001ad10                Sys::read(regs*)
 .text          0x00000000c001ad78       0x55 sys/sc_sbrk.32
                0x00000000c001ad78                Sys::sbrk(regs*)
 .text          0x00000000c001adcd       0x1c sys/sc_setcwd.32
                0x00000000c001adcd                Sys::setCwd(regs*)
 .text          0x00000000c001ade9       0x95 sys/sc_settime.32
                0x00000000c001ade9                Sys::setTime(regs*)
 .text          0x00000000c001ae7e       0x4a sys/sc_timezone.32
                0x00000000c001ae7e                Sys::timezone(regs*)
 .text          0x00000000c001aec8       0x68 sys/sc_write.32
                0x00000000c001aec8                Sys::write(regs*)
 .text          0x00000000c001af30       0x62 sys/sc_wsbe.32
                0x00000000c001af30                Sys::wsbe(regs*)
 .text          0x00000000c001af92       0x46 sys/sc_yield.32
                0x00000000c001af92                Sys::yield(regs*)
 .text          0x00000000c001afd8      0xf84 sys/syscalls.32
                0x00000000c001afd8                sysCallSeekDir(regs*)
                0x00000000c001afdd                sysCallTellDir(regs*)
                0x00000000c001afe2                sysCallVerify(regs*)
                0x00000000c001afec                sysCallGetArgc(regs*)
                0x00000000c001affc                sysFormatDisk(regs*)
                0x00000000c001b066                sysSetDiskVolumeLabel(regs*)
                0x00000000c001b0ac                sysGetDiskVolumeLabel(regs*)
                0x00000000c001b0fd                sysShutdown(regs*)
                0x00000000c001b15b                sysCallRealpath(regs*)
                0x00000000c001b19e                sysCallReadDir(regs*)
                0x00000000c001b21d                sysCallIsATTY(regs*)
                0x00000000c001b277                sysCallSeek(regs*)
                0x00000000c001b2ce                sysCallTell(regs*)
                0x00000000c001b33a                sysCallSize(regs*)
                0x00000000c001b3ac                sysCallSizeFromFilename(regs*)
                0x00000000c001b45b                sysCallClose(regs*)
                0x00000000c001b4bb                sysCallOpenDir(regs*)
                0x00000000c001b530                sysCallCloseDir(regs*)
                0x00000000c001b584                sysCallMakeDir(regs*)
                0x00000000c001b5f4                sysCallWait(regs*)
                0x00000000c001b60e                sysCallNotImpl(regs*)
                0x00000000c001b629                sysPanic(regs*)
                0x00000000c001b643                sysCallRmdir(regs*)
                0x00000000c001b6a7                sysCallUnlink(regs*)
                0x00000000c001b70b                sysCallGetArgv(regs*)
                0x00000000c001b757                sysCallTTYName(regs*)
                0x00000000c001b7da                sysCallUSleep(regs*)
                0x00000000c001b801                sysCallSpawn(regs*)
                0x00000000c001b869                sysCallGetEnv(regs*)
                0x00000000c001b916                sysAppSettings(regs*)
                0x00000000c001ba2a                sysSetFatAttrib(regs*)
                0x00000000c001ba9c                sysPipe(regs*)
                0x00000000c001bae1                sysGetUnixTime(regs*)
                0x00000000c001baf5                string_ends_with(char const*, char const*)
                0x00000000c001bb3d                sysCallOpen(regs*)
                0x00000000c001bd25                Sys::loadSyscalls()
                0x00000000c001bf1a                Sys::systemCall(regs*, void*)
 .text          0x00000000c001bf5c     0x1200 thr/elf.32
                0x00000000c001bf5c                Thr::allocateMemoryForTask(Process*, File*, unsigned long, unsigned long, unsigned long)
                0x00000000c001c206                Thr::loadProgramIntoMemory(Process*, char const*)
                0x00000000c001c41c                Thr::runtimeReferenceHelper()
                0x00000000c001c42f                Thr::getAddressOfKernelSymbol(char const*)
                0x00000000c001c47e                Thr::loadKernelSymbolTable(char const*)
                0x00000000c001c73c                Thr::loadDriverIntoMemory(char const*, unsigned long, bool)
                0x00000000c001ce72                Thr::getDriverBaseFromAddress(unsigned long)
                0x00000000c001cea4                Thr::getDriverNameFromAddress(unsigned long)
                0x00000000c001cedb                Thr::getDriverOffsetFromAddress(unsigned long)
                0x00000000c001cef5                Thr::loadDLL(char const*, bool)
                0x00000000c001d123                Thr::executeDLL(unsigned long, void*)
 .text          0x00000000c001d15c     0x11ef thr/prcssthr.32
                0x00000000c001d15c                userModeEntryPoint(void*)
                0x00000000c001d182                changeTSS
                0x00000000c001d1b2                switchToThread(ThreadControlBlock*)
                0x00000000c001d25c                Process::addArgs(char**)
                0x00000000c001d2b6                Process::Process(char const*, Process*, char**)
                0x00000000c001d2b6                Process::Process(char const*, Process*, char**)
                0x00000000c001d49a                Process::Process(bool, char const*, Process*, char**)
                0x00000000c001d49a                Process::Process(bool, char const*, Process*, char**)
                0x00000000c001d649                taskStartupFunction
                0x00000000c001d652                Semaphore::Semaphore(int)
                0x00000000c001d652                Semaphore::Semaphore(int)
                0x00000000c001d680                Mutex::Mutex()
                0x00000000c001d680                Mutex::Mutex()
                0x00000000c001d692                Process::createThread(void (*)(void*), void*, int)
                0x00000000c001d798                Process::createUserThread()
                0x00000000c001d7b4                setupMultitasking(void (*)())
                0x00000000c001d8b7                schedule()
                0x00000000c001d93c                Semaphore::tryAcquire()
                0x00000000c001d9f8                Semaphore::assertLocked(char const*)
                0x00000000c001da67                blockTaskWithSchedulerLockAlreadyHeld(TaskState)
                0x00000000c001da8d                blockTask(TaskState)
                0x00000000c001daba                waitTask(int, int*, int)
                0x00000000c001dafc                nanoSleepUntil(unsigned long long)
                0x00000000c001db91                nanoSleep(unsigned long long)
                0x00000000c001dba9                sleep(unsigned long long)
                0x00000000c001dbc6                Semaphore::acquire()
                0x00000000c001dc68                taskReturned
                0x00000000c001dca3                Thr::processFromPID(int)
                0x00000000c001dd3a                unblockTask(ThreadControlBlock*)
                0x00000000c001ddcf                cleanupTerminatedTask(ThreadControlBlock*)
                0x00000000c001e076                cleanerTaskFunction(void*)
                0x00000000c001e157                terminateTask(int)
                0x00000000c001e216                Thr::terminateFromIRQ(int)
                0x00000000c001e222                Semaphore::release()
 .text          0x00000000c001e34b      0xada vm86/vm8086.32
                0x00000000c001e34b                Vm::inbv(unsigned short)
                0x00000000c001e35e                Vm::outbv(unsigned short, unsigned char)
                0x00000000c001e394                Vm::realToLinear(unsigned short, unsigned short)
                0x00000000c001e3a4                Vm::getSegment(unsigned int)
                0x00000000c001e3ac                Vm::getOffset(unsigned int)
                0x00000000c001e3b1                Vm::mainloop2()
                0x00000000c001e3eb                Vm::mainVm8086Loop(void*)
                0x00000000c001e3fb                Vm::mainloop3(unsigned long)
                0x00000000c001e421                Vm::initialise8086()
                0x00000000c001e464                Vm::finish8086()
                0x00000000c001e4c5                Vm::getOutput8086(unsigned char*)
                0x00000000c001e4ea                Vm::start8086(char const*, unsigned short, unsigned short, unsigned short, unsigned short)
                0x00000000c001e652                Vm::doISR(regs*, int, unsigned char*, unsigned short, unsigned short)
                0x00000000c001e6dc                Vm::readByteFromReal(unsigned short, unsigned short)
                0x00000000c001e6ed                Vm::readWordFromReal(unsigned short, unsigned short)
                0x00000000c001e6ff                Vm::readDwordFromReal(unsigned short, unsigned short)
                0x00000000c001e710                Vm::writeByteFromReal(unsigned short, unsigned short, unsigned char)
                0x00000000c001e725                Vm::writeWordFromReal(unsigned short, unsigned short, unsigned short)
                0x00000000c001e73b                Vm::writeDwordFromReal(unsigned short, unsigned short, unsigned int)
                0x00000000c001e750                Vm::faultHandler(regs*)
 .text          0x00000000c001ee25      0xefd vm86/x87em.32
                0x00000000c001ee25                Vm::fpuInternalTo32(unsigned long long)
                0x00000000c001ee80                Vm::fpuInternalTo64(unsigned long long)
                0x00000000c001ee89                Vm::fpu32ToInternal(unsigned int)
                0x00000000c001eece                Vm::fpu64ToInternal(unsigned long long)
                0x00000000c001eed7                Vm::fpuFloatToLong(unsigned long long)
                0x00000000c001ef32                Vm::fpuULongToFloat(unsigned long long)
                0x00000000c001ef68                Vm::fpuLongToFloat(long long)
                0x00000000c001efbe                Vm::fpuGet0()
                0x00000000c001efc3                Vm::fpuGet1()
                0x00000000c001efcb                Vm::fpuGetPi()
                0x00000000c001efd3                Vm::fpuGetLog2E()
                0x00000000c001efeb                Vm::fpuGetLogE2()
                0x00000000c001f003                Vm::fpuGetLog210()
                0x00000000c001f01b                Vm::fpuGetLog102()
                0x00000000c001f033                Vm::fpuIsSecondLarger(unsigned long long, unsigned long long)
                0x00000000c001f047                Vm::fpuAreEqual(unsigned long long, unsigned long long)
                0x00000000c001f05d                Vm::fpuUnorderedCompare(unsigned long long, unsigned long long)
                0x00000000c001f0b0                Vm::fpuAdd(unsigned long long, unsigned long long)
                0x00000000c001f0c1                Vm::fpuAbs(unsigned long long)
                0x00000000c001f0ca                Vm::fpuChs(unsigned long long)
                0x00000000c001f0da                Vm::fpuSub(unsigned long long, unsigned long long)
                0x00000000c001f0e9                Vm::fpuMultiply(unsigned long long, unsigned long long)
                0x00000000c001f108                Vm::fpuDivide(unsigned long long, unsigned long long)
                0x00000000c001f124                Vm::fpuSquare(unsigned long long)
                0x00000000c001f13a                Vm::fpuGetReg(int)
                0x00000000c001f17d                Vm::fpuSetReg(int, unsigned long long)
                0x00000000c001f1c8                Vm::fpuPush(unsigned long long)
                0x00000000c001f225                Vm::fpuPop()
                0x00000000c001f277                Vm::x87Handler(regs*)
 .text          0x00000000c001fd22     0x11c1 fs/fat/vfslink.32
                0x00000000c001fd22                FAT::getName()
                0x00000000c001fd28                FAT::tell(void*, unsigned long long*)
                0x00000000c001fd5c                FAT::stat(void*, unsigned long long*)
                0x00000000c001fd90                FAT::~FAT()
                0x00000000c001fd90                FAT::~FAT()
                0x00000000c001fdb4                FAT::~FAT()
                0x00000000c001fddc                FAT::getlabel(LogicalDisk*, int, char*, unsigned int*)
                0x00000000c001fe7a                FAT::setlabel(LogicalDisk*, int, char*)
                0x00000000c001ff34                FAT::format(LogicalDisk*, int, char const*, int)
                0x00000000c00200f2                FAT::tryMount(LogicalDisk*, int)
                0x00000000c00202f8                FAT::getFileFirstSector(char const*)
                0x00000000c002039e                FAT::readDir(void*, unsigned long, void*, int*)
                0x00000000c00204f8                FAT::read(void*, unsigned long, void*, int*)
                0x00000000c0020552                FAT::write(void*, unsigned long, void*, int*)
                0x00000000c00205ac                FAT::close(void*)
                0x00000000c00205f8                FAT::closeDir(void*)
                0x00000000c0020644                FAT::seek(void*, unsigned long long)
                0x00000000c0020698                fatWrapperReadDisk
                0x00000000c00206df                fatWrapperWriteDisk
                0x00000000c0020726                fatWrapperIoctl
                0x00000000c002082a                FAT::FAT()
                0x00000000c002082a                FAT::FAT()
                0x00000000c002087c                FAT::fixFilepath(char*)
                0x00000000c00208b4                FAT::open(char const*, void**, FileOpenMode)
                0x00000000c00209dc                FAT::openDir(char const*, void**)
                0x00000000c0020a82                FAT::stat(char const*, unsigned long long*, bool*)
                0x00000000c0020b6c                FAT::unlink(char const*)
                0x00000000c0020be6                FAT::chfatattr(char const*, unsigned char, unsigned char)
                0x00000000c0020d3a                FAT::rename(char const*, char const*)
                0x00000000c0020dfe                FAT::mkdir(char const*)
                0x00000000c0020e78                FAT::exists(char const*)
 *fill*         0x00000000c0020ee3        0x1 
 .text          0x00000000c0020ee4      0xb75 fs/iso9660/vfslink.32
                0x00000000c0020ee4                ISO9660::format(LogicalDisk*, int, char const*, int)
                0x00000000c0020eea                ISO9660::seek(void*, unsigned long long)
                0x00000000c0020f1a                ISO9660::tell(void*, unsigned long long*)
                0x00000000c0020f3e                ISO9660::getName()
                0x00000000c0020f44                ISO9660::stat(void*, unsigned long long*)
                0x00000000c0020f68                ISO9660::chfatattr(char const*, unsigned char, unsigned char)
                0x00000000c0020f6e                ISO9660::unlink(char const*)
                0x00000000c0020f74                ISO9660::write(void*, unsigned long, void*, int*)
                0x00000000c0020f7a                ISO9660::rename(char const*, char const*)
                0x00000000c0020f80                ISO9660::mkdir(char const*)
                0x00000000c0020f86                ISO9660::close(void*)
                0x00000000c0020fa8                ISO9660::closeDir(void*)
                0x00000000c0020fca                ISO9660::~ISO9660()
                0x00000000c0020fca                ISO9660::~ISO9660()
                0x00000000c0020fee                ISO9660::~ISO9660()
                0x00000000c0021015                __memmem(unsigned char*, int, unsigned char*, int)
                0x00000000c0021057                readSectorFromCDROM(unsigned int, unsigned char*, char)
                0x00000000c00210b2                ISO9660::tryMount(LogicalDisk*, int)
                0x00000000c0021102                ISO9660::read(void*, unsigned long, void*, int*)
                0x00000000c0021306                ISO9660::readDir(void*, unsigned long, void*, int*)
                0x00000000c0021580                readRoot(unsigned int*, unsigned int*, char)
                0x00000000c00215d4                readRecursively(char*, unsigned int, unsigned int, unsigned int*, unsigned int*, char, int*)
                0x00000000c00217a7                getFileData(char*, unsigned int*, unsigned int*, char, int*)
                0x00000000c0021836                ISO9660::open(char const*, void**, FileOpenMode)
                0x00000000c00218e4                ISO9660::exists(char const*)
                0x00000000c0021908                ISO9660::stat(char const*, unsigned long long*, bool*)
                0x00000000c002199c                ISO9660::openDir(char const*, void**)
                0x00000000c0021a36                ISO9660::ISO9660()
                0x00000000c0021a36                ISO9660::ISO9660()
 *fill*         0x00000000c0021a59        0x1 
 .text          0x00000000c0021a5a      0x396 hal/sound/sndchannel.32
                0x00000000c0021a5a                SoundChannel::SoundChannel(int, int, int, int)
                0x00000000c0021a5a                SoundChannel::SoundChannel(int, int, int, int)
                0x00000000c0021b84                SoundChannel::~SoundChannel()
                0x00000000c0021b84                SoundChannel::~SoundChannel()
                0x00000000c0021ba0                SoundChannel::getSampleRate()
                0x00000000c0021ba8                SoundChannel::getBits()
                0x00000000c0021bb0                SoundChannel::getBufferUsed()
                0x00000000c0021bb8                SoundChannel::getBufferSize()
                0x00000000c0021bc0                SoundChannel::unbuffer(float*, int, int)
                0x00000000c0021c54                SoundChannel::buffer16(short*, int)
                0x00000000c0021d50                SoundChannel::buffer8(unsigned char*, int)
 .text          0x00000000c0021df0      0x43e hal/sound/sndhw.32
                0x00000000c0021df0                SoundDevice::SoundDevice(char const*)
                0x00000000c0021df0                SoundDevice::SoundDevice(char const*)
                0x00000000c0021e5c                SoundDevice::~SoundDevice()
                0x00000000c0021e5c                SoundDevice::~SoundDevice()
                0x00000000c0021ed6                SoundDevice::~SoundDevice()
                0x00000000c0021f00                SoundDevice::getFreeChannelNum()
                0x00000000c0021f1a                SoundDevice::addChannel(SoundChannel*)
                0x00000000c0021f8a                SoundDevice::removeChannel(int)
                0x00000000c0021fbc                SoundDevice::floatTo16(float*, short*, int)
                0x00000000c00220aa                SoundDevice::floatTo8(float*, unsigned char*, int)
                0x00000000c0022192                SoundDevice::getAudio(int, float*, float*)
 .text          0x00000000c002222e        0x0 hw/bus/isa.32
 .text          0x00000000c002222e      0xb87 hw/bus/pci.32
                0x00000000c002222e                PCI::open(int, int, void*)
                0x00000000c002224c                PCI::close(int, int, void*)
                0x00000000c0022250                PCI::PCI()
                0x00000000c0022250                PCI::PCI()
                0x00000000c00222e6                PCI::readBAR8(unsigned int, int)
                0x00000000c0022302                PCI::readBAR16(unsigned int, int)
                0x00000000c0022320                PCI::readBAR32(unsigned int, int)
                0x00000000c002233c                PCI::writeBAR8(unsigned int, unsigned char, int)
                0x00000000c002235c                PCI::writeBAR16(unsigned int, unsigned short, int)
                0x00000000c002237e                PCI::writeBAR32(unsigned int, unsigned int, int)
                0x00000000c002239e                PCI::legacyMechanism(unsigned char, unsigned char, unsigned char, unsigned char)
                0x00000000c002240c                PCI::pciReadWord(unsigned char, unsigned char, unsigned char, unsigned char)
                0x00000000c00224b4                PCI::getVendorID(unsigned char, unsigned char, unsigned char)
                0x00000000c00224d8                PCI::getHeaderType(unsigned char, unsigned char, unsigned char)
                0x00000000c0022500                PCI::getClassCode(unsigned char, unsigned char, unsigned char)
                0x00000000c002254a                PCI::getProgIF(unsigned char, unsigned char, unsigned char)
                0x00000000c0022572                PCI::getRevisionID(unsigned char, unsigned char, unsigned char)
                0x00000000c0022596                PCI::getInterruptNumber(unsigned char, unsigned char, unsigned char)
                0x00000000c00225ba                PCI::getSecondaryBus(unsigned char, unsigned char, unsigned char)
                0x00000000c00225e2                PCI::getBARAddress(unsigned char, unsigned char, unsigned char, unsigned char)
                0x00000000c0022646                PCI::pciWriteWord(unsigned char, unsigned char, unsigned char, unsigned char, unsigned short)
                0x00000000c002272e                PCI::pciDetailsToFilepath(PCIDeviceInfo, char*)
                0x00000000c00229a8                PCI::checkBus(unsigned char)
                0x00000000c00229cc                PCI::foundDevice(PCIDeviceInfo)
                0x00000000c0022b3e                PCI::getDeviceData(unsigned char, unsigned char, unsigned char)
                0x00000000c0022cf6                PCI::checkDevice(unsigned char, unsigned char)
                0x00000000c0022d62                PCI::detect()
 *fill*         0x00000000c0022db5        0x1 
 .text          0x00000000c0022db6      0xb54 hw/diskctrl/ide.32
                0x00000000c0022db6                IDE::close(int, int, void*)
                0x00000000c0022dba                IDE::IDE()
                0x00000000c0022dba                IDE::IDE()
                0x00000000c0022dee                IDE::prepareInterrupt(unsigned char)
                0x00000000c0022e00                selectDrive(unsigned char, unsigned char)
                0x00000000c0022e02                IDE::getBase(unsigned char)
                0x00000000c0022e14                IDE::write(unsigned char, unsigned char, unsigned char)
                0x00000000c0022ed4                IDE::read(unsigned char, unsigned char)
                0x00000000c0022f82                IDE::waitInterrupt(unsigned char)
                0x00000000c0022fe8                ideChannel0IRQHandler(regs*, void*)
                0x00000000c0023004                ideChannel1IRQHandler(regs*, void*)
                0x00000000c0023020                IDE::enableIRQs(unsigned char, bool)
                0x00000000c0023066                IDE::open(int, int, void*)
                0x00000000c0023474                IDE::readBuffer(unsigned char, unsigned char, unsigned int, unsigned int)
                0x00000000c0023540                IDE::detect()
                0x00000000c0023806                IDE::printError(unsigned char, unsigned char, unsigned char)
                0x00000000c00238b6                IDE::polling(unsigned char, unsigned int)
 .text          0x00000000c002390a      0x336 hw/diskctrl/satabus.32
                0x00000000c002390a                SATABus::close(int, int, void*)
                0x00000000c002390e                SATABus::detect()
                0x00000000c0023910                SATABus::SATABus()
                0x00000000c0023910                SATABus::SATABus()
                0x00000000c0023996                SATABus::findCmdslot(SATABus::tagHBA_PORT volatile*)
                0x00000000c00239de                SATABus::checkType(SATABus::tagHBA_PORT volatile*)
                0x00000000c0023a26                SATABus::startCmd(SATABus::tagHBA_PORT volatile*)
                0x00000000c0023a46                SATABus::stopCmd(SATABus::tagHBA_PORT volatile*)
                0x00000000c0023a70                SATABus::portRebase(SATABus::tagHBA_PORT volatile*, int)
                0x00000000c0023b76                SATABus::probePort(SATABus::tagHBA_MEM volatile*)
                0x00000000c0023c20                SATABus::open(int, int, void*)
 .text          0x00000000c0023c40      0x604 hw/diskphys/ata.32
                0x00000000c0023c40                ATA::close(int, int, void*)
                0x00000000c0023c64                ATA::powerSaving(PowerSavingLevel)
                0x00000000c0023c66                ATA::ATA()
                0x00000000c0023c66                ATA::ATA()
                0x00000000c0023c94                ATA::flush(bool)
                0x00000000c0023cde                ATA::readyForCommand()
                0x00000000c0023d2e                ATA::access(unsigned long long, int, void*, bool)
                0x00000000c00240b6                ATA::read(unsigned long long, int, void*)
                0x00000000c0024102                ATA::write(unsigned long long, int, void*)
                0x00000000c002414e                ATA::detectCHS()
                0x00000000c0024178                ATA::open(int, int, void*)
 .text          0x00000000c0024244      0x5bd hw/diskphys/atapi.32
                0x00000000c0024244                ATAPI::write(unsigned long long, int, void*)
                0x00000000c002424a                ATAPI::close(int, int, void*)
                0x00000000c002426e                ATAPI::ATAPI()
                0x00000000c002426e                ATAPI::ATAPI()
                0x00000000c002429c                ATAPI::readyForCommand()
                0x00000000c00242ec                ATAPI::sendPacket(unsigned char*, int, bool, unsigned short*, int)
                0x00000000c00245ac                ATAPI::diskRemoved()
                0x00000000c00245c8                ATAPI::eject()
                0x00000000c0024610                ATAPI::diskInserted()
                0x00000000c002463e                ATAPI::detectMedia()
                0x00000000c00246fa                ATAPI::open(int, int, void*)
                0x00000000c0024782                ATAPI::read(unsigned long long, int, void*)
 *fill*         0x00000000c0024801        0x1 
 .text          0x00000000c0024802      0x41c hw/diskphys/sata.32
                0x00000000c0024802                SATA::close(int, int, void*)
                0x00000000c0024826                SATA::powerSaving(PowerSavingLevel)
                0x00000000c0024828                SATA::open(int, int, void*)
                0x00000000c00248d2                SATA::SATA()
                0x00000000c00248d2                SATA::SATA()
                0x00000000c0024900                SATA::access(unsigned long long, int, void*, bool)
                0x00000000c0024b66                SATA::read(unsigned long long, int, void*)
                0x00000000c0024bb2                SATA::write(unsigned long long, int, void*)
 .text          0x00000000c0024c1e      0x4fe hw/diskphys/satapi.32
                0x00000000c0024c1e                SATAPI::write(unsigned long long, int, void*)
                0x00000000c0024c24                SATAPI::close(int, int, void*)
                0x00000000c0024c48                SATAPI::SATAPI()
                0x00000000c0024c48                SATAPI::SATAPI()
                0x00000000c0024c76                SATAPI::diskRemoved()
                0x00000000c0024c92                SATAPI::diskInserted()
                0x00000000c0024cc0                SATAPI::sendPacket(unsigned char*, int, unsigned long long, unsigned short*, int)
                0x00000000c0024ec8                SATAPI::eject()
                0x00000000c0024f10                SATAPI::detectMedia()
                0x00000000c0024fd2                SATAPI::open(int, int, void*)
                0x00000000c002507a                SATAPI::read(unsigned long long, int, void*)
 .text          0x00000000c002511c       0x8e hw/fpu/avx.32
                0x00000000c002511c                AVX::open(int, int, void*)
                0x00000000c002512e                AVX::close(int, int, void*)
                0x00000000c0025140                AVX::available()
                0x00000000c0025152                AVX::save(void*)
                0x00000000c002516a                AVX::load(void*)
                0x00000000c0025182                AVX::AVX()
                0x00000000c0025182                AVX::AVX()
 .text          0x00000000c00251aa       0x90 hw/fpu/mmx.32
                0x00000000c00251aa                MMX::available()
                0x00000000c00251be                MMX::open(int, int, void*)
                0x00000000c00251d0                MMX::close(int, int, void*)
                0x00000000c00251e2                MMX::save(void*)
                0x00000000c00251fa                MMX::load(void*)
                0x00000000c0025212                MMX::MMX()
                0x00000000c0025212                MMX::MMX()
 .text          0x00000000c002523a       0x96 hw/fpu/sse.32
                0x00000000c002523a                SSE::open(int, int, void*)
                0x00000000c002524c                SSE::close(int, int, void*)
                0x00000000c002525e                SSE::available()
                0x00000000c0025278                SSE::save(void*)
                0x00000000c0025290                SSE::load(void*)
                0x00000000c00252a8                SSE::SSE()
                0x00000000c00252a8                SSE::SSE()
 .text          0x00000000c00252d0       0x8e hw/fpu/x87.32
                0x00000000c00252d0                x87::open(int, int, void*)
                0x00000000c00252e2                x87::close(int, int, void*)
                0x00000000c00252f4                x87::available()
                0x00000000c0025306                x87::save(void*)
                0x00000000c002531e                x87::load(void*)
                0x00000000c0025336                x87::x87()
                0x00000000c0025336                x87::x87()
 .text          0x00000000c002535e      0x71e hw/intctrl/apic.32
                0x00000000c002535e                APIC::disable()
                0x00000000c0025360                APIC::close(int, int, void*)
                0x00000000c0025382                IOAPIC::close(int, int, void*)
                0x00000000c0025388                APIC::io_wait()
                0x00000000c002538e                APIC::getBase()
                0x00000000c00253d0                APIC::eoi(unsigned char)
                0x00000000c00253fe                APIC::open(int, int, void*)
                0x00000000c002554c                IOAPIC::IOAPIC()
                0x00000000c002554c                IOAPIC::IOAPIC()
                0x00000000c0025574                APIC::APIC()
                0x00000000c0025574                APIC::APIC()
                0x00000000c0025650                IOAPIC::handlesGSIWithNumber(unsigned int)
                0x00000000c0025682                IOAPIC::read(int)
                0x00000000c00256aa                IOAPIC::open(int, int, void*)
                0x00000000c00257a0                IOAPIC::write(int, int)
                0x00000000c00257cc                IOAPIC::redirect(unsigned char, unsigned long long, unsigned char, bool, bool)
                0x00000000c00258c6                APIC::installIRQHandler(int, void (*)(regs*, void*), bool, void*)
 .text          0x00000000c0025a7c      0x3d3 hw/intctrl/pic.32
                0x00000000c0025a7c                PIC::disable()
                0x00000000c0025aaa                PIC::close(int, int, void*)
                0x00000000c0025acc                PIC::PIC()
                0x00000000c0025acc                PIC::PIC()
                0x00000000c0025ba2                PIC::ioWait()
                0x00000000c0025ba8                PIC::getIRQReg(int)
                0x00000000c0025c12                PIC::eoi(unsigned char)
                0x00000000c0025ca4                PIC::remap()
                0x00000000c0025e10                PIC::open(int, int, void*)
 *fill*         0x00000000c0025e4f        0x1 
 .text          0x00000000c0025e50      0x25e hw/timer/apictimer.32
                0x00000000c0025e50                APICTimer::close(int, int, void*)
                0x00000000c0025e56                apicTimerHandler(regs*, void*)
                0x00000000c0025e84                APICTimer::write(int)
                0x00000000c0025f88                APICTimer::open(int, int, void*)
                0x00000000c0026086                APICTimer::APICTimer()
                0x00000000c0026086                APICTimer::APICTimer()
 .text          0x00000000c00260ae      0x1a7 hw/timer/pit.32
                0x00000000c00260ae                PIT::write(int)
                0x00000000c002612c                pitHandler(regs*, void*)
                0x00000000c0026158                PIT::open(int, int, void*)
                0x00000000c00261a6                PIT::close(int, int, void*)
                0x00000000c00261d6                PIT::PIT()
                0x00000000c00261d6                PIT::PIT()
 *fill*         0x00000000c0026255        0xb 
 .text          0x00000000c0026260       0x1e hw/fpu/x86/avx.32
                0x00000000c0026260                avxDetect
                0x00000000c0026266                avxSave
                0x00000000c0026267                avxLoad
                0x00000000c0026268                avxInit
                0x00000000c0026269                avxClose
                0x00000000c002626a                wouldSheSayYes
 *fill*         0x00000000c002627e        0x2 
 .text          0x00000000c0026280       0x35 hw/fpu/x86/sse.32
                0x00000000c0026280                absolutelyNoChanceInHell
                0x00000000c0026280                sseDetect
                0x00000000c0026298                sseSave
                0x00000000c002629e                sseLoad
                0x00000000c00262a4                sseInit
                0x00000000c00262b4                sseClose
 *fill*         0x00000000c00262b5        0xb 
 .text          0x00000000c00262c0       0x4d hw/fpu/x86/x87.32
                0x00000000c00262c6                x87Detect
                0x00000000c00262e1                x87Save
                0x00000000c00262ea                x87Load
                0x00000000c00262f2                x87Init
                0x00000000c002630c                x87Close
 *fill*         0x00000000c002630d        0x3 
 .text          0x00000000c0026310       0x25 /cygdrive/d/Users/Alex/Desktop/Toolchain/Output/bin/../lib/gcc/i386-banana/8.1.0/crtend.o
 .text          0x00000000c0026335        0x0 crtn.32
 *fill*         0x00000000c0026335        0x3 
 .text          0x00000000c0026338      0x14b /cygdrive/d/Users/Alex/Desktop/Toolchain/Output/bin/../lib/gcc/i386-banana/8.1.0/libkgcc.a(_divdi3.o)
                0x00000000c0026338                __divdi3
 *fill*         0x00000000c0026483        0x1 
 .text          0x00000000c0026484      0x17e /cygdrive/d/Users/Alex/Desktop/Toolchain/Output/bin/../lib/gcc/i386-banana/8.1.0/libkgcc.a(_moddi3.o)
                0x00000000c0026484                __moddi3
 *fill*         0x00000000c0026602        0x2 
 .text          0x00000000c0026604       0xff /cygdrive/d/Users/Alex/Desktop/Toolchain/Output/bin/../lib/gcc/i386-banana/8.1.0/libkgcc.a(_udivdi3.o)
                0x00000000c0026604                __udivdi3
 *fill*         0x00000000c0026703        0x1 
 .text          0x00000000c0026704      0x11a /cygdrive/d/Users/Alex/Desktop/Toolchain/Output/bin/../lib/gcc/i386-banana/8.1.0/libkgcc.a(_umoddi3.o)
                0x00000000c0026704                __umoddi3
 .text          0x00000000c002681e      0x96d D:/Users/Alex/Desktop/Banana/kernel/libsoftfp.a(sfieeelib.o)
                0x00000000c002681e                __addsf3
                0x00000000c0026b20                __subsf3
                0x00000000c0026b34                __negsf2
                0x00000000c0026b41                __mulsf3
                0x00000000c0026d04                __divsf3
                0x00000000c0026f2f                __floatsisf
                0x00000000c0026fa3                __floatunsisf
                0x00000000c0026fe5                __fixsfsi
                0x00000000c0027047                __fixunssfsi
                0x00000000c0027078                __cmpsf2
                0x00000000c002710d                __eqsf2
                0x00000000c0027148                __nesf2
                0x00000000c002714a                __gtsf2
                0x00000000c0027185                __gesf2
                0x00000000c0027187                __ltsf2
                0x00000000c0027189                __lesf2
 .text          0x00000000c002718b      0xf50 D:/Users/Alex/Desktop/Banana/kernel/libsoftfp.a(dfieeelib.o)
                0x00000000c002718b                __adddf3
                0x00000000c00277dc                __subdf3