Archive member included to satisfy reference by file (symbol)

/cygdrive/d/Users/Alex/Desktop/Toolchain/Output/bin/../lib/gcc/i386-banana/8.1.0/libgcc.a(_divdi3.o)
                              fs/fat/ff.32 (__divdi3)
/cygdrive/d/Users/Alex/Desktop/Toolchain/Output/bin/../lib/gcc/i386-banana/8.1.0/libgcc.a(_moddi3.o)
                              thr/elf.32 (__moddi3)
/cygdrive/d/Users/Alex/Desktop/Toolchain/Output/bin/../lib/gcc/i386-banana/8.1.0/libgcc.a(_udivdi3.o)
                              fs/fat/ff.32 (__udivdi3)
/cygdrive/d/Users/Alex/Desktop/Toolchain/Output/bin/../lib/gcc/i386-banana/8.1.0/libgcc.a(_umoddi3.o)
                              core/pipe.32 (__umoddi3)
D:/Users/Alex/Desktop/Banana/kernel/libk/libm32.a(s_fabs.c.o)
                              hal/libresample/samplerate.32 (fabs)
D:/Users/Alex/Desktop/Banana/kernel/libk/libm32.a(s_lrint.S.o)
                              hal/libresample/samplerate.32 (lrint)
D:/Users/Alex/Desktop/Banana/kernel/libk/libm32.a(s_lrintf.S.o)
                              hal/sound/sndhw.32 (lrintf)

Discarded input sections

 .comment       0x0000000000000000       0x12 /cygdrive/d/Users/Alex/Desktop/Toolchain/Output/bin/../lib/gcc/i386-banana/8.1.0/crtbegin.o
 .comment       0x0000000000000000       0x12 acpica/utclib.32
 .comment       0x0000000000000000       0x12 core/malloc.32
 .comment       0x0000000000000000       0x12 libk/string.32
 .comment       0x0000000000000000       0x12 fs/fat/diskio.32
 .comment       0x0000000000000000       0x12 fs/fat/ff.32
 .comment       0x0000000000000000       0x12 fs/fat/ffsystem.32
 .comment       0x0000000000000000       0x12 fs/fat/ffunicode.32
 .comment       0x0000000000000000       0x12 hal/libresample/samplerate.32
 .comment       0x0000000000000000       0x12 hal/libresample/src_linear.32
 .comment       0x0000000000000000       0x12 hal/libresample/src_sinc.32
 .comment       0x0000000000000000       0x12 hal/libresample/src_zoh.32
 .group         0x0000000000000000       0x14 core/computer.32
 .group         0x0000000000000000        0xc core/computer.32
 .comment       0x0000000000000000       0x12 core/computer.32
 .comment       0x0000000000000000       0x12 core/gdt.32
 .group         0x0000000000000000        0xc core/idle.32
 .comment       0x0000000000000000       0x12 core/idle.32
 .comment       0x0000000000000000       0x12 core/idt.32
 .group         0x0000000000000000        0x8 core/kheap.32
 .group         0x0000000000000000        0x8 core/kheap.32
 .comment       0x0000000000000000       0x12 core/kheap.32
 .comment       0x0000000000000000       0x12 core/main.32
 .comment       0x0000000000000000       0x12 core/physmgr.32
 .group         0x0000000000000000        0xc core/pipe.32
 .comment       0x0000000000000000       0x12 core/pipe.32
 .group         0x0000000000000000        0xc core/terminal.32
 .comment       0x0000000000000000       0x12 core/terminal.32
 .group         0x0000000000000000        0x8 core/tss.32
 .text._ZN3CPU7readCR3Ev
                0x0000000000000000       0x12 core/tss.32
 .comment       0x0000000000000000       0x12 core/tss.32
 .group         0x0000000000000000        0x8 core/unixfile.32
 .group         0x0000000000000000        0xc core/unixfile.32
 .group         0x0000000000000000        0xc core/unixfile.32
 .group         0x0000000000000000        0x8 core/unixfile.32
 .group         0x0000000000000000        0xc core/unixfile.32
 .group         0x0000000000000000        0x8 core/unixfile.32
 .group         0x0000000000000000        0xc core/unixfile.32
 .group         0x0000000000000000        0xc core/unixfile.32
 .comment       0x0000000000000000       0x12 core/unixfile.32
 .group         0x0000000000000000        0x8 core/virtmgr.32
 .group         0x0000000000000000        0x8 core/virtmgr.32
 .text._ZN3CPU7readCR3Ev
                0x0000000000000000       0x12 core/virtmgr.32
 .text._ZN3CPU8writeCR3Em
                0x0000000000000000        0x9 core/virtmgr.32
 .comment       0x0000000000000000       0x12 core/virtmgr.32
 .comment       0x0000000000000000       0x12 coreobjs/c++.32
 .comment       0x0000000000000000       0x12 dbg/kconsole.32
 .group         0x0000000000000000        0xc fs/vfs.32
 .group         0x0000000000000000        0xc fs/vfs.32
 .group         0x0000000000000000        0xc fs/vfs.32
 .comment       0x0000000000000000       0x12 fs/vfs.32
 .group         0x0000000000000000        0xc hal/bus.32
 .comment       0x0000000000000000       0x12 hal/bus.32
 .group         0x0000000000000000        0xc hal/buzzer.32
 .comment       0x0000000000000000       0x12 hal/buzzer.32
 .group         0x0000000000000000        0xc hal/clock.32
 .comment       0x0000000000000000       0x12 hal/clock.32
 .group         0x0000000000000000       0x14 hal/device.32
 .group         0x0000000000000000        0xc hal/device.32
 .group         0x0000000000000000        0xc hal/device.32
[...]
Memory Configuration

Name             Origin             Length             Attributes
*default*        0x0000000000000000 0xffffffffffffffff

Linker script and memory map

LOAD D:/Users/Alex/Desktop/Banana/kernel/boot.32
LOAD crti.32
LOAD /cygdrive/d/Users/Alex/Desktop/Toolchain/Output/bin/../lib/gcc/i386-banana/8.1.0/crtbegin.o
LOAD D:/Users/Alex/Desktop/Banana/kernel/morenasm.32
LOAD acpica/utclib.32
LOAD core/malloc.32
LOAD libk/string.32
LOAD fs/fat/diskio.32
LOAD fs/fat/ff.32
LOAD fs/fat/ffsystem.32
LOAD fs/fat/ffunicode.32
LOAD hal/libresample/samplerate.32
LOAD hal/libresample/src_linear.32
LOAD hal/libresample/src_sinc.32
LOAD hal/libresample/src_zoh.32
LOAD core/computer.32
LOAD core/gdt.32
LOAD core/idle.32
LOAD core/idt.32
LOAD core/kheap.32
LOAD core/main.32
LOAD core/physmgr.32
LOAD core/pipe.32
LOAD core/terminal.32
LOAD core/tss.32
LOAD core/unixfile.32
LOAD core/virtmgr.32
LOAD coreobjs/c++.32
LOAD dbg/kconsole.32
LOAD fs/vfs.32
LOAD hal/bus.32
LOAD hal/buzzer.32
LOAD hal/clock.32
LOAD hal/device.32
LOAD hal/diskctrl.32
LOAD hal/diskphys.32
LOAD hal/fpu.32
LOAD hal/intctrl.32
LOAD hal/keybrd.32
LOAD hal/logidisk.32
LOAD hal/mouse.32
LOAD hal/partition.32
LOAD hal/timer.32
LOAD hal/vcache.32
LOAD hal/video.32
LOAD hw/acpi.32
LOAD hw/cpu.32
LOAD hw/ports.32
LOAD krnl/panic.32
LOAD reg/registry.32
LOAD sys/sc_exit.32
LOAD sys/sc_loaddll.32
LOAD sys/sc_read.32
LOAD sys/sc_sbrk.32
LOAD sys/sc_write.32
LOAD sys/sc_yield.32
LOAD sys/syscalls.32
LOAD thr/elf.32
LOAD thr/prcssthr.32
LOAD vm86/vm8086.32
LOAD fs/fat/vfslink.32
LOAD fs/iso9660/vfslink.32
LOAD hal/sound/sndchannel.32
LOAD hal/sound/sndhw.32
LOAD hw/bus/isa.32
LOAD hw/bus/pci.32
LOAD hw/diskctrl/ide.32
LOAD hw/diskphys/ata.32
LOAD hw/diskphys/atapi.32
LOAD hw/fpu/avx.32
LOAD hw/fpu/mmx.32
LOAD hw/fpu/sse.32
LOAD hw/fpu/x87.32
LOAD hw/intctrl/apic.32
LOAD hw/intctrl/pic.32
LOAD hw/timer/apictimer.32
LOAD hw/timer/pit.32
LOAD hw/fpu/x86/avx.32
LOAD hw/fpu/x86/sse.32
LOAD hw/fpu/x86/x87.32
LOAD /cygdrive/d/Users/Alex/Desktop/Toolchain/Output/bin/../lib/gcc/i386-banana/8.1.0/crtend.o
LOAD crtn.32
LOAD /cygdrive/d/Users/Alex/Desktop/Toolchain/Output/bin/../lib/gcc/i386-banana/8.1.0/libgcc.a
LOAD D:/Users/Alex/Desktop/Banana/kernel/libk/libm32.a
                0x00000000c0000000                . = 0xc0000000

.text           0x00000000c0000000    0x1f778
 *(.text)
 .text          0x00000000c0000000       0x41 D:/Users/Alex/Desktop/Banana/kernel/boot.32
                0x00000000c0000020                callGlobalConstructors
 .text          0x00000000c0000041        0x0 crti.32
 *fill*         0x00000000c0000041        0x3 
 .text          0x00000000c0000044      0x101 /cygdrive/d/Users/Alex/Desktop/Toolchain/Output/bin/../lib/gcc/i386-banana/8.1.0/crtbegin.o
 *fill*         0x00000000c0000145        0xb 
 .text          0x00000000c0000150      0x4ef D:/Users/Alex/Desktop/Banana/kernel/morenasm.32
                0x00000000c0000150                voodooXADD
                0x00000000c000021b                doTPAUSE
                0x00000000c0000225                hasLegacyFPU
                0x00000000c000024a                is486
                0x00000000c0000280                goToVM86
                0x00000000c00002b1                goToUsermode
                0x00000000c00002e1                switchToThreadASMFirstTime
                0x00000000c00002ef                switchToThreadASM
                0x00000000c000038f                detectCPUID
                0x00000000c00003a5                asmQuickAcquireLock
                0x00000000c00003c3                asmQuickReleaseLock
                0x00000000c00003cf                asmAcquireLock
                0x00000000c00003f0                asmReleaseLock
                0x00000000c0000403                loadGDT
                0x00000000c0000423                isr0
                0x00000000c0000433                isr1
                0x00000000c000043d                isr2
                0x00000000c0000447                isr3
                0x00000000c0000451                isr4
                0x00000000c000045b                isr5
                0x00000000c0000465                isr6
                0x00000000c000046f                isr7
                0x00000000c0000479                isr8
                0x00000000c0000481                isr9
                0x00000000c000048b                isr10
                0x00000000c0000493                isr11
                0x00000000c000049b                isr12
                0x00000000c00004a3                isr13
                0x00000000c00004ab                isr14
                0x00000000c00004b3                isr15
                0x00000000c00004bd                isr16
                0x00000000c00004c7                isr17
                0x00000000c00004d1                isr18
                0x00000000c00004db                isr96
                0x00000000c00004e5                irq0
                0x00000000c00004ef                irq1
                0x00000000c00004f9                irq2
                0x00000000c0000503                irq3
                0x00000000c000050d                irq4
                0x00000000c0000517                irq5
                0x00000000c0000521                irq6
                0x00000000c000052b                irq7
                0x00000000c0000535                irq8
                0x00000000c000053f                irq9
                0x00000000c0000549                irq10
                0x00000000c0000553                irq11
                0x00000000c000055d                irq12
                0x00000000c0000567                irq13
                0x00000000c0000571                irq14
                0x00000000c000057b                irq15
                0x00000000c0000585                irq16
                0x00000000c000058f                irq17
                0x00000000c0000599                irq18
                0x00000000c00005a3                irq19
                0x00000000c00005ad                irq20
                0x00000000c00005b7                irq21
                0x00000000c00005c1                irq22
                0x00000000c00005cb                irq23
                0x00000000c00005d5                int_common_stub
                0x00000000c0000605                syscall_common_stub
 .text          0x00000000c000063f      0x411 acpica/utclib.32
                0x00000000c000063f                memcmp
                0x00000000c000066a                memmove
                0x00000000c00006a2                memcpy
                0x00000000c00006d8                memset
                0x00000000c00006f5                strlen
                0x00000000c0000705                strpbrk
                0x00000000c0000728                strtok
                0x00000000c0000777                strcpy
                0x00000000c0000797                strncpy
                0x00000000c00007c8                strcmp
                0x00000000c00007e9                strchr
                0x00000000c00007ff                strncmp
                0x00000000c000082e                strcat
                0x00000000c0000855                strncat
                0x00000000c000088f                strstr
                0x00000000c00008cc                toupper
                0x00000000c00008e0                tolower
                0x00000000c00008f4                simple_strtoul
 .text          0x00000000c0000a50      0xfc2 core/malloc.32
                0x00000000c0000bbb                dlfree
                0x00000000c0000f19                dlmalloc
                0x00000000c0001456                dlrealloc
                0x00000000c000160b                dlmemalign
                0x00000000c000172e                dlcalloc
                0x00000000c00017c8                dlcfree
                0x00000000c00017cd                dlindependent_calloc
                0x00000000c00017f2                dlindependent_comalloc
                0x00000000c0001809                dlvalloc
                0x00000000c0001834                dlpvalloc
                0x00000000c000186a                dlmalloc_trim
                0x00000000c0001877                dlmalloc_usable_size
                0x00000000c00018a8                dlmallinfo
                0x00000000c0001977                dlmalloc_stats
                0x00000000c0001988                dlmallopt
 .text          0x00000000c0001a12        0x0 libk/string.32
 .text          0x00000000c0001a12       0x51 fs/fat/diskio.32
                0x00000000c0001a12                disk_status
                0x00000000c0001a15                disk_initialize
                0x00000000c0001a18                disk_read
                0x00000000c0001a2e                disk_write
                0x00000000c0001a44                disk_ioctl
 .text          0x00000000c0001a63     0x67e6 fs/fat/ff.32
                0x00000000c0004d19                f_mount
                0x00000000c0004d7b                f_open
                0x00000000c00051b7                f_read
                0x00000000c0005437                f_write
                0x00000000c00056f1                f_sync
                0x00000000c00058cd                f_close
                0x00000000c00058fc                f_lseek
                0x00000000c0005d61                f_opendir
                0x00000000c0005e63                f_closedir
                0x00000000c0005e85                f_readdir
                0x00000000c0005f20                f_stat
                0x00000000c0005faf                f_getfree
                0x00000000c0006197                f_truncate
                0x00000000c000628f                f_unlink
                0x00000000c0006410                f_mkdir
                0x00000000c000663c                f_rename
                0x00000000c000692f                f_chmod
                0x00000000c0006a0d                f_utime
                0x00000000c0006aeb                f_getlabel
                0x00000000c0006cdf                f_setlabel
                0x00000000c0006f4c                f_forward
                0x00000000c000712a                f_mkfs
 .text          0x00000000c0008249       0x2d fs/fat/ffsystem.32
                0x00000000c0008249                ff_memalloc
                0x00000000c000825f                ff_memfree
 .text          0x00000000c0008276      0x280 fs/fat/ffunicode.32
                0x00000000c0008276                ff_uni2oem
                0x00000000c000830c                ff_oem2uni
                0x00000000c000837b                ff_wtoupper
 .text          0x00000000c00084f6      0x70e hal/libresample/samplerate.32
                0x00000000c000857e                src_delete
                0x00000000c00085ba                src_process
                0x00000000c00086e2                src_callback_read
                0x00000000c0008843                src_set_ratio
                0x00000000c000889a                src_get_channels
                0x00000000c00088bc                src_reset
                0x00000000c0008900                src_new
                0x00000000c000898e                src_callback_new
                0x00000000c00089f0                src_get_name
                0x00000000c0008a27                src_get_description
                0x00000000c0008a5e                src_get_version
                0x00000000c0008a64                src_is_valid_ratio
                0x00000000c0008a7e                src_error
                0x00000000c0008a8c                src_strerror
                0x00000000c0008a9f                src_simple
                0x00000000c0008af2                src_short_to_float_array
                0x00000000c0008b18                src_float_to_short_array
                0x00000000c0008b7c                src_int_to_float_array
                0x00000000c0008ba2                src_float_to_int_array
 .text          0x00000000c0008c04      0x3f9 hal/libresample/src_linear.32
                0x00000000c0008f58                linear_get_name
                0x00000000c0008f67                linear_get_description
                0x00000000c0008f76                linear_set_converter
 .text          0x00000000c0008ffd     0x1a31 hal/libresample/src_sinc.32
                0x00000000c000a945                sinc_get_name
                0x00000000c000a958                sinc_get_description
                0x00000000c000a96b                sinc_set_converter
 .text          0x00000000c000aa2e      0x3cf hal/libresample/src_zoh.32
                0x00000000c000ad58                zoh_get_name
                0x00000000c000ad67                zoh_get_description
                0x00000000c000ad76                zoh_set_converter
 *fill*         0x00000000c000adfd        0x1 
 .text          0x00000000c000adfe      0x9d0 core/computer.32
                0x00000000c000adfe                Computer::close(int, int, void*)
                0x00000000c000ae44                Computer::Computer()
                0x00000000c000ae44                Computer::Computer()
                0x00000000c000afaa                Computer::setBootMessage(char const*)
                0x00000000c000afac                Computer::start()
                0x00000000c000b0af                firstTask()
                0x00000000c000b0be                Computer::detectFeatures()
                0x00000000c000b2b8                Computer::displayFeatures()
                0x00000000c000b594                Computer::rdmsr(unsigned int)
                0x00000000c000b5c0                Computer::wrmsr(unsigned int, unsigned long long)
                0x00000000c000b5f8                Computer::nmiEnabled()
                0x00000000c000b604                Computer::readCMOS(unsigned char)
                0x00000000c000b620                Computer::enableNMI(bool)
                0x00000000c000b638                Computer::open(int, int, void*)
                0x00000000c000b70c                Computer::disableNMI()
                0x00000000c000b71c                Computer::writeCMOS(unsigned char, unsigned char)
                0x00000000c000b73c                Computer::handleNMI()
                0x00000000c000b7a2                Computer::setDiskActivityLight(int, bool)
 .text          0x00000000c000b7ce      0x1b7 core/gdt.32
                0x00000000c000b7ce                GDTEntry::setBase(unsigned int)
                0x00000000c000b7ea                GDTEntry::setLimit(unsigned int)
                0x00000000c000b808                GDT::GDT()
                0x00000000c000b808                GDT::GDT()
                0x00000000c000b81e                GDT::addEntry(GDTEntry)
                0x00000000c000b85a                GDT::getNumberOfEntries()
                0x00000000c000b862                GDT::flush()
                0x00000000c000b884                GDT::setup()
 .text          0x00000000c000b985       0x61 core/idle.32
                0x00000000c000b985                idleFunction(void*)
 .text          0x00000000c000b9e6      0x45f core/idt.32
                0x00000000c000b9e6                IDTEntry::IDTEntry(bool)
                0x00000000c000b9e6                IDTEntry::IDTEntry(bool)
                0x00000000c000ba54                IDTEntry::setOffset(unsigned int)
                0x00000000c000ba68                IDT::IDT()
                0x00000000c000ba68                IDT::IDT()
                0x00000000c000ba6a                IDT::getPointerToInvalidOpcodeEntryForF00F()
                0x00000000c000ba72                IDT::addEntry(IDTEntry, int)
                0x00000000c000ba8c                IDT::addEntry(int, void (*)(), bool)
                0x00000000c000bac4                IDT::flush()
                0x00000000c000bade                IDT::setup()
 .text          0x00000000c000be45      0x20c core/kheap.32
                0x00000000c000be45                sbrk
                0x00000000c000bf5c                mmap
                0x00000000c000bf72                munmap
                0x00000000c000bf88                liballoc_lock()
                0x00000000c000bf99                liballoc_unlock()
                0x00000000c000bfaa                liballoc_alloc(int)
                0x00000000c000bfc5                liballoc_free(void*, int)
                0x00000000c000bfe3                realloc
                0x00000000c000bff7                malloc
                0x00000000c000c007                free
                0x00000000c000c017                rfree
                0x00000000c000c027                calloc
 .text          0x00000000c000c051      0x3a9 core/main.32
                0x00000000c000c051                hwTextMode_loadInData(VgaText*)
                0x00000000c000c096                hwTextMode_loadInTitle(VgaText*, char*)
                0x00000000c000c0e0                hwTextMode_showCursor(VgaText*, bool)
                0x00000000c000c134                hwTextMode_update(VgaText*)
                0x00000000c000c135                hwTextMode_updateCursor(VgaText*)
                0x00000000c000c183                hwTextMode_disableBlink(VgaText*, bool)
                0x00000000c000c1bf                hwTextMode_scrollScreen(VgaText*)
                0x00000000c000c24b                hwTextMode_writeCharacter(VgaText*, char, VgaColour, VgaColour, int, int)
                0x00000000c000c2b1                setupTextMode()
                0x00000000c000c302                kernel_main
 .text          0x00000000c000c3fa      0x504 core/physmgr.32
                0x00000000c000c3fa                Phys::allocateDMA(unsigned long)
                0x00000000c000c49e                Phys::freeDMA(unsigned long, unsigned long)
                0x00000000c000c4e6                Phys::setPageState(unsigned long, bool)
                0x00000000c000c51f                Phys::getPageState(unsigned long)
                0x00000000c000c540                Phys::freePage(unsigned long)
                0x00000000c000c5cd                Phys::allocatePage()
                0x00000000c000c699                Phys::allowSegmentToBeUsed(unsigned long, unsigned long)
                0x00000000c000c6d1                Phys::physicalMemorySetup(unsigned int)
 .text          0x00000000c000c8fe      0x273 core/pipe.32
                0x00000000c000c8fe                Pipe::isAtty()
                0x00000000c000c902                Pipe::~Pipe()
                0x00000000c000c902                Pipe::~Pipe()
                0x00000000c000c926                Pipe::~Pipe()
                0x00000000c000c94e                Pipe::read(unsigned long long, void*, int*)
                0x00000000c000ca42                Pipe::write(unsigned long long, void*, int*)
                0x00000000c000cb0a                Pipe::Pipe(int)
                0x00000000c000cb0a                Pipe::Pipe(int)
 *fill*         0x00000000c000cb71        0x1 
 .text          0x00000000c000cb72      0xf67 core/terminal.32
                0x00000000c000cb72                VgaText::isAtty()
                0x00000000c000cb76                VgaText::~VgaText()
                0x00000000c000cb76                VgaText::~VgaText()
                0x00000000c000cb9a                VgaText::~VgaText()
                0x00000000c000cbc4                VgaText::read(unsigned long long, void*, int*)
                0x00000000c000cbe4                setTerminalScrollLock(bool)
                0x00000000c000cbe5                addToTerminalCycle(VgaText*)
                0x00000000c000cc12                installVgaTextImplementation()
                0x00000000c000cc27                scrollTerminalScrollLock(int)
                0x00000000c000cc28                VgaText::load()
                0x00000000c000cc7c                VgaText::updateCursor()
                0x00000000c000cc96                VgaText::showCursor(bool)
                0x00000000c000cca6                VgaText::disableBlink(bool)
                0x00000000c000cce0                VgaText::doANSI_SGR(int)
                0x00000000c000cd6c                VgaText::setDefaultBgColour(VgaColour)
                0x00000000c000cd82                VgaText::setDefaultFgColour(VgaColour)
                0x00000000c000cd98                VgaText::setDefaultColours(VgaColour, VgaColour)
                0x00000000c000cdb8                VgaText::combineColours(unsigned char, unsigned char)
                0x00000000c000cdca                VgaText::scrollScreen()
                0x00000000c000ce5e                VgaText::combineCharAndColour(char, unsigned char)
                0x00000000c000ce70                VgaText::writeCharacter(char, VgaColour, VgaColour, int, int)
                0x00000000c000ced0                VgaText::getCursorX()
                0x00000000c000cedc                VgaText::getCursorY()
                0x00000000c000cee8                VgaText::setCursor(int, int)
                0x00000000c000cf06                VgaText::setCursorX(int)
                0x00000000c000cf22                VgaText::setCursorY(int)
                0x00000000c000cf3e                VgaText::incrementCursor(bool)
                0x00000000c000cfa6                VgaText::updateRAMUsageDisplay(int)
                0x00000000c000d000                VgaText::updateDiskUsage()
                0x00000000c000d166                VgaText::updateTitle()
                0x00000000c000d1ac                VgaText::setTitleTextColour(VgaColour)
                0x00000000c000d1bc                VgaText::setTitleColour(VgaColour)
                0x00000000c000d1cc                VgaText::setTitle(char*)
                0x00000000c000d1f2                VgaText::decrementCursor(bool)
                0x00000000c000d21a                VgaText::putchar(char, VgaColour, VgaColour)
                0x00000000c000d316                VgaText::isShowingCursor()
                0x00000000c000d322                VgaText::isBlinkDisabled()
                0x00000000c000d330                VgaText::setCursorHeight(int)
                0x00000000c000d34e                VgaText::getCursorHeight()
                0x00000000c000d359                setActiveTerminal(VgaText*)
                0x00000000c000d40b                doTerminalCycle()
                0x00000000c000d428                VgaText::doUpdate()
                0x00000000c000d43a                VgaText::puts(char const*, VgaColour, VgaColour)
                0x00000000c000d5fc                VgaText::clearScreen()
                0x00000000c000d660                VgaText::putchar(char)
                0x00000000c000d77a                VgaText::puts(char const*)
                0x00000000c000d7a0                VgaText::putx(unsigned int)
                0x00000000c000d7e6                VgaText::VgaText(char const*)
                0x00000000c000d7e6                VgaText::VgaText(char const*)
                0x00000000c000d978                VgaText::receiveKey(unsigned char)
                0x00000000c000da60                VgaText::write(unsigned long long, void*, int*)
                0x00000000c000dab4                newTerminal(char*)
 *fill*         0x00000000c000dad9        0x1 
 .text          0x00000000c000dada      0x18f core/tss.32
                0x00000000c000dada                TSS::TSS()
                0x00000000c000dada                TSS::TSS()
                0x00000000c000dae8                TSS::setESP(unsigned long)
                0x00000000c000dafa                TSS::flush()
                0x00000000c000db1a                TSS::setup(unsigned long, unsigned long)
 *fill*         0x00000000c000dc69        0x1 
 .text          0x00000000c000dc6a      0x545 core/unixfile.32
                0x00000000c000dc6a                ReservedFilename::read(unsigned long long, void*, int*)
                0x00000000c000dd00                ReservedFilename::isAtty()
                0x00000000c000dd36                ReservedFilename::write(unsigned long long, void*, int*)
                0x00000000c000ddd0                UnixFile::getFileDescriptor()
                0x00000000c000ddd8                UnixFile::UnixFile(int)
                0x00000000c000ddd8                UnixFile::UnixFile(int)
                0x00000000c000df48                ReservedFilename::ReservedFilename(int)
                0x00000000c000df48                ReservedFilename::ReservedFilename(int)
                0x00000000c000df7a                UnixFile::~UnixFile()
                0x00000000c000df7a                UnixFile::~UnixFile()
                0x00000000c000e012                UnixFile::~UnixFile()
                0x00000000c000e03a                ReservedFilename::~ReservedFilename()
                0x00000000c000e03a                ReservedFilename::~ReservedFilename()
                0x00000000c000e05e                ReservedFilename::~ReservedFilename()
                0x00000000c000e085                getFromFileDescriptor(int)
 *fill*         0x00000000c000e1af        0x1 
 .text          0x00000000c000e1b0      0xecf core/virtmgr.32
                0x00000000c000e1b0                Virt::setPageState(unsigned long, Virt::VirtPageState)
                0x00000000c000e1e7                Virt::getPageState(unsigned long)
                0x00000000c000e20e                Virt::allocateKernelVirtualPages(int)
                0x00000000c000e31f                Virt::virtualMemorySetup()
                0x00000000c000e39b                Virt::getAKernelVAS()
                0x00000000c000e3a1                Virt::setupPageSwapping(int)
                0x00000000c000e4bc                VAS::VAS()
                0x00000000c000e4bc                VAS::VAS()
                0x00000000c000e4ec                VAS::VAS(VAS*)
                0x00000000c000e4ec                VAS::VAS(VAS*)
                0x00000000c000e510                VAS::getForeignPageTableEntry(bool, unsigned long)
                0x00000000c000e53c                VAS::getPageTableEntry(unsigned long)
                0x00000000c000e55b                Virt::freeKernelVirtualPages(unsigned long)
                0x00000000c000e67c                VAS::freeAllocatedPages(unsigned long)
                0x00000000c000e6a0                VAS::virtualToPhysical(unsigned long)
                0x00000000c000e6ba                VAS::reflagRange(unsigned long, int, int, int)
                0x00000000c000e6fe                VAS::setToWriteCombining(unsigned long, int)
                0x00000000c000e738                VAS::mapOtherVASIn(bool, VAS*)
                0x00000000c000e76e                VAS::~VAS()
                0x00000000c000e76e                VAS::~VAS()
                0x00000000c000e8da                VAS::mapPage(unsigned long, unsigned long, int)
                0x00000000c000e9dc                VAS::allocatePages(int, int)
                0x00000000c000ebae                VAS::setCPUSpecific(unsigned long)
                0x00000000c000ebcc                VAS::mapRange(unsigned long, unsigned long, int, int)
                0x00000000c000ec96                VAS::mapForeignPage(bool, VAS*, unsigned long, unsigned long, int)
                0x00000000c000ed88                VAS::VAS(bool)
                0x00000000c000ed88                VAS::VAS(bool)
                0x00000000c000efb8                mapVASFirstTime
 .text          0x00000000c000f07f       0x93 coreobjs/c++.32
                0x00000000c000f07f                __cxa_atexit
                0x00000000c000f082                __cxa_finalize
                0x00000000c000f083                __stack_chk_fail
                0x00000000c000f0e3                __cxa_pure_virtual
                0x00000000c000f0f4                operator new(unsigned long)
                0x00000000c000f0f9                operator new[](unsigned long)
                0x00000000c000f0fe                operator delete(void*)
                0x00000000c000f103                operator delete(void*, unsigned long)
                0x00000000c000f108                operator delete[](void*)
                0x00000000c000f10d                operator delete[](void*, unsigned long)
 .text          0x00000000c000f112      0x23d dbg/kconsole.32
                0x00000000c000f112                Dbg::stringifyxWithBase(unsigned int, char*, int)
                0x00000000c000f1b6                Dbg::logc(char)
                0x00000000c000f1cd                Dbg::logs(char*)
                0x00000000c000f1ea                Dbg::logWriteInt(unsigned int)
                0x00000000c000f208                Dbg::logWriteIntBase(unsigned int, int)
                0x00000000c000f229                Dbg::kprintf(char const*, ...)
 *fill*         0x00000000c000f34f        0x1 
 .text          0x00000000c000f350      0xb68 fs/vfs.32
                0x00000000c000f350                File::read(unsigned long long, void*, int*)
                0x00000000c000f3a8                File::write(unsigned long long, void*, int*)
                0x00000000c000f400                Directory::read(unsigned long long, void*, int*)
                0x00000000c000f458                Directory::write(unsigned long long, void*, int*)
                0x00000000c000f486                File::isAtty()
                0x00000000c000f48a                Directory::isAtty()
                0x00000000c000f48e                Filesystem::getlabel(LogicalDisk*, int, char*, unsigned int*)
                0x00000000c000f494                Filesystem::setlabel(LogicalDisk*, int, char*)
                0x00000000c000f49a                File::~File()
                0x00000000c000f49a                File::~File()
                0x00000000c000f4be                File::~File()
                0x00000000c000f4e8                Directory::~Directory()
                0x00000000c000f4e8                Directory::~Directory()
                0x00000000c000f50c                Directory::~Directory()
                0x00000000c000f536                Filesystem::Filesystem()
                0x00000000c000f536                Filesystem::Filesystem()
                0x00000000c000f55a                Filesystem::~Filesystem()
                0x00000000c000f55a                Filesystem::~Filesystem()
                0x00000000c000f568                Filesystem::~Filesystem()
                0x00000000c000f58c                initVFS()
                0x00000000c000f5b6                standardiseFiles(char*, char const*, char const*)
                0x00000000c000f760                File::File(char const*, Process*)
                0x00000000c000f760                File::File(char const*, Process*)
                0x00000000c000f7c4                File::open(FileOpenMode)
                0x00000000c000f822                File::close()
                0x00000000c000f882                File::seek(unsigned long long)
                0x00000000c000f8d8                File::tell(unsigned long long*)
                0x00000000c000f928                File::rewind()
                0x00000000c000f93c                File::unlink()
                0x00000000c000f988                File::rename(char const*)
                0x00000000c000f9d6                File::chfatattr(unsigned char, unsigned char)
                0x00000000c000fa32                File::exists()
                0x00000000c000fa70                File::stat(unsigned long long*, bool*)
                0x00000000c000fad1                getcwd(Process*, char*, int)
                0x00000000c000fafb                setcwd(Process*, char*)
                0x00000000c000fc22                Directory::Directory(char const*, Process*)
                0x00000000c000fc22                Directory::Directory(char const*, Process*)
                0x00000000c000fc86                Directory::open()
                0x00000000c000fce2                Directory::close()
                0x00000000c000fd42                Directory::unlink()
                0x00000000c000fd8e                Directory::rename(char const*)
                0x00000000c000fddc                Directory::exists()
                0x00000000c000fe1a                Directory::read(dirent*)
                0x00000000c000fe66                Directory::create()
                0x00000000c000feb2                Filesystem::chfatattr(char const*, unsigned char, unsigned char)
 .text          0x00000000c000feb8       0x84 hal/bus.32
                0x00000000c000feb8                Bus::Bus(char const*)
                0x00000000c000feb8                Bus::Bus(char const*)
                0x00000000c000feee                Bus::~Bus()
                0x00000000c000feee                Bus::~Bus()
                0x00000000c000ff12                Bus::~Bus()
 .text          0x00000000c000ff3c      0x14e hal/buzzer.32
                0x00000000c000ff3c                Buzzer::Buzzer(char const*)
                0x00000000c000ff3c                Buzzer::Buzzer(char const*)
                0x00000000c000ff80                Buzzer::~Buzzer()
                0x00000000c000ff80                Buzzer::~Buzzer()
                0x00000000c000ffa4                Buzzer::~Buzzer()
                0x00000000c000ffce                Buzzer::stop()
                0x00000000c000ffe1                beepThread(void*)
                0x00000000c001001c                Buzzer::beep(int, int, bool)
 .text          0x00000000c001008a      0x435 hal/clock.32
                0x00000000c001008a                loadClockSettings()
                0x00000000c00100a4                Clock::Clock(char const*)
                0x00000000c00100a4                Clock::Clock(char const*)
                0x00000000c00100da                Clock::~Clock()
                0x00000000c00100da                Clock::~Clock()
                0x00000000c00100fe                Clock::~Clock()
                0x00000000c0010128                Clock::timeInSecondsLocal()
                0x00000000c0010170                Clock::setTimeInSecondsLocal(unsigned long long)
                0x00000000c00101c9                datetimeToSeconds(datetime_t)
                0x00000000c00102f6                Clock::setTimeInDatetimeLocal(datetime_t)
                0x00000000c0010356                secondsToDatetime(unsigned long long)
                0x00000000c001049a                Clock::timeInDatetimeLocal()
 *fill*         0x00000000c00104bf        0x1 
 .text          0x00000000c00104c0      0x500 hal/device.32
                0x00000000c00104c0                Device::hibernate()
                0x00000000c00104c2                Device::wake()
                0x00000000c00104c4                Device::detect()
                0x00000000c00104c6                Device::disableLegacy()
                0x00000000c00104c8                Device::powerSaving(PowerSavingLevel)
                0x00000000c00104ca                DriverlessDevice::close(int, int, void*)
                0x00000000c00104ce                DriverlessDevice::detect()
                0x00000000c00104d0                DriverlessDevice::open(int, int, void*)
                0x00000000c00104e4                Device::~Device()
                0x00000000c00104e4                Device::~Device()
                0x00000000c00104f2                Device::~Device()
                0x00000000c001051a                Device::findAndLoadDriver()
                0x00000000c001051c                Device::preOpenPCI(PCIDeviceInfo)
                0x00000000c001053e                Device::preOpenACPI(void*, char*, char*)
                0x00000000c0010592                Device::addIRQHandler(int, void (*)(regs*, void*), bool, void*)
                0x00000000c00105f0                Device::removeIRQHandler(int, void (*)(regs*, void*), bool)
                0x00000000c001063e                Device::addChild(Device*)
                0x00000000c0010682                Device::removeAllChildren()
                0x00000000c00106c8                Device::hibernateAll()
                0x00000000c00106f8                Device::wakeAll()
                0x00000000c0010728                Device::detectAll()
                0x00000000c0010758                Device::disableLegacyAll()
                0x00000000c0010788                Device::loadDriversForAll()
                0x00000000c00107b4                Device::closeAll()
                0x00000000c00107ea                Device::powerSavingAll(PowerSavingLevel)
                0x00000000c0010820                Device::setName(char const*)
                0x00000000c001082e                Device::Device(char const*)
                0x00000000c001082e                Device::Device(char const*)
                0x00000000c0010920                Device::getName()
                0x00000000c001092a                DriverlessDevice::DriverlessDevice(char const*)
                0x00000000c001092a                DriverlessDevice::DriverlessDevice(char const*)
                0x00000000c0010952                Device::addToLinkedList(LinkedList<Device>&, DeviceType)
                0x00000000c0010996                getDevicesOfType(DeviceType)
 .text          0x00000000c00109c0       0x84 hal/diskctrl.32
                0x00000000c00109c0                HardDiskController::HardDiskController(char const*)
                0x00000000c00109c0                HardDiskController::HardDiskController(char const*)
                0x00000000c00109f6                HardDiskController::~HardDiskController()
                0x00000000c00109f6                HardDiskController::~HardDiskController()
                0x00000000c0010a1a                HardDiskController::~HardDiskController()
 .text          0x00000000c0010a44       0xde hal/diskphys.32
                0x00000000c0010a44                PhysicalDisk::PhysicalDisk(char const*, int)
                0x00000000c0010a44                PhysicalDisk::PhysicalDisk(char const*, int)
                0x00000000c0010aac                PhysicalDisk::startCache()
                0x00000000c0010ad4                PhysicalDisk::~PhysicalDisk()
                0x00000000c0010ad4                PhysicalDisk::~PhysicalDisk()
                0x00000000c0010af8                PhysicalDisk::~PhysicalDisk()
 .text          0x00000000c0010b22      0x142 hal/fpu.32
                0x00000000c0010b22                FPU::FPU(char const*)
                0x00000000c0010b22                FPU::FPU(char const*)
                0x00000000c0010b58                FPU::~FPU()
                0x00000000c0010b58                FPU::~FPU()
                0x00000000c0010b7c                FPU::~FPU()
                0x00000000c0010ba6                setupFPU()
 .text          0x00000000c0010c64     0x12d5 hal/intctrl.32
                0x00000000c0010c64                InterruptController::uninstallISRHandler(int, void (*)(regs*, void*))
                0x00000000c0010c9c                InterruptController::installISRHandler(int, void (*)(regs*, void*), void*)
                0x00000000c0010cee                doubleFault(regs*, void*)
                0x00000000c0010d08                InterruptController::installIRQHandler(int, void (*)(regs*, void*), bool, void*)
                0x00000000c0010da4                InterruptController::clearAllHandlers(int, bool)
                0x00000000c0010e4c                InterruptController::uninstallIRQHandler(int, void (*)(regs*, void*), bool)
                0x00000000c0010ed3                nmiHandler(regs*, void*)
                0x00000000c0010ee1                int_handler
                0x00000000c0010f7c                InterruptController::InterruptController(char const*)
                0x00000000c0010f7c                InterruptController::InterruptController(char const*)
                0x00000000c0011022                InterruptController::~InterruptController()
                0x00000000c0011022                InterruptController::~InterruptController()
                0x00000000c0011046                InterruptController::~InterruptController()
                0x00000000c0011070                displayDebugInfo(regs*)
                0x00000000c0011487                x87EmulHandler(regs*, void*)
                0x00000000c00114ea                gpFault(regs*, void*)
                0x00000000c0011523                pgFault(regs*, void*)
                0x00000000c001153a                otherISRHandler(regs*, void*)
                0x00000000c0011559                opcodeFault(regs*, void*)
                0x00000000c0011b0c                displayProgramFault(char const*)
                0x00000000c0011b34                setupInterruptController()
                0x00000000c0011eec                InterruptController::convertLegacyIRQNumber(int)
 *fill*         0x00000000c0011f39        0x1 
 .text          0x00000000c0011f3a      0x61c hal/keybrd.32
                0x00000000c0011f3a                startGUI(void*)
                0x00000000c0011fac                sendKeyToTerminal(unsigned char)
                0x00000000c001201d                sendKeyboardToken(KeyboardToken)
                0x00000000c0012406                clearInternalKeybuffer(VgaText*)
                0x00000000c001243b                readKeyboard(VgaText*, char*, unsigned long)
                0x00000000c00124cc                Keyboard::Keyboard(char const*)
                0x00000000c00124cc                Keyboard::Keyboard(char const*)
                0x00000000c0012508                Keyboard::~Keyboard()
                0x00000000c0012508                Keyboard::~Keyboard()
                0x00000000c001252c                Keyboard::~Keyboard()
 .text          0x00000000c0012556      0x400 hal/logidisk.32
                0x00000000c0012556                LogicalDisk::close(int, int, void*)
                0x00000000c001255a                LogicalDisk::~LogicalDisk()
                0x00000000c001255a                LogicalDisk::~LogicalDisk()
                0x00000000c001257e                LogicalDisk::~LogicalDisk()
                0x00000000c00125a8                LogicalDisk::open(int, int, void*)
                0x00000000c00125bc                LogicalDisk::absoluteToRelative(unsigned long long)
                0x00000000c00125f4                LogicalDisk::relativeToAbsolute(unsigned long long)
                0x00000000c001263a                LogicalDisk::LogicalDisk(char const*, PhysicalDisk*, unsigned long long, unsigned long long)
                0x00000000c001263a                LogicalDisk::LogicalDisk(char const*, PhysicalDisk*, unsigned long long, unsigned long long)
                0x00000000c00126f0                LogicalDisk::assignDriveLetter()
                0x00000000c00127a6                LogicalDisk::mount()
                0x00000000c0012818                LogicalDisk::unmount()
                0x00000000c0012828                LogicalDisk::unassignDriveLetter()
                0x00000000c001287e                LogicalDisk::read(unsigned long long, int, void*)
                0x00000000c00128ea                LogicalDisk::write(unsigned long long, int, void*)
 .text          0x00000000c0012956       0x84 hal/mouse.32
                0x00000000c0012956                Mouse::Mouse(char const*)
                0x00000000c0012956                Mouse::Mouse(char const*)
                0x00000000c001298c                Mouse::~Mouse()
                0x00000000c001298c                Mouse::~Mouse()
                0x00000000c00129b0                Mouse::~Mouse()
 .text          0x00000000c00129da      0x339 hal/partition.32
                0x00000000c00129da                makePartition(PhysicalDisk*, unsigned long long, unsigned long long)
                0x00000000c0012a82                createPartitionsForDisk(PhysicalDisk*)
 *fill*         0x00000000c0012d13        0x1 
 .text          0x00000000c0012d14      0x2e7 hal/timer.32
                0x00000000c0012d14                Timer::Timer(char const*)
                0x00000000c0012d14                Timer::Timer(char const*)
                0x00000000c0012d4a                Timer::~Timer()
                0x00000000c0012d4a                Timer::~Timer()
                0x00000000c0012d6e                Timer::~Timer()
                0x00000000c0012d98                Timer::read()
                0x00000000c0012da3                timerHandler(unsigned long long)
                0x00000000c0012eda                setupTimer(int)
 *fill*         0x00000000c0012ffb        0x1 
 .text          0x00000000c0012ffc      0x2d1 hal/vcache.32
                0x00000000c0012ffc                VCache::VCache(PhysicalDisk*)
                0x00000000c0012ffc                VCache::VCache(PhysicalDisk*)
                0x00000000c00130ec                VCache::writeWriteBuffer()
                0x00000000c0013128                VCache::~VCache()
                0x00000000c0013128                VCache::~VCache()
                0x00000000c0013168                VCache::~VCache()
                0x00000000c0013190                VCache::write(unsigned long long, int, void*)
                0x00000000c0013274                VCache::read(unsigned long long, int, void*)
 *fill*         0x00000000c00132cd        0x1 
 .text          0x00000000c00132ce      0x26d hal/video.32
                0x00000000c00132ce                Video::putrect(int, int, int, int, unsigned int)
                0x00000000c0013318                Video::blit(unsigned int*, int, int, int, int)
                0x00000000c0013396                Video::clearScreen(unsigned int)
                0x00000000c00133ca                Video::putpixel(int, int, unsigned int)
                0x00000000c00133d8                Video::Video(char const*)
                0x00000000c00133d8                Video::Video(char const*)
                0x00000000c001340e                Video::~Video()
                0x00000000c001340e                Video::~Video()
                0x00000000c0013432                Video::~Video()
                0x00000000c001345c                Video::isMonochrome()
                0x00000000c0013468                Video::getWidth()
                0x00000000c0013474                Video::getHeight()
                0x00000000c0013480                Video::drawCursor(int, int, unsigned char*, int)
 *fill*         0x00000000c001353b        0x1 
 .text          0x00000000c001353c      0xd68 hw/acpi.32
                0x00000000c001353c                ACPI::close(int, int, void*)
                0x00000000c00135f5                findRSDP()
                0x00000000c001367f                loadACPITables(unsigned char*)
                0x00000000c00138a6                findRSDT(unsigned char*)
                0x00000000c00139c4                findDataTable(unsigned char*, char*)
                0x00000000c0013a60                scanMADT()
                0x00000000c0013e1c                ACPI::ACPI()
                0x00000000c0013e1c                ACPI::ACPI()
                0x00000000c0013e7c                ACPI::getPCIIRQAssignment(unsigned char, unsigned short, unsigned char)
                0x00000000c0013f5e                ACPI::registerPCIIRQAssignment(void*, unsigned short, unsigned char, unsigned char)
                0x00000000c001406e                ACPI::setScreenBrightnessLevel(void*, int)
                0x00000000c0014074                ACPI::writeSimpleBootFlag(SimpleBootFlagTable*)
                0x00000000c00140c6                ACPI::open(int, int, void*)
                0x00000000c001428c                ACPI::sleep()
 .text          0x00000000c00142a4     0x17ae hw/cpu.32
                0x00000000c00142a4                CPU::close(int, int, void*)
                0x00000000c00142a7                lookupAMDCPUName(unsigned char, unsigned char)
                0x00000000c001444c                lookupIntelCPUName(unsigned char, unsigned char)
                0x00000000c0014705                AMD_K6_write_msr(unsigned int, unsigned int, unsigned int, REGS*)
                0x00000000c0014721                AMD_K6_read_msr(unsigned int, REGS*)
                0x00000000c0014739                AMD_K6_writeback(int, int, int)
                0x00000000c00147ac                cpuid(int, unsigned long*, unsigned long*, unsigned long*, unsigned long*)
                0x00000000c001482f                cpuidCheckEDX(unsigned int)
                0x00000000c001485c                cpuidCheckECX(unsigned int)
                0x00000000c0014889                cpuidCheckExtendedEBX(unsigned int)
                0x00000000c00148b6                cpuidCheckExtendedECX(unsigned int)
                0x00000000c00148e3                getCPUNumber()
                0x00000000c00148e6                thisCPU()
                0x00000000c00148fa                CPU::CPU()
                0x00000000c00148fa                CPU::CPU()
                0x00000000c0014988                CPU::displayFeatures()
                0x00000000c0014c04                CPU::detectFeatures()
                0x00000000c00155da                CPU::setupSMEP()
                0x00000000c00155f4                CPU::setupUMIP()
                0x00000000c001560c                CPU::setupTSC()
                0x00000000c0015624                CPU::setupLargePages()
                0x00000000c001563c                CPU::setupPAT()
                0x00000000c0015678                CPU::setupMTRR()
                0x00000000c001567a                CPU::setupGlobalPages()
                0x00000000c0015690                CPU::allowUsermodeDataAccess()
                0x00000000c00156a2                CPU::prohibitUsermodeDataAccess()
                0x00000000c00156b4                CPU::setupSMAP()
                0x00000000c00156da                CPU::setupFeatures()
                0x00000000c001577c                CPU::open(int, int, void*)
                0x00000000c0015852                CPU::decodeAddress(regs*, int*, bool*, unsigned char*)
 .text          0x00000000c0015a52        0x0 hw/ports.32
 .text          0x00000000c0015a52      0x354 krnl/panic.32
                0x00000000c0015a52                Krnl::panic(char const*)
 .text          0x00000000c0015da6      0x511 reg/registry.32
                0x00000000c0015da6                Reg::findLineFromLoadedData(char*, char*, char*)
                0x00000000c0015f0d                Reg::getLineFromRegistry(char*, char*, char*, char*)
                0x00000000c001606c                Reg::getLine(char*, char*, char*)
                0x00000000c00160a3                Reg::readInt(char*, char*, int*)
                0x00000000c001618d                Reg::readString(char*, char*, char*, int)
                0x00000000c001620e                Reg::readBool(char*, char*, bool*)
                0x00000000c0016233                Reg::readBoolWithDefault(char*, char*, bool)
                0x00000000c001625f                Reg::readIntWithDefault(char*, char*, int)
                0x00000000c001628b                Reg::readStringWithDefault(char*, char*, char*, int, char*)
 .text          0x00000000c00162b7       0x18 sys/sc_exit.32
                0x00000000c00162b7                Sys::exit(regs*)
 .text          0x00000000c00162cf       0x95 sys/sc_loaddll.32
                0x00000000c00162cf                Sys::loadDLL(regs*)
 .text          0x00000000c0016364       0x68 sys/sc_read.32
                0x00000000c0016364                Sys::read(regs*)
 .text          0x00000000c00163cc       0x55 sys/sc_sbrk.32
                0x00000000c00163cc                Sys::sbrk(regs*)
 .text          0x00000000c0016421       0x83 sys/sc_write.32
                0x00000000c0016421                Sys::write(regs*)
 .text          0x00000000c00164a4       0x1a sys/sc_yield.32
                0x00000000c00164a4                Sys::yield(regs*)
 .text          0x00000000c00164be      0xfe6 sys/syscalls.32
                0x00000000c00164be                sysCallGetPID(regs*)
                0x00000000c00164ce                sysCallSeekDir(regs*)
                0x00000000c00164d3                sysCallTellDir(regs*)
                0x00000000c00164d8                sysCallVerify(regs*)
                0x00000000c00164e2                sysCallFork(regs*)
                0x00000000c00164e9                sysCallExecve(regs*)
                0x00000000c00164f0                sysCallGetArgc(regs*)
                0x00000000c0016504                sysFormatDisk(regs*)
                0x00000000c0016567                sysSetDiskVolumeLabel(regs*)
                0x00000000c00165af                sysGetDiskVolumeLabel(regs*)
                0x00000000c0016602                sysShutdown(regs*)
                0x00000000c001667d                sysCallGetCwd(regs*)
                0x00000000c00166a3                sysCallSetCwd(regs*)
                0x00000000c00166c5                sysCallRealpath(regs*)
                0x00000000c0016712                sysCallReadDir(regs*)
                0x00000000c00167a5                sysCallIsATTY(regs*)
                0x00000000c00167fd                sysCallSeek(regs*)
                0x00000000c0016863                sysCallTell(regs*)
                0x00000000c00168de                sysCallSizeFromFilename(regs*)
                0x00000000c001698c                sysCallSize(regs*)
                0x00000000c0016a0d                sysCallClose(regs*)
                0x00000000c0016a90                sysCallOpenDir(regs*)
                0x00000000c0016afb                sysCallMakeDir(regs*)
                0x00000000c0016b56                sysCallCloseDir(regs*)
                0x00000000c0016bb7                sysCallWait(regs*)
                0x00000000c0016bd8                sysCallRmdir(regs*)
                0x00000000c0016c2b                sysCallUnlink(regs*)
                0x00000000c0016c7e                sysCallGetArgv(regs*)
                0x00000000c0016cca                sysCallTTYName(regs*)
                0x00000000c0016d4b                sysCallGetEnv(regs*)
                0x00000000c0016da2                sysCallUSleep(regs*)
                0x00000000c0016de4                sysCallSpawn(regs*)
                0x00000000c0016e43                sysAppSettings(regs*)
                0x00000000c0016f68                sysSetFatAttrib(regs*)
                0x00000000c0016fcb                sysPanic(regs*)
                0x00000000c0016ff2                sysPipe(regs*)
                0x00000000c0017037                sysGetUnixTime(regs*)
                0x00000000c001704b                string_ends_with(char const*, char const*)
                0x00000000c0017095                sysCallOpen(regs*)
                0x00000000c00172a9                setupSystemCalls()
                0x00000000c0017462                systemCall(regs*, void*)
 .text          0x00000000c00174a4     0x11c1 thr/elf.32
                0x00000000c00174a4                Thr::allocateMemoryForTask(Process*, File*, unsigned long, unsigned long, unsigned long)
                0x00000000c001771b                Thr::loadProgramIntoMemory(Process*, char const*)
                0x00000000c0017931                Thr::runtimeReferenceHelper()
                0x00000000c0017944                Thr::getAddressOfKernelSymbol(char const*)
                0x00000000c0017993                Thr::loadKernelSymbolTable(char const*)
                0x00000000c0017c54                Thr::loadDriverIntoMemory(char const*, unsigned long, bool)
                0x00000000c00183f2                Thr::getDriverBaseFromAddress(unsigned long)
                0x00000000c0018424                Thr::getDriverNameFromAddress(unsigned long)
                0x00000000c001845b                Thr::getDriverOffsetFromAddress(unsigned long)
                0x00000000c0018475                Thr::loadDLL(char const*, bool)
                0x00000000c001863b                Thr::executeDLL(unsigned long, void*)
 *fill*         0x00000000c0018665        0x1 
 .text          0x00000000c0018666     0x1002 thr/prcssthr.32
                0x00000000c0018666                changeTSS
                0x00000000c0018694                Process::addArgs(char**)
                0x00000000c00186f6                Process::Process(char const*, Process*, char**)
                0x00000000c00186f6                Process::Process(char const*, Process*, char**)
                0x00000000c00188b2                Process::Process(bool, char const*, Process*, char**)
                0x00000000c00188b2                Process::Process(bool, char const*, Process*, char**)
                0x00000000c0018a39                disableIRQs()
                0x00000000c0018a46                getIRQNestingLevel()
                0x00000000c0018a4c                enableIRQs()
                0x00000000c0018a5b                lockScheduler()
                0x00000000c0018a5d                unlockScheduler()
                0x00000000c0018a5f                userModeEntryPoint(void*)
                0x00000000c0018a82                lockStuff()
                0x00000000c0018a93                taskStartupFunction
                0x00000000c0018a9c                updateTimeUsed()
                0x00000000c0018afa                switchToThread(ThreadControlBlock*)
                0x00000000c0018b50                Semaphore::Semaphore(int)
                0x00000000c0018b50                Semaphore::Semaphore(int)
                0x00000000c0018b7e                Mutex::Mutex()
                0x00000000c0018b7e                Mutex::Mutex()
                0x00000000c0018b90                Process::createThread(void (*)(void*), void*, int)
                0x00000000c0018c72                Process::createUserThread()
                0x00000000c0018c8f                setupMultitasking(void (*)())
                0x00000000c0018da4                schedule()
                0x00000000c0018e29                unlockStuff()
                0x00000000c0018e5e                Semaphore::tryAcquire()
                0x00000000c0018e8c                Semaphore::assertLocked(char const*)
                0x00000000c0018ebc                blockTaskWithSchedulerLockAlreadyHeld(TaskState)
                0x00000000c0018efd                blockTask(TaskState)
                0x00000000c0018f1e                waitTask(int, int*, int)
                0x00000000c0018f60                nanoSleepUntil(unsigned long long)
                0x00000000c0018fb9                nanoSleep(unsigned long long)
                0x00000000c0018fce                sleep(unsigned long long)
                0x00000000c0018fec                Semaphore::acquire()
                0x00000000c0019051                taskReturned
                0x00000000c001907f                unblockTask(ThreadControlBlock*)
                0x00000000c001912c                cleanupTerminatedTask(ThreadControlBlock*)
                0x00000000c00193d5                cleanerTaskFunction(void*)
                0x00000000c0019488                terminateTask(int)
                0x00000000c001956a                Thr::terminateFromIRQ(int)
                0x00000000c0019578                Semaphore::release()
 .text          0x00000000c0019668      0x8bf vm86/vm8086.32
                0x00000000c0019668                Vm::vm8086EntryPoint(void*)
                0x00000000c0019693                Vm::inbv(unsigned short)
                0x00000000c0019699                Vm::outbv(unsigned short, unsigned char)
                0x00000000c00196a3                Vm::realToLinear(unsigned short, unsigned short)
                0x00000000c00196b3                Vm::getSegment(unsigned int)
                0x00000000c00196bb                Vm::getOffset(unsigned int)
                0x00000000c00196c0                Vm::loadFileAsThread(Process*, char const*, unsigned short, unsigned short, unsigned short, unsigned short)
                0x00000000c00197ef                Vm::doISR(regs*, int, unsigned char*, unsigned short, unsigned short)
                0x00000000c0019879                Vm::readByteFromReal(unsigned short, unsigned short)
                0x00000000c001988a                Vm::readWordFromReal(unsigned short, unsigned short)
                0x00000000c001989c                Vm::readDwordFromReal(unsigned short, unsigned short)
                0x00000000c00198ad                Vm::writeByteFromReal(unsigned short, unsigned short, unsigned char)
                0x00000000c00198c2                Vm::writeWordFromReal(unsigned short, unsigned short, unsigned short)
                0x00000000c00198d8                Vm::writeDwordFromReal(unsigned short, unsigned short, unsigned int)
                0x00000000c00198ed                Vm::faultHandler(regs*)
 *fill*         0x00000000c0019f27        0x1 
 .text          0x00000000c0019f28     0x112f fs/fat/vfslink.32
                0x00000000c0019f28                FAT::getName()
                0x00000000c0019f2e                FAT::tell(void*, unsigned long long*)
                0x00000000c0019f62                FAT::stat(void*, unsigned long long*)
                0x00000000c0019f96                FAT::~FAT()
                0x00000000c0019f96                FAT::~FAT()
                0x00000000c0019fba                FAT::~FAT()
                0x00000000c0019fe2                FAT::getlabel(LogicalDisk*, int, char*, unsigned int*)
                0x00000000c001a080                FAT::setlabel(LogicalDisk*, int, char*)
                0x00000000c001a13a                FAT::format(LogicalDisk*, int, char const*, int)
                0x00000000c001a31e                FAT::tryMount(LogicalDisk*, int)
                0x00000000c001a524                FAT::readDir(void*, unsigned long, void*, int*)
                0x00000000c001a62c                FAT::read(void*, unsigned long, void*, int*)
                0x00000000c001a686                FAT::write(void*, unsigned long, void*, int*)
                0x00000000c001a6e0                FAT::close(void*)
                0x00000000c001a72c                FAT::closeDir(void*)
                0x00000000c001a778                FAT::seek(void*, unsigned long long)
                0x00000000c001a7cc                fatWrapperReadDisk
                0x00000000c001a817                fatWrapperWriteDisk
                0x00000000c001a862                fatWrapperIoctl
                0x00000000c001a972                FAT::FAT()
                0x00000000c001a972                FAT::FAT()
                0x00000000c001a9c4                FAT::fixFilepath(char*)
                0x00000000c001a9fc                FAT::open(char const*, void**, FileOpenMode)
                0x00000000c001ab28                FAT::openDir(char const*, void**)
                0x00000000c001abce                FAT::stat(char const*, unsigned long long*, bool*)
                0x00000000c001acba                FAT::unlink(char const*)
                0x00000000c001ad34                FAT::chfatattr(char const*, unsigned char, unsigned char)
                0x00000000c001aeae                FAT::rename(char const*, char const*)
                0x00000000c001af72                FAT::mkdir(char const*)
                0x00000000c001afec                FAT::exists(char const*)
 *fill*         0x00000000c001b057        0x1 
 .text          0x00000000c001b058      0xbdd fs/iso9660/vfslink.32
                0x00000000c001b058                ISO9660::format(LogicalDisk*, int, char const*, int)
                0x00000000c001b05e                ISO9660::seek(void*, unsigned long long)
                0x00000000c001b08e                ISO9660::tell(void*, unsigned long long*)
                0x00000000c001b0b2                ISO9660::getName()
                0x00000000c001b0b8                ISO9660::stat(void*, unsigned long long*)
                0x00000000c001b0dc                ISO9660::chfatattr(char const*, unsigned char, unsigned char)
                0x00000000c001b0e2                ISO9660::unlink(char const*)
                0x00000000c001b0e8                ISO9660::write(void*, unsigned long, void*, int*)
                0x00000000c001b0ee                ISO9660::rename(char const*, char const*)
                0x00000000c001b0f4                ISO9660::mkdir(char const*)
                0x00000000c001b0fa                ISO9660::close(void*)
                0x00000000c001b11c                ISO9660::closeDir(void*)
                0x00000000c001b13e                ISO9660::~ISO9660()
                0x00000000c001b13e                ISO9660::~ISO9660()
                0x00000000c001b162                ISO9660::~ISO9660()
                0x00000000c001b189                __memmem(unsigned char*, int, unsigned char*, int)
                0x00000000c001b1cb                readSectorFromCDROM(unsigned int, unsigned char*, char)
                0x00000000c001b232                ISO9660::tryMount(LogicalDisk*, int)
                0x00000000c001b282                ISO9660::read(void*, unsigned long, void*, int*)
                0x00000000c001b4c6                ISO9660::readDir(void*, unsigned long, void*, int*)
                0x00000000c001b751                readRoot(unsigned int*, unsigned int*, char)
                0x00000000c001b7a6                readRecursively(char*, unsigned int, unsigned int, unsigned int*, unsigned int*, char, int*)
                0x00000000c001b979                getFileData(char*, unsigned int*, unsigned int*, char, int*)
                0x00000000c001ba08                ISO9660::open(char const*, void**, FileOpenMode)
                0x00000000c001baa2                ISO9660::exists(char const*)
                0x00000000c001bac6                ISO9660::stat(char const*, unsigned long long*, bool*)
                0x00000000c001bb5a                ISO9660::openDir(char const*, void**)
                0x00000000c001bc12                ISO9660::ISO9660()
                0x00000000c001bc12                ISO9660::ISO9660()
 *fill*         0x00000000c001bc35        0x1 
 .text          0x00000000c001bc36      0x248 hal/sound/sndchannel.32
                0x00000000c001bc36                SoundChannel::~SoundChannel()
                0x00000000c001bc36                SoundChannel::~SoundChannel()
                0x00000000c001bc52                SoundChannel::setSpeed(float)
                0x00000000c001bc5e                SoundChannel::getSpeed()
                0x00000000c001bc66                SoundChannel::setVolume(int)
                0x00000000c001bc82                SoundChannel::getVolume()
                0x00000000c001bc8a                SoundChannel::pause()
                0x00000000c001bc94                SoundChannel::SoundChannel(int, int, int, int)
                0x00000000c001bc94                SoundChannel::SoundChannel(int, int, int, int)
                0x00000000c001bd8e                SoundChannel::play()
                0x00000000c001bd98                SoundChannel::paused()
                0x00000000c001bda0                SoundChannel::getSampleRate()
                0x00000000c001bda8                SoundChannel::getBits()
                0x00000000c001bdb0                SoundChannel::getBufferUsed()
                0x00000000c001bdb8                SoundChannel::getBufferSize()
                0x00000000c001bdc0                SoundChannel::unbuffer(float*, int, int)
                0x00000000c001be32                SoundChannel::buffer8(unsigned char*, int)
 .text          0x00000000c001be7e      0x30f hal/sound/sndhw.32
                0x00000000c001be7e                SoundDevice::SoundDevice(char const*)
                0x00000000c001be7e                SoundDevice::SoundDevice(char const*)
                0x00000000c001beea                SoundDevice::~SoundDevice()
                0x00000000c001beea                SoundDevice::~SoundDevice()
                0x00000000c001bf64                SoundDevice::~SoundDevice()
                0x00000000c001bf8e                SoundDevice::getFreeChannelNum()
                0x00000000c001bfa8                SoundDevice::addChannel(SoundChannel*)
                0x00000000c001c018                SoundDevice::removeChannel(int)
                0x00000000c001c04a                SoundDevice::floatTo8(float*, unsigned char*, int)
                0x00000000c001c0b6                SoundDevice::getAudio(int, float*, float*)
 .text          0x00000000c001c18d        0x0 hw/bus/isa.32
 *fill*         0x00000000c001c18d        0x1 
 .text          0x00000000c001c18e      0x6e9 hw/bus/pci.32
                0x00000000c001c18e                PCI::open(int, int, void*)
                0x00000000c001c1a2                PCI::close(int, int, void*)
                0x00000000c001c1a6                PCI::PCI()
                0x00000000c001c1a6                PCI::PCI()
                0x00000000c001c228                PCI::pciReadWord(unsigned char, unsigned char, unsigned char, unsigned char)
                0x00000000c001c270                PCI::getVendorID(unsigned char, unsigned char, unsigned char)
                0x00000000c001c292                PCI::getHeaderType(unsigned char, unsigned char, unsigned char)
                0x00000000c001c2b6                PCI::getClassCode(unsigned char, unsigned char, unsigned char)
                0x00000000c001c2fa                PCI::getProgIF(unsigned char, unsigned char, unsigned char)
                0x00000000c001c31e                PCI::getRevisionID(unsigned char, unsigned char, unsigned char)
                0x00000000c001c340                PCI::getInterruptNumber(unsigned char, unsigned char, unsigned char)
                0x00000000c001c362                PCI::getSecondaryBus(unsigned char, unsigned char, unsigned char)
                0x00000000c001c386                PCI::getBARAddress(unsigned char, unsigned char, unsigned char, unsigned char)
                0x00000000c001c3e6                PCI::pciWriteWord(unsigned char, unsigned char, unsigned char, unsigned char, unsigned short)
                0x00000000c001c452                PCI::checkBus(unsigned char)
                0x00000000c001c478                PCI::foundDevice(PCIDeviceInfo)
                0x00000000c001c5e8                PCI::getDeviceData(unsigned char, unsigned char, unsigned char)
                0x00000000c001c7b8                PCI::checkDevice(unsigned char, unsigned char)
                0x00000000c001c824                PCI::detect()
 *fill*         0x00000000c001c877        0x1 
 .text          0x00000000c001c878      0xc84 hw/diskctrl/ide.32
                0x00000000c001c878                IDE::close(int, int, void*)
                0x00000000c001c87c                IDE::IDE()
                0x00000000c001c87c                IDE::IDE()
                0x00000000c001c8b0                IDE::prepareInterrupt(unsigned char)
                0x00000000c001c8c2                selectDrive(unsigned char, unsigned char)
                0x00000000c001c8c4                IDE::getBase(unsigned char)
                0x00000000c001c8d6                IDE::write(unsigned char, unsigned char, unsigned char)
                0x00000000c001c996                IDE::read(unsigned char, unsigned char)
                0x00000000c001ca44                IDE::waitInterrupt(unsigned char)
                0x00000000c001cab0                ideChannel0IRQHandler(regs*, void*)
                0x00000000c001cacc                ideChannel1IRQHandler(regs*, void*)
                0x00000000c001cae8                IDE::enableIRQs(unsigned char, bool)
                0x00000000c001cb2e                IDE::open(int, int, void*)
                0x00000000c001cf40                IDE::readBuffer(unsigned char, unsigned char, unsigned int, unsigned int)
                0x00000000c001d00c                IDE::detect()
                0x00000000c001d2f6                IDE::printError(unsigned char, unsigned char, unsigned char)
                0x00000000c001d48c                IDE::polling(unsigned char, unsigned int)
 .text          0x00000000c001d4fc      0x64f hw/diskphys/ata.32
                0x00000000c001d4fc                ATA::close(int, int, void*)
                0x00000000c001d520                ATA::powerSaving(PowerSavingLevel)
                0x00000000c001d522                ATA::ATA()
                0x00000000c001d522                ATA::ATA()
                0x00000000c001d550                ATA::flush(bool)
                0x00000000c001d59a                ATA::readyForCommand()
                0x00000000c001d5ea                ATA::access(unsigned long long, int, void*, bool)
                0x00000000c001d98c                ATA::read(unsigned long long, int, void*)
                0x00000000c001d9f4                ATA::write(unsigned long long, int, void*)
                0x00000000c001da5c                ATA::detectCHS()
                0x00000000c001da86                ATA::open(int, int, void*)
 *fill*         0x00000000c001db4b        0x1 
 .text          0x00000000c001db4c      0x5ae hw/diskphys/atapi.32
                0x00000000c001db4c                ATAPI::write(unsigned long long, int, void*)
                0x00000000c001db52                ATAPI::close(int, int, void*)
                0x00000000c001db76                ATAPI::ATAPI()
                0x00000000c001db76                ATAPI::ATAPI()
                0x00000000c001dba4                ATAPI::readyForCommand()
                0x00000000c001dbf4                ATAPI::sendPacket(unsigned char*, int, bool, unsigned short*, int)
                0x00000000c001deb4                ATAPI::diskRemoved()
                0x00000000c001ded0                ATAPI::eject()
                0x00000000c001df16                ATAPI::diskInserted()
                0x00000000c001df44                ATAPI::detectMedia()
                0x00000000c001e000                ATAPI::open(int, int, void*)
                0x00000000c001e080                ATAPI::read(unsigned long long, int, void*)
 .text          0x00000000c001e0fa       0x8e hw/fpu/avx.32
                0x00000000c001e0fa                AVX::open(int, int, void*)
                0x00000000c001e10c                AVX::close(int, int, void*)
                0x00000000c001e11e                AVX::available()
                0x00000000c001e130                AVX::save(void*)
                0x00000000c001e148                AVX::load(void*)
                0x00000000c001e160                AVX::AVX()
                0x00000000c001e160                AVX::AVX()
 .text          0x00000000c001e188       0x90 hw/fpu/mmx.32
                0x00000000c001e188                MMX::available()
                0x00000000c001e19c                MMX::open(int, int, void*)
                0x00000000c001e1ae                MMX::close(int, int, void*)
                0x00000000c001e1c0                MMX::save(void*)
                0x00000000c001e1d8                MMX::load(void*)
                0x00000000c001e1f0                MMX::MMX()
                0x00000000c001e1f0                MMX::MMX()
 .text          0x00000000c001e218       0x96 hw/fpu/sse.32
                0x00000000c001e218                SSE::open(int, int, void*)
                0x00000000c001e22a                SSE::close(int, int, void*)
                0x00000000c001e23c                SSE::available()
                0x00000000c001e256                SSE::save(void*)
                0x00000000c001e26e                SSE::load(void*)
                0x00000000c001e286                SSE::SSE()
                0x00000000c001e286                SSE::SSE()
 .text          0x00000000c001e2ae       0x8e hw/fpu/x87.32
                0x00000000c001e2ae                x87::open(int, int, void*)
                0x00000000c001e2c0                x87::close(int, int, void*)
                0x00000000c001e2d2                x87::available()
                0x00000000c001e2e4                x87::save(void*)
                0x00000000c001e2fc                x87::load(void*)
                0x00000000c001e314                x87::x87()
                0x00000000c001e314                x87::x87()
 .text          0x00000000c001e33c      0x63b hw/intctrl/apic.32
                0x00000000c001e33c                APIC::disable()
                0x00000000c001e33e                APIC::close(int, int, void*)
                0x00000000c001e360                IOAPIC::close(int, int, void*)
                0x00000000c001e366                APIC::io_wait()
                0x00000000c001e36c                APIC::getBase()
                0x00000000c001e3ae                APIC::eoi(unsigned char)
                0x00000000c001e3dc                APIC::open(int, int, void*)
                0x00000000c001e4a6                IOAPIC::IOAPIC()
                0x00000000c001e4a6                IOAPIC::IOAPIC()
                0x00000000c001e4ce                APIC::APIC()
                0x00000000c001e4ce                APIC::APIC()
                0x00000000c001e5aa                IOAPIC::handlesGSIWithNumber(unsigned int)
                0x00000000c001e5dc                IOAPIC::read(int)
                0x00000000c001e604                IOAPIC::open(int, int, void*)
                0x00000000c001e70c                IOAPIC::write(int, int)
                0x00000000c001e738                IOAPIC::redirect(unsigned char, unsigned long long, unsigned char)
                0x00000000c001e7fe                APIC::installIRQHandler(int, void (*)(regs*, void*), bool, void*)
 *fill*         0x00000000c001e977        0x1 
 .text          0x00000000c001e978      0x3f3 hw/intctrl/pic.32
                0x00000000c001e978                PIC::disable()
                0x00000000c001e9a6                PIC::close(int, int, void*)
                0x00000000c001e9c8                PIC::PIC()
                0x00000000c001e9c8                PIC::PIC()
                0x00000000c001eaa4                PIC::ioWait()
                0x00000000c001eaaa                PIC::getIRQReg(int)
                0x00000000c001eb1c                PIC::eoi(unsigned char)
                0x00000000c001ebb4                PIC::remap()
                0x00000000c001ed2c                PIC::open(int, int, void*)
 *fill*         0x00000000c001ed6b        0x1 
 .text          0x00000000c001ed6c      0x264 hw/timer/apictimer.32
                0x00000000c001ed6c                APICTimer::close(int, int, void*)
                0x00000000c001ed72                apicTimerHandler(regs*, void*)
                0x00000000c001eda4                APICTimer::write(int)
                0x00000000c001eea2                APICTimer::open(int, int, void*)
                0x00000000c001efa8                APICTimer::APICTimer()
                0x00000000c001efa8                APICTimer::APICTimer()
 .text          0x00000000c001efd0      0x1b6 hw/timer/pit.32
                0x00000000c001efd0                PIT::write(int)
                0x00000000c001f056                pitHandler(regs*, void*)
                0x00000000c001f086                PIT::open(int, int, void*)
                0x00000000c001f0d4                PIT::close(int, int, void*)
                0x00000000c001f104                PIT::PIT()
                0x00000000c001f104                PIT::PIT()
 *fill*         0x00000000c001f186        0xa 
 .text          0x00000000c001f190        0xa hw/fpu/x86/avx.32
                0x00000000c001f190                avxDetect
                0x00000000c001f196                avxSave
                0x00000000c001f197                avxLoad
                0x00000000c001f198                avxInit
                0x00000000c001f199                avxClose
 *fill*         0x00000000c001f19a        0x6 
 .text          0x00000000c001f1a0       0x38 hw/fpu/x86/sse.32
                0x00000000c001f1a0                sseDetect
                0x00000000c001f1bb                sseSave
                0x00000000c001f1c1                sseLoad
                0x00000000c001f1c7                sseInit
                0x00000000c001f1d7                sseClose
 *fill*         0x00000000c001f1d8        0x8 
 .text          0x00000000c001f1e0       0x47 hw/fpu/x86/x87.32
                0x00000000c001f1e6                x87Detect
                0x00000000c001f201                x87Save
                0x00000000c001f207                x87Load
                0x00000000c001f20c                x87Init
                0x00000000c001f226                x87Close
 *fill*         0x00000000c001f227        0x1 
 .text          0x00000000c001f228       0x25 /cygdrive/d/Users/Alex/Desktop/Toolchain/Output/bin/../lib/gcc/i386-banana/8.1.0/crtend.o
 .text          0x00000000c001f24d        0x0 crtn.32
 *fill*         0x00000000c001f24d        0x3 
 .text          0x00000000c001f250      0x14b /cygdrive/d/Users/Alex/Desktop/Toolchain/Output/bin/../lib/gcc/i386-banana/8.1.0/libgcc.a(_divdi3.o)
                0x00000000c001f250                __divdi3
 *fill*         0x00000000c001f39b        0x1 
 .text          0x00000000c001f39c      0x17e /cygdrive/d/Users/Alex/Desktop/Toolchain/Output/bin/../lib/gcc/i386-banana/8.1.0/libgcc.a(_moddi3.o)
                0x00000000c001f39c                __moddi3
 *fill*         0x00000000c001f51a        0x2 
 .text          0x00000000c001f51c       0xff /cygdrive/d/Users/Alex/Desktop/Toolchain/Output/bin/../lib/gcc/i386-banana/8.1.0/libgcc.a(_udivdi3.o)
                0x00000000c001f51c                __udivdi3
 *fill*         0x00000000c001f61b        0x1 
 .text          0x00000000c001f61c      0x11a /cygdrive/d/Users/Alex/Desktop/Toolchain/Output/bin/../lib/gcc/i386-banana/8.1.0/libgcc.a(_umoddi3.o)
                0x00000000c001f61c                __umoddi3
 *fill*         0x00000000c001f736        0xa 
 .text          0x00000000c001f740       0x1e D:/Users/Alex/Desktop/Banana/kernel/libk/libm32.a(s_fabs.c.o)
                0x00000000c001f740                fabs
 *fill*         0x00000000c001f75e        0x2 
 .text          0x00000000c001f760        0xc D:/Users/Alex/Desktop/Banana/kernel/libk/libm32.a(s_lrint.S.o)
                0x00000000c001f760                lrint
 .text          0x00000000c001f76c        0xc D:/Users/Alex/Desktop/Banana/kernel/libk/libm32.a(s_lrintf.S.o)
                0x00000000c001f76c                lrintf
 *(.gnu.linkonce.t*)

.iplt           0x00000000c001f778        0x0
 .iplt          0x00000000c001f778        0x0 D:/Users/Alex/Desktop/Banana/kernel/boot.32

.init           0x00000000c001f778        0xf
 .init          0x00000000c001f778        0x3 crti.32
                0x00000000c001f778                _init
 .init          0x00000000c001f77b        0x5 /cygdrive/d/Users/Alex/Desktop/Toolchain/Output/bin/../lib/gcc/i386-banana/8.1.0/crtbegin.o
 .init          0x00000000c001f780        0x5 /cygdrive/d/Users/Alex/Desktop/Toolchain/Output/bin/../lib/gcc/i386-banana/8.1.0/crtend.o
 .init          0x00000000c001f785        0x2 crtn.32

.fini           0x00000000c001f787        0xa
 .fini          0x00000000c001f787        0x3 crti.32
                0x00000000c001f787                _fini
 .fini          0x00000000c001f78a        0x5 /cygdrive/d/Users/Alex/Desktop/Toolchain/Output/bin/../lib/gcc/i386-banana/8.1.0/crtbegin.o
 .fini          0x00000000c001f78f        0x2 crtn.32

.text._ZN8ComputerD2Ev
                0x00000000c001f792       0x23
 .text._ZN8ComputerD2Ev
                0x00000000c001f792       0x23 core/computer.32
                0x00000000c001f792                Computer::~Computer()
                0x00000000c001f792                Computer::~Computer()

.text._ZN8ComputerD0Ev
                0x00000000c001f7b6       0x2a
 .text._ZN8ComputerD0Ev
                0x00000000c001f7b6       0x2a core/computer.32
                0x00000000c001f7b6                Computer::~Computer()

.text._Z10idleCommonv
                0x00000000c001f7e0       0x15
 .text._Z10idleCommonv
                0x00000000c001f7e0       0x15 core/idle.32
                0x00000000c001f7e0                idleCommon()

.text._ZN3CPU7readCR3Ev
                0x00000000c001f7f5       0x12
 .text._ZN3CPU7readCR3Ev
                0x00000000c001f7f5       0x12 core/kheap.32
                0x00000000c001f7f5                CPU::readCR3()

.text._ZN3CPU8writeCR3Em
                0x00000000c001f807        0x9
 .text._ZN3CPU8writeCR3Em
                0x00000000c001f807        0x9 core/kheap.32
                0x00000000c001f807                CPU::writeCR3(unsigned long)

.text._ZN10LinkedListI8UnixFileED2Ev
                0x00000000c001f810        0x2
 .text._ZN10LinkedListI8UnixFileED2Ev
                0x00000000c001f810        0x2 core/unixfile.32
                0x00000000c001f810                LinkedList<UnixFile>::~LinkedList()
                0x00000000c001f810                LinkedList<UnixFile>::~LinkedList()

.text._ZN10LinkedListI8UnixFileEC2Ev
                0x00000000c001f812       0x58
 .text._ZN10LinkedListI8UnixFileEC2Ev
                0x00000000c001f812       0x58 core/unixfile.32
                0x00000000c001f812                LinkedList<UnixFile>::LinkedList()
                0x00000000c001f812                LinkedList<UnixFile>::LinkedList()

.text._ZN10LinkedListI8UnixFileE10addElementEPS0_
                0x00000000c001f86a       0xd3
 .text._ZN10LinkedListI8UnixFileE10addElementEPS0_
                0x00000000c001f86a       0xd3 core/unixfile.32
                0x00000000c001f86a                LinkedList<UnixFile>::addElement(UnixFile*)

.text._ZN10LinkedListI8UnixFileE15getFirstElementEv
                0x00000000c001f93e        0x7
 .text._ZN10LinkedListI8UnixFileE15getFirstElementEv
                0x00000000c001f93e        0x7 core/unixfile.32
                0x00000000c001f93e                LinkedList<UnixFile>::getFirstElement()

.text._ZN10LinkedListI8UnixFileE11removeFirstEv
                0x00000000c001f946       0xa1
 .text._ZN10LinkedListI8UnixFileE11removeFirstEv
                0x00000000c001f946       0xa1 core/unixfile.32
                0x00000000c001f946                LinkedList<UnixFile>::removeFirst()

.text._ZN10LinkedListI8UnixFileE7getNextEPS0_
                0x00000000c001f9e8        0x8
 .text._ZN10LinkedListI8UnixFileE7getNextEPS0_
                0x00000000c001f9e8        0x8 core/unixfile.32
                0x00000000c001f9e8                LinkedList<UnixFile>::getNext(UnixFile*)

.text._ZN16DriverlessDeviceD2Ev
                0x00000000c001f9f0       0x1a
 .text._ZN16DriverlessDeviceD2Ev
                0x00000000c001f9f0       0x1a hal/device.32
                0x00000000c001f9f0                DriverlessDevice::~DriverlessDevice()
                0x00000000c001f9f0                DriverlessDevice::~DriverlessDevice()

.text._ZN16DriverlessDeviceD0Ev
                0x00000000c001fa0a       0x2a
 .text._ZN16DriverlessDeviceD0Ev
                0x00000000c001fa0a       0x2a hal/device.32
                0x00000000c001fa0a                DriverlessDevice::~DriverlessDevice()

.text._ZN10LinkedListI6DeviceE10addElementEPS0_
                0x00000000c001fa34       0xdc
 .text._ZN10LinkedListI6DeviceE10addElementEPS0_
                0x00000000c001fa34       0xdc hal/device.32
                0x00000000c001fa34                LinkedList<Device>::addElement(Device*)

.text._ZN10LinkedListI6DeviceEC2Ev
                0x00000000c001fb10       0x58
 .text._ZN10LinkedListI6DeviceEC2Ev
                0x00000000c001fb10       0x58 hal/device.32
                0x00000000c001fb10                LinkedList<Device>::LinkedList()
                0x00000000c001fb10                LinkedList<Device>::LinkedList()

.text._ZN3CPU7readCR0Ev
                0x00000000c001fb68       0x12
 .text._ZN3CPU7readCR0Ev
                0x00000000c001fb68       0x12 hal/fpu.32
                0x00000000c001fb68                CPU::readCR0()

.text._ZN3CPU8writeCR0Em
                0x00000000c001fb7a        0x9
 .text._ZN3CPU8writeCR0Em
                0x00000000c001fb7a        0x9 hal/fpu.32
                0x00000000c001fb7a                CPU::writeCR0(unsigned long)

.text._ZN3CPU7readDR0Ev
                0x00000000c001fb83       0x12
 .text._ZN3CPU7readDR0Ev
                0x00000000c001fb83       0x12 hal/intctrl.32
                0x00000000c001fb83                CPU::readDR0()

.text._ZN3CPU7readDR1Ev
                0x00000000c001fb95       0x12
 .text._ZN3CPU7readDR1Ev
                0x00000000c001fb95       0x12 hal/intctrl.32
                0x00000000c001fb95                CPU::readDR1()

.text._ZN3CPU7readDR2Ev
                0x00000000c001fba7       0x12
 .text._ZN3CPU7readDR2Ev
                0x00000000c001fba7       0x12 hal/intctrl.32
                0x00000000c001fba7                CPU::readDR2()

.text._ZN3CPU7readDR3Ev
                0x00000000c001fbb9       0x12
 .text._ZN3CPU7readDR3Ev
                0x00000000c001fbb9       0x12 hal/intctrl.32
                0x00000000c001fbb9                CPU::readDR3()

.text._ZN3CPU7readDR6Ev
                0x00000000c001fbcb       0x12
 .text._ZN3CPU7readDR6Ev
                0x00000000c001fbcb       0x12 hal/intctrl.32
                0x00000000c001fbcb                CPU::readDR6()

.text._ZN3CPU7readDR7Ev
                0x00000000c001fbdd       0x12
 .text._ZN3CPU7readDR7Ev
                0x00000000c001fbdd       0x12 hal/intctrl.32
                0x00000000c001fbdd                CPU::readDR7()

.text._ZN10LinkedListIV18ThreadControlBlockE15getFirstElementEv
                0x00000000c001fbf0        0x7
 .text._ZN10LinkedListIV18ThreadControlBlockE15getFirstElementEv
                0x00000000c001fbf0        0x7 hal/timer.32
                0x00000000c001fbf0                LinkedList<ThreadControlBlock volatile>::getFirstElement()

.text._ZN10LinkedListIV18ThreadControlBlockE7isEmptyEv
                0x00000000c001fbf8       0x1c
 .text._ZN10LinkedListIV18ThreadControlBlockE7isEmptyEv
                0x00000000c001fbf8       0x1c hal/timer.32
                0x00000000c001fbf8                LinkedList<ThreadControlBlock volatile>::isEmpty()

.text._ZN10LinkedListIV18ThreadControlBlockE11removeFirstEv
                0x00000000c001fc14       0xae
 .text._ZN10LinkedListIV18ThreadControlBlockE11removeFirstEv
                0x00000000c001fc14       0xae hal/timer.32
                0x00000000c001fc14                LinkedList<ThreadControlBlock volatile>::removeFirst()

.text._ZN10LinkedListIV18ThreadControlBlockE10addElementEPS1_
                0x00000000c001fcc2       0xd3
 .text._ZN10LinkedListIV18ThreadControlBlockE10addElementEPS1_
                0x00000000c001fcc2       0xd3 hal/timer.32
                0x00000000c001fcc2                LinkedList<ThreadControlBlock volatile>::addElement(ThreadControlBlock volatile*)

.text._ZN4ACPID2Ev
                0x00000000c001fd96       0x23
 .text._ZN4ACPID2Ev
                0x00000000c001fd96       0x23 hw/acpi.32
                0x00000000c001fd96                ACPI::~ACPI()
                0x00000000c001fd96                ACPI::~ACPI()

.text._ZN4ACPID0Ev
                0x00000000c001fdba       0x2a
 .text._ZN4ACPID0Ev
                0x00000000c001fdba       0x2a hw/acpi.32
                0x00000000c001fdba                ACPI::~ACPI()

.text._ZN3CPUD2Ev
                0x00000000c001fde4       0x23
 .text._ZN3CPUD2Ev
                0x00000000c001fde4       0x23 hw/cpu.32
                0x00000000c001fde4                CPU::~CPU()
                0x00000000c001fde4                CPU::~CPU()

.text._ZN3CPUD0Ev
                0x00000000c001fe08       0x2a
 .text._ZN3CPUD0Ev
                0x00000000c001fe08       0x2a hw/cpu.32
                0x00000000c001fe08                CPU::~CPU()

.text._ZN3CPU7readCR4Ev
                0x00000000c001fe32       0x12
 .text._ZN3CPU7readCR4Ev
                0x00000000c001fe32       0x12 hw/cpu.32
                0x00000000c001fe32                CPU::readCR4()

.text._ZN3CPU8writeDR7Em
                0x00000000c001fe44        0x9
 .text._ZN3CPU8writeDR7Em
                0x00000000c001fe44        0x9 hw/cpu.32
                0x00000000c001fe44                CPU::writeDR7(unsigned long)

.text._ZN3CPU8writeCR4Em
                0x00000000c001fe4d        0x9
 .text._ZN3CPU8writeCR4Em
                0x00000000c001fe4d        0x9 hw/cpu.32
                0x00000000c001fe4d                CPU::writeCR4(unsigned long)

.text._ZN3CPU7readCR2Ev
                0x00000000c001fe56       0x12
 .text._ZN3CPU7readCR2Ev
                0x00000000c001fe56       0x12 krnl/panic.32
                0x00000000c001fe56                CPU::readCR2()

.text._ZN10LinkedListIV18ThreadControlBlockED2Ev
                0x00000000c001fe68        0x2
 .text._ZN10LinkedListIV18ThreadControlBlockED2Ev
                0x00000000c001fe68        0x2 thr/prcssthr.32
                0x00000000c001fe68                LinkedList<ThreadControlBlock volatile>::~LinkedList()
                0x00000000c001fe68                LinkedList<ThreadControlBlock volatile>::~LinkedList()

.text._ZN18ThreadControlBlockC2Ev
                0x00000000c001fe6a       0x3e
 .text._ZN18ThreadControlBlockC2Ev
                0x00000000c001fe6a       0x3e thr/prcssthr.32
                0x00000000c001fe6a                ThreadControlBlock::ThreadControlBlock()
                0x00000000c001fe6a                ThreadControlBlock::ThreadControlBlock()

.text._ZN10LinkedListIV18ThreadControlBlockEC2Ev
                0x00000000c001fea8       0x58
 .text._ZN10LinkedListIV18ThreadControlBlockEC2Ev
                0x00000000c001fea8       0x58 thr/prcssthr.32
                0x00000000c001fea8                LinkedList<ThreadControlBlock volatile>::LinkedList()
                0x00000000c001fea8                LinkedList<ThreadControlBlock volatile>::LinkedList()

.text._ZN10LinkedListIV18ThreadControlBlockE7getNextEPS1_
                0x00000000c001ff00        0x8
 .text._ZN10LinkedListIV18ThreadControlBlockE7getNextEPS1_
                0x00000000c001ff00        0x8 thr/prcssthr.32
                0x00000000c001ff00                LinkedList<ThreadControlBlock volatile>::getNext(ThreadControlBlock volatile*)

.text._ZN3PCID2Ev
                0x00000000c001ff08       0x23
 .text._ZN3PCID2Ev
                0x00000000c001ff08       0x23 hw/bus/pci.32
                0x00000000c001ff08                PCI::~PCI()