Archive member included to satisfy reference by file (symbol)

/cygdrive/d/Users/Alex/Desktop/Toolchain/Output/bin/../lib/gcc/i386-banana/8.1.0/libkgcc.a(_divdi3.o)
                              krnl/resolve.32 (__divdi3)
/cygdrive/d/Users/Alex/Desktop/Toolchain/Output/bin/../lib/gcc/i386-banana/8.1.0/libkgcc.a(_moddi3.o)
                              krnl/resolve.32 (__moddi3)
/cygdrive/d/Users/Alex/Desktop/Toolchain/Output/bin/../lib/gcc/i386-banana/8.1.0/libkgcc.a(_udivdi3.o)
                              hal/clock.32 (__udivdi3)
/cygdrive/d/Users/Alex/Desktop/Toolchain/Output/bin/../lib/gcc/i386-banana/8.1.0/libkgcc.a(_umoddi3.o)
                              core/pipe.32 (__umoddi3)

Allocating common symbols
Common symbol       size              file

dcache              0x40              fs/iso9660/iso9660.32
cdDriveLetter       0x1               fs/iso9660/iso9660.32
icache              0x40              fs/iso9660/iso9660.32

Discarded input sections

 .comment       0x0000000000000000       0x12 /cygdrive/d/Users/Alex/Desktop/Toolchain/Output/bin/../lib/gcc/i386-banana/8.1.0/crtbegin.o
 .comment       0x0000000000000000       0x12 acpica/utclib.32
 .comment       0x0000000000000000       0x12 core/malloc.32
 .comment       0x0000000000000000       0x12 libk/ctype.32
 .comment       0x0000000000000000       0x12 libk/string.32
 .comment       0x0000000000000000       0x12 fs/fat/diskio.32
 .comment       0x0000000000000000       0x12 fs/fat/ff.32
 .comment       0x0000000000000000       0x12 fs/fat/ffsystem.32
 .comment       0x0000000000000000       0x12 fs/fat/ffunicode.32
 .comment       0x0000000000000000       0x12 fs/iso9660/iso9660.32
 .group         0x0000000000000000       0x14 core/computer.32
 .group         0x0000000000000000        0xc core/computer.32
 .comment       0x0000000000000000       0x12 core/computer.32
 .comment       0x0000000000000000       0x12 core/gdt.32
 .group         0x0000000000000000        0xc core/idle.32
 .comment       0x0000000000000000       0x12 core/idle.32
 .comment       0x0000000000000000       0x12 core/idt.32
 .comment       0x0000000000000000       0x12 core/kheap.32
 .comment       0x0000000000000000       0x12 core/main.32
 .comment       0x0000000000000000       0x12 core/physmgr.32
 .group         0x0000000000000000        0xc core/pipe.32
 .comment       0x0000000000000000       0x12 core/pipe.32
 .group         0x0000000000000000        0xc core/terminal.32
 .comment       0x0000000000000000       0x12 core/terminal.32
 .comment       0x0000000000000000       0x12 core/tss.32
 .group         0x0000000000000000        0x8 core/unixfile.32
 .group         0x0000000000000000        0x8 core/unixfile.32
 .group         0x0000000000000000        0xc core/unixfile.32
 .group         0x0000000000000000        0x8 core/unixfile.32
 .group         0x0000000000000000        0xc core/unixfile.32
 .group         0x0000000000000000        0x8 core/unixfile.32
 .group         0x0000000000000000        0xc core/unixfile.32
 .group         0x0000000000000000        0xc core/unixfile.32
 .comment       0x0000000000000000       0x12 core/unixfile.32
 .comment       0x0000000000000000       0x12 core/virtmgr.32
 .comment       0x0000000000000000       0x12 coreobjs/c++.32
 .comment       0x0000000000000000       0x12 dbg/kconsole.32
 .group         0x0000000000000000        0xc fs/vfs.32
 .group         0x0000000000000000        0xc fs/vfs.32
 .group         0x0000000000000000        0xc fs/vfs.32
 .comment       0x0000000000000000       0x12 fs/vfs.32
 .group         0x0000000000000000        0xc hal/bus.32
 .comment       0x0000000000000000       0x12 hal/bus.32
 .comment       0x0000000000000000       0x12 hal/buzzer.32
 .group         0x0000000000000000        0xc hal/clock.32
 .comment       0x0000000000000000       0x12 hal/clock.32
 .group         0x0000000000000000       0x14 hal/device.32
 .group         0x0000000000000000        0xc hal/device.32
 .group         0x0000000000000000        0x8 hal/device.32
 .group         0x0000000000000000        0xc hal/device.32
 .group         0x0000000000000000        0xc hal/device.32
 .comment       0x0000000000000000       0x12 hal/device.32
 .group         0x0000000000000000        0xc hal/diskctrl.32
 .comment       0x0000000000000000       0x12 hal/diskctrl.32
 .group         0x0000000000000000        0xc hal/diskphys.32
 .comment       0x0000000000000000       0x12 hal/diskphys.32
 .comment       0x0000000000000000       0x12 hal/fpu.32
 .comment       0x0000000000000000       0x12 hal/intctrl.32
 .group         0x0000000000000000        0xc hal/keybrd.32
 .comment       0x0000000000000000       0x12 hal/keybrd.32
 .group         0x0000000000000000        0xc hal/logidisk.32
 .comment       0x0000000000000000       0x12 hal/logidisk.32
 .group         0x0000000000000000        0xc hal/mouse.32
 .comment       0x0000000000000000       0x12 hal/mouse.32
 .group         0x0000000000000000        0xc hal/nic.32
[...]
Memory Configuration

Name             Origin             Length             Attributes
*default*        0x0000000000000000 0xffffffffffffffff

Linker script and memory map

LOAD D:/Users/Alex/Desktop/Banana/kernel/boot.32
LOAD crti.32
LOAD /cygdrive/d/Users/Alex/Desktop/Toolchain/Output/bin/../lib/gcc/i386-banana/8.1.0/crtbegin.o
LOAD D:/Users/Alex/Desktop/Banana/kernel/morenasm.32
LOAD acpica/utclib.32
LOAD core/malloc.32
LOAD libk/ctype.32
LOAD libk/string.32
LOAD fs/fat/diskio.32
LOAD fs/fat/ff.32
LOAD fs/fat/ffsystem.32
LOAD fs/fat/ffunicode.32
LOAD fs/iso9660/iso9660.32
LOAD core/computer.32
LOAD core/gdt.32
LOAD core/idle.32
LOAD core/idt.32
LOAD core/kheap.32
LOAD core/main.32
LOAD core/physmgr.32
LOAD core/pipe.32
LOAD core/terminal.32
LOAD core/tss.32
LOAD core/unixfile.32
LOAD core/virtmgr.32
LOAD coreobjs/c++.32
LOAD dbg/kconsole.32
LOAD fs/vfs.32
LOAD hal/bus.32
LOAD hal/buzzer.32
LOAD hal/clock.32
LOAD hal/device.32
LOAD hal/diskctrl.32
LOAD hal/diskphys.32
LOAD hal/fpu.32
LOAD hal/intctrl.32
LOAD hal/keybrd.32
LOAD hal/logidisk.32
LOAD hal/mouse.32
LOAD hal/nic.32
LOAD hal/partition.32
LOAD hal/serial.32
LOAD hal/timer.32
LOAD hal/vcache.32
LOAD hal/video.32
LOAD hw/acpi.32
LOAD hw/cpu.32
LOAD krnl/bootmsg.32
LOAD krnl/env.32
LOAD krnl/inlines.32
LOAD krnl/panic.32
LOAD krnl/powctrl.32
LOAD krnl/resolve.32
LOAD krnl/signal.32
LOAD krnl/syscalls.32
LOAD net/ethernet.32
LOAD reg/cm.32
LOAD reg/registry.32
LOAD sys/eject.32
LOAD sys/exit.32
LOAD sys/getcwd.32
LOAD sys/getpid.32
LOAD sys/getramdata.32
LOAD sys/getvgaptr.32
LOAD sys/loaddll.32
LOAD sys/read.32
LOAD sys/registersignal.32
LOAD sys/sbrk.32
LOAD sys/setcwd.32
LOAD sys/settime.32
LOAD sys/timezone.32
LOAD sys/write.32
LOAD sys/wsbe.32
LOAD sys/yield.32
LOAD thr/elf.32
LOAD thr/prcssthr.32
LOAD vm86/vm8086.32
LOAD arch/i386/hal.32
LOAD arch/i386/pic.32
LOAD arch/i386/rtc.32
LOAD arch/i386/vga.32
LOAD fs/fat/vfslink.32
LOAD fs/iso9660/helper.32
LOAD fs/iso9660/vfslink.32
LOAD hal/sound/sndcard.32
LOAD hal/sound/sndport.32
LOAD hw/bus/isa.32
LOAD hw/bus/pci.32
LOAD hw/diskctrl/ide.32
LOAD hw/diskctrl/satabus.32
LOAD hw/diskphys/ata.32
LOAD hw/diskphys/atapi.32
LOAD hw/diskphys/sata.32
LOAD hw/diskphys/satapi.32
LOAD hw/intctrl/apic.32
LOAD hw/timer/apictimer.32
LOAD hw/timer/pit.32
LOAD arch/i386/avx.32
LOAD arch/i386/interrupt.32
LOAD arch/i386/rdrand.32
LOAD arch/i386/sse.32
LOAD arch/i386/x87.32
LOAD /cygdrive/d/Users/Alex/Desktop/Toolchain/Output/bin/../lib/gcc/i386-banana/8.1.0/crtend.o
LOAD crtn.32
LOAD /cygdrive/d/Users/Alex/Desktop/Toolchain/Output/bin/../lib/gcc/i386-banana/8.1.0/libkgcc.a
LOAD D:/Users/Alex/Desktop/Banana/kernel/libsoftfp.a
LOAD D:/Users/Alex/Desktop/Banana/kernel/libk/libm32.a
                0x00000000c0000000                . = 0xc0000000

.text           0x00000000c0000000    0x1dbda
 *(.text)
 .text          0x00000000c0000000       0x20 D:/Users/Alex/Desktop/Banana/kernel/boot.32
 .text          0x00000000c0000020        0x0 crti.32
 .text          0x00000000c0000020      0x101 /cygdrive/d/Users/Alex/Desktop/Toolchain/Output/bin/../lib/gcc/i386-banana/8.1.0/crtbegin.o
 *fill*         0x00000000c0000121        0xf 
 .text          0x00000000c0000130      0x252 D:/Users/Alex/Desktop/Banana/kernel/morenasm.32
                0x00000000c0000130                manualPCIProbe
                0x00000000c000017b                prepareTramp
                0x00000000c0000194                doTPAUSE
                0x00000000c000019e                hasLegacyFPU
                0x00000000c00001c3                is486
                0x00000000c00001f9                detectCPUID
                0x00000000c000020f                goToVM86
                0x00000000c000023f                goToUsermode
                0x00000000c0000269                switchToThreadASMFirstTime
                0x00000000c0000277                switchToThreadASM
                0x00000000c00002ff                asmQuickAcquireLock
                0x00000000c000031d                asmQuickReleaseLock
                0x00000000c0000329                asmAcquireLock
                0x00000000c000034a                asmReleaseLock
                0x00000000c000035d                loadGDT
                0x00000000c000037d                memcpy
 *fill*         0x00000000c0000382        0xe 
 .text          0x00000000c0000390      0x79e acpica/utclib.32
                0x00000000c0000390                memcmp
                0x00000000c00003e0                memmove
                0x00000000c00004d0                memset
                0x00000000c0000540                strlen
                0x00000000c0000570                strpbrk
                0x00000000c00005b0                strtok
                0x00000000c0000600                strcpy
                0x00000000c0000630                strncpy
                0x00000000c00006e0                strcmp
                0x00000000c0000730                strchr
                0x00000000c0000760                strncmp
                0x00000000c00007c0                strcat
                0x00000000c00007f0                strncat
                0x00000000c0000850                strstr
                0x00000000c00008b0                toupper
                0x00000000c00008d0                tolower
                0x00000000c00008f0                simple_strtoul
 .text          0x00000000c0000b2e      0xfad core/malloc.32
                0x00000000c0000c99                dlfree
                0x00000000c0000ff4                dlmalloc
                0x00000000c0001531                dlrealloc
                0x00000000c00016d4                dlmemalign
                0x00000000c00017f7                dlcalloc
                0x00000000c0001891                dlcfree
                0x00000000c0001896                dlindependent_calloc
                0x00000000c00018bb                dlindependent_comalloc
                0x00000000c00018d2                dlvalloc
                0x00000000c00018fd                dlpvalloc
                0x00000000c0001933                dlmalloc_trim
                0x00000000c0001940                dlmalloc_usable_size
                0x00000000c0001971                dlmallinfo
                0x00000000c0001a40                dlmalloc_stats
                0x00000000c0001a51                dlmallopt
 *fill*         0x00000000c0001adb        0x1 
 .text          0x00000000c0001adc      0x1f2 libk/ctype.32
                0x00000000c0001adc                isblank
                0x00000000c0001afc                iscntrl
                0x00000000c0001b1c                isdigit
                0x00000000c0001b38                islower
                0x00000000c0001b54                isspace
                0x00000000c0001b7c                isupper
                0x00000000c0001b98                isalpha
                0x00000000c0001bc8                isalnum
                0x00000000c0001bf8                ispunct
                0x00000000c0001c38                isgraph
                0x00000000c0001c68                isprint
                0x00000000c0001c90                isxdigit
 .text          0x00000000c0001cce        0x0 libk/string.32
 .text          0x00000000c0001cce       0x51 fs/fat/diskio.32
                0x00000000c0001cce                disk_status
                0x00000000c0001cd1                disk_initialize
                0x00000000c0001cd4                disk_read
                0x00000000c0001cea                disk_write
                0x00000000c0001d00                disk_ioctl
 .text          0x00000000c0001d1f     0x3d4b fs/fat/ff.32
                0x00000000c0003abb                f_mount
                0x00000000c0003b1d                f_open
                0x00000000c0003de8                f_read
                0x00000000c0003fe7                f_write
                0x00000000c000421b                f_sync
                0x00000000c00042d0                f_close
                0x00000000c00042ff                f_lseek
                0x00000000c00044a6                f_opendir
                0x00000000c0004571                f_closedir
                0x00000000c0004593                f_readdir
                0x00000000c0004625                f_stat
                0x00000000c00046a4                f_getfree
                0x00000000c00047a6                f_truncate
                0x00000000c000488a                f_unlink
                0x00000000c00049ac                f_mkdir
                0x00000000c0004b47                f_rename
                0x00000000c0004cfd                f_chmod
                0x00000000c0004da6                f_utime
                0x00000000c0004e54                f_getlabel
                0x00000000c0004fa5                f_setlabel
                0x00000000c0005135                f_expand
                0x00000000c0005295                f_mkfs
 *fill*         0x00000000c0005a6a        0x2 
 .text          0x00000000c0005a6c       0x2f fs/fat/ffsystem.32
                0x00000000c0005a6c                ff_memalloc
                0x00000000c0005a84                ff_memfree
 *fill*         0x00000000c0005a9b        0x1 
 .text          0x00000000c0005a9c      0x2a8 fs/fat/ffunicode.32
                0x00000000c0005a9c                ff_uni2oem
                0x00000000c0005b3c                ff_oem2uni
                0x00000000c0005bb4                ff_wtoupper
 .text          0x00000000c0005d44      0xd2f fs/iso9660/iso9660.32
                0x00000000c0005f89                isoReadDiscSector
                0x00000000c0006024                strnicmp
                0x00000000c00062d7                stricmp
                0x00000000c0006323                iso_open
                0x00000000c00063ad                iso_close
                0x00000000c00063cb                iso_read
                0x00000000c00064e1                iso_seek
                0x00000000c0006565                iso_tell
                0x00000000c0006596                iso_total
                0x00000000c00065c1                fn_postprocess
                0x00000000c00065e7                iso_readdir
                0x00000000c000683e                iso_reset
                0x00000000c000685b                init_percd
                0x00000000c0006955                iso_ioctl
                0x00000000c000696d                fs_iso9660_init
                0x00000000c0006a03                fs_iso9660_shutdown
 *fill*         0x00000000c0006a73        0x1 
 .text          0x00000000c0006a74      0x685 core/computer.32
                0x00000000c0006a74                Computer::close(int, int, void*)
                0x00000000c0006ab9                Krnl::firstTask()
                0x00000000c0006bec                Computer::Computer()
                0x00000000c0006bec                Computer::Computer()
                0x00000000c0006c9e                Computer::setBootMessage(char const*)
                0x00000000c0006ca0                Computer::detectFeatures()
                0x00000000c0006eaa                Computer::displayFeatures()
                0x00000000c0006eac                Computer::rdmsr(unsigned int)
                0x00000000c0006ed8                Computer::wrmsr(unsigned int, unsigned long long)
                0x00000000c0006f10                Computer::shutdown()
                0x00000000c0006f28                Computer::restart()
                0x00000000c0006f40                Computer::sleep()
                0x00000000c0006f54                Computer::nmiEnabled()
                0x00000000c0006f60                Computer::readCMOS(unsigned char)
                0x00000000c0006f7a                Computer::enableNMI(bool)
                0x00000000c0006f92                Computer::open(int, int, void*)
                0x00000000c0007066                Computer::disableNMI()
                0x00000000c0007076                Computer::writeCMOS(unsigned char, unsigned char)
                0x00000000c0007094                Computer::handleNMI()
 *fill*         0x00000000c00070f9        0x1 
 .text          0x00000000c00070fa      0x1cf core/gdt.32
                0x00000000c00070fa                GDTEntry::setBase(unsigned int)
                0x00000000c0007116                GDTEntry::setLimit(unsigned int)
                0x00000000c0007134                GDT::GDT()
                0x00000000c0007134                GDT::GDT()
                0x00000000c000714a                GDT::addEntry(GDTEntry)
                0x00000000c000716c                GDT::getNumberOfEntries()
                0x00000000c0007174                GDT::flush()
                0x00000000c0007196                GDT::setup()
 .text          0x00000000c00072c9       0x1d core/idle.32
                0x00000000c00072c9                idleFunction(void*)
 *fill*         0x00000000c00072e6        0x2 
 .text          0x00000000c00072e8      0x464 core/idt.32
                0x00000000c00072e8                IDTEntry::IDTEntry(bool)
                0x00000000c00072e8                IDTEntry::IDTEntry(bool)
                0x00000000c000735a                IDTEntry::setOffset(unsigned int)
                0x00000000c0007370                IDT::IDT()
                0x00000000c0007370                IDT::IDT()
                0x00000000c0007372                IDT::getPointerToInvalidOpcodeEntryForF00F()
                0x00000000c000737a                IDT::addEntry(IDTEntry, int)
                0x00000000c0007394                IDT::addEntry(int, void (*)(), bool)
                0x00000000c00073cc                IDT::flush()
                0x00000000c00073e6                IDT::setup()
 .text          0x00000000c000774c      0x183 core/kheap.32
                0x00000000c000774c                sbrk
                0x00000000c00077e1                mmap
                0x00000000c00077f7                munmap
                0x00000000c000780d                liballoc_lock()
                0x00000000c000781a                liballoc_unlock()
                0x00000000c000782e                liballoc_alloc(int)
                0x00000000c0007846                liballoc_free(void*, int)
                0x00000000c0007861                realloc
                0x00000000c0007875                malloc
                0x00000000c0007885                free
                0x00000000c0007895                rfree
                0x00000000c00078a5                calloc
 .text          0x00000000c00078cf       0xc3 core/main.32
                0x00000000c00078cf                KeEntryPoint
 .text          0x00000000c0007992      0x5dc core/physmgr.32
                0x00000000c0007992                Phys::allocateDMA(unsigned long)
                0x00000000c0007a69                Phys::freeDMA(unsigned long, unsigned long)
                0x00000000c0007a9c                Phys::setPageState(unsigned long, bool)
                0x00000000c0007ace                Phys::getPageState(unsigned long)
                0x00000000c0007aef                Phys::freePage(unsigned long)
                0x00000000c0007b51                Phys::allocatePage()
                0x00000000c0007c0f                Phys::allocateContiguousPages(int)
                0x00000000c0007c6b                Phys::allowSegmentToBeUsed(unsigned long, unsigned long)
                0x00000000c0007ca3                Phys::physicalMemorySetup(unsigned int)
 .text          0x00000000c0007f6e      0x273 core/pipe.32
                0x00000000c0007f6e                Pipe::isAtty()
                0x00000000c0007f72                Pipe::~Pipe()
                0x00000000c0007f72                Pipe::~Pipe()
                0x00000000c0007f96                Pipe::~Pipe()
                0x00000000c0007fbe                Pipe::write(unsigned long long, void*, int*)
                0x00000000c000807e                Pipe::read(unsigned long long, void*, int*)
                0x00000000c000817a                Pipe::Pipe(int)
                0x00000000c000817a                Pipe::Pipe(int)
 *fill*         0x00000000c00081e1        0x1 
 .text          0x00000000c00081e2      0xaac core/terminal.32
                0x00000000c00081e2                VgaText::isAtty()
                0x00000000c00081e6                VgaText::~VgaText()
                0x00000000c00081e6                VgaText::~VgaText()
                0x00000000c000820a                VgaText::~VgaText()
                0x00000000c0008234                VgaText::read(unsigned long long, void*, int*)
                0x00000000c0008254                setTerminalScrollLock(bool)
                0x00000000c0008255                doTerminalCycle()
                0x00000000c0008256                addToTerminalCycle(VgaText*)
                0x00000000c0008257                scrollTerminalScrollLock(int)
                0x00000000c0008258                VgaText::updateTitle()
                0x00000000c000825a                VgaText::load()
                0x00000000c000825c                VgaText::updateCursor()
                0x00000000c0008272                VgaText::doANSI_SGR(int)
                0x00000000c00082e6                VgaText::setDefaultBgColour(VgaColour)
                0x00000000c00082f6                VgaText::setDefaultFgColour(VgaColour)
                0x00000000c0008306                VgaText::setDefaultColours(VgaColour, VgaColour)
                0x00000000c0008326                VgaText::setTitleTextColour(VgaColour)
                0x00000000c0008332                VgaText::setTitleColour(VgaColour)
                0x00000000c000833e                VgaText::setTitle(char*)
                0x00000000c0008340                VgaText::combineColours(unsigned char, unsigned char)
                0x00000000c0008352                VgaText::scrollScreen()
                0x00000000c00083e4                VgaText::combineCharAndColour(char, unsigned char)
                0x00000000c00083f6                VgaText::writeCharacter(char, VgaColour, VgaColour, int, int)
                0x00000000c0008486                VgaText::getCursorX()
                0x00000000c000848e                VgaText::getCursorY()
                0x00000000c0008496                VgaText::setCursor(int, int)
                0x00000000c00084ad                setActiveTerminal(VgaText*)
                0x00000000c00084f8                VgaText::clearScreen()
                0x00000000c0008546                VgaText::setCursorX(int)
                0x00000000c000855e                VgaText::setCursorY(int)
                0x00000000c0008576                VgaText::incrementCursor(bool)
                0x00000000c00085ca                VgaText::decrementCursor(bool)
                0x00000000c00085ec                VgaText::putchar(char, VgaColour, VgaColour)
                0x00000000c00086ba                VgaText::putchar(char)
                0x00000000c00087a6                VgaText::putx(unsigned int)
                0x00000000c00087ec                VgaText::puts(char const*)
                0x00000000c0008812                VgaText::write(unsigned long long, void*, int*)
                0x00000000c000885e                VgaText::puts(char const*, VgaColour, VgaColour)
                0x00000000c00089b0                VgaText::VgaText(char const*)
                0x00000000c00089b0                VgaText::VgaText(char const*)
                0x00000000c0008b00                VgaText::receiveKey(unsigned char)
                0x00000000c0008c68                VgaText::doUpdate()
                0x00000000c0008c69                newTerminal(char*)
 *fill*         0x00000000c0008c8e        0x2 
 .text          0x00000000c0008c90      0x1a1 core/tss.32
                0x00000000c0008c90                TSS::TSS()
                0x00000000c0008c90                TSS::TSS()
                0x00000000c0008ca0                TSS::setESP(unsigned long)
                0x00000000c0008cb4                TSS::flush()
                0x00000000c0008cd4                TSS::setup(unsigned long, unsigned long)
 *fill*         0x00000000c0008e31        0x1 
 .text          0x00000000c0008e32      0x4c2 core/unixfile.32
                0x00000000c0008e32                ReservedFilename::read(unsigned long long, void*, int*)
                0x00000000c0008e88                ReservedFilename::isAtty()
                0x00000000c0008ea4                ReservedFilename::write(unsigned long long, void*, int*)
                0x00000000c0008f02                UnixFile::getFileDescriptor()
                0x00000000c0008f0a                UnixFile::UnixFile(int)
                0x00000000c0008f0a                UnixFile::UnixFile(int)
                0x00000000c00090ba                ReservedFilename::ReservedFilename(int)
                0x00000000c00090ba                ReservedFilename::ReservedFilename(int)
                0x00000000c00090ec                UnixFile::~UnixFile()
                0x00000000c00090ec                UnixFile::~UnixFile()
                0x00000000c0009184                UnixFile::~UnixFile()
                0x00000000c00091ac                ReservedFilename::~ReservedFilename()
                0x00000000c00091ac                ReservedFilename::~ReservedFilename()
                0x00000000c00091d0                ReservedFilename::~ReservedFilename()
                0x00000000c00091f7                getFromFileDescriptor(int)
 .text          0x00000000c00092f4     0x11d0 core/virtmgr.32
                0x00000000c00092f4                Virt::setPageState(unsigned long, Virt::VirtPageState)
                0x00000000c0009329                Virt::getPageState(unsigned long)
                0x00000000c000934d                Virt::allocateKernelVirtualPages(int)
                0x00000000c000945e                Virt::freeSwapfilePage(unsigned long)
                0x00000000c000947c                Virt::swapIDToSector(unsigned long)
                0x00000000c000948e                Virt::allocateSwapfilePage()
                0x00000000c000950c                Virt::virtualMemorySetup()
                0x00000000c0009557                Virt::setupPageSwapping(int)
                0x00000000c00095c8                VAS::VAS(VAS*)
                0x00000000c00095c8                VAS::VAS(VAS*)
                0x00000000c00095f6                VAS::getForeignPageTableEntry(bool, unsigned long)
                0x00000000c0009622                VAS::getPageTableEntry(unsigned long)
                0x00000000c0009641                Virt::freeKernelVirtualPages(unsigned long)
                0x00000000c0009766                VAS::freeAllocatedPages(unsigned long)
                0x00000000c000978a                VAS::virtualToPhysical(unsigned long)
                0x00000000c00097a4                VAS::reflagRange(unsigned long, int, int, int)
                0x00000000c00097e4                VAS::VAS()
                0x00000000c00097e4                VAS::VAS()
                0x00000000c000984e                VAS::setToWriteCombining(unsigned long, int)
                0x00000000c0009882                VAS::mapOtherVASIn(bool, VAS*)
                0x00000000c00098ac                VAS::~VAS()
                0x00000000c00098ac                VAS::~VAS()
                0x00000000c0009a10                VAS::mapPage(unsigned long, unsigned long, int)
                0x00000000c0009b14                VAS::allocatePages(int, int)
                0x00000000c0009cec                VAS::setCPUSpecific(unsigned long)
                0x00000000c0009d0a                VAS::mapRange(unsigned long, unsigned long, int, int)
                0x00000000c0009dd0                VAS::mapForeignPage(bool, VAS*, unsigned long, unsigned long, int)
                0x00000000c0009ebe                VAS::VAS(bool)
                0x00000000c0009ebe                VAS::VAS(bool)
                0x00000000c000a13e                VAS::evict(unsigned long)
                0x00000000c000a200                VAS::tryLoadBackOffDisk(unsigned long)
                0x00000000c000a2ee                VAS::scanForEviction()
                0x00000000c000a3ce                mapVASFirstTime
 .text          0x00000000c000a4c4       0x5f coreobjs/c++.32
                0x00000000c000a4c4                __cxa_atexit
                0x00000000c000a4c7                __cxa_finalize
                0x00000000c000a4c8                __stack_chk_fail
                0x00000000c000a4fe                __cxa_pure_virtual
                0x00000000c000a50f                operator new[](unsigned long)
                0x00000000c000a514                operator delete(void*, unsigned long)
                0x00000000c000a519                operator delete[](void*)
                0x00000000c000a51e                operator delete[](void*, unsigned long)
 .text          0x00000000c000a523      0x21c dbg/kconsole.32
                0x00000000c000a523                Dbg::stringifyxWithBase(unsigned int, char*, int)
                0x00000000c000a58e                Dbg::logc(char)
                0x00000000c000a5ae                Dbg::logs(char*)
                0x00000000c000a5cb                Dbg::logWriteInt(unsigned int)
                0x00000000c000a5e9                Dbg::logWriteIntBase(unsigned int, int)
                0x00000000c000a60a                Dbg::kprintf(char const*, ...)
 *fill*         0x00000000c000a73f        0x1 
 .text          0x00000000c000a740      0xc5c fs/vfs.32
                0x00000000c000a740                File::read(unsigned long long, void*, int*)
                0x00000000c000a798                File::write(unsigned long long, void*, int*)
                0x00000000c000a7f0                Directory::read(unsigned long long, void*, int*)
                0x00000000c000a848                Directory::write(unsigned long long, void*, int*)
                0x00000000c000a876                File::isAtty()
                0x00000000c000a87a                Directory::isAtty()
                0x00000000c000a87e                Filesystem::getlabel(LogicalDisk*, int, char*, unsigned int*)
                0x00000000c000a884                Filesystem::setlabel(LogicalDisk*, int, char*)
                0x00000000c000a88a                Filesystem::allocateSwapfile(char const*, int)
                0x00000000c000a890                File::~File()
                0x00000000c000a890                File::~File()
                0x00000000c000a8b4                File::~File()
                0x00000000c000a8de                Directory::~Directory()
                0x00000000c000a8de                Directory::~Directory()
                0x00000000c000a902                Directory::~Directory()
                0x00000000c000a92c                Filesystem::Filesystem()
                0x00000000c000a92c                Filesystem::Filesystem()
                0x00000000c000a950                Filesystem::~Filesystem()
                0x00000000c000a950                Filesystem::~Filesystem()
                0x00000000c000a95e                Filesystem::~Filesystem()
                0x00000000c000a982                Fs::getcwd(Process*, char*, int)
                0x00000000c000a9ac                Fs::initVFS()
                0x00000000c000a9d6                Fs::standardiseFiles(char*, char const*, char const*)
                0x00000000c000ab80                File::File(char const*, Process*)
                0x00000000c000ab80                File::File(char const*, Process*)
                0x00000000c000ac40                File::open(FileOpenMode)
                0x00000000c000ac9e                File::close()
                0x00000000c000acfe                File::seek(unsigned long long)
                0x00000000c000ad54                File::tell(unsigned long long*)
                0x00000000c000ada4                File::rewind()
                0x00000000c000adb8                File::unlink()
                0x00000000c000ae04                File::rename(char const*)
                0x00000000c000ae52                File::chfatattr(unsigned char, unsigned char)
                0x00000000c000aeae                File::exists()
                0x00000000c000aeec                File::stat(unsigned long long*, bool*)
                0x00000000c000af4d                Fs::setcwd(Process*, char*)
                0x00000000c000b0aa                Directory::Directory(char const*, Process*)
                0x00000000c000b0aa                Directory::Directory(char const*, Process*)
                0x00000000c000b16a                Directory::open()
                0x00000000c000b1c6                Directory::close()
                0x00000000c000b226                Directory::unlink()
                0x00000000c000b272                Directory::rename(char const*)
                0x00000000c000b2c0                Directory::exists()
                0x00000000c000b2fe                Directory::read(dirent*)
                0x00000000c000b34a                Directory::create()
                0x00000000c000b396                Filesystem::chfatattr(char const*, unsigned char, unsigned char)
 .text          0x00000000c000b39c       0x86 hal/bus.32
                0x00000000c000b39c                Bus::Bus(char const*)
                0x00000000c000b39c                Bus::Bus(char const*)
                0x00000000c000b3d4                Bus::~Bus()
                0x00000000c000b3d4                Bus::~Bus()
                0x00000000c000b3f8                Bus::~Bus()
 .text          0x00000000c000b422       0x96 hal/buzzer.32
                0x00000000c000b422                beepThread(void*)
                0x00000000c000b45f                Krnl::beep(int, int, bool)
 .text          0x00000000c000b4b8      0x46d hal/clock.32
                0x00000000c000b4b8                User::loadClockSettings(int)
                0x00000000c000b50a                Clock::Clock(char const*)
                0x00000000c000b50a                Clock::Clock(char const*)
                0x00000000c000b540                Clock::~Clock()
                0x00000000c000b540                Clock::~Clock()
                0x00000000c000b564                Clock::~Clock()
                0x00000000c000b58e                Clock::timeInSecondsLocal()
                0x00000000c000b5d6                Clock::setTimeInSecondsLocal(unsigned long long)
                0x00000000c000b62f                datetimeToSeconds(datetime_t)
                0x00000000c000b75c                Clock::setTimeInDatetimeLocal(datetime_t)
                0x00000000c000b7bc                secondsToDatetime(unsigned long long)
                0x00000000c000b900                Clock::timeInDatetimeLocal()
 *fill*         0x00000000c000b925        0x1 
 .text          0x00000000c000b926      0x464 hal/device.32
                0x00000000c000b926                Device::hibernate()
                0x00000000c000b928                Device::wake()
                0x00000000c000b92a                Device::detect()
                0x00000000c000b92c                Device::disableLegacy()
                0x00000000c000b92e                Device::powerSaving(PowerSavingLevel)
                0x00000000c000b930                DriverlessDevice::close(int, int, void*)
                0x00000000c000b934                DriverlessDevice::detect()
                0x00000000c000b936                DriverlessDevice::open(int, int, void*)
                0x00000000c000b94a                Device::~Device()
                0x00000000c000b94a                Device::~Device()
                0x00000000c000b958                Device::~Device()
                0x00000000c000b980                Device::findAndLoadDriver()
                0x00000000c000b98e                Device::preOpenPCI(PCIDeviceInfo)
                0x00000000c000b9b4                Device::preOpenACPI(void*, char*, char*)
                0x00000000c000b9f4                Device::addIRQHandler(int, void (*)(regs*, void*), bool, void*)
                0x00000000c000ba1e                Device::getParent()
                0x00000000c000ba2a                Device::removeIRQHandler(int, void (*)(regs*, void*), bool)
                0x00000000c000ba48                Device::addChild(Device*)
                0x00000000c000ba8c                Device::removeAllChildren()
                0x00000000c000bad2                Device::hibernateAll()
                0x00000000c000bb02                Device::wakeAll()
                0x00000000c000bb32                Device::detectAll()
                0x00000000c000bb62                Device::disableLegacyAll()
                0x00000000c000bb64                Device::loadDriversForAll()
                0x00000000c000bb66                Device::closeAll()
                0x00000000c000bb9c                Device::powerSavingAll(PowerSavingLevel)
                0x00000000c000bbd2                Device::setName(char const*)
                0x00000000c000bbe0                Device::Device(char const*)
                0x00000000c000bbe0                Device::Device(char const*)
                0x00000000c000bcdc                Device::getName()
                0x00000000c000bce6                DriverlessDevice::DriverlessDevice(char const*)
                0x00000000c000bce6                DriverlessDevice::DriverlessDevice(char const*)
                0x00000000c000bd1c                Device::addToLinkedList(LinkedList<Device>&, DeviceType)
                0x00000000c000bd60                getDevicesOfType(DeviceType)
 *fill*         0x00000000c000bd8a        0x2 
 .text          0x00000000c000bd8c       0x86 hal/diskctrl.32
                0x00000000c000bd8c                HardDiskController::HardDiskController(char const*)
                0x00000000c000bd8c                HardDiskController::HardDiskController(char const*)
                0x00000000c000bdc4                HardDiskController::~HardDiskController()
                0x00000000c000bdc4                HardDiskController::~HardDiskController()
                0x00000000c000bde8                HardDiskController::~HardDiskController()
 .text          0x00000000c000be12       0xe2 hal/diskphys.32
                0x00000000c000be12                PhysicalDisk::eject()
                0x00000000c000be16                PhysicalDisk::PhysicalDisk(char const*, int)
                0x00000000c000be16                PhysicalDisk::PhysicalDisk(char const*, int)
                0x00000000c000be7e                PhysicalDisk::startCache()
                0x00000000c000bea6                PhysicalDisk::~PhysicalDisk()
                0x00000000c000bea6                PhysicalDisk::~PhysicalDisk()
                0x00000000c000beca                PhysicalDisk::~PhysicalDisk()
 .text          0x00000000c000bef4        0x0 hal/fpu.32
 .text          0x00000000c000bef4      0x35d hal/intctrl.32
                0x00000000c000bef4                int_handler
                0x00000000c000bf7c                installISRHandler(int, void (*)(regs*, void*), void*)
                0x00000000c000bfc4                installIRQHandler(int, void (*)(regs*, void*), bool, void*)
                0x00000000c000c0fc                uninstallISRHandler(int, void (*)(regs*, void*))
                0x00000000c000c130                uninstallIRQHandler(int, void (*)(regs*, void*), bool)
                0x00000000c000c1af                setupINTS()
                0x00000000c000c20c                convertLegacyIRQNumber(int)
 *fill*         0x00000000c000c251        0x1 
 .text          0x00000000c000c252      0x7bc hal/keybrd.32
                0x00000000c000c252                startGUI(void*)
                0x00000000c000c2be                startGUIVESA(void*)
                0x00000000c000c32a                sendKeyToTerminal(unsigned char)
                0x00000000c000c3f3                sendKeyboardToken(KeyboardToken)
                0x00000000c000c833                clearInternalKeybuffer(VgaText*)
                0x00000000c000c868                readKeyboard(VgaText*, char*, unsigned long)
                0x00000000c000c984                Keyboard::Keyboard(char const*)
                0x00000000c000c984                Keyboard::Keyboard(char const*)
                0x00000000c000c9c0                Keyboard::~Keyboard()
                0x00000000c000c9c0                Keyboard::~Keyboard()
                0x00000000c000c9e4                Keyboard::~Keyboard()
 .text          0x00000000c000ca0e      0x3f4 hal/logidisk.32
                0x00000000c000ca0e                LogicalDisk::close(int, int, void*)
                0x00000000c000ca12                LogicalDisk::~LogicalDisk()
                0x00000000c000ca12                LogicalDisk::~LogicalDisk()
                0x00000000c000ca36                LogicalDisk::~LogicalDisk()
                0x00000000c000ca60                LogicalDisk::open(int, int, void*)
                0x00000000c000ca74                LogicalDisk::absoluteToRelative(unsigned long long)
                0x00000000c000caac                LogicalDisk::relativeToAbsolute(unsigned long long)
                0x00000000c000caf2                LogicalDisk::LogicalDisk(char const*, PhysicalDisk*, unsigned long long, unsigned long long)
                0x00000000c000caf2                LogicalDisk::LogicalDisk(char const*, PhysicalDisk*, unsigned long long, unsigned long long)
                0x00000000c000cbb2                LogicalDisk::assignDriveLetter()
                0x00000000c000cc68                LogicalDisk::mount()
                0x00000000c000ccb0                LogicalDisk::unmount()
                0x00000000c000ccc0                LogicalDisk::eject()
                0x00000000c000ccd4                LogicalDisk::unassignDriveLetter()
                0x00000000c000cd2a                LogicalDisk::read(unsigned long long, int, void*)
                0x00000000c000cd96                LogicalDisk::write(unsigned long long, int, void*)
 *fill*         0x00000000c000ce02        0x2 
 .text          0x00000000c000ce04       0x86 hal/mouse.32
                0x00000000c000ce04                Mouse::Mouse(char const*)
                0x00000000c000ce04                Mouse::Mouse(char const*)
                0x00000000c000ce3c                Mouse::~Mouse()
                0x00000000c000ce3c                Mouse::~Mouse()
                0x00000000c000ce60                Mouse::~Mouse()
 .text          0x00000000c000ce8a       0x90 hal/nic.32
                0x00000000c000ce8a                NIC::getMAC()
                0x00000000c000ce90                NIC::write(int, unsigned char*, int*)
                0x00000000c000ce96                NIC::NIC(char const*)
                0x00000000c000ce96                NIC::NIC(char const*)
                0x00000000c000cecc                NIC::~NIC()
                0x00000000c000cecc                NIC::~NIC()
                0x00000000c000cef0                NIC::~NIC()
 .text          0x00000000c000cf1a      0x339 hal/partition.32
                0x00000000c000cf1a                makePartition(PhysicalDisk*, unsigned long long, unsigned long long)
                0x00000000c000cfc2                createPartitionsForDisk(PhysicalDisk*)
 *fill*         0x00000000c000d253        0x1 
 .text          0x00000000c000d254       0x86 hal/serial.32
                0x00000000c000d254                Serial::Serial(char const*)
                0x00000000c000d254                Serial::Serial(char const*)
                0x00000000c000d28c                Serial::~Serial()
                0x00000000c000d28c                Serial::~Serial()
                0x00000000c000d2b0                Serial::~Serial()
 *fill*         0x00000000c000d2da        0x2 
 .text          0x00000000c000d2dc      0x234 hal/timer.32
                0x00000000c000d2dc                Timer::Timer(char const*)
                0x00000000c000d2dc                Timer::Timer(char const*)
                0x00000000c000d314                Timer::~Timer()
                0x00000000c000d314                Timer::~Timer()
                0x00000000c000d338                Timer::~Timer()
                0x00000000c000d362                Timer::read()
                0x00000000c000d36d                setupTimer(int)
                0x00000000c000d3a8                timerHandler(unsigned int)
 .text          0x00000000c000d510      0x440 hal/vcache.32
                0x00000000c000d510                VCache::VCache(PhysicalDisk*)
                0x00000000c000d510                VCache::VCache(PhysicalDisk*)
                0x00000000c000d680                VCache::invalidateReadBuffer()
                0x00000000c000d690                VCache::writeWriteBuffer()
                0x00000000c000d6dc                VCache::~VCache()
                0x00000000c000d6dc                VCache::~VCache()
                0x00000000c000d730                VCache::~VCache()
                0x00000000c000d758                VCache::write(unsigned long long, int, void*)
                0x00000000c000d846                VCache::read(unsigned long long, int, void*)
 .text          0x00000000c000d950      0x4c7 hal/video.32
                0x00000000c000d950                Video::putrect(int, int, int, int, unsigned int)
                0x00000000c000d99c                Video::bitblit(int, int, int, int, int, int, int, unsigned int*)
                0x00000000c000da0c                Video::blit(unsigned int*, int, int, int, int)
                0x00000000c000da8a                Video::clearScreen(unsigned int)
                0x00000000c000dabe                Video::putpixel(int, int, unsigned int)
                0x00000000c000dacc                Video::readPixelApprox(int, int)
                0x00000000c000dae0                Video::Video(char const*)
                0x00000000c000dae0                Video::Video(char const*)
                0x00000000c000db16                Video::~Video()
                0x00000000c000db16                Video::~Video()
                0x00000000c000db3a                Video::~Video()
                0x00000000c000db64                Video::isMonochrome()
                0x00000000c000db70                Video::getWidth()
                0x00000000c000db7c                Video::getHeight()
                0x00000000c000db88                Video::drawCursor(int, int, unsigned int*, int)
                0x00000000c000dc44                Video::tgaParse(unsigned char*, int, int*, int*)
                0x00000000c000ddac                Video::putTGA(int, int, unsigned char*, int)
 *fill*         0x00000000c000de17        0x1 
 .text          0x00000000c000de18     0x1307 hw/acpi.32
                0x00000000c000de18                ACPI::close(int, int, void*)
                0x00000000c000ded0                findRSDP()
                0x00000000c000df60                loadACPITables(unsigned char*)
                0x00000000c000e1c4                findRSDT(unsigned char*)
                0x00000000c000e314                findDataTable(unsigned char*, char*)
                0x00000000c000e38c                scanMADT()
                0x00000000c000e860                ACPI::ACPI()
                0x00000000c000e860                ACPI::ACPI()
                0x00000000c000e8b4                ACPI::getPCIIRQAssignment(unsigned char, unsigned short, unsigned char)
                0x00000000c000e99c                ACPI::registerPCIIRQAssignment(void*, unsigned short, unsigned char, unsigned char)
                0x00000000c000ea64                ACPI::setScreenBrightnessLevel(void*, int)
                0x00000000c000ea6c                ACPI::detectPCI()
                0x00000000c000ec74                ACPI::writeSimpleBootFlag(SimpleBootFlagTable*)
                0x00000000c000ecc8                ACPI::sleep()
                0x00000000c000ece4                ACPI::open(int, int, void*)
 *fill*         0x00000000c000f11f        0x1 
 .text          0x00000000c000f120      0xb95 hw/cpu.32
                0x00000000c000f120                CPU::close(int, int, void*)
                0x00000000c000f124                CPU::AMD_K6_write_msr(unsigned int, unsigned int, unsigned int, CPU::REGS*)
                0x00000000c000f140                CPU::AMD_K6_read_msr(unsigned int, CPU::REGS*)
                0x00000000c000f158                CPU::AMD_K6_writeback(int, int, int)
                0x00000000c000f1cc                CPU::cpuid(int, unsigned long*, unsigned long*, unsigned long*, unsigned long*)
                0x00000000c000f250                CPU::cpuidCheckEDX(unsigned int)
                0x00000000c000f27e                CPU::cpuidCheckECX(unsigned int)
                0x00000000c000f2ac                CPU::cpuidCheckExtendedEBX(unsigned int)
                0x00000000c000f2da                CPU::cpuidCheckExtendedECX(unsigned int)
                0x00000000c000f308                CPU::CPU()
                0x00000000c000f308                CPU::CPU()
                0x00000000c000f396                CPU::displayFeatures()
                0x00000000c000f398                CPU::detectFeatures()
                0x00000000c000fa5c                CPU::setupSMEP()
                0x00000000c000fa68                CPU::setupUMIP()
                0x00000000c000fa72                CPU::setupTSC()
                0x00000000c000fa7c                CPU::setupLargePages()
                0x00000000c000fa86                CPU::setupPAT()
                0x00000000c000fac2                CPU::setupMTRR()
                0x00000000c000fac4                CPU::setupGlobalPages()
                0x00000000c000face                CPU::allowUsermodeDataAccess()
                0x00000000c000fae0                CPU::prohibitUsermodeDataAccess()
                0x00000000c000faf2                CPU::setupSMAP()
                0x00000000c000fb00                CPU::setupFeatures()
                0x00000000c000fbcc                CPU::open(int, int, void*)
 .text          0x00000000c000fcb5       0xd1 krnl/bootmsg.32
                0x00000000c000fcb5                KeDisplaySplashScreen()
                0x00000000c000fd23                KeSetBootMessage(char const*)
 .text          0x00000000c000fd86      0x581 krnl/env.32
                0x00000000c000fd86                EnvVarContainer::getEnv(char const*)
                0x00000000c000fdc4                EnvVarContainer::setEnv(char const*, char const*)
                0x00000000c000fe86                EnvVarContainer::deleteEnv(char const*)
                0x00000000c000fe88                EnvVarContainer::loadFrom(char const*, char const*)
                0x00000000c001006e                EnvVarContainer::__loadSystem()
                0x00000000c0010088                EnvVarContainer::__loadUser()
                0x00000000c001008a                EnvVarContainer::EnvVarContainer(Process*)
                0x00000000c001008a                EnvVarContainer::EnvVarContainer(Process*)
                0x00000000c00100ac                EnvVarContainer::~EnvVarContainer()
                0x00000000c00100ac                EnvVarContainer::~EnvVarContainer()
                0x00000000c00100dc                Krnl::getEnv(Process*, char const*)
                0x00000000c0010141                Krnl::setEnvSystem(char const*, char const*)
                0x00000000c001015b                Krnl::setEnvUser(char const*, char const*)
                0x00000000c001017a                Krnl::setEnvProcess(Process*, char const*, char const*)
                0x00000000c001018d                Krnl::deleteEnvSystem(char const*)
                0x00000000c001018e                Krnl::deleteEnvUser(char const*)
                0x00000000c001018f                Krnl::deleteEnvProcess(Process*, char const*)
                0x00000000c0010190                Krnl::newProcessEnv(Process*)
                0x00000000c00101b2                Krnl::copyProcessEnv(Process*, Process*)
                0x00000000c00101fe                Krnl::loadSystemEnv()
                0x00000000c001022c                Krnl::loadUserEnv()
                0x00000000c0010252                Krnl::flushEnv()
                0x00000000c0010253                Krnl::getProcessTotalEnvCount(Process*)
                0x00000000c0010273                Krnl::getProcessEnvPair(Process*, int)
 .text          0x00000000c0010307       0x94 krnl/inlines.32
                0x00000000c0010307                CPU::current()
                0x00000000c0010313                operator new(unsigned long)
                0x00000000c0010318                operator delete(void*)
                0x00000000c001031d                disableIRQs()
                0x00000000c001031f                enableIRQs()
                0x00000000c0010321                lockScheduler()
                0x00000000c0010329                unlockScheduler()
                0x00000000c0010338                lockStuff()
                0x00000000c0010346                unlockStuff()
                0x00000000c0010380                Virt::getAKernelVAS()
                0x00000000c0010386                __not_memcpy
 .text          0x00000000c001039b        0xc krnl/panic.32
                0x00000000c001039b                KePanic(char const*)
 .text          0x00000000c00103a7      0x142 krnl/powctrl.32
                0x00000000c00103a7                Krnl::powerThread(void*)
                0x00000000c00103d5                Krnl::changePowerSettings(Krnl::PowerSettings)
                0x00000000c00103eb                Krnl::userIOReceived()
                0x00000000c00103f6                Krnl::handlePowerButton()
                0x00000000c001042b                Krnl::handleSleepButton()
                0x00000000c0010460                Krnl::setupPowerManager()
 *fill*         0x00000000c00104e9        0x3 
 .text          0x00000000c00104ec      0x190 krnl/resolve.32
                0x00000000c00104ec                KeResolveCompatibilitySymbol(char*)
 .text          0x00000000c001067c      0x2c3 krnl/signal.32
                0x00000000c001067c                KiSigKill(int)
                0x00000000c00106a8                KiDefaultSignalHandlerIgnore(int)
                0x00000000c00106a9                KiDefaultSignalHandlerPause(int)
                0x00000000c00106d5                KiDefaultSignalHandlerResume(int)
                0x00000000c0010701                KeDeinitSignals(SigHandlerBlock*)
                0x00000000c0010706                KeInitSignals()
                0x00000000c0010751                KeRegisterSignalHandler(SigHandlerBlock*, int, void (*)(int), unsigned int, int)
                0x00000000c0010787                KeRaiseSignal(SigHandlerBlock*, int)
                0x00000000c0010804                KeCheckSignal(SigHandlerBlock*)
                0x00000000c00108ef                KiCheckSignalZ
                0x00000000c0010904                KeCompleteSignal(SigHandlerBlock*, int)
 .text          0x00000000c001093f      0xc39 krnl/syscalls.32
                0x00000000c001093f                SysSeekDir(regs*)
                0x00000000c0010944                SysTellDir(regs*)
                0x00000000c0010949                SysVerify(regs*)
                0x00000000c0010953                SysGetArgc(regs*)
                0x00000000c0010963                SysTTYName(regs*)
                0x00000000c001096b                SysFormatDisk(regs*)
                0x00000000c00109d8                SysSetDiskVolumeLabel(regs*)
                0x00000000c0010a22                SysGetDiskVolumeLabel(regs*)
                0x00000000c0010a77                SysShutdown(regs*)
                0x00000000c0010ad5                SysRealpath(regs*)
                0x00000000c0010b18                SysReadDir(regs*)
                0x00000000c0010b98                SysIsATTY(regs*)
                0x00000000c0010bf4                SysSeek(regs*)
                0x00000000c0010c4d                SysTell(regs*)
                0x00000000c0010cbc                SysSize(regs*)
                0x00000000c0010d31                SysSizeFromFilename(regs*)
                0x00000000c0010de4                SysClose(regs*)
                0x00000000c0010e44                SysOpenDir(regs*)
                0x00000000c0010ebb                SysMakeDir(regs*)
                0x00000000c0010f25                SysCloseDir(regs*)
                0x00000000c0010f79                SysWait(regs*)
                0x00000000c0010f96                SysNotImpl(regs*)
                0x00000000c0010fb1                SysPanic(regs*)
                0x00000000c0010fcc                SysRmdir(regs*)
                0x00000000c0011033                SysUnlink(regs*)
                0x00000000c001109a                SysGetArgv(regs*)
                0x00000000c00110e7                SysUSleep(regs*)
                0x00000000c0011110                SysSpawn(regs*)
                0x00000000c0011179                SysGetEnv(regs*)
                0x00000000c0011228                SysSetFatAttrib(regs*)
                0x00000000c001129f                SysPipe(regs*)
                0x00000000c00112e4                SysGetUnixTime(regs*)
                0x00000000c00112f8                string_ends_with(char const*, char const*)
                0x00000000c0011342                SysOpen(regs*)
                0x00000000c0011536                KeSystemCall(regs*, void*)
 .text          0x00000000c0011578      0x110 net/ethernet.32
                0x00000000c0011578                KeSwitchEndian16(unsigned short)
                0x00000000c00115a4                KeSwitchEndian32(unsigned int)
                0x00000000c00115d4                EthernetCRC32(unsigned char*, int)
                0x00000000c0011678                EthernetReceivedPacket(unsigned char*, unsigned short)
 .text          0x00000000c0011688      0xd40 reg/cm.32
                0x00000000c0011688                CmOpen(char const*)
                0x00000000c00117a6                CmClose(Reghive_Tag*)
                0x00000000c00117bc                CmReadExtent(Reghive_Tag*, int, unsigned char*)
                0x00000000c001182a                CmGetString(Reghive_Tag*, int, char*)
                0x00000000c00118a1                CmEnterDirectory(Reghive_Tag*, int)
                0x00000000c00118e0                CmGetNext(Reghive_Tag*, int)
                0x00000000c0011912                CmWriteExtent(Reghive_Tag*, int, unsigned char*)
                0x00000000c0011998                CmFreeExtent(Reghive_Tag*, int)
                0x00000000c00119c0                CmUpdateHeader(Reghive_Tag*)
                0x00000000c00119e1                CmExpand(Reghive_Tag*, int)
                0x00000000c0011a5c                CmFindUnusedExtent(Reghive_Tag*)
                0x00000000c0011ae2                CmCreateExtent(Reghive_Tag*, int, int, unsigned char*)
                0x00000000c0011bd6                CmSetString(Reghive_Tag*, int, char const*)
                0x00000000c0011d12                CmGetMatch(char*, char*, bool, bool*)
                0x00000000c0011d73                CmAddShift(unsigned int*, int*, unsigned char, int)
                0x00000000c0011da3                CmGetShift(unsigned int*, int*, int, bool*)
                0x00000000c0011dda                CmGetInteger(Reghive_Tag*, int, unsigned long long*)
                0x00000000c0011e04                CmSetInteger(Reghive_Tag*, int, unsigned long long)
                0x00000000c0011e44                CmConvertFromInternalFilename(unsigned char const*, char*)
                0x00000000c0011ee8                CmGetNameAndTypeFromExtent(Reghive_Tag*, int, char*)
                0x00000000c0011f16                CmConvertToInternalFilename(char const*, unsigned char*)
                0x00000000c00120b4                CmCreateString(Reghive_Tag*, int, char const*)
                0x00000000c0012101                CmFindInDirectory(Reghive_Tag*, int, char const*)
                0x00000000c001217b                CmCreateInteger(Reghive_Tag*, int, char const*, unsigned long long, int)
                0x00000000c00121ce                CmCreateDirectory(Reghive_Tag*, int, char const*)
                0x00000000c0012272                CmFindObjectFromPath(Reghive_Tag*, char const*)
                0x00000000c00122f3                CmDisplayTree(Reghive_Tag*, int, int)
                0x00000000c0012396                CmSplitFinalSlashInPlace(char*)
 .text          0x00000000c00123c8      0x50e reg/registry.32
                0x00000000c00123c8                Reg::findLineFromLoadedData(char*, char*, char*)
                0x00000000c0012520                Reg::getLineFromRegistry(char*, char*, char*, char*)
                0x00000000c0012675                Reg::getLine(char*, char*, char*)
                0x00000000c00126ac                Reg::readInt(char*, char*, int*)
                0x00000000c0012797                Reg::readString(char*, char*, char*, int)
                0x00000000c0012818                Reg::readBool(char*, char*, bool*)
                0x00000000c001283d                Reg::readBoolWithDefault(char*, char*, bool)
                0x00000000c0012869                Reg::readIntWithDefault(char*, char*, int)
                0x00000000c0012895                Reg::readStringWithDefault(char*, char*, char*, int, char*)
 .text          0x00000000c00128d6       0x36 sys/eject.32
                0x00000000c00128d6                SysEject(regs*)
 .text          0x00000000c001290c       0x18 sys/exit.32
                0x00000000c001290c                SysExit(regs*)
 .text          0x00000000c0012924       0x1f sys/getcwd.32
                0x00000000c0012924                SysGetCwd(regs*)
 .text          0x00000000c0012943        0xc sys/getpid.32
                0x00000000c0012943                SysGetPID(regs*)
 .text          0x00000000c001294f       0x1a sys/getramdata.32
                0x00000000c001294f                SysGetRAMData(regs*)
 .text          0x00000000c0012969       0x82 sys/getvgaptr.32
                0x00000000c0012969                SysGetVGAPtr(regs*)
 .text          0x00000000c00129eb       0xa8 sys/loaddll.32
                0x00000000c00129eb                SysLoadDLL(regs*)
 .text          0x00000000c0012a93       0x68 sys/read.32
                0x00000000c0012a93                SysRead(regs*)
 .text          0x00000000c0012afb       0x29 sys/registersignal.32
                0x00000000c0012afb                SysRegisterSignal(regs*)
 .text          0x00000000c0012b24       0x55 sys/sbrk.32
                0x00000000c0012b24                SysSbrk(regs*)
 .text          0x00000000c0012b79       0x1c sys/setcwd.32
                0x00000000c0012b79                SysSetCwd(regs*)
 .text          0x00000000c0012b95       0x95 sys/settime.32
                0x00000000c0012b95                SysSetTime(regs*)
 .text          0x00000000c0012c2a       0x4a sys/timezone.32
                0x00000000c0012c2a                SysTimezone(regs*)
 .text          0x00000000c0012c74       0x68 sys/write.32
                0x00000000c0012c74                SysWrite(regs*)
 .text          0x00000000c0012cdc       0x62 sys/wsbe.32
                0x00000000c0012cdc                SysWsbe(regs*)
 .text          0x00000000c0012d3e       0x25 sys/yield.32
                0x00000000c0012d3e                SysYield(regs*)
 .text          0x00000000c0012d63     0x11e5 thr/elf.32
                0x00000000c0012d63                Thr::allocateMemoryForTask(Process*, File*, unsigned long, unsigned long, unsigned long)
                0x00000000c0012fef                Thr::loadProgramIntoMemory(Process*, char const*)
                0x00000000c0013205                Thr::runtimeReferenceHelper()
                0x00000000c0013218                Thr::getAddressOfKernelSymbol(char const*)
                0x00000000c0013267                Thr::loadKernelSymbolTable(char const*)
                0x00000000c0013525                Thr::loadDriverIntoMemory(char const*, unsigned long, bool)
                0x00000000c0013c5b                Thr::getDriverBaseFromAddress(unsigned long)
                0x00000000c0013c8d                Thr::getDriverNameFromAddress(unsigned long)
                0x00000000c0013cc4                Thr::getDriverOffsetFromAddress(unsigned long)
                0x00000000c0013cde                Thr::loadDLL(char const*, bool)
                0x00000000c0013f0f                Thr::executeDLL(unsigned long, void*)
 .text          0x00000000c0013f48     0x12fd thr/prcssthr.32
                0x00000000c0013f48                userModeEntryPoint(void*)
                0x00000000c0013f70                changeTSS
                0x00000000c0013fa0                switchToThread(ThreadControlBlock*)
                0x00000000c0014054                Process::addArgs(char**)
                0x00000000c00140b4                Process::Process(char const*, Process*, char**)
                0x00000000c00140b4                Process::Process(char const*, Process*, char**)
                0x00000000c00142c0                Process::Process(bool, char const*, Process*, char**)
                0x00000000c00142c0                Process::Process(bool, char const*, Process*, char**)
                0x00000000c0014498                taskStartupFunction
                0x00000000c00144a4                Semaphore::Semaphore(int)
                0x00000000c00144a4                Semaphore::Semaphore(int)
                0x00000000c00144d4                Mutex::Mutex()
                0x00000000c00144d4                Mutex::Mutex()
                0x00000000c00144e8                Process::createThread(void (*)(void*), void*, int)
                0x00000000c00145e0                Process::createUserThread()
                0x00000000c0014600                setupMultitasking(void (*)())
                0x00000000c0014708                schedule()
                0x00000000c0014798                Semaphore::tryAcquire()
                0x00000000c0014864                Semaphore::assertLocked(char const*)
                0x00000000c00148dc                blockTaskWithSchedulerLockAlreadyHeld(TaskState)
                0x00000000c0014904                blockTask(TaskState)
                0x00000000c0014934                waitTask(int, int*, int)
                0x00000000c0014978                milliTenthSleepUntil(unsigned int)
                0x00000000c0014a08                milliTenthSleep(unsigned int)
                0x00000000c0014a18                sleep(unsigned int)
                0x00000000c0014a34                Semaphore::acquire()
                0x00000000c0014af0                taskReturned
                0x00000000c0014b2c                Thr::processFromPID(int)
                0x00000000c0014bcc                unblockTask(ThreadControlBlock*)
                0x00000000c0014c70                cleanupTerminatedTask(ThreadControlBlock*)
                0x00000000c0014f3c                cleanerTaskFunction(void*)
                0x00000000c001502c                terminateTask(int)
                0x00000000c00150f8                Thr::terminateFromIRQ(int)
                0x00000000c0015108                Semaphore::release()
 .text          0x00000000c0015245      0xb93 vm86/vm8086.32
                0x00000000c0015245                Vm::inbv(unsigned short)
                0x00000000c0015258                Vm::outbv(unsigned short, unsigned char)
                0x00000000c001528e                Vm::realToLinear(unsigned short, unsigned short)
                0x00000000c001529e                Vm::getSegment(unsigned int)
                0x00000000c00152a6                Vm::getOffset(unsigned int)
                0x00000000c00152ab                Vm::mainloop2()
                0x00000000c00152e5                Vm::mainVm8086Loop(void*)
                0x00000000c00152f5                Vm::mainloop3(unsigned long)
                0x00000000c001531b                Vm::initialise8086()
                0x00000000c001535e                Vm::finish8086()
                0x00000000c00153bf                Vm::getOutput8086(unsigned char*)
                0x00000000c00153e4                Vm::start8086FromBuffer(unsigned char*, int, unsigned short, unsigned short, unsigned short, unsigned short)
                0x00000000c001549d                Vm::start8086(char const*, unsigned short, unsigned short, unsigned short, unsigned short)
                0x00000000c0015605                Vm::doISR(regs*, int, unsigned char*, unsigned short, unsigned short)
                0x00000000c001568f                Vm::readByteFromReal(unsigned short, unsigned short)
                0x00000000c00156a0                Vm::readWordFromReal(unsigned short, unsigned short)
                0x00000000c00156b2                Vm::readDwordFromReal(unsigned short, unsigned short)
                0x00000000c00156c3                Vm::writeByteFromReal(unsigned short, unsigned short, unsigned char)
                0x00000000c00156d8                Vm::writeWordFromReal(unsigned short, unsigned short, unsigned short)
                0x00000000c00156ee                Vm::writeDwordFromReal(unsigned short, unsigned short, unsigned int)
                0x00000000c0015703                Vm::faultHandler(regs*)
 .text          0x00000000c0015dd8      0xa8e arch/i386/hal.32
                0x00000000c0015dd8                noCopro(unsigned long)
                0x00000000c0015dd9                nmiHandler(regs*, void*)
                0x00000000c0015df2                doubleFault(regs*, void*)
                0x00000000c0015e0b                displayDebugInfo(regs*)
                0x00000000c0016167                HalSystemIdle()
                0x00000000c00161dd                displayProgramFault(char const*)
                0x00000000c0016229                gpFault(regs*, void*)
                0x00000000c001628e                pgFault(regs*, void*)
                0x00000000c0016314                otherISRHandler(regs*, void*)
                0x00000000c0016348                opcodeFault(regs*, void*)
                0x00000000c00163c8                i386SaveCoprocessor(void*)
                0x00000000c00163dc                i386LoadCoprocessor(void*)
                0x00000000c00163f0                x87EmulHandler(regs*, void*)
                0x00000000c001648d                HalInitialiseCoprocessor()
                0x00000000c001653b                HalPanic(char const*)
                0x00000000c0016634                HalQueryPerformanceCounter()
                0x00000000c001664f                HalInitialise()
                0x00000000c00167f5                HalMakeBeep(int)
                0x00000000c001682f                HalGetRand()
                0x00000000c0016832                HalEndOfInterrupt(int)
                0x00000000c0016863                HalRestart()
                0x00000000c0016864                HalShutdown()
                0x00000000c0016865                HalSleep()
 *fill*         0x00000000c0016866        0x2 
 .text          0x00000000c0016868      0x2f4 arch/i386/pic.32
                0x00000000c0016868                picIoWait()
                0x00000000c0016870                picDisable()
                0x00000000c00168a4                picGetIRQReg(int)
                0x00000000c0016928                picOpen()
                0x00000000c0016ab8                picEOI(int)
 .text          0x00000000c0016b5c      0x64d arch/i386/rtc.32
                0x00000000c0016b5c                RTC::open(int, int, void*)
                0x00000000c0016b60                RTC::close(int, int, void*)
                0x00000000c0016b64                RTC::timeInSecondsUTC()
                0x00000000c0016b76                RTC::timeInDatetimeUTC()
                0x00000000c0016b9c                RTC::setTimeInSecondsUTC(unsigned long long)
                0x00000000c0016bda                RTC::~RTC()
                0x00000000c0016bda                RTC::~RTC()
                0x00000000c0016bfe                RTC::~RTC()
                0x00000000c0016c28                RTC::get_update_in_progress_flag()
                0x00000000c0016c40                RTC::completeRTCRefresh()
                0x00000000c0016ef8                RTC::setTimeInDatetimeUTC(datetime_t)
                0x00000000c00170ab                rtcIRQHandler(regs*, void*)
                0x00000000c00170f0                RTC::RTC()
                0x00000000c00170f0                RTC::RTC()
 *fill*         0x00000000c00171a9        0x3 
 .text          0x00000000c00171ac      0x203 arch/i386/vga.32
                0x00000000c00171ac                HalConsoleScroll(int, int)
                0x00000000c00172b4                HalConsoleWriteCharacter(char, int, int, int, int)
                0x00000000c0017320                HalConsoleCursorUpdate(int, int)
 *fill*         0x00000000c00173af        0x1 
 .text          0x00000000c00173b0     0x13e7 fs/fat/vfslink.32
                0x00000000c00173b0                FAT::getName()
                0x00000000c00173b8                FAT::tell(void*, unsigned long long*)
                0x00000000c00173f4                FAT::stat(void*, unsigned long long*)
                0x00000000c0017430                FAT::~FAT()
                0x00000000c0017430                FAT::~FAT()
                0x00000000c0017454                FAT::~FAT()
                0x00000000c001747c                FAT::getlabel(LogicalDisk*, int, char*, unsigned int*)
                0x00000000c0017520                FAT::setlabel(LogicalDisk*, int, char*)
                0x00000000c00175e4                FAT::format(LogicalDisk*, int, char const*, int)
                0x00000000c00177b8                FAT::tryMount(LogicalDisk*, int)
                0x00000000c00179d0                FAT::allocateSwapfile(char const*, int)
                0x00000000c0017b90                FAT::readDir(void*, unsigned long, void*, int*)
                0x00000000c0017cfc                FAT::read(void*, unsigned long, void*, int*)
                0x00000000c0017d5c                FAT::write(void*, unsigned long, void*, int*)
                0x00000000c0017dbc                FAT::close(void*)
                0x00000000c0017e10                FAT::closeDir(void*)
                0x00000000c0017e64                FAT::seek(void*, unsigned long long)
                0x00000000c0017ebc                fatWrapperReadDisk
                0x00000000c0017f00                fatWrapperWriteDisk
                0x00000000c0017f44                fatWrapperIoctl
                0x00000000c0018060                FAT::FAT()
                0x00000000c0018060                FAT::FAT()
                0x00000000c00180b4                FAT::fixFilepath(char*)
                0x00000000c00180f0                FAT::open(char const*, void**, FileOpenMode)
                0x00000000c0018228                FAT::openDir(char const*, void**)
                0x00000000c00182d8                FAT::stat(char const*, unsigned long long*, bool*)
                0x00000000c00183d0                FAT::unlink(char const*)
                0x00000000c0018450                FAT::chfatattr(char const*, unsigned char, unsigned char)
                0x00000000c00185dc                FAT::rename(char const*, char const*)
                0x00000000c00186a8                FAT::mkdir(char const*)
                0x00000000c0018728                FAT::exists(char const*)
 *fill*         0x00000000c0018797        0x1 
 .text          0x00000000c0018798       0x94 fs/iso9660/helper.32
                0x00000000c0018798                isoReadDiscSectorHelper
                0x00000000c00187f4                iso_kprintf
                0x00000000c0018810                iso_kprintfd
 .text          0x00000000c001882c      0x6f8 fs/iso9660/vfslink.32
                0x00000000c001882c                ISO9660::format(LogicalDisk*, int, char const*, int)
                0x00000000c0018832                ISO9660::getName()
                0x00000000c0018838                ISO9660::closeDir(void*)
                0x00000000c0018842                ISO9660::chfatattr(char const*, unsigned char, unsigned char)
                0x00000000c0018848                ISO9660::unlink(char const*)
                0x00000000c001884e                ISO9660::write(void*, unsigned long, void*, int*)
                0x00000000c0018854                ISO9660::rename(char const*, char const*)
                0x00000000c001885a                ISO9660::mkdir(char const*)
                0x00000000c0018860                ISO9660::~ISO9660()
                0x00000000c0018860                ISO9660::~ISO9660()
                0x00000000c0018884                ISO9660::~ISO9660()
                0x00000000c00188ac                ISO9660::exists(char const*)
                0x00000000c00188c0                ISO9660::open(char const*, void**, FileOpenMode)
                0x00000000c001899e                ISO9660::read(void*, unsigned long, void*, int*)
                0x00000000c00189e6                ISO9660::seek(void*, unsigned long long)
                0x00000000c0018a28                ISO9660::tell(void*, unsigned long long*)
                0x00000000c0018a66                ISO9660::stat(void*, unsigned long long*)
                0x00000000c0018ab8                ISO9660::stat(char const*, unsigned long long*, bool*)
                0x00000000c0018bf0                ISO9660::close(void*)
                0x00000000c0018c20                ISO9660::openDir(char const*, void**)
                0x00000000c0018cf2                ISO9660::readDir(void*, unsigned long, void*, int*)
                0x00000000c0018e0f                readSectorFromCDROM(unsigned int, unsigned char*, char)
                0x00000000c0018e8a                ISO9660::tryMount(LogicalDisk*, int)
                0x00000000c0018efc                ISO9660::ISO9660()
                0x00000000c0018efc                ISO9660::ISO9660()
 .text          0x00000000c0018f24      0x26c hal/sound/sndcard.32
                0x00000000c0018f24                SoundCard::beginPlayback()
                0x00000000c0018f32                SoundCard::stopPlayback()
                0x00000000c0018f40                SoundCard::SoundCard(char const*)
                0x00000000c0018f40                SoundCard::SoundCard(char const*)
                0x00000000c0018fde                SoundCard::~SoundCard()
                0x00000000c0018fde                SoundCard::~SoundCard()
                0x00000000c0019002                SoundCard::~SoundCard()
                0x00000000c001902c                SoundCard::configureRates(int, int, int)
                0x00000000c001905c                SoundCard::getSamples16(int, short*)
                0x00000000c00190b8                SoundCard::getSamples32(int, int*)
                0x00000000c001913e                SoundCard::addChannel(SoundPort*)
                0x00000000c001917c                SoundCard::removeChannel(int)
 .text          0x00000000c0019190      0x377 hal/sound/sndport.32
                0x00000000c0019190                SoundPort::SoundPort(int, int, int, int)
                0x00000000c0019190                SoundPort::SoundPort(int, int, int, int)
                0x00000000c001921c                SoundPort::~SoundPort()
                0x00000000c001921c                SoundPort::~SoundPort()
                0x00000000c0019250                SoundPort::unpause()
                0x00000000c001925c                SoundPort::pause()
                0x00000000c0019268                SoundPort::getBufferUsed()
                0x00000000c0019270                SoundPort::getBufferSize()
                0x00000000c0019278                SoundPort::buffer16(short*, int)
                0x00000000c0019304                SoundPort::buffer32(int*, int)
                0x00000000c001938c                SoundPort::unbufferAndAdd16(int, short*, SoundCard*)
                0x00000000c0019450                SoundPort::unbufferAndAdd32(int, int*, SoundCard*)
 .text          0x00000000c0019507        0x0 hw/bus/isa.32
 *fill*         0x00000000c0019507        0x1 
 .text          0x00000000c0019508      0xb83 hw/bus/pci.32
                0x00000000c0019508                PCI::open(int, int, void*)
                0x00000000c0019526                PCI::close(int, int, void*)
                0x00000000c001952a                PCI::PCI()
                0x00000000c001952a                PCI::PCI()
                0x00000000c00195c4                PCI::readBAR8(unsigned int, int)
                0x00000000c00195e0                PCI::readBAR16(unsigned int, int)
                0x00000000c00195fe                PCI::readBAR32(unsigned int, int)
                0x00000000c001961a                PCI::writeBAR8(unsigned int, unsigned char, int)
                0x00000000c001963a                PCI::writeBAR16(unsigned int, unsigned short, int)
                0x00000000c001965c                PCI::writeBAR32(unsigned int, unsigned int, int)
                0x00000000c001967c                PCI::legacyMechanism(unsigned char, unsigned char, unsigned char, unsigned char)
                0x00000000c00196ea                PCI::pciReadWord(unsigned char, unsigned char, unsigned char, unsigned char)
                0x00000000c0019792                PCI::getVendorID(unsigned char, unsigned char, unsigned char)
                0x00000000c00197b6                PCI::getHeaderType(unsigned char, unsigned char, unsigned char)
                0x00000000c00197de                PCI::getClassCode(unsigned char, unsigned char, unsigned char)
                0x00000000c0019828                PCI::getProgIF(unsigned char, unsigned char, unsigned char)
                0x00000000c0019850                PCI::getRevisionID(unsigned char, unsigned char, unsigned char)
                0x00000000c0019874                PCI::getInterruptNumber(unsigned char, unsigned char, unsigned char)
                0x00000000c0019898                PCI::getSecondaryBus(unsigned char, unsigned char, unsigned char)
                0x00000000c00198c0                PCI::getBARAddress(unsigned char, unsigned char, unsigned char, unsigned char)
                0x00000000c0019924                PCI::pciWriteWord(unsigned char, unsigned char, unsigned char, unsigned char, unsigned short)
                0x00000000c0019a0c                PCI::pciDetailsToFilepath(PCIDeviceInfo, char*)
                0x00000000c0019cc0                PCI::checkBus(unsigned char)
                0x00000000c0019ce6                PCI::foundDevice(PCIDeviceInfo)
                0x00000000c0019e58                PCI::getDeviceData(unsigned char, unsigned char, unsigned char)
                0x00000000c0019fcc                PCI::checkDevice(unsigned char, unsigned char)
                0x00000000c001a038                PCI::detect()
 *fill*         0x00000000c001a08b        0x1 
 .text          0x00000000c001a08c      0xb5a hw/diskctrl/ide.32
                0x00000000c001a08c                IDE::close(int, int, void*)
                0x00000000c001a090                IDE::IDE()
                0x00000000c001a090                IDE::IDE()
                0x00000000c001a0c4                IDE::prepareInterrupt(unsigned char)
                0x00000000c001a0d6                selectDrive(unsigned char, unsigned char)
                0x00000000c001a0d8                IDE::getBase(unsigned char)
                0x00000000c001a0ea                IDE::write(unsigned char, unsigned char, unsigned char)
                0x00000000c001a1aa                IDE::read(unsigned char, unsigned char)
                0x00000000c001a258                IDE::waitInterrupt(unsigned char)
                0x00000000c001a2c0                ideChannel0IRQHandler(regs*, void*)
                0x00000000c001a2dc                ideChannel1IRQHandler(regs*, void*)
                0x00000000c001a2f8                IDE::enableIRQs(unsigned char, bool)
                0x00000000c001a33e                IDE::open(int, int, void*)
                0x00000000c001a74c                IDE::readBuffer(unsigned char, unsigned char, unsigned int, unsigned int)
                0x00000000c001a818                IDE::detect()
                0x00000000c001aad8                IDE::printError(unsigned char, unsigned char, unsigned char)
                0x00000000c001ab88                IDE::polling(unsigned char, unsigned int)
 .text          0x00000000c001abe6      0x32a hw/diskctrl/satabus.32
                0x00000000c001abe6                SATABus::close(int, int, void*)
                0x00000000c001abea                SATABus::detect()
                0x00000000c001abec                SATABus::SATABus()
                0x00000000c001abec                SATABus::SATABus()
                0x00000000c001ac72                SATABus::findCmdslot(SATABus::tagHBA_PORT volatile*)
                0x00000000c001aca4                SATABus::checkType(SATABus::tagHBA_PORT volatile*)
                0x00000000c001acec                SATABus::startCmd(SATABus::tagHBA_PORT volatile*)
                0x00000000c001ad0c                SATABus::stopCmd(SATABus::tagHBA_PORT volatile*)
                0x00000000c001ad36                SATABus::portRebase(SATABus::tagHBA_PORT volatile*, int)
                0x00000000c001ae46                SATABus::probePort(SATABus::tagHBA_MEM volatile*)
                0x00000000c001aef0                SATABus::open(int, int, void*)
 .text          0x00000000c001af10      0x921 hw/diskphys/ata.32
                0x00000000c001af10                ATA::close(int, int, void*)
                0x00000000c001af34                ATA::powerSaving(PowerSavingLevel)
                0x00000000c001af36                ATA::ATA()
                0x00000000c001af36                ATA::ATA()
                0x00000000c001af64                ATA::flush(bool)
                0x00000000c001afae                ATA::readyForCommand()
                0x00000000c001affa                ATA::access(unsigned long long, int, void*, bool)
                0x00000000c001b376                ATA::detectCHS()
                0x00000000c001b3a0                ATA::open(int, int, void*)
                0x00000000c001b46c                combineCharAndColour(char, unsigned char)
                0x00000000c001b47d                combineColours(unsigned char, unsigned char)
                0x00000000c001b48a                ATA::read(unsigned long long, int, void*)
                0x00000000c001b660                ATA::write(unsigned long long, int, void*)
 *fill*         0x00000000c001b831        0x1 
 .text          0x00000000c001b832      0x60e hw/diskphys/atapi.32
                0x00000000c001b832                ATAPI::write(unsigned long long, int, void*)
                0x00000000c001b838                ATAPI::close(int, int, void*)
                0x00000000c001b85c                ATAPI::ATAPI()
                0x00000000c001b85c                ATAPI::ATAPI()
                0x00000000c001b88a                ATAPI::readyForCommand()
                0x00000000c001b8dc                ATAPI::sendPacket(unsigned char*, int, bool, unsigned short*, int)
                0x00000000c001bb9c                ATAPI::diskRemoved()
                0x00000000c001bbd6                ATAPI::eject()
                0x00000000c001bc1e                ATAPI::diskInserted()
                0x00000000c001bc2a                ATAPI::detectMedia()
                0x00000000c001bce6                ATAPI::open(int, int, void*)
                0x00000000c001bdc6                ATAPI::read(unsigned long long, int, void*)
 .text          0x00000000c001be40      0x7ff hw/diskphys/sata.32
                0x00000000c001be40                SATA::close(int, int, void*)
                0x00000000c001be64                SATA::powerSaving(PowerSavingLevel)
                0x00000000c001be66                SATA::open(int, int, void*)
                0x00000000c001bf10                SATA::SATA()
                0x00000000c001bf10                SATA::SATA()
                0x00000000c001bf3e                SATA::access(unsigned long long, int, void*, bool)
                0x00000000c001c18a                SATA::read(unsigned long long, int, void*)
                0x00000000c001c3da                SATA::write(unsigned long long, int, void*)
 *fill*         0x00000000c001c63f        0x1 
 .text          0x00000000c001c640      0x5c6 hw/diskphys/satapi.32
                0x00000000c001c640                SATAPI::write(unsigned long long, int, void*)
                0x00000000c001c646                SATAPI::close(int, int, void*)
                0x00000000c001c66a                SATAPI::SATAPI()
                0x00000000c001c66a                SATAPI::SATAPI()
                0x00000000c001c698                SATAPI::diskRemoved()
                0x00000000c001c69a                SATAPI::diskInserted()
                0x00000000c001c6b6                SATAPI::sendPacket(unsigned char*, int, unsigned long long, unsigned short*, int)
                0x00000000c001c98a                SATAPI::eject()
                0x00000000c001c9c6                SATAPI::detectMedia()
                0x00000000c001ca1c                SATAPI::open(int, int, void*)
                0x00000000c001cb1c                SATAPI::read(unsigned long long, int, void*)
 .text          0x00000000c001cc06      0x455 hw/intctrl/apic.32
                0x00000000c001cc06                IOAPIC::close(int, int, void*)
                0x00000000c001cc0c                apicGetBase()
                0x00000000c001cc4e                IOAPIC::IOAPIC()
                0x00000000c001cc4e                IOAPIC::IOAPIC()
                0x00000000c001cc76                apicOpen()
                0x00000000c001cddc                IOAPIC::handlesGSIWithNumber(unsigned int)
                0x00000000c001ce0e                IOAPIC::read(int)
                0x00000000c001ce36                IOAPIC::open(int, int, void*)
                0x00000000c001cf2a                IOAPIC::write(int, int)
                0x00000000c001cf56                IOAPIC::redirect(unsigned char, unsigned long long, unsigned char, bool, bool)
 *fill*         0x00000000c001d05b        0x1 
 .text          0x00000000c001d05c       0xf0 hw/timer/apictimer.32
                0x00000000c001d05c                APICTimer::close(int, int, void*)
                0x00000000c001d064                apicTimerHandler(regs*, void*)
                0x00000000c001d08c                APICTimer::open(int, int, void*)
                0x00000000c001d0fc                APICTimer::write(int)
                0x00000000c001d124                APICTimer::APICTimer()
                0x00000000c001d124                APICTimer::APICTimer()
 .text          0x00000000c001d14c      0x1aa hw/timer/pit.32
                0x00000000c001d14c                PIT::write(int)
                0x00000000c001d1d0                pitHandler(regs*, void*)
                0x00000000c001d1f4                PIT::open(int, int, void*)
                0x00000000c001d244                PIT::close(int, int, void*)
                0x00000000c001d274                PIT::PIT()
                0x00000000c001d274                PIT::PIT()
 *fill*         0x00000000c001d2f6        0xa 
 .text          0x00000000c001d300       0x83 arch/i386/avx.32
                0x00000000c001d300                avxDetect
                0x00000000c001d32a                avxSave
                0x00000000c001d33b                avxLoad
                0x00000000c001d34c                avxInit
                0x00000000c001d36e                avxClose
                0x00000000c001d36f                wouldSheSayYes
 *fill*         0x00000000c001d383        0xd 
 .text          0x00000000c001d390      0x294 arch/i386/interrupt.32
                0x00000000c001d390                isr0
                0x00000000c001d3a0                isr1
                0x00000000c001d3aa                isr2
                0x00000000c001d3b4                isr3
                0x00000000c001d3be                isr4
                0x00000000c001d3c8                isr5
                0x00000000c001d3d2                isr6
                0x00000000c001d3dc                isr7
                0x00000000c001d3e6                isr8
                0x00000000c001d3ee                isr9
                0x00000000c001d3f8                isr10
                0x00000000c001d400                isr11
                0x00000000c001d408                isr12
                0x00000000c001d410                isr13
                0x00000000c001d42a                isr14
                0x00000000c001d432                isr15
                0x00000000c001d43c                isr16
                0x00000000c001d446                isr17
                0x00000000c001d450                isr18
                0x00000000c001d45a                irq3
                0x00000000c001d464                irq4
                0x00000000c001d46e                irq5
                0x00000000c001d478                irq6
                0x00000000c001d482                irq7
                0x00000000c001d48c                irq8
                0x00000000c001d496                irq9
                0x00000000c001d4a0                irq10
                0x00000000c001d4aa                irq11
                0x00000000c001d4b4                irq12
                0x00000000c001d4be                irq13
                0x00000000c001d4c8                irq14
                0x00000000c001d4d2                irq15
                0x00000000c001d4dc                irq1
                0x00000000c001d4e3                irq2
                0x00000000c001d4ea                isr96
                0x00000000c001d4f1                irq0
                0x00000000c001d4f6                int_common_stub
                0x00000000c001d528                syscall_common_stub
                0x00000000c001d5d4                irq16
                0x00000000c001d5de                irq17
                0x00000000c001d5e8                irq18
                0x00000000c001d5f2                irq19
                0x00000000c001d5fc                irq20
                0x00000000c001d606                irq21
                0x00000000c001d610                irq22
                0x00000000c001d61a                irq23
 *fill*         0x00000000c001d624        0xc 
 .text          0x00000000c001d630       0x10 arch/i386/rdrand.32
                0x00000000c001d630                i386GetRDRAND
 .text          0x00000000c001d640       0x39 arch/i386/sse.32
                0x00000000c001d640                absolutelyNoChanceInHell
                0x00000000c001d640                sseDetect
                0x00000000c001d658                sseSave
                0x00000000c001d660                sseLoad
                0x00000000c001d668                sseInit
                0x00000000c001d678                sseClose
 *fill*         0x00000000c001d679        0x7 
 .text          0x00000000c001d680       0x49 arch/i386/x87.32
                0x00000000c001d686                x87Detect
                0x00000000c001d6a1                x87Save
                0x00000000c001d6a8                x87Load
                0x00000000c001d6af                x87Init
                0x00000000c001d6c8                x87Close
 *fill*         0x00000000c001d6c9        0x3 
 .text          0x00000000c001d6cc       0x25 /cygdrive/d/Users/Alex/Desktop/Toolchain/Output/bin/../lib/gcc/i386-banana/8.1.0/crtend.o
 .text          0x00000000c001d6f1        0x0 crtn.32
 *fill*         0x00000000c001d6f1        0x3 
 .text          0x00000000c001d6f4      0x14b /cygdrive/d/Users/Alex/Desktop/Toolchain/Output/bin/../lib/gcc/i386-banana/8.1.0/libkgcc.a(_divdi3.o)
                0x00000000c001d6f4                __divdi3
 *fill*         0x00000000c001d83f        0x1 
 .text          0x00000000c001d840      0x17e /cygdrive/d/Users/Alex/Desktop/Toolchain/Output/bin/../lib/gcc/i386-banana/8.1.0/libkgcc.a(_moddi3.o)
                0x00000000c001d840                __moddi3
 *fill*         0x00000000c001d9be        0x2 
 .text          0x00000000c001d9c0       0xff /cygdrive/d/Users/Alex/Desktop/Toolchain/Output/bin/../lib/gcc/i386-banana/8.1.0/libkgcc.a(_udivdi3.o)
                0x00000000c001d9c0                __udivdi3
 *fill*         0x00000000c001dabf        0x1 
 .text          0x00000000c001dac0      0x11a /cygdrive/d/Users/Alex/Desktop/Toolchain/Output/bin/../lib/gcc/i386-banana/8.1.0/libkgcc.a(_umoddi3.o)
                0x00000000c001dac0                __umoddi3
 *(.gnu.linkonce.t*)

.iplt           0x00000000c001dbe0        0x0
 .iplt          0x00000000c001dbe0        0x0 D:/Users/Alex/Desktop/Banana/kernel/boot.32

.init           0x00000000c001dbda        0xf
 .init          0x00000000c001dbda        0x3 crti.32
                0x00000000c001dbda                _init
 .init          0x00000000c001dbdd        0x5 /cygdrive/d/Users/Alex/Desktop/Toolchain/Output/bin/../lib/gcc/i386-banana/8.1.0/crtbegin.o
 .init          0x00000000c001dbe2        0x5 /cygdrive/d/Users/Alex/Desktop/Toolchain/Output/bin/../lib/gcc/i386-banana/8.1.0/crtend.o
 .init          0x00000000c001dbe7        0x2 crtn.32

.fini           0x00000000c001dbe9        0xa
 .fini          0x00000000c001dbe9        0x3 crti.32
                0x00000000c001dbe9                _fini
 .fini          0x00000000c001dbec        0x5 /cygdrive/d/Users/Alex/Desktop/Toolchain/Output/bin/../lib/gcc/i386-banana/8.1.0/crtbegin.o
 .fini          0x00000000c001dbf1        0x2 crtn.32

.text._ZN8ComputerD2Ev
                0x00000000c001dbf4       0x23
 .text._ZN8ComputerD2Ev
                0x00000000c001dbf4       0x23 core/computer.32
                0x00000000c001dbf4                Computer::~Computer()
                0x00000000c001dbf4                Computer::~Computer()

.text._ZN8ComputerD0Ev
                0x00000000c001dc18       0x2a
 .text._ZN8ComputerD0Ev
                0x00000000c001dc18       0x2a core/computer.32