Archive member included to satisfy reference by file (symbol)

/cygdrive/d/Users/Alex/Desktop/Toolchain/Output/bin/../lib/gcc/i386-banana/8.1.0/libkgcc.a(_divdi3.o)
                              fs/fat/ff.32 (__divdi3)
/cygdrive/d/Users/Alex/Desktop/Toolchain/Output/bin/../lib/gcc/i386-banana/8.1.0/libkgcc.a(_moddi3.o)
                              compat/resolve.32 (__moddi3)
/cygdrive/d/Users/Alex/Desktop/Toolchain/Output/bin/../lib/gcc/i386-banana/8.1.0/libkgcc.a(_udivdi3.o)
                              fs/fat/ff.32 (__udivdi3)
/cygdrive/d/Users/Alex/Desktop/Toolchain/Output/bin/../lib/gcc/i386-banana/8.1.0/libkgcc.a(_umoddi3.o)
                              compat/resolve.32 (__umoddi3)
D:/Users/Alex/Desktop/Banana/kernel/libsoftfp.a(sfieeelib.o)
                              hal/sound/sndhw.32 (__addsf3)
D:/Users/Alex/Desktop/Banana/kernel/libsoftfp.a(dfieeelib.o)
                              hal/libresample/src_linear.32 (__adddf3)
D:/Users/Alex/Desktop/Banana/kernel/libsoftfp.a(sfdfcvt.o)
                              hal/libresample/samplerate.32 (__truncdfsf2)
D:/Users/Alex/Desktop/Banana/kernel/libk/libm32.a(s_fabs.c.o)
                              hal/libresample/samplerate.32 (fabs)
D:/Users/Alex/Desktop/Banana/kernel/libk/libm32.a(s_lrint.S.o)
                              hal/libresample/samplerate.32 (lrint)
D:/Users/Alex/Desktop/Banana/kernel/libk/libm32.a(s_lrintf.S.o)
                              hal/sound/sndhw.32 (lrintf)

Discarded input sections

 .comment       0x0000000000000000       0x12 /cygdrive/d/Users/Alex/Desktop/Toolchain/Output/bin/../lib/gcc/i386-banana/8.1.0/crtbegin.o
 .comment       0x0000000000000000       0x12 acpica/utclib.32
 .comment       0x0000000000000000       0x12 core/malloc.32
 .comment       0x0000000000000000       0x12 libk/string.32
 .comment       0x0000000000000000       0x12 fs/fat/diskio.32
 .comment       0x0000000000000000       0x12 fs/fat/ff.32
 .comment       0x0000000000000000       0x12 fs/fat/ffsystem.32
 .comment       0x0000000000000000       0x12 fs/fat/ffunicode.32
 .comment       0x0000000000000000       0x12 hal/libresample/samplerate.32
 .comment       0x0000000000000000       0x12 hal/libresample/src_linear.32
 .comment       0x0000000000000000       0x12 hal/libresample/src_sinc.32
 .comment       0x0000000000000000       0x12 hal/libresample/src_zoh.32
 .comment       0x0000000000000000       0x12 compat/inlines.32
 .comment       0x0000000000000000       0x12 compat/resolve.32
 .group         0x0000000000000000       0x14 core/computer.32
 .group         0x0000000000000000        0xc core/computer.32
 .comment       0x0000000000000000       0x12 core/computer.32
 .comment       0x0000000000000000       0x12 core/gdt.32
 .group         0x0000000000000000        0xc core/idle.32
 .comment       0x0000000000000000       0x12 core/idle.32
 .comment       0x0000000000000000       0x12 core/idt.32
 .comment       0x0000000000000000       0x12 core/kheap.32
 .comment       0x0000000000000000       0x12 core/main.32
 .comment       0x0000000000000000       0x12 core/physmgr.32
 .group         0x0000000000000000        0xc core/pipe.32
 .comment       0x0000000000000000       0x12 core/pipe.32
 .group         0x0000000000000000        0xc core/terminal.32
 .comment       0x0000000000000000       0x12 core/terminal.32
 .comment       0x0000000000000000       0x12 core/tss.32
 .group         0x0000000000000000        0x8 core/unixfile.32
 .group         0x0000000000000000        0xc core/unixfile.32
 .group         0x0000000000000000        0xc core/unixfile.32
 .group         0x0000000000000000        0x8 core/unixfile.32
 .group         0x0000000000000000        0xc core/unixfile.32
 .group         0x0000000000000000        0x8 core/unixfile.32
 .group         0x0000000000000000        0xc core/unixfile.32
 .group         0x0000000000000000        0xc core/unixfile.32
 .comment       0x0000000000000000       0x12 core/unixfile.32
 .comment       0x0000000000000000       0x12 core/virtmgr.32
 .comment       0x0000000000000000       0x12 coreobjs/c++.32
 .comment       0x0000000000000000       0x12 dbg/kconsole.32
 .group         0x0000000000000000        0xc fs/vfs.32
 .group         0x0000000000000000        0xc fs/vfs.32
 .group         0x0000000000000000        0xc fs/vfs.32
 .comment       0x0000000000000000       0x12 fs/vfs.32
 .group         0x0000000000000000        0xc hal/bus.32
 .comment       0x0000000000000000       0x12 hal/bus.32
 .group         0x0000000000000000        0xc hal/buzzer.32
 .comment       0x0000000000000000       0x12 hal/buzzer.32
 .group         0x0000000000000000        0xc hal/clock.32
 .comment       0x0000000000000000       0x12 hal/clock.32
 .group         0x0000000000000000       0x14 hal/device.32
 .group         0x0000000000000000        0xc hal/device.32
 .group         0x0000000000000000        0xc hal/device.32
 .group         0x0000000000000000        0xc hal/device.32
[...]
Memory Configuration

Name             Origin             Length             Attributes
*default*        0x0000000000000000 0xffffffffffffffff

Linker script and memory map

LOAD D:/Users/Alex/Desktop/Banana/kernel/boot.32
LOAD crti.32
LOAD /cygdrive/d/Users/Alex/Desktop/Toolchain/Output/bin/../lib/gcc/i386-banana/8.1.0/crtbegin.o
LOAD D:/Users/Alex/Desktop/Banana/kernel/morenasm.32
LOAD acpica/utclib.32
LOAD core/malloc.32
LOAD libk/string.32
LOAD fs/fat/diskio.32
LOAD fs/fat/ff.32
LOAD fs/fat/ffsystem.32
LOAD fs/fat/ffunicode.32
LOAD hal/libresample/samplerate.32
LOAD hal/libresample/src_linear.32
LOAD hal/libresample/src_sinc.32
LOAD hal/libresample/src_zoh.32
LOAD compat/inlines.32
LOAD compat/resolve.32
LOAD core/computer.32
LOAD core/gdt.32
LOAD core/idle.32
LOAD core/idt.32
LOAD core/kheap.32
LOAD core/main.32
LOAD core/physmgr.32
LOAD core/pipe.32
LOAD core/terminal.32
LOAD core/tss.32
LOAD core/unixfile.32
LOAD core/virtmgr.32
LOAD coreobjs/c++.32
LOAD dbg/kconsole.32
LOAD fs/vfs.32
LOAD hal/bus.32
LOAD hal/buzzer.32
LOAD hal/clock.32
LOAD hal/device.32
LOAD hal/diskctrl.32
LOAD hal/diskphys.32
LOAD hal/fpu.32
LOAD hal/intctrl.32
LOAD hal/keybrd.32
LOAD hal/logidisk.32
LOAD hal/mouse.32
LOAD hal/partition.32
LOAD hal/serial.32
LOAD hal/timer.32
LOAD hal/vcache.32
LOAD hal/video.32
LOAD hw/acpi.32
LOAD hw/cpu.32
LOAD hw/ports.32
LOAD hw/smp.32
LOAD krnl/env.32
LOAD krnl/panic.32
LOAD net/ethernet.32
LOAD reg/registry.32
LOAD sys/sc_eject.32
LOAD sys/sc_exit.32
LOAD sys/sc_getcwd.32
LOAD sys/sc_getpid.32
LOAD sys/sc_getramdata.32
LOAD sys/sc_loaddll.32
LOAD sys/sc_read.32
LOAD sys/sc_sbrk.32
LOAD sys/sc_setcwd.32
LOAD sys/sc_settime.32
LOAD sys/sc_timezone.32
LOAD sys/sc_write.32
LOAD sys/sc_wsbe.32
LOAD sys/sc_yield.32
LOAD sys/syscalls.32
LOAD thr/elf.32
LOAD thr/prcssthr.32
LOAD vm86/vm8086.32
LOAD vm86/x87em.32
LOAD fs/fat/vfslink.32
LOAD fs/iso9660/vfslink.32
LOAD hal/sound/sndchannel.32
LOAD hal/sound/sndhw.32
LOAD hw/bus/isa.32
LOAD hw/bus/pci.32
LOAD hw/diskctrl/ide.32
LOAD hw/diskctrl/satabus.32
LOAD hw/diskphys/ata.32
LOAD hw/diskphys/atapi.32
LOAD hw/diskphys/sata.32
LOAD hw/diskphys/satapi.32
LOAD hw/fpu/avx.32
LOAD hw/fpu/mmx.32
LOAD hw/fpu/sse.32
LOAD hw/fpu/x87.32
LOAD hw/intctrl/apic.32
LOAD hw/intctrl/pic.32
LOAD hw/timer/apictimer.32
LOAD hw/timer/pit.32
LOAD hw/fpu/x86/avx.32
LOAD hw/fpu/x86/sse.32
LOAD hw/fpu/x86/x87.32
LOAD /cygdrive/d/Users/Alex/Desktop/Toolchain/Output/bin/../lib/gcc/i386-banana/8.1.0/crtend.o
LOAD crtn.32
LOAD /cygdrive/d/Users/Alex/Desktop/Toolchain/Output/bin/../lib/gcc/i386-banana/8.1.0/libkgcc.a
LOAD D:/Users/Alex/Desktop/Banana/kernel/libsoftfp.a
LOAD D:/Users/Alex/Desktop/Banana/kernel/libk/libm32.a
                0x00000000c0000000                . = 0xc0000000

.text           0x00000000c0000000    0x28668
 *(.text)
 .text          0x00000000c0000000       0x41 D:/Users/Alex/Desktop/Banana/kernel/boot.32
                0x00000000c0000020                callGlobalConstructors
 .text          0x00000000c0000041        0x0 crti.32
 *fill*         0x00000000c0000041        0x3 
 .text          0x00000000c0000044      0x101 /cygdrive/d/Users/Alex/Desktop/Toolchain/Output/bin/../lib/gcc/i386-banana/8.1.0/crtbegin.o
 *fill*         0x00000000c0000145        0xb 
 .text          0x00000000c0000150      0x4ed D:/Users/Alex/Desktop/Banana/kernel/morenasm.32
                0x00000000c0000150                manualPCIProbe
                0x00000000c000019b                prepareTramp
                0x00000000c00001b4                voodooXADD
                0x00000000c000027f                doTPAUSE
                0x00000000c0000289                hasLegacyFPU
                0x00000000c00002ae                is486
                0x00000000c00002e4                detectCPUID
                0x00000000c00002fa                goToVM86
                0x00000000c000032a                goToUsermode
                0x00000000c0000354                switchToThreadASMFirstTime
                0x00000000c0000362                switchToThreadASM
                0x00000000c00003ea                asmQuickAcquireLock
                0x00000000c0000408                asmQuickReleaseLock
                0x00000000c0000414                asmAcquireLock
                0x00000000c0000435                asmReleaseLock
                0x00000000c0000448                loadGDT
                0x00000000c0000468                isr0
                0x00000000c0000478                isr1
                0x00000000c0000482                isr2
                0x00000000c000048c                isr3
                0x00000000c0000496                isr4
                0x00000000c00004a0                isr5
                0x00000000c00004aa                isr6
                0x00000000c00004b4                isr7
                0x00000000c00004be                isr8
                0x00000000c00004c6                isr9
                0x00000000c00004d0                isr10
                0x00000000c00004d8                isr11
                0x00000000c00004e0                isr12
                0x00000000c00004e8                isr13
                0x00000000c00004f0                isr14
                0x00000000c00004f8                isr15
                0x00000000c0000502                isr16
                0x00000000c000050c                isr17
                0x00000000c0000516                isr18
                0x00000000c0000520                irq3
                0x00000000c000052a                irq4
                0x00000000c0000534                irq5
                0x00000000c000053e                irq6
                0x00000000c0000548                irq7
                0x00000000c0000552                irq8
                0x00000000c000055c                irq9
                0x00000000c0000566                irq10
                0x00000000c0000570                irq11
                0x00000000c000057a                irq12
                0x00000000c0000584                irq13
                0x00000000c000058e                irq14
                0x00000000c0000598                irq15
                0x00000000c00005a2                irq1
                0x00000000c00005a9                irq2
                0x00000000c00005b0                isr96
                0x00000000c00005b7                irq0
                0x00000000c00005bc                int_common_stub
                0x00000000c00005bc                syscall_common_stub
                0x00000000c00005ed                irq16
                0x00000000c00005f7                irq17
                0x00000000c0000601                irq18
                0x00000000c000060b                irq19
                0x00000000c0000615                irq20
                0x00000000c000061f                irq21
                0x00000000c0000629                irq22
                0x00000000c0000633                irq23
 *fill*         0x00000000c000063d        0x3 
 .text          0x00000000c0000640      0x611 acpica/utclib.32
                0x00000000c0000640                memcmp
                0x00000000c000067c                memmove
                0x00000000c0000744                memcpy
                0x00000000c0000778                memset
                0x00000000c0000794                strlen
                0x00000000c00007ac                strpbrk
                0x00000000c00007e8                strtok
                0x00000000c0000834                strcpy
                0x00000000c0000858                strncpy
                0x00000000c00008c0                strcmp
                0x00000000c0000900                strchr
                0x00000000c0000924                strncmp
                0x00000000c0000974                strcat
                0x00000000c00009a4                strncat
                0x00000000c00009e0                strstr
                0x00000000c0000a28                toupper
                0x00000000c0000a3c                tolower
                0x00000000c0000a50                simple_strtoul
 .text          0x00000000c0000c51      0xfbf core/malloc.32
                0x00000000c0000dbc                dlfree
                0x00000000c0001117                dlmalloc
                0x00000000c0001654                dlrealloc
                0x00000000c0001809                dlmemalign
                0x00000000c000192c                dlcalloc
                0x00000000c00019c6                dlcfree
                0x00000000c00019cb                dlindependent_calloc
                0x00000000c00019f0                dlindependent_comalloc
                0x00000000c0001a07                dlvalloc
                0x00000000c0001a32                dlpvalloc
                0x00000000c0001a68                dlmalloc_trim
                0x00000000c0001a75                dlmalloc_usable_size
                0x00000000c0001aa6                dlmallinfo
                0x00000000c0001b75                dlmalloc_stats
                0x00000000c0001b86                dlmallopt
 .text          0x00000000c0001c10        0x0 libk/string.32
 .text          0x00000000c0001c10       0x51 fs/fat/diskio.32
                0x00000000c0001c10                disk_status
                0x00000000c0001c13                disk_initialize
                0x00000000c0001c16                disk_read
                0x00000000c0001c2c                disk_write
                0x00000000c0001c42                disk_ioctl
 .text          0x00000000c0001c61     0x6833 fs/fat/ff.32
                0x00000000c0004f2f                f_mount
                0x00000000c0004f91                f_open
                0x00000000c00053cd                f_read
                0x00000000c000564d                f_write
                0x00000000c0005907                f_sync
                0x00000000c0005ae3                f_close
                0x00000000c0005b12                f_lseek
                0x00000000c0005fc9                f_opendir
                0x00000000c00060cb                f_closedir
                0x00000000c00060ed                f_readdir
                0x00000000c0006188                f_stat
                0x00000000c0006217                f_getfree
                0x00000000c00063e2                f_truncate
                0x00000000c00064da                f_unlink
                0x00000000c000665d                f_mkdir
                0x00000000c0006889                f_rename
                0x00000000c0006b7c                f_chmod
                0x00000000c0006c5a                f_utime
                0x00000000c0006d38                f_getlabel
                0x00000000c0006f26                f_setlabel
                0x00000000c0007193                f_forward
                0x00000000c0007371                f_mkfs
 .text          0x00000000c0008494       0x2d fs/fat/ffsystem.32
                0x00000000c0008494                ff_memalloc
                0x00000000c00084aa                ff_memfree
 .text          0x00000000c00084c1      0x253 fs/fat/ffunicode.32
                0x00000000c00084c1                ff_uni2oem
                0x00000000c0008551                ff_oem2uni
                0x00000000c00085bd                ff_wtoupper
 .text          0x00000000c0008714      0x8fb hal/libresample/samplerate.32
                0x00000000c0008758                src_delete
                0x00000000c0008794                src_process
                0x00000000c000894a                src_callback_read
                0x00000000c0008ac7                src_set_ratio
                0x00000000c0008b31                src_get_channels
                0x00000000c0008b53                src_reset
                0x00000000c0008b9f                src_new
                0x00000000c0008c2d                src_callback_new
                0x00000000c0008c8f                src_get_name
                0x00000000c0008cc6                src_get_description
                0x00000000c0008cfd                src_get_version
                0x00000000c0008d03                src_is_valid_ratio
                0x00000000c0008d57                src_error
                0x00000000c0008d65                src_strerror
                0x00000000c0008d78                src_simple
                0x00000000c0008dcb                src_short_to_float_array
                0x00000000c0008e30                src_float_to_short_array
                0x00000000c0008eef                src_int_to_float_array
                0x00000000c0008f52                src_float_to_int_array
 .text          0x00000000c000900f      0x8cb hal/libresample/src_linear.32
                0x00000000c0009835                linear_get_name
                0x00000000c0009844                linear_get_description
                0x00000000c0009853                linear_set_converter
 .text          0x00000000c00098da     0x447c hal/libresample/src_sinc.32
                0x00000000c000dc6d                sinc_get_name
                0x00000000c000dc80                sinc_get_description
                0x00000000c000dc93                sinc_set_converter
 .text          0x00000000c000dd56      0x77c hal/libresample/src_zoh.32
                0x00000000c000e42d                zoh_get_name
                0x00000000c000e43c                zoh_get_description
                0x00000000c000e44b                zoh_set_converter
 .text          0x00000000c000e4d2       0x23 compat/inlines.32
                0x00000000c000e4d2                CPU::current()
                0x00000000c000e4df                operator new(unsigned long)
 .text          0x00000000c000e4f5      0x111 compat/resolve.32
                0x00000000c000e4f5                Krnl::resolveCompatibilitySymbol(char*)
 .text          0x00000000c000e606      0xa17 core/computer.32
                0x00000000c000e606                Computer::close(int, int, void*)
                0x00000000c000e64a                Krnl::firstTask()
                0x00000000c000e73a                Computer::Computer()
                0x00000000c000e73a                Computer::Computer()
                0x00000000c000e896                Computer::setBootMessage(char const*)
                0x00000000c000e898                Computer::detectFeatures()
                0x00000000c000eaa2                Computer::displayFeatures()
                0x00000000c000ede8                Computer::rdmsr(unsigned int)
                0x00000000c000ee14                Computer::wrmsr(unsigned int, unsigned long long)
                0x00000000c000ee4c                Computer::nmiEnabled()
                0x00000000c000ee58                Computer::readCMOS(unsigned char)
                0x00000000c000ee72                Computer::enableNMI(bool)
                0x00000000c000ee8a                Computer::open(int, int, void*)
                0x00000000c000ef60                Computer::disableNMI()
                0x00000000c000ef6e                Computer::writeCMOS(unsigned char, unsigned char)
                0x00000000c000ef8c                Computer::handleNMI()
                0x00000000c000eff2                Computer::setDiskActivityLight(int, bool)
 *fill*         0x00000000c000f01d        0x1 
 .text          0x00000000c000f01e      0x1b7 core/gdt.32
                0x00000000c000f01e                GDTEntry::setBase(unsigned int)
                0x00000000c000f03a                GDTEntry::setLimit(unsigned int)
                0x00000000c000f058                GDT::GDT()
                0x00000000c000f058                GDT::GDT()
                0x00000000c000f06e                GDT::addEntry(GDTEntry)
                0x00000000c000f0aa                GDT::getNumberOfEntries()
                0x00000000c000f0b2                GDT::flush()
                0x00000000c000f0d4                GDT::setup()
 .text          0x00000000c000f1d5       0x62 core/idle.32
                0x00000000c000f1d5                idleFunction(void*)
 *fill*         0x00000000c000f237        0x1 
 .text          0x00000000c000f238      0x45f core/idt.32
                0x00000000c000f238                IDTEntry::IDTEntry(bool)
                0x00000000c000f238                IDTEntry::IDTEntry(bool)
                0x00000000c000f2a6                IDTEntry::setOffset(unsigned int)
                0x00000000c000f2ba                IDT::IDT()
                0x00000000c000f2ba                IDT::IDT()
                0x00000000c000f2bc                IDT::getPointerToInvalidOpcodeEntryForF00F()
                0x00000000c000f2c4                IDT::addEntry(IDTEntry, int)
                0x00000000c000f2de                IDT::addEntry(int, void (*)(), bool)
                0x00000000c000f316                IDT::flush()
                0x00000000c000f330                IDT::setup()
 .text          0x00000000c000f697      0x203 core/kheap.32
                0x00000000c000f697                sbrk
                0x00000000c000f7a5                mmap
                0x00000000c000f7bb                munmap
                0x00000000c000f7d1                liballoc_lock()
                0x00000000c000f7e2                liballoc_unlock()
                0x00000000c000f7f3                liballoc_alloc(int)
                0x00000000c000f80e                liballoc_free(void*, int)
                0x00000000c000f82c                realloc
                0x00000000c000f840                malloc
                0x00000000c000f850                free
                0x00000000c000f860                rfree
                0x00000000c000f870                calloc
 .text          0x00000000c000f89a      0x485 core/main.32
                0x00000000c000f89a                hwTextMode_loadInData(VgaText*)
                0x00000000c000f8e5                hwTextMode_loadInTitle(VgaText*, char*)
                0x00000000c000f963                hwTextMode_showCursor(VgaText*, bool)
                0x00000000c000f9c1                hwTextMode_update(VgaText*)
                0x00000000c000f9c2                hwTextMode_updateCursor(VgaText*)
                0x00000000c000fa13                hwTextMode_disableBlink(VgaText*, bool)
                0x00000000c000fa59                hwTextMode_scrollScreen(VgaText*)
                0x00000000c000fb06                hwTextMode_writeCharacter(VgaText*, char, VgaColour, VgaColour, int, int)
                0x00000000c000fb88                setupTextMode()
                0x00000000c000fbf8                kernel_main
 .text          0x00000000c000fd1f      0x5c1 core/physmgr.32
                0x00000000c000fd1f                Phys::allocateDMA(unsigned long)
                0x00000000c000fdc2                Phys::freeDMA(unsigned long, unsigned long)
                0x00000000c000fe0a                Phys::setPageState(unsigned long, bool)
                0x00000000c000fe3c                Phys::getPageState(unsigned long)
                0x00000000c000fe58                Phys::freePage(unsigned long)
                0x00000000c000fee2                Phys::allocatePage()
                0x00000000c001001e                Phys::allocateContiguousPages(int)
                0x00000000c0010078                Phys::allowSegmentToBeUsed(unsigned long, unsigned long)
                0x00000000c00100b0                Phys::physicalMemorySetup(unsigned int)
 .text          0x00000000c00102e0      0x273 core/pipe.32
                0x00000000c00102e0                Pipe::isAtty()
                0x00000000c00102e4                Pipe::~Pipe()
                0x00000000c00102e4                Pipe::~Pipe()
                0x00000000c0010308                Pipe::~Pipe()
                0x00000000c0010330                Pipe::read(unsigned long long, void*, int*)
                0x00000000c0010424                Pipe::write(unsigned long long, void*, int*)
                0x00000000c00104ec                Pipe::Pipe(int)
                0x00000000c00104ec                Pipe::Pipe(int)
 *fill*         0x00000000c0010553        0x1 
 .text          0x00000000c0010554      0xf73 core/terminal.32
                0x00000000c0010554                VgaText::isAtty()
                0x00000000c0010558                VgaText::~VgaText()
                0x00000000c0010558                VgaText::~VgaText()
                0x00000000c001057c                VgaText::~VgaText()
                0x00000000c00105a6                VgaText::read(unsigned long long, void*, int*)
                0x00000000c00105c6                setTerminalScrollLock(bool)
                0x00000000c00105c7                addToTerminalCycle(VgaText*)
                0x00000000c00105f4                installVgaTextImplementation()
                0x00000000c0010609                scrollTerminalScrollLock(int)
                0x00000000c001060a                VgaText::load()
                0x00000000c001065e                VgaText::updateCursor()
                0x00000000c0010678                VgaText::showCursor(bool)
                0x00000000c0010688                VgaText::disableBlink(bool)
                0x00000000c00106c2                VgaText::doANSI_SGR(int)
                0x00000000c001074e                VgaText::setDefaultBgColour(VgaColour)
                0x00000000c0010764                VgaText::setDefaultFgColour(VgaColour)
                0x00000000c001077a                VgaText::setDefaultColours(VgaColour, VgaColour)
                0x00000000c001079a                VgaText::combineColours(unsigned char, unsigned char)
                0x00000000c00107ac                VgaText::scrollScreen()
                0x00000000c0010840                VgaText::combineCharAndColour(char, unsigned char)
                0x00000000c0010852                VgaText::writeCharacter(char, VgaColour, VgaColour, int, int)
                0x00000000c00108b2                VgaText::getCursorX()
                0x00000000c00108be                VgaText::getCursorY()
                0x00000000c00108ca                VgaText::setCursor(int, int)
                0x00000000c00108e8                VgaText::setCursorX(int)
                0x00000000c0010904                VgaText::setCursorY(int)
                0x00000000c0010920                VgaText::incrementCursor(bool)
                0x00000000c0010988                VgaText::updateRAMUsageDisplay(int)
                0x00000000c00109ec                VgaText::updateDiskUsage()
                0x00000000c0010b56                VgaText::updateTitle()
                0x00000000c0010b9c                VgaText::setTitleTextColour(VgaColour)
                0x00000000c0010bac                VgaText::setTitleColour(VgaColour)
                0x00000000c0010bbc                VgaText::setTitle(char*)
                0x00000000c0010be2                VgaText::decrementCursor(bool)
                0x00000000c0010c0a                VgaText::putchar(char, VgaColour, VgaColour)
                0x00000000c0010d06                VgaText::isShowingCursor()
                0x00000000c0010d12                VgaText::isBlinkDisabled()
                0x00000000c0010d20                VgaText::setCursorHeight(int)
                0x00000000c0010d3e                VgaText::getCursorHeight()
                0x00000000c0010d49                setActiveTerminal(VgaText*)
                0x00000000c0010dfb                doTerminalCycle()
                0x00000000c0010e18                VgaText::doUpdate()
                0x00000000c0010e2a                VgaText::puts(char const*, VgaColour, VgaColour)
                0x00000000c0010fea                VgaText::clearScreen()
                0x00000000c001104e                VgaText::putchar(char)
                0x00000000c0011168                VgaText::puts(char const*)
                0x00000000c001118e                VgaText::putx(unsigned int)
                0x00000000c00111d4                VgaText::VgaText(char const*)
                0x00000000c00111d4                VgaText::VgaText(char const*)
                0x00000000c0011366                VgaText::receiveKey(unsigned char)
                0x00000000c001144e                VgaText::write(unsigned long long, void*, int*)
                0x00000000c00114a2                newTerminal(char*)
 *fill*         0x00000000c00114c7        0x1 
 .text          0x00000000c00114c8      0x1b3 core/tss.32
                0x00000000c00114c8                TSS::TSS()
                0x00000000c00114c8                TSS::TSS()
                0x00000000c00114d6                TSS::setESP(unsigned long)
                0x00000000c00114e8                TSS::flush()
                0x00000000c0011508                TSS::setup(unsigned long, unsigned long)
 *fill*         0x00000000c001167b        0x1 
 .text          0x00000000c001167c      0x4c2 core/unixfile.32
                0x00000000c001167c                ReservedFilename::read(unsigned long long, void*, int*)
                0x00000000c00116d2                ReservedFilename::isAtty()
                0x00000000c00116ee                ReservedFilename::write(unsigned long long, void*, int*)
                0x00000000c001174c                UnixFile::getFileDescriptor()
                0x00000000c0011754                UnixFile::UnixFile(int)
                0x00000000c0011754                UnixFile::UnixFile(int)
                0x00000000c0011904                ReservedFilename::ReservedFilename(int)
                0x00000000c0011904                ReservedFilename::ReservedFilename(int)
                0x00000000c0011936                UnixFile::~UnixFile()
                0x00000000c0011936                UnixFile::~UnixFile()
                0x00000000c00119ce                UnixFile::~UnixFile()
                0x00000000c00119f6                ReservedFilename::~ReservedFilename()
                0x00000000c00119f6                ReservedFilename::~ReservedFilename()
                0x00000000c0011a1a                ReservedFilename::~ReservedFilename()
                0x00000000c0011a41                getFromFileDescriptor(int)
 .text          0x00000000c0011b3e     0x126f core/virtmgr.32
                0x00000000c0011b3e                Virt::setPageState(unsigned long, Virt::VirtPageState)
                0x00000000c0011b73                Virt::getPageState(unsigned long)
                0x00000000c0011b97                Virt::allocateKernelVirtualPages(int)
                0x00000000c0011ca8                Virt::freeSwapfilePage(unsigned long)
                0x00000000c0011cc6                Virt::swapIDToSector(unsigned long)
                0x00000000c0011cd8                Virt::allocateSwapfilePage()
                0x00000000c0011d56                Virt::virtualMemorySetup()
                0x00000000c0011dd5                Virt::swappingSetup()
                0x00000000c0011e32                Virt::getAKernelVAS()
                0x00000000c0011e38                Virt::setupPageSwapping(int)
                0x00000000c0011f68                VAS::VAS()
                0x00000000c0011f68                VAS::VAS()
                0x00000000c0011f98                VAS::VAS(VAS*)
                0x00000000c0011f98                VAS::VAS(VAS*)
                0x00000000c0011fbc                VAS::getForeignPageTableEntry(bool, unsigned long)
                0x00000000c0011fe8                VAS::getPageTableEntry(unsigned long)
                0x00000000c0012007                Virt::freeKernelVirtualPages(unsigned long)
                0x00000000c001212a                VAS::freeAllocatedPages(unsigned long)
                0x00000000c001214e                VAS::virtualToPhysical(unsigned long)
                0x00000000c0012166                VAS::reflagRange(unsigned long, int, int, int)
                0x00000000c00121a6                VAS::setToWriteCombining(unsigned long, int)
                0x00000000c00121d8                VAS::mapOtherVASIn(bool, VAS*)
                0x00000000c0012202                VAS::~VAS()
                0x00000000c0012202                VAS::~VAS()
                0x00000000c001236e                VAS::mapPage(unsigned long, unsigned long, int)
                0x00000000c001246e                VAS::allocatePages(int, int)
                0x00000000c0012646                VAS::setCPUSpecific(unsigned long)
                0x00000000c0012662                VAS::mapRange(unsigned long, unsigned long, int, int)
                0x00000000c0012728                VAS::mapForeignPage(bool, VAS*, unsigned long, unsigned long, int)
                0x00000000c0012816                VAS::VAS(bool)
                0x00000000c0012816                VAS::VAS(bool)
                0x00000000c0012a72                VAS::evict(unsigned long)
                0x00000000c0012b10                VAS::tryLoadBackOffDisk(unsigned long)
                0x00000000c0012bf0                VAS::scanForEviction(int, int)
                0x00000000c0012cf1                mapVASFirstTime
 .text          0x00000000c0012dad       0x95 coreobjs/c++.32
                0x00000000c0012dad                __cxa_atexit
                0x00000000c0012db0                __cxa_finalize
                0x00000000c0012db1                __stack_chk_fail
                0x00000000c0012e1d                __cxa_pure_virtual
                0x00000000c0012e2e                operator new[](unsigned long)
                0x00000000c0012e33                operator delete(void*, unsigned long)
                0x00000000c0012e38                operator delete[](void*)
                0x00000000c0012e3d                operator delete[](void*, unsigned long)
 .text          0x00000000c0012e42      0x1ef dbg/kconsole.32
                0x00000000c0012e42                Dbg::stringifyxWithBase(unsigned int, char*, int)
                0x00000000c0012ea3                Dbg::logc(char)
                0x00000000c0012eba                Dbg::logs(char*)
                0x00000000c0012ed7                Dbg::logWriteInt(unsigned int)
                0x00000000c0012ef4                Dbg::logWriteIntBase(unsigned int, int)
                0x00000000c0012f13                Dbg::kprintf(char const*, ...)
 *fill*         0x00000000c0013031        0x1 
 .text          0x00000000c0013032      0xb7c fs/vfs.32
                0x00000000c0013032                File::read(unsigned long long, void*, int*)
                0x00000000c001308a                File::write(unsigned long long, void*, int*)
                0x00000000c00130e2                Directory::read(unsigned long long, void*, int*)
                0x00000000c001313a                Directory::write(unsigned long long, void*, int*)
                0x00000000c0013168                File::isAtty()
                0x00000000c001316c                Directory::isAtty()
                0x00000000c0013170                Filesystem::getlabel(LogicalDisk*, int, char*, unsigned int*)
                0x00000000c0013176                Filesystem::setlabel(LogicalDisk*, int, char*)
                0x00000000c001317c                File::~File()
                0x00000000c001317c                File::~File()
                0x00000000c00131a0                File::~File()
                0x00000000c00131ca                Directory::~Directory()
                0x00000000c00131ca                Directory::~Directory()
                0x00000000c00131ee                Directory::~Directory()
                0x00000000c0013218                Filesystem::Filesystem()
                0x00000000c0013218                Filesystem::Filesystem()
                0x00000000c001323c                Filesystem::~Filesystem()
                0x00000000c001323c                Filesystem::~Filesystem()
                0x00000000c001324a                Filesystem::~Filesystem()
                0x00000000c001326e                Fs::getcwd(Process*, char*, int)
                0x00000000c0013298                Fs::initVFS()
                0x00000000c00132c2                Fs::standardiseFiles(char*, char const*, char const*)
                0x00000000c001346c                File::File(char const*, Process*)
                0x00000000c001346c                File::File(char const*, Process*)
                0x00000000c00134d0                File::open(FileOpenMode)
                0x00000000c001352e                File::close()
                0x00000000c001358e                File::seek(unsigned long long)
                0x00000000c00135e4                File::tell(unsigned long long*)
                0x00000000c0013634                File::rewind()
                0x00000000c0013648                File::unlink()
                0x00000000c0013694                File::rename(char const*)
                0x00000000c00136e2                File::chfatattr(unsigned char, unsigned char)
                0x00000000c001373e                File::exists()
                0x00000000c001377c                File::stat(unsigned long long*, bool*)
                0x00000000c00137dd                Fs::setcwd(Process*, char*)
                0x00000000c0013918                Directory::Directory(char const*, Process*)
                0x00000000c0013918                Directory::Directory(char const*, Process*)
                0x00000000c001397c                Directory::open()
                0x00000000c00139d8                Directory::close()
                0x00000000c0013a38                Directory::unlink()
                0x00000000c0013a84                Directory::rename(char const*)
                0x00000000c0013ad2                Directory::exists()
                0x00000000c0013b10                Directory::read(dirent*)
                0x00000000c0013b5c                Directory::create()
                0x00000000c0013ba8                Filesystem::chfatattr(char const*, unsigned char, unsigned char)
 .text          0x00000000c0013bae       0x84 hal/bus.32
                0x00000000c0013bae                Bus::Bus(char const*)
                0x00000000c0013bae                Bus::Bus(char const*)
                0x00000000c0013be4                Bus::~Bus()
                0x00000000c0013be4                Bus::~Bus()
                0x00000000c0013c08                Bus::~Bus()
 .text          0x00000000c0013c32      0x14e hal/buzzer.32
                0x00000000c0013c32                Buzzer::Buzzer(char const*)
                0x00000000c0013c32                Buzzer::Buzzer(char const*)
                0x00000000c0013c76                Buzzer::~Buzzer()
                0x00000000c0013c76                Buzzer::~Buzzer()
                0x00000000c0013c9a                Buzzer::~Buzzer()
                0x00000000c0013cc4                Buzzer::stop()
                0x00000000c0013cd7                beepThread(void*)
                0x00000000c0013d12                Buzzer::beep(int, int, bool)
 .text          0x00000000c0013d80      0x467 hal/clock.32
                0x00000000c0013d80                User::loadClockSettings(int)
                0x00000000c0013dd2                Clock::Clock(char const*)
                0x00000000c0013dd2                Clock::Clock(char const*)
                0x00000000c0013e08                Clock::~Clock()
                0x00000000c0013e08                Clock::~Clock()
                0x00000000c0013e2c                Clock::~Clock()
                0x00000000c0013e56                Clock::timeInSecondsLocal()
                0x00000000c0013e9e                Clock::setTimeInSecondsLocal(unsigned long long)
                0x00000000c0013ef7                datetimeToSeconds(datetime_t)
                0x00000000c001401e                Clock::setTimeInDatetimeLocal(datetime_t)
                0x00000000c001407e                secondsToDatetime(unsigned long long)
                0x00000000c00141c2                Clock::timeInDatetimeLocal()
 *fill*         0x00000000c00141e7        0x1 
 .text          0x00000000c00141e8      0x4de hal/device.32
                0x00000000c00141e8                Device::hibernate()
                0x00000000c00141ea                Device::wake()
                0x00000000c00141ec                Device::detect()
                0x00000000c00141ee                Device::disableLegacy()
                0x00000000c00141f0                Device::powerSaving(PowerSavingLevel)
                0x00000000c00141f2                DriverlessDevice::close(int, int, void*)
                0x00000000c00141f6                DriverlessDevice::detect()
                0x00000000c00141f8                DriverlessDevice::open(int, int, void*)
                0x00000000c001420c                Device::~Device()
                0x00000000c001420c                Device::~Device()
                0x00000000c001421a                Device::~Device()
                0x00000000c0014242                Device::findAndLoadDriver()
                0x00000000c0014244                Device::preOpenPCI(PCIDeviceInfo)
                0x00000000c001426a                Device::preOpenACPI(void*, char*, char*)
                0x00000000c00142be                Device::addIRQHandler(int, void (*)(regs*, void*), bool, void*)
                0x00000000c00142fc                Device::removeIRQHandler(int, void (*)(regs*, void*), bool)
                0x00000000c001433a                Device::addChild(Device*)
                0x00000000c001437e                Device::removeAllChildren()
                0x00000000c00143c4                Device::hibernateAll()
                0x00000000c00143f4                Device::wakeAll()
                0x00000000c0014424                Device::detectAll()
                0x00000000c0014454                Device::disableLegacyAll()
                0x00000000c0014484                Device::loadDriversForAll()
                0x00000000c00144b0                Device::closeAll()
                0x00000000c00144e6                Device::powerSavingAll(PowerSavingLevel)
                0x00000000c001451c                Device::setName(char const*)
                0x00000000c001452a                Device::Device(char const*)
                0x00000000c001452a                Device::Device(char const*)
                0x00000000c0014626                Device::getName()
                0x00000000c0014630                DriverlessDevice::DriverlessDevice(char const*)
                0x00000000c0014630                DriverlessDevice::DriverlessDevice(char const*)
                0x00000000c0014658                Device::addToLinkedList(LinkedList<Device>&, DeviceType)
                0x00000000c001469c                getDevicesOfType(DeviceType)
 .text          0x00000000c00146c6       0x84 hal/diskctrl.32
                0x00000000c00146c6                HardDiskController::HardDiskController(char const*)
                0x00000000c00146c6                HardDiskController::HardDiskController(char const*)
                0x00000000c00146fc                HardDiskController::~HardDiskController()
                0x00000000c00146fc                HardDiskController::~HardDiskController()
                0x00000000c0014720                HardDiskController::~HardDiskController()
 .text          0x00000000c001474a       0xf2 hal/diskphys.32
                0x00000000c001474a                PhysicalDisk::eject()
                0x00000000c001475e                PhysicalDisk::PhysicalDisk(char const*, int)
                0x00000000c001475e                PhysicalDisk::PhysicalDisk(char const*, int)
                0x00000000c00147c6                PhysicalDisk::startCache()
                0x00000000c00147ee                PhysicalDisk::~PhysicalDisk()
                0x00000000c00147ee                PhysicalDisk::~PhysicalDisk()
                0x00000000c0014812                PhysicalDisk::~PhysicalDisk()
 .text          0x00000000c001483c      0x13b hal/fpu.32
                0x00000000c001483c                FPU::FPU(char const*)
                0x00000000c001483c                FPU::FPU(char const*)
                0x00000000c0014872                FPU::~FPU()
                0x00000000c0014872                FPU::~FPU()
                0x00000000c0014896                FPU::~FPU()
                0x00000000c00148c0                setupFPU()
 *fill*         0x00000000c0014977        0x1 
 .text          0x00000000c0014978     0x13b7 hal/intctrl.32
                0x00000000c0014978                InterruptController::uninstallISRHandler(int, void (*)(regs*, void*))
                0x00000000c00149b0                InterruptController::installISRHandler(int, void (*)(regs*, void*), void*)
                0x00000000c0014a02                doubleFault(regs*, void*)
                0x00000000c0014a1c                InterruptController::installIRQHandler(int, void (*)(regs*, void*), bool, void*)
                0x00000000c0014ab8                InterruptController::clearAllHandlers(int, bool)
                0x00000000c0014b60                InterruptController::uninstallIRQHandler(int, void (*)(regs*, void*), bool)
                0x00000000c0014be7                nmiHandler(regs*, void*)
                0x00000000c0014bf5                int_handler
                0x00000000c0014c96                InterruptController::InterruptController(char const*)
                0x00000000c0014c96                InterruptController::InterruptController(char const*)
                0x00000000c0014d3c                InterruptController::~InterruptController()
                0x00000000c0014d3c                InterruptController::~InterruptController()
                0x00000000c0014d60                InterruptController::~InterruptController()
                0x00000000c0014d8a                displayDebugInfo(regs*)
                0x00000000c0015219                x87EmulHandler(regs*, void*)
                0x00000000c0015248                gpFault(regs*, void*)
                0x00000000c0015281                pgFault(regs*, void*)
                0x00000000c00152cd                otherISRHandler(regs*, void*)
                0x00000000c00152ec                opcodeFault(regs*, void*)
                0x00000000c00158f2                displayProgramFault(char const*)
                0x00000000c001591a                setupInterruptController()
                0x00000000c0015ce2                InterruptController::convertLegacyIRQNumber(int)
 *fill*         0x00000000c0015d2f        0x1 
 .text          0x00000000c0015d30      0x6c8 hal/keybrd.32
                0x00000000c0015d30                startGUI(void*)
                0x00000000c0015d8c                startGUIVESA(void*)
                0x00000000c0015de8                sendKeyToTerminal(unsigned char)
                0x00000000c0015e54                sendKeyboardToken(KeyboardToken)
                0x00000000c0016291                clearInternalKeybuffer(VgaText*)
                0x00000000c00162c6                readKeyboard(VgaText*, char*, unsigned long)
                0x00000000c001636e                Keyboard::Keyboard(char const*)
                0x00000000c001636e                Keyboard::Keyboard(char const*)
                0x00000000c00163aa                Keyboard::~Keyboard()
                0x00000000c00163aa                Keyboard::~Keyboard()
                0x00000000c00163ce                Keyboard::~Keyboard()
 .text          0x00000000c00163f8      0x414 hal/logidisk.32
                0x00000000c00163f8                LogicalDisk::close(int, int, void*)
                0x00000000c00163fc                LogicalDisk::~LogicalDisk()
                0x00000000c00163fc                LogicalDisk::~LogicalDisk()
                0x00000000c0016420                LogicalDisk::~LogicalDisk()
                0x00000000c001644a                LogicalDisk::open(int, int, void*)
                0x00000000c001645e                LogicalDisk::absoluteToRelative(unsigned long long)
                0x00000000c0016496                LogicalDisk::relativeToAbsolute(unsigned long long)
                0x00000000c00164dc                LogicalDisk::LogicalDisk(char const*, PhysicalDisk*, unsigned long long, unsigned long long)
                0x00000000c00164dc                LogicalDisk::LogicalDisk(char const*, PhysicalDisk*, unsigned long long, unsigned long long)
                0x00000000c0016592                LogicalDisk::assignDriveLetter()
                0x00000000c0016648                LogicalDisk::mount()
                0x00000000c00166ba                LogicalDisk::unmount()
                0x00000000c00166ca                LogicalDisk::eject()
                0x00000000c00166de                LogicalDisk::unassignDriveLetter()
                0x00000000c0016734                LogicalDisk::read(unsigned long long, int, void*)
                0x00000000c00167a0                LogicalDisk::write(unsigned long long, int, void*)
 .text          0x00000000c001680c       0x84 hal/mouse.32
                0x00000000c001680c                Mouse::Mouse(char const*)
                0x00000000c001680c                Mouse::Mouse(char const*)
                0x00000000c0016842                Mouse::~Mouse()
                0x00000000c0016842                Mouse::~Mouse()
                0x00000000c0016866                Mouse::~Mouse()
 .text          0x00000000c0016890      0x34d hal/partition.32
                0x00000000c0016890                makePartition(PhysicalDisk*, unsigned long long, unsigned long long)
                0x00000000c001694c                createPartitionsForDisk(PhysicalDisk*)
 *fill*         0x00000000c0016bdd        0x1 
 .text          0x00000000c0016bde       0x84 hal/serial.32
                0x00000000c0016bde                Serial::Serial(char const*)
                0x00000000c0016bde                Serial::Serial(char const*)
                0x00000000c0016c14                Serial::~Serial()
                0x00000000c0016c14                Serial::~Serial()
                0x00000000c0016c38                Serial::~Serial()
 .text          0x00000000c0016c62      0x2b8 hal/timer.32
                0x00000000c0016c62                Timer::Timer(char const*)
                0x00000000c0016c62                Timer::Timer(char const*)
                0x00000000c0016c98                Timer::~Timer()
                0x00000000c0016c98                Timer::~Timer()
                0x00000000c0016cbc                Timer::~Timer()
                0x00000000c0016ce6                Timer::read()
                0x00000000c0016cf1                timerHandler(unsigned long long)
                0x00000000c0016e28                setupTimer(int)
 .text          0x00000000c0016f1a      0x425 hal/vcache.32
                0x00000000c0016f1a                VCache::VCache(PhysicalDisk*)
                0x00000000c0016f1a                VCache::VCache(PhysicalDisk*)
                0x00000000c0017082                VCache::invalidateReadBuffer()
                0x00000000c0017092                VCache::writeWriteBuffer()
                0x00000000c00170ce                VCache::~VCache()
                0x00000000c00170ce                VCache::~VCache()
                0x00000000c0017122                VCache::~VCache()
                0x00000000c001714a                VCache::write(unsigned long long, int, void*)
                0x00000000c0017240                VCache::read(unsigned long long, int, void*)
 *fill*         0x00000000c001733f        0x1 
 .text          0x00000000c0017340      0x4cd hal/video.32
                0x00000000c0017340                Video::putrect(int, int, int, int, unsigned int)
                0x00000000c001738c                Video::bitblit(int, int, int, int, int, int, int, unsigned int*)
                0x00000000c00173fc                Video::blit(unsigned int*, int, int, int, int)
                0x00000000c001747a                Video::clearScreen(unsigned int)
                0x00000000c00174ae                Video::putpixel(int, int, unsigned int)
                0x00000000c00174bc                Video::Video(char const*)
                0x00000000c00174bc                Video::Video(char const*)
                0x00000000c00174f2                Video::~Video()
                0x00000000c00174f2                Video::~Video()
                0x00000000c0017516                Video::~Video()
                0x00000000c0017540                Video::isMonochrome()
                0x00000000c001754c                Video::getWidth()
                0x00000000c0017558                Video::getHeight()
                0x00000000c0017564                Video::drawCursor(int, int, unsigned char*, int)
                0x00000000c0017620                Video::tgaParse(unsigned char*, int, int*, int*)
                0x00000000c00177a2                Video::putTGA(int, int, unsigned char*, int)
 *fill*         0x00000000c001780d        0x1 
 .text          0x00000000c001780e      0xf64 hw/acpi.32
                0x00000000c001780e                ACPI::close(int, int, void*)
                0x00000000c00178c3                findRSDP()
                0x00000000c001794d                loadACPITables(unsigned char*)
                0x00000000c0017b74                findRSDT(unsigned char*)
                0x00000000c0017c92                findDataTable(unsigned char*, char*)
                0x00000000c0017d2e                scanMADT()
                0x00000000c00181b4                ACPI::ACPI()
                0x00000000c00181b4                ACPI::ACPI()
                0x00000000c001821e                ACPI::getPCIIRQAssignment(unsigned char, unsigned short, unsigned char)
                0x00000000c0018300                ACPI::registerPCIIRQAssignment(void*, unsigned short, unsigned char, unsigned char)
                0x00000000c00183c6                ACPI::setScreenBrightnessLevel(void*, int)
                0x00000000c00183cc                ACPI::writeSimpleBootFlag(SimpleBootFlagTable*)
                0x00000000c0018414                ACPI::open(int, int, void*)
                0x00000000c001875a                ACPI::sleep()
 .text          0x00000000c0018772     0x1715 hw/cpu.32
                0x00000000c0018772                CPU::close(int, int, void*)
                0x00000000c0018776                CPU::lookupAMDName(unsigned char, unsigned char)
                0x00000000c001890a                CPU::lookupIntelName(unsigned char, unsigned char)
                0x00000000c0018bb8                CPU::AMD_K6_write_msr(unsigned int, unsigned int, unsigned int, CPU::REGS*)
                0x00000000c0018bd4                CPU::AMD_K6_read_msr(unsigned int, CPU::REGS*)
                0x00000000c0018bec                CPU::AMD_K6_writeback(int, int, int)
                0x00000000c0018c60                CPU::cpuid(int, unsigned long*, unsigned long*, unsigned long*, unsigned long*)
                0x00000000c0018ce4                CPU::cpuidCheckEDX(unsigned int)
                0x00000000c0018d12                CPU::cpuidCheckECX(unsigned int)
                0x00000000c0018d40                CPU::cpuidCheckExtendedEBX(unsigned int)
                0x00000000c0018d6e                CPU::cpuidCheckExtendedECX(unsigned int)
                0x00000000c0018d9c                CPU::CPU()
                0x00000000c0018d9c                CPU::CPU()
                0x00000000c0018e2a                CPU::displayFeatures()
                0x00000000c00190a6                CPU::detectFeatures()
                0x00000000c0019a96                CPU::setupSMEP()
                0x00000000c0019aa2                CPU::setupUMIP()
                0x00000000c0019aac                CPU::setupTSC()
                0x00000000c0019ab6                CPU::setupLargePages()
                0x00000000c0019ac0                CPU::setupPAT()
                0x00000000c0019afc                CPU::setupMTRR()
                0x00000000c0019afe                CPU::setupGlobalPages()
                0x00000000c0019b08                CPU::allowUsermodeDataAccess()
                0x00000000c0019b1a                CPU::prohibitUsermodeDataAccess()
                0x00000000c0019b2c                CPU::setupSMAP()
                0x00000000c0019b3a                CPU::setupFeatures()
                0x00000000c0019bba                CPU::open(int, int, void*)
                0x00000000c0019c8c                CPU::decodeAddress(regs*, int*, bool*, unsigned char*)
 .text          0x00000000c0019e87        0x0 hw/ports.32
 .text          0x00000000c0019e87      0x16a hw/smp.32
                0x00000000c0019e87                Krnl::smpEntry()
                0x00000000c0019e89                Krnl::startCPU(int)
                0x00000000c0019fd2                Krnl::startCPUs()
 *fill*         0x00000000c0019ff1        0x1 
 .text          0x00000000c0019ff2      0x5d3 krnl/env.32
                0x00000000c0019ff2                EnvVarContainer::getEnv(char const*)
                0x00000000c001a030                EnvVarContainer::setEnv(char const*, char const*)
                0x00000000c001a0fc                EnvVarContainer::deleteEnv(char const*)
                0x00000000c001a0fe                EnvVarContainer::loadFrom(char const*, char const*)
                0x00000000c001a2f4                EnvVarContainer::__loadSystem()
                0x00000000c001a30e                EnvVarContainer::__loadUser()
                0x00000000c001a310                EnvVarContainer::EnvVarContainer(Process*)
                0x00000000c001a310                EnvVarContainer::EnvVarContainer(Process*)
                0x00000000c001a332                EnvVarContainer::~EnvVarContainer()
                0x00000000c001a332                EnvVarContainer::~EnvVarContainer()
                0x00000000c001a362                Krnl::getEnv(Process*, char const*)
                0x00000000c001a3c7                Krnl::setEnvSystem(char const*, char const*)
                0x00000000c001a3e1                Krnl::setEnvUser(char const*, char const*)
                0x00000000c001a400                Krnl::setEnvProcess(Process*, char const*, char const*)
                0x00000000c001a413                Krnl::deleteEnvSystem(char const*)
                0x00000000c001a414                Krnl::deleteEnvUser(char const*)
                0x00000000c001a415                Krnl::deleteEnvProcess(Process*, char const*)
                0x00000000c001a416                Krnl::newProcessEnv(Process*)
                0x00000000c001a438                Krnl::copyProcessEnv(Process*, Process*)
                0x00000000c001a48c                Krnl::loadSystemEnv()
                0x00000000c001a4ba                Krnl::loadUserEnv()
                0x00000000c001a4e0                Krnl::flushEnv()
                0x00000000c001a4e1                Krnl::getProcessTotalEnvCount(Process*)
                0x00000000c001a501                Krnl::getProcessEnvPair(Process*, int)
 .text          0x00000000c001a5c5      0x396 krnl/panic.32
                0x00000000c001a5c5                Krnl::panic(char const*)
 .text          0x00000000c001a95b      0x3b6 net/ethernet.32
                0x00000000c001a95b                Net::switchEndian16(unsigned short)
                0x00000000c001a97c                Net::switchEndian32(unsigned int)
                0x00000000c001a9ab                Net::crc32Calc(unsigned char*, int)
                0x00000000c001aa3c                Net::wrapEthernetFrame(Net::UnwrappedEthernetFrame, unsigned char*)
                0x00000000c001ab78                Net::unwrapEthernetFrame(unsigned char*, int)
 .text          0x00000000c001ad11      0x513 reg/registry.32
                0x00000000c001ad11                Reg::findLineFromLoadedData(char*, char*, char*)
                0x00000000c001ae69                Reg::getLineFromRegistry(char*, char*, char*, char*)
                0x00000000c001afbe                Reg::getLine(char*, char*, char*)
                0x00000000c001aff5                Reg::readInt(char*, char*, int*)
                0x00000000c001b0e0                Reg::readString(char*, char*, char*, int)
                0x00000000c001b161                Reg::readBool(char*, char*, bool*)
                0x00000000c001b186                Reg::readBoolWithDefault(char*, char*, bool)
                0x00000000c001b1b2                Reg::readIntWithDefault(char*, char*, int)
                0x00000000c001b1de                Reg::readStringWithDefault(char*, char*, char*, int, char*)
 .text          0x00000000c001b224       0x36 sys/sc_eject.32
                0x00000000c001b224                Sys::eject(regs*)
 .text          0x00000000c001b25a       0x18 sys/sc_exit.32
                0x00000000c001b25a                Sys::exit(regs*)
 .text          0x00000000c001b272       0x1f sys/sc_getcwd.32
                0x00000000c001b272                Sys::getCwd(regs*)
 .text          0x00000000c001b291        0xc sys/sc_getpid.32
                0x00000000c001b291                Sys::getPID(regs*)
 .text          0x00000000c001b29d       0x17 sys/sc_getramdata.32
                0x00000000c001b29d                Sys::getRAMData(regs*)
 .text          0x00000000c001b2b4       0xa8 sys/sc_loaddll.32
                0x00000000c001b2b4                Sys::loadDLL(regs*)
 .text          0x00000000c001b35c       0x68 sys/sc_read.32
                0x00000000c001b35c                Sys::read(regs*)
 .text          0x00000000c001b3c4       0x9f sys/sc_sbrk.32
                0x00000000c001b3c4                Sys::sbrk(regs*)
 .text          0x00000000c001b463       0x1c sys/sc_setcwd.32
                0x00000000c001b463                Sys::setCwd(regs*)
 .text          0x00000000c001b47f      0x128 sys/sc_settime.32
                0x00000000c001b47f                Sys::setTime(regs*)
 .text          0x00000000c001b5a7       0x4a sys/sc_timezone.32
                0x00000000c001b5a7                Sys::timezone(regs*)
 .text          0x00000000c001b5f1       0x68 sys/sc_write.32
                0x00000000c001b5f1                Sys::write(regs*)
 .text          0x00000000c001b659       0x62 sys/sc_wsbe.32
                0x00000000c001b659                Sys::wsbe(regs*)
 .text          0x00000000c001b6bb       0x3b sys/sc_yield.32
                0x00000000c001b6bb                Sys::yield(regs*)
 .text          0x00000000c001b6f6     0x10e5 sys/syscalls.32
                0x00000000c001b6f6                sysCallSeekDir(regs*)
                0x00000000c001b6fb                sysCallTellDir(regs*)
                0x00000000c001b700                sysCallVerify(regs*)
                0x00000000c001b70a                sysFormatDisk(regs*)
                0x00000000c001b774                sysSetDiskVolumeLabel(regs*)
                0x00000000c001b7ba                sysGetDiskVolumeLabel(regs*)
                0x00000000c001b80b                sysShutdown(regs*)
                0x00000000c001b869                sysCallRealpath(regs*)
                0x00000000c001b8ac                sysCallGetArgc(regs*)
                0x00000000c001b8da                sysCallReadDir(regs*)
                0x00000000c001b968                sysCallIsATTY(regs*)
                0x00000000c001b9c2                sysCallSeek(regs*)
                0x00000000c001ba2b                sysCallTell(regs*)
                0x00000000c001baa8                sysCallSize(regs*)
                0x00000000c001bb2b                sysCallSizeFromFilename(regs*)
                0x00000000c001bbeb                sysCallClose(regs*)
                0x00000000c001bc73                sysCallOpenDir(regs*)
                0x00000000c001bce8                sysCallCloseDir(regs*)
                0x00000000c001bd4e                sysCallMakeDir(regs*)
                0x00000000c001bdbe                sysCallWait(regs*)
                0x00000000c001bdd8                sysCallNotImpl(regs*)
                0x00000000c001bdf3                sysPanic(regs*)
                0x00000000c001be19                sysCallRmdir(regs*)
                0x00000000c001be7d                sysCallUnlink(regs*)
                0x00000000c001bee1                sysCallGetArgv(regs*)
                0x00000000c001bf2d                sysCallTTYName(regs*)
                0x00000000c001bfb0                sysCallUSleep(regs*)
                0x00000000c001bfd7                sysCallSpawn(regs*)
                0x00000000c001c02f                sysCallGetEnv(regs*)
                0x00000000c001c167                sysAppSettings(regs*)
                0x00000000c001c286                sysSetFatAttrib(regs*)
                0x00000000c001c2f8                sysPipe(regs*)
                0x00000000c001c33d                sysGetUnixTime(regs*)
                0x00000000c001c351                string_ends_with(char const*, char const*)
                0x00000000c001c399                sysCallOpen(regs*)
                0x00000000c001c5ae                Sys::loadSyscalls()
                0x00000000c001c799                Sys::systemCall(regs*, void*)
 .text          0x00000000c001c7db     0x11d4 thr/elf.32
                0x00000000c001c7db                Thr::allocateMemoryForTask(Process*, File*, unsigned long, unsigned long, unsigned long)
                0x00000000c001ca6d                Thr::loadProgramIntoMemory(Process*, char const*)
                0x00000000c001cc83                Thr::runtimeReferenceHelper()
                0x00000000c001cc96                Thr::getAddressOfKernelSymbol(char const*)
                0x00000000c001cce5                Thr::loadKernelSymbolTable(char const*)
                0x00000000c001cfa3                Thr::loadDriverIntoMemory(char const*, unsigned long, bool)
                0x00000000c001d6bf                Thr::getDriverBaseFromAddress(unsigned long)
                0x00000000c001d6f1                Thr::getDriverNameFromAddress(unsigned long)
                0x00000000c001d728                Thr::getDriverOffsetFromAddress(unsigned long)
                0x00000000c001d742                Thr::loadDLL(char const*, bool)
                0x00000000c001d976                Thr::executeDLL(unsigned long, void*)
 *fill*         0x00000000c001d9af        0x1 
 .text          0x00000000c001d9b0     0x1056 thr/prcssthr.32
                0x00000000c001d9b0                changeTSS
                0x00000000c001d9e0                Process::addArgs(char**)
                0x00000000c001da3a                Process::Process(char const*, Process*, char**)
                0x00000000c001da3a                Process::Process(char const*, Process*, char**)
                0x00000000c001dc1e                Process::Process(bool, char const*, Process*, char**)
                0x00000000c001dc1e                Process::Process(bool, char const*, Process*, char**)
                0x00000000c001ddcd                disableIRQs()
                0x00000000c001ddd5                getIRQNestingLevel()
                0x00000000c001dddb                enableIRQs()
                0x00000000c001ddea                lockScheduler()
                0x00000000c001ddec                unlockScheduler()
                0x00000000c001ddee                userModeEntryPoint(void*)
                0x00000000c001de11                lockStuff()
                0x00000000c001de1d                taskStartupFunction
                0x00000000c001de26                updateTimeUsed()
                0x00000000c001de8b                switchToThread(ThreadControlBlock*)
                0x00000000c001dedc                Semaphore::Semaphore(int)
                0x00000000c001dedc                Semaphore::Semaphore(int)
                0x00000000c001df0a                Mutex::Mutex()
                0x00000000c001df0a                Mutex::Mutex()
                0x00000000c001df1c                Process::createThread(void (*)(void*), void*, int)
                0x00000000c001e000                Process::createUserThread()
                0x00000000c001e01c                setupMultitasking(void (*)())
                0x00000000c001e126                schedule()
                0x00000000c001e1ab                unlockStuff()
                0x00000000c001e1e0                Semaphore::tryAcquire()
                0x00000000c001e20e                Semaphore::assertLocked(char const*)
                0x00000000c001e23e                blockTaskWithSchedulerLockAlreadyHeld(TaskState)
                0x00000000c001e280                blockTask(TaskState)
                0x00000000c001e2a1                waitTask(int, int*, int)
                0x00000000c001e2e3                nanoSleepUntil(unsigned long long)
                0x00000000c001e33a                nanoSleep(unsigned long long)
                0x00000000c001e34f                sleep(unsigned long long)
                0x00000000c001e36c                Semaphore::acquire()
                0x00000000c001e3d4                taskReturned
                0x00000000c001e402                unblockTask(ThreadControlBlock*)
                0x00000000c001e4b1                cleanupTerminatedTask(ThreadControlBlock*)
                0x00000000c001e77a                cleanerTaskFunction(void*)
                0x00000000c001e82d                terminateTask(int)
                0x00000000c001e90d                Thr::terminateFromIRQ(int)
                0x00000000c001e91a                Semaphore::release()
 .text          0x00000000c001ea06      0xc26 vm86/vm8086.32
                0x00000000c001ea06                Vm::inbv(unsigned short)
                0x00000000c001ea19                Vm::outbv(unsigned short, unsigned char)
                0x00000000c001ea6c                Vm::realToLinear(unsigned short, unsigned short)
                0x00000000c001ea7c                Vm::getSegment(unsigned int)
                0x00000000c001ea84                Vm::getOffset(unsigned int)
                0x00000000c001ea89                Vm::mainloop2()
                0x00000000c001eac4                Vm::mainVm8086Loop(void*)
                0x00000000c001ead1                Vm::mainloop3(unsigned long)
                0x00000000c001eafb                Vm::initialise8086()
                0x00000000c001eb3e                Vm::finish8086()
                0x00000000c001eb83                Vm::getOutput8086(unsigned char*)
                0x00000000c001ebad                Vm::start8086(char const*, unsigned short, unsigned short, unsigned short, unsigned short)
                0x00000000c001ecfd                Vm::doISR(regs*, int, unsigned char*, unsigned short, unsigned short)
                0x00000000c001ed87                Vm::readByteFromReal(unsigned short, unsigned short)
                0x00000000c001ed98                Vm::readWordFromReal(unsigned short, unsigned short)
                0x00000000c001edaa                Vm::readDwordFromReal(unsigned short, unsigned short)
                0x00000000c001edbb                Vm::writeByteFromReal(unsigned short, unsigned short, unsigned char)
                0x00000000c001edd0                Vm::writeWordFromReal(unsigned short, unsigned short, unsigned short)
                0x00000000c001ede6                Vm::writeDwordFromReal(unsigned short, unsigned short, unsigned int)
                0x00000000c001edfb                Vm::faultHandler(regs*)
 .text          0x00000000c001f62c      0xefd vm86/x87em.32
                0x00000000c001f62c                Vm::fpuInternalTo32(unsigned long long)
                0x00000000c001f687                Vm::fpuInternalTo64(unsigned long long)
                0x00000000c001f690                Vm::fpu32ToInternal(unsigned int)
                0x00000000c001f6d5                Vm::fpu64ToInternal(unsigned long long)
                0x00000000c001f6de                Vm::fpuFloatToLong(unsigned long long)
                0x00000000c001f739                Vm::fpuULongToFloat(unsigned long long)
                0x00000000c001f76f                Vm::fpuLongToFloat(long long)
                0x00000000c001f7c5                Vm::fpuGet0()
                0x00000000c001f7ca                Vm::fpuGet1()
                0x00000000c001f7d2                Vm::fpuGetPi()
                0x00000000c001f7da                Vm::fpuGetLog2E()
                0x00000000c001f7f2                Vm::fpuGetLogE2()
                0x00000000c001f80a                Vm::fpuGetLog210()
                0x00000000c001f822                Vm::fpuGetLog102()
                0x00000000c001f83a                Vm::fpuIsSecondLarger(unsigned long long, unsigned long long)
                0x00000000c001f84e                Vm::fpuAreEqual(unsigned long long, unsigned long long)
                0x00000000c001f864                Vm::fpuUnorderedCompare(unsigned long long, unsigned long long)
                0x00000000c001f8b7                Vm::fpuAdd(unsigned long long, unsigned long long)
                0x00000000c001f8c8                Vm::fpuAbs(unsigned long long)
                0x00000000c001f8d1                Vm::fpuChs(unsigned long long)
                0x00000000c001f8e1                Vm::fpuSub(unsigned long long, unsigned long long)
                0x00000000c001f8f0                Vm::fpuMultiply(unsigned long long, unsigned long long)
                0x00000000c001f90f                Vm::fpuDivide(unsigned long long, unsigned long long)
                0x00000000c001f92b                Vm::fpuSquare(unsigned long long)
                0x00000000c001f941                Vm::fpuGetReg(int)
                0x00000000c001f984                Vm::fpuSetReg(int, unsigned long long)
                0x00000000c001f9cf                Vm::fpuPush(unsigned long long)
                0x00000000c001fa2c                Vm::fpuPop()
                0x00000000c001fa7e                Vm::x87Handler(regs*)
 *fill*         0x00000000c0020529        0x1 
 .text          0x00000000c002052a     0x10ed fs/fat/vfslink.32
                0x00000000c002052a                FAT::getName()
                0x00000000c0020530                FAT::tell(void*, unsigned long long*)
                0x00000000c0020564                FAT::stat(void*, unsigned long long*)
                0x00000000c0020598                FAT::~FAT()
                0x00000000c0020598                FAT::~FAT()
                0x00000000c00205bc                FAT::~FAT()
                0x00000000c00205e4                FAT::getlabel(LogicalDisk*, int, char*, unsigned int*)
                0x00000000c0020682                FAT::setlabel(LogicalDisk*, int, char*)
                0x00000000c002073c                FAT::format(LogicalDisk*, int, char const*, int)
                0x00000000c0020920                FAT::tryMount(LogicalDisk*, int)
                0x00000000c0020b26                FAT::readDir(void*, unsigned long, void*, int*)
                0x00000000c0020c2c                FAT::read(void*, unsigned long, void*, int*)
                0x00000000c0020c86                FAT::write(void*, unsigned long, void*, int*)
                0x00000000c0020ce0                FAT::close(void*)
                0x00000000c0020d2c                FAT::closeDir(void*)
                0x00000000c0020d78                FAT::seek(void*, unsigned long long)
                0x00000000c0020dcc                fatWrapperReadDisk
                0x00000000c0020e13                fatWrapperWriteDisk
                0x00000000c0020e5a                fatWrapperIoctl
                0x00000000c0020f5e                FAT::FAT()
                0x00000000c0020f5e                FAT::FAT()
                0x00000000c0020fb0                FAT::fixFilepath(char*)
                0x00000000c0020fe8                FAT::open(char const*, void**, FileOpenMode)
                0x00000000c0021110                FAT::openDir(char const*, void**)
                0x00000000c00211b6                FAT::stat(char const*, unsigned long long*, bool*)
                0x00000000c00212a0                FAT::unlink(char const*)
                0x00000000c002131a                FAT::chfatattr(char const*, unsigned char, unsigned char)
                0x00000000c002146e                FAT::rename(char const*, char const*)
                0x00000000c0021532                FAT::mkdir(char const*)
                0x00000000c00215ac                FAT::exists(char const*)
 *fill*         0x00000000c0021617        0x1 
 .text          0x00000000c0021618      0xbc1 fs/iso9660/vfslink.32
                0x00000000c0021618                ISO9660::format(LogicalDisk*, int, char const*, int)
                0x00000000c002161e                ISO9660::seek(void*, unsigned long long)
                0x00000000c002164e                ISO9660::tell(void*, unsigned long long*)
                0x00000000c0021672                ISO9660::getName()
                0x00000000c0021678                ISO9660::stat(void*, unsigned long long*)
                0x00000000c002169c                ISO9660::chfatattr(char const*, unsigned char, unsigned char)
                0x00000000c00216a2                ISO9660::unlink(char const*)
                0x00000000c00216a8                ISO9660::write(void*, unsigned long, void*, int*)
                0x00000000c00216ae                ISO9660::rename(char const*, char const*)
                0x00000000c00216b4                ISO9660::mkdir(char const*)
                0x00000000c00216ba                ISO9660::close(void*)
                0x00000000c00216dc                ISO9660::closeDir(void*)
                0x00000000c00216fe                ISO9660::~ISO9660()
                0x00000000c00216fe                ISO9660::~ISO9660()
                0x00000000c0021722                ISO9660::~ISO9660()
                0x00000000c0021749                __memmem(unsigned char*, int, unsigned char*, int)
                0x00000000c002178b                readSectorFromCDROM(unsigned int, unsigned char*, char)
                0x00000000c00217f2                ISO9660::tryMount(LogicalDisk*, int)
                0x00000000c0021842                ISO9660::read(void*, unsigned long, void*, int*)
                0x00000000c0021a42                ISO9660::readDir(void*, unsigned long, void*, int*)
                0x00000000c0021ccf                readRoot(unsigned int*, unsigned int*, char)
                0x00000000c0021d24                readRecursively(char*, unsigned int, unsigned int, unsigned int*, unsigned int*, char, int*)
                0x00000000c0021ef7                getFileData(char*, unsigned int*, unsigned int*, char, int*)
                0x00000000c0021f86                ISO9660::open(char const*, void**, FileOpenMode)
                0x00000000c0022046                ISO9660::exists(char const*)
                0x00000000c002206a                ISO9660::stat(char const*, unsigned long long*, bool*)
                0x00000000c00220fe                ISO9660::openDir(char const*, void**)
                0x00000000c00221b6                ISO9660::ISO9660()
                0x00000000c00221b6                ISO9660::ISO9660()
 *fill*         0x00000000c00221d9        0x1 
 .text          0x00000000c00221da      0x326 hal/sound/sndchannel.32
                0x00000000c00221da                SoundChannel::~SoundChannel()
                0x00000000c00221da                SoundChannel::~SoundChannel()
                0x00000000c00221f6                SoundChannel::setSpeed(float)
                0x00000000c0022202                SoundChannel::getSpeed()
                0x00000000c002220a                SoundChannel::setVolume(int)
                0x00000000c0022226                SoundChannel::getVolume()
                0x00000000c002222e                SoundChannel::pause()
                0x00000000c0022238                SoundChannel::SoundChannel(int, int, int, int)
                0x00000000c0022238                SoundChannel::SoundChannel(int, int, int, int)
                0x00000000c002238e                SoundChannel::play()
                0x00000000c0022398                SoundChannel::paused()
                0x00000000c00223a0                SoundChannel::getSampleRate()
                0x00000000c00223a8                SoundChannel::getBits()
                0x00000000c00223b0                SoundChannel::getBufferUsed()
                0x00000000c00223b8                SoundChannel::getBufferSize()
                0x00000000c00223c0                SoundChannel::unbuffer(float*, int, int)
                0x00000000c0022460                SoundChannel::buffer8(unsigned char*, int)
 .text          0x00000000c0022500      0x3d5 hal/sound/sndhw.32
                0x00000000c0022500                SoundDevice::SoundDevice(char const*)
                0x00000000c0022500                SoundDevice::SoundDevice(char const*)
                0x00000000c002256c                SoundDevice::~SoundDevice()
                0x00000000c002256c                SoundDevice::~SoundDevice()
                0x00000000c00225e6                SoundDevice::~SoundDevice()
                0x00000000c0022610                SoundDevice::getFreeChannelNum()
                0x00000000c002262a                SoundDevice::addChannel(SoundChannel*)
                0x00000000c002269a                SoundDevice::removeChannel(int)
                0x00000000c00226cc                SoundDevice::floatTo8(float*, unsigned char*, int)
                0x00000000c00227b4                SoundDevice::getAudio(int, float*, float*)
 .text          0x00000000c00228d5        0x0 hw/bus/isa.32
 *fill*         0x00000000c00228d5        0x1 
 .text          0x00000000c00228d6      0x6c3 hw/bus/pci.32
                0x00000000c00228d6                PCI::open(int, int, void*)
                0x00000000c00228ea                PCI::close(int, int, void*)
                0x00000000c00228ee                PCI::PCI()
                0x00000000c00228ee                PCI::PCI()
                0x00000000c002296e                PCI::pciReadWord(unsigned char, unsigned char, unsigned char, unsigned char)
                0x00000000c00229b6                PCI::getVendorID(unsigned char, unsigned char, unsigned char)
                0x00000000c00229d8                PCI::getHeaderType(unsigned char, unsigned char, unsigned char)
                0x00000000c00229fc                PCI::getClassCode(unsigned char, unsigned char, unsigned char)
                0x00000000c0022a40                PCI::getProgIF(unsigned char, unsigned char, unsigned char)
                0x00000000c0022a64                PCI::getRevisionID(unsigned char, unsigned char, unsigned char)
                0x00000000c0022a86                PCI::getInterruptNumber(unsigned char, unsigned char, unsigned char)
                0x00000000c0022aa8                PCI::getSecondaryBus(unsigned char, unsigned char, unsigned char)
                0x00000000c0022acc                PCI::getBARAddress(unsigned char, unsigned char, unsigned char, unsigned char)
                0x00000000c0022b2c                PCI::pciWriteWord(unsigned char, unsigned char, unsigned char, unsigned char, unsigned short)
                0x00000000c0022b98                PCI::checkBus(unsigned char)
                0x00000000c0022bbc                PCI::foundDevice(PCIDeviceInfo)
                0x00000000c0022d2e                PCI::getDeviceData(unsigned char, unsigned char, unsigned char)
                0x00000000c0022eda                PCI::checkDevice(unsigned char, unsigned char)
                0x00000000c0022f46                PCI::detect()
 *fill*         0x00000000c0022f99        0x1 
 .text          0x00000000c0022f9a      0xc70 hw/diskctrl/ide.32
                0x00000000c0022f9a                IDE::close(int, int, void*)
                0x00000000c0022f9e                IDE::IDE()
                0x00000000c0022f9e                IDE::IDE()
                0x00000000c0022fd2                IDE::prepareInterrupt(unsigned char)
                0x00000000c0022fe4                selectDrive(unsigned char, unsigned char)
                0x00000000c0022fe6                IDE::getBase(unsigned char)
                0x00000000c0022ff8                IDE::write(unsigned char, unsigned char, unsigned char)
                0x00000000c00230b8                IDE::read(unsigned char, unsigned char)
                0x00000000c0023166                IDE::waitInterrupt(unsigned char)
                0x00000000c00231cc                ideChannel0IRQHandler(regs*, void*)
                0x00000000c00231e8                ideChannel1IRQHandler(regs*, void*)
                0x00000000c0023204                IDE::enableIRQs(unsigned char, bool)
                0x00000000c002324a                IDE::open(int, int, void*)
                0x00000000c002365a                IDE::readBuffer(unsigned char, unsigned char, unsigned int, unsigned int)
                0x00000000c0023726                IDE::detect()
                0x00000000c0023a0e                IDE::printError(unsigned char, unsigned char, unsigned char)
                0x00000000c0023ba4                IDE::polling(unsigned char, unsigned int)
 .text          0x00000000c0023c0a      0x390 hw/diskctrl/satabus.32
                0x00000000c0023c0a                SATABus::close(int, int, void*)
                0x00000000c0023c0e                SATABus::detect()
                0x00000000c0023c10                SATABus::SATABus()
                0x00000000c0023c10                SATABus::SATABus()
                0x00000000c0023cbc                SATABus::findCmdslot(SATABus::tagHBA_PORT volatile*)
                0x00000000c0023d04                SATABus::checkType(SATABus::tagHBA_PORT volatile*)
                0x00000000c0023d4c                SATABus::startCmd(SATABus::tagHBA_PORT volatile*)
                0x00000000c0023d6c                SATABus::stopCmd(SATABus::tagHBA_PORT volatile*)
                0x00000000c0023d96                SATABus::portRebase(SATABus::tagHBA_PORT volatile*, int)
                0x00000000c0023e9c                SATABus::probePort(SATABus::tagHBA_MEM volatile*)
                0x00000000c0023f7a                SATABus::open(int, int, void*)
 .text          0x00000000c0023f9a      0x63c hw/diskphys/ata.32
                0x00000000c0023f9a                ATA::close(int, int, void*)
                0x00000000c0023fbe                ATA::powerSaving(PowerSavingLevel)
                0x00000000c0023fc0                ATA::ATA()
                0x00000000c0023fc0                ATA::ATA()
                0x00000000c0023fee                ATA::flush(bool)
                0x00000000c0024038                ATA::readyForCommand()
                0x00000000c0024088                ATA::access(unsigned long long, int, void*, bool)
                0x00000000c0024410                ATA::read(unsigned long long, int, void*)
                0x00000000c0024478                ATA::write(unsigned long long, int, void*)
                0x00000000c00244e0                ATA::detectCHS()
                0x00000000c002450a                ATA::open(int, int, void*)
 .text          0x00000000c00245d6      0x5bd hw/diskphys/atapi.32
                0x00000000c00245d6                ATAPI::write(unsigned long long, int, void*)
                0x00000000c00245dc                ATAPI::close(int, int, void*)
                0x00000000c0024600                ATAPI::ATAPI()
                0x00000000c0024600                ATAPI::ATAPI()
                0x00000000c002462e                ATAPI::readyForCommand()
                0x00000000c002467e                ATAPI::sendPacket(unsigned char*, int, bool, unsigned short*, int)
                0x00000000c002493e                ATAPI::diskRemoved()
                0x00000000c002495a                ATAPI::eject()
                0x00000000c00249a2                ATAPI::diskInserted()
                0x00000000c00249d0                ATAPI::detectMedia()
                0x00000000c0024a8c                ATAPI::open(int, int, void*)
                0x00000000c0024b14                ATAPI::read(unsigned long long, int, void*)
 *fill*         0x00000000c0024b93        0x1 
 .text          0x00000000c0024b94      0x455 hw/diskphys/sata.32
                0x00000000c0024b94                SATA::close(int, int, void*)
                0x00000000c0024bb8                SATA::powerSaving(PowerSavingLevel)
                0x00000000c0024bba                SATA::open(int, int, void*)
                0x00000000c0024c68                SATA::SATA()
                0x00000000c0024c68                SATA::SATA()
                0x00000000c0024c96                SATA::access(unsigned long long, int, void*, bool)
                0x00000000c0024efc                SATA::read(unsigned long long, int, void*)
                0x00000000c0024f64                SATA::write(unsigned long long, int, void*)
 *fill*         0x00000000c0024fe9        0x1 
 .text          0x00000000c0024fea      0x500 hw/diskphys/satapi.32
                0x00000000c0024fea                SATAPI::write(unsigned long long, int, void*)
                0x00000000c0024ff0                SATAPI::close(int, int, void*)
                0x00000000c0025014                SATAPI::SATAPI()
                0x00000000c0025014                SATAPI::SATAPI()
                0x00000000c0025042                SATAPI::diskRemoved()
                0x00000000c002505e                SATAPI::diskInserted()
                0x00000000c002508c                SATAPI::sendPacket(unsigned char*, int, unsigned long long, unsigned short*, int)
                0x00000000c0025290                SATAPI::eject()
                0x00000000c00252d8                SATAPI::detectMedia()
                0x00000000c002539a                SATAPI::open(int, int, void*)
                0x00000000c0025448                SATAPI::read(unsigned long long, int, void*)
 .text          0x00000000c00254ea       0x8e hw/fpu/avx.32
                0x00000000c00254ea                AVX::open(int, int, void*)
                0x00000000c00254fc                AVX::close(int, int, void*)
                0x00000000c002550e                AVX::available()
                0x00000000c0025520                AVX::save(void*)
                0x00000000c0025538                AVX::load(void*)
                0x00000000c0025550                AVX::AVX()
                0x00000000c0025550                AVX::AVX()
 .text          0x00000000c0025578       0x90 hw/fpu/mmx.32
                0x00000000c0025578                MMX::available()
                0x00000000c002558c                MMX::open(int, int, void*)
                0x00000000c002559e                MMX::close(int, int, void*)
                0x00000000c00255b0                MMX::save(void*)
                0x00000000c00255c8                MMX::load(void*)
                0x00000000c00255e0                MMX::MMX()
                0x00000000c00255e0                MMX::MMX()
 .text          0x00000000c0025608       0x96 hw/fpu/sse.32
                0x00000000c0025608                SSE::open(int, int, void*)
                0x00000000c002561a                SSE::close(int, int, void*)
                0x00000000c002562c                SSE::available()
                0x00000000c0025646                SSE::save(void*)
                0x00000000c002565e                SSE::load(void*)
                0x00000000c0025676                SSE::SSE()
                0x00000000c0025676                SSE::SSE()
 .text          0x00000000c002569e       0x8e hw/fpu/x87.32
                0x00000000c002569e                x87::open(int, int, void*)
                0x00000000c00256b0                x87::close(int, int, void*)
                0x00000000c00256c2                x87::available()
                0x00000000c00256d4                x87::save(void*)
                0x00000000c00256ec                x87::load(void*)
                0x00000000c0025704                x87::x87()
                0x00000000c0025704                x87::x87()
 .text          0x00000000c002572c      0x71e hw/intctrl/apic.32
                0x00000000c002572c                APIC::disable()
                0x00000000c002572e                APIC::close(int, int, void*)
                0x00000000c0025750                IOAPIC::close(int, int, void*)
                0x00000000c0025756                APIC::io_wait()
                0x00000000c002575c                APIC::getBase()
                0x00000000c002579e                APIC::eoi(unsigned char)
                0x00000000c00257cc                APIC::open(int, int, void*)
                0x00000000c002591a                IOAPIC::IOAPIC()
                0x00000000c002591a                IOAPIC::IOAPIC()
                0x00000000c0025942                APIC::APIC()
                0x00000000c0025942                APIC::APIC()
                0x00000000c0025a1e                IOAPIC::handlesGSIWithNumber(unsigned int)
                0x00000000c0025a50                IOAPIC::read(int)
                0x00000000c0025a78                IOAPIC::open(int, int, void*)
                0x00000000c0025b6e                IOAPIC::write(int, int)
                0x00000000c0025b9a                IOAPIC::redirect(unsigned char, unsigned long long, unsigned char, bool, bool)
                0x00000000c0025c94                APIC::installIRQHandler(int, void (*)(regs*, void*), bool, void*)
 .text          0x00000000c0025e4a      0x3d3 hw/intctrl/pic.32
                0x00000000c0025e4a                PIC::disable()
                0x00000000c0025e78                PIC::close(int, int, void*)
                0x00000000c0025e9a                PIC::PIC()
                0x00000000c0025e9a                PIC::PIC()
                0x00000000c0025f70                PIC::ioWait()
                0x00000000c0025f76                PIC::getIRQReg(int)
                0x00000000c0025fe0                PIC::eoi(unsigned char)
                0x00000000c0026072                PIC::remap()
                0x00000000c00261de                PIC::open(int, int, void*)
 *fill*         0x00000000c002621d        0x1 
 .text          0x00000000c002621e      0x25e hw/timer/apictimer.32
                0x00000000c002621e                APICTimer::close(int, int, void*)
                0x00000000c0026224                apicTimerHandler(regs*, void*)
                0x00000000c0026252                APICTimer::write(int)
                0x00000000c0026356                APICTimer::open(int, int, void*)
                0x00000000c0026454                APICTimer::APICTimer()
                0x00000000c0026454                APICTimer::APICTimer()
 .text          0x00000000c002647c      0x1a7 hw/timer/pit.32
                0x00000000c002647c                PIT::write(int)
                0x00000000c00264fa                pitHandler(regs*, void*)
                0x00000000c0026526                PIT::open(int, int, void*)
                0x00000000c0026574                PIT::close(int, int, void*)
                0x00000000c00265a4                PIT::PIT()
                0x00000000c00265a4                PIT::PIT()
 *fill*         0x00000000c0026623        0xd 
 .text          0x00000000c0026630       0x1e hw/fpu/x86/avx.32
                0x00000000c0026630                avxDetect
                0x00000000c0026636                avxSave
                0x00000000c0026637                avxLoad
                0x00000000c0026638                avxInit
                0x00000000c0026639                avxClose
                0x00000000c002663a                wouldSheSayYes
 *fill*         0x00000000c002664e        0x2 
 .text          0x00000000c0026650       0x35 hw/fpu/x86/sse.32
                0x00000000c0026650                absolutelyNoChanceInHell
                0x00000000c0026650                sseDetect
                0x00000000c0026668                sseSave
                0x00000000c002666e                sseLoad
                0x00000000c0026674                sseInit
                0x00000000c0026684                sseClose
 *fill*         0x00000000c0026685        0xb 
 .text          0x00000000c0026690       0x47 hw/fpu/x86/x87.32
                0x00000000c0026696                x87Detect
                0x00000000c00266b1                x87Save
                0x00000000c00266b7                x87Load
                0x00000000c00266bc                x87Init
                0x00000000c00266d6                x87Close
 *fill*         0x00000000c00266d7        0x1 
 .text          0x00000000c00266d8       0x25 /cygdrive/d/Users/Alex/Desktop/Toolchain/Output/bin/../lib/gcc/i386-banana/8.1.0/crtend.o
 .text          0x00000000c00266fd        0x0 crtn.32
 *fill*         0x00000000c00266fd        0x3 
 .text          0x00000000c0026700      0x14b /cygdrive/d/Users/Alex/Desktop/Toolchain/Output/bin/../lib/gcc/i386-banana/8.1.0/libkgcc.a(_divdi3.o)
                0x00000000c0026700                __divdi3
 *fill*         0x00000000c002684b        0x1 
 .text          0x00000000c002684c      0x17e /cygdrive/d/Users/Alex/Desktop/Toolchain/Output/bin/../lib/gcc/i386-banana/8.1.0/libkgcc.a(_moddi3.o)
                0x00000000c002684c                __moddi3
 *fill*         0x00000000c00269ca        0x2 
 .text          0x00000000c00269cc       0xff /cygdrive/d/Users/Alex/Desktop/Toolchain/Output/bin/../lib/gcc/i386-banana/8.1.0/libkgcc.a(_udivdi3.o)
                0x00000000c00269cc                __udivdi3
 *fill*         0x00000000c0026acb        0x1 
 .text          0x00000000c0026acc      0x11a /cygdrive/d/Users/Alex/Desktop/Toolchain/Output/bin/../lib/gcc/i386-banana/8.1.0/libkgcc.a(_umoddi3.o)
                0x00000000c0026acc                __umoddi3
 .text          0x00000000c0026be6      0x96d D:/Users/Alex/Desktop/Banana/kernel/libsoftfp.a(sfieeelib.o)
                0x00000000c0026be6                __addsf3
                0x00000000c0026ee8                __subsf3
                0x00000000c0026efc                __negsf2
                0x00000000c0026f09                __mulsf3
                0x00000000c00270cc                __divsf3
                0x00000000c00272f7                __floatsisf
                0x00000000c002736b                __floatunsisf
                0x00000000c00273ad                __fixsfsi
                0x00000000c002740f                __fixunssfsi
                0x00000000c0027440                __cmpsf2
                0x00000000c00274d5                __eqsf2