Archive member included to satisfy reference by file (symbol)

/cygdrive/d/Users/Alex/Desktop/Toolchain/Output/bin/../lib/gcc/i386-banana/8.1.0/libkgcc.a(_divdi3.o)
                              fs/fat/ff.32 (__divdi3)
/cygdrive/d/Users/Alex/Desktop/Toolchain/Output/bin/../lib/gcc/i386-banana/8.1.0/libkgcc.a(_moddi3.o)
                              compat/resolve.32 (__moddi3)
/cygdrive/d/Users/Alex/Desktop/Toolchain/Output/bin/../lib/gcc/i386-banana/8.1.0/libkgcc.a(_udivdi3.o)
                              fs/fat/ff.32 (__udivdi3)
/cygdrive/d/Users/Alex/Desktop/Toolchain/Output/bin/../lib/gcc/i386-banana/8.1.0/libkgcc.a(_umoddi3.o)
                              compat/resolve.32 (__umoddi3)
D:/Users/Alex/Desktop/Banana/kernel/libsoftfp.a(sfieeelib.o)
                              hal/libresample/src_linear.32 (__subsf3)
D:/Users/Alex/Desktop/Banana/kernel/libsoftfp.a(dfieeelib.o)
                              hal/libresample/src_linear.32 (__adddf3)
D:/Users/Alex/Desktop/Banana/kernel/libsoftfp.a(sfdfcvt.o)
                              hal/libresample/samplerate.32 (__truncdfsf2)
D:/Users/Alex/Desktop/Banana/kernel/libk/libm32.a(s_fabs.c.o)
                              hal/libresample/samplerate.32 (fabs)
D:/Users/Alex/Desktop/Banana/kernel/libk/libm32.a(s_lrint.S.o)
                              hal/libresample/samplerate.32 (lrint)
D:/Users/Alex/Desktop/Banana/kernel/libk/libm32.a(s_lrintf.S.o)
                              hal/sound/sndhw.32 (lrintf)

Discarded input sections

 .comment       0x0000000000000000       0x12 /cygdrive/d/Users/Alex/Desktop/Toolchain/Output/bin/../lib/gcc/i386-banana/8.1.0/crtbegin.o
 .comment       0x0000000000000000       0x12 acpica/utclib.32
 .comment       0x0000000000000000       0x12 core/malloc.32
 .comment       0x0000000000000000       0x12 libk/string.32
 .comment       0x0000000000000000       0x12 fs/fat/diskio.32
 .comment       0x0000000000000000       0x12 fs/fat/ff.32
 .comment       0x0000000000000000       0x12 fs/fat/ffsystem.32
 .comment       0x0000000000000000       0x12 fs/fat/ffunicode.32
 .comment       0x0000000000000000       0x12 hal/libresample/samplerate.32
 .comment       0x0000000000000000       0x12 hal/libresample/src_linear.32
 .comment       0x0000000000000000       0x12 hal/libresample/src_sinc.32
 .comment       0x0000000000000000       0x12 hal/libresample/src_zoh.32
 .comment       0x0000000000000000       0x12 compat/inlines.32
 .comment       0x0000000000000000       0x12 compat/resolve.32
 .group         0x0000000000000000       0x14 core/computer.32
 .group         0x0000000000000000        0xc core/computer.32
 .comment       0x0000000000000000       0x12 core/computer.32
 .comment       0x0000000000000000       0x12 core/gdt.32
 .group         0x0000000000000000        0xc core/idle.32
 .comment       0x0000000000000000       0x12 core/idle.32
 .comment       0x0000000000000000       0x12 core/idt.32
 .comment       0x0000000000000000       0x12 core/kheap.32
 .comment       0x0000000000000000       0x12 core/main.32
 .comment       0x0000000000000000       0x12 core/physmgr.32
 .group         0x0000000000000000        0xc core/pipe.32
 .comment       0x0000000000000000       0x12 core/pipe.32
 .group         0x0000000000000000        0xc core/terminal.32
 .comment       0x0000000000000000       0x12 core/terminal.32
 .comment       0x0000000000000000       0x12 core/tss.32
 .group         0x0000000000000000        0x8 core/unixfile.32
 .group         0x0000000000000000        0xc core/unixfile.32
 .group         0x0000000000000000        0xc core/unixfile.32
 .group         0x0000000000000000        0x8 core/unixfile.32
 .group         0x0000000000000000        0xc core/unixfile.32
 .group         0x0000000000000000        0x8 core/unixfile.32
 .group         0x0000000000000000        0xc core/unixfile.32
 .group         0x0000000000000000        0xc core/unixfile.32
 .comment       0x0000000000000000       0x12 core/unixfile.32
 .comment       0x0000000000000000       0x12 core/virtmgr.32
 .comment       0x0000000000000000       0x12 coreobjs/c++.32
 .comment       0x0000000000000000       0x12 dbg/kconsole.32
 .group         0x0000000000000000        0xc fs/vfs.32
 .group         0x0000000000000000        0xc fs/vfs.32
 .group         0x0000000000000000        0xc fs/vfs.32
 .comment       0x0000000000000000       0x12 fs/vfs.32
 .group         0x0000000000000000        0xc hal/bus.32
 .comment       0x0000000000000000       0x12 hal/bus.32
 .group         0x0000000000000000        0xc hal/buzzer.32
 .comment       0x0000000000000000       0x12 hal/buzzer.32
 .group         0x0000000000000000        0xc hal/clock.32
 .comment       0x0000000000000000       0x12 hal/clock.32
 .group         0x0000000000000000       0x14 hal/device.32
 .group         0x0000000000000000        0xc hal/device.32
 .group         0x0000000000000000        0xc hal/device.32
 .group         0x0000000000000000        0xc hal/device.32
[...]
Memory Configuration

Name             Origin             Length             Attributes
*default*        0x0000000000000000 0xffffffffffffffff

Linker script and memory map

LOAD D:/Users/Alex/Desktop/Banana/kernel/boot.32
LOAD crti.32
LOAD /cygdrive/d/Users/Alex/Desktop/Toolchain/Output/bin/../lib/gcc/i386-banana/8.1.0/crtbegin.o
LOAD D:/Users/Alex/Desktop/Banana/kernel/morenasm.32
LOAD acpica/utclib.32
LOAD core/malloc.32
LOAD libk/string.32
LOAD fs/fat/diskio.32
LOAD fs/fat/ff.32
LOAD fs/fat/ffsystem.32
LOAD fs/fat/ffunicode.32
LOAD hal/libresample/samplerate.32
LOAD hal/libresample/src_linear.32
LOAD hal/libresample/src_sinc.32
LOAD hal/libresample/src_zoh.32
LOAD compat/inlines.32
LOAD compat/resolve.32
LOAD core/computer.32
LOAD core/gdt.32
LOAD core/idle.32
LOAD core/idt.32
LOAD core/kheap.32
LOAD core/main.32
LOAD core/physmgr.32
LOAD core/pipe.32
LOAD core/terminal.32
LOAD core/tss.32
LOAD core/unixfile.32
LOAD core/virtmgr.32
LOAD coreobjs/c++.32
LOAD dbg/kconsole.32
LOAD fs/vfs.32
LOAD hal/bus.32
LOAD hal/buzzer.32
LOAD hal/clock.32
LOAD hal/device.32
LOAD hal/diskctrl.32
LOAD hal/diskphys.32
LOAD hal/fpu.32
LOAD hal/intctrl.32
LOAD hal/keybrd.32
LOAD hal/logidisk.32
LOAD hal/mouse.32
LOAD hal/partition.32
LOAD hal/serial.32
LOAD hal/timer.32
LOAD hal/vcache.32
LOAD hal/video.32
LOAD hw/acpi.32
LOAD hw/cpu.32
LOAD hw/ports.32
LOAD hw/smp.32
LOAD krnl/env.32
LOAD krnl/panic.32
LOAD net/ethernet.32
LOAD reg/registry.32
LOAD sys/sc_eject.32
LOAD sys/sc_exit.32
LOAD sys/sc_getcwd.32
LOAD sys/sc_getpid.32
LOAD sys/sc_getramdata.32
LOAD sys/sc_getvgaptr.32
LOAD sys/sc_loaddll.32
LOAD sys/sc_read.32
LOAD sys/sc_sbrk.32
LOAD sys/sc_setcwd.32
LOAD sys/sc_settime.32
LOAD sys/sc_timezone.32
LOAD sys/sc_write.32
LOAD sys/sc_wsbe.32
LOAD sys/sc_yield.32
LOAD sys/syscalls.32
LOAD thr/elf.32
LOAD thr/prcssthr.32
LOAD vm86/vm8086.32
LOAD vm86/x87em.32
LOAD fs/fat/vfslink.32
LOAD fs/iso9660/vfslink.32
LOAD hal/sound/sndchannel.32
LOAD hal/sound/sndhw.32
LOAD hw/bus/isa.32
LOAD hw/bus/pci.32
LOAD hw/diskctrl/ide.32
LOAD hw/diskctrl/satabus.32
LOAD hw/diskphys/ata.32
LOAD hw/diskphys/atapi.32
LOAD hw/diskphys/sata.32
LOAD hw/diskphys/satapi.32
LOAD hw/fpu/avx.32
LOAD hw/fpu/mmx.32
LOAD hw/fpu/sse.32
LOAD hw/fpu/x87.32
LOAD hw/intctrl/apic.32
LOAD hw/intctrl/pic.32
LOAD hw/timer/apictimer.32
LOAD hw/timer/pit.32
LOAD hw/fpu/x86/avx.32
LOAD hw/fpu/x86/sse.32
LOAD hw/fpu/x86/x87.32
LOAD /cygdrive/d/Users/Alex/Desktop/Toolchain/Output/bin/../lib/gcc/i386-banana/8.1.0/crtend.o
LOAD crtn.32
LOAD /cygdrive/d/Users/Alex/Desktop/Toolchain/Output/bin/../lib/gcc/i386-banana/8.1.0/libkgcc.a
LOAD D:/Users/Alex/Desktop/Banana/kernel/libsoftfp.a
LOAD D:/Users/Alex/Desktop/Banana/kernel/libk/libm32.a
                0x00000000c0000000                . = 0xc0000000

.text           0x00000000c0000000    0x290d8
 *(.text)
 .text          0x00000000c0000000       0x41 D:/Users/Alex/Desktop/Banana/kernel/boot.32
                0x00000000c0000020                callGlobalConstructors
 .text          0x00000000c0000041        0x0 crti.32
 *fill*         0x00000000c0000041        0x3 
 .text          0x00000000c0000044      0x101 /cygdrive/d/Users/Alex/Desktop/Toolchain/Output/bin/../lib/gcc/i386-banana/8.1.0/crtbegin.o
 *fill*         0x00000000c0000145        0xb 
 .text          0x00000000c0000150      0x4fb D:/Users/Alex/Desktop/Banana/kernel/morenasm.32
                0x00000000c0000150                manualPCIProbe
                0x00000000c000019b                prepareTramp
                0x00000000c00001b4                voodooXADD
                0x00000000c000027f                doTPAUSE
                0x00000000c0000289                hasLegacyFPU
                0x00000000c00002ae                is486
                0x00000000c00002e4                detectCPUID
                0x00000000c00002fa                goToVM86
                0x00000000c000032a                goToUsermode
                0x00000000c0000354                switchToThreadASMFirstTime
                0x00000000c0000362                switchToThreadASM
                0x00000000c00003f2                asmQuickAcquireLock
                0x00000000c0000410                asmQuickReleaseLock
                0x00000000c000041c                asmAcquireLock
                0x00000000c000043d                asmReleaseLock
                0x00000000c0000450                loadGDT
                0x00000000c0000470                isr0
                0x00000000c0000480                isr1
                0x00000000c000048a                isr2
                0x00000000c0000494                isr3
                0x00000000c000049e                isr4
                0x00000000c00004a8                isr5
                0x00000000c00004b2                isr6
                0x00000000c00004bc                isr7
                0x00000000c00004c6                isr8
                0x00000000c00004ce                isr9
                0x00000000c00004d8                isr10
                0x00000000c00004e0                isr11
                0x00000000c00004e8                isr12
                0x00000000c00004f0                isr13
                0x00000000c00004f8                isr14
                0x00000000c0000500                isr15
                0x00000000c000050a                isr16
                0x00000000c0000514                isr17
                0x00000000c000051e                isr18
                0x00000000c0000528                irq3
                0x00000000c0000532                irq4
                0x00000000c000053c                irq5
                0x00000000c0000546                irq6
                0x00000000c0000550                irq7
                0x00000000c000055a                irq8
                0x00000000c0000564                irq9
                0x00000000c000056e                irq10
                0x00000000c0000578                irq11
                0x00000000c0000582                irq12
                0x00000000c000058c                irq13
                0x00000000c0000596                irq14
                0x00000000c00005a0                irq15
                0x00000000c00005aa                irq1
                0x00000000c00005b1                irq2
                0x00000000c00005b8                isr96
                0x00000000c00005bf                irq0
                0x00000000c00005c4                syscall_common_stub
                0x00000000c00005c4                int_common_stub
                0x00000000c00005f6                irq16
                0x00000000c0000600                irq17
                0x00000000c000060a                irq18
                0x00000000c0000614                irq19
                0x00000000c000061e                irq20
                0x00000000c0000628                irq21
                0x00000000c0000632                irq22
                0x00000000c000063c                irq23
                0x00000000c0000646                memcpy
 *fill*         0x00000000c000064b        0x1 
 .text          0x00000000c000064c      0x5dd acpica/utclib.32
                0x00000000c000064c                memcmp
                0x00000000c0000688                memmove
                0x00000000c0000750                memset
                0x00000000c000076c                strlen
                0x00000000c0000784                strpbrk
                0x00000000c00007c0                strtok
                0x00000000c000080c                strcpy
                0x00000000c0000830                strncpy
                0x00000000c0000898                strcmp
                0x00000000c00008d8                strchr
                0x00000000c00008fc                strncmp
                0x00000000c000094c                strcat
                0x00000000c000097c                strncat
                0x00000000c00009b8                strstr
                0x00000000c0000a00                toupper
                0x00000000c0000a14                tolower
                0x00000000c0000a28                simple_strtoul
 .text          0x00000000c0000c29      0xfad core/malloc.32
                0x00000000c0000d94                dlfree
                0x00000000c00010ef                dlmalloc
                0x00000000c000162c                dlrealloc
                0x00000000c00017cf                dlmemalign
                0x00000000c00018f2                dlcalloc
                0x00000000c000198c                dlcfree
                0x00000000c0001991                dlindependent_calloc
                0x00000000c00019b6                dlindependent_comalloc
                0x00000000c00019cd                dlvalloc
                0x00000000c00019f8                dlpvalloc
                0x00000000c0001a2e                dlmalloc_trim
                0x00000000c0001a3b                dlmalloc_usable_size
                0x00000000c0001a6c                dlmallinfo
                0x00000000c0001b3b                dlmalloc_stats
                0x00000000c0001b4c                dlmallopt
 .text          0x00000000c0001bd6        0x0 libk/string.32
 .text          0x00000000c0001bd6       0x51 fs/fat/diskio.32
                0x00000000c0001bd6                disk_status
                0x00000000c0001bd9                disk_initialize
                0x00000000c0001bdc                disk_read
                0x00000000c0001bf2                disk_write
                0x00000000c0001c08                disk_ioctl
 .text          0x00000000c0001c27     0x6833 fs/fat/ff.32
                0x00000000c0004ef5                f_mount
                0x00000000c0004f57                f_open
                0x00000000c0005393                f_read
                0x00000000c0005613                f_write
                0x00000000c00058cd                f_sync
                0x00000000c0005aa9                f_close
                0x00000000c0005ad8                f_lseek
                0x00000000c0005f8f                f_opendir
                0x00000000c0006091                f_closedir
                0x00000000c00060b3                f_readdir
                0x00000000c000614e                f_stat
                0x00000000c00061dd                f_getfree
                0x00000000c00063a8                f_truncate
                0x00000000c00064a0                f_unlink
                0x00000000c0006623                f_mkdir
                0x00000000c000684f                f_rename
                0x00000000c0006b42                f_chmod
                0x00000000c0006c20                f_utime
                0x00000000c0006cfe                f_getlabel
                0x00000000c0006eec                f_setlabel
                0x00000000c0007159                f_forward
                0x00000000c0007337                f_mkfs
 .text          0x00000000c000845a       0x2d fs/fat/ffsystem.32
                0x00000000c000845a                ff_memalloc
                0x00000000c0008470                ff_memfree
 .text          0x00000000c0008487      0x253 fs/fat/ffunicode.32
                0x00000000c0008487                ff_uni2oem
                0x00000000c0008517                ff_oem2uni
                0x00000000c0008583                ff_wtoupper
 .text          0x00000000c00086da      0x8fb hal/libresample/samplerate.32
                0x00000000c000871e                src_delete
                0x00000000c000875a                src_process
                0x00000000c0008910                src_callback_read
                0x00000000c0008a8d                src_set_ratio
                0x00000000c0008af7                src_get_channels
                0x00000000c0008b19                src_reset
                0x00000000c0008b65                src_new
                0x00000000c0008bf3                src_callback_new
                0x00000000c0008c55                src_get_name
                0x00000000c0008c8c                src_get_description
                0x00000000c0008cc3                src_get_version
                0x00000000c0008cc9                src_is_valid_ratio
                0x00000000c0008d1d                src_error
                0x00000000c0008d2b                src_strerror
                0x00000000c0008d3e                src_simple
                0x00000000c0008d91                src_short_to_float_array
                0x00000000c0008df6                src_float_to_short_array
                0x00000000c0008eb5                src_int_to_float_array
                0x00000000c0008f18                src_float_to_int_array
 .text          0x00000000c0008fd5      0x8cb hal/libresample/src_linear.32
                0x00000000c00097fb                linear_get_name
                0x00000000c000980a                linear_get_description
                0x00000000c0009819                linear_set_converter
 .text          0x00000000c00098a0     0x447c hal/libresample/src_sinc.32
                0x00000000c000dc33                sinc_get_name
                0x00000000c000dc46                sinc_get_description
                0x00000000c000dc59                sinc_set_converter
 .text          0x00000000c000dd1c      0x77c hal/libresample/src_zoh.32
                0x00000000c000e3f3                zoh_get_name
                0x00000000c000e402                zoh_get_description
                0x00000000c000e411                zoh_set_converter
 .text          0x00000000c000e498       0xa7 compat/inlines.32
                0x00000000c000e498                CPU::current()
                0x00000000c000e4a4                operator new(unsigned long)
                0x00000000c000e4a9                operator delete(void*)
                0x00000000c000e4ae                disableIRQs()
                0x00000000c000e4b6                enableIRQs()
                0x00000000c000e4c5                lockScheduler()
                0x00000000c000e4cd                unlockScheduler()
                0x00000000c000e4dc                lockStuff()
                0x00000000c000e4ea                unlockStuff()
                0x00000000c000e524                Virt::getAKernelVAS()
                0x00000000c000e52a                __not_memcpy
 .text          0x00000000c000e53f      0x111 compat/resolve.32
                0x00000000c000e53f                Krnl::resolveCompatibilitySymbol(char*)
 .text          0x00000000c000e650      0xa17 core/computer.32
                0x00000000c000e650                Computer::close(int, int, void*)
                0x00000000c000e694                Krnl::firstTask()
                0x00000000c000e784                Computer::Computer()
                0x00000000c000e784                Computer::Computer()
                0x00000000c000e8e0                Computer::setBootMessage(char const*)
                0x00000000c000e8e2                Computer::detectFeatures()
                0x00000000c000eaec                Computer::displayFeatures()
                0x00000000c000ee32                Computer::rdmsr(unsigned int)
                0x00000000c000ee5e                Computer::wrmsr(unsigned int, unsigned long long)
                0x00000000c000ee96                Computer::nmiEnabled()
                0x00000000c000eea2                Computer::readCMOS(unsigned char)
                0x00000000c000eebc                Computer::enableNMI(bool)
                0x00000000c000eed4                Computer::open(int, int, void*)
                0x00000000c000efaa                Computer::disableNMI()
                0x00000000c000efb8                Computer::writeCMOS(unsigned char, unsigned char)
                0x00000000c000efd6                Computer::handleNMI()
                0x00000000c000f03c                Computer::setDiskActivityLight(int, bool)
 *fill*         0x00000000c000f067        0x1 
 .text          0x00000000c000f068      0x1b7 core/gdt.32
                0x00000000c000f068                GDTEntry::setBase(unsigned int)
                0x00000000c000f084                GDTEntry::setLimit(unsigned int)
                0x00000000c000f0a2                GDT::GDT()
                0x00000000c000f0a2                GDT::GDT()
                0x00000000c000f0b8                GDT::addEntry(GDTEntry)
                0x00000000c000f0f4                GDT::getNumberOfEntries()
                0x00000000c000f0fc                GDT::flush()
                0x00000000c000f11e                GDT::setup()
 .text          0x00000000c000f21f       0x6b core/idle.32
                0x00000000c000f21f                idleFunction(void*)
 .text          0x00000000c000f28a      0x45e core/idt.32
                0x00000000c000f28a                IDTEntry::IDTEntry(bool)
                0x00000000c000f28a                IDTEntry::IDTEntry(bool)
                0x00000000c000f2f8                IDTEntry::setOffset(unsigned int)
                0x00000000c000f30c                IDT::IDT()
                0x00000000c000f30c                IDT::IDT()
                0x00000000c000f30e                IDT::getPointerToInvalidOpcodeEntryForF00F()
                0x00000000c000f316                IDT::addEntry(IDTEntry, int)
                0x00000000c000f330                IDT::addEntry(int, void (*)(), bool)
                0x00000000c000f368                IDT::flush()
                0x00000000c000f382                IDT::setup()
 .text          0x00000000c000f6e8      0x1fe core/kheap.32
                0x00000000c000f6e8                sbrk
                0x00000000c000f7f5                mmap
                0x00000000c000f80b                munmap
                0x00000000c000f821                liballoc_lock()
                0x00000000c000f82e                liballoc_unlock()
                0x00000000c000f842                liballoc_alloc(int)
                0x00000000c000f85d                liballoc_free(void*, int)
                0x00000000c000f878                realloc
                0x00000000c000f88c                malloc
                0x00000000c000f89c                free
                0x00000000c000f8ac                rfree
                0x00000000c000f8bc                calloc
 .text          0x00000000c000f8e6       0xc3 core/main.32
                0x00000000c000f8e6                kernel_main
 .text          0x00000000c000f9a9      0x56c core/physmgr.32
                0x00000000c000f9a9                Phys::allocateDMA(unsigned long)
                0x00000000c000fa4c                Phys::freeDMA(unsigned long, unsigned long)
                0x00000000c000fa94                Phys::setPageState(unsigned long, bool)
                0x00000000c000fac6                Phys::getPageState(unsigned long)
                0x00000000c000fae2                Phys::freePage(unsigned long)
                0x00000000c000fb6c                Phys::allocatePage()
                0x00000000c000fc51                Phys::allocateContiguousPages(int)
                0x00000000c000fcad                Phys::allowSegmentToBeUsed(unsigned long, unsigned long)
                0x00000000c000fce5                Phys::physicalMemorySetup(unsigned int)
 *fill*         0x00000000c000ff15        0x1 
 .text          0x00000000c000ff16      0x273 core/pipe.32
                0x00000000c000ff16                Pipe::isAtty()
                0x00000000c000ff1a                Pipe::~Pipe()
                0x00000000c000ff1a                Pipe::~Pipe()
                0x00000000c000ff3e                Pipe::~Pipe()
                0x00000000c000ff66                Pipe::read(unsigned long long, void*, int*)
                0x00000000c0010062                Pipe::write(unsigned long long, void*, int*)
                0x00000000c0010122                Pipe::Pipe(int)
                0x00000000c0010122                Pipe::Pipe(int)
 *fill*         0x00000000c0010189        0x1 
 .text          0x00000000c001018a      0xe3d core/terminal.32
                0x00000000c001018a                VgaText::isAtty()
                0x00000000c001018e                VgaText::~VgaText()
                0x00000000c001018e                VgaText::~VgaText()
                0x00000000c00101b2                VgaText::~VgaText()
                0x00000000c00101dc                VgaText::read(unsigned long long, void*, int*)
                0x00000000c00101fc                setTerminalScrollLock(bool)
                0x00000000c00101fd                addToTerminalCycle(VgaText*)
                0x00000000c001021e                installVgaTextImplementation()
                0x00000000c0010233                scrollTerminalScrollLock(int)
                0x00000000c0010234                VgaText::load()
                0x00000000c0010282                VgaText::updateCursor()
                0x00000000c0010298                VgaText::showCursor(bool)
                0x00000000c00102a4                VgaText::disableBlink(bool)
                0x00000000c00102d8                VgaText::doANSI_SGR(int)
                0x00000000c001034c                VgaText::setDefaultBgColour(VgaColour)
                0x00000000c001035c                VgaText::setDefaultFgColour(VgaColour)
                0x00000000c001036c                VgaText::setDefaultColours(VgaColour, VgaColour)
                0x00000000c001038c                VgaText::combineColours(unsigned char, unsigned char)
                0x00000000c001039e                VgaText::scrollScreen()
                0x00000000c0010432                VgaText::combineCharAndColour(char, unsigned char)
                0x00000000c0010444                VgaText::writeCharacter(char, VgaColour, VgaColour, int, int)
                0x00000000c00104a0                VgaText::getCursorX()
                0x00000000c00104a8                VgaText::getCursorY()
                0x00000000c00104b0                VgaText::setCursor(int, int)
                0x00000000c00104c8                VgaText::setCursorX(int)
                0x00000000c00104e0                VgaText::setCursorY(int)
                0x00000000c00104f8                VgaText::incrementCursor(bool)
                0x00000000c001054c                VgaText::updateRAMUsageDisplay(int)
                0x00000000c00105a6                VgaText::updateDiskUsage()
                0x00000000c001070c                VgaText::updateTitle()
                0x00000000c0010750                VgaText::setTitleTextColour(VgaColour)
                0x00000000c001075e                VgaText::setTitleColour(VgaColour)
                0x00000000c001076c                VgaText::setTitle(char*)
                0x00000000c0010792                VgaText::decrementCursor(bool)
                0x00000000c00107b4                VgaText::putchar(char, VgaColour, VgaColour)
                0x00000000c001088c                VgaText::isShowingCursor()
                0x00000000c0010894                VgaText::isBlinkDisabled()
                0x00000000c00108a0                VgaText::setCursorHeight(int)
                0x00000000c00108b8                VgaText::getCursorHeight()
                0x00000000c00108c0                setActiveTerminal(VgaText*)
                0x00000000c0010966                doTerminalCycle()
                0x00000000c0010980                VgaText::doUpdate()
                0x00000000c001098e                VgaText::puts(char const*, VgaColour, VgaColour)
                0x00000000c0010b06                VgaText::clearScreen()
                0x00000000c0010b60                VgaText::putchar(char)
                0x00000000c0010c4c                VgaText::puts(char const*)
                0x00000000c0010c72                VgaText::putx(unsigned int)
                0x00000000c0010cb8                VgaText::VgaText(char const*)
                0x00000000c0010cb8                VgaText::VgaText(char const*)
                0x00000000c0010e66                VgaText::receiveKey(unsigned char)
                0x00000000c0010f4e                VgaText::write(unsigned long long, void*, int*)
                0x00000000c0010fa2                newTerminal(char*)
 *fill*         0x00000000c0010fc7        0x1 
 .text          0x00000000c0010fc8      0x1b3 core/tss.32
                0x00000000c0010fc8                TSS::TSS()
                0x00000000c0010fc8                TSS::TSS()
                0x00000000c0010fd6                TSS::setESP(unsigned long)
                0x00000000c0010fe8                TSS::flush()
                0x00000000c0011008                TSS::setup(unsigned long, unsigned long)
 *fill*         0x00000000c001117b        0x1 
 .text          0x00000000c001117c      0x4c2 core/unixfile.32
                0x00000000c001117c                ReservedFilename::read(unsigned long long, void*, int*)
                0x00000000c00111d2                ReservedFilename::isAtty()
                0x00000000c00111ee                ReservedFilename::write(unsigned long long, void*, int*)
                0x00000000c001124c                UnixFile::getFileDescriptor()
                0x00000000c0011254                UnixFile::UnixFile(int)
                0x00000000c0011254                UnixFile::UnixFile(int)
                0x00000000c0011404                ReservedFilename::ReservedFilename(int)
                0x00000000c0011404                ReservedFilename::ReservedFilename(int)
                0x00000000c0011436                UnixFile::~UnixFile()
                0x00000000c0011436                UnixFile::~UnixFile()
                0x00000000c00114ce                UnixFile::~UnixFile()
                0x00000000c00114f6                ReservedFilename::~ReservedFilename()
                0x00000000c00114f6                ReservedFilename::~ReservedFilename()
                0x00000000c001151a                ReservedFilename::~ReservedFilename()
                0x00000000c0011541                getFromFileDescriptor(int)
 .text          0x00000000c001163e     0x12f9 core/virtmgr.32
                0x00000000c001163e                Virt::setPageState(unsigned long, Virt::VirtPageState)
                0x00000000c0011673                Virt::getPageState(unsigned long)
                0x00000000c0011697                Virt::allocateKernelVirtualPages(int)
                0x00000000c00117a8                Virt::freeSwapfilePage(unsigned long)
                0x00000000c00117c6                Virt::swapIDToSector(unsigned long)
                0x00000000c00117d8                Virt::allocateSwapfilePage()
                0x00000000c0011856                Virt::virtualMemorySetup()
                0x00000000c00118d5                Virt::setupPageSwapping(int)
                0x00000000c0011aa2                VAS::VAS()
                0x00000000c0011aa2                VAS::VAS()
                0x00000000c0011ade                VAS::VAS(VAS*)
                0x00000000c0011ade                VAS::VAS(VAS*)
                0x00000000c0011b0c                VAS::getForeignPageTableEntry(bool, unsigned long)
                0x00000000c0011b38                VAS::getPageTableEntry(unsigned long)
                0x00000000c0011b57                Virt::freeKernelVirtualPages(unsigned long)
                0x00000000c0011c7a                VAS::freeAllocatedPages(unsigned long)
                0x00000000c0011c9e                VAS::virtualToPhysical(unsigned long)
                0x00000000c0011cb6                VAS::reflagRange(unsigned long, int, int, int)
                0x00000000c0011cf6                VAS::setToWriteCombining(unsigned long, int)
                0x00000000c0011d28                VAS::mapOtherVASIn(bool, VAS*)
                0x00000000c0011d52                VAS::~VAS()
                0x00000000c0011d52                VAS::~VAS()
                0x00000000c0011ece                VAS::mapPage(unsigned long, unsigned long, int)
                0x00000000c0011fd0                VAS::allocatePages(int, int)
                0x00000000c00121a8                VAS::setCPUSpecific(unsigned long)
                0x00000000c00121c4                VAS::mapRange(unsigned long, unsigned long, int, int)
                0x00000000c001228a                VAS::mapForeignPage(bool, VAS*, unsigned long, unsigned long, int)
                0x00000000c0012378                VAS::VAS(bool)
                0x00000000c0012378                VAS::VAS(bool)
                0x00000000c00125f8                VAS::evict(unsigned long)
                0x00000000c00126ba                VAS::tryLoadBackOffDisk(unsigned long)
                0x00000000c00127ca                VAS::scanForEviction()
                0x00000000c001287b                mapVASFirstTime
 .text          0x00000000c0012937       0x95 coreobjs/c++.32
                0x00000000c0012937                __cxa_atexit
                0x00000000c001293a                __cxa_finalize
                0x00000000c001293b                __stack_chk_fail
                0x00000000c00129a7                __cxa_pure_virtual
                0x00000000c00129b8                operator new[](unsigned long)
                0x00000000c00129bd                operator delete(void*, unsigned long)
                0x00000000c00129c2                operator delete[](void*)
                0x00000000c00129c7                operator delete[](void*, unsigned long)
 .text          0x00000000c00129cc      0x1ef dbg/kconsole.32
                0x00000000c00129cc                Dbg::stringifyxWithBase(unsigned int, char*, int)
                0x00000000c0012a2d                Dbg::logc(char)
                0x00000000c0012a44                Dbg::logs(char*)
                0x00000000c0012a61                Dbg::logWriteInt(unsigned int)
                0x00000000c0012a7e                Dbg::logWriteIntBase(unsigned int, int)
                0x00000000c0012a9d                Dbg::kprintf(char const*, ...)
 *fill*         0x00000000c0012bbb        0x1 
 .text          0x00000000c0012bbc      0xb82 fs/vfs.32
                0x00000000c0012bbc                File::read(unsigned long long, void*, int*)
                0x00000000c0012c14                File::write(unsigned long long, void*, int*)
                0x00000000c0012c6c                Directory::read(unsigned long long, void*, int*)
                0x00000000c0012cc4                Directory::write(unsigned long long, void*, int*)
                0x00000000c0012cf2                File::isAtty()
                0x00000000c0012cf6                Directory::isAtty()
                0x00000000c0012cfa                Filesystem::getlabel(LogicalDisk*, int, char*, unsigned int*)
                0x00000000c0012d00                Filesystem::setlabel(LogicalDisk*, int, char*)
                0x00000000c0012d06                Filesystem::getFileFirstSector(char const*)
                0x00000000c0012d0c                File::~File()
                0x00000000c0012d0c                File::~File()
                0x00000000c0012d30                File::~File()
                0x00000000c0012d5a                Directory::~Directory()
                0x00000000c0012d5a                Directory::~Directory()
                0x00000000c0012d7e                Directory::~Directory()
                0x00000000c0012da8                Filesystem::Filesystem()
                0x00000000c0012da8                Filesystem::Filesystem()
                0x00000000c0012dcc                Filesystem::~Filesystem()
                0x00000000c0012dcc                Filesystem::~Filesystem()
                0x00000000c0012dda                Filesystem::~Filesystem()
                0x00000000c0012dfe                Fs::getcwd(Process*, char*, int)
                0x00000000c0012e28                Fs::initVFS()
                0x00000000c0012e52                Fs::standardiseFiles(char*, char const*, char const*)
                0x00000000c0012ffc                File::File(char const*, Process*)
                0x00000000c0012ffc                File::File(char const*, Process*)
                0x00000000c0013060                File::open(FileOpenMode)
                0x00000000c00130be                File::close()
                0x00000000c001311e                File::seek(unsigned long long)
                0x00000000c0013174                File::tell(unsigned long long*)
                0x00000000c00131c4                File::rewind()
                0x00000000c00131d8                File::unlink()
                0x00000000c0013224                File::rename(char const*)
                0x00000000c0013272                File::chfatattr(unsigned char, unsigned char)
                0x00000000c00132ce                File::exists()
                0x00000000c001330c                File::stat(unsigned long long*, bool*)
                0x00000000c001336d                Fs::setcwd(Process*, char*)
                0x00000000c00134a8                Directory::Directory(char const*, Process*)
                0x00000000c00134a8                Directory::Directory(char const*, Process*)
                0x00000000c001350c                Directory::open()
                0x00000000c0013568                Directory::close()
                0x00000000c00135c8                Directory::unlink()
                0x00000000c0013614                Directory::rename(char const*)
                0x00000000c0013662                Directory::exists()
                0x00000000c00136a0                Directory::read(dirent*)
                0x00000000c00136ec                Directory::create()
                0x00000000c0013738                Filesystem::chfatattr(char const*, unsigned char, unsigned char)
 .text          0x00000000c001373e       0x84 hal/bus.32
                0x00000000c001373e                Bus::Bus(char const*)
                0x00000000c001373e                Bus::Bus(char const*)
                0x00000000c0013774                Bus::~Bus()
                0x00000000c0013774                Bus::~Bus()
                0x00000000c0013798                Bus::~Bus()
 .text          0x00000000c00137c2      0x156 hal/buzzer.32
                0x00000000c00137c2                Buzzer::Buzzer(char const*)
                0x00000000c00137c2                Buzzer::Buzzer(char const*)
                0x00000000c0013806                Buzzer::~Buzzer()
                0x00000000c0013806                Buzzer::~Buzzer()
                0x00000000c001382a                Buzzer::~Buzzer()
                0x00000000c0013854                Buzzer::stop()
                0x00000000c0013867                beepThread(void*)
                0x00000000c00138aa                Buzzer::beep(int, int, bool)
 .text          0x00000000c0013918      0x467 hal/clock.32
                0x00000000c0013918                User::loadClockSettings(int)
                0x00000000c001396a                Clock::Clock(char const*)
                0x00000000c001396a                Clock::Clock(char const*)
                0x00000000c00139a0                Clock::~Clock()
                0x00000000c00139a0                Clock::~Clock()
                0x00000000c00139c4                Clock::~Clock()
                0x00000000c00139ee                Clock::timeInSecondsLocal()
                0x00000000c0013a36                Clock::setTimeInSecondsLocal(unsigned long long)
                0x00000000c0013a8f                datetimeToSeconds(datetime_t)
                0x00000000c0013bb6                Clock::setTimeInDatetimeLocal(datetime_t)
                0x00000000c0013c16                secondsToDatetime(unsigned long long)
                0x00000000c0013d5a                Clock::timeInDatetimeLocal()
 *fill*         0x00000000c0013d7f        0x1 
 .text          0x00000000c0013d80      0x504 hal/device.32
                0x00000000c0013d80                Device::hibernate()
                0x00000000c0013d82                Device::wake()
                0x00000000c0013d84                Device::detect()
                0x00000000c0013d86                Device::disableLegacy()
                0x00000000c0013d88                Device::powerSaving(PowerSavingLevel)
                0x00000000c0013d8a                DriverlessDevice::close(int, int, void*)
                0x00000000c0013d8e                DriverlessDevice::detect()
                0x00000000c0013d90                DriverlessDevice::open(int, int, void*)
                0x00000000c0013da4                Device::~Device()
                0x00000000c0013da4                Device::~Device()
                0x00000000c0013db2                Device::~Device()
                0x00000000c0013dda                Device::findAndLoadDriver()
                0x00000000c0013de8                Device::preOpenPCI(PCIDeviceInfo)
                0x00000000c0013e0e                Device::preOpenACPI(void*, char*, char*)
                0x00000000c0013e4e                Device::addIRQHandler(int, void (*)(regs*, void*), bool, void*)
                0x00000000c0013e8c                Device::getParent()
                0x00000000c0013e98                Device::removeIRQHandler(int, void (*)(regs*, void*), bool)
                0x00000000c0013ed6                Device::addChild(Device*)
                0x00000000c0013f1a                Device::removeAllChildren()
                0x00000000c0013f60                Device::hibernateAll()
                0x00000000c0013f90                Device::wakeAll()
                0x00000000c0013fc0                Device::detectAll()
                0x00000000c0013ff0                Device::disableLegacyAll()
                0x00000000c0014020                Device::loadDriversForAll()
                0x00000000c0014060                Device::closeAll()
                0x00000000c0014096                Device::powerSavingAll(PowerSavingLevel)
                0x00000000c00140cc                Device::setName(char const*)
                0x00000000c00140da                Device::Device(char const*)
                0x00000000c00140da                Device::Device(char const*)
                0x00000000c00141d6                Device::getName()
                0x00000000c00141e0                DriverlessDevice::DriverlessDevice(char const*)
                0x00000000c00141e0                DriverlessDevice::DriverlessDevice(char const*)
                0x00000000c0014216                Device::addToLinkedList(LinkedList<Device>&, DeviceType)
                0x00000000c001425a                getDevicesOfType(DeviceType)
 .text          0x00000000c0014284       0x84 hal/diskctrl.32
                0x00000000c0014284                HardDiskController::HardDiskController(char const*)
                0x00000000c0014284                HardDiskController::HardDiskController(char const*)
                0x00000000c00142ba                HardDiskController::~HardDiskController()
                0x00000000c00142ba                HardDiskController::~HardDiskController()
                0x00000000c00142de                HardDiskController::~HardDiskController()
 .text          0x00000000c0014308       0xf2 hal/diskphys.32
                0x00000000c0014308                PhysicalDisk::eject()
                0x00000000c001431c                PhysicalDisk::PhysicalDisk(char const*, int)
                0x00000000c001431c                PhysicalDisk::PhysicalDisk(char const*, int)
                0x00000000c0014384                PhysicalDisk::startCache()
                0x00000000c00143ac                PhysicalDisk::~PhysicalDisk()
                0x00000000c00143ac                PhysicalDisk::~PhysicalDisk()
                0x00000000c00143d0                PhysicalDisk::~PhysicalDisk()
 .text          0x00000000c00143fa      0x13b hal/fpu.32
                0x00000000c00143fa                FPU::FPU(char const*)
                0x00000000c00143fa                FPU::FPU(char const*)
                0x00000000c0014430                FPU::~FPU()
                0x00000000c0014430                FPU::~FPU()
                0x00000000c0014454                FPU::~FPU()
                0x00000000c001447e                setupFPU()
 *fill*         0x00000000c0014535        0x1 
 .text          0x00000000c0014536     0x1413 hal/intctrl.32
                0x00000000c0014536                InterruptController::uninstallISRHandler(int, void (*)(regs*, void*))
                0x00000000c001456e                InterruptController::installISRHandler(int, void (*)(regs*, void*), void*)
                0x00000000c00145c0                doubleFault(regs*, void*)
                0x00000000c00145da                InterruptController::installIRQHandler(int, void (*)(regs*, void*), bool, void*)
                0x00000000c0014676                InterruptController::clearAllHandlers(int, bool)
                0x00000000c001471e                InterruptController::uninstallIRQHandler(int, void (*)(regs*, void*), bool)
                0x00000000c00147a5                nmiHandler(regs*, void*)
                0x00000000c00147b3                int_handler
                0x00000000c0014854                InterruptController::InterruptController(char const*)
                0x00000000c0014854                InterruptController::InterruptController(char const*)
                0x00000000c00148fa                InterruptController::~InterruptController()
                0x00000000c00148fa                InterruptController::~InterruptController()
                0x00000000c001491e                InterruptController::~InterruptController()
                0x00000000c0014948                displayDebugInfo(regs*)
                0x00000000c0014dd7                x87EmulHandler(regs*, void*)
                0x00000000c0014e4a                gpFault(regs*, void*)
                0x00000000c0014e83                pgFault(regs*, void*)
                0x00000000c0014e9a                otherISRHandler(regs*, void*)
                0x00000000c0014eb9                opcodeFault(regs*, void*)
                0x00000000c00154d6                displayProgramFault(char const*)
                0x00000000c00154fe                setupInterruptController()
                0x00000000c00158fc                InterruptController::convertLegacyIRQNumber(int)
 *fill*         0x00000000c0015949        0x1 
 .text          0x00000000c001594a      0x794 hal/keybrd.32
                0x00000000c001594a                startGUI(void*)
                0x00000000c00159b6                startGUIVESA(void*)
                0x00000000c0015a22                sendKeyToTerminal(unsigned char)
                0x00000000c0015ae0                sendKeyboardToken(KeyboardToken)
                0x00000000c0015f1d                clearInternalKeybuffer(VgaText*)
                0x00000000c0015f52                readKeyboard(VgaText*, char*, unsigned long)
                0x00000000c0016054                Keyboard::Keyboard(char const*)
                0x00000000c0016054                Keyboard::Keyboard(char const*)
                0x00000000c0016090                Keyboard::~Keyboard()
                0x00000000c0016090                Keyboard::~Keyboard()
                0x00000000c00160b4                Keyboard::~Keyboard()
 .text          0x00000000c00160de      0x414 hal/logidisk.32
                0x00000000c00160de                LogicalDisk::close(int, int, void*)
                0x00000000c00160e2                LogicalDisk::~LogicalDisk()
                0x00000000c00160e2                LogicalDisk::~LogicalDisk()
                0x00000000c0016106                LogicalDisk::~LogicalDisk()
                0x00000000c0016130                LogicalDisk::open(int, int, void*)
                0x00000000c0016144                LogicalDisk::absoluteToRelative(unsigned long long)
                0x00000000c001617c                LogicalDisk::relativeToAbsolute(unsigned long long)
                0x00000000c00161c2                LogicalDisk::LogicalDisk(char const*, PhysicalDisk*, unsigned long long, unsigned long long)
                0x00000000c00161c2                LogicalDisk::LogicalDisk(char const*, PhysicalDisk*, unsigned long long, unsigned long long)
                0x00000000c0016278                LogicalDisk::assignDriveLetter()
                0x00000000c001632e                LogicalDisk::mount()
                0x00000000c00163a0                LogicalDisk::unmount()
                0x00000000c00163b0                LogicalDisk::eject()
                0x00000000c00163c4                LogicalDisk::unassignDriveLetter()
                0x00000000c001641a                LogicalDisk::read(unsigned long long, int, void*)
                0x00000000c0016486                LogicalDisk::write(unsigned long long, int, void*)
 .text          0x00000000c00164f2       0x84 hal/mouse.32
                0x00000000c00164f2                Mouse::Mouse(char const*)
                0x00000000c00164f2                Mouse::Mouse(char const*)
                0x00000000c0016528                Mouse::~Mouse()
                0x00000000c0016528                Mouse::~Mouse()
                0x00000000c001654c                Mouse::~Mouse()
 .text          0x00000000c0016576      0x359 hal/partition.32
                0x00000000c0016576                makePartition(PhysicalDisk*, unsigned long long, unsigned long long)
                0x00000000c001663e                createPartitionsForDisk(PhysicalDisk*)
 *fill*         0x00000000c00168cf        0x1 
 .text          0x00000000c00168d0       0x84 hal/serial.32
                0x00000000c00168d0                Serial::Serial(char const*)
                0x00000000c00168d0                Serial::Serial(char const*)
                0x00000000c0016906                Serial::~Serial()
                0x00000000c0016906                Serial::~Serial()
                0x00000000c001692a                Serial::~Serial()
 .text          0x00000000c0016954      0x2f3 hal/timer.32
                0x00000000c0016954                Timer::Timer(char const*)
                0x00000000c0016954                Timer::Timer(char const*)
                0x00000000c001698a                Timer::~Timer()
                0x00000000c001698a                Timer::~Timer()
                0x00000000c00169ae                Timer::~Timer()
                0x00000000c00169d8                Timer::read()
                0x00000000c00169e3                timerHandler(unsigned long long)
                0x00000000c0016b55                setupTimer(int)
 *fill*         0x00000000c0016c47        0x1 
 .text          0x00000000c0016c48      0x409 hal/vcache.32
                0x00000000c0016c48                VCache::VCache(PhysicalDisk*)
                0x00000000c0016c48                VCache::VCache(PhysicalDisk*)
                0x00000000c0016db0                VCache::invalidateReadBuffer()
                0x00000000c0016dc0                VCache::writeWriteBuffer()
                0x00000000c0016dfc                VCache::~VCache()
                0x00000000c0016dfc                VCache::~VCache()
                0x00000000c0016e50                VCache::~VCache()
                0x00000000c0016e78                VCache::write(unsigned long long, int, void*)
                0x00000000c0016f62                VCache::read(unsigned long long, int, void*)
 *fill*         0x00000000c0017051        0x1 
 .text          0x00000000c0017052      0x4cd hal/video.32
                0x00000000c0017052                Video::putrect(int, int, int, int, unsigned int)
                0x00000000c001709e                Video::bitblit(int, int, int, int, int, int, int, unsigned int*)
                0x00000000c001710e                Video::blit(unsigned int*, int, int, int, int)
                0x00000000c001718c                Video::clearScreen(unsigned int)
                0x00000000c00171c0                Video::putpixel(int, int, unsigned int)
                0x00000000c00171ce                Video::Video(char const*)
                0x00000000c00171ce                Video::Video(char const*)
                0x00000000c0017204                Video::~Video()
                0x00000000c0017204                Video::~Video()
                0x00000000c0017228                Video::~Video()
                0x00000000c0017252                Video::isMonochrome()
                0x00000000c001725e                Video::getWidth()
                0x00000000c001726a                Video::getHeight()
                0x00000000c0017276                Video::drawCursor(int, int, unsigned char*, int)
                0x00000000c0017332                Video::tgaParse(unsigned char*, int, int*, int*)
                0x00000000c00174b4                Video::putTGA(int, int, unsigned char*, int)
 *fill*         0x00000000c001751f        0x1 
 .text          0x00000000c0017520     0x1163 hw/acpi.32
                0x00000000c0017520                ACPI::close(int, int, void*)
                0x00000000c00175d5                findRSDP()
                0x00000000c001766f                loadACPITables(unsigned char*)
                0x00000000c00178c6                findRSDT(unsigned char*)
                0x00000000c0017a10                findDataTable(unsigned char*, char*)
                0x00000000c0017aac                scanMADT()
                0x00000000c0017f32                ACPI::ACPI()
                0x00000000c0017f32                ACPI::ACPI()
                0x00000000c0017f86                ACPI::getPCIIRQAssignment(unsigned char, unsigned short, unsigned char)
                0x00000000c0018068                ACPI::registerPCIIRQAssignment(void*, unsigned short, unsigned char, unsigned char)
                0x00000000c001812e                ACPI::setScreenBrightnessLevel(void*, int)
                0x00000000c0018134                ACPI::detectPCI()
                0x00000000c00182ae                ACPI::writeSimpleBootFlag(SimpleBootFlagTable*)
                0x00000000c00182f6                ACPI::sleep()
                0x00000000c001830e                ACPI::open(int, int, void*)
 *fill*         0x00000000c0018683        0x1 
 .text          0x00000000c0018684     0x1717 hw/cpu.32
                0x00000000c0018684                CPU::close(int, int, void*)
                0x00000000c0018688                CPU::lookupAMDName(unsigned char, unsigned char)
                0x00000000c001881c                CPU::lookupIntelName(unsigned char, unsigned char)
                0x00000000c0018aca                CPU::AMD_K6_write_msr(unsigned int, unsigned int, unsigned int, CPU::REGS*)
                0x00000000c0018ae6                CPU::AMD_K6_read_msr(unsigned int, CPU::REGS*)
                0x00000000c0018afe                CPU::AMD_K6_writeback(int, int, int)
                0x00000000c0018b72                CPU::cpuid(int, unsigned long*, unsigned long*, unsigned long*, unsigned long*)
                0x00000000c0018bf6                CPU::cpuidCheckEDX(unsigned int)
                0x00000000c0018c24                CPU::cpuidCheckECX(unsigned int)
                0x00000000c0018c52                CPU::cpuidCheckExtendedEBX(unsigned int)
                0x00000000c0018c80                CPU::cpuidCheckExtendedECX(unsigned int)
                0x00000000c0018cae                CPU::CPU()
                0x00000000c0018cae                CPU::CPU()
                0x00000000c0018d3c                CPU::displayFeatures()
                0x00000000c0018fb8                CPU::detectFeatures()
                0x00000000c00199aa                CPU::setupSMEP()
                0x00000000c00199b6                CPU::setupUMIP()
                0x00000000c00199c0                CPU::setupTSC()
                0x00000000c00199ca                CPU::setupLargePages()
                0x00000000c00199d4                CPU::setupPAT()
                0x00000000c0019a10                CPU::setupMTRR()
                0x00000000c0019a12                CPU::setupGlobalPages()
                0x00000000c0019a1c                CPU::allowUsermodeDataAccess()
                0x00000000c0019a2e                CPU::prohibitUsermodeDataAccess()
                0x00000000c0019a40                CPU::setupSMAP()
                0x00000000c0019a4e                CPU::setupFeatures()
                0x00000000c0019ace                CPU::open(int, int, void*)
                0x00000000c0019ba0                CPU::decodeAddress(regs*, int*, bool*, unsigned char*)
 .text          0x00000000c0019d9b        0x0 hw/ports.32
 .text          0x00000000c0019d9b      0x16a hw/smp.32
                0x00000000c0019d9b                Krnl::smpEntry()
                0x00000000c0019d9d                Krnl::startCPU(int)
                0x00000000c0019ee6                Krnl::startCPUs()
 *fill*         0x00000000c0019f05        0x1 
 .text          0x00000000c0019f06      0x5cd krnl/env.32
                0x00000000c0019f06                EnvVarContainer::getEnv(char const*)
                0x00000000c0019f44                EnvVarContainer::setEnv(char const*, char const*)
                0x00000000c001a006                EnvVarContainer::deleteEnv(char const*)
                0x00000000c001a008                EnvVarContainer::loadFrom(char const*, char const*)
                0x00000000c001a20a                EnvVarContainer::__loadSystem()
                0x00000000c001a224                EnvVarContainer::__loadUser()
                0x00000000c001a226                EnvVarContainer::EnvVarContainer(Process*)
                0x00000000c001a226                EnvVarContainer::EnvVarContainer(Process*)
                0x00000000c001a248                EnvVarContainer::~EnvVarContainer()
                0x00000000c001a248                EnvVarContainer::~EnvVarContainer()
                0x00000000c001a278                Krnl::getEnv(Process*, char const*)
                0x00000000c001a2dd                Krnl::setEnvSystem(char const*, char const*)
                0x00000000c001a2f7                Krnl::setEnvUser(char const*, char const*)
                0x00000000c001a316                Krnl::setEnvProcess(Process*, char const*, char const*)
                0x00000000c001a329                Krnl::deleteEnvSystem(char const*)
                0x00000000c001a32a                Krnl::deleteEnvUser(char const*)
                0x00000000c001a32b                Krnl::deleteEnvProcess(Process*, char const*)
                0x00000000c001a32c                Krnl::newProcessEnv(Process*)
                0x00000000c001a34e                Krnl::copyProcessEnv(Process*, Process*)
                0x00000000c001a39a                Krnl::loadSystemEnv()
                0x00000000c001a3c8                Krnl::loadUserEnv()
                0x00000000c001a3ee                Krnl::flushEnv()
                0x00000000c001a3ef                Krnl::getProcessTotalEnvCount(Process*)
                0x00000000c001a40f                Krnl::getProcessEnvPair(Process*, int)
 .text          0x00000000c001a4d3      0x396 krnl/panic.32
                0x00000000c001a4d3                Krnl::panic(char const*)
 .text          0x00000000c001a869      0x57f net/ethernet.32
                0x00000000c001a869                Net::switchEndian16(unsigned short)
                0x00000000c001a88a                Net::switchEndian32(unsigned int)
                0x00000000c001a8b9                Net::crc32Calc(unsigned char*, int)
                0x00000000c001a94a                Net::wrapEthernetFrame(Net::UnwrappedEthernetFrame, unsigned char*)
                0x00000000c001ab5d                Net::unwrapEthernetFrame(unsigned char*, int)
 .text          0x00000000c001ade8      0x50e reg/registry.32
                0x00000000c001ade8                Reg::findLineFromLoadedData(char*, char*, char*)
                0x00000000c001af40                Reg::getLineFromRegistry(char*, char*, char*, char*)
                0x00000000c001b095                Reg::getLine(char*, char*, char*)
                0x00000000c001b0cc                Reg::readInt(char*, char*, int*)
                0x00000000c001b1b7                Reg::readString(char*, char*, char*, int)
                0x00000000c001b238                Reg::readBool(char*, char*, bool*)
                0x00000000c001b25d                Reg::readBoolWithDefault(char*, char*, bool)
                0x00000000c001b289                Reg::readIntWithDefault(char*, char*, int)
                0x00000000c001b2b5                Reg::readStringWithDefault(char*, char*, char*, int, char*)
 .text          0x00000000c001b2f6       0x36 sys/sc_eject.32
                0x00000000c001b2f6                Sys::eject(regs*)
 .text          0x00000000c001b32c       0x18 sys/sc_exit.32
                0x00000000c001b32c                Sys::exit(regs*)
 .text          0x00000000c001b344       0x1f sys/sc_getcwd.32
                0x00000000c001b344                Sys::getCwd(regs*)
 .text          0x00000000c001b363        0xc sys/sc_getpid.32
                0x00000000c001b363                Sys::getPID(regs*)
 .text          0x00000000c001b36f       0x17 sys/sc_getramdata.32
                0x00000000c001b36f                Sys::getRAMData(regs*)
 .text          0x00000000c001b386       0x84 sys/sc_getvgaptr.32
                0x00000000c001b386                Sys::getVGAPtr(regs*)
 .text          0x00000000c001b40a       0xa8 sys/sc_loaddll.32
                0x00000000c001b40a                Sys::loadDLL(regs*)
 .text          0x00000000c001b4b2       0x68 sys/sc_read.32
                0x00000000c001b4b2                Sys::read(regs*)
 .text          0x00000000c001b51a       0x55 sys/sc_sbrk.32
                0x00000000c001b51a                Sys::sbrk(regs*)
 .text          0x00000000c001b56f       0x1c sys/sc_setcwd.32
                0x00000000c001b56f                Sys::setCwd(regs*)
 .text          0x00000000c001b58b      0x128 sys/sc_settime.32
                0x00000000c001b58b                Sys::setTime(regs*)
 .text          0x00000000c001b6b3       0x4a sys/sc_timezone.32
                0x00000000c001b6b3                Sys::timezone(regs*)
 .text          0x00000000c001b6fd       0x68 sys/sc_write.32
                0x00000000c001b6fd                Sys::write(regs*)
 .text          0x00000000c001b765       0x62 sys/sc_wsbe.32
                0x00000000c001b765                Sys::wsbe(regs*)
 .text          0x00000000c001b7c7       0x46 sys/sc_yield.32
                0x00000000c001b7c7                Sys::yield(regs*)
 .text          0x00000000c001b80d     0x1101 sys/syscalls.32
                0x00000000c001b80d                sysCallSeekDir(regs*)
                0x00000000c001b812                sysCallTellDir(regs*)
                0x00000000c001b817                sysCallVerify(regs*)
                0x00000000c001b821                sysFormatDisk(regs*)
                0x00000000c001b88b                sysSetDiskVolumeLabel(regs*)
                0x00000000c001b8d1                sysGetDiskVolumeLabel(regs*)
                0x00000000c001b922                sysShutdown(regs*)
                0x00000000c001b980                sysCallRealpath(regs*)
                0x00000000c001b9c3                sysCallGetArgc(regs*)
                0x00000000c001b9f1                sysCallReadDir(regs*)
                0x00000000c001ba7f                sysCallIsATTY(regs*)
                0x00000000c001bad9                sysCallSeek(regs*)
                0x00000000c001bb42                sysCallTell(regs*)
                0x00000000c001bbbf                sysCallSize(regs*)
                0x00000000c001bc42                sysCallSizeFromFilename(regs*)
                0x00000000c001bd02                sysCallClose(regs*)
                0x00000000c001bd8a                sysCallOpenDir(regs*)
                0x00000000c001bdff                sysCallCloseDir(regs*)
                0x00000000c001be65                sysCallMakeDir(regs*)
                0x00000000c001bed5                sysCallWait(regs*)
                0x00000000c001beef                sysCallNotImpl(regs*)
                0x00000000c001bf0a                sysPanic(regs*)
                0x00000000c001bf30                sysCallRmdir(regs*)
                0x00000000c001bf94                sysCallUnlink(regs*)
                0x00000000c001bff8                sysCallGetArgv(regs*)
                0x00000000c001c044                sysCallTTYName(regs*)
                0x00000000c001c0c7                sysCallUSleep(regs*)
                0x00000000c001c0ee                sysCallSpawn(regs*)
                0x00000000c001c163                sysCallGetEnv(regs*)
                0x00000000c001c29b                sysAppSettings(regs*)
                0x00000000c001c3af                sysSetFatAttrib(regs*)
                0x00000000c001c421                sysPipe(regs*)
                0x00000000c001c466                sysGetUnixTime(regs*)
                0x00000000c001c47a                string_ends_with(char const*, char const*)
                0x00000000c001c4c2                sysCallOpen(regs*)
                0x00000000c001c6d7                Sys::loadSyscalls()
                0x00000000c001c8cc                Sys::systemCall(regs*, void*)
 .text          0x00000000c001c90e     0x11fd thr/elf.32
                0x00000000c001c90e                Thr::allocateMemoryForTask(Process*, File*, unsigned long, unsigned long, unsigned long)
                0x00000000c001cbb8                Thr::loadProgramIntoMemory(Process*, char const*)
                0x00000000c001cdce                Thr::runtimeReferenceHelper()
                0x00000000c001cde1                Thr::getAddressOfKernelSymbol(char const*)
                0x00000000c001ce30                Thr::loadKernelSymbolTable(char const*)
                0x00000000c001d0ee                Thr::loadDriverIntoMemory(char const*, unsigned long, bool)
                0x00000000c001d824                Thr::getDriverBaseFromAddress(unsigned long)
                0x00000000c001d856                Thr::getDriverNameFromAddress(unsigned long)
                0x00000000c001d88d                Thr::getDriverOffsetFromAddress(unsigned long)
                0x00000000c001d8a7                Thr::loadDLL(char const*, bool)
                0x00000000c001dad2                Thr::executeDLL(unsigned long, void*)
 *fill*         0x00000000c001db0b        0x1 
 .text          0x00000000c001db0c     0x1315 thr/prcssthr.32
                0x00000000c001db0c                userModeEntryPoint(void*)
                0x00000000c001db32                changeTSS
                0x00000000c001db62                switchToThread(ThreadControlBlock*)
                0x00000000c001dc0c                Process::addArgs(char**)
                0x00000000c001dc66                Process::Process(char const*, Process*, char**)
                0x00000000c001dc66                Process::Process(char const*, Process*, char**)
                0x00000000c001de4a                Process::Process(bool, char const*, Process*, char**)
                0x00000000c001de4a                Process::Process(bool, char const*, Process*, char**)
                0x00000000c001dff9                taskStartupFunction
                0x00000000c001e002                Semaphore::Semaphore(int)
                0x00000000c001e002                Semaphore::Semaphore(int)
                0x00000000c001e030                Mutex::Mutex()
                0x00000000c001e030                Mutex::Mutex()
                0x00000000c001e042                Process::createThread(void (*)(void*), void*, int)
                0x00000000c001e148                Process::createUserThread()
                0x00000000c001e164                setupMultitasking(void (*)())
                0x00000000c001e286                schedule()
                0x00000000c001e30c                Semaphore::tryAcquire()
                0x00000000c001e3c8                Semaphore::assertLocked(char const*)
                0x00000000c001e437                blockTaskWithSchedulerLockAlreadyHeld(TaskState)
                0x00000000c001e485                blockTask(TaskState)
                0x00000000c001e4b2                waitTask(int, int*, int)
                0x00000000c001e4f4                nanoSleepUntil(unsigned long long)
                0x00000000c001e589                nanoSleep(unsigned long long)
                0x00000000c001e5a1                sleep(unsigned long long)
                0x00000000c001e5be                Semaphore::acquire()
                0x00000000c001e660                taskReturned
                0x00000000c001e69b                Thr::processFromPID(int)
                0x00000000c001e74a                unblockTask(ThreadControlBlock*)
                0x00000000c001e7f7                cleanupTerminatedTask(ThreadControlBlock*)
                0x00000000c001eac0                cleanerTaskFunction(void*)
                0x00000000c001ebb9                terminateTask(int)
                0x00000000c001eceb                Thr::terminateFromIRQ(int)
                0x00000000c001ecf8                Semaphore::release()
 .text          0x00000000c001ee21      0xada vm86/vm8086.32
                0x00000000c001ee21                Vm::inbv(unsigned short)
                0x00000000c001ee34                Vm::outbv(unsigned short, unsigned char)
                0x00000000c001ee6a                Vm::realToLinear(unsigned short, unsigned short)
                0x00000000c001ee7a                Vm::getSegment(unsigned int)
                0x00000000c001ee82                Vm::getOffset(unsigned int)
                0x00000000c001ee87                Vm::mainloop2()
                0x00000000c001eec1                Vm::mainVm8086Loop(void*)
                0x00000000c001eed1                Vm::mainloop3(unsigned long)
                0x00000000c001eef7                Vm::initialise8086()
                0x00000000c001ef3a                Vm::finish8086()
                0x00000000c001ef9b                Vm::getOutput8086(unsigned char*)
                0x00000000c001efc0                Vm::start8086(char const*, unsigned short, unsigned short, unsigned short, unsigned short)
                0x00000000c001f128                Vm::doISR(regs*, int, unsigned char*, unsigned short, unsigned short)
                0x00000000c001f1b2                Vm::readByteFromReal(unsigned short, unsigned short)
                0x00000000c001f1c3                Vm::readWordFromReal(unsigned short, unsigned short)
                0x00000000c001f1d5                Vm::readDwordFromReal(unsigned short, unsigned short)
                0x00000000c001f1e6                Vm::writeByteFromReal(unsigned short, unsigned short, unsigned char)
                0x00000000c001f1fb                Vm::writeWordFromReal(unsigned short, unsigned short, unsigned short)
                0x00000000c001f211                Vm::writeDwordFromReal(unsigned short, unsigned short, unsigned int)
                0x00000000c001f226                Vm::faultHandler(regs*)
 .text          0x00000000c001f8fb      0xefd vm86/x87em.32
                0x00000000c001f8fb                Vm::fpuInternalTo32(unsigned long long)
                0x00000000c001f956                Vm::fpuInternalTo64(unsigned long long)
                0x00000000c001f95f                Vm::fpu32ToInternal(unsigned int)
                0x00000000c001f9a4                Vm::fpu64ToInternal(unsigned long long)
                0x00000000c001f9ad                Vm::fpuFloatToLong(unsigned long long)
                0x00000000c001fa08                Vm::fpuULongToFloat(unsigned long long)
                0x00000000c001fa3e                Vm::fpuLongToFloat(long long)
                0x00000000c001fa94                Vm::fpuGet0()
                0x00000000c001fa99                Vm::fpuGet1()
                0x00000000c001faa1                Vm::fpuGetPi()
                0x00000000c001faa9                Vm::fpuGetLog2E()
                0x00000000c001fac1                Vm::fpuGetLogE2()
                0x00000000c001fad9                Vm::fpuGetLog210()
                0x00000000c001faf1                Vm::fpuGetLog102()
                0x00000000c001fb09                Vm::fpuIsSecondLarger(unsigned long long, unsigned long long)
                0x00000000c001fb1d                Vm::fpuAreEqual(unsigned long long, unsigned long long)
                0x00000000c001fb33                Vm::fpuUnorderedCompare(unsigned long long, unsigned long long)
                0x00000000c001fb86                Vm::fpuAdd(unsigned long long, unsigned long long)
                0x00000000c001fb97                Vm::fpuAbs(unsigned long long)
                0x00000000c001fba0                Vm::fpuChs(unsigned long long)
                0x00000000c001fbb0                Vm::fpuSub(unsigned long long, unsigned long long)
                0x00000000c001fbbf                Vm::fpuMultiply(unsigned long long, unsigned long long)
                0x00000000c001fbde                Vm::fpuDivide(unsigned long long, unsigned long long)
                0x00000000c001fbfa                Vm::fpuSquare(unsigned long long)
                0x00000000c001fc10                Vm::fpuGetReg(int)
                0x00000000c001fc53                Vm::fpuSetReg(int, unsigned long long)
                0x00000000c001fc9e                Vm::fpuPush(unsigned long long)
                0x00000000c001fcfb                Vm::fpuPop()
                0x00000000c001fd4d                Vm::x87Handler(regs*)
 .text          0x00000000c00207f8     0x1203 fs/fat/vfslink.32
                0x00000000c00207f8                FAT::getName()
                0x00000000c00207fe                FAT::tell(void*, unsigned long long*)
                0x00000000c0020832                FAT::stat(void*, unsigned long long*)
                0x00000000c0020866                FAT::~FAT()
                0x00000000c0020866                FAT::~FAT()
                0x00000000c002088a                FAT::~FAT()
                0x00000000c00208b2                FAT::getlabel(LogicalDisk*, int, char*, unsigned int*)
                0x00000000c0020950                FAT::setlabel(LogicalDisk*, int, char*)
                0x00000000c0020a0a                FAT::format(LogicalDisk*, int, char const*, int)
                0x00000000c0020bee                FAT::tryMount(LogicalDisk*, int)
                0x00000000c0020df4                FAT::getFileFirstSector(char const*)
                0x00000000c0020eb6                FAT::readDir(void*, unsigned long, void*, int*)
                0x00000000c0021010                FAT::read(void*, unsigned long, void*, int*)
                0x00000000c002106a                FAT::write(void*, unsigned long, void*, int*)
                0x00000000c00210c4                FAT::close(void*)
                0x00000000c0021110                FAT::closeDir(void*)
                0x00000000c002115c                FAT::seek(void*, unsigned long long)
                0x00000000c00211b0                fatWrapperReadDisk
                0x00000000c00211f7                fatWrapperWriteDisk
                0x00000000c002123e                fatWrapperIoctl
                0x00000000c0021342                FAT::FAT()
                0x00000000c0021342                FAT::FAT()
                0x00000000c0021394                FAT::fixFilepath(char*)
                0x00000000c00213cc                FAT::open(char const*, void**, FileOpenMode)
                0x00000000c00214f4                FAT::openDir(char const*, void**)
                0x00000000c002159a                FAT::stat(char const*, unsigned long long*, bool*)
                0x00000000c0021684                FAT::unlink(char const*)
                0x00000000c00216fe                FAT::chfatattr(char const*, unsigned char, unsigned char)
                0x00000000c0021852                FAT::rename(char const*, char const*)
                0x00000000c0021916                FAT::mkdir(char const*)
                0x00000000c0021990                FAT::exists(char const*)
 *fill*         0x00000000c00219fb        0x1 
 .text          0x00000000c00219fc      0xba5 fs/iso9660/vfslink.32
                0x00000000c00219fc                ISO9660::format(LogicalDisk*, int, char const*, int)
                0x00000000c0021a02                ISO9660::seek(void*, unsigned long long)
                0x00000000c0021a32                ISO9660::tell(void*, unsigned long long*)
                0x00000000c0021a56                ISO9660::getName()
                0x00000000c0021a5c                ISO9660::stat(void*, unsigned long long*)
                0x00000000c0021a80                ISO9660::chfatattr(char const*, unsigned char, unsigned char)
                0x00000000c0021a86                ISO9660::unlink(char const*)
                0x00000000c0021a8c                ISO9660::write(void*, unsigned long, void*, int*)
                0x00000000c0021a92                ISO9660::rename(char const*, char const*)
                0x00000000c0021a98                ISO9660::mkdir(char const*)
                0x00000000c0021a9e                ISO9660::close(void*)
                0x00000000c0021ac0                ISO9660::closeDir(void*)
                0x00000000c0021ae2                ISO9660::~ISO9660()
                0x00000000c0021ae2                ISO9660::~ISO9660()
                0x00000000c0021b06                ISO9660::~ISO9660()
                0x00000000c0021b2d                __memmem(unsigned char*, int, unsigned char*, int)
                0x00000000c0021b6f                readSectorFromCDROM(unsigned int, unsigned char*, char)
                0x00000000c0021bca                ISO9660::tryMount(LogicalDisk*, int)
                0x00000000c0021c1a                ISO9660::read(void*, unsigned long, void*, int*)
                0x00000000c0021e1e                ISO9660::readDir(void*, unsigned long, void*, int*)
                0x00000000c0022098                readRoot(unsigned int*, unsigned int*, char)
                0x00000000c00220ec                readRecursively(char*, unsigned int, unsigned int, unsigned int*, unsigned int*, char, int*)
                0x00000000c00222bf                getFileData(char*, unsigned int*, unsigned int*, char, int*)
                0x00000000c002234e                ISO9660::open(char const*, void**, FileOpenMode)
                0x00000000c002240e                ISO9660::exists(char const*)
                0x00000000c0022432                ISO9660::stat(char const*, unsigned long long*, bool*)
                0x00000000c00224c6                ISO9660::openDir(char const*, void**)
                0x00000000c002257e                ISO9660::ISO9660()
                0x00000000c002257e                ISO9660::ISO9660()
 *fill*         0x00000000c00225a1        0x1 
 .text          0x00000000c00225a2      0x3a6 hal/sound/sndchannel.32
                0x00000000c00225a2                SoundChannel::SoundChannel(int, int, int, int)
                0x00000000c00225a2                SoundChannel::SoundChannel(int, int, int, int)
                0x00000000c00226dc                SoundChannel::~SoundChannel()
                0x00000000c00226dc                SoundChannel::~SoundChannel()
                0x00000000c00226f8                SoundChannel::getSampleRate()
                0x00000000c0022700                SoundChannel::getBits()
                0x00000000c0022708                SoundChannel::getBufferUsed()
                0x00000000c0022710                SoundChannel::getBufferSize()
                0x00000000c0022718                SoundChannel::unbuffer(float*, int, int)
                0x00000000c00227ac                SoundChannel::buffer16(short*, int)
                0x00000000c00228a8                SoundChannel::buffer8(unsigned char*, int)
 .text          0x00000000c0022948      0x504 hal/sound/sndhw.32
                0x00000000c0022948                SoundDevice::SoundDevice(char const*)
                0x00000000c0022948                SoundDevice::SoundDevice(char const*)
                0x00000000c00229b4                SoundDevice::~SoundDevice()
                0x00000000c00229b4                SoundDevice::~SoundDevice()
                0x00000000c0022a2e                SoundDevice::~SoundDevice()
                0x00000000c0022a58                SoundDevice::getFreeChannelNum()
                0x00000000c0022a72                SoundDevice::addChannel(SoundChannel*)
                0x00000000c0022ae2                SoundDevice::removeChannel(int)
                0x00000000c0022b14                SoundDevice::floatTo16(float*, short*, int)
                0x00000000c0022c02                SoundDevice::floatTo8(float*, unsigned char*, int)
                0x00000000c0022cea                SoundDevice::getAudio(int, float*, float*)
 .text          0x00000000c0022e4c        0x0 hw/bus/isa.32
 .text          0x00000000c0022e4c      0xbbb hw/bus/pci.32
                0x00000000c0022e4c                PCI::open(int, int, void*)
                0x00000000c0022e6a                PCI::close(int, int, void*)
                0x00000000c0022e6e                PCI::PCI()
                0x00000000c0022e6e                PCI::PCI()
                0x00000000c0022f04                PCI::readBAR8(unsigned int, int)
                0x00000000c0022f20                PCI::readBAR16(unsigned int, int)
                0x00000000c0022f3e                PCI::readBAR32(unsigned int, int)
                0x00000000c0022f5a                PCI::writeBAR8(unsigned int, unsigned char, int)
                0x00000000c0022f7a                PCI::writeBAR16(unsigned int, unsigned short, int)
                0x00000000c0022fbe                PCI::writeBAR32(unsigned int, unsigned int, int)
                0x00000000c0022fde                PCI::legacyMechanism(unsigned char, unsigned char, unsigned char, unsigned char)
                0x00000000c002304c                PCI::pciReadWord(unsigned char, unsigned char, unsigned char, unsigned char)
                0x00000000c00230f4                PCI::getVendorID(unsigned char, unsigned char, unsigned char)
                0x00000000c0023118                PCI::getHeaderType(unsigned char, unsigned char, unsigned char)
                0x00000000c0023140                PCI::getClassCode(unsigned char, unsigned char, unsigned char)
                0x00000000c002318a                PCI::getProgIF(unsigned char, unsigned char, unsigned char)
                0x00000000c00231b2                PCI::getRevisionID(unsigned char, unsigned char, unsigned char)
                0x00000000c00231d6                PCI::getInterruptNumber(unsigned char, unsigned char, unsigned char)
                0x00000000c00231fa                PCI::getSecondaryBus(unsigned char, unsigned char, unsigned char)
                0x00000000c0023222                PCI::getBARAddress(unsigned char, unsigned char, unsigned char, unsigned char)
                0x00000000c0023286                PCI::pciWriteWord(unsigned char, unsigned char, unsigned char, unsigned char, unsigned short)
                0x00000000c002336e                PCI::pciDetailsToFilepath(PCIDeviceInfo, char*)
                0x00000000c00235fa                PCI::checkBus(unsigned char)
                0x00000000c002361e                PCI::foundDevice(PCIDeviceInfo)
                0x00000000c0023790                PCI::getDeviceData(unsigned char, unsigned char, unsigned char)
                0x00000000c0023948                PCI::checkDevice(unsigned char, unsigned char)
                0x00000000c00239b4                PCI::detect()
 *fill*         0x00000000c0023a07        0x1 
 .text          0x00000000c0023a08      0xc70 hw/diskctrl/ide.32
                0x00000000c0023a08                IDE::close(int, int, void*)
                0x00000000c0023a0c                IDE::IDE()
                0x00000000c0023a0c                IDE::IDE()
                0x00000000c0023a40                IDE::prepareInterrupt(unsigned char)
                0x00000000c0023a52                selectDrive(unsigned char, unsigned char)
                0x00000000c0023a54                IDE::getBase(unsigned char)
                0x00000000c0023a66                IDE::write(unsigned char, unsigned char, unsigned char)
                0x00000000c0023b26                IDE::read(unsigned char, unsigned char)
                0x00000000c0023bd4                IDE::waitInterrupt(unsigned char)
                0x00000000c0023c3a                ideChannel0IRQHandler(regs*, void*)
                0x00000000c0023c56                ideChannel1IRQHandler(regs*, void*)
                0x00000000c0023c72                IDE::enableIRQs(unsigned char, bool)
                0x00000000c0023cb8                IDE::open(int, int, void*)
                0x00000000c00240c8                IDE::readBuffer(unsigned char, unsigned char, unsigned int, unsigned int)
                0x00000000c0024194                IDE::detect()
                0x00000000c002447c                IDE::printError(unsigned char, unsigned char, unsigned char)
                0x00000000c0024612                IDE::polling(unsigned char, unsigned int)
 .text          0x00000000c0024678      0x390 hw/diskctrl/satabus.32
                0x00000000c0024678                SATABus::close(int, int, void*)
                0x00000000c002467c                SATABus::detect()
                0x00000000c002467e                SATABus::SATABus()
                0x00000000c002467e                SATABus::SATABus()
                0x00000000c002472a                SATABus::findCmdslot(SATABus::tagHBA_PORT volatile*)
                0x00000000c0024772                SATABus::checkType(SATABus::tagHBA_PORT volatile*)
                0x00000000c00247ba                SATABus::startCmd(SATABus::tagHBA_PORT volatile*)
                0x00000000c00247da                SATABus::stopCmd(SATABus::tagHBA_PORT volatile*)
                0x00000000c0024804                SATABus::portRebase(SATABus::tagHBA_PORT volatile*, int)
                0x00000000c002490a                SATABus::probePort(SATABus::tagHBA_MEM volatile*)
                0x00000000c00249e8                SATABus::open(int, int, void*)
 .text          0x00000000c0024a08      0x63c hw/diskphys/ata.32
                0x00000000c0024a08                ATA::close(int, int, void*)
                0x00000000c0024a2c                ATA::powerSaving(PowerSavingLevel)
                0x00000000c0024a2e                ATA::ATA()
                0x00000000c0024a2e                ATA::ATA()
                0x00000000c0024a5c                ATA::flush(bool)
                0x00000000c0024aa6                ATA::readyForCommand()
                0x00000000c0024af6                ATA::access(unsigned long long, int, void*, bool)
                0x00000000c0024e7e                ATA::read(unsigned long long, int, void*)
                0x00000000c0024ee6                ATA::write(unsigned long long, int, void*)
                0x00000000c0024f4e                ATA::detectCHS()
                0x00000000c0024f78                ATA::open(int, int, void*)
 .text          0x00000000c0025044      0x5bd hw/diskphys/atapi.32
                0x00000000c0025044                ATAPI::write(unsigned long long, int, void*)
                0x00000000c002504a                ATAPI::close(int, int, void*)
                0x00000000c002506e                ATAPI::ATAPI()
                0x00000000c002506e                ATAPI::ATAPI()
                0x00000000c002509c                ATAPI::readyForCommand()
                0x00000000c00250ec                ATAPI::sendPacket(unsigned char*, int, bool, unsigned short*, int)
                0x00000000c00253ac                ATAPI::diskRemoved()
                0x00000000c00253c8                ATAPI::eject()
                0x00000000c0025410                ATAPI::diskInserted()
                0x00000000c002543e                ATAPI::detectMedia()
                0x00000000c00254fa                ATAPI::open(int, int, void*)
                0x00000000c0025582                ATAPI::read(unsigned long long, int, void*)
 *fill*         0x00000000c0025601        0x1 
 .text          0x00000000c0025602      0x451 hw/diskphys/sata.32
                0x00000000c0025602                SATA::close(int, int, void*)
                0x00000000c0025626                SATA::powerSaving(PowerSavingLevel)
                0x00000000c0025628                SATA::open(int, int, void*)
                0x00000000c00256d2                SATA::SATA()
                0x00000000c00256d2                SATA::SATA()
                0x00000000c0025700                SATA::access(unsigned long long, int, void*, bool)
                0x00000000c0025966                SATA::read(unsigned long long, int, void*)
                0x00000000c00259ce                SATA::write(unsigned long long, int, void*)
 *fill*         0x00000000c0025a53        0x1 
 .text          0x00000000c0025a54      0x4fe hw/diskphys/satapi.32
                0x00000000c0025a54                SATAPI::write(unsigned long long, int, void*)
                0x00000000c0025a5a                SATAPI::close(int, int, void*)
                0x00000000c0025a7e                SATAPI::SATAPI()
                0x00000000c0025a7e                SATAPI::SATAPI()
                0x00000000c0025aac                SATAPI::diskRemoved()
                0x00000000c0025ac8                SATAPI::diskInserted()
                0x00000000c0025af6                SATAPI::sendPacket(unsigned char*, int, unsigned long long, unsigned short*, int)
                0x00000000c0025cfe                SATAPI::eject()
                0x00000000c0025d46                SATAPI::detectMedia()
                0x00000000c0025e08                SATAPI::open(int, int, void*)
                0x00000000c0025eb0                SATAPI::read(unsigned long long, int, void*)
 .text          0x00000000c0025f52       0x8e hw/fpu/avx.32
                0x00000000c0025f52                AVX::open(int, int, void*)
                0x00000000c0025f64                AVX::close(int, int, void*)
                0x00000000c0025f76                AVX::available()
                0x00000000c0025f88                AVX::save(void*)
                0x00000000c0025fa0                AVX::load(void*)
                0x00000000c0025fb8                AVX::AVX()
                0x00000000c0025fb8                AVX::AVX()
 .text          0x00000000c0025fe0       0x90 hw/fpu/mmx.32
                0x00000000c0025fe0                MMX::available()
                0x00000000c0025ff4                MMX::open(int, int, void*)
                0x00000000c0026006                MMX::close(int, int, void*)
                0x00000000c0026018                MMX::save(void*)
                0x00000000c0026030                MMX::load(void*)
                0x00000000c0026048                MMX::MMX()
                0x00000000c0026048                MMX::MMX()
 .text          0x00000000c0026070       0x96 hw/fpu/sse.32
                0x00000000c0026070                SSE::open(int, int, void*)
                0x00000000c0026082                SSE::close(int, int, void*)
                0x00000000c0026094                SSE::available()
                0x00000000c00260ae                SSE::save(void*)
                0x00000000c00260c6                SSE::load(void*)
                0x00000000c00260de                SSE::SSE()
                0x00000000c00260de                SSE::SSE()
 .text          0x00000000c0026106       0x8e hw/fpu/x87.32
                0x00000000c0026106                x87::open(int, int, void*)
                0x00000000c0026118                x87::close(int, int, void*)
                0x00000000c002612a                x87::available()
                0x00000000c002613c                x87::save(void*)
                0x00000000c0026154                x87::load(void*)
                0x00000000c002616c                x87::x87()
                0x00000000c002616c                x87::x87()
 .text          0x00000000c0026194      0x71e hw/intctrl/apic.32
                0x00000000c0026194                APIC::disable()
                0x00000000c0026196                APIC::close(int, int, void*)
                0x00000000c00261b8                IOAPIC::close(int, int, void*)
                0x00000000c00261be                APIC::io_wait()
                0x00000000c00261c4                APIC::getBase()
                0x00000000c0026206                APIC::eoi(unsigned char)
                0x00000000c0026234                APIC::open(int, int, void*)
                0x00000000c0026382                IOAPIC::IOAPIC()
                0x00000000c0026382                IOAPIC::IOAPIC()
                0x00000000c00263aa                APIC::APIC()
                0x00000000c00263aa                APIC::APIC()
                0x00000000c0026486                IOAPIC::handlesGSIWithNumber(unsigned int)
                0x00000000c00264b8                IOAPIC::read(int)
                0x00000000c00264e0                IOAPIC::open(int, int, void*)
                0x00000000c00265d6                IOAPIC::write(int, int)
                0x00000000c0026602                IOAPIC::redirect(unsigned char, unsigned long long, unsigned char, bool, bool)
                0x00000000c00266fc                APIC::installIRQHandler(int, void (*)(regs*, void*), bool, void*)
 .text          0x00000000c00268b2      0x3d3 hw/intctrl/pic.32
                0x00000000c00268b2                PIC::disable()
                0x00000000c00268e0                PIC::close(int, int, void*)
                0x00000000c0026902                PIC::PIC()
                0x00000000c0026902                PIC::PIC()
                0x00000000c00269d8                PIC::ioWait()
                0x00000000c00269de                PIC::getIRQReg(int)
                0x00000000c0026a48                PIC::eoi(unsigned char)
                0x00000000c0026ada                PIC::remap()
                0x00000000c0026c46                PIC::open(int, int, void*)
 *fill*         0x00000000c0026c85        0x1 
 .text          0x00000000c0026c86      0x25e hw/timer/apictimer.32
                0x00000000c0026c86                APICTimer::close(int, int, void*)
                0x00000000c0026c8c                apicTimerHandler(regs*, void*)
                0x00000000c0026cba                APICTimer::write(int)
                0x00000000c0026dbe                APICTimer::open(int, int, void*)
                0x00000000c0026ebc                APICTimer::APICTimer()
                0x00000000c0026ebc                APICTimer::APICTimer()
 .text          0x00000000c0026ee4      0x1a7 hw/timer/pit.32
                0x00000000c0026ee4                PIT::write(int)
                0x00000000c0026f62                pitHandler(regs*, void*)
                0x00000000c0026f8e                PIT::open(int, int, void*)
                0x00000000c0026fdc                PIT::close(int, int, void*)
                0x00000000c002700c                PIT::PIT()
                0x00000000c002700c                PIT::PIT()
 *fill*         0x00000000c002708b        0x5 
 .text          0x00000000c0027090       0x1e hw/fpu/x86/avx.32
                0x00000000c0027090                avxDetect
                0x00000000c0027096                avxSave
                0x00000000c0027097                avxLoad
                0x00000000c0027098                avxInit
                0x00000000c0027099                avxClose
                0x00000000c002709a                wouldSheSayYes
 *fill*         0x00000000c00270ae        0x2 
 .text          0x00000000c00270b0       0x35 hw/fpu/x86/sse.32
                0x00000000c00270b0                absolutelyNoChanceInHell
                0x00000000c00270b0                sseDetect
                0x00000000c00270c8                sseSave
                0x00000000c00270ce                sseLoad
                0x00000000c00270d4                sseInit
                0x00000000c00270e4                sseClose
 *fill*         0x00000000c00270e5        0xb 
 .text          0x00000000c00270f0       0x4d hw/fpu/x86/x87.32
                0x00000000c00270f6                x87Detect
                0x00000000c0027111                x87Save
                0x00000000c002711a                x87Load
                0x00000000c0027122                x87Init
                0x00000000c002713c                x87Close
 *fill*         0x00000000c002713d        0x3 
 .text          0x00000000c0027140       0x25 /cygdrive/d/Users/Alex/Desktop/Toolchain/Output/bin/../lib/gcc/i386-banana/8.1.0/crtend.o
 .text          0x00000000c0027165        0x0 crtn.32
 *fill*         0x00000000c0027165        0x3 
 .text          0x00000000c0027168      0x14b /cygdrive/d/Users/Alex/Desktop/Toolchain/Output/bin/../lib/gcc/i386-banana/8.1.0/libkgcc.a(_divdi3.o)
                0x00000000c0027168                __divdi3
 *fill*         0x00000000c00272b3        0x1 
 .text          0x00000000c00272b4      0x17e /cygdrive/d/Users/Alex/Desktop/Toolchain/Output/bin/../lib/gcc/i386-banana/8.1.0/libkgcc.a(_moddi3.o)
                0x00000000c00272b4                __moddi3
 *fill*         0x00000000c0027432        0x2 
 .text          0x00000000c0027434       0xff /cygdrive/d/Users/Alex/Desktop/Toolchain/Output/bin/../lib/gcc/i386-banana/8.1.0/libkgcc.a(_udivdi3.o)
                0x00000000c0027434                __udivdi3
 *fill*         0x00000000c0027533        0x1 
 .text          0x00000000c0027534      0x11a /cygdrive/d/Users/Alex/Desktop/Toolchain/Output/bin/../lib/gcc/i386-banana/8.1.0/libkgcc.a(_umoddi3.o)
                0x00000000c0027534                __umoddi3
 .text          0x00000000c002764e      0x96d D:/Users/Alex/Desktop/Banana/kernel/libsoftfp.a(sfieeelib.o)
                0x00000000c002764e                __addsf3
                0x00000000c0027950                __subsf3
                0x00000000c0027964                __negsf2
                0x00000000c0027971                __mulsf3
                0x00000000c0027b34                __divsf3
                0x00000000c0027d5f                __floatsisf
                0x00000000c0027dd3                __floatunsisf
                0x00000000c0027e15                __fixsfsi
                0x00000000c0027e77                __fixunssfsi