Archive member included to satisfy reference by file (symbol)

/cygdrive/d/Users/Alex/Desktop/Toolchain/Output/bin/../lib/gcc/i386-banana/8.1.0/libkgcc.a(_divdi3.o)
                              fs/fat/ff.32 (__divdi3)
/cygdrive/d/Users/Alex/Desktop/Toolchain/Output/bin/../lib/gcc/i386-banana/8.1.0/libkgcc.a(_moddi3.o)
                              compat/resolve.32 (__moddi3)
/cygdrive/d/Users/Alex/Desktop/Toolchain/Output/bin/../lib/gcc/i386-banana/8.1.0/libkgcc.a(_udivdi3.o)
                              fs/fat/ff.32 (__udivdi3)
/cygdrive/d/Users/Alex/Desktop/Toolchain/Output/bin/../lib/gcc/i386-banana/8.1.0/libkgcc.a(_umoddi3.o)
                              compat/resolve.32 (__umoddi3)

Discarded input sections

 .comment       0x0000000000000000       0x12 /cygdrive/d/Users/Alex/Desktop/Toolchain/Output/bin/../lib/gcc/i386-banana/8.1.0/crtbegin.o
 .comment       0x0000000000000000       0x12 acpica/utclib.32
 .comment       0x0000000000000000       0x12 core/malloc.32
 .comment       0x0000000000000000       0x12 libk/string.32
 .comment       0x0000000000000000       0x12 fs/fat/diskio.32
 .comment       0x0000000000000000       0x12 fs/fat/ff.32
 .comment       0x0000000000000000       0x12 fs/fat/ffsystem.32
 .comment       0x0000000000000000       0x12 fs/fat/ffunicode.32
 .comment       0x0000000000000000       0x12 compat/inlines.32
 .comment       0x0000000000000000       0x12 compat/resolve.32
 .group         0x0000000000000000       0x14 core/computer.32
 .group         0x0000000000000000        0xc core/computer.32
 .comment       0x0000000000000000       0x12 core/computer.32
 .comment       0x0000000000000000       0x12 core/gdt.32
 .group         0x0000000000000000        0xc core/idle.32
 .comment       0x0000000000000000       0x12 core/idle.32
 .comment       0x0000000000000000       0x12 core/idt.32
 .comment       0x0000000000000000       0x12 core/kheap.32
 .comment       0x0000000000000000       0x12 core/main.32
 .comment       0x0000000000000000       0x12 core/physmgr.32
 .group         0x0000000000000000        0xc core/pipe.32
 .comment       0x0000000000000000       0x12 core/pipe.32
 .group         0x0000000000000000        0xc core/terminal.32
 .comment       0x0000000000000000       0x12 core/terminal.32
 .comment       0x0000000000000000       0x12 core/tss.32
 .group         0x0000000000000000        0x8 core/unixfile.32
 .group         0x0000000000000000        0x8 core/unixfile.32
 .group         0x0000000000000000        0xc core/unixfile.32
 .group         0x0000000000000000        0x8 core/unixfile.32
 .group         0x0000000000000000        0xc core/unixfile.32
 .group         0x0000000000000000        0x8 core/unixfile.32
 .group         0x0000000000000000        0xc core/unixfile.32
 .group         0x0000000000000000        0xc core/unixfile.32
 .comment       0x0000000000000000       0x12 core/unixfile.32
 .comment       0x0000000000000000       0x12 core/virtmgr.32
 .comment       0x0000000000000000       0x12 coreobjs/c++.32
 .comment       0x0000000000000000       0x12 dbg/kconsole.32
 .group         0x0000000000000000        0xc fs/vfs.32
 .group         0x0000000000000000        0xc fs/vfs.32
 .group         0x0000000000000000        0xc fs/vfs.32
 .comment       0x0000000000000000       0x12 fs/vfs.32
 .group         0x0000000000000000        0xc hal/bus.32
 .comment       0x0000000000000000       0x12 hal/bus.32
 .group         0x0000000000000000        0xc hal/buzzer.32
 .comment       0x0000000000000000       0x12 hal/buzzer.32
 .group         0x0000000000000000        0xc hal/clock.32
 .comment       0x0000000000000000       0x12 hal/clock.32
 .group         0x0000000000000000       0x14 hal/device.32
 .group         0x0000000000000000        0xc hal/device.32
 .group         0x0000000000000000        0x8 hal/device.32
 .group         0x0000000000000000        0xc hal/device.32
 .group         0x0000000000000000        0xc hal/device.32
 .comment       0x0000000000000000       0x12 hal/device.32
 .group         0x0000000000000000        0xc hal/diskctrl.32
 .comment       0x0000000000000000       0x12 hal/diskctrl.32
 .group         0x0000000000000000        0xc hal/diskphys.32
 .comment       0x0000000000000000       0x12 hal/diskphys.32
 .group         0x0000000000000000        0xc hal/fpu.32
 .comment       0x0000000000000000       0x12 hal/fpu.32
 .group         0x0000000000000000        0xc hal/intctrl.32
 .comment       0x0000000000000000       0x12 hal/intctrl.32
 .group         0x0000000000000000        0xc hal/keybrd.32
 .comment       0x0000000000000000       0x12 hal/keybrd.32
 .group         0x0000000000000000        0xc hal/logidisk.32
 .comment       0x0000000000000000       0x12 hal/logidisk.32
 .group         0x0000000000000000        0xc hal/mouse.32
 .comment       0x0000000000000000       0x12 hal/mouse.32
 .comment       0x0000000000000000       0x12 hal/partition.32
 .group         0x0000000000000000        0xc hal/serial.32
[...]
Memory Configuration

Name             Origin             Length             Attributes
*default*        0x0000000000000000 0xffffffffffffffff

Linker script and memory map

LOAD D:/Users/Alex/Desktop/Banana/kernel/boot.32
LOAD crti.32
LOAD /cygdrive/d/Users/Alex/Desktop/Toolchain/Output/bin/../lib/gcc/i386-banana/8.1.0/crtbegin.o
LOAD D:/Users/Alex/Desktop/Banana/kernel/morenasm.32
LOAD acpica/utclib.32
LOAD core/malloc.32
LOAD libk/string.32
LOAD fs/fat/diskio.32
LOAD fs/fat/ff.32
LOAD fs/fat/ffsystem.32
LOAD fs/fat/ffunicode.32
LOAD compat/inlines.32
LOAD compat/resolve.32
LOAD core/computer.32
LOAD core/gdt.32
LOAD core/idle.32
LOAD core/idt.32
LOAD core/kheap.32
LOAD core/main.32
LOAD core/physmgr.32
LOAD core/pipe.32
LOAD core/terminal.32
LOAD core/tss.32
LOAD core/unixfile.32
LOAD core/virtmgr.32
LOAD coreobjs/c++.32
LOAD dbg/kconsole.32
LOAD fs/vfs.32
LOAD hal/bus.32
LOAD hal/buzzer.32
LOAD hal/clock.32
LOAD hal/device.32
LOAD hal/diskctrl.32
LOAD hal/diskphys.32
LOAD hal/fpu.32
LOAD hal/intctrl.32
LOAD hal/keybrd.32
LOAD hal/logidisk.32
LOAD hal/mouse.32
LOAD hal/partition.32
LOAD hal/serial.32
LOAD hal/timer.32
LOAD hal/vcache.32
LOAD hal/video.32
LOAD hw/acpi.32
LOAD hw/cpu.32
LOAD hw/ports.32
LOAD hw/smp.32
LOAD krnl/env.32
LOAD krnl/panic.32
LOAD krnl/powctrl.32
LOAD krnl/rand.32
LOAD net/ethernet.32
LOAD reg/registry.32
LOAD sys/sc_eject.32
LOAD sys/sc_exit.32
LOAD sys/sc_getcwd.32
LOAD sys/sc_getpid.32
LOAD sys/sc_getramdata.32
LOAD sys/sc_getvgaptr.32
LOAD sys/sc_loaddll.32
LOAD sys/sc_read.32
LOAD sys/sc_sbrk.32
LOAD sys/sc_setcwd.32
LOAD sys/sc_settime.32
LOAD sys/sc_timezone.32
LOAD sys/sc_write.32
LOAD sys/sc_wsbe.32
LOAD sys/sc_yield.32
LOAD sys/syscalls.32
LOAD thr/elf.32
LOAD thr/prcssthr.32
LOAD vm86/vm8086.32
LOAD vm86/x87em.32
LOAD fs/fat/vfslink.32
LOAD fs/iso9660/vfslink.32
LOAD hal/sound/sndcard.32
LOAD hal/sound/sndport.32
LOAD hw/bus/isa.32
LOAD hw/bus/pci.32
LOAD hw/diskctrl/ide.32
LOAD hw/diskctrl/satabus.32
LOAD hw/diskphys/ata.32
LOAD hw/diskphys/atapi.32
LOAD hw/diskphys/sata.32
LOAD hw/diskphys/satapi.32
LOAD hw/fpu/avx.32
LOAD hw/fpu/mmx.32
LOAD hw/fpu/sse.32
LOAD hw/fpu/x87.32
LOAD hw/intctrl/apic.32
LOAD hw/intctrl/pic.32
LOAD hw/timer/apictimer.32
LOAD hw/timer/pit.32
LOAD hw/fpu/x86/avx.32
LOAD hw/fpu/x86/sse.32
LOAD hw/fpu/x86/x87.32
LOAD /cygdrive/d/Users/Alex/Desktop/Toolchain/Output/bin/../lib/gcc/i386-banana/8.1.0/crtend.o
LOAD crtn.32
LOAD /cygdrive/d/Users/Alex/Desktop/Toolchain/Output/bin/../lib/gcc/i386-banana/8.1.0/libkgcc.a
LOAD D:/Users/Alex/Desktop/Banana/kernel/libsoftfp.a
LOAD D:/Users/Alex/Desktop/Banana/kernel/libk/libm32.a
                0x00000000c0000000                . = 0xc0000000

.text           0x00000000c0000000    0x2320a
 *(.text)
 .text          0x00000000c0000000       0x41 D:/Users/Alex/Desktop/Banana/kernel/boot.32
                0x00000000c0000020                callGlobalConstructors
 .text          0x00000000c0000041        0x0 crti.32
 *fill*         0x00000000c0000041        0x3 
 .text          0x00000000c0000044      0x101 /cygdrive/d/Users/Alex/Desktop/Toolchain/Output/bin/../lib/gcc/i386-banana/8.1.0/crtbegin.o
 *fill*         0x00000000c0000145        0xb 
 .text          0x00000000c0000150      0x440 D:/Users/Alex/Desktop/Banana/kernel/morenasm.32
                0x00000000c0000150                manualPCIProbe
                0x00000000c000019b                prepareTramp
                0x00000000c00001b4                doTPAUSE
                0x00000000c00001be                hasLegacyFPU
                0x00000000c00001e3                is486
                0x00000000c0000219                getRDRAND
                0x00000000c0000229                detectCPUID
                0x00000000c000023f                goToVM86
                0x00000000c000026f                goToUsermode
                0x00000000c0000299                switchToThreadASMFirstTime
                0x00000000c00002a7                switchToThreadASM
                0x00000000c0000337                asmQuickAcquireLock
                0x00000000c0000355                asmQuickReleaseLock
                0x00000000c0000361                asmAcquireLock
                0x00000000c0000382                asmReleaseLock
                0x00000000c0000395                loadGDT
                0x00000000c00003b5                isr0
                0x00000000c00003c5                isr1
                0x00000000c00003cf                isr2
                0x00000000c00003d9                isr3
                0x00000000c00003e3                isr4
                0x00000000c00003ed                isr5
                0x00000000c00003f7                isr6
                0x00000000c0000401                isr7
                0x00000000c000040b                isr8
                0x00000000c0000413                isr9
                0x00000000c000041d                isr10
                0x00000000c0000425                isr11
                0x00000000c000042d                isr12
                0x00000000c0000435                isr13
                0x00000000c000043d                isr14
                0x00000000c0000445                isr15
                0x00000000c000044f                isr16
                0x00000000c0000459                isr17
                0x00000000c0000463                isr18
                0x00000000c000046d                irq3
                0x00000000c0000477                irq4
                0x00000000c0000481                irq5
                0x00000000c000048b                irq6
                0x00000000c0000495                irq7
                0x00000000c000049f                irq8
                0x00000000c00004a9                irq9
                0x00000000c00004b3                irq10
                0x00000000c00004bd                irq11
                0x00000000c00004c7                irq12
                0x00000000c00004d1                irq13
                0x00000000c00004db                irq14
                0x00000000c00004e5                irq15
                0x00000000c00004ef                irq1
                0x00000000c00004f6                irq2
                0x00000000c00004fd                isr96
                0x00000000c0000504                irq0
                0x00000000c0000509                int_common_stub
                0x00000000c0000509                syscall_common_stub
                0x00000000c000053b                irq16
                0x00000000c0000545                irq17
                0x00000000c000054f                irq18
                0x00000000c0000559                irq19
                0x00000000c0000563                irq20
                0x00000000c000056d                irq21
                0x00000000c0000577                irq22
                0x00000000c0000581                irq23
                0x00000000c000058b                memcpy
 .text          0x00000000c0000590      0x5dd acpica/utclib.32
                0x00000000c0000590                memcmp
                0x00000000c00005cc                memmove
                0x00000000c0000694                memset
                0x00000000c00006b0                strlen
                0x00000000c00006c8                strpbrk
                0x00000000c0000704                strtok
                0x00000000c0000750                strcpy
                0x00000000c0000774                strncpy
                0x00000000c00007dc                strcmp
                0x00000000c000081c                strchr
                0x00000000c0000840                strncmp
                0x00000000c0000890                strcat
                0x00000000c00008c0                strncat
                0x00000000c00008fc                strstr
                0x00000000c0000944                toupper
                0x00000000c0000958                tolower
                0x00000000c000096c                simple_strtoul
 .text          0x00000000c0000b6d      0xfad core/malloc.32
                0x00000000c0000cd8                dlfree
                0x00000000c0001033                dlmalloc
                0x00000000c0001570                dlrealloc
                0x00000000c0001713                dlmemalign
                0x00000000c0001836                dlcalloc
                0x00000000c00018d0                dlcfree
                0x00000000c00018d5                dlindependent_calloc
                0x00000000c00018fa                dlindependent_comalloc
                0x00000000c0001911                dlvalloc
                0x00000000c000193c                dlpvalloc
                0x00000000c0001972                dlmalloc_trim
                0x00000000c000197f                dlmalloc_usable_size
                0x00000000c00019b0                dlmallinfo
                0x00000000c0001a7f                dlmalloc_stats
                0x00000000c0001a90                dlmallopt
 .text          0x00000000c0001b1a        0x0 libk/string.32
 .text          0x00000000c0001b1a       0x51 fs/fat/diskio.32
                0x00000000c0001b1a                disk_status
                0x00000000c0001b1d                disk_initialize
                0x00000000c0001b20                disk_read
                0x00000000c0001b36                disk_write
                0x00000000c0001b4c                disk_ioctl
 .text          0x00000000c0001b6b     0x6a69 fs/fat/ff.32
                0x00000000c0004e39                f_mount
                0x00000000c0004e9b                f_open
                0x00000000c00052d7                f_read
                0x00000000c0005557                f_write
                0x00000000c0005811                f_sync
                0x00000000c00059ed                f_close
                0x00000000c0005a1c                f_lseek
                0x00000000c0005ed3                f_opendir
                0x00000000c0005fd5                f_closedir
                0x00000000c0005ff7                f_readdir
                0x00000000c0006092                f_stat
                0x00000000c0006121                f_getfree
                0x00000000c00062ec                f_truncate
                0x00000000c00063e4                f_unlink
                0x00000000c0006567                f_mkdir
                0x00000000c0006793                f_rename
                0x00000000c0006a86                f_chmod
                0x00000000c0006b64                f_utime
                0x00000000c0006c42                f_getlabel
                0x00000000c0006e30                f_setlabel
                0x00000000c000709d                f_expand
                0x00000000c00072d3                f_forward
                0x00000000c00074b1                f_mkfs
 .text          0x00000000c00085d4       0x2f fs/fat/ffsystem.32
                0x00000000c00085d4                ff_memalloc
                0x00000000c00085ec                ff_memfree
 *fill*         0x00000000c0008603        0x1 
 .text          0x00000000c0008604      0x274 fs/fat/ffunicode.32
                0x00000000c0008604                ff_uni2oem
                0x00000000c000869c                ff_oem2uni
                0x00000000c0008710                ff_wtoupper
 .text          0x00000000c0008878       0xa7 compat/inlines.32
                0x00000000c0008878                CPU::current()
                0x00000000c0008884                operator new(unsigned long)
                0x00000000c0008889                operator delete(void*)
                0x00000000c000888e                disableIRQs()
                0x00000000c0008896                enableIRQs()
                0x00000000c00088a5                lockScheduler()
                0x00000000c00088ad                unlockScheduler()
                0x00000000c00088bc                lockStuff()
                0x00000000c00088ca                unlockStuff()
                0x00000000c0008904                Virt::getAKernelVAS()
                0x00000000c000890a                __not_memcpy
 *fill*         0x00000000c000891f        0x1 
 .text          0x00000000c0008920      0x118 compat/resolve.32
                0x00000000c0008920                Krnl::resolveCompatibilitySymbol(char*)
 .text          0x00000000c0008a38      0xb95 core/computer.32
                0x00000000c0008a38                Computer::close(int, int, void*)
                0x00000000c0008a7c                Krnl::firstTask()
                0x00000000c0008bd0                Computer::Computer()
                0x00000000c0008bd0                Computer::Computer()
                0x00000000c0008d2c                Computer::setBootMessage(char const*)
                0x00000000c0008d2e                Computer::detectFeatures()
                0x00000000c0008f38                Computer::displayFeatures()
                0x00000000c000927e                Computer::rdmsr(unsigned int)
                0x00000000c00092aa                Computer::wrmsr(unsigned int, unsigned long long)
                0x00000000c00092e2                Computer::shutdown()
                0x00000000c00092fa                Computer::restart()
                0x00000000c0009312                Computer::sleep()
                0x00000000c0009326                Computer::nmiEnabled()
                0x00000000c0009332                Computer::readCMOS(unsigned char)
                0x00000000c000934c                Computer::enableNMI(bool)
                0x00000000c0009364                Computer::open(int, int, void*)
                0x00000000c0009510                Computer::disableNMI()
                0x00000000c000951e                Computer::writeCMOS(unsigned char, unsigned char)
                0x00000000c000953c                Computer::handleNMI()
                0x00000000c00095a2                Computer::setDiskActivityLight(int, bool)
 *fill*         0x00000000c00095cd        0x1 
 .text          0x00000000c00095ce      0x211 core/gdt.32
                0x00000000c00095ce                GDTEntry::setBase(unsigned int)
                0x00000000c00095ea                GDTEntry::setLimit(unsigned int)
                0x00000000c0009608                GDT::GDT()
                0x00000000c0009608                GDT::GDT()
                0x00000000c000961e                GDT::addEntry(GDTEntry)
                0x00000000c0009640                GDT::getNumberOfEntries()
                0x00000000c0009648                GDT::flush()
                0x00000000c000966a                GDT::setup()
 .text          0x00000000c00097df       0x6b core/idle.32
                0x00000000c00097df                idleFunction(void*)
 *fill*         0x00000000c000984a        0x2 
 .text          0x00000000c000984c      0x464 core/idt.32
                0x00000000c000984c                IDTEntry::IDTEntry(bool)
                0x00000000c000984c                IDTEntry::IDTEntry(bool)
                0x00000000c00098be                IDTEntry::setOffset(unsigned int)
                0x00000000c00098d4                IDT::IDT()
                0x00000000c00098d4                IDT::IDT()
                0x00000000c00098d6                IDT::getPointerToInvalidOpcodeEntryForF00F()
                0x00000000c00098de                IDT::addEntry(IDTEntry, int)
                0x00000000c00098f8                IDT::addEntry(int, void (*)(), bool)
                0x00000000c0009930                IDT::flush()
                0x00000000c000994a                IDT::setup()
 .text          0x00000000c0009cb0      0x191 core/kheap.32
                0x00000000c0009cb0                sbrk
                0x00000000c0009d53                mmap
                0x00000000c0009d69                munmap
                0x00000000c0009d7f                liballoc_lock()
                0x00000000c0009d8c                liballoc_unlock()
                0x00000000c0009da0                liballoc_alloc(int)
                0x00000000c0009db8                liballoc_free(void*, int)
                0x00000000c0009dd3                realloc
                0x00000000c0009de7                malloc
                0x00000000c0009df7                free
                0x00000000c0009e07                rfree
                0x00000000c0009e17                calloc
 .text          0x00000000c0009e41      0x437 core/main.32
                0x00000000c0009e41                Krnl::setBootMessage(char const*)
                0x00000000c0009ead                kernel_main
 .text          0x00000000c000a278      0x668 core/physmgr.32
                0x00000000c000a278                Phys::allocateDMA(unsigned long)
                0x00000000c000a387                Phys::freeDMA(unsigned long, unsigned long)
                0x00000000c000a3cd                Phys::setPageState(unsigned long, bool)
                0x00000000c000a3ff                Phys::getPageState(unsigned long)
                0x00000000c000a41b                Phys::freePage(unsigned long)
                0x00000000c000a49e                Phys::allocatePage()
                0x00000000c000a589                Phys::allocateContiguousPages(int)
                0x00000000c000a5e5                Phys::allowSegmentToBeUsed(unsigned long, unsigned long)
                0x00000000c000a61d                Phys::physicalMemorySetup(unsigned int)
 .text          0x00000000c000a8e0      0x273 core/pipe.32
                0x00000000c000a8e0                Pipe::isAtty()
                0x00000000c000a8e4                Pipe::~Pipe()
                0x00000000c000a8e4                Pipe::~Pipe()
                0x00000000c000a908                Pipe::~Pipe()
                0x00000000c000a930                Pipe::read(unsigned long long, void*, int*)
                0x00000000c000aa2c                Pipe::write(unsigned long long, void*, int*)
                0x00000000c000aaec                Pipe::Pipe(int)
                0x00000000c000aaec                Pipe::Pipe(int)
 *fill*         0x00000000c000ab53        0x1 
 .text          0x00000000c000ab54      0xb8f core/terminal.32
                0x00000000c000ab54                VgaText::isAtty()
                0x00000000c000ab58                VgaText::~VgaText()
                0x00000000c000ab58                VgaText::~VgaText()
                0x00000000c000ab7c                VgaText::~VgaText()
                0x00000000c000aba6                VgaText::read(unsigned long long, void*, int*)
                0x00000000c000abc6                setTerminalScrollLock(bool)
                0x00000000c000abc7                addToTerminalCycle(VgaText*)
                0x00000000c000abe8                installVgaTextImplementation()
                0x00000000c000abfd                scrollTerminalScrollLock(int)
                0x00000000c000abfe                VgaText::updateTitle()
                0x00000000c000ac3c                VgaText::load()
                0x00000000c000ac8a                VgaText::updateCursor()
                0x00000000c000aca0                VgaText::doANSI_SGR(int)
                0x00000000c000ad14                VgaText::setDefaultBgColour(VgaColour)
                0x00000000c000ad24                VgaText::setDefaultFgColour(VgaColour)
                0x00000000c000ad34                VgaText::setDefaultColours(VgaColour, VgaColour)
                0x00000000c000ad54                VgaText::setTitleTextColour(VgaColour)
                0x00000000c000ad64                VgaText::setTitleColour(VgaColour)
                0x00000000c000ad74                VgaText::setTitle(char*)
                0x00000000c000ad9a                VgaText::combineColours(unsigned char, unsigned char)
                0x00000000c000adac                VgaText::scrollScreen()
                0x00000000c000ae40                VgaText::combineCharAndColour(char, unsigned char)
                0x00000000c000ae52                VgaText::writeCharacter(char, VgaColour, VgaColour, int, int)
                0x00000000c000aeae                VgaText::getCursorX()
                0x00000000c000aeb6                VgaText::getCursorY()
                0x00000000c000aebe                VgaText::setCursor(int, int)
                0x00000000c000aed5                setActiveTerminal(VgaText*)
                0x00000000c000af37                doTerminalCycle()
                0x00000000c000af52                VgaText::setCursorX(int)
                0x00000000c000af6a                VgaText::setCursorY(int)
                0x00000000c000af82                VgaText::incrementCursor(bool)
                0x00000000c000afd6                VgaText::decrementCursor(bool)
                0x00000000c000aff8                VgaText::putchar(char, VgaColour, VgaColour)
                0x00000000c000b0d0                VgaText::doUpdate()
                0x00000000c000b0de                VgaText::puts(char const*, VgaColour, VgaColour)
                0x00000000c000b256                VgaText::clearScreen()
                0x00000000c000b2b0                VgaText::putchar(char)
                0x00000000c000b39c                VgaText::putx(unsigned int)
                0x00000000c000b3e2                VgaText::puts(char const*)
                0x00000000c000b408                VgaText::VgaText(char const*)
                0x00000000c000b408                VgaText::VgaText(char const*)
                0x00000000c000b584                VgaText::receiveKey(unsigned char)
                0x00000000c000b66a                VgaText::write(unsigned long long, void*, int*)
                0x00000000c000b6be                newTerminal(char*)
 *fill*         0x00000000c000b6e3        0x1 
 .text          0x00000000c000b6e4      0x1a1 core/tss.32
                0x00000000c000b6e4                TSS::TSS()
                0x00000000c000b6e4                TSS::TSS()
                0x00000000c000b6f4                TSS::setESP(unsigned long)
                0x00000000c000b708                TSS::flush()
                0x00000000c000b728                TSS::setup(unsigned long, unsigned long)
 *fill*         0x00000000c000b885        0x1 
 .text          0x00000000c000b886      0x4c2 core/unixfile.32
                0x00000000c000b886                ReservedFilename::read(unsigned long long, void*, int*)
                0x00000000c000b8dc                ReservedFilename::isAtty()
                0x00000000c000b8f8                ReservedFilename::write(unsigned long long, void*, int*)
                0x00000000c000b956                UnixFile::getFileDescriptor()
                0x00000000c000b95e                UnixFile::UnixFile(int)
                0x00000000c000b95e                UnixFile::UnixFile(int)
                0x00000000c000bb0e                ReservedFilename::ReservedFilename(int)
                0x00000000c000bb0e                ReservedFilename::ReservedFilename(int)
                0x00000000c000bb40                UnixFile::~UnixFile()
                0x00000000c000bb40                UnixFile::~UnixFile()
                0x00000000c000bbd8                UnixFile::~UnixFile()
                0x00000000c000bc00                ReservedFilename::~ReservedFilename()
                0x00000000c000bc00                ReservedFilename::~ReservedFilename()
                0x00000000c000bc24                ReservedFilename::~ReservedFilename()
                0x00000000c000bc4b                getFromFileDescriptor(int)
 .text          0x00000000c000bd48     0x1268 core/virtmgr.32
                0x00000000c000bd48                Virt::setPageState(unsigned long, Virt::VirtPageState)
                0x00000000c000bd7d                Virt::getPageState(unsigned long)
                0x00000000c000bda1                Virt::allocateKernelVirtualPages(int)
                0x00000000c000beb2                Virt::freeSwapfilePage(unsigned long)
                0x00000000c000bed0                Virt::swapIDToSector(unsigned long)
                0x00000000c000bee2                Virt::allocateSwapfilePage()
                0x00000000c000bf60                Virt::virtualMemorySetup()
                0x00000000c000bfab                Virt::setupPageSwapping(int)
                0x00000000c000c01c                VAS::VAS(VAS*)
                0x00000000c000c01c                VAS::VAS(VAS*)
                0x00000000c000c04a                VAS::getForeignPageTableEntry(bool, unsigned long)
                0x00000000c000c076                VAS::getPageTableEntry(unsigned long)
                0x00000000c000c095                Virt::freeKernelVirtualPages(unsigned long)
                0x00000000c000c1b8                VAS::freeAllocatedPages(unsigned long)
                0x00000000c000c1dc                VAS::virtualToPhysical(unsigned long)
                0x00000000c000c1f4                VAS::reflagRange(unsigned long, int, int, int)
                0x00000000c000c234                VAS::setToWriteCombining(unsigned long, int)
                0x00000000c000c266                VAS::mapOtherVASIn(bool, VAS*)
                0x00000000c000c290                VAS::~VAS()
                0x00000000c000c290                VAS::~VAS()
                0x00000000c000c40c                VAS::mapPage(unsigned long, unsigned long, int)
                0x00000000c000c50e                VAS::allocatePages(int, int)
                0x00000000c000c6e6                VAS::setCPUSpecific(unsigned long)
                0x00000000c000c702                VAS::mapRange(unsigned long, unsigned long, int, int)
                0x00000000c000c7c8                VAS::mapForeignPage(bool, VAS*, unsigned long, unsigned long, int)
                0x00000000c000c8b6                VAS::VAS(bool)
                0x00000000c000c8b6                VAS::VAS(bool)
                0x00000000c000cb36                VAS::VAS()
                0x00000000c000cb36                VAS::VAS()
                0x00000000c000cbc2                VAS::evict(unsigned long)
                0x00000000c000cc92                VAS::tryLoadBackOffDisk(unsigned long)
                0x00000000c000cda6                VAS::scanForEviction()
                0x00000000c000ce84                mapVASFirstTime
 .text          0x00000000c000cfb0       0x95 coreobjs/c++.32
                0x00000000c000cfb0                __cxa_atexit
                0x00000000c000cfb3                __cxa_finalize
                0x00000000c000cfb4                __stack_chk_fail
                0x00000000c000d020                __cxa_pure_virtual
                0x00000000c000d031                operator new[](unsigned long)
                0x00000000c000d036                operator delete(void*, unsigned long)
                0x00000000c000d03b                operator delete[](void*)
                0x00000000c000d040                operator delete[](void*, unsigned long)
 .text          0x00000000c000d045      0x1fc dbg/kconsole.32
                0x00000000c000d045                Dbg::stringifyxWithBase(unsigned int, char*, int)
                0x00000000c000d09e                Dbg::logc(char)
                0x00000000c000d0be                Dbg::logs(char*)
                0x00000000c000d0db                Dbg::logWriteInt(unsigned int)
                0x00000000c000d0f8                Dbg::logWriteIntBase(unsigned int, int)
                0x00000000c000d117                Dbg::kprintf(char const*, ...)
 *fill*         0x00000000c000d241        0x1 
 .text          0x00000000c000d242      0xcac fs/vfs.32
                0x00000000c000d242                File::read(unsigned long long, void*, int*)
                0x00000000c000d29a                File::write(unsigned long long, void*, int*)
                0x00000000c000d2f2                Directory::read(unsigned long long, void*, int*)
                0x00000000c000d34a                Directory::write(unsigned long long, void*, int*)
                0x00000000c000d378                File::isAtty()
                0x00000000c000d37c                Directory::isAtty()
                0x00000000c000d380                Filesystem::getlabel(LogicalDisk*, int, char*, unsigned int*)
                0x00000000c000d386                Filesystem::setlabel(LogicalDisk*, int, char*)
                0x00000000c000d38c                Filesystem::allocateSwapfile(char const*, int)
                0x00000000c000d392                File::~File()
                0x00000000c000d392                File::~File()
                0x00000000c000d3b6                File::~File()
                0x00000000c000d3e0                Directory::~Directory()
                0x00000000c000d3e0                Directory::~Directory()
                0x00000000c000d404                Directory::~Directory()
                0x00000000c000d42e                Filesystem::Filesystem()
                0x00000000c000d42e                Filesystem::Filesystem()
                0x00000000c000d452                Filesystem::~Filesystem()
                0x00000000c000d452                Filesystem::~Filesystem()
                0x00000000c000d460                Filesystem::~Filesystem()
                0x00000000c000d484                Fs::getcwd(Process*, char*, int)
                0x00000000c000d4ae                Fs::initVFS()
                0x00000000c000d4d8                Fs::standardiseFiles(char*, char const*, char const*)
                0x00000000c000d682                File::File(char const*, Process*)
                0x00000000c000d682                File::File(char const*, Process*)
                0x00000000c000d75c                File::open(FileOpenMode)
                0x00000000c000d7ba                File::close()
                0x00000000c000d81a                File::seek(unsigned long long)
                0x00000000c000d870                File::tell(unsigned long long*)
                0x00000000c000d8c0                File::rewind()
                0x00000000c000d8d4                File::unlink()
                0x00000000c000d920                File::rename(char const*)
                0x00000000c000d96e                File::chfatattr(unsigned char, unsigned char)
                0x00000000c000d9ca                File::exists()
                0x00000000c000da08                File::stat(unsigned long long*, bool*)
                0x00000000c000da69                Fs::setcwd(Process*, char*)
                0x00000000c000dbe2                Directory::Directory(char const*, Process*)
                0x00000000c000dbe2                Directory::Directory(char const*, Process*)
                0x00000000c000dcbc                Directory::open()
                0x00000000c000dd18                Directory::close()
                0x00000000c000dd78                Directory::unlink()
                0x00000000c000ddc4                Directory::rename(char const*)
                0x00000000c000de12                Directory::exists()
                0x00000000c000de50                Directory::read(dirent*)
                0x00000000c000de9c                Directory::create()
                0x00000000c000dee8                Filesystem::chfatattr(char const*, unsigned char, unsigned char)
 *fill*         0x00000000c000deee        0x2 
 .text          0x00000000c000def0       0x86 hal/bus.32
                0x00000000c000def0                Bus::Bus(char const*)
                0x00000000c000def0                Bus::Bus(char const*)
                0x00000000c000df28                Bus::~Bus()
                0x00000000c000df28                Bus::~Bus()
                0x00000000c000df4c                Bus::~Bus()
 *fill*         0x00000000c000df76        0x2 
 .text          0x00000000c000df78      0x153 hal/buzzer.32
                0x00000000c000df78                Buzzer::Buzzer(char const*)
                0x00000000c000df78                Buzzer::Buzzer(char const*)
                0x00000000c000dfbc                Buzzer::~Buzzer()
                0x00000000c000dfbc                Buzzer::~Buzzer()
                0x00000000c000dfe0                Buzzer::~Buzzer()
                0x00000000c000e00a                Buzzer::stop()
                0x00000000c000e01d                beepThread(void*)
                0x00000000c000e05e                Buzzer::beep(int, int, bool)
 *fill*         0x00000000c000e0cb        0x1 
 .text          0x00000000c000e0cc      0x467 hal/clock.32
                0x00000000c000e0cc                User::loadClockSettings(int)
                0x00000000c000e11e                Clock::Clock(char const*)
                0x00000000c000e11e                Clock::Clock(char const*)
                0x00000000c000e154                Clock::~Clock()
                0x00000000c000e154                Clock::~Clock()
                0x00000000c000e178                Clock::~Clock()
                0x00000000c000e1a2                Clock::timeInSecondsLocal()
                0x00000000c000e1ea                Clock::setTimeInSecondsLocal(unsigned long long)
                0x00000000c000e243                datetimeToSeconds(datetime_t)
                0x00000000c000e36a                Clock::setTimeInDatetimeLocal(datetime_t)
                0x00000000c000e3ca                secondsToDatetime(unsigned long long)
                0x00000000c000e50e                Clock::timeInDatetimeLocal()
 *fill*         0x00000000c000e533        0x1 
 .text          0x00000000c000e534      0x504 hal/device.32
                0x00000000c000e534                Device::hibernate()
                0x00000000c000e536                Device::wake()
                0x00000000c000e538                Device::detect()
                0x00000000c000e53a                Device::disableLegacy()
                0x00000000c000e53c                Device::powerSaving(PowerSavingLevel)
                0x00000000c000e53e                DriverlessDevice::close(int, int, void*)
                0x00000000c000e542                DriverlessDevice::detect()
                0x00000000c000e544                DriverlessDevice::open(int, int, void*)
                0x00000000c000e558                Device::~Device()
                0x00000000c000e558                Device::~Device()
                0x00000000c000e566                Device::~Device()
                0x00000000c000e58e                Device::findAndLoadDriver()
                0x00000000c000e59c                Device::preOpenPCI(PCIDeviceInfo)
                0x00000000c000e5c2                Device::preOpenACPI(void*, char*, char*)
                0x00000000c000e602                Device::addIRQHandler(int, void (*)(regs*, void*), bool, void*)
                0x00000000c000e640                Device::getParent()
                0x00000000c000e64c                Device::removeIRQHandler(int, void (*)(regs*, void*), bool)
                0x00000000c000e68a                Device::addChild(Device*)
                0x00000000c000e6ce                Device::removeAllChildren()
                0x00000000c000e714                Device::hibernateAll()
                0x00000000c000e744                Device::wakeAll()
                0x00000000c000e774                Device::detectAll()
                0x00000000c000e7a4                Device::disableLegacyAll()
                0x00000000c000e7d4                Device::loadDriversForAll()
                0x00000000c000e814                Device::closeAll()
                0x00000000c000e84a                Device::powerSavingAll(PowerSavingLevel)
                0x00000000c000e880                Device::setName(char const*)
                0x00000000c000e88e                Device::Device(char const*)
                0x00000000c000e88e                Device::Device(char const*)
                0x00000000c000e98a                Device::getName()
                0x00000000c000e994                DriverlessDevice::DriverlessDevice(char const*)
                0x00000000c000e994                DriverlessDevice::DriverlessDevice(char const*)
                0x00000000c000e9ca                Device::addToLinkedList(LinkedList<Device>&, DeviceType)
                0x00000000c000ea0e                getDevicesOfType(DeviceType)
 .text          0x00000000c000ea38       0x86 hal/diskctrl.32
                0x00000000c000ea38                HardDiskController::HardDiskController(char const*)
                0x00000000c000ea38                HardDiskController::HardDiskController(char const*)
                0x00000000c000ea70                HardDiskController::~HardDiskController()
                0x00000000c000ea70                HardDiskController::~HardDiskController()
                0x00000000c000ea94                HardDiskController::~HardDiskController()
 .text          0x00000000c000eabe       0xe2 hal/diskphys.32
                0x00000000c000eabe                PhysicalDisk::eject()
                0x00000000c000eac2                PhysicalDisk::PhysicalDisk(char const*, int)
                0x00000000c000eac2                PhysicalDisk::PhysicalDisk(char const*, int)
                0x00000000c000eb2a                PhysicalDisk::startCache()
                0x00000000c000eb52                PhysicalDisk::~PhysicalDisk()
                0x00000000c000eb52                PhysicalDisk::~PhysicalDisk()
                0x00000000c000eb76                PhysicalDisk::~PhysicalDisk()
 .text          0x00000000c000eba0      0x15f hal/fpu.32
                0x00000000c000eba0                FPU::FPU(char const*)
                0x00000000c000eba0                FPU::FPU(char const*)
                0x00000000c000ebd8                FPU::~FPU()
                0x00000000c000ebd8                FPU::~FPU()
                0x00000000c000ebfc                FPU::~FPU()
                0x00000000c000ec26                setupFPU()
 *fill*         0x00000000c000ecff        0x1 
 .text          0x00000000c000ed00     0x12cf hal/intctrl.32
                0x00000000c000ed00                InterruptController::uninstallISRHandler(int, void (*)(regs*, void*))
                0x00000000c000ed38                InterruptController::installISRHandler(int, void (*)(regs*, void*), void*)
                0x00000000c000ed8a                doubleFault(regs*, void*)
                0x00000000c000eda4                InterruptController::installIRQHandler(int, void (*)(regs*, void*), bool, void*)
                0x00000000c000ee40                InterruptController::clearAllHandlers(int, bool)
                0x00000000c000eee8                InterruptController::uninstallIRQHandler(int, void (*)(regs*, void*), bool)
                0x00000000c000ef6f                nmiHandler(regs*, void*)
                0x00000000c000ef7d                int_handler
                0x00000000c000f01e                InterruptController::InterruptController(char const*)
                0x00000000c000f01e                InterruptController::InterruptController(char const*)
                0x00000000c000f0c4                InterruptController::~InterruptController()
                0x00000000c000f0c4                InterruptController::~InterruptController()
                0x00000000c000f0e8                InterruptController::~InterruptController()
                0x00000000c000f112                displayDebugInfo(regs*)
                0x00000000c000f5a1                x87EmulHandler(regs*, void*)
                0x00000000c000f6ea                gpFault(regs*, void*)
                0x00000000c000f723                pgFault(regs*, void*)
                0x00000000c000f772                otherISRHandler(regs*, void*)
                0x00000000c000f791                opcodeFault(regs*, void*)
                0x00000000c000fb6b                displayProgramFault(char const*)
                0x00000000c000fb93                setupInterruptController()
                0x00000000c000ff82                InterruptController::convertLegacyIRQNumber(int)
 *fill*         0x00000000c000ffcf        0x1 
 .text          0x00000000c000ffd0      0x778 hal/keybrd.32
                0x00000000c000ffd0                startGUI(void*)
                0x00000000c001003c                startGUIVESA(void*)
                0x00000000c00100a8                sendKeyToTerminal(unsigned char)
                0x00000000c0010166                sendKeyboardToken(KeyboardToken)
                0x00000000c0010598                clearInternalKeybuffer(VgaText*)
                0x00000000c00105cd                readKeyboard(VgaText*, char*, unsigned long)
                0x00000000c00106be                Keyboard::Keyboard(char const*)
                0x00000000c00106be                Keyboard::Keyboard(char const*)
                0x00000000c00106fa                Keyboard::~Keyboard()
                0x00000000c00106fa                Keyboard::~Keyboard()
                0x00000000c001071e                Keyboard::~Keyboard()
 .text          0x00000000c0010748      0x42a hal/logidisk.32
                0x00000000c0010748                LogicalDisk::close(int, int, void*)
                0x00000000c001074c                LogicalDisk::~LogicalDisk()
                0x00000000c001074c                LogicalDisk::~LogicalDisk()
                0x00000000c0010770                LogicalDisk::~LogicalDisk()
                0x00000000c001079a                LogicalDisk::open(int, int, void*)
                0x00000000c00107ae                LogicalDisk::absoluteToRelative(unsigned long long)
                0x00000000c00107e6                LogicalDisk::relativeToAbsolute(unsigned long long)
                0x00000000c001082c                LogicalDisk::LogicalDisk(char const*, PhysicalDisk*, unsigned long long, unsigned long long)
                0x00000000c001082c                LogicalDisk::LogicalDisk(char const*, PhysicalDisk*, unsigned long long, unsigned long long)
                0x00000000c00108e2                LogicalDisk::assignDriveLetter()
                0x00000000c0010998                LogicalDisk::mount()
                0x00000000c0010a20                LogicalDisk::unmount()
                0x00000000c0010a30                LogicalDisk::eject()
                0x00000000c0010a44                LogicalDisk::unassignDriveLetter()
                0x00000000c0010a9a                LogicalDisk::read(unsigned long long, int, void*)
                0x00000000c0010b06                LogicalDisk::write(unsigned long long, int, void*)
 *fill*         0x00000000c0010b72        0x2 
 .text          0x00000000c0010b74       0x86 hal/mouse.32
                0x00000000c0010b74                Mouse::Mouse(char const*)
                0x00000000c0010b74                Mouse::Mouse(char const*)
                0x00000000c0010bac                Mouse::~Mouse()
                0x00000000c0010bac                Mouse::~Mouse()
                0x00000000c0010bd0                Mouse::~Mouse()
 .text          0x00000000c0010bfa      0x339 hal/partition.32
                0x00000000c0010bfa                makePartition(PhysicalDisk*, unsigned long long, unsigned long long)
                0x00000000c0010ca2                createPartitionsForDisk(PhysicalDisk*)
 *fill*         0x00000000c0010f33        0x1 
 .text          0x00000000c0010f34       0x86 hal/serial.32
                0x00000000c0010f34                Serial::Serial(char const*)
                0x00000000c0010f34                Serial::Serial(char const*)
                0x00000000c0010f6c                Serial::~Serial()
                0x00000000c0010f6c                Serial::~Serial()
                0x00000000c0010f90                Serial::~Serial()
 *fill*         0x00000000c0010fba        0x2 
 .text          0x00000000c0010fbc      0x2f2 hal/timer.32
                0x00000000c0010fbc                Timer::Timer(char const*)
                0x00000000c0010fbc                Timer::Timer(char const*)
                0x00000000c0010ff4                Timer::~Timer()
                0x00000000c0010ff4                Timer::~Timer()
                0x00000000c0011018                Timer::~Timer()
                0x00000000c0011042                Timer::read()
                0x00000000c001104d                timerHandler(unsigned int)
                0x00000000c00111b4                setupTimer(int)
 *fill*         0x00000000c00112ae        0x2 
 .text          0x00000000c00112b0      0x43e hal/vcache.32
                0x00000000c00112b0                VCache::VCache(PhysicalDisk*)
                0x00000000c00112b0                VCache::VCache(PhysicalDisk*)
                0x00000000c0011418                VCache::invalidateReadBuffer()
                0x00000000c0011428                VCache::writeWriteBuffer()
                0x00000000c0011474                VCache::~VCache()
                0x00000000c0011474                VCache::~VCache()
                0x00000000c00114c8                VCache::~VCache()
                0x00000000c00114f0                VCache::write(unsigned long long, int, void*)
                0x00000000c00115ea                VCache::read(unsigned long long, int, void*)
 .text          0x00000000c00116ee      0x4b3 hal/video.32
                0x00000000c00116ee                Video::putrect(int, int, int, int, unsigned int)
                0x00000000c001173a                Video::bitblit(int, int, int, int, int, int, int, unsigned int*)
                0x00000000c00117aa                Video::blit(unsigned int*, int, int, int, int)
                0x00000000c0011828                Video::clearScreen(unsigned int)
                0x00000000c001185c                Video::putpixel(int, int, unsigned int)
                0x00000000c001186a                Video::Video(char const*)
                0x00000000c001186a                Video::Video(char const*)
                0x00000000c00118a0                Video::~Video()
                0x00000000c00118a0                Video::~Video()
                0x00000000c00118c4                Video::~Video()
                0x00000000c00118ee                Video::isMonochrome()
                0x00000000c00118fa                Video::getWidth()
                0x00000000c0011906                Video::getHeight()
                0x00000000c0011912                Video::drawCursor(int, int, unsigned char*, int)
                0x00000000c00119ce                Video::tgaParse(unsigned char*, int, int*, int*)
                0x00000000c0011b36                Video::putTGA(int, int, unsigned char*, int)
 *fill*         0x00000000c0011ba1        0x3 
 .text          0x00000000c0011ba4     0x1707 hw/acpi.32
                0x00000000c0011ba4                ACPI::close(int, int, void*)
                0x00000000c0011c58                findRSDP()
                0x00000000c0011d2c                loadACPITables(unsigned char*)
                0x00000000c0011f90                findRSDT(unsigned char*)
                0x00000000c0012150                findDataTable(unsigned char*, char*)
                0x00000000c00121c8                scanMADT()
                0x00000000c00126a4                ACPI::ACPI()
                0x00000000c00126a4                ACPI::ACPI()
                0x00000000c0012708                ACPI::getPCIIRQAssignment(unsigned char, unsigned short, unsigned char)
                0x00000000c00127f0                ACPI::registerPCIIRQAssignment(void*, unsigned short, unsigned char, unsigned char)
                0x00000000c00128b8                ACPI::setScreenBrightnessLevel(void*, int)
                0x00000000c00128c0                ACPI::detectPCI()
                0x00000000c0012da4                ACPI::writeSimpleBootFlag(SimpleBootFlagTable*)
                0x00000000c0012dec                ACPI::sleep()
                0x00000000c0012e28                ACPI::open(int, int, void*)
 *fill*         0x00000000c00132ab        0x1 
 .text          0x00000000c00132ac     0x1861 hw/cpu.32
                0x00000000c00132ac                CPU::close(int, int, void*)
                0x00000000c00132b0                CPU::lookupAMDName(unsigned char, unsigned char)
                0x00000000c0013444                CPU::lookupIntelName(unsigned char, unsigned char)
                0x00000000c00136f2                CPU::AMD_K6_write_msr(unsigned int, unsigned int, unsigned int, CPU::REGS*)
                0x00000000c001370e                CPU::AMD_K6_read_msr(unsigned int, CPU::REGS*)
                0x00000000c0013726                CPU::AMD_K6_writeback(int, int, int)
                0x00000000c001379a                CPU::cpuid(int, unsigned long*, unsigned long*, unsigned long*, unsigned long*)
                0x00000000c001381e                CPU::cpuidCheckEDX(unsigned int)
                0x00000000c001384c                CPU::cpuidCheckECX(unsigned int)
                0x00000000c001387a                CPU::cpuidCheckExtendedEBX(unsigned int)
                0x00000000c00138a8                CPU::cpuidCheckExtendedECX(unsigned int)
                0x00000000c00138d6                CPU::CPU()
                0x00000000c00138d6                CPU::CPU()
                0x00000000c0013964                CPU::displayFeatures()
                0x00000000c0013c04                CPU::detectFeatures()
                0x00000000c001462e                CPU::setupSMEP()
                0x00000000c001463a                CPU::setupUMIP()
                0x00000000c0014644                CPU::setupTSC()
                0x00000000c001464e                CPU::setupLargePages()
                0x00000000c0014658                CPU::setupPAT()
                0x00000000c0014694                CPU::setupMTRR()
                0x00000000c0014696                CPU::setupGlobalPages()
                0x00000000c00146a0                CPU::allowUsermodeDataAccess()
                0x00000000c00146b2                CPU::prohibitUsermodeDataAccess()
                0x00000000c00146c4                CPU::setupSMAP()
                0x00000000c00146d2                CPU::setupFeatures()
                0x00000000c001479e                CPU::open(int, int, void*)
                0x00000000c0014912                CPU::decodeAddress(regs*, int*, bool*, unsigned char*)
 .text          0x00000000c0014b0d        0x0 hw/ports.32
 .text          0x00000000c0014b0d      0x16a hw/smp.32
                0x00000000c0014b0d                Krnl::smpEntry()
                0x00000000c0014b0f                Krnl::startCPU(int)
                0x00000000c0014c58                Krnl::startCPUs()
 *fill*         0x00000000c0014c77        0x1 
 .text          0x00000000c0014c78      0x581 krnl/env.32
                0x00000000c0014c78                EnvVarContainer::getEnv(char const*)
                0x00000000c0014cb6                EnvVarContainer::setEnv(char const*, char const*)
                0x00000000c0014d78                EnvVarContainer::deleteEnv(char const*)
                0x00000000c0014d7a                EnvVarContainer::loadFrom(char const*, char const*)
                0x00000000c0014f60                EnvVarContainer::__loadSystem()
                0x00000000c0014f7a                EnvVarContainer::__loadUser()
                0x00000000c0014f7c                EnvVarContainer::EnvVarContainer(Process*)
                0x00000000c0014f7c                EnvVarContainer::EnvVarContainer(Process*)
                0x00000000c0014f9e                EnvVarContainer::~EnvVarContainer()
                0x00000000c0014f9e                EnvVarContainer::~EnvVarContainer()
                0x00000000c0014fce                Krnl::getEnv(Process*, char const*)
                0x00000000c0015033                Krnl::setEnvSystem(char const*, char const*)
                0x00000000c001504d                Krnl::setEnvUser(char const*, char const*)
                0x00000000c001506c                Krnl::setEnvProcess(Process*, char const*, char const*)
                0x00000000c001507f                Krnl::deleteEnvSystem(char const*)
                0x00000000c0015080                Krnl::deleteEnvUser(char const*)
                0x00000000c0015081                Krnl::deleteEnvProcess(Process*, char const*)
                0x00000000c0015082                Krnl::newProcessEnv(Process*)
                0x00000000c00150a4                Krnl::copyProcessEnv(Process*, Process*)
                0x00000000c00150f0                Krnl::loadSystemEnv()
                0x00000000c001511e                Krnl::loadUserEnv()
                0x00000000c0015144                Krnl::flushEnv()
                0x00000000c0015145                Krnl::getProcessTotalEnvCount(Process*)
                0x00000000c0015165                Krnl::getProcessEnvPair(Process*, int)
 .text          0x00000000c00151f9      0x25f krnl/panic.32
                0x00000000c00151f9                Krnl::panic(char const*)
 .text          0x00000000c0015458      0x194 krnl/powctrl.32
                0x00000000c0015458                Krnl::powerThread(void*)
                0x00000000c00154d8                Krnl::changePowerSettings(Krnl::PowerSettings)
                0x00000000c00154ee                Krnl::userIOReceived()
                0x00000000c00154f9                Krnl::handlePowerButton()
                0x00000000c001552e                Krnl::handleSleepButton()
                0x00000000c0015563                Krnl::setupPowerManager()
 .text          0x00000000c00155ec      0x13a krnl/rand.32
                0x00000000c00155ec                Krnl::initRNG()
                0x00000000c00156c5                Krnl::rand()
 *fill*         0x00000000c0015726        0x2 
 .text          0x00000000c0015728      0x5a0 net/ethernet.32
                0x00000000c0015728                Net::switchEndian16(unsigned short)
                0x00000000c001574c                Net::switchEndian32(unsigned int)
                0x00000000c001577c                Net::crc32Calc(unsigned char*, int)
                0x00000000c0015820                Net::wrapEthernetFrame(Net::UnwrappedEthernetFrame, unsigned char*)
                0x00000000c0015a3c                Net::unwrapEthernetFrame(unsigned char*, int)
 .text          0x00000000c0015cc8      0x50e reg/registry.32
                0x00000000c0015cc8                Reg::findLineFromLoadedData(char*, char*, char*)
                0x00000000c0015e20                Reg::getLineFromRegistry(char*, char*, char*, char*)
                0x00000000c0015f75                Reg::getLine(char*, char*, char*)
                0x00000000c0015fac                Reg::readInt(char*, char*, int*)
                0x00000000c0016097                Reg::readString(char*, char*, char*, int)
                0x00000000c0016118                Reg::readBool(char*, char*, bool*)
                0x00000000c001613d                Reg::readBoolWithDefault(char*, char*, bool)
                0x00000000c0016169                Reg::readIntWithDefault(char*, char*, int)
                0x00000000c0016195                Reg::readStringWithDefault(char*, char*, char*, int, char*)
 .text          0x00000000c00161d6       0x36 sys/sc_eject.32
                0x00000000c00161d6                Sys::eject(regs*)
 .text          0x00000000c001620c       0x18 sys/sc_exit.32
                0x00000000c001620c                Sys::exit(regs*)
 .text          0x00000000c0016224       0x1f sys/sc_getcwd.32
                0x00000000c0016224                Sys::getCwd(regs*)
 .text          0x00000000c0016243        0xc sys/sc_getpid.32
                0x00000000c0016243                Sys::getPID(regs*)
 .text          0x00000000c001624f       0x1a sys/sc_getramdata.32
                0x00000000c001624f                Sys::getRAMData(regs*)
 .text          0x00000000c0016269       0x84 sys/sc_getvgaptr.32
                0x00000000c0016269                Sys::getVGAPtr(regs*)
 .text          0x00000000c00162ed       0xa8 sys/sc_loaddll.32
                0x00000000c00162ed                Sys::loadDLL(regs*)
 .text          0x00000000c0016395       0x68 sys/sc_read.32
                0x00000000c0016395                Sys::read(regs*)
 .text          0x00000000c00163fd       0x55 sys/sc_sbrk.32
                0x00000000c00163fd                Sys::sbrk(regs*)
 .text          0x00000000c0016452       0x1c sys/sc_setcwd.32
                0x00000000c0016452                Sys::setCwd(regs*)
 .text          0x00000000c001646e       0x95 sys/sc_settime.32
                0x00000000c001646e                Sys::setTime(regs*)
 .text          0x00000000c0016503       0x4a sys/sc_timezone.32
                0x00000000c0016503                Sys::timezone(regs*)
 .text          0x00000000c001654d       0x68 sys/sc_write.32
                0x00000000c001654d                Sys::write(regs*)
 .text          0x00000000c00165b5       0x62 sys/sc_wsbe.32
                0x00000000c00165b5                Sys::wsbe(regs*)
 .text          0x00000000c0016617       0x38 sys/sc_yield.32
                0x00000000c0016617                Sys::yield(regs*)
 .text          0x00000000c001664f      0xf8e sys/syscalls.32
                0x00000000c001664f                sysCallSeekDir(regs*)
                0x00000000c0016654                sysCallTellDir(regs*)
                0x00000000c0016659                sysCallVerify(regs*)
                0x00000000c0016663                sysCallGetArgc(regs*)
                0x00000000c0016673                sysFormatDisk(regs*)
                0x00000000c00166dd                sysSetDiskVolumeLabel(regs*)
                0x00000000c0016727                sysGetDiskVolumeLabel(regs*)
                0x00000000c001677c                sysShutdown(regs*)
                0x00000000c00167da                sysCallRealpath(regs*)
                0x00000000c001681d                sysCallReadDir(regs*)
                0x00000000c001689c                sysCallIsATTY(regs*)
                0x00000000c00168f6                sysCallSeek(regs*)
                0x00000000c001694d                sysCallTell(regs*)
                0x00000000c00169b9                sysCallSize(regs*)
                0x00000000c0016a2b                sysCallSizeFromFilename(regs*)
                0x00000000c0016ada                sysCallClose(regs*)
                0x00000000c0016b3a                sysCallOpenDir(regs*)
                0x00000000c0016baf                sysCallCloseDir(regs*)
                0x00000000c0016c03                sysCallMakeDir(regs*)
                0x00000000c0016c73                sysCallWait(regs*)
                0x00000000c0016c8d                sysCallNotImpl(regs*)
                0x00000000c0016ca8                sysPanic(regs*)
                0x00000000c0016cc2                sysCallRmdir(regs*)
                0x00000000c0016d26                sysCallUnlink(regs*)
                0x00000000c0016d8a                sysCallGetArgv(regs*)
                0x00000000c0016dd6                sysCallTTYName(regs*)
                0x00000000c0016e59                sysCallUSleep(regs*)
                0x00000000c0016e82                sysCallSpawn(regs*)
                0x00000000c0016eea                sysCallGetEnv(regs*)
                0x00000000c0016f97                sysAppSettings(regs*)
                0x00000000c00170ab                sysSetFatAttrib(regs*)
                0x00000000c001711d                sysPipe(regs*)
                0x00000000c0017162                sysGetUnixTime(regs*)
                0x00000000c0017176                string_ends_with(char const*, char const*)
                0x00000000c00171be                sysCallOpen(regs*)
                0x00000000c00173a6                Sys::loadSyscalls()
                0x00000000c001759b                Sys::systemCall(regs*, void*)
 .text          0x00000000c00175dd     0x1203 thr/elf.32
                0x00000000c00175dd                Thr::allocateMemoryForTask(Process*, File*, unsigned long, unsigned long, unsigned long)
                0x00000000c0017887                Thr::loadProgramIntoMemory(Process*, char const*)
                0x00000000c0017a9d                Thr::runtimeReferenceHelper()
                0x00000000c0017ab0                Thr::getAddressOfKernelSymbol(char const*)
                0x00000000c0017aff                Thr::loadKernelSymbolTable(char const*)
                0x00000000c0017dbd                Thr::loadDriverIntoMemory(char const*, unsigned long, bool)
                0x00000000c00184f3                Thr::getDriverBaseFromAddress(unsigned long)
                0x00000000c0018525                Thr::getDriverNameFromAddress(unsigned long)
                0x00000000c001855c                Thr::getDriverOffsetFromAddress(unsigned long)
                0x00000000c0018576                Thr::loadDLL(char const*, bool)
                0x00000000c00187a7                Thr::executeDLL(unsigned long, void*)
 .text          0x00000000c00187e0     0x12a9 thr/prcssthr.32
                0x00000000c00187e0                userModeEntryPoint(void*)
                0x00000000c0018808                changeTSS
                0x00000000c0018838                switchToThread(ThreadControlBlock*)
                0x00000000c00188ec                Process::addArgs(char**)
                0x00000000c001894c                Process::Process(char const*, Process*, char**)
                0x00000000c001894c                Process::Process(char const*, Process*, char**)
                0x00000000c0018b38                Process::Process(bool, char const*, Process*, char**)
                0x00000000c0018b38                Process::Process(bool, char const*, Process*, char**)
                0x00000000c0018cf0                taskStartupFunction
                0x00000000c0018cfc                Semaphore::Semaphore(int)
                0x00000000c0018cfc                Semaphore::Semaphore(int)
                0x00000000c0018d2c                Mutex::Mutex()
                0x00000000c0018d2c                Mutex::Mutex()
                0x00000000c0018d40                Process::createThread(void (*)(void*), void*, int)
                0x00000000c0018e38                Process::createUserThread()
                0x00000000c0018e54                setupMultitasking(void (*)())
                0x00000000c0018f5c                schedule()
                0x00000000c0018fe8                Semaphore::tryAcquire()
                0x00000000c00190b4                Semaphore::assertLocked(char const*)
                0x00000000c001912c                blockTaskWithSchedulerLockAlreadyHeld(TaskState)
                0x00000000c0019154                blockTask(TaskState)
                0x00000000c0019184                waitTask(int, int*, int)
                0x00000000c00191c8                milliTenthSleepUntil(unsigned int)
                0x00000000c0019254                milliTenthSleep(unsigned int)
                0x00000000c0019264                sleep(unsigned int)
                0x00000000c0019280                Semaphore::acquire()
                0x00000000c001933c                taskReturned
                0x00000000c0019378                Thr::processFromPID(int)
                0x00000000c0019418                unblockTask(ThreadControlBlock*)
                0x00000000c00194bc                cleanupTerminatedTask(ThreadControlBlock*)
                0x00000000c0019784                cleanerTaskFunction(void*)
                0x00000000c0019874                terminateTask(int)
                0x00000000c0019940                Thr::terminateFromIRQ(int)
                0x00000000c001994c                Semaphore::release()
 .text          0x00000000c0019a89      0xb93 vm86/vm8086.32
                0x00000000c0019a89                Vm::inbv(unsigned short)
                0x00000000c0019a9c                Vm::outbv(unsigned short, unsigned char)
                0x00000000c0019ad2                Vm::realToLinear(unsigned short, unsigned short)
                0x00000000c0019ae2                Vm::getSegment(unsigned int)
                0x00000000c0019aea                Vm::getOffset(unsigned int)
                0x00000000c0019aef                Vm::mainloop2()
                0x00000000c0019b29                Vm::mainVm8086Loop(void*)
                0x00000000c0019b39                Vm::mainloop3(unsigned long)
                0x00000000c0019b5f                Vm::initialise8086()
                0x00000000c0019ba2                Vm::finish8086()
                0x00000000c0019c03                Vm::getOutput8086(unsigned char*)
                0x00000000c0019c28                Vm::start8086FromBuffer(unsigned char*, int, unsigned short, unsigned short, unsigned short, unsigned short)
                0x00000000c0019ce1                Vm::start8086(char const*, unsigned short, unsigned short, unsigned short, unsigned short)
                0x00000000c0019e49                Vm::doISR(regs*, int, unsigned char*, unsigned short, unsigned short)
                0x00000000c0019ed3                Vm::readByteFromReal(unsigned short, unsigned short)
                0x00000000c0019ee4                Vm::readWordFromReal(unsigned short, unsigned short)
                0x00000000c0019ef6                Vm::readDwordFromReal(unsigned short, unsigned short)
                0x00000000c0019f07                Vm::writeByteFromReal(unsigned short, unsigned short, unsigned char)
                0x00000000c0019f1c                Vm::writeWordFromReal(unsigned short, unsigned short, unsigned short)
                0x00000000c0019f32                Vm::writeDwordFromReal(unsigned short, unsigned short, unsigned int)
                0x00000000c0019f47                Vm::faultHandler(regs*)
 .text          0x00000000c001a61c      0xfcd vm86/x87em.32
                0x00000000c001a61c                Vm::fpuInternalTo32(unsigned long long)
                0x00000000c001a67a                Vm::fpuInternalTo64(unsigned long long)
                0x00000000c001a683                Vm::fpu32ToInternal(unsigned int)
                0x00000000c001a6c8                Vm::fpu64ToInternal(unsigned long long)
                0x00000000c001a6d1                Vm::fpuFloatToLong(unsigned long long)
                0x00000000c001a730                Vm::fpuULongToFloat(unsigned long long)
                0x00000000c001a76c                Vm::fpuLongToFloat(long long)
                0x00000000c001a7cb                Vm::fpuGet0()
                0x00000000c001a7d0                Vm::fpuGet1()
                0x00000000c001a7d8                Vm::fpuGetPi()
                0x00000000c001a7e0                Vm::fpuGetLog2E()
                0x00000000c001a7f8                Vm::fpuGetLogE2()
                0x00000000c001a810                Vm::fpuGetLog210()
                0x00000000c001a828                Vm::fpuGetLog102()
                0x00000000c001a840                Vm::fpuIsSecondLarger(unsigned long long, unsigned long long)
                0x00000000c001a854                Vm::fpuAreEqual(unsigned long long, unsigned long long)
                0x00000000c001a86a                Vm::fpuUnorderedCompare(unsigned long long, unsigned long long)
                0x00000000c001a8c0                Vm::fpuAdd(unsigned long long, unsigned long long)
                0x00000000c001a8d1                Vm::fpuAbs(unsigned long long)
                0x00000000c001a8da                Vm::fpuChs(unsigned long long)
                0x00000000c001a8ea                Vm::fpuSub(unsigned long long, unsigned long long)
                0x00000000c001a8f9                Vm::fpuMultiply(unsigned long long, unsigned long long)
                0x00000000c001a918                Vm::fpuDivide(unsigned long long, unsigned long long)
                0x00000000c001a934                Vm::fpuSquare(unsigned long long)
                0x00000000c001a94a                Vm::fpuGetReg(int)
                0x00000000c001a98d                Vm::fpuSetReg(int, unsigned long long)
                0x00000000c001a9d9                Vm::fpuPush(unsigned long long)
                0x00000000c001aa37                Vm::fpuPop()
                0x00000000c001aa8a                Vm::x87Handler(regs*)
 *fill*         0x00000000c001b5e9        0x3 
 .text          0x00000000c001b5ec     0x13b7 fs/fat/vfslink.32
                0x00000000c001b5ec                FAT::getName()
                0x00000000c001b5f4                FAT::tell(void*, unsigned long long*)
                0x00000000c001b630                FAT::stat(void*, unsigned long long*)
                0x00000000c001b66c                FAT::~FAT()
                0x00000000c001b66c                FAT::~FAT()
                0x00000000c001b690                FAT::~FAT()
                0x00000000c001b6b8                FAT::getlabel(LogicalDisk*, int, char*, unsigned int*)
                0x00000000c001b75c                FAT::setlabel(LogicalDisk*, int, char*)
                0x00000000c001b820                FAT::format(LogicalDisk*, int, char const*, int)
                0x00000000c001b9f4                FAT::tryMount(LogicalDisk*, int)
                0x00000000c001bc0c                FAT::allocateSwapfile(char const*, int)
                0x00000000c001bdc8                FAT::readDir(void*, unsigned long, void*, int*)
                0x00000000c001bf34                FAT::read(void*, unsigned long, void*, int*)
                0x00000000c001bf94                FAT::write(void*, unsigned long, void*, int*)
                0x00000000c001bff4                FAT::close(void*)
                0x00000000c001c048                FAT::closeDir(void*)
                0x00000000c001c09c                FAT::seek(void*, unsigned long long)
                0x00000000c001c0f8                fatWrapperReadDisk
                0x00000000c001c140                fatWrapperWriteDisk
                0x00000000c001c188                fatWrapperIoctl
                0x00000000c001c298                FAT::FAT()
                0x00000000c001c298                FAT::FAT()
                0x00000000c001c2ec                FAT::fixFilepath(char*)
                0x00000000c001c328                FAT::open(char const*, void**, FileOpenMode)
                0x00000000c001c45c                FAT::openDir(char const*, void**)
                0x00000000c001c50c                FAT::stat(char const*, unsigned long long*, bool*)
                0x00000000c001c600                FAT::unlink(char const*)
                0x00000000c001c680                FAT::chfatattr(char const*, unsigned char, unsigned char)
                0x00000000c001c7e8                FAT::rename(char const*, char const*)
                0x00000000c001c8b4                FAT::mkdir(char const*)
                0x00000000c001c934                FAT::exists(char const*)
 *fill*         0x00000000c001c9a3        0x1 
 .text          0x00000000c001c9a4      0xba7 fs/iso9660/vfslink.32
                0x00000000c001c9a4                ISO9660::format(LogicalDisk*, int, char const*, int)
                0x00000000c001c9aa                ISO9660::seek(void*, unsigned long long)
                0x00000000c001c9da                ISO9660::tell(void*, unsigned long long*)
                0x00000000c001c9fe                ISO9660::getName()
                0x00000000c001ca04                ISO9660::stat(void*, unsigned long long*)
                0x00000000c001ca28                ISO9660::chfatattr(char const*, unsigned char, unsigned char)
                0x00000000c001ca2e                ISO9660::unlink(char const*)
                0x00000000c001ca34                ISO9660::write(void*, unsigned long, void*, int*)
                0x00000000c001ca3a                ISO9660::rename(char const*, char const*)
                0x00000000c001ca40                ISO9660::mkdir(char const*)
                0x00000000c001ca46                ISO9660::close(void*)
                0x00000000c001ca68                ISO9660::closeDir(void*)
                0x00000000c001ca8a                ISO9660::~ISO9660()
                0x00000000c001ca8a                ISO9660::~ISO9660()
                0x00000000c001caae                ISO9660::~ISO9660()
                0x00000000c001cad5                __memmem(unsigned char*, int, unsigned char*, int)
                0x00000000c001cb17                readSectorFromCDROM(unsigned int, unsigned char*, char)
                0x00000000c001cb92                ISO9660::tryMount(LogicalDisk*, int)
                0x00000000c001cbf2                ISO9660::read(void*, unsigned long, void*, int*)
                0x00000000c001cdf6                ISO9660::readDir(void*, unsigned long, void*, int*)
                0x00000000c001d070                readRoot(unsigned int*, unsigned int*, char)
                0x00000000c001d0c4                readRecursively(char*, unsigned int, unsigned int, unsigned int*, unsigned int*, char, int*)
                0x00000000c001d29a                getFileData(char*, unsigned int*, unsigned int*, char, int*)
                0x00000000c001d328                ISO9660::open(char const*, void**, FileOpenMode)
                0x00000000c001d3d6                ISO9660::exists(char const*)
                0x00000000c001d3fa                ISO9660::stat(char const*, unsigned long long*, bool*)
                0x00000000c001d48e                ISO9660::openDir(char const*, void**)
                0x00000000c001d528                ISO9660::ISO9660()
                0x00000000c001d528                ISO9660::ISO9660()
 *fill*         0x00000000c001d54b        0x1 
 .text          0x00000000c001d54c      0x298 hal/sound/sndcard.32
                0x00000000c001d54c                SoundCard::beginPlayback()
                0x00000000c001d55a                SoundCard::stopPlayback()
                0x00000000c001d568                SoundCard::SoundCard(char const*)
                0x00000000c001d568                SoundCard::SoundCard(char const*)
                0x00000000c001d606                SoundCard::~SoundCard()
                0x00000000c001d606                SoundCard::~SoundCard()
                0x00000000c001d62a                SoundCard::~SoundCard()
                0x00000000c001d654                SoundCard::configureRates(int, int, int)
                0x00000000c001d684                SoundCard::getSamples16(int, short*)
                0x00000000c001d6ee                SoundCard::getSamples32(int, int*)
                0x00000000c001d774                SoundCard::addChannel(SoundPort*)
                0x00000000c001d7d0                SoundCard::removeChannel(int)
 .text          0x00000000c001d7e4      0x3fb hal/sound/sndport.32
                0x00000000c001d7e4                SoundPort::SoundPort(int, int, int, int)
                0x00000000c001d7e4                SoundPort::SoundPort(int, int, int, int)
                0x00000000c001d870                SoundPort::~SoundPort()
                0x00000000c001d870                SoundPort::~SoundPort()
                0x00000000c001d8a4                SoundPort::unpause()
                0x00000000c001d8b0                SoundPort::pause()
                0x00000000c001d8bc                SoundPort::getBufferUsed()
                0x00000000c001d8c4                SoundPort::getBufferSize()
                0x00000000c001d8cc                SoundPort::buffer16(short*, int)
                0x00000000c001d980                SoundPort::buffer32(int*, int)
                0x00000000c001da2c                SoundPort::unbufferAndAdd16(int, short*, SoundCard*)
                0x00000000c001db28                SoundPort::unbufferAndAdd32(int, int*, SoundCard*)
 .text          0x00000000c001dbdf        0x0 hw/bus/isa.32
 *fill*         0x00000000c001dbdf        0x1 
 .text          0x00000000c001dbe0     0x1187 hw/bus/pci.32
                0x00000000c001dbe0                PCI::open(int, int, void*)
                0x00000000c001dbfe                PCI::close(int, int, void*)
                0x00000000c001dc02                PCI::PCI()
                0x00000000c001dc02                PCI::PCI()
                0x00000000c001dc98                PCI::readBAR8(unsigned int, int)
                0x00000000c001dcb4                PCI::readBAR16(unsigned int, int)
                0x00000000c001dcd2                PCI::readBAR32(unsigned int, int)
                0x00000000c001dcee                PCI::writeBAR8(unsigned int, unsigned char, int)
                0x00000000c001dd0e                PCI::writeBAR16(unsigned int, unsigned short, int)
                0x00000000c001dd30                PCI::writeBAR32(unsigned int, unsigned int, int)
                0x00000000c001dd50                PCI::legacyMechanism(unsigned char, unsigned char, unsigned char, unsigned char)
                0x00000000c001ddbe                PCI::pciReadWord(unsigned char, unsigned char, unsigned char, unsigned char)
                0x00000000c001de66                PCI::getVendorID(unsigned char, unsigned char, unsigned char)
                0x00000000c001de8a                PCI::getHeaderType(unsigned char, unsigned char, unsigned char)
                0x00000000c001deb2                PCI::getClassCode(unsigned char, unsigned char, unsigned char)
                0x00000000c001defc                PCI::getProgIF(unsigned char, unsigned char, unsigned char)
                0x00000000c001df24                PCI::getRevisionID(unsigned char, unsigned char, unsigned char)
                0x00000000c001df48                PCI::getInterruptNumber(unsigned char, unsigned char, unsigned char)
                0x00000000c001df6c                PCI::getSecondaryBus(unsigned char, unsigned char, unsigned char)
                0x00000000c001df94                PCI::getBARAddress(unsigned char, unsigned char, unsigned char, unsigned char)
                0x00000000c001dff8                PCI::pciWriteWord(unsigned char, unsigned char, unsigned char, unsigned char, unsigned short)
                0x00000000c001e0e0                PCI::pciDetailsToFilepath(PCIDeviceInfo, char*)
                0x00000000c001e4d2                PCI::checkBus(unsigned char)
                0x00000000c001e4f6                PCI::foundDevice(PCIDeviceInfo)
                0x00000000c001e936                PCI::getDeviceData(unsigned char, unsigned char, unsigned char)
                0x00000000c001eca8                PCI::checkDevice(unsigned char, unsigned char)
                0x00000000c001ed14                PCI::detect()
 *fill*         0x00000000c001ed67        0x1 
 .text          0x00000000c001ed68      0xb66 hw/diskctrl/ide.32
                0x00000000c001ed68                IDE::close(int, int, void*)
                0x00000000c001ed6c                IDE::IDE()
                0x00000000c001ed6c                IDE::IDE()
                0x00000000c001eda0                IDE::prepareInterrupt(unsigned char)
                0x00000000c001edb2                selectDrive(unsigned char, unsigned char)
                0x00000000c001edb4                IDE::getBase(unsigned char)
                0x00000000c001edc6                IDE::write(unsigned char, unsigned char, unsigned char)
                0x00000000c001ee86                IDE::read(unsigned char, unsigned char)
                0x00000000c001ef34                IDE::waitInterrupt(unsigned char)
                0x00000000c001ef96                ideChannel0IRQHandler(regs*, void*)
                0x00000000c001efb2                ideChannel1IRQHandler(regs*, void*)
                0x00000000c001efce                IDE::enableIRQs(unsigned char, bool)
                0x00000000c001f014                IDE::open(int, int, void*)
                0x00000000c001f43e                IDE::readBuffer(unsigned char, unsigned char, unsigned int, unsigned int)
                0x00000000c001f50a                IDE::detect()
                0x00000000c001f7ca                IDE::printError(unsigned char, unsigned char, unsigned char)
                0x00000000c001f87a                IDE::polling(unsigned char, unsigned int)
 .text          0x00000000c001f8ce      0x46c hw/diskctrl/satabus.32
                0x00000000c001f8ce                SATABus::close(int, int, void*)
                0x00000000c001f8d2                SATABus::detect()
                0x00000000c001f8d4                SATABus::SATABus()
                0x00000000c001f8d4                SATABus::SATABus()
                0x00000000c001f95a                SATABus::findCmdslot(SATABus::tagHBA_PORT volatile*)
                0x00000000c001f98c                SATABus::checkType(SATABus::tagHBA_PORT volatile*)
                0x00000000c001f9d4                SATABus::startCmd(SATABus::tagHBA_PORT volatile*)
                0x00000000c001f9f4                SATABus::stopCmd(SATABus::tagHBA_PORT volatile*)
                0x00000000c001fa1e                SATABus::portRebase(SATABus::tagHBA_PORT volatile*, int)
                0x00000000c001fb24                SATABus::probePort(SATABus::tagHBA_MEM volatile*)
                0x00000000c001fd06                SATABus::open(int, int, void*)
 .text          0x00000000c001fd3a      0x684 hw/diskphys/ata.32
                0x00000000c001fd3a                ATA::close(int, int, void*)
                0x00000000c001fd5e                ATA::powerSaving(PowerSavingLevel)
                0x00000000c001fd60                ATA::ATA()
                0x00000000c001fd60                ATA::ATA()
                0x00000000c001fd8e                ATA::flush(bool)
                0x00000000c001fdd8                ATA::readyForCommand()
                0x00000000c001fe24                ATA::access(unsigned long long, int, void*, bool)
                0x00000000c002021a                ATA::read(unsigned long long, int, void*)
                0x00000000c0020266                ATA::write(unsigned long long, int, void*)
                0x00000000c00202c8                ATA::detectCHS()
                0x00000000c00202f2                ATA::open(int, int, void*)
 .text          0x00000000c00203be      0x645 hw/diskphys/atapi.32
                0x00000000c00203be                ATAPI::write(unsigned long long, int, void*)
                0x00000000c00203c4                ATAPI::close(int, int, void*)
                0x00000000c00203e8                ATAPI::ATAPI()
                0x00000000c00203e8                ATAPI::ATAPI()
                0x00000000c0020416                ATAPI::readyForCommand()
                0x00000000c0020468                ATAPI::sendPacket(unsigned char*, int, bool, unsigned short*, int)
                0x00000000c0020728                ATAPI::diskRemoved()
                0x00000000c0020784                ATAPI::eject()
                0x00000000c00207cc                ATAPI::diskInserted()
                0x00000000c00207e8                ATAPI::detectMedia()
                0x00000000c00208a4                ATAPI::open(int, int, void*)
                0x00000000c0020984                ATAPI::read(unsigned long long, int, void*)
 *fill*         0x00000000c0020a03        0x1 
 .text          0x00000000c0020a04      0xa68 hw/diskphys/sata.32
                0x00000000c0020a04                SATA::close(int, int, void*)
                0x00000000c0020a28                SATA::powerSaving(PowerSavingLevel)
                0x00000000c0020a2a                SATA::open(int, int, void*)
                0x00000000c0020c20                SATA::SATA()
                0x00000000c0020c20                SATA::SATA()
                0x00000000c0020c4e                SATA::access(unsigned long long, int, void*, bool)
                0x00000000c0021246                SATA::read(unsigned long long, int, void*)
                0x00000000c0021346                SATA::write(unsigned long long, int, void*)
 .text          0x00000000c002146c      0x642 hw/diskphys/satapi.32
                0x00000000c002146c                SATAPI::write(unsigned long long, int, void*)
                0x00000000c0021472                SATAPI::close(int, int, void*)
                0x00000000c0021496                SATAPI::SATAPI()
                0x00000000c0021496                SATAPI::SATAPI()
                0x00000000c00214c4                SATAPI::diskRemoved()
                0x00000000c00214c6                SATAPI::diskInserted()
                0x00000000c00214e2                SATAPI::sendPacket(unsigned char*, int, unsigned long long, unsigned short*, int)
                0x00000000c0021770                SATAPI::eject()
                0x00000000c00217ac                SATAPI::detectMedia()
                0x00000000c00218d6                SATAPI::open(int, int, void*)
                0x00000000c00219d6                SATAPI::read(unsigned long long, int, void*)
 *fill*         0x00000000c0021aae        0x2 
 .text          0x00000000c0021ab0       0x94 hw/fpu/avx.32
                0x00000000c0021ab0                AVX::open(int, int, void*)
                0x00000000c0021ac4                AVX::close(int, int, void*)
                0x00000000c0021ad8                AVX::available()
                0x00000000c0021aec                AVX::save(void*)
                0x00000000c0021b04                AVX::load(void*)
                0x00000000c0021b1c                AVX::AVX()
                0x00000000c0021b1c                AVX::AVX()
 .text          0x00000000c0021b44       0x94 hw/fpu/mmx.32
                0x00000000c0021b44                MMX::available()
                0x00000000c0021b58                MMX::open(int, int, void*)
                0x00000000c0021b6c                MMX::close(int, int, void*)
                0x00000000c0021b80                MMX::save(void*)
                0x00000000c0021b98                MMX::load(void*)
                0x00000000c0021bb0                MMX::MMX()
                0x00000000c0021bb0                MMX::MMX()
 .text          0x00000000c0021bd8       0x9c hw/fpu/sse.32
                0x00000000c0021bd8                SSE::open(int, int, void*)
                0x00000000c0021bec                SSE::close(int, int, void*)
                0x00000000c0021c00                SSE::available()
                0x00000000c0021c1c                SSE::save(void*)
                0x00000000c0021c34                SSE::load(void*)
                0x00000000c0021c4c                SSE::SSE()
                0x00000000c0021c4c                SSE::SSE()
 .text          0x00000000c0021c74       0x8e hw/fpu/x87.32
                0x00000000c0021c74                x87::open(int, int, void*)
                0x00000000c0021c86                x87::close(int, int, void*)
                0x00000000c0021c98                x87::available()
                0x00000000c0021caa                x87::save(void*)
                0x00000000c0021cc2                x87::load(void*)
                0x00000000c0021cda                x87::x87()
                0x00000000c0021cda                x87::x87()
 .text          0x00000000c0021d02      0x71e hw/intctrl/apic.32
                0x00000000c0021d02                APIC::disable()
                0x00000000c0021d04                APIC::close(int, int, void*)
                0x00000000c0021d26                IOAPIC::close(int, int, void*)
                0x00000000c0021d2c                APIC::io_wait()
                0x00000000c0021d32                APIC::getBase()
                0x00000000c0021d74                APIC::eoi(unsigned char)
                0x00000000c0021da2                APIC::open(int, int, void*)
                0x00000000c0021ef0                IOAPIC::IOAPIC()
                0x00000000c0021ef0                IOAPIC::IOAPIC()
                0x00000000c0021f18                APIC::APIC()
                0x00000000c0021f18                APIC::APIC()
                0x00000000c0021ff4                IOAPIC::handlesGSIWithNumber(unsigned int)
                0x00000000c0022026                IOAPIC::read(int)
                0x00000000c002204e                IOAPIC::open(int, int, void*)
                0x00000000c0022144                IOAPIC::write(int, int)
                0x00000000c0022170                IOAPIC::redirect(unsigned char, unsigned long long, unsigned char, bool, bool)
                0x00000000c002226a                APIC::installIRQHandler(int, void (*)(regs*, void*), bool, void*)
 .text          0x00000000c0022420      0x3d3 hw/intctrl/pic.32
                0x00000000c0022420                PIC::disable()
                0x00000000c002244e                PIC::close(int, int, void*)
                0x00000000c0022470                PIC::PIC()
                0x00000000c0022470                PIC::PIC()
                0x00000000c0022546                PIC::ioWait()
                0x00000000c002254c                PIC::getIRQReg(int)
                0x00000000c00225b6                PIC::eoi(unsigned char)
                0x00000000c0022648                PIC::remap()
                0x00000000c00227b4                PIC::open(int, int, void*)
 *fill*         0x00000000c00227f3        0x1 
 .text          0x00000000c00227f4      0x240 hw/timer/apictimer.32
                0x00000000c00227f4                APICTimer::close(int, int, void*)
                0x00000000c00227fc                apicTimerHandler(regs*, void*)
                0x00000000c0022824                APICTimer::write(int)
                0x00000000c002290c                APICTimer::open(int, int, void*)
                0x00000000c0022a0c                APICTimer::APICTimer()
                0x00000000c0022a0c                APICTimer::APICTimer()
 .text          0x00000000c0022a34      0x1a3 hw/timer/pit.32
                0x00000000c0022a34                PIT::write(int)
                0x00000000c0022ab4                pitHandler(regs*, void*)
                0x00000000c0022ad8                PIT::open(int, int, void*)
                0x00000000c0022b28                PIT::close(int, int, void*)
                0x00000000c0022b58                PIT::PIT()
                0x00000000c0022b58                PIT::PIT()
 *fill*         0x00000000c0022bd7        0x9 
 .text          0x00000000c0022be0       0x83 hw/fpu/x86/avx.32
                0x00000000c0022be0                avxDetect
                0x00000000c0022c0a                avxSave
                0x00000000c0022c1b                avxLoad
                0x00000000c0022c2c                avxInit
                0x00000000c0022c4e                avxClose
                0x00000000c0022c4f                wouldSheSayYes
 *fill*         0x00000000c0022c63        0xd 
 .text          0x00000000c0022c70       0x39 hw/fpu/x86/sse.32
                0x00000000c0022c70                absolutelyNoChanceInHell
                0x00000000c0022c70                sseDetect
                0x00000000c0022c88                sseSave
                0x00000000c0022c90                sseLoad
                0x00000000c0022c98                sseInit
                0x00000000c0022ca8                sseClose
 *fill*         0x00000000c0022ca9        0x7 
 .text          0x00000000c0022cb0       0x49 hw/fpu/x86/x87.32
                0x00000000c0022cb6                x87Detect
                0x00000000c0022cd1                x87Save
                0x00000000c0022cd8                x87Load
                0x00000000c0022cdf                x87Init
                0x00000000c0022cf8                x87Close
 *fill*         0x00000000c0022cf9        0x3 
 .text          0x00000000c0022cfc       0x25 /cygdrive/d/Users/Alex/Desktop/Toolchain/Output/bin/../lib/gcc/i386-banana/8.1.0/crtend.o
 .text          0x00000000c0022d21        0x0 crtn.32
 *fill*         0x00000000c0022d21        0x3 
 .text          0x00000000c0022d24      0x14b /cygdrive/d/Users/Alex/Desktop/Toolchain/Output/bin/../lib/gcc/i386-banana/8.1.0/libkgcc.a(_divdi3.o)
                0x00000000c0022d24                __divdi3
 *fill*         0x00000000c0022e6f        0x1 
 .text          0x00000000c0022e70      0x17e /cygdrive/d/Users/Alex/Desktop/Toolchain/Output/bin/../lib/gcc/i386-banana/8.1.0/libkgcc.a(_moddi3.o)
                0x00000000c0022e70                __moddi3
 *fill*         0x00000000c0022fee        0x2 
 .text          0x00000000c0022ff0       0xff /cygdrive/d/Users/Alex/Desktop/Toolchain/Output/bin/../lib/gcc/i386-banana/8.1.0/libkgcc.a(_udivdi3.o)
                0x00000000c0022ff0                __udivdi3
 *fill*         0x00000000c00230ef        0x1 
 .text          0x00000000c00230f0      0x11a /cygdrive/d/Users/Alex/Desktop/Toolchain/Output/bin/../lib/gcc/i386-banana/8.1.0/libkgcc.a(_umoddi3.o)
                0x00000000c00230f0                __umoddi3
 *(.gnu.linkonce.t*)

.iplt           0x00000000c0023210        0x0
 .iplt          0x00000000c0023210        0x0 D:/Users/Alex/Desktop/Banana/kernel/boot.32

.init           0x00000000c002320a        0xf
 .init          0x00000000c002320a        0x3 crti.32
                0x00000000c002320a                _init
 .init          0x00000000c002320d        0x5 /cygdrive/d/Users/Alex/Desktop/Toolchain/Output/bin/../lib/gcc/i386-banana/8.1.0/crtbegin.o
 .init          0x00000000c0023212        0x5 /cygdrive/d/Users/Alex/Desktop/Toolchain/Output/bin/../lib/gcc/i386-banana/8.1.0/crtend.o
 .init          0x00000000c0023217        0x2 crtn.32

.fini           0x00000000c0023219        0xa
 .fini          0x00000000c0023219        0x3 crti.32
                0x00000000c0023219                _fini
 .fini          0x00000000c002321c        0x5 /cygdrive/d/Users/Alex/Desktop/Toolchain/Output/bin/../lib/gcc/i386-banana/8.1.0/crtbegin.o
 .fini          0x00000000c0023221        0x2 crtn.32

.text._ZN8ComputerD2Ev
                0x00000000c0023224       0x23
 .text._ZN8ComputerD2Ev
                0x00000000c0023224       0x23 core/computer.32
                0x00000000c0023224                Computer::~Computer()
                0x00000000c0023224                Computer::~Computer()

.text._ZN8ComputerD0Ev
                0x00000000c0023248       0x2a
 .text._ZN8ComputerD0Ev
                0x00000000c0023248       0x2a core/computer.32
                0x00000000c0023248                Computer::~Computer()

.text._Z10idleCommonv
                0x00000000c0023272       0x21
 .text._Z10idleCommonv
                0x00000000c0023272       0x21 core/idle.32
                0x00000000c0023272                idleCommon()

.text._ZN10LinkedListI8UnixFileED2Ev
                0x00000000c0023294        0x2
 .text._ZN10LinkedListI8UnixFileED2Ev
                0x00000000c0023294        0x2 core/unixfile.32