Archive member included to satisfy reference by file (symbol)

/cygdrive/d/Users/Alex/Desktop/Toolchain/Output/bin/../lib/gcc/i386-banana/8.1.0/libkgcc.a(_divdi3.o)
                              krnl/resolve.32 (__divdi3)
/cygdrive/d/Users/Alex/Desktop/Toolchain/Output/bin/../lib/gcc/i386-banana/8.1.0/libkgcc.a(_moddi3.o)
                              krnl/resolve.32 (__moddi3)
/cygdrive/d/Users/Alex/Desktop/Toolchain/Output/bin/../lib/gcc/i386-banana/8.1.0/libkgcc.a(_udivdi3.o)
                              hal/clock.32 (__udivdi3)
/cygdrive/d/Users/Alex/Desktop/Toolchain/Output/bin/../lib/gcc/i386-banana/8.1.0/libkgcc.a(_umoddi3.o)
                              hal/clock.32 (__umoddi3)

Allocating common symbols
Common symbol       size              file

dcache              0x40              fs/iso9660/iso9660.32
cdDriveLetter       0x1               fs/iso9660/iso9660.32
icache              0x40              fs/iso9660/iso9660.32

Discarded input sections

 .comment       0x0000000000000000       0x12 /cygdrive/d/Users/Alex/Desktop/Toolchain/Output/bin/../lib/gcc/i386-banana/8.1.0/crtbegin.o
 .comment       0x0000000000000000       0x12 acpica/utclib.32
 .comment       0x0000000000000000       0x12 krnl/malloc.32
 .comment       0x0000000000000000       0x12 libk/ctype.32
 .comment       0x0000000000000000       0x12 libk/string.32
 .comment       0x0000000000000000       0x12 arch/i386/cc.32
 .comment       0x0000000000000000       0x12 fs/fat/diskio.32
 .comment       0x0000000000000000       0x12 fs/fat/ff.32
 .comment       0x0000000000000000       0x12 fs/fat/ffsystem.32
 .comment       0x0000000000000000       0x12 fs/fat/ffunicode.32
 .comment       0x0000000000000000       0x12 fs/iso9660/iso9660.32
 .comment       0x0000000000000000       0x12 dbg/kconsole.32
 .comment       0x0000000000000000       0x12 dbg/usban.32
 .comment       0x0000000000000000       0x12 fs/symlink.32
 .group         0x0000000000000000        0xc fs/vfs.32
 .group         0x0000000000000000        0xc fs/vfs.32
 .group         0x0000000000000000        0xc fs/vfs.32
 .comment       0x0000000000000000       0x12 fs/vfs.32
 .group         0x0000000000000000        0xc hal/bus.32
 .comment       0x0000000000000000       0x12 hal/bus.32
 .comment       0x0000000000000000       0x12 hal/buzzer.32
 .group         0x0000000000000000        0xc hal/clock.32
 .comment       0x0000000000000000       0x12 hal/clock.32
 .group         0x0000000000000000       0x14 hal/device.32
 .group         0x0000000000000000        0xc hal/device.32
 .group         0x0000000000000000        0x8 hal/device.32
 .group         0x0000000000000000        0xc hal/device.32
 .group         0x0000000000000000        0xc hal/device.32
 .comment       0x0000000000000000       0x12 hal/device.32
 .group         0x0000000000000000        0xc hal/diskctrl.32
 .comment       0x0000000000000000       0x12 hal/diskctrl.32
 .group         0x0000000000000000        0xc hal/diskphys.32
 .comment       0x0000000000000000       0x12 hal/diskphys.32
 .comment       0x0000000000000000       0x12 hal/fpu.32
 .comment       0x0000000000000000       0x12 hal/intctrl.32
 .group         0x0000000000000000        0xc hal/keybrd.32
 .comment       0x0000000000000000       0x12 hal/keybrd.32
 .group         0x0000000000000000        0xc hal/logidisk.32
 .comment       0x0000000000000000       0x12 hal/logidisk.32
 .group         0x0000000000000000        0xc hal/mouse.32
 .comment       0x0000000000000000       0x12 hal/mouse.32
 .group         0x0000000000000000        0xc hal/nic.32
 .comment       0x0000000000000000       0x12 hal/nic.32
 .comment       0x0000000000000000       0x12 hal/partition.32
 .group         0x0000000000000000        0xc hal/serial.32
 .comment       0x0000000000000000       0x12 hal/serial.32
 .group         0x0000000000000000        0x8 hal/timer.32
 .group         0x0000000000000000        0x8 hal/timer.32
 .group         0x0000000000000000        0xc hal/timer.32
 .group         0x0000000000000000        0xc hal/timer.32
 .group         0x0000000000000000        0xc hal/timer.32
 .comment       0x0000000000000000       0x12 hal/timer.32
 .group         0x0000000000000000        0xc hal/vcache.32
 .comment       0x0000000000000000       0x12 hal/vcache.32
 .group         0x0000000000000000        0xc hal/video.32
 .comment       0x0000000000000000       0x12 hal/video.32
 .group         0x0000000000000000       0x14 hw/acpi.32
 .group         0x0000000000000000        0x8 hw/acpi.32
 .group         0x0000000000000000        0x8 hw/acpi.32
 .group         0x0000000000000000        0x8 hw/acpi.32
 .group         0x0000000000000000        0xc hw/acpi.32
 .group         0x0000000000000000        0xc hw/acpi.32
 .comment       0x0000000000000000       0x12 hw/acpi.32
 .group         0x0000000000000000       0x14 hw/cpu.32
 .group         0x0000000000000000        0xc hw/cpu.32
 .comment       0x0000000000000000       0x12 hw/cpu.32
[...]
Memory Configuration

Name             Origin             Length             Attributes
*default*        0x0000000000000000 0xffffffffffffffff

Linker script and memory map

LOAD D:/Users/Alex/Desktop/Banana/kernel/boot.32
LOAD crti.32
LOAD /cygdrive/d/Users/Alex/Desktop/Toolchain/Output/bin/../lib/gcc/i386-banana/8.1.0/crtbegin.o
LOAD D:/Users/Alex/Desktop/Banana/kernel/morenasm.32
LOAD acpica/utclib.32
LOAD krnl/malloc.32
LOAD libk/ctype.32
LOAD libk/string.32
LOAD arch/i386/cc.32
LOAD fs/fat/diskio.32
LOAD fs/fat/ff.32
LOAD fs/fat/ffsystem.32
LOAD fs/fat/ffunicode.32
LOAD fs/iso9660/iso9660.32
LOAD dbg/kconsole.32
LOAD dbg/usban.32
LOAD fs/symlink.32
LOAD fs/vfs.32
LOAD hal/bus.32
LOAD hal/buzzer.32
LOAD hal/clock.32
LOAD hal/device.32
LOAD hal/diskctrl.32
LOAD hal/diskphys.32
LOAD hal/fpu.32
LOAD hal/intctrl.32
LOAD hal/keybrd.32
LOAD hal/logidisk.32
LOAD hal/mouse.32
LOAD hal/nic.32
LOAD hal/partition.32
LOAD hal/serial.32
LOAD hal/timer.32
LOAD hal/vcache.32
LOAD hal/video.32
LOAD hw/acpi.32
LOAD hw/cpu.32
LOAD krnl/atexit.32
LOAD krnl/bootmsg.32
LOAD krnl/c++.32
LOAD krnl/cdefs.32
LOAD krnl/cm.32
LOAD krnl/compat.32
LOAD krnl/computer.32
LOAD krnl/crc32.32
LOAD krnl/env.32
LOAD krnl/gdt.32
LOAD krnl/idle.32
LOAD krnl/idt.32
LOAD krnl/inlines.32
LOAD krnl/kheap.32
LOAD krnl/mailbox.32
LOAD krnl/main.32
LOAD krnl/mutex.32
LOAD krnl/panic.32
LOAD krnl/physmgr.32
LOAD krnl/pipe.32
LOAD krnl/powctrl.32
LOAD krnl/random.32
LOAD krnl/resolve.32
LOAD krnl/semaphore.32
LOAD krnl/signal.32
LOAD krnl/syscalls.32
LOAD krnl/terminal.32
LOAD krnl/tss.32
LOAD krnl/unixfile.32
LOAD krnl/virtmgr.32
LOAD sys/eject.32
LOAD sys/exit.32
LOAD sys/getcwd.32
LOAD sys/getpid.32
LOAD sys/getramdata.32
LOAD sys/getvgaptr.32
LOAD sys/kill.32
LOAD sys/loaddll.32
LOAD sys/read.32
LOAD sys/registersignal.32
LOAD sys/registry.32
LOAD sys/sbrk.32
LOAD sys/setcwd.32
LOAD sys/settime.32
LOAD sys/symlink.32
LOAD sys/timezone.32
LOAD sys/truncate.32
LOAD sys/write.32
LOAD sys/wsbe.32
LOAD sys/yield.32
LOAD thr/elf.32
LOAD thr/exec.32
LOAD thr/prcssthr.32
LOAD vm86/vm8086.32
LOAD arch/i386/hal.32
LOAD arch/i386/pic.32
LOAD arch/i386/rtc.32
LOAD arch/i386/vga.32
LOAD fs/fat/vfslink.32
LOAD fs/iso9660/helper.32
LOAD fs/iso9660/vfslink.32
LOAD hal/sound/sndcard.32
LOAD hal/sound/sndport.32
LOAD hw/bus/isa.32
LOAD hw/bus/pci.32
LOAD hw/diskctrl/ide.32
LOAD hw/diskctrl/satabus.32
LOAD hw/diskphys/ata.32
LOAD hw/diskphys/atapi.32
LOAD hw/diskphys/sata.32
LOAD hw/diskphys/satapi.32
LOAD hw/intctrl/apic.32
LOAD hw/timer/apictimer.32
LOAD hw/timer/pit.32
LOAD arch/i386/avx.32
LOAD arch/i386/interrupt.32
LOAD arch/i386/rdrand.32
LOAD arch/i386/sse.32
LOAD arch/i386/x87.32
LOAD /cygdrive/d/Users/Alex/Desktop/Toolchain/Output/bin/../lib/gcc/i386-banana/8.1.0/crtend.o
LOAD crtn.32
LOAD /cygdrive/d/Users/Alex/Desktop/Toolchain/Output/bin/../lib/gcc/i386-banana/8.1.0/libkgcc.a
LOAD D:/Users/Alex/Desktop/Banana/kernel/libsoftfp.a
LOAD D:/Users/Alex/Desktop/Banana/kernel/libk/libm32.a
                0x00000000c0000000                . = 0xc0000000

.text           0x00000000c0000000    0x200da
 *(.text)
 .text          0x00000000c0000000       0x20 D:/Users/Alex/Desktop/Banana/kernel/boot.32
 .text          0x00000000c0000020        0x0 crti.32
 .text          0x00000000c0000020      0x101 /cygdrive/d/Users/Alex/Desktop/Toolchain/Output/bin/../lib/gcc/i386-banana/8.1.0/crtbegin.o
 *fill*         0x00000000c0000121        0xf 
 .text          0x00000000c0000130      0x24f D:/Users/Alex/Desktop/Banana/kernel/morenasm.32
                0x00000000c0000130                manualPCIProbe
                0x00000000c000017b                prepareTramp
                0x00000000c0000194                doTPAUSE
                0x00000000c000019e                hasLegacyFPU
                0x00000000c00001c3                is486
                0x00000000c00001f9                detectCPUID
                0x00000000c000020f                goToVM86
                0x00000000c000023f                goToUsermode
                0x00000000c0000269                switchToThreadASMFirstTime
                0x00000000c0000277                switchToThreadASM
                0x00000000c00002fc                asmQuickAcquireLock
                0x00000000c000031a                asmQuickReleaseLock
                0x00000000c0000326                asmAcquireLock
                0x00000000c0000347                asmReleaseLock
                0x00000000c000035a                loadGDT
                0x00000000c000037a                memcpy
 *fill*         0x00000000c000037f        0x1 
 .text          0x00000000c0000380      0x868 acpica/utclib.32
                0x00000000c0000380                memcmp
                0x00000000c00003d0                memmove
                0x00000000c00004f0                memset
                0x00000000c0000570                strlen
                0x00000000c00005a0                strpbrk
                0x00000000c00005f0                strtok
                0x00000000c0000640                strcpy
                0x00000000c0000680                strncpy
                0x00000000c0000750                strcmp
                0x00000000c00007a0                strchr
                0x00000000c00007e0                strncmp
                0x00000000c0000840                strcat
                0x00000000c0000870                strncat
                0x00000000c00008d0                strstr
                0x00000000c0000930                toupper
                0x00000000c0000950                tolower
                0x00000000c0000970                simple_strtoul
 .text          0x00000000c0000be8     0x1140 krnl/malloc.32
                0x00000000c0000d53                dlfree
                0x00000000c000121a                dlmalloc
                0x00000000c0001757                dlrealloc
                0x00000000c0001934                dlmemalign
                0x00000000c0001a57                dlcalloc
                0x00000000c0001ae8                dlcfree
                0x00000000c0001aed                dlindependent_calloc
                0x00000000c0001b12                dlindependent_comalloc
                0x00000000c0001b29                dlvalloc
                0x00000000c0001b54                dlpvalloc
                0x00000000c0001b8a                dlmalloc_trim
                0x00000000c0001b97                dlmalloc_usable_size
                0x00000000c0001bc8                dlmallinfo
                0x00000000c0001c97                dlmalloc_stats
                0x00000000c0001ca8                dlmallopt
 .text          0x00000000c0001d28      0x1f2 libk/ctype.32
                0x00000000c0001d28                isblank
                0x00000000c0001d48                iscntrl
                0x00000000c0001d68                isdigit
                0x00000000c0001d84                islower
                0x00000000c0001da0                isspace
                0x00000000c0001dc8                isupper
                0x00000000c0001de4                isalpha
                0x00000000c0001e14                isalnum
                0x00000000c0001e44                ispunct
                0x00000000c0001e84                isgraph
                0x00000000c0001eb4                isprint
                0x00000000c0001edc                isxdigit
 .text          0x00000000c0001f1a        0x0 libk/string.32
 *fill*         0x00000000c0001f1a        0x2 
 .text          0x00000000c0001f1c       0x53 arch/i386/cc.32
                0x00000000c0001f1c                LWIP_PLATFORM_HTONS
                0x00000000c0001f40                LWIP_PLATFORM_HTONL
 .text          0x00000000c0001f6f       0x51 fs/fat/diskio.32
                0x00000000c0001f6f                disk_status
                0x00000000c0001f72                disk_initialize
                0x00000000c0001f75                disk_read
                0x00000000c0001f8b                disk_write
                0x00000000c0001fa1                disk_ioctl
 .text          0x00000000c0001fc0     0x3e46 fs/fat/ff.32
                0x00000000c0003de1                f_mount
                0x00000000c0003e43                f_open
                0x00000000c0004106                f_read
                0x00000000c0004305                f_write
                0x00000000c000454d                f_sync
                0x00000000c0004612                f_close
                0x00000000c0004641                f_lseek
                0x00000000c00047f2                f_opendir
                0x00000000c00048bd                f_closedir
                0x00000000c00048df                f_readdir
                0x00000000c0004971                f_stat
                0x00000000c00049f0                f_getfree
                0x00000000c0004af9                f_truncate
                0x00000000c0004be3                f_unlink
                0x00000000c0004d05                f_mkdir
                0x00000000c0004ea0                f_rename
                0x00000000c0005058                f_chmod
                0x00000000c0005108                f_utime
                0x00000000c00051b8                f_getlabel
                0x00000000c0005309                f_setlabel
                0x00000000c0005499                f_expand
                0x00000000c0005606                f_mkfs
 *fill*         0x00000000c0005e06        0x2 
 .text          0x00000000c0005e08       0x2f fs/fat/ffsystem.32
                0x00000000c0005e08                ff_memalloc
                0x00000000c0005e20                ff_memfree
 *fill*         0x00000000c0005e37        0x1 
 .text          0x00000000c0005e38      0x2dc fs/fat/ffunicode.32
                0x00000000c0005e38                ff_uni2oem
                0x00000000c0005ed8                ff_oem2uni
                0x00000000c0005f50                ff_wtoupper
 .text          0x00000000c0006114      0xd32 fs/iso9660/iso9660.32
                0x00000000c000635f                isoReadDiscSector
                0x00000000c00063fa                strnicmp
                0x00000000c00066a9                stricmp
                0x00000000c00066f5                iso_open
                0x00000000c000677f                iso_close
                0x00000000c000679d                iso_read
                0x00000000c00068b3                iso_seek
                0x00000000c0006937                iso_tell
                0x00000000c0006968                iso_total
                0x00000000c0006993                fn_postprocess
                0x00000000c00069ba                iso_readdir
                0x00000000c0006c11                iso_reset
                0x00000000c0006c2e                init_percd
                0x00000000c0006d28                iso_ioctl
                0x00000000c0006d40                fs_iso9660_init
                0x00000000c0006dd6                fs_iso9660_shutdown
 .text          0x00000000c0006e46      0x254 dbg/kconsole.32
                0x00000000c0006e46                Dbg::stringifyxWithBase(unsigned int, char*, int)
                0x00000000c0006ee6                Dbg::logc(char)
                0x00000000c0006f06                Dbg::logs(char*)
                0x00000000c0006f25                Dbg::logWriteInt(unsigned int)
                0x00000000c0006f43                Dbg::logWriteIntBase(unsigned int, int)
                0x00000000c0006f64                Dbg::kprintf(char const*, ...)
 *fill*         0x00000000c000709a        0x2 
 .text          0x00000000c000709c      0x2d4 dbg/usban.32
                0x00000000c000709c                KiUbsanPrintDetails(char const*, void*)
                0x00000000c0007108                __ubsan_handle_type_mismatch_v1
                0x00000000c00071e4                __ubsan_handle_pointer_overflow
                0x00000000c0007210                __ubsan_handle_out_of_bounds
                0x00000000c000723c                __ubsan_handle_add_overflow
                0x00000000c0007268                __ubsan_handle_load_invalid_value
                0x00000000c0007294                __ubsan_handle_divrem_overflow
                0x00000000c00072c0                __ubsan_handle_mul_overflow
                0x00000000c00072ec                __ubsan_handle_sub_overflow
                0x00000000c0007318                __ubsan_handle_shift_out_of_bounds
                0x00000000c0007344                __ubsan_handle_negate_overflow
 .text          0x00000000c0007370      0x814 fs/symlink.32
                0x00000000c00074bf                KiDeinitialiseSymlinks(void*)
                0x00000000c0007552                KeRegisterSymlink(char const*, unsigned long long)
                0x00000000c00075d5                KeInitialiseSymlinks()
                0x00000000c0007737                KiIsSymlinkRegistered(char const*)
                0x00000000c00078a1                KeDereferenceSymlink(char const*, char*)
                0x00000000c0007a48                KeCreateSymlink(char const*, char const*)
 .text          0x00000000c0007b84      0xd68 fs/vfs.32
                0x00000000c0007b84                File::read(unsigned long long, void*, int*)
                0x00000000c0007bdc                File::write(unsigned long long, void*, int*)
                0x00000000c0007c34                Directory::read(unsigned long long, void*, int*)
                0x00000000c0007c8c                Directory::write(unsigned long long, void*, int*)
                0x00000000c0007cba                File::isAtty()
                0x00000000c0007cbe                Directory::isAtty()
                0x00000000c0007cc2                Filesystem::getlabel(LogicalDisk*, int, char*, unsigned int*)
                0x00000000c0007cc8                Filesystem::setlabel(LogicalDisk*, int, char*)
                0x00000000c0007cce                Filesystem::allocateSwapfile(char const*, int)
                0x00000000c0007cd4                File::~File()
                0x00000000c0007cd4                File::~File()
                0x00000000c0007cf8                File::~File()
                0x00000000c0007d22                Directory::~Directory()
                0x00000000c0007d22                Directory::~Directory()
                0x00000000c0007d46                Directory::~Directory()
                0x00000000c0007d70                Filesystem::Filesystem()
                0x00000000c0007d70                Filesystem::Filesystem()
                0x00000000c0007d94                Filesystem::~Filesystem()
                0x00000000c0007d94                Filesystem::~Filesystem()
                0x00000000c0007da2                Filesystem::~Filesystem()
                0x00000000c0007dc6                Fs::getcwd(Process*, char*, int)
                0x00000000c0007df0                Fs::initVFS()
                0x00000000c0007e1a                Fs::standardiseFiles(char*, char const*, char const*, bool)
                0x00000000c0008034                File::File(char const*, Process*, bool)
                0x00000000c0008034                File::File(char const*, Process*, bool)
                0x00000000c0008112                File::File(char const*, Process*)
                0x00000000c0008112                File::File(char const*, Process*)
                0x00000000c0008130                File::open(FileOpenMode)
                0x00000000c000818e                File::close()
                0x00000000c00081ee                File::seek(unsigned long long)
                0x00000000c0008244                File::truncate(unsigned long long)
                0x00000000c000829a                File::tell(unsigned long long*)
                0x00000000c00082ea                File::rewind()
                0x00000000c00082fe                File::unlink()
                0x00000000c000834a                File::rename(char const*)
                0x00000000c0008398                File::chfatattr(unsigned char, unsigned char)
                0x00000000c00083f4                File::exists()
                0x00000000c0008432                File::stat(unsigned long long*, bool*)
                0x00000000c0008493                Fs::setcwd(Process*, char*)
                0x00000000c00085f2                Directory::Directory(char const*, Process*)
                0x00000000c00085f2                Directory::Directory(char const*, Process*)
                0x00000000c00086ba                Directory::open()
                0x00000000c0008716                Directory::close()
                0x00000000c0008776                Directory::unlink()
                0x00000000c00087c2                Directory::rename(char const*)
                0x00000000c0008810                Directory::exists()
                0x00000000c000884e                Directory::read(dirent*)
                0x00000000c000889a                Directory::create()
                0x00000000c00088e6                Filesystem::chfatattr(char const*, unsigned char, unsigned char)
 .text          0x00000000c00088ec       0x86 hal/bus.32
                0x00000000c00088ec                Bus::Bus(char const*)
                0x00000000c00088ec                Bus::Bus(char const*)
                0x00000000c0008924                Bus::~Bus()
                0x00000000c0008924                Bus::~Bus()
                0x00000000c0008948                Bus::~Bus()
 .text          0x00000000c0008972       0x96 hal/buzzer.32
                0x00000000c0008972                beepThread(void*)
                0x00000000c00089af                Krnl::beep(int, int, bool)
 .text          0x00000000c0008a08      0x513 hal/clock.32
                0x00000000c0008a08                User::loadClockSettings()
                0x00000000c0008b0e                Clock::Clock(char const*)
                0x00000000c0008b0e                Clock::Clock(char const*)
                0x00000000c0008b44                Clock::~Clock()
                0x00000000c0008b44                Clock::~Clock()
                0x00000000c0008b68                Clock::~Clock()
                0x00000000c0008b92                Clock::timeInSecondsLocal()
                0x00000000c0008bda                Clock::setTimeInSecondsLocal(unsigned long long)
                0x00000000c0008c33                datetimeToSeconds(datetime_t)
                0x00000000c0008d52                Clock::setTimeInDatetimeLocal(datetime_t)
                0x00000000c0008db2                secondsToDatetime(unsigned long long)
                0x00000000c0008ef6                Clock::timeInDatetimeLocal()
 *fill*         0x00000000c0008f1b        0x1 
 .text          0x00000000c0008f1c      0x47a hal/device.32
                0x00000000c0008f1c                Device::hibernate()
                0x00000000c0008f1e                Device::wake()
                0x00000000c0008f20                Device::detect()
                0x00000000c0008f22                Device::disableLegacy()
                0x00000000c0008f24                Device::powerSaving(PowerSavingLevel)
                0x00000000c0008f26                DriverlessDevice::close(int, int, void*)
                0x00000000c0008f2a                DriverlessDevice::detect()
                0x00000000c0008f2c                DriverlessDevice::open(int, int, void*)
                0x00000000c0008f40                Device::~Device()
                0x00000000c0008f40                Device::~Device()
                0x00000000c0008f4e                Device::~Device()
                0x00000000c0008f76                Device::findAndLoadDriver()
                0x00000000c0008f84                Device::preOpenPCI(PCIDeviceInfo)
                0x00000000c0008faa                Device::preOpenACPI(void*, char*, char*)
                0x00000000c0008fea                Device::addIRQHandler(int, void (*)(regs*, void*), bool, void*)
                0x00000000c0009014                Device::getParent()
                0x00000000c0009020                Device::removeIRQHandler(int, void (*)(regs*, void*), bool)
                0x00000000c000903e                Device::addChild(Device*)
                0x00000000c0009082                Device::removeAllChildren()
                0x00000000c00090c8                Device::hibernateAll()
                0x00000000c00090f8                Device::wakeAll()
                0x00000000c0009128                Device::detectAll()
                0x00000000c0009158                Device::disableLegacyAll()
                0x00000000c000915a                Device::loadDriversForAll()
                0x00000000c000915c                Device::powerSavingAll(PowerSavingLevel)
                0x00000000c0009192                Device::setName(char const*)
                0x00000000c00091a0                Device::Device(char const*)
                0x00000000c00091a0                Device::Device(char const*)
                0x00000000c000929c                Device::getName()
                0x00000000c00092a6                Device::closeAll()
                0x00000000c00092f2                DriverlessDevice::DriverlessDevice(char const*)
                0x00000000c00092f2                DriverlessDevice::DriverlessDevice(char const*)
                0x00000000c0009328                Device::addToLinkedList(LinkedList<Device>&, DeviceType)
                0x00000000c000936c                getDevicesOfType(DeviceType)
 *fill*         0x00000000c0009396        0x2 
 .text          0x00000000c0009398       0x86 hal/diskctrl.32
                0x00000000c0009398                HardDiskController::HardDiskController(char const*)
                0x00000000c0009398                HardDiskController::HardDiskController(char const*)
                0x00000000c00093d0                HardDiskController::~HardDiskController()
                0x00000000c00093d0                HardDiskController::~HardDiskController()
                0x00000000c00093f4                HardDiskController::~HardDiskController()
 .text          0x00000000c000941e       0xe2 hal/diskphys.32
                0x00000000c000941e                PhysicalDisk::eject()
                0x00000000c0009422                PhysicalDisk::PhysicalDisk(char const*, int)
                0x00000000c0009422                PhysicalDisk::PhysicalDisk(char const*, int)
                0x00000000c000948a                PhysicalDisk::startCache()
                0x00000000c00094b2                PhysicalDisk::~PhysicalDisk()
                0x00000000c00094b2                PhysicalDisk::~PhysicalDisk()
                0x00000000c00094d6                PhysicalDisk::~PhysicalDisk()
 .text          0x00000000c0009500        0x0 hal/fpu.32
 .text          0x00000000c0009500      0x359 hal/intctrl.32
                0x00000000c0009500                int_handler
                0x00000000c000958a                installISRHandler(int, void (*)(regs*, void*), void*)
                0x00000000c00095d4                installIRQHandler(int, void (*)(regs*, void*), bool, void*)
                0x00000000c0009708                uninstallISRHandler(int, void (*)(regs*, void*))
                0x00000000c000973c                uninstallIRQHandler(int, void (*)(regs*, void*), bool)
                0x00000000c00097ba                setupINTS()
                0x00000000c0009817                convertLegacyIRQNumber(int)
 *fill*         0x00000000c0009859        0x1 
 .text          0x00000000c000985a      0x8bc hal/keybrd.32
                0x00000000c000985a                startGUI(void*)
                0x00000000c00098c4                startGUIVESA(void*)
                0x00000000c000992e                sendKeyToTerminal(unsigned char)
                0x00000000c0009a09                sendKeyboardToken(KeyboardToken)
                0x00000000c0009ec5                clearInternalKeybuffer(VgaText*)
                0x00000000c0009efa                readKeyboard(VgaText*, char*, unsigned long)
                0x00000000c000a08c                Keyboard::Keyboard(char const*)
                0x00000000c000a08c                Keyboard::Keyboard(char const*)
                0x00000000c000a0c8                Keyboard::~Keyboard()
                0x00000000c000a0c8                Keyboard::~Keyboard()
                0x00000000c000a0ec                Keyboard::~Keyboard()
 .text          0x00000000c000a116      0x3f8 hal/logidisk.32
                0x00000000c000a116                LogicalDisk::close(int, int, void*)
                0x00000000c000a11a                LogicalDisk::~LogicalDisk()
                0x00000000c000a11a                LogicalDisk::~LogicalDisk()
                0x00000000c000a13e                LogicalDisk::~LogicalDisk()
                0x00000000c000a168                LogicalDisk::open(int, int, void*)
                0x00000000c000a17c                LogicalDisk::absoluteToRelative(unsigned long long)
                0x00000000c000a1b4                LogicalDisk::relativeToAbsolute(unsigned long long)
                0x00000000c000a1fa                LogicalDisk::LogicalDisk(char const*, PhysicalDisk*, unsigned long long, unsigned long long)
                0x00000000c000a1fa                LogicalDisk::LogicalDisk(char const*, PhysicalDisk*, unsigned long long, unsigned long long)
                0x00000000c000a2ba                LogicalDisk::assignDriveLetter()
                0x00000000c000a374                LogicalDisk::mount()
                0x00000000c000a3bc                LogicalDisk::unmount()
                0x00000000c000a3cc                LogicalDisk::eject()
                0x00000000c000a3e0                LogicalDisk::unassignDriveLetter()
                0x00000000c000a436                LogicalDisk::read(unsigned long long, int, void*)
                0x00000000c000a4a2                LogicalDisk::write(unsigned long long, int, void*)
 *fill*         0x00000000c000a50e        0x2 
 .text          0x00000000c000a510       0x86 hal/mouse.32
                0x00000000c000a510                Mouse::Mouse(char const*)
                0x00000000c000a510                Mouse::Mouse(char const*)
                0x00000000c000a548                Mouse::~Mouse()
                0x00000000c000a548                Mouse::~Mouse()
                0x00000000c000a56c                Mouse::~Mouse()
 .text          0x00000000c000a596       0x90 hal/nic.32
                0x00000000c000a596                NIC::getMAC()
                0x00000000c000a59c                NIC::write(int, unsigned char*, int*)
                0x00000000c000a5a2                NIC::NIC(char const*)
                0x00000000c000a5a2                NIC::NIC(char const*)
                0x00000000c000a5d8                NIC::~NIC()
                0x00000000c000a5d8                NIC::~NIC()
                0x00000000c000a5fc                NIC::~NIC()
 .text          0x00000000c000a626      0x33b hal/partition.32
                0x00000000c000a626                makePartition(PhysicalDisk*, unsigned long long, unsigned long long)
                0x00000000c000a6ce                createPartitionsForDisk(PhysicalDisk*)
 *fill*         0x00000000c000a961        0x3 
 .text          0x00000000c000a964       0x86 hal/serial.32
                0x00000000c000a964                Serial::Serial(char const*)
                0x00000000c000a964                Serial::Serial(char const*)
                0x00000000c000a99c                Serial::~Serial()
                0x00000000c000a99c                Serial::~Serial()
                0x00000000c000a9c0                Serial::~Serial()
 *fill*         0x00000000c000a9ea        0x2 
 .text          0x00000000c000a9ec      0x230 hal/timer.32
                0x00000000c000a9ec                Timer::Timer(char const*)
                0x00000000c000a9ec                Timer::Timer(char const*)
                0x00000000c000aa24                Timer::~Timer()
                0x00000000c000aa24                Timer::~Timer()
                0x00000000c000aa48                Timer::~Timer()
                0x00000000c000aa72                Timer::read()
                0x00000000c000aa7d                setupTimer(int)
                0x00000000c000aab8                timerHandler(unsigned int)
 .text          0x00000000c000ac1c      0x444 hal/vcache.32
                0x00000000c000ac1c                VCache::VCache(PhysicalDisk*)
                0x00000000c000ac1c                VCache::VCache(PhysicalDisk*)
                0x00000000c000ad8c                VCache::invalidateReadBuffer()
                0x00000000c000ad9c                VCache::writeWriteBuffer()
                0x00000000c000ade8                VCache::~VCache()
                0x00000000c000ade8                VCache::~VCache()
                0x00000000c000ae40                VCache::~VCache()
                0x00000000c000ae68                VCache::write(unsigned long long, int, void*)
                0x00000000c000af5c                VCache::read(unsigned long long, int, void*)
 .text          0x00000000c000b060      0x70e hal/video.32
                0x00000000c000b060                Video::putrect(int, int, int, int, unsigned int)
                0x00000000c000b0ac                Video::bitblit(int, int, int, int, int, int, int, unsigned int*)
                0x00000000c000b11c                Video::blit(unsigned int*, int, int, int, int)
                0x00000000c000b19a                Video::clearScreen(unsigned int)
                0x00000000c000b1ce                Video::putpixel(int, int, unsigned int)
                0x00000000c000b1dc                Video::readPixelApprox(int, int)
                0x00000000c000b1f0                Video::Video(char const*)
                0x00000000c000b1f0                Video::Video(char const*)
                0x00000000c000b226                Video::~Video()
                0x00000000c000b226                Video::~Video()
                0x00000000c000b24a                Video::~Video()
                0x00000000c000b274                Video::isMonochrome()
                0x00000000c000b280                Video::getWidth()
                0x00000000c000b28c                Video::getHeight()
                0x00000000c000b298                Video::drawCursor(int, int, unsigned int*, int)
                0x00000000c000b354                Video::tgaParse(unsigned char*, int, int*, int*)
                0x00000000c000b6fe                Video::putTGA(int, int, unsigned char*, int)
 *fill*         0x00000000c000b76e        0x2 
 .text          0x00000000c000b770     0x13ff hw/acpi.32
                0x00000000c000b770                ACPI::close(int, int, void*)
                0x00000000c000b8ac                findRSDP()
                0x00000000c000b944                loadACPITables(unsigned char*)
                0x00000000c000bbb0                findRSDT(unsigned char*)
                0x00000000c000bd08                findDataTable(unsigned char*, char*)
                0x00000000c000bd88                scanMADT()
                0x00000000c000c240                ACPI::ACPI()
                0x00000000c000c240                ACPI::ACPI()
                0x00000000c000c294                ACPI::getPCIIRQAssignment(unsigned char, unsigned short, unsigned char)
                0x00000000c000c390                ACPI::registerPCIIRQAssignment(void*, unsigned short, unsigned char, unsigned char)
                0x00000000c000c45c                ACPI::setScreenBrightnessLevel(void*, int)
                0x00000000c000c464                ACPI::detectPCI()
                0x00000000c000c684                ACPI::writeSimpleBootFlag(SimpleBootFlagTable*)
                0x00000000c000c6cc                ACPI::sleep()
                0x00000000c000c6e8                ACPI::open(int, int, void*)
 *fill*         0x00000000c000cb6f        0x1 
 .text          0x00000000c000cb70      0xbc5 hw/cpu.32
                0x00000000c000cb70                CPU::close(int, int, void*)
                0x00000000c000cb74                CPU::AMD_K6_write_msr(unsigned int, unsigned int, unsigned int, CPU::REGS*)
                0x00000000c000cb90                CPU::AMD_K6_read_msr(unsigned int, CPU::REGS*)
                0x00000000c000cba8                CPU::AMD_K6_writeback(int, int, int)
                0x00000000c000cc1c                CPU::cpuid(int, unsigned long*, unsigned long*, unsigned long*, unsigned long*)
                0x00000000c000cca0                CPU::cpuidCheckEDX(unsigned int)
                0x00000000c000ccce                CPU::cpuidCheckECX(unsigned int)
                0x00000000c000ccfc                CPU::cpuidCheckExtendedEBX(unsigned int)
                0x00000000c000cd2a                CPU::cpuidCheckExtendedECX(unsigned int)
                0x00000000c000cd58                CPU::CPU()
                0x00000000c000cd58                CPU::CPU()
                0x00000000c000cde6                CPU::displayFeatures()
                0x00000000c000cde8                CPU::detectFeatures()
                0x00000000c000d4bc                CPU::setupSMEP()
                0x00000000c000d4c8                CPU::setupUMIP()
                0x00000000c000d4d2                CPU::setupTSC()
                0x00000000c000d4dc                CPU::setupLargePages()
                0x00000000c000d4e6                CPU::setupPAT()
                0x00000000c000d522                CPU::setupMTRR()
                0x00000000c000d524                CPU::setupGlobalPages()
                0x00000000c000d52e                CPU::allowUsermodeDataAccess()
                0x00000000c000d540                CPU::prohibitUsermodeDataAccess()
                0x00000000c000d552                CPU::setupSMAP()
                0x00000000c000d560                CPU::setupFeatures()
                0x00000000c000d62c                CPU::open(int, int, void*)
 .text          0x00000000c000d735       0xb6 krnl/atexit.32
                0x00000000c000d735                KeInitialiseAtexit()
                0x00000000c000d754                KeRegisterAtexit(void (*)(void*), void*)
                0x00000000c000d788                KeExecuteAtexit()
 .text          0x00000000c000d7eb       0x92 krnl/bootmsg.32
                0x00000000c000d7eb                KeDisplaySplashScreen()
                0x00000000c000d81a                KeSetBootMessage(char const*)
 .text          0x00000000c000d87d       0x5f krnl/c++.32
                0x00000000c000d87d                __cxa_atexit
                0x00000000c000d880                __cxa_finalize
                0x00000000c000d881                __stack_chk_fail
                0x00000000c000d8b7                __cxa_pure_virtual
                0x00000000c000d8c8                operator new[](unsigned long)
                0x00000000c000d8cd                operator delete(void*, unsigned long)
                0x00000000c000d8d2                operator delete[](void*)
                0x00000000c000d8d7                operator delete[](void*, unsigned long)
 .text          0x00000000c000d8dc       0x48 krnl/cdefs.32
                0x00000000c000d8dc                CUnlockScheduler
                0x00000000c000d8f8                CLockScheduler
                0x00000000c000d908                CPrintf
 .text          0x00000000c000d924      0xd56 krnl/cm.32
                0x00000000c000d924                CmOpen(char const*)
                0x00000000c000da42                CmClose(Reghive_Tag*)
                0x00000000c000da58                CmReadExtent(Reghive_Tag*, int, unsigned char*)
                0x00000000c000da94                CmGetString(Reghive_Tag*, int, char*)
                0x00000000c000db0b                CmEnterDirectory(Reghive_Tag*, int)
                0x00000000c000db4a                CmGetNext(Reghive_Tag*, int)
                0x00000000c000db7c                CmWriteExtent(Reghive_Tag*, int, unsigned char*)
                0x00000000c000dbb8                CmFreeExtent(Reghive_Tag*, int)
                0x00000000c000dbe0                CmUpdateHeader(Reghive_Tag*)
                0x00000000c000dc01                CmExpand(Reghive_Tag*, int)
                0x00000000c000dc7c                CmFindUnusedExtent(Reghive_Tag*)
                0x00000000c000dd02                CmCreateExtent(Reghive_Tag*, int, int, unsigned char*)
                0x00000000c000ddf6                CmSetString(Reghive_Tag*, int, char const*)
                0x00000000c000df32                CmGetMatch(char*, char*, bool, bool*)
                0x00000000c000df93                CmAddShift(unsigned int*, int*, unsigned char, int)
                0x00000000c000dfc3                CmGetShift(unsigned int*, int*, int, bool*)
                0x00000000c000dffa                CmGetInteger(Reghive_Tag*, int, unsigned long long*)
                0x00000000c000e024                CmSetInteger(Reghive_Tag*, int, unsigned long long)
                0x00000000c000e064                CmConvertFromInternalFilename(unsigned char const*, char*)
                0x00000000c000e108                CmGetNameAndTypeFromExtent(Reghive_Tag*, int, char*)
                0x00000000c000e136                CmConvertToInternalFilename(char const*, unsigned char*)
                0x00000000c000e2d4                CmCreateString(Reghive_Tag*, int, char const*)
                0x00000000c000e321                CmFindInDirectory(Reghive_Tag*, int, char const*)
                0x00000000c000e39b                CmCreateInteger(Reghive_Tag*, int, char const*, unsigned long long, int)
                0x00000000c000e3ee                CmCreateDirectory(Reghive_Tag*, int, char const*)
                0x00000000c000e4b2                zStrtok(char*, char const*)
                0x00000000c000e524                CmFindObjectFromPath(Reghive_Tag*, char const*)
                0x00000000c000e5a5                CmDisplayTree(Reghive_Tag*, int, int)
                0x00000000c000e648                CmSplitFinalSlashInPlace(char*)
 *fill*         0x00000000c000e67a        0x2 
 .text          0x00000000c000e67c       0x1d krnl/compat.32
                0x00000000c000e67c                Krnl::handlePowerButton()
                0x00000000c000e68c                Krnl::handleSleepButton()
 *fill*         0x00000000c000e699        0x1 
 .text          0x00000000c000e69a      0x6a7 krnl/computer.32
                0x00000000c000e69a                Computer::close(int, int, void*)
                0x00000000c000e6e8                KeFirstTask()
                0x00000000c000e80a                Computer::Computer()
                0x00000000c000e80a                Computer::Computer()
                0x00000000c000e8ba                Computer::detectFeatures()
                0x00000000c000eae0                Computer::rdmsr(unsigned int)
                0x00000000c000eb0c                Computer::wrmsr(unsigned int, unsigned long long)
                0x00000000c000eb48                Computer::shutdown()
                0x00000000c000eb60                Computer::restart()
                0x00000000c000eb78                Computer::sleep()
                0x00000000c000eb8c                Computer::nmiEnabled()
                0x00000000c000eb98                Computer::readCMOS(unsigned char)
                0x00000000c000ebb6                Computer::enableNMI(bool)
                0x00000000c000ebce                Computer::open(int, int, void*)
                0x00000000c000eca2                Computer::disableNMI()
                0x00000000c000ecb2                Computer::writeCMOS(unsigned char, unsigned char)
                0x00000000c000ecd6                Computer::handleNMI()
 .text          0x00000000c000ed41       0x2b krnl/crc32.32
                0x00000000c000ed41                KeCalculateCRC32(unsigned char*, int)
 .text          0x00000000c000ed6c      0x5bf krnl/env.32
                0x00000000c000ed6c                EnvVarContainer::getEnv(char const*)
                0x00000000c000edaa                EnvVarContainer::setEnv(char const*, char const*)
                0x00000000c000ee6c                EnvVarContainer::deleteEnv(char const*)
                0x00000000c000ee6e                EnvVarContainer::loadFrom(char const*, char const*)
                0x00000000c000f092                EnvVarContainer::__loadSystem()
                0x00000000c000f0ac                EnvVarContainer::__loadUser()
                0x00000000c000f0ae                EnvVarContainer::EnvVarContainer(Process*)
                0x00000000c000f0ae                EnvVarContainer::EnvVarContainer(Process*)
                0x00000000c000f0d0                EnvVarContainer::~EnvVarContainer()
                0x00000000c000f0d0                EnvVarContainer::~EnvVarContainer()
                0x00000000c000f100                KeGetEnv(Process*, char const*)
                0x00000000c000f165                KeSetEnvSystem(char const*, char const*)
                0x00000000c000f17f                KeSetEnvUser(char const*, char const*)
                0x00000000c000f19e                KeSetEnvProcess(Process*, char const*, char const*)
                0x00000000c000f1b1                KeDeleteEnvSystem(char const*)
                0x00000000c000f1b2                KeDeleteEnvUser(char const*)
                0x00000000c000f1b3                KeDeleteEnvProcess(Process*, char const*)
                0x00000000c000f1b4                KeNewProcessEnv(Process*)
                0x00000000c000f1d6                KeCopyProcessEnv(Process*, Process*)
                0x00000000c000f222                KeLoadSystemEnv()
                0x00000000c000f250                KeLoadUserEnv()
                0x00000000c000f276                KeFlushEnv()
                0x00000000c000f277                KeGetProcessTotalEnvCount(Process*)
                0x00000000c000f297                KeGetProcessEnvPair(Process*, int)
 *fill*         0x00000000c000f32b        0x1 
 .text          0x00000000c000f32c      0x1db krnl/gdt.32
                0x00000000c000f32c                GDTEntry::setBase(unsigned int)
                0x00000000c000f348                GDTEntry::setLimit(unsigned int)
                0x00000000c000f366                GDT::GDT()
                0x00000000c000f366                GDT::GDT()
                0x00000000c000f37c                GDT::addEntry(GDTEntry)
                0x00000000c000f39e                GDT::getNumberOfEntries()
                0x00000000c000f3a6                GDT::flush()
                0x00000000c000f3c8                GDT::setup()
 .text          0x00000000c000f507       0x1d krnl/idle.32
                0x00000000c000f507                idleFunction(void*)
 .text          0x00000000c000f524      0x46c krnl/idt.32
                0x00000000c000f524                IDTEntry::IDTEntry(bool)
                0x00000000c000f524                IDTEntry::IDTEntry(bool)
                0x00000000c000f59e                IDTEntry::setOffset(unsigned int)
                0x00000000c000f5b4                IDT::IDT()
                0x00000000c000f5b4                IDT::IDT()
                0x00000000c000f5b6                IDT::getPointerToInvalidOpcodeEntryForF00F()
                0x00000000c000f5be                IDT::addEntry(IDTEntry, int)
                0x00000000c000f5d8                IDT::addEntry(int, void (*)(), bool)
                0x00000000c000f610                IDT::flush()
                0x00000000c000f62a                IDT::setup()
 .text          0x00000000c000f990       0x94 krnl/inlines.32
                0x00000000c000f990                CPU::current()
                0x00000000c000f99c                operator new(unsigned long)
                0x00000000c000f9a1                operator delete(void*)
                0x00000000c000f9a6                disableIRQs()
                0x00000000c000f9a8                enableIRQs()
                0x00000000c000f9aa                lockScheduler()
                0x00000000c000f9b2                unlockScheduler()
                0x00000000c000f9c1                lockStuff()
                0x00000000c000f9cf                unlockStuff()
                0x00000000c000fa09                Virt::getAKernelVAS()
                0x00000000c000fa0f                __not_memcpy
 .text          0x00000000c000fa24      0x205 krnl/kheap.32
                0x00000000c000fa24                sbrk
                0x00000000c000fabb                sbrk_thunk
                0x00000000c000faf1                mmap
                0x00000000c000fb4f                munmap
                0x00000000c000fb64                liballoc_lock()
                0x00000000c000fb72                liballoc_unlock()
                0x00000000c000fb88                liballoc_alloc(int)
                0x00000000c000fba0                liballoc_free(void*, int)
                0x00000000c000fbbb                realloc
                0x00000000c000fbcf                malloc
                0x00000000c000fbdf                free
                0x00000000c000fbef                rfree
                0x00000000c000fbff                calloc
 *fill*         0x00000000c000fc29        0x3 
 .text          0x00000000c000fc2c      0x1e3 krnl/mailbox.32
                0x00000000c000fc2c                KeMailboxTryPost(Mailbox*, void*)
                0x00000000c000fc90                KeMailboxTryGet(Mailbox*, void**)
                0x00000000c000fcf4                KeMailboxCreate()
                0x00000000c000fd28                KeMailboxPost(Mailbox*, void*)
                0x00000000c000fd90                KeMailboxGet(Mailbox*, void**)
                0x00000000c000fdf8                KeMailboxDestroy(Mailbox*)
 .text          0x00000000c000fe0f       0xc7 krnl/main.32
                0x00000000c000fe0f                KeEntryPoint
 *fill*         0x00000000c000fed6        0x2 
 .text          0x00000000c000fed8       0x1a krnl/mutex.32
                0x00000000c000fed8                Mutex::Mutex()
                0x00000000c000fed8                Mutex::Mutex()
 .text          0x00000000c000fef2        0xc krnl/panic.32
                0x00000000c000fef2                KePanic(char const*)
 .text          0x00000000c000fefe      0x644 krnl/physmgr.32
                0x00000000c000fefe                Phys::allocateDMA(unsigned long)
                0x00000000c000ffe6                Phys::freeDMA(unsigned long, unsigned long)
                0x00000000c0010021                Phys::setPageState(unsigned long, bool)
                0x00000000c0010061                Phys::getPageState(unsigned long)
                0x00000000c001007d                Phys::freePage(unsigned long)
                0x00000000c00100e6                Phys::allocatePage()
                0x00000000c00101b5                Phys::allocateContiguousPages(int)
                0x00000000c001021c                Phys::allowSegmentToBeUsed(unsigned long, unsigned long)
                0x00000000c0010254                Phys::physicalMemorySetup(unsigned int)
 .text          0x00000000c0010542      0x273 krnl/pipe.32
                0x00000000c0010542                Pipe::isAtty()
                0x00000000c0010546                Pipe::~Pipe()
                0x00000000c0010546                Pipe::~Pipe()
                0x00000000c001056a                Pipe::~Pipe()
                0x00000000c0010592                Pipe::write(unsigned long long, void*, int*)
                0x00000000c0010652                Pipe::read(unsigned long long, void*, int*)
                0x00000000c001074e                Pipe::Pipe(int)
                0x00000000c001074e                Pipe::Pipe(int)
 .text          0x00000000c00107b5      0x142 krnl/powctrl.32
                0x00000000c00107b5                KePowerThread(void*)
                0x00000000c00107e3                KeChangePowerSettings(PowerSettings)
                0x00000000c00107f9                KeUserIOReceived()
                0x00000000c0010804                KeHandlePowerButton()
                0x00000000c0010839                KeHandleSleepButton()
                0x00000000c001086e                KeSetupPowerManager()
 .text          0x00000000c00108f7       0x9d krnl/random.32
                0x00000000c00108f7                KeRand()
                0x00000000c0010939                KeSeedRand(unsigned int)
                0x00000000c0010962                KeInitRand()
 .text          0x00000000c0010994      0x1bc krnl/resolve.32
                0x00000000c0010994                KeResolveCompatibilitySymbol(char*)
 .text          0x00000000c0010b50      0x415 krnl/semaphore.32
                0x00000000c0010b50                Semaphore::Semaphore(int)
                0x00000000c0010b50                Semaphore::Semaphore(int)
                0x00000000c0010b80                Semaphore::tryAcquire()
                0x00000000c0010c5c                Semaphore::assertLocked(char const*)
                0x00000000c0010cec                Semaphore::acquire(int)
                0x00000000c0010e94                Semaphore::acquire()
                0x00000000c0010eb0                Semaphore::release()
 .text          0x00000000c0010f65      0x322 krnl/signal.32
                0x00000000c0010f65                KiSigKill(int)
                0x00000000c0010f79                KiDefaultSignalHandlerIgnore(int)
                0x00000000c0010f7a                KiDefaultSignalHandlerPause(int)
                0x00000000c0010fa6                KiDefaultSignalHandlerResume(int)
                0x00000000c0010fd2                KeDeinitSignals(SigHandlerBlock*)
                0x00000000c0010fd7                KeInitSignals()
                0x00000000c0011029                KeRegisterSignalHandler(SigHandlerBlock*, int, void (*)(int), unsigned int, int)
                0x00000000c001105f                KeRaiseSignal(SigHandlerBlock*, int)
                0x00000000c00110dc                KeCheckSignal(SigHandlerBlock*, int*)
                0x00000000c00111d3                KiCheckSignalZ
                0x00000000c0011215                KeCompleteSignal(SigHandlerBlock*, int)
                0x00000000c0011250                KiFinishSignalZ
 .text          0x00000000c0011287      0xe1d krnl/syscalls.32
                0x00000000c0011287                SysSeekDir(regs*)
                0x00000000c001128c                SysTellDir(regs*)
                0x00000000c0011291                SysVerify(regs*)
                0x00000000c001129b                SysGetArgc(regs*)
                0x00000000c00112af                SysTTYName(regs*)
                0x00000000c00112b7                SysFormatDisk(regs*)
                0x00000000c001132e                SysSetDiskVolumeLabel(regs*)
                0x00000000c0011382                SysGetDiskVolumeLabel(regs*)
                0x00000000c00113db                SysShutdown(regs*)
                0x00000000c0011439                SysRealpath(regs*)
                0x00000000c001147d                SysReadDir(regs*)
                0x00000000c00114fd                SysIsATTY(regs*)
                0x00000000c0011557                SysSeek(regs*)
                0x00000000c00115ae                SysTell(regs*)
                0x00000000c001161b                SysSize(regs*)
                0x00000000c001168e                SysSizeFromFilename(regs*)
                0x00000000c00117bf                SysSizeFromFilenameNoSymlink(regs*)
                0x00000000c00118f0                SysClose(regs*)
                0x00000000c0011950                SysOpenDir(regs*)
                0x00000000c00119cd                SysMakeDir(regs*)
                0x00000000c0011a3b                SysCloseDir(regs*)
                0x00000000c0011a8f                SysWait(regs*)
                0x00000000c0011ab0                SysNotImpl(regs*)
                0x00000000c0011acb                SysPanic(regs*)
                0x00000000c0011ae6                SysRmdir(regs*)
                0x00000000c0011b4b                SysUnlink(regs*)
                0x00000000c0011bb0                SysGetArgv(regs*)
                0x00000000c0011bfd                SysUSleep(regs*)
                0x00000000c0011c26                SysSpawn(regs*)
                0x00000000c0011c99                SysGetEnv(regs*)
                0x00000000c0011d4a                SysSetFatAttrib(regs*)
                0x00000000c0011dbd                SysPipe(regs*)
                0x00000000c0011e02                SysGetUnixTime(regs*)
                0x00000000c0011e16                string_ends_with(char const*, char const*)
                0x00000000c0011e5e                SysOpen(regs*)
                0x00000000c0012055                KeSystemCall(regs*, void*)
 .text          0x00000000c00120a4      0xab3 krnl/terminal.32
                0x00000000c00120a4                VgaText::isAtty()
                0x00000000c00120a8                VgaText::~VgaText()
                0x00000000c00120a8                VgaText::~VgaText()
                0x00000000c00120cc                VgaText::~VgaText()
                0x00000000c00120f6                VgaText::read(unsigned long long, void*, int*)
                0x00000000c0012116                setTerminalScrollLock(bool)
                0x00000000c0012117                doTerminalCycle()
                0x00000000c0012118                addToTerminalCycle(VgaText*)
                0x00000000c0012119                scrollTerminalScrollLock(int)
                0x00000000c001211a                VgaText::updateTitle()
                0x00000000c001211c                VgaText::load()
                0x00000000c001211e                VgaText::updateCursor()
                0x00000000c0012134                VgaText::doANSI_SGR(int)
                0x00000000c00121a8                VgaText::setDefaultBgColour(VgaColour)
                0x00000000c00121b8                VgaText::setDefaultFgColour(VgaColour)
                0x00000000c00121c8                VgaText::setDefaultColours(VgaColour, VgaColour)
                0x00000000c00121e8                VgaText::setTitleTextColour(VgaColour)
                0x00000000c00121f4                VgaText::setTitleColour(VgaColour)
                0x00000000c0012200                VgaText::setTitle(char*)
                0x00000000c0012202                VgaText::combineColours(unsigned char, unsigned char)
                0x00000000c0012214                VgaText::scrollScreen()
                0x00000000c00122a6                VgaText::combineCharAndColour(char, unsigned char)
                0x00000000c00122b6                VgaText::writeCharacter(char, VgaColour, VgaColour, int, int)
                0x00000000c0012346                VgaText::getCursorX()
                0x00000000c001234e                VgaText::getCursorY()
                0x00000000c0012356                VgaText::setCursor(int, int)
                0x00000000c001236d                setActiveTerminal(VgaText*)
                0x00000000c00123b8                VgaText::clearScreen()
                0x00000000c0012406                VgaText::setCursorX(int)
                0x00000000c001241e                VgaText::setCursorY(int)
                0x00000000c0012436                VgaText::incrementCursor(bool)
                0x00000000c001248a                VgaText::decrementCursor(bool)
                0x00000000c00124ac                VgaText::putchar(char, VgaColour, VgaColour)
                0x00000000c001257c                VgaText::putchar(char)
                0x00000000c0012674                VgaText::putx(unsigned int)
                0x00000000c00126ba                VgaText::puts(char const*)
                0x00000000c00126e0                VgaText::write(unsigned long long, void*, int*)
                0x00000000c001272c                VgaText::puts(char const*, VgaColour, VgaColour)
                0x00000000c001287a                VgaText::VgaText(char const*)
                0x00000000c001287a                VgaText::VgaText(char const*)
                0x00000000c00129ca                VgaText::receiveKey(unsigned char)
                0x00000000c0012b56                VgaText::doUpdate()
 *fill*         0x00000000c0012b57        0x1 
 .text          0x00000000c0012b58      0x1a1 krnl/tss.32
                0x00000000c0012b58                TSS::TSS()
                0x00000000c0012b58                TSS::TSS()
                0x00000000c0012b68                TSS::setESP(unsigned long)
                0x00000000c0012b7c                TSS::flush()
                0x00000000c0012b9c                TSS::setup(unsigned long, unsigned long)
 *fill*         0x00000000c0012cf9        0x1 
 .text          0x00000000c0012cfa      0x4ca krnl/unixfile.32
                0x00000000c0012cfa                ReservedFilename::read(unsigned long long, void*, int*)
                0x00000000c0012d50                ReservedFilename::isAtty()
                0x00000000c0012d6c                ReservedFilename::write(unsigned long long, void*, int*)
                0x00000000c0012dca                UnixFile::getFileDescriptor()
                0x00000000c0012dd2                UnixFile::UnixFile(int)
                0x00000000c0012dd2                UnixFile::UnixFile(int)
                0x00000000c0012f86                ReservedFilename::ReservedFilename(int)
                0x00000000c0012f86                ReservedFilename::ReservedFilename(int)
                0x00000000c0012fb8                UnixFile::~UnixFile()
                0x00000000c0012fb8                UnixFile::~UnixFile()
                0x00000000c0013054                UnixFile::~UnixFile()
                0x00000000c001307c                ReservedFilename::~ReservedFilename()
                0x00000000c001307c                ReservedFilename::~ReservedFilename()
                0x00000000c00130a0                ReservedFilename::~ReservedFilename()
                0x00000000c00130c7                KeGetFileFromDescriptor(int)
 .text          0x00000000c00131c4     0x1210 krnl/virtmgr.32
                0x00000000c00131c4                Virt::setPageState(unsigned long, Virt::VirtPageState)
                0x00000000c00131fe                Virt::getPageState(unsigned long)
                0x00000000c0013221                Virt::allocateKernelVirtualPages(int)
                0x00000000c0013346                Virt::freeSwapfilePage(unsigned long)
                0x00000000c0013369                Virt::swapIDToSector(unsigned long)
                0x00000000c001337f                Virt::allocateSwapfilePage()
                0x00000000c00133ff                Virt::virtualMemorySetup()
                0x00000000c0013450                Virt::setupPageSwapping(int)
                0x00000000c00134c2                VAS::setCPUSpecific(unsigned long)
                0x00000000c00134c4                VAS::VAS(VAS*)
                0x00000000c00134c4                VAS::VAS(VAS*)
                0x00000000c00134dc                VAS::getForeignPageTableEntry(bool, unsigned long)
                0x00000000c001350a                VAS::getPageTableEntry(unsigned long)
                0x00000000c0013529                Virt::freeKernelVirtualPages(unsigned long)
                0x00000000c0013666                VAS::freeAllocatedPages(unsigned long)
                0x00000000c001368a                VAS::virtualToPhysical(unsigned long)
                0x00000000c00136a4                VAS::reflagRange(unsigned long, int, unsigned long, unsigned long)
                0x00000000c00136e6                VAS::VAS()
                0x00000000c00136e6                VAS::VAS()
                0x00000000c0013750                VAS::setToWriteCombining(unsigned long, int)
                0x00000000c0013784                VAS::mapOtherVASIn(bool, VAS*)
                0x00000000c00137b0                VAS::~VAS()
                0x00000000c00137b0                VAS::~VAS()
                0x00000000c001391e                VAS::mapPage(unsigned long, unsigned long, int)
                0x00000000c0013a22                VAS::allocatePages(int, int)
                0x00000000c0013b18                VAS::mapRange(unsigned long, unsigned long, int, int)
                0x00000000c0013b70                VAS::mapForeignPage(bool, VAS*, unsigned long, unsigned long, int)
                0x00000000c0013c66                VAS::VAS(bool)
                0x00000000c0013c66                VAS::VAS(bool)
                0x00000000c0013eb0                VAS::evict(unsigned long)
                0x00000000c0013f8e                VAS::tryLoadBackOffDisk(unsigned long)
                0x00000000c0014136                VAS::allocateSharedMemoryWithKernel(unsigned long, unsigned long*)
                0x00000000c00141aa                VAS::freeSharedMemoryWithKernel(unsigned long, unsigned long)
                0x00000000c00141d6                VAS::scanForEviction()
                0x00000000c00142d9                mapVASFirstTime
 .text          0x00000000c00143d4       0x36 sys/eject.32
                0x00000000c00143d4                SysEject(regs*)
 .text          0x00000000c001440a       0x18 sys/exit.32
                0x00000000c001440a                SysExit(regs*)
 .text          0x00000000c0014422       0x1f sys/getcwd.32
                0x00000000c0014422                SysGetCwd(regs*)
 .text          0x00000000c0014441        0xc sys/getpid.32
                0x00000000c0014441                SysGetPID(regs*)
 .text          0x00000000c001444d       0x1a sys/getramdata.32
                0x00000000c001444d                SysGetRAMData(regs*)
 .text          0x00000000c0014467       0x82 sys/getvgaptr.32
                0x00000000c0014467                SysGetVGAPtr(regs*)
 *fill*         0x00000000c00144e9        0x3 
 .text          0x00000000c00144ec       0xb9 sys/kill.32
                0x00000000c00144ec                SysKill(regs*)
 .text          0x00000000c00145a5       0xa8 sys/loaddll.32
                0x00000000c00145a5                SysLoadDLL(regs*)
 .text          0x00000000c001464d       0x68 sys/read.32
                0x00000000c001464d                SysRead(regs*)
 .text          0x00000000c00146b5       0x29 sys/registersignal.32
                0x00000000c00146b5                SysRegisterSignal(regs*)
 .text          0x00000000c00146de      0x1cc sys/registry.32
                0x00000000c00146de                SysRegistryGetTypeFromPath(regs*)
                0x00000000c0014722                SysRegistryReadExtent(regs*)
                0x00000000c001476a                SysRegistryPathToExtentLookup(regs*)
                0x00000000c0014781                SysRegistryEnterDirectory(regs*)
                0x00000000c0014798                SysRegistryGetNext(regs*)
                0x00000000c00147af                SysRegistryGetNameAndTypeFromExtent(regs*)
                0x00000000c00147e9                SysRegistryOpen(regs*)
                0x00000000c00147fd                SysRegistryClose(regs*)
                0x00000000c0014814                SysRegistryEasyReadString(regs*)
                0x00000000c0014860                SysRegistryEasyReadInteger(regs*)
 .text          0x00000000c00148aa       0x55 sys/sbrk.32
                0x00000000c00148aa                SysSbrk(regs*)
 .text          0x00000000c00148ff       0x1c sys/setcwd.32
                0x00000000c00148ff                SysSetCwd(regs*)
 .text          0x00000000c001491b       0x96 sys/settime.32
                0x00000000c001491b                SysSetTime(regs*)
 .text          0x00000000c00149b1       0x73 sys/symlink.32
                0x00000000c00149b1                SysSymlink(regs*)
 .text          0x00000000c0014a24       0x3f sys/timezone.32
                0x00000000c0014a24                SysTimezone(regs*)
 .text          0x00000000c0014a63       0xfc sys/truncate.32
                0x00000000c0014a63                SysTruncate(regs*)
 .text          0x00000000c0014b5f       0x68 sys/write.32
                0x00000000c0014b5f                SysWrite(regs*)
 .text          0x00000000c0014bc7       0x9d sys/wsbe.32
                0x00000000c0014bc7                SysWsbe(regs*)
 .text          0x00000000c0014c64       0x25 sys/yield.32
                0x00000000c0014c64                SysYield(regs*)
 .text          0x00000000c0014c89     0x1207 thr/elf.32
                0x00000000c0014c89                Thr::allocateMemoryForTask(Process*, File*, unsigned long, unsigned long, unsigned long)
                0x00000000c0014f17                Thr::loadProgramIntoMemory(Process*, char const*)
                0x00000000c0015129                Thr::runtimeReferenceHelper()
                0x00000000c001513c                Thr::getAddressOfKernelSymbol(char const*)
                0x00000000c001518b                Thr::loadKernelSymbolTable(char const*)
                0x00000000c0015449                Thr::loadDriverIntoMemory(char const*, unsigned long, bool)
                0x00000000c0015b82                Thr::getDriverBaseFromAddress(unsigned long)
                0x00000000c0015bb4                Thr::getDriverNameFromAddress(unsigned long)
                0x00000000c0015beb                Thr::getDriverOffsetFromAddress(unsigned long)
                0x00000000c0015c05                Thr::loadDLL(char const*, bool)
                0x00000000c0015e57                Thr::executeDLL(unsigned long, void*)
 .text          0x00000000c0015e90       0x5a thr/exec.32
                0x00000000c0015e90                KeProcessExec(Process*, char const*)
 *fill*         0x00000000c0015eea        0x2 
 .text          0x00000000c0015eec     0x1131 thr/prcssthr.32
                0x00000000c0015eec                userModeEntryPoint(void*)
                0x00000000c0015f14                changeTSS
                0x00000000c0015f44                switchToThread(ThreadControlBlock*)
                0x00000000c0015ff4                Process::addArgs(char**)
                0x00000000c0016060                Process::Process(char const*, Process*, char**)
                0x00000000c0016060                Process::Process(char const*, Process*, char**)
                0x00000000c001626c                Process::Process(bool, char const*, Process*, char**)
                0x00000000c001626c                Process::Process(bool, char const*, Process*, char**)
                0x00000000c0016440                taskStartupFunction
                0x00000000c001644c                KeDisablePreemption()
                0x00000000c0016474                KeRestorePreemption()
                0x00000000c0016494                Process::createThread(void (*)(void*), void*, int)
                0x00000000c00165a0                Process::createUserThread()
                0x00000000c00165c0                setupMultitasking(void (*)())
                0x00000000c00166e4                schedule()
                0x00000000c0016778                blockTaskWithSchedulerLockAlreadyHeld(TaskState)
                0x00000000c00167a0                blockTask(TaskState)
                0x00000000c00167d8                waitTask(int, int*, int)
                0x00000000c001681c                milliTenthSleepUntil(unsigned int)
                0x00000000c00168bc                milliTenthSleep(unsigned int)
                0x00000000c00168d0                sleep(unsigned int)
                0x00000000c00168ec                taskReturned
                0x00000000c0016930                Thr::processFromPID(int)
                0x00000000c00169dc                unblockTask(ThreadControlBlock*)
                0x00000000c0016a88                cleanupTerminatedTask(ThreadControlBlock*)
                0x00000000c0016d5c                cleanerTaskFunction(void*)
                0x00000000c0016e64                terminateTask(int)
                0x00000000c0016f50                Thr::terminateFromIRQ(int)
 .text          0x00000000c001701d      0xd00 vm86/vm8086.32
                0x00000000c001701d                Vm::inbv(unsigned short)
                0x00000000c0017030                Vm::outbv(unsigned short, unsigned char)
                0x00000000c0017066                Vm::realToLinear(unsigned short, unsigned short)
                0x00000000c0017076                Vm::getSegment(unsigned int)
                0x00000000c001707e                Vm::getOffset(unsigned int)
                0x00000000c0017083                Vm::mainloop2()
                0x00000000c00170bd                Vm::mainVm8086Loop(void*)
                0x00000000c00170cd                Vm::mainloop3(unsigned long)
                0x00000000c00170f3                Vm::initialise8086()
                0x00000000c0017136                Vm::resetConventionalMemory8086()
                0x00000000c0017137                Vm::finish8086()
                0x00000000c0017198                Vm::getOutput8086(unsigned char*)
                0x00000000c00171bd                Vm::start8086FromBuffer(unsigned char*, int, unsigned short, unsigned short, unsigned short, unsigned short)
                0x00000000c00172e4                Vm::start8086(char const*, unsigned short, unsigned short, unsigned short, unsigned short)
                0x00000000c00174ec                Vm::doISR(regs*, int, unsigned char*, unsigned short, unsigned short)
                0x00000000c0017585                Vm::readByteFromReal(unsigned short, unsigned short)
                0x00000000c0017596                Vm::readWordFromReal(unsigned short, unsigned short)
                0x00000000c00175a8                Vm::readDwordFromReal(unsigned short, unsigned short)
                0x00000000c00175b9                Vm::writeByteFromReal(unsigned short, unsigned short, unsigned char)
                0x00000000c00175ce                Vm::writeWordFromReal(unsigned short, unsigned short, unsigned short)
                0x00000000c00175e4                Vm::writeDwordFromReal(unsigned short, unsigned short, unsigned int)
                0x00000000c00175f9                Vm::faultHandler(regs*)
 .text          0x00000000c0017d1d      0xacb arch/i386/hal.32
                0x00000000c0017d1d                noCopro(unsigned long)
                0x00000000c0017d1e                nmiHandler(regs*, void*)
                0x00000000c0017d37                doubleFault(regs*, void*)
                0x00000000c0017d50                displayDebugInfo(regs*)
                0x00000000c00180d5                HalSystemIdle()
                0x00000000c0018151                displayProgramFault(char const*)
                0x00000000c001819d                gpFault(regs*, void*)
                0x00000000c0018204                pgFault(regs*, void*)
                0x00000000c001828d                otherISRHandler(regs*, void*)
                0x00000000c00182c1                opcodeFault(regs*, void*)
                0x00000000c0018344                i386SaveCoprocessor(void*)
                0x00000000c0018358                i386LoadCoprocessor(void*)
                0x00000000c001836c                x87EmulHandler(regs*, void*)
                0x00000000c0018409                HalInitialiseCoprocessor()
                0x00000000c0018492                HalPanic(char const*)
                0x00000000c00185a6                HalQueryPerformanceCounter()
                0x00000000c00185c1                HalInitialise()
                0x00000000c0018777                HalMakeBeep(int)
                0x00000000c00187b1                HalGetRand()
                0x00000000c00187b4                HalEndOfInterrupt(int)
                0x00000000c00187e5                HalRestart()
                0x00000000c00187e6                HalShutdown()
                0x00000000c00187e7                HalSleep()
 .text          0x00000000c00187e8      0x2dc arch/i386/pic.32
                0x00000000c00187e8                picIoWait()
                0x00000000c00187f0                picDisable()
                0x00000000c0018824                picGetIRQReg(int)
                0x00000000c00188a0                picOpen()
                0x00000000c0018a24                picEOI(int)
 .text          0x00000000c0018ac4      0x674 arch/i386/rtc.32
                0x00000000c0018ac4                RTC::open(int, int, void*)
                0x00000000c0018ac8                RTC::close(int, int, void*)
                0x00000000c0018acc                RTC::timeInSecondsUTC()
                0x00000000c0018ade                RTC::timeInDatetimeUTC()
                0x00000000c0018b04                RTC::setTimeInSecondsUTC(unsigned long long)
                0x00000000c0018b42                RTC::~RTC()
                0x00000000c0018b42                RTC::~RTC()
                0x00000000c0018b66                RTC::~RTC()
                0x00000000c0018b90                RTC::get_update_in_progress_flag()
                0x00000000c0018baa                RTC::completeRTCRefresh()
                0x00000000c0018e8a                RTC::setTimeInDatetimeUTC(datetime_t)
                0x00000000c0019038                rtcIRQHandler(regs*, void*)
                0x00000000c001907e                RTC::RTC()
                0x00000000c001907e                RTC::RTC()
 .text          0x00000000c0019138      0x1f4 arch/i386/vga.32
                0x00000000c0019138                HalConsoleScroll(int, int)
                0x00000000c0019240                HalConsoleWriteCharacter(char, int, int, int, int)
                0x00000000c00192a4                HalConsoleCursorUpdate(int, int)
 .text          0x00000000c001932c     0x14cf fs/fat/vfslink.32
                0x00000000c001932c                FAT::getName()
                0x00000000c0019334                FAT::tell(void*, unsigned long long*)
                0x00000000c0019370                FAT::stat(void*, unsigned long long*)
                0x00000000c00193ac                FAT::~FAT()
                0x00000000c00193ac                FAT::~FAT()
                0x00000000c00193d0                FAT::~FAT()
                0x00000000c00193f8                FAT::getlabel(LogicalDisk*, int, char*, unsigned int*)
                0x00000000c001949c                FAT::setlabel(LogicalDisk*, int, char*)
                0x00000000c0019560                FAT::format(LogicalDisk*, int, char const*, int)
                0x00000000c0019744                FAT::tryMount(LogicalDisk*, int)
                0x00000000c0019960                FAT::allocateSwapfile(char const*, int)
                0x00000000c0019b20                FAT::readDir(void*, unsigned long, void*, int*)
                0x00000000c0019c90                FAT::read(void*, unsigned long, void*, int*)
                0x00000000c0019cf0                FAT::write(void*, unsigned long, void*, int*)
                0x00000000c0019d50                FAT::close(void*)
                0x00000000c0019da4                FAT::closeDir(void*)
                0x00000000c0019df8                FAT::truncate(void*, unsigned long long)
                0x00000000c0019e64                FAT::seek(void*, unsigned long long)
                0x00000000c0019ebc                fatWrapperReadDisk
                0x00000000c0019efc                fatWrapperWriteDisk
                0x00000000c0019f3c                fatWrapperIoctl
                0x00000000c001a058                FAT::FAT()
                0x00000000c001a058                FAT::FAT()
                0x00000000c001a0b0                FAT::fixFilepath(char*)
                0x00000000c001a0f0                FAT::open(char const*, void**, FileOpenMode)
                0x00000000c001a264                FAT::openDir(char const*, void**)
                0x00000000c001a314                FAT::stat(char const*, unsigned long long*, bool*)
                0x00000000c001a40c                FAT::unlink(char const*)
                0x00000000c001a48c                FAT::chfatattr(char const*, unsigned char, unsigned char)
                0x00000000c001a640                FAT::rename(char const*, char const*)
                0x00000000c001a70c                FAT::mkdir(char const*)
                0x00000000c001a78c                FAT::exists(char const*)
 *fill*         0x00000000c001a7fb        0x1 
 .text          0x00000000c001a7fc       0x94 fs/iso9660/helper.32
                0x00000000c001a7fc                isoReadDiscSectorHelper
                0x00000000c001a858                iso_kprintf
                0x00000000c001a874                iso_kprintfd
 .text          0x00000000c001a890      0x71c fs/iso9660/vfslink.32
                0x00000000c001a890                ISO9660::format(LogicalDisk*, int, char const*, int)
                0x00000000c001a896                ISO9660::truncate(void*, unsigned long long)
                0x00000000c001a89c                ISO9660::getName()
                0x00000000c001a8a2                ISO9660::closeDir(void*)
                0x00000000c001a8ac                ISO9660::chfatattr(char const*, unsigned char, unsigned char)
                0x00000000c001a8b2                ISO9660::unlink(char const*)
                0x00000000c001a8b8                ISO9660::write(void*, unsigned long, void*, int*)
                0x00000000c001a8be                ISO9660::rename(char const*, char const*)
                0x00000000c001a8c4                ISO9660::mkdir(char const*)
                0x00000000c001a8ca                ISO9660::~ISO9660()
                0x00000000c001a8ca                ISO9660::~ISO9660()
                0x00000000c001a8ee                ISO9660::~ISO9660()
                0x00000000c001a916                ISO9660::exists(char const*)
                0x00000000c001a92a                ISO9660::open(char const*, void**, FileOpenMode)
                0x00000000c001aa10                ISO9660::read(void*, unsigned long, void*, int*)
                0x00000000c001aa58                ISO9660::seek(void*, unsigned long long)
                0x00000000c001aa9a                ISO9660::tell(void*, unsigned long long*)
                0x00000000c001aad8                ISO9660::stat(void*, unsigned long long*)
                0x00000000c001ab2a                ISO9660::stat(char const*, unsigned long long*, bool*)
                0x00000000c001ac6c                ISO9660::close(void*)
                0x00000000c001ac9c                ISO9660::openDir(char const*, void**)
                0x00000000c001ad76                ISO9660::readDir(void*, unsigned long, void*, int*)
                0x00000000c001ae93                readSectorFromCDROM(unsigned int, unsigned char*, char)
                0x00000000c001af12                ISO9660::tryMount(LogicalDisk*, int)
                0x00000000c001af84                ISO9660::ISO9660()
                0x00000000c001af84                ISO9660::ISO9660()
 .text          0x00000000c001afac      0x26c hal/sound/sndcard.32
                0x00000000c001afac                SoundCard::beginPlayback()
                0x00000000c001afba                SoundCard::stopPlayback()
                0x00000000c001afc8                SoundCard::SoundCard(char const*)
                0x00000000c001afc8                SoundCard::SoundCard(char const*)
                0x00000000c001b066                SoundCard::~SoundCard()
                0x00000000c001b066                SoundCard::~SoundCard()
                0x00000000c001b08a                SoundCard::~SoundCard()
                0x00000000c001b0b4                SoundCard::configureRates(int, int, int)
                0x00000000c001b0e4                SoundCard::getSamples16(int, short*)
                0x00000000c001b140                SoundCard::getSamples32(int, int*)
                0x00000000c001b1c6                SoundCard::addChannel(SoundPort*)
                0x00000000c001b204                SoundCard::removeChannel(int)
 .text          0x00000000c001b218      0x38a hal/sound/sndport.32
                0x00000000c001b218                SoundPort::SoundPort(int, int, int, int)
                0x00000000c001b218                SoundPort::SoundPort(int, int, int, int)
                0x00000000c001b2a4                SoundPort::~SoundPort()
                0x00000000c001b2a4                SoundPort::~SoundPort()
                0x00000000c001b2d8                SoundPort::unpause()
                0x00000000c001b2e4                SoundPort::pause()
                0x00000000c001b2f0                SoundPort::getBufferUsed()
                0x00000000c001b2f8                SoundPort::getBufferSize()
                0x00000000c001b300                SoundPort::buffer16(short*, int)
                0x00000000c001b38c                SoundPort::buffer32(int*, int)
                0x00000000c001b418                SoundPort::unbufferAndAdd16(int, short*, SoundCard*)
                0x00000000c001b4e4                SoundPort::unbufferAndAdd32(int, int*, SoundCard*)
 .text          0x00000000c001b5a2        0x0 hw/bus/isa.32
 .text          0x00000000c001b5a2      0xc23 hw/bus/pci.32
                0x00000000c001b5a2                PCI::open(int, int, void*)
                0x00000000c001b5c0                PCI::close(int, int, void*)
                0x00000000c001b5c4                PCI::PCI()
                0x00000000c001b5c4                PCI::PCI()
                0x00000000c001b65c                PCI::readBAR8(unsigned int, int)
                0x00000000c001b678                PCI::readBAR16(unsigned int, int)
                0x00000000c001b696                PCI::readBAR32(unsigned int, int)
                0x00000000c001b6b2                PCI::writeBAR8(unsigned int, unsigned char, int)
                0x00000000c001b6d2                PCI::writeBAR16(unsigned int, unsigned short, int)
                0x00000000c001b6f4                PCI::writeBAR32(unsigned int, unsigned int, int)
                0x00000000c001b714                PCI::legacyMechanism(unsigned char, unsigned char, unsigned char, unsigned char)
                0x00000000c001b78a                PCI::pciReadWord(unsigned char, unsigned char, unsigned char, unsigned char)
                0x00000000c001b834                PCI::getVendorID(unsigned char, unsigned char, unsigned char)
                0x00000000c001b858                PCI::getHeaderType(unsigned char, unsigned char, unsigned char)
                0x00000000c001b880                PCI::getClassCode(unsigned char, unsigned char, unsigned char)
                0x00000000c001b8ca                PCI::getProgIF(unsigned char, unsigned char, unsigned char)
                0x00000000c001b8f2                PCI::getRevisionID(unsigned char, unsigned char, unsigned char)
                0x00000000c001b916                PCI::getInterruptNumber(unsigned char, unsigned char, unsigned char)
                0x00000000c001b93a                PCI::getSecondaryBus(unsigned char, unsigned char, unsigned char)
                0x00000000c001b962                PCI::getBARAddress(unsigned char, unsigned char, unsigned char, unsigned char)
                0x00000000c001b9c6                PCI::pciWriteWord(unsigned char, unsigned char, unsigned char, unsigned char, unsigned short)
                0x00000000c001baae                PCI::pciDetailsToFilepath(PCIDeviceInfo, char*)
                0x00000000c001bd74                PCI::checkBus(unsigned char)
                0x00000000c001bd98                PCI::foundDevice(PCIDeviceInfo)
                0x00000000c001bf7e                PCI::getDeviceData(unsigned char, unsigned char, unsigned char)
                0x00000000c001c0fa                PCI::checkDevice(unsigned char, unsigned char)
                0x00000000c001c16c                PCI::detect()
 *fill*         0x00000000c001c1c5        0x1 
 .text          0x00000000c001c1c6      0xe16 hw/diskctrl/ide.32
                0x00000000c001c1c6                IDE::close(int, int, void*)
                0x00000000c001c1ca                IDE::IDE()
                0x00000000c001c1ca                IDE::IDE()
                0x00000000c001c1fe                IDE::prepareInterrupt(unsigned char)
                0x00000000c001c210                selectDrive(unsigned char, unsigned char)
                0x00000000c001c212                IDE::getBase(unsigned char)
                0x00000000c001c224                IDE::write(unsigned char, unsigned char, unsigned char)
                0x00000000c001c2e4                IDE::read(unsigned char, unsigned char)
                0x00000000c001c392                IDE::waitInterrupt(unsigned char)
                0x00000000c001c3f4                ideChannel0IRQHandler(regs*, void*)
                0x00000000c001c410                ideChannel1IRQHandler(regs*, void*)
                0x00000000c001c42c                IDE::enableIRQs(unsigned char, bool)
                0x00000000c001c476                IDE::open(int, int, void*)
                0x00000000c001c9bc                IDE::readBuffer(unsigned char, unsigned char, unsigned int, unsigned int)
                0x00000000c001ca8c                IDE::detect()
                0x00000000c001cece                IDE::printError(unsigned char, unsigned char, unsigned char)
                0x00000000c001cf88                IDE::polling(unsigned char, unsigned int)
 .text          0x00000000c001cfdc      0x33d hw/diskctrl/satabus.32
                0x00000000c001cfdc                SATABus::close(int, int, void*)
                0x00000000c001cfe0                SATABus::detect()
                0x00000000c001cfe2                SATABus::SATABus()
                0x00000000c001cfe2                SATABus::SATABus()
                0x00000000c001d068                SATABus::findCmdslot(SATABus::tagHBA_PORT volatile*)
                0x00000000c001d09a                SATABus::checkType(SATABus::tagHBA_PORT volatile*)
                0x00000000c001d0e2                SATABus::startCmd(SATABus::tagHBA_PORT volatile*)
                0x00000000c001d102                SATABus::stopCmd(SATABus::tagHBA_PORT volatile*)
                0x00000000c001d12c                SATABus::portRebase(SATABus::tagHBA_PORT volatile*, int)
                0x00000000c001d23c                SATABus::probePort(SATABus::tagHBA_MEM volatile*)
                0x00000000c001d2e6                SATABus::open(int, int, void*)
 *fill*         0x00000000c001d319        0x1 
 .text          0x00000000c001d31a      0x987 hw/diskphys/ata.32
                0x00000000c001d31a                ATA::close(int, int, void*)
                0x00000000c001d33e                ATA::powerSaving(PowerSavingLevel)
                0x00000000c001d340                ATA::ATA()
                0x00000000c001d340                ATA::ATA()
                0x00000000c001d36e                ATA::flush(bool)
                0x00000000c001d3bc                ATA::readyForCommand()
                0x00000000c001d408                ATA::access(unsigned long long, int, void*, bool)
                0x00000000c001d7e6                ATA::detectCHS()
                0x00000000c001d810                ATA::open(int, int, void*)
                0x00000000c001d8dc                combineCharAndColour(char, unsigned char)
                0x00000000c001d8ed                combineColours(unsigned char, unsigned char)
                0x00000000c001d8fa                ATA::read(unsigned long long, int, void*)
                0x00000000c001dad0                ATA::write(unsigned long long, int, void*)
 *fill*         0x00000000c001dca1        0x1 
 .text          0x00000000c001dca2      0x618 hw/diskphys/atapi.32
                0x00000000c001dca2                ATAPI::write(unsigned long long, int, void*)
                0x00000000c001dca8                ATAPI::close(int, int, void*)
                0x00000000c001dccc                ATAPI::ATAPI()
                0x00000000c001dccc                ATAPI::ATAPI()
                0x00000000c001dcfa                ATAPI::readyForCommand()
                0x00000000c001dd4c                ATAPI::sendPacket(unsigned char*, int, bool, unsigned short*, int)
                0x00000000c001e014                ATAPI::diskRemoved()
                0x00000000c001e04e                ATAPI::eject()
                0x00000000c001e096                ATAPI::diskInserted()
                0x00000000c001e0a2                ATAPI::detectMedia()
                0x00000000c001e160                ATAPI::open(int, int, void*)
                0x00000000c001e240                ATAPI::read(unsigned long long, int, void*)
 .text          0x00000000c001e2ba      0x849 hw/diskphys/sata.32
                0x00000000c001e2ba                SATA::close(int, int, void*)
                0x00000000c001e2de                SATA::powerSaving(PowerSavingLevel)
                0x00000000c001e2e0                SATA::open(int, int, void*)
                0x00000000c001e398                SATA::SATA()
                0x00000000c001e398                SATA::SATA()
                0x00000000c001e3c6                SATA::access(unsigned long long, int, void*, bool)
                0x00000000c001e64e                SATA::read(unsigned long long, int, void*)
                0x00000000c001e89e                SATA::write(unsigned long long, int, void*)
 *fill*         0x00000000c001eb03        0x1 
 .text          0x00000000c001eb04      0x5d0 hw/diskphys/satapi.32
                0x00000000c001eb04                SATAPI::write(unsigned long long, int, void*)
                0x00000000c001eb0a                SATAPI::close(int, int, void*)
                0x00000000c001eb2e                SATAPI::SATAPI()
                0x00000000c001eb2e                SATAPI::SATAPI()
                0x00000000c001eb5c                SATAPI::diskRemoved()
                0x00000000c001eb5e                SATAPI::diskInserted()
                0x00000000c001eb7a                SATAPI::sendPacket(unsigned char*, int, unsigned long long, unsigned short*, int)
                0x00000000c001ee58                SATAPI::eject()
                0x00000000c001ee94                SATAPI::detectMedia()
                0x00000000c001eeea                SATAPI::open(int, int, void*)
                0x00000000c001efea                SATAPI::read(unsigned long long, int, void*)
 .text          0x00000000c001f0d4      0x45b hw/intctrl/apic.32
                0x00000000c001f0d4                IOAPIC::close(int, int, void*)
                0x00000000c001f0da                apicGetBase()
                0x00000000c001f120                IOAPIC::IOAPIC()
                0x00000000c001f120                IOAPIC::IOAPIC()
                0x00000000c001f148                apicOpen()
                0x00000000c001f2c4                IOAPIC::handlesGSIWithNumber(unsigned int)
                0x00000000c001f2f6                IOAPIC::read(int)
                0x00000000c001f31e                IOAPIC::open(int, int, void*)
                0x00000000c001f404                IOAPIC::write(int, int)
                0x00000000c001f430                IOAPIC::redirect(unsigned char, unsigned long long, unsigned char, bool, bool)
 *fill*         0x00000000c001f52f        0x1 
 .text          0x00000000c001f530       0xf0 hw/timer/apictimer.32
                0x00000000c001f530                APICTimer::close(int, int, void*)
                0x00000000c001f538                apicTimerHandler(regs*, void*)
                0x00000000c001f560                APICTimer::open(int, int, void*)
                0x00000000c001f5d0                APICTimer::write(int)
                0x00000000c001f5f8                APICTimer::APICTimer()
                0x00000000c001f5f8                APICTimer::APICTimer()
 .text          0x00000000c001f620      0x1ad hw/timer/pit.32
                0x00000000c001f620                PIT::write(int)
                0x00000000c001f6a4                pitHandler(regs*, void*)
                0x00000000c001f6cc                PIT::open(int, int, void*)
                0x00000000c001f71c                PIT::close(int, int, void*)
                0x00000000c001f74c                PIT::PIT()
                0x00000000c001f74c                PIT::PIT()
 *fill*         0x00000000c001f7cd        0x3 
 .text          0x00000000c001f7d0       0x6f arch/i386/avx.32
                0x00000000c001f7d0                avxDetect
                0x00000000c001f7fa                avxSave
                0x00000000c001f80b                avxLoad
                0x00000000c001f81c                avxInit
                0x00000000c001f83e                avxClose
 *fill*         0x00000000c001f83f        0x1 
 .text          0x00000000c001f840      0x2ec arch/i386/interrupt.32
                0x00000000c001f840                isr0
                0x00000000c001f850                isr1
                0x00000000c001f85a                isr2
                0x00000000c001f864                isr3
                0x00000000c001f86e                isr4
                0x00000000c001f878                isr5
                0x00000000c001f882                isr6
                0x00000000c001f88c                isr7
                0x00000000c001f896                isr8
                0x00000000c001f89e                isr9
                0x00000000c001f8a8                isr10
                0x00000000c001f8b0                isr11
                0x00000000c001f8b8                isr12
                0x00000000c001f8c0                isr13
                0x00000000c001f8da                isr14
                0x00000000c001f8e2                isr15
                0x00000000c001f8ec                isr16
                0x00000000c001f8f6                isr17
                0x00000000c001f900                isr18
                0x00000000c001f90a                irq3
                0x00000000c001f914                irq4
                0x00000000c001f91e                irq5
                0x00000000c001f928                irq6
                0x00000000c001f932                irq7
                0x00000000c001f93c                irq8
                0x00000000c001f946                irq9
                0x00000000c001f950                irq10
                0x00000000c001f95a                irq11