Archive member included to satisfy reference by file (symbol)

/cygdrive/d/Users/Alex/Desktop/Toolchain/Output/bin/../lib/gcc/i386-banana/8.1.0/libkgcc.a(_divdi3.o)
                              krnl/resolve.32 (__divdi3)
/cygdrive/d/Users/Alex/Desktop/Toolchain/Output/bin/../lib/gcc/i386-banana/8.1.0/libkgcc.a(_moddi3.o)
                              krnl/resolve.32 (__moddi3)
/cygdrive/d/Users/Alex/Desktop/Toolchain/Output/bin/../lib/gcc/i386-banana/8.1.0/libkgcc.a(_udivdi3.o)
                              hal/clock.32 (__udivdi3)
/cygdrive/d/Users/Alex/Desktop/Toolchain/Output/bin/../lib/gcc/i386-banana/8.1.0/libkgcc.a(_umoddi3.o)
                              core/pipe.32 (__umoddi3)

Allocating common symbols
Common symbol       size              file

dcache              0x40              fs/iso9660/iso9660.32
cdDriveLetter       0x1               fs/iso9660/iso9660.32
icache              0x40              fs/iso9660/iso9660.32

Discarded input sections

 .comment       0x0000000000000000       0x12 /cygdrive/d/Users/Alex/Desktop/Toolchain/Output/bin/../lib/gcc/i386-banana/8.1.0/crtbegin.o
 .comment       0x0000000000000000       0x12 acpica/utclib.32
 .comment       0x0000000000000000       0x12 core/malloc.32
 .comment       0x0000000000000000       0x12 libk/ctype.32
 .comment       0x0000000000000000       0x12 libk/string.32
 .comment       0x0000000000000000       0x12 fs/fat/diskio.32
 .comment       0x0000000000000000       0x12 fs/fat/ff.32
 .comment       0x0000000000000000       0x12 fs/fat/ffsystem.32
 .comment       0x0000000000000000       0x12 fs/fat/ffunicode.32
 .comment       0x0000000000000000       0x12 fs/iso9660/iso9660.32
 .group         0x0000000000000000       0x14 core/computer.32
 .group         0x0000000000000000        0xc core/computer.32
 .comment       0x0000000000000000       0x12 core/computer.32
 .comment       0x0000000000000000       0x12 core/gdt.32
 .group         0x0000000000000000        0xc core/idle.32
 .comment       0x0000000000000000       0x12 core/idle.32
 .comment       0x0000000000000000       0x12 core/idt.32
 .comment       0x0000000000000000       0x12 core/kheap.32
 .comment       0x0000000000000000       0x12 core/main.32
 .comment       0x0000000000000000       0x12 core/physmgr.32
 .group         0x0000000000000000        0xc core/pipe.32
 .comment       0x0000000000000000       0x12 core/pipe.32
 .group         0x0000000000000000        0xc core/terminal.32
 .comment       0x0000000000000000       0x12 core/terminal.32
 .comment       0x0000000000000000       0x12 core/tss.32
 .group         0x0000000000000000        0x8 core/unixfile.32
 .group         0x0000000000000000        0x8 core/unixfile.32
 .group         0x0000000000000000        0xc core/unixfile.32
 .group         0x0000000000000000        0x8 core/unixfile.32
 .group         0x0000000000000000        0xc core/unixfile.32
 .group         0x0000000000000000        0x8 core/unixfile.32
 .group         0x0000000000000000        0xc core/unixfile.32
 .group         0x0000000000000000        0xc core/unixfile.32
 .comment       0x0000000000000000       0x12 core/unixfile.32
 .comment       0x0000000000000000       0x12 core/virtmgr.32
 .comment       0x0000000000000000       0x12 coreobjs/c++.32
 .comment       0x0000000000000000       0x12 dbg/kconsole.32
 .group         0x0000000000000000        0xc fs/vfs.32
 .group         0x0000000000000000        0xc fs/vfs.32
 .group         0x0000000000000000        0xc fs/vfs.32
 .comment       0x0000000000000000       0x12 fs/vfs.32
 .group         0x0000000000000000        0xc hal/bus.32
 .comment       0x0000000000000000       0x12 hal/bus.32
 .comment       0x0000000000000000       0x12 hal/buzzer.32
 .group         0x0000000000000000        0xc hal/clock.32
 .comment       0x0000000000000000       0x12 hal/clock.32
 .group         0x0000000000000000       0x14 hal/device.32
 .group         0x0000000000000000        0xc hal/device.32
 .group         0x0000000000000000        0x8 hal/device.32
 .group         0x0000000000000000        0xc hal/device.32
 .group         0x0000000000000000        0xc hal/device.32
 .comment       0x0000000000000000       0x12 hal/device.32
 .group         0x0000000000000000        0xc hal/diskctrl.32
 .comment       0x0000000000000000       0x12 hal/diskctrl.32
 .group         0x0000000000000000        0xc hal/diskphys.32
 .comment       0x0000000000000000       0x12 hal/diskphys.32
 .comment       0x0000000000000000       0x12 hal/fpu.32
 .comment       0x0000000000000000       0x12 hal/intctrl.32
 .group         0x0000000000000000        0xc hal/keybrd.32
 .comment       0x0000000000000000       0x12 hal/keybrd.32
 .group         0x0000000000000000        0xc hal/logidisk.32
 .comment       0x0000000000000000       0x12 hal/logidisk.32
 .group         0x0000000000000000        0xc hal/mouse.32
 .comment       0x0000000000000000       0x12 hal/mouse.32
[...]
Memory Configuration

Name             Origin             Length             Attributes
*default*        0x0000000000000000 0xffffffffffffffff

Linker script and memory map

LOAD D:/Users/Alex/Desktop/Banana/kernel/boot.32
LOAD crti.32
LOAD /cygdrive/d/Users/Alex/Desktop/Toolchain/Output/bin/../lib/gcc/i386-banana/8.1.0/crtbegin.o
LOAD D:/Users/Alex/Desktop/Banana/kernel/morenasm.32
LOAD acpica/utclib.32
LOAD core/malloc.32
LOAD libk/ctype.32
LOAD libk/string.32
LOAD fs/fat/diskio.32
LOAD fs/fat/ff.32
LOAD fs/fat/ffsystem.32
LOAD fs/fat/ffunicode.32
LOAD fs/iso9660/iso9660.32
LOAD core/computer.32
LOAD core/gdt.32
LOAD core/idle.32
LOAD core/idt.32
LOAD core/kheap.32
LOAD core/main.32
LOAD core/physmgr.32
LOAD core/pipe.32
LOAD core/terminal.32
LOAD core/tss.32
LOAD core/unixfile.32
LOAD core/virtmgr.32
LOAD coreobjs/c++.32
LOAD dbg/kconsole.32
LOAD fs/vfs.32
LOAD hal/bus.32
LOAD hal/buzzer.32
LOAD hal/clock.32
LOAD hal/device.32
LOAD hal/diskctrl.32
LOAD hal/diskphys.32
LOAD hal/fpu.32
LOAD hal/intctrl.32
LOAD hal/keybrd.32
LOAD hal/logidisk.32
LOAD hal/mouse.32
LOAD hal/partition.32
LOAD hal/serial.32
LOAD hal/timer.32
LOAD hal/vcache.32
LOAD hal/video.32
LOAD hw/acpi.32
LOAD hw/cpu.32
LOAD krnl/bootmsg.32
LOAD krnl/env.32
LOAD krnl/inlines.32
LOAD krnl/panic.32
LOAD krnl/powctrl.32
LOAD krnl/resolve.32
LOAD krnl/signal.32
LOAD krnl/syscalls.32
LOAD reg/registry.32
LOAD sys/eject.32
LOAD sys/exit.32
LOAD sys/getcwd.32
LOAD sys/getpid.32
LOAD sys/getramdata.32
LOAD sys/getvgaptr.32
LOAD sys/loaddll.32
LOAD sys/read.32
LOAD sys/registersignal.32
LOAD sys/sbrk.32
LOAD sys/setcwd.32
LOAD sys/settime.32
LOAD sys/timezone.32
LOAD sys/write.32
LOAD sys/wsbe.32
LOAD sys/yield.32
LOAD thr/elf.32
LOAD thr/prcssthr.32
LOAD vm86/vm8086.32
LOAD arch/i386/hal.32
LOAD arch/i386/pic.32
LOAD arch/i386/rtc.32
LOAD arch/i386/vga.32
LOAD fs/fat/vfslink.32
LOAD fs/iso9660/helper.32
LOAD fs/iso9660/vfslink.32
LOAD hal/sound/sndcard.32
LOAD hal/sound/sndport.32
LOAD hw/bus/isa.32
LOAD hw/bus/pci.32
LOAD hw/diskctrl/ide.32
LOAD hw/diskctrl/satabus.32
LOAD hw/diskphys/ata.32
LOAD hw/diskphys/atapi.32
LOAD hw/diskphys/sata.32
LOAD hw/diskphys/satapi.32
LOAD hw/intctrl/apic.32
LOAD hw/timer/apictimer.32
LOAD hw/timer/pit.32
LOAD arch/i386/avx.32
LOAD arch/i386/interrupt.32
LOAD arch/i386/rdrand.32
LOAD arch/i386/sse.32
LOAD arch/i386/x87.32
LOAD /cygdrive/d/Users/Alex/Desktop/Toolchain/Output/bin/../lib/gcc/i386-banana/8.1.0/crtend.o
LOAD crtn.32
LOAD /cygdrive/d/Users/Alex/Desktop/Toolchain/Output/bin/../lib/gcc/i386-banana/8.1.0/libkgcc.a
LOAD D:/Users/Alex/Desktop/Banana/kernel/libsoftfp.a
LOAD D:/Users/Alex/Desktop/Banana/kernel/libk/libm32.a
                0x00000000c0000000                . = 0xc0000000

.text           0x00000000c0000000    0x1ca0a
 *(.text)
 .text          0x00000000c0000000       0x20 D:/Users/Alex/Desktop/Banana/kernel/boot.32
 .text          0x00000000c0000020        0x0 crti.32
 .text          0x00000000c0000020      0x101 /cygdrive/d/Users/Alex/Desktop/Toolchain/Output/bin/../lib/gcc/i386-banana/8.1.0/crtbegin.o
 *fill*         0x00000000c0000121        0xf 
 .text          0x00000000c0000130      0x252 D:/Users/Alex/Desktop/Banana/kernel/morenasm.32
                0x00000000c0000130                manualPCIProbe
                0x00000000c000017b                prepareTramp
                0x00000000c0000194                doTPAUSE
                0x00000000c000019e                hasLegacyFPU
                0x00000000c00001c3                is486
                0x00000000c00001f9                detectCPUID
                0x00000000c000020f                goToVM86
                0x00000000c000023f                goToUsermode
                0x00000000c0000269                switchToThreadASMFirstTime
                0x00000000c0000277                switchToThreadASM
                0x00000000c00002ff                asmQuickAcquireLock
                0x00000000c000031d                asmQuickReleaseLock
                0x00000000c0000329                asmAcquireLock
                0x00000000c000034a                asmReleaseLock
                0x00000000c000035d                loadGDT
                0x00000000c000037d                memcpy
 *fill*         0x00000000c0000382        0xe 
 .text          0x00000000c0000390      0x79e acpica/utclib.32
                0x00000000c0000390                memcmp
                0x00000000c00003e0                memmove
                0x00000000c00004d0                memset
                0x00000000c0000540                strlen
                0x00000000c0000570                strpbrk
                0x00000000c00005b0                strtok
                0x00000000c0000600                strcpy
                0x00000000c0000630                strncpy
                0x00000000c00006e0                strcmp
                0x00000000c0000730                strchr
                0x00000000c0000760                strncmp
                0x00000000c00007c0                strcat
                0x00000000c00007f0                strncat
                0x00000000c0000850                strstr
                0x00000000c00008b0                toupper
                0x00000000c00008d0                tolower
                0x00000000c00008f0                simple_strtoul
 .text          0x00000000c0000b2e      0xfad core/malloc.32
                0x00000000c0000c99                dlfree
                0x00000000c0000ff4                dlmalloc
                0x00000000c0001531                dlrealloc
                0x00000000c00016d4                dlmemalign
                0x00000000c00017f7                dlcalloc
                0x00000000c0001891                dlcfree
                0x00000000c0001896                dlindependent_calloc
                0x00000000c00018bb                dlindependent_comalloc
                0x00000000c00018d2                dlvalloc
                0x00000000c00018fd                dlpvalloc
                0x00000000c0001933                dlmalloc_trim
                0x00000000c0001940                dlmalloc_usable_size
                0x00000000c0001971                dlmallinfo
                0x00000000c0001a40                dlmalloc_stats
                0x00000000c0001a51                dlmallopt
 *fill*         0x00000000c0001adb        0x1 
 .text          0x00000000c0001adc      0x1f2 libk/ctype.32
                0x00000000c0001adc                isblank
                0x00000000c0001afc                iscntrl
                0x00000000c0001b1c                isdigit
                0x00000000c0001b38                islower
                0x00000000c0001b54                isspace
                0x00000000c0001b7c                isupper
                0x00000000c0001b98                isalpha
                0x00000000c0001bc8                isalnum
                0x00000000c0001bf8                ispunct
                0x00000000c0001c38                isgraph
                0x00000000c0001c68                isprint
                0x00000000c0001c90                isxdigit
 .text          0x00000000c0001cce        0x0 libk/string.32
 .text          0x00000000c0001cce       0x51 fs/fat/diskio.32
                0x00000000c0001cce                disk_status
                0x00000000c0001cd1                disk_initialize
                0x00000000c0001cd4                disk_read
                0x00000000c0001cea                disk_write
                0x00000000c0001d00                disk_ioctl
 .text          0x00000000c0001d1f     0x3d4b fs/fat/ff.32
                0x00000000c0003abb                f_mount
                0x00000000c0003b1d                f_open
                0x00000000c0003de8                f_read
                0x00000000c0003fe7                f_write
                0x00000000c000421b                f_sync
                0x00000000c00042d0                f_close
                0x00000000c00042ff                f_lseek
                0x00000000c00044a6                f_opendir
                0x00000000c0004571                f_closedir
                0x00000000c0004593                f_readdir
                0x00000000c0004625                f_stat
                0x00000000c00046a4                f_getfree
                0x00000000c00047a6                f_truncate
                0x00000000c000488a                f_unlink
                0x00000000c00049ac                f_mkdir
                0x00000000c0004b47                f_rename
                0x00000000c0004cfd                f_chmod
                0x00000000c0004da6                f_utime
                0x00000000c0004e54                f_getlabel
                0x00000000c0004fa5                f_setlabel
                0x00000000c0005135                f_expand
                0x00000000c0005295                f_mkfs
 *fill*         0x00000000c0005a6a        0x2 
 .text          0x00000000c0005a6c       0x2f fs/fat/ffsystem.32
                0x00000000c0005a6c                ff_memalloc
                0x00000000c0005a84                ff_memfree
 *fill*         0x00000000c0005a9b        0x1 
 .text          0x00000000c0005a9c      0x2a8 fs/fat/ffunicode.32
                0x00000000c0005a9c                ff_uni2oem
                0x00000000c0005b3c                ff_oem2uni
                0x00000000c0005bb4                ff_wtoupper
 .text          0x00000000c0005d44      0xc76 fs/iso9660/iso9660.32
                0x00000000c0005f63                isoReadDiscSector
                0x00000000c0005ffe                strnicmp
                0x00000000c00062b1                stricmp
                0x00000000c00062fd                iso_open
                0x00000000c0006387                iso_close
                0x00000000c00063a5                iso_read
                0x00000000c00064bb                iso_seek
                0x00000000c000653f                iso_tell
                0x00000000c0006570                iso_total
                0x00000000c000659b                fn_postprocess
                0x00000000c00065c1                iso_readdir
                0x00000000c00067b2                iso_reset
                0x00000000c00067bf                init_percd
                0x00000000c00068b9                iso_ioctl
                0x00000000c00068c1                fs_iso9660_init
                0x00000000c000694a                fs_iso9660_shutdown
 .text          0x00000000c00069ba      0x685 core/computer.32
                0x00000000c00069ba                Computer::close(int, int, void*)
                0x00000000c00069ff                Krnl::firstTask()
                0x00000000c0006b32                Computer::Computer()
                0x00000000c0006b32                Computer::Computer()
                0x00000000c0006be4                Computer::setBootMessage(char const*)
                0x00000000c0006be6                Computer::detectFeatures()
                0x00000000c0006df0                Computer::displayFeatures()
                0x00000000c0006df2                Computer::rdmsr(unsigned int)
                0x00000000c0006e1e                Computer::wrmsr(unsigned int, unsigned long long)
                0x00000000c0006e56                Computer::shutdown()
                0x00000000c0006e6e                Computer::restart()
                0x00000000c0006e86                Computer::sleep()
                0x00000000c0006e9a                Computer::nmiEnabled()
                0x00000000c0006ea6                Computer::readCMOS(unsigned char)
                0x00000000c0006ec0                Computer::enableNMI(bool)
                0x00000000c0006ed8                Computer::open(int, int, void*)
                0x00000000c0006fac                Computer::disableNMI()
                0x00000000c0006fbc                Computer::writeCMOS(unsigned char, unsigned char)
                0x00000000c0006fda                Computer::handleNMI()
 *fill*         0x00000000c000703f        0x1 
 .text          0x00000000c0007040      0x1cf core/gdt.32
                0x00000000c0007040                GDTEntry::setBase(unsigned int)
                0x00000000c000705c                GDTEntry::setLimit(unsigned int)
                0x00000000c000707a                GDT::GDT()
                0x00000000c000707a                GDT::GDT()
                0x00000000c0007090                GDT::addEntry(GDTEntry)
                0x00000000c00070b2                GDT::getNumberOfEntries()
                0x00000000c00070ba                GDT::flush()
                0x00000000c00070dc                GDT::setup()
 .text          0x00000000c000720f       0x1d core/idle.32
                0x00000000c000720f                idleFunction(void*)
 .text          0x00000000c000722c      0x464 core/idt.32
                0x00000000c000722c                IDTEntry::IDTEntry(bool)
                0x00000000c000722c                IDTEntry::IDTEntry(bool)
                0x00000000c000729e                IDTEntry::setOffset(unsigned int)
                0x00000000c00072b4                IDT::IDT()
                0x00000000c00072b4                IDT::IDT()
                0x00000000c00072b6                IDT::getPointerToInvalidOpcodeEntryForF00F()
                0x00000000c00072be                IDT::addEntry(IDTEntry, int)
                0x00000000c00072d8                IDT::addEntry(int, void (*)(), bool)
                0x00000000c0007310                IDT::flush()
                0x00000000c000732a                IDT::setup()
 .text          0x00000000c0007690      0x183 core/kheap.32
                0x00000000c0007690                sbrk
                0x00000000c0007725                mmap
                0x00000000c000773b                munmap
                0x00000000c0007751                liballoc_lock()
                0x00000000c000775e                liballoc_unlock()
                0x00000000c0007772                liballoc_alloc(int)
                0x00000000c000778a                liballoc_free(void*, int)
                0x00000000c00077a5                realloc
                0x00000000c00077b9                malloc
                0x00000000c00077c9                free
                0x00000000c00077d9                rfree
                0x00000000c00077e9                calloc
 .text          0x00000000c0007813       0xc3 core/main.32
                0x00000000c0007813                KeEntryPoint
 .text          0x00000000c00078d6      0x5dc core/physmgr.32
                0x00000000c00078d6                Phys::allocateDMA(unsigned long)
                0x00000000c00079ad                Phys::freeDMA(unsigned long, unsigned long)
                0x00000000c00079e0                Phys::setPageState(unsigned long, bool)
                0x00000000c0007a12                Phys::getPageState(unsigned long)
                0x00000000c0007a33                Phys::freePage(unsigned long)
                0x00000000c0007a95                Phys::allocatePage()
                0x00000000c0007b53                Phys::allocateContiguousPages(int)
                0x00000000c0007baf                Phys::allowSegmentToBeUsed(unsigned long, unsigned long)
                0x00000000c0007be7                Phys::physicalMemorySetup(unsigned int)
 .text          0x00000000c0007eb2      0x273 core/pipe.32
                0x00000000c0007eb2                Pipe::isAtty()
                0x00000000c0007eb6                Pipe::~Pipe()
                0x00000000c0007eb6                Pipe::~Pipe()
                0x00000000c0007eda                Pipe::~Pipe()
                0x00000000c0007f02                Pipe::write(unsigned long long, void*, int*)
                0x00000000c0007fc2                Pipe::read(unsigned long long, void*, int*)
                0x00000000c00080be                Pipe::Pipe(int)
                0x00000000c00080be                Pipe::Pipe(int)
 *fill*         0x00000000c0008125        0x1 
 .text          0x00000000c0008126      0xab2 core/terminal.32
                0x00000000c0008126                VgaText::isAtty()
                0x00000000c000812a                VgaText::~VgaText()
                0x00000000c000812a                VgaText::~VgaText()
                0x00000000c000814e                VgaText::~VgaText()
                0x00000000c0008178                VgaText::read(unsigned long long, void*, int*)
                0x00000000c0008198                setTerminalScrollLock(bool)
                0x00000000c0008199                doTerminalCycle()
                0x00000000c000819a                addToTerminalCycle(VgaText*)
                0x00000000c000819b                scrollTerminalScrollLock(int)
                0x00000000c000819c                VgaText::updateTitle()
                0x00000000c000819e                VgaText::load()
                0x00000000c00081a0                VgaText::updateCursor()
                0x00000000c00081b6                VgaText::doANSI_SGR(int)
                0x00000000c000822a                VgaText::setDefaultBgColour(VgaColour)
                0x00000000c000823a                VgaText::setDefaultFgColour(VgaColour)
                0x00000000c000824a                VgaText::setDefaultColours(VgaColour, VgaColour)
                0x00000000c000826a                VgaText::setTitleTextColour(VgaColour)
                0x00000000c0008276                VgaText::setTitleColour(VgaColour)
                0x00000000c0008282                VgaText::setTitle(char*)
                0x00000000c0008284                VgaText::combineColours(unsigned char, unsigned char)
                0x00000000c0008296                VgaText::scrollScreen()
                0x00000000c000832e                VgaText::combineCharAndColour(char, unsigned char)
                0x00000000c0008340                VgaText::writeCharacter(char, VgaColour, VgaColour, int, int)
                0x00000000c00083d0                VgaText::getCursorX()
                0x00000000c00083d8                VgaText::getCursorY()
                0x00000000c00083e0                VgaText::setCursor(int, int)
                0x00000000c00083f7                setActiveTerminal(VgaText*)
                0x00000000c0008442                VgaText::clearScreen()
                0x00000000c0008490                VgaText::setCursorX(int)
                0x00000000c00084a8                VgaText::setCursorY(int)
                0x00000000c00084c0                VgaText::incrementCursor(bool)
                0x00000000c0008514                VgaText::decrementCursor(bool)
                0x00000000c0008536                VgaText::putchar(char, VgaColour, VgaColour)
                0x00000000c0008604                VgaText::putchar(char)
                0x00000000c00086f0                VgaText::putx(unsigned int)
                0x00000000c0008736                VgaText::puts(char const*)
                0x00000000c000875c                VgaText::write(unsigned long long, void*, int*)
                0x00000000c00087a8                VgaText::puts(char const*, VgaColour, VgaColour)
                0x00000000c00088fa                VgaText::VgaText(char const*)
                0x00000000c00088fa                VgaText::VgaText(char const*)
                0x00000000c0008a4a                VgaText::receiveKey(unsigned char)
                0x00000000c0008bb2                VgaText::doUpdate()
                0x00000000c0008bb3                newTerminal(char*)
 .text          0x00000000c0008bd8      0x1a1 core/tss.32
                0x00000000c0008bd8                TSS::TSS()
                0x00000000c0008bd8                TSS::TSS()
                0x00000000c0008be8                TSS::setESP(unsigned long)
                0x00000000c0008bfc                TSS::flush()
                0x00000000c0008c1c                TSS::setup(unsigned long, unsigned long)
 *fill*         0x00000000c0008d79        0x1 
 .text          0x00000000c0008d7a      0x4c2 core/unixfile.32
                0x00000000c0008d7a                ReservedFilename::read(unsigned long long, void*, int*)
                0x00000000c0008dd0                ReservedFilename::isAtty()
                0x00000000c0008dec                ReservedFilename::write(unsigned long long, void*, int*)
                0x00000000c0008e4a                UnixFile::getFileDescriptor()
                0x00000000c0008e52                UnixFile::UnixFile(int)
                0x00000000c0008e52                UnixFile::UnixFile(int)
                0x00000000c0009002                ReservedFilename::ReservedFilename(int)
                0x00000000c0009002                ReservedFilename::ReservedFilename(int)
                0x00000000c0009034                UnixFile::~UnixFile()
                0x00000000c0009034                UnixFile::~UnixFile()
                0x00000000c00090cc                UnixFile::~UnixFile()
                0x00000000c00090f4                ReservedFilename::~ReservedFilename()
                0x00000000c00090f4                ReservedFilename::~ReservedFilename()
                0x00000000c0009118                ReservedFilename::~ReservedFilename()
                0x00000000c000913f                getFromFileDescriptor(int)
 .text          0x00000000c000923c     0x11d0 core/virtmgr.32
                0x00000000c000923c                Virt::setPageState(unsigned long, Virt::VirtPageState)
                0x00000000c0009271                Virt::getPageState(unsigned long)
                0x00000000c0009295                Virt::allocateKernelVirtualPages(int)
                0x00000000c00093a6                Virt::freeSwapfilePage(unsigned long)
                0x00000000c00093c4                Virt::swapIDToSector(unsigned long)
                0x00000000c00093d6                Virt::allocateSwapfilePage()
                0x00000000c0009454                Virt::virtualMemorySetup()
                0x00000000c000949f                Virt::setupPageSwapping(int)
                0x00000000c0009510                VAS::VAS(VAS*)
                0x00000000c0009510                VAS::VAS(VAS*)
                0x00000000c000953e                VAS::getForeignPageTableEntry(bool, unsigned long)
                0x00000000c000956a                VAS::getPageTableEntry(unsigned long)
                0x00000000c0009589                Virt::freeKernelVirtualPages(unsigned long)
                0x00000000c00096ae                VAS::freeAllocatedPages(unsigned long)
                0x00000000c00096d2                VAS::virtualToPhysical(unsigned long)
                0x00000000c00096ec                VAS::reflagRange(unsigned long, int, int, int)
                0x00000000c000972c                VAS::VAS()
                0x00000000c000972c                VAS::VAS()
                0x00000000c0009796                VAS::setToWriteCombining(unsigned long, int)
                0x00000000c00097ca                VAS::mapOtherVASIn(bool, VAS*)
                0x00000000c00097f4                VAS::~VAS()
                0x00000000c00097f4                VAS::~VAS()
                0x00000000c0009958                VAS::mapPage(unsigned long, unsigned long, int)
                0x00000000c0009a5c                VAS::allocatePages(int, int)
                0x00000000c0009c34                VAS::setCPUSpecific(unsigned long)
                0x00000000c0009c52                VAS::mapRange(unsigned long, unsigned long, int, int)
                0x00000000c0009d18                VAS::mapForeignPage(bool, VAS*, unsigned long, unsigned long, int)
                0x00000000c0009e06                VAS::VAS(bool)
                0x00000000c0009e06                VAS::VAS(bool)
                0x00000000c000a086                VAS::evict(unsigned long)
                0x00000000c000a148                VAS::tryLoadBackOffDisk(unsigned long)
                0x00000000c000a236                VAS::scanForEviction()
                0x00000000c000a316                mapVASFirstTime
 .text          0x00000000c000a40c       0x5f coreobjs/c++.32
                0x00000000c000a40c                __cxa_atexit
                0x00000000c000a40f                __cxa_finalize
                0x00000000c000a410                __stack_chk_fail
                0x00000000c000a446                __cxa_pure_virtual
                0x00000000c000a457                operator new[](unsigned long)
                0x00000000c000a45c                operator delete(void*, unsigned long)
                0x00000000c000a461                operator delete[](void*)
                0x00000000c000a466                operator delete[](void*, unsigned long)
 .text          0x00000000c000a46b      0x21c dbg/kconsole.32
                0x00000000c000a46b                Dbg::stringifyxWithBase(unsigned int, char*, int)
                0x00000000c000a4d6                Dbg::logc(char)
                0x00000000c000a4f6                Dbg::logs(char*)
                0x00000000c000a513                Dbg::logWriteInt(unsigned int)
                0x00000000c000a531                Dbg::logWriteIntBase(unsigned int, int)
                0x00000000c000a552                Dbg::kprintf(char const*, ...)
 *fill*         0x00000000c000a687        0x1 
 .text          0x00000000c000a688      0xc5c fs/vfs.32
                0x00000000c000a688                File::read(unsigned long long, void*, int*)
                0x00000000c000a6e0                File::write(unsigned long long, void*, int*)
                0x00000000c000a738                Directory::read(unsigned long long, void*, int*)
                0x00000000c000a790                Directory::write(unsigned long long, void*, int*)
                0x00000000c000a7be                File::isAtty()
                0x00000000c000a7c2                Directory::isAtty()
                0x00000000c000a7c6                Filesystem::getlabel(LogicalDisk*, int, char*, unsigned int*)
                0x00000000c000a7cc                Filesystem::setlabel(LogicalDisk*, int, char*)
                0x00000000c000a7d2                Filesystem::allocateSwapfile(char const*, int)
                0x00000000c000a7d8                File::~File()
                0x00000000c000a7d8                File::~File()
                0x00000000c000a7fc                File::~File()
                0x00000000c000a826                Directory::~Directory()
                0x00000000c000a826                Directory::~Directory()
                0x00000000c000a84a                Directory::~Directory()
                0x00000000c000a874                Filesystem::Filesystem()
                0x00000000c000a874                Filesystem::Filesystem()
                0x00000000c000a898                Filesystem::~Filesystem()
                0x00000000c000a898                Filesystem::~Filesystem()
                0x00000000c000a8a6                Filesystem::~Filesystem()
                0x00000000c000a8ca                Fs::getcwd(Process*, char*, int)
                0x00000000c000a8f4                Fs::initVFS()
                0x00000000c000a91e                Fs::standardiseFiles(char*, char const*, char const*)
                0x00000000c000aac8                File::File(char const*, Process*)
                0x00000000c000aac8                File::File(char const*, Process*)
                0x00000000c000ab88                File::open(FileOpenMode)
                0x00000000c000abe6                File::close()
                0x00000000c000ac46                File::seek(unsigned long long)
                0x00000000c000ac9c                File::tell(unsigned long long*)
                0x00000000c000acec                File::rewind()
                0x00000000c000ad00                File::unlink()
                0x00000000c000ad4c                File::rename(char const*)
                0x00000000c000ad9a                File::chfatattr(unsigned char, unsigned char)
                0x00000000c000adf6                File::exists()
                0x00000000c000ae34                File::stat(unsigned long long*, bool*)
                0x00000000c000ae95                Fs::setcwd(Process*, char*)
                0x00000000c000aff2                Directory::Directory(char const*, Process*)
                0x00000000c000aff2                Directory::Directory(char const*, Process*)
                0x00000000c000b0b2                Directory::open()
                0x00000000c000b10e                Directory::close()
                0x00000000c000b16e                Directory::unlink()
                0x00000000c000b1ba                Directory::rename(char const*)
                0x00000000c000b208                Directory::exists()
                0x00000000c000b246                Directory::read(dirent*)
                0x00000000c000b292                Directory::create()
                0x00000000c000b2de                Filesystem::chfatattr(char const*, unsigned char, unsigned char)
 .text          0x00000000c000b2e4       0x86 hal/bus.32
                0x00000000c000b2e4                Bus::Bus(char const*)
                0x00000000c000b2e4                Bus::Bus(char const*)
                0x00000000c000b31c                Bus::~Bus()
                0x00000000c000b31c                Bus::~Bus()
                0x00000000c000b340                Bus::~Bus()
 .text          0x00000000c000b36a       0x96 hal/buzzer.32
                0x00000000c000b36a                beepThread(void*)
                0x00000000c000b3a7                Krnl::beep(int, int, bool)
 .text          0x00000000c000b400      0x46d hal/clock.32
                0x00000000c000b400                User::loadClockSettings(int)
                0x00000000c000b452                Clock::Clock(char const*)
                0x00000000c000b452                Clock::Clock(char const*)
                0x00000000c000b488                Clock::~Clock()
                0x00000000c000b488                Clock::~Clock()
                0x00000000c000b4ac                Clock::~Clock()
                0x00000000c000b4d6                Clock::timeInSecondsLocal()
                0x00000000c000b51e                Clock::setTimeInSecondsLocal(unsigned long long)
                0x00000000c000b577                datetimeToSeconds(datetime_t)
                0x00000000c000b6a4                Clock::setTimeInDatetimeLocal(datetime_t)
                0x00000000c000b704                secondsToDatetime(unsigned long long)
                0x00000000c000b848                Clock::timeInDatetimeLocal()
 *fill*         0x00000000c000b86d        0x1 
 .text          0x00000000c000b86e      0x464 hal/device.32
                0x00000000c000b86e                Device::hibernate()
                0x00000000c000b870                Device::wake()
                0x00000000c000b872                Device::detect()
                0x00000000c000b874                Device::disableLegacy()
                0x00000000c000b876                Device::powerSaving(PowerSavingLevel)
                0x00000000c000b878                DriverlessDevice::close(int, int, void*)
                0x00000000c000b87c                DriverlessDevice::detect()
                0x00000000c000b87e                DriverlessDevice::open(int, int, void*)
                0x00000000c000b892                Device::~Device()
                0x00000000c000b892                Device::~Device()
                0x00000000c000b8a0                Device::~Device()
                0x00000000c000b8c8                Device::findAndLoadDriver()
                0x00000000c000b8d6                Device::preOpenPCI(PCIDeviceInfo)
                0x00000000c000b8fc                Device::preOpenACPI(void*, char*, char*)
                0x00000000c000b93c                Device::addIRQHandler(int, void (*)(regs*, void*), bool, void*)
                0x00000000c000b966                Device::getParent()
                0x00000000c000b972                Device::removeIRQHandler(int, void (*)(regs*, void*), bool)
                0x00000000c000b990                Device::addChild(Device*)
                0x00000000c000b9d4                Device::removeAllChildren()
                0x00000000c000ba1a                Device::hibernateAll()
                0x00000000c000ba4a                Device::wakeAll()
                0x00000000c000ba7a                Device::detectAll()
                0x00000000c000baaa                Device::disableLegacyAll()
                0x00000000c000baac                Device::loadDriversForAll()
                0x00000000c000baae                Device::closeAll()
                0x00000000c000bae4                Device::powerSavingAll(PowerSavingLevel)
                0x00000000c000bb1a                Device::setName(char const*)
                0x00000000c000bb28                Device::Device(char const*)
                0x00000000c000bb28                Device::Device(char const*)
                0x00000000c000bc24                Device::getName()
                0x00000000c000bc2e                DriverlessDevice::DriverlessDevice(char const*)
                0x00000000c000bc2e                DriverlessDevice::DriverlessDevice(char const*)
                0x00000000c000bc64                Device::addToLinkedList(LinkedList<Device>&, DeviceType)
                0x00000000c000bca8                getDevicesOfType(DeviceType)
 *fill*         0x00000000c000bcd2        0x2 
 .text          0x00000000c000bcd4       0x86 hal/diskctrl.32
                0x00000000c000bcd4                HardDiskController::HardDiskController(char const*)
                0x00000000c000bcd4                HardDiskController::HardDiskController(char const*)
                0x00000000c000bd0c                HardDiskController::~HardDiskController()
                0x00000000c000bd0c                HardDiskController::~HardDiskController()
                0x00000000c000bd30                HardDiskController::~HardDiskController()
 .text          0x00000000c000bd5a       0xe2 hal/diskphys.32
                0x00000000c000bd5a                PhysicalDisk::eject()
                0x00000000c000bd5e                PhysicalDisk::PhysicalDisk(char const*, int)
                0x00000000c000bd5e                PhysicalDisk::PhysicalDisk(char const*, int)
                0x00000000c000bdc6                PhysicalDisk::startCache()
                0x00000000c000bdee                PhysicalDisk::~PhysicalDisk()
                0x00000000c000bdee                PhysicalDisk::~PhysicalDisk()
                0x00000000c000be12                PhysicalDisk::~PhysicalDisk()
 .text          0x00000000c000be3c        0x0 hal/fpu.32
 .text          0x00000000c000be3c      0x35d hal/intctrl.32
                0x00000000c000be3c                int_handler
                0x00000000c000bec4                installISRHandler(int, void (*)(regs*, void*), void*)
                0x00000000c000bf0c                installIRQHandler(int, void (*)(regs*, void*), bool, void*)
                0x00000000c000c044                uninstallISRHandler(int, void (*)(regs*, void*))
                0x00000000c000c078                uninstallIRQHandler(int, void (*)(regs*, void*), bool)
                0x00000000c000c0f7                setupINTS()
                0x00000000c000c154                convertLegacyIRQNumber(int)
 *fill*         0x00000000c000c199        0x1 
 .text          0x00000000c000c19a      0x7bc hal/keybrd.32
                0x00000000c000c19a                startGUI(void*)
                0x00000000c000c206                startGUIVESA(void*)
                0x00000000c000c272                sendKeyToTerminal(unsigned char)
                0x00000000c000c33b                sendKeyboardToken(KeyboardToken)
                0x00000000c000c77b                clearInternalKeybuffer(VgaText*)
                0x00000000c000c7b0                readKeyboard(VgaText*, char*, unsigned long)
                0x00000000c000c8cc                Keyboard::Keyboard(char const*)
                0x00000000c000c8cc                Keyboard::Keyboard(char const*)
                0x00000000c000c908                Keyboard::~Keyboard()
                0x00000000c000c908                Keyboard::~Keyboard()
                0x00000000c000c92c                Keyboard::~Keyboard()
 .text          0x00000000c000c956      0x3ea hal/logidisk.32
                0x00000000c000c956                LogicalDisk::close(int, int, void*)
                0x00000000c000c95a                LogicalDisk::~LogicalDisk()
                0x00000000c000c95a                LogicalDisk::~LogicalDisk()
                0x00000000c000c97e                LogicalDisk::~LogicalDisk()
                0x00000000c000c9a8                LogicalDisk::open(int, int, void*)
                0x00000000c000c9bc                LogicalDisk::absoluteToRelative(unsigned long long)
                0x00000000c000c9f4                LogicalDisk::relativeToAbsolute(unsigned long long)
                0x00000000c000ca3a                LogicalDisk::LogicalDisk(char const*, PhysicalDisk*, unsigned long long, unsigned long long)
                0x00000000c000ca3a                LogicalDisk::LogicalDisk(char const*, PhysicalDisk*, unsigned long long, unsigned long long)
                0x00000000c000caf0                LogicalDisk::assignDriveLetter()
                0x00000000c000cba6                LogicalDisk::mount()
                0x00000000c000cbee                LogicalDisk::unmount()
                0x00000000c000cbfe                LogicalDisk::eject()
                0x00000000c000cc12                LogicalDisk::unassignDriveLetter()
                0x00000000c000cc68                LogicalDisk::read(unsigned long long, int, void*)
                0x00000000c000ccd4                LogicalDisk::write(unsigned long long, int, void*)
 .text          0x00000000c000cd40       0x86 hal/mouse.32
                0x00000000c000cd40                Mouse::Mouse(char const*)
                0x00000000c000cd40                Mouse::Mouse(char const*)
                0x00000000c000cd78                Mouse::~Mouse()
                0x00000000c000cd78                Mouse::~Mouse()
                0x00000000c000cd9c                Mouse::~Mouse()
 .text          0x00000000c000cdc6      0x339 hal/partition.32
                0x00000000c000cdc6                makePartition(PhysicalDisk*, unsigned long long, unsigned long long)
                0x00000000c000ce6e                createPartitionsForDisk(PhysicalDisk*)
 *fill*         0x00000000c000d0ff        0x1 
 .text          0x00000000c000d100       0x86 hal/serial.32
                0x00000000c000d100                Serial::Serial(char const*)
                0x00000000c000d100                Serial::Serial(char const*)
                0x00000000c000d138                Serial::~Serial()
                0x00000000c000d138                Serial::~Serial()
                0x00000000c000d15c                Serial::~Serial()
 *fill*         0x00000000c000d186        0x2 
 .text          0x00000000c000d188      0x234 hal/timer.32
                0x00000000c000d188                Timer::Timer(char const*)
                0x00000000c000d188                Timer::Timer(char const*)
                0x00000000c000d1c0                Timer::~Timer()
                0x00000000c000d1c0                Timer::~Timer()
                0x00000000c000d1e4                Timer::~Timer()
                0x00000000c000d20e                Timer::read()
                0x00000000c000d219                setupTimer(int)
                0x00000000c000d254                timerHandler(unsigned int)
 .text          0x00000000c000d3bc      0x464 hal/vcache.32
                0x00000000c000d3bc                VCache::VCache(PhysicalDisk*)
                0x00000000c000d3bc                VCache::VCache(PhysicalDisk*)
                0x00000000c000d52a                VCache::invalidateReadBuffer()
                0x00000000c000d53a                VCache::writeWriteBuffer()
                0x00000000c000d584                VCache::~VCache()
                0x00000000c000d584                VCache::~VCache()
                0x00000000c000d5d8                VCache::~VCache()
                0x00000000c000d600                VCache::write(unsigned long long, int, void*)
                0x00000000c000d716                VCache::read(unsigned long long, int, void*)
 .text          0x00000000c000d820      0x4b3 hal/video.32
                0x00000000c000d820                Video::putrect(int, int, int, int, unsigned int)
                0x00000000c000d86c                Video::bitblit(int, int, int, int, int, int, int, unsigned int*)
                0x00000000c000d8dc                Video::blit(unsigned int*, int, int, int, int)
                0x00000000c000d95a                Video::clearScreen(unsigned int)
                0x00000000c000d98e                Video::putpixel(int, int, unsigned int)
                0x00000000c000d99c                Video::Video(char const*)
                0x00000000c000d99c                Video::Video(char const*)
                0x00000000c000d9d2                Video::~Video()
                0x00000000c000d9d2                Video::~Video()
                0x00000000c000d9f6                Video::~Video()
                0x00000000c000da20                Video::isMonochrome()
                0x00000000c000da2c                Video::getWidth()
                0x00000000c000da38                Video::getHeight()
                0x00000000c000da44                Video::drawCursor(int, int, unsigned char*, int)
                0x00000000c000db00                Video::tgaParse(unsigned char*, int, int*, int*)
                0x00000000c000dc68                Video::putTGA(int, int, unsigned char*, int)
 *fill*         0x00000000c000dcd3        0x1 
 .text          0x00000000c000dcd4     0x1307 hw/acpi.32
                0x00000000c000dcd4                ACPI::close(int, int, void*)
                0x00000000c000dd8c                findRSDP()
                0x00000000c000de1c                loadACPITables(unsigned char*)
                0x00000000c000e080                findRSDT(unsigned char*)
                0x00000000c000e1d0                findDataTable(unsigned char*, char*)
                0x00000000c000e248                scanMADT()
                0x00000000c000e71c                ACPI::ACPI()
                0x00000000c000e71c                ACPI::ACPI()
                0x00000000c000e770                ACPI::getPCIIRQAssignment(unsigned char, unsigned short, unsigned char)
                0x00000000c000e858                ACPI::registerPCIIRQAssignment(void*, unsigned short, unsigned char, unsigned char)
                0x00000000c000e920                ACPI::setScreenBrightnessLevel(void*, int)
                0x00000000c000e928                ACPI::detectPCI()
                0x00000000c000eb30                ACPI::writeSimpleBootFlag(SimpleBootFlagTable*)
                0x00000000c000eb84                ACPI::sleep()
                0x00000000c000eba0                ACPI::open(int, int, void*)
 *fill*         0x00000000c000efdb        0x1 
 .text          0x00000000c000efdc      0xb95 hw/cpu.32
                0x00000000c000efdc                CPU::close(int, int, void*)
                0x00000000c000efe0                CPU::AMD_K6_write_msr(unsigned int, unsigned int, unsigned int, CPU::REGS*)
                0x00000000c000effc                CPU::AMD_K6_read_msr(unsigned int, CPU::REGS*)
                0x00000000c000f014                CPU::AMD_K6_writeback(int, int, int)
                0x00000000c000f088                CPU::cpuid(int, unsigned long*, unsigned long*, unsigned long*, unsigned long*)
                0x00000000c000f10c                CPU::cpuidCheckEDX(unsigned int)
                0x00000000c000f13a                CPU::cpuidCheckECX(unsigned int)
                0x00000000c000f168                CPU::cpuidCheckExtendedEBX(unsigned int)
                0x00000000c000f196                CPU::cpuidCheckExtendedECX(unsigned int)
                0x00000000c000f1c4                CPU::CPU()
                0x00000000c000f1c4                CPU::CPU()
                0x00000000c000f252                CPU::displayFeatures()
                0x00000000c000f254                CPU::detectFeatures()
                0x00000000c000f918                CPU::setupSMEP()
                0x00000000c000f924                CPU::setupUMIP()
                0x00000000c000f92e                CPU::setupTSC()
                0x00000000c000f938                CPU::setupLargePages()
                0x00000000c000f942                CPU::setupPAT()
                0x00000000c000f97e                CPU::setupMTRR()
                0x00000000c000f980                CPU::setupGlobalPages()
                0x00000000c000f98a                CPU::allowUsermodeDataAccess()
                0x00000000c000f99c                CPU::prohibitUsermodeDataAccess()
                0x00000000c000f9ae                CPU::setupSMAP()
                0x00000000c000f9bc                CPU::setupFeatures()
                0x00000000c000fa88                CPU::open(int, int, void*)
 .text          0x00000000c000fb71       0xd1 krnl/bootmsg.32
                0x00000000c000fb71                KeDisplaySplashScreen()
                0x00000000c000fbdf                KeSetBootMessage(char const*)
 .text          0x00000000c000fc42      0x581 krnl/env.32
                0x00000000c000fc42                EnvVarContainer::getEnv(char const*)
                0x00000000c000fc80                EnvVarContainer::setEnv(char const*, char const*)
                0x00000000c000fd42                EnvVarContainer::deleteEnv(char const*)
                0x00000000c000fd44                EnvVarContainer::loadFrom(char const*, char const*)
                0x00000000c000ff2a                EnvVarContainer::__loadSystem()
                0x00000000c000ff44                EnvVarContainer::__loadUser()
                0x00000000c000ff46                EnvVarContainer::EnvVarContainer(Process*)
                0x00000000c000ff46                EnvVarContainer::EnvVarContainer(Process*)
                0x00000000c000ff68                EnvVarContainer::~EnvVarContainer()
                0x00000000c000ff68                EnvVarContainer::~EnvVarContainer()
                0x00000000c000ff98                Krnl::getEnv(Process*, char const*)
                0x00000000c000fffd                Krnl::setEnvSystem(char const*, char const*)
                0x00000000c0010017                Krnl::setEnvUser(char const*, char const*)
                0x00000000c0010036                Krnl::setEnvProcess(Process*, char const*, char const*)
                0x00000000c0010049                Krnl::deleteEnvSystem(char const*)
                0x00000000c001004a                Krnl::deleteEnvUser(char const*)
                0x00000000c001004b                Krnl::deleteEnvProcess(Process*, char const*)
                0x00000000c001004c                Krnl::newProcessEnv(Process*)
                0x00000000c001006e                Krnl::copyProcessEnv(Process*, Process*)
                0x00000000c00100ba                Krnl::loadSystemEnv()
                0x00000000c00100e8                Krnl::loadUserEnv()
                0x00000000c001010e                Krnl::flushEnv()
                0x00000000c001010f                Krnl::getProcessTotalEnvCount(Process*)
                0x00000000c001012f                Krnl::getProcessEnvPair(Process*, int)
 .text          0x00000000c00101c3       0x94 krnl/inlines.32
                0x00000000c00101c3                CPU::current()
                0x00000000c00101cf                operator new(unsigned long)
                0x00000000c00101d4                operator delete(void*)
                0x00000000c00101d9                disableIRQs()
                0x00000000c00101db                enableIRQs()
                0x00000000c00101dd                lockScheduler()
                0x00000000c00101e5                unlockScheduler()
                0x00000000c00101f4                lockStuff()
                0x00000000c0010202                unlockStuff()
                0x00000000c001023c                Virt::getAKernelVAS()
                0x00000000c0010242                __not_memcpy
 .text          0x00000000c0010257        0xc krnl/panic.32
                0x00000000c0010257                KePanic(char const*)
 .text          0x00000000c0010263      0x142 krnl/powctrl.32
                0x00000000c0010263                Krnl::powerThread(void*)
                0x00000000c0010291                Krnl::changePowerSettings(Krnl::PowerSettings)
                0x00000000c00102a7                Krnl::userIOReceived()
                0x00000000c00102b2                Krnl::handlePowerButton()
                0x00000000c00102e7                Krnl::handleSleepButton()
                0x00000000c001031c                Krnl::setupPowerManager()
 *fill*         0x00000000c00103a5        0x3 
 .text          0x00000000c00103a8      0x190 krnl/resolve.32
                0x00000000c00103a8                KeResolveCompatibilitySymbol(char*)
 .text          0x00000000c0010538      0x2c3 krnl/signal.32
                0x00000000c0010538                KiSigKill(int)
                0x00000000c0010564                KiDefaultSignalHandlerIgnore(int)
                0x00000000c0010565                KiDefaultSignalHandlerPause(int)
                0x00000000c0010591                KiDefaultSignalHandlerResume(int)
                0x00000000c00105bd                KeDeinitSignals(SigHandlerBlock*)
                0x00000000c00105c2                KeInitSignals()
                0x00000000c001060d                KeRegisterSignalHandler(SigHandlerBlock*, int, void (*)(int), unsigned int, int)
                0x00000000c0010643                KeRaiseSignal(SigHandlerBlock*, int)
                0x00000000c00106c0                KeCheckSignal(SigHandlerBlock*)
                0x00000000c00107ab                KiCheckSignalZ
                0x00000000c00107c0                KeCompleteSignal(SigHandlerBlock*, int)
 .text          0x00000000c00107fb      0xc41 krnl/syscalls.32
                0x00000000c00107fb                SysSeekDir(regs*)
                0x00000000c0010800                SysTellDir(regs*)
                0x00000000c0010805                SysVerify(regs*)
                0x00000000c001080f                SysGetArgc(regs*)
                0x00000000c001081f                SysTTYName(regs*)
                0x00000000c0010827                SysFormatDisk(regs*)
                0x00000000c0010894                SysSetDiskVolumeLabel(regs*)
                0x00000000c00108de                SysGetDiskVolumeLabel(regs*)
                0x00000000c0010933                SysShutdown(regs*)
                0x00000000c0010991                SysRealpath(regs*)
                0x00000000c00109d4                SysReadDir(regs*)
                0x00000000c0010a54                SysIsATTY(regs*)
                0x00000000c0010ab0                SysSeek(regs*)
                0x00000000c0010b09                SysTell(regs*)
                0x00000000c0010b78                SysSize(regs*)
                0x00000000c0010bed                SysSizeFromFilename(regs*)
                0x00000000c0010ca0                SysClose(regs*)
                0x00000000c0010d00                SysOpenDir(regs*)
                0x00000000c0010d77                SysCloseDir(regs*)
                0x00000000c0010dcb                SysMakeDir(regs*)
                0x00000000c0010e3d                SysWait(regs*)
                0x00000000c0010e5a                SysNotImpl(regs*)
                0x00000000c0010e75                SysPanic(regs*)
                0x00000000c0010e90                SysRmdir(regs*)
                0x00000000c0010ef7                SysUnlink(regs*)
                0x00000000c0010f5e                SysGetArgv(regs*)
                0x00000000c0010fab                SysUSleep(regs*)
                0x00000000c0010fd4                SysSpawn(regs*)
                0x00000000c001103d                SysGetEnv(regs*)
                0x00000000c00110ec                SysSetFatAttrib(regs*)
                0x00000000c0011163                SysPipe(regs*)
                0x00000000c00111a8                SysGetUnixTime(regs*)
                0x00000000c00111bc                string_ends_with(char const*, char const*)
                0x00000000c0011206                SysOpen(regs*)
                0x00000000c00113fa                KeSystemCall(regs*, void*)
 .text          0x00000000c001143c      0x50e reg/registry.32
                0x00000000c001143c                Reg::findLineFromLoadedData(char*, char*, char*)
                0x00000000c0011594                Reg::getLineFromRegistry(char*, char*, char*, char*)
                0x00000000c00116e9                Reg::getLine(char*, char*, char*)
                0x00000000c0011720                Reg::readInt(char*, char*, int*)
                0x00000000c001180b                Reg::readString(char*, char*, char*, int)
                0x00000000c001188c                Reg::readBool(char*, char*, bool*)
                0x00000000c00118b1                Reg::readBoolWithDefault(char*, char*, bool)
                0x00000000c00118dd                Reg::readIntWithDefault(char*, char*, int)
                0x00000000c0011909                Reg::readStringWithDefault(char*, char*, char*, int, char*)
 .text          0x00000000c001194a       0x36 sys/eject.32
                0x00000000c001194a                SysEject(regs*)
 .text          0x00000000c0011980       0x18 sys/exit.32
                0x00000000c0011980                SysExit(regs*)
 .text          0x00000000c0011998       0x1f sys/getcwd.32
                0x00000000c0011998                SysGetCwd(regs*)
 .text          0x00000000c00119b7        0xc sys/getpid.32
                0x00000000c00119b7                SysGetPID(regs*)
 .text          0x00000000c00119c3       0x1a sys/getramdata.32
                0x00000000c00119c3                SysGetRAMData(regs*)
 .text          0x00000000c00119dd       0x82 sys/getvgaptr.32
                0x00000000c00119dd                SysGetVGAPtr(regs*)
 .text          0x00000000c0011a5f       0xa8 sys/loaddll.32
                0x00000000c0011a5f                SysLoadDLL(regs*)
 .text          0x00000000c0011b07       0x68 sys/read.32
                0x00000000c0011b07                SysRead(regs*)
 .text          0x00000000c0011b6f       0x29 sys/registersignal.32
                0x00000000c0011b6f                SysRegisterSignal(regs*)
 .text          0x00000000c0011b98       0x55 sys/sbrk.32
                0x00000000c0011b98                SysSbrk(regs*)
 .text          0x00000000c0011bed       0x1c sys/setcwd.32
                0x00000000c0011bed                SysSetCwd(regs*)
 .text          0x00000000c0011c09       0x95 sys/settime.32
                0x00000000c0011c09                SysSetTime(regs*)
 .text          0x00000000c0011c9e       0x4a sys/timezone.32
                0x00000000c0011c9e                SysTimezone(regs*)
 .text          0x00000000c0011ce8       0x68 sys/write.32
                0x00000000c0011ce8                SysWrite(regs*)
 .text          0x00000000c0011d50       0x62 sys/wsbe.32
                0x00000000c0011d50                SysWsbe(regs*)
 .text          0x00000000c0011db2       0x25 sys/yield.32
                0x00000000c0011db2                SysYield(regs*)
 .text          0x00000000c0011dd7     0x11e5 thr/elf.32
                0x00000000c0011dd7                Thr::allocateMemoryForTask(Process*, File*, unsigned long, unsigned long, unsigned long)
                0x00000000c0012063                Thr::loadProgramIntoMemory(Process*, char const*)
                0x00000000c0012279                Thr::runtimeReferenceHelper()
                0x00000000c001228c                Thr::getAddressOfKernelSymbol(char const*)
                0x00000000c00122db                Thr::loadKernelSymbolTable(char const*)
                0x00000000c0012599                Thr::loadDriverIntoMemory(char const*, unsigned long, bool)
                0x00000000c0012ccf                Thr::getDriverBaseFromAddress(unsigned long)
                0x00000000c0012d01                Thr::getDriverNameFromAddress(unsigned long)
                0x00000000c0012d38                Thr::getDriverOffsetFromAddress(unsigned long)
                0x00000000c0012d52                Thr::loadDLL(char const*, bool)
                0x00000000c0012f83                Thr::executeDLL(unsigned long, void*)
 .text          0x00000000c0012fbc     0x12fd thr/prcssthr.32
                0x00000000c0012fbc                userModeEntryPoint(void*)
                0x00000000c0012fe4                changeTSS
                0x00000000c0013014                switchToThread(ThreadControlBlock*)
                0x00000000c00130c8                Process::addArgs(char**)
                0x00000000c0013128                Process::Process(char const*, Process*, char**)
                0x00000000c0013128                Process::Process(char const*, Process*, char**)
                0x00000000c0013334                Process::Process(bool, char const*, Process*, char**)
                0x00000000c0013334                Process::Process(bool, char const*, Process*, char**)
                0x00000000c001350c                taskStartupFunction
                0x00000000c0013518                Semaphore::Semaphore(int)
                0x00000000c0013518                Semaphore::Semaphore(int)
                0x00000000c0013548                Mutex::Mutex()
                0x00000000c0013548                Mutex::Mutex()
                0x00000000c001355c                Process::createThread(void (*)(void*), void*, int)
                0x00000000c0013654                Process::createUserThread()
                0x00000000c0013674                setupMultitasking(void (*)())
                0x00000000c001377c                schedule()
                0x00000000c001380c                Semaphore::tryAcquire()
                0x00000000c00138d8                Semaphore::assertLocked(char const*)
                0x00000000c0013950                blockTaskWithSchedulerLockAlreadyHeld(TaskState)
                0x00000000c0013978                blockTask(TaskState)
                0x00000000c00139a8                waitTask(int, int*, int)
                0x00000000c00139ec                milliTenthSleepUntil(unsigned int)
                0x00000000c0013a7c                milliTenthSleep(unsigned int)
                0x00000000c0013a8c                sleep(unsigned int)
                0x00000000c0013aa8                Semaphore::acquire()
                0x00000000c0013b64                taskReturned
                0x00000000c0013ba0                Thr::processFromPID(int)
                0x00000000c0013c40                unblockTask(ThreadControlBlock*)
                0x00000000c0013ce4                cleanupTerminatedTask(ThreadControlBlock*)
                0x00000000c0013fb0                cleanerTaskFunction(void*)
                0x00000000c00140a0                terminateTask(int)
                0x00000000c001416c                Thr::terminateFromIRQ(int)
                0x00000000c001417c                Semaphore::release()
 .text          0x00000000c00142b9      0xb93 vm86/vm8086.32
                0x00000000c00142b9                Vm::inbv(unsigned short)
                0x00000000c00142cc                Vm::outbv(unsigned short, unsigned char)
                0x00000000c0014302                Vm::realToLinear(unsigned short, unsigned short)
                0x00000000c0014312                Vm::getSegment(unsigned int)
                0x00000000c001431a                Vm::getOffset(unsigned int)
                0x00000000c001431f                Vm::mainloop2()
                0x00000000c0014359                Vm::mainVm8086Loop(void*)
                0x00000000c0014369                Vm::mainloop3(unsigned long)
                0x00000000c001438f                Vm::initialise8086()
                0x00000000c00143d2                Vm::finish8086()
                0x00000000c0014433                Vm::getOutput8086(unsigned char*)
                0x00000000c0014458                Vm::start8086FromBuffer(unsigned char*, int, unsigned short, unsigned short, unsigned short, unsigned short)
                0x00000000c0014511                Vm::start8086(char const*, unsigned short, unsigned short, unsigned short, unsigned short)
                0x00000000c0014679                Vm::doISR(regs*, int, unsigned char*, unsigned short, unsigned short)
                0x00000000c0014703                Vm::readByteFromReal(unsigned short, unsigned short)
                0x00000000c0014714                Vm::readWordFromReal(unsigned short, unsigned short)
                0x00000000c0014726                Vm::readDwordFromReal(unsigned short, unsigned short)
                0x00000000c0014737                Vm::writeByteFromReal(unsigned short, unsigned short, unsigned char)
                0x00000000c001474c                Vm::writeWordFromReal(unsigned short, unsigned short, unsigned short)
                0x00000000c0014762                Vm::writeDwordFromReal(unsigned short, unsigned short, unsigned int)
                0x00000000c0014777                Vm::faultHandler(regs*)
 .text          0x00000000c0014e4c      0xa53 arch/i386/hal.32
                0x00000000c0014e4c                noCopro(unsigned long)
                0x00000000c0014e4d                nmiHandler(regs*, void*)
                0x00000000c0014e66                doubleFault(regs*, void*)
                0x00000000c0014e7f                displayDebugInfo(regs*)
                0x00000000c00151a0                HalSystemIdle()
                0x00000000c0015216                displayProgramFault(char const*)
                0x00000000c0015262                gpFault(regs*, void*)
                0x00000000c00152c7                pgFault(regs*, void*)
                0x00000000c001534d                otherISRHandler(regs*, void*)
                0x00000000c0015381                opcodeFault(regs*, void*)
                0x00000000c0015401                i386SaveCoprocessor(void*)
                0x00000000c0015415                i386LoadCoprocessor(void*)
                0x00000000c0015429                x87EmulHandler(regs*, void*)
                0x00000000c00154c6                HalInitialiseCoprocessor()
                0x00000000c0015574                HalPanic(char const*)
                0x00000000c001566d                HalQueryPerformanceCounter()
                0x00000000c0015688                HalInitialise()
                0x00000000c001582e                HalMakeBeep(int)
                0x00000000c0015868                HalGetRand()
                0x00000000c001586b                HalEndOfInterrupt(int)
                0x00000000c001589c                HalRestart()
                0x00000000c001589d                HalShutdown()
                0x00000000c001589e                HalSleep()
 *fill*         0x00000000c001589f        0x1 
 .text          0x00000000c00158a0      0x2f4 arch/i386/pic.32
                0x00000000c00158a0                picIoWait()
                0x00000000c00158a8                picDisable()
                0x00000000c00158dc                picGetIRQReg(int)
                0x00000000c0015960                picOpen()
                0x00000000c0015af0                picEOI(int)
 .text          0x00000000c0015b94      0x64d arch/i386/rtc.32
                0x00000000c0015b94                RTC::open(int, int, void*)
                0x00000000c0015b98                RTC::close(int, int, void*)
                0x00000000c0015b9c                RTC::timeInSecondsUTC()
                0x00000000c0015bae                RTC::timeInDatetimeUTC()
                0x00000000c0015bd4                RTC::setTimeInSecondsUTC(unsigned long long)
                0x00000000c0015c12                RTC::~RTC()
                0x00000000c0015c12                RTC::~RTC()
                0x00000000c0015c36                RTC::~RTC()
                0x00000000c0015c60                RTC::get_update_in_progress_flag()
                0x00000000c0015c78                RTC::completeRTCRefresh()
                0x00000000c0015f30                RTC::setTimeInDatetimeUTC(datetime_t)
                0x00000000c00160e3                rtcIRQHandler(regs*, void*)
                0x00000000c0016128                RTC::RTC()
                0x00000000c0016128                RTC::RTC()
 *fill*         0x00000000c00161e1        0x3 
 .text          0x00000000c00161e4      0x203 arch/i386/vga.32
                0x00000000c00161e4                HalConsoleScroll(int, int)
                0x00000000c00162ec                HalConsoleWriteCharacter(char, int, int, int, int)
                0x00000000c0016358                HalConsoleCursorUpdate(int, int)
 *fill*         0x00000000c00163e7        0x1 
 .text          0x00000000c00163e8     0x13e7 fs/fat/vfslink.32
                0x00000000c00163e8                FAT::getName()
                0x00000000c00163f0                FAT::tell(void*, unsigned long long*)
                0x00000000c001642c                FAT::stat(void*, unsigned long long*)
                0x00000000c0016468                FAT::~FAT()
                0x00000000c0016468                FAT::~FAT()
                0x00000000c001648c                FAT::~FAT()
                0x00000000c00164b4                FAT::getlabel(LogicalDisk*, int, char*, unsigned int*)
                0x00000000c0016558                FAT::setlabel(LogicalDisk*, int, char*)
                0x00000000c001661c                FAT::format(LogicalDisk*, int, char const*, int)
                0x00000000c00167f0                FAT::tryMount(LogicalDisk*, int)
                0x00000000c0016a08                FAT::allocateSwapfile(char const*, int)
                0x00000000c0016bc8                FAT::readDir(void*, unsigned long, void*, int*)
                0x00000000c0016d34                FAT::read(void*, unsigned long, void*, int*)
                0x00000000c0016d94                FAT::write(void*, unsigned long, void*, int*)
                0x00000000c0016df4                FAT::close(void*)
                0x00000000c0016e48                FAT::closeDir(void*)
                0x00000000c0016e9c                FAT::seek(void*, unsigned long long)
                0x00000000c0016ef4                fatWrapperReadDisk
                0x00000000c0016f38                fatWrapperWriteDisk
                0x00000000c0016f7c                fatWrapperIoctl
                0x00000000c0017098                FAT::FAT()
                0x00000000c0017098                FAT::FAT()
                0x00000000c00170ec                FAT::fixFilepath(char*)
                0x00000000c0017128                FAT::open(char const*, void**, FileOpenMode)
                0x00000000c0017260                FAT::openDir(char const*, void**)
                0x00000000c0017310                FAT::stat(char const*, unsigned long long*, bool*)
                0x00000000c0017408                FAT::unlink(char const*)
                0x00000000c0017488                FAT::chfatattr(char const*, unsigned char, unsigned char)
                0x00000000c0017614                FAT::rename(char const*, char const*)
                0x00000000c00176e0                FAT::mkdir(char const*)
                0x00000000c0017760                FAT::exists(char const*)
 *fill*         0x00000000c00177cf        0x1 
 .text          0x00000000c00177d0       0xc6 fs/iso9660/helper.32
                0x00000000c00177d0                isoReadDiscSectorHelper
                0x00000000c001782c                iso_kprintf
                0x00000000c001784c                iso_kprintfd
 .text          0x00000000c0017896      0x586 fs/iso9660/vfslink.32
                0x00000000c0017896                ISO9660::format(LogicalDisk*, int, char const*, int)
                0x00000000c001789c                ISO9660::getName()
                0x00000000c00178a2                ISO9660::closeDir(void*)
                0x00000000c00178ac                ISO9660::chfatattr(char const*, unsigned char, unsigned char)
                0x00000000c00178b2                ISO9660::unlink(char const*)
                0x00000000c00178b8                ISO9660::write(void*, unsigned long, void*, int*)
                0x00000000c00178be                ISO9660::rename(char const*, char const*)
                0x00000000c00178c4                ISO9660::mkdir(char const*)
                0x00000000c00178ca                ISO9660::~ISO9660()
                0x00000000c00178ca                ISO9660::~ISO9660()
                0x00000000c00178ee                ISO9660::~ISO9660()
                0x00000000c0017916                ISO9660::exists(char const*)
                0x00000000c001792a                ISO9660::open(char const*, void**, FileOpenMode)
                0x00000000c00179ca                ISO9660::openDir(char const*, void**)
                0x00000000c0017a5a                ISO9660::read(void*, unsigned long, void*, int*)
                0x00000000c0017a9a                ISO9660::seek(void*, unsigned long long)
                0x00000000c0017ad2                ISO9660::tell(void*, unsigned long long*)
                0x00000000c0017b08                ISO9660::stat(void*, unsigned long long*)
                0x00000000c0017b42                ISO9660::stat(char const*, unsigned long long*, bool*)
                0x00000000c0017c14                ISO9660::close(void*)
                0x00000000c0017c3a                ISO9660::readDir(void*, unsigned long, void*, int*)
                0x00000000c0017d07                readSectorFromCDROM(unsigned int, unsigned char*, char)
                0x00000000c0017d82                ISO9660::tryMount(LogicalDisk*, int)
                0x00000000c0017df4                ISO9660::ISO9660()
                0x00000000c0017df4                ISO9660::ISO9660()
 .text          0x00000000c0017e1c      0x26c hal/sound/sndcard.32
                0x00000000c0017e1c                SoundCard::beginPlayback()
                0x00000000c0017e2a                SoundCard::stopPlayback()
                0x00000000c0017e38                SoundCard::SoundCard(char const*)
                0x00000000c0017e38                SoundCard::SoundCard(char const*)
                0x00000000c0017ed6                SoundCard::~SoundCard()
                0x00000000c0017ed6                SoundCard::~SoundCard()
                0x00000000c0017efa                SoundCard::~SoundCard()
                0x00000000c0017f24                SoundCard::configureRates(int, int, int)
                0x00000000c0017f54                SoundCard::getSamples16(int, short*)
                0x00000000c0017fb0                SoundCard::getSamples32(int, int*)
                0x00000000c0018036                SoundCard::addChannel(SoundPort*)
                0x00000000c0018074                SoundCard::removeChannel(int)
 .text          0x00000000c0018088      0x377 hal/sound/sndport.32
                0x00000000c0018088                SoundPort::SoundPort(int, int, int, int)
                0x00000000c0018088                SoundPort::SoundPort(int, int, int, int)
                0x00000000c0018114                SoundPort::~SoundPort()
                0x00000000c0018114                SoundPort::~SoundPort()
                0x00000000c0018148                SoundPort::unpause()
                0x00000000c0018154                SoundPort::pause()
                0x00000000c0018160                SoundPort::getBufferUsed()
                0x00000000c0018168                SoundPort::getBufferSize()
                0x00000000c0018170                SoundPort::buffer16(short*, int)
                0x00000000c00181fc                SoundPort::buffer32(int*, int)
                0x00000000c0018284                SoundPort::unbufferAndAdd16(int, short*, SoundCard*)
                0x00000000c0018348                SoundPort::unbufferAndAdd32(int, int*, SoundCard*)
 .text          0x00000000c00183ff        0x0 hw/bus/isa.32
 *fill*         0x00000000c00183ff        0x1 
 .text          0x00000000c0018400      0xb49 hw/bus/pci.32
                0x00000000c0018400                PCI::open(int, int, void*)
                0x00000000c001841e                PCI::close(int, int, void*)
                0x00000000c0018422                PCI::PCI()
                0x00000000c0018422                PCI::PCI()
                0x00000000c00184bc                PCI::readBAR8(unsigned int, int)
                0x00000000c00184d8                PCI::readBAR16(unsigned int, int)
                0x00000000c00184f6                PCI::readBAR32(unsigned int, int)
                0x00000000c0018512                PCI::writeBAR8(unsigned int, unsigned char, int)
                0x00000000c0018532                PCI::writeBAR16(unsigned int, unsigned short, int)
                0x00000000c0018554                PCI::writeBAR32(unsigned int, unsigned int, int)
                0x00000000c0018574                PCI::legacyMechanism(unsigned char, unsigned char, unsigned char, unsigned char)
                0x00000000c00185e2                PCI::pciReadWord(unsigned char, unsigned char, unsigned char, unsigned char)
                0x00000000c001868a                PCI::getVendorID(unsigned char, unsigned char, unsigned char)
                0x00000000c00186ae                PCI::getHeaderType(unsigned char, unsigned char, unsigned char)
                0x00000000c00186d6                PCI::getClassCode(unsigned char, unsigned char, unsigned char)
                0x00000000c0018720                PCI::getProgIF(unsigned char, unsigned char, unsigned char)
                0x00000000c0018748                PCI::getRevisionID(unsigned char, unsigned char, unsigned char)
                0x00000000c001876c                PCI::getInterruptNumber(unsigned char, unsigned char, unsigned char)
                0x00000000c0018790                PCI::getSecondaryBus(unsigned char, unsigned char, unsigned char)
                0x00000000c00187b8                PCI::getBARAddress(unsigned char, unsigned char, unsigned char, unsigned char)
                0x00000000c001881c                PCI::pciWriteWord(unsigned char, unsigned char, unsigned char, unsigned char, unsigned short)
                0x00000000c0018904                PCI::pciDetailsToFilepath(PCIDeviceInfo, char*)
                0x00000000c0018b7e                PCI::checkBus(unsigned char)
                0x00000000c0018ba4                PCI::foundDevice(PCIDeviceInfo)
                0x00000000c0018d16                PCI::getDeviceData(unsigned char, unsigned char, unsigned char)
                0x00000000c0018e8a                PCI::checkDevice(unsigned char, unsigned char)
                0x00000000c0018ef6                PCI::detect()
 *fill*         0x00000000c0018f49        0x1 
 .text          0x00000000c0018f4a      0xb5a hw/diskctrl/ide.32
                0x00000000c0018f4a                IDE::close(int, int, void*)
                0x00000000c0018f4e                IDE::IDE()
                0x00000000c0018f4e                IDE::IDE()
                0x00000000c0018f82                IDE::prepareInterrupt(unsigned char)
                0x00000000c0018f94                selectDrive(unsigned char, unsigned char)
                0x00000000c0018f96                IDE::getBase(unsigned char)
                0x00000000c0018fa8                IDE::write(unsigned char, unsigned char, unsigned char)
                0x00000000c0019068                IDE::read(unsigned char, unsigned char)
                0x00000000c0019116                IDE::waitInterrupt(unsigned char)
                0x00000000c001917e                ideChannel0IRQHandler(regs*, void*)
                0x00000000c001919a                ideChannel1IRQHandler(regs*, void*)
                0x00000000c00191b6                IDE::enableIRQs(unsigned char, bool)
                0x00000000c00191fc                IDE::open(int, int, void*)
                0x00000000c001960a                IDE::readBuffer(unsigned char, unsigned char, unsigned int, unsigned int)
                0x00000000c00196d6                IDE::detect()
                0x00000000c0019996                IDE::printError(unsigned char, unsigned char, unsigned char)
                0x00000000c0019a46                IDE::polling(unsigned char, unsigned int)
 .text          0x00000000c0019aa4      0x32a hw/diskctrl/satabus.32
                0x00000000c0019aa4                SATABus::close(int, int, void*)
                0x00000000c0019aa8                SATABus::detect()
                0x00000000c0019aaa                SATABus::SATABus()
                0x00000000c0019aaa                SATABus::SATABus()
                0x00000000c0019b30                SATABus::findCmdslot(SATABus::tagHBA_PORT volatile*)
                0x00000000c0019b62                SATABus::checkType(SATABus::tagHBA_PORT volatile*)
                0x00000000c0019baa                SATABus::startCmd(SATABus::tagHBA_PORT volatile*)
                0x00000000c0019bca                SATABus::stopCmd(SATABus::tagHBA_PORT volatile*)
                0x00000000c0019bf4                SATABus::portRebase(SATABus::tagHBA_PORT volatile*, int)
                0x00000000c0019d04                SATABus::probePort(SATABus::tagHBA_MEM volatile*)
                0x00000000c0019dae                SATABus::open(int, int, void*)
 .text          0x00000000c0019dce      0x921 hw/diskphys/ata.32
                0x00000000c0019dce                ATA::close(int, int, void*)
                0x00000000c0019df2                ATA::powerSaving(PowerSavingLevel)
                0x00000000c0019df4                ATA::ATA()
                0x00000000c0019df4                ATA::ATA()
                0x00000000c0019e22                ATA::flush(bool)
                0x00000000c0019e6c                ATA::readyForCommand()
                0x00000000c0019eb8                ATA::access(unsigned long long, int, void*, bool)
                0x00000000c001a234                ATA::detectCHS()
                0x00000000c001a25e                ATA::open(int, int, void*)
                0x00000000c001a32a                combineCharAndColour(char, unsigned char)
                0x00000000c001a33b                combineColours(unsigned char, unsigned char)
                0x00000000c001a348                ATA::read(unsigned long long, int, void*)
                0x00000000c001a51e                ATA::write(unsigned long long, int, void*)
 *fill*         0x00000000c001a6ef        0x1 
 .text          0x00000000c001a6f0      0x60e hw/diskphys/atapi.32
                0x00000000c001a6f0                ATAPI::write(unsigned long long, int, void*)
                0x00000000c001a6f6                ATAPI::close(int, int, void*)
                0x00000000c001a71a                ATAPI::ATAPI()
                0x00000000c001a71a                ATAPI::ATAPI()
                0x00000000c001a748                ATAPI::readyForCommand()
                0x00000000c001a79a                ATAPI::sendPacket(unsigned char*, int, bool, unsigned short*, int)
                0x00000000c001aa5a                ATAPI::diskRemoved()
                0x00000000c001aa94                ATAPI::eject()
                0x00000000c001aadc                ATAPI::diskInserted()
                0x00000000c001aae8                ATAPI::detectMedia()
                0x00000000c001aba4                ATAPI::open(int, int, void*)
                0x00000000c001ac84                ATAPI::read(unsigned long long, int, void*)
 .text          0x00000000c001acfe      0x7ff hw/diskphys/sata.32
                0x00000000c001acfe                SATA::close(int, int, void*)
                0x00000000c001ad22                SATA::powerSaving(PowerSavingLevel)
                0x00000000c001ad24                SATA::open(int, int, void*)
                0x00000000c001adce                SATA::SATA()
                0x00000000c001adce                SATA::SATA()
                0x00000000c001adfc                SATA::access(unsigned long long, int, void*, bool)
                0x00000000c001b048                SATA::read(unsigned long long, int, void*)
                0x00000000c001b298                SATA::write(unsigned long long, int, void*)
 *fill*         0x00000000c001b4fd        0x1 
 .text          0x00000000c001b4fe      0x596 hw/diskphys/satapi.32
                0x00000000c001b4fe                SATAPI::write(unsigned long long, int, void*)
                0x00000000c001b504                SATAPI::close(int, int, void*)
                0x00000000c001b528                SATAPI::SATAPI()
                0x00000000c001b528                SATAPI::SATAPI()
                0x00000000c001b556                SATAPI::diskRemoved()
                0x00000000c001b558                SATAPI::diskInserted()
                0x00000000c001b574                SATAPI::sendPacket(unsigned char*, int, unsigned long long, unsigned short*, int)
                0x00000000c001b848                SATAPI::eject()
                0x00000000c001b884                SATAPI::detectMedia()
                0x00000000c001b8aa                SATAPI::open(int, int, void*)
                0x00000000c001b9aa                SATAPI::read(unsigned long long, int, void*)
 .text          0x00000000c001ba94      0x455 hw/intctrl/apic.32
                0x00000000c001ba94                IOAPIC::close(int, int, void*)
                0x00000000c001ba9a                apicGetBase()
                0x00000000c001badc                IOAPIC::IOAPIC()
                0x00000000c001badc                IOAPIC::IOAPIC()
                0x00000000c001bb04                apicOpen()
                0x00000000c001bc6a                IOAPIC::handlesGSIWithNumber(unsigned int)
                0x00000000c001bc9c                IOAPIC::read(int)
                0x00000000c001bcc4                IOAPIC::open(int, int, void*)
                0x00000000c001bdb8                IOAPIC::write(int, int)
                0x00000000c001bde4                IOAPIC::redirect(unsigned char, unsigned long long, unsigned char, bool, bool)
 *fill*         0x00000000c001bee9        0x3 
 .text          0x00000000c001beec       0xf0 hw/timer/apictimer.32
                0x00000000c001beec                APICTimer::close(int, int, void*)
                0x00000000c001bef4                apicTimerHandler(regs*, void*)
                0x00000000c001bf1c                APICTimer::open(int, int, void*)
                0x00000000c001bf8c                APICTimer::write(int)
                0x00000000c001bfb4                APICTimer::APICTimer()
                0x00000000c001bfb4                APICTimer::APICTimer()
 .text          0x00000000c001bfdc      0x1aa hw/timer/pit.32
                0x00000000c001bfdc                PIT::write(int)
                0x00000000c001c060                pitHandler(regs*, void*)
                0x00000000c001c084                PIT::open(int, int, void*)
                0x00000000c001c0d4                PIT::close(int, int, void*)
                0x00000000c001c104                PIT::PIT()
                0x00000000c001c104                PIT::PIT()
 *fill*         0x00000000c001c186        0xa 
 .text          0x00000000c001c190       0x83 arch/i386/avx.32
                0x00000000c001c190                avxDetect
                0x00000000c001c1ba                avxSave
                0x00000000c001c1cb                avxLoad
                0x00000000c001c1dc                avxInit
                0x00000000c001c1fe                avxClose
                0x00000000c001c1ff                wouldSheSayYes
 *fill*         0x00000000c001c213        0xd 
 .text          0x00000000c001c220      0x231 arch/i386/interrupt.32
                0x00000000c001c220                isr0
                0x00000000c001c230                isr1
                0x00000000c001c23a                isr2
                0x00000000c001c244                isr3
                0x00000000c001c24e                isr4
                0x00000000c001c258                isr5
                0x00000000c001c262                isr6
                0x00000000c001c26c                isr7
                0x00000000c001c276                isr8
                0x00000000c001c27e                isr9
                0x00000000c001c288                isr10
                0x00000000c001c290                isr11
                0x00000000c001c298                isr12
                0x00000000c001c2a0                isr13
                0x00000000c001c2a8                isr14
                0x00000000c001c2b0                isr15
                0x00000000c001c2ba                isr16
                0x00000000c001c2c4                isr17
                0x00000000c001c2ce                isr18
                0x00000000c001c2d8                irq3
                0x00000000c001c2e2                irq4
                0x00000000c001c2ec                irq5
                0x00000000c001c2f6                irq6
                0x00000000c001c300                irq7
                0x00000000c001c30a                irq8
                0x00000000c001c314                irq9
                0x00000000c001c31e                irq10
                0x00000000c001c328                irq11
                0x00000000c001c332                irq12
                0x00000000c001c33c                irq13
                0x00000000c001c346                irq14
                0x00000000c001c350                irq15
                0x00000000c001c35a                irq1
                0x00000000c001c361                irq2
                0x00000000c001c368                isr96
                0x00000000c001c36f                irq0
                0x00000000c001c374                int_common_stub
                0x00000000c001c3a6                syscall_common_stub
                0x00000000c001c401                irq16
                0x00000000c001c40b                irq17
                0x00000000c001c415                irq18
                0x00000000c001c41f                irq19
                0x00000000c001c429                irq20
                0x00000000c001c433                irq21
                0x00000000c001c43d                irq22
                0x00000000c001c447                irq23
 *fill*         0x00000000c001c451        0xf 
 .text          0x00000000c001c460       0x10 arch/i386/rdrand.32
                0x00000000c001c460                i386GetRDRAND
 .text          0x00000000c001c470       0x39 arch/i386/sse.32
                0x00000000c001c470                absolutelyNoChanceInHell
                0x00000000c001c470                sseDetect
                0x00000000c001c488                sseSave
                0x00000000c001c490                sseLoad
                0x00000000c001c498                sseInit
                0x00000000c001c4a8                sseClose
 *fill*         0x00000000c001c4a9        0x7 
 .text          0x00000000c001c4b0       0x49 arch/i386/x87.32
                0x00000000c001c4b6                x87Detect
                0x00000000c001c4d1                x87Save
                0x00000000c001c4d8                x87Load
                0x00000000c001c4df                x87Init
                0x00000000c001c4f8                x87Close
 *fill*         0x00000000c001c4f9        0x3 
 .text          0x00000000c001c4fc       0x25 /cygdrive/d/Users/Alex/Desktop/Toolchain/Output/bin/../lib/gcc/i386-banana/8.1.0/crtend.o
 .text          0x00000000c001c521        0x0 crtn.32
 *fill*         0x00000000c001c521        0x3 
 .text          0x00000000c001c524      0x14b /cygdrive/d/Users/Alex/Desktop/Toolchain/Output/bin/../lib/gcc/i386-banana/8.1.0/libkgcc.a(_divdi3.o)
                0x00000000c001c524                __divdi3
 *fill*         0x00000000c001c66f        0x1 
 .text          0x00000000c001c670      0x17e /cygdrive/d/Users/Alex/Desktop/Toolchain/Output/bin/../lib/gcc/i386-banana/8.1.0/libkgcc.a(_moddi3.o)
                0x00000000c001c670                __moddi3
 *fill*         0x00000000c001c7ee        0x2 
 .text          0x00000000c001c7f0       0xff /cygdrive/d/Users/Alex/Desktop/Toolchain/Output/bin/../lib/gcc/i386-banana/8.1.0/libkgcc.a(_udivdi3.o)
                0x00000000c001c7f0                __udivdi3
 *fill*         0x00000000c001c8ef        0x1 
 .text          0x00000000c001c8f0      0x11a /cygdrive/d/Users/Alex/Desktop/Toolchain/Output/bin/../lib/gcc/i386-banana/8.1.0/libkgcc.a(_umoddi3.o)
                0x00000000c001c8f0                __umoddi3
 *(.gnu.linkonce.t*)

.iplt           0x00000000c001ca10        0x0
 .iplt          0x00000000c001ca10        0x0 D:/Users/Alex/Desktop/Banana/kernel/boot.32

.init           0x00000000c001ca0a        0xf
 .init          0x00000000c001ca0a        0x3 crti.32
                0x00000000c001ca0a                _init
 .init          0x00000000c001ca0d        0x5 /cygdrive/d/Users/Alex/Desktop/Toolchain/Output/bin/../lib/gcc/i386-banana/8.1.0/crtbegin.o
 .init          0x00000000c001ca12        0x5 /cygdrive/d/Users/Alex/Desktop/Toolchain/Output/bin/../lib/gcc/i386-banana/8.1.0/crtend.o
 .init          0x00000000c001ca17        0x2 crtn.32

.fini           0x00000000c001ca19        0xa
 .fini          0x00000000c001ca19        0x3 crti.32
                0x00000000c001ca19                _fini
 .fini          0x00000000c001ca1c        0x5 /cygdrive/d/Users/Alex/Desktop/Toolchain/Output/bin/../lib/gcc/i386-banana/8.1.0/crtbegin.o
 .fini          0x00000000c001ca21        0x2 crtn.32

.text._ZN8ComputerD2Ev
                0x00000000c001ca24       0x23
 .text._ZN8ComputerD2Ev
                0x00000000c001ca24       0x23 core/computer.32
                0x00000000c001ca24                Computer::~Computer()
                0x00000000c001ca24                Computer::~Computer()

.text._ZN8ComputerD0Ev
                0x00000000c001ca48       0x2a
 .text._ZN8ComputerD0Ev
                0x00000000c001ca48       0x2a core/computer.32
                0x00000000c001ca48                Computer::~Computer()

.text._Z10idleCommonv
                0x00000000c001ca72       0x21
 .text._Z10idleCommonv
                0x00000000c001ca72       0x21 core/idle.32
                0x00000000c001ca72                idleCommon()

.text._ZN10LinkedListI8UnixFileED2Ev
                0x00000000c001ca94        0x2
 .text._ZN10LinkedListI8UnixFileED2Ev
                0x00000000c001ca94        0x2 core/unixfile.32
                0x00000000c001ca94                LinkedList<UnixFile>::~LinkedList()
                0x00000000c001ca94                LinkedList<UnixFile>::~LinkedList()

.text._ZN10LinkedListI8UnixFileEC2Ev
                0x00000000c001ca96       0x42
 .text._ZN10LinkedListI8UnixFileEC2Ev
                0x00000000c001ca96       0x42 core/unixfile.32
                0x00000000c001ca96                LinkedList<UnixFile>::LinkedList()
                0x00000000c001ca96                LinkedList<UnixFile>::LinkedList()

.text._ZN10LinkedListI8UnixFileE10addElementEPS0_
                0x00000000c001cad8       0xd3
 .text._ZN10LinkedListI8UnixFileE10addElementEPS0_
                0x00000000c001cad8       0xd3 core/unixfile.32
                0x00000000c001cad8                LinkedList<UnixFile>::addElement(UnixFile*)

.text._ZN10LinkedListI8UnixFileE15getFirstElementEv
                0x00000000c001cbac        0x7
 .text._ZN10LinkedListI8UnixFileE15getFirstElementEv
                0x00000000c001cbac        0x7 core/unixfile.32
                0x00000000c001cbac                LinkedList<UnixFile>::getFirstElement()

.text._ZN10LinkedListI8UnixFileE11removeFirstEv
                0x00000000c001cbb4       0xa1
 .text._ZN10LinkedListI8UnixFileE11removeFirstEv
                0x00000000c001cbb4       0xa1 core/unixfile.32
                0x00000000c001cbb4                LinkedList<UnixFile>::removeFirst()

.text._ZN10LinkedListI8UnixFileE7getNextEPS0_
                0x00000000c001cc56        0x8
 .text._ZN10LinkedListI8UnixFileE7getNextEPS0_
                0x00000000c001cc56        0x8 core/unixfile.32
                0x00000000c001cc56                LinkedList<UnixFile>::getNext(UnixFile*)

.text._ZN16DriverlessDeviceD2Ev
                0x00000000c001cc5e       0x1a
 .text._ZN16DriverlessDeviceD2Ev
                0x00000000c001cc5e       0x1a hal/device.32
                0x00000000c001cc5e                DriverlessDevice::~DriverlessDevice()
                0x00000000c001cc5e                DriverlessDevice::~DriverlessDevice()

.text._ZN16DriverlessDeviceD0Ev
                0x00000000c001cc78       0x2a
 .text._ZN16DriverlessDeviceD0Ev
                0x00000000c001cc78       0x2a hal/device.32
                0x00000000c001cc78                DriverlessDevice::~DriverlessDevice()

.text._ZN10LinkedListI6DeviceE10addElementEPS0_
                0x00000000c001cca2       0xdc
 .text._ZN10LinkedListI6DeviceE10addElementEPS0_
                0x00000000c001cca2       0xdc hal/device.32
                0x00000000c001cca2                LinkedList<Device>::addElement(Device*)

.text._ZN10LinkedListI6DeviceEC2Ev
                0x00000000c001cd7e       0x42
 .text._ZN10LinkedListI6DeviceEC2Ev
                0x00000000c001cd7e       0x42 hal/device.32
                0x00000000c001cd7e                LinkedList<Device>::LinkedList()
                0x00000000c001cd7e                LinkedList<Device>::LinkedList()

.text._ZN10LinkedListIV18ThreadControlBlockE7isEmptyEv
                0x00000000c001cdc0       0x1c
 .text._ZN10LinkedListIV18ThreadControlBlockE7isEmptyEv
                0x00000000c001cdc0       0x1c hal/timer.32
                0x00000000c001cdc0                LinkedList<ThreadControlBlock volatile>::isEmpty()

.text._ZN10LinkedListIV18ThreadControlBlockE15getFirstElementEv
                0x00000000c001cddc        0x7
 .text._ZN10LinkedListIV18ThreadControlBlockE15getFirstElementEv
                0x00000000c001cddc        0x7 hal/timer.32