Archive member included to satisfy reference by file (symbol)

/cygdrive/d/Users/Alex/Desktop/Toolchain/Output/bin/../lib/gcc/i386-banana/8.1.0/libgcc.a(_divdi3.o)
                              fs/fat/ff.32 (__divdi3)
/cygdrive/d/Users/Alex/Desktop/Toolchain/Output/bin/../lib/gcc/i386-banana/8.1.0/libgcc.a(_moddi3.o)
                              thr/elf.32 (__moddi3)
/cygdrive/d/Users/Alex/Desktop/Toolchain/Output/bin/../lib/gcc/i386-banana/8.1.0/libgcc.a(_udivdi3.o)
                              fs/fat/ff.32 (__udivdi3)
/cygdrive/d/Users/Alex/Desktop/Toolchain/Output/bin/../lib/gcc/i386-banana/8.1.0/libgcc.a(_umoddi3.o)
                              core/pipe.32 (__umoddi3)
D:/Users/Alex/Desktop/Banana/kernel/libk/libm32.a(s_fabs.c.o)
                              hal/libresample/samplerate.32 (fabs)
D:/Users/Alex/Desktop/Banana/kernel/libk/libm32.a(s_lrint.S.o)
                              hal/libresample/samplerate.32 (lrint)
D:/Users/Alex/Desktop/Banana/kernel/libk/libm32.a(s_lrintf.S.o)
                              hal/sound/sndhw.32 (lrintf)

Discarded input sections

 .comment       0x0000000000000000       0x12 /cygdrive/d/Users/Alex/Desktop/Toolchain/Output/bin/../lib/gcc/i386-banana/8.1.0/crtbegin.o
 .comment       0x0000000000000000       0x12 acpica/utclib.32
 .comment       0x0000000000000000       0x12 core/malloc.32
 .comment       0x0000000000000000       0x12 libk/string.32
 .comment       0x0000000000000000       0x12 fs/fat/diskio.32
 .comment       0x0000000000000000       0x12 fs/fat/ff.32
 .comment       0x0000000000000000       0x12 fs/fat/ffsystem.32
 .comment       0x0000000000000000       0x12 fs/fat/ffunicode.32
 .comment       0x0000000000000000       0x12 hal/libresample/samplerate.32
 .comment       0x0000000000000000       0x12 hal/libresample/src_linear.32
 .comment       0x0000000000000000       0x12 hal/libresample/src_sinc.32
 .comment       0x0000000000000000       0x12 hal/libresample/src_zoh.32
 .group         0x0000000000000000       0x14 core/computer.32
 .group         0x0000000000000000        0xc core/computer.32
 .comment       0x0000000000000000       0x12 core/computer.32
 .comment       0x0000000000000000       0x12 core/gdt.32
 .group         0x0000000000000000        0xc core/idle.32
 .comment       0x0000000000000000       0x12 core/idle.32
 .comment       0x0000000000000000       0x12 core/idt.32
 .group         0x0000000000000000        0x8 core/kheap.32
 .group         0x0000000000000000        0x8 core/kheap.32
 .comment       0x0000000000000000       0x12 core/kheap.32
 .comment       0x0000000000000000       0x12 core/main.32
 .comment       0x0000000000000000       0x12 core/physmgr.32
 .group         0x0000000000000000        0xc core/pipe.32
 .comment       0x0000000000000000       0x12 core/pipe.32
 .group         0x0000000000000000        0xc core/terminal.32
 .comment       0x0000000000000000       0x12 core/terminal.32
 .group         0x0000000000000000        0x8 core/tss.32
 .text._ZN3CPU7readCR3Ev
                0x0000000000000000       0x12 core/tss.32
 .comment       0x0000000000000000       0x12 core/tss.32
 .group         0x0000000000000000        0x8 core/unixfile.32
 .group         0x0000000000000000        0xc core/unixfile.32
 .group         0x0000000000000000        0xc core/unixfile.32
 .group         0x0000000000000000        0x8 core/unixfile.32
 .group         0x0000000000000000        0xc core/unixfile.32
 .group         0x0000000000000000        0x8 core/unixfile.32
 .group         0x0000000000000000        0xc core/unixfile.32
 .group         0x0000000000000000        0xc core/unixfile.32
 .comment       0x0000000000000000       0x12 core/unixfile.32
 .group         0x0000000000000000        0x8 core/virtmgr.32
 .group         0x0000000000000000        0x8 core/virtmgr.32
 .text._ZN3CPU7readCR3Ev
                0x0000000000000000       0x12 core/virtmgr.32
 .text._ZN3CPU8writeCR3Em
                0x0000000000000000        0x9 core/virtmgr.32
 .comment       0x0000000000000000       0x12 core/virtmgr.32
 .comment       0x0000000000000000       0x12 coreobjs/c++.32
 .comment       0x0000000000000000       0x12 dbg/kconsole.32
 .group         0x0000000000000000        0xc fs/vfs.32
 .group         0x0000000000000000        0xc fs/vfs.32
 .group         0x0000000000000000        0xc fs/vfs.32
 .comment       0x0000000000000000       0x12 fs/vfs.32
 .group         0x0000000000000000        0xc hal/bus.32
 .comment       0x0000000000000000       0x12 hal/bus.32
 .group         0x0000000000000000        0xc hal/buzzer.32
 .comment       0x0000000000000000       0x12 hal/buzzer.32
 .group         0x0000000000000000        0xc hal/clock.32
 .comment       0x0000000000000000       0x12 hal/clock.32
 .group         0x0000000000000000       0x14 hal/device.32
 .group         0x0000000000000000        0xc hal/device.32
 .group         0x0000000000000000        0xc hal/device.32
[...]
Memory Configuration

Name             Origin             Length             Attributes
*default*        0x0000000000000000 0xffffffffffffffff

Linker script and memory map

LOAD D:/Users/Alex/Desktop/Banana/kernel/boot.32
LOAD crti.32
LOAD /cygdrive/d/Users/Alex/Desktop/Toolchain/Output/bin/../lib/gcc/i386-banana/8.1.0/crtbegin.o
LOAD D:/Users/Alex/Desktop/Banana/kernel/morenasm.32
LOAD acpica/utclib.32
LOAD core/malloc.32
LOAD libk/string.32
LOAD fs/fat/diskio.32
LOAD fs/fat/ff.32
LOAD fs/fat/ffsystem.32
LOAD fs/fat/ffunicode.32
LOAD hal/libresample/samplerate.32
LOAD hal/libresample/src_linear.32
LOAD hal/libresample/src_sinc.32
LOAD hal/libresample/src_zoh.32
LOAD core/computer.32
LOAD core/gdt.32
LOAD core/idle.32
LOAD core/idt.32
LOAD core/kheap.32
LOAD core/main.32
LOAD core/physmgr.32
LOAD core/pipe.32
LOAD core/terminal.32
LOAD core/tss.32
LOAD core/unixfile.32
LOAD core/virtmgr.32
LOAD coreobjs/c++.32
LOAD dbg/kconsole.32
LOAD fs/vfs.32
LOAD hal/bus.32
LOAD hal/buzzer.32
LOAD hal/clock.32
LOAD hal/device.32
LOAD hal/diskctrl.32
LOAD hal/diskphys.32
LOAD hal/fpu.32
LOAD hal/intctrl.32
LOAD hal/keybrd.32
LOAD hal/logidisk.32
LOAD hal/mouse.32
LOAD hal/partition.32
LOAD hal/timer.32
LOAD hal/vcache.32
LOAD hal/video.32
LOAD hw/acpi.32
LOAD hw/cpu.32
LOAD hw/ports.32
LOAD krnl/panic.32
LOAD reg/registry.32
LOAD sys/sc_exit.32
LOAD sys/sc_loaddll.32
LOAD sys/sc_read.32
LOAD sys/sc_sbrk.32
LOAD sys/sc_write.32
LOAD sys/sc_yield.32
LOAD sys/syscalls.32
LOAD thr/elf.32
LOAD thr/prcssthr.32
LOAD vm86/vm8086.32
LOAD fs/fat/vfslink.32
LOAD fs/iso9660/vfslink.32
LOAD hal/sound/sndchannel.32
LOAD hal/sound/sndhw.32
LOAD hw/bus/isa.32
LOAD hw/bus/pci.32
LOAD hw/diskctrl/ide.32
LOAD hw/diskphys/ata.32
LOAD hw/diskphys/atapi.32
LOAD hw/fpu/avx.32
LOAD hw/fpu/mmx.32
LOAD hw/fpu/sse.32
LOAD hw/fpu/x87.32
LOAD hw/intctrl/apic.32
LOAD hw/intctrl/pic.32
LOAD hw/timer/apictimer.32
LOAD hw/timer/pit.32
LOAD hw/fpu/x86/avx.32
LOAD hw/fpu/x86/sse.32
LOAD hw/fpu/x86/x87.32
LOAD /cygdrive/d/Users/Alex/Desktop/Toolchain/Output/bin/../lib/gcc/i386-banana/8.1.0/crtend.o
LOAD crtn.32
LOAD /cygdrive/d/Users/Alex/Desktop/Toolchain/Output/bin/../lib/gcc/i386-banana/8.1.0/libgcc.a
LOAD D:/Users/Alex/Desktop/Banana/kernel/libk/libm32.a
                0x00000000c0000000                . = 0xc0000000

.text           0x00000000c0000000    0x1e488
 *(.text)
 .text          0x00000000c0000000       0x41 D:/Users/Alex/Desktop/Banana/kernel/boot.32
                0x00000000c0000020                callGlobalConstructors
 .text          0x00000000c0000041        0x0 crti.32
 *fill*         0x00000000c0000041        0x3 
 .text          0x00000000c0000044      0x101 /cygdrive/d/Users/Alex/Desktop/Toolchain/Output/bin/../lib/gcc/i386-banana/8.1.0/crtbegin.o
 *fill*         0x00000000c0000145        0xb 
 .text          0x00000000c0000150      0x41f D:/Users/Alex/Desktop/Banana/kernel/morenasm.32
                0x00000000c0000150                doTPAUSE
                0x00000000c000015a                hasLegacyFPU
                0x00000000c000017f                is486
                0x00000000c00001b5                goToVM86
                0x00000000c00001e6                goToUsermode
                0x00000000c0000211                switchToThreadASMFirstTime
                0x00000000c000021f                switchToThreadASM
                0x00000000c00002bf                detectCPUID
                0x00000000c00002d5                asmQuickAcquireLock
                0x00000000c00002f3                asmQuickReleaseLock
                0x00000000c00002ff                asmAcquireLock
                0x00000000c0000320                asmReleaseLock
                0x00000000c0000333                loadGDT
                0x00000000c0000353                isr0
                0x00000000c0000363                isr1
                0x00000000c000036d                isr2
                0x00000000c0000377                isr3
                0x00000000c0000381                isr4
                0x00000000c000038b                isr5
                0x00000000c0000395                isr6
                0x00000000c000039f                isr7
                0x00000000c00003a9                isr8
                0x00000000c00003b1                isr9
                0x00000000c00003bb                isr10
                0x00000000c00003c3                isr11
                0x00000000c00003cb                isr12
                0x00000000c00003d3                isr13
                0x00000000c00003db                isr14
                0x00000000c00003e3                isr15
                0x00000000c00003ed                isr16
                0x00000000c00003f7                isr17
                0x00000000c0000401                isr18
                0x00000000c000040b                isr96
                0x00000000c0000415                irq0
                0x00000000c000041f                irq1
                0x00000000c0000429                irq2
                0x00000000c0000433                irq3
                0x00000000c000043d                irq4
                0x00000000c0000447                irq5
                0x00000000c0000451                irq6
                0x00000000c000045b                irq7
                0x00000000c0000465                irq8
                0x00000000c000046f                irq9
                0x00000000c0000479                irq10
                0x00000000c0000483                irq11
                0x00000000c000048d                irq12
                0x00000000c0000497                irq13
                0x00000000c00004a1                irq14
                0x00000000c00004ab                irq15
                0x00000000c00004b5                irq16
                0x00000000c00004bf                irq17
                0x00000000c00004c9                irq18
                0x00000000c00004d3                irq19
                0x00000000c00004dd                irq20
                0x00000000c00004e7                irq21
                0x00000000c00004f1                irq22
                0x00000000c00004fb                irq23
                0x00000000c0000505                int_common_stub
                0x00000000c0000535                syscall_common_stub
 .text          0x00000000c000056f      0x40f acpica/utclib.32
                0x00000000c000056f                memcmp
                0x00000000c000059a                memmove
                0x00000000c00005d2                memcpy
                0x00000000c0000608                memset
                0x00000000c0000625                strlen
                0x00000000c0000635                strpbrk
                0x00000000c0000658                strtok
                0x00000000c00006a7                strcpy
                0x00000000c00006c7                strncpy
                0x00000000c00006f8                strcmp
                0x00000000c0000719                strchr
                0x00000000c000072f                strncmp
                0x00000000c000075e                strcat
                0x00000000c0000785                strncat
                0x00000000c00007bf                strstr
                0x00000000c00007fc                toupper
                0x00000000c0000810                tolower
                0x00000000c0000824                simple_strtoul
 .text          0x00000000c000097e      0xfbf core/malloc.32
                0x00000000c0000ae9                dlfree
                0x00000000c0000e44                dlmalloc
                0x00000000c0001381                dlrealloc
                0x00000000c0001536                dlmemalign
                0x00000000c0001659                dlcalloc
                0x00000000c00016f3                dlcfree
                0x00000000c00016f8                dlindependent_calloc
                0x00000000c000171d                dlindependent_comalloc
                0x00000000c0001734                dlvalloc
                0x00000000c000175f                dlpvalloc
                0x00000000c0001795                dlmalloc_trim
                0x00000000c00017a2                dlmalloc_usable_size
                0x00000000c00017d3                dlmallinfo
                0x00000000c00018a2                dlmalloc_stats
                0x00000000c00018b3                dlmallopt
 .text          0x00000000c000193d        0x0 libk/string.32
 .text          0x00000000c000193d       0x51 fs/fat/diskio.32
                0x00000000c000193d                disk_status
                0x00000000c0001940                disk_initialize
                0x00000000c0001943                disk_read
                0x00000000c0001959                disk_write
                0x00000000c000196f                disk_ioctl
 .text          0x00000000c000198e     0x6833 fs/fat/ff.32
                0x00000000c0004c5c                f_mount
                0x00000000c0004cbe                f_open
                0x00000000c00050fa                f_read
                0x00000000c000537a                f_write
                0x00000000c0005634                f_sync
                0x00000000c0005810                f_close
                0x00000000c000583f                f_lseek
                0x00000000c0005cf6                f_opendir
                0x00000000c0005df8                f_closedir
                0x00000000c0005e1a                f_readdir
                0x00000000c0005eb5                f_stat
                0x00000000c0005f44                f_getfree
                0x00000000c000610f                f_truncate
                0x00000000c0006207                f_unlink
                0x00000000c000638a                f_mkdir
                0x00000000c00065b6                f_rename
                0x00000000c00068a9                f_chmod
                0x00000000c0006987                f_utime
                0x00000000c0006a65                f_getlabel
                0x00000000c0006c53                f_setlabel
                0x00000000c0006ec0                f_forward
                0x00000000c000709e                f_mkfs
 .text          0x00000000c00081c1       0x2d fs/fat/ffsystem.32
                0x00000000c00081c1                ff_memalloc
                0x00000000c00081d7                ff_memfree
 .text          0x00000000c00081ee      0x253 fs/fat/ffunicode.32
                0x00000000c00081ee                ff_uni2oem
                0x00000000c000827e                ff_oem2uni
                0x00000000c00082ea                ff_wtoupper
 .text          0x00000000c0008441      0x70e hal/libresample/samplerate.32
                0x00000000c00084c9                src_delete
                0x00000000c0008505                src_process
                0x00000000c000862d                src_callback_read
                0x00000000c000878e                src_set_ratio
                0x00000000c00087e5                src_get_channels
                0x00000000c0008807                src_reset
                0x00000000c000884b                src_new
                0x00000000c00088d9                src_callback_new
                0x00000000c000893b                src_get_name
                0x00000000c0008972                src_get_description
                0x00000000c00089a9                src_get_version
                0x00000000c00089af                src_is_valid_ratio
                0x00000000c00089c9                src_error
                0x00000000c00089d7                src_strerror
                0x00000000c00089ea                src_simple
                0x00000000c0008a3d                src_short_to_float_array
                0x00000000c0008a63                src_float_to_short_array
                0x00000000c0008ac7                src_int_to_float_array
                0x00000000c0008aed                src_float_to_int_array
 .text          0x00000000c0008b4f      0x3fd hal/libresample/src_linear.32
                0x00000000c0008ea7                linear_get_name
                0x00000000c0008eb6                linear_get_description
                0x00000000c0008ec5                linear_set_converter
 .text          0x00000000c0008f4c     0x1a3f hal/libresample/src_sinc.32
                0x00000000c000a8a2                sinc_get_name
                0x00000000c000a8b5                sinc_get_description
                0x00000000c000a8c8                sinc_set_converter
 .text          0x00000000c000a98b      0x3d3 hal/libresample/src_zoh.32
                0x00000000c000acb9                zoh_get_name
                0x00000000c000acc8                zoh_get_description
                0x00000000c000acd7                zoh_set_converter
 .text          0x00000000c000ad5e      0x695 core/computer.32
                0x00000000c000ad5e                Computer::close(int, int, void*)
                0x00000000c000ada2                Computer::Computer()
                0x00000000c000ada2                Computer::Computer()
                0x00000000c000aefe                Computer::setBootMessage(char const*)
                0x00000000c000af00                Computer::start()
                0x00000000c000afdc                firstTask()
                0x00000000c000afea                Computer::detectFeatures()
                0x00000000c000b1c4                Computer::displayFeatures()
                0x00000000c000b1c6                Computer::rdmsr(unsigned int)
                0x00000000c000b1f2                Computer::wrmsr(unsigned int, unsigned long long)
                0x00000000c000b22a                Computer::nmiEnabled()
                0x00000000c000b236                Computer::readCMOS(unsigned char)
                0x00000000c000b250                Computer::enableNMI(bool)
                0x00000000c000b268                Computer::open(int, int, void*)
                0x00000000c000b336                Computer::disableNMI()
                0x00000000c000b344                Computer::writeCMOS(unsigned char, unsigned char)
                0x00000000c000b362                Computer::handleNMI()
                0x00000000c000b3c8                Computer::setDiskActivityLight(int, bool)
 *fill*         0x00000000c000b3f3        0x1 
 .text          0x00000000c000b3f4      0x1b7 core/gdt.32
                0x00000000c000b3f4                GDTEntry::setBase(unsigned int)
                0x00000000c000b410                GDTEntry::setLimit(unsigned int)
                0x00000000c000b42e                GDT::GDT()
                0x00000000c000b42e                GDT::GDT()
                0x00000000c000b444                GDT::addEntry(GDTEntry)
                0x00000000c000b480                GDT::getNumberOfEntries()
                0x00000000c000b488                GDT::flush()
                0x00000000c000b4aa                GDT::setup()
 .text          0x00000000c000b5ab       0x61 core/idle.32
                0x00000000c000b5ab                idleFunction(void*)
 .text          0x00000000c000b60c      0x45f core/idt.32
                0x00000000c000b60c                IDTEntry::IDTEntry(bool)
                0x00000000c000b60c                IDTEntry::IDTEntry(bool)
                0x00000000c000b67a                IDTEntry::setOffset(unsigned int)
                0x00000000c000b68e                IDT::IDT()
                0x00000000c000b68e                IDT::IDT()
                0x00000000c000b690                IDT::getPointerToInvalidOpcodeEntryForF00F()
                0x00000000c000b698                IDT::addEntry(IDTEntry, int)
                0x00000000c000b6b2                IDT::addEntry(int, void (*)(), bool)
                0x00000000c000b6ea                IDT::flush()
                0x00000000c000b704                IDT::setup()
 .text          0x00000000c000ba6b      0x20d core/kheap.32
                0x00000000c000ba6b                sbrk
                0x00000000c000bb83                mmap
                0x00000000c000bb99                munmap
                0x00000000c000bbaf                liballoc_lock()
                0x00000000c000bbc0                liballoc_unlock()
                0x00000000c000bbd1                liballoc_alloc(int)
                0x00000000c000bbec                liballoc_free(void*, int)
                0x00000000c000bc0a                realloc
                0x00000000c000bc1e                malloc
                0x00000000c000bc2e                free
                0x00000000c000bc3e                rfree
                0x00000000c000bc4e                calloc
 .text          0x00000000c000bc78      0x38d core/main.32
                0x00000000c000bc78                hwTextMode_loadInData(VgaText*)
                0x00000000c000bcbd                hwTextMode_loadInTitle(VgaText*, char*)
                0x00000000c000bcff                hwTextMode_showCursor(VgaText*, bool)
                0x00000000c000bd53                hwTextMode_update(VgaText*)
                0x00000000c000bd54                hwTextMode_updateCursor(VgaText*)
                0x00000000c000bd9c                hwTextMode_disableBlink(VgaText*, bool)
                0x00000000c000bdd8                hwTextMode_scrollScreen(VgaText*)
                0x00000000c000be5e                hwTextMode_writeCharacter(VgaText*, char, VgaColour, VgaColour, int, int)
                0x00000000c000bebc                setupTextMode()
                0x00000000c000bf0d                kernel_main
 .text          0x00000000c000c005      0x45c core/physmgr.32
                0x00000000c000c005                Phys::allocateDMA(unsigned long)
                0x00000000c000c0a8                Phys::freeDMA(unsigned long, unsigned long)
                0x00000000c000c0f0                Phys::setPageState(unsigned long, bool)
                0x00000000c000c122                Phys::getPageState(unsigned long)
                0x00000000c000c13e                Phys::freePage(unsigned long)
                0x00000000c000c1c8                Phys::allocatePage()
                0x00000000c000c284                Phys::allowSegmentToBeUsed(unsigned long, unsigned long)
                0x00000000c000c2bc                Phys::physicalMemorySetup(unsigned int)
 *fill*         0x00000000c000c461        0x1 
 .text          0x00000000c000c462      0x273 core/pipe.32
                0x00000000c000c462                Pipe::isAtty()
                0x00000000c000c466                Pipe::~Pipe()
                0x00000000c000c466                Pipe::~Pipe()
                0x00000000c000c48a                Pipe::~Pipe()
                0x00000000c000c4b2                Pipe::read(unsigned long long, void*, int*)
                0x00000000c000c5a6                Pipe::write(unsigned long long, void*, int*)
                0x00000000c000c66e                Pipe::Pipe(int)
                0x00000000c000c66e                Pipe::Pipe(int)
 *fill*         0x00000000c000c6d5        0x1 
 .text          0x00000000c000c6d6      0xf65 core/terminal.32
                0x00000000c000c6d6                VgaText::isAtty()
                0x00000000c000c6da                VgaText::~VgaText()
                0x00000000c000c6da                VgaText::~VgaText()
                0x00000000c000c6fe                VgaText::~VgaText()
                0x00000000c000c728                VgaText::read(unsigned long long, void*, int*)
                0x00000000c000c748                setTerminalScrollLock(bool)
                0x00000000c000c749                addToTerminalCycle(VgaText*)
                0x00000000c000c776                installVgaTextImplementation()
                0x00000000c000c78b                scrollTerminalScrollLock(int)
                0x00000000c000c78c                VgaText::load()
                0x00000000c000c7e0                VgaText::updateCursor()
                0x00000000c000c7fa                VgaText::showCursor(bool)
                0x00000000c000c80a                VgaText::disableBlink(bool)
                0x00000000c000c844                VgaText::doANSI_SGR(int)
                0x00000000c000c8d0                VgaText::setDefaultBgColour(VgaColour)
                0x00000000c000c8e6                VgaText::setDefaultFgColour(VgaColour)
                0x00000000c000c8fc                VgaText::setDefaultColours(VgaColour, VgaColour)
                0x00000000c000c91c                VgaText::combineColours(unsigned char, unsigned char)
                0x00000000c000c92e                VgaText::scrollScreen()
                0x00000000c000c9c2                VgaText::combineCharAndColour(char, unsigned char)
                0x00000000c000c9d4                VgaText::writeCharacter(char, VgaColour, VgaColour, int, int)
                0x00000000c000ca34                VgaText::getCursorX()
                0x00000000c000ca40                VgaText::getCursorY()
                0x00000000c000ca4c                VgaText::setCursor(int, int)
                0x00000000c000ca6a                VgaText::setCursorX(int)
                0x00000000c000ca86                VgaText::setCursorY(int)
                0x00000000c000caa2                VgaText::incrementCursor(bool)
                0x00000000c000cb0a                VgaText::updateRAMUsageDisplay(int)
                0x00000000c000cb64                VgaText::updateDiskUsage()
                0x00000000c000ccca                VgaText::updateTitle()
                0x00000000c000cd10                VgaText::setTitleTextColour(VgaColour)
                0x00000000c000cd20                VgaText::setTitleColour(VgaColour)
                0x00000000c000cd30                VgaText::setTitle(char*)
                0x00000000c000cd56                VgaText::decrementCursor(bool)
                0x00000000c000cd7e                VgaText::putchar(char, VgaColour, VgaColour)
                0x00000000c000ce7a                VgaText::isShowingCursor()
                0x00000000c000ce86                VgaText::isBlinkDisabled()
                0x00000000c000ce94                VgaText::setCursorHeight(int)
                0x00000000c000ceb2                VgaText::getCursorHeight()
                0x00000000c000cebd                setActiveTerminal(VgaText*)
                0x00000000c000cf6f                doTerminalCycle()
                0x00000000c000cf8c                VgaText::doUpdate()
                0x00000000c000cf9e                VgaText::puts(char const*, VgaColour, VgaColour)
                0x00000000c000d15e                VgaText::clearScreen()
                0x00000000c000d1c2                VgaText::putchar(char)
                0x00000000c000d2dc                VgaText::puts(char const*)
                0x00000000c000d302                VgaText::putx(unsigned int)
                0x00000000c000d348                VgaText::VgaText(char const*)
                0x00000000c000d348                VgaText::VgaText(char const*)
                0x00000000c000d4da                VgaText::receiveKey(unsigned char)
                0x00000000c000d5c2                VgaText::write(unsigned long long, void*, int*)
                0x00000000c000d616                newTerminal(char*)
 *fill*         0x00000000c000d63b        0x1 
 .text          0x00000000c000d63c      0x18f core/tss.32
                0x00000000c000d63c                TSS::TSS()
                0x00000000c000d63c                TSS::TSS()
                0x00000000c000d64a                TSS::setESP(unsigned long)
                0x00000000c000d65c                TSS::flush()
                0x00000000c000d67c                TSS::setup(unsigned long, unsigned long)
 *fill*         0x00000000c000d7cb        0x1 
 .text          0x00000000c000d7cc      0x545 core/unixfile.32
                0x00000000c000d7cc                ReservedFilename::read(unsigned long long, void*, int*)
                0x00000000c000d862                ReservedFilename::isAtty()
                0x00000000c000d898                ReservedFilename::write(unsigned long long, void*, int*)
                0x00000000c000d932                UnixFile::getFileDescriptor()
                0x00000000c000d93a                UnixFile::UnixFile(int)
                0x00000000c000d93a                UnixFile::UnixFile(int)
                0x00000000c000daaa                ReservedFilename::ReservedFilename(int)
                0x00000000c000daaa                ReservedFilename::ReservedFilename(int)
                0x00000000c000dadc                UnixFile::~UnixFile()
                0x00000000c000dadc                UnixFile::~UnixFile()
                0x00000000c000db74                UnixFile::~UnixFile()
                0x00000000c000db9c                ReservedFilename::~ReservedFilename()
                0x00000000c000db9c                ReservedFilename::~ReservedFilename()
                0x00000000c000dbc0                ReservedFilename::~ReservedFilename()
                0x00000000c000dbe7                getFromFileDescriptor(int)
 *fill*         0x00000000c000dd11        0x1 
 .text          0x00000000c000dd12      0xe5f core/virtmgr.32
                0x00000000c000dd12                Virt::setPageState(unsigned long, Virt::VirtPageState)
                0x00000000c000dd47                Virt::getPageState(unsigned long)
                0x00000000c000dd6b                Virt::allocateKernelVirtualPages(int)
                0x00000000c000de7c                Virt::virtualMemorySetup()
                0x00000000c000defb                Virt::getAKernelVAS()
                0x00000000c000df01                Virt::setupPageSwapping(int)
                0x00000000c000e026                VAS::VAS()
                0x00000000c000e026                VAS::VAS()
                0x00000000c000e056                VAS::VAS(VAS*)
                0x00000000c000e056                VAS::VAS(VAS*)
                0x00000000c000e07a                VAS::getForeignPageTableEntry(bool, unsigned long)
                0x00000000c000e0a6                VAS::getPageTableEntry(unsigned long)
                0x00000000c000e0c5                Virt::freeKernelVirtualPages(unsigned long)
                0x00000000c000e1e8                VAS::freeAllocatedPages(unsigned long)
                0x00000000c000e20c                VAS::virtualToPhysical(unsigned long)
                0x00000000c000e224                VAS::mapOtherVASIn(bool, VAS*)
                0x00000000c000e25a                VAS::~VAS()
                0x00000000c000e25a                VAS::~VAS()
                0x00000000c000e3c6                VAS::mapPage(unsigned long, unsigned long, int)
                0x00000000c000e4c6                VAS::allocatePages(int, int)
                0x00000000c000e6a6                VAS::setCPUSpecific(unsigned long)
                0x00000000c000e6c2                VAS::mapRange(unsigned long, unsigned long, int, int)
                0x00000000c000e78c                VAS::mapForeignPage(bool, VAS*, unsigned long, unsigned long, int)
                0x00000000c000e87a                VAS::VAS(bool)
                0x00000000c000e87a                VAS::VAS(bool)
                0x00000000c000eaaa                mapVASFirstTime
 .text          0x00000000c000eb71       0x93 coreobjs/c++.32
                0x00000000c000eb71                __cxa_atexit
                0x00000000c000eb74                __cxa_finalize
                0x00000000c000eb75                __stack_chk_fail
                0x00000000c000ebd5                __cxa_pure_virtual
                0x00000000c000ebe6                operator new(unsigned long)
                0x00000000c000ebeb                operator new[](unsigned long)
                0x00000000c000ebf0                operator delete(void*)
                0x00000000c000ebf5                operator delete(void*, unsigned long)
                0x00000000c000ebfa                operator delete[](void*)
                0x00000000c000ebff                operator delete[](void*, unsigned long)
 .text          0x00000000c000ec04      0x1ef dbg/kconsole.32
                0x00000000c000ec04                Dbg::stringifyxWithBase(unsigned int, char*, int)
                0x00000000c000ec65                Dbg::logc(char)
                0x00000000c000ec7c                Dbg::logs(char*)
                0x00000000c000ec99                Dbg::logWriteInt(unsigned int)
                0x00000000c000ecb6                Dbg::logWriteIntBase(unsigned int, int)
                0x00000000c000ecd5                Dbg::kprintf(char const*, ...)
 *fill*         0x00000000c000edf3        0x1 
 .text          0x00000000c000edf4      0xb68 fs/vfs.32
                0x00000000c000edf4                File::read(unsigned long long, void*, int*)
                0x00000000c000ee4c                File::write(unsigned long long, void*, int*)
                0x00000000c000eea4                Directory::read(unsigned long long, void*, int*)
                0x00000000c000eefc                Directory::write(unsigned long long, void*, int*)
                0x00000000c000ef2a                File::isAtty()
                0x00000000c000ef2e                Directory::isAtty()
                0x00000000c000ef32                Filesystem::getlabel(LogicalDisk*, int, char*, unsigned int*)
                0x00000000c000ef38                Filesystem::setlabel(LogicalDisk*, int, char*)
                0x00000000c000ef3e                File::~File()
                0x00000000c000ef3e                File::~File()
                0x00000000c000ef62                File::~File()
                0x00000000c000ef8c                Directory::~Directory()
                0x00000000c000ef8c                Directory::~Directory()
                0x00000000c000efb0                Directory::~Directory()
                0x00000000c000efda                Filesystem::Filesystem()
                0x00000000c000efda                Filesystem::Filesystem()
                0x00000000c000effe                Filesystem::~Filesystem()
                0x00000000c000effe                Filesystem::~Filesystem()
                0x00000000c000f00c                Filesystem::~Filesystem()
                0x00000000c000f030                initVFS()
                0x00000000c000f05a                standardiseFiles(char*, char const*, char const*)
                0x00000000c000f204                File::File(char const*, Process*)
                0x00000000c000f204                File::File(char const*, Process*)
                0x00000000c000f268                File::open(FileOpenMode)
                0x00000000c000f2c6                File::close()
                0x00000000c000f326                File::seek(unsigned long long)
                0x00000000c000f37c                File::tell(unsigned long long*)
                0x00000000c000f3cc                File::rewind()
                0x00000000c000f3e0                File::unlink()
                0x00000000c000f42c                File::rename(char const*)
                0x00000000c000f47a                File::chfatattr(unsigned char, unsigned char)
                0x00000000c000f4d6                File::exists()
                0x00000000c000f514                File::stat(unsigned long long*, bool*)
                0x00000000c000f575                getcwd(Process*, char*, int)
                0x00000000c000f59f                setcwd(Process*, char*)
                0x00000000c000f6c6                Directory::Directory(char const*, Process*)
                0x00000000c000f6c6                Directory::Directory(char const*, Process*)
                0x00000000c000f72a                Directory::open()
                0x00000000c000f786                Directory::close()
                0x00000000c000f7e6                Directory::unlink()
                0x00000000c000f832                Directory::rename(char const*)
                0x00000000c000f880                Directory::exists()
                0x00000000c000f8be                Directory::read(dirent*)
                0x00000000c000f90a                Directory::create()
                0x00000000c000f956                Filesystem::chfatattr(char const*, unsigned char, unsigned char)
 .text          0x00000000c000f95c       0x84 hal/bus.32
                0x00000000c000f95c                Bus::Bus(char const*)
                0x00000000c000f95c                Bus::Bus(char const*)
                0x00000000c000f992                Bus::~Bus()
                0x00000000c000f992                Bus::~Bus()
                0x00000000c000f9b6                Bus::~Bus()
 .text          0x00000000c000f9e0      0x14e hal/buzzer.32
                0x00000000c000f9e0                Buzzer::Buzzer(char const*)
                0x00000000c000f9e0                Buzzer::Buzzer(char const*)
                0x00000000c000fa24                Buzzer::~Buzzer()
                0x00000000c000fa24                Buzzer::~Buzzer()
                0x00000000c000fa48                Buzzer::~Buzzer()
                0x00000000c000fa72                Buzzer::stop()
                0x00000000c000fa85                beepThread(void*)
                0x00000000c000fac0                Buzzer::beep(int, int, bool)
 .text          0x00000000c000fb2e      0x42f hal/clock.32
                0x00000000c000fb2e                loadClockSettings()
                0x00000000c000fb48                Clock::Clock(char const*)
                0x00000000c000fb48                Clock::Clock(char const*)
                0x00000000c000fb7e                Clock::~Clock()
                0x00000000c000fb7e                Clock::~Clock()
                0x00000000c000fba2                Clock::~Clock()
                0x00000000c000fbcc                Clock::timeInSecondsLocal()
                0x00000000c000fc14                Clock::setTimeInSecondsLocal(unsigned long long)
                0x00000000c000fc6d                datetimeToSeconds(datetime_t)
                0x00000000c000fd94                Clock::setTimeInDatetimeLocal(datetime_t)
                0x00000000c000fdf4                secondsToDatetime(unsigned long long)
                0x00000000c000ff38                Clock::timeInDatetimeLocal()
 *fill*         0x00000000c000ff5d        0x1 
 .text          0x00000000c000ff5e      0x504 hal/device.32
                0x00000000c000ff5e                Device::hibernate()
                0x00000000c000ff60                Device::wake()
                0x00000000c000ff62                Device::detect()
                0x00000000c000ff64                Device::disableLegacy()
                0x00000000c000ff66                Device::powerSaving(PowerSavingLevel)
                0x00000000c000ff68                DriverlessDevice::close(int, int, void*)
                0x00000000c000ff6c                DriverlessDevice::detect()
                0x00000000c000ff6e                DriverlessDevice::open(int, int, void*)
                0x00000000c000ff82                Device::~Device()
                0x00000000c000ff82                Device::~Device()
                0x00000000c000ff90                Device::~Device()
                0x00000000c000ffb8                Device::findAndLoadDriver()
                0x00000000c000ffba                Device::preOpenPCI(PCIDeviceInfo)
                0x00000000c000ffe0                Device::preOpenACPI(void*, char*, char*)
                0x00000000c0010034                Device::addIRQHandler(int, void (*)(regs*, void*), bool, void*)
                0x00000000c0010092                Device::removeIRQHandler(int, void (*)(regs*, void*), bool)
                0x00000000c00100e0                Device::addChild(Device*)
                0x00000000c0010124                Device::removeAllChildren()
                0x00000000c001016a                Device::hibernateAll()
                0x00000000c001019a                Device::wakeAll()
                0x00000000c00101ca                Device::detectAll()
                0x00000000c00101fa                Device::disableLegacyAll()
                0x00000000c001022a                Device::loadDriversForAll()
                0x00000000c0010256                Device::closeAll()
                0x00000000c001028c                Device::powerSavingAll(PowerSavingLevel)
                0x00000000c00102c2                Device::setName(char const*)
                0x00000000c00102d0                Device::Device(char const*)
                0x00000000c00102d0                Device::Device(char const*)
                0x00000000c00103c2                Device::getName()
                0x00000000c00103cc                DriverlessDevice::DriverlessDevice(char const*)
                0x00000000c00103cc                DriverlessDevice::DriverlessDevice(char const*)
                0x00000000c00103f4                Device::addToLinkedList(LinkedList<Device>&, DeviceType)
                0x00000000c0010438                getDevicesOfType(DeviceType)
 .text          0x00000000c0010462       0x84 hal/diskctrl.32
                0x00000000c0010462                HardDiskController::HardDiskController(char const*)
                0x00000000c0010462                HardDiskController::HardDiskController(char const*)
                0x00000000c0010498                HardDiskController::~HardDiskController()
                0x00000000c0010498                HardDiskController::~HardDiskController()
                0x00000000c00104bc                HardDiskController::~HardDiskController()
 .text          0x00000000c00104e6       0xde hal/diskphys.32
                0x00000000c00104e6                PhysicalDisk::PhysicalDisk(char const*, int)
                0x00000000c00104e6                PhysicalDisk::PhysicalDisk(char const*, int)
                0x00000000c001054e                PhysicalDisk::startCache()
                0x00000000c0010576                PhysicalDisk::~PhysicalDisk()
                0x00000000c0010576                PhysicalDisk::~PhysicalDisk()
                0x00000000c001059a                PhysicalDisk::~PhysicalDisk()
 .text          0x00000000c00105c4      0x142 hal/fpu.32
                0x00000000c00105c4                FPU::FPU(char const*)
                0x00000000c00105c4                FPU::FPU(char const*)
                0x00000000c00105fa                FPU::~FPU()
                0x00000000c00105fa                FPU::~FPU()
                0x00000000c001061e                FPU::~FPU()
                0x00000000c0010648                setupFPU()
 .text          0x00000000c0010706      0xc21 hal/intctrl.32
                0x00000000c0010706                InterruptController::uninstallISRHandler(int, void (*)(regs*, void*))
                0x00000000c001073e                InterruptController::installISRHandler(int, void (*)(regs*, void*), void*)
                0x00000000c0010790                doubleFault(regs*, void*)
                0x00000000c001079e                InterruptController::installIRQHandler(int, void (*)(regs*, void*), bool, void*)
                0x00000000c001083a                InterruptController::clearAllHandlers(int, bool)
                0x00000000c00108e2                InterruptController::uninstallIRQHandler(int, void (*)(regs*, void*), bool)
                0x00000000c0010969                nmiHandler(regs*, void*)
                0x00000000c0010977                int_handler
                0x00000000c0010a12                InterruptController::InterruptController(char const*)
                0x00000000c0010a12                InterruptController::InterruptController(char const*)
                0x00000000c0010ab8                InterruptController::~InterruptController()
                0x00000000c0010ab8                InterruptController::~InterruptController()
                0x00000000c0010adc                InterruptController::~InterruptController()
                0x00000000c0010b06                displayDebugInfo(regs*)
                0x00000000c0010f1d                x87EmulHandler(regs*, void*)
                0x00000000c0010f80                gpFault(regs*, void*)
                0x00000000c0010fb9                pgFault(regs*, void*)
                0x00000000c0010fd0                otherISRHandler(regs*, void*)
                0x00000000c0010fef                opcodeFault(regs*, void*)
                0x00000000c0011059                displayProgramFault(char const*)
                0x00000000c0011082                InterruptController::convertLegacyIRQNumber(int)
                0x00000000c00110cc                setupInterruptController()
 *fill*         0x00000000c0011327        0x1 
 .text          0x00000000c0011328      0x608 hal/keybrd.32
                0x00000000c0011328                startGUI(void*)
                0x00000000c001139a                sendKeyToTerminal(unsigned char)
                0x00000000c0011406                sendKeyboardToken(KeyboardToken)
                0x00000000c00117e1                clearInternalKeybuffer(VgaText*)
                0x00000000c0011816                readKeyboard(VgaText*, char*, unsigned long)
                0x00000000c00118a6                Keyboard::Keyboard(char const*)
                0x00000000c00118a6                Keyboard::Keyboard(char const*)
                0x00000000c00118e2                Keyboard::~Keyboard()
                0x00000000c00118e2                Keyboard::~Keyboard()
                0x00000000c0011906                Keyboard::~Keyboard()
 .text          0x00000000c0011930      0x400 hal/logidisk.32
                0x00000000c0011930                LogicalDisk::close(int, int, void*)
                0x00000000c0011934                LogicalDisk::~LogicalDisk()
                0x00000000c0011934                LogicalDisk::~LogicalDisk()
                0x00000000c0011958                LogicalDisk::~LogicalDisk()
                0x00000000c0011982                LogicalDisk::open(int, int, void*)
                0x00000000c0011996                LogicalDisk::absoluteToRelative(unsigned long long)
                0x00000000c00119ce                LogicalDisk::relativeToAbsolute(unsigned long long)
                0x00000000c0011a14                LogicalDisk::LogicalDisk(char const*, PhysicalDisk*, unsigned long long, unsigned long long)
                0x00000000c0011a14                LogicalDisk::LogicalDisk(char const*, PhysicalDisk*, unsigned long long, unsigned long long)
                0x00000000c0011aca                LogicalDisk::assignDriveLetter()
                0x00000000c0011b80                LogicalDisk::mount()
                0x00000000c0011bf2                LogicalDisk::unmount()
                0x00000000c0011c02                LogicalDisk::unassignDriveLetter()
                0x00000000c0011c58                LogicalDisk::read(unsigned long long, int, void*)
                0x00000000c0011cc4                LogicalDisk::write(unsigned long long, int, void*)
 .text          0x00000000c0011d30       0x84 hal/mouse.32
                0x00000000c0011d30                Mouse::Mouse(char const*)
                0x00000000c0011d30                Mouse::Mouse(char const*)
                0x00000000c0011d66                Mouse::~Mouse()
                0x00000000c0011d66                Mouse::~Mouse()
                0x00000000c0011d8a                Mouse::~Mouse()
 .text          0x00000000c0011db4      0x339 hal/partition.32
                0x00000000c0011db4                makePartition(PhysicalDisk*, unsigned long long, unsigned long long)
                0x00000000c0011e5c                createPartitionsForDisk(PhysicalDisk*)
 *fill*         0x00000000c00120ed        0x1 
 .text          0x00000000c00120ee      0x2e7 hal/timer.32
                0x00000000c00120ee                Timer::Timer(char const*)
                0x00000000c00120ee                Timer::Timer(char const*)
                0x00000000c0012124                Timer::~Timer()
                0x00000000c0012124                Timer::~Timer()
                0x00000000c0012148                Timer::~Timer()
                0x00000000c0012172                Timer::read()
                0x00000000c001217d                timerHandler(unsigned long long)
                0x00000000c00122b4                setupTimer(int)
 *fill*         0x00000000c00123d5        0x1 
 .text          0x00000000c00123d6      0x2d1 hal/vcache.32
                0x00000000c00123d6                VCache::VCache(PhysicalDisk*)
                0x00000000c00123d6                VCache::VCache(PhysicalDisk*)
                0x00000000c00124c6                VCache::writeWriteBuffer()
                0x00000000c0012502                VCache::~VCache()
                0x00000000c0012502                VCache::~VCache()
                0x00000000c0012542                VCache::~VCache()
                0x00000000c001256a                VCache::write(unsigned long long, int, void*)
                0x00000000c001264e                VCache::read(unsigned long long, int, void*)
 *fill*         0x00000000c00126a7        0x1 
 .text          0x00000000c00126a8      0x26d hal/video.32
                0x00000000c00126a8                Video::putrect(int, int, int, int, unsigned int)
                0x00000000c00126f2                Video::blit(unsigned int*, int, int, int, int)
                0x00000000c0012770                Video::clearScreen(unsigned int)
                0x00000000c00127a4                Video::putpixel(int, int, unsigned int)
                0x00000000c00127b2                Video::Video(char const*)
                0x00000000c00127b2                Video::Video(char const*)
                0x00000000c00127e8                Video::~Video()
                0x00000000c00127e8                Video::~Video()
                0x00000000c001280c                Video::~Video()
                0x00000000c0012836                Video::isMonochrome()
                0x00000000c0012842                Video::getWidth()
                0x00000000c001284e                Video::getHeight()
                0x00000000c001285a                Video::drawCursor(int, int, unsigned char*, int)
 *fill*         0x00000000c0012915        0x1 
 .text          0x00000000c0012916      0xd28 hw/acpi.32
                0x00000000c0012916                ACPI::close(int, int, void*)
                0x00000000c00129cb                findRSDP()
                0x00000000c0012a55                loadACPITables(unsigned char*)
                0x00000000c0012c7c                findRSDT(unsigned char*)
                0x00000000c0012d9a                findDataTable(unsigned char*, char*)
                0x00000000c0012e36                scanMADT()
                0x00000000c00131ca                ACPI::ACPI()
                0x00000000c00131ca                ACPI::ACPI()
                0x00000000c001322a                ACPI::getPCIIRQAssignment(unsigned char, unsigned short, unsigned char)
                0x00000000c001330c                ACPI::registerPCIIRQAssignment(void*, unsigned short, unsigned char, unsigned char)
                0x00000000c0013412                ACPI::setScreenBrightnessLevel(void*, int)
                0x00000000c0013418                ACPI::writeSimpleBootFlag(SimpleBootFlagTable*)
                0x00000000c0013460                ACPI::open(int, int, void*)
                0x00000000c0013626                ACPI::sleep()
 .text          0x00000000c001363e     0x132c hw/cpu.32
                0x00000000c001363e                CPU::close(int, int, void*)
                0x00000000c0013641                lookupAMDCPUName(unsigned char, unsigned char)
                0x00000000c00137d5                lookupIntelCPUName(unsigned char, unsigned char)
                0x00000000c0013a83                AMD_K6_write_msr(unsigned int, unsigned int, unsigned int, REGS*)
                0x00000000c0013a9f                AMD_K6_read_msr(unsigned int, REGS*)
                0x00000000c0013ab7                AMD_K6_writeback(int, int, int)
                0x00000000c0013b2a                cpuid(int, unsigned long*, unsigned long*, unsigned long*, unsigned long*)
                0x00000000c0013bad                cpuidCheckEDX(unsigned int)
                0x00000000c0013bda                cpuidCheckECX(unsigned int)
                0x00000000c0013c07                cpuidCheckExtendedEBX(unsigned int)
                0x00000000c0013c34                cpuidCheckExtendedECX(unsigned int)
                0x00000000c0013c61                getCPUNumber()
                0x00000000c0013c64                thisCPU()
                0x00000000c0013c78                CPU::CPU()
                0x00000000c0013c78                CPU::CPU()
                0x00000000c0013d06                CPU::displayFeatures()
                0x00000000c0013d08                CPU::detectFeatures()
                0x00000000c00146fa                CPU::setupSMEP()
                0x00000000c0014714                CPU::setupUMIP()
                0x00000000c001472c                CPU::setupTSC()
                0x00000000c0014744                CPU::setupLargePages()
                0x00000000c001475c                CPU::setupPAT()
                0x00000000c0014798                CPU::setupMTRR()
                0x00000000c001479a                CPU::setupGlobalPages()
                0x00000000c00147b0                CPU::allowUsermodeDataAccess()
                0x00000000c00147c2                CPU::prohibitUsermodeDataAccess()
                0x00000000c00147d4                CPU::setupSMAP()
                0x00000000c00147fa                CPU::setupFeatures()
                0x00000000c001489c                CPU::open(int, int, void*)
 .text          0x00000000c001496a        0x0 hw/ports.32
 .text          0x00000000c001496a      0x32c krnl/panic.32
                0x00000000c001496a                Krnl::panic(char const*)
 .text          0x00000000c0014c96      0x503 reg/registry.32
                0x00000000c0014c96                Reg::findLineFromLoadedData(char*, char*, char*)
                0x00000000c0014dee                Reg::getLineFromRegistry(char*, char*, char*, char*)
                0x00000000c0014f4d                Reg::getLine(char*, char*, char*)
                0x00000000c0014f84                Reg::readInt(char*, char*, int*)
                0x00000000c001506f                Reg::readString(char*, char*, char*, int)
                0x00000000c00150f0                Reg::readBool(char*, char*, bool*)
                0x00000000c0015115                Reg::readBoolWithDefault(char*, char*, bool)
                0x00000000c0015141                Reg::readIntWithDefault(char*, char*, int)
                0x00000000c001516d                Reg::readStringWithDefault(char*, char*, char*, int, char*)
 .text          0x00000000c0015199       0x18 sys/sc_exit.32
                0x00000000c0015199                Sys::exit(regs*)
 .text          0x00000000c00151b1       0x95 sys/sc_loaddll.32
                0x00000000c00151b1                Sys::loadDLL(regs*)
 .text          0x00000000c0015246       0x68 sys/sc_read.32
                0x00000000c0015246                Sys::read(regs*)
 .text          0x00000000c00152ae       0x74 sys/sc_sbrk.32
                0x00000000c00152ae                Sys::sbrk(regs*)
 .text          0x00000000c0015322       0x83 sys/sc_write.32
                0x00000000c0015322                Sys::write(regs*)
 .text          0x00000000c00153a5       0x1a sys/sc_yield.32
                0x00000000c00153a5                Sys::yield(regs*)
 .text          0x00000000c00153bf      0xfb1 sys/syscalls.32
                0x00000000c00153bf                sysCallGetPID(regs*)
                0x00000000c00153cb                sysCallSeekDir(regs*)
                0x00000000c00153d0                sysCallTellDir(regs*)
                0x00000000c00153d5                sysCallVerify(regs*)
                0x00000000c00153df                sysCallFork(regs*)
                0x00000000c00153ea                sysCallExecve(regs*)
                0x00000000c00153f5                sysCallGetArgc(regs*)
                0x00000000c0015405                sysFormatDisk(regs*)
                0x00000000c001546f                sysSetDiskVolumeLabel(regs*)
                0x00000000c00154b5                sysGetDiskVolumeLabel(regs*)
                0x00000000c0015506                sysShutdown(regs*)
                0x00000000c0015564                sysCallGetCwd(regs*)
                0x00000000c0015583                sysCallSetCwd(regs*)
                0x00000000c001559f                sysCallRealpath(regs*)
                0x00000000c00155e2                sysCallReadDir(regs*)
                0x00000000c0015670                sysCallIsATTY(regs*)
                0x00000000c00156ca                sysCallSeek(regs*)
                0x00000000c0015733                sysCallTell(regs*)
                0x00000000c00157b0                sysCallSizeFromFilename(regs*)
                0x00000000c0015861                sysCallSize(regs*)
                0x00000000c00158e4                sysCallClose(regs*)
                0x00000000c001596c                sysCallOpenDir(regs*)
                0x00000000c00159d9                sysCallMakeDir(regs*)
                0x00000000c0015a32                sysCallCloseDir(regs*)
                0x00000000c0015a98                sysCallWait(regs*)
                0x00000000c0015ab2                sysCallRmdir(regs*)
                0x00000000c0015b04                sysCallUnlink(regs*)
                0x00000000c0015b56                sysCallGetArgv(regs*)
                0x00000000c0015ba2                sysCallTTYName(regs*)
                0x00000000c0015c25                sysCallGetEnv(regs*)
                0x00000000c0015c89                sysCallUSleep(regs*)
                0x00000000c0015cb0                sysCallSpawn(regs*)
                0x00000000c0015d08                sysAppSettings(regs*)
                0x00000000c0015e27                sysSetFatAttrib(regs*)
                0x00000000c0015e87                sysPanic(regs*)
                0x00000000c0015ead                sysPipe(regs*)
                0x00000000c0015ef2                sysGetUnixTime(regs*)
                0x00000000c0015f06                string_ends_with(char const*, char const*)
                0x00000000c0015f4e                sysCallOpen(regs*)
                0x00000000c001615b                setupSystemCalls()
                0x00000000c0016314                systemCall(regs*, void*)
 .text          0x00000000c0016370     0x1137 thr/elf.32
                0x00000000c0016370                Thr::allocateMemoryForTask(Process*, File*, unsigned long, unsigned long, unsigned long)
                0x00000000c00165ed                Thr::loadProgramIntoMemory(Process*, char const*)
                0x00000000c0016803                Thr::runtimeReferenceHelper()
                0x00000000c0016816                Thr::getAddressOfKernelSymbol(char const*)
                0x00000000c0016865                Thr::loadKernelSymbolTable(char const*)
                0x00000000c0016b26                Thr::loadDriverIntoMemory(char const*, unsigned long, bool)
                0x00000000c00172a7                Thr::getDriverBaseFromAddress(unsigned long)
                0x00000000c00172d9                Thr::getDriverNameFromAddress(unsigned long)
                0x00000000c0017310                Thr::getDriverOffsetFromAddress(unsigned long)
                0x00000000c001732a                Thr::loadDLL(char const*, bool)
                0x00000000c001747d                Thr::executeDLL(unsigned long, void*)
 *fill*         0x00000000c00174a7        0x1 
 .text          0x00000000c00174a8      0xfce thr/prcssthr.32
                0x00000000c00174a8                changeTSS
                0x00000000c00174d6                Process::addArgs(char**)
                0x00000000c0017530                Process::Process(char const*, Process*, char**)
                0x00000000c0017530                Process::Process(char const*, Process*, char**)
                0x00000000c00176e8                Process::Process(bool, char const*, Process*, char**)
                0x00000000c00176e8                Process::Process(bool, char const*, Process*, char**)
                0x00000000c001786b                disableIRQs()
                0x00000000c0017873                getIRQNestingLevel()
                0x00000000c0017879                enableIRQs()
                0x00000000c0017888                lockScheduler()
                0x00000000c001788a                unlockScheduler()
                0x00000000c001788c                userModeEntryPoint(void*)
                0x00000000c00178af                lockStuff()
                0x00000000c00178bb                taskStartupFunction
                0x00000000c00178c4                updateTimeUsed()
                0x00000000c0017922                switchToThread(ThreadControlBlock*)
                0x00000000c0017972                Semaphore::Semaphore(int)
                0x00000000c0017972                Semaphore::Semaphore(int)
                0x00000000c00179a0                Mutex::Mutex()
                0x00000000c00179a0                Mutex::Mutex()
                0x00000000c00179b2                Process::createThread(void (*)(void*), void*, int)
                0x00000000c0017a96                Process::createUserThread()
                0x00000000c0017ab2                setupMultitasking(void (*)())
                0x00000000c0017bbc                schedule()
                0x00000000c0017c41                unlockStuff()
                0x00000000c0017c76                Semaphore::tryAcquire()
                0x00000000c0017ca4                Semaphore::assertLocked(char const*)
                0x00000000c0017cd4                blockTaskWithSchedulerLockAlreadyHeld(TaskState)
                0x00000000c0017d16                blockTask(TaskState)
                0x00000000c0017d37                waitTask(int, int*, int)
                0x00000000c0017d79                nanoSleepUntil(unsigned long long)
                0x00000000c0017dd0                nanoSleep(unsigned long long)
                0x00000000c0017de5                sleep(unsigned long long)
                0x00000000c0017e02                Semaphore::acquire()
                0x00000000c0017e6a                taskReturned
                0x00000000c0017e98                unblockTask(ThreadControlBlock*)
                0x00000000c0017f47                cleanupTerminatedTask(ThreadControlBlock*)
                0x00000000c00181eb                cleanerTaskFunction(void*)
                0x00000000c001829e                terminateTask(int)
                0x00000000c001837e                Thr::terminateFromIRQ(int)
                0x00000000c001838a                Semaphore::release()
 .text          0x00000000c0018476      0x8bf vm86/vm8086.32
                0x00000000c0018476                Vm::vm8086EntryPoint(void*)
                0x00000000c00184a1                Vm::inbv(unsigned short)
                0x00000000c00184a7                Vm::outbv(unsigned short, unsigned char)
                0x00000000c00184b1                Vm::realToLinear(unsigned short, unsigned short)
                0x00000000c00184c1                Vm::getSegment(unsigned int)
                0x00000000c00184c9                Vm::getOffset(unsigned int)
                0x00000000c00184ce                Vm::loadFileAsThread(Process*, char const*, unsigned short, unsigned short, unsigned short, unsigned short)
                0x00000000c00185fd                Vm::doISR(regs*, int, unsigned char*, unsigned short, unsigned short)
                0x00000000c0018687                Vm::readByteFromReal(unsigned short, unsigned short)
                0x00000000c0018698                Vm::readWordFromReal(unsigned short, unsigned short)
                0x00000000c00186aa                Vm::readDwordFromReal(unsigned short, unsigned short)
                0x00000000c00186bb                Vm::writeByteFromReal(unsigned short, unsigned short, unsigned char)
                0x00000000c00186d0                Vm::writeWordFromReal(unsigned short, unsigned short, unsigned short)
                0x00000000c00186e6                Vm::writeDwordFromReal(unsigned short, unsigned short, unsigned int)
                0x00000000c00186fb                Vm::faultHandler(regs*)
 *fill*         0x00000000c0018d35        0x1 
 .text          0x00000000c0018d36     0x10ed fs/fat/vfslink.32
                0x00000000c0018d36                FAT::getName()
                0x00000000c0018d3c                FAT::tell(void*, unsigned long long*)
                0x00000000c0018d70                FAT::stat(void*, unsigned long long*)
                0x00000000c0018da4                FAT::~FAT()
                0x00000000c0018da4                FAT::~FAT()
                0x00000000c0018dc8                FAT::~FAT()
                0x00000000c0018df0                FAT::getlabel(LogicalDisk*, int, char*, unsigned int*)
                0x00000000c0018e8e                FAT::setlabel(LogicalDisk*, int, char*)
                0x00000000c0018f48                FAT::format(LogicalDisk*, int, char const*, int)
                0x00000000c001912c                FAT::tryMount(LogicalDisk*, int)
                0x00000000c0019332                FAT::readDir(void*, unsigned long, void*, int*)
                0x00000000c0019438                FAT::read(void*, unsigned long, void*, int*)
                0x00000000c0019492                FAT::write(void*, unsigned long, void*, int*)
                0x00000000c00194ec                FAT::close(void*)
                0x00000000c0019538                FAT::closeDir(void*)
                0x00000000c0019584                FAT::seek(void*, unsigned long long)
                0x00000000c00195d8                fatWrapperReadDisk
                0x00000000c001961f                fatWrapperWriteDisk
                0x00000000c0019666                fatWrapperIoctl
                0x00000000c001976a                FAT::FAT()
                0x00000000c001976a                FAT::FAT()
                0x00000000c00197bc                FAT::fixFilepath(char*)
                0x00000000c00197f4                FAT::open(char const*, void**, FileOpenMode)
                0x00000000c001991c                FAT::openDir(char const*, void**)
                0x00000000c00199c2                FAT::stat(char const*, unsigned long long*, bool*)
                0x00000000c0019aac                FAT::unlink(char const*)
                0x00000000c0019b26                FAT::chfatattr(char const*, unsigned char, unsigned char)
                0x00000000c0019c7a                FAT::rename(char const*, char const*)
                0x00000000c0019d3e                FAT::mkdir(char const*)
                0x00000000c0019db8                FAT::exists(char const*)
 *fill*         0x00000000c0019e23        0x1 
 .text          0x00000000c0019e24      0xbdf fs/iso9660/vfslink.32
                0x00000000c0019e24                ISO9660::format(LogicalDisk*, int, char const*, int)
                0x00000000c0019e2a                ISO9660::seek(void*, unsigned long long)
                0x00000000c0019e5a                ISO9660::tell(void*, unsigned long long*)
                0x00000000c0019e7e                ISO9660::getName()
                0x00000000c0019e84                ISO9660::stat(void*, unsigned long long*)
                0x00000000c0019ea8                ISO9660::chfatattr(char const*, unsigned char, unsigned char)
                0x00000000c0019eae                ISO9660::unlink(char const*)
                0x00000000c0019eb4                ISO9660::write(void*, unsigned long, void*, int*)
                0x00000000c0019eba                ISO9660::rename(char const*, char const*)
                0x00000000c0019ec0                ISO9660::mkdir(char const*)
                0x00000000c0019ec6                ISO9660::close(void*)
                0x00000000c0019ee8                ISO9660::closeDir(void*)
                0x00000000c0019f0a                ISO9660::~ISO9660()
                0x00000000c0019f0a                ISO9660::~ISO9660()
                0x00000000c0019f2e                ISO9660::~ISO9660()
                0x00000000c0019f55                __memmem(unsigned char*, int, unsigned char*, int)
                0x00000000c0019f97                readSectorFromCDROM(unsigned int, unsigned char*, char)
                0x00000000c0019ffe                ISO9660::tryMount(LogicalDisk*, int)
                0x00000000c001a04e                ISO9660::read(void*, unsigned long, void*, int*)
                0x00000000c001a292                ISO9660::readDir(void*, unsigned long, void*, int*)
                0x00000000c001a51f                readRoot(unsigned int*, unsigned int*, char)
                0x00000000c001a574                readRecursively(char*, unsigned int, unsigned int, unsigned int*, unsigned int*, char, int*)
                0x00000000c001a747                getFileData(char*, unsigned int*, unsigned int*, char, int*)
                0x00000000c001a7d6                ISO9660::open(char const*, void**, FileOpenMode)
                0x00000000c001a870                ISO9660::exists(char const*)
                0x00000000c001a894                ISO9660::stat(char const*, unsigned long long*, bool*)
                0x00000000c001a928                ISO9660::openDir(char const*, void**)
                0x00000000c001a9e0                ISO9660::ISO9660()
                0x00000000c001a9e0                ISO9660::ISO9660()
 *fill*         0x00000000c001aa03        0x1 
 .text          0x00000000c001aa04      0x244 hal/sound/sndchannel.32
                0x00000000c001aa04                SoundChannel::~SoundChannel()
                0x00000000c001aa04                SoundChannel::~SoundChannel()
                0x00000000c001aa20                SoundChannel::setSpeed(float)
                0x00000000c001aa2c                SoundChannel::getSpeed()
                0x00000000c001aa34                SoundChannel::setVolume(int)
                0x00000000c001aa50                SoundChannel::getVolume()
                0x00000000c001aa58                SoundChannel::pause()
                0x00000000c001aa62                SoundChannel::SoundChannel(int, int, int, int)
                0x00000000c001aa62                SoundChannel::SoundChannel(int, int, int, int)
                0x00000000c001ab58                SoundChannel::play()
                0x00000000c001ab62                SoundChannel::paused()
                0x00000000c001ab6a                SoundChannel::getSampleRate()
                0x00000000c001ab72                SoundChannel::getBits()
                0x00000000c001ab7a                SoundChannel::getBufferUsed()
                0x00000000c001ab82                SoundChannel::getBufferSize()
                0x00000000c001ab8a                SoundChannel::unbuffer(float*, int, int)
                0x00000000c001abfc                SoundChannel::buffer8(unsigned char*, int)
 .text          0x00000000c001ac48      0x317 hal/sound/sndhw.32
                0x00000000c001ac48                SoundDevice::SoundDevice(char const*)
                0x00000000c001ac48                SoundDevice::SoundDevice(char const*)
                0x00000000c001acb4                SoundDevice::~SoundDevice()
                0x00000000c001acb4                SoundDevice::~SoundDevice()
                0x00000000c001ad2e                SoundDevice::~SoundDevice()
                0x00000000c001ad58                SoundDevice::getFreeChannelNum()
                0x00000000c001ad72                SoundDevice::addChannel(SoundChannel*)
                0x00000000c001ade2                SoundDevice::removeChannel(int)
                0x00000000c001ae14                SoundDevice::floatTo8(float*, unsigned char*, int)
                0x00000000c001ae80                SoundDevice::getAudio(int, float*, float*)
 .text          0x00000000c001af5f        0x0 hw/bus/isa.32
 *fill*         0x00000000c001af5f        0x1 
 .text          0x00000000c001af60      0x6e5 hw/bus/pci.32
                0x00000000c001af60                PCI::open(int, int, void*)
                0x00000000c001af74                PCI::close(int, int, void*)
                0x00000000c001af78                PCI::PCI()
                0x00000000c001af78                PCI::PCI()
                0x00000000c001aff8                PCI::pciReadWord(unsigned char, unsigned char, unsigned char, unsigned char)
                0x00000000c001b040                PCI::getVendorID(unsigned char, unsigned char, unsigned char)
                0x00000000c001b062                PCI::getHeaderType(unsigned char, unsigned char, unsigned char)
                0x00000000c001b086                PCI::getClassCode(unsigned char, unsigned char, unsigned char)
                0x00000000c001b0ca                PCI::getProgIF(unsigned char, unsigned char, unsigned char)
                0x00000000c001b0ee                PCI::getRevisionID(unsigned char, unsigned char, unsigned char)
                0x00000000c001b110                PCI::getInterruptNumber(unsigned char, unsigned char, unsigned char)
                0x00000000c001b132                PCI::getSecondaryBus(unsigned char, unsigned char, unsigned char)
                0x00000000c001b156                PCI::getBARAddress(unsigned char, unsigned char, unsigned char, unsigned char)
                0x00000000c001b1b6                PCI::pciWriteWord(unsigned char, unsigned char, unsigned char, unsigned char, unsigned short)
                0x00000000c001b222                PCI::checkBus(unsigned char)
                0x00000000c001b246                PCI::foundDevice(PCIDeviceInfo)
                0x00000000c001b3b6                PCI::getDeviceData(unsigned char, unsigned char, unsigned char)
                0x00000000c001b586                PCI::checkDevice(unsigned char, unsigned char)
                0x00000000c001b5f2                PCI::detect()
 *fill*         0x00000000c001b645        0x1 
 .text          0x00000000c001b646      0xc70 hw/diskctrl/ide.32
                0x00000000c001b646                IDE::close(int, int, void*)
                0x00000000c001b64a                IDE::IDE()
                0x00000000c001b64a                IDE::IDE()
                0x00000000c001b67e                IDE::prepareInterrupt(unsigned char)
                0x00000000c001b690                selectDrive(unsigned char, unsigned char)
                0x00000000c001b692                IDE::getBase(unsigned char)
                0x00000000c001b6a4                IDE::write(unsigned char, unsigned char, unsigned char)
                0x00000000c001b764                IDE::read(unsigned char, unsigned char)
                0x00000000c001b812                IDE::waitInterrupt(unsigned char)
                0x00000000c001b878                ideChannel0IRQHandler(regs*, void*)
                0x00000000c001b894                ideChannel1IRQHandler(regs*, void*)
                0x00000000c001b8b0                IDE::enableIRQs(unsigned char, bool)
                0x00000000c001b8f6                IDE::open(int, int, void*)
                0x00000000c001bd06                IDE::readBuffer(unsigned char, unsigned char, unsigned int, unsigned int)
                0x00000000c001bdd2                IDE::detect()
                0x00000000c001c0ba                IDE::printError(unsigned char, unsigned char, unsigned char)
                0x00000000c001c250                IDE::polling(unsigned char, unsigned int)
 .text          0x00000000c001c2b6      0x62b hw/diskphys/ata.32
                0x00000000c001c2b6                ATA::close(int, int, void*)
                0x00000000c001c2da                ATA::powerSaving(PowerSavingLevel)
                0x00000000c001c2dc                ATA::ATA()
                0x00000000c001c2dc                ATA::ATA()
                0x00000000c001c30a                ATA::flush(bool)
                0x00000000c001c354                ATA::readyForCommand()
                0x00000000c001c3a4                ATA::access(unsigned long long, int, void*, bool)
                0x00000000c001c722                ATA::read(unsigned long long, int, void*)
                0x00000000c001c78a                ATA::write(unsigned long long, int, void*)
                0x00000000c001c7f2                ATA::detectCHS()
                0x00000000c001c81c                ATA::open(int, int, void*)
 *fill*         0x00000000c001c8e1        0x1 
 .text          0x00000000c001c8e2      0x5b3 hw/diskphys/atapi.32
                0x00000000c001c8e2                ATAPI::write(unsigned long long, int, void*)
                0x00000000c001c8e8                ATAPI::close(int, int, void*)
                0x00000000c001c90c                ATAPI::ATAPI()
                0x00000000c001c90c                ATAPI::ATAPI()
                0x00000000c001c93a                ATAPI::readyForCommand()
                0x00000000c001c98a                ATAPI::sendPacket(unsigned char*, int, bool, unsigned short*, int)
                0x00000000c001cc4a                ATAPI::diskRemoved()
                0x00000000c001cc66                ATAPI::eject()
                0x00000000c001ccac                ATAPI::diskInserted()
                0x00000000c001ccda                ATAPI::detectMedia()
                0x00000000c001cd96                ATAPI::open(int, int, void*)
                0x00000000c001ce16                ATAPI::read(unsigned long long, int, void*)
 *fill*         0x00000000c001ce95        0x1 
 .text          0x00000000c001ce96       0x8e hw/fpu/avx.32
                0x00000000c001ce96                AVX::open(int, int, void*)
                0x00000000c001cea8                AVX::close(int, int, void*)
                0x00000000c001ceba                AVX::available()
                0x00000000c001cecc                AVX::save(void*)
                0x00000000c001cee4                AVX::load(void*)
                0x00000000c001cefc                AVX::AVX()
                0x00000000c001cefc                AVX::AVX()
 .text          0x00000000c001cf24       0x90 hw/fpu/mmx.32
                0x00000000c001cf24                MMX::available()
                0x00000000c001cf38                MMX::open(int, int, void*)
                0x00000000c001cf4a                MMX::close(int, int, void*)
                0x00000000c001cf5c                MMX::save(void*)
                0x00000000c001cf74                MMX::load(void*)
                0x00000000c001cf8c                MMX::MMX()
                0x00000000c001cf8c                MMX::MMX()
 .text          0x00000000c001cfb4       0x96 hw/fpu/sse.32
                0x00000000c001cfb4                SSE::open(int, int, void*)
                0x00000000c001cfc6                SSE::close(int, int, void*)
                0x00000000c001cfd8                SSE::available()
                0x00000000c001cff2                SSE::save(void*)
                0x00000000c001d00a                SSE::load(void*)
                0x00000000c001d022                SSE::SSE()
                0x00000000c001d022                SSE::SSE()
 .text          0x00000000c001d04a       0x8e hw/fpu/x87.32
                0x00000000c001d04a                x87::open(int, int, void*)
                0x00000000c001d05c                x87::close(int, int, void*)
                0x00000000c001d06e                x87::available()
                0x00000000c001d080                x87::save(void*)
                0x00000000c001d098                x87::load(void*)
                0x00000000c001d0b0                x87::x87()
                0x00000000c001d0b0                x87::x87()
 .text          0x00000000c001d0d8      0x5f3 hw/intctrl/apic.32
                0x00000000c001d0d8                APIC::disable()
                0x00000000c001d0da                APIC::close(int, int, void*)
                0x00000000c001d0fc                IOAPIC::close(int, int, void*)
                0x00000000c001d102                APIC::io_wait()
                0x00000000c001d108                APIC::getBase()
                0x00000000c001d14a                APIC::eoi(unsigned char)
                0x00000000c001d178                APIC::open(int, int, void*)
                0x00000000c001d232                IOAPIC::IOAPIC()
                0x00000000c001d232                IOAPIC::IOAPIC()
                0x00000000c001d25a                APIC::APIC()
                0x00000000c001d25a                APIC::APIC()
                0x00000000c001d32a                IOAPIC::handlesGSIWithNumber(unsigned int)
                0x00000000c001d35c                IOAPIC::read(int)
                0x00000000c001d384                IOAPIC::open(int, int, void*)
                0x00000000c001d47a                IOAPIC::write(int, int)
                0x00000000c001d4a6                IOAPIC::redirect(unsigned char, unsigned long long, unsigned char)
                0x00000000c001d560                APIC::installIRQHandler(int, void (*)(regs*, void*), bool, void*)
 *fill*         0x00000000c001d6cb        0x1 
 .text          0x00000000c001d6cc      0x3d3 hw/intctrl/pic.32
                0x00000000c001d6cc                PIC::disable()
                0x00000000c001d6fa                PIC::close(int, int, void*)
                0x00000000c001d71c                PIC::PIC()
                0x00000000c001d71c                PIC::PIC()
                0x00000000c001d7f2                PIC::ioWait()
                0x00000000c001d7f8                PIC::getIRQReg(int)
                0x00000000c001d862                PIC::eoi(unsigned char)
                0x00000000c001d8f4                PIC::remap()
                0x00000000c001da60                PIC::open(int, int, void*)
 *fill*         0x00000000c001da9f        0x1 
 .text          0x00000000c001daa0      0x252 hw/timer/apictimer.32
                0x00000000c001daa0                APICTimer::close(int, int, void*)
                0x00000000c001daa6                apicTimerHandler(regs*, void*)
                0x00000000c001dad4                APICTimer::write(int)
                0x00000000c001dbd2                APICTimer::open(int, int, void*)
                0x00000000c001dcca                APICTimer::APICTimer()
                0x00000000c001dcca                APICTimer::APICTimer()
 .text          0x00000000c001dcf2      0x1a7 hw/timer/pit.32
                0x00000000c001dcf2                PIT::write(int)
                0x00000000c001dd70                pitHandler(regs*, void*)
                0x00000000c001dd9c                PIT::open(int, int, void*)
                0x00000000c001ddea                PIT::close(int, int, void*)
                0x00000000c001de1a                PIT::PIT()
                0x00000000c001de1a                PIT::PIT()
 *fill*         0x00000000c001de99        0x7 
 .text          0x00000000c001dea0        0xa hw/fpu/x86/avx.32
                0x00000000c001dea0                avxDetect
                0x00000000c001dea6                avxSave
                0x00000000c001dea7                avxLoad
                0x00000000c001dea8                avxInit
                0x00000000c001dea9                avxClose
 *fill*         0x00000000c001deaa        0x6 
 .text          0x00000000c001deb0       0x38 hw/fpu/x86/sse.32
                0x00000000c001deb0                sseDetect
                0x00000000c001decb                sseSave
                0x00000000c001ded1                sseLoad
                0x00000000c001ded7                sseInit
                0x00000000c001dee7                sseClose
 *fill*         0x00000000c001dee8        0x8 
 .text          0x00000000c001def0       0x47 hw/fpu/x86/x87.32
                0x00000000c001def6                x87Detect
                0x00000000c001df11                x87Save
                0x00000000c001df17                x87Load
                0x00000000c001df1c                x87Init
                0x00000000c001df36                x87Close
 *fill*         0x00000000c001df37        0x1 
 .text          0x00000000c001df38       0x25 /cygdrive/d/Users/Alex/Desktop/Toolchain/Output/bin/../lib/gcc/i386-banana/8.1.0/crtend.o
 .text          0x00000000c001df5d        0x0 crtn.32
 *fill*         0x00000000c001df5d        0x3 
 .text          0x00000000c001df60      0x14b /cygdrive/d/Users/Alex/Desktop/Toolchain/Output/bin/../lib/gcc/i386-banana/8.1.0/libgcc.a(_divdi3.o)
                0x00000000c001df60                __divdi3
 *fill*         0x00000000c001e0ab        0x1 
 .text          0x00000000c001e0ac      0x17e /cygdrive/d/Users/Alex/Desktop/Toolchain/Output/bin/../lib/gcc/i386-banana/8.1.0/libgcc.a(_moddi3.o)
                0x00000000c001e0ac                __moddi3
 *fill*         0x00000000c001e22a        0x2 
 .text          0x00000000c001e22c       0xff /cygdrive/d/Users/Alex/Desktop/Toolchain/Output/bin/../lib/gcc/i386-banana/8.1.0/libgcc.a(_udivdi3.o)
                0x00000000c001e22c                __udivdi3
 *fill*         0x00000000c001e32b        0x1 
 .text          0x00000000c001e32c      0x11a /cygdrive/d/Users/Alex/Desktop/Toolchain/Output/bin/../lib/gcc/i386-banana/8.1.0/libgcc.a(_umoddi3.o)
                0x00000000c001e32c                __umoddi3
 *fill*         0x00000000c001e446        0xa 
 .text          0x00000000c001e450       0x1e D:/Users/Alex/Desktop/Banana/kernel/libk/libm32.a(s_fabs.c.o)
                0x00000000c001e450                fabs
 *fill*         0x00000000c001e46e        0x2 
 .text          0x00000000c001e470        0xc D:/Users/Alex/Desktop/Banana/kernel/libk/libm32.a(s_lrint.S.o)
                0x00000000c001e470                lrint
 .text          0x00000000c001e47c        0xc D:/Users/Alex/Desktop/Banana/kernel/libk/libm32.a(s_lrintf.S.o)
                0x00000000c001e47c                lrintf
 *(.gnu.linkonce.t*)

.iplt           0x00000000c001e488        0x0
 .iplt          0x00000000c001e488        0x0 D:/Users/Alex/Desktop/Banana/kernel/boot.32

.init           0x00000000c001e488        0xf
 .init          0x00000000c001e488        0x3 crti.32
                0x00000000c001e488                _init
 .init          0x00000000c001e48b        0x5 /cygdrive/d/Users/Alex/Desktop/Toolchain/Output/bin/../lib/gcc/i386-banana/8.1.0/crtbegin.o
 .init          0x00000000c001e490        0x5 /cygdrive/d/Users/Alex/Desktop/Toolchain/Output/bin/../lib/gcc/i386-banana/8.1.0/crtend.o
 .init          0x00000000c001e495        0x2 crtn.32

.fini           0x00000000c001e497        0xa
 .fini          0x00000000c001e497        0x3 crti.32
                0x00000000c001e497                _fini
 .fini          0x00000000c001e49a        0x5 /cygdrive/d/Users/Alex/Desktop/Toolchain/Output/bin/../lib/gcc/i386-banana/8.1.0/crtbegin.o
 .fini          0x00000000c001e49f        0x2 crtn.32

.text._ZN8ComputerD2Ev
                0x00000000c001e4a2       0x23
 .text._ZN8ComputerD2Ev
                0x00000000c001e4a2       0x23 core/computer.32
                0x00000000c001e4a2                Computer::~Computer()
                0x00000000c001e4a2                Computer::~Computer()

.text._ZN8ComputerD0Ev
                0x00000000c001e4c6       0x2a
 .text._ZN8ComputerD0Ev
                0x00000000c001e4c6       0x2a core/computer.32
                0x00000000c001e4c6                Computer::~Computer()

.text._Z10idleCommonv
                0x00000000c001e4f0       0x15
 .text._Z10idleCommonv
                0x00000000c001e4f0       0x15 core/idle.32
                0x00000000c001e4f0                idleCommon()

.text._ZN3CPU7readCR3Ev
                0x00000000c001e505       0x12
 .text._ZN3CPU7readCR3Ev
                0x00000000c001e505       0x12 core/kheap.32
                0x00000000c001e505                CPU::readCR3()

.text._ZN3CPU8writeCR3Em
                0x00000000c001e517        0x9
 .text._ZN3CPU8writeCR3Em
                0x00000000c001e517        0x9 core/kheap.32
                0x00000000c001e517                CPU::writeCR3(unsigned long)

.text._ZN10LinkedListI8UnixFileED2Ev
                0x00000000c001e520        0x2
 .text._ZN10LinkedListI8UnixFileED2Ev
                0x00000000c001e520        0x2 core/unixfile.32
                0x00000000c001e520                LinkedList<UnixFile>::~LinkedList()
                0x00000000c001e520                LinkedList<UnixFile>::~LinkedList()

.text._ZN10LinkedListI8UnixFileEC2Ev
                0x00000000c001e522       0x58
 .text._ZN10LinkedListI8UnixFileEC2Ev
                0x00000000c001e522       0x58 core/unixfile.32
                0x00000000c001e522                LinkedList<UnixFile>::LinkedList()
                0x00000000c001e522                LinkedList<UnixFile>::LinkedList()

.text._ZN10LinkedListI8UnixFileE10addElementEPS0_
                0x00000000c001e57a       0xd3
 .text._ZN10LinkedListI8UnixFileE10addElementEPS0_
                0x00000000c001e57a       0xd3 core/unixfile.32
                0x00000000c001e57a                LinkedList<UnixFile>::addElement(UnixFile*)

.text._ZN10LinkedListI8UnixFileE15getFirstElementEv
                0x00000000c001e64e        0x7
 .text._ZN10LinkedListI8UnixFileE15getFirstElementEv
                0x00000000c001e64e        0x7 core/unixfile.32
                0x00000000c001e64e                LinkedList<UnixFile>::getFirstElement()

.text._ZN10LinkedListI8UnixFileE11removeFirstEv
                0x00000000c001e656       0xa1
 .text._ZN10LinkedListI8UnixFileE11removeFirstEv
                0x00000000c001e656       0xa1 core/unixfile.32
                0x00000000c001e656                LinkedList<UnixFile>::removeFirst()

.text._ZN10LinkedListI8UnixFileE7getNextEPS0_
                0x00000000c001e6f8        0x8
 .text._ZN10LinkedListI8UnixFileE7getNextEPS0_
                0x00000000c001e6f8        0x8 core/unixfile.32
                0x00000000c001e6f8                LinkedList<UnixFile>::getNext(UnixFile*)

.text._ZN16DriverlessDeviceD2Ev
                0x00000000c001e700       0x1a
 .text._ZN16DriverlessDeviceD2Ev
                0x00000000c001e700       0x1a hal/device.32
                0x00000000c001e700                DriverlessDevice::~DriverlessDevice()
                0x00000000c001e700                DriverlessDevice::~DriverlessDevice()

.text._ZN16DriverlessDeviceD0Ev
                0x00000000c001e71a       0x2a
 .text._ZN16DriverlessDeviceD0Ev
                0x00000000c001e71a       0x2a hal/device.32
                0x00000000c001e71a                DriverlessDevice::~DriverlessDevice()

.text._ZN10LinkedListI6DeviceE10addElementEPS0_
                0x00000000c001e744       0xdc
 .text._ZN10LinkedListI6DeviceE10addElementEPS0_
                0x00000000c001e744       0xdc hal/device.32
                0x00000000c001e744                LinkedList<Device>::addElement(Device*)

.text._ZN10LinkedListI6DeviceEC2Ev
                0x00000000c001e820       0x58
 .text._ZN10LinkedListI6DeviceEC2Ev
                0x00000000c001e820       0x58 hal/device.32
                0x00000000c001e820                LinkedList<Device>::LinkedList()
                0x00000000c001e820                LinkedList<Device>::LinkedList()

.text._ZN3CPU7readCR0Ev
                0x00000000c001e878       0x12
 .text._ZN3CPU7readCR0Ev
                0x00000000c001e878       0x12 hal/fpu.32
                0x00000000c001e878                CPU::readCR0()

.text._ZN3CPU8writeCR0Em
                0x00000000c001e88a        0x9
 .text._ZN3CPU8writeCR0Em
                0x00000000c001e88a        0x9 hal/fpu.32
                0x00000000c001e88a                CPU::writeCR0(unsigned long)

.text._ZN3CPU7readDR0Ev
                0x00000000c001e893       0x12
 .text._ZN3CPU7readDR0Ev
                0x00000000c001e893       0x12 hal/intctrl.32
                0x00000000c001e893                CPU::readDR0()

.text._ZN3CPU7readDR1Ev
                0x00000000c001e8a5       0x12
 .text._ZN3CPU7readDR1Ev
                0x00000000c001e8a5       0x12 hal/intctrl.32
                0x00000000c001e8a5                CPU::readDR1()

.text._ZN3CPU7readDR2Ev
                0x00000000c001e8b7       0x12
 .text._ZN3CPU7readDR2Ev
                0x00000000c001e8b7       0x12 hal/intctrl.32
                0x00000000c001e8b7                CPU::readDR2()

.text._ZN3CPU7readDR3Ev
                0x00000000c001e8c9       0x12
 .text._ZN3CPU7readDR3Ev
                0x00000000c001e8c9       0x12 hal/intctrl.32
                0x00000000c001e8c9                CPU::readDR3()

.text._ZN3CPU7readDR6Ev
                0x00000000c001e8db       0x12
 .text._ZN3CPU7readDR6Ev
                0x00000000c001e8db       0x12 hal/intctrl.32
                0x00000000c001e8db                CPU::readDR6()

.text._ZN3CPU7readDR7Ev
                0x00000000c001e8ed       0x12
 .text._ZN3CPU7readDR7Ev
                0x00000000c001e8ed       0x12 hal/intctrl.32
                0x00000000c001e8ed                CPU::readDR7()

.text._ZN10LinkedListIV18ThreadControlBlockE15getFirstElementEv
                0x00000000c001e900        0x7
 .text._ZN10LinkedListIV18ThreadControlBlockE15getFirstElementEv
                0x00000000c001e900        0x7 hal/timer.32
                0x00000000c001e900                LinkedList<ThreadControlBlock volatile>::getFirstElement()

.text._ZN10LinkedListIV18ThreadControlBlockE7isEmptyEv
                0x00000000c001e908       0x1c
 .text._ZN10LinkedListIV18ThreadControlBlockE7isEmptyEv
                0x00000000c001e908       0x1c hal/timer.32
                0x00000000c001e908                LinkedList<ThreadControlBlock volatile>::isEmpty()

.text._ZN10LinkedListIV18ThreadControlBlockE11removeFirstEv
                0x00000000c001e924       0xae
 .text._ZN10LinkedListIV18ThreadControlBlockE11removeFirstEv
                0x00000000c001e924       0xae hal/timer.32
                0x00000000c001e924                LinkedList<ThreadControlBlock volatile>::removeFirst()

.text._ZN10LinkedListIV18ThreadControlBlockE10addElementEPS1_
                0x00000000c001e9d2       0xd3
 .text._ZN10LinkedListIV18ThreadControlBlockE10addElementEPS1_
                0x00000000c001e9d2       0xd3 hal/timer.32
                0x00000000c001e9d2                LinkedList<ThreadControlBlock volatile>::addElement(ThreadControlBlock volatile*)

.text._ZN4ACPID2Ev
                0x00000000c001eaa6       0x23
 .text._ZN4ACPID2Ev
                0x00000000c001eaa6       0x23 hw/acpi.32
                0x00000000c001eaa6                ACPI::~ACPI()
                0x00000000c001eaa6                ACPI::~ACPI()

.text._ZN4ACPID0Ev
                0x00000000c001eaca       0x2a
 .text._ZN4ACPID0Ev
                0x00000000c001eaca       0x2a hw/acpi.32
                0x00000000c001eaca                ACPI::~ACPI()

.text._ZN3CPUD2Ev
                0x00000000c001eaf4       0x23
 .text._ZN3CPUD2Ev
                0x00000000c001eaf4       0x23 hw/cpu.32
                0x00000000c001eaf4                CPU::~CPU()
                0x00000000c001eaf4                CPU::~CPU()

.text._ZN3CPUD0Ev
                0x00000000c001eb18       0x2a
 .text._ZN3CPUD0Ev
                0x00000000c001eb18       0x2a hw/cpu.32
                0x00000000c001eb18                CPU::~CPU()

.text._ZN3CPU7readCR4Ev
                0x00000000c001eb42       0x12
 .text._ZN3CPU7readCR4Ev
                0x00000000c001eb42       0x12 hw/cpu.32
                0x00000000c001eb42                CPU::readCR4()

.text._ZN3CPU8writeDR7Em
                0x00000000c001eb54        0x9
 .text._ZN3CPU8writeDR7Em
                0x00000000c001eb54        0x9 hw/cpu.32
                0x00000000c001eb54                CPU::writeDR7(unsigned long)

.text._ZN3CPU8writeCR4Em
                0x00000000c001eb5d        0x9
 .text._ZN3CPU8writeCR4Em
                0x00000000c001eb5d        0x9 hw/cpu.32
                0x00000000c001eb5d                CPU::writeCR4(unsigned long)

.text._ZN3CPU7readCR2Ev
                0x00000000c001eb66       0x12
 .text._ZN3CPU7readCR2Ev
                0x00000000c001eb66       0x12 krnl/panic.32
                0x00000000c001eb66                CPU::readCR2()

.text._ZN10LinkedListIV18ThreadControlBlockED2Ev
                0x00000000c001eb78        0x2
 .text._ZN10LinkedListIV18ThreadControlBlockED2Ev
                0x00000000c001eb78        0x2 thr/prcssthr.32
                0x00000000c001eb78                LinkedList<ThreadControlBlock volatile>::~LinkedList()
                0x00000000c001eb78                LinkedList<ThreadControlBlock volatile>::~LinkedList()

.text._ZN18ThreadControlBlockC2Ev
                0x00000000c001eb7a       0x3e
 .text._ZN18ThreadControlBlockC2Ev
                0x00000000c001eb7a       0x3e thr/prcssthr.32
                0x00000000c001eb7a                ThreadControlBlock::ThreadControlBlock()
                0x00000000c001eb7a                ThreadControlBlock::ThreadControlBlock()

.text._ZN10LinkedListIV18ThreadControlBlockEC2Ev
                0x00000000c001ebb8       0x58
 .text._ZN10LinkedListIV18ThreadControlBlockEC2Ev
                0x00000000c001ebb8       0x58 thr/prcssthr.32
                0x00000000c001ebb8                LinkedList<ThreadControlBlock volatile>::LinkedList()
                0x00000000c001ebb8                LinkedList<ThreadControlBlock volatile>::LinkedList()

.text._ZN10LinkedListIV18ThreadControlBlockE7getNextEPS1_
                0x00000000c001ec10        0x8
 .text._ZN10LinkedListIV18ThreadControlBlockE7getNextEPS1_
                0x00000000c001ec10        0x8 thr/prcssthr.32
                0x00000000c001ec10                LinkedList<ThreadControlBlock volatile>::getNext(ThreadControlBlock volatile*)

.text._ZN3PCID2Ev
                0x00000000c001ec18       0x23
 .text._ZN3PCID2Ev
                0x00000000c001ec18       0x23 hw/bus/pci.32
                0x00000000c001ec18                PCI::~PCI()
                0x00000000c001ec18                PCI::~PCI()

.text._ZN3PCID0Ev
                0x00000000c001ec3c       0x2a
 .text._ZN3PCID0Ev
                0x00000000c001ec3c       0x2a hw/bus/pci.32
                0x00000000c001ec3c                PCI::~PCI()

.text._ZN3IDED2Ev