Archive member included to satisfy reference by file (symbol)

/cygdrive/d/Users/Alex/Desktop/Toolchain/Output/bin/../lib/gcc/i386-banana/8.1.0/libkgcc.a(_divdi3.o)
                              fs/fat/ff.32 (__divdi3)
/cygdrive/d/Users/Alex/Desktop/Toolchain/Output/bin/../lib/gcc/i386-banana/8.1.0/libkgcc.a(_moddi3.o)
                              compat/resolve.32 (__moddi3)
/cygdrive/d/Users/Alex/Desktop/Toolchain/Output/bin/../lib/gcc/i386-banana/8.1.0/libkgcc.a(_udivdi3.o)
                              fs/fat/ff.32 (__udivdi3)
/cygdrive/d/Users/Alex/Desktop/Toolchain/Output/bin/../lib/gcc/i386-banana/8.1.0/libkgcc.a(_umoddi3.o)
                              compat/resolve.32 (__umoddi3)

Discarded input sections

 .comment       0x0000000000000000       0x12 /cygdrive/d/Users/Alex/Desktop/Toolchain/Output/bin/../lib/gcc/i386-banana/8.1.0/crtbegin.o
 .comment       0x0000000000000000       0x12 acpica/utclib.32
 .comment       0x0000000000000000       0x12 core/malloc.32
 .comment       0x0000000000000000       0x12 libk/string.32
 .comment       0x0000000000000000       0x12 fs/fat/diskio.32
 .comment       0x0000000000000000       0x12 fs/fat/ff.32
 .comment       0x0000000000000000       0x12 fs/fat/ffsystem.32
 .comment       0x0000000000000000       0x12 fs/fat/ffunicode.32
 .comment       0x0000000000000000       0x12 compat/inlines.32
 .comment       0x0000000000000000       0x12 compat/resolve.32
 .group         0x0000000000000000       0x14 core/computer.32
 .group         0x0000000000000000        0xc core/computer.32
 .comment       0x0000000000000000       0x12 core/computer.32
 .comment       0x0000000000000000       0x12 core/gdt.32
 .group         0x0000000000000000        0xc core/idle.32
 .comment       0x0000000000000000       0x12 core/idle.32
 .comment       0x0000000000000000       0x12 core/idt.32
 .comment       0x0000000000000000       0x12 core/kheap.32
 .comment       0x0000000000000000       0x12 core/main.32
 .comment       0x0000000000000000       0x12 core/physmgr.32
 .group         0x0000000000000000        0xc core/pipe.32
 .comment       0x0000000000000000       0x12 core/pipe.32
 .group         0x0000000000000000        0xc core/terminal.32
 .comment       0x0000000000000000       0x12 core/terminal.32
 .comment       0x0000000000000000       0x12 core/tss.32
 .group         0x0000000000000000        0x8 core/unixfile.32
 .group         0x0000000000000000        0x8 core/unixfile.32
 .group         0x0000000000000000        0xc core/unixfile.32
 .group         0x0000000000000000        0x8 core/unixfile.32
 .group         0x0000000000000000        0xc core/unixfile.32
 .group         0x0000000000000000        0x8 core/unixfile.32
 .group         0x0000000000000000        0xc core/unixfile.32
 .group         0x0000000000000000        0xc core/unixfile.32
 .comment       0x0000000000000000       0x12 core/unixfile.32
 .comment       0x0000000000000000       0x12 core/virtmgr.32
 .comment       0x0000000000000000       0x12 coreobjs/c++.32
 .comment       0x0000000000000000       0x12 dbg/kconsole.32
 .group         0x0000000000000000        0xc fs/vfs.32
 .group         0x0000000000000000        0xc fs/vfs.32
 .group         0x0000000000000000        0xc fs/vfs.32
 .comment       0x0000000000000000       0x12 fs/vfs.32
 .group         0x0000000000000000        0xc hal/bus.32
 .comment       0x0000000000000000       0x12 hal/bus.32
 .group         0x0000000000000000        0xc hal/buzzer.32
 .comment       0x0000000000000000       0x12 hal/buzzer.32
 .group         0x0000000000000000        0xc hal/clock.32
 .comment       0x0000000000000000       0x12 hal/clock.32
 .group         0x0000000000000000       0x14 hal/device.32
 .group         0x0000000000000000        0xc hal/device.32
 .group         0x0000000000000000        0x8 hal/device.32
 .group         0x0000000000000000        0xc hal/device.32
 .group         0x0000000000000000        0xc hal/device.32
 .comment       0x0000000000000000       0x12 hal/device.32
 .group         0x0000000000000000        0xc hal/diskctrl.32
 .comment       0x0000000000000000       0x12 hal/diskctrl.32
 .group         0x0000000000000000        0xc hal/diskphys.32
 .comment       0x0000000000000000       0x12 hal/diskphys.32
 .group         0x0000000000000000        0xc hal/fpu.32
 .comment       0x0000000000000000       0x12 hal/fpu.32
 .group         0x0000000000000000        0xc hal/intctrl.32
 .comment       0x0000000000000000       0x12 hal/intctrl.32
 .group         0x0000000000000000        0xc hal/keybrd.32
 .comment       0x0000000000000000       0x12 hal/keybrd.32
 .group         0x0000000000000000        0xc hal/logidisk.32
 .comment       0x0000000000000000       0x12 hal/logidisk.32
 .group         0x0000000000000000        0xc hal/mouse.32
 .comment       0x0000000000000000       0x12 hal/mouse.32
 .comment       0x0000000000000000       0x12 hal/partition.32
 .group         0x0000000000000000        0xc hal/serial.32
[...]
Memory Configuration

Name             Origin             Length             Attributes
*default*        0x0000000000000000 0xffffffffffffffff

Linker script and memory map

LOAD D:/Users/Alex/Desktop/Banana/kernel/boot.32
LOAD crti.32
LOAD /cygdrive/d/Users/Alex/Desktop/Toolchain/Output/bin/../lib/gcc/i386-banana/8.1.0/crtbegin.o
LOAD D:/Users/Alex/Desktop/Banana/kernel/morenasm.32
LOAD acpica/utclib.32
LOAD core/malloc.32
LOAD libk/string.32
LOAD fs/fat/diskio.32
LOAD fs/fat/ff.32
LOAD fs/fat/ffsystem.32
LOAD fs/fat/ffunicode.32
LOAD compat/inlines.32
LOAD compat/resolve.32
LOAD core/computer.32
LOAD core/gdt.32
LOAD core/idle.32
LOAD core/idt.32
LOAD core/kheap.32
LOAD core/main.32
LOAD core/physmgr.32
LOAD core/pipe.32
LOAD core/terminal.32
LOAD core/tss.32
LOAD core/unixfile.32
LOAD core/virtmgr.32
LOAD coreobjs/c++.32
LOAD dbg/kconsole.32
LOAD fs/vfs.32
LOAD hal/bus.32
LOAD hal/buzzer.32
LOAD hal/clock.32
LOAD hal/device.32
LOAD hal/diskctrl.32
LOAD hal/diskphys.32
LOAD hal/fpu.32
LOAD hal/intctrl.32
LOAD hal/keybrd.32
LOAD hal/logidisk.32
LOAD hal/mouse.32
LOAD hal/partition.32
LOAD hal/serial.32
LOAD hal/timer.32
LOAD hal/vcache.32
LOAD hal/video.32
LOAD hw/acpi.32
LOAD hw/cpu.32
LOAD hw/ports.32
LOAD hw/smp.32
LOAD krnl/env.32
LOAD krnl/panic.32
LOAD net/ethernet.32
LOAD reg/registry.32
LOAD sys/sc_eject.32
LOAD sys/sc_exit.32
LOAD sys/sc_getcwd.32
LOAD sys/sc_getpid.32
LOAD sys/sc_getramdata.32
LOAD sys/sc_getvgaptr.32
LOAD sys/sc_loaddll.32
LOAD sys/sc_read.32
LOAD sys/sc_sbrk.32
LOAD sys/sc_setcwd.32
LOAD sys/sc_settime.32
LOAD sys/sc_timezone.32
LOAD sys/sc_write.32
LOAD sys/sc_wsbe.32
LOAD sys/sc_yield.32
LOAD sys/syscalls.32
LOAD thr/elf.32
LOAD thr/prcssthr.32
LOAD vm86/vm8086.32
LOAD vm86/x87em.32
LOAD fs/fat/vfslink.32
LOAD fs/iso9660/vfslink.32
LOAD hal/sound/sndcard.32
LOAD hal/sound/sndport.32
LOAD hw/bus/isa.32
LOAD hw/bus/pci.32
LOAD hw/diskctrl/ide.32
LOAD hw/diskctrl/satabus.32
LOAD hw/diskphys/ata.32
LOAD hw/diskphys/atapi.32
LOAD hw/diskphys/sata.32
LOAD hw/diskphys/satapi.32
LOAD hw/fpu/avx.32
LOAD hw/fpu/mmx.32
LOAD hw/fpu/sse.32
LOAD hw/fpu/x87.32
LOAD hw/intctrl/apic.32
LOAD hw/intctrl/pic.32
LOAD hw/timer/apictimer.32
LOAD hw/timer/pit.32
LOAD hw/fpu/x86/avx.32
LOAD hw/fpu/x86/sse.32
LOAD hw/fpu/x86/x87.32
LOAD /cygdrive/d/Users/Alex/Desktop/Toolchain/Output/bin/../lib/gcc/i386-banana/8.1.0/crtend.o
LOAD crtn.32
LOAD /cygdrive/d/Users/Alex/Desktop/Toolchain/Output/bin/../lib/gcc/i386-banana/8.1.0/libkgcc.a
LOAD D:/Users/Alex/Desktop/Banana/kernel/libsoftfp.a
LOAD D:/Users/Alex/Desktop/Banana/kernel/libk/libm32.a
                0x00000000c0000000                . = 0xc0000000

.text           0x00000000c0000000    0x2113e
 *(.text)
 .text          0x00000000c0000000       0x41 D:/Users/Alex/Desktop/Banana/kernel/boot.32
                0x00000000c0000020                callGlobalConstructors
 .text          0x00000000c0000041        0x0 crti.32
 *fill*         0x00000000c0000041        0x3 
 .text          0x00000000c0000044      0x101 /cygdrive/d/Users/Alex/Desktop/Toolchain/Output/bin/../lib/gcc/i386-banana/8.1.0/crtbegin.o
 *fill*         0x00000000c0000145        0xb 
 .text          0x00000000c0000150      0x430 D:/Users/Alex/Desktop/Banana/kernel/morenasm.32
                0x00000000c0000150                manualPCIProbe
                0x00000000c000019b                prepareTramp
                0x00000000c00001b4                doTPAUSE
                0x00000000c00001be                hasLegacyFPU
                0x00000000c00001e3                is486
                0x00000000c0000219                detectCPUID
                0x00000000c000022f                goToVM86
                0x00000000c000025f                goToUsermode
                0x00000000c0000289                switchToThreadASMFirstTime
                0x00000000c0000297                switchToThreadASM
                0x00000000c0000327                asmQuickAcquireLock
                0x00000000c0000345                asmQuickReleaseLock
                0x00000000c0000351                asmAcquireLock
                0x00000000c0000372                asmReleaseLock
                0x00000000c0000385                loadGDT
                0x00000000c00003a5                isr0
                0x00000000c00003b5                isr1
                0x00000000c00003bf                isr2
                0x00000000c00003c9                isr3
                0x00000000c00003d3                isr4
                0x00000000c00003dd                isr5
                0x00000000c00003e7                isr6
                0x00000000c00003f1                isr7
                0x00000000c00003fb                isr8
                0x00000000c0000403                isr9
                0x00000000c000040d                isr10
                0x00000000c0000415                isr11
                0x00000000c000041d                isr12
                0x00000000c0000425                isr13
                0x00000000c000042d                isr14
                0x00000000c0000435                isr15
                0x00000000c000043f                isr16
                0x00000000c0000449                isr17
                0x00000000c0000453                isr18
                0x00000000c000045d                irq3
                0x00000000c0000467                irq4
                0x00000000c0000471                irq5
                0x00000000c000047b                irq6
                0x00000000c0000485                irq7
                0x00000000c000048f                irq8
                0x00000000c0000499                irq9
                0x00000000c00004a3                irq10
                0x00000000c00004ad                irq11
                0x00000000c00004b7                irq12
                0x00000000c00004c1                irq13
                0x00000000c00004cb                irq14
                0x00000000c00004d5                irq15
                0x00000000c00004df                irq1
                0x00000000c00004e6                irq2
                0x00000000c00004ed                isr96
                0x00000000c00004f4                irq0
                0x00000000c00004f9                int_common_stub
                0x00000000c00004f9                syscall_common_stub
                0x00000000c000052b                irq16
                0x00000000c0000535                irq17
                0x00000000c000053f                irq18
                0x00000000c0000549                irq19
                0x00000000c0000553                irq20
                0x00000000c000055d                irq21
                0x00000000c0000567                irq22
                0x00000000c0000571                irq23
                0x00000000c000057b                memcpy
 .text          0x00000000c0000580      0x5dd acpica/utclib.32
                0x00000000c0000580                memcmp
                0x00000000c00005bc                memmove
                0x00000000c0000684                memset
                0x00000000c00006a0                strlen
                0x00000000c00006b8                strpbrk
                0x00000000c00006f4                strtok
                0x00000000c0000740                strcpy
                0x00000000c0000764                strncpy
                0x00000000c00007cc                strcmp
                0x00000000c000080c                strchr
                0x00000000c0000830                strncmp
                0x00000000c0000880                strcat
                0x00000000c00008b0                strncat
                0x00000000c00008ec                strstr
                0x00000000c0000934                toupper
                0x00000000c0000948                tolower
                0x00000000c000095c                simple_strtoul
 .text          0x00000000c0000b5d      0xfad core/malloc.32
                0x00000000c0000cc8                dlfree
                0x00000000c0001023                dlmalloc
                0x00000000c0001560                dlrealloc
                0x00000000c0001703                dlmemalign
                0x00000000c0001826                dlcalloc
                0x00000000c00018c0                dlcfree
                0x00000000c00018c5                dlindependent_calloc
                0x00000000c00018ea                dlindependent_comalloc
                0x00000000c0001901                dlvalloc
                0x00000000c000192c                dlpvalloc
                0x00000000c0001962                dlmalloc_trim
                0x00000000c000196f                dlmalloc_usable_size
                0x00000000c00019a0                dlmallinfo
                0x00000000c0001a6f                dlmalloc_stats
                0x00000000c0001a80                dlmallopt
 .text          0x00000000c0001b0a        0x0 libk/string.32
 .text          0x00000000c0001b0a       0x51 fs/fat/diskio.32
                0x00000000c0001b0a                disk_status
                0x00000000c0001b0d                disk_initialize
                0x00000000c0001b10                disk_read
                0x00000000c0001b26                disk_write
                0x00000000c0001b3c                disk_ioctl
 .text          0x00000000c0001b5b     0x6a69 fs/fat/ff.32
                0x00000000c0004e29                f_mount
                0x00000000c0004e8b                f_open
                0x00000000c00052c7                f_read
                0x00000000c0005547                f_write
                0x00000000c0005801                f_sync
                0x00000000c00059dd                f_close
                0x00000000c0005a0c                f_lseek
                0x00000000c0005ec3                f_opendir
                0x00000000c0005fc5                f_closedir
                0x00000000c0005fe7                f_readdir
                0x00000000c0006082                f_stat
                0x00000000c0006111                f_getfree
                0x00000000c00062dc                f_truncate
                0x00000000c00063d4                f_unlink
                0x00000000c0006557                f_mkdir
                0x00000000c0006783                f_rename
                0x00000000c0006a76                f_chmod
                0x00000000c0006b54                f_utime
                0x00000000c0006c32                f_getlabel
                0x00000000c0006e20                f_setlabel
                0x00000000c000708d                f_expand
                0x00000000c00072c3                f_forward
                0x00000000c00074a1                f_mkfs
 .text          0x00000000c00085c4       0x2f fs/fat/ffsystem.32
                0x00000000c00085c4                ff_memalloc
                0x00000000c00085dc                ff_memfree
 *fill*         0x00000000c00085f3        0x1 
 .text          0x00000000c00085f4      0x274 fs/fat/ffunicode.32
                0x00000000c00085f4                ff_uni2oem
                0x00000000c000868c                ff_oem2uni
                0x00000000c0008700                ff_wtoupper
 .text          0x00000000c0008868       0xa7 compat/inlines.32
                0x00000000c0008868                CPU::current()
                0x00000000c0008874                operator new(unsigned long)
                0x00000000c0008879                operator delete(void*)
                0x00000000c000887e                disableIRQs()
                0x00000000c0008886                enableIRQs()
                0x00000000c0008895                lockScheduler()
                0x00000000c000889d                unlockScheduler()
                0x00000000c00088ac                lockStuff()
                0x00000000c00088ba                unlockStuff()
                0x00000000c00088f4                Virt::getAKernelVAS()
                0x00000000c00088fa                __not_memcpy
 *fill*         0x00000000c000890f        0x1 
 .text          0x00000000c0008910      0x118 compat/resolve.32
                0x00000000c0008910                Krnl::resolveCompatibilitySymbol(char*)
 .text          0x00000000c0008a28      0x7f7 core/computer.32
                0x00000000c0008a28                Computer::close(int, int, void*)
                0x00000000c0008a6c                Krnl::firstTask()
                0x00000000c0008bba                Computer::Computer()
                0x00000000c0008bba                Computer::Computer()
                0x00000000c0008d16                Computer::setBootMessage(char const*)
                0x00000000c0008d18                Computer::detectFeatures()
                0x00000000c0008f22                Computer::displayFeatures()
                0x00000000c0008f24                Computer::rdmsr(unsigned int)
                0x00000000c0008f50                Computer::wrmsr(unsigned int, unsigned long long)
                0x00000000c0008f88                Computer::nmiEnabled()
                0x00000000c0008f94                Computer::readCMOS(unsigned char)
                0x00000000c0008fae                Computer::enableNMI(bool)
                0x00000000c0008fc6                Computer::open(int, int, void*)
                0x00000000c0009162                Computer::disableNMI()
                0x00000000c0009170                Computer::writeCMOS(unsigned char, unsigned char)
                0x00000000c000918e                Computer::handleNMI()
                0x00000000c00091f4                Computer::setDiskActivityLight(int, bool)
 *fill*         0x00000000c000921f        0x1 
 .text          0x00000000c0009220      0x19d core/gdt.32
                0x00000000c0009220                GDTEntry::setBase(unsigned int)
                0x00000000c000923c                GDTEntry::setLimit(unsigned int)
                0x00000000c000925a                GDT::GDT()
                0x00000000c000925a                GDT::GDT()
                0x00000000c0009270                GDT::addEntry(GDTEntry)
                0x00000000c0009292                GDT::getNumberOfEntries()
                0x00000000c000929a                GDT::flush()
                0x00000000c00092bc                GDT::setup()
 .text          0x00000000c00093bd       0x6b core/idle.32
                0x00000000c00093bd                idleFunction(void*)
 .text          0x00000000c0009428      0x464 core/idt.32
                0x00000000c0009428                IDTEntry::IDTEntry(bool)
                0x00000000c0009428                IDTEntry::IDTEntry(bool)
                0x00000000c000949a                IDTEntry::setOffset(unsigned int)
                0x00000000c00094b0                IDT::IDT()
                0x00000000c00094b0                IDT::IDT()
                0x00000000c00094b2                IDT::getPointerToInvalidOpcodeEntryForF00F()
                0x00000000c00094ba                IDT::addEntry(IDTEntry, int)
                0x00000000c00094d4                IDT::addEntry(int, void (*)(), bool)
                0x00000000c000950c                IDT::flush()
                0x00000000c0009526                IDT::setup()
 .text          0x00000000c000988c      0x191 core/kheap.32
                0x00000000c000988c                sbrk
                0x00000000c000992f                mmap
                0x00000000c0009945                munmap
                0x00000000c000995b                liballoc_lock()
                0x00000000c0009968                liballoc_unlock()
                0x00000000c000997c                liballoc_alloc(int)
                0x00000000c0009994                liballoc_free(void*, int)
                0x00000000c00099af                realloc
                0x00000000c00099c3                malloc
                0x00000000c00099d3                free
                0x00000000c00099e3                rfree
                0x00000000c00099f3                calloc
 .text          0x00000000c0009a1d      0x1b6 core/main.32
                0x00000000c0009a1d                Krnl::setBootMessage(char const*)
                0x00000000c0009a89                kernel_main
 .text          0x00000000c0009bd3      0x5fc core/physmgr.32
                0x00000000c0009bd3                Phys::allocateDMA(unsigned long)
                0x00000000c0009ca7                Phys::freeDMA(unsigned long, unsigned long)
                0x00000000c0009d0c                Phys::setPageState(unsigned long, bool)
                0x00000000c0009d3e                Phys::getPageState(unsigned long)
                0x00000000c0009d5a                Phys::freePage(unsigned long)
                0x00000000c0009dea                Phys::allocatePage()
                0x00000000c0009ed5                Phys::allocateContiguousPages(int)
                0x00000000c0009f31                Phys::allowSegmentToBeUsed(unsigned long, unsigned long)
                0x00000000c0009f69                Phys::physicalMemorySetup(unsigned int)
 *fill*         0x00000000c000a1cf        0x1 
 .text          0x00000000c000a1d0      0x273 core/pipe.32
                0x00000000c000a1d0                Pipe::isAtty()
                0x00000000c000a1d4                Pipe::~Pipe()
                0x00000000c000a1d4                Pipe::~Pipe()
                0x00000000c000a1f8                Pipe::~Pipe()
                0x00000000c000a220                Pipe::read(unsigned long long, void*, int*)
                0x00000000c000a31c                Pipe::write(unsigned long long, void*, int*)
                0x00000000c000a3dc                Pipe::Pipe(int)
                0x00000000c000a3dc                Pipe::Pipe(int)
 *fill*         0x00000000c000a443        0x1 
 .text          0x00000000c000a444      0xb93 core/terminal.32
                0x00000000c000a444                VgaText::isAtty()
                0x00000000c000a448                VgaText::~VgaText()
                0x00000000c000a448                VgaText::~VgaText()
                0x00000000c000a46c                VgaText::~VgaText()
                0x00000000c000a496                VgaText::read(unsigned long long, void*, int*)
                0x00000000c000a4b6                setTerminalScrollLock(bool)
                0x00000000c000a4b7                addToTerminalCycle(VgaText*)
                0x00000000c000a4d8                installVgaTextImplementation()
                0x00000000c000a4ed                scrollTerminalScrollLock(int)
                0x00000000c000a4ee                VgaText::updateTitle()
                0x00000000c000a52c                VgaText::load()
                0x00000000c000a57a                VgaText::updateCursor()
                0x00000000c000a590                VgaText::doANSI_SGR(int)
                0x00000000c000a604                VgaText::setDefaultBgColour(VgaColour)
                0x00000000c000a614                VgaText::setDefaultFgColour(VgaColour)
                0x00000000c000a624                VgaText::setDefaultColours(VgaColour, VgaColour)
                0x00000000c000a644                VgaText::setTitleTextColour(VgaColour)
                0x00000000c000a654                VgaText::setTitleColour(VgaColour)
                0x00000000c000a664                VgaText::setTitle(char*)
                0x00000000c000a68a                VgaText::combineColours(unsigned char, unsigned char)
                0x00000000c000a69c                VgaText::scrollScreen()
                0x00000000c000a730                VgaText::combineCharAndColour(char, unsigned char)
                0x00000000c000a742                VgaText::writeCharacter(char, VgaColour, VgaColour, int, int)
                0x00000000c000a79e                VgaText::getCursorX()
                0x00000000c000a7a6                VgaText::getCursorY()
                0x00000000c000a7ae                VgaText::setCursor(int, int)
                0x00000000c000a7c5                setActiveTerminal(VgaText*)
                0x00000000c000a827                doTerminalCycle()
                0x00000000c000a842                VgaText::setCursorX(int)
                0x00000000c000a85a                VgaText::setCursorY(int)
                0x00000000c000a872                VgaText::incrementCursor(bool)
                0x00000000c000a8c6                VgaText::decrementCursor(bool)
                0x00000000c000a8e8                VgaText::putchar(char, VgaColour, VgaColour)
                0x00000000c000a9c0                VgaText::doUpdate()
                0x00000000c000a9ce                VgaText::puts(char const*, VgaColour, VgaColour)
                0x00000000c000ab46                VgaText::clearScreen()
                0x00000000c000aba0                VgaText::putchar(char)
                0x00000000c000ac8c                VgaText::putx(unsigned int)
                0x00000000c000acd2                VgaText::puts(char const*)
                0x00000000c000acf8                VgaText::VgaText(char const*)
                0x00000000c000acf8                VgaText::VgaText(char const*)
                0x00000000c000ae76                VgaText::receiveKey(unsigned char)
                0x00000000c000af5e                VgaText::write(unsigned long long, void*, int*)
                0x00000000c000afb2                newTerminal(char*)
 *fill*         0x00000000c000afd7        0x1 
 .text          0x00000000c000afd8      0x1a1 core/tss.32
                0x00000000c000afd8                TSS::TSS()
                0x00000000c000afd8                TSS::TSS()
                0x00000000c000afe8                TSS::setESP(unsigned long)
                0x00000000c000affc                TSS::flush()
                0x00000000c000b01c                TSS::setup(unsigned long, unsigned long)
 *fill*         0x00000000c000b179        0x1 
 .text          0x00000000c000b17a      0x4c2 core/unixfile.32
                0x00000000c000b17a                ReservedFilename::read(unsigned long long, void*, int*)
                0x00000000c000b1d0                ReservedFilename::isAtty()
                0x00000000c000b1ec                ReservedFilename::write(unsigned long long, void*, int*)
                0x00000000c000b24a                UnixFile::getFileDescriptor()
                0x00000000c000b252                UnixFile::UnixFile(int)
                0x00000000c000b252                UnixFile::UnixFile(int)
                0x00000000c000b402                ReservedFilename::ReservedFilename(int)
                0x00000000c000b402                ReservedFilename::ReservedFilename(int)
                0x00000000c000b434                UnixFile::~UnixFile()
                0x00000000c000b434                UnixFile::~UnixFile()
                0x00000000c000b4cc                UnixFile::~UnixFile()
                0x00000000c000b4f4                ReservedFilename::~ReservedFilename()
                0x00000000c000b4f4                ReservedFilename::~ReservedFilename()
                0x00000000c000b518                ReservedFilename::~ReservedFilename()
                0x00000000c000b53f                getFromFileDescriptor(int)
 .text          0x00000000c000b63c     0x12c4 core/virtmgr.32
                0x00000000c000b63c                Virt::setPageState(unsigned long, Virt::VirtPageState)
                0x00000000c000b671                Virt::getPageState(unsigned long)
                0x00000000c000b695                Virt::allocateKernelVirtualPages(int)
                0x00000000c000b7a6                Virt::freeSwapfilePage(unsigned long)
                0x00000000c000b7c4                Virt::swapIDToSector(unsigned long)
                0x00000000c000b7d6                Virt::allocateSwapfilePage()
                0x00000000c000b854                Virt::virtualMemorySetup()
                0x00000000c000b89f                Virt::setupPageSwapping(int)
                0x00000000c000b910                VAS::VAS()
                0x00000000c000b910                VAS::VAS()
                0x00000000c000b94c                VAS::VAS(VAS*)
                0x00000000c000b94c                VAS::VAS(VAS*)
                0x00000000c000b97a                VAS::getForeignPageTableEntry(bool, unsigned long)
                0x00000000c000b9a6                VAS::getPageTableEntry(unsigned long)
                0x00000000c000b9c5                Virt::freeKernelVirtualPages(unsigned long)
                0x00000000c000bae8                VAS::freeAllocatedPages(unsigned long)
                0x00000000c000bb0c                VAS::virtualToPhysical(unsigned long)
                0x00000000c000bb24                VAS::reflagRange(unsigned long, int, int, int)
                0x00000000c000bb64                VAS::setToWriteCombining(unsigned long, int)
                0x00000000c000bb96                VAS::mapOtherVASIn(bool, VAS*)
                0x00000000c000bbc0                VAS::~VAS()
                0x00000000c000bbc0                VAS::~VAS()
                0x00000000c000bd3c                VAS::mapPage(unsigned long, unsigned long, int)
                0x00000000c000be3e                VAS::allocatePages(int, int)
                0x00000000c000c016                VAS::setCPUSpecific(unsigned long)
                0x00000000c000c032                VAS::mapRange(unsigned long, unsigned long, int, int)
                0x00000000c000c0f8                VAS::mapForeignPage(bool, VAS*, unsigned long, unsigned long, int)
                0x00000000c000c1e6                VAS::VAS(bool)
                0x00000000c000c1e6                VAS::VAS(bool)
                0x00000000c000c466                VAS::evict(unsigned long)
                0x00000000c000c56e                VAS::tryLoadBackOffDisk(unsigned long)
                0x00000000c000c6f6                VAS::scanForEviction()
                0x00000000c000c7d4                mapVASFirstTime
 .text          0x00000000c000c900       0x95 coreobjs/c++.32
                0x00000000c000c900                __cxa_atexit
                0x00000000c000c903                __cxa_finalize
                0x00000000c000c904                __stack_chk_fail
                0x00000000c000c970                __cxa_pure_virtual
                0x00000000c000c981                operator new[](unsigned long)
                0x00000000c000c986                operator delete(void*, unsigned long)
                0x00000000c000c98b                operator delete[](void*)
                0x00000000c000c990                operator delete[](void*, unsigned long)
 .text          0x00000000c000c995      0x1fc dbg/kconsole.32
                0x00000000c000c995                Dbg::stringifyxWithBase(unsigned int, char*, int)
                0x00000000c000c9ee                Dbg::logc(char)
                0x00000000c000ca0e                Dbg::logs(char*)
                0x00000000c000ca2b                Dbg::logWriteInt(unsigned int)
                0x00000000c000ca48                Dbg::logWriteIntBase(unsigned int, int)
                0x00000000c000ca67                Dbg::kprintf(char const*, ...)
 *fill*         0x00000000c000cb91        0x1 
 .text          0x00000000c000cb92      0xb82 fs/vfs.32
                0x00000000c000cb92                File::read(unsigned long long, void*, int*)
                0x00000000c000cbea                File::write(unsigned long long, void*, int*)
                0x00000000c000cc42                Directory::read(unsigned long long, void*, int*)
                0x00000000c000cc9a                Directory::write(unsigned long long, void*, int*)
                0x00000000c000ccc8                File::isAtty()
                0x00000000c000cccc                Directory::isAtty()
                0x00000000c000ccd0                Filesystem::getlabel(LogicalDisk*, int, char*, unsigned int*)
                0x00000000c000ccd6                Filesystem::setlabel(LogicalDisk*, int, char*)
                0x00000000c000ccdc                Filesystem::allocateSwapfile(char const*, int)
                0x00000000c000cce2                File::~File()
                0x00000000c000cce2                File::~File()
                0x00000000c000cd06                File::~File()
                0x00000000c000cd30                Directory::~Directory()
                0x00000000c000cd30                Directory::~Directory()
                0x00000000c000cd54                Directory::~Directory()
                0x00000000c000cd7e                Filesystem::Filesystem()
                0x00000000c000cd7e                Filesystem::Filesystem()
                0x00000000c000cda2                Filesystem::~Filesystem()
                0x00000000c000cda2                Filesystem::~Filesystem()
                0x00000000c000cdb0                Filesystem::~Filesystem()
                0x00000000c000cdd4                Fs::getcwd(Process*, char*, int)
                0x00000000c000cdfe                Fs::initVFS()
                0x00000000c000ce28                Fs::standardiseFiles(char*, char const*, char const*)
                0x00000000c000cfd2                File::File(char const*, Process*)
                0x00000000c000cfd2                File::File(char const*, Process*)
                0x00000000c000d036                File::open(FileOpenMode)
                0x00000000c000d094                File::close()
                0x00000000c000d0f4                File::seek(unsigned long long)
                0x00000000c000d14a                File::tell(unsigned long long*)
                0x00000000c000d19a                File::rewind()
                0x00000000c000d1ae                File::unlink()
                0x00000000c000d1fa                File::rename(char const*)
                0x00000000c000d248                File::chfatattr(unsigned char, unsigned char)
                0x00000000c000d2a4                File::exists()
                0x00000000c000d2e2                File::stat(unsigned long long*, bool*)
                0x00000000c000d343                Fs::setcwd(Process*, char*)
                0x00000000c000d47e                Directory::Directory(char const*, Process*)
                0x00000000c000d47e                Directory::Directory(char const*, Process*)
                0x00000000c000d4e2                Directory::open()
                0x00000000c000d53e                Directory::close()
                0x00000000c000d59e                Directory::unlink()
                0x00000000c000d5ea                Directory::rename(char const*)
                0x00000000c000d638                Directory::exists()
                0x00000000c000d676                Directory::read(dirent*)
                0x00000000c000d6c2                Directory::create()
                0x00000000c000d70e                Filesystem::chfatattr(char const*, unsigned char, unsigned char)
 .text          0x00000000c000d714       0x86 hal/bus.32
                0x00000000c000d714                Bus::Bus(char const*)
                0x00000000c000d714                Bus::Bus(char const*)
                0x00000000c000d74c                Bus::~Bus()
                0x00000000c000d74c                Bus::~Bus()
                0x00000000c000d770                Bus::~Bus()
 *fill*         0x00000000c000d79a        0x2 
 .text          0x00000000c000d79c      0x153 hal/buzzer.32
                0x00000000c000d79c                Buzzer::Buzzer(char const*)
                0x00000000c000d79c                Buzzer::Buzzer(char const*)
                0x00000000c000d7e0                Buzzer::~Buzzer()
                0x00000000c000d7e0                Buzzer::~Buzzer()
                0x00000000c000d804                Buzzer::~Buzzer()
                0x00000000c000d82e                Buzzer::stop()
                0x00000000c000d841                beepThread(void*)
                0x00000000c000d882                Buzzer::beep(int, int, bool)
 *fill*         0x00000000c000d8ef        0x1 
 .text          0x00000000c000d8f0      0x467 hal/clock.32
                0x00000000c000d8f0                User::loadClockSettings(int)
                0x00000000c000d942                Clock::Clock(char const*)
                0x00000000c000d942                Clock::Clock(char const*)
                0x00000000c000d978                Clock::~Clock()
                0x00000000c000d978                Clock::~Clock()
                0x00000000c000d99c                Clock::~Clock()
                0x00000000c000d9c6                Clock::timeInSecondsLocal()
                0x00000000c000da0e                Clock::setTimeInSecondsLocal(unsigned long long)
                0x00000000c000da67                datetimeToSeconds(datetime_t)
                0x00000000c000db8e                Clock::setTimeInDatetimeLocal(datetime_t)
                0x00000000c000dbee                secondsToDatetime(unsigned long long)
                0x00000000c000dd32                Clock::timeInDatetimeLocal()
 *fill*         0x00000000c000dd57        0x1 
 .text          0x00000000c000dd58      0x504 hal/device.32
                0x00000000c000dd58                Device::hibernate()
                0x00000000c000dd5a                Device::wake()
                0x00000000c000dd5c                Device::detect()
                0x00000000c000dd5e                Device::disableLegacy()
                0x00000000c000dd60                Device::powerSaving(PowerSavingLevel)
                0x00000000c000dd62                DriverlessDevice::close(int, int, void*)
                0x00000000c000dd66                DriverlessDevice::detect()
                0x00000000c000dd68                DriverlessDevice::open(int, int, void*)
                0x00000000c000dd7c                Device::~Device()
                0x00000000c000dd7c                Device::~Device()
                0x00000000c000dd8a                Device::~Device()
                0x00000000c000ddb2                Device::findAndLoadDriver()
                0x00000000c000ddc0                Device::preOpenPCI(PCIDeviceInfo)
                0x00000000c000dde6                Device::preOpenACPI(void*, char*, char*)
                0x00000000c000de26                Device::addIRQHandler(int, void (*)(regs*, void*), bool, void*)
                0x00000000c000de64                Device::getParent()
                0x00000000c000de70                Device::removeIRQHandler(int, void (*)(regs*, void*), bool)
                0x00000000c000deae                Device::addChild(Device*)
                0x00000000c000def2                Device::removeAllChildren()
                0x00000000c000df38                Device::hibernateAll()
                0x00000000c000df68                Device::wakeAll()
                0x00000000c000df98                Device::detectAll()
                0x00000000c000dfc8                Device::disableLegacyAll()
                0x00000000c000dff8                Device::loadDriversForAll()
                0x00000000c000e038                Device::closeAll()
                0x00000000c000e06e                Device::powerSavingAll(PowerSavingLevel)
                0x00000000c000e0a4                Device::setName(char const*)
                0x00000000c000e0b2                Device::Device(char const*)
                0x00000000c000e0b2                Device::Device(char const*)
                0x00000000c000e1ae                Device::getName()
                0x00000000c000e1b8                DriverlessDevice::DriverlessDevice(char const*)
                0x00000000c000e1b8                DriverlessDevice::DriverlessDevice(char const*)
                0x00000000c000e1ee                Device::addToLinkedList(LinkedList<Device>&, DeviceType)
                0x00000000c000e232                getDevicesOfType(DeviceType)
 .text          0x00000000c000e25c       0x86 hal/diskctrl.32
                0x00000000c000e25c                HardDiskController::HardDiskController(char const*)
                0x00000000c000e25c                HardDiskController::HardDiskController(char const*)
                0x00000000c000e294                HardDiskController::~HardDiskController()
                0x00000000c000e294                HardDiskController::~HardDiskController()
                0x00000000c000e2b8                HardDiskController::~HardDiskController()
 .text          0x00000000c000e2e2       0xe2 hal/diskphys.32
                0x00000000c000e2e2                PhysicalDisk::eject()
                0x00000000c000e2e6                PhysicalDisk::PhysicalDisk(char const*, int)
                0x00000000c000e2e6                PhysicalDisk::PhysicalDisk(char const*, int)
                0x00000000c000e34e                PhysicalDisk::startCache()
                0x00000000c000e376                PhysicalDisk::~PhysicalDisk()
                0x00000000c000e376                PhysicalDisk::~PhysicalDisk()
                0x00000000c000e39a                PhysicalDisk::~PhysicalDisk()
 .text          0x00000000c000e3c4      0x147 hal/fpu.32
                0x00000000c000e3c4                FPU::FPU(char const*)
                0x00000000c000e3c4                FPU::FPU(char const*)
                0x00000000c000e3fc                FPU::~FPU()
                0x00000000c000e3fc                FPU::~FPU()
                0x00000000c000e420                FPU::~FPU()
                0x00000000c000e44a                setupFPU()
 *fill*         0x00000000c000e50b        0x1 
 .text          0x00000000c000e50c     0x11e1 hal/intctrl.32
                0x00000000c000e50c                InterruptController::uninstallISRHandler(int, void (*)(regs*, void*))
                0x00000000c000e544                InterruptController::installISRHandler(int, void (*)(regs*, void*), void*)
                0x00000000c000e596                doubleFault(regs*, void*)
                0x00000000c000e5b0                InterruptController::installIRQHandler(int, void (*)(regs*, void*), bool, void*)
                0x00000000c000e64c                InterruptController::clearAllHandlers(int, bool)
                0x00000000c000e6f4                InterruptController::uninstallIRQHandler(int, void (*)(regs*, void*), bool)
                0x00000000c000e77b                nmiHandler(regs*, void*)
                0x00000000c000e789                int_handler
                0x00000000c000e82a                InterruptController::InterruptController(char const*)
                0x00000000c000e82a                InterruptController::InterruptController(char const*)
                0x00000000c000e8d0                InterruptController::~InterruptController()
                0x00000000c000e8d0                InterruptController::~InterruptController()
                0x00000000c000e8f4                InterruptController::~InterruptController()
                0x00000000c000e91e                displayDebugInfo(regs*)
                0x00000000c000edad                x87EmulHandler(regs*, void*)
                0x00000000c000ee20                gpFault(regs*, void*)
                0x00000000c000ee59                pgFault(regs*, void*)
                0x00000000c000eea8                otherISRHandler(regs*, void*)
                0x00000000c000eec7                opcodeFault(regs*, void*)
                0x00000000c000f28a                displayProgramFault(char const*)
                0x00000000c000f2b2                setupInterruptController()
                0x00000000c000f6a0                InterruptController::convertLegacyIRQNumber(int)
 *fill*         0x00000000c000f6ed        0x1 
 .text          0x00000000c000f6ee      0x784 hal/keybrd.32
                0x00000000c000f6ee                startGUI(void*)
                0x00000000c000f75a                startGUIVESA(void*)
                0x00000000c000f7c6                sendKeyToTerminal(unsigned char)
                0x00000000c000f884                sendKeyboardToken(KeyboardToken)
                0x00000000c000fcc1                clearInternalKeybuffer(VgaText*)
                0x00000000c000fcf6                readKeyboard(VgaText*, char*, unsigned long)
                0x00000000c000fde8                Keyboard::Keyboard(char const*)
                0x00000000c000fde8                Keyboard::Keyboard(char const*)
                0x00000000c000fe24                Keyboard::~Keyboard()
                0x00000000c000fe24                Keyboard::~Keyboard()
                0x00000000c000fe48                Keyboard::~Keyboard()
 .text          0x00000000c000fe72      0x3ea hal/logidisk.32
                0x00000000c000fe72                LogicalDisk::close(int, int, void*)
                0x00000000c000fe76                LogicalDisk::~LogicalDisk()
                0x00000000c000fe76                LogicalDisk::~LogicalDisk()
                0x00000000c000fe9a                LogicalDisk::~LogicalDisk()
                0x00000000c000fec4                LogicalDisk::open(int, int, void*)
                0x00000000c000fed8                LogicalDisk::absoluteToRelative(unsigned long long)
                0x00000000c000ff10                LogicalDisk::relativeToAbsolute(unsigned long long)
                0x00000000c000ff56                LogicalDisk::LogicalDisk(char const*, PhysicalDisk*, unsigned long long, unsigned long long)
                0x00000000c000ff56                LogicalDisk::LogicalDisk(char const*, PhysicalDisk*, unsigned long long, unsigned long long)
                0x00000000c001000c                LogicalDisk::assignDriveLetter()
                0x00000000c00100c2                LogicalDisk::mount()
                0x00000000c001010a                LogicalDisk::unmount()
                0x00000000c001011a                LogicalDisk::eject()
                0x00000000c001012e                LogicalDisk::unassignDriveLetter()
                0x00000000c0010184                LogicalDisk::read(unsigned long long, int, void*)
                0x00000000c00101f0                LogicalDisk::write(unsigned long long, int, void*)
 .text          0x00000000c001025c       0x86 hal/mouse.32
                0x00000000c001025c                Mouse::Mouse(char const*)
                0x00000000c001025c                Mouse::Mouse(char const*)
                0x00000000c0010294                Mouse::~Mouse()
                0x00000000c0010294                Mouse::~Mouse()
                0x00000000c00102b8                Mouse::~Mouse()
 .text          0x00000000c00102e2      0x339 hal/partition.32
                0x00000000c00102e2                makePartition(PhysicalDisk*, unsigned long long, unsigned long long)
                0x00000000c001038a                createPartitionsForDisk(PhysicalDisk*)
 *fill*         0x00000000c001061b        0x1 
 .text          0x00000000c001061c       0x86 hal/serial.32
                0x00000000c001061c                Serial::Serial(char const*)
                0x00000000c001061c                Serial::Serial(char const*)
                0x00000000c0010654                Serial::~Serial()
                0x00000000c0010654                Serial::~Serial()
                0x00000000c0010678                Serial::~Serial()
 *fill*         0x00000000c00106a2        0x2 
 .text          0x00000000c00106a4      0x2f2 hal/timer.32
                0x00000000c00106a4                Timer::Timer(char const*)
                0x00000000c00106a4                Timer::Timer(char const*)
                0x00000000c00106dc                Timer::~Timer()
                0x00000000c00106dc                Timer::~Timer()
                0x00000000c0010700                Timer::~Timer()
                0x00000000c001072a                Timer::read()
                0x00000000c0010735                timerHandler(unsigned int)
                0x00000000c001089c                setupTimer(int)
 *fill*         0x00000000c0010996        0x2 
 .text          0x00000000c0010998      0x4af hal/vcache.32
                0x00000000c0010998                VCache::VCache(PhysicalDisk*)
                0x00000000c0010998                VCache::VCache(PhysicalDisk*)
                0x00000000c0010b00                VCache::invalidateReadBuffer()
                0x00000000c0010b10                VCache::writeWriteBuffer()
                0x00000000c0010b5c                VCache::~VCache()
                0x00000000c0010b5c                VCache::~VCache()
                0x00000000c0010bb0                VCache::~VCache()
                0x00000000c0010bd8                VCache::write(unsigned long long, int, void*)
                0x00000000c0010d1c                VCache::read(unsigned long long, int, void*)
 *fill*         0x00000000c0010e47        0x1 
 .text          0x00000000c0010e48      0x4b3 hal/video.32
                0x00000000c0010e48                Video::putrect(int, int, int, int, unsigned int)
                0x00000000c0010e94                Video::bitblit(int, int, int, int, int, int, int, unsigned int*)
                0x00000000c0010f04                Video::blit(unsigned int*, int, int, int, int)
                0x00000000c0010f82                Video::clearScreen(unsigned int)
                0x00000000c0010fb6                Video::putpixel(int, int, unsigned int)
                0x00000000c0010fc4                Video::Video(char const*)
                0x00000000c0010fc4                Video::Video(char const*)
                0x00000000c0010ffa                Video::~Video()
                0x00000000c0010ffa                Video::~Video()
                0x00000000c001101e                Video::~Video()
                0x00000000c0011048                Video::isMonochrome()
                0x00000000c0011054                Video::getWidth()
                0x00000000c0011060                Video::getHeight()
                0x00000000c001106c                Video::drawCursor(int, int, unsigned char*, int)
                0x00000000c0011128                Video::tgaParse(unsigned char*, int, int*, int*)
                0x00000000c0011290                Video::putTGA(int, int, unsigned char*, int)
 *fill*         0x00000000c00112fb        0x1 
 .text          0x00000000c00112fc     0x141b hw/acpi.32
                0x00000000c00112fc                ACPI::close(int, int, void*)
                0x00000000c00113b0                findRSDP()
                0x00000000c0011484                loadACPITables(unsigned char*)
                0x00000000c00116e8                findRSDT(unsigned char*)
                0x00000000c00118a8                findDataTable(unsigned char*, char*)
                0x00000000c0011920                scanMADT()
                0x00000000c0011dfc                ACPI::ACPI()
                0x00000000c0011dfc                ACPI::ACPI()
                0x00000000c0011e60                ACPI::getPCIIRQAssignment(unsigned char, unsigned short, unsigned char)
                0x00000000c0011f48                ACPI::registerPCIIRQAssignment(void*, unsigned short, unsigned char, unsigned char)
                0x00000000c0012010                ACPI::setScreenBrightnessLevel(void*, int)
                0x00000000c0012018                ACPI::detectPCI()
                0x00000000c0012230                ACPI::writeSimpleBootFlag(SimpleBootFlagTable*)
                0x00000000c0012278                ACPI::sleep()
                0x00000000c0012294                ACPI::open(int, int, void*)
 *fill*         0x00000000c0012717        0x1 
 .text          0x00000000c0012718     0x1525 hw/cpu.32
                0x00000000c0012718                CPU::close(int, int, void*)
                0x00000000c001271c                CPU::lookupAMDName(unsigned char, unsigned char)
                0x00000000c00128b0                CPU::lookupIntelName(unsigned char, unsigned char)
                0x00000000c0012b5e                CPU::AMD_K6_write_msr(unsigned int, unsigned int, unsigned int, CPU::REGS*)
                0x00000000c0012b7a                CPU::AMD_K6_read_msr(unsigned int, CPU::REGS*)
                0x00000000c0012b92                CPU::AMD_K6_writeback(int, int, int)
                0x00000000c0012c06                CPU::cpuid(int, unsigned long*, unsigned long*, unsigned long*, unsigned long*)
                0x00000000c0012c8a                CPU::cpuidCheckEDX(unsigned int)
                0x00000000c0012cb8                CPU::cpuidCheckECX(unsigned int)
                0x00000000c0012ce6                CPU::cpuidCheckExtendedEBX(unsigned int)
                0x00000000c0012d14                CPU::cpuidCheckExtendedECX(unsigned int)
                0x00000000c0012d42                CPU::CPU()
                0x00000000c0012d42                CPU::CPU()
                0x00000000c0012dd0                CPU::displayFeatures()
                0x00000000c0012dd2                CPU::detectFeatures()
                0x00000000c00137c4                CPU::setupSMEP()
                0x00000000c00137d0                CPU::setupUMIP()
                0x00000000c00137da                CPU::setupTSC()
                0x00000000c00137e4                CPU::setupLargePages()
                0x00000000c00137ee                CPU::setupPAT()
                0x00000000c001382a                CPU::setupMTRR()
                0x00000000c001382c                CPU::setupGlobalPages()
                0x00000000c0013836                CPU::allowUsermodeDataAccess()
                0x00000000c0013848                CPU::prohibitUsermodeDataAccess()
                0x00000000c001385a                CPU::setupSMAP()
                0x00000000c0013868                CPU::setupFeatures()
                0x00000000c00138e8                CPU::open(int, int, void*)
                0x00000000c0013a42                CPU::decodeAddress(regs*, int*, bool*, unsigned char*)
 .text          0x00000000c0013c3d        0x0 hw/ports.32
 .text          0x00000000c0013c3d      0x16a hw/smp.32
                0x00000000c0013c3d                Krnl::smpEntry()
                0x00000000c0013c3f                Krnl::startCPU(int)
                0x00000000c0013d88                Krnl::startCPUs()
 *fill*         0x00000000c0013da7        0x1 
 .text          0x00000000c0013da8      0x581 krnl/env.32
                0x00000000c0013da8                EnvVarContainer::getEnv(char const*)
                0x00000000c0013de6                EnvVarContainer::setEnv(char const*, char const*)
                0x00000000c0013ea8                EnvVarContainer::deleteEnv(char const*)
                0x00000000c0013eaa                EnvVarContainer::loadFrom(char const*, char const*)
                0x00000000c0014090                EnvVarContainer::__loadSystem()
                0x00000000c00140aa                EnvVarContainer::__loadUser()
                0x00000000c00140ac                EnvVarContainer::EnvVarContainer(Process*)
                0x00000000c00140ac                EnvVarContainer::EnvVarContainer(Process*)
                0x00000000c00140ce                EnvVarContainer::~EnvVarContainer()
                0x00000000c00140ce                EnvVarContainer::~EnvVarContainer()
                0x00000000c00140fe                Krnl::getEnv(Process*, char const*)
                0x00000000c0014163                Krnl::setEnvSystem(char const*, char const*)
                0x00000000c001417d                Krnl::setEnvUser(char const*, char const*)
                0x00000000c001419c                Krnl::setEnvProcess(Process*, char const*, char const*)
                0x00000000c00141af                Krnl::deleteEnvSystem(char const*)
                0x00000000c00141b0                Krnl::deleteEnvUser(char const*)
                0x00000000c00141b1                Krnl::deleteEnvProcess(Process*, char const*)
                0x00000000c00141b2                Krnl::newProcessEnv(Process*)
                0x00000000c00141d4                Krnl::copyProcessEnv(Process*, Process*)
                0x00000000c0014220                Krnl::loadSystemEnv()
                0x00000000c001424e                Krnl::loadUserEnv()
                0x00000000c0014274                Krnl::flushEnv()
                0x00000000c0014275                Krnl::getProcessTotalEnvCount(Process*)
                0x00000000c0014295                Krnl::getProcessEnvPair(Process*, int)
 .text          0x00000000c0014329      0x39c krnl/panic.32
                0x00000000c0014329                Krnl::panic(char const*)
 *fill*         0x00000000c00146c5        0x3 
 .text          0x00000000c00146c8      0x5a0 net/ethernet.32
                0x00000000c00146c8                Net::switchEndian16(unsigned short)
                0x00000000c00146ec                Net::switchEndian32(unsigned int)
                0x00000000c001471c                Net::crc32Calc(unsigned char*, int)
                0x00000000c00147c0                Net::wrapEthernetFrame(Net::UnwrappedEthernetFrame, unsigned char*)
                0x00000000c00149dc                Net::unwrapEthernetFrame(unsigned char*, int)
 .text          0x00000000c0014c68      0x50e reg/registry.32
                0x00000000c0014c68                Reg::findLineFromLoadedData(char*, char*, char*)
                0x00000000c0014dc0                Reg::getLineFromRegistry(char*, char*, char*, char*)
                0x00000000c0014f15                Reg::getLine(char*, char*, char*)
                0x00000000c0014f4c                Reg::readInt(char*, char*, int*)
                0x00000000c0015037                Reg::readString(char*, char*, char*, int)
                0x00000000c00150b8                Reg::readBool(char*, char*, bool*)
                0x00000000c00150dd                Reg::readBoolWithDefault(char*, char*, bool)
                0x00000000c0015109                Reg::readIntWithDefault(char*, char*, int)
                0x00000000c0015135                Reg::readStringWithDefault(char*, char*, char*, int, char*)
 .text          0x00000000c0015176       0x36 sys/sc_eject.32
                0x00000000c0015176                Sys::eject(regs*)
 .text          0x00000000c00151ac       0x18 sys/sc_exit.32
                0x00000000c00151ac                Sys::exit(regs*)
 .text          0x00000000c00151c4       0x1f sys/sc_getcwd.32
                0x00000000c00151c4                Sys::getCwd(regs*)
 .text          0x00000000c00151e3        0xc sys/sc_getpid.32
                0x00000000c00151e3                Sys::getPID(regs*)
 .text          0x00000000c00151ef       0x1a sys/sc_getramdata.32
                0x00000000c00151ef                Sys::getRAMData(regs*)
 .text          0x00000000c0015209       0x84 sys/sc_getvgaptr.32
                0x00000000c0015209                Sys::getVGAPtr(regs*)
 .text          0x00000000c001528d       0xa8 sys/sc_loaddll.32
                0x00000000c001528d                Sys::loadDLL(regs*)
 .text          0x00000000c0015335       0x68 sys/sc_read.32
                0x00000000c0015335                Sys::read(regs*)
 .text          0x00000000c001539d       0x55 sys/sc_sbrk.32
                0x00000000c001539d                Sys::sbrk(regs*)
 .text          0x00000000c00153f2       0x1c sys/sc_setcwd.32
                0x00000000c00153f2                Sys::setCwd(regs*)
 .text          0x00000000c001540e       0x95 sys/sc_settime.32
                0x00000000c001540e                Sys::setTime(regs*)
 .text          0x00000000c00154a3       0x4a sys/sc_timezone.32
                0x00000000c00154a3                Sys::timezone(regs*)
 .text          0x00000000c00154ed       0x68 sys/sc_write.32
                0x00000000c00154ed                Sys::write(regs*)
 .text          0x00000000c0015555       0x62 sys/sc_wsbe.32
                0x00000000c0015555                Sys::wsbe(regs*)
 .text          0x00000000c00155b7       0x38 sys/sc_yield.32
                0x00000000c00155b7                Sys::yield(regs*)
 .text          0x00000000c00155ef      0xf8e sys/syscalls.32
                0x00000000c00155ef                sysCallSeekDir(regs*)
                0x00000000c00155f4                sysCallTellDir(regs*)
                0x00000000c00155f9                sysCallVerify(regs*)
                0x00000000c0015603                sysCallGetArgc(regs*)
                0x00000000c0015613                sysFormatDisk(regs*)
                0x00000000c001567d                sysSetDiskVolumeLabel(regs*)
                0x00000000c00156c7                sysGetDiskVolumeLabel(regs*)
                0x00000000c001571c                sysShutdown(regs*)
                0x00000000c001577a                sysCallRealpath(regs*)
                0x00000000c00157bd                sysCallReadDir(regs*)
                0x00000000c001583c                sysCallIsATTY(regs*)
                0x00000000c0015896                sysCallSeek(regs*)
                0x00000000c00158ed                sysCallTell(regs*)
                0x00000000c0015959                sysCallSize(regs*)
                0x00000000c00159cb                sysCallSizeFromFilename(regs*)
                0x00000000c0015a7a                sysCallClose(regs*)
                0x00000000c0015ada                sysCallOpenDir(regs*)
                0x00000000c0015b4f                sysCallCloseDir(regs*)
                0x00000000c0015ba3                sysCallMakeDir(regs*)
                0x00000000c0015c13                sysCallWait(regs*)
                0x00000000c0015c2d                sysCallNotImpl(regs*)
                0x00000000c0015c48                sysPanic(regs*)
                0x00000000c0015c62                sysCallRmdir(regs*)
                0x00000000c0015cc6                sysCallUnlink(regs*)
                0x00000000c0015d2a                sysCallGetArgv(regs*)
                0x00000000c0015d76                sysCallTTYName(regs*)
                0x00000000c0015df9                sysCallUSleep(regs*)
                0x00000000c0015e22                sysCallSpawn(regs*)
                0x00000000c0015e8a                sysCallGetEnv(regs*)
                0x00000000c0015f37                sysAppSettings(regs*)
                0x00000000c001604b                sysSetFatAttrib(regs*)
                0x00000000c00160bd                sysPipe(regs*)
                0x00000000c0016102                sysGetUnixTime(regs*)
                0x00000000c0016116                string_ends_with(char const*, char const*)
                0x00000000c001615e                sysCallOpen(regs*)
                0x00000000c0016346                Sys::loadSyscalls()
                0x00000000c001653b                Sys::systemCall(regs*, void*)
 .text          0x00000000c001657d     0x1203 thr/elf.32
                0x00000000c001657d                Thr::allocateMemoryForTask(Process*, File*, unsigned long, unsigned long, unsigned long)
                0x00000000c0016827                Thr::loadProgramIntoMemory(Process*, char const*)
                0x00000000c0016a3d                Thr::runtimeReferenceHelper()
                0x00000000c0016a50                Thr::getAddressOfKernelSymbol(char const*)
                0x00000000c0016a9f                Thr::loadKernelSymbolTable(char const*)
                0x00000000c0016d5d                Thr::loadDriverIntoMemory(char const*, unsigned long, bool)
                0x00000000c0017493                Thr::getDriverBaseFromAddress(unsigned long)
                0x00000000c00174c5                Thr::getDriverNameFromAddress(unsigned long)
                0x00000000c00174fc                Thr::getDriverOffsetFromAddress(unsigned long)
                0x00000000c0017516                Thr::loadDLL(char const*, bool)
                0x00000000c0017747                Thr::executeDLL(unsigned long, void*)
 .text          0x00000000c0017780     0x12a9 thr/prcssthr.32
                0x00000000c0017780                userModeEntryPoint(void*)
                0x00000000c00177a8                changeTSS
                0x00000000c00177d8                switchToThread(ThreadControlBlock*)
                0x00000000c001788c                Process::addArgs(char**)
                0x00000000c00178ec                Process::Process(char const*, Process*, char**)
                0x00000000c00178ec                Process::Process(char const*, Process*, char**)
                0x00000000c0017ad8                Process::Process(bool, char const*, Process*, char**)
                0x00000000c0017ad8                Process::Process(bool, char const*, Process*, char**)
                0x00000000c0017c90                taskStartupFunction
                0x00000000c0017c9c                Semaphore::Semaphore(int)
                0x00000000c0017c9c                Semaphore::Semaphore(int)
                0x00000000c0017ccc                Mutex::Mutex()
                0x00000000c0017ccc                Mutex::Mutex()
                0x00000000c0017ce0                Process::createThread(void (*)(void*), void*, int)
                0x00000000c0017dd8                Process::createUserThread()
                0x00000000c0017df4                setupMultitasking(void (*)())
                0x00000000c0017efc                schedule()
                0x00000000c0017f88                Semaphore::tryAcquire()
                0x00000000c0018054                Semaphore::assertLocked(char const*)
                0x00000000c00180cc                blockTaskWithSchedulerLockAlreadyHeld(TaskState)
                0x00000000c00180f4                blockTask(TaskState)
                0x00000000c0018124                waitTask(int, int*, int)
                0x00000000c0018168                milliTenthSleepUntil(unsigned int)
                0x00000000c00181f4                milliTenthSleep(unsigned int)
                0x00000000c0018204                sleep(unsigned int)
                0x00000000c0018220                Semaphore::acquire()
                0x00000000c00182dc                taskReturned
                0x00000000c0018318                Thr::processFromPID(int)
                0x00000000c00183b8                unblockTask(ThreadControlBlock*)
                0x00000000c001845c                cleanupTerminatedTask(ThreadControlBlock*)
                0x00000000c0018724                cleanerTaskFunction(void*)
                0x00000000c0018814                terminateTask(int)
                0x00000000c00188e0                Thr::terminateFromIRQ(int)
                0x00000000c00188ec                Semaphore::release()
 .text          0x00000000c0018a29      0xada vm86/vm8086.32
                0x00000000c0018a29                Vm::inbv(unsigned short)
                0x00000000c0018a3c                Vm::outbv(unsigned short, unsigned char)
                0x00000000c0018a72                Vm::realToLinear(unsigned short, unsigned short)
                0x00000000c0018a82                Vm::getSegment(unsigned int)
                0x00000000c0018a8a                Vm::getOffset(unsigned int)
                0x00000000c0018a8f                Vm::mainloop2()
                0x00000000c0018ac9                Vm::mainVm8086Loop(void*)
                0x00000000c0018ad9                Vm::mainloop3(unsigned long)
                0x00000000c0018aff                Vm::initialise8086()
                0x00000000c0018b42                Vm::finish8086()
                0x00000000c0018ba3                Vm::getOutput8086(unsigned char*)
                0x00000000c0018bc8                Vm::start8086(char const*, unsigned short, unsigned short, unsigned short, unsigned short)
                0x00000000c0018d30                Vm::doISR(regs*, int, unsigned char*, unsigned short, unsigned short)
                0x00000000c0018dba                Vm::readByteFromReal(unsigned short, unsigned short)
                0x00000000c0018dcb                Vm::readWordFromReal(unsigned short, unsigned short)
                0x00000000c0018ddd                Vm::readDwordFromReal(unsigned short, unsigned short)
                0x00000000c0018dee                Vm::writeByteFromReal(unsigned short, unsigned short, unsigned char)
                0x00000000c0018e03                Vm::writeWordFromReal(unsigned short, unsigned short, unsigned short)
                0x00000000c0018e19                Vm::writeDwordFromReal(unsigned short, unsigned short, unsigned int)
                0x00000000c0018e2e                Vm::faultHandler(regs*)
 *fill*         0x00000000c0019503        0x1 
 .text          0x00000000c0019504      0xfcd vm86/x87em.32
                0x00000000c0019504                Vm::fpuInternalTo32(unsigned long long)
                0x00000000c0019562                Vm::fpuInternalTo64(unsigned long long)
                0x00000000c001956b                Vm::fpu32ToInternal(unsigned int)
                0x00000000c00195b0                Vm::fpu64ToInternal(unsigned long long)
                0x00000000c00195b9                Vm::fpuFloatToLong(unsigned long long)
                0x00000000c0019618                Vm::fpuULongToFloat(unsigned long long)
                0x00000000c0019654                Vm::fpuLongToFloat(long long)
                0x00000000c00196b3                Vm::fpuGet0()
                0x00000000c00196b8                Vm::fpuGet1()
                0x00000000c00196c0                Vm::fpuGetPi()
                0x00000000c00196c8                Vm::fpuGetLog2E()
                0x00000000c00196e0                Vm::fpuGetLogE2()
                0x00000000c00196f8                Vm::fpuGetLog210()
                0x00000000c0019710                Vm::fpuGetLog102()
                0x00000000c0019728                Vm::fpuIsSecondLarger(unsigned long long, unsigned long long)
                0x00000000c001973c                Vm::fpuAreEqual(unsigned long long, unsigned long long)
                0x00000000c0019752                Vm::fpuUnorderedCompare(unsigned long long, unsigned long long)
                0x00000000c00197a8                Vm::fpuAdd(unsigned long long, unsigned long long)
                0x00000000c00197b9                Vm::fpuAbs(unsigned long long)
                0x00000000c00197c2                Vm::fpuChs(unsigned long long)
                0x00000000c00197d2                Vm::fpuSub(unsigned long long, unsigned long long)
                0x00000000c00197e1                Vm::fpuMultiply(unsigned long long, unsigned long long)
                0x00000000c0019800                Vm::fpuDivide(unsigned long long, unsigned long long)
                0x00000000c001981c                Vm::fpuSquare(unsigned long long)
                0x00000000c0019832                Vm::fpuGetReg(int)
                0x00000000c0019875                Vm::fpuSetReg(int, unsigned long long)
                0x00000000c00198c1                Vm::fpuPush(unsigned long long)
                0x00000000c001991f                Vm::fpuPop()
                0x00000000c0019972                Vm::x87Handler(regs*)
 *fill*         0x00000000c001a4d1        0x3 
 .text          0x00000000c001a4d4     0x13b7 fs/fat/vfslink.32
                0x00000000c001a4d4                FAT::getName()
                0x00000000c001a4dc                FAT::tell(void*, unsigned long long*)
                0x00000000c001a518                FAT::stat(void*, unsigned long long*)
                0x00000000c001a554                FAT::~FAT()
                0x00000000c001a554                FAT::~FAT()
                0x00000000c001a578                FAT::~FAT()
                0x00000000c001a5a0                FAT::getlabel(LogicalDisk*, int, char*, unsigned int*)
                0x00000000c001a644                FAT::setlabel(LogicalDisk*, int, char*)
                0x00000000c001a708                FAT::format(LogicalDisk*, int, char const*, int)
                0x00000000c001a8dc                FAT::tryMount(LogicalDisk*, int)
                0x00000000c001aaf4                FAT::allocateSwapfile(char const*, int)
                0x00000000c001acb0                FAT::readDir(void*, unsigned long, void*, int*)
                0x00000000c001ae1c                FAT::read(void*, unsigned long, void*, int*)
                0x00000000c001ae7c                FAT::write(void*, unsigned long, void*, int*)
                0x00000000c001aedc                FAT::close(void*)
                0x00000000c001af30                FAT::closeDir(void*)
                0x00000000c001af84                FAT::seek(void*, unsigned long long)
                0x00000000c001afe0                fatWrapperReadDisk
                0x00000000c001b028                fatWrapperWriteDisk
                0x00000000c001b070                fatWrapperIoctl
                0x00000000c001b180                FAT::FAT()
                0x00000000c001b180                FAT::FAT()
                0x00000000c001b1d4                FAT::fixFilepath(char*)
                0x00000000c001b210                FAT::open(char const*, void**, FileOpenMode)
                0x00000000c001b344                FAT::openDir(char const*, void**)
                0x00000000c001b3f4                FAT::stat(char const*, unsigned long long*, bool*)
                0x00000000c001b4e8                FAT::unlink(char const*)
                0x00000000c001b568                FAT::chfatattr(char const*, unsigned char, unsigned char)
                0x00000000c001b6d0                FAT::rename(char const*, char const*)
                0x00000000c001b79c                FAT::mkdir(char const*)
                0x00000000c001b81c                FAT::exists(char const*)
 *fill*         0x00000000c001b88b        0x1 
 .text          0x00000000c001b88c      0xb75 fs/iso9660/vfslink.32
                0x00000000c001b88c                ISO9660::format(LogicalDisk*, int, char const*, int)
                0x00000000c001b892                ISO9660::seek(void*, unsigned long long)
                0x00000000c001b8c2                ISO9660::tell(void*, unsigned long long*)
                0x00000000c001b8e6                ISO9660::getName()
                0x00000000c001b8ec                ISO9660::stat(void*, unsigned long long*)
                0x00000000c001b910                ISO9660::chfatattr(char const*, unsigned char, unsigned char)
                0x00000000c001b916                ISO9660::unlink(char const*)
                0x00000000c001b91c                ISO9660::write(void*, unsigned long, void*, int*)
                0x00000000c001b922                ISO9660::rename(char const*, char const*)
                0x00000000c001b928                ISO9660::mkdir(char const*)
                0x00000000c001b92e                ISO9660::close(void*)
                0x00000000c001b950                ISO9660::closeDir(void*)
                0x00000000c001b972                ISO9660::~ISO9660()
                0x00000000c001b972                ISO9660::~ISO9660()
                0x00000000c001b996                ISO9660::~ISO9660()
                0x00000000c001b9bd                __memmem(unsigned char*, int, unsigned char*, int)
                0x00000000c001b9ff                readSectorFromCDROM(unsigned int, unsigned char*, char)
                0x00000000c001ba5a                ISO9660::tryMount(LogicalDisk*, int)
                0x00000000c001baaa                ISO9660::read(void*, unsigned long, void*, int*)
                0x00000000c001bcae                ISO9660::readDir(void*, unsigned long, void*, int*)
                0x00000000c001bf28                readRoot(unsigned int*, unsigned int*, char)
                0x00000000c001bf7c                readRecursively(char*, unsigned int, unsigned int, unsigned int*, unsigned int*, char, int*)
                0x00000000c001c14f                getFileData(char*, unsigned int*, unsigned int*, char, int*)
                0x00000000c001c1de                ISO9660::open(char const*, void**, FileOpenMode)
                0x00000000c001c28c                ISO9660::exists(char const*)
                0x00000000c001c2b0                ISO9660::stat(char const*, unsigned long long*, bool*)
                0x00000000c001c344                ISO9660::openDir(char const*, void**)
                0x00000000c001c3de                ISO9660::ISO9660()
                0x00000000c001c3de                ISO9660::ISO9660()
 *fill*         0x00000000c001c401        0x1 
 .text          0x00000000c001c402      0x2f0 hal/sound/sndcard.32
                0x00000000c001c402                SoundCard::beginPlayback()
                0x00000000c001c410                SoundCard::stopPlayback()
                0x00000000c001c41e                SoundCard::SoundCard(char const*)
                0x00000000c001c41e                SoundCard::SoundCard(char const*)
                0x00000000c001c4bc                SoundCard::~SoundCard()
                0x00000000c001c4bc                SoundCard::~SoundCard()
                0x00000000c001c4e0                SoundCard::~SoundCard()
                0x00000000c001c50a                SoundCard::configureRates(int, int, int)
                0x00000000c001c53a                SoundCard::getSamples16(int, short*)
                0x00000000c001c5fc                SoundCard::getSamples32(int, int*)
                0x00000000c001c682                SoundCard::addChannel(SoundPort*)
                0x00000000c001c6de                SoundCard::removeChannel(int)
 *fill*         0x00000000c001c6f2        0x2 
 .text          0x00000000c001c6f4      0x3fb hal/sound/sndport.32
                0x00000000c001c6f4                SoundPort::SoundPort(int, int, int, int)
                0x00000000c001c6f4                SoundPort::SoundPort(int, int, int, int)
                0x00000000c001c780                SoundPort::~SoundPort()
                0x00000000c001c780                SoundPort::~SoundPort()
                0x00000000c001c7b4                SoundPort::unpause()
                0x00000000c001c7c0                SoundPort::pause()
                0x00000000c001c7cc                SoundPort::getBufferUsed()
                0x00000000c001c7d4                SoundPort::getBufferSize()
                0x00000000c001c7dc                SoundPort::buffer16(short*, int)
                0x00000000c001c890                SoundPort::buffer32(int*, int)
                0x00000000c001c93c                SoundPort::unbufferAndAdd16(int, short*, SoundCard*)
                0x00000000c001ca38                SoundPort::unbufferAndAdd32(int, int*, SoundCard*)
 .text          0x00000000c001caef        0x0 hw/bus/isa.32
 *fill*         0x00000000c001caef        0x1 
 .text          0x00000000c001caf0      0xb87 hw/bus/pci.32
                0x00000000c001caf0                PCI::open(int, int, void*)
                0x00000000c001cb0e                PCI::close(int, int, void*)
                0x00000000c001cb12                PCI::PCI()
                0x00000000c001cb12                PCI::PCI()
                0x00000000c001cba8                PCI::readBAR8(unsigned int, int)
                0x00000000c001cbc4                PCI::readBAR16(unsigned int, int)
                0x00000000c001cbe2                PCI::readBAR32(unsigned int, int)
                0x00000000c001cbfe                PCI::writeBAR8(unsigned int, unsigned char, int)
                0x00000000c001cc1e                PCI::writeBAR16(unsigned int, unsigned short, int)
                0x00000000c001cc40                PCI::writeBAR32(unsigned int, unsigned int, int)
                0x00000000c001cc60                PCI::legacyMechanism(unsigned char, unsigned char, unsigned char, unsigned char)
                0x00000000c001ccce                PCI::pciReadWord(unsigned char, unsigned char, unsigned char, unsigned char)
                0x00000000c001cd76                PCI::getVendorID(unsigned char, unsigned char, unsigned char)
                0x00000000c001cd9a                PCI::getHeaderType(unsigned char, unsigned char, unsigned char)
                0x00000000c001cdc2                PCI::getClassCode(unsigned char, unsigned char, unsigned char)
                0x00000000c001ce0c                PCI::getProgIF(unsigned char, unsigned char, unsigned char)
                0x00000000c001ce34                PCI::getRevisionID(unsigned char, unsigned char, unsigned char)
                0x00000000c001ce58                PCI::getInterruptNumber(unsigned char, unsigned char, unsigned char)
                0x00000000c001ce7c                PCI::getSecondaryBus(unsigned char, unsigned char, unsigned char)
                0x00000000c001cea4                PCI::getBARAddress(unsigned char, unsigned char, unsigned char, unsigned char)
                0x00000000c001cf08                PCI::pciWriteWord(unsigned char, unsigned char, unsigned char, unsigned char, unsigned short)
                0x00000000c001cff0                PCI::pciDetailsToFilepath(PCIDeviceInfo, char*)
                0x00000000c001d26a                PCI::checkBus(unsigned char)
                0x00000000c001d28e                PCI::foundDevice(PCIDeviceInfo)
                0x00000000c001d400                PCI::getDeviceData(unsigned char, unsigned char, unsigned char)
                0x00000000c001d5b8                PCI::checkDevice(unsigned char, unsigned char)
                0x00000000c001d624                PCI::detect()
 *fill*         0x00000000c001d677        0x1 
 .text          0x00000000c001d678      0xb4a hw/diskctrl/ide.32
                0x00000000c001d678                IDE::close(int, int, void*)
                0x00000000c001d67c                IDE::IDE()
                0x00000000c001d67c                IDE::IDE()
                0x00000000c001d6b0                IDE::prepareInterrupt(unsigned char)
                0x00000000c001d6c2                selectDrive(unsigned char, unsigned char)
                0x00000000c001d6c4                IDE::getBase(unsigned char)
                0x00000000c001d6d6                IDE::write(unsigned char, unsigned char, unsigned char)
                0x00000000c001d796                IDE::read(unsigned char, unsigned char)
                0x00000000c001d844                IDE::waitInterrupt(unsigned char)
                0x00000000c001d8a6                ideChannel0IRQHandler(regs*, void*)
                0x00000000c001d8c2                ideChannel1IRQHandler(regs*, void*)
                0x00000000c001d8de                IDE::enableIRQs(unsigned char, bool)
                0x00000000c001d924                IDE::open(int, int, void*)
                0x00000000c001dd32                IDE::readBuffer(unsigned char, unsigned char, unsigned int, unsigned int)
                0x00000000c001ddfe                IDE::detect()
                0x00000000c001e0be                IDE::printError(unsigned char, unsigned char, unsigned char)
                0x00000000c001e16e                IDE::polling(unsigned char, unsigned int)
 .text          0x00000000c001e1c2      0x336 hw/diskctrl/satabus.32
                0x00000000c001e1c2                SATABus::close(int, int, void*)
                0x00000000c001e1c6                SATABus::detect()
                0x00000000c001e1c8                SATABus::SATABus()
                0x00000000c001e1c8                SATABus::SATABus()
                0x00000000c001e24e                SATABus::findCmdslot(SATABus::tagHBA_PORT volatile*)
                0x00000000c001e296                SATABus::checkType(SATABus::tagHBA_PORT volatile*)
                0x00000000c001e2de                SATABus::startCmd(SATABus::tagHBA_PORT volatile*)
                0x00000000c001e2fe                SATABus::stopCmd(SATABus::tagHBA_PORT volatile*)
                0x00000000c001e328                SATABus::portRebase(SATABus::tagHBA_PORT volatile*, int)
                0x00000000c001e42e                SATABus::probePort(SATABus::tagHBA_MEM volatile*)
                0x00000000c001e4d8                SATABus::open(int, int, void*)
 .text          0x00000000c001e4f8      0x684 hw/diskphys/ata.32
                0x00000000c001e4f8                ATA::close(int, int, void*)
                0x00000000c001e51c                ATA::powerSaving(PowerSavingLevel)
                0x00000000c001e51e                ATA::ATA()
                0x00000000c001e51e                ATA::ATA()
                0x00000000c001e54c                ATA::flush(bool)
                0x00000000c001e596                ATA::readyForCommand()
                0x00000000c001e5e2                ATA::access(unsigned long long, int, void*, bool)
                0x00000000c001e9d8                ATA::read(unsigned long long, int, void*)
                0x00000000c001ea24                ATA::write(unsigned long long, int, void*)
                0x00000000c001ea86                ATA::detectCHS()
                0x00000000c001eab0                ATA::open(int, int, void*)
 .text          0x00000000c001eb7c      0x5b9 hw/diskphys/atapi.32
                0x00000000c001eb7c                ATAPI::write(unsigned long long, int, void*)
                0x00000000c001eb82                ATAPI::close(int, int, void*)
                0x00000000c001eba6                ATAPI::ATAPI()
                0x00000000c001eba6                ATAPI::ATAPI()
                0x00000000c001ebd4                ATAPI::readyForCommand()
                0x00000000c001ec20                ATAPI::sendPacket(unsigned char*, int, bool, unsigned short*, int)
                0x00000000c001eee0                ATAPI::diskRemoved()
                0x00000000c001eefc                ATAPI::eject()
                0x00000000c001ef44                ATAPI::diskInserted()
                0x00000000c001ef72                ATAPI::detectMedia()
                0x00000000c001f02e                ATAPI::open(int, int, void*)
                0x00000000c001f0b6                ATAPI::read(unsigned long long, int, void*)
 *fill*         0x00000000c001f135        0x1 
 .text          0x00000000c001f136      0x41c hw/diskphys/sata.32
                0x00000000c001f136                SATA::close(int, int, void*)
                0x00000000c001f15a                SATA::powerSaving(PowerSavingLevel)
                0x00000000c001f15c                SATA::open(int, int, void*)
                0x00000000c001f206                SATA::SATA()
                0x00000000c001f206                SATA::SATA()
                0x00000000c001f234                SATA::access(unsigned long long, int, void*, bool)
                0x00000000c001f49a                SATA::read(unsigned long long, int, void*)
                0x00000000c001f4e6                SATA::write(unsigned long long, int, void*)
 .text          0x00000000c001f552      0x4fe hw/diskphys/satapi.32
                0x00000000c001f552                SATAPI::write(unsigned long long, int, void*)
                0x00000000c001f558                SATAPI::close(int, int, void*)
                0x00000000c001f57c                SATAPI::SATAPI()
                0x00000000c001f57c                SATAPI::SATAPI()
                0x00000000c001f5aa                SATAPI::diskRemoved()
                0x00000000c001f5c6                SATAPI::diskInserted()
                0x00000000c001f5f4                SATAPI::sendPacket(unsigned char*, int, unsigned long long, unsigned short*, int)
                0x00000000c001f7fc                SATAPI::eject()
                0x00000000c001f844                SATAPI::detectMedia()
                0x00000000c001f906                SATAPI::open(int, int, void*)
                0x00000000c001f9ae                SATAPI::read(unsigned long long, int, void*)
 .text          0x00000000c001fa50       0x94 hw/fpu/avx.32
                0x00000000c001fa50                AVX::open(int, int, void*)
                0x00000000c001fa64                AVX::close(int, int, void*)
                0x00000000c001fa78                AVX::available()
                0x00000000c001fa8c                AVX::save(void*)
                0x00000000c001faa4                AVX::load(void*)
                0x00000000c001fabc                AVX::AVX()
                0x00000000c001fabc                AVX::AVX()
 .text          0x00000000c001fae4       0x94 hw/fpu/mmx.32
                0x00000000c001fae4                MMX::available()
                0x00000000c001faf8                MMX::open(int, int, void*)
                0x00000000c001fb0c                MMX::close(int, int, void*)
                0x00000000c001fb20                MMX::save(void*)
                0x00000000c001fb38                MMX::load(void*)
                0x00000000c001fb50                MMX::MMX()
                0x00000000c001fb50                MMX::MMX()
 .text          0x00000000c001fb78       0x9c hw/fpu/sse.32
                0x00000000c001fb78                SSE::open(int, int, void*)
                0x00000000c001fb8c                SSE::close(int, int, void*)
                0x00000000c001fba0                SSE::available()
                0x00000000c001fbbc                SSE::save(void*)
                0x00000000c001fbd4                SSE::load(void*)
                0x00000000c001fbec                SSE::SSE()
                0x00000000c001fbec                SSE::SSE()
 .text          0x00000000c001fc14       0x94 hw/fpu/x87.32
                0x00000000c001fc14                x87::open(int, int, void*)
                0x00000000c001fc28                x87::close(int, int, void*)
                0x00000000c001fc3c                x87::available()
                0x00000000c001fc50                x87::save(void*)
                0x00000000c001fc68                x87::load(void*)
                0x00000000c001fc80                x87::x87()
                0x00000000c001fc80                x87::x87()
 .text          0x00000000c001fca8      0x71e hw/intctrl/apic.32
                0x00000000c001fca8                APIC::disable()
                0x00000000c001fcaa                APIC::close(int, int, void*)
                0x00000000c001fccc                IOAPIC::close(int, int, void*)
                0x00000000c001fcd2                APIC::io_wait()
                0x00000000c001fcd8                APIC::getBase()
                0x00000000c001fd1a                APIC::eoi(unsigned char)
                0x00000000c001fd48                APIC::open(int, int, void*)
                0x00000000c001fe96                IOAPIC::IOAPIC()
                0x00000000c001fe96                IOAPIC::IOAPIC()
                0x00000000c001febe                APIC::APIC()
                0x00000000c001febe                APIC::APIC()
                0x00000000c001ff9a                IOAPIC::handlesGSIWithNumber(unsigned int)
                0x00000000c001ffcc                IOAPIC::read(int)
                0x00000000c001fff4                IOAPIC::open(int, int, void*)
                0x00000000c00200ea                IOAPIC::write(int, int)
                0x00000000c0020116                IOAPIC::redirect(unsigned char, unsigned long long, unsigned char, bool, bool)
                0x00000000c0020210                APIC::installIRQHandler(int, void (*)(regs*, void*), bool, void*)
 .text          0x00000000c00203c6      0x3d3 hw/intctrl/pic.32
                0x00000000c00203c6                PIC::disable()
                0x00000000c00203f4                PIC::close(int, int, void*)
                0x00000000c0020416                PIC::PIC()
                0x00000000c0020416                PIC::PIC()
                0x00000000c00204ec                PIC::ioWait()
                0x00000000c00204f2                PIC::getIRQReg(int)
                0x00000000c002055c                PIC::eoi(unsigned char)
                0x00000000c00205ee                PIC::remap()
                0x00000000c002075a                PIC::open(int, int, void*)
 *fill*         0x00000000c0020799        0x3 
 .text          0x00000000c002079c      0x240 hw/timer/apictimer.32
                0x00000000c002079c                APICTimer::close(int, int, void*)
                0x00000000c00207a4                apicTimerHandler(regs*, void*)
                0x00000000c00207cc                APICTimer::write(int)
                0x00000000c00208b4                APICTimer::open(int, int, void*)
                0x00000000c00209b4                APICTimer::APICTimer()
                0x00000000c00209b4                APICTimer::APICTimer()
 .text          0x00000000c00209dc      0x1a3 hw/timer/pit.32
                0x00000000c00209dc                PIT::write(int)
                0x00000000c0020a5c                pitHandler(regs*, void*)
                0x00000000c0020a80                PIT::open(int, int, void*)
                0x00000000c0020ad0                PIT::close(int, int, void*)
                0x00000000c0020b00                PIT::PIT()
                0x00000000c0020b00                PIT::PIT()
 *fill*         0x00000000c0020b7f        0x1 
 .text          0x00000000c0020b80       0x1e hw/fpu/x86/avx.32
                0x00000000c0020b80                avxDetect
                0x00000000c0020b86                avxSave
                0x00000000c0020b87                avxLoad
                0x00000000c0020b88                avxInit
                0x00000000c0020b89                avxClose
                0x00000000c0020b8a                wouldSheSayYes
 *fill*         0x00000000c0020b9e        0x2 
 .text          0x00000000c0020ba0       0x35 hw/fpu/x86/sse.32
                0x00000000c0020ba0                absolutelyNoChanceInHell
                0x00000000c0020ba0                sseDetect
                0x00000000c0020bb8                sseSave
                0x00000000c0020bbe                sseLoad
                0x00000000c0020bc4                sseInit
                0x00000000c0020bd4                sseClose
 *fill*         0x00000000c0020bd5        0xb 
 .text          0x00000000c0020be0       0x4d hw/fpu/x86/x87.32
                0x00000000c0020be6                x87Detect
                0x00000000c0020c01                x87Save
                0x00000000c0020c0a                x87Load
                0x00000000c0020c12                x87Init
                0x00000000c0020c2c                x87Close
 *fill*         0x00000000c0020c2d        0x3 
 .text          0x00000000c0020c30       0x25 /cygdrive/d/Users/Alex/Desktop/Toolchain/Output/bin/../lib/gcc/i386-banana/8.1.0/crtend.o
 .text          0x00000000c0020c55        0x0 crtn.32
 *fill*         0x00000000c0020c55        0x3 
 .text          0x00000000c0020c58      0x14b /cygdrive/d/Users/Alex/Desktop/Toolchain/Output/bin/../lib/gcc/i386-banana/8.1.0/libkgcc.a(_divdi3.o)
                0x00000000c0020c58                __divdi3
 *fill*         0x00000000c0020da3        0x1 
 .text          0x00000000c0020da4      0x17e /cygdrive/d/Users/Alex/Desktop/Toolchain/Output/bin/../lib/gcc/i386-banana/8.1.0/libkgcc.a(_moddi3.o)
                0x00000000c0020da4                __moddi3
 *fill*         0x00000000c0020f22        0x2 
 .text          0x00000000c0020f24       0xff /cygdrive/d/Users/Alex/Desktop/Toolchain/Output/bin/../lib/gcc/i386-banana/8.1.0/libkgcc.a(_udivdi3.o)
                0x00000000c0020f24                __udivdi3
 *fill*         0x00000000c0021023        0x1 
 .text          0x00000000c0021024      0x11a /cygdrive/d/Users/Alex/Desktop/Toolchain/Output/bin/../lib/gcc/i386-banana/8.1.0/libkgcc.a(_umoddi3.o)
                0x00000000c0021024                __umoddi3
 *(.gnu.linkonce.t*)

.iplt           0x00000000c0021140        0x0
 .iplt          0x00000000c0021140        0x0 D:/Users/Alex/Desktop/Banana/kernel/boot.32

.init           0x00000000c002113e        0xf
 .init          0x00000000c002113e        0x3 crti.32
                0x00000000c002113e                _init
 .init          0x00000000c0021141        0x5 /cygdrive/d/Users/Alex/Desktop/Toolchain/Output/bin/../lib/gcc/i386-banana/8.1.0/crtbegin.o
 .init          0x00000000c0021146        0x5 /cygdrive/d/Users/Alex/Desktop/Toolchain/Output/bin/../lib/gcc/i386-banana/8.1.0/crtend.o
 .init          0x00000000c002114b        0x2 crtn.32

.fini           0x00000000c002114d        0xa
 .fini          0x00000000c002114d        0x3 crti.32
                0x00000000c002114d                _fini
 .fini          0x00000000c0021150        0x5 /cygdrive/d/Users/Alex/Desktop/Toolchain/Output/bin/../lib/gcc/i386-banana/8.1.0/crtbegin.o
 .fini          0x00000000c0021155        0x2 crtn.32

.text._ZN8ComputerD2Ev
                0x00000000c0021158       0x23
 .text._ZN8ComputerD2Ev
                0x00000000c0021158       0x23 core/computer.32
                0x00000000c0021158                Computer::~Computer()
                0x00000000c0021158                Computer::~Computer()

.text._ZN8ComputerD0Ev
                0x00000000c002117c       0x2a
 .text._ZN8ComputerD0Ev
                0x00000000c002117c       0x2a core/computer.32
                0x00000000c002117c                Computer::~Computer()

.text._Z10idleCommonv
                0x00000000c00211a6       0x21
 .text._Z10idleCommonv
                0x00000000c00211a6       0x21 core/idle.32
                0x00000000c00211a6                idleCommon()

.text._ZN10LinkedListI8UnixFileED2Ev
                0x00000000c00211c8        0x2
 .text._ZN10LinkedListI8UnixFileED2Ev
                0x00000000c00211c8        0x2 core/unixfile.32
                0x00000000c00211c8                LinkedList<UnixFile>::~LinkedList()
                0x00000000c00211c8                LinkedList<UnixFile>::~LinkedList()

.text._ZN10LinkedListI8UnixFileEC2Ev
                0x00000000c00211ca       0x42
 .text._ZN10LinkedListI8UnixFileEC2Ev
                0x00000000c00211ca       0x42 core/unixfile.32
                0x00000000c00211ca                LinkedList<UnixFile>::LinkedList()
                0x00000000c00211ca                LinkedList<UnixFile>::LinkedList()

.text._ZN10LinkedListI8UnixFileE10addElementEPS0_
                0x00000000c002120c       0xd3
 .text._ZN10LinkedListI8UnixFileE10addElementEPS0_
                0x00000000c002120c       0xd3 core/unixfile.32
                0x00000000c002120c                LinkedList<UnixFile>::addElement(UnixFile*)

.text._ZN10LinkedListI8UnixFileE15getFirstElementEv
                0x00000000c00212e0        0x7
 .text._ZN10LinkedListI8UnixFileE15getFirstElementEv
                0x00000000c00212e0        0x7 core/unixfile.32
                0x00000000c00212e0                LinkedList<UnixFile>::getFirstElement()

.text._ZN10LinkedListI8UnixFileE11removeFirstEv