Archive member included to satisfy reference by file (symbol)

/cygdrive/d/Users/Alex/Desktop/Toolchain/Output/bin/../lib/gcc/i386-banana/8.1.0/libkgcc.a(_divdi3.o)
                              krnl/resolve.32 (__divdi3)
/cygdrive/d/Users/Alex/Desktop/Toolchain/Output/bin/../lib/gcc/i386-banana/8.1.0/libkgcc.a(_moddi3.o)
                              krnl/resolve.32 (__moddi3)
/cygdrive/d/Users/Alex/Desktop/Toolchain/Output/bin/../lib/gcc/i386-banana/8.1.0/libkgcc.a(_udivdi3.o)
                              hal/clock.32 (__udivdi3)
/cygdrive/d/Users/Alex/Desktop/Toolchain/Output/bin/../lib/gcc/i386-banana/8.1.0/libkgcc.a(_umoddi3.o)
                              core/pipe.32 (__umoddi3)

Allocating common symbols
Common symbol       size              file

dcache              0x40              fs/iso9660/iso9660.32
cdDriveLetter       0x1               fs/iso9660/iso9660.32
icache              0x40              fs/iso9660/iso9660.32

Discarded input sections

 .comment       0x0000000000000000       0x12 /cygdrive/d/Users/Alex/Desktop/Toolchain/Output/bin/../lib/gcc/i386-banana/8.1.0/crtbegin.o
 .comment       0x0000000000000000       0x12 acpica/utclib.32
 .comment       0x0000000000000000       0x12 core/malloc.32
 .comment       0x0000000000000000       0x12 libk/ctype.32
 .comment       0x0000000000000000       0x12 libk/string.32
 .comment       0x0000000000000000       0x12 fs/fat/diskio.32
 .comment       0x0000000000000000       0x12 fs/fat/ff.32
 .comment       0x0000000000000000       0x12 fs/fat/ffsystem.32
 .comment       0x0000000000000000       0x12 fs/fat/ffunicode.32
 .comment       0x0000000000000000       0x12 fs/iso9660/iso9660.32
 .group         0x0000000000000000       0x14 core/computer.32
 .group         0x0000000000000000        0xc core/computer.32
 .comment       0x0000000000000000       0x12 core/computer.32
 .comment       0x0000000000000000       0x12 core/gdt.32
 .group         0x0000000000000000        0xc core/idle.32
 .comment       0x0000000000000000       0x12 core/idle.32
 .comment       0x0000000000000000       0x12 core/idt.32
 .comment       0x0000000000000000       0x12 core/kheap.32
 .comment       0x0000000000000000       0x12 core/main.32
 .comment       0x0000000000000000       0x12 core/physmgr.32
 .group         0x0000000000000000        0xc core/pipe.32
 .comment       0x0000000000000000       0x12 core/pipe.32
 .group         0x0000000000000000        0xc core/terminal.32
 .comment       0x0000000000000000       0x12 core/terminal.32
 .comment       0x0000000000000000       0x12 core/tss.32
 .group         0x0000000000000000        0x8 core/unixfile.32
 .group         0x0000000000000000        0x8 core/unixfile.32
 .group         0x0000000000000000        0xc core/unixfile.32
 .group         0x0000000000000000        0x8 core/unixfile.32
 .group         0x0000000000000000        0xc core/unixfile.32
 .group         0x0000000000000000        0x8 core/unixfile.32
 .group         0x0000000000000000        0xc core/unixfile.32
 .group         0x0000000000000000        0xc core/unixfile.32
 .comment       0x0000000000000000       0x12 core/unixfile.32
 .comment       0x0000000000000000       0x12 core/virtmgr.32
 .comment       0x0000000000000000       0x12 coreobjs/c++.32
 .comment       0x0000000000000000       0x12 dbg/kconsole.32
 .group         0x0000000000000000        0xc fs/vfs.32
 .group         0x0000000000000000        0xc fs/vfs.32
 .group         0x0000000000000000        0xc fs/vfs.32
 .comment       0x0000000000000000       0x12 fs/vfs.32
 .group         0x0000000000000000        0xc hal/bus.32
 .comment       0x0000000000000000       0x12 hal/bus.32
 .comment       0x0000000000000000       0x12 hal/buzzer.32
 .group         0x0000000000000000        0xc hal/clock.32
 .comment       0x0000000000000000       0x12 hal/clock.32
 .group         0x0000000000000000       0x14 hal/device.32
 .group         0x0000000000000000        0xc hal/device.32
 .group         0x0000000000000000        0x8 hal/device.32
 .group         0x0000000000000000        0xc hal/device.32
 .group         0x0000000000000000        0xc hal/device.32
 .comment       0x0000000000000000       0x12 hal/device.32
 .group         0x0000000000000000        0xc hal/diskctrl.32
 .comment       0x0000000000000000       0x12 hal/diskctrl.32
 .group         0x0000000000000000        0xc hal/diskphys.32
 .comment       0x0000000000000000       0x12 hal/diskphys.32
 .comment       0x0000000000000000       0x12 hal/fpu.32
 .comment       0x0000000000000000       0x12 hal/intctrl.32
 .group         0x0000000000000000        0xc hal/keybrd.32
 .comment       0x0000000000000000       0x12 hal/keybrd.32
 .group         0x0000000000000000        0xc hal/logidisk.32
 .comment       0x0000000000000000       0x12 hal/logidisk.32
 .group         0x0000000000000000        0xc hal/mouse.32
 .comment       0x0000000000000000       0x12 hal/mouse.32
[...]
Memory Configuration

Name             Origin             Length             Attributes
*default*        0x0000000000000000 0xffffffffffffffff

Linker script and memory map

LOAD D:/Users/Alex/Desktop/Banana/kernel/boot.32
LOAD crti.32
LOAD /cygdrive/d/Users/Alex/Desktop/Toolchain/Output/bin/../lib/gcc/i386-banana/8.1.0/crtbegin.o
LOAD D:/Users/Alex/Desktop/Banana/kernel/morenasm.32
LOAD acpica/utclib.32
LOAD core/malloc.32
LOAD libk/ctype.32
LOAD libk/string.32
LOAD fs/fat/diskio.32
LOAD fs/fat/ff.32
LOAD fs/fat/ffsystem.32
LOAD fs/fat/ffunicode.32
LOAD fs/iso9660/iso9660.32
LOAD core/computer.32
LOAD core/gdt.32
LOAD core/idle.32
LOAD core/idt.32
LOAD core/kheap.32
LOAD core/main.32
LOAD core/physmgr.32
LOAD core/pipe.32
LOAD core/terminal.32
LOAD core/tss.32
LOAD core/unixfile.32
LOAD core/virtmgr.32
LOAD coreobjs/c++.32
LOAD dbg/kconsole.32
LOAD fs/vfs.32
LOAD hal/bus.32
LOAD hal/buzzer.32
LOAD hal/clock.32
LOAD hal/device.32
LOAD hal/diskctrl.32
LOAD hal/diskphys.32
LOAD hal/fpu.32
LOAD hal/intctrl.32
LOAD hal/keybrd.32
LOAD hal/logidisk.32
LOAD hal/mouse.32
LOAD hal/partition.32
LOAD hal/serial.32
LOAD hal/timer.32
LOAD hal/vcache.32
LOAD hal/video.32
LOAD hw/acpi.32
LOAD hw/cpu.32
LOAD krnl/bootmsg.32
LOAD krnl/env.32
LOAD krnl/inlines.32
LOAD krnl/panic.32
LOAD krnl/powctrl.32
LOAD krnl/resolve.32
LOAD krnl/signal.32
LOAD krnl/syscalls.32
LOAD reg/registry.32
LOAD sys/eject.32
LOAD sys/exit.32
LOAD sys/getcwd.32
LOAD sys/getpid.32
LOAD sys/getramdata.32
LOAD sys/getvgaptr.32
LOAD sys/loaddll.32
LOAD sys/read.32
LOAD sys/registersignal.32
LOAD sys/sbrk.32
LOAD sys/setcwd.32
LOAD sys/settime.32
LOAD sys/timezone.32
LOAD sys/write.32
LOAD sys/wsbe.32
LOAD sys/yield.32
LOAD thr/elf.32
LOAD thr/prcssthr.32
LOAD vm86/vm8086.32
LOAD arch/i386/hal.32
LOAD arch/i386/pic.32
LOAD arch/i386/rtc.32
LOAD arch/i386/vga.32
LOAD fs/fat/vfslink.32
LOAD fs/iso9660/helper.32
LOAD fs/iso9660/vfslink.32
LOAD hal/sound/sndcard.32
LOAD hal/sound/sndport.32
LOAD hw/bus/isa.32
LOAD hw/bus/pci.32
LOAD hw/diskctrl/ide.32
LOAD hw/diskctrl/satabus.32
LOAD hw/diskphys/ata.32
LOAD hw/diskphys/atapi.32
LOAD hw/diskphys/sata.32
LOAD hw/diskphys/satapi.32
LOAD hw/intctrl/apic.32
LOAD hw/timer/apictimer.32
LOAD hw/timer/pit.32
LOAD arch/i386/avx.32
LOAD arch/i386/interrupt.32
LOAD arch/i386/rdrand.32
LOAD arch/i386/sse.32
LOAD arch/i386/x87.32
LOAD /cygdrive/d/Users/Alex/Desktop/Toolchain/Output/bin/../lib/gcc/i386-banana/8.1.0/crtend.o
LOAD crtn.32
LOAD /cygdrive/d/Users/Alex/Desktop/Toolchain/Output/bin/../lib/gcc/i386-banana/8.1.0/libkgcc.a
LOAD D:/Users/Alex/Desktop/Banana/kernel/libsoftfp.a
LOAD D:/Users/Alex/Desktop/Banana/kernel/libk/libm32.a
                0x00000000c0000000                . = 0xc0000000

.text           0x00000000c0000000    0x1c40a
 *(.text)
 .text          0x00000000c0000000       0x20 D:/Users/Alex/Desktop/Banana/kernel/boot.32
 .text          0x00000000c0000020        0x0 crti.32
 .text          0x00000000c0000020      0x101 /cygdrive/d/Users/Alex/Desktop/Toolchain/Output/bin/../lib/gcc/i386-banana/8.1.0/crtbegin.o
 *fill*         0x00000000c0000121        0xf 
 .text          0x00000000c0000130      0x252 D:/Users/Alex/Desktop/Banana/kernel/morenasm.32
                0x00000000c0000130                manualPCIProbe
                0x00000000c000017b                prepareTramp
                0x00000000c0000194                doTPAUSE
                0x00000000c000019e                hasLegacyFPU
                0x00000000c00001c3                is486
                0x00000000c00001f9                detectCPUID
                0x00000000c000020f                goToVM86
                0x00000000c000023f                goToUsermode
                0x00000000c0000269                switchToThreadASMFirstTime
                0x00000000c0000277                switchToThreadASM
                0x00000000c00002ff                asmQuickAcquireLock
                0x00000000c000031d                asmQuickReleaseLock
                0x00000000c0000329                asmAcquireLock
                0x00000000c000034a                asmReleaseLock
                0x00000000c000035d                loadGDT
                0x00000000c000037d                memcpy
 *fill*         0x00000000c0000382        0xe 
 .text          0x00000000c0000390      0x79e acpica/utclib.32
                0x00000000c0000390                memcmp
                0x00000000c00003e0                memmove
                0x00000000c00004d0                memset
                0x00000000c0000540                strlen
                0x00000000c0000570                strpbrk
                0x00000000c00005b0                strtok
                0x00000000c0000600                strcpy
                0x00000000c0000630                strncpy
                0x00000000c00006e0                strcmp
                0x00000000c0000730                strchr
                0x00000000c0000760                strncmp
                0x00000000c00007c0                strcat
                0x00000000c00007f0                strncat
                0x00000000c0000850                strstr
                0x00000000c00008b0                toupper
                0x00000000c00008d0                tolower
                0x00000000c00008f0                simple_strtoul
 .text          0x00000000c0000b2e      0xfad core/malloc.32
                0x00000000c0000c99                dlfree
                0x00000000c0000ff4                dlmalloc
                0x00000000c0001531                dlrealloc
                0x00000000c00016d4                dlmemalign
                0x00000000c00017f7                dlcalloc
                0x00000000c0001891                dlcfree
                0x00000000c0001896                dlindependent_calloc
                0x00000000c00018bb                dlindependent_comalloc
                0x00000000c00018d2                dlvalloc
                0x00000000c00018fd                dlpvalloc
                0x00000000c0001933                dlmalloc_trim
                0x00000000c0001940                dlmalloc_usable_size
                0x00000000c0001971                dlmallinfo
                0x00000000c0001a40                dlmalloc_stats
                0x00000000c0001a51                dlmallopt
 *fill*         0x00000000c0001adb        0x1 
 .text          0x00000000c0001adc      0x1f2 libk/ctype.32
                0x00000000c0001adc                isblank
                0x00000000c0001afc                iscntrl
                0x00000000c0001b1c                isdigit
                0x00000000c0001b38                islower
                0x00000000c0001b54                isspace
                0x00000000c0001b7c                isupper
                0x00000000c0001b98                isalpha
                0x00000000c0001bc8                isalnum
                0x00000000c0001bf8                ispunct
                0x00000000c0001c38                isgraph
                0x00000000c0001c68                isprint
                0x00000000c0001c90                isxdigit
 .text          0x00000000c0001cce        0x0 libk/string.32
 .text          0x00000000c0001cce       0x51 fs/fat/diskio.32
                0x00000000c0001cce                disk_status
                0x00000000c0001cd1                disk_initialize
                0x00000000c0001cd4                disk_read
                0x00000000c0001cea                disk_write
                0x00000000c0001d00                disk_ioctl
 .text          0x00000000c0001d1f     0x3d4b fs/fat/ff.32
                0x00000000c0003abb                f_mount
                0x00000000c0003b1d                f_open
                0x00000000c0003de8                f_read
                0x00000000c0003fe7                f_write
                0x00000000c000421b                f_sync
                0x00000000c00042d0                f_close
                0x00000000c00042ff                f_lseek
                0x00000000c00044a6                f_opendir
                0x00000000c0004571                f_closedir
                0x00000000c0004593                f_readdir
                0x00000000c0004625                f_stat
                0x00000000c00046a4                f_getfree
                0x00000000c00047a6                f_truncate
                0x00000000c000488a                f_unlink
                0x00000000c00049ac                f_mkdir
                0x00000000c0004b47                f_rename
                0x00000000c0004cfd                f_chmod
                0x00000000c0004da6                f_utime
                0x00000000c0004e54                f_getlabel
                0x00000000c0004fa5                f_setlabel
                0x00000000c0005135                f_expand
                0x00000000c0005295                f_mkfs
 *fill*         0x00000000c0005a6a        0x2 
 .text          0x00000000c0005a6c       0x2f fs/fat/ffsystem.32
                0x00000000c0005a6c                ff_memalloc
                0x00000000c0005a84                ff_memfree
 *fill*         0x00000000c0005a9b        0x1 
 .text          0x00000000c0005a9c      0x2a8 fs/fat/ffunicode.32
                0x00000000c0005a9c                ff_uni2oem
                0x00000000c0005b3c                ff_oem2uni
                0x00000000c0005bb4                ff_wtoupper
 .text          0x00000000c0005d44      0xc76 fs/iso9660/iso9660.32
                0x00000000c0005f63                isoReadDiscSector
                0x00000000c0005ffe                strnicmp
                0x00000000c00062b1                stricmp
                0x00000000c00062fd                iso_open
                0x00000000c0006387                iso_close
                0x00000000c00063a5                iso_read
                0x00000000c00064bb                iso_seek
                0x00000000c000653f                iso_tell
                0x00000000c0006570                iso_total
                0x00000000c000659b                fn_postprocess
                0x00000000c00065c1                iso_readdir
                0x00000000c00067b2                iso_reset
                0x00000000c00067bf                init_percd
                0x00000000c00068b9                iso_ioctl
                0x00000000c00068c1                fs_iso9660_init
                0x00000000c000694a                fs_iso9660_shutdown
 .text          0x00000000c00069ba      0x685 core/computer.32
                0x00000000c00069ba                Computer::close(int, int, void*)
                0x00000000c00069ff                Krnl::firstTask()
                0x00000000c0006b32                Computer::Computer()
                0x00000000c0006b32                Computer::Computer()
                0x00000000c0006be4                Computer::setBootMessage(char const*)
                0x00000000c0006be6                Computer::detectFeatures()
                0x00000000c0006df0                Computer::displayFeatures()
                0x00000000c0006df2                Computer::rdmsr(unsigned int)
                0x00000000c0006e1e                Computer::wrmsr(unsigned int, unsigned long long)
                0x00000000c0006e56                Computer::shutdown()
                0x00000000c0006e6e                Computer::restart()
                0x00000000c0006e86                Computer::sleep()
                0x00000000c0006e9a                Computer::nmiEnabled()
                0x00000000c0006ea6                Computer::readCMOS(unsigned char)
                0x00000000c0006ec0                Computer::enableNMI(bool)
                0x00000000c0006ed8                Computer::open(int, int, void*)
                0x00000000c0006fac                Computer::disableNMI()
                0x00000000c0006fbc                Computer::writeCMOS(unsigned char, unsigned char)
                0x00000000c0006fda                Computer::handleNMI()
 *fill*         0x00000000c000703f        0x1 
 .text          0x00000000c0007040      0x1cf core/gdt.32
                0x00000000c0007040                GDTEntry::setBase(unsigned int)
                0x00000000c000705c                GDTEntry::setLimit(unsigned int)
                0x00000000c000707a                GDT::GDT()
                0x00000000c000707a                GDT::GDT()
                0x00000000c0007090                GDT::addEntry(GDTEntry)
                0x00000000c00070b2                GDT::getNumberOfEntries()
                0x00000000c00070ba                GDT::flush()
                0x00000000c00070dc                GDT::setup()
 .text          0x00000000c000720f       0x1d core/idle.32
                0x00000000c000720f                idleFunction(void*)
 .text          0x00000000c000722c      0x464 core/idt.32
                0x00000000c000722c                IDTEntry::IDTEntry(bool)
                0x00000000c000722c                IDTEntry::IDTEntry(bool)
                0x00000000c000729e                IDTEntry::setOffset(unsigned int)
                0x00000000c00072b4                IDT::IDT()
                0x00000000c00072b4                IDT::IDT()
                0x00000000c00072b6                IDT::getPointerToInvalidOpcodeEntryForF00F()
                0x00000000c00072be                IDT::addEntry(IDTEntry, int)
                0x00000000c00072d8                IDT::addEntry(int, void (*)(), bool)
                0x00000000c0007310                IDT::flush()
                0x00000000c000732a                IDT::setup()
 .text          0x00000000c0007690      0x183 core/kheap.32
                0x00000000c0007690                sbrk
                0x00000000c0007725                mmap
                0x00000000c000773b                munmap
                0x00000000c0007751                liballoc_lock()
                0x00000000c000775e                liballoc_unlock()
                0x00000000c0007772                liballoc_alloc(int)
                0x00000000c000778a                liballoc_free(void*, int)
                0x00000000c00077a5                realloc
                0x00000000c00077b9                malloc
                0x00000000c00077c9                free
                0x00000000c00077d9                rfree
                0x00000000c00077e9                calloc
 .text          0x00000000c0007813       0xc3 core/main.32
                0x00000000c0007813                KeEntryPoint
 .text          0x00000000c00078d6      0x5dc core/physmgr.32
                0x00000000c00078d6                Phys::allocateDMA(unsigned long)
                0x00000000c00079ad                Phys::freeDMA(unsigned long, unsigned long)
                0x00000000c00079e0                Phys::setPageState(unsigned long, bool)
                0x00000000c0007a12                Phys::getPageState(unsigned long)
                0x00000000c0007a33                Phys::freePage(unsigned long)
                0x00000000c0007a95                Phys::allocatePage()
                0x00000000c0007b53                Phys::allocateContiguousPages(int)
                0x00000000c0007baf                Phys::allowSegmentToBeUsed(unsigned long, unsigned long)
                0x00000000c0007be7                Phys::physicalMemorySetup(unsigned int)
 .text          0x00000000c0007eb2      0x273 core/pipe.32
                0x00000000c0007eb2                Pipe::isAtty()
                0x00000000c0007eb6                Pipe::~Pipe()
                0x00000000c0007eb6                Pipe::~Pipe()
                0x00000000c0007eda                Pipe::~Pipe()
                0x00000000c0007f02                Pipe::write(unsigned long long, void*, int*)
                0x00000000c0007fc2                Pipe::read(unsigned long long, void*, int*)
                0x00000000c00080be                Pipe::Pipe(int)
                0x00000000c00080be                Pipe::Pipe(int)
 *fill*         0x00000000c0008125        0x1 
 .text          0x00000000c0008126      0xaa0 core/terminal.32
                0x00000000c0008126                VgaText::isAtty()
                0x00000000c000812a                VgaText::~VgaText()
                0x00000000c000812a                VgaText::~VgaText()
                0x00000000c000814e                VgaText::~VgaText()
                0x00000000c0008178                VgaText::read(unsigned long long, void*, int*)
                0x00000000c0008198                setTerminalScrollLock(bool)
                0x00000000c0008199                doTerminalCycle()
                0x00000000c000819a                addToTerminalCycle(VgaText*)
                0x00000000c000819b                scrollTerminalScrollLock(int)
                0x00000000c000819c                VgaText::updateTitle()
                0x00000000c000819e                VgaText::load()
                0x00000000c00081a0                VgaText::updateCursor()
                0x00000000c00081b6                VgaText::doANSI_SGR(int)
                0x00000000c000822a                VgaText::setDefaultBgColour(VgaColour)
                0x00000000c000823a                VgaText::setDefaultFgColour(VgaColour)
                0x00000000c000824a                VgaText::setDefaultColours(VgaColour, VgaColour)
                0x00000000c000826a                VgaText::setTitleTextColour(VgaColour)
                0x00000000c0008276                VgaText::setTitleColour(VgaColour)
                0x00000000c0008282                VgaText::setTitle(char*)
                0x00000000c0008284                VgaText::combineColours(unsigned char, unsigned char)
                0x00000000c0008296                VgaText::scrollScreen()
                0x00000000c000832e                VgaText::combineCharAndColour(char, unsigned char)
                0x00000000c0008340                VgaText::writeCharacter(char, VgaColour, VgaColour, int, int)
                0x00000000c00083d0                VgaText::getCursorX()
                0x00000000c00083d8                VgaText::getCursorY()
                0x00000000c00083e0                VgaText::setCursor(int, int)
                0x00000000c00083f7                setActiveTerminal(VgaText*)
                0x00000000c0008442                VgaText::clearScreen()
                0x00000000c0008490                VgaText::setCursorX(int)
                0x00000000c00084a8                VgaText::setCursorY(int)
                0x00000000c00084c0                VgaText::incrementCursor(bool)
                0x00000000c0008514                VgaText::decrementCursor(bool)
                0x00000000c0008536                VgaText::putchar(char, VgaColour, VgaColour)
                0x00000000c0008604                VgaText::putchar(char)
                0x00000000c00086f0                VgaText::putx(unsigned int)
                0x00000000c0008736                VgaText::puts(char const*)
                0x00000000c000875c                VgaText::write(unsigned long long, void*, int*)
                0x00000000c00087a8                VgaText::puts(char const*, VgaColour, VgaColour)
                0x00000000c00088fa                VgaText::VgaText(char const*)
                0x00000000c00088fa                VgaText::VgaText(char const*)
                0x00000000c0008a46                VgaText::receiveKey(unsigned char)
                0x00000000c0008ba0                VgaText::doUpdate()
                0x00000000c0008ba1                newTerminal(char*)
 *fill*         0x00000000c0008bc6        0x2 
 .text          0x00000000c0008bc8      0x1a1 core/tss.32
                0x00000000c0008bc8                TSS::TSS()
                0x00000000c0008bc8                TSS::TSS()
                0x00000000c0008bd8                TSS::setESP(unsigned long)
                0x00000000c0008bec                TSS::flush()
                0x00000000c0008c0c                TSS::setup(unsigned long, unsigned long)
 *fill*         0x00000000c0008d69        0x1 
 .text          0x00000000c0008d6a      0x4c2 core/unixfile.32
                0x00000000c0008d6a                ReservedFilename::read(unsigned long long, void*, int*)
                0x00000000c0008dc0                ReservedFilename::isAtty()
                0x00000000c0008ddc                ReservedFilename::write(unsigned long long, void*, int*)
                0x00000000c0008e3a                UnixFile::getFileDescriptor()
                0x00000000c0008e42                UnixFile::UnixFile(int)
                0x00000000c0008e42                UnixFile::UnixFile(int)
                0x00000000c0008ff2                ReservedFilename::ReservedFilename(int)
                0x00000000c0008ff2                ReservedFilename::ReservedFilename(int)
                0x00000000c0009024                UnixFile::~UnixFile()
                0x00000000c0009024                UnixFile::~UnixFile()
                0x00000000c00090bc                UnixFile::~UnixFile()
                0x00000000c00090e4                ReservedFilename::~ReservedFilename()
                0x00000000c00090e4                ReservedFilename::~ReservedFilename()
                0x00000000c0009108                ReservedFilename::~ReservedFilename()
                0x00000000c000912f                getFromFileDescriptor(int)
 .text          0x00000000c000922c     0x12a7 core/virtmgr.32
                0x00000000c000922c                Virt::setPageState(unsigned long, Virt::VirtPageState)
                0x00000000c0009261                Virt::getPageState(unsigned long)
                0x00000000c0009285                Virt::allocateKernelVirtualPages(int)
                0x00000000c0009396                Virt::freeSwapfilePage(unsigned long)
                0x00000000c00093b4                Virt::swapIDToSector(unsigned long)
                0x00000000c00093c6                Virt::allocateSwapfilePage()
                0x00000000c0009444                Virt::virtualMemorySetup()
                0x00000000c000948f                Virt::setupPageSwapping(int)
                0x00000000c0009500                VAS::VAS(VAS*)
                0x00000000c0009500                VAS::VAS(VAS*)
                0x00000000c000952e                VAS::getForeignPageTableEntry(bool, unsigned long)
                0x00000000c000955a                VAS::getPageTableEntry(unsigned long)
                0x00000000c0009579                Virt::freeKernelVirtualPages(unsigned long)
                0x00000000c000969e                VAS::freeAllocatedPages(unsigned long)
                0x00000000c00096c2                VAS::virtualToPhysical(unsigned long)
                0x00000000c00096dc                VAS::reflagRange(unsigned long, int, int, int)
                0x00000000c0009732                VAS::setToWriteCombining(unsigned long, int)
                0x00000000c000976a                VAS::mapOtherVASIn(bool, VAS*)
                0x00000000c0009794                VAS::~VAS()
                0x00000000c0009794                VAS::~VAS()
                0x00000000c00098f8                VAS::mapPage(unsigned long, unsigned long, int)
                0x00000000c00099fc                VAS::allocatePages(int, int)
                0x00000000c0009bd4                VAS::setCPUSpecific(unsigned long)
                0x00000000c0009bf2                VAS::mapRange(unsigned long, unsigned long, int, int)
                0x00000000c0009cb8                VAS::VAS()
                0x00000000c0009cb8                VAS::VAS()
                0x00000000c0009d30                VAS::mapForeignPage(bool, VAS*, unsigned long, unsigned long, int)
                0x00000000c0009e1e                VAS::VAS(bool)
                0x00000000c0009e1e                VAS::VAS(bool)
                0x00000000c000a164                VAS::evict(unsigned long)
                0x00000000c000a226                VAS::tryLoadBackOffDisk(unsigned long)
                0x00000000c000a314                VAS::scanForEviction()
                0x00000000c000a3f4                mapVASFirstTime
 .text          0x00000000c000a4d3       0x5f coreobjs/c++.32
                0x00000000c000a4d3                __cxa_atexit
                0x00000000c000a4d6                __cxa_finalize
                0x00000000c000a4d7                __stack_chk_fail
                0x00000000c000a50d                __cxa_pure_virtual
                0x00000000c000a51e                operator new[](unsigned long)
                0x00000000c000a523                operator delete(void*, unsigned long)
                0x00000000c000a528                operator delete[](void*)
                0x00000000c000a52d                operator delete[](void*, unsigned long)
 .text          0x00000000c000a532      0x21c dbg/kconsole.32
                0x00000000c000a532                Dbg::stringifyxWithBase(unsigned int, char*, int)
                0x00000000c000a59d                Dbg::logc(char)
                0x00000000c000a5bd                Dbg::logs(char*)
                0x00000000c000a5da                Dbg::logWriteInt(unsigned int)
                0x00000000c000a5f8                Dbg::logWriteIntBase(unsigned int, int)
                0x00000000c000a619                Dbg::kprintf(char const*, ...)
 .text          0x00000000c000a74e      0xc5c fs/vfs.32
                0x00000000c000a74e                File::read(unsigned long long, void*, int*)
                0x00000000c000a7a6                File::write(unsigned long long, void*, int*)
                0x00000000c000a7fe                Directory::read(unsigned long long, void*, int*)
                0x00000000c000a856                Directory::write(unsigned long long, void*, int*)
                0x00000000c000a884                File::isAtty()
                0x00000000c000a888                Directory::isAtty()
                0x00000000c000a88c                Filesystem::getlabel(LogicalDisk*, int, char*, unsigned int*)
                0x00000000c000a892                Filesystem::setlabel(LogicalDisk*, int, char*)
                0x00000000c000a898                Filesystem::allocateSwapfile(char const*, int)
                0x00000000c000a89e                File::~File()
                0x00000000c000a89e                File::~File()
                0x00000000c000a8c2                File::~File()
                0x00000000c000a8ec                Directory::~Directory()
                0x00000000c000a8ec                Directory::~Directory()
                0x00000000c000a910                Directory::~Directory()
                0x00000000c000a93a                Filesystem::Filesystem()
                0x00000000c000a93a                Filesystem::Filesystem()
                0x00000000c000a95e                Filesystem::~Filesystem()
                0x00000000c000a95e                Filesystem::~Filesystem()
                0x00000000c000a96c                Filesystem::~Filesystem()
                0x00000000c000a990                Fs::getcwd(Process*, char*, int)
                0x00000000c000a9ba                Fs::initVFS()
                0x00000000c000a9e4                Fs::standardiseFiles(char*, char const*, char const*)
                0x00000000c000ab8e                File::File(char const*, Process*)
                0x00000000c000ab8e                File::File(char const*, Process*)
                0x00000000c000ac4e                File::open(FileOpenMode)
                0x00000000c000acac                File::close()
                0x00000000c000ad0c                File::seek(unsigned long long)
                0x00000000c000ad62                File::tell(unsigned long long*)
                0x00000000c000adb2                File::rewind()
                0x00000000c000adc6                File::unlink()
                0x00000000c000ae12                File::rename(char const*)
                0x00000000c000ae60                File::chfatattr(unsigned char, unsigned char)
                0x00000000c000aebc                File::exists()
                0x00000000c000aefa                File::stat(unsigned long long*, bool*)
                0x00000000c000af5b                Fs::setcwd(Process*, char*)
                0x00000000c000b0b8                Directory::Directory(char const*, Process*)
                0x00000000c000b0b8                Directory::Directory(char const*, Process*)
                0x00000000c000b178                Directory::open()
                0x00000000c000b1d4                Directory::close()
                0x00000000c000b234                Directory::unlink()
                0x00000000c000b280                Directory::rename(char const*)
                0x00000000c000b2ce                Directory::exists()
                0x00000000c000b30c                Directory::read(dirent*)
                0x00000000c000b358                Directory::create()
                0x00000000c000b3a4                Filesystem::chfatattr(char const*, unsigned char, unsigned char)
 *fill*         0x00000000c000b3aa        0x2 
 .text          0x00000000c000b3ac       0x86 hal/bus.32
                0x00000000c000b3ac                Bus::Bus(char const*)
                0x00000000c000b3ac                Bus::Bus(char const*)
                0x00000000c000b3e4                Bus::~Bus()
                0x00000000c000b3e4                Bus::~Bus()
                0x00000000c000b408                Bus::~Bus()
 .text          0x00000000c000b432       0x96 hal/buzzer.32
                0x00000000c000b432                beepThread(void*)
                0x00000000c000b46f                Krnl::beep(int, int, bool)
 .text          0x00000000c000b4c8      0x46d hal/clock.32
                0x00000000c000b4c8                User::loadClockSettings(int)
                0x00000000c000b51a                Clock::Clock(char const*)
                0x00000000c000b51a                Clock::Clock(char const*)
                0x00000000c000b550                Clock::~Clock()
                0x00000000c000b550                Clock::~Clock()
                0x00000000c000b574                Clock::~Clock()
                0x00000000c000b59e                Clock::timeInSecondsLocal()
                0x00000000c000b5e6                Clock::setTimeInSecondsLocal(unsigned long long)
                0x00000000c000b63f                datetimeToSeconds(datetime_t)
                0x00000000c000b76c                Clock::setTimeInDatetimeLocal(datetime_t)
                0x00000000c000b7cc                secondsToDatetime(unsigned long long)
                0x00000000c000b910                Clock::timeInDatetimeLocal()
 *fill*         0x00000000c000b935        0x1 
 .text          0x00000000c000b936      0x464 hal/device.32
                0x00000000c000b936                Device::hibernate()
                0x00000000c000b938                Device::wake()
                0x00000000c000b93a                Device::detect()
                0x00000000c000b93c                Device::disableLegacy()
                0x00000000c000b93e                Device::powerSaving(PowerSavingLevel)
                0x00000000c000b940                DriverlessDevice::close(int, int, void*)
                0x00000000c000b944                DriverlessDevice::detect()
                0x00000000c000b946                DriverlessDevice::open(int, int, void*)
                0x00000000c000b95a                Device::~Device()
                0x00000000c000b95a                Device::~Device()
                0x00000000c000b968                Device::~Device()
                0x00000000c000b990                Device::findAndLoadDriver()
                0x00000000c000b99e                Device::preOpenPCI(PCIDeviceInfo)
                0x00000000c000b9c4                Device::preOpenACPI(void*, char*, char*)
                0x00000000c000ba04                Device::addIRQHandler(int, void (*)(regs*, void*), bool, void*)
                0x00000000c000ba2e                Device::getParent()
                0x00000000c000ba3a                Device::removeIRQHandler(int, void (*)(regs*, void*), bool)
                0x00000000c000ba58                Device::addChild(Device*)
                0x00000000c000ba9c                Device::removeAllChildren()
                0x00000000c000bae2                Device::hibernateAll()
                0x00000000c000bb12                Device::wakeAll()
                0x00000000c000bb42                Device::detectAll()
                0x00000000c000bb72                Device::disableLegacyAll()
                0x00000000c000bb74                Device::loadDriversForAll()
                0x00000000c000bb76                Device::closeAll()
                0x00000000c000bbac                Device::powerSavingAll(PowerSavingLevel)
                0x00000000c000bbe2                Device::setName(char const*)
                0x00000000c000bbf0                Device::Device(char const*)
                0x00000000c000bbf0                Device::Device(char const*)
                0x00000000c000bcec                Device::getName()
                0x00000000c000bcf6                DriverlessDevice::DriverlessDevice(char const*)
                0x00000000c000bcf6                DriverlessDevice::DriverlessDevice(char const*)
                0x00000000c000bd2c                Device::addToLinkedList(LinkedList<Device>&, DeviceType)
                0x00000000c000bd70                getDevicesOfType(DeviceType)
 *fill*         0x00000000c000bd9a        0x2 
 .text          0x00000000c000bd9c       0x86 hal/diskctrl.32
                0x00000000c000bd9c                HardDiskController::HardDiskController(char const*)
                0x00000000c000bd9c                HardDiskController::HardDiskController(char const*)
                0x00000000c000bdd4                HardDiskController::~HardDiskController()
                0x00000000c000bdd4                HardDiskController::~HardDiskController()
                0x00000000c000bdf8                HardDiskController::~HardDiskController()
 .text          0x00000000c000be22       0xe2 hal/diskphys.32
                0x00000000c000be22                PhysicalDisk::eject()
                0x00000000c000be26                PhysicalDisk::PhysicalDisk(char const*, int)
                0x00000000c000be26                PhysicalDisk::PhysicalDisk(char const*, int)
                0x00000000c000be8e                PhysicalDisk::startCache()
                0x00000000c000beb6                PhysicalDisk::~PhysicalDisk()
                0x00000000c000beb6                PhysicalDisk::~PhysicalDisk()
                0x00000000c000beda                PhysicalDisk::~PhysicalDisk()
 .text          0x00000000c000bf04        0x0 hal/fpu.32
 .text          0x00000000c000bf04      0x35d hal/intctrl.32
                0x00000000c000bf04                int_handler
                0x00000000c000bf8c                installISRHandler(int, void (*)(regs*, void*), void*)
                0x00000000c000bfd4                installIRQHandler(int, void (*)(regs*, void*), bool, void*)
                0x00000000c000c10c                uninstallISRHandler(int, void (*)(regs*, void*))
                0x00000000c000c140                uninstallIRQHandler(int, void (*)(regs*, void*), bool)
                0x00000000c000c1bf                setupINTS()
                0x00000000c000c21c                convertLegacyIRQNumber(int)
 *fill*         0x00000000c000c261        0x1 
 .text          0x00000000c000c262      0x7cc hal/keybrd.32
                0x00000000c000c262                startGUI(void*)
                0x00000000c000c2ce                startGUIVESA(void*)
                0x00000000c000c33a                sendKeyToTerminal(unsigned char)
                0x00000000c000c403                sendKeyboardToken(KeyboardToken)
                0x00000000c000c843                clearInternalKeybuffer(VgaText*)
                0x00000000c000c878                readKeyboard(VgaText*, char*, unsigned long)
                0x00000000c000c9a4                Keyboard::Keyboard(char const*)
                0x00000000c000c9a4                Keyboard::Keyboard(char const*)
                0x00000000c000c9e0                Keyboard::~Keyboard()
                0x00000000c000c9e0                Keyboard::~Keyboard()
                0x00000000c000ca04                Keyboard::~Keyboard()
 .text          0x00000000c000ca2e      0x3ea hal/logidisk.32
                0x00000000c000ca2e                LogicalDisk::close(int, int, void*)
                0x00000000c000ca32                LogicalDisk::~LogicalDisk()
                0x00000000c000ca32                LogicalDisk::~LogicalDisk()
                0x00000000c000ca56                LogicalDisk::~LogicalDisk()
                0x00000000c000ca80                LogicalDisk::open(int, int, void*)
                0x00000000c000ca94                LogicalDisk::absoluteToRelative(unsigned long long)
                0x00000000c000cacc                LogicalDisk::relativeToAbsolute(unsigned long long)
                0x00000000c000cb12                LogicalDisk::LogicalDisk(char const*, PhysicalDisk*, unsigned long long, unsigned long long)
                0x00000000c000cb12                LogicalDisk::LogicalDisk(char const*, PhysicalDisk*, unsigned long long, unsigned long long)
                0x00000000c000cbc8                LogicalDisk::assignDriveLetter()
                0x00000000c000cc7e                LogicalDisk::mount()
                0x00000000c000ccc6                LogicalDisk::unmount()
                0x00000000c000ccd6                LogicalDisk::eject()
                0x00000000c000ccea                LogicalDisk::unassignDriveLetter()
                0x00000000c000cd40                LogicalDisk::read(unsigned long long, int, void*)
                0x00000000c000cdac                LogicalDisk::write(unsigned long long, int, void*)
 .text          0x00000000c000ce18       0x86 hal/mouse.32
                0x00000000c000ce18                Mouse::Mouse(char const*)
                0x00000000c000ce18                Mouse::Mouse(char const*)
                0x00000000c000ce50                Mouse::~Mouse()
                0x00000000c000ce50                Mouse::~Mouse()
                0x00000000c000ce74                Mouse::~Mouse()
 .text          0x00000000c000ce9e      0x339 hal/partition.32
                0x00000000c000ce9e                makePartition(PhysicalDisk*, unsigned long long, unsigned long long)
                0x00000000c000cf46                createPartitionsForDisk(PhysicalDisk*)
 *fill*         0x00000000c000d1d7        0x1 
 .text          0x00000000c000d1d8       0x86 hal/serial.32
                0x00000000c000d1d8                Serial::Serial(char const*)
                0x00000000c000d1d8                Serial::Serial(char const*)
                0x00000000c000d210                Serial::~Serial()
                0x00000000c000d210                Serial::~Serial()
                0x00000000c000d234                Serial::~Serial()
 *fill*         0x00000000c000d25e        0x2 
 .text          0x00000000c000d260      0x234 hal/timer.32
                0x00000000c000d260                Timer::Timer(char const*)
                0x00000000c000d260                Timer::Timer(char const*)
                0x00000000c000d298                Timer::~Timer()
                0x00000000c000d298                Timer::~Timer()
                0x00000000c000d2bc                Timer::~Timer()
                0x00000000c000d2e6                Timer::read()
                0x00000000c000d2f1                setupTimer(int)
                0x00000000c000d32c                timerHandler(unsigned int)
 .text          0x00000000c000d494      0x3ce hal/vcache.32
                0x00000000c000d494                VCache::VCache(PhysicalDisk*)
                0x00000000c000d494                VCache::VCache(PhysicalDisk*)
                0x00000000c000d5fc                VCache::invalidateReadBuffer()
                0x00000000c000d60c                VCache::writeWriteBuffer()
                0x00000000c000d658                VCache::~VCache()
                0x00000000c000d658                VCache::~VCache()
                0x00000000c000d6ac                VCache::~VCache()
                0x00000000c000d6d4                VCache::write(unsigned long long, int, void*)
                0x00000000c000d7ea                VCache::read(unsigned long long, int, void*)
 .text          0x00000000c000d862      0x4b3 hal/video.32
                0x00000000c000d862                Video::putrect(int, int, int, int, unsigned int)
                0x00000000c000d8ae                Video::bitblit(int, int, int, int, int, int, int, unsigned int*)
                0x00000000c000d91e                Video::blit(unsigned int*, int, int, int, int)
                0x00000000c000d99c                Video::clearScreen(unsigned int)
                0x00000000c000d9d0                Video::putpixel(int, int, unsigned int)
                0x00000000c000d9de                Video::Video(char const*)
                0x00000000c000d9de                Video::Video(char const*)
                0x00000000c000da14                Video::~Video()
                0x00000000c000da14                Video::~Video()
                0x00000000c000da38                Video::~Video()
                0x00000000c000da62                Video::isMonochrome()
                0x00000000c000da6e                Video::getWidth()
                0x00000000c000da7a                Video::getHeight()
                0x00000000c000da86                Video::drawCursor(int, int, unsigned char*, int)
                0x00000000c000db42                Video::tgaParse(unsigned char*, int, int*, int*)
                0x00000000c000dcaa                Video::putTGA(int, int, unsigned char*, int)
 *fill*         0x00000000c000dd15        0x3 
 .text          0x00000000c000dd18     0x1307 hw/acpi.32
                0x00000000c000dd18                ACPI::close(int, int, void*)
                0x00000000c000ddd0                findRSDP()
                0x00000000c000de60                loadACPITables(unsigned char*)
                0x00000000c000e0c4                findRSDT(unsigned char*)
                0x00000000c000e214                findDataTable(unsigned char*, char*)
                0x00000000c000e28c                scanMADT()
                0x00000000c000e760                ACPI::ACPI()
                0x00000000c000e760                ACPI::ACPI()
                0x00000000c000e7b4                ACPI::getPCIIRQAssignment(unsigned char, unsigned short, unsigned char)
                0x00000000c000e89c                ACPI::registerPCIIRQAssignment(void*, unsigned short, unsigned char, unsigned char)
                0x00000000c000e964                ACPI::setScreenBrightnessLevel(void*, int)
                0x00000000c000e96c                ACPI::detectPCI()
                0x00000000c000eb74                ACPI::writeSimpleBootFlag(SimpleBootFlagTable*)
                0x00000000c000ebc8                ACPI::sleep()
                0x00000000c000ebe4                ACPI::open(int, int, void*)
 *fill*         0x00000000c000f01f        0x1 
 .text          0x00000000c000f020      0xb95 hw/cpu.32
                0x00000000c000f020                CPU::close(int, int, void*)
                0x00000000c000f024                CPU::AMD_K6_write_msr(unsigned int, unsigned int, unsigned int, CPU::REGS*)
                0x00000000c000f040                CPU::AMD_K6_read_msr(unsigned int, CPU::REGS*)
                0x00000000c000f058                CPU::AMD_K6_writeback(int, int, int)
                0x00000000c000f0cc                CPU::cpuid(int, unsigned long*, unsigned long*, unsigned long*, unsigned long*)
                0x00000000c000f150                CPU::cpuidCheckEDX(unsigned int)
                0x00000000c000f17e                CPU::cpuidCheckECX(unsigned int)
                0x00000000c000f1ac                CPU::cpuidCheckExtendedEBX(unsigned int)
                0x00000000c000f1da                CPU::cpuidCheckExtendedECX(unsigned int)
                0x00000000c000f208                CPU::CPU()
                0x00000000c000f208                CPU::CPU()
                0x00000000c000f296                CPU::displayFeatures()
                0x00000000c000f298                CPU::detectFeatures()
                0x00000000c000f95c                CPU::setupSMEP()
                0x00000000c000f968                CPU::setupUMIP()
                0x00000000c000f972                CPU::setupTSC()
                0x00000000c000f97c                CPU::setupLargePages()
                0x00000000c000f986                CPU::setupPAT()
                0x00000000c000f9c2                CPU::setupMTRR()
                0x00000000c000f9c4                CPU::setupGlobalPages()
                0x00000000c000f9ce                CPU::allowUsermodeDataAccess()
                0x00000000c000f9e0                CPU::prohibitUsermodeDataAccess()
                0x00000000c000f9f2                CPU::setupSMAP()
                0x00000000c000fa00                CPU::setupFeatures()
                0x00000000c000facc                CPU::open(int, int, void*)
 .text          0x00000000c000fbb5       0xd1 krnl/bootmsg.32
                0x00000000c000fbb5                KeDisplaySplashScreen()
                0x00000000c000fc23                KeSetBootMessage(char const*)
 .text          0x00000000c000fc86      0x581 krnl/env.32
                0x00000000c000fc86                EnvVarContainer::getEnv(char const*)
                0x00000000c000fcc4                EnvVarContainer::setEnv(char const*, char const*)
                0x00000000c000fd86                EnvVarContainer::deleteEnv(char const*)
                0x00000000c000fd88                EnvVarContainer::loadFrom(char const*, char const*)
                0x00000000c000ff6e                EnvVarContainer::__loadSystem()
                0x00000000c000ff88                EnvVarContainer::__loadUser()
                0x00000000c000ff8a                EnvVarContainer::EnvVarContainer(Process*)
                0x00000000c000ff8a                EnvVarContainer::EnvVarContainer(Process*)
                0x00000000c000ffac                EnvVarContainer::~EnvVarContainer()
                0x00000000c000ffac                EnvVarContainer::~EnvVarContainer()
                0x00000000c000ffdc                Krnl::getEnv(Process*, char const*)
                0x00000000c0010041                Krnl::setEnvSystem(char const*, char const*)
                0x00000000c001005b                Krnl::setEnvUser(char const*, char const*)
                0x00000000c001007a                Krnl::setEnvProcess(Process*, char const*, char const*)
                0x00000000c001008d                Krnl::deleteEnvSystem(char const*)
                0x00000000c001008e                Krnl::deleteEnvUser(char const*)
                0x00000000c001008f                Krnl::deleteEnvProcess(Process*, char const*)
                0x00000000c0010090                Krnl::newProcessEnv(Process*)
                0x00000000c00100b2                Krnl::copyProcessEnv(Process*, Process*)
                0x00000000c00100fe                Krnl::loadSystemEnv()
                0x00000000c001012c                Krnl::loadUserEnv()
                0x00000000c0010152                Krnl::flushEnv()
                0x00000000c0010153                Krnl::getProcessTotalEnvCount(Process*)
                0x00000000c0010173                Krnl::getProcessEnvPair(Process*, int)
 .text          0x00000000c0010207       0x94 krnl/inlines.32
                0x00000000c0010207                CPU::current()
                0x00000000c0010213                operator new(unsigned long)
                0x00000000c0010218                operator delete(void*)
                0x00000000c001021d                disableIRQs()
                0x00000000c001021f                enableIRQs()
                0x00000000c0010221                lockScheduler()
                0x00000000c0010229                unlockScheduler()
                0x00000000c0010238                lockStuff()
                0x00000000c0010246                unlockStuff()
                0x00000000c0010280                Virt::getAKernelVAS()
                0x00000000c0010286                __not_memcpy
 .text          0x00000000c001029b        0xc krnl/panic.32
                0x00000000c001029b                KePanic(char const*)
 .text          0x00000000c00102a7      0x142 krnl/powctrl.32
                0x00000000c00102a7                Krnl::powerThread(void*)
                0x00000000c00102d5                Krnl::changePowerSettings(Krnl::PowerSettings)
                0x00000000c00102eb                Krnl::userIOReceived()
                0x00000000c00102f6                Krnl::handlePowerButton()
                0x00000000c001032b                Krnl::handleSleepButton()
                0x00000000c0010360                Krnl::setupPowerManager()
 *fill*         0x00000000c00103e9        0x3 
 .text          0x00000000c00103ec      0x190 krnl/resolve.32
                0x00000000c00103ec                KeResolveCompatibilitySymbol(char*)
 .text          0x00000000c001057c      0x2c3 krnl/signal.32
                0x00000000c001057c                KiSigKill(int)
                0x00000000c00105a8                KiDefaultSignalHandlerIgnore(int)
                0x00000000c00105a9                KiDefaultSignalHandlerPause(int)
                0x00000000c00105d5                KiDefaultSignalHandlerResume(int)
                0x00000000c0010601                KeDeinitSignals(SigHandlerBlock*)
                0x00000000c0010606                KeInitSignals()
                0x00000000c0010651                KeRegisterSignalHandler(SigHandlerBlock*, int, void (*)(int), unsigned int, int)
                0x00000000c0010687                KeRaiseSignal(SigHandlerBlock*, int)
                0x00000000c0010704                KeCheckSignal(SigHandlerBlock*)
                0x00000000c00107ef                KiCheckSignalZ
                0x00000000c0010804                KeCompleteSignal(SigHandlerBlock*, int)
 .text          0x00000000c001083f      0xcfe krnl/syscalls.32
                0x00000000c001083f                SysSeekDir(regs*)
                0x00000000c0010844                SysTellDir(regs*)
                0x00000000c0010849                SysVerify(regs*)
                0x00000000c0010853                SysGetArgc(regs*)
                0x00000000c0010863                SysTTYName(regs*)
                0x00000000c001086b                SysFormatDisk(regs*)
                0x00000000c00108d8                SysSetDiskVolumeLabel(regs*)
                0x00000000c0010922                SysGetDiskVolumeLabel(regs*)
                0x00000000c0010977                SysShutdown(regs*)
                0x00000000c00109d5                SysRealpath(regs*)
                0x00000000c0010a18                SysReadDir(regs*)
                0x00000000c0010a98                SysIsATTY(regs*)
                0x00000000c0010af4                SysSeek(regs*)
                0x00000000c0010b4d                SysTell(regs*)
                0x00000000c0010bbc                SysSize(regs*)
                0x00000000c0010c31                SysSizeFromFilename(regs*)
                0x00000000c0010ce4                SysClose(regs*)
                0x00000000c0010d44                SysOpenDir(regs*)
                0x00000000c0010e55                SysCloseDir(regs*)
                0x00000000c0010ea9                SysMakeDir(regs*)
                0x00000000c0010f1b                SysWait(regs*)
                0x00000000c0010f38                SysNotImpl(regs*)
                0x00000000c0010f53                SysPanic(regs*)
                0x00000000c0010f6e                SysRmdir(regs*)
                0x00000000c0010fd5                SysUnlink(regs*)
                0x00000000c001103c                SysGetArgv(regs*)
                0x00000000c0011089                SysUSleep(regs*)
                0x00000000c00110b2                SysSpawn(regs*)
                0x00000000c001111b                SysGetEnv(regs*)
                0x00000000c00111ca                SysSetFatAttrib(regs*)
                0x00000000c0011241                SysPipe(regs*)
                0x00000000c0011286                SysGetUnixTime(regs*)
                0x00000000c001129a                string_ends_with(char const*, char const*)
                0x00000000c00112e4                SysOpen(regs*)
                0x00000000c00114eb                KeSystemCall(regs*, void*)
 .text          0x00000000c001153d      0x50e reg/registry.32
                0x00000000c001153d                Reg::findLineFromLoadedData(char*, char*, char*)
                0x00000000c0011695                Reg::getLineFromRegistry(char*, char*, char*, char*)
                0x00000000c00117ea                Reg::getLine(char*, char*, char*)
                0x00000000c0011821                Reg::readInt(char*, char*, int*)
                0x00000000c001190c                Reg::readString(char*, char*, char*, int)
                0x00000000c001198d                Reg::readBool(char*, char*, bool*)
                0x00000000c00119b2                Reg::readBoolWithDefault(char*, char*, bool)
                0x00000000c00119de                Reg::readIntWithDefault(char*, char*, int)
                0x00000000c0011a0a                Reg::readStringWithDefault(char*, char*, char*, int, char*)
 .text          0x00000000c0011a4b       0x36 sys/eject.32
                0x00000000c0011a4b                SysEject(regs*)
 .text          0x00000000c0011a81       0x18 sys/exit.32
                0x00000000c0011a81                SysExit(regs*)
 .text          0x00000000c0011a99       0x1f sys/getcwd.32
                0x00000000c0011a99                SysGetCwd(regs*)
 .text          0x00000000c0011ab8        0xc sys/getpid.32
                0x00000000c0011ab8                SysGetPID(regs*)
 .text          0x00000000c0011ac4       0x1a sys/getramdata.32
                0x00000000c0011ac4                SysGetRAMData(regs*)
 .text          0x00000000c0011ade       0x82 sys/getvgaptr.32
                0x00000000c0011ade                SysGetVGAPtr(regs*)
 .text          0x00000000c0011b60       0xa8 sys/loaddll.32
                0x00000000c0011b60                SysLoadDLL(regs*)
 .text          0x00000000c0011c08       0x68 sys/read.32
                0x00000000c0011c08                SysRead(regs*)
 .text          0x00000000c0011c70       0x29 sys/registersignal.32
                0x00000000c0011c70                SysRegisterSignal(regs*)
 .text          0x00000000c0011c99       0x67 sys/sbrk.32
                0x00000000c0011c99                SysSbrk(regs*)
 .text          0x00000000c0011d00       0x1c sys/setcwd.32
                0x00000000c0011d00                SysSetCwd(regs*)
 .text          0x00000000c0011d1c       0x95 sys/settime.32
                0x00000000c0011d1c                SysSetTime(regs*)
 .text          0x00000000c0011db1       0x4a sys/timezone.32
                0x00000000c0011db1                SysTimezone(regs*)
 .text          0x00000000c0011dfb       0x68 sys/write.32
                0x00000000c0011dfb                SysWrite(regs*)
 .text          0x00000000c0011e63       0x62 sys/wsbe.32
                0x00000000c0011e63                SysWsbe(regs*)
 .text          0x00000000c0011ec5       0x25 sys/yield.32
                0x00000000c0011ec5                SysYield(regs*)
 .text          0x00000000c0011eea     0x11e5 thr/elf.32
                0x00000000c0011eea                Thr::allocateMemoryForTask(Process*, File*, unsigned long, unsigned long, unsigned long)
                0x00000000c0012176                Thr::loadProgramIntoMemory(Process*, char const*)
                0x00000000c001238c                Thr::runtimeReferenceHelper()
                0x00000000c001239f                Thr::getAddressOfKernelSymbol(char const*)
                0x00000000c00123ee                Thr::loadKernelSymbolTable(char const*)
                0x00000000c00126ac                Thr::loadDriverIntoMemory(char const*, unsigned long, bool)
                0x00000000c0012de2                Thr::getDriverBaseFromAddress(unsigned long)
                0x00000000c0012e14                Thr::getDriverNameFromAddress(unsigned long)
                0x00000000c0012e4b                Thr::getDriverOffsetFromAddress(unsigned long)
                0x00000000c0012e65                Thr::loadDLL(char const*, bool)
                0x00000000c0013096                Thr::executeDLL(unsigned long, void*)
 *fill*         0x00000000c00130cf        0x1 
 .text          0x00000000c00130d0     0x12fd thr/prcssthr.32
                0x00000000c00130d0                userModeEntryPoint(void*)
                0x00000000c00130f8                changeTSS
                0x00000000c0013128                switchToThread(ThreadControlBlock*)
                0x00000000c00131dc                Process::addArgs(char**)
                0x00000000c001323c                Process::Process(char const*, Process*, char**)
                0x00000000c001323c                Process::Process(char const*, Process*, char**)
                0x00000000c0013448                Process::Process(bool, char const*, Process*, char**)
                0x00000000c0013448                Process::Process(bool, char const*, Process*, char**)
                0x00000000c0013620                taskStartupFunction
                0x00000000c001362c                Semaphore::Semaphore(int)
                0x00000000c001362c                Semaphore::Semaphore(int)
                0x00000000c001365c                Mutex::Mutex()
                0x00000000c001365c                Mutex::Mutex()
                0x00000000c0013670                Process::createThread(void (*)(void*), void*, int)
                0x00000000c0013768                Process::createUserThread()
                0x00000000c0013788                setupMultitasking(void (*)())
                0x00000000c0013890                schedule()
                0x00000000c0013920                Semaphore::tryAcquire()
                0x00000000c00139ec                Semaphore::assertLocked(char const*)
                0x00000000c0013a64                blockTaskWithSchedulerLockAlreadyHeld(TaskState)
                0x00000000c0013a8c                blockTask(TaskState)
                0x00000000c0013abc                waitTask(int, int*, int)
                0x00000000c0013b00                milliTenthSleepUntil(unsigned int)
                0x00000000c0013b90                milliTenthSleep(unsigned int)
                0x00000000c0013ba0                sleep(unsigned int)
                0x00000000c0013bbc                Semaphore::acquire()
                0x00000000c0013c78                taskReturned
                0x00000000c0013cb4                Thr::processFromPID(int)
                0x00000000c0013d54                unblockTask(ThreadControlBlock*)
                0x00000000c0013df8                cleanupTerminatedTask(ThreadControlBlock*)
                0x00000000c00140c4                cleanerTaskFunction(void*)
                0x00000000c00141b4                terminateTask(int)
                0x00000000c0014280                Thr::terminateFromIRQ(int)
                0x00000000c0014290                Semaphore::release()
 .text          0x00000000c00143cd      0xb93 vm86/vm8086.32
                0x00000000c00143cd                Vm::inbv(unsigned short)
                0x00000000c00143e0                Vm::outbv(unsigned short, unsigned char)
                0x00000000c0014416                Vm::realToLinear(unsigned short, unsigned short)
                0x00000000c0014426                Vm::getSegment(unsigned int)
                0x00000000c001442e                Vm::getOffset(unsigned int)
                0x00000000c0014433                Vm::mainloop2()
                0x00000000c001446d                Vm::mainVm8086Loop(void*)
                0x00000000c001447d                Vm::mainloop3(unsigned long)
                0x00000000c00144a3                Vm::initialise8086()
                0x00000000c00144e6                Vm::finish8086()
                0x00000000c0014547                Vm::getOutput8086(unsigned char*)
                0x00000000c001456c                Vm::start8086FromBuffer(unsigned char*, int, unsigned short, unsigned short, unsigned short, unsigned short)
                0x00000000c0014625                Vm::start8086(char const*, unsigned short, unsigned short, unsigned short, unsigned short)
                0x00000000c001478d                Vm::doISR(regs*, int, unsigned char*, unsigned short, unsigned short)
                0x00000000c0014817                Vm::readByteFromReal(unsigned short, unsigned short)
                0x00000000c0014828                Vm::readWordFromReal(unsigned short, unsigned short)
                0x00000000c001483a                Vm::readDwordFromReal(unsigned short, unsigned short)
                0x00000000c001484b                Vm::writeByteFromReal(unsigned short, unsigned short, unsigned char)
                0x00000000c0014860                Vm::writeWordFromReal(unsigned short, unsigned short, unsigned short)
                0x00000000c0014876                Vm::writeDwordFromReal(unsigned short, unsigned short, unsigned int)
                0x00000000c001488b                Vm::faultHandler(regs*)
 .text          0x00000000c0014f60      0xa53 arch/i386/hal.32
                0x00000000c0014f60                noCopro(unsigned long)
                0x00000000c0014f61                nmiHandler(regs*, void*)
                0x00000000c0014f7a                doubleFault(regs*, void*)
                0x00000000c0014f93                displayDebugInfo(regs*)
                0x00000000c00152b4                HalSystemIdle()
                0x00000000c001532a                displayProgramFault(char const*)
                0x00000000c0015376                gpFault(regs*, void*)
                0x00000000c00153db                pgFault(regs*, void*)
                0x00000000c0015461                otherISRHandler(regs*, void*)
                0x00000000c0015495                opcodeFault(regs*, void*)
                0x00000000c0015515                i386SaveCoprocessor(void*)
                0x00000000c0015529                i386LoadCoprocessor(void*)
                0x00000000c001553d                x87EmulHandler(regs*, void*)
                0x00000000c00155da                HalInitialiseCoprocessor()
                0x00000000c0015688                HalPanic(char const*)
                0x00000000c0015781                HalQueryPerformanceCounter()
                0x00000000c001579c                HalInitialise()
                0x00000000c0015942                HalMakeBeep(int)
                0x00000000c001597c                HalGetRand()
                0x00000000c001597f                HalEndOfInterrupt(int)
                0x00000000c00159b0                HalRestart()
                0x00000000c00159b1                HalShutdown()
                0x00000000c00159b2                HalSleep()
 *fill*         0x00000000c00159b3        0x1 
 .text          0x00000000c00159b4      0x2f4 arch/i386/pic.32
                0x00000000c00159b4                picIoWait()
                0x00000000c00159bc                picDisable()
                0x00000000c00159f0                picGetIRQReg(int)
                0x00000000c0015a74                picOpen()
                0x00000000c0015c04                picEOI(int)
 .text          0x00000000c0015ca8      0x64d arch/i386/rtc.32
                0x00000000c0015ca8                RTC::open(int, int, void*)
                0x00000000c0015cac                RTC::close(int, int, void*)
                0x00000000c0015cb0                RTC::timeInSecondsUTC()
                0x00000000c0015cc2                RTC::timeInDatetimeUTC()
                0x00000000c0015ce8                RTC::setTimeInSecondsUTC(unsigned long long)
                0x00000000c0015d26                RTC::~RTC()
                0x00000000c0015d26                RTC::~RTC()
                0x00000000c0015d4a                RTC::~RTC()
                0x00000000c0015d74                RTC::get_update_in_progress_flag()
                0x00000000c0015d8c                RTC::completeRTCRefresh()
                0x00000000c0016044                RTC::setTimeInDatetimeUTC(datetime_t)
                0x00000000c00161f7                rtcIRQHandler(regs*, void*)
                0x00000000c001623c                RTC::RTC()
                0x00000000c001623c                RTC::RTC()
 *fill*         0x00000000c00162f5        0x3 
 .text          0x00000000c00162f8      0x203 arch/i386/vga.32
                0x00000000c00162f8                HalConsoleScroll(int, int)
                0x00000000c0016400                HalConsoleWriteCharacter(char, int, int, int, int)
                0x00000000c001646c                HalConsoleCursorUpdate(int, int)
 *fill*         0x00000000c00164fb        0x1 
 .text          0x00000000c00164fc     0x13e7 fs/fat/vfslink.32
                0x00000000c00164fc                FAT::getName()
                0x00000000c0016504                FAT::tell(void*, unsigned long long*)
                0x00000000c0016540                FAT::stat(void*, unsigned long long*)
                0x00000000c001657c                FAT::~FAT()
                0x00000000c001657c                FAT::~FAT()
                0x00000000c00165a0                FAT::~FAT()
                0x00000000c00165c8                FAT::getlabel(LogicalDisk*, int, char*, unsigned int*)
                0x00000000c001666c                FAT::setlabel(LogicalDisk*, int, char*)
                0x00000000c0016730                FAT::format(LogicalDisk*, int, char const*, int)
                0x00000000c0016904                FAT::tryMount(LogicalDisk*, int)
                0x00000000c0016b1c                FAT::allocateSwapfile(char const*, int)
                0x00000000c0016cdc                FAT::readDir(void*, unsigned long, void*, int*)
                0x00000000c0016e48                FAT::read(void*, unsigned long, void*, int*)
                0x00000000c0016ea8                FAT::write(void*, unsigned long, void*, int*)
                0x00000000c0016f08                FAT::close(void*)
                0x00000000c0016f5c                FAT::closeDir(void*)
                0x00000000c0016fb0                FAT::seek(void*, unsigned long long)
                0x00000000c0017008                fatWrapperReadDisk
                0x00000000c001704c                fatWrapperWriteDisk
                0x00000000c0017090                fatWrapperIoctl
                0x00000000c00171ac                FAT::FAT()
                0x00000000c00171ac                FAT::FAT()
                0x00000000c0017200                FAT::fixFilepath(char*)
                0x00000000c001723c                FAT::open(char const*, void**, FileOpenMode)
                0x00000000c0017374                FAT::openDir(char const*, void**)
                0x00000000c0017424                FAT::stat(char const*, unsigned long long*, bool*)
                0x00000000c001751c                FAT::unlink(char const*)
                0x00000000c001759c                FAT::chfatattr(char const*, unsigned char, unsigned char)
                0x00000000c0017728                FAT::rename(char const*, char const*)
                0x00000000c00177f4                FAT::mkdir(char const*)
                0x00000000c0017874                FAT::exists(char const*)
 *fill*         0x00000000c00178e3        0x1 
 .text          0x00000000c00178e4       0xc6 fs/iso9660/helper.32
                0x00000000c00178e4                isoReadDiscSectorHelper
                0x00000000c0017940                iso_kprintf
                0x00000000c0017960                iso_kprintfd
 .text          0x00000000c00179aa      0x586 fs/iso9660/vfslink.32
                0x00000000c00179aa                ISO9660::format(LogicalDisk*, int, char const*, int)
                0x00000000c00179b0                ISO9660::getName()
                0x00000000c00179b6                ISO9660::closeDir(void*)
                0x00000000c00179c0                ISO9660::chfatattr(char const*, unsigned char, unsigned char)
                0x00000000c00179c6                ISO9660::unlink(char const*)
                0x00000000c00179cc                ISO9660::write(void*, unsigned long, void*, int*)
                0x00000000c00179d2                ISO9660::rename(char const*, char const*)
                0x00000000c00179d8                ISO9660::mkdir(char const*)
                0x00000000c00179de                ISO9660::~ISO9660()
                0x00000000c00179de                ISO9660::~ISO9660()
                0x00000000c0017a02                ISO9660::~ISO9660()
                0x00000000c0017a2a                ISO9660::exists(char const*)
                0x00000000c0017a3e                ISO9660::open(char const*, void**, FileOpenMode)
                0x00000000c0017ade                ISO9660::openDir(char const*, void**)
                0x00000000c0017b6e                ISO9660::read(void*, unsigned long, void*, int*)
                0x00000000c0017bae                ISO9660::seek(void*, unsigned long long)
                0x00000000c0017be6                ISO9660::tell(void*, unsigned long long*)
                0x00000000c0017c1c                ISO9660::stat(void*, unsigned long long*)
                0x00000000c0017c56                ISO9660::stat(char const*, unsigned long long*, bool*)
                0x00000000c0017d28                ISO9660::close(void*)
                0x00000000c0017d4e                ISO9660::readDir(void*, unsigned long, void*, int*)
                0x00000000c0017e1b                readSectorFromCDROM(unsigned int, unsigned char*, char)
                0x00000000c0017e96                ISO9660::tryMount(LogicalDisk*, int)
                0x00000000c0017f08                ISO9660::ISO9660()
                0x00000000c0017f08                ISO9660::ISO9660()
 .text          0x00000000c0017f30      0x26c hal/sound/sndcard.32
                0x00000000c0017f30                SoundCard::beginPlayback()
                0x00000000c0017f3e                SoundCard::stopPlayback()
                0x00000000c0017f4c                SoundCard::SoundCard(char const*)
                0x00000000c0017f4c                SoundCard::SoundCard(char const*)
                0x00000000c0017fea                SoundCard::~SoundCard()
                0x00000000c0017fea                SoundCard::~SoundCard()
                0x00000000c001800e                SoundCard::~SoundCard()
                0x00000000c0018038                SoundCard::configureRates(int, int, int)
                0x00000000c0018068                SoundCard::getSamples16(int, short*)
                0x00000000c00180c4                SoundCard::getSamples32(int, int*)
                0x00000000c001814a                SoundCard::addChannel(SoundPort*)
                0x00000000c0018188                SoundCard::removeChannel(int)
 .text          0x00000000c001819c      0x377 hal/sound/sndport.32
                0x00000000c001819c                SoundPort::SoundPort(int, int, int, int)
                0x00000000c001819c                SoundPort::SoundPort(int, int, int, int)
                0x00000000c0018228                SoundPort::~SoundPort()
                0x00000000c0018228                SoundPort::~SoundPort()
                0x00000000c001825c                SoundPort::unpause()
                0x00000000c0018268                SoundPort::pause()
                0x00000000c0018274                SoundPort::getBufferUsed()
                0x00000000c001827c                SoundPort::getBufferSize()
                0x00000000c0018284                SoundPort::buffer16(short*, int)
                0x00000000c0018310                SoundPort::buffer32(int*, int)
                0x00000000c0018398                SoundPort::unbufferAndAdd16(int, short*, SoundCard*)
                0x00000000c001845c                SoundPort::unbufferAndAdd32(int, int*, SoundCard*)
 .text          0x00000000c0018513        0x0 hw/bus/isa.32
 *fill*         0x00000000c0018513        0x1 
 .text          0x00000000c0018514      0xb49 hw/bus/pci.32
                0x00000000c0018514                PCI::open(int, int, void*)
                0x00000000c0018532                PCI::close(int, int, void*)
                0x00000000c0018536                PCI::PCI()
                0x00000000c0018536                PCI::PCI()
                0x00000000c00185d0                PCI::readBAR8(unsigned int, int)
                0x00000000c00185ec                PCI::readBAR16(unsigned int, int)
                0x00000000c001860a                PCI::readBAR32(unsigned int, int)
                0x00000000c0018626                PCI::writeBAR8(unsigned int, unsigned char, int)
                0x00000000c0018646                PCI::writeBAR16(unsigned int, unsigned short, int)
                0x00000000c0018668                PCI::writeBAR32(unsigned int, unsigned int, int)
                0x00000000c0018688                PCI::legacyMechanism(unsigned char, unsigned char, unsigned char, unsigned char)
                0x00000000c00186f6                PCI::pciReadWord(unsigned char, unsigned char, unsigned char, unsigned char)
                0x00000000c001879e                PCI::getVendorID(unsigned char, unsigned char, unsigned char)
                0x00000000c00187c2                PCI::getHeaderType(unsigned char, unsigned char, unsigned char)
                0x00000000c00187ea                PCI::getClassCode(unsigned char, unsigned char, unsigned char)
                0x00000000c0018834                PCI::getProgIF(unsigned char, unsigned char, unsigned char)
                0x00000000c001885c                PCI::getRevisionID(unsigned char, unsigned char, unsigned char)
                0x00000000c0018880                PCI::getInterruptNumber(unsigned char, unsigned char, unsigned char)
                0x00000000c00188a4                PCI::getSecondaryBus(unsigned char, unsigned char, unsigned char)
                0x00000000c00188cc                PCI::getBARAddress(unsigned char, unsigned char, unsigned char, unsigned char)
                0x00000000c0018930                PCI::pciWriteWord(unsigned char, unsigned char, unsigned char, unsigned char, unsigned short)
                0x00000000c0018a18                PCI::pciDetailsToFilepath(PCIDeviceInfo, char*)
                0x00000000c0018c92                PCI::checkBus(unsigned char)
                0x00000000c0018cb8                PCI::foundDevice(PCIDeviceInfo)
                0x00000000c0018e2a                PCI::getDeviceData(unsigned char, unsigned char, unsigned char)
                0x00000000c0018f9e                PCI::checkDevice(unsigned char, unsigned char)
                0x00000000c001900a                PCI::detect()
 *fill*         0x00000000c001905d        0x1 
 .text          0x00000000c001905e      0xb5a hw/diskctrl/ide.32
                0x00000000c001905e                IDE::close(int, int, void*)
                0x00000000c0019062                IDE::IDE()
                0x00000000c0019062                IDE::IDE()
                0x00000000c0019096                IDE::prepareInterrupt(unsigned char)
                0x00000000c00190a8                selectDrive(unsigned char, unsigned char)
                0x00000000c00190aa                IDE::getBase(unsigned char)
                0x00000000c00190bc                IDE::write(unsigned char, unsigned char, unsigned char)
                0x00000000c001917c                IDE::read(unsigned char, unsigned char)
                0x00000000c001922a                IDE::waitInterrupt(unsigned char)
                0x00000000c0019292                ideChannel0IRQHandler(regs*, void*)
                0x00000000c00192ae                ideChannel1IRQHandler(regs*, void*)
                0x00000000c00192ca                IDE::enableIRQs(unsigned char, bool)
                0x00000000c0019310                IDE::open(int, int, void*)
                0x00000000c001971e                IDE::readBuffer(unsigned char, unsigned char, unsigned int, unsigned int)
                0x00000000c00197ea                IDE::detect()
                0x00000000c0019aaa                IDE::printError(unsigned char, unsigned char, unsigned char)
                0x00000000c0019b5a                IDE::polling(unsigned char, unsigned int)
 .text          0x00000000c0019bb8      0x32a hw/diskctrl/satabus.32
                0x00000000c0019bb8                SATABus::close(int, int, void*)
                0x00000000c0019bbc                SATABus::detect()
                0x00000000c0019bbe                SATABus::SATABus()
                0x00000000c0019bbe                SATABus::SATABus()
                0x00000000c0019c44                SATABus::findCmdslot(SATABus::tagHBA_PORT volatile*)
                0x00000000c0019c76                SATABus::checkType(SATABus::tagHBA_PORT volatile*)
                0x00000000c0019cbe                SATABus::startCmd(SATABus::tagHBA_PORT volatile*)
                0x00000000c0019cde                SATABus::stopCmd(SATABus::tagHBA_PORT volatile*)
                0x00000000c0019d08                SATABus::portRebase(SATABus::tagHBA_PORT volatile*, int)
                0x00000000c0019e18                SATABus::probePort(SATABus::tagHBA_MEM volatile*)
                0x00000000c0019ec2                SATABus::open(int, int, void*)
 .text          0x00000000c0019ee2      0x5f4 hw/diskphys/ata.32
                0x00000000c0019ee2                ATA::close(int, int, void*)
                0x00000000c0019f06                ATA::powerSaving(PowerSavingLevel)
                0x00000000c0019f08                ATA::ATA()
                0x00000000c0019f08                ATA::ATA()
                0x00000000c0019f36                ATA::flush(bool)
                0x00000000c0019f80                ATA::readyForCommand()
                0x00000000c0019fcc                ATA::access(unsigned long long, int, void*, bool)
                0x00000000c001a348                ATA::read(unsigned long long, int, void*)
                0x00000000c001a394                ATA::write(unsigned long long, int, void*)
                0x00000000c001a3e0                ATA::detectCHS()
                0x00000000c001a40a                ATA::open(int, int, void*)
 .text          0x00000000c001a4d6      0x60e hw/diskphys/atapi.32
                0x00000000c001a4d6                ATAPI::write(unsigned long long, int, void*)
                0x00000000c001a4dc                ATAPI::close(int, int, void*)
                0x00000000c001a500                ATAPI::ATAPI()
                0x00000000c001a500                ATAPI::ATAPI()
                0x00000000c001a52e                ATAPI::readyForCommand()
                0x00000000c001a580                ATAPI::sendPacket(unsigned char*, int, bool, unsigned short*, int)
                0x00000000c001a840                ATAPI::diskRemoved()
                0x00000000c001a87a                ATAPI::eject()
                0x00000000c001a8c2                ATAPI::diskInserted()
                0x00000000c001a8ce                ATAPI::detectMedia()
                0x00000000c001a98a                ATAPI::open(int, int, void*)
                0x00000000c001aa6a                ATAPI::read(unsigned long long, int, void*)
 .text          0x00000000c001aae4      0x402 hw/diskphys/sata.32
                0x00000000c001aae4                SATA::close(int, int, void*)
                0x00000000c001ab08                SATA::powerSaving(PowerSavingLevel)
                0x00000000c001ab0a                SATA::open(int, int, void*)
                0x00000000c001abb4                SATA::SATA()
                0x00000000c001abb4                SATA::SATA()
                0x00000000c001abe2                SATA::access(unsigned long long, int, void*, bool)
                0x00000000c001ae2e                SATA::read(unsigned long long, int, void*)
                0x00000000c001ae7a                SATA::write(unsigned long long, int, void*)
 .text          0x00000000c001aee6      0x5af hw/diskphys/satapi.32
                0x00000000c001aee6                SATAPI::write(unsigned long long, int, void*)
                0x00000000c001aeec                SATAPI::close(int, int, void*)
                0x00000000c001af10                SATAPI::SATAPI()
                0x00000000c001af10                SATAPI::SATAPI()
                0x00000000c001af3e                SATAPI::diskRemoved()
                0x00000000c001af40                SATAPI::diskInserted()
                0x00000000c001af5c                SATAPI::sendPacket(unsigned char*, int, unsigned long long, unsigned short*, int)
                0x00000000c001b23c                SATAPI::eject()
                0x00000000c001b278                SATAPI::detectMedia()
                0x00000000c001b29e                SATAPI::open(int, int, void*)
                0x00000000c001b39e                SATAPI::read(unsigned long long, int, void*)
 *fill*         0x00000000c001b495        0x1 
 .text          0x00000000c001b496      0x455 hw/intctrl/apic.32
                0x00000000c001b496                IOAPIC::close(int, int, void*)
                0x00000000c001b49c                apicGetBase()
                0x00000000c001b4de                IOAPIC::IOAPIC()
                0x00000000c001b4de                IOAPIC::IOAPIC()
                0x00000000c001b506                apicOpen()
                0x00000000c001b66c                IOAPIC::handlesGSIWithNumber(unsigned int)
                0x00000000c001b69e                IOAPIC::read(int)
                0x00000000c001b6c6                IOAPIC::open(int, int, void*)
                0x00000000c001b7ba                IOAPIC::write(int, int)
                0x00000000c001b7e6                IOAPIC::redirect(unsigned char, unsigned long long, unsigned char, bool, bool)
 *fill*         0x00000000c001b8eb        0x1 
 .text          0x00000000c001b8ec       0xf0 hw/timer/apictimer.32
                0x00000000c001b8ec                APICTimer::close(int, int, void*)
                0x00000000c001b8f4                apicTimerHandler(regs*, void*)
                0x00000000c001b91c                APICTimer::open(int, int, void*)
                0x00000000c001b98c                APICTimer::write(int)
                0x00000000c001b9b4                APICTimer::APICTimer()
                0x00000000c001b9b4                APICTimer::APICTimer()
 .text          0x00000000c001b9dc      0x1aa hw/timer/pit.32
                0x00000000c001b9dc                PIT::write(int)
                0x00000000c001ba60                pitHandler(regs*, void*)
                0x00000000c001ba84                PIT::open(int, int, void*)
                0x00000000c001bad4                PIT::close(int, int, void*)
                0x00000000c001bb04                PIT::PIT()
                0x00000000c001bb04                PIT::PIT()
 *fill*         0x00000000c001bb86        0xa 
 .text          0x00000000c001bb90       0x83 arch/i386/avx.32
                0x00000000c001bb90                avxDetect
                0x00000000c001bbba                avxSave
                0x00000000c001bbcb                avxLoad
                0x00000000c001bbdc                avxInit
                0x00000000c001bbfe                avxClose
                0x00000000c001bbff                wouldSheSayYes
 *fill*         0x00000000c001bc13        0xd 
 .text          0x00000000c001bc20      0x231 arch/i386/interrupt.32
                0x00000000c001bc20                isr0
                0x00000000c001bc30                isr1
                0x00000000c001bc3a                isr2
                0x00000000c001bc44                isr3
                0x00000000c001bc4e                isr4
                0x00000000c001bc58                isr5
                0x00000000c001bc62                isr6
                0x00000000c001bc6c                isr7
                0x00000000c001bc76                isr8
                0x00000000c001bc7e                isr9
                0x00000000c001bc88                isr10
                0x00000000c001bc90                isr11
                0x00000000c001bc98                isr12
                0x00000000c001bca0                isr13
                0x00000000c001bca8                isr14
                0x00000000c001bcb0                isr15
                0x00000000c001bcba                isr16
                0x00000000c001bcc4                isr17
                0x00000000c001bcce                isr18
                0x00000000c001bcd8                irq3
                0x00000000c001bce2                irq4
                0x00000000c001bcec                irq5
                0x00000000c001bcf6                irq6
                0x00000000c001bd00                irq7
                0x00000000c001bd0a                irq8
                0x00000000c001bd14                irq9
                0x00000000c001bd1e                irq10
                0x00000000c001bd28                irq11
                0x00000000c001bd32                irq12
                0x00000000c001bd3c                irq13
                0x00000000c001bd46                irq14
                0x00000000c001bd50                irq15
                0x00000000c001bd5a                irq1
                0x00000000c001bd61                irq2
                0x00000000c001bd68                isr96
                0x00000000c001bd6f                irq0
                0x00000000c001bd74                int_common_stub
                0x00000000c001bda6                syscall_common_stub
                0x00000000c001be01                irq16
                0x00000000c001be0b                irq17
                0x00000000c001be15                irq18
                0x00000000c001be1f                irq19
                0x00000000c001be29                irq20
                0x00000000c001be33                irq21
                0x00000000c001be3d                irq22
                0x00000000c001be47                irq23
 *fill*         0x00000000c001be51        0xf 
 .text          0x00000000c001be60       0x10 arch/i386/rdrand.32
                0x00000000c001be60                i386GetRDRAND
 .text          0x00000000c001be70       0x39 arch/i386/sse.32
                0x00000000c001be70                absolutelyNoChanceInHell
                0x00000000c001be70                sseDetect
                0x00000000c001be88                sseSave
                0x00000000c001be90                sseLoad
                0x00000000c001be98                sseInit
                0x00000000c001bea8                sseClose
 *fill*         0x00000000c001bea9        0x7 
 .text          0x00000000c001beb0       0x49 arch/i386/x87.32
                0x00000000c001beb6                x87Detect
                0x00000000c001bed1                x87Save
                0x00000000c001bed8                x87Load
                0x00000000c001bedf                x87Init
                0x00000000c001bef8                x87Close
 *fill*         0x00000000c001bef9        0x3 
 .text          0x00000000c001befc       0x25 /cygdrive/d/Users/Alex/Desktop/Toolchain/Output/bin/../lib/gcc/i386-banana/8.1.0/crtend.o
 .text          0x00000000c001bf21        0x0 crtn.32
 *fill*         0x00000000c001bf21        0x3 
 .text          0x00000000c001bf24      0x14b /cygdrive/d/Users/Alex/Desktop/Toolchain/Output/bin/../lib/gcc/i386-banana/8.1.0/libkgcc.a(_divdi3.o)
                0x00000000c001bf24                __divdi3
 *fill*         0x00000000c001c06f        0x1 
 .text          0x00000000c001c070      0x17e /cygdrive/d/Users/Alex/Desktop/Toolchain/Output/bin/../lib/gcc/i386-banana/8.1.0/libkgcc.a(_moddi3.o)
                0x00000000c001c070                __moddi3
 *fill*         0x00000000c001c1ee        0x2 
 .text          0x00000000c001c1f0       0xff /cygdrive/d/Users/Alex/Desktop/Toolchain/Output/bin/../lib/gcc/i386-banana/8.1.0/libkgcc.a(_udivdi3.o)
                0x00000000c001c1f0                __udivdi3
 *fill*         0x00000000c001c2ef        0x1 
 .text          0x00000000c001c2f0      0x11a /cygdrive/d/Users/Alex/Desktop/Toolchain/Output/bin/../lib/gcc/i386-banana/8.1.0/libkgcc.a(_umoddi3.o)
                0x00000000c001c2f0                __umoddi3
 *(.gnu.linkonce.t*)

.iplt           0x00000000c001c410        0x0
 .iplt          0x00000000c001c410        0x0 D:/Users/Alex/Desktop/Banana/kernel/boot.32

.init           0x00000000c001c40a        0xf
 .init          0x00000000c001c40a        0x3 crti.32
                0x00000000c001c40a                _init
 .init          0x00000000c001c40d        0x5 /cygdrive/d/Users/Alex/Desktop/Toolchain/Output/bin/../lib/gcc/i386-banana/8.1.0/crtbegin.o
 .init          0x00000000c001c412        0x5 /cygdrive/d/Users/Alex/Desktop/Toolchain/Output/bin/../lib/gcc/i386-banana/8.1.0/crtend.o
 .init          0x00000000c001c417        0x2 crtn.32

.fini           0x00000000c001c419        0xa
 .fini          0x00000000c001c419        0x3 crti.32
                0x00000000c001c419                _fini
 .fini          0x00000000c001c41c        0x5 /cygdrive/d/Users/Alex/Desktop/Toolchain/Output/bin/../lib/gcc/i386-banana/8.1.0/crtbegin.o
 .fini          0x00000000c001c421        0x2 crtn.32

.text._ZN8ComputerD2Ev
                0x00000000c001c424       0x23
 .text._ZN8ComputerD2Ev
                0x00000000c001c424       0x23 core/computer.32
                0x00000000c001c424                Computer::~Computer()
                0x00000000c001c424                Computer::~Computer()

.text._ZN8ComputerD0Ev
                0x00000000c001c448       0x2a
 .text._ZN8ComputerD0Ev
                0x00000000c001c448       0x2a core/computer.32
                0x00000000c001c448                Computer::~Computer()

.text._Z10idleCommonv
                0x00000000c001c472       0x21
 .text._Z10idleCommonv
                0x00000000c001c472       0x21 core/idle.32
                0x00000000c001c472                idleCommon()

.text._ZN10LinkedListI8UnixFileED2Ev
                0x00000000c001c494        0x2
 .text._ZN10LinkedListI8UnixFileED2Ev
                0x00000000c001c494        0x2 core/unixfile.32
                0x00000000c001c494                LinkedList<UnixFile>::~LinkedList()
                0x00000000c001c494                LinkedList<UnixFile>::~LinkedList()

.text._ZN10LinkedListI8UnixFileEC2Ev
                0x00000000c001c496       0x42
 .text._ZN10LinkedListI8UnixFileEC2Ev
                0x00000000c001c496       0x42 core/unixfile.32
                0x00000000c001c496                LinkedList<UnixFile>::LinkedList()
                0x00000000c001c496                LinkedList<UnixFile>::LinkedList()

.text._ZN10LinkedListI8UnixFileE10addElementEPS0_
                0x00000000c001c4d8       0xd3
 .text._ZN10LinkedListI8UnixFileE10addElementEPS0_
                0x00000000c001c4d8       0xd3 core/unixfile.32
                0x00000000c001c4d8                LinkedList<UnixFile>::addElement(UnixFile*)

.text._ZN10LinkedListI8UnixFileE15getFirstElementEv
                0x00000000c001c5ac        0x7
 .text._ZN10LinkedListI8UnixFileE15getFirstElementEv
                0x00000000c001c5ac        0x7 core/unixfile.32
                0x00000000c001c5ac                LinkedList<UnixFile>::getFirstElement()

.text._ZN10LinkedListI8UnixFileE11removeFirstEv
                0x00000000c001c5b4       0xa1
 .text._ZN10LinkedListI8UnixFileE11removeFirstEv
                0x00000000c001c5b4       0xa1 core/unixfile.32
                0x00000000c001c5b4                LinkedList<UnixFile>::removeFirst()

.text._ZN10LinkedListI8UnixFileE7getNextEPS0_
                0x00000000c001c656        0x8
 .text._ZN10LinkedListI8UnixFileE7getNextEPS0_
                0x00000000c001c656        0x8 core/unixfile.32
                0x00000000c001c656                LinkedList<UnixFile>::getNext(UnixFile*)

.text._ZN16DriverlessDeviceD2Ev
                0x00000000c001c65e       0x1a
 .text._ZN16DriverlessDeviceD2Ev
                0x00000000c001c65e       0x1a hal/device.32
                0x00000000c001c65e                DriverlessDevice::~DriverlessDevice()
                0x00000000c001c65e                DriverlessDevice::~DriverlessDevice()

.text._ZN16DriverlessDeviceD0Ev
                0x00000000c001c678       0x2a
 .text._ZN16DriverlessDeviceD0Ev
                0x00000000c001c678       0x2a hal/device.32
                0x00000000c001c678                DriverlessDevice::~DriverlessDevice()

.text._ZN10LinkedListI6DeviceE10addElementEPS0_
                0x00000000c001c6a2       0xdc
 .text._ZN10LinkedListI6DeviceE10addElementEPS0_
                0x00000000c001c6a2       0xdc hal/device.32
                0x00000000c001c6a2                LinkedList<Device>::addElement(Device*)

.text._ZN10LinkedListI6DeviceEC2Ev
                0x00000000c001c77e       0x42
 .text._ZN10LinkedListI6DeviceEC2Ev
                0x00000000c001c77e       0x42 hal/device.32
                0x00000000c001c77e                LinkedList<Device>::LinkedList()
                0x00000000c001c77e                LinkedList<Device>::LinkedList()

.text._ZN10LinkedListIV18ThreadControlBlockE7isEmptyEv
                0x00000000c001c7c0       0x1c
 .text._ZN10LinkedListIV18ThreadControlBlockE7isEmptyEv
                0x00000000c001c7c0       0x1c hal/timer.32
                0x00000000c001c7c0                LinkedList<ThreadControlBlock volatile>::isEmpty()

.text._ZN10LinkedListIV18ThreadControlBlockE15getFirstElementEv
                0x00000000c001c7dc        0x7
 .text._ZN10LinkedListIV18ThreadControlBlockE15getFirstElementEv
                0x00000000c001c7dc        0x7 hal/timer.32
                0x00000000c001c7dc                LinkedList<ThreadControlBlock volatile>::getFirstElement()
